[0.008s][debug][gc,heap] Minimum heap 134217728  Initial heap 134217728  Maximum heap 268435456
[0.009s][info ][gc     ] Using G1
[0.009s][debug][gc,heap,coops] Heap address: 0x00000000f0000000, size: 256 MB, Compressed Oops mode: 32-bit
[0.009s][debug][gc           ] ConcGCThreads: 3 offset 29
[0.009s][debug][gc           ] ParallelGCThreads: 13
[0.010s][debug][gc           ] Initialize mark stack with 4096 chunks, maximum 524288
[0.010s][debug][gc,ergo,heap ] Expand the heap. requested expansion amount: 134217728B expansion amount: 134217728B
[0.012s][debug][gc,heap,region] Activate regions [0, 128)
[0.012s][debug][gc,ihop       ] Target occupancy update: old: 0B, new: 134217728B
[0.012s][debug][gc,ergo,refine] Initial Refinement Zones: green: 3328, yellow: 9984, red: 16640, min yellow size: 6656
[0.012s][debug][gc,task       ] G1 Service Thread (Remembered Set Sampling Task) (register)
[0.012s][debug][gc,task       ] G1 Service Thread (Periodic GC Task) (register)
[0.012s][info ][gc,init       ] Version: 17.0.11+1-LTS (release)
[0.012s][info ][gc,init       ] CPUs: 16 total, 16 available
[0.012s][info ][gc,init       ] Memory: 53303M
[0.012s][info ][gc,init       ] Large Page Support: Disabled
[0.012s][info ][gc,init       ] NUMA Support: Disabled
[0.012s][info ][gc,init       ] Compressed Oops: Enabled (32-bit)
[0.012s][info ][gc,init       ] Heap Region Size: 1M
[0.012s][info ][gc,init       ] Heap Min Capacity: 128M
[0.012s][info ][gc,init       ] Heap Initial Capacity: 128M
[0.012s][info ][gc,init       ] Heap Max Capacity: 256M
[0.012s][info ][gc,init       ] Pre-touch: Disabled
[0.012s][info ][gc,init       ] Parallel Workers: 13
[0.012s][info ][gc,init       ] Concurrent Workers: 3
[0.012s][info ][gc,init       ] Concurrent Refinement Workers: 13
[0.012s][info ][gc,init       ] Periodic GC: Disabled
[0.021s][debug][gc,heap,region] Activate regions [255, 256)
[0.021s][debug][gc,ergo,heap  ] Attempt heap expansion (allocate archive regions). Total size: 1048576B
[0.021s][debug][gc,heap,region] Activate regions [254, 255)
[0.021s][debug][gc,ergo,heap  ] Attempt heap expansion (allocate archive regions). Total size: 1048576B
[0.021s][info ][gc,metaspace  ] CDS archive(s) mapped at: [0x00007fc9f7000000-0x00007fc9f7bbb000-0x00007fc9f7bbb000), size 12300288, SharedBaseAddress: 0x00007fc9f7000000, ArchiveRelocationMode: 1.
[0.021s][info ][gc,metaspace  ] Compressed class space mapped at: 0x00007fc9f8000000-0x00007fca38000000, reserved size: 1073741824
[0.021s][info ][gc,metaspace  ] Narrow klass base: 0x00007fc9f7000000, Narrow klass shift: 0, Narrow klass range: 0x100000000
[0.032s][debug][gc,task,start ] G1 Service Thread (Remembered Set Sampling Task) (run)
[0.032s][debug][gc,task       ] G1 Service Thread (Remembered Set Sampling Task) (run) 0.041ms (cpu: 0.000ms)
[0.032s][debug][gc,task,start ] G1 Service Thread (Periodic GC Task) (run)
[0.032s][debug][gc,task       ] G1 Service Thread (Periodic GC Task) (run) 0.004ms (cpu: 0.000ms)
[0.064s][debug][gc,task       ] GC(0) Requesting 3 active workers for full compaction (waste limited workers: 12, adaptive workers: 3, used limited workers: 56)
[0.065s][info ][gc,task       ] GC(0) Using 3 workers of 13 for full compaction
[0.065s][info ][gc,start      ] GC(0) Pause Full (System.gc())
[0.065s][debug][gc,heap       ] GC(0) Heap before GC invocations=0 (full 0):
[0.065s][debug][gc,heap       ] GC(0)  garbage-first heap   total 133120K, used 54192K [0x00000000f0000000, 0x0000000100000000)
[0.065s][debug][gc,heap       ] GC(0)   region size 1024K, 3 young (3072K), 0 survivors (0K)
[0.065s][debug][gc,heap       ] GC(0)  Metaspace       used 127K, committed 320K, reserved 1114112K
[0.065s][debug][gc,heap       ] GC(0)   class space    used 5K, committed 128K, reserved 1048576K
[0.065s][debug][gc,tlab       ] GC(0) TLAB totals: thrds: 7  refills: 8 max: 2 slow allocs: 44 max 22 waste: 37.7% gc: 464824B max: 125808B slow: 952B max: 952B
[0.065s][debug][gc,alloc,region] GC(0) Mutator Allocation stats, regions: 3, wasted size: 5024B ( 0.2%)
[0.065s][info ][gc,phases,start] GC(0) Phase 1: Mark live objects
[0.066s][debug][gc,phases,start] GC(0) Phase 1: Reference Processing
[0.066s][debug][gc,ref         ] GC(0) Skipped phase 1 of Reference Processing: no references
[0.066s][debug][gc,ref         ] GC(0) ReferenceProcessor::execute queues: 1, RefProcThreadModel::Single, marks_oops_alive: false
[0.066s][debug][gc,ref         ] GC(0) Skipped phase 3 of Reference Processing: no references
[0.066s][debug][gc,ref         ] GC(0) ReferenceProcessor::execute queues: 1, RefProcThreadModel::Single, marks_oops_alive: false
[0.066s][debug][gc,phases,ref  ] GC(0) Reference Processing: 0.1ms
[0.066s][debug][gc,phases,ref  ] GC(0)   Reconsider SoftReferences: 0.0ms
[0.066s][debug][gc,phases,ref  ] GC(0)     SoftRef (ms):                  skipped
[0.066s][debug][gc,phases,ref  ] GC(0)   Notify Soft/WeakReferences: 0.1ms
[0.066s][debug][gc,phases,ref  ] GC(0)     SoftRef (ms):                  Min:  0.0, Avg:  0.0, Max:  0.0, Diff:  0.0, Sum:  0.0, Workers: 13
[0.066s][debug][gc,phases,ref  ] GC(0)     WeakRef (ms):                  Min:  0.0, Avg:  0.0, Max:  0.0, Diff:  0.0, Sum:  0.0, Workers: 13
[0.066s][debug][gc,phases,ref  ] GC(0)     FinalRef (ms):                 Min:  0.0, Avg:  0.0, Max:  0.0, Diff:  0.0, Sum:  0.0, Workers: 13
[0.066s][debug][gc,phases,ref  ] GC(0)     Total (ms):                    Min:  0.0, Avg:  0.0, Max:  0.0, Diff:  0.0, Sum:  0.0, Workers: 13
[0.066s][debug][gc,phases,ref  ] GC(0)   Notify and keep alive finalizable: 0.0ms
[0.066s][debug][gc,phases,ref  ] GC(0)     FinalRef (ms):                 skipped
[0.066s][debug][gc,phases,ref  ] GC(0)   Notify PhantomReferences: 0.0ms
[0.066s][debug][gc,phases,ref  ] GC(0)     PhantomRef (ms):               Min:  0.0, Avg:  0.0, Max:  0.0, Diff:  0.0, Sum:  0.0, Workers: 13
[0.066s][debug][gc,phases,ref  ] GC(0)   SoftReference:
[0.066s][debug][gc,phases,ref  ] GC(0)     Discovered: 0
[0.066s][debug][gc,phases,ref  ] GC(0)     Cleared: 0
[0.066s][debug][gc,phases,ref  ] GC(0)   WeakReference:
[0.066s][debug][gc,phases,ref  ] GC(0)     Discovered: 16
[0.066s][debug][gc,phases,ref  ] GC(0)     Cleared: 8
[0.066s][debug][gc,phases,ref  ] GC(0)   FinalReference:
[0.066s][debug][gc,phases,ref  ] GC(0)     Discovered: 0
[0.066s][debug][gc,phases,ref  ] GC(0)     Cleared: 0
[0.066s][debug][gc,phases,ref  ] GC(0)   PhantomReference:
[0.066s][debug][gc,phases,ref  ] GC(0)     Discovered: 2
[0.066s][debug][gc,phases,ref  ] GC(0)     Cleared: 1
[0.066s][debug][gc,phases      ] GC(0) Phase 1: Reference Processing 0.239ms
[0.066s][debug][gc,phases,start] GC(0) Phase 1: Weak Processing
[0.066s][debug][gc,phases      ] GC(0)   VM Weak                        Min:  0.0, Avg:  0.0, Max:  0.0, Diff:  0.0, Sum:  0.0, Workers: 1
[0.066s][debug][gc,phases      ] GC(0)     Dead                           Min: 0, Avg:  0.0, Max: 0, Diff: 0, Sum: 0, Workers: 1
[0.066s][debug][gc,phases      ] GC(0)     Total                          Min: 4, Avg:  4.0, Max: 4, Diff: 0, Sum: 4, Workers: 1
[0.066s][debug][gc,phases      ] GC(0)   ObjectSynchronizer Weak        Min:  0.0, Avg:  0.0, Max:  0.0, Diff:  0.0, Sum:  0.0, Workers: 1
[0.066s][debug][gc,phases      ] GC(0)     Dead                           Min: 0, Avg:  0.0, Max: 0, Diff: 0, Sum: 0, Workers: 1
[0.066s][debug][gc,phases      ] GC(0)     Total                          Min: 3, Avg:  3.0, Max: 3, Diff: 0, Sum: 3, Workers: 1
[0.066s][debug][gc,phases      ] GC(0)   JVMTI Tag Weak OopStorage      Min:  0.0, Avg:  0.0, Max:  0.0, Diff:  0.0, Sum:  0.0, Workers: 1
[0.066s][debug][gc,phases      ] GC(0)     Dead                           Min: 0, Avg:  0.0, Max: 0, Diff: 0, Sum: 0, Workers: 1
[0.066s][debug][gc,phases      ] GC(0)     Total                          Min: 0, Avg:  0.0, Max: 0, Diff: 0, Sum: 0, Workers: 1
[0.066s][debug][gc,phases      ] GC(0)   StringTable Weak               Min:  0.0, Avg:  0.0, Max:  0.0, Diff:  0.0, Sum:  0.0, Workers: 1
[0.066s][debug][gc,phases      ] GC(0)     Dead                           Min: 1, Avg:  1.0, Max: 1, Diff: 0, Sum: 1, Workers: 1
[0.066s][debug][gc,phases      ] GC(0)     Total                          Min: 39, Avg: 39.0, Max: 39, Diff: 0, Sum: 39, Workers: 1
[0.066s][debug][gc,phases      ] GC(0)   ResolvedMethodTable Weak       Min:  0.0, Avg:  0.0, Max:  0.0, Diff:  0.0, Sum:  0.0, Workers: 1
[0.066s][debug][gc,phases      ] GC(0)     Dead                           Min: 0, Avg:  0.0, Max: 0, Diff: 0, Sum: 0, Workers: 1
[0.066s][debug][gc,phases      ] GC(0)     Total                          Min: 22, Avg: 22.0, Max: 22, Diff: 0, Sum: 22, Workers: 1
[0.066s][debug][gc,phases      ] GC(0)   JNI Weak                       Min:  0.0, Avg:  0.0, Max:  0.0, Diff:  0.0, Sum:  0.0, Workers: 1
[0.066s][debug][gc,phases      ] GC(0)     Dead                           Min: 0, Avg:  0.0, Max: 0, Diff: 0, Sum: 0, Workers: 1
[0.066s][debug][gc,phases      ] GC(0)     Total                          Min: 0, Avg:  0.0, Max: 0, Diff: 0, Sum: 0, Workers: 1
[0.066s][debug][gc,phases      ] GC(0)   StringDedup Table Weak         Min:  0.0, Avg:  0.0, Max:  0.0, Diff:  0.0, Sum:  0.0, Workers: 1
[0.066s][debug][gc,phases      ] GC(0)     Dead                           Min: 0, Avg:  0.0, Max: 0, Diff: 0, Sum: 0, Workers: 1
[0.066s][debug][gc,phases      ] GC(0)     Total                          Min: 0, Avg:  0.0, Max: 0, Diff: 0, Sum: 0, Workers: 1
[0.066s][debug][gc,phases      ] GC(0)   StringDedup Requests0 Weak     Min:  0.0, Avg:  0.0, Max:  0.0, Diff:  0.0, Sum:  0.0, Workers: 1
[0.066s][debug][gc,phases      ] GC(0)     Dead                           Min: 0, Avg:  0.0, Max: 0, Diff: 0, Sum: 0, Workers: 1
[0.066s][debug][gc,phases      ] GC(0)     Total                          Min: 0, Avg:  0.0, Max: 0, Diff: 0, Sum: 0, Workers: 1
[0.066s][debug][gc,phases      ] GC(0)   StringDedup Requests1 Weak     Min:  0.0, Avg:  0.0, Max:  0.0, Diff:  0.0, Sum:  0.0, Workers: 1
[0.066s][debug][gc,phases      ] GC(0)     Dead                           Min: 0, Avg:  0.0, Max: 0, Diff: 0, Sum: 0, Workers: 1
[0.066s][debug][gc,phases      ] GC(0)     Total                          Min: 0, Avg:  0.0, Max: 0, Diff: 0, Sum: 0, Workers: 1
[0.066s][debug][gc,phases      ] GC(0)   Weak JFR Old Object Samples    Min:  0.0, Avg:  0.0, Max:  0.0, Diff:  0.0, Sum:  0.0, Workers: 1
[0.066s][debug][gc,phases      ] GC(0)     Dead                           Min: 0, Avg:  0.0, Max: 0, Diff: 0, Sum: 0, Workers: 1
[0.066s][debug][gc,phases      ] GC(0)     Total                          Min: 0, Avg:  0.0, Max: 0, Diff: 0, Sum: 0, Workers: 1
[0.066s][debug][gc,phases      ] GC(0) Phase 1: Weak Processing 0.259ms
[0.066s][debug][gc,phases,start] GC(0) Phase 1: Class Unloading and Cleanup
[0.066s][debug][gc,phases,start] GC(0) ClassLoaderData
[0.066s][debug][gc,phases      ] GC(0) ClassLoaderData 0.006ms
[0.066s][debug][gc,phases,start] GC(0) Trigger cleanups
[0.066s][debug][gc,phases      ] GC(0) Trigger cleanups 0.004ms
[0.066s][debug][gc,phases      ] GC(0) Phase 1: Class Unloading and Cleanup 0.107ms
[0.066s][debug][gc,phases,start] GC(0) Report Object Count
[0.066s][debug][gc,phases      ] GC(0) Report Object Count 0.006ms
[0.066s][info ][gc,phases      ] GC(0) Phase 1: Mark live objects 1.410ms
[0.066s][info ][gc,phases,start] GC(0) Phase 2: Prepare for compaction
[0.067s][info ][gc,phases      ] GC(0) Phase 2: Prepare for compaction 0.234ms
[0.067s][info ][gc,phases,start] GC(0) Phase 3: Adjust pointers
[0.067s][info ][gc,phases      ] GC(0) Phase 3: Adjust pointers 0.287ms
[0.067s][info ][gc,phases,start] GC(0) Phase 4: Compact heap
[0.068s][info ][gc,phases      ] GC(0) Phase 4: Compact heap 0.649ms
[0.068s][debug][gc,ergo        ] GC(0) Running G1 Clear Bitmap with 3 workers for 3 work units.
[0.068s][debug][gc,alloc,stats ] Old generation allocation in the last mutator period, old gen allocated: 0B, humongous allocated: 53477376B,old gen growth: 53477376B.
[0.068s][info ][gc,heap        ] GC(0) Eden regions: 3->0(6)
[0.068s][info ][gc,heap        ] GC(0) Survivor regions: 0->0(0)
[0.068s][info ][gc,heap        ] GC(0) Old regions: 0->3
[0.068s][info ][gc,heap        ] GC(0) Archive regions: 2->2
[0.068s][info ][gc,heap        ] GC(0) Humongous regions: 51->51
[0.068s][info ][gc,metaspace   ] GC(0) Metaspace: 127K(320K)->127K(320K) NonClass: 122K(192K)->122K(192K) Class: 5K(128K)->5K(128K)
[0.068s][debug][gc,heap        ] GC(0) Heap after GC invocations=1 (full 1):
[0.068s][debug][gc,heap        ] GC(0)  garbage-first heap   total 133120K, used 55347K [0x00000000f0000000, 0x0000000100000000)
[0.068s][debug][gc,heap        ] GC(0)   region size 1024K, 0 young (0K), 0 survivors (0K)
[0.068s][debug][gc,heap        ] GC(0)  Metaspace       used 127K, committed 320K, reserved 1114112K
[0.068s][debug][gc,heap        ] GC(0)   class space    used 5K, committed 128K, reserved 1048576K
[0.068s][info ][gc             ] GC(0) Pause Full (System.gc()) 54M->54M(130M) 3.458ms
[0.068s][info ][gc,cpu         ] GC(0) User=0.00s Sys=0.01s Real=0.01s
[0.088s][debug][gc,heap        ] GC(1) Heap before GC invocations=1 (full 1):
[0.088s][debug][gc,heap        ] GC(1)  garbage-first heap   total 133120K, used 60467K [0x00000000f0000000, 0x0000000100000000)
[0.088s][debug][gc,heap        ] GC(1)   region size 1024K, 6 young (6144K), 0 survivors (0K)
[0.088s][debug][gc,heap        ] GC(1)  Metaspace       used 128K, committed 320K, reserved 1114112K
[0.088s][debug][gc,heap        ] GC(1)   class space    used 5K, committed 128K, reserved 1048576K
[0.088s][info ][gc,start       ] GC(1) Pause Young (Normal) (G1 Evacuation Pause)
[0.090s][info ][gc,task        ] GC(1) Using 12 workers of 13 for evacuation
[0.090s][debug][gc,tlab        ] GC(1) TLAB totals: thrds: 6  refills: 6 max: 1 slow allocs: 78 max 16 waste: 37.4% gc: 391856B max: 125624B slow: 0B max: 0B
[0.090s][debug][gc,age         ] GC(1) Desired survivor size 524288 bytes, new threshold 15 (max threshold 15)
[0.090s][debug][gc,refine,stats] GC(1) Mutator refinement: 0.00ms, refined: 0, precleaned: 0, dirtied: 4
[0.090s][debug][gc,refine,stats] GC(1) Concurrent refinement: 0.00ms, refined: 0, precleaned: 0, dirtied: 0
[0.090s][debug][gc,refine,stats] GC(1) Total refinement: 0.00ms, refined: 0, precleaned: 0, dirtied: 4
[0.090s][debug][gc,refine,stats] GC(1) Generate dirty cards rate: 0.19 cards/ms
[0.090s][debug][gc,alloc,region] GC(1) Mutator Allocation stats, regions: 6, wasted size: 255K ( 4.2%)
[0.090s][debug][gc,humongous   ] GC(1) Humongous region 0 (object size 1048592 @ 0x00000000f0000000) remset 0 code roots 0 marked 0 reclaim candidate 0 type array 1
[0.090s][debug][gc,humongous   ] GC(1) Humongous region 2 (object size 1048592 @ 0x00000000f0200000) remset 0 code roots 0 marked 0 reclaim candidate 0 type array 1
[0.090s][debug][gc,humongous   ] GC(1) Humongous region 10 (object size 1048592 @ 0x00000000f0a00000) remset 0 code roots 0 marked 0 reclaim candidate 0 type array 1
[0.090s][debug][gc,humongous   ] GC(1) Humongous region 18 (object size 1048592 @ 0x00000000f1200000) remset 0 code roots 0 marked 0 reclaim candidate 0 type array 1
[0.090s][debug][gc,humongous   ] GC(1) Humongous region 26 (object size 1048592 @ 0x00000000f1a00000) remset 0 code roots 0 marked 0 reclaim candidate 0 type array 1
[0.090s][debug][gc,humongous   ] GC(1) Humongous region 30 (object size 1048592 @ 0x00000000f1e00000) remset 0 code roots 0 marked 0 reclaim candidate 0 type array 1
[0.090s][debug][gc,humongous   ] GC(1) Humongous region 22 (object size 1048592 @ 0x00000000f1600000) remset 0 code roots 0 marked 0 reclaim candidate 0 type array 1
[0.090s][debug][gc,humongous   ] GC(1) Humongous region 32 (object size 1048592 @ 0x00000000f2000000) remset 0 code roots 0 marked 0 reclaim candidate 0 type array 1
[0.090s][debug][gc,humongous   ] GC(1) Humongous region 14 (object size 1048592 @ 0x00000000f0e00000) remset 0 code roots 0 marked 0 reclaim candidate 0 type array 1
[0.090s][debug][gc,humongous   ] GC(1) Humongous region 38 (object size 1048592 @ 0x00000000f2600000) remset 0 code roots 0 marked 0 reclaim candidate 0 type array 1
[0.090s][debug][gc,humongous   ] GC(1) Humongous region 4 (object size 1048592 @ 0x00000000f0400000) remset 0 code roots 0 marked 0 reclaim candidate 0 type array 1
[0.090s][debug][gc,humongous   ] GC(1) Humongous region 16 (object size 1048592 @ 0x00000000f1000000) remset 0 code roots 0 marked 0 reclaim candidate 0 type array 1
[0.090s][debug][gc,humongous   ] GC(1) Humongous region 6 (object size 1048592 @ 0x00000000f0600000) remset 0 code roots 0 marked 0 reclaim candidate 0 type array 1
[0.090s][debug][gc,humongous   ] GC(1) Humongous region 28 (object size 1048592 @ 0x00000000f1c00000) remset 0 code roots 0 marked 0 reclaim candidate 0 type array 1
[0.090s][debug][gc,humongous   ] GC(1) Humongous region 8 (object size 1048592 @ 0x00000000f0800000) remset 0 code roots 0 marked 0 reclaim candidate 0 type array 1
[0.090s][debug][gc,humongous   ] GC(1) Humongous region 34 (object size 1048592 @ 0x00000000f2200000) remset 0 code roots 0 marked 0 reclaim candidate 0 type array 1
[0.090s][debug][gc,humongous   ] GC(1) Humongous region 12 (object size 1048592 @ 0x00000000f0c00000) remset 0 code roots 0 marked 0 reclaim candidate 0 type array 1
[0.090s][debug][gc,humongous   ] GC(1) Humongous region 36 (object size 1048592 @ 0x00000000f2400000) remset 0 code roots 0 marked 0 reclaim candidate 0 type array 1
[0.090s][debug][gc,humongous   ] GC(1) Humongous region 40 (object size 10485776 @ 0x00000000f2800000) remset 0 code roots 0 marked 0 reclaim candidate 0 type array 1
[0.090s][debug][gc,humongous   ] GC(1) Humongous region 20 (object size 1048592 @ 0x00000000f1400000) remset 0 code roots 0 marked 0 reclaim candidate 0 type array 1
[0.090s][debug][gc,humongous   ] GC(1) Humongous region 24 (object size 1048592 @ 0x00000000f1800000) remset 0 code roots 0 marked 0 reclaim candidate 0 type array 1
[0.091s][debug][gc,ergo        ] GC(1) Running G1 Merge Heap Roots using 12 workers for 6 regions
[0.092s][debug][gc,remset      ] GC(1) Visited cards 128 Total dirty 4096 (3.12%) Total old 139264 (0.09%)
[0.093s][debug][gc,ref         ] GC(1) Skipped phase 1 of Reference Processing: no references
[0.093s][debug][gc,ref         ] GC(1) Skipped phase 2 of Reference Processing: no references
[0.093s][debug][gc,ref         ] GC(1) Skipped phase 3 of Reference Processing: no references
[0.093s][debug][gc,ref         ] GC(1) Skipped phase 4 of Reference Processing: no references
[0.093s][debug][gc,ergo        ] GC(1) Running G1 Rebuild Free List Task using 12 workers for rebuilding free list of regions
[0.094s][debug][gc,plab        ] GC(1) Young PLAB allocation: allocated: 35496B, wasted: 0B, unused: 34936B, used: 560B, undo waste: 0B, 
[0.094s][debug][gc,plab        ] GC(1) Young other allocation: region end waste: 29800B, regions filled: 1, direct allocated: 983280B, failure used: 0B, failure wasted: 0B
[0.094s][debug][gc,plab        ] GC(1) Young sizing: calculated: 0B, actual: 2064B
[0.094s][debug][gc,plab        ] GC(1) Old PLAB allocation: allocated: 0B, wasted: 0B, unused: 0B, used: 0B, undo waste: 0B, 
[0.094s][debug][gc,plab        ] GC(1) Old other allocation: region end waste: 261184B, regions filled: 5, direct allocated: 4326432B, failure used: 0B, failure wasted: 0B
[0.094s][debug][gc,plab        ] GC(1) Old sizing: calculated: 0B, actual: 2064B
[0.094s][debug][gc,ergo,heap   ] GC(1) Heap expansion: short term pause time ratio 5.65% long term pause time ratio 5.65% threshold 7.69% pause time ratio 7.69% fully expanded false resize by 0B
[0.094s][debug][gc,ergo,ihop   ] GC(1) Request concurrent cycle initiation (occupancy higher than threshold) occupancy: 63963136B allocation request: 0B threshold: 60397977B (44.31) source: end of GC
[0.094s][debug][gc,mmu         ] GC(1) MMU: 3.8ms (50.0ms/51.0ms)
[0.094s][debug][gc,alloc,stats ] Old generation allocation in the last mutator period, old gen allocated: 0B, humongous allocated: 0B,old gen growth: 0B.
[0.094s][debug][gc,ihop        ] GC(1) Basic information (value update), threshold: 60397977B (45.00), target occupancy: 134217728B, current occupancy: 62312640B, recent allocation size: 0B, recent allocation duration: 21.52ms, recent old gen allocation rate: 0.00B/s, recent marking phase length: 0.00ms
[0.094s][debug][gc,ihop        ] GC(1) Adaptive IHOP information (value update), threshold: 60397977B (47.37), internal target occupancy: 127506841B, occupancy: 62312640B, additional buffer size: 6291456B, predicted old gen allocation rate: 0.00B/s, predicted marking phase length: 0.00ms, prediction active: false
[0.094s][debug][gc,ergo,refine ] GC(1) Concurrent refinement times: Logged Cards Scan time goal: 5.00ms Logged Cards Scan time: 0.00ms HCC time: 0.00ms
[0.094s][debug][gc,ergo,refine ] GC(1) Updated Refinement Zones: green: 3328, yellow: 9984, red: 16640
[0.094s][info ][gc,phases      ] GC(1)   Pre Evacuate Collection Set: 1.3ms
[0.094s][debug][gc,phases      ] GC(1)     Prepare TLABs: 0.0ms
[0.094s][debug][gc,phases      ] GC(1)     Concatenate Dirty Card Logs: 0.0ms
[0.094s][debug][gc,phases      ] GC(1)     Choose Collection Set: 0.0ms
[0.094s][debug][gc,phases      ] GC(1)     Region Register: 1.2ms
[0.094s][debug][gc,phases      ] GC(1)     Prepare Heap Roots: 0.0ms
[0.094s][info ][gc,phases      ] GC(1)   Merge Heap Roots: 0.9ms
[0.094s][debug][gc,phases      ] GC(1)     Prepare Merge Heap Roots: 0.1ms
[0.094s][debug][gc,phases      ] GC(1)     Eager Reclaim (ms):            skipped
[0.094s][debug][gc,phases      ] GC(1)     Remembered Sets (ms):          Min:  0.0, Avg:  0.0, Max:  0.0, Diff:  0.0, Sum:  0.0, Workers: 12
[0.094s][debug][gc,phases      ] GC(1)       Merged Sparse:                 Min: 0, Avg:  0.0, Max: 0, Diff: 0, Sum: 0, Workers: 12
[0.094s][debug][gc,phases      ] GC(1)       Merged Fine:                   Min: 0, Avg:  0.0, Max: 0, Diff: 0, Sum: 0, Workers: 12
[0.094s][debug][gc,phases      ] GC(1)       Merged Coarse:                 Min: 0, Avg:  0.0, Max: 0, Diff: 0, Sum: 0, Workers: 12
[0.094s][debug][gc,phases      ] GC(1)       Dirty Cards:                   Min: 0, Avg:  0.0, Max: 0, Diff: 0, Sum: 0, Workers: 12
[0.094s][debug][gc,phases      ] GC(1)     Hot Card Cache (ms):           Min:  0.0, Avg:  0.0, Max:  0.0, Diff:  0.0, Sum:  0.0, Workers: 12
[0.094s][debug][gc,phases      ] GC(1)       Dirty Cards:                   Min: 0, Avg:  0.0, Max: 0, Diff: 0, Sum: 0, Workers: 12
[0.094s][debug][gc,phases      ] GC(1)       Skipped Cards:                 Min: 0, Avg:  0.0, Max: 0, Diff: 0, Sum: 0, Workers: 12
[0.094s][debug][gc,phases      ] GC(1)     Log Buffers (ms):              Min:  0.0, Avg:  0.0, Max:  0.0, Diff:  0.0, Sum:  0.0, Workers: 12
[0.094s][debug][gc,phases      ] GC(1)       Dirty Cards:                   Min: 0, Avg:  0.0, Max: 0, Diff: 0, Sum: 0, Workers: 12
[0.094s][debug][gc,phases      ] GC(1)       Skipped Cards:                 Min: 0, Avg:  0.0, Max: 0, Diff: 0, Sum: 0, Workers: 12
[0.094s][info ][gc,phases      ] GC(1)   Evacuate Collection Set: 1.1ms
[0.094s][debug][gc,phases      ] GC(1)     Ext Root Scanning (ms):        Min:  0.0, Avg:  0.0, Max:  0.2, Diff:  0.2, Sum:  0.3, Workers: 12
[0.094s][debug][gc,phases      ] GC(1)     Scan Heap Roots (ms):          Min:  0.0, Avg:  0.0, Max:  0.0, Diff:  0.0, Sum:  0.0, Workers: 12
[0.094s][debug][gc,phases      ] GC(1)       Scanned Cards:                 Min: 0, Avg:  0.3, Max: 4, Diff: 4, Sum: 4, Workers: 12
[0.094s][debug][gc,phases      ] GC(1)       Scanned Blocks:                Min: 0, Avg:  0.3, Max: 4, Diff: 4, Sum: 4, Workers: 12
[0.094s][debug][gc,phases      ] GC(1)       Claimed Chunks:                Min: 0, Avg:  0.3, Max: 4, Diff: 4, Sum: 4, Workers: 12
[0.094s][debug][gc,phases      ] GC(1)     Code Root Scan (ms):           Min:  0.0, Avg:  0.0, Max:  0.0, Diff:  0.0, Sum:  0.0, Workers: 12
[0.094s][debug][gc,phases      ] GC(1)     Object Copy (ms):              Min:  0.2, Avg:  0.4, Max:  0.6, Diff:  0.4, Sum:  4.7, Workers: 12
[0.094s][debug][gc,phases      ] GC(1)     Termination (ms):              Min:  0.1, Avg:  0.2, Max:  0.3, Diff:  0.1, Sum:  2.7, Workers: 12
[0.094s][debug][gc,phases      ] GC(1)       Termination Attempts:          Min: 1, Avg:  1.0, Max: 1, Diff: 0, Sum: 12, Workers: 12
[0.094s][debug][gc,phases      ] GC(1)     GC Worker Other (ms):          Min:  0.0, Avg:  0.0, Max:  0.0, Diff:  0.0, Sum:  0.1, Workers: 12
[0.094s][debug][gc,phases      ] GC(1)     GC Worker Total (ms):          Min:  0.4, Avg:  0.6, Max:  0.9, Diff:  0.5, Sum:  7.8, Workers: 12
[0.094s][info ][gc,phases      ] GC(1)   Post Evacuate Collection Set: 0.5ms
[0.094s][debug][gc,phases      ] GC(1)     Code Roots Fixup: 0.0ms
[0.094s][debug][gc,phases      ] GC(1)     Reference Processing: 0.1ms
[0.094s][debug][gc,phases,ref  ] GC(1)       Reconsider SoftReferences: 0.0ms
[0.094s][debug][gc,phases,ref  ] GC(1)         SoftRef (ms):                  skipped
[0.094s][debug][gc,phases,ref  ] GC(1)       Notify Soft/WeakReferences: 0.0ms
[0.094s][debug][gc,phases,ref  ] GC(1)         SoftRef (ms):                  skipped
[0.094s][debug][gc,phases,ref  ] GC(1)         WeakRef (ms):                  skipped
[0.094s][debug][gc,phases,ref  ] GC(1)         FinalRef (ms):                 skipped
[0.094s][debug][gc,phases,ref  ] GC(1)         Total (ms):                    skipped
[0.094s][debug][gc,phases,ref  ] GC(1)       Notify and keep alive finalizable: 0.0ms
[0.094s][debug][gc,phases,ref  ] GC(1)         FinalRef (ms):                 skipped
[0.094s][debug][gc,phases,ref  ] GC(1)       Notify PhantomReferences: 0.0ms
[0.094s][debug][gc,phases,ref  ] GC(1)         PhantomRef (ms):               skipped
[0.094s][debug][gc,phases,ref  ] GC(1)       SoftReference:
[0.094s][debug][gc,phases,ref  ] GC(1)         Discovered: 0
[0.094s][debug][gc,phases,ref  ] GC(1)         Cleared: 0
[0.094s][debug][gc,phases,ref  ] GC(1)       WeakReference:
[0.094s][debug][gc,phases,ref  ] GC(1)         Discovered: 0
[0.094s][debug][gc,phases,ref  ] GC(1)         Cleared: 0
[0.094s][debug][gc,phases,ref  ] GC(1)       FinalReference:
[0.094s][debug][gc,phases,ref  ] GC(1)         Discovered: 0
[0.094s][debug][gc,phases,ref  ] GC(1)         Cleared: 0
[0.094s][debug][gc,phases,ref  ] GC(1)       PhantomReference:
[0.094s][debug][gc,phases,ref  ] GC(1)         Discovered: 0
[0.094s][debug][gc,phases,ref  ] GC(1)         Cleared: 0
[0.094s][debug][gc,phases      ] GC(1)     Weak Processing: 0.0ms
[0.094s][debug][gc,phases      ] GC(1)       VM Weak                        Min:  0.0, Avg:  0.0, Max:  0.0, Diff:  0.0, Sum:  0.0, Workers: 1
[0.094s][debug][gc,phases      ] GC(1)         Dead                           Min: 0, Avg:  0.0, Max: 0, Diff: 0, Sum: 0, Workers: 1
[0.094s][debug][gc,phases      ] GC(1)         Total                          Min: 4, Avg:  4.0, Max: 4, Diff: 0, Sum: 4, Workers: 1
[0.094s][debug][gc,phases      ] GC(1)       ObjectSynchronizer Weak        Min:  0.0, Avg:  0.0, Max:  0.0, Diff:  0.0, Sum:  0.0, Workers: 1
[0.094s][debug][gc,phases      ] GC(1)         Dead                           Min: 0, Avg:  0.0, Max: 0, Diff: 0, Sum: 0, Workers: 1
[0.094s][debug][gc,phases      ] GC(1)         Total                          Min: 4, Avg:  4.0, Max: 4, Diff: 0, Sum: 4, Workers: 1
[0.094s][debug][gc,phases      ] GC(1)       JVMTI Tag Weak OopStorage      Min:  0.0, Avg:  0.0, Max:  0.0, Diff:  0.0, Sum:  0.0, Workers: 1
[0.094s][debug][gc,phases      ] GC(1)         Dead                           Min: 0, Avg:  0.0, Max: 0, Diff: 0, Sum: 0, Workers: 1
[0.094s][debug][gc,phases      ] GC(1)         Total                          Min: 0, Avg:  0.0, Max: 0, Diff: 0, Sum: 0, Workers: 1
[0.094s][debug][gc,phases      ] GC(1)       StringTable Weak               Min:  0.0, Avg:  0.0, Max:  0.0, Diff:  0.0, Sum:  0.0, Workers: 1
[0.094s][debug][gc,phases      ] GC(1)         Dead                           Min: 0, Avg:  0.0, Max: 0, Diff: 0, Sum: 0, Workers: 1
[0.094s][debug][gc,phases      ] GC(1)         Total                          Min: 39, Avg: 39.0, Max: 39, Diff: 0, Sum: 39, Workers: 1
[0.094s][debug][gc,phases      ] GC(1)       ResolvedMethodTable Weak       Min:  0.0, Avg:  0.0, Max:  0.0, Diff:  0.0, Sum:  0.0, Workers: 1
[0.094s][debug][gc,phases      ] GC(1)         Dead                           Min: 0, Avg:  0.0, Max: 0, Diff: 0, Sum: 0, Workers: 1
[0.094s][debug][gc,phases      ] GC(1)         Total                          Min: 22, Avg: 22.0, Max: 22, Diff: 0, Sum: 22, Workers: 1
[0.094s][debug][gc,phases      ] GC(1)       JNI Weak                       Min:  0.0, Avg:  0.0, Max:  0.0, Diff:  0.0, Sum:  0.0, Workers: 1
[0.094s][debug][gc,phases      ] GC(1)         Dead                           Min: 0, Avg:  0.0, Max: 0, Diff: 0, Sum: 0, Workers: 1
[0.094s][debug][gc,phases      ] GC(1)         Total                          Min: 0, Avg:  0.0, Max: 0, Diff: 0, Sum: 0, Workers: 1
[0.094s][debug][gc,phases      ] GC(1)       StringDedup Table Weak         Min:  0.0, Avg:  0.0, Max:  0.0, Diff:  0.0, Sum:  0.0, Workers: 1
[0.094s][debug][gc,phases      ] GC(1)         Dead                           Min: 0, Avg:  0.0, Max: 0, Diff: 0, Sum: 0, Workers: 1
[0.094s][debug][gc,phases      ] GC(1)         Total                          Min: 0, Avg:  0.0, Max: 0, Diff: 0, Sum: 0, Workers: 1
[0.094s][debug][gc,phases      ] GC(1)       StringDedup Requests0 Weak     Min:  0.0, Avg:  0.0, Max:  0.0, Diff:  0.0, Sum:  0.0, Workers: 1
[0.094s][debug][gc,phases      ] GC(1)         Dead                           Min: 0, Avg:  0.0, Max: 0, Diff: 0, Sum: 0, Workers: 1
[0.094s][debug][gc,phases      ] GC(1)         Total                          Min: 0, Avg:  0.0, Max: 0, Diff: 0, Sum: 0, Workers: 1
[0.094s][debug][gc,phases      ] GC(1)       StringDedup Requests1 Weak     Min:  0.0, Avg:  0.0, Max:  0.0, Diff:  0.0, Sum:  0.0, Workers: 1
[0.094s][debug][gc,phases      ] GC(1)         Dead                           Min: 0, Avg:  0.0, Max: 0, Diff: 0, Sum: 0, Workers: 1
[0.094s][debug][gc,phases      ] GC(1)         Total                          Min: 0, Avg:  0.0, Max: 0, Diff: 0, Sum: 0, Workers: 1
[0.094s][debug][gc,phases      ] GC(1)       Weak JFR Old Object Samples    Min:  0.0, Avg:  0.0, Max:  0.0, Diff:  0.0, Sum:  0.0, Workers: 1
[0.094s][debug][gc,phases      ] GC(1)         Dead                           Min: 0, Avg:  0.0, Max: 0, Diff: 0, Sum: 0, Workers: 1
[0.094s][debug][gc,phases      ] GC(1)         Total                          Min: 0, Avg:  0.0, Max: 0, Diff: 0, Sum: 0, Workers: 1
[0.094s][debug][gc,phases      ] GC(1)     Post Evacuate Cleanup 1: 0.1ms
[0.094s][debug][gc,phases      ] GC(1)       Merge Per-Thread State (ms):   Min:  0.0, Avg:  0.0, Max:  0.0, Diff:  0.0, Sum:  0.0, Workers: 1
[0.094s][debug][gc,phases      ] GC(1)         Copied Bytes                   Min: 131104, Avg: 442522.7, Max: 721632, Diff: 590528, Sum: 5310272, Workers: 12
[0.094s][debug][gc,phases      ] GC(1)         LAB Waste                      Min: 0, Avg:  0.0, Max: 0, Diff: 0, Sum: 0, Workers: 12
[0.094s][debug][gc,phases      ] GC(1)         LAB Undo Waste                 Min: 0, Avg:  0.0, Max: 0, Diff: 0, Sum: 0, Workers: 12
[0.094s][debug][gc,phases      ] GC(1)       Clear Logged Cards (ms):       Min:  0.0, Avg:  0.0, Max:  0.0, Diff:  0.0, Sum:  0.0, Workers: 3
[0.094s][debug][gc,phases      ] GC(1)       Recalculate Used Memory (ms):  Min:  0.0, Avg:  0.0, Max:  0.0, Diff:  0.0, Sum:  0.0, Workers: 1
[0.094s][debug][gc,phases      ] GC(1)     Post Evacuate Cleanup 2: 0.1ms
[0.094s][debug][gc,phases      ] GC(1)       Reset Hot Card Cache (ms):     Min:  0.0, Avg:  0.0, Max:  0.0, Diff:  0.0, Sum:  0.0, Workers: 1
[0.094s][debug][gc,phases      ] GC(1)       Purge Code Roots (ms):         Min:  0.0, Avg:  0.0, Max:  0.0, Diff:  0.0, Sum:  0.0, Workers: 1
[0.094s][debug][gc,phases      ] GC(1)       Update Derived Pointers (ms):  Min:  0.0, Avg:  0.0, Max:  0.0, Diff:  0.0, Sum:  0.0, Workers: 1
[0.094s][debug][gc,phases      ] GC(1)       Eagerly Reclaim Humongous Objects (ms): Min:  0.0, Avg:  0.0, Max:  0.0, Diff:  0.0, Sum:  0.0, Workers: 1
[0.094s][debug][gc,phases      ] GC(1)         Humongous Total                Min: 21, Avg: 21.0, Max: 21, Diff: 0, Sum: 21, Workers: 1
[0.094s][debug][gc,phases      ] GC(1)         Humongous Candidates           Min: 0, Avg:  0.0, Max: 0, Diff: 0, Sum: 0, Workers: 1
[0.094s][debug][gc,phases      ] GC(1)         Humongous Reclaimed            Min: 0, Avg:  0.0, Max: 0, Diff: 0, Sum: 0, Workers: 1
[0.094s][debug][gc,phases      ] GC(1)       Redirty Logged Cards (ms):     Min:  0.0, Avg:  0.0, Max:  0.0, Diff:  0.0, Sum:  0.0, Workers: 12
[0.094s][debug][gc,phases      ] GC(1)         Redirtied Cards:               Min: 0, Avg:  0.2, Max: 3, Diff: 3, Sum: 3, Workers: 12
[0.094s][debug][gc,phases      ] GC(1)       Free Collection Set (ms):      Min:  0.0, Avg:  0.0, Max:  0.0, Diff:  0.0, Sum:  0.0, Workers: 12
[0.094s][debug][gc,phases      ] GC(1)     Rebuild Free List: 0.2ms
[0.094s][debug][gc,phases      ] GC(1)     Start New Collection Set: 0.0ms
[0.094s][debug][gc,phases      ] GC(1)     Resize TLABs: 0.0ms
[0.094s][debug][gc,phases      ] GC(1)     Expand Heap After Collection: 0.0ms
[0.094s][info ][gc,phases      ] GC(1)   Other: 2.0ms
[0.094s][info ][gc,heap        ] GC(1) Eden regions: 6->0(5)
[0.094s][info ][gc,heap        ] GC(1) Survivor regions: 0->1(1)
[0.094s][info ][gc,heap        ] GC(1) Old regions: 3->8
[0.094s][info ][gc,heap        ] GC(1) Archive regions: 2->2
[0.094s][info ][gc,heap        ] GC(1) Humongous regions: 51->51
[0.094s][info ][gc,metaspace   ] GC(1) Metaspace: 128K(320K)->128K(320K) NonClass: 122K(192K)->122K(192K) Class: 5K(128K)->5K(128K)
[0.094s][debug][gc,heap        ] GC(1) Heap after GC invocations=2 (full 1):
[0.094s][debug][gc,heap        ] GC(1)  garbage-first heap   total 133120K, used 60852K [0x00000000f0000000, 0x0000000100000000)
[0.094s][debug][gc,heap        ] GC(1)   region size 1024K, 1 young (1024K), 1 survivors (1024K)
[0.094s][debug][gc,heap        ] GC(1)  Metaspace       used 128K, committed 320K, reserved 1114112K
[0.094s][debug][gc,heap        ] GC(1)   class space    used 5K, committed 128K, reserved 1048576K
[0.094s][info ][gc             ] GC(1) Pause Young (Normal) (G1 Evacuation Pause) 59M->59M(130M) 6.150ms
[0.094s][info ][gc,cpu         ] GC(1) User=0.01s Sys=0.01s Real=0.01s
[0.110s][debug][gc,heap        ] GC(2) Heap before GC invocations=2 (full 1):
[0.110s][debug][gc,heap        ] GC(2)  garbage-first heap   total 133120K, used 64948K [0x00000000f0000000, 0x0000000100000000)
[0.110s][debug][gc,heap        ] GC(2)   region size 1024K, 6 young (6144K), 1 survivors (1024K)
[0.110s][debug][gc,heap        ] GC(2)  Metaspace       used 128K, committed 320K, reserved 1114112K
[0.110s][debug][gc,heap        ] GC(2)   class space    used 5K, committed 128K, reserved 1048576K
[0.110s][debug][gc,ergo        ] GC(2) Initiate concurrent cycle (concurrent cycle initiation requested)
[0.110s][info ][gc,start       ] GC(2) Pause Young (Concurrent Start) (G1 Evacuation Pause)
[0.110s][info ][gc,task        ] GC(2) Using 12 workers of 13 for evacuation
[0.110s][debug][gc,tlab        ] GC(2) TLAB totals: thrds: 5  refills: 5 max: 1 slow allocs: 65 max 14 waste: 48.3% gc: 307336B max: 61712B slow: 0B max: 0B
[0.110s][debug][gc,age         ] GC(2) Desired survivor size 524288 bytes, new threshold 1 (max threshold 15)
[0.110s][debug][gc,refine,stats] GC(2) Mutator refinement: 0.00ms, refined: 0, precleaned: 0, dirtied: 0
[0.110s][debug][gc,refine,stats] GC(2) Concurrent refinement: 0.00ms, refined: 0, precleaned: 0, dirtied: 0
[0.110s][debug][gc,refine,stats] GC(2) Total refinement: 0.00ms, refined: 0, precleaned: 0, dirtied: 0
[0.110s][debug][gc,refine,stats] GC(2) Generate dirty cards rate: 0.00 cards/ms
[0.110s][debug][gc,alloc,region] GC(2) Mutator Allocation stats, regions: 5, wasted size: 210K ( 4.1%)
[0.110s][debug][gc,humongous   ] GC(2) Humongous region 0 (object size 1048592 @ 0x00000000f0000000) remset 0 code roots 0 marked 0 reclaim candidate 0 type array 1
[0.110s][debug][gc,humongous   ] GC(2) Humongous region 2 (object size 1048592 @ 0x00000000f0200000) remset 0 code roots 0 marked 0 reclaim candidate 0 type array 1
[0.110s][debug][gc,humongous   ] GC(2) Humongous region 10 (object size 1048592 @ 0x00000000f0a00000) remset 0 code roots 0 marked 0 reclaim candidate 0 type array 1
[0.110s][debug][gc,humongous   ] GC(2) Humongous region 4 (object size 1048592 @ 0x00000000f0400000) remset 0 code roots 0 marked 0 reclaim candidate 0 type array 1
[0.110s][debug][gc,humongous   ] GC(2) Humongous region 18 (object size 1048592 @ 0x00000000f1200000) remset 0 code roots 0 marked 0 reclaim candidate 0 type array 1
[0.110s][debug][gc,humongous   ] GC(2) Humongous region 22 (object size 1048592 @ 0x00000000f1600000) remset 0 code roots 0 marked 0 reclaim candidate 0 type array 1
[0.110s][debug][gc,humongous   ] GC(2) Humongous region 32 (object size 1048592 @ 0x00000000f2000000) remset 0 code roots 0 marked 0 reclaim candidate 0 type array 1
[0.110s][debug][gc,humongous   ] GC(2) Humongous region 8 (object size 1048592 @ 0x00000000f0800000) remset 0 code roots 0 marked 0 reclaim candidate 0 type array 1
[0.110s][debug][gc,humongous   ] GC(2) Humongous region 14 (object size 1048592 @ 0x00000000f0e00000) remset 0 code roots 0 marked 0 reclaim candidate 0 type array 1
[0.110s][debug][gc,humongous   ] GC(2) Humongous region 38 (object size 1048592 @ 0x00000000f2600000) remset 0 code roots 0 marked 0 reclaim candidate 0 type array 1
[0.110s][debug][gc,humongous   ] GC(2) Humongous region 40 (object size 10485776 @ 0x00000000f2800000) remset 0 code roots 0 marked 0 reclaim candidate 0 type array 1
[0.110s][debug][gc,humongous   ] GC(2) Humongous region 20 (object size 1048592 @ 0x00000000f1400000) remset 0 code roots 0 marked 0 reclaim candidate 0 type array 1
[0.110s][debug][gc,humongous   ] GC(2) Humongous region 24 (object size 1048592 @ 0x00000000f1800000) remset 0 code roots 0 marked 0 reclaim candidate 0 type array 1
[0.110s][debug][gc,humongous   ] GC(2) Humongous region 26 (object size 1048592 @ 0x00000000f1a00000) remset 0 code roots 0 marked 0 reclaim candidate 0 type array 1
[0.110s][debug][gc,humongous   ] GC(2) Humongous region 28 (object size 1048592 @ 0x00000000f1c00000) remset 0 code roots 0 marked 0 reclaim candidate 0 type array 1
[0.110s][debug][gc,humongous   ] GC(2) Humongous region 30 (object size 1048592 @ 0x00000000f1e00000) remset 0 code roots 0 marked 0 reclaim candidate 0 type array 1
[0.110s][debug][gc,humongous   ] GC(2) Humongous region 12 (object size 1048592 @ 0x00000000f0c00000) remset 0 code roots 0 marked 0 reclaim candidate 0 type array 1
[0.110s][debug][gc,humongous   ] GC(2) Humongous region 36 (object size 1048592 @ 0x00000000f2400000) remset 0 code roots 0 marked 0 reclaim candidate 0 type array 1
[0.110s][debug][gc,humongous   ] GC(2) Humongous region 16 (object size 1048592 @ 0x00000000f1000000) remset 0 code roots 0 marked 0 reclaim candidate 0 type array 1
[0.110s][debug][gc,humongous   ] GC(2) Humongous region 6 (object size 1048592 @ 0x00000000f0600000) remset 0 code roots 0 marked 0 reclaim candidate 0 type array 1
[0.110s][debug][gc,humongous   ] GC(2) Humongous region 34 (object size 1048592 @ 0x00000000f2200000) remset 0 code roots 0 marked 0 reclaim candidate 0 type array 1
[0.110s][debug][gc,ergo        ] GC(2) Running G1 Merge Heap Roots using 12 workers for 6 regions
[0.111s][debug][gc,remset      ] GC(2) Visited cards 96 Total dirty 4096 (2.34%) Total old 149504 (0.06%)
[0.112s][debug][gc,ref         ] GC(2) Skipped phase 1 of Reference Processing: no references
[0.112s][debug][gc,ref         ] GC(2) Skipped phase 2 of Reference Processing: no references
[0.112s][debug][gc,ref         ] GC(2) Skipped phase 3 of Reference Processing: no references
[0.112s][debug][gc,ref         ] GC(2) Skipped phase 4 of Reference Processing: no references
[0.112s][debug][gc,ergo        ] GC(2) Running G1 Rebuild Free List Task using 12 workers for rebuilding free list of regions
[0.112s][debug][gc,plab        ] GC(2) Young PLAB allocation: allocated: 0B, wasted: 0B, unused: 0B, used: 0B, undo waste: 0B, 
[0.112s][debug][gc,plab        ] GC(2) Young other allocation: region end waste: 64624B, regions filled: 1, direct allocated: 983952B, failure used: 0B, failure wasted: 0B
[0.112s][debug][gc,plab        ] GC(2) Young sizing: calculated: 0B, actual: 2064B
[0.112s][debug][gc,plab        ] GC(2) Old PLAB allocation: allocated: 2064B, wasted: 0B, unused: 1960B, used: 104B, undo waste: 0B, 
[0.112s][debug][gc,plab        ] GC(2) Old other allocation: region end waste: 258704B, regions filled: 5, direct allocated: 4326432B, failure used: 0B, failure wasted: 0B
[0.112s][debug][gc,plab        ] GC(2) Old sizing: calculated: 0B, actual: 2064B
[0.112s][debug][gc,ergo,heap   ] GC(2) Heap expansion: short term pause time ratio 15.13% long term pause time ratio 4.52% threshold 7.69% pause time ratio 7.69% fully expanded false resize by 0B
[0.112s][debug][gc,mmu         ] GC(2) MMU: 6.1ms (50.0ms/51.0ms)
[0.112s][debug][gc,alloc,stats ] Old generation allocation in the last mutator period, old gen allocated: 2064B, humongous allocated: 0B,old gen growth: 2064B.
[0.112s][debug][gc,ihop        ] GC(2) Basic information (value update), threshold: 60397977B (45.00), target occupancy: 134217728B, current occupancy: 66900160B, recent allocation size: 2064B, recent allocation duration: 16.23ms, recent old gen allocation rate: 127144.08B/s, recent marking phase length: 0.00ms
[0.112s][debug][gc,ihop        ] GC(2) Adaptive IHOP information (value update), threshold: 60397977B (47.37), internal target occupancy: 127506841B, occupancy: 66900160B, additional buffer size: 6291456B, predicted old gen allocation rate: 20212.41B/s, predicted marking phase length: 0.00ms, prediction active: false
[0.112s][debug][gc,ergo,refine ] GC(2) Concurrent refinement times: Logged Cards Scan time goal: 5.00ms Logged Cards Scan time: 0.00ms HCC time: 0.00ms
[0.112s][debug][gc,ergo,refine ] GC(2) Updated Refinement Zones: green: 3328, yellow: 9984, red: 16640
[0.112s][info ][gc,phases      ] GC(2)   Pre Evacuate Collection Set: 0.5ms
[0.112s][debug][gc,phases      ] GC(2)     Prepare TLABs: 0.0ms
[0.112s][debug][gc,phases      ] GC(2)     Concatenate Dirty Card Logs: 0.0ms
[0.112s][debug][gc,phases      ] GC(2)     Choose Collection Set: 0.0ms
[0.112s][debug][gc,phases      ] GC(2)     Region Register: 0.5ms
[0.112s][debug][gc,phases      ] GC(2)     Prepare Heap Roots: 0.0ms
[0.112s][debug][gc,phases      ] GC(2)     Clear Claimed Marks: 0.0ms
[0.112s][info ][gc,phases      ] GC(2)   Merge Heap Roots: 0.2ms
[0.112s][debug][gc,phases      ] GC(2)     Prepare Merge Heap Roots: 0.0ms
[0.112s][debug][gc,phases      ] GC(2)     Eager Reclaim (ms):            skipped
[0.112s][debug][gc,phases      ] GC(2)     Remembered Sets (ms):          Min:  0.0, Avg:  0.0, Max:  0.0, Diff:  0.0, Sum:  0.0, Workers: 12
[0.112s][debug][gc,phases      ] GC(2)       Merged Sparse:                 Min: 0, Avg:  0.0, Max: 0, Diff: 0, Sum: 0, Workers: 12
[0.112s][debug][gc,phases      ] GC(2)       Merged Fine:                   Min: 0, Avg:  0.0, Max: 0, Diff: 0, Sum: 0, Workers: 12
[0.112s][debug][gc,phases      ] GC(2)       Merged Coarse:                 Min: 0, Avg:  0.0, Max: 0, Diff: 0, Sum: 0, Workers: 12
[0.112s][debug][gc,phases      ] GC(2)       Dirty Cards:                   Min: 0, Avg:  0.0, Max: 0, Diff: 0, Sum: 0, Workers: 12
[0.112s][debug][gc,phases      ] GC(2)     Hot Card Cache (ms):           Min:  0.0, Avg:  0.0, Max:  0.0, Diff:  0.0, Sum:  0.0, Workers: 12
[0.112s][debug][gc,phases      ] GC(2)       Dirty Cards:                   Min: 0, Avg:  0.0, Max: 0, Diff: 0, Sum: 0, Workers: 12
[0.112s][debug][gc,phases      ] GC(2)       Skipped Cards:                 Min: 0, Avg:  0.0, Max: 0, Diff: 0, Sum: 0, Workers: 12
[0.112s][debug][gc,phases      ] GC(2)     Log Buffers (ms):              Min:  0.0, Avg:  0.0, Max:  0.0, Diff:  0.0, Sum:  0.0, Workers: 12
[0.112s][debug][gc,phases      ] GC(2)       Dirty Cards:                   Min: 0, Avg:  0.0, Max: 0, Diff: 0, Sum: 0, Workers: 12
[0.112s][debug][gc,phases      ] GC(2)       Skipped Cards:                 Min: 0, Avg:  0.0, Max: 0, Diff: 0, Sum: 0, Workers: 12
[0.112s][info ][gc,phases      ] GC(2)   Evacuate Collection Set: 0.9ms
[0.112s][debug][gc,phases      ] GC(2)     Ext Root Scanning (ms):        Min:  0.0, Avg:  0.0, Max:  0.1, Diff:  0.1, Sum:  0.2, Workers: 12
[0.112s][debug][gc,phases      ] GC(2)     Scan Heap Roots (ms):          Min:  0.0, Avg:  0.0, Max:  0.0, Diff:  0.0, Sum:  0.0, Workers: 12
[0.112s][debug][gc,phases      ] GC(2)       Scanned Cards:                 Min: 0, Avg:  0.2, Max: 2, Diff: 2, Sum: 3, Workers: 12
[0.112s][debug][gc,phases      ] GC(2)       Scanned Blocks:                Min: 0, Avg:  0.2, Max: 2, Diff: 2, Sum: 3, Workers: 12
[0.112s][debug][gc,phases      ] GC(2)       Claimed Chunks:                Min: 0, Avg:  0.2, Max: 2, Diff: 2, Sum: 3, Workers: 12
[0.112s][debug][gc,phases      ] GC(2)     Code Root Scan (ms):           Min:  0.0, Avg:  0.0, Max:  0.0, Diff:  0.0, Sum:  0.0, Workers: 12
[0.112s][debug][gc,phases      ] GC(2)     Object Copy (ms):              Min:  0.3, Avg:  0.4, Max:  0.6, Diff:  0.3, Sum:  5.1, Workers: 12
[0.112s][debug][gc,phases      ] GC(2)     Termination (ms):              Min:  0.1, Avg:  0.3, Max:  0.3, Diff:  0.2, Sum:  3.2, Workers: 12
[0.112s][debug][gc,phases      ] GC(2)       Termination Attempts:          Min: 1, Avg:  1.0, Max: 1, Diff: 0, Sum: 12, Workers: 12
[0.112s][debug][gc,phases      ] GC(2)     GC Worker Other (ms):          Min:  0.0, Avg:  0.0, Max:  0.0, Diff:  0.0, Sum:  0.1, Workers: 12
[0.112s][debug][gc,phases      ] GC(2)     GC Worker Total (ms):          Min:  0.6, Avg:  0.7, Max:  0.9, Diff:  0.3, Sum:  8.6, Workers: 12
[0.112s][info ][gc,phases      ] GC(2)   Post Evacuate Collection Set: 0.5ms
[0.112s][debug][gc,phases      ] GC(2)     Code Roots Fixup: 0.0ms
[0.112s][debug][gc,phases      ] GC(2)     Reference Processing: 0.0ms
[0.112s][debug][gc,phases,ref  ] GC(2)       Reconsider SoftReferences: 0.0ms
[0.112s][debug][gc,phases,ref  ] GC(2)         SoftRef (ms):                  skipped
[0.112s][debug][gc,phases,ref  ] GC(2)       Notify Soft/WeakReferences: 0.0ms
[0.112s][debug][gc,phases,ref  ] GC(2)         SoftRef (ms):                  skipped
[0.112s][debug][gc,phases,ref  ] GC(2)         WeakRef (ms):                  skipped
[0.112s][debug][gc,phases,ref  ] GC(2)         FinalRef (ms):                 skipped
[0.112s][debug][gc,phases,ref  ] GC(2)         Total (ms):                    skipped
[0.112s][debug][gc,phases,ref  ] GC(2)       Notify and keep alive finalizable: 0.0ms
[0.112s][debug][gc,phases,ref  ] GC(2)         FinalRef (ms):                 skipped
[0.112s][debug][gc,phases,ref  ] GC(2)       Notify PhantomReferences: 0.0ms
[0.112s][debug][gc,phases,ref  ] GC(2)         PhantomRef (ms):               skipped
[0.112s][debug][gc,phases,ref  ] GC(2)       SoftReference:
[0.112s][debug][gc,phases,ref  ] GC(2)         Discovered: 0
[0.112s][debug][gc,phases,ref  ] GC(2)         Cleared: 0
[0.112s][debug][gc,phases,ref  ] GC(2)       WeakReference:
[0.112s][debug][gc,phases,ref  ] GC(2)         Discovered: 0
[0.112s][debug][gc,phases,ref  ] GC(2)         Cleared: 0
[0.112s][debug][gc,phases,ref  ] GC(2)       FinalReference:
[0.112s][debug][gc,phases,ref  ] GC(2)         Discovered: 0
[0.112s][debug][gc,phases,ref  ] GC(2)         Cleared: 0
[0.112s][debug][gc,phases,ref  ] GC(2)       PhantomReference:
[0.112s][debug][gc,phases,ref  ] GC(2)         Discovered: 0
[0.112s][debug][gc,phases,ref  ] GC(2)         Cleared: 0
[0.112s][debug][gc,phases      ] GC(2)     Weak Processing: 0.1ms
[0.112s][debug][gc,phases      ] GC(2)       VM Weak                        Min:  0.0, Avg:  0.0, Max:  0.0, Diff:  0.0, Sum:  0.0, Workers: 1
[0.112s][debug][gc,phases      ] GC(2)         Dead                           Min: 0, Avg:  0.0, Max: 0, Diff: 0, Sum: 0, Workers: 1
[0.112s][debug][gc,phases      ] GC(2)         Total                          Min: 4, Avg:  4.0, Max: 4, Diff: 0, Sum: 4, Workers: 1
[0.112s][debug][gc,phases      ] GC(2)       ObjectSynchronizer Weak        Min:  0.0, Avg:  0.0, Max:  0.0, Diff:  0.0, Sum:  0.0, Workers: 1
[0.112s][debug][gc,phases      ] GC(2)         Dead                           Min: 0, Avg:  0.0, Max: 0, Diff: 0, Sum: 0, Workers: 1
[0.112s][debug][gc,phases      ] GC(2)         Total                          Min: 4, Avg:  4.0, Max: 4, Diff: 0, Sum: 4, Workers: 1
[0.112s][debug][gc,phases      ] GC(2)       JVMTI Tag Weak OopStorage      Min:  0.0, Avg:  0.0, Max:  0.0, Diff:  0.0, Sum:  0.0, Workers: 1
[0.112s][debug][gc,phases      ] GC(2)         Dead                           Min: 0, Avg:  0.0, Max: 0, Diff: 0, Sum: 0, Workers: 1
[0.112s][debug][gc,phases      ] GC(2)         Total                          Min: 0, Avg:  0.0, Max: 0, Diff: 0, Sum: 0, Workers: 1
[0.113s][debug][gc,phases      ] GC(2)       StringTable Weak               Min:  0.0, Avg:  0.0, Max:  0.0, Diff:  0.0, Sum:  0.0, Workers: 1
[0.113s][debug][gc,phases      ] GC(2)         Dead                           Min: 0, Avg:  0.0, Max: 0, Diff: 0, Sum: 0, Workers: 1
[0.113s][debug][gc,phases      ] GC(2)         Total                          Min: 39, Avg: 39.0, Max: 39, Diff: 0, Sum: 39, Workers: 1
[0.113s][debug][gc,phases      ] GC(2)       ResolvedMethodTable Weak       Min:  0.0, Avg:  0.0, Max:  0.0, Diff:  0.0, Sum:  0.0, Workers: 1
[0.113s][debug][gc,phases      ] GC(2)         Dead                           Min: 0, Avg:  0.0, Max: 0, Diff: 0, Sum: 0, Workers: 1
[0.113s][debug][gc,phases      ] GC(2)         Total                          Min: 22, Avg: 22.0, Max: 22, Diff: 0, Sum: 22, Workers: 1
[0.113s][debug][gc,phases      ] GC(2)       JNI Weak                       Min:  0.0, Avg:  0.0, Max:  0.0, Diff:  0.0, Sum:  0.0, Workers: 1
[0.113s][debug][gc,phases      ] GC(2)         Dead                           Min: 0, Avg:  0.0, Max: 0, Diff: 0, Sum: 0, Workers: 1
[0.113s][debug][gc,phases      ] GC(2)         Total                          Min: 0, Avg:  0.0, Max: 0, Diff: 0, Sum: 0, Workers: 1
[0.113s][debug][gc,phases      ] GC(2)       StringDedup Table Weak         Min:  0.0, Avg:  0.0, Max:  0.0, Diff:  0.0, Sum:  0.0, Workers: 1
[0.113s][debug][gc,phases      ] GC(2)         Dead                           Min: 0, Avg:  0.0, Max: 0, Diff: 0, Sum: 0, Workers: 1
[0.113s][debug][gc,phases      ] GC(2)         Total                          Min: 0, Avg:  0.0, Max: 0, Diff: 0, Sum: 0, Workers: 1
[0.113s][debug][gc,phases      ] GC(2)       StringDedup Requests0 Weak     Min:  0.0, Avg:  0.0, Max:  0.0, Diff:  0.0, Sum:  0.0, Workers: 1
[0.113s][debug][gc,phases      ] GC(2)         Dead                           Min: 0, Avg:  0.0, Max: 0, Diff: 0, Sum: 0, Workers: 1
[0.113s][debug][gc,phases      ] GC(2)         Total                          Min: 0, Avg:  0.0, Max: 0, Diff: 0, Sum: 0, Workers: 1
[0.113s][debug][gc,phases      ] GC(2)       StringDedup Requests1 Weak     Min:  0.0, Avg:  0.0, Max:  0.0, Diff:  0.0, Sum:  0.0, Workers: 1
[0.113s][debug][gc,phases      ] GC(2)         Dead                           Min: 0, Avg:  0.0, Max: 0, Diff: 0, Sum: 0, Workers: 1
[0.113s][debug][gc,phases      ] GC(2)         Total                          Min: 0, Avg:  0.0, Max: 0, Diff: 0, Sum: 0, Workers: 1
[0.113s][debug][gc,phases      ] GC(2)       Weak JFR Old Object Samples    Min:  0.0, Avg:  0.0, Max:  0.0, Diff:  0.0, Sum:  0.0, Workers: 1
[0.113s][debug][gc,phases      ] GC(2)         Dead                           Min: 0, Avg:  0.0, Max: 0, Diff: 0, Sum: 0, Workers: 1
[0.113s][debug][gc,phases      ] GC(2)         Total                          Min: 0, Avg:  0.0, Max: 0, Diff: 0, Sum: 0, Workers: 1
[0.113s][debug][gc,phases      ] GC(2)     Post Evacuate Cleanup 1: 0.1ms
[0.113s][debug][gc,phases      ] GC(2)       Merge Per-Thread State (ms):   Min:  0.0, Avg:  0.0, Max:  0.0, Diff:  0.0, Sum:  0.0, Workers: 1
[0.113s][debug][gc,phases      ] GC(2)         Copied Bytes                   Min: 327760, Avg: 442540.7, Max: 852176, Diff: 524416, Sum: 5310488, Workers: 12
[0.113s][debug][gc,phases      ] GC(2)         LAB Waste                      Min: 0, Avg:  0.0, Max: 0, Diff: 0, Sum: 0, Workers: 12
[0.113s][debug][gc,phases      ] GC(2)         LAB Undo Waste                 Min: 0, Avg:  0.0, Max: 0, Diff: 0, Sum: 0, Workers: 12
[0.113s][debug][gc,phases      ] GC(2)       Clear Logged Cards (ms):       Min:  0.0, Avg:  0.0, Max:  0.0, Diff:  0.0, Sum:  0.0, Workers: 3
[0.113s][debug][gc,phases      ] GC(2)       Recalculate Used Memory (ms):  Min:  0.0, Avg:  0.0, Max:  0.0, Diff:  0.0, Sum:  0.0, Workers: 1
[0.113s][debug][gc,phases      ] GC(2)     Post Evacuate Cleanup 2: 0.1ms
[0.113s][debug][gc,phases      ] GC(2)       Reset Hot Card Cache (ms):     Min:  0.0, Avg:  0.0, Max:  0.0, Diff:  0.0, Sum:  0.0, Workers: 1
[0.113s][debug][gc,phases      ] GC(2)       Purge Code Roots (ms):         Min:  0.0, Avg:  0.0, Max:  0.0, Diff:  0.0, Sum:  0.0, Workers: 1
[0.113s][debug][gc,phases      ] GC(2)       Update Derived Pointers (ms):  Min:  0.0, Avg:  0.0, Max:  0.0, Diff:  0.0, Sum:  0.0, Workers: 1
[0.113s][debug][gc,phases      ] GC(2)       Eagerly Reclaim Humongous Objects (ms): Min:  0.0, Avg:  0.0, Max:  0.0, Diff:  0.0, Sum:  0.0, Workers: 1
[0.113s][debug][gc,phases      ] GC(2)         Humongous Total                Min: 21, Avg: 21.0, Max: 21, Diff: 0, Sum: 21, Workers: 1
[0.113s][debug][gc,phases      ] GC(2)         Humongous Candidates           Min: 0, Avg:  0.0, Max: 0, Diff: 0, Sum: 0, Workers: 1
[0.113s][debug][gc,phases      ] GC(2)         Humongous Reclaimed            Min: 0, Avg:  0.0, Max: 0, Diff: 0, Sum: 0, Workers: 1
[0.113s][debug][gc,phases      ] GC(2)       Redirty Logged Cards (ms):     Min:  0.0, Avg:  0.0, Max:  0.0, Diff:  0.0, Sum:  0.0, Workers: 12
[0.113s][debug][gc,phases      ] GC(2)         Redirtied Cards:               Min: 0, Avg:  0.1, Max: 1, Diff: 1, Sum: 1, Workers: 12
[0.113s][debug][gc,phases      ] GC(2)       Free Collection Set (ms):      Min:  0.0, Avg:  0.0, Max:  0.0, Diff:  0.0, Sum:  0.0, Workers: 12
[0.113s][debug][gc,phases      ] GC(2)     Rebuild Free List: 0.1ms
[0.113s][debug][gc,phases      ] GC(2)     Start New Collection Set: 0.0ms
[0.113s][debug][gc,phases      ] GC(2)     Resize TLABs: 0.0ms
[0.113s][debug][gc,phases      ] GC(2)     Expand Heap After Collection: 0.0ms
[0.113s][info ][gc,phases      ] GC(2)   Other: 0.3ms
[0.113s][info ][gc,heap        ] GC(2) Eden regions: 5->0(5)
[0.113s][info ][gc,heap        ] GC(2) Survivor regions: 1->1(1)
[0.113s][info ][gc,heap        ] GC(2) Old regions: 8->12
[0.113s][info ][gc,heap        ] GC(2) Archive regions: 2->2
[0.113s][info ][gc,heap        ] GC(2) Humongous regions: 51->51
[0.113s][info ][gc,metaspace   ] GC(2) Metaspace: 128K(320K)->128K(320K) NonClass: 122K(192K)->122K(192K) Class: 5K(128K)->5K(128K)
[0.113s][debug][gc,heap        ] GC(2) Heap after GC invocations=3 (full 1):
[0.113s][debug][gc,heap        ] GC(2)  garbage-first heap   total 133120K, used 65332K [0x00000000f0000000, 0x0000000100000000)
[0.113s][debug][gc,heap        ] GC(2)   region size 1024K, 1 young (1024K), 1 survivors (1024K)
[0.113s][debug][gc,heap        ] GC(2)  Metaspace       used 128K, committed 320K, reserved 1114112K
[0.113s][debug][gc,heap        ] GC(2)   class space    used 5K, committed 128K, reserved 1048576K
[0.113s][info ][gc             ] GC(2) Pause Young (Concurrent Start) (G1 Evacuation Pause) 64M->63M(130M) 3.074ms
[0.113s][info ][gc,cpu         ] GC(2) User=0.00s Sys=0.00s Real=0.00s
[0.113s][info ][gc             ] GC(3) Concurrent Mark Cycle
[0.113s][info ][gc,marking     ] GC(3) Concurrent Clear Claimed Marks
[0.113s][info ][gc,marking     ] GC(3) Concurrent Clear Claimed Marks 0.010ms
[0.113s][info ][gc,marking     ] GC(3) Concurrent Scan Root Regions
[0.113s][debug][gc,ergo        ] GC(3) Running G1 Root Region Scan using 3 workers for 6 work units.
[0.113s][info ][gc,marking     ] GC(3) Concurrent Scan Root Regions 0.493ms
[0.113s][info ][gc,marking     ] GC(3) Concurrent Mark
[0.113s][info ][gc,marking     ] GC(3) Concurrent Mark From Roots
[0.113s][info ][gc,task        ] GC(3) Using 3 workers of 3 for marking
[0.115s][debug][gc,stats       ] ---------------------------------------------------------------------
[0.115s][debug][gc,stats       ] Marking Stats, task = 0, calls = 5
[0.115s][debug][gc,stats       ]   Elapsed time = 1.10ms, Termination time = 0.97ms
[0.115s][debug][gc,stats       ]   Step Times (cum): num = 5, avg = 0.19ms, sd = 0.20ms max = 0.54ms, total = 0.97ms
[0.115s][debug][gc,stats       ]   Mark Stats Cache: hits 5053 misses 0 ratio 100.000
[0.115s][debug][gc,stats       ] ---------------------------------------------------------------------
[0.115s][debug][gc,stats       ] Marking Stats, task = 1, calls = 5
[0.115s][debug][gc,stats       ]   Elapsed time = 1.09ms, Termination time = 1.08ms
[0.115s][debug][gc,stats       ]   Step Times (cum): num = 5, avg = 0.22ms, sd = 0.43ms max = 1.08ms, total = 1.08ms
[0.115s][debug][gc,stats       ]   Mark Stats Cache: hits 6796 misses 0 ratio 100.000
[0.115s][debug][gc,stats       ] ---------------------------------------------------------------------
[0.115s][debug][gc,stats       ] Marking Stats, task = 2, calls = 1
[0.115s][debug][gc,stats       ]   Elapsed time = 1.07ms, Termination time = 0.00ms
[0.115s][debug][gc,stats       ]   Step Times (cum): num = 1, avg = 0.00ms, sd = 0.00ms max = 0.00ms, total = 0.00ms
[0.115s][debug][gc,stats       ]   Mark Stats Cache: hits 12260 misses 0 ratio 100.000
[0.115s][debug][gc,stats       ] ---------------------------------------------------------------------
[0.115s][info ][gc,marking     ] GC(3) Concurrent Mark From Roots 1.242ms
[0.115s][info ][gc,marking     ] GC(3) Concurrent Preclean
[0.115s][debug][gc,ref,start   ] GC(3) Preclean SoftReferences
[0.115s][debug][gc,ref         ] GC(3) Preclean SoftReferences 0.053ms
[0.115s][debug][gc,ref,start   ] GC(3) Preclean WeakReferences
[0.115s][debug][gc,ref         ] GC(3) Preclean WeakReferences 0.047ms
[0.115s][debug][gc,ref,start   ] GC(3) Preclean FinalReferences
[0.115s][debug][gc,ref         ] GC(3) Preclean FinalReferences 0.045ms
[0.115s][debug][gc,ref,start   ] GC(3) Preclean PhantomReferences
[0.115s][debug][gc,ref         ] GC(3) Preclean PhantomReferences 0.046ms
[0.115s][info ][gc,marking     ] GC(3) Concurrent Preclean 0.211ms
[0.115s][info ][gc,start       ] GC(3) Pause Remark
[0.115s][debug][gc,phases,start] GC(3) Finalize Marking
[0.116s][debug][gc,stats       ] ---------------------------------------------------------------------
[0.116s][debug][gc,stats       ] Marking Stats, task = 0, calls = 58
[0.116s][debug][gc,stats       ]   Elapsed time = 0.34ms, Termination time = 0.97ms
[0.116s][debug][gc,stats       ]   Step Times (cum): num = 58, avg = 0.02ms, sd = 0.08ms max = 0.54ms, total = 0.97ms
[0.116s][debug][gc,stats       ]   Mark Stats Cache: hits 5053 misses 0 ratio 100.000
[0.116s][debug][gc,stats       ] ---------------------------------------------------------------------
[0.116s][debug][gc,stats       ] Marking Stats, task = 1, calls = 6
[0.116s][debug][gc,stats       ]   Elapsed time = 0.34ms, Termination time = 1.10ms
[0.116s][debug][gc,stats       ]   Step Times (cum): num = 6, avg = 0.18ms, sd = 0.40ms max = 1.08ms, total = 1.10ms
[0.116s][debug][gc,stats       ]   Mark Stats Cache: hits 6796 misses 0 ratio 100.000
[0.116s][debug][gc,stats       ] ---------------------------------------------------------------------
[0.116s][debug][gc,stats       ] Marking Stats, task = 2, calls = 2
[0.116s][debug][gc,stats       ]   Elapsed time = 0.31ms, Termination time = 0.02ms
[0.116s][debug][gc,stats       ]   Step Times (cum): num = 2, avg = 0.01ms, sd = 0.01ms max = 0.02ms, total = 0.02ms
[0.116s][debug][gc,stats       ]   Mark Stats Cache: hits 12260 misses 0 ratio 100.000
[0.116s][debug][gc,stats       ] ---------------------------------------------------------------------
[0.116s][debug][gc,stats       ] Marking Stats, task = 3, calls = 1
[0.116s][debug][gc,stats       ]   Elapsed time = 0.29ms, Termination time = 0.02ms
[0.116s][debug][gc,stats       ]   Step Times (cum): num = 1, avg = 0.02ms, sd = 0.00ms max = 0.02ms, total = 0.02ms
[0.116s][debug][gc,stats       ]   Mark Stats Cache: hits 0 misses 0 ratio 0.000
[0.116s][debug][gc,stats       ] ---------------------------------------------------------------------
[0.116s][debug][gc,stats       ] Marking Stats, task = 4, calls = 1
[0.116s][debug][gc,stats       ]   Elapsed time = 0.29ms, Termination time = 0.04ms
[0.116s][debug][gc,stats       ]   Step Times (cum): num = 1, avg = 0.04ms, sd = 0.00ms max = 0.04ms, total = 0.04ms
[0.116s][debug][gc,stats       ]   Mark Stats Cache: hits 0 misses 0 ratio 0.000
[0.116s][debug][gc,stats       ] ---------------------------------------------------------------------
[0.116s][debug][gc,stats       ] Marking Stats, task = 5, calls = 1
[0.116s][debug][gc,stats       ]   Elapsed time = 0.27ms, Termination time = 0.02ms
[0.116s][debug][gc,stats       ]   Step Times (cum): num = 1, avg = 0.02ms, sd = 0.00ms max = 0.02ms, total = 0.02ms
[0.116s][debug][gc,stats       ]   Mark Stats Cache: hits 0 misses 0 ratio 0.000
[0.116s][debug][gc,stats       ] ---------------------------------------------------------------------
[0.116s][debug][gc,stats       ] Marking Stats, task = 6, calls = 1
[0.116s][debug][gc,stats       ]   Elapsed time = 0.26ms, Termination time = 0.02ms
[0.116s][debug][gc,stats       ]   Step Times (cum): num = 1, avg = 0.02ms, sd = 0.00ms max = 0.02ms, total = 0.02ms
[0.116s][debug][gc,stats       ]   Mark Stats Cache: hits 0 misses 0 ratio 0.000
[0.116s][debug][gc,stats       ] ---------------------------------------------------------------------
[0.116s][debug][gc,stats       ] Marking Stats, task = 7, calls = 1
[0.116s][debug][gc,stats       ]   Elapsed time = 0.24ms, Termination time = 0.02ms
[0.116s][debug][gc,stats       ]   Step Times (cum): num = 1, avg = 0.02ms, sd = 0.00ms max = 0.02ms, total = 0.02ms
[0.116s][debug][gc,stats       ]   Mark Stats Cache: hits 0 misses 0 ratio 0.000
[0.116s][debug][gc,stats       ] ---------------------------------------------------------------------
[0.116s][debug][gc,stats       ] Marking Stats, task = 8, calls = 1
[0.116s][debug][gc,stats       ]   Elapsed time = 0.27ms, Termination time = 0.02ms
[0.116s][debug][gc,stats       ]   Step Times (cum): num = 1, avg = 0.02ms, sd = 0.00ms max = 0.02ms, total = 0.02ms
[0.116s][debug][gc,stats       ]   Mark Stats Cache: hits 0 misses 0 ratio 0.000
[0.116s][debug][gc,stats       ] ---------------------------------------------------------------------
[0.116s][debug][gc,stats       ] Marking Stats, task = 9, calls = 1
[0.116s][debug][gc,stats       ]   Elapsed time = 0.18ms, Termination time = 0.01ms
[0.116s][debug][gc,stats       ]   Step Times (cum): num = 1, avg = 0.01ms, sd = 0.00ms max = 0.01ms, total = 0.01ms
[0.116s][debug][gc,stats       ]   Mark Stats Cache: hits 0 misses 0 ratio 0.000
[0.116s][debug][gc,stats       ] ---------------------------------------------------------------------
[0.116s][debug][gc,stats       ] Marking Stats, task = 10, calls = 1
[0.116s][debug][gc,stats       ]   Elapsed time = 0.12ms, Termination time = 0.01ms
[0.116s][debug][gc,stats       ]   Step Times (cum): num = 1, avg = 0.01ms, sd = 0.00ms max = 0.01ms, total = 0.01ms
[0.116s][debug][gc,stats       ]   Mark Stats Cache: hits 0 misses 0 ratio 0.000
[0.116s][debug][gc,stats       ] ---------------------------------------------------------------------
[0.116s][debug][gc,stats       ] Marking Stats, task = 11, calls = 1
[0.116s][debug][gc,stats       ]   Elapsed time = 0.12ms, Termination time = 0.00ms
[0.116s][debug][gc,stats       ]   Step Times (cum): num = 1, avg = 0.00ms, sd = 0.00ms max = 0.00ms, total = 0.00ms
[0.116s][debug][gc,stats       ]   Mark Stats Cache: hits 0 misses 0 ratio 0.000
[0.116s][debug][gc,stats       ] ---------------------------------------------------------------------
[0.116s][debug][gc,phases      ] GC(3) Finalize Marking 0.783ms
[0.116s][debug][gc,phases,start] GC(3) Reference Processing
[0.116s][debug][gc,ref         ] GC(3) Skipped phase 1 of Reference Processing: no references
[0.116s][debug][gc,ref         ] GC(3) Skipped phase 2 of Reference Processing: no references
[0.116s][debug][gc,ref         ] GC(3) Skipped phase 3 of Reference Processing: no references
[0.116s][debug][gc,ref         ] GC(3) Skipped phase 4 of Reference Processing: no references
[0.116s][debug][gc,phases,ref  ] GC(3) Reference Processing: 0.0ms
[0.116s][debug][gc,phases,ref  ] GC(3)   Reconsider SoftReferences: 0.0ms
[0.116s][debug][gc,phases,ref  ] GC(3)     SoftRef (ms):                  skipped
[0.116s][debug][gc,phases,ref  ] GC(3)   Notify Soft/WeakReferences: 0.0ms
[0.116s][debug][gc,phases,ref  ] GC(3)     SoftRef (ms):                  skipped
[0.116s][debug][gc,phases,ref  ] GC(3)     WeakRef (ms):                  skipped
[0.116s][debug][gc,phases,ref  ] GC(3)     FinalRef (ms):                 skipped
[0.116s][debug][gc,phases,ref  ] GC(3)     Total (ms):                    skipped
[0.116s][debug][gc,phases,ref  ] GC(3)   Notify and keep alive finalizable: 0.0ms
[0.116s][debug][gc,phases,ref  ] GC(3)     FinalRef (ms):                 skipped
[0.116s][debug][gc,phases,ref  ] GC(3)   Notify PhantomReferences: 0.0ms
[0.116s][debug][gc,phases,ref  ] GC(3)     PhantomRef (ms):               skipped
[0.116s][debug][gc,phases,ref  ] GC(3)   SoftReference:
[0.116s][debug][gc,phases,ref  ] GC(3)     Discovered: 0
[0.116s][debug][gc,phases,ref  ] GC(3)     Cleared: 0
[0.116s][debug][gc,phases,ref  ] GC(3)   WeakReference:
[0.116s][debug][gc,phases,ref  ] GC(3)     Discovered: 0
[0.116s][debug][gc,phases,ref  ] GC(3)     Cleared: 0
[0.116s][debug][gc,phases,ref  ] GC(3)   FinalReference:
[0.116s][debug][gc,phases,ref  ] GC(3)     Discovered: 0
[0.116s][debug][gc,phases,ref  ] GC(3)     Cleared: 0
[0.116s][debug][gc,phases,ref  ] GC(3)   PhantomReference:
[0.116s][debug][gc,phases,ref  ] GC(3)     Discovered: 0
[0.116s][debug][gc,phases,ref  ] GC(3)     Cleared: 0
[0.116s][debug][gc,phases      ] GC(3) Reference Processing 0.147ms
[0.116s][debug][gc,phases,start] GC(3) Weak Processing
[0.116s][debug][gc,phases      ] GC(3)   VM Weak                        Min:  0.0, Avg:  0.0, Max:  0.0, Diff:  0.0, Sum:  0.0, Workers: 1
[0.116s][debug][gc,phases      ] GC(3)     Dead                           Min: 0, Avg:  0.0, Max: 0, Diff: 0, Sum: 0, Workers: 1
[0.116s][debug][gc,phases      ] GC(3)     Total                          Min: 4, Avg:  4.0, Max: 4, Diff: 0, Sum: 4, Workers: 1
[0.116s][debug][gc,phases      ] GC(3)   ObjectSynchronizer Weak        Min:  0.0, Avg:  0.0, Max:  0.0, Diff:  0.0, Sum:  0.0, Workers: 1
[0.116s][debug][gc,phases      ] GC(3)     Dead                           Min: 0, Avg:  0.0, Max: 0, Diff: 0, Sum: 0, Workers: 1
[0.116s][debug][gc,phases      ] GC(3)     Total                          Min: 4, Avg:  4.0, Max: 4, Diff: 0, Sum: 4, Workers: 1
[0.116s][debug][gc,phases      ] GC(3)   JVMTI Tag Weak OopStorage      Min:  0.0, Avg:  0.0, Max:  0.0, Diff:  0.0, Sum:  0.0, Workers: 1
[0.116s][debug][gc,phases      ] GC(3)     Dead                           Min: 0, Avg:  0.0, Max: 0, Diff: 0, Sum: 0, Workers: 1
[0.116s][debug][gc,phases      ] GC(3)     Total                          Min: 0, Avg:  0.0, Max: 0, Diff: 0, Sum: 0, Workers: 1
[0.116s][debug][gc,phases      ] GC(3)   StringTable Weak               Min:  0.0, Avg:  0.0, Max:  0.0, Diff:  0.0, Sum:  0.0, Workers: 1
[0.116s][debug][gc,phases      ] GC(3)     Dead                           Min: 0, Avg:  0.0, Max: 0, Diff: 0, Sum: 0, Workers: 1
[0.116s][debug][gc,phases      ] GC(3)     Total                          Min: 39, Avg: 39.0, Max: 39, Diff: 0, Sum: 39, Workers: 1
[0.116s][debug][gc,phases      ] GC(3)   ResolvedMethodTable Weak       Min:  0.0, Avg:  0.0, Max:  0.0, Diff:  0.0, Sum:  0.0, Workers: 1
[0.116s][debug][gc,phases      ] GC(3)     Dead                           Min: 0, Avg:  0.0, Max: 0, Diff: 0, Sum: 0, Workers: 1
[0.116s][debug][gc,phases      ] GC(3)     Total                          Min: 22, Avg: 22.0, Max: 22, Diff: 0, Sum: 22, Workers: 1
[0.116s][debug][gc,phases      ] GC(3)   JNI Weak                       Min:  0.0, Avg:  0.0, Max:  0.0, Diff:  0.0, Sum:  0.0, Workers: 1
[0.116s][debug][gc,phases      ] GC(3)     Dead                           Min: 0, Avg:  0.0, Max: 0, Diff: 0, Sum: 0, Workers: 1
[0.116s][debug][gc,phases      ] GC(3)     Total                          Min: 0, Avg:  0.0, Max: 0, Diff: 0, Sum: 0, Workers: 1
[0.116s][debug][gc,phases      ] GC(3)   StringDedup Table Weak         Min:  0.0, Avg:  0.0, Max:  0.0, Diff:  0.0, Sum:  0.0, Workers: 1
[0.116s][debug][gc,phases      ] GC(3)     Dead                           Min: 0, Avg:  0.0, Max: 0, Diff: 0, Sum: 0, Workers: 1
[0.116s][debug][gc,phases      ] GC(3)     Total                          Min: 0, Avg:  0.0, Max: 0, Diff: 0, Sum: 0, Workers: 1
[0.116s][debug][gc,phases      ] GC(3)   StringDedup Requests0 Weak     Min:  0.0, Avg:  0.0, Max:  0.0, Diff:  0.0, Sum:  0.0, Workers: 1
[0.116s][debug][gc,phases      ] GC(3)     Dead                           Min: 0, Avg:  0.0, Max: 0, Diff: 0, Sum: 0, Workers: 1
[0.116s][debug][gc,phases      ] GC(3)     Total                          Min: 0, Avg:  0.0, Max: 0, Diff: 0, Sum: 0, Workers: 1
[0.116s][debug][gc,phases      ] GC(3)   StringDedup Requests1 Weak     Min:  0.0, Avg:  0.0, Max:  0.0, Diff:  0.0, Sum:  0.0, Workers: 1
[0.116s][debug][gc,phases      ] GC(3)     Dead                           Min: 0, Avg:  0.0, Max: 0, Diff: 0, Sum: 0, Workers: 1
[0.116s][debug][gc,phases      ] GC(3)     Total                          Min: 0, Avg:  0.0, Max: 0, Diff: 0, Sum: 0, Workers: 1
[0.116s][debug][gc,phases      ] GC(3)   Weak JFR Old Object Samples    Min:  0.0, Avg:  0.0, Max:  0.0, Diff:  0.0, Sum:  0.0, Workers: 1
[0.116s][debug][gc,phases      ] GC(3)     Dead                           Min: 0, Avg:  0.0, Max: 0, Diff: 0, Sum: 0, Workers: 1
[0.116s][debug][gc,phases      ] GC(3)     Total                          Min: 0, Avg:  0.0, Max: 0, Diff: 0, Sum: 0, Workers: 1
[0.116s][debug][gc,phases      ] GC(3) Weak Processing 0.274ms
[0.116s][debug][gc,phases,start] GC(3) Class Unloading
[0.116s][debug][gc,phases,start] GC(3) ClassLoaderData
[0.116s][debug][gc,phases      ] GC(3) ClassLoaderData 0.006ms
[0.116s][debug][gc,phases,start] GC(3) Trigger cleanups
[0.116s][debug][gc,phases      ] GC(3) Trigger cleanups 0.005ms
[0.116s][debug][gc,phases      ] GC(3) Class Unloading 0.195ms
[0.116s][debug][gc,phases,start] GC(3) Flush Task Caches
[0.116s][debug][gc,stats       ] Mark stats cache hits 24109 misses 0 ratio 100.000
[0.116s][debug][gc,phases      ] GC(3) Flush Task Caches 0.033ms
[0.116s][debug][gc,phases,start] GC(3) Update Remembered Set Tracking Before Rebuild
[0.116s][debug][gc,ergo        ] GC(3) Running G1 Update RemSet Tracking Before Rebuild using 1 workers for 130 regions in heap
[0.117s][debug][gc,remset,tracking] GC(3) Remembered Set Tracking update regions total 130, selected 47
[0.117s][debug][gc,phases         ] GC(3) Update Remembered Set Tracking Before Rebuild 0.099ms
[0.117s][debug][gc,phases,start   ] GC(3) Reclaim Empty Regions
[0.117s][debug][gc                ] GC(3) Reclaimed 11 empty regions
[0.117s][debug][gc,phases         ] GC(3) Reclaim Empty Regions 0.171ms
[0.117s][debug][gc,phases,start   ] GC(3) Purge Metaspace
[0.117s][debug][gc,phases         ] GC(3) Purge Metaspace 0.006ms
[0.117s][debug][gc,phases,start   ] GC(3) Report Object Count
[0.117s][debug][gc,phases         ] GC(3) Report Object Count 0.005ms
[0.117s][debug][gc,mmu            ] GC(3) MMU: 7.9ms (50.0ms/51.0ms)
[0.117s][info ][gc                ] GC(3) Pause Remark 64M->53M(130M) 1.809ms
[0.117s][info ][gc,cpu            ] GC(3) User=0.01s Sys=0.01s Real=0.00s
[0.117s][info ][gc,marking        ] GC(3) Concurrent Mark 3.463ms
[0.117s][info ][gc,marking        ] GC(3) Concurrent Rebuild Remembered Sets
[0.117s][info ][gc,marking        ] GC(3) Concurrent Rebuild Remembered Sets 0.368ms
[0.117s][info ][gc,start          ] GC(3) Pause Cleanup
[0.117s][debug][gc,phases,start   ] GC(3) Update Remembered Set Tracking After Rebuild
[0.117s][debug][gc,phases         ] GC(3) Update Remembered Set Tracking After Rebuild 0.017ms
[0.117s][debug][gc,phases,start   ] GC(3) Finalize Concurrent Mark Cleanup
[0.118s][debug][gc,ergo,cset      ] GC(3) Pruned 6 regions out of 6, leaving 2683096 bytes waste (allowed 6815744)
[0.118s][debug][gc,ergo           ] GC(3) request young-only gcs (candidate old regions not available)
[0.118s][debug][gc,mmu            ] GC(3) MMU: 8.2ms (50.0ms/51.0ms)
[0.118s][debug][gc,phases         ] GC(3) Finalize Concurrent Mark Cleanup 0.307ms
[0.118s][info ][gc                ] GC(3) Pause Cleanup 53M->53M(130M) 0.376ms
[0.118s][info ][gc,cpu            ] GC(3) User=0.00s Sys=0.00s Real=0.00s
[0.118s][info ][gc,marking        ] GC(3) Concurrent Cleanup for Next Mark
[0.118s][debug][gc,ergo           ] GC(3) Running G1 Clear Bitmap with 3 workers for 3 work units.
[0.118s][info ][gc,marking        ] GC(3) Concurrent Cleanup for Next Mark 0.508ms
[0.118s][info ][gc                ] GC(3) Concurrent Mark Cycle 5.446ms
[0.131s][debug][gc,heap           ] GC(4) Heap before GC invocations=4 (full 1):
[0.131s][debug][gc,heap           ] GC(4)  garbage-first heap   total 133120K, used 60212K [0x00000000f0000000, 0x0000000100000000)
[0.131s][debug][gc,heap           ] GC(4)   region size 1024K, 6 young (6144K), 1 survivors (1024K)
[0.131s][debug][gc,heap           ] GC(4)  Metaspace       used 131K, committed 320K, reserved 1114112K
[0.131s][debug][gc,heap           ] GC(4)   class space    used 5K, committed 128K, reserved 1048576K
[0.131s][info ][gc,start          ] GC(4) Pause Young (Normal) (G1 Evacuation Pause)
[0.131s][info ][gc,task           ] GC(4) Using 12 workers of 13 for evacuation
[0.131s][debug][gc,tlab           ] GC(4) TLAB totals: thrds: 5  refills: 5 max: 1 slow allocs: 67 max 14 waste: 41.6% gc: 234080B max: 47456B slow: 0B max: 0B
[0.131s][debug][gc,age            ] GC(4) Desired survivor size 524288 bytes, new threshold 1 (max threshold 15)
[0.131s][debug][gc,refine,stats   ] GC(4) Mutator refinement: 0.00ms, refined: 0, precleaned: 0, dirtied: 4
[0.131s][debug][gc,refine,stats   ] GC(4) Concurrent refinement: 0.00ms, refined: 0, precleaned: 0, dirtied: 0
[0.131s][debug][gc,refine,stats   ] GC(4) Total refinement: 0.00ms, refined: 0, precleaned: 0, dirtied: 4
[0.131s][debug][gc,refine,stats   ] GC(4) Generate dirty cards rate: 0.24 cards/ms
[0.131s][debug][gc,alloc,region   ] GC(4) Mutator Allocation stats, regions: 5, wasted size: 217K ( 4.2%)
[0.131s][debug][gc,humongous      ] GC(4) Humongous region 0 (object size 1048592 @ 0x00000000f0000000) remset 1 code roots 0 marked 0 reclaim candidate 1 type array 1
[0.131s][debug][gc,humongous      ] GC(4) Humongous region 2 (object size 1048592 @ 0x00000000f0200000) remset 1 code roots 0 marked 0 reclaim candidate 1 type array 1
[0.131s][debug][gc,humongous      ] GC(4) Humongous region 6 (object size 1048592 @ 0x00000000f0600000) remset 1 code roots 0 marked 0 reclaim candidate 1 type array 1
[0.131s][debug][gc,humongous      ] GC(4) Humongous region 14 (object size 1048592 @ 0x00000000f0e00000) remset 1 code roots 0 marked 0 reclaim candidate 1 type array 1
[0.131s][debug][gc,humongous      ] GC(4) Humongous region 22 (object size 1048592 @ 0x00000000f1600000) remset 1 code roots 0 marked 0 reclaim candidate 1 type array 1
[0.131s][debug][gc,humongous      ] GC(4) Humongous region 24 (object size 1048592 @ 0x00000000f1800000) remset 1 code roots 0 marked 0 reclaim candidate 1 type array 1
[0.131s][debug][gc,humongous      ] GC(4) Humongous region 26 (object size 1048592 @ 0x00000000f1a00000) remset 1 code roots 0 marked 0 reclaim candidate 1 type array 1
[0.131s][debug][gc,humongous      ] GC(4) Humongous region 32 (object size 1048592 @ 0x00000000f2000000) remset 1 code roots 0 marked 0 reclaim candidate 1 type array 1
[0.131s][debug][gc,humongous      ] GC(4) Humongous region 12 (object size 1048592 @ 0x00000000f0c00000) remset 1 code roots 0 marked 0 reclaim candidate 1 type array 1
[0.131s][debug][gc,humongous      ] GC(4) Humongous region 18 (object size 1048592 @ 0x00000000f1200000) remset 1 code roots 0 marked 0 reclaim candidate 1 type array 1
[0.131s][debug][gc,humongous      ] GC(4) Humongous region 40 (object size 1048592 @ 0x00000000f2800000) remset 0 code roots 0 marked 0 reclaim candidate 1 type array 1
[0.131s][debug][gc,humongous      ] GC(4) Humongous region 16 (object size 1048592 @ 0x00000000f1000000) remset 1 code roots 0 marked 0 reclaim candidate 1 type array 1
[0.131s][debug][gc,humongous      ] GC(4) Humongous region 8 (object size 1048592 @ 0x00000000f0800000) remset 1 code roots 0 marked 0 reclaim candidate 1 type array 1
[0.131s][debug][gc,humongous      ] GC(4) Humongous region 28 (object size 1048592 @ 0x00000000f1c00000) remset 1 code roots 0 marked 0 reclaim candidate 1 type array 1
[0.131s][debug][gc,humongous      ] GC(4) Humongous region 30 (object size 1048592 @ 0x00000000f1e00000) remset 1 code roots 0 marked 0 reclaim candidate 1 type array 1
[0.131s][debug][gc,humongous      ] GC(4) Humongous region 10 (object size 1048592 @ 0x00000000f0a00000) remset 1 code roots 0 marked 0 reclaim candidate 1 type array 1
[0.131s][debug][gc,humongous      ] GC(4) Humongous region 4 (object size 1048592 @ 0x00000000f0400000) remset 1 code roots 0 marked 0 reclaim candidate 1 type array 1
[0.131s][debug][gc,humongous      ] GC(4) Humongous region 36 (object size 1048592 @ 0x00000000f2400000) remset 1 code roots 0 marked 0 reclaim candidate 1 type array 1
[0.131s][debug][gc,humongous      ] GC(4) Humongous region 38 (object size 1048592 @ 0x00000000f2600000) remset 1 code roots 0 marked 0 reclaim candidate 1 type array 1
[0.131s][debug][gc,humongous      ] GC(4) Humongous region 20 (object size 1048592 @ 0x00000000f1400000) remset 1 code roots 0 marked 0 reclaim candidate 1 type array 1
[0.131s][debug][gc,humongous      ] GC(4) Humongous region 34 (object size 1048592 @ 0x00000000f2200000) remset 1 code roots 0 marked 0 reclaim candidate 1 type array 1
[0.131s][debug][gc,ergo           ] GC(4) Running G1 Merge Heap Roots using 12 workers for 6 regions
[0.131s][debug][gc,remset         ] GC(4) Visited cards 96 Total dirty 2048 (4.69%) Total old 139264 (0.07%)
[0.132s][debug][gc,ref            ] GC(4) Skipped phase 1 of Reference Processing: no references
[0.132s][debug][gc,ref            ] GC(4) Skipped phase 2 of Reference Processing: no references
[0.132s][debug][gc,ref            ] GC(4) Skipped phase 3 of Reference Processing: no references
[0.132s][debug][gc,ref            ] GC(4) Skipped phase 4 of Reference Processing: no references
[0.133s][debug][gc,ergo           ] GC(4) Running G1 Rebuild Free List Task using 12 workers for rebuilding free list of regions
[0.133s][debug][gc,plab           ] GC(4) Young PLAB allocation: allocated: 0B, wasted: 0B, unused: 0B, used: 0B, undo waste: 0B, 
[0.133s][debug][gc,plab           ] GC(4) Young other allocation: region end waste: 64304B, regions filled: 1, direct allocated: 984272B, failure used: 0B, failure wasted: 0B
[0.133s][debug][gc,plab           ] GC(4) Young sizing: calculated: 0B, actual: 2064B
[0.133s][debug][gc,plab           ] GC(4) Old PLAB allocation: allocated: 0B, wasted: 0B, unused: 0B, used: 0B, undo waste: 0B, 
[0.133s][debug][gc,plab           ] GC(4) Old other allocation: region end waste: 326160B, regions filled: 6, direct allocated: 4523088B, failure used: 0B, failure wasted: 0B
[0.133s][debug][gc,plab           ] GC(4) Old sizing: calculated: 0B, actual: 2064B
[0.133s][debug][gc,ergo,heap      ] GC(4) Heap expansion: short term pause time ratio 34.37% long term pause time ratio 7.52% threshold 7.69% pause time ratio 7.69% fully expanded false resize by 0B
[0.133s][debug][gc,ergo,ihop      ] GC(4) Request concurrent cycle initiation (occupancy higher than threshold) occupancy: 63963136B allocation request: 0B threshold: 60397977B (44.31) source: end of GC
[0.133s][debug][gc,mmu            ] GC(4) MMU: 10.5ms (50.0ms/51.0ms)
[0.133s][debug][gc,alloc,stats    ] Old generation allocation in the last mutator period, old gen allocated: 0B, humongous allocated: 2097152B,old gen growth: 0B.
[0.133s][debug][gc,ihop           ] GC(4) Basic information (value update), threshold: 60397977B (45.00), target occupancy: 134217728B, current occupancy: 62312640B, recent allocation size: 2097152B, recent allocation duration: 16.44ms, recent old gen allocation rate: 127541841.12B/s, recent marking phase length: 0.00ms
[0.133s][debug][gc,ihop           ] GC(4) Adaptive IHOP information (value update), threshold: 60397977B (47.37), internal target occupancy: 127506841B, occupancy: 62312640B, additional buffer size: 7340032B, predicted old gen allocation rate: 19561.48B/s, predicted marking phase length: 0.00ms, prediction active: false
[0.133s][debug][gc,ergo,refine    ] GC(4) Concurrent refinement times: Logged Cards Scan time goal: 5.00ms Logged Cards Scan time: 0.00ms HCC time: 0.00ms
[0.133s][debug][gc,ergo,refine    ] GC(4) Updated Refinement Zones: green: 3328, yellow: 9984, red: 16640
[0.133s][info ][gc,phases         ] GC(4)   Pre Evacuate Collection Set: 0.5ms
[0.133s][debug][gc,phases         ] GC(4)     Prepare TLABs: 0.0ms
[0.133s][debug][gc,phases         ] GC(4)     Concatenate Dirty Card Logs: 0.0ms
[0.133s][debug][gc,phases         ] GC(4)     Choose Collection Set: 0.0ms
[0.133s][debug][gc,phases         ] GC(4)     Region Register: 0.5ms
[0.133s][debug][gc,phases         ] GC(4)     Prepare Heap Roots: 0.0ms
[0.133s][info ][gc,phases         ] GC(4)   Merge Heap Roots: 0.3ms
[0.133s][debug][gc,phases         ] GC(4)     Prepare Merge Heap Roots: 0.0ms
[0.133s][debug][gc,phases         ] GC(4)     Eager Reclaim (ms):            Min:  0.0, Avg:  0.0, Max:  0.0, Diff:  0.0, Sum:  0.0, Workers: 1
[0.133s][debug][gc,phases         ] GC(4)     Remembered Sets (ms):          Min:  0.0, Avg:  0.0, Max:  0.0, Diff:  0.0, Sum:  0.0, Workers: 12
[0.133s][debug][gc,phases         ] GC(4)       Merged Sparse:                 Min: 0, Avg:  1.8, Max: 21, Diff: 21, Sum: 21, Workers: 12
[0.133s][debug][gc,phases         ] GC(4)       Merged Fine:                   Min: 0, Avg:  0.0, Max: 0, Diff: 0, Sum: 0, Workers: 12
[0.133s][debug][gc,phases         ] GC(4)       Merged Coarse:                 Min: 0, Avg:  0.0, Max: 0, Diff: 0, Sum: 0, Workers: 12
[0.133s][debug][gc,phases         ] GC(4)       Dirty Cards:                   Min: 0, Avg:  0.1, Max: 1, Diff: 1, Sum: 1, Workers: 12
[0.133s][debug][gc,phases         ] GC(4)     Hot Card Cache (ms):           Min:  0.0, Avg:  0.0, Max:  0.0, Diff:  0.0, Sum:  0.0, Workers: 12
[0.133s][debug][gc,phases         ] GC(4)       Dirty Cards:                   Min: 0, Avg:  0.0, Max: 0, Diff: 0, Sum: 0, Workers: 12
[0.133s][debug][gc,phases         ] GC(4)       Skipped Cards:                 Min: 0, Avg:  0.0, Max: 0, Diff: 0, Sum: 0, Workers: 12
[0.133s][debug][gc,phases         ] GC(4)     Log Buffers (ms):              Min:  0.0, Avg:  0.0, Max:  0.0, Diff:  0.0, Sum:  0.0, Workers: 12
[0.133s][debug][gc,phases         ] GC(4)       Dirty Cards:                   Min: 0, Avg:  0.0, Max: 0, Diff: 0, Sum: 0, Workers: 12
[0.133s][debug][gc,phases         ] GC(4)       Skipped Cards:                 Min: 0, Avg:  0.0, Max: 0, Diff: 0, Sum: 0, Workers: 12
[0.133s][info ][gc,phases         ] GC(4)   Evacuate Collection Set: 0.9ms
[0.133s][debug][gc,phases         ] GC(4)     Ext Root Scanning (ms):        Min:  0.0, Avg:  0.0, Max:  0.1, Diff:  0.1, Sum:  0.1, Workers: 12
[0.133s][debug][gc,phases         ] GC(4)     Scan Heap Roots (ms):          Min:  0.0, Avg:  0.0, Max:  0.0, Diff:  0.0, Sum:  0.0, Workers: 12
[0.133s][debug][gc,phases         ] GC(4)       Scanned Cards:                 Min: 0, Avg:  0.5, Max: 3, Diff: 3, Sum: 6, Workers: 12
[0.133s][debug][gc,phases         ] GC(4)       Scanned Blocks:                Min: 0, Avg:  0.4, Max: 2, Diff: 2, Sum: 5, Workers: 12
[0.133s][debug][gc,phases         ] GC(4)       Claimed Chunks:                Min: 0, Avg:  0.2, Max: 1, Diff: 1, Sum: 3, Workers: 12
[0.133s][debug][gc,phases         ] GC(4)     Code Root Scan (ms):           Min:  0.0, Avg:  0.0, Max:  0.0, Diff:  0.0, Sum:  0.0, Workers: 12
[0.133s][debug][gc,phases         ] GC(4)     Object Copy (ms):              Min:  0.2, Avg:  0.3, Max:  0.5, Diff:  0.3, Sum:  3.8, Workers: 12
[0.133s][debug][gc,phases         ] GC(4)     Termination (ms):              Min:  0.2, Avg:  0.3, Max:  0.3, Diff:  0.2, Sum:  3.4, Workers: 12
[0.133s][debug][gc,phases         ] GC(4)       Termination Attempts:          Min: 1, Avg:  1.2, Max: 2, Diff: 1, Sum: 14, Workers: 12
[0.133s][debug][gc,phases         ] GC(4)     GC Worker Other (ms):          Min:  0.0, Avg:  0.0, Max:  0.0, Diff:  0.0, Sum:  0.1, Workers: 12
[0.133s][debug][gc,phases         ] GC(4)     GC Worker Total (ms):          Min:  0.5, Avg:  0.6, Max:  0.8, Diff:  0.2, Sum:  7.5, Workers: 12
[0.133s][info ][gc,phases         ] GC(4)   Post Evacuate Collection Set: 0.6ms
[0.133s][debug][gc,phases         ] GC(4)     Code Roots Fixup: 0.0ms
[0.133s][debug][gc,phases         ] GC(4)     Reference Processing: 0.0ms
[0.133s][debug][gc,phases,ref     ] GC(4)       Reconsider SoftReferences: 0.0ms
[0.133s][debug][gc,phases,ref     ] GC(4)         SoftRef (ms):                  skipped
[0.133s][debug][gc,phases,ref     ] GC(4)       Notify Soft/WeakReferences: 0.0ms
[0.133s][debug][gc,phases,ref     ] GC(4)         SoftRef (ms):                  skipped
[0.133s][debug][gc,phases,ref     ] GC(4)         WeakRef (ms):                  skipped
[0.133s][debug][gc,phases,ref     ] GC(4)         FinalRef (ms):                 skipped
[0.133s][debug][gc,phases,ref     ] GC(4)         Total (ms):                    skipped
[0.133s][debug][gc,phases,ref     ] GC(4)       Notify and keep alive finalizable: 0.0ms
[0.133s][debug][gc,phases,ref     ] GC(4)         FinalRef (ms):                 skipped
[0.133s][debug][gc,phases,ref     ] GC(4)       Notify PhantomReferences: 0.0ms
[0.133s][debug][gc,phases,ref     ] GC(4)         PhantomRef (ms):               skipped
[0.133s][debug][gc,phases,ref     ] GC(4)       SoftReference:
[0.133s][debug][gc,phases,ref     ] GC(4)         Discovered: 0
[0.133s][debug][gc,phases,ref     ] GC(4)         Cleared: 0
[0.133s][debug][gc,phases,ref     ] GC(4)       WeakReference:
[0.133s][debug][gc,phases,ref     ] GC(4)         Discovered: 0
[0.133s][debug][gc,phases,ref     ] GC(4)         Cleared: 0
[0.133s][debug][gc,phases,ref     ] GC(4)       FinalReference:
[0.133s][debug][gc,phases,ref     ] GC(4)         Discovered: 0
[0.133s][debug][gc,phases,ref     ] GC(4)         Cleared: 0
[0.133s][debug][gc,phases,ref     ] GC(4)       PhantomReference:
[0.133s][debug][gc,phases,ref     ] GC(4)         Discovered: 0
[0.133s][debug][gc,phases,ref     ] GC(4)         Cleared: 0
[0.133s][debug][gc,phases         ] GC(4)     Weak Processing: 0.1ms
[0.133s][debug][gc,phases         ] GC(4)       VM Weak                        Min:  0.0, Avg:  0.0, Max:  0.0, Diff:  0.0, Sum:  0.0, Workers: 1
[0.133s][debug][gc,phases         ] GC(4)         Dead                           Min: 0, Avg:  0.0, Max: 0, Diff: 0, Sum: 0, Workers: 1
[0.133s][debug][gc,phases         ] GC(4)         Total                          Min: 4, Avg:  4.0, Max: 4, Diff: 0, Sum: 4, Workers: 1
[0.133s][debug][gc,phases         ] GC(4)       ObjectSynchronizer Weak        Min:  0.0, Avg:  0.0, Max:  0.0, Diff:  0.0, Sum:  0.0, Workers: 1
[0.133s][debug][gc,phases         ] GC(4)         Dead                           Min: 0, Avg:  0.0, Max: 0, Diff: 0, Sum: 0, Workers: 1
[0.133s][debug][gc,phases         ] GC(4)         Total                          Min: 4, Avg:  4.0, Max: 4, Diff: 0, Sum: 4, Workers: 1
[0.133s][debug][gc,phases         ] GC(4)       JVMTI Tag Weak OopStorage      Min:  0.0, Avg:  0.0, Max:  0.0, Diff:  0.0, Sum:  0.0, Workers: 1
[0.133s][debug][gc,phases         ] GC(4)         Dead                           Min: 0, Avg:  0.0, Max: 0, Diff: 0, Sum: 0, Workers: 1
[0.133s][debug][gc,phases         ] GC(4)         Total                          Min: 0, Avg:  0.0, Max: 0, Diff: 0, Sum: 0, Workers: 1
[0.133s][debug][gc,phases         ] GC(4)       StringTable Weak               Min:  0.0, Avg:  0.0, Max:  0.0, Diff:  0.0, Sum:  0.0, Workers: 1
[0.133s][debug][gc,phases         ] GC(4)         Dead                           Min: 0, Avg:  0.0, Max: 0, Diff: 0, Sum: 0, Workers: 1
[0.133s][debug][gc,phases         ] GC(4)         Total                          Min: 39, Avg: 39.0, Max: 39, Diff: 0, Sum: 39, Workers: 1
[0.134s][debug][gc,phases         ] GC(4)       ResolvedMethodTable Weak       Min:  0.0, Avg:  0.0, Max:  0.0, Diff:  0.0, Sum:  0.0, Workers: 1
[0.134s][debug][gc,phases         ] GC(4)         Dead                           Min: 0, Avg:  0.0, Max: 0, Diff: 0, Sum: 0, Workers: 1
[0.134s][debug][gc,phases         ] GC(4)         Total                          Min: 22, Avg: 22.0, Max: 22, Diff: 0, Sum: 22, Workers: 1
[0.134s][debug][gc,phases         ] GC(4)       JNI Weak                       Min:  0.0, Avg:  0.0, Max:  0.0, Diff:  0.0, Sum:  0.0, Workers: 1
[0.134s][debug][gc,phases         ] GC(4)         Dead                           Min: 0, Avg:  0.0, Max: 0, Diff: 0, Sum: 0, Workers: 1
[0.134s][debug][gc,phases         ] GC(4)         Total                          Min: 0, Avg:  0.0, Max: 0, Diff: 0, Sum: 0, Workers: 1
[0.134s][debug][gc,phases         ] GC(4)       StringDedup Table Weak         Min:  0.0, Avg:  0.0, Max:  0.0, Diff:  0.0, Sum:  0.0, Workers: 1
[0.134s][debug][gc,phases         ] GC(4)         Dead                           Min: 0, Avg:  0.0, Max: 0, Diff: 0, Sum: 0, Workers: 1
[0.134s][debug][gc,phases         ] GC(4)         Total                          Min: 0, Avg:  0.0, Max: 0, Diff: 0, Sum: 0, Workers: 1
[0.134s][debug][gc,phases         ] GC(4)       StringDedup Requests0 Weak     Min:  0.0, Avg:  0.0, Max:  0.0, Diff:  0.0, Sum:  0.0, Workers: 1
[0.134s][debug][gc,phases         ] GC(4)         Dead                           Min: 0, Avg:  0.0, Max: 0, Diff: 0, Sum: 0, Workers: 1
[0.134s][debug][gc,phases         ] GC(4)         Total                          Min: 0, Avg:  0.0, Max: 0, Diff: 0, Sum: 0, Workers: 1
[0.134s][debug][gc,phases         ] GC(4)       StringDedup Requests1 Weak     Min:  0.0, Avg:  0.0, Max:  0.0, Diff:  0.0, Sum:  0.0, Workers: 1
[0.134s][debug][gc,phases         ] GC(4)         Dead                           Min: 0, Avg:  0.0, Max: 0, Diff: 0, Sum: 0, Workers: 1
[0.134s][debug][gc,phases         ] GC(4)         Total                          Min: 0, Avg:  0.0, Max: 0, Diff: 0, Sum: 0, Workers: 1
[0.134s][debug][gc,phases         ] GC(4)       Weak JFR Old Object Samples    Min:  0.0, Avg:  0.0, Max:  0.0, Diff:  0.0, Sum:  0.0, Workers: 1
[0.134s][debug][gc,phases         ] GC(4)         Dead                           Min: 0, Avg:  0.0, Max: 0, Diff: 0, Sum: 0, Workers: 1
[0.134s][debug][gc,phases         ] GC(4)         Total                          Min: 0, Avg:  0.0, Max: 0, Diff: 0, Sum: 0, Workers: 1
[0.134s][debug][gc,phases         ] GC(4)     Post Evacuate Cleanup 1: 0.1ms
[0.134s][debug][gc,phases         ] GC(4)       Merge Per-Thread State (ms):   Min:  0.0, Avg:  0.0, Max:  0.0, Diff:  0.0, Sum:  0.0, Workers: 1
[0.134s][debug][gc,phases         ] GC(4)         Copied Bytes                   Min: 65552, Avg: 458946.7, Max: 983280, Diff: 917728, Sum: 5507360, Workers: 12
[0.134s][debug][gc,phases         ] GC(4)         LAB Waste                      Min: 0, Avg:  0.0, Max: 0, Diff: 0, Sum: 0, Workers: 12
[0.134s][debug][gc,phases         ] GC(4)         LAB Undo Waste                 Min: 0, Avg:  0.0, Max: 0, Diff: 0, Sum: 0, Workers: 12
[0.134s][debug][gc,phases         ] GC(4)       Clear Logged Cards (ms):       Min:  0.0, Avg:  0.0, Max:  0.0, Diff:  0.0, Sum:  0.0, Workers: 3
[0.134s][debug][gc,phases         ] GC(4)       Recalculate Used Memory (ms):  Min:  0.0, Avg:  0.0, Max:  0.0, Diff:  0.0, Sum:  0.0, Workers: 1
[0.134s][debug][gc,phases         ] GC(4)     Post Evacuate Cleanup 2: 0.2ms
[0.134s][debug][gc,phases         ] GC(4)       Reset Hot Card Cache (ms):     Min:  0.0, Avg:  0.0, Max:  0.0, Diff:  0.0, Sum:  0.0, Workers: 1
[0.134s][debug][gc,phases         ] GC(4)       Purge Code Roots (ms):         Min:  0.0, Avg:  0.0, Max:  0.0, Diff:  0.0, Sum:  0.0, Workers: 1
[0.134s][debug][gc,phases         ] GC(4)       Update Derived Pointers (ms):  Min:  0.0, Avg:  0.0, Max:  0.0, Diff:  0.0, Sum:  0.0, Workers: 1
[0.134s][debug][gc,phases         ] GC(4)       Eagerly Reclaim Humongous Objects (ms): Min:  0.0, Avg:  0.0, Max:  0.0, Diff:  0.0, Sum:  0.0, Workers: 1
[0.134s][debug][gc,phases         ] GC(4)         Humongous Total                Min: 21, Avg: 21.0, Max: 21, Diff: 0, Sum: 21, Workers: 1
[0.134s][debug][gc,phases         ] GC(4)         Humongous Candidates           Min: 21, Avg: 21.0, Max: 21, Diff: 0, Sum: 21, Workers: 1
[0.134s][debug][gc,phases         ] GC(4)         Humongous Reclaimed            Min: 0, Avg:  0.0, Max: 0, Diff: 0, Sum: 0, Workers: 1
[0.134s][debug][gc,phases         ] GC(4)       Redirty Logged Cards (ms):     Min:  0.0, Avg:  0.0, Max:  0.0, Diff:  0.0, Sum:  0.0, Workers: 12
[0.134s][debug][gc,phases         ] GC(4)         Redirtied Cards:               Min: 0, Avg:  0.2, Max: 2, Diff: 2, Sum: 2, Workers: 12
[0.134s][debug][gc,phases         ] GC(4)       Free Collection Set (ms):      Min:  0.0, Avg:  0.0, Max:  0.0, Diff:  0.0, Sum:  0.0, Workers: 12
[0.134s][debug][gc,phases         ] GC(4)     Rebuild Free List: 0.2ms
[0.134s][debug][gc,phases         ] GC(4)     Start New Collection Set: 0.0ms
[0.134s][debug][gc,phases         ] GC(4)     Resize TLABs: 0.0ms
[0.134s][debug][gc,phases         ] GC(4)     Expand Heap After Collection: 0.0ms
[0.134s][info ][gc,phases         ] GC(4)   Other: 0.3ms
[0.134s][info ][gc,heap           ] GC(4) Eden regions: 5->0(6)
[0.134s][info ][gc,heap           ] GC(4) Survivor regions: 1->1(1)
[0.134s][info ][gc,heap           ] GC(4) Old regions: 12->17
[0.134s][info ][gc,heap           ] GC(4) Archive regions: 2->2
[0.134s][info ][gc,heap           ] GC(4) Humongous regions: 42->42
[0.134s][info ][gc,metaspace      ] GC(4) Metaspace: 131K(320K)->131K(320K) NonClass: 126K(192K)->126K(192K) Class: 5K(128K)->5K(128K)
[0.134s][debug][gc,heap           ] GC(4) Heap after GC invocations=5 (full 1):
[0.134s][debug][gc,heap           ] GC(4)  garbage-first heap   total 133120K, used 60852K [0x00000000f0000000, 0x0000000100000000)
[0.134s][debug][gc,heap           ] GC(4)   region size 1024K, 1 young (1024K), 1 survivors (1024K)
[0.134s][debug][gc,heap           ] GC(4)  Metaspace       used 131K, committed 320K, reserved 1114112K
[0.134s][debug][gc,heap           ] GC(4)   class space    used 5K, committed 128K, reserved 1048576K
[0.134s][info ][gc                ] GC(4) Pause Young (Normal) (G1 Evacuation Pause) 59M->59M(130M) 3.188ms
[0.134s][info ][gc,cpu            ] GC(4) User=0.01s Sys=0.00s Real=0.01s
[0.153s][debug][gc,heap           ] GC(5) Heap before GC invocations=5 (full 1):
[0.153s][debug][gc,heap           ] GC(5)  garbage-first heap   total 133120K, used 65972K [0x00000000f0000000, 0x0000000100000000)
[0.153s][debug][gc,heap           ] GC(5)   region size 1024K, 7 young (7168K), 1 survivors (1024K)
[0.153s][debug][gc,heap           ] GC(5)  Metaspace       used 131K, committed 320K, reserved 1114112K
[0.153s][debug][gc,heap           ] GC(5)   class space    used 5K, committed 128K, reserved 1048576K
[0.153s][debug][gc,ergo           ] GC(5) Initiate concurrent cycle (concurrent cycle initiation requested)
[0.153s][info ][gc,start          ] GC(5) Pause Young (Concurrent Start) (G1 Evacuation Pause)
[0.153s][info ][gc,task           ] GC(5) Using 12 workers of 13 for evacuation
[0.153s][debug][gc,tlab           ] GC(5) TLAB totals: thrds: 5  refills: 5 max: 1 slow allocs: 83 max 17 waste: 40.2% gc: 221520B max: 44912B slow: 0B max: 0B
[0.153s][debug][gc,age            ] GC(5) Desired survivor size 524288 bytes, new threshold 1 (max threshold 15)
[0.153s][debug][gc,refine,stats   ] GC(5) Mutator refinement: 0.00ms, refined: 0, precleaned: 0, dirtied: 0
[0.153s][debug][gc,refine,stats   ] GC(5) Concurrent refinement: 0.00ms, refined: 0, precleaned: 0, dirtied: 0
[0.153s][debug][gc,refine,stats   ] GC(5) Total refinement: 0.00ms, refined: 0, precleaned: 0, dirtied: 0
[0.153s][debug][gc,refine,stats   ] GC(5) Generate dirty cards rate: 0.00 cards/ms
[0.153s][debug][gc,alloc,region   ] GC(5) Mutator Allocation stats, regions: 6, wasted size: 293K ( 4.8%)
[0.153s][debug][gc,humongous      ] GC(5) Humongous region 0 (object size 1048592 @ 0x00000000f0000000) remset 0 code roots 0 marked 0 reclaim candidate 1 type array 1
[0.153s][debug][gc,humongous      ] GC(5) Humongous region 2 (object size 1048592 @ 0x00000000f0200000) remset 0 code roots 0 marked 0 reclaim candidate 1 type array 1
[0.153s][debug][gc,humongous      ] GC(5) Humongous region 22 (object size 1048592 @ 0x00000000f1600000) remset 0 code roots 0 marked 0 reclaim candidate 1 type array 1
[0.153s][debug][gc,humongous      ] GC(5) Humongous region 10 (object size 1048592 @ 0x00000000f0a00000) remset 0 code roots 0 marked 0 reclaim candidate 1 type array 1
[0.153s][debug][gc,humongous      ] GC(5) Humongous region 14 (object size 1048592 @ 0x00000000f0e00000) remset 0 code roots 0 marked 0 reclaim candidate 1 type array 1
[0.153s][debug][gc,humongous      ] GC(5) Humongous region 18 (object size 1048592 @ 0x00000000f1200000) remset 0 code roots 0 marked 0 reclaim candidate 1 type array 1
[0.153s][debug][gc,humongous      ] GC(5) Humongous region 30 (object size 1048592 @ 0x00000000f1e00000) remset 0 code roots 0 marked 0 reclaim candidate 1 type array 1
[0.153s][debug][gc,humongous      ] GC(5) Humongous region 32 (object size 1048592 @ 0x00000000f2000000) remset 0 code roots 0 marked 0 reclaim candidate 1 type array 1
[0.153s][debug][gc,humongous      ] GC(5) Humongous region 34 (object size 1048592 @ 0x00000000f2200000) remset 0 code roots 0 marked 0 reclaim candidate 1 type array 1
[0.153s][debug][gc,humongous      ] GC(5) Humongous region 12 (object size 1048592 @ 0x00000000f0c00000) remset 0 code roots 0 marked 0 reclaim candidate 1 type array 1
[0.153s][debug][gc,humongous      ] GC(5) Humongous region 6 (object size 1048592 @ 0x00000000f0600000) remset 0 code roots 0 marked 0 reclaim candidate 1 type array 1
[0.153s][debug][gc,humongous      ] GC(5) Humongous region 20 (object size 1048592 @ 0x00000000f1400000) remset 0 code roots 0 marked 0 reclaim candidate 1 type array 1
[0.153s][debug][gc,humongous      ] GC(5) Humongous region 26 (object size 1048592 @ 0x00000000f1a00000) remset 0 code roots 0 marked 0 reclaim candidate 1 type array 1
[0.153s][debug][gc,humongous      ] GC(5) Humongous region 8 (object size 1048592 @ 0x00000000f0800000) remset 0 code roots 0 marked 0 reclaim candidate 1 type array 1
[0.153s][debug][gc,humongous      ] GC(5) Humongous region 28 (object size 1048592 @ 0x00000000f1c00000) remset 0 code roots 0 marked 0 reclaim candidate 1 type array 1
[0.153s][debug][gc,humongous      ] GC(5) Humongous region 4 (object size 1048592 @ 0x00000000f0400000) remset 0 code roots 0 marked 0 reclaim candidate 1 type array 1
[0.153s][debug][gc,humongous      ] GC(5) Humongous region 36 (object size 1048592 @ 0x00000000f2400000) remset 0 code roots 0 marked 0 reclaim candidate 1 type array 1
[0.153s][debug][gc,humongous      ] GC(5) Humongous region 24 (object size 1048592 @ 0x00000000f1800000) remset 0 code roots 0 marked 0 reclaim candidate 1 type array 1
[0.153s][debug][gc,humongous      ] GC(5) Humongous region 38 (object size 1048592 @ 0x00000000f2600000) remset 0 code roots 0 marked 0 reclaim candidate 1 type array 1
[0.153s][debug][gc,humongous      ] GC(5) Humongous region 40 (object size 1048592 @ 0x00000000f2800000) remset 0 code roots 0 marked 0 reclaim candidate 1 type array 1
[0.153s][debug][gc,humongous      ] GC(5) Humongous region 16 (object size 1048592 @ 0x00000000f1000000) remset 0 code roots 0 marked 0 reclaim candidate 1 type array 1
[0.153s][debug][gc,ergo           ] GC(5) Running G1 Merge Heap Roots using 12 workers for 7 regions
[0.154s][debug][gc,remset         ] GC(5) Visited cards 32 Total dirty 2048 (1.56%) Total old 153600 (0.02%)
[0.154s][debug][gc,ref            ] GC(5) Skipped phase 1 of Reference Processing: no references
[0.154s][debug][gc,ref            ] GC(5) Skipped phase 2 of Reference Processing: no references
[0.154s][debug][gc,ref            ] GC(5) Skipped phase 3 of Reference Processing: no references
[0.154s][debug][gc,ref            ] GC(5) Skipped phase 4 of Reference Processing: no references
[0.155s][debug][gc,ergo           ] GC(5) Running G1 Rebuild Free List Task using 12 workers for rebuilding free list of regions
[0.155s][debug][gc,plab           ] GC(5) Young PLAB allocation: allocated: 0B, wasted: 0B, unused: 0B, used: 0B, undo waste: 0B, 
[0.155s][debug][gc,plab           ] GC(5) Young other allocation: region end waste: 63816B, regions filled: 1, direct allocated: 984760B, failure used: 0B, failure wasted: 0B
[0.155s][debug][gc,plab           ] GC(5) Young sizing: calculated: 0B, actual: 2064B
[0.155s][debug][gc,plab           ] GC(5) Old PLAB allocation: allocated: 0B, wasted: 0B, unused: 0B, used: 0B, undo waste: 0B, 
[0.155s][debug][gc,plab           ] GC(5) Old other allocation: region end waste: 326064B, regions filled: 6, direct allocated: 5440816B, failure used: 0B, failure wasted: 0B
[0.155s][debug][gc,plab           ] GC(5) Old sizing: calculated: 0B, actual: 2064B
[0.155s][debug][gc,ergo,heap      ] GC(5) Heap expansion: short term pause time ratio 15.26% long term pause time ratio 8.47% threshold 7.69% pause time ratio 7.69% fully expanded false resize by 0B
[0.155s][debug][gc,mmu            ] GC(5) MMU: 8.8ms (50.0ms/51.0ms)
[0.155s][debug][gc,alloc,stats    ] Old generation allocation in the last mutator period, old gen allocated: 0B, humongous allocated: 0B,old gen growth: 0B.
[0.155s][debug][gc,ihop           ] GC(5) Basic information (value update), threshold: 60397977B (45.00), target occupancy: 134217728B, current occupancy: 68079808B, recent allocation size: 0B, recent allocation duration: 19.93ms, recent old gen allocation rate: 0.00B/s, recent marking phase length: 0.00ms
[0.155s][debug][gc,ihop           ] GC(5) Adaptive IHOP information (value update), threshold: 60397977B (47.37), internal target occupancy: 127506841B, occupancy: 68079808B, additional buffer size: 9437184B, predicted old gen allocation rate: 18933.55B/s, predicted marking phase length: 0.00ms, prediction active: false
[0.155s][debug][gc,ergo,refine    ] GC(5) Concurrent refinement times: Logged Cards Scan time goal: 5.00ms Logged Cards Scan time: 0.00ms HCC time: 0.00ms
[0.155s][debug][gc,ergo,refine    ] GC(5) Updated Refinement Zones: green: 3328, yellow: 9984, red: 16640
[0.155s][info ][gc,phases         ] GC(5)   Pre Evacuate Collection Set: 0.4ms
[0.155s][debug][gc,phases         ] GC(5)     Prepare TLABs: 0.0ms
[0.155s][debug][gc,phases         ] GC(5)     Concatenate Dirty Card Logs: 0.0ms
[0.155s][debug][gc,phases         ] GC(5)     Choose Collection Set: 0.0ms
[0.155s][debug][gc,phases         ] GC(5)     Region Register: 0.4ms
[0.155s][debug][gc,phases         ] GC(5)     Prepare Heap Roots: 0.0ms
[0.155s][debug][gc,phases         ] GC(5)     Clear Claimed Marks: 0.0ms
[0.155s][info ][gc,phases         ] GC(5)   Merge Heap Roots: 0.2ms
[0.155s][debug][gc,phases         ] GC(5)     Prepare Merge Heap Roots: 0.0ms
[0.155s][debug][gc,phases         ] GC(5)     Eager Reclaim (ms):            Min:  0.0, Avg:  0.0, Max:  0.0, Diff:  0.0, Sum:  0.0, Workers: 1
[0.155s][debug][gc,phases         ] GC(5)     Remembered Sets (ms):          Min:  0.0, Avg:  0.0, Max:  0.0, Diff:  0.0, Sum:  0.0, Workers: 12
[0.155s][debug][gc,phases         ] GC(5)       Merged Sparse:                 Min: 0, Avg:  0.0, Max: 0, Diff: 0, Sum: 0, Workers: 12
[0.155s][debug][gc,phases         ] GC(5)       Merged Fine:                   Min: 0, Avg:  0.0, Max: 0, Diff: 0, Sum: 0, Workers: 12
[0.155s][debug][gc,phases         ] GC(5)       Merged Coarse:                 Min: 0, Avg:  0.0, Max: 0, Diff: 0, Sum: 0, Workers: 12
[0.155s][debug][gc,phases         ] GC(5)       Dirty Cards:                   Min: 0, Avg:  0.0, Max: 0, Diff: 0, Sum: 0, Workers: 12
[0.155s][debug][gc,phases         ] GC(5)     Hot Card Cache (ms):           Min:  0.0, Avg:  0.0, Max:  0.0, Diff:  0.0, Sum:  0.0, Workers: 12
[0.155s][debug][gc,phases         ] GC(5)       Dirty Cards:                   Min: 0, Avg:  0.0, Max: 0, Diff: 0, Sum: 0, Workers: 12
[0.155s][debug][gc,phases         ] GC(5)       Skipped Cards:                 Min: 0, Avg:  0.0, Max: 0, Diff: 0, Sum: 0, Workers: 12
[0.155s][debug][gc,phases         ] GC(5)     Log Buffers (ms):              Min:  0.0, Avg:  0.0, Max:  0.0, Diff:  0.0, Sum:  0.0, Workers: 12
[0.155s][debug][gc,phases         ] GC(5)       Dirty Cards:                   Min: 0, Avg:  0.0, Max: 0, Diff: 0, Sum: 0, Workers: 12
[0.155s][debug][gc,phases         ] GC(5)       Skipped Cards:                 Min: 0, Avg:  0.0, Max: 0, Diff: 0, Sum: 0, Workers: 12
[0.155s][info ][gc,phases         ] GC(5)   Evacuate Collection Set: 0.9ms
[0.155s][debug][gc,phases         ] GC(5)     Ext Root Scanning (ms):        Min:  0.0, Avg:  0.0, Max:  0.1, Diff:  0.1, Sum:  0.4, Workers: 12
[0.155s][debug][gc,phases         ] GC(5)     Scan Heap Roots (ms):          Min:  0.0, Avg:  0.0, Max:  0.0, Diff:  0.0, Sum:  0.0, Workers: 12
[0.155s][debug][gc,phases         ] GC(5)       Scanned Cards:                 Min: 0, Avg:  0.2, Max: 2, Diff: 2, Sum: 2, Workers: 12
[0.155s][debug][gc,phases         ] GC(5)       Scanned Blocks:                Min: 0, Avg:  0.2, Max: 2, Diff: 2, Sum: 2, Workers: 12
[0.155s][debug][gc,phases         ] GC(5)       Claimed Chunks:                Min: 0, Avg:  0.1, Max: 1, Diff: 1, Sum: 1, Workers: 12
[0.155s][debug][gc,phases         ] GC(5)     Code Root Scan (ms):           Min:  0.0, Avg:  0.0, Max:  0.0, Diff:  0.0, Sum:  0.0, Workers: 12
[0.155s][debug][gc,phases         ] GC(5)     Object Copy (ms):              Min:  0.4, Avg:  0.4, Max:  0.5, Diff:  0.1, Sum:  5.1, Workers: 12
[0.155s][debug][gc,phases         ] GC(5)     Termination (ms):              Min:  0.1, Avg:  0.2, Max:  0.2, Diff:  0.1, Sum:  2.5, Workers: 12
[0.155s][debug][gc,phases         ] GC(5)       Termination Attempts:          Min: 1, Avg:  1.0, Max: 1, Diff: 0, Sum: 12, Workers: 12
[0.155s][debug][gc,phases         ] GC(5)     GC Worker Other (ms):          Min:  0.0, Avg:  0.0, Max:  0.0, Diff:  0.0, Sum:  0.1, Workers: 12
[0.155s][debug][gc,phases         ] GC(5)     GC Worker Total (ms):          Min:  0.6, Avg:  0.7, Max:  0.8, Diff:  0.2, Sum:  8.1, Workers: 12
[0.155s][info ][gc,phases         ] GC(5)   Post Evacuate Collection Set: 0.5ms
[0.155s][debug][gc,phases         ] GC(5)     Code Roots Fixup: 0.0ms
[0.155s][debug][gc,phases         ] GC(5)     Reference Processing: 0.0ms
[0.155s][debug][gc,phases,ref     ] GC(5)       Reconsider SoftReferences: 0.0ms
[0.155s][debug][gc,phases,ref     ] GC(5)         SoftRef (ms):                  skipped
[0.155s][debug][gc,phases,ref     ] GC(5)       Notify Soft/WeakReferences: 0.0ms
[0.155s][debug][gc,phases,ref     ] GC(5)         SoftRef (ms):                  skipped
[0.155s][debug][gc,phases,ref     ] GC(5)         WeakRef (ms):                  skipped
[0.155s][debug][gc,phases,ref     ] GC(5)         FinalRef (ms):                 skipped
[0.155s][debug][gc,phases,ref     ] GC(5)         Total (ms):                    skipped
[0.155s][debug][gc,phases,ref     ] GC(5)       Notify and keep alive finalizable: 0.0ms
[0.155s][debug][gc,phases,ref     ] GC(5)         FinalRef (ms):                 skipped
[0.155s][debug][gc,phases,ref     ] GC(5)       Notify PhantomReferences: 0.0ms
[0.155s][debug][gc,phases,ref     ] GC(5)         PhantomRef (ms):               skipped
[0.155s][debug][gc,phases,ref     ] GC(5)       SoftReference:
[0.155s][debug][gc,phases,ref     ] GC(5)         Discovered: 0
[0.155s][debug][gc,phases,ref     ] GC(5)         Cleared: 0
[0.155s][debug][gc,phases,ref     ] GC(5)       WeakReference:
[0.155s][debug][gc,phases,ref     ] GC(5)         Discovered: 0
[0.155s][debug][gc,phases,ref     ] GC(5)         Cleared: 0
[0.155s][debug][gc,phases,ref     ] GC(5)       FinalReference:
[0.155s][debug][gc,phases,ref     ] GC(5)         Discovered: 0
[0.155s][debug][gc,phases,ref     ] GC(5)         Cleared: 0
[0.155s][debug][gc,phases,ref     ] GC(5)       PhantomReference:
[0.155s][debug][gc,phases,ref     ] GC(5)         Discovered: 0
[0.155s][debug][gc,phases,ref     ] GC(5)         Cleared: 0
[0.155s][debug][gc,phases         ] GC(5)     Weak Processing: 0.1ms
[0.155s][debug][gc,phases         ] GC(5)       VM Weak                        Min:  0.0, Avg:  0.0, Max:  0.0, Diff:  0.0, Sum:  0.0, Workers: 1
[0.155s][debug][gc,phases         ] GC(5)         Dead                           Min: 0, Avg:  0.0, Max: 0, Diff: 0, Sum: 0, Workers: 1
[0.155s][debug][gc,phases         ] GC(5)         Total                          Min: 4, Avg:  4.0, Max: 4, Diff: 0, Sum: 4, Workers: 1
[0.155s][debug][gc,phases         ] GC(5)       ObjectSynchronizer Weak        Min:  0.0, Avg:  0.0, Max:  0.0, Diff:  0.0, Sum:  0.0, Workers: 1
[0.155s][debug][gc,phases         ] GC(5)         Dead                           Min: 0, Avg:  0.0, Max: 0, Diff: 0, Sum: 0, Workers: 1
[0.155s][debug][gc,phases         ] GC(5)         Total                          Min: 4, Avg:  4.0, Max: 4, Diff: 0, Sum: 4, Workers: 1
[0.155s][debug][gc,phases         ] GC(5)       JVMTI Tag Weak OopStorage      Min:  0.0, Avg:  0.0, Max:  0.0, Diff:  0.0, Sum:  0.0, Workers: 1
[0.155s][debug][gc,phases         ] GC(5)         Dead                           Min: 0, Avg:  0.0, Max: 0, Diff: 0, Sum: 0, Workers: 1
[0.155s][debug][gc,phases         ] GC(5)         Total                          Min: 0, Avg:  0.0, Max: 0, Diff: 0, Sum: 0, Workers: 1
[0.155s][debug][gc,phases         ] GC(5)       StringTable Weak               Min:  0.0, Avg:  0.0, Max:  0.0, Diff:  0.0, Sum:  0.0, Workers: 1
[0.155s][debug][gc,phases         ] GC(5)         Dead                           Min: 0, Avg:  0.0, Max: 0, Diff: 0, Sum: 0, Workers: 1
[0.155s][debug][gc,phases         ] GC(5)         Total                          Min: 39, Avg: 39.0, Max: 39, Diff: 0, Sum: 39, Workers: 1
[0.155s][debug][gc,phases         ] GC(5)       ResolvedMethodTable Weak       Min:  0.0, Avg:  0.0, Max:  0.0, Diff:  0.0, Sum:  0.0, Workers: 1
[0.155s][debug][gc,phases         ] GC(5)         Dead                           Min: 0, Avg:  0.0, Max: 0, Diff: 0, Sum: 0, Workers: 1
[0.155s][debug][gc,phases         ] GC(5)         Total                          Min: 22, Avg: 22.0, Max: 22, Diff: 0, Sum: 22, Workers: 1
[0.155s][debug][gc,phases         ] GC(5)       JNI Weak                       Min:  0.0, Avg:  0.0, Max:  0.0, Diff:  0.0, Sum:  0.0, Workers: 1
[0.155s][debug][gc,phases         ] GC(5)         Dead                           Min: 0, Avg:  0.0, Max: 0, Diff: 0, Sum: 0, Workers: 1
[0.155s][debug][gc,phases         ] GC(5)         Total                          Min: 0, Avg:  0.0, Max: 0, Diff: 0, Sum: 0, Workers: 1
[0.155s][debug][gc,phases         ] GC(5)       StringDedup Table Weak         Min:  0.0, Avg:  0.0, Max:  0.0, Diff:  0.0, Sum:  0.0, Workers: 1
[0.155s][debug][gc,phases         ] GC(5)         Dead                           Min: 0, Avg:  0.0, Max: 0, Diff: 0, Sum: 0, Workers: 1
[0.155s][debug][gc,phases         ] GC(5)         Total                          Min: 0, Avg:  0.0, Max: 0, Diff: 0, Sum: 0, Workers: 1
[0.155s][debug][gc,phases         ] GC(5)       StringDedup Requests0 Weak     Min:  0.0, Avg:  0.0, Max:  0.0, Diff:  0.0, Sum:  0.0, Workers: 1
[0.155s][debug][gc,phases         ] GC(5)         Dead                           Min: 0, Avg:  0.0, Max: 0, Diff: 0, Sum: 0, Workers: 1
[0.155s][debug][gc,phases         ] GC(5)         Total                          Min: 0, Avg:  0.0, Max: 0, Diff: 0, Sum: 0, Workers: 1
[0.155s][debug][gc,phases         ] GC(5)       StringDedup Requests1 Weak     Min:  0.0, Avg:  0.0, Max:  0.0, Diff:  0.0, Sum:  0.0, Workers: 1
[0.155s][debug][gc,phases         ] GC(5)         Dead                           Min: 0, Avg:  0.0, Max: 0, Diff: 0, Sum: 0, Workers: 1
[0.155s][debug][gc,phases         ] GC(5)         Total                          Min: 0, Avg:  0.0, Max: 0, Diff: 0, Sum: 0, Workers: 1
[0.155s][debug][gc,phases         ] GC(5)       Weak JFR Old Object Samples    Min:  0.0, Avg:  0.0, Max:  0.0, Diff:  0.0, Sum:  0.0, Workers: 1
[0.155s][debug][gc,phases         ] GC(5)         Dead                           Min: 0, Avg:  0.0, Max: 0, Diff: 0, Sum: 0, Workers: 1
[0.155s][debug][gc,phases         ] GC(5)         Total                          Min: 0, Avg:  0.0, Max: 0, Diff: 0, Sum: 0, Workers: 1
[0.155s][debug][gc,phases         ] GC(5)     Post Evacuate Cleanup 1: 0.1ms
[0.155s][debug][gc,phases         ] GC(5)       Merge Per-Thread State (ms):   Min:  0.0, Avg:  0.0, Max:  0.0, Diff:  0.0, Sum:  0.0, Workers: 1
[0.155s][debug][gc,phases         ] GC(5)         Copied Bytes                   Min: 458864, Avg: 535464.7, Max: 721072, Diff: 262208, Sum: 6425576, Workers: 12
[0.155s][debug][gc,phases         ] GC(5)         LAB Waste                      Min: 0, Avg:  0.0, Max: 0, Diff: 0, Sum: 0, Workers: 12
[0.155s][debug][gc,phases         ] GC(5)         LAB Undo Waste                 Min: 0, Avg:  0.0, Max: 0, Diff: 0, Sum: 0, Workers: 12
[0.155s][debug][gc,phases         ] GC(5)       Clear Logged Cards (ms):       Min:  0.0, Avg:  0.0, Max:  0.0, Diff:  0.0, Sum:  0.0, Workers: 3
[0.155s][debug][gc,phases         ] GC(5)       Recalculate Used Memory (ms):  Min:  0.0, Avg:  0.0, Max:  0.0, Diff:  0.0, Sum:  0.0, Workers: 1
[0.155s][debug][gc,phases         ] GC(5)     Post Evacuate Cleanup 2: 0.2ms
[0.155s][debug][gc,phases         ] GC(5)       Reset Hot Card Cache (ms):     Min:  0.0, Avg:  0.0, Max:  0.0, Diff:  0.0, Sum:  0.0, Workers: 1
[0.155s][debug][gc,phases         ] GC(5)       Purge Code Roots (ms):         Min:  0.0, Avg:  0.0, Max:  0.0, Diff:  0.0, Sum:  0.0, Workers: 1
[0.155s][debug][gc,phases         ] GC(5)       Update Derived Pointers (ms):  Min:  0.0, Avg:  0.0, Max:  0.0, Diff:  0.0, Sum:  0.0, Workers: 1
[0.155s][debug][gc,phases         ] GC(5)       Eagerly Reclaim Humongous Objects (ms): Min:  0.0, Avg:  0.0, Max:  0.0, Diff:  0.0, Sum:  0.0, Workers: 1
[0.155s][debug][gc,phases         ] GC(5)         Humongous Total                Min: 21, Avg: 21.0, Max: 21, Diff: 0, Sum: 21, Workers: 1
[0.155s][debug][gc,phases         ] GC(5)         Humongous Candidates           Min: 21, Avg: 21.0, Max: 21, Diff: 0, Sum: 21, Workers: 1
[0.155s][debug][gc,phases         ] GC(5)         Humongous Reclaimed            Min: 0, Avg:  0.0, Max: 0, Diff: 0, Sum: 0, Workers: 1
[0.155s][debug][gc,phases         ] GC(5)       Redirty Logged Cards (ms):     Min:  0.0, Avg:  0.0, Max:  0.0, Diff:  0.0, Sum:  0.0, Workers: 12
[0.155s][debug][gc,phases         ] GC(5)         Redirtied Cards:               Min: 0, Avg:  0.2, Max: 2, Diff: 2, Sum: 2, Workers: 12
[0.155s][debug][gc,phases         ] GC(5)       Free Collection Set (ms):      Min:  0.0, Avg:  0.0, Max:  0.0, Diff:  0.0, Sum:  0.0, Workers: 12
[0.155s][debug][gc,phases         ] GC(5)     Rebuild Free List: 0.2ms
[0.155s][debug][gc,phases         ] GC(5)     Start New Collection Set: 0.0ms
[0.155s][debug][gc,phases         ] GC(5)     Resize TLABs: 0.0ms
[0.155s][debug][gc,phases         ] GC(5)     Expand Heap After Collection: 0.0ms
[0.155s][info ][gc,phases         ] GC(5)   Other: 0.2ms
[0.155s][info ][gc,heap           ] GC(5) Eden regions: 6->0(8)
[0.155s][info ][gc,heap           ] GC(5) Survivor regions: 1->1(1)
[0.155s][info ][gc,heap           ] GC(5) Old regions: 17->22
[0.155s][info ][gc,heap           ] GC(5) Archive regions: 2->2
[0.155s][info ][gc,heap           ] GC(5) Humongous regions: 42->42
[0.155s][info ][gc,metaspace      ] GC(5) Metaspace: 131K(320K)->131K(320K) NonClass: 126K(192K)->126K(192K) Class: 5K(128K)->5K(128K)
[0.155s][debug][gc,heap           ] GC(5) Heap after GC invocations=6 (full 1):
[0.155s][debug][gc,heap           ] GC(5)  garbage-first heap   total 133120K, used 66484K [0x00000000f0000000, 0x0000000100000000)
[0.155s][debug][gc,heap           ] GC(5)   region size 1024K, 1 young (1024K), 1 survivors (1024K)
[0.155s][debug][gc,heap           ] GC(5)  Metaspace       used 131K, committed 320K, reserved 1114112K
[0.155s][debug][gc,heap           ] GC(5)   class space    used 5K, committed 128K, reserved 1048576K
[0.156s][info ][gc                ] GC(5) Pause Young (Concurrent Start) (G1 Evacuation Pause) 65M->64M(130M) 2.664ms
[0.156s][info ][gc,cpu            ] GC(5) User=0.00s Sys=0.01s Real=0.01s
[0.156s][info ][gc                ] GC(6) Concurrent Mark Cycle
[0.156s][info ][gc,marking        ] GC(6) Concurrent Clear Claimed Marks
[0.156s][info ][gc,marking        ] GC(6) Concurrent Clear Claimed Marks 0.005ms
[0.156s][info ][gc,marking        ] GC(6) Concurrent Scan Root Regions
[0.156s][debug][gc,ergo           ] GC(6) Running G1 Root Region Scan using 3 workers for 7 work units.
[0.156s][info ][gc,marking        ] GC(6) Concurrent Scan Root Regions 0.094ms
[0.156s][info ][gc,marking        ] GC(6) Concurrent Mark
[0.156s][info ][gc,marking        ] GC(6) Concurrent Mark From Roots
[0.156s][info ][gc,task           ] GC(6) Using 3 workers of 3 for marking
[0.157s][debug][gc,stats          ] ---------------------------------------------------------------------
[0.157s][debug][gc,stats          ] Marking Stats, task = 0, calls = 5
[0.157s][debug][gc,stats          ]   Elapsed time = 0.95ms, Termination time = 0.60ms
[0.157s][debug][gc,stats          ]   Step Times (cum): num = 63, avg = 0.03ms, sd = 0.11ms max = 0.60ms, total = 1.58ms
[0.157s][debug][gc,stats          ]   Mark Stats Cache: hits 5081 misses 0 ratio 100.000
[0.157s][debug][gc,stats          ] ---------------------------------------------------------------------
[0.157s][debug][gc,stats          ] Marking Stats, task = 1, calls = 5
[0.157s][debug][gc,stats          ]   Elapsed time = 0.94ms, Termination time = 0.00ms
[0.157s][debug][gc,stats          ]   Step Times (cum): num = 11, avg = 0.10ms, sd = 0.31ms max = 1.08ms, total = 1.10ms
[0.157s][debug][gc,stats          ]   Mark Stats Cache: hits 7632 misses 0 ratio 100.000
[0.157s][debug][gc,stats          ] ---------------------------------------------------------------------
[0.157s][debug][gc,stats          ] Marking Stats, task = 2, calls = 1
[0.157s][debug][gc,stats          ]   Elapsed time = 0.92ms, Termination time = 0.00ms
[0.157s][debug][gc,stats          ]   Step Times (cum): num = 3, avg = 0.01ms, sd = 0.01ms max = 0.02ms, total = 0.02ms
[0.157s][debug][gc,stats          ]   Mark Stats Cache: hits 11456 misses 0 ratio 100.000
[0.157s][debug][gc,stats          ] ---------------------------------------------------------------------
[0.157s][info ][gc,marking        ] GC(6) Concurrent Mark From Roots 1.085ms
[0.157s][info ][gc,marking        ] GC(6) Concurrent Preclean
[0.157s][debug][gc,ref,start      ] GC(6) Preclean SoftReferences
[0.157s][debug][gc,ref            ] GC(6) Preclean SoftReferences 0.050ms
[0.157s][debug][gc,ref,start      ] GC(6) Preclean WeakReferences
[0.157s][debug][gc,ref            ] GC(6) Preclean WeakReferences 0.047ms
[0.157s][debug][gc,ref,start      ] GC(6) Preclean FinalReferences
[0.157s][debug][gc,ref            ] GC(6) Preclean FinalReferences 0.046ms
[0.157s][debug][gc,ref,start      ] GC(6) Preclean PhantomReferences
[0.157s][debug][gc,ref            ] GC(6) Preclean PhantomReferences 0.055ms
[0.157s][info ][gc,marking        ] GC(6) Concurrent Preclean 0.229ms
[0.157s][info ][gc,start          ] GC(6) Pause Remark
[0.157s][debug][gc,phases,start   ] GC(6) Finalize Marking
[0.157s][debug][gc,stats          ] ---------------------------------------------------------------------
[0.158s][debug][gc,stats          ] Marking Stats, task = 0, calls = 58
[0.158s][debug][gc,stats          ]   Elapsed time = 0.33ms, Termination time = 0.80ms
[0.158s][debug][gc,stats          ]   Step Times (cum): num = 116, avg = 0.02ms, sd = 0.08ms max = 0.60ms, total = 2.05ms
[0.158s][debug][gc,stats          ]   Mark Stats Cache: hits 5081 misses 0 ratio 100.000
[0.158s][debug][gc,stats          ] ---------------------------------------------------------------------
[0.158s][debug][gc,stats          ] Marking Stats, task = 1, calls = 6
[0.158s][debug][gc,stats          ]   Elapsed time = 0.28ms, Termination time = 0.02ms
[0.158s][debug][gc,stats          ]   Step Times (cum): num = 12, avg = 0.09ms, sd = 0.30ms max = 1.08ms, total = 1.12ms
[0.158s][debug][gc,stats          ]   Mark Stats Cache: hits 7632 misses 0 ratio 100.000
[0.158s][debug][gc,stats          ] ---------------------------------------------------------------------
[0.158s][debug][gc,stats          ] Marking Stats, task = 2, calls = 2
[0.158s][debug][gc,stats          ]   Elapsed time = 0.29ms, Termination time = 0.02ms
[0.158s][debug][gc,stats          ]   Step Times (cum): num = 4, avg = 0.01ms, sd = 0.01ms max = 0.02ms, total = 0.04ms
[0.158s][debug][gc,stats          ]   Mark Stats Cache: hits 11456 misses 0 ratio 100.000
[0.158s][debug][gc,stats          ] ---------------------------------------------------------------------
[0.158s][debug][gc,stats          ] Marking Stats, task = 3, calls = 1
[0.158s][debug][gc,stats          ]   Elapsed time = 0.28ms, Termination time = 0.02ms
[0.158s][debug][gc,stats          ]   Step Times (cum): num = 2, avg = 0.02ms, sd = 0.00ms max = 0.02ms, total = 0.04ms
[0.158s][debug][gc,stats          ]   Mark Stats Cache: hits 46 misses 0 ratio 100.000
[0.158s][debug][gc,stats          ] ---------------------------------------------------------------------
[0.158s][debug][gc,stats          ] Marking Stats, task = 4, calls = 1
[0.158s][debug][gc,stats          ]   Elapsed time = 0.29ms, Termination time = 0.02ms
[0.158s][debug][gc,stats          ]   Step Times (cum): num = 2, avg = 0.03ms, sd = 0.01ms max = 0.04ms, total = 0.06ms
[0.158s][debug][gc,stats          ]   Mark Stats Cache: hits 0 misses 0 ratio 0.000
[0.158s][debug][gc,stats          ] ---------------------------------------------------------------------
[0.158s][debug][gc,stats          ] Marking Stats, task = 5, calls = 1
[0.158s][debug][gc,stats          ]   Elapsed time = 0.28ms, Termination time = 0.01ms
[0.158s][debug][gc,stats          ]   Step Times (cum): num = 2, avg = 0.02ms, sd = 0.00ms max = 0.02ms, total = 0.03ms
[0.158s][debug][gc,stats          ]   Mark Stats Cache: hits 0 misses 0 ratio 0.000
[0.158s][debug][gc,stats          ] ---------------------------------------------------------------------
[0.158s][debug][gc,stats          ] Marking Stats, task = 6, calls = 1
[0.158s][debug][gc,stats          ]   Elapsed time = 0.26ms, Termination time = 0.02ms
[0.158s][debug][gc,stats          ]   Step Times (cum): num = 2, avg = 0.02ms, sd = 0.00ms max = 0.02ms, total = 0.03ms
[0.158s][debug][gc,stats          ]   Mark Stats Cache: hits 0 misses 0 ratio 0.000
[0.158s][debug][gc,stats          ] ---------------------------------------------------------------------
[0.158s][debug][gc,stats          ] Marking Stats, task = 7, calls = 1
[0.158s][debug][gc,stats          ]   Elapsed time = 0.26ms, Termination time = 0.02ms
[0.158s][debug][gc,stats          ]   Step Times (cum): num = 2, avg = 0.02ms, sd = 0.00ms max = 0.02ms, total = 0.03ms
[0.158s][debug][gc,stats          ]   Mark Stats Cache: hits 0 misses 0 ratio 0.000
[0.158s][debug][gc,stats          ] ---------------------------------------------------------------------
[0.158s][debug][gc,stats          ] Marking Stats, task = 8, calls = 1
[0.158s][debug][gc,stats          ]   Elapsed time = 0.25ms, Termination time = 0.02ms
[0.158s][debug][gc,stats          ]   Step Times (cum): num = 2, avg = 0.02ms, sd = 0.00ms max = 0.02ms, total = 0.03ms
[0.158s][debug][gc,stats          ]   Mark Stats Cache: hits 0 misses 0 ratio 0.000
[0.158s][debug][gc,stats          ] ---------------------------------------------------------------------
[0.158s][debug][gc,stats          ] Marking Stats, task = 9, calls = 1
[0.158s][debug][gc,stats          ]   Elapsed time = 0.19ms, Termination time = 0.01ms
[0.158s][debug][gc,stats          ]   Step Times (cum): num = 2, avg = 0.01ms, sd = 0.00ms max = 0.01ms, total = 0.02ms
[0.158s][debug][gc,stats          ]   Mark Stats Cache: hits 0 misses 0 ratio 0.000
[0.158s][debug][gc,stats          ] ---------------------------------------------------------------------
[0.158s][debug][gc,stats          ] Marking Stats, task = 10, calls = 1
[0.158s][debug][gc,stats          ]   Elapsed time = 0.18ms, Termination time = 0.02ms
[0.158s][debug][gc,stats          ]   Step Times (cum): num = 2, avg = 0.01ms, sd = 0.01ms max = 0.02ms, total = 0.03ms
[0.158s][debug][gc,stats          ]   Mark Stats Cache: hits 0 misses 0 ratio 0.000
[0.158s][debug][gc,stats          ] ---------------------------------------------------------------------
[0.158s][debug][gc,stats          ] Marking Stats, task = 11, calls = 1
[0.158s][debug][gc,stats          ]   Elapsed time = 0.12ms, Termination time = 0.00ms
[0.158s][debug][gc,stats          ]   Step Times (cum): num = 2, avg = 0.00ms, sd = 0.00ms max = 0.00ms, total = 0.00ms
[0.158s][debug][gc,stats          ]   Mark Stats Cache: hits 0 misses 0 ratio 0.000
[0.158s][debug][gc,stats          ] ---------------------------------------------------------------------
[0.158s][debug][gc,phases         ] GC(6) Finalize Marking 0.594ms
[0.158s][debug][gc,phases,start   ] GC(6) Reference Processing
[0.158s][debug][gc,ref            ] GC(6) Skipped phase 1 of Reference Processing: no references
[0.158s][debug][gc,ref            ] GC(6) Skipped phase 2 of Reference Processing: no references
[0.158s][debug][gc,ref            ] GC(6) Skipped phase 3 of Reference Processing: no references
[0.158s][debug][gc,ref            ] GC(6) Skipped phase 4 of Reference Processing: no references
[0.158s][debug][gc,phases,ref     ] GC(6) Reference Processing: 0.0ms
[0.158s][debug][gc,phases,ref     ] GC(6)   Reconsider SoftReferences: 0.0ms
[0.158s][debug][gc,phases,ref     ] GC(6)     SoftRef (ms):                  skipped
[0.158s][debug][gc,phases,ref     ] GC(6)   Notify Soft/WeakReferences: 0.0ms
[0.158s][debug][gc,phases,ref     ] GC(6)     SoftRef (ms):                  skipped
[0.158s][debug][gc,phases,ref     ] GC(6)     WeakRef (ms):                  skipped
[0.158s][debug][gc,phases,ref     ] GC(6)     FinalRef (ms):                 skipped
[0.158s][debug][gc,phases,ref     ] GC(6)     Total (ms):                    skipped
[0.158s][debug][gc,phases,ref     ] GC(6)   Notify and keep alive finalizable: 0.0ms
[0.158s][debug][gc,phases,ref     ] GC(6)     FinalRef (ms):                 skipped
[0.158s][debug][gc,phases,ref     ] GC(6)   Notify PhantomReferences: 0.0ms
[0.158s][debug][gc,phases,ref     ] GC(6)     PhantomRef (ms):               skipped
[0.158s][debug][gc,phases,ref     ] GC(6)   SoftReference:
[0.158s][debug][gc,phases,ref     ] GC(6)     Discovered: 0
[0.158s][debug][gc,phases,ref     ] GC(6)     Cleared: 0
[0.158s][debug][gc,phases,ref     ] GC(6)   WeakReference:
[0.158s][debug][gc,phases,ref     ] GC(6)     Discovered: 0
[0.158s][debug][gc,phases,ref     ] GC(6)     Cleared: 0
[0.158s][debug][gc,phases,ref     ] GC(6)   FinalReference:
[0.158s][debug][gc,phases,ref     ] GC(6)     Discovered: 0
[0.158s][debug][gc,phases,ref     ] GC(6)     Cleared: 0
[0.158s][debug][gc,phases,ref     ] GC(6)   PhantomReference:
[0.158s][debug][gc,phases,ref     ] GC(6)     Discovered: 0
[0.158s][debug][gc,phases,ref     ] GC(6)     Cleared: 0
[0.158s][debug][gc,phases         ] GC(6) Reference Processing 0.121ms
[0.158s][debug][gc,phases,start   ] GC(6) Weak Processing
[0.158s][debug][gc,phases         ] GC(6)   VM Weak                        Min:  0.0, Avg:  0.0, Max:  0.0, Diff:  0.0, Sum:  0.0, Workers: 1
[0.158s][debug][gc,phases         ] GC(6)     Dead                           Min: 0, Avg:  0.0, Max: 0, Diff: 0, Sum: 0, Workers: 1
[0.158s][debug][gc,phases         ] GC(6)     Total                          Min: 4, Avg:  4.0, Max: 4, Diff: 0, Sum: 4, Workers: 1
[0.158s][debug][gc,phases         ] GC(6)   ObjectSynchronizer Weak        Min:  0.0, Avg:  0.0, Max:  0.0, Diff:  0.0, Sum:  0.0, Workers: 1
[0.158s][debug][gc,phases         ] GC(6)     Dead                           Min: 0, Avg:  0.0, Max: 0, Diff: 0, Sum: 0, Workers: 1
[0.158s][debug][gc,phases         ] GC(6)     Total                          Min: 4, Avg:  4.0, Max: 4, Diff: 0, Sum: 4, Workers: 1
[0.158s][debug][gc,phases         ] GC(6)   JVMTI Tag Weak OopStorage      Min:  0.0, Avg:  0.0, Max:  0.0, Diff:  0.0, Sum:  0.0, Workers: 1
[0.158s][debug][gc,phases         ] GC(6)     Dead                           Min: 0, Avg:  0.0, Max: 0, Diff: 0, Sum: 0, Workers: 1
[0.158s][debug][gc,phases         ] GC(6)     Total                          Min: 0, Avg:  0.0, Max: 0, Diff: 0, Sum: 0, Workers: 1
[0.158s][debug][gc,phases         ] GC(6)   StringTable Weak               Min:  0.0, Avg:  0.0, Max:  0.0, Diff:  0.0, Sum:  0.0, Workers: 1
[0.158s][debug][gc,phases         ] GC(6)     Dead                           Min: 0, Avg:  0.0, Max: 0, Diff: 0, Sum: 0, Workers: 1
[0.158s][debug][gc,phases         ] GC(6)     Total                          Min: 39, Avg: 39.0, Max: 39, Diff: 0, Sum: 39, Workers: 1
[0.158s][debug][gc,phases         ] GC(6)   ResolvedMethodTable Weak       Min:  0.0, Avg:  0.0, Max:  0.0, Diff:  0.0, Sum:  0.0, Workers: 1
[0.158s][debug][gc,phases         ] GC(6)     Dead                           Min: 0, Avg:  0.0, Max: 0, Diff: 0, Sum: 0, Workers: 1
[0.158s][debug][gc,phases         ] GC(6)     Total                          Min: 22, Avg: 22.0, Max: 22, Diff: 0, Sum: 22, Workers: 1
[0.158s][debug][gc,phases         ] GC(6)   JNI Weak                       Min:  0.0, Avg:  0.0, Max:  0.0, Diff:  0.0, Sum:  0.0, Workers: 1
[0.158s][debug][gc,phases         ] GC(6)     Dead                           Min: 0, Avg:  0.0, Max: 0, Diff: 0, Sum: 0, Workers: 1
[0.158s][debug][gc,phases         ] GC(6)     Total                          Min: 0, Avg:  0.0, Max: 0, Diff: 0, Sum: 0, Workers: 1
[0.158s][debug][gc,phases         ] GC(6)   StringDedup Table Weak         Min:  0.0, Avg:  0.0, Max:  0.0, Diff:  0.0, Sum:  0.0, Workers: 1
[0.158s][debug][gc,phases         ] GC(6)     Dead                           Min: 0, Avg:  0.0, Max: 0, Diff: 0, Sum: 0, Workers: 1
[0.158s][debug][gc,phases         ] GC(6)     Total                          Min: 0, Avg:  0.0, Max: 0, Diff: 0, Sum: 0, Workers: 1
[0.158s][debug][gc,phases         ] GC(6)   StringDedup Requests0 Weak     Min:  0.0, Avg:  0.0, Max:  0.0, Diff:  0.0, Sum:  0.0, Workers: 1
[0.158s][debug][gc,phases         ] GC(6)     Dead                           Min: 0, Avg:  0.0, Max: 0, Diff: 0, Sum: 0, Workers: 1
[0.158s][debug][gc,phases         ] GC(6)     Total                          Min: 0, Avg:  0.0, Max: 0, Diff: 0, Sum: 0, Workers: 1
[0.158s][debug][gc,phases         ] GC(6)   StringDedup Requests1 Weak     Min:  0.0, Avg:  0.0, Max:  0.0, Diff:  0.0, Sum:  0.0, Workers: 1
[0.158s][debug][gc,phases         ] GC(6)     Dead                           Min: 0, Avg:  0.0, Max: 0, Diff: 0, Sum: 0, Workers: 1
[0.158s][debug][gc,phases         ] GC(6)     Total                          Min: 0, Avg:  0.0, Max: 0, Diff: 0, Sum: 0, Workers: 1
[0.158s][debug][gc,phases         ] GC(6)   Weak JFR Old Object Samples    Min:  0.0, Avg:  0.0, Max:  0.0, Diff:  0.0, Sum:  0.0, Workers: 1
[0.158s][debug][gc,phases         ] GC(6)     Dead                           Min: 0, Avg:  0.0, Max: 0, Diff: 0, Sum: 0, Workers: 1
[0.158s][debug][gc,phases         ] GC(6)     Total                          Min: 0, Avg:  0.0, Max: 0, Diff: 0, Sum: 0, Workers: 1
[0.158s][debug][gc,phases         ] GC(6) Weak Processing 0.245ms
[0.158s][debug][gc,phases,start   ] GC(6) Class Unloading
[0.158s][debug][gc,phases,start   ] GC(6) ClassLoaderData
[0.158s][debug][gc,phases         ] GC(6) ClassLoaderData 0.006ms
[0.158s][debug][gc,phases,start   ] GC(6) Trigger cleanups
[0.158s][debug][gc,phases         ] GC(6) Trigger cleanups 0.005ms
[0.158s][debug][gc,phases         ] GC(6) Class Unloading 0.193ms
[0.158s][debug][gc,phases,start   ] GC(6) Flush Task Caches
[0.158s][debug][gc,stats          ] Mark stats cache hits 24215 misses 0 ratio 100.000
[0.158s][debug][gc,phases         ] GC(6) Flush Task Caches 0.034ms
[0.158s][debug][gc,phases,start   ] GC(6) Update Remembered Set Tracking Before Rebuild
[0.158s][debug][gc,ergo           ] GC(6) Running G1 Update RemSet Tracking Before Rebuild using 1 workers for 130 regions in heap
[0.158s][debug][gc,remset,tracking] GC(6) Remembered Set Tracking update regions total 130, selected 13
[0.158s][debug][gc,phases         ] GC(6) Update Remembered Set Tracking Before Rebuild 0.109ms
[0.158s][debug][gc,phases,start   ] GC(6) Reclaim Empty Regions
[0.159s][debug][gc,phases         ] GC(6) Reclaim Empty Regions 0.140ms
[0.159s][debug][gc,phases,start   ] GC(6) Purge Metaspace
[0.159s][debug][gc,phases         ] GC(6) Purge Metaspace 0.006ms
[0.159s][debug][gc,phases,start   ] GC(6) Report Object Count
[0.159s][debug][gc,phases         ] GC(6) Report Object Count 0.004ms
[0.159s][debug][gc,mmu            ] GC(6) MMU: 10.3ms (50.0ms/51.0ms)
[0.159s][info ][gc                ] GC(6) Pause Remark 65M->65M(130M) 1.527ms
[0.159s][info ][gc,cpu            ] GC(6) User=0.00s Sys=0.01s Real=0.00s
[0.159s][info ][gc,marking        ] GC(6) Concurrent Mark 3.026ms
[0.159s][info ][gc,marking        ] GC(6) Concurrent Rebuild Remembered Sets
[0.159s][info ][gc,marking        ] GC(6) Concurrent Rebuild Remembered Sets 0.346ms
[0.159s][info ][gc,start          ] GC(6) Pause Cleanup
[0.159s][debug][gc,phases,start   ] GC(6) Update Remembered Set Tracking After Rebuild
[0.159s][debug][gc,phases         ] GC(6) Update Remembered Set Tracking After Rebuild 0.007ms
[0.159s][debug][gc,phases,start   ] GC(6) Finalize Concurrent Mark Cleanup
[0.159s][debug][gc,ergo,cset      ] GC(6) Pruned 12 regions out of 13, leaving 4648016 bytes waste (allowed 6815744)
[0.159s][debug][gc,mmu            ] GC(6) MMU: 10.5ms (50.0ms/51.0ms)
[0.159s][debug][gc,phases         ] GC(6) Finalize Concurrent Mark Cleanup 0.172ms
[0.159s][info ][gc                ] GC(6) Pause Cleanup 66M->66M(130M) 0.199ms
[0.159s][info ][gc,cpu            ] GC(6) User=0.00s Sys=0.00s Real=0.00s
[0.159s][info ][gc,marking        ] GC(6) Concurrent Cleanup for Next Mark
[0.159s][debug][gc,ergo           ] GC(6) Running G1 Clear Bitmap with 3 workers for 3 work units.
[0.159s][info ][gc,marking        ] GC(6) Concurrent Cleanup for Next Mark 0.122ms
[0.159s][info ][gc                ] GC(6) Concurrent Mark Cycle 3.943ms
[0.182s][debug][gc,heap           ] GC(7) Heap before GC invocations=7 (full 1):
[0.182s][debug][gc,heap           ] GC(7)  garbage-first heap   total 133120K, used 75700K [0x00000000f0000000, 0x0000000100000000)
[0.182s][debug][gc,heap           ] GC(7)   region size 1024K, 9 young (9216K), 1 survivors (1024K)
[0.182s][debug][gc,heap           ] GC(7)  Metaspace       used 131K, committed 320K, reserved 1114112K
[0.182s][debug][gc,heap           ] GC(7)   class space    used 5K, committed 128K, reserved 1048576K
[0.182s][info ][gc,start          ] GC(7) Pause Young (Prepare Mixed) (G1 Evacuation Pause)
[0.182s][info ][gc,task           ] GC(7) Using 12 workers of 13 for evacuation
[0.182s][debug][gc,tlab           ] GC(7) TLAB totals: thrds: 5  refills: 5 max: 1 slow allocs: 111 max 23 waste: 42.9% gc: 246504B max: 49768B slow: 0B max: 0B
[0.182s][debug][gc,age            ] GC(7) Desired survivor size 1048576 bytes, new threshold 15 (max threshold 15)
[0.182s][debug][gc,refine,stats   ] GC(7) Mutator refinement: 0.00ms, refined: 0, precleaned: 0, dirtied: 4
[0.182s][debug][gc,refine,stats   ] GC(7) Concurrent refinement: 0.00ms, refined: 0, precleaned: 0, dirtied: 0
[0.182s][debug][gc,refine,stats   ] GC(7) Total refinement: 0.00ms, refined: 0, precleaned: 0, dirtied: 4
[0.182s][debug][gc,refine,stats   ] GC(7) Generate dirty cards rate: 0.16 cards/ms
[0.182s][debug][gc,alloc,region   ] GC(7) Mutator Allocation stats, regions: 8, wasted size: 397K ( 4.9%)
[0.182s][debug][gc,humongous      ] GC(7) Humongous region 0 (object size 1048592 @ 0x00000000f0000000) remset 1 code roots 0 marked 0 reclaim candidate 1 type array 1
[0.182s][debug][gc,humongous      ] GC(7) Humongous region 64 (object size 1048592 @ 0x00000000f4000000) remset 0 code roots 0 marked 0 reclaim candidate 1 type array 1
[0.182s][debug][gc,humongous      ] GC(7) Humongous region 2 (object size 1048592 @ 0x00000000f0200000) remset 1 code roots 0 marked 0 reclaim candidate 1 type array 1
[0.182s][debug][gc,humongous      ] GC(7) Humongous region 8 (object size 1048592 @ 0x00000000f0800000) remset 1 code roots 0 marked 0 reclaim candidate 1 type array 1
[0.182s][debug][gc,humongous      ] GC(7) Humongous region 4 (object size 1048592 @ 0x00000000f0400000) remset 1 code roots 0 marked 0 reclaim candidate 1 type array 1
[0.182s][debug][gc,humongous      ] GC(7) Humongous region 14 (object size 1048592 @ 0x00000000f0e00000) remset 1 code roots 0 marked 0 reclaim candidate 1 type array 1
[0.182s][debug][gc,humongous      ] GC(7) Humongous region 6 (object size 1048592 @ 0x00000000f0600000) remset 1 code roots 0 marked 0 reclaim candidate 1 type array 1
[0.182s][debug][gc,humongous      ] GC(7) Humongous region 18 (object size 1048592 @ 0x00000000f1200000) remset 1 code roots 0 marked 0 reclaim candidate 1 type array 1
[0.182s][debug][gc,humongous      ] GC(7) Humongous region 24 (object size 1048592 @ 0x00000000f1800000) remset 1 code roots 0 marked 0 reclaim candidate 1 type array 1
[0.182s][debug][gc,humongous      ] GC(7) Humongous region 16 (object size 1048592 @ 0x00000000f1000000) remset 1 code roots 0 marked 0 reclaim candidate 1 type array 1
[0.182s][debug][gc,humongous      ] GC(7) Humongous region 32 (object size 1048592 @ 0x00000000f2000000) remset 1 code roots 0 marked 0 reclaim candidate 1 type array 1
[0.182s][debug][gc,humongous      ] GC(7) Humongous region 20 (object size 1048592 @ 0x00000000f1400000) remset 1 code roots 0 marked 0 reclaim candidate 1 type array 1
[0.182s][debug][gc,humongous      ] GC(7) Humongous region 38 (object size 1048592 @ 0x00000000f2600000) remset 1 code roots 0 marked 0 reclaim candidate 1 type array 1
[0.182s][debug][gc,humongous      ] GC(7) Humongous region 26 (object size 1048592 @ 0x00000000f1a00000) remset 1 code roots 0 marked 0 reclaim candidate 1 type array 1
[0.182s][debug][gc,humongous      ] GC(7) Humongous region 12 (object size 1048592 @ 0x00000000f0c00000) remset 1 code roots 0 marked 0 reclaim candidate 1 type array 1
[0.182s][debug][gc,humongous      ] GC(7) Humongous region 30 (object size 1048592 @ 0x00000000f1e00000) remset 1 code roots 0 marked 0 reclaim candidate 1 type array 1
[0.182s][debug][gc,humongous      ] GC(7) Humongous region 34 (object size 1048592 @ 0x00000000f2200000) remset 1 code roots 0 marked 0 reclaim candidate 1 type array 1
[0.182s][debug][gc,humongous      ] GC(7) Humongous region 22 (object size 1048592 @ 0x00000000f1600000) remset 1 code roots 0 marked 0 reclaim candidate 1 type array 1
[0.182s][debug][gc,humongous      ] GC(7) Humongous region 40 (object size 1048592 @ 0x00000000f2800000) remset 0 code roots 0 marked 0 reclaim candidate 1 type array 1
[0.182s][debug][gc,humongous      ] GC(7) Humongous region 28 (object size 1048592 @ 0x00000000f1c00000) remset 1 code roots 0 marked 0 reclaim candidate 1 type array 1
[0.182s][debug][gc,humongous      ] GC(7) Humongous region 10 (object size 1048592 @ 0x00000000f0a00000) remset 1 code roots 0 marked 0 reclaim candidate 1 type array 1
[0.182s][debug][gc,humongous      ] GC(7) Humongous region 36 (object size 1048592 @ 0x00000000f2400000) remset 1 code roots 0 marked 0 reclaim candidate 1 type array 1
[0.183s][debug][gc,ergo           ] GC(7) Running G1 Merge Heap Roots using 12 workers for 9 regions
[0.183s][debug][gc,remset         ] GC(7) Visited cards 96 Total dirty 2048 (4.69%) Total old 176128 (0.05%)
[0.184s][debug][gc,ref            ] GC(7) Skipped phase 1 of Reference Processing: no references
[0.184s][debug][gc,ref            ] GC(7) Skipped phase 2 of Reference Processing: no references
[0.184s][debug][gc,ref            ] GC(7) Skipped phase 3 of Reference Processing: no references
[0.184s][debug][gc,ref            ] GC(7) Skipped phase 4 of Reference Processing: no references
[0.185s][debug][gc,ergo           ] GC(7) Running G1 Rebuild Free List Task using 12 workers for rebuilding free list of regions
[0.186s][debug][gc,plab           ] GC(7) Young PLAB allocation: allocated: 0B, wasted: 0B, unused: 0B, used: 0B, undo waste: 0B, 
[0.186s][debug][gc,plab           ] GC(7) Young other allocation: region end waste: 129112B, regions filled: 2, direct allocated: 1968040B, failure used: 0B, failure wasted: 0B
[0.186s][debug][gc,plab           ] GC(7) Young sizing: calculated: 0B, actual: 2064B
[0.186s][debug][gc,plab           ] GC(7) Old PLAB allocation: allocated: 0B, wasted: 0B, unused: 0B, used: 0B, undo waste: 0B, 
[0.186s][debug][gc,plab           ] GC(7) Old other allocation: region end waste: 456784B, regions filled: 8, direct allocated: 6161888B, failure used: 0B, failure wasted: 0B
[0.186s][debug][gc,plab           ] GC(7) Old sizing: calculated: 0B, actual: 2064B
[0.186s][debug][gc,ergo,heap      ] GC(7) Heap expansion: short term pause time ratio 24.84% long term pause time ratio 9.51% threshold 7.69% pause time ratio 7.69% fully expanded false resize by 31865664B
[0.186s][debug][gc,ergo,heap      ] GC(7) Expand the heap. requested expansion amount: 31865664B expansion amount: 32505856B
[0.187s][debug][gc,heap,region    ] GC(7) Activate regions [128, 159)
[0.187s][debug][gc,ihop           ] GC(7) Target occupancy update: old: 134217728B, new: 168820736B
[0.187s][debug][gc,mmu            ] GC(7) MMU: 8.5ms (50.0ms/51.0ms)
[0.187s][debug][gc,alloc,stats    ] Old generation allocation in the last mutator period, old gen allocated: 0B, humongous allocated: 2097152B,old gen growth: 2097152B.
[0.187s][debug][gc,ihop           ] GC(7) Basic information (value update), threshold: 75969331B (45.00), target occupancy: 168820736B, current occupancy: 77844672B, recent allocation size: 2097152B, recent allocation duration: 25.30ms, recent old gen allocation rate: 82893359.08B/s, recent marking phase length: 0.00ms
[0.187s][debug][gc,ihop           ] GC(7) Adaptive IHOP information (value update), threshold: 75969331B (47.37), internal target occupancy: 160379699B, occupancy: 77844672B, additional buffer size: 0B, predicted old gen allocation rate: 13182596.79B/s, predicted marking phase length: 0.00ms, prediction active: false
[0.187s][debug][gc,ergo,refine    ] GC(7) Concurrent refinement times: Logged Cards Scan time goal: 5.00ms Logged Cards Scan time: 0.00ms HCC time: 0.00ms
[0.187s][debug][gc,ergo,refine    ] GC(7) Updated Refinement Zones: green: 3328, yellow: 9984, red: 16640
[0.187s][info ][gc,phases         ] GC(7)   Pre Evacuate Collection Set: 0.6ms
[0.187s][debug][gc,phases         ] GC(7)     Prepare TLABs: 0.0ms
[0.187s][debug][gc,phases         ] GC(7)     Concatenate Dirty Card Logs: 0.0ms
[0.187s][debug][gc,phases         ] GC(7)     Choose Collection Set: 0.0ms
[0.187s][debug][gc,phases         ] GC(7)     Region Register: 0.6ms
[0.187s][debug][gc,phases         ] GC(7)     Prepare Heap Roots: 0.0ms
[0.187s][info ][gc,phases         ] GC(7)   Merge Heap Roots: 0.2ms
[0.187s][debug][gc,phases         ] GC(7)     Prepare Merge Heap Roots: 0.0ms
[0.187s][debug][gc,phases         ] GC(7)     Eager Reclaim (ms):            Min:  0.0, Avg:  0.0, Max:  0.0, Diff:  0.0, Sum:  0.0, Workers: 1
[0.187s][debug][gc,phases         ] GC(7)     Remembered Sets (ms):          Min:  0.0, Avg:  0.0, Max:  0.0, Diff:  0.0, Sum:  0.0, Workers: 12
[0.187s][debug][gc,phases         ] GC(7)       Merged Sparse:                 Min: 0, Avg:  1.8, Max: 21, Diff: 21, Sum: 21, Workers: 12
[0.187s][debug][gc,phases         ] GC(7)       Merged Fine:                   Min: 0, Avg:  0.0, Max: 0, Diff: 0, Sum: 0, Workers: 12
[0.187s][debug][gc,phases         ] GC(7)       Merged Coarse:                 Min: 0, Avg:  0.0, Max: 0, Diff: 0, Sum: 0, Workers: 12
[0.187s][debug][gc,phases         ] GC(7)       Dirty Cards:                   Min: 0, Avg:  0.0, Max: 0, Diff: 0, Sum: 0, Workers: 12
[0.187s][debug][gc,phases         ] GC(7)     Hot Card Cache (ms):           Min:  0.0, Avg:  0.0, Max:  0.0, Diff:  0.0, Sum:  0.0, Workers: 12
[0.187s][debug][gc,phases         ] GC(7)       Dirty Cards:                   Min: 0, Avg:  0.0, Max: 0, Diff: 0, Sum: 0, Workers: 12
[0.187s][debug][gc,phases         ] GC(7)       Skipped Cards:                 Min: 0, Avg:  0.0, Max: 0, Diff: 0, Sum: 0, Workers: 12
[0.187s][debug][gc,phases         ] GC(7)     Log Buffers (ms):              Min:  0.0, Avg:  0.0, Max:  0.0, Diff:  0.0, Sum:  0.0, Workers: 12
[0.187s][debug][gc,phases         ] GC(7)       Dirty Cards:                   Min: 0, Avg:  0.0, Max: 0, Diff: 0, Sum: 0, Workers: 12
[0.187s][debug][gc,phases         ] GC(7)       Skipped Cards:                 Min: 0, Avg:  0.0, Max: 0, Diff: 0, Sum: 0, Workers: 12
[0.187s][info ][gc,phases         ] GC(7)   Evacuate Collection Set: 1.5ms
[0.187s][debug][gc,phases         ] GC(7)     Ext Root Scanning (ms):        Min:  0.0, Avg:  0.0, Max:  0.1, Diff:  0.1, Sum:  0.2, Workers: 12
[0.187s][debug][gc,phases         ] GC(7)     Scan Heap Roots (ms):          Min:  0.0, Avg:  0.0, Max:  0.0, Diff:  0.0, Sum:  0.0, Workers: 12
[0.187s][debug][gc,phases         ] GC(7)       Scanned Cards:                 Min: 0, Avg:  0.5, Max: 3, Diff: 3, Sum: 6, Workers: 12
[0.187s][debug][gc,phases         ] GC(7)       Scanned Blocks:                Min: 0, Avg:  0.4, Max: 2, Diff: 2, Sum: 5, Workers: 12
[0.187s][debug][gc,phases         ] GC(7)       Claimed Chunks:                Min: 0, Avg:  0.2, Max: 1, Diff: 1, Sum: 3, Workers: 12
[0.187s][debug][gc,phases         ] GC(7)     Code Root Scan (ms):           Min:  0.0, Avg:  0.0, Max:  0.0, Diff:  0.0, Sum:  0.0, Workers: 12
[0.187s][debug][gc,phases         ] GC(7)     Object Copy (ms):              Min:  0.6, Avg:  0.6, Max:  0.7, Diff:  0.1, Sum:  7.7, Workers: 12
[0.187s][debug][gc,phases         ] GC(7)     Termination (ms):              Min:  0.5, Avg:  0.6, Max:  0.7, Diff:  0.2, Sum:  6.9, Workers: 12
[0.187s][debug][gc,phases         ] GC(7)       Termination Attempts:          Min: 1, Avg:  1.2, Max: 2, Diff: 1, Sum: 15, Workers: 12
[0.187s][debug][gc,phases         ] GC(7)     GC Worker Other (ms):          Min:  0.0, Avg:  0.0, Max:  0.0, Diff:  0.0, Sum:  0.1, Workers: 12
[0.187s][debug][gc,phases         ] GC(7)     GC Worker Total (ms):          Min:  1.1, Avg:  1.2, Max:  1.3, Diff:  0.2, Sum: 14.9, Workers: 12
[0.187s][info ][gc,phases         ] GC(7)   Post Evacuate Collection Set: 2.1ms
[0.187s][debug][gc,phases         ] GC(7)     Code Roots Fixup: 0.0ms
[0.187s][debug][gc,phases         ] GC(7)     Reference Processing: 0.1ms
[0.187s][debug][gc,phases,ref     ] GC(7)       Reconsider SoftReferences: 0.0ms
[0.187s][debug][gc,phases,ref     ] GC(7)         SoftRef (ms):                  skipped
[0.187s][debug][gc,phases,ref     ] GC(7)       Notify Soft/WeakReferences: 0.0ms
[0.187s][debug][gc,phases,ref     ] GC(7)         SoftRef (ms):                  skipped
[0.187s][debug][gc,phases,ref     ] GC(7)         WeakRef (ms):                  skipped
[0.187s][debug][gc,phases,ref     ] GC(7)         FinalRef (ms):                 skipped
[0.187s][debug][gc,phases,ref     ] GC(7)         Total (ms):                    skipped
[0.187s][debug][gc,phases,ref     ] GC(7)       Notify and keep alive finalizable: 0.0ms
[0.187s][debug][gc,phases,ref     ] GC(7)         FinalRef (ms):                 skipped
[0.187s][debug][gc,phases,ref     ] GC(7)       Notify PhantomReferences: 0.0ms
[0.187s][debug][gc,phases,ref     ] GC(7)         PhantomRef (ms):               skipped
[0.187s][debug][gc,phases,ref     ] GC(7)       SoftReference:
[0.187s][debug][gc,phases,ref     ] GC(7)         Discovered: 0
[0.187s][debug][gc,phases,ref     ] GC(7)         Cleared: 0
[0.187s][debug][gc,phases,ref     ] GC(7)       WeakReference:
[0.187s][debug][gc,phases,ref     ] GC(7)         Discovered: 0
[0.187s][debug][gc,phases,ref     ] GC(7)         Cleared: 0
[0.187s][debug][gc,phases,ref     ] GC(7)       FinalReference:
[0.187s][debug][gc,phases,ref     ] GC(7)         Discovered: 0
[0.187s][debug][gc,phases,ref     ] GC(7)         Cleared: 0
[0.187s][debug][gc,phases,ref     ] GC(7)       PhantomReference:
[0.187s][debug][gc,phases,ref     ] GC(7)         Discovered: 0
[0.187s][debug][gc,phases,ref     ] GC(7)         Cleared: 0
[0.187s][debug][gc,phases         ] GC(7)     Weak Processing: 0.1ms
[0.187s][debug][gc,phases         ] GC(7)       VM Weak                        Min:  0.0, Avg:  0.0, Max:  0.0, Diff:  0.0, Sum:  0.0, Workers: 1
[0.187s][debug][gc,phases         ] GC(7)         Dead                           Min: 0, Avg:  0.0, Max: 0, Diff: 0, Sum: 0, Workers: 1
[0.187s][debug][gc,phases         ] GC(7)         Total                          Min: 4, Avg:  4.0, Max: 4, Diff: 0, Sum: 4, Workers: 1
[0.187s][debug][gc,phases         ] GC(7)       ObjectSynchronizer Weak        Min:  0.0, Avg:  0.0, Max:  0.0, Diff:  0.0, Sum:  0.0, Workers: 1
[0.187s][debug][gc,phases         ] GC(7)         Dead                           Min: 0, Avg:  0.0, Max: 0, Diff: 0, Sum: 0, Workers: 1
[0.187s][debug][gc,phases         ] GC(7)         Total                          Min: 4, Avg:  4.0, Max: 4, Diff: 0, Sum: 4, Workers: 1
[0.187s][debug][gc,phases         ] GC(7)       JVMTI Tag Weak OopStorage      Min:  0.0, Avg:  0.0, Max:  0.0, Diff:  0.0, Sum:  0.0, Workers: 1
[0.187s][debug][gc,phases         ] GC(7)         Dead                           Min: 0, Avg:  0.0, Max: 0, Diff: 0, Sum: 0, Workers: 1
[0.187s][debug][gc,phases         ] GC(7)         Total                          Min: 0, Avg:  0.0, Max: 0, Diff: 0, Sum: 0, Workers: 1
[0.187s][debug][gc,phases         ] GC(7)       StringTable Weak               Min:  0.0, Avg:  0.0, Max:  0.0, Diff:  0.0, Sum:  0.0, Workers: 1
[0.187s][debug][gc,phases         ] GC(7)         Dead                           Min: 0, Avg:  0.0, Max: 0, Diff: 0, Sum: 0, Workers: 1
[0.187s][debug][gc,phases         ] GC(7)         Total                          Min: 39, Avg: 39.0, Max: 39, Diff: 0, Sum: 39, Workers: 1
[0.187s][debug][gc,phases         ] GC(7)       ResolvedMethodTable Weak       Min:  0.0, Avg:  0.0, Max:  0.0, Diff:  0.0, Sum:  0.0, Workers: 1
[0.187s][debug][gc,phases         ] GC(7)         Dead                           Min: 0, Avg:  0.0, Max: 0, Diff: 0, Sum: 0, Workers: 1
[0.187s][debug][gc,phases         ] GC(7)         Total                          Min: 22, Avg: 22.0, Max: 22, Diff: 0, Sum: 22, Workers: 1
[0.187s][debug][gc,phases         ] GC(7)       JNI Weak                       Min:  0.0, Avg:  0.0, Max:  0.0, Diff:  0.0, Sum:  0.0, Workers: 1
[0.187s][debug][gc,phases         ] GC(7)         Dead                           Min: 0, Avg:  0.0, Max: 0, Diff: 0, Sum: 0, Workers: 1
[0.187s][debug][gc,phases         ] GC(7)         Total                          Min: 0, Avg:  0.0, Max: 0, Diff: 0, Sum: 0, Workers: 1
[0.187s][debug][gc,phases         ] GC(7)       StringDedup Table Weak         Min:  0.0, Avg:  0.0, Max:  0.0, Diff:  0.0, Sum:  0.0, Workers: 1
[0.187s][debug][gc,phases         ] GC(7)         Dead                           Min: 0, Avg:  0.0, Max: 0, Diff: 0, Sum: 0, Workers: 1
[0.187s][debug][gc,phases         ] GC(7)         Total                          Min: 0, Avg:  0.0, Max: 0, Diff: 0, Sum: 0, Workers: 1
[0.187s][debug][gc,phases         ] GC(7)       StringDedup Requests0 Weak     Min:  0.0, Avg:  0.0, Max:  0.0, Diff:  0.0, Sum:  0.0, Workers: 1
[0.187s][debug][gc,phases         ] GC(7)         Dead                           Min: 0, Avg:  0.0, Max: 0, Diff: 0, Sum: 0, Workers: 1
[0.187s][debug][gc,phases         ] GC(7)         Total                          Min: 0, Avg:  0.0, Max: 0, Diff: 0, Sum: 0, Workers: 1
[0.187s][debug][gc,phases         ] GC(7)       StringDedup Requests1 Weak     Min:  0.0, Avg:  0.0, Max:  0.0, Diff:  0.0, Sum:  0.0, Workers: 1
[0.187s][debug][gc,phases         ] GC(7)         Dead                           Min: 0, Avg:  0.0, Max: 0, Diff: 0, Sum: 0, Workers: 1
[0.187s][debug][gc,phases         ] GC(7)         Total                          Min: 0, Avg:  0.0, Max: 0, Diff: 0, Sum: 0, Workers: 1
[0.187s][debug][gc,phases         ] GC(7)       Weak JFR Old Object Samples    Min:  0.0, Avg:  0.0, Max:  0.0, Diff:  0.0, Sum:  0.0, Workers: 1
[0.187s][debug][gc,phases         ] GC(7)         Dead                           Min: 0, Avg:  0.0, Max: 0, Diff: 0, Sum: 0, Workers: 1
[0.187s][debug][gc,phases         ] GC(7)         Total                          Min: 0, Avg:  0.0, Max: 0, Diff: 0, Sum: 0, Workers: 1
[0.187s][debug][gc,phases         ] GC(7)     Post Evacuate Cleanup 1: 0.1ms
[0.187s][debug][gc,phases         ] GC(7)       Merge Per-Thread State (ms):   Min:  0.0, Avg:  0.0, Max:  0.0, Diff:  0.0, Sum:  0.0, Workers: 1
[0.187s][debug][gc,phases         ] GC(7)         Copied Bytes                   Min: 524416, Avg: 677494.0, Max: 852176, Diff: 327760, Sum: 8129928, Workers: 12
[0.187s][debug][gc,phases         ] GC(7)         LAB Waste                      Min: 0, Avg:  0.0, Max: 0, Diff: 0, Sum: 0, Workers: 12
[0.187s][debug][gc,phases         ] GC(7)         LAB Undo Waste                 Min: 0, Avg:  0.0, Max: 0, Diff: 0, Sum: 0, Workers: 12
[0.187s][debug][gc,phases         ] GC(7)       Clear Logged Cards (ms):       Min:  0.0, Avg:  0.0, Max:  0.0, Diff:  0.0, Sum:  0.0, Workers: 3
[0.187s][debug][gc,phases         ] GC(7)       Recalculate Used Memory (ms):  Min:  0.0, Avg:  0.0, Max:  0.0, Diff:  0.0, Sum:  0.0, Workers: 1
[0.187s][debug][gc,phases         ] GC(7)     Post Evacuate Cleanup 2: 0.6ms
[0.187s][debug][gc,phases         ] GC(7)       Reset Hot Card Cache (ms):     Min:  0.0, Avg:  0.0, Max:  0.0, Diff:  0.0, Sum:  0.0, Workers: 1
[0.187s][debug][gc,phases         ] GC(7)       Purge Code Roots (ms):         Min:  0.0, Avg:  0.0, Max:  0.0, Diff:  0.0, Sum:  0.0, Workers: 1
[0.187s][debug][gc,phases         ] GC(7)       Update Derived Pointers (ms):  Min:  0.0, Avg:  0.0, Max:  0.0, Diff:  0.0, Sum:  0.0, Workers: 1
[0.187s][debug][gc,phases         ] GC(7)       Eagerly Reclaim Humongous Objects (ms): Min:  0.0, Avg:  0.0, Max:  0.0, Diff:  0.0, Sum:  0.0, Workers: 1
[0.187s][debug][gc,phases         ] GC(7)         Humongous Total                Min: 22, Avg: 22.0, Max: 22, Diff: 0, Sum: 22, Workers: 1
[0.187s][debug][gc,phases         ] GC(7)         Humongous Candidates           Min: 22, Avg: 22.0, Max: 22, Diff: 0, Sum: 22, Workers: 1
[0.187s][debug][gc,phases         ] GC(7)         Humongous Reclaimed            Min: 0, Avg:  0.0, Max: 0, Diff: 0, Sum: 0, Workers: 1
[0.187s][debug][gc,phases         ] GC(7)       Redirty Logged Cards (ms):     Min:  0.0, Avg:  0.0, Max:  0.0, Diff:  0.0, Sum:  0.0, Workers: 12
[0.187s][debug][gc,phases         ] GC(7)         Redirtied Cards:               Min: 0, Avg:  0.2, Max: 2, Diff: 2, Sum: 2, Workers: 12
[0.187s][debug][gc,phases         ] GC(7)       Free Collection Set (ms):      Min:  0.0, Avg:  0.0, Max:  0.0, Diff:  0.0, Sum:  0.0, Workers: 12
[0.187s][debug][gc,phases         ] GC(7)     Rebuild Free List: 0.5ms
[0.187s][debug][gc,phases         ] GC(7)     Start New Collection Set: 0.0ms
[0.187s][debug][gc,phases         ] GC(7)     Resize TLABs: 0.0ms
[0.187s][debug][gc,phases         ] GC(7)     Expand Heap After Collection: 0.7ms
[0.187s][info ][gc,phases         ] GC(7)   Other: 0.4ms
[0.187s][info ][gc,heap           ] GC(7) Eden regions: 8->0(6)
[0.187s][info ][gc,heap           ] GC(7) Survivor regions: 1->2(2)
[0.187s][info ][gc,heap           ] GC(7) Old regions: 22->29
[0.187s][info ][gc,heap           ] GC(7) Archive regions: 2->2
[0.187s][info ][gc,heap           ] GC(7) Humongous regions: 44->44
[0.187s][info ][gc,metaspace      ] GC(7) Metaspace: 131K(320K)->131K(320K) NonClass: 126K(192K)->126K(192K) Class: 5K(128K)->5K(128K)
[0.187s][debug][gc,heap           ] GC(7) Heap after GC invocations=8 (full 1):
[0.187s][debug][gc,heap           ] GC(7)  garbage-first heap   total 164864K, used 76020K [0x00000000f0000000, 0x0000000100000000)
[0.187s][debug][gc,heap           ] GC(7)   region size 1024K, 2 young (2048K), 2 survivors (2048K)
[0.187s][debug][gc,heap           ] GC(7)  Metaspace       used 131K, committed 320K, reserved 1114112K
[0.187s][debug][gc,heap           ] GC(7)   class space    used 5K, committed 128K, reserved 1048576K
[0.188s][info ][gc                ] GC(7) Pause Young (Prepare Mixed) (G1 Evacuation Pause) 74M->74M(161M) 5.557ms
[0.188s][info ][gc,cpu            ] GC(7) User=0.00s Sys=0.01s Real=0.01s
[0.207s][debug][gc,heap           ] GC(8) Heap before GC invocations=8 (full 1):
[0.207s][debug][gc,heap           ] GC(8)  garbage-first heap   total 164864K, used 81140K [0x00000000f0000000, 0x0000000100000000)
[0.207s][debug][gc,heap           ] GC(8)   region size 1024K, 8 young (8192K), 2 survivors (2048K)
[0.207s][debug][gc,heap           ] GC(8)  Metaspace       used 131K, committed 320K, reserved 1114112K
[0.207s][debug][gc,heap           ] GC(8)   class space    used 5K, committed 128K, reserved 1048576K
[0.207s][info ][gc,start          ] GC(8) Pause Young (Mixed) (G1 Evacuation Pause)
[0.207s][info ][gc,task           ] GC(8) Using 12 workers of 13 for evacuation
[0.207s][debug][gc,tlab           ] GC(8) TLAB totals: thrds: 5  refills: 5 max: 1 slow allocs: 83 max 17 waste: 32.4% gc: 158216B max: 32304B slow: 0B max: 0B
[0.207s][debug][gc,age            ] GC(8) Desired survivor size 524288 bytes, new threshold 1 (max threshold 15)
[0.207s][debug][gc,refine,stats   ] GC(8) Mutator refinement: 0.00ms, refined: 0, precleaned: 0, dirtied: 0
[0.207s][debug][gc,refine,stats   ] GC(8) Concurrent refinement: 0.00ms, refined: 0, precleaned: 0, dirtied: 0
[0.207s][debug][gc,refine,stats   ] GC(8) Total refinement: 0.00ms, refined: 0, precleaned: 0, dirtied: 0
[0.207s][debug][gc,refine,stats   ] GC(8) Generate dirty cards rate: 0.00 cards/ms
[0.207s][debug][gc,alloc,region   ] GC(8) Mutator Allocation stats, regions: 6, wasted size: 290K ( 4.7%)
[0.207s][debug][gc,ergo,cset      ] GC(8) Start adding old regions to collection set. Min 1 regions, max 17 regions, time remaining 25.37ms, optional threshold 5.07ms
[0.207s][debug][gc,ergo,cset      ] GC(8) Old candidate collection set empty.
[0.207s][debug][gc,ergo,cset      ] GC(8) Finish choosing collection set old regions. Initial: 1, optional: 0, predicted old time: 0.00ms, predicted optional time: 0.00ms, time remaining: 23.92
[0.207s][debug][gc,humongous      ] GC(8) Humongous region 0 (object size 1048592 @ 0x00000000f0000000) remset 0 code roots 0 marked 0 reclaim candidate 1 type array 1
[0.207s][debug][gc,humongous      ] GC(8) Humongous region 2 (object size 1048592 @ 0x00000000f0200000) remset 0 code roots 0 marked 0 reclaim candidate 1 type array 1
[0.207s][debug][gc,humongous      ] GC(8) Humongous region 4 (object size 1048592 @ 0x00000000f0400000) remset 0 code roots 0 marked 0 reclaim candidate 1 type array 1
[0.207s][debug][gc,humongous      ] GC(8) Humongous region 64 (object size 1048592 @ 0x00000000f4000000) remset 0 code roots 0 marked 0 reclaim candidate 1 type array 1
[0.207s][debug][gc,humongous      ] GC(8) Humongous region 22 (object size 1048592 @ 0x00000000f1600000) remset 0 code roots 0 marked 0 reclaim candidate 1 type array 1
[0.207s][debug][gc,humongous      ] GC(8) Humongous region 8 (object size 1048592 @ 0x00000000f0800000) remset 0 code roots 0 marked 0 reclaim candidate 1 type array 1
[0.207s][debug][gc,humongous      ] GC(8) Humongous region 10 (object size 1048592 @ 0x00000000f0a00000) remset 0 code roots 0 marked 0 reclaim candidate 1 type array 1
[0.207s][debug][gc,humongous      ] GC(8) Humongous region 14 (object size 1048592 @ 0x00000000f0e00000) remset 0 code roots 0 marked 0 reclaim candidate 1 type array 1
[0.207s][debug][gc,humongous      ] GC(8) Humongous region 28 (object size 1048592 @ 0x00000000f1c00000) remset 0 code roots 0 marked 0 reclaim candidate 1 type array 1
[0.207s][debug][gc,humongous      ] GC(8) Humongous region 6 (object size 1048592 @ 0x00000000f0600000) remset 0 code roots 0 marked 0 reclaim candidate 1 type array 1
[0.207s][debug][gc,humongous      ] GC(8) Humongous region 32 (object size 1048592 @ 0x00000000f2000000) remset 0 code roots 0 marked 0 reclaim candidate 1 type array 1
[0.207s][debug][gc,humongous      ] GC(8) Humongous region 12 (object size 1048592 @ 0x00000000f0c00000) remset 0 code roots 0 marked 0 reclaim candidate 1 type array 1
[0.207s][debug][gc,humongous      ] GC(8) Humongous region 38 (object size 1048592 @ 0x00000000f2600000) remset 0 code roots 0 marked 0 reclaim candidate 1 type array 1
[0.207s][debug][gc,humongous      ] GC(8) Humongous region 18 (object size 1048592 @ 0x00000000f1200000) remset 0 code roots 0 marked 0 reclaim candidate 1 type array 1
[0.207s][debug][gc,humongous      ] GC(8) Humongous region 20 (object size 1048592 @ 0x00000000f1400000) remset 0 code roots 0 marked 0 reclaim candidate 1 type array 1
[0.207s][debug][gc,humongous      ] GC(8) Humongous region 30 (object size 1048592 @ 0x00000000f1e00000) remset 0 code roots 0 marked 0 reclaim candidate 1 type array 1
[0.207s][debug][gc,humongous      ] GC(8) Humongous region 34 (object size 1048592 @ 0x00000000f2200000) remset 0 code roots 0 marked 0 reclaim candidate 1 type array 1
[0.207s][debug][gc,humongous      ] GC(8) Humongous region 16 (object size 1048592 @ 0x00000000f1000000) remset 0 code roots 0 marked 0 reclaim candidate 1 type array 1
[0.207s][debug][gc,humongous      ] GC(8) Humongous region 36 (object size 1048592 @ 0x00000000f2400000) remset 0 code roots 0 marked 0 reclaim candidate 1 type array 1
[0.207s][debug][gc,humongous      ] GC(8) Humongous region 40 (object size 1048592 @ 0x00000000f2800000) remset 0 code roots 0 marked 0 reclaim candidate 1 type array 1
[0.207s][debug][gc,humongous      ] GC(8) Humongous region 24 (object size 1048592 @ 0x00000000f1800000) remset 0 code roots 0 marked 0 reclaim candidate 1 type array 1
[0.207s][debug][gc,humongous      ] GC(8) Humongous region 26 (object size 1048592 @ 0x00000000f1a00000) remset 0 code roots 0 marked 0 reclaim candidate 1 type array 1
[0.208s][debug][gc,ergo           ] GC(8) Running G1 Merge Heap Roots using 12 workers for 9 regions
[0.208s][debug][gc,remset         ] GC(8) Visited cards 32 Total dirty 2048 (1.56%) Total old 188416 (0.02%)
[0.209s][debug][gc,ref            ] GC(8) Skipped phase 1 of Reference Processing: no references
[0.209s][debug][gc,ref            ] GC(8) Skipped phase 2 of Reference Processing: no references
[0.209s][debug][gc,ref            ] GC(8) Skipped phase 3 of Reference Processing: no references
[0.209s][debug][gc,ref            ] GC(8) Skipped phase 4 of Reference Processing: no references
[0.209s][debug][gc,ergo           ] GC(8) Running G1 Rebuild Free List Task using 12 workers for rebuilding free list of regions
[0.210s][debug][gc,plab           ] GC(8) Young PLAB allocation: allocated: 0B, wasted: 0B, unused: 0B, used: 0B, undo waste: 0B, 
[0.210s][debug][gc,plab           ] GC(8) Young other allocation: region end waste: 63080B, regions filled: 1, direct allocated: 985496B, failure used: 0B, failure wasted: 0B
[0.210s][debug][gc,plab           ] GC(8) Young sizing: calculated: 0B, actual: 2064B
[0.210s][debug][gc,plab           ] GC(8) Old PLAB allocation: allocated: 0B, wasted: 0B, unused: 0B, used: 0B, undo waste: 0B, 
[0.210s][debug][gc,plab           ] GC(8) Old other allocation: region end waste: 456608B, regions filled: 8, direct allocated: 6948512B, failure used: 0B, failure wasted: 0B
[0.210s][debug][gc,plab           ] GC(8) Old sizing: calculated: 0B, actual: 2064B
[0.210s][debug][gc,ergo,heap      ] GC(8) Heap expansion: short term pause time ratio 17.15% long term pause time ratio 10.68% threshold 7.69% pause time ratio 7.69% fully expanded false resize by 0B
[0.210s][debug][gc,ergo,ihop      ] GC(8) Do not request concurrent cycle initiation (still doing mixed collections) occupancy: 84934656B allocation request: 0B threshold: 75969331B (45.00) source: end of GC
[0.210s][debug][gc,mmu            ] GC(8) MMU: 7.3ms (50.0ms/51.0ms)
[0.210s][debug][gc,ergo           ] GC(8) do not continue mixed GCs (candidate old regions not available)
[0.210s][debug][gc,ergo,ihop      ] GC(8) Request concurrent cycle initiation (occupancy higher than threshold) occupancy: 84934656B allocation request: 0B threshold: 75969331B (45.00) source: end of GC
[0.210s][debug][gc,alloc,stats    ] Old generation allocation in the last mutator period, old gen allocated: 0B, humongous allocated: 0B,old gen growth: 0B.
[0.210s][debug][gc,ihop           ] GC(8) Basic information (value update), threshold: 75969331B (45.00), target occupancy: 168820736B, current occupancy: 83546144B, recent allocation size: 0B, recent allocation duration: 25.30ms, recent old gen allocation rate: 0.00B/s, recent marking phase length: 45.78ms
[0.210s][debug][gc,ihop           ] GC(8) Adaptive IHOP information (value update), threshold: 75969331B (47.37), internal target occupancy: 160379699B, occupancy: 83546144B, additional buffer size: 0B, predicted old gen allocation rate: 13182596.79B/s, predicted marking phase length: 91.55ms, prediction active: false
[0.210s][debug][gc,ergo,refine    ] GC(8) Concurrent refinement times: Logged Cards Scan time goal: 5.00ms Logged Cards Scan time: 0.00ms HCC time: 0.00ms
[0.210s][debug][gc,ergo,refine    ] GC(8) Updated Refinement Zones: green: 3328, yellow: 9984, red: 16640
[0.210s][info ][gc,phases         ] GC(8)   Pre Evacuate Collection Set: 0.6ms
[0.210s][debug][gc,phases         ] GC(8)     Prepare TLABs: 0.0ms
[0.210s][debug][gc,phases         ] GC(8)     Concatenate Dirty Card Logs: 0.0ms
[0.210s][debug][gc,phases         ] GC(8)     Choose Collection Set: 0.0ms
[0.210s][debug][gc,phases         ] GC(8)     Region Register: 0.6ms
[0.210s][debug][gc,phases         ] GC(8)     Prepare Heap Roots: 0.0ms
[0.210s][info ][gc,phases         ] GC(8)   Merge Heap Roots: 0.2ms
[0.210s][debug][gc,phases         ] GC(8)     Prepare Merge Heap Roots: 0.0ms
[0.210s][debug][gc,phases         ] GC(8)     Eager Reclaim (ms):            Min:  0.0, Avg:  0.0, Max:  0.0, Diff:  0.0, Sum:  0.0, Workers: 1
[0.210s][debug][gc,phases         ] GC(8)     Remembered Sets (ms):          Min:  0.0, Avg:  0.0, Max:  0.0, Diff:  0.0, Sum:  0.0, Workers: 12
[0.210s][debug][gc,phases         ] GC(8)       Merged Sparse:                 Min: 0, Avg:  0.0, Max: 0, Diff: 0, Sum: 0, Workers: 12
[0.210s][debug][gc,phases         ] GC(8)       Merged Fine:                   Min: 0, Avg:  0.0, Max: 0, Diff: 0, Sum: 0, Workers: 12
[0.210s][debug][gc,phases         ] GC(8)       Merged Coarse:                 Min: 0, Avg:  0.0, Max: 0, Diff: 0, Sum: 0, Workers: 12
[0.210s][debug][gc,phases         ] GC(8)       Dirty Cards:                   Min: 0, Avg:  0.0, Max: 0, Diff: 0, Sum: 0, Workers: 12
[0.210s][debug][gc,phases         ] GC(8)     Hot Card Cache (ms):           Min:  0.0, Avg:  0.0, Max:  0.0, Diff:  0.0, Sum:  0.0, Workers: 12
[0.210s][debug][gc,phases         ] GC(8)       Dirty Cards:                   Min: 0, Avg:  0.0, Max: 0, Diff: 0, Sum: 0, Workers: 12
[0.210s][debug][gc,phases         ] GC(8)       Skipped Cards:                 Min: 0, Avg:  0.0, Max: 0, Diff: 0, Sum: 0, Workers: 12
[0.210s][debug][gc,phases         ] GC(8)     Log Buffers (ms):              Min:  0.0, Avg:  0.0, Max:  0.0, Diff:  0.0, Sum:  0.0, Workers: 12
[0.210s][debug][gc,phases         ] GC(8)       Dirty Cards:                   Min: 0, Avg:  0.0, Max: 0, Diff: 0, Sum: 0, Workers: 12
[0.210s][debug][gc,phases         ] GC(8)       Skipped Cards:                 Min: 0, Avg:  0.0, Max: 0, Diff: 0, Sum: 0, Workers: 12
[0.210s][info ][gc,phases         ] GC(8)   Evacuate Collection Set: 1.1ms
[0.210s][debug][gc,phases         ] GC(8)     Ext Root Scanning (ms):        Min:  0.0, Avg:  0.0, Max:  0.1, Diff:  0.1, Sum:  0.3, Workers: 12
[0.210s][debug][gc,phases         ] GC(8)     Scan Heap Roots (ms):          Min:  0.0, Avg:  0.0, Max:  0.0, Diff:  0.0, Sum:  0.0, Workers: 12
[0.210s][debug][gc,phases         ] GC(8)       Scanned Cards:                 Min: 0, Avg:  0.2, Max: 2, Diff: 2, Sum: 2, Workers: 12
[0.210s][debug][gc,phases         ] GC(8)       Scanned Blocks:                Min: 0, Avg:  0.2, Max: 2, Diff: 2, Sum: 2, Workers: 12
[0.210s][debug][gc,phases         ] GC(8)       Claimed Chunks:                Min: 0, Avg:  0.1, Max: 1, Diff: 1, Sum: 1, Workers: 12
[0.210s][debug][gc,phases         ] GC(8)     Code Root Scan (ms):           Min:  0.0, Avg:  0.0, Max:  0.0, Diff:  0.0, Sum:  0.0, Workers: 12
[0.210s][debug][gc,phases         ] GC(8)     Object Copy (ms):              Min:  0.5, Avg:  0.6, Max:  0.7, Diff:  0.2, Sum:  7.2, Workers: 12
[0.210s][debug][gc,phases         ] GC(8)     Termination (ms):              Min:  0.1, Avg:  0.2, Max:  0.3, Diff:  0.1, Sum:  2.8, Workers: 12
[0.210s][debug][gc,phases         ] GC(8)       Termination Attempts:          Min: 1, Avg:  1.1, Max: 2, Diff: 1, Sum: 13, Workers: 12
[0.210s][debug][gc,phases         ] GC(8)     GC Worker Other (ms):          Min:  0.0, Avg:  0.0, Max:  0.0, Diff:  0.0, Sum:  0.1, Workers: 12
[0.210s][debug][gc,phases         ] GC(8)     GC Worker Total (ms):          Min:  0.7, Avg:  0.9, Max:  1.0, Diff:  0.3, Sum: 10.4, Workers: 12
[0.210s][info ][gc,phases         ] GC(8)   Post Evacuate Collection Set: 0.5ms
[0.210s][debug][gc,phases         ] GC(8)     Code Roots Fixup: 0.0ms
[0.210s][debug][gc,phases         ] GC(8)     Reference Processing: 0.1ms
[0.210s][debug][gc,phases,ref     ] GC(8)       Reconsider SoftReferences: 0.0ms
[0.210s][debug][gc,phases,ref     ] GC(8)         SoftRef (ms):                  skipped
[0.210s][debug][gc,phases,ref     ] GC(8)       Notify Soft/WeakReferences: 0.0ms
[0.210s][debug][gc,phases,ref     ] GC(8)         SoftRef (ms):                  skipped
[0.210s][debug][gc,phases,ref     ] GC(8)         WeakRef (ms):                  skipped
[0.210s][debug][gc,phases,ref     ] GC(8)         FinalRef (ms):                 skipped
[0.210s][debug][gc,phases,ref     ] GC(8)         Total (ms):                    skipped
[0.210s][debug][gc,phases,ref     ] GC(8)       Notify and keep alive finalizable: 0.0ms
[0.210s][debug][gc,phases,ref     ] GC(8)         FinalRef (ms):                 skipped
[0.210s][debug][gc,phases,ref     ] GC(8)       Notify PhantomReferences: 0.0ms
[0.210s][debug][gc,phases,ref     ] GC(8)         PhantomRef (ms):               skipped
[0.210s][debug][gc,phases,ref     ] GC(8)       SoftReference:
[0.210s][debug][gc,phases,ref     ] GC(8)         Discovered: 0
[0.210s][debug][gc,phases,ref     ] GC(8)         Cleared: 0
[0.210s][debug][gc,phases,ref     ] GC(8)       WeakReference:
[0.210s][debug][gc,phases,ref     ] GC(8)         Discovered: 0
[0.210s][debug][gc,phases,ref     ] GC(8)         Cleared: 0
[0.210s][debug][gc,phases,ref     ] GC(8)       FinalReference:
[0.210s][debug][gc,phases,ref     ] GC(8)         Discovered: 0
[0.210s][debug][gc,phases,ref     ] GC(8)         Cleared: 0
[0.210s][debug][gc,phases,ref     ] GC(8)       PhantomReference:
[0.210s][debug][gc,phases,ref     ] GC(8)         Discovered: 0
[0.210s][debug][gc,phases,ref     ] GC(8)         Cleared: 0
[0.210s][debug][gc,phases         ] GC(8)     Weak Processing: 0.1ms
[0.210s][debug][gc,phases         ] GC(8)       VM Weak                        Min:  0.0, Avg:  0.0, Max:  0.0, Diff:  0.0, Sum:  0.0, Workers: 1
[0.210s][debug][gc,phases         ] GC(8)         Dead                           Min: 0, Avg:  0.0, Max: 0, Diff: 0, Sum: 0, Workers: 1
[0.210s][debug][gc,phases         ] GC(8)         Total                          Min: 4, Avg:  4.0, Max: 4, Diff: 0, Sum: 4, Workers: 1
[0.210s][debug][gc,phases         ] GC(8)       ObjectSynchronizer Weak        Min:  0.0, Avg:  0.0, Max:  0.0, Diff:  0.0, Sum:  0.0, Workers: 1
[0.210s][debug][gc,phases         ] GC(8)         Dead                           Min: 0, Avg:  0.0, Max: 0, Diff: 0, Sum: 0, Workers: 1
[0.210s][debug][gc,phases         ] GC(8)         Total                          Min: 4, Avg:  4.0, Max: 4, Diff: 0, Sum: 4, Workers: 1
[0.210s][debug][gc,phases         ] GC(8)       JVMTI Tag Weak OopStorage      Min:  0.0, Avg:  0.0, Max:  0.0, Diff:  0.0, Sum:  0.0, Workers: 1
[0.210s][debug][gc,phases         ] GC(8)         Dead                           Min: 0, Avg:  0.0, Max: 0, Diff: 0, Sum: 0, Workers: 1
[0.210s][debug][gc,phases         ] GC(8)         Total                          Min: 0, Avg:  0.0, Max: 0, Diff: 0, Sum: 0, Workers: 1
[0.210s][debug][gc,phases         ] GC(8)       StringTable Weak               Min:  0.0, Avg:  0.0, Max:  0.0, Diff:  0.0, Sum:  0.0, Workers: 1
[0.210s][debug][gc,phases         ] GC(8)         Dead                           Min: 0, Avg:  0.0, Max: 0, Diff: 0, Sum: 0, Workers: 1
[0.210s][debug][gc,phases         ] GC(8)         Total                          Min: 39, Avg: 39.0, Max: 39, Diff: 0, Sum: 39, Workers: 1
[0.210s][debug][gc,phases         ] GC(8)       ResolvedMethodTable Weak       Min:  0.0, Avg:  0.0, Max:  0.0, Diff:  0.0, Sum:  0.0, Workers: 1
[0.210s][debug][gc,phases         ] GC(8)         Dead                           Min: 0, Avg:  0.0, Max: 0, Diff: 0, Sum: 0, Workers: 1
[0.210s][debug][gc,phases         ] GC(8)         Total                          Min: 22, Avg: 22.0, Max: 22, Diff: 0, Sum: 22, Workers: 1
[0.210s][debug][gc,phases         ] GC(8)       JNI Weak                       Min:  0.0, Avg:  0.0, Max:  0.0, Diff:  0.0, Sum:  0.0, Workers: 1
[0.210s][debug][gc,phases         ] GC(8)         Dead                           Min: 0, Avg:  0.0, Max: 0, Diff: 0, Sum: 0, Workers: 1
[0.210s][debug][gc,phases         ] GC(8)         Total                          Min: 0, Avg:  0.0, Max: 0, Diff: 0, Sum: 0, Workers: 1
[0.210s][debug][gc,phases         ] GC(8)       StringDedup Table Weak         Min:  0.0, Avg:  0.0, Max:  0.0, Diff:  0.0, Sum:  0.0, Workers: 1
[0.210s][debug][gc,phases         ] GC(8)         Dead                           Min: 0, Avg:  0.0, Max: 0, Diff: 0, Sum: 0, Workers: 1
[0.210s][debug][gc,phases         ] GC(8)         Total                          Min: 0, Avg:  0.0, Max: 0, Diff: 0, Sum: 0, Workers: 1
[0.210s][debug][gc,phases         ] GC(8)       StringDedup Requests0 Weak     Min:  0.0, Avg:  0.0, Max:  0.0, Diff:  0.0, Sum:  0.0, Workers: 1
[0.210s][debug][gc,phases         ] GC(8)         Dead                           Min: 0, Avg:  0.0, Max: 0, Diff: 0, Sum: 0, Workers: 1
[0.210s][debug][gc,phases         ] GC(8)         Total                          Min: 0, Avg:  0.0, Max: 0, Diff: 0, Sum: 0, Workers: 1
[0.210s][debug][gc,phases         ] GC(8)       StringDedup Requests1 Weak     Min:  0.0, Avg:  0.0, Max:  0.0, Diff:  0.0, Sum:  0.0, Workers: 1
[0.210s][debug][gc,phases         ] GC(8)         Dead                           Min: 0, Avg:  0.0, Max: 0, Diff: 0, Sum: 0, Workers: 1
[0.210s][debug][gc,phases         ] GC(8)         Total                          Min: 0, Avg:  0.0, Max: 0, Diff: 0, Sum: 0, Workers: 1
[0.210s][debug][gc,phases         ] GC(8)       Weak JFR Old Object Samples    Min:  0.0, Avg:  0.0, Max:  0.0, Diff:  0.0, Sum:  0.0, Workers: 1
[0.210s][debug][gc,phases         ] GC(8)         Dead                           Min: 0, Avg:  0.0, Max: 0, Diff: 0, Sum: 0, Workers: 1
[0.210s][debug][gc,phases         ] GC(8)         Total                          Min: 0, Avg:  0.0, Max: 0, Diff: 0, Sum: 0, Workers: 1
[0.210s][debug][gc,phases         ] GC(8)     Post Evacuate Cleanup 1: 0.1ms
[0.210s][debug][gc,phases         ] GC(8)       Merge Per-Thread State (ms):   Min:  0.0, Avg:  0.0, Max:  0.0, Diff:  0.0, Sum:  0.0, Workers: 1
[0.210s][debug][gc,phases         ] GC(8)         Copied Bytes                   Min: 524416, Avg: 661167.3, Max: 788840, Diff: 264424, Sum: 7934008, Workers: 12
[0.210s][debug][gc,phases         ] GC(8)         LAB Waste                      Min: 0, Avg:  0.0, Max: 0, Diff: 0, Sum: 0, Workers: 12
[0.210s][debug][gc,phases         ] GC(8)         LAB Undo Waste                 Min: 0, Avg:  0.0, Max: 0, Diff: 0, Sum: 0, Workers: 12
[0.210s][debug][gc,phases         ] GC(8)       Clear Logged Cards (ms):       Min:  0.0, Avg:  0.0, Max:  0.0, Diff:  0.0, Sum:  0.0, Workers: 3
[0.210s][debug][gc,phases         ] GC(8)       Recalculate Used Memory (ms):  Min:  0.0, Avg:  0.0, Max:  0.0, Diff:  0.0, Sum:  0.0, Workers: 1
[0.210s][debug][gc,phases         ] GC(8)     Post Evacuate Cleanup 2: 0.1ms
[0.210s][debug][gc,phases         ] GC(8)       Reset Hot Card Cache (ms):     Min:  0.0, Avg:  0.0, Max:  0.0, Diff:  0.0, Sum:  0.0, Workers: 1
[0.210s][debug][gc,phases         ] GC(8)       Purge Code Roots (ms):         Min:  0.0, Avg:  0.0, Max:  0.0, Diff:  0.0, Sum:  0.0, Workers: 1
[0.210s][debug][gc,phases         ] GC(8)       Update Derived Pointers (ms):  Min:  0.0, Avg:  0.0, Max:  0.0, Diff:  0.0, Sum:  0.0, Workers: 1
[0.210s][debug][gc,phases         ] GC(8)       Eagerly Reclaim Humongous Objects (ms): Min:  0.0, Avg:  0.0, Max:  0.0, Diff:  0.0, Sum:  0.0, Workers: 1
[0.210s][debug][gc,phases         ] GC(8)         Humongous Total                Min: 22, Avg: 22.0, Max: 22, Diff: 0, Sum: 22, Workers: 1
[0.210s][debug][gc,phases         ] GC(8)         Humongous Candidates           Min: 22, Avg: 22.0, Max: 22, Diff: 0, Sum: 22, Workers: 1
[0.210s][debug][gc,phases         ] GC(8)         Humongous Reclaimed            Min: 0, Avg:  0.0, Max: 0, Diff: 0, Sum: 0, Workers: 1
[0.210s][debug][gc,phases         ] GC(8)       Redirty Logged Cards (ms):     Min:  0.0, Avg:  0.0, Max:  0.0, Diff:  0.0, Sum:  0.0, Workers: 12
[0.210s][debug][gc,phases         ] GC(8)         Redirtied Cards:               Min: 0, Avg:  0.2, Max: 2, Diff: 2, Sum: 2, Workers: 12
[0.210s][debug][gc,phases         ] GC(8)       Free Collection Set (ms):      Min:  0.0, Avg:  0.0, Max:  0.0, Diff:  0.0, Sum:  0.0, Workers: 12
[0.210s][debug][gc,phases         ] GC(8)     Rebuild Free List: 0.1ms
[0.210s][debug][gc,phases         ] GC(8)     Start New Collection Set: 0.0ms
[0.210s][debug][gc,phases         ] GC(8)     Resize TLABs: 0.0ms
[0.210s][debug][gc,phases         ] GC(8)     Expand Heap After Collection: 0.0ms
[0.210s][info ][gc,phases         ] GC(8)   Other: 0.2ms
[0.210s][info ][gc,heap           ] GC(8) Eden regions: 6->0(16)
[0.210s][info ][gc,heap           ] GC(8) Survivor regions: 2->1(1)
[0.210s][info ][gc,heap           ] GC(8) Old regions: 29->35
[0.210s][info ][gc,heap           ] GC(8) Archive regions: 2->2
[0.210s][info ][gc,heap           ] GC(8) Humongous regions: 44->44
[0.210s][info ][gc,metaspace      ] GC(8) Metaspace: 131K(320K)->131K(320K) NonClass: 126K(192K)->126K(192K) Class: 5K(128K)->5K(128K)
[0.210s][debug][gc,heap           ] GC(8) Heap after GC invocations=9 (full 1):
[0.210s][debug][gc,heap           ] GC(8)  garbage-first heap   total 164864K, used 81588K [0x00000000f0000000, 0x0000000100000000)
[0.210s][debug][gc,heap           ] GC(8)   region size 1024K, 1 young (1024K), 1 survivors (1024K)
[0.210s][debug][gc,heap           ] GC(8)  Metaspace       used 131K, committed 320K, reserved 1114112K
[0.210s][debug][gc,heap           ] GC(8)   class space    used 5K, committed 128K, reserved 1048576K
[0.210s][info ][gc                ] GC(8) Pause Young (Mixed) (G1 Evacuation Pause) 80M->79M(161M) 2.913ms
[0.210s][info ][gc,cpu            ] GC(8) User=0.00s Sys=0.01s Real=0.00s
[0.230s][debug][gc,ergo,ihop      ] Request concurrent cycle initiation (occupancy higher than threshold) occupancy: 84934656B allocation request: 1048592B threshold: 75969331B (45.00) source: concurrent humongous allocation
[0.231s][debug][gc,ergo           ] Request concurrent cycle initiation (requested by GC cause). GC cause: G1 Humongous Allocation
[0.231s][debug][gc,heap           ] GC(9) Heap before GC invocations=9 (full 1):
[0.231s][debug][gc,heap           ] GC(9)  garbage-first heap   total 164864K, used 86708K [0x00000000f0000000, 0x0000000100000000)
[0.231s][debug][gc,heap           ] GC(9)   region size 1024K, 8 young (8192K), 1 survivors (1024K)
[0.231s][debug][gc,heap           ] GC(9)  Metaspace       used 131K, committed 320K, reserved 1114112K
[0.231s][debug][gc,heap           ] GC(9)   class space    used 5K, committed 128K, reserved 1048576K
[0.231s][debug][gc,ergo           ] GC(9) Initiate concurrent cycle (concurrent cycle initiation requested)
[0.231s][info ][gc,start          ] GC(9) Pause Young (Concurrent Start) (G1 Humongous Allocation)
[0.231s][info ][gc,task           ] GC(9) Using 12 workers of 13 for evacuation
[0.231s][debug][gc,tlab           ] GC(9) TLAB totals: thrds: 5  refills: 5 max: 1 slow allocs: 83 max 17 waste:  8.1% gc: 58024B max: 12472B slow: 0B max: 0B
[0.231s][debug][gc,age            ] GC(9) Desired survivor size 1572864 bytes, new threshold 15 (max threshold 15)
[0.231s][debug][gc,refine,stats   ] GC(9) Mutator refinement: 0.00ms, refined: 0, precleaned: 0, dirtied: 0
[0.231s][debug][gc,refine,stats   ] GC(9) Concurrent refinement: 0.00ms, refined: 0, precleaned: 0, dirtied: 0
[0.231s][debug][gc,refine,stats   ] GC(9) Total refinement: 0.00ms, refined: 0, precleaned: 0, dirtied: 0
[0.231s][debug][gc,refine,stats   ] GC(9) Generate dirty cards rate: 0.00 cards/ms
[0.231s][debug][gc,alloc,region   ] GC(9) Mutator Allocation stats, regions: 7, wasted size: 325K ( 4.5%)
[0.231s][debug][gc,humongous      ] GC(9) Humongous region 0 (object size 1048592 @ 0x00000000f0000000) remset 0 code roots 0 marked 0 reclaim candidate 1 type array 1
[0.231s][debug][gc,humongous      ] GC(9) Humongous region 22 (object size 1048592 @ 0x00000000f1600000) remset 0 code roots 0 marked 0 reclaim candidate 1 type array 1
[0.231s][debug][gc,humongous      ] GC(9) Humongous region 64 (object size 1048592 @ 0x00000000f4000000) remset 0 code roots 0 marked 0 reclaim candidate 1 type array 1
[0.231s][debug][gc,humongous      ] GC(9) Humongous region 4 (object size 1048592 @ 0x00000000f0400000) remset 0 code roots 0 marked 0 reclaim candidate 1 type array 1
[0.231s][debug][gc,humongous      ] GC(9) Humongous region 10 (object size 1048592 @ 0x00000000f0a00000) remset 0 code roots 0 marked 0 reclaim candidate 1 type array 1
[0.231s][debug][gc,humongous      ] GC(9) Humongous region 6 (object size 1048592 @ 0x00000000f0600000) remset 0 code roots 0 marked 0 reclaim candidate 1 type array 1
[0.231s][debug][gc,humongous      ] GC(9) Humongous region 16 (object size 1048592 @ 0x00000000f1000000) remset 0 code roots 0 marked 0 reclaim candidate 1 type array 1
[0.231s][debug][gc,humongous      ] GC(9) Humongous region 12 (object size 1048592 @ 0x00000000f0c00000) remset 0 code roots 0 marked 0 reclaim candidate 1 type array 1
[0.231s][debug][gc,humongous      ] GC(9) Humongous region 24 (object size 1048592 @ 0x00000000f1800000) remset 0 code roots 0 marked 0 reclaim candidate 1 type array 1
[0.231s][debug][gc,humongous      ] GC(9) Humongous region 34 (object size 1048592 @ 0x00000000f2200000) remset 0 code roots 0 marked 0 reclaim candidate 1 type array 1
[0.231s][debug][gc,humongous      ] GC(9) Humongous region 36 (object size 1048592 @ 0x00000000f2400000) remset 0 code roots 0 marked 0 reclaim candidate 1 type array 1
[0.231s][debug][gc,humongous      ] GC(9) Humongous region 40 (object size 1048592 @ 0x00000000f2800000) remset 0 code roots 0 marked 0 reclaim candidate 1 type array 1
[0.231s][debug][gc,humongous      ] GC(9) Humongous region 20 (object size 1048592 @ 0x00000000f1400000) remset 0 code roots 0 marked 0 reclaim candidate 1 type array 1
[0.231s][debug][gc,humongous      ] GC(9) Humongous region 18 (object size 1048592 @ 0x00000000f1200000) remset 0 code roots 0 marked 0 reclaim candidate 1 type array 1
[0.231s][debug][gc,humongous      ] GC(9) Humongous region 14 (object size 1048592 @ 0x00000000f0e00000) remset 0 code roots 0 marked 0 reclaim candidate 1 type array 1
[0.231s][debug][gc,humongous      ] GC(9) Humongous region 30 (object size 1048592 @ 0x00000000f1e00000) remset 0 code roots 0 marked 0 reclaim candidate 1 type array 1
[0.231s][debug][gc,humongous      ] GC(9) Humongous region 32 (object size 1048592 @ 0x00000000f2000000) remset 0 code roots 0 marked 0 reclaim candidate 1 type array 1
[0.231s][debug][gc,humongous      ] GC(9) Humongous region 2 (object size 1048592 @ 0x00000000f0200000) remset 0 code roots 0 marked 0 reclaim candidate 1 type array 1
[0.231s][debug][gc,humongous      ] GC(9) Humongous region 38 (object size 1048592 @ 0x00000000f2600000) remset 0 code roots 0 marked 0 reclaim candidate 1 type array 1
[0.231s][debug][gc,humongous      ] GC(9) Humongous region 8 (object size 1048592 @ 0x00000000f0800000) remset 0 code roots 0 marked 0 reclaim candidate 1 type array 1
[0.231s][debug][gc,humongous      ] GC(9) Humongous region 26 (object size 1048592 @ 0x00000000f1a00000) remset 0 code roots 0 marked 0 reclaim candidate 1 type array 1
[0.231s][debug][gc,humongous      ] GC(9) Humongous region 28 (object size 1048592 @ 0x00000000f1c00000) remset 0 code roots 0 marked 0 reclaim candidate 1 type array 1
[0.231s][debug][gc,ergo           ] GC(9) Running G1 Merge Heap Roots using 12 workers for 8 regions
[0.232s][debug][gc,remset         ] GC(9) Visited cards 32 Total dirty 2048 (1.56%) Total old 198656 (0.02%)
[0.233s][debug][gc,ref            ] GC(9) Skipped phase 1 of Reference Processing: no references
[0.233s][debug][gc,ref            ] GC(9) Skipped phase 2 of Reference Processing: no references
[0.233s][debug][gc,ref            ] GC(9) Skipped phase 3 of Reference Processing: no references
[0.233s][debug][gc,ref            ] GC(9) Skipped phase 4 of Reference Processing: no references
[0.233s][debug][gc,ergo           ] GC(9) Running G1 Rebuild Free List Task using 12 workers for rebuilding free list of regions
[0.233s][debug][gc,plab           ] GC(9) Young PLAB allocation: allocated: 0B, wasted: 0B, unused: 0B, used: 0B, undo waste: 0B, 
[0.233s][debug][gc,plab           ] GC(9) Young other allocation: region end waste: 193672B, regions filled: 3, direct allocated: 2952056B, failure used: 0B, failure wasted: 0B
[0.233s][debug][gc,plab           ] GC(9) Young sizing: calculated: 0B, actual: 2064B
[0.233s][debug][gc,plab           ] GC(9) Old PLAB allocation: allocated: 0B, wasted: 0B, unused: 0B, used: 0B, undo waste: 0B, 
[0.233s][debug][gc,plab           ] GC(9) Old other allocation: region end waste: 260736B, regions filled: 5, direct allocated: 4129776B, failure used: 0B, failure wasted: 0B
[0.233s][debug][gc,plab           ] GC(9) Old sizing: calculated: 0B, actual: 2064B
[0.233s][debug][gc,ergo,heap      ] GC(9) Heap expansion: short term pause time ratio 10.57% long term pause time ratio 15.17% threshold 7.69% pause time ratio 7.69% fully expanded false resize by 0B
[0.233s][debug][gc,ergo,ihop      ] GC(9) Request concurrent cycle initiation (occupancy higher than threshold) occupancy: 89128960B allocation request: 0B threshold: 75969331B (45.00) source: Revise IHOP
[0.233s][debug][gc,mmu            ] GC(9) MMU: 9.4ms (50.0ms/51.0ms)
[0.234s][debug][gc,alloc,stats    ] Old generation allocation in the last mutator period, old gen allocated: 0B, humongous allocated: 0B,old gen growth: 0B.
[0.234s][debug][gc,ihop           ] GC(9) Basic information (value update), threshold: 75969331B (45.00), target occupancy: 168820736B, current occupancy: 90034208B, recent allocation size: 0B, recent allocation duration: 21.11ms, recent old gen allocation rate: 0.00B/s, recent marking phase length: 45.78ms
[0.234s][debug][gc,ihop           ] GC(9) Adaptive IHOP information (value update), threshold: 75969331B (47.37), internal target occupancy: 160379699B, occupancy: 90034208B, additional buffer size: 20971520B, predicted old gen allocation rate: 12757991.73B/s, predicted marking phase length: 91.55ms, prediction active: false
[0.234s][debug][gc,ergo,refine    ] GC(9) Concurrent refinement times: Logged Cards Scan time goal: 5.00ms Logged Cards Scan time: 0.00ms HCC time: 0.00ms
[0.234s][debug][gc,ergo,refine    ] GC(9) Updated Refinement Zones: green: 3328, yellow: 9984, red: 16640
[0.234s][info ][gc,phases         ] GC(9)   Pre Evacuate Collection Set: 0.7ms
[0.234s][debug][gc,phases         ] GC(9)     Prepare TLABs: 0.0ms
[0.234s][debug][gc,phases         ] GC(9)     Concatenate Dirty Card Logs: 0.0ms
[0.234s][debug][gc,phases         ] GC(9)     Choose Collection Set: 0.0ms
[0.234s][debug][gc,phases         ] GC(9)     Region Register: 0.7ms
[0.234s][debug][gc,phases         ] GC(9)     Prepare Heap Roots: 0.0ms
[0.234s][debug][gc,phases         ] GC(9)     Clear Claimed Marks: 0.0ms
[0.234s][info ][gc,phases         ] GC(9)   Merge Heap Roots: 0.2ms
[0.234s][debug][gc,phases         ] GC(9)     Prepare Merge Heap Roots: 0.0ms
[0.234s][debug][gc,phases         ] GC(9)     Eager Reclaim (ms):            Min:  0.0, Avg:  0.0, Max:  0.0, Diff:  0.0, Sum:  0.0, Workers: 1
[0.234s][debug][gc,phases         ] GC(9)     Remembered Sets (ms):          Min:  0.0, Avg:  0.0, Max:  0.0, Diff:  0.0, Sum:  0.0, Workers: 12
[0.234s][debug][gc,phases         ] GC(9)       Merged Sparse:                 Min: 0, Avg:  0.0, Max: 0, Diff: 0, Sum: 0, Workers: 12
[0.234s][debug][gc,phases         ] GC(9)       Merged Fine:                   Min: 0, Avg:  0.0, Max: 0, Diff: 0, Sum: 0, Workers: 12
[0.234s][debug][gc,phases         ] GC(9)       Merged Coarse:                 Min: 0, Avg:  0.0, Max: 0, Diff: 0, Sum: 0, Workers: 12
[0.234s][debug][gc,phases         ] GC(9)       Dirty Cards:                   Min: 0, Avg:  0.0, Max: 0, Diff: 0, Sum: 0, Workers: 12
[0.234s][debug][gc,phases         ] GC(9)     Hot Card Cache (ms):           Min:  0.0, Avg:  0.0, Max:  0.0, Diff:  0.0, Sum:  0.0, Workers: 12
[0.234s][debug][gc,phases         ] GC(9)       Dirty Cards:                   Min: 0, Avg:  0.0, Max: 0, Diff: 0, Sum: 0, Workers: 12
[0.234s][debug][gc,phases         ] GC(9)       Skipped Cards:                 Min: 0, Avg:  0.0, Max: 0, Diff: 0, Sum: 0, Workers: 12
[0.234s][debug][gc,phases         ] GC(9)     Log Buffers (ms):              Min:  0.0, Avg:  0.0, Max:  0.0, Diff:  0.0, Sum:  0.0, Workers: 12
[0.234s][debug][gc,phases         ] GC(9)       Dirty Cards:                   Min: 0, Avg:  0.0, Max: 0, Diff: 0, Sum: 0, Workers: 12
[0.234s][debug][gc,phases         ] GC(9)       Skipped Cards:                 Min: 0, Avg:  0.0, Max: 0, Diff: 0, Sum: 0, Workers: 12
[0.234s][info ][gc,phases         ] GC(9)   Evacuate Collection Set: 1.2ms
[0.234s][debug][gc,phases         ] GC(9)     Ext Root Scanning (ms):        Min:  0.0, Avg:  0.0, Max:  0.2, Diff:  0.2, Sum:  0.6, Workers: 12
[0.234s][debug][gc,phases         ] GC(9)     Scan Heap Roots (ms):          Min:  0.0, Avg:  0.0, Max:  0.0, Diff:  0.0, Sum:  0.0, Workers: 12
[0.234s][debug][gc,phases         ] GC(9)       Scanned Cards:                 Min: 0, Avg:  0.2, Max: 2, Diff: 2, Sum: 2, Workers: 12
[0.234s][debug][gc,phases         ] GC(9)       Scanned Blocks:                Min: 0, Avg:  0.2, Max: 2, Diff: 2, Sum: 2, Workers: 12
[0.234s][debug][gc,phases         ] GC(9)       Claimed Chunks:                Min: 0, Avg:  0.1, Max: 1, Diff: 1, Sum: 1, Workers: 12
[0.234s][debug][gc,phases         ] GC(9)     Code Root Scan (ms):           Min:  0.0, Avg:  0.0, Max:  0.0, Diff:  0.0, Sum:  0.0, Workers: 12
[0.234s][debug][gc,phases         ] GC(9)     Object Copy (ms):              Min:  0.0, Avg:  0.3, Max:  0.6, Diff:  0.6, Sum:  4.2, Workers: 12
[0.234s][debug][gc,phases         ] GC(9)     Termination (ms):              Min:  0.2, Avg:  0.5, Max:  0.9, Diff:  0.8, Sum:  6.3, Workers: 12
[0.234s][debug][gc,phases         ] GC(9)       Termination Attempts:          Min: 1, Avg:  1.2, Max: 2, Diff: 1, Sum: 15, Workers: 12
[0.234s][debug][gc,phases         ] GC(9)     GC Worker Other (ms):          Min:  0.0, Avg:  0.0, Max:  0.0, Diff:  0.0, Sum:  0.1, Workers: 12
[0.234s][debug][gc,phases         ] GC(9)     GC Worker Total (ms):          Min:  0.8, Avg:  0.9, Max:  1.2, Diff:  0.4, Sum: 11.1, Workers: 12
[0.234s][info ][gc,phases         ] GC(9)   Post Evacuate Collection Set: 0.6ms
[0.234s][debug][gc,phases         ] GC(9)     Code Roots Fixup: 0.0ms
[0.234s][debug][gc,phases         ] GC(9)     Reference Processing: 0.0ms
[0.234s][debug][gc,phases,ref     ] GC(9)       Reconsider SoftReferences: 0.0ms
[0.234s][debug][gc,phases,ref     ] GC(9)         SoftRef (ms):                  skipped
[0.234s][debug][gc,phases,ref     ] GC(9)       Notify Soft/WeakReferences: 0.0ms
[0.234s][debug][gc,phases,ref     ] GC(9)         SoftRef (ms):                  skipped
[0.234s][debug][gc,phases,ref     ] GC(9)         WeakRef (ms):                  skipped
[0.234s][debug][gc,phases,ref     ] GC(9)         FinalRef (ms):                 skipped
[0.234s][debug][gc,phases,ref     ] GC(9)         Total (ms):                    skipped
[0.234s][debug][gc,phases,ref     ] GC(9)       Notify and keep alive finalizable: 0.0ms
[0.234s][debug][gc,phases,ref     ] GC(9)         FinalRef (ms):                 skipped
[0.234s][debug][gc,phases,ref     ] GC(9)       Notify PhantomReferences: 0.0ms
[0.234s][debug][gc,phases,ref     ] GC(9)         PhantomRef (ms):               skipped
[0.234s][debug][gc,phases,ref     ] GC(9)       SoftReference:
[0.234s][debug][gc,phases,ref     ] GC(9)         Discovered: 0
[0.234s][debug][gc,phases,ref     ] GC(9)         Cleared: 0
[0.234s][debug][gc,phases,ref     ] GC(9)       WeakReference:
[0.234s][debug][gc,phases,ref     ] GC(9)         Discovered: 0
[0.234s][debug][gc,phases,ref     ] GC(9)         Cleared: 0
[0.234s][debug][gc,phases,ref     ] GC(9)       FinalReference:
[0.234s][debug][gc,phases,ref     ] GC(9)         Discovered: 0
[0.234s][debug][gc,phases,ref     ] GC(9)         Cleared: 0
[0.234s][debug][gc,phases,ref     ] GC(9)       PhantomReference:
[0.234s][debug][gc,phases,ref     ] GC(9)         Discovered: 0
[0.234s][debug][gc,phases,ref     ] GC(9)         Cleared: 0
[0.234s][debug][gc,phases         ] GC(9)     Weak Processing: 0.0ms
[0.234s][debug][gc,phases         ] GC(9)       VM Weak                        Min:  0.0, Avg:  0.0, Max:  0.0, Diff:  0.0, Sum:  0.0, Workers: 1
[0.234s][debug][gc,phases         ] GC(9)         Dead                           Min: 0, Avg:  0.0, Max: 0, Diff: 0, Sum: 0, Workers: 1
[0.234s][debug][gc,phases         ] GC(9)         Total                          Min: 4, Avg:  4.0, Max: 4, Diff: 0, Sum: 4, Workers: 1
[0.234s][debug][gc,phases         ] GC(9)       ObjectSynchronizer Weak        Min:  0.0, Avg:  0.0, Max:  0.0, Diff:  0.0, Sum:  0.0, Workers: 1
[0.234s][debug][gc,phases         ] GC(9)         Dead                           Min: 0, Avg:  0.0, Max: 0, Diff: 0, Sum: 0, Workers: 1
[0.234s][debug][gc,phases         ] GC(9)         Total                          Min: 4, Avg:  4.0, Max: 4, Diff: 0, Sum: 4, Workers: 1
[0.234s][debug][gc,phases         ] GC(9)       JVMTI Tag Weak OopStorage      Min:  0.0, Avg:  0.0, Max:  0.0, Diff:  0.0, Sum:  0.0, Workers: 1
[0.234s][debug][gc,phases         ] GC(9)         Dead                           Min: 0, Avg:  0.0, Max: 0, Diff: 0, Sum: 0, Workers: 1
[0.234s][debug][gc,phases         ] GC(9)         Total                          Min: 0, Avg:  0.0, Max: 0, Diff: 0, Sum: 0, Workers: 1
[0.234s][debug][gc,phases         ] GC(9)       StringTable Weak               Min:  0.0, Avg:  0.0, Max:  0.0, Diff:  0.0, Sum:  0.0, Workers: 1
[0.234s][debug][gc,phases         ] GC(9)         Dead                           Min: 0, Avg:  0.0, Max: 0, Diff: 0, Sum: 0, Workers: 1
[0.234s][debug][gc,phases         ] GC(9)         Total                          Min: 39, Avg: 39.0, Max: 39, Diff: 0, Sum: 39, Workers: 1
[0.234s][debug][gc,phases         ] GC(9)       ResolvedMethodTable Weak       Min:  0.0, Avg:  0.0, Max:  0.0, Diff:  0.0, Sum:  0.0, Workers: 1
[0.234s][debug][gc,phases         ] GC(9)         Dead                           Min: 0, Avg:  0.0, Max: 0, Diff: 0, Sum: 0, Workers: 1
[0.234s][debug][gc,phases         ] GC(9)         Total                          Min: 22, Avg: 22.0, Max: 22, Diff: 0, Sum: 22, Workers: 1
[0.234s][debug][gc,phases         ] GC(9)       JNI Weak                       Min:  0.0, Avg:  0.0, Max:  0.0, Diff:  0.0, Sum:  0.0, Workers: 1
[0.234s][debug][gc,phases         ] GC(9)         Dead                           Min: 0, Avg:  0.0, Max: 0, Diff: 0, Sum: 0, Workers: 1
[0.234s][debug][gc,phases         ] GC(9)         Total                          Min: 0, Avg:  0.0, Max: 0, Diff: 0, Sum: 0, Workers: 1
[0.234s][debug][gc,phases         ] GC(9)       StringDedup Table Weak         Min:  0.0, Avg:  0.0, Max:  0.0, Diff:  0.0, Sum:  0.0, Workers: 1
[0.234s][debug][gc,phases         ] GC(9)         Dead                           Min: 0, Avg:  0.0, Max: 0, Diff: 0, Sum: 0, Workers: 1
[0.234s][debug][gc,phases         ] GC(9)         Total                          Min: 0, Avg:  0.0, Max: 0, Diff: 0, Sum: 0, Workers: 1
[0.234s][debug][gc,phases         ] GC(9)       StringDedup Requests0 Weak     Min:  0.0, Avg:  0.0, Max:  0.0, Diff:  0.0, Sum:  0.0, Workers: 1
[0.234s][debug][gc,phases         ] GC(9)         Dead                           Min: 0, Avg:  0.0, Max: 0, Diff: 0, Sum: 0, Workers: 1
[0.234s][debug][gc,phases         ] GC(9)         Total                          Min: 0, Avg:  0.0, Max: 0, Diff: 0, Sum: 0, Workers: 1
[0.234s][debug][gc,phases         ] GC(9)       StringDedup Requests1 Weak     Min:  0.0, Avg:  0.0, Max:  0.0, Diff:  0.0, Sum:  0.0, Workers: 1
[0.234s][debug][gc,phases         ] GC(9)         Dead                           Min: 0, Avg:  0.0, Max: 0, Diff: 0, Sum: 0, Workers: 1
[0.234s][debug][gc,phases         ] GC(9)         Total                          Min: 0, Avg:  0.0, Max: 0, Diff: 0, Sum: 0, Workers: 1
[0.234s][debug][gc,phases         ] GC(9)       Weak JFR Old Object Samples    Min:  0.0, Avg:  0.0, Max:  0.0, Diff:  0.0, Sum:  0.0, Workers: 1
[0.234s][debug][gc,phases         ] GC(9)         Dead                           Min: 0, Avg:  0.0, Max: 0, Diff: 0, Sum: 0, Workers: 1
[0.234s][debug][gc,phases         ] GC(9)         Total                          Min: 0, Avg:  0.0, Max: 0, Diff: 0, Sum: 0, Workers: 1
[0.234s][debug][gc,phases         ] GC(9)     Post Evacuate Cleanup 1: 0.1ms
[0.234s][debug][gc,phases         ] GC(9)       Merge Per-Thread State (ms):   Min:  0.0, Avg:  0.0, Max:  0.0, Diff:  0.0, Sum:  0.0, Workers: 1
[0.234s][debug][gc,phases         ] GC(9)         Copied Bytes                   Min: 0, Avg: 590152.7, Max: 1179936, Diff: 1179936, Sum: 7081832, Workers: 12
[0.234s][debug][gc,phases         ] GC(9)         LAB Waste                      Min: 0, Avg:  0.0, Max: 0, Diff: 0, Sum: 0, Workers: 12
[0.234s][debug][gc,phases         ] GC(9)         LAB Undo Waste                 Min: 0, Avg:  0.0, Max: 0, Diff: 0, Sum: 0, Workers: 12
[0.234s][debug][gc,phases         ] GC(9)       Clear Logged Cards (ms):       Min:  0.0, Avg:  0.0, Max:  0.0, Diff:  0.0, Sum:  0.0, Workers: 3
[0.234s][debug][gc,phases         ] GC(9)       Recalculate Used Memory (ms):  Min:  0.0, Avg:  0.0, Max:  0.0, Diff:  0.0, Sum:  0.0, Workers: 1
[0.234s][debug][gc,phases         ] GC(9)     Post Evacuate Cleanup 2: 0.2ms
[0.234s][debug][gc,phases         ] GC(9)       Reset Hot Card Cache (ms):     Min:  0.0, Avg:  0.0, Max:  0.0, Diff:  0.0, Sum:  0.0, Workers: 1
[0.234s][debug][gc,phases         ] GC(9)       Purge Code Roots (ms):         Min:  0.0, Avg:  0.0, Max:  0.0, Diff:  0.0, Sum:  0.0, Workers: 1
[0.234s][debug][gc,phases         ] GC(9)       Update Derived Pointers (ms):  Min:  0.0, Avg:  0.0, Max:  0.0, Diff:  0.0, Sum:  0.0, Workers: 1
[0.234s][debug][gc,phases         ] GC(9)       Eagerly Reclaim Humongous Objects (ms): Min:  0.0, Avg:  0.0, Max:  0.0, Diff:  0.0, Sum:  0.0, Workers: 1
[0.234s][debug][gc,phases         ] GC(9)         Humongous Total                Min: 22, Avg: 22.0, Max: 22, Diff: 0, Sum: 22, Workers: 1
[0.234s][debug][gc,phases         ] GC(9)         Humongous Candidates           Min: 22, Avg: 22.0, Max: 22, Diff: 0, Sum: 22, Workers: 1
[0.234s][debug][gc,phases         ] GC(9)         Humongous Reclaimed            Min: 0, Avg:  0.0, Max: 0, Diff: 0, Sum: 0, Workers: 1
[0.234s][debug][gc,phases         ] GC(9)       Redirty Logged Cards (ms):     Min:  0.0, Avg:  0.0, Max:  0.0, Diff:  0.0, Sum:  0.0, Workers: 12
[0.234s][debug][gc,phases         ] GC(9)         Redirtied Cards:               Min: 0, Avg:  0.2, Max: 2, Diff: 2, Sum: 2, Workers: 12
[0.234s][debug][gc,phases         ] GC(9)       Free Collection Set (ms):      Min:  0.0, Avg:  0.0, Max:  0.0, Diff:  0.0, Sum:  0.0, Workers: 12
[0.234s][debug][gc,phases         ] GC(9)     Rebuild Free List: 0.2ms
[0.234s][debug][gc,phases         ] GC(9)     Start New Collection Set: 0.0ms
[0.234s][debug][gc,phases         ] GC(9)     Resize TLABs: 0.0ms
[0.234s][debug][gc,phases         ] GC(9)     Expand Heap After Collection: 0.0ms
[0.234s][info ][gc,phases         ] GC(9)   Other: 0.2ms
[0.234s][info ][gc,heap           ] GC(9) Eden regions: 7->0(17)
[0.234s][info ][gc,heap           ] GC(9) Survivor regions: 1->3(3)
[0.234s][info ][gc,heap           ] GC(9) Old regions: 35->39
[0.234s][info ][gc,heap           ] GC(9) Archive regions: 2->2
[0.234s][info ][gc,heap           ] GC(9) Humongous regions: 44->44
[0.234s][info ][gc,metaspace      ] GC(9) Metaspace: 131K(320K)->131K(320K) NonClass: 126K(192K)->126K(192K) Class: 5K(128K)->5K(128K)
[0.234s][debug][gc,heap           ] GC(9) Heap after GC invocations=10 (full 1):
[0.234s][debug][gc,heap           ] GC(9)  garbage-first heap   total 164864K, used 87924K [0x00000000f0000000, 0x0000000100000000)
[0.234s][debug][gc,heap           ] GC(9)   region size 1024K, 3 young (3072K), 3 survivors (3072K)
[0.234s][debug][gc,heap           ] GC(9)  Metaspace       used 131K, committed 320K, reserved 1114112K
[0.234s][debug][gc,heap           ] GC(9)   class space    used 5K, committed 128K, reserved 1048576K
[0.234s][info ][gc                ] GC(9) Pause Young (Concurrent Start) (G1 Humongous Allocation) 85M->85M(161M) 3.420ms
[0.234s][info ][gc,cpu            ] GC(9) User=0.00s Sys=0.01s Real=0.01s
[0.234s][info ][gc                ] GC(10) Concurrent Mark Cycle
[0.234s][info ][gc,marking        ] GC(10) Concurrent Clear Claimed Marks
[0.234s][info ][gc,marking        ] GC(10) Concurrent Clear Claimed Marks 0.020ms
[0.234s][info ][gc,marking        ] GC(10) Concurrent Scan Root Regions
[0.234s][debug][gc,ergo           ] GC(10) Running G1 Root Region Scan using 3 workers for 8 work units.
[0.235s][info ][gc,marking        ] GC(10) Concurrent Scan Root Regions 0.274ms
[0.235s][info ][gc,marking        ] GC(10) Concurrent Mark
[0.235s][info ][gc,marking        ] GC(10) Concurrent Mark From Roots
[0.235s][info ][gc,task           ] GC(10) Using 3 workers of 3 for marking
[0.236s][debug][gc,stats          ] ---------------------------------------------------------------------
[0.236s][debug][gc,stats          ] Marking Stats, task = 0, calls = 1
[0.236s][debug][gc,stats          ]   Elapsed time = 1.11ms, Termination time = 0.00ms
[0.236s][debug][gc,stats          ]   Step Times (cum): num = 117, avg = 0.02ms, sd = 0.08ms max = 0.60ms, total = 2.05ms
[0.236s][debug][gc,stats          ]   Mark Stats Cache: hits 12805 misses 0 ratio 100.000
[0.236s][debug][gc,stats          ] ---------------------------------------------------------------------
[0.236s][debug][gc,stats          ] Marking Stats, task = 1, calls = 4
[0.236s][debug][gc,stats          ]   Elapsed time = 1.00ms, Termination time = 0.00ms
[0.236s][debug][gc,stats          ]   Step Times (cum): num = 16, avg = 0.07ms, sd = 0.26ms max = 1.08ms, total = 1.12ms
[0.236s][debug][gc,stats          ]   Mark Stats Cache: hits 5637 misses 0 ratio 100.000
[0.236s][debug][gc,stats          ] ---------------------------------------------------------------------
[0.236s][debug][gc,stats          ] Marking Stats, task = 2, calls = 6
[0.236s][debug][gc,stats          ]   Elapsed time = 1.00ms, Termination time = 0.80ms
[0.236s][debug][gc,stats          ]   Step Times (cum): num = 10, avg = 0.08ms, sd = 0.14ms max = 0.43ms, total = 0.84ms
[0.236s][debug][gc,stats          ]   Mark Stats Cache: hits 5091 misses 0 ratio 100.000
[0.236s][debug][gc,stats          ] ---------------------------------------------------------------------
[0.236s][info ][gc,marking        ] GC(10) Concurrent Mark From Roots 1.545ms
[0.236s][info ][gc,marking        ] GC(10) Concurrent Preclean
[0.236s][debug][gc,ref,start      ] GC(10) Preclean SoftReferences
[0.236s][debug][gc,ref            ] GC(10) Preclean SoftReferences 0.137ms
[0.236s][debug][gc,ref,start      ] GC(10) Preclean WeakReferences
[0.236s][debug][gc,ref            ] GC(10) Preclean WeakReferences 0.138ms
[0.236s][debug][gc,ref,start      ] GC(10) Preclean FinalReferences
[0.237s][debug][gc,ref            ] GC(10) Preclean FinalReferences 0.211ms
[0.237s][debug][gc,ref,start      ] GC(10) Preclean PhantomReferences
[0.237s][debug][gc,ref            ] GC(10) Preclean PhantomReferences 0.127ms
[0.237s][info ][gc,marking        ] GC(10) Concurrent Preclean 0.690ms
[0.237s][info ][gc,start          ] GC(10) Pause Remark
[0.237s][debug][gc,phases,start   ] GC(10) Finalize Marking
[0.238s][debug][gc,stats          ] ---------------------------------------------------------------------
[0.238s][debug][gc,stats          ] Marking Stats, task = 0, calls = 54
[0.238s][debug][gc,stats          ]   Elapsed time = 0.47ms, Termination time = 0.36ms
[0.238s][debug][gc,stats          ]   Step Times (cum): num = 170, avg = 0.01ms, sd = 0.08ms max = 0.60ms, total = 2.40ms
[0.238s][debug][gc,stats          ]   Mark Stats Cache: hits 12805 misses 0 ratio 100.000
[0.238s][debug][gc,stats          ] ---------------------------------------------------------------------
[0.238s][debug][gc,stats          ] Marking Stats, task = 1, calls = 5
[0.238s][debug][gc,stats          ]   Elapsed time = 0.42ms, Termination time = 0.07ms
[0.238s][debug][gc,stats          ]   Step Times (cum): num = 17, avg = 0.07ms, sd = 0.25ms max = 1.08ms, total = 1.20ms
[0.238s][debug][gc,stats          ]   Mark Stats Cache: hits 5637 misses 0 ratio 100.000
[0.238s][debug][gc,stats          ] ---------------------------------------------------------------------
[0.238s][debug][gc,stats          ] Marking Stats, task = 2, calls = 7
[0.238s][debug][gc,stats          ]   Elapsed time = 0.35ms, Termination time = 0.82ms
[0.238s][debug][gc,stats          ]   Step Times (cum): num = 11, avg = 0.08ms, sd = 0.13ms max = 0.43ms, total = 0.86ms
[0.238s][debug][gc,stats          ]   Mark Stats Cache: hits 5091 misses 0 ratio 100.000
[0.238s][debug][gc,stats          ] ---------------------------------------------------------------------
[0.238s][debug][gc,stats          ] Marking Stats, task = 3, calls = 1
[0.238s][debug][gc,stats          ]   Elapsed time = 0.48ms, Termination time = 0.02ms
[0.238s][debug][gc,stats          ]   Step Times (cum): num = 3, avg = 0.02ms, sd = 0.00ms max = 0.02ms, total = 0.06ms
[0.238s][debug][gc,stats          ]   Mark Stats Cache: hits 858 misses 0 ratio 100.000
[0.238s][debug][gc,stats          ] ---------------------------------------------------------------------
[0.238s][debug][gc,stats          ] Marking Stats, task = 4, calls = 1
[0.238s][debug][gc,stats          ]   Elapsed time = 0.43ms, Termination time = 0.02ms
[0.238s][debug][gc,stats          ]   Step Times (cum): num = 3, avg = 0.02ms, sd = 0.01ms max = 0.04ms, total = 0.07ms
[0.238s][debug][gc,stats          ]   Mark Stats Cache: hits 27 misses 0 ratio 100.000
[0.238s][debug][gc,stats          ] ---------------------------------------------------------------------
[0.238s][debug][gc,stats          ] Marking Stats, task = 5, calls = 1
[0.238s][debug][gc,stats          ]   Elapsed time = 0.37ms, Termination time = 0.01ms
[0.238s][debug][gc,stats          ]   Step Times (cum): num = 3, avg = 0.02ms, sd = 0.00ms max = 0.02ms, total = 0.05ms
[0.238s][debug][gc,stats          ]   Mark Stats Cache: hits 11 misses 0 ratio 100.000
[0.238s][debug][gc,stats          ] ---------------------------------------------------------------------
[0.238s][debug][gc,stats          ] Marking Stats, task = 6, calls = 1
[0.238s][debug][gc,stats          ]   Elapsed time = 0.36ms, Termination time = 0.02ms
[0.238s][debug][gc,stats          ]   Step Times (cum): num = 3, avg = 0.02ms, sd = 0.00ms max = 0.02ms, total = 0.05ms
[0.238s][debug][gc,stats          ]   Mark Stats Cache: hits 7 misses 0 ratio 100.000
[0.238s][debug][gc,stats          ] ---------------------------------------------------------------------
[0.238s][debug][gc,stats          ] Marking Stats, task = 7, calls = 1
[0.238s][debug][gc,stats          ]   Elapsed time = 0.34ms, Termination time = 0.04ms
[0.238s][debug][gc,stats          ]   Step Times (cum): num = 3, avg = 0.02ms, sd = 0.01ms max = 0.04ms, total = 0.07ms
[0.238s][debug][gc,stats          ]   Mark Stats Cache: hits 0 misses 0 ratio 0.000
[0.238s][debug][gc,stats          ] ---------------------------------------------------------------------
[0.238s][debug][gc,stats          ] Marking Stats, task = 8, calls = 1
[0.238s][debug][gc,stats          ]   Elapsed time = 0.26ms, Termination time = 0.05ms
[0.238s][debug][gc,stats          ]   Step Times (cum): num = 3, avg = 0.03ms, sd = 0.02ms max = 0.05ms, total = 0.09ms
[0.238s][debug][gc,stats          ]   Mark Stats Cache: hits 0 misses 0 ratio 0.000
[0.238s][debug][gc,stats          ] ---------------------------------------------------------------------
[0.238s][debug][gc,stats          ] Marking Stats, task = 9, calls = 1
[0.238s][debug][gc,stats          ]   Elapsed time = 0.35ms, Termination time = 0.06ms
[0.238s][debug][gc,stats          ]   Step Times (cum): num = 3, avg = 0.03ms, sd = 0.02ms max = 0.06ms, total = 0.08ms
[0.238s][debug][gc,stats          ]   Mark Stats Cache: hits 0 misses 0 ratio 0.000
[0.238s][debug][gc,stats          ] ---------------------------------------------------------------------
[0.238s][debug][gc,stats          ] Marking Stats, task = 10, calls = 1
[0.238s][debug][gc,stats          ]   Elapsed time = 0.31ms, Termination time = 0.02ms
[0.238s][debug][gc,stats          ]   Step Times (cum): num = 3, avg = 0.02ms, sd = 0.00ms max = 0.02ms, total = 0.05ms
[0.238s][debug][gc,stats          ]   Mark Stats Cache: hits 0 misses 0 ratio 0.000
[0.238s][debug][gc,stats          ] ---------------------------------------------------------------------
[0.238s][debug][gc,stats          ] Marking Stats, task = 11, calls = 1
[0.238s][debug][gc,stats          ]   Elapsed time = 0.14ms, Termination time = 0.00ms
[0.238s][debug][gc,stats          ]   Step Times (cum): num = 3, avg = 0.00ms, sd = 0.00ms max = 0.00ms, total = 0.00ms
[0.238s][debug][gc,stats          ]   Mark Stats Cache: hits 0 misses 0 ratio 0.000
[0.238s][debug][gc,stats          ] ---------------------------------------------------------------------
[0.238s][debug][gc,phases         ] GC(10) Finalize Marking 0.961ms
[0.238s][debug][gc,phases,start   ] GC(10) Reference Processing
[0.238s][debug][gc,ref            ] GC(10) Skipped phase 1 of Reference Processing: no references
[0.238s][debug][gc,ref            ] GC(10) Skipped phase 2 of Reference Processing: no references
[0.238s][debug][gc,ref            ] GC(10) Skipped phase 3 of Reference Processing: no references
[0.238s][debug][gc,ref            ] GC(10) Skipped phase 4 of Reference Processing: no references
[0.238s][debug][gc,phases,ref     ] GC(10) Reference Processing: 0.0ms
[0.238s][debug][gc,phases,ref     ] GC(10)   Reconsider SoftReferences: 0.0ms
[0.238s][debug][gc,phases,ref     ] GC(10)     SoftRef (ms):                  skipped
[0.238s][debug][gc,phases,ref     ] GC(10)   Notify Soft/WeakReferences: 0.0ms
[0.238s][debug][gc,phases,ref     ] GC(10)     SoftRef (ms):                  skipped
[0.238s][debug][gc,phases,ref     ] GC(10)     WeakRef (ms):                  skipped
[0.238s][debug][gc,phases,ref     ] GC(10)     FinalRef (ms):                 skipped
[0.238s][debug][gc,phases,ref     ] GC(10)     Total (ms):                    skipped
[0.238s][debug][gc,phases,ref     ] GC(10)   Notify and keep alive finalizable: 0.0ms
[0.238s][debug][gc,phases,ref     ] GC(10)     FinalRef (ms):                 skipped
[0.238s][debug][gc,phases,ref     ] GC(10)   Notify PhantomReferences: 0.0ms
[0.238s][debug][gc,phases,ref     ] GC(10)     PhantomRef (ms):               skipped
[0.238s][debug][gc,phases,ref     ] GC(10)   SoftReference:
[0.238s][debug][gc,phases,ref     ] GC(10)     Discovered: 0
[0.238s][debug][gc,phases,ref     ] GC(10)     Cleared: 0
[0.238s][debug][gc,phases,ref     ] GC(10)   WeakReference:
[0.238s][debug][gc,phases,ref     ] GC(10)     Discovered: 0
[0.238s][debug][gc,phases,ref     ] GC(10)     Cleared: 0
[0.238s][debug][gc,phases,ref     ] GC(10)   FinalReference:
[0.238s][debug][gc,phases,ref     ] GC(10)     Discovered: 0
[0.238s][debug][gc,phases,ref     ] GC(10)     Cleared: 0
[0.238s][debug][gc,phases,ref     ] GC(10)   PhantomReference:
[0.238s][debug][gc,phases,ref     ] GC(10)     Discovered: 0
[0.238s][debug][gc,phases,ref     ] GC(10)     Cleared: 0
[0.238s][debug][gc,phases         ] GC(10) Reference Processing 0.152ms
[0.238s][debug][gc,phases,start   ] GC(10) Weak Processing
[0.238s][debug][gc,phases         ] GC(10)   VM Weak                        Min:  0.0, Avg:  0.0, Max:  0.0, Diff:  0.0, Sum:  0.0, Workers: 1
[0.238s][debug][gc,phases         ] GC(10)     Dead                           Min: 0, Avg:  0.0, Max: 0, Diff: 0, Sum: 0, Workers: 1
[0.238s][debug][gc,phases         ] GC(10)     Total                          Min: 4, Avg:  4.0, Max: 4, Diff: 0, Sum: 4, Workers: 1
[0.238s][debug][gc,phases         ] GC(10)   ObjectSynchronizer Weak        Min:  0.0, Avg:  0.0, Max:  0.0, Diff:  0.0, Sum:  0.0, Workers: 1
[0.238s][debug][gc,phases         ] GC(10)     Dead                           Min: 0, Avg:  0.0, Max: 0, Diff: 0, Sum: 0, Workers: 1
[0.238s][debug][gc,phases         ] GC(10)     Total                          Min: 4, Avg:  4.0, Max: 4, Diff: 0, Sum: 4, Workers: 1
[0.238s][debug][gc,phases         ] GC(10)   JVMTI Tag Weak OopStorage      Min:  0.0, Avg:  0.0, Max:  0.0, Diff:  0.0, Sum:  0.0, Workers: 1
[0.238s][debug][gc,phases         ] GC(10)     Dead                           Min: 0, Avg:  0.0, Max: 0, Diff: 0, Sum: 0, Workers: 1
[0.238s][debug][gc,phases         ] GC(10)     Total                          Min: 0, Avg:  0.0, Max: 0, Diff: 0, Sum: 0, Workers: 1
[0.238s][debug][gc,phases         ] GC(10)   StringTable Weak               Min:  0.0, Avg:  0.0, Max:  0.0, Diff:  0.0, Sum:  0.0, Workers: 1
[0.238s][debug][gc,phases         ] GC(10)     Dead                           Min: 0, Avg:  0.0, Max: 0, Diff: 0, Sum: 0, Workers: 1
[0.238s][debug][gc,phases         ] GC(10)     Total                          Min: 39, Avg: 39.0, Max: 39, Diff: 0, Sum: 39, Workers: 1
[0.238s][debug][gc,phases         ] GC(10)   ResolvedMethodTable Weak       Min:  0.0, Avg:  0.0, Max:  0.0, Diff:  0.0, Sum:  0.0, Workers: 1
[0.238s][debug][gc,phases         ] GC(10)     Dead                           Min: 0, Avg:  0.0, Max: 0, Diff: 0, Sum: 0, Workers: 1
[0.238s][debug][gc,phases         ] GC(10)     Total                          Min: 22, Avg: 22.0, Max: 22, Diff: 0, Sum: 22, Workers: 1
[0.238s][debug][gc,phases         ] GC(10)   JNI Weak                       Min:  0.0, Avg:  0.0, Max:  0.0, Diff:  0.0, Sum:  0.0, Workers: 1
[0.238s][debug][gc,phases         ] GC(10)     Dead                           Min: 0, Avg:  0.0, Max: 0, Diff: 0, Sum: 0, Workers: 1
[0.238s][debug][gc,phases         ] GC(10)     Total                          Min: 0, Avg:  0.0, Max: 0, Diff: 0, Sum: 0, Workers: 1
[0.238s][debug][gc,phases         ] GC(10)   StringDedup Table Weak         Min:  0.0, Avg:  0.0, Max:  0.0, Diff:  0.0, Sum:  0.0, Workers: 1
[0.238s][debug][gc,phases         ] GC(10)     Dead                           Min: 0, Avg:  0.0, Max: 0, Diff: 0, Sum: 0, Workers: 1
[0.238s][debug][gc,phases         ] GC(10)     Total                          Min: 0, Avg:  0.0, Max: 0, Diff: 0, Sum: 0, Workers: 1
[0.238s][debug][gc,phases         ] GC(10)   StringDedup Requests0 Weak     Min:  0.0, Avg:  0.0, Max:  0.0, Diff:  0.0, Sum:  0.0, Workers: 1
[0.238s][debug][gc,phases         ] GC(10)     Dead                           Min: 0, Avg:  0.0, Max: 0, Diff: 0, Sum: 0, Workers: 1
[0.238s][debug][gc,phases         ] GC(10)     Total                          Min: 0, Avg:  0.0, Max: 0, Diff: 0, Sum: 0, Workers: 1
[0.238s][debug][gc,phases         ] GC(10)   StringDedup Requests1 Weak     Min:  0.0, Avg:  0.0, Max:  0.0, Diff:  0.0, Sum:  0.0, Workers: 1
[0.238s][debug][gc,phases         ] GC(10)     Dead                           Min: 0, Avg:  0.0, Max: 0, Diff: 0, Sum: 0, Workers: 1
[0.238s][debug][gc,phases         ] GC(10)     Total                          Min: 0, Avg:  0.0, Max: 0, Diff: 0, Sum: 0, Workers: 1
[0.238s][debug][gc,phases         ] GC(10)   Weak JFR Old Object Samples    Min:  0.0, Avg:  0.0, Max:  0.0, Diff:  0.0, Sum:  0.0, Workers: 1
[0.238s][debug][gc,phases         ] GC(10)     Dead                           Min: 0, Avg:  0.0, Max: 0, Diff: 0, Sum: 0, Workers: 1
[0.238s][debug][gc,phases         ] GC(10)     Total                          Min: 0, Avg:  0.0, Max: 0, Diff: 0, Sum: 0, Workers: 1
[0.238s][debug][gc,phases         ] GC(10) Weak Processing 0.279ms
[0.238s][debug][gc,phases,start   ] GC(10) Class Unloading
[0.238s][debug][gc,phases,start   ] GC(10) ClassLoaderData
[0.238s][debug][gc,phases         ] GC(10) ClassLoaderData 0.004ms
[0.238s][debug][gc,phases,start   ] GC(10) Trigger cleanups
[0.238s][debug][gc,phases         ] GC(10) Trigger cleanups 0.003ms
[0.239s][debug][gc,phases         ] GC(10) Class Unloading 0.183ms
[0.239s][debug][gc,phases,start   ] GC(10) Flush Task Caches
[0.239s][debug][gc,stats          ] Mark stats cache hits 24436 misses 0 ratio 100.000
[0.239s][debug][gc,phases         ] GC(10) Flush Task Caches 0.033ms
[0.239s][debug][gc,phases,start   ] GC(10) Update Remembered Set Tracking Before Rebuild
[0.239s][debug][gc,ergo           ] GC(10) Running G1 Update RemSet Tracking Before Rebuild using 1 workers for 161 regions in heap
[0.239s][debug][gc,remset,tracking] GC(10) Remembered Set Tracking update regions total 161, selected 25
[0.239s][debug][gc,phases         ] GC(10) Update Remembered Set Tracking Before Rebuild 0.078ms
[0.239s][debug][gc,phases,start   ] GC(10) Reclaim Empty Regions
[0.239s][debug][gc,phases         ] GC(10) Reclaim Empty Regions 0.138ms
[0.239s][debug][gc,phases,start   ] GC(10) Purge Metaspace
[0.239s][debug][gc,phases         ] GC(10) Purge Metaspace 0.004ms
[0.239s][debug][gc,phases,start   ] GC(10) Report Object Count
[0.239s][debug][gc,phases         ] GC(10) Report Object Count 0.004ms
[0.239s][debug][gc,mmu            ] GC(10) MMU: 7.1ms (50.0ms/51.0ms)
[0.239s][info ][gc                ] GC(10) Pause Remark 88M->88M(161M) 1.908ms
[0.239s][info ][gc,cpu            ] GC(10) User=0.00s Sys=0.01s Real=0.00s
[0.239s][info ][gc,marking        ] GC(10) Concurrent Mark 4.366ms
[0.239s][info ][gc,marking        ] GC(10) Concurrent Rebuild Remembered Sets
[0.239s][info ][gc,marking        ] GC(10) Concurrent Rebuild Remembered Sets 0.361ms
[0.239s][info ][gc,start          ] GC(10) Pause Cleanup
[0.239s][debug][gc,phases,start   ] GC(10) Update Remembered Set Tracking After Rebuild
[0.239s][debug][gc,phases         ] GC(10) Update Remembered Set Tracking After Rebuild 0.008ms
[0.239s][debug][gc,phases,start   ] GC(10) Finalize Concurrent Mark Cleanup
[0.240s][debug][gc,ergo,cset      ] GC(10) Pruned 22 regions out of 24, leaving 7857504 bytes waste (allowed 8441036)
[0.240s][debug][gc,mmu            ] GC(10) MMU: 7.3ms (50.0ms/51.0ms)
[0.240s][debug][gc,phases         ] GC(10) Finalize Concurrent Mark Cleanup 0.149ms
[0.240s][info ][gc                ] GC(10) Pause Cleanup 89M->89M(161M) 0.173ms
[0.240s][info ][gc,cpu            ] GC(10) User=0.00s Sys=0.00s Real=0.00s
[0.240s][info ][gc,marking        ] GC(10) Concurrent Cleanup for Next Mark
[0.240s][debug][gc,ergo           ] GC(10) Running G1 Clear Bitmap with 3 workers for 3 work units.
[0.240s][info ][gc,marking        ] GC(10) Concurrent Cleanup for Next Mark 0.294ms
[0.240s][info ][gc                ] GC(10) Concurrent Mark Cycle 5.749ms
[0.295s][debug][gc,heap           ] GC(11) Heap before GC invocations=11 (full 1):
[0.295s][debug][gc,heap           ] GC(11)  garbage-first heap   total 164864K, used 117620K [0x00000000f0000000, 0x0000000100000000)
[0.295s][debug][gc,heap           ] GC(11)   region size 1024K, 20 young (20480K), 3 survivors (3072K)
[0.295s][debug][gc,heap           ] GC(11)  Metaspace       used 131K, committed 320K, reserved 1114112K
[0.295s][debug][gc,heap           ] GC(11)   class space    used 5K, committed 128K, reserved 1048576K
[0.295s][info ][gc,start          ] GC(11) Pause Young (Prepare Mixed) (G1 Evacuation Pause)
[0.295s][info ][gc,task           ] GC(11) Using 12 workers of 13 for evacuation
[0.295s][debug][gc,tlab           ] GC(11) TLAB totals: thrds: 5  refills: 5 max: 1 slow allocs: 245 max 49 waste: 10.7% gc: 78824B max: 17344B slow: 0B max: 0B
[0.295s][debug][gc,age            ] GC(11) Desired survivor size 1572864 bytes, new threshold 1 (max threshold 15)
[0.295s][debug][gc,refine,stats   ] GC(11) Mutator refinement: 0.00ms, refined: 0, precleaned: 0, dirtied: 4
[0.295s][debug][gc,refine,stats   ] GC(11) Concurrent refinement: 0.00ms, refined: 0, precleaned: 0, dirtied: 0
[0.295s][debug][gc,refine,stats   ] GC(11) Total refinement: 0.00ms, refined: 0, precleaned: 0, dirtied: 4
[0.295s][debug][gc,refine,stats   ] GC(11) Generate dirty cards rate: 0.07 cards/ms
[0.295s][debug][gc,alloc,region   ] GC(11) Mutator Allocation stats, regions: 17, wasted size: 1004K ( 5.8%)
[0.295s][debug][gc,humongous      ] GC(11) Humongous region 0 (object size 1048592 @ 0x00000000f0000000) remset 1 code roots 0 marked 0 reclaim candidate 1 type array 1
[0.295s][debug][gc,humongous      ] GC(11) Humongous region 2 (object size 1048592 @ 0x00000000f0200000) remset 1 code roots 0 marked 0 reclaim candidate 1 type array 1
[0.295s][debug][gc,humongous      ] GC(11) Humongous region 4 (object size 1048592 @ 0x00000000f0400000) remset 1 code roots 0 marked 0 reclaim candidate 1 type array 1
[0.295s][debug][gc,humongous      ] GC(11) Humongous region 64 (object size 1048592 @ 0x00000000f4000000) remset 0 code roots 0 marked 0 reclaim candidate 1 type array 1
[0.296s][debug][gc,humongous      ] GC(11) Humongous region 83 (object size 1048592 @ 0x00000000f5300000) remset 0 code roots 0 marked 0 reclaim candidate 1 type array 1
[0.295s][debug][gc,humongous      ] GC(11) Humongous region 22 (object size 1048592 @ 0x00000000f1600000) remset 1 code roots 0 marked 0 reclaim candidate 1 type array 1
[0.296s][debug][gc,humongous      ] GC(11) Humongous region 12 (object size 1048592 @ 0x00000000f0c00000) remset 1 code roots 0 marked 0 reclaim candidate 1 type array 1
[0.296s][debug][gc,humongous      ] GC(11) Humongous region 24 (object size 1048592 @ 0x00000000f1800000) remset 1 code roots 0 marked 0 reclaim candidate 1 type array 1
[0.296s][debug][gc,humongous      ] GC(11) Humongous region 16 (object size 1048592 @ 0x00000000f1000000) remset 1 code roots 0 marked 0 reclaim candidate 1 type array 1
[0.296s][debug][gc,humongous      ] GC(11) Humongous region 26 (object size 1048592 @ 0x00000000f1a00000) remset 1 code roots 0 marked 0 reclaim candidate 1 type array 1
[0.296s][debug][gc,humongous      ] GC(11) Humongous region 34 (object size 1048592 @ 0x00000000f2200000) remset 1 code roots 0 marked 0 reclaim candidate 1 type array 1
[0.296s][debug][gc,humongous      ] GC(11) Humongous region 36 (object size 1048592 @ 0x00000000f2400000) remset 1 code roots 0 marked 0 reclaim candidate 1 type array 1
[0.295s][debug][gc,humongous      ] GC(11) Humongous region 6 (object size 1048592 @ 0x00000000f0600000) remset 1 code roots 0 marked 0 reclaim candidate 1 type array 1
[0.296s][debug][gc,humongous      ] GC(11) Humongous region 18 (object size 1048592 @ 0x00000000f1200000) remset 1 code roots 0 marked 0 reclaim candidate 1 type array 1
[0.296s][debug][gc,humongous      ] GC(11) Humongous region 28 (object size 1048592 @ 0x00000000f1c00000) remset 1 code roots 0 marked 0 reclaim candidate 1 type array 1
[0.296s][debug][gc,humongous      ] GC(11) Humongous region 20 (object size 1048592 @ 0x00000000f1400000) remset 1 code roots 0 marked 0 reclaim candidate 1 type array 1
[0.296s][debug][gc,humongous      ] GC(11) Humongous region 30 (object size 1048592 @ 0x00000000f1e00000) remset 1 code roots 0 marked 0 reclaim candidate 1 type array 1
[0.296s][debug][gc,humongous      ] GC(11) Humongous region 32 (object size 1048592 @ 0x00000000f2000000) remset 1 code roots 0 marked 0 reclaim candidate 1 type array 1
[0.296s][debug][gc,humongous      ] GC(11) Humongous region 85 (object size 10485776 @ 0x00000000f5500000) remset 0 code roots 0 marked 0 reclaim candidate 1 type array 1
[0.296s][debug][gc,humongous      ] GC(11) Humongous region 8 (object size 1048592 @ 0x00000000f0800000) remset 1 code roots 0 marked 0 reclaim candidate 1 type array 1
[0.296s][debug][gc,humongous      ] GC(11) Humongous region 14 (object size 1048592 @ 0x00000000f0e00000) remset 1 code roots 0 marked 0 reclaim candidate 1 type array 1
[0.296s][debug][gc,humongous      ] GC(11) Humongous region 40 (object size 1048592 @ 0x00000000f2800000) remset 0 code roots 0 marked 0 reclaim candidate 1 type array 1
[0.296s][debug][gc,humongous      ] GC(11) Humongous region 38 (object size 1048592 @ 0x00000000f2600000) remset 1 code roots 0 marked 0 reclaim candidate 1 type array 1
[0.296s][debug][gc,humongous      ] GC(11) Humongous region 10 (object size 1048592 @ 0x00000000f0a00000) remset 1 code roots 0 marked 0 reclaim candidate 1 type array 1
[0.296s][debug][gc,ergo           ] GC(11) Running G1 Merge Heap Roots using 12 workers for 20 regions
[0.296s][debug][gc,remset         ] GC(11) Visited cards 96 Total dirty 2048 (4.69%) Total old 282624 (0.03%)
[0.300s][debug][gc,ref            ] GC(11) Skipped phase 1 of Reference Processing: no references
[0.300s][debug][gc,ref            ] GC(11) Skipped phase 2 of Reference Processing: no references
[0.300s][debug][gc,ref            ] GC(11) Skipped phase 3 of Reference Processing: no references
[0.300s][debug][gc,ref            ] GC(11) Skipped phase 4 of Reference Processing: no references
[0.301s][debug][gc,ergo           ] GC(11) Running G1 Rebuild Free List Task using 12 workers for rebuilding free list of regions
[0.301s][debug][gc,plab           ] GC(11) Young PLAB allocation: allocated: 0B, wasted: 0B, unused: 0B, used: 0B, undo waste: 0B, 
[0.301s][debug][gc,plab           ] GC(11) Young other allocation: region end waste: 192576B, regions filled: 3, direct allocated: 2953152B, failure used: 0B, failure wasted: 0B
[0.301s][debug][gc,plab           ] GC(11) Young sizing: calculated: 0B, actual: 2064B
[0.301s][debug][gc,plab           ] GC(11) Old PLAB allocation: allocated: 0B, wasted: 0B, unused: 0B, used: 0B, undo waste: 0B, 
[0.301s][debug][gc,plab           ] GC(11) Old other allocation: region end waste: 1044336B, regions filled: 17, direct allocated: 15666928B, failure used: 0B, failure wasted: 0B
[0.301s][debug][gc,plab           ] GC(11) Old sizing: calculated: 0B, actual: 2064B
[0.301s][debug][gc,ergo,heap      ] GC(11) Heap expansion: short term pause time ratio 21.91% long term pause time ratio 15.00% threshold 7.69% pause time ratio 7.69% fully expanded false resize by 0B
[0.301s][debug][gc,mmu            ] GC(11) MMU: 5.9ms (50.0ms/51.0ms)
[0.301s][debug][gc,alloc,stats    ] Old generation allocation in the last mutator period, old gen allocated: 0B, humongous allocated: 13631488B,old gen growth: 13631488B.
[0.301s][debug][gc,ihop           ] GC(11) Basic information (value update), threshold: 75969331B (45.00), target occupancy: 168820736B, current occupancy: 120377376B, recent allocation size: 13631488B, recent allocation duration: 59.82ms, recent old gen allocation rate: 227865629.92B/s, recent marking phase length: 45.78ms
[0.301s][debug][gc,ihop           ] GC(11) Adaptive IHOP information (value update), threshold: 75969331B (47.37), internal target occupancy: 160379699B, occupancy: 120377376B, additional buffer size: 0B, predicted old gen allocation rate: 41008743.84B/s, predicted marking phase length: 91.55ms, prediction active: false
[0.301s][debug][gc,ergo,refine    ] GC(11) Concurrent refinement times: Logged Cards Scan time goal: 5.00ms Logged Cards Scan time: 0.00ms HCC time: 0.00ms
[0.301s][debug][gc,ergo,refine    ] GC(11) Updated Refinement Zones: green: 3328, yellow: 9984, red: 16640
[0.301s][info ][gc,phases         ] GC(11)   Pre Evacuate Collection Set: 0.8ms
[0.301s][debug][gc,phases         ] GC(11)     Prepare TLABs: 0.0ms
[0.301s][debug][gc,phases         ] GC(11)     Concatenate Dirty Card Logs: 0.0ms
[0.301s][debug][gc,phases         ] GC(11)     Choose Collection Set: 0.0ms
[0.301s][debug][gc,phases         ] GC(11)     Region Register: 0.8ms
[0.301s][debug][gc,phases         ] GC(11)     Prepare Heap Roots: 0.0ms
[0.301s][info ][gc,phases         ] GC(11)   Merge Heap Roots: 0.3ms
[0.301s][debug][gc,phases         ] GC(11)     Prepare Merge Heap Roots: 0.0ms
[0.301s][debug][gc,phases         ] GC(11)     Eager Reclaim (ms):            Min:  0.0, Avg:  0.0, Max:  0.0, Diff:  0.0, Sum:  0.0, Workers: 1
[0.301s][debug][gc,phases         ] GC(11)     Remembered Sets (ms):          Min:  0.0, Avg:  0.0, Max:  0.0, Diff:  0.0, Sum:  0.0, Workers: 12
[0.301s][debug][gc,phases         ] GC(11)       Merged Sparse:                 Min: 0, Avg:  1.8, Max: 21, Diff: 21, Sum: 21, Workers: 12
[0.301s][debug][gc,phases         ] GC(11)       Merged Fine:                   Min: 0, Avg:  0.0, Max: 0, Diff: 0, Sum: 0, Workers: 12
[0.301s][debug][gc,phases         ] GC(11)       Merged Coarse:                 Min: 0, Avg:  0.0, Max: 0, Diff: 0, Sum: 0, Workers: 12
[0.301s][debug][gc,phases         ] GC(11)       Dirty Cards:                   Min: 0, Avg:  0.0, Max: 0, Diff: 0, Sum: 0, Workers: 12
[0.301s][debug][gc,phases         ] GC(11)     Hot Card Cache (ms):           Min:  0.0, Avg:  0.0, Max:  0.0, Diff:  0.0, Sum:  0.0, Workers: 12
[0.301s][debug][gc,phases         ] GC(11)       Dirty Cards:                   Min: 0, Avg:  0.0, Max: 0, Diff: 0, Sum: 0, Workers: 12
[0.301s][debug][gc,phases         ] GC(11)       Skipped Cards:                 Min: 0, Avg:  0.0, Max: 0, Diff: 0, Sum: 0, Workers: 12
[0.301s][debug][gc,phases         ] GC(11)     Log Buffers (ms):              Min:  0.0, Avg:  0.0, Max:  0.0, Diff:  0.0, Sum:  0.0, Workers: 12
[0.301s][debug][gc,phases         ] GC(11)       Dirty Cards:                   Min: 0, Avg:  0.0, Max: 0, Diff: 0, Sum: 0, Workers: 12
[0.301s][debug][gc,phases         ] GC(11)       Skipped Cards:                 Min: 0, Avg:  0.0, Max: 0, Diff: 0, Sum: 0, Workers: 12
[0.301s][info ][gc,phases         ] GC(11)   Evacuate Collection Set: 3.1ms
[0.301s][debug][gc,phases         ] GC(11)     Ext Root Scanning (ms):        Min:  0.0, Avg:  0.0, Max:  0.1, Diff:  0.1, Sum:  0.4, Workers: 12
[0.301s][debug][gc,phases         ] GC(11)     Scan Heap Roots (ms):          Min:  0.0, Avg:  0.0, Max:  0.0, Diff:  0.0, Sum:  0.0, Workers: 12
[0.301s][debug][gc,phases         ] GC(11)       Scanned Cards:                 Min: 0, Avg:  0.5, Max: 3, Diff: 3, Sum: 6, Workers: 12
[0.301s][debug][gc,phases         ] GC(11)       Scanned Blocks:                Min: 0, Avg:  0.4, Max: 2, Diff: 2, Sum: 5, Workers: 12
[0.301s][debug][gc,phases         ] GC(11)       Claimed Chunks:                Min: 0, Avg:  0.2, Max: 1, Diff: 1, Sum: 3, Workers: 12
[0.301s][debug][gc,phases         ] GC(11)     Code Root Scan (ms):           Min:  0.0, Avg:  0.0, Max:  0.0, Diff:  0.0, Sum:  0.0, Workers: 12
[0.301s][debug][gc,phases         ] GC(11)     Object Copy (ms):              Min:  1.7, Avg:  1.8, Max:  1.9, Diff:  0.2, Sum: 21.6, Workers: 12
[0.301s][debug][gc,phases         ] GC(11)     Termination (ms):              Min:  0.7, Avg:  0.9, Max:  1.1, Diff:  0.3, Sum: 11.1, Workers: 12
[0.301s][debug][gc,phases         ] GC(11)       Termination Attempts:          Min: 1, Avg:  1.2, Max: 2, Diff: 1, Sum: 14, Workers: 12
[0.301s][debug][gc,phases         ] GC(11)     GC Worker Other (ms):          Min:  0.0, Avg:  0.0, Max:  0.0, Diff:  0.0, Sum:  0.1, Workers: 12
[0.301s][debug][gc,phases         ] GC(11)     GC Worker Total (ms):          Min:  2.7, Avg:  2.8, Max:  2.9, Diff:  0.3, Sum: 33.3, Workers: 12
[0.301s][info ][gc,phases         ] GC(11)   Post Evacuate Collection Set: 1.6ms
[0.301s][debug][gc,phases         ] GC(11)     Code Roots Fixup: 0.0ms
[0.301s][debug][gc,phases         ] GC(11)     Reference Processing: 0.2ms
[0.301s][debug][gc,phases,ref     ] GC(11)       Reconsider SoftReferences: 0.1ms
[0.301s][debug][gc,phases,ref     ] GC(11)         SoftRef (ms):                  skipped
[0.301s][debug][gc,phases,ref     ] GC(11)       Notify Soft/WeakReferences: 0.0ms
[0.301s][debug][gc,phases,ref     ] GC(11)         SoftRef (ms):                  skipped
[0.301s][debug][gc,phases,ref     ] GC(11)         WeakRef (ms):                  skipped
[0.301s][debug][gc,phases,ref     ] GC(11)         FinalRef (ms):                 skipped
[0.301s][debug][gc,phases,ref     ] GC(11)         Total (ms):                    skipped
[0.301s][debug][gc,phases,ref     ] GC(11)       Notify and keep alive finalizable: 0.0ms
[0.301s][debug][gc,phases,ref     ] GC(11)         FinalRef (ms):                 skipped
[0.301s][debug][gc,phases,ref     ] GC(11)       Notify PhantomReferences: 0.0ms
[0.301s][debug][gc,phases,ref     ] GC(11)         PhantomRef (ms):               skipped
[0.301s][debug][gc,phases,ref     ] GC(11)       SoftReference:
[0.301s][debug][gc,phases,ref     ] GC(11)         Discovered: 0
[0.301s][debug][gc,phases,ref     ] GC(11)         Cleared: 0
[0.301s][debug][gc,phases,ref     ] GC(11)       WeakReference:
[0.301s][debug][gc,phases,ref     ] GC(11)         Discovered: 0
[0.301s][debug][gc,phases,ref     ] GC(11)         Cleared: 0
[0.301s][debug][gc,phases,ref     ] GC(11)       FinalReference:
[0.301s][debug][gc,phases,ref     ] GC(11)         Discovered: 0
[0.301s][debug][gc,phases,ref     ] GC(11)         Cleared: 0
[0.301s][debug][gc,phases,ref     ] GC(11)       PhantomReference:
[0.302s][debug][gc,phases,ref     ] GC(11)         Discovered: 0
[0.302s][debug][gc,phases,ref     ] GC(11)         Cleared: 0
[0.302s][debug][gc,phases         ] GC(11)     Weak Processing: 0.3ms
[0.302s][debug][gc,phases         ] GC(11)       VM Weak                        Min:  0.0, Avg:  0.0, Max:  0.0, Diff:  0.0, Sum:  0.0, Workers: 1
[0.302s][debug][gc,phases         ] GC(11)         Dead                           Min: 0, Avg:  0.0, Max: 0, Diff: 0, Sum: 0, Workers: 1
[0.302s][debug][gc,phases         ] GC(11)         Total                          Min: 4, Avg:  4.0, Max: 4, Diff: 0, Sum: 4, Workers: 1
[0.302s][debug][gc,phases         ] GC(11)       ObjectSynchronizer Weak        Min:  0.0, Avg:  0.0, Max:  0.0, Diff:  0.0, Sum:  0.0, Workers: 1
[0.302s][debug][gc,phases         ] GC(11)         Dead                           Min: 0, Avg:  0.0, Max: 0, Diff: 0, Sum: 0, Workers: 1
[0.302s][debug][gc,phases         ] GC(11)         Total                          Min: 4, Avg:  4.0, Max: 4, Diff: 0, Sum: 4, Workers: 1
[0.302s][debug][gc,phases         ] GC(11)       JVMTI Tag Weak OopStorage      Min:  0.0, Avg:  0.0, Max:  0.0, Diff:  0.0, Sum:  0.0, Workers: 1
[0.302s][debug][gc,phases         ] GC(11)         Dead                           Min: 0, Avg:  0.0, Max: 0, Diff: 0, Sum: 0, Workers: 1
[0.302s][debug][gc,phases         ] GC(11)         Total                          Min: 0, Avg:  0.0, Max: 0, Diff: 0, Sum: 0, Workers: 1
[0.302s][debug][gc,phases         ] GC(11)       StringTable Weak               Min:  0.0, Avg:  0.0, Max:  0.0, Diff:  0.0, Sum:  0.0, Workers: 1
[0.302s][debug][gc,phases         ] GC(11)         Dead                           Min: 0, Avg:  0.0, Max: 0, Diff: 0, Sum: 0, Workers: 1
[0.302s][debug][gc,phases         ] GC(11)         Total                          Min: 39, Avg: 39.0, Max: 39, Diff: 0, Sum: 39, Workers: 1
[0.302s][debug][gc,phases         ] GC(11)       ResolvedMethodTable Weak       Min:  0.0, Avg:  0.0, Max:  0.0, Diff:  0.0, Sum:  0.0, Workers: 1
[0.302s][debug][gc,phases         ] GC(11)         Dead                           Min: 0, Avg:  0.0, Max: 0, Diff: 0, Sum: 0, Workers: 1
[0.302s][debug][gc,phases         ] GC(11)         Total                          Min: 22, Avg: 22.0, Max: 22, Diff: 0, Sum: 22, Workers: 1
[0.302s][debug][gc,phases         ] GC(11)       JNI Weak                       Min:  0.0, Avg:  0.0, Max:  0.0, Diff:  0.0, Sum:  0.0, Workers: 1
[0.302s][debug][gc,phases         ] GC(11)         Dead                           Min: 0, Avg:  0.0, Max: 0, Diff: 0, Sum: 0, Workers: 1
[0.302s][debug][gc,phases         ] GC(11)         Total                          Min: 0, Avg:  0.0, Max: 0, Diff: 0, Sum: 0, Workers: 1
[0.302s][debug][gc,phases         ] GC(11)       StringDedup Table Weak         Min:  0.0, Avg:  0.0, Max:  0.0, Diff:  0.0, Sum:  0.0, Workers: 1
[0.302s][debug][gc,phases         ] GC(11)         Dead                           Min: 0, Avg:  0.0, Max: 0, Diff: 0, Sum: 0, Workers: 1
[0.302s][debug][gc,phases         ] GC(11)         Total                          Min: 0, Avg:  0.0, Max: 0, Diff: 0, Sum: 0, Workers: 1
[0.302s][debug][gc,phases         ] GC(11)       StringDedup Requests0 Weak     Min:  0.0, Avg:  0.0, Max:  0.0, Diff:  0.0, Sum:  0.0, Workers: 1
[0.302s][debug][gc,phases         ] GC(11)         Dead                           Min: 0, Avg:  0.0, Max: 0, Diff: 0, Sum: 0, Workers: 1
[0.302s][debug][gc,phases         ] GC(11)         Total                          Min: 0, Avg:  0.0, Max: 0, Diff: 0, Sum: 0, Workers: 1
[0.302s][debug][gc,phases         ] GC(11)       StringDedup Requests1 Weak     Min:  0.0, Avg:  0.0, Max:  0.0, Diff:  0.0, Sum:  0.0, Workers: 1
[0.302s][debug][gc,phases         ] GC(11)         Dead                           Min: 0, Avg:  0.0, Max: 0, Diff: 0, Sum: 0, Workers: 1
[0.302s][debug][gc,phases         ] GC(11)         Total                          Min: 0, Avg:  0.0, Max: 0, Diff: 0, Sum: 0, Workers: 1
[0.302s][debug][gc,phases         ] GC(11)       Weak JFR Old Object Samples    Min:  0.0, Avg:  0.0, Max:  0.0, Diff:  0.0, Sum:  0.0, Workers: 1
[0.302s][debug][gc,phases         ] GC(11)         Dead                           Min: 0, Avg:  0.0, Max: 0, Diff: 0, Sum: 0, Workers: 1
[0.302s][debug][gc,phases         ] GC(11)         Total                          Min: 0, Avg:  0.0, Max: 0, Diff: 0, Sum: 0, Workers: 1
[0.302s][debug][gc,phases         ] GC(11)     Post Evacuate Cleanup 1: 0.2ms
[0.302s][debug][gc,phases         ] GC(11)       Merge Per-Thread State (ms):   Min:  0.1, Avg:  0.1, Max:  0.1, Diff:  0.0, Sum:  0.1, Workers: 1
[0.302s][debug][gc,phases         ] GC(11)         Copied Bytes                   Min: 1048832, Avg: 1551673.3, Max: 2166528, Diff: 1117696, Sum: 18620080, Workers: 12
[0.302s][debug][gc,phases         ] GC(11)         LAB Waste                      Min: 0, Avg:  0.0, Max: 0, Diff: 0, Sum: 0, Workers: 12
[0.302s][debug][gc,phases         ] GC(11)         LAB Undo Waste                 Min: 0, Avg:  0.0, Max: 0, Diff: 0, Sum: 0, Workers: 12
[0.302s][debug][gc,phases         ] GC(11)       Clear Logged Cards (ms):       Min:  0.0, Avg:  0.0, Max:  0.0, Diff:  0.0, Sum:  0.0, Workers: 3
[0.302s][debug][gc,phases         ] GC(11)       Recalculate Used Memory (ms):  Min:  0.0, Avg:  0.0, Max:  0.0, Diff:  0.0, Sum:  0.0, Workers: 1
[0.302s][debug][gc,phases         ] GC(11)     Post Evacuate Cleanup 2: 0.8ms
[0.302s][debug][gc,phases         ] GC(11)       Reset Hot Card Cache (ms):     Min:  0.0, Avg:  0.0, Max:  0.0, Diff:  0.0, Sum:  0.0, Workers: 1
[0.302s][debug][gc,phases         ] GC(11)       Purge Code Roots (ms):         Min:  0.0, Avg:  0.0, Max:  0.0, Diff:  0.0, Sum:  0.0, Workers: 1
[0.302s][debug][gc,phases         ] GC(11)       Update Derived Pointers (ms):  Min:  0.0, Avg:  0.0, Max:  0.0, Diff:  0.0, Sum:  0.0, Workers: 1
[0.302s][debug][gc,phases         ] GC(11)       Eagerly Reclaim Humongous Objects (ms): Min:  0.0, Avg:  0.0, Max:  0.0, Diff:  0.0, Sum:  0.0, Workers: 1
[0.302s][debug][gc,phases         ] GC(11)         Humongous Total                Min: 24, Avg: 24.0, Max: 24, Diff: 0, Sum: 24, Workers: 1
[0.302s][debug][gc,phases         ] GC(11)         Humongous Candidates           Min: 24, Avg: 24.0, Max: 24, Diff: 0, Sum: 24, Workers: 1
[0.302s][debug][gc,phases         ] GC(11)         Humongous Reclaimed            Min: 0, Avg:  0.0, Max: 0, Diff: 0, Sum: 0, Workers: 1
[0.302s][debug][gc,phases         ] GC(11)       Redirty Logged Cards (ms):     Min:  0.0, Avg:  0.0, Max:  0.0, Diff:  0.0, Sum:  0.0, Workers: 12
[0.302s][debug][gc,phases         ] GC(11)         Redirtied Cards:               Min: 0, Avg:  0.2, Max: 2, Diff: 2, Sum: 2, Workers: 12
[0.302s][debug][gc,phases         ] GC(11)       Free Collection Set (ms):      Min:  0.0, Avg:  0.0, Max:  0.0, Diff:  0.0, Sum:  0.0, Workers: 12
[0.302s][debug][gc,phases         ] GC(11)     Rebuild Free List: 0.2ms
[0.302s][debug][gc,phases         ] GC(11)     Start New Collection Set: 0.0ms
[0.302s][debug][gc,phases         ] GC(11)     Resize TLABs: 0.0ms
[0.302s][debug][gc,phases         ] GC(11)     Expand Heap After Collection: 0.0ms
[0.302s][info ][gc,phases         ] GC(11)   Other: 0.3ms
[0.302s][info ][gc,heap           ] GC(11) Eden regions: 17->0(5)
[0.302s][info ][gc,heap           ] GC(11) Survivor regions: 3->3(3)
[0.302s][info ][gc,heap           ] GC(11) Old regions: 39->55
[0.302s][info ][gc,heap           ] GC(11) Archive regions: 2->2
[0.302s][info ][gc,heap           ] GC(11) Humongous regions: 57->57
[0.302s][info ][gc,metaspace      ] GC(11) Metaspace: 131K(320K)->131K(320K) NonClass: 126K(192K)->126K(192K) Class: 5K(128K)->5K(128K)
[0.302s][debug][gc,heap           ] GC(11) Heap after GC invocations=12 (full 1):
[0.302s][debug][gc,heap           ] GC(11)  garbage-first heap   total 164864K, used 117556K [0x00000000f0000000, 0x0000000100000000)
[0.302s][debug][gc,heap           ] GC(11)   region size 1024K, 3 young (3072K), 3 survivors (3072K)
[0.302s][debug][gc,heap           ] GC(11)  Metaspace       used 131K, committed 320K, reserved 1114112K
[0.302s][debug][gc,heap           ] GC(11)   class space    used 5K, committed 128K, reserved 1048576K
[0.303s][info ][gc                ] GC(11) Pause Young (Prepare Mixed) (G1 Evacuation Pause) 115M->114M(161M) 7.207ms
[0.303s][info ][gc,cpu            ] GC(11) User=0.01s Sys=0.02s Real=0.00s
[0.309s][debug][gc,task,start     ] G1 Service Thread (Remembered Set Sampling Task) (run)
[0.309s][debug][gc,task           ] G1 Service Thread (Remembered Set Sampling Task) (run) 0.039ms (cpu: 0.000ms)
[0.318s][debug][gc,heap           ] GC(12) Heap before GC invocations=12 (full 1):
[0.319s][debug][gc,heap           ] GC(12)  garbage-first heap   total 164864K, used 121652K [0x00000000f0000000, 0x0000000100000000)
[0.319s][debug][gc,heap           ] GC(12)   region size 1024K, 8 young (8192K), 3 survivors (3072K)
[0.319s][debug][gc,heap           ] GC(12)  Metaspace       used 131K, committed 320K, reserved 1114112K
[0.319s][debug][gc,heap           ] GC(12)   class space    used 5K, committed 128K, reserved 1048576K
[0.319s][info ][gc,start          ] GC(12) Pause Young (Mixed) (G1 Evacuation Pause)
[0.319s][info ][gc,task           ] GC(12) Using 12 workers of 13 for evacuation
[0.319s][debug][gc,tlab           ] GC(12) TLAB totals: thrds: 5  refills: 5 max: 1 slow allocs: 69 max 14 waste: 25.6% gc: 112624B max: 22728B slow: 0B max: 0B
[0.319s][debug][gc,age            ] GC(12) Desired survivor size 524288 bytes, new threshold 1 (max threshold 15)
[0.319s][debug][gc,refine,stats   ] GC(12) Mutator refinement: 0.00ms, refined: 0, precleaned: 0, dirtied: 0
[0.319s][debug][gc,refine,stats   ] GC(12) Concurrent refinement: 0.00ms, refined: 0, precleaned: 0, dirtied: 0
[0.319s][debug][gc,refine,stats   ] GC(12) Total refinement: 0.00ms, refined: 0, precleaned: 0, dirtied: 0
[0.319s][debug][gc,refine,stats   ] GC(12) Generate dirty cards rate: 0.00 cards/ms
[0.319s][debug][gc,alloc,region   ] GC(12) Mutator Allocation stats, regions: 5, wasted size: 209K ( 4.1%)
[0.319s][debug][gc,ergo,cset      ] GC(12) Start adding old regions to collection set. Min 1 regions, max 17 regions, time remaining 37.82ms, optional threshold 7.56ms
[0.319s][debug][gc,ergo,cset      ] GC(12) Old candidate collection set empty.
[0.319s][debug][gc,ergo,cset      ] GC(12) Finish choosing collection set old regions. Initial: 2, optional: 0, predicted old time: 0.00ms, predicted optional time: 0.00ms, time remaining: 35.68
[0.319s][debug][gc,humongous      ] GC(12) Humongous region 0 (object size 1048592 @ 0x00000000f0000000) remset 0 code roots 0 marked 0 reclaim candidate 1 type array 1
[0.319s][debug][gc,humongous      ] GC(12) Humongous region 2 (object size 1048592 @ 0x00000000f0200000) remset 0 code roots 0 marked 0 reclaim candidate 1 type array 1
[0.319s][debug][gc,humongous      ] GC(12) Humongous region 4 (object size 1048592 @ 0x00000000f0400000) remset 0 code roots 0 marked 0 reclaim candidate 1 type array 1
[0.319s][debug][gc,humongous      ] GC(12) Humongous region 6 (object size 1048592 @ 0x00000000f0600000) remset 0 code roots 0 marked 0 reclaim candidate 1 type array 1
[0.319s][debug][gc,humongous      ] GC(12) Humongous region 64 (object size 1048592 @ 0x00000000f4000000) remset 0 code roots 0 marked 0 reclaim candidate 1 type array 1
[0.319s][debug][gc,humongous      ] GC(12) Humongous region 10 (object size 1048592 @ 0x00000000f0a00000) remset 0 code roots 0 marked 0 reclaim candidate 1 type array 1
[0.319s][debug][gc,humongous      ] GC(12) Humongous region 14 (object size 1048592 @ 0x00000000f0e00000) remset 0 code roots 0 marked 0 reclaim candidate 1 type array 1
[0.319s][debug][gc,humongous      ] GC(12) Humongous region 83 (object size 1048592 @ 0x00000000f5300000) remset 0 code roots 0 marked 0 reclaim candidate 1 type array 1
[0.319s][debug][gc,humongous      ] GC(12) Humongous region 8 (object size 1048592 @ 0x00000000f0800000) remset 0 code roots 0 marked 0 reclaim candidate 1 type array 1
[0.319s][debug][gc,humongous      ] GC(12) Humongous region 30 (object size 1048592 @ 0x00000000f1e00000) remset 0 code roots 0 marked 0 reclaim candidate 1 type array 1
[0.319s][debug][gc,humongous      ] GC(12) Humongous region 34 (object size 1048592 @ 0x00000000f2200000) remset 0 code roots 0 marked 0 reclaim candidate 1 type array 1
[0.319s][debug][gc,humongous      ] GC(12) Humongous region 16 (object size 1048592 @ 0x00000000f1000000) remset 0 code roots 0 marked 0 reclaim candidate 1 type array 1
[0.319s][debug][gc,humongous      ] GC(12) Humongous region 38 (object size 1048592 @ 0x00000000f2600000) remset 0 code roots 0 marked 0 reclaim candidate 1 type array 1
[0.319s][debug][gc,humongous      ] GC(12) Humongous region 40 (object size 1048592 @ 0x00000000f2800000) remset 0 code roots 0 marked 0 reclaim candidate 1 type array 1
[0.319s][debug][gc,humongous      ] GC(12) Humongous region 24 (object size 1048592 @ 0x00000000f1800000) remset 0 code roots 0 marked 0 reclaim candidate 1 type array 1
[0.319s][debug][gc,humongous      ] GC(12) Humongous region 85 (object size 10485776 @ 0x00000000f5500000) remset 0 code roots 0 marked 0 reclaim candidate 1 type array 1
[0.319s][debug][gc,humongous      ] GC(12) Humongous region 28 (object size 1048592 @ 0x00000000f1c00000) remset 0 code roots 0 marked 0 reclaim candidate 1 type array 1
[0.319s][debug][gc,humongous      ] GC(12) Humongous region 22 (object size 1048592 @ 0x00000000f1600000) remset 0 code roots 0 marked 0 reclaim candidate 1 type array 1
[0.319s][debug][gc,humongous      ] GC(12) Humongous region 32 (object size 1048592 @ 0x00000000f2000000) remset 0 code roots 0 marked 0 reclaim candidate 1 type array 1
[0.319s][debug][gc,humongous      ] GC(12) Humongous region 12 (object size 1048592 @ 0x00000000f0c00000) remset 0 code roots 0 marked 0 reclaim candidate 1 type array 1
[0.319s][debug][gc,humongous      ] GC(12) Humongous region 36 (object size 1048592 @ 0x00000000f2400000) remset 0 code roots 0 marked 0 reclaim candidate 1 type array 1
[0.319s][debug][gc,humongous      ] GC(12) Humongous region 18 (object size 1048592 @ 0x00000000f1200000) remset 0 code roots 0 marked 0 reclaim candidate 1 type array 1
[0.319s][debug][gc,humongous      ] GC(12) Humongous region 20 (object size 1048592 @ 0x00000000f1400000) remset 0 code roots 0 marked 0 reclaim candidate 1 type array 1
[0.319s][debug][gc,humongous      ] GC(12) Humongous region 26 (object size 1048592 @ 0x00000000f1a00000) remset 0 code roots 0 marked 0 reclaim candidate 1 type array 1
[0.319s][debug][gc,ergo           ] GC(12) Running G1 Merge Heap Roots using 12 workers for 10 regions
[0.320s][debug][gc,remset         ] GC(12) Visited cards 32 Total dirty 2048 (1.56%) Total old 270336 (0.01%)
[0.320s][debug][gc,ref            ] GC(12) Skipped phase 1 of Reference Processing: no references
[0.320s][debug][gc,ref            ] GC(12) Skipped phase 2 of Reference Processing: no references
[0.321s][debug][gc,ref            ] GC(12) Skipped phase 3 of Reference Processing: no references
[0.321s][debug][gc,ref            ] GC(12) Skipped phase 4 of Reference Processing: no references
[0.321s][debug][gc,ergo           ] GC(12) Running G1 Rebuild Free List Task using 12 workers for rebuilding free list of regions
[0.321s][debug][gc,plab           ] GC(12) Young PLAB allocation: allocated: 0B, wasted: 0B, unused: 0B, used: 0B, undo waste: 0B, 
[0.321s][debug][gc,plab           ] GC(12) Young other allocation: region end waste: 65296B, regions filled: 1, direct allocated: 983280B, failure used: 0B, failure wasted: 0B
[0.321s][debug][gc,plab           ] GC(12) Young sizing: calculated: 0B, actual: 2064B
[0.321s][debug][gc,plab           ] GC(12) Old PLAB allocation: allocated: 0B, wasted: 0B, unused: 0B, used: 0B, undo waste: 0B, 
[0.321s][debug][gc,plab           ] GC(12) Old other allocation: region end waste: 453344B, regions filled: 8, direct allocated: 7410688B, failure used: 0B, failure wasted: 0B
[0.321s][debug][gc,plab           ] GC(12) Old sizing: calculated: 0B, actual: 2064B
[0.321s][debug][gc,ergo,heap      ] GC(12) Heap expansion: short term pause time ratio 9.57% long term pause time ratio 13.08% threshold 7.69% pause time ratio 7.69% fully expanded false resize by 18401204B
[0.321s][debug][gc,ergo,heap      ] GC(12) Expand the heap. requested expansion amount: 18401204B expansion amount: 18874368B
[0.321s][debug][gc,heap,region    ] GC(12) Activate regions [159, 177)
[0.321s][debug][gc,ihop           ] GC(12) Target occupancy update: old: 168820736B, new: 187695104B
[0.321s][debug][gc,ergo,ihop      ] GC(12) Do not request concurrent cycle initiation (still doing mixed collections) occupancy: 124780544B allocation request: 0B threshold: 84462796B (45.00) source: end of GC
[0.321s][debug][gc,mmu            ] GC(12) MMU: 8.6ms (50.0ms/51.0ms)
[0.321s][debug][gc,ergo           ] GC(12) do not continue mixed GCs (candidate old regions not available)
[0.321s][debug][gc,ergo,ihop      ] GC(12) Request concurrent cycle initiation (occupancy higher than threshold) occupancy: 124780544B allocation request: 0B threshold: 84462796B (45.00) source: end of GC
[0.321s][debug][gc,alloc,stats    ] Old generation allocation in the last mutator period, old gen allocated: 0B, humongous allocated: 0B,old gen growth: 0B.
[0.321s][debug][gc,ihop           ] GC(12) Basic information (value update), threshold: 84462796B (45.00), target occupancy: 187695104B, current occupancy: 124112688B, recent allocation size: 0B, recent allocation duration: 59.82ms, recent old gen allocation rate: 0.00B/s, recent marking phase length: 77.14ms
[0.321s][debug][gc,ihop           ] GC(12) Adaptive IHOP information (value update), threshold: 84462796B (47.37), internal target occupancy: 178310348B, occupancy: 124112688B, additional buffer size: 0B, predicted old gen allocation rate: 41008743.84B/s, predicted marking phase length: 82.85ms, prediction active: false
[0.321s][debug][gc,ergo,refine    ] GC(12) Concurrent refinement times: Logged Cards Scan time goal: 5.00ms Logged Cards Scan time: 0.00ms HCC time: 0.00ms
[0.321s][debug][gc,ergo,refine    ] GC(12) Updated Refinement Zones: green: 3328, yellow: 9984, red: 16640
[0.321s][info ][gc,phases         ] GC(12)   Pre Evacuate Collection Set: 0.7ms
[0.321s][debug][gc,phases         ] GC(12)     Prepare TLABs: 0.0ms
[0.321s][debug][gc,phases         ] GC(12)     Concatenate Dirty Card Logs: 0.0ms
[0.321s][debug][gc,phases         ] GC(12)     Choose Collection Set: 0.0ms
[0.321s][debug][gc,phases         ] GC(12)     Region Register: 0.7ms
[0.321s][debug][gc,phases         ] GC(12)     Prepare Heap Roots: 0.0ms
[0.321s][info ][gc,phases         ] GC(12)   Merge Heap Roots: 0.2ms
[0.321s][debug][gc,phases         ] GC(12)     Prepare Merge Heap Roots: 0.0ms
[0.321s][debug][gc,phases         ] GC(12)     Eager Reclaim (ms):            Min:  0.0, Avg:  0.0, Max:  0.0, Diff:  0.0, Sum:  0.0, Workers: 1
[0.321s][debug][gc,phases         ] GC(12)     Remembered Sets (ms):          Min:  0.0, Avg:  0.0, Max:  0.0, Diff:  0.0, Sum:  0.0, Workers: 12
[0.321s][debug][gc,phases         ] GC(12)       Merged Sparse:                 Min: 0, Avg:  0.0, Max: 0, Diff: 0, Sum: 0, Workers: 12
[0.321s][debug][gc,phases         ] GC(12)       Merged Fine:                   Min: 0, Avg:  0.0, Max: 0, Diff: 0, Sum: 0, Workers: 12
[0.321s][debug][gc,phases         ] GC(12)       Merged Coarse:                 Min: 0, Avg:  0.0, Max: 0, Diff: 0, Sum: 0, Workers: 12
[0.321s][debug][gc,phases         ] GC(12)       Dirty Cards:                   Min: 0, Avg:  0.0, Max: 0, Diff: 0, Sum: 0, Workers: 12
[0.321s][debug][gc,phases         ] GC(12)     Hot Card Cache (ms):           Min:  0.0, Avg:  0.0, Max:  0.0, Diff:  0.0, Sum:  0.0, Workers: 12
[0.321s][debug][gc,phases         ] GC(12)       Dirty Cards:                   Min: 0, Avg:  0.0, Max: 0, Diff: 0, Sum: 0, Workers: 12
[0.321s][debug][gc,phases         ] GC(12)       Skipped Cards:                 Min: 0, Avg:  0.0, Max: 0, Diff: 0, Sum: 0, Workers: 12
[0.321s][debug][gc,phases         ] GC(12)     Log Buffers (ms):              Min:  0.0, Avg:  0.0, Max:  0.0, Diff:  0.0, Sum:  0.0, Workers: 12
[0.321s][debug][gc,phases         ] GC(12)       Dirty Cards:                   Min: 0, Avg:  0.0, Max: 0, Diff: 0, Sum: 0, Workers: 12
[0.321s][debug][gc,phases         ] GC(12)       Skipped Cards:                 Min: 0, Avg:  0.0, Max: 0, Diff: 0, Sum: 0, Workers: 12
[0.321s][info ][gc,phases         ] GC(12)   Evacuate Collection Set: 1.0ms
[0.321s][debug][gc,phases         ] GC(12)     Ext Root Scanning (ms):        Min:  0.0, Avg:  0.0, Max:  0.1, Diff:  0.0, Sum:  0.1, Workers: 12
[0.321s][debug][gc,phases         ] GC(12)     Scan Heap Roots (ms):          Min:  0.0, Avg:  0.0, Max:  0.0, Diff:  0.0, Sum:  0.0, Workers: 12
[0.321s][debug][gc,phases         ] GC(12)       Scanned Cards:                 Min: 0, Avg:  0.2, Max: 2, Diff: 2, Sum: 2, Workers: 12
[0.321s][debug][gc,phases         ] GC(12)       Scanned Blocks:                Min: 0, Avg:  0.2, Max: 2, Diff: 2, Sum: 2, Workers: 12
[0.321s][debug][gc,phases         ] GC(12)       Claimed Chunks:                Min: 0, Avg:  0.1, Max: 1, Diff: 1, Sum: 1, Workers: 12
[0.321s][debug][gc,phases         ] GC(12)     Code Root Scan (ms):           Min:  0.0, Avg:  0.0, Max:  0.0, Diff:  0.0, Sum:  0.0, Workers: 12
[0.321s][debug][gc,phases         ] GC(12)     Object Copy (ms):              Min:  0.5, Avg:  0.6, Max:  0.6, Diff:  0.1, Sum:  6.6, Workers: 12
[0.321s][debug][gc,phases         ] GC(12)     Termination (ms):              Min:  0.1, Avg:  0.2, Max:  0.3, Diff:  0.1, Sum:  2.7, Workers: 12
[0.321s][debug][gc,phases         ] GC(12)       Termination Attempts:          Min: 1, Avg:  1.3, Max: 2, Diff: 1, Sum: 16, Workers: 12
[0.321s][debug][gc,phases         ] GC(12)     GC Worker Other (ms):          Min:  0.0, Avg:  0.0, Max:  0.0, Diff:  0.0, Sum:  0.1, Workers: 12
[0.321s][debug][gc,phases         ] GC(12)     GC Worker Total (ms):          Min:  0.7, Avg:  0.8, Max:  0.9, Diff:  0.2, Sum:  9.5, Workers: 12
[0.321s][info ][gc,phases         ] GC(12)   Post Evacuate Collection Set: 0.7ms
[0.321s][debug][gc,phases         ] GC(12)     Code Roots Fixup: 0.0ms
[0.321s][debug][gc,phases         ] GC(12)     Reference Processing: 0.0ms
[0.321s][debug][gc,phases,ref     ] GC(12)       Reconsider SoftReferences: 0.0ms
[0.321s][debug][gc,phases,ref     ] GC(12)         SoftRef (ms):                  skipped
[0.321s][debug][gc,phases,ref     ] GC(12)       Notify Soft/WeakReferences: 0.0ms
[0.321s][debug][gc,phases,ref     ] GC(12)         SoftRef (ms):                  skipped
[0.321s][debug][gc,phases,ref     ] GC(12)         WeakRef (ms):                  skipped
[0.321s][debug][gc,phases,ref     ] GC(12)         FinalRef (ms):                 skipped
[0.321s][debug][gc,phases,ref     ] GC(12)         Total (ms):                    skipped
[0.321s][debug][gc,phases,ref     ] GC(12)       Notify and keep alive finalizable: 0.0ms
[0.321s][debug][gc,phases,ref     ] GC(12)         FinalRef (ms):                 skipped
[0.321s][debug][gc,phases,ref     ] GC(12)       Notify PhantomReferences: 0.0ms
[0.321s][debug][gc,phases,ref     ] GC(12)         PhantomRef (ms):               skipped
[0.321s][debug][gc,phases,ref     ] GC(12)       SoftReference:
[0.321s][debug][gc,phases,ref     ] GC(12)         Discovered: 0
[0.321s][debug][gc,phases,ref     ] GC(12)         Cleared: 0
[0.321s][debug][gc,phases,ref     ] GC(12)       WeakReference:
[0.321s][debug][gc,phases,ref     ] GC(12)         Discovered: 0
[0.321s][debug][gc,phases,ref     ] GC(12)         Cleared: 0
[0.321s][debug][gc,phases,ref     ] GC(12)       FinalReference:
[0.321s][debug][gc,phases,ref     ] GC(12)         Discovered: 0
[0.321s][debug][gc,phases,ref     ] GC(12)         Cleared: 0
[0.321s][debug][gc,phases,ref     ] GC(12)       PhantomReference:
[0.321s][debug][gc,phases,ref     ] GC(12)         Discovered: 0
[0.321s][debug][gc,phases,ref     ] GC(12)         Cleared: 0
[0.321s][debug][gc,phases         ] GC(12)     Weak Processing: 0.1ms
[0.322s][debug][gc,phases         ] GC(12)       VM Weak                        Min:  0.0, Avg:  0.0, Max:  0.0, Diff:  0.0, Sum:  0.0, Workers: 1
[0.322s][debug][gc,phases         ] GC(12)         Dead                           Min: 0, Avg:  0.0, Max: 0, Diff: 0, Sum: 0, Workers: 1
[0.322s][debug][gc,phases         ] GC(12)         Total                          Min: 4, Avg:  4.0, Max: 4, Diff: 0, Sum: 4, Workers: 1
[0.322s][debug][gc,phases         ] GC(12)       ObjectSynchronizer Weak        Min:  0.0, Avg:  0.0, Max:  0.0, Diff:  0.0, Sum:  0.0, Workers: 1
[0.322s][debug][gc,phases         ] GC(12)         Dead                           Min: 0, Avg:  0.0, Max: 0, Diff: 0, Sum: 0, Workers: 1
[0.322s][debug][gc,phases         ] GC(12)         Total                          Min: 4, Avg:  4.0, Max: 4, Diff: 0, Sum: 4, Workers: 1
[0.322s][debug][gc,phases         ] GC(12)       JVMTI Tag Weak OopStorage      Min:  0.0, Avg:  0.0, Max:  0.0, Diff:  0.0, Sum:  0.0, Workers: 1
[0.322s][debug][gc,phases         ] GC(12)         Dead                           Min: 0, Avg:  0.0, Max: 0, Diff: 0, Sum: 0, Workers: 1
[0.322s][debug][gc,phases         ] GC(12)         Total                          Min: 0, Avg:  0.0, Max: 0, Diff: 0, Sum: 0, Workers: 1
[0.322s][debug][gc,phases         ] GC(12)       StringTable Weak               Min:  0.0, Avg:  0.0, Max:  0.0, Diff:  0.0, Sum:  0.0, Workers: 1
[0.322s][debug][gc,phases         ] GC(12)         Dead                           Min: 0, Avg:  0.0, Max: 0, Diff: 0, Sum: 0, Workers: 1
[0.322s][debug][gc,phases         ] GC(12)         Total                          Min: 39, Avg: 39.0, Max: 39, Diff: 0, Sum: 39, Workers: 1
[0.322s][debug][gc,phases         ] GC(12)       ResolvedMethodTable Weak       Min:  0.0, Avg:  0.0, Max:  0.0, Diff:  0.0, Sum:  0.0, Workers: 1
[0.322s][debug][gc,phases         ] GC(12)         Dead                           Min: 0, Avg:  0.0, Max: 0, Diff: 0, Sum: 0, Workers: 1
[0.322s][debug][gc,phases         ] GC(12)         Total                          Min: 22, Avg: 22.0, Max: 22, Diff: 0, Sum: 22, Workers: 1
[0.322s][debug][gc,phases         ] GC(12)       JNI Weak                       Min:  0.0, Avg:  0.0, Max:  0.0, Diff:  0.0, Sum:  0.0, Workers: 1
[0.322s][debug][gc,phases         ] GC(12)         Dead                           Min: 0, Avg:  0.0, Max: 0, Diff: 0, Sum: 0, Workers: 1
[0.322s][debug][gc,phases         ] GC(12)         Total                          Min: 0, Avg:  0.0, Max: 0, Diff: 0, Sum: 0, Workers: 1
[0.322s][debug][gc,phases         ] GC(12)       StringDedup Table Weak         Min:  0.0, Avg:  0.0, Max:  0.0, Diff:  0.0, Sum:  0.0, Workers: 1
[0.322s][debug][gc,phases         ] GC(12)         Dead                           Min: 0, Avg:  0.0, Max: 0, Diff: 0, Sum: 0, Workers: 1
[0.322s][debug][gc,phases         ] GC(12)         Total                          Min: 0, Avg:  0.0, Max: 0, Diff: 0, Sum: 0, Workers: 1
[0.322s][debug][gc,phases         ] GC(12)       StringDedup Requests0 Weak     Min:  0.0, Avg:  0.0, Max:  0.0, Diff:  0.0, Sum:  0.0, Workers: 1
[0.322s][debug][gc,phases         ] GC(12)         Dead                           Min: 0, Avg:  0.0, Max: 0, Diff: 0, Sum: 0, Workers: 1
[0.322s][debug][gc,phases         ] GC(12)         Total                          Min: 0, Avg:  0.0, Max: 0, Diff: 0, Sum: 0, Workers: 1
[0.322s][debug][gc,phases         ] GC(12)       StringDedup Requests1 Weak     Min:  0.0, Avg:  0.0, Max:  0.0, Diff:  0.0, Sum:  0.0, Workers: 1
[0.322s][debug][gc,phases         ] GC(12)         Dead                           Min: 0, Avg:  0.0, Max: 0, Diff: 0, Sum: 0, Workers: 1
[0.322s][debug][gc,phases         ] GC(12)         Total                          Min: 0, Avg:  0.0, Max: 0, Diff: 0, Sum: 0, Workers: 1
[0.322s][debug][gc,phases         ] GC(12)       Weak JFR Old Object Samples    Min:  0.0, Avg:  0.0, Max:  0.0, Diff:  0.0, Sum:  0.0, Workers: 1
[0.322s][debug][gc,phases         ] GC(12)         Dead                           Min: 0, Avg:  0.0, Max: 0, Diff: 0, Sum: 0, Workers: 1
[0.322s][debug][gc,phases         ] GC(12)         Total                          Min: 0, Avg:  0.0, Max: 0, Diff: 0, Sum: 0, Workers: 1
[0.322s][debug][gc,phases         ] GC(12)     Post Evacuate Cleanup 1: 0.1ms
[0.322s][debug][gc,phases         ] GC(12)       Merge Per-Thread State (ms):   Min:  0.0, Avg:  0.0, Max:  0.0, Diff:  0.0, Sum:  0.0, Workers: 1
[0.322s][debug][gc,phases         ] GC(12)         Copied Bytes                   Min: 524416, Avg: 699497.3, Max: 917728, Diff: 393312, Sum: 8393968, Workers: 12
[0.322s][debug][gc,phases         ] GC(12)         LAB Waste                      Min: 0, Avg:  0.0, Max: 0, Diff: 0, Sum: 0, Workers: 12
[0.322s][debug][gc,phases         ] GC(12)         LAB Undo Waste                 Min: 0, Avg:  0.0, Max: 0, Diff: 0, Sum: 0, Workers: 12
[0.322s][debug][gc,phases         ] GC(12)       Clear Logged Cards (ms):       Min:  0.0, Avg:  0.0, Max:  0.0, Diff:  0.0, Sum:  0.0, Workers: 3
[0.322s][debug][gc,phases         ] GC(12)       Recalculate Used Memory (ms):  Min:  0.0, Avg:  0.0, Max:  0.0, Diff:  0.0, Sum:  0.0, Workers: 1
[0.322s][debug][gc,phases         ] GC(12)     Post Evacuate Cleanup 2: 0.1ms
[0.322s][debug][gc,phases         ] GC(12)       Reset Hot Card Cache (ms):     Min:  0.0, Avg:  0.0, Max:  0.0, Diff:  0.0, Sum:  0.0, Workers: 1
[0.322s][debug][gc,phases         ] GC(12)       Purge Code Roots (ms):         Min:  0.0, Avg:  0.0, Max:  0.0, Diff:  0.0, Sum:  0.0, Workers: 1
[0.322s][debug][gc,phases         ] GC(12)       Update Derived Pointers (ms):  Min:  0.0, Avg:  0.0, Max:  0.0, Diff:  0.0, Sum:  0.0, Workers: 1
[0.322s][debug][gc,phases         ] GC(12)       Eagerly Reclaim Humongous Objects (ms): Min:  0.0, Avg:  0.0, Max:  0.0, Diff:  0.0, Sum:  0.0, Workers: 1
[0.322s][debug][gc,phases         ] GC(12)         Humongous Total                Min: 24, Avg: 24.0, Max: 24, Diff: 0, Sum: 24, Workers: 1
[0.322s][debug][gc,phases         ] GC(12)         Humongous Candidates           Min: 24, Avg: 24.0, Max: 24, Diff: 0, Sum: 24, Workers: 1
[0.322s][debug][gc,phases         ] GC(12)         Humongous Reclaimed            Min: 0, Avg:  0.0, Max: 0, Diff: 0, Sum: 0, Workers: 1
[0.322s][debug][gc,phases         ] GC(12)       Redirty Logged Cards (ms):     Min:  0.0, Avg:  0.0, Max:  0.0, Diff:  0.0, Sum:  0.0, Workers: 12
[0.322s][debug][gc,phases         ] GC(12)         Redirtied Cards:               Min: 0, Avg:  0.8, Max: 9, Diff: 9, Sum: 9, Workers: 12
[0.322s][debug][gc,phases         ] GC(12)       Free Collection Set (ms):      Min:  0.0, Avg:  0.0, Max:  0.0, Diff:  0.0, Sum:  0.0, Workers: 12
[0.322s][debug][gc,phases         ] GC(12)     Rebuild Free List: 0.2ms
[0.322s][debug][gc,phases         ] GC(12)     Start New Collection Set: 0.0ms
[0.322s][debug][gc,phases         ] GC(12)     Resize TLABs: 0.0ms
[0.322s][debug][gc,phases         ] GC(12)     Expand Heap After Collection: 0.2ms
[0.322s][info ][gc,phases         ] GC(12)   Other: 0.3ms
[0.322s][info ][gc,heap           ] GC(12) Eden regions: 5->0(12)
[0.322s][info ][gc,heap           ] GC(12) Survivor regions: 3->1(1)
[0.322s][info ][gc,heap           ] GC(12) Old regions: 55->60
[0.322s][info ][gc,heap           ] GC(12) Archive regions: 2->2
[0.322s][info ][gc,heap           ] GC(12) Humongous regions: 57->57
[0.322s][info ][gc,metaspace      ] GC(12) Metaspace: 131K(320K)->131K(320K) NonClass: 126K(192K)->126K(192K) Class: 5K(128K)->5K(128K)
[0.322s][debug][gc,heap           ] GC(12) Heap after GC invocations=13 (full 1):
[0.322s][debug][gc,heap           ] GC(12)  garbage-first heap   total 183296K, used 121203K [0x00000000f0000000, 0x0000000100000000)
[0.322s][debug][gc,heap           ] GC(12)   region size 1024K, 1 young (1024K), 1 survivors (1024K)
[0.322s][debug][gc,heap           ] GC(12)  Metaspace       used 131K, committed 320K, reserved 1114112K
[0.322s][debug][gc,heap           ] GC(12)   class space    used 5K, committed 128K, reserved 1048576K
[0.322s][info ][gc                ] GC(12) Pause Young (Mixed) (G1 Evacuation Pause) 119M->118M(179M) 3.198ms
[0.322s][info ][gc,cpu            ] GC(12) User=0.01s Sys=0.00s Real=0.00s
[0.354s][debug][gc,ergo,ihop      ] Request concurrent cycle initiation (occupancy higher than threshold) occupancy: 124780544B allocation request: 1048592B threshold: 84462796B (45.00) source: concurrent humongous allocation
[0.354s][debug][gc,ergo           ] Request concurrent cycle initiation (requested by GC cause). GC cause: G1 Humongous Allocation
[0.354s][debug][gc,heap           ] GC(13) Heap before GC invocations=13 (full 1):
[0.354s][debug][gc,heap           ] GC(13)  garbage-first heap   total 183296K, used 129395K [0x00000000f0000000, 0x0000000100000000)
[0.354s][debug][gc,heap           ] GC(13)   region size 1024K, 11 young (11264K), 1 survivors (1024K)
[0.354s][debug][gc,heap           ] GC(13)  Metaspace       used 131K, committed 320K, reserved 1114112K
[0.354s][debug][gc,heap           ] GC(13)   class space    used 5K, committed 128K, reserved 1048576K
[0.354s][debug][gc,ergo           ] GC(13) Initiate concurrent cycle (concurrent cycle initiation requested)
[0.354s][info ][gc,start          ] GC(13) Pause Young (Concurrent Start) (G1 Humongous Allocation)
[0.354s][info ][gc,task           ] GC(13) Using 12 workers of 13 for evacuation
[0.354s][debug][gc,tlab           ] GC(13) TLAB totals: thrds: 5  refills: 5 max: 1 slow allocs: 139 max 28 waste: 43.7% gc: 257816B max: 53080B slow: 0B max: 0B
[0.354s][debug][gc,age            ] GC(13) Desired survivor size 1048576 bytes, new threshold 15 (max threshold 15)
[0.354s][debug][gc,refine,stats   ] GC(13) Mutator refinement: 0.00ms, refined: 0, precleaned: 0, dirtied: 4
[0.354s][debug][gc,refine,stats   ] GC(13) Concurrent refinement: 0.00ms, refined: 0, precleaned: 0, dirtied: 0
[0.354s][debug][gc,refine,stats   ] GC(13) Total refinement: 0.00ms, refined: 0, precleaned: 0, dirtied: 4
[0.354s][debug][gc,refine,stats   ] GC(13) Generate dirty cards rate: 0.12 cards/ms
[0.354s][debug][gc,alloc,region   ] GC(13) Mutator Allocation stats, regions: 10, wasted size: 573K ( 5.6%)
[0.354s][debug][gc,humongous      ] GC(13) Humongous region 0 (object size 1048592 @ 0x00000000f0000000) remset 0 code roots 0 marked 0 reclaim candidate 1 type array 1
[0.354s][debug][gc,humongous      ] GC(13) Humongous region 2 (object size 1048592 @ 0x00000000f0200000) remset 0 code roots 0 marked 0 reclaim candidate 1 type array 1
[0.354s][debug][gc,humongous      ] GC(13) Humongous region 4 (object size 1048592 @ 0x00000000f0400000) remset 0 code roots 0 marked 0 reclaim candidate 1 type array 1
[0.354s][debug][gc,humongous      ] GC(13) Humongous region 6 (object size 1048592 @ 0x00000000f0600000) remset 0 code roots 0 marked 0 reclaim candidate 1 type array 1
[0.354s][debug][gc,humongous      ] GC(13) Humongous region 8 (object size 1048592 @ 0x00000000f0800000) remset 0 code roots 0 marked 0 reclaim candidate 1 type array 1
[0.354s][debug][gc,humongous      ] GC(13) Humongous region 10 (object size 1048592 @ 0x00000000f0a00000) remset 0 code roots 0 marked 0 reclaim candidate 1 type array 1
[0.354s][debug][gc,humongous      ] GC(13) Humongous region 83 (object size 1048592 @ 0x00000000f5300000) remset 0 code roots 0 marked 0 reclaim candidate 1 type array 1
[0.354s][debug][gc,humongous      ] GC(13) Humongous region 85 (object size 10485776 @ 0x00000000f5500000) remset 0 code roots 0 marked 0 reclaim candidate 1 type array 1
[0.354s][debug][gc,humongous      ] GC(13) Humongous region 22 (object size 1048592 @ 0x00000000f1600000) remset 0 code roots 0 marked 0 reclaim candidate 1 type array 1
[0.354s][debug][gc,humongous      ] GC(13) Humongous region 24 (object size 1048592 @ 0x00000000f1800000) remset 0 code roots 0 marked 0 reclaim candidate 1 type array 1
[0.354s][debug][gc,humongous      ] GC(13) Humongous region 30 (object size 1048592 @ 0x00000000f1e00000) remset 0 code roots 0 marked 0 reclaim candidate 1 type array 1
[0.354s][debug][gc,humongous      ] GC(13) Humongous region 38 (object size 1048592 @ 0x00000000f2600000) remset 0 code roots 0 marked 0 reclaim candidate 1 type array 1
[0.354s][debug][gc,humongous      ] GC(13) Humongous region 14 (object size 1048592 @ 0x00000000f0e00000) remset 0 code roots 0 marked 0 reclaim candidate 1 type array 1
[0.354s][debug][gc,humongous      ] GC(13) Humongous region 64 (object size 1048592 @ 0x00000000f4000000) remset 0 code roots 0 marked 0 reclaim candidate 1 type array 1
[0.354s][debug][gc,humongous      ] GC(13) Humongous region 20 (object size 1048592 @ 0x00000000f1400000) remset 0 code roots 0 marked 0 reclaim candidate 1 type array 1
[0.354s][debug][gc,humongous      ] GC(13) Humongous region 26 (object size 1048592 @ 0x00000000f1a00000) remset 0 code roots 0 marked 0 reclaim candidate 1 type array 1
[0.354s][debug][gc,humongous      ] GC(13) Humongous region 12 (object size 1048592 @ 0x00000000f0c00000) remset 0 code roots 0 marked 0 reclaim candidate 1 type array 1
[0.354s][debug][gc,humongous      ] GC(13) Humongous region 32 (object size 1048592 @ 0x00000000f2000000) remset 0 code roots 0 marked 0 reclaim candidate 1 type array 1
[0.354s][debug][gc,humongous      ] GC(13) Humongous region 16 (object size 1048592 @ 0x00000000f1000000) remset 0 code roots 0 marked 0 reclaim candidate 1 type array 1
[0.354s][debug][gc,humongous      ] GC(13) Humongous region 34 (object size 1048592 @ 0x00000000f2200000) remset 0 code roots 0 marked 0 reclaim candidate 1 type array 1
[0.354s][debug][gc,humongous      ] GC(13) Humongous region 36 (object size 1048592 @ 0x00000000f2400000) remset 0 code roots 0 marked 0 reclaim candidate 1 type array 1
[0.354s][debug][gc,humongous      ] GC(13) Humongous region 18 (object size 1048592 @ 0x00000000f1200000) remset 0 code roots 0 marked 0 reclaim candidate 1 type array 1
[0.354s][debug][gc,humongous      ] GC(13) Humongous region 40 (object size 1048592 @ 0x00000000f2800000) remset 0 code roots 0 marked 0 reclaim candidate 1 type array 1
[0.354s][debug][gc,humongous      ] GC(13) Humongous region 28 (object size 1048592 @ 0x00000000f1c00000) remset 0 code roots 0 marked 0 reclaim candidate 1 type array 1
[0.355s][debug][gc,ergo           ] GC(13) Running G1 Merge Heap Roots using 12 workers for 11 regions
[0.355s][debug][gc,remset         ] GC(13) Visited cards 64 Total dirty 4096 (1.56%) Total old 288768 (0.02%)
[0.356s][debug][gc,ref            ] GC(13) Skipped phase 1 of Reference Processing: no references
[0.356s][debug][gc,ref            ] GC(13) Skipped phase 2 of Reference Processing: no references
[0.356s][debug][gc,ref            ] GC(13) Skipped phase 3 of Reference Processing: no references
[0.356s][debug][gc,ref            ] GC(13) Skipped phase 4 of Reference Processing: no references
[0.357s][debug][gc,ergo           ] GC(13) Running G1 Rebuild Free List Task using 12 workers for rebuilding free list of regions
[0.357s][debug][gc,plab           ] GC(13) Young PLAB allocation: allocated: 0B, wasted: 0B, unused: 0B, used: 0B, undo waste: 0B, 
[0.357s][debug][gc,plab           ] GC(13) Young other allocation: region end waste: 125640B, regions filled: 2, direct allocated: 1971512B, failure used: 0B, failure wasted: 0B
[0.357s][debug][gc,plab           ] GC(13) Young sizing: calculated: 0B, actual: 2064B
[0.357s][debug][gc,plab           ] GC(13) Old PLAB allocation: allocated: 0B, wasted: 0B, unused: 0B, used: 0B, undo waste: 0B, 
[0.357s][debug][gc,plab           ] GC(13) Old other allocation: region end waste: 587376B, regions filled: 10, direct allocated: 8456208B, failure used: 0B, failure wasted: 0B
[0.357s][debug][gc,plab           ] GC(13) Old sizing: calculated: 0B, actual: 2064B
[0.357s][debug][gc,ergo,heap      ] GC(13) Heap expansion: short term pause time ratio 13.28% long term pause time ratio 12.92% threshold 7.69% pause time ratio 7.69% fully expanded false resize by 0B
[0.357s][debug][gc,ergo,ihop      ] GC(13) Request concurrent cycle initiation (occupancy higher than threshold) occupancy: 134217728B allocation request: 0B threshold: 84462796B (45.00) source: Revise IHOP
[0.357s][debug][gc,mmu            ] GC(13) MMU: 5.7ms (50.0ms/51.0ms)
[0.357s][debug][gc,alloc,stats    ] Old generation allocation in the last mutator period, old gen allocated: 0B, humongous allocated: 0B,old gen growth: 0B.
[0.357s][debug][gc,ihop           ] GC(13) Basic information (value update), threshold: 84462796B (45.00), target occupancy: 187695104B, current occupancy: 134205232B, recent allocation size: 0B, recent allocation duration: 32.52ms, recent old gen allocation rate: 0.00B/s, recent marking phase length: 77.14ms
[0.357s][debug][gc,ihop           ] GC(13) Adaptive IHOP information (value update), threshold: 84462796B (47.37), internal target occupancy: 178310348B, occupancy: 134205232B, additional buffer size: 11534336B, predicted old gen allocation rate: 39650672.29B/s, predicted marking phase length: 82.85ms, prediction active: false
[0.357s][debug][gc,ergo,refine    ] GC(13) Concurrent refinement times: Logged Cards Scan time goal: 5.00ms Logged Cards Scan time: 0.00ms HCC time: 0.00ms
[0.357s][debug][gc,ergo,refine    ] GC(13) Updated Refinement Zones: green: 3328, yellow: 9984, red: 16640
[0.357s][info ][gc,phases         ] GC(13)   Pre Evacuate Collection Set: 0.9ms
[0.357s][debug][gc,phases         ] GC(13)     Prepare TLABs: 0.0ms
[0.357s][debug][gc,phases         ] GC(13)     Concatenate Dirty Card Logs: 0.0ms
[0.357s][debug][gc,phases         ] GC(13)     Choose Collection Set: 0.0ms
[0.357s][debug][gc,phases         ] GC(13)     Region Register: 0.8ms
[0.357s][debug][gc,phases         ] GC(13)     Prepare Heap Roots: 0.0ms
[0.357s][debug][gc,phases         ] GC(13)     Clear Claimed Marks: 0.0ms
[0.357s][info ][gc,phases         ] GC(13)   Merge Heap Roots: 0.2ms
[0.357s][debug][gc,phases         ] GC(13)     Prepare Merge Heap Roots: 0.0ms
[0.357s][debug][gc,phases         ] GC(13)     Eager Reclaim (ms):            Min:  0.0, Avg:  0.0, Max:  0.0, Diff:  0.0, Sum:  0.0, Workers: 1
[0.357s][debug][gc,phases         ] GC(13)     Remembered Sets (ms):          Min:  0.0, Avg:  0.0, Max:  0.0, Diff:  0.0, Sum:  0.0, Workers: 12
[0.357s][debug][gc,phases         ] GC(13)       Merged Sparse:                 Min: 0, Avg:  0.0, Max: 0, Diff: 0, Sum: 0, Workers: 12
[0.357s][debug][gc,phases         ] GC(13)       Merged Fine:                   Min: 0, Avg:  0.0, Max: 0, Diff: 0, Sum: 0, Workers: 12
[0.357s][debug][gc,phases         ] GC(13)       Merged Coarse:                 Min: 0, Avg:  0.0, Max: 0, Diff: 0, Sum: 0, Workers: 12
[0.357s][debug][gc,phases         ] GC(13)       Dirty Cards:                   Min: 0, Avg:  0.0, Max: 0, Diff: 0, Sum: 0, Workers: 12
[0.357s][debug][gc,phases         ] GC(13)     Hot Card Cache (ms):           Min:  0.0, Avg:  0.0, Max:  0.0, Diff:  0.0, Sum:  0.0, Workers: 12
[0.357s][debug][gc,phases         ] GC(13)       Dirty Cards:                   Min: 0, Avg:  0.0, Max: 0, Diff: 0, Sum: 0, Workers: 12
[0.357s][debug][gc,phases         ] GC(13)       Skipped Cards:                 Min: 0, Avg:  0.0, Max: 0, Diff: 0, Sum: 0, Workers: 12
[0.357s][debug][gc,phases         ] GC(13)     Log Buffers (ms):              Min:  0.0, Avg:  0.0, Max:  0.0, Diff:  0.0, Sum:  0.0, Workers: 12
[0.357s][debug][gc,phases         ] GC(13)       Dirty Cards:                   Min: 0, Avg:  0.3, Max: 4, Diff: 4, Sum: 4, Workers: 12
[0.357s][debug][gc,phases         ] GC(13)       Skipped Cards:                 Min: 0, Avg:  0.0, Max: 0, Diff: 0, Sum: 0, Workers: 12
[0.357s][info ][gc,phases         ] GC(13)   Evacuate Collection Set: 1.3ms
[0.357s][debug][gc,phases         ] GC(13)     Ext Root Scanning (ms):        Min:  0.0, Avg:  0.1, Max:  0.1, Diff:  0.1, Sum:  0.7, Workers: 12
[0.357s][debug][gc,phases         ] GC(13)     Scan Heap Roots (ms):          Min:  0.0, Avg:  0.0, Max:  0.0, Diff:  0.0, Sum:  0.1, Workers: 12
[0.357s][debug][gc,phases         ] GC(13)       Scanned Cards:                 Min: 0, Avg:  0.8, Max: 7, Diff: 7, Sum: 9, Workers: 12
[0.357s][debug][gc,phases         ] GC(13)       Scanned Blocks:                Min: 0, Avg:  0.2, Max: 2, Diff: 2, Sum: 3, Workers: 12
[0.357s][debug][gc,phases         ] GC(13)       Claimed Chunks:                Min: 0, Avg:  0.2, Max: 1, Diff: 1, Sum: 2, Workers: 12
[0.357s][debug][gc,phases         ] GC(13)     Code Root Scan (ms):           Min:  0.0, Avg:  0.0, Max:  0.0, Diff:  0.0, Sum:  0.0, Workers: 12
[0.357s][debug][gc,phases         ] GC(13)     Object Copy (ms):              Min:  0.8, Avg:  0.8, Max:  0.8, Diff:  0.1, Sum:  9.6, Workers: 12
[0.357s][debug][gc,phases         ] GC(13)     Termination (ms):              Min:  0.2, Avg:  0.3, Max:  0.3, Diff:  0.2, Sum:  3.1, Workers: 12
[0.357s][debug][gc,phases         ] GC(13)       Termination Attempts:          Min: 1, Avg:  1.0, Max: 1, Diff: 0, Sum: 12, Workers: 12
[0.357s][debug][gc,phases         ] GC(13)     GC Worker Other (ms):          Min:  0.0, Avg:  0.0, Max:  0.0, Diff:  0.0, Sum:  0.1, Workers: 12
[0.357s][debug][gc,phases         ] GC(13)     GC Worker Total (ms):          Min:  1.0, Avg:  1.1, Max:  1.3, Diff:  0.3, Sum: 13.5, Workers: 12
[0.357s][info ][gc,phases         ] GC(13)   Post Evacuate Collection Set: 0.5ms
[0.357s][debug][gc,phases         ] GC(13)     Code Roots Fixup: 0.0ms
[0.357s][debug][gc,phases         ] GC(13)     Reference Processing: 0.0ms
[0.357s][debug][gc,phases,ref     ] GC(13)       Reconsider SoftReferences: 0.0ms
[0.357s][debug][gc,phases,ref     ] GC(13)         SoftRef (ms):                  skipped
[0.357s][debug][gc,phases,ref     ] GC(13)       Notify Soft/WeakReferences: 0.0ms
[0.357s][debug][gc,phases,ref     ] GC(13)         SoftRef (ms):                  skipped
[0.357s][debug][gc,phases,ref     ] GC(13)         WeakRef (ms):                  skipped
[0.357s][debug][gc,phases,ref     ] GC(13)         FinalRef (ms):                 skipped
[0.357s][debug][gc,phases,ref     ] GC(13)         Total (ms):                    skipped
[0.357s][debug][gc,phases,ref     ] GC(13)       Notify and keep alive finalizable: 0.0ms
[0.357s][debug][gc,phases,ref     ] GC(13)         FinalRef (ms):                 skipped
[0.357s][debug][gc,phases,ref     ] GC(13)       Notify PhantomReferences: 0.0ms
[0.357s][debug][gc,phases,ref     ] GC(13)         PhantomRef (ms):               skipped
[0.357s][debug][gc,phases,ref     ] GC(13)       SoftReference:
[0.357s][debug][gc,phases,ref     ] GC(13)         Discovered: 0
[0.357s][debug][gc,phases,ref     ] GC(13)         Cleared: 0
[0.357s][debug][gc,phases,ref     ] GC(13)       WeakReference:
[0.357s][debug][gc,phases,ref     ] GC(13)         Discovered: 0
[0.357s][debug][gc,phases,ref     ] GC(13)         Cleared: 0
[0.357s][debug][gc,phases,ref     ] GC(13)       FinalReference:
[0.357s][debug][gc,phases,ref     ] GC(13)         Discovered: 0
[0.357s][debug][gc,phases,ref     ] GC(13)         Cleared: 0
[0.357s][debug][gc,phases,ref     ] GC(13)       PhantomReference:
[0.357s][debug][gc,phases,ref     ] GC(13)         Discovered: 0
[0.357s][debug][gc,phases,ref     ] GC(13)         Cleared: 0
[0.357s][debug][gc,phases         ] GC(13)     Weak Processing: 0.0ms
[0.357s][debug][gc,phases         ] GC(13)       VM Weak                        Min:  0.0, Avg:  0.0, Max:  0.0, Diff:  0.0, Sum:  0.0, Workers: 1
[0.357s][debug][gc,phases         ] GC(13)         Dead                           Min: 0, Avg:  0.0, Max: 0, Diff: 0, Sum: 0, Workers: 1
[0.357s][debug][gc,phases         ] GC(13)         Total                          Min: 4, Avg:  4.0, Max: 4, Diff: 0, Sum: 4, Workers: 1
[0.357s][debug][gc,phases         ] GC(13)       ObjectSynchronizer Weak        Min:  0.0, Avg:  0.0, Max:  0.0, Diff:  0.0, Sum:  0.0, Workers: 1
[0.357s][debug][gc,phases         ] GC(13)         Dead                           Min: 0, Avg:  0.0, Max: 0, Diff: 0, Sum: 0, Workers: 1
[0.357s][debug][gc,phases         ] GC(13)         Total                          Min: 4, Avg:  4.0, Max: 4, Diff: 0, Sum: 4, Workers: 1
[0.357s][debug][gc,phases         ] GC(13)       JVMTI Tag Weak OopStorage      Min:  0.0, Avg:  0.0, Max:  0.0, Diff:  0.0, Sum:  0.0, Workers: 1
[0.357s][debug][gc,phases         ] GC(13)         Dead                           Min: 0, Avg:  0.0, Max: 0, Diff: 0, Sum: 0, Workers: 1
[0.357s][debug][gc,phases         ] GC(13)         Total                          Min: 0, Avg:  0.0, Max: 0, Diff: 0, Sum: 0, Workers: 1
[0.357s][debug][gc,phases         ] GC(13)       StringTable Weak               Min:  0.0, Avg:  0.0, Max:  0.0, Diff:  0.0, Sum:  0.0, Workers: 1
[0.357s][debug][gc,phases         ] GC(13)         Dead                           Min: 0, Avg:  0.0, Max: 0, Diff: 0, Sum: 0, Workers: 1
[0.357s][debug][gc,phases         ] GC(13)         Total                          Min: 39, Avg: 39.0, Max: 39, Diff: 0, Sum: 39, Workers: 1
[0.357s][debug][gc,phases         ] GC(13)       ResolvedMethodTable Weak       Min:  0.0, Avg:  0.0, Max:  0.0, Diff:  0.0, Sum:  0.0, Workers: 1
[0.357s][debug][gc,phases         ] GC(13)         Dead                           Min: 0, Avg:  0.0, Max: 0, Diff: 0, Sum: 0, Workers: 1
[0.357s][debug][gc,phases         ] GC(13)         Total                          Min: 22, Avg: 22.0, Max: 22, Diff: 0, Sum: 22, Workers: 1
[0.357s][debug][gc,phases         ] GC(13)       JNI Weak                       Min:  0.0, Avg:  0.0, Max:  0.0, Diff:  0.0, Sum:  0.0, Workers: 1
[0.357s][debug][gc,phases         ] GC(13)         Dead                           Min: 0, Avg:  0.0, Max: 0, Diff: 0, Sum: 0, Workers: 1
[0.357s][debug][gc,phases         ] GC(13)         Total                          Min: 0, Avg:  0.0, Max: 0, Diff: 0, Sum: 0, Workers: 1
[0.357s][debug][gc,phases         ] GC(13)       StringDedup Table Weak         Min:  0.0, Avg:  0.0, Max:  0.0, Diff:  0.0, Sum:  0.0, Workers: 1
[0.357s][debug][gc,phases         ] GC(13)         Dead                           Min: 0, Avg:  0.0, Max: 0, Diff: 0, Sum: 0, Workers: 1
[0.357s][debug][gc,phases         ] GC(13)         Total                          Min: 0, Avg:  0.0, Max: 0, Diff: 0, Sum: 0, Workers: 1
[0.357s][debug][gc,phases         ] GC(13)       StringDedup Requests0 Weak     Min:  0.0, Avg:  0.0, Max:  0.0, Diff:  0.0, Sum:  0.0, Workers: 1
[0.357s][debug][gc,phases         ] GC(13)         Dead                           Min: 0, Avg:  0.0, Max: 0, Diff: 0, Sum: 0, Workers: 1
[0.357s][debug][gc,phases         ] GC(13)         Total                          Min: 0, Avg:  0.0, Max: 0, Diff: 0, Sum: 0, Workers: 1
[0.357s][debug][gc,phases         ] GC(13)       StringDedup Requests1 Weak     Min:  0.0, Avg:  0.0, Max:  0.0, Diff:  0.0, Sum:  0.0, Workers: 1
[0.357s][debug][gc,phases         ] GC(13)         Dead                           Min: 0, Avg:  0.0, Max: 0, Diff: 0, Sum: 0, Workers: 1
[0.357s][debug][gc,phases         ] GC(13)         Total                          Min: 0, Avg:  0.0, Max: 0, Diff: 0, Sum: 0, Workers: 1
[0.357s][debug][gc,phases         ] GC(13)       Weak JFR Old Object Samples    Min:  0.0, Avg:  0.0, Max:  0.0, Diff:  0.0, Sum:  0.0, Workers: 1
[0.357s][debug][gc,phases         ] GC(13)         Dead                           Min: 0, Avg:  0.0, Max: 0, Diff: 0, Sum: 0, Workers: 1
[0.357s][debug][gc,phases         ] GC(13)         Total                          Min: 0, Avg:  0.0, Max: 0, Diff: 0, Sum: 0, Workers: 1
[0.357s][debug][gc,phases         ] GC(13)     Post Evacuate Cleanup 1: 0.1ms
[0.357s][debug][gc,phases         ] GC(13)       Merge Per-Thread State (ms):   Min:  0.0, Avg:  0.0, Max:  0.0, Diff:  0.0, Sum:  0.0, Workers: 1
[0.357s][debug][gc,phases         ] GC(13)         Copied Bytes                   Min: 721072, Avg: 868976.7, Max: 983280, Diff: 262208, Sum: 10427720, Workers: 12
[0.357s][debug][gc,phases         ] GC(13)         LAB Waste                      Min: 0, Avg:  0.0, Max: 0, Diff: 0, Sum: 0, Workers: 12
[0.357s][debug][gc,phases         ] GC(13)         LAB Undo Waste                 Min: 0, Avg:  0.0, Max: 0, Diff: 0, Sum: 0, Workers: 12
[0.357s][debug][gc,phases         ] GC(13)       Clear Logged Cards (ms):       Min:  0.0, Avg:  0.0, Max:  0.0, Diff:  0.0, Sum:  0.0, Workers: 3
[0.357s][debug][gc,phases         ] GC(13)       Recalculate Used Memory (ms):  Min:  0.0, Avg:  0.0, Max:  0.0, Diff:  0.0, Sum:  0.0, Workers: 1
[0.357s][debug][gc,phases         ] GC(13)     Post Evacuate Cleanup 2: 0.2ms
[0.357s][debug][gc,phases         ] GC(13)       Reset Hot Card Cache (ms):     Min:  0.0, Avg:  0.0, Max:  0.0, Diff:  0.0, Sum:  0.0, Workers: 1
[0.357s][debug][gc,phases         ] GC(13)       Purge Code Roots (ms):         Min:  0.0, Avg:  0.0, Max:  0.0, Diff:  0.0, Sum:  0.0, Workers: 1
[0.357s][debug][gc,phases         ] GC(13)       Update Derived Pointers (ms):  Min:  0.0, Avg:  0.0, Max:  0.0, Diff:  0.0, Sum:  0.0, Workers: 1
[0.357s][debug][gc,phases         ] GC(13)       Eagerly Reclaim Humongous Objects (ms): Min:  0.0, Avg:  0.0, Max:  0.0, Diff:  0.0, Sum:  0.0, Workers: 1
[0.357s][debug][gc,phases         ] GC(13)         Humongous Total                Min: 24, Avg: 24.0, Max: 24, Diff: 0, Sum: 24, Workers: 1
[0.357s][debug][gc,phases         ] GC(13)         Humongous Candidates           Min: 24, Avg: 24.0, Max: 24, Diff: 0, Sum: 24, Workers: 1
[0.357s][debug][gc,phases         ] GC(13)         Humongous Reclaimed            Min: 0, Avg:  0.0, Max: 0, Diff: 0, Sum: 0, Workers: 1
[0.357s][debug][gc,phases         ] GC(13)       Redirty Logged Cards (ms):     Min:  0.0, Avg:  0.0, Max:  0.0, Diff:  0.0, Sum:  0.0, Workers: 12
[0.357s][debug][gc,phases         ] GC(13)         Redirtied Cards:               Min: 0, Avg:  1.3, Max: 16, Diff: 16, Sum: 16, Workers: 12
[0.357s][debug][gc,phases         ] GC(13)       Free Collection Set (ms):      Min:  0.0, Avg:  0.0, Max:  0.0, Diff:  0.0, Sum:  0.0, Workers: 12
[0.357s][debug][gc,phases         ] GC(13)     Rebuild Free List: 0.2ms
[0.357s][debug][gc,phases         ] GC(13)     Start New Collection Set: 0.0ms
[0.357s][debug][gc,phases         ] GC(13)     Resize TLABs: 0.0ms
[0.357s][debug][gc,phases         ] GC(13)     Expand Heap After Collection: 0.0ms
[0.357s][info ][gc,phases         ] GC(13)   Other: 0.3ms
[0.357s][info ][gc,heap           ] GC(13) Eden regions: 10->0(9)
[0.357s][info ][gc,heap           ] GC(13) Survivor regions: 1->2(2)
[0.357s][info ][gc,heap           ] GC(13) Old regions: 60->69
[0.357s][info ][gc,heap           ] GC(13) Archive regions: 2->2
[0.357s][info ][gc,heap           ] GC(13) Humongous regions: 57->57
[0.357s][info ][gc,metaspace      ] GC(13) Metaspace: 131K(320K)->131K(320K) NonClass: 126K(192K)->126K(192K) Class: 5K(128K)->5K(128K)
[0.357s][debug][gc,heap           ] GC(13) Heap after GC invocations=14 (full 1):
[0.357s][debug][gc,heap           ] GC(13)  garbage-first heap   total 183296K, used 131059K [0x00000000f0000000, 0x0000000100000000)
[0.357s][debug][gc,heap           ] GC(13)   region size 1024K, 2 young (2048K), 2 survivors (2048K)
[0.357s][debug][gc,heap           ] GC(13)  Metaspace       used 131K, committed 320K, reserved 1114112K
[0.357s][debug][gc,heap           ] GC(13)   class space    used 5K, committed 128K, reserved 1048576K
[0.357s][info ][gc                ] GC(13) Pause Young (Concurrent Start) (G1 Humongous Allocation) 128M->127M(179M) 3.643ms
[0.357s][info ][gc,cpu            ] GC(13) User=0.00s Sys=0.01s Real=0.00s
[0.357s][info ][gc                ] GC(14) Concurrent Mark Cycle
[0.357s][info ][gc,marking        ] GC(14) Concurrent Clear Claimed Marks
[0.357s][info ][gc,marking        ] GC(14) Concurrent Clear Claimed Marks 0.006ms
[0.357s][info ][gc,marking        ] GC(14) Concurrent Scan Root Regions
[0.357s][debug][gc,ergo           ] GC(14) Running G1 Root Region Scan using 3 workers for 12 work units.
[0.358s][info ][gc,marking        ] GC(14) Concurrent Scan Root Regions 0.204ms
[0.358s][info ][gc,marking        ] GC(14) Concurrent Mark
[0.358s][info ][gc,marking        ] GC(14) Concurrent Mark From Roots
[0.358s][info ][gc,task           ] GC(14) Using 3 workers of 3 for marking
[0.359s][debug][gc,stats          ] ---------------------------------------------------------------------
[0.359s][debug][gc,stats          ] Marking Stats, task = 0, calls = 5
[0.359s][debug][gc,stats          ]   Elapsed time = 1.22ms, Termination time = 0.67ms
[0.359s][debug][gc,stats          ]   Step Times (cum): num = 175, avg = 0.02ms, sd = 0.09ms max = 0.67ms, total = 3.08ms
[0.359s][debug][gc,stats          ]   Mark Stats Cache: hits 6673 misses 0 ratio 100.000
[0.359s][debug][gc,stats          ] ---------------------------------------------------------------------
[0.359s][debug][gc,stats          ] Marking Stats, task = 1, calls = 6
[0.359s][debug][gc,stats          ]   Elapsed time = 1.22ms, Termination time = 0.82ms
[0.359s][debug][gc,stats          ]   Step Times (cum): num = 23, avg = 0.09ms, sd = 0.27ms max = 1.08ms, total = 2.02ms
[0.359s][debug][gc,stats          ]   Mark Stats Cache: hits 5047 misses 0 ratio 100.000
[0.359s][debug][gc,stats          ] ---------------------------------------------------------------------
[0.359s][debug][gc,stats          ] Marking Stats, task = 2, calls = 1
[0.359s][debug][gc,stats          ]   Elapsed time = 1.21ms, Termination time = 0.00ms
[0.359s][debug][gc,stats          ]   Step Times (cum): num = 12, avg = 0.07ms, sd = 0.13ms max = 0.43ms, total = 0.86ms
[0.359s][debug][gc,stats          ]   Mark Stats Cache: hits 12130 misses 0 ratio 100.000
[0.359s][debug][gc,stats          ] ---------------------------------------------------------------------
[0.359s][info ][gc,marking        ] GC(14) Concurrent Mark From Roots 1.410ms
[0.359s][info ][gc,marking        ] GC(14) Concurrent Preclean
[0.359s][debug][gc,ref,start      ] GC(14) Preclean SoftReferences
[0.359s][debug][gc,ref            ] GC(14) Preclean SoftReferences 0.050ms
[0.359s][debug][gc,ref,start      ] GC(14) Preclean WeakReferences
[0.359s][debug][gc,ref            ] GC(14) Preclean WeakReferences 0.053ms
[0.359s][debug][gc,ref,start      ] GC(14) Preclean FinalReferences
[0.359s][debug][gc,ref            ] GC(14) Preclean FinalReferences 0.045ms
[0.359s][debug][gc,ref,start      ] GC(14) Preclean PhantomReferences
[0.359s][debug][gc,ref            ] GC(14) Preclean PhantomReferences 0.044ms
[0.359s][info ][gc,marking        ] GC(14) Concurrent Preclean 0.212ms
[0.359s][info ][gc,start          ] GC(14) Pause Remark
[0.359s][debug][gc,phases,start   ] GC(14) Finalize Marking
[0.360s][debug][gc,stats          ] ---------------------------------------------------------------------
[0.360s][debug][gc,stats          ] Marking Stats, task = 0, calls = 58
[0.360s][debug][gc,stats          ]   Elapsed time = 0.41ms, Termination time = 0.86ms
[0.360s][debug][gc,stats          ]   Step Times (cum): num = 228, avg = 0.01ms, sd = 0.08ms max = 0.67ms, total = 3.26ms
[0.360s][debug][gc,stats          ]   Mark Stats Cache: hits 6673 misses 0 ratio 100.000
[0.360s][debug][gc,stats          ] ---------------------------------------------------------------------
[0.360s][debug][gc,stats          ] Marking Stats, task = 1, calls = 7
[0.360s][debug][gc,stats          ]   Elapsed time = 0.31ms, Termination time = 0.84ms
[0.360s][debug][gc,stats          ]   Step Times (cum): num = 24, avg = 0.08ms, sd = 0.26ms max = 1.08ms, total = 2.04ms
[0.360s][debug][gc,stats          ]   Mark Stats Cache: hits 5047 misses 0 ratio 100.000
[0.360s][debug][gc,stats          ] ---------------------------------------------------------------------
[0.360s][debug][gc,stats          ] Marking Stats, task = 2, calls = 2
[0.360s][debug][gc,stats          ]   Elapsed time = 0.48ms, Termination time = 0.04ms
[0.360s][debug][gc,stats          ]   Step Times (cum): num = 13, avg = 0.07ms, sd = 0.12ms max = 0.43ms, total = 0.90ms
[0.360s][debug][gc,stats          ]   Mark Stats Cache: hits 12130 misses 0 ratio 100.000
[0.360s][debug][gc,stats          ] ---------------------------------------------------------------------
[0.360s][debug][gc,stats          ] Marking Stats, task = 3, calls = 1
[0.360s][debug][gc,stats          ]   Elapsed time = 0.37ms, Termination time = 0.05ms
[0.360s][debug][gc,stats          ]   Step Times (cum): num = 4, avg = 0.03ms, sd = 0.01ms max = 0.05ms, total = 0.11ms
[0.360s][debug][gc,stats          ]   Mark Stats Cache: hits 5 misses 0 ratio 100.000
[0.360s][debug][gc,stats          ] ---------------------------------------------------------------------
[0.360s][debug][gc,stats          ] Marking Stats, task = 4, calls = 1
[0.360s][debug][gc,stats          ]   Elapsed time = 0.45ms, Termination time = 0.03ms
[0.360s][debug][gc,stats          ]   Step Times (cum): num = 4, avg = 0.03ms, sd = 0.01ms max = 0.04ms, total = 0.11ms
[0.360s][debug][gc,stats          ]   Mark Stats Cache: hits 2 misses 0 ratio 100.000
[0.360s][debug][gc,stats          ] ---------------------------------------------------------------------
[0.360s][debug][gc,stats          ] Marking Stats, task = 5, calls = 1
[0.360s][debug][gc,stats          ]   Elapsed time = 0.35ms, Termination time = 0.02ms
[0.360s][debug][gc,stats          ]   Step Times (cum): num = 4, avg = 0.02ms, sd = 0.00ms max = 0.02ms, total = 0.06ms
[0.360s][debug][gc,stats          ]   Mark Stats Cache: hits 45 misses 0 ratio 100.000
[0.360s][debug][gc,stats          ] ---------------------------------------------------------------------
[0.360s][debug][gc,stats          ] Marking Stats, task = 6, calls = 1
[0.360s][debug][gc,stats          ]   Elapsed time = 0.40ms, Termination time = 0.02ms
[0.360s][debug][gc,stats          ]   Step Times (cum): num = 4, avg = 0.02ms, sd = 0.00ms max = 0.02ms, total = 0.07ms
[0.360s][debug][gc,stats          ]   Mark Stats Cache: hits 858 misses 0 ratio 100.000
[0.360s][debug][gc,stats          ] ---------------------------------------------------------------------
[0.360s][debug][gc,stats          ] Marking Stats, task = 7, calls = 1
[0.360s][debug][gc,stats          ]   Elapsed time = 0.39ms, Termination time = 0.01ms
[0.360s][debug][gc,stats          ]   Step Times (cum): num = 4, avg = 0.02ms, sd = 0.01ms max = 0.04ms, total = 0.08ms
[0.360s][debug][gc,stats          ]   Mark Stats Cache: hits 0 misses 0 ratio 0.000
[0.360s][debug][gc,stats          ] ---------------------------------------------------------------------
[0.360s][debug][gc,stats          ] Marking Stats, task = 8, calls = 1
[0.360s][debug][gc,stats          ]   Elapsed time = 0.40ms, Termination time = 0.01ms
[0.360s][debug][gc,stats          ]   Step Times (cum): num = 4, avg = 0.03ms, sd = 0.02ms max = 0.05ms, total = 0.10ms
[0.360s][debug][gc,stats          ]   Mark Stats Cache: hits 0 misses 0 ratio 0.000
[0.360s][debug][gc,stats          ] ---------------------------------------------------------------------
[0.360s][debug][gc,stats          ] Marking Stats, task = 9, calls = 1
[0.360s][debug][gc,stats          ]   Elapsed time = 0.41ms, Termination time = 0.02ms
[0.360s][debug][gc,stats          ]   Step Times (cum): num = 4, avg = 0.03ms, sd = 0.02ms max = 0.06ms, total = 0.10ms
[0.360s][debug][gc,stats          ]   Mark Stats Cache: hits 0 misses 0 ratio 0.000
[0.360s][debug][gc,stats          ] ---------------------------------------------------------------------
[0.360s][debug][gc,stats          ] Marking Stats, task = 10, calls = 1
[0.360s][debug][gc,stats          ]   Elapsed time = 0.19ms, Termination time = 0.02ms
[0.360s][debug][gc,stats          ]   Step Times (cum): num = 4, avg = 0.02ms, sd = 0.00ms max = 0.02ms, total = 0.06ms
[0.360s][debug][gc,stats          ]   Mark Stats Cache: hits 0 misses 0 ratio 0.000
[0.360s][debug][gc,stats          ] ---------------------------------------------------------------------
[0.360s][debug][gc,stats          ] Marking Stats, task = 11, calls = 1
[0.360s][debug][gc,stats          ]   Elapsed time = 0.16ms, Termination time = 0.00ms
[0.360s][debug][gc,stats          ]   Step Times (cum): num = 4, avg = 0.00ms, sd = 0.00ms max = 0.00ms, total = 0.00ms
[0.360s][debug][gc,stats          ]   Mark Stats Cache: hits 0 misses 0 ratio 0.000
[0.360s][debug][gc,stats          ] ---------------------------------------------------------------------
[0.360s][debug][gc,phases         ] GC(14) Finalize Marking 0.784ms
[0.360s][debug][gc,phases,start   ] GC(14) Reference Processing
[0.360s][debug][gc,ref            ] GC(14) Skipped phase 1 of Reference Processing: no references
[0.360s][debug][gc,ref            ] GC(14) Skipped phase 2 of Reference Processing: no references
[0.360s][debug][gc,ref            ] GC(14) Skipped phase 3 of Reference Processing: no references
[0.360s][debug][gc,ref            ] GC(14) Skipped phase 4 of Reference Processing: no references
[0.360s][debug][gc,phases,ref     ] GC(14) Reference Processing: 0.0ms
[0.360s][debug][gc,phases,ref     ] GC(14)   Reconsider SoftReferences: 0.0ms
[0.360s][debug][gc,phases,ref     ] GC(14)     SoftRef (ms):                  skipped
[0.360s][debug][gc,phases,ref     ] GC(14)   Notify Soft/WeakReferences: 0.0ms
[0.360s][debug][gc,phases,ref     ] GC(14)     SoftRef (ms):                  skipped
[0.360s][debug][gc,phases,ref     ] GC(14)     WeakRef (ms):                  skipped
[0.360s][debug][gc,phases,ref     ] GC(14)     FinalRef (ms):                 skipped
[0.360s][debug][gc,phases,ref     ] GC(14)     Total (ms):                    skipped
[0.360s][debug][gc,phases,ref     ] GC(14)   Notify and keep alive finalizable: 0.0ms
[0.360s][debug][gc,phases,ref     ] GC(14)     FinalRef (ms):                 skipped
[0.360s][debug][gc,phases,ref     ] GC(14)   Notify PhantomReferences: 0.0ms
[0.360s][debug][gc,phases,ref     ] GC(14)     PhantomRef (ms):               skipped
[0.360s][debug][gc,phases,ref     ] GC(14)   SoftReference:
[0.360s][debug][gc,phases,ref     ] GC(14)     Discovered: 0
[0.360s][debug][gc,phases,ref     ] GC(14)     Cleared: 0
[0.360s][debug][gc,phases,ref     ] GC(14)   WeakReference:
[0.360s][debug][gc,phases,ref     ] GC(14)     Discovered: 0
[0.360s][debug][gc,phases,ref     ] GC(14)     Cleared: 0
[0.360s][debug][gc,phases,ref     ] GC(14)   FinalReference:
[0.360s][debug][gc,phases,ref     ] GC(14)     Discovered: 0
[0.360s][debug][gc,phases,ref     ] GC(14)     Cleared: 0
[0.360s][debug][gc,phases,ref     ] GC(14)   PhantomReference:
[0.360s][debug][gc,phases,ref     ] GC(14)     Discovered: 0
[0.360s][debug][gc,phases,ref     ] GC(14)     Cleared: 0
[0.360s][debug][gc,phases         ] GC(14) Reference Processing 0.122ms
[0.360s][debug][gc,phases,start   ] GC(14) Weak Processing
[0.360s][debug][gc,phases         ] GC(14)   VM Weak                        Min:  0.0, Avg:  0.0, Max:  0.0, Diff:  0.0, Sum:  0.0, Workers: 1
[0.360s][debug][gc,phases         ] GC(14)     Dead                           Min: 0, Avg:  0.0, Max: 0, Diff: 0, Sum: 0, Workers: 1
[0.360s][debug][gc,phases         ] GC(14)     Total                          Min: 4, Avg:  4.0, Max: 4, Diff: 0, Sum: 4, Workers: 1
[0.360s][debug][gc,phases         ] GC(14)   ObjectSynchronizer Weak        Min:  0.0, Avg:  0.0, Max:  0.0, Diff:  0.0, Sum:  0.0, Workers: 1
[0.360s][debug][gc,phases         ] GC(14)     Dead                           Min: 0, Avg:  0.0, Max: 0, Diff: 0, Sum: 0, Workers: 1
[0.360s][debug][gc,phases         ] GC(14)     Total                          Min: 4, Avg:  4.0, Max: 4, Diff: 0, Sum: 4, Workers: 1
[0.360s][debug][gc,phases         ] GC(14)   JVMTI Tag Weak OopStorage      Min:  0.0, Avg:  0.0, Max:  0.0, Diff:  0.0, Sum:  0.0, Workers: 1
[0.360s][debug][gc,phases         ] GC(14)     Dead                           Min: 0, Avg:  0.0, Max: 0, Diff: 0, Sum: 0, Workers: 1
[0.360s][debug][gc,phases         ] GC(14)     Total                          Min: 0, Avg:  0.0, Max: 0, Diff: 0, Sum: 0, Workers: 1
[0.360s][debug][gc,phases         ] GC(14)   StringTable Weak               Min:  0.0, Avg:  0.0, Max:  0.0, Diff:  0.0, Sum:  0.0, Workers: 1
[0.360s][debug][gc,phases         ] GC(14)     Dead                           Min: 0, Avg:  0.0, Max: 0, Diff: 0, Sum: 0, Workers: 1
[0.360s][debug][gc,phases         ] GC(14)     Total                          Min: 39, Avg: 39.0, Max: 39, Diff: 0, Sum: 39, Workers: 1
[0.360s][debug][gc,phases         ] GC(14)   ResolvedMethodTable Weak       Min:  0.0, Avg:  0.0, Max:  0.0, Diff:  0.0, Sum:  0.0, Workers: 1
[0.360s][debug][gc,phases         ] GC(14)     Dead                           Min: 0, Avg:  0.0, Max: 0, Diff: 0, Sum: 0, Workers: 1
[0.360s][debug][gc,phases         ] GC(14)     Total                          Min: 22, Avg: 22.0, Max: 22, Diff: 0, Sum: 22, Workers: 1
[0.360s][debug][gc,phases         ] GC(14)   JNI Weak                       Min:  0.0, Avg:  0.0, Max:  0.0, Diff:  0.0, Sum:  0.0, Workers: 1
[0.360s][debug][gc,phases         ] GC(14)     Dead                           Min: 0, Avg:  0.0, Max: 0, Diff: 0, Sum: 0, Workers: 1
[0.360s][debug][gc,phases         ] GC(14)     Total                          Min: 0, Avg:  0.0, Max: 0, Diff: 0, Sum: 0, Workers: 1
[0.360s][debug][gc,phases         ] GC(14)   StringDedup Table Weak         Min:  0.0, Avg:  0.0, Max:  0.0, Diff:  0.0, Sum:  0.0, Workers: 1
[0.360s][debug][gc,phases         ] GC(14)     Dead                           Min: 0, Avg:  0.0, Max: 0, Diff: 0, Sum: 0, Workers: 1
[0.360s][debug][gc,phases         ] GC(14)     Total                          Min: 0, Avg:  0.0, Max: 0, Diff: 0, Sum: 0, Workers: 1
[0.360s][debug][gc,phases         ] GC(14)   StringDedup Requests0 Weak     Min:  0.0, Avg:  0.0, Max:  0.0, Diff:  0.0, Sum:  0.0, Workers: 1
[0.360s][debug][gc,phases         ] GC(14)     Dead                           Min: 0, Avg:  0.0, Max: 0, Diff: 0, Sum: 0, Workers: 1
[0.360s][debug][gc,phases         ] GC(14)     Total                          Min: 0, Avg:  0.0, Max: 0, Diff: 0, Sum: 0, Workers: 1
[0.360s][debug][gc,phases         ] GC(14)   StringDedup Requests1 Weak     Min:  0.0, Avg:  0.0, Max:  0.0, Diff:  0.0, Sum:  0.0, Workers: 1
[0.360s][debug][gc,phases         ] GC(14)     Dead                           Min: 0, Avg:  0.0, Max: 0, Diff: 0, Sum: 0, Workers: 1
[0.360s][debug][gc,phases         ] GC(14)     Total                          Min: 0, Avg:  0.0, Max: 0, Diff: 0, Sum: 0, Workers: 1
[0.360s][debug][gc,phases         ] GC(14)   Weak JFR Old Object Samples    Min:  0.0, Avg:  0.0, Max:  0.0, Diff:  0.0, Sum:  0.0, Workers: 1
[0.361s][debug][gc,phases         ] GC(14)     Dead                           Min: 0, Avg:  0.0, Max: 0, Diff: 0, Sum: 0, Workers: 1
[0.361s][debug][gc,phases         ] GC(14)     Total                          Min: 0, Avg:  0.0, Max: 0, Diff: 0, Sum: 0, Workers: 1
[0.361s][debug][gc,phases         ] GC(14) Weak Processing 0.228ms
[0.361s][debug][gc,phases,start   ] GC(14) Class Unloading
[0.361s][debug][gc,phases,start   ] GC(14) ClassLoaderData
[0.361s][debug][gc,phases         ] GC(14) ClassLoaderData 0.004ms
[0.361s][debug][gc,phases,start   ] GC(14) Trigger cleanups
[0.361s][debug][gc,phases         ] GC(14) Trigger cleanups 0.003ms
[0.361s][debug][gc,phases         ] GC(14) Class Unloading 0.194ms
[0.361s][debug][gc,phases,start   ] GC(14) Flush Task Caches
[0.361s][debug][gc,stats          ] Mark stats cache hits 24760 misses 0 ratio 100.000
[0.361s][debug][gc,phases         ] GC(14) Flush Task Caches 0.033ms
[0.361s][debug][gc,phases,start   ] GC(14) Update Remembered Set Tracking Before Rebuild
[0.361s][debug][gc,ergo           ] GC(14) Running G1 Update RemSet Tracking Before Rebuild using 1 workers for 179 regions in heap
[0.361s][debug][gc,remset,tracking] GC(14) Remembered Set Tracking update regions total 179, selected 39
[0.361s][debug][gc,phases         ] GC(14) Update Remembered Set Tracking Before Rebuild 0.069ms
[0.361s][debug][gc,phases,start   ] GC(14) Reclaim Empty Regions
[0.361s][debug][gc,phases         ] GC(14) Reclaim Empty Regions 0.173ms
[0.361s][debug][gc,phases,start   ] GC(14) Purge Metaspace
[0.361s][debug][gc,phases         ] GC(14) Purge Metaspace 0.006ms
[0.361s][debug][gc,ergo,heap      ] GC(14) Attempt heap expansion (capacity lower than min desired capacity). Capacity: 187695104B occupancy: 139460608B live: 137145872B min_desired_capacity: 232434346B (40 %)
[0.361s][debug][gc,ergo,heap      ] GC(14) Expand the heap. requested expansion amount: 44739242B expansion amount: 45088768B
[0.361s][debug][gc,heap,region    ] GC(14) Activate regions [177, 220)
[0.361s][debug][gc,ihop           ] GC(14) Target occupancy update: old: 187695104B, new: 232783872B
[0.361s][debug][gc,phases,start   ] GC(14) Report Object Count
[0.361s][debug][gc,phases         ] GC(14) Report Object Count 0.003ms
[0.361s][debug][gc,mmu            ] GC(14) MMU: 7.7ms (50.0ms/51.0ms)
[0.361s][info ][gc                ] GC(14) Pause Remark 130M->130M(222M) 2.047ms
[0.361s][info ][gc,cpu            ] GC(14) User=0.00s Sys=0.00s Real=0.00s
[0.362s][info ][gc,marking        ] GC(14) Concurrent Mark 3.886ms
[0.362s][info ][gc,marking        ] GC(14) Concurrent Rebuild Remembered Sets
[0.362s][info ][gc,marking        ] GC(14) Concurrent Rebuild Remembered Sets 0.407ms
[0.362s][info ][gc,start          ] GC(14) Pause Cleanup
[0.362s][debug][gc,phases,start   ] GC(14) Update Remembered Set Tracking After Rebuild
[0.362s][debug][gc,phases         ] GC(14) Update Remembered Set Tracking After Rebuild 0.015ms
[0.362s][debug][gc,phases,start   ] GC(14) Finalize Concurrent Mark Cleanup
[0.362s][debug][gc,ergo,cset      ] GC(14) Pruned 34 regions out of 38, leaving 11132032 bytes waste (allowed 11639193)
[0.362s][debug][gc,mmu            ] GC(14) MMU: 8.0ms (50.0ms/51.0ms)
[0.362s][debug][gc,phases         ] GC(14) Finalize Concurrent Mark Cleanup 0.246ms
[0.362s][info ][gc                ] GC(14) Pause Cleanup 131M->131M(222M) 0.288ms
[0.362s][info ][gc,cpu            ] GC(14) User=0.00s Sys=0.00s Real=0.00s
[0.362s][info ][gc,marking        ] GC(14) Concurrent Cleanup for Next Mark
[0.362s][debug][gc,ergo           ] GC(14) Running G1 Clear Bitmap with 3 workers for 4 work units.
[0.363s][info ][gc,marking        ] GC(14) Concurrent Cleanup for Next Mark 0.514ms
[0.363s][info ][gc                ] GC(14) Concurrent Mark Cycle 5.497ms
[0.389s][debug][gc,heap           ] GC(15) Heap before GC invocations=15 (full 1):
[0.389s][debug][gc,heap           ] GC(15)  garbage-first heap   total 227328K, used 141299K [0x00000000f0000000, 0x0000000100000000)
[0.389s][debug][gc,heap           ] GC(15)   region size 1024K, 11 young (11264K), 2 survivors (2048K)
[0.389s][debug][gc,heap           ] GC(15)  Metaspace       used 135K, committed 320K, reserved 1114112K
[0.389s][debug][gc,heap           ] GC(15)   class space    used 5K, committed 128K, reserved 1048576K
[0.389s][info ][gc,start          ] GC(15) Pause Young (Prepare Mixed) (G1 Evacuation Pause)
[0.389s][info ][gc,task           ] GC(15) Using 12 workers of 13 for evacuation
[0.389s][debug][gc,tlab           ] GC(15) TLAB totals: thrds: 5  refills: 5 max: 1 slow allocs: 129 max 26 waste: 36.4% gc: 187968B max: 37848B slow: 0B max: 0B
[0.389s][debug][gc,age            ] GC(15) Desired survivor size 1048576 bytes, new threshold 2 (max threshold 15)
[0.389s][debug][gc,refine,stats   ] GC(15) Mutator refinement: 0.00ms, refined: 0, precleaned: 0, dirtied: 4
[0.389s][debug][gc,refine,stats   ] GC(15) Concurrent refinement: 0.00ms, refined: 0, precleaned: 0, dirtied: 0
[0.390s][debug][gc,refine,stats   ] GC(15) Total refinement: 0.00ms, refined: 0, precleaned: 0, dirtied: 4
[0.390s][debug][gc,refine,stats   ] GC(15) Generate dirty cards rate: 0.13 cards/ms
[0.390s][debug][gc,alloc,region   ] GC(15) Mutator Allocation stats, regions: 9, wasted size: 454K ( 4.9%)
[0.390s][debug][gc,humongous      ] GC(15) Humongous region 0 (object size 1048592 @ 0x00000000f0000000) remset 1 code roots 0 marked 0 reclaim candidate 1 type array 1
[0.390s][debug][gc,humongous      ] GC(15) Humongous region 64 (object size 1048592 @ 0x00000000f4000000) remset 0 code roots 0 marked 0 reclaim candidate 1 type array 1
[0.390s][debug][gc,humongous      ] GC(15) Humongous region 85 (object size 10485776 @ 0x00000000f5500000) remset 0 code roots 0 marked 0 reclaim candidate 1 type array 1
[0.390s][debug][gc,humongous      ] GC(15) Humongous region 2 (object size 1048592 @ 0x00000000f0200000) remset 1 code roots 0 marked 0 reclaim candidate 1 type array 1
[0.390s][debug][gc,humongous      ] GC(15) Humongous region 22 (object size 1048592 @ 0x00000000f1600000) remset 1 code roots 0 marked 0 reclaim candidate 1 type array 1
[0.390s][debug][gc,humongous      ] GC(15) Humongous region 126 (object size 1048592 @ 0x00000000f7e00000) remset 0 code roots 0 marked 0 reclaim candidate 1 type array 1
[0.390s][debug][gc,humongous      ] GC(15) Humongous region 24 (object size 1048592 @ 0x00000000f1800000) remset 1 code roots 0 marked 0 reclaim candidate 1 type array 1
[0.390s][debug][gc,humongous      ] GC(15) Humongous region 6 (object size 1048592 @ 0x00000000f0600000) remset 1 code roots 0 marked 0 reclaim candidate 1 type array 1
[0.390s][debug][gc,humongous      ] GC(15) Humongous region 28 (object size 1048592 @ 0x00000000f1c00000) remset 1 code roots 0 marked 0 reclaim candidate 1 type array 1
[0.390s][debug][gc,humongous      ] GC(15) Humongous region 10 (object size 1048592 @ 0x00000000f0a00000) remset 1 code roots 0 marked 0 reclaim candidate 1 type array 1
[0.390s][debug][gc,humongous      ] GC(15) Humongous region 12 (object size 1048592 @ 0x00000000f0c00000) remset 1 code roots 0 marked 0 reclaim candidate 1 type array 1
[0.390s][debug][gc,humongous      ] GC(15) Humongous region 14 (object size 1048592 @ 0x00000000f0e00000) remset 1 code roots 0 marked 0 reclaim candidate 1 type array 1
[0.390s][debug][gc,humongous      ] GC(15) Humongous region 36 (object size 1048592 @ 0x00000000f2400000) remset 1 code roots 0 marked 0 reclaim candidate 1 type array 1
[0.390s][debug][gc,humongous      ] GC(15) Humongous region 38 (object size 1048592 @ 0x00000000f2600000) remset 1 code roots 0 marked 0 reclaim candidate 1 type array 1
[0.390s][debug][gc,humongous      ] GC(15) Humongous region 40 (object size 1048592 @ 0x00000000f2800000) remset 0 code roots 0 marked 0 reclaim candidate 1 type array 1
[0.390s][debug][gc,humongous      ] GC(15) Humongous region 18 (object size 1048592 @ 0x00000000f1200000) remset 1 code roots 0 marked 0 reclaim candidate 1 type array 1
[0.390s][debug][gc,humongous      ] GC(15) Humongous region 26 (object size 1048592 @ 0x00000000f1a00000) remset 1 code roots 0 marked 0 reclaim candidate 1 type array 1
[0.390s][debug][gc,humongous      ] GC(15) Humongous region 4 (object size 1048592 @ 0x00000000f0400000) remset 1 code roots 0 marked 0 reclaim candidate 1 type array 1
[0.390s][debug][gc,humongous      ] GC(15) Humongous region 30 (object size 1048592 @ 0x00000000f1e00000) remset 1 code roots 0 marked 0 reclaim candidate 1 type array 1
[0.390s][debug][gc,humongous      ] GC(15) Humongous region 32 (object size 1048592 @ 0x00000000f2000000) remset 1 code roots 0 marked 0 reclaim candidate 1 type array 1
[0.390s][debug][gc,humongous      ] GC(15) Humongous region 34 (object size 1048592 @ 0x00000000f2200000) remset 1 code roots 0 marked 0 reclaim candidate 1 type array 1
[0.390s][debug][gc,humongous      ] GC(15) Humongous region 16 (object size 1048592 @ 0x00000000f1000000) remset 1 code roots 0 marked 0 reclaim candidate 1 type array 1
[0.390s][debug][gc,humongous      ] GC(15) Humongous region 83 (object size 1048592 @ 0x00000000f5300000) remset 0 code roots 0 marked 0 reclaim candidate 1 type array 1
[0.390s][debug][gc,humongous      ] GC(15) Humongous region 20 (object size 1048592 @ 0x00000000f1400000) remset 1 code roots 0 marked 0 reclaim candidate 1 type array 1
[0.390s][debug][gc,humongous      ] GC(15) Humongous region 8 (object size 1048592 @ 0x00000000f0800000) remset 1 code roots 0 marked 0 reclaim candidate 1 type array 1
[0.390s][debug][gc,ergo           ] GC(15) Running G1 Merge Heap Roots using 12 workers for 11 regions
[0.390s][debug][gc,remset         ] GC(15) Visited cards 128 Total dirty 4096 (3.12%) Total old 311296 (0.04%)
[0.392s][debug][gc,ref            ] GC(15) Skipped phase 1 of Reference Processing: no references
[0.392s][debug][gc,ref            ] GC(15) Skipped phase 2 of Reference Processing: no references
[0.392s][debug][gc,ref            ] GC(15) Skipped phase 3 of Reference Processing: no references
[0.392s][debug][gc,ref            ] GC(15) Skipped phase 4 of Reference Processing: no references
[0.392s][debug][gc,humongous      ] GC(15) Reclaimed humongous region 64 (object size 1048592 @ 0x00000000f4000000)
[0.392s][debug][gc,ergo           ] GC(15) Running G1 Rebuild Free List Task using 12 workers for rebuilding free list of regions
[0.393s][debug][gc,plab           ] GC(15) Young PLAB allocation: allocated: 0B, wasted: 0B, unused: 0B, used: 0B, undo waste: 0B, 
[0.393s][debug][gc,plab           ] GC(15) Young other allocation: region end waste: 125640B, regions filled: 2, direct allocated: 1971512B, failure used: 0B, failure wasted: 0B
[0.393s][debug][gc,plab           ] GC(15) Young sizing: calculated: 0B, actual: 2064B
[0.393s][debug][gc,plab           ] GC(15) Old PLAB allocation: allocated: 0B, wasted: 0B, unused: 0B, used: 0B, undo waste: 0B, 
[0.393s][debug][gc,plab           ] GC(15) Old other allocation: region end waste: 521984B, regions filled: 9, direct allocated: 8325104B, failure used: 0B, failure wasted: 0B
[0.393s][debug][gc,plab           ] GC(15) Old sizing: calculated: 0B, actual: 2064B
[0.393s][debug][gc,ergo,heap      ] GC(15) Heap expansion: short term pause time ratio 29.00% long term pause time ratio 12.75% threshold 7.69% pause time ratio 7.69% fully expanded false resize by 0B
[0.393s][debug][gc,mmu            ] GC(15) MMU: 8.4ms (50.0ms/51.0ms)
[0.393s][debug][gc,alloc,stats    ] Old generation allocation in the last mutator period, old gen allocated: 0B, humongous allocated: 2097152B,old gen growth: 0B.
[0.393s][debug][gc,ihop           ] GC(15) Basic information (value update), threshold: 104752742B (45.00), target occupancy: 232783872B, current occupancy: 143052592B, recent allocation size: 2097152B, recent allocation duration: 30.40ms, recent old gen allocation rate: 68992464.25B/s, recent marking phase length: 77.14ms
[0.393s][debug][gc,ihop           ] GC(15) Adaptive IHOP information (value update), threshold: 104752742B (47.37), internal target occupancy: 221144678B, occupancy: 143052592B, additional buffer size: 0B, predicted old gen allocation rate: 38341572.85B/s, predicted marking phase length: 82.85ms, prediction active: false
[0.393s][debug][gc,ergo,refine    ] GC(15) Concurrent refinement times: Logged Cards Scan time goal: 5.00ms Logged Cards Scan time: 0.00ms HCC time: 0.00ms
[0.393s][debug][gc,ergo,refine    ] GC(15) Updated Refinement Zones: green: 3328, yellow: 9984, red: 16640
[0.393s][info ][gc,phases         ] GC(15)   Pre Evacuate Collection Set: 0.7ms
[0.393s][debug][gc,phases         ] GC(15)     Prepare TLABs: 0.0ms
[0.393s][debug][gc,phases         ] GC(15)     Concatenate Dirty Card Logs: 0.0ms
[0.393s][debug][gc,phases         ] GC(15)     Choose Collection Set: 0.0ms
[0.393s][debug][gc,phases         ] GC(15)     Region Register: 0.7ms
[0.393s][debug][gc,phases         ] GC(15)     Prepare Heap Roots: 0.0ms
[0.393s][info ][gc,phases         ] GC(15)   Merge Heap Roots: 0.2ms
[0.393s][debug][gc,phases         ] GC(15)     Prepare Merge Heap Roots: 0.0ms
[0.393s][debug][gc,phases         ] GC(15)     Eager Reclaim (ms):            Min:  0.0, Avg:  0.0, Max:  0.0, Diff:  0.0, Sum:  0.0, Workers: 1
[0.393s][debug][gc,phases         ] GC(15)     Remembered Sets (ms):          Min:  0.0, Avg:  0.0, Max:  0.0, Diff:  0.0, Sum:  0.0, Workers: 12
[0.393s][debug][gc,phases         ] GC(15)       Merged Sparse:                 Min: 0, Avg:  1.8, Max: 20, Diff: 20, Sum: 21, Workers: 12
[0.393s][debug][gc,phases         ] GC(15)       Merged Fine:                   Min: 0, Avg:  0.0, Max: 0, Diff: 0, Sum: 0, Workers: 12
[0.393s][debug][gc,phases         ] GC(15)       Merged Coarse:                 Min: 0, Avg:  0.0, Max: 0, Diff: 0, Sum: 0, Workers: 12
[0.393s][debug][gc,phases         ] GC(15)       Dirty Cards:                   Min: 0, Avg:  0.0, Max: 0, Diff: 0, Sum: 0, Workers: 12
[0.393s][debug][gc,phases         ] GC(15)     Hot Card Cache (ms):           Min:  0.0, Avg:  0.0, Max:  0.0, Diff:  0.0, Sum:  0.0, Workers: 12
[0.393s][debug][gc,phases         ] GC(15)       Dirty Cards:                   Min: 0, Avg:  0.0, Max: 0, Diff: 0, Sum: 0, Workers: 12
[0.393s][debug][gc,phases         ] GC(15)       Skipped Cards:                 Min: 0, Avg:  0.0, Max: 0, Diff: 0, Sum: 0, Workers: 12
[0.393s][debug][gc,phases         ] GC(15)     Log Buffers (ms):              Min:  0.0, Avg:  0.0, Max:  0.0, Diff:  0.0, Sum:  0.0, Workers: 12
[0.393s][debug][gc,phases         ] GC(15)       Dirty Cards:                   Min: 0, Avg:  0.8, Max: 9, Diff: 9, Sum: 9, Workers: 12
[0.393s][debug][gc,phases         ] GC(15)       Skipped Cards:                 Min: 0, Avg:  0.0, Max: 0, Diff: 0, Sum: 0, Workers: 12
[0.393s][info ][gc,phases         ] GC(15)   Evacuate Collection Set: 1.4ms
[0.393s][debug][gc,phases         ] GC(15)     Ext Root Scanning (ms):        Min:  0.0, Avg:  0.0, Max:  0.1, Diff:  0.1, Sum:  0.4, Workers: 12
[0.393s][debug][gc,phases         ] GC(15)     Scan Heap Roots (ms):          Min:  0.0, Avg:  0.0, Max:  0.0, Diff:  0.0, Sum:  0.0, Workers: 12
[0.393s][debug][gc,phases         ] GC(15)       Scanned Cards:                 Min: 0, Avg:  0.8, Max: 6, Diff: 6, Sum: 9, Workers: 12
[0.393s][debug][gc,phases         ] GC(15)       Scanned Blocks:                Min: 0, Avg:  0.7, Max: 6, Diff: 6, Sum: 8, Workers: 12
[0.393s][debug][gc,phases         ] GC(15)       Claimed Chunks:                Min: 0, Avg:  0.3, Max: 3, Diff: 3, Sum: 4, Workers: 12
[0.393s][debug][gc,phases         ] GC(15)     Code Root Scan (ms):           Min:  0.0, Avg:  0.0, Max:  0.0, Diff:  0.0, Sum:  0.0, Workers: 12
[0.393s][debug][gc,phases         ] GC(15)     Object Copy (ms):              Min:  0.6, Avg:  0.7, Max:  0.8, Diff:  0.1, Sum:  8.8, Workers: 12
[0.393s][debug][gc,phases         ] GC(15)     Termination (ms):              Min:  0.1, Avg:  0.3, Max:  0.4, Diff:  0.3, Sum:  3.8, Workers: 12
[0.393s][debug][gc,phases         ] GC(15)       Termination Attempts:          Min: 1, Avg:  1.3, Max: 2, Diff: 1, Sum: 16, Workers: 12
[0.393s][debug][gc,phases         ] GC(15)     GC Worker Other (ms):          Min:  0.0, Avg:  0.0, Max:  0.0, Diff:  0.0, Sum:  0.1, Workers: 12
[0.393s][debug][gc,phases         ] GC(15)     GC Worker Total (ms):          Min:  0.9, Avg:  1.1, Max:  1.3, Diff:  0.4, Sum: 13.0, Workers: 12
[0.393s][info ][gc,phases         ] GC(15)   Post Evacuate Collection Set: 0.7ms
[0.393s][debug][gc,phases         ] GC(15)     Code Roots Fixup: 0.0ms
[0.393s][debug][gc,phases         ] GC(15)     Reference Processing: 0.0ms
[0.393s][debug][gc,phases,ref     ] GC(15)       Reconsider SoftReferences: 0.0ms
[0.393s][debug][gc,phases,ref     ] GC(15)         SoftRef (ms):                  skipped
[0.393s][debug][gc,phases,ref     ] GC(15)       Notify Soft/WeakReferences: 0.0ms
[0.393s][debug][gc,phases,ref     ] GC(15)         SoftRef (ms):                  skipped
[0.393s][debug][gc,phases,ref     ] GC(15)         WeakRef (ms):                  skipped
[0.393s][debug][gc,phases,ref     ] GC(15)         FinalRef (ms):                 skipped
[0.393s][debug][gc,phases,ref     ] GC(15)         Total (ms):                    skipped
[0.393s][debug][gc,phases,ref     ] GC(15)       Notify and keep alive finalizable: 0.0ms
[0.393s][debug][gc,phases,ref     ] GC(15)         FinalRef (ms):                 skipped
[0.393s][debug][gc,phases,ref     ] GC(15)       Notify PhantomReferences: 0.0ms
[0.393s][debug][gc,phases,ref     ] GC(15)         PhantomRef (ms):               skipped
[0.393s][debug][gc,phases,ref     ] GC(15)       SoftReference:
[0.393s][debug][gc,phases,ref     ] GC(15)         Discovered: 0
[0.393s][debug][gc,phases,ref     ] GC(15)         Cleared: 0
[0.393s][debug][gc,phases,ref     ] GC(15)       WeakReference:
[0.393s][debug][gc,phases,ref     ] GC(15)         Discovered: 0
[0.393s][debug][gc,phases,ref     ] GC(15)         Cleared: 0
[0.393s][debug][gc,phases,ref     ] GC(15)       FinalReference:
[0.393s][debug][gc,phases,ref     ] GC(15)         Discovered: 0
[0.393s][debug][gc,phases,ref     ] GC(15)         Cleared: 0
[0.393s][debug][gc,phases,ref     ] GC(15)       PhantomReference:
[0.393s][debug][gc,phases,ref     ] GC(15)         Discovered: 0
[0.393s][debug][gc,phases,ref     ] GC(15)         Cleared: 0
[0.393s][debug][gc,phases         ] GC(15)     Weak Processing: 0.1ms
[0.393s][debug][gc,phases         ] GC(15)       VM Weak                        Min:  0.0, Avg:  0.0, Max:  0.0, Diff:  0.0, Sum:  0.0, Workers: 1
[0.393s][debug][gc,phases         ] GC(15)         Dead                           Min: 0, Avg:  0.0, Max: 0, Diff: 0, Sum: 0, Workers: 1
[0.393s][debug][gc,phases         ] GC(15)         Total                          Min: 4, Avg:  4.0, Max: 4, Diff: 0, Sum: 4, Workers: 1
[0.393s][debug][gc,phases         ] GC(15)       ObjectSynchronizer Weak        Min:  0.0, Avg:  0.0, Max:  0.0, Diff:  0.0, Sum:  0.0, Workers: 1
[0.393s][debug][gc,phases         ] GC(15)         Dead                           Min: 0, Avg:  0.0, Max: 0, Diff: 0, Sum: 0, Workers: 1
[0.393s][debug][gc,phases         ] GC(15)         Total                          Min: 4, Avg:  4.0, Max: 4, Diff: 0, Sum: 4, Workers: 1
[0.393s][debug][gc,phases         ] GC(15)       JVMTI Tag Weak OopStorage      Min:  0.0, Avg:  0.0, Max:  0.0, Diff:  0.0, Sum:  0.0, Workers: 1
[0.393s][debug][gc,phases         ] GC(15)         Dead                           Min: 0, Avg:  0.0, Max: 0, Diff: 0, Sum: 0, Workers: 1
[0.393s][debug][gc,phases         ] GC(15)         Total                          Min: 0, Avg:  0.0, Max: 0, Diff: 0, Sum: 0, Workers: 1
[0.393s][debug][gc,phases         ] GC(15)       StringTable Weak               Min:  0.0, Avg:  0.0, Max:  0.0, Diff:  0.0, Sum:  0.0, Workers: 1
[0.393s][debug][gc,phases         ] GC(15)         Dead                           Min: 0, Avg:  0.0, Max: 0, Diff: 0, Sum: 0, Workers: 1
[0.393s][debug][gc,phases         ] GC(15)         Total                          Min: 39, Avg: 39.0, Max: 39, Diff: 0, Sum: 39, Workers: 1
[0.393s][debug][gc,phases         ] GC(15)       ResolvedMethodTable Weak       Min:  0.0, Avg:  0.0, Max:  0.0, Diff:  0.0, Sum:  0.0, Workers: 1
[0.393s][debug][gc,phases         ] GC(15)         Dead                           Min: 0, Avg:  0.0, Max: 0, Diff: 0, Sum: 0, Workers: 1
[0.393s][debug][gc,phases         ] GC(15)         Total                          Min: 22, Avg: 22.0, Max: 22, Diff: 0, Sum: 22, Workers: 1
[0.393s][debug][gc,phases         ] GC(15)       JNI Weak                       Min:  0.0, Avg:  0.0, Max:  0.0, Diff:  0.0, Sum:  0.0, Workers: 1
[0.393s][debug][gc,phases         ] GC(15)         Dead                           Min: 0, Avg:  0.0, Max: 0, Diff: 0, Sum: 0, Workers: 1
[0.393s][debug][gc,phases         ] GC(15)         Total                          Min: 0, Avg:  0.0, Max: 0, Diff: 0, Sum: 0, Workers: 1
[0.393s][debug][gc,phases         ] GC(15)       StringDedup Table Weak         Min:  0.0, Avg:  0.0, Max:  0.0, Diff:  0.0, Sum:  0.0, Workers: 1
[0.393s][debug][gc,phases         ] GC(15)         Dead                           Min: 0, Avg:  0.0, Max: 0, Diff: 0, Sum: 0, Workers: 1
[0.393s][debug][gc,phases         ] GC(15)         Total                          Min: 0, Avg:  0.0, Max: 0, Diff: 0, Sum: 0, Workers: 1
[0.393s][debug][gc,phases         ] GC(15)       StringDedup Requests0 Weak     Min:  0.0, Avg:  0.0, Max:  0.0, Diff:  0.0, Sum:  0.0, Workers: 1
[0.393s][debug][gc,phases         ] GC(15)         Dead                           Min: 0, Avg:  0.0, Max: 0, Diff: 0, Sum: 0, Workers: 1
[0.393s][debug][gc,phases         ] GC(15)         Total                          Min: 0, Avg:  0.0, Max: 0, Diff: 0, Sum: 0, Workers: 1
[0.393s][debug][gc,phases         ] GC(15)       StringDedup Requests1 Weak     Min:  0.0, Avg:  0.0, Max:  0.0, Diff:  0.0, Sum:  0.0, Workers: 1
[0.393s][debug][gc,phases         ] GC(15)         Dead                           Min: 0, Avg:  0.0, Max: 0, Diff: 0, Sum: 0, Workers: 1
[0.393s][debug][gc,phases         ] GC(15)         Total                          Min: 0, Avg:  0.0, Max: 0, Diff: 0, Sum: 0, Workers: 1
[0.393s][debug][gc,phases         ] GC(15)       Weak JFR Old Object Samples    Min:  0.0, Avg:  0.0, Max:  0.0, Diff:  0.0, Sum:  0.0, Workers: 1
[0.393s][debug][gc,phases         ] GC(15)         Dead                           Min: 0, Avg:  0.0, Max: 0, Diff: 0, Sum: 0, Workers: 1
[0.393s][debug][gc,phases         ] GC(15)         Total                          Min: 0, Avg:  0.0, Max: 0, Diff: 0, Sum: 0, Workers: 1
[0.393s][debug][gc,phases         ] GC(15)     Post Evacuate Cleanup 1: 0.2ms
[0.393s][debug][gc,phases         ] GC(15)       Merge Per-Thread State (ms):   Min:  0.0, Avg:  0.0, Max:  0.0, Diff:  0.0, Sum:  0.0, Workers: 1
[0.393s][debug][gc,phases         ] GC(15)         Copied Bytes                   Min: 721072, Avg: 858051.3, Max: 1048832, Diff: 327760, Sum: 10296616, Workers: 12
[0.393s][debug][gc,phases         ] GC(15)         LAB Waste                      Min: 0, Avg:  0.0, Max: 0, Diff: 0, Sum: 0, Workers: 12
[0.393s][debug][gc,phases         ] GC(15)         LAB Undo Waste                 Min: 0, Avg:  0.0, Max: 0, Diff: 0, Sum: 0, Workers: 12
[0.393s][debug][gc,phases         ] GC(15)       Clear Logged Cards (ms):       Min:  0.0, Avg:  0.0, Max:  0.0, Diff:  0.0, Sum:  0.0, Workers: 3
[0.393s][debug][gc,phases         ] GC(15)       Recalculate Used Memory (ms):  Min:  0.0, Avg:  0.0, Max:  0.0, Diff:  0.0, Sum:  0.0, Workers: 1
[0.393s][debug][gc,phases         ] GC(15)     Post Evacuate Cleanup 2: 0.2ms
[0.393s][debug][gc,phases         ] GC(15)       Reset Hot Card Cache (ms):     Min:  0.0, Avg:  0.0, Max:  0.0, Diff:  0.0, Sum:  0.0, Workers: 1
[0.393s][debug][gc,phases         ] GC(15)       Purge Code Roots (ms):         Min:  0.0, Avg:  0.0, Max:  0.0, Diff:  0.0, Sum:  0.0, Workers: 1
[0.393s][debug][gc,phases         ] GC(15)       Update Derived Pointers (ms):  Min:  0.0, Avg:  0.0, Max:  0.0, Diff:  0.0, Sum:  0.0, Workers: 1
[0.393s][debug][gc,phases         ] GC(15)       Eagerly Reclaim Humongous Objects (ms): Min:  0.0, Avg:  0.0, Max:  0.0, Diff:  0.0, Sum:  0.0, Workers: 1
[0.393s][debug][gc,phases         ] GC(15)         Humongous Total                Min: 25, Avg: 25.0, Max: 25, Diff: 0, Sum: 25, Workers: 1
[0.393s][debug][gc,phases         ] GC(15)         Humongous Candidates           Min: 25, Avg: 25.0, Max: 25, Diff: 0, Sum: 25, Workers: 1
[0.393s][debug][gc,phases         ] GC(15)         Humongous Reclaimed            Min: 1, Avg:  1.0, Max: 1, Diff: 0, Sum: 1, Workers: 1
[0.393s][debug][gc,phases         ] GC(15)       Redirty Logged Cards (ms):     Min:  0.0, Avg:  0.0, Max:  0.0, Diff:  0.0, Sum:  0.0, Workers: 12
[0.393s][debug][gc,phases         ] GC(15)         Redirtied Cards:               Min: 0, Avg:  0.2, Max: 2, Diff: 2, Sum: 2, Workers: 12
[0.393s][debug][gc,phases         ] GC(15)       Free Collection Set (ms):      Min:  0.0, Avg:  0.0, Max:  0.0, Diff:  0.0, Sum:  0.0, Workers: 12
[0.393s][debug][gc,phases         ] GC(15)     Rebuild Free List: 0.2ms
[0.393s][debug][gc,phases         ] GC(15)     Start New Collection Set: 0.0ms
[0.393s][debug][gc,phases         ] GC(15)     Resize TLABs: 0.0ms
[0.393s][debug][gc,phases         ] GC(15)     Expand Heap After Collection: 0.0ms
[0.393s][info ][gc,phases         ] GC(15)   Other: 0.3ms
[0.393s][info ][gc,heap           ] GC(15) Eden regions: 9->0(9)
[0.393s][info ][gc,heap           ] GC(15) Survivor regions: 2->2(2)
[0.393s][info ][gc,heap           ] GC(15) Old regions: 69->77
[0.393s][info ][gc,heap           ] GC(15) Archive regions: 2->2
[0.393s][info ][gc,heap           ] GC(15) Humongous regions: 59->57
[0.393s][info ][gc,metaspace      ] GC(15) Metaspace: 135K(320K)->135K(320K) NonClass: 129K(192K)->129K(192K) Class: 5K(128K)->5K(128K)
[0.393s][debug][gc,heap           ] GC(15) Heap after GC invocations=16 (full 1):
[0.393s][debug][gc,heap           ] GC(15)  garbage-first heap   total 227328K, used 139699K [0x00000000f0000000, 0x0000000100000000)
[0.393s][debug][gc,heap           ] GC(15)   region size 1024K, 2 young (2048K), 2 survivors (2048K)
[0.393s][debug][gc,heap           ] GC(15)  Metaspace       used 135K, committed 320K, reserved 1114112K
[0.393s][debug][gc,heap           ] GC(15)   class space    used 5K, committed 128K, reserved 1048576K
[0.393s][info ][gc                ] GC(15) Pause Young (Prepare Mixed) (G1 Evacuation Pause) 138M->136M(222M) 3.834ms
[0.393s][info ][gc,cpu            ] GC(15) User=0.01s Sys=0.01s Real=0.01s
[0.409s][debug][gc,ergo,ihop      ] Do not request concurrent cycle initiation (still doing mixed collections) occupancy: 142606336B allocation request: 1048592B threshold: 104752742B (45.00) source: concurrent humongous allocation
[0.422s][debug][gc,heap           ] GC(16) Heap before GC invocations=16 (full 1):
[0.422s][debug][gc,heap           ] GC(16)  garbage-first heap   total 227328K, used 149939K [0x00000000f0000000, 0x0000000100000000)
[0.422s][debug][gc,heap           ] GC(16)   region size 1024K, 11 young (11264K), 2 survivors (2048K)
[0.422s][debug][gc,heap           ] GC(16)  Metaspace       used 135K, committed 320K, reserved 1114112K
[0.422s][debug][gc,heap           ] GC(16)   class space    used 5K, committed 128K, reserved 1048576K
[0.422s][info ][gc,start          ] GC(16) Pause Young (Mixed) (G1 Evacuation Pause)
[0.422s][info ][gc,task           ] GC(16) Using 12 workers of 13 for evacuation
[0.422s][debug][gc,tlab           ] GC(16) TLAB totals: thrds: 5  refills: 5 max: 1 slow allocs: 128 max 26 waste: 35.9% gc: 183240B max: 36992B slow: 0B max: 0B
[0.422s][debug][gc,age            ] GC(16) Desired survivor size 1048576 bytes, new threshold 1 (max threshold 15)
[0.422s][debug][gc,refine,stats   ] GC(16) Mutator refinement: 0.00ms, refined: 0, precleaned: 0, dirtied: 0
[0.422s][debug][gc,refine,stats   ] GC(16) Concurrent refinement: 0.00ms, refined: 0, precleaned: 0, dirtied: 0
[0.422s][debug][gc,refine,stats   ] GC(16) Total refinement: 0.00ms, refined: 0, precleaned: 0, dirtied: 0
[0.422s][debug][gc,refine,stats   ] GC(16) Generate dirty cards rate: 0.00 cards/ms
[0.422s][debug][gc,alloc,region   ] GC(16) Mutator Allocation stats, regions: 9, wasted size: 459K ( 5.0%)
[0.422s][debug][gc,ergo,cset      ] GC(16) Start adding old regions to collection set. Min 1 regions, max 23 regions, time remaining 39.29ms, optional threshold 7.86ms
[0.422s][debug][gc,ergo,cset      ] GC(16) Old candidate collection set empty.
[0.422s][debug][gc,ergo,cset      ] GC(16) Finish choosing collection set old regions. Initial: 4, optional: 0, predicted old time: 0.00ms, predicted optional time: 0.00ms, time remaining: 36.89
[0.422s][debug][gc,humongous      ] GC(16) Humongous region 0 (object size 1048592 @ 0x00000000f0000000) remset 0 code roots 0 marked 0 reclaim candidate 1 type array 1
[0.422s][debug][gc,humongous      ] GC(16) Humongous region 2 (object size 1048592 @ 0x00000000f0200000) remset 0 code roots 0 marked 0 reclaim candidate 1 type array 1
[0.422s][debug][gc,humongous      ] GC(16) Humongous region 22 (object size 1048592 @ 0x00000000f1600000) remset 0 code roots 0 marked 0 reclaim candidate 1 type array 1
[0.422s][debug][gc,humongous      ] GC(16) Humongous region 83 (object size 1048592 @ 0x00000000f5300000) remset 0 code roots 0 marked 0 reclaim candidate 1 type array 1
[0.422s][debug][gc,humongous      ] GC(16) Humongous region 4 (object size 1048592 @ 0x00000000f0400000) remset 0 code roots 0 marked 0 reclaim candidate 1 type array 1
[0.422s][debug][gc,humongous      ] GC(16) Humongous region 126 (object size 1048592 @ 0x00000000f7e00000) remset 0 code roots 0 marked 0 reclaim candidate 1 type array 1
[0.422s][debug][gc,humongous      ] GC(16) Humongous region 64 (object size 1048592 @ 0x00000000f4000000) remset 0 code roots 0 marked 0 reclaim candidate 1 type array 1
[0.422s][debug][gc,humongous      ] GC(16) Humongous region 12 (object size 1048592 @ 0x00000000f0c00000) remset 0 code roots 0 marked 0 reclaim candidate 1 type array 1
[0.422s][debug][gc,humongous      ] GC(16) Humongous region 14 (object size 1048592 @ 0x00000000f0e00000) remset 0 code roots 0 marked 0 reclaim candidate 1 type array 1
[0.422s][debug][gc,humongous      ] GC(16) Humongous region 6 (object size 1048592 @ 0x00000000f0600000) remset 0 code roots 0 marked 0 reclaim candidate 1 type array 1
[0.422s][debug][gc,humongous      ] GC(16) Humongous region 26 (object size 1048592 @ 0x00000000f1a00000) remset 0 code roots 0 marked 0 reclaim candidate 1 type array 1
[0.422s][debug][gc,humongous      ] GC(16) Humongous region 24 (object size 1048592 @ 0x00000000f1800000) remset 0 code roots 0 marked 0 reclaim candidate 1 type array 1
[0.422s][debug][gc,humongous      ] GC(16) Humongous region 34 (object size 1048592 @ 0x00000000f2200000) remset 0 code roots 0 marked 0 reclaim candidate 1 type array 1
[0.422s][debug][gc,humongous      ] GC(16) Humongous region 36 (object size 1048592 @ 0x00000000f2400000) remset 0 code roots 0 marked 0 reclaim candidate 1 type array 1
[0.422s][debug][gc,humongous      ] GC(16) Humongous region 20 (object size 1048592 @ 0x00000000f1400000) remset 0 code roots 0 marked 0 reclaim candidate 1 type array 1
[0.422s][debug][gc,humongous      ] GC(16) Humongous region 40 (object size 1048592 @ 0x00000000f2800000) remset 0 code roots 0 marked 0 reclaim candidate 1 type array 1
[0.422s][debug][gc,humongous      ] GC(16) Humongous region 28 (object size 1048592 @ 0x00000000f1c00000) remset 0 code roots 0 marked 0 reclaim candidate 1 type array 1
[0.422s][debug][gc,humongous      ] GC(16) Humongous region 10 (object size 1048592 @ 0x00000000f0a00000) remset 0 code roots 0 marked 0 reclaim candidate 1 type array 1
[0.422s][debug][gc,humongous      ] GC(16) Humongous region 32 (object size 1048592 @ 0x00000000f2000000) remset 0 code roots 0 marked 0 reclaim candidate 1 type array 1
[0.422s][debug][gc,humongous      ] GC(16) Humongous region 18 (object size 1048592 @ 0x00000000f1200000) remset 0 code roots 0 marked 0 reclaim candidate 1 type array 1
[0.422s][debug][gc,humongous      ] GC(16) Humongous region 38 (object size 1048592 @ 0x00000000f2600000) remset 0 code roots 0 marked 0 reclaim candidate 1 type array 1
[0.422s][debug][gc,humongous      ] GC(16) Humongous region 85 (object size 10485776 @ 0x00000000f5500000) remset 0 code roots 0 marked 0 reclaim candidate 1 type array 1
[0.422s][debug][gc,humongous      ] GC(16) Humongous region 8 (object size 1048592 @ 0x00000000f0800000) remset 0 code roots 0 marked 0 reclaim candidate 1 type array 1
[0.422s][debug][gc,humongous      ] GC(16) Humongous region 30 (object size 1048592 @ 0x00000000f1e00000) remset 0 code roots 0 marked 0 reclaim candidate 1 type array 1
[0.422s][debug][gc,humongous      ] GC(16) Humongous region 16 (object size 1048592 @ 0x00000000f1000000) remset 0 code roots 0 marked 0 reclaim candidate 1 type array 1
[0.423s][debug][gc,ergo           ] GC(16) Running G1 Merge Heap Roots using 12 workers for 15 regions
[0.423s][debug][gc,remset         ] GC(16) Visited cards 32 Total dirty 2048 (1.56%) Total old 335872 (0.01%)
[0.424s][debug][gc,ref            ] GC(16) Skipped phase 1 of Reference Processing: no references
[0.424s][debug][gc,ref            ] GC(16) Skipped phase 2 of Reference Processing: no references
[0.424s][debug][gc,ref            ] GC(16) Skipped phase 3 of Reference Processing: no references
[0.424s][debug][gc,ref            ] GC(16) Skipped phase 4 of Reference Processing: no references
[0.425s][debug][gc,ergo           ] GC(16) Running G1 Rebuild Free List Task using 12 workers for rebuilding free list of regions
[0.425s][debug][gc,plab           ] GC(16) Young PLAB allocation: allocated: 0B, wasted: 0B, unused: 0B, used: 0B, undo waste: 0B, 
[0.425s][debug][gc,plab           ] GC(16) Young other allocation: region end waste: 130592B, regions filled: 2, direct allocated: 1966560B, failure used: 0B, failure wasted: 0B
[0.425s][debug][gc,plab           ] GC(16) Young sizing: calculated: 0B, actual: 2064B
[0.425s][debug][gc,plab           ] GC(16) Old PLAB allocation: allocated: 0B, wasted: 0B, unused: 0B, used: 0B, undo waste: 0B, 
[0.425s][debug][gc,plab           ] GC(16) Old other allocation: region end waste: 713032B, regions filled: 12, direct allocated: 10099960B, failure used: 0B, failure wasted: 0B
[0.425s][debug][gc,plab           ] GC(16) Old sizing: calculated: 0B, actual: 2064B
[0.425s][debug][gc,ergo,heap      ] GC(16) Heap expansion: short term pause time ratio 10.11% long term pause time ratio 11.77% threshold 7.69% pause time ratio 7.69% fully expanded false resize by 0B
[0.425s][debug][gc,ergo,ihop      ] GC(16) Do not request concurrent cycle initiation (still doing mixed collections) occupancy: 152043520B allocation request: 0B threshold: 104752742B (45.00) source: end of GC
[0.425s][debug][gc,mmu            ] GC(16) MMU: 6.0ms (50.0ms/51.0ms)
[0.425s][debug][gc,ergo           ] GC(16) do not continue mixed GCs (candidate old regions not available)
[0.425s][debug][gc,ergo,ihop      ] GC(16) Request concurrent cycle initiation (occupancy higher than threshold) occupancy: 152043520B allocation request: 0B threshold: 104752742B (45.00) source: end of GC
[0.425s][debug][gc,alloc,stats    ] Old generation allocation in the last mutator period, old gen allocated: 0B, humongous allocated: 2097152B,old gen growth: 2097152B.
[0.425s][debug][gc,ihop           ] GC(16) Basic information (value update), threshold: 218385958B (93.81), target occupancy: 232783872B, current occupancy: 151768880B, recent allocation size: 2097152B, recent allocation duration: 30.40ms, recent old gen allocation rate: 68992464.25B/s, recent marking phase length: 59.79ms
[0.425s][debug][gc,ihop           ] GC(16) Adaptive IHOP information (value update), threshold: 218385958B (98.75), internal target occupancy: 221144678B, occupancy: 151768880B, additional buffer size: 0B, predicted old gen allocation rate: 38341572.85B/s, predicted marking phase length: 71.95ms, prediction active: true
[0.425s][debug][gc,ergo,refine    ] GC(16) Concurrent refinement times: Logged Cards Scan time goal: 5.00ms Logged Cards Scan time: 0.00ms HCC time: 0.00ms
[0.425s][debug][gc,ergo,refine    ] GC(16) Updated Refinement Zones: green: 3328, yellow: 9984, red: 16640
[0.425s][info ][gc,phases         ] GC(16)   Pre Evacuate Collection Set: 0.6ms
[0.425s][debug][gc,phases         ] GC(16)     Prepare TLABs: 0.0ms
[0.425s][debug][gc,phases         ] GC(16)     Concatenate Dirty Card Logs: 0.0ms
[0.425s][debug][gc,phases         ] GC(16)     Choose Collection Set: 0.0ms
[0.425s][debug][gc,phases         ] GC(16)     Region Register: 0.5ms
[0.425s][debug][gc,phases         ] GC(16)     Prepare Heap Roots: 0.0ms
[0.425s][info ][gc,phases         ] GC(16)   Merge Heap Roots: 0.2ms
[0.425s][debug][gc,phases         ] GC(16)     Prepare Merge Heap Roots: 0.0ms
[0.425s][debug][gc,phases         ] GC(16)     Eager Reclaim (ms):            Min:  0.0, Avg:  0.0, Max:  0.0, Diff:  0.0, Sum:  0.0, Workers: 1
[0.425s][debug][gc,phases         ] GC(16)     Remembered Sets (ms):          Min:  0.0, Avg:  0.0, Max:  0.0, Diff:  0.0, Sum:  0.0, Workers: 12
[0.425s][debug][gc,phases         ] GC(16)       Merged Sparse:                 Min: 0, Avg:  0.0, Max: 0, Diff: 0, Sum: 0, Workers: 12
[0.425s][debug][gc,phases         ] GC(16)       Merged Fine:                   Min: 0, Avg:  0.0, Max: 0, Diff: 0, Sum: 0, Workers: 12
[0.425s][debug][gc,phases         ] GC(16)       Merged Coarse:                 Min: 0, Avg:  0.0, Max: 0, Diff: 0, Sum: 0, Workers: 12
[0.425s][debug][gc,phases         ] GC(16)       Dirty Cards:                   Min: 0, Avg:  0.0, Max: 0, Diff: 0, Sum: 0, Workers: 12
[0.425s][debug][gc,phases         ] GC(16)     Hot Card Cache (ms):           Min:  0.0, Avg:  0.0, Max:  0.0, Diff:  0.0, Sum:  0.0, Workers: 12
[0.425s][debug][gc,phases         ] GC(16)       Dirty Cards:                   Min: 0, Avg:  0.0, Max: 0, Diff: 0, Sum: 0, Workers: 12
[0.425s][debug][gc,phases         ] GC(16)       Skipped Cards:                 Min: 0, Avg:  0.0, Max: 0, Diff: 0, Sum: 0, Workers: 12
[0.425s][debug][gc,phases         ] GC(16)     Log Buffers (ms):              Min:  0.0, Avg:  0.0, Max:  0.0, Diff:  0.0, Sum:  0.0, Workers: 12
[0.425s][debug][gc,phases         ] GC(16)       Dirty Cards:                   Min: 0, Avg:  0.0, Max: 0, Diff: 0, Sum: 0, Workers: 12
[0.425s][debug][gc,phases         ] GC(16)       Skipped Cards:                 Min: 0, Avg:  0.0, Max: 0, Diff: 0, Sum: 0, Workers: 12
[0.425s][info ][gc,phases         ] GC(16)   Evacuate Collection Set: 1.6ms
[0.425s][debug][gc,phases         ] GC(16)     Ext Root Scanning (ms):        Min:  0.0, Avg:  0.0, Max:  0.1, Diff:  0.1, Sum:  0.4, Workers: 12
[0.425s][debug][gc,phases         ] GC(16)     Scan Heap Roots (ms):          Min:  0.0, Avg:  0.0, Max:  0.0, Diff:  0.0, Sum:  0.0, Workers: 12
[0.425s][debug][gc,phases         ] GC(16)       Scanned Cards:                 Min: 0, Avg:  0.2, Max: 2, Diff: 2, Sum: 2, Workers: 12
[0.425s][debug][gc,phases         ] GC(16)       Scanned Blocks:                Min: 0, Avg:  0.2, Max: 2, Diff: 2, Sum: 2, Workers: 12
[0.425s][debug][gc,phases         ] GC(16)       Claimed Chunks:                Min: 0, Avg:  0.1, Max: 1, Diff: 1, Sum: 1, Workers: 12
[0.425s][debug][gc,phases         ] GC(16)     Code Root Scan (ms):           Min:  0.0, Avg:  0.0, Max:  0.0, Diff:  0.0, Sum:  0.0, Workers: 12
[0.425s][debug][gc,phases         ] GC(16)     Object Copy (ms):              Min:  0.9, Avg:  0.9, Max:  1.0, Diff:  0.1, Sum: 10.8, Workers: 12
[0.425s][debug][gc,phases         ] GC(16)     Termination (ms):              Min:  0.1, Avg:  0.3, Max:  0.5, Diff:  0.3, Sum:  4.0, Workers: 12
[0.425s][debug][gc,phases         ] GC(16)       Termination Attempts:          Min: 1, Avg:  1.4, Max: 2, Diff: 1, Sum: 17, Workers: 12
[0.425s][debug][gc,phases         ] GC(16)     GC Worker Other (ms):          Min:  0.0, Avg:  0.0, Max:  0.0, Diff:  0.0, Sum:  0.1, Workers: 12
[0.425s][debug][gc,phases         ] GC(16)     GC Worker Total (ms):          Min:  1.1, Avg:  1.3, Max:  1.4, Diff:  0.3, Sum: 15.2, Workers: 12
[0.425s][info ][gc,phases         ] GC(16)   Post Evacuate Collection Set: 0.5ms
[0.425s][debug][gc,phases         ] GC(16)     Code Roots Fixup: 0.0ms
[0.425s][debug][gc,phases         ] GC(16)     Reference Processing: 0.0ms
[0.425s][debug][gc,phases,ref     ] GC(16)       Reconsider SoftReferences: 0.0ms
[0.425s][debug][gc,phases,ref     ] GC(16)         SoftRef (ms):                  skipped
[0.425s][debug][gc,phases,ref     ] GC(16)       Notify Soft/WeakReferences: 0.0ms
[0.425s][debug][gc,phases,ref     ] GC(16)         SoftRef (ms):                  skipped
[0.425s][debug][gc,phases,ref     ] GC(16)         WeakRef (ms):                  skipped
[0.425s][debug][gc,phases,ref     ] GC(16)         FinalRef (ms):                 skipped
[0.425s][debug][gc,phases,ref     ] GC(16)         Total (ms):                    skipped
[0.425s][debug][gc,phases,ref     ] GC(16)       Notify and keep alive finalizable: 0.0ms
[0.425s][debug][gc,phases,ref     ] GC(16)         FinalRef (ms):                 skipped
[0.425s][debug][gc,phases,ref     ] GC(16)       Notify PhantomReferences: 0.0ms
[0.425s][debug][gc,phases,ref     ] GC(16)         PhantomRef (ms):               skipped
[0.425s][debug][gc,phases,ref     ] GC(16)       SoftReference:
[0.425s][debug][gc,phases,ref     ] GC(16)         Discovered: 0
[0.425s][debug][gc,phases,ref     ] GC(16)         Cleared: 0
[0.425s][debug][gc,phases,ref     ] GC(16)       WeakReference:
[0.425s][debug][gc,phases,ref     ] GC(16)         Discovered: 0
[0.425s][debug][gc,phases,ref     ] GC(16)         Cleared: 0
[0.425s][debug][gc,phases,ref     ] GC(16)       FinalReference:
[0.425s][debug][gc,phases,ref     ] GC(16)         Discovered: 0
[0.425s][debug][gc,phases,ref     ] GC(16)         Cleared: 0
[0.425s][debug][gc,phases,ref     ] GC(16)       PhantomReference:
[0.425s][debug][gc,phases,ref     ] GC(16)         Discovered: 0
[0.425s][debug][gc,phases,ref     ] GC(16)         Cleared: 0
[0.425s][debug][gc,phases         ] GC(16)     Weak Processing: 0.0ms
[0.425s][debug][gc,phases         ] GC(16)       VM Weak                        Min:  0.0, Avg:  0.0, Max:  0.0, Diff:  0.0, Sum:  0.0, Workers: 1
[0.425s][debug][gc,phases         ] GC(16)         Dead                           Min: 0, Avg:  0.0, Max: 0, Diff: 0, Sum: 0, Workers: 1
[0.425s][debug][gc,phases         ] GC(16)         Total                          Min: 4, Avg:  4.0, Max: 4, Diff: 0, Sum: 4, Workers: 1
[0.425s][debug][gc,phases         ] GC(16)       ObjectSynchronizer Weak        Min:  0.0, Avg:  0.0, Max:  0.0, Diff:  0.0, Sum:  0.0, Workers: 1
[0.425s][debug][gc,phases         ] GC(16)         Dead                           Min: 0, Avg:  0.0, Max: 0, Diff: 0, Sum: 0, Workers: 1
[0.425s][debug][gc,phases         ] GC(16)         Total                          Min: 4, Avg:  4.0, Max: 4, Diff: 0, Sum: 4, Workers: 1
[0.425s][debug][gc,phases         ] GC(16)       JVMTI Tag Weak OopStorage      Min:  0.0, Avg:  0.0, Max:  0.0, Diff:  0.0, Sum:  0.0, Workers: 1
[0.425s][debug][gc,phases         ] GC(16)         Dead                           Min: 0, Avg:  0.0, Max: 0, Diff: 0, Sum: 0, Workers: 1
[0.425s][debug][gc,phases         ] GC(16)         Total                          Min: 0, Avg:  0.0, Max: 0, Diff: 0, Sum: 0, Workers: 1
[0.425s][debug][gc,phases         ] GC(16)       StringTable Weak               Min:  0.0, Avg:  0.0, Max:  0.0, Diff:  0.0, Sum:  0.0, Workers: 1
[0.425s][debug][gc,phases         ] GC(16)         Dead                           Min: 0, Avg:  0.0, Max: 0, Diff: 0, Sum: 0, Workers: 1
[0.425s][debug][gc,phases         ] GC(16)         Total                          Min: 39, Avg: 39.0, Max: 39, Diff: 0, Sum: 39, Workers: 1
[0.425s][debug][gc,phases         ] GC(16)       ResolvedMethodTable Weak       Min:  0.0, Avg:  0.0, Max:  0.0, Diff:  0.0, Sum:  0.0, Workers: 1
[0.425s][debug][gc,phases         ] GC(16)         Dead                           Min: 0, Avg:  0.0, Max: 0, Diff: 0, Sum: 0, Workers: 1
[0.425s][debug][gc,phases         ] GC(16)         Total                          Min: 22, Avg: 22.0, Max: 22, Diff: 0, Sum: 22, Workers: 1
[0.425s][debug][gc,phases         ] GC(16)       JNI Weak                       Min:  0.0, Avg:  0.0, Max:  0.0, Diff:  0.0, Sum:  0.0, Workers: 1
[0.425s][debug][gc,phases         ] GC(16)         Dead                           Min: 0, Avg:  0.0, Max: 0, Diff: 0, Sum: 0, Workers: 1
[0.425s][debug][gc,phases         ] GC(16)         Total                          Min: 0, Avg:  0.0, Max: 0, Diff: 0, Sum: 0, Workers: 1
[0.425s][debug][gc,phases         ] GC(16)       StringDedup Table Weak         Min:  0.0, Avg:  0.0, Max:  0.0, Diff:  0.0, Sum:  0.0, Workers: 1
[0.425s][debug][gc,phases         ] GC(16)         Dead                           Min: 0, Avg:  0.0, Max: 0, Diff: 0, Sum: 0, Workers: 1
[0.425s][debug][gc,phases         ] GC(16)         Total                          Min: 0, Avg:  0.0, Max: 0, Diff: 0, Sum: 0, Workers: 1
[0.425s][debug][gc,phases         ] GC(16)       StringDedup Requests0 Weak     Min:  0.0, Avg:  0.0, Max:  0.0, Diff:  0.0, Sum:  0.0, Workers: 1
[0.425s][debug][gc,phases         ] GC(16)         Dead                           Min: 0, Avg:  0.0, Max: 0, Diff: 0, Sum: 0, Workers: 1
[0.426s][debug][gc,phases         ] GC(16)         Total                          Min: 0, Avg:  0.0, Max: 0, Diff: 0, Sum: 0, Workers: 1
[0.426s][debug][gc,phases         ] GC(16)       StringDedup Requests1 Weak     Min:  0.0, Avg:  0.0, Max:  0.0, Diff:  0.0, Sum:  0.0, Workers: 1
[0.426s][debug][gc,phases         ] GC(16)         Dead                           Min: 0, Avg:  0.0, Max: 0, Diff: 0, Sum: 0, Workers: 1
[0.426s][debug][gc,phases         ] GC(16)         Total                          Min: 0, Avg:  0.0, Max: 0, Diff: 0, Sum: 0, Workers: 1
[0.426s][debug][gc,phases         ] GC(16)       Weak JFR Old Object Samples    Min:  0.0, Avg:  0.0, Max:  0.0, Diff:  0.0, Sum:  0.0, Workers: 1
[0.426s][debug][gc,phases         ] GC(16)         Dead                           Min: 0, Avg:  0.0, Max: 0, Diff: 0, Sum: 0, Workers: 1
[0.426s][debug][gc,phases         ] GC(16)         Total                          Min: 0, Avg:  0.0, Max: 0, Diff: 0, Sum: 0, Workers: 1
[0.426s][debug][gc,phases         ] GC(16)     Post Evacuate Cleanup 1: 0.1ms
[0.426s][debug][gc,phases         ] GC(16)       Merge Per-Thread State (ms):   Min:  0.0, Avg:  0.0, Max:  0.0, Diff:  0.0, Sum:  0.0, Workers: 1
[0.426s][debug][gc,phases         ] GC(16)         Copied Bytes                   Min: 655520, Avg: 1005543.3, Max: 1573248, Diff: 917728, Sum: 12066520, Workers: 12
[0.426s][debug][gc,phases         ] GC(16)         LAB Waste                      Min: 0, Avg:  0.0, Max: 0, Diff: 0, Sum: 0, Workers: 12
[0.426s][debug][gc,phases         ] GC(16)         LAB Undo Waste                 Min: 0, Avg:  0.0, Max: 0, Diff: 0, Sum: 0, Workers: 12
[0.426s][debug][gc,phases         ] GC(16)       Clear Logged Cards (ms):       Min:  0.0, Avg:  0.0, Max:  0.0, Diff:  0.0, Sum:  0.0, Workers: 3
[0.426s][debug][gc,phases         ] GC(16)       Recalculate Used Memory (ms):  Min:  0.0, Avg:  0.0, Max:  0.0, Diff:  0.0, Sum:  0.0, Workers: 1
[0.426s][debug][gc,phases         ] GC(16)     Post Evacuate Cleanup 2: 0.2ms
[0.426s][debug][gc,phases         ] GC(16)       Reset Hot Card Cache (ms):     Min:  0.0, Avg:  0.0, Max:  0.0, Diff:  0.0, Sum:  0.0, Workers: 1
[0.426s][debug][gc,phases         ] GC(16)       Purge Code Roots (ms):         Min:  0.0, Avg:  0.0, Max:  0.0, Diff:  0.0, Sum:  0.0, Workers: 1
[0.426s][debug][gc,phases         ] GC(16)       Update Derived Pointers (ms):  Min:  0.0, Avg:  0.0, Max:  0.0, Diff:  0.0, Sum:  0.0, Workers: 1
[0.426s][debug][gc,phases         ] GC(16)       Eagerly Reclaim Humongous Objects (ms): Min:  0.0, Avg:  0.0, Max:  0.0, Diff:  0.0, Sum:  0.0, Workers: 1
[0.426s][debug][gc,phases         ] GC(16)         Humongous Total                Min: 25, Avg: 25.0, Max: 25, Diff: 0, Sum: 25, Workers: 1
[0.426s][debug][gc,phases         ] GC(16)         Humongous Candidates           Min: 25, Avg: 25.0, Max: 25, Diff: 0, Sum: 25, Workers: 1
[0.426s][debug][gc,phases         ] GC(16)         Humongous Reclaimed            Min: 0, Avg:  0.0, Max: 0, Diff: 0, Sum: 0, Workers: 1
[0.426s][debug][gc,phases         ] GC(16)       Redirty Logged Cards (ms):     Min:  0.0, Avg:  0.0, Max:  0.0, Diff:  0.0, Sum:  0.0, Workers: 12
[0.426s][debug][gc,phases         ] GC(16)         Redirtied Cards:               Min: 0, Avg:  1.5, Max: 18, Diff: 18, Sum: 18, Workers: 12
[0.426s][debug][gc,phases         ] GC(16)       Free Collection Set (ms):      Min:  0.0, Avg:  0.0, Max:  0.0, Diff:  0.0, Sum:  0.0, Workers: 12
[0.426s][debug][gc,phases         ] GC(16)     Rebuild Free List: 0.2ms
[0.426s][debug][gc,phases         ] GC(16)     Start New Collection Set: 0.0ms
[0.426s][debug][gc,phases         ] GC(16)     Resize TLABs: 0.0ms
[0.426s][debug][gc,phases         ] GC(16)     Expand Heap After Collection: 0.0ms
[0.426s][info ][gc,phases         ] GC(16)   Other: 0.3ms
[0.426s][info ][gc,heap           ] GC(16) Eden regions: 9->0(15)
[0.426s][info ][gc,heap           ] GC(16) Survivor regions: 2->2(2)
[0.426s][info ][gc,heap           ] GC(16) Old regions: 77->84
[0.426s][info ][gc,heap           ] GC(16) Archive regions: 2->2
[0.426s][info ][gc,heap           ] GC(16) Humongous regions: 59->59
[0.426s][info ][gc,metaspace      ] GC(16) Metaspace: 135K(320K)->135K(320K) NonClass: 129K(192K)->129K(192K) Class: 5K(128K)->5K(128K)
[0.426s][debug][gc,heap           ] GC(16) Heap after GC invocations=17 (full 1):
[0.426s][debug][gc,heap           ] GC(16)  garbage-first heap   total 227328K, used 148211K [0x00000000f0000000, 0x0000000100000000)
[0.426s][debug][gc,heap           ] GC(16)   region size 1024K, 2 young (2048K), 2 survivors (2048K)
[0.426s][debug][gc,heap           ] GC(16)  Metaspace       used 135K, committed 320K, reserved 1114112K
[0.426s][debug][gc,heap           ] GC(16)   class space    used 5K, committed 128K, reserved 1048576K
[0.426s][info ][gc                ] GC(16) Pause Young (Mixed) (G1 Evacuation Pause) 147M->144M(222M) 3.854ms
[0.426s][info ][gc,cpu            ] GC(16) User=0.00s Sys=0.01s Real=0.01s
[0.475s][debug][gc,heap           ] GC(17) Heap before GC invocations=17 (full 1):
[0.475s][debug][gc,heap           ] GC(17)  garbage-first heap   total 227328K, used 164595K [0x00000000f0000000, 0x0000000100000000)
[0.475s][debug][gc,heap           ] GC(17)   region size 1024K, 17 young (17408K), 2 survivors (2048K)
[0.475s][debug][gc,heap           ] GC(17)  Metaspace       used 135K, committed 320K, reserved 1114112K
[0.475s][debug][gc,heap           ] GC(17)   class space    used 5K, committed 128K, reserved 1048576K
[0.475s][debug][gc,ergo           ] GC(17) Initiate concurrent cycle (concurrent cycle initiation requested)
[0.475s][info ][gc,start          ] GC(17) Pause Young (Concurrent Start) (G1 Evacuation Pause)
[0.475s][info ][gc,task           ] GC(17) Using 12 workers of 13 for evacuation
[0.475s][debug][gc,tlab           ] GC(17) TLAB totals: thrds: 5  refills: 5 max: 1 slow allocs: 216 max 44 waste: 46.6% gc: 292800B max: 60720B slow: 0B max: 0B
[0.475s][debug][gc,age            ] GC(17) Desired survivor size 1572864 bytes, new threshold 1 (max threshold 15)
[0.475s][debug][gc,refine,stats   ] GC(17) Mutator refinement: 0.00ms, refined: 0, precleaned: 0, dirtied: 5
[0.475s][debug][gc,refine,stats   ] GC(17) Concurrent refinement: 0.00ms, refined: 0, precleaned: 0, dirtied: 0
[0.475s][debug][gc,refine,stats   ] GC(17) Total refinement: 0.00ms, refined: 0, precleaned: 0, dirtied: 5
[0.475s][debug][gc,refine,stats   ] GC(17) Generate dirty cards rate: 0.10 cards/ms
[0.475s][debug][gc,alloc,region   ] GC(17) Mutator Allocation stats, regions: 15, wasted size: 855K ( 5.6%)
[0.475s][debug][gc,humongous      ] GC(17) Humongous region 0 (object size 1048592 @ 0x00000000f0000000) remset 0 code roots 0 marked 0 reclaim candidate 1 type array 1
[0.475s][debug][gc,humongous      ] GC(17) Humongous region 2 (object size 1048592 @ 0x00000000f0200000) remset 0 code roots 0 marked 0 reclaim candidate 1 type array 1
[0.475s][debug][gc,humongous      ] GC(17) Humongous region 10 (object size 1048592 @ 0x00000000f0a00000) remset 0 code roots 0 marked 0 reclaim candidate 1 type array 1
[0.475s][debug][gc,humongous      ] GC(17) Humongous region 12 (object size 1048592 @ 0x00000000f0c00000) remset 0 code roots 0 marked 0 reclaim candidate 1 type array 1
[0.475s][debug][gc,humongous      ] GC(17) Humongous region 14 (object size 1048592 @ 0x00000000f0e00000) remset 0 code roots 0 marked 0 reclaim candidate 1 type array 1
[0.475s][debug][gc,humongous      ] GC(17) Humongous region 20 (object size 1048592 @ 0x00000000f1400000) remset 0 code roots 0 marked 0 reclaim candidate 1 type array 1
[0.475s][debug][gc,humongous      ] GC(17) Humongous region 85 (object size 10485776 @ 0x00000000f5500000) remset 0 code roots 0 marked 0 reclaim candidate 1 type array 1
[0.475s][debug][gc,humongous      ] GC(17) Humongous region 126 (object size 1048592 @ 0x00000000f7e00000) remset 0 code roots 0 marked 0 reclaim candidate 1 type array 1
[0.475s][debug][gc,humongous      ] GC(17) Humongous region 28 (object size 1048592 @ 0x00000000f1c00000) remset 0 code roots 0 marked 0 reclaim candidate 1 type array 1
[0.475s][debug][gc,humongous      ] GC(17) Humongous region 6 (object size 1048592 @ 0x00000000f0600000) remset 0 code roots 0 marked 0 reclaim candidate 1 type array 1
[0.475s][debug][gc,humongous      ] GC(17) Humongous region 8 (object size 1048592 @ 0x00000000f0800000) remset 0 code roots 0 marked 0 reclaim candidate 1 type array 1
[0.475s][debug][gc,humongous      ] GC(17) Humongous region 36 (object size 1048592 @ 0x00000000f2400000) remset 0 code roots 0 marked 0 reclaim candidate 1 type array 1
[0.475s][debug][gc,humongous      ] GC(17) Humongous region 16 (object size 1048592 @ 0x00000000f1000000) remset 0 code roots 0 marked 0 reclaim candidate 1 type array 1
[0.475s][debug][gc,humongous      ] GC(17) Humongous region 38 (object size 1048592 @ 0x00000000f2600000) remset 0 code roots 0 marked 0 reclaim candidate 1 type array 1
[0.475s][debug][gc,humongous      ] GC(17) Humongous region 64 (object size 1048592 @ 0x00000000f4000000) remset 0 code roots 0 marked 0 reclaim candidate 1 type array 1
[0.475s][debug][gc,humongous      ] GC(17) Humongous region 83 (object size 1048592 @ 0x00000000f5300000) remset 0 code roots 0 marked 0 reclaim candidate 1 type array 1
[0.475s][debug][gc,humongous      ] GC(17) Humongous region 26 (object size 1048592 @ 0x00000000f1a00000) remset 0 code roots 0 marked 0 reclaim candidate 1 type array 1
[0.475s][debug][gc,humongous      ] GC(17) Humongous region 60 (object size 1048592 @ 0x00000000f3c00000) remset 0 code roots 0 marked 0 reclaim candidate 1 type array 1
[0.475s][debug][gc,humongous      ] GC(17) Humongous region 30 (object size 1048592 @ 0x00000000f1e00000) remset 0 code roots 0 marked 0 reclaim candidate 1 type array 1
[0.475s][debug][gc,humongous      ] GC(17) Humongous region 22 (object size 1048592 @ 0x00000000f1600000) remset 0 code roots 0 marked 0 reclaim candidate 1 type array 1
[0.475s][debug][gc,humongous      ] GC(17) Humongous region 34 (object size 1048592 @ 0x00000000f2200000) remset 0 code roots 0 marked 0 reclaim candidate 1 type array 1
[0.475s][debug][gc,humongous      ] GC(17) Humongous region 18 (object size 1048592 @ 0x00000000f1200000) remset 0 code roots 0 marked 0 reclaim candidate 1 type array 1
[0.475s][debug][gc,humongous      ] GC(17) Humongous region 40 (object size 1048592 @ 0x00000000f2800000) remset 0 code roots 0 marked 0 reclaim candidate 1 type array 1
[0.475s][debug][gc,humongous      ] GC(17) Humongous region 24 (object size 1048592 @ 0x00000000f1800000) remset 0 code roots 0 marked 0 reclaim candidate 1 type array 1
[0.475s][debug][gc,humongous      ] GC(17) Humongous region 4 (object size 1048592 @ 0x00000000f0400000) remset 0 code roots 0 marked 0 reclaim candidate 1 type array 1
[0.475s][debug][gc,humongous      ] GC(17) Humongous region 32 (object size 1048592 @ 0x00000000f2000000) remset 0 code roots 0 marked 0 reclaim candidate 1 type array 1
[0.476s][debug][gc,ergo           ] GC(17) Running G1 Merge Heap Roots using 12 workers for 17 regions
[0.476s][debug][gc,remset         ] GC(17) Visited cards 64 Total dirty 4096 (1.56%) Total old 370688 (0.02%)
[0.478s][debug][gc,ref            ] GC(17) Skipped phase 1 of Reference Processing: no references
[0.478s][debug][gc,ref            ] GC(17) Skipped phase 2 of Reference Processing: no references
[0.478s][debug][gc,ref            ] GC(17) Skipped phase 3 of Reference Processing: no references
[0.478s][debug][gc,ref            ] GC(17) Skipped phase 4 of Reference Processing: no references
[0.479s][debug][gc,ergo           ] GC(17) Running G1 Rebuild Free List Task using 12 workers for rebuilding free list of regions
[0.479s][debug][gc,plab           ] GC(17) Young PLAB allocation: allocated: 0B, wasted: 0B, unused: 0B, used: 0B, undo waste: 0B, 
[0.479s][debug][gc,plab           ] GC(17) Young other allocation: region end waste: 188464B, regions filled: 3, direct allocated: 2957264B, failure used: 0B, failure wasted: 0B
[0.479s][debug][gc,plab           ] GC(17) Young sizing: calculated: 0B, actual: 2064B
[0.479s][debug][gc,plab           ] GC(17) Old PLAB allocation: allocated: 0B, wasted: 0B, unused: 0B, used: 0B, undo waste: 262208B, 
[0.479s][debug][gc,plab           ] GC(17) Old other allocation: region end waste: 913696B, regions filled: 15, direct allocated: 13569264B, failure used: 0B, failure wasted: 0B
[0.479s][debug][gc,plab           ] GC(17) Old sizing: calculated: 0B, actual: 2064B
[0.479s][debug][gc,ergo,heap      ] GC(17) Heap expansion: short term pause time ratio 9.08% long term pause time ratio 11.50% threshold 7.69% pause time ratio 7.69% fully expanded false resize by 7114891B
[0.479s][debug][gc,ergo,heap      ] GC(17) Expand the heap. requested expansion amount: 7114891B expansion amount: 7340032B
[0.479s][debug][gc,heap,region    ] GC(17) Activate regions [220, 227)
[0.479s][debug][gc,ihop           ] GC(17) Target occupancy update: old: 232783872B, new: 240123904B
[0.479s][debug][gc,mmu            ] GC(17) MMU: 3.9ms (50.0ms/51.0ms)
[0.479s][debug][gc,alloc,stats    ] Old generation allocation in the last mutator period, old gen allocated: 0B, humongous allocated: 2097152B,old gen growth: 2097152B.
[0.479s][debug][gc,ihop           ] GC(17) Basic information (value update), threshold: 209559861B (87.27), target occupancy: 240123904B, current occupancy: 169398064B, recent allocation size: 2097152B, recent allocation duration: 50.11ms, recent old gen allocation rate: 41847623.23B/s, recent marking phase length: 59.79ms
[0.479s][debug][gc,ihop           ] GC(17) Adaptive IHOP information (value update), threshold: 209559861B (91.86), internal target occupancy: 228117708B, occupancy: 169398064B, additional buffer size: 15728640B, predicted old gen allocation rate: 39321229.78B/s, predicted marking phase length: 71.95ms, prediction active: true
[0.479s][debug][gc,ergo,refine    ] GC(17) Concurrent refinement times: Logged Cards Scan time goal: 5.00ms Logged Cards Scan time: 0.00ms HCC time: 0.00ms
[0.479s][debug][gc,ergo,refine    ] GC(17) Updated Refinement Zones: green: 3328, yellow: 9984, red: 16640
[0.479s][info ][gc,phases         ] GC(17)   Pre Evacuate Collection Set: 0.8ms
[0.479s][debug][gc,phases         ] GC(17)     Prepare TLABs: 0.0ms
[0.479s][debug][gc,phases         ] GC(17)     Concatenate Dirty Card Logs: 0.0ms
[0.479s][debug][gc,phases         ] GC(17)     Choose Collection Set: 0.0ms
[0.479s][debug][gc,phases         ] GC(17)     Region Register: 0.8ms
[0.479s][debug][gc,phases         ] GC(17)     Prepare Heap Roots: 0.0ms
[0.479s][debug][gc,phases         ] GC(17)     Clear Claimed Marks: 0.0ms
[0.479s][info ][gc,phases         ] GC(17)   Merge Heap Roots: 0.4ms
[0.479s][debug][gc,phases         ] GC(17)     Prepare Merge Heap Roots: 0.0ms
[0.479s][debug][gc,phases         ] GC(17)     Eager Reclaim (ms):            Min:  0.0, Avg:  0.0, Max:  0.0, Diff:  0.0, Sum:  0.0, Workers: 1
[0.479s][debug][gc,phases         ] GC(17)     Remembered Sets (ms):          Min:  0.0, Avg:  0.0, Max:  0.0, Diff:  0.0, Sum:  0.0, Workers: 12
[0.479s][debug][gc,phases         ] GC(17)       Merged Sparse:                 Min: 0, Avg:  0.0, Max: 0, Diff: 0, Sum: 0, Workers: 12
[0.479s][debug][gc,phases         ] GC(17)       Merged Fine:                   Min: 0, Avg:  0.0, Max: 0, Diff: 0, Sum: 0, Workers: 12
[0.479s][debug][gc,phases         ] GC(17)       Merged Coarse:                 Min: 0, Avg:  0.0, Max: 0, Diff: 0, Sum: 0, Workers: 12
[0.479s][debug][gc,phases         ] GC(17)       Dirty Cards:                   Min: 0, Avg:  0.0, Max: 0, Diff: 0, Sum: 0, Workers: 12
[0.479s][debug][gc,phases         ] GC(17)     Hot Card Cache (ms):           Min:  0.0, Avg:  0.0, Max:  0.0, Diff:  0.0, Sum:  0.0, Workers: 12
[0.479s][debug][gc,phases         ] GC(17)       Dirty Cards:                   Min: 0, Avg:  0.0, Max: 0, Diff: 0, Sum: 0, Workers: 12
[0.479s][debug][gc,phases         ] GC(17)       Skipped Cards:                 Min: 0, Avg:  0.0, Max: 0, Diff: 0, Sum: 0, Workers: 12
[0.479s][debug][gc,phases         ] GC(17)     Log Buffers (ms):              Min:  0.0, Avg:  0.0, Max:  0.0, Diff:  0.0, Sum:  0.0, Workers: 12
[0.479s][debug][gc,phases         ] GC(17)       Dirty Cards:                   Min: 0, Avg:  1.2, Max: 15, Diff: 15, Sum: 15, Workers: 12
[0.479s][debug][gc,phases         ] GC(17)       Skipped Cards:                 Min: 0, Avg:  0.0, Max: 0, Diff: 0, Sum: 0, Workers: 12
[0.479s][info ][gc,phases         ] GC(17)   Evacuate Collection Set: 1.9ms
[0.479s][debug][gc,phases         ] GC(17)     Ext Root Scanning (ms):        Min:  0.0, Avg:  0.0, Max:  0.1, Diff:  0.1, Sum:  0.3, Workers: 12
[0.479s][debug][gc,phases         ] GC(17)     Scan Heap Roots (ms):          Min:  0.0, Avg:  0.0, Max:  0.0, Diff:  0.0, Sum:  0.0, Workers: 12
[0.479s][debug][gc,phases         ] GC(17)       Scanned Cards:                 Min: 0, Avg:  1.0, Max: 10, Diff: 10, Sum: 12, Workers: 12
[0.479s][debug][gc,phases         ] GC(17)       Scanned Blocks:                Min: 0, Avg:  0.2, Max: 2, Diff: 2, Sum: 3, Workers: 12
[0.479s][debug][gc,phases         ] GC(17)       Claimed Chunks:                Min: 0, Avg:  0.2, Max: 1, Diff: 1, Sum: 2, Workers: 12
[0.479s][debug][gc,phases         ] GC(17)     Code Root Scan (ms):           Min:  0.0, Avg:  0.0, Max:  0.0, Diff:  0.0, Sum:  0.0, Workers: 12
[0.479s][debug][gc,phases         ] GC(17)     Object Copy (ms):              Min:  1.1, Avg:  1.2, Max:  1.3, Diff:  0.2, Sum: 14.5, Workers: 12
[0.479s][debug][gc,phases         ] GC(17)     Termination (ms):              Min:  0.2, Avg:  0.3, Max:  0.4, Diff:  0.2, Sum:  4.0, Workers: 12
[0.479s][debug][gc,phases         ] GC(17)       Termination Attempts:          Min: 1, Avg:  1.0, Max: 1, Diff: 0, Sum: 12, Workers: 12
[0.479s][debug][gc,phases         ] GC(17)     GC Worker Other (ms):          Min:  0.0, Avg:  0.0, Max:  0.0, Diff:  0.0, Sum:  0.1, Workers: 12
[0.479s][debug][gc,phases         ] GC(17)     GC Worker Total (ms):          Min:  1.4, Avg:  1.6, Max:  1.8, Diff:  0.3, Sum: 19.0, Workers: 12
[0.479s][info ][gc,phases         ] GC(17)   Post Evacuate Collection Set: 0.7ms
[0.479s][debug][gc,phases         ] GC(17)     Code Roots Fixup: 0.0ms
[0.479s][debug][gc,phases         ] GC(17)     Reference Processing: 0.0ms
[0.479s][debug][gc,phases,ref     ] GC(17)       Reconsider SoftReferences: 0.0ms
[0.479s][debug][gc,phases,ref     ] GC(17)         SoftRef (ms):                  skipped
[0.479s][debug][gc,phases,ref     ] GC(17)       Notify Soft/WeakReferences: 0.0ms
[0.479s][debug][gc,phases,ref     ] GC(17)         SoftRef (ms):                  skipped
[0.479s][debug][gc,phases,ref     ] GC(17)         WeakRef (ms):                  skipped
[0.479s][debug][gc,phases,ref     ] GC(17)         FinalRef (ms):                 skipped
[0.479s][debug][gc,phases,ref     ] GC(17)         Total (ms):                    skipped
[0.479s][debug][gc,phases,ref     ] GC(17)       Notify and keep alive finalizable: 0.0ms
[0.479s][debug][gc,phases,ref     ] GC(17)         FinalRef (ms):                 skipped
[0.479s][debug][gc,phases,ref     ] GC(17)       Notify PhantomReferences: 0.0ms
[0.479s][debug][gc,phases,ref     ] GC(17)         PhantomRef (ms):               skipped
[0.479s][debug][gc,phases,ref     ] GC(17)       SoftReference:
[0.479s][debug][gc,phases,ref     ] GC(17)         Discovered: 0
[0.479s][debug][gc,phases,ref     ] GC(17)         Cleared: 0
[0.479s][debug][gc,phases,ref     ] GC(17)       WeakReference:
[0.479s][debug][gc,phases,ref     ] GC(17)         Discovered: 0
[0.479s][debug][gc,phases,ref     ] GC(17)         Cleared: 0
[0.479s][debug][gc,phases,ref     ] GC(17)       FinalReference:
[0.479s][debug][gc,phases,ref     ] GC(17)         Discovered: 0
[0.479s][debug][gc,phases,ref     ] GC(17)         Cleared: 0
[0.479s][debug][gc,phases,ref     ] GC(17)       PhantomReference:
[0.479s][debug][gc,phases,ref     ] GC(17)         Discovered: 0
[0.479s][debug][gc,phases,ref     ] GC(17)         Cleared: 0
[0.479s][debug][gc,phases         ] GC(17)     Weak Processing: 0.1ms
[0.479s][debug][gc,phases         ] GC(17)       VM Weak                        Min:  0.0, Avg:  0.0, Max:  0.0, Diff:  0.0, Sum:  0.0, Workers: 1
[0.479s][debug][gc,phases         ] GC(17)         Dead                           Min: 0, Avg:  0.0, Max: 0, Diff: 0, Sum: 0, Workers: 1
[0.479s][debug][gc,phases         ] GC(17)         Total                          Min: 4, Avg:  4.0, Max: 4, Diff: 0, Sum: 4, Workers: 1
[0.479s][debug][gc,phases         ] GC(17)       ObjectSynchronizer Weak        Min:  0.0, Avg:  0.0, Max:  0.0, Diff:  0.0, Sum:  0.0, Workers: 1
[0.479s][debug][gc,phases         ] GC(17)         Dead                           Min: 0, Avg:  0.0, Max: 0, Diff: 0, Sum: 0, Workers: 1
[0.479s][debug][gc,phases         ] GC(17)         Total                          Min: 4, Avg:  4.0, Max: 4, Diff: 0, Sum: 4, Workers: 1
[0.479s][debug][gc,phases         ] GC(17)       JVMTI Tag Weak OopStorage      Min:  0.0, Avg:  0.0, Max:  0.0, Diff:  0.0, Sum:  0.0, Workers: 1
[0.479s][debug][gc,phases         ] GC(17)         Dead                           Min: 0, Avg:  0.0, Max: 0, Diff: 0, Sum: 0, Workers: 1
[0.479s][debug][gc,phases         ] GC(17)         Total                          Min: 0, Avg:  0.0, Max: 0, Diff: 0, Sum: 0, Workers: 1
[0.479s][debug][gc,phases         ] GC(17)       StringTable Weak               Min:  0.0, Avg:  0.0, Max:  0.0, Diff:  0.0, Sum:  0.0, Workers: 1
[0.479s][debug][gc,phases         ] GC(17)         Dead                           Min: 0, Avg:  0.0, Max: 0, Diff: 0, Sum: 0, Workers: 1
[0.479s][debug][gc,phases         ] GC(17)         Total                          Min: 39, Avg: 39.0, Max: 39, Diff: 0, Sum: 39, Workers: 1
[0.479s][debug][gc,phases         ] GC(17)       ResolvedMethodTable Weak       Min:  0.0, Avg:  0.0, Max:  0.0, Diff:  0.0, Sum:  0.0, Workers: 1
[0.479s][debug][gc,phases         ] GC(17)         Dead                           Min: 0, Avg:  0.0, Max: 0, Diff: 0, Sum: 0, Workers: 1
[0.479s][debug][gc,phases         ] GC(17)         Total                          Min: 22, Avg: 22.0, Max: 22, Diff: 0, Sum: 22, Workers: 1
[0.479s][debug][gc,phases         ] GC(17)       JNI Weak                       Min:  0.0, Avg:  0.0, Max:  0.0, Diff:  0.0, Sum:  0.0, Workers: 1
[0.479s][debug][gc,phases         ] GC(17)         Dead                           Min: 0, Avg:  0.0, Max: 0, Diff: 0, Sum: 0, Workers: 1
[0.479s][debug][gc,phases         ] GC(17)         Total                          Min: 0, Avg:  0.0, Max: 0, Diff: 0, Sum: 0, Workers: 1
[0.479s][debug][gc,phases         ] GC(17)       StringDedup Table Weak         Min:  0.0, Avg:  0.0, Max:  0.0, Diff:  0.0, Sum:  0.0, Workers: 1
[0.479s][debug][gc,phases         ] GC(17)         Dead                           Min: 0, Avg:  0.0, Max: 0, Diff: 0, Sum: 0, Workers: 1
[0.479s][debug][gc,phases         ] GC(17)         Total                          Min: 0, Avg:  0.0, Max: 0, Diff: 0, Sum: 0, Workers: 1
[0.479s][debug][gc,phases         ] GC(17)       StringDedup Requests0 Weak     Min:  0.0, Avg:  0.0, Max:  0.0, Diff:  0.0, Sum:  0.0, Workers: 1
[0.479s][debug][gc,phases         ] GC(17)         Dead                           Min: 0, Avg:  0.0, Max: 0, Diff: 0, Sum: 0, Workers: 1
[0.479s][debug][gc,phases         ] GC(17)         Total                          Min: 0, Avg:  0.0, Max: 0, Diff: 0, Sum: 0, Workers: 1
[0.479s][debug][gc,phases         ] GC(17)       StringDedup Requests1 Weak     Min:  0.0, Avg:  0.0, Max:  0.0, Diff:  0.0, Sum:  0.0, Workers: 1
[0.479s][debug][gc,phases         ] GC(17)         Dead                           Min: 0, Avg:  0.0, Max: 0, Diff: 0, Sum: 0, Workers: 1
[0.479s][debug][gc,phases         ] GC(17)         Total                          Min: 0, Avg:  0.0, Max: 0, Diff: 0, Sum: 0, Workers: 1
[0.479s][debug][gc,phases         ] GC(17)       Weak JFR Old Object Samples    Min:  0.0, Avg:  0.0, Max:  0.0, Diff:  0.0, Sum:  0.0, Workers: 1
[0.479s][debug][gc,phases         ] GC(17)         Dead                           Min: 0, Avg:  0.0, Max: 0, Diff: 0, Sum: 0, Workers: 1
[0.479s][debug][gc,phases         ] GC(17)         Total                          Min: 0, Avg:  0.0, Max: 0, Diff: 0, Sum: 0, Workers: 1
[0.479s][debug][gc,phases         ] GC(17)     Post Evacuate Cleanup 1: 0.1ms
[0.479s][debug][gc,phases         ] GC(17)       Merge Per-Thread State (ms):   Min:  0.0, Avg:  0.0, Max:  0.0, Diff:  0.0, Sum:  0.0, Workers: 1
[0.479s][debug][gc,phases         ] GC(17)         Copied Bytes                   Min: 917728, Avg: 1355360.0, Max: 2490976, Diff: 1573248, Sum: 16264320, Workers: 12
[0.479s][debug][gc,phases         ] GC(17)         LAB Waste                      Min: 0, Avg:  0.0, Max: 0, Diff: 0, Sum: 0, Workers: 12
[0.479s][debug][gc,phases         ] GC(17)         LAB Undo Waste                 Min: 0, Avg: 21850.7, Max: 65552, Diff: 65552, Sum: 262208, Workers: 12
[0.479s][debug][gc,phases         ] GC(17)       Clear Logged Cards (ms):       Min:  0.0, Avg:  0.0, Max:  0.0, Diff:  0.0, Sum:  0.0, Workers: 3
[0.479s][debug][gc,phases         ] GC(17)       Recalculate Used Memory (ms):  Min:  0.0, Avg:  0.0, Max:  0.0, Diff:  0.0, Sum:  0.0, Workers: 1
[0.479s][debug][gc,phases         ] GC(17)     Post Evacuate Cleanup 2: 0.2ms
[0.479s][debug][gc,phases         ] GC(17)       Reset Hot Card Cache (ms):     Min:  0.0, Avg:  0.0, Max:  0.0, Diff:  0.0, Sum:  0.0, Workers: 1
[0.479s][debug][gc,phases         ] GC(17)       Purge Code Roots (ms):         Min:  0.0, Avg:  0.0, Max:  0.0, Diff:  0.0, Sum:  0.0, Workers: 1
[0.479s][debug][gc,phases         ] GC(17)       Update Derived Pointers (ms):  Min:  0.0, Avg:  0.0, Max:  0.0, Diff:  0.0, Sum:  0.0, Workers: 1
[0.479s][debug][gc,phases         ] GC(17)       Eagerly Reclaim Humongous Objects (ms): Min:  0.0, Avg:  0.0, Max:  0.0, Diff:  0.0, Sum:  0.0, Workers: 1
[0.479s][debug][gc,phases         ] GC(17)         Humongous Total                Min: 26, Avg: 26.0, Max: 26, Diff: 0, Sum: 26, Workers: 1
[0.479s][debug][gc,phases         ] GC(17)         Humongous Candidates           Min: 26, Avg: 26.0, Max: 26, Diff: 0, Sum: 26, Workers: 1
[0.479s][debug][gc,phases         ] GC(17)         Humongous Reclaimed            Min: 0, Avg:  0.0, Max: 0, Diff: 0, Sum: 0, Workers: 1
[0.479s][debug][gc,phases         ] GC(17)       Redirty Logged Cards (ms):     Min:  0.0, Avg:  0.0, Max:  0.0, Diff:  0.0, Sum:  0.0, Workers: 12
[0.479s][debug][gc,phases         ] GC(17)         Redirtied Cards:               Min: 0, Avg:  1.1, Max: 13, Diff: 13, Sum: 13, Workers: 12
[0.479s][debug][gc,phases         ] GC(17)       Free Collection Set (ms):      Min:  0.0, Avg:  0.0, Max:  0.0, Diff:  0.0, Sum:  0.0, Workers: 12
[0.479s][debug][gc,phases         ] GC(17)     Rebuild Free List: 0.2ms
[0.479s][debug][gc,phases         ] GC(17)     Start New Collection Set: 0.0ms
[0.479s][debug][gc,phases         ] GC(17)     Resize TLABs: 0.0ms
[0.479s][debug][gc,phases         ] GC(17)     Expand Heap After Collection: 0.1ms
[0.479s][info ][gc,phases         ] GC(17)   Other: 0.2ms
[0.479s][info ][gc,heap           ] GC(17) Eden regions: 15->0(12)
[0.479s][info ][gc,heap           ] GC(17) Survivor regions: 2->3(3)
[0.479s][info ][gc,heap           ] GC(17) Old regions: 84->98
[0.479s][info ][gc,heap           ] GC(17) Archive regions: 2->2
[0.479s][info ][gc,heap           ] GC(17) Humongous regions: 61->61
[0.479s][info ][gc,metaspace      ] GC(17) Metaspace: 135K(320K)->135K(320K) NonClass: 129K(192K)->129K(192K) Class: 5K(128K)->5K(128K)
[0.479s][debug][gc,heap           ] GC(17) Heap after GC invocations=18 (full 1):
[0.479s][debug][gc,heap           ] GC(17)  garbage-first heap   total 234496K, used 165427K [0x00000000f0000000, 0x0000000100000000)
[0.479s][debug][gc,heap           ] GC(17)   region size 1024K, 3 young (3072K), 3 survivors (3072K)
[0.479s][debug][gc,heap           ] GC(17)  Metaspace       used 135K, committed 320K, reserved 1114112K
[0.479s][debug][gc,heap           ] GC(17)   class space    used 5K, committed 128K, reserved 1048576K
[0.479s][info ][gc                ] GC(17) Pause Young (Concurrent Start) (G1 Evacuation Pause) 161M->161M(229M) 4.425ms
[0.479s][info ][gc,cpu            ] GC(17) User=0.02s Sys=0.00s Real=0.00s
[0.479s][info ][gc                ] GC(18) Concurrent Mark Cycle
[0.479s][info ][gc,marking        ] GC(18) Concurrent Clear Claimed Marks
[0.479s][info ][gc,marking        ] GC(18) Concurrent Clear Claimed Marks 0.007ms
[0.479s][info ][gc,marking        ] GC(18) Concurrent Scan Root Regions
[0.479s][debug][gc,ergo           ] GC(18) Running G1 Root Region Scan using 3 workers for 18 work units.
[0.480s][info ][gc,marking        ] GC(18) Concurrent Scan Root Regions 0.267ms
[0.480s][info ][gc,marking        ] GC(18) Concurrent Mark
[0.480s][info ][gc,marking        ] GC(18) Concurrent Mark From Roots
[0.480s][info ][gc,task           ] GC(18) Using 3 workers of 3 for marking
[0.481s][debug][gc,stats          ] ---------------------------------------------------------------------
[0.481s][debug][gc,stats          ] Marking Stats, task = 0, calls = 3
[0.481s][debug][gc,stats          ]   Elapsed time = 1.27ms, Termination time = 0.00ms
[0.481s][debug][gc,stats          ]   Step Times (cum): num = 231, avg = 0.02ms, sd = 0.11ms max = 1.18ms, total = 4.45ms
[0.481s][debug][gc,stats          ]   Mark Stats Cache: hits 5599 misses 0 ratio 100.000
[0.481s][debug][gc,stats          ] ---------------------------------------------------------------------
[0.481s][debug][gc,stats          ] Marking Stats, task = 1, calls = 2
[0.481s][debug][gc,stats          ]   Elapsed time = 1.27ms, Termination time = 0.86ms
[0.481s][debug][gc,stats          ]   Step Times (cum): num = 26, avg = 0.12ms, sd = 0.30ms max = 1.08ms, total = 3.17ms
[0.481s][debug][gc,stats          ]   Mark Stats Cache: hits 5685 misses 0 ratio 100.000
[0.481s][debug][gc,stats          ] ---------------------------------------------------------------------
[0.481s][debug][gc,stats          ] Marking Stats, task = 2, calls = 1
[0.481s][debug][gc,stats          ]   Elapsed time = 1.25ms, Termination time = 0.00ms
[0.481s][debug][gc,stats          ]   Step Times (cum): num = 14, avg = 0.15ms, sd = 0.31ms max = 1.18ms, total = 2.08ms
[0.481s][debug][gc,stats          ]   Mark Stats Cache: hits 12900 misses 0 ratio 100.000
[0.481s][debug][gc,stats          ] ---------------------------------------------------------------------
[0.481s][info ][gc,marking        ] GC(18) Concurrent Mark From Roots 1.411ms
[0.481s][info ][gc,marking        ] GC(18) Concurrent Preclean
[0.481s][debug][gc,ref,start      ] GC(18) Preclean SoftReferences
[0.481s][debug][gc,ref            ] GC(18) Preclean SoftReferences 0.046ms
[0.481s][debug][gc,ref,start      ] GC(18) Preclean WeakReferences
[0.481s][debug][gc,ref            ] GC(18) Preclean WeakReferences 0.045ms
[0.481s][debug][gc,ref,start      ] GC(18) Preclean FinalReferences
[0.481s][debug][gc,ref            ] GC(18) Preclean FinalReferences 0.053ms
[0.481s][debug][gc,ref,start      ] GC(18) Preclean PhantomReferences
[0.481s][debug][gc,ref            ] GC(18) Preclean PhantomReferences 0.045ms
[0.481s][info ][gc,marking        ] GC(18) Concurrent Preclean 0.211ms
[0.481s][info ][gc,start          ] GC(18) Pause Remark
[0.481s][debug][gc,phases,start   ] GC(18) Finalize Marking
[0.482s][debug][gc,stats          ] ---------------------------------------------------------------------
[0.482s][debug][gc,stats          ] Marking Stats, task = 0, calls = 56
[0.482s][debug][gc,stats          ]   Elapsed time = 0.36ms, Termination time = 0.20ms
[0.482s][debug][gc,stats          ]   Step Times (cum): num = 284, avg = 0.02ms, sd = 0.10ms max = 1.18ms, total = 4.65ms
[0.482s][debug][gc,stats          ]   Mark Stats Cache: hits 5602 misses 0 ratio 100.000
[0.482s][debug][gc,stats          ] ---------------------------------------------------------------------
[0.482s][debug][gc,stats          ] Marking Stats, task = 1, calls = 3
[0.482s][debug][gc,stats          ]   Elapsed time = 0.33ms, Termination time = 0.88ms
[0.482s][debug][gc,stats          ]   Step Times (cum): num = 27, avg = 0.12ms, sd = 0.29ms max = 1.08ms, total = 3.20ms
[0.482s][debug][gc,stats          ]   Mark Stats Cache: hits 5685 misses 0 ratio 100.000
[0.482s][debug][gc,stats          ] ---------------------------------------------------------------------
[0.482s][debug][gc,stats          ] Marking Stats, task = 2, calls = 2
[0.482s][debug][gc,stats          ]   Elapsed time = 0.31ms, Termination time = 0.03ms
[0.482s][debug][gc,stats          ]   Step Times (cum): num = 15, avg = 0.14ms, sd = 0.30ms max = 1.18ms, total = 2.10ms
[0.482s][debug][gc,stats          ]   Mark Stats Cache: hits 12900 misses 0 ratio 100.000
[0.482s][debug][gc,stats          ] ---------------------------------------------------------------------
[0.482s][debug][gc,stats          ] Marking Stats, task = 3, calls = 1
[0.482s][debug][gc,stats          ]   Elapsed time = 0.30ms, Termination time = 0.02ms
[0.482s][debug][gc,stats          ]   Step Times (cum): num = 5, avg = 0.03ms, sd = 0.01ms max = 0.05ms, total = 0.13ms
[0.482s][debug][gc,stats          ]   Mark Stats Cache: hits 858 misses 0 ratio 100.000
[0.482s][debug][gc,stats          ] ---------------------------------------------------------------------
[0.482s][debug][gc,stats          ] Marking Stats, task = 4, calls = 1
[0.482s][debug][gc,stats          ]   Elapsed time = 0.27ms, Termination time = 0.02ms
[0.482s][debug][gc,stats          ]   Step Times (cum): num = 5, avg = 0.02ms, sd = 0.01ms max = 0.04ms, total = 0.12ms
[0.482s][debug][gc,stats          ]   Mark Stats Cache: hits 0 misses 0 ratio 0.000
[0.482s][debug][gc,stats          ] ---------------------------------------------------------------------
[0.482s][debug][gc,stats          ] Marking Stats, task = 5, calls = 1
[0.482s][debug][gc,stats          ]   Elapsed time = 0.29ms, Termination time = 0.01ms
[0.482s][debug][gc,stats          ]   Step Times (cum): num = 5, avg = 0.02ms, sd = 0.00ms max = 0.02ms, total = 0.08ms
[0.482s][debug][gc,stats          ]   Mark Stats Cache: hits 0 misses 0 ratio 0.000
[0.482s][debug][gc,stats          ] ---------------------------------------------------------------------
[0.482s][debug][gc,stats          ] Marking Stats, task = 6, calls = 1
[0.482s][debug][gc,stats          ]   Elapsed time = 0.31ms, Termination time = 0.02ms
[0.482s][debug][gc,stats          ]   Step Times (cum): num = 5, avg = 0.02ms, sd = 0.00ms max = 0.02ms, total = 0.09ms
[0.482s][debug][gc,stats          ]   Mark Stats Cache: hits 0 misses 0 ratio 0.000
[0.482s][debug][gc,stats          ] ---------------------------------------------------------------------
[0.482s][debug][gc,stats          ] Marking Stats, task = 7, calls = 1
[0.482s][debug][gc,stats          ]   Elapsed time = 0.30ms, Termination time = 0.02ms
[0.482s][debug][gc,stats          ]   Step Times (cum): num = 5, avg = 0.02ms, sd = 0.01ms max = 0.04ms, total = 0.10ms
[0.482s][debug][gc,stats          ]   Mark Stats Cache: hits 0 misses 0 ratio 0.000
[0.482s][debug][gc,stats          ] ---------------------------------------------------------------------
[0.482s][debug][gc,stats          ] Marking Stats, task = 8, calls = 1
[0.482s][debug][gc,stats          ]   Elapsed time = 0.31ms, Termination time = 0.03ms
[0.482s][debug][gc,stats          ]   Step Times (cum): num = 5, avg = 0.03ms, sd = 0.01ms max = 0.05ms, total = 0.13ms
[0.482s][debug][gc,stats          ]   Mark Stats Cache: hits 0 misses 0 ratio 0.000
[0.482s][debug][gc,stats          ] ---------------------------------------------------------------------
[0.482s][debug][gc,stats          ] Marking Stats, task = 9, calls = 1
[0.482s][debug][gc,stats          ]   Elapsed time = 0.31ms, Termination time = 0.02ms
[0.482s][debug][gc,stats          ]   Step Times (cum): num = 5, avg = 0.02ms, sd = 0.02ms max = 0.06ms, total = 0.12ms
[0.482s][debug][gc,stats          ]   Mark Stats Cache: hits 0 misses 0 ratio 0.000
[0.482s][debug][gc,stats          ] ---------------------------------------------------------------------
[0.482s][debug][gc,stats          ] Marking Stats, task = 10, calls = 1
[0.482s][debug][gc,stats          ]   Elapsed time = 0.18ms, Termination time = 0.01ms
[0.482s][debug][gc,stats          ]   Step Times (cum): num = 5, avg = 0.02ms, sd = 0.00ms max = 0.02ms, total = 0.08ms
[0.482s][debug][gc,stats          ]   Mark Stats Cache: hits 0 misses 0 ratio 0.000
[0.482s][debug][gc,stats          ] ---------------------------------------------------------------------
[0.482s][debug][gc,stats          ] Marking Stats, task = 11, calls = 1
[0.482s][debug][gc,stats          ]   Elapsed time = 0.16ms, Termination time = 0.00ms
[0.482s][debug][gc,stats          ]   Step Times (cum): num = 5, avg = 0.00ms, sd = 0.00ms max = 0.00ms, total = 0.00ms
[0.482s][debug][gc,stats          ]   Mark Stats Cache: hits 0 misses 0 ratio 0.000
[0.482s][debug][gc,stats          ] ---------------------------------------------------------------------
[0.482s][debug][gc,phases         ] GC(18) Finalize Marking 0.742ms
[0.482s][debug][gc,phases,start   ] GC(18) Reference Processing
[0.482s][debug][gc,ref            ] GC(18) Skipped phase 1 of Reference Processing: no references
[0.482s][debug][gc,ref            ] GC(18) Skipped phase 2 of Reference Processing: no references
[0.482s][debug][gc,ref            ] GC(18) Skipped phase 3 of Reference Processing: no references
[0.482s][debug][gc,ref            ] GC(18) Skipped phase 4 of Reference Processing: no references
[0.482s][debug][gc,phases,ref     ] GC(18) Reference Processing: 0.0ms
[0.482s][debug][gc,phases,ref     ] GC(18)   Reconsider SoftReferences: 0.0ms
[0.482s][debug][gc,phases,ref     ] GC(18)     SoftRef (ms):                  skipped
[0.482s][debug][gc,phases,ref     ] GC(18)   Notify Soft/WeakReferences: 0.0ms
[0.482s][debug][gc,phases,ref     ] GC(18)     SoftRef (ms):                  skipped
[0.482s][debug][gc,phases,ref     ] GC(18)     WeakRef (ms):                  skipped
[0.482s][debug][gc,phases,ref     ] GC(18)     FinalRef (ms):                 skipped
[0.482s][debug][gc,phases,ref     ] GC(18)     Total (ms):                    skipped
[0.482s][debug][gc,phases,ref     ] GC(18)   Notify and keep alive finalizable: 0.0ms
[0.482s][debug][gc,phases,ref     ] GC(18)     FinalRef (ms):                 skipped
[0.482s][debug][gc,phases,ref     ] GC(18)   Notify PhantomReferences: 0.0ms
[0.482s][debug][gc,phases,ref     ] GC(18)     PhantomRef (ms):               skipped
[0.482s][debug][gc,phases,ref     ] GC(18)   SoftReference:
[0.482s][debug][gc,phases,ref     ] GC(18)     Discovered: 0
[0.482s][debug][gc,phases,ref     ] GC(18)     Cleared: 0
[0.482s][debug][gc,phases,ref     ] GC(18)   WeakReference:
[0.482s][debug][gc,phases,ref     ] GC(18)     Discovered: 0
[0.482s][debug][gc,phases,ref     ] GC(18)     Cleared: 0
[0.482s][debug][gc,phases,ref     ] GC(18)   FinalReference:
[0.482s][debug][gc,phases,ref     ] GC(18)     Discovered: 0
[0.482s][debug][gc,phases,ref     ] GC(18)     Cleared: 0
[0.482s][debug][gc,phases,ref     ] GC(18)   PhantomReference:
[0.482s][debug][gc,phases,ref     ] GC(18)     Discovered: 0
[0.482s][debug][gc,phases,ref     ] GC(18)     Cleared: 0
[0.482s][debug][gc,phases         ] GC(18) Reference Processing 0.108ms
[0.482s][debug][gc,phases,start   ] GC(18) Weak Processing
[0.482s][debug][gc,phases         ] GC(18)   VM Weak                        Min:  0.0, Avg:  0.0, Max:  0.0, Diff:  0.0, Sum:  0.0, Workers: 1
[0.482s][debug][gc,phases         ] GC(18)     Dead                           Min: 0, Avg:  0.0, Max: 0, Diff: 0, Sum: 0, Workers: 1
[0.482s][debug][gc,phases         ] GC(18)     Total                          Min: 4, Avg:  4.0, Max: 4, Diff: 0, Sum: 4, Workers: 1
[0.482s][debug][gc,phases         ] GC(18)   ObjectSynchronizer Weak        Min:  0.0, Avg:  0.0, Max:  0.0, Diff:  0.0, Sum:  0.0, Workers: 1
[0.482s][debug][gc,phases         ] GC(18)     Dead                           Min: 0, Avg:  0.0, Max: 0, Diff: 0, Sum: 0, Workers: 1
[0.482s][debug][gc,phases         ] GC(18)     Total                          Min: 4, Avg:  4.0, Max: 4, Diff: 0, Sum: 4, Workers: 1
[0.482s][debug][gc,phases         ] GC(18)   JVMTI Tag Weak OopStorage      Min:  0.0, Avg:  0.0, Max:  0.0, Diff:  0.0, Sum:  0.0, Workers: 1
[0.482s][debug][gc,phases         ] GC(18)     Dead                           Min: 0, Avg:  0.0, Max: 0, Diff: 0, Sum: 0, Workers: 1
[0.482s][debug][gc,phases         ] GC(18)     Total                          Min: 0, Avg:  0.0, Max: 0, Diff: 0, Sum: 0, Workers: 1
[0.482s][debug][gc,phases         ] GC(18)   StringTable Weak               Min:  0.0, Avg:  0.0, Max:  0.0, Diff:  0.0, Sum:  0.0, Workers: 1
[0.482s][debug][gc,phases         ] GC(18)     Dead                           Min: 0, Avg:  0.0, Max: 0, Diff: 0, Sum: 0, Workers: 1
[0.482s][debug][gc,phases         ] GC(18)     Total                          Min: 39, Avg: 39.0, Max: 39, Diff: 0, Sum: 39, Workers: 1
[0.482s][debug][gc,phases         ] GC(18)   ResolvedMethodTable Weak       Min:  0.0, Avg:  0.0, Max:  0.0, Diff:  0.0, Sum:  0.0, Workers: 1
[0.482s][debug][gc,phases         ] GC(18)     Dead                           Min: 0, Avg:  0.0, Max: 0, Diff: 0, Sum: 0, Workers: 1
[0.483s][debug][gc,phases         ] GC(18)     Total                          Min: 22, Avg: 22.0, Max: 22, Diff: 0, Sum: 22, Workers: 1
[0.483s][debug][gc,phases         ] GC(18)   JNI Weak                       Min:  0.0, Avg:  0.0, Max:  0.0, Diff:  0.0, Sum:  0.0, Workers: 1
[0.483s][debug][gc,phases         ] GC(18)     Dead                           Min: 0, Avg:  0.0, Max: 0, Diff: 0, Sum: 0, Workers: 1
[0.483s][debug][gc,phases         ] GC(18)     Total                          Min: 0, Avg:  0.0, Max: 0, Diff: 0, Sum: 0, Workers: 1
[0.483s][debug][gc,phases         ] GC(18)   StringDedup Table Weak         Min:  0.0, Avg:  0.0, Max:  0.0, Diff:  0.0, Sum:  0.0, Workers: 1
[0.483s][debug][gc,phases         ] GC(18)     Dead                           Min: 0, Avg:  0.0, Max: 0, Diff: 0, Sum: 0, Workers: 1
[0.483s][debug][gc,phases         ] GC(18)     Total                          Min: 0, Avg:  0.0, Max: 0, Diff: 0, Sum: 0, Workers: 1
[0.483s][debug][gc,phases         ] GC(18)   StringDedup Requests0 Weak     Min:  0.0, Avg:  0.0, Max:  0.0, Diff:  0.0, Sum:  0.0, Workers: 1
[0.483s][debug][gc,phases         ] GC(18)     Dead                           Min: 0, Avg:  0.0, Max: 0, Diff: 0, Sum: 0, Workers: 1
[0.483s][debug][gc,phases         ] GC(18)     Total                          Min: 0, Avg:  0.0, Max: 0, Diff: 0, Sum: 0, Workers: 1
[0.483s][debug][gc,phases         ] GC(18)   StringDedup Requests1 Weak     Min:  0.0, Avg:  0.0, Max:  0.0, Diff:  0.0, Sum:  0.0, Workers: 1
[0.483s][debug][gc,phases         ] GC(18)     Dead                           Min: 0, Avg:  0.0, Max: 0, Diff: 0, Sum: 0, Workers: 1
[0.483s][debug][gc,phases         ] GC(18)     Total                          Min: 0, Avg:  0.0, Max: 0, Diff: 0, Sum: 0, Workers: 1
[0.483s][debug][gc,phases         ] GC(18)   Weak JFR Old Object Samples    Min:  0.0, Avg:  0.0, Max:  0.0, Diff:  0.0, Sum:  0.0, Workers: 1
[0.483s][debug][gc,phases         ] GC(18)     Dead                           Min: 0, Avg:  0.0, Max: 0, Diff: 0, Sum: 0, Workers: 1
[0.483s][debug][gc,phases         ] GC(18)     Total                          Min: 0, Avg:  0.0, Max: 0, Diff: 0, Sum: 0, Workers: 1
[0.483s][debug][gc,phases         ] GC(18) Weak Processing 0.277ms
[0.483s][debug][gc,phases,start   ] GC(18) Class Unloading
[0.483s][debug][gc,phases,start   ] GC(18) ClassLoaderData
[0.483s][debug][gc,phases         ] GC(18) ClassLoaderData 0.004ms
[0.483s][debug][gc,phases,start   ] GC(18) Trigger cleanups
[0.483s][debug][gc,phases         ] GC(18) Trigger cleanups 0.003ms
[0.483s][debug][gc,phases         ] GC(18) Class Unloading 0.184ms
[0.483s][debug][gc,phases,start   ] GC(18) Flush Task Caches
[0.483s][debug][gc,stats          ] Mark stats cache hits 25045 misses 0 ratio 100.000
[0.483s][debug][gc,phases         ] GC(18) Flush Task Caches 0.028ms
[0.483s][debug][gc,phases,start   ] GC(18) Update Remembered Set Tracking Before Rebuild
[0.483s][debug][gc,ergo           ] GC(18) Running G1 Update RemSet Tracking Before Rebuild using 1 workers for 229 regions in heap
[0.483s][debug][gc,remset,tracking] GC(18) Remembered Set Tracking update regions total 229, selected 57
[0.483s][debug][gc,phases         ] GC(18) Update Remembered Set Tracking Before Rebuild 0.109ms
[0.483s][debug][gc,phases,start   ] GC(18) Reclaim Empty Regions
[0.483s][debug][gc,phases         ] GC(18) Reclaim Empty Regions 0.141ms
[0.483s][debug][gc,phases,start   ] GC(18) Purge Metaspace
[0.483s][debug][gc,phases         ] GC(18) Purge Metaspace 0.023ms
[0.483s][debug][gc,ergo,heap      ] GC(18) Attempt heap expansion (capacity lower than min desired capacity). Capacity: 240123904B occupancy: 173015040B live: 170290816B min_desired_capacity: 268435456B (40 %)
[0.483s][debug][gc,ergo,heap      ] GC(18) Expand the heap. requested expansion amount: 28311552B expansion amount: 28311552B
[0.483s][debug][gc,heap,region    ] GC(18) Activate regions [227, 254)
[0.484s][debug][gc,ihop           ] GC(18) Target occupancy update: old: 240123904B, new: 268435456B
[0.484s][debug][gc,phases,start   ] GC(18) Report Object Count
[0.484s][debug][gc,phases         ] GC(18) Report Object Count 0.006ms
[0.484s][debug][gc,mmu            ] GC(18) MMU: 5.9ms (50.0ms/51.0ms)
[0.484s][info ][gc                ] GC(18) Pause Remark 162M->162M(256M) 2.090ms
[0.484s][info ][gc,cpu            ] GC(18) User=0.00s Sys=0.00s Real=0.00s
[0.484s][info ][gc,marking        ] GC(18) Concurrent Mark 3.942ms
[0.484s][info ][gc,marking        ] GC(18) Concurrent Rebuild Remembered Sets
[0.484s][info ][gc,marking        ] GC(18) Concurrent Rebuild Remembered Sets 0.349ms
[0.484s][info ][gc,start          ] GC(18) Pause Cleanup
[0.484s][debug][gc,phases,start   ] GC(18) Update Remembered Set Tracking After Rebuild
[0.484s][debug][gc,phases         ] GC(18) Update Remembered Set Tracking After Rebuild 0.050ms
[0.484s][debug][gc,phases,start   ] GC(18) Finalize Concurrent Mark Cleanup
[0.484s][debug][gc,ergo,cset      ] GC(18) Pruned 46 regions out of 56, leaving 13161072 bytes waste (allowed 13421772)
[0.484s][debug][gc,mmu            ] GC(18) MMU: 6.2ms (50.0ms/51.0ms)
[0.484s][debug][gc,phases         ] GC(18) Finalize Concurrent Mark Cleanup 0.230ms
[0.484s][info ][gc                ] GC(18) Pause Cleanup 162M->162M(256M) 0.304ms
[0.484s][info ][gc,cpu            ] GC(18) User=0.00s Sys=0.00s Real=0.00s
[0.484s][info ][gc,marking        ] GC(18) Concurrent Cleanup for Next Mark
[0.484s][debug][gc,ergo           ] GC(18) Running G1 Clear Bitmap with 3 workers for 4 work units.
[0.485s][info ][gc,marking        ] GC(18) Concurrent Cleanup for Next Mark 0.429ms
[0.485s][info ][gc                ] GC(18) Concurrent Mark Cycle 5.479ms
[0.521s][debug][gc,heap           ] GC(19) Heap before GC invocations=19 (full 1):
[0.522s][debug][gc,heap           ] GC(19)  garbage-first heap   total 262144K, used 187955K [0x00000000f0000000, 0x0000000100000000)
[0.522s][debug][gc,heap           ] GC(19)   region size 1024K, 15 young (15360K), 3 survivors (3072K)
[0.522s][debug][gc,heap           ] GC(19)  Metaspace       used 136K, committed 320K, reserved 1114112K
[0.522s][debug][gc,heap           ] GC(19)   class space    used 5K, committed 128K, reserved 1048576K
[0.522s][info ][gc,start          ] GC(19) Pause Young (Prepare Mixed) (G1 Evacuation Pause)
[0.522s][info ][gc,task           ] GC(19) Using 12 workers of 13 for evacuation
[0.522s][debug][gc,tlab           ] GC(19) TLAB totals: thrds: 5  refills: 5 max: 1 slow allocs: 172 max 35 waste: 42.0% gc: 237232B max: 48096B slow: 0B max: 0B
[0.522s][debug][gc,age            ] GC(19) Desired survivor size 1048576 bytes, new threshold 1 (max threshold 15)
[0.522s][debug][gc,refine,stats   ] GC(19) Mutator refinement: 0.00ms, refined: 0, precleaned: 0, dirtied: 4
[0.522s][debug][gc,refine,stats   ] GC(19) Concurrent refinement: 0.00ms, refined: 0, precleaned: 0, dirtied: 0
[0.522s][debug][gc,refine,stats   ] GC(19) Total refinement: 0.00ms, refined: 0, precleaned: 0, dirtied: 4
[0.522s][debug][gc,refine,stats   ] GC(19) Generate dirty cards rate: 0.10 cards/ms
[0.522s][debug][gc,alloc,region   ] GC(19) Mutator Allocation stats, regions: 12, wasted size: 661K ( 5.4%)
[0.522s][debug][gc,humongous      ] GC(19) Humongous region 0 (object size 1048592 @ 0x00000000f0000000) remset 1 code roots 0 marked 0 reclaim candidate 1 type array 1
[0.522s][debug][gc,humongous      ] GC(19) Humongous region 2 (object size 1048592 @ 0x00000000f0200000) remset 1 code roots 0 marked 0 reclaim candidate 1 type array 1
[0.522s][debug][gc,humongous      ] GC(19) Humongous region 4 (object size 1048592 @ 0x00000000f0400000) remset 1 code roots 0 marked 0 reclaim candidate 1 type array 1
[0.522s][debug][gc,humongous      ] GC(19) Humongous region 22 (object size 1048592 @ 0x00000000f1600000) remset 1 code roots 0 marked 0 reclaim candidate 1 type array 1
[0.522s][debug][gc,humongous      ] GC(19) Humongous region 85 (object size 10485776 @ 0x00000000f5500000) remset 0 code roots 0 marked 0 reclaim candidate 1 type array 1
[0.522s][debug][gc,humongous      ] GC(19) Humongous region 8 (object size 1048592 @ 0x00000000f0800000) remset 1 code roots 0 marked 0 reclaim candidate 1 type array 1
[0.522s][debug][gc,humongous      ] GC(19) Humongous region 12 (object size 1048592 @ 0x00000000f0c00000) remset 1 code roots 0 marked 0 reclaim candidate 1 type array 1
[0.522s][debug][gc,humongous      ] GC(19) Humongous region 20 (object size 1048592 @ 0x00000000f1400000) remset 1 code roots 0 marked 0 reclaim candidate 1 type array 1
[0.522s][debug][gc,humongous      ] GC(19) Humongous region 26 (object size 1048592 @ 0x00000000f1a00000) remset 1 code roots 0 marked 0 reclaim candidate 1 type array 1
[0.522s][debug][gc,humongous      ] GC(19) Humongous region 126 (object size 1048592 @ 0x00000000f7e00000) remset 0 code roots 0 marked 0 reclaim candidate 1 type array 1
[0.522s][debug][gc,humongous      ] GC(19) Humongous region 30 (object size 1048592 @ 0x00000000f1e00000) remset 1 code roots 0 marked 0 reclaim candidate 1 type array 1
[0.522s][debug][gc,humongous      ] GC(19) Humongous region 32 (object size 1048592 @ 0x00000000f2000000) remset 1 code roots 0 marked 0 reclaim candidate 1 type array 1
[0.522s][debug][gc,humongous      ] GC(19) Humongous region 10 (object size 1048592 @ 0x00000000f0a00000) remset 1 code roots 0 marked 0 reclaim candidate 1 type array 1
[0.522s][debug][gc,humongous      ] GC(19) Humongous region 14 (object size 1048592 @ 0x00000000f0e00000) remset 1 code roots 0 marked 0 reclaim candidate 1 type array 1
[0.522s][debug][gc,humongous      ] GC(19) Humongous region 38 (object size 1048592 @ 0x00000000f2600000) remset 1 code roots 0 marked 0 reclaim candidate 1 type array 1
[0.522s][debug][gc,humongous      ] GC(19) Humongous region 16 (object size 1048592 @ 0x00000000f1000000) remset 1 code roots 0 marked 0 reclaim candidate 1 type array 1
[0.522s][debug][gc,humongous      ] GC(19) Humongous region 24 (object size 1048592 @ 0x00000000f1800000) remset 1 code roots 0 marked 0 reclaim candidate 1 type array 1
[0.522s][debug][gc,humongous      ] GC(19) Humongous region 28 (object size 1048592 @ 0x00000000f1c00000) remset 1 code roots 0 marked 0 reclaim candidate 1 type array 1
[0.522s][debug][gc,humongous      ] GC(19) Humongous region 64 (object size 1048592 @ 0x00000000f4000000) remset 0 code roots 0 marked 0 reclaim candidate 1 type array 1
[0.522s][debug][gc,humongous      ] GC(19) Humongous region 34 (object size 1048592 @ 0x00000000f2200000) remset 1 code roots 0 marked 0 reclaim candidate 1 type array 1
[0.522s][debug][gc,humongous      ] GC(19) Humongous region 6 (object size 1048592 @ 0x00000000f0600000) remset 1 code roots 0 marked 0 reclaim candidate 1 type array 1
[0.522s][debug][gc,humongous      ] GC(19) Humongous region 36 (object size 1048592 @ 0x00000000f2400000) remset 1 code roots 0 marked 0 reclaim candidate 1 type array 1
[0.522s][debug][gc,humongous      ] GC(19) Humongous region 40 (object size 1048592 @ 0x00000000f2800000) remset 0 code roots 0 marked 0 reclaim candidate 1 type array 1
[0.522s][debug][gc,humongous      ] GC(19) Humongous region 18 (object size 1048592 @ 0x00000000f1200000) remset 1 code roots 0 marked 0 reclaim candidate 1 type array 1
[0.522s][debug][gc,humongous      ] GC(19) Humongous region 83 (object size 1048592 @ 0x00000000f5300000) remset 0 code roots 0 marked 0 reclaim candidate 1 type array 1
[0.522s][debug][gc,humongous      ] GC(19) Humongous region 60 (object size 1048592 @ 0x00000000f3c00000) remset 0 code roots 0 marked 0 reclaim candidate 1 type array 1
[0.522s][debug][gc,humongous      ] GC(19) Humongous region 159 (object size 10485776 @ 0x00000000f9f00000) remset 0 code roots 0 marked 0 reclaim candidate 1 type array 1
[0.522s][debug][gc,ergo           ] GC(19) Running G1 Merge Heap Roots using 12 workers for 15 regions
[0.523s][debug][gc,remset         ] GC(19) Visited cards 128 Total dirty 4096 (3.12%) Total old 413696 (0.03%)
[0.524s][debug][gc,ref            ] GC(19) Skipped phase 1 of Reference Processing: no references
[0.524s][debug][gc,ref            ] GC(19) Skipped phase 2 of Reference Processing: no references
[0.524s][debug][gc,ref            ] GC(19) Skipped phase 3 of Reference Processing: no references
[0.524s][debug][gc,ref            ] GC(19) Skipped phase 4 of Reference Processing: no references
[0.524s][debug][gc,ergo           ] GC(19) Running G1 Rebuild Free List Task using 12 workers for rebuilding free list of regions
[0.525s][debug][gc,plab           ] GC(19) Young PLAB allocation: allocated: 0B, wasted: 0B, unused: 0B, used: 0B, undo waste: 0B, 
[0.525s][debug][gc,plab           ] GC(19) Young other allocation: region end waste: 130592B, regions filled: 2, direct allocated: 1966560B, failure used: 0B, failure wasted: 0B
[0.525s][debug][gc,plab           ] GC(19) Young sizing: calculated: 0B, actual: 2064B
[0.525s][debug][gc,plab           ] GC(19) Old PLAB allocation: allocated: 0B, wasted: 0B, unused: 0B, used: 0B, undo waste: 0B, 
[0.525s][debug][gc,plab           ] GC(19) Old other allocation: region end waste: 775632B, regions filled: 13, direct allocated: 12265648B, failure used: 0B, failure wasted: 0B
[0.525s][debug][gc,plab           ] GC(19) Old sizing: calculated: 0B, actual: 2064B
[0.525s][debug][gc,ergo,heap      ] GC(19) Heap expansion: short term pause time ratio 31.97% long term pause time ratio 10.66% threshold 7.69% pause time ratio 7.69% fully expanded true resize by 0B
[0.525s][debug][gc,mmu            ] GC(19) MMU: 9.3ms (50.0ms/51.0ms)
[0.525s][debug][gc,alloc,stats    ] Old generation allocation in the last mutator period, old gen allocated: 0B, humongous allocated: 11534336B,old gen growth: 11534336B.
[0.525s][debug][gc,ihop           ] GC(19) Basic information (value update), threshold: 223393425B (83.22), target occupancy: 268435456B, current occupancy: 192925488B, recent allocation size: 11534336B, recent allocation duration: 40.38ms, recent old gen allocation rate: 285636724.75B/s, recent marking phase length: 59.79ms
[0.525s][debug][gc,ihop           ] GC(19) Adaptive IHOP information (value update), threshold: 223393425B (97.91), internal target occupancy: 228170137B, occupancy: 192925488B, additional buffer size: 0B, predicted old gen allocation rate: 66388277.42B/s, predicted marking phase length: 71.95ms, prediction active: true
[0.525s][debug][gc,ergo,refine    ] GC(19) Concurrent refinement times: Logged Cards Scan time goal: 5.00ms Logged Cards Scan time: 0.00ms HCC time: 0.00ms
[0.525s][debug][gc,ergo,refine    ] GC(19) Updated Refinement Zones: green: 3328, yellow: 9984, red: 16640
[0.525s][info ][gc,phases         ] GC(19)   Pre Evacuate Collection Set: 0.8ms
[0.525s][debug][gc,phases         ] GC(19)     Prepare TLABs: 0.0ms
[0.525s][debug][gc,phases         ] GC(19)     Concatenate Dirty Card Logs: 0.0ms
[0.525s][debug][gc,phases         ] GC(19)     Choose Collection Set: 0.0ms
[0.525s][debug][gc,phases         ] GC(19)     Region Register: 0.8ms
[0.525s][debug][gc,phases         ] GC(19)     Prepare Heap Roots: 0.0ms
[0.525s][info ][gc,phases         ] GC(19)   Merge Heap Roots: 0.2ms
[0.525s][debug][gc,phases         ] GC(19)     Prepare Merge Heap Roots: 0.0ms
[0.525s][debug][gc,phases         ] GC(19)     Eager Reclaim (ms):            Min:  0.0, Avg:  0.0, Max:  0.0, Diff:  0.0, Sum:  0.0, Workers: 1
[0.525s][debug][gc,phases         ] GC(19)     Remembered Sets (ms):          Min:  0.0, Avg:  0.0, Max:  0.0, Diff:  0.0, Sum:  0.0, Workers: 12
[0.525s][debug][gc,phases         ] GC(19)       Merged Sparse:                 Min: 0, Avg:  1.8, Max: 21, Diff: 21, Sum: 21, Workers: 12
[0.525s][debug][gc,phases         ] GC(19)       Merged Fine:                   Min: 0, Avg:  0.0, Max: 0, Diff: 0, Sum: 0, Workers: 12
[0.525s][debug][gc,phases         ] GC(19)       Merged Coarse:                 Min: 0, Avg:  0.0, Max: 0, Diff: 0, Sum: 0, Workers: 12
[0.525s][debug][gc,phases         ] GC(19)       Dirty Cards:                   Min: 0, Avg:  0.0, Max: 0, Diff: 0, Sum: 0, Workers: 12
[0.525s][debug][gc,phases         ] GC(19)     Hot Card Cache (ms):           Min:  0.0, Avg:  0.0, Max:  0.0, Diff:  0.0, Sum:  0.0, Workers: 12
[0.525s][debug][gc,phases         ] GC(19)       Dirty Cards:                   Min: 0, Avg:  0.0, Max: 0, Diff: 0, Sum: 0, Workers: 12
[0.525s][debug][gc,phases         ] GC(19)       Skipped Cards:                 Min: 0, Avg:  0.0, Max: 0, Diff: 0, Sum: 0, Workers: 12
[0.525s][debug][gc,phases         ] GC(19)     Log Buffers (ms):              Min:  0.0, Avg:  0.0, Max:  0.0, Diff:  0.0, Sum:  0.0, Workers: 12
[0.525s][debug][gc,phases         ] GC(19)       Dirty Cards:                   Min: 0, Avg:  0.3, Max: 4, Diff: 4, Sum: 4, Workers: 12
[0.525s][debug][gc,phases         ] GC(19)       Skipped Cards:                 Min: 0, Avg:  0.0, Max: 0, Diff: 0, Sum: 0, Workers: 12
[0.525s][info ][gc,phases         ] GC(19)   Evacuate Collection Set: 1.5ms
[0.525s][debug][gc,phases         ] GC(19)     Ext Root Scanning (ms):        Min:  0.0, Avg:  0.0, Max:  0.1, Diff:  0.1, Sum:  0.4, Workers: 12
[0.525s][debug][gc,phases         ] GC(19)     Scan Heap Roots (ms):          Min:  0.0, Avg:  0.0, Max:  0.0, Diff:  0.0, Sum:  0.0, Workers: 12
[0.525s][debug][gc,phases         ] GC(19)       Scanned Cards:                 Min: 0, Avg:  0.6, Max: 3, Diff: 3, Sum: 7, Workers: 12
[0.525s][debug][gc,phases         ] GC(19)       Scanned Blocks:                Min: 0, Avg:  0.7, Max: 4, Diff: 4, Sum: 8, Workers: 12
[0.525s][debug][gc,phases         ] GC(19)       Claimed Chunks:                Min: 0, Avg:  0.3, Max: 2, Diff: 2, Sum: 4, Workers: 12
[0.525s][debug][gc,phases         ] GC(19)     Code Root Scan (ms):           Min:  0.0, Avg:  0.0, Max:  0.0, Diff:  0.0, Sum:  0.0, Workers: 12
[0.525s][debug][gc,phases         ] GC(19)     Object Copy (ms):              Min:  1.0, Avg:  1.0, Max:  1.1, Diff:  0.1, Sum: 12.3, Workers: 12
[0.525s][debug][gc,phases         ] GC(19)     Termination (ms):              Min:  0.2, Avg:  0.2, Max:  0.3, Diff:  0.1, Sum:  2.6, Workers: 12
[0.525s][debug][gc,phases         ] GC(19)       Termination Attempts:          Min: 1, Avg:  1.2, Max: 2, Diff: 1, Sum: 14, Workers: 12
[0.525s][debug][gc,phases         ] GC(19)     GC Worker Other (ms):          Min:  0.0, Avg:  0.0, Max:  0.0, Diff:  0.0, Sum:  0.1, Workers: 12
[0.525s][debug][gc,phases         ] GC(19)     GC Worker Total (ms):          Min:  1.2, Avg:  1.3, Max:  1.4, Diff:  0.2, Sum: 15.4, Workers: 12
[0.525s][info ][gc,phases         ] GC(19)   Post Evacuate Collection Set: 0.5ms
[0.525s][debug][gc,phases         ] GC(19)     Code Roots Fixup: 0.0ms
[0.525s][debug][gc,phases         ] GC(19)     Reference Processing: 0.0ms
[0.525s][debug][gc,phases,ref     ] GC(19)       Reconsider SoftReferences: 0.0ms
[0.525s][debug][gc,phases,ref     ] GC(19)         SoftRef (ms):                  skipped
[0.525s][debug][gc,phases,ref     ] GC(19)       Notify Soft/WeakReferences: 0.0ms
[0.525s][debug][gc,phases,ref     ] GC(19)         SoftRef (ms):                  skipped
[0.525s][debug][gc,phases,ref     ] GC(19)         WeakRef (ms):                  skipped
[0.525s][debug][gc,phases,ref     ] GC(19)         FinalRef (ms):                 skipped
[0.525s][debug][gc,phases,ref     ] GC(19)         Total (ms):                    skipped
[0.525s][debug][gc,phases,ref     ] GC(19)       Notify and keep alive finalizable: 0.0ms
[0.525s][debug][gc,phases,ref     ] GC(19)         FinalRef (ms):                 skipped
[0.525s][debug][gc,phases,ref     ] GC(19)       Notify PhantomReferences: 0.0ms
[0.525s][debug][gc,phases,ref     ] GC(19)         PhantomRef (ms):               skipped
[0.525s][debug][gc,phases,ref     ] GC(19)       SoftReference:
[0.525s][debug][gc,phases,ref     ] GC(19)         Discovered: 0
[0.525s][debug][gc,phases,ref     ] GC(19)         Cleared: 0
[0.525s][debug][gc,phases,ref     ] GC(19)       WeakReference:
[0.525s][debug][gc,phases,ref     ] GC(19)         Discovered: 0
[0.525s][debug][gc,phases,ref     ] GC(19)         Cleared: 0
[0.525s][debug][gc,phases,ref     ] GC(19)       FinalReference:
[0.525s][debug][gc,phases,ref     ] GC(19)         Discovered: 0
[0.525s][debug][gc,phases,ref     ] GC(19)         Cleared: 0
[0.525s][debug][gc,phases,ref     ] GC(19)       PhantomReference:
[0.525s][debug][gc,phases,ref     ] GC(19)         Discovered: 0
[0.525s][debug][gc,phases,ref     ] GC(19)         Cleared: 0
[0.525s][debug][gc,phases         ] GC(19)     Weak Processing: 0.1ms
[0.525s][debug][gc,phases         ] GC(19)       VM Weak                        Min:  0.0, Avg:  0.0, Max:  0.0, Diff:  0.0, Sum:  0.0, Workers: 1
[0.525s][debug][gc,phases         ] GC(19)         Dead                           Min: 0, Avg:  0.0, Max: 0, Diff: 0, Sum: 0, Workers: 1
[0.525s][debug][gc,phases         ] GC(19)         Total                          Min: 4, Avg:  4.0, Max: 4, Diff: 0, Sum: 4, Workers: 1
[0.525s][debug][gc,phases         ] GC(19)       ObjectSynchronizer Weak        Min:  0.0, Avg:  0.0, Max:  0.0, Diff:  0.0, Sum:  0.0, Workers: 1
[0.525s][debug][gc,phases         ] GC(19)         Dead                           Min: 0, Avg:  0.0, Max: 0, Diff: 0, Sum: 0, Workers: 1
[0.525s][debug][gc,phases         ] GC(19)         Total                          Min: 4, Avg:  4.0, Max: 4, Diff: 0, Sum: 4, Workers: 1
[0.525s][debug][gc,phases         ] GC(19)       JVMTI Tag Weak OopStorage      Min:  0.0, Avg:  0.0, Max:  0.0, Diff:  0.0, Sum:  0.0, Workers: 1
[0.525s][debug][gc,phases         ] GC(19)         Dead                           Min: 0, Avg:  0.0, Max: 0, Diff: 0, Sum: 0, Workers: 1
[0.525s][debug][gc,phases         ] GC(19)         Total                          Min: 0, Avg:  0.0, Max: 0, Diff: 0, Sum: 0, Workers: 1
[0.525s][debug][gc,phases         ] GC(19)       StringTable Weak               Min:  0.0, Avg:  0.0, Max:  0.0, Diff:  0.0, Sum:  0.0, Workers: 1
[0.525s][debug][gc,phases         ] GC(19)         Dead                           Min: 0, Avg:  0.0, Max: 0, Diff: 0, Sum: 0, Workers: 1
[0.525s][debug][gc,phases         ] GC(19)         Total                          Min: 39, Avg: 39.0, Max: 39, Diff: 0, Sum: 39, Workers: 1
[0.525s][debug][gc,phases         ] GC(19)       ResolvedMethodTable Weak       Min:  0.0, Avg:  0.0, Max:  0.0, Diff:  0.0, Sum:  0.0, Workers: 1
[0.525s][debug][gc,phases         ] GC(19)         Dead                           Min: 0, Avg:  0.0, Max: 0, Diff: 0, Sum: 0, Workers: 1
[0.525s][debug][gc,phases         ] GC(19)         Total                          Min: 22, Avg: 22.0, Max: 22, Diff: 0, Sum: 22, Workers: 1
[0.525s][debug][gc,phases         ] GC(19)       JNI Weak                       Min:  0.0, Avg:  0.0, Max:  0.0, Diff:  0.0, Sum:  0.0, Workers: 1
[0.525s][debug][gc,phases         ] GC(19)         Dead                           Min: 0, Avg:  0.0, Max: 0, Diff: 0, Sum: 0, Workers: 1
[0.525s][debug][gc,phases         ] GC(19)         Total                          Min: 0, Avg:  0.0, Max: 0, Diff: 0, Sum: 0, Workers: 1
[0.525s][debug][gc,phases         ] GC(19)       StringDedup Table Weak         Min:  0.0, Avg:  0.0, Max:  0.0, Diff:  0.0, Sum:  0.0, Workers: 1
[0.525s][debug][gc,phases         ] GC(19)         Dead                           Min: 0, Avg:  0.0, Max: 0, Diff: 0, Sum: 0, Workers: 1
[0.525s][debug][gc,phases         ] GC(19)         Total                          Min: 0, Avg:  0.0, Max: 0, Diff: 0, Sum: 0, Workers: 1
[0.525s][debug][gc,phases         ] GC(19)       StringDedup Requests0 Weak     Min:  0.0, Avg:  0.0, Max:  0.0, Diff:  0.0, Sum:  0.0, Workers: 1
[0.525s][debug][gc,phases         ] GC(19)         Dead                           Min: 0, Avg:  0.0, Max: 0, Diff: 0, Sum: 0, Workers: 1
[0.525s][debug][gc,phases         ] GC(19)         Total                          Min: 0, Avg:  0.0, Max: 0, Diff: 0, Sum: 0, Workers: 1
[0.525s][debug][gc,phases         ] GC(19)       StringDedup Requests1 Weak     Min:  0.0, Avg:  0.0, Max:  0.0, Diff:  0.0, Sum:  0.0, Workers: 1
[0.525s][debug][gc,phases         ] GC(19)         Dead                           Min: 0, Avg:  0.0, Max: 0, Diff: 0, Sum: 0, Workers: 1
[0.525s][debug][gc,phases         ] GC(19)         Total                          Min: 0, Avg:  0.0, Max: 0, Diff: 0, Sum: 0, Workers: 1
[0.525s][debug][gc,phases         ] GC(19)       Weak JFR Old Object Samples    Min:  0.0, Avg:  0.0, Max:  0.0, Diff:  0.0, Sum:  0.0, Workers: 1
[0.525s][debug][gc,phases         ] GC(19)         Dead                           Min: 0, Avg:  0.0, Max: 0, Diff: 0, Sum: 0, Workers: 1
[0.525s][debug][gc,phases         ] GC(19)         Total                          Min: 0, Avg:  0.0, Max: 0, Diff: 0, Sum: 0, Workers: 1
[0.525s][debug][gc,phases         ] GC(19)     Post Evacuate Cleanup 1: 0.1ms
[0.525s][debug][gc,phases         ] GC(19)       Merge Per-Thread State (ms):   Min:  0.0, Avg:  0.0, Max:  0.0, Diff:  0.0, Sum:  0.0, Workers: 1
[0.525s][debug][gc,phases         ] GC(19)         Copied Bytes                   Min: 852176, Avg: 1186017.3, Max: 1769904, Diff: 917728, Sum: 14232208, Workers: 12
[0.525s][debug][gc,phases         ] GC(19)         LAB Waste                      Min: 0, Avg:  0.0, Max: 0, Diff: 0, Sum: 0, Workers: 12
[0.525s][debug][gc,phases         ] GC(19)         LAB Undo Waste                 Min: 0, Avg:  0.0, Max: 0, Diff: 0, Sum: 0, Workers: 12
[0.525s][debug][gc,phases         ] GC(19)       Clear Logged Cards (ms):       Min:  0.0, Avg:  0.0, Max:  0.0, Diff:  0.0, Sum:  0.0, Workers: 3
[0.525s][debug][gc,phases         ] GC(19)       Recalculate Used Memory (ms):  Min:  0.0, Avg:  0.0, Max:  0.0, Diff:  0.0, Sum:  0.0, Workers: 1
[0.525s][debug][gc,phases         ] GC(19)     Post Evacuate Cleanup 2: 0.2ms
[0.525s][debug][gc,phases         ] GC(19)       Reset Hot Card Cache (ms):     Min:  0.0, Avg:  0.0, Max:  0.0, Diff:  0.0, Sum:  0.0, Workers: 1
[0.525s][debug][gc,phases         ] GC(19)       Purge Code Roots (ms):         Min:  0.0, Avg:  0.0, Max:  0.0, Diff:  0.0, Sum:  0.0, Workers: 1
[0.525s][debug][gc,phases         ] GC(19)       Update Derived Pointers (ms):  Min:  0.0, Avg:  0.0, Max:  0.0, Diff:  0.0, Sum:  0.0, Workers: 1
[0.525s][debug][gc,phases         ] GC(19)       Eagerly Reclaim Humongous Objects (ms): Min:  0.0, Avg:  0.0, Max:  0.0, Diff:  0.0, Sum:  0.0, Workers: 1
[0.525s][debug][gc,phases         ] GC(19)         Humongous Total                Min: 27, Avg: 27.0, Max: 27, Diff: 0, Sum: 27, Workers: 1
[0.525s][debug][gc,phases         ] GC(19)         Humongous Candidates           Min: 27, Avg: 27.0, Max: 27, Diff: 0, Sum: 27, Workers: 1
[0.525s][debug][gc,phases         ] GC(19)         Humongous Reclaimed            Min: 0, Avg:  0.0, Max: 0, Diff: 0, Sum: 0, Workers: 1
[0.525s][debug][gc,phases         ] GC(19)       Redirty Logged Cards (ms):     Min:  0.0, Avg:  0.0, Max:  0.0, Diff:  0.0, Sum:  0.0, Workers: 12
[0.525s][debug][gc,phases         ] GC(19)         Redirtied Cards:               Min: 0, Avg:  1.7, Max: 20, Diff: 20, Sum: 20, Workers: 12
[0.525s][debug][gc,phases         ] GC(19)       Free Collection Set (ms):      Min:  0.0, Avg:  0.0, Max:  0.0, Diff:  0.0, Sum:  0.0, Workers: 12
[0.525s][debug][gc,phases         ] GC(19)     Rebuild Free List: 0.2ms
[0.525s][debug][gc,phases         ] GC(19)     Start New Collection Set: 0.0ms
[0.525s][debug][gc,phases         ] GC(19)     Resize TLABs: 0.0ms
[0.525s][debug][gc,phases         ] GC(19)     Expand Heap After Collection: 0.0ms
[0.525s][info ][gc,phases         ] GC(19)   Other: 0.3ms
[0.526s][info ][gc,heap           ] GC(19) Eden regions: 12->0(10)
[0.526s][info ][gc,heap           ] GC(19) Survivor regions: 3->2(2)
[0.526s][info ][gc,heap           ] GC(19) Old regions: 98->110
[0.526s][info ][gc,heap           ] GC(19) Archive regions: 2->2
[0.526s][info ][gc,heap           ] GC(19) Humongous regions: 72->72
[0.526s][info ][gc,metaspace      ] GC(19) Metaspace: 136K(320K)->136K(320K) NonClass: 130K(192K)->130K(192K) Class: 5K(128K)->5K(128K)
[0.526s][debug][gc,heap           ] GC(19) Heap after GC invocations=20 (full 1):
[0.526s][debug][gc,heap           ] GC(19)  garbage-first heap   total 262144K, used 188403K [0x00000000f0000000, 0x0000000100000000)
[0.526s][debug][gc,heap           ] GC(19)   region size 1024K, 2 young (2048K), 2 survivors (2048K)
[0.526s][debug][gc,heap           ] GC(19)  Metaspace       used 136K, committed 320K, reserved 1114112K
[0.526s][debug][gc,heap           ] GC(19)   class space    used 5K, committed 128K, reserved 1048576K
[0.526s][info ][gc                ] GC(19) Pause Young (Prepare Mixed) (G1 Evacuation Pause) 184M->183M(256M) 4.009ms
[0.526s][info ][gc,cpu            ] GC(19) User=0.01s Sys=0.00s Real=0.01s
[0.558s][debug][gc,heap           ] GC(20) Heap before GC invocations=20 (full 1):
[0.558s][debug][gc,heap           ] GC(20)  garbage-first heap   total 262144K, used 197619K [0x00000000f0000000, 0x0000000100000000)
[0.558s][debug][gc,heap           ] GC(20)   region size 1024K, 12 young (12288K), 2 survivors (2048K)
[0.558s][debug][gc,heap           ] GC(20)  Metaspace       used 136K, committed 320K, reserved 1114112K
[0.558s][debug][gc,heap           ] GC(20)   class space    used 5K, committed 128K, reserved 1048576K
[0.558s][info ][gc,start          ] GC(20) Pause Young (Mixed) (G1 Evacuation Pause)
[0.558s][info ][gc,task           ] GC(20) Using 12 workers of 13 for evacuation
[0.558s][debug][gc,tlab           ] GC(20) TLAB totals: thrds: 5  refills: 5 max: 1 slow allocs: 143 max 29 waste: 37.4% gc: 196216B max: 39816B slow: 0B max: 0B
[0.558s][debug][gc,age            ] GC(20) Desired survivor size 1048576 bytes, new threshold 1 (max threshold 15)
[0.558s][debug][gc,refine,stats   ] GC(20) Mutator refinement: 0.00ms, refined: 0, precleaned: 0, dirtied: 3
[0.558s][debug][gc,refine,stats   ] GC(20) Concurrent refinement: 0.00ms, refined: 0, precleaned: 0, dirtied: 0
[0.558s][debug][gc,refine,stats   ] GC(20) Total refinement: 0.00ms, refined: 0, precleaned: 0, dirtied: 3
[0.558s][debug][gc,refine,stats   ] GC(20) Generate dirty cards rate: 0.09 cards/ms
[0.558s][debug][gc,alloc,region   ] GC(20) Mutator Allocation stats, regions: 10, wasted size: 510K ( 5.0%)
[0.558s][debug][gc,ergo,cset      ] GC(20) Start adding old regions to collection set. Min 2 regions, max 26 regions, time remaining 42.75ms, optional threshold 8.55ms
[0.558s][debug][gc,ergo,cset      ] GC(20) Old candidate collection set empty.
[0.558s][debug][gc,ergo,cset      ] GC(20) Finish choosing collection set old regions. Initial: 10, optional: 0, predicted old time: 0.00ms, predicted optional time: 0.00ms, time remaining: 38.51
[0.558s][debug][gc,humongous      ] GC(20) Humongous region 0 (object size 1048592 @ 0x00000000f0000000) remset 0 code roots 0 marked 0 reclaim candidate 1 type array 1
[0.558s][debug][gc,humongous      ] GC(20) Humongous region 22 (object size 1048592 @ 0x00000000f1600000) remset 0 code roots 0 marked 0 reclaim candidate 1 type array 1
[0.558s][debug][gc,humongous      ] GC(20) Humongous region 85 (object size 10485776 @ 0x00000000f5500000) remset 0 code roots 0 marked 0 reclaim candidate 1 type array 1
[0.558s][debug][gc,humongous      ] GC(20) Humongous region 24 (object size 1048592 @ 0x00000000f1800000) remset 0 code roots 0 marked 0 reclaim candidate 1 type array 1
[0.558s][debug][gc,humongous      ] GC(20) Humongous region 126 (object size 1048592 @ 0x00000000f7e00000) remset 0 code roots 0 marked 0 reclaim candidate 1 type array 1
[0.558s][debug][gc,humongous      ] GC(20) Humongous region 64 (object size 1048592 @ 0x00000000f4000000) remset 0 code roots 0 marked 0 reclaim candidate 1 type array 1
[0.558s][debug][gc,humongous      ] GC(20) Humongous region 12 (object size 1048592 @ 0x00000000f0c00000) remset 0 code roots 0 marked 0 reclaim candidate 1 type array 1
[0.558s][debug][gc,humongous      ] GC(20) Humongous region 14 (object size 1048592 @ 0x00000000f0e00000) remset 0 code roots 0 marked 0 reclaim candidate 1 type array 1
[0.558s][debug][gc,humongous      ] GC(20) Humongous region 16 (object size 1048592 @ 0x00000000f1000000) remset 0 code roots 0 marked 0 reclaim candidate 1 type array 1
[0.558s][debug][gc,humongous      ] GC(20) Humongous region 26 (object size 1048592 @ 0x00000000f1a00000) remset 0 code roots 0 marked 0 reclaim candidate 1 type array 1
[0.558s][debug][gc,humongous      ] GC(20) Humongous region 4 (object size 1048592 @ 0x00000000f0400000) remset 0 code roots 0 marked 0 reclaim candidate 1 type array 1
[0.558s][debug][gc,humongous      ] GC(20) Humongous region 8 (object size 1048592 @ 0x00000000f0800000) remset 0 code roots 0 marked 0 reclaim candidate 1 type array 1
[0.558s][debug][gc,humongous      ] GC(20) Humongous region 32 (object size 1048592 @ 0x00000000f2000000) remset 0 code roots 0 marked 0 reclaim candidate 1 type array 1
[0.558s][debug][gc,humongous      ] GC(20) Humongous region 10 (object size 1048592 @ 0x00000000f0a00000) remset 0 code roots 0 marked 0 reclaim candidate 1 type array 1
[0.558s][debug][gc,humongous      ] GC(20) Humongous region 36 (object size 1048592 @ 0x00000000f2400000) remset 0 code roots 0 marked 0 reclaim candidate 1 type array 1
[0.558s][debug][gc,humongous      ] GC(20) Humongous region 38 (object size 1048592 @ 0x00000000f2600000) remset 0 code roots 0 marked 0 reclaim candidate 1 type array 1
[0.558s][debug][gc,humongous      ] GC(20) Humongous region 40 (object size 1048592 @ 0x00000000f2800000) remset 0 code roots 0 marked 0 reclaim candidate 1 type array 1
[0.558s][debug][gc,humongous      ] GC(20) Humongous region 18 (object size 1048592 @ 0x00000000f1200000) remset 0 code roots 0 marked 0 reclaim candidate 1 type array 1
[0.558s][debug][gc,humongous      ] GC(20) Humongous region 20 (object size 1048592 @ 0x00000000f1400000) remset 0 code roots 0 marked 0 reclaim candidate 1 type array 1
[0.558s][debug][gc,humongous      ] GC(20) Humongous region 28 (object size 1048592 @ 0x00000000f1c00000) remset 0 code roots 0 marked 0 reclaim candidate 1 type array 1
[0.558s][debug][gc,humongous      ] GC(20) Humongous region 30 (object size 1048592 @ 0x00000000f1e00000) remset 0 code roots 0 marked 0 reclaim candidate 1 type array 1
[0.558s][debug][gc,humongous      ] GC(20) Humongous region 6 (object size 1048592 @ 0x00000000f0600000) remset 0 code roots 0 marked 0 reclaim candidate 1 type array 1
[0.558s][debug][gc,humongous      ] GC(20) Humongous region 60 (object size 1048592 @ 0x00000000f3c00000) remset 0 code roots 0 marked 0 reclaim candidate 1 type array 1
[0.558s][debug][gc,humongous      ] GC(20) Humongous region 2 (object size 1048592 @ 0x00000000f0200000) remset 0 code roots 0 marked 0 reclaim candidate 1 type array 1
[0.558s][debug][gc,humongous      ] GC(20) Humongous region 83 (object size 1048592 @ 0x00000000f5300000) remset 0 code roots 0 marked 0 reclaim candidate 1 type array 1
[0.558s][debug][gc,humongous      ] GC(20) Humongous region 159 (object size 10485776 @ 0x00000000f9f00000) remset 0 code roots 0 marked 0 reclaim candidate 1 type array 1
[0.558s][debug][gc,humongous      ] GC(20) Humongous region 34 (object size 1048592 @ 0x00000000f2200000) remset 0 code roots 0 marked 0 reclaim candidate 1 type array 1
[0.559s][debug][gc,ergo           ] GC(20) Running G1 Merge Heap Roots using 12 workers for 22 regions
[0.559s][debug][gc,remset         ] GC(20) Visited cards 64 Total dirty 4096 (1.56%) Total old 446464 (0.01%)
[0.561s][debug][gc,ref            ] GC(20) Skipped phase 1 of Reference Processing: no references
[0.561s][debug][gc,ref            ] GC(20) Skipped phase 2 of Reference Processing: no references
[0.561s][debug][gc,ref            ] GC(20) Skipped phase 3 of Reference Processing: no references
[0.561s][debug][gc,ref            ] GC(20) Skipped phase 4 of Reference Processing: no references
[0.561s][debug][gc,ergo           ] GC(20) Running G1 Rebuild Free List Task using 12 workers for rebuilding free list of regions
[0.561s][debug][gc,plab           ] GC(20) Young PLAB allocation: allocated: 0B, wasted: 0B, unused: 0B, used: 0B, undo waste: 0B, 
[0.561s][debug][gc,plab           ] GC(20) Young other allocation: region end waste: 130592B, regions filled: 2, direct allocated: 1966560B, failure used: 0B, failure wasted: 0B
[0.561s][debug][gc,plab           ] GC(20) Young sizing: calculated: 0B, actual: 2064B
[0.561s][debug][gc,plab           ] GC(20) Old PLAB allocation: allocated: 0B, wasted: 0B, unused: 0B, used: 0B, undo waste: 0B, 
[0.561s][debug][gc,plab           ] GC(20) Old other allocation: region end waste: 913760B, regions filled: 15, direct allocated: 14028128B, failure used: 0B, failure wasted: 0B
[0.561s][debug][gc,plab           ] GC(20) Old sizing: calculated: 0B, actual: 2064B
[0.561s][debug][gc,ergo,heap      ] GC(20) Heap expansion: short term pause time ratio 7.74% long term pause time ratio 10.44% threshold 7.69% pause time ratio 7.69% fully expanded true resize by 0B
[0.561s][debug][gc,mmu            ] GC(20) MMU: 6.5ms (50.0ms/51.0ms)
[0.561s][debug][gc,ergo           ] GC(20) do not continue mixed GCs (candidate old regions not available)
[0.561s][debug][gc,alloc,stats    ] Old generation allocation in the last mutator period, old gen allocated: 0B, humongous allocated: 0B,old gen growth: 0B.
[0.561s][debug][gc,ihop           ] GC(20) Basic information (value update), threshold: 224083460B (83.48), target occupancy: 268435456B, current occupancy: 197381936B, recent allocation size: 0B, recent allocation duration: 40.38ms, recent old gen allocation rate: 0.00B/s, recent marking phase length: 73.53ms
[0.561s][debug][gc,ihop           ] GC(20) Adaptive IHOP information (value update), threshold: 224083460B (98.21), internal target occupancy: 228170137B, occupancy: 197381936B, additional buffer size: 0B, predicted old gen allocation rate: 66388277.42B/s, predicted marking phase length: 61.56ms, prediction active: true
[0.561s][debug][gc,ergo,refine    ] GC(20) Concurrent refinement times: Logged Cards Scan time goal: 5.00ms Logged Cards Scan time: 0.00ms HCC time: 0.00ms
[0.561s][debug][gc,ergo,refine    ] GC(20) Updated Refinement Zones: green: 3328, yellow: 9984, red: 16640
[0.561s][info ][gc,phases         ] GC(20)   Pre Evacuate Collection Set: 0.8ms
[0.561s][debug][gc,phases         ] GC(20)     Prepare TLABs: 0.0ms
[0.561s][debug][gc,phases         ] GC(20)     Concatenate Dirty Card Logs: 0.0ms
[0.561s][debug][gc,phases         ] GC(20)     Choose Collection Set: 0.1ms
[0.562s][debug][gc,phases         ] GC(20)     Region Register: 0.6ms
[0.562s][debug][gc,phases         ] GC(20)     Prepare Heap Roots: 0.0ms
[0.562s][info ][gc,phases         ] GC(20)   Merge Heap Roots: 0.2ms
[0.562s][debug][gc,phases         ] GC(20)     Prepare Merge Heap Roots: 0.0ms
[0.562s][debug][gc,phases         ] GC(20)     Eager Reclaim (ms):            Min:  0.0, Avg:  0.0, Max:  0.0, Diff:  0.0, Sum:  0.0, Workers: 1
[0.562s][debug][gc,phases         ] GC(20)     Remembered Sets (ms):          Min:  0.0, Avg:  0.0, Max:  0.0, Diff:  0.0, Sum:  0.0, Workers: 12
[0.562s][debug][gc,phases         ] GC(20)       Merged Sparse:                 Min: 0, Avg:  0.0, Max: 0, Diff: 0, Sum: 0, Workers: 12
[0.562s][debug][gc,phases         ] GC(20)       Merged Fine:                   Min: 0, Avg:  0.0, Max: 0, Diff: 0, Sum: 0, Workers: 12
[0.562s][debug][gc,phases         ] GC(20)       Merged Coarse:                 Min: 0, Avg:  0.0, Max: 0, Diff: 0, Sum: 0, Workers: 12
[0.562s][debug][gc,phases         ] GC(20)       Dirty Cards:                   Min: 0, Avg:  0.0, Max: 0, Diff: 0, Sum: 0, Workers: 12
[0.562s][debug][gc,phases         ] GC(20)     Hot Card Cache (ms):           Min:  0.0, Avg:  0.0, Max:  0.0, Diff:  0.0, Sum:  0.0, Workers: 12
[0.563s][debug][gc,phases         ] GC(20)       Dirty Cards:                   Min: 0, Avg:  0.0, Max: 0, Diff: 0, Sum: 0, Workers: 12
[0.563s][debug][gc,phases         ] GC(20)       Skipped Cards:                 Min: 0, Avg:  0.0, Max: 0, Diff: 0, Sum: 0, Workers: 12
[0.563s][debug][gc,phases         ] GC(20)     Log Buffers (ms):              Min:  0.0, Avg:  0.0, Max:  0.0, Diff:  0.0, Sum:  0.0, Workers: 12
[0.563s][debug][gc,phases         ] GC(20)       Dirty Cards:                   Min: 0, Avg:  1.2, Max: 14, Diff: 14, Sum: 14, Workers: 12
[0.563s][debug][gc,phases         ] GC(20)       Skipped Cards:                 Min: 0, Avg:  0.0, Max: 0, Diff: 0, Sum: 0, Workers: 12
[0.563s][info ][gc,phases         ] GC(20)   Evacuate Collection Set: 1.8ms
[0.563s][debug][gc,phases         ] GC(20)     Ext Root Scanning (ms):        Min:  0.0, Avg:  0.0, Max:  0.1, Diff:  0.1, Sum:  0.3, Workers: 12
[0.563s][debug][gc,phases         ] GC(20)     Scan Heap Roots (ms):          Min:  0.0, Avg:  0.0, Max:  0.0, Diff:  0.0, Sum:  0.0, Workers: 12
[0.563s][debug][gc,phases         ] GC(20)       Scanned Cards:                 Min: 0, Avg:  1.1, Max: 12, Diff: 12, Sum: 13, Workers: 12
[0.563s][debug][gc,phases         ] GC(20)       Scanned Blocks:                Min: 0, Avg:  0.2, Max: 1, Diff: 1, Sum: 2, Workers: 12
[0.563s][debug][gc,phases         ] GC(20)       Claimed Chunks:                Min: 0, Avg:  0.2, Max: 1, Diff: 1, Sum: 2, Workers: 12
[0.563s][debug][gc,phases         ] GC(20)     Code Root Scan (ms):           Min:  0.0, Avg:  0.0, Max:  0.0, Diff:  0.0, Sum:  0.0, Workers: 12
[0.563s][debug][gc,phases         ] GC(20)     Object Copy (ms):              Min:  1.3, Avg:  1.3, Max:  1.4, Diff:  0.1, Sum: 15.7, Workers: 12
[0.563s][debug][gc,phases         ] GC(20)     Termination (ms):              Min:  0.1, Avg:  0.2, Max:  0.3, Diff:  0.1, Sum:  2.3, Workers: 12
[0.563s][debug][gc,phases         ] GC(20)       Termination Attempts:          Min: 1, Avg:  1.0, Max: 1, Diff: 0, Sum: 12, Workers: 12
[0.563s][debug][gc,phases         ] GC(20)     GC Worker Other (ms):          Min:  0.0, Avg:  0.0, Max:  0.0, Diff:  0.0, Sum:  0.1, Workers: 12
[0.563s][debug][gc,phases         ] GC(20)     GC Worker Total (ms):          Min:  1.5, Avg:  1.5, Max:  1.6, Diff:  0.2, Sum: 18.5, Workers: 12
[0.563s][info ][gc,phases         ] GC(20)   Post Evacuate Collection Set: 0.5ms
[0.563s][debug][gc,phases         ] GC(20)     Code Roots Fixup: 0.0ms
[0.563s][debug][gc,phases         ] GC(20)     Reference Processing: 0.0ms
[0.563s][debug][gc,phases,ref     ] GC(20)       Reconsider SoftReferences: 0.0ms
[0.563s][debug][gc,phases,ref     ] GC(20)         SoftRef (ms):                  skipped
[0.563s][debug][gc,phases,ref     ] GC(20)       Notify Soft/WeakReferences: 0.0ms
[0.563s][debug][gc,phases,ref     ] GC(20)         SoftRef (ms):                  skipped
[0.563s][debug][gc,phases,ref     ] GC(20)         WeakRef (ms):                  skipped
[0.563s][debug][gc,phases,ref     ] GC(20)         FinalRef (ms):                 skipped
[0.563s][debug][gc,phases,ref     ] GC(20)         Total (ms):                    skipped
[0.563s][debug][gc,phases,ref     ] GC(20)       Notify and keep alive finalizable: 0.0ms
[0.563s][debug][gc,phases,ref     ] GC(20)         FinalRef (ms):                 skipped
[0.563s][debug][gc,phases,ref     ] GC(20)       Notify PhantomReferences: 0.0ms
[0.563s][debug][gc,phases,ref     ] GC(20)         PhantomRef (ms):               skipped
[0.563s][debug][gc,phases,ref     ] GC(20)       SoftReference:
[0.563s][debug][gc,phases,ref     ] GC(20)         Discovered: 0
[0.563s][debug][gc,phases,ref     ] GC(20)         Cleared: 0
[0.563s][debug][gc,phases,ref     ] GC(20)       WeakReference:
[0.563s][debug][gc,phases,ref     ] GC(20)         Discovered: 0
[0.563s][debug][gc,phases,ref     ] GC(20)         Cleared: 0
[0.563s][debug][gc,phases,ref     ] GC(20)       FinalReference:
[0.563s][debug][gc,phases,ref     ] GC(20)         Discovered: 0
[0.563s][debug][gc,phases,ref     ] GC(20)         Cleared: 0
[0.563s][debug][gc,phases,ref     ] GC(20)       PhantomReference:
[0.563s][debug][gc,phases,ref     ] GC(20)         Discovered: 0
[0.563s][debug][gc,phases,ref     ] GC(20)         Cleared: 0
[0.563s][debug][gc,phases         ] GC(20)     Weak Processing: 0.1ms
[0.563s][debug][gc,phases         ] GC(20)       VM Weak                        Min:  0.0, Avg:  0.0, Max:  0.0, Diff:  0.0, Sum:  0.0, Workers: 1
[0.563s][debug][gc,phases         ] GC(20)         Dead                           Min: 0, Avg:  0.0, Max: 0, Diff: 0, Sum: 0, Workers: 1
[0.563s][debug][gc,phases         ] GC(20)         Total                          Min: 4, Avg:  4.0, Max: 4, Diff: 0, Sum: 4, Workers: 1
[0.563s][debug][gc,phases         ] GC(20)       ObjectSynchronizer Weak        Min:  0.0, Avg:  0.0, Max:  0.0, Diff:  0.0, Sum:  0.0, Workers: 1
[0.563s][debug][gc,phases         ] GC(20)         Dead                           Min: 0, Avg:  0.0, Max: 0, Diff: 0, Sum: 0, Workers: 1
[0.564s][debug][gc,phases         ] GC(20)         Total                          Min: 4, Avg:  4.0, Max: 4, Diff: 0, Sum: 4, Workers: 1
[0.564s][debug][gc,phases         ] GC(20)       JVMTI Tag Weak OopStorage      Min:  0.0, Avg:  0.0, Max:  0.0, Diff:  0.0, Sum:  0.0, Workers: 1
[0.564s][debug][gc,phases         ] GC(20)         Dead                           Min: 0, Avg:  0.0, Max: 0, Diff: 0, Sum: 0, Workers: 1
[0.564s][debug][gc,phases         ] GC(20)         Total                          Min: 0, Avg:  0.0, Max: 0, Diff: 0, Sum: 0, Workers: 1
[0.564s][debug][gc,phases         ] GC(20)       StringTable Weak               Min:  0.0, Avg:  0.0, Max:  0.0, Diff:  0.0, Sum:  0.0, Workers: 1
[0.564s][debug][gc,phases         ] GC(20)         Dead                           Min: 0, Avg:  0.0, Max: 0, Diff: 0, Sum: 0, Workers: 1
[0.564s][debug][gc,phases         ] GC(20)         Total                          Min: 39, Avg: 39.0, Max: 39, Diff: 0, Sum: 39, Workers: 1
[0.564s][debug][gc,phases         ] GC(20)       ResolvedMethodTable Weak       Min:  0.0, Avg:  0.0, Max:  0.0, Diff:  0.0, Sum:  0.0, Workers: 1
[0.564s][debug][gc,phases         ] GC(20)         Dead                           Min: 0, Avg:  0.0, Max: 0, Diff: 0, Sum: 0, Workers: 1
[0.564s][debug][gc,phases         ] GC(20)         Total                          Min: 22, Avg: 22.0, Max: 22, Diff: 0, Sum: 22, Workers: 1
[0.564s][debug][gc,phases         ] GC(20)       JNI Weak                       Min:  0.0, Avg:  0.0, Max:  0.0, Diff:  0.0, Sum:  0.0, Workers: 1
[0.564s][debug][gc,phases         ] GC(20)         Dead                           Min: 0, Avg:  0.0, Max: 0, Diff: 0, Sum: 0, Workers: 1
[0.564s][debug][gc,phases         ] GC(20)         Total                          Min: 0, Avg:  0.0, Max: 0, Diff: 0, Sum: 0, Workers: 1
[0.564s][debug][gc,phases         ] GC(20)       StringDedup Table Weak         Min:  0.0, Avg:  0.0, Max:  0.0, Diff:  0.0, Sum:  0.0, Workers: 1
[0.564s][debug][gc,phases         ] GC(20)         Dead                           Min: 0, Avg:  0.0, Max: 0, Diff: 0, Sum: 0, Workers: 1
[0.564s][debug][gc,phases         ] GC(20)         Total                          Min: 0, Avg:  0.0, Max: 0, Diff: 0, Sum: 0, Workers: 1
[0.564s][debug][gc,phases         ] GC(20)       StringDedup Requests0 Weak     Min:  0.0, Avg:  0.0, Max:  0.0, Diff:  0.0, Sum:  0.0, Workers: 1
[0.564s][debug][gc,phases         ] GC(20)         Dead                           Min: 0, Avg:  0.0, Max: 0, Diff: 0, Sum: 0, Workers: 1
[0.564s][debug][gc,phases         ] GC(20)         Total                          Min: 0, Avg:  0.0, Max: 0, Diff: 0, Sum: 0, Workers: 1
[0.564s][debug][gc,phases         ] GC(20)       StringDedup Requests1 Weak     Min:  0.0, Avg:  0.0, Max:  0.0, Diff:  0.0, Sum:  0.0, Workers: 1
[0.564s][debug][gc,phases         ] GC(20)         Dead                           Min: 0, Avg:  0.0, Max: 0, Diff: 0, Sum: 0, Workers: 1
[0.564s][debug][gc,phases         ] GC(20)         Total                          Min: 0, Avg:  0.0, Max: 0, Diff: 0, Sum: 0, Workers: 1
[0.564s][debug][gc,phases         ] GC(20)       Weak JFR Old Object Samples    Min:  0.0, Avg:  0.0, Max:  0.0, Diff:  0.0, Sum:  0.0, Workers: 1
[0.564s][debug][gc,phases         ] GC(20)         Dead                           Min: 0, Avg:  0.0, Max: 0, Diff: 0, Sum: 0, Workers: 1
[0.564s][debug][gc,phases         ] GC(20)         Total                          Min: 0, Avg:  0.0, Max: 0, Diff: 0, Sum: 0, Workers: 1
[0.564s][debug][gc,phases         ] GC(20)     Post Evacuate Cleanup 1: 0.1ms
[0.564s][debug][gc,phases         ] GC(20)       Merge Per-Thread State (ms):   Min:  0.0, Avg:  0.0, Max:  0.0, Diff:  0.0, Sum:  0.0, Workers: 1
[0.564s][debug][gc,phases         ] GC(20)         Copied Bytes                   Min: 458864, Avg: 1332890.7, Max: 2097664, Diff: 1638800, Sum: 15994688, Workers: 12
[0.564s][debug][gc,phases         ] GC(20)         LAB Waste                      Min: 0, Avg:  0.0, Max: 0, Diff: 0, Sum: 0, Workers: 12
[0.564s][debug][gc,phases         ] GC(20)         LAB Undo Waste                 Min: 0, Avg:  0.0, Max: 0, Diff: 0, Sum: 0, Workers: 12
[0.564s][debug][gc,phases         ] GC(20)       Clear Logged Cards (ms):       Min:  0.0, Avg:  0.0, Max:  0.0, Diff:  0.0, Sum:  0.0, Workers: 3
[0.564s][debug][gc,phases         ] GC(20)       Recalculate Used Memory (ms):  Min:  0.0, Avg:  0.0, Max:  0.0, Diff:  0.0, Sum:  0.0, Workers: 1
[0.564s][debug][gc,phases         ] GC(20)     Post Evacuate Cleanup 2: 0.1ms
[0.564s][debug][gc,phases         ] GC(20)       Reset Hot Card Cache (ms):     Min:  0.0, Avg:  0.0, Max:  0.0, Diff:  0.0, Sum:  0.0, Workers: 1
[0.564s][debug][gc,phases         ] GC(20)       Purge Code Roots (ms):         Min:  0.0, Avg:  0.0, Max:  0.0, Diff:  0.0, Sum:  0.0, Workers: 1
[0.564s][debug][gc,phases         ] GC(20)       Update Derived Pointers (ms):  Min:  0.0, Avg:  0.0, Max:  0.0, Diff:  0.0, Sum:  0.0, Workers: 1
[0.564s][debug][gc,phases         ] GC(20)       Eagerly Reclaim Humongous Objects (ms): Min:  0.0, Avg:  0.0, Max:  0.0, Diff:  0.0, Sum:  0.0, Workers: 1
[0.564s][debug][gc,phases         ] GC(20)         Humongous Total                Min: 27, Avg: 27.0, Max: 27, Diff: 0, Sum: 27, Workers: 1
[0.564s][debug][gc,phases         ] GC(20)         Humongous Candidates           Min: 27, Avg: 27.0, Max: 27, Diff: 0, Sum: 27, Workers: 1
[0.564s][debug][gc,phases         ] GC(20)         Humongous Reclaimed            Min: 0, Avg:  0.0, Max: 0, Diff: 0, Sum: 0, Workers: 1
[0.564s][debug][gc,phases         ] GC(20)       Redirty Logged Cards (ms):     Min:  0.0, Avg:  0.0, Max:  0.0, Diff:  0.0, Sum:  0.0, Workers: 12
[0.564s][debug][gc,phases         ] GC(20)         Redirtied Cards:               Min: 0, Avg:  1.2, Max: 14, Diff: 14, Sum: 14, Workers: 12
[0.564s][debug][gc,phases         ] GC(20)       Free Collection Set (ms):      Min:  0.0, Avg:  0.0, Max:  0.0, Diff:  0.0, Sum:  0.0, Workers: 12
[0.564s][debug][gc,phases         ] GC(20)     Rebuild Free List: 0.1ms
[0.564s][debug][gc,phases         ] GC(20)     Start New Collection Set: 0.0ms
[0.564s][debug][gc,phases         ] GC(20)     Resize TLABs: 0.0ms
[0.564s][debug][gc,phases         ] GC(20)     Expand Heap After Collection: 0.0ms
[0.564s][info ][gc,phases         ] GC(20)   Other: 0.2ms
[0.564s][info ][gc,heap           ] GC(20) Eden regions: 10->0(12)
[0.564s][info ][gc,heap           ] GC(20) Survivor regions: 2->2(2)
[0.564s][info ][gc,heap           ] GC(20) Old regions: 110->114
[0.564s][info ][gc,heap           ] GC(20) Archive regions: 2->2
[0.564s][info ][gc,heap           ] GC(20) Humongous regions: 72->72
[0.564s][info ][gc,metaspace      ] GC(20) Metaspace: 136K(320K)->136K(320K) NonClass: 130K(192K)->130K(192K) Class: 5K(128K)->5K(128K)
[0.565s][debug][gc,heap           ] GC(20) Heap after GC invocations=21 (full 1):
[0.565s][debug][gc,heap           ] GC(20)  garbage-first heap   total 262144K, used 192755K [0x00000000f0000000, 0x0000000100000000)
[0.565s][debug][gc,heap           ] GC(20)   region size 1024K, 2 young (2048K), 2 survivors (2048K)
[0.565s][debug][gc,heap           ] GC(20)  Metaspace       used 136K, committed 320K, reserved 1114112K
[0.565s][debug][gc,heap           ] GC(20)   class space    used 5K, committed 128K, reserved 1048576K
[0.565s][info ][gc                ] GC(20) Pause Young (Mixed) (G1 Evacuation Pause) 193M->188M(256M) 6.723ms
[0.565s][info ][gc,cpu            ] GC(20) User=0.02s Sys=0.00s Real=0.00s
[0.602s][debug][gc,task,start     ] G1 Service Thread (Remembered Set Sampling Task) (run)
[0.602s][debug][gc,task           ] G1 Service Thread (Remembered Set Sampling Task) (run) 0.052ms (cpu: 0.000ms)
[0.603s][debug][gc,heap           ] GC(21) Heap before GC invocations=21 (full 1):
[0.603s][debug][gc,heap           ] GC(21)  garbage-first heap   total 262144K, used 206067K [0x00000000f0000000, 0x0000000100000000)
[0.603s][debug][gc,heap           ] GC(21)   region size 1024K, 14 young (14336K), 2 survivors (2048K)
[0.603s][debug][gc,heap           ] GC(21)  Metaspace       used 136K, committed 320K, reserved 1114112K
[0.603s][debug][gc,heap           ] GC(21)   class space    used 5K, committed 128K, reserved 1048576K
[0.603s][info ][gc,start          ] GC(21) Pause Young (Normal) (G1 Evacuation Pause)
[0.603s][info ][gc,task           ] GC(21) Using 12 workers of 13 for evacuation
[0.603s][debug][gc,tlab           ] GC(21) TLAB totals: thrds: 5  refills: 5 max: 1 slow allocs: 172 max 35 waste: 41.7% gc: 234544B max: 47576B slow: 0B max: 0B
[0.603s][debug][gc,age            ] GC(21) Desired survivor size 1048576 bytes, new threshold 1 (max threshold 15)
[0.603s][debug][gc,refine,stats   ] GC(21) Mutator refinement: 0.00ms, refined: 0, precleaned: 0, dirtied: 5
[0.603s][debug][gc,refine,stats   ] GC(21) Concurrent refinement: 0.00ms, refined: 0, precleaned: 0, dirtied: 0
[0.603s][debug][gc,refine,stats   ] GC(21) Total refinement: 0.00ms, refined: 0, precleaned: 0, dirtied: 5
[0.603s][debug][gc,refine,stats   ] GC(21) Generate dirty cards rate: 0.12 cards/ms
[0.603s][debug][gc,alloc,region   ] GC(21) Mutator Allocation stats, regions: 12, wasted size: 664K ( 5.4%)
[0.603s][debug][gc,humongous      ] GC(21) Humongous region 0 (object size 1048592 @ 0x00000000f0000000) remset 0 code roots 0 marked 0 reclaim candidate 1 type array 1
[0.603s][debug][gc,humongous      ] GC(21) Humongous region 42 (object size 1048592 @ 0x00000000f2a00000) remset 0 code roots 0 marked 0 reclaim candidate 1 type array 1
[0.603s][debug][gc,humongous      ] GC(21) Humongous region 85 (object size 10485776 @ 0x00000000f5500000) remset 0 code roots 0 marked 0 reclaim candidate 1 type array 1
[0.603s][debug][gc,humongous      ] GC(21) Humongous region 159 (object size 10485776 @ 0x00000000f9f00000) remset 0 code roots 0 marked 0 reclaim candidate 1 type array 1
[0.603s][debug][gc,humongous      ] GC(21) Humongous region 22 (object size 1048592 @ 0x00000000f1600000) remset 0 code roots 0 marked 0 reclaim candidate 1 type array 1
[0.603s][debug][gc,humongous      ] GC(21) Humongous region 64 (object size 1048592 @ 0x00000000f4000000) remset 0 code roots 0 marked 0 reclaim candidate 1 type array 1
[0.603s][debug][gc,humongous      ] GC(21) Humongous region 16 (object size 1048592 @ 0x00000000f1000000) remset 0 code roots 0 marked 0 reclaim candidate 1 type array 1
[0.603s][debug][gc,humongous      ] GC(21) Humongous region 83 (object size 1048592 @ 0x00000000f5300000) remset 0 code roots 0 marked 0 reclaim candidate 1 type array 1
[0.603s][debug][gc,humongous      ] GC(21) Humongous region 2 (object size 1048592 @ 0x00000000f0200000) remset 0 code roots 0 marked 0 reclaim candidate 1 type array 1
[0.603s][debug][gc,humongous      ] GC(21) Humongous region 26 (object size 1048592 @ 0x00000000f1a00000) remset 0 code roots 0 marked 0 reclaim candidate 1 type array 1
[0.603s][debug][gc,humongous      ] GC(21) Humongous region 6 (object size 1048592 @ 0x00000000f0600000) remset 0 code roots 0 marked 0 reclaim candidate 1 type array 1
[0.603s][debug][gc,humongous      ] GC(21) Humongous region 28 (object size 1048592 @ 0x00000000f1c00000) remset 0 code roots 0 marked 0 reclaim candidate 1 type array 1
[0.603s][debug][gc,humongous      ] GC(21) Humongous region 30 (object size 1048592 @ 0x00000000f1e00000) remset 0 code roots 0 marked 0 reclaim candidate 1 type array 1
[0.603s][debug][gc,humongous      ] GC(21) Humongous region 10 (object size 1048592 @ 0x00000000f0a00000) remset 0 code roots 0 marked 0 reclaim candidate 1 type array 1
[0.603s][debug][gc,humongous      ] GC(21) Humongous region 12 (object size 1048592 @ 0x00000000f0c00000) remset 0 code roots 0 marked 0 reclaim candidate 1 type array 1
[0.603s][debug][gc,humongous      ] GC(21) Humongous region 14 (object size 1048592 @ 0x00000000f0e00000) remset 0 code roots 0 marked 0 reclaim candidate 1 type array 1
[0.603s][debug][gc,humongous      ] GC(21) Humongous region 38 (object size 1048592 @ 0x00000000f2600000) remset 0 code roots 0 marked 0 reclaim candidate 1 type array 1
[0.603s][debug][gc,humongous      ] GC(21) Humongous region 126 (object size 1048592 @ 0x00000000f7e00000) remset 0 code roots 0 marked 0 reclaim candidate 1 type array 1
[0.603s][debug][gc,humongous      ] GC(21) Humongous region 60 (object size 1048592 @ 0x00000000f3c00000) remset 0 code roots 0 marked 0 reclaim candidate 1 type array 1
[0.603s][debug][gc,humongous      ] GC(21) Humongous region 18 (object size 1048592 @ 0x00000000f1200000) remset 0 code roots 0 marked 0 reclaim candidate 1 type array 1
[0.603s][debug][gc,humongous      ] GC(21) Humongous region 20 (object size 1048592 @ 0x00000000f1400000) remset 0 code roots 0 marked 0 reclaim candidate 1 type array 1
[0.603s][debug][gc,humongous      ] GC(21) Humongous region 8 (object size 1048592 @ 0x00000000f0800000) remset 0 code roots 0 marked 0 reclaim candidate 1 type array 1
[0.603s][debug][gc,humongous      ] GC(21) Humongous region 32 (object size 1048592 @ 0x00000000f2000000) remset 0 code roots 0 marked 0 reclaim candidate 1 type array 1
[0.603s][debug][gc,humongous      ] GC(21) Humongous region 34 (object size 1048592 @ 0x00000000f2200000) remset 0 code roots 0 marked 0 reclaim candidate 1 type array 1
[0.603s][debug][gc,humongous      ] GC(21) Humongous region 36 (object size 1048592 @ 0x00000000f2400000) remset 0 code roots 0 marked 0 reclaim candidate 1 type array 1
[0.603s][debug][gc,humongous      ] GC(21) Humongous region 24 (object size 1048592 @ 0x00000000f1800000) remset 0 code roots 0 marked 0 reclaim candidate 1 type array 1
[0.603s][debug][gc,humongous      ] GC(21) Humongous region 40 (object size 1048592 @ 0x00000000f2800000) remset 0 code roots 0 marked 0 reclaim candidate 1 type array 1
[0.603s][debug][gc,humongous      ] GC(21) Humongous region 4 (object size 1048592 @ 0x00000000f0400000) remset 0 code roots 0 marked 0 reclaim candidate 1 type array 1
[0.604s][debug][gc,ergo           ] GC(21) Running G1 Merge Heap Roots using 12 workers for 14 regions
[0.604s][debug][gc,remset         ] GC(21) Visited cards 64 Total dirty 4096 (1.56%) Total old 446464 (0.01%)
[0.605s][debug][gc,ref            ] GC(21) Skipped phase 1 of Reference Processing: no references
[0.605s][debug][gc,ref            ] GC(21) Skipped phase 2 of Reference Processing: no references
[0.605s][debug][gc,ref            ] GC(21) Skipped phase 3 of Reference Processing: no references
[0.605s][debug][gc,ref            ] GC(21) Skipped phase 4 of Reference Processing: no references
[0.606s][debug][gc,ergo           ] GC(21) Running G1 Rebuild Free List Task using 12 workers for rebuilding free list of regions
[0.606s][debug][gc,plab           ] GC(21) Young PLAB allocation: allocated: 0B, wasted: 0B, unused: 0B, used: 0B, undo waste: 0B, 
[0.606s][debug][gc,plab           ] GC(21) Young other allocation: region end waste: 130592B, regions filled: 2, direct allocated: 1966560B, failure used: 0B, failure wasted: 0B
[0.606s][debug][gc,plab           ] GC(21) Young sizing: calculated: 0B, actual: 2064B
[0.606s][debug][gc,plab           ] GC(21) Old PLAB allocation: allocated: 0B, wasted: 0B, unused: 0B, used: 0B, undo waste: 0B, 
[0.606s][debug][gc,plab           ] GC(21) Old other allocation: region end waste: 783232B, regions filled: 13, direct allocated: 11471600B, failure used: 0B, failure wasted: 0B
[0.606s][debug][gc,plab           ] GC(21) Old sizing: calculated: 0B, actual: 2064B
[0.606s][debug][gc,ergo,heap      ] GC(21) Heap expansion: short term pause time ratio 9.14% long term pause time ratio 10.01% threshold 7.69% pause time ratio 7.69% fully expanded true resize by 0B
[0.606s][debug][gc,mmu            ] GC(21) MMU: 6.2ms (50.0ms/51.0ms)
[0.606s][debug][gc,alloc,stats    ] Old generation allocation in the last mutator period, old gen allocated: 0B, humongous allocated: 2097152B,old gen growth: 2097152B.
[0.606s][debug][gc,ihop           ] GC(21) Basic information (value update), threshold: 211488465B (78.79), target occupancy: 268435456B, current occupancy: 211734320B, recent allocation size: 2097152B, recent allocation duration: 41.81ms, recent old gen allocation rate: 50164429.09B/s, recent marking phase length: 73.53ms
[0.606s][debug][gc,ihop           ] GC(21) Adaptive IHOP information (value update), threshold: 211488465B (92.69), internal target occupancy: 228170137B, occupancy: 211734320B, additional buffer size: 12582912B, predicted old gen allocation rate: 66584561.15B/s, predicted marking phase length: 61.56ms, prediction active: true
[0.606s][debug][gc,ergo,refine    ] GC(21) Concurrent refinement times: Logged Cards Scan time goal: 5.00ms Logged Cards Scan time: 0.00ms HCC time: 0.00ms
[0.606s][debug][gc,ergo,refine    ] GC(21) Updated Refinement Zones: green: 3328, yellow: 9984, red: 16640
[0.606s][info ][gc,phases         ] GC(21)   Pre Evacuate Collection Set: 0.5ms
[0.606s][debug][gc,phases         ] GC(21)     Prepare TLABs: 0.0ms
[0.606s][debug][gc,phases         ] GC(21)     Concatenate Dirty Card Logs: 0.0ms
[0.606s][debug][gc,phases         ] GC(21)     Choose Collection Set: 0.0ms
[0.606s][debug][gc,phases         ] GC(21)     Region Register: 0.5ms
[0.606s][debug][gc,phases         ] GC(21)     Prepare Heap Roots: 0.0ms
[0.606s][info ][gc,phases         ] GC(21)   Merge Heap Roots: 0.2ms
[0.606s][debug][gc,phases         ] GC(21)     Prepare Merge Heap Roots: 0.0ms
[0.606s][debug][gc,phases         ] GC(21)     Eager Reclaim (ms):            Min:  0.0, Avg:  0.0, Max:  0.0, Diff:  0.0, Sum:  0.0, Workers: 1
[0.606s][debug][gc,phases         ] GC(21)     Remembered Sets (ms):          Min:  0.0, Avg:  0.0, Max:  0.0, Diff:  0.0, Sum:  0.0, Workers: 12
[0.606s][debug][gc,phases         ] GC(21)       Merged Sparse:                 Min: 0, Avg:  0.0, Max: 0, Diff: 0, Sum: 0, Workers: 12
[0.606s][debug][gc,phases         ] GC(21)       Merged Fine:                   Min: 0, Avg:  0.0, Max: 0, Diff: 0, Sum: 0, Workers: 12
[0.606s][debug][gc,phases         ] GC(21)       Merged Coarse:                 Min: 0, Avg:  0.0, Max: 0, Diff: 0, Sum: 0, Workers: 12
[0.606s][debug][gc,phases         ] GC(21)       Dirty Cards:                   Min: 0, Avg:  0.0, Max: 0, Diff: 0, Sum: 0, Workers: 12
[0.606s][debug][gc,phases         ] GC(21)     Hot Card Cache (ms):           Min:  0.0, Avg:  0.0, Max:  0.0, Diff:  0.0, Sum:  0.0, Workers: 12
[0.606s][debug][gc,phases         ] GC(21)       Dirty Cards:                   Min: 0, Avg:  0.0, Max: 0, Diff: 0, Sum: 0, Workers: 12
[0.606s][debug][gc,phases         ] GC(21)       Skipped Cards:                 Min: 0, Avg:  0.0, Max: 0, Diff: 0, Sum: 0, Workers: 12
[0.606s][debug][gc,phases         ] GC(21)     Log Buffers (ms):              Min:  0.0, Avg:  0.0, Max:  0.0, Diff:  0.0, Sum:  0.0, Workers: 12
[0.606s][debug][gc,phases         ] GC(21)       Dirty Cards:                   Min: 0, Avg:  0.8, Max: 10, Diff: 10, Sum: 10, Workers: 12
[0.606s][debug][gc,phases         ] GC(21)       Skipped Cards:                 Min: 0, Avg:  0.0, Max: 0, Diff: 0, Sum: 0, Workers: 12
[0.606s][info ][gc,phases         ] GC(21)   Evacuate Collection Set: 1.6ms
[0.606s][debug][gc,phases         ] GC(21)     Ext Root Scanning (ms):        Min:  0.0, Avg:  0.0, Max:  0.1, Diff:  0.1, Sum:  0.4, Workers: 12
[0.606s][debug][gc,phases         ] GC(21)     Scan Heap Roots (ms):          Min:  0.0, Avg:  0.0, Max:  0.0, Diff:  0.0, Sum:  0.0, Workers: 12
[0.606s][debug][gc,phases         ] GC(21)       Scanned Cards:                 Min: 0, Avg:  1.2, Max: 13, Diff: 13, Sum: 14, Workers: 12
[0.606s][debug][gc,phases         ] GC(21)       Scanned Blocks:                Min: 0, Avg:  0.2, Max: 1, Diff: 1, Sum: 2, Workers: 12
[0.606s][debug][gc,phases         ] GC(21)       Claimed Chunks:                Min: 0, Avg:  0.2, Max: 1, Diff: 1, Sum: 2, Workers: 12
[0.606s][debug][gc,phases         ] GC(21)     Code Root Scan (ms):           Min:  0.0, Avg:  0.0, Max:  0.0, Diff:  0.0, Sum:  0.0, Workers: 12
[0.606s][debug][gc,phases         ] GC(21)     Object Copy (ms):              Min:  1.1, Avg:  1.2, Max:  1.3, Diff:  0.1, Sum: 14.5, Workers: 12
[0.606s][debug][gc,phases         ] GC(21)     Termination (ms):              Min:  0.1, Avg:  0.2, Max:  0.2, Diff:  0.1, Sum:  2.0, Workers: 12
[0.606s][debug][gc,phases         ] GC(21)       Termination Attempts:          Min: 1, Avg:  1.0, Max: 1, Diff: 0, Sum: 12, Workers: 12
[0.606s][debug][gc,phases         ] GC(21)     GC Worker Other (ms):          Min:  0.0, Avg:  0.0, Max:  0.0, Diff:  0.0, Sum:  0.1, Workers: 12
[0.606s][debug][gc,phases         ] GC(21)     GC Worker Total (ms):          Min:  1.3, Avg:  1.4, Max:  1.5, Diff:  0.2, Sum: 17.0, Workers: 12
[0.606s][info ][gc,phases         ] GC(21)   Post Evacuate Collection Set: 0.5ms
[0.606s][debug][gc,phases         ] GC(21)     Code Roots Fixup: 0.0ms
[0.606s][debug][gc,phases         ] GC(21)     Reference Processing: 0.0ms
[0.606s][debug][gc,phases,ref     ] GC(21)       Reconsider SoftReferences: 0.0ms
[0.606s][debug][gc,phases,ref     ] GC(21)         SoftRef (ms):                  skipped
[0.606s][debug][gc,phases,ref     ] GC(21)       Notify Soft/WeakReferences: 0.0ms
[0.606s][debug][gc,phases,ref     ] GC(21)         SoftRef (ms):                  skipped
[0.606s][debug][gc,phases,ref     ] GC(21)         WeakRef (ms):                  skipped
[0.606s][debug][gc,phases,ref     ] GC(21)         FinalRef (ms):                 skipped
[0.606s][debug][gc,phases,ref     ] GC(21)         Total (ms):                    skipped
[0.606s][debug][gc,phases,ref     ] GC(21)       Notify and keep alive finalizable: 0.0ms
[0.606s][debug][gc,phases,ref     ] GC(21)         FinalRef (ms):                 skipped
[0.606s][debug][gc,phases,ref     ] GC(21)       Notify PhantomReferences: 0.0ms
[0.606s][debug][gc,phases,ref     ] GC(21)         PhantomRef (ms):               skipped
[0.606s][debug][gc,phases,ref     ] GC(21)       SoftReference:
[0.606s][debug][gc,phases,ref     ] GC(21)         Discovered: 0
[0.606s][debug][gc,phases,ref     ] GC(21)         Cleared: 0
[0.606s][debug][gc,phases,ref     ] GC(21)       WeakReference:
[0.606s][debug][gc,phases,ref     ] GC(21)         Discovered: 0
[0.606s][debug][gc,phases,ref     ] GC(21)         Cleared: 0
[0.606s][debug][gc,phases,ref     ] GC(21)       FinalReference:
[0.606s][debug][gc,phases,ref     ] GC(21)         Discovered: 0
[0.606s][debug][gc,phases,ref     ] GC(21)         Cleared: 0
[0.606s][debug][gc,phases,ref     ] GC(21)       PhantomReference:
[0.606s][debug][gc,phases,ref     ] GC(21)         Discovered: 0
[0.606s][debug][gc,phases,ref     ] GC(21)         Cleared: 0
[0.606s][debug][gc,phases         ] GC(21)     Weak Processing: 0.1ms
[0.606s][debug][gc,phases         ] GC(21)       VM Weak                        Min:  0.0, Avg:  0.0, Max:  0.0, Diff:  0.0, Sum:  0.0, Workers: 1
[0.606s][debug][gc,phases         ] GC(21)         Dead                           Min: 0, Avg:  0.0, Max: 0, Diff: 0, Sum: 0, Workers: 1
[0.606s][debug][gc,phases         ] GC(21)         Total                          Min: 4, Avg:  4.0, Max: 4, Diff: 0, Sum: 4, Workers: 1
[0.606s][debug][gc,phases         ] GC(21)       ObjectSynchronizer Weak        Min:  0.0, Avg:  0.0, Max:  0.0, Diff:  0.0, Sum:  0.0, Workers: 1
[0.606s][debug][gc,phases         ] GC(21)         Dead                           Min: 0, Avg:  0.0, Max: 0, Diff: 0, Sum: 0, Workers: 1
[0.606s][debug][gc,phases         ] GC(21)         Total                          Min: 4, Avg:  4.0, Max: 4, Diff: 0, Sum: 4, Workers: 1
[0.606s][debug][gc,phases         ] GC(21)       JVMTI Tag Weak OopStorage      Min:  0.0, Avg:  0.0, Max:  0.0, Diff:  0.0, Sum:  0.0, Workers: 1
[0.606s][debug][gc,phases         ] GC(21)         Dead                           Min: 0, Avg:  0.0, Max: 0, Diff: 0, Sum: 0, Workers: 1
[0.606s][debug][gc,phases         ] GC(21)         Total                          Min: 0, Avg:  0.0, Max: 0, Diff: 0, Sum: 0, Workers: 1
[0.606s][debug][gc,phases         ] GC(21)       StringTable Weak               Min:  0.0, Avg:  0.0, Max:  0.0, Diff:  0.0, Sum:  0.0, Workers: 1
[0.606s][debug][gc,phases         ] GC(21)         Dead                           Min: 0, Avg:  0.0, Max: 0, Diff: 0, Sum: 0, Workers: 1
[0.606s][debug][gc,phases         ] GC(21)         Total                          Min: 39, Avg: 39.0, Max: 39, Diff: 0, Sum: 39, Workers: 1
[0.606s][debug][gc,phases         ] GC(21)       ResolvedMethodTable Weak       Min:  0.0, Avg:  0.0, Max:  0.0, Diff:  0.0, Sum:  0.0, Workers: 1
[0.606s][debug][gc,phases         ] GC(21)         Dead                           Min: 0, Avg:  0.0, Max: 0, Diff: 0, Sum: 0, Workers: 1
[0.606s][debug][gc,phases         ] GC(21)         Total                          Min: 22, Avg: 22.0, Max: 22, Diff: 0, Sum: 22, Workers: 1
[0.606s][debug][gc,phases         ] GC(21)       JNI Weak                       Min:  0.0, Avg:  0.0, Max:  0.0, Diff:  0.0, Sum:  0.0, Workers: 1
[0.606s][debug][gc,phases         ] GC(21)         Dead                           Min: 0, Avg:  0.0, Max: 0, Diff: 0, Sum: 0, Workers: 1
[0.606s][debug][gc,phases         ] GC(21)         Total                          Min: 0, Avg:  0.0, Max: 0, Diff: 0, Sum: 0, Workers: 1
[0.606s][debug][gc,phases         ] GC(21)       StringDedup Table Weak         Min:  0.0, Avg:  0.0, Max:  0.0, Diff:  0.0, Sum:  0.0, Workers: 1
[0.606s][debug][gc,phases         ] GC(21)         Dead                           Min: 0, Avg:  0.0, Max: 0, Diff: 0, Sum: 0, Workers: 1
[0.606s][debug][gc,phases         ] GC(21)         Total                          Min: 0, Avg:  0.0, Max: 0, Diff: 0, Sum: 0, Workers: 1
[0.606s][debug][gc,phases         ] GC(21)       StringDedup Requests0 Weak     Min:  0.0, Avg:  0.0, Max:  0.0, Diff:  0.0, Sum:  0.0, Workers: 1
[0.606s][debug][gc,phases         ] GC(21)         Dead                           Min: 0, Avg:  0.0, Max: 0, Diff: 0, Sum: 0, Workers: 1
[0.606s][debug][gc,phases         ] GC(21)         Total                          Min: 0, Avg:  0.0, Max: 0, Diff: 0, Sum: 0, Workers: 1
[0.606s][debug][gc,phases         ] GC(21)       StringDedup Requests1 Weak     Min:  0.0, Avg:  0.0, Max:  0.0, Diff:  0.0, Sum:  0.0, Workers: 1
[0.606s][debug][gc,phases         ] GC(21)         Dead                           Min: 0, Avg:  0.0, Max: 0, Diff: 0, Sum: 0, Workers: 1
[0.606s][debug][gc,phases         ] GC(21)         Total                          Min: 0, Avg:  0.0, Max: 0, Diff: 0, Sum: 0, Workers: 1
[0.606s][debug][gc,phases         ] GC(21)       Weak JFR Old Object Samples    Min:  0.0, Avg:  0.0, Max:  0.0, Diff:  0.0, Sum:  0.0, Workers: 1
[0.606s][debug][gc,phases         ] GC(21)         Dead                           Min: 0, Avg:  0.0, Max: 0, Diff: 0, Sum: 0, Workers: 1
[0.606s][debug][gc,phases         ] GC(21)         Total                          Min: 0, Avg:  0.0, Max: 0, Diff: 0, Sum: 0, Workers: 1
[0.606s][debug][gc,phases         ] GC(21)     Post Evacuate Cleanup 1: 0.1ms
[0.606s][debug][gc,phases         ] GC(21)       Merge Per-Thread State (ms):   Min:  0.0, Avg:  0.0, Max:  0.0, Diff:  0.0, Sum:  0.0, Workers: 1
[0.606s][debug][gc,phases         ] GC(21)         Copied Bytes                   Min: 655520, Avg: 1119846.7, Max: 1507696, Diff: 852176, Sum: 13438160, Workers: 12
[0.606s][debug][gc,phases         ] GC(21)         LAB Waste                      Min: 0, Avg:  0.0, Max: 0, Diff: 0, Sum: 0, Workers: 12
[0.606s][debug][gc,phases         ] GC(21)         LAB Undo Waste                 Min: 0, Avg:  0.0, Max: 0, Diff: 0, Sum: 0, Workers: 12
[0.606s][debug][gc,phases         ] GC(21)       Clear Logged Cards (ms):       Min:  0.0, Avg:  0.0, Max:  0.0, Diff:  0.0, Sum:  0.0, Workers: 3
[0.607s][debug][gc,phases         ] GC(21)       Recalculate Used Memory (ms):  Min:  0.0, Avg:  0.0, Max:  0.0, Diff:  0.0, Sum:  0.0, Workers: 1
[0.607s][debug][gc,phases         ] GC(21)     Post Evacuate Cleanup 2: 0.2ms
[0.607s][debug][gc,phases         ] GC(21)       Reset Hot Card Cache (ms):     Min:  0.0, Avg:  0.0, Max:  0.0, Diff:  0.0, Sum:  0.0, Workers: 1
[0.607s][debug][gc,phases         ] GC(21)       Purge Code Roots (ms):         Min:  0.0, Avg:  0.0, Max:  0.0, Diff:  0.0, Sum:  0.0, Workers: 1
[0.607s][debug][gc,phases         ] GC(21)       Update Derived Pointers (ms):  Min:  0.0, Avg:  0.0, Max:  0.0, Diff:  0.0, Sum:  0.0, Workers: 1
[0.607s][debug][gc,phases         ] GC(21)       Eagerly Reclaim Humongous Objects (ms): Min:  0.0, Avg:  0.0, Max:  0.0, Diff:  0.0, Sum:  0.0, Workers: 1
[0.607s][debug][gc,phases         ] GC(21)         Humongous Total                Min: 28, Avg: 28.0, Max: 28, Diff: 0, Sum: 28, Workers: 1
[0.607s][debug][gc,phases         ] GC(21)         Humongous Candidates           Min: 28, Avg: 28.0, Max: 28, Diff: 0, Sum: 28, Workers: 1
[0.607s][debug][gc,phases         ] GC(21)         Humongous Reclaimed            Min: 0, Avg:  0.0, Max: 0, Diff: 0, Sum: 0, Workers: 1
[0.607s][debug][gc,phases         ] GC(21)       Redirty Logged Cards (ms):     Min:  0.0, Avg:  0.0, Max:  0.0, Diff:  0.0, Sum:  0.0, Workers: 12
[0.607s][debug][gc,phases         ] GC(21)         Redirtied Cards:               Min: 0, Avg:  1.8, Max: 21, Diff: 21, Sum: 21, Workers: 12
[0.607s][debug][gc,phases         ] GC(21)       Free Collection Set (ms):      Min:  0.0, Avg:  0.0, Max:  0.0, Diff:  0.0, Sum:  0.0, Workers: 12
[0.607s][debug][gc,phases         ] GC(21)     Rebuild Free List: 0.2ms
[0.607s][debug][gc,phases         ] GC(21)     Start New Collection Set: 0.0ms
[0.607s][debug][gc,phases         ] GC(21)     Resize TLABs: 0.0ms
[0.607s][debug][gc,phases         ] GC(21)     Expand Heap After Collection: 0.0ms
[0.607s][info ][gc,phases         ] GC(21)   Other: 0.2ms
[0.607s][info ][gc,heap           ] GC(21) Eden regions: 12->0(10)
[0.607s][info ][gc,heap           ] GC(21) Survivor regions: 2->2(2)
[0.607s][info ][gc,heap           ] GC(21) Old regions: 114->126
[0.607s][info ][gc,heap           ] GC(21) Archive regions: 2->2
[0.607s][info ][gc,heap           ] GC(21) Humongous regions: 74->74
[0.607s][info ][gc,metaspace      ] GC(21) Metaspace: 136K(320K)->136K(320K) NonClass: 130K(192K)->130K(192K) Class: 5K(128K)->5K(128K)
[0.607s][debug][gc,heap           ] GC(21) Heap after GC invocations=22 (full 1):
[0.607s][debug][gc,heap           ] GC(21)  garbage-first heap   total 262144K, used 206771K [0x00000000f0000000, 0x0000000100000000)
[0.607s][debug][gc,heap           ] GC(21)   region size 1024K, 2 young (2048K), 2 survivors (2048K)
[0.607s][debug][gc,heap           ] GC(21)  Metaspace       used 136K, committed 320K, reserved 1114112K
[0.607s][debug][gc,heap           ] GC(21)   class space    used 5K, committed 128K, reserved 1048576K
[0.607s][info ][gc                ] GC(21) Pause Young (Normal) (G1 Evacuation Pause) 202M->201M(256M) 3.685ms
[0.607s][info ][gc,cpu            ] GC(21) User=0.02s Sys=0.01s Real=0.01s
[0.617s][debug][gc,ergo,ihop      ] Request concurrent cycle initiation (occupancy higher than threshold) occupancy: 211812352B allocation request: 1048592B threshold: 211488465B (78.79) source: concurrent humongous allocation
[0.617s][debug][gc,ergo           ] Request concurrent cycle initiation (requested by GC cause). GC cause: G1 Humongous Allocation
[0.617s][debug][gc,heap           ] GC(22) Heap before GC invocations=22 (full 1):
[0.617s][debug][gc,heap           ] GC(22)  garbage-first heap   total 262144K, used 208819K [0x00000000f0000000, 0x0000000100000000)
[0.617s][debug][gc,heap           ] GC(22)   region size 1024K, 6 young (6144K), 2 survivors (2048K)
[0.617s][debug][gc,heap           ] GC(22)  Metaspace       used 136K, committed 320K, reserved 1114112K
[0.617s][debug][gc,heap           ] GC(22)   class space    used 5K, committed 128K, reserved 1048576K
[0.617s][debug][gc,ergo           ] GC(22) Initiate concurrent cycle (concurrent cycle initiation requested)
[0.617s][info ][gc,start          ] GC(22) Pause Young (Concurrent Start) (G1 Humongous Allocation)
[0.617s][info ][gc,task           ] GC(22) Using 12 workers of 13 for evacuation
[0.617s][debug][gc,tlab           ] GC(22) TLAB totals: thrds: 5  refills: 5 max: 1 slow allocs: 44 max 9 waste: 37.3% gc: 194712B max: 39536B slow: 0B max: 0B
[0.617s][debug][gc,age            ] GC(22) Desired survivor size 1048576 bytes, new threshold 1 (max threshold 15)
[0.617s][debug][gc,refine,stats   ] GC(22) Mutator refinement: 0.00ms, refined: 0, precleaned: 0, dirtied: 5
[0.617s][debug][gc,refine,stats   ] GC(22) Concurrent refinement: 0.00ms, refined: 0, precleaned: 0, dirtied: 0
[0.617s][debug][gc,refine,stats   ] GC(22) Total refinement: 0.00ms, refined: 0, precleaned: 0, dirtied: 5
[0.617s][debug][gc,refine,stats   ] GC(22) Generate dirty cards rate: 0.45 cards/ms
[0.617s][debug][gc,alloc,region   ] GC(22) Mutator Allocation stats, regions: 4, wasted size: 129K ( 3.2%)
[0.617s][debug][gc,humongous      ] GC(22) Humongous region 0 (object size 1048592 @ 0x00000000f0000000) remset 0 code roots 0 marked 0 reclaim candidate 1 type array 1
[0.617s][debug][gc,humongous      ] GC(22) Humongous region 2 (object size 1048592 @ 0x00000000f0200000) remset 0 code roots 0 marked 0 reclaim candidate 1 type array 1
[0.617s][debug][gc,humongous      ] GC(22) Humongous region 42 (object size 1048592 @ 0x00000000f2a00000) remset 0 code roots 0 marked 0 reclaim candidate 1 type array 1
[0.617s][debug][gc,humongous      ] GC(22) Humongous region 85 (object size 10485776 @ 0x00000000f5500000) remset 0 code roots 0 marked 0 reclaim candidate 1 type array 1
[0.617s][debug][gc,humongous      ] GC(22) Humongous region 126 (object size 1048592 @ 0x00000000f7e00000) remset 0 code roots 0 marked 0 reclaim candidate 1 type array 1
[0.617s][debug][gc,humongous      ] GC(22) Humongous region 6 (object size 1048592 @ 0x00000000f0600000) remset 0 code roots 0 marked 0 reclaim candidate 1 type array 1
[0.617s][debug][gc,humongous      ] GC(22) Humongous region 64 (object size 1048592 @ 0x00000000f4000000) remset 0 code roots 0 marked 0 reclaim candidate 1 type array 1
[0.617s][debug][gc,humongous      ] GC(22) Humongous region 14 (object size 1048592 @ 0x00000000f0e00000) remset 0 code roots 0 marked 0 reclaim candidate 1 type array 1
[0.617s][debug][gc,humongous      ] GC(22) Humongous region 83 (object size 1048592 @ 0x00000000f5300000) remset 0 code roots 0 marked 0 reclaim candidate 1 type array 1
[0.617s][debug][gc,humongous      ] GC(22) Humongous region 20 (object size 1048592 @ 0x00000000f1400000) remset 0 code roots 0 marked 0 reclaim candidate 1 type array 1
[0.617s][debug][gc,humongous      ] GC(22) Humongous region 28 (object size 1048592 @ 0x00000000f1c00000) remset 0 code roots 0 marked 0 reclaim candidate 1 type array 1
[0.617s][debug][gc,humongous      ] GC(22) Humongous region 10 (object size 1048592 @ 0x00000000f0a00000) remset 0 code roots 0 marked 0 reclaim candidate 1 type array 1
[0.617s][debug][gc,humongous      ] GC(22) Humongous region 30 (object size 1048592 @ 0x00000000f1e00000) remset 0 code roots 0 marked 0 reclaim candidate 1 type array 1
[0.617s][debug][gc,humongous      ] GC(22) Humongous region 12 (object size 1048592 @ 0x00000000f0c00000) remset 0 code roots 0 marked 0 reclaim candidate 1 type array 1
[0.617s][debug][gc,humongous      ] GC(22) Humongous region 34 (object size 1048592 @ 0x00000000f2200000) remset 0 code roots 0 marked 0 reclaim candidate 1 type array 1
[0.617s][debug][gc,humongous      ] GC(22) Humongous region 36 (object size 1048592 @ 0x00000000f2400000) remset 0 code roots 0 marked 0 reclaim candidate 1 type array 1
[0.617s][debug][gc,humongous      ] GC(22) Humongous region 18 (object size 1048592 @ 0x00000000f1200000) remset 0 code roots 0 marked 0 reclaim candidate 1 type array 1
[0.617s][debug][gc,humongous      ] GC(22) Humongous region 40 (object size 1048592 @ 0x00000000f2800000) remset 0 code roots 0 marked 0 reclaim candidate 1 type array 1
[0.617s][debug][gc,humongous      ] GC(22) Humongous region 4 (object size 1048592 @ 0x00000000f0400000) remset 0 code roots 0 marked 0 reclaim candidate 1 type array 1
[0.617s][debug][gc,humongous      ] GC(22) Humongous region 24 (object size 1048592 @ 0x00000000f1800000) remset 0 code roots 0 marked 0 reclaim candidate 1 type array 1
[0.617s][debug][gc,humongous      ] GC(22) Humongous region 26 (object size 1048592 @ 0x00000000f1a00000) remset 0 code roots 0 marked 0 reclaim candidate 1 type array 1
[0.617s][debug][gc,humongous      ] GC(22) Humongous region 8 (object size 1048592 @ 0x00000000f0800000) remset 0 code roots 0 marked 0 reclaim candidate 1 type array 1
[0.617s][debug][gc,humongous      ] GC(22) Humongous region 32 (object size 1048592 @ 0x00000000f2000000) remset 0 code roots 0 marked 0 reclaim candidate 1 type array 1
[0.617s][debug][gc,humongous      ] GC(22) Humongous region 22 (object size 1048592 @ 0x00000000f1600000) remset 0 code roots 0 marked 0 reclaim candidate 1 type array 1
[0.617s][debug][gc,humongous      ] GC(22) Humongous region 16 (object size 1048592 @ 0x00000000f1000000) remset 0 code roots 0 marked 0 reclaim candidate 1 type array 1
[0.617s][debug][gc,humongous      ] GC(22) Humongous region 38 (object size 1048592 @ 0x00000000f2600000) remset 0 code roots 0 marked 0 reclaim candidate 1 type array 1
[0.617s][debug][gc,humongous      ] GC(22) Humongous region 60 (object size 1048592 @ 0x00000000f3c00000) remset 0 code roots 0 marked 0 reclaim candidate 1 type array 1
[0.617s][debug][gc,humongous      ] GC(22) Humongous region 159 (object size 10485776 @ 0x00000000f9f00000) remset 0 code roots 0 marked 0 reclaim candidate 1 type array 1
[0.618s][debug][gc,ergo           ] GC(22) Running G1 Merge Heap Roots using 12 workers for 6 regions
[0.618s][debug][gc,remset         ] GC(22) Visited cards 64 Total dirty 4096 (1.56%) Total old 438272 (0.01%)
[0.619s][debug][gc,ref            ] GC(22) Skipped phase 1 of Reference Processing: no references
[0.619s][debug][gc,ref            ] GC(22) Skipped phase 2 of Reference Processing: no references
[0.619s][debug][gc,ref            ] GC(22) Skipped phase 3 of Reference Processing: no references
[0.619s][debug][gc,ref            ] GC(22) Skipped phase 4 of Reference Processing: no references
[0.619s][debug][gc,ergo           ] GC(22) Running G1 Rebuild Free List Task using 12 workers for rebuilding free list of regions
[0.619s][debug][gc,plab           ] GC(22) Young PLAB allocation: allocated: 0B, wasted: 0B, unused: 0B, used: 0B, undo waste: 0B, 
[0.619s][debug][gc,plab           ] GC(22) Young other allocation: region end waste: 130592B, regions filled: 2, direct allocated: 1966560B, failure used: 0B, failure wasted: 0B
[0.619s][debug][gc,plab           ] GC(22) Young sizing: calculated: 0B, actual: 2064B
[0.619s][debug][gc,plab           ] GC(22) Old PLAB allocation: allocated: 0B, wasted: 0B, unused: 0B, used: 0B, undo waste: 0B, 
[0.619s][debug][gc,plab           ] GC(22) Old other allocation: region end waste: 195488B, regions filled: 4, direct allocated: 3277600B, failure used: 0B, failure wasted: 0B
[0.619s][debug][gc,plab           ] GC(22) Old sizing: calculated: 0B, actual: 2064B
[0.619s][debug][gc,ergo,heap      ] GC(22) Heap expansion: short term pause time ratio 6.46% long term pause time ratio 9.57% threshold 7.69% pause time ratio 7.69% fully expanded true resize by 0B
[0.619s][debug][gc,ergo,ihop      ] GC(22) Request concurrent cycle initiation (occupancy higher than threshold) occupancy: 214958080B allocation request: 0B threshold: 211488465B (78.79) source: Revise IHOP
[0.619s][debug][gc,mmu            ] GC(22) MMU: 5.1ms (50.0ms/51.0ms)
[0.619s][debug][gc,alloc,stats    ] Old generation allocation in the last mutator period, old gen allocated: 0B, humongous allocated: 0B,old gen growth: 0B.
[0.619s][debug][gc,ihop           ] GC(22) Basic information (value update), threshold: 211628404B (78.84), target occupancy: 268435456B, current occupancy: 215207728B, recent allocation size: 0B, recent allocation duration: 11.21ms, recent old gen allocation rate: 0.00B/s, recent marking phase length: 73.53ms
[0.619s][debug][gc,ihop           ] GC(22) Adaptive IHOP information (value update), threshold: 211628404B (92.75), internal target occupancy: 228170137B, occupancy: 215207728B, additional buffer size: 12582912B, predicted old gen allocation rate: 64311249.81B/s, predicted marking phase length: 61.56ms, prediction active: true
[0.619s][debug][gc,ergo,refine    ] GC(22) Concurrent refinement times: Logged Cards Scan time goal: 5.00ms Logged Cards Scan time: 0.00ms HCC time: 0.00ms
[0.619s][debug][gc,ergo,refine    ] GC(22) Updated Refinement Zones: green: 3328, yellow: 9984, red: 16640
[0.619s][info ][gc,phases         ] GC(22)   Pre Evacuate Collection Set: 0.5ms
[0.619s][debug][gc,phases         ] GC(22)     Prepare TLABs: 0.0ms
[0.619s][debug][gc,phases         ] GC(22)     Concatenate Dirty Card Logs: 0.0ms
[0.619s][debug][gc,phases         ] GC(22)     Choose Collection Set: 0.0ms
[0.619s][debug][gc,phases         ] GC(22)     Region Register: 0.5ms
[0.619s][debug][gc,phases         ] GC(22)     Prepare Heap Roots: 0.0ms
[0.619s][debug][gc,phases         ] GC(22)     Clear Claimed Marks: 0.0ms
[0.619s][info ][gc,phases         ] GC(22)   Merge Heap Roots: 0.2ms
[0.619s][debug][gc,phases         ] GC(22)     Prepare Merge Heap Roots: 0.0ms
[0.619s][debug][gc,phases         ] GC(22)     Eager Reclaim (ms):            Min:  0.0, Avg:  0.0, Max:  0.0, Diff:  0.0, Sum:  0.0, Workers: 1
[0.619s][debug][gc,phases         ] GC(22)     Remembered Sets (ms):          Min:  0.0, Avg:  0.0, Max:  0.0, Diff:  0.0, Sum:  0.0, Workers: 12
[0.619s][debug][gc,phases         ] GC(22)       Merged Sparse:                 Min: 0, Avg:  0.0, Max: 0, Diff: 0, Sum: 0, Workers: 12
[0.619s][debug][gc,phases         ] GC(22)       Merged Fine:                   Min: 0, Avg:  0.0, Max: 0, Diff: 0, Sum: 0, Workers: 12
[0.619s][debug][gc,phases         ] GC(22)       Merged Coarse:                 Min: 0, Avg:  0.0, Max: 0, Diff: 0, Sum: 0, Workers: 12
[0.619s][debug][gc,phases         ] GC(22)       Dirty Cards:                   Min: 0, Avg:  0.0, Max: 0, Diff: 0, Sum: 0, Workers: 12
[0.619s][debug][gc,phases         ] GC(22)     Hot Card Cache (ms):           Min:  0.0, Avg:  0.0, Max:  0.0, Diff:  0.0, Sum:  0.0, Workers: 12
[0.619s][debug][gc,phases         ] GC(22)       Dirty Cards:                   Min: 0, Avg:  0.0, Max: 0, Diff: 0, Sum: 0, Workers: 12
[0.619s][debug][gc,phases         ] GC(22)       Skipped Cards:                 Min: 0, Avg:  0.0, Max: 0, Diff: 0, Sum: 0, Workers: 12
[0.619s][debug][gc,phases         ] GC(22)     Log Buffers (ms):              Min:  0.0, Avg:  0.0, Max:  0.0, Diff:  0.0, Sum:  0.0, Workers: 12
[0.619s][debug][gc,phases         ] GC(22)       Dirty Cards:                   Min: 0, Avg:  0.8, Max: 9, Diff: 9, Sum: 10, Workers: 12
[0.619s][debug][gc,phases         ] GC(22)       Skipped Cards:                 Min: 0, Avg:  0.0, Max: 0, Diff: 0, Sum: 0, Workers: 12
[0.619s][info ][gc,phases         ] GC(22)   Evacuate Collection Set: 0.8ms
[0.619s][debug][gc,phases         ] GC(22)     Ext Root Scanning (ms):        Min:  0.0, Avg:  0.0, Max:  0.1, Diff:  0.1, Sum:  0.2, Workers: 12
[0.619s][debug][gc,phases         ] GC(22)     Scan Heap Roots (ms):          Min:  0.0, Avg:  0.0, Max:  0.0, Diff:  0.0, Sum:  0.0, Workers: 12
[0.619s][debug][gc,phases         ] GC(22)       Scanned Cards:                 Min: 0, Avg:  1.2, Max: 14, Diff: 14, Sum: 15, Workers: 12
[0.619s][debug][gc,phases         ] GC(22)       Scanned Blocks:                Min: 0, Avg:  0.2, Max: 1, Diff: 1, Sum: 2, Workers: 12
[0.619s][debug][gc,phases         ] GC(22)       Claimed Chunks:                Min: 0, Avg:  0.2, Max: 1, Diff: 1, Sum: 2, Workers: 12
[0.619s][debug][gc,phases         ] GC(22)     Code Root Scan (ms):           Min:  0.0, Avg:  0.0, Max:  0.0, Diff:  0.0, Sum:  0.0, Workers: 12
[0.619s][debug][gc,phases         ] GC(22)     Object Copy (ms):              Min:  0.2, Avg:  0.3, Max:  0.3, Diff:  0.2, Sum:  3.0, Workers: 12
[0.619s][debug][gc,phases         ] GC(22)     Termination (ms):              Min:  0.1, Avg:  0.3, Max:  0.3, Diff:  0.2, Sum:  3.3, Workers: 12
[0.619s][debug][gc,phases         ] GC(22)       Termination Attempts:          Min: 1, Avg:  1.2, Max: 2, Diff: 1, Sum: 14, Workers: 12
[0.619s][debug][gc,phases         ] GC(22)     GC Worker Other (ms):          Min:  0.0, Avg:  0.0, Max:  0.0, Diff:  0.0, Sum:  0.1, Workers: 12
[0.619s][debug][gc,phases         ] GC(22)     GC Worker Total (ms):          Min:  0.3, Avg:  0.6, Max:  0.7, Diff:  0.3, Sum:  6.6, Workers: 12
[0.619s][info ][gc,phases         ] GC(22)   Post Evacuate Collection Set: 0.6ms
[0.620s][debug][gc,phases         ] GC(22)     Code Roots Fixup: 0.0ms
[0.620s][debug][gc,phases         ] GC(22)     Reference Processing: 0.0ms
[0.620s][debug][gc,phases,ref     ] GC(22)       Reconsider SoftReferences: 0.0ms
[0.620s][debug][gc,phases,ref     ] GC(22)         SoftRef (ms):                  skipped
[0.620s][debug][gc,phases,ref     ] GC(22)       Notify Soft/WeakReferences: 0.0ms
[0.620s][debug][gc,phases,ref     ] GC(22)         SoftRef (ms):                  skipped
[0.620s][debug][gc,phases,ref     ] GC(22)         WeakRef (ms):                  skipped
[0.620s][debug][gc,phases,ref     ] GC(22)         FinalRef (ms):                 skipped
[0.620s][debug][gc,phases,ref     ] GC(22)         Total (ms):                    skipped
[0.620s][debug][gc,phases,ref     ] GC(22)       Notify and keep alive finalizable: 0.0ms
[0.620s][debug][gc,phases,ref     ] GC(22)         FinalRef (ms):                 skipped
[0.620s][debug][gc,phases,ref     ] GC(22)       Notify PhantomReferences: 0.0ms
[0.620s][debug][gc,phases,ref     ] GC(22)         PhantomRef (ms):               skipped
[0.620s][debug][gc,phases,ref     ] GC(22)       SoftReference:
[0.620s][debug][gc,phases,ref     ] GC(22)         Discovered: 0
[0.620s][debug][gc,phases,ref     ] GC(22)         Cleared: 0
[0.620s][debug][gc,phases,ref     ] GC(22)       WeakReference:
[0.620s][debug][gc,phases,ref     ] GC(22)         Discovered: 0
[0.620s][debug][gc,phases,ref     ] GC(22)         Cleared: 0
[0.620s][debug][gc,phases,ref     ] GC(22)       FinalReference:
[0.620s][debug][gc,phases,ref     ] GC(22)         Discovered: 0
[0.620s][debug][gc,phases,ref     ] GC(22)         Cleared: 0
[0.620s][debug][gc,phases,ref     ] GC(22)       PhantomReference:
[0.620s][debug][gc,phases,ref     ] GC(22)         Discovered: 0
[0.620s][debug][gc,phases,ref     ] GC(22)         Cleared: 0
[0.620s][debug][gc,phases         ] GC(22)     Weak Processing: 0.1ms
[0.620s][debug][gc,phases         ] GC(22)       VM Weak                        Min:  0.0, Avg:  0.0, Max:  0.0, Diff:  0.0, Sum:  0.0, Workers: 1
[0.620s][debug][gc,phases         ] GC(22)         Dead                           Min: 0, Avg:  0.0, Max: 0, Diff: 0, Sum: 0, Workers: 1
[0.620s][debug][gc,phases         ] GC(22)         Total                          Min: 4, Avg:  4.0, Max: 4, Diff: 0, Sum: 4, Workers: 1
[0.620s][debug][gc,phases         ] GC(22)       ObjectSynchronizer Weak        Min:  0.0, Avg:  0.0, Max:  0.0, Diff:  0.0, Sum:  0.0, Workers: 1
[0.620s][debug][gc,phases         ] GC(22)         Dead                           Min: 0, Avg:  0.0, Max: 0, Diff: 0, Sum: 0, Workers: 1
[0.620s][debug][gc,phases         ] GC(22)         Total                          Min: 4, Avg:  4.0, Max: 4, Diff: 0, Sum: 4, Workers: 1
[0.620s][debug][gc,phases         ] GC(22)       JVMTI Tag Weak OopStorage      Min:  0.0, Avg:  0.0, Max:  0.0, Diff:  0.0, Sum:  0.0, Workers: 1
[0.620s][debug][gc,phases         ] GC(22)         Dead                           Min: 0, Avg:  0.0, Max: 0, Diff: 0, Sum: 0, Workers: 1
[0.620s][debug][gc,phases         ] GC(22)         Total                          Min: 0, Avg:  0.0, Max: 0, Diff: 0, Sum: 0, Workers: 1
[0.620s][debug][gc,phases         ] GC(22)       StringTable Weak               Min:  0.0, Avg:  0.0, Max:  0.0, Diff:  0.0, Sum:  0.0, Workers: 1
[0.620s][debug][gc,phases         ] GC(22)         Dead                           Min: 0, Avg:  0.0, Max: 0, Diff: 0, Sum: 0, Workers: 1
[0.620s][debug][gc,phases         ] GC(22)         Total                          Min: 39, Avg: 39.0, Max: 39, Diff: 0, Sum: 39, Workers: 1
[0.620s][debug][gc,phases         ] GC(22)       ResolvedMethodTable Weak       Min:  0.0, Avg:  0.0, Max:  0.0, Diff:  0.0, Sum:  0.0, Workers: 1
[0.620s][debug][gc,phases         ] GC(22)         Dead                           Min: 0, Avg:  0.0, Max: 0, Diff: 0, Sum: 0, Workers: 1
[0.620s][debug][gc,phases         ] GC(22)         Total                          Min: 22, Avg: 22.0, Max: 22, Diff: 0, Sum: 22, Workers: 1
[0.620s][debug][gc,phases         ] GC(22)       JNI Weak                       Min:  0.0, Avg:  0.0, Max:  0.0, Diff:  0.0, Sum:  0.0, Workers: 1
[0.620s][debug][gc,phases         ] GC(22)         Dead                           Min: 0, Avg:  0.0, Max: 0, Diff: 0, Sum: 0, Workers: 1
[0.620s][debug][gc,phases         ] GC(22)         Total                          Min: 0, Avg:  0.0, Max: 0, Diff: 0, Sum: 0, Workers: 1
[0.620s][debug][gc,phases         ] GC(22)       StringDedup Table Weak         Min:  0.0, Avg:  0.0, Max:  0.0, Diff:  0.0, Sum:  0.0, Workers: 1
[0.620s][debug][gc,phases         ] GC(22)         Dead                           Min: 0, Avg:  0.0, Max: 0, Diff: 0, Sum: 0, Workers: 1
[0.620s][debug][gc,phases         ] GC(22)         Total                          Min: 0, Avg:  0.0, Max: 0, Diff: 0, Sum: 0, Workers: 1
[0.620s][debug][gc,phases         ] GC(22)       StringDedup Requests0 Weak     Min:  0.0, Avg:  0.0, Max:  0.0, Diff:  0.0, Sum:  0.0, Workers: 1
[0.620s][debug][gc,phases         ] GC(22)         Dead                           Min: 0, Avg:  0.0, Max: 0, Diff: 0, Sum: 0, Workers: 1
[0.620s][debug][gc,phases         ] GC(22)         Total                          Min: 0, Avg:  0.0, Max: 0, Diff: 0, Sum: 0, Workers: 1
[0.620s][debug][gc,phases         ] GC(22)       StringDedup Requests1 Weak     Min:  0.0, Avg:  0.0, Max:  0.0, Diff:  0.0, Sum:  0.0, Workers: 1
[0.620s][debug][gc,phases         ] GC(22)         Dead                           Min: 0, Avg:  0.0, Max: 0, Diff: 0, Sum: 0, Workers: 1
[0.620s][debug][gc,phases         ] GC(22)         Total                          Min: 0, Avg:  0.0, Max: 0, Diff: 0, Sum: 0, Workers: 1
[0.620s][debug][gc,phases         ] GC(22)       Weak JFR Old Object Samples    Min:  0.0, Avg:  0.0, Max:  0.0, Diff:  0.0, Sum:  0.0, Workers: 1
[0.620s][debug][gc,phases         ] GC(22)         Dead                           Min: 0, Avg:  0.0, Max: 0, Diff: 0, Sum: 0, Workers: 1
[0.620s][debug][gc,phases         ] GC(22)         Total                          Min: 0, Avg:  0.0, Max: 0, Diff: 0, Sum: 0, Workers: 1
[0.620s][debug][gc,phases         ] GC(22)     Post Evacuate Cleanup 1: 0.1ms
[0.620s][debug][gc,phases         ] GC(22)       Merge Per-Thread State (ms):   Min:  0.0, Avg:  0.0, Max:  0.0, Diff:  0.0, Sum:  0.0, Workers: 1
[0.620s][debug][gc,phases         ] GC(22)         Copied Bytes                   Min: 196656, Avg: 437013.3, Max: 983280, Diff: 786624, Sum: 5244160, Workers: 12
[0.620s][debug][gc,phases         ] GC(22)         LAB Waste                      Min: 0, Avg:  0.0, Max: 0, Diff: 0, Sum: 0, Workers: 12
[0.620s][debug][gc,phases         ] GC(22)         LAB Undo Waste                 Min: 0, Avg:  0.0, Max: 0, Diff: 0, Sum: 0, Workers: 12
[0.620s][debug][gc,phases         ] GC(22)       Clear Logged Cards (ms):       Min:  0.0, Avg:  0.0, Max:  0.0, Diff:  0.0, Sum:  0.0, Workers: 3
[0.620s][debug][gc,phases         ] GC(22)       Recalculate Used Memory (ms):  Min:  0.0, Avg:  0.0, Max:  0.0, Diff:  0.0, Sum:  0.0, Workers: 1
[0.620s][debug][gc,phases         ] GC(22)     Post Evacuate Cleanup 2: 0.2ms
[0.620s][debug][gc,phases         ] GC(22)       Reset Hot Card Cache (ms):     Min:  0.0, Avg:  0.0, Max:  0.0, Diff:  0.0, Sum:  0.0, Workers: 1
[0.620s][debug][gc,phases         ] GC(22)       Purge Code Roots (ms):         Min:  0.0, Avg:  0.0, Max:  0.0, Diff:  0.0, Sum:  0.0, Workers: 1
[0.620s][debug][gc,phases         ] GC(22)       Update Derived Pointers (ms):  Min:  0.0, Avg:  0.0, Max:  0.0, Diff:  0.0, Sum:  0.0, Workers: 1
[0.620s][debug][gc,phases         ] GC(22)       Eagerly Reclaim Humongous Objects (ms): Min:  0.0, Avg:  0.0, Max:  0.0, Diff:  0.0, Sum:  0.0, Workers: 1
[0.620s][debug][gc,phases         ] GC(22)         Humongous Total                Min: 28, Avg: 28.0, Max: 28, Diff: 0, Sum: 28, Workers: 1
[0.620s][debug][gc,phases         ] GC(22)         Humongous Candidates           Min: 28, Avg: 28.0, Max: 28, Diff: 0, Sum: 28, Workers: 1
[0.620s][debug][gc,phases         ] GC(22)         Humongous Reclaimed            Min: 0, Avg:  0.0, Max: 0, Diff: 0, Sum: 0, Workers: 1
[0.620s][debug][gc,phases         ] GC(22)       Redirty Logged Cards (ms):     Min:  0.0, Avg:  0.0, Max:  0.0, Diff:  0.0, Sum:  0.0, Workers: 12
[0.620s][debug][gc,phases         ] GC(22)         Redirtied Cards:               Min: 0, Avg:  1.8, Max: 21, Diff: 21, Sum: 21, Workers: 12
[0.620s][debug][gc,phases         ] GC(22)       Free Collection Set (ms):      Min:  0.0, Avg:  0.0, Max:  0.0, Diff:  0.0, Sum:  0.0, Workers: 12
[0.620s][debug][gc,phases         ] GC(22)     Rebuild Free List: 0.2ms
[0.620s][debug][gc,phases         ] GC(22)     Start New Collection Set: 0.0ms
[0.620s][debug][gc,phases         ] GC(22)     Resize TLABs: 0.0ms
[0.620s][debug][gc,phases         ] GC(22)     Expand Heap After Collection: 0.0ms
[0.620s][info ][gc,phases         ] GC(22)   Other: 0.2ms
[0.620s][info ][gc,heap           ] GC(22) Eden regions: 4->0(10)
[0.620s][info ][gc,heap           ] GC(22) Survivor regions: 2->2(2)
[0.620s][info ][gc,heap           ] GC(22) Old regions: 126->129
[0.620s][info ][gc,heap           ] GC(22) Archive regions: 2->2
[0.620s][info ][gc,heap           ] GC(22) Humongous regions: 74->74
[0.620s][info ][gc,metaspace      ] GC(22) Metaspace: 136K(320K)->136K(320K) NonClass: 130K(192K)->130K(192K) Class: 5K(128K)->5K(128K)
[0.620s][debug][gc,heap           ] GC(22) Heap after GC invocations=23 (full 1):
[0.620s][debug][gc,heap           ] GC(22)  garbage-first heap   total 262144K, used 210163K [0x00000000f0000000, 0x0000000100000000)
[0.620s][debug][gc,heap           ] GC(22)   region size 1024K, 2 young (2048K), 2 survivors (2048K)
[0.620s][debug][gc,heap           ] GC(22)  Metaspace       used 136K, committed 320K, reserved 1114112K
[0.620s][debug][gc,heap           ] GC(22)   class space    used 5K, committed 128K, reserved 1048576K
[0.620s][info ][gc                ] GC(22) Pause Young (Concurrent Start) (G1 Humongous Allocation) 205M->205M(256M) 2.852ms
[0.620s][info ][gc,cpu            ] GC(22) User=0.01s Sys=0.00s Real=0.00s
[0.620s][info ][gc                ] GC(23) Concurrent Mark Cycle
[0.620s][info ][gc,marking        ] GC(23) Concurrent Clear Claimed Marks
[0.620s][info ][gc,marking        ] GC(23) Concurrent Clear Claimed Marks 0.007ms
[0.620s][info ][gc,marking        ] GC(23) Concurrent Scan Root Regions
[0.620s][debug][gc,ergo           ] GC(23) Running G1 Root Region Scan using 3 workers for 6 work units.
[0.620s][info ][gc,marking        ] GC(23) Concurrent Scan Root Regions 0.047ms
[0.620s][info ][gc,marking        ] GC(23) Concurrent Mark
[0.620s][info ][gc,marking        ] GC(23) Concurrent Mark From Roots
[0.620s][info ][gc,task           ] GC(23) Using 3 workers of 3 for marking
[0.620s][debug][gc,task           ] GC(24) Requesting 9 active workers for full compaction (waste limited workers: 13, adaptive workers: 9, used limited workers: 210)
[0.620s][info ][gc,task           ] GC(24) Using 9 workers of 13 for full compaction
[0.621s][info ][gc,start          ] GC(24) Pause Full (System.gc())
[0.621s][debug][gc,heap           ] GC(24) Heap before GC invocations=23 (full 1):
[0.621s][debug][gc,heap           ] GC(24)  garbage-first heap   total 262144K, used 212211K [0x00000000f0000000, 0x0000000100000000)
[0.621s][debug][gc,heap           ] GC(24)   region size 1024K, 3 young (3072K), 2 survivors (2048K)
[0.621s][debug][gc,heap           ] GC(24)  Metaspace       used 136K, committed 320K, reserved 1114112K
[0.621s][debug][gc,heap           ] GC(24)   class space    used 5K, committed 128K, reserved 1048576K
[0.621s][debug][gc,start          ] GC(24) Clear Next Bitmap
[0.621s][debug][gc,ergo           ] GC(24) Running G1 Clear Bitmap with 4 workers for 4 work units.
[0.621s][debug][gc                ] GC(24) Clear Next Bitmap 0.291ms
[0.621s][debug][gc,tlab           ] GC(24) TLAB totals: thrds: 5  refills: 5 max: 1 slow allocs: 0 max 0 waste: 37.3% gc: 194712B max: 39536B slow: 0B max: 0B
[0.621s][debug][gc,alloc,region   ] GC(24) Mutator Allocation stats, regions: 1, wasted size: 0B ( 0.0%)
[0.621s][info ][gc,phases,start   ] GC(24) Phase 1: Mark live objects
[0.622s][debug][gc,phases,start   ] GC(24) Phase 1: Reference Processing
[0.622s][debug][gc,ref            ] GC(24) Skipped phase 1 of Reference Processing: no references
[0.622s][debug][gc,ref            ] GC(24) ReferenceProcessor::execute queues: 1, RefProcThreadModel::Single, marks_oops_alive: false
[0.622s][debug][gc,ref            ] GC(24) Skipped phase 3 of Reference Processing: no references
[0.622s][debug][gc,ref            ] GC(24) ReferenceProcessor::execute queues: 1, RefProcThreadModel::Single, marks_oops_alive: false
[0.622s][debug][gc,phases,ref     ] GC(24) Reference Processing: 0.1ms
[0.622s][debug][gc,phases,ref     ] GC(24)   Reconsider SoftReferences: 0.0ms
[0.622s][debug][gc,phases,ref     ] GC(24)     SoftRef (ms):                  skipped
[0.622s][debug][gc,phases,ref     ] GC(24)   Notify Soft/WeakReferences: 0.1ms
[0.622s][debug][gc,phases,ref     ] GC(24)     SoftRef (ms):                  Min:  0.0, Avg:  0.0, Max:  0.0, Diff:  0.0, Sum:  0.0, Workers: 13
[0.622s][debug][gc,phases,ref     ] GC(24)     WeakRef (ms):                  Min:  0.0, Avg:  0.0, Max:  0.0, Diff:  0.0, Sum:  0.0, Workers: 13
[0.622s][debug][gc,phases,ref     ] GC(24)     FinalRef (ms):                 Min:  0.0, Avg:  0.0, Max:  0.0, Diff:  0.0, Sum:  0.0, Workers: 13
[0.622s][debug][gc,phases,ref     ] GC(24)     Total (ms):                    Min:  0.0, Avg:  0.0, Max:  0.0, Diff:  0.0, Sum:  0.0, Workers: 13
[0.622s][debug][gc,phases,ref     ] GC(24)   Notify and keep alive finalizable: 0.0ms
[0.622s][debug][gc,phases,ref     ] GC(24)     FinalRef (ms):                 skipped
[0.622s][debug][gc,phases,ref     ] GC(24)   Notify PhantomReferences: 0.0ms
[0.622s][debug][gc,phases,ref     ] GC(24)     PhantomRef (ms):               Min:  0.0, Avg:  0.0, Max:  0.0, Diff:  0.0, Sum:  0.0, Workers: 13
[0.622s][debug][gc,phases,ref     ] GC(24)   SoftReference:
[0.622s][debug][gc,phases,ref     ] GC(24)     Discovered: 0
[0.622s][debug][gc,phases,ref     ] GC(24)     Cleared: 0
[0.622s][debug][gc,phases,ref     ] GC(24)   WeakReference:
[0.622s][debug][gc,phases,ref     ] GC(24)     Discovered: 15
[0.622s][debug][gc,phases,ref     ] GC(24)     Cleared: 15
[0.622s][debug][gc,phases,ref     ] GC(24)   FinalReference:
[0.622s][debug][gc,phases,ref     ] GC(24)     Discovered: 0
[0.622s][debug][gc,phases,ref     ] GC(24)     Cleared: 0
[0.622s][debug][gc,phases,ref     ] GC(24)   PhantomReference:
[0.622s][debug][gc,phases,ref     ] GC(24)     Discovered: 1
[0.622s][debug][gc,phases,ref     ] GC(24)     Cleared: 1
[0.622s][debug][gc,phases         ] GC(24) Phase 1: Reference Processing 0.298ms
[0.622s][debug][gc,phases,start   ] GC(24) Phase 1: Weak Processing
[0.622s][debug][gc,phases         ] GC(24)   VM Weak                        Min:  0.0, Avg:  0.0, Max:  0.0, Diff:  0.0, Sum:  0.0, Workers: 1
[0.622s][debug][gc,phases         ] GC(24)     Dead                           Min: 0, Avg:  0.0, Max: 0, Diff: 0, Sum: 0, Workers: 1
[0.622s][debug][gc,phases         ] GC(24)     Total                          Min: 4, Avg:  4.0, Max: 4, Diff: 0, Sum: 4, Workers: 1
[0.622s][debug][gc,phases         ] GC(24)   ObjectSynchronizer Weak        Min:  0.0, Avg:  0.0, Max:  0.0, Diff:  0.0, Sum:  0.0, Workers: 1
[0.622s][debug][gc,phases         ] GC(24)     Dead                           Min: 0, Avg:  0.0, Max: 0, Diff: 0, Sum: 0, Workers: 1
[0.622s][debug][gc,phases         ] GC(24)     Total                          Min: 4, Avg:  4.0, Max: 4, Diff: 0, Sum: 4, Workers: 1
[0.622s][debug][gc,phases         ] GC(24)   JVMTI Tag Weak OopStorage      Min:  0.0, Avg:  0.0, Max:  0.0, Diff:  0.0, Sum:  0.0, Workers: 1
[0.622s][debug][gc,phases         ] GC(24)     Dead                           Min: 0, Avg:  0.0, Max: 0, Diff: 0, Sum: 0, Workers: 1
[0.622s][debug][gc,phases         ] GC(24)     Total                          Min: 0, Avg:  0.0, Max: 0, Diff: 0, Sum: 0, Workers: 1
[0.622s][debug][gc,phases         ] GC(24)   StringTable Weak               Min:  0.0, Avg:  0.0, Max:  0.0, Diff:  0.0, Sum:  0.0, Workers: 1
[0.622s][debug][gc,phases         ] GC(24)     Dead                           Min: 0, Avg:  0.0, Max: 0, Diff: 0, Sum: 0, Workers: 1
[0.622s][debug][gc,phases         ] GC(24)     Total                          Min: 39, Avg: 39.0, Max: 39, Diff: 0, Sum: 39, Workers: 1
[0.622s][debug][gc,phases         ] GC(24)   ResolvedMethodTable Weak       Min:  0.0, Avg:  0.0, Max:  0.0, Diff:  0.0, Sum:  0.0, Workers: 1
[0.622s][debug][gc,phases         ] GC(24)     Dead                           Min: 0, Avg:  0.0, Max: 0, Diff: 0, Sum: 0, Workers: 1
[0.622s][debug][gc,phases         ] GC(24)     Total                          Min: 22, Avg: 22.0, Max: 22, Diff: 0, Sum: 22, Workers: 1
[0.622s][debug][gc,phases         ] GC(24)   JNI Weak                       Min:  0.0, Avg:  0.0, Max:  0.0, Diff:  0.0, Sum:  0.0, Workers: 1
[0.622s][debug][gc,phases         ] GC(24)     Dead                           Min: 0, Avg:  0.0, Max: 0, Diff: 0, Sum: 0, Workers: 1
[0.622s][debug][gc,phases         ] GC(24)     Total                          Min: 0, Avg:  0.0, Max: 0, Diff: 0, Sum: 0, Workers: 1
[0.622s][debug][gc,phases         ] GC(24)   StringDedup Table Weak         Min:  0.0, Avg:  0.0, Max:  0.0, Diff:  0.0, Sum:  0.0, Workers: 1
[0.622s][debug][gc,phases         ] GC(24)     Dead                           Min: 0, Avg:  0.0, Max: 0, Diff: 0, Sum: 0, Workers: 1
[0.622s][debug][gc,phases         ] GC(24)     Total                          Min: 0, Avg:  0.0, Max: 0, Diff: 0, Sum: 0, Workers: 1
[0.622s][debug][gc,phases         ] GC(24)   StringDedup Requests0 Weak     Min:  0.0, Avg:  0.0, Max:  0.0, Diff:  0.0, Sum:  0.0, Workers: 1
[0.622s][debug][gc,phases         ] GC(24)     Dead                           Min: 0, Avg:  0.0, Max: 0, Diff: 0, Sum: 0, Workers: 1
[0.622s][debug][gc,phases         ] GC(24)     Total                          Min: 0, Avg:  0.0, Max: 0, Diff: 0, Sum: 0, Workers: 1
[0.622s][debug][gc,phases         ] GC(24)   StringDedup Requests1 Weak     Min:  0.0, Avg:  0.0, Max:  0.0, Diff:  0.0, Sum:  0.0, Workers: 1
[0.622s][debug][gc,phases         ] GC(24)     Dead                           Min: 0, Avg:  0.0, Max: 0, Diff: 0, Sum: 0, Workers: 1
[0.622s][debug][gc,phases         ] GC(24)     Total                          Min: 0, Avg:  0.0, Max: 0, Diff: 0, Sum: 0, Workers: 1
[0.622s][debug][gc,phases         ] GC(24)   Weak JFR Old Object Samples    Min:  0.0, Avg:  0.0, Max:  0.0, Diff:  0.0, Sum:  0.0, Workers: 1
[0.622s][debug][gc,phases         ] GC(24)     Dead                           Min: 0, Avg:  0.0, Max: 0, Diff: 0, Sum: 0, Workers: 1
[0.622s][debug][gc,phases         ] GC(24)     Total                          Min: 0, Avg:  0.0, Max: 0, Diff: 0, Sum: 0, Workers: 1
[0.622s][debug][gc,phases         ] GC(24) Phase 1: Weak Processing 0.246ms
[0.622s][debug][gc,phases,start   ] GC(24) Phase 1: Class Unloading and Cleanup
[0.622s][debug][gc,phases,start   ] GC(24) ClassLoaderData
[0.622s][debug][gc,phases         ] GC(24) ClassLoaderData 0.006ms
[0.622s][debug][gc,phases,start   ] GC(24) Trigger cleanups
[0.622s][debug][gc,phases         ] GC(24) Trigger cleanups 0.005ms
[0.623s][debug][gc,phases         ] GC(24) Phase 1: Class Unloading and Cleanup 0.178ms
[0.623s][debug][gc,phases,start   ] GC(24) Report Object Count
[0.623s][debug][gc,phases         ] GC(24) Report Object Count 0.006ms
[0.623s][info ][gc,phases         ] GC(24) Phase 1: Mark live objects 1.754ms
[0.623s][info ][gc,phases,start   ] GC(24) Phase 2: Prepare for compaction
[0.623s][info ][gc,phases         ] GC(24) Phase 2: Prepare for compaction 0.224ms
[0.623s][info ][gc,phases,start   ] GC(24) Phase 3: Adjust pointers
[0.623s][info ][gc,phases         ] GC(24) Phase 3: Adjust pointers 0.371ms
[0.623s][info ][gc,phases,start   ] GC(24) Phase 4: Compact heap
[0.631s][info ][gc,phases         ] GC(24) Phase 4: Compact heap 7.764ms
[0.631s][debug][gc,ergo           ] GC(24) Running G1 Clear Bitmap with 4 workers for 4 work units.
[0.632s][debug][gc,alloc,stats    ] Old generation allocation in the last mutator period, old gen allocated: 0B, humongous allocated: 2097152B,old gen growth: 2097152B.
[0.632s][info ][gc,heap           ] GC(24) Eden regions: 1->0(12)
[0.632s][info ][gc,heap           ] GC(24) Survivor regions: 2->0(2)
[0.632s][info ][gc,heap           ] GC(24) Old regions: 129->115
[0.632s][info ][gc,heap           ] GC(24) Archive regions: 2->2
[0.632s][info ][gc,heap           ] GC(24) Humongous regions: 76->76
[0.632s][info ][gc,metaspace      ] GC(24) Metaspace: 136K(320K)->136K(320K) NonClass: 130K(192K)->130K(192K) Class: 5K(128K)->5K(128K)
[0.632s][debug][gc,heap           ] GC(24) Heap after GC invocations=24 (full 2):
[0.632s][debug][gc,heap           ] GC(24)  garbage-first heap   total 262144K, used 185684K [0x00000000f0000000, 0x0000000100000000)
[0.632s][debug][gc,heap           ] GC(24)   region size 1024K, 0 young (0K), 0 survivors (0K)
[0.632s][debug][gc,heap           ] GC(24)  Metaspace       used 136K, committed 320K, reserved 1114112K
[0.632s][debug][gc,heap           ] GC(24)   class space    used 5K, committed 128K, reserved 1048576K
[0.632s][info ][gc                ] GC(24) Pause Full (System.gc()) 207M->181M(256M) 11.312ms
[0.632s][info ][gc,cpu            ] GC(24) User=0.05s Sys=0.00s Real=0.01s
[0.632s][debug][gc,stats          ] ---------------------------------------------------------------------
[0.632s][debug][gc,stats          ] Marking Stats, task = 0, calls = 1
[0.632s][debug][gc,stats          ]   Elapsed time = 11.92ms, Termination time = 0.00ms
[0.632s][debug][gc,stats          ]   Step Times (cum): num = 285, avg = 0.02ms, sd = 0.10ms max = 1.18ms, total = 4.65ms
[0.632s][debug][gc,stats          ]   Mark Stats Cache: hits 48 misses 0 ratio 100.000
[0.632s][debug][gc,stats          ] ---------------------------------------------------------------------
[0.632s][debug][gc,stats          ] Marking Stats, task = 1, calls = 1
[0.632s][debug][gc,stats          ]   Elapsed time = 11.93ms, Termination time = 0.00ms
[0.632s][debug][gc,stats          ]   Step Times (cum): num = 28, avg = 0.11ms, sd = 0.29ms max = 1.08ms, total = 3.20ms
[0.632s][debug][gc,stats          ]   Mark Stats Cache: hits 249 misses 0 ratio 100.000
[0.632s][debug][gc,stats          ] ---------------------------------------------------------------------
[0.632s][debug][gc,stats          ] Marking Stats, task = 2, calls = 1
[0.632s][debug][gc,stats          ]   Elapsed time = 11.93ms, Termination time = 0.00ms
[0.632s][debug][gc,stats          ]   Step Times (cum): num = 16, avg = 0.13ms, sd = 0.29ms max = 1.18ms, total = 2.10ms
[0.632s][debug][gc,stats          ]   Mark Stats Cache: hits 29 misses 0 ratio 100.000
[0.632s][debug][gc,stats          ] ---------------------------------------------------------------------
[0.632s][info ][gc,marking        ] GC(23) Concurrent Mark From Roots 12.164ms
[0.632s][info ][gc,marking        ] GC(23) Concurrent Mark Abort
[0.632s][info ][gc                ] GC(23) Concurrent Mark Cycle 12.269ms
[0.670s][debug][gc,heap           ] GC(25) Heap before GC invocations=24 (full 2):
[0.670s][debug][gc,heap           ] GC(25)  garbage-first heap   total 262144K, used 196948K [0x00000000f0000000, 0x0000000100000000)
[0.670s][debug][gc,heap           ] GC(25)   region size 1024K, 12 young (12288K), 0 survivors (0K)
[0.670s][debug][gc,heap           ] GC(25)  Metaspace       used 136K, committed 320K, reserved 1114112K
[0.670s][debug][gc,heap           ] GC(25)   class space    used 5K, committed 128K, reserved 1048576K
[0.670s][info ][gc,start          ] GC(25) Pause Young (Normal) (G1 Evacuation Pause)
[0.670s][info ][gc,task           ] GC(25) Using 12 workers of 13 for evacuation
[0.670s][debug][gc,tlab           ] GC(25) TLAB totals: thrds: 5  refills: 5 max: 1 slow allocs: 175 max 35 waste: 41.6% gc: 233664B max: 47440B slow: 0B max: 0B
[0.670s][debug][gc,age            ] GC(25) Desired survivor size 1048576 bytes, new threshold 1 (max threshold 15)
[0.670s][debug][gc,refine,stats   ] GC(25) Mutator refinement: 0.00ms, refined: 0, precleaned: 0, dirtied: 14
[0.670s][debug][gc,refine,stats   ] GC(25) Concurrent refinement: 0.00ms, refined: 0, precleaned: 0, dirtied: 0
[0.670s][debug][gc,refine,stats   ] GC(25) Total refinement: 0.00ms, refined: 0, precleaned: 0, dirtied: 14
[0.670s][debug][gc,refine,stats   ] GC(25) Generate dirty cards rate: 0.36 cards/ms
[0.670s][debug][gc,alloc,region   ] GC(25) Mutator Allocation stats, regions: 12, wasted size: 665K ( 5.4%)
[0.671s][debug][gc,humongous      ] GC(25) Humongous region 0 (object size 1048592 @ 0x00000000f0000000) remset 0 code roots 0 marked 0 reclaim candidate 0 type array 1
[0.671s][debug][gc,humongous      ] GC(25) Humongous region 64 (object size 1048592 @ 0x00000000f4000000) remset 0 code roots 0 marked 0 reclaim candidate 0 type array 1
[0.671s][debug][gc,humongous      ] GC(25) Humongous region 85 (object size 10485776 @ 0x00000000f5500000) remset 0 code roots 0 marked 0 reclaim candidate 0 type array 1
[0.671s][debug][gc,humongous      ] GC(25) Humongous region 126 (object size 1048592 @ 0x00000000f7e00000) remset 0 code roots 0 marked 0 reclaim candidate 0 type array 1
[0.671s][debug][gc,humongous      ] GC(25) Humongous region 159 (object size 10485776 @ 0x00000000f9f00000) remset 0 code roots 0 marked 0 reclaim candidate 0 type array 1
[0.671s][debug][gc,humongous      ] GC(25) Humongous region 6 (object size 1048592 @ 0x00000000f0600000) remset 0 code roots 0 marked 0 reclaim candidate 0 type array 1
[0.671s][debug][gc,humongous      ] GC(25) Humongous region 22 (object size 1048592 @ 0x00000000f1600000) remset 0 code roots 0 marked 0 reclaim candidate 0 type array 1
[0.671s][debug][gc,humongous      ] GC(25) Humongous region 83 (object size 1048592 @ 0x00000000f5300000) remset 0 code roots 0 marked 0 reclaim candidate 0 type array 1
[0.671s][debug][gc,humongous      ] GC(25) Humongous region 24 (object size 1048592 @ 0x00000000f1800000) remset 0 code roots 0 marked 0 reclaim candidate 0 type array 1
[0.671s][debug][gc,humongous      ] GC(25) Humongous region 203 (object size 1048592 @ 0x00000000fcb00000) remset 0 code roots 0 marked 0 reclaim candidate 0 type array 1
[0.671s][debug][gc,humongous      ] GC(25) Humongous region 2 (object size 1048592 @ 0x00000000f0200000) remset 0 code roots 0 marked 0 reclaim candidate 0 type array 1
[0.671s][debug][gc,humongous      ] GC(25) Humongous region 28 (object size 1048592 @ 0x00000000f1c00000) remset 0 code roots 0 marked 0 reclaim candidate 0 type array 1
[0.671s][debug][gc,humongous      ] GC(25) Humongous region 30 (object size 1048592 @ 0x00000000f1e00000) remset 0 code roots 0 marked 0 reclaim candidate 0 type array 1
[0.671s][debug][gc,humongous      ] GC(25) Humongous region 32 (object size 1048592 @ 0x00000000f2000000) remset 0 code roots 0 marked 0 reclaim candidate 0 type array 1
[0.671s][debug][gc,humongous      ] GC(25) Humongous region 34 (object size 1048592 @ 0x00000000f2200000) remset 0 code roots 0 marked 0 reclaim candidate 0 type array 1
[0.671s][debug][gc,humongous      ] GC(25) Humongous region 14 (object size 1048592 @ 0x00000000f0e00000) remset 0 code roots 0 marked 0 reclaim candidate 0 type array 1
[0.671s][debug][gc,humongous      ] GC(25) Humongous region 42 (object size 1048592 @ 0x00000000f2a00000) remset 0 code roots 0 marked 0 reclaim candidate 0 type array 1
[0.671s][debug][gc,humongous      ] GC(25) Humongous region 40 (object size 1048592 @ 0x00000000f2800000) remset 0 code roots 0 marked 0 reclaim candidate 0 type array 1
[0.671s][debug][gc,humongous      ] GC(25) Humongous region 60 (object size 1048592 @ 0x00000000f3c00000) remset 0 code roots 0 marked 0 reclaim candidate 0 type array 1
[0.671s][debug][gc,humongous      ] GC(25) Humongous region 20 (object size 1048592 @ 0x00000000f1400000) remset 0 code roots 0 marked 0 reclaim candidate 0 type array 1
[0.671s][debug][gc,humongous      ] GC(25) Humongous region 4 (object size 1048592 @ 0x00000000f0400000) remset 0 code roots 0 marked 0 reclaim candidate 0 type array 1
[0.671s][debug][gc,humongous      ] GC(25) Humongous region 8 (object size 1048592 @ 0x00000000f0800000) remset 0 code roots 0 marked 0 reclaim candidate 0 type array 1
[0.671s][debug][gc,humongous      ] GC(25) Humongous region 10 (object size 1048592 @ 0x00000000f0a00000) remset 0 code roots 0 marked 0 reclaim candidate 0 type array 1
[0.671s][debug][gc,humongous      ] GC(25) Humongous region 12 (object size 1048592 @ 0x00000000f0c00000) remset 0 code roots 0 marked 0 reclaim candidate 0 type array 1
[0.671s][debug][gc,humongous      ] GC(25) Humongous region 38 (object size 1048592 @ 0x00000000f2600000) remset 0 code roots 0 marked 0 reclaim candidate 0 type array 1
[0.671s][debug][gc,humongous      ] GC(25) Humongous region 36 (object size 1048592 @ 0x00000000f2400000) remset 0 code roots 0 marked 0 reclaim candidate 0 type array 1
[0.671s][debug][gc,humongous      ] GC(25) Humongous region 16 (object size 1048592 @ 0x00000000f1000000) remset 0 code roots 0 marked 0 reclaim candidate 0 type array 1
[0.671s][debug][gc,humongous      ] GC(25) Humongous region 26 (object size 1048592 @ 0x00000000f1a00000) remset 0 code roots 0 marked 0 reclaim candidate 0 type array 1
[0.671s][debug][gc,humongous      ] GC(25) Humongous region 18 (object size 1048592 @ 0x00000000f1200000) remset 0 code roots 0 marked 0 reclaim candidate 0 type array 1
[0.671s][debug][gc,ergo           ] GC(25) Running G1 Merge Heap Roots using 12 workers for 12 regions
[0.671s][debug][gc,remset         ] GC(25) Visited cards 32 Total dirty 2048 (1.56%) Total old 444416 (0.01%)
[0.673s][debug][gc,ref            ] GC(25) Skipped phase 1 of Reference Processing: no references
[0.673s][debug][gc,ref            ] GC(25) Skipped phase 2 of Reference Processing: no references
[0.673s][debug][gc,ref            ] GC(25) Skipped phase 3 of Reference Processing: no references
[0.673s][debug][gc,ref            ] GC(25) Skipped phase 4 of Reference Processing: no references
[0.673s][debug][gc,ergo           ] GC(25) Running G1 Rebuild Free List Task using 12 workers for rebuilding free list of regions
[0.673s][debug][gc,plab           ] GC(25) Young PLAB allocation: allocated: 0B, wasted: 0B, unused: 0B, used: 0B, undo waste: 0B, 
[0.673s][debug][gc,plab           ] GC(25) Young other allocation: region end waste: 130592B, regions filled: 2, direct allocated: 1966560B, failure used: 0B, failure wasted: 0B
[0.673s][debug][gc,plab           ] GC(25) Young sizing: calculated: 0B, actual: 2064B
[0.673s][debug][gc,plab           ] GC(25) Old PLAB allocation: allocated: 0B, wasted: 0B, unused: 0B, used: 0B, undo waste: 0B, 
[0.673s][debug][gc,plab           ] GC(25) Old other allocation: region end waste: 587664B, regions filled: 10, direct allocated: 9636144B, failure used: 0B, failure wasted: 0B
[0.673s][debug][gc,plab           ] GC(25) Old sizing: calculated: 0B, actual: 2064B
[0.673s][debug][gc,ergo,heap      ] GC(25) Heap expansion: short term pause time ratio 89.97% long term pause time ratio 12.96% threshold 7.69% pause time ratio 7.69% fully expanded true resize by 0B
[0.673s][debug][gc,ergo,ihop      ] GC(25) Request concurrent cycle initiation (occupancy higher than threshold) occupancy: 212860928B allocation request: 0B threshold: 211628404B (78.84) source: end of GC
[0.673s][debug][gc,mmu            ] GC(25) MMU: 2.5ms (50.0ms/51.0ms)
[0.673s][debug][gc,alloc,stats    ] Old generation allocation in the last mutator period, old gen allocated: 0B, humongous allocated: 0B,old gen growth: 0B.
[0.673s][debug][gc,ihop           ] GC(25) Basic information (value update), threshold: 211763239B (78.89), target occupancy: 268435456B, current occupancy: 202462080B, recent allocation size: 0B, recent allocation duration: 38.77ms, recent old gen allocation rate: 0.00B/s, recent marking phase length: 73.53ms
[0.673s][debug][gc,ihop           ] GC(25) Adaptive IHOP information (value update), threshold: 211763239B (92.81), internal target occupancy: 228170137B, occupancy: 202462080B, additional buffer size: 12582912B, predicted old gen allocation rate: 62120853.22B/s, predicted marking phase length: 61.56ms, prediction active: true
[0.673s][debug][gc,ergo,refine    ] GC(25) Concurrent refinement times: Logged Cards Scan time goal: 5.00ms Logged Cards Scan time: 0.00ms HCC time: 0.00ms
[0.673s][debug][gc,ergo,refine    ] GC(25) Updated Refinement Zones: green: 3328, yellow: 9984, red: 16640
[0.673s][info ][gc,phases         ] GC(25)   Pre Evacuate Collection Set: 0.5ms
[0.673s][debug][gc,phases         ] GC(25)     Prepare TLABs: 0.0ms
[0.673s][debug][gc,phases         ] GC(25)     Concatenate Dirty Card Logs: 0.0ms
[0.673s][debug][gc,phases         ] GC(25)     Choose Collection Set: 0.0ms
[0.673s][debug][gc,phases         ] GC(25)     Region Register: 0.5ms
[0.673s][debug][gc,phases         ] GC(25)     Prepare Heap Roots: 0.0ms
[0.673s][info ][gc,phases         ] GC(25)   Merge Heap Roots: 0.2ms
[0.673s][debug][gc,phases         ] GC(25)     Prepare Merge Heap Roots: 0.0ms
[0.673s][debug][gc,phases         ] GC(25)     Eager Reclaim (ms):            skipped
[0.673s][debug][gc,phases         ] GC(25)     Remembered Sets (ms):          Min:  0.0, Avg:  0.0, Max:  0.0, Diff:  0.0, Sum:  0.0, Workers: 12
[0.673s][debug][gc,phases         ] GC(25)       Merged Sparse:                 Min: 0, Avg:  0.0, Max: 0, Diff: 0, Sum: 0, Workers: 12
[0.673s][debug][gc,phases         ] GC(25)       Merged Fine:                   Min: 0, Avg:  0.0, Max: 0, Diff: 0, Sum: 0, Workers: 12
[0.673s][debug][gc,phases         ] GC(25)       Merged Coarse:                 Min: 0, Avg:  0.0, Max: 0, Diff: 0, Sum: 0, Workers: 12
[0.673s][debug][gc,phases         ] GC(25)       Dirty Cards:                   Min: 0, Avg:  0.0, Max: 0, Diff: 0, Sum: 0, Workers: 12
[0.673s][debug][gc,phases         ] GC(25)     Hot Card Cache (ms):           Min:  0.0, Avg:  0.0, Max:  0.0, Diff:  0.0, Sum:  0.0, Workers: 12
[0.673s][debug][gc,phases         ] GC(25)       Dirty Cards:                   Min: 0, Avg:  0.0, Max: 0, Diff: 0, Sum: 0, Workers: 12
[0.673s][debug][gc,phases         ] GC(25)       Skipped Cards:                 Min: 0, Avg:  0.0, Max: 0, Diff: 0, Sum: 0, Workers: 12
[0.673s][debug][gc,phases         ] GC(25)     Log Buffers (ms):              Min:  0.0, Avg:  0.0, Max:  0.0, Diff:  0.0, Sum:  0.0, Workers: 12
[0.673s][debug][gc,phases         ] GC(25)       Dirty Cards:                   Min: 0, Avg:  0.4, Max: 5, Diff: 5, Sum: 5, Workers: 12
[0.673s][debug][gc,phases         ] GC(25)       Skipped Cards:                 Min: 0, Avg:  0.0, Max: 0, Diff: 0, Sum: 0, Workers: 12
[0.673s][info ][gc,phases         ] GC(25)   Evacuate Collection Set: 1.3ms
[0.673s][debug][gc,phases         ] GC(25)     Ext Root Scanning (ms):        Min:  0.0, Avg:  0.0, Max:  0.0, Diff:  0.0, Sum:  0.1, Workers: 12
[0.673s][debug][gc,phases         ] GC(25)     Scan Heap Roots (ms):          Min:  0.0, Avg:  0.0, Max:  0.0, Diff:  0.0, Sum:  0.0, Workers: 12
[0.673s][debug][gc,phases         ] GC(25)       Scanned Cards:                 Min: 0, Avg:  1.2, Max: 14, Diff: 14, Sum: 14, Workers: 12
[0.673s][debug][gc,phases         ] GC(25)       Scanned Blocks:                Min: 0, Avg:  0.1, Max: 1, Diff: 1, Sum: 1, Workers: 12
[0.673s][debug][gc,phases         ] GC(25)       Claimed Chunks:                Min: 0, Avg:  0.1, Max: 1, Diff: 1, Sum: 1, Workers: 12
[0.673s][debug][gc,phases         ] GC(25)     Code Root Scan (ms):           Min:  0.0, Avg:  0.0, Max:  0.0, Diff:  0.0, Sum:  0.0, Workers: 12
[0.673s][debug][gc,phases         ] GC(25)     Object Copy (ms):              Min:  0.8, Avg:  0.9, Max:  1.0, Diff:  0.2, Sum: 10.6, Workers: 12
[0.673s][debug][gc,phases         ] GC(25)     Termination (ms):              Min:  0.1, Avg:  0.2, Max:  0.3, Diff:  0.1, Sum:  2.6, Workers: 12
[0.673s][debug][gc,phases         ] GC(25)       Termination Attempts:          Min: 1, Avg:  1.1, Max: 2, Diff: 1, Sum: 13, Workers: 12
[0.673s][debug][gc,phases         ] GC(25)     GC Worker Other (ms):          Min:  0.0, Avg:  0.0, Max:  0.0, Diff:  0.0, Sum:  0.1, Workers: 12
[0.673s][debug][gc,phases         ] GC(25)     GC Worker Total (ms):          Min:  1.0, Avg:  1.1, Max:  1.2, Diff:  0.3, Sum: 13.5, Workers: 12
[0.673s][info ][gc,phases         ] GC(25)   Post Evacuate Collection Set: 0.5ms
[0.673s][debug][gc,phases         ] GC(25)     Code Roots Fixup: 0.0ms
[0.673s][debug][gc,phases         ] GC(25)     Reference Processing: 0.0ms
[0.673s][debug][gc,phases,ref     ] GC(25)       Reconsider SoftReferences: 0.0ms
[0.673s][debug][gc,phases,ref     ] GC(25)         SoftRef (ms):                  skipped
[0.673s][debug][gc,phases,ref     ] GC(25)       Notify Soft/WeakReferences: 0.0ms
[0.673s][debug][gc,phases,ref     ] GC(25)         SoftRef (ms):                  skipped
[0.673s][debug][gc,phases,ref     ] GC(25)         WeakRef (ms):                  skipped
[0.673s][debug][gc,phases,ref     ] GC(25)         FinalRef (ms):                 skipped
[0.673s][debug][gc,phases,ref     ] GC(25)         Total (ms):                    skipped
[0.673s][debug][gc,phases,ref     ] GC(25)       Notify and keep alive finalizable: 0.0ms
[0.673s][debug][gc,phases,ref     ] GC(25)         FinalRef (ms):                 skipped
[0.673s][debug][gc,phases,ref     ] GC(25)       Notify PhantomReferences: 0.0ms
[0.673s][debug][gc,phases,ref     ] GC(25)         PhantomRef (ms):               skipped
[0.673s][debug][gc,phases,ref     ] GC(25)       SoftReference:
[0.673s][debug][gc,phases,ref     ] GC(25)         Discovered: 0
[0.673s][debug][gc,phases,ref     ] GC(25)         Cleared: 0
[0.673s][debug][gc,phases,ref     ] GC(25)       WeakReference:
[0.673s][debug][gc,phases,ref     ] GC(25)         Discovered: 0
[0.673s][debug][gc,phases,ref     ] GC(25)         Cleared: 0
[0.673s][debug][gc,phases,ref     ] GC(25)       FinalReference:
[0.673s][debug][gc,phases,ref     ] GC(25)         Discovered: 0
[0.673s][debug][gc,phases,ref     ] GC(25)         Cleared: 0
[0.673s][debug][gc,phases,ref     ] GC(25)       PhantomReference:
[0.673s][debug][gc,phases,ref     ] GC(25)         Discovered: 0
[0.673s][debug][gc,phases,ref     ] GC(25)         Cleared: 0
[0.673s][debug][gc,phases         ] GC(25)     Weak Processing: 0.0ms
[0.673s][debug][gc,phases         ] GC(25)       VM Weak                        Min:  0.0, Avg:  0.0, Max:  0.0, Diff:  0.0, Sum:  0.0, Workers: 1
[0.673s][debug][gc,phases         ] GC(25)         Dead                           Min: 0, Avg:  0.0, Max: 0, Diff: 0, Sum: 0, Workers: 1
[0.673s][debug][gc,phases         ] GC(25)         Total                          Min: 4, Avg:  4.0, Max: 4, Diff: 0, Sum: 4, Workers: 1
[0.673s][debug][gc,phases         ] GC(25)       ObjectSynchronizer Weak        Min:  0.0, Avg:  0.0, Max:  0.0, Diff:  0.0, Sum:  0.0, Workers: 1
[0.673s][debug][gc,phases         ] GC(25)         Dead                           Min: 0, Avg:  0.0, Max: 0, Diff: 0, Sum: 0, Workers: 1
[0.673s][debug][gc,phases         ] GC(25)         Total                          Min: 4, Avg:  4.0, Max: 4, Diff: 0, Sum: 4, Workers: 1
[0.673s][debug][gc,phases         ] GC(25)       JVMTI Tag Weak OopStorage      Min:  0.0, Avg:  0.0, Max:  0.0, Diff:  0.0, Sum:  0.0, Workers: 1
[0.673s][debug][gc,phases         ] GC(25)         Dead                           Min: 0, Avg:  0.0, Max: 0, Diff: 0, Sum: 0, Workers: 1
[0.673s][debug][gc,phases         ] GC(25)         Total                          Min: 0, Avg:  0.0, Max: 0, Diff: 0, Sum: 0, Workers: 1
[0.673s][debug][gc,phases         ] GC(25)       StringTable Weak               Min:  0.0, Avg:  0.0, Max:  0.0, Diff:  0.0, Sum:  0.0, Workers: 1
[0.673s][debug][gc,phases         ] GC(25)         Dead                           Min: 0, Avg:  0.0, Max: 0, Diff: 0, Sum: 0, Workers: 1
[0.673s][debug][gc,phases         ] GC(25)         Total                          Min: 39, Avg: 39.0, Max: 39, Diff: 0, Sum: 39, Workers: 1
[0.673s][debug][gc,phases         ] GC(25)       ResolvedMethodTable Weak       Min:  0.0, Avg:  0.0, Max:  0.0, Diff:  0.0, Sum:  0.0, Workers: 1
[0.673s][debug][gc,phases         ] GC(25)         Dead                           Min: 0, Avg:  0.0, Max: 0, Diff: 0, Sum: 0, Workers: 1
[0.673s][debug][gc,phases         ] GC(25)         Total                          Min: 22, Avg: 22.0, Max: 22, Diff: 0, Sum: 22, Workers: 1
[0.673s][debug][gc,phases         ] GC(25)       JNI Weak                       Min:  0.0, Avg:  0.0, Max:  0.0, Diff:  0.0, Sum:  0.0, Workers: 1
[0.673s][debug][gc,phases         ] GC(25)         Dead                           Min: 0, Avg:  0.0, Max: 0, Diff: 0, Sum: 0, Workers: 1
[0.673s][debug][gc,phases         ] GC(25)         Total                          Min: 0, Avg:  0.0, Max: 0, Diff: 0, Sum: 0, Workers: 1
[0.673s][debug][gc,phases         ] GC(25)       StringDedup Table Weak         Min:  0.0, Avg:  0.0, Max:  0.0, Diff:  0.0, Sum:  0.0, Workers: 1
[0.673s][debug][gc,phases         ] GC(25)         Dead                           Min: 0, Avg:  0.0, Max: 0, Diff: 0, Sum: 0, Workers: 1
[0.673s][debug][gc,phases         ] GC(25)         Total                          Min: 0, Avg:  0.0, Max: 0, Diff: 0, Sum: 0, Workers: 1
[0.673s][debug][gc,phases         ] GC(25)       StringDedup Requests0 Weak     Min:  0.0, Avg:  0.0, Max:  0.0, Diff:  0.0, Sum:  0.0, Workers: 1
[0.673s][debug][gc,phases         ] GC(25)         Dead                           Min: 0, Avg:  0.0, Max: 0, Diff: 0, Sum: 0, Workers: 1
[0.673s][debug][gc,phases         ] GC(25)         Total                          Min: 0, Avg:  0.0, Max: 0, Diff: 0, Sum: 0, Workers: 1
[0.673s][debug][gc,phases         ] GC(25)       StringDedup Requests1 Weak     Min:  0.0, Avg:  0.0, Max:  0.0, Diff:  0.0, Sum:  0.0, Workers: 1
[0.673s][debug][gc,phases         ] GC(25)         Dead                           Min: 0, Avg:  0.0, Max: 0, Diff: 0, Sum: 0, Workers: 1
[0.673s][debug][gc,phases         ] GC(25)         Total                          Min: 0, Avg:  0.0, Max: 0, Diff: 0, Sum: 0, Workers: 1
[0.673s][debug][gc,phases         ] GC(25)       Weak JFR Old Object Samples    Min:  0.0, Avg:  0.0, Max:  0.0, Diff:  0.0, Sum:  0.0, Workers: 1
[0.673s][debug][gc,phases         ] GC(25)         Dead                           Min: 0, Avg:  0.0, Max: 0, Diff: 0, Sum: 0, Workers: 1
[0.673s][debug][gc,phases         ] GC(25)         Total                          Min: 0, Avg:  0.0, Max: 0, Diff: 0, Sum: 0, Workers: 1
[0.673s][debug][gc,phases         ] GC(25)     Post Evacuate Cleanup 1: 0.1ms
[0.673s][debug][gc,phases         ] GC(25)       Merge Per-Thread State (ms):   Min:  0.0, Avg:  0.0, Max:  0.0, Diff:  0.0, Sum:  0.0, Workers: 1
[0.673s][debug][gc,phases         ] GC(25)         Copied Bytes                   Min: 721072, Avg: 966892.0, Max: 1442144, Diff: 721072, Sum: 11602704, Workers: 12
[0.673s][debug][gc,phases         ] GC(25)         LAB Waste                      Min: 0, Avg:  0.0, Max: 0, Diff: 0, Sum: 0, Workers: 12
[0.673s][debug][gc,phases         ] GC(25)         LAB Undo Waste                 Min: 0, Avg:  0.0, Max: 0, Diff: 0, Sum: 0, Workers: 12
[0.673s][debug][gc,phases         ] GC(25)       Clear Logged Cards (ms):       Min:  0.0, Avg:  0.0, Max:  0.0, Diff:  0.0, Sum:  0.0, Workers: 3
[0.673s][debug][gc,phases         ] GC(25)       Recalculate Used Memory (ms):  Min:  0.0, Avg:  0.0, Max:  0.0, Diff:  0.0, Sum:  0.0, Workers: 1
[0.673s][debug][gc,phases         ] GC(25)     Post Evacuate Cleanup 2: 0.2ms
[0.673s][debug][gc,phases         ] GC(25)       Reset Hot Card Cache (ms):     Min:  0.0, Avg:  0.0, Max:  0.0, Diff:  0.0, Sum:  0.0, Workers: 1
[0.673s][debug][gc,phases         ] GC(25)       Purge Code Roots (ms):         Min:  0.0, Avg:  0.0, Max:  0.0, Diff:  0.0, Sum:  0.0, Workers: 1
[0.673s][debug][gc,phases         ] GC(25)       Update Derived Pointers (ms):  Min:  0.0, Avg:  0.0, Max:  0.0, Diff:  0.0, Sum:  0.0, Workers: 1
[0.673s][debug][gc,phases         ] GC(25)       Eagerly Reclaim Humongous Objects (ms): Min:  0.0, Avg:  0.0, Max:  0.0, Diff:  0.0, Sum:  0.0, Workers: 1
[0.673s][debug][gc,phases         ] GC(25)         Humongous Total                Min: 29, Avg: 29.0, Max: 29, Diff: 0, Sum: 29, Workers: 1
[0.673s][debug][gc,phases         ] GC(25)         Humongous Candidates           Min: 0, Avg:  0.0, Max: 0, Diff: 0, Sum: 0, Workers: 1
[0.673s][debug][gc,phases         ] GC(25)         Humongous Reclaimed            Min: 0, Avg:  0.0, Max: 0, Diff: 0, Sum: 0, Workers: 1
[0.673s][debug][gc,phases         ] GC(25)       Redirty Logged Cards (ms):     Min:  0.0, Avg:  0.0, Max:  0.0, Diff:  0.0, Sum:  0.0, Workers: 12
[0.673s][debug][gc,phases         ] GC(25)         Redirtied Cards:               Min: 0, Avg:  0.8, Max: 9, Diff: 9, Sum: 9, Workers: 12
[0.673s][debug][gc,phases         ] GC(25)       Free Collection Set (ms):      Min:  0.0, Avg:  0.0, Max:  0.0, Diff:  0.0, Sum:  0.0, Workers: 12
[0.673s][debug][gc,phases         ] GC(25)     Rebuild Free List: 0.2ms
[0.673s][debug][gc,phases         ] GC(25)     Start New Collection Set: 0.0ms
[0.673s][debug][gc,phases         ] GC(25)     Resize TLABs: 0.0ms
[0.673s][debug][gc,phases         ] GC(25)     Expand Heap After Collection: 0.0ms
[0.673s][info ][gc,phases         ] GC(25)   Other: 0.2ms
[0.673s][info ][gc,heap           ] GC(25) Eden regions: 12->0(10)
[0.673s][info ][gc,heap           ] GC(25) Survivor regions: 0->2(2)
[0.673s][info ][gc,heap           ] GC(25) Old regions: 115->125
[0.673s][info ][gc,heap           ] GC(25) Archive regions: 2->2
[0.673s][info ][gc,heap           ] GC(25) Humongous regions: 76->76
[0.673s][info ][gc,metaspace      ] GC(25) Metaspace: 136K(320K)->136K(320K) NonClass: 130K(192K)->130K(192K) Class: 5K(128K)->5K(128K)
[0.673s][debug][gc,heap           ] GC(25) Heap after GC invocations=25 (full 2):
[0.674s][debug][gc,heap           ] GC(25)  garbage-first heap   total 262144K, used 197716K [0x00000000f0000000, 0x0000000100000000)
[0.674s][debug][gc,heap           ] GC(25)   region size 1024K, 2 young (2048K), 2 survivors (2048K)
[0.674s][debug][gc,heap           ] GC(25)  Metaspace       used 136K, committed 320K, reserved 1114112K
[0.674s][debug][gc,heap           ] GC(25)   class space    used 5K, committed 128K, reserved 1048576K
[0.674s][info ][gc                ] GC(25) Pause Young (Normal) (G1 Evacuation Pause) 193M->193M(256M) 3.072ms
[0.674s][info ][gc,cpu            ] GC(25) User=0.01s Sys=0.01s Real=0.01s
[0.684s][debug][gc,ergo,ihop      ] Request concurrent cycle initiation (occupancy higher than threshold) occupancy: 212860928B allocation request: 1048592B threshold: 211763239B (78.89) source: concurrent humongous allocation
[0.684s][debug][gc,ergo           ] Request concurrent cycle initiation (requested by GC cause). GC cause: G1 Humongous Allocation
[0.684s][debug][gc,heap           ] GC(26) Heap before GC invocations=25 (full 2):
[0.684s][debug][gc,heap           ] GC(26)  garbage-first heap   total 262144K, used 199764K [0x00000000f0000000, 0x0000000100000000)
[0.684s][debug][gc,heap           ] GC(26)   region size 1024K, 6 young (6144K), 2 survivors (2048K)
[0.684s][debug][gc,heap           ] GC(26)  Metaspace       used 136K, committed 320K, reserved 1114112K
[0.684s][debug][gc,heap           ] GC(26)   class space    used 5K, committed 128K, reserved 1048576K
[0.684s][debug][gc,ergo           ] GC(26) Initiate concurrent cycle (concurrent cycle initiation requested)
[0.684s][info ][gc,start          ] GC(26) Pause Young (Concurrent Start) (G1 Humongous Allocation)
[0.684s][info ][gc,task           ] GC(26) Using 12 workers of 13 for evacuation
[0.684s][debug][gc,tlab           ] GC(26) TLAB totals: thrds: 5  refills: 5 max: 1 slow allocs: 42 max 9 waste: 35.1% gc: 183120B max: 38960B slow: 0B max: 0B
[0.684s][debug][gc,age            ] GC(26) Desired survivor size 1048576 bytes, new threshold 1 (max threshold 15)
[0.684s][debug][gc,refine,stats   ] GC(26) Mutator refinement: 0.00ms, refined: 0, precleaned: 0, dirtied: 12
[0.684s][debug][gc,refine,stats   ] GC(26) Concurrent refinement: 0.00ms, refined: 0, precleaned: 0, dirtied: 0
[0.684s][debug][gc,refine,stats   ] GC(26) Total refinement: 0.00ms, refined: 0, precleaned: 0, dirtied: 12
[0.684s][debug][gc,refine,stats   ] GC(26) Generate dirty cards rate: 1.11 cards/ms
[0.684s][debug][gc,alloc,region   ] GC(26) Mutator Allocation stats, regions: 4, wasted size: 129K ( 3.2%)
[0.684s][debug][gc,humongous      ] GC(26) Humongous region 0 (object size 1048592 @ 0x00000000f0000000) remset 0 code roots 0 marked 0 reclaim candidate 0 type array 1
[0.684s][debug][gc,humongous      ] GC(26) Humongous region 2 (object size 1048592 @ 0x00000000f0200000) remset 0 code roots 0 marked 0 reclaim candidate 0 type array 1
[0.684s][debug][gc,humongous      ] GC(26) Humongous region 22 (object size 1048592 @ 0x00000000f1600000) remset 0 code roots 0 marked 0 reclaim candidate 0 type array 1
[0.684s][debug][gc,humongous      ] GC(26) Humongous region 42 (object size 1048592 @ 0x00000000f2a00000) remset 0 code roots 0 marked 0 reclaim candidate 0 type array 1
[0.684s][debug][gc,humongous      ] GC(26) Humongous region 85 (object size 10485776 @ 0x00000000f5500000) remset 0 code roots 0 marked 0 reclaim candidate 0 type array 1
[0.684s][debug][gc,humongous      ] GC(26) Humongous region 60 (object size 1048592 @ 0x00000000f3c00000) remset 0 code roots 0 marked 0 reclaim candidate 0 type array 1
[0.684s][debug][gc,humongous      ] GC(26) Humongous region 64 (object size 1048592 @ 0x00000000f4000000) remset 0 code roots 0 marked 0 reclaim candidate 0 type array 1
[0.684s][debug][gc,humongous      ] GC(26) Humongous region 203 (object size 1048592 @ 0x00000000fcb00000) remset 0 code roots 0 marked 0 reclaim candidate 0 type array 1
[0.684s][debug][gc,humongous      ] GC(26) Humongous region 24 (object size 1048592 @ 0x00000000f1800000) remset 0 code roots 0 marked 0 reclaim candidate 0 type array 1
[0.684s][debug][gc,humongous      ] GC(26) Humongous region 10 (object size 1048592 @ 0x00000000f0a00000) remset 0 code roots 0 marked 0 reclaim candidate 0 type array 1
[0.684s][debug][gc,humongous      ] GC(26) Humongous region 18 (object size 1048592 @ 0x00000000f1200000) remset 0 code roots 0 marked 0 reclaim candidate 0 type array 1
[0.684s][debug][gc,humongous      ] GC(26) Humongous region 20 (object size 1048592 @ 0x00000000f1400000) remset 0 code roots 0 marked 0 reclaim candidate 0 type array 1
[0.684s][debug][gc,humongous      ] GC(26) Humongous region 28 (object size 1048592 @ 0x00000000f1c00000) remset 0 code roots 0 marked 0 reclaim candidate 0 type array 1
[0.684s][debug][gc,humongous      ] GC(26) Humongous region 6 (object size 1048592 @ 0x00000000f0600000) remset 0 code roots 0 marked 0 reclaim candidate 0 type array 1
[0.684s][debug][gc,humongous      ] GC(26) Humongous region 32 (object size 1048592 @ 0x00000000f2000000) remset 0 code roots 0 marked 0 reclaim candidate 0 type array 1
[0.684s][debug][gc,humongous      ] GC(26) Humongous region 8 (object size 1048592 @ 0x00000000f0800000) remset 0 code roots 0 marked 0 reclaim candidate 0 type array 1
[0.684s][debug][gc,humongous      ] GC(26) Humongous region 36 (object size 1048592 @ 0x00000000f2400000) remset 0 code roots 0 marked 0 reclaim candidate 0 type array 1
[0.684s][debug][gc,humongous      ] GC(26) Humongous region 14 (object size 1048592 @ 0x00000000f0e00000) remset 0 code roots 0 marked 0 reclaim candidate 0 type array 1
[0.684s][debug][gc,humongous      ] GC(26) Humongous region 40 (object size 1048592 @ 0x00000000f2800000) remset 0 code roots 0 marked 0 reclaim candidate 0 type array 1
[0.684s][debug][gc,humongous      ] GC(26) Humongous region 126 (object size 1048592 @ 0x00000000f7e00000) remset 0 code roots 0 marked 0 reclaim candidate 0 type array 1
[0.684s][debug][gc,humongous      ] GC(26) Humongous region 26 (object size 1048592 @ 0x00000000f1a00000) remset 0 code roots 0 marked 0 reclaim candidate 0 type array 1
[0.684s][debug][gc,humongous      ] GC(26) Humongous region 4 (object size 1048592 @ 0x00000000f0400000) remset 0 code roots 0 marked 0 reclaim candidate 0 type array 1
[0.684s][debug][gc,humongous      ] GC(26) Humongous region 83 (object size 1048592 @ 0x00000000f5300000) remset 0 code roots 0 marked 0 reclaim candidate 0 type array 1
[0.684s][debug][gc,humongous      ] GC(26) Humongous region 30 (object size 1048592 @ 0x00000000f1e00000) remset 0 code roots 0 marked 0 reclaim candidate 0 type array 1
[0.684s][debug][gc,humongous      ] GC(26) Humongous region 12 (object size 1048592 @ 0x00000000f0c00000) remset 0 code roots 0 marked 0 reclaim candidate 0 type array 1
[0.684s][debug][gc,humongous      ] GC(26) Humongous region 38 (object size 1048592 @ 0x00000000f2600000) remset 0 code roots 0 marked 0 reclaim candidate 0 type array 1
[0.684s][debug][gc,humongous      ] GC(26) Humongous region 16 (object size 1048592 @ 0x00000000f1000000) remset 0 code roots 0 marked 0 reclaim candidate 0 type array 1
[0.684s][debug][gc,humongous      ] GC(26) Humongous region 159 (object size 10485776 @ 0x00000000f9f00000) remset 0 code roots 0 marked 0 reclaim candidate 0 type array 1
[0.684s][debug][gc,humongous      ] GC(26) Humongous region 34 (object size 1048592 @ 0x00000000f2200000) remset 0 code roots 0 marked 0 reclaim candidate 0 type array 1
[0.684s][debug][gc,ergo           ] GC(26) Running G1 Merge Heap Roots using 12 workers for 6 regions
[0.685s][debug][gc,remset         ] GC(26) Visited cards 64 Total dirty 4096 (1.56%) Total old 440320 (0.01%)
[0.685s][debug][gc,ref            ] GC(26) Skipped phase 1 of Reference Processing: no references
[0.685s][debug][gc,ref            ] GC(26) Skipped phase 2 of Reference Processing: no references
[0.685s][debug][gc,ref            ] GC(26) Skipped phase 3 of Reference Processing: no references
[0.685s][debug][gc,ref            ] GC(26) Skipped phase 4 of Reference Processing: no references
[0.686s][debug][gc,ergo           ] GC(26) Running G1 Rebuild Free List Task using 12 workers for rebuilding free list of regions
[0.686s][debug][gc,plab           ] GC(26) Young PLAB allocation: allocated: 0B, wasted: 0B, unused: 0B, used: 0B, undo waste: 65552B, 
[0.686s][debug][gc,plab           ] GC(26) Young other allocation: region end waste: 119472B, regions filled: 2, direct allocated: 1977680B, failure used: 0B, failure wasted: 0B
[0.686s][debug][gc,plab           ] GC(26) Young sizing: calculated: 0B, actual: 2064B
[0.686s][debug][gc,plab           ] GC(26) Old PLAB allocation: allocated: 0B, wasted: 0B, unused: 0B, used: 0B, undo waste: 65552B, 
[0.686s][debug][gc,plab           ] GC(26) Old other allocation: region end waste: 260864B, regions filled: 5, direct allocated: 3408704B, failure used: 0B, failure wasted: 0B
[0.686s][debug][gc,plab           ] GC(26) Old sizing: calculated: 0B, actual: 2064B
[0.686s][debug][gc,ergo,heap      ] GC(26) Heap expansion: short term pause time ratio 6.15% long term pause time ratio 12.27% threshold 7.69% pause time ratio 7.69% fully expanded true resize by 0B
[0.686s][debug][gc,ergo,ihop      ] GC(26) Request concurrent cycle initiation (occupancy higher than threshold) occupancy: 217055232B allocation request: 0B threshold: 211763239B (78.89) source: Revise IHOP
[0.686s][debug][gc,mmu            ] GC(26) MMU: 4.5ms (50.0ms/51.0ms)
[0.686s][debug][gc,alloc,stats    ] Old generation allocation in the last mutator period, old gen allocated: 0B, humongous allocated: 0B,old gen growth: 0B.
[0.686s][debug][gc,ihop           ] GC(26) Basic information (value update), threshold: 211893156B (78.94), target occupancy: 268435456B, current occupancy: 206132096B, recent allocation size: 0B, recent allocation duration: 10.85ms, recent old gen allocation rate: 0.00B/s, recent marking phase length: 73.53ms
[0.686s][debug][gc,ihop           ] GC(26) Adaptive IHOP information (value update), threshold: 211893156B (92.87), internal target occupancy: 228170137B, occupancy: 206132096B, additional buffer size: 12582912B, predicted old gen allocation rate: 60010343.65B/s, predicted marking phase length: 61.56ms, prediction active: true
[0.686s][debug][gc,ergo,refine    ] GC(26) Concurrent refinement times: Logged Cards Scan time goal: 5.00ms Logged Cards Scan time: 0.00ms HCC time: 0.00ms
[0.686s][debug][gc,ergo,refine    ] GC(26) Updated Refinement Zones: green: 3328, yellow: 9984, red: 16640
[0.686s][info ][gc,phases         ] GC(26)   Pre Evacuate Collection Set: 0.5ms
[0.686s][debug][gc,phases         ] GC(26)     Prepare TLABs: 0.0ms
[0.686s][debug][gc,phases         ] GC(26)     Concatenate Dirty Card Logs: 0.0ms
[0.686s][debug][gc,phases         ] GC(26)     Choose Collection Set: 0.0ms
[0.686s][debug][gc,phases         ] GC(26)     Region Register: 0.5ms
[0.686s][debug][gc,phases         ] GC(26)     Prepare Heap Roots: 0.0ms
[0.686s][debug][gc,phases         ] GC(26)     Clear Claimed Marks: 0.0ms
[0.686s][info ][gc,phases         ] GC(26)   Merge Heap Roots: 0.2ms
[0.686s][debug][gc,phases         ] GC(26)     Prepare Merge Heap Roots: 0.0ms
[0.686s][debug][gc,phases         ] GC(26)     Eager Reclaim (ms):            skipped
[0.686s][debug][gc,phases         ] GC(26)     Remembered Sets (ms):          Min:  0.0, Avg:  0.0, Max:  0.0, Diff:  0.0, Sum:  0.0, Workers: 12
[0.686s][debug][gc,phases         ] GC(26)       Merged Sparse:                 Min: 0, Avg:  0.0, Max: 0, Diff: 0, Sum: 0, Workers: 12
[0.686s][debug][gc,phases         ] GC(26)       Merged Fine:                   Min: 0, Avg:  0.0, Max: 0, Diff: 0, Sum: 0, Workers: 12
[0.686s][debug][gc,phases         ] GC(26)       Merged Coarse:                 Min: 0, Avg:  0.0, Max: 0, Diff: 0, Sum: 0, Workers: 12
[0.686s][debug][gc,phases         ] GC(26)       Dirty Cards:                   Min: 0, Avg:  0.0, Max: 0, Diff: 0, Sum: 0, Workers: 12
[0.686s][debug][gc,phases         ] GC(26)     Hot Card Cache (ms):           Min:  0.0, Avg:  0.0, Max:  0.0, Diff:  0.0, Sum:  0.0, Workers: 12
[0.686s][debug][gc,phases         ] GC(26)       Dirty Cards:                   Min: 0, Avg:  0.0, Max: 0, Diff: 0, Sum: 0, Workers: 12
[0.686s][debug][gc,phases         ] GC(26)       Skipped Cards:                 Min: 0, Avg:  0.0, Max: 0, Diff: 0, Sum: 0, Workers: 12
[0.686s][debug][gc,phases         ] GC(26)     Log Buffers (ms):              Min:  0.0, Avg:  0.0, Max:  0.0, Diff:  0.0, Sum:  0.0, Workers: 12
[0.686s][debug][gc,phases         ] GC(26)       Dirty Cards:                   Min: 0, Avg:  1.1, Max: 13, Diff: 13, Sum: 13, Workers: 12
[0.686s][debug][gc,phases         ] GC(26)       Skipped Cards:                 Min: 0, Avg:  0.0, Max: 0, Diff: 0, Sum: 0, Workers: 12
[0.686s][info ][gc,phases         ] GC(26)   Evacuate Collection Set: 0.6ms
[0.686s][debug][gc,phases         ] GC(26)     Ext Root Scanning (ms):        Min:  0.0, Avg:  0.0, Max:  0.2, Diff:  0.2, Sum:  0.3, Workers: 12
[0.686s][debug][gc,phases         ] GC(26)     Scan Heap Roots (ms):          Min:  0.0, Avg:  0.0, Max:  0.0, Diff:  0.0, Sum:  0.0, Workers: 12
[0.686s][debug][gc,phases         ] GC(26)       Scanned Cards:                 Min: 0, Avg:  1.2, Max: 13, Diff: 13, Sum: 14, Workers: 12
[0.686s][debug][gc,phases         ] GC(26)       Scanned Blocks:                Min: 0, Avg:  0.2, Max: 1, Diff: 1, Sum: 2, Workers: 12
[0.686s][debug][gc,phases         ] GC(26)       Claimed Chunks:                Min: 0, Avg:  0.2, Max: 1, Diff: 1, Sum: 2, Workers: 12
[0.686s][debug][gc,phases         ] GC(26)     Code Root Scan (ms):           Min:  0.0, Avg:  0.0, Max:  0.0, Diff:  0.0, Sum:  0.0, Workers: 12
[0.686s][debug][gc,phases         ] GC(26)     Object Copy (ms):              Min:  0.2, Avg:  0.3, Max:  0.3, Diff:  0.1, Sum:  3.2, Workers: 12
[0.686s][debug][gc,phases         ] GC(26)     Termination (ms):              Min:  0.1, Avg:  0.2, Max:  0.2, Diff:  0.1, Sum:  2.2, Workers: 12
[0.686s][debug][gc,phases         ] GC(26)       Termination Attempts:          Min: 1, Avg:  1.1, Max: 2, Diff: 1, Sum: 13, Workers: 12
[0.686s][debug][gc,phases         ] GC(26)     GC Worker Other (ms):          Min:  0.0, Avg:  0.0, Max:  0.0, Diff:  0.0, Sum:  0.1, Workers: 12
[0.686s][debug][gc,phases         ] GC(26)     GC Worker Total (ms):          Min:  0.3, Avg:  0.5, Max:  0.6, Diff:  0.2, Sum:  5.8, Workers: 12
[0.686s][info ][gc,phases         ] GC(26)   Post Evacuate Collection Set: 0.5ms
[0.686s][debug][gc,phases         ] GC(26)     Code Roots Fixup: 0.0ms
[0.686s][debug][gc,phases         ] GC(26)     Reference Processing: 0.0ms
[0.686s][debug][gc,phases,ref     ] GC(26)       Reconsider SoftReferences: 0.0ms
[0.686s][debug][gc,phases,ref     ] GC(26)         SoftRef (ms):                  skipped
[0.686s][debug][gc,phases,ref     ] GC(26)       Notify Soft/WeakReferences: 0.0ms
[0.686s][debug][gc,phases,ref     ] GC(26)         SoftRef (ms):                  skipped
[0.686s][debug][gc,phases,ref     ] GC(26)         WeakRef (ms):                  skipped
[0.686s][debug][gc,phases,ref     ] GC(26)         FinalRef (ms):                 skipped
[0.686s][debug][gc,phases,ref     ] GC(26)         Total (ms):                    skipped
[0.686s][debug][gc,phases,ref     ] GC(26)       Notify and keep alive finalizable: 0.0ms
[0.686s][debug][gc,phases,ref     ] GC(26)         FinalRef (ms):                 skipped
[0.686s][debug][gc,phases,ref     ] GC(26)       Notify PhantomReferences: 0.0ms
[0.686s][debug][gc,phases,ref     ] GC(26)         PhantomRef (ms):               skipped
[0.686s][debug][gc,phases,ref     ] GC(26)       SoftReference:
[0.686s][debug][gc,phases,ref     ] GC(26)         Discovered: 0
[0.686s][debug][gc,phases,ref     ] GC(26)         Cleared: 0
[0.686s][debug][gc,phases,ref     ] GC(26)       WeakReference:
[0.686s][debug][gc,phases,ref     ] GC(26)         Discovered: 0
[0.686s][debug][gc,phases,ref     ] GC(26)         Cleared: 0
[0.686s][debug][gc,phases,ref     ] GC(26)       FinalReference:
[0.686s][debug][gc,phases,ref     ] GC(26)         Discovered: 0
[0.686s][debug][gc,phases,ref     ] GC(26)         Cleared: 0
[0.686s][debug][gc,phases,ref     ] GC(26)       PhantomReference:
[0.686s][debug][gc,phases,ref     ] GC(26)         Discovered: 0
[0.686s][debug][gc,phases,ref     ] GC(26)         Cleared: 0
[0.686s][debug][gc,phases         ] GC(26)     Weak Processing: 0.0ms
[0.686s][debug][gc,phases         ] GC(26)       VM Weak                        Min:  0.0, Avg:  0.0, Max:  0.0, Diff:  0.0, Sum:  0.0, Workers: 1
[0.686s][debug][gc,phases         ] GC(26)         Dead                           Min: 0, Avg:  0.0, Max: 0, Diff: 0, Sum: 0, Workers: 1
[0.686s][debug][gc,phases         ] GC(26)         Total                          Min: 4, Avg:  4.0, Max: 4, Diff: 0, Sum: 4, Workers: 1
[0.686s][debug][gc,phases         ] GC(26)       ObjectSynchronizer Weak        Min:  0.0, Avg:  0.0, Max:  0.0, Diff:  0.0, Sum:  0.0, Workers: 1
[0.686s][debug][gc,phases         ] GC(26)         Dead                           Min: 0, Avg:  0.0, Max: 0, Diff: 0, Sum: 0, Workers: 1
[0.686s][debug][gc,phases         ] GC(26)         Total                          Min: 4, Avg:  4.0, Max: 4, Diff: 0, Sum: 4, Workers: 1
[0.686s][debug][gc,phases         ] GC(26)       JVMTI Tag Weak OopStorage      Min:  0.0, Avg:  0.0, Max:  0.0, Diff:  0.0, Sum:  0.0, Workers: 1
[0.686s][debug][gc,phases         ] GC(26)         Dead                           Min: 0, Avg:  0.0, Max: 0, Diff: 0, Sum: 0, Workers: 1
[0.686s][debug][gc,phases         ] GC(26)         Total                          Min: 0, Avg:  0.0, Max: 0, Diff: 0, Sum: 0, Workers: 1
[0.686s][debug][gc,phases         ] GC(26)       StringTable Weak               Min:  0.0, Avg:  0.0, Max:  0.0, Diff:  0.0, Sum:  0.0, Workers: 1
[0.686s][debug][gc,phases         ] GC(26)         Dead                           Min: 0, Avg:  0.0, Max: 0, Diff: 0, Sum: 0, Workers: 1
[0.686s][debug][gc,phases         ] GC(26)         Total                          Min: 39, Avg: 39.0, Max: 39, Diff: 0, Sum: 39, Workers: 1
[0.686s][debug][gc,phases         ] GC(26)       ResolvedMethodTable Weak       Min:  0.0, Avg:  0.0, Max:  0.0, Diff:  0.0, Sum:  0.0, Workers: 1
[0.686s][debug][gc,phases         ] GC(26)         Dead                           Min: 0, Avg:  0.0, Max: 0, Diff: 0, Sum: 0, Workers: 1
[0.686s][debug][gc,phases         ] GC(26)         Total                          Min: 22, Avg: 22.0, Max: 22, Diff: 0, Sum: 22, Workers: 1
[0.686s][debug][gc,phases         ] GC(26)       JNI Weak                       Min:  0.0, Avg:  0.0, Max:  0.0, Diff:  0.0, Sum:  0.0, Workers: 1
[0.686s][debug][gc,phases         ] GC(26)         Dead                           Min: 0, Avg:  0.0, Max: 0, Diff: 0, Sum: 0, Workers: 1
[0.686s][debug][gc,phases         ] GC(26)         Total                          Min: 0, Avg:  0.0, Max: 0, Diff: 0, Sum: 0, Workers: 1
[0.686s][debug][gc,phases         ] GC(26)       StringDedup Table Weak         Min:  0.0, Avg:  0.0, Max:  0.0, Diff:  0.0, Sum:  0.0, Workers: 1
[0.686s][debug][gc,phases         ] GC(26)         Dead                           Min: 0, Avg:  0.0, Max: 0, Diff: 0, Sum: 0, Workers: 1
[0.686s][debug][gc,phases         ] GC(26)         Total                          Min: 0, Avg:  0.0, Max: 0, Diff: 0, Sum: 0, Workers: 1
[0.686s][debug][gc,phases         ] GC(26)       StringDedup Requests0 Weak     Min:  0.0, Avg:  0.0, Max:  0.0, Diff:  0.0, Sum:  0.0, Workers: 1
[0.686s][debug][gc,phases         ] GC(26)         Dead                           Min: 0, Avg:  0.0, Max: 0, Diff: 0, Sum: 0, Workers: 1
[0.686s][debug][gc,phases         ] GC(26)         Total                          Min: 0, Avg:  0.0, Max: 0, Diff: 0, Sum: 0, Workers: 1
[0.686s][debug][gc,phases         ] GC(26)       StringDedup Requests1 Weak     Min:  0.0, Avg:  0.0, Max:  0.0, Diff:  0.0, Sum:  0.0, Workers: 1
[0.686s][debug][gc,phases         ] GC(26)         Dead                           Min: 0, Avg:  0.0, Max: 0, Diff: 0, Sum: 0, Workers: 1
[0.686s][debug][gc,phases         ] GC(26)         Total                          Min: 0, Avg:  0.0, Max: 0, Diff: 0, Sum: 0, Workers: 1
[0.686s][debug][gc,phases         ] GC(26)       Weak JFR Old Object Samples    Min:  0.0, Avg:  0.0, Max:  0.0, Diff:  0.0, Sum:  0.0, Workers: 1
[0.686s][debug][gc,phases         ] GC(26)         Dead                           Min: 0, Avg:  0.0, Max: 0, Diff: 0, Sum: 0, Workers: 1
[0.686s][debug][gc,phases         ] GC(26)         Total                          Min: 0, Avg:  0.0, Max: 0, Diff: 0, Sum: 0, Workers: 1
[0.686s][debug][gc,phases         ] GC(26)     Post Evacuate Cleanup 1: 0.1ms
[0.686s][debug][gc,phases         ] GC(26)       Merge Per-Thread State (ms):   Min:  0.0, Avg:  0.0, Max:  0.0, Diff:  0.0, Sum:  0.0, Workers: 1
[0.686s][debug][gc,phases         ] GC(26)         Copied Bytes                   Min: 196656, Avg: 437940.0, Max: 786624, Diff: 589968, Sum: 5255280, Workers: 12
[0.686s][debug][gc,phases         ] GC(26)         LAB Waste                      Min: 0, Avg:  0.0, Max: 0, Diff: 0, Sum: 0, Workers: 12
[0.686s][debug][gc,phases         ] GC(26)         LAB Undo Waste                 Min: 0, Avg: 10925.3, Max: 65552, Diff: 65552, Sum: 131104, Workers: 12
[0.686s][debug][gc,phases         ] GC(26)       Clear Logged Cards (ms):       Min:  0.0, Avg:  0.0, Max:  0.0, Diff:  0.0, Sum:  0.0, Workers: 3
[0.686s][debug][gc,phases         ] GC(26)       Recalculate Used Memory (ms):  Min:  0.0, Avg:  0.0, Max:  0.0, Diff:  0.0, Sum:  0.0, Workers: 1
[0.686s][debug][gc,phases         ] GC(26)     Post Evacuate Cleanup 2: 0.1ms
[0.686s][debug][gc,phases         ] GC(26)       Reset Hot Card Cache (ms):     Min:  0.0, Avg:  0.0, Max:  0.0, Diff:  0.0, Sum:  0.0, Workers: 1
[0.686s][debug][gc,phases         ] GC(26)       Purge Code Roots (ms):         Min:  0.0, Avg:  0.0, Max:  0.0, Diff:  0.0, Sum:  0.0, Workers: 1
[0.686s][debug][gc,phases         ] GC(26)       Update Derived Pointers (ms):  Min:  0.0, Avg:  0.0, Max:  0.0, Diff:  0.0, Sum:  0.0, Workers: 1
[0.686s][debug][gc,phases         ] GC(26)       Eagerly Reclaim Humongous Objects (ms): Min:  0.0, Avg:  0.0, Max:  0.0, Diff:  0.0, Sum:  0.0, Workers: 1
[0.686s][debug][gc,phases         ] GC(26)         Humongous Total                Min: 29, Avg: 29.0, Max: 29, Diff: 0, Sum: 29, Workers: 1
[0.686s][debug][gc,phases         ] GC(26)         Humongous Candidates           Min: 0, Avg:  0.0, Max: 0, Diff: 0, Sum: 0, Workers: 1
[0.686s][debug][gc,phases         ] GC(26)         Humongous Reclaimed            Min: 0, Avg:  0.0, Max: 0, Diff: 0, Sum: 0, Workers: 1
[0.686s][debug][gc,phases         ] GC(26)       Redirty Logged Cards (ms):     Min:  0.0, Avg:  0.0, Max:  0.0, Diff:  0.0, Sum:  0.0, Workers: 12
[0.686s][debug][gc,phases         ] GC(26)         Redirtied Cards:               Min: 0, Avg:  0.2, Max: 3, Diff: 3, Sum: 3, Workers: 12
[0.686s][debug][gc,phases         ] GC(26)       Free Collection Set (ms):      Min:  0.0, Avg:  0.0, Max:  0.0, Diff:  0.0, Sum:  0.0, Workers: 12
[0.686s][debug][gc,phases         ] GC(26)     Rebuild Free List: 0.2ms
[0.686s][debug][gc,phases         ] GC(26)     Start New Collection Set: 0.0ms
[0.686s][debug][gc,phases         ] GC(26)     Resize TLABs: 0.0ms
[0.686s][debug][gc,phases         ] GC(26)     Expand Heap After Collection: 0.0ms
[0.686s][info ][gc,phases         ] GC(26)   Other: 0.2ms
[0.686s][info ][gc,heap           ] GC(26) Eden regions: 4->0(10)
[0.686s][info ][gc,heap           ] GC(26) Survivor regions: 2->2(2)
[0.686s][info ][gc,heap           ] GC(26) Old regions: 125->129
[0.686s][info ][gc,heap           ] GC(26) Archive regions: 2->2
[0.686s][info ][gc,heap           ] GC(26) Humongous regions: 76->76
[0.686s][info ][gc,metaspace      ] GC(26) Metaspace: 136K(320K)->136K(320K) NonClass: 130K(192K)->130K(192K) Class: 5K(128K)->5K(128K)
[0.686s][debug][gc,heap           ] GC(26) Heap after GC invocations=26 (full 2):
[0.686s][debug][gc,heap           ] GC(26)  garbage-first heap   total 262144K, used 201300K [0x00000000f0000000, 0x0000000100000000)
[0.686s][debug][gc,heap           ] GC(26)   region size 1024K, 2 young (2048K), 2 survivors (2048K)
[0.686s][debug][gc,heap           ] GC(26)  Metaspace       used 136K, committed 320K, reserved 1114112K
[0.686s][debug][gc,heap           ] GC(26)   class space    used 5K, committed 128K, reserved 1048576K
[0.686s][info ][gc                ] GC(26) Pause Young (Concurrent Start) (G1 Humongous Allocation) 196M->196M(256M) 2.465ms
[0.686s][info ][gc,cpu            ] GC(26) User=0.01s Sys=0.00s Real=0.01s
[0.686s][info ][gc                ] GC(27) Concurrent Mark Cycle
[0.686s][info ][gc,marking        ] GC(27) Concurrent Clear Claimed Marks
[0.686s][info ][gc,marking        ] GC(27) Concurrent Clear Claimed Marks 0.006ms
[0.686s][info ][gc,marking        ] GC(27) Concurrent Scan Root Regions
[0.686s][debug][gc,ergo           ] GC(27) Running G1 Root Region Scan using 3 workers for 7 work units.
[0.687s][info ][gc,marking        ] GC(27) Concurrent Scan Root Regions 0.386ms
[0.687s][info ][gc,marking        ] GC(27) Concurrent Mark
[0.687s][info ][gc,marking        ] GC(27) Concurrent Mark From Roots
[0.687s][info ][gc,task           ] GC(27) Using 3 workers of 3 for marking
[0.689s][debug][gc,stats          ] ---------------------------------------------------------------------
[0.689s][debug][gc,stats          ] Marking Stats, task = 0, calls = 1
[0.689s][debug][gc,stats          ]   Elapsed time = 1.65ms, Termination time = 0.00ms
[0.689s][debug][gc,stats          ]   Step Times (cum): num = 286, avg = 0.02ms, sd = 0.10ms max = 1.18ms, total = 4.65ms
[0.689s][debug][gc,stats          ]   Mark Stats Cache: hits 13755 misses 0 ratio 100.000
[0.689s][debug][gc,stats          ] ---------------------------------------------------------------------
[0.689s][debug][gc,stats          ] Marking Stats, task = 1, calls = 10
[0.689s][debug][gc,stats          ]   Elapsed time = 1.60ms, Termination time = 1.42ms
[0.689s][debug][gc,stats          ]   Step Times (cum): num = 38, avg = 0.12ms, sd = 0.29ms max = 1.08ms, total = 4.62ms
[0.689s][debug][gc,stats          ]   Mark Stats Cache: hits 5845 misses 0 ratio 100.000
[0.689s][debug][gc,stats          ] ---------------------------------------------------------------------
[0.689s][debug][gc,stats          ] Marking Stats, task = 2, calls = 11
[0.689s][debug][gc,stats          ]   Elapsed time = 1.59ms, Termination time = 1.50ms
[0.689s][debug][gc,stats          ]   Step Times (cum): num = 27, avg = 0.13ms, sd = 0.29ms max = 1.18ms, total = 3.60ms
[0.689s][debug][gc,stats          ]   Mark Stats Cache: hits 6214 misses 0 ratio 100.000
[0.689s][debug][gc,stats          ] ---------------------------------------------------------------------
[0.689s][info ][gc,marking        ] GC(27) Concurrent Mark From Roots 1.793ms
[0.689s][info ][gc,marking        ] GC(27) Concurrent Preclean
[0.689s][debug][gc,ref,start      ] GC(27) Preclean SoftReferences
[0.689s][debug][gc,ref            ] GC(27) Preclean SoftReferences 0.049ms
[0.689s][debug][gc,ref,start      ] GC(27) Preclean WeakReferences
[0.689s][debug][gc,ref            ] GC(27) Preclean WeakReferences 0.071ms
[0.689s][debug][gc,ref,start      ] GC(27) Preclean FinalReferences
[0.689s][debug][gc,ref            ] GC(27) Preclean FinalReferences 0.047ms
[0.689s][debug][gc,ref,start      ] GC(27) Preclean PhantomReferences
[0.689s][debug][gc,ref            ] GC(27) Preclean PhantomReferences 0.046ms
[0.689s][info ][gc,marking        ] GC(27) Concurrent Preclean 0.234ms
[0.689s][info ][gc,start          ] GC(27) Pause Remark
[0.689s][debug][gc,phases,start   ] GC(27) Finalize Marking
[0.689s][debug][gc,stats          ] ---------------------------------------------------------------------
[0.689s][debug][gc,stats          ] Marking Stats, task = 0, calls = 54
[0.689s][debug][gc,stats          ]   Elapsed time = 0.28ms, Termination time = 0.03ms
[0.689s][debug][gc,stats          ]   Step Times (cum): num = 339, avg = 0.01ms, sd = 0.09ms max = 1.18ms, total = 4.68ms
[0.689s][debug][gc,stats          ]   Mark Stats Cache: hits 13755 misses 0 ratio 100.000
[0.689s][debug][gc,stats          ] ---------------------------------------------------------------------
[0.689s][debug][gc,stats          ] Marking Stats, task = 1, calls = 11
[0.689s][debug][gc,stats          ]   Elapsed time = 0.30ms, Termination time = 1.62ms
[0.689s][debug][gc,stats          ]   Step Times (cum): num = 39, avg = 0.12ms, sd = 0.29ms max = 1.08ms, total = 4.81ms
[0.689s][debug][gc,stats          ]   Mark Stats Cache: hits 5845 misses 0 ratio 100.000
[0.689s][debug][gc,stats          ] ---------------------------------------------------------------------
[0.689s][debug][gc,stats          ] Marking Stats, task = 2, calls = 12
[0.689s][debug][gc,stats          ]   Elapsed time = 0.28ms, Termination time = 1.52ms
[0.689s][debug][gc,stats          ]   Step Times (cum): num = 28, avg = 0.13ms, sd = 0.28ms max = 1.18ms, total = 3.62ms
[0.689s][debug][gc,stats          ]   Mark Stats Cache: hits 6214 misses 0 ratio 100.000
[0.689s][debug][gc,stats          ] ---------------------------------------------------------------------
[0.689s][debug][gc,stats          ] Marking Stats, task = 3, calls = 1
[0.689s][debug][gc,stats          ]   Elapsed time = 0.29ms, Termination time = 0.02ms
[0.689s][debug][gc,stats          ]   Step Times (cum): num = 6, avg = 0.02ms, sd = 0.01ms max = 0.05ms, total = 0.14ms
[0.689s][debug][gc,stats          ]   Mark Stats Cache: hits 2 misses 0 ratio 100.000
[0.689s][debug][gc,stats          ] ---------------------------------------------------------------------
[0.689s][debug][gc,stats          ] Marking Stats, task = 4, calls = 1
[0.689s][debug][gc,stats          ]   Elapsed time = 0.28ms, Termination time = 0.02ms
[0.689s][debug][gc,stats          ]   Step Times (cum): num = 6, avg = 0.02ms, sd = 0.01ms max = 0.04ms, total = 0.14ms
[0.689s][debug][gc,stats          ]   Mark Stats Cache: hits 0 misses 0 ratio 0.000
[0.689s][debug][gc,stats          ] ---------------------------------------------------------------------
[0.689s][debug][gc,stats          ] Marking Stats, task = 5, calls = 1
[0.689s][debug][gc,stats          ]   Elapsed time = 0.29ms, Termination time = 0.02ms
[0.689s][debug][gc,stats          ]   Step Times (cum): num = 6, avg = 0.02ms, sd = 0.00ms max = 0.02ms, total = 0.09ms
[0.689s][debug][gc,stats          ]   Mark Stats Cache: hits 0 misses 0 ratio 0.000
[0.689s][debug][gc,stats          ] ---------------------------------------------------------------------
[0.689s][debug][gc,stats          ] Marking Stats, task = 6, calls = 1
[0.689s][debug][gc,stats          ]   Elapsed time = 0.28ms, Termination time = 0.02ms
[0.689s][debug][gc,stats          ]   Step Times (cum): num = 6, avg = 0.02ms, sd = 0.00ms max = 0.02ms, total = 0.11ms
[0.689s][debug][gc,stats          ]   Mark Stats Cache: hits 0 misses 0 ratio 0.000
[0.689s][debug][gc,stats          ] ---------------------------------------------------------------------
[0.689s][debug][gc,stats          ] Marking Stats, task = 7, calls = 1
[0.689s][debug][gc,stats          ]   Elapsed time = 0.28ms, Termination time = 0.02ms
[0.689s][debug][gc,stats          ]   Step Times (cum): num = 6, avg = 0.02ms, sd = 0.01ms max = 0.04ms, total = 0.12ms
[0.689s][debug][gc,stats          ]   Mark Stats Cache: hits 0 misses 0 ratio 0.000
[0.689s][debug][gc,stats          ] ---------------------------------------------------------------------
[0.689s][debug][gc,stats          ] Marking Stats, task = 8, calls = 1
[0.689s][debug][gc,stats          ]   Elapsed time = 0.25ms, Termination time = 0.04ms
[0.689s][debug][gc,stats          ]   Step Times (cum): num = 6, avg = 0.03ms, sd = 0.01ms max = 0.05ms, total = 0.16ms
[0.689s][debug][gc,stats          ]   Mark Stats Cache: hits 0 misses 0 ratio 0.000
[0.689s][debug][gc,stats          ] ---------------------------------------------------------------------
[0.689s][debug][gc,stats          ] Marking Stats, task = 9, calls = 1
[0.689s][debug][gc,stats          ]   Elapsed time = 0.25ms, Termination time = 0.01ms
[0.689s][debug][gc,stats          ]   Step Times (cum): num = 6, avg = 0.02ms, sd = 0.02ms max = 0.06ms, total = 0.14ms
[0.689s][debug][gc,stats          ]   Mark Stats Cache: hits 0 misses 0 ratio 0.000
[0.689s][debug][gc,stats          ] ---------------------------------------------------------------------
[0.689s][debug][gc,stats          ] Marking Stats, task = 10, calls = 1
[0.689s][debug][gc,stats          ]   Elapsed time = 0.13ms, Termination time = 0.01ms
[0.689s][debug][gc,stats          ]   Step Times (cum): num = 6, avg = 0.01ms, sd = 0.00ms max = 0.02ms, total = 0.09ms
[0.689s][debug][gc,stats          ]   Mark Stats Cache: hits 0 misses 0 ratio 0.000
[0.689s][debug][gc,stats          ] ---------------------------------------------------------------------
[0.689s][debug][gc,stats          ] Marking Stats, task = 11, calls = 1
[0.689s][debug][gc,stats          ]   Elapsed time = 0.12ms, Termination time = 0.00ms
[0.689s][debug][gc,stats          ]   Step Times (cum): num = 6, avg = 0.00ms, sd = 0.00ms max = 0.00ms, total = 0.00ms
[0.689s][debug][gc,stats          ]   Mark Stats Cache: hits 0 misses 0 ratio 0.000
[0.689s][debug][gc,stats          ] ---------------------------------------------------------------------
[0.689s][debug][gc,phases         ] GC(27) Finalize Marking 0.623ms
[0.689s][debug][gc,phases,start   ] GC(27) Reference Processing
[0.690s][debug][gc,ref            ] GC(27) Skipped phase 1 of Reference Processing: no references
[0.690s][debug][gc,ref            ] GC(27) Skipped phase 2 of Reference Processing: no references
[0.690s][debug][gc,ref            ] GC(27) Skipped phase 3 of Reference Processing: no references
[0.690s][debug][gc,ref            ] GC(27) Skipped phase 4 of Reference Processing: no references
[0.690s][debug][gc,phases,ref     ] GC(27) Reference Processing: 0.0ms
[0.690s][debug][gc,phases,ref     ] GC(27)   Reconsider SoftReferences: 0.0ms
[0.690s][debug][gc,phases,ref     ] GC(27)     SoftRef (ms):                  skipped
[0.690s][debug][gc,phases,ref     ] GC(27)   Notify Soft/WeakReferences: 0.0ms
[0.690s][debug][gc,phases,ref     ] GC(27)     SoftRef (ms):                  skipped
[0.690s][debug][gc,phases,ref     ] GC(27)     WeakRef (ms):                  skipped
[0.690s][debug][gc,phases,ref     ] GC(27)     FinalRef (ms):                 skipped
[0.690s][debug][gc,phases,ref     ] GC(27)     Total (ms):                    skipped
[0.690s][debug][gc,phases,ref     ] GC(27)   Notify and keep alive finalizable: 0.0ms
[0.690s][debug][gc,phases,ref     ] GC(27)     FinalRef (ms):                 skipped
[0.690s][debug][gc,phases,ref     ] GC(27)   Notify PhantomReferences: 0.0ms
[0.690s][debug][gc,phases,ref     ] GC(27)     PhantomRef (ms):               skipped
[0.690s][debug][gc,phases,ref     ] GC(27)   SoftReference:
[0.690s][debug][gc,phases,ref     ] GC(27)     Discovered: 0
[0.690s][debug][gc,phases,ref     ] GC(27)     Cleared: 0
[0.690s][debug][gc,phases,ref     ] GC(27)   WeakReference:
[0.690s][debug][gc,phases,ref     ] GC(27)     Discovered: 0
[0.690s][debug][gc,phases,ref     ] GC(27)     Cleared: 0
[0.690s][debug][gc,phases,ref     ] GC(27)   FinalReference:
[0.690s][debug][gc,phases,ref     ] GC(27)     Discovered: 0
[0.690s][debug][gc,phases,ref     ] GC(27)     Cleared: 0
[0.690s][debug][gc,phases,ref     ] GC(27)   PhantomReference:
[0.690s][debug][gc,phases,ref     ] GC(27)     Discovered: 0
[0.690s][debug][gc,phases,ref     ] GC(27)     Cleared: 0
[0.690s][debug][gc,phases         ] GC(27) Reference Processing 0.096ms
[0.690s][debug][gc,phases,start   ] GC(27) Weak Processing
[0.690s][debug][gc,phases         ] GC(27)   VM Weak                        Min:  0.0, Avg:  0.0, Max:  0.0, Diff:  0.0, Sum:  0.0, Workers: 1
[0.690s][debug][gc,phases         ] GC(27)     Dead                           Min: 0, Avg:  0.0, Max: 0, Diff: 0, Sum: 0, Workers: 1
[0.690s][debug][gc,phases         ] GC(27)     Total                          Min: 4, Avg:  4.0, Max: 4, Diff: 0, Sum: 4, Workers: 1
[0.690s][debug][gc,phases         ] GC(27)   ObjectSynchronizer Weak        Min:  0.0, Avg:  0.0, Max:  0.0, Diff:  0.0, Sum:  0.0, Workers: 1
[0.690s][debug][gc,phases         ] GC(27)     Dead                           Min: 0, Avg:  0.0, Max: 0, Diff: 0, Sum: 0, Workers: 1
[0.690s][debug][gc,phases         ] GC(27)     Total                          Min: 4, Avg:  4.0, Max: 4, Diff: 0, Sum: 4, Workers: 1
[0.690s][debug][gc,phases         ] GC(27)   JVMTI Tag Weak OopStorage      Min:  0.0, Avg:  0.0, Max:  0.0, Diff:  0.0, Sum:  0.0, Workers: 1
[0.690s][debug][gc,phases         ] GC(27)     Dead                           Min: 0, Avg:  0.0, Max: 0, Diff: 0, Sum: 0, Workers: 1
[0.690s][debug][gc,phases         ] GC(27)     Total                          Min: 0, Avg:  0.0, Max: 0, Diff: 0, Sum: 0, Workers: 1
[0.690s][debug][gc,phases         ] GC(27)   StringTable Weak               Min:  0.0, Avg:  0.0, Max:  0.0, Diff:  0.0, Sum:  0.0, Workers: 1
[0.690s][debug][gc,phases         ] GC(27)     Dead                           Min: 0, Avg:  0.0, Max: 0, Diff: 0, Sum: 0, Workers: 1
[0.690s][debug][gc,phases         ] GC(27)     Total                          Min: 39, Avg: 39.0, Max: 39, Diff: 0, Sum: 39, Workers: 1
[0.690s][debug][gc,phases         ] GC(27)   ResolvedMethodTable Weak       Min:  0.0, Avg:  0.0, Max:  0.0, Diff:  0.0, Sum:  0.0, Workers: 1
[0.690s][debug][gc,phases         ] GC(27)     Dead                           Min: 0, Avg:  0.0, Max: 0, Diff: 0, Sum: 0, Workers: 1
[0.690s][debug][gc,phases         ] GC(27)     Total                          Min: 22, Avg: 22.0, Max: 22, Diff: 0, Sum: 22, Workers: 1
[0.690s][debug][gc,phases         ] GC(27)   JNI Weak                       Min:  0.0, Avg:  0.0, Max:  0.0, Diff:  0.0, Sum:  0.0, Workers: 1
[0.690s][debug][gc,phases         ] GC(27)     Dead                           Min: 0, Avg:  0.0, Max: 0, Diff: 0, Sum: 0, Workers: 1
[0.690s][debug][gc,phases         ] GC(27)     Total                          Min: 0, Avg:  0.0, Max: 0, Diff: 0, Sum: 0, Workers: 1
[0.690s][debug][gc,phases         ] GC(27)   StringDedup Table Weak         Min:  0.0, Avg:  0.0, Max:  0.0, Diff:  0.0, Sum:  0.0, Workers: 1
[0.690s][debug][gc,phases         ] GC(27)     Dead                           Min: 0, Avg:  0.0, Max: 0, Diff: 0, Sum: 0, Workers: 1
[0.690s][debug][gc,phases         ] GC(27)     Total                          Min: 0, Avg:  0.0, Max: 0, Diff: 0, Sum: 0, Workers: 1
[0.690s][debug][gc,phases         ] GC(27)   StringDedup Requests0 Weak     Min:  0.0, Avg:  0.0, Max:  0.0, Diff:  0.0, Sum:  0.0, Workers: 1
[0.690s][debug][gc,phases         ] GC(27)     Dead                           Min: 0, Avg:  0.0, Max: 0, Diff: 0, Sum: 0, Workers: 1
[0.690s][debug][gc,phases         ] GC(27)     Total                          Min: 0, Avg:  0.0, Max: 0, Diff: 0, Sum: 0, Workers: 1
[0.690s][debug][gc,phases         ] GC(27)   StringDedup Requests1 Weak     Min:  0.0, Avg:  0.0, Max:  0.0, Diff:  0.0, Sum:  0.0, Workers: 1
[0.690s][debug][gc,phases         ] GC(27)     Dead                           Min: 0, Avg:  0.0, Max: 0, Diff: 0, Sum: 0, Workers: 1
[0.690s][debug][gc,phases         ] GC(27)     Total                          Min: 0, Avg:  0.0, Max: 0, Diff: 0, Sum: 0, Workers: 1
[0.690s][debug][gc,phases         ] GC(27)   Weak JFR Old Object Samples    Min:  0.0, Avg:  0.0, Max:  0.0, Diff:  0.0, Sum:  0.0, Workers: 1
[0.690s][debug][gc,phases         ] GC(27)     Dead                           Min: 0, Avg:  0.0, Max: 0, Diff: 0, Sum: 0, Workers: 1
[0.690s][debug][gc,phases         ] GC(27)     Total                          Min: 0, Avg:  0.0, Max: 0, Diff: 0, Sum: 0, Workers: 1
[0.690s][debug][gc,phases         ] GC(27) Weak Processing 0.187ms
[0.690s][debug][gc,phases,start   ] GC(27) Class Unloading
[0.690s][debug][gc,phases,start   ] GC(27) ClassLoaderData
[0.690s][debug][gc,phases         ] GC(27) ClassLoaderData 0.005ms
[0.690s][debug][gc,phases,start   ] GC(27) Trigger cleanups
[0.690s][debug][gc,phases         ] GC(27) Trigger cleanups 0.004ms
[0.690s][debug][gc,phases         ] GC(27) Class Unloading 0.171ms
[0.690s][debug][gc,phases,start   ] GC(27) Flush Task Caches
[0.690s][debug][gc,stats          ] Mark stats cache hits 25816 misses 0 ratio 100.000
[0.690s][debug][gc,phases         ] GC(27) Flush Task Caches 0.027ms
[0.690s][debug][gc,phases,start   ] GC(27) Update Remembered Set Tracking Before Rebuild
[0.690s][debug][gc,ergo           ] GC(27) Running G1 Update RemSet Tracking Before Rebuild using 1 workers for 256 regions in heap
[0.690s][debug][gc,remset,tracking] GC(27) Remembered Set Tracking update regions total 256, selected 89
[0.690s][debug][gc,phases         ] GC(27) Update Remembered Set Tracking Before Rebuild 0.106ms
[0.690s][debug][gc,phases,start   ] GC(27) Reclaim Empty Regions
[0.690s][debug][gc,phases         ] GC(27) Reclaim Empty Regions 0.193ms
[0.690s][debug][gc,phases,start   ] GC(27) Purge Metaspace
[0.690s][debug][gc,phases         ] GC(27) Purge Metaspace 0.005ms
[0.690s][debug][gc,phases,start   ] GC(27) Report Object Count
[0.690s][debug][gc,phases         ] GC(27) Report Object Count 0.008ms
[0.690s][debug][gc,mmu            ] GC(27) MMU: 5.9ms (50.0ms/51.0ms)
[0.690s][info ][gc                ] GC(27) Pause Remark 199M->199M(256M) 1.490ms
[0.690s][info ][gc,cpu            ] GC(27) User=0.00s Sys=0.00s Real=0.00s
[0.690s][info ][gc,marking        ] GC(27) Concurrent Mark 3.658ms
[0.690s][info ][gc,marking        ] GC(27) Concurrent Rebuild Remembered Sets
[0.691s][info ][gc,marking        ] GC(27) Concurrent Rebuild Remembered Sets 0.411ms
[0.691s][info ][gc,start          ] GC(27) Pause Cleanup
[0.691s][debug][gc,phases,start   ] GC(27) Update Remembered Set Tracking After Rebuild
[0.691s][debug][gc,phases         ] GC(27) Update Remembered Set Tracking After Rebuild 0.015ms
[0.691s][debug][gc,phases,start   ] GC(27) Finalize Concurrent Mark Cleanup
[0.691s][debug][gc,ergo,cset      ] GC(27) Pruned 11 regions out of 12, leaving 4192512 bytes waste (allowed 13421772)
[0.691s][debug][gc,mmu            ] GC(27) MMU: 6.1ms (50.0ms/51.0ms)
[0.691s][debug][gc,phases         ] GC(27) Finalize Concurrent Mark Cleanup 0.176ms
[0.691s][info ][gc                ] GC(27) Pause Cleanup 200M->200M(256M) 0.211ms
[0.691s][info ][gc,cpu            ] GC(27) User=0.00s Sys=0.00s Real=0.00s
[0.691s][info ][gc,marking        ] GC(27) Concurrent Cleanup for Next Mark
[0.691s][debug][gc,ergo           ] GC(27) Running G1 Clear Bitmap with 3 workers for 4 work units.
[0.691s][info ][gc,marking        ] GC(27) Concurrent Cleanup for Next Mark 0.155ms
[0.691s][info ][gc                ] GC(27) Concurrent Mark Cycle 4.971ms
[0.719s][debug][gc,heap           ] GC(28) Heap before GC invocations=27 (full 2):
[0.719s][debug][gc,heap           ] GC(28)  garbage-first heap   total 262144K, used 212564K [0x00000000f0000000, 0x0000000100000000)
[0.719s][debug][gc,heap           ] GC(28)   region size 1024K, 12 young (12288K), 2 survivors (2048K)
[0.719s][debug][gc,heap           ] GC(28)  Metaspace       used 136K, committed 320K, reserved 1114112K
[0.719s][debug][gc,heap           ] GC(28)   class space    used 5K, committed 128K, reserved 1048576K
[0.719s][info ][gc,start          ] GC(28) Pause Young (Prepare Mixed) (G1 Evacuation Pause)
[0.719s][info ][gc,task           ] GC(28) Using 12 workers of 13 for evacuation
[0.719s][debug][gc,tlab           ] GC(28) TLAB totals: thrds: 5  refills: 5 max: 1 slow allocs: 144 max 29 waste: 37.2% gc: 194240B max: 39080B slow: 0B max: 0B
[0.719s][debug][gc,age            ] GC(28) Desired survivor size 1048576 bytes, new threshold 1 (max threshold 15)
[0.719s][debug][gc,refine,stats   ] GC(28) Mutator refinement: 0.00ms, refined: 0, precleaned: 0, dirtied: 4
[0.719s][debug][gc,refine,stats   ] GC(28) Concurrent refinement: 0.00ms, refined: 0, precleaned: 0, dirtied: 0
[0.719s][debug][gc,refine,stats   ] GC(28) Total refinement: 0.00ms, refined: 0, precleaned: 0, dirtied: 4
[0.719s][debug][gc,refine,stats   ] GC(28) Generate dirty cards rate: 0.13 cards/ms
[0.719s][debug][gc,alloc,region   ] GC(28) Mutator Allocation stats, regions: 10, wasted size: 512K ( 5.0%)
[0.719s][debug][gc,humongous      ] GC(28) Humongous region 0 (object size 1048592 @ 0x00000000f0000000) remset 1 code roots 0 marked 0 reclaim candidate 1 type array 1
[0.719s][debug][gc,humongous      ] GC(28) Humongous region 2 (object size 1048592 @ 0x00000000f0200000) remset 1 code roots 0 marked 0 reclaim candidate 1 type array 1
[0.719s][debug][gc,humongous      ] GC(28) Humongous region 4 (object size 1048592 @ 0x00000000f0400000) remset 1 code roots 0 marked 0 reclaim candidate 1 type array 1
[0.719s][debug][gc,humongous      ] GC(28) Humongous region 42 (object size 1048592 @ 0x00000000f2a00000) remset 0 code roots 0 marked 0 reclaim candidate 1 type array 1
[0.719s][debug][gc,humongous      ] GC(28) Humongous region 60 (object size 1048592 @ 0x00000000f3c00000) remset 0 code roots 0 marked 0 reclaim candidate 1 type array 1
[0.719s][debug][gc,humongous      ] GC(28) Humongous region 85 (object size 10485776 @ 0x00000000f5500000) remset 0 code roots 0 marked 0 reclaim candidate 1 type array 1
[0.719s][debug][gc,humongous      ] GC(28) Humongous region 64 (object size 1048592 @ 0x00000000f4000000) remset 0 code roots 0 marked 0 reclaim candidate 1 type array 1
[0.719s][debug][gc,humongous      ] GC(28) Humongous region 203 (object size 1048592 @ 0x00000000fcb00000) remset 0 code roots 0 marked 0 reclaim candidate 1 type array 1
[0.719s][debug][gc,humongous      ] GC(28) Humongous region 205 (object size 1048592 @ 0x00000000fcd00000) remset 0 code roots 0 marked 0 reclaim candidate 1 type array 1
[0.719s][debug][gc,humongous      ] GC(28) Humongous region 83 (object size 1048592 @ 0x00000000f5300000) remset 0 code roots 0 marked 0 reclaim candidate 1 type array 1
[0.719s][debug][gc,humongous      ] GC(28) Humongous region 18 (object size 1048592 @ 0x00000000f1200000) remset 1 code roots 0 marked 0 reclaim candidate 1 type array 1
[0.719s][debug][gc,humongous      ] GC(28) Humongous region 20 (object size 1048592 @ 0x00000000f1400000) remset 1 code roots 0 marked 0 reclaim candidate 1 type array 1
[0.719s][debug][gc,humongous      ] GC(28) Humongous region 22 (object size 1048592 @ 0x00000000f1600000) remset 1 code roots 0 marked 0 reclaim candidate 1 type array 1
[0.719s][debug][gc,humongous      ] GC(28) Humongous region 126 (object size 1048592 @ 0x00000000f7e00000) remset 0 code roots 0 marked 0 reclaim candidate 1 type array 1
[0.719s][debug][gc,humongous      ] GC(28) Humongous region 28 (object size 1048592 @ 0x00000000f1c00000) remset 1 code roots 0 marked 0 reclaim candidate 1 type array 1
[0.719s][debug][gc,humongous      ] GC(28) Humongous region 8 (object size 1048592 @ 0x00000000f0800000) remset 1 code roots 0 marked 0 reclaim candidate 1 type array 1
[0.719s][debug][gc,humongous      ] GC(28) Humongous region 34 (object size 1048592 @ 0x00000000f2200000) remset 1 code roots 0 marked 0 reclaim candidate 1 type array 1
[0.719s][debug][gc,humongous      ] GC(28) Humongous region 36 (object size 1048592 @ 0x00000000f2400000) remset 1 code roots 0 marked 0 reclaim candidate 1 type array 1
[0.719s][debug][gc,humongous      ] GC(28) Humongous region 40 (object size 1048592 @ 0x00000000f2800000) remset 0 code roots 0 marked 0 reclaim candidate 1 type array 1
[0.719s][debug][gc,humongous      ] GC(28) Humongous region 159 (object size 10485776 @ 0x00000000f9f00000) remset 0 code roots 0 marked 0 reclaim candidate 1 type array 1
[0.719s][debug][gc,humongous      ] GC(28) Humongous region 10 (object size 1048592 @ 0x00000000f0a00000) remset 1 code roots 0 marked 0 reclaim candidate 1 type array 1
[0.719s][debug][gc,humongous      ] GC(28) Humongous region 26 (object size 1048592 @ 0x00000000f1a00000) remset 1 code roots 0 marked 0 reclaim candidate 1 type array 1
[0.719s][debug][gc,humongous      ] GC(28) Humongous region 30 (object size 1048592 @ 0x00000000f1e00000) remset 1 code roots 0 marked 0 reclaim candidate 1 type array 1
[0.719s][debug][gc,humongous      ] GC(28) Humongous region 32 (object size 1048592 @ 0x00000000f2000000) remset 1 code roots 0 marked 0 reclaim candidate 1 type array 1
[0.719s][debug][gc,humongous      ] GC(28) Humongous region 12 (object size 1048592 @ 0x00000000f0c00000) remset 1 code roots 0 marked 0 reclaim candidate 1 type array 1
[0.719s][debug][gc,humongous      ] GC(28) Humongous region 38 (object size 1048592 @ 0x00000000f2600000) remset 1 code roots 0 marked 0 reclaim candidate 1 type array 1
[0.719s][debug][gc,humongous      ] GC(28) Humongous region 14 (object size 1048592 @ 0x00000000f0e00000) remset 1 code roots 0 marked 0 reclaim candidate 1 type array 1
[0.719s][debug][gc,humongous      ] GC(28) Humongous region 16 (object size 1048592 @ 0x00000000f1000000) remset 1 code roots 0 marked 0 reclaim candidate 1 type array 1
[0.719s][debug][gc,humongous      ] GC(28) Humongous region 24 (object size 1048592 @ 0x00000000f1800000) remset 1 code roots 0 marked 0 reclaim candidate 1 type array 1
[0.719s][debug][gc,humongous      ] GC(28) Humongous region 6 (object size 1048592 @ 0x00000000f0600000) remset 1 code roots 0 marked 0 reclaim candidate 1 type array 1
[0.720s][debug][gc,ergo           ] GC(28) Running G1 Merge Heap Roots using 12 workers for 12 regions
[0.720s][debug][gc,remset         ] GC(28) Visited cards 128 Total dirty 4096 (3.12%) Total old 477184 (0.03%)
[0.721s][debug][gc,ref            ] GC(28) Skipped phase 1 of Reference Processing: no references
[0.721s][debug][gc,ref            ] GC(28) Skipped phase 2 of Reference Processing: no references
[0.721s][debug][gc,ref            ] GC(28) Skipped phase 3 of Reference Processing: no references
[0.721s][debug][gc,ref            ] GC(28) Skipped phase 4 of Reference Processing: no references
[0.722s][debug][gc,humongous      ] GC(28) Reclaimed humongous region 40 (object size 1048592 @ 0x00000000f2800000)
[0.722s][debug][gc,ergo           ] GC(28) Running G1 Rebuild Free List Task using 12 workers for rebuilding free list of regions
[0.722s][debug][gc,plab           ] GC(28) Young PLAB allocation: allocated: 0B, wasted: 0B, unused: 0B, used: 0B, undo waste: 0B, 
[0.722s][debug][gc,plab           ] GC(28) Young other allocation: region end waste: 130592B, regions filled: 2, direct allocated: 1966560B, failure used: 0B, failure wasted: 0B
[0.722s][debug][gc,plab           ] GC(28) Young sizing: calculated: 0B, actual: 2064B
[0.722s][debug][gc,plab           ] GC(28) Old PLAB allocation: allocated: 0B, wasted: 0B, unused: 0B, used: 0B, undo waste: 0B, 
[0.722s][debug][gc,plab           ] GC(28) Old other allocation: region end waste: 576096B, regions filled: 10, direct allocated: 9581712B, failure used: 0B, failure wasted: 0B
[0.722s][debug][gc,plab           ] GC(28) Old sizing: calculated: 0B, actual: 2064B
[0.722s][debug][gc,ergo,heap      ] GC(28) Heap expansion: short term pause time ratio 24.77% long term pause time ratio 14.03% threshold 7.69% pause time ratio 7.69% fully expanded true resize by 0B
[0.722s][debug][gc,mmu            ] GC(28) MMU: 8.8ms (50.0ms/51.0ms)
[0.722s][debug][gc,alloc,stats    ] Old generation allocation in the last mutator period, old gen allocated: 0B, humongous allocated: 2097152B,old gen growth: 0B.
[0.722s][debug][gc,ihop           ] GC(28) Basic information (value update), threshold: 224601248B (83.67), target occupancy: 268435456B, current occupancy: 216290176B, recent allocation size: 2097152B, recent allocation duration: 31.40ms, recent old gen allocation rate: 66792557.96B/s, recent marking phase length: 73.53ms
[0.722s][debug][gc,ihop           ] GC(28) Adaptive IHOP information (value update), threshold: 224601248B (98.44), internal target occupancy: 228170137B, occupancy: 216290176B, additional buffer size: 0B, predicted old gen allocation rate: 57976785.59B/s, predicted marking phase length: 61.56ms, prediction active: true
[0.722s][debug][gc,ergo,refine    ] GC(28) Concurrent refinement times: Logged Cards Scan time goal: 5.00ms Logged Cards Scan time: 0.00ms HCC time: 0.00ms
[0.722s][debug][gc,ergo,refine    ] GC(28) Updated Refinement Zones: green: 3328, yellow: 9984, red: 16640
[0.722s][info ][gc,phases         ] GC(28)   Pre Evacuate Collection Set: 0.7ms
[0.722s][debug][gc,phases         ] GC(28)     Prepare TLABs: 0.0ms
[0.722s][debug][gc,phases         ] GC(28)     Concatenate Dirty Card Logs: 0.0ms
[0.722s][debug][gc,phases         ] GC(28)     Choose Collection Set: 0.0ms
[0.722s][debug][gc,phases         ] GC(28)     Region Register: 0.7ms
[0.722s][debug][gc,phases         ] GC(28)     Prepare Heap Roots: 0.0ms
[0.722s][info ][gc,phases         ] GC(28)   Merge Heap Roots: 0.2ms
[0.722s][debug][gc,phases         ] GC(28)     Prepare Merge Heap Roots: 0.0ms
[0.722s][debug][gc,phases         ] GC(28)     Eager Reclaim (ms):            Min:  0.0, Avg:  0.0, Max:  0.0, Diff:  0.0, Sum:  0.0, Workers: 1
[0.722s][debug][gc,phases         ] GC(28)     Remembered Sets (ms):          Min:  0.0, Avg:  0.0, Max:  0.0, Diff:  0.0, Sum:  0.0, Workers: 12
[0.722s][debug][gc,phases         ] GC(28)       Merged Sparse:                 Min: 0, Avg:  1.8, Max: 21, Diff: 21, Sum: 21, Workers: 12
[0.722s][debug][gc,phases         ] GC(28)       Merged Fine:                   Min: 0, Avg:  0.0, Max: 0, Diff: 0, Sum: 0, Workers: 12
[0.722s][debug][gc,phases         ] GC(28)       Merged Coarse:                 Min: 0, Avg:  0.0, Max: 0, Diff: 0, Sum: 0, Workers: 12
[0.722s][debug][gc,phases         ] GC(28)       Dirty Cards:                   Min: 0, Avg:  0.1, Max: 1, Diff: 1, Sum: 1, Workers: 12
[0.722s][debug][gc,phases         ] GC(28)     Hot Card Cache (ms):           Min:  0.0, Avg:  0.0, Max:  0.0, Diff:  0.0, Sum:  0.0, Workers: 12
[0.722s][debug][gc,phases         ] GC(28)       Dirty Cards:                   Min: 0, Avg:  0.0, Max: 0, Diff: 0, Sum: 0, Workers: 12
[0.722s][debug][gc,phases         ] GC(28)       Skipped Cards:                 Min: 0, Avg:  0.0, Max: 0, Diff: 0, Sum: 0, Workers: 12
[0.722s][debug][gc,phases         ] GC(28)     Log Buffers (ms):              Min:  0.0, Avg:  0.0, Max:  0.0, Diff:  0.0, Sum:  0.0, Workers: 12
[0.722s][debug][gc,phases         ] GC(28)       Dirty Cards:                   Min: 0, Avg:  0.0, Max: 0, Diff: 0, Sum: 0, Workers: 12
[0.722s][debug][gc,phases         ] GC(28)       Skipped Cards:                 Min: 0, Avg:  0.0, Max: 0, Diff: 0, Sum: 0, Workers: 12
[0.722s][info ][gc,phases         ] GC(28)   Evacuate Collection Set: 1.6ms
[0.722s][debug][gc,phases         ] GC(28)     Ext Root Scanning (ms):        Min:  0.0, Avg:  0.0, Max:  0.1, Diff:  0.1, Sum:  0.2, Workers: 12
[0.722s][debug][gc,phases         ] GC(28)     Scan Heap Roots (ms):          Min:  0.0, Avg:  0.0, Max:  0.0, Diff:  0.0, Sum:  0.0, Workers: 12
[0.722s][debug][gc,phases         ] GC(28)       Scanned Cards:                 Min: 0, Avg:  0.6, Max: 4, Diff: 4, Sum: 7, Workers: 12
[0.722s][debug][gc,phases         ] GC(28)       Scanned Blocks:                Min: 0, Avg:  0.4, Max: 3, Diff: 3, Sum: 5, Workers: 12
[0.722s][debug][gc,phases         ] GC(28)       Claimed Chunks:                Min: 0, Avg:  0.3, Max: 2, Diff: 2, Sum: 4, Workers: 12
[0.722s][debug][gc,phases         ] GC(28)     Code Root Scan (ms):           Min:  0.0, Avg:  0.0, Max:  0.0, Diff:  0.0, Sum:  0.0, Workers: 12
[0.722s][debug][gc,phases         ] GC(28)     Object Copy (ms):              Min:  0.8, Avg:  0.9, Max:  1.0, Diff:  0.2, Sum: 10.8, Workers: 12
[0.722s][debug][gc,phases         ] GC(28)     Termination (ms):              Min:  0.1, Avg:  0.3, Max:  0.3, Diff:  0.2, Sum:  3.2, Workers: 12
[0.722s][debug][gc,phases         ] GC(28)       Termination Attempts:          Min: 1, Avg:  1.2, Max: 2, Diff: 1, Sum: 14, Workers: 12
[0.722s][debug][gc,phases         ] GC(28)     GC Worker Other (ms):          Min:  0.0, Avg:  0.0, Max:  0.0, Diff:  0.0, Sum:  0.1, Workers: 12
[0.722s][debug][gc,phases         ] GC(28)     GC Worker Total (ms):          Min:  1.1, Avg:  1.2, Max:  1.3, Diff:  0.2, Sum: 14.3, Workers: 12
[0.722s][info ][gc,phases         ] GC(28)   Post Evacuate Collection Set: 0.5ms
[0.722s][debug][gc,phases         ] GC(28)     Code Roots Fixup: 0.0ms
[0.722s][debug][gc,phases         ] GC(28)     Reference Processing: 0.0ms
[0.722s][debug][gc,phases,ref     ] GC(28)       Reconsider SoftReferences: 0.0ms
[0.722s][debug][gc,phases,ref     ] GC(28)         SoftRef (ms):                  skipped
[0.722s][debug][gc,phases,ref     ] GC(28)       Notify Soft/WeakReferences: 0.0ms
[0.722s][debug][gc,phases,ref     ] GC(28)         SoftRef (ms):                  skipped
[0.722s][debug][gc,phases,ref     ] GC(28)         WeakRef (ms):                  skipped
[0.722s][debug][gc,phases,ref     ] GC(28)         FinalRef (ms):                 skipped
[0.722s][debug][gc,phases,ref     ] GC(28)         Total (ms):                    skipped
[0.722s][debug][gc,phases,ref     ] GC(28)       Notify and keep alive finalizable: 0.0ms
[0.722s][debug][gc,phases,ref     ] GC(28)         FinalRef (ms):                 skipped
[0.722s][debug][gc,phases,ref     ] GC(28)       Notify PhantomReferences: 0.0ms
[0.722s][debug][gc,phases,ref     ] GC(28)         PhantomRef (ms):               skipped
[0.722s][debug][gc,phases,ref     ] GC(28)       SoftReference:
[0.722s][debug][gc,phases,ref     ] GC(28)         Discovered: 0
[0.722s][debug][gc,phases,ref     ] GC(28)         Cleared: 0
[0.722s][debug][gc,phases,ref     ] GC(28)       WeakReference:
[0.722s][debug][gc,phases,ref     ] GC(28)         Discovered: 0
[0.722s][debug][gc,phases,ref     ] GC(28)         Cleared: 0
[0.722s][debug][gc,phases,ref     ] GC(28)       FinalReference:
[0.722s][debug][gc,phases,ref     ] GC(28)         Discovered: 0
[0.722s][debug][gc,phases,ref     ] GC(28)         Cleared: 0
[0.722s][debug][gc,phases,ref     ] GC(28)       PhantomReference:
[0.722s][debug][gc,phases,ref     ] GC(28)         Discovered: 0
[0.722s][debug][gc,phases,ref     ] GC(28)         Cleared: 0
[0.722s][debug][gc,phases         ] GC(28)     Weak Processing: 0.1ms
[0.722s][debug][gc,phases         ] GC(28)       VM Weak                        Min:  0.0, Avg:  0.0, Max:  0.0, Diff:  0.0, Sum:  0.0, Workers: 1
[0.722s][debug][gc,phases         ] GC(28)         Dead                           Min: 0, Avg:  0.0, Max: 0, Diff: 0, Sum: 0, Workers: 1
[0.722s][debug][gc,phases         ] GC(28)         Total                          Min: 4, Avg:  4.0, Max: 4, Diff: 0, Sum: 4, Workers: 1
[0.722s][debug][gc,phases         ] GC(28)       ObjectSynchronizer Weak        Min:  0.0, Avg:  0.0, Max:  0.0, Diff:  0.0, Sum:  0.0, Workers: 1
[0.722s][debug][gc,phases         ] GC(28)         Dead                           Min: 0, Avg:  0.0, Max: 0, Diff: 0, Sum: 0, Workers: 1
[0.722s][debug][gc,phases         ] GC(28)         Total                          Min: 4, Avg:  4.0, Max: 4, Diff: 0, Sum: 4, Workers: 1
[0.722s][debug][gc,phases         ] GC(28)       JVMTI Tag Weak OopStorage      Min:  0.0, Avg:  0.0, Max:  0.0, Diff:  0.0, Sum:  0.0, Workers: 1
[0.722s][debug][gc,phases         ] GC(28)         Dead                           Min: 0, Avg:  0.0, Max: 0, Diff: 0, Sum: 0, Workers: 1
[0.722s][debug][gc,phases         ] GC(28)         Total                          Min: 0, Avg:  0.0, Max: 0, Diff: 0, Sum: 0, Workers: 1
[0.722s][debug][gc,phases         ] GC(28)       StringTable Weak               Min:  0.0, Avg:  0.0, Max:  0.0, Diff:  0.0, Sum:  0.0, Workers: 1
[0.722s][debug][gc,phases         ] GC(28)         Dead                           Min: 0, Avg:  0.0, Max: 0, Diff: 0, Sum: 0, Workers: 1
[0.722s][debug][gc,phases         ] GC(28)         Total                          Min: 39, Avg: 39.0, Max: 39, Diff: 0, Sum: 39, Workers: 1
[0.722s][debug][gc,phases         ] GC(28)       ResolvedMethodTable Weak       Min:  0.0, Avg:  0.0, Max:  0.0, Diff:  0.0, Sum:  0.0, Workers: 1
[0.722s][debug][gc,phases         ] GC(28)         Dead                           Min: 0, Avg:  0.0, Max: 0, Diff: 0, Sum: 0, Workers: 1
[0.722s][debug][gc,phases         ] GC(28)         Total                          Min: 22, Avg: 22.0, Max: 22, Diff: 0, Sum: 22, Workers: 1
[0.722s][debug][gc,phases         ] GC(28)       JNI Weak                       Min:  0.0, Avg:  0.0, Max:  0.0, Diff:  0.0, Sum:  0.0, Workers: 1
[0.722s][debug][gc,phases         ] GC(28)         Dead                           Min: 0, Avg:  0.0, Max: 0, Diff: 0, Sum: 0, Workers: 1
[0.722s][debug][gc,phases         ] GC(28)         Total                          Min: 0, Avg:  0.0, Max: 0, Diff: 0, Sum: 0, Workers: 1
[0.722s][debug][gc,phases         ] GC(28)       StringDedup Table Weak         Min:  0.0, Avg:  0.0, Max:  0.0, Diff:  0.0, Sum:  0.0, Workers: 1
[0.722s][debug][gc,phases         ] GC(28)         Dead                           Min: 0, Avg:  0.0, Max: 0, Diff: 0, Sum: 0, Workers: 1
[0.722s][debug][gc,phases         ] GC(28)         Total                          Min: 0, Avg:  0.0, Max: 0, Diff: 0, Sum: 0, Workers: 1
[0.722s][debug][gc,phases         ] GC(28)       StringDedup Requests0 Weak     Min:  0.0, Avg:  0.0, Max:  0.0, Diff:  0.0, Sum:  0.0, Workers: 1
[0.722s][debug][gc,phases         ] GC(28)         Dead                           Min: 0, Avg:  0.0, Max: 0, Diff: 0, Sum: 0, Workers: 1
[0.722s][debug][gc,phases         ] GC(28)         Total                          Min: 0, Avg:  0.0, Max: 0, Diff: 0, Sum: 0, Workers: 1
[0.722s][debug][gc,phases         ] GC(28)       StringDedup Requests1 Weak     Min:  0.0, Avg:  0.0, Max:  0.0, Diff:  0.0, Sum:  0.0, Workers: 1
[0.722s][debug][gc,phases         ] GC(28)         Dead                           Min: 0, Avg:  0.0, Max: 0, Diff: 0, Sum: 0, Workers: 1
[0.722s][debug][gc,phases         ] GC(28)         Total                          Min: 0, Avg:  0.0, Max: 0, Diff: 0, Sum: 0, Workers: 1
[0.722s][debug][gc,phases         ] GC(28)       Weak JFR Old Object Samples    Min:  0.0, Avg:  0.0, Max:  0.0, Diff:  0.0, Sum:  0.0, Workers: 1
[0.722s][debug][gc,phases         ] GC(28)         Dead                           Min: 0, Avg:  0.0, Max: 0, Diff: 0, Sum: 0, Workers: 1
[0.722s][debug][gc,phases         ] GC(28)         Total                          Min: 0, Avg:  0.0, Max: 0, Diff: 0, Sum: 0, Workers: 1
[0.722s][debug][gc,phases         ] GC(28)     Post Evacuate Cleanup 1: 0.1ms
[0.722s][debug][gc,phases         ] GC(28)       Merge Per-Thread State (ms):   Min:  0.0, Avg:  0.0, Max:  0.0, Diff:  0.0, Sum:  0.0, Workers: 1
[0.722s][debug][gc,phases         ] GC(28)         Copied Bytes                   Min: 589968, Avg: 962356.0, Max: 1638800, Diff: 1048832, Sum: 11548272, Workers: 12
[0.722s][debug][gc,phases         ] GC(28)         LAB Waste                      Min: 0, Avg:  0.0, Max: 0, Diff: 0, Sum: 0, Workers: 12
[0.722s][debug][gc,phases         ] GC(28)         LAB Undo Waste                 Min: 0, Avg:  0.0, Max: 0, Diff: 0, Sum: 0, Workers: 12
[0.722s][debug][gc,phases         ] GC(28)       Clear Logged Cards (ms):       Min:  0.0, Avg:  0.0, Max:  0.0, Diff:  0.0, Sum:  0.0, Workers: 3
[0.722s][debug][gc,phases         ] GC(28)       Recalculate Used Memory (ms):  Min:  0.0, Avg:  0.0, Max:  0.0, Diff:  0.0, Sum:  0.0, Workers: 1
[0.722s][debug][gc,phases         ] GC(28)     Post Evacuate Cleanup 2: 0.2ms
[0.722s][debug][gc,phases         ] GC(28)       Reset Hot Card Cache (ms):     Min:  0.0, Avg:  0.0, Max:  0.0, Diff:  0.0, Sum:  0.0, Workers: 1
[0.722s][debug][gc,phases         ] GC(28)       Purge Code Roots (ms):         Min:  0.0, Avg:  0.0, Max:  0.0, Diff:  0.0, Sum:  0.0, Workers: 1
[0.722s][debug][gc,phases         ] GC(28)       Update Derived Pointers (ms):  Min:  0.0, Avg:  0.0, Max:  0.0, Diff:  0.0, Sum:  0.0, Workers: 1
[0.722s][debug][gc,phases         ] GC(28)       Eagerly Reclaim Humongous Objects (ms): Min:  0.0, Avg:  0.0, Max:  0.0, Diff:  0.0, Sum:  0.0, Workers: 1
[0.722s][debug][gc,phases         ] GC(28)         Humongous Total                Min: 30, Avg: 30.0, Max: 30, Diff: 0, Sum: 30, Workers: 1
[0.722s][debug][gc,phases         ] GC(28)         Humongous Candidates           Min: 30, Avg: 30.0, Max: 30, Diff: 0, Sum: 30, Workers: 1
[0.722s][debug][gc,phases         ] GC(28)         Humongous Reclaimed            Min: 1, Avg:  1.0, Max: 1, Diff: 0, Sum: 1, Workers: 1
[0.722s][debug][gc,phases         ] GC(28)       Redirty Logged Cards (ms):     Min:  0.0, Avg:  0.0, Max:  0.0, Diff:  0.0, Sum:  0.0, Workers: 12
[0.722s][debug][gc,phases         ] GC(28)         Redirtied Cards:               Min: 0, Avg:  1.7, Max: 20, Diff: 20, Sum: 20, Workers: 12
[0.722s][debug][gc,phases         ] GC(28)       Free Collection Set (ms):      Min:  0.0, Avg:  0.0, Max:  0.0, Diff:  0.0, Sum:  0.0, Workers: 12
[0.722s][debug][gc,phases         ] GC(28)     Rebuild Free List: 0.2ms
[0.722s][debug][gc,phases         ] GC(28)     Start New Collection Set: 0.0ms
[0.722s][debug][gc,phases         ] GC(28)     Resize TLABs: 0.0ms
[0.722s][debug][gc,phases         ] GC(28)     Expand Heap After Collection: 0.0ms
[0.722s][info ][gc,phases         ] GC(28)   Other: 0.2ms
[0.722s][info ][gc,heap           ] GC(28) Eden regions: 10->0(10)
[0.722s][info ][gc,heap           ] GC(28) Survivor regions: 2->2(2)
[0.722s][info ][gc,heap           ] GC(28) Old regions: 129->138
[0.722s][info ][gc,heap           ] GC(28) Archive regions: 2->2
[0.722s][info ][gc,heap           ] GC(28) Humongous regions: 78->76
[0.722s][info ][gc,metaspace      ] GC(28) Metaspace: 136K(320K)->136K(320K) NonClass: 130K(192K)->130K(192K) Class: 5K(128K)->5K(128K)
[0.722s][debug][gc,heap           ] GC(28) Heap after GC invocations=28 (full 2):
[0.722s][debug][gc,heap           ] GC(28)  garbage-first heap   total 262144K, used 211220K [0x00000000f0000000, 0x0000000100000000)
[0.722s][debug][gc,heap           ] GC(28)   region size 1024K, 2 young (2048K), 2 survivors (2048K)
[0.722s][debug][gc,heap           ] GC(28)  Metaspace       used 136K, committed 320K, reserved 1114112K
[0.722s][debug][gc,heap           ] GC(28)   class space    used 5K, committed 128K, reserved 1048576K
[0.722s][info ][gc                ] GC(28) Pause Young (Prepare Mixed) (G1 Evacuation Pause) 208M->206M(256M) 3.571ms
[0.722s][info ][gc,cpu            ] GC(28) User=0.02s Sys=0.00s Real=0.00s
[0.737s][debug][gc,ergo,ihop      ] Do not request concurrent cycle initiation (still doing mixed collections) occupancy: 226492416B allocation request: 10485776B threshold: 224601248B (83.67) source: concurrent humongous allocation
[0.754s][debug][gc,heap           ] GC(29) Heap before GC invocations=28 (full 2):
[0.754s][debug][gc,heap           ] GC(29)  garbage-first heap   total 262144K, used 231700K [0x00000000f0000000, 0x0000000100000000)
[0.754s][debug][gc,heap           ] GC(29)   region size 1024K, 12 young (12288K), 2 survivors (2048K)
[0.754s][debug][gc,heap           ] GC(29)  Metaspace       used 136K, committed 320K, reserved 1114112K
[0.754s][debug][gc,heap           ] GC(29)   class space    used 5K, committed 128K, reserved 1048576K
[0.754s][info ][gc,start          ] GC(29) Pause Young (Mixed) (G1 Evacuation Pause)
[0.755s][info ][gc,task           ] GC(29) Using 12 workers of 13 for evacuation
[0.755s][debug][gc,tlab           ] GC(29) TLAB totals: thrds: 5  refills: 5 max: 1 slow allocs: 143 max 29 waste: 37.2% gc: 194240B max: 39088B slow: 0B max: 0B
[0.755s][debug][gc,age            ] GC(29) Desired survivor size 1048576 bytes, new threshold 1 (max threshold 15)
[0.755s][debug][gc,refine,stats   ] GC(29) Mutator refinement: 0.00ms, refined: 0, precleaned: 0, dirtied: 7
[0.755s][debug][gc,refine,stats   ] GC(29) Concurrent refinement: 0.00ms, refined: 0, precleaned: 0, dirtied: 0
[0.755s][debug][gc,refine,stats   ] GC(29) Total refinement: 0.00ms, refined: 0, precleaned: 0, dirtied: 7
[0.755s][debug][gc,refine,stats   ] GC(29) Generate dirty cards rate: 0.21 cards/ms
[0.755s][debug][gc,alloc,region   ] GC(29) Mutator Allocation stats, regions: 10, wasted size: 512K ( 5.0%)
[0.755s][debug][gc,ergo,cset      ] GC(29) Start adding old regions to collection set. Min 1 regions, max 26 regions, time remaining 46.44ms, optional threshold 9.29ms
[0.755s][debug][gc,ergo,cset      ] GC(29) Old candidate collection set empty.
[0.755s][debug][gc,ergo,cset      ] GC(29) Finish choosing collection set old regions. Initial: 1, optional: 0, predicted old time: 0.00ms, predicted optional time: 0.00ms, time remaining: 46.29
[0.755s][debug][gc,humongous      ] GC(29) Humongous region 0 (object size 1048592 @ 0x00000000f0000000) remset 0 code roots 0 marked 0 reclaim candidate 1 type array 1
[0.755s][debug][gc,humongous      ] GC(29) Humongous region 2 (object size 1048592 @ 0x00000000f0200000) remset 0 code roots 0 marked 0 reclaim candidate 1 type array 1
[0.755s][debug][gc,humongous      ] GC(29) Humongous region 4 (object size 1048592 @ 0x00000000f0400000) remset 0 code roots 0 marked 0 reclaim candidate 1 type array 1
[0.755s][debug][gc,humongous      ] GC(29) Humongous region 22 (object size 1048592 @ 0x00000000f1600000) remset 0 code roots 0 marked 0 reclaim candidate 1 type array 1
[0.755s][debug][gc,humongous      ] GC(29) Humongous region 64 (object size 1048592 @ 0x00000000f4000000) remset 0 code roots 0 marked 0 reclaim candidate 1 type array 1
[0.755s][debug][gc,humongous      ] GC(29) Humongous region 24 (object size 1048592 @ 0x00000000f1800000) remset 0 code roots 0 marked 0 reclaim candidate 1 type array 1
[0.755s][debug][gc,humongous      ] GC(29) Humongous region 6 (object size 1048592 @ 0x00000000f0600000) remset 0 code roots 0 marked 0 reclaim candidate 1 type array 1
[0.755s][debug][gc,humongous      ] GC(29) Humongous region 216 (object size 10485776 @ 0x00000000fd800000) remset 0 code roots 0 marked 0 reclaim candidate 1 type array 1
[0.755s][debug][gc,humongous      ] GC(29) Humongous region 10 (object size 1048592 @ 0x00000000f0a00000) remset 0 code roots 0 marked 0 reclaim candidate 1 type array 1
[0.755s][debug][gc,humongous      ] GC(29) Humongous region 12 (object size 1048592 @ 0x00000000f0c00000) remset 0 code roots 0 marked 0 reclaim candidate 1 type array 1
[0.755s][debug][gc,humongous      ] GC(29) Humongous region 205 (object size 1048592 @ 0x00000000fcd00000) remset 0 code roots 0 marked 0 reclaim candidate 1 type array 1
[0.755s][debug][gc,humongous      ] GC(29) Humongous region 18 (object size 1048592 @ 0x00000000f1200000) remset 0 code roots 0 marked 0 reclaim candidate 1 type array 1
[0.755s][debug][gc,humongous      ] GC(29) Humongous region 203 (object size 1048592 @ 0x00000000fcb00000) remset 0 code roots 0 marked 0 reclaim candidate 1 type array 1
[0.755s][debug][gc,humongous      ] GC(29) Humongous region 28 (object size 1048592 @ 0x00000000f1c00000) remset 0 code roots 0 marked 0 reclaim candidate 1 type array 1
[0.755s][debug][gc,humongous      ] GC(29) Humongous region 83 (object size 1048592 @ 0x00000000f5300000) remset 0 code roots 0 marked 0 reclaim candidate 1 type array 1
[0.755s][debug][gc,humongous      ] GC(29) Humongous region 32 (object size 1048592 @ 0x00000000f2000000) remset 0 code roots 0 marked 0 reclaim candidate 1 type array 1
[0.755s][debug][gc,humongous      ] GC(29) Humongous region 42 (object size 1048592 @ 0x00000000f2a00000) remset 0 code roots 0 marked 0 reclaim candidate 1 type array 1
[0.755s][debug][gc,humongous      ] GC(29) Humongous region 36 (object size 1048592 @ 0x00000000f2400000) remset 0 code roots 0 marked 0 reclaim candidate 1 type array 1
[0.755s][debug][gc,humongous      ] GC(29) Humongous region 8 (object size 1048592 @ 0x00000000f0800000) remset 0 code roots 0 marked 0 reclaim candidate 1 type array 1
[0.755s][debug][gc,humongous      ] GC(29) Humongous region 38 (object size 1048592 @ 0x00000000f2600000) remset 0 code roots 0 marked 0 reclaim candidate 1 type array 1
[0.755s][debug][gc,humongous      ] GC(29) Humongous region 126 (object size 1048592 @ 0x00000000f7e00000) remset 0 code roots 0 marked 0 reclaim candidate 1 type array 1
[0.755s][debug][gc,humongous      ] GC(29) Humongous region 16 (object size 1048592 @ 0x00000000f1000000) remset 0 code roots 0 marked 0 reclaim candidate 1 type array 1
[0.755s][debug][gc,humongous      ] GC(29) Humongous region 26 (object size 1048592 @ 0x00000000f1a00000) remset 0 code roots 0 marked 0 reclaim candidate 1 type array 1
[0.755s][debug][gc,humongous      ] GC(29) Humongous region 30 (object size 1048592 @ 0x00000000f1e00000) remset 0 code roots 0 marked 0 reclaim candidate 1 type array 1
[0.755s][debug][gc,humongous      ] GC(29) Humongous region 85 (object size 10485776 @ 0x00000000f5500000) remset 0 code roots 0 marked 0 reclaim candidate 1 type array 1
[0.755s][debug][gc,humongous      ] GC(29) Humongous region 159 (object size 10485776 @ 0x00000000f9f00000) remset 0 code roots 0 marked 0 reclaim candidate 1 type array 1
[0.755s][debug][gc,humongous      ] GC(29) Humongous region 60 (object size 1048592 @ 0x00000000f3c00000) remset 0 code roots 0 marked 0 reclaim candidate 1 type array 1
[0.755s][debug][gc,humongous      ] GC(29) Humongous region 14 (object size 1048592 @ 0x00000000f0e00000) remset 0 code roots 0 marked 0 reclaim candidate 1 type array 1
[0.755s][debug][gc,humongous      ] GC(29) Humongous region 20 (object size 1048592 @ 0x00000000f1400000) remset 0 code roots 0 marked 0 reclaim candidate 1 type array 1
[0.755s][debug][gc,humongous      ] GC(29) Humongous region 34 (object size 1048592 @ 0x00000000f2200000) remset 0 code roots 0 marked 0 reclaim candidate 1 type array 1
[0.755s][debug][gc,ergo           ] GC(29) Running G1 Merge Heap Roots using 12 workers for 13 regions
[0.755s][debug][gc,remset         ] GC(29) Visited cards 64 Total dirty 4096 (1.56%) Total old 516096 (0.01%)
[0.757s][debug][gc,ref            ] GC(29) Skipped phase 1 of Reference Processing: no references
[0.757s][debug][gc,ref            ] GC(29) Skipped phase 2 of Reference Processing: no references
[0.757s][debug][gc,ref            ] GC(29) Skipped phase 3 of Reference Processing: no references
[0.757s][debug][gc,ref            ] GC(29) Skipped phase 4 of Reference Processing: no references
[0.757s][debug][gc,ergo           ] GC(29) Running G1 Rebuild Free List Task using 12 workers for rebuilding free list of regions
[0.757s][debug][gc,plab           ] GC(29) Young PLAB allocation: allocated: 0B, wasted: 0B, unused: 0B, used: 0B, undo waste: 0B, 
[0.757s][debug][gc,plab           ] GC(29) Young other allocation: region end waste: 130592B, regions filled: 2, direct allocated: 1966560B, failure used: 0B, failure wasted: 0B
[0.757s][debug][gc,plab           ] GC(29) Young sizing: calculated: 0B, actual: 2064B
[0.757s][debug][gc,plab           ] GC(29) Old PLAB allocation: allocated: 0B, wasted: 0B, unused: 0B, used: 0B, undo waste: 0B, 
[0.757s][debug][gc,plab           ] GC(29) Old other allocation: region end waste: 652688B, regions filled: 11, direct allocated: 9636144B, failure used: 0B, failure wasted: 0B
[0.757s][debug][gc,plab           ] GC(29) Old sizing: calculated: 0B, actual: 2064B
[0.757s][debug][gc,ergo,heap      ] GC(29) Heap expansion: short term pause time ratio 9.96% long term pause time ratio 13.43% threshold 7.69% pause time ratio 7.69% fully expanded true resize by 0B
[0.757s][debug][gc,ergo,ihop      ] GC(29) Do not request concurrent cycle initiation (still doing mixed collections) occupancy: 247463936B allocation request: 0B threshold: 224601248B (83.67) source: end of GC
[0.757s][debug][gc,mmu            ] GC(29) MMU: 5.9ms (50.0ms/51.0ms)
[0.757s][debug][gc,ergo           ] GC(29) do not continue mixed GCs (candidate old regions not available)
[0.757s][debug][gc,ergo,ihop      ] GC(29) Request concurrent cycle initiation (occupancy higher than threshold) occupancy: 247463936B allocation request: 0B threshold: 224601248B (83.67) source: end of GC
[0.757s][debug][gc,alloc,stats    ] Old generation allocation in the last mutator period, old gen allocated: 0B, humongous allocated: 11534336B,old gen growth: 11534336B.
[0.757s][debug][gc,ihop           ] GC(29) Basic information (value update), threshold: 225002536B (83.82), target occupancy: 268435456B, current occupancy: 238048112B, recent allocation size: 11534336B, recent allocation duration: 31.40ms, recent old gen allocation rate: 367359068.76B/s, recent marking phase length: 64.01ms
[0.757s][debug][gc,ihop           ] GC(29) Adaptive IHOP information (value update), threshold: 225002536B (98.61), internal target occupancy: 228170137B, occupancy: 238048112B, additional buffer size: 0B, predicted old gen allocation rate: 57976785.59B/s, predicted marking phase length: 54.64ms, prediction active: true
[0.757s][debug][gc,ergo,refine    ] GC(29) Concurrent refinement times: Logged Cards Scan time goal: 5.00ms Logged Cards Scan time: 0.00ms HCC time: 0.00ms
[0.757s][debug][gc,ergo,refine    ] GC(29) Updated Refinement Zones: green: 3328, yellow: 9984, red: 16640
[0.757s][info ][gc,phases         ] GC(29)   Pre Evacuate Collection Set: 0.6ms
[0.757s][debug][gc,phases         ] GC(29)     Prepare TLABs: 0.0ms
[0.757s][debug][gc,phases         ] GC(29)     Concatenate Dirty Card Logs: 0.0ms
[0.757s][debug][gc,phases         ] GC(29)     Choose Collection Set: 0.0ms
[0.757s][debug][gc,phases         ] GC(29)     Region Register: 0.5ms
[0.757s][debug][gc,phases         ] GC(29)     Prepare Heap Roots: 0.0ms
[0.757s][info ][gc,phases         ] GC(29)   Merge Heap Roots: 0.2ms
[0.757s][debug][gc,phases         ] GC(29)     Prepare Merge Heap Roots: 0.0ms
[0.757s][debug][gc,phases         ] GC(29)     Eager Reclaim (ms):            Min:  0.0, Avg:  0.0, Max:  0.0, Diff:  0.0, Sum:  0.0, Workers: 1
[0.757s][debug][gc,phases         ] GC(29)     Remembered Sets (ms):          Min:  0.0, Avg:  0.0, Max:  0.0, Diff:  0.0, Sum:  0.0, Workers: 12
[0.757s][debug][gc,phases         ] GC(29)       Merged Sparse:                 Min: 0, Avg:  0.0, Max: 0, Diff: 0, Sum: 0, Workers: 12
[0.757s][debug][gc,phases         ] GC(29)       Merged Fine:                   Min: 0, Avg:  0.0, Max: 0, Diff: 0, Sum: 0, Workers: 12
[0.757s][debug][gc,phases         ] GC(29)       Merged Coarse:                 Min: 0, Avg:  0.0, Max: 0, Diff: 0, Sum: 0, Workers: 12
[0.757s][debug][gc,phases         ] GC(29)       Dirty Cards:                   Min: 0, Avg:  0.0, Max: 0, Diff: 0, Sum: 0, Workers: 12
[0.757s][debug][gc,phases         ] GC(29)     Hot Card Cache (ms):           Min:  0.0, Avg:  0.0, Max:  0.0, Diff:  0.0, Sum:  0.0, Workers: 12
[0.757s][debug][gc,phases         ] GC(29)       Dirty Cards:                   Min: 0, Avg:  0.0, Max: 0, Diff: 0, Sum: 0, Workers: 12
[0.757s][debug][gc,phases         ] GC(29)       Skipped Cards:                 Min: 0, Avg:  0.0, Max: 0, Diff: 0, Sum: 0, Workers: 12
[0.757s][debug][gc,phases         ] GC(29)     Log Buffers (ms):              Min:  0.0, Avg:  0.0, Max:  0.0, Diff:  0.0, Sum:  0.0, Workers: 12
[0.757s][debug][gc,phases         ] GC(29)       Dirty Cards:                   Min: 0, Avg:  1.5, Max: 18, Diff: 18, Sum: 18, Workers: 12
[0.757s][debug][gc,phases         ] GC(29)       Skipped Cards:                 Min: 0, Avg:  0.0, Max: 0, Diff: 0, Sum: 0, Workers: 12
[0.758s][info ][gc,phases         ] GC(29)   Evacuate Collection Set: 1.3ms
[0.758s][debug][gc,phases         ] GC(29)     Ext Root Scanning (ms):        Min:  0.0, Avg:  0.0, Max:  0.1, Diff:  0.0, Sum:  0.1, Workers: 12
[0.758s][debug][gc,phases         ] GC(29)     Scan Heap Roots (ms):          Min:  0.0, Avg:  0.0, Max:  0.0, Diff:  0.0, Sum:  0.0, Workers: 12
[0.758s][debug][gc,phases         ] GC(29)       Scanned Cards:                 Min: 0, Avg:  1.5, Max: 17, Diff: 17, Sum: 18, Workers: 12
[0.758s][debug][gc,phases         ] GC(29)       Scanned Blocks:                Min: 0, Avg:  0.2, Max: 1, Diff: 1, Sum: 2, Workers: 12
[0.758s][debug][gc,phases         ] GC(29)       Claimed Chunks:                Min: 0, Avg:  0.2, Max: 1, Diff: 1, Sum: 2, Workers: 12
[0.758s][debug][gc,phases         ] GC(29)     Code Root Scan (ms):           Min:  0.0, Avg:  0.0, Max:  0.0, Diff:  0.0, Sum:  0.0, Workers: 12
[0.758s][debug][gc,phases         ] GC(29)     Object Copy (ms):              Min:  0.7, Avg:  0.8, Max:  0.9, Diff:  0.2, Sum:  9.4, Workers: 12
[0.758s][debug][gc,phases         ] GC(29)     Termination (ms):              Min:  0.1, Avg:  0.2, Max:  0.3, Diff:  0.2, Sum:  2.9, Workers: 12
[0.758s][debug][gc,phases         ] GC(29)       Termination Attempts:          Min: 1, Avg:  1.2, Max: 2, Diff: 1, Sum: 15, Workers: 12
[0.758s][debug][gc,phases         ] GC(29)     GC Worker Other (ms):          Min:  0.0, Avg:  0.0, Max:  0.0, Diff:  0.0, Sum:  0.1, Workers: 12
[0.758s][debug][gc,phases         ] GC(29)     GC Worker Total (ms):          Min:  0.9, Avg:  1.0, Max:  1.2, Diff:  0.3, Sum: 12.5, Workers: 12
[0.758s][info ][gc,phases         ] GC(29)   Post Evacuate Collection Set: 0.6ms
[0.758s][debug][gc,phases         ] GC(29)     Code Roots Fixup: 0.0ms
[0.758s][debug][gc,phases         ] GC(29)     Reference Processing: 0.0ms
[0.758s][debug][gc,phases,ref     ] GC(29)       Reconsider SoftReferences: 0.0ms
[0.758s][debug][gc,phases,ref     ] GC(29)         SoftRef (ms):                  skipped
[0.758s][debug][gc,phases,ref     ] GC(29)       Notify Soft/WeakReferences: 0.0ms
[0.758s][debug][gc,phases,ref     ] GC(29)         SoftRef (ms):                  skipped
[0.758s][debug][gc,phases,ref     ] GC(29)         WeakRef (ms):                  skipped
[0.758s][debug][gc,phases,ref     ] GC(29)         FinalRef (ms):                 skipped
[0.758s][debug][gc,phases,ref     ] GC(29)         Total (ms):                    skipped
[0.758s][debug][gc,phases,ref     ] GC(29)       Notify and keep alive finalizable: 0.0ms
[0.758s][debug][gc,phases,ref     ] GC(29)         FinalRef (ms):                 skipped
[0.758s][debug][gc,phases,ref     ] GC(29)       Notify PhantomReferences: 0.0ms
[0.758s][debug][gc,phases,ref     ] GC(29)         PhantomRef (ms):               skipped
[0.758s][debug][gc,phases,ref     ] GC(29)       SoftReference:
[0.758s][debug][gc,phases,ref     ] GC(29)         Discovered: 0
[0.758s][debug][gc,phases,ref     ] GC(29)         Cleared: 0
[0.758s][debug][gc,phases,ref     ] GC(29)       WeakReference:
[0.758s][debug][gc,phases,ref     ] GC(29)         Discovered: 0
[0.758s][debug][gc,phases,ref     ] GC(29)         Cleared: 0
[0.758s][debug][gc,phases,ref     ] GC(29)       FinalReference:
[0.758s][debug][gc,phases,ref     ] GC(29)         Discovered: 0
[0.758s][debug][gc,phases,ref     ] GC(29)         Cleared: 0
[0.758s][debug][gc,phases,ref     ] GC(29)       PhantomReference:
[0.758s][debug][gc,phases,ref     ] GC(29)         Discovered: 0
[0.758s][debug][gc,phases,ref     ] GC(29)         Cleared: 0
[0.758s][debug][gc,phases         ] GC(29)     Weak Processing: 0.1ms
[0.758s][debug][gc,phases         ] GC(29)       VM Weak                        Min:  0.0, Avg:  0.0, Max:  0.0, Diff:  0.0, Sum:  0.0, Workers: 1
[0.758s][debug][gc,phases         ] GC(29)         Dead                           Min: 0, Avg:  0.0, Max: 0, Diff: 0, Sum: 0, Workers: 1
[0.758s][debug][gc,phases         ] GC(29)         Total                          Min: 4, Avg:  4.0, Max: 4, Diff: 0, Sum: 4, Workers: 1
[0.758s][debug][gc,phases         ] GC(29)       ObjectSynchronizer Weak        Min:  0.0, Avg:  0.0, Max:  0.0, Diff:  0.0, Sum:  0.0, Workers: 1
[0.758s][debug][gc,phases         ] GC(29)         Dead                           Min: 0, Avg:  0.0, Max: 0, Diff: 0, Sum: 0, Workers: 1
[0.758s][debug][gc,phases         ] GC(29)         Total                          Min: 4, Avg:  4.0, Max: 4, Diff: 0, Sum: 4, Workers: 1
[0.758s][debug][gc,phases         ] GC(29)       JVMTI Tag Weak OopStorage      Min:  0.0, Avg:  0.0, Max:  0.0, Diff:  0.0, Sum:  0.0, Workers: 1
[0.758s][debug][gc,phases         ] GC(29)         Dead                           Min: 0, Avg:  0.0, Max: 0, Diff: 0, Sum: 0, Workers: 1
[0.758s][debug][gc,phases         ] GC(29)         Total                          Min: 0, Avg:  0.0, Max: 0, Diff: 0, Sum: 0, Workers: 1
[0.758s][debug][gc,phases         ] GC(29)       StringTable Weak               Min:  0.0, Avg:  0.0, Max:  0.0, Diff:  0.0, Sum:  0.0, Workers: 1
[0.758s][debug][gc,phases         ] GC(29)         Dead                           Min: 0, Avg:  0.0, Max: 0, Diff: 0, Sum: 0, Workers: 1
[0.758s][debug][gc,phases         ] GC(29)         Total                          Min: 39, Avg: 39.0, Max: 39, Diff: 0, Sum: 39, Workers: 1
[0.758s][debug][gc,phases         ] GC(29)       ResolvedMethodTable Weak       Min:  0.0, Avg:  0.0, Max:  0.0, Diff:  0.0, Sum:  0.0, Workers: 1
[0.758s][debug][gc,phases         ] GC(29)         Dead                           Min: 0, Avg:  0.0, Max: 0, Diff: 0, Sum: 0, Workers: 1
[0.758s][debug][gc,phases         ] GC(29)         Total                          Min: 22, Avg: 22.0, Max: 22, Diff: 0, Sum: 22, Workers: 1
[0.758s][debug][gc,phases         ] GC(29)       JNI Weak                       Min:  0.0, Avg:  0.0, Max:  0.0, Diff:  0.0, Sum:  0.0, Workers: 1
[0.758s][debug][gc,phases         ] GC(29)         Dead                           Min: 0, Avg:  0.0, Max: 0, Diff: 0, Sum: 0, Workers: 1
[0.758s][debug][gc,phases         ] GC(29)         Total                          Min: 0, Avg:  0.0, Max: 0, Diff: 0, Sum: 0, Workers: 1
[0.758s][debug][gc,phases         ] GC(29)       StringDedup Table Weak         Min:  0.0, Avg:  0.0, Max:  0.0, Diff:  0.0, Sum:  0.0, Workers: 1
[0.758s][debug][gc,phases         ] GC(29)         Dead                           Min: 0, Avg:  0.0, Max: 0, Diff: 0, Sum: 0, Workers: 1
[0.758s][debug][gc,phases         ] GC(29)         Total                          Min: 0, Avg:  0.0, Max: 0, Diff: 0, Sum: 0, Workers: 1
[0.758s][debug][gc,phases         ] GC(29)       StringDedup Requests0 Weak     Min:  0.0, Avg:  0.0, Max:  0.0, Diff:  0.0, Sum:  0.0, Workers: 1
[0.758s][debug][gc,phases         ] GC(29)         Dead                           Min: 0, Avg:  0.0, Max: 0, Diff: 0, Sum: 0, Workers: 1
[0.758s][debug][gc,phases         ] GC(29)         Total                          Min: 0, Avg:  0.0, Max: 0, Diff: 0, Sum: 0, Workers: 1
[0.758s][debug][gc,phases         ] GC(29)       StringDedup Requests1 Weak     Min:  0.0, Avg:  0.0, Max:  0.0, Diff:  0.0, Sum:  0.0, Workers: 1
[0.758s][debug][gc,phases         ] GC(29)         Dead                           Min: 0, Avg:  0.0, Max: 0, Diff: 0, Sum: 0, Workers: 1
[0.758s][debug][gc,phases         ] GC(29)         Total                          Min: 0, Avg:  0.0, Max: 0, Diff: 0, Sum: 0, Workers: 1
[0.758s][debug][gc,phases         ] GC(29)       Weak JFR Old Object Samples    Min:  0.0, Avg:  0.0, Max:  0.0, Diff:  0.0, Sum:  0.0, Workers: 1
[0.758s][debug][gc,phases         ] GC(29)         Dead                           Min: 0, Avg:  0.0, Max: 0, Diff: 0, Sum: 0, Workers: 1
[0.758s][debug][gc,phases         ] GC(29)         Total                          Min: 0, Avg:  0.0, Max: 0, Diff: 0, Sum: 0, Workers: 1
[0.758s][debug][gc,phases         ] GC(29)     Post Evacuate Cleanup 1: 0.1ms
[0.758s][debug][gc,phases         ] GC(29)       Merge Per-Thread State (ms):   Min:  0.0, Avg:  0.0, Max:  0.0, Diff:  0.0, Sum:  0.0, Workers: 1
[0.758s][debug][gc,phases         ] GC(29)         Copied Bytes                   Min: 655520, Avg: 966892.0, Max: 1179936, Diff: 524416, Sum: 11602704, Workers: 12
[0.758s][debug][gc,phases         ] GC(29)         LAB Waste                      Min: 0, Avg:  0.0, Max: 0, Diff: 0, Sum: 0, Workers: 12
[0.758s][debug][gc,phases         ] GC(29)         LAB Undo Waste                 Min: 0, Avg:  0.0, Max: 0, Diff: 0, Sum: 0, Workers: 12
[0.758s][debug][gc,phases         ] GC(29)       Clear Logged Cards (ms):       Min:  0.0, Avg:  0.0, Max:  0.0, Diff:  0.0, Sum:  0.0, Workers: 3
[0.758s][debug][gc,phases         ] GC(29)       Recalculate Used Memory (ms):  Min:  0.0, Avg:  0.0, Max:  0.0, Diff:  0.0, Sum:  0.0, Workers: 1
[0.758s][debug][gc,phases         ] GC(29)     Post Evacuate Cleanup 2: 0.2ms
[0.758s][debug][gc,phases         ] GC(29)       Reset Hot Card Cache (ms):     Min:  0.0, Avg:  0.0, Max:  0.0, Diff:  0.0, Sum:  0.0, Workers: 1
[0.758s][debug][gc,phases         ] GC(29)       Purge Code Roots (ms):         Min:  0.0, Avg:  0.0, Max:  0.0, Diff:  0.0, Sum:  0.0, Workers: 1
[0.758s][debug][gc,phases         ] GC(29)       Update Derived Pointers (ms):  Min:  0.0, Avg:  0.0, Max:  0.0, Diff:  0.0, Sum:  0.0, Workers: 1
[0.758s][debug][gc,phases         ] GC(29)       Eagerly Reclaim Humongous Objects (ms): Min:  0.0, Avg:  0.0, Max:  0.0, Diff:  0.0, Sum:  0.0, Workers: 1
[0.758s][debug][gc,phases         ] GC(29)         Humongous Total                Min: 30, Avg: 30.0, Max: 30, Diff: 0, Sum: 30, Workers: 1
[0.758s][debug][gc,phases         ] GC(29)         Humongous Candidates           Min: 30, Avg: 30.0, Max: 30, Diff: 0, Sum: 30, Workers: 1
[0.758s][debug][gc,phases         ] GC(29)         Humongous Reclaimed            Min: 0, Avg:  0.0, Max: 0, Diff: 0, Sum: 0, Workers: 1
[0.758s][debug][gc,phases         ] GC(29)       Redirty Logged Cards (ms):     Min:  0.0, Avg:  0.0, Max:  0.0, Diff:  0.0, Sum:  0.0, Workers: 12
[0.758s][debug][gc,phases         ] GC(29)         Redirtied Cards:               Min: 0, Avg:  1.9, Max: 23, Diff: 23, Sum: 23, Workers: 12
[0.758s][debug][gc,phases         ] GC(29)       Free Collection Set (ms):      Min:  0.0, Avg:  0.0, Max:  0.0, Diff:  0.0, Sum:  0.0, Workers: 12
[0.758s][debug][gc,phases         ] GC(29)     Rebuild Free List: 0.2ms
[0.758s][debug][gc,phases         ] GC(29)     Start New Collection Set: 0.0ms
[0.758s][debug][gc,phases         ] GC(29)     Resize TLABs: 0.0ms
[0.758s][debug][gc,phases         ] GC(29)     Expand Heap After Collection: 0.0ms
[0.758s][info ][gc,phases         ] GC(29)   Other: 0.3ms
[0.758s][info ][gc,heap           ] GC(29) Eden regions: 10->0(10)
[0.758s][info ][gc,heap           ] GC(29) Survivor regions: 2->2(2)
[0.758s][info ][gc,heap           ] GC(29) Old regions: 138->147
[0.758s][info ][gc,heap           ] GC(29) Archive regions: 2->2
[0.758s][info ][gc,heap           ] GC(29) Humongous regions: 87->87
[0.758s][info ][gc,metaspace      ] GC(29) Metaspace: 136K(320K)->136K(320K) NonClass: 130K(192K)->130K(192K) Class: 5K(128K)->5K(128K)
[0.758s][debug][gc,heap           ] GC(29) Heap after GC invocations=29 (full 2):
[0.758s][debug][gc,heap           ] GC(29)  garbage-first heap   total 262144K, used 232468K [0x00000000f0000000, 0x0000000100000000)
[0.758s][debug][gc,heap           ] GC(29)   region size 1024K, 2 young (2048K), 2 survivors (2048K)
[0.758s][debug][gc,heap           ] GC(29)  Metaspace       used 136K, committed 320K, reserved 1114112K
[0.758s][debug][gc,heap           ] GC(29)   class space    used 5K, committed 128K, reserved 1048576K
[0.758s][info ][gc                ] GC(29) Pause Young (Mixed) (G1 Evacuation Pause) 227M->227M(256M) 3.531ms
[0.758s][info ][gc,cpu            ] GC(29) User=0.01s Sys=0.00s Real=0.00s
[0.780s][debug][gc,ergo,cset      ] Preventive GC, insufficient free regions. Predicted need 11. Curr Eden 7 (Pred 9). Curr Survivor 2 (Pred 3). Curr Old 147 (Pred 0) Free 11 Alloc 1
[0.780s][debug][gc,heap           ] GC(30) Heap before GC invocations=29 (full 2):
[0.780s][debug][gc,heap           ] GC(30)  garbage-first heap   total 262144K, used 237588K [0x00000000f0000000, 0x0000000100000000)
[0.780s][debug][gc,heap           ] GC(30)   region size 1024K, 9 young (9216K), 2 survivors (2048K)
[0.780s][debug][gc,heap           ] GC(30)  Metaspace       used 136K, committed 320K, reserved 1114112K
[0.780s][debug][gc,heap           ] GC(30)   class space    used 5K, committed 128K, reserved 1048576K
[0.780s][debug][gc,ergo           ] GC(30) Initiate concurrent cycle (concurrent cycle initiation requested)
[0.780s][info ][gc,start          ] GC(30) Pause Young (Concurrent Start) (G1 Preventive Collection)
[0.780s][info ][gc,task           ] GC(30) Using 12 workers of 13 for evacuation
[0.780s][debug][gc,tlab           ] GC(30) TLAB totals: thrds: 5  refills: 5 max: 1 slow allocs: 98 max 20 waste: 37.2% gc: 194160B max: 39112B slow: 0B max: 0B
[0.780s][debug][gc,age            ] GC(30) Desired survivor size 1048576 bytes, new threshold 1 (max threshold 15)
[0.780s][debug][gc,refine,stats   ] GC(30) Mutator refinement: 0.00ms, refined: 0, precleaned: 0, dirtied: 6
[0.780s][debug][gc,refine,stats   ] GC(30) Concurrent refinement: 0.00ms, refined: 0, precleaned: 0, dirtied: 0
[0.780s][debug][gc,refine,stats   ] GC(30) Total refinement: 0.00ms, refined: 0, precleaned: 0, dirtied: 6
[0.780s][debug][gc,refine,stats   ] GC(30) Generate dirty cards rate: 0.26 cards/ms
[0.780s][debug][gc,alloc,region   ] GC(30) Mutator Allocation stats, regions: 7, wasted size: 321K ( 4.5%)
[0.780s][debug][gc,humongous      ] GC(30) Humongous region 0 (object size 1048592 @ 0x00000000f0000000) remset 0 code roots 0 marked 0 reclaim candidate 1 type array 1
[0.780s][debug][gc,humongous      ] GC(30) Humongous region 2 (object size 1048592 @ 0x00000000f0200000) remset 0 code roots 0 marked 0 reclaim candidate 1 type array 1
[0.780s][debug][gc,humongous      ] GC(30) Humongous region 4 (object size 1048592 @ 0x00000000f0400000) remset 0 code roots 0 marked 0 reclaim candidate 1 type array 1
[0.780s][debug][gc,humongous      ] GC(30) Humongous region 6 (object size 1048592 @ 0x00000000f0600000) remset 0 code roots 0 marked 0 reclaim candidate 1 type array 1
[0.780s][debug][gc,humongous      ] GC(30) Humongous region 8 (object size 1048592 @ 0x00000000f0800000) remset 0 code roots 0 marked 0 reclaim candidate 1 type array 1
[0.780s][debug][gc,humongous      ] GC(30) Humongous region 10 (object size 1048592 @ 0x00000000f0a00000) remset 0 code roots 0 marked 0 reclaim candidate 1 type array 1
[0.780s][debug][gc,humongous      ] GC(30) Humongous region 12 (object size 1048592 @ 0x00000000f0c00000) remset 0 code roots 0 marked 0 reclaim candidate 1 type array 1
[0.780s][debug][gc,humongous      ] GC(30) Humongous region 14 (object size 1048592 @ 0x00000000f0e00000) remset 0 code roots 0 marked 0 reclaim candidate 1 type array 1
[0.780s][debug][gc,humongous      ] GC(30) Humongous region 16 (object size 1048592 @ 0x00000000f1000000) remset 0 code roots 0 marked 0 reclaim candidate 1 type array 1
[0.780s][debug][gc,humongous      ] GC(30) Humongous region 18 (object size 1048592 @ 0x00000000f1200000) remset 0 code roots 0 marked 0 reclaim candidate 1 type array 1
[0.780s][debug][gc,humongous      ] GC(30) Humongous region 22 (object size 1048592 @ 0x00000000f1600000) remset 0 code roots 0 marked 0 reclaim candidate 1 type array 1
[0.781s][debug][gc,humongous      ] GC(30) Humongous region 64 (object size 1048592 @ 0x00000000f4000000) remset 0 code roots 0 marked 0 reclaim candidate 1 type array 1
[0.781s][debug][gc,humongous      ] GC(30) Humongous region 24 (object size 1048592 @ 0x00000000f1800000) remset 0 code roots 0 marked 0 reclaim candidate 1 type array 1
[0.781s][debug][gc,humongous      ] GC(30) Humongous region 85 (object size 10485776 @ 0x00000000f5500000) remset 0 code roots 0 marked 0 reclaim candidate 1 type array 1
[0.781s][debug][gc,humongous      ] GC(30) Humongous region 203 (object size 1048592 @ 0x00000000fcb00000) remset 0 code roots 0 marked 0 reclaim candidate 1 type array 1
[0.781s][debug][gc,humongous      ] GC(30) Humongous region 28 (object size 1048592 @ 0x00000000f1c00000) remset 0 code roots 0 marked 0 reclaim candidate 1 type array 1
[0.781s][debug][gc,humongous      ] GC(30) Humongous region 30 (object size 1048592 @ 0x00000000f1e00000) remset 0 code roots 0 marked 0 reclaim candidate 1 type array 1
[0.781s][debug][gc,humongous      ] GC(30) Humongous region 26 (object size 1048592 @ 0x00000000f1a00000) remset 0 code roots 0 marked 0 reclaim candidate 1 type array 1
[0.781s][debug][gc,humongous      ] GC(30) Humongous region 38 (object size 1048592 @ 0x00000000f2600000) remset 0 code roots 0 marked 0 reclaim candidate 1 type array 1
[0.781s][debug][gc,humongous      ] GC(30) Humongous region 60 (object size 1048592 @ 0x00000000f3c00000) remset 0 code roots 0 marked 0 reclaim candidate 1 type array 1
[0.780s][debug][gc,humongous      ] GC(30) Humongous region 42 (object size 1048592 @ 0x00000000f2a00000) remset 0 code roots 0 marked 0 reclaim candidate 1 type array 1
[0.781s][debug][gc,humongous      ] GC(30) Humongous region 216 (object size 10485776 @ 0x00000000fd800000) remset 0 code roots 0 marked 0 reclaim candidate 1 type array 1
[0.781s][debug][gc,humongous      ] GC(30) Humongous region 205 (object size 1048592 @ 0x00000000fcd00000) remset 0 code roots 0 marked 0 reclaim candidate 1 type array 1
[0.781s][debug][gc,humongous      ] GC(30) Humongous region 126 (object size 1048592 @ 0x00000000f7e00000) remset 0 code roots 0 marked 0 reclaim candidate 1 type array 1
[0.781s][debug][gc,humongous      ] GC(30) Humongous region 32 (object size 1048592 @ 0x00000000f2000000) remset 0 code roots 0 marked 0 reclaim candidate 1 type array 1
[0.781s][debug][gc,humongous      ] GC(30) Humongous region 34 (object size 1048592 @ 0x00000000f2200000) remset 0 code roots 0 marked 0 reclaim candidate 1 type array 1
[0.780s][debug][gc,humongous      ] GC(30) Humongous region 20 (object size 1048592 @ 0x00000000f1400000) remset 0 code roots 0 marked 0 reclaim candidate 1 type array 1
[0.781s][debug][gc,humongous      ] GC(30) Humongous region 159 (object size 10485776 @ 0x00000000f9f00000) remset 0 code roots 0 marked 0 reclaim candidate 1 type array 1
[0.781s][debug][gc,humongous      ] GC(30) Humongous region 83 (object size 1048592 @ 0x00000000f5300000) remset 0 code roots 0 marked 0 reclaim candidate 1 type array 1
[0.781s][debug][gc,humongous      ] GC(30) Humongous region 36 (object size 1048592 @ 0x00000000f2400000) remset 0 code roots 0 marked 0 reclaim candidate 1 type array 1
[0.781s][debug][gc,ergo           ] GC(30) Running G1 Merge Heap Roots using 12 workers for 9 regions
[0.781s][debug][gc,remset         ] GC(30) Visited cards 64 Total dirty 4096 (1.56%) Total old 520192 (0.01%)
[0.782s][debug][gc,ref            ] GC(30) Skipped phase 1 of Reference Processing: no references
[0.782s][debug][gc,ref            ] GC(30) Skipped phase 2 of Reference Processing: no references
[0.782s][debug][gc,ref            ] GC(30) Skipped phase 3 of Reference Processing: no references
[0.782s][debug][gc,ref            ] GC(30) Skipped phase 4 of Reference Processing: no references
[0.782s][debug][gc,ergo           ] GC(30) Running G1 Rebuild Free List Task using 12 workers for rebuilding free list of regions
[0.783s][debug][gc,plab           ] GC(30) Young PLAB allocation: allocated: 0B, wasted: 0B, unused: 0B, used: 0B, undo waste: 0B, 
[0.783s][debug][gc,plab           ] GC(30) Young other allocation: region end waste: 130592B, regions filled: 2, direct allocated: 1966560B, failure used: 0B, failure wasted: 0B
[0.783s][debug][gc,plab           ] GC(30) Young sizing: calculated: 0B, actual: 2064B
[0.783s][debug][gc,plab           ] GC(30) Old PLAB allocation: allocated: 0B, wasted: 0B, unused: 0B, used: 0B, undo waste: 0B, 
[0.783s][debug][gc,plab           ] GC(30) Old other allocation: region end waste: 456752B, regions filled: 8, direct allocated: 6686304B, failure used: 0B, failure wasted: 0B
[0.783s][debug][gc,plab           ] GC(30) Old sizing: calculated: 0B, actual: 2064B
[0.783s][debug][gc,ergo,heap      ] GC(30) Heap expansion: short term pause time ratio 7.89% long term pause time ratio 13.58% threshold 7.69% pause time ratio 7.69% fully expanded true resize by 0B
[0.783s][debug][gc,mmu            ] GC(30) MMU: 5.1ms (50.0ms/51.0ms)
[0.783s][debug][gc,alloc,stats    ] Old generation allocation in the last mutator period, old gen allocated: 0B, humongous allocated: 0B,old gen growth: 0B.
[0.783s][debug][gc,ihop           ] GC(30) Basic information (value update), threshold: 212526680B (79.17), target occupancy: 268435456B, current occupancy: 245191536B, recent allocation size: 0B, recent allocation duration: 23.02ms, recent old gen allocation rate: 0.00B/s, recent marking phase length: 64.01ms
[0.783s][debug][gc,ihop           ] GC(30) Adaptive IHOP information (value update), threshold: 212526680B (93.14), internal target occupancy: 228170137B, occupancy: 245191536B, additional buffer size: 12582912B, predicted old gen allocation rate: 56017335.72B/s, predicted marking phase length: 54.64ms, prediction active: true
[0.783s][debug][gc,ergo,refine    ] GC(30) Concurrent refinement times: Logged Cards Scan time goal: 5.00ms Logged Cards Scan time: 0.00ms HCC time: 0.00ms
[0.783s][debug][gc,ergo,refine    ] GC(30) Updated Refinement Zones: green: 3328, yellow: 9984, red: 16640
[0.783s][info ][gc,phases         ] GC(30)   Pre Evacuate Collection Set: 0.5ms
[0.783s][debug][gc,phases         ] GC(30)     Prepare TLABs: 0.0ms
[0.783s][debug][gc,phases         ] GC(30)     Concatenate Dirty Card Logs: 0.0ms
[0.783s][debug][gc,phases         ] GC(30)     Choose Collection Set: 0.0ms
[0.783s][debug][gc,phases         ] GC(30)     Region Register: 0.5ms
[0.783s][debug][gc,phases         ] GC(30)     Prepare Heap Roots: 0.0ms
[0.783s][debug][gc,phases         ] GC(30)     Clear Claimed Marks: 0.0ms
[0.783s][info ][gc,phases         ] GC(30)   Merge Heap Roots: 0.2ms
[0.783s][debug][gc,phases         ] GC(30)     Prepare Merge Heap Roots: 0.0ms
[0.783s][debug][gc,phases         ] GC(30)     Eager Reclaim (ms):            Min:  0.0, Avg:  0.0, Max:  0.0, Diff:  0.0, Sum:  0.0, Workers: 1
[0.783s][debug][gc,phases         ] GC(30)     Remembered Sets (ms):          Min:  0.0, Avg:  0.0, Max:  0.0, Diff:  0.0, Sum:  0.0, Workers: 12
[0.783s][debug][gc,phases         ] GC(30)       Merged Sparse:                 Min: 0, Avg:  0.0, Max: 0, Diff: 0, Sum: 0, Workers: 12
[0.783s][debug][gc,phases         ] GC(30)       Merged Fine:                   Min: 0, Avg:  0.0, Max: 0, Diff: 0, Sum: 0, Workers: 12
[0.783s][debug][gc,phases         ] GC(30)       Merged Coarse:                 Min: 0, Avg:  0.0, Max: 0, Diff: 0, Sum: 0, Workers: 12
[0.783s][debug][gc,phases         ] GC(30)       Dirty Cards:                   Min: 0, Avg:  0.0, Max: 0, Diff: 0, Sum: 0, Workers: 12
[0.783s][debug][gc,phases         ] GC(30)     Hot Card Cache (ms):           Min:  0.0, Avg:  0.0, Max:  0.0, Diff:  0.0, Sum:  0.0, Workers: 12
[0.783s][debug][gc,phases         ] GC(30)       Dirty Cards:                   Min: 0, Avg:  0.0, Max: 0, Diff: 0, Sum: 0, Workers: 12
[0.783s][debug][gc,phases         ] GC(30)       Skipped Cards:                 Min: 0, Avg:  0.0, Max: 0, Diff: 0, Sum: 0, Workers: 12
[0.783s][debug][gc,phases         ] GC(30)     Log Buffers (ms):              Min:  0.0, Avg:  0.0, Max:  0.0, Diff:  0.0, Sum:  0.0, Workers: 12
[0.783s][debug][gc,phases         ] GC(30)       Dirty Cards:                   Min: 0, Avg:  1.5, Max: 18, Diff: 18, Sum: 18, Workers: 12
[0.783s][debug][gc,phases         ] GC(30)       Skipped Cards:                 Min: 0, Avg:  0.0, Max: 0, Diff: 0, Sum: 0, Workers: 12
[0.783s][info ][gc,phases         ] GC(30)   Evacuate Collection Set: 1.0ms
[0.783s][debug][gc,phases         ] GC(30)     Ext Root Scanning (ms):        Min:  0.0, Avg:  0.0, Max:  0.1, Diff:  0.1, Sum:  0.2, Workers: 12
[0.783s][debug][gc,phases         ] GC(30)     Scan Heap Roots (ms):          Min:  0.0, Avg:  0.0, Max:  0.0, Diff:  0.0, Sum:  0.0, Workers: 12
[0.783s][debug][gc,phases         ] GC(30)       Scanned Cards:                 Min: 0, Avg:  1.5, Max: 17, Diff: 17, Sum: 18, Workers: 12
[0.783s][debug][gc,phases         ] GC(30)       Scanned Blocks:                Min: 0, Avg:  0.2, Max: 1, Diff: 1, Sum: 2, Workers: 12
[0.783s][debug][gc,phases         ] GC(30)       Claimed Chunks:                Min: 0, Avg:  0.2, Max: 1, Diff: 1, Sum: 2, Workers: 12
[0.783s][debug][gc,phases         ] GC(30)     Code Root Scan (ms):           Min:  0.0, Avg:  0.0, Max:  0.0, Diff:  0.0, Sum:  0.0, Workers: 12
[0.783s][debug][gc,phases         ] GC(30)     Object Copy (ms):              Min:  0.4, Avg:  0.5, Max:  0.6, Diff:  0.2, Sum:  6.2, Workers: 12
[0.783s][debug][gc,phases         ] GC(30)     Termination (ms):              Min:  0.2, Avg:  0.2, Max:  0.4, Diff:  0.2, Sum:  2.8, Workers: 12
[0.783s][debug][gc,phases         ] GC(30)       Termination Attempts:          Min: 1, Avg:  1.2, Max: 2, Diff: 1, Sum: 15, Workers: 12
[0.783s][debug][gc,phases         ] GC(30)     GC Worker Other (ms):          Min:  0.0, Avg:  0.0, Max:  0.0, Diff:  0.0, Sum:  0.1, Workers: 12
[0.783s][debug][gc,phases         ] GC(30)     GC Worker Total (ms):          Min:  0.6, Avg:  0.8, Max:  0.9, Diff:  0.2, Sum:  9.3, Workers: 12
[0.783s][info ][gc,phases         ] GC(30)   Post Evacuate Collection Set: 0.5ms
[0.783s][debug][gc,phases         ] GC(30)     Code Roots Fixup: 0.0ms
[0.783s][debug][gc,phases         ] GC(30)     Reference Processing: 0.1ms
[0.783s][debug][gc,phases,ref     ] GC(30)       Reconsider SoftReferences: 0.0ms
[0.783s][debug][gc,phases,ref     ] GC(30)         SoftRef (ms):                  skipped
[0.783s][debug][gc,phases,ref     ] GC(30)       Notify Soft/WeakReferences: 0.0ms
[0.783s][debug][gc,phases,ref     ] GC(30)         SoftRef (ms):                  skipped
[0.783s][debug][gc,phases,ref     ] GC(30)         WeakRef (ms):                  skipped
[0.783s][debug][gc,phases,ref     ] GC(30)         FinalRef (ms):                 skipped
[0.783s][debug][gc,phases,ref     ] GC(30)         Total (ms):                    skipped
[0.783s][debug][gc,phases,ref     ] GC(30)       Notify and keep alive finalizable: 0.0ms
[0.783s][debug][gc,phases,ref     ] GC(30)         FinalRef (ms):                 skipped
[0.783s][debug][gc,phases,ref     ] GC(30)       Notify PhantomReferences: 0.0ms
[0.783s][debug][gc,phases,ref     ] GC(30)         PhantomRef (ms):               skipped
[0.783s][debug][gc,phases,ref     ] GC(30)       SoftReference:
[0.783s][debug][gc,phases,ref     ] GC(30)         Discovered: 0
[0.783s][debug][gc,phases,ref     ] GC(30)         Cleared: 0
[0.783s][debug][gc,phases,ref     ] GC(30)       WeakReference:
[0.783s][debug][gc,phases,ref     ] GC(30)         Discovered: 0
[0.783s][debug][gc,phases,ref     ] GC(30)         Cleared: 0
[0.783s][debug][gc,phases,ref     ] GC(30)       FinalReference:
[0.783s][debug][gc,phases,ref     ] GC(30)         Discovered: 0
[0.783s][debug][gc,phases,ref     ] GC(30)         Cleared: 0
[0.783s][debug][gc,phases,ref     ] GC(30)       PhantomReference:
[0.783s][debug][gc,phases,ref     ] GC(30)         Discovered: 0
[0.783s][debug][gc,phases,ref     ] GC(30)         Cleared: 0
[0.783s][debug][gc,phases         ] GC(30)     Weak Processing: 0.1ms
[0.783s][debug][gc,phases         ] GC(30)       VM Weak                        Min:  0.0, Avg:  0.0, Max:  0.0, Diff:  0.0, Sum:  0.0, Workers: 1
[0.783s][debug][gc,phases         ] GC(30)         Dead                           Min: 0, Avg:  0.0, Max: 0, Diff: 0, Sum: 0, Workers: 1
[0.783s][debug][gc,phases         ] GC(30)         Total                          Min: 4, Avg:  4.0, Max: 4, Diff: 0, Sum: 4, Workers: 1
[0.783s][debug][gc,phases         ] GC(30)       ObjectSynchronizer Weak        Min:  0.0, Avg:  0.0, Max:  0.0, Diff:  0.0, Sum:  0.0, Workers: 1
[0.783s][debug][gc,phases         ] GC(30)         Dead                           Min: 0, Avg:  0.0, Max: 0, Diff: 0, Sum: 0, Workers: 1
[0.783s][debug][gc,phases         ] GC(30)         Total                          Min: 4, Avg:  4.0, Max: 4, Diff: 0, Sum: 4, Workers: 1
[0.783s][debug][gc,phases         ] GC(30)       JVMTI Tag Weak OopStorage      Min:  0.0, Avg:  0.0, Max:  0.0, Diff:  0.0, Sum:  0.0, Workers: 1
[0.783s][debug][gc,phases         ] GC(30)         Dead                           Min: 0, Avg:  0.0, Max: 0, Diff: 0, Sum: 0, Workers: 1
[0.783s][debug][gc,phases         ] GC(30)         Total                          Min: 0, Avg:  0.0, Max: 0, Diff: 0, Sum: 0, Workers: 1
[0.783s][debug][gc,phases         ] GC(30)       StringTable Weak               Min:  0.0, Avg:  0.0, Max:  0.0, Diff:  0.0, Sum:  0.0, Workers: 1
[0.783s][debug][gc,phases         ] GC(30)         Dead                           Min: 0, Avg:  0.0, Max: 0, Diff: 0, Sum: 0, Workers: 1
[0.783s][debug][gc,phases         ] GC(30)         Total                          Min: 39, Avg: 39.0, Max: 39, Diff: 0, Sum: 39, Workers: 1
[0.783s][debug][gc,phases         ] GC(30)       ResolvedMethodTable Weak       Min:  0.0, Avg:  0.0, Max:  0.0, Diff:  0.0, Sum:  0.0, Workers: 1
[0.783s][debug][gc,phases         ] GC(30)         Dead                           Min: 0, Avg:  0.0, Max: 0, Diff: 0, Sum: 0, Workers: 1
[0.783s][debug][gc,phases         ] GC(30)         Total                          Min: 22, Avg: 22.0, Max: 22, Diff: 0, Sum: 22, Workers: 1
[0.783s][debug][gc,phases         ] GC(30)       JNI Weak                       Min:  0.0, Avg:  0.0, Max:  0.0, Diff:  0.0, Sum:  0.0, Workers: 1
[0.783s][debug][gc,phases         ] GC(30)         Dead                           Min: 0, Avg:  0.0, Max: 0, Diff: 0, Sum: 0, Workers: 1
[0.783s][debug][gc,phases         ] GC(30)         Total                          Min: 0, Avg:  0.0, Max: 0, Diff: 0, Sum: 0, Workers: 1
[0.783s][debug][gc,phases         ] GC(30)       StringDedup Table Weak         Min:  0.0, Avg:  0.0, Max:  0.0, Diff:  0.0, Sum:  0.0, Workers: 1
[0.783s][debug][gc,phases         ] GC(30)         Dead                           Min: 0, Avg:  0.0, Max: 0, Diff: 0, Sum: 0, Workers: 1
[0.783s][debug][gc,phases         ] GC(30)         Total                          Min: 0, Avg:  0.0, Max: 0, Diff: 0, Sum: 0, Workers: 1
[0.783s][debug][gc,phases         ] GC(30)       StringDedup Requests0 Weak     Min:  0.0, Avg:  0.0, Max:  0.0, Diff:  0.0, Sum:  0.0, Workers: 1
[0.783s][debug][gc,phases         ] GC(30)         Dead                           Min: 0, Avg:  0.0, Max: 0, Diff: 0, Sum: 0, Workers: 1
[0.783s][debug][gc,phases         ] GC(30)         Total                          Min: 0, Avg:  0.0, Max: 0, Diff: 0, Sum: 0, Workers: 1
[0.783s][debug][gc,phases         ] GC(30)       StringDedup Requests1 Weak     Min:  0.0, Avg:  0.0, Max:  0.0, Diff:  0.0, Sum:  0.0, Workers: 1
[0.783s][debug][gc,phases         ] GC(30)         Dead                           Min: 0, Avg:  0.0, Max: 0, Diff: 0, Sum: 0, Workers: 1
[0.783s][debug][gc,phases         ] GC(30)         Total                          Min: 0, Avg:  0.0, Max: 0, Diff: 0, Sum: 0, Workers: 1
[0.783s][debug][gc,phases         ] GC(30)       Weak JFR Old Object Samples    Min:  0.0, Avg:  0.0, Max:  0.0, Diff:  0.0, Sum:  0.0, Workers: 1
[0.783s][debug][gc,phases         ] GC(30)         Dead                           Min: 0, Avg:  0.0, Max: 0, Diff: 0, Sum: 0, Workers: 1
[0.783s][debug][gc,phases         ] GC(30)         Total                          Min: 0, Avg:  0.0, Max: 0, Diff: 0, Sum: 0, Workers: 1
[0.783s][debug][gc,phases         ] GC(30)     Post Evacuate Cleanup 1: 0.1ms
[0.783s][debug][gc,phases         ] GC(30)       Merge Per-Thread State (ms):   Min:  0.0, Avg:  0.0, Max:  0.0, Diff:  0.0, Sum:  0.0, Workers: 1
[0.783s][debug][gc,phases         ] GC(30)         Copied Bytes                   Min: 524416, Avg: 721072.0, Max: 1573248, Diff: 1048832, Sum: 8652864, Workers: 12
[0.783s][debug][gc,phases         ] GC(30)         LAB Waste                      Min: 0, Avg:  0.0, Max: 0, Diff: 0, Sum: 0, Workers: 12
[0.783s][debug][gc,phases         ] GC(30)         LAB Undo Waste                 Min: 0, Avg:  0.0, Max: 0, Diff: 0, Sum: 0, Workers: 12
[0.783s][debug][gc,phases         ] GC(30)       Clear Logged Cards (ms):       Min:  0.0, Avg:  0.0, Max:  0.0, Diff:  0.0, Sum:  0.0, Workers: 3
[0.783s][debug][gc,phases         ] GC(30)       Recalculate Used Memory (ms):  Min:  0.0, Avg:  0.0, Max:  0.0, Diff:  0.0, Sum:  0.0, Workers: 1
[0.783s][debug][gc,phases         ] GC(30)     Post Evacuate Cleanup 2: 0.1ms
[0.783s][debug][gc,phases         ] GC(30)       Reset Hot Card Cache (ms):     Min:  0.0, Avg:  0.0, Max:  0.0, Diff:  0.0, Sum:  0.0, Workers: 1
[0.783s][debug][gc,phases         ] GC(30)       Purge Code Roots (ms):         Min:  0.0, Avg:  0.0, Max:  0.0, Diff:  0.0, Sum:  0.0, Workers: 1
[0.783s][debug][gc,phases         ] GC(30)       Update Derived Pointers (ms):  Min:  0.0, Avg:  0.0, Max:  0.0, Diff:  0.0, Sum:  0.0, Workers: 1
[0.783s][debug][gc,phases         ] GC(30)       Eagerly Reclaim Humongous Objects (ms): Min:  0.0, Avg:  0.0, Max:  0.0, Diff:  0.0, Sum:  0.0, Workers: 1
[0.783s][debug][gc,phases         ] GC(30)         Humongous Total                Min: 30, Avg: 30.0, Max: 30, Diff: 0, Sum: 30, Workers: 1
[0.783s][debug][gc,phases         ] GC(30)         Humongous Candidates           Min: 30, Avg: 30.0, Max: 30, Diff: 0, Sum: 30, Workers: 1
[0.783s][debug][gc,phases         ] GC(30)         Humongous Reclaimed            Min: 0, Avg:  0.0, Max: 0, Diff: 0, Sum: 0, Workers: 1
[0.783s][debug][gc,phases         ] GC(30)       Redirty Logged Cards (ms):     Min:  0.0, Avg:  0.0, Max:  0.0, Diff:  0.0, Sum:  0.0, Workers: 12
[0.783s][debug][gc,phases         ] GC(30)         Redirtied Cards:               Min: 0, Avg:  1.7, Max: 20, Diff: 20, Sum: 20, Workers: 12
[0.783s][debug][gc,phases         ] GC(30)       Free Collection Set (ms):      Min:  0.0, Avg:  0.0, Max:  0.0, Diff:  0.0, Sum:  0.0, Workers: 12
[0.783s][debug][gc,phases         ] GC(30)     Rebuild Free List: 0.2ms
[0.783s][debug][gc,phases         ] GC(30)     Start New Collection Set: 0.0ms
[0.783s][debug][gc,phases         ] GC(30)     Resize TLABs: 0.0ms
[0.783s][debug][gc,phases         ] GC(30)     Expand Heap After Collection: 0.0ms
[0.783s][info ][gc,phases         ] GC(30)   Other: 0.2ms
[0.783s][info ][gc,heap           ] GC(30) Eden regions: 7->0(10)
[0.783s][info ][gc,heap           ] GC(30) Survivor regions: 2->2(2)
[0.783s][info ][gc,heap           ] GC(30) Old regions: 147->154
[0.783s][info ][gc,heap           ] GC(30) Archive regions: 2->2
[0.783s][info ][gc,heap           ] GC(30) Humongous regions: 87->87
[0.783s][info ][gc,metaspace      ] GC(30) Metaspace: 136K(320K)->136K(320K) NonClass: 130K(192K)->130K(192K) Class: 5K(128K)->5K(128K)
[0.783s][debug][gc,heap           ] GC(30) Heap after GC invocations=30 (full 2):
[0.783s][debug][gc,heap           ] GC(30)  garbage-first heap   total 262144K, used 239444K [0x00000000f0000000, 0x0000000100000000)
[0.783s][debug][gc,heap           ] GC(30)   region size 1024K, 2 young (2048K), 2 survivors (2048K)
[0.783s][debug][gc,heap           ] GC(30)  Metaspace       used 136K, committed 320K, reserved 1114112K
[0.783s][debug][gc,heap           ] GC(30)   class space    used 5K, committed 128K, reserved 1048576K
[0.783s][info ][gc                ] GC(30) Pause Young (Concurrent Start) (G1 Preventive Collection) 233M->233M(256M) 2.779ms
[0.783s][info ][gc,cpu            ] GC(30) User=0.00s Sys=0.01s Real=0.00s
[0.783s][info ][gc                ] GC(31) Concurrent Mark Cycle
[0.783s][info ][gc,marking        ] GC(31) Concurrent Clear Claimed Marks
[0.783s][info ][gc,marking        ] GC(31) Concurrent Clear Claimed Marks 0.005ms
[0.783s][info ][gc,marking        ] GC(31) Concurrent Scan Root Regions
[0.783s][debug][gc,ergo           ] GC(31) Running G1 Root Region Scan using 3 workers for 10 work units.
[0.783s][info ][gc,marking        ] GC(31) Concurrent Scan Root Regions 0.056ms
[0.783s][info ][gc,marking        ] GC(31) Concurrent Mark
[0.783s][info ][gc,marking        ] GC(31) Concurrent Mark From Roots
[0.783s][info ][gc,task           ] GC(31) Using 3 workers of 3 for marking
[0.785s][debug][gc,stats          ] ---------------------------------------------------------------------
[0.785s][debug][gc,stats          ] Marking Stats, task = 0, calls = 1
[0.785s][debug][gc,stats          ]   Elapsed time = 1.30ms, Termination time = 0.00ms
[0.785s][debug][gc,stats          ]   Step Times (cum): num = 340, avg = 0.01ms, sd = 0.09ms max = 1.18ms, total = 4.68ms
[0.785s][debug][gc,stats          ]   Mark Stats Cache: hits 13845 misses 0 ratio 100.000
[0.785s][debug][gc,stats          ] ---------------------------------------------------------------------
[0.785s][debug][gc,stats          ] Marking Stats, task = 1, calls = 3
[0.785s][debug][gc,stats          ]   Elapsed time = 1.29ms, Termination time = 0.97ms
[0.785s][debug][gc,stats          ]   Step Times (cum): num = 42, avg = 0.14ms, sd = 0.31ms max = 1.08ms, total = 5.78ms
[0.785s][debug][gc,stats          ]   Mark Stats Cache: hits 4995 misses 0 ratio 100.000
[0.785s][debug][gc,stats          ] ---------------------------------------------------------------------
[0.785s][debug][gc,stats          ] Marking Stats, task = 2, calls = 3
[0.785s][debug][gc,stats          ]   Elapsed time = 1.28ms, Termination time = 0.00ms
[0.785s][debug][gc,stats          ]   Step Times (cum): num = 31, avg = 0.12ms, sd = 0.27ms max = 1.18ms, total = 3.62ms
[0.785s][debug][gc,stats          ]   Mark Stats Cache: hits 7236 misses 0 ratio 100.000
[0.785s][debug][gc,stats          ] ---------------------------------------------------------------------
[0.785s][info ][gc,marking        ] GC(31) Concurrent Mark From Roots 1.404ms
[0.785s][info ][gc,marking        ] GC(31) Concurrent Preclean
[0.785s][debug][gc,ref,start      ] GC(31) Preclean SoftReferences
[0.785s][debug][gc,ref            ] GC(31) Preclean SoftReferences 0.047ms
[0.785s][debug][gc,ref,start      ] GC(31) Preclean WeakReferences
[0.785s][debug][gc,ref            ] GC(31) Preclean WeakReferences 0.045ms
[0.785s][debug][gc,ref,start      ] GC(31) Preclean FinalReferences
[0.785s][debug][gc,ref            ] GC(31) Preclean FinalReferences 0.045ms
[0.785s][debug][gc,ref,start      ] GC(31) Preclean PhantomReferences
[0.785s][debug][gc,ref            ] GC(31) Preclean PhantomReferences 0.045ms
[0.785s][info ][gc,marking        ] GC(31) Concurrent Preclean 0.199ms
[0.785s][info ][gc,start          ] GC(31) Pause Remark
[0.785s][debug][gc,phases,start   ] GC(31) Finalize Marking
[0.785s][debug][gc,stats          ] ---------------------------------------------------------------------
[0.785s][debug][gc,stats          ] Marking Stats, task = 0, calls = 54
[0.785s][debug][gc,stats          ]   Elapsed time = 0.35ms, Termination time = 0.03ms
[0.785s][debug][gc,stats          ]   Step Times (cum): num = 393, avg = 0.01ms, sd = 0.09ms max = 1.18ms, total = 4.72ms
[0.785s][debug][gc,stats          ]   Mark Stats Cache: hits 13845 misses 0 ratio 100.000
[0.785s][debug][gc,stats          ] ---------------------------------------------------------------------
[0.785s][debug][gc,stats          ] Marking Stats, task = 1, calls = 4
[0.785s][debug][gc,stats          ]   Elapsed time = 0.36ms, Termination time = 1.04ms
[0.785s][debug][gc,stats          ]   Step Times (cum): num = 43, avg = 0.14ms, sd = 0.30ms max = 1.08ms, total = 5.85ms
[0.785s][debug][gc,stats          ]   Mark Stats Cache: hits 4995 misses 0 ratio 100.000
[0.785s][debug][gc,stats          ] ---------------------------------------------------------------------
[0.785s][debug][gc,stats          ] Marking Stats, task = 2, calls = 4
[0.785s][debug][gc,stats          ]   Elapsed time = 0.33ms, Termination time = 0.02ms
[0.785s][debug][gc,stats          ]   Step Times (cum): num = 32, avg = 0.11ms, sd = 0.27ms max = 1.18ms, total = 3.64ms
[0.785s][debug][gc,stats          ]   Mark Stats Cache: hits 7236 misses 0 ratio 100.000
[0.785s][debug][gc,stats          ] ---------------------------------------------------------------------
[0.785s][debug][gc,stats          ] Marking Stats, task = 3, calls = 1
[0.785s][debug][gc,stats          ]   Elapsed time = 0.31ms, Termination time = 0.02ms
[0.785s][debug][gc,stats          ]   Step Times (cum): num = 7, avg = 0.02ms, sd = 0.01ms max = 0.05ms, total = 0.16ms
[0.785s][debug][gc,stats          ]   Mark Stats Cache: hits 0 misses 0 ratio 0.000
[0.785s][debug][gc,stats          ] ---------------------------------------------------------------------
[0.785s][debug][gc,stats          ] Marking Stats, task = 4, calls = 1
[0.785s][debug][gc,stats          ]   Elapsed time = 0.32ms, Termination time = 0.02ms
[0.785s][debug][gc,stats          ]   Step Times (cum): num = 7, avg = 0.02ms, sd = 0.01ms max = 0.04ms, total = 0.17ms
[0.785s][debug][gc,stats          ]   Mark Stats Cache: hits 0 misses 0 ratio 0.000
[0.785s][debug][gc,stats          ] ---------------------------------------------------------------------
[0.785s][debug][gc,stats          ] Marking Stats, task = 5, calls = 1
[0.785s][debug][gc,stats          ]   Elapsed time = 0.31ms, Termination time = 0.02ms
[0.785s][debug][gc,stats          ]   Step Times (cum): num = 7, avg = 0.02ms, sd = 0.00ms max = 0.02ms, total = 0.12ms
[0.785s][debug][gc,stats          ]   Mark Stats Cache: hits 0 misses 0 ratio 0.000
[0.785s][debug][gc,stats          ] ---------------------------------------------------------------------
[0.785s][debug][gc,stats          ] Marking Stats, task = 6, calls = 1
[0.785s][debug][gc,stats          ]   Elapsed time = 0.28ms, Termination time = 0.02ms
[0.785s][debug][gc,stats          ]   Step Times (cum): num = 7, avg = 0.02ms, sd = 0.00ms max = 0.02ms, total = 0.13ms
[0.785s][debug][gc,stats          ]   Mark Stats Cache: hits 0 misses 0 ratio 0.000
[0.785s][debug][gc,stats          ] ---------------------------------------------------------------------
[0.785s][debug][gc,stats          ] Marking Stats, task = 7, calls = 1
[0.785s][debug][gc,stats          ]   Elapsed time = 0.30ms, Termination time = 0.02ms
[0.785s][debug][gc,stats          ]   Step Times (cum): num = 7, avg = 0.02ms, sd = 0.01ms max = 0.04ms, total = 0.14ms
[0.785s][debug][gc,stats          ]   Mark Stats Cache: hits 0 misses 0 ratio 0.000
[0.785s][debug][gc,stats          ] ---------------------------------------------------------------------
[0.785s][debug][gc,stats          ] Marking Stats, task = 8, calls = 1
[0.785s][debug][gc,stats          ]   Elapsed time = 0.30ms, Termination time = 0.03ms
[0.785s][debug][gc,stats          ]   Step Times (cum): num = 7, avg = 0.03ms, sd = 0.01ms max = 0.05ms, total = 0.20ms
[0.785s][debug][gc,stats          ]   Mark Stats Cache: hits 0 misses 0 ratio 0.000
[0.785s][debug][gc,stats          ] ---------------------------------------------------------------------
[0.785s][debug][gc,stats          ] Marking Stats, task = 9, calls = 1
[0.785s][debug][gc,stats          ]   Elapsed time = 0.20ms, Termination time = 0.01ms
[0.786s][debug][gc,stats          ]   Step Times (cum): num = 7, avg = 0.02ms, sd = 0.02ms max = 0.06ms, total = 0.15ms
[0.786s][debug][gc,stats          ]   Mark Stats Cache: hits 0 misses 0 ratio 0.000
[0.786s][debug][gc,stats          ] ---------------------------------------------------------------------
[0.786s][debug][gc,stats          ] Marking Stats, task = 10, calls = 1
[0.786s][debug][gc,stats          ]   Elapsed time = 0.15ms, Termination time = 0.02ms
[0.786s][debug][gc,stats          ]   Step Times (cum): num = 7, avg = 0.02ms, sd = 0.00ms max = 0.02ms, total = 0.11ms
[0.786s][debug][gc,stats          ]   Mark Stats Cache: hits 0 misses 0 ratio 0.000
[0.786s][debug][gc,stats          ] ---------------------------------------------------------------------
[0.786s][debug][gc,stats          ] Marking Stats, task = 11, calls = 1
[0.786s][debug][gc,stats          ]   Elapsed time = 0.12ms, Termination time = 0.00ms
[0.786s][debug][gc,stats          ]   Step Times (cum): num = 7, avg = 0.00ms, sd = 0.00ms max = 0.00ms, total = 0.00ms
[0.786s][debug][gc,stats          ]   Mark Stats Cache: hits 0 misses 0 ratio 0.000
[0.786s][debug][gc,stats          ] ---------------------------------------------------------------------
[0.786s][debug][gc,phases         ] GC(31) Finalize Marking 0.643ms
[0.786s][debug][gc,phases,start   ] GC(31) Reference Processing
[0.786s][debug][gc,ref            ] GC(31) Skipped phase 1 of Reference Processing: no references
[0.786s][debug][gc,ref            ] GC(31) Skipped phase 2 of Reference Processing: no references
[0.786s][debug][gc,ref            ] GC(31) Skipped phase 3 of Reference Processing: no references
[0.786s][debug][gc,ref            ] GC(31) Skipped phase 4 of Reference Processing: no references
[0.786s][debug][gc,phases,ref     ] GC(31) Reference Processing: 0.0ms
[0.786s][debug][gc,phases,ref     ] GC(31)   Reconsider SoftReferences: 0.0ms
[0.786s][debug][gc,phases,ref     ] GC(31)     SoftRef (ms):                  skipped
[0.786s][debug][gc,phases,ref     ] GC(31)   Notify Soft/WeakReferences: 0.0ms
[0.786s][debug][gc,phases,ref     ] GC(31)     SoftRef (ms):                  skipped
[0.786s][debug][gc,phases,ref     ] GC(31)     WeakRef (ms):                  skipped
[0.786s][debug][gc,phases,ref     ] GC(31)     FinalRef (ms):                 skipped
[0.786s][debug][gc,phases,ref     ] GC(31)     Total (ms):                    skipped
[0.786s][debug][gc,phases,ref     ] GC(31)   Notify and keep alive finalizable: 0.0ms
[0.786s][debug][gc,phases,ref     ] GC(31)     FinalRef (ms):                 skipped
[0.786s][debug][gc,phases,ref     ] GC(31)   Notify PhantomReferences: 0.0ms
[0.786s][debug][gc,phases,ref     ] GC(31)     PhantomRef (ms):               skipped
[0.786s][debug][gc,phases,ref     ] GC(31)   SoftReference:
[0.786s][debug][gc,phases,ref     ] GC(31)     Discovered: 0
[0.786s][debug][gc,phases,ref     ] GC(31)     Cleared: 0
[0.786s][debug][gc,phases,ref     ] GC(31)   WeakReference:
[0.786s][debug][gc,phases,ref     ] GC(31)     Discovered: 0
[0.786s][debug][gc,phases,ref     ] GC(31)     Cleared: 0
[0.786s][debug][gc,phases,ref     ] GC(31)   FinalReference:
[0.786s][debug][gc,phases,ref     ] GC(31)     Discovered: 0
[0.786s][debug][gc,phases,ref     ] GC(31)     Cleared: 0
[0.786s][debug][gc,phases,ref     ] GC(31)   PhantomReference:
[0.786s][debug][gc,phases,ref     ] GC(31)     Discovered: 0
[0.786s][debug][gc,phases,ref     ] GC(31)     Cleared: 0
[0.786s][debug][gc,phases         ] GC(31) Reference Processing 0.098ms
[0.786s][debug][gc,phases,start   ] GC(31) Weak Processing
[0.786s][debug][gc,phases         ] GC(31)   VM Weak                        Min:  0.0, Avg:  0.0, Max:  0.0, Diff:  0.0, Sum:  0.0, Workers: 1
[0.786s][debug][gc,phases         ] GC(31)     Dead                           Min: 0, Avg:  0.0, Max: 0, Diff: 0, Sum: 0, Workers: 1
[0.786s][debug][gc,phases         ] GC(31)     Total                          Min: 4, Avg:  4.0, Max: 4, Diff: 0, Sum: 4, Workers: 1
[0.786s][debug][gc,phases         ] GC(31)   ObjectSynchronizer Weak        Min:  0.0, Avg:  0.0, Max:  0.0, Diff:  0.0, Sum:  0.0, Workers: 1
[0.786s][debug][gc,phases         ] GC(31)     Dead                           Min: 0, Avg:  0.0, Max: 0, Diff: 0, Sum: 0, Workers: 1
[0.786s][debug][gc,phases         ] GC(31)     Total                          Min: 4, Avg:  4.0, Max: 4, Diff: 0, Sum: 4, Workers: 1
[0.786s][debug][gc,phases         ] GC(31)   JVMTI Tag Weak OopStorage      Min:  0.0, Avg:  0.0, Max:  0.0, Diff:  0.0, Sum:  0.0, Workers: 1
[0.786s][debug][gc,phases         ] GC(31)     Dead                           Min: 0, Avg:  0.0, Max: 0, Diff: 0, Sum: 0, Workers: 1
[0.786s][debug][gc,phases         ] GC(31)     Total                          Min: 0, Avg:  0.0, Max: 0, Diff: 0, Sum: 0, Workers: 1
[0.786s][debug][gc,phases         ] GC(31)   StringTable Weak               Min:  0.0, Avg:  0.0, Max:  0.0, Diff:  0.0, Sum:  0.0, Workers: 1
[0.786s][debug][gc,phases         ] GC(31)     Dead                           Min: 0, Avg:  0.0, Max: 0, Diff: 0, Sum: 0, Workers: 1
[0.786s][debug][gc,phases         ] GC(31)     Total                          Min: 39, Avg: 39.0, Max: 39, Diff: 0, Sum: 39, Workers: 1
[0.786s][debug][gc,phases         ] GC(31)   ResolvedMethodTable Weak       Min:  0.0, Avg:  0.0, Max:  0.0, Diff:  0.0, Sum:  0.0, Workers: 1
[0.786s][debug][gc,phases         ] GC(31)     Dead                           Min: 0, Avg:  0.0, Max: 0, Diff: 0, Sum: 0, Workers: 1
[0.786s][debug][gc,phases         ] GC(31)     Total                          Min: 22, Avg: 22.0, Max: 22, Diff: 0, Sum: 22, Workers: 1
[0.786s][debug][gc,phases         ] GC(31)   JNI Weak                       Min:  0.0, Avg:  0.0, Max:  0.0, Diff:  0.0, Sum:  0.0, Workers: 1
[0.786s][debug][gc,phases         ] GC(31)     Dead                           Min: 0, Avg:  0.0, Max: 0, Diff: 0, Sum: 0, Workers: 1
[0.786s][debug][gc,phases         ] GC(31)     Total                          Min: 0, Avg:  0.0, Max: 0, Diff: 0, Sum: 0, Workers: 1
[0.786s][debug][gc,phases         ] GC(31)   StringDedup Table Weak         Min:  0.0, Avg:  0.0, Max:  0.0, Diff:  0.0, Sum:  0.0, Workers: 1
[0.786s][debug][gc,phases         ] GC(31)     Dead                           Min: 0, Avg:  0.0, Max: 0, Diff: 0, Sum: 0, Workers: 1
[0.786s][debug][gc,phases         ] GC(31)     Total                          Min: 0, Avg:  0.0, Max: 0, Diff: 0, Sum: 0, Workers: 1
[0.786s][debug][gc,phases         ] GC(31)   StringDedup Requests0 Weak     Min:  0.0, Avg:  0.0, Max:  0.0, Diff:  0.0, Sum:  0.0, Workers: 1
[0.786s][debug][gc,phases         ] GC(31)     Dead                           Min: 0, Avg:  0.0, Max: 0, Diff: 0, Sum: 0, Workers: 1
[0.786s][debug][gc,phases         ] GC(31)     Total                          Min: 0, Avg:  0.0, Max: 0, Diff: 0, Sum: 0, Workers: 1
[0.786s][debug][gc,phases         ] GC(31)   StringDedup Requests1 Weak     Min:  0.0, Avg:  0.0, Max:  0.0, Diff:  0.0, Sum:  0.0, Workers: 1
[0.786s][debug][gc,phases         ] GC(31)     Dead                           Min: 0, Avg:  0.0, Max: 0, Diff: 0, Sum: 0, Workers: 1
[0.786s][debug][gc,phases         ] GC(31)     Total                          Min: 0, Avg:  0.0, Max: 0, Diff: 0, Sum: 0, Workers: 1
[0.786s][debug][gc,phases         ] GC(31)   Weak JFR Old Object Samples    Min:  0.0, Avg:  0.0, Max:  0.0, Diff:  0.0, Sum:  0.0, Workers: 1
[0.786s][debug][gc,phases         ] GC(31)     Dead                           Min: 0, Avg:  0.0, Max: 0, Diff: 0, Sum: 0, Workers: 1
[0.786s][debug][gc,phases         ] GC(31)     Total                          Min: 0, Avg:  0.0, Max: 0, Diff: 0, Sum: 0, Workers: 1
[0.786s][debug][gc,phases         ] GC(31) Weak Processing 0.255ms
[0.786s][debug][gc,phases,start   ] GC(31) Class Unloading
[0.786s][debug][gc,phases,start   ] GC(31) ClassLoaderData
[0.786s][debug][gc,phases         ] GC(31) ClassLoaderData 0.004ms
[0.786s][debug][gc,phases,start   ] GC(31) Trigger cleanups
[0.786s][debug][gc,phases         ] GC(31) Trigger cleanups 0.003ms
[0.786s][debug][gc,phases         ] GC(31) Class Unloading 0.169ms
[0.786s][debug][gc,phases,start   ] GC(31) Flush Task Caches
[0.786s][debug][gc,stats          ] Mark stats cache hits 26076 misses 0 ratio 100.000
[0.786s][debug][gc,phases         ] GC(31) Flush Task Caches 0.031ms
[0.786s][debug][gc,phases,start   ] GC(31) Update Remembered Set Tracking Before Rebuild
[0.786s][debug][gc,ergo           ] GC(31) Running G1 Update RemSet Tracking Before Rebuild using 1 workers for 256 regions in heap
[0.786s][debug][gc,remset,tracking] GC(31) Remembered Set Tracking update regions total 256, selected 47
[0.786s][debug][gc,phases         ] GC(31) Update Remembered Set Tracking Before Rebuild 0.152ms
[0.786s][debug][gc,phases,start   ] GC(31) Reclaim Empty Regions
[0.786s][debug][gc,phases         ] GC(31) Reclaim Empty Regions 0.171ms
[0.786s][debug][gc,phases,start   ] GC(31) Purge Metaspace
[0.786s][debug][gc,phases         ] GC(31) Purge Metaspace 0.006ms
[0.786s][debug][gc,phases,start   ] GC(31) Report Object Count
[0.786s][debug][gc,phases         ] GC(31) Report Object Count 0.014ms
[0.787s][debug][gc,mmu            ] GC(31) MMU: 6.7ms (50.0ms/51.0ms)
[0.787s][info ][gc                ] GC(31) Pause Remark 234M->234M(256M) 1.648ms
[0.787s][info ][gc,cpu            ] GC(31) User=0.00s Sys=0.00s Real=0.01s
[0.787s][info ][gc,marking        ] GC(31) Concurrent Mark 3.846ms
[0.787s][info ][gc,marking        ] GC(31) Concurrent Rebuild Remembered Sets
[0.788s][info ][gc,marking        ] GC(31) Concurrent Rebuild Remembered Sets 0.867ms
[0.788s][info ][gc,start          ] GC(31) Pause Cleanup
[0.788s][debug][gc,phases,start   ] GC(31) Update Remembered Set Tracking After Rebuild
[0.788s][debug][gc,phases         ] GC(31) Update Remembered Set Tracking After Rebuild 0.013ms
[0.788s][debug][gc,phases,start   ] GC(31) Finalize Concurrent Mark Cleanup
[0.788s][debug][gc,ergo,cset      ] GC(31) Pruned 41 regions out of 46, leaving 8893456 bytes waste (allowed 13421772)
[0.788s][debug][gc,mmu            ] GC(31) MMU: 7.0ms (50.0ms/51.0ms)
[0.788s][debug][gc,phases         ] GC(31) Finalize Concurrent Mark Cleanup 0.283ms
[0.788s][info ][gc                ] GC(31) Pause Cleanup 235M->235M(256M) 0.324ms
[0.788s][info ][gc,cpu            ] GC(31) User=0.00s Sys=0.00s Real=0.00s
[0.789s][info ][gc,marking        ] GC(31) Concurrent Cleanup for Next Mark
[0.789s][debug][gc,ergo           ] GC(31) Running G1 Clear Bitmap with 3 workers for 4 work units.
[0.789s][info ][gc,marking        ] GC(31) Concurrent Cleanup for Next Mark 0.184ms
[0.789s][info ][gc                ] GC(31) Concurrent Mark Cycle 5.567ms
[0.794s][debug][gc,ergo,cset      ] Preventive GC, insufficient free regions. Predicted need 7. Curr Eden 3 (Pred 5). Curr Survivor 2 (Pred 3). Curr Old 154 (Pred 0) Free 8 Alloc 2
[0.794s][debug][gc,heap           ] GC(32) Heap before GC invocations=31 (full 2):
[0.794s][debug][gc,heap           ] GC(32)  garbage-first heap   total 262144K, used 240468K [0x00000000f0000000, 0x0000000100000000)
[0.794s][debug][gc,heap           ] GC(32)   region size 1024K, 5 young (5120K), 2 survivors (2048K)
[0.794s][debug][gc,heap           ] GC(32)  Metaspace       used 136K, committed 320K, reserved 1114112K
[0.794s][debug][gc,heap           ] GC(32)   class space    used 5K, committed 128K, reserved 1048576K
[0.794s][info ][gc,start          ] GC(32) Pause Young (Prepare Mixed) (G1 Preventive Collection)
[0.794s][info ][gc,task           ] GC(32) Using 12 workers of 13 for evacuation
[0.794s][debug][gc,tlab           ] GC(32) TLAB totals: thrds: 5  refills: 5 max: 1 slow allocs: 37 max 8 waste: 37.1% gc: 193712B max: 39184B slow: 0B max: 0B
[0.794s][debug][gc,age            ] GC(32) Desired survivor size 1048576 bytes, new threshold 1 (max threshold 15)
[0.794s][debug][gc,refine,stats   ] GC(32) Mutator refinement: 0.00ms, refined: 0, precleaned: 0, dirtied: 16
[0.794s][debug][gc,refine,stats   ] GC(32) Concurrent refinement: 0.00ms, refined: 0, precleaned: 0, dirtied: 0
[0.794s][debug][gc,refine,stats   ] GC(32) Total refinement: 0.00ms, refined: 0, precleaned: 0, dirtied: 16
[0.794s][debug][gc,refine,stats   ] GC(32) Generate dirty cards rate: 1.69 cards/ms
[0.794s][debug][gc,alloc,region   ] GC(32) Mutator Allocation stats, regions: 3, wasted size: 67984B ( 2.2%)
[0.794s][debug][gc,humongous      ] GC(32) Humongous region 0 (object size 1048592 @ 0x00000000f0000000) remset 1 code roots 0 marked 0 reclaim candidate 1 type array 1
[0.794s][debug][gc,humongous      ] GC(32) Humongous region 2 (object size 1048592 @ 0x00000000f0200000) remset 1 code roots 0 marked 0 reclaim candidate 1 type array 1
[0.794s][debug][gc,humongous      ] GC(32) Humongous region 42 (object size 1048592 @ 0x00000000f2a00000) remset 1 code roots 0 marked 0 reclaim candidate 1 type array 1
[0.794s][debug][gc,humongous      ] GC(32) Humongous region 85 (object size 10485776 @ 0x00000000f5500000) remset 1 code roots 0 marked 0 reclaim candidate 1 type array 1
[0.794s][debug][gc,humongous      ] GC(32) Humongous region 60 (object size 1048592 @ 0x00000000f3c00000) remset 1 code roots 0 marked 0 reclaim candidate 1 type array 1
[0.794s][debug][gc,humongous      ] GC(32) Humongous region 159 (object size 10485776 @ 0x00000000f9f00000) remset 1 code roots 0 marked 0 reclaim candidate 1 type array 1
[0.794s][debug][gc,humongous      ] GC(32) Humongous region 126 (object size 1048592 @ 0x00000000f7e00000) remset 1 code roots 0 marked 0 reclaim candidate 1 type array 1
[0.794s][debug][gc,humongous      ] GC(32) Humongous region 216 (object size 10485776 @ 0x00000000fd800000) remset 1 code roots 0 marked 0 reclaim candidate 1 type array 1
[0.794s][debug][gc,humongous      ] GC(32) Humongous region 12 (object size 1048592 @ 0x00000000f0c00000) remset 1 code roots 0 marked 0 reclaim candidate 1 type array 1
[0.794s][debug][gc,humongous      ] GC(32) Humongous region 203 (object size 1048592 @ 0x00000000fcb00000) remset 1 code roots 0 marked 0 reclaim candidate 1 type array 1
[0.794s][debug][gc,humongous      ] GC(32) Humongous region 18 (object size 1048592 @ 0x00000000f1200000) remset 1 code roots 0 marked 0 reclaim candidate 1 type array 1
[0.794s][debug][gc,humongous      ] GC(32) Humongous region 83 (object size 1048592 @ 0x00000000f5300000) remset 1 code roots 0 marked 0 reclaim candidate 1 type array 1
[0.794s][debug][gc,humongous      ] GC(32) Humongous region 22 (object size 1048592 @ 0x00000000f1600000) remset 1 code roots 0 marked 0 reclaim candidate 1 type array 1
[0.794s][debug][gc,humongous      ] GC(32) Humongous region 26 (object size 1048592 @ 0x00000000f1a00000) remset 1 code roots 0 marked 0 reclaim candidate 1 type array 1
[0.794s][debug][gc,humongous      ] GC(32) Humongous region 28 (object size 1048592 @ 0x00000000f1c00000) remset 1 code roots 0 marked 0 reclaim candidate 1 type array 1
[0.794s][debug][gc,humongous      ] GC(32) Humongous region 8 (object size 1048592 @ 0x00000000f0800000) remset 1 code roots 0 marked 0 reclaim candidate 1 type array 1
[0.794s][debug][gc,humongous      ] GC(32) Humongous region 32 (object size 1048592 @ 0x00000000f2000000) remset 1 code roots 0 marked 0 reclaim candidate 1 type array 1
[0.794s][debug][gc,humongous      ] GC(32) Humongous region 34 (object size 1048592 @ 0x00000000f2200000) remset 1 code roots 0 marked 0 reclaim candidate 1 type array 1
[0.794s][debug][gc,humongous      ] GC(32) Humongous region 4 (object size 1048592 @ 0x00000000f0400000) remset 1 code roots 0 marked 0 reclaim candidate 1 type array 1
[0.794s][debug][gc,humongous      ] GC(32) Humongous region 38 (object size 1048592 @ 0x00000000f2600000) remset 1 code roots 0 marked 0 reclaim candidate 1 type array 1
[0.794s][debug][gc,humongous      ] GC(32) Humongous region 16 (object size 1048592 @ 0x00000000f1000000) remset 1 code roots 0 marked 0 reclaim candidate 1 type array 1
[0.794s][debug][gc,humongous      ] GC(32) Humongous region 205 (object size 1048592 @ 0x00000000fcd00000) remset 1 code roots 0 marked 0 reclaim candidate 1 type array 1
[0.794s][debug][gc,humongous      ] GC(32) Humongous region 24 (object size 1048592 @ 0x00000000f1800000) remset 1 code roots 0 marked 0 reclaim candidate 1 type array 1
[0.794s][debug][gc,humongous      ] GC(32) Humongous region 6 (object size 1048592 @ 0x00000000f0600000) remset 1 code roots 0 marked 0 reclaim candidate 1 type array 1
[0.794s][debug][gc,humongous      ] GC(32) Humongous region 64 (object size 1048592 @ 0x00000000f4000000) remset 1 code roots 0 marked 0 reclaim candidate 1 type array 1
[0.794s][debug][gc,humongous      ] GC(32) Humongous region 10 (object size 1048592 @ 0x00000000f0a00000) remset 1 code roots 0 marked 0 reclaim candidate 1 type array 1
[0.794s][debug][gc,humongous      ] GC(32) Humongous region 36 (object size 1048592 @ 0x00000000f2400000) remset 1 code roots 0 marked 0 reclaim candidate 1 type array 1
[0.794s][debug][gc,humongous      ] GC(32) Humongous region 14 (object size 1048592 @ 0x00000000f0e00000) remset 1 code roots 0 marked 0 reclaim candidate 1 type array 1
[0.794s][debug][gc,humongous      ] GC(32) Humongous region 20 (object size 1048592 @ 0x00000000f1400000) remset 1 code roots 0 marked 0 reclaim candidate 1 type array 1
[0.794s][debug][gc,humongous      ] GC(32) Humongous region 30 (object size 1048592 @ 0x00000000f1e00000) remset 1 code roots 0 marked 0 reclaim candidate 1 type array 1
[0.795s][debug][gc,ergo           ] GC(32) Running G1 Merge Heap Roots using 12 workers for 5 regions
[0.795s][debug][gc,remset         ] GC(32) Visited cards 128 Total dirty 4096 (3.12%) Total old 518144 (0.02%)
[0.796s][debug][gc,ref            ] GC(32) Skipped phase 1 of Reference Processing: no references
[0.796s][debug][gc,ref            ] GC(32) Skipped phase 2 of Reference Processing: no references
[0.796s][debug][gc,ref            ] GC(32) Skipped phase 3 of Reference Processing: no references
[0.796s][debug][gc,ref            ] GC(32) Skipped phase 4 of Reference Processing: no references
[0.796s][debug][gc,ergo           ] GC(32) Running G1 Rebuild Free List Task using 12 workers for rebuilding free list of regions
[0.796s][debug][gc,plab           ] GC(32) Young PLAB allocation: allocated: 0B, wasted: 0B, unused: 0B, used: 0B, undo waste: 0B, 
[0.796s][debug][gc,plab           ] GC(32) Young other allocation: region end waste: 130592B, regions filled: 2, direct allocated: 1966560B, failure used: 0B, failure wasted: 0B
[0.796s][debug][gc,plab           ] GC(32) Young sizing: calculated: 0B, actual: 2064B
[0.796s][debug][gc,plab           ] GC(32) Old PLAB allocation: allocated: 0B, wasted: 0B, unused: 0B, used: 0B, undo waste: 0B, 
[0.796s][debug][gc,plab           ] GC(32) Old other allocation: region end waste: 195520B, regions filled: 4, direct allocated: 2818736B, failure used: 0B, failure wasted: 0B
[0.796s][debug][gc,plab           ] GC(32) Old sizing: calculated: 0B, actual: 2064B
[0.796s][debug][gc,ergo,heap      ] GC(32) Heap expansion: short term pause time ratio 15.36% long term pause time ratio 16.17% threshold 7.69% pause time ratio 7.69% fully expanded true resize by 0B
[0.796s][debug][gc,mmu            ] GC(32) MMU: 9.2ms (50.0ms/51.0ms)
[0.796s][debug][gc,alloc,stats    ] Old generation allocation in the last mutator period, old gen allocated: 0B, humongous allocated: 0B,old gen growth: 0B.
[0.796s][debug][gc,ihop           ] GC(32) Basic information (value update), threshold: 225212749B (83.90), target occupancy: 268435456B, current occupancy: 248206192B, recent allocation size: 0B, recent allocation duration: 9.48ms, recent old gen allocation rate: 0.00B/s, recent marking phase length: 64.01ms
[0.796s][debug][gc,ihop           ] GC(32) Adaptive IHOP information (value update), threshold: 225212749B (98.70), internal target occupancy: 228170137B, occupancy: 248206192B, additional buffer size: 0B, predicted old gen allocation rate: 54129242.41B/s, predicted marking phase length: 54.64ms, prediction active: true
[0.796s][debug][gc,ergo,refine    ] GC(32) Concurrent refinement times: Logged Cards Scan time goal: 5.00ms Logged Cards Scan time: 0.00ms HCC time: 0.00ms
[0.796s][debug][gc,ergo,refine    ] GC(32) Updated Refinement Zones: green: 3328, yellow: 9984, red: 16640
[0.796s][info ][gc,phases         ] GC(32)   Pre Evacuate Collection Set: 0.7ms
[0.796s][debug][gc,phases         ] GC(32)     Prepare TLABs: 0.0ms
[0.796s][debug][gc,phases         ] GC(32)     Concatenate Dirty Card Logs: 0.0ms
[0.796s][debug][gc,phases         ] GC(32)     Choose Collection Set: 0.0ms
[0.796s][debug][gc,phases         ] GC(32)     Region Register: 0.7ms
[0.796s][debug][gc,phases         ] GC(32)     Prepare Heap Roots: 0.0ms
[0.796s][info ][gc,phases         ] GC(32)   Merge Heap Roots: 0.2ms
[0.796s][debug][gc,phases         ] GC(32)     Prepare Merge Heap Roots: 0.0ms
[0.796s][debug][gc,phases         ] GC(32)     Eager Reclaim (ms):            Min:  0.0, Avg:  0.0, Max:  0.0, Diff:  0.0, Sum:  0.0, Workers: 1
[0.796s][debug][gc,phases         ] GC(32)     Remembered Sets (ms):          Min:  0.0, Avg:  0.0, Max:  0.0, Diff:  0.0, Sum:  0.0, Workers: 12
[0.796s][debug][gc,phases         ] GC(32)       Merged Sparse:                 Min: 0, Avg:  2.8, Max: 30, Diff: 30, Sum: 34, Workers: 12
[0.796s][debug][gc,phases         ] GC(32)       Merged Fine:                   Min: 0, Avg:  0.0, Max: 0, Diff: 0, Sum: 0, Workers: 12
[0.796s][debug][gc,phases         ] GC(32)       Merged Coarse:                 Min: 0, Avg:  0.0, Max: 0, Diff: 0, Sum: 0, Workers: 12
[0.796s][debug][gc,phases         ] GC(32)       Dirty Cards:                   Min: 0, Avg:  0.0, Max: 0, Diff: 0, Sum: 0, Workers: 12
[0.796s][debug][gc,phases         ] GC(32)     Hot Card Cache (ms):           Min:  0.0, Avg:  0.0, Max:  0.0, Diff:  0.0, Sum:  0.0, Workers: 12
[0.796s][debug][gc,phases         ] GC(32)       Dirty Cards:                   Min: 0, Avg:  0.0, Max: 0, Diff: 0, Sum: 0, Workers: 12
[0.796s][debug][gc,phases         ] GC(32)       Skipped Cards:                 Min: 0, Avg:  0.0, Max: 0, Diff: 0, Sum: 0, Workers: 12
[0.796s][debug][gc,phases         ] GC(32)     Log Buffers (ms):              Min:  0.0, Avg:  0.0, Max:  0.0, Diff:  0.0, Sum:  0.0, Workers: 12
[0.796s][debug][gc,phases         ] GC(32)       Dirty Cards:                   Min: 0, Avg:  2.2, Max: 27, Diff: 27, Sum: 27, Workers: 12
[0.796s][debug][gc,phases         ] GC(32)       Skipped Cards:                 Min: 0, Avg:  0.0, Max: 0, Diff: 0, Sum: 0, Workers: 12
[0.796s][info ][gc,phases         ] GC(32)   Evacuate Collection Set: 0.7ms
[0.796s][debug][gc,phases         ] GC(32)     Ext Root Scanning (ms):        Min:  0.0, Avg:  0.0, Max:  0.1, Diff:  0.1, Sum:  0.1, Workers: 12
[0.796s][debug][gc,phases         ] GC(32)     Scan Heap Roots (ms):          Min:  0.0, Avg:  0.0, Max:  0.0, Diff:  0.0, Sum:  0.0, Workers: 12
[0.796s][debug][gc,phases         ] GC(32)       Scanned Cards:                 Min: 0, Avg:  2.3, Max: 17, Diff: 17, Sum: 28, Workers: 12
[0.796s][debug][gc,phases         ] GC(32)       Scanned Blocks:                Min: 0, Avg:  0.8, Max: 5, Diff: 5, Sum: 9, Workers: 12
[0.796s][debug][gc,phases         ] GC(32)       Claimed Chunks:                Min: 0, Avg:  0.3, Max: 2, Diff: 2, Sum: 4, Workers: 12
[0.796s][debug][gc,phases         ] GC(32)     Code Root Scan (ms):           Min:  0.0, Avg:  0.0, Max:  0.0, Diff:  0.0, Sum:  0.0, Workers: 12
[0.796s][debug][gc,phases         ] GC(32)     Object Copy (ms):              Min:  0.0, Avg:  0.2, Max:  0.3, Diff:  0.3, Sum:  2.8, Workers: 12
[0.796s][debug][gc,phases         ] GC(32)     Termination (ms):              Min:  0.1, Avg:  0.2, Max:  0.4, Diff:  0.2, Sum:  2.7, Workers: 12
[0.796s][debug][gc,phases         ] GC(32)       Termination Attempts:          Min: 1, Avg:  1.2, Max: 2, Diff: 1, Sum: 15, Workers: 12
[0.796s][debug][gc,phases         ] GC(32)     GC Worker Other (ms):          Min:  0.0, Avg:  0.0, Max:  0.0, Diff:  0.0, Sum:  0.1, Workers: 12
[0.796s][debug][gc,phases         ] GC(32)     GC Worker Total (ms):          Min:  0.2, Avg:  0.5, Max:  0.6, Diff:  0.5, Sum:  5.8, Workers: 12
[0.796s][info ][gc,phases         ] GC(32)   Post Evacuate Collection Set: 0.5ms
[0.796s][debug][gc,phases         ] GC(32)     Code Roots Fixup: 0.0ms
[0.796s][debug][gc,phases         ] GC(32)     Reference Processing: 0.0ms
[0.796s][debug][gc,phases,ref     ] GC(32)       Reconsider SoftReferences: 0.0ms
[0.796s][debug][gc,phases,ref     ] GC(32)         SoftRef (ms):                  skipped
[0.796s][debug][gc,phases,ref     ] GC(32)       Notify Soft/WeakReferences: 0.0ms
[0.796s][debug][gc,phases,ref     ] GC(32)         SoftRef (ms):                  skipped
[0.796s][debug][gc,phases,ref     ] GC(32)         WeakRef (ms):                  skipped
[0.796s][debug][gc,phases,ref     ] GC(32)         FinalRef (ms):                 skipped
[0.796s][debug][gc,phases,ref     ] GC(32)         Total (ms):                    skipped
[0.796s][debug][gc,phases,ref     ] GC(32)       Notify and keep alive finalizable: 0.0ms
[0.796s][debug][gc,phases,ref     ] GC(32)         FinalRef (ms):                 skipped
[0.796s][debug][gc,phases,ref     ] GC(32)       Notify PhantomReferences: 0.0ms
[0.796s][debug][gc,phases,ref     ] GC(32)         PhantomRef (ms):               skipped
[0.796s][debug][gc,phases,ref     ] GC(32)       SoftReference:
[0.796s][debug][gc,phases,ref     ] GC(32)         Discovered: 0
[0.796s][debug][gc,phases,ref     ] GC(32)         Cleared: 0
[0.796s][debug][gc,phases,ref     ] GC(32)       WeakReference:
[0.796s][debug][gc,phases,ref     ] GC(32)         Discovered: 0
[0.796s][debug][gc,phases,ref     ] GC(32)         Cleared: 0
[0.796s][debug][gc,phases,ref     ] GC(32)       FinalReference:
[0.796s][debug][gc,phases,ref     ] GC(32)         Discovered: 0
[0.796s][debug][gc,phases,ref     ] GC(32)         Cleared: 0
[0.796s][debug][gc,phases,ref     ] GC(32)       PhantomReference:
[0.796s][debug][gc,phases,ref     ] GC(32)         Discovered: 0
[0.796s][debug][gc,phases,ref     ] GC(32)         Cleared: 0
[0.796s][debug][gc,phases         ] GC(32)     Weak Processing: 0.1ms
[0.796s][debug][gc,phases         ] GC(32)       VM Weak                        Min:  0.0, Avg:  0.0, Max:  0.0, Diff:  0.0, Sum:  0.0, Workers: 1
[0.796s][debug][gc,phases         ] GC(32)         Dead                           Min: 0, Avg:  0.0, Max: 0, Diff: 0, Sum: 0, Workers: 1
[0.796s][debug][gc,phases         ] GC(32)         Total                          Min: 4, Avg:  4.0, Max: 4, Diff: 0, Sum: 4, Workers: 1
[0.796s][debug][gc,phases         ] GC(32)       ObjectSynchronizer Weak        Min:  0.0, Avg:  0.0, Max:  0.0, Diff:  0.0, Sum:  0.0, Workers: 1
[0.797s][debug][gc,phases         ] GC(32)         Dead                           Min: 0, Avg:  0.0, Max: 0, Diff: 0, Sum: 0, Workers: 1
[0.797s][debug][gc,phases         ] GC(32)         Total                          Min: 4, Avg:  4.0, Max: 4, Diff: 0, Sum: 4, Workers: 1
[0.797s][debug][gc,phases         ] GC(32)       JVMTI Tag Weak OopStorage      Min:  0.0, Avg:  0.0, Max:  0.0, Diff:  0.0, Sum:  0.0, Workers: 1
[0.797s][debug][gc,phases         ] GC(32)         Dead                           Min: 0, Avg:  0.0, Max: 0, Diff: 0, Sum: 0, Workers: 1
[0.797s][debug][gc,phases         ] GC(32)         Total                          Min: 0, Avg:  0.0, Max: 0, Diff: 0, Sum: 0, Workers: 1
[0.797s][debug][gc,phases         ] GC(32)       StringTable Weak               Min:  0.0, Avg:  0.0, Max:  0.0, Diff:  0.0, Sum:  0.0, Workers: 1
[0.797s][debug][gc,phases         ] GC(32)         Dead                           Min: 0, Avg:  0.0, Max: 0, Diff: 0, Sum: 0, Workers: 1
[0.797s][debug][gc,phases         ] GC(32)         Total                          Min: 39, Avg: 39.0, Max: 39, Diff: 0, Sum: 39, Workers: 1
[0.797s][debug][gc,phases         ] GC(32)       ResolvedMethodTable Weak       Min:  0.0, Avg:  0.0, Max:  0.0, Diff:  0.0, Sum:  0.0, Workers: 1
[0.797s][debug][gc,phases         ] GC(32)         Dead                           Min: 0, Avg:  0.0, Max: 0, Diff: 0, Sum: 0, Workers: 1
[0.797s][debug][gc,phases         ] GC(32)         Total                          Min: 22, Avg: 22.0, Max: 22, Diff: 0, Sum: 22, Workers: 1
[0.797s][debug][gc,phases         ] GC(32)       JNI Weak                       Min:  0.0, Avg:  0.0, Max:  0.0, Diff:  0.0, Sum:  0.0, Workers: 1
[0.797s][debug][gc,phases         ] GC(32)         Dead                           Min: 0, Avg:  0.0, Max: 0, Diff: 0, Sum: 0, Workers: 1
[0.797s][debug][gc,phases         ] GC(32)         Total                          Min: 0, Avg:  0.0, Max: 0, Diff: 0, Sum: 0, Workers: 1
[0.797s][debug][gc,phases         ] GC(32)       StringDedup Table Weak         Min:  0.0, Avg:  0.0, Max:  0.0, Diff:  0.0, Sum:  0.0, Workers: 1
[0.797s][debug][gc,phases         ] GC(32)         Dead                           Min: 0, Avg:  0.0, Max: 0, Diff: 0, Sum: 0, Workers: 1
[0.797s][debug][gc,phases         ] GC(32)         Total                          Min: 0, Avg:  0.0, Max: 0, Diff: 0, Sum: 0, Workers: 1
[0.797s][debug][gc,phases         ] GC(32)       StringDedup Requests0 Weak     Min:  0.0, Avg:  0.0, Max:  0.0, Diff:  0.0, Sum:  0.0, Workers: 1
[0.797s][debug][gc,phases         ] GC(32)         Dead                           Min: 0, Avg:  0.0, Max: 0, Diff: 0, Sum: 0, Workers: 1
[0.797s][debug][gc,phases         ] GC(32)         Total                          Min: 0, Avg:  0.0, Max: 0, Diff: 0, Sum: 0, Workers: 1
[0.797s][debug][gc,phases         ] GC(32)       StringDedup Requests1 Weak     Min:  0.0, Avg:  0.0, Max:  0.0, Diff:  0.0, Sum:  0.0, Workers: 1
[0.797s][debug][gc,phases         ] GC(32)         Dead                           Min: 0, Avg:  0.0, Max: 0, Diff: 0, Sum: 0, Workers: 1
[0.797s][debug][gc,phases         ] GC(32)         Total                          Min: 0, Avg:  0.0, Max: 0, Diff: 0, Sum: 0, Workers: 1
[0.797s][debug][gc,phases         ] GC(32)       Weak JFR Old Object Samples    Min:  0.0, Avg:  0.0, Max:  0.0, Diff:  0.0, Sum:  0.0, Workers: 1
[0.797s][debug][gc,phases         ] GC(32)         Dead                           Min: 0, Avg:  0.0, Max: 0, Diff: 0, Sum: 0, Workers: 1
[0.797s][debug][gc,phases         ] GC(32)         Total                          Min: 0, Avg:  0.0, Max: 0, Diff: 0, Sum: 0, Workers: 1
[0.797s][debug][gc,phases         ] GC(32)     Post Evacuate Cleanup 1: 0.1ms
[0.797s][debug][gc,phases         ] GC(32)       Merge Per-Thread State (ms):   Min:  0.0, Avg:  0.0, Max:  0.0, Diff:  0.0, Sum:  0.0, Workers: 1
[0.797s][debug][gc,phases         ] GC(32)         Copied Bytes                   Min: 0, Avg: 398774.7, Max: 721072, Diff: 721072, Sum: 4785296, Workers: 12
[0.797s][debug][gc,phases         ] GC(32)         LAB Waste                      Min: 0, Avg:  0.0, Max: 0, Diff: 0, Sum: 0, Workers: 12
[0.797s][debug][gc,phases         ] GC(32)         LAB Undo Waste                 Min: 0, Avg:  0.0, Max: 0, Diff: 0, Sum: 0, Workers: 12
[0.797s][debug][gc,phases         ] GC(32)       Clear Logged Cards (ms):       Min:  0.0, Avg:  0.0, Max:  0.0, Diff:  0.0, Sum:  0.0, Workers: 3
[0.797s][debug][gc,phases         ] GC(32)       Recalculate Used Memory (ms):  Min:  0.0, Avg:  0.0, Max:  0.0, Diff:  0.0, Sum:  0.0, Workers: 1
[0.797s][debug][gc,phases         ] GC(32)     Post Evacuate Cleanup 2: 0.1ms
[0.797s][debug][gc,phases         ] GC(32)       Reset Hot Card Cache (ms):     Min:  0.0, Avg:  0.0, Max:  0.0, Diff:  0.0, Sum:  0.0, Workers: 1
[0.797s][debug][gc,phases         ] GC(32)       Purge Code Roots (ms):         Min:  0.0, Avg:  0.0, Max:  0.0, Diff:  0.0, Sum:  0.0, Workers: 1
[0.797s][debug][gc,phases         ] GC(32)       Update Derived Pointers (ms):  Min:  0.0, Avg:  0.0, Max:  0.0, Diff:  0.0, Sum:  0.0, Workers: 1
[0.797s][debug][gc,phases         ] GC(32)       Eagerly Reclaim Humongous Objects (ms): Min:  0.0, Avg:  0.0, Max:  0.0, Diff:  0.0, Sum:  0.0, Workers: 1
[0.797s][debug][gc,phases         ] GC(32)         Humongous Total                Min: 30, Avg: 30.0, Max: 30, Diff: 0, Sum: 30, Workers: 1
[0.797s][debug][gc,phases         ] GC(32)         Humongous Candidates           Min: 30, Avg: 30.0, Max: 30, Diff: 0, Sum: 30, Workers: 1
[0.797s][debug][gc,phases         ] GC(32)         Humongous Reclaimed            Min: 0, Avg:  0.0, Max: 0, Diff: 0, Sum: 0, Workers: 1
[0.797s][debug][gc,phases         ] GC(32)       Redirty Logged Cards (ms):     Min:  0.0, Avg:  0.0, Max:  0.0, Diff:  0.0, Sum:  0.0, Workers: 12
[0.797s][debug][gc,phases         ] GC(32)         Redirtied Cards:               Min: 0, Avg:  1.8, Max: 21, Diff: 21, Sum: 21, Workers: 12
[0.797s][debug][gc,phases         ] GC(32)       Free Collection Set (ms):      Min:  0.0, Avg:  0.0, Max:  0.0, Diff:  0.0, Sum:  0.0, Workers: 12
[0.797s][debug][gc,phases         ] GC(32)     Rebuild Free List: 0.2ms
[0.797s][debug][gc,phases         ] GC(32)     Start New Collection Set: 0.0ms
[0.797s][debug][gc,phases         ] GC(32)     Resize TLABs: 0.0ms
[0.797s][debug][gc,phases         ] GC(32)     Expand Heap After Collection: 0.0ms
[0.797s][info ][gc,phases         ] GC(32)   Other: 0.2ms
[0.797s][info ][gc,heap           ] GC(32) Eden regions: 3->0(10)
[0.797s][info ][gc,heap           ] GC(32) Survivor regions: 2->2(2)
[0.797s][info ][gc,heap           ] GC(32) Old regions: 154->157
[0.797s][info ][gc,heap           ] GC(32) Archive regions: 2->2
[0.797s][info ][gc,heap           ] GC(32) Humongous regions: 87->87
[0.797s][info ][gc,metaspace      ] GC(32) Metaspace: 136K(320K)->136K(320K) NonClass: 130K(192K)->130K(192K) Class: 5K(128K)->5K(128K)
[0.797s][debug][gc,heap           ] GC(32) Heap after GC invocations=32 (full 2):
[0.797s][debug][gc,heap           ] GC(32)  garbage-first heap   total 262144K, used 242388K [0x00000000f0000000, 0x0000000100000000)
[0.797s][debug][gc,heap           ] GC(32)   region size 1024K, 2 young (2048K), 2 survivors (2048K)
[0.797s][debug][gc,heap           ] GC(32)  Metaspace       used 136K, committed 320K, reserved 1114112K
[0.797s][debug][gc,heap           ] GC(32)   class space    used 5K, committed 128K, reserved 1048576K
[0.797s][info ][gc                ] GC(32) Pause Young (Prepare Mixed) (G1 Preventive Collection) 236M->236M(256M) 2.751ms
[0.797s][info ][gc,cpu            ] GC(32) User=0.00s Sys=0.00s Real=0.00s
[0.797s][debug][gc,ergo,ihop      ] Do not request concurrent cycle initiation (still doing mixed collections) occupancy: 260046848B allocation request: 0B threshold: 225212749B (83.90) source: STW humongous allocation
[0.799s][debug][gc,ergo,cset      ] Preventive GC, insufficient free regions. Predicted need 6. Curr Eden 1 (Pred 3). Curr Survivor 2 (Pred 3). Curr Old 157 (Pred 1) Free 5 Alloc 1
[0.799s][debug][gc,heap           ] GC(33) Heap before GC invocations=32 (full 2):
[0.799s][debug][gc,heap           ] GC(33)  garbage-first heap   total 262144K, used 244436K [0x00000000f0000000, 0x0000000100000000)
[0.799s][debug][gc,heap           ] GC(33)   region size 1024K, 3 young (3072K), 2 survivors (2048K)
[0.799s][debug][gc,heap           ] GC(33)  Metaspace       used 136K, committed 320K, reserved 1114112K
[0.799s][debug][gc,heap           ] GC(33)   class space    used 5K, committed 128K, reserved 1048576K
[0.799s][info ][gc,start          ] GC(33) Pause Young (Mixed) (G1 Preventive Collection)
[0.799s][info ][gc,task           ] GC(33) Using 12 workers of 13 for evacuation
[0.799s][debug][gc,tlab           ] GC(33) TLAB totals: thrds: 5  refills: 5 max: 1 slow allocs: 10 max 2 waste: 37.1% gc: 193712B max: 39184B slow: 0B max: 0B
[0.799s][debug][gc,age            ] GC(33) Desired survivor size 1048576 bytes, new threshold 1 (max threshold 15)
[0.799s][debug][gc,refine,stats   ] GC(33) Mutator refinement: 0.00ms, refined: 0, precleaned: 0, dirtied: 3
[0.799s][debug][gc,refine,stats   ] GC(33) Concurrent refinement: 0.00ms, refined: 0, precleaned: 0, dirtied: 0
[0.799s][debug][gc,refine,stats   ] GC(33) Total refinement: 0.00ms, refined: 0, precleaned: 0, dirtied: 3
[0.799s][debug][gc,refine,stats   ] GC(33) Generate dirty cards rate: 0.96 cards/ms
[0.799s][debug][gc,alloc,region   ] GC(33) Mutator Allocation stats, regions: 1, wasted size: 0B ( 0.0%)
[0.799s][debug][gc,ergo,cset      ] GC(33) Start adding old regions to collection set. Min 1 regions, max 26 regions, time remaining 48.35ms, optional threshold 9.67ms
[0.799s][debug][gc,ergo,cset      ] GC(33) Old candidate collection set empty.
[0.799s][debug][gc,ergo,cset      ] GC(33) Finish choosing collection set old regions. Initial: 5, optional: 0, predicted old time: 0.00ms, predicted optional time: 0.00ms, time remaining: 47.44
[0.799s][debug][gc,humongous      ] GC(33) Humongous region 0 (object size 1048592 @ 0x00000000f0000000) remset 0 code roots 0 marked 0 reclaim candidate 1 type array 1
[0.799s][debug][gc,humongous      ] GC(33) Humongous region 2 (object size 1048592 @ 0x00000000f0200000) remset 0 code roots 0 marked 0 reclaim candidate 1 type array 1
[0.799s][debug][gc,humongous      ] GC(33) Humongous region 22 (object size 1048592 @ 0x00000000f1600000) remset 0 code roots 0 marked 0 reclaim candidate 1 type array 1
[0.799s][debug][gc,humongous      ] GC(33) Humongous region 24 (object size 1048592 @ 0x00000000f1800000) remset 0 code roots 0 marked 0 reclaim candidate 1 type array 1
[0.800s][debug][gc,humongous      ] GC(33) Humongous region 26 (object size 1048592 @ 0x00000000f1a00000) remset 0 code roots 0 marked 0 reclaim candidate 1 type array 1
[0.799s][debug][gc,humongous      ] GC(33) Humongous region 4 (object size 1048592 @ 0x00000000f0400000) remset 0 code roots 0 marked 0 reclaim candidate 1 type array 1
[0.800s][debug][gc,humongous      ] GC(33) Humongous region 6 (object size 1048592 @ 0x00000000f0600000) remset 0 code roots 0 marked 0 reclaim candidate 1 type array 1
[0.800s][debug][gc,humongous      ] GC(33) Humongous region 28 (object size 1048592 @ 0x00000000f1c00000) remset 0 code roots 0 marked 0 reclaim candidate 1 type array 1
[0.800s][debug][gc,humongous      ] GC(33) Humongous region 64 (object size 1048592 @ 0x00000000f4000000) remset 0 code roots 0 marked 0 reclaim candidate 1 type array 1
[0.800s][debug][gc,humongous      ] GC(33) Humongous region 159 (object size 10485776 @ 0x00000000f9f00000) remset 0 code roots 0 marked 0 reclaim candidate 1 type array 1
[0.800s][debug][gc,humongous      ] GC(33) Humongous region 83 (object size 1048592 @ 0x00000000f5300000) remset 0 code roots 0 marked 0 reclaim candidate 1 type array 1
[0.800s][debug][gc,humongous      ] GC(33) Humongous region 10 (object size 1048592 @ 0x00000000f0a00000) remset 0 code roots 0 marked 0 reclaim candidate 1 type array 1
[0.800s][debug][gc,humongous      ] GC(33) Humongous region 14 (object size 1048592 @ 0x00000000f0e00000) remset 0 code roots 0 marked 0 reclaim candidate 1 type array 1
[0.800s][debug][gc,humongous      ] GC(33) Humongous region 30 (object size 1048592 @ 0x00000000f1e00000) remset 0 code roots 0 marked 0 reclaim candidate 1 type array 1
[0.800s][debug][gc,humongous      ] GC(33) Humongous region 42 (object size 1048592 @ 0x00000000f2a00000) remset 0 code roots 0 marked 0 reclaim candidate 1 type array 1
[0.800s][debug][gc,humongous      ] GC(33) Humongous region 32 (object size 1048592 @ 0x00000000f2000000) remset 0 code roots 0 marked 0 reclaim candidate 1 type array 1
[0.800s][debug][gc,humongous      ] GC(33) Humongous region 203 (object size 1048592 @ 0x00000000fcb00000) remset 0 code roots 0 marked 0 reclaim candidate 1 type array 1
[0.800s][debug][gc,humongous      ] GC(33) Humongous region 34 (object size 1048592 @ 0x00000000f2200000) remset 0 code roots 0 marked 0 reclaim candidate 1 type array 1
[0.800s][debug][gc,humongous      ] GC(33) Humongous region 205 (object size 1048592 @ 0x00000000fcd00000) remset 0 code roots 0 marked 0 reclaim candidate 1 type array 1
[0.800s][debug][gc,humongous      ] GC(33) Humongous region 36 (object size 1048592 @ 0x00000000f2400000) remset 0 code roots 0 marked 0 reclaim candidate 1 type array 1
[0.800s][debug][gc,humongous      ] GC(33) Humongous region 8 (object size 1048592 @ 0x00000000f0800000) remset 0 code roots 0 marked 0 reclaim candidate 1 type array 1
[0.800s][debug][gc,humongous      ] GC(33) Humongous region 16 (object size 1048592 @ 0x00000000f1000000) remset 0 code roots 0 marked 0 reclaim candidate 1 type array 1
[0.800s][debug][gc,humongous      ] GC(33) Humongous region 18 (object size 1048592 @ 0x00000000f1200000) remset 0 code roots 0 marked 0 reclaim candidate 1 type array 1
[0.800s][debug][gc,humongous      ] GC(33) Humongous region 126 (object size 1048592 @ 0x00000000f7e00000) remset 0 code roots 0 marked 0 reclaim candidate 1 type array 1
[0.800s][debug][gc,humongous      ] GC(33) Humongous region 60 (object size 1048592 @ 0x00000000f3c00000) remset 0 code roots 0 marked 0 reclaim candidate 1 type array 1
[0.800s][debug][gc,humongous      ] GC(33) Humongous region 216 (object size 10485776 @ 0x00000000fd800000) remset 0 code roots 0 marked 0 reclaim candidate 1 type array 1
[0.800s][debug][gc,humongous      ] GC(33) Humongous region 20 (object size 1048592 @ 0x00000000f1400000) remset 0 code roots 0 marked 0 reclaim candidate 1 type array 1
[0.800s][debug][gc,humongous      ] GC(33) Humongous region 244 (object size 1048592 @ 0x00000000ff400000) remset 0 code roots 0 marked 0 reclaim candidate 1 type array 1
[0.800s][debug][gc,humongous      ] GC(33) Humongous region 38 (object size 1048592 @ 0x00000000f2600000) remset 0 code roots 0 marked 0 reclaim candidate 1 type array 1
[0.800s][debug][gc,humongous      ] GC(33) Humongous region 12 (object size 1048592 @ 0x00000000f0c00000) remset 0 code roots 0 marked 0 reclaim candidate 1 type array 1
[0.800s][debug][gc,humongous      ] GC(33) Humongous region 85 (object size 10485776 @ 0x00000000f5500000) remset 0 code roots 0 marked 0 reclaim candidate 1 type array 1
[0.800s][debug][gc,ergo           ] GC(33) Running G1 Merge Heap Roots using 12 workers for 8 regions
[0.801s][debug][gc,remset         ] GC(33) Visited cards 64 Total dirty 4096 (1.56%) Total old 530432 (0.01%)
[0.802s][debug][gc,ref            ] GC(33) Skipped phase 1 of Reference Processing: no references
[0.802s][debug][gc,ref            ] GC(33) Skipped phase 2 of Reference Processing: no references
[0.802s][debug][gc,ref            ] GC(33) Skipped phase 3 of Reference Processing: no references
[0.802s][debug][gc,ref            ] GC(33) Skipped phase 4 of Reference Processing: no references
[0.802s][debug][gc,ergo           ] GC(33) Running G1 Rebuild Free List Task using 12 workers for rebuilding free list of regions
[0.802s][debug][gc,plab           ] GC(33) Young PLAB allocation: allocated: 0B, wasted: 0B, unused: 0B, used: 0B, undo waste: 0B, 
[0.802s][debug][gc,plab           ] GC(33) Young other allocation: region end waste: 0B, regions filled: 1, direct allocated: 852176B, failure used: 0B, failure wasted: 0B
[0.802s][debug][gc,plab           ] GC(33) Young sizing: calculated: 0B, actual: 2064B
[0.802s][debug][gc,plab           ] GC(33) Old PLAB allocation: allocated: 0B, wasted: 0B, unused: 0B, used: 0B, undo waste: 0B, 
[0.802s][debug][gc,plab           ] GC(33) Old other allocation: region end waste: 260784B, regions filled: 5, direct allocated: 4391984B, failure used: 0B, failure wasted: 0B
[0.802s][debug][gc,plab           ] GC(33) Old sizing: calculated: 0B, actual: 2064B
[0.802s][debug][gc,ergo,heap      ] GC(33) Heap expansion: short term pause time ratio 28.55% long term pause time ratio 11.18% threshold 7.69% pause time ratio 7.69% fully expanded true resize by 0B
[0.802s][debug][gc,ergo,ihop      ] GC(33) Do not request concurrent cycle initiation (still doing mixed collections) occupancy: 258998272B allocation request: 0B threshold: 225212749B (83.90) source: end of GC
[0.802s][debug][gc,mmu            ] GC(33) MMU: 12.0ms (50.0ms/51.0ms)
[0.802s][debug][gc,ergo           ] GC(33) do not continue mixed GCs (candidate old regions not available)
[0.802s][debug][gc,ergo,ihop      ] GC(33) Request concurrent cycle initiation (occupancy higher than threshold) occupancy: 258998272B allocation request: 0B threshold: 225212749B (83.90) source: end of GC
[0.802s][debug][gc,alloc,stats    ] Old generation allocation in the last mutator period, old gen allocated: 0B, humongous allocated: 0B,old gen growth: 0B.
[0.802s][debug][gc,ihop           ] GC(33) Basic information (value update), threshold: 225235779B (83.91), target occupancy: 268435456B, current occupancy: 250892688B, recent allocation size: 0B, recent allocation duration: 9.48ms, recent old gen allocation rate: 0.00B/s, recent marking phase length: 12.59ms
[0.802s][debug][gc,ihop           ] GC(33) Adaptive IHOP information (value update), threshold: 225235779B (98.71), internal target occupancy: 228170137B, occupancy: 250892688B, additional buffer size: 0B, predicted old gen allocation rate: 54129242.41B/s, predicted marking phase length: 54.21ms, prediction active: true
[0.802s][debug][gc,ergo,refine    ] GC(33) Concurrent refinement times: Logged Cards Scan time goal: 5.00ms Logged Cards Scan time: 0.00ms HCC time: 0.00ms
[0.802s][debug][gc,ergo,refine    ] GC(33) Updated Refinement Zones: green: 3328, yellow: 9984, red: 16640
[0.802s][info ][gc,phases         ] GC(33)   Pre Evacuate Collection Set: 1.0ms
[0.802s][debug][gc,phases         ] GC(33)     Prepare TLABs: 0.0ms
[0.802s][debug][gc,phases         ] GC(33)     Concatenate Dirty Card Logs: 0.0ms
[0.802s][debug][gc,phases         ] GC(33)     Choose Collection Set: 0.0ms
[0.802s][debug][gc,phases         ] GC(33)     Region Register: 1.0ms
[0.802s][debug][gc,phases         ] GC(33)     Prepare Heap Roots: 0.0ms
[0.802s][info ][gc,phases         ] GC(33)   Merge Heap Roots: 0.2ms
[0.802s][debug][gc,phases         ] GC(33)     Prepare Merge Heap Roots: 0.0ms
[0.802s][debug][gc,phases         ] GC(33)     Eager Reclaim (ms):            Min:  0.0, Avg:  0.0, Max:  0.0, Diff:  0.0, Sum:  0.0, Workers: 1
[0.802s][debug][gc,phases         ] GC(33)     Remembered Sets (ms):          Min:  0.0, Avg:  0.0, Max:  0.0, Diff:  0.0, Sum:  0.0, Workers: 12
[0.802s][debug][gc,phases         ] GC(33)       Merged Sparse:                 Min: 0, Avg:  0.4, Max: 5, Diff: 5, Sum: 5, Workers: 12
[0.802s][debug][gc,phases         ] GC(33)       Merged Fine:                   Min: 0, Avg:  0.0, Max: 0, Diff: 0, Sum: 0, Workers: 12
[0.802s][debug][gc,phases         ] GC(33)       Merged Coarse:                 Min: 0, Avg:  0.0, Max: 0, Diff: 0, Sum: 0, Workers: 12
[0.802s][debug][gc,phases         ] GC(33)       Dirty Cards:                   Min: 0, Avg:  0.0, Max: 0, Diff: 0, Sum: 0, Workers: 12
[0.802s][debug][gc,phases         ] GC(33)     Hot Card Cache (ms):           Min:  0.0, Avg:  0.0, Max:  0.0, Diff:  0.0, Sum:  0.0, Workers: 12
[0.802s][debug][gc,phases         ] GC(33)       Dirty Cards:                   Min: 0, Avg:  0.0, Max: 0, Diff: 0, Sum: 0, Workers: 12
[0.802s][debug][gc,phases         ] GC(33)       Skipped Cards:                 Min: 0, Avg:  0.0, Max: 0, Diff: 0, Sum: 0, Workers: 12
[0.802s][debug][gc,phases         ] GC(33)     Log Buffers (ms):              Min:  0.0, Avg:  0.0, Max:  0.0, Diff:  0.0, Sum:  0.0, Workers: 12
[0.802s][debug][gc,phases         ] GC(33)       Dirty Cards:                   Min: 0, Avg:  0.9, Max: 11, Diff: 11, Sum: 11, Workers: 12
[0.802s][debug][gc,phases         ] GC(33)       Skipped Cards:                 Min: 0, Avg:  0.0, Max: 0, Diff: 0, Sum: 0, Workers: 12
[0.802s][info ][gc,phases         ] GC(33)   Evacuate Collection Set: 1.0ms
[0.802s][debug][gc,phases         ] GC(33)     Ext Root Scanning (ms):        Min:  0.0, Avg:  0.0, Max:  0.0, Diff:  0.0, Sum:  0.1, Workers: 12
[0.802s][debug][gc,phases         ] GC(33)     Scan Heap Roots (ms):          Min:  0.0, Avg:  0.0, Max:  0.0, Diff:  0.0, Sum:  0.0, Workers: 12
[0.802s][debug][gc,phases         ] GC(33)       Scanned Cards:                 Min: 0, Avg:  1.5, Max: 17, Diff: 17, Sum: 18, Workers: 12
[0.802s][debug][gc,phases         ] GC(33)       Scanned Blocks:                Min: 0, Avg:  0.2, Max: 1, Diff: 1, Sum: 2, Workers: 12
[0.802s][debug][gc,phases         ] GC(33)       Claimed Chunks:                Min: 0, Avg:  0.2, Max: 1, Diff: 1, Sum: 2, Workers: 12
[0.802s][debug][gc,phases         ] GC(33)     Code Root Scan (ms):           Min:  0.0, Avg:  0.0, Max:  0.0, Diff:  0.0, Sum:  0.0, Workers: 12
[0.802s][debug][gc,phases         ] GC(33)     Object Copy (ms):              Min:  0.3, Avg:  0.4, Max:  0.5, Diff:  0.2, Sum:  4.8, Workers: 12
[0.802s][debug][gc,phases         ] GC(33)     Termination (ms):              Min:  0.2, Avg:  0.4, Max:  0.4, Diff:  0.3, Sum:  4.4, Workers: 12
[0.802s][debug][gc,phases         ] GC(33)       Termination Attempts:          Min: 1, Avg:  1.0, Max: 1, Diff: 0, Sum: 12, Workers: 12
[0.802s][debug][gc,phases         ] GC(33)     GC Worker Other (ms):          Min:  0.0, Avg:  0.0, Max:  0.1, Diff:  0.1, Sum:  0.2, Workers: 12
[0.802s][debug][gc,phases         ] GC(33)     GC Worker Total (ms):          Min:  0.6, Avg:  0.8, Max:  0.9, Diff:  0.3, Sum:  9.5, Workers: 12
[0.802s][info ][gc,phases         ] GC(33)   Post Evacuate Collection Set: 0.5ms
[0.802s][debug][gc,phases         ] GC(33)     Code Roots Fixup: 0.0ms
[0.802s][debug][gc,phases         ] GC(33)     Reference Processing: 0.0ms
[0.802s][debug][gc,phases,ref     ] GC(33)       Reconsider SoftReferences: 0.0ms
[0.802s][debug][gc,phases,ref     ] GC(33)         SoftRef (ms):                  skipped
[0.802s][debug][gc,phases,ref     ] GC(33)       Notify Soft/WeakReferences: 0.0ms
[0.802s][debug][gc,phases,ref     ] GC(33)         SoftRef (ms):                  skipped
[0.802s][debug][gc,phases,ref     ] GC(33)         WeakRef (ms):                  skipped
[0.802s][debug][gc,phases,ref     ] GC(33)         FinalRef (ms):                 skipped
[0.802s][debug][gc,phases,ref     ] GC(33)         Total (ms):                    skipped
[0.802s][debug][gc,phases,ref     ] GC(33)       Notify and keep alive finalizable: 0.0ms
[0.802s][debug][gc,phases,ref     ] GC(33)         FinalRef (ms):                 skipped
[0.802s][debug][gc,phases,ref     ] GC(33)       Notify PhantomReferences: 0.0ms
[0.802s][debug][gc,phases,ref     ] GC(33)         PhantomRef (ms):               skipped
[0.802s][debug][gc,phases,ref     ] GC(33)       SoftReference:
[0.802s][debug][gc,phases,ref     ] GC(33)         Discovered: 0
[0.802s][debug][gc,phases,ref     ] GC(33)         Cleared: 0
[0.802s][debug][gc,phases,ref     ] GC(33)       WeakReference:
[0.802s][debug][gc,phases,ref     ] GC(33)         Discovered: 0
[0.802s][debug][gc,phases,ref     ] GC(33)         Cleared: 0
[0.802s][debug][gc,phases,ref     ] GC(33)       FinalReference:
[0.802s][debug][gc,phases,ref     ] GC(33)         Discovered: 0
[0.802s][debug][gc,phases,ref     ] GC(33)         Cleared: 0
[0.802s][debug][gc,phases,ref     ] GC(33)       PhantomReference:
[0.802s][debug][gc,phases,ref     ] GC(33)         Discovered: 0
[0.802s][debug][gc,phases,ref     ] GC(33)         Cleared: 0
[0.802s][debug][gc,phases         ] GC(33)     Weak Processing: 0.1ms
[0.802s][debug][gc,phases         ] GC(33)       VM Weak                        Min:  0.0, Avg:  0.0, Max:  0.0, Diff:  0.0, Sum:  0.0, Workers: 1
[0.803s][debug][gc,phases         ] GC(33)         Dead                           Min: 0, Avg:  0.0, Max: 0, Diff: 0, Sum: 0, Workers: 1
[0.803s][debug][gc,phases         ] GC(33)         Total                          Min: 4, Avg:  4.0, Max: 4, Diff: 0, Sum: 4, Workers: 1
[0.803s][debug][gc,phases         ] GC(33)       ObjectSynchronizer Weak        Min:  0.0, Avg:  0.0, Max:  0.0, Diff:  0.0, Sum:  0.0, Workers: 1
[0.803s][debug][gc,phases         ] GC(33)         Dead                           Min: 0, Avg:  0.0, Max: 0, Diff: 0, Sum: 0, Workers: 1
[0.803s][debug][gc,phases         ] GC(33)         Total                          Min: 4, Avg:  4.0, Max: 4, Diff: 0, Sum: 4, Workers: 1
[0.803s][debug][gc,phases         ] GC(33)       JVMTI Tag Weak OopStorage      Min:  0.0, Avg:  0.0, Max:  0.0, Diff:  0.0, Sum:  0.0, Workers: 1
[0.803s][debug][gc,phases         ] GC(33)         Dead                           Min: 0, Avg:  0.0, Max: 0, Diff: 0, Sum: 0, Workers: 1
[0.803s][debug][gc,phases         ] GC(33)         Total                          Min: 0, Avg:  0.0, Max: 0, Diff: 0, Sum: 0, Workers: 1
[0.803s][debug][gc,phases         ] GC(33)       StringTable Weak               Min:  0.0, Avg:  0.0, Max:  0.0, Diff:  0.0, Sum:  0.0, Workers: 1
[0.803s][debug][gc,phases         ] GC(33)         Dead                           Min: 0, Avg:  0.0, Max: 0, Diff: 0, Sum: 0, Workers: 1
[0.803s][debug][gc,phases         ] GC(33)         Total                          Min: 39, Avg: 39.0, Max: 39, Diff: 0, Sum: 39, Workers: 1
[0.803s][debug][gc,phases         ] GC(33)       ResolvedMethodTable Weak       Min:  0.0, Avg:  0.0, Max:  0.0, Diff:  0.0, Sum:  0.0, Workers: 1
[0.803s][debug][gc,phases         ] GC(33)         Dead                           Min: 0, Avg:  0.0, Max: 0, Diff: 0, Sum: 0, Workers: 1
[0.803s][debug][gc,phases         ] GC(33)         Total                          Min: 22, Avg: 22.0, Max: 22, Diff: 0, Sum: 22, Workers: 1
[0.803s][debug][gc,phases         ] GC(33)       JNI Weak                       Min:  0.0, Avg:  0.0, Max:  0.0, Diff:  0.0, Sum:  0.0, Workers: 1
[0.803s][debug][gc,phases         ] GC(33)         Dead                           Min: 0, Avg:  0.0, Max: 0, Diff: 0, Sum: 0, Workers: 1
[0.803s][debug][gc,phases         ] GC(33)         Total                          Min: 0, Avg:  0.0, Max: 0, Diff: 0, Sum: 0, Workers: 1
[0.803s][debug][gc,phases         ] GC(33)       StringDedup Table Weak         Min:  0.0, Avg:  0.0, Max:  0.0, Diff:  0.0, Sum:  0.0, Workers: 1
[0.803s][debug][gc,phases         ] GC(33)         Dead                           Min: 0, Avg:  0.0, Max: 0, Diff: 0, Sum: 0, Workers: 1
[0.803s][debug][gc,phases         ] GC(33)         Total                          Min: 0, Avg:  0.0, Max: 0, Diff: 0, Sum: 0, Workers: 1
[0.803s][debug][gc,phases         ] GC(33)       StringDedup Requests0 Weak     Min:  0.0, Avg:  0.0, Max:  0.0, Diff:  0.0, Sum:  0.0, Workers: 1
[0.803s][debug][gc,phases         ] GC(33)         Dead                           Min: 0, Avg:  0.0, Max: 0, Diff: 0, Sum: 0, Workers: 1
[0.803s][debug][gc,phases         ] GC(33)         Total                          Min: 0, Avg:  0.0, Max: 0, Diff: 0, Sum: 0, Workers: 1
[0.803s][debug][gc,phases         ] GC(33)       StringDedup Requests1 Weak     Min:  0.0, Avg:  0.0, Max:  0.0, Diff:  0.0, Sum:  0.0, Workers: 1
[0.803s][debug][gc,phases         ] GC(33)         Dead                           Min: 0, Avg:  0.0, Max: 0, Diff: 0, Sum: 0, Workers: 1
[0.803s][debug][gc,phases         ] GC(33)         Total                          Min: 0, Avg:  0.0, Max: 0, Diff: 0, Sum: 0, Workers: 1
[0.803s][debug][gc,phases         ] GC(33)       Weak JFR Old Object Samples    Min:  0.0, Avg:  0.0, Max:  0.0, Diff:  0.0, Sum:  0.0, Workers: 1
[0.803s][debug][gc,phases         ] GC(33)         Dead                           Min: 0, Avg:  0.0, Max: 0, Diff: 0, Sum: 0, Workers: 1
[0.803s][debug][gc,phases         ] GC(33)         Total                          Min: 0, Avg:  0.0, Max: 0, Diff: 0, Sum: 0, Workers: 1
[0.803s][debug][gc,phases         ] GC(33)     Post Evacuate Cleanup 1: 0.1ms
[0.803s][debug][gc,phases         ] GC(33)       Merge Per-Thread State (ms):   Min:  0.0, Avg:  0.0, Max:  0.0, Diff:  0.0, Sum:  0.0, Workers: 1
[0.803s][debug][gc,phases         ] GC(33)         Copied Bytes                   Min: 131104, Avg: 437013.3, Max: 721072, Diff: 589968, Sum: 5244160, Workers: 12
[0.803s][debug][gc,phases         ] GC(33)         LAB Waste                      Min: 0, Avg:  0.0, Max: 0, Diff: 0, Sum: 0, Workers: 12
[0.803s][debug][gc,phases         ] GC(33)         LAB Undo Waste                 Min: 0, Avg:  0.0, Max: 0, Diff: 0, Sum: 0, Workers: 12
[0.803s][debug][gc,phases         ] GC(33)       Clear Logged Cards (ms):       Min:  0.0, Avg:  0.0, Max:  0.0, Diff:  0.0, Sum:  0.0, Workers: 3
[0.803s][debug][gc,phases         ] GC(33)       Recalculate Used Memory (ms):  Min:  0.0, Avg:  0.0, Max:  0.0, Diff:  0.0, Sum:  0.0, Workers: 1
[0.803s][debug][gc,phases         ] GC(33)     Post Evacuate Cleanup 2: 0.2ms
[0.803s][debug][gc,phases         ] GC(33)       Reset Hot Card Cache (ms):     Min:  0.0, Avg:  0.0, Max:  0.0, Diff:  0.0, Sum:  0.0, Workers: 1
[0.803s][debug][gc,phases         ] GC(33)       Purge Code Roots (ms):         Min:  0.0, Avg:  0.0, Max:  0.0, Diff:  0.0, Sum:  0.0, Workers: 1
[0.803s][debug][gc,phases         ] GC(33)       Update Derived Pointers (ms):  Min:  0.0, Avg:  0.0, Max:  0.0, Diff:  0.0, Sum:  0.0, Workers: 1
[0.803s][debug][gc,phases         ] GC(33)       Eagerly Reclaim Humongous Objects (ms): Min:  0.0, Avg:  0.0, Max:  0.0, Diff:  0.0, Sum:  0.0, Workers: 1
[0.803s][debug][gc,phases         ] GC(33)         Humongous Total                Min: 31, Avg: 31.0, Max: 31, Diff: 0, Sum: 31, Workers: 1
[0.803s][debug][gc,phases         ] GC(33)         Humongous Candidates           Min: 31, Avg: 31.0, Max: 31, Diff: 0, Sum: 31, Workers: 1
[0.803s][debug][gc,phases         ] GC(33)         Humongous Reclaimed            Min: 0, Avg:  0.0, Max: 0, Diff: 0, Sum: 0, Workers: 1
[0.803s][debug][gc,phases         ] GC(33)       Redirty Logged Cards (ms):     Min:  0.0, Avg:  0.0, Max:  0.0, Diff:  0.0, Sum:  0.0, Workers: 12
[0.803s][debug][gc,phases         ] GC(33)         Redirtied Cards:               Min: 0, Avg:  1.0, Max: 12, Diff: 12, Sum: 12, Workers: 12
[0.803s][debug][gc,phases         ] GC(33)       Free Collection Set (ms):      Min:  0.0, Avg:  0.0, Max:  0.0, Diff:  0.0, Sum:  0.0, Workers: 12
[0.803s][debug][gc,phases         ] GC(33)     Rebuild Free List: 0.2ms
[0.803s][debug][gc,phases         ] GC(33)     Start New Collection Set: 0.0ms
[0.803s][debug][gc,phases         ] GC(33)     Resize TLABs: 0.0ms
[0.803s][debug][gc,phases         ] GC(33)     Expand Heap After Collection: 0.0ms
[0.803s][info ][gc,phases         ] GC(33)   Other: 0.2ms
[0.803s][info ][gc,heap           ] GC(33) Eden regions: 1->0(11)
[0.803s][info ][gc,heap           ] GC(33) Survivor regions: 2->1(2)
[0.803s][info ][gc,heap           ] GC(33) Old regions: 157->156
[0.803s][info ][gc,heap           ] GC(33) Archive regions: 2->2
[0.803s][info ][gc,heap           ] GC(33) Humongous regions: 89->89
[0.803s][info ][gc,metaspace      ] GC(33) Metaspace: 136K(320K)->136K(320K) NonClass: 130K(192K)->130K(192K) Class: 5K(128K)->5K(128K)
[0.803s][debug][gc,heap           ] GC(33) Heap after GC invocations=33 (full 2):
[0.803s][debug][gc,heap           ] GC(33)  garbage-first heap   total 262144K, used 245012K [0x00000000f0000000, 0x0000000100000000)
[0.803s][debug][gc,heap           ] GC(33)   region size 1024K, 1 young (1024K), 1 survivors (1024K)
[0.803s][debug][gc,heap           ] GC(33)  Metaspace       used 136K, committed 320K, reserved 1114112K
[0.803s][debug][gc,heap           ] GC(33)   class space    used 5K, committed 128K, reserved 1048576K
[0.803s][info ][gc                ] GC(33) Pause Young (Mixed) (G1 Preventive Collection) 239M->239M(256M) 3.434ms
[0.803s][info ][gc,cpu            ] GC(33) User=0.01s Sys=0.00s Real=0.00s
[0.812s][debug][gc,ergo,cset      ] Preventive GC, insufficient free regions. Predicted need 5. Curr Eden 3 (Pred 5). Curr Survivor 1 (Pred 1). Curr Old 156 (Pred 0) Free 5 Alloc 1
[0.812s][debug][gc,heap           ] GC(34) Heap before GC invocations=33 (full 2):
[0.812s][debug][gc,heap           ] GC(34)  garbage-first heap   total 262144K, used 246036K [0x00000000f0000000, 0x0000000100000000)
[0.812s][debug][gc,heap           ] GC(34)   region size 1024K, 4 young (4096K), 1 survivors (1024K)
[0.812s][debug][gc,heap           ] GC(34)  Metaspace       used 136K, committed 320K, reserved 1114112K
[0.812s][debug][gc,heap           ] GC(34)   class space    used 5K, committed 128K, reserved 1048576K
[0.812s][debug][gc,ergo           ] GC(34) Initiate concurrent cycle (concurrent cycle initiation requested)
[0.812s][info ][gc,start          ] GC(34) Pause Young (Concurrent Start) (G1 Preventive Collection)
[0.812s][info ][gc,task           ] GC(34) Using 12 workers of 13 for evacuation
[0.812s][debug][gc,tlab           ] GC(34) TLAB totals: thrds: 5  refills: 5 max: 1 slow allocs: 38 max 8 waste: 39.4% gc: 213096B max: 43104B slow: 0B max: 0B
[0.812s][debug][gc,age            ] GC(34) Desired survivor size 1048576 bytes, new threshold 15 (max threshold 15)
[0.812s][debug][gc,refine,stats   ] GC(34) Mutator refinement: 0.00ms, refined: 0, precleaned: 0, dirtied: 4
[0.812s][debug][gc,refine,stats   ] GC(34) Concurrent refinement: 0.00ms, refined: 0, precleaned: 0, dirtied: 0
[0.812s][debug][gc,refine,stats   ] GC(34) Total refinement: 0.00ms, refined: 0, precleaned: 0, dirtied: 4
[0.812s][debug][gc,refine,stats   ] GC(34) Generate dirty cards rate: 0.41 cards/ms
[0.812s][debug][gc,alloc,region   ] GC(34) Mutator Allocation stats, regions: 3, wasted size: 111K ( 3.6%)
[0.812s][debug][gc,humongous      ] GC(34) Humongous region 0 (object size 1048592 @ 0x00000000f0000000) remset 0 code roots 0 marked 0 reclaim candidate 1 type array 1
[0.812s][debug][gc,humongous      ] GC(34) Humongous region 2 (object size 1048592 @ 0x00000000f0200000) remset 0 code roots 0 marked 0 reclaim candidate 1 type array 1
[0.812s][debug][gc,humongous      ] GC(34) Humongous region 42 (object size 1048592 @ 0x00000000f2a00000) remset 0 code roots 0 marked 0 reclaim candidate 1 type array 1
[0.812s][debug][gc,humongous      ] GC(34) Humongous region 22 (object size 1048592 @ 0x00000000f1600000) remset 0 code roots 0 marked 0 reclaim candidate 1 type array 1
[0.812s][debug][gc,humongous      ] GC(34) Humongous region 24 (object size 1048592 @ 0x00000000f1800000) remset 0 code roots 0 marked 0 reclaim candidate 1 type array 1
[0.812s][debug][gc,humongous      ] GC(34) Humongous region 60 (object size 1048592 @ 0x00000000f3c00000) remset 0 code roots 0 marked 0 reclaim candidate 1 type array 1
[0.812s][debug][gc,humongous      ] GC(34) Humongous region 85 (object size 10485776 @ 0x00000000f5500000) remset 0 code roots 0 marked 0 reclaim candidate 1 type array 1
[0.812s][debug][gc,humongous      ] GC(34) Humongous region 83 (object size 1048592 @ 0x00000000f5300000) remset 0 code roots 0 marked 0 reclaim candidate 1 type array 1
[0.812s][debug][gc,humongous      ] GC(34) Humongous region 126 (object size 1048592 @ 0x00000000f7e00000) remset 0 code roots 0 marked 0 reclaim candidate 1 type array 1
[0.812s][debug][gc,humongous      ] GC(34) Humongous region 159 (object size 10485776 @ 0x00000000f9f00000) remset 0 code roots 0 marked 0 reclaim candidate 1 type array 1
[0.812s][debug][gc,humongous      ] GC(34) Humongous region 64 (object size 1048592 @ 0x00000000f4000000) remset 0 code roots 0 marked 0 reclaim candidate 1 type array 1
[0.812s][debug][gc,humongous      ] GC(34) Humongous region 26 (object size 1048592 @ 0x00000000f1a00000) remset 0 code roots 0 marked 0 reclaim candidate 1 type array 1
[0.812s][debug][gc,humongous      ] GC(34) Humongous region 203 (object size 1048592 @ 0x00000000fcb00000) remset 0 code roots 0 marked 0 reclaim candidate 1 type array 1
[0.812s][debug][gc,humongous      ] GC(34) Humongous region 16 (object size 1048592 @ 0x00000000f1000000) remset 0 code roots 0 marked 0 reclaim candidate 1 type array 1
[0.812s][debug][gc,humongous      ] GC(34) Humongous region 216 (object size 10485776 @ 0x00000000fd800000) remset 0 code roots 0 marked 0 reclaim candidate 1 type array 1
[0.812s][debug][gc,humongous      ] GC(34) Humongous region 244 (object size 1048592 @ 0x00000000ff400000) remset 0 code roots 0 marked 0 reclaim candidate 1 type array 1
[0.812s][debug][gc,humongous      ] GC(34) Humongous region 205 (object size 1048592 @ 0x00000000fcd00000) remset 0 code roots 0 marked 0 reclaim candidate 1 type array 1
[0.812s][debug][gc,humongous      ] GC(34) Humongous region 32 (object size 1048592 @ 0x00000000f2000000) remset 0 code roots 0 marked 0 reclaim candidate 1 type array 1
[0.812s][debug][gc,humongous      ] GC(34) Humongous region 34 (object size 1048592 @ 0x00000000f2200000) remset 0 code roots 0 marked 0 reclaim candidate 1 type array 1
[0.812s][debug][gc,humongous      ] GC(34) Humongous region 8 (object size 1048592 @ 0x00000000f0800000) remset 0 code roots 0 marked 0 reclaim candidate 1 type array 1
[0.812s][debug][gc,humongous      ] GC(34) Humongous region 38 (object size 1048592 @ 0x00000000f2600000) remset 0 code roots 0 marked 0 reclaim candidate 1 type array 1
[0.812s][debug][gc,humongous      ] GC(34) Humongous region 12 (object size 1048592 @ 0x00000000f0c00000) remset 0 code roots 0 marked 0 reclaim candidate 1 type array 1
[0.812s][debug][gc,humongous      ] GC(34) Humongous region 14 (object size 1048592 @ 0x00000000f0e00000) remset 0 code roots 0 marked 0 reclaim candidate 1 type array 1
[0.812s][debug][gc,humongous      ] GC(34) Humongous region 4 (object size 1048592 @ 0x00000000f0400000) remset 0 code roots 0 marked 0 reclaim candidate 1 type array 1
[0.812s][debug][gc,humongous      ] GC(34) Humongous region 20 (object size 1048592 @ 0x00000000f1400000) remset 0 code roots 0 marked 0 reclaim candidate 1 type array 1
[0.812s][debug][gc,humongous      ] GC(34) Humongous region 30 (object size 1048592 @ 0x00000000f1e00000) remset 0 code roots 0 marked 0 reclaim candidate 1 type array 1
[0.812s][debug][gc,humongous      ] GC(34) Humongous region 6 (object size 1048592 @ 0x00000000f0600000) remset 0 code roots 0 marked 0 reclaim candidate 1 type array 1
[0.812s][debug][gc,humongous      ] GC(34) Humongous region 36 (object size 1048592 @ 0x00000000f2400000) remset 0 code roots 0 marked 0 reclaim candidate 1 type array 1
[0.812s][debug][gc,humongous      ] GC(34) Humongous region 10 (object size 1048592 @ 0x00000000f0a00000) remset 0 code roots 0 marked 0 reclaim candidate 1 type array 1
[0.812s][debug][gc,humongous      ] GC(34) Humongous region 28 (object size 1048592 @ 0x00000000f1c00000) remset 0 code roots 0 marked 0 reclaim candidate 1 type array 1
[0.812s][debug][gc,humongous      ] GC(34) Humongous region 18 (object size 1048592 @ 0x00000000f1200000) remset 0 code roots 0 marked 0 reclaim candidate 1 type array 1
[0.813s][debug][gc,ergo           ] GC(34) Running G1 Merge Heap Roots using 12 workers for 4 regions
[0.813s][debug][gc,remset         ] GC(34) Visited cards 64 Total dirty 4096 (1.56%) Total old 522240 (0.01%)
[0.814s][debug][gc,ref            ] GC(34) Skipped phase 1 of Reference Processing: no references
[0.814s][debug][gc,ref            ] GC(34) Skipped phase 2 of Reference Processing: no references
[0.814s][debug][gc,ref            ] GC(34) Skipped phase 3 of Reference Processing: no references
[0.814s][debug][gc,ref            ] GC(34) Skipped phase 4 of Reference Processing: no references
[0.814s][debug][gc,ergo           ] GC(34) Running G1 Rebuild Free List Task using 12 workers for rebuilding free list of regions
[0.814s][debug][gc,plab           ] GC(34) Young PLAB allocation: allocated: 0B, wasted: 0B, unused: 0B, used: 0B, undo waste: 0B, 
[0.814s][debug][gc,plab           ] GC(34) Young other allocation: region end waste: 130592B, regions filled: 2, direct allocated: 1966560B, failure used: 0B, failure wasted: 0B
[0.814s][debug][gc,plab           ] GC(34) Young sizing: calculated: 0B, actual: 2064B
[0.814s][debug][gc,plab           ] GC(34) Old PLAB allocation: allocated: 0B, wasted: 0B, unused: 0B, used: 0B, undo waste: 0B, 
[0.814s][debug][gc,plab           ] GC(34) Old other allocation: region end waste: 130304B, regions filled: 3, direct allocated: 1638800B, failure used: 0B, failure wasted: 0B
[0.814s][debug][gc,plab           ] GC(34) Old sizing: calculated: 0B, actual: 2064B
[0.814s][debug][gc,ergo,heap      ] GC(34) Heap expansion: short term pause time ratio 47.84% long term pause time ratio 14.48% threshold 7.69% pause time ratio 7.69% fully expanded true resize by 0B
[0.814s][debug][gc,mmu            ] GC(34) MMU: 11.3ms (50.0ms/51.0ms)
[0.814s][debug][gc,alloc,stats    ] Old generation allocation in the last mutator period, old gen allocated: 0B, humongous allocated: 0B,old gen growth: 0B.
[0.814s][debug][gc,ihop           ] GC(34) Basic information (value update), threshold: 212751497B (79.26), target occupancy: 268435456B, current occupancy: 253907136B, recent allocation size: 0B, recent allocation duration: 9.77ms, recent old gen allocation rate: 0.00B/s, recent marking phase length: 12.59ms
[0.814s][debug][gc,ihop           ] GC(34) Adaptive IHOP information (value update), threshold: 212751497B (93.24), internal target occupancy: 228170137B, occupancy: 253907136B, additional buffer size: 12582912B, predicted old gen allocation rate: 52309844.92B/s, predicted marking phase length: 54.21ms, prediction active: true
[0.814s][debug][gc,ergo,refine    ] GC(34) Concurrent refinement times: Logged Cards Scan time goal: 5.00ms Logged Cards Scan time: 0.00ms HCC time: 0.00ms
[0.814s][debug][gc,ergo,refine    ] GC(34) Updated Refinement Zones: green: 3328, yellow: 9984, red: 16640
[0.814s][info ][gc,phases         ] GC(34)   Pre Evacuate Collection Set: 0.6ms
[0.814s][debug][gc,phases         ] GC(34)     Prepare TLABs: 0.0ms
[0.814s][debug][gc,phases         ] GC(34)     Concatenate Dirty Card Logs: 0.0ms
[0.814s][debug][gc,phases         ] GC(34)     Choose Collection Set: 0.0ms
[0.814s][debug][gc,phases         ] GC(34)     Region Register: 0.6ms
[0.814s][debug][gc,phases         ] GC(34)     Prepare Heap Roots: 0.0ms
[0.814s][debug][gc,phases         ] GC(34)     Clear Claimed Marks: 0.0ms
[0.814s][info ][gc,phases         ] GC(34)   Merge Heap Roots: 0.2ms
[0.814s][debug][gc,phases         ] GC(34)     Prepare Merge Heap Roots: 0.0ms
[0.814s][debug][gc,phases         ] GC(34)     Eager Reclaim (ms):            Min:  0.0, Avg:  0.0, Max:  0.0, Diff:  0.0, Sum:  0.0, Workers: 1
[0.814s][debug][gc,phases         ] GC(34)     Remembered Sets (ms):          Min:  0.0, Avg:  0.0, Max:  0.0, Diff:  0.0, Sum:  0.0, Workers: 12
[0.814s][debug][gc,phases         ] GC(34)       Merged Sparse:                 Min: 0, Avg:  0.0, Max: 0, Diff: 0, Sum: 0, Workers: 12
[0.814s][debug][gc,phases         ] GC(34)       Merged Fine:                   Min: 0, Avg:  0.0, Max: 0, Diff: 0, Sum: 0, Workers: 12
[0.814s][debug][gc,phases         ] GC(34)       Merged Coarse:                 Min: 0, Avg:  0.0, Max: 0, Diff: 0, Sum: 0, Workers: 12
[0.814s][debug][gc,phases         ] GC(34)       Dirty Cards:                   Min: 0, Avg:  0.0, Max: 0, Diff: 0, Sum: 0, Workers: 12
[0.814s][debug][gc,phases         ] GC(34)     Hot Card Cache (ms):           Min:  0.0, Avg:  0.0, Max:  0.0, Diff:  0.0, Sum:  0.0, Workers: 12
[0.814s][debug][gc,phases         ] GC(34)       Dirty Cards:                   Min: 0, Avg:  0.0, Max: 0, Diff: 0, Sum: 0, Workers: 12
[0.814s][debug][gc,phases         ] GC(34)       Skipped Cards:                 Min: 0, Avg:  0.0, Max: 0, Diff: 0, Sum: 0, Workers: 12
[0.814s][debug][gc,phases         ] GC(34)     Log Buffers (ms):              Min:  0.0, Avg:  0.0, Max:  0.0, Diff:  0.0, Sum:  0.0, Workers: 12
[0.814s][debug][gc,phases         ] GC(34)       Dirty Cards:                   Min: 0, Avg:  0.3, Max: 4, Diff: 4, Sum: 4, Workers: 12
[0.814s][debug][gc,phases         ] GC(34)       Skipped Cards:                 Min: 0, Avg:  0.0, Max: 0, Diff: 0, Sum: 0, Workers: 12
[0.814s][info ][gc,phases         ] GC(34)   Evacuate Collection Set: 0.7ms
[0.814s][debug][gc,phases         ] GC(34)     Ext Root Scanning (ms):        Min:  0.0, Avg:  0.0, Max:  0.1, Diff:  0.1, Sum:  0.2, Workers: 12
[0.814s][debug][gc,phases         ] GC(34)     Scan Heap Roots (ms):          Min:  0.0, Avg:  0.0, Max:  0.0, Diff:  0.0, Sum:  0.0, Workers: 12
[0.814s][debug][gc,phases         ] GC(34)       Scanned Cards:                 Min: 0, Avg:  1.3, Max: 15, Diff: 15, Sum: 16, Workers: 12
[0.814s][debug][gc,phases         ] GC(34)       Scanned Blocks:                Min: 0, Avg:  0.2, Max: 2, Diff: 2, Sum: 3, Workers: 12
[0.814s][debug][gc,phases         ] GC(34)       Claimed Chunks:                Min: 0, Avg:  0.2, Max: 1, Diff: 1, Sum: 2, Workers: 12
[0.814s][debug][gc,phases         ] GC(34)     Code Root Scan (ms):           Min:  0.0, Avg:  0.0, Max:  0.0, Diff:  0.0, Sum:  0.0, Workers: 12
[0.814s][debug][gc,phases         ] GC(34)     Object Copy (ms):              Min:  0.1, Avg:  0.2, Max:  0.3, Diff:  0.2, Sum:  2.8, Workers: 12
[0.814s][debug][gc,phases         ] GC(34)     Termination (ms):              Min:  0.1, Avg:  0.2, Max:  0.3, Diff:  0.1, Sum:  2.6, Workers: 12
[0.814s][debug][gc,phases         ] GC(34)       Termination Attempts:          Min: 1, Avg:  1.3, Max: 2, Diff: 1, Sum: 16, Workers: 12
[0.814s][debug][gc,phases         ] GC(34)     GC Worker Other (ms):          Min:  0.0, Avg:  0.0, Max:  0.0, Diff:  0.0, Sum:  0.1, Workers: 12
[0.814s][debug][gc,phases         ] GC(34)     GC Worker Total (ms):          Min:  0.3, Avg:  0.5, Max:  0.6, Diff:  0.2, Sum:  5.7, Workers: 12
[0.814s][info ][gc,phases         ] GC(34)   Post Evacuate Collection Set: 0.4ms
[0.814s][debug][gc,phases         ] GC(34)     Code Roots Fixup: 0.0ms
[0.814s][debug][gc,phases         ] GC(34)     Reference Processing: 0.0ms
[0.814s][debug][gc,phases,ref     ] GC(34)       Reconsider SoftReferences: 0.0ms
[0.814s][debug][gc,phases,ref     ] GC(34)         SoftRef (ms):                  skipped
[0.814s][debug][gc,phases,ref     ] GC(34)       Notify Soft/WeakReferences: 0.0ms
[0.814s][debug][gc,phases,ref     ] GC(34)         SoftRef (ms):                  skipped
[0.814s][debug][gc,phases,ref     ] GC(34)         WeakRef (ms):                  skipped
[0.814s][debug][gc,phases,ref     ] GC(34)         FinalRef (ms):                 skipped
[0.814s][debug][gc,phases,ref     ] GC(34)         Total (ms):                    skipped
[0.814s][debug][gc,phases,ref     ] GC(34)       Notify and keep alive finalizable: 0.0ms
[0.814s][debug][gc,phases,ref     ] GC(34)         FinalRef (ms):                 skipped
[0.814s][debug][gc,phases,ref     ] GC(34)       Notify PhantomReferences: 0.0ms
[0.814s][debug][gc,phases,ref     ] GC(34)         PhantomRef (ms):               skipped
[0.814s][debug][gc,phases,ref     ] GC(34)       SoftReference:
[0.814s][debug][gc,phases,ref     ] GC(34)         Discovered: 0
[0.814s][debug][gc,phases,ref     ] GC(34)         Cleared: 0
[0.814s][debug][gc,phases,ref     ] GC(34)       WeakReference:
[0.814s][debug][gc,phases,ref     ] GC(34)         Discovered: 0
[0.814s][debug][gc,phases,ref     ] GC(34)         Cleared: 0
[0.814s][debug][gc,phases,ref     ] GC(34)       FinalReference:
[0.814s][debug][gc,phases,ref     ] GC(34)         Discovered: 0
[0.814s][debug][gc,phases,ref     ] GC(34)         Cleared: 0
[0.814s][debug][gc,phases,ref     ] GC(34)       PhantomReference:
[0.814s][debug][gc,phases,ref     ] GC(34)         Discovered: 0
[0.814s][debug][gc,phases,ref     ] GC(34)         Cleared: 0
[0.814s][debug][gc,phases         ] GC(34)     Weak Processing: 0.0ms
[0.814s][debug][gc,phases         ] GC(34)       VM Weak                        Min:  0.0, Avg:  0.0, Max:  0.0, Diff:  0.0, Sum:  0.0, Workers: 1
[0.814s][debug][gc,phases         ] GC(34)         Dead                           Min: 0, Avg:  0.0, Max: 0, Diff: 0, Sum: 0, Workers: 1
[0.814s][debug][gc,phases         ] GC(34)         Total                          Min: 4, Avg:  4.0, Max: 4, Diff: 0, Sum: 4, Workers: 1
[0.814s][debug][gc,phases         ] GC(34)       ObjectSynchronizer Weak        Min:  0.0, Avg:  0.0, Max:  0.0, Diff:  0.0, Sum:  0.0, Workers: 1
[0.814s][debug][gc,phases         ] GC(34)         Dead                           Min: 0, Avg:  0.0, Max: 0, Diff: 0, Sum: 0, Workers: 1
[0.814s][debug][gc,phases         ] GC(34)         Total                          Min: 4, Avg:  4.0, Max: 4, Diff: 0, Sum: 4, Workers: 1
[0.814s][debug][gc,phases         ] GC(34)       JVMTI Tag Weak OopStorage      Min:  0.0, Avg:  0.0, Max:  0.0, Diff:  0.0, Sum:  0.0, Workers: 1
[0.814s][debug][gc,phases         ] GC(34)         Dead                           Min: 0, Avg:  0.0, Max: 0, Diff: 0, Sum: 0, Workers: 1
[0.814s][debug][gc,phases         ] GC(34)         Total                          Min: 0, Avg:  0.0, Max: 0, Diff: 0, Sum: 0, Workers: 1
[0.814s][debug][gc,phases         ] GC(34)       StringTable Weak               Min:  0.0, Avg:  0.0, Max:  0.0, Diff:  0.0, Sum:  0.0, Workers: 1
[0.814s][debug][gc,phases         ] GC(34)         Dead                           Min: 0, Avg:  0.0, Max: 0, Diff: 0, Sum: 0, Workers: 1
[0.814s][debug][gc,phases         ] GC(34)         Total                          Min: 39, Avg: 39.0, Max: 39, Diff: 0, Sum: 39, Workers: 1
[0.814s][debug][gc,phases         ] GC(34)       ResolvedMethodTable Weak       Min:  0.0, Avg:  0.0, Max:  0.0, Diff:  0.0, Sum:  0.0, Workers: 1
[0.814s][debug][gc,phases         ] GC(34)         Dead                           Min: 0, Avg:  0.0, Max: 0, Diff: 0, Sum: 0, Workers: 1
[0.814s][debug][gc,phases         ] GC(34)         Total                          Min: 22, Avg: 22.0, Max: 22, Diff: 0, Sum: 22, Workers: 1
[0.814s][debug][gc,phases         ] GC(34)       JNI Weak                       Min:  0.0, Avg:  0.0, Max:  0.0, Diff:  0.0, Sum:  0.0, Workers: 1
[0.814s][debug][gc,phases         ] GC(34)         Dead                           Min: 0, Avg:  0.0, Max: 0, Diff: 0, Sum: 0, Workers: 1
[0.814s][debug][gc,phases         ] GC(34)         Total                          Min: 0, Avg:  0.0, Max: 0, Diff: 0, Sum: 0, Workers: 1
[0.814s][debug][gc,phases         ] GC(34)       StringDedup Table Weak         Min:  0.0, Avg:  0.0, Max:  0.0, Diff:  0.0, Sum:  0.0, Workers: 1
[0.814s][debug][gc,phases         ] GC(34)         Dead                           Min: 0, Avg:  0.0, Max: 0, Diff: 0, Sum: 0, Workers: 1
[0.814s][debug][gc,phases         ] GC(34)         Total                          Min: 0, Avg:  0.0, Max: 0, Diff: 0, Sum: 0, Workers: 1
[0.814s][debug][gc,phases         ] GC(34)       StringDedup Requests0 Weak     Min:  0.0, Avg:  0.0, Max:  0.0, Diff:  0.0, Sum:  0.0, Workers: 1
[0.814s][debug][gc,phases         ] GC(34)         Dead                           Min: 0, Avg:  0.0, Max: 0, Diff: 0, Sum: 0, Workers: 1
[0.814s][debug][gc,phases         ] GC(34)         Total                          Min: 0, Avg:  0.0, Max: 0, Diff: 0, Sum: 0, Workers: 1
[0.814s][debug][gc,phases         ] GC(34)       StringDedup Requests1 Weak     Min:  0.0, Avg:  0.0, Max:  0.0, Diff:  0.0, Sum:  0.0, Workers: 1
[0.814s][debug][gc,phases         ] GC(34)         Dead                           Min: 0, Avg:  0.0, Max: 0, Diff: 0, Sum: 0, Workers: 1
[0.814s][debug][gc,phases         ] GC(34)         Total                          Min: 0, Avg:  0.0, Max: 0, Diff: 0, Sum: 0, Workers: 1
[0.814s][debug][gc,phases         ] GC(34)       Weak JFR Old Object Samples    Min:  0.0, Avg:  0.0, Max:  0.0, Diff:  0.0, Sum:  0.0, Workers: 1
[0.814s][debug][gc,phases         ] GC(34)         Dead                           Min: 0, Avg:  0.0, Max: 0, Diff: 0, Sum: 0, Workers: 1
[0.814s][debug][gc,phases         ] GC(34)         Total                          Min: 0, Avg:  0.0, Max: 0, Diff: 0, Sum: 0, Workers: 1
[0.814s][debug][gc,phases         ] GC(34)     Post Evacuate Cleanup 1: 0.1ms
[0.814s][debug][gc,phases         ] GC(34)       Merge Per-Thread State (ms):   Min:  0.0, Avg:  0.0, Max:  0.0, Diff:  0.0, Sum:  0.0, Workers: 1
[0.814s][debug][gc,phases         ] GC(34)         Copied Bytes                   Min: 131104, Avg: 300446.7, Max: 589968, Diff: 458864, Sum: 3605360, Workers: 12
[0.814s][debug][gc,phases         ] GC(34)         LAB Waste                      Min: 0, Avg:  0.0, Max: 0, Diff: 0, Sum: 0, Workers: 12
[0.814s][debug][gc,phases         ] GC(34)         LAB Undo Waste                 Min: 0, Avg:  0.0, Max: 0, Diff: 0, Sum: 0, Workers: 12
[0.814s][debug][gc,phases         ] GC(34)       Clear Logged Cards (ms):       Min:  0.0, Avg:  0.0, Max:  0.0, Diff:  0.0, Sum:  0.0, Workers: 3
[0.814s][debug][gc,phases         ] GC(34)       Recalculate Used Memory (ms):  Min:  0.0, Avg:  0.0, Max:  0.0, Diff:  0.0, Sum:  0.0, Workers: 1
[0.814s][debug][gc,phases         ] GC(34)     Post Evacuate Cleanup 2: 0.1ms
[0.814s][debug][gc,phases         ] GC(34)       Reset Hot Card Cache (ms):     Min:  0.0, Avg:  0.0, Max:  0.0, Diff:  0.0, Sum:  0.0, Workers: 1
[0.814s][debug][gc,phases         ] GC(34)       Purge Code Roots (ms):         Min:  0.0, Avg:  0.0, Max:  0.0, Diff:  0.0, Sum:  0.0, Workers: 1
[0.814s][debug][gc,phases         ] GC(34)       Update Derived Pointers (ms):  Min:  0.0, Avg:  0.0, Max:  0.0, Diff:  0.0, Sum:  0.0, Workers: 1
[0.814s][debug][gc,phases         ] GC(34)       Eagerly Reclaim Humongous Objects (ms): Min:  0.0, Avg:  0.0, Max:  0.0, Diff:  0.0, Sum:  0.0, Workers: 1
[0.814s][debug][gc,phases         ] GC(34)         Humongous Total                Min: 31, Avg: 31.0, Max: 31, Diff: 0, Sum: 31, Workers: 1
[0.814s][debug][gc,phases         ] GC(34)         Humongous Candidates           Min: 31, Avg: 31.0, Max: 31, Diff: 0, Sum: 31, Workers: 1
[0.814s][debug][gc,phases         ] GC(34)         Humongous Reclaimed            Min: 0, Avg:  0.0, Max: 0, Diff: 0, Sum: 0, Workers: 1
[0.814s][debug][gc,phases         ] GC(34)       Redirty Logged Cards (ms):     Min:  0.0, Avg:  0.0, Max:  0.0, Diff:  0.0, Sum:  0.0, Workers: 12
[0.814s][debug][gc,phases         ] GC(34)         Redirtied Cards:               Min: 0, Avg:  1.8, Max: 22, Diff: 22, Sum: 22, Workers: 12
[0.814s][debug][gc,phases         ] GC(34)       Free Collection Set (ms):      Min:  0.0, Avg:  0.0, Max:  0.0, Diff:  0.0, Sum:  0.0, Workers: 12
[0.814s][debug][gc,phases         ] GC(34)     Rebuild Free List: 0.2ms
[0.814s][debug][gc,phases         ] GC(34)     Start New Collection Set: 0.0ms
[0.814s][debug][gc,phases         ] GC(34)     Resize TLABs: 0.0ms
[0.814s][debug][gc,phases         ] GC(34)     Expand Heap After Collection: 0.0ms
[0.814s][info ][gc,phases         ] GC(34)   Other: 0.3ms
[0.814s][info ][gc,heap           ] GC(34) Eden regions: 3->0(10)
[0.814s][info ][gc,heap           ] GC(34) Survivor regions: 1->2(2)
[0.814s][info ][gc,heap           ] GC(34) Old regions: 156->158
[0.814s][info ][gc,heap           ] GC(34) Archive regions: 2->2
[0.814s][info ][gc,heap           ] GC(34) Humongous regions: 89->89
[0.814s][info ][gc,metaspace      ] GC(34) Metaspace: 136K(320K)->136K(320K) NonClass: 130K(192K)->130K(192K) Class: 5K(128K)->5K(128K)
[0.814s][debug][gc,heap           ] GC(34) Heap after GC invocations=34 (full 2):
[0.814s][debug][gc,heap           ] GC(34)  garbage-first heap   total 262144K, used 247956K [0x00000000f0000000, 0x0000000100000000)
[0.814s][debug][gc,heap           ] GC(34)   region size 1024K, 2 young (2048K), 2 survivors (2048K)
[0.814s][debug][gc,heap           ] GC(34)  Metaspace       used 136K, committed 320K, reserved 1114112K
[0.814s][debug][gc,heap           ] GC(34)   class space    used 5K, committed 128K, reserved 1048576K
[0.814s][info ][gc                ] GC(34) Pause Young (Concurrent Start) (G1 Preventive Collection) 242M->242M(256M) 2.529ms
[0.814s][info ][gc,cpu            ] GC(34) User=0.01s Sys=0.00s Real=0.01s
[0.815s][info ][gc                ] GC(35) Concurrent Mark Cycle
[0.815s][info ][gc,marking        ] GC(35) Concurrent Clear Claimed Marks
[0.815s][info ][gc,marking        ] GC(35) Concurrent Clear Claimed Marks 0.006ms
[0.815s][info ][gc,marking        ] GC(35) Concurrent Scan Root Regions
[0.815s][debug][gc,ergo           ] GC(35) Running G1 Root Region Scan using 3 workers for 5 work units.
[0.815s][info ][gc,marking        ] GC(35) Concurrent Scan Root Regions 0.054ms
[0.815s][info ][gc,marking        ] GC(35) Concurrent Mark
[0.815s][info ][gc,marking        ] GC(35) Concurrent Mark From Roots
[0.815s][info ][gc,task           ] GC(35) Using 3 workers of 3 for marking
[0.816s][debug][gc,stats          ] ---------------------------------------------------------------------
[0.816s][debug][gc,stats          ] Marking Stats, task = 0, calls = 5
[0.816s][debug][gc,stats          ]   Elapsed time = 1.18ms, Termination time = 1.16ms
[0.816s][debug][gc,stats          ]   Step Times (cum): num = 398, avg = 0.01ms, sd = 0.10ms max = 1.18ms, total = 5.88ms
[0.816s][debug][gc,stats          ]   Mark Stats Cache: hits 7382 misses 0 ratio 100.000
[0.816s][debug][gc,stats          ] ---------------------------------------------------------------------
[0.816s][debug][gc,stats          ] Marking Stats, task = 1, calls = 4
[0.816s][debug][gc,stats          ]   Elapsed time = 1.15ms, Termination time = 1.05ms
[0.816s][debug][gc,stats          ]   Step Times (cum): num = 47, avg = 0.15ms, sd = 0.31ms max = 1.08ms, total = 6.90ms
[0.816s][debug][gc,stats          ]   Mark Stats Cache: hits 5495 misses 0 ratio 100.000
[0.816s][debug][gc,stats          ] ---------------------------------------------------------------------
[0.816s][debug][gc,stats          ] Marking Stats, task = 2, calls = 1
[0.816s][debug][gc,stats          ]   Elapsed time = 1.16ms, Termination time = 0.00ms
[0.816s][debug][gc,stats          ]   Step Times (cum): num = 33, avg = 0.11ms, sd = 0.26ms max = 1.18ms, total = 3.64ms
[0.816s][debug][gc,stats          ]   Mark Stats Cache: hits 13298 misses 0 ratio 100.000
[0.816s][debug][gc,stats          ] ---------------------------------------------------------------------
[0.816s][info ][gc,marking        ] GC(35) Concurrent Mark From Roots 1.326ms
[0.816s][info ][gc,marking        ] GC(35) Concurrent Preclean
[0.816s][debug][gc,ref,start      ] GC(35) Preclean SoftReferences
[0.816s][debug][gc,ref            ] GC(35) Preclean SoftReferences 0.049ms
[0.816s][debug][gc,ref,start      ] GC(35) Preclean WeakReferences
[0.816s][debug][gc,ref            ] GC(35) Preclean WeakReferences 0.047ms
[0.816s][debug][gc,ref,start      ] GC(35) Preclean FinalReferences
[0.816s][debug][gc,ref            ] GC(35) Preclean FinalReferences 0.046ms
[0.816s][debug][gc,ref,start      ] GC(35) Preclean PhantomReferences
[0.816s][debug][gc,ref            ] GC(35) Preclean PhantomReferences 0.046ms
[0.816s][info ][gc,marking        ] GC(35) Concurrent Preclean 0.206ms
[0.816s][info ][gc,start          ] GC(35) Pause Remark
[0.816s][debug][gc,phases,start   ] GC(35) Finalize Marking
[0.817s][debug][gc,stats          ] ---------------------------------------------------------------------
[0.817s][debug][gc,stats          ] Marking Stats, task = 0, calls = 58
[0.817s][debug][gc,stats          ]   Elapsed time = 0.32ms, Termination time = 1.35ms
[0.817s][debug][gc,stats          ]   Step Times (cum): num = 451, avg = 0.01ms, sd = 0.10ms max = 1.18ms, total = 6.07ms
[0.817s][debug][gc,stats          ]   Mark Stats Cache: hits 7382 misses 0 ratio 100.000
[0.817s][debug][gc,stats          ] ---------------------------------------------------------------------
[0.817s][debug][gc,stats          ] Marking Stats, task = 1, calls = 5
[0.817s][debug][gc,stats          ]   Elapsed time = 0.24ms, Termination time = 1.07ms
[0.817s][debug][gc,stats          ]   Step Times (cum): num = 48, avg = 0.14ms, sd = 0.31ms max = 1.08ms, total = 6.92ms
[0.817s][debug][gc,stats          ]   Mark Stats Cache: hits 5495 misses 0 ratio 100.000
[0.817s][debug][gc,stats          ] ---------------------------------------------------------------------
[0.817s][debug][gc,stats          ] Marking Stats, task = 2, calls = 2
[0.817s][debug][gc,stats          ]   Elapsed time = 0.26ms, Termination time = 0.02ms
[0.817s][debug][gc,stats          ]   Step Times (cum): num = 34, avg = 0.11ms, sd = 0.26ms max = 1.18ms, total = 3.66ms
[0.817s][debug][gc,stats          ]   Mark Stats Cache: hits 13298 misses 0 ratio 100.000
[0.817s][debug][gc,stats          ] ---------------------------------------------------------------------
[0.817s][debug][gc,stats          ] Marking Stats, task = 3, calls = 1
[0.817s][debug][gc,stats          ]   Elapsed time = 0.25ms, Termination time = 0.02ms
[0.817s][debug][gc,stats          ]   Step Times (cum): num = 8, avg = 0.02ms, sd = 0.01ms max = 0.05ms, total = 0.18ms
[0.817s][debug][gc,stats          ]   Mark Stats Cache: hits 40 misses 0 ratio 100.000
[0.817s][debug][gc,stats          ] ---------------------------------------------------------------------
[0.817s][debug][gc,stats          ] Marking Stats, task = 4, calls = 1
[0.817s][debug][gc,stats          ]   Elapsed time = 0.26ms, Termination time = 0.01ms
[0.817s][debug][gc,stats          ]   Step Times (cum): num = 8, avg = 0.02ms, sd = 0.01ms max = 0.04ms, total = 0.18ms
[0.817s][debug][gc,stats          ]   Mark Stats Cache: hits 7 misses 0 ratio 100.000
[0.817s][debug][gc,stats          ] ---------------------------------------------------------------------
[0.817s][debug][gc,stats          ] Marking Stats, task = 5, calls = 1
[0.817s][debug][gc,stats          ]   Elapsed time = 0.25ms, Termination time = 0.02ms
[0.817s][debug][gc,stats          ]   Step Times (cum): num = 8, avg = 0.02ms, sd = 0.00ms max = 0.02ms, total = 0.14ms
[0.817s][debug][gc,stats          ]   Mark Stats Cache: hits 0 misses 0 ratio 0.000
[0.817s][debug][gc,stats          ] ---------------------------------------------------------------------
[0.817s][debug][gc,stats          ] Marking Stats, task = 6, calls = 1
[0.817s][debug][gc,stats          ]   Elapsed time = 0.26ms, Termination time = 0.02ms
[0.817s][debug][gc,stats          ]   Step Times (cum): num = 8, avg = 0.02ms, sd = 0.00ms max = 0.02ms, total = 0.14ms
[0.817s][debug][gc,stats          ]   Mark Stats Cache: hits 0 misses 0 ratio 0.000
[0.817s][debug][gc,stats          ] ---------------------------------------------------------------------
[0.817s][debug][gc,stats          ] Marking Stats, task = 7, calls = 1
[0.817s][debug][gc,stats          ]   Elapsed time = 0.25ms, Termination time = 0.02ms
[0.817s][debug][gc,stats          ]   Step Times (cum): num = 8, avg = 0.02ms, sd = 0.01ms max = 0.04ms, total = 0.16ms
[0.817s][debug][gc,stats          ]   Mark Stats Cache: hits 0 misses 0 ratio 0.000
[0.817s][debug][gc,stats          ] ---------------------------------------------------------------------
[0.817s][debug][gc,stats          ] Marking Stats, task = 8, calls = 1
[0.817s][debug][gc,stats          ]   Elapsed time = 0.24ms, Termination time = 0.02ms
[0.817s][debug][gc,stats          ]   Step Times (cum): num = 8, avg = 0.03ms, sd = 0.01ms max = 0.05ms, total = 0.21ms
[0.817s][debug][gc,stats          ]   Mark Stats Cache: hits 0 misses 0 ratio 0.000
[0.817s][debug][gc,stats          ] ---------------------------------------------------------------------
[0.817s][debug][gc,stats          ] Marking Stats, task = 9, calls = 1
[0.817s][debug][gc,stats          ]   Elapsed time = 0.25ms, Termination time = 0.02ms
[0.817s][debug][gc,stats          ]   Step Times (cum): num = 8, avg = 0.02ms, sd = 0.01ms max = 0.06ms, total = 0.17ms
[0.817s][debug][gc,stats          ]   Mark Stats Cache: hits 0 misses 0 ratio 0.000
[0.817s][debug][gc,stats          ] ---------------------------------------------------------------------
[0.817s][debug][gc,stats          ] Marking Stats, task = 10, calls = 1
[0.817s][debug][gc,stats          ]   Elapsed time = 0.15ms, Termination time = 0.01ms
[0.817s][debug][gc,stats          ]   Step Times (cum): num = 8, avg = 0.01ms, sd = 0.00ms max = 0.02ms, total = 0.12ms
[0.817s][debug][gc,stats          ]   Mark Stats Cache: hits 0 misses 0 ratio 0.000
[0.817s][debug][gc,stats          ] ---------------------------------------------------------------------
[0.817s][debug][gc,stats          ] Marking Stats, task = 11, calls = 1
[0.817s][debug][gc,stats          ]   Elapsed time = 0.13ms, Termination time = 0.00ms
[0.817s][debug][gc,stats          ]   Step Times (cum): num = 8, avg = 0.00ms, sd = 0.00ms max = 0.00ms, total = 0.00ms
[0.817s][debug][gc,stats          ]   Mark Stats Cache: hits 0 misses 0 ratio 0.000
[0.817s][debug][gc,stats          ] ---------------------------------------------------------------------
[0.817s][debug][gc,phases         ] GC(35) Finalize Marking 0.631ms
[0.817s][debug][gc,phases,start   ] GC(35) Reference Processing
[0.817s][debug][gc,ref            ] GC(35) Skipped phase 1 of Reference Processing: no references
[0.817s][debug][gc,ref            ] GC(35) Skipped phase 2 of Reference Processing: no references
[0.817s][debug][gc,ref            ] GC(35) Skipped phase 3 of Reference Processing: no references
[0.817s][debug][gc,ref            ] GC(35) Skipped phase 4 of Reference Processing: no references
[0.817s][debug][gc,phases,ref     ] GC(35) Reference Processing: 0.0ms
[0.817s][debug][gc,phases,ref     ] GC(35)   Reconsider SoftReferences: 0.0ms
[0.817s][debug][gc,phases,ref     ] GC(35)     SoftRef (ms):                  skipped
[0.817s][debug][gc,phases,ref     ] GC(35)   Notify Soft/WeakReferences: 0.0ms
[0.817s][debug][gc,phases,ref     ] GC(35)     SoftRef (ms):                  skipped
[0.817s][debug][gc,phases,ref     ] GC(35)     WeakRef (ms):                  skipped
[0.817s][debug][gc,phases,ref     ] GC(35)     FinalRef (ms):                 skipped
[0.817s][debug][gc,phases,ref     ] GC(35)     Total (ms):                    skipped
[0.817s][debug][gc,phases,ref     ] GC(35)   Notify and keep alive finalizable: 0.0ms
[0.817s][debug][gc,phases,ref     ] GC(35)     FinalRef (ms):                 skipped
[0.817s][debug][gc,phases,ref     ] GC(35)   Notify PhantomReferences: 0.0ms
[0.817s][debug][gc,phases,ref     ] GC(35)     PhantomRef (ms):               skipped
[0.817s][debug][gc,phases,ref     ] GC(35)   SoftReference:
[0.817s][debug][gc,phases,ref     ] GC(35)     Discovered: 0
[0.817s][debug][gc,phases,ref     ] GC(35)     Cleared: 0
[0.817s][debug][gc,phases,ref     ] GC(35)   WeakReference:
[0.817s][debug][gc,phases,ref     ] GC(35)     Discovered: 0
[0.817s][debug][gc,phases,ref     ] GC(35)     Cleared: 0
[0.817s][debug][gc,phases,ref     ] GC(35)   FinalReference:
[0.817s][debug][gc,phases,ref     ] GC(35)     Discovered: 0
[0.817s][debug][gc,phases,ref     ] GC(35)     Cleared: 0
[0.817s][debug][gc,phases,ref     ] GC(35)   PhantomReference:
[0.817s][debug][gc,phases,ref     ] GC(35)     Discovered: 0
[0.817s][debug][gc,phases,ref     ] GC(35)     Cleared: 0
[0.817s][debug][gc,phases         ] GC(35) Reference Processing 0.161ms
[0.817s][debug][gc,phases,start   ] GC(35) Weak Processing
[0.817s][debug][gc,phases         ] GC(35)   VM Weak                        Min:  0.0, Avg:  0.0, Max:  0.0, Diff:  0.0, Sum:  0.0, Workers: 1
[0.817s][debug][gc,phases         ] GC(35)     Dead                           Min: 0, Avg:  0.0, Max: 0, Diff: 0, Sum: 0, Workers: 1
[0.817s][debug][gc,phases         ] GC(35)     Total                          Min: 4, Avg:  4.0, Max: 4, Diff: 0, Sum: 4, Workers: 1
[0.817s][debug][gc,phases         ] GC(35)   ObjectSynchronizer Weak        Min:  0.0, Avg:  0.0, Max:  0.0, Diff:  0.0, Sum:  0.0, Workers: 1
[0.817s][debug][gc,phases         ] GC(35)     Dead                           Min: 0, Avg:  0.0, Max: 0, Diff: 0, Sum: 0, Workers: 1
[0.817s][debug][gc,phases         ] GC(35)     Total                          Min: 4, Avg:  4.0, Max: 4, Diff: 0, Sum: 4, Workers: 1
[0.817s][debug][gc,phases         ] GC(35)   JVMTI Tag Weak OopStorage      Min:  0.0, Avg:  0.0, Max:  0.0, Diff:  0.0, Sum:  0.0, Workers: 1
[0.817s][debug][gc,phases         ] GC(35)     Dead                           Min: 0, Avg:  0.0, Max: 0, Diff: 0, Sum: 0, Workers: 1
[0.817s][debug][gc,phases         ] GC(35)     Total                          Min: 0, Avg:  0.0, Max: 0, Diff: 0, Sum: 0, Workers: 1
[0.817s][debug][gc,phases         ] GC(35)   StringTable Weak               Min:  0.0, Avg:  0.0, Max:  0.0, Diff:  0.0, Sum:  0.0, Workers: 1
[0.817s][debug][gc,phases         ] GC(35)     Dead                           Min: 0, Avg:  0.0, Max: 0, Diff: 0, Sum: 0, Workers: 1
[0.817s][debug][gc,phases         ] GC(35)     Total                          Min: 39, Avg: 39.0, Max: 39, Diff: 0, Sum: 39, Workers: 1
[0.817s][debug][gc,phases         ] GC(35)   ResolvedMethodTable Weak       Min:  0.0, Avg:  0.0, Max:  0.0, Diff:  0.0, Sum:  0.0, Workers: 1
[0.817s][debug][gc,phases         ] GC(35)     Dead                           Min: 0, Avg:  0.0, Max: 0, Diff: 0, Sum: 0, Workers: 1
[0.817s][debug][gc,phases         ] GC(35)     Total                          Min: 22, Avg: 22.0, Max: 22, Diff: 0, Sum: 22, Workers: 1
[0.817s][debug][gc,phases         ] GC(35)   JNI Weak                       Min:  0.0, Avg:  0.0, Max:  0.0, Diff:  0.0, Sum:  0.0, Workers: 1
[0.817s][debug][gc,phases         ] GC(35)     Dead                           Min: 0, Avg:  0.0, Max: 0, Diff: 0, Sum: 0, Workers: 1
[0.817s][debug][gc,phases         ] GC(35)     Total                          Min: 0, Avg:  0.0, Max: 0, Diff: 0, Sum: 0, Workers: 1
[0.817s][debug][gc,phases         ] GC(35)   StringDedup Table Weak         Min:  0.0, Avg:  0.0, Max:  0.0, Diff:  0.0, Sum:  0.0, Workers: 1
[0.817s][debug][gc,phases         ] GC(35)     Dead                           Min: 0, Avg:  0.0, Max: 0, Diff: 0, Sum: 0, Workers: 1
[0.817s][debug][gc,phases         ] GC(35)     Total                          Min: 0, Avg:  0.0, Max: 0, Diff: 0, Sum: 0, Workers: 1
[0.817s][debug][gc,phases         ] GC(35)   StringDedup Requests0 Weak     Min:  0.0, Avg:  0.0, Max:  0.0, Diff:  0.0, Sum:  0.0, Workers: 1
[0.817s][debug][gc,phases         ] GC(35)     Dead                           Min: 0, Avg:  0.0, Max: 0, Diff: 0, Sum: 0, Workers: 1
[0.817s][debug][gc,phases         ] GC(35)     Total                          Min: 0, Avg:  0.0, Max: 0, Diff: 0, Sum: 0, Workers: 1
[0.817s][debug][gc,phases         ] GC(35)   StringDedup Requests1 Weak     Min:  0.0, Avg:  0.0, Max:  0.0, Diff:  0.0, Sum:  0.0, Workers: 1
[0.817s][debug][gc,phases         ] GC(35)     Dead                           Min: 0, Avg:  0.0, Max: 0, Diff: 0, Sum: 0, Workers: 1
[0.817s][debug][gc,phases         ] GC(35)     Total                          Min: 0, Avg:  0.0, Max: 0, Diff: 0, Sum: 0, Workers: 1
[0.817s][debug][gc,phases         ] GC(35)   Weak JFR Old Object Samples    Min:  0.0, Avg:  0.0, Max:  0.0, Diff:  0.0, Sum:  0.0, Workers: 1
[0.817s][debug][gc,phases         ] GC(35)     Dead                           Min: 0, Avg:  0.0, Max: 0, Diff: 0, Sum: 0, Workers: 1
[0.817s][debug][gc,phases         ] GC(35)     Total                          Min: 0, Avg:  0.0, Max: 0, Diff: 0, Sum: 0, Workers: 1
[0.817s][debug][gc,phases         ] GC(35) Weak Processing 0.201ms
[0.817s][debug][gc,phases,start   ] GC(35) Class Unloading
[0.817s][debug][gc,phases,start   ] GC(35) ClassLoaderData
[0.817s][debug][gc,phases         ] GC(35) ClassLoaderData 0.015ms
[0.817s][debug][gc,phases,start   ] GC(35) Trigger cleanups
[0.817s][debug][gc,phases         ] GC(35) Trigger cleanups 0.005ms
[0.817s][debug][gc,phases         ] GC(35) Class Unloading 0.177ms
[0.817s][debug][gc,phases,start   ] GC(35) Flush Task Caches
[0.817s][debug][gc,stats          ] Mark stats cache hits 26222 misses 0 ratio 100.000
[0.817s][debug][gc,phases         ] GC(35) Flush Task Caches 0.026ms
[0.817s][debug][gc,phases,start   ] GC(35) Update Remembered Set Tracking Before Rebuild
[0.817s][debug][gc,ergo           ] GC(35) Running G1 Update RemSet Tracking Before Rebuild using 1 workers for 256 regions in heap
[0.818s][debug][gc,remset,tracking] GC(35) Remembered Set Tracking update regions total 256, selected 55
[0.818s][debug][gc,phases         ] GC(35) Update Remembered Set Tracking Before Rebuild 0.079ms
[0.818s][debug][gc,phases,start   ] GC(35) Reclaim Empty Regions
[0.818s][debug][gc,phases         ] GC(35) Reclaim Empty Regions 0.157ms
[0.818s][debug][gc,phases,start   ] GC(35) Purge Metaspace
[0.818s][debug][gc,phases         ] GC(35) Purge Metaspace 0.004ms
[0.818s][debug][gc,phases,start   ] GC(35) Report Object Count
[0.818s][debug][gc,phases         ] GC(35) Report Object Count 0.004ms
[0.818s][debug][gc,mmu            ] GC(35) MMU: 12.8ms (50.0ms/51.0ms)
[0.818s][info ][gc                ] GC(35) Pause Remark 242M->242M(256M) 1.515ms
[0.818s][info ][gc,cpu            ] GC(35) User=0.01s Sys=0.00s Real=0.00s
[0.818s][debug][gc,ergo,cset      ] Preventive GC, insufficient free regions. Predicted need 5. Curr Eden 1 (Pred 3). Curr Survivor 2 (Pred 3). Curr Old 158 (Pred 0) Free 4 Alloc 1
[0.818s][info ][gc,marking        ] GC(35) Concurrent Mark 3.218ms
[0.818s][info ][gc,marking        ] GC(35) Concurrent Rebuild Remembered Sets
[0.818s][debug][gc,heap           ] GC(36) Heap before GC invocations=34 (full 2):
[0.818s][debug][gc,heap           ] GC(36)  garbage-first heap   total 262144K, used 247956K [0x00000000f0000000, 0x0000000100000000)
[0.818s][debug][gc,heap           ] GC(36)   region size 1024K, 3 young (3072K), 2 survivors (2048K)
[0.818s][debug][gc,heap           ] GC(36)  Metaspace       used 136K, committed 320K, reserved 1114112K
[0.818s][debug][gc,heap           ] GC(36)   class space    used 5K, committed 128K, reserved 1048576K
[0.818s][info ][gc,start          ] GC(36) Pause Young (Normal) (G1 Preventive Collection)
[0.818s][info ][gc,task           ] GC(36) Using 12 workers of 13 for evacuation
[0.818s][debug][gc,tlab           ] GC(36) TLAB totals: thrds: 5  refills: 5 max: 1 slow allocs: 7 max 2 waste: 37.1% gc: 193712B max: 39184B slow: 0B max: 0B
[0.818s][debug][gc,age            ] GC(36) Desired survivor size 1048576 bytes, new threshold 1 (max threshold 15)
[0.818s][debug][gc,refine,stats   ] GC(36) Mutator refinement: 0.00ms, refined: 0, precleaned: 0, dirtied: 10
[0.818s][debug][gc,refine,stats   ] GC(36) Concurrent refinement: 0.00ms, refined: 0, precleaned: 0, dirtied: 0
[0.818s][debug][gc,refine,stats   ] GC(36) Total refinement: 0.00ms, refined: 0, precleaned: 0, dirtied: 10
[0.818s][debug][gc,refine,stats   ] GC(36) Generate dirty cards rate: 3.78 cards/ms
[0.818s][debug][gc,alloc,region   ] GC(36) Mutator Allocation stats, regions: 1, wasted size: 0B ( 0.0%)
[0.818s][debug][gc,humongous      ] GC(36) Humongous region 0 (object size 1048592 @ 0x00000000f0000000) remset 0 code roots 0 marked 1 reclaim candidate 1 type array 1
[0.818s][debug][gc,humongous      ] GC(36) Humongous region 2 (object size 1048592 @ 0x00000000f0200000) remset 0 code roots 0 marked 1 reclaim candidate 1 type array 1
[0.818s][debug][gc,humongous      ] GC(36) Humongous region 64 (object size 1048592 @ 0x00000000f4000000) remset 0 code roots 0 marked 1 reclaim candidate 1 type array 1
[0.818s][debug][gc,humongous      ] GC(36) Humongous region 85 (object size 10485776 @ 0x00000000f5500000) remset 0 code roots 0 marked 1 reclaim candidate 1 type array 1
[0.818s][debug][gc,humongous      ] GC(36) Humongous region 83 (object size 1048592 @ 0x00000000f5300000) remset 0 code roots 0 marked 1 reclaim candidate 1 type array 1
[0.818s][debug][gc,humongous      ] GC(36) Humongous region 22 (object size 1048592 @ 0x00000000f1600000) remset 0 code roots 0 marked 1 reclaim candidate 1 type array 1
[0.818s][debug][gc,humongous      ] GC(36) Humongous region 205 (object size 1048592 @ 0x00000000fcd00000) remset 0 code roots 0 marked 1 reclaim candidate 1 type array 1
[0.818s][debug][gc,humongous      ] GC(36) Humongous region 244 (object size 1048592 @ 0x00000000ff400000) remset 0 code roots 0 marked 0 reclaim candidate 1 type array 1
[0.818s][debug][gc,humongous      ] GC(36) Humongous region 8 (object size 1048592 @ 0x00000000f0800000) remset 0 code roots 0 marked 1 reclaim candidate 1 type array 1
[0.818s][debug][gc,humongous      ] GC(36) Humongous region 159 (object size 10485776 @ 0x00000000f9f00000) remset 0 code roots 0 marked 1 reclaim candidate 1 type array 1
[0.818s][debug][gc,humongous      ] GC(36) Humongous region 14 (object size 1048592 @ 0x00000000f0e00000) remset 0 code roots 0 marked 1 reclaim candidate 1 type array 1
[0.818s][debug][gc,humongous      ] GC(36) Humongous region 16 (object size 1048592 @ 0x00000000f1000000) remset 0 code roots 0 marked 1 reclaim candidate 1 type array 1
[0.818s][debug][gc,humongous      ] GC(36) Humongous region 18 (object size 1048592 @ 0x00000000f1200000) remset 0 code roots 0 marked 1 reclaim candidate 1 type array 1
[0.818s][debug][gc,humongous      ] GC(36) Humongous region 42 (object size 1048592 @ 0x00000000f2a00000) remset 0 code roots 0 marked 1 reclaim candidate 1 type array 1
[0.818s][debug][gc,humongous      ] GC(36) Humongous region 28 (object size 1048592 @ 0x00000000f1c00000) remset 0 code roots 0 marked 1 reclaim candidate 1 type array 1
[0.818s][debug][gc,humongous      ] GC(36) Humongous region 126 (object size 1048592 @ 0x00000000f7e00000) remset 0 code roots 0 marked 1 reclaim candidate 1 type array 1
[0.818s][debug][gc,humongous      ] GC(36) Humongous region 6 (object size 1048592 @ 0x00000000f0600000) remset 0 code roots 0 marked 1 reclaim candidate 1 type array 1
[0.818s][debug][gc,humongous      ] GC(36) Humongous region 32 (object size 1048592 @ 0x00000000f2000000) remset 0 code roots 0 marked 1 reclaim candidate 1 type array 1
[0.818s][debug][gc,humongous      ] GC(36) Humongous region 34 (object size 1048592 @ 0x00000000f2200000) remset 0 code roots 0 marked 1 reclaim candidate 1 type array 1
[0.818s][debug][gc,humongous      ] GC(36) Humongous region 36 (object size 1048592 @ 0x00000000f2400000) remset 0 code roots 0 marked 1 reclaim candidate 1 type array 1
[0.818s][debug][gc,humongous      ] GC(36) Humongous region 4 (object size 1048592 @ 0x00000000f0400000) remset 0 code roots 0 marked 1 reclaim candidate 1 type array 1
[0.818s][debug][gc,humongous      ] GC(36) Humongous region 216 (object size 10485776 @ 0x00000000fd800000) remset 0 code roots 0 marked 1 reclaim candidate 1 type array 1
[0.818s][debug][gc,humongous      ] GC(36) Humongous region 24 (object size 1048592 @ 0x00000000f1800000) remset 0 code roots 0 marked 1 reclaim candidate 1 type array 1
[0.818s][debug][gc,humongous      ] GC(36) Humongous region 60 (object size 1048592 @ 0x00000000f3c00000) remset 0 code roots 0 marked 1 reclaim candidate 1 type array 1
[0.818s][debug][gc,humongous      ] GC(36) Humongous region 30 (object size 1048592 @ 0x00000000f1e00000) remset 0 code roots 0 marked 1 reclaim candidate 1 type array 1
[0.818s][debug][gc,humongous      ] GC(36) Humongous region 10 (object size 1048592 @ 0x00000000f0a00000) remset 0 code roots 0 marked 1 reclaim candidate 1 type array 1
[0.818s][debug][gc,humongous      ] GC(36) Humongous region 12 (object size 1048592 @ 0x00000000f0c00000) remset 0 code roots 0 marked 1 reclaim candidate 1 type array 1
[0.818s][debug][gc,humongous      ] GC(36) Humongous region 203 (object size 1048592 @ 0x00000000fcb00000) remset 0 code roots 0 marked 1 reclaim candidate 1 type array 1
[0.818s][debug][gc,humongous      ] GC(36) Humongous region 38 (object size 1048592 @ 0x00000000f2600000) remset 0 code roots 0 marked 1 reclaim candidate 1 type array 1
[0.818s][debug][gc,humongous      ] GC(36) Humongous region 20 (object size 1048592 @ 0x00000000f1400000) remset 0 code roots 0 marked 1 reclaim candidate 1 type array 1
[0.818s][debug][gc,humongous      ] GC(36) Humongous region 26 (object size 1048592 @ 0x00000000f1a00000) remset 0 code roots 0 marked 1 reclaim candidate 1 type array 1
[0.819s][debug][gc,ergo           ] GC(36) Running G1 Merge Heap Roots using 12 workers for 3 regions
[0.819s][debug][gc,remset         ] GC(36) Visited cards 128 Total dirty 4096 (3.12%) Total old 522240 (0.02%)
[0.819s][debug][gc,ref            ] GC(36) Skipped phase 1 of Reference Processing: no references
[0.819s][debug][gc,ref            ] GC(36) Skipped phase 2 of Reference Processing: no references
[0.819s][debug][gc,ref            ] GC(36) Skipped phase 3 of Reference Processing: no references
[0.819s][debug][gc,ref            ] GC(36) Skipped phase 4 of Reference Processing: no references
[0.820s][debug][gc,ergo           ] GC(36) Running G1 Rebuild Free List Task using 12 workers for rebuilding free list of regions
[0.820s][debug][gc,plab           ] GC(36) Young PLAB allocation: allocated: 0B, wasted: 0B, unused: 0B, used: 0B, undo waste: 0B, 
[0.820s][debug][gc,plab           ] GC(36) Young other allocation: region end waste: 0B, regions filled: 1, direct allocated: 852176B, failure used: 0B, failure wasted: 0B
[0.820s][debug][gc,plab           ] GC(36) Young sizing: calculated: 0B, actual: 2064B
[0.820s][debug][gc,plab           ] GC(36) Old PLAB allocation: allocated: 0B, wasted: 0B, unused: 0B, used: 0B, undo waste: 0B, 
[0.820s][debug][gc,plab           ] GC(36) Old other allocation: region end waste: 130224B, regions filled: 3, direct allocated: 1966560B, failure used: 0B, failure wasted: 0B
[0.820s][debug][gc,plab           ] GC(36) Old sizing: calculated: 0B, actual: 2064B
[0.820s][debug][gc,ergo,heap      ] GC(36) Heap expansion: short term pause time ratio 40.28% long term pause time ratio 14.77% threshold 7.69% pause time ratio 7.69% fully expanded true resize by 0B
[0.820s][debug][gc,mmu            ] GC(36) MMU: 14.4ms (50.0ms/51.0ms)
[0.820s][debug][gc,alloc,stats    ] Old generation allocation in the last mutator period, old gen allocated: 0B, humongous allocated: 0B,old gen growth: 0B.
[0.820s][debug][gc,ihop           ] GC(36) Basic information (value update), threshold: 212846543B (79.29), target occupancy: 268435456B, current occupancy: 254759312B, recent allocation size: 0B, recent allocation duration: 2.65ms, recent old gen allocation rate: 0.00B/s, recent marking phase length: 12.59ms
[0.820s][debug][gc,ihop           ] GC(36) Adaptive IHOP information (value update), threshold: 212846543B (93.28), internal target occupancy: 228170137B, occupancy: 254759312B, additional buffer size: 12582912B, predicted old gen allocation rate: 50556572.14B/s, predicted marking phase length: 54.21ms, prediction active: true
[0.820s][debug][gc,ergo,refine    ] GC(36) Concurrent refinement times: Logged Cards Scan time goal: 5.00ms Logged Cards Scan time: 0.00ms HCC time: 0.00ms
[0.820s][debug][gc,ergo,refine    ] GC(36) Updated Refinement Zones: green: 3328, yellow: 9984, red: 16640
[0.820s][info ][gc,phases         ] GC(36)   Pre Evacuate Collection Set: 0.6ms
[0.820s][debug][gc,phases         ] GC(36)     Prepare TLABs: 0.0ms
[0.820s][debug][gc,phases         ] GC(36)     Concatenate Dirty Card Logs: 0.0ms
[0.820s][debug][gc,phases         ] GC(36)     Choose Collection Set: 0.0ms
[0.820s][debug][gc,phases         ] GC(36)     Region Register: 0.6ms
[0.820s][debug][gc,phases         ] GC(36)     Prepare Heap Roots: 0.0ms
[0.820s][info ][gc,phases         ] GC(36)   Merge Heap Roots: 0.2ms
[0.820s][debug][gc,phases         ] GC(36)     Prepare Merge Heap Roots: 0.0ms
[0.820s][debug][gc,phases         ] GC(36)     Eager Reclaim (ms):            Min:  0.0, Avg:  0.0, Max:  0.0, Diff:  0.0, Sum:  0.0, Workers: 1
[0.820s][debug][gc,phases         ] GC(36)     Remembered Sets (ms):          Min:  0.0, Avg:  0.0, Max:  0.0, Diff:  0.0, Sum:  0.0, Workers: 12
[0.820s][debug][gc,phases         ] GC(36)       Merged Sparse:                 Min: 0, Avg:  0.0, Max: 0, Diff: 0, Sum: 0, Workers: 12
[0.820s][debug][gc,phases         ] GC(36)       Merged Fine:                   Min: 0, Avg:  0.0, Max: 0, Diff: 0, Sum: 0, Workers: 12
[0.820s][debug][gc,phases         ] GC(36)       Merged Coarse:                 Min: 0, Avg:  0.0, Max: 0, Diff: 0, Sum: 0, Workers: 12
[0.820s][debug][gc,phases         ] GC(36)       Dirty Cards:                   Min: 0, Avg:  0.0, Max: 0, Diff: 0, Sum: 0, Workers: 12
[0.820s][debug][gc,phases         ] GC(36)     Hot Card Cache (ms):           Min:  0.0, Avg:  0.0, Max:  0.0, Diff:  0.0, Sum:  0.0, Workers: 12
[0.820s][debug][gc,phases         ] GC(36)       Dirty Cards:                   Min: 0, Avg:  0.0, Max: 0, Diff: 0, Sum: 0, Workers: 12
[0.820s][debug][gc,phases         ] GC(36)       Skipped Cards:                 Min: 0, Avg:  0.0, Max: 0, Diff: 0, Sum: 0, Workers: 12
[0.820s][debug][gc,phases         ] GC(36)     Log Buffers (ms):              Min:  0.0, Avg:  0.0, Max:  0.0, Diff:  0.0, Sum:  0.0, Workers: 12
[0.820s][debug][gc,phases         ] GC(36)       Dirty Cards:                   Min: 0, Avg:  2.0, Max: 24, Diff: 24, Sum: 24, Workers: 12
[0.820s][debug][gc,phases         ] GC(36)       Skipped Cards:                 Min: 0, Avg:  0.0, Max: 0, Diff: 0, Sum: 0, Workers: 12
[0.820s][info ][gc,phases         ] GC(36)   Evacuate Collection Set: 0.4ms
[0.820s][debug][gc,phases         ] GC(36)     Ext Root Scanning (ms):        Min:  0.0, Avg:  0.0, Max:  0.0, Diff:  0.0, Sum:  0.1, Workers: 12
[0.820s][debug][gc,phases         ] GC(36)     Scan Heap Roots (ms):          Min:  0.0, Avg:  0.0, Max:  0.0, Diff:  0.0, Sum:  0.0, Workers: 12
[0.820s][debug][gc,phases         ] GC(36)       Scanned Cards:                 Min: 0, Avg:  1.8, Max: 17, Diff: 17, Sum: 22, Workers: 12
[0.820s][debug][gc,phases         ] GC(36)       Scanned Blocks:                Min: 0, Avg:  0.4, Max: 2, Diff: 2, Sum: 5, Workers: 12
[0.820s][debug][gc,phases         ] GC(36)       Claimed Chunks:                Min: 0, Avg:  0.3, Max: 1, Diff: 1, Sum: 4, Workers: 12
[0.820s][debug][gc,phases         ] GC(36)     Code Root Scan (ms):           Min:  0.0, Avg:  0.0, Max:  0.0, Diff:  0.0, Sum:  0.0, Workers: 12
[0.820s][debug][gc,phases         ] GC(36)     Object Copy (ms):              Min:  0.0, Avg:  0.1, Max:  0.1, Diff:  0.1, Sum:  0.8, Workers: 12
[0.820s][debug][gc,phases         ] GC(36)     Termination (ms):              Min:  0.1, Avg:  0.2, Max:  0.2, Diff:  0.1, Sum:  2.1, Workers: 12
[0.820s][debug][gc,phases         ] GC(36)       Termination Attempts:          Min: 1, Avg:  1.3, Max: 2, Diff: 1, Sum: 16, Workers: 12
[0.820s][debug][gc,phases         ] GC(36)     GC Worker Other (ms):          Min:  0.0, Avg:  0.0, Max:  0.0, Diff:  0.0, Sum:  0.1, Workers: 12
[0.820s][debug][gc,phases         ] GC(36)     GC Worker Total (ms):          Min:  0.2, Avg:  0.3, Max:  0.4, Diff:  0.2, Sum:  3.2, Workers: 12
[0.820s][info ][gc,phases         ] GC(36)   Post Evacuate Collection Set: 0.4ms
[0.820s][debug][gc,phases         ] GC(36)     Code Roots Fixup: 0.0ms
[0.820s][debug][gc,phases         ] GC(36)     Reference Processing: 0.0ms
[0.820s][debug][gc,phases,ref     ] GC(36)       Reconsider SoftReferences: 0.0ms
[0.820s][debug][gc,phases,ref     ] GC(36)         SoftRef (ms):                  skipped
[0.820s][debug][gc,phases,ref     ] GC(36)       Notify Soft/WeakReferences: 0.0ms
[0.820s][debug][gc,phases,ref     ] GC(36)         SoftRef (ms):                  skipped
[0.820s][debug][gc,phases,ref     ] GC(36)         WeakRef (ms):                  skipped
[0.820s][debug][gc,phases,ref     ] GC(36)         FinalRef (ms):                 skipped
[0.820s][debug][gc,phases,ref     ] GC(36)         Total (ms):                    skipped
[0.820s][debug][gc,phases,ref     ] GC(36)       Notify and keep alive finalizable: 0.0ms
[0.820s][debug][gc,phases,ref     ] GC(36)         FinalRef (ms):                 skipped
[0.820s][debug][gc,phases,ref     ] GC(36)       Notify PhantomReferences: 0.0ms
[0.820s][debug][gc,phases,ref     ] GC(36)         PhantomRef (ms):               skipped
[0.820s][debug][gc,phases,ref     ] GC(36)       SoftReference:
[0.820s][debug][gc,phases,ref     ] GC(36)         Discovered: 0
[0.820s][debug][gc,phases,ref     ] GC(36)         Cleared: 0
[0.820s][debug][gc,phases,ref     ] GC(36)       WeakReference:
[0.820s][debug][gc,phases,ref     ] GC(36)         Discovered: 0
[0.820s][debug][gc,phases,ref     ] GC(36)         Cleared: 0
[0.820s][debug][gc,phases,ref     ] GC(36)       FinalReference:
[0.820s][debug][gc,phases,ref     ] GC(36)         Discovered: 0
[0.820s][debug][gc,phases,ref     ] GC(36)         Cleared: 0
[0.820s][debug][gc,phases,ref     ] GC(36)       PhantomReference:
[0.820s][debug][gc,phases,ref     ] GC(36)         Discovered: 0
[0.820s][debug][gc,phases,ref     ] GC(36)         Cleared: 0
[0.820s][debug][gc,phases         ] GC(36)     Weak Processing: 0.0ms
[0.820s][debug][gc,phases         ] GC(36)       VM Weak                        Min:  0.0, Avg:  0.0, Max:  0.0, Diff:  0.0, Sum:  0.0, Workers: 1
[0.820s][debug][gc,phases         ] GC(36)         Dead                           Min: 0, Avg:  0.0, Max: 0, Diff: 0, Sum: 0, Workers: 1
[0.820s][debug][gc,phases         ] GC(36)         Total                          Min: 4, Avg:  4.0, Max: 4, Diff: 0, Sum: 4, Workers: 1
[0.820s][debug][gc,phases         ] GC(36)       ObjectSynchronizer Weak        Min:  0.0, Avg:  0.0, Max:  0.0, Diff:  0.0, Sum:  0.0, Workers: 1
[0.820s][debug][gc,phases         ] GC(36)         Dead                           Min: 0, Avg:  0.0, Max: 0, Diff: 0, Sum: 0, Workers: 1
[0.820s][debug][gc,phases         ] GC(36)         Total                          Min: 4, Avg:  4.0, Max: 4, Diff: 0, Sum: 4, Workers: 1
[0.820s][debug][gc,phases         ] GC(36)       JVMTI Tag Weak OopStorage      Min:  0.0, Avg:  0.0, Max:  0.0, Diff:  0.0, Sum:  0.0, Workers: 1
[0.820s][debug][gc,phases         ] GC(36)         Dead                           Min: 0, Avg:  0.0, Max: 0, Diff: 0, Sum: 0, Workers: 1
[0.820s][debug][gc,phases         ] GC(36)         Total                          Min: 0, Avg:  0.0, Max: 0, Diff: 0, Sum: 0, Workers: 1
[0.820s][debug][gc,phases         ] GC(36)       StringTable Weak               Min:  0.0, Avg:  0.0, Max:  0.0, Diff:  0.0, Sum:  0.0, Workers: 1
[0.820s][debug][gc,phases         ] GC(36)         Dead                           Min: 0, Avg:  0.0, Max: 0, Diff: 0, Sum: 0, Workers: 1
[0.820s][debug][gc,phases         ] GC(36)         Total                          Min: 39, Avg: 39.0, Max: 39, Diff: 0, Sum: 39, Workers: 1
[0.820s][debug][gc,phases         ] GC(36)       ResolvedMethodTable Weak       Min:  0.0, Avg:  0.0, Max:  0.0, Diff:  0.0, Sum:  0.0, Workers: 1
[0.820s][debug][gc,phases         ] GC(36)         Dead                           Min: 0, Avg:  0.0, Max: 0, Diff: 0, Sum: 0, Workers: 1
[0.820s][debug][gc,phases         ] GC(36)         Total                          Min: 22, Avg: 22.0, Max: 22, Diff: 0, Sum: 22, Workers: 1
[0.820s][debug][gc,phases         ] GC(36)       JNI Weak                       Min:  0.0, Avg:  0.0, Max:  0.0, Diff:  0.0, Sum:  0.0, Workers: 1
[0.820s][debug][gc,phases         ] GC(36)         Dead                           Min: 0, Avg:  0.0, Max: 0, Diff: 0, Sum: 0, Workers: 1
[0.820s][debug][gc,phases         ] GC(36)         Total                          Min: 0, Avg:  0.0, Max: 0, Diff: 0, Sum: 0, Workers: 1
[0.820s][debug][gc,phases         ] GC(36)       StringDedup Table Weak         Min:  0.0, Avg:  0.0, Max:  0.0, Diff:  0.0, Sum:  0.0, Workers: 1
[0.820s][debug][gc,phases         ] GC(36)         Dead                           Min: 0, Avg:  0.0, Max: 0, Diff: 0, Sum: 0, Workers: 1
[0.820s][debug][gc,phases         ] GC(36)         Total                          Min: 0, Avg:  0.0, Max: 0, Diff: 0, Sum: 0, Workers: 1
[0.820s][debug][gc,phases         ] GC(36)       StringDedup Requests0 Weak     Min:  0.0, Avg:  0.0, Max:  0.0, Diff:  0.0, Sum:  0.0, Workers: 1
[0.820s][debug][gc,phases         ] GC(36)         Dead                           Min: 0, Avg:  0.0, Max: 0, Diff: 0, Sum: 0, Workers: 1
[0.820s][debug][gc,phases         ] GC(36)         Total                          Min: 0, Avg:  0.0, Max: 0, Diff: 0, Sum: 0, Workers: 1
[0.820s][debug][gc,phases         ] GC(36)       StringDedup Requests1 Weak     Min:  0.0, Avg:  0.0, Max:  0.0, Diff:  0.0, Sum:  0.0, Workers: 1
[0.820s][debug][gc,phases         ] GC(36)         Dead                           Min: 0, Avg:  0.0, Max: 0, Diff: 0, Sum: 0, Workers: 1
[0.820s][debug][gc,phases         ] GC(36)         Total                          Min: 0, Avg:  0.0, Max: 0, Diff: 0, Sum: 0, Workers: 1
[0.820s][debug][gc,phases         ] GC(36)       Weak JFR Old Object Samples    Min:  0.0, Avg:  0.0, Max:  0.0, Diff:  0.0, Sum:  0.0, Workers: 1
[0.820s][debug][gc,phases         ] GC(36)         Dead                           Min: 0, Avg:  0.0, Max: 0, Diff: 0, Sum: 0, Workers: 1
[0.820s][debug][gc,phases         ] GC(36)         Total                          Min: 0, Avg:  0.0, Max: 0, Diff: 0, Sum: 0, Workers: 1
[0.820s][debug][gc,phases         ] GC(36)     Post Evacuate Cleanup 1: 0.1ms
[0.820s][debug][gc,phases         ] GC(36)       Merge Per-Thread State (ms):   Min:  0.0, Avg:  0.0, Max:  0.0, Diff:  0.0, Sum:  0.0, Workers: 1
[0.820s][debug][gc,phases         ] GC(36)         Copied Bytes                   Min: 0, Avg: 234894.7, Max: 655520, Diff: 655520, Sum: 2818736, Workers: 12
[0.820s][debug][gc,phases         ] GC(36)         LAB Waste                      Min: 0, Avg:  0.0, Max: 0, Diff: 0, Sum: 0, Workers: 12
[0.820s][debug][gc,phases         ] GC(36)         LAB Undo Waste                 Min: 0, Avg:  0.0, Max: 0, Diff: 0, Sum: 0, Workers: 12
[0.820s][debug][gc,phases         ] GC(36)       Clear Logged Cards (ms):       Min:  0.0, Avg:  0.0, Max:  0.0, Diff:  0.0, Sum:  0.0, Workers: 3
[0.820s][debug][gc,phases         ] GC(36)       Recalculate Used Memory (ms):  Min:  0.0, Avg:  0.0, Max:  0.0, Diff:  0.0, Sum:  0.0, Workers: 1
[0.820s][debug][gc,phases         ] GC(36)     Post Evacuate Cleanup 2: 0.1ms
[0.820s][debug][gc,phases         ] GC(36)       Reset Hot Card Cache (ms):     Min:  0.0, Avg:  0.0, Max:  0.0, Diff:  0.0, Sum:  0.0, Workers: 1
[0.820s][debug][gc,phases         ] GC(36)       Purge Code Roots (ms):         Min:  0.0, Avg:  0.0, Max:  0.0, Diff:  0.0, Sum:  0.0, Workers: 1
[0.820s][debug][gc,phases         ] GC(36)       Update Derived Pointers (ms):  Min:  0.0, Avg:  0.0, Max:  0.0, Diff:  0.0, Sum:  0.0, Workers: 1
[0.820s][debug][gc,phases         ] GC(36)       Eagerly Reclaim Humongous Objects (ms): Min:  0.0, Avg:  0.0, Max:  0.0, Diff:  0.0, Sum:  0.0, Workers: 1
[0.820s][debug][gc,phases         ] GC(36)         Humongous Total                Min: 31, Avg: 31.0, Max: 31, Diff: 0, Sum: 31, Workers: 1
[0.820s][debug][gc,phases         ] GC(36)         Humongous Candidates           Min: 31, Avg: 31.0, Max: 31, Diff: 0, Sum: 31, Workers: 1
[0.820s][debug][gc,phases         ] GC(36)         Humongous Reclaimed            Min: 0, Avg:  0.0, Max: 0, Diff: 0, Sum: 0, Workers: 1
[0.820s][debug][gc,phases         ] GC(36)       Redirty Logged Cards (ms):     Min:  0.0, Avg:  0.0, Max:  0.0, Diff:  0.0, Sum:  0.0, Workers: 12
[0.820s][debug][gc,phases         ] GC(36)         Redirtied Cards:               Min: 0, Avg:  1.8, Max: 22, Diff: 22, Sum: 22, Workers: 12
[0.820s][debug][gc,phases         ] GC(36)       Free Collection Set (ms):      Min:  0.0, Avg:  0.0, Max:  0.0, Diff:  0.0, Sum:  0.0, Workers: 12
[0.820s][debug][gc,phases         ] GC(36)     Rebuild Free List: 0.2ms
[0.820s][debug][gc,phases         ] GC(36)     Start New Collection Set: 0.0ms
[0.820s][debug][gc,phases         ] GC(36)     Resize TLABs: 0.0ms
[0.820s][debug][gc,phases         ] GC(36)     Expand Heap After Collection: 0.0ms
[0.820s][info ][gc,phases         ] GC(36)   Other: 0.2ms
[0.820s][info ][gc,heap           ] GC(36) Eden regions: 1->0(11)
[0.820s][info ][gc,heap           ] GC(36) Survivor regions: 2->1(2)
[0.820s][info ][gc,heap           ] GC(36) Old regions: 158->160
[0.820s][info ][gc,heap           ] GC(36) Archive regions: 2->2
[0.820s][info ][gc,heap           ] GC(36) Humongous regions: 89->89
[0.820s][info ][gc,metaspace      ] GC(36) Metaspace: 136K(320K)->136K(320K) NonClass: 131K(192K)->131K(192K) Class: 5K(128K)->5K(128K)
[0.820s][debug][gc,heap           ] GC(36) Heap after GC invocations=35 (full 2):
[0.820s][debug][gc,heap           ] GC(36)  garbage-first heap   total 262144K, used 248788K [0x00000000f0000000, 0x0000000100000000)
[0.820s][debug][gc,heap           ] GC(36)   region size 1024K, 1 young (1024K), 1 survivors (1024K)
[0.820s][debug][gc,heap           ] GC(36)  Metaspace       used 136K, committed 320K, reserved 1114112K
[0.820s][debug][gc,heap           ] GC(36)   class space    used 5K, committed 128K, reserved 1048576K
[0.820s][info ][gc                ] GC(36) Pause Young (Normal) (G1 Preventive Collection) 243M->242M(256M) 2.208ms
[0.820s][info ][gc,cpu            ] GC(36) User=0.00s Sys=0.00s Real=0.00s
[0.821s][info ][gc,marking        ] GC(35) Concurrent Rebuild Remembered Sets 3.163ms
[0.821s][info ][gc,start          ] GC(35) Pause Cleanup
[0.821s][debug][gc,phases,start   ] GC(35) Update Remembered Set Tracking After Rebuild
[0.821s][debug][gc,phases         ] GC(35) Update Remembered Set Tracking After Rebuild 0.016ms
[0.821s][debug][gc,phases,start   ] GC(35) Finalize Concurrent Mark Cleanup
[0.821s][debug][gc,ergo,cset      ] GC(35) Pruned 48 regions out of 54, leaving 9940496 bytes waste (allowed 13421772)
[0.821s][debug][gc,mmu            ] GC(35) MMU: 14.7ms (50.0ms/51.0ms)
[0.821s][debug][gc,phases         ] GC(35) Finalize Concurrent Mark Cleanup 0.209ms
[0.821s][info ][gc                ] GC(35) Pause Cleanup 243M->243M(256M) 0.253ms
[0.821s][info ][gc,cpu            ] GC(35) User=0.00s Sys=0.00s Real=0.00s
[0.821s][info ][gc,marking        ] GC(35) Concurrent Cleanup for Next Mark
[0.821s][debug][gc,ergo           ] GC(35) Running G1 Clear Bitmap with 3 workers for 4 work units.
[0.822s][info ][gc,marking        ] GC(35) Concurrent Cleanup for Next Mark 0.168ms
[0.822s][info ][gc                ] GC(35) Concurrent Mark Cycle 7.051ms
[0.823s][debug][gc,ergo,cset      ] Preventive GC, insufficient free regions. Predicted need 3. Curr Eden 1 (Pred 3). Curr Survivor 1 (Pred 1). Curr Old 160 (Pred 0) Free 3 Alloc 1
[0.823s][debug][gc,heap           ] GC(37) Heap before GC invocations=36 (full 2):
[0.823s][debug][gc,heap           ] GC(37)  garbage-first heap   total 262144K, used 248788K [0x00000000f0000000, 0x0000000100000000)
[0.823s][debug][gc,heap           ] GC(37)   region size 1024K, 2 young (2048K), 1 survivors (1024K)
[0.823s][debug][gc,heap           ] GC(37)  Metaspace       used 136K, committed 320K, reserved 1114112K
[0.823s][debug][gc,heap           ] GC(37)   class space    used 5K, committed 128K, reserved 1048576K
[0.823s][info ][gc,start          ] GC(37) Pause Young (Prepare Mixed) (G1 Preventive Collection)
[0.823s][info ][gc,task           ] GC(37) Using 12 workers of 13 for evacuation
[0.823s][debug][gc,tlab           ] GC(37) TLAB totals: thrds: 5  refills: 5 max: 1 slow allocs: 6 max 2 waste: 39.4% gc: 213096B max: 43104B slow: 0B max: 0B
[0.823s][debug][gc,age            ] GC(37) Desired survivor size 1048576 bytes, new threshold 15 (max threshold 15)
[0.823s][debug][gc,refine,stats   ] GC(37) Mutator refinement: 0.00ms, refined: 0, precleaned: 0, dirtied: 0
[0.823s][debug][gc,refine,stats   ] GC(37) Concurrent refinement: 0.00ms, refined: 0, precleaned: 0, dirtied: 0
[0.823s][debug][gc,refine,stats   ] GC(37) Total refinement: 0.00ms, refined: 0, precleaned: 0, dirtied: 0
[0.823s][debug][gc,refine,stats   ] GC(37) Generate dirty cards rate: 0.00 cards/ms
[0.823s][debug][gc,alloc,region   ] GC(37) Mutator Allocation stats, regions: 1, wasted size: 0B ( 0.0%)
[0.823s][debug][gc,humongous      ] GC(37) Humongous region 0 (object size 1048592 @ 0x00000000f0000000) remset 1 code roots 0 marked 0 reclaim candidate 1 type array 1
[0.823s][debug][gc,humongous      ] GC(37) Humongous region 2 (object size 1048592 @ 0x00000000f0200000) remset 1 code roots 0 marked 0 reclaim candidate 1 type array 1
[0.823s][debug][gc,humongous      ] GC(37) Humongous region 4 (object size 1048592 @ 0x00000000f0400000) remset 1 code roots 0 marked 0 reclaim candidate 1 type array 1
[0.823s][debug][gc,humongous      ] GC(37) Humongous region 22 (object size 1048592 @ 0x00000000f1600000) remset 1 code roots 0 marked 0 reclaim candidate 1 type array 1
[0.823s][debug][gc,humongous      ] GC(37) Humongous region 64 (object size 1048592 @ 0x00000000f4000000) remset 1 code roots 0 marked 0 reclaim candidate 1 type array 1
[0.823s][debug][gc,humongous      ] GC(37) Humongous region 6 (object size 1048592 @ 0x00000000f0600000) remset 1 code roots 0 marked 0 reclaim candidate 1 type array 1
[0.823s][debug][gc,humongous      ] GC(37) Humongous region 83 (object size 1048592 @ 0x00000000f5300000) remset 1 code roots 0 marked 0 reclaim candidate 1 type array 1
[0.823s][debug][gc,humongous      ] GC(37) Humongous region 42 (object size 1048592 @ 0x00000000f2a00000) remset 1 code roots 0 marked 0 reclaim candidate 1 type array 1
[0.823s][debug][gc,humongous      ] GC(37) Humongous region 203 (object size 1048592 @ 0x00000000fcb00000) remset 1 code roots 0 marked 0 reclaim candidate 1 type array 1
[0.823s][debug][gc,humongous      ] GC(37) Humongous region 60 (object size 1048592 @ 0x00000000f3c00000) remset 1 code roots 0 marked 0 reclaim candidate 1 type array 1
[0.823s][debug][gc,humongous      ] GC(37) Humongous region 216 (object size 10485776 @ 0x00000000fd800000) remset 1 code roots 0 marked 0 reclaim candidate 1 type array 1
[0.823s][debug][gc,humongous      ] GC(37) Humongous region 10 (object size 1048592 @ 0x00000000f0a00000) remset 1 code roots 0 marked 0 reclaim candidate 1 type array 1
[0.823s][debug][gc,humongous      ] GC(37) Humongous region 12 (object size 1048592 @ 0x00000000f0c00000) remset 1 code roots 0 marked 0 reclaim candidate 1 type array 1
[0.823s][debug][gc,humongous      ] GC(37) Humongous region 24 (object size 1048592 @ 0x00000000f1800000) remset 1 code roots 0 marked 0 reclaim candidate 1 type array 1
[0.823s][debug][gc,humongous      ] GC(37) Humongous region 20 (object size 1048592 @ 0x00000000f1400000) remset 1 code roots 0 marked 0 reclaim candidate 1 type array 1
[0.823s][debug][gc,humongous      ] GC(37) Humongous region 205 (object size 1048592 @ 0x00000000fcd00000) remset 1 code roots 0 marked 0 reclaim candidate 1 type array 1
[0.823s][debug][gc,humongous      ] GC(37) Humongous region 30 (object size 1048592 @ 0x00000000f1e00000) remset 1 code roots 0 marked 0 reclaim candidate 1 type array 1
[0.823s][debug][gc,humongous      ] GC(37) Humongous region 32 (object size 1048592 @ 0x00000000f2000000) remset 1 code roots 0 marked 0 reclaim candidate 1 type array 1
[0.823s][debug][gc,humongous      ] GC(37) Humongous region 34 (object size 1048592 @ 0x00000000f2200000) remset 1 code roots 0 marked 0 reclaim candidate 1 type array 1
[0.823s][debug][gc,humongous      ] GC(37) Humongous region 36 (object size 1048592 @ 0x00000000f2400000) remset 1 code roots 0 marked 0 reclaim candidate 1 type array 1
[0.823s][debug][gc,humongous      ] GC(37) Humongous region 38 (object size 1048592 @ 0x00000000f2600000) remset 1 code roots 0 marked 0 reclaim candidate 1 type array 1
[0.823s][debug][gc,humongous      ] GC(37) Humongous region 16 (object size 1048592 @ 0x00000000f1000000) remset 1 code roots 0 marked 0 reclaim candidate 1 type array 1
[0.823s][debug][gc,humongous      ] GC(37) Humongous region 126 (object size 1048592 @ 0x00000000f7e00000) remset 1 code roots 0 marked 0 reclaim candidate 1 type array 1
[0.823s][debug][gc,humongous      ] GC(37) Humongous region 26 (object size 1048592 @ 0x00000000f1a00000) remset 1 code roots 0 marked 0 reclaim candidate 1 type array 1
[0.823s][debug][gc,humongous      ] GC(37) Humongous region 244 (object size 1048592 @ 0x00000000ff400000) remset 1 code roots 0 marked 0 reclaim candidate 1 type array 1
[0.823s][debug][gc,humongous      ] GC(37) Humongous region 8 (object size 1048592 @ 0x00000000f0800000) remset 1 code roots 0 marked 0 reclaim candidate 1 type array 1
[0.823s][debug][gc,humongous      ] GC(37) Humongous region 159 (object size 10485776 @ 0x00000000f9f00000) remset 1 code roots 0 marked 0 reclaim candidate 1 type array 1
[0.823s][debug][gc,humongous      ] GC(37) Humongous region 14 (object size 1048592 @ 0x00000000f0e00000) remset 1 code roots 0 marked 0 reclaim candidate 1 type array 1
[0.823s][debug][gc,humongous      ] GC(37) Humongous region 85 (object size 10485776 @ 0x00000000f5500000) remset 1 code roots 0 marked 0 reclaim candidate 1 type array 1
[0.823s][debug][gc,humongous      ] GC(37) Humongous region 18 (object size 1048592 @ 0x00000000f1200000) remset 1 code roots 0 marked 0 reclaim candidate 1 type array 1
[0.823s][debug][gc,humongous      ] GC(37) Humongous region 28 (object size 1048592 @ 0x00000000f1c00000) remset 1 code roots 0 marked 0 reclaim candidate 1 type array 1
[0.823s][debug][gc,ergo           ] GC(37) Running G1 Merge Heap Roots using 12 workers for 2 regions
[0.823s][debug][gc,remset         ] GC(37) Visited cards 64 Total dirty 4096 (1.56%) Total old 522240 (0.01%)
[0.824s][debug][gc,ref            ] GC(37) Skipped phase 1 of Reference Processing: no references
[0.824s][debug][gc,ref            ] GC(37) Skipped phase 2 of Reference Processing: no references
[0.824s][debug][gc,ref            ] GC(37) Skipped phase 3 of Reference Processing: no references
[0.824s][debug][gc,ref            ] GC(37) Skipped phase 4 of Reference Processing: no references
[0.824s][debug][gc,ergo           ] GC(37) Running G1 Rebuild Free List Task using 12 workers for rebuilding free list of regions
[0.824s][debug][gc,plab           ] GC(37) Young PLAB allocation: allocated: 0B, wasted: 0B, unused: 0B, used: 0B, undo waste: 0B, 
[0.824s][debug][gc,plab           ] GC(37) Young other allocation: region end waste: 65296B, regions filled: 2, direct allocated: 1638800B, failure used: 0B, failure wasted: 0B
[0.824s][debug][gc,plab           ] GC(37) Young sizing: calculated: 0B, actual: 2064B
[0.824s][debug][gc,plab           ] GC(37) Old PLAB allocation: allocated: 0B, wasted: 0B, unused: 0B, used: 0B, undo waste: 0B, 
[0.824s][debug][gc,plab           ] GC(37) Old other allocation: region end waste: 0B, regions filled: 1, direct allocated: 0B, failure used: 0B, failure wasted: 0B
[0.824s][debug][gc,plab           ] GC(37) Old sizing: calculated: 0B, actual: 2064B
[0.824s][debug][gc,ergo,heap      ] GC(37) Heap expansion: short term pause time ratio 14.65% long term pause time ratio 17.56% threshold 7.69% pause time ratio 7.69% fully expanded true resize by 0B
[0.824s][debug][gc,mmu            ] GC(37) MMU: 16.4ms (50.0ms/51.0ms)
[0.824s][debug][gc,alloc,stats    ] Old generation allocation in the last mutator period, old gen allocated: 0B, humongous allocated: 0B,old gen growth: 0B.
[0.824s][debug][gc,ihop           ] GC(37) Basic information (value update), threshold: 225521050B (84.01), target occupancy: 268435456B, current occupancy: 255611232B, recent allocation size: 0B, recent allocation duration: 2.70ms, recent old gen allocation rate: 0.00B/s, recent marking phase length: 12.59ms
[0.824s][debug][gc,ihop           ] GC(37) Adaptive IHOP information (value update), threshold: 225521050B (98.84), internal target occupancy: 228170137B, occupancy: 255611232B, additional buffer size: 0B, predicted old gen allocation rate: 48866941.21B/s, predicted marking phase length: 54.21ms, prediction active: true
[0.824s][debug][gc,ergo,refine    ] GC(37) Concurrent refinement times: Logged Cards Scan time goal: 5.00ms Logged Cards Scan time: 0.00ms HCC time: 0.00ms
[0.824s][debug][gc,ergo,refine    ] GC(37) Updated Refinement Zones: green: 3328, yellow: 9984, red: 16640
[0.824s][info ][gc,phases         ] GC(37)   Pre Evacuate Collection Set: 0.5ms
[0.824s][debug][gc,phases         ] GC(37)     Prepare TLABs: 0.0ms
[0.824s][debug][gc,phases         ] GC(37)     Concatenate Dirty Card Logs: 0.0ms
[0.824s][debug][gc,phases         ] GC(37)     Choose Collection Set: 0.0ms
[0.825s][debug][gc,phases         ] GC(37)     Region Register: 0.5ms
[0.825s][debug][gc,phases         ] GC(37)     Prepare Heap Roots: 0.0ms
[0.825s][info ][gc,phases         ] GC(37)   Merge Heap Roots: 0.2ms
[0.825s][debug][gc,phases         ] GC(37)     Prepare Merge Heap Roots: 0.0ms
[0.825s][debug][gc,phases         ] GC(37)     Eager Reclaim (ms):            Min:  0.0, Avg:  0.0, Max:  0.0, Diff:  0.0, Sum:  0.0, Workers: 1
[0.825s][debug][gc,phases         ] GC(37)     Remembered Sets (ms):          Min:  0.0, Avg:  0.0, Max:  0.0, Diff:  0.0, Sum:  0.0, Workers: 12
[0.825s][debug][gc,phases         ] GC(37)       Merged Sparse:                 Min: 0, Avg:  2.8, Max: 31, Diff: 31, Sum: 33, Workers: 12
[0.825s][debug][gc,phases         ] GC(37)       Merged Fine:                   Min: 0, Avg:  0.0, Max: 0, Diff: 0, Sum: 0, Workers: 12
[0.825s][debug][gc,phases         ] GC(37)       Merged Coarse:                 Min: 0, Avg:  0.0, Max: 0, Diff: 0, Sum: 0, Workers: 12
[0.825s][debug][gc,phases         ] GC(37)       Dirty Cards:                   Min: 0, Avg:  0.0, Max: 0, Diff: 0, Sum: 0, Workers: 12
[0.825s][debug][gc,phases         ] GC(37)     Hot Card Cache (ms):           Min:  0.0, Avg:  0.0, Max:  0.0, Diff:  0.0, Sum:  0.0, Workers: 12
[0.825s][debug][gc,phases         ] GC(37)       Dirty Cards:                   Min: 0, Avg:  0.0, Max: 0, Diff: 0, Sum: 0, Workers: 12
[0.825s][debug][gc,phases         ] GC(37)       Skipped Cards:                 Min: 0, Avg:  0.0, Max: 0, Diff: 0, Sum: 0, Workers: 12
[0.825s][debug][gc,phases         ] GC(37)     Log Buffers (ms):              Min:  0.0, Avg:  0.0, Max:  0.0, Diff:  0.0, Sum:  0.0, Workers: 12
[0.825s][debug][gc,phases         ] GC(37)       Dirty Cards:                   Min: 0, Avg:  0.9, Max: 11, Diff: 11, Sum: 11, Workers: 12
[0.825s][debug][gc,phases         ] GC(37)       Skipped Cards:                 Min: 0, Avg:  0.0, Max: 0, Diff: 0, Sum: 0, Workers: 12
[0.825s][info ][gc,phases         ] GC(37)   Evacuate Collection Set: 0.4ms
[0.825s][debug][gc,phases         ] GC(37)     Ext Root Scanning (ms):        Min:  0.0, Avg:  0.0, Max:  0.0, Diff:  0.0, Sum:  0.1, Workers: 12
[0.825s][debug][gc,phases         ] GC(37)     Scan Heap Roots (ms):          Min:  0.0, Avg:  0.0, Max:  0.0, Diff:  0.0, Sum:  0.0, Workers: 12
[0.825s][debug][gc,phases         ] GC(37)       Scanned Cards:                 Min: 0, Avg:  1.5, Max: 17, Diff: 17, Sum: 18, Workers: 12
[0.825s][debug][gc,phases         ] GC(37)       Scanned Blocks:                Min: 0, Avg:  0.2, Max: 1, Diff: 1, Sum: 2, Workers: 12
[0.825s][debug][gc,phases         ] GC(37)       Claimed Chunks:                Min: 0, Avg:  0.2, Max: 1, Diff: 1, Sum: 2, Workers: 12
[0.825s][debug][gc,phases         ] GC(37)     Code Root Scan (ms):           Min:  0.0, Avg:  0.0, Max:  0.0, Diff:  0.0, Sum:  0.0, Workers: 12
[0.825s][debug][gc,phases         ] GC(37)     Object Copy (ms):              Min:  0.0, Avg:  0.0, Max:  0.1, Diff:  0.1, Sum:  0.3, Workers: 12
[0.825s][debug][gc,phases         ] GC(37)     Termination (ms):              Min:  0.1, Avg:  0.2, Max:  0.3, Diff:  0.2, Sum:  2.8, Workers: 12
[0.825s][debug][gc,phases         ] GC(37)       Termination Attempts:          Min: 1, Avg:  1.2, Max: 2, Diff: 1, Sum: 15, Workers: 12
[0.825s][debug][gc,phases         ] GC(37)     GC Worker Other (ms):          Min:  0.0, Avg:  0.0, Max:  0.0, Diff:  0.0, Sum:  0.0, Workers: 12
[0.825s][debug][gc,phases         ] GC(37)     GC Worker Total (ms):          Min:  0.1, Avg:  0.3, Max:  0.4, Diff:  0.2, Sum:  3.2, Workers: 12
[0.825s][info ][gc,phases         ] GC(37)   Post Evacuate Collection Set: 0.5ms
[0.825s][debug][gc,phases         ] GC(37)     Code Roots Fixup: 0.0ms
[0.825s][debug][gc,phases         ] GC(37)     Reference Processing: 0.0ms
[0.825s][debug][gc,phases,ref     ] GC(37)       Reconsider SoftReferences: 0.0ms
[0.825s][debug][gc,phases,ref     ] GC(37)         SoftRef (ms):                  skipped
[0.825s][debug][gc,phases,ref     ] GC(37)       Notify Soft/WeakReferences: 0.0ms
[0.825s][debug][gc,phases,ref     ] GC(37)         SoftRef (ms):                  skipped
[0.825s][debug][gc,phases,ref     ] GC(37)         WeakRef (ms):                  skipped
[0.825s][debug][gc,phases,ref     ] GC(37)         FinalRef (ms):                 skipped
[0.825s][debug][gc,phases,ref     ] GC(37)         Total (ms):                    skipped
[0.825s][debug][gc,phases,ref     ] GC(37)       Notify and keep alive finalizable: 0.0ms
[0.825s][debug][gc,phases,ref     ] GC(37)         FinalRef (ms):                 skipped
[0.825s][debug][gc,phases,ref     ] GC(37)       Notify PhantomReferences: 0.0ms
[0.825s][debug][gc,phases,ref     ] GC(37)         PhantomRef (ms):               skipped
[0.825s][debug][gc,phases,ref     ] GC(37)       SoftReference:
[0.825s][debug][gc,phases,ref     ] GC(37)         Discovered: 0
[0.825s][debug][gc,phases,ref     ] GC(37)         Cleared: 0
[0.825s][debug][gc,phases,ref     ] GC(37)       WeakReference:
[0.825s][debug][gc,phases,ref     ] GC(37)         Discovered: 0
[0.825s][debug][gc,phases,ref     ] GC(37)         Cleared: 0
[0.825s][debug][gc,phases,ref     ] GC(37)       FinalReference:
[0.825s][debug][gc,phases,ref     ] GC(37)         Discovered: 0
[0.825s][debug][gc,phases,ref     ] GC(37)         Cleared: 0
[0.825s][debug][gc,phases,ref     ] GC(37)       PhantomReference:
[0.825s][debug][gc,phases,ref     ] GC(37)         Discovered: 0
[0.825s][debug][gc,phases,ref     ] GC(37)         Cleared: 0
[0.825s][debug][gc,phases         ] GC(37)     Weak Processing: 0.0ms
[0.825s][debug][gc,phases         ] GC(37)       VM Weak                        Min:  0.0, Avg:  0.0, Max:  0.0, Diff:  0.0, Sum:  0.0, Workers: 1
[0.825s][debug][gc,phases         ] GC(37)         Dead                           Min: 0, Avg:  0.0, Max: 0, Diff: 0, Sum: 0, Workers: 1
[0.825s][debug][gc,phases         ] GC(37)         Total                          Min: 4, Avg:  4.0, Max: 4, Diff: 0, Sum: 4, Workers: 1
[0.825s][debug][gc,phases         ] GC(37)       ObjectSynchronizer Weak        Min:  0.0, Avg:  0.0, Max:  0.0, Diff:  0.0, Sum:  0.0, Workers: 1
[0.825s][debug][gc,phases         ] GC(37)         Dead                           Min: 0, Avg:  0.0, Max: 0, Diff: 0, Sum: 0, Workers: 1
[0.825s][debug][gc,phases         ] GC(37)         Total                          Min: 4, Avg:  4.0, Max: 4, Diff: 0, Sum: 4, Workers: 1
[0.825s][debug][gc,phases         ] GC(37)       JVMTI Tag Weak OopStorage      Min:  0.0, Avg:  0.0, Max:  0.0, Diff:  0.0, Sum:  0.0, Workers: 1
[0.825s][debug][gc,phases         ] GC(37)         Dead                           Min: 0, Avg:  0.0, Max: 0, Diff: 0, Sum: 0, Workers: 1
[0.825s][debug][gc,phases         ] GC(37)         Total                          Min: 0, Avg:  0.0, Max: 0, Diff: 0, Sum: 0, Workers: 1
[0.825s][debug][gc,phases         ] GC(37)       StringTable Weak               Min:  0.0, Avg:  0.0, Max:  0.0, Diff:  0.0, Sum:  0.0, Workers: 1
[0.825s][debug][gc,phases         ] GC(37)         Dead                           Min: 0, Avg:  0.0, Max: 0, Diff: 0, Sum: 0, Workers: 1
[0.825s][debug][gc,phases         ] GC(37)         Total                          Min: 39, Avg: 39.0, Max: 39, Diff: 0, Sum: 39, Workers: 1
[0.825s][debug][gc,phases         ] GC(37)       ResolvedMethodTable Weak       Min:  0.0, Avg:  0.0, Max:  0.0, Diff:  0.0, Sum:  0.0, Workers: 1
[0.825s][debug][gc,phases         ] GC(37)         Dead                           Min: 0, Avg:  0.0, Max: 0, Diff: 0, Sum: 0, Workers: 1
[0.825s][debug][gc,phases         ] GC(37)         Total                          Min: 22, Avg: 22.0, Max: 22, Diff: 0, Sum: 22, Workers: 1
[0.825s][debug][gc,phases         ] GC(37)       JNI Weak                       Min:  0.0, Avg:  0.0, Max:  0.0, Diff:  0.0, Sum:  0.0, Workers: 1
[0.825s][debug][gc,phases         ] GC(37)         Dead                           Min: 0, Avg:  0.0, Max: 0, Diff: 0, Sum: 0, Workers: 1
[0.825s][debug][gc,phases         ] GC(37)         Total                          Min: 0, Avg:  0.0, Max: 0, Diff: 0, Sum: 0, Workers: 1
[0.825s][debug][gc,phases         ] GC(37)       StringDedup Table Weak         Min:  0.0, Avg:  0.0, Max:  0.0, Diff:  0.0, Sum:  0.0, Workers: 1
[0.825s][debug][gc,phases         ] GC(37)         Dead                           Min: 0, Avg:  0.0, Max: 0, Diff: 0, Sum: 0, Workers: 1
[0.825s][debug][gc,phases         ] GC(37)         Total                          Min: 0, Avg:  0.0, Max: 0, Diff: 0, Sum: 0, Workers: 1
[0.825s][debug][gc,phases         ] GC(37)       StringDedup Requests0 Weak     Min:  0.0, Avg:  0.0, Max:  0.0, Diff:  0.0, Sum:  0.0, Workers: 1
[0.825s][debug][gc,phases         ] GC(37)         Dead                           Min: 0, Avg:  0.0, Max: 0, Diff: 0, Sum: 0, Workers: 1
[0.825s][debug][gc,phases         ] GC(37)         Total                          Min: 0, Avg:  0.0, Max: 0, Diff: 0, Sum: 0, Workers: 1
[0.825s][debug][gc,phases         ] GC(37)       StringDedup Requests1 Weak     Min:  0.0, Avg:  0.0, Max:  0.0, Diff:  0.0, Sum:  0.0, Workers: 1
[0.825s][debug][gc,phases         ] GC(37)         Dead                           Min: 0, Avg:  0.0, Max: 0, Diff: 0, Sum: 0, Workers: 1
[0.825s][debug][gc,phases         ] GC(37)         Total                          Min: 0, Avg:  0.0, Max: 0, Diff: 0, Sum: 0, Workers: 1
[0.825s][debug][gc,phases         ] GC(37)       Weak JFR Old Object Samples    Min:  0.0, Avg:  0.0, Max:  0.0, Diff:  0.0, Sum:  0.0, Workers: 1
[0.825s][debug][gc,phases         ] GC(37)         Dead                           Min: 0, Avg:  0.0, Max: 0, Diff: 0, Sum: 0, Workers: 1
[0.825s][debug][gc,phases         ] GC(37)         Total                          Min: 0, Avg:  0.0, Max: 0, Diff: 0, Sum: 0, Workers: 1
[0.825s][debug][gc,phases         ] GC(37)     Post Evacuate Cleanup 1: 0.0ms
[0.825s][debug][gc,phases         ] GC(37)       Merge Per-Thread State (ms):   Min:  0.0, Avg:  0.0, Max:  0.0, Diff:  0.0, Sum:  0.0, Workers: 1
[0.825s][debug][gc,phases         ] GC(37)         Copied Bytes                   Min: 0, Avg: 136566.7, Max: 458864, Diff: 458864, Sum: 1638800, Workers: 12
[0.825s][debug][gc,phases         ] GC(37)         LAB Waste                      Min: 0, Avg:  0.0, Max: 0, Diff: 0, Sum: 0, Workers: 12
[0.825s][debug][gc,phases         ] GC(37)         LAB Undo Waste                 Min: 0, Avg:  0.0, Max: 0, Diff: 0, Sum: 0, Workers: 12
[0.825s][debug][gc,phases         ] GC(37)       Clear Logged Cards (ms):       Min:  0.0, Avg:  0.0, Max:  0.0, Diff:  0.0, Sum:  0.0, Workers: 3
[0.825s][debug][gc,phases         ] GC(37)       Recalculate Used Memory (ms):  Min:  0.0, Avg:  0.0, Max:  0.0, Diff:  0.0, Sum:  0.0, Workers: 1
[0.825s][debug][gc,phases         ] GC(37)     Post Evacuate Cleanup 2: 0.2ms
[0.825s][debug][gc,phases         ] GC(37)       Reset Hot Card Cache (ms):     Min:  0.0, Avg:  0.0, Max:  0.0, Diff:  0.0, Sum:  0.0, Workers: 1
[0.825s][debug][gc,phases         ] GC(37)       Purge Code Roots (ms):         Min:  0.0, Avg:  0.0, Max:  0.0, Diff:  0.0, Sum:  0.0, Workers: 1
[0.825s][debug][gc,phases         ] GC(37)       Update Derived Pointers (ms):  Min:  0.0, Avg:  0.0, Max:  0.0, Diff:  0.0, Sum:  0.0, Workers: 1
[0.825s][debug][gc,phases         ] GC(37)       Eagerly Reclaim Humongous Objects (ms): Min:  0.0, Avg:  0.0, Max:  0.0, Diff:  0.0, Sum:  0.0, Workers: 1
[0.825s][debug][gc,phases         ] GC(37)         Humongous Total                Min: 31, Avg: 31.0, Max: 31, Diff: 0, Sum: 31, Workers: 1
[0.825s][debug][gc,phases         ] GC(37)         Humongous Candidates           Min: 31, Avg: 31.0, Max: 31, Diff: 0, Sum: 31, Workers: 1
[0.825s][debug][gc,phases         ] GC(37)         Humongous Reclaimed            Min: 0, Avg:  0.0, Max: 0, Diff: 0, Sum: 0, Workers: 1
[0.825s][debug][gc,phases         ] GC(37)       Redirty Logged Cards (ms):     Min:  0.0, Avg:  0.0, Max:  0.0, Diff:  0.0, Sum:  0.0, Workers: 12
[0.825s][debug][gc,phases         ] GC(37)         Redirtied Cards:               Min: 0, Avg:  1.8, Max: 22, Diff: 22, Sum: 22, Workers: 12
[0.825s][debug][gc,phases         ] GC(37)       Free Collection Set (ms):      Min:  0.0, Avg:  0.0, Max:  0.0, Diff:  0.0, Sum:  0.0, Workers: 12
[0.825s][debug][gc,phases         ] GC(37)     Rebuild Free List: 0.2ms
[0.825s][debug][gc,phases         ] GC(37)     Start New Collection Set: 0.0ms
[0.825s][debug][gc,phases         ] GC(37)     Resize TLABs: 0.0ms
[0.825s][debug][gc,phases         ] GC(37)     Expand Heap After Collection: 0.0ms
[0.825s][info ][gc,phases         ] GC(37)   Other: 0.2ms
[0.825s][info ][gc,heap           ] GC(37) Eden regions: 1->0(10)
[0.825s][info ][gc,heap           ] GC(37) Survivor regions: 1->2(2)
[0.825s][info ][gc,heap           ] GC(37) Old regions: 160->160
[0.825s][info ][gc,heap           ] GC(37) Archive regions: 2->2
[0.825s][info ][gc,heap           ] GC(37) Humongous regions: 89->89
[0.825s][info ][gc,metaspace      ] GC(37) Metaspace: 136K(320K)->136K(320K) NonClass: 131K(192K)->131K(192K) Class: 5K(128K)->5K(128K)
[0.825s][debug][gc,heap           ] GC(37) Heap after GC invocations=37 (full 2):
[0.825s][debug][gc,heap           ] GC(37)  garbage-first heap   total 262144K, used 249620K [0x00000000f0000000, 0x0000000100000000)
[0.825s][debug][gc,heap           ] GC(37)   region size 1024K, 2 young (2048K), 2 survivors (2048K)
[0.825s][debug][gc,heap           ] GC(37)  Metaspace       used 136K, committed 320K, reserved 1114112K
[0.825s][debug][gc,heap           ] GC(37)   class space    used 5K, committed 128K, reserved 1048576K
[0.825s][info ][gc                ] GC(37) Pause Young (Prepare Mixed) (G1 Preventive Collection) 243M->243M(256M) 2.463ms
[0.825s][info ][gc,cpu            ] GC(37) User=0.01s Sys=0.00s Real=0.01s
[0.828s][debug][gc,ergo,cset      ] Preventive GC, insufficient free regions. Predicted need 5. Curr Eden 1 (Pred 2). Curr Survivor 2 (Pred 2). Curr Old 160 (Pred 1) Free 2 Alloc 1
[0.828s][debug][gc,heap           ] GC(38) Heap before GC invocations=37 (full 2):
[0.828s][debug][gc,heap           ] GC(38)  garbage-first heap   total 262144K, used 249620K [0x00000000f0000000, 0x0000000100000000)
[0.828s][debug][gc,heap           ] GC(38)   region size 1024K, 3 young (3072K), 2 survivors (2048K)
[0.828s][debug][gc,heap           ] GC(38)  Metaspace       used 136K, committed 320K, reserved 1114112K
[0.828s][debug][gc,heap           ] GC(38)   class space    used 5K, committed 128K, reserved 1048576K
[0.828s][info ][gc,start          ] GC(38) Pause Young (Mixed) (G1 Preventive Collection)
[0.828s][info ][gc,task           ] GC(38) Using 12 workers of 13 for evacuation
[0.828s][debug][gc,tlab           ] GC(38) TLAB totals: thrds: 5  refills: 5 max: 1 slow allocs: 9 max 2 waste: 37.1% gc: 193712B max: 39184B slow: 0B max: 0B
[0.828s][debug][gc,age            ] GC(38) Desired survivor size 1048576 bytes, new threshold 2 (max threshold 15)
[0.828s][debug][gc,refine,stats   ] GC(38) Mutator refinement: 0.00ms, refined: 0, precleaned: 0, dirtied: 0
[0.828s][debug][gc,refine,stats   ] GC(38) Concurrent refinement: 0.00ms, refined: 0, precleaned: 0, dirtied: 0
[0.828s][debug][gc,refine,stats   ] GC(38) Total refinement: 0.00ms, refined: 0, precleaned: 0, dirtied: 0
[0.828s][debug][gc,refine,stats   ] GC(38) Generate dirty cards rate: 0.00 cards/ms
[0.828s][debug][gc,alloc,region   ] GC(38) Mutator Allocation stats, regions: 1, wasted size: 0B ( 0.0%)
[0.828s][debug][gc,ergo,cset      ] GC(38) Start adding old regions to collection set. Min 1 regions, max 26 regions, time remaining 48.48ms, optional threshold 9.70ms
[0.828s][debug][gc,ergo,cset      ] GC(38) Old candidate collection set empty.
[0.828s][debug][gc,ergo,cset      ] GC(38) Finish choosing collection set old regions. Initial: 6, optional: 0, predicted old time: 0.00ms, predicted optional time: 0.00ms, time remaining: 47.50
[0.828s][debug][gc,humongous      ] GC(38) Humongous region 0 (object size 1048592 @ 0x00000000f0000000) remset 0 code roots 0 marked 0 reclaim candidate 1 type array 1
[0.828s][debug][gc,humongous      ] GC(38) Humongous region 22 (object size 1048592 @ 0x00000000f1600000) remset 0 code roots 0 marked 0 reclaim candidate 1 type array 1
[0.828s][debug][gc,humongous      ] GC(38) Humongous region 42 (object size 1048592 @ 0x00000000f2a00000) remset 0 code roots 0 marked 0 reclaim candidate 1 type array 1
[0.828s][debug][gc,humongous      ] GC(38) Humongous region 60 (object size 1048592 @ 0x00000000f3c00000) remset 0 code roots 0 marked 0 reclaim candidate 1 type array 1
[0.828s][debug][gc,humongous      ] GC(38) Humongous region 2 (object size 1048592 @ 0x00000000f0200000) remset 0 code roots 0 marked 0 reclaim candidate 1 type array 1
[0.828s][debug][gc,humongous      ] GC(38) Humongous region 24 (object size 1048592 @ 0x00000000f1800000) remset 0 code roots 0 marked 0 reclaim candidate 1 type array 1
[0.828s][debug][gc,humongous      ] GC(38) Humongous region 216 (object size 10485776 @ 0x00000000fd800000) remset 0 code roots 0 marked 0 reclaim candidate 1 type array 1
[0.828s][debug][gc,humongous      ] GC(38) Humongous region 8 (object size 1048592 @ 0x00000000f0800000) remset 0 code roots 0 marked 0 reclaim candidate 1 type array 1
[0.828s][debug][gc,humongous      ] GC(38) Humongous region 83 (object size 1048592 @ 0x00000000f5300000) remset 0 code roots 0 marked 0 reclaim candidate 1 type array 1
[0.828s][debug][gc,humongous      ] GC(38) Humongous region 10 (object size 1048592 @ 0x00000000f0a00000) remset 0 code roots 0 marked 0 reclaim candidate 1 type array 1
[0.828s][debug][gc,humongous      ] GC(38) Humongous region 14 (object size 1048592 @ 0x00000000f0e00000) remset 0 code roots 0 marked 0 reclaim candidate 1 type array 1
[0.828s][debug][gc,humongous      ] GC(38) Humongous region 4 (object size 1048592 @ 0x00000000f0400000) remset 0 code roots 0 marked 0 reclaim candidate 1 type array 1
[0.828s][debug][gc,humongous      ] GC(38) Humongous region 16 (object size 1048592 @ 0x00000000f1000000) remset 0 code roots 0 marked 0 reclaim candidate 1 type array 1
[0.828s][debug][gc,humongous      ] GC(38) Humongous region 203 (object size 1048592 @ 0x00000000fcb00000) remset 0 code roots 0 marked 0 reclaim candidate 1 type array 1
[0.828s][debug][gc,humongous      ] GC(38) Humongous region 20 (object size 1048592 @ 0x00000000f1400000) remset 0 code roots 0 marked 0 reclaim candidate 1 type array 1
[0.828s][debug][gc,humongous      ] GC(38) Humongous region 64 (object size 1048592 @ 0x00000000f4000000) remset 0 code roots 0 marked 0 reclaim candidate 1 type array 1
[0.828s][debug][gc,humongous      ] GC(38) Humongous region 26 (object size 1048592 @ 0x00000000f1a00000) remset 0 code roots 0 marked 0 reclaim candidate 1 type array 1
[0.828s][debug][gc,humongous      ] GC(38) Humongous region 34 (object size 1048592 @ 0x00000000f2200000) remset 0 code roots 0 marked 0 reclaim candidate 1 type array 1
[0.828s][debug][gc,humongous      ] GC(38) Humongous region 126 (object size 1048592 @ 0x00000000f7e00000) remset 0 code roots 0 marked 0 reclaim candidate 1 type array 1
[0.828s][debug][gc,humongous      ] GC(38) Humongous region 12 (object size 1048592 @ 0x00000000f0c00000) remset 0 code roots 0 marked 0 reclaim candidate 1 type array 1
[0.828s][debug][gc,humongous      ] GC(38) Humongous region 38 (object size 1048592 @ 0x00000000f2600000) remset 0 code roots 0 marked 0 reclaim candidate 1 type array 1
[0.828s][debug][gc,humongous      ] GC(38) Humongous region 18 (object size 1048592 @ 0x00000000f1200000) remset 0 code roots 0 marked 0 reclaim candidate 1 type array 1
[0.828s][debug][gc,humongous      ] GC(38) Humongous region 85 (object size 10485776 @ 0x00000000f5500000) remset 0 code roots 0 marked 0 reclaim candidate 1 type array 1
[0.828s][debug][gc,humongous      ] GC(38) Humongous region 159 (object size 10485776 @ 0x00000000f9f00000) remset 0 code roots 0 marked 0 reclaim candidate 1 type array 1
[0.828s][debug][gc,humongous      ] GC(38) Humongous region 28 (object size 1048592 @ 0x00000000f1c00000) remset 0 code roots 0 marked 0 reclaim candidate 1 type array 1
[0.828s][debug][gc,humongous      ] GC(38) Humongous region 244 (object size 1048592 @ 0x00000000ff400000) remset 0 code roots 0 marked 0 reclaim candidate 1 type array 1
[0.828s][debug][gc,humongous      ] GC(38) Humongous region 30 (object size 1048592 @ 0x00000000f1e00000) remset 0 code roots 0 marked 0 reclaim candidate 1 type array 1
[0.828s][debug][gc,humongous      ] GC(38) Humongous region 32 (object size 1048592 @ 0x00000000f2000000) remset 0 code roots 0 marked 0 reclaim candidate 1 type array 1
[0.828s][debug][gc,humongous      ] GC(38) Humongous region 6 (object size 1048592 @ 0x00000000f0600000) remset 0 code roots 0 marked 0 reclaim candidate 1 type array 1
[0.828s][debug][gc,humongous      ] GC(38) Humongous region 36 (object size 1048592 @ 0x00000000f2400000) remset 0 code roots 0 marked 0 reclaim candidate 1 type array 1
[0.828s][debug][gc,humongous      ] GC(38) Humongous region 205 (object size 1048592 @ 0x00000000fcd00000) remset 0 code roots 0 marked 0 reclaim candidate 1 type array 1
[0.828s][debug][gc,ergo           ] GC(38) Running G1 Merge Heap Roots using 12 workers for 9 regions
[0.828s][debug][gc,remset         ] GC(38) Visited cards 64 Total dirty 4096 (1.56%) Total old 538624 (0.01%)
[0.829s][debug][gc,ergo,heap      ] GC(38) Attempt heap expansion (region allocation request failed). Allocation request: 65552B
[0.829s][debug][gc,ergo,heap      ] GC(38) Did not expand the heap (heap already fully expanded)
[0.829s][debug][gc,ref            ] GC(38) Skipped phase 1 of Reference Processing: no references
[0.829s][debug][gc,ref            ] GC(38) Skipped phase 2 of Reference Processing: no references
[0.829s][debug][gc,ref            ] GC(38) Skipped phase 3 of Reference Processing: no references
[0.829s][debug][gc,ref            ] GC(38) Skipped phase 4 of Reference Processing: no references
[0.829s][debug][gc,ergo           ] GC(38) Running G1 Rebuild Free List Task using 12 workers for rebuilding free list of regions
[0.829s][debug][gc,plab           ] GC(38) Young PLAB allocation: allocated: 0B, wasted: 0B, unused: 0B, used: 0B, undo waste: 0B, 
[0.830s][debug][gc,plab           ] GC(38) Young other allocation: region end waste: 65296B, regions filled: 1, direct allocated: 983280B, failure used: 0B, failure wasted: 0B
[0.830s][debug][gc,plab           ] GC(38) Young sizing: calculated: 0B, actual: 2064B
[0.830s][debug][gc,plab           ] GC(38) Old PLAB allocation: allocated: 0B, wasted: 0B, unused: 0B, used: 0B, undo waste: 0B, 
[0.830s][debug][gc,plab           ] GC(38) Old other allocation: region end waste: 130224B, regions filled: 2, direct allocated: 1376592B, failure used: 4588640B, failure wasted: 3799968B
[0.830s][debug][gc,plab           ] GC(38) Old sizing: calculated: 0B, actual: 2064B
[0.830s][debug][gc,ergo,heap      ] GC(38) Heap expansion: short term pause time ratio 55.11% long term pause time ratio 24.40% threshold 7.69% pause time ratio 7.69% fully expanded true resize by 0B
[0.830s][debug][gc,ergo,ihop      ] GC(38) Do not request concurrent cycle initiation (still doing mixed collections) occupancy: 266338304B allocation request: 0B threshold: 225521050B (84.01) source: end of GC
[0.830s][debug][gc,mmu            ] GC(38) MMU: 18.2ms (50.0ms/51.0ms)
[0.830s][debug][gc,ergo           ] GC(38) do not continue mixed GCs (candidate old regions not available)
[0.830s][debug][gc,ergo,ihop      ] GC(38) Request concurrent cycle initiation (occupancy higher than threshold) occupancy: 266338304B allocation request: 0B threshold: 225521050B (84.01) source: end of GC
[0.830s][debug][gc,alloc,stats    ] Old generation allocation in the last mutator period, old gen allocated: 3145728B, humongous allocated: 0B,old gen growth: 3145728B.
[0.830s][debug][gc,ihop           ] GC(38) Basic information (value update), threshold: 225556897B (84.03), target occupancy: 268435456B, current occupancy: 258229232B, recent allocation size: 3145728B, recent allocation duration: 2.70ms, recent old gen allocation rate: 1167223489.57B/s, recent marking phase length: 8.59ms
[0.830s][debug][gc,ihop           ] GC(38) Adaptive IHOP information (value update), threshold: 225556897B (98.85), internal target occupancy: 228170137B, occupancy: 258229232B, additional buffer size: 0B, predicted old gen allocation rate: 48866941.21B/s, predicted marking phase length: 53.48ms, prediction active: true
[0.830s][debug][gc,ergo,refine    ] GC(38) Concurrent refinement times: Logged Cards Scan time goal: 5.00ms Logged Cards Scan time: 0.00ms HCC time: 0.00ms
[0.830s][debug][gc,ergo,refine    ] GC(38) Updated Refinement Zones: green: 3328, yellow: 9984, red: 16640
[0.830s][info ][gc                ] GC(38) To-space exhausted
[0.830s][info ][gc,phases         ] GC(38)   Pre Evacuate Collection Set: 0.6ms
[0.830s][debug][gc,phases         ] GC(38)     Prepare TLABs: 0.0ms
[0.830s][debug][gc,phases         ] GC(38)     Concatenate Dirty Card Logs: 0.0ms
[0.830s][debug][gc,phases         ] GC(38)     Choose Collection Set: 0.0ms
[0.830s][debug][gc,phases         ] GC(38)     Region Register: 0.5ms
[0.830s][debug][gc,phases         ] GC(38)     Prepare Heap Roots: 0.0ms
[0.830s][info ][gc,phases         ] GC(38)   Merge Heap Roots: 0.2ms
[0.830s][debug][gc,phases         ] GC(38)     Prepare Merge Heap Roots: 0.0ms
[0.830s][debug][gc,phases         ] GC(38)     Eager Reclaim (ms):            Min:  0.0, Avg:  0.0, Max:  0.0, Diff:  0.0, Sum:  0.0, Workers: 1
[0.830s][debug][gc,phases         ] GC(38)     Remembered Sets (ms):          Min:  0.0, Avg:  0.0, Max:  0.0, Diff:  0.0, Sum:  0.0, Workers: 12
[0.830s][debug][gc,phases         ] GC(38)       Merged Sparse:                 Min: 0, Avg:  0.5, Max: 6, Diff: 6, Sum: 6, Workers: 12
[0.830s][debug][gc,phases         ] GC(38)       Merged Fine:                   Min: 0, Avg:  0.0, Max: 0, Diff: 0, Sum: 0, Workers: 12
[0.830s][debug][gc,phases         ] GC(38)       Merged Coarse:                 Min: 0, Avg:  0.0, Max: 0, Diff: 0, Sum: 0, Workers: 12
[0.830s][debug][gc,phases         ] GC(38)       Dirty Cards:                   Min: 0, Avg:  0.1, Max: 1, Diff: 1, Sum: 1, Workers: 12
[0.830s][debug][gc,phases         ] GC(38)     Hot Card Cache (ms):           Min:  0.0, Avg:  0.0, Max:  0.0, Diff:  0.0, Sum:  0.0, Workers: 12
[0.830s][debug][gc,phases         ] GC(38)       Dirty Cards:                   Min: 0, Avg:  0.0, Max: 0, Diff: 0, Sum: 0, Workers: 12
[0.830s][debug][gc,phases         ] GC(38)       Skipped Cards:                 Min: 0, Avg:  0.0, Max: 0, Diff: 0, Sum: 0, Workers: 12
[0.830s][debug][gc,phases         ] GC(38)     Log Buffers (ms):              Min:  0.0, Avg:  0.0, Max:  0.0, Diff:  0.0, Sum:  0.0, Workers: 12
[0.830s][debug][gc,phases         ] GC(38)       Dirty Cards:                   Min: 0, Avg:  1.2, Max: 14, Diff: 14, Sum: 14, Workers: 12
[0.830s][debug][gc,phases         ] GC(38)       Skipped Cards:                 Min: 0, Avg:  0.0, Max: 0, Diff: 0, Sum: 0, Workers: 12
[0.830s][info ][gc,phases         ] GC(38)   Evacuate Collection Set: 0.5ms
[0.830s][debug][gc,phases         ] GC(38)     Ext Root Scanning (ms):        Min:  0.0, Avg:  0.0, Max:  0.1, Diff:  0.0, Sum:  0.1, Workers: 12
[0.830s][debug][gc,phases         ] GC(38)     Scan Heap Roots (ms):          Min:  0.0, Avg:  0.0, Max:  0.0, Diff:  0.0, Sum:  0.0, Workers: 12
[0.830s][debug][gc,phases         ] GC(38)       Scanned Cards:                 Min: 0, Avg:  1.3, Max: 15, Diff: 15, Sum: 16, Workers: 12
[0.830s][debug][gc,phases         ] GC(38)       Scanned Blocks:                Min: 0, Avg:  0.4, Max: 4, Diff: 4, Sum: 5, Workers: 12
[0.830s][debug][gc,phases         ] GC(38)       Claimed Chunks:                Min: 0, Avg:  0.2, Max: 1, Diff: 1, Sum: 2, Workers: 12
[0.830s][debug][gc,phases         ] GC(38)     Code Root Scan (ms):           Min:  0.0, Avg:  0.0, Max:  0.0, Diff:  0.0, Sum:  0.0, Workers: 12
[0.830s][debug][gc,phases         ] GC(38)     Object Copy (ms):              Min:  0.0, Avg:  0.1, Max:  0.2, Diff:  0.1, Sum:  1.0, Workers: 12
[0.830s][debug][gc,phases         ] GC(38)     Termination (ms):              Min:  0.1, Avg:  0.2, Max:  0.2, Diff:  0.1, Sum:  2.4, Workers: 12
[0.830s][debug][gc,phases         ] GC(38)       Termination Attempts:          Min: 1, Avg:  1.0, Max: 1, Diff: 0, Sum: 12, Workers: 12
[0.830s][debug][gc,phases         ] GC(38)     GC Worker Other (ms):          Min:  0.0, Avg:  0.0, Max:  0.0, Diff:  0.0, Sum:  0.0, Workers: 12
[0.830s][debug][gc,phases         ] GC(38)     GC Worker Total (ms):          Min:  0.2, Avg:  0.3, Max:  0.4, Diff:  0.2, Sum:  3.6, Workers: 12
[0.830s][info ][gc,phases         ] GC(38)   Post Evacuate Collection Set: 0.6ms
[0.830s][debug][gc,phases         ] GC(38)     Code Roots Fixup: 0.0ms
[0.830s][debug][gc,phases         ] GC(38)     Reference Processing: 0.0ms
[0.830s][debug][gc,phases,ref     ] GC(38)       Reconsider SoftReferences: 0.0ms
[0.830s][debug][gc,phases,ref     ] GC(38)         SoftRef (ms):                  skipped
[0.830s][debug][gc,phases,ref     ] GC(38)       Notify Soft/WeakReferences: 0.0ms
[0.830s][debug][gc,phases,ref     ] GC(38)         SoftRef (ms):                  skipped
[0.830s][debug][gc,phases,ref     ] GC(38)         WeakRef (ms):                  skipped
[0.830s][debug][gc,phases,ref     ] GC(38)         FinalRef (ms):                 skipped
[0.830s][debug][gc,phases,ref     ] GC(38)         Total (ms):                    skipped
[0.830s][debug][gc,phases,ref     ] GC(38)       Notify and keep alive finalizable: 0.0ms
[0.830s][debug][gc,phases,ref     ] GC(38)         FinalRef (ms):                 skipped
[0.830s][debug][gc,phases,ref     ] GC(38)       Notify PhantomReferences: 0.0ms
[0.830s][debug][gc,phases,ref     ] GC(38)         PhantomRef (ms):               skipped
[0.830s][debug][gc,phases,ref     ] GC(38)       SoftReference:
[0.830s][debug][gc,phases,ref     ] GC(38)         Discovered: 0
[0.830s][debug][gc,phases,ref     ] GC(38)         Cleared: 0
[0.830s][debug][gc,phases,ref     ] GC(38)       WeakReference:
[0.830s][debug][gc,phases,ref     ] GC(38)         Discovered: 0
[0.830s][debug][gc,phases,ref     ] GC(38)         Cleared: 0
[0.830s][debug][gc,phases,ref     ] GC(38)       FinalReference:
[0.830s][debug][gc,phases,ref     ] GC(38)         Discovered: 0
[0.830s][debug][gc,phases,ref     ] GC(38)         Cleared: 0
[0.830s][debug][gc,phases,ref     ] GC(38)       PhantomReference:
[0.830s][debug][gc,phases,ref     ] GC(38)         Discovered: 0
[0.830s][debug][gc,phases,ref     ] GC(38)         Cleared: 0
[0.830s][debug][gc,phases         ] GC(38)     Weak Processing: 0.1ms
[0.830s][debug][gc,phases         ] GC(38)       VM Weak                        Min:  0.0, Avg:  0.0, Max:  0.0, Diff:  0.0, Sum:  0.0, Workers: 1
[0.830s][debug][gc,phases         ] GC(38)         Dead                           Min: 0, Avg:  0.0, Max: 0, Diff: 0, Sum: 0, Workers: 1
[0.830s][debug][gc,phases         ] GC(38)         Total                          Min: 4, Avg:  4.0, Max: 4, Diff: 0, Sum: 4, Workers: 1
[0.830s][debug][gc,phases         ] GC(38)       ObjectSynchronizer Weak        Min:  0.0, Avg:  0.0, Max:  0.0, Diff:  0.0, Sum:  0.0, Workers: 1
[0.830s][debug][gc,phases         ] GC(38)         Dead                           Min: 0, Avg:  0.0, Max: 0, Diff: 0, Sum: 0, Workers: 1
[0.830s][debug][gc,phases         ] GC(38)         Total                          Min: 4, Avg:  4.0, Max: 4, Diff: 0, Sum: 4, Workers: 1
[0.830s][debug][gc,phases         ] GC(38)       JVMTI Tag Weak OopStorage      Min:  0.0, Avg:  0.0, Max:  0.0, Diff:  0.0, Sum:  0.0, Workers: 1
[0.830s][debug][gc,phases         ] GC(38)         Dead                           Min: 0, Avg:  0.0, Max: 0, Diff: 0, Sum: 0, Workers: 1
[0.830s][debug][gc,phases         ] GC(38)         Total                          Min: 0, Avg:  0.0, Max: 0, Diff: 0, Sum: 0, Workers: 1
[0.830s][debug][gc,phases         ] GC(38)       StringTable Weak               Min:  0.0, Avg:  0.0, Max:  0.0, Diff:  0.0, Sum:  0.0, Workers: 1
[0.830s][debug][gc,phases         ] GC(38)         Dead                           Min: 0, Avg:  0.0, Max: 0, Diff: 0, Sum: 0, Workers: 1
[0.830s][debug][gc,phases         ] GC(38)         Total                          Min: 39, Avg: 39.0, Max: 39, Diff: 0, Sum: 39, Workers: 1
[0.830s][debug][gc,phases         ] GC(38)       ResolvedMethodTable Weak       Min:  0.0, Avg:  0.0, Max:  0.0, Diff:  0.0, Sum:  0.0, Workers: 1
[0.830s][debug][gc,phases         ] GC(38)         Dead                           Min: 0, Avg:  0.0, Max: 0, Diff: 0, Sum: 0, Workers: 1
[0.830s][debug][gc,phases         ] GC(38)         Total                          Min: 22, Avg: 22.0, Max: 22, Diff: 0, Sum: 22, Workers: 1
[0.830s][debug][gc,phases         ] GC(38)       JNI Weak                       Min:  0.0, Avg:  0.0, Max:  0.0, Diff:  0.0, Sum:  0.0, Workers: 1
[0.830s][debug][gc,phases         ] GC(38)         Dead                           Min: 0, Avg:  0.0, Max: 0, Diff: 0, Sum: 0, Workers: 1
[0.830s][debug][gc,phases         ] GC(38)         Total                          Min: 0, Avg:  0.0, Max: 0, Diff: 0, Sum: 0, Workers: 1
[0.830s][debug][gc,phases         ] GC(38)       StringDedup Table Weak         Min:  0.0, Avg:  0.0, Max:  0.0, Diff:  0.0, Sum:  0.0, Workers: 1
[0.830s][debug][gc,phases         ] GC(38)         Dead                           Min: 0, Avg:  0.0, Max: 0, Diff: 0, Sum: 0, Workers: 1
[0.830s][debug][gc,phases         ] GC(38)         Total                          Min: 0, Avg:  0.0, Max: 0, Diff: 0, Sum: 0, Workers: 1
[0.830s][debug][gc,phases         ] GC(38)       StringDedup Requests0 Weak     Min:  0.0, Avg:  0.0, Max:  0.0, Diff:  0.0, Sum:  0.0, Workers: 1
[0.830s][debug][gc,phases         ] GC(38)         Dead                           Min: 0, Avg:  0.0, Max: 0, Diff: 0, Sum: 0, Workers: 1
[0.830s][debug][gc,phases         ] GC(38)         Total                          Min: 0, Avg:  0.0, Max: 0, Diff: 0, Sum: 0, Workers: 1
[0.830s][debug][gc,phases         ] GC(38)       StringDedup Requests1 Weak     Min:  0.0, Avg:  0.0, Max:  0.0, Diff:  0.0, Sum:  0.0, Workers: 1
[0.830s][debug][gc,phases         ] GC(38)         Dead                           Min: 0, Avg:  0.0, Max: 0, Diff: 0, Sum: 0, Workers: 1
[0.830s][debug][gc,phases         ] GC(38)         Total                          Min: 0, Avg:  0.0, Max: 0, Diff: 0, Sum: 0, Workers: 1
[0.830s][debug][gc,phases         ] GC(38)       Weak JFR Old Object Samples    Min:  0.0, Avg:  0.0, Max:  0.0, Diff:  0.0, Sum:  0.0, Workers: 1
[0.830s][debug][gc,phases         ] GC(38)         Dead                           Min: 0, Avg:  0.0, Max: 0, Diff: 0, Sum: 0, Workers: 1
[0.830s][debug][gc,phases         ] GC(38)         Total                          Min: 0, Avg:  0.0, Max: 0, Diff: 0, Sum: 0, Workers: 1
[0.830s][debug][gc,phases         ] GC(38)     Post Evacuate Cleanup 1: 0.1ms
[0.830s][debug][gc,phases         ] GC(38)       Merge Per-Thread State (ms):   Min:  0.0, Avg:  0.0, Max:  0.0, Diff:  0.0, Sum:  0.0, Workers: 1
[0.830s][debug][gc,phases         ] GC(38)         Copied Bytes                   Min: 0, Avg: 196656.0, Max: 655520, Diff: 655520, Sum: 2359872, Workers: 12
[0.830s][debug][gc,phases         ] GC(38)         LAB Waste                      Min: 0, Avg:  0.0, Max: 0, Diff: 0, Sum: 0, Workers: 12
[0.830s][debug][gc,phases         ] GC(38)         LAB Undo Waste                 Min: 0, Avg:  0.0, Max: 0, Diff: 0, Sum: 0, Workers: 12
[0.830s][debug][gc,phases         ] GC(38)       Clear Logged Cards (ms):       Min:  0.0, Avg:  0.0, Max:  0.0, Diff:  0.0, Sum:  0.0, Workers: 11
[0.830s][debug][gc,phases         ] GC(38)       Recalculate Used Memory (ms):  Min:  0.0, Avg:  0.0, Max:  0.0, Diff:  0.0, Sum:  0.0, Workers: 1
[0.830s][debug][gc,phases         ] GC(38)       Remove Self Forwards (ms):     Min:  0.0, Avg:  0.0, Max:  0.0, Diff:  0.0, Sum:  0.0, Workers: 11
[0.830s][debug][gc,phases         ] GC(38)     Post Evacuate Cleanup 2: 0.2ms
[0.830s][debug][gc,phases         ] GC(38)       Recalculate Used Memory (ms):  Min:  0.0, Avg:  0.0, Max:  0.0, Diff:  0.0, Sum:  0.0, Workers: 1
[0.830s][debug][gc,phases         ] GC(38)       Restore Preserved Marks (ms):  Min:  0.0, Avg:  0.0, Max:  0.0, Diff:  0.0, Sum:  0.0, Workers: 12
[0.830s][debug][gc,phases         ] GC(38)       Reset Hot Card Cache (ms):     Min:  0.0, Avg:  0.0, Max:  0.0, Diff:  0.0, Sum:  0.0, Workers: 1
[0.830s][debug][gc,phases         ] GC(38)       Purge Code Roots (ms):         Min:  0.0, Avg:  0.0, Max:  0.0, Diff:  0.0, Sum:  0.0, Workers: 1
[0.830s][debug][gc,phases         ] GC(38)       Update Derived Pointers (ms):  Min:  0.0, Avg:  0.0, Max:  0.0, Diff:  0.0, Sum:  0.0, Workers: 1
[0.830s][debug][gc,phases         ] GC(38)       Eagerly Reclaim Humongous Objects (ms): Min:  0.0, Avg:  0.0, Max:  0.0, Diff:  0.0, Sum:  0.0, Workers: 1
[0.830s][debug][gc,phases         ] GC(38)         Humongous Total                Min: 31, Avg: 31.0, Max: 31, Diff: 0, Sum: 31, Workers: 1
[0.830s][debug][gc,phases         ] GC(38)         Humongous Candidates           Min: 31, Avg: 31.0, Max: 31, Diff: 0, Sum: 31, Workers: 1
[0.830s][debug][gc,phases         ] GC(38)         Humongous Reclaimed            Min: 0, Avg:  0.0, Max: 0, Diff: 0, Sum: 0, Workers: 1
[0.830s][debug][gc,phases         ] GC(38)       Redirty Logged Cards (ms):     Min:  0.0, Avg:  0.0, Max:  0.0, Diff:  0.0, Sum:  0.0, Workers: 12
[0.830s][debug][gc,phases         ] GC(38)         Redirtied Cards:               Min: 0, Avg:  2.6, Max: 31, Diff: 31, Sum: 31, Workers: 12
[0.830s][debug][gc,phases         ] GC(38)       Free Collection Set (ms):      Min:  0.0, Avg:  0.0, Max:  0.0, Diff:  0.0, Sum:  0.0, Workers: 12
[0.830s][debug][gc,phases         ] GC(38)     Rebuild Free List: 0.2ms
[0.830s][debug][gc,phases         ] GC(38)     Start New Collection Set: 0.0ms
[0.830s][debug][gc,phases         ] GC(38)     Resize TLABs: 0.0ms
[0.830s][debug][gc,phases         ] GC(38)     Expand Heap After Collection: 0.0ms
[0.830s][info ][gc,phases         ] GC(38)   Other: 0.2ms
[0.830s][info ][gc,heap           ] GC(38) Eden regions: 1->0(11)
[0.830s][info ][gc,heap           ] GC(38) Survivor regions: 2->1(2)
[0.830s][info ][gc,heap           ] GC(38) Old regions: 160->163
[0.830s][info ][gc,heap           ] GC(38) Archive regions: 2->2
[0.830s][info ][gc,heap           ] GC(38) Humongous regions: 89->89
[0.830s][info ][gc,metaspace      ] GC(38) Metaspace: 136K(320K)->136K(320K) NonClass: 131K(192K)->131K(192K) Class: 5K(128K)->5K(128K)
[0.830s][debug][gc,heap           ] GC(38) Heap after GC invocations=38 (full 2):
[0.830s][debug][gc,heap           ] GC(38)  garbage-first heap   total 262144K, used 252176K [0x00000000f0000000, 0x0000000100000000)
[0.830s][debug][gc,heap           ] GC(38)   region size 1024K, 1 young (1024K), 1 survivors (1024K)
[0.830s][debug][gc,heap           ] GC(38)  Metaspace       used 136K, committed 320K, reserved 1114112K
[0.830s][debug][gc,heap           ] GC(38)   class space    used 5K, committed 128K, reserved 1048576K
[0.830s][info ][gc                ] GC(38) Pause Young (Mixed) (G1 Preventive Collection) 244M->246M(256M) 2.351ms
[0.830s][info ][gc,cpu            ] GC(38) User=0.00s Sys=0.00s Real=0.00s
[0.832s][debug][gc,heap           ] GC(39) Heap before GC invocations=38 (full 2):
[0.832s][debug][gc,heap           ] GC(39)  garbage-first heap   total 262144K, used 252176K [0x00000000f0000000, 0x0000000100000000)
[0.832s][debug][gc,heap           ] GC(39)   region size 1024K, 2 young (2048K), 1 survivors (1024K)
[0.832s][debug][gc,heap           ] GC(39)  Metaspace       used 136K, committed 320K, reserved 1114112K
[0.832s][debug][gc,heap           ] GC(39)   class space    used 5K, committed 128K, reserved 1048576K
[0.832s][debug][gc,ergo           ] GC(39) Initiate concurrent cycle (concurrent cycle initiation requested)
[0.832s][info ][gc,start          ] GC(39) Pause Young (Concurrent Start) (G1 Evacuation Pause)
[0.832s][info ][gc,task           ] GC(39) Using 12 workers of 13 for evacuation
[0.832s][debug][gc,tlab           ] GC(39) TLAB totals: thrds: 5  refills: 5 max: 1 slow allocs: 6 max 2 waste: 39.4% gc: 213096B max: 43104B slow: 0B max: 0B
[0.832s][debug][gc,age            ] GC(39) Desired survivor size 1048576 bytes, new threshold 15 (max threshold 15)
[0.832s][debug][gc,refine,stats   ] GC(39) Mutator refinement: 0.00ms, refined: 0, precleaned: 0, dirtied: 4
[0.832s][debug][gc,refine,stats   ] GC(39) Concurrent refinement: 0.00ms, refined: 0, precleaned: 0, dirtied: 0
[0.832s][debug][gc,refine,stats   ] GC(39) Total refinement: 0.00ms, refined: 0, precleaned: 0, dirtied: 4
[0.832s][debug][gc,refine,stats   ] GC(39) Generate dirty cards rate: 0.50 cards/ms
[0.832s][debug][gc,alloc,region   ] GC(39) Mutator Allocation stats, regions: 1, wasted size: 0B ( 0.0%)
[0.833s][debug][gc,humongous      ] GC(39) Humongous region 0 (object size 1048592 @ 0x00000000f0000000) remset 0 code roots 0 marked 0 reclaim candidate 1 type array 1
[0.833s][debug][gc,humongous      ] GC(39) Humongous region 2 (object size 1048592 @ 0x00000000f0200000) remset 0 code roots 0 marked 0 reclaim candidate 1 type array 1
[0.833s][debug][gc,humongous      ] GC(39) Humongous region 4 (object size 1048592 @ 0x00000000f0400000) remset 0 code roots 0 marked 0 reclaim candidate 1 type array 1
[0.833s][debug][gc,humongous      ] GC(39) Humongous region 42 (object size 1048592 @ 0x00000000f2a00000) remset 0 code roots 0 marked 0 reclaim candidate 1 type array 1
[0.833s][debug][gc,humongous      ] GC(39) Humongous region 60 (object size 1048592 @ 0x00000000f3c00000) remset 0 code roots 0 marked 0 reclaim candidate 1 type array 1
[0.833s][debug][gc,humongous      ] GC(39) Humongous region 64 (object size 1048592 @ 0x00000000f4000000) remset 0 code roots 0 marked 0 reclaim candidate 1 type array 1
[0.833s][debug][gc,humongous      ] GC(39) Humongous region 126 (object size 1048592 @ 0x00000000f7e00000) remset 0 code roots 0 marked 0 reclaim candidate 1 type array 1
[0.833s][debug][gc,humongous      ] GC(39) Humongous region 159 (object size 10485776 @ 0x00000000f9f00000) remset 0 code roots 0 marked 0 reclaim candidate 1 type array 1
[0.833s][debug][gc,humongous      ] GC(39) Humongous region 244 (object size 1048592 @ 0x00000000ff400000) remset 0 code roots 0 marked 0 reclaim candidate 1 type array 1
[0.833s][debug][gc,humongous      ] GC(39) Humongous region 85 (object size 10485776 @ 0x00000000f5500000) remset 0 code roots 0 marked 0 reclaim candidate 1 type array 1
[0.833s][debug][gc,humongous      ] GC(39) Humongous region 22 (object size 1048592 @ 0x00000000f1600000) remset 0 code roots 0 marked 0 reclaim candidate 1 type array 1
[0.833s][debug][gc,humongous      ] GC(39) Humongous region 83 (object size 1048592 @ 0x00000000f5300000) remset 0 code roots 0 marked 0 reclaim candidate 1 type array 1
[0.833s][debug][gc,humongous      ] GC(39) Humongous region 205 (object size 1048592 @ 0x00000000fcd00000) remset 0 code roots 0 marked 0 reclaim candidate 1 type array 1
[0.833s][debug][gc,humongous      ] GC(39) Humongous region 216 (object size 10485776 @ 0x00000000fd800000) remset 0 code roots 0 marked 0 reclaim candidate 1 type array 1
[0.833s][debug][gc,humongous      ] GC(39) Humongous region 26 (object size 1048592 @ 0x00000000f1a00000) remset 0 code roots 0 marked 0 reclaim candidate 1 type array 1
[0.833s][debug][gc,humongous      ] GC(39) Humongous region 8 (object size 1048592 @ 0x00000000f0800000) remset 0 code roots 0 marked 0 reclaim candidate 1 type array 1
[0.833s][debug][gc,humongous      ] GC(39) Humongous region 30 (object size 1048592 @ 0x00000000f1e00000) remset 0 code roots 0 marked 0 reclaim candidate 1 type array 1
[0.833s][debug][gc,humongous      ] GC(39) Humongous region 12 (object size 1048592 @ 0x00000000f0c00000) remset 0 code roots 0 marked 0 reclaim candidate 1 type array 1
[0.833s][debug][gc,humongous      ] GC(39) Humongous region 32 (object size 1048592 @ 0x00000000f2000000) remset 0 code roots 0 marked 0 reclaim candidate 1 type array 1
[0.833s][debug][gc,humongous      ] GC(39) Humongous region 16 (object size 1048592 @ 0x00000000f1000000) remset 0 code roots 0 marked 0 reclaim candidate 1 type array 1
[0.833s][debug][gc,humongous      ] GC(39) Humongous region 36 (object size 1048592 @ 0x00000000f2400000) remset 0 code roots 0 marked 0 reclaim candidate 1 type array 1
[0.833s][debug][gc,humongous      ] GC(39) Humongous region 14 (object size 1048592 @ 0x00000000f0e00000) remset 0 code roots 0 marked 0 reclaim candidate 1 type array 1
[0.833s][debug][gc,humongous      ] GC(39) Humongous region 18 (object size 1048592 @ 0x00000000f1200000) remset 0 code roots 0 marked 0 reclaim candidate 1 type array 1
[0.833s][debug][gc,humongous      ] GC(39) Humongous region 6 (object size 1048592 @ 0x00000000f0600000) remset 0 code roots 0 marked 0 reclaim candidate 1 type array 1
[0.833s][debug][gc,humongous      ] GC(39) Humongous region 28 (object size 1048592 @ 0x00000000f1c00000) remset 0 code roots 0 marked 0 reclaim candidate 1 type array 1
[0.833s][debug][gc,humongous      ] GC(39) Humongous region 10 (object size 1048592 @ 0x00000000f0a00000) remset 0 code roots 0 marked 0 reclaim candidate 1 type array 1
[0.833s][debug][gc,humongous      ] GC(39) Humongous region 34 (object size 1048592 @ 0x00000000f2200000) remset 0 code roots 0 marked 0 reclaim candidate 1 type array 1
[0.833s][debug][gc,humongous      ] GC(39) Humongous region 38 (object size 1048592 @ 0x00000000f2600000) remset 0 code roots 0 marked 0 reclaim candidate 1 type array 1
[0.833s][debug][gc,humongous      ] GC(39) Humongous region 203 (object size 1048592 @ 0x00000000fcb00000) remset 0 code roots 0 marked 0 reclaim candidate 1 type array 1
[0.833s][debug][gc,humongous      ] GC(39) Humongous region 20 (object size 1048592 @ 0x00000000f1400000) remset 0 code roots 0 marked 0 reclaim candidate 1 type array 1
[0.833s][debug][gc,humongous      ] GC(39) Humongous region 24 (object size 1048592 @ 0x00000000f1800000) remset 0 code roots 0 marked 0 reclaim candidate 1 type array 1
[0.833s][debug][gc,ergo           ] GC(39) Running G1 Merge Heap Roots using 12 workers for 2 regions
[0.833s][debug][gc,remset         ] GC(39) Visited cards 64 Total dirty 4096 (1.56%) Total old 528384 (0.01%)
[0.833s][debug][gc,ergo,heap      ] GC(39) Attempt heap expansion (region allocation request failed). Allocation request: 65552B
[0.833s][debug][gc,ergo,heap      ] GC(39) Did not expand the heap (heap already fully expanded)
[0.834s][debug][gc,ref            ] GC(39) Skipped phase 1 of Reference Processing: no references
[0.834s][debug][gc,ref            ] GC(39) Skipped phase 2 of Reference Processing: no references
[0.834s][debug][gc,ref            ] GC(39) Skipped phase 3 of Reference Processing: no references
[0.834s][debug][gc,ref            ] GC(39) Skipped phase 4 of Reference Processing: no references
[0.834s][debug][gc,ergo           ] GC(39) Running G1 Rebuild Free List Task using 12 workers for rebuilding free list of regions
[0.834s][debug][gc,plab           ] GC(39) Young PLAB allocation: allocated: 0B, wasted: 0B, unused: 0B, used: 0B, undo waste: 0B, 
[0.834s][debug][gc,plab           ] GC(39) Young other allocation: region end waste: 0B, regions filled: 0, direct allocated: 0B, failure used: 0B, failure wasted: 0B
[0.834s][debug][gc,plab           ] GC(39) Young sizing: calculated: 0B, actual: 2064B
[0.834s][debug][gc,plab           ] GC(39) Old PLAB allocation: allocated: 0B, wasted: 0B, unused: 0B, used: 0B, undo waste: 0B, 
[0.834s][debug][gc,plab           ] GC(39) Old other allocation: region end waste: 0B, regions filled: 0, direct allocated: 0B, failure used: 1704352B, failure wasted: 392800B
[0.834s][debug][gc,plab           ] GC(39) Old sizing: calculated: 0B, actual: 2064B
[0.834s][debug][gc,ergo,heap      ] GC(39) Heap expansion: short term pause time ratio 55.11% long term pause time ratio 24.40% threshold 7.69% pause time ratio 7.69% fully expanded true resize by 0B
[0.834s][debug][gc,mmu            ] GC(39) MMU: 17.7ms (50.0ms/51.0ms)
[0.834s][debug][gc,alloc,stats    ] Old generation allocation in the last mutator period, old gen allocated: 2097152B, humongous allocated: 0B,old gen growth: 2097152B.
[0.834s][debug][gc,ihop           ] GC(39) Basic information (value update), threshold: 211826895B (78.91), target occupancy: 268435456B, current occupancy: 259228952B, recent allocation size: 2097152B, recent allocation duration: 8.04ms, recent old gen allocation rate: 260861344.77B/s, recent marking phase length: 8.59ms
[0.834s][debug][gc,ihop           ] GC(39) Adaptive IHOP information (value update), threshold: 211826895B (92.84), internal target occupancy: 228170137B, occupancy: 259228952B, additional buffer size: 12582912B, predicted old gen allocation rate: 70317243.23B/s, predicted marking phase length: 53.48ms, prediction active: true
[0.834s][debug][gc,ergo,refine    ] GC(39) Concurrent refinement times: Logged Cards Scan time goal: 5.00ms Logged Cards Scan time: 0.00ms HCC time: 0.00ms
[0.834s][debug][gc,ergo,refine    ] GC(39) Updated Refinement Zones: green: 3328, yellow: 9984, red: 16640
[0.834s][info ][gc                ] GC(39) To-space exhausted
[0.834s][info ][gc,phases         ] GC(39)   Pre Evacuate Collection Set: 0.6ms
[0.834s][debug][gc,phases         ] GC(39)     Prepare TLABs: 0.0ms
[0.834s][debug][gc,phases         ] GC(39)     Concatenate Dirty Card Logs: 0.0ms
[0.834s][debug][gc,phases         ] GC(39)     Choose Collection Set: 0.0ms
[0.834s][debug][gc,phases         ] GC(39)     Region Register: 0.5ms
[0.834s][debug][gc,phases         ] GC(39)     Prepare Heap Roots: 0.0ms
[0.834s][debug][gc,phases         ] GC(39)     Clear Claimed Marks: 0.0ms
[0.834s][info ][gc,phases         ] GC(39)   Merge Heap Roots: 0.2ms
[0.834s][debug][gc,phases         ] GC(39)     Prepare Merge Heap Roots: 0.0ms
[0.834s][debug][gc,phases         ] GC(39)     Eager Reclaim (ms):            Min:  0.0, Avg:  0.0, Max:  0.0, Diff:  0.0, Sum:  0.0, Workers: 1
[0.834s][debug][gc,phases         ] GC(39)     Remembered Sets (ms):          Min:  0.0, Avg:  0.0, Max:  0.0, Diff:  0.0, Sum:  0.0, Workers: 12
[0.834s][debug][gc,phases         ] GC(39)       Merged Sparse:                 Min: 0, Avg:  0.0, Max: 0, Diff: 0, Sum: 0, Workers: 12
[0.834s][debug][gc,phases         ] GC(39)       Merged Fine:                   Min: 0, Avg:  0.0, Max: 0, Diff: 0, Sum: 0, Workers: 12
[0.834s][debug][gc,phases         ] GC(39)       Merged Coarse:                 Min: 0, Avg:  0.0, Max: 0, Diff: 0, Sum: 0, Workers: 12
[0.834s][debug][gc,phases         ] GC(39)       Dirty Cards:                   Min: 0, Avg:  0.0, Max: 0, Diff: 0, Sum: 0, Workers: 12
[0.834s][debug][gc,phases         ] GC(39)     Hot Card Cache (ms):           Min:  0.0, Avg:  0.0, Max:  0.0, Diff:  0.0, Sum:  0.0, Workers: 12
[0.834s][debug][gc,phases         ] GC(39)       Dirty Cards:                   Min: 0, Avg:  0.0, Max: 0, Diff: 0, Sum: 0, Workers: 12
[0.834s][debug][gc,phases         ] GC(39)       Skipped Cards:                 Min: 0, Avg:  0.0, Max: 0, Diff: 0, Sum: 0, Workers: 12
[0.834s][debug][gc,phases         ] GC(39)     Log Buffers (ms):              Min:  0.0, Avg:  0.0, Max:  0.0, Diff:  0.0, Sum:  0.0, Workers: 12
[0.834s][debug][gc,phases         ] GC(39)       Dirty Cards:                   Min: 0, Avg:  2.2, Max: 27, Diff: 27, Sum: 27, Workers: 12
[0.834s][debug][gc,phases         ] GC(39)       Skipped Cards:                 Min: 0, Avg:  0.0, Max: 0, Diff: 0, Sum: 0, Workers: 12
[0.834s][info ][gc,phases         ] GC(39)   Evacuate Collection Set: 0.5ms
[0.834s][debug][gc,phases         ] GC(39)     Ext Root Scanning (ms):        Min:  0.0, Avg:  0.0, Max:  0.1, Diff:  0.1, Sum:  0.5, Workers: 12
[0.834s][debug][gc,phases         ] GC(39)     Scan Heap Roots (ms):          Min:  0.0, Avg:  0.0, Max:  0.0, Diff:  0.0, Sum:  0.0, Workers: 12
[0.834s][debug][gc,phases         ] GC(39)       Scanned Cards:                 Min: 0, Avg:  1.5, Max: 17, Diff: 17, Sum: 18, Workers: 12
[0.834s][debug][gc,phases         ] GC(39)       Scanned Blocks:                Min: 0, Avg:  0.2, Max: 1, Diff: 1, Sum: 2, Workers: 12
[0.834s][debug][gc,phases         ] GC(39)       Claimed Chunks:                Min: 0, Avg:  0.2, Max: 1, Diff: 1, Sum: 2, Workers: 12
[0.834s][debug][gc,phases         ] GC(39)     Code Root Scan (ms):           Min:  0.0, Avg:  0.0, Max:  0.0, Diff:  0.0, Sum:  0.0, Workers: 12
[0.834s][debug][gc,phases         ] GC(39)     Object Copy (ms):              Min:  0.0, Avg:  0.0, Max:  0.0, Diff:  0.0, Sum:  0.0, Workers: 12
[0.834s][debug][gc,phases         ] GC(39)     Termination (ms):              Min:  0.2, Avg:  0.2, Max:  0.3, Diff:  0.2, Sum:  2.9, Workers: 12
[0.834s][debug][gc,phases         ] GC(39)       Termination Attempts:          Min: 1, Avg:  1.2, Max: 3, Diff: 2, Sum: 14, Workers: 12
[0.834s][debug][gc,phases         ] GC(39)     GC Worker Other (ms):          Min:  0.0, Avg:  0.0, Max:  0.0, Diff:  0.0, Sum:  0.1, Workers: 12
[0.834s][debug][gc,phases         ] GC(39)     GC Worker Total (ms):          Min:  0.2, Avg:  0.3, Max:  0.4, Diff:  0.2, Sum:  3.5, Workers: 12
[0.834s][info ][gc,phases         ] GC(39)   Post Evacuate Collection Set: 0.4ms
[0.834s][debug][gc,phases         ] GC(39)     Code Roots Fixup: 0.0ms
[0.834s][debug][gc,phases         ] GC(39)     Reference Processing: 0.0ms
[0.834s][debug][gc,phases,ref     ] GC(39)       Reconsider SoftReferences: 0.0ms
[0.834s][debug][gc,phases,ref     ] GC(39)         SoftRef (ms):                  skipped
[0.834s][debug][gc,phases,ref     ] GC(39)       Notify Soft/WeakReferences: 0.0ms
[0.834s][debug][gc,phases,ref     ] GC(39)         SoftRef (ms):                  skipped
[0.834s][debug][gc,phases,ref     ] GC(39)         WeakRef (ms):                  skipped
[0.834s][debug][gc,phases,ref     ] GC(39)         FinalRef (ms):                 skipped
[0.834s][debug][gc,phases,ref     ] GC(39)         Total (ms):                    skipped
[0.834s][debug][gc,phases,ref     ] GC(39)       Notify and keep alive finalizable: 0.0ms
[0.834s][debug][gc,phases,ref     ] GC(39)         FinalRef (ms):                 skipped
[0.834s][debug][gc,phases,ref     ] GC(39)       Notify PhantomReferences: 0.0ms
[0.834s][debug][gc,phases,ref     ] GC(39)         PhantomRef (ms):               skipped
[0.834s][debug][gc,phases,ref     ] GC(39)       SoftReference:
[0.834s][debug][gc,phases,ref     ] GC(39)         Discovered: 0
[0.834s][debug][gc,phases,ref     ] GC(39)         Cleared: 0
[0.834s][debug][gc,phases,ref     ] GC(39)       WeakReference:
[0.834s][debug][gc,phases,ref     ] GC(39)         Discovered: 0
[0.834s][debug][gc,phases,ref     ] GC(39)         Cleared: 0
[0.834s][debug][gc,phases,ref     ] GC(39)       FinalReference:
[0.834s][debug][gc,phases,ref     ] GC(39)         Discovered: 0
[0.834s][debug][gc,phases,ref     ] GC(39)         Cleared: 0
[0.834s][debug][gc,phases,ref     ] GC(39)       PhantomReference:
[0.834s][debug][gc,phases,ref     ] GC(39)         Discovered: 0
[0.834s][debug][gc,phases,ref     ] GC(39)         Cleared: 0
[0.834s][debug][gc,phases         ] GC(39)     Weak Processing: 0.0ms
[0.834s][debug][gc,phases         ] GC(39)       VM Weak                        Min:  0.0, Avg:  0.0, Max:  0.0, Diff:  0.0, Sum:  0.0, Workers: 1
[0.834s][debug][gc,phases         ] GC(39)         Dead                           Min: 0, Avg:  0.0, Max: 0, Diff: 0, Sum: 0, Workers: 1
[0.834s][debug][gc,phases         ] GC(39)         Total                          Min: 4, Avg:  4.0, Max: 4, Diff: 0, Sum: 4, Workers: 1
[0.834s][debug][gc,phases         ] GC(39)       ObjectSynchronizer Weak        Min:  0.0, Avg:  0.0, Max:  0.0, Diff:  0.0, Sum:  0.0, Workers: 1
[0.834s][debug][gc,phases         ] GC(39)         Dead                           Min: 0, Avg:  0.0, Max: 0, Diff: 0, Sum: 0, Workers: 1
[0.834s][debug][gc,phases         ] GC(39)         Total                          Min: 4, Avg:  4.0, Max: 4, Diff: 0, Sum: 4, Workers: 1
[0.834s][debug][gc,phases         ] GC(39)       JVMTI Tag Weak OopStorage      Min:  0.0, Avg:  0.0, Max:  0.0, Diff:  0.0, Sum:  0.0, Workers: 1
[0.834s][debug][gc,phases         ] GC(39)         Dead                           Min: 0, Avg:  0.0, Max: 0, Diff: 0, Sum: 0, Workers: 1
[0.834s][debug][gc,phases         ] GC(39)         Total                          Min: 0, Avg:  0.0, Max: 0, Diff: 0, Sum: 0, Workers: 1
[0.834s][debug][gc,phases         ] GC(39)       StringTable Weak               Min:  0.0, Avg:  0.0, Max:  0.0, Diff:  0.0, Sum:  0.0, Workers: 1
[0.834s][debug][gc,phases         ] GC(39)         Dead                           Min: 0, Avg:  0.0, Max: 0, Diff: 0, Sum: 0, Workers: 1
[0.834s][debug][gc,phases         ] GC(39)         Total                          Min: 39, Avg: 39.0, Max: 39, Diff: 0, Sum: 39, Workers: 1
[0.834s][debug][gc,phases         ] GC(39)       ResolvedMethodTable Weak       Min:  0.0, Avg:  0.0, Max:  0.0, Diff:  0.0, Sum:  0.0, Workers: 1
[0.834s][debug][gc,phases         ] GC(39)         Dead                           Min: 0, Avg:  0.0, Max: 0, Diff: 0, Sum: 0, Workers: 1
[0.834s][debug][gc,phases         ] GC(39)         Total                          Min: 22, Avg: 22.0, Max: 22, Diff: 0, Sum: 22, Workers: 1
[0.834s][debug][gc,phases         ] GC(39)       JNI Weak                       Min:  0.0, Avg:  0.0, Max:  0.0, Diff:  0.0, Sum:  0.0, Workers: 1
[0.835s][debug][gc,phases         ] GC(39)         Dead                           Min: 0, Avg:  0.0, Max: 0, Diff: 0, Sum: 0, Workers: 1
[0.835s][debug][gc,phases         ] GC(39)         Total                          Min: 0, Avg:  0.0, Max: 0, Diff: 0, Sum: 0, Workers: 1
[0.835s][debug][gc,phases         ] GC(39)       StringDedup Table Weak         Min:  0.0, Avg:  0.0, Max:  0.0, Diff:  0.0, Sum:  0.0, Workers: 1
[0.835s][debug][gc,phases         ] GC(39)         Dead                           Min: 0, Avg:  0.0, Max: 0, Diff: 0, Sum: 0, Workers: 1
[0.835s][debug][gc,phases         ] GC(39)         Total                          Min: 0, Avg:  0.0, Max: 0, Diff: 0, Sum: 0, Workers: 1
[0.835s][debug][gc,phases         ] GC(39)       StringDedup Requests0 Weak     Min:  0.0, Avg:  0.0, Max:  0.0, Diff:  0.0, Sum:  0.0, Workers: 1
[0.835s][debug][gc,phases         ] GC(39)         Dead                           Min: 0, Avg:  0.0, Max: 0, Diff: 0, Sum: 0, Workers: 1
[0.835s][debug][gc,phases         ] GC(39)         Total                          Min: 0, Avg:  0.0, Max: 0, Diff: 0, Sum: 0, Workers: 1
[0.835s][debug][gc,phases         ] GC(39)       StringDedup Requests1 Weak     Min:  0.0, Avg:  0.0, Max:  0.0, Diff:  0.0, Sum:  0.0, Workers: 1
[0.835s][debug][gc,phases         ] GC(39)         Dead                           Min: 0, Avg:  0.0, Max: 0, Diff: 0, Sum: 0, Workers: 1
[0.835s][debug][gc,phases         ] GC(39)         Total                          Min: 0, Avg:  0.0, Max: 0, Diff: 0, Sum: 0, Workers: 1
[0.835s][debug][gc,phases         ] GC(39)       Weak JFR Old Object Samples    Min:  0.0, Avg:  0.0, Max:  0.0, Diff:  0.0, Sum:  0.0, Workers: 1
[0.835s][debug][gc,phases         ] GC(39)         Dead                           Min: 0, Avg:  0.0, Max: 0, Diff: 0, Sum: 0, Workers: 1
[0.835s][debug][gc,phases         ] GC(39)         Total                          Min: 0, Avg:  0.0, Max: 0, Diff: 0, Sum: 0, Workers: 1
[0.835s][debug][gc,phases         ] GC(39)     Post Evacuate Cleanup 1: 0.1ms
[0.835s][debug][gc,phases         ] GC(39)       Merge Per-Thread State (ms):   Min:  0.0, Avg:  0.0, Max:  0.0, Diff:  0.0, Sum:  0.0, Workers: 1
[0.835s][debug][gc,phases         ] GC(39)         Copied Bytes                   Min: 0, Avg:  0.0, Max: 0, Diff: 0, Sum: 0, Workers: 12
[0.835s][debug][gc,phases         ] GC(39)         LAB Waste                      Min: 0, Avg:  0.0, Max: 0, Diff: 0, Sum: 0, Workers: 12
[0.835s][debug][gc,phases         ] GC(39)         LAB Undo Waste                 Min: 0, Avg:  0.0, Max: 0, Diff: 0, Sum: 0, Workers: 12
[0.835s][debug][gc,phases         ] GC(39)       Clear Logged Cards (ms):       Min:  0.0, Avg:  0.0, Max:  0.0, Diff:  0.0, Sum:  0.0, Workers: 5
[0.835s][debug][gc,phases         ] GC(39)       Recalculate Used Memory (ms):  Min:  0.0, Avg:  0.0, Max:  0.0, Diff:  0.0, Sum:  0.0, Workers: 1
[0.835s][debug][gc,phases         ] GC(39)       Remove Self Forwards (ms):     Min:  0.0, Avg:  0.0, Max:  0.0, Diff:  0.0, Sum:  0.0, Workers: 5
[0.835s][debug][gc,phases         ] GC(39)     Post Evacuate Cleanup 2: 0.2ms
[0.835s][debug][gc,phases         ] GC(39)       Recalculate Used Memory (ms):  Min:  0.0, Avg:  0.0, Max:  0.0, Diff:  0.0, Sum:  0.0, Workers: 1
[0.835s][debug][gc,phases         ] GC(39)       Restore Preserved Marks (ms):  Min:  0.0, Avg:  0.0, Max:  0.0, Diff:  0.0, Sum:  0.0, Workers: 12
[0.835s][debug][gc,phases         ] GC(39)       Reset Hot Card Cache (ms):     Min:  0.0, Avg:  0.0, Max:  0.0, Diff:  0.0, Sum:  0.0, Workers: 1
[0.835s][debug][gc,phases         ] GC(39)       Purge Code Roots (ms):         Min:  0.0, Avg:  0.0, Max:  0.0, Diff:  0.0, Sum:  0.0, Workers: 1
[0.835s][debug][gc,phases         ] GC(39)       Update Derived Pointers (ms):  Min:  0.0, Avg:  0.0, Max:  0.0, Diff:  0.0, Sum:  0.0, Workers: 1
[0.835s][debug][gc,phases         ] GC(39)       Eagerly Reclaim Humongous Objects (ms): Min:  0.0, Avg:  0.0, Max:  0.0, Diff:  0.0, Sum:  0.0, Workers: 1
[0.835s][debug][gc,phases         ] GC(39)         Humongous Total                Min: 31, Avg: 31.0, Max: 31, Diff: 0, Sum: 31, Workers: 1
[0.835s][debug][gc,phases         ] GC(39)         Humongous Candidates           Min: 31, Avg: 31.0, Max: 31, Diff: 0, Sum: 31, Workers: 1
[0.835s][debug][gc,phases         ] GC(39)         Humongous Reclaimed            Min: 0, Avg:  0.0, Max: 0, Diff: 0, Sum: 0, Workers: 1
[0.835s][debug][gc,phases         ] GC(39)       Redirty Logged Cards (ms):     Min:  0.0, Avg:  0.0, Max:  0.0, Diff:  0.0, Sum:  0.0, Workers: 12
[0.835s][debug][gc,phases         ] GC(39)         Redirtied Cards:               Min: 0, Avg:  1.2, Max: 15, Diff: 15, Sum: 15, Workers: 12
[0.835s][debug][gc,phases         ] GC(39)       Free Collection Set (ms):      Min:  0.0, Avg:  0.0, Max:  0.0, Diff:  0.0, Sum:  0.0, Workers: 12
[0.835s][debug][gc,phases         ] GC(39)     Rebuild Free List: 0.1ms
[0.835s][debug][gc,phases         ] GC(39)     Start New Collection Set: 0.0ms
[0.835s][debug][gc,phases         ] GC(39)     Resize TLABs: 0.0ms
[0.835s][debug][gc,phases         ] GC(39)     Expand Heap After Collection: 0.0ms
[0.835s][info ][gc,phases         ] GC(39)   Other: 0.2ms
[0.835s][info ][gc,heap           ] GC(39) Eden regions: 1->0(12)
[0.835s][info ][gc,heap           ] GC(39) Survivor regions: 1->0(0)
[0.835s][info ][gc,heap           ] GC(39) Old regions: 163->165
[0.835s][info ][gc,heap           ] GC(39) Archive regions: 2->2
[0.835s][info ][gc,heap           ] GC(39) Humongous regions: 89->89
[0.835s][info ][gc,metaspace      ] GC(39) Metaspace: 136K(320K)->136K(320K) NonClass: 131K(192K)->131K(192K) Class: 5K(128K)->5K(128K)
[0.835s][debug][gc,heap           ] GC(39) Heap after GC invocations=39 (full 2):
[0.835s][debug][gc,heap           ] GC(39)  garbage-first heap   total 262144K, used 253153K [0x00000000f0000000, 0x0000000100000000)
[0.835s][debug][gc,heap           ] GC(39)   region size 1024K, 0 young (0K), 0 survivors (0K)
[0.835s][debug][gc,heap           ] GC(39)  Metaspace       used 136K, committed 320K, reserved 1114112K
[0.835s][debug][gc,heap           ] GC(39)   class space    used 5K, committed 128K, reserved 1048576K
[0.835s][info ][gc                ] GC(39) Pause Young (Concurrent Start) (G1 Evacuation Pause) 247M->247M(256M) 2.231ms
[0.835s][info ][gc,cpu            ] GC(39) User=0.01s Sys=0.00s Real=0.01s
[0.835s][debug][gc,ergo,heap      ] Attempt heap expansion (allocation request failed). Allocation request: 65552B
[0.835s][debug][gc,ergo,heap      ] Expand the heap. requested expansion amount: 1048576B expansion amount: 1048576B
[0.835s][debug][gc,ergo,heap      ] Did not expand the heap (heap already fully expanded)
[0.835s][info ][gc,ergo           ] Attempting full compaction
[0.835s][info ][gc                ] GC(40) Concurrent Mark Cycle
[0.835s][info ][gc,marking        ] GC(40) Concurrent Clear Claimed Marks
[0.835s][info ][gc,marking        ] GC(40) Concurrent Clear Claimed Marks 0.017ms
[0.835s][info ][gc,marking        ] GC(40) Concurrent Scan Root Regions
[0.835s][info ][gc,marking        ] GC(40) Concurrent Scan Root Regions 0.016ms
[0.835s][info ][gc,marking        ] GC(40) Concurrent Mark
[0.835s][info ][gc,marking        ] GC(40) Concurrent Mark From Roots
[0.835s][info ][gc,task           ] GC(40) Using 3 workers of 3 for marking
[0.835s][debug][gc,task           ] GC(41) Requesting 9 active workers for full compaction (waste limited workers: 13, adaptive workers: 9, used limited workers: 256)
[0.835s][info ][gc,task           ] GC(41) Using 9 workers of 13 for full compaction
[0.835s][info ][gc,start          ] GC(41) Pause Full (G1 Compaction Pause)
[0.835s][debug][gc,heap           ] GC(41) Heap before GC invocations=39 (full 2):
[0.835s][debug][gc,heap           ] GC(41)  garbage-first heap   total 262144K, used 253153K [0x00000000f0000000, 0x0000000100000000)
[0.835s][debug][gc,heap           ] GC(41)   region size 1024K, 0 young (0K), 0 survivors (0K)
[0.835s][debug][gc,heap           ] GC(41)  Metaspace       used 136K, committed 320K, reserved 1114112K
[0.835s][debug][gc,heap           ] GC(41)   class space    used 5K, committed 128K, reserved 1048576K
[0.835s][debug][gc,start          ] GC(41) Clear Next Bitmap
[0.835s][debug][gc,ergo           ] GC(41) Running G1 Clear Bitmap with 4 workers for 4 work units.
[0.835s][debug][gc                ] GC(41) Clear Next Bitmap 0.143ms
[0.835s][debug][gc,alloc,region   ] GC(41) Mutator Allocation stats, regions: 0, wasted size: 0B ( 0.0%)
[0.835s][info ][gc,phases,start   ] GC(41) Phase 1: Mark live objects
[0.836s][debug][gc,phases,start   ] GC(41) Phase 1: Reference Processing
[0.836s][debug][gc,ref            ] GC(41) Skipped phase 1 of Reference Processing: no references
[0.836s][debug][gc,ref            ] GC(41) ReferenceProcessor::execute queues: 1, RefProcThreadModel::Single, marks_oops_alive: false
[0.836s][debug][gc,ref            ] GC(41) Skipped phase 3 of Reference Processing: no references
[0.836s][debug][gc,ref            ] GC(41) Skipped phase 4 of Reference Processing: no references
[0.836s][debug][gc,phases,ref     ] GC(41) Reference Processing: 0.1ms
[0.836s][debug][gc,phases,ref     ] GC(41)   Reconsider SoftReferences: 0.0ms
[0.836s][debug][gc,phases,ref     ] GC(41)     SoftRef (ms):                  skipped
[0.836s][debug][gc,phases,ref     ] GC(41)   Notify Soft/WeakReferences: 0.1ms
[0.836s][debug][gc,phases,ref     ] GC(41)     SoftRef (ms):                  Min:  0.0, Avg:  0.0, Max:  0.0, Diff:  0.0, Sum:  0.0, Workers: 13
[0.836s][debug][gc,phases,ref     ] GC(41)     WeakRef (ms):                  Min:  0.0, Avg:  0.0, Max:  0.0, Diff:  0.0, Sum:  0.0, Workers: 13
[0.836s][debug][gc,phases,ref     ] GC(41)     FinalRef (ms):                 Min:  0.0, Avg:  0.0, Max:  0.0, Diff:  0.0, Sum:  0.0, Workers: 13
[0.836s][debug][gc,phases,ref     ] GC(41)     Total (ms):                    Min:  0.0, Avg:  0.0, Max:  0.0, Diff:  0.0, Sum:  0.0, Workers: 13
[0.836s][debug][gc,phases,ref     ] GC(41)   Notify and keep alive finalizable: 0.0ms
[0.836s][debug][gc,phases,ref     ] GC(41)     FinalRef (ms):                 skipped
[0.836s][debug][gc,phases,ref     ] GC(41)   Notify PhantomReferences: 0.0ms
[0.836s][debug][gc,phases,ref     ] GC(41)     PhantomRef (ms):               skipped
[0.836s][debug][gc,phases,ref     ] GC(41)   SoftReference:
[0.836s][debug][gc,phases,ref     ] GC(41)     Discovered: 0
[0.836s][debug][gc,phases,ref     ] GC(41)     Cleared: 0
[0.836s][debug][gc,phases,ref     ] GC(41)   WeakReference:
[0.836s][debug][gc,phases,ref     ] GC(41)     Discovered: 6
[0.836s][debug][gc,phases,ref     ] GC(41)     Cleared: 6
[0.836s][debug][gc,phases,ref     ] GC(41)   FinalReference:
[0.836s][debug][gc,phases,ref     ] GC(41)     Discovered: 0
[0.836s][debug][gc,phases,ref     ] GC(41)     Cleared: 0
[0.836s][debug][gc,phases,ref     ] GC(41)   PhantomReference:
[0.836s][debug][gc,phases,ref     ] GC(41)     Discovered: 0
[0.836s][debug][gc,phases,ref     ] GC(41)     Cleared: 0
[0.836s][debug][gc,phases         ] GC(41) Phase 1: Reference Processing 0.168ms
[0.836s][debug][gc,phases,start   ] GC(41) Phase 1: Weak Processing
[0.836s][debug][gc,phases         ] GC(41)   VM Weak                        Min:  0.0, Avg:  0.0, Max:  0.0, Diff:  0.0, Sum:  0.0, Workers: 1
[0.836s][debug][gc,phases         ] GC(41)     Dead                           Min: 0, Avg:  0.0, Max: 0, Diff: 0, Sum: 0, Workers: 1
[0.836s][debug][gc,phases         ] GC(41)     Total                          Min: 4, Avg:  4.0, Max: 4, Diff: 0, Sum: 4, Workers: 1
[0.836s][debug][gc,phases         ] GC(41)   ObjectSynchronizer Weak        Min:  0.0, Avg:  0.0, Max:  0.0, Diff:  0.0, Sum:  0.0, Workers: 1
[0.836s][debug][gc,phases         ] GC(41)     Dead                           Min: 0, Avg:  0.0, Max: 0, Diff: 0, Sum: 0, Workers: 1
[0.836s][debug][gc,phases         ] GC(41)     Total                          Min: 4, Avg:  4.0, Max: 4, Diff: 0, Sum: 4, Workers: 1
[0.836s][debug][gc,phases         ] GC(41)   JVMTI Tag Weak OopStorage      Min:  0.0, Avg:  0.0, Max:  0.0, Diff:  0.0, Sum:  0.0, Workers: 1
[0.836s][debug][gc,phases         ] GC(41)     Dead                           Min: 0, Avg:  0.0, Max: 0, Diff: 0, Sum: 0, Workers: 1
[0.836s][debug][gc,phases         ] GC(41)     Total                          Min: 0, Avg:  0.0, Max: 0, Diff: 0, Sum: 0, Workers: 1
[0.836s][debug][gc,phases         ] GC(41)   StringTable Weak               Min:  0.0, Avg:  0.0, Max:  0.0, Diff:  0.0, Sum:  0.0, Workers: 1
[0.836s][debug][gc,phases         ] GC(41)     Dead                           Min: 0, Avg:  0.0, Max: 0, Diff: 0, Sum: 0, Workers: 1
[0.836s][debug][gc,phases         ] GC(41)     Total                          Min: 39, Avg: 39.0, Max: 39, Diff: 0, Sum: 39, Workers: 1
[0.836s][debug][gc,phases         ] GC(41)   ResolvedMethodTable Weak       Min:  0.0, Avg:  0.0, Max:  0.0, Diff:  0.0, Sum:  0.0, Workers: 1
[0.836s][debug][gc,phases         ] GC(41)     Dead                           Min: 0, Avg:  0.0, Max: 0, Diff: 0, Sum: 0, Workers: 1
[0.836s][debug][gc,phases         ] GC(41)     Total                          Min: 22, Avg: 22.0, Max: 22, Diff: 0, Sum: 22, Workers: 1
[0.836s][debug][gc,phases         ] GC(41)   JNI Weak                       Min:  0.0, Avg:  0.0, Max:  0.0, Diff:  0.0, Sum:  0.0, Workers: 1
[0.836s][debug][gc,phases         ] GC(41)     Dead                           Min: 0, Avg:  0.0, Max: 0, Diff: 0, Sum: 0, Workers: 1
[0.836s][debug][gc,phases         ] GC(41)     Total                          Min: 0, Avg:  0.0, Max: 0, Diff: 0, Sum: 0, Workers: 1
[0.836s][debug][gc,phases         ] GC(41)   StringDedup Table Weak         Min:  0.0, Avg:  0.0, Max:  0.0, Diff:  0.0, Sum:  0.0, Workers: 1
[0.836s][debug][gc,phases         ] GC(41)     Dead                           Min: 0, Avg:  0.0, Max: 0, Diff: 0, Sum: 0, Workers: 1
[0.836s][debug][gc,phases         ] GC(41)     Total                          Min: 0, Avg:  0.0, Max: 0, Diff: 0, Sum: 0, Workers: 1
[0.836s][debug][gc,phases         ] GC(41)   StringDedup Requests0 Weak     Min:  0.0, Avg:  0.0, Max:  0.0, Diff:  0.0, Sum:  0.0, Workers: 1
[0.836s][debug][gc,phases         ] GC(41)     Dead                           Min: 0, Avg:  0.0, Max: 0, Diff: 0, Sum: 0, Workers: 1
[0.836s][debug][gc,phases         ] GC(41)     Total                          Min: 0, Avg:  0.0, Max: 0, Diff: 0, Sum: 0, Workers: 1
[0.836s][debug][gc,phases         ] GC(41)   StringDedup Requests1 Weak     Min:  0.0, Avg:  0.0, Max:  0.0, Diff:  0.0, Sum:  0.0, Workers: 1
[0.836s][debug][gc,phases         ] GC(41)     Dead                           Min: 0, Avg:  0.0, Max: 0, Diff: 0, Sum: 0, Workers: 1
[0.836s][debug][gc,phases         ] GC(41)     Total                          Min: 0, Avg:  0.0, Max: 0, Diff: 0, Sum: 0, Workers: 1
[0.836s][debug][gc,phases         ] GC(41)   Weak JFR Old Object Samples    Min:  0.0, Avg:  0.0, Max:  0.0, Diff:  0.0, Sum:  0.0, Workers: 1
[0.836s][debug][gc,phases         ] GC(41)     Dead                           Min: 0, Avg:  0.0, Max: 0, Diff: 0, Sum: 0, Workers: 1
[0.836s][debug][gc,phases         ] GC(41)     Total                          Min: 0, Avg:  0.0, Max: 0, Diff: 0, Sum: 0, Workers: 1
[0.836s][debug][gc,phases         ] GC(41) Phase 1: Weak Processing 0.175ms
[0.836s][debug][gc,phases,start   ] GC(41) Phase 1: Class Unloading and Cleanup
[0.836s][debug][gc,phases,start   ] GC(41) ClassLoaderData
[0.836s][debug][gc,phases         ] GC(41) ClassLoaderData 0.004ms
[0.836s][debug][gc,phases,start   ] GC(41) Trigger cleanups
[0.836s][debug][gc,phases         ] GC(41) Trigger cleanups 0.003ms
[0.836s][debug][gc,phases         ] GC(41) Phase 1: Class Unloading and Cleanup 0.130ms
[0.837s][debug][gc,phases,start   ] GC(41) Report Object Count
[0.837s][debug][gc,phases         ] GC(41) Report Object Count 0.006ms
[0.837s][info ][gc,phases         ] GC(41) Phase 1: Mark live objects 1.293ms
[0.837s][info ][gc,phases,start   ] GC(41) Phase 2: Prepare for compaction
[0.837s][info ][gc,phases         ] GC(41) Phase 2: Prepare for compaction 0.182ms
[0.837s][info ][gc,phases,start   ] GC(41) Phase 3: Adjust pointers
[0.837s][info ][gc,phases         ] GC(41) Phase 3: Adjust pointers 0.380ms
[0.837s][info ][gc,phases,start   ] GC(41) Phase 4: Compact heap
[0.846s][info ][gc,phases         ] GC(41) Phase 4: Compact heap 9.272ms
[0.847s][debug][gc,ergo           ] GC(41) Running G1 Clear Bitmap with 4 workers for 4 work units.
[0.847s][debug][gc,alloc,stats    ] Old generation allocation in the last mutator period, old gen allocated: 0B, humongous allocated: 0B,old gen growth: 0B.
[0.847s][info ][gc,heap           ] GC(41) Eden regions: 0->0(12)
[0.847s][info ][gc,heap           ] GC(41) Survivor regions: 0->0(0)
[0.847s][info ][gc,heap           ] GC(41) Old regions: 165->153
[0.847s][info ][gc,heap           ] GC(41) Archive regions: 2->2
[0.847s][info ][gc,heap           ] GC(41) Humongous regions: 89->89
[0.847s][info ][gc,metaspace      ] GC(41) Metaspace: 136K(320K)->136K(320K) NonClass: 131K(192K)->131K(192K) Class: 5K(128K)->5K(128K)
[0.847s][debug][gc,heap           ] GC(41) Heap after GC invocations=40 (full 3):
[0.847s][debug][gc,heap           ] GC(41)  garbage-first heap   total 262144K, used 236449K [0x00000000f0000000, 0x0000000100000000)
[0.847s][debug][gc,heap           ] GC(41)   region size 1024K, 0 young (0K), 0 survivors (0K)
[0.847s][debug][gc,heap           ] GC(41)  Metaspace       used 136K, committed 320K, reserved 1114112K
[0.847s][debug][gc,heap           ] GC(41)   class space    used 5K, committed 128K, reserved 1048576K
[0.847s][info ][gc                ] GC(41) Pause Full (G1 Compaction Pause) 247M->230M(256M) 11.922ms
[0.847s][info ][gc,cpu            ] GC(41) User=0.05s Sys=0.00s Real=0.01s
[0.847s][debug][gc,stats          ] ---------------------------------------------------------------------
[0.847s][debug][gc,stats          ] Marking Stats, task = 0, calls = 0
[0.847s][debug][gc,stats          ]   Elapsed time = 0.00ms, Termination time = 0.00ms
[0.847s][debug][gc,stats          ]   Step Times (cum): num = 451, avg = 0.01ms, sd = 0.10ms max = 1.18ms, total = 6.07ms
[0.847s][debug][gc,stats          ]   Mark Stats Cache: hits 898 misses 0 ratio 100.000
[0.847s][debug][gc,stats          ] ---------------------------------------------------------------------
[0.847s][debug][gc,stats          ] Marking Stats, task = 1, calls = 0
[0.847s][debug][gc,stats          ]   Elapsed time = 0.00ms, Termination time = 0.00ms
[0.847s][debug][gc,stats          ]   Step Times (cum): num = 48, avg = 0.14ms, sd = 0.31ms max = 1.08ms, total = 6.92ms
[0.847s][debug][gc,stats          ]   Mark Stats Cache: hits 20 misses 0 ratio 100.000
[0.847s][debug][gc,stats          ] ---------------------------------------------------------------------
[0.847s][debug][gc,stats          ] Marking Stats, task = 2, calls = 0
[0.847s][debug][gc,stats          ]   Elapsed time = 0.00ms, Termination time = 0.00ms
[0.847s][debug][gc,stats          ]   Step Times (cum): num = 34, avg = 0.11ms, sd = 0.26ms max = 1.18ms, total = 3.66ms
[0.847s][debug][gc,stats          ]   Mark Stats Cache: hits 2 misses 0 ratio 100.000
[0.847s][debug][gc,stats          ] ---------------------------------------------------------------------
[0.847s][info ][gc,marking        ] GC(40) Concurrent Mark From Roots 12.487ms
[0.847s][info ][gc,marking        ] GC(40) Concurrent Mark Abort
[0.847s][info ][gc                ] GC(40) Concurrent Mark Cycle 12.621ms
[0.857s][debug][gc,ergo,ihop      ] Request concurrent cycle initiation (occupancy higher than threshold) occupancy: 255852544B allocation request: 1048592B threshold: 211826895B (78.91) source: concurrent humongous allocation
[0.857s][debug][gc,ergo           ] Request concurrent cycle initiation (requested by GC cause). GC cause: G1 Humongous Allocation
[0.857s][debug][gc,heap           ] GC(42) Heap before GC invocations=40 (full 3):
[0.857s][debug][gc,heap           ] GC(42)  garbage-first heap   total 262144K, used 238497K [0x00000000f0000000, 0x0000000100000000)
[0.857s][debug][gc,heap           ] GC(42)   region size 1024K, 4 young (4096K), 0 survivors (0K)
[0.857s][debug][gc,heap           ] GC(42)  Metaspace       used 136K, committed 320K, reserved 1114112K
[0.857s][debug][gc,heap           ] GC(42)   class space    used 5K, committed 128K, reserved 1048576K
[0.857s][debug][gc,ergo           ] GC(42) Initiate concurrent cycle (concurrent cycle initiation requested)
[0.857s][info ][gc,start          ] GC(42) Pause Young (Concurrent Start) (G1 Humongous Allocation)
[0.857s][info ][gc,task           ] GC(42) Using 12 workers of 13 for evacuation
[0.857s][debug][gc,tlab           ] GC(42) TLAB totals: thrds: 5  refills: 5 max: 1 slow allocs: 44 max 9 waste: 41.5% gc: 232456B max: 47024B slow: 0B max: 0B
[0.858s][debug][gc,age            ] GC(42) Desired survivor size 1048576 bytes, new threshold 15 (max threshold 15)
[0.858s][debug][gc,refine,stats   ] GC(42) Mutator refinement: 0.00ms, refined: 0, precleaned: 0, dirtied: 19
[0.858s][debug][gc,refine,stats   ] GC(42) Concurrent refinement: 0.00ms, refined: 0, precleaned: 0, dirtied: 0
[0.858s][debug][gc,refine,stats   ] GC(42) Total refinement: 0.00ms, refined: 0, precleaned: 0, dirtied: 19
[0.858s][debug][gc,refine,stats   ] GC(42) Generate dirty cards rate: 0.57 cards/ms
[0.858s][debug][gc,alloc,region   ] GC(42) Mutator Allocation stats, regions: 4, wasted size: 156K ( 3.8%)
[0.858s][debug][gc,humongous      ] GC(42) Humongous region 0 (object size 1048592 @ 0x00000000f0000000) remset 0 code roots 0 marked 0 reclaim candidate 0 type array 1
[0.858s][debug][gc,humongous      ] GC(42) Humongous region 2 (object size 1048592 @ 0x00000000f0200000) remset 0 code roots 0 marked 0 reclaim candidate 0 type array 1
[0.858s][debug][gc,humongous      ] GC(42) Humongous region 4 (object size 1048592 @ 0x00000000f0400000) remset 0 code roots 0 marked 0 reclaim candidate 0 type array 1
[0.858s][debug][gc,humongous      ] GC(42) Humongous region 6 (object size 1048592 @ 0x00000000f0600000) remset 0 code roots 0 marked 0 reclaim candidate 0 type array 1
[0.858s][debug][gc,humongous      ] GC(42) Humongous region 8 (object size 1048592 @ 0x00000000f0800000) remset 0 code roots 0 marked 0 reclaim candidate 0 type array 1
[0.858s][debug][gc,humongous      ] GC(42) Humongous region 42 (object size 1048592 @ 0x00000000f2a00000) remset 0 code roots 0 marked 0 reclaim candidate 0 type array 1
[0.858s][debug][gc,humongous      ] GC(42) Humongous region 126 (object size 1048592 @ 0x00000000f7e00000) remset 0 code roots 0 marked 0 reclaim candidate 0 type array 1
[0.858s][debug][gc,humongous      ] GC(42) Humongous region 60 (object size 1048592 @ 0x00000000f3c00000) remset 0 code roots 0 marked 0 reclaim candidate 0 type array 1
[0.858s][debug][gc,humongous      ] GC(42) Humongous region 205 (object size 1048592 @ 0x00000000fcd00000) remset 0 code roots 0 marked 0 reclaim candidate 0 type array 1
[0.858s][debug][gc,humongous      ] GC(42) Humongous region 22 (object size 1048592 @ 0x00000000f1600000) remset 0 code roots 0 marked 0 reclaim candidate 0 type array 1
[0.858s][debug][gc,humongous      ] GC(42) Humongous region 244 (object size 1048592 @ 0x00000000ff400000) remset 0 code roots 0 marked 0 reclaim candidate 0 type array 1
[0.858s][debug][gc,humongous      ] GC(42) Humongous region 85 (object size 10485776 @ 0x00000000f5500000) remset 0 code roots 0 marked 0 reclaim candidate 0 type array 1
[0.858s][debug][gc,humongous      ] GC(42) Humongous region 159 (object size 10485776 @ 0x00000000f9f00000) remset 0 code roots 0 marked 0 reclaim candidate 0 type array 1
[0.858s][debug][gc,humongous      ] GC(42) Humongous region 14 (object size 1048592 @ 0x00000000f0e00000) remset 0 code roots 0 marked 0 reclaim candidate 0 type array 1
[0.858s][debug][gc,humongous      ] GC(42) Humongous region 20 (object size 1048592 @ 0x00000000f1400000) remset 0 code roots 0 marked 0 reclaim candidate 0 type array 1
[0.858s][debug][gc,humongous      ] GC(42) Humongous region 216 (object size 10485776 @ 0x00000000fd800000) remset 0 code roots 0 marked 0 reclaim candidate 0 type array 1
[0.858s][debug][gc,humongous      ] GC(42) Humongous region 26 (object size 1048592 @ 0x00000000f1a00000) remset 0 code roots 0 marked 0 reclaim candidate 0 type array 1
[0.858s][debug][gc,humongous      ] GC(42) Humongous region 83 (object size 1048592 @ 0x00000000f5300000) remset 0 code roots 0 marked 0 reclaim candidate 0 type array 1
[0.858s][debug][gc,humongous      ] GC(42) Humongous region 30 (object size 1048592 @ 0x00000000f1e00000) remset 0 code roots 0 marked 0 reclaim candidate 0 type array 1
[0.858s][debug][gc,humongous      ] GC(42) Humongous region 36 (object size 1048592 @ 0x00000000f2400000) remset 0 code roots 0 marked 0 reclaim candidate 0 type array 1
[0.858s][debug][gc,humongous      ] GC(42) Humongous region 203 (object size 1048592 @ 0x00000000fcb00000) remset 0 code roots 0 marked 0 reclaim candidate 0 type array 1
[0.858s][debug][gc,humongous      ] GC(42) Humongous region 38 (object size 1048592 @ 0x00000000f2600000) remset 0 code roots 0 marked 0 reclaim candidate 0 type array 1
[0.858s][debug][gc,humongous      ] GC(42) Humongous region 16 (object size 1048592 @ 0x00000000f1000000) remset 0 code roots 0 marked 0 reclaim candidate 0 type array 1
[0.858s][debug][gc,humongous      ] GC(42) Humongous region 18 (object size 1048592 @ 0x00000000f1200000) remset 0 code roots 0 marked 0 reclaim candidate 0 type array 1
[0.858s][debug][gc,humongous      ] GC(42) Humongous region 28 (object size 1048592 @ 0x00000000f1c00000) remset 0 code roots 0 marked 0 reclaim candidate 0 type array 1
[0.858s][debug][gc,humongous      ] GC(42) Humongous region 64 (object size 1048592 @ 0x00000000f4000000) remset 0 code roots 0 marked 0 reclaim candidate 0 type array 1
[0.858s][debug][gc,humongous      ] GC(42) Humongous region 34 (object size 1048592 @ 0x00000000f2200000) remset 0 code roots 0 marked 0 reclaim candidate 0 type array 1
[0.858s][debug][gc,humongous      ] GC(42) Humongous region 12 (object size 1048592 @ 0x00000000f0c00000) remset 0 code roots 0 marked 0 reclaim candidate 0 type array 1
[0.858s][debug][gc,humongous      ] GC(42) Humongous region 24 (object size 1048592 @ 0x00000000f1800000) remset 0 code roots 0 marked 0 reclaim candidate 0 type array 1
[0.858s][debug][gc,humongous      ] GC(42) Humongous region 32 (object size 1048592 @ 0x00000000f2000000) remset 0 code roots 0 marked 0 reclaim candidate 0 type array 1
[0.858s][debug][gc,humongous      ] GC(42) Humongous region 10 (object size 1048592 @ 0x00000000f0a00000) remset 0 code roots 0 marked 0 reclaim candidate 0 type array 1
[0.858s][debug][gc,ergo           ] GC(42) Running G1 Merge Heap Roots using 12 workers for 4 regions
[0.858s][debug][gc,remset         ] GC(42) Visited cards 32 Total dirty 2048 (1.56%) Total old 516096 (0.01%)
[0.859s][debug][gc,ref            ] GC(42) Skipped phase 1 of Reference Processing: no references
[0.859s][debug][gc,ref            ] GC(42) Skipped phase 2 of Reference Processing: no references
[0.859s][debug][gc,ref            ] GC(42) Skipped phase 3 of Reference Processing: no references
[0.859s][debug][gc,ref            ] GC(42) Skipped phase 4 of Reference Processing: no references
[0.859s][debug][gc,ergo           ] GC(42) Running G1 Rebuild Free List Task using 12 workers for rebuilding free list of regions
[0.859s][debug][gc,plab           ] GC(42) Young PLAB allocation: allocated: 0B, wasted: 0B, unused: 0B, used: 0B, undo waste: 0B, 
[0.859s][debug][gc,plab           ] GC(42) Young other allocation: region end waste: 130592B, regions filled: 2, direct allocated: 1966560B, failure used: 0B, failure wasted: 0B
[0.859s][debug][gc,plab           ] GC(42) Young sizing: calculated: 0B, actual: 2064B
[0.859s][debug][gc,plab           ] GC(42) Old PLAB allocation: allocated: 0B, wasted: 0B, unused: 0B, used: 0B, undo waste: 0B, 
[0.859s][debug][gc,plab           ] GC(42) Old other allocation: region end waste: 65296B, regions filled: 2, direct allocated: 1311040B, failure used: 0B, failure wasted: 0B
[0.859s][debug][gc,plab           ] GC(42) Old sizing: calculated: 0B, actual: 2064B
[0.859s][debug][gc,ergo,heap      ] GC(42) Heap expansion: short term pause time ratio 55.11% long term pause time ratio 24.40% threshold 7.69% pause time ratio 7.69% fully expanded true resize by 0B
[0.859s][debug][gc,ergo,ihop      ] GC(42) Request concurrent cycle initiation (occupancy higher than threshold) occupancy: 257949696B allocation request: 0B threshold: 211826895B (78.91) source: Revise IHOP
[0.859s][debug][gc,mmu            ] GC(42) MMU: 12.7ms (50.0ms/51.0ms)
[0.859s][debug][gc,alloc,stats    ] Old generation allocation in the last mutator period, old gen allocated: 0B, humongous allocated: 0B,old gen growth: 0B.
[0.859s][debug][gc,ihop           ] GC(42) Basic information (value update), threshold: 211954960B (78.96), target occupancy: 268435456B, current occupancy: 245597824B, recent allocation size: 0B, recent allocation duration: 33.07ms, recent old gen allocation rate: 0.00B/s, recent marking phase length: 8.59ms
[0.859s][debug][gc,ihop           ] GC(42) Adaptive IHOP information (value update), threshold: 211954960B (92.89), internal target occupancy: 228170137B, occupancy: 245597824B, additional buffer size: 12582912B, predicted old gen allocation rate: 67922458.75B/s, predicted marking phase length: 53.48ms, prediction active: true
[0.860s][debug][gc,ergo,refine    ] GC(42) Concurrent refinement times: Logged Cards Scan time goal: 5.00ms Logged Cards Scan time: 0.00ms HCC time: 0.00ms
[0.860s][debug][gc,ergo,refine    ] GC(42) Updated Refinement Zones: green: 3328, yellow: 9984, red: 16640
[0.860s][info ][gc,phases         ] GC(42)   Pre Evacuate Collection Set: 0.6ms
[0.860s][debug][gc,phases         ] GC(42)     Prepare TLABs: 0.0ms
[0.860s][debug][gc,phases         ] GC(42)     Concatenate Dirty Card Logs: 0.0ms
[0.860s][debug][gc,phases         ] GC(42)     Choose Collection Set: 0.0ms
[0.860s][debug][gc,phases         ] GC(42)     Region Register: 0.6ms
[0.860s][debug][gc,phases         ] GC(42)     Prepare Heap Roots: 0.0ms
[0.860s][debug][gc,phases         ] GC(42)     Clear Claimed Marks: 0.0ms
[0.860s][info ][gc,phases         ] GC(42)   Merge Heap Roots: 0.2ms
[0.860s][debug][gc,phases         ] GC(42)     Prepare Merge Heap Roots: 0.0ms
[0.860s][debug][gc,phases         ] GC(42)     Eager Reclaim (ms):            skipped
[0.860s][debug][gc,phases         ] GC(42)     Remembered Sets (ms):          Min:  0.0, Avg:  0.0, Max:  0.0, Diff:  0.0, Sum:  0.0, Workers: 12
[0.860s][debug][gc,phases         ] GC(42)       Merged Sparse:                 Min: 0, Avg:  0.0, Max: 0, Diff: 0, Sum: 0, Workers: 12
[0.860s][debug][gc,phases         ] GC(42)       Merged Fine:                   Min: 0, Avg:  0.0, Max: 0, Diff: 0, Sum: 0, Workers: 12
[0.860s][debug][gc,phases         ] GC(42)       Merged Coarse:                 Min: 0, Avg:  0.0, Max: 0, Diff: 0, Sum: 0, Workers: 12
[0.860s][debug][gc,phases         ] GC(42)       Dirty Cards:                   Min: 0, Avg:  0.0, Max: 0, Diff: 0, Sum: 0, Workers: 12
[0.860s][debug][gc,phases         ] GC(42)     Hot Card Cache (ms):           Min:  0.0, Avg:  0.0, Max:  0.0, Diff:  0.0, Sum:  0.0, Workers: 12
[0.860s][debug][gc,phases         ] GC(42)       Dirty Cards:                   Min: 0, Avg:  0.0, Max: 0, Diff: 0, Sum: 0, Workers: 12
[0.860s][debug][gc,phases         ] GC(42)       Skipped Cards:                 Min: 0, Avg:  0.0, Max: 0, Diff: 0, Sum: 0, Workers: 12
[0.860s][debug][gc,phases         ] GC(42)     Log Buffers (ms):              Min:  0.0, Avg:  0.0, Max:  0.0, Diff:  0.0, Sum:  0.0, Workers: 12
[0.860s][debug][gc,phases         ] GC(42)       Dirty Cards:                   Min: 0, Avg:  0.9, Max: 11, Diff: 11, Sum: 11, Workers: 12
[0.860s][debug][gc,phases         ] GC(42)       Skipped Cards:                 Min: 0, Avg:  0.0, Max: 0, Diff: 0, Sum: 0, Workers: 12
[0.860s][info ][gc,phases         ] GC(42)   Evacuate Collection Set: 0.6ms
[0.860s][debug][gc,phases         ] GC(42)     Ext Root Scanning (ms):        Min:  0.0, Avg:  0.0, Max:  0.1, Diff:  0.1, Sum:  0.2, Workers: 12
[0.860s][debug][gc,phases         ] GC(42)     Scan Heap Roots (ms):          Min:  0.0, Avg:  0.0, Max:  0.0, Diff:  0.0, Sum:  0.0, Workers: 12
[0.860s][debug][gc,phases         ] GC(42)       Scanned Cards:                 Min: 0, Avg:  1.6, Max: 19, Diff: 19, Sum: 19, Workers: 12
[0.860s][debug][gc,phases         ] GC(42)       Scanned Blocks:                Min: 0, Avg:  0.1, Max: 1, Diff: 1, Sum: 1, Workers: 12
[0.860s][debug][gc,phases         ] GC(42)       Claimed Chunks:                Min: 0, Avg:  0.1, Max: 1, Diff: 1, Sum: 1, Workers: 12
[0.860s][debug][gc,phases         ] GC(42)     Code Root Scan (ms):           Min:  0.0, Avg:  0.0, Max:  0.0, Diff:  0.0, Sum:  0.0, Workers: 12
[0.860s][debug][gc,phases         ] GC(42)     Object Copy (ms):              Min:  0.0, Avg:  0.1, Max:  0.2, Diff:  0.1, Sum:  1.2, Workers: 12
[0.860s][debug][gc,phases         ] GC(42)     Termination (ms):              Min:  0.1, Avg:  0.3, Max:  0.4, Diff:  0.2, Sum:  3.3, Workers: 12
[0.860s][debug][gc,phases         ] GC(42)       Termination Attempts:          Min: 1, Avg:  1.3, Max: 2, Diff: 1, Sum: 16, Workers: 12
[0.860s][debug][gc,phases         ] GC(42)     GC Worker Other (ms):          Min:  0.0, Avg:  0.0, Max:  0.0, Diff:  0.0, Sum:  0.1, Workers: 12
[0.860s][debug][gc,phases         ] GC(42)     GC Worker Total (ms):          Min:  0.3, Avg:  0.4, Max:  0.5, Diff:  0.2, Sum:  4.9, Workers: 12
[0.860s][info ][gc,phases         ] GC(42)   Post Evacuate Collection Set: 0.5ms
[0.860s][debug][gc,phases         ] GC(42)     Code Roots Fixup: 0.0ms
[0.860s][debug][gc,phases         ] GC(42)     Reference Processing: 0.0ms
[0.860s][debug][gc,phases,ref     ] GC(42)       Reconsider SoftReferences: 0.0ms
[0.860s][debug][gc,phases,ref     ] GC(42)         SoftRef (ms):                  skipped
[0.860s][debug][gc,phases,ref     ] GC(42)       Notify Soft/WeakReferences: 0.0ms
[0.860s][debug][gc,phases,ref     ] GC(42)         SoftRef (ms):                  skipped
[0.860s][debug][gc,phases,ref     ] GC(42)         WeakRef (ms):                  skipped
[0.860s][debug][gc,phases,ref     ] GC(42)         FinalRef (ms):                 skipped
[0.860s][debug][gc,phases,ref     ] GC(42)         Total (ms):                    skipped
[0.860s][debug][gc,phases,ref     ] GC(42)       Notify and keep alive finalizable: 0.0ms
[0.860s][debug][gc,phases,ref     ] GC(42)         FinalRef (ms):                 skipped
[0.860s][debug][gc,phases,ref     ] GC(42)       Notify PhantomReferences: 0.0ms
[0.860s][debug][gc,phases,ref     ] GC(42)         PhantomRef (ms):               skipped
[0.860s][debug][gc,phases,ref     ] GC(42)       SoftReference:
[0.860s][debug][gc,phases,ref     ] GC(42)         Discovered: 0
[0.860s][debug][gc,phases,ref     ] GC(42)         Cleared: 0
[0.860s][debug][gc,phases,ref     ] GC(42)       WeakReference:
[0.860s][debug][gc,phases,ref     ] GC(42)         Discovered: 0
[0.860s][debug][gc,phases,ref     ] GC(42)         Cleared: 0
[0.860s][debug][gc,phases,ref     ] GC(42)       FinalReference:
[0.860s][debug][gc,phases,ref     ] GC(42)         Discovered: 0
[0.860s][debug][gc,phases,ref     ] GC(42)         Cleared: 0
[0.860s][debug][gc,phases,ref     ] GC(42)       PhantomReference:
[0.860s][debug][gc,phases,ref     ] GC(42)         Discovered: 0
[0.860s][debug][gc,phases,ref     ] GC(42)         Cleared: 0
[0.860s][debug][gc,phases         ] GC(42)     Weak Processing: 0.0ms
[0.860s][debug][gc,phases         ] GC(42)       VM Weak                        Min:  0.0, Avg:  0.0, Max:  0.0, Diff:  0.0, Sum:  0.0, Workers: 1
[0.860s][debug][gc,phases         ] GC(42)         Dead                           Min: 0, Avg:  0.0, Max: 0, Diff: 0, Sum: 0, Workers: 1
[0.860s][debug][gc,phases         ] GC(42)         Total                          Min: 4, Avg:  4.0, Max: 4, Diff: 0, Sum: 4, Workers: 1
[0.860s][debug][gc,phases         ] GC(42)       ObjectSynchronizer Weak        Min:  0.0, Avg:  0.0, Max:  0.0, Diff:  0.0, Sum:  0.0, Workers: 1
[0.860s][debug][gc,phases         ] GC(42)         Dead                           Min: 0, Avg:  0.0, Max: 0, Diff: 0, Sum: 0, Workers: 1
[0.860s][debug][gc,phases         ] GC(42)         Total                          Min: 4, Avg:  4.0, Max: 4, Diff: 0, Sum: 4, Workers: 1
[0.860s][debug][gc,phases         ] GC(42)       JVMTI Tag Weak OopStorage      Min:  0.0, Avg:  0.0, Max:  0.0, Diff:  0.0, Sum:  0.0, Workers: 1
[0.860s][debug][gc,phases         ] GC(42)         Dead                           Min: 0, Avg:  0.0, Max: 0, Diff: 0, Sum: 0, Workers: 1
[0.860s][debug][gc,phases         ] GC(42)         Total                          Min: 0, Avg:  0.0, Max: 0, Diff: 0, Sum: 0, Workers: 1
[0.860s][debug][gc,phases         ] GC(42)       StringTable Weak               Min:  0.0, Avg:  0.0, Max:  0.0, Diff:  0.0, Sum:  0.0, Workers: 1
[0.860s][debug][gc,phases         ] GC(42)         Dead                           Min: 0, Avg:  0.0, Max: 0, Diff: 0, Sum: 0, Workers: 1
[0.860s][debug][gc,phases         ] GC(42)         Total                          Min: 39, Avg: 39.0, Max: 39, Diff: 0, Sum: 39, Workers: 1
[0.860s][debug][gc,phases         ] GC(42)       ResolvedMethodTable Weak       Min:  0.0, Avg:  0.0, Max:  0.0, Diff:  0.0, Sum:  0.0, Workers: 1
[0.860s][debug][gc,phases         ] GC(42)         Dead                           Min: 0, Avg:  0.0, Max: 0, Diff: 0, Sum: 0, Workers: 1
[0.860s][debug][gc,phases         ] GC(42)         Total                          Min: 22, Avg: 22.0, Max: 22, Diff: 0, Sum: 22, Workers: 1
[0.860s][debug][gc,phases         ] GC(42)       JNI Weak                       Min:  0.0, Avg:  0.0, Max:  0.0, Diff:  0.0, Sum:  0.0, Workers: 1
[0.860s][debug][gc,phases         ] GC(42)         Dead                           Min: 0, Avg:  0.0, Max: 0, Diff: 0, Sum: 0, Workers: 1
[0.860s][debug][gc,phases         ] GC(42)         Total                          Min: 0, Avg:  0.0, Max: 0, Diff: 0, Sum: 0, Workers: 1
[0.860s][debug][gc,phases         ] GC(42)       StringDedup Table Weak         Min:  0.0, Avg:  0.0, Max:  0.0, Diff:  0.0, Sum:  0.0, Workers: 1
[0.860s][debug][gc,phases         ] GC(42)         Dead                           Min: 0, Avg:  0.0, Max: 0, Diff: 0, Sum: 0, Workers: 1
[0.860s][debug][gc,phases         ] GC(42)         Total                          Min: 0, Avg:  0.0, Max: 0, Diff: 0, Sum: 0, Workers: 1
[0.860s][debug][gc,phases         ] GC(42)       StringDedup Requests0 Weak     Min:  0.0, Avg:  0.0, Max:  0.0, Diff:  0.0, Sum:  0.0, Workers: 1
[0.860s][debug][gc,phases         ] GC(42)         Dead                           Min: 0, Avg:  0.0, Max: 0, Diff: 0, Sum: 0, Workers: 1
[0.860s][debug][gc,phases         ] GC(42)         Total                          Min: 0, Avg:  0.0, Max: 0, Diff: 0, Sum: 0, Workers: 1
[0.860s][debug][gc,phases         ] GC(42)       StringDedup Requests1 Weak     Min:  0.0, Avg:  0.0, Max:  0.0, Diff:  0.0, Sum:  0.0, Workers: 1
[0.860s][debug][gc,phases         ] GC(42)         Dead                           Min: 0, Avg:  0.0, Max: 0, Diff: 0, Sum: 0, Workers: 1
[0.860s][debug][gc,phases         ] GC(42)         Total                          Min: 0, Avg:  0.0, Max: 0, Diff: 0, Sum: 0, Workers: 1
[0.860s][debug][gc,phases         ] GC(42)       Weak JFR Old Object Samples    Min:  0.0, Avg:  0.0, Max:  0.0, Diff:  0.0, Sum:  0.0, Workers: 1
[0.860s][debug][gc,phases         ] GC(42)         Dead                           Min: 0, Avg:  0.0, Max: 0, Diff: 0, Sum: 0, Workers: 1
[0.860s][debug][gc,phases         ] GC(42)         Total                          Min: 0, Avg:  0.0, Max: 0, Diff: 0, Sum: 0, Workers: 1
[0.860s][debug][gc,phases         ] GC(42)     Post Evacuate Cleanup 1: 0.0ms
[0.860s][debug][gc,phases         ] GC(42)       Merge Per-Thread State (ms):   Min:  0.0, Avg:  0.0, Max:  0.0, Diff:  0.0, Sum:  0.0, Workers: 1
[0.860s][debug][gc,phases         ] GC(42)         Copied Bytes                   Min: 65552, Avg: 273133.3, Max: 589968, Diff: 524416, Sum: 3277600, Workers: 12
[0.860s][debug][gc,phases         ] GC(42)         LAB Waste                      Min: 0, Avg:  0.0, Max: 0, Diff: 0, Sum: 0, Workers: 12
[0.860s][debug][gc,phases         ] GC(42)         LAB Undo Waste                 Min: 0, Avg:  0.0, Max: 0, Diff: 0, Sum: 0, Workers: 12
[0.860s][debug][gc,phases         ] GC(42)       Clear Logged Cards (ms):       Min:  0.0, Avg:  0.0, Max:  0.0, Diff:  0.0, Sum:  0.0, Workers: 3
[0.860s][debug][gc,phases         ] GC(42)       Recalculate Used Memory (ms):  Min:  0.0, Avg:  0.0, Max:  0.0, Diff:  0.0, Sum:  0.0, Workers: 1
[0.860s][debug][gc,phases         ] GC(42)     Post Evacuate Cleanup 2: 0.2ms
[0.860s][debug][gc,phases         ] GC(42)       Reset Hot Card Cache (ms):     Min:  0.0, Avg:  0.0, Max:  0.0, Diff:  0.0, Sum:  0.0, Workers: 1
[0.860s][debug][gc,phases         ] GC(42)       Purge Code Roots (ms):         Min:  0.0, Avg:  0.0, Max:  0.0, Diff:  0.0, Sum:  0.0, Workers: 1
[0.860s][debug][gc,phases         ] GC(42)       Update Derived Pointers (ms):  Min:  0.0, Avg:  0.0, Max:  0.0, Diff:  0.0, Sum:  0.0, Workers: 1
[0.860s][debug][gc,phases         ] GC(42)       Eagerly Reclaim Humongous Objects (ms): Min:  0.0, Avg:  0.0, Max:  0.0, Diff:  0.0, Sum:  0.0, Workers: 1
[0.860s][debug][gc,phases         ] GC(42)         Humongous Total                Min: 31, Avg: 31.0, Max: 31, Diff: 0, Sum: 31, Workers: 1
[0.860s][debug][gc,phases         ] GC(42)         Humongous Candidates           Min: 0, Avg:  0.0, Max: 0, Diff: 0, Sum: 0, Workers: 1
[0.860s][debug][gc,phases         ] GC(42)         Humongous Reclaimed            Min: 0, Avg:  0.0, Max: 0, Diff: 0, Sum: 0, Workers: 1
[0.860s][debug][gc,phases         ] GC(42)       Redirty Logged Cards (ms):     Min:  0.0, Avg:  0.0, Max:  0.0, Diff:  0.0, Sum:  0.0, Workers: 12
[0.860s][debug][gc,phases         ] GC(42)         Redirtied Cards:               Min: 0, Avg:  0.7, Max: 8, Diff: 8, Sum: 8, Workers: 12
[0.860s][debug][gc,phases         ] GC(42)       Free Collection Set (ms):      Min:  0.0, Avg:  0.0, Max:  0.0, Diff:  0.0, Sum:  0.0, Workers: 12
[0.860s][debug][gc,phases         ] GC(42)     Rebuild Free List: 0.2ms
[0.860s][debug][gc,phases         ] GC(42)     Start New Collection Set: 0.0ms
[0.860s][debug][gc,phases         ] GC(42)     Resize TLABs: 0.0ms
[0.860s][debug][gc,phases         ] GC(42)     Expand Heap After Collection: 0.0ms
[0.860s][info ][gc,phases         ] GC(42)   Other: 0.2ms
[0.860s][info ][gc,heap           ] GC(42) Eden regions: 4->0(10)
[0.860s][info ][gc,heap           ] GC(42) Survivor regions: 0->2(2)
[0.860s][info ][gc,heap           ] GC(42) Old regions: 153->155
[0.860s][info ][gc,heap           ] GC(42) Archive regions: 2->2
[0.860s][info ][gc,heap           ] GC(42) Humongous regions: 89->89
[0.860s][info ][gc,metaspace      ] GC(42) Metaspace: 136K(320K)->136K(320K) NonClass: 131K(192K)->131K(192K) Class: 5K(128K)->5K(128K)
[0.860s][debug][gc,heap           ] GC(42) Heap after GC invocations=41 (full 3):
[0.860s][debug][gc,heap           ] GC(42)  garbage-first heap   total 262144K, used 239841K [0x00000000f0000000, 0x0000000100000000)
[0.860s][debug][gc,heap           ] GC(42)   region size 1024K, 2 young (2048K), 2 survivors (2048K)
[0.860s][debug][gc,heap           ] GC(42)  Metaspace       used 136K, committed 320K, reserved 1114112K
[0.860s][debug][gc,heap           ] GC(42)   class space    used 5K, committed 128K, reserved 1048576K
[0.860s][info ][gc                ] GC(42) Pause Young (Concurrent Start) (G1 Humongous Allocation) 234M->234M(256M) 2.735ms
[0.860s][info ][gc,cpu            ] GC(42) User=0.00s Sys=0.00s Real=0.00s
[0.860s][info ][gc                ] GC(43) Concurrent Mark Cycle
[0.860s][info ][gc,marking        ] GC(43) Concurrent Clear Claimed Marks
[0.860s][info ][gc,marking        ] GC(43) Concurrent Clear Claimed Marks 0.006ms
[0.860s][info ][gc,marking        ] GC(43) Concurrent Scan Root Regions
[0.860s][debug][gc,ergo           ] GC(43) Running G1 Root Region Scan using 3 workers for 4 work units.
[0.860s][info ][gc,marking        ] GC(43) Concurrent Scan Root Regions 0.098ms
[0.860s][info ][gc,marking        ] GC(43) Concurrent Mark
[0.860s][info ][gc,marking        ] GC(43) Concurrent Mark From Roots
[0.860s][info ][gc,task           ] GC(43) Using 3 workers of 3 for marking
[0.862s][debug][gc,task,start     ] G1 Service Thread (Remembered Set Sampling Task) (run)
[0.862s][debug][gc,task           ] G1 Service Thread (Remembered Set Sampling Task) (run) 0.024ms (cpu: 0.000ms)
[0.862s][debug][gc,stats          ] ---------------------------------------------------------------------
[0.862s][debug][gc,stats          ] Marking Stats, task = 0, calls = 4
[0.862s][debug][gc,stats          ]   Elapsed time = 1.64ms, Termination time = 1.01ms
[0.862s][debug][gc,stats          ]   Step Times (cum): num = 455, avg = 0.02ms, sd = 0.11ms max = 1.18ms, total = 7.60ms
[0.862s][debug][gc,stats          ]   Mark Stats Cache: hits 4822 misses 0 ratio 100.000
[0.862s][debug][gc,stats          ] ---------------------------------------------------------------------
[0.862s][debug][gc,stats          ] Marking Stats, task = 1, calls = 6
[0.862s][debug][gc,stats          ]   Elapsed time = 1.61ms, Termination time = 1.13ms
[0.862s][debug][gc,stats          ]   Step Times (cum): num = 54, avg = 0.16ms, sd = 0.32ms max = 1.13ms, total = 8.53ms
[0.862s][debug][gc,stats          ]   Mark Stats Cache: hits 6663 misses 0 ratio 100.000
[0.862s][debug][gc,stats          ] ---------------------------------------------------------------------
[0.862s][debug][gc,stats          ] Marking Stats, task = 2, calls = 1
[0.862s][debug][gc,stats          ]   Elapsed time = 1.50ms, Termination time = 0.00ms
[0.862s][debug][gc,stats          ]   Step Times (cum): num = 35, avg = 0.12ms, sd = 0.26ms max = 1.18ms, total = 4.04ms
[0.862s][debug][gc,stats          ]   Mark Stats Cache: hits 13918 misses 0 ratio 100.000
[0.862s][debug][gc,stats          ] ---------------------------------------------------------------------
[0.862s][info ][gc,marking        ] GC(43) Concurrent Mark From Roots 1.799ms
[0.862s][info ][gc,marking        ] GC(43) Concurrent Preclean
[0.862s][debug][gc,ref,start      ] GC(43) Preclean SoftReferences
[0.863s][debug][gc,ref            ] GC(43) Preclean SoftReferences 0.483ms
[0.863s][debug][gc,ref,start      ] GC(43) Preclean WeakReferences
[0.863s][debug][gc,ref            ] GC(43) Preclean WeakReferences 0.056ms
[0.863s][debug][gc,ref,start      ] GC(43) Preclean FinalReferences
[0.863s][debug][gc,ref            ] GC(43) Preclean FinalReferences 0.063ms
[0.863s][debug][gc,ref,start      ] GC(43) Preclean PhantomReferences
[0.863s][debug][gc,ref            ] GC(43) Preclean PhantomReferences 0.054ms
[0.863s][info ][gc,marking        ] GC(43) Concurrent Preclean 0.701ms
[0.867s][info ][gc,start          ] GC(43) Pause Remark
[0.867s][debug][gc,phases,start   ] GC(43) Finalize Marking
[0.869s][debug][gc,stats          ] ---------------------------------------------------------------------
[0.869s][debug][gc,stats          ] Marking Stats, task = 0, calls = 57
[0.869s][debug][gc,stats          ]   Elapsed time = 1.46ms, Termination time = 2.13ms
[0.869s][debug][gc,stats          ]   Step Times (cum): num = 508, avg = 0.02ms, sd = 0.11ms max = 1.18ms, total = 8.72ms
[0.869s][debug][gc,stats          ]   Mark Stats Cache: hits 4822 misses 0 ratio 100.000
[0.869s][debug][gc,stats          ] ---------------------------------------------------------------------
[0.869s][debug][gc,stats          ] Marking Stats, task = 1, calls = 7
[0.869s][debug][gc,stats          ]   Elapsed time = 0.38ms, Termination time = 1.17ms
[0.869s][debug][gc,stats          ]   Step Times (cum): num = 55, avg = 0.16ms, sd = 0.32ms max = 1.13ms, total = 8.56ms
[0.869s][debug][gc,stats          ]   Mark Stats Cache: hits 6663 misses 0 ratio 100.000
[0.869s][debug][gc,stats          ] ---------------------------------------------------------------------
[0.869s][debug][gc,stats          ] Marking Stats, task = 2, calls = 2
[0.869s][debug][gc,stats          ]   Elapsed time = 0.48ms, Termination time = 0.04ms
[0.869s][debug][gc,stats          ]   Step Times (cum): num = 36, avg = 0.11ms, sd = 0.26ms max = 1.18ms, total = 4.08ms
[0.869s][debug][gc,stats          ]   Mark Stats Cache: hits 13918 misses 0 ratio 100.000
[0.869s][debug][gc,stats          ] ---------------------------------------------------------------------
[0.869s][debug][gc,stats          ] Marking Stats, task = 3, calls = 1
[0.869s][debug][gc,stats          ]   Elapsed time = 0.71ms, Termination time = 0.04ms
[0.869s][debug][gc,stats          ]   Step Times (cum): num = 9, avg = 0.02ms, sd = 0.01ms max = 0.05ms, total = 0.21ms
[0.869s][debug][gc,stats          ]   Mark Stats Cache: hits 860 misses 0 ratio 100.000
[0.869s][debug][gc,stats          ] ---------------------------------------------------------------------
[0.869s][debug][gc,stats          ] Marking Stats, task = 4, calls = 1
[0.869s][debug][gc,stats          ]   Elapsed time = 0.53ms, Termination time = 0.02ms
[0.869s][debug][gc,stats          ]   Step Times (cum): num = 9, avg = 0.02ms, sd = 0.01ms max = 0.04ms, total = 0.20ms
[0.869s][debug][gc,stats          ]   Mark Stats Cache: hits 34 misses 0 ratio 100.000
[0.869s][debug][gc,stats          ] ---------------------------------------------------------------------
[0.869s][debug][gc,stats          ] Marking Stats, task = 5, calls = 1
[0.869s][debug][gc,stats          ]   Elapsed time = 0.51ms, Termination time = 0.03ms
[0.869s][debug][gc,stats          ]   Step Times (cum): num = 9, avg = 0.02ms, sd = 0.01ms max = 0.03ms, total = 0.17ms
[0.869s][debug][gc,stats          ]   Mark Stats Cache: hits 0 misses 0 ratio 0.000
[0.869s][debug][gc,stats          ] ---------------------------------------------------------------------
[0.869s][debug][gc,stats          ] Marking Stats, task = 6, calls = 1
[0.869s][debug][gc,stats          ]   Elapsed time = 0.53ms, Termination time = 0.03ms
[0.869s][debug][gc,stats          ]   Step Times (cum): num = 9, avg = 0.02ms, sd = 0.00ms max = 0.03ms, total = 0.17ms
[0.869s][debug][gc,stats          ]   Mark Stats Cache: hits 0 misses 0 ratio 0.000
[0.869s][debug][gc,stats          ] ---------------------------------------------------------------------
[0.869s][debug][gc,stats          ] Marking Stats, task = 7, calls = 1
[0.869s][debug][gc,stats          ]   Elapsed time = 0.55ms, Termination time = 0.02ms
[0.869s][debug][gc,stats          ]   Step Times (cum): num = 9, avg = 0.02ms, sd = 0.01ms max = 0.04ms, total = 0.18ms
[0.869s][debug][gc,stats          ]   Mark Stats Cache: hits 0 misses 0 ratio 0.000
[0.869s][debug][gc,stats          ] ---------------------------------------------------------------------
[0.869s][debug][gc,stats          ] Marking Stats, task = 8, calls = 1
[0.869s][debug][gc,stats          ]   Elapsed time = 0.57ms, Termination time = 0.03ms
[0.869s][debug][gc,stats          ]   Step Times (cum): num = 9, avg = 0.03ms, sd = 0.01ms max = 0.05ms, total = 0.24ms
[0.869s][debug][gc,stats          ]   Mark Stats Cache: hits 0 misses 0 ratio 0.000
[0.869s][debug][gc,stats          ] ---------------------------------------------------------------------
[0.869s][debug][gc,stats          ] Marking Stats, task = 9, calls = 1
[0.869s][debug][gc,stats          ]   Elapsed time = 0.58ms, Termination time = 0.03ms
[0.869s][debug][gc,stats          ]   Step Times (cum): num = 9, avg = 0.02ms, sd = 0.01ms max = 0.06ms, total = 0.19ms
[0.869s][debug][gc,stats          ]   Mark Stats Cache: hits 0 misses 0 ratio 0.000
[0.869s][debug][gc,stats          ] ---------------------------------------------------------------------
[0.869s][debug][gc,stats          ] Marking Stats, task = 10, calls = 1
[0.869s][debug][gc,stats          ]   Elapsed time = 0.18ms, Termination time = 0.01ms
[0.869s][debug][gc,stats          ]   Step Times (cum): num = 9, avg = 0.01ms, sd = 0.00ms max = 0.02ms, total = 0.13ms
[0.869s][debug][gc,stats          ]   Mark Stats Cache: hits 0 misses 0 ratio 0.000
[0.869s][debug][gc,stats          ] ---------------------------------------------------------------------
[0.869s][debug][gc,stats          ] Marking Stats, task = 11, calls = 1
[0.869s][debug][gc,stats          ]   Elapsed time = 0.14ms, Termination time = 0.00ms
[0.869s][debug][gc,stats          ]   Step Times (cum): num = 9, avg = 0.00ms, sd = 0.00ms max = 0.00ms, total = 0.00ms
[0.869s][debug][gc,stats          ]   Mark Stats Cache: hits 0 misses 0 ratio 0.000
[0.869s][debug][gc,stats          ] ---------------------------------------------------------------------
[0.869s][debug][gc,phases         ] GC(43) Finalize Marking 2.262ms
[0.869s][debug][gc,phases,start   ] GC(43) Reference Processing
[0.869s][debug][gc,ref            ] GC(43) Skipped phase 1 of Reference Processing: no references
[0.869s][debug][gc,ref            ] GC(43) Skipped phase 2 of Reference Processing: no references
[0.869s][debug][gc,ref            ] GC(43) Skipped phase 3 of Reference Processing: no references
[0.869s][debug][gc,ref            ] GC(43) Skipped phase 4 of Reference Processing: no references
[0.869s][debug][gc,phases,ref     ] GC(43) Reference Processing: 0.0ms
[0.869s][debug][gc,phases,ref     ] GC(43)   Reconsider SoftReferences: 0.0ms
[0.869s][debug][gc,phases,ref     ] GC(43)     SoftRef (ms):                  skipped
[0.869s][debug][gc,phases,ref     ] GC(43)   Notify Soft/WeakReferences: 0.0ms
[0.869s][debug][gc,phases,ref     ] GC(43)     SoftRef (ms):                  skipped
[0.869s][debug][gc,phases,ref     ] GC(43)     WeakRef (ms):                  skipped
[0.869s][debug][gc,phases,ref     ] GC(43)     FinalRef (ms):                 skipped
[0.869s][debug][gc,phases,ref     ] GC(43)     Total (ms):                    skipped
[0.869s][debug][gc,phases,ref     ] GC(43)   Notify and keep alive finalizable: 0.0ms
[0.869s][debug][gc,phases,ref     ] GC(43)     FinalRef (ms):                 skipped
[0.869s][debug][gc,phases,ref     ] GC(43)   Notify PhantomReferences: 0.0ms
[0.869s][debug][gc,phases,ref     ] GC(43)     PhantomRef (ms):               skipped
[0.869s][debug][gc,phases,ref     ] GC(43)   SoftReference:
[0.869s][debug][gc,phases,ref     ] GC(43)     Discovered: 0
[0.869s][debug][gc,phases,ref     ] GC(43)     Cleared: 0
[0.869s][debug][gc,phases,ref     ] GC(43)   WeakReference:
[0.869s][debug][gc,phases,ref     ] GC(43)     Discovered: 0
[0.869s][debug][gc,phases,ref     ] GC(43)     Cleared: 0
[0.869s][debug][gc,phases,ref     ] GC(43)   FinalReference:
[0.869s][debug][gc,phases,ref     ] GC(43)     Discovered: 0
[0.869s][debug][gc,phases,ref     ] GC(43)     Cleared: 0
[0.869s][debug][gc,phases,ref     ] GC(43)   PhantomReference:
[0.869s][debug][gc,phases,ref     ] GC(43)     Discovered: 0
[0.869s][debug][gc,phases,ref     ] GC(43)     Cleared: 0
[0.869s][debug][gc,phases         ] GC(43) Reference Processing 0.105ms
[0.869s][debug][gc,phases,start   ] GC(43) Weak Processing
[0.869s][debug][gc,phases         ] GC(43)   VM Weak                        Min:  0.0, Avg:  0.0, Max:  0.0, Diff:  0.0, Sum:  0.0, Workers: 1
[0.869s][debug][gc,phases         ] GC(43)     Dead                           Min: 0, Avg:  0.0, Max: 0, Diff: 0, Sum: 0, Workers: 1
[0.869s][debug][gc,phases         ] GC(43)     Total                          Min: 4, Avg:  4.0, Max: 4, Diff: 0, Sum: 4, Workers: 1
[0.869s][debug][gc,phases         ] GC(43)   ObjectSynchronizer Weak        Min:  0.0, Avg:  0.0, Max:  0.0, Diff:  0.0, Sum:  0.0, Workers: 1
[0.869s][debug][gc,phases         ] GC(43)     Dead                           Min: 0, Avg:  0.0, Max: 0, Diff: 0, Sum: 0, Workers: 1
[0.869s][debug][gc,phases         ] GC(43)     Total                          Min: 4, Avg:  4.0, Max: 4, Diff: 0, Sum: 4, Workers: 1
[0.869s][debug][gc,phases         ] GC(43)   JVMTI Tag Weak OopStorage      Min:  0.0, Avg:  0.0, Max:  0.0, Diff:  0.0, Sum:  0.0, Workers: 1
[0.869s][debug][gc,phases         ] GC(43)     Dead                           Min: 0, Avg:  0.0, Max: 0, Diff: 0, Sum: 0, Workers: 1
[0.869s][debug][gc,phases         ] GC(43)     Total                          Min: 0, Avg:  0.0, Max: 0, Diff: 0, Sum: 0, Workers: 1
[0.869s][debug][gc,phases         ] GC(43)   StringTable Weak               Min:  0.0, Avg:  0.0, Max:  0.0, Diff:  0.0, Sum:  0.0, Workers: 1
[0.869s][debug][gc,phases         ] GC(43)     Dead                           Min: 0, Avg:  0.0, Max: 0, Diff: 0, Sum: 0, Workers: 1
[0.869s][debug][gc,phases         ] GC(43)     Total                          Min: 39, Avg: 39.0, Max: 39, Diff: 0, Sum: 39, Workers: 1
[0.869s][debug][gc,phases         ] GC(43)   ResolvedMethodTable Weak       Min:  0.0, Avg:  0.0, Max:  0.0, Diff:  0.0, Sum:  0.0, Workers: 1
[0.869s][debug][gc,phases         ] GC(43)     Dead                           Min: 0, Avg:  0.0, Max: 0, Diff: 0, Sum: 0, Workers: 1
[0.869s][debug][gc,phases         ] GC(43)     Total                          Min: 22, Avg: 22.0, Max: 22, Diff: 0, Sum: 22, Workers: 1
[0.869s][debug][gc,phases         ] GC(43)   JNI Weak                       Min:  0.0, Avg:  0.0, Max:  0.0, Diff:  0.0, Sum:  0.0, Workers: 1
[0.869s][debug][gc,phases         ] GC(43)     Dead                           Min: 0, Avg:  0.0, Max: 0, Diff: 0, Sum: 0, Workers: 1
[0.869s][debug][gc,phases         ] GC(43)     Total                          Min: 0, Avg:  0.0, Max: 0, Diff: 0, Sum: 0, Workers: 1
[0.869s][debug][gc,phases         ] GC(43)   StringDedup Table Weak         Min:  0.0, Avg:  0.0, Max:  0.0, Diff:  0.0, Sum:  0.0, Workers: 1
[0.870s][debug][gc,phases         ] GC(43)     Dead                           Min: 0, Avg:  0.0, Max: 0, Diff: 0, Sum: 0, Workers: 1
[0.870s][debug][gc,phases         ] GC(43)     Total                          Min: 0, Avg:  0.0, Max: 0, Diff: 0, Sum: 0, Workers: 1
[0.870s][debug][gc,phases         ] GC(43)   StringDedup Requests0 Weak     Min:  0.0, Avg:  0.0, Max:  0.0, Diff:  0.0, Sum:  0.0, Workers: 1
[0.870s][debug][gc,phases         ] GC(43)     Dead                           Min: 0, Avg:  0.0, Max: 0, Diff: 0, Sum: 0, Workers: 1
[0.870s][debug][gc,phases         ] GC(43)     Total                          Min: 0, Avg:  0.0, Max: 0, Diff: 0, Sum: 0, Workers: 1
[0.870s][debug][gc,phases         ] GC(43)   StringDedup Requests1 Weak     Min:  0.0, Avg:  0.0, Max:  0.0, Diff:  0.0, Sum:  0.0, Workers: 1
[0.870s][debug][gc,phases         ] GC(43)     Dead                           Min: 0, Avg:  0.0, Max: 0, Diff: 0, Sum: 0, Workers: 1
[0.870s][debug][gc,phases         ] GC(43)     Total                          Min: 0, Avg:  0.0, Max: 0, Diff: 0, Sum: 0, Workers: 1
[0.870s][debug][gc,phases         ] GC(43)   Weak JFR Old Object Samples    Min:  0.0, Avg:  0.0, Max:  0.0, Diff:  0.0, Sum:  0.0, Workers: 1
[0.870s][debug][gc,phases         ] GC(43)     Dead                           Min: 0, Avg:  0.0, Max: 0, Diff: 0, Sum: 0, Workers: 1
[0.870s][debug][gc,phases         ] GC(43)     Total                          Min: 0, Avg:  0.0, Max: 0, Diff: 0, Sum: 0, Workers: 1
[0.870s][debug][gc,phases         ] GC(43) Weak Processing 0.197ms
[0.870s][debug][gc,phases,start   ] GC(43) Class Unloading
[0.870s][debug][gc,phases,start   ] GC(43) ClassLoaderData
[0.870s][debug][gc,phases         ] GC(43) ClassLoaderData 0.005ms
[0.870s][debug][gc,phases,start   ] GC(43) Trigger cleanups
[0.870s][debug][gc,phases         ] GC(43) Trigger cleanups 0.003ms
[0.870s][debug][gc,phases         ] GC(43) Class Unloading 0.162ms
[0.870s][debug][gc,phases,start   ] GC(43) Flush Task Caches
[0.870s][debug][gc,stats          ] Mark stats cache hits 26297 misses 0 ratio 100.000
[0.870s][debug][gc,phases         ] GC(43) Flush Task Caches 0.031ms
[0.870s][debug][gc,phases,start   ] GC(43) Update Remembered Set Tracking Before Rebuild
[0.870s][debug][gc,ergo           ] GC(43) Running G1 Update RemSet Tracking Before Rebuild using 1 workers for 256 regions in heap
[0.870s][debug][gc,remset,tracking] GC(43) Remembered Set Tracking update regions total 256, selected 98
[0.870s][debug][gc,phases         ] GC(43) Update Remembered Set Tracking Before Rebuild 0.114ms
[0.870s][debug][gc,phases,start   ] GC(43) Reclaim Empty Regions
[0.870s][debug][gc,phases         ] GC(43) Reclaim Empty Regions 0.212ms
[0.870s][debug][gc,phases,start   ] GC(43) Purge Metaspace
[0.870s][debug][gc,phases         ] GC(43) Purge Metaspace 0.007ms
[0.870s][debug][gc,phases,start   ] GC(43) Report Object Count
[0.870s][debug][gc,phases         ] GC(43) Report Object Count 0.005ms
[0.870s][debug][gc,mmu            ] GC(43) MMU: 11.3ms (50.0ms/51.0ms)
[0.870s][info ][gc                ] GC(43) Pause Remark 237M->237M(256M) 3.657ms
[0.870s][info ][gc,cpu            ] GC(43) User=0.00s Sys=0.01s Real=0.00s
[0.870s][info ][gc,marking        ] GC(43) Concurrent Mark 9.963ms
[0.870s][info ][gc,marking        ] GC(43) Concurrent Rebuild Remembered Sets
[0.871s][info ][gc,marking        ] GC(43) Concurrent Rebuild Remembered Sets 0.861ms
[0.871s][info ][gc,start          ] GC(43) Pause Cleanup
[0.871s][debug][gc,phases,start   ] GC(43) Update Remembered Set Tracking After Rebuild
[0.871s][debug][gc,phases         ] GC(43) Update Remembered Set Tracking After Rebuild 0.029ms
[0.871s][debug][gc,phases,start   ] GC(43) Finalize Concurrent Mark Cleanup
[0.872s][debug][gc,ergo,cset      ] GC(43) Pruned 8 regions out of 8, leaving 3144448 bytes waste (allowed 13421772)
[0.872s][debug][gc,ergo           ] GC(43) request young-only gcs (candidate old regions not available)
[0.872s][debug][gc,mmu            ] GC(43) MMU: 10.9ms (50.0ms/51.0ms)
[0.872s][debug][gc,phases         ] GC(43) Finalize Concurrent Mark Cleanup 0.203ms
[0.872s][info ][gc                ] GC(43) Pause Cleanup 237M->237M(256M) 0.270ms
[0.872s][info ][gc,cpu            ] GC(43) User=0.00s Sys=0.00s Real=0.00s
[0.872s][info ][gc,marking        ] GC(43) Concurrent Cleanup for Next Mark
[0.872s][debug][gc,ergo           ] GC(43) Running G1 Clear Bitmap with 3 workers for 4 work units.
[0.872s][info ][gc,marking        ] GC(43) Concurrent Cleanup for Next Mark 0.255ms
[0.872s][info ][gc                ] GC(43) Concurrent Mark Cycle 11.722ms
[0.874s][debug][gc,ergo,cset      ] Preventive GC, insufficient free regions. Predicted need 4. Curr Eden 2 (Pred 3). Curr Survivor 2 (Pred 1). Curr Old 155 (Pred 0) Free 4 Alloc 1
[0.874s][debug][gc,heap           ] GC(44) Heap before GC invocations=42 (full 3):
[0.874s][debug][gc,heap           ] GC(44)  garbage-first heap   total 262144K, used 241889K [0x00000000f0000000, 0x0000000100000000)
[0.874s][debug][gc,heap           ] GC(44)   region size 1024K, 4 young (4096K), 2 survivors (2048K)
[0.874s][debug][gc,heap           ] GC(44)  Metaspace       used 136K, committed 320K, reserved 1114112K
[0.874s][debug][gc,heap           ] GC(44)   class space    used 5K, committed 128K, reserved 1048576K
[0.874s][info ][gc,start          ] GC(44) Pause Young (Normal) (G1 Preventive Collection)
[0.874s][info ][gc,task           ] GC(44) Using 12 workers of 13 for evacuation
[0.874s][debug][gc,tlab           ] GC(44) TLAB totals: thrds: 5  refills: 5 max: 1 slow allocs: 26 max 6 waste: 37.1% gc: 193712B max: 39184B slow: 0B max: 0B
[0.874s][debug][gc,age            ] GC(44) Desired survivor size 1048576 bytes, new threshold 1 (max threshold 15)
[0.874s][debug][gc,refine,stats   ] GC(44) Mutator refinement: 0.00ms, refined: 0, precleaned: 0, dirtied: 21
[0.874s][debug][gc,refine,stats   ] GC(44) Concurrent refinement: 0.00ms, refined: 0, precleaned: 0, dirtied: 0
[0.874s][debug][gc,refine,stats   ] GC(44) Total refinement: 0.00ms, refined: 0, precleaned: 0, dirtied: 21
[0.874s][debug][gc,refine,stats   ] GC(44) Generate dirty cards rate: 1.87 cards/ms
[0.874s][debug][gc,alloc,region   ] GC(44) Mutator Allocation stats, regions: 2, wasted size: 2688B ( 0.1%)
[0.874s][debug][gc,humongous      ] GC(44) Humongous region 0 (object size 1048592 @ 0x00000000f0000000) remset 1 code roots 0 marked 0 reclaim candidate 1 type array 1
[0.874s][debug][gc,humongous      ] GC(44) Humongous region 2 (object size 1048592 @ 0x00000000f0200000) remset 1 code roots 0 marked 0 reclaim candidate 1 type array 1
[0.874s][debug][gc,humongous      ] GC(44) Humongous region 4 (object size 1048592 @ 0x00000000f0400000) remset 1 code roots 0 marked 0 reclaim candidate 1 type array 1
[0.874s][debug][gc,humongous      ] GC(44) Humongous region 22 (object size 1048592 @ 0x00000000f1600000) remset 1 code roots 0 marked 0 reclaim candidate 1 type array 1
[0.874s][debug][gc,humongous      ] GC(44) Humongous region 85 (object size 10485776 @ 0x00000000f5500000) remset 1 code roots 0 marked 0 reclaim candidate 1 type array 1
[0.874s][debug][gc,humongous      ] GC(44) Humongous region 203 (object size 1048592 @ 0x00000000fcb00000) remset 1 code roots 0 marked 0 reclaim candidate 1 type array 1
[0.874s][debug][gc,humongous      ] GC(44) Humongous region 216 (object size 10485776 @ 0x00000000fd800000) remset 1 code roots 0 marked 0 reclaim candidate 1 type array 1
[0.874s][debug][gc,humongous      ] GC(44) Humongous region 244 (object size 1048592 @ 0x00000000ff400000) remset 1 code roots 0 marked 0 reclaim candidate 1 type array 1
[0.874s][debug][gc,humongous      ] GC(44) Humongous region 14 (object size 1048592 @ 0x00000000f0e00000) remset 1 code roots 0 marked 0 reclaim candidate 1 type array 1
[0.874s][debug][gc,humongous      ] GC(44) Humongous region 16 (object size 1048592 @ 0x00000000f1000000) remset 1 code roots 0 marked 0 reclaim candidate 1 type array 1
[0.874s][debug][gc,humongous      ] GC(44) Humongous region 159 (object size 10485776 @ 0x00000000f9f00000) remset 1 code roots 0 marked 0 reclaim candidate 1 type array 1
[0.874s][debug][gc,humongous      ] GC(44) Humongous region 18 (object size 1048592 @ 0x00000000f1200000) remset 1 code roots 0 marked 0 reclaim candidate 1 type array 1
[0.874s][debug][gc,humongous      ] GC(44) Humongous region 20 (object size 1048592 @ 0x00000000f1400000) remset 1 code roots 0 marked 0 reclaim candidate 1 type array 1
[0.874s][debug][gc,humongous      ] GC(44) Humongous region 205 (object size 1048592 @ 0x00000000fcd00000) remset 1 code roots 0 marked 0 reclaim candidate 1 type array 1
[0.874s][debug][gc,humongous      ] GC(44) Humongous region 28 (object size 1048592 @ 0x00000000f1c00000) remset 1 code roots 0 marked 0 reclaim candidate 1 type array 1
[0.874s][debug][gc,humongous      ] GC(44) Humongous region 64 (object size 1048592 @ 0x00000000f4000000) remset 1 code roots 0 marked 0 reclaim candidate 1 type array 1
[0.874s][debug][gc,humongous      ] GC(44) Humongous region 10 (object size 1048592 @ 0x00000000f0a00000) remset 1 code roots 0 marked 0 reclaim candidate 1 type array 1
[0.874s][debug][gc,humongous      ] GC(44) Humongous region 83 (object size 1048592 @ 0x00000000f5300000) remset 1 code roots 0 marked 0 reclaim candidate 1 type array 1
[0.874s][debug][gc,humongous      ] GC(44) Humongous region 36 (object size 1048592 @ 0x00000000f2400000) remset 1 code roots 0 marked 0 reclaim candidate 1 type array 1
[0.874s][debug][gc,humongous      ] GC(44) Humongous region 12 (object size 1048592 @ 0x00000000f0c00000) remset 1 code roots 0 marked 0 reclaim candidate 1 type array 1
[0.874s][debug][gc,humongous      ] GC(44) Humongous region 126 (object size 1048592 @ 0x00000000f7e00000) remset 1 code roots 0 marked 0 reclaim candidate 1 type array 1
[0.875s][debug][gc,humongous      ] GC(44) Humongous region 60 (object size 1048592 @ 0x00000000f3c00000) remset 1 code roots 0 marked 0 reclaim candidate 1 type array 1
[0.874s][debug][gc,humongous      ] GC(44) Humongous region 26 (object size 1048592 @ 0x00000000f1a00000) remset 1 code roots 0 marked 0 reclaim candidate 1 type array 1
[0.874s][debug][gc,humongous      ] GC(44) Humongous region 238 (object size 1048592 @ 0x00000000fee00000) remset 1 code roots 0 marked 0 reclaim candidate 1 type array 1
[0.874s][debug][gc,humongous      ] GC(44) Humongous region 30 (object size 1048592 @ 0x00000000f1e00000) remset 1 code roots 0 marked 0 reclaim candidate 1 type array 1
[0.874s][debug][gc,humongous      ] GC(44) Humongous region 8 (object size 1048592 @ 0x00000000f0800000) remset 1 code roots 0 marked 0 reclaim candidate 1 type array 1
[0.874s][debug][gc,humongous      ] GC(44) Humongous region 32 (object size 1048592 @ 0x00000000f2000000) remset 1 code roots 0 marked 0 reclaim candidate 1 type array 1
[0.874s][debug][gc,humongous      ] GC(44) Humongous region 42 (object size 1048592 @ 0x00000000f2a00000) remset 1 code roots 0 marked 0 reclaim candidate 1 type array 1
[0.874s][debug][gc,humongous      ] GC(44) Humongous region 34 (object size 1048592 @ 0x00000000f2200000) remset 1 code roots 0 marked 0 reclaim candidate 1 type array 1
[0.874s][debug][gc,humongous      ] GC(44) Humongous region 38 (object size 1048592 @ 0x00000000f2600000) remset 1 code roots 0 marked 0 reclaim candidate 1 type array 1
[0.874s][debug][gc,humongous      ] GC(44) Humongous region 24 (object size 1048592 @ 0x00000000f1800000) remset 1 code roots 0 marked 0 reclaim candidate 1 type array 1
[0.874s][debug][gc,humongous      ] GC(44) Humongous region 6 (object size 1048592 @ 0x00000000f0600000) remset 1 code roots 0 marked 0 reclaim candidate 1 type array 1
[0.875s][debug][gc,ergo           ] GC(44) Running G1 Merge Heap Roots using 12 workers for 4 regions
[0.875s][debug][gc,remset         ] GC(44) Visited cards 128 Total dirty 4096 (3.12%) Total old 524288 (0.02%)
[0.876s][debug][gc,ref            ] GC(44) Skipped phase 1 of Reference Processing: no references
[0.876s][debug][gc,ref            ] GC(44) Skipped phase 2 of Reference Processing: no references
[0.876s][debug][gc,ref            ] GC(44) Skipped phase 3 of Reference Processing: no references
[0.876s][debug][gc,ref            ] GC(44) Skipped phase 4 of Reference Processing: no references
[0.876s][debug][gc,ergo           ] GC(44) Running G1 Rebuild Free List Task using 12 workers for rebuilding free list of regions
[0.876s][debug][gc,plab           ] GC(44) Young PLAB allocation: allocated: 0B, wasted: 0B, unused: 0B, used: 0B, undo waste: 0B, 
[0.876s][debug][gc,plab           ] GC(44) Young other allocation: region end waste: 65296B, regions filled: 2, direct allocated: 1835456B, failure used: 0B, failure wasted: 0B
[0.876s][debug][gc,plab           ] GC(44) Young sizing: calculated: 0B, actual: 2064B
[0.876s][debug][gc,plab           ] GC(44) Old PLAB allocation: allocated: 0B, wasted: 0B, unused: 0B, used: 0B, undo waste: 0B, 
[0.876s][debug][gc,plab           ] GC(44) Old other allocation: region end waste: 130160B, regions filled: 3, direct allocated: 1901008B, failure used: 0B, failure wasted: 0B
[0.876s][debug][gc,plab           ] GC(44) Old sizing: calculated: 0B, actual: 2064B
[0.876s][debug][gc,ergo,heap      ] GC(44) Heap expansion: short term pause time ratio 16.00% long term pause time ratio 21.15% threshold 7.69% pause time ratio 7.69% fully expanded true resize by 0B
[0.876s][debug][gc,ergo,ihop      ] GC(44) Request concurrent cycle initiation (occupancy higher than threshold) occupancy: 262144000B allocation request: 0B threshold: 211954960B (78.96) source: end of GC
[0.876s][debug][gc,mmu            ] GC(44) MMU: 11.3ms (50.0ms/51.0ms)
[0.876s][debug][gc,alloc,stats    ] Old generation allocation in the last mutator period, old gen allocated: 0B, humongous allocated: 2097152B,old gen growth: 2097152B.
[0.876s][debug][gc,ihop           ] GC(44) Basic information (value update), threshold: 211385684B (78.75), target occupancy: 268435456B, current occupancy: 249530192B, recent allocation size: 2097152B, recent allocation duration: 11.21ms, recent old gen allocation rate: 187018219.98B/s, recent marking phase length: 8.59ms
[0.877s][debug][gc,ihop           ] GC(44) Adaptive IHOP information (value update), threshold: 211385684B (92.64), internal target occupancy: 228170137B, occupancy: 249530192B, additional buffer size: 12582912B, predicted old gen allocation rate: 78567776.64B/s, predicted marking phase length: 53.48ms, prediction active: true
[0.877s][debug][gc,ergo,refine    ] GC(44) Concurrent refinement times: Logged Cards Scan time goal: 5.00ms Logged Cards Scan time: 0.00ms HCC time: 0.00ms
[0.877s][debug][gc,ergo,refine    ] GC(44) Updated Refinement Zones: green: 3328, yellow: 9984, red: 16640
[0.877s][info ][gc,phases         ] GC(44)   Pre Evacuate Collection Set: 0.6ms
[0.877s][debug][gc,phases         ] GC(44)     Prepare TLABs: 0.0ms
[0.877s][debug][gc,phases         ] GC(44)     Concatenate Dirty Card Logs: 0.0ms
[0.877s][debug][gc,phases         ] GC(44)     Choose Collection Set: 0.0ms
[0.877s][debug][gc,phases         ] GC(44)     Region Register: 0.6ms
[0.877s][debug][gc,phases         ] GC(44)     Prepare Heap Roots: 0.0ms
[0.877s][info ][gc,phases         ] GC(44)   Merge Heap Roots: 0.2ms
[0.877s][debug][gc,phases         ] GC(44)     Prepare Merge Heap Roots: 0.0ms
[0.877s][debug][gc,phases         ] GC(44)     Eager Reclaim (ms):            Min:  0.0, Avg:  0.0, Max:  0.0, Diff:  0.0, Sum:  0.0, Workers: 1
[0.877s][debug][gc,phases         ] GC(44)     Remembered Sets (ms):          Min:  0.0, Avg:  0.0, Max:  0.0, Diff:  0.0, Sum:  0.0, Workers: 12
[0.877s][debug][gc,phases         ] GC(44)       Merged Sparse:                 Min: 0, Avg:  3.0, Max: 32, Diff: 32, Sum: 36, Workers: 12
[0.877s][debug][gc,phases         ] GC(44)       Merged Fine:                   Min: 0, Avg:  0.0, Max: 0, Diff: 0, Sum: 0, Workers: 12
[0.877s][debug][gc,phases         ] GC(44)       Merged Coarse:                 Min: 0, Avg:  0.0, Max: 0, Diff: 0, Sum: 0, Workers: 12
[0.877s][debug][gc,phases         ] GC(44)       Dirty Cards:                   Min: 0, Avg:  0.1, Max: 1, Diff: 1, Sum: 1, Workers: 12
[0.877s][debug][gc,phases         ] GC(44)     Hot Card Cache (ms):           Min:  0.0, Avg:  0.0, Max:  0.0, Diff:  0.0, Sum:  0.0, Workers: 12
[0.877s][debug][gc,phases         ] GC(44)       Dirty Cards:                   Min: 0, Avg:  0.0, Max: 0, Diff: 0, Sum: 0, Workers: 12
[0.877s][debug][gc,phases         ] GC(44)       Skipped Cards:                 Min: 0, Avg:  0.0, Max: 0, Diff: 0, Sum: 0, Workers: 12
[0.877s][debug][gc,phases         ] GC(44)     Log Buffers (ms):              Min:  0.0, Avg:  0.0, Max:  0.0, Diff:  0.0, Sum:  0.0, Workers: 12
[0.877s][debug][gc,phases         ] GC(44)       Dirty Cards:                   Min: 0, Avg:  1.4, Max: 17, Diff: 17, Sum: 17, Workers: 12
[0.877s][debug][gc,phases         ] GC(44)       Skipped Cards:                 Min: 0, Avg:  0.0, Max: 0, Diff: 0, Sum: 0, Workers: 12
[0.877s][info ][gc,phases         ] GC(44)   Evacuate Collection Set: 1.0ms
[0.877s][debug][gc,phases         ] GC(44)     Ext Root Scanning (ms):        Min:  0.0, Avg:  0.1, Max:  0.7, Diff:  0.7, Sum:  0.8, Workers: 12
[0.877s][debug][gc,phases         ] GC(44)     Scan Heap Roots (ms):          Min:  0.0, Avg:  0.0, Max:  0.0, Diff:  0.0, Sum:  0.1, Workers: 12
[0.877s][debug][gc,phases         ] GC(44)       Scanned Cards:                 Min: 0, Avg:  2.0, Max: 20, Diff: 20, Sum: 24, Workers: 12
[0.877s][debug][gc,phases         ] GC(44)       Scanned Blocks:                Min: 0, Avg:  0.4, Max: 2, Diff: 2, Sum: 5, Workers: 12
[0.877s][debug][gc,phases         ] GC(44)       Claimed Chunks:                Min: 0, Avg:  0.3, Max: 2, Diff: 2, Sum: 4, Workers: 12
[0.877s][debug][gc,phases         ] GC(44)     Code Root Scan (ms):           Min:  0.0, Avg:  0.0, Max:  0.0, Diff:  0.0, Sum:  0.0, Workers: 12
[0.877s][debug][gc,phases         ] GC(44)     Object Copy (ms):              Min:  0.0, Avg:  0.2, Max:  0.5, Diff:  0.5, Sum:  2.5, Workers: 12
[0.877s][debug][gc,phases         ] GC(44)     Termination (ms):              Min:  0.1, Avg:  0.3, Max:  0.8, Diff:  0.7, Sum:  3.7, Workers: 12
[0.877s][debug][gc,phases         ] GC(44)       Termination Attempts:          Min: 1, Avg:  1.2, Max: 2, Diff: 1, Sum: 14, Workers: 12
[0.877s][debug][gc,phases         ] GC(44)     GC Worker Other (ms):          Min:  0.0, Avg:  0.0, Max:  0.0, Diff:  0.0, Sum:  0.1, Workers: 12
[0.877s][debug][gc,phases         ] GC(44)     GC Worker Total (ms):          Min:  0.1, Avg:  0.6, Max:  0.9, Diff:  0.8, Sum:  7.1, Workers: 12
[0.877s][info ][gc,phases         ] GC(44)   Post Evacuate Collection Set: 0.6ms
[0.877s][debug][gc,phases         ] GC(44)     Code Roots Fixup: 0.0ms
[0.877s][debug][gc,phases         ] GC(44)     Reference Processing: 0.0ms
[0.877s][debug][gc,phases,ref     ] GC(44)       Reconsider SoftReferences: 0.0ms
[0.877s][debug][gc,phases,ref     ] GC(44)         SoftRef (ms):                  skipped
[0.877s][debug][gc,phases,ref     ] GC(44)       Notify Soft/WeakReferences: 0.0ms
[0.877s][debug][gc,phases,ref     ] GC(44)         SoftRef (ms):                  skipped
[0.877s][debug][gc,phases,ref     ] GC(44)         WeakRef (ms):                  skipped
[0.877s][debug][gc,phases,ref     ] GC(44)         FinalRef (ms):                 skipped
[0.877s][debug][gc,phases,ref     ] GC(44)         Total (ms):                    skipped
[0.877s][debug][gc,phases,ref     ] GC(44)       Notify and keep alive finalizable: 0.0ms
[0.877s][debug][gc,phases,ref     ] GC(44)         FinalRef (ms):                 skipped
[0.877s][debug][gc,phases,ref     ] GC(44)       Notify PhantomReferences: 0.0ms
[0.877s][debug][gc,phases,ref     ] GC(44)         PhantomRef (ms):               skipped
[0.877s][debug][gc,phases,ref     ] GC(44)       SoftReference:
[0.877s][debug][gc,phases,ref     ] GC(44)         Discovered: 0
[0.877s][debug][gc,phases,ref     ] GC(44)         Cleared: 0
[0.877s][debug][gc,phases,ref     ] GC(44)       WeakReference:
[0.877s][debug][gc,phases,ref     ] GC(44)         Discovered: 0
[0.877s][debug][gc,phases,ref     ] GC(44)         Cleared: 0
[0.877s][debug][gc,phases,ref     ] GC(44)       FinalReference:
[0.877s][debug][gc,phases,ref     ] GC(44)         Discovered: 0
[0.877s][debug][gc,phases,ref     ] GC(44)         Cleared: 0
[0.877s][debug][gc,phases,ref     ] GC(44)       PhantomReference:
[0.877s][debug][gc,phases,ref     ] GC(44)         Discovered: 0
[0.877s][debug][gc,phases,ref     ] GC(44)         Cleared: 0
[0.877s][debug][gc,phases         ] GC(44)     Weak Processing: 0.1ms
[0.877s][debug][gc,phases         ] GC(44)       VM Weak                        Min:  0.0, Avg:  0.0, Max:  0.0, Diff:  0.0, Sum:  0.0, Workers: 1
[0.877s][debug][gc,phases         ] GC(44)         Dead                           Min: 0, Avg:  0.0, Max: 0, Diff: 0, Sum: 0, Workers: 1
[0.877s][debug][gc,phases         ] GC(44)         Total                          Min: 4, Avg:  4.0, Max: 4, Diff: 0, Sum: 4, Workers: 1
[0.877s][debug][gc,phases         ] GC(44)       ObjectSynchronizer Weak        Min:  0.0, Avg:  0.0, Max:  0.0, Diff:  0.0, Sum:  0.0, Workers: 1
[0.877s][debug][gc,phases         ] GC(44)         Dead                           Min: 0, Avg:  0.0, Max: 0, Diff: 0, Sum: 0, Workers: 1
[0.877s][debug][gc,phases         ] GC(44)         Total                          Min: 4, Avg:  4.0, Max: 4, Diff: 0, Sum: 4, Workers: 1
[0.877s][debug][gc,phases         ] GC(44)       JVMTI Tag Weak OopStorage      Min:  0.0, Avg:  0.0, Max:  0.0, Diff:  0.0, Sum:  0.0, Workers: 1
[0.877s][debug][gc,phases         ] GC(44)         Dead                           Min: 0, Avg:  0.0, Max: 0, Diff: 0, Sum: 0, Workers: 1
[0.877s][debug][gc,phases         ] GC(44)         Total                          Min: 0, Avg:  0.0, Max: 0, Diff: 0, Sum: 0, Workers: 1
[0.877s][debug][gc,phases         ] GC(44)       StringTable Weak               Min:  0.0, Avg:  0.0, Max:  0.0, Diff:  0.0, Sum:  0.0, Workers: 1
[0.877s][debug][gc,phases         ] GC(44)         Dead                           Min: 0, Avg:  0.0, Max: 0, Diff: 0, Sum: 0, Workers: 1
[0.877s][debug][gc,phases         ] GC(44)         Total                          Min: 39, Avg: 39.0, Max: 39, Diff: 0, Sum: 39, Workers: 1
[0.877s][debug][gc,phases         ] GC(44)       ResolvedMethodTable Weak       Min:  0.0, Avg:  0.0, Max:  0.0, Diff:  0.0, Sum:  0.0, Workers: 1
[0.877s][debug][gc,phases         ] GC(44)         Dead                           Min: 0, Avg:  0.0, Max: 0, Diff: 0, Sum: 0, Workers: 1
[0.877s][debug][gc,phases         ] GC(44)         Total                          Min: 22, Avg: 22.0, Max: 22, Diff: 0, Sum: 22, Workers: 1
[0.877s][debug][gc,phases         ] GC(44)       JNI Weak                       Min:  0.0, Avg:  0.0, Max:  0.0, Diff:  0.0, Sum:  0.0, Workers: 1
[0.877s][debug][gc,phases         ] GC(44)         Dead                           Min: 0, Avg:  0.0, Max: 0, Diff: 0, Sum: 0, Workers: 1
[0.877s][debug][gc,phases         ] GC(44)         Total                          Min: 0, Avg:  0.0, Max: 0, Diff: 0, Sum: 0, Workers: 1
[0.877s][debug][gc,phases         ] GC(44)       StringDedup Table Weak         Min:  0.0, Avg:  0.0, Max:  0.0, Diff:  0.0, Sum:  0.0, Workers: 1
[0.877s][debug][gc,phases         ] GC(44)         Dead                           Min: 0, Avg:  0.0, Max: 0, Diff: 0, Sum: 0, Workers: 1
[0.877s][debug][gc,phases         ] GC(44)         Total                          Min: 0, Avg:  0.0, Max: 0, Diff: 0, Sum: 0, Workers: 1
[0.877s][debug][gc,phases         ] GC(44)       StringDedup Requests0 Weak     Min:  0.0, Avg:  0.0, Max:  0.0, Diff:  0.0, Sum:  0.0, Workers: 1
[0.877s][debug][gc,phases         ] GC(44)         Dead                           Min: 0, Avg:  0.0, Max: 0, Diff: 0, Sum: 0, Workers: 1
[0.877s][debug][gc,phases         ] GC(44)         Total                          Min: 0, Avg:  0.0, Max: 0, Diff: 0, Sum: 0, Workers: 1
[0.877s][debug][gc,phases         ] GC(44)       StringDedup Requests1 Weak     Min:  0.0, Avg:  0.0, Max:  0.0, Diff:  0.0, Sum:  0.0, Workers: 1
[0.877s][debug][gc,phases         ] GC(44)         Dead                           Min: 0, Avg:  0.0, Max: 0, Diff: 0, Sum: 0, Workers: 1
[0.877s][debug][gc,phases         ] GC(44)         Total                          Min: 0, Avg:  0.0, Max: 0, Diff: 0, Sum: 0, Workers: 1
[0.877s][debug][gc,phases         ] GC(44)       Weak JFR Old Object Samples    Min:  0.0, Avg:  0.0, Max:  0.0, Diff:  0.0, Sum:  0.0, Workers: 1
[0.877s][debug][gc,phases         ] GC(44)         Dead                           Min: 0, Avg:  0.0, Max: 0, Diff: 0, Sum: 0, Workers: 1
[0.877s][debug][gc,phases         ] GC(44)         Total                          Min: 0, Avg:  0.0, Max: 0, Diff: 0, Sum: 0, Workers: 1
[0.877s][debug][gc,phases         ] GC(44)     Post Evacuate Cleanup 1: 0.1ms
[0.877s][debug][gc,phases         ] GC(44)       Merge Per-Thread State (ms):   Min:  0.0, Avg:  0.0, Max:  0.0, Diff:  0.0, Sum:  0.0, Workers: 1
[0.877s][debug][gc,phases         ] GC(44)         Copied Bytes                   Min: 0, Avg: 311372.0, Max: 1179936, Diff: 1179936, Sum: 3736464, Workers: 12
[0.877s][debug][gc,phases         ] GC(44)         LAB Waste                      Min: 0, Avg:  0.0, Max: 0, Diff: 0, Sum: 0, Workers: 12
[0.877s][debug][gc,phases         ] GC(44)         LAB Undo Waste                 Min: 0, Avg:  0.0, Max: 0, Diff: 0, Sum: 0, Workers: 12
[0.877s][debug][gc,phases         ] GC(44)       Clear Logged Cards (ms):       Min:  0.0, Avg:  0.0, Max:  0.0, Diff:  0.0, Sum:  0.0, Workers: 3
[0.877s][debug][gc,phases         ] GC(44)       Recalculate Used Memory (ms):  Min:  0.0, Avg:  0.0, Max:  0.0, Diff:  0.0, Sum:  0.0, Workers: 1
[0.877s][debug][gc,phases         ] GC(44)     Post Evacuate Cleanup 2: 0.2ms
[0.877s][debug][gc,phases         ] GC(44)       Reset Hot Card Cache (ms):     Min:  0.0, Avg:  0.0, Max:  0.0, Diff:  0.0, Sum:  0.0, Workers: 1
[0.877s][debug][gc,phases         ] GC(44)       Purge Code Roots (ms):         Min:  0.0, Avg:  0.0, Max:  0.0, Diff:  0.0, Sum:  0.0, Workers: 1
[0.877s][debug][gc,phases         ] GC(44)       Update Derived Pointers (ms):  Min:  0.0, Avg:  0.0, Max:  0.0, Diff:  0.0, Sum:  0.0, Workers: 1
[0.877s][debug][gc,phases         ] GC(44)       Eagerly Reclaim Humongous Objects (ms): Min:  0.0, Avg:  0.0, Max:  0.0, Diff:  0.0, Sum:  0.0, Workers: 1
[0.877s][debug][gc,phases         ] GC(44)         Humongous Total                Min: 32, Avg: 32.0, Max: 32, Diff: 0, Sum: 32, Workers: 1
[0.877s][debug][gc,phases         ] GC(44)         Humongous Candidates           Min: 32, Avg: 32.0, Max: 32, Diff: 0, Sum: 32, Workers: 1
[0.877s][debug][gc,phases         ] GC(44)         Humongous Reclaimed            Min: 0, Avg:  0.0, Max: 0, Diff: 0, Sum: 0, Workers: 1
[0.877s][debug][gc,phases         ] GC(44)       Redirty Logged Cards (ms):     Min:  0.0, Avg:  0.0, Max:  0.0, Diff:  0.0, Sum:  0.0, Workers: 12
[0.877s][debug][gc,phases         ] GC(44)         Redirtied Cards:               Min: 0, Avg:  1.8, Max: 21, Diff: 21, Sum: 21, Workers: 12
[0.877s][debug][gc,phases         ] GC(44)       Free Collection Set (ms):      Min:  0.0, Avg:  0.0, Max:  0.0, Diff:  0.0, Sum:  0.0, Workers: 12
[0.877s][debug][gc,phases         ] GC(44)     Rebuild Free List: 0.2ms
[0.877s][debug][gc,phases         ] GC(44)     Start New Collection Set: 0.0ms
[0.877s][debug][gc,phases         ] GC(44)     Resize TLABs: 0.0ms
[0.877s][debug][gc,phases         ] GC(44)     Expand Heap After Collection: 0.0ms
[0.877s][info ][gc,phases         ] GC(44)   Other: 0.2ms
[0.877s][info ][gc,heap           ] GC(44) Eden regions: 2->0(10)
[0.877s][info ][gc,heap           ] GC(44) Survivor regions: 2->2(2)
[0.877s][info ][gc,heap           ] GC(44) Old regions: 155->157
[0.877s][info ][gc,heap           ] GC(44) Archive regions: 2->2
[0.877s][info ][gc,heap           ] GC(44) Humongous regions: 91->91
[0.877s][info ][gc,metaspace      ] GC(44) Metaspace: 136K(320K)->136K(320K) NonClass: 131K(192K)->131K(192K) Class: 5K(128K)->5K(128K)
[0.877s][debug][gc,heap           ] GC(44) Heap after GC invocations=43 (full 3):
[0.877s][debug][gc,heap           ] GC(44)  garbage-first heap   total 262144K, used 243681K [0x00000000f0000000, 0x0000000100000000)
[0.877s][debug][gc,heap           ] GC(44)   region size 1024K, 2 young (2048K), 2 survivors (2048K)
[0.877s][debug][gc,heap           ] GC(44)  Metaspace       used 136K, committed 320K, reserved 1114112K
[0.877s][debug][gc,heap           ] GC(44)   class space    used 5K, committed 128K, reserved 1048576K
[0.877s][info ][gc                ] GC(44) Pause Young (Normal) (G1 Preventive Collection) 238M->237M(256M) 2.925ms
[0.877s][info ][gc,cpu            ] GC(44) User=0.01s Sys=0.00s Real=0.00s
[0.879s][debug][gc,ergo,cset      ] Preventive GC, insufficient free regions. Predicted need 4. Curr Eden 1 (Pred 2). Curr Survivor 2 (Pred 2). Curr Old 157 (Pred 0) Free 3 Alloc 1
[0.879s][debug][gc,heap           ] GC(45) Heap before GC invocations=43 (full 3):
[0.879s][debug][gc,heap           ] GC(45)  garbage-first heap   total 262144K, used 243681K [0x00000000f0000000, 0x0000000100000000)
[0.879s][debug][gc,heap           ] GC(45)   region size 1024K, 3 young (3072K), 2 survivors (2048K)
[0.879s][debug][gc,heap           ] GC(45)  Metaspace       used 136K, committed 320K, reserved 1114112K
[0.879s][debug][gc,heap           ] GC(45)   class space    used 5K, committed 128K, reserved 1048576K
[0.879s][debug][gc,ergo           ] GC(45) Initiate concurrent cycle (concurrent cycle initiation requested)
[0.880s][info ][gc,start          ] GC(45) Pause Young (Concurrent Start) (G1 Preventive Collection)
[0.880s][info ][gc,task           ] GC(45) Using 12 workers of 13 for evacuation
[0.880s][debug][gc,tlab           ] GC(45) TLAB totals: thrds: 5  refills: 5 max: 1 slow allocs: 7 max 2 waste: 37.1% gc: 193712B max: 39184B slow: 0B max: 0B
[0.880s][debug][gc,age            ] GC(45) Desired survivor size 1048576 bytes, new threshold 1 (max threshold 15)
[0.880s][debug][gc,refine,stats   ] GC(45) Mutator refinement: 0.00ms, refined: 0, precleaned: 0, dirtied: 0
[0.880s][debug][gc,refine,stats   ] GC(45) Concurrent refinement: 0.00ms, refined: 0, precleaned: 0, dirtied: 0
[0.880s][debug][gc,refine,stats   ] GC(45) Total refinement: 0.00ms, refined: 0, precleaned: 0, dirtied: 0
[0.880s][debug][gc,refine,stats   ] GC(45) Generate dirty cards rate: 0.00 cards/ms
[0.880s][debug][gc,alloc,region   ] GC(45) Mutator Allocation stats, regions: 1, wasted size: 0B ( 0.0%)
[0.880s][debug][gc,humongous      ] GC(45) Humongous region 0 (object size 1048592 @ 0x00000000f0000000) remset 0 code roots 0 marked 0 reclaim candidate 1 type array 1
[0.880s][debug][gc,humongous      ] GC(45) Humongous region 42 (object size 1048592 @ 0x00000000f2a00000) remset 0 code roots 0 marked 0 reclaim candidate 1 type array 1
[0.880s][debug][gc,humongous      ] GC(45) Humongous region 64 (object size 1048592 @ 0x00000000f4000000) remset 0 code roots 0 marked 0 reclaim candidate 1 type array 1
[0.880s][debug][gc,humongous      ] GC(45) Humongous region 60 (object size 1048592 @ 0x00000000f3c00000) remset 0 code roots 0 marked 0 reclaim candidate 1 type array 1
[0.880s][debug][gc,humongous      ] GC(45) Humongous region 83 (object size 1048592 @ 0x00000000f5300000) remset 0 code roots 0 marked 0 reclaim candidate 1 type array 1
[0.880s][debug][gc,humongous      ] GC(45) Humongous region 203 (object size 1048592 @ 0x00000000fcb00000) remset 0 code roots 0 marked 0 reclaim candidate 1 type array 1
[0.880s][debug][gc,humongous      ] GC(45) Humongous region 238 (object size 1048592 @ 0x00000000fee00000) remset 0 code roots 0 marked 0 reclaim candidate 1 type array 1
[0.880s][debug][gc,humongous      ] GC(45) Humongous region 22 (object size 1048592 @ 0x00000000f1600000) remset 0 code roots 0 marked 0 reclaim candidate 1 type array 1
[0.880s][debug][gc,humongous      ] GC(45) Humongous region 8 (object size 1048592 @ 0x00000000f0800000) remset 0 code roots 0 marked 0 reclaim candidate 1 type array 1
[0.880s][debug][gc,humongous      ] GC(45) Humongous region 10 (object size 1048592 @ 0x00000000f0a00000) remset 0 code roots 0 marked 0 reclaim candidate 1 type array 1
[0.880s][debug][gc,humongous      ] GC(45) Humongous region 12 (object size 1048592 @ 0x00000000f0c00000) remset 0 code roots 0 marked 0 reclaim candidate 1 type array 1
[0.880s][debug][gc,humongous      ] GC(45) Humongous region 216 (object size 10485776 @ 0x00000000fd800000) remset 0 code roots 0 marked 0 reclaim candidate 1 type array 1
[0.880s][debug][gc,humongous      ] GC(45) Humongous region 85 (object size 10485776 @ 0x00000000f5500000) remset 0 code roots 0 marked 0 reclaim candidate 1 type array 1
[0.880s][debug][gc,humongous      ] GC(45) Humongous region 18 (object size 1048592 @ 0x00000000f1200000) remset 0 code roots 0 marked 0 reclaim candidate 1 type array 1
[0.880s][debug][gc,humongous      ] GC(45) Humongous region 4 (object size 1048592 @ 0x00000000f0400000) remset 0 code roots 0 marked 0 reclaim candidate 1 type array 1
[0.880s][debug][gc,humongous      ] GC(45) Humongous region 20 (object size 1048592 @ 0x00000000f1400000) remset 0 code roots 0 marked 0 reclaim candidate 1 type array 1
[0.880s][debug][gc,humongous      ] GC(45) Humongous region 6 (object size 1048592 @ 0x00000000f0600000) remset 0 code roots 0 marked 0 reclaim candidate 1 type array 1
[0.880s][debug][gc,humongous      ] GC(45) Humongous region 28 (object size 1048592 @ 0x00000000f1c00000) remset 0 code roots 0 marked 0 reclaim candidate 1 type array 1
[0.880s][debug][gc,humongous      ] GC(45) Humongous region 159 (object size 10485776 @ 0x00000000f9f00000) remset 0 code roots 0 marked 0 reclaim candidate 1 type array 1
[0.880s][debug][gc,humongous      ] GC(45) Humongous region 2 (object size 1048592 @ 0x00000000f0200000) remset 0 code roots 0 marked 0 reclaim candidate 1 type array 1
[0.880s][debug][gc,humongous      ] GC(45) Humongous region 36 (object size 1048592 @ 0x00000000f2400000) remset 0 code roots 0 marked 0 reclaim candidate 1 type array 1
[0.880s][debug][gc,humongous      ] GC(45) Humongous region 16 (object size 1048592 @ 0x00000000f1000000) remset 0 code roots 0 marked 0 reclaim candidate 1 type array 1
[0.880s][debug][gc,humongous      ] GC(45) Humongous region 244 (object size 1048592 @ 0x00000000ff400000) remset 0 code roots 0 marked 0 reclaim candidate 1 type array 1
[0.880s][debug][gc,humongous      ] GC(45) Humongous region 26 (object size 1048592 @ 0x00000000f1a00000) remset 0 code roots 0 marked 0 reclaim candidate 1 type array 1
[0.880s][debug][gc,humongous      ] GC(45) Humongous region 126 (object size 1048592 @ 0x00000000f7e00000) remset 0 code roots 0 marked 0 reclaim candidate 1 type array 1
[0.880s][debug][gc,humongous      ] GC(45) Humongous region 30 (object size 1048592 @ 0x00000000f1e00000) remset 0 code roots 0 marked 0 reclaim candidate 1 type array 1
[0.880s][debug][gc,humongous      ] GC(45) Humongous region 24 (object size 1048592 @ 0x00000000f1800000) remset 0 code roots 0 marked 0 reclaim candidate 1 type array 1
[0.880s][debug][gc,humongous      ] GC(45) Humongous region 32 (object size 1048592 @ 0x00000000f2000000) remset 0 code roots 0 marked 0 reclaim candidate 1 type array 1
[0.880s][debug][gc,humongous      ] GC(45) Humongous region 34 (object size 1048592 @ 0x00000000f2200000) remset 0 code roots 0 marked 0 reclaim candidate 1 type array 1
[0.880s][debug][gc,humongous      ] GC(45) Humongous region 205 (object size 1048592 @ 0x00000000fcd00000) remset 0 code roots 0 marked 0 reclaim candidate 1 type array 1
[0.880s][debug][gc,humongous      ] GC(45) Humongous region 14 (object size 1048592 @ 0x00000000f0e00000) remset 0 code roots 0 marked 0 reclaim candidate 1 type array 1
[0.880s][debug][gc,humongous      ] GC(45) Humongous region 38 (object size 1048592 @ 0x00000000f2600000) remset 0 code roots 0 marked 0 reclaim candidate 1 type array 1
[0.880s][debug][gc,ergo           ] GC(45) Running G1 Merge Heap Roots using 12 workers for 3 regions
[0.880s][debug][gc,remset         ] GC(45) Visited cards 64 Total dirty 4096 (1.56%) Total old 524288 (0.01%)
[0.881s][debug][gc,ref            ] GC(45) Skipped phase 1 of Reference Processing: no references
[0.881s][debug][gc,ref            ] GC(45) Skipped phase 2 of Reference Processing: no references
[0.881s][debug][gc,ref            ] GC(45) Skipped phase 3 of Reference Processing: no references
[0.881s][debug][gc,ref            ] GC(45) Skipped phase 4 of Reference Processing: no references
[0.881s][debug][gc,ergo           ] GC(45) Running G1 Rebuild Free List Task using 12 workers for rebuilding free list of regions
[0.882s][debug][gc,plab           ] GC(45) Young PLAB allocation: allocated: 0B, wasted: 0B, unused: 0B, used: 0B, undo waste: 0B, 
[0.882s][debug][gc,plab           ] GC(45) Young other allocation: region end waste: 0B, regions filled: 1, direct allocated: 852176B, failure used: 0B, failure wasted: 0B
[0.882s][debug][gc,plab           ] GC(45) Young sizing: calculated: 0B, actual: 2064B
[0.882s][debug][gc,plab           ] GC(45) Old PLAB allocation: allocated: 0B, wasted: 0B, unused: 0B, used: 0B, undo waste: 0B, 
[0.882s][debug][gc,plab           ] GC(45) Old other allocation: region end waste: 130144B, regions filled: 3, direct allocated: 1835456B, failure used: 0B, failure wasted: 0B
[0.882s][debug][gc,plab           ] GC(45) Old sizing: calculated: 0B, actual: 2064B
[0.882s][debug][gc,ergo,heap      ] GC(45) Heap expansion: short term pause time ratio 48.60% long term pause time ratio 22.10% threshold 7.69% pause time ratio 7.69% fully expanded true resize by 0B
[0.882s][debug][gc,mmu            ] GC(45) MMU: 11.5ms (50.0ms/51.0ms)
[0.882s][debug][gc,alloc,stats    ] Old generation allocation in the last mutator period, old gen allocated: 0B, humongous allocated: 0B,old gen growth: 0B.
[0.882s][debug][gc,ihop           ] GC(45) Basic information (value update), threshold: 211530275B (78.80), target occupancy: 268435456B, current occupancy: 250447696B, recent allocation size: 0B, recent allocation duration: 3.08ms, recent old gen allocation rate: 0.00B/s, recent marking phase length: 8.59ms
[0.882s][debug][gc,ihop           ] GC(45) Adaptive IHOP information (value update), threshold: 211530275B (92.71), internal target occupancy: 228170137B, occupancy: 250447696B, additional buffer size: 12582912B, predicted old gen allocation rate: 75863953.14B/s, predicted marking phase length: 53.48ms, prediction active: true
[0.882s][debug][gc,ergo,refine    ] GC(45) Concurrent refinement times: Logged Cards Scan time goal: 5.00ms Logged Cards Scan time: 0.00ms HCC time: 0.00ms
[0.882s][debug][gc,ergo,refine    ] GC(45) Updated Refinement Zones: green: 3328, yellow: 9984, red: 16640
[0.882s][info ][gc,phases         ] GC(45)   Pre Evacuate Collection Set: 0.6ms
[0.882s][debug][gc,phases         ] GC(45)     Prepare TLABs: 0.0ms
[0.882s][debug][gc,phases         ] GC(45)     Concatenate Dirty Card Logs: 0.0ms
[0.882s][debug][gc,phases         ] GC(45)     Choose Collection Set: 0.0ms
[0.882s][debug][gc,phases         ] GC(45)     Region Register: 0.6ms
[0.882s][debug][gc,phases         ] GC(45)     Prepare Heap Roots: 0.0ms
[0.882s][debug][gc,phases         ] GC(45)     Clear Claimed Marks: 0.0ms
[0.882s][info ][gc,phases         ] GC(45)   Merge Heap Roots: 0.2ms
[0.882s][debug][gc,phases         ] GC(45)     Prepare Merge Heap Roots: 0.0ms
[0.882s][debug][gc,phases         ] GC(45)     Eager Reclaim (ms):            Min:  0.0, Avg:  0.0, Max:  0.0, Diff:  0.0, Sum:  0.0, Workers: 1
[0.882s][debug][gc,phases         ] GC(45)     Remembered Sets (ms):          Min:  0.0, Avg:  0.0, Max:  0.0, Diff:  0.0, Sum:  0.0, Workers: 12
[0.882s][debug][gc,phases         ] GC(45)       Merged Sparse:                 Min: 0, Avg:  0.0, Max: 0, Diff: 0, Sum: 0, Workers: 12
[0.882s][debug][gc,phases         ] GC(45)       Merged Fine:                   Min: 0, Avg:  0.0, Max: 0, Diff: 0, Sum: 0, Workers: 12
[0.882s][debug][gc,phases         ] GC(45)       Merged Coarse:                 Min: 0, Avg:  0.0, Max: 0, Diff: 0, Sum: 0, Workers: 12
[0.882s][debug][gc,phases         ] GC(45)       Dirty Cards:                   Min: 0, Avg:  0.0, Max: 0, Diff: 0, Sum: 0, Workers: 12
[0.882s][debug][gc,phases         ] GC(45)     Hot Card Cache (ms):           Min:  0.0, Avg:  0.0, Max:  0.0, Diff:  0.0, Sum:  0.0, Workers: 12
[0.882s][debug][gc,phases         ] GC(45)       Dirty Cards:                   Min: 0, Avg:  0.0, Max: 0, Diff: 0, Sum: 0, Workers: 12
[0.882s][debug][gc,phases         ] GC(45)       Skipped Cards:                 Min: 0, Avg:  0.0, Max: 0, Diff: 0, Sum: 0, Workers: 12
[0.882s][debug][gc,phases         ] GC(45)     Log Buffers (ms):              Min:  0.0, Avg:  0.0, Max:  0.0, Diff:  0.0, Sum:  0.0, Workers: 12
[0.882s][debug][gc,phases         ] GC(45)       Dirty Cards:                   Min: 0, Avg:  0.5, Max: 6, Diff: 6, Sum: 6, Workers: 12
[0.882s][debug][gc,phases         ] GC(45)       Skipped Cards:                 Min: 0, Avg:  0.0, Max: 0, Diff: 0, Sum: 0, Workers: 12
[0.882s][info ][gc,phases         ] GC(45)   Evacuate Collection Set: 0.6ms
[0.882s][debug][gc,phases         ] GC(45)     Ext Root Scanning (ms):        Min:  0.0, Avg:  0.0, Max:  0.1, Diff:  0.1, Sum:  0.3, Workers: 12
[0.882s][debug][gc,phases         ] GC(45)     Scan Heap Roots (ms):          Min:  0.0, Avg:  0.0, Max:  0.0, Diff:  0.0, Sum:  0.0, Workers: 12
[0.882s][debug][gc,phases         ] GC(45)       Scanned Cards:                 Min: 0, Avg:  1.2, Max: 13, Diff: 13, Sum: 14, Workers: 12
[0.882s][debug][gc,phases         ] GC(45)       Scanned Blocks:                Min: 0, Avg:  0.5, Max: 5, Diff: 5, Sum: 6, Workers: 12
[0.882s][debug][gc,phases         ] GC(45)       Claimed Chunks:                Min: 0, Avg:  0.2, Max: 1, Diff: 1, Sum: 2, Workers: 12
[0.882s][debug][gc,phases         ] GC(45)     Code Root Scan (ms):           Min:  0.0, Avg:  0.0, Max:  0.0, Diff:  0.0, Sum:  0.0, Workers: 12
[0.882s][debug][gc,phases         ] GC(45)     Object Copy (ms):              Min:  0.0, Avg:  0.1, Max:  0.1, Diff:  0.1, Sum:  0.8, Workers: 12
[0.882s][debug][gc,phases         ] GC(45)     Termination (ms):              Min:  0.1, Avg:  0.2, Max:  0.4, Diff:  0.3, Sum:  3.0, Workers: 12
[0.882s][debug][gc,phases         ] GC(45)       Termination Attempts:          Min: 1, Avg:  1.2, Max: 2, Diff: 1, Sum: 14, Workers: 12
[0.882s][debug][gc,phases         ] GC(45)     GC Worker Other (ms):          Min:  0.0, Avg:  0.0, Max:  0.0, Diff:  0.0, Sum:  0.1, Workers: 12
[0.882s][debug][gc,phases         ] GC(45)     GC Worker Total (ms):          Min:  0.1, Avg:  0.3, Max:  0.5, Diff:  0.4, Sum:  4.1, Workers: 12
[0.882s][info ][gc,phases         ] GC(45)   Post Evacuate Collection Set: 0.5ms
[0.882s][debug][gc,phases         ] GC(45)     Code Roots Fixup: 0.0ms
[0.882s][debug][gc,phases         ] GC(45)     Reference Processing: 0.0ms
[0.882s][debug][gc,phases,ref     ] GC(45)       Reconsider SoftReferences: 0.0ms
[0.882s][debug][gc,phases,ref     ] GC(45)         SoftRef (ms):                  skipped
[0.882s][debug][gc,phases,ref     ] GC(45)       Notify Soft/WeakReferences: 0.0ms
[0.882s][debug][gc,phases,ref     ] GC(45)         SoftRef (ms):                  skipped
[0.882s][debug][gc,phases,ref     ] GC(45)         WeakRef (ms):                  skipped
[0.882s][debug][gc,phases,ref     ] GC(45)         FinalRef (ms):                 skipped
[0.882s][debug][gc,phases,ref     ] GC(45)         Total (ms):                    skipped
[0.882s][debug][gc,phases,ref     ] GC(45)       Notify and keep alive finalizable: 0.0ms
[0.882s][debug][gc,phases,ref     ] GC(45)         FinalRef (ms):                 skipped
[0.882s][debug][gc,phases,ref     ] GC(45)       Notify PhantomReferences: 0.0ms
[0.882s][debug][gc,phases,ref     ] GC(45)         PhantomRef (ms):               skipped
[0.882s][debug][gc,phases,ref     ] GC(45)       SoftReference:
[0.882s][debug][gc,phases,ref     ] GC(45)         Discovered: 0
[0.882s][debug][gc,phases,ref     ] GC(45)         Cleared: 0
[0.882s][debug][gc,phases,ref     ] GC(45)       WeakReference:
[0.882s][debug][gc,phases,ref     ] GC(45)         Discovered: 0
[0.882s][debug][gc,phases,ref     ] GC(45)         Cleared: 0
[0.882s][debug][gc,phases,ref     ] GC(45)       FinalReference:
[0.882s][debug][gc,phases,ref     ] GC(45)         Discovered: 0
[0.882s][debug][gc,phases,ref     ] GC(45)         Cleared: 0
[0.882s][debug][gc,phases,ref     ] GC(45)       PhantomReference:
[0.882s][debug][gc,phases,ref     ] GC(45)         Discovered: 0
[0.882s][debug][gc,phases,ref     ] GC(45)         Cleared: 0
[0.882s][debug][gc,phases         ] GC(45)     Weak Processing: 0.1ms
[0.882s][debug][gc,phases         ] GC(45)       VM Weak                        Min:  0.0, Avg:  0.0, Max:  0.0, Diff:  0.0, Sum:  0.0, Workers: 1
[0.882s][debug][gc,phases         ] GC(45)         Dead                           Min: 0, Avg:  0.0, Max: 0, Diff: 0, Sum: 0, Workers: 1
[0.882s][debug][gc,phases         ] GC(45)         Total                          Min: 4, Avg:  4.0, Max: 4, Diff: 0, Sum: 4, Workers: 1
[0.882s][debug][gc,phases         ] GC(45)       ObjectSynchronizer Weak        Min:  0.0, Avg:  0.0, Max:  0.0, Diff:  0.0, Sum:  0.0, Workers: 1
[0.882s][debug][gc,phases         ] GC(45)         Dead                           Min: 0, Avg:  0.0, Max: 0, Diff: 0, Sum: 0, Workers: 1
[0.882s][debug][gc,phases         ] GC(45)         Total                          Min: 4, Avg:  4.0, Max: 4, Diff: 0, Sum: 4, Workers: 1
[0.882s][debug][gc,phases         ] GC(45)       JVMTI Tag Weak OopStorage      Min:  0.0, Avg:  0.0, Max:  0.0, Diff:  0.0, Sum:  0.0, Workers: 1
[0.882s][debug][gc,phases         ] GC(45)         Dead                           Min: 0, Avg:  0.0, Max: 0, Diff: 0, Sum: 0, Workers: 1
[0.882s][debug][gc,phases         ] GC(45)         Total                          Min: 0, Avg:  0.0, Max: 0, Diff: 0, Sum: 0, Workers: 1
[0.882s][debug][gc,phases         ] GC(45)       StringTable Weak               Min:  0.0, Avg:  0.0, Max:  0.0, Diff:  0.0, Sum:  0.0, Workers: 1
[0.882s][debug][gc,phases         ] GC(45)         Dead                           Min: 0, Avg:  0.0, Max: 0, Diff: 0, Sum: 0, Workers: 1
[0.882s][debug][gc,phases         ] GC(45)         Total                          Min: 39, Avg: 39.0, Max: 39, Diff: 0, Sum: 39, Workers: 1
[0.882s][debug][gc,phases         ] GC(45)       ResolvedMethodTable Weak       Min:  0.0, Avg:  0.0, Max:  0.0, Diff:  0.0, Sum:  0.0, Workers: 1
[0.882s][debug][gc,phases         ] GC(45)         Dead                           Min: 0, Avg:  0.0, Max: 0, Diff: 0, Sum: 0, Workers: 1
[0.882s][debug][gc,phases         ] GC(45)         Total                          Min: 22, Avg: 22.0, Max: 22, Diff: 0, Sum: 22, Workers: 1
[0.882s][debug][gc,phases         ] GC(45)       JNI Weak                       Min:  0.0, Avg:  0.0, Max:  0.0, Diff:  0.0, Sum:  0.0, Workers: 1
[0.882s][debug][gc,phases         ] GC(45)         Dead                           Min: 0, Avg:  0.0, Max: 0, Diff: 0, Sum: 0, Workers: 1
[0.882s][debug][gc,phases         ] GC(45)         Total                          Min: 0, Avg:  0.0, Max: 0, Diff: 0, Sum: 0, Workers: 1
[0.882s][debug][gc,phases         ] GC(45)       StringDedup Table Weak         Min:  0.0, Avg:  0.0, Max:  0.0, Diff:  0.0, Sum:  0.0, Workers: 1
[0.882s][debug][gc,phases         ] GC(45)         Dead                           Min: 0, Avg:  0.0, Max: 0, Diff: 0, Sum: 0, Workers: 1
[0.882s][debug][gc,phases         ] GC(45)         Total                          Min: 0, Avg:  0.0, Max: 0, Diff: 0, Sum: 0, Workers: 1
[0.882s][debug][gc,phases         ] GC(45)       StringDedup Requests0 Weak     Min:  0.0, Avg:  0.0, Max:  0.0, Diff:  0.0, Sum:  0.0, Workers: 1
[0.882s][debug][gc,phases         ] GC(45)         Dead                           Min: 0, Avg:  0.0, Max: 0, Diff: 0, Sum: 0, Workers: 1
[0.882s][debug][gc,phases         ] GC(45)         Total                          Min: 0, Avg:  0.0, Max: 0, Diff: 0, Sum: 0, Workers: 1
[0.882s][debug][gc,phases         ] GC(45)       StringDedup Requests1 Weak     Min:  0.0, Avg:  0.0, Max:  0.0, Diff:  0.0, Sum:  0.0, Workers: 1
[0.882s][debug][gc,phases         ] GC(45)         Dead                           Min: 0, Avg:  0.0, Max: 0, Diff: 0, Sum: 0, Workers: 1
[0.882s][debug][gc,phases         ] GC(45)         Total                          Min: 0, Avg:  0.0, Max: 0, Diff: 0, Sum: 0, Workers: 1
[0.882s][debug][gc,phases         ] GC(45)       Weak JFR Old Object Samples    Min:  0.0, Avg:  0.0, Max:  0.0, Diff:  0.0, Sum:  0.0, Workers: 1
[0.882s][debug][gc,phases         ] GC(45)         Dead                           Min: 0, Avg:  0.0, Max: 0, Diff: 0, Sum: 0, Workers: 1
[0.882s][debug][gc,phases         ] GC(45)         Total                          Min: 0, Avg:  0.0, Max: 0, Diff: 0, Sum: 0, Workers: 1
[0.882s][debug][gc,phases         ] GC(45)     Post Evacuate Cleanup 1: 0.1ms
[0.882s][debug][gc,phases         ] GC(45)       Merge Per-Thread State (ms):   Min:  0.0, Avg:  0.0, Max:  0.0, Diff:  0.0, Sum:  0.0, Workers: 1
[0.882s][debug][gc,phases         ] GC(45)         Copied Bytes                   Min: 0, Avg: 223969.3, Max: 524416, Diff: 524416, Sum: 2687632, Workers: 12
[0.882s][debug][gc,phases         ] GC(45)         LAB Waste                      Min: 0, Avg:  0.0, Max: 0, Diff: 0, Sum: 0, Workers: 12
[0.882s][debug][gc,phases         ] GC(45)         LAB Undo Waste                 Min: 0, Avg:  0.0, Max: 0, Diff: 0, Sum: 0, Workers: 12
[0.882s][debug][gc,phases         ] GC(45)       Clear Logged Cards (ms):       Min:  0.0, Avg:  0.0, Max:  0.0, Diff:  0.0, Sum:  0.0, Workers: 3
[0.882s][debug][gc,phases         ] GC(45)       Recalculate Used Memory (ms):  Min:  0.0, Avg:  0.0, Max:  0.0, Diff:  0.0, Sum:  0.0, Workers: 1
[0.882s][debug][gc,phases         ] GC(45)     Post Evacuate Cleanup 2: 0.2ms
[0.882s][debug][gc,phases         ] GC(45)       Reset Hot Card Cache (ms):     Min:  0.0, Avg:  0.0, Max:  0.0, Diff:  0.0, Sum:  0.0, Workers: 1
[0.882s][debug][gc,phases         ] GC(45)       Purge Code Roots (ms):         Min:  0.0, Avg:  0.0, Max:  0.0, Diff:  0.0, Sum:  0.0, Workers: 1
[0.882s][debug][gc,phases         ] GC(45)       Update Derived Pointers (ms):  Min:  0.0, Avg:  0.0, Max:  0.0, Diff:  0.0, Sum:  0.0, Workers: 1
[0.882s][debug][gc,phases         ] GC(45)       Eagerly Reclaim Humongous Objects (ms): Min:  0.0, Avg:  0.0, Max:  0.0, Diff:  0.0, Sum:  0.0, Workers: 1
[0.882s][debug][gc,phases         ] GC(45)         Humongous Total                Min: 32, Avg: 32.0, Max: 32, Diff: 0, Sum: 32, Workers: 1
[0.882s][debug][gc,phases         ] GC(45)         Humongous Candidates           Min: 32, Avg: 32.0, Max: 32, Diff: 0, Sum: 32, Workers: 1
[0.882s][debug][gc,phases         ] GC(45)         Humongous Reclaimed            Min: 0, Avg:  0.0, Max: 0, Diff: 0, Sum: 0, Workers: 1
[0.882s][debug][gc,phases         ] GC(45)       Redirty Logged Cards (ms):     Min:  0.0, Avg:  0.0, Max:  0.0, Diff:  0.0, Sum:  0.0, Workers: 12
[0.882s][debug][gc,phases         ] GC(45)         Redirtied Cards:               Min: 0, Avg:  1.4, Max: 17, Diff: 17, Sum: 17, Workers: 12
[0.882s][debug][gc,phases         ] GC(45)       Free Collection Set (ms):      Min:  0.0, Avg:  0.0, Max:  0.0, Diff:  0.0, Sum:  0.0, Workers: 12
[0.882s][debug][gc,phases         ] GC(45)     Rebuild Free List: 0.2ms
[0.882s][debug][gc,phases         ] GC(45)     Start New Collection Set: 0.0ms
[0.882s][debug][gc,phases         ] GC(45)     Resize TLABs: 0.0ms
[0.882s][debug][gc,phases         ] GC(45)     Expand Heap After Collection: 0.0ms
[0.882s][info ][gc,phases         ] GC(45)   Other: 0.3ms
[0.882s][info ][gc,heap           ] GC(45) Eden regions: 1->0(11)
[0.882s][info ][gc,heap           ] GC(45) Survivor regions: 2->1(2)
[0.882s][info ][gc,heap           ] GC(45) Old regions: 157->159
[0.882s][info ][gc,heap           ] GC(45) Archive regions: 2->2
[0.882s][info ][gc,heap           ] GC(45) Humongous regions: 91->91
[0.882s][info ][gc,metaspace      ] GC(45) Metaspace: 136K(320K)->136K(320K) NonClass: 131K(192K)->131K(192K) Class: 5K(128K)->5K(128K)
[0.882s][debug][gc,heap           ] GC(45) Heap after GC invocations=44 (full 3):
[0.882s][debug][gc,heap           ] GC(45)  garbage-first heap   total 262144K, used 244577K [0x00000000f0000000, 0x0000000100000000)
[0.882s][debug][gc,heap           ] GC(45)   region size 1024K, 1 young (1024K), 1 survivors (1024K)
[0.882s][debug][gc,heap           ] GC(45)  Metaspace       used 136K, committed 320K, reserved 1114112K
[0.882s][debug][gc,heap           ] GC(45)   class space    used 5K, committed 128K, reserved 1048576K
[0.882s][info ][gc                ] GC(45) Pause Young (Concurrent Start) (G1 Preventive Collection) 238M->238M(256M) 2.768ms
[0.882s][info ][gc,cpu            ] GC(45) User=0.00s Sys=0.01s Real=0.00s
[0.882s][info ][gc                ] GC(46) Concurrent Mark Cycle
[0.882s][info ][gc,marking        ] GC(46) Concurrent Clear Claimed Marks
[0.882s][info ][gc,marking        ] GC(46) Concurrent Clear Claimed Marks 0.007ms
[0.882s][info ][gc,marking        ] GC(46) Concurrent Scan Root Regions
[0.882s][debug][gc,ergo           ] GC(46) Running G1 Root Region Scan using 3 workers for 4 work units.
[0.882s][info ][gc,marking        ] GC(46) Concurrent Scan Root Regions 0.041ms
[0.882s][info ][gc,marking        ] GC(46) Concurrent Mark
[0.882s][info ][gc,marking        ] GC(46) Concurrent Mark From Roots
[0.882s][info ][gc,task           ] GC(46) Using 3 workers of 3 for marking
[0.884s][debug][gc,stats          ] ---------------------------------------------------------------------
[0.884s][debug][gc,stats          ] Marking Stats, task = 0, calls = 1
[0.885s][debug][gc,stats          ]   Elapsed time = 1.93ms, Termination time = 0.00ms
[0.885s][debug][gc,stats          ]   Step Times (cum): num = 509, avg = 0.02ms, sd = 0.11ms max = 1.18ms, total = 8.72ms
[0.885s][debug][gc,stats          ]   Mark Stats Cache: hits 12467 misses 0 ratio 100.000
[0.885s][debug][gc,stats          ] ---------------------------------------------------------------------
[0.885s][debug][gc,stats          ] Marking Stats, task = 1, calls = 6
[0.885s][debug][gc,stats          ]   Elapsed time = 1.92ms, Termination time = 1.46ms
[0.885s][debug][gc,stats          ]   Step Times (cum): num = 61, avg = 0.16ms, sd = 0.35ms max = 1.46ms, total = 10.02ms
[0.885s][debug][gc,stats          ]   Mark Stats Cache: hits 6341 misses 0 ratio 100.000
[0.885s][debug][gc,stats          ] ---------------------------------------------------------------------
[0.885s][debug][gc,stats          ] Marking Stats, task = 2, calls = 5
[0.885s][debug][gc,stats          ]   Elapsed time = 1.91ms, Termination time = 1.29ms
[0.885s][debug][gc,stats          ]   Step Times (cum): num = 41, avg = 0.13ms, sd = 0.30ms max = 1.29ms, total = 5.37ms
[0.885s][debug][gc,stats          ]   Mark Stats Cache: hits 6660 misses 0 ratio 100.000
[0.885s][debug][gc,stats          ] ---------------------------------------------------------------------
[0.885s][info ][gc,marking        ] GC(46) Concurrent Mark From Roots 2.145ms
[0.885s][info ][gc,marking        ] GC(46) Concurrent Preclean
[0.885s][debug][gc,ref,start      ] GC(46) Preclean SoftReferences
[0.885s][debug][gc,ergo,cset      ] Preventive GC, insufficient free regions. Predicted need 3. Curr Eden 1 (Pred 2). Curr Survivor 1 (Pred 1). Curr Old 159 (Pred 0) Free 2 Alloc 1
[0.885s][debug][gc,ref            ] GC(46) Preclean SoftReferences 0.059ms
[0.885s][debug][gc,ref,start      ] GC(46) Preclean WeakReferences
[0.885s][debug][gc,ref            ] GC(46) Preclean WeakReferences 0.055ms
[0.885s][debug][gc,ref,start      ] GC(46) Preclean FinalReferences
[0.885s][debug][gc,ref            ] GC(46) Preclean FinalReferences 0.053ms
[0.885s][debug][gc,ref,start      ] GC(46) Preclean PhantomReferences
[0.885s][debug][gc,heap           ] GC(47) Heap before GC invocations=44 (full 3):
[0.885s][debug][gc,heap           ] GC(47)  garbage-first heap   total 262144K, used 244577K [0x00000000f0000000, 0x0000000100000000)
[0.885s][debug][gc,heap           ] GC(47)   region size 1024K, 2 young (2048K), 1 survivors (1024K)
[0.885s][debug][gc,heap           ] GC(47)  Metaspace       used 136K, committed 320K, reserved 1114112K
[0.885s][debug][gc,heap           ] GC(47)   class space    used 5K, committed 128K, reserved 1048576K
[0.885s][info ][gc,start          ] GC(47) Pause Young (Normal) (G1 Preventive Collection)
[0.885s][info ][gc,task           ] GC(47) Using 12 workers of 13 for evacuation
[0.885s][debug][gc,tlab           ] GC(47) TLAB totals: thrds: 5  refills: 5 max: 1 slow allocs: 6 max 2 waste: 39.4% gc: 213096B max: 43104B slow: 0B max: 0B
[0.885s][debug][gc,age            ] GC(47) Desired survivor size 1048576 bytes, new threshold 15 (max threshold 15)
[0.885s][debug][gc,refine,stats   ] GC(47) Mutator refinement: 0.00ms, refined: 0, precleaned: 0, dirtied: 8
[0.885s][debug][gc,refine,stats   ] GC(47) Concurrent refinement: 0.00ms, refined: 0, precleaned: 0, dirtied: 0
[0.885s][debug][gc,refine,stats   ] GC(47) Total refinement: 0.00ms, refined: 0, precleaned: 0, dirtied: 8
[0.885s][debug][gc,refine,stats   ] GC(47) Generate dirty cards rate: 2.39 cards/ms
[0.885s][debug][gc,alloc,region   ] GC(47) Mutator Allocation stats, regions: 1, wasted size: 0B ( 0.0%)
[0.885s][debug][gc,humongous      ] GC(47) Humongous region 22 (object size 1048592 @ 0x00000000f1600000) remset 0 code roots 0 marked 1 reclaim candidate 1 type array 1
[0.885s][debug][gc,humongous      ] GC(47) Humongous region 42 (object size 1048592 @ 0x00000000f2a00000) remset 0 code roots 0 marked 1 reclaim candidate 1 type array 1
[0.885s][debug][gc,humongous      ] GC(47) Humongous region 0 (object size 1048592 @ 0x00000000f0000000) remset 0 code roots 0 marked 1 reclaim candidate 1 type array 1
[0.885s][debug][gc,humongous      ] GC(47) Humongous region 60 (object size 1048592 @ 0x00000000f3c00000) remset 0 code roots 0 marked 1 reclaim candidate 1 type array 1
[0.885s][debug][gc,humongous      ] GC(47) Humongous region 159 (object size 10485776 @ 0x00000000f9f00000) remset 0 code roots 0 marked 1 reclaim candidate 1 type array 1
[0.885s][debug][gc,humongous      ] GC(47) Humongous region 83 (object size 1048592 @ 0x00000000f5300000) remset 0 code roots 0 marked 1 reclaim candidate 1 type array 1
[0.885s][debug][gc,humongous      ] GC(47) Humongous region 205 (object size 1048592 @ 0x00000000fcd00000) remset 0 code roots 0 marked 1 reclaim candidate 1 type array 1
[0.885s][debug][gc,humongous      ] GC(47) Humongous region 216 (object size 10485776 @ 0x00000000fd800000) remset 0 code roots 0 marked 1 reclaim candidate 1 type array 1
[0.885s][debug][gc,humongous      ] GC(47) Humongous region 126 (object size 1048592 @ 0x00000000f7e00000) remset 0 code roots 0 marked 1 reclaim candidate 1 type array 1
[0.885s][debug][gc,humongous      ] GC(47) Humongous region 85 (object size 10485776 @ 0x00000000f5500000) remset 0 code roots 0 marked 1 reclaim candidate 1 type array 1
[0.885s][debug][gc,humongous      ] GC(47) Humongous region 12 (object size 1048592 @ 0x00000000f0c00000) remset 0 code roots 0 marked 1 reclaim candidate 1 type array 1
[0.885s][debug][gc,humongous      ] GC(47) Humongous region 64 (object size 1048592 @ 0x00000000f4000000) remset 0 code roots 0 marked 1 reclaim candidate 1 type array 1
[0.885s][debug][gc,humongous      ] GC(47) Humongous region 14 (object size 1048592 @ 0x00000000f0e00000) remset 0 code roots 0 marked 1 reclaim candidate 1 type array 1
[0.885s][debug][gc,humongous      ] GC(47) Humongous region 203 (object size 1048592 @ 0x00000000fcb00000) remset 0 code roots 0 marked 1 reclaim candidate 1 type array 1
[0.885s][debug][gc,humongous      ] GC(47) Humongous region 20 (object size 1048592 @ 0x00000000f1400000) remset 0 code roots 0 marked 1 reclaim candidate 1 type array 1
[0.885s][debug][gc,humongous      ] GC(47) Humongous region 238 (object size 1048592 @ 0x00000000fee00000) remset 0 code roots 0 marked 1 reclaim candidate 1 type array 1
[0.885s][debug][gc,humongous      ] GC(47) Humongous region 4 (object size 1048592 @ 0x00000000f0400000) remset 0 code roots 0 marked 1 reclaim candidate 1 type array 1
[0.885s][debug][gc,humongous      ] GC(47) Humongous region 30 (object size 1048592 @ 0x00000000f1e00000) remset 0 code roots 0 marked 1 reclaim candidate 1 type array 1
[0.885s][debug][gc,humongous      ] GC(47) Humongous region 32 (object size 1048592 @ 0x00000000f2000000) remset 0 code roots 0 marked 1 reclaim candidate 1 type array 1
[0.885s][debug][gc,humongous      ] GC(47) Humongous region 8 (object size 1048592 @ 0x00000000f0800000) remset 0 code roots 0 marked 1 reclaim candidate 1 type array 1
[0.885s][debug][gc,humongous      ] GC(47) Humongous region 36 (object size 1048592 @ 0x00000000f2400000) remset 0 code roots 0 marked 1 reclaim candidate 1 type array 1
[0.885s][debug][gc,humongous      ] GC(47) Humongous region 16 (object size 1048592 @ 0x00000000f1000000) remset 0 code roots 0 marked 1 reclaim candidate 1 type array 1
[0.885s][debug][gc,humongous      ] GC(47) Humongous region 18 (object size 1048592 @ 0x00000000f1200000) remset 0 code roots 0 marked 1 reclaim candidate 1 type array 1
[0.885s][debug][gc,humongous      ] GC(47) Humongous region 244 (object size 1048592 @ 0x00000000ff400000) remset 0 code roots 0 marked 1 reclaim candidate 1 type array 1
[0.885s][debug][gc,humongous      ] GC(47) Humongous region 26 (object size 1048592 @ 0x00000000f1a00000) remset 0 code roots 0 marked 1 reclaim candidate 1 type array 1
[0.885s][debug][gc,humongous      ] GC(47) Humongous region 28 (object size 1048592 @ 0x00000000f1c00000) remset 0 code roots 0 marked 1 reclaim candidate 1 type array 1
[0.885s][debug][gc,humongous      ] GC(47) Humongous region 6 (object size 1048592 @ 0x00000000f0600000) remset 0 code roots 0 marked 1 reclaim candidate 1 type array 1
[0.885s][debug][gc,humongous      ] GC(47) Humongous region 2 (object size 1048592 @ 0x00000000f0200000) remset 0 code roots 0 marked 1 reclaim candidate 1 type array 1
[0.885s][debug][gc,humongous      ] GC(47) Humongous region 34 (object size 1048592 @ 0x00000000f2200000) remset 0 code roots 0 marked 1 reclaim candidate 1 type array 1
[0.885s][debug][gc,humongous      ] GC(47) Humongous region 10 (object size 1048592 @ 0x00000000f0a00000) remset 0 code roots 0 marked 1 reclaim candidate 1 type array 1
[0.885s][debug][gc,humongous      ] GC(47) Humongous region 24 (object size 1048592 @ 0x00000000f1800000) remset 0 code roots 0 marked 1 reclaim candidate 1 type array 1
[0.885s][debug][gc,humongous      ] GC(47) Humongous region 38 (object size 1048592 @ 0x00000000f2600000) remset 0 code roots 0 marked 1 reclaim candidate 1 type array 1
[0.886s][debug][gc,ergo           ] GC(47) Running G1 Merge Heap Roots using 12 workers for 2 regions
[0.886s][debug][gc,remset         ] GC(47) Visited cards 128 Total dirty 4096 (3.12%) Total old 524288 (0.02%)
[0.886s][debug][gc,ref            ] GC(47) Skipped phase 1 of Reference Processing: no references
[0.886s][debug][gc,ref            ] GC(47) Skipped phase 2 of Reference Processing: no references
[0.886s][debug][gc,ref            ] GC(47) Skipped phase 3 of Reference Processing: no references
[0.886s][debug][gc,ref            ] GC(47) Skipped phase 4 of Reference Processing: no references
[0.887s][debug][gc,ergo           ] GC(47) Running G1 Rebuild Free List Task using 12 workers for rebuilding free list of regions
[0.887s][debug][gc,plab           ] GC(47) Young PLAB allocation: allocated: 0B, wasted: 0B, unused: 0B, used: 0B, undo waste: 0B, 
[0.887s][debug][gc,plab           ] GC(47) Young other allocation: region end waste: 65296B, regions filled: 2, direct allocated: 1638800B, failure used: 0B, failure wasted: 0B
[0.887s][debug][gc,plab           ] GC(47) Young sizing: calculated: 0B, actual: 2064B
[0.887s][debug][gc,plab           ] GC(47) Old PLAB allocation: allocated: 0B, wasted: 0B, unused: 0B, used: 0B, undo waste: 0B, 
[0.887s][debug][gc,plab           ] GC(47) Old other allocation: region end waste: 0B, regions filled: 1, direct allocated: 0B, failure used: 0B, failure wasted: 0B
[0.887s][debug][gc,plab           ] GC(47) Old sizing: calculated: 0B, actual: 2064B
[0.887s][debug][gc,ergo,heap      ] GC(47) Heap expansion: short term pause time ratio 39.47% long term pause time ratio 21.28% threshold 7.69% pause time ratio 7.69% fully expanded true resize by 0B
[0.887s][debug][gc,mmu            ] GC(47) MMU: 11.6ms (50.0ms/51.0ms)
[0.887s][debug][gc,alloc,stats    ] Old generation allocation in the last mutator period, old gen allocated: 0B, humongous allocated: 0B,old gen growth: 0B.
[0.887s][debug][gc,ihop           ] GC(47) Basic information (value update), threshold: 211669605B (78.85), target occupancy: 268435456B, current occupancy: 251299616B, recent allocation size: 0B, recent allocation duration: 3.34ms, recent old gen allocation rate: 0.00B/s, recent marking phase length: 8.59ms
[0.887s][debug][gc,ihop           ] GC(47) Adaptive IHOP information (value update), threshold: 211669605B (92.77), internal target occupancy: 228170137B, occupancy: 251299616B, additional buffer size: 12582912B, predicted old gen allocation rate: 73258530.49B/s, predicted marking phase length: 53.48ms, prediction active: true
[0.887s][debug][gc,ergo,refine    ] GC(47) Concurrent refinement times: Logged Cards Scan time goal: 5.00ms Logged Cards Scan time: 0.00ms HCC time: 0.00ms
[0.887s][debug][gc,ergo,refine    ] GC(47) Updated Refinement Zones: green: 3328, yellow: 9984, red: 16640
[0.887s][info ][gc,phases         ] GC(47)   Pre Evacuate Collection Set: 0.7ms
[0.887s][debug][gc,phases         ] GC(47)     Prepare TLABs: 0.0ms
[0.887s][debug][gc,phases         ] GC(47)     Concatenate Dirty Card Logs: 0.0ms
[0.887s][debug][gc,phases         ] GC(47)     Choose Collection Set: 0.0ms
[0.887s][debug][gc,phases         ] GC(47)     Region Register: 0.6ms
[0.887s][debug][gc,phases         ] GC(47)     Prepare Heap Roots: 0.0ms
[0.887s][info ][gc,phases         ] GC(47)   Merge Heap Roots: 0.2ms
[0.887s][debug][gc,phases         ] GC(47)     Prepare Merge Heap Roots: 0.0ms
[0.887s][debug][gc,phases         ] GC(47)     Eager Reclaim (ms):            Min:  0.0, Avg:  0.0, Max:  0.0, Diff:  0.0, Sum:  0.0, Workers: 1
[0.887s][debug][gc,phases         ] GC(47)     Remembered Sets (ms):          Min:  0.0, Avg:  0.0, Max:  0.0, Diff:  0.0, Sum:  0.0, Workers: 12
[0.887s][debug][gc,phases         ] GC(47)       Merged Sparse:                 Min: 0, Avg:  0.0, Max: 0, Diff: 0, Sum: 0, Workers: 12
[0.887s][debug][gc,phases         ] GC(47)       Merged Fine:                   Min: 0, Avg:  0.0, Max: 0, Diff: 0, Sum: 0, Workers: 12
[0.887s][debug][gc,phases         ] GC(47)       Merged Coarse:                 Min: 0, Avg:  0.0, Max: 0, Diff: 0, Sum: 0, Workers: 12
[0.887s][debug][gc,phases         ] GC(47)       Dirty Cards:                   Min: 0, Avg:  0.0, Max: 0, Diff: 0, Sum: 0, Workers: 12
[0.887s][debug][gc,phases         ] GC(47)     Hot Card Cache (ms):           Min:  0.0, Avg:  0.0, Max:  0.0, Diff:  0.0, Sum:  0.0, Workers: 12
[0.887s][debug][gc,phases         ] GC(47)       Dirty Cards:                   Min: 0, Avg:  0.0, Max: 0, Diff: 0, Sum: 0, Workers: 12
[0.887s][debug][gc,phases         ] GC(47)       Skipped Cards:                 Min: 0, Avg:  0.0, Max: 0, Diff: 0, Sum: 0, Workers: 12
[0.887s][debug][gc,phases         ] GC(47)     Log Buffers (ms):              Min:  0.0, Avg:  0.0, Max:  0.0, Diff:  0.0, Sum:  0.0, Workers: 12
[0.887s][debug][gc,phases         ] GC(47)       Dirty Cards:                   Min: 0, Avg:  0.8, Max: 8, Diff: 8, Sum: 9, Workers: 12
[0.887s][debug][gc,phases         ] GC(47)       Skipped Cards:                 Min: 0, Avg:  0.0, Max: 0, Diff: 0, Sum: 0, Workers: 12
[0.887s][info ][gc,phases         ] GC(47)   Evacuate Collection Set: 0.4ms
[0.887s][debug][gc,phases         ] GC(47)     Ext Root Scanning (ms):        Min:  0.0, Avg:  0.0, Max:  0.0, Diff:  0.0, Sum:  0.2, Workers: 12
[0.887s][debug][gc,phases         ] GC(47)     Scan Heap Roots (ms):          Min:  0.0, Avg:  0.0, Max:  0.0, Diff:  0.0, Sum:  0.0, Workers: 12
[0.887s][debug][gc,phases         ] GC(47)       Scanned Cards:                 Min: 0, Avg:  1.8, Max: 17, Diff: 17, Sum: 22, Workers: 12
[0.887s][debug][gc,phases         ] GC(47)       Scanned Blocks:                Min: 0, Avg:  0.4, Max: 2, Diff: 2, Sum: 5, Workers: 12
[0.887s][debug][gc,phases         ] GC(47)       Claimed Chunks:                Min: 0, Avg:  0.3, Max: 1, Diff: 1, Sum: 4, Workers: 12
[0.887s][debug][gc,phases         ] GC(47)     Code Root Scan (ms):           Min:  0.0, Avg:  0.0, Max:  0.0, Diff:  0.0, Sum:  0.0, Workers: 12
[0.887s][debug][gc,phases         ] GC(47)     Object Copy (ms):              Min:  0.0, Avg:  0.0, Max:  0.1, Diff:  0.1, Sum:  0.3, Workers: 12
[0.887s][debug][gc,phases         ] GC(47)     Termination (ms):              Min:  0.1, Avg:  0.2, Max:  0.3, Diff:  0.2, Sum:  2.7, Workers: 12
[0.887s][debug][gc,phases         ] GC(47)       Termination Attempts:          Min: 1, Avg:  1.3, Max: 2, Diff: 1, Sum: 16, Workers: 12
[0.887s][debug][gc,phases         ] GC(47)     GC Worker Other (ms):          Min:  0.0, Avg:  0.0, Max:  0.0, Diff:  0.0, Sum:  0.1, Workers: 12
[0.887s][debug][gc,phases         ] GC(47)     GC Worker Total (ms):          Min:  0.1, Avg:  0.3, Max:  0.4, Diff:  0.2, Sum:  3.2, Workers: 12
[0.887s][info ][gc,phases         ] GC(47)   Post Evacuate Collection Set: 0.5ms
[0.887s][debug][gc,phases         ] GC(47)     Code Roots Fixup: 0.0ms
[0.887s][debug][gc,phases         ] GC(47)     Reference Processing: 0.0ms
[0.887s][debug][gc,phases,ref     ] GC(47)       Reconsider SoftReferences: 0.0ms
[0.887s][debug][gc,phases,ref     ] GC(47)         SoftRef (ms):                  skipped
[0.887s][debug][gc,phases,ref     ] GC(47)       Notify Soft/WeakReferences: 0.0ms
[0.887s][debug][gc,phases,ref     ] GC(47)         SoftRef (ms):                  skipped
[0.887s][debug][gc,phases,ref     ] GC(47)         WeakRef (ms):                  skipped
[0.887s][debug][gc,phases,ref     ] GC(47)         FinalRef (ms):                 skipped
[0.887s][debug][gc,phases,ref     ] GC(47)         Total (ms):                    skipped
[0.887s][debug][gc,phases,ref     ] GC(47)       Notify and keep alive finalizable: 0.0ms
[0.887s][debug][gc,phases,ref     ] GC(47)         FinalRef (ms):                 skipped
[0.887s][debug][gc,phases,ref     ] GC(47)       Notify PhantomReferences: 0.0ms
[0.887s][debug][gc,phases,ref     ] GC(47)         PhantomRef (ms):               skipped
[0.887s][debug][gc,phases,ref     ] GC(47)       SoftReference:
[0.887s][debug][gc,phases,ref     ] GC(47)         Discovered: 0
[0.887s][debug][gc,phases,ref     ] GC(47)         Cleared: 0
[0.887s][debug][gc,phases,ref     ] GC(47)       WeakReference:
[0.887s][debug][gc,phases,ref     ] GC(47)         Discovered: 0
[0.887s][debug][gc,phases,ref     ] GC(47)         Cleared: 0
[0.887s][debug][gc,phases,ref     ] GC(47)       FinalReference:
[0.887s][debug][gc,phases,ref     ] GC(47)         Discovered: 0
[0.887s][debug][gc,phases,ref     ] GC(47)         Cleared: 0
[0.887s][debug][gc,phases,ref     ] GC(47)       PhantomReference:
[0.887s][debug][gc,phases,ref     ] GC(47)         Discovered: 0
[0.887s][debug][gc,phases,ref     ] GC(47)         Cleared: 0
[0.887s][debug][gc,phases         ] GC(47)     Weak Processing: 0.1ms
[0.887s][debug][gc,phases         ] GC(47)       VM Weak                        Min:  0.0, Avg:  0.0, Max:  0.0, Diff:  0.0, Sum:  0.0, Workers: 1
[0.887s][debug][gc,phases         ] GC(47)         Dead                           Min: 0, Avg:  0.0, Max: 0, Diff: 0, Sum: 0, Workers: 1
[0.887s][debug][gc,phases         ] GC(47)         Total                          Min: 4, Avg:  4.0, Max: 4, Diff: 0, Sum: 4, Workers: 1
[0.887s][debug][gc,phases         ] GC(47)       ObjectSynchronizer Weak        Min:  0.0, Avg:  0.0, Max:  0.0, Diff:  0.0, Sum:  0.0, Workers: 1
[0.887s][debug][gc,phases         ] GC(47)         Dead                           Min: 0, Avg:  0.0, Max: 0, Diff: 0, Sum: 0, Workers: 1
[0.887s][debug][gc,phases         ] GC(47)         Total                          Min: 4, Avg:  4.0, Max: 4, Diff: 0, Sum: 4, Workers: 1
[0.887s][debug][gc,phases         ] GC(47)       JVMTI Tag Weak OopStorage      Min:  0.0, Avg:  0.0, Max:  0.0, Diff:  0.0, Sum:  0.0, Workers: 1
[0.887s][debug][gc,phases         ] GC(47)         Dead                           Min: 0, Avg:  0.0, Max: 0, Diff: 0, Sum: 0, Workers: 1
[0.887s][debug][gc,phases         ] GC(47)         Total                          Min: 0, Avg:  0.0, Max: 0, Diff: 0, Sum: 0, Workers: 1
[0.887s][debug][gc,phases         ] GC(47)       StringTable Weak               Min:  0.0, Avg:  0.0, Max:  0.0, Diff:  0.0, Sum:  0.0, Workers: 1
[0.887s][debug][gc,phases         ] GC(47)         Dead                           Min: 0, Avg:  0.0, Max: 0, Diff: 0, Sum: 0, Workers: 1
[0.887s][debug][gc,phases         ] GC(47)         Total                          Min: 39, Avg: 39.0, Max: 39, Diff: 0, Sum: 39, Workers: 1
[0.887s][debug][gc,phases         ] GC(47)       ResolvedMethodTable Weak       Min:  0.0, Avg:  0.0, Max:  0.0, Diff:  0.0, Sum:  0.0, Workers: 1
[0.887s][debug][gc,phases         ] GC(47)         Dead                           Min: 0, Avg:  0.0, Max: 0, Diff: 0, Sum: 0, Workers: 1
[0.887s][debug][gc,phases         ] GC(47)         Total                          Min: 22, Avg: 22.0, Max: 22, Diff: 0, Sum: 22, Workers: 1
[0.887s][debug][gc,phases         ] GC(47)       JNI Weak                       Min:  0.0, Avg:  0.0, Max:  0.0, Diff:  0.0, Sum:  0.0, Workers: 1
[0.887s][debug][gc,phases         ] GC(47)         Dead                           Min: 0, Avg:  0.0, Max: 0, Diff: 0, Sum: 0, Workers: 1
[0.887s][debug][gc,phases         ] GC(47)         Total                          Min: 0, Avg:  0.0, Max: 0, Diff: 0, Sum: 0, Workers: 1
[0.887s][debug][gc,phases         ] GC(47)       StringDedup Table Weak         Min:  0.0, Avg:  0.0, Max:  0.0, Diff:  0.0, Sum:  0.0, Workers: 1
[0.887s][debug][gc,phases         ] GC(47)         Dead                           Min: 0, Avg:  0.0, Max: 0, Diff: 0, Sum: 0, Workers: 1
[0.887s][debug][gc,phases         ] GC(47)         Total                          Min: 0, Avg:  0.0, Max: 0, Diff: 0, Sum: 0, Workers: 1
[0.887s][debug][gc,phases         ] GC(47)       StringDedup Requests0 Weak     Min:  0.0, Avg:  0.0, Max:  0.0, Diff:  0.0, Sum:  0.0, Workers: 1
[0.887s][debug][gc,phases         ] GC(47)         Dead                           Min: 0, Avg:  0.0, Max: 0, Diff: 0, Sum: 0, Workers: 1
[0.887s][debug][gc,phases         ] GC(47)         Total                          Min: 0, Avg:  0.0, Max: 0, Diff: 0, Sum: 0, Workers: 1
[0.887s][debug][gc,phases         ] GC(47)       StringDedup Requests1 Weak     Min:  0.0, Avg:  0.0, Max:  0.0, Diff:  0.0, Sum:  0.0, Workers: 1
[0.887s][debug][gc,phases         ] GC(47)         Dead                           Min: 0, Avg:  0.0, Max: 0, Diff: 0, Sum: 0, Workers: 1
[0.887s][debug][gc,phases         ] GC(47)         Total                          Min: 0, Avg:  0.0, Max: 0, Diff: 0, Sum: 0, Workers: 1
[0.887s][debug][gc,phases         ] GC(47)       Weak JFR Old Object Samples    Min:  0.0, Avg:  0.0, Max:  0.0, Diff:  0.0, Sum:  0.0, Workers: 1
[0.887s][debug][gc,phases         ] GC(47)         Dead                           Min: 0, Avg:  0.0, Max: 0, Diff: 0, Sum: 0, Workers: 1
[0.887s][debug][gc,phases         ] GC(47)         Total                          Min: 0, Avg:  0.0, Max: 0, Diff: 0, Sum: 0, Workers: 1
[0.887s][debug][gc,phases         ] GC(47)     Post Evacuate Cleanup 1: 0.1ms
[0.887s][debug][gc,phases         ] GC(47)       Merge Per-Thread State (ms):   Min:  0.0, Avg:  0.0, Max:  0.0, Diff:  0.0, Sum:  0.0, Workers: 1
[0.887s][debug][gc,phases         ] GC(47)         Copied Bytes                   Min: 0, Avg: 136566.7, Max: 458864, Diff: 458864, Sum: 1638800, Workers: 12
[0.887s][debug][gc,phases         ] GC(47)         LAB Waste                      Min: 0, Avg:  0.0, Max: 0, Diff: 0, Sum: 0, Workers: 12
[0.887s][debug][gc,phases         ] GC(47)         LAB Undo Waste                 Min: 0, Avg:  0.0, Max: 0, Diff: 0, Sum: 0, Workers: 12
[0.887s][debug][gc,phases         ] GC(47)       Clear Logged Cards (ms):       Min:  0.0, Avg:  0.0, Max:  0.0, Diff:  0.0, Sum:  0.0, Workers: 3
[0.887s][debug][gc,phases         ] GC(47)       Recalculate Used Memory (ms):  Min:  0.0, Avg:  0.0, Max:  0.0, Diff:  0.0, Sum:  0.0, Workers: 1
[0.887s][debug][gc,phases         ] GC(47)     Post Evacuate Cleanup 2: 0.2ms
[0.887s][debug][gc,phases         ] GC(47)       Reset Hot Card Cache (ms):     Min:  0.0, Avg:  0.0, Max:  0.0, Diff:  0.0, Sum:  0.0, Workers: 1
[0.887s][debug][gc,phases         ] GC(47)       Purge Code Roots (ms):         Min:  0.0, Avg:  0.0, Max:  0.0, Diff:  0.0, Sum:  0.0, Workers: 1
[0.887s][debug][gc,phases         ] GC(47)       Update Derived Pointers (ms):  Min:  0.0, Avg:  0.0, Max:  0.0, Diff:  0.0, Sum:  0.0, Workers: 1
[0.887s][debug][gc,phases         ] GC(47)       Eagerly Reclaim Humongous Objects (ms): Min:  0.0, Avg:  0.0, Max:  0.0, Diff:  0.0, Sum:  0.0, Workers: 1
[0.887s][debug][gc,phases         ] GC(47)         Humongous Total                Min: 32, Avg: 32.0, Max: 32, Diff: 0, Sum: 32, Workers: 1
[0.887s][debug][gc,phases         ] GC(47)         Humongous Candidates           Min: 32, Avg: 32.0, Max: 32, Diff: 0, Sum: 32, Workers: 1
[0.887s][debug][gc,phases         ] GC(47)         Humongous Reclaimed            Min: 0, Avg:  0.0, Max: 0, Diff: 0, Sum: 0, Workers: 1
[0.887s][debug][gc,phases         ] GC(47)       Redirty Logged Cards (ms):     Min:  0.0, Avg:  0.0, Max:  0.0, Diff:  0.0, Sum:  0.0, Workers: 12
[0.887s][debug][gc,phases         ] GC(47)         Redirtied Cards:               Min: 0, Avg:  1.6, Max: 19, Diff: 19, Sum: 19, Workers: 12
[0.887s][debug][gc,phases         ] GC(47)       Free Collection Set (ms):      Min:  0.0, Avg:  0.0, Max:  0.0, Diff:  0.0, Sum:  0.0, Workers: 12
[0.887s][debug][gc,phases         ] GC(47)     Rebuild Free List: 0.2ms
[0.887s][debug][gc,phases         ] GC(47)     Start New Collection Set: 0.0ms
[0.887s][debug][gc,phases         ] GC(47)     Resize TLABs: 0.0ms
[0.887s][debug][gc,phases         ] GC(47)     Expand Heap After Collection: 0.0ms
[0.887s][info ][gc,phases         ] GC(47)   Other: 0.2ms
[0.887s][info ][gc,heap           ] GC(47) Eden regions: 1->0(10)
[0.887s][info ][gc,heap           ] GC(47) Survivor regions: 1->2(2)
[0.887s][info ][gc,heap           ] GC(47) Old regions: 159->159
[0.887s][info ][gc,heap           ] GC(47) Archive regions: 2->2
[0.887s][info ][gc,heap           ] GC(47) Humongous regions: 91->91
[0.887s][info ][gc,metaspace      ] GC(47) Metaspace: 136K(320K)->136K(320K) NonClass: 131K(192K)->131K(192K) Class: 5K(128K)->5K(128K)
[0.887s][debug][gc,heap           ] GC(47) Heap after GC invocations=45 (full 3):
[0.887s][debug][gc,heap           ] GC(47)  garbage-first heap   total 262144K, used 245409K [0x00000000f0000000, 0x0000000100000000)
[0.887s][debug][gc,heap           ] GC(47)   region size 1024K, 2 young (2048K), 2 survivors (2048K)
[0.887s][debug][gc,heap           ] GC(47)  Metaspace       used 136K, committed 320K, reserved 1114112K
[0.888s][debug][gc,heap           ] GC(47)   class space    used 5K, committed 128K, reserved 1048576K
[0.888s][info ][gc                ] GC(47) Pause Young (Normal) (G1 Preventive Collection) 239M->239M(256M) 2.646ms
[0.888s][info ][gc,cpu            ] GC(47) User=0.00s Sys=0.01s Real=0.01s
[0.888s][debug][gc,ref            ] GC(46) Preclean PhantomReferences 2.942ms
[0.888s][info ][gc,marking        ] GC(46) Concurrent Preclean 3.157ms
[0.888s][info ][gc,start          ] GC(46) Pause Remark
[0.888s][debug][gc,phases,start   ] GC(46) Finalize Marking
[0.888s][debug][gc,stats          ] ---------------------------------------------------------------------
[0.888s][debug][gc,stats          ] Marking Stats, task = 0, calls = 54
[0.888s][debug][gc,stats          ]   Elapsed time = 0.33ms, Termination time = 0.21ms
[0.888s][debug][gc,stats          ]   Step Times (cum): num = 562, avg = 0.02ms, sd = 0.11ms max = 1.18ms, total = 8.93ms
[0.888s][debug][gc,stats          ]   Mark Stats Cache: hits 12467 misses 0 ratio 100.000
[0.888s][debug][gc,stats          ] ---------------------------------------------------------------------
[0.888s][debug][gc,stats          ] Marking Stats, task = 1, calls = 7
[0.888s][debug][gc,stats          ]   Elapsed time = 0.27ms, Termination time = 1.48ms
[0.888s][debug][gc,stats          ]   Step Times (cum): num = 62, avg = 0.16ms, sd = 0.35ms max = 1.46ms, total = 10.05ms
[0.888s][debug][gc,stats          ]   Mark Stats Cache: hits 6341 misses 0 ratio 100.000
[0.888s][debug][gc,stats          ] ---------------------------------------------------------------------
[0.888s][debug][gc,stats          ] Marking Stats, task = 2, calls = 6
[0.888s][debug][gc,stats          ]   Elapsed time = 0.26ms, Termination time = 1.31ms
[0.888s][debug][gc,stats          ]   Step Times (cum): num = 42, avg = 0.13ms, sd = 0.30ms max = 1.29ms, total = 5.39ms
[0.888s][debug][gc,stats          ]   Mark Stats Cache: hits 6660 misses 0 ratio 100.000
[0.888s][debug][gc,stats          ] ---------------------------------------------------------------------
[0.888s][debug][gc,stats          ] Marking Stats, task = 3, calls = 1
[0.888s][debug][gc,stats          ]   Elapsed time = 0.26ms, Termination time = 0.02ms
[0.888s][debug][gc,stats          ]   Step Times (cum): num = 10, avg = 0.02ms, sd = 0.01ms max = 0.05ms, total = 0.23ms
[0.888s][debug][gc,stats          ]   Mark Stats Cache: hits 860 misses 0 ratio 100.000
[0.888s][debug][gc,stats          ] ---------------------------------------------------------------------
[0.888s][debug][gc,stats          ] Marking Stats, task = 4, calls = 1
[0.888s][debug][gc,stats          ]   Elapsed time = 0.28ms, Termination time = 0.02ms
[0.888s][debug][gc,stats          ]   Step Times (cum): num = 10, avg = 0.02ms, sd = 0.01ms max = 0.04ms, total = 0.22ms
[0.888s][debug][gc,stats          ]   Mark Stats Cache: hits 0 misses 0 ratio 0.000
[0.888s][debug][gc,stats          ] ---------------------------------------------------------------------
[0.888s][debug][gc,stats          ] Marking Stats, task = 5, calls = 1
[0.888s][debug][gc,stats          ]   Elapsed time = 0.26ms, Termination time = 0.02ms
[0.888s][debug][gc,stats          ]   Step Times (cum): num = 10, avg = 0.02ms, sd = 0.01ms max = 0.03ms, total = 0.19ms
[0.888s][debug][gc,stats          ]   Mark Stats Cache: hits 0 misses 0 ratio 0.000
[0.888s][debug][gc,stats          ] ---------------------------------------------------------------------
[0.888s][debug][gc,stats          ] Marking Stats, task = 6, calls = 1
[0.888s][debug][gc,stats          ]   Elapsed time = 0.26ms, Termination time = 0.02ms
[0.888s][debug][gc,stats          ]   Step Times (cum): num = 10, avg = 0.02ms, sd = 0.00ms max = 0.03ms, total = 0.19ms
[0.888s][debug][gc,stats          ]   Mark Stats Cache: hits 0 misses 0 ratio 0.000
[0.888s][debug][gc,stats          ] ---------------------------------------------------------------------
[0.888s][debug][gc,stats          ] Marking Stats, task = 7, calls = 1
[0.888s][debug][gc,stats          ]   Elapsed time = 0.25ms, Termination time = 0.02ms
[0.888s][debug][gc,stats          ]   Step Times (cum): num = 10, avg = 0.02ms, sd = 0.01ms max = 0.04ms, total = 0.19ms
[0.888s][debug][gc,stats          ]   Mark Stats Cache: hits 0 misses 0 ratio 0.000
[0.888s][debug][gc,stats          ] ---------------------------------------------------------------------
[0.888s][debug][gc,stats          ] Marking Stats, task = 8, calls = 1
[0.888s][debug][gc,stats          ]   Elapsed time = 0.24ms, Termination time = 0.02ms
[0.888s][debug][gc,stats          ]   Step Times (cum): num = 10, avg = 0.03ms, sd = 0.01ms max = 0.05ms, total = 0.26ms
[0.888s][debug][gc,stats          ]   Mark Stats Cache: hits 0 misses 0 ratio 0.000
[0.888s][debug][gc,stats          ] ---------------------------------------------------------------------
[0.888s][debug][gc,stats          ] Marking Stats, task = 9, calls = 1
[0.888s][debug][gc,stats          ]   Elapsed time = 0.16ms, Termination time = 0.01ms
[0.888s][debug][gc,stats          ]   Step Times (cum): num = 10, avg = 0.02ms, sd = 0.01ms max = 0.06ms, total = 0.20ms
[0.888s][debug][gc,stats          ]   Mark Stats Cache: hits 0 misses 0 ratio 0.000
[0.888s][debug][gc,stats          ] ---------------------------------------------------------------------
[0.888s][debug][gc,stats          ] Marking Stats, task = 10, calls = 1
[0.888s][debug][gc,stats          ]   Elapsed time = 0.15ms, Termination time = 0.01ms
[0.888s][debug][gc,stats          ]   Step Times (cum): num = 10, avg = 0.01ms, sd = 0.00ms max = 0.02ms, total = 0.14ms
[0.888s][debug][gc,stats          ]   Mark Stats Cache: hits 0 misses 0 ratio 0.000
[0.888s][debug][gc,stats          ] ---------------------------------------------------------------------
[0.888s][debug][gc,stats          ] Marking Stats, task = 11, calls = 1
[0.888s][debug][gc,stats          ]   Elapsed time = 0.13ms, Termination time = 0.00ms
[0.888s][debug][gc,stats          ]   Step Times (cum): num = 10, avg = 0.00ms, sd = 0.00ms max = 0.00ms, total = 0.00ms
[0.888s][debug][gc,stats          ]   Mark Stats Cache: hits 0 misses 0 ratio 0.000
[0.888s][debug][gc,stats          ] ---------------------------------------------------------------------
[0.888s][debug][gc,phases         ] GC(46) Finalize Marking 0.597ms
[0.888s][debug][gc,phases,start   ] GC(46) Reference Processing
[0.888s][debug][gc,ref            ] GC(46) Skipped phase 1 of Reference Processing: no references
[0.888s][debug][gc,ref            ] GC(46) Skipped phase 2 of Reference Processing: no references
[0.888s][debug][gc,ref            ] GC(46) Skipped phase 3 of Reference Processing: no references
[0.888s][debug][gc,ref            ] GC(46) Skipped phase 4 of Reference Processing: no references
[0.888s][debug][gc,phases,ref     ] GC(46) Reference Processing: 0.0ms
[0.888s][debug][gc,phases,ref     ] GC(46)   Reconsider SoftReferences: 0.0ms
[0.888s][debug][gc,phases,ref     ] GC(46)     SoftRef (ms):                  skipped
[0.888s][debug][gc,phases,ref     ] GC(46)   Notify Soft/WeakReferences: 0.0ms
[0.888s][debug][gc,phases,ref     ] GC(46)     SoftRef (ms):                  skipped
[0.888s][debug][gc,phases,ref     ] GC(46)     WeakRef (ms):                  skipped
[0.888s][debug][gc,phases,ref     ] GC(46)     FinalRef (ms):                 skipped
[0.889s][debug][gc,phases,ref     ] GC(46)     Total (ms):                    skipped
[0.889s][debug][gc,phases,ref     ] GC(46)   Notify and keep alive finalizable: 0.0ms
[0.889s][debug][gc,phases,ref     ] GC(46)     FinalRef (ms):                 skipped
[0.889s][debug][gc,phases,ref     ] GC(46)   Notify PhantomReferences: 0.0ms
[0.889s][debug][gc,phases,ref     ] GC(46)     PhantomRef (ms):               skipped
[0.889s][debug][gc,phases,ref     ] GC(46)   SoftReference:
[0.889s][debug][gc,phases,ref     ] GC(46)     Discovered: 0
[0.889s][debug][gc,phases,ref     ] GC(46)     Cleared: 0
[0.889s][debug][gc,phases,ref     ] GC(46)   WeakReference:
[0.889s][debug][gc,phases,ref     ] GC(46)     Discovered: 0
[0.889s][debug][gc,phases,ref     ] GC(46)     Cleared: 0
[0.889s][debug][gc,phases,ref     ] GC(46)   FinalReference:
[0.889s][debug][gc,phases,ref     ] GC(46)     Discovered: 0
[0.889s][debug][gc,phases,ref     ] GC(46)     Cleared: 0
[0.889s][debug][gc,phases,ref     ] GC(46)   PhantomReference:
[0.889s][debug][gc,phases,ref     ] GC(46)     Discovered: 0
[0.889s][debug][gc,phases,ref     ] GC(46)     Cleared: 0
[0.889s][debug][gc,phases         ] GC(46) Reference Processing 0.137ms
[0.889s][debug][gc,phases,start   ] GC(46) Weak Processing
[0.889s][debug][gc,phases         ] GC(46)   VM Weak                        Min:  0.0, Avg:  0.0, Max:  0.0, Diff:  0.0, Sum:  0.0, Workers: 1
[0.889s][debug][gc,phases         ] GC(46)     Dead                           Min: 0, Avg:  0.0, Max: 0, Diff: 0, Sum: 0, Workers: 1
[0.889s][debug][gc,phases         ] GC(46)     Total                          Min: 4, Avg:  4.0, Max: 4, Diff: 0, Sum: 4, Workers: 1
[0.889s][debug][gc,phases         ] GC(46)   ObjectSynchronizer Weak        Min:  0.0, Avg:  0.0, Max:  0.0, Diff:  0.0, Sum:  0.0, Workers: 1
[0.889s][debug][gc,phases         ] GC(46)     Dead                           Min: 0, Avg:  0.0, Max: 0, Diff: 0, Sum: 0, Workers: 1
[0.889s][debug][gc,phases         ] GC(46)     Total                          Min: 4, Avg:  4.0, Max: 4, Diff: 0, Sum: 4, Workers: 1
[0.889s][debug][gc,phases         ] GC(46)   JVMTI Tag Weak OopStorage      Min:  0.0, Avg:  0.0, Max:  0.0, Diff:  0.0, Sum:  0.0, Workers: 1
[0.889s][debug][gc,phases         ] GC(46)     Dead                           Min: 0, Avg:  0.0, Max: 0, Diff: 0, Sum: 0, Workers: 1
[0.889s][debug][gc,phases         ] GC(46)     Total                          Min: 0, Avg:  0.0, Max: 0, Diff: 0, Sum: 0, Workers: 1
[0.889s][debug][gc,phases         ] GC(46)   StringTable Weak               Min:  0.0, Avg:  0.0, Max:  0.0, Diff:  0.0, Sum:  0.0, Workers: 1
[0.889s][debug][gc,phases         ] GC(46)     Dead                           Min: 0, Avg:  0.0, Max: 0, Diff: 0, Sum: 0, Workers: 1
[0.889s][debug][gc,phases         ] GC(46)     Total                          Min: 39, Avg: 39.0, Max: 39, Diff: 0, Sum: 39, Workers: 1
[0.889s][debug][gc,phases         ] GC(46)   ResolvedMethodTable Weak       Min:  0.0, Avg:  0.0, Max:  0.0, Diff:  0.0, Sum:  0.0, Workers: 1
[0.889s][debug][gc,phases         ] GC(46)     Dead                           Min: 0, Avg:  0.0, Max: 0, Diff: 0, Sum: 0, Workers: 1
[0.889s][debug][gc,phases         ] GC(46)     Total                          Min: 22, Avg: 22.0, Max: 22, Diff: 0, Sum: 22, Workers: 1
[0.889s][debug][gc,phases         ] GC(46)   JNI Weak                       Min:  0.0, Avg:  0.0, Max:  0.0, Diff:  0.0, Sum:  0.0, Workers: 1
[0.889s][debug][gc,phases         ] GC(46)     Dead                           Min: 0, Avg:  0.0, Max: 0, Diff: 0, Sum: 0, Workers: 1
[0.889s][debug][gc,phases         ] GC(46)     Total                          Min: 0, Avg:  0.0, Max: 0, Diff: 0, Sum: 0, Workers: 1
[0.889s][debug][gc,phases         ] GC(46)   StringDedup Table Weak         Min:  0.0, Avg:  0.0, Max:  0.0, Diff:  0.0, Sum:  0.0, Workers: 1
[0.889s][debug][gc,phases         ] GC(46)     Dead                           Min: 0, Avg:  0.0, Max: 0, Diff: 0, Sum: 0, Workers: 1
[0.889s][debug][gc,phases         ] GC(46)     Total                          Min: 0, Avg:  0.0, Max: 0, Diff: 0, Sum: 0, Workers: 1
[0.889s][debug][gc,phases         ] GC(46)   StringDedup Requests0 Weak     Min:  0.0, Avg:  0.0, Max:  0.0, Diff:  0.0, Sum:  0.0, Workers: 1
[0.889s][debug][gc,phases         ] GC(46)     Dead                           Min: 0, Avg:  0.0, Max: 0, Diff: 0, Sum: 0, Workers: 1
[0.889s][debug][gc,phases         ] GC(46)     Total                          Min: 0, Avg:  0.0, Max: 0, Diff: 0, Sum: 0, Workers: 1
[0.889s][debug][gc,phases         ] GC(46)   StringDedup Requests1 Weak     Min:  0.0, Avg:  0.0, Max:  0.0, Diff:  0.0, Sum:  0.0, Workers: 1
[0.889s][debug][gc,phases         ] GC(46)     Dead                           Min: 0, Avg:  0.0, Max: 0, Diff: 0, Sum: 0, Workers: 1
[0.889s][debug][gc,phases         ] GC(46)     Total                          Min: 0, Avg:  0.0, Max: 0, Diff: 0, Sum: 0, Workers: 1
[0.889s][debug][gc,phases         ] GC(46)   Weak JFR Old Object Samples    Min:  0.0, Avg:  0.0, Max:  0.0, Diff:  0.0, Sum:  0.0, Workers: 1
[0.889s][debug][gc,phases         ] GC(46)     Dead                           Min: 0, Avg:  0.0, Max: 0, Diff: 0, Sum: 0, Workers: 1
[0.889s][debug][gc,phases         ] GC(46)     Total                          Min: 0, Avg:  0.0, Max: 0, Diff: 0, Sum: 0, Workers: 1
[0.889s][debug][gc,phases         ] GC(46) Weak Processing 0.289ms
[0.889s][debug][gc,phases,start   ] GC(46) Class Unloading
[0.889s][debug][gc,phases,start   ] GC(46) ClassLoaderData
[0.889s][debug][gc,phases         ] GC(46) ClassLoaderData 0.005ms
[0.889s][debug][gc,phases,start   ] GC(46) Trigger cleanups
[0.889s][debug][gc,phases         ] GC(46) Trigger cleanups 0.003ms
[0.889s][debug][gc,phases         ] GC(46) Class Unloading 0.166ms
[0.889s][debug][gc,phases,start   ] GC(46) Flush Task Caches
[0.889s][debug][gc,stats          ] Mark stats cache hits 26328 misses 0 ratio 100.000
[0.889s][debug][gc,phases         ] GC(46) Flush Task Caches 0.033ms
[0.889s][debug][gc,phases,start   ] GC(46) Update Remembered Set Tracking Before Rebuild
[0.889s][debug][gc,ergo           ] GC(46) Running G1 Update RemSet Tracking Before Rebuild using 1 workers for 256 regions in heap
[0.889s][debug][gc,remset,tracking] GC(46) Remembered Set Tracking update regions total 256, selected 11
[0.889s][debug][gc,phases         ] GC(46) Update Remembered Set Tracking Before Rebuild 0.093ms
[0.889s][debug][gc,phases,start   ] GC(46) Reclaim Empty Regions
[0.889s][debug][gc,phases         ] GC(46) Reclaim Empty Regions 0.176ms
[0.889s][debug][gc,phases,start   ] GC(46) Purge Metaspace
[0.889s][debug][gc,phases         ] GC(46) Purge Metaspace 0.005ms
[0.889s][debug][gc,phases,start   ] GC(46) Report Object Count
[0.889s][debug][gc,phases         ] GC(46) Report Object Count 0.004ms
[0.889s][debug][gc,mmu            ] GC(46) MMU: 13.2ms (50.0ms/51.0ms)
[0.889s][info ][gc                ] GC(46) Pause Remark 240M->240M(256M) 1.582ms
[0.889s][info ][gc,cpu            ] GC(46) User=0.00s Sys=0.00s Real=0.00s
[0.889s][info ][gc,marking        ] GC(46) Concurrent Mark 7.064ms
[0.889s][info ][gc,marking        ] GC(46) Concurrent Rebuild Remembered Sets
[0.890s][info ][gc,marking        ] GC(46) Concurrent Rebuild Remembered Sets 0.881ms
[0.890s][info ][gc,start          ] GC(46) Pause Cleanup
[0.890s][debug][gc,phases,start   ] GC(46) Update Remembered Set Tracking After Rebuild
[0.890s][debug][gc,phases         ] GC(46) Update Remembered Set Tracking After Rebuild 0.020ms
[0.891s][debug][gc,phases,start   ] GC(46) Finalize Concurrent Mark Cleanup
[0.891s][debug][gc,ergo,cset      ] GC(46) Pruned 9 regions out of 10, leaving 2685224 bytes waste (allowed 13421772)
[0.891s][debug][gc,mmu            ] GC(46) MMU: 13.4ms (50.0ms/51.0ms)
[0.891s][debug][gc,phases         ] GC(46) Finalize Concurrent Mark Cleanup 0.162ms
[0.891s][info ][gc                ] GC(46) Pause Cleanup 240M->240M(256M) 0.228ms
[0.891s][info ][gc,cpu            ] GC(46) User=0.00s Sys=0.00s Real=0.00s
[0.891s][debug][gc,ergo,cset      ] Preventive GC, insufficient free regions. Predicted need 4. Curr Eden 1 (Pred 2). Curr Survivor 2 (Pred 2). Curr Old 159 (Pred 0) Free 1 Alloc 1
[0.891s][info ][gc,marking        ] GC(46) Concurrent Cleanup for Next Mark
[0.891s][debug][gc,ergo           ] GC(46) Running G1 Clear Bitmap with 3 workers for 4 work units.
[0.891s][debug][gc,heap           ] GC(48) Heap before GC invocations=46 (full 3):
[0.891s][debug][gc,heap           ] GC(48)  garbage-first heap   total 262144K, used 245409K [0x00000000f0000000, 0x0000000100000000)
[0.891s][debug][gc,heap           ] GC(48)   region size 1024K, 3 young (3072K), 2 survivors (2048K)
[0.891s][debug][gc,heap           ] GC(48)  Metaspace       used 136K, committed 320K, reserved 1114112K
[0.891s][debug][gc,heap           ] GC(48)   class space    used 5K, committed 128K, reserved 1048576K
[0.891s][info ][gc,start          ] GC(48) Pause Young (Prepare Mixed) (G1 Preventive Collection)
[0.891s][info ][gc,task           ] GC(48) Using 12 workers of 13 for evacuation
[0.891s][debug][gc,tlab           ] GC(48) TLAB totals: thrds: 5  refills: 5 max: 1 slow allocs: 9 max 2 waste: 37.1% gc: 193712B max: 39184B slow: 0B max: 0B
[0.891s][debug][gc,age            ] GC(48) Desired survivor size 1048576 bytes, new threshold 2 (max threshold 15)
[0.891s][debug][gc,refine,stats   ] GC(48) Mutator refinement: 0.00ms, refined: 0, precleaned: 0, dirtied: 0
[0.891s][debug][gc,refine,stats   ] GC(48) Concurrent refinement: 0.00ms, refined: 0, precleaned: 0, dirtied: 0
[0.891s][debug][gc,refine,stats   ] GC(48) Total refinement: 0.00ms, refined: 0, precleaned: 0, dirtied: 0
[0.891s][debug][gc,refine,stats   ] GC(48) Generate dirty cards rate: 0.00 cards/ms
[0.891s][debug][gc,alloc,region   ] GC(48) Mutator Allocation stats, regions: 1, wasted size: 0B ( 0.0%)
[0.891s][debug][gc,humongous      ] GC(48) Humongous region 0 (object size 1048592 @ 0x00000000f0000000) remset 1 code roots 0 marked 1 reclaim candidate 1 type array 1
[0.891s][debug][gc,humongous      ] GC(48) Humongous region 2 (object size 1048592 @ 0x00000000f0200000) remset 1 code roots 0 marked 1 reclaim candidate 1 type array 1
[0.891s][debug][gc,humongous      ] GC(48) Humongous region 42 (object size 1048592 @ 0x00000000f2a00000) remset 1 code roots 0 marked 1 reclaim candidate 1 type array 1
[0.891s][debug][gc,humongous      ] GC(48) Humongous region 22 (object size 1048592 @ 0x00000000f1600000) remset 1 code roots 0 marked 1 reclaim candidate 1 type array 1
[0.891s][debug][gc,humongous      ] GC(48) Humongous region 126 (object size 1048592 @ 0x00000000f7e00000) remset 1 code roots 0 marked 1 reclaim candidate 1 type array 1
[0.891s][debug][gc,humongous      ] GC(48) Humongous region 24 (object size 1048592 @ 0x00000000f1800000) remset 1 code roots 0 marked 1 reclaim candidate 1 type array 1
[0.891s][debug][gc,humongous      ] GC(48) Humongous region 205 (object size 1048592 @ 0x00000000fcd00000) remset 1 code roots 0 marked 1 reclaim candidate 1 type array 1
[0.891s][debug][gc,humongous      ] GC(48) Humongous region 238 (object size 1048592 @ 0x00000000fee00000) remset 1 code roots 0 marked 0 reclaim candidate 1 type array 1
[0.891s][debug][gc,humongous      ] GC(48) Humongous region 6 (object size 1048592 @ 0x00000000f0600000) remset 1 code roots 0 marked 1 reclaim candidate 1 type array 1
[0.891s][debug][gc,humongous      ] GC(48) Humongous region 8 (object size 1048592 @ 0x00000000f0800000) remset 1 code roots 0 marked 1 reclaim candidate 1 type array 1
[0.891s][debug][gc,humongous      ] GC(48) Humongous region 12 (object size 1048592 @ 0x00000000f0c00000) remset 1 code roots 0 marked 1 reclaim candidate 1 type array 1
[0.891s][debug][gc,humongous      ] GC(48) Humongous region 203 (object size 1048592 @ 0x00000000fcb00000) remset 1 code roots 0 marked 1 reclaim candidate 1 type array 1
[0.891s][debug][gc,humongous      ] GC(48) Humongous region 14 (object size 1048592 @ 0x00000000f0e00000) remset 1 code roots 0 marked 1 reclaim candidate 1 type array 1
[0.891s][debug][gc,humongous      ] GC(48) Humongous region 64 (object size 1048592 @ 0x00000000f4000000) remset 1 code roots 0 marked 1 reclaim candidate 1 type array 1
[0.891s][debug][gc,humongous      ] GC(48) Humongous region 83 (object size 1048592 @ 0x00000000f5300000) remset 1 code roots 0 marked 1 reclaim candidate 1 type array 1
[0.891s][debug][gc,humongous      ] GC(48) Humongous region 60 (object size 1048592 @ 0x00000000f3c00000) remset 1 code roots 0 marked 1 reclaim candidate 1 type array 1
[0.891s][debug][gc,humongous      ] GC(48) Humongous region 28 (object size 1048592 @ 0x00000000f1c00000) remset 1 code roots 0 marked 1 reclaim candidate 1 type array 1
[0.891s][debug][gc,humongous      ] GC(48) Humongous region 244 (object size 1048592 @ 0x00000000ff400000) remset 1 code roots 0 marked 1 reclaim candidate 1 type array 1
[0.891s][debug][gc,humongous      ] GC(48) Humongous region 32 (object size 1048592 @ 0x00000000f2000000) remset 1 code roots 0 marked 1 reclaim candidate 1 type array 1
[0.891s][debug][gc,humongous      ] GC(48) Humongous region 10 (object size 1048592 @ 0x00000000f0a00000) remset 1 code roots 0 marked 1 reclaim candidate 1 type array 1
[0.891s][debug][gc,humongous      ] GC(48) Humongous region 159 (object size 10485776 @ 0x00000000f9f00000) remset 1 code roots 0 marked 1 reclaim candidate 1 type array 1
[0.891s][debug][gc,humongous      ] GC(48) Humongous region 38 (object size 1048592 @ 0x00000000f2600000) remset 1 code roots 0 marked 1 reclaim candidate 1 type array 1
[0.891s][debug][gc,humongous      ] GC(48) Humongous region 216 (object size 10485776 @ 0x00000000fd800000) remset 1 code roots 0 marked 1 reclaim candidate 1 type array 1
[0.891s][debug][gc,humongous      ] GC(48) Humongous region 20 (object size 1048592 @ 0x00000000f1400000) remset 1 code roots 0 marked 1 reclaim candidate 1 type array 1
[0.891s][debug][gc,humongous      ] GC(48) Humongous region 85 (object size 10485776 @ 0x00000000f5500000) remset 1 code roots 0 marked 1 reclaim candidate 1 type array 1
[0.891s][debug][gc,humongous      ] GC(48) Humongous region 26 (object size 1048592 @ 0x00000000f1a00000) remset 1 code roots 0 marked 1 reclaim candidate 1 type array 1
[0.891s][debug][gc,humongous      ] GC(48) Humongous region 30 (object size 1048592 @ 0x00000000f1e00000) remset 1 code roots 0 marked 1 reclaim candidate 1 type array 1
[0.891s][debug][gc,humongous      ] GC(48) Humongous region 4 (object size 1048592 @ 0x00000000f0400000) remset 1 code roots 0 marked 1 reclaim candidate 1 type array 1
[0.891s][debug][gc,humongous      ] GC(48) Humongous region 34 (object size 1048592 @ 0x00000000f2200000) remset 1 code roots 0 marked 1 reclaim candidate 1 type array 1
[0.891s][debug][gc,humongous      ] GC(48) Humongous region 36 (object size 1048592 @ 0x00000000f2400000) remset 1 code roots 0 marked 1 reclaim candidate 1 type array 1
[0.891s][debug][gc,humongous      ] GC(48) Humongous region 16 (object size 1048592 @ 0x00000000f1000000) remset 1 code roots 0 marked 1 reclaim candidate 1 type array 1
[0.891s][debug][gc,humongous      ] GC(48) Humongous region 18 (object size 1048592 @ 0x00000000f1200000) remset 1 code roots 0 marked 1 reclaim candidate 1 type array 1
[0.892s][debug][gc,ergo           ] GC(48) Running G1 Merge Heap Roots using 12 workers for 3 regions
[0.892s][debug][gc,remset         ] GC(48) Visited cards 64 Total dirty 4096 (1.56%) Total old 528384 (0.01%)
[0.892s][debug][gc,ergo,heap      ] GC(48) Attempt heap expansion (region allocation request failed). Allocation request: 65552B
[0.892s][debug][gc,ergo,heap      ] GC(48) Did not expand the heap (heap already fully expanded)
[0.892s][debug][gc,ref            ] GC(48) Skipped phase 1 of Reference Processing: no references
[0.892s][debug][gc,ref            ] GC(48) Skipped phase 2 of Reference Processing: no references
[0.892s][debug][gc,ref            ] GC(48) Skipped phase 3 of Reference Processing: no references
[0.892s][debug][gc,ref            ] GC(48) Skipped phase 4 of Reference Processing: no references
[0.893s][debug][gc,ergo           ] GC(48) Running G1 Rebuild Free List Task using 12 workers for rebuilding free list of regions
[0.893s][debug][gc,plab           ] GC(48) Young PLAB allocation: allocated: 0B, wasted: 0B, unused: 0B, used: 0B, undo waste: 0B, 
[0.893s][debug][gc,plab           ] GC(48) Young other allocation: region end waste: 65296B, regions filled: 1, direct allocated: 983280B, failure used: 0B, failure wasted: 0B
[0.893s][debug][gc,plab           ] GC(48) Young sizing: calculated: 0B, actual: 2064B
[0.893s][debug][gc,plab           ] GC(48) Old PLAB allocation: allocated: 0B, wasted: 0B, unused: 0B, used: 0B, undo waste: 0B, 
[0.893s][debug][gc,plab           ] GC(48) Old other allocation: region end waste: 64816B, regions filled: 1, direct allocated: 852176B, failure used: 655520B, failure wasted: 1441632B
[0.893s][debug][gc,plab           ] GC(48) Old sizing: calculated: 0B, actual: 2064B
[0.893s][debug][gc,ergo,heap      ] GC(48) Heap expansion: short term pause time ratio 15.32% long term pause time ratio 21.61% threshold 7.69% pause time ratio 7.69% fully expanded true resize by 0B
[0.893s][debug][gc,mmu            ] GC(48) MMU: 15.6ms (50.0ms/51.0ms)
[0.893s][debug][gc,alloc,stats    ] Old generation allocation in the last mutator period, old gen allocated: 2097152B, humongous allocated: 0B,old gen growth: 2097152B.
[0.893s][debug][gc,ihop           ] GC(48) Basic information (value update), threshold: 218928761B (81.56), target occupancy: 268435456B, current occupancy: 253655552B, recent allocation size: 2097152B, recent allocation duration: 2.44ms, recent old gen allocation rate: 859473025.90B/s, recent marking phase length: 8.59ms
[0.893s][debug][gc,ihop           ] GC(48) Adaptive IHOP information (value update), threshold: 218928761B (95.95), internal target occupancy: 228170137B, occupancy: 253655552B, additional buffer size: 0B, predicted old gen allocation rate: 172811437.62B/s, predicted marking phase length: 53.48ms, prediction active: true
[0.893s][debug][gc,ergo,refine    ] GC(48) Concurrent refinement times: Logged Cards Scan time goal: 5.00ms Logged Cards Scan time: 0.00ms HCC time: 0.00ms
[0.893s][debug][gc,ergo,refine    ] GC(48) Updated Refinement Zones: green: 3328, yellow: 9984, red: 16640
[0.893s][info ][gc                ] GC(48) To-space exhausted
[0.893s][info ][gc,phases         ] GC(48)   Pre Evacuate Collection Set: 0.6ms
[0.893s][debug][gc,phases         ] GC(48)     Prepare TLABs: 0.0ms
[0.893s][debug][gc,phases         ] GC(48)     Concatenate Dirty Card Logs: 0.0ms
[0.893s][debug][gc,phases         ] GC(48)     Choose Collection Set: 0.0ms
[0.893s][debug][gc,phases         ] GC(48)     Region Register: 0.6ms
[0.893s][debug][gc,phases         ] GC(48)     Prepare Heap Roots: 0.0ms
[0.893s][info ][gc,phases         ] GC(48)   Merge Heap Roots: 0.2ms
[0.893s][debug][gc,phases         ] GC(48)     Prepare Merge Heap Roots: 0.0ms
[0.893s][debug][gc,phases         ] GC(48)     Eager Reclaim (ms):            Min:  0.0, Avg:  0.0, Max:  0.0, Diff:  0.0, Sum:  0.0, Workers: 1
[0.893s][debug][gc,phases         ] GC(48)     Remembered Sets (ms):          Min:  0.0, Avg:  0.0, Max:  0.0, Diff:  0.0, Sum:  0.0, Workers: 12
[0.893s][debug][gc,phases         ] GC(48)       Merged Sparse:                 Min: 0, Avg:  2.9, Max: 34, Diff: 34, Sum: 35, Workers: 12
[0.893s][debug][gc,phases         ] GC(48)       Merged Fine:                   Min: 0, Avg:  0.0, Max: 0, Diff: 0, Sum: 0, Workers: 12
[0.893s][debug][gc,phases         ] GC(48)       Merged Coarse:                 Min: 0, Avg:  0.0, Max: 0, Diff: 0, Sum: 0, Workers: 12
[0.893s][debug][gc,phases         ] GC(48)       Dirty Cards:                   Min: 0, Avg:  0.0, Max: 0, Diff: 0, Sum: 0, Workers: 12
[0.893s][debug][gc,phases         ] GC(48)     Hot Card Cache (ms):           Min:  0.0, Avg:  0.0, Max:  0.0, Diff:  0.0, Sum:  0.0, Workers: 12
[0.893s][debug][gc,phases         ] GC(48)       Dirty Cards:                   Min: 0, Avg:  0.0, Max: 0, Diff: 0, Sum: 0, Workers: 12
[0.893s][debug][gc,phases         ] GC(48)       Skipped Cards:                 Min: 0, Avg:  0.0, Max: 0, Diff: 0, Sum: 0, Workers: 12
[0.893s][debug][gc,phases         ] GC(48)     Log Buffers (ms):              Min:  0.0, Avg:  0.0, Max:  0.0, Diff:  0.0, Sum:  0.0, Workers: 12
[0.893s][debug][gc,phases         ] GC(48)       Dirty Cards:                   Min: 0, Avg:  0.6, Max: 7, Diff: 7, Sum: 7, Workers: 12
[0.893s][debug][gc,phases         ] GC(48)       Skipped Cards:                 Min: 0, Avg:  0.0, Max: 0, Diff: 0, Sum: 0, Workers: 12
[0.893s][info ][gc,phases         ] GC(48)   Evacuate Collection Set: 0.6ms
[0.893s][debug][gc,phases         ] GC(48)     Ext Root Scanning (ms):        Min:  0.0, Avg:  0.0, Max:  0.3, Diff:  0.3, Sum:  0.4, Workers: 12
[0.893s][debug][gc,phases         ] GC(48)     Scan Heap Roots (ms):          Min:  0.0, Avg:  0.0, Max:  0.0, Diff:  0.0, Sum:  0.0, Workers: 12
[0.893s][debug][gc,phases         ] GC(48)       Scanned Cards:                 Min: 0, Avg:  1.2, Max: 13, Diff: 13, Sum: 14, Workers: 12
[0.893s][debug][gc,phases         ] GC(48)       Scanned Blocks:                Min: 0, Avg:  0.5, Max: 5, Diff: 5, Sum: 6, Workers: 12
[0.893s][debug][gc,phases         ] GC(48)       Claimed Chunks:                Min: 0, Avg:  0.2, Max: 1, Diff: 1, Sum: 2, Workers: 12
[0.893s][debug][gc,phases         ] GC(48)     Code Root Scan (ms):           Min:  0.0, Avg:  0.0, Max:  0.0, Diff:  0.0, Sum:  0.0, Workers: 12
[0.893s][debug][gc,phases         ] GC(48)     Object Copy (ms):              Min:  0.0, Avg:  0.1, Max:  0.3, Diff:  0.3, Sum:  0.8, Workers: 12
[0.893s][debug][gc,phases         ] GC(48)     Termination (ms):              Min:  0.1, Avg:  0.2, Max:  0.3, Diff:  0.2, Sum:  2.8, Workers: 12
[0.893s][debug][gc,phases         ] GC(48)       Termination Attempts:          Min: 1, Avg:  1.1, Max: 2, Diff: 1, Sum: 13, Workers: 12
[0.893s][debug][gc,phases         ] GC(48)     GC Worker Other (ms):          Min:  0.0, Avg:  0.0, Max:  0.0, Diff:  0.0, Sum:  0.1, Workers: 12
[0.893s][debug][gc,phases         ] GC(48)     GC Worker Total (ms):          Min:  0.1, Avg:  0.3, Max:  0.6, Diff:  0.4, Sum:  4.2, Workers: 12
[0.893s][info ][gc,phases         ] GC(48)   Post Evacuate Collection Set: 0.7ms
[0.893s][debug][gc,phases         ] GC(48)     Code Roots Fixup: 0.0ms
[0.893s][debug][gc,phases         ] GC(48)     Reference Processing: 0.0ms
[0.893s][debug][gc,phases,ref     ] GC(48)       Reconsider SoftReferences: 0.0ms
[0.893s][debug][gc,phases,ref     ] GC(48)         SoftRef (ms):                  skipped
[0.893s][debug][gc,phases,ref     ] GC(48)       Notify Soft/WeakReferences: 0.0ms
[0.893s][debug][gc,phases,ref     ] GC(48)         SoftRef (ms):                  skipped
[0.893s][debug][gc,phases,ref     ] GC(48)         WeakRef (ms):                  skipped
[0.893s][debug][gc,phases,ref     ] GC(48)         FinalRef (ms):                 skipped
[0.893s][debug][gc,phases,ref     ] GC(48)         Total (ms):                    skipped
[0.893s][debug][gc,phases,ref     ] GC(48)       Notify and keep alive finalizable: 0.0ms
[0.893s][debug][gc,phases,ref     ] GC(48)         FinalRef (ms):                 skipped
[0.893s][debug][gc,phases,ref     ] GC(48)       Notify PhantomReferences: 0.0ms
[0.893s][debug][gc,phases,ref     ] GC(48)         PhantomRef (ms):               skipped
[0.893s][debug][gc,phases,ref     ] GC(48)       SoftReference:
[0.893s][debug][gc,phases,ref     ] GC(48)         Discovered: 0
[0.893s][debug][gc,phases,ref     ] GC(48)         Cleared: 0
[0.893s][debug][gc,phases,ref     ] GC(48)       WeakReference:
[0.893s][debug][gc,phases,ref     ] GC(48)         Discovered: 0
[0.893s][debug][gc,phases,ref     ] GC(48)         Cleared: 0
[0.893s][debug][gc,phases,ref     ] GC(48)       FinalReference:
[0.893s][debug][gc,phases,ref     ] GC(48)         Discovered: 0
[0.893s][debug][gc,phases,ref     ] GC(48)         Cleared: 0
[0.893s][debug][gc,phases,ref     ] GC(48)       PhantomReference:
[0.893s][debug][gc,phases,ref     ] GC(48)         Discovered: 0
[0.893s][debug][gc,phases,ref     ] GC(48)         Cleared: 0
[0.893s][debug][gc,phases         ] GC(48)     Weak Processing: 0.2ms
[0.893s][debug][gc,phases         ] GC(48)       VM Weak                        Min:  0.0, Avg:  0.0, Max:  0.0, Diff:  0.0, Sum:  0.0, Workers: 1
[0.893s][debug][gc,phases         ] GC(48)         Dead                           Min: 0, Avg:  0.0, Max: 0, Diff: 0, Sum: 0, Workers: 1
[0.893s][debug][gc,phases         ] GC(48)         Total                          Min: 4, Avg:  4.0, Max: 4, Diff: 0, Sum: 4, Workers: 1
[0.893s][debug][gc,phases         ] GC(48)       ObjectSynchronizer Weak        Min:  0.0, Avg:  0.0, Max:  0.0, Diff:  0.0, Sum:  0.0, Workers: 1
[0.893s][debug][gc,phases         ] GC(48)         Dead                           Min: 0, Avg:  0.0, Max: 0, Diff: 0, Sum: 0, Workers: 1
[0.893s][debug][gc,phases         ] GC(48)         Total                          Min: 4, Avg:  4.0, Max: 4, Diff: 0, Sum: 4, Workers: 1
[0.893s][debug][gc,phases         ] GC(48)       JVMTI Tag Weak OopStorage      Min:  0.0, Avg:  0.0, Max:  0.0, Diff:  0.0, Sum:  0.0, Workers: 1
[0.893s][debug][gc,phases         ] GC(48)         Dead                           Min: 0, Avg:  0.0, Max: 0, Diff: 0, Sum: 0, Workers: 1
[0.893s][debug][gc,phases         ] GC(48)         Total                          Min: 0, Avg:  0.0, Max: 0, Diff: 0, Sum: 0, Workers: 1
[0.893s][debug][gc,phases         ] GC(48)       StringTable Weak               Min:  0.0, Avg:  0.0, Max:  0.0, Diff:  0.0, Sum:  0.0, Workers: 1
[0.893s][debug][gc,phases         ] GC(48)         Dead                           Min: 0, Avg:  0.0, Max: 0, Diff: 0, Sum: 0, Workers: 1
[0.893s][debug][gc,phases         ] GC(48)         Total                          Min: 39, Avg: 39.0, Max: 39, Diff: 0, Sum: 39, Workers: 1
[0.893s][debug][gc,phases         ] GC(48)       ResolvedMethodTable Weak       Min:  0.0, Avg:  0.0, Max:  0.0, Diff:  0.0, Sum:  0.0, Workers: 1
[0.893s][debug][gc,phases         ] GC(48)         Dead                           Min: 0, Avg:  0.0, Max: 0, Diff: 0, Sum: 0, Workers: 1
[0.893s][debug][gc,phases         ] GC(48)         Total                          Min: 22, Avg: 22.0, Max: 22, Diff: 0, Sum: 22, Workers: 1
[0.893s][debug][gc,phases         ] GC(48)       JNI Weak                       Min:  0.0, Avg:  0.0, Max:  0.0, Diff:  0.0, Sum:  0.0, Workers: 1
[0.893s][debug][gc,phases         ] GC(48)         Dead                           Min: 0, Avg:  0.0, Max: 0, Diff: 0, Sum: 0, Workers: 1
[0.893s][debug][gc,phases         ] GC(48)         Total                          Min: 0, Avg:  0.0, Max: 0, Diff: 0, Sum: 0, Workers: 1
[0.893s][debug][gc,phases         ] GC(48)       StringDedup Table Weak         Min:  0.0, Avg:  0.0, Max:  0.0, Diff:  0.0, Sum:  0.0, Workers: 1
[0.893s][debug][gc,phases         ] GC(48)         Dead                           Min: 0, Avg:  0.0, Max: 0, Diff: 0, Sum: 0, Workers: 1
[0.893s][debug][gc,phases         ] GC(48)         Total                          Min: 0, Avg:  0.0, Max: 0, Diff: 0, Sum: 0, Workers: 1
[0.893s][debug][gc,phases         ] GC(48)       StringDedup Requests0 Weak     Min:  0.0, Avg:  0.0, Max:  0.0, Diff:  0.0, Sum:  0.0, Workers: 1
[0.893s][debug][gc,phases         ] GC(48)         Dead                           Min: 0, Avg:  0.0, Max: 0, Diff: 0, Sum: 0, Workers: 1
[0.893s][debug][gc,phases         ] GC(48)         Total                          Min: 0, Avg:  0.0, Max: 0, Diff: 0, Sum: 0, Workers: 1
[0.893s][debug][gc,phases         ] GC(48)       StringDedup Requests1 Weak     Min:  0.0, Avg:  0.0, Max:  0.0, Diff:  0.0, Sum:  0.0, Workers: 1
[0.893s][debug][gc,phases         ] GC(48)         Dead                           Min: 0, Avg:  0.0, Max: 0, Diff: 0, Sum: 0, Workers: 1
[0.893s][debug][gc,phases         ] GC(48)         Total                          Min: 0, Avg:  0.0, Max: 0, Diff: 0, Sum: 0, Workers: 1
[0.893s][debug][gc,phases         ] GC(48)       Weak JFR Old Object Samples    Min:  0.0, Avg:  0.0, Max:  0.0, Diff:  0.0, Sum:  0.0, Workers: 1
[0.893s][debug][gc,phases         ] GC(48)         Dead                           Min: 0, Avg:  0.0, Max: 0, Diff: 0, Sum: 0, Workers: 1
[0.893s][debug][gc,phases         ] GC(48)         Total                          Min: 0, Avg:  0.0, Max: 0, Diff: 0, Sum: 0, Workers: 1
[0.894s][debug][gc,phases         ] GC(48)     Post Evacuate Cleanup 1: 0.1ms
[0.894s][debug][gc,phases         ] GC(48)       Merge Per-Thread State (ms):   Min:  0.0, Avg:  0.0, Max:  0.0, Diff:  0.0, Sum:  0.0, Workers: 1
[0.894s][debug][gc,phases         ] GC(48)         Copied Bytes                   Min: 0, Avg: 152954.7, Max: 589968, Diff: 589968, Sum: 1835456, Workers: 12
[0.894s][debug][gc,phases         ] GC(48)         LAB Waste                      Min: 0, Avg:  0.0, Max: 0, Diff: 0, Sum: 0, Workers: 12
[0.894s][debug][gc,phases         ] GC(48)         LAB Undo Waste                 Min: 0, Avg:  0.0, Max: 0, Diff: 0, Sum: 0, Workers: 12
[0.894s][debug][gc,phases         ] GC(48)       Clear Logged Cards (ms):       Min:  0.0, Avg:  0.0, Max:  0.0, Diff:  0.0, Sum:  0.0, Workers: 5
[0.894s][debug][gc,phases         ] GC(48)       Recalculate Used Memory (ms):  Min:  0.0, Avg:  0.0, Max:  0.0, Diff:  0.0, Sum:  0.0, Workers: 1
[0.894s][debug][gc,phases         ] GC(48)       Remove Self Forwards (ms):     Min:  0.0, Avg:  0.0, Max:  0.0, Diff:  0.0, Sum:  0.0, Workers: 5
[0.894s][debug][gc,phases         ] GC(48)     Post Evacuate Cleanup 2: 0.2ms
[0.894s][debug][gc,phases         ] GC(48)       Recalculate Used Memory (ms):  Min:  0.0, Avg:  0.0, Max:  0.0, Diff:  0.0, Sum:  0.0, Workers: 1
[0.894s][debug][gc,phases         ] GC(48)       Restore Preserved Marks (ms):  Min:  0.0, Avg:  0.0, Max:  0.0, Diff:  0.0, Sum:  0.0, Workers: 12
[0.894s][debug][gc,phases         ] GC(48)       Reset Hot Card Cache (ms):     Min:  0.0, Avg:  0.0, Max:  0.0, Diff:  0.0, Sum:  0.0, Workers: 1
[0.894s][debug][gc,phases         ] GC(48)       Purge Code Roots (ms):         Min:  0.0, Avg:  0.0, Max:  0.0, Diff:  0.0, Sum:  0.0, Workers: 1
[0.894s][debug][gc,phases         ] GC(48)       Update Derived Pointers (ms):  Min:  0.0, Avg:  0.0, Max:  0.0, Diff:  0.0, Sum:  0.0, Workers: 1
[0.894s][debug][gc,phases         ] GC(48)       Eagerly Reclaim Humongous Objects (ms): Min:  0.0, Avg:  0.0, Max:  0.0, Diff:  0.0, Sum:  0.0, Workers: 1
[0.894s][debug][gc,phases         ] GC(48)         Humongous Total                Min: 32, Avg: 32.0, Max: 32, Diff: 0, Sum: 32, Workers: 1
[0.894s][debug][gc,phases         ] GC(48)         Humongous Candidates           Min: 32, Avg: 32.0, Max: 32, Diff: 0, Sum: 32, Workers: 1
[0.894s][debug][gc,phases         ] GC(48)         Humongous Reclaimed            Min: 0, Avg:  0.0, Max: 0, Diff: 0, Sum: 0, Workers: 1
[0.894s][debug][gc,phases         ] GC(48)       Redirty Logged Cards (ms):     Min:  0.0, Avg:  0.0, Max:  0.0, Diff:  0.0, Sum:  0.0, Workers: 12
[0.894s][debug][gc,phases         ] GC(48)         Redirtied Cards:               Min: 0, Avg:  1.5, Max: 18, Diff: 18, Sum: 18, Workers: 12
[0.894s][debug][gc,phases         ] GC(48)       Free Collection Set (ms):      Min:  0.0, Avg:  0.0, Max:  0.0, Diff:  0.0, Sum:  0.0, Workers: 12
[0.895s][debug][gc,phases         ] GC(48)     Rebuild Free List: 0.2ms
[0.895s][debug][gc,phases         ] GC(48)     Start New Collection Set: 0.0ms
[0.895s][debug][gc,phases         ] GC(48)     Resize TLABs: 0.0ms
[0.895s][debug][gc,phases         ] GC(48)     Expand Heap After Collection: 0.0ms
[0.895s][info ][gc,phases         ] GC(48)   Other: 0.2ms
[0.895s][info ][gc,heap           ] GC(48) Eden regions: 1->0(11)
[0.895s][info ][gc,heap           ] GC(48) Survivor regions: 2->1(1)
[0.895s][info ][gc,heap           ] GC(48) Old regions: 159->161
[0.895s][info ][gc,heap           ] GC(48) Archive regions: 2->2
[0.895s][info ][gc,heap           ] GC(48) Humongous regions: 91->91
[0.895s][info ][gc,metaspace      ] GC(48) Metaspace: 136K(320K)->136K(320K) NonClass: 131K(192K)->131K(192K) Class: 5K(128K)->5K(128K)
[0.895s][debug][gc,heap           ] GC(48) Heap after GC invocations=47 (full 3):
[0.895s][debug][gc,heap           ] GC(48)  garbage-first heap   total 262144K, used 247710K [0x00000000f0000000, 0x0000000100000000)
[0.895s][debug][gc,heap           ] GC(48)   region size 1024K, 1 young (1024K), 1 survivors (1024K)
[0.895s][debug][gc,heap           ] GC(48)  Metaspace       used 136K, committed 320K, reserved 1114112K
[0.895s][debug][gc,heap           ] GC(48)   class space    used 5K, committed 128K, reserved 1048576K
[0.895s][info ][gc                ] GC(48) Pause Young (Prepare Mixed) (G1 Preventive Collection) 240M->241M(256M) 3.628ms
[0.895s][info ][gc,cpu            ] GC(48) User=0.00s Sys=0.01s Real=0.01s
[0.895s][info ][gc,marking        ] GC(46) Concurrent Cleanup for Next Mark 4.148ms
[0.895s][info ][gc                ] GC(46) Concurrent Mark Cycle 12.633ms
[0.897s][debug][gc,heap           ] GC(49) Heap before GC invocations=47 (full 3):
[0.897s][debug][gc,heap           ] GC(49)  garbage-first heap   total 262144K, used 247710K [0x00000000f0000000, 0x0000000100000000)
[0.897s][debug][gc,heap           ] GC(49)   region size 1024K, 2 young (2048K), 1 survivors (1024K)
[0.897s][debug][gc,heap           ] GC(49)  Metaspace       used 136K, committed 320K, reserved 1114112K
[0.897s][debug][gc,heap           ] GC(49)   class space    used 5K, committed 128K, reserved 1048576K
[0.897s][info ][gc,start          ] GC(49) Pause Young (Mixed) (G1 Evacuation Pause)
[0.897s][info ][gc,task           ] GC(49) Using 12 workers of 13 for evacuation
[0.897s][debug][gc,tlab           ] GC(49) TLAB totals: thrds: 5  refills: 5 max: 1 slow allocs: 7 max 2 waste: 39.4% gc: 213096B max: 43104B slow: 0B max: 0B
[0.897s][debug][gc,age            ] GC(49) Desired survivor size 1048576 bytes, new threshold 15 (max threshold 15)
[0.897s][debug][gc,refine,stats   ] GC(49) Mutator refinement: 0.00ms, refined: 0, precleaned: 0, dirtied: 4
[0.897s][debug][gc,refine,stats   ] GC(49) Concurrent refinement: 0.00ms, refined: 0, precleaned: 0, dirtied: 0
[0.897s][debug][gc,refine,stats   ] GC(49) Total refinement: 0.00ms, refined: 0, precleaned: 0, dirtied: 4
[0.897s][debug][gc,refine,stats   ] GC(49) Generate dirty cards rate: 0.46 cards/ms
[0.897s][debug][gc,alloc,region   ] GC(49) Mutator Allocation stats, regions: 1, wasted size: 0B ( 0.0%)
[0.897s][debug][gc,ergo,cset      ] GC(49) Start adding old regions to collection set. Min 1 regions, max 26 regions, time remaining 48.57ms, optional threshold 9.71ms
[0.897s][debug][gc,ergo,cset      ] GC(49) Old candidate collection set empty.
[0.897s][debug][gc,ergo,cset      ] GC(49) Finish choosing collection set old regions. Initial: 1, optional: 0, predicted old time: 0.00ms, predicted optional time: 0.00ms, time remaining: 48.46
[0.897s][debug][gc,humongous      ] GC(49) Humongous region 0 (object size 1048592 @ 0x00000000f0000000) remset 0 code roots 0 marked 0 reclaim candidate 1 type array 1
[0.897s][debug][gc,humongous      ] GC(49) Humongous region 2 (object size 1048592 @ 0x00000000f0200000) remset 0 code roots 0 marked 0 reclaim candidate 1 type array 1
[0.897s][debug][gc,humongous      ] GC(49) Humongous region 4 (object size 1048592 @ 0x00000000f0400000) remset 0 code roots 0 marked 0 reclaim candidate 1 type array 1
[0.897s][debug][gc,humongous      ] GC(49) Humongous region 42 (object size 1048592 @ 0x00000000f2a00000) remset 0 code roots 0 marked 0 reclaim candidate 1 type array 1
[0.897s][debug][gc,humongous      ] GC(49) Humongous region 64 (object size 1048592 @ 0x00000000f4000000) remset 0 code roots 0 marked 0 reclaim candidate 1 type array 1
[0.898s][debug][gc,humongous      ] GC(49) Humongous region 60 (object size 1048592 @ 0x00000000f3c00000) remset 0 code roots 0 marked 0 reclaim candidate 1 type array 1
[0.898s][debug][gc,humongous      ] GC(49) Humongous region 216 (object size 10485776 @ 0x00000000fd800000) remset 0 code roots 0 marked 0 reclaim candidate 1 type array 1
[0.897s][debug][gc,humongous      ] GC(49) Humongous region 85 (object size 10485776 @ 0x00000000f5500000) remset 0 code roots 0 marked 0 reclaim candidate 1 type array 1
[0.898s][debug][gc,humongous      ] GC(49) Humongous region 8 (object size 1048592 @ 0x00000000f0800000) remset 0 code roots 0 marked 0 reclaim candidate 1 type array 1
[0.898s][debug][gc,humongous      ] GC(49) Humongous region 6 (object size 1048592 @ 0x00000000f0600000) remset 0 code roots 0 marked 0 reclaim candidate 1 type array 1
[0.898s][debug][gc,humongous      ] GC(49) Humongous region 12 (object size 1048592 @ 0x00000000f0c00000) remset 0 code roots 0 marked 0 reclaim candidate 1 type array 1
[0.898s][debug][gc,humongous      ] GC(49) Humongous region 205 (object size 1048592 @ 0x00000000fcd00000) remset 0 code roots 0 marked 0 reclaim candidate 1 type array 1
[0.898s][debug][gc,humongous      ] GC(49) Humongous region 14 (object size 1048592 @ 0x00000000f0e00000) remset 0 code roots 0 marked 0 reclaim candidate 1 type array 1
[0.898s][debug][gc,humongous      ] GC(49) Humongous region 203 (object size 1048592 @ 0x00000000fcb00000) remset 0 code roots 0 marked 0 reclaim candidate 1 type array 1
[0.898s][debug][gc,humongous      ] GC(49) Humongous region 24 (object size 1048592 @ 0x00000000f1800000) remset 0 code roots 0 marked 0 reclaim candidate 1 type array 1
[0.898s][debug][gc,humongous      ] GC(49) Humongous region 238 (object size 1048592 @ 0x00000000fee00000) remset 0 code roots 0 marked 0 reclaim candidate 1 type array 1
[0.898s][debug][gc,humongous      ] GC(49) Humongous region 28 (object size 1048592 @ 0x00000000f1c00000) remset 0 code roots 0 marked 0 reclaim candidate 1 type array 1
[0.897s][debug][gc,humongous      ] GC(49) Humongous region 126 (object size 1048592 @ 0x00000000f7e00000) remset 0 code roots 0 marked 0 reclaim candidate 1 type array 1
[0.898s][debug][gc,humongous      ] GC(49) Humongous region 30 (object size 1048592 @ 0x00000000f1e00000) remset 0 code roots 0 marked 0 reclaim candidate 1 type array 1
[0.898s][debug][gc,humongous      ] GC(49) Humongous region 10 (object size 1048592 @ 0x00000000f0a00000) remset 0 code roots 0 marked 0 reclaim candidate 1 type array 1
[0.898s][debug][gc,humongous      ] GC(49) Humongous region 34 (object size 1048592 @ 0x00000000f2200000) remset 0 code roots 0 marked 0 reclaim candidate 1 type array 1
[0.897s][debug][gc,humongous      ] GC(49) Humongous region 22 (object size 1048592 @ 0x00000000f1600000) remset 0 code roots 0 marked 0 reclaim candidate 1 type array 1
[0.898s][debug][gc,humongous      ] GC(49) Humongous region 18 (object size 1048592 @ 0x00000000f1200000) remset 0 code roots 0 marked 0 reclaim candidate 1 type array 1
[0.898s][debug][gc,humongous      ] GC(49) Humongous region 26 (object size 1048592 @ 0x00000000f1a00000) remset 0 code roots 0 marked 0 reclaim candidate 1 type array 1
[0.898s][debug][gc,humongous      ] GC(49) Humongous region 16 (object size 1048592 @ 0x00000000f1000000) remset 0 code roots 0 marked 0 reclaim candidate 1 type array 1
[0.898s][debug][gc,humongous      ] GC(49) Humongous region 83 (object size 1048592 @ 0x00000000f5300000) remset 0 code roots 0 marked 0 reclaim candidate 1 type array 1
[0.898s][debug][gc,humongous      ] GC(49) Humongous region 20 (object size 1048592 @ 0x00000000f1400000) remset 0 code roots 0 marked 0 reclaim candidate 1 type array 1
[0.898s][debug][gc,humongous      ] GC(49) Humongous region 36 (object size 1048592 @ 0x00000000f2400000) remset 0 code roots 0 marked 0 reclaim candidate 1 type array 1
[0.898s][debug][gc,humongous      ] GC(49) Humongous region 38 (object size 1048592 @ 0x00000000f2600000) remset 0 code roots 0 marked 0 reclaim candidate 1 type array 1
[0.898s][debug][gc,humongous      ] GC(49) Humongous region 244 (object size 1048592 @ 0x00000000ff400000) remset 0 code roots 0 marked 0 reclaim candidate 1 type array 1
[0.898s][debug][gc,humongous      ] GC(49) Humongous region 32 (object size 1048592 @ 0x00000000f2000000) remset 0 code roots 0 marked 0 reclaim candidate 1 type array 1
[0.898s][debug][gc,humongous      ] GC(49) Humongous region 159 (object size 10485776 @ 0x00000000f9f00000) remset 0 code roots 0 marked 0 reclaim candidate 1 type array 1
[0.898s][debug][gc,ergo           ] GC(49) Running G1 Merge Heap Roots using 12 workers for 3 regions
[0.898s][debug][gc,remset         ] GC(49) Visited cards 64 Total dirty 4096 (1.56%) Total old 530432 (0.01%)
[0.898s][debug][gc,ergo,heap      ] GC(49) Attempt heap expansion (region allocation request failed). Allocation request: 65552B
[0.899s][debug][gc,ergo,heap      ] GC(49) Did not expand the heap (heap already fully expanded)
[0.899s][debug][gc,ref            ] GC(49) Skipped phase 1 of Reference Processing: no references
[0.899s][debug][gc,ref            ] GC(49) Skipped phase 2 of Reference Processing: no references
[0.899s][debug][gc,ref            ] GC(49) Skipped phase 3 of Reference Processing: no references
[0.899s][debug][gc,ref            ] GC(49) Skipped phase 4 of Reference Processing: no references
[0.899s][debug][gc,ergo           ] GC(49) Running G1 Rebuild Free List Task using 12 workers for rebuilding free list of regions
[0.899s][debug][gc,plab           ] GC(49) Young PLAB allocation: allocated: 0B, wasted: 0B, unused: 0B, used: 0B, undo waste: 0B, 
[0.899s][debug][gc,plab           ] GC(49) Young other allocation: region end waste: 0B, regions filled: 0, direct allocated: 0B, failure used: 0B, failure wasted: 0B
[0.899s][debug][gc,plab           ] GC(49) Young sizing: calculated: 0B, actual: 2064B
[0.899s][debug][gc,plab           ] GC(49) Old PLAB allocation: allocated: 0B, wasted: 0B, unused: 0B, used: 0B, undo waste: 0B, 
[0.899s][debug][gc,plab           ] GC(49) Old other allocation: region end waste: 0B, regions filled: 0, direct allocated: 0B, failure used: 1966560B, failure wasted: 1179168B
[0.899s][debug][gc,plab           ] GC(49) Old sizing: calculated: 0B, actual: 2064B
[0.899s][debug][gc,ergo,heap      ] GC(49) Heap expansion: short term pause time ratio 15.32% long term pause time ratio 21.61% threshold 7.69% pause time ratio 7.69% fully expanded true resize by 0B
[0.899s][debug][gc,ergo,ihop      ] GC(49) Do not request concurrent cycle initiation (still doing mixed collections) occupancy: 268435456B allocation request: 0B threshold: 218928761B (81.56) source: end of GC
[0.899s][debug][gc,mmu            ] GC(49) MMU: 17.7ms (50.0ms/51.0ms)
[0.899s][debug][gc,ergo           ] GC(49) do not continue mixed GCs (candidate old regions not available)
[0.899s][debug][gc,ergo,ihop      ] GC(49) Request concurrent cycle initiation (occupancy higher than threshold) occupancy: 268435456B allocation request: 0B threshold: 218928761B (81.56) source: end of GC
[0.899s][debug][gc,alloc,stats    ] Old generation allocation in the last mutator period, old gen allocated: 2097152B, humongous allocated: 0B,old gen growth: 2097152B.
[0.899s][debug][gc,ihop           ] GC(49) Basic information (value update), threshold: 219098135B (81.62), target occupancy: 268435456B, current occupancy: 254655272B, recent allocation size: 2097152B, recent allocation duration: 2.44ms, recent old gen allocation rate: 859473025.90B/s, recent marking phase length: 9.93ms
[0.899s][debug][gc,ihop           ] GC(49) Adaptive IHOP information (value update), threshold: 219098135B (96.02), internal target occupancy: 228170137B, occupancy: 254655272B, additional buffer size: 0B, predicted old gen allocation rate: 172811437.62B/s, predicted marking phase length: 52.50ms, prediction active: true
[0.899s][debug][gc,ergo,refine    ] GC(49) Concurrent refinement times: Logged Cards Scan time goal: 5.00ms Logged Cards Scan time: 0.00ms HCC time: 0.00ms
[0.899s][debug][gc,ergo,refine    ] GC(49) Updated Refinement Zones: green: 3328, yellow: 9984, red: 16640
[0.899s][info ][gc                ] GC(49) To-space exhausted
[0.900s][info ][gc,phases         ] GC(49)   Pre Evacuate Collection Set: 0.8ms
[0.900s][debug][gc,phases         ] GC(49)     Prepare TLABs: 0.0ms
[0.900s][debug][gc,phases         ] GC(49)     Concatenate Dirty Card Logs: 0.0ms
[0.900s][debug][gc,phases         ] GC(49)     Choose Collection Set: 0.0ms
[0.900s][debug][gc,phases         ] GC(49)     Region Register: 0.8ms
[0.900s][debug][gc,phases         ] GC(49)     Prepare Heap Roots: 0.0ms
[0.900s][info ][gc,phases         ] GC(49)   Merge Heap Roots: 0.3ms
[0.900s][debug][gc,phases         ] GC(49)     Prepare Merge Heap Roots: 0.0ms
[0.900s][debug][gc,phases         ] GC(49)     Eager Reclaim (ms):            Min:  0.0, Avg:  0.0, Max:  0.0, Diff:  0.0, Sum:  0.0, Workers: 1
[0.900s][debug][gc,phases         ] GC(49)     Remembered Sets (ms):          Min:  0.0, Avg:  0.0, Max:  0.0, Diff:  0.0, Sum:  0.0, Workers: 12
[0.900s][debug][gc,phases         ] GC(49)       Merged Sparse:                 Min: 0, Avg:  0.1, Max: 1, Diff: 1, Sum: 1, Workers: 12
[0.900s][debug][gc,phases         ] GC(49)       Merged Fine:                   Min: 0, Avg:  0.0, Max: 0, Diff: 0, Sum: 0, Workers: 12
[0.900s][debug][gc,phases         ] GC(49)       Merged Coarse:                 Min: 0, Avg:  0.0, Max: 0, Diff: 0, Sum: 0, Workers: 12
[0.900s][debug][gc,phases         ] GC(49)       Dirty Cards:                   Min: 0, Avg:  0.0, Max: 0, Diff: 0, Sum: 0, Workers: 12
[0.900s][debug][gc,phases         ] GC(49)     Hot Card Cache (ms):           Min:  0.0, Avg:  0.0, Max:  0.0, Diff:  0.0, Sum:  0.0, Workers: 12
[0.900s][debug][gc,phases         ] GC(49)       Dirty Cards:                   Min: 0, Avg:  0.0, Max: 0, Diff: 0, Sum: 0, Workers: 12
[0.900s][debug][gc,phases         ] GC(49)       Skipped Cards:                 Min: 0, Avg:  0.0, Max: 0, Diff: 0, Sum: 0, Workers: 12
[0.900s][debug][gc,phases         ] GC(49)     Log Buffers (ms):              Min:  0.0, Avg:  0.0, Max:  0.0, Diff:  0.0, Sum:  0.0, Workers: 12
[0.900s][debug][gc,phases         ] GC(49)       Dirty Cards:                   Min: 0, Avg:  1.2, Max: 14, Diff: 14, Sum: 14, Workers: 12
[0.900s][debug][gc,phases         ] GC(49)       Skipped Cards:                 Min: 0, Avg:  0.0, Max: 0, Diff: 0, Sum: 0, Workers: 12
[0.900s][info ][gc,phases         ] GC(49)   Evacuate Collection Set: 0.5ms
[0.900s][debug][gc,phases         ] GC(49)     Ext Root Scanning (ms):        Min:  0.0, Avg:  0.0, Max:  0.2, Diff:  0.2, Sum:  0.5, Workers: 12
[0.900s][debug][gc,phases         ] GC(49)     Scan Heap Roots (ms):          Min:  0.0, Avg:  0.0, Max:  0.0, Diff:  0.0, Sum:  0.1, Workers: 12
[0.900s][debug][gc,phases         ] GC(49)       Scanned Cards:                 Min: 0, Avg:  1.5, Max: 17, Diff: 17, Sum: 18, Workers: 12
[0.900s][debug][gc,phases         ] GC(49)       Scanned Blocks:                Min: 0, Avg:  0.2, Max: 1, Diff: 1, Sum: 2, Workers: 12
[0.900s][debug][gc,phases         ] GC(49)       Claimed Chunks:                Min: 0, Avg:  0.2, Max: 1, Diff: 1, Sum: 2, Workers: 12
[0.900s][debug][gc,phases         ] GC(49)     Code Root Scan (ms):           Min:  0.0, Avg:  0.0, Max:  0.0, Diff:  0.0, Sum:  0.0, Workers: 12
[0.900s][debug][gc,phases         ] GC(49)     Object Copy (ms):              Min:  0.0, Avg:  0.0, Max:  0.0, Diff:  0.0, Sum:  0.0, Workers: 12
[0.900s][debug][gc,phases         ] GC(49)     Termination (ms):              Min:  0.1, Avg:  0.3, Max:  0.3, Diff:  0.2, Sum:  3.4, Workers: 12
[0.900s][debug][gc,phases         ] GC(49)       Termination Attempts:          Min: 1, Avg:  1.0, Max: 1, Diff: 0, Sum: 12, Workers: 12
[0.900s][debug][gc,phases         ] GC(49)     GC Worker Other (ms):          Min:  0.0, Avg:  0.0, Max:  0.0, Diff:  0.0, Sum:  0.1, Workers: 12
[0.900s][debug][gc,phases         ] GC(49)     GC Worker Total (ms):          Min:  0.3, Avg:  0.3, Max:  0.4, Diff:  0.1, Sum:  4.1, Workers: 12
[0.900s][info ][gc,phases         ] GC(49)   Post Evacuate Collection Set: 0.5ms
[0.900s][debug][gc,phases         ] GC(49)     Code Roots Fixup: 0.0ms
[0.900s][debug][gc,phases         ] GC(49)     Reference Processing: 0.0ms
[0.900s][debug][gc,phases,ref     ] GC(49)       Reconsider SoftReferences: 0.0ms
[0.900s][debug][gc,phases,ref     ] GC(49)         SoftRef (ms):                  skipped
[0.900s][debug][gc,phases,ref     ] GC(49)       Notify Soft/WeakReferences: 0.0ms
[0.900s][debug][gc,phases,ref     ] GC(49)         SoftRef (ms):                  skipped
[0.900s][debug][gc,phases,ref     ] GC(49)         WeakRef (ms):                  skipped
[0.900s][debug][gc,phases,ref     ] GC(49)         FinalRef (ms):                 skipped
[0.900s][debug][gc,phases,ref     ] GC(49)         Total (ms):                    skipped
[0.900s][debug][gc,phases,ref     ] GC(49)       Notify and keep alive finalizable: 0.0ms
[0.900s][debug][gc,phases,ref     ] GC(49)         FinalRef (ms):                 skipped
[0.900s][debug][gc,phases,ref     ] GC(49)       Notify PhantomReferences: 0.0ms
[0.900s][debug][gc,phases,ref     ] GC(49)         PhantomRef (ms):               skipped
[0.900s][debug][gc,phases,ref     ] GC(49)       SoftReference:
[0.900s][debug][gc,phases,ref     ] GC(49)         Discovered: 0
[0.900s][debug][gc,phases,ref     ] GC(49)         Cleared: 0
[0.900s][debug][gc,phases,ref     ] GC(49)       WeakReference:
[0.900s][debug][gc,phases,ref     ] GC(49)         Discovered: 0
[0.900s][debug][gc,phases,ref     ] GC(49)         Cleared: 0
[0.900s][debug][gc,phases,ref     ] GC(49)       FinalReference:
[0.900s][debug][gc,phases,ref     ] GC(49)         Discovered: 0
[0.900s][debug][gc,phases,ref     ] GC(49)         Cleared: 0
[0.900s][debug][gc,phases,ref     ] GC(49)       PhantomReference:
[0.900s][debug][gc,phases,ref     ] GC(49)         Discovered: 0
[0.900s][debug][gc,phases,ref     ] GC(49)         Cleared: 0
[0.900s][debug][gc,phases         ] GC(49)     Weak Processing: 0.0ms
[0.900s][debug][gc,phases         ] GC(49)       VM Weak                        Min:  0.0, Avg:  0.0, Max:  0.0, Diff:  0.0, Sum:  0.0, Workers: 1
[0.900s][debug][gc,phases         ] GC(49)         Dead                           Min: 0, Avg:  0.0, Max: 0, Diff: 0, Sum: 0, Workers: 1
[0.900s][debug][gc,phases         ] GC(49)         Total                          Min: 4, Avg:  4.0, Max: 4, Diff: 0, Sum: 4, Workers: 1
[0.900s][debug][gc,phases         ] GC(49)       ObjectSynchronizer Weak        Min:  0.0, Avg:  0.0, Max:  0.0, Diff:  0.0, Sum:  0.0, Workers: 1
[0.900s][debug][gc,phases         ] GC(49)         Dead                           Min: 0, Avg:  0.0, Max: 0, Diff: 0, Sum: 0, Workers: 1
[0.900s][debug][gc,phases         ] GC(49)         Total                          Min: 4, Avg:  4.0, Max: 4, Diff: 0, Sum: 4, Workers: 1
[0.900s][debug][gc,phases         ] GC(49)       JVMTI Tag Weak OopStorage      Min:  0.0, Avg:  0.0, Max:  0.0, Diff:  0.0, Sum:  0.0, Workers: 1
[0.900s][debug][gc,phases         ] GC(49)         Dead                           Min: 0, Avg:  0.0, Max: 0, Diff: 0, Sum: 0, Workers: 1
[0.900s][debug][gc,phases         ] GC(49)         Total                          Min: 0, Avg:  0.0, Max: 0, Diff: 0, Sum: 0, Workers: 1
[0.900s][debug][gc,phases         ] GC(49)       StringTable Weak               Min:  0.0, Avg:  0.0, Max:  0.0, Diff:  0.0, Sum:  0.0, Workers: 1
[0.900s][debug][gc,phases         ] GC(49)         Dead                           Min: 0, Avg:  0.0, Max: 0, Diff: 0, Sum: 0, Workers: 1
[0.900s][debug][gc,phases         ] GC(49)         Total                          Min: 39, Avg: 39.0, Max: 39, Diff: 0, Sum: 39, Workers: 1
[0.900s][debug][gc,phases         ] GC(49)       ResolvedMethodTable Weak       Min:  0.0, Avg:  0.0, Max:  0.0, Diff:  0.0, Sum:  0.0, Workers: 1
[0.900s][debug][gc,phases         ] GC(49)         Dead                           Min: 0, Avg:  0.0, Max: 0, Diff: 0, Sum: 0, Workers: 1
[0.900s][debug][gc,phases         ] GC(49)         Total                          Min: 22, Avg: 22.0, Max: 22, Diff: 0, Sum: 22, Workers: 1
[0.900s][debug][gc,phases         ] GC(49)       JNI Weak                       Min:  0.0, Avg:  0.0, Max:  0.0, Diff:  0.0, Sum:  0.0, Workers: 1
[0.900s][debug][gc,phases         ] GC(49)         Dead                           Min: 0, Avg:  0.0, Max: 0, Diff: 0, Sum: 0, Workers: 1
[0.900s][debug][gc,phases         ] GC(49)         Total                          Min: 0, Avg:  0.0, Max: 0, Diff: 0, Sum: 0, Workers: 1
[0.900s][debug][gc,phases         ] GC(49)       StringDedup Table Weak         Min:  0.0, Avg:  0.0, Max:  0.0, Diff:  0.0, Sum:  0.0, Workers: 1
[0.900s][debug][gc,phases         ] GC(49)         Dead                           Min: 0, Avg:  0.0, Max: 0, Diff: 0, Sum: 0, Workers: 1
[0.900s][debug][gc,phases         ] GC(49)         Total                          Min: 0, Avg:  0.0, Max: 0, Diff: 0, Sum: 0, Workers: 1
[0.900s][debug][gc,phases         ] GC(49)       StringDedup Requests0 Weak     Min:  0.0, Avg:  0.0, Max:  0.0, Diff:  0.0, Sum:  0.0, Workers: 1
[0.900s][debug][gc,phases         ] GC(49)         Dead                           Min: 0, Avg:  0.0, Max: 0, Diff: 0, Sum: 0, Workers: 1
[0.900s][debug][gc,phases         ] GC(49)         Total                          Min: 0, Avg:  0.0, Max: 0, Diff: 0, Sum: 0, Workers: 1
[0.900s][debug][gc,phases         ] GC(49)       StringDedup Requests1 Weak     Min:  0.0, Avg:  0.0, Max:  0.0, Diff:  0.0, Sum:  0.0, Workers: 1
[0.900s][debug][gc,phases         ] GC(49)         Dead                           Min: 0, Avg:  0.0, Max: 0, Diff: 0, Sum: 0, Workers: 1
[0.900s][debug][gc,phases         ] GC(49)         Total                          Min: 0, Avg:  0.0, Max: 0, Diff: 0, Sum: 0, Workers: 1
[0.900s][debug][gc,phases         ] GC(49)       Weak JFR Old Object Samples    Min:  0.0, Avg:  0.0, Max:  0.0, Diff:  0.0, Sum:  0.0, Workers: 1
[0.900s][debug][gc,phases         ] GC(49)         Dead                           Min: 0, Avg:  0.0, Max: 0, Diff: 0, Sum: 0, Workers: 1
[0.900s][debug][gc,phases         ] GC(49)         Total                          Min: 0, Avg:  0.0, Max: 0, Diff: 0, Sum: 0, Workers: 1
[0.900s][debug][gc,phases         ] GC(49)     Post Evacuate Cleanup 1: 0.1ms
[0.900s][debug][gc,phases         ] GC(49)       Merge Per-Thread State (ms):   Min:  0.0, Avg:  0.0, Max:  0.0, Diff:  0.0, Sum:  0.0, Workers: 1
[0.900s][debug][gc,phases         ] GC(49)         Copied Bytes                   Min: 0, Avg:  0.0, Max: 0, Diff: 0, Sum: 0, Workers: 12
[0.900s][debug][gc,phases         ] GC(49)         LAB Waste                      Min: 0, Avg:  0.0, Max: 0, Diff: 0, Sum: 0, Workers: 12
[0.900s][debug][gc,phases         ] GC(49)         LAB Undo Waste                 Min: 0, Avg:  0.0, Max: 0, Diff: 0, Sum: 0, Workers: 12
[0.900s][debug][gc,phases         ] GC(49)       Clear Logged Cards (ms):       Min:  0.0, Avg:  0.0, Max:  0.0, Diff:  0.0, Sum:  0.0, Workers: 6
[0.900s][debug][gc,phases         ] GC(49)       Recalculate Used Memory (ms):  Min:  0.0, Avg:  0.0, Max:  0.0, Diff:  0.0, Sum:  0.0, Workers: 1
[0.900s][debug][gc,phases         ] GC(49)       Remove Self Forwards (ms):     Min:  0.0, Avg:  0.0, Max:  0.0, Diff:  0.0, Sum:  0.0, Workers: 6
[0.900s][debug][gc,phases         ] GC(49)     Post Evacuate Cleanup 2: 0.2ms
[0.900s][debug][gc,phases         ] GC(49)       Recalculate Used Memory (ms):  Min:  0.0, Avg:  0.0, Max:  0.0, Diff:  0.0, Sum:  0.0, Workers: 1
[0.900s][debug][gc,phases         ] GC(49)       Restore Preserved Marks (ms):  Min:  0.0, Avg:  0.0, Max:  0.0, Diff:  0.0, Sum:  0.0, Workers: 12
[0.900s][debug][gc,phases         ] GC(49)       Reset Hot Card Cache (ms):     Min:  0.0, Avg:  0.0, Max:  0.0, Diff:  0.0, Sum:  0.0, Workers: 1
[0.900s][debug][gc,phases         ] GC(49)       Purge Code Roots (ms):         Min:  0.0, Avg:  0.0, Max:  0.0, Diff:  0.0, Sum:  0.0, Workers: 1
[0.900s][debug][gc,phases         ] GC(49)       Update Derived Pointers (ms):  Min:  0.0, Avg:  0.0, Max:  0.0, Diff:  0.0, Sum:  0.0, Workers: 1
[0.900s][debug][gc,phases         ] GC(49)       Eagerly Reclaim Humongous Objects (ms): Min:  0.0, Avg:  0.0, Max:  0.0, Diff:  0.0, Sum:  0.0, Workers: 1
[0.900s][debug][gc,phases         ] GC(49)         Humongous Total                Min: 32, Avg: 32.0, Max: 32, Diff: 0, Sum: 32, Workers: 1
[0.900s][debug][gc,phases         ] GC(49)         Humongous Candidates           Min: 32, Avg: 32.0, Max: 32, Diff: 0, Sum: 32, Workers: 1
[0.900s][debug][gc,phases         ] GC(49)         Humongous Reclaimed            Min: 0, Avg:  0.0, Max: 0, Diff: 0, Sum: 0, Workers: 1
[0.900s][debug][gc,phases         ] GC(49)       Redirty Logged Cards (ms):     Min:  0.0, Avg:  0.0, Max:  0.0, Diff:  0.0, Sum:  0.0, Workers: 12
[0.900s][debug][gc,phases         ] GC(49)         Redirtied Cards:               Min: 0, Avg:  1.3, Max: 16, Diff: 16, Sum: 16, Workers: 12
[0.900s][debug][gc,phases         ] GC(49)       Free Collection Set (ms):      Min:  0.0, Avg:  0.0, Max:  0.0, Diff:  0.0, Sum:  0.0, Workers: 12
[0.900s][debug][gc,phases         ] GC(49)     Rebuild Free List: 0.1ms
[0.900s][debug][gc,phases         ] GC(49)     Start New Collection Set: 0.0ms
[0.900s][debug][gc,phases         ] GC(49)     Resize TLABs: 0.0ms
[0.900s][debug][gc,phases         ] GC(49)     Expand Heap After Collection: 0.0ms
[0.900s][info ][gc,phases         ] GC(49)   Other: 0.2ms
[0.900s][info ][gc,heap           ] GC(49) Eden regions: 1->0(12)
[0.900s][info ][gc,heap           ] GC(49) Survivor regions: 1->0(0)
[0.900s][info ][gc,heap           ] GC(49) Old regions: 161->163
[0.900s][info ][gc,heap           ] GC(49) Archive regions: 2->2
[0.900s][info ][gc,heap           ] GC(49) Humongous regions: 91->91
[0.900s][info ][gc,metaspace      ] GC(49) Metaspace: 136K(320K)->136K(320K) NonClass: 131K(192K)->131K(192K) Class: 5K(128K)->5K(128K)
[0.900s][debug][gc,heap           ] GC(49) Heap after GC invocations=48 (full 3):
[0.900s][debug][gc,heap           ] GC(49)  garbage-first heap   total 262144K, used 248686K [0x00000000f0000000, 0x0000000100000000)
[0.900s][debug][gc,heap           ] GC(49)   region size 1024K, 0 young (0K), 0 survivors (0K)
[0.900s][debug][gc,heap           ] GC(49)  Metaspace       used 136K, committed 320K, reserved 1114112K
[0.900s][debug][gc,heap           ] GC(49)   class space    used 5K, committed 128K, reserved 1048576K
[0.900s][info ][gc                ] GC(49) Pause Young (Mixed) (G1 Evacuation Pause) 242M->242M(256M) 2.700ms
[0.900s][info ][gc,cpu            ] GC(49) User=0.00s Sys=0.00s Real=0.00s
[0.900s][debug][gc,ergo,heap      ] Attempt heap expansion (allocation request failed). Allocation request: 65552B
[0.900s][debug][gc,ergo,heap      ] Expand the heap. requested expansion amount: 1048576B expansion amount: 1048576B
[0.900s][debug][gc,ergo,heap      ] Did not expand the heap (heap already fully expanded)
[0.900s][info ][gc,ergo           ] Attempting full compaction
[0.900s][debug][gc,task           ] GC(50) Requesting 9 active workers for full compaction (waste limited workers: 13, adaptive workers: 9, used limited workers: 256)
[0.900s][info ][gc,task           ] GC(50) Using 9 workers of 13 for full compaction
[0.900s][info ][gc,start          ] GC(50) Pause Full (G1 Compaction Pause)
[0.900s][debug][gc,heap           ] GC(50) Heap before GC invocations=48 (full 3):
[0.900s][debug][gc,heap           ] GC(50)  garbage-first heap   total 262144K, used 248686K [0x00000000f0000000, 0x0000000100000000)
[0.900s][debug][gc,heap           ] GC(50)   region size 1024K, 0 young (0K), 0 survivors (0K)
[0.900s][debug][gc,heap           ] GC(50)  Metaspace       used 136K, committed 320K, reserved 1114112K
[0.900s][debug][gc,heap           ] GC(50)   class space    used 5K, committed 128K, reserved 1048576K
[0.900s][debug][gc,alloc,region   ] GC(50) Mutator Allocation stats, regions: 0, wasted size: 0B ( 0.0%)
[0.900s][info ][gc,phases,start   ] GC(50) Phase 1: Mark live objects
[0.901s][debug][gc,phases,start   ] GC(50) Phase 1: Reference Processing
[0.901s][debug][gc,ref            ] GC(50) Skipped phase 1 of Reference Processing: no references
[0.901s][debug][gc,ref            ] GC(50) ReferenceProcessor::execute queues: 1, RefProcThreadModel::Single, marks_oops_alive: false
[0.901s][debug][gc,ref            ] GC(50) Skipped phase 3 of Reference Processing: no references
[0.901s][debug][gc,ref            ] GC(50) Skipped phase 4 of Reference Processing: no references
[0.902s][debug][gc,phases,ref     ] GC(50) Reference Processing: 0.1ms
[0.902s][debug][gc,phases,ref     ] GC(50)   Reconsider SoftReferences: 0.0ms
[0.902s][debug][gc,phases,ref     ] GC(50)     SoftRef (ms):                  skipped
[0.902s][debug][gc,phases,ref     ] GC(50)   Notify Soft/WeakReferences: 0.1ms
[0.902s][debug][gc,phases,ref     ] GC(50)     SoftRef (ms):                  Min:  0.0, Avg:  0.0, Max:  0.0, Diff:  0.0, Sum:  0.0, Workers: 13
[0.902s][debug][gc,phases,ref     ] GC(50)     WeakRef (ms):                  Min:  0.0, Avg:  0.0, Max:  0.0, Diff:  0.0, Sum:  0.0, Workers: 13
[0.902s][debug][gc,phases,ref     ] GC(50)     FinalRef (ms):                 Min:  0.0, Avg:  0.0, Max:  0.0, Diff:  0.0, Sum:  0.0, Workers: 13
[0.902s][debug][gc,phases,ref     ] GC(50)     Total (ms):                    Min:  0.0, Avg:  0.0, Max:  0.0, Diff:  0.0, Sum:  0.0, Workers: 13
[0.902s][debug][gc,phases,ref     ] GC(50)   Notify and keep alive finalizable: 0.0ms
[0.902s][debug][gc,phases,ref     ] GC(50)     FinalRef (ms):                 skipped
[0.902s][debug][gc,phases,ref     ] GC(50)   Notify PhantomReferences: 0.0ms
[0.902s][debug][gc,phases,ref     ] GC(50)     PhantomRef (ms):               skipped
[0.902s][debug][gc,phases,ref     ] GC(50)   SoftReference:
[0.902s][debug][gc,phases,ref     ] GC(50)     Discovered: 0
[0.902s][debug][gc,phases,ref     ] GC(50)     Cleared: 0
[0.902s][debug][gc,phases,ref     ] GC(50)   WeakReference:
[0.902s][debug][gc,phases,ref     ] GC(50)     Discovered: 16
[0.902s][debug][gc,phases,ref     ] GC(50)     Cleared: 16
[0.902s][debug][gc,phases,ref     ] GC(50)   FinalReference:
[0.902s][debug][gc,phases,ref     ] GC(50)     Discovered: 0
[0.902s][debug][gc,phases,ref     ] GC(50)     Cleared: 0
[0.902s][debug][gc,phases,ref     ] GC(50)   PhantomReference:
[0.902s][debug][gc,phases,ref     ] GC(50)     Discovered: 0
[0.902s][debug][gc,phases,ref     ] GC(50)     Cleared: 0
[0.902s][debug][gc,phases         ] GC(50) Phase 1: Reference Processing 0.331ms
[0.902s][debug][gc,phases,start   ] GC(50) Phase 1: Weak Processing
[0.902s][debug][gc,phases         ] GC(50)   VM Weak                        Min:  0.0, Avg:  0.0, Max:  0.0, Diff:  0.0, Sum:  0.0, Workers: 1
[0.902s][debug][gc,phases         ] GC(50)     Dead                           Min: 0, Avg:  0.0, Max: 0, Diff: 0, Sum: 0, Workers: 1
[0.902s][debug][gc,phases         ] GC(50)     Total                          Min: 4, Avg:  4.0, Max: 4, Diff: 0, Sum: 4, Workers: 1
[0.902s][debug][gc,phases         ] GC(50)   ObjectSynchronizer Weak        Min:  0.0, Avg:  0.0, Max:  0.0, Diff:  0.0, Sum:  0.0, Workers: 1
[0.902s][debug][gc,phases         ] GC(50)     Dead                           Min: 0, Avg:  0.0, Max: 0, Diff: 0, Sum: 0, Workers: 1
[0.902s][debug][gc,phases         ] GC(50)     Total                          Min: 4, Avg:  4.0, Max: 4, Diff: 0, Sum: 4, Workers: 1
[0.902s][debug][gc,phases         ] GC(50)   JVMTI Tag Weak OopStorage      Min:  0.0, Avg:  0.0, Max:  0.0, Diff:  0.0, Sum:  0.0, Workers: 1
[0.902s][debug][gc,phases         ] GC(50)     Dead                           Min: 0, Avg:  0.0, Max: 0, Diff: 0, Sum: 0, Workers: 1
[0.902s][debug][gc,phases         ] GC(50)     Total                          Min: 0, Avg:  0.0, Max: 0, Diff: 0, Sum: 0, Workers: 1
[0.902s][debug][gc,phases         ] GC(50)   StringTable Weak               Min:  0.0, Avg:  0.0, Max:  0.0, Diff:  0.0, Sum:  0.0, Workers: 1
[0.902s][debug][gc,phases         ] GC(50)     Dead                           Min: 0, Avg:  0.0, Max: 0, Diff: 0, Sum: 0, Workers: 1
[0.902s][debug][gc,phases         ] GC(50)     Total                          Min: 39, Avg: 39.0, Max: 39, Diff: 0, Sum: 39, Workers: 1
[0.902s][debug][gc,phases         ] GC(50)   ResolvedMethodTable Weak       Min:  0.0, Avg:  0.0, Max:  0.0, Diff:  0.0, Sum:  0.0, Workers: 1
[0.902s][debug][gc,phases         ] GC(50)     Dead                           Min: 0, Avg:  0.0, Max: 0, Diff: 0, Sum: 0, Workers: 1
[0.902s][debug][gc,phases         ] GC(50)     Total                          Min: 22, Avg: 22.0, Max: 22, Diff: 0, Sum: 22, Workers: 1
[0.902s][debug][gc,phases         ] GC(50)   JNI Weak                       Min:  0.0, Avg:  0.0, Max:  0.0, Diff:  0.0, Sum:  0.0, Workers: 1
[0.902s][debug][gc,phases         ] GC(50)     Dead                           Min: 0, Avg:  0.0, Max: 0, Diff: 0, Sum: 0, Workers: 1
[0.902s][debug][gc,phases         ] GC(50)     Total                          Min: 0, Avg:  0.0, Max: 0, Diff: 0, Sum: 0, Workers: 1
[0.902s][debug][gc,phases         ] GC(50)   StringDedup Table Weak         Min:  0.0, Avg:  0.0, Max:  0.0, Diff:  0.0, Sum:  0.0, Workers: 1
[0.902s][debug][gc,phases         ] GC(50)     Dead                           Min: 0, Avg:  0.0, Max: 0, Diff: 0, Sum: 0, Workers: 1
[0.902s][debug][gc,phases         ] GC(50)     Total                          Min: 0, Avg:  0.0, Max: 0, Diff: 0, Sum: 0, Workers: 1
[0.902s][debug][gc,phases         ] GC(50)   StringDedup Requests0 Weak     Min:  0.0, Avg:  0.0, Max:  0.0, Diff:  0.0, Sum:  0.0, Workers: 1
[0.902s][debug][gc,phases         ] GC(50)     Dead                           Min: 0, Avg:  0.0, Max: 0, Diff: 0, Sum: 0, Workers: 1
[0.902s][debug][gc,phases         ] GC(50)     Total                          Min: 0, Avg:  0.0, Max: 0, Diff: 0, Sum: 0, Workers: 1
[0.902s][debug][gc,phases         ] GC(50)   StringDedup Requests1 Weak     Min:  0.0, Avg:  0.0, Max:  0.0, Diff:  0.0, Sum:  0.0, Workers: 1
[0.902s][debug][gc,phases         ] GC(50)     Dead                           Min: 0, Avg:  0.0, Max: 0, Diff: 0, Sum: 0, Workers: 1
[0.902s][debug][gc,phases         ] GC(50)     Total                          Min: 0, Avg:  0.0, Max: 0, Diff: 0, Sum: 0, Workers: 1
[0.902s][debug][gc,phases         ] GC(50)   Weak JFR Old Object Samples    Min:  0.0, Avg:  0.0, Max:  0.0, Diff:  0.0, Sum:  0.0, Workers: 1
[0.902s][debug][gc,phases         ] GC(50)     Dead                           Min: 0, Avg:  0.0, Max: 0, Diff: 0, Sum: 0, Workers: 1
[0.902s][debug][gc,phases         ] GC(50)     Total                          Min: 0, Avg:  0.0, Max: 0, Diff: 0, Sum: 0, Workers: 1
[0.902s][debug][gc,phases         ] GC(50) Phase 1: Weak Processing 0.258ms
[0.902s][debug][gc,phases,start   ] GC(50) Phase 1: Class Unloading and Cleanup
[0.902s][debug][gc,phases,start   ] GC(50) ClassLoaderData
[0.902s][debug][gc,phases         ] GC(50) ClassLoaderData 0.007ms
[0.902s][debug][gc,phases,start   ] GC(50) Trigger cleanups
[0.902s][debug][gc,phases         ] GC(50) Trigger cleanups 0.005ms
[0.902s][debug][gc,phases         ] GC(50) Phase 1: Class Unloading and Cleanup 0.192ms
[0.902s][debug][gc,phases,start   ] GC(50) Report Object Count
[0.902s][debug][gc,phases         ] GC(50) Report Object Count 0.006ms
[0.902s][info ][gc,phases         ] GC(50) Phase 1: Mark live objects 2.005ms
[0.902s][info ][gc,phases,start   ] GC(50) Phase 2: Prepare for compaction
[0.902s][info ][gc,phases         ] GC(50) Phase 2: Prepare for compaction 0.301ms
[0.902s][info ][gc,phases,start   ] GC(50) Phase 3: Adjust pointers
[0.903s][info ][gc,phases         ] GC(50) Phase 3: Adjust pointers 0.427ms
[0.903s][info ][gc,phases,start   ] GC(50) Phase 4: Compact heap
[0.913s][info ][gc,phases         ] GC(50) Phase 4: Compact heap 9.871ms
[0.913s][debug][gc,ergo           ] GC(50) Running G1 Clear Bitmap with 4 workers for 4 work units.
[0.913s][debug][gc,ergo,ihop      ] GC(50) Request concurrent cycle initiation (occupancy higher than threshold) occupancy: 266338304B allocation request: 0B threshold: 219098135B (81.62) source: end of Full GC
[0.913s][debug][gc,alloc,stats    ] Old generation allocation in the last mutator period, old gen allocated: 0B, humongous allocated: 0B,old gen growth: 0B.
[0.913s][info ][gc,heap           ] GC(50) Eden regions: 0->0(12)
[0.913s][info ][gc,heap           ] GC(50) Survivor regions: 0->0(0)
[0.913s][info ][gc,heap           ] GC(50) Old regions: 163->161
[0.913s][info ][gc,heap           ] GC(50) Archive regions: 2->2
[0.913s][info ][gc,heap           ] GC(50) Humongous regions: 91->91
[0.913s][info ][gc,metaspace      ] GC(50) Metaspace: 136K(320K)->136K(320K) NonClass: 131K(192K)->131K(192K) Class: 5K(128K)->5K(128K)
[0.913s][debug][gc,heap           ] GC(50) Heap after GC invocations=49 (full 4):
[0.913s][debug][gc,heap           ] GC(50)  garbage-first heap   total 262144K, used 243490K [0x00000000f0000000, 0x0000000100000000)
[0.913s][debug][gc,heap           ] GC(50)   region size 1024K, 0 young (0K), 0 survivors (0K)
[0.914s][debug][gc,heap           ] GC(50)  Metaspace       used 136K, committed 320K, reserved 1114112K
[0.914s][debug][gc,heap           ] GC(50)   class space    used 5K, committed 128K, reserved 1048576K
[0.914s][info ][gc                ] GC(50) Pause Full (G1 Compaction Pause) 242M->237M(256M) 13.447ms
[0.914s][info ][gc,cpu            ] GC(50) User=0.07s Sys=0.01s Real=0.02s
[0.916s][debug][gc,ergo,cset      ] Preventive GC, insufficient free regions. Predicted need 2. Curr Eden 1 (Pred 2). Curr Survivor 0 (Pred 0). Curr Old 161 (Pred 0) Free 1 Alloc 1
[0.916s][debug][gc,heap           ] GC(51) Heap before GC invocations=49 (full 4):
[0.916s][debug][gc,heap           ] GC(51)  garbage-first heap   total 262144K, used 243490K [0x00000000f0000000, 0x0000000100000000)
[0.916s][debug][gc,heap           ] GC(51)   region size 1024K, 1 young (1024K), 0 survivors (0K)
[0.916s][debug][gc,heap           ] GC(51)  Metaspace       used 136K, committed 320K, reserved 1114112K
[0.916s][debug][gc,heap           ] GC(51)   class space    used 5K, committed 128K, reserved 1048576K
[0.916s][debug][gc,ergo           ] GC(51) Initiate concurrent cycle (concurrent cycle initiation requested)
[0.916s][info ][gc,start          ] GC(51) Pause Young (Concurrent Start) (G1 Preventive Collection)
[0.916s][info ][gc,task           ] GC(51) Using 12 workers of 13 for evacuation
[0.916s][debug][gc,tlab           ] GC(51) TLAB totals: thrds: 5  refills: 5 max: 1 slow allocs: 8 max 2 waste: 41.5% gc: 232456B max: 47024B slow: 0B max: 0B
[0.916s][debug][gc,age            ] GC(51) Desired survivor size 1048576 bytes, new threshold 15 (max threshold 15)
[0.916s][debug][gc,refine,stats   ] GC(51) Mutator refinement: 0.00ms, refined: 0, precleaned: 0, dirtied: 19
[0.916s][debug][gc,refine,stats   ] GC(51) Concurrent refinement: 0.00ms, refined: 0, precleaned: 0, dirtied: 0
[0.916s][debug][gc,refine,stats   ] GC(51) Total refinement: 0.00ms, refined: 0, precleaned: 0, dirtied: 19
[0.916s][debug][gc,refine,stats   ] GC(51) Generate dirty cards rate: 0.68 cards/ms
[0.916s][debug][gc,alloc,region   ] GC(51) Mutator Allocation stats, regions: 1, wasted size: 0B ( 0.0%)
[0.916s][debug][gc,humongous      ] GC(51) Humongous region 0 (object size 1048592 @ 0x00000000f0000000) remset 0 code roots 0 marked 0 reclaim candidate 0 type array 1
[0.916s][debug][gc,humongous      ] GC(51) Humongous region 2 (object size 1048592 @ 0x00000000f0200000) remset 0 code roots 0 marked 0 reclaim candidate 0 type array 1
[0.916s][debug][gc,humongous      ] GC(51) Humongous region 4 (object size 1048592 @ 0x00000000f0400000) remset 0 code roots 0 marked 0 reclaim candidate 0 type array 1
[0.916s][debug][gc,humongous      ] GC(51) Humongous region 6 (object size 1048592 @ 0x00000000f0600000) remset 0 code roots 0 marked 0 reclaim candidate 0 type array 1
[0.916s][debug][gc,humongous      ] GC(51) Humongous region 8 (object size 1048592 @ 0x00000000f0800000) remset 0 code roots 0 marked 0 reclaim candidate 0 type array 1
[0.916s][debug][gc,humongous      ] GC(51) Humongous region 10 (object size 1048592 @ 0x00000000f0a00000) remset 0 code roots 0 marked 0 reclaim candidate 0 type array 1
[0.916s][debug][gc,humongous      ] GC(51) Humongous region 22 (object size 1048592 @ 0x00000000f1600000) remset 0 code roots 0 marked 0 reclaim candidate 0 type array 1
[0.916s][debug][gc,humongous      ] GC(51) Humongous region 85 (object size 10485776 @ 0x00000000f5500000) remset 0 code roots 0 marked 0 reclaim candidate 0 type array 1
[0.916s][debug][gc,humongous      ] GC(51) Humongous region 24 (object size 1048592 @ 0x00000000f1800000) remset 0 code roots 0 marked 0 reclaim candidate 0 type array 1
[0.916s][debug][gc,humongous      ] GC(51) Humongous region 12 (object size 1048592 @ 0x00000000f0c00000) remset 0 code roots 0 marked 0 reclaim candidate 0 type array 1
[0.916s][debug][gc,humongous      ] GC(51) Humongous region 64 (object size 1048592 @ 0x00000000f4000000) remset 0 code roots 0 marked 0 reclaim candidate 0 type array 1
[0.916s][debug][gc,humongous      ] GC(51) Humongous region 42 (object size 1048592 @ 0x00000000f2a00000) remset 0 code roots 0 marked 0 reclaim candidate 0 type array 1
[0.916s][debug][gc,humongous      ] GC(51) Humongous region 83 (object size 1048592 @ 0x00000000f5300000) remset 0 code roots 0 marked 0 reclaim candidate 0 type array 1
[0.917s][debug][gc,humongous      ] GC(51) Humongous region 60 (object size 1048592 @ 0x00000000f3c00000) remset 0 code roots 0 marked 0 reclaim candidate 0 type array 1
[0.916s][debug][gc,humongous      ] GC(51) Humongous region 205 (object size 1048592 @ 0x00000000fcd00000) remset 0 code roots 0 marked 0 reclaim candidate 0 type array 1
[0.917s][debug][gc,humongous      ] GC(51) Humongous region 20 (object size 1048592 @ 0x00000000f1400000) remset 0 code roots 0 marked 0 reclaim candidate 0 type array 1
[0.916s][debug][gc,humongous      ] GC(51) Humongous region 216 (object size 10485776 @ 0x00000000fd800000) remset 0 code roots 0 marked 0 reclaim candidate 0 type array 1
[0.917s][debug][gc,humongous      ] GC(51) Humongous region 30 (object size 1048592 @ 0x00000000f1e00000) remset 0 code roots 0 marked 0 reclaim candidate 0 type array 1
[0.917s][debug][gc,humongous      ] GC(51) Humongous region 32 (object size 1048592 @ 0x00000000f2000000) remset 0 code roots 0 marked 0 reclaim candidate 0 type array 1
[0.916s][debug][gc,humongous      ] GC(51) Humongous region 244 (object size 1048592 @ 0x00000000ff400000) remset 0 code roots 0 marked 0 reclaim candidate 0 type array 1
[0.917s][debug][gc,humongous      ] GC(51) Humongous region 36 (object size 1048592 @ 0x00000000f2400000) remset 0 code roots 0 marked 0 reclaim candidate 0 type array 1
[0.917s][debug][gc,humongous      ] GC(51) Humongous region 38 (object size 1048592 @ 0x00000000f2600000) remset 0 code roots 0 marked 0 reclaim candidate 0 type array 1
[0.916s][debug][gc,humongous      ] GC(51) Humongous region 26 (object size 1048592 @ 0x00000000f1a00000) remset 0 code roots 0 marked 0 reclaim candidate 0 type array 1
[0.916s][debug][gc,humongous      ] GC(51) Humongous region 14 (object size 1048592 @ 0x00000000f0e00000) remset 0 code roots 0 marked 0 reclaim candidate 0 type array 1
[0.916s][debug][gc,humongous      ] GC(51) Humongous region 16 (object size 1048592 @ 0x00000000f1000000) remset 0 code roots 0 marked 0 reclaim candidate 0 type array 1
[0.917s][debug][gc,humongous      ] GC(51) Humongous region 28 (object size 1048592 @ 0x00000000f1c00000) remset 0 code roots 0 marked 0 reclaim candidate 0 type array 1
[0.917s][debug][gc,humongous      ] GC(51) Humongous region 34 (object size 1048592 @ 0x00000000f2200000) remset 0 code roots 0 marked 0 reclaim candidate 0 type array 1
[0.916s][debug][gc,humongous      ] GC(51) Humongous region 238 (object size 1048592 @ 0x00000000fee00000) remset 0 code roots 0 marked 0 reclaim candidate 0 type array 1
[0.916s][debug][gc,humongous      ] GC(51) Humongous region 126 (object size 1048592 @ 0x00000000f7e00000) remset 0 code roots 0 marked 0 reclaim candidate 0 type array 1
[0.917s][debug][gc,humongous      ] GC(51) Humongous region 18 (object size 1048592 @ 0x00000000f1200000) remset 0 code roots 0 marked 0 reclaim candidate 0 type array 1
[0.916s][debug][gc,humongous      ] GC(51) Humongous region 203 (object size 1048592 @ 0x00000000fcb00000) remset 0 code roots 0 marked 0 reclaim candidate 0 type array 1
[0.916s][debug][gc,humongous      ] GC(51) Humongous region 159 (object size 10485776 @ 0x00000000f9f00000) remset 0 code roots 0 marked 0 reclaim candidate 0 type array 1
[0.917s][debug][gc,ergo           ] GC(51) Running G1 Merge Heap Roots using 12 workers for 1 regions
[0.917s][debug][gc,remset         ] GC(51) Visited cards 32 Total dirty 2048 (1.56%) Total old 524288 (0.01%)
[0.918s][debug][gc,ref            ] GC(51) Skipped phase 1 of Reference Processing: no references
[0.918s][debug][gc,ref            ] GC(51) Skipped phase 2 of Reference Processing: no references
[0.918s][debug][gc,ref            ] GC(51) Skipped phase 3 of Reference Processing: no references
[0.918s][debug][gc,ref            ] GC(51) Skipped phase 4 of Reference Processing: no references
[0.918s][debug][gc,ergo           ] GC(51) Running G1 Rebuild Free List Task using 12 workers for rebuilding free list of regions
[0.918s][debug][gc,plab           ] GC(51) Young PLAB allocation: allocated: 0B, wasted: 0B, unused: 0B, used: 0B, undo waste: 0B, 
[0.918s][debug][gc,plab           ] GC(51) Young other allocation: region end waste: 0B, regions filled: 1, direct allocated: 786624B, failure used: 0B, failure wasted: 0B
[0.918s][debug][gc,plab           ] GC(51) Young sizing: calculated: 0B, actual: 2064B
[0.918s][debug][gc,plab           ] GC(51) Old PLAB allocation: allocated: 0B, wasted: 0B, unused: 0B, used: 0B, undo waste: 0B, 
[0.918s][debug][gc,plab           ] GC(51) Old other allocation: region end waste: 0B, regions filled: 0, direct allocated: 0B, failure used: 0B, failure wasted: 0B
[0.918s][debug][gc,plab           ] GC(51) Old sizing: calculated: 0B, actual: 2064B
[0.918s][debug][gc,ergo,heap      ] GC(51) Heap expansion: short term pause time ratio 15.32% long term pause time ratio 21.61% threshold 7.69% pause time ratio 7.69% fully expanded true resize by 0B
[0.918s][debug][gc,mmu            ] GC(51) MMU: 17.5ms (50.0ms/51.0ms)
[0.918s][debug][gc,alloc,stats    ] Old generation allocation in the last mutator period, old gen allocated: 0B, humongous allocated: 0B,old gen growth: 0B.
[0.918s][debug][gc,ihop           ] GC(51) Basic information (value update), threshold: 206823639B (77.05), target occupancy: 268435456B, current occupancy: 250120736B, recent allocation size: 0B, recent allocation duration: 27.74ms, recent old gen allocation rate: 0.00B/s, recent marking phase length: 9.93ms
[0.918s][debug][gc,ihop           ] GC(51) Adaptive IHOP information (value update), threshold: 206823639B (90.64), internal target occupancy: 228170137B, occupancy: 250120736B, additional buffer size: 12582912B, predicted old gen allocation rate: 166936459.37B/s, predicted marking phase length: 52.50ms, prediction active: true
[0.918s][debug][gc,ergo,refine    ] GC(51) Concurrent refinement times: Logged Cards Scan time goal: 5.00ms Logged Cards Scan time: 0.00ms HCC time: 0.00ms
[0.918s][debug][gc,ergo,refine    ] GC(51) Updated Refinement Zones: green: 3328, yellow: 9984, red: 16640
[0.919s][info ][gc,phases         ] GC(51)   Pre Evacuate Collection Set: 0.7ms
[0.919s][debug][gc,phases         ] GC(51)     Prepare TLABs: 0.0ms
[0.919s][debug][gc,phases         ] GC(51)     Concatenate Dirty Card Logs: 0.0ms
[0.919s][debug][gc,phases         ] GC(51)     Choose Collection Set: 0.0ms
[0.919s][debug][gc,phases         ] GC(51)     Region Register: 0.7ms
[0.919s][debug][gc,phases         ] GC(51)     Prepare Heap Roots: 0.0ms
[0.919s][debug][gc,phases         ] GC(51)     Clear Claimed Marks: 0.0ms
[0.919s][info ][gc,phases         ] GC(51)   Merge Heap Roots: 0.2ms
[0.919s][debug][gc,phases         ] GC(51)     Prepare Merge Heap Roots: 0.0ms
[0.919s][debug][gc,phases         ] GC(51)     Eager Reclaim (ms):            skipped
[0.919s][debug][gc,phases         ] GC(51)     Remembered Sets (ms):          Min:  0.0, Avg:  0.0, Max:  0.0, Diff:  0.0, Sum:  0.0, Workers: 12
[0.919s][debug][gc,phases         ] GC(51)       Merged Sparse:                 Min: 0, Avg:  0.0, Max: 0, Diff: 0, Sum: 0, Workers: 12
[0.919s][debug][gc,phases         ] GC(51)       Merged Fine:                   Min: 0, Avg:  0.0, Max: 0, Diff: 0, Sum: 0, Workers: 12
[0.919s][debug][gc,phases         ] GC(51)       Merged Coarse:                 Min: 0, Avg:  0.0, Max: 0, Diff: 0, Sum: 0, Workers: 12
[0.919s][debug][gc,phases         ] GC(51)       Dirty Cards:                   Min: 0, Avg:  0.0, Max: 0, Diff: 0, Sum: 0, Workers: 12
[0.919s][debug][gc,phases         ] GC(51)     Hot Card Cache (ms):           Min:  0.0, Avg:  0.0, Max:  0.0, Diff:  0.0, Sum:  0.0, Workers: 12
[0.919s][debug][gc,phases         ] GC(51)       Dirty Cards:                   Min: 0, Avg:  0.0, Max: 0, Diff: 0, Sum: 0, Workers: 12
[0.919s][debug][gc,phases         ] GC(51)       Skipped Cards:                 Min: 0, Avg:  0.0, Max: 0, Diff: 0, Sum: 0, Workers: 12
[0.919s][debug][gc,phases         ] GC(51)     Log Buffers (ms):              Min:  0.0, Avg:  0.0, Max:  0.0, Diff:  0.0, Sum:  0.0, Workers: 12
[0.919s][debug][gc,phases         ] GC(51)       Dirty Cards:                   Min: 0, Avg:  0.9, Max: 11, Diff: 11, Sum: 11, Workers: 12
[0.919s][debug][gc,phases         ] GC(51)       Skipped Cards:                 Min: 0, Avg:  0.0, Max: 0, Diff: 0, Sum: 0, Workers: 12
[0.919s][info ][gc,phases         ] GC(51)   Evacuate Collection Set: 0.5ms
[0.919s][debug][gc,phases         ] GC(51)     Ext Root Scanning (ms):        Min:  0.0, Avg:  0.0, Max:  0.1, Diff:  0.1, Sum:  0.3, Workers: 12
[0.919s][debug][gc,phases         ] GC(51)     Scan Heap Roots (ms):          Min:  0.0, Avg:  0.0, Max:  0.0, Diff:  0.0, Sum:  0.0, Workers: 12
[0.919s][debug][gc,phases         ] GC(51)       Scanned Cards:                 Min: 0, Avg:  1.6, Max: 19, Diff: 19, Sum: 19, Workers: 12
[0.919s][debug][gc,phases         ] GC(51)       Scanned Blocks:                Min: 0, Avg:  0.1, Max: 1, Diff: 1, Sum: 1, Workers: 12
[0.919s][debug][gc,phases         ] GC(51)       Claimed Chunks:                Min: 0, Avg:  0.1, Max: 1, Diff: 1, Sum: 1, Workers: 12
[0.919s][debug][gc,phases         ] GC(51)     Code Root Scan (ms):           Min:  0.0, Avg:  0.0, Max:  0.0, Diff:  0.0, Sum:  0.0, Workers: 12
[0.919s][debug][gc,phases         ] GC(51)     Object Copy (ms):              Min:  0.0, Avg:  0.0, Max:  0.1, Diff:  0.1, Sum:  0.2, Workers: 12
[0.919s][debug][gc,phases         ] GC(51)     Termination (ms):              Min:  0.2, Avg:  0.3, Max:  0.3, Diff:  0.1, Sum:  3.0, Workers: 12
[0.919s][debug][gc,phases         ] GC(51)       Termination Attempts:          Min: 1, Avg:  1.2, Max: 2, Diff: 1, Sum: 14, Workers: 12
[0.919s][debug][gc,phases         ] GC(51)     GC Worker Other (ms):          Min:  0.0, Avg:  0.0, Max:  0.0, Diff:  0.0, Sum:  0.1, Workers: 12
[0.919s][debug][gc,phases         ] GC(51)     GC Worker Total (ms):          Min:  0.2, Avg:  0.3, Max:  0.4, Diff:  0.2, Sum:  3.6, Workers: 12
[0.919s][info ][gc,phases         ] GC(51)   Post Evacuate Collection Set: 0.7ms
[0.919s][debug][gc,phases         ] GC(51)     Code Roots Fixup: 0.0ms
[0.919s][debug][gc,phases         ] GC(51)     Reference Processing: 0.0ms
[0.919s][debug][gc,phases,ref     ] GC(51)       Reconsider SoftReferences: 0.0ms
[0.919s][debug][gc,phases,ref     ] GC(51)         SoftRef (ms):                  skipped
[0.919s][debug][gc,phases,ref     ] GC(51)       Notify Soft/WeakReferences: 0.0ms
[0.919s][debug][gc,phases,ref     ] GC(51)         SoftRef (ms):                  skipped
[0.919s][debug][gc,phases,ref     ] GC(51)         WeakRef (ms):                  skipped
[0.919s][debug][gc,phases,ref     ] GC(51)         FinalRef (ms):                 skipped
[0.919s][debug][gc,phases,ref     ] GC(51)         Total (ms):                    skipped
[0.919s][debug][gc,phases,ref     ] GC(51)       Notify and keep alive finalizable: 0.0ms
[0.919s][debug][gc,phases,ref     ] GC(51)         FinalRef (ms):                 skipped
[0.919s][debug][gc,phases,ref     ] GC(51)       Notify PhantomReferences: 0.0ms
[0.919s][debug][gc,phases,ref     ] GC(51)         PhantomRef (ms):               skipped
[0.919s][debug][gc,phases,ref     ] GC(51)       SoftReference:
[0.919s][debug][gc,phases,ref     ] GC(51)         Discovered: 0
[0.919s][debug][gc,phases,ref     ] GC(51)         Cleared: 0
[0.919s][debug][gc,phases,ref     ] GC(51)       WeakReference:
[0.919s][debug][gc,phases,ref     ] GC(51)         Discovered: 0
[0.919s][debug][gc,phases,ref     ] GC(51)         Cleared: 0
[0.919s][debug][gc,phases,ref     ] GC(51)       FinalReference:
[0.919s][debug][gc,phases,ref     ] GC(51)         Discovered: 0
[0.919s][debug][gc,phases,ref     ] GC(51)         Cleared: 0
[0.919s][debug][gc,phases,ref     ] GC(51)       PhantomReference:
[0.919s][debug][gc,phases,ref     ] GC(51)         Discovered: 0
[0.919s][debug][gc,phases,ref     ] GC(51)         Cleared: 0
[0.919s][debug][gc,phases         ] GC(51)     Weak Processing: 0.1ms
[0.919s][debug][gc,phases         ] GC(51)       VM Weak                        Min:  0.0, Avg:  0.0, Max:  0.0, Diff:  0.0, Sum:  0.0, Workers: 1
[0.919s][debug][gc,phases         ] GC(51)         Dead                           Min: 0, Avg:  0.0, Max: 0, Diff: 0, Sum: 0, Workers: 1
[0.919s][debug][gc,phases         ] GC(51)         Total                          Min: 4, Avg:  4.0, Max: 4, Diff: 0, Sum: 4, Workers: 1
[0.919s][debug][gc,phases         ] GC(51)       ObjectSynchronizer Weak        Min:  0.0, Avg:  0.0, Max:  0.0, Diff:  0.0, Sum:  0.0, Workers: 1
[0.919s][debug][gc,phases         ] GC(51)         Dead                           Min: 0, Avg:  0.0, Max: 0, Diff: 0, Sum: 0, Workers: 1
[0.919s][debug][gc,phases         ] GC(51)         Total                          Min: 4, Avg:  4.0, Max: 4, Diff: 0, Sum: 4, Workers: 1
[0.919s][debug][gc,phases         ] GC(51)       JVMTI Tag Weak OopStorage      Min:  0.0, Avg:  0.0, Max:  0.0, Diff:  0.0, Sum:  0.0, Workers: 1
[0.919s][debug][gc,phases         ] GC(51)         Dead                           Min: 0, Avg:  0.0, Max: 0, Diff: 0, Sum: 0, Workers: 1
[0.919s][debug][gc,phases         ] GC(51)         Total                          Min: 0, Avg:  0.0, Max: 0, Diff: 0, Sum: 0, Workers: 1
[0.919s][debug][gc,phases         ] GC(51)       StringTable Weak               Min:  0.0, Avg:  0.0, Max:  0.0, Diff:  0.0, Sum:  0.0, Workers: 1
[0.919s][debug][gc,phases         ] GC(51)         Dead                           Min: 0, Avg:  0.0, Max: 0, Diff: 0, Sum: 0, Workers: 1
[0.919s][debug][gc,phases         ] GC(51)         Total                          Min: 39, Avg: 39.0, Max: 39, Diff: 0, Sum: 39, Workers: 1
[0.919s][debug][gc,phases         ] GC(51)       ResolvedMethodTable Weak       Min:  0.0, Avg:  0.0, Max:  0.0, Diff:  0.0, Sum:  0.0, Workers: 1
[0.919s][debug][gc,phases         ] GC(51)         Dead                           Min: 0, Avg:  0.0, Max: 0, Diff: 0, Sum: 0, Workers: 1
[0.919s][debug][gc,phases         ] GC(51)         Total                          Min: 22, Avg: 22.0, Max: 22, Diff: 0, Sum: 22, Workers: 1
[0.919s][debug][gc,phases         ] GC(51)       JNI Weak                       Min:  0.0, Avg:  0.0, Max:  0.0, Diff:  0.0, Sum:  0.0, Workers: 1
[0.919s][debug][gc,phases         ] GC(51)         Dead                           Min: 0, Avg:  0.0, Max: 0, Diff: 0, Sum: 0, Workers: 1
[0.919s][debug][gc,phases         ] GC(51)         Total                          Min: 0, Avg:  0.0, Max: 0, Diff: 0, Sum: 0, Workers: 1
[0.919s][debug][gc,phases         ] GC(51)       StringDedup Table Weak         Min:  0.0, Avg:  0.0, Max:  0.0, Diff:  0.0, Sum:  0.0, Workers: 1
[0.919s][debug][gc,phases         ] GC(51)         Dead                           Min: 0, Avg:  0.0, Max: 0, Diff: 0, Sum: 0, Workers: 1
[0.919s][debug][gc,phases         ] GC(51)         Total                          Min: 0, Avg:  0.0, Max: 0, Diff: 0, Sum: 0, Workers: 1
[0.919s][debug][gc,phases         ] GC(51)       StringDedup Requests0 Weak     Min:  0.0, Avg:  0.0, Max:  0.0, Diff:  0.0, Sum:  0.0, Workers: 1
[0.919s][debug][gc,phases         ] GC(51)         Dead                           Min: 0, Avg:  0.0, Max: 0, Diff: 0, Sum: 0, Workers: 1
[0.919s][debug][gc,phases         ] GC(51)         Total                          Min: 0, Avg:  0.0, Max: 0, Diff: 0, Sum: 0, Workers: 1
[0.919s][debug][gc,phases         ] GC(51)       StringDedup Requests1 Weak     Min:  0.0, Avg:  0.0, Max:  0.0, Diff:  0.0, Sum:  0.0, Workers: 1
[0.919s][debug][gc,phases         ] GC(51)         Dead                           Min: 0, Avg:  0.0, Max: 0, Diff: 0, Sum: 0, Workers: 1
[0.919s][debug][gc,phases         ] GC(51)         Total                          Min: 0, Avg:  0.0, Max: 0, Diff: 0, Sum: 0, Workers: 1
[0.919s][debug][gc,phases         ] GC(51)       Weak JFR Old Object Samples    Min:  0.0, Avg:  0.0, Max:  0.0, Diff:  0.0, Sum:  0.0, Workers: 1
[0.919s][debug][gc,phases         ] GC(51)         Dead                           Min: 0, Avg:  0.0, Max: 0, Diff: 0, Sum: 0, Workers: 1
[0.919s][debug][gc,phases         ] GC(51)         Total                          Min: 0, Avg:  0.0, Max: 0, Diff: 0, Sum: 0, Workers: 1
[0.919s][debug][gc,phases         ] GC(51)     Post Evacuate Cleanup 1: 0.1ms
[0.919s][debug][gc,phases         ] GC(51)       Merge Per-Thread State (ms):   Min:  0.0, Avg:  0.0, Max:  0.0, Diff:  0.0, Sum:  0.0, Workers: 1
[0.919s][debug][gc,phases         ] GC(51)         Copied Bytes                   Min: 0, Avg: 65552.0, Max: 262208, Diff: 262208, Sum: 786624, Workers: 12
[0.919s][debug][gc,phases         ] GC(51)         LAB Waste                      Min: 0, Avg:  0.0, Max: 0, Diff: 0, Sum: 0, Workers: 12
[0.919s][debug][gc,phases         ] GC(51)         LAB Undo Waste                 Min: 0, Avg:  0.0, Max: 0, Diff: 0, Sum: 0, Workers: 12
[0.919s][debug][gc,phases         ] GC(51)       Clear Logged Cards (ms):       Min:  0.0, Avg:  0.0, Max:  0.0, Diff:  0.0, Sum:  0.0, Workers: 3
[0.919s][debug][gc,phases         ] GC(51)       Recalculate Used Memory (ms):  Min:  0.0, Avg:  0.0, Max:  0.0, Diff:  0.0, Sum:  0.0, Workers: 1
[0.919s][debug][gc,phases         ] GC(51)     Post Evacuate Cleanup 2: 0.2ms
[0.919s][debug][gc,phases         ] GC(51)       Reset Hot Card Cache (ms):     Min:  0.0, Avg:  0.0, Max:  0.0, Diff:  0.0, Sum:  0.0, Workers: 1
[0.919s][debug][gc,phases         ] GC(51)       Purge Code Roots (ms):         Min:  0.0, Avg:  0.0, Max:  0.0, Diff:  0.0, Sum:  0.0, Workers: 1
[0.919s][debug][gc,phases         ] GC(51)       Update Derived Pointers (ms):  Min:  0.0, Avg:  0.0, Max:  0.0, Diff:  0.0, Sum:  0.0, Workers: 1
[0.919s][debug][gc,phases         ] GC(51)       Eagerly Reclaim Humongous Objects (ms): Min:  0.0, Avg:  0.0, Max:  0.0, Diff:  0.0, Sum:  0.0, Workers: 1
[0.919s][debug][gc,phases         ] GC(51)         Humongous Total                Min: 32, Avg: 32.0, Max: 32, Diff: 0, Sum: 32, Workers: 1
[0.919s][debug][gc,phases         ] GC(51)         Humongous Candidates           Min: 0, Avg:  0.0, Max: 0, Diff: 0, Sum: 0, Workers: 1
[0.919s][debug][gc,phases         ] GC(51)         Humongous Reclaimed            Min: 0, Avg:  0.0, Max: 0, Diff: 0, Sum: 0, Workers: 1
[0.919s][debug][gc,phases         ] GC(51)       Redirty Logged Cards (ms):     Min:  0.0, Avg:  0.0, Max:  0.0, Diff:  0.0, Sum:  0.0, Workers: 12
[0.919s][debug][gc,phases         ] GC(51)         Redirtied Cards:               Min: 0, Avg:  0.4, Max: 5, Diff: 5, Sum: 5, Workers: 12
[0.919s][debug][gc,phases         ] GC(51)       Free Collection Set (ms):      Min:  0.0, Avg:  0.0, Max:  0.0, Diff:  0.0, Sum:  0.0, Workers: 12
[0.919s][debug][gc,phases         ] GC(51)     Rebuild Free List: 0.2ms
[0.919s][debug][gc,phases         ] GC(51)     Start New Collection Set: 0.0ms
[0.919s][debug][gc,phases         ] GC(51)     Resize TLABs: 0.0ms
[0.919s][debug][gc,phases         ] GC(51)     Expand Heap After Collection: 0.0ms
[0.919s][info ][gc,phases         ] GC(51)   Other: 0.3ms
[0.919s][info ][gc,heap           ] GC(51) Eden regions: 1->0(11)
[0.919s][info ][gc,heap           ] GC(51) Survivor regions: 0->1(1)
[0.919s][info ][gc,heap           ] GC(51) Old regions: 161->161
[0.919s][info ][gc,heap           ] GC(51) Archive regions: 2->2
[0.919s][info ][gc,heap           ] GC(51) Humongous regions: 91->91
[0.919s][info ][gc,metaspace      ] GC(51) Metaspace: 136K(320K)->136K(320K) NonClass: 131K(192K)->131K(192K) Class: 5K(128K)->5K(128K)
[0.919s][debug][gc,heap           ] GC(51) Heap after GC invocations=50 (full 4):
[0.919s][debug][gc,heap           ] GC(51)  garbage-first heap   total 262144K, used 244258K [0x00000000f0000000, 0x0000000100000000)
[0.919s][debug][gc,heap           ] GC(51)   region size 1024K, 1 young (1024K), 1 survivors (1024K)
[0.919s][debug][gc,heap           ] GC(51)  Metaspace       used 136K, committed 320K, reserved 1114112K
[0.919s][debug][gc,heap           ] GC(51)   class space    used 5K, committed 128K, reserved 1048576K
[0.919s][info ][gc                ] GC(51) Pause Young (Concurrent Start) (G1 Preventive Collection) 238M->238M(256M) 2.930ms
[0.919s][info ][gc,cpu            ] GC(51) User=0.00s Sys=0.00s Real=0.00s
[0.919s][info ][gc                ] GC(52) Concurrent Mark Cycle
[0.919s][info ][gc,marking        ] GC(52) Concurrent Clear Claimed Marks
[0.919s][info ][gc,marking        ] GC(52) Concurrent Clear Claimed Marks 0.010ms
[0.919s][info ][gc,marking        ] GC(52) Concurrent Scan Root Regions
[0.919s][debug][gc,ergo           ] GC(52) Running G1 Root Region Scan using 1 workers for 1 work units.
[0.919s][info ][gc,marking        ] GC(52) Concurrent Scan Root Regions 0.065ms
[0.919s][info ][gc,marking        ] GC(52) Concurrent Mark
[0.919s][info ][gc,marking        ] GC(52) Concurrent Mark From Roots
[0.919s][info ][gc,task           ] GC(52) Using 3 workers of 3 for marking
[0.921s][debug][gc,stats          ] ---------------------------------------------------------------------
[0.921s][debug][gc,stats          ] Marking Stats, task = 0, calls = 2
[0.921s][debug][gc,stats          ]   Elapsed time = 1.26ms, Termination time = 0.85ms
[0.921s][debug][gc,stats          ]   Step Times (cum): num = 564, avg = 0.02ms, sd = 0.11ms max = 1.18ms, total = 9.78ms
[0.921s][debug][gc,stats          ]   Mark Stats Cache: hits 5392 misses 0 ratio 100.000
[0.921s][debug][gc,stats          ] ---------------------------------------------------------------------
[0.921s][debug][gc,stats          ] Marking Stats, task = 1, calls = 3
[0.921s][debug][gc,stats          ]   Elapsed time = 1.26ms, Termination time = 0.00ms
[0.921s][debug][gc,stats          ]   Step Times (cum): num = 65, avg = 0.15ms, sd = 0.34ms max = 1.46ms, total = 10.05ms
[0.921s][debug][gc,stats          ]   Mark Stats Cache: hits 7506 misses 0 ratio 100.000
[0.921s][debug][gc,stats          ] ---------------------------------------------------------------------
[0.921s][debug][gc,stats          ] Marking Stats, task = 2, calls = 1
[0.921s][debug][gc,stats          ]   Elapsed time = 1.23ms, Termination time = 0.00ms
[0.921s][debug][gc,stats          ]   Step Times (cum): num = 43, avg = 0.13ms, sd = 0.30ms max = 1.29ms, total = 5.39ms
[0.921s][debug][gc,stats          ]   Mark Stats Cache: hits 13431 misses 0 ratio 100.000
[0.921s][debug][gc,stats          ] ---------------------------------------------------------------------
[0.921s][info ][gc,marking        ] GC(52) Concurrent Mark From Roots 1.492ms
[0.921s][info ][gc,marking        ] GC(52) Concurrent Preclean
[0.921s][debug][gc,ref,start      ] GC(52) Preclean SoftReferences
[0.921s][debug][gc,ref            ] GC(52) Preclean SoftReferences 0.083ms
[0.921s][debug][gc,ref,start      ] GC(52) Preclean WeakReferences
[0.921s][debug][gc,ref            ] GC(52) Preclean WeakReferences 0.068ms
[0.921s][debug][gc,ref,start      ] GC(52) Preclean FinalReferences
[0.921s][debug][gc,ref            ] GC(52) Preclean FinalReferences 0.053ms
[0.921s][debug][gc,ref,start      ] GC(52) Preclean PhantomReferences
[0.921s][debug][gc,ref            ] GC(52) Preclean PhantomReferences 0.057ms
[0.921s][info ][gc,marking        ] GC(52) Concurrent Preclean 0.286ms
[0.921s][info ][gc,start          ] GC(52) Pause Remark
[0.921s][debug][gc,phases,start   ] GC(52) Finalize Marking
[0.922s][debug][gc,stats          ] ---------------------------------------------------------------------
[0.922s][debug][gc,stats          ] Marking Stats, task = 0, calls = 55
[0.922s][debug][gc,stats          ]   Elapsed time = 0.57ms, Termination time = 1.28ms
[0.922s][debug][gc,stats          ]   Step Times (cum): num = 617, avg = 0.02ms, sd = 0.11ms max = 1.18ms, total = 10.21ms
[0.922s][debug][gc,stats          ]   Mark Stats Cache: hits 5392 misses 0 ratio 100.000
[0.922s][debug][gc,stats          ] ---------------------------------------------------------------------
[0.922s][debug][gc,stats          ] Marking Stats, task = 1, calls = 4
[0.922s][debug][gc,stats          ]   Elapsed time = 0.61ms, Termination time = 0.04ms
[0.922s][debug][gc,stats          ]   Step Times (cum): num = 66, avg = 0.15ms, sd = 0.34ms max = 1.46ms, total = 10.09ms
[0.922s][debug][gc,stats          ]   Mark Stats Cache: hits 7506 misses 0 ratio 100.000
[0.922s][debug][gc,stats          ] ---------------------------------------------------------------------
[0.922s][debug][gc,stats          ] Marking Stats, task = 2, calls = 2
[0.922s][debug][gc,stats          ]   Elapsed time = 0.49ms, Termination time = 0.06ms
[0.922s][debug][gc,stats          ]   Step Times (cum): num = 44, avg = 0.12ms, sd = 0.30ms max = 1.29ms, total = 5.45ms
[0.922s][debug][gc,stats          ]   Mark Stats Cache: hits 13431 misses 0 ratio 100.000
[0.922s][debug][gc,stats          ] ---------------------------------------------------------------------
[0.922s][debug][gc,stats          ] Marking Stats, task = 3, calls = 1
[0.922s][debug][gc,stats          ]   Elapsed time = 0.50ms, Termination time = 0.02ms
[0.922s][debug][gc,stats          ]   Step Times (cum): num = 11, avg = 0.02ms, sd = 0.01ms max = 0.05ms, total = 0.25ms
[0.922s][debug][gc,stats          ]   Mark Stats Cache: hits 36 misses 0 ratio 100.000
[0.922s][debug][gc,stats          ] ---------------------------------------------------------------------
[0.922s][debug][gc,stats          ] Marking Stats, task = 4, calls = 1
[0.922s][debug][gc,stats          ]   Elapsed time = 0.41ms, Termination time = 0.03ms
[0.922s][debug][gc,stats          ]   Step Times (cum): num = 11, avg = 0.02ms, sd = 0.01ms max = 0.04ms, total = 0.25ms
[0.922s][debug][gc,stats          ]   Mark Stats Cache: hits 11 misses 0 ratio 100.000
[0.922s][debug][gc,stats          ] ---------------------------------------------------------------------
[0.922s][debug][gc,stats          ] Marking Stats, task = 5, calls = 1
[0.922s][debug][gc,stats          ]   Elapsed time = 0.44ms, Termination time = 0.02ms
[0.922s][debug][gc,stats          ]   Step Times (cum): num = 11, avg = 0.02ms, sd = 0.00ms max = 0.03ms, total = 0.20ms
[0.922s][debug][gc,stats          ]   Mark Stats Cache: hits 0 misses 0 ratio 0.000
[0.922s][debug][gc,stats          ] ---------------------------------------------------------------------
[0.922s][debug][gc,stats          ] Marking Stats, task = 6, calls = 1
[0.922s][debug][gc,stats          ]   Elapsed time = 0.31ms, Termination time = 0.02ms
[0.922s][debug][gc,stats          ]   Step Times (cum): num = 11, avg = 0.02ms, sd = 0.00ms max = 0.03ms, total = 0.21ms
[0.922s][debug][gc,stats          ]   Mark Stats Cache: hits 0 misses 0 ratio 0.000
[0.922s][debug][gc,stats          ] ---------------------------------------------------------------------
[0.922s][debug][gc,stats          ] Marking Stats, task = 7, calls = 1
[0.922s][debug][gc,stats          ]   Elapsed time = 0.42ms, Termination time = 0.03ms
[0.922s][debug][gc,stats          ]   Step Times (cum): num = 11, avg = 0.02ms, sd = 0.01ms max = 0.04ms, total = 0.22ms
[0.922s][debug][gc,stats          ]   Mark Stats Cache: hits 0 misses 0 ratio 0.000
[0.922s][debug][gc,stats          ] ---------------------------------------------------------------------
[0.922s][debug][gc,stats          ] Marking Stats, task = 8, calls = 1
[0.922s][debug][gc,stats          ]   Elapsed time = 0.42ms, Termination time = 0.03ms
[0.922s][debug][gc,stats          ]   Step Times (cum): num = 11, avg = 0.03ms, sd = 0.01ms max = 0.05ms, total = 0.30ms
[0.922s][debug][gc,stats          ]   Mark Stats Cache: hits 0 misses 0 ratio 0.000
[0.922s][debug][gc,stats          ] ---------------------------------------------------------------------
[0.922s][debug][gc,stats          ] Marking Stats, task = 9, calls = 1
[0.922s][debug][gc,stats          ]   Elapsed time = 0.28ms, Termination time = 0.03ms
[0.922s][debug][gc,stats          ]   Step Times (cum): num = 11, avg = 0.02ms, sd = 0.01ms max = 0.06ms, total = 0.23ms
[0.922s][debug][gc,stats          ]   Mark Stats Cache: hits 0 misses 0 ratio 0.000
[0.922s][debug][gc,stats          ] ---------------------------------------------------------------------
[0.922s][debug][gc,stats          ] Marking Stats, task = 10, calls = 1
[0.922s][debug][gc,stats          ]   Elapsed time = 0.25ms, Termination time = 0.02ms
[0.922s][debug][gc,stats          ]   Step Times (cum): num = 11, avg = 0.01ms, sd = 0.00ms max = 0.02ms, total = 0.16ms
[0.922s][debug][gc,stats          ]   Mark Stats Cache: hits 0 misses 0 ratio 0.000
[0.922s][debug][gc,stats          ] ---------------------------------------------------------------------
[0.922s][debug][gc,stats          ] Marking Stats, task = 11, calls = 1
[0.922s][debug][gc,stats          ]   Elapsed time = 0.17ms, Termination time = 0.00ms
[0.922s][debug][gc,stats          ]   Step Times (cum): num = 11, avg = 0.00ms, sd = 0.00ms max = 0.00ms, total = 0.00ms
[0.922s][debug][gc,stats          ]   Mark Stats Cache: hits 0 misses 0 ratio 0.000
[0.922s][debug][gc,stats          ] ---------------------------------------------------------------------
[0.922s][debug][gc,phases         ] GC(52) Finalize Marking 0.935ms
[0.922s][debug][gc,phases,start   ] GC(52) Reference Processing
[0.922s][debug][gc,ref            ] GC(52) Skipped phase 1 of Reference Processing: no references
[0.922s][debug][gc,ref            ] GC(52) Skipped phase 2 of Reference Processing: no references
[0.922s][debug][gc,ref            ] GC(52) Skipped phase 3 of Reference Processing: no references
[0.922s][debug][gc,ref            ] GC(52) Skipped phase 4 of Reference Processing: no references
[0.922s][debug][gc,phases,ref     ] GC(52) Reference Processing: 0.0ms
[0.922s][debug][gc,phases,ref     ] GC(52)   Reconsider SoftReferences: 0.0ms
[0.922s][debug][gc,phases,ref     ] GC(52)     SoftRef (ms):                  skipped
[0.922s][debug][gc,phases,ref     ] GC(52)   Notify Soft/WeakReferences: 0.0ms
[0.922s][debug][gc,phases,ref     ] GC(52)     SoftRef (ms):                  skipped
[0.922s][debug][gc,phases,ref     ] GC(52)     WeakRef (ms):                  skipped
[0.922s][debug][gc,phases,ref     ] GC(52)     FinalRef (ms):                 skipped
[0.922s][debug][gc,phases,ref     ] GC(52)     Total (ms):                    skipped
[0.922s][debug][gc,phases,ref     ] GC(52)   Notify and keep alive finalizable: 0.0ms
[0.922s][debug][gc,phases,ref     ] GC(52)     FinalRef (ms):                 skipped
[0.922s][debug][gc,phases,ref     ] GC(52)   Notify PhantomReferences: 0.0ms
[0.922s][debug][gc,phases,ref     ] GC(52)     PhantomRef (ms):               skipped
[0.922s][debug][gc,phases,ref     ] GC(52)   SoftReference:
[0.922s][debug][gc,phases,ref     ] GC(52)     Discovered: 0
[0.922s][debug][gc,phases,ref     ] GC(52)     Cleared: 0
[0.922s][debug][gc,phases,ref     ] GC(52)   WeakReference:
[0.922s][debug][gc,phases,ref     ] GC(52)     Discovered: 0
[0.922s][debug][gc,phases,ref     ] GC(52)     Cleared: 0
[0.922s][debug][gc,phases,ref     ] GC(52)   FinalReference:
[0.922s][debug][gc,phases,ref     ] GC(52)     Discovered: 0
[0.922s][debug][gc,phases,ref     ] GC(52)     Cleared: 0
[0.922s][debug][gc,phases,ref     ] GC(52)   PhantomReference:
[0.922s][debug][gc,phases,ref     ] GC(52)     Discovered: 0
[0.922s][debug][gc,phases,ref     ] GC(52)     Cleared: 0
[0.922s][debug][gc,phases         ] GC(52) Reference Processing 0.089ms
[0.922s][debug][gc,phases,start   ] GC(52) Weak Processing
[0.922s][debug][gc,phases         ] GC(52)   VM Weak                        Min:  0.0, Avg:  0.0, Max:  0.0, Diff:  0.0, Sum:  0.0, Workers: 1
[0.922s][debug][gc,phases         ] GC(52)     Dead                           Min: 0, Avg:  0.0, Max: 0, Diff: 0, Sum: 0, Workers: 1
[0.922s][debug][gc,phases         ] GC(52)     Total                          Min: 4, Avg:  4.0, Max: 4, Diff: 0, Sum: 4, Workers: 1
[0.922s][debug][gc,phases         ] GC(52)   ObjectSynchronizer Weak        Min:  0.0, Avg:  0.0, Max:  0.0, Diff:  0.0, Sum:  0.0, Workers: 1
[0.922s][debug][gc,phases         ] GC(52)     Dead                           Min: 0, Avg:  0.0, Max: 0, Diff: 0, Sum: 0, Workers: 1
[0.922s][debug][gc,phases         ] GC(52)     Total                          Min: 4, Avg:  4.0, Max: 4, Diff: 0, Sum: 4, Workers: 1
[0.922s][debug][gc,phases         ] GC(52)   JVMTI Tag Weak OopStorage      Min:  0.0, Avg:  0.0, Max:  0.0, Diff:  0.0, Sum:  0.0, Workers: 1
[0.922s][debug][gc,phases         ] GC(52)     Dead                           Min: 0, Avg:  0.0, Max: 0, Diff: 0, Sum: 0, Workers: 1
[0.922s][debug][gc,phases         ] GC(52)     Total                          Min: 0, Avg:  0.0, Max: 0, Diff: 0, Sum: 0, Workers: 1
[0.922s][debug][gc,phases         ] GC(52)   StringTable Weak               Min:  0.0, Avg:  0.0, Max:  0.0, Diff:  0.0, Sum:  0.0, Workers: 1
[0.922s][debug][gc,phases         ] GC(52)     Dead                           Min: 0, Avg:  0.0, Max: 0, Diff: 0, Sum: 0, Workers: 1
[0.922s][debug][gc,phases         ] GC(52)     Total                          Min: 39, Avg: 39.0, Max: 39, Diff: 0, Sum: 39, Workers: 1
[0.922s][debug][gc,phases         ] GC(52)   ResolvedMethodTable Weak       Min:  0.0, Avg:  0.0, Max:  0.0, Diff:  0.0, Sum:  0.0, Workers: 1
[0.922s][debug][gc,phases         ] GC(52)     Dead                           Min: 0, Avg:  0.0, Max: 0, Diff: 0, Sum: 0, Workers: 1
[0.922s][debug][gc,phases         ] GC(52)     Total                          Min: 22, Avg: 22.0, Max: 22, Diff: 0, Sum: 22, Workers: 1
[0.922s][debug][gc,phases         ] GC(52)   JNI Weak                       Min:  0.0, Avg:  0.0, Max:  0.0, Diff:  0.0, Sum:  0.0, Workers: 1
[0.922s][debug][gc,phases         ] GC(52)     Dead                           Min: 0, Avg:  0.0, Max: 0, Diff: 0, Sum: 0, Workers: 1
[0.922s][debug][gc,phases         ] GC(52)     Total                          Min: 0, Avg:  0.0, Max: 0, Diff: 0, Sum: 0, Workers: 1
[0.922s][debug][gc,phases         ] GC(52)   StringDedup Table Weak         Min:  0.0, Avg:  0.0, Max:  0.0, Diff:  0.0, Sum:  0.0, Workers: 1
[0.922s][debug][gc,phases         ] GC(52)     Dead                           Min: 0, Avg:  0.0, Max: 0, Diff: 0, Sum: 0, Workers: 1
[0.922s][debug][gc,phases         ] GC(52)     Total                          Min: 0, Avg:  0.0, Max: 0, Diff: 0, Sum: 0, Workers: 1
[0.922s][debug][gc,phases         ] GC(52)   StringDedup Requests0 Weak     Min:  0.0, Avg:  0.0, Max:  0.0, Diff:  0.0, Sum:  0.0, Workers: 1
[0.922s][debug][gc,phases         ] GC(52)     Dead                           Min: 0, Avg:  0.0, Max: 0, Diff: 0, Sum: 0, Workers: 1
[0.922s][debug][gc,phases         ] GC(52)     Total                          Min: 0, Avg:  0.0, Max: 0, Diff: 0, Sum: 0, Workers: 1
[0.922s][debug][gc,phases         ] GC(52)   StringDedup Requests1 Weak     Min:  0.0, Avg:  0.0, Max:  0.0, Diff:  0.0, Sum:  0.0, Workers: 1
[0.922s][debug][gc,phases         ] GC(52)     Dead                           Min: 0, Avg:  0.0, Max: 0, Diff: 0, Sum: 0, Workers: 1
[0.922s][debug][gc,phases         ] GC(52)     Total                          Min: 0, Avg:  0.0, Max: 0, Diff: 0, Sum: 0, Workers: 1
[0.922s][debug][gc,phases         ] GC(52)   Weak JFR Old Object Samples    Min:  0.0, Avg:  0.0, Max:  0.0, Diff:  0.0, Sum:  0.0, Workers: 1
[0.922s][debug][gc,phases         ] GC(52)     Dead                           Min: 0, Avg:  0.0, Max: 0, Diff: 0, Sum: 0, Workers: 1
[0.922s][debug][gc,phases         ] GC(52)     Total                          Min: 0, Avg:  0.0, Max: 0, Diff: 0, Sum: 0, Workers: 1
[0.922s][debug][gc,phases         ] GC(52) Weak Processing 0.168ms
[0.922s][debug][gc,phases,start   ] GC(52) Class Unloading
[0.922s][debug][gc,phases,start   ] GC(52) ClassLoaderData
[0.923s][debug][gc,phases         ] GC(52) ClassLoaderData 0.004ms
[0.923s][debug][gc,phases,start   ] GC(52) Trigger cleanups
[0.923s][debug][gc,phases         ] GC(52) Trigger cleanups 0.003ms
[0.923s][debug][gc,phases         ] GC(52) Class Unloading 0.169ms
[0.923s][debug][gc,phases,start   ] GC(52) Flush Task Caches
[0.923s][debug][gc,stats          ] Mark stats cache hits 26376 misses 0 ratio 100.000
[0.923s][debug][gc,phases         ] GC(52) Flush Task Caches 0.036ms
[0.923s][debug][gc,phases,start   ] GC(52) Update Remembered Set Tracking Before Rebuild
[0.923s][debug][gc,ergo           ] GC(52) Running G1 Update RemSet Tracking Before Rebuild using 1 workers for 256 regions in heap
[0.923s][debug][gc,remset,tracking] GC(52) Remembered Set Tracking update regions total 256, selected 100
[0.923s][debug][gc,phases         ] GC(52) Update Remembered Set Tracking Before Rebuild 0.176ms
[0.923s][debug][gc,phases,start   ] GC(52) Reclaim Empty Regions
[0.923s][debug][gc,phases         ] GC(52) Reclaim Empty Regions 0.148ms
[0.923s][debug][gc,phases,start   ] GC(52) Purge Metaspace
[0.923s][debug][gc,phases         ] GC(52) Purge Metaspace 0.004ms
[0.923s][debug][gc,phases,start   ] GC(52) Report Object Count
[0.923s][debug][gc,phases         ] GC(52) Report Object Count 0.003ms
[0.923s][debug][gc,mmu            ] GC(52) MMU: 16.3ms (50.0ms/51.0ms)
[0.923s][info ][gc                ] GC(52) Pause Remark 239M->239M(256M) 1.818ms
[0.923s][info ][gc,cpu            ] GC(52) User=0.00s Sys=0.00s Real=0.00s
[0.923s][info ][gc,marking        ] GC(52) Concurrent Mark 3.755ms
[0.923s][info ][gc,marking        ] GC(52) Concurrent Rebuild Remembered Sets
[0.923s][debug][gc,heap           ] GC(53) Heap before GC invocations=50 (full 4):
[0.923s][debug][gc,heap           ] GC(53)  garbage-first heap   total 262144K, used 244258K [0x00000000f0000000, 0x0000000100000000)
[0.923s][debug][gc,heap           ] GC(53)   region size 1024K, 2 young (2048K), 1 survivors (1024K)
[0.923s][debug][gc,heap           ] GC(53)  Metaspace       used 136K, committed 320K, reserved 1114112K
[0.923s][debug][gc,heap           ] GC(53)   class space    used 5K, committed 128K, reserved 1048576K
[0.923s][info ][gc,start          ] GC(53) Pause Young (Normal) (G1 Evacuation Pause)
[0.923s][info ][gc,task           ] GC(53) Using 12 workers of 13 for evacuation
[0.923s][debug][gc,tlab           ] GC(53) TLAB totals: thrds: 5  refills: 5 max: 1 slow allocs: 7 max 2 waste: 39.4% gc: 213096B max: 43104B slow: 0B max: 0B
[0.923s][debug][gc,age            ] GC(53) Desired survivor size 1048576 bytes, new threshold 15 (max threshold 15)
[0.923s][debug][gc,refine,stats   ] GC(53) Mutator refinement: 0.00ms, refined: 0, precleaned: 0, dirtied: 4
[0.923s][debug][gc,refine,stats   ] GC(53) Concurrent refinement: 0.00ms, refined: 0, precleaned: 0, dirtied: 0
[0.923s][debug][gc,refine,stats   ] GC(53) Total refinement: 0.00ms, refined: 0, precleaned: 0, dirtied: 4
[0.923s][debug][gc,refine,stats   ] GC(53) Generate dirty cards rate: 1.30 cards/ms
[0.923s][debug][gc,alloc,region   ] GC(53) Mutator Allocation stats, regions: 1, wasted size: 0B ( 0.0%)
[0.923s][debug][gc,humongous      ] GC(53) Humongous region 0 (object size 1048592 @ 0x00000000f0000000) remset 0 code roots 0 marked 1 reclaim candidate 0 type array 1
[0.923s][debug][gc,humongous      ] GC(53) Humongous region 22 (object size 1048592 @ 0x00000000f1600000) remset 0 code roots 0 marked 1 reclaim candidate 0 type array 1
[0.923s][debug][gc,humongous      ] GC(53) Humongous region 24 (object size 1048592 @ 0x00000000f1800000) remset 0 code roots 0 marked 1 reclaim candidate 0 type array 1
[0.923s][debug][gc,humongous      ] GC(53) Humongous region 42 (object size 1048592 @ 0x00000000f2a00000) remset 0 code roots 0 marked 1 reclaim candidate 0 type array 1
[0.923s][debug][gc,humongous      ] GC(53) Humongous region 2 (object size 1048592 @ 0x00000000f0200000) remset 0 code roots 0 marked 1 reclaim candidate 0 type array 1
[0.923s][debug][gc,humongous      ] GC(53) Humongous region 60 (object size 1048592 @ 0x00000000f3c00000) remset 0 code roots 0 marked 1 reclaim candidate 0 type array 1
[0.923s][debug][gc,humongous      ] GC(53) Humongous region 159 (object size 10485776 @ 0x00000000f9f00000) remset 0 code roots 0 marked 1 reclaim candidate 0 type array 1
[0.923s][debug][gc,humongous      ] GC(53) Humongous region 203 (object size 1048592 @ 0x00000000fcb00000) remset 0 code roots 0 marked 1 reclaim candidate 0 type array 1
[0.924s][debug][gc,humongous      ] GC(53) Humongous region 205 (object size 1048592 @ 0x00000000fcd00000) remset 0 code roots 0 marked 1 reclaim candidate 0 type array 1
[0.924s][debug][gc,humongous      ] GC(53) Humongous region 238 (object size 1048592 @ 0x00000000fee00000) remset 0 code roots 0 marked 1 reclaim candidate 0 type array 1
[0.923s][debug][gc,humongous      ] GC(53) Humongous region 126 (object size 1048592 @ 0x00000000f7e00000) remset 0 code roots 0 marked 1 reclaim candidate 0 type array 1
[0.924s][debug][gc,humongous      ] GC(53) Humongous region 14 (object size 1048592 @ 0x00000000f0e00000) remset 0 code roots 0 marked 1 reclaim candidate 0 type array 1
[0.924s][debug][gc,humongous      ] GC(53) Humongous region 216 (object size 10485776 @ 0x00000000fd800000) remset 0 code roots 0 marked 1 reclaim candidate 0 type array 1
[0.924s][debug][gc,humongous      ] GC(53) Humongous region 16 (object size 1048592 @ 0x00000000f1000000) remset 0 code roots 0 marked 1 reclaim candidate 0 type array 1
[0.923s][debug][gc,humongous      ] GC(53) Humongous region 85 (object size 10485776 @ 0x00000000f5500000) remset 0 code roots 0 marked 1 reclaim candidate 0 type array 1
[0.924s][debug][gc,humongous      ] GC(53) Humongous region 244 (object size 1048592 @ 0x00000000ff400000) remset 0 code roots 0 marked 1 reclaim candidate 0 type array 1
[0.924s][debug][gc,humongous      ] GC(53) Humongous region 28 (object size 1048592 @ 0x00000000f1c00000) remset 0 code roots 0 marked 1 reclaim candidate 0 type array 1
[0.924s][debug][gc,humongous      ] GC(53) Humongous region 30 (object size 1048592 @ 0x00000000f1e00000) remset 0 code roots 0 marked 1 reclaim candidate 0 type array 1
[0.924s][debug][gc,humongous      ] GC(53) Humongous region 12 (object size 1048592 @ 0x00000000f0c00000) remset 0 code roots 0 marked 1 reclaim candidate 0 type array 1
[0.923s][debug][gc,humongous      ] GC(53) Humongous region 4 (object size 1048592 @ 0x00000000f0400000) remset 0 code roots 0 marked 1 reclaim candidate 0 type array 1
[0.924s][debug][gc,humongous      ] GC(53) Humongous region 36 (object size 1048592 @ 0x00000000f2400000) remset 0 code roots 0 marked 1 reclaim candidate 0 type array 1
[0.924s][debug][gc,humongous      ] GC(53) Humongous region 38 (object size 1048592 @ 0x00000000f2600000) remset 0 code roots 0 marked 1 reclaim candidate 0 type array 1
[0.923s][debug][gc,humongous      ] GC(53) Humongous region 26 (object size 1048592 @ 0x00000000f1a00000) remset 0 code roots 0 marked 1 reclaim candidate 0 type array 1
[0.924s][debug][gc,humongous      ] GC(53) Humongous region 20 (object size 1048592 @ 0x00000000f1400000) remset 0 code roots 0 marked 1 reclaim candidate 0 type array 1
[0.924s][debug][gc,humongous      ] GC(53) Humongous region 6 (object size 1048592 @ 0x00000000f0600000) remset 0 code roots 0 marked 1 reclaim candidate 0 type array 1
[0.924s][debug][gc,humongous      ] GC(53) Humongous region 8 (object size 1048592 @ 0x00000000f0800000) remset 0 code roots 0 marked 1 reclaim candidate 0 type array 1
[0.924s][debug][gc,humongous      ] GC(53) Humongous region 32 (object size 1048592 @ 0x00000000f2000000) remset 0 code roots 0 marked 1 reclaim candidate 0 type array 1
[0.924s][debug][gc,humongous      ] GC(53) Humongous region 10 (object size 1048592 @ 0x00000000f0a00000) remset 0 code roots 0 marked 1 reclaim candidate 0 type array 1
[0.924s][debug][gc,humongous      ] GC(53) Humongous region 34 (object size 1048592 @ 0x00000000f2200000) remset 0 code roots 0 marked 1 reclaim candidate 0 type array 1
[0.923s][debug][gc,humongous      ] GC(53) Humongous region 64 (object size 1048592 @ 0x00000000f4000000) remset 0 code roots 0 marked 1 reclaim candidate 0 type array 1
[0.923s][debug][gc,humongous      ] GC(53) Humongous region 83 (object size 1048592 @ 0x00000000f5300000) remset 0 code roots 0 marked 1 reclaim candidate 0 type array 1
[0.924s][debug][gc,humongous      ] GC(53) Humongous region 18 (object size 1048592 @ 0x00000000f1200000) remset 0 code roots 0 marked 1 reclaim candidate 0 type array 1
[0.924s][debug][gc,ergo           ] GC(53) Running G1 Merge Heap Roots using 12 workers for 2 regions
[0.924s][debug][gc,remset         ] GC(53) Visited cards 96 Total dirty 4096 (2.34%) Total old 528384 (0.02%)
[0.924s][debug][gc,ergo,heap      ] GC(53) Attempt heap expansion (region allocation request failed). Allocation request: 65552B
[0.924s][debug][gc,ergo,heap      ] GC(53) Did not expand the heap (heap already fully expanded)
[0.925s][debug][gc,ref            ] GC(53) Skipped phase 1 of Reference Processing: no references
[0.925s][debug][gc,ref            ] GC(53) Skipped phase 2 of Reference Processing: no references
[0.925s][debug][gc,ref            ] GC(53) Skipped phase 3 of Reference Processing: no references
[0.925s][debug][gc,ref            ] GC(53) Skipped phase 4 of Reference Processing: no references
[0.925s][debug][gc,ergo           ] GC(53) Running G1 Rebuild Free List Task using 12 workers for rebuilding free list of regions
[0.925s][debug][gc,plab           ] GC(53) Young PLAB allocation: allocated: 0B, wasted: 0B, unused: 0B, used: 0B, undo waste: 0B, 
[0.925s][debug][gc,plab           ] GC(53) Young other allocation: region end waste: 0B, regions filled: 0, direct allocated: 0B, failure used: 0B, failure wasted: 0B
[0.925s][debug][gc,plab           ] GC(53) Young sizing: calculated: 0B, actual: 2064B
[0.925s][debug][gc,plab           ] GC(53) Old PLAB allocation: allocated: 0B, wasted: 0B, unused: 0B, used: 0B, undo waste: 0B, 
[0.925s][debug][gc,plab           ] GC(53) Old other allocation: region end waste: 0B, regions filled: 0, direct allocated: 0B, failure used: 1573248B, failure wasted: 523904B
[0.925s][debug][gc,plab           ] GC(53) Old sizing: calculated: 0B, actual: 2064B
[0.925s][debug][gc,ergo,heap      ] GC(53) Heap expansion: short term pause time ratio 38.40% long term pause time ratio 17.57% threshold 7.69% pause time ratio 7.69% fully expanded true resize by 0B
[0.925s][debug][gc,mmu            ] GC(53) MMU: 18.1ms (50.0ms/51.0ms)
[0.925s][debug][gc,alloc,stats    ] Old generation allocation in the last mutator period, old gen allocated: 2097152B, humongous allocated: 0B,old gen growth: 2097152B.
[0.925s][debug][gc,ihop           ] GC(53) Basic information (value update), threshold: 204244039B (76.09), target occupancy: 268435456B, current occupancy: 251120456B, recent allocation size: 2097152B, recent allocation duration: 3.09ms, recent old gen allocation rate: 679580239.74B/s, recent marking phase length: 9.93ms
[0.925s][debug][gc,ihop           ] GC(53) Adaptive IHOP information (value update), threshold: 204244039B (89.51), internal target occupancy: 228170137B, occupancy: 251120456B, additional buffer size: 12582912B, predicted old gen allocation rate: 216074930.11B/s, predicted marking phase length: 52.50ms, prediction active: true
[0.925s][debug][gc,ergo,refine    ] GC(53) Concurrent refinement times: Logged Cards Scan time goal: 5.00ms Logged Cards Scan time: 0.00ms HCC time: 0.00ms
[0.925s][debug][gc,ergo,refine    ] GC(53) Updated Refinement Zones: green: 3328, yellow: 9984, red: 16640
[0.925s][info ][gc                ] GC(53) To-space exhausted
[0.925s][info ][gc,phases         ] GC(53)   Pre Evacuate Collection Set: 0.9ms
[0.925s][debug][gc,phases         ] GC(53)     Prepare TLABs: 0.0ms
[0.925s][debug][gc,phases         ] GC(53)     Concatenate Dirty Card Logs: 0.0ms
[0.925s][debug][gc,phases         ] GC(53)     Choose Collection Set: 0.0ms
[0.925s][debug][gc,phases         ] GC(53)     Region Register: 0.9ms
[0.925s][debug][gc,phases         ] GC(53)     Prepare Heap Roots: 0.0ms
[0.925s][info ][gc,phases         ] GC(53)   Merge Heap Roots: 0.2ms
[0.925s][debug][gc,phases         ] GC(53)     Prepare Merge Heap Roots: 0.0ms
[0.925s][debug][gc,phases         ] GC(53)     Eager Reclaim (ms):            skipped
[0.925s][debug][gc,phases         ] GC(53)     Remembered Sets (ms):          Min:  0.0, Avg:  0.0, Max:  0.0, Diff:  0.0, Sum:  0.0, Workers: 12
[0.925s][debug][gc,phases         ] GC(53)       Merged Sparse:                 Min: 0, Avg:  0.0, Max: 0, Diff: 0, Sum: 0, Workers: 12
[0.925s][debug][gc,phases         ] GC(53)       Merged Fine:                   Min: 0, Avg:  0.0, Max: 0, Diff: 0, Sum: 0, Workers: 12
[0.925s][debug][gc,phases         ] GC(53)       Merged Coarse:                 Min: 0, Avg:  0.0, Max: 0, Diff: 0, Sum: 0, Workers: 12
[0.925s][debug][gc,phases         ] GC(53)       Dirty Cards:                   Min: 0, Avg:  0.0, Max: 0, Diff: 0, Sum: 0, Workers: 12
[0.925s][debug][gc,phases         ] GC(53)     Hot Card Cache (ms):           Min:  0.0, Avg:  0.0, Max:  0.0, Diff:  0.0, Sum:  0.0, Workers: 12
[0.925s][debug][gc,phases         ] GC(53)       Dirty Cards:                   Min: 0, Avg:  0.0, Max: 0, Diff: 0, Sum: 0, Workers: 12
[0.925s][debug][gc,phases         ] GC(53)       Skipped Cards:                 Min: 0, Avg:  0.0, Max: 0, Diff: 0, Sum: 0, Workers: 12
[0.925s][debug][gc,phases         ] GC(53)     Log Buffers (ms):              Min:  0.0, Avg:  0.0, Max:  0.0, Diff:  0.0, Sum:  0.0, Workers: 12
[0.925s][debug][gc,phases         ] GC(53)       Dirty Cards:                   Min: 0, Avg:  0.0, Max: 0, Diff: 0, Sum: 0, Workers: 12
[0.925s][debug][gc,phases         ] GC(53)       Skipped Cards:                 Min: 0, Avg:  0.0, Max: 0, Diff: 0, Sum: 0, Workers: 12
[0.925s][info ][gc,phases         ] GC(53)   Evacuate Collection Set: 0.5ms
[0.925s][debug][gc,phases         ] GC(53)     Ext Root Scanning (ms):        Min:  0.0, Avg:  0.0, Max:  0.1, Diff:  0.1, Sum:  0.2, Workers: 12
[0.925s][debug][gc,phases         ] GC(53)     Scan Heap Roots (ms):          Min:  0.0, Avg:  0.0, Max:  0.0, Diff:  0.0, Sum:  0.0, Workers: 12
[0.925s][debug][gc,phases         ] GC(53)       Scanned Cards:                 Min: 0, Avg:  0.4, Max: 3, Diff: 3, Sum: 5, Workers: 12
[0.925s][debug][gc,phases         ] GC(53)       Scanned Blocks:                Min: 0, Avg:  0.3, Max: 2, Diff: 2, Sum: 4, Workers: 12
[0.925s][debug][gc,phases         ] GC(53)       Claimed Chunks:                Min: 0, Avg:  0.2, Max: 2, Diff: 2, Sum: 3, Workers: 12
[0.925s][debug][gc,phases         ] GC(53)     Code Root Scan (ms):           Min:  0.0, Avg:  0.0, Max:  0.0, Diff:  0.0, Sum:  0.0, Workers: 12
[0.925s][debug][gc,phases         ] GC(53)     Object Copy (ms):              Min:  0.0, Avg:  0.0, Max:  0.1, Diff:  0.1, Sum:  0.3, Workers: 12
[0.925s][debug][gc,phases         ] GC(53)     Termination (ms):              Min:  0.1, Avg:  0.3, Max:  0.3, Diff:  0.2, Sum:  3.0, Workers: 12
[0.925s][debug][gc,phases         ] GC(53)       Termination Attempts:          Min: 1, Avg:  1.0, Max: 1, Diff: 0, Sum: 12, Workers: 12
[0.925s][debug][gc,phases         ] GC(53)     GC Worker Other (ms):          Min:  0.0, Avg:  0.0, Max:  0.0, Diff:  0.0, Sum:  0.0, Workers: 12
[0.925s][debug][gc,phases         ] GC(53)     GC Worker Total (ms):          Min:  0.1, Avg:  0.3, Max:  0.4, Diff:  0.3, Sum:  3.6, Workers: 12
[0.925s][info ][gc,phases         ] GC(53)   Post Evacuate Collection Set: 0.4ms
[0.925s][debug][gc,phases         ] GC(53)     Code Roots Fixup: 0.0ms
[0.925s][debug][gc,phases         ] GC(53)     Reference Processing: 0.0ms
[0.925s][debug][gc,phases,ref     ] GC(53)       Reconsider SoftReferences: 0.0ms
[0.925s][debug][gc,phases,ref     ] GC(53)         SoftRef (ms):                  skipped
[0.925s][debug][gc,phases,ref     ] GC(53)       Notify Soft/WeakReferences: 0.0ms
[0.925s][debug][gc,phases,ref     ] GC(53)         SoftRef (ms):                  skipped
[0.925s][debug][gc,phases,ref     ] GC(53)         WeakRef (ms):                  skipped
[0.925s][debug][gc,phases,ref     ] GC(53)         FinalRef (ms):                 skipped
[0.925s][debug][gc,phases,ref     ] GC(53)         Total (ms):                    skipped
[0.925s][debug][gc,phases,ref     ] GC(53)       Notify and keep alive finalizable: 0.0ms
[0.925s][debug][gc,phases,ref     ] GC(53)         FinalRef (ms):                 skipped
[0.926s][debug][gc,phases,ref     ] GC(53)       Notify PhantomReferences: 0.0ms
[0.926s][debug][gc,phases,ref     ] GC(53)         PhantomRef (ms):               skipped
[0.926s][debug][gc,phases,ref     ] GC(53)       SoftReference:
[0.926s][debug][gc,phases,ref     ] GC(53)         Discovered: 0
[0.926s][debug][gc,phases,ref     ] GC(53)         Cleared: 0
[0.926s][debug][gc,phases,ref     ] GC(53)       WeakReference:
[0.926s][debug][gc,phases,ref     ] GC(53)         Discovered: 0
[0.926s][debug][gc,phases,ref     ] GC(53)         Cleared: 0
[0.926s][debug][gc,phases,ref     ] GC(53)       FinalReference:
[0.926s][debug][gc,phases,ref     ] GC(53)         Discovered: 0
[0.926s][debug][gc,phases,ref     ] GC(53)         Cleared: 0
[0.926s][debug][gc,phases,ref     ] GC(53)       PhantomReference:
[0.926s][debug][gc,phases,ref     ] GC(53)         Discovered: 0
[0.926s][debug][gc,phases,ref     ] GC(53)         Cleared: 0
[0.926s][debug][gc,phases         ] GC(53)     Weak Processing: 0.0ms
[0.926s][debug][gc,phases         ] GC(53)       VM Weak                        Min:  0.0, Avg:  0.0, Max:  0.0, Diff:  0.0, Sum:  0.0, Workers: 1
[0.926s][debug][gc,phases         ] GC(53)         Dead                           Min: 0, Avg:  0.0, Max: 0, Diff: 0, Sum: 0, Workers: 1
[0.926s][debug][gc,phases         ] GC(53)         Total                          Min: 4, Avg:  4.0, Max: 4, Diff: 0, Sum: 4, Workers: 1
[0.926s][debug][gc,phases         ] GC(53)       ObjectSynchronizer Weak        Min:  0.0, Avg:  0.0, Max:  0.0, Diff:  0.0, Sum:  0.0, Workers: 1
[0.926s][debug][gc,phases         ] GC(53)         Dead                           Min: 0, Avg:  0.0, Max: 0, Diff: 0, Sum: 0, Workers: 1
[0.926s][debug][gc,phases         ] GC(53)         Total                          Min: 4, Avg:  4.0, Max: 4, Diff: 0, Sum: 4, Workers: 1
[0.926s][debug][gc,phases         ] GC(53)       JVMTI Tag Weak OopStorage      Min:  0.0, Avg:  0.0, Max:  0.0, Diff:  0.0, Sum:  0.0, Workers: 1
[0.926s][debug][gc,phases         ] GC(53)         Dead                           Min: 0, Avg:  0.0, Max: 0, Diff: 0, Sum: 0, Workers: 1
[0.926s][debug][gc,phases         ] GC(53)         Total                          Min: 0, Avg:  0.0, Max: 0, Diff: 0, Sum: 0, Workers: 1
[0.926s][debug][gc,phases         ] GC(53)       StringTable Weak               Min:  0.0, Avg:  0.0, Max:  0.0, Diff:  0.0, Sum:  0.0, Workers: 1
[0.926s][debug][gc,phases         ] GC(53)         Dead                           Min: 0, Avg:  0.0, Max: 0, Diff: 0, Sum: 0, Workers: 1
[0.926s][debug][gc,phases         ] GC(53)         Total                          Min: 39, Avg: 39.0, Max: 39, Diff: 0, Sum: 39, Workers: 1
[0.926s][debug][gc,phases         ] GC(53)       ResolvedMethodTable Weak       Min:  0.0, Avg:  0.0, Max:  0.0, Diff:  0.0, Sum:  0.0, Workers: 1
[0.926s][debug][gc,phases         ] GC(53)         Dead                           Min: 0, Avg:  0.0, Max: 0, Diff: 0, Sum: 0, Workers: 1
[0.926s][debug][gc,phases         ] GC(53)         Total                          Min: 22, Avg: 22.0, Max: 22, Diff: 0, Sum: 22, Workers: 1
[0.926s][debug][gc,phases         ] GC(53)       JNI Weak                       Min:  0.0, Avg:  0.0, Max:  0.0, Diff:  0.0, Sum:  0.0, Workers: 1
[0.926s][debug][gc,phases         ] GC(53)         Dead                           Min: 0, Avg:  0.0, Max: 0, Diff: 0, Sum: 0, Workers: 1
[0.926s][debug][gc,phases         ] GC(53)         Total                          Min: 0, Avg:  0.0, Max: 0, Diff: 0, Sum: 0, Workers: 1
[0.926s][debug][gc,phases         ] GC(53)       StringDedup Table Weak         Min:  0.0, Avg:  0.0, Max:  0.0, Diff:  0.0, Sum:  0.0, Workers: 1
[0.926s][debug][gc,phases         ] GC(53)         Dead                           Min: 0, Avg:  0.0, Max: 0, Diff: 0, Sum: 0, Workers: 1
[0.926s][debug][gc,phases         ] GC(53)         Total                          Min: 0, Avg:  0.0, Max: 0, Diff: 0, Sum: 0, Workers: 1
[0.926s][debug][gc,phases         ] GC(53)       StringDedup Requests0 Weak     Min:  0.0, Avg:  0.0, Max:  0.0, Diff:  0.0, Sum:  0.0, Workers: 1
[0.926s][debug][gc,phases         ] GC(53)         Dead                           Min: 0, Avg:  0.0, Max: 0, Diff: 0, Sum: 0, Workers: 1
[0.926s][debug][gc,phases         ] GC(53)         Total                          Min: 0, Avg:  0.0, Max: 0, Diff: 0, Sum: 0, Workers: 1
[0.926s][debug][gc,phases         ] GC(53)       StringDedup Requests1 Weak     Min:  0.0, Avg:  0.0, Max:  0.0, Diff:  0.0, Sum:  0.0, Workers: 1
[0.926s][debug][gc,phases         ] GC(53)         Dead                           Min: 0, Avg:  0.0, Max: 0, Diff: 0, Sum: 0, Workers: 1
[0.926s][debug][gc,phases         ] GC(53)         Total                          Min: 0, Avg:  0.0, Max: 0, Diff: 0, Sum: 0, Workers: 1
[0.926s][debug][gc,phases         ] GC(53)       Weak JFR Old Object Samples    Min:  0.0, Avg:  0.0, Max:  0.0, Diff:  0.0, Sum:  0.0, Workers: 1
[0.926s][debug][gc,phases         ] GC(53)         Dead                           Min: 0, Avg:  0.0, Max: 0, Diff: 0, Sum: 0, Workers: 1
[0.926s][debug][gc,phases         ] GC(53)         Total                          Min: 0, Avg:  0.0, Max: 0, Diff: 0, Sum: 0, Workers: 1
[0.926s][debug][gc,phases         ] GC(53)     Post Evacuate Cleanup 1: 0.1ms
[0.926s][debug][gc,phases         ] GC(53)       Merge Per-Thread State (ms):   Min:  0.0, Avg:  0.0, Max:  0.0, Diff:  0.0, Sum:  0.0, Workers: 1
[0.926s][debug][gc,phases         ] GC(53)         Copied Bytes                   Min: 0, Avg:  0.0, Max: 0, Diff: 0, Sum: 0, Workers: 12
[0.926s][debug][gc,phases         ] GC(53)         LAB Waste                      Min: 0, Avg:  0.0, Max: 0, Diff: 0, Sum: 0, Workers: 12
[0.926s][debug][gc,phases         ] GC(53)         LAB Undo Waste                 Min: 0, Avg:  0.0, Max: 0, Diff: 0, Sum: 0, Workers: 12
[0.926s][debug][gc,phases         ] GC(53)       Clear Logged Cards (ms):       Min:  0.0, Avg:  0.0, Max:  0.0, Diff:  0.0, Sum:  0.0, Workers: 5
[0.926s][debug][gc,phases         ] GC(53)       Recalculate Used Memory (ms):  Min:  0.0, Avg:  0.0, Max:  0.0, Diff:  0.0, Sum:  0.0, Workers: 1
[0.926s][debug][gc,phases         ] GC(53)       Remove Self Forwards (ms):     Min:  0.0, Avg:  0.0, Max:  0.0, Diff:  0.0, Sum:  0.0, Workers: 5
[0.926s][debug][gc,phases         ] GC(53)     Post Evacuate Cleanup 2: 0.1ms
[0.926s][debug][gc,phases         ] GC(53)       Recalculate Used Memory (ms):  Min:  0.0, Avg:  0.0, Max:  0.0, Diff:  0.0, Sum:  0.0, Workers: 1
[0.926s][debug][gc,phases         ] GC(53)       Restore Preserved Marks (ms):  Min:  0.0, Avg:  0.0, Max:  0.0, Diff:  0.0, Sum:  0.0, Workers: 12
[0.926s][debug][gc,phases         ] GC(53)       Reset Hot Card Cache (ms):     Min:  0.0, Avg:  0.0, Max:  0.0, Diff:  0.0, Sum:  0.0, Workers: 1
[0.926s][debug][gc,phases         ] GC(53)       Purge Code Roots (ms):         Min:  0.0, Avg:  0.0, Max:  0.0, Diff:  0.0, Sum:  0.0, Workers: 1
[0.926s][debug][gc,phases         ] GC(53)       Update Derived Pointers (ms):  Min:  0.0, Avg:  0.0, Max:  0.0, Diff:  0.0, Sum:  0.0, Workers: 1
[0.926s][debug][gc,phases         ] GC(53)       Eagerly Reclaim Humongous Objects (ms): Min:  0.0, Avg:  0.0, Max:  0.0, Diff:  0.0, Sum:  0.0, Workers: 1
[0.926s][debug][gc,phases         ] GC(53)         Humongous Total                Min: 32, Avg: 32.0, Max: 32, Diff: 0, Sum: 32, Workers: 1
[0.926s][debug][gc,phases         ] GC(53)         Humongous Candidates           Min: 0, Avg:  0.0, Max: 0, Diff: 0, Sum: 0, Workers: 1
[0.926s][debug][gc,phases         ] GC(53)         Humongous Reclaimed            Min: 0, Avg:  0.0, Max: 0, Diff: 0, Sum: 0, Workers: 1
[0.926s][debug][gc,phases         ] GC(53)       Redirty Logged Cards (ms):     Min:  0.0, Avg:  0.0, Max:  0.0, Diff:  0.0, Sum:  0.0, Workers: 12
[0.926s][debug][gc,phases         ] GC(53)         Redirtied Cards:               Min: 0, Avg:  0.3, Max: 4, Diff: 4, Sum: 4, Workers: 12
[0.926s][debug][gc,phases         ] GC(53)       Free Collection Set (ms):      Min:  0.0, Avg:  0.0, Max:  0.0, Diff:  0.0, Sum:  0.0, Workers: 12
[0.926s][debug][gc,phases         ] GC(53)     Rebuild Free List: 0.2ms
[0.926s][debug][gc,phases         ] GC(53)     Start New Collection Set: 0.0ms
[0.926s][debug][gc,phases         ] GC(53)     Resize TLABs: 0.0ms
[0.926s][debug][gc,phases         ] GC(53)     Expand Heap After Collection: 0.0ms
[0.926s][info ][gc,phases         ] GC(53)   Other: 0.2ms
[0.926s][info ][gc,heap           ] GC(53) Eden regions: 1->0(12)
[0.926s][info ][gc,heap           ] GC(53) Survivor regions: 1->0(0)
[0.926s][info ][gc,heap           ] GC(53) Old regions: 161->163
[0.926s][info ][gc,heap           ] GC(53) Archive regions: 2->2
[0.926s][info ][gc,heap           ] GC(53) Humongous regions: 91->91
[0.926s][info ][gc,metaspace      ] GC(53) Metaspace: 136K(320K)->136K(320K) NonClass: 131K(192K)->131K(192K) Class: 5K(128K)->5K(128K)
[0.926s][debug][gc,heap           ] GC(53) Heap after GC invocations=51 (full 4):
[0.926s][debug][gc,heap           ] GC(53)  garbage-first heap   total 262144K, used 245234K [0x00000000f0000000, 0x0000000100000000)
[0.926s][debug][gc,heap           ] GC(53)   region size 1024K, 0 young (0K), 0 survivors (0K)
[0.926s][debug][gc,heap           ] GC(53)  Metaspace       used 136K, committed 320K, reserved 1114112K
[0.926s][debug][gc,heap           ] GC(53)   class space    used 5K, committed 128K, reserved 1048576K
[0.926s][info ][gc                ] GC(53) Pause Young (Normal) (G1 Evacuation Pause) 239M->239M(256M) 2.543ms
[0.926s][info ][gc,cpu            ] GC(53) User=0.00s Sys=0.01s Real=0.01s
[0.926s][debug][gc,ergo,heap      ] Attempt heap expansion (allocation request failed). Allocation request: 65552B
[0.926s][debug][gc,ergo,heap      ] Expand the heap. requested expansion amount: 1048576B expansion amount: 1048576B
[0.926s][debug][gc,ergo,heap      ] Did not expand the heap (heap already fully expanded)
[0.926s][info ][gc,ergo           ] Attempting full compaction
[0.926s][debug][gc,task           ] GC(54) Requesting 9 active workers for full compaction (waste limited workers: 13, adaptive workers: 9, used limited workers: 256)
[0.926s][info ][gc,task           ] GC(54) Using 9 workers of 13 for full compaction
[0.926s][info ][gc,start          ] GC(54) Pause Full (G1 Compaction Pause)
[0.926s][debug][gc,heap           ] GC(54) Heap before GC invocations=51 (full 4):
[0.926s][debug][gc,heap           ] GC(54)  garbage-first heap   total 262144K, used 245234K [0x00000000f0000000, 0x0000000100000000)
[0.926s][debug][gc,heap           ] GC(54)   region size 1024K, 0 young (0K), 0 survivors (0K)
[0.926s][debug][gc,heap           ] GC(54)  Metaspace       used 136K, committed 320K, reserved 1114112K
[0.926s][debug][gc,heap           ] GC(54)   class space    used 5K, committed 128K, reserved 1048576K
[0.926s][debug][gc,start          ] GC(54) Clear Next Bitmap
[0.926s][debug][gc,ergo           ] GC(54) Running G1 Clear Bitmap with 4 workers for 4 work units.
[0.926s][debug][gc                ] GC(54) Clear Next Bitmap 0.139ms
[0.926s][debug][gc,alloc,region   ] GC(54) Mutator Allocation stats, regions: 0, wasted size: 0B ( 0.0%)
[0.926s][info ][gc,phases,start   ] GC(54) Phase 1: Mark live objects
[0.927s][debug][gc,phases,start   ] GC(54) Phase 1: Reference Processing
[0.927s][debug][gc,ref            ] GC(54) Skipped phase 1 of Reference Processing: no references
[0.927s][debug][gc,ref            ] GC(54) ReferenceProcessor::execute queues: 1, RefProcThreadModel::Single, marks_oops_alive: false
[0.927s][debug][gc,ref            ] GC(54) Skipped phase 3 of Reference Processing: no references
[0.927s][debug][gc,ref            ] GC(54) Skipped phase 4 of Reference Processing: no references
[0.927s][debug][gc,phases,ref     ] GC(54) Reference Processing: 0.1ms
[0.927s][debug][gc,phases,ref     ] GC(54)   Reconsider SoftReferences: 0.0ms
[0.927s][debug][gc,phases,ref     ] GC(54)     SoftRef (ms):                  skipped
[0.927s][debug][gc,phases,ref     ] GC(54)   Notify Soft/WeakReferences: 0.1ms
[0.927s][debug][gc,phases,ref     ] GC(54)     SoftRef (ms):                  Min:  0.0, Avg:  0.0, Max:  0.0, Diff:  0.0, Sum:  0.0, Workers: 13
[0.927s][debug][gc,phases,ref     ] GC(54)     WeakRef (ms):                  Min:  0.0, Avg:  0.0, Max:  0.0, Diff:  0.0, Sum:  0.0, Workers: 13
[0.927s][debug][gc,phases,ref     ] GC(54)     FinalRef (ms):                 Min:  0.0, Avg:  0.0, Max:  0.0, Diff:  0.0, Sum:  0.0, Workers: 13
[0.927s][debug][gc,phases,ref     ] GC(54)     Total (ms):                    Min:  0.0, Avg:  0.0, Max:  0.0, Diff:  0.0, Sum:  0.0, Workers: 13
[0.927s][debug][gc,phases,ref     ] GC(54)   Notify and keep alive finalizable: 0.0ms
[0.927s][debug][gc,phases,ref     ] GC(54)     FinalRef (ms):                 skipped
[0.927s][debug][gc,phases,ref     ] GC(54)   Notify PhantomReferences: 0.0ms
[0.927s][debug][gc,phases,ref     ] GC(54)     PhantomRef (ms):               skipped
[0.927s][debug][gc,phases,ref     ] GC(54)   SoftReference:
[0.927s][debug][gc,phases,ref     ] GC(54)     Discovered: 0
[0.927s][debug][gc,phases,ref     ] GC(54)     Cleared: 0
[0.927s][debug][gc,phases,ref     ] GC(54)   WeakReference:
[0.927s][debug][gc,phases,ref     ] GC(54)     Discovered: 15
[0.927s][debug][gc,phases,ref     ] GC(54)     Cleared: 15
[0.927s][debug][gc,phases,ref     ] GC(54)   FinalReference:
[0.927s][debug][gc,phases,ref     ] GC(54)     Discovered: 0
[0.927s][debug][gc,phases,ref     ] GC(54)     Cleared: 0
[0.927s][debug][gc,phases,ref     ] GC(54)   PhantomReference:
[0.927s][debug][gc,phases,ref     ] GC(54)     Discovered: 0
[0.927s][debug][gc,phases,ref     ] GC(54)     Cleared: 0
[0.927s][debug][gc,phases         ] GC(54) Phase 1: Reference Processing 0.173ms
[0.927s][debug][gc,phases,start   ] GC(54) Phase 1: Weak Processing
[0.927s][debug][gc,phases         ] GC(54)   VM Weak                        Min:  0.0, Avg:  0.0, Max:  0.0, Diff:  0.0, Sum:  0.0, Workers: 1
[0.927s][debug][gc,phases         ] GC(54)     Dead                           Min: 0, Avg:  0.0, Max: 0, Diff: 0, Sum: 0, Workers: 1
[0.927s][debug][gc,phases         ] GC(54)     Total                          Min: 4, Avg:  4.0, Max: 4, Diff: 0, Sum: 4, Workers: 1
[0.927s][debug][gc,phases         ] GC(54)   ObjectSynchronizer Weak        Min:  0.0, Avg:  0.0, Max:  0.0, Diff:  0.0, Sum:  0.0, Workers: 1
[0.927s][debug][gc,phases         ] GC(54)     Dead                           Min: 0, Avg:  0.0, Max: 0, Diff: 0, Sum: 0, Workers: 1
[0.927s][debug][gc,phases         ] GC(54)     Total                          Min: 4, Avg:  4.0, Max: 4, Diff: 0, Sum: 4, Workers: 1
[0.927s][debug][gc,phases         ] GC(54)   JVMTI Tag Weak OopStorage      Min:  0.0, Avg:  0.0, Max:  0.0, Diff:  0.0, Sum:  0.0, Workers: 1
[0.927s][debug][gc,phases         ] GC(54)     Dead                           Min: 0, Avg:  0.0, Max: 0, Diff: 0, Sum: 0, Workers: 1
[0.927s][debug][gc,phases         ] GC(54)     Total                          Min: 0, Avg:  0.0, Max: 0, Diff: 0, Sum: 0, Workers: 1
[0.927s][debug][gc,phases         ] GC(54)   StringTable Weak               Min:  0.0, Avg:  0.0, Max:  0.0, Diff:  0.0, Sum:  0.0, Workers: 1
[0.927s][debug][gc,phases         ] GC(54)     Dead                           Min: 0, Avg:  0.0, Max: 0, Diff: 0, Sum: 0, Workers: 1
[0.927s][debug][gc,phases         ] GC(54)     Total                          Min: 39, Avg: 39.0, Max: 39, Diff: 0, Sum: 39, Workers: 1
[0.927s][debug][gc,phases         ] GC(54)   ResolvedMethodTable Weak       Min:  0.0, Avg:  0.0, Max:  0.0, Diff:  0.0, Sum:  0.0, Workers: 1
[0.927s][debug][gc,phases         ] GC(54)     Dead                           Min: 0, Avg:  0.0, Max: 0, Diff: 0, Sum: 0, Workers: 1
[0.927s][debug][gc,phases         ] GC(54)     Total                          Min: 22, Avg: 22.0, Max: 22, Diff: 0, Sum: 22, Workers: 1
[0.927s][debug][gc,phases         ] GC(54)   JNI Weak                       Min:  0.0, Avg:  0.0, Max:  0.0, Diff:  0.0, Sum:  0.0, Workers: 1
[0.927s][debug][gc,phases         ] GC(54)     Dead                           Min: 0, Avg:  0.0, Max: 0, Diff: 0, Sum: 0, Workers: 1
[0.927s][debug][gc,phases         ] GC(54)     Total                          Min: 0, Avg:  0.0, Max: 0, Diff: 0, Sum: 0, Workers: 1
[0.927s][debug][gc,phases         ] GC(54)   StringDedup Table Weak         Min:  0.0, Avg:  0.0, Max:  0.0, Diff:  0.0, Sum:  0.0, Workers: 1
[0.927s][debug][gc,phases         ] GC(54)     Dead                           Min: 0, Avg:  0.0, Max: 0, Diff: 0, Sum: 0, Workers: 1
[0.927s][debug][gc,phases         ] GC(54)     Total                          Min: 0, Avg:  0.0, Max: 0, Diff: 0, Sum: 0, Workers: 1
[0.927s][debug][gc,phases         ] GC(54)   StringDedup Requests0 Weak     Min:  0.0, Avg:  0.0, Max:  0.0, Diff:  0.0, Sum:  0.0, Workers: 1
[0.927s][debug][gc,phases         ] GC(54)     Dead                           Min: 0, Avg:  0.0, Max: 0, Diff: 0, Sum: 0, Workers: 1
[0.927s][debug][gc,phases         ] GC(54)     Total                          Min: 0, Avg:  0.0, Max: 0, Diff: 0, Sum: 0, Workers: 1
[0.927s][debug][gc,phases         ] GC(54)   StringDedup Requests1 Weak     Min:  0.0, Avg:  0.0, Max:  0.0, Diff:  0.0, Sum:  0.0, Workers: 1
[0.927s][debug][gc,phases         ] GC(54)     Dead                           Min: 0, Avg:  0.0, Max: 0, Diff: 0, Sum: 0, Workers: 1
[0.927s][debug][gc,phases         ] GC(54)     Total                          Min: 0, Avg:  0.0, Max: 0, Diff: 0, Sum: 0, Workers: 1
[0.927s][debug][gc,phases         ] GC(54)   Weak JFR Old Object Samples    Min:  0.0, Avg:  0.0, Max:  0.0, Diff:  0.0, Sum:  0.0, Workers: 1
[0.927s][debug][gc,phases         ] GC(54)     Dead                           Min: 0, Avg:  0.0, Max: 0, Diff: 0, Sum: 0, Workers: 1
[0.927s][debug][gc,phases         ] GC(54)     Total                          Min: 0, Avg:  0.0, Max: 0, Diff: 0, Sum: 0, Workers: 1
[0.927s][debug][gc,phases         ] GC(54) Phase 1: Weak Processing 0.171ms
[0.927s][debug][gc,phases,start   ] GC(54) Phase 1: Class Unloading and Cleanup
[0.927s][debug][gc,phases,start   ] GC(54) ClassLoaderData
[0.927s][debug][gc,phases         ] GC(54) ClassLoaderData 0.004ms
[0.927s][debug][gc,phases,start   ] GC(54) Trigger cleanups
[0.927s][debug][gc,phases         ] GC(54) Trigger cleanups 0.003ms
[0.928s][debug][gc,phases         ] GC(54) Phase 1: Class Unloading and Cleanup 0.123ms
[0.928s][debug][gc,phases,start   ] GC(54) Report Object Count
[0.928s][debug][gc,phases         ] GC(54) Report Object Count 0.005ms
[0.928s][info ][gc,phases         ] GC(54) Phase 1: Mark live objects 1.528ms
[0.928s][info ][gc,phases,start   ] GC(54) Phase 2: Prepare for compaction
[0.928s][info ][gc,phases         ] GC(54) Phase 2: Prepare for compaction 0.224ms
[0.928s][info ][gc,phases,start   ] GC(54) Phase 3: Adjust pointers
[0.928s][info ][gc,phases         ] GC(54) Phase 3: Adjust pointers 0.339ms
[0.928s][info ][gc,phases,start   ] GC(54) Phase 4: Compact heap
[0.934s][info ][gc,phases         ] GC(54) Phase 4: Compact heap 5.758ms
[0.934s][debug][gc,ergo           ] GC(54) Running G1 Clear Bitmap with 4 workers for 4 work units.
[0.934s][debug][gc,alloc,stats    ] Old generation allocation in the last mutator period, old gen allocated: 0B, humongous allocated: 0B,old gen growth: 0B.
[0.934s][info ][gc,heap           ] GC(54) Eden regions: 0->0(12)
[0.934s][info ][gc,heap           ] GC(54) Survivor regions: 0->0(0)
[0.934s][info ][gc,heap           ] GC(54) Old regions: 163->160
[0.934s][info ][gc,heap           ] GC(54) Archive regions: 2->2
[0.934s][info ][gc,heap           ] GC(54) Humongous regions: 91->91
[0.934s][info ][gc,metaspace      ] GC(54) Metaspace: 136K(320K)->136K(320K) NonClass: 131K(192K)->131K(192K) Class: 5K(128K)->5K(128K)
[0.934s][debug][gc,heap           ] GC(54) Heap after GC invocations=52 (full 5):
[0.934s][debug][gc,heap           ] GC(54)  garbage-first heap   total 262144K, used 244386K [0x00000000f0000000, 0x0000000100000000)
[0.934s][debug][gc,heap           ] GC(54)   region size 1024K, 0 young (0K), 0 survivors (0K)
[0.934s][debug][gc,heap           ] GC(54)  Metaspace       used 136K, committed 320K, reserved 1114112K
[0.934s][debug][gc,heap           ] GC(54)   class space    used 5K, committed 128K, reserved 1048576K
[0.934s][info ][gc                ] GC(54) Pause Full (G1 Compaction Pause) 239M->238M(256M) 8.461ms
[0.934s][info ][gc,cpu            ] GC(54) User=0.03s Sys=0.00s Real=0.01s
[0.935s][info ][gc,marking        ] GC(52) Concurrent Rebuild Remembered Sets 11.378ms
[0.935s][info ][gc,marking        ] GC(52) Concurrent Mark Abort
[0.935s][info ][gc                ] GC(52) Concurrent Mark Cycle 15.290ms
[0.935s][debug][gc,ergo,cset      ] Preventive GC, insufficient free regions. Predicted need 2. Curr Eden 1 (Pred 2). Curr Survivor 0 (Pred 0). Curr Old 160 (Pred 0) Free 2 Alloc 2
[0.935s][debug][gc,heap           ] GC(55) Heap before GC invocations=52 (full 5):
[0.935s][debug][gc,heap           ] GC(55)  garbage-first heap   total 262144K, used 244386K [0x00000000f0000000, 0x0000000100000000)
[0.935s][debug][gc,heap           ] GC(55)   region size 1024K, 1 young (1024K), 0 survivors (0K)
[0.935s][debug][gc,heap           ] GC(55)  Metaspace       used 136K, committed 320K, reserved 1114112K
[0.935s][debug][gc,heap           ] GC(55)   class space    used 5K, committed 128K, reserved 1048576K
[0.935s][info ][gc,start          ] GC(55) Pause Young (Normal) (G1 Preventive Collection)
[0.935s][info ][gc,task           ] GC(55) Using 12 workers of 13 for evacuation
[0.935s][debug][gc,tlab           ] GC(55) TLAB totals: thrds: 2  refills: 2 max: 1 slow allocs: 0 max 0 waste: 41.7% gc: 93736B max: 47024B slow: 0B max: 0B
[0.935s][debug][gc,age            ] GC(55) Desired survivor size 1048576 bytes, new threshold 15 (max threshold 15)
[0.935s][debug][gc,refine,stats   ] GC(55) Mutator refinement: 0.00ms, refined: 0, precleaned: 0, dirtied: 1
[0.935s][debug][gc,refine,stats   ] GC(55) Concurrent refinement: 0.00ms, refined: 0, precleaned: 0, dirtied: 0
[0.935s][debug][gc,refine,stats   ] GC(55) Total refinement: 0.00ms, refined: 0, precleaned: 0, dirtied: 1
[0.935s][debug][gc,refine,stats   ] GC(55) Generate dirty cards rate: 0.07 cards/ms
[0.935s][debug][gc,alloc,region   ] GC(55) Mutator Allocation stats, regions: 1, wasted size: 0B ( 0.0%)
[0.935s][debug][gc,humongous      ] GC(55) Humongous region 0 (object size 1048592 @ 0x00000000f0000000) remset 0 code roots 0 marked 0 reclaim candidate 0 type array 1
[0.935s][debug][gc,humongous      ] GC(55) Humongous region 2 (object size 1048592 @ 0x00000000f0200000) remset 0 code roots 0 marked 0 reclaim candidate 0 type array 1
[0.935s][debug][gc,humongous      ] GC(55) Humongous region 22 (object size 1048592 @ 0x00000000f1600000) remset 0 code roots 0 marked 0 reclaim candidate 0 type array 1
[0.935s][debug][gc,humongous      ] GC(55) Humongous region 42 (object size 1048592 @ 0x00000000f2a00000) remset 0 code roots 0 marked 0 reclaim candidate 0 type array 1
[0.935s][debug][gc,humongous      ] GC(55) Humongous region 4 (object size 1048592 @ 0x00000000f0400000) remset 0 code roots 0 marked 0 reclaim candidate 0 type array 1
[0.935s][debug][gc,humongous      ] GC(55) Humongous region 60 (object size 1048592 @ 0x00000000f3c00000) remset 0 code roots 0 marked 0 reclaim candidate 0 type array 1
[0.935s][debug][gc,humongous      ] GC(55) Humongous region 159 (object size 10485776 @ 0x00000000f9f00000) remset 0 code roots 0 marked 0 reclaim candidate 0 type array 1
[0.935s][debug][gc,humongous      ] GC(55) Humongous region 83 (object size 1048592 @ 0x00000000f5300000) remset 0 code roots 0 marked 0 reclaim candidate 0 type array 1
[0.935s][debug][gc,humongous      ] GC(55) Humongous region 203 (object size 1048592 @ 0x00000000fcb00000) remset 0 code roots 0 marked 0 reclaim candidate 0 type array 1
[0.935s][debug][gc,humongous      ] GC(55) Humongous region 238 (object size 1048592 @ 0x00000000fee00000) remset 0 code roots 0 marked 0 reclaim candidate 0 type array 1
[0.935s][debug][gc,humongous      ] GC(55) Humongous region 8 (object size 1048592 @ 0x00000000f0800000) remset 0 code roots 0 marked 0 reclaim candidate 0 type array 1
[0.935s][debug][gc,humongous      ] GC(55) Humongous region 6 (object size 1048592 @ 0x00000000f0600000) remset 0 code roots 0 marked 0 reclaim candidate 0 type array 1
[0.935s][debug][gc,humongous      ] GC(55) Humongous region 14 (object size 1048592 @ 0x00000000f0e00000) remset 0 code roots 0 marked 0 reclaim candidate 0 type array 1
[0.935s][debug][gc,humongous      ] GC(55) Humongous region 16 (object size 1048592 @ 0x00000000f1000000) remset 0 code roots 0 marked 0 reclaim candidate 0 type array 1
[0.935s][debug][gc,humongous      ] GC(55) Humongous region 205 (object size 1048592 @ 0x00000000fcd00000) remset 0 code roots 0 marked 0 reclaim candidate 0 type array 1
[0.935s][debug][gc,humongous      ] GC(55) Humongous region 20 (object size 1048592 @ 0x00000000f1400000) remset 0 code roots 0 marked 0 reclaim candidate 0 type array 1
[0.935s][debug][gc,humongous      ] GC(55) Humongous region 28 (object size 1048592 @ 0x00000000f1c00000) remset 0 code roots 0 marked 0 reclaim candidate 0 type array 1
[0.935s][debug][gc,humongous      ] GC(55) Humongous region 30 (object size 1048592 @ 0x00000000f1e00000) remset 0 code roots 0 marked 0 reclaim candidate 0 type array 1
[0.935s][debug][gc,humongous      ] GC(55) Humongous region 10 (object size 1048592 @ 0x00000000f0a00000) remset 0 code roots 0 marked 0 reclaim candidate 0 type array 1
[0.935s][debug][gc,humongous      ] GC(55) Humongous region 34 (object size 1048592 @ 0x00000000f2200000) remset 0 code roots 0 marked 0 reclaim candidate 0 type array 1
[0.935s][debug][gc,humongous      ] GC(55) Humongous region 12 (object size 1048592 @ 0x00000000f0c00000) remset 0 code roots 0 marked 0 reclaim candidate 0 type array 1
[0.935s][debug][gc,humongous      ] GC(55) Humongous region 36 (object size 1048592 @ 0x00000000f2400000) remset 0 code roots 0 marked 0 reclaim candidate 0 type array 1
[0.935s][debug][gc,humongous      ] GC(55) Humongous region 85 (object size 10485776 @ 0x00000000f5500000) remset 0 code roots 0 marked 0 reclaim candidate 0 type array 1
[0.935s][debug][gc,humongous      ] GC(55) Humongous region 18 (object size 1048592 @ 0x00000000f1200000) remset 0 code roots 0 marked 0 reclaim candidate 0 type array 1
[0.935s][debug][gc,humongous      ] GC(55) Humongous region 126 (object size 1048592 @ 0x00000000f7e00000) remset 0 code roots 0 marked 0 reclaim candidate 0 type array 1
[0.935s][debug][gc,humongous      ] GC(55) Humongous region 64 (object size 1048592 @ 0x00000000f4000000) remset 0 code roots 0 marked 0 reclaim candidate 0 type array 1
[0.935s][debug][gc,humongous      ] GC(55) Humongous region 32 (object size 1048592 @ 0x00000000f2000000) remset 0 code roots 0 marked 0 reclaim candidate 0 type array 1
[0.935s][debug][gc,humongous      ] GC(55) Humongous region 244 (object size 1048592 @ 0x00000000ff400000) remset 0 code roots 0 marked 0 reclaim candidate 0 type array 1
[0.935s][debug][gc,humongous      ] GC(55) Humongous region 38 (object size 1048592 @ 0x00000000f2600000) remset 0 code roots 0 marked 0 reclaim candidate 0 type array 1
[0.935s][debug][gc,humongous      ] GC(55) Humongous region 24 (object size 1048592 @ 0x00000000f1800000) remset 0 code roots 0 marked 0 reclaim candidate 0 type array 1
[0.935s][debug][gc,humongous      ] GC(55) Humongous region 26 (object size 1048592 @ 0x00000000f1a00000) remset 0 code roots 0 marked 0 reclaim candidate 0 type array 1
[0.935s][debug][gc,humongous      ] GC(55) Humongous region 216 (object size 10485776 @ 0x00000000fd800000) remset 0 code roots 0 marked 0 reclaim candidate 0 type array 1
[0.935s][debug][gc,ergo           ] GC(55) Running G1 Merge Heap Roots using 12 workers for 1 regions
[0.935s][debug][gc,remset         ] GC(55) Visited cards 32 Total dirty 2048 (1.56%) Total old 522240 (0.01%)
[0.936s][debug][gc,ref            ] GC(55) Skipped phase 1 of Reference Processing: no references
[0.936s][debug][gc,ref            ] GC(55) Skipped phase 2 of Reference Processing: no references
[0.936s][debug][gc,ref            ] GC(55) Skipped phase 3 of Reference Processing: no references
[0.936s][debug][gc,ref            ] GC(55) Skipped phase 4 of Reference Processing: no references
[0.936s][debug][gc,ergo           ] GC(55) Running G1 Rebuild Free List Task using 12 workers for rebuilding free list of regions
[0.936s][debug][gc,plab           ] GC(55) Young PLAB allocation: allocated: 0B, wasted: 0B, unused: 0B, used: 0B, undo waste: 0B, 
[0.936s][debug][gc,plab           ] GC(55) Young other allocation: region end waste: 0B, regions filled: 1, direct allocated: 327760B, failure used: 0B, failure wasted: 0B
[0.936s][debug][gc,plab           ] GC(55) Young sizing: calculated: 0B, actual: 2064B
[0.936s][debug][gc,plab           ] GC(55) Old PLAB allocation: allocated: 0B, wasted: 0B, unused: 0B, used: 0B, undo waste: 0B, 
[0.936s][debug][gc,plab           ] GC(55) Old other allocation: region end waste: 0B, regions filled: 0, direct allocated: 0B, failure used: 0B, failure wasted: 0B
[0.936s][debug][gc,plab           ] GC(55) Old sizing: calculated: 0B, actual: 2064B
[0.936s][debug][gc,ergo,heap      ] GC(55) Heap expansion: short term pause time ratio 38.40% long term pause time ratio 17.57% threshold 7.69% pause time ratio 7.69% fully expanded true resize by 0B
[0.936s][debug][gc,ergo,ihop      ] GC(55) Request concurrent cycle initiation (occupancy higher than threshold) occupancy: 265289728B allocation request: 0B threshold: 204244039B (76.09) source: end of GC
[0.936s][debug][gc,mmu            ] GC(55) MMU: 15.1ms (50.0ms/51.0ms)
[0.936s][debug][gc,alloc,stats    ] Old generation allocation in the last mutator period, old gen allocated: 0B, humongous allocated: 0B,old gen growth: 0B.
[0.936s][debug][gc,ihop           ] GC(55) Basic information (value update), threshold: 204634079B (76.23), target occupancy: 268435456B, current occupancy: 250579600B, recent allocation size: 0B, recent allocation duration: 14.54ms, recent old gen allocation rate: 0.00B/s, recent marking phase length: 9.93ms
[0.936s][debug][gc,ihop           ] GC(55) Adaptive IHOP information (value update), threshold: 204634079B (89.68), internal target occupancy: 228170137B, occupancy: 250579600B, additional buffer size: 12582912B, predicted old gen allocation rate: 208645097.56B/s, predicted marking phase length: 52.50ms, prediction active: true
[0.936s][debug][gc,ergo,refine    ] GC(55) Concurrent refinement times: Logged Cards Scan time goal: 5.00ms Logged Cards Scan time: 0.00ms HCC time: 0.00ms
[0.936s][debug][gc,ergo,refine    ] GC(55) Updated Refinement Zones: green: 3328, yellow: 9984, red: 16640
[0.936s][info ][gc,phases         ] GC(55)   Pre Evacuate Collection Set: 0.6ms
[0.936s][debug][gc,phases         ] GC(55)     Prepare TLABs: 0.0ms
[0.936s][debug][gc,phases         ] GC(55)     Concatenate Dirty Card Logs: 0.0ms
[0.936s][debug][gc,phases         ] GC(55)     Choose Collection Set: 0.0ms
[0.936s][debug][gc,phases         ] GC(55)     Region Register: 0.6ms
[0.936s][debug][gc,phases         ] GC(55)     Prepare Heap Roots: 0.0ms
[0.936s][info ][gc,phases         ] GC(55)   Merge Heap Roots: 0.2ms
[0.936s][debug][gc,phases         ] GC(55)     Prepare Merge Heap Roots: 0.0ms
[0.936s][debug][gc,phases         ] GC(55)     Eager Reclaim (ms):            skipped
[0.936s][debug][gc,phases         ] GC(55)     Remembered Sets (ms):          Min:  0.0, Avg:  0.0, Max:  0.0, Diff:  0.0, Sum:  0.0, Workers: 12
[0.936s][debug][gc,phases         ] GC(55)       Merged Sparse:                 Min: 0, Avg:  0.0, Max: 0, Diff: 0, Sum: 0, Workers: 12
[0.936s][debug][gc,phases         ] GC(55)       Merged Fine:                   Min: 0, Avg:  0.0, Max: 0, Diff: 0, Sum: 0, Workers: 12
[0.936s][debug][gc,phases         ] GC(55)       Merged Coarse:                 Min: 0, Avg:  0.0, Max: 0, Diff: 0, Sum: 0, Workers: 12
[0.936s][debug][gc,phases         ] GC(55)       Dirty Cards:                   Min: 0, Avg:  0.0, Max: 0, Diff: 0, Sum: 0, Workers: 12
[0.936s][debug][gc,phases         ] GC(55)     Hot Card Cache (ms):           Min:  0.0, Avg:  0.0, Max:  0.0, Diff:  0.0, Sum:  0.0, Workers: 12
[0.936s][debug][gc,phases         ] GC(55)       Dirty Cards:                   Min: 0, Avg:  0.0, Max: 0, Diff: 0, Sum: 0, Workers: 12
[0.936s][debug][gc,phases         ] GC(55)       Skipped Cards:                 Min: 0, Avg:  0.0, Max: 0, Diff: 0, Sum: 0, Workers: 12
[0.936s][debug][gc,phases         ] GC(55)     Log Buffers (ms):              Min:  0.0, Avg:  0.0, Max:  0.0, Diff:  0.0, Sum:  0.0, Workers: 12
[0.936s][debug][gc,phases         ] GC(55)       Dirty Cards:                   Min: 0, Avg:  0.0, Max: 0, Diff: 0, Sum: 0, Workers: 12
[0.936s][debug][gc,phases         ] GC(55)       Skipped Cards:                 Min: 0, Avg:  0.0, Max: 0, Diff: 0, Sum: 0, Workers: 12
[0.936s][info ][gc,phases         ] GC(55)   Evacuate Collection Set: 0.4ms
[0.936s][debug][gc,phases         ] GC(55)     Ext Root Scanning (ms):        Min:  0.0, Avg:  0.0, Max:  0.0, Diff:  0.0, Sum:  0.1, Workers: 12
[0.936s][debug][gc,phases         ] GC(55)     Scan Heap Roots (ms):          Min:  0.0, Avg:  0.0, Max:  0.0, Diff:  0.0, Sum:  0.0, Workers: 12
[0.936s][debug][gc,phases         ] GC(55)       Scanned Cards:                 Min: 0, Avg:  0.1, Max: 1, Diff: 1, Sum: 1, Workers: 12
[0.936s][debug][gc,phases         ] GC(55)       Scanned Blocks:                Min: 0, Avg:  0.1, Max: 1, Diff: 1, Sum: 1, Workers: 12
[0.936s][debug][gc,phases         ] GC(55)       Claimed Chunks:                Min: 0, Avg:  0.1, Max: 1, Diff: 1, Sum: 1, Workers: 12
[0.936s][debug][gc,phases         ] GC(55)     Code Root Scan (ms):           Min:  0.0, Avg:  0.0, Max:  0.0, Diff:  0.0, Sum:  0.0, Workers: 12
[0.936s][debug][gc,phases         ] GC(55)     Object Copy (ms):              Min:  0.0, Avg:  0.0, Max:  0.0, Diff:  0.0, Sum:  0.0, Workers: 12
[0.936s][debug][gc,phases         ] GC(55)     Termination (ms):              Min:  0.1, Avg:  0.2, Max:  0.3, Diff:  0.2, Sum:  2.8, Workers: 12
[0.936s][debug][gc,phases         ] GC(55)       Termination Attempts:          Min: 1, Avg:  1.0, Max: 1, Diff: 0, Sum: 12, Workers: 12
[0.936s][debug][gc,phases         ] GC(55)     GC Worker Other (ms):          Min:  0.0, Avg:  0.0, Max:  0.0, Diff:  0.0, Sum:  0.1, Workers: 12
[0.936s][debug][gc,phases         ] GC(55)     GC Worker Total (ms):          Min:  0.1, Avg:  0.3, Max:  0.4, Diff:  0.2, Sum:  3.0, Workers: 12
[0.936s][info ][gc,phases         ] GC(55)   Post Evacuate Collection Set: 0.4ms
[0.937s][debug][gc,phases         ] GC(55)     Code Roots Fixup: 0.0ms
[0.937s][debug][gc,phases         ] GC(55)     Reference Processing: 0.0ms
[0.937s][debug][gc,phases,ref     ] GC(55)       Reconsider SoftReferences: 0.0ms
[0.937s][debug][gc,phases,ref     ] GC(55)         SoftRef (ms):                  skipped
[0.937s][debug][gc,phases,ref     ] GC(55)       Notify Soft/WeakReferences: 0.0ms
[0.937s][debug][gc,phases,ref     ] GC(55)         SoftRef (ms):                  skipped
[0.937s][debug][gc,phases,ref     ] GC(55)         WeakRef (ms):                  skipped
[0.937s][debug][gc,phases,ref     ] GC(55)         FinalRef (ms):                 skipped
[0.937s][debug][gc,phases,ref     ] GC(55)         Total (ms):                    skipped
[0.937s][debug][gc,phases,ref     ] GC(55)       Notify and keep alive finalizable: 0.0ms
[0.937s][debug][gc,phases,ref     ] GC(55)         FinalRef (ms):                 skipped
[0.937s][debug][gc,phases,ref     ] GC(55)       Notify PhantomReferences: 0.0ms
[0.937s][debug][gc,phases,ref     ] GC(55)         PhantomRef (ms):               skipped
[0.937s][debug][gc,phases,ref     ] GC(55)       SoftReference:
[0.937s][debug][gc,phases,ref     ] GC(55)         Discovered: 0
[0.937s][debug][gc,phases,ref     ] GC(55)         Cleared: 0
[0.937s][debug][gc,phases,ref     ] GC(55)       WeakReference:
[0.937s][debug][gc,phases,ref     ] GC(55)         Discovered: 0
[0.937s][debug][gc,phases,ref     ] GC(55)         Cleared: 0
[0.937s][debug][gc,phases,ref     ] GC(55)       FinalReference:
[0.937s][debug][gc,phases,ref     ] GC(55)         Discovered: 0
[0.937s][debug][gc,phases,ref     ] GC(55)         Cleared: 0
[0.937s][debug][gc,phases,ref     ] GC(55)       PhantomReference:
[0.937s][debug][gc,phases,ref     ] GC(55)         Discovered: 0
[0.937s][debug][gc,phases,ref     ] GC(55)         Cleared: 0
[0.937s][debug][gc,phases         ] GC(55)     Weak Processing: 0.0ms
[0.937s][debug][gc,phases         ] GC(55)       VM Weak                        Min:  0.0, Avg:  0.0, Max:  0.0, Diff:  0.0, Sum:  0.0, Workers: 1
[0.937s][debug][gc,phases         ] GC(55)         Dead                           Min: 0, Avg:  0.0, Max: 0, Diff: 0, Sum: 0, Workers: 1
[0.937s][debug][gc,phases         ] GC(55)         Total                          Min: 4, Avg:  4.0, Max: 4, Diff: 0, Sum: 4, Workers: 1
[0.937s][debug][gc,phases         ] GC(55)       ObjectSynchronizer Weak        Min:  0.0, Avg:  0.0, Max:  0.0, Diff:  0.0, Sum:  0.0, Workers: 1
[0.937s][debug][gc,phases         ] GC(55)         Dead                           Min: 0, Avg:  0.0, Max: 0, Diff: 0, Sum: 0, Workers: 1
[0.937s][debug][gc,phases         ] GC(55)         Total                          Min: 4, Avg:  4.0, Max: 4, Diff: 0, Sum: 4, Workers: 1
[0.937s][debug][gc,phases         ] GC(55)       JVMTI Tag Weak OopStorage      Min:  0.0, Avg:  0.0, Max:  0.0, Diff:  0.0, Sum:  0.0, Workers: 1
[0.937s][debug][gc,phases         ] GC(55)         Dead                           Min: 0, Avg:  0.0, Max: 0, Diff: 0, Sum: 0, Workers: 1
[0.937s][debug][gc,phases         ] GC(55)         Total                          Min: 0, Avg:  0.0, Max: 0, Diff: 0, Sum: 0, Workers: 1
[0.937s][debug][gc,phases         ] GC(55)       StringTable Weak               Min:  0.0, Avg:  0.0, Max:  0.0, Diff:  0.0, Sum:  0.0, Workers: 1
[0.937s][debug][gc,phases         ] GC(55)         Dead                           Min: 0, Avg:  0.0, Max: 0, Diff: 0, Sum: 0, Workers: 1
[0.937s][debug][gc,phases         ] GC(55)         Total                          Min: 39, Avg: 39.0, Max: 39, Diff: 0, Sum: 39, Workers: 1
[0.937s][debug][gc,phases         ] GC(55)       ResolvedMethodTable Weak       Min:  0.0, Avg:  0.0, Max:  0.0, Diff:  0.0, Sum:  0.0, Workers: 1
[0.937s][debug][gc,phases         ] GC(55)         Dead                           Min: 0, Avg:  0.0, Max: 0, Diff: 0, Sum: 0, Workers: 1
[0.937s][debug][gc,phases         ] GC(55)         Total                          Min: 22, Avg: 22.0, Max: 22, Diff: 0, Sum: 22, Workers: 1
[0.937s][debug][gc,phases         ] GC(55)       JNI Weak                       Min:  0.0, Avg:  0.0, Max:  0.0, Diff:  0.0, Sum:  0.0, Workers: 1
[0.937s][debug][gc,phases         ] GC(55)         Dead                           Min: 0, Avg:  0.0, Max: 0, Diff: 0, Sum: 0, Workers: 1
[0.937s][debug][gc,phases         ] GC(55)         Total                          Min: 0, Avg:  0.0, Max: 0, Diff: 0, Sum: 0, Workers: 1
[0.937s][debug][gc,phases         ] GC(55)       StringDedup Table Weak         Min:  0.0, Avg:  0.0, Max:  0.0, Diff:  0.0, Sum:  0.0, Workers: 1
[0.937s][debug][gc,phases         ] GC(55)         Dead                           Min: 0, Avg:  0.0, Max: 0, Diff: 0, Sum: 0, Workers: 1
[0.937s][debug][gc,phases         ] GC(55)         Total                          Min: 0, Avg:  0.0, Max: 0, Diff: 0, Sum: 0, Workers: 1
[0.937s][debug][gc,phases         ] GC(55)       StringDedup Requests0 Weak     Min:  0.0, Avg:  0.0, Max:  0.0, Diff:  0.0, Sum:  0.0, Workers: 1
[0.937s][debug][gc,phases         ] GC(55)         Dead                           Min: 0, Avg:  0.0, Max: 0, Diff: 0, Sum: 0, Workers: 1
[0.937s][debug][gc,phases         ] GC(55)         Total                          Min: 0, Avg:  0.0, Max: 0, Diff: 0, Sum: 0, Workers: 1
[0.937s][debug][gc,phases         ] GC(55)       StringDedup Requests1 Weak     Min:  0.0, Avg:  0.0, Max:  0.0, Diff:  0.0, Sum:  0.0, Workers: 1
[0.937s][debug][gc,phases         ] GC(55)         Dead                           Min: 0, Avg:  0.0, Max: 0, Diff: 0, Sum: 0, Workers: 1
[0.937s][debug][gc,phases         ] GC(55)         Total                          Min: 0, Avg:  0.0, Max: 0, Diff: 0, Sum: 0, Workers: 1
[0.937s][debug][gc,phases         ] GC(55)       Weak JFR Old Object Samples    Min:  0.0, Avg:  0.0, Max:  0.0, Diff:  0.0, Sum:  0.0, Workers: 1
[0.937s][debug][gc,phases         ] GC(55)         Dead                           Min: 0, Avg:  0.0, Max: 0, Diff: 0, Sum: 0, Workers: 1
[0.937s][debug][gc,phases         ] GC(55)         Total                          Min: 0, Avg:  0.0, Max: 0, Diff: 0, Sum: 0, Workers: 1
[0.937s][debug][gc,phases         ] GC(55)     Post Evacuate Cleanup 1: 0.1ms
[0.937s][debug][gc,phases         ] GC(55)       Merge Per-Thread State (ms):   Min:  0.0, Avg:  0.0, Max:  0.0, Diff:  0.0, Sum:  0.0, Workers: 1
[0.937s][debug][gc,phases         ] GC(55)         Copied Bytes                   Min: 0, Avg: 27313.3, Max: 131104, Diff: 131104, Sum: 327760, Workers: 12
[0.937s][debug][gc,phases         ] GC(55)         LAB Waste                      Min: 0, Avg:  0.0, Max: 0, Diff: 0, Sum: 0, Workers: 12
[0.937s][debug][gc,phases         ] GC(55)         LAB Undo Waste                 Min: 0, Avg:  0.0, Max: 0, Diff: 0, Sum: 0, Workers: 12
[0.937s][debug][gc,phases         ] GC(55)       Clear Logged Cards (ms):       Min:  0.0, Avg:  0.0, Max:  0.0, Diff:  0.0, Sum:  0.0, Workers: 3
[0.937s][debug][gc,phases         ] GC(55)       Recalculate Used Memory (ms):  Min:  0.0, Avg:  0.0, Max:  0.0, Diff:  0.0, Sum:  0.0, Workers: 1
[0.937s][debug][gc,phases         ] GC(55)     Post Evacuate Cleanup 2: 0.1ms
[0.937s][debug][gc,phases         ] GC(55)       Reset Hot Card Cache (ms):     Min:  0.0, Avg:  0.0, Max:  0.0, Diff:  0.0, Sum:  0.0, Workers: 1
[0.937s][debug][gc,phases         ] GC(55)       Purge Code Roots (ms):         Min:  0.0, Avg:  0.0, Max:  0.0, Diff:  0.0, Sum:  0.0, Workers: 1
[0.937s][debug][gc,phases         ] GC(55)       Update Derived Pointers (ms):  Min:  0.0, Avg:  0.0, Max:  0.0, Diff:  0.0, Sum:  0.0, Workers: 1
[0.937s][debug][gc,phases         ] GC(55)       Eagerly Reclaim Humongous Objects (ms): Min:  0.0, Avg:  0.0, Max:  0.0, Diff:  0.0, Sum:  0.0, Workers: 1
[0.937s][debug][gc,phases         ] GC(55)         Humongous Total                Min: 32, Avg: 32.0, Max: 32, Diff: 0, Sum: 32, Workers: 1
[0.937s][debug][gc,phases         ] GC(55)         Humongous Candidates           Min: 0, Avg:  0.0, Max: 0, Diff: 0, Sum: 0, Workers: 1
[0.937s][debug][gc,phases         ] GC(55)         Humongous Reclaimed            Min: 0, Avg:  0.0, Max: 0, Diff: 0, Sum: 0, Workers: 1
[0.937s][debug][gc,phases         ] GC(55)       Redirty Logged Cards (ms):     Min:  0.0, Avg:  0.0, Max:  0.0, Diff:  0.0, Sum:  0.0, Workers: 12
[0.937s][debug][gc,phases         ] GC(55)         Redirtied Cards:               Min: 0, Avg:  0.2, Max: 2, Diff: 2, Sum: 2, Workers: 12
[0.937s][debug][gc,phases         ] GC(55)       Free Collection Set (ms):      Min:  0.0, Avg:  0.0, Max:  0.0, Diff:  0.0, Sum:  0.0, Workers: 12
[0.937s][debug][gc,phases         ] GC(55)     Rebuild Free List: 0.1ms
[0.937s][debug][gc,phases         ] GC(55)     Start New Collection Set: 0.0ms
[0.937s][debug][gc,phases         ] GC(55)     Resize TLABs: 0.0ms
[0.937s][debug][gc,phases         ] GC(55)     Expand Heap After Collection: 0.0ms
[0.937s][info ][gc,phases         ] GC(55)   Other: 0.1ms
[0.937s][info ][gc,heap           ] GC(55) Eden regions: 1->0(11)
[0.937s][info ][gc,heap           ] GC(55) Survivor regions: 0->1(2)
[0.937s][info ][gc,heap           ] GC(55) Old regions: 160->160
[0.937s][info ][gc,heap           ] GC(55) Archive regions: 2->2
[0.937s][info ][gc,heap           ] GC(55) Humongous regions: 91->91
[0.937s][info ][gc,metaspace      ] GC(55) Metaspace: 136K(320K)->136K(320K) NonClass: 131K(192K)->131K(192K) Class: 5K(128K)->5K(128K)
[0.937s][debug][gc,heap           ] GC(55) Heap after GC invocations=53 (full 5):
[0.937s][debug][gc,heap           ] GC(55)  garbage-first heap   total 262144K, used 244706K [0x00000000f0000000, 0x0000000100000000)
[0.937s][debug][gc,heap           ] GC(55)   region size 1024K, 1 young (1024K), 1 survivors (1024K)
[0.937s][debug][gc,heap           ] GC(55)  Metaspace       used 136K, committed 320K, reserved 1114112K
[0.937s][debug][gc,heap           ] GC(55)   class space    used 5K, committed 128K, reserved 1048576K
[0.937s][info ][gc                ] GC(55) Pause Young (Normal) (G1 Preventive Collection) 239M->238M(256M) 2.113ms
[0.937s][info ][gc,cpu            ] GC(55) User=0.01s Sys=0.00s Real=0.00s
[0.937s][debug][gc,ergo,heap      ] Attempt heap expansion (allocation request failed). Allocation request: 1048592B
[0.937s][debug][gc,ergo,heap      ] Expand the heap. requested expansion amount: 1048592B expansion amount: 2097152B
[0.937s][debug][gc,ergo,heap      ] Did not expand the heap (heap already fully expanded)
[0.937s][info ][gc,ergo           ] Attempting full compaction
[0.937s][debug][gc,task           ] GC(56) Requesting 9 active workers for full compaction (waste limited workers: 13, adaptive workers: 9, used limited workers: 254)
[0.937s][info ][gc,task           ] GC(56) Using 9 workers of 13 for full compaction
[0.937s][info ][gc,start          ] GC(56) Pause Full (G1 Compaction Pause)
[0.937s][debug][gc,heap           ] GC(56) Heap before GC invocations=53 (full 5):
[0.937s][debug][gc,heap           ] GC(56)  garbage-first heap   total 262144K, used 244706K [0x00000000f0000000, 0x0000000100000000)
[0.937s][debug][gc,heap           ] GC(56)   region size 1024K, 1 young (1024K), 1 survivors (1024K)
[0.937s][debug][gc,heap           ] GC(56)  Metaspace       used 136K, committed 320K, reserved 1114112K
[0.937s][debug][gc,heap           ] GC(56)   class space    used 5K, committed 128K, reserved 1048576K
[0.937s][debug][gc,alloc,region   ] GC(56) Mutator Allocation stats, regions: 0, wasted size: 0B ( 0.0%)
[0.937s][info ][gc,phases,start   ] GC(56) Phase 1: Mark live objects
[0.938s][debug][gc,phases,start   ] GC(56) Phase 1: Reference Processing
[0.938s][debug][gc,ref            ] GC(56) Skipped phase 1 of Reference Processing: no references
[0.938s][debug][gc,ref            ] GC(56) Skipped phase 2 of Reference Processing: no references
[0.938s][debug][gc,ref            ] GC(56) Skipped phase 3 of Reference Processing: no references
[0.938s][debug][gc,ref            ] GC(56) ReferenceProcessor::execute queues: 1, RefProcThreadModel::Single, marks_oops_alive: false
[0.938s][debug][gc,phases,ref     ] GC(56) Reference Processing: 0.0ms
[0.938s][debug][gc,phases,ref     ] GC(56)   Reconsider SoftReferences: 0.0ms
[0.938s][debug][gc,phases,ref     ] GC(56)     SoftRef (ms):                  skipped
[0.938s][debug][gc,phases,ref     ] GC(56)   Notify Soft/WeakReferences: 0.0ms
[0.938s][debug][gc,phases,ref     ] GC(56)     SoftRef (ms):                  skipped
[0.938s][debug][gc,phases,ref     ] GC(56)     WeakRef (ms):                  skipped
[0.938s][debug][gc,phases,ref     ] GC(56)     FinalRef (ms):                 skipped
[0.938s][debug][gc,phases,ref     ] GC(56)     Total (ms):                    skipped
[0.938s][debug][gc,phases,ref     ] GC(56)   Notify and keep alive finalizable: 0.0ms
[0.938s][debug][gc,phases,ref     ] GC(56)     FinalRef (ms):                 skipped
[0.938s][debug][gc,phases,ref     ] GC(56)   Notify PhantomReferences: 0.0ms
[0.938s][debug][gc,phases,ref     ] GC(56)     PhantomRef (ms):               Min:  0.0, Avg:  0.0, Max:  0.0, Diff:  0.0, Sum:  0.0, Workers: 13
[0.938s][debug][gc,phases,ref     ] GC(56)   SoftReference:
[0.938s][debug][gc,phases,ref     ] GC(56)     Discovered: 0
[0.938s][debug][gc,phases,ref     ] GC(56)     Cleared: 0
[0.938s][debug][gc,phases,ref     ] GC(56)   WeakReference:
[0.938s][debug][gc,phases,ref     ] GC(56)     Discovered: 0
[0.938s][debug][gc,phases,ref     ] GC(56)     Cleared: 0
[0.938s][debug][gc,phases,ref     ] GC(56)   FinalReference:
[0.938s][debug][gc,phases,ref     ] GC(56)     Discovered: 0
[0.938s][debug][gc,phases,ref     ] GC(56)     Cleared: 0
[0.938s][debug][gc,phases,ref     ] GC(56)   PhantomReference:
[0.938s][debug][gc,phases,ref     ] GC(56)     Discovered: 1
[0.938s][debug][gc,phases,ref     ] GC(56)     Cleared: 1
[0.938s][debug][gc,phases         ] GC(56) Phase 1: Reference Processing 0.137ms
[0.938s][debug][gc,phases,start   ] GC(56) Phase 1: Weak Processing
[0.938s][debug][gc,phases         ] GC(56)   VM Weak                        Min:  0.0, Avg:  0.0, Max:  0.0, Diff:  0.0, Sum:  0.0, Workers: 1
[0.938s][debug][gc,phases         ] GC(56)     Dead                           Min: 0, Avg:  0.0, Max: 0, Diff: 0, Sum: 0, Workers: 1
[0.938s][debug][gc,phases         ] GC(56)     Total                          Min: 4, Avg:  4.0, Max: 4, Diff: 0, Sum: 4, Workers: 1
[0.938s][debug][gc,phases         ] GC(56)   ObjectSynchronizer Weak        Min:  0.0, Avg:  0.0, Max:  0.0, Diff:  0.0, Sum:  0.0, Workers: 1
[0.938s][debug][gc,phases         ] GC(56)     Dead                           Min: 0, Avg:  0.0, Max: 0, Diff: 0, Sum: 0, Workers: 1
[0.938s][debug][gc,phases         ] GC(56)     Total                          Min: 4, Avg:  4.0, Max: 4, Diff: 0, Sum: 4, Workers: 1
[0.938s][debug][gc,phases         ] GC(56)   JVMTI Tag Weak OopStorage      Min:  0.0, Avg:  0.0, Max:  0.0, Diff:  0.0, Sum:  0.0, Workers: 1
[0.938s][debug][gc,phases         ] GC(56)     Dead                           Min: 0, Avg:  0.0, Max: 0, Diff: 0, Sum: 0, Workers: 1
[0.938s][debug][gc,phases         ] GC(56)     Total                          Min: 0, Avg:  0.0, Max: 0, Diff: 0, Sum: 0, Workers: 1
[0.938s][debug][gc,phases         ] GC(56)   StringTable Weak               Min:  0.0, Avg:  0.0, Max:  0.0, Diff:  0.0, Sum:  0.0, Workers: 1
[0.938s][debug][gc,phases         ] GC(56)     Dead                           Min: 0, Avg:  0.0, Max: 0, Diff: 0, Sum: 0, Workers: 1
[0.938s][debug][gc,phases         ] GC(56)     Total                          Min: 39, Avg: 39.0, Max: 39, Diff: 0, Sum: 39, Workers: 1
[0.938s][debug][gc,phases         ] GC(56)   ResolvedMethodTable Weak       Min:  0.0, Avg:  0.0, Max:  0.0, Diff:  0.0, Sum:  0.0, Workers: 1
[0.938s][debug][gc,phases         ] GC(56)     Dead                           Min: 0, Avg:  0.0, Max: 0, Diff: 0, Sum: 0, Workers: 1
[0.938s][debug][gc,phases         ] GC(56)     Total                          Min: 22, Avg: 22.0, Max: 22, Diff: 0, Sum: 22, Workers: 1
[0.938s][debug][gc,phases         ] GC(56)   JNI Weak                       Min:  0.0, Avg:  0.0, Max:  0.0, Diff:  0.0, Sum:  0.0, Workers: 1
[0.938s][debug][gc,phases         ] GC(56)     Dead                           Min: 0, Avg:  0.0, Max: 0, Diff: 0, Sum: 0, Workers: 1
[0.938s][debug][gc,phases         ] GC(56)     Total                          Min: 0, Avg:  0.0, Max: 0, Diff: 0, Sum: 0, Workers: 1
[0.938s][debug][gc,phases         ] GC(56)   StringDedup Table Weak         Min:  0.0, Avg:  0.0, Max:  0.0, Diff:  0.0, Sum:  0.0, Workers: 1
[0.938s][debug][gc,phases         ] GC(56)     Dead                           Min: 0, Avg:  0.0, Max: 0, Diff: 0, Sum: 0, Workers: 1
[0.938s][debug][gc,phases         ] GC(56)     Total                          Min: 0, Avg:  0.0, Max: 0, Diff: 0, Sum: 0, Workers: 1
[0.938s][debug][gc,phases         ] GC(56)   StringDedup Requests0 Weak     Min:  0.0, Avg:  0.0, Max:  0.0, Diff:  0.0, Sum:  0.0, Workers: 1
[0.938s][debug][gc,phases         ] GC(56)     Dead                           Min: 0, Avg:  0.0, Max: 0, Diff: 0, Sum: 0, Workers: 1
[0.938s][debug][gc,phases         ] GC(56)     Total                          Min: 0, Avg:  0.0, Max: 0, Diff: 0, Sum: 0, Workers: 1
[0.938s][debug][gc,phases         ] GC(56)   StringDedup Requests1 Weak     Min:  0.0, Avg:  0.0, Max:  0.0, Diff:  0.0, Sum:  0.0, Workers: 1
[0.938s][debug][gc,phases         ] GC(56)     Dead                           Min: 0, Avg:  0.0, Max: 0, Diff: 0, Sum: 0, Workers: 1
[0.938s][debug][gc,phases         ] GC(56)     Total                          Min: 0, Avg:  0.0, Max: 0, Diff: 0, Sum: 0, Workers: 1
[0.938s][debug][gc,phases         ] GC(56)   Weak JFR Old Object Samples    Min:  0.0, Avg:  0.0, Max:  0.0, Diff:  0.0, Sum:  0.0, Workers: 1
[0.938s][debug][gc,phases         ] GC(56)     Dead                           Min: 0, Avg:  0.0, Max: 0, Diff: 0, Sum: 0, Workers: 1
[0.938s][debug][gc,phases         ] GC(56)     Total                          Min: 0, Avg:  0.0, Max: 0, Diff: 0, Sum: 0, Workers: 1
[0.938s][debug][gc,phases         ] GC(56) Phase 1: Weak Processing 0.174ms
[0.938s][debug][gc,phases,start   ] GC(56) Phase 1: Class Unloading and Cleanup
[0.938s][debug][gc,phases,start   ] GC(56) ClassLoaderData
[0.938s][debug][gc,phases         ] GC(56) ClassLoaderData 0.004ms
[0.938s][debug][gc,phases,start   ] GC(56) Trigger cleanups
[0.938s][debug][gc,phases         ] GC(56) Trigger cleanups 0.003ms
[0.938s][debug][gc,phases         ] GC(56) Phase 1: Class Unloading and Cleanup 0.134ms
[0.938s][debug][gc,phases,start   ] GC(56) Report Object Count
[0.938s][debug][gc,phases         ] GC(56) Report Object Count 0.005ms
[0.938s][info ][gc,phases         ] GC(56) Phase 1: Mark live objects 1.150ms
[0.938s][info ][gc,phases,start   ] GC(56) Phase 2: Prepare for compaction
[0.938s][info ][gc,phases         ] GC(56) Phase 2: Prepare for compaction 0.182ms
[0.938s][info ][gc,phases,start   ] GC(56) Phase 3: Adjust pointers
[0.939s][info ][gc,phases         ] GC(56) Phase 3: Adjust pointers 0.337ms
[0.939s][info ][gc,phases,start   ] GC(56) Phase 4: Compact heap
[0.939s][info ][gc,phases         ] GC(56) Phase 4: Compact heap 0.191ms
[0.939s][debug][gc,ergo           ] GC(56) Running G1 Clear Bitmap with 4 workers for 4 work units.
[0.939s][debug][gc,ergo,ihop      ] GC(56) Request concurrent cycle initiation (occupancy higher than threshold) occupancy: 265289728B allocation request: 0B threshold: 204634079B (76.23) source: end of Full GC
[0.939s][debug][gc,alloc,stats    ] Old generation allocation in the last mutator period, old gen allocated: 0B, humongous allocated: 0B,old gen growth: 0B.
[0.939s][info ][gc,heap           ] GC(56) Eden regions: 0->0(12)
[0.939s][info ][gc,heap           ] GC(56) Survivor regions: 1->0(2)
[0.939s][info ][gc,heap           ] GC(56) Old regions: 160->160
[0.939s][info ][gc,heap           ] GC(56) Archive regions: 2->2
[0.939s][info ][gc,heap           ] GC(56) Humongous regions: 91->91
[0.939s][info ][gc,metaspace      ] GC(56) Metaspace: 136K(320K)->136K(320K) NonClass: 131K(192K)->131K(192K) Class: 5K(128K)->5K(128K)
[0.939s][debug][gc,heap           ] GC(56) Heap after GC invocations=54 (full 6):
[0.939s][debug][gc,heap           ] GC(56)  garbage-first heap   total 262144K, used 244706K [0x00000000f0000000, 0x0000000100000000)
[0.939s][debug][gc,heap           ] GC(56)   region size 1024K, 0 young (0K), 0 survivors (0K)
[0.939s][debug][gc,heap           ] GC(56)  Metaspace       used 136K, committed 320K, reserved 1114112K
[0.939s][debug][gc,heap           ] GC(56)   class space    used 5K, committed 128K, reserved 1048576K
[0.939s][info ][gc                ] GC(56) Pause Full (G1 Compaction Pause) 238M->238M(256M) 2.318ms
[0.939s][info ][gc,cpu            ] GC(56) User=0.00s Sys=0.00s Real=0.00s
[0.939s][debug][gc,ergo,ihop      ] Request concurrent cycle initiation (occupancy higher than threshold) occupancy: 267386880B allocation request: 0B threshold: 204634079B (76.23) source: STW humongous allocation
[0.942s][debug][gc,heap           ] GC(57) Heap before GC invocations=54 (full 6):
[0.942s][debug][gc,heap           ] GC(57)  garbage-first heap   total 262144K, used 246754K [0x00000000f0000000, 0x0000000100000000)
[0.942s][debug][gc,heap           ] GC(57)   region size 1024K, 1 young (1024K), 0 survivors (0K)
[0.942s][debug][gc,heap           ] GC(57)  Metaspace       used 136K, committed 320K, reserved 1114112K
[0.942s][debug][gc,heap           ] GC(57)   class space    used 5K, committed 128K, reserved 1048576K
[0.942s][debug][gc,ergo           ] GC(57) Initiate concurrent cycle (concurrent cycle initiation requested)
[0.942s][info ][gc,start          ] GC(57) Pause Young (Concurrent Start) (G1 Evacuation Pause)
[0.942s][info ][gc,task           ] GC(57) Using 12 workers of 13 for evacuation
[0.942s][debug][gc,tlab           ] GC(57) TLAB totals: thrds: 5  refills: 5 max: 1 slow allocs: 9 max 2 waste: 41.5% gc: 232456B max: 47024B slow: 0B max: 0B
[0.942s][debug][gc,age            ] GC(57) Desired survivor size 1048576 bytes, new threshold 15 (max threshold 15)
[0.942s][debug][gc,refine,stats   ] GC(57) Mutator refinement: 0.00ms, refined: 0, precleaned: 0, dirtied: 18
[0.942s][debug][gc,refine,stats   ] GC(57) Concurrent refinement: 0.00ms, refined: 0, precleaned: 0, dirtied: 0
[0.942s][debug][gc,refine,stats   ] GC(57) Total refinement: 0.00ms, refined: 0, precleaned: 0, dirtied: 18
[0.942s][debug][gc,refine,stats   ] GC(57) Generate dirty cards rate: 6.97 cards/ms
[0.942s][debug][gc,alloc,region   ] GC(57) Mutator Allocation stats, regions: 1, wasted size: 0B ( 0.0%)
[0.942s][debug][gc,humongous      ] GC(57) Humongous region 0 (object size 1048592 @ 0x00000000f0000000) remset 0 code roots 0 marked 0 reclaim candidate 0 type array 1
[0.942s][debug][gc,humongous      ] GC(57) Humongous region 2 (object size 1048592 @ 0x00000000f0200000) remset 0 code roots 0 marked 0 reclaim candidate 0 type array 1
[0.942s][debug][gc,humongous      ] GC(57) Humongous region 4 (object size 1048592 @ 0x00000000f0400000) remset 0 code roots 0 marked 0 reclaim candidate 0 type array 1
[0.942s][debug][gc,humongous      ] GC(57) Humongous region 22 (object size 1048592 @ 0x00000000f1600000) remset 0 code roots 0 marked 0 reclaim candidate 0 type array 1
[0.942s][debug][gc,humongous      ] GC(57) Humongous region 64 (object size 1048592 @ 0x00000000f4000000) remset 0 code roots 0 marked 0 reclaim candidate 0 type array 1
[0.942s][debug][gc,humongous      ] GC(57) Humongous region 85 (object size 10485776 @ 0x00000000f5500000) remset 0 code roots 0 marked 0 reclaim candidate 0 type array 1
[0.942s][debug][gc,humongous      ] GC(57) Humongous region 83 (object size 1048592 @ 0x00000000f5300000) remset 0 code roots 0 marked 0 reclaim candidate 0 type array 1
[0.942s][debug][gc,humongous      ] GC(57) Humongous region 203 (object size 1048592 @ 0x00000000fcb00000) remset 0 code roots 0 marked 0 reclaim candidate 0 type array 1
[0.942s][debug][gc,humongous      ] GC(57) Humongous region 6 (object size 1048592 @ 0x00000000f0600000) remset 0 code roots 0 marked 0 reclaim candidate 0 type array 1
[0.942s][debug][gc,humongous      ] GC(57) Humongous region 238 (object size 1048592 @ 0x00000000fee00000) remset 0 code roots 0 marked 0 reclaim candidate 0 type array 1
[0.942s][debug][gc,humongous      ] GC(57) Humongous region 10 (object size 1048592 @ 0x00000000f0a00000) remset 0 code roots 0 marked 0 reclaim candidate 0 type array 1
[0.942s][debug][gc,humongous      ] GC(57) Humongous region 14 (object size 1048592 @ 0x00000000f0e00000) remset 0 code roots 0 marked 0 reclaim candidate 0 type array 1
[0.942s][debug][gc,humongous      ] GC(57) Humongous region 42 (object size 1048592 @ 0x00000000f2a00000) remset 0 code roots 0 marked 0 reclaim candidate 0 type array 1
[0.942s][debug][gc,humongous      ] GC(57) Humongous region 18 (object size 1048592 @ 0x00000000f1200000) remset 0 code roots 0 marked 0 reclaim candidate 0 type array 1
[0.942s][debug][gc,humongous      ] GC(57) Humongous region 24 (object size 1048592 @ 0x00000000f1800000) remset 0 code roots 0 marked 0 reclaim candidate 0 type array 1
[0.942s][debug][gc,humongous      ] GC(57) Humongous region 20 (object size 1048592 @ 0x00000000f1400000) remset 0 code roots 0 marked 0 reclaim candidate 0 type array 1
[0.942s][debug][gc,humongous      ] GC(57) Humongous region 244 (object size 1048592 @ 0x00000000ff400000) remset 0 code roots 0 marked 0 reclaim candidate 0 type array 1
[0.942s][debug][gc,humongous      ] GC(57) Humongous region 249 (object size 1048592 @ 0x00000000ff900000) remset 0 code roots 0 marked 0 reclaim candidate 1 type array 1
[0.942s][debug][gc,humongous      ] GC(57) Humongous region 126 (object size 1048592 @ 0x00000000f7e00000) remset 0 code roots 0 marked 0 reclaim candidate 0 type array 1
[0.942s][debug][gc,humongous      ] GC(57) Humongous region 8 (object size 1048592 @ 0x00000000f0800000) remset 0 code roots 0 marked 0 reclaim candidate 0 type array 1
[0.942s][debug][gc,humongous      ] GC(57) Humongous region 12 (object size 1048592 @ 0x00000000f0c00000) remset 0 code roots 0 marked 0 reclaim candidate 0 type array 1
[0.942s][debug][gc,humongous      ] GC(57) Humongous region 34 (object size 1048592 @ 0x00000000f2200000) remset 0 code roots 0 marked 0 reclaim candidate 0 type array 1
[0.942s][debug][gc,humongous      ] GC(57) Humongous region 36 (object size 1048592 @ 0x00000000f2400000) remset 0 code roots 0 marked 0 reclaim candidate 0 type array 1
[0.942s][debug][gc,humongous      ] GC(57) Humongous region 16 (object size 1048592 @ 0x00000000f1000000) remset 0 code roots 0 marked 0 reclaim candidate 0 type array 1
[0.942s][debug][gc,humongous      ] GC(57) Humongous region 216 (object size 10485776 @ 0x00000000fd800000) remset 0 code roots 0 marked 0 reclaim candidate 0 type array 1
[0.942s][debug][gc,humongous      ] GC(57) Humongous region 26 (object size 1048592 @ 0x00000000f1a00000) remset 0 code roots 0 marked 0 reclaim candidate 0 type array 1
[0.942s][debug][gc,humongous      ] GC(57) Humongous region 60 (object size 1048592 @ 0x00000000f3c00000) remset 0 code roots 0 marked 0 reclaim candidate 0 type array 1
[0.942s][debug][gc,humongous      ] GC(57) Humongous region 32 (object size 1048592 @ 0x00000000f2000000) remset 0 code roots 0 marked 0 reclaim candidate 0 type array 1
[0.942s][debug][gc,humongous      ] GC(57) Humongous region 159 (object size 10485776 @ 0x00000000f9f00000) remset 0 code roots 0 marked 0 reclaim candidate 0 type array 1
[0.942s][debug][gc,humongous      ] GC(57) Humongous region 38 (object size 1048592 @ 0x00000000f2600000) remset 0 code roots 0 marked 0 reclaim candidate 0 type array 1
[0.942s][debug][gc,humongous      ] GC(57) Humongous region 205 (object size 1048592 @ 0x00000000fcd00000) remset 0 code roots 0 marked 0 reclaim candidate 0 type array 1
[0.942s][debug][gc,humongous      ] GC(57) Humongous region 28 (object size 1048592 @ 0x00000000f1c00000) remset 0 code roots 0 marked 0 reclaim candidate 0 type array 1
[0.942s][debug][gc,humongous      ] GC(57) Humongous region 30 (object size 1048592 @ 0x00000000f1e00000) remset 0 code roots 0 marked 0 reclaim candidate 0 type array 1
[0.942s][debug][gc,ergo           ] GC(57) Running G1 Merge Heap Roots using 12 workers for 1 regions
[0.943s][debug][gc,remset         ] GC(57) Visited cards 32 Total dirty 2048 (1.56%) Total old 526336 (0.01%)
[0.943s][debug][gc,ergo,heap      ] GC(57) Attempt heap expansion (region allocation request failed). Allocation request: 65552B
[0.943s][debug][gc,ergo,heap      ] GC(57) Did not expand the heap (heap already fully expanded)
[0.943s][debug][gc,ref            ] GC(57) Skipped phase 1 of Reference Processing: no references
[0.943s][debug][gc,ref            ] GC(57) Skipped phase 2 of Reference Processing: no references
[0.943s][debug][gc,ref            ] GC(57) Skipped phase 3 of Reference Processing: no references
[0.943s][debug][gc,ref            ] GC(57) Skipped phase 4 of Reference Processing: no references
[0.943s][debug][gc,ergo           ] GC(57) Running G1 Rebuild Free List Task using 12 workers for rebuilding free list of regions
[0.944s][debug][gc,plab           ] GC(57) Young PLAB allocation: allocated: 0B, wasted: 0B, unused: 0B, used: 0B, undo waste: 0B, 
[0.944s][debug][gc,plab           ] GC(57) Young other allocation: region end waste: 0B, regions filled: 0, direct allocated: 0B, failure used: 0B, failure wasted: 0B
[0.944s][debug][gc,plab           ] GC(57) Young sizing: calculated: 0B, actual: 2064B
[0.944s][debug][gc,plab           ] GC(57) Old PLAB allocation: allocated: 0B, wasted: 0B, unused: 0B, used: 0B, undo waste: 0B, 
[0.944s][debug][gc,plab           ] GC(57) Old other allocation: region end waste: 0B, regions filled: 0, direct allocated: 0B, failure used: 786624B, failure wasted: 261952B
[0.944s][debug][gc,plab           ] GC(57) Old sizing: calculated: 0B, actual: 2064B
[0.944s][debug][gc,ergo,heap      ] GC(57) Heap expansion: short term pause time ratio 80.20% long term pause time ratio 23.21% threshold 7.69% pause time ratio 7.69% fully expanded true resize by 0B
[0.944s][debug][gc,mmu            ] GC(57) MMU: 12.1ms (50.0ms/51.0ms)
[0.944s][debug][gc,alloc,stats    ] Old generation allocation in the last mutator period, old gen allocated: 1048576B, humongous allocated: 0B,old gen growth: 1048576B.
[0.944s][debug][gc,ihop           ] GC(57) Basic information (value update), threshold: 203703334B (75.89), target occupancy: 268435456B, current occupancy: 253695832B, recent allocation size: 1048576B, recent allocation duration: 2.58ms, recent old gen allocation rate: 406101656.32B/s, recent marking phase length: 9.93ms
[0.944s][debug][gc,ihop           ] GC(57) Adaptive IHOP information (value update), threshold: 203703334B (89.28), internal target occupancy: 228170137B, occupancy: 253695832B, additional buffer size: 12582912B, predicted old gen allocation rate: 226374741.58B/s, predicted marking phase length: 52.50ms, prediction active: true
[0.944s][debug][gc,ergo,refine    ] GC(57) Concurrent refinement times: Logged Cards Scan time goal: 5.00ms Logged Cards Scan time: 0.00ms HCC time: 0.00ms
[0.944s][debug][gc,ergo,refine    ] GC(57) Updated Refinement Zones: green: 3328, yellow: 9984, red: 16640
[0.944s][info ][gc                ] GC(57) To-space exhausted
[0.944s][info ][gc,phases         ] GC(57)   Pre Evacuate Collection Set: 0.7ms
[0.944s][debug][gc,phases         ] GC(57)     Prepare TLABs: 0.0ms
[0.944s][debug][gc,phases         ] GC(57)     Concatenate Dirty Card Logs: 0.0ms
[0.944s][debug][gc,phases         ] GC(57)     Choose Collection Set: 0.0ms
[0.944s][debug][gc,phases         ] GC(57)     Region Register: 0.7ms
[0.944s][debug][gc,phases         ] GC(57)     Prepare Heap Roots: 0.0ms
[0.944s][debug][gc,phases         ] GC(57)     Clear Claimed Marks: 0.0ms
[0.944s][info ][gc,phases         ] GC(57)   Merge Heap Roots: 0.2ms
[0.944s][debug][gc,phases         ] GC(57)     Prepare Merge Heap Roots: 0.0ms
[0.944s][debug][gc,phases         ] GC(57)     Eager Reclaim (ms):            Min:  0.0, Avg:  0.0, Max:  0.0, Diff:  0.0, Sum:  0.0, Workers: 1
[0.944s][debug][gc,phases         ] GC(57)     Remembered Sets (ms):          Min:  0.0, Avg:  0.0, Max:  0.0, Diff:  0.0, Sum:  0.0, Workers: 12
[0.944s][debug][gc,phases         ] GC(57)       Merged Sparse:                 Min: 0, Avg:  0.0, Max: 0, Diff: 0, Sum: 0, Workers: 12
[0.944s][debug][gc,phases         ] GC(57)       Merged Fine:                   Min: 0, Avg:  0.0, Max: 0, Diff: 0, Sum: 0, Workers: 12
[0.944s][debug][gc,phases         ] GC(57)       Merged Coarse:                 Min: 0, Avg:  0.0, Max: 0, Diff: 0, Sum: 0, Workers: 12
[0.944s][debug][gc,phases         ] GC(57)       Dirty Cards:                   Min: 0, Avg:  0.0, Max: 0, Diff: 0, Sum: 0, Workers: 12
[0.944s][debug][gc,phases         ] GC(57)     Hot Card Cache (ms):           Min:  0.0, Avg:  0.0, Max:  0.0, Diff:  0.0, Sum:  0.0, Workers: 12
[0.944s][debug][gc,phases         ] GC(57)       Dirty Cards:                   Min: 0, Avg:  0.0, Max: 0, Diff: 0, Sum: 0, Workers: 12
[0.944s][debug][gc,phases         ] GC(57)       Skipped Cards:                 Min: 0, Avg:  0.0, Max: 0, Diff: 0, Sum: 0, Workers: 12
[0.944s][debug][gc,phases         ] GC(57)     Log Buffers (ms):              Min:  0.0, Avg:  0.0, Max:  0.0, Diff:  0.0, Sum:  0.0, Workers: 12
[0.944s][debug][gc,phases         ] GC(57)       Dirty Cards:                   Min: 0, Avg:  0.8, Max: 10, Diff: 10, Sum: 10, Workers: 12
[0.944s][debug][gc,phases         ] GC(57)       Skipped Cards:                 Min: 0, Avg:  0.0, Max: 0, Diff: 0, Sum: 0, Workers: 12
[0.944s][info ][gc,phases         ] GC(57)   Evacuate Collection Set: 0.4ms
[0.944s][debug][gc,phases         ] GC(57)     Ext Root Scanning (ms):        Min:  0.0, Avg:  0.0, Max:  0.1, Diff:  0.1, Sum:  0.3, Workers: 12
[0.944s][debug][gc,phases         ] GC(57)     Scan Heap Roots (ms):          Min:  0.0, Avg:  0.0, Max:  0.0, Diff:  0.0, Sum:  0.0, Workers: 12
[0.944s][debug][gc,phases         ] GC(57)       Scanned Cards:                 Min: 0, Avg:  1.5, Max: 18, Diff: 18, Sum: 18, Workers: 12
[0.944s][debug][gc,phases         ] GC(57)       Scanned Blocks:                Min: 0, Avg:  0.1, Max: 1, Diff: 1, Sum: 1, Workers: 12
[0.944s][debug][gc,phases         ] GC(57)       Claimed Chunks:                Min: 0, Avg:  0.1, Max: 1, Diff: 1, Sum: 1, Workers: 12
[0.944s][debug][gc,phases         ] GC(57)     Code Root Scan (ms):           Min:  0.0, Avg:  0.0, Max:  0.0, Diff:  0.0, Sum:  0.0, Workers: 12
[0.944s][debug][gc,phases         ] GC(57)     Object Copy (ms):              Min:  0.0, Avg:  0.0, Max:  0.0, Diff:  0.0, Sum:  0.0, Workers: 12
[0.944s][debug][gc,phases         ] GC(57)     Termination (ms):              Min:  0.1, Avg:  0.2, Max:  0.3, Diff:  0.1, Sum:  2.4, Workers: 12
[0.944s][debug][gc,phases         ] GC(57)       Termination Attempts:          Min: 1, Avg:  1.2, Max: 2, Diff: 1, Sum: 14, Workers: 12
[0.944s][debug][gc,phases         ] GC(57)     GC Worker Other (ms):          Min:  0.0, Avg:  0.0, Max:  0.0, Diff:  0.0, Sum:  0.0, Workers: 12
[0.944s][debug][gc,phases         ] GC(57)     GC Worker Total (ms):          Min:  0.1, Avg:  0.2, Max:  0.3, Diff:  0.2, Sum:  2.7, Workers: 12
[0.944s][info ][gc,phases         ] GC(57)   Post Evacuate Collection Set: 0.5ms
[0.944s][debug][gc,phases         ] GC(57)     Code Roots Fixup: 0.0ms
[0.944s][debug][gc,phases         ] GC(57)     Reference Processing: 0.0ms
[0.944s][debug][gc,phases,ref     ] GC(57)       Reconsider SoftReferences: 0.0ms
[0.944s][debug][gc,phases,ref     ] GC(57)         SoftRef (ms):                  skipped
[0.944s][debug][gc,phases,ref     ] GC(57)       Notify Soft/WeakReferences: 0.0ms
[0.944s][debug][gc,phases,ref     ] GC(57)         SoftRef (ms):                  skipped
[0.944s][debug][gc,phases,ref     ] GC(57)         WeakRef (ms):                  skipped
[0.944s][debug][gc,phases,ref     ] GC(57)         FinalRef (ms):                 skipped
[0.944s][debug][gc,phases,ref     ] GC(57)         Total (ms):                    skipped
[0.944s][debug][gc,phases,ref     ] GC(57)       Notify and keep alive finalizable: 0.0ms
[0.944s][debug][gc,phases,ref     ] GC(57)         FinalRef (ms):                 skipped
[0.944s][debug][gc,phases,ref     ] GC(57)       Notify PhantomReferences: 0.0ms
[0.944s][debug][gc,phases,ref     ] GC(57)         PhantomRef (ms):               skipped
[0.944s][debug][gc,phases,ref     ] GC(57)       SoftReference:
[0.944s][debug][gc,phases,ref     ] GC(57)         Discovered: 0
[0.944s][debug][gc,phases,ref     ] GC(57)         Cleared: 0
[0.944s][debug][gc,phases,ref     ] GC(57)       WeakReference:
[0.944s][debug][gc,phases,ref     ] GC(57)         Discovered: 0
[0.944s][debug][gc,phases,ref     ] GC(57)         Cleared: 0
[0.944s][debug][gc,phases,ref     ] GC(57)       FinalReference:
[0.944s][debug][gc,phases,ref     ] GC(57)         Discovered: 0
[0.944s][debug][gc,phases,ref     ] GC(57)         Cleared: 0
[0.944s][debug][gc,phases,ref     ] GC(57)       PhantomReference:
[0.944s][debug][gc,phases,ref     ] GC(57)         Discovered: 0
[0.944s][debug][gc,phases,ref     ] GC(57)         Cleared: 0
[0.944s][debug][gc,phases         ] GC(57)     Weak Processing: 0.1ms
[0.944s][debug][gc,phases         ] GC(57)       VM Weak                        Min:  0.0, Avg:  0.0, Max:  0.0, Diff:  0.0, Sum:  0.0, Workers: 1
[0.944s][debug][gc,phases         ] GC(57)         Dead                           Min: 0, Avg:  0.0, Max: 0, Diff: 0, Sum: 0, Workers: 1
[0.944s][debug][gc,phases         ] GC(57)         Total                          Min: 4, Avg:  4.0, Max: 4, Diff: 0, Sum: 4, Workers: 1
[0.944s][debug][gc,phases         ] GC(57)       ObjectSynchronizer Weak        Min:  0.0, Avg:  0.0, Max:  0.0, Diff:  0.0, Sum:  0.0, Workers: 1
[0.944s][debug][gc,phases         ] GC(57)         Dead                           Min: 0, Avg:  0.0, Max: 0, Diff: 0, Sum: 0, Workers: 1
[0.944s][debug][gc,phases         ] GC(57)         Total                          Min: 4, Avg:  4.0, Max: 4, Diff: 0, Sum: 4, Workers: 1
[0.944s][debug][gc,phases         ] GC(57)       JVMTI Tag Weak OopStorage      Min:  0.0, Avg:  0.0, Max:  0.0, Diff:  0.0, Sum:  0.0, Workers: 1
[0.944s][debug][gc,phases         ] GC(57)         Dead                           Min: 0, Avg:  0.0, Max: 0, Diff: 0, Sum: 0, Workers: 1
[0.944s][debug][gc,phases         ] GC(57)         Total                          Min: 0, Avg:  0.0, Max: 0, Diff: 0, Sum: 0, Workers: 1
[0.944s][debug][gc,phases         ] GC(57)       StringTable Weak               Min:  0.0, Avg:  0.0, Max:  0.0, Diff:  0.0, Sum:  0.0, Workers: 1
[0.944s][debug][gc,phases         ] GC(57)         Dead                           Min: 0, Avg:  0.0, Max: 0, Diff: 0, Sum: 0, Workers: 1
[0.944s][debug][gc,phases         ] GC(57)         Total                          Min: 39, Avg: 39.0, Max: 39, Diff: 0, Sum: 39, Workers: 1
[0.944s][debug][gc,phases         ] GC(57)       ResolvedMethodTable Weak       Min:  0.0, Avg:  0.0, Max:  0.0, Diff:  0.0, Sum:  0.0, Workers: 1
[0.944s][debug][gc,phases         ] GC(57)         Dead                           Min: 0, Avg:  0.0, Max: 0, Diff: 0, Sum: 0, Workers: 1
[0.944s][debug][gc,phases         ] GC(57)         Total                          Min: 22, Avg: 22.0, Max: 22, Diff: 0, Sum: 22, Workers: 1
[0.944s][debug][gc,phases         ] GC(57)       JNI Weak                       Min:  0.0, Avg:  0.0, Max:  0.0, Diff:  0.0, Sum:  0.0, Workers: 1
[0.944s][debug][gc,phases         ] GC(57)         Dead                           Min: 0, Avg:  0.0, Max: 0, Diff: 0, Sum: 0, Workers: 1
[0.944s][debug][gc,phases         ] GC(57)         Total                          Min: 0, Avg:  0.0, Max: 0, Diff: 0, Sum: 0, Workers: 1
[0.944s][debug][gc,phases         ] GC(57)       StringDedup Table Weak         Min:  0.0, Avg:  0.0, Max:  0.0, Diff:  0.0, Sum:  0.0, Workers: 1
[0.944s][debug][gc,phases         ] GC(57)         Dead                           Min: 0, Avg:  0.0, Max: 0, Diff: 0, Sum: 0, Workers: 1
[0.944s][debug][gc,phases         ] GC(57)         Total                          Min: 0, Avg:  0.0, Max: 0, Diff: 0, Sum: 0, Workers: 1
[0.944s][debug][gc,phases         ] GC(57)       StringDedup Requests0 Weak     Min:  0.0, Avg:  0.0, Max:  0.0, Diff:  0.0, Sum:  0.0, Workers: 1
[0.944s][debug][gc,phases         ] GC(57)         Dead                           Min: 0, Avg:  0.0, Max: 0, Diff: 0, Sum: 0, Workers: 1
[0.944s][debug][gc,phases         ] GC(57)         Total                          Min: 0, Avg:  0.0, Max: 0, Diff: 0, Sum: 0, Workers: 1
[0.944s][debug][gc,phases         ] GC(57)       StringDedup Requests1 Weak     Min:  0.0, Avg:  0.0, Max:  0.0, Diff:  0.0, Sum:  0.0, Workers: 1
[0.944s][debug][gc,phases         ] GC(57)         Dead                           Min: 0, Avg:  0.0, Max: 0, Diff: 0, Sum: 0, Workers: 1
[0.944s][debug][gc,phases         ] GC(57)         Total                          Min: 0, Avg:  0.0, Max: 0, Diff: 0, Sum: 0, Workers: 1
[0.944s][debug][gc,phases         ] GC(57)       Weak JFR Old Object Samples    Min:  0.0, Avg:  0.0, Max:  0.0, Diff:  0.0, Sum:  0.0, Workers: 1
[0.944s][debug][gc,phases         ] GC(57)         Dead                           Min: 0, Avg:  0.0, Max: 0, Diff: 0, Sum: 0, Workers: 1
[0.944s][debug][gc,phases         ] GC(57)         Total                          Min: 0, Avg:  0.0, Max: 0, Diff: 0, Sum: 0, Workers: 1
[0.944s][debug][gc,phases         ] GC(57)     Post Evacuate Cleanup 1: 0.1ms
[0.944s][debug][gc,phases         ] GC(57)       Merge Per-Thread State (ms):   Min:  0.0, Avg:  0.0, Max:  0.0, Diff:  0.0, Sum:  0.0, Workers: 1
[0.944s][debug][gc,phases         ] GC(57)         Copied Bytes                   Min: 0, Avg:  0.0, Max: 0, Diff: 0, Sum: 0, Workers: 12
[0.944s][debug][gc,phases         ] GC(57)         LAB Waste                      Min: 0, Avg:  0.0, Max: 0, Diff: 0, Sum: 0, Workers: 12
[0.944s][debug][gc,phases         ] GC(57)         LAB Undo Waste                 Min: 0, Avg:  0.0, Max: 0, Diff: 0, Sum: 0, Workers: 12
[0.944s][debug][gc,phases         ] GC(57)       Clear Logged Cards (ms):       Min:  0.0, Avg:  0.0, Max:  0.0, Diff:  0.0, Sum:  0.0, Workers: 4
[0.944s][debug][gc,phases         ] GC(57)       Recalculate Used Memory (ms):  Min:  0.0, Avg:  0.0, Max:  0.0, Diff:  0.0, Sum:  0.0, Workers: 1
[0.944s][debug][gc,phases         ] GC(57)       Remove Self Forwards (ms):     Min:  0.0, Avg:  0.0, Max:  0.0, Diff:  0.0, Sum:  0.0, Workers: 4
[0.944s][debug][gc,phases         ] GC(57)     Post Evacuate Cleanup 2: 0.2ms
[0.944s][debug][gc,phases         ] GC(57)       Recalculate Used Memory (ms):  Min:  0.0, Avg:  0.0, Max:  0.0, Diff:  0.0, Sum:  0.0, Workers: 1
[0.944s][debug][gc,phases         ] GC(57)       Restore Preserved Marks (ms):  Min:  0.0, Avg:  0.0, Max:  0.0, Diff:  0.0, Sum:  0.0, Workers: 12
[0.944s][debug][gc,phases         ] GC(57)       Reset Hot Card Cache (ms):     Min:  0.0, Avg:  0.0, Max:  0.0, Diff:  0.0, Sum:  0.0, Workers: 1
[0.944s][debug][gc,phases         ] GC(57)       Purge Code Roots (ms):         Min:  0.0, Avg:  0.0, Max:  0.0, Diff:  0.0, Sum:  0.0, Workers: 1
[0.944s][debug][gc,phases         ] GC(57)       Update Derived Pointers (ms):  Min:  0.0, Avg:  0.0, Max:  0.0, Diff:  0.0, Sum:  0.0, Workers: 1
[0.944s][debug][gc,phases         ] GC(57)       Eagerly Reclaim Humongous Objects (ms): Min:  0.0, Avg:  0.0, Max:  0.0, Diff:  0.0, Sum:  0.0, Workers: 1
[0.944s][debug][gc,phases         ] GC(57)         Humongous Total                Min: 33, Avg: 33.0, Max: 33, Diff: 0, Sum: 33, Workers: 1
[0.944s][debug][gc,phases         ] GC(57)         Humongous Candidates           Min: 1, Avg:  1.0, Max: 1, Diff: 0, Sum: 1, Workers: 1
[0.944s][debug][gc,phases         ] GC(57)         Humongous Reclaimed            Min: 0, Avg:  0.0, Max: 0, Diff: 0, Sum: 0, Workers: 1
[0.944s][debug][gc,phases         ] GC(57)       Redirty Logged Cards (ms):     Min:  0.0, Avg:  0.0, Max:  0.0, Diff:  0.0, Sum:  0.0, Workers: 12
[0.944s][debug][gc,phases         ] GC(57)         Redirtied Cards:               Min: 0, Avg:  0.2, Max: 2, Diff: 2, Sum: 2, Workers: 12
[0.944s][debug][gc,phases         ] GC(57)       Free Collection Set (ms):      Min:  0.0, Avg:  0.0, Max:  0.0, Diff:  0.0, Sum:  0.0, Workers: 12
[0.944s][debug][gc,phases         ] GC(57)     Rebuild Free List: 0.2ms
[0.944s][debug][gc,phases         ] GC(57)     Start New Collection Set: 0.0ms
[0.944s][debug][gc,phases         ] GC(57)     Resize TLABs: 0.0ms
[0.944s][debug][gc,phases         ] GC(57)     Expand Heap After Collection: 0.0ms
[0.944s][info ][gc,phases         ] GC(57)   Other: 0.2ms
[0.944s][info ][gc,heap           ] GC(57) Eden regions: 1->0(12)
[0.944s][info ][gc,heap           ] GC(57) Survivor regions: 0->0(0)
[0.944s][info ][gc,heap           ] GC(57) Old regions: 160->161
[0.944s][info ][gc,heap           ] GC(57) Archive regions: 2->2
[0.944s][info ][gc,heap           ] GC(57) Humongous regions: 93->93
[0.944s][info ][gc,metaspace      ] GC(57) Metaspace: 136K(320K)->136K(320K) NonClass: 131K(192K)->131K(192K) Class: 5K(128K)->5K(128K)
[0.944s][debug][gc,heap           ] GC(57) Heap after GC invocations=55 (full 6):
[0.944s][debug][gc,heap           ] GC(57)  garbage-first heap   total 262144K, used 247749K [0x00000000f0000000, 0x0000000100000000)
[0.944s][debug][gc,heap           ] GC(57)   region size 1024K, 0 young (0K), 0 survivors (0K)
[0.944s][debug][gc,heap           ] GC(57)  Metaspace       used 136K, committed 320K, reserved 1114112K
[0.944s][debug][gc,heap           ] GC(57)   class space    used 5K, committed 128K, reserved 1048576K
[0.944s][info ][gc                ] GC(57) Pause Young (Concurrent Start) (G1 Evacuation Pause) 241M->241M(256M) 2.599ms
[0.944s][info ][gc,cpu            ] GC(57) User=0.00s Sys=0.00s Real=0.00s
[0.944s][debug][gc,ergo,heap      ] Attempt heap expansion (allocation request failed). Allocation request: 65552B
[0.944s][debug][gc,ergo,heap      ] Expand the heap. requested expansion amount: 1048576B expansion amount: 1048576B
[0.944s][debug][gc,ergo,heap      ] Did not expand the heap (heap already fully expanded)
[0.944s][info ][gc,ergo           ] Attempting full compaction
[0.944s][debug][gc,task           ] GC(58) Requesting 9 active workers for full compaction (waste limited workers: 13, adaptive workers: 9, used limited workers: 256)
[0.944s][info ][gc,task           ] GC(58) Using 9 workers of 13 for full compaction
[0.944s][info ][gc                ] GC(59) Concurrent Mark Cycle
[0.944s][info ][gc,marking        ] GC(59) Concurrent Clear Claimed Marks
[0.944s][info ][gc,marking        ] GC(59) Concurrent Clear Claimed Marks 0.004ms
[0.944s][info ][gc,marking        ] GC(59) Concurrent Scan Root Regions
[0.944s][info ][gc,marking        ] GC(59) Concurrent Scan Root Regions 0.003ms
[0.944s][info ][gc,marking        ] GC(59) Concurrent Mark
[0.944s][info ][gc,marking        ] GC(59) Concurrent Mark From Roots
[0.944s][info ][gc,task           ] GC(59) Using 3 workers of 3 for marking
[0.944s][info ][gc,start          ] GC(58) Pause Full (G1 Compaction Pause)
[0.944s][debug][gc,heap           ] GC(58) Heap before GC invocations=55 (full 6):
[0.944s][debug][gc,heap           ] GC(58)  garbage-first heap   total 262144K, used 247749K [0x00000000f0000000, 0x0000000100000000)
[0.944s][debug][gc,heap           ] GC(58)   region size 1024K, 0 young (0K), 0 survivors (0K)
[0.944s][debug][gc,heap           ] GC(58)  Metaspace       used 136K, committed 320K, reserved 1114112K
[0.944s][debug][gc,heap           ] GC(58)   class space    used 5K, committed 128K, reserved 1048576K
[0.944s][debug][gc,start          ] GC(58) Clear Next Bitmap
[0.944s][debug][gc,ergo           ] GC(58) Running G1 Clear Bitmap with 4 workers for 4 work units.
[0.945s][debug][gc                ] GC(58) Clear Next Bitmap 0.183ms
[0.945s][debug][gc,alloc,region   ] GC(58) Mutator Allocation stats, regions: 0, wasted size: 0B ( 0.0%)
[0.945s][info ][gc,phases,start   ] GC(58) Phase 1: Mark live objects
[0.945s][debug][gc,phases,start   ] GC(58) Phase 1: Reference Processing
[0.945s][debug][gc,ref            ] GC(58) Skipped phase 1 of Reference Processing: no references
[0.945s][debug][gc,ref            ] GC(58) Skipped phase 2 of Reference Processing: no references
[0.945s][debug][gc,ref            ] GC(58) Skipped phase 3 of Reference Processing: no references
[0.945s][debug][gc,ref            ] GC(58) ReferenceProcessor::execute queues: 1, RefProcThreadModel::Single, marks_oops_alive: false
[0.945s][debug][gc,phases,ref     ] GC(58) Reference Processing: 0.0ms
[0.945s][debug][gc,phases,ref     ] GC(58)   Reconsider SoftReferences: 0.0ms
[0.945s][debug][gc,phases,ref     ] GC(58)     SoftRef (ms):                  skipped
[0.945s][debug][gc,phases,ref     ] GC(58)   Notify Soft/WeakReferences: 0.0ms
[0.945s][debug][gc,phases,ref     ] GC(58)     SoftRef (ms):                  skipped
[0.945s][debug][gc,phases,ref     ] GC(58)     WeakRef (ms):                  skipped
[0.945s][debug][gc,phases,ref     ] GC(58)     FinalRef (ms):                 skipped
[0.946s][debug][gc,phases,ref     ] GC(58)     Total (ms):                    skipped
[0.946s][debug][gc,phases,ref     ] GC(58)   Notify and keep alive finalizable: 0.0ms
[0.946s][debug][gc,phases,ref     ] GC(58)     FinalRef (ms):                 skipped
[0.946s][debug][gc,phases,ref     ] GC(58)   Notify PhantomReferences: 0.0ms
[0.946s][debug][gc,phases,ref     ] GC(58)     PhantomRef (ms):               Min:  0.0, Avg:  0.0, Max:  0.0, Diff:  0.0, Sum:  0.0, Workers: 13
[0.946s][debug][gc,phases,ref     ] GC(58)   SoftReference:
[0.946s][debug][gc,phases,ref     ] GC(58)     Discovered: 0
[0.946s][debug][gc,phases,ref     ] GC(58)     Cleared: 0
[0.946s][debug][gc,phases,ref     ] GC(58)   WeakReference:
[0.946s][debug][gc,phases,ref     ] GC(58)     Discovered: 0
[0.946s][debug][gc,phases,ref     ] GC(58)     Cleared: 0
[0.946s][debug][gc,phases,ref     ] GC(58)   FinalReference:
[0.946s][debug][gc,phases,ref     ] GC(58)     Discovered: 0
[0.946s][debug][gc,phases,ref     ] GC(58)     Cleared: 0
[0.946s][debug][gc,phases,ref     ] GC(58)   PhantomReference:
[0.946s][debug][gc,phases,ref     ] GC(58)     Discovered: 1
[0.946s][debug][gc,phases,ref     ] GC(58)     Cleared: 1
[0.946s][debug][gc,phases         ] GC(58) Phase 1: Reference Processing 0.113ms
[0.946s][debug][gc,phases,start   ] GC(58) Phase 1: Weak Processing
[0.946s][debug][gc,phases         ] GC(58)   VM Weak                        Min:  0.0, Avg:  0.0, Max:  0.0, Diff:  0.0, Sum:  0.0, Workers: 1
[0.946s][debug][gc,phases         ] GC(58)     Dead                           Min: 0, Avg:  0.0, Max: 0, Diff: 0, Sum: 0, Workers: 1
[0.946s][debug][gc,phases         ] GC(58)     Total                          Min: 4, Avg:  4.0, Max: 4, Diff: 0, Sum: 4, Workers: 1
[0.946s][debug][gc,phases         ] GC(58)   ObjectSynchronizer Weak        Min:  0.0, Avg:  0.0, Max:  0.0, Diff:  0.0, Sum:  0.0, Workers: 1
[0.946s][debug][gc,phases         ] GC(58)     Dead                           Min: 0, Avg:  0.0, Max: 0, Diff: 0, Sum: 0, Workers: 1
[0.946s][debug][gc,phases         ] GC(58)     Total                          Min: 4, Avg:  4.0, Max: 4, Diff: 0, Sum: 4, Workers: 1
[0.946s][debug][gc,phases         ] GC(58)   JVMTI Tag Weak OopStorage      Min:  0.0, Avg:  0.0, Max:  0.0, Diff:  0.0, Sum:  0.0, Workers: 1
[0.946s][debug][gc,phases         ] GC(58)     Dead                           Min: 0, Avg:  0.0, Max: 0, Diff: 0, Sum: 0, Workers: 1
[0.946s][debug][gc,phases         ] GC(58)     Total                          Min: 0, Avg:  0.0, Max: 0, Diff: 0, Sum: 0, Workers: 1
[0.946s][debug][gc,phases         ] GC(58)   StringTable Weak               Min:  0.0, Avg:  0.0, Max:  0.0, Diff:  0.0, Sum:  0.0, Workers: 1
[0.946s][debug][gc,phases         ] GC(58)     Dead                           Min: 0, Avg:  0.0, Max: 0, Diff: 0, Sum: 0, Workers: 1
[0.946s][debug][gc,phases         ] GC(58)     Total                          Min: 39, Avg: 39.0, Max: 39, Diff: 0, Sum: 39, Workers: 1
[0.946s][debug][gc,phases         ] GC(58)   ResolvedMethodTable Weak       Min:  0.0, Avg:  0.0, Max:  0.0, Diff:  0.0, Sum:  0.0, Workers: 1
[0.946s][debug][gc,phases         ] GC(58)     Dead                           Min: 0, Avg:  0.0, Max: 0, Diff: 0, Sum: 0, Workers: 1
[0.946s][debug][gc,phases         ] GC(58)     Total                          Min: 22, Avg: 22.0, Max: 22, Diff: 0, Sum: 22, Workers: 1
[0.946s][debug][gc,phases         ] GC(58)   JNI Weak                       Min:  0.0, Avg:  0.0, Max:  0.0, Diff:  0.0, Sum:  0.0, Workers: 1
[0.946s][debug][gc,phases         ] GC(58)     Dead                           Min: 0, Avg:  0.0, Max: 0, Diff: 0, Sum: 0, Workers: 1
[0.946s][debug][gc,phases         ] GC(58)     Total                          Min: 0, Avg:  0.0, Max: 0, Diff: 0, Sum: 0, Workers: 1
[0.946s][debug][gc,phases         ] GC(58)   StringDedup Table Weak         Min:  0.0, Avg:  0.0, Max:  0.0, Diff:  0.0, Sum:  0.0, Workers: 1
[0.946s][debug][gc,phases         ] GC(58)     Dead                           Min: 0, Avg:  0.0, Max: 0, Diff: 0, Sum: 0, Workers: 1
[0.946s][debug][gc,phases         ] GC(58)     Total                          Min: 0, Avg:  0.0, Max: 0, Diff: 0, Sum: 0, Workers: 1
[0.946s][debug][gc,phases         ] GC(58)   StringDedup Requests0 Weak     Min:  0.0, Avg:  0.0, Max:  0.0, Diff:  0.0, Sum:  0.0, Workers: 1
[0.946s][debug][gc,phases         ] GC(58)     Dead                           Min: 0, Avg:  0.0, Max: 0, Diff: 0, Sum: 0, Workers: 1
[0.946s][debug][gc,phases         ] GC(58)     Total                          Min: 0, Avg:  0.0, Max: 0, Diff: 0, Sum: 0, Workers: 1
[0.946s][debug][gc,phases         ] GC(58)   StringDedup Requests1 Weak     Min:  0.0, Avg:  0.0, Max:  0.0, Diff:  0.0, Sum:  0.0, Workers: 1
[0.946s][debug][gc,phases         ] GC(58)     Dead                           Min: 0, Avg:  0.0, Max: 0, Diff: 0, Sum: 0, Workers: 1
[0.946s][debug][gc,phases         ] GC(58)     Total                          Min: 0, Avg:  0.0, Max: 0, Diff: 0, Sum: 0, Workers: 1
[0.946s][debug][gc,phases         ] GC(58)   Weak JFR Old Object Samples    Min:  0.0, Avg:  0.0, Max:  0.0, Diff:  0.0, Sum:  0.0, Workers: 1
[0.946s][debug][gc,phases         ] GC(58)     Dead                           Min: 0, Avg:  0.0, Max: 0, Diff: 0, Sum: 0, Workers: 1
[0.946s][debug][gc,phases         ] GC(58)     Total                          Min: 0, Avg:  0.0, Max: 0, Diff: 0, Sum: 0, Workers: 1
[0.946s][debug][gc,phases         ] GC(58) Phase 1: Weak Processing 0.183ms
[0.946s][debug][gc,phases,start   ] GC(58) Phase 1: Class Unloading and Cleanup
[0.946s][debug][gc,phases,start   ] GC(58) ClassLoaderData
[0.946s][debug][gc,phases         ] GC(58) ClassLoaderData 0.004ms
[0.946s][debug][gc,phases,start   ] GC(58) Trigger cleanups
[0.946s][debug][gc,phases         ] GC(58) Trigger cleanups 0.003ms
[0.946s][debug][gc,phases         ] GC(58) Phase 1: Class Unloading and Cleanup 0.137ms
[0.946s][debug][gc,phases,start   ] GC(58) Report Object Count
[0.946s][debug][gc,phases         ] GC(58) Report Object Count 0.004ms
[0.946s][info ][gc,phases         ] GC(58) Phase 1: Mark live objects 1.201ms
[0.946s][info ][gc,phases,start   ] GC(58) Phase 2: Prepare for compaction
[0.946s][info ][gc,phases         ] GC(58) Phase 2: Prepare for compaction 0.209ms
[0.946s][info ][gc,phases,start   ] GC(58) Phase 3: Adjust pointers
[0.946s][info ][gc,phases         ] GC(58) Phase 3: Adjust pointers 0.321ms
[0.946s][info ][gc,phases,start   ] GC(58) Phase 4: Compact heap
[0.952s][info ][gc,phases         ] GC(58) Phase 4: Compact heap 5.397ms
[0.952s][debug][gc,ergo           ] GC(58) Running G1 Clear Bitmap with 4 workers for 4 work units.
[0.952s][debug][gc,alloc,stats    ] Old generation allocation in the last mutator period, old gen allocated: 0B, humongous allocated: 0B,old gen growth: 0B.
[0.952s][info ][gc,heap           ] GC(58) Eden regions: 0->0(12)
[0.952s][info ][gc,heap           ] GC(58) Survivor regions: 0->0(0)
[0.952s][info ][gc,heap           ] GC(58) Old regions: 161->160
[0.952s][info ][gc,heap           ] GC(58) Archive regions: 2->2
[0.952s][info ][gc,heap           ] GC(58) Humongous regions: 93->93
[0.952s][info ][gc,metaspace      ] GC(58) Metaspace: 136K(320K)->136K(320K) NonClass: 131K(192K)->131K(192K) Class: 5K(128K)->5K(128K)
[0.952s][debug][gc,heap           ] GC(58) Heap after GC invocations=56 (full 7):
[0.952s][debug][gc,heap           ] GC(58)  garbage-first heap   total 262144K, used 246882K [0x00000000f0000000, 0x0000000100000000)
[0.952s][debug][gc,heap           ] GC(58)   region size 1024K, 0 young (0K), 0 survivors (0K)
[0.952s][debug][gc,heap           ] GC(58)  Metaspace       used 136K, committed 320K, reserved 1114112K
[0.952s][debug][gc,heap           ] GC(58)   class space    used 5K, committed 128K, reserved 1048576K
[0.952s][info ][gc                ] GC(58) Pause Full (G1 Compaction Pause) 241M->241M(256M) 7.905ms
[0.952s][info ][gc,cpu            ] GC(58) User=0.03s Sys=0.00s Real=0.01s
[0.953s][debug][gc,stats          ] ---------------------------------------------------------------------
[0.953s][debug][gc,stats          ] Marking Stats, task = 0, calls = 0
[0.953s][debug][gc,stats          ]   Elapsed time = 0.00ms, Termination time = 0.00ms
[0.953s][debug][gc,stats          ]   Step Times (cum): num = 617, avg = 0.02ms, sd = 0.11ms max = 1.18ms, total = 10.21ms
[0.953s][debug][gc,stats          ]   Mark Stats Cache: hits 26 misses 0 ratio 100.000
[0.953s][debug][gc,stats          ] ---------------------------------------------------------------------
[0.953s][debug][gc,stats          ] Marking Stats, task = 1, calls = 0
[0.953s][debug][gc,stats          ]   Elapsed time = 0.00ms, Termination time = 0.00ms
[0.953s][debug][gc,stats          ]   Step Times (cum): num = 66, avg = 0.15ms, sd = 0.34ms max = 1.46ms, total = 10.09ms
[0.953s][debug][gc,stats          ]   Mark Stats Cache: hits 17 misses 0 ratio 100.000
[0.953s][debug][gc,stats          ] ---------------------------------------------------------------------
[0.953s][debug][gc,stats          ] Marking Stats, task = 2, calls = 0
[0.953s][debug][gc,stats          ]   Elapsed time = 0.00ms, Termination time = 0.00ms
[0.953s][debug][gc,stats          ]   Step Times (cum): num = 44, avg = 0.12ms, sd = 0.30ms max = 1.29ms, total = 5.45ms
[0.953s][debug][gc,stats          ]   Mark Stats Cache: hits 7 misses 0 ratio 100.000
[0.953s][debug][gc,stats          ] ---------------------------------------------------------------------
[0.953s][info ][gc,marking        ] GC(59) Concurrent Mark From Roots 8.160ms
[0.953s][info ][gc,marking        ] GC(59) Concurrent Mark Abort
[0.953s][info ][gc                ] GC(59) Concurrent Mark Cycle 8.230ms
[0.955s][debug][gc,heap           ] GC(60) Heap before GC invocations=56 (full 7):
[0.955s][debug][gc,heap           ] GC(60)  garbage-first heap   total 262144K, used 246882K [0x00000000f0000000, 0x0000000100000000)
[0.955s][debug][gc,heap           ] GC(60)   region size 1024K, 1 young (1024K), 0 survivors (0K)
[0.955s][debug][gc,heap           ] GC(60)  Metaspace       used 136K, committed 320K, reserved 1114112K
[0.955s][debug][gc,heap           ] GC(60)   class space    used 5K, committed 128K, reserved 1048576K
[0.955s][info ][gc,start          ] GC(60) Pause Young (Normal) (G1 Evacuation Pause)
[0.955s][info ][gc,task           ] GC(60) Using 12 workers of 13 for evacuation
[0.955s][debug][gc,tlab           ] GC(60) TLAB totals: thrds: 5  refills: 5 max: 1 slow allocs: 6 max 2 waste: 41.5% gc: 232456B max: 47024B slow: 0B max: 0B
[0.955s][debug][gc,age            ] GC(60) Desired survivor size 1048576 bytes, new threshold 15 (max threshold 15)
[0.955s][debug][gc,refine,stats   ] GC(60) Mutator refinement: 0.00ms, refined: 0, precleaned: 0, dirtied: 18
[0.955s][debug][gc,refine,stats   ] GC(60) Concurrent refinement: 0.00ms, refined: 0, precleaned: 0, dirtied: 0
[0.955s][debug][gc,refine,stats   ] GC(60) Total refinement: 0.00ms, refined: 0, precleaned: 0, dirtied: 18
[0.955s][debug][gc,refine,stats   ] GC(60) Generate dirty cards rate: 1.14 cards/ms
[0.955s][debug][gc,alloc,region   ] GC(60) Mutator Allocation stats, regions: 1, wasted size: 0B ( 0.0%)
[0.955s][debug][gc,humongous      ] GC(60) Humongous region 0 (object size 1048592 @ 0x00000000f0000000) remset 0 code roots 0 marked 0 reclaim candidate 0 type array 1
[0.955s][debug][gc,humongous      ] GC(60) Humongous region 2 (object size 1048592 @ 0x00000000f0200000) remset 0 code roots 0 marked 0 reclaim candidate 0 type array 1
[0.955s][debug][gc,humongous      ] GC(60) Humongous region 42 (object size 1048592 @ 0x00000000f2a00000) remset 0 code roots 0 marked 0 reclaim candidate 0 type array 1
[0.955s][debug][gc,humongous      ] GC(60) Humongous region 203 (object size 1048592 @ 0x00000000fcb00000) remset 0 code roots 0 marked 0 reclaim candidate 0 type array 1
[0.955s][debug][gc,humongous      ] GC(60) Humongous region 205 (object size 1048592 @ 0x00000000fcd00000) remset 0 code roots 0 marked 0 reclaim candidate 0 type array 1
[0.955s][debug][gc,humongous      ] GC(60) Humongous region 216 (object size 10485776 @ 0x00000000fd800000) remset 0 code roots 0 marked 0 reclaim candidate 0 type array 1
[0.955s][debug][gc,humongous      ] GC(60) Humongous region 244 (object size 1048592 @ 0x00000000ff400000) remset 0 code roots 0 marked 0 reclaim candidate 0 type array 1
[0.955s][debug][gc,humongous      ] GC(60) Humongous region 126 (object size 1048592 @ 0x00000000f7e00000) remset 0 code roots 0 marked 0 reclaim candidate 0 type array 1
[0.955s][debug][gc,humongous      ] GC(60) Humongous region 159 (object size 10485776 @ 0x00000000f9f00000) remset 0 code roots 0 marked 0 reclaim candidate 0 type array 1
[0.955s][debug][gc,humongous      ] GC(60) Humongous region 14 (object size 1048592 @ 0x00000000f0e00000) remset 0 code roots 0 marked 0 reclaim candidate 0 type array 1
[0.955s][debug][gc,humongous      ] GC(60) Humongous region 22 (object size 1048592 @ 0x00000000f1600000) remset 0 code roots 0 marked 0 reclaim candidate 0 type array 1
[0.955s][debug][gc,humongous      ] GC(60) Humongous region 24 (object size 1048592 @ 0x00000000f1800000) remset 0 code roots 0 marked 0 reclaim candidate 0 type array 1
[0.955s][debug][gc,humongous      ] GC(60) Humongous region 26 (object size 1048592 @ 0x00000000f1a00000) remset 0 code roots 0 marked 0 reclaim candidate 0 type array 1
[0.955s][debug][gc,humongous      ] GC(60) Humongous region 238 (object size 1048592 @ 0x00000000fee00000) remset 0 code roots 0 marked 0 reclaim candidate 0 type array 1
[0.955s][debug][gc,humongous      ] GC(60) Humongous region 18 (object size 1048592 @ 0x00000000f1200000) remset 0 code roots 0 marked 0 reclaim candidate 0 type array 1
[0.955s][debug][gc,humongous      ] GC(60) Humongous region 20 (object size 1048592 @ 0x00000000f1400000) remset 0 code roots 0 marked 0 reclaim candidate 0 type array 1
[0.955s][debug][gc,humongous      ] GC(60) Humongous region 85 (object size 10485776 @ 0x00000000f5500000) remset 0 code roots 0 marked 0 reclaim candidate 0 type array 1
[0.955s][debug][gc,humongous      ] GC(60) Humongous region 30 (object size 1048592 @ 0x00000000f1e00000) remset 0 code roots 0 marked 0 reclaim candidate 0 type array 1
[0.955s][debug][gc,humongous      ] GC(60) Humongous region 4 (object size 1048592 @ 0x00000000f0400000) remset 0 code roots 0 marked 0 reclaim candidate 0 type array 1
[0.955s][debug][gc,humongous      ] GC(60) Humongous region 34 (object size 1048592 @ 0x00000000f2200000) remset 0 code roots 0 marked 0 reclaim candidate 0 type array 1
[0.955s][debug][gc,humongous      ] GC(60) Humongous region 36 (object size 1048592 @ 0x00000000f2400000) remset 0 code roots 0 marked 0 reclaim candidate 0 type array 1
[0.955s][debug][gc,humongous      ] GC(60) Humongous region 38 (object size 1048592 @ 0x00000000f2600000) remset 0 code roots 0 marked 0 reclaim candidate 0 type array 1
[0.955s][debug][gc,humongous      ] GC(60) Humongous region 16 (object size 1048592 @ 0x00000000f1000000) remset 0 code roots 0 marked 0 reclaim candidate 0 type array 1
[0.955s][debug][gc,humongous      ] GC(60) Humongous region 64 (object size 1048592 @ 0x00000000f4000000) remset 0 code roots 0 marked 0 reclaim candidate 0 type array 1
[0.955s][debug][gc,humongous      ] GC(60) Humongous region 28 (object size 1048592 @ 0x00000000f1c00000) remset 0 code roots 0 marked 0 reclaim candidate 0 type array 1
[0.955s][debug][gc,humongous      ] GC(60) Humongous region 6 (object size 1048592 @ 0x00000000f0600000) remset 0 code roots 0 marked 0 reclaim candidate 0 type array 1
[0.955s][debug][gc,humongous      ] GC(60) Humongous region 8 (object size 1048592 @ 0x00000000f0800000) remset 0 code roots 0 marked 0 reclaim candidate 0 type array 1
[0.955s][debug][gc,humongous      ] GC(60) Humongous region 32 (object size 1048592 @ 0x00000000f2000000) remset 0 code roots 0 marked 0 reclaim candidate 0 type array 1
[0.955s][debug][gc,humongous      ] GC(60) Humongous region 12 (object size 1048592 @ 0x00000000f0c00000) remset 0 code roots 0 marked 0 reclaim candidate 0 type array 1
[0.955s][debug][gc,humongous      ] GC(60) Humongous region 60 (object size 1048592 @ 0x00000000f3c00000) remset 0 code roots 0 marked 0 reclaim candidate 0 type array 1
[0.955s][debug][gc,humongous      ] GC(60) Humongous region 83 (object size 1048592 @ 0x00000000f5300000) remset 0 code roots 0 marked 0 reclaim candidate 0 type array 1
[0.955s][debug][gc,humongous      ] GC(60) Humongous region 249 (object size 1048592 @ 0x00000000ff900000) remset 0 code roots 0 marked 0 reclaim candidate 0 type array 1
[0.955s][debug][gc,humongous      ] GC(60) Humongous region 10 (object size 1048592 @ 0x00000000f0a00000) remset 0 code roots 0 marked 0 reclaim candidate 0 type array 1
[0.956s][debug][gc,ergo           ] GC(60) Running G1 Merge Heap Roots using 12 workers for 1 regions
[0.956s][debug][gc,remset         ] GC(60) Visited cards 32 Total dirty 2048 (1.56%) Total old 526336 (0.01%)
[0.956s][debug][gc,ergo,heap      ] GC(60) Attempt heap expansion (region allocation request failed). Allocation request: 65552B
[0.956s][debug][gc,ergo,heap      ] GC(60) Did not expand the heap (heap already fully expanded)
[0.956s][debug][gc,ref            ] GC(60) Skipped phase 1 of Reference Processing: no references
[0.957s][debug][gc,ref            ] GC(60) Skipped phase 2 of Reference Processing: no references
[0.957s][debug][gc,ref            ] GC(60) Skipped phase 3 of Reference Processing: no references
[0.957s][debug][gc,ref            ] GC(60) Skipped phase 4 of Reference Processing: no references
[0.957s][debug][gc,ergo           ] GC(60) Running G1 Rebuild Free List Task using 12 workers for rebuilding free list of regions
[0.957s][debug][gc,plab           ] GC(60) Young PLAB allocation: allocated: 0B, wasted: 0B, unused: 0B, used: 0B, undo waste: 0B, 
[0.957s][debug][gc,plab           ] GC(60) Young other allocation: region end waste: 0B, regions filled: 0, direct allocated: 0B, failure used: 0B, failure wasted: 0B
[0.957s][debug][gc,plab           ] GC(60) Young sizing: calculated: 0B, actual: 2064B
[0.957s][debug][gc,plab           ] GC(60) Old PLAB allocation: allocated: 0B, wasted: 0B, unused: 0B, used: 0B, undo waste: 0B, 
[0.957s][debug][gc,plab           ] GC(60) Old other allocation: region end waste: 0B, regions filled: 0, direct allocated: 0B, failure used: 786624B, failure wasted: 261952B
[0.957s][debug][gc,plab           ] GC(60) Old sizing: calculated: 0B, actual: 2064B
[0.957s][debug][gc,ergo,heap      ] GC(60) Heap expansion: short term pause time ratio 80.20% long term pause time ratio 23.21% threshold 7.69% pause time ratio 7.69% fully expanded true resize by 0B
[0.957s][debug][gc,ergo,ihop      ] GC(60) Request concurrent cycle initiation (occupancy higher than threshold) occupancy: 268435456B allocation request: 0B threshold: 203703334B (75.89) source: end of GC
[0.957s][debug][gc,mmu            ] GC(60) MMU: 11.4ms (50.0ms/51.0ms)
[0.957s][debug][gc,alloc,stats    ] Old generation allocation in the last mutator period, old gen allocated: 1048576B, humongous allocated: 0B,old gen growth: 1048576B.
[0.957s][debug][gc,ihop           ] GC(60) Basic information (value update), threshold: 203969166B (75.98), target occupancy: 268435456B, current occupancy: 253826936B, recent allocation size: 1048576B, recent allocation duration: 15.79ms, recent old gen allocation rate: 66402372.50B/s, recent marking phase length: 9.93ms
[0.957s][debug][gc,ihop           ] GC(60) Adaptive IHOP information (value update), threshold: 203969166B (89.39), internal target occupancy: 228170137B, occupancy: 253826936B, additional buffer size: 12582912B, predicted old gen allocation rate: 221310959.36B/s, predicted marking phase length: 52.50ms, prediction active: true
[0.957s][debug][gc,ergo,refine    ] GC(60) Concurrent refinement times: Logged Cards Scan time goal: 5.00ms Logged Cards Scan time: 0.00ms HCC time: 0.00ms
[0.957s][debug][gc,ergo,refine    ] GC(60) Updated Refinement Zones: green: 3328, yellow: 9984, red: 16640
[0.957s][info ][gc                ] GC(60) To-space exhausted
[0.957s][info ][gc,phases         ] GC(60)   Pre Evacuate Collection Set: 0.8ms
[0.957s][debug][gc,phases         ] GC(60)     Prepare TLABs: 0.1ms
[0.957s][debug][gc,phases         ] GC(60)     Concatenate Dirty Card Logs: 0.0ms
[0.957s][debug][gc,phases         ] GC(60)     Choose Collection Set: 0.0ms
[0.957s][debug][gc,phases         ] GC(60)     Region Register: 0.8ms
[0.957s][debug][gc,phases         ] GC(60)     Prepare Heap Roots: 0.0ms
[0.957s][info ][gc,phases         ] GC(60)   Merge Heap Roots: 0.2ms
[0.957s][debug][gc,phases         ] GC(60)     Prepare Merge Heap Roots: 0.0ms
[0.957s][debug][gc,phases         ] GC(60)     Eager Reclaim (ms):            skipped
[0.957s][debug][gc,phases         ] GC(60)     Remembered Sets (ms):          Min:  0.0, Avg:  0.0, Max:  0.0, Diff:  0.0, Sum:  0.0, Workers: 12
[0.957s][debug][gc,phases         ] GC(60)       Merged Sparse:                 Min: 0, Avg:  0.0, Max: 0, Diff: 0, Sum: 0, Workers: 12
[0.957s][debug][gc,phases         ] GC(60)       Merged Fine:                   Min: 0, Avg:  0.0, Max: 0, Diff: 0, Sum: 0, Workers: 12
[0.957s][debug][gc,phases         ] GC(60)       Merged Coarse:                 Min: 0, Avg:  0.0, Max: 0, Diff: 0, Sum: 0, Workers: 12
[0.957s][debug][gc,phases         ] GC(60)       Dirty Cards:                   Min: 0, Avg:  0.0, Max: 0, Diff: 0, Sum: 0, Workers: 12
[0.957s][debug][gc,phases         ] GC(60)     Hot Card Cache (ms):           Min:  0.0, Avg:  0.0, Max:  0.0, Diff:  0.0, Sum:  0.0, Workers: 12
[0.957s][debug][gc,phases         ] GC(60)       Dirty Cards:                   Min: 0, Avg:  0.0, Max: 0, Diff: 0, Sum: 0, Workers: 12
[0.957s][debug][gc,phases         ] GC(60)       Skipped Cards:                 Min: 0, Avg:  0.0, Max: 0, Diff: 0, Sum: 0, Workers: 12
[0.957s][debug][gc,phases         ] GC(60)     Log Buffers (ms):              Min:  0.0, Avg:  0.0, Max:  0.0, Diff:  0.0, Sum:  0.0, Workers: 12
[0.957s][debug][gc,phases         ] GC(60)       Dirty Cards:                   Min: 0, Avg:  0.8, Max: 10, Diff: 10, Sum: 10, Workers: 12
[0.957s][debug][gc,phases         ] GC(60)       Skipped Cards:                 Min: 0, Avg:  0.0, Max: 0, Diff: 0, Sum: 0, Workers: 12
[0.957s][info ][gc,phases         ] GC(60)   Evacuate Collection Set: 0.6ms
[0.957s][debug][gc,phases         ] GC(60)     Ext Root Scanning (ms):        Min:  0.0, Avg:  0.0, Max:  0.1, Diff:  0.1, Sum:  0.2, Workers: 12
[0.957s][debug][gc,phases         ] GC(60)     Scan Heap Roots (ms):          Min:  0.0, Avg:  0.0, Max:  0.0, Diff:  0.0, Sum:  0.0, Workers: 12
[0.957s][debug][gc,phases         ] GC(60)       Scanned Cards:                 Min: 0, Avg:  1.5, Max: 18, Diff: 18, Sum: 18, Workers: 12
[0.957s][debug][gc,phases         ] GC(60)       Scanned Blocks:                Min: 0, Avg:  0.1, Max: 1, Diff: 1, Sum: 1, Workers: 12
[0.957s][debug][gc,phases         ] GC(60)       Claimed Chunks:                Min: 0, Avg:  0.1, Max: 1, Diff: 1, Sum: 1, Workers: 12
[0.957s][debug][gc,phases         ] GC(60)     Code Root Scan (ms):           Min:  0.0, Avg:  0.0, Max:  0.0, Diff:  0.0, Sum:  0.0, Workers: 12
[0.957s][debug][gc,phases         ] GC(60)     Object Copy (ms):              Min:  0.0, Avg:  0.0, Max:  0.0, Diff:  0.0, Sum:  0.0, Workers: 12
[0.957s][debug][gc,phases         ] GC(60)     Termination (ms):              Min:  0.1, Avg:  0.3, Max:  0.4, Diff:  0.2, Sum:  3.4, Workers: 12
[0.957s][debug][gc,phases         ] GC(60)       Termination Attempts:          Min: 1, Avg:  1.2, Max: 2, Diff: 1, Sum: 14, Workers: 12
[0.957s][debug][gc,phases         ] GC(60)     GC Worker Other (ms):          Min:  0.0, Avg:  0.0, Max:  0.0, Diff:  0.0, Sum:  0.1, Workers: 12
[0.957s][debug][gc,phases         ] GC(60)     GC Worker Total (ms):          Min:  0.1, Avg:  0.3, Max:  0.4, Diff:  0.3, Sum:  3.7, Workers: 12
[0.957s][info ][gc,phases         ] GC(60)   Post Evacuate Collection Set: 0.5ms
[0.957s][debug][gc,phases         ] GC(60)     Code Roots Fixup: 0.0ms
[0.957s][debug][gc,phases         ] GC(60)     Reference Processing: 0.0ms
[0.957s][debug][gc,phases,ref     ] GC(60)       Reconsider SoftReferences: 0.0ms
[0.957s][debug][gc,phases,ref     ] GC(60)         SoftRef (ms):                  skipped
[0.957s][debug][gc,phases,ref     ] GC(60)       Notify Soft/WeakReferences: 0.0ms
[0.957s][debug][gc,phases,ref     ] GC(60)         SoftRef (ms):                  skipped
[0.957s][debug][gc,phases,ref     ] GC(60)         WeakRef (ms):                  skipped
[0.957s][debug][gc,phases,ref     ] GC(60)         FinalRef (ms):                 skipped
[0.957s][debug][gc,phases,ref     ] GC(60)         Total (ms):                    skipped
[0.957s][debug][gc,phases,ref     ] GC(60)       Notify and keep alive finalizable: 0.0ms
[0.957s][debug][gc,phases,ref     ] GC(60)         FinalRef (ms):                 skipped
[0.957s][debug][gc,phases,ref     ] GC(60)       Notify PhantomReferences: 0.0ms
[0.957s][debug][gc,phases,ref     ] GC(60)         PhantomRef (ms):               skipped
[0.957s][debug][gc,phases,ref     ] GC(60)       SoftReference:
[0.957s][debug][gc,phases,ref     ] GC(60)         Discovered: 0
[0.957s][debug][gc,phases,ref     ] GC(60)         Cleared: 0
[0.957s][debug][gc,phases,ref     ] GC(60)       WeakReference:
[0.957s][debug][gc,phases,ref     ] GC(60)         Discovered: 0
[0.957s][debug][gc,phases,ref     ] GC(60)         Cleared: 0
[0.957s][debug][gc,phases,ref     ] GC(60)       FinalReference:
[0.957s][debug][gc,phases,ref     ] GC(60)         Discovered: 0
[0.957s][debug][gc,phases,ref     ] GC(60)         Cleared: 0
[0.957s][debug][gc,phases,ref     ] GC(60)       PhantomReference:
[0.957s][debug][gc,phases,ref     ] GC(60)         Discovered: 0
[0.957s][debug][gc,phases,ref     ] GC(60)         Cleared: 0
[0.957s][debug][gc,phases         ] GC(60)     Weak Processing: 0.1ms
[0.957s][debug][gc,phases         ] GC(60)       VM Weak                        Min:  0.0, Avg:  0.0, Max:  0.0, Diff:  0.0, Sum:  0.0, Workers: 1
[0.957s][debug][gc,phases         ] GC(60)         Dead                           Min: 0, Avg:  0.0, Max: 0, Diff: 0, Sum: 0, Workers: 1
[0.957s][debug][gc,phases         ] GC(60)         Total                          Min: 4, Avg:  4.0, Max: 4, Diff: 0, Sum: 4, Workers: 1
[0.957s][debug][gc,phases         ] GC(60)       ObjectSynchronizer Weak        Min:  0.0, Avg:  0.0, Max:  0.0, Diff:  0.0, Sum:  0.0, Workers: 1
[0.957s][debug][gc,phases         ] GC(60)         Dead                           Min: 0, Avg:  0.0, Max: 0, Diff: 0, Sum: 0, Workers: 1
[0.957s][debug][gc,phases         ] GC(60)         Total                          Min: 4, Avg:  4.0, Max: 4, Diff: 0, Sum: 4, Workers: 1
[0.957s][debug][gc,phases         ] GC(60)       JVMTI Tag Weak OopStorage      Min:  0.0, Avg:  0.0, Max:  0.0, Diff:  0.0, Sum:  0.0, Workers: 1
[0.957s][debug][gc,phases         ] GC(60)         Dead                           Min: 0, Avg:  0.0, Max: 0, Diff: 0, Sum: 0, Workers: 1
[0.957s][debug][gc,phases         ] GC(60)         Total                          Min: 0, Avg:  0.0, Max: 0, Diff: 0, Sum: 0, Workers: 1
[0.957s][debug][gc,phases         ] GC(60)       StringTable Weak               Min:  0.0, Avg:  0.0, Max:  0.0, Diff:  0.0, Sum:  0.0, Workers: 1
[0.957s][debug][gc,phases         ] GC(60)         Dead                           Min: 0, Avg:  0.0, Max: 0, Diff: 0, Sum: 0, Workers: 1
[0.957s][debug][gc,phases         ] GC(60)         Total                          Min: 39, Avg: 39.0, Max: 39, Diff: 0, Sum: 39, Workers: 1
[0.957s][debug][gc,phases         ] GC(60)       ResolvedMethodTable Weak       Min:  0.0, Avg:  0.0, Max:  0.0, Diff:  0.0, Sum:  0.0, Workers: 1
[0.957s][debug][gc,phases         ] GC(60)         Dead                           Min: 0, Avg:  0.0, Max: 0, Diff: 0, Sum: 0, Workers: 1
[0.957s][debug][gc,phases         ] GC(60)         Total                          Min: 22, Avg: 22.0, Max: 22, Diff: 0, Sum: 22, Workers: 1
[0.957s][debug][gc,phases         ] GC(60)       JNI Weak                       Min:  0.0, Avg:  0.0, Max:  0.0, Diff:  0.0, Sum:  0.0, Workers: 1
[0.957s][debug][gc,phases         ] GC(60)         Dead                           Min: 0, Avg:  0.0, Max: 0, Diff: 0, Sum: 0, Workers: 1
[0.957s][debug][gc,phases         ] GC(60)         Total                          Min: 0, Avg:  0.0, Max: 0, Diff: 0, Sum: 0, Workers: 1
[0.957s][debug][gc,phases         ] GC(60)       StringDedup Table Weak         Min:  0.0, Avg:  0.0, Max:  0.0, Diff:  0.0, Sum:  0.0, Workers: 1
[0.957s][debug][gc,phases         ] GC(60)         Dead                           Min: 0, Avg:  0.0, Max: 0, Diff: 0, Sum: 0, Workers: 1
[0.957s][debug][gc,phases         ] GC(60)         Total                          Min: 0, Avg:  0.0, Max: 0, Diff: 0, Sum: 0, Workers: 1
[0.957s][debug][gc,phases         ] GC(60)       StringDedup Requests0 Weak     Min:  0.0, Avg:  0.0, Max:  0.0, Diff:  0.0, Sum:  0.0, Workers: 1
[0.957s][debug][gc,phases         ] GC(60)         Dead                           Min: 0, Avg:  0.0, Max: 0, Diff: 0, Sum: 0, Workers: 1
[0.957s][debug][gc,phases         ] GC(60)         Total                          Min: 0, Avg:  0.0, Max: 0, Diff: 0, Sum: 0, Workers: 1
[0.957s][debug][gc,phases         ] GC(60)       StringDedup Requests1 Weak     Min:  0.0, Avg:  0.0, Max:  0.0, Diff:  0.0, Sum:  0.0, Workers: 1
[0.957s][debug][gc,phases         ] GC(60)         Dead                           Min: 0, Avg:  0.0, Max: 0, Diff: 0, Sum: 0, Workers: 1
[0.957s][debug][gc,phases         ] GC(60)         Total                          Min: 0, Avg:  0.0, Max: 0, Diff: 0, Sum: 0, Workers: 1
[0.957s][debug][gc,phases         ] GC(60)       Weak JFR Old Object Samples    Min:  0.0, Avg:  0.0, Max:  0.0, Diff:  0.0, Sum:  0.0, Workers: 1
[0.957s][debug][gc,phases         ] GC(60)         Dead                           Min: 0, Avg:  0.0, Max: 0, Diff: 0, Sum: 0, Workers: 1
[0.957s][debug][gc,phases         ] GC(60)         Total                          Min: 0, Avg:  0.0, Max: 0, Diff: 0, Sum: 0, Workers: 1
[0.957s][debug][gc,phases         ] GC(60)     Post Evacuate Cleanup 1: 0.1ms
[0.957s][debug][gc,phases         ] GC(60)       Merge Per-Thread State (ms):   Min:  0.0, Avg:  0.0, Max:  0.0, Diff:  0.0, Sum:  0.0, Workers: 1
[0.957s][debug][gc,phases         ] GC(60)         Copied Bytes                   Min: 0, Avg:  0.0, Max: 0, Diff: 0, Sum: 0, Workers: 12
[0.957s][debug][gc,phases         ] GC(60)         LAB Waste                      Min: 0, Avg:  0.0, Max: 0, Diff: 0, Sum: 0, Workers: 12
[0.957s][debug][gc,phases         ] GC(60)         LAB Undo Waste                 Min: 0, Avg:  0.0, Max: 0, Diff: 0, Sum: 0, Workers: 12
[0.957s][debug][gc,phases         ] GC(60)       Clear Logged Cards (ms):       Min:  0.0, Avg:  0.0, Max:  0.0, Diff:  0.0, Sum:  0.0, Workers: 4
[0.957s][debug][gc,phases         ] GC(60)       Recalculate Used Memory (ms):  Min:  0.0, Avg:  0.0, Max:  0.0, Diff:  0.0, Sum:  0.0, Workers: 1
[0.957s][debug][gc,phases         ] GC(60)       Remove Self Forwards (ms):     Min:  0.0, Avg:  0.0, Max:  0.0, Diff:  0.0, Sum:  0.0, Workers: 4
[0.957s][debug][gc,phases         ] GC(60)     Post Evacuate Cleanup 2: 0.2ms
[0.957s][debug][gc,phases         ] GC(60)       Recalculate Used Memory (ms):  Min:  0.0, Avg:  0.0, Max:  0.0, Diff:  0.0, Sum:  0.0, Workers: 1
[0.957s][debug][gc,phases         ] GC(60)       Restore Preserved Marks (ms):  Min:  0.0, Avg:  0.0, Max:  0.0, Diff:  0.0, Sum:  0.0, Workers: 12
[0.957s][debug][gc,phases         ] GC(60)       Reset Hot Card Cache (ms):     Min:  0.0, Avg:  0.0, Max:  0.0, Diff:  0.0, Sum:  0.0, Workers: 1
[0.957s][debug][gc,phases         ] GC(60)       Purge Code Roots (ms):         Min:  0.0, Avg:  0.0, Max:  0.0, Diff:  0.0, Sum:  0.0, Workers: 1
[0.957s][debug][gc,phases         ] GC(60)       Update Derived Pointers (ms):  Min:  0.0, Avg:  0.0, Max:  0.0, Diff:  0.0, Sum:  0.0, Workers: 1
[0.957s][debug][gc,phases         ] GC(60)       Eagerly Reclaim Humongous Objects (ms): Min:  0.0, Avg:  0.0, Max:  0.0, Diff:  0.0, Sum:  0.0, Workers: 1
[0.957s][debug][gc,phases         ] GC(60)         Humongous Total                Min: 33, Avg: 33.0, Max: 33, Diff: 0, Sum: 33, Workers: 1
[0.957s][debug][gc,phases         ] GC(60)         Humongous Candidates           Min: 0, Avg:  0.0, Max: 0, Diff: 0, Sum: 0, Workers: 1
[0.957s][debug][gc,phases         ] GC(60)         Humongous Reclaimed            Min: 0, Avg:  0.0, Max: 0, Diff: 0, Sum: 0, Workers: 1
[0.957s][debug][gc,phases         ] GC(60)       Redirty Logged Cards (ms):     Min:  0.0, Avg:  0.0, Max:  0.0, Diff:  0.0, Sum:  0.0, Workers: 12
[0.957s][debug][gc,phases         ] GC(60)         Redirtied Cards:               Min: 0, Avg:  0.1, Max: 1, Diff: 1, Sum: 1, Workers: 12
[0.957s][debug][gc,phases         ] GC(60)       Free Collection Set (ms):      Min:  0.0, Avg:  0.0, Max:  0.0, Diff:  0.0, Sum:  0.0, Workers: 12
[0.957s][debug][gc,phases         ] GC(60)     Rebuild Free List: 0.2ms
[0.957s][debug][gc,phases         ] GC(60)     Start New Collection Set: 0.0ms
[0.957s][debug][gc,phases         ] GC(60)     Resize TLABs: 0.0ms
[0.957s][debug][gc,phases         ] GC(60)     Expand Heap After Collection: 0.0ms
[0.957s][info ][gc,phases         ] GC(60)   Other: 0.2ms
[0.957s][info ][gc,heap           ] GC(60) Eden regions: 1->0(12)
[0.957s][info ][gc,heap           ] GC(60) Survivor regions: 0->0(0)
[0.957s][info ][gc,heap           ] GC(60) Old regions: 160->161
[0.957s][info ][gc,heap           ] GC(60) Archive regions: 2->2
[0.957s][info ][gc,heap           ] GC(60) Humongous regions: 93->93
[0.957s][info ][gc,metaspace      ] GC(60) Metaspace: 136K(320K)->136K(320K) NonClass: 131K(192K)->131K(192K) Class: 5K(128K)->5K(128K)
[0.957s][debug][gc,heap           ] GC(60) Heap after GC invocations=57 (full 7):
[0.957s][debug][gc,heap           ] GC(60)  garbage-first heap   total 262144K, used 247877K [0x00000000f0000000, 0x0000000100000000)
[0.957s][debug][gc,heap           ] GC(60)   region size 1024K, 0 young (0K), 0 survivors (0K)
[0.957s][debug][gc,heap           ] GC(60)  Metaspace       used 136K, committed 320K, reserved 1114112K
[0.957s][debug][gc,heap           ] GC(60)   class space    used 5K, committed 128K, reserved 1048576K
[0.958s][info ][gc                ] GC(60) Pause Young (Normal) (G1 Evacuation Pause) 242M->242M(256M) 2.663ms
[0.958s][info ][gc,cpu            ] GC(60) User=0.00s Sys=0.00s Real=0.00s
[0.958s][debug][gc,ergo,heap      ] Attempt heap expansion (allocation request failed). Allocation request: 65552B
[0.958s][debug][gc,ergo,heap      ] Expand the heap. requested expansion amount: 1048576B expansion amount: 1048576B
[0.958s][debug][gc,ergo,heap      ] Did not expand the heap (heap already fully expanded)
[0.958s][info ][gc,ergo           ] Attempting full compaction
[0.958s][debug][gc,task           ] GC(61) Requesting 9 active workers for full compaction (waste limited workers: 13, adaptive workers: 9, used limited workers: 256)
[0.958s][info ][gc,task           ] GC(61) Using 9 workers of 13 for full compaction
[0.958s][info ][gc,start          ] GC(61) Pause Full (G1 Compaction Pause)
[0.958s][debug][gc,heap           ] GC(61) Heap before GC invocations=57 (full 7):
[0.958s][debug][gc,heap           ] GC(61)  garbage-first heap   total 262144K, used 247877K [0x00000000f0000000, 0x0000000100000000)
[0.958s][debug][gc,heap           ] GC(61)   region size 1024K, 0 young (0K), 0 survivors (0K)
[0.958s][debug][gc,heap           ] GC(61)  Metaspace       used 136K, committed 320K, reserved 1114112K
[0.958s][debug][gc,heap           ] GC(61)   class space    used 5K, committed 128K, reserved 1048576K
[0.958s][debug][gc,alloc,region   ] GC(61) Mutator Allocation stats, regions: 0, wasted size: 0B ( 0.0%)
[0.958s][info ][gc,phases,start   ] GC(61) Phase 1: Mark live objects
[0.958s][debug][gc,phases,start   ] GC(61) Phase 1: Reference Processing
[0.958s][debug][gc,ref            ] GC(61) Skipped phase 1 of Reference Processing: no references
[0.958s][debug][gc,ref            ] GC(61) ReferenceProcessor::execute queues: 1, RefProcThreadModel::Single, marks_oops_alive: false
[0.958s][debug][gc,ref            ] GC(61) Skipped phase 3 of Reference Processing: no references
[0.959s][debug][gc,ref            ] GC(61) ReferenceProcessor::execute queues: 1, RefProcThreadModel::Single, marks_oops_alive: false
[0.959s][debug][gc,phases,ref     ] GC(61) Reference Processing: 0.1ms
[0.959s][debug][gc,phases,ref     ] GC(61)   Reconsider SoftReferences: 0.0ms
[0.959s][debug][gc,phases,ref     ] GC(61)     SoftRef (ms):                  skipped
[0.959s][debug][gc,phases,ref     ] GC(61)   Notify Soft/WeakReferences: 0.1ms
[0.959s][debug][gc,phases,ref     ] GC(61)     SoftRef (ms):                  Min:  0.0, Avg:  0.0, Max:  0.0, Diff:  0.0, Sum:  0.0, Workers: 13
[0.959s][debug][gc,phases,ref     ] GC(61)     WeakRef (ms):                  Min:  0.0, Avg:  0.0, Max:  0.0, Diff:  0.0, Sum:  0.0, Workers: 13
[0.959s][debug][gc,phases,ref     ] GC(61)     FinalRef (ms):                 Min:  0.0, Avg:  0.0, Max:  0.0, Diff:  0.0, Sum:  0.0, Workers: 13
[0.959s][debug][gc,phases,ref     ] GC(61)     Total (ms):                    Min:  0.0, Avg:  0.0, Max:  0.0, Diff:  0.0, Sum:  0.0, Workers: 13
[0.959s][debug][gc,phases,ref     ] GC(61)   Notify and keep alive finalizable: 0.0ms
[0.959s][debug][gc,phases,ref     ] GC(61)     FinalRef (ms):                 skipped
[0.959s][debug][gc,phases,ref     ] GC(61)   Notify PhantomReferences: 0.0ms
[0.959s][debug][gc,phases,ref     ] GC(61)     PhantomRef (ms):               Min:  0.0, Avg:  0.0, Max:  0.0, Diff:  0.0, Sum:  0.0, Workers: 13
[0.959s][debug][gc,phases,ref     ] GC(61)   SoftReference:
[0.959s][debug][gc,phases,ref     ] GC(61)     Discovered: 0
[0.959s][debug][gc,phases,ref     ] GC(61)     Cleared: 0
[0.959s][debug][gc,phases,ref     ] GC(61)   WeakReference:
[0.959s][debug][gc,phases,ref     ] GC(61)     Discovered: 11
[0.959s][debug][gc,phases,ref     ] GC(61)     Cleared: 11
[0.959s][debug][gc,phases,ref     ] GC(61)   FinalReference:
[0.959s][debug][gc,phases,ref     ] GC(61)     Discovered: 0
[0.959s][debug][gc,phases,ref     ] GC(61)     Cleared: 0
[0.959s][debug][gc,phases,ref     ] GC(61)   PhantomReference:
[0.959s][debug][gc,phases,ref     ] GC(61)     Discovered: 1
[0.959s][debug][gc,phases,ref     ] GC(61)     Cleared: 1
[0.959s][debug][gc,phases         ] GC(61) Phase 1: Reference Processing 0.270ms
[0.959s][debug][gc,phases,start   ] GC(61) Phase 1: Weak Processing
[0.959s][debug][gc,phases         ] GC(61)   VM Weak                        Min:  0.0, Avg:  0.0, Max:  0.0, Diff:  0.0, Sum:  0.0, Workers: 1
[0.959s][debug][gc,phases         ] GC(61)     Dead                           Min: 0, Avg:  0.0, Max: 0, Diff: 0, Sum: 0, Workers: 1
[0.959s][debug][gc,phases         ] GC(61)     Total                          Min: 4, Avg:  4.0, Max: 4, Diff: 0, Sum: 4, Workers: 1
[0.959s][debug][gc,phases         ] GC(61)   ObjectSynchronizer Weak        Min:  0.0, Avg:  0.0, Max:  0.0, Diff:  0.0, Sum:  0.0, Workers: 1
[0.959s][debug][gc,phases         ] GC(61)     Dead                           Min: 0, Avg:  0.0, Max: 0, Diff: 0, Sum: 0, Workers: 1
[0.959s][debug][gc,phases         ] GC(61)     Total                          Min: 4, Avg:  4.0, Max: 4, Diff: 0, Sum: 4, Workers: 1
[0.959s][debug][gc,phases         ] GC(61)   JVMTI Tag Weak OopStorage      Min:  0.0, Avg:  0.0, Max:  0.0, Diff:  0.0, Sum:  0.0, Workers: 1
[0.959s][debug][gc,phases         ] GC(61)     Dead                           Min: 0, Avg:  0.0, Max: 0, Diff: 0, Sum: 0, Workers: 1
[0.959s][debug][gc,phases         ] GC(61)     Total                          Min: 0, Avg:  0.0, Max: 0, Diff: 0, Sum: 0, Workers: 1
[0.959s][debug][gc,phases         ] GC(61)   StringTable Weak               Min:  0.0, Avg:  0.0, Max:  0.0, Diff:  0.0, Sum:  0.0, Workers: 1
[0.959s][debug][gc,phases         ] GC(61)     Dead                           Min: 0, Avg:  0.0, Max: 0, Diff: 0, Sum: 0, Workers: 1
[0.959s][debug][gc,phases         ] GC(61)     Total                          Min: 39, Avg: 39.0, Max: 39, Diff: 0, Sum: 39, Workers: 1
[0.959s][debug][gc,phases         ] GC(61)   ResolvedMethodTable Weak       Min:  0.0, Avg:  0.0, Max:  0.0, Diff:  0.0, Sum:  0.0, Workers: 1
[0.959s][debug][gc,phases         ] GC(61)     Dead                           Min: 0, Avg:  0.0, Max: 0, Diff: 0, Sum: 0, Workers: 1
[0.959s][debug][gc,phases         ] GC(61)     Total                          Min: 22, Avg: 22.0, Max: 22, Diff: 0, Sum: 22, Workers: 1
[0.959s][debug][gc,phases         ] GC(61)   JNI Weak                       Min:  0.0, Avg:  0.0, Max:  0.0, Diff:  0.0, Sum:  0.0, Workers: 1
[0.959s][debug][gc,phases         ] GC(61)     Dead                           Min: 0, Avg:  0.0, Max: 0, Diff: 0, Sum: 0, Workers: 1
[0.959s][debug][gc,phases         ] GC(61)     Total                          Min: 0, Avg:  0.0, Max: 0, Diff: 0, Sum: 0, Workers: 1
[0.959s][debug][gc,phases         ] GC(61)   StringDedup Table Weak         Min:  0.0, Avg:  0.0, Max:  0.0, Diff:  0.0, Sum:  0.0, Workers: 1
[0.959s][debug][gc,phases         ] GC(61)     Dead                           Min: 0, Avg:  0.0, Max: 0, Diff: 0, Sum: 0, Workers: 1
[0.959s][debug][gc,phases         ] GC(61)     Total                          Min: 0, Avg:  0.0, Max: 0, Diff: 0, Sum: 0, Workers: 1
[0.959s][debug][gc,phases         ] GC(61)   StringDedup Requests0 Weak     Min:  0.0, Avg:  0.0, Max:  0.0, Diff:  0.0, Sum:  0.0, Workers: 1
[0.959s][debug][gc,phases         ] GC(61)     Dead                           Min: 0, Avg:  0.0, Max: 0, Diff: 0, Sum: 0, Workers: 1
[0.959s][debug][gc,phases         ] GC(61)     Total                          Min: 0, Avg:  0.0, Max: 0, Diff: 0, Sum: 0, Workers: 1
[0.959s][debug][gc,phases         ] GC(61)   StringDedup Requests1 Weak     Min:  0.0, Avg:  0.0, Max:  0.0, Diff:  0.0, Sum:  0.0, Workers: 1
[0.959s][debug][gc,phases         ] GC(61)     Dead                           Min: 0, Avg:  0.0, Max: 0, Diff: 0, Sum: 0, Workers: 1
[0.959s][debug][gc,phases         ] GC(61)     Total                          Min: 0, Avg:  0.0, Max: 0, Diff: 0, Sum: 0, Workers: 1
[0.959s][debug][gc,phases         ] GC(61)   Weak JFR Old Object Samples    Min:  0.0, Avg:  0.0, Max:  0.0, Diff:  0.0, Sum:  0.0, Workers: 1
[0.959s][debug][gc,phases         ] GC(61)     Dead                           Min: 0, Avg:  0.0, Max: 0, Diff: 0, Sum: 0, Workers: 1
[0.959s][debug][gc,phases         ] GC(61)     Total                          Min: 0, Avg:  0.0, Max: 0, Diff: 0, Sum: 0, Workers: 1
[0.959s][debug][gc,phases         ] GC(61) Phase 1: Weak Processing 0.267ms
[0.959s][debug][gc,phases,start   ] GC(61) Phase 1: Class Unloading and Cleanup
[0.959s][debug][gc,phases,start   ] GC(61) ClassLoaderData
[0.959s][debug][gc,phases         ] GC(61) ClassLoaderData 0.004ms
[0.959s][debug][gc,phases,start   ] GC(61) Trigger cleanups
[0.959s][debug][gc,phases         ] GC(61) Trigger cleanups 0.003ms
[0.959s][debug][gc,phases         ] GC(61) Phase 1: Class Unloading and Cleanup 0.123ms
[0.959s][debug][gc,phases,start   ] GC(61) Report Object Count
[0.959s][debug][gc,phases         ] GC(61) Report Object Count 0.004ms
[0.959s][info ][gc,phases         ] GC(61) Phase 1: Mark live objects 1.461ms
[0.959s][info ][gc,phases,start   ] GC(61) Phase 2: Prepare for compaction
[0.959s][info ][gc,phases         ] GC(61) Phase 2: Prepare for compaction 0.178ms
[0.959s][info ][gc,phases,start   ] GC(61) Phase 3: Adjust pointers
[0.960s][info ][gc,phases         ] GC(61) Phase 3: Adjust pointers 0.304ms
[0.960s][info ][gc,phases,start   ] GC(61) Phase 4: Compact heap
[0.965s][info ][gc,phases         ] GC(61) Phase 4: Compact heap 5.451ms
[0.965s][debug][gc,ergo           ] GC(61) Running G1 Clear Bitmap with 4 workers for 4 work units.
[0.965s][debug][gc,ergo,ihop      ] GC(61) Request concurrent cycle initiation (occupancy higher than threshold) occupancy: 267386880B allocation request: 0B threshold: 203969166B (75.98) source: end of Full GC
[0.965s][debug][gc,alloc,stats    ] Old generation allocation in the last mutator period, old gen allocated: 0B, humongous allocated: 0B,old gen growth: 0B.
[0.966s][info ][gc,heap           ] GC(61) Eden regions: 0->0(12)
[0.966s][info ][gc,heap           ] GC(61) Survivor regions: 0->0(0)
[0.966s][info ][gc,heap           ] GC(61) Old regions: 161->160
[0.966s][info ][gc,heap           ] GC(61) Archive regions: 2->2
[0.966s][info ][gc,heap           ] GC(61) Humongous regions: 93->93
[0.966s][info ][gc,metaspace      ] GC(61) Metaspace: 136K(320K)->136K(320K) NonClass: 131K(192K)->131K(192K) Class: 5K(128K)->5K(128K)
[0.966s][debug][gc,heap           ] GC(61) Heap after GC invocations=58 (full 8):
[0.966s][debug][gc,heap           ] GC(61)  garbage-first heap   total 262144K, used 247010K [0x00000000f0000000, 0x0000000100000000)
[0.966s][debug][gc,heap           ] GC(61)   region size 1024K, 0 young (0K), 0 survivors (0K)
[0.966s][debug][gc,heap           ] GC(61)  Metaspace       used 136K, committed 320K, reserved 1114112K
[0.966s][debug][gc,heap           ] GC(61)   class space    used 5K, committed 128K, reserved 1048576K
[0.966s][info ][gc                ] GC(61) Pause Full (G1 Compaction Pause) 242M->241M(256M) 7.999ms
[0.966s][info ][gc,cpu            ] GC(61) User=0.03s Sys=0.01s Real=0.01s
[0.968s][debug][gc,heap           ] GC(62) Heap before GC invocations=58 (full 8):
[0.968s][debug][gc,heap           ] GC(62)  garbage-first heap   total 262144K, used 247010K [0x00000000f0000000, 0x0000000100000000)
[0.968s][debug][gc,heap           ] GC(62)   region size 1024K, 1 young (1024K), 0 survivors (0K)
[0.968s][debug][gc,heap           ] GC(62)  Metaspace       used 136K, committed 320K, reserved 1114112K
[0.968s][debug][gc,heap           ] GC(62)   class space    used 5K, committed 128K, reserved 1048576K
[0.968s][debug][gc,ergo           ] GC(62) Initiate concurrent cycle (concurrent cycle initiation requested)
[0.968s][info ][gc,start          ] GC(62) Pause Young (Concurrent Start) (G1 Evacuation Pause)
[0.968s][info ][gc,task           ] GC(62) Using 12 workers of 13 for evacuation
[0.968s][debug][gc,tlab           ] GC(62) TLAB totals: thrds: 5  refills: 5 max: 1 slow allocs: 9 max 2 waste: 41.5% gc: 232456B max: 47024B slow: 0B max: 0B
[0.968s][debug][gc,age            ] GC(62) Desired survivor size 1048576 bytes, new threshold 15 (max threshold 15)
[0.968s][debug][gc,refine,stats   ] GC(62) Mutator refinement: 0.00ms, refined: 0, precleaned: 0, dirtied: 16
[0.968s][debug][gc,refine,stats   ] GC(62) Concurrent refinement: 0.00ms, refined: 0, precleaned: 0, dirtied: 0
[0.968s][debug][gc,refine,stats   ] GC(62) Total refinement: 0.00ms, refined: 0, precleaned: 0, dirtied: 16
[0.968s][debug][gc,refine,stats   ] GC(62) Generate dirty cards rate: 0.55 cards/ms
[0.968s][debug][gc,alloc,region   ] GC(62) Mutator Allocation stats, regions: 1, wasted size: 0B ( 0.0%)
[0.968s][debug][gc,humongous      ] GC(62) Humongous region 0 (object size 1048592 @ 0x00000000f0000000) remset 0 code roots 0 marked 0 reclaim candidate 0 type array 1
[0.968s][debug][gc,humongous      ] GC(62) Humongous region 64 (object size 1048592 @ 0x00000000f4000000) remset 0 code roots 0 marked 0 reclaim candidate 0 type array 1
[0.968s][debug][gc,humongous      ] GC(62) Humongous region 22 (object size 1048592 @ 0x00000000f1600000) remset 0 code roots 0 marked 0 reclaim candidate 0 type array 1
[0.968s][debug][gc,humongous      ] GC(62) Humongous region 83 (object size 1048592 @ 0x00000000f5300000) remset 0 code roots 0 marked 0 reclaim candidate 0 type array 1
[0.968s][debug][gc,humongous      ] GC(62) Humongous region 126 (object size 1048592 @ 0x00000000f7e00000) remset 0 code roots 0 marked 0 reclaim candidate 0 type array 1
[0.968s][debug][gc,humongous      ] GC(62) Humongous region 205 (object size 1048592 @ 0x00000000fcd00000) remset 0 code roots 0 marked 0 reclaim candidate 0 type array 1
[0.968s][debug][gc,humongous      ] GC(62) Humongous region 216 (object size 10485776 @ 0x00000000fd800000) remset 0 code roots 0 marked 0 reclaim candidate 0 type array 1
[0.968s][debug][gc,humongous      ] GC(62) Humongous region 244 (object size 1048592 @ 0x00000000ff400000) remset 0 code roots 0 marked 0 reclaim candidate 0 type array 1
[0.968s][debug][gc,humongous      ] GC(62) Humongous region 159 (object size 10485776 @ 0x00000000f9f00000) remset 0 code roots 0 marked 0 reclaim candidate 0 type array 1
[0.968s][debug][gc,humongous      ] GC(62) Humongous region 8 (object size 1048592 @ 0x00000000f0800000) remset 0 code roots 0 marked 0 reclaim candidate 0 type array 1
[0.968s][debug][gc,humongous      ] GC(62) Humongous region 85 (object size 10485776 @ 0x00000000f5500000) remset 0 code roots 0 marked 0 reclaim candidate 0 type array 1
[0.968s][debug][gc,humongous      ] GC(62) Humongous region 14 (object size 1048592 @ 0x00000000f0e00000) remset 0 code roots 0 marked 0 reclaim candidate 0 type array 1
[0.968s][debug][gc,humongous      ] GC(62) Humongous region 24 (object size 1048592 @ 0x00000000f1800000) remset 0 code roots 0 marked 0 reclaim candidate 0 type array 1
[0.968s][debug][gc,humongous      ] GC(62) Humongous region 16 (object size 1048592 @ 0x00000000f1000000) remset 0 code roots 0 marked 0 reclaim candidate 0 type array 1
[0.968s][debug][gc,humongous      ] GC(62) Humongous region 238 (object size 1048592 @ 0x00000000fee00000) remset 0 code roots 0 marked 0 reclaim candidate 0 type array 1
[0.968s][debug][gc,humongous      ] GC(62) Humongous region 26 (object size 1048592 @ 0x00000000f1a00000) remset 0 code roots 0 marked 0 reclaim candidate 0 type array 1
[0.968s][debug][gc,humongous      ] GC(62) Humongous region 6 (object size 1048592 @ 0x00000000f0600000) remset 0 code roots 0 marked 0 reclaim candidate 0 type array 1
[0.968s][debug][gc,humongous      ] GC(62) Humongous region 28 (object size 1048592 @ 0x00000000f1c00000) remset 0 code roots 0 marked 0 reclaim candidate 0 type array 1
[0.968s][debug][gc,humongous      ] GC(62) Humongous region 203 (object size 1048592 @ 0x00000000fcb00000) remset 0 code roots 0 marked 0 reclaim candidate 0 type array 1
[0.968s][debug][gc,humongous      ] GC(62) Humongous region 42 (object size 1048592 @ 0x00000000f2a00000) remset 0 code roots 0 marked 0 reclaim candidate 0 type array 1
[0.968s][debug][gc,humongous      ] GC(62) Humongous region 12 (object size 1048592 @ 0x00000000f0c00000) remset 0 code roots 0 marked 0 reclaim candidate 0 type array 1
[0.968s][debug][gc,humongous      ] GC(62) Humongous region 2 (object size 1048592 @ 0x00000000f0200000) remset 0 code roots 0 marked 0 reclaim candidate 0 type array 1
[0.968s][debug][gc,humongous      ] GC(62) Humongous region 18 (object size 1048592 @ 0x00000000f1200000) remset 0 code roots 0 marked 0 reclaim candidate 0 type array 1
[0.968s][debug][gc,humongous      ] GC(62) Humongous region 20 (object size 1048592 @ 0x00000000f1400000) remset 0 code roots 0 marked 0 reclaim candidate 0 type array 1
[0.968s][debug][gc,humongous      ] GC(62) Humongous region 4 (object size 1048592 @ 0x00000000f0400000) remset 0 code roots 0 marked 0 reclaim candidate 0 type array 1
[0.968s][debug][gc,humongous      ] GC(62) Humongous region 30 (object size 1048592 @ 0x00000000f1e00000) remset 0 code roots 0 marked 0 reclaim candidate 0 type array 1
[0.968s][debug][gc,humongous      ] GC(62) Humongous region 10 (object size 1048592 @ 0x00000000f0a00000) remset 0 code roots 0 marked 0 reclaim candidate 0 type array 1
[0.968s][debug][gc,humongous      ] GC(62) Humongous region 34 (object size 1048592 @ 0x00000000f2200000) remset 0 code roots 0 marked 0 reclaim candidate 0 type array 1
[0.968s][debug][gc,humongous      ] GC(62) Humongous region 36 (object size 1048592 @ 0x00000000f2400000) remset 0 code roots 0 marked 0 reclaim candidate 0 type array 1
[0.968s][debug][gc,humongous      ] GC(62) Humongous region 60 (object size 1048592 @ 0x00000000f3c00000) remset 0 code roots 0 marked 0 reclaim candidate 0 type array 1
[0.968s][debug][gc,humongous      ] GC(62) Humongous region 38 (object size 1048592 @ 0x00000000f2600000) remset 0 code roots 0 marked 0 reclaim candidate 0 type array 1
[0.968s][debug][gc,humongous      ] GC(62) Humongous region 249 (object size 1048592 @ 0x00000000ff900000) remset 0 code roots 0 marked 0 reclaim candidate 0 type array 1
[0.968s][debug][gc,humongous      ] GC(62) Humongous region 32 (object size 1048592 @ 0x00000000f2000000) remset 0 code roots 0 marked 0 reclaim candidate 0 type array 1
[0.969s][debug][gc,ergo           ] GC(62) Running G1 Merge Heap Roots using 12 workers for 1 regions
[0.969s][debug][gc,remset         ] GC(62) Visited cards 32 Total dirty 2048 (1.56%) Total old 526336 (0.01%)
[0.969s][debug][gc,ergo,heap      ] GC(62) Attempt heap expansion (region allocation request failed). Allocation request: 65552B
[0.969s][debug][gc,ergo,heap      ] GC(62) Did not expand the heap (heap already fully expanded)
[0.969s][debug][gc,ref            ] GC(62) Skipped phase 1 of Reference Processing: no references
[0.969s][debug][gc,ref            ] GC(62) Skipped phase 2 of Reference Processing: no references
[0.969s][debug][gc,ref            ] GC(62) Skipped phase 3 of Reference Processing: no references
[0.969s][debug][gc,ref            ] GC(62) Skipped phase 4 of Reference Processing: no references
[0.969s][debug][gc,ergo           ] GC(62) Running G1 Rebuild Free List Task using 12 workers for rebuilding free list of regions
[0.970s][debug][gc,plab           ] GC(62) Young PLAB allocation: allocated: 0B, wasted: 0B, unused: 0B, used: 0B, undo waste: 0B, 
[0.970s][debug][gc,plab           ] GC(62) Young other allocation: region end waste: 0B, regions filled: 0, direct allocated: 0B, failure used: 0B, failure wasted: 0B
[0.970s][debug][gc,plab           ] GC(62) Young sizing: calculated: 0B, actual: 2064B
[0.970s][debug][gc,plab           ] GC(62) Old PLAB allocation: allocated: 0B, wasted: 0B, unused: 0B, used: 0B, undo waste: 0B, 
[0.970s][debug][gc,plab           ] GC(62) Old other allocation: region end waste: 0B, regions filled: 0, direct allocated: 0B, failure used: 786624B, failure wasted: 261952B
[0.970s][debug][gc,plab           ] GC(62) Old sizing: calculated: 0B, actual: 2064B
[0.970s][debug][gc,ergo,heap      ] GC(62) Heap expansion: short term pause time ratio 80.20% long term pause time ratio 23.21% threshold 7.69% pause time ratio 7.69% fully expanded true resize by 0B
[0.970s][debug][gc,mmu            ] GC(62) MMU: 10.9ms (50.0ms/51.0ms)
[0.970s][debug][gc,alloc,stats    ] Old generation allocation in the last mutator period, old gen allocated: 1048576B, humongous allocated: 0B,old gen growth: 1048576B.
[0.970s][debug][gc,ihop           ] GC(62) Basic information (value update), threshold: 204294677B (76.11), target occupancy: 268435456B, current occupancy: 253958040B, recent allocation size: 1048576B, recent allocation duration: 28.87ms, recent old gen allocation rate: 36324478.62B/s, recent marking phase length: 9.93ms
[0.970s][debug][gc,ihop           ] GC(62) Adaptive IHOP information (value update), threshold: 204294677B (89.54), internal target occupancy: 228170137B, occupancy: 253958040B, additional buffer size: 12582912B, predicted old gen allocation rate: 215110336.80B/s, predicted marking phase length: 52.50ms, prediction active: true
[0.970s][debug][gc,ergo,refine    ] GC(62) Concurrent refinement times: Logged Cards Scan time goal: 5.00ms Logged Cards Scan time: 0.00ms HCC time: 0.00ms
[0.970s][debug][gc,ergo,refine    ] GC(62) Updated Refinement Zones: green: 3328, yellow: 9984, red: 16640
[0.970s][info ][gc                ] GC(62) To-space exhausted
[0.970s][info ][gc,phases         ] GC(62)   Pre Evacuate Collection Set: 0.6ms
[0.970s][debug][gc,phases         ] GC(62)     Prepare TLABs: 0.0ms
[0.970s][debug][gc,phases         ] GC(62)     Concatenate Dirty Card Logs: 0.0ms
[0.970s][debug][gc,phases         ] GC(62)     Choose Collection Set: 0.0ms
[0.970s][debug][gc,phases         ] GC(62)     Region Register: 0.6ms
[0.970s][debug][gc,phases         ] GC(62)     Prepare Heap Roots: 0.0ms
[0.970s][debug][gc,phases         ] GC(62)     Clear Claimed Marks: 0.0ms
[0.970s][info ][gc,phases         ] GC(62)   Merge Heap Roots: 0.2ms
[0.970s][debug][gc,phases         ] GC(62)     Prepare Merge Heap Roots: 0.0ms
[0.970s][debug][gc,phases         ] GC(62)     Eager Reclaim (ms):            skipped
[0.970s][debug][gc,phases         ] GC(62)     Remembered Sets (ms):          Min:  0.0, Avg:  0.0, Max:  0.0, Diff:  0.0, Sum:  0.0, Workers: 12
[0.970s][debug][gc,phases         ] GC(62)       Merged Sparse:                 Min: 0, Avg:  0.0, Max: 0, Diff: 0, Sum: 0, Workers: 12
[0.970s][debug][gc,phases         ] GC(62)       Merged Fine:                   Min: 0, Avg:  0.0, Max: 0, Diff: 0, Sum: 0, Workers: 12
[0.970s][debug][gc,phases         ] GC(62)       Merged Coarse:                 Min: 0, Avg:  0.0, Max: 0, Diff: 0, Sum: 0, Workers: 12
[0.970s][debug][gc,phases         ] GC(62)       Dirty Cards:                   Min: 0, Avg:  0.0, Max: 0, Diff: 0, Sum: 0, Workers: 12
[0.970s][debug][gc,phases         ] GC(62)     Hot Card Cache (ms):           Min:  0.0, Avg:  0.0, Max:  0.0, Diff:  0.0, Sum:  0.0, Workers: 12
[0.970s][debug][gc,phases         ] GC(62)       Dirty Cards:                   Min: 0, Avg:  0.0, Max: 0, Diff: 0, Sum: 0, Workers: 12
[0.970s][debug][gc,phases         ] GC(62)       Skipped Cards:                 Min: 0, Avg:  0.0, Max: 0, Diff: 0, Sum: 0, Workers: 12
[0.970s][debug][gc,phases         ] GC(62)     Log Buffers (ms):              Min:  0.0, Avg:  0.0, Max:  0.0, Diff:  0.0, Sum:  0.0, Workers: 12
[0.970s][debug][gc,phases         ] GC(62)       Dirty Cards:                   Min: 0, Avg:  0.7, Max: 8, Diff: 8, Sum: 8, Workers: 12
[0.970s][debug][gc,phases         ] GC(62)       Skipped Cards:                 Min: 0, Avg:  0.0, Max: 0, Diff: 0, Sum: 0, Workers: 12
[0.970s][info ][gc,phases         ] GC(62)   Evacuate Collection Set: 0.4ms
[0.970s][debug][gc,phases         ] GC(62)     Ext Root Scanning (ms):        Min:  0.0, Avg:  0.0, Max:  0.1, Diff:  0.1, Sum:  0.2, Workers: 12
[0.970s][debug][gc,phases         ] GC(62)     Scan Heap Roots (ms):          Min:  0.0, Avg:  0.0, Max:  0.0, Diff:  0.0, Sum:  0.0, Workers: 12
[0.970s][debug][gc,phases         ] GC(62)       Scanned Cards:                 Min: 0, Avg:  1.3, Max: 16, Diff: 16, Sum: 16, Workers: 12
[0.970s][debug][gc,phases         ] GC(62)       Scanned Blocks:                Min: 0, Avg:  0.1, Max: 1, Diff: 1, Sum: 1, Workers: 12
[0.970s][debug][gc,phases         ] GC(62)       Claimed Chunks:                Min: 0, Avg:  0.1, Max: 1, Diff: 1, Sum: 1, Workers: 12
[0.970s][debug][gc,phases         ] GC(62)     Code Root Scan (ms):           Min:  0.0, Avg:  0.0, Max:  0.0, Diff:  0.0, Sum:  0.0, Workers: 12
[0.970s][debug][gc,phases         ] GC(62)     Object Copy (ms):              Min:  0.0, Avg:  0.0, Max:  0.0, Diff:  0.0, Sum:  0.0, Workers: 12
[0.970s][debug][gc,phases         ] GC(62)     Termination (ms):              Min:  0.1, Avg:  0.2, Max:  0.3, Diff:  0.2, Sum:  2.7, Workers: 12
[0.970s][debug][gc,phases         ] GC(62)       Termination Attempts:          Min: 1, Avg:  1.0, Max: 1, Diff: 0, Sum: 12, Workers: 12
[0.970s][debug][gc,phases         ] GC(62)     GC Worker Other (ms):          Min:  0.0, Avg:  0.0, Max:  0.0, Diff:  0.0, Sum:  0.1, Workers: 12
[0.970s][debug][gc,phases         ] GC(62)     GC Worker Total (ms):          Min:  0.1, Avg:  0.3, Max:  0.4, Diff:  0.2, Sum:  3.0, Workers: 12
[0.970s][info ][gc,phases         ] GC(62)   Post Evacuate Collection Set: 0.4ms
[0.970s][debug][gc,phases         ] GC(62)     Code Roots Fixup: 0.0ms
[0.970s][debug][gc,phases         ] GC(62)     Reference Processing: 0.0ms
[0.970s][debug][gc,phases,ref     ] GC(62)       Reconsider SoftReferences: 0.0ms
[0.970s][debug][gc,phases,ref     ] GC(62)         SoftRef (ms):                  skipped
[0.970s][debug][gc,phases,ref     ] GC(62)       Notify Soft/WeakReferences: 0.0ms
[0.970s][debug][gc,phases,ref     ] GC(62)         SoftRef (ms):                  skipped
[0.970s][debug][gc,phases,ref     ] GC(62)         WeakRef (ms):                  skipped
[0.970s][debug][gc,phases,ref     ] GC(62)         FinalRef (ms):                 skipped
[0.970s][debug][gc,phases,ref     ] GC(62)         Total (ms):                    skipped
[0.970s][debug][gc,phases,ref     ] GC(62)       Notify and keep alive finalizable: 0.0ms
[0.970s][debug][gc,phases,ref     ] GC(62)         FinalRef (ms):                 skipped
[0.970s][debug][gc,phases,ref     ] GC(62)       Notify PhantomReferences: 0.0ms
[0.970s][debug][gc,phases,ref     ] GC(62)         PhantomRef (ms):               skipped
[0.970s][debug][gc,phases,ref     ] GC(62)       SoftReference:
[0.970s][debug][gc,phases,ref     ] GC(62)         Discovered: 0
[0.970s][debug][gc,phases,ref     ] GC(62)         Cleared: 0
[0.970s][debug][gc,phases,ref     ] GC(62)       WeakReference:
[0.970s][debug][gc,phases,ref     ] GC(62)         Discovered: 0
[0.970s][debug][gc,phases,ref     ] GC(62)         Cleared: 0
[0.970s][debug][gc,phases,ref     ] GC(62)       FinalReference:
[0.970s][debug][gc,phases,ref     ] GC(62)         Discovered: 0
[0.970s][debug][gc,phases,ref     ] GC(62)         Cleared: 0
[0.970s][debug][gc,phases,ref     ] GC(62)       PhantomReference:
[0.970s][debug][gc,phases,ref     ] GC(62)         Discovered: 0
[0.970s][debug][gc,phases,ref     ] GC(62)         Cleared: 0
[0.970s][debug][gc,phases         ] GC(62)     Weak Processing: 0.0ms
[0.970s][debug][gc,phases         ] GC(62)       VM Weak                        Min:  0.0, Avg:  0.0, Max:  0.0, Diff:  0.0, Sum:  0.0, Workers: 1
[0.970s][debug][gc,phases         ] GC(62)         Dead                           Min: 0, Avg:  0.0, Max: 0, Diff: 0, Sum: 0, Workers: 1
[0.970s][debug][gc,phases         ] GC(62)         Total                          Min: 4, Avg:  4.0, Max: 4, Diff: 0, Sum: 4, Workers: 1
[0.970s][debug][gc,phases         ] GC(62)       ObjectSynchronizer Weak        Min:  0.0, Avg:  0.0, Max:  0.0, Diff:  0.0, Sum:  0.0, Workers: 1
[0.970s][debug][gc,phases         ] GC(62)         Dead                           Min: 0, Avg:  0.0, Max: 0, Diff: 0, Sum: 0, Workers: 1
[0.970s][debug][gc,phases         ] GC(62)         Total                          Min: 4, Avg:  4.0, Max: 4, Diff: 0, Sum: 4, Workers: 1
[0.970s][debug][gc,phases         ] GC(62)       JVMTI Tag Weak OopStorage      Min:  0.0, Avg:  0.0, Max:  0.0, Diff:  0.0, Sum:  0.0, Workers: 1
[0.970s][debug][gc,phases         ] GC(62)         Dead                           Min: 0, Avg:  0.0, Max: 0, Diff: 0, Sum: 0, Workers: 1
[0.970s][debug][gc,phases         ] GC(62)         Total                          Min: 0, Avg:  0.0, Max: 0, Diff: 0, Sum: 0, Workers: 1
[0.970s][debug][gc,phases         ] GC(62)       StringTable Weak               Min:  0.0, Avg:  0.0, Max:  0.0, Diff:  0.0, Sum:  0.0, Workers: 1
[0.970s][debug][gc,phases         ] GC(62)         Dead                           Min: 0, Avg:  0.0, Max: 0, Diff: 0, Sum: 0, Workers: 1
[0.970s][debug][gc,phases         ] GC(62)         Total                          Min: 39, Avg: 39.0, Max: 39, Diff: 0, Sum: 39, Workers: 1
[0.970s][debug][gc,phases         ] GC(62)       ResolvedMethodTable Weak       Min:  0.0, Avg:  0.0, Max:  0.0, Diff:  0.0, Sum:  0.0, Workers: 1
[0.970s][debug][gc,phases         ] GC(62)         Dead                           Min: 0, Avg:  0.0, Max: 0, Diff: 0, Sum: 0, Workers: 1
[0.970s][debug][gc,phases         ] GC(62)         Total                          Min: 22, Avg: 22.0, Max: 22, Diff: 0, Sum: 22, Workers: 1
[0.970s][debug][gc,phases         ] GC(62)       JNI Weak                       Min:  0.0, Avg:  0.0, Max:  0.0, Diff:  0.0, Sum:  0.0, Workers: 1
[0.970s][debug][gc,phases         ] GC(62)         Dead                           Min: 0, Avg:  0.0, Max: 0, Diff: 0, Sum: 0, Workers: 1
[0.970s][debug][gc,phases         ] GC(62)         Total                          Min: 0, Avg:  0.0, Max: 0, Diff: 0, Sum: 0, Workers: 1
[0.970s][debug][gc,phases         ] GC(62)       StringDedup Table Weak         Min:  0.0, Avg:  0.0, Max:  0.0, Diff:  0.0, Sum:  0.0, Workers: 1
[0.970s][debug][gc,phases         ] GC(62)         Dead                           Min: 0, Avg:  0.0, Max: 0, Diff: 0, Sum: 0, Workers: 1
[0.970s][debug][gc,phases         ] GC(62)         Total                          Min: 0, Avg:  0.0, Max: 0, Diff: 0, Sum: 0, Workers: 1
[0.970s][debug][gc,phases         ] GC(62)       StringDedup Requests0 Weak     Min:  0.0, Avg:  0.0, Max:  0.0, Diff:  0.0, Sum:  0.0, Workers: 1
[0.970s][debug][gc,phases         ] GC(62)         Dead                           Min: 0, Avg:  0.0, Max: 0, Diff: 0, Sum: 0, Workers: 1
[0.970s][debug][gc,phases         ] GC(62)         Total                          Min: 0, Avg:  0.0, Max: 0, Diff: 0, Sum: 0, Workers: 1
[0.970s][debug][gc,phases         ] GC(62)       StringDedup Requests1 Weak     Min:  0.0, Avg:  0.0, Max:  0.0, Diff:  0.0, Sum:  0.0, Workers: 1
[0.970s][debug][gc,phases         ] GC(62)         Dead                           Min: 0, Avg:  0.0, Max: 0, Diff: 0, Sum: 0, Workers: 1
[0.970s][debug][gc,phases         ] GC(62)         Total                          Min: 0, Avg:  0.0, Max: 0, Diff: 0, Sum: 0, Workers: 1
[0.970s][debug][gc,phases         ] GC(62)       Weak JFR Old Object Samples    Min:  0.0, Avg:  0.0, Max:  0.0, Diff:  0.0, Sum:  0.0, Workers: 1
[0.970s][debug][gc,phases         ] GC(62)         Dead                           Min: 0, Avg:  0.0, Max: 0, Diff: 0, Sum: 0, Workers: 1
[0.970s][debug][gc,phases         ] GC(62)         Total                          Min: 0, Avg:  0.0, Max: 0, Diff: 0, Sum: 0, Workers: 1
[0.970s][debug][gc,phases         ] GC(62)     Post Evacuate Cleanup 1: 0.0ms
[0.970s][debug][gc,phases         ] GC(62)       Merge Per-Thread State (ms):   Min:  0.0, Avg:  0.0, Max:  0.0, Diff:  0.0, Sum:  0.0, Workers: 1
[0.970s][debug][gc,phases         ] GC(62)         Copied Bytes                   Min: 0, Avg:  0.0, Max: 0, Diff: 0, Sum: 0, Workers: 12
[0.970s][debug][gc,phases         ] GC(62)         LAB Waste                      Min: 0, Avg:  0.0, Max: 0, Diff: 0, Sum: 0, Workers: 12
[0.970s][debug][gc,phases         ] GC(62)         LAB Undo Waste                 Min: 0, Avg:  0.0, Max: 0, Diff: 0, Sum: 0, Workers: 12
[0.970s][debug][gc,phases         ] GC(62)       Clear Logged Cards (ms):       Min:  0.0, Avg:  0.0, Max:  0.0, Diff:  0.0, Sum:  0.0, Workers: 4
[0.970s][debug][gc,phases         ] GC(62)       Recalculate Used Memory (ms):  Min:  0.0, Avg:  0.0, Max:  0.0, Diff:  0.0, Sum:  0.0, Workers: 1
[0.970s][debug][gc,phases         ] GC(62)       Remove Self Forwards (ms):     Min:  0.0, Avg:  0.0, Max:  0.0, Diff:  0.0, Sum:  0.0, Workers: 4
[0.970s][debug][gc,phases         ] GC(62)     Post Evacuate Cleanup 2: 0.1ms
[0.970s][debug][gc,phases         ] GC(62)       Recalculate Used Memory (ms):  Min:  0.0, Avg:  0.0, Max:  0.0, Diff:  0.0, Sum:  0.0, Workers: 1
[0.970s][debug][gc,phases         ] GC(62)       Restore Preserved Marks (ms):  Min:  0.0, Avg:  0.0, Max:  0.0, Diff:  0.0, Sum:  0.0, Workers: 12
[0.970s][debug][gc,phases         ] GC(62)       Reset Hot Card Cache (ms):     Min:  0.0, Avg:  0.0, Max:  0.0, Diff:  0.0, Sum:  0.0, Workers: 1
[0.970s][debug][gc,phases         ] GC(62)       Purge Code Roots (ms):         Min:  0.0, Avg:  0.0, Max:  0.0, Diff:  0.0, Sum:  0.0, Workers: 1
[0.970s][debug][gc,phases         ] GC(62)       Update Derived Pointers (ms):  Min:  0.0, Avg:  0.0, Max:  0.0, Diff:  0.0, Sum:  0.0, Workers: 1
[0.970s][debug][gc,phases         ] GC(62)       Eagerly Reclaim Humongous Objects (ms): Min:  0.0, Avg:  0.0, Max:  0.0, Diff:  0.0, Sum:  0.0, Workers: 1
[0.970s][debug][gc,phases         ] GC(62)         Humongous Total                Min: 33, Avg: 33.0, Max: 33, Diff: 0, Sum: 33, Workers: 1
[0.970s][debug][gc,phases         ] GC(62)         Humongous Candidates           Min: 0, Avg:  0.0, Max: 0, Diff: 0, Sum: 0, Workers: 1
[0.970s][debug][gc,phases         ] GC(62)         Humongous Reclaimed            Min: 0, Avg:  0.0, Max: 0, Diff: 0, Sum: 0, Workers: 1
[0.970s][debug][gc,phases         ] GC(62)       Redirty Logged Cards (ms):     Min:  0.0, Avg:  0.0, Max:  0.0, Diff:  0.0, Sum:  0.0, Workers: 12
[0.970s][debug][gc,phases         ] GC(62)         Redirtied Cards:               Min: 0, Avg:  0.1, Max: 1, Diff: 1, Sum: 1, Workers: 12
[0.970s][debug][gc,phases         ] GC(62)       Free Collection Set (ms):      Min:  0.0, Avg:  0.0, Max:  0.0, Diff:  0.0, Sum:  0.0, Workers: 12
[0.970s][debug][gc,phases         ] GC(62)     Rebuild Free List: 0.1ms
[0.970s][debug][gc,phases         ] GC(62)     Start New Collection Set: 0.0ms
[0.970s][debug][gc,phases         ] GC(62)     Resize TLABs: 0.0ms
[0.970s][debug][gc,phases         ] GC(62)     Expand Heap After Collection: 0.0ms
[0.970s][info ][gc,phases         ] GC(62)   Other: 0.2ms
[0.970s][info ][gc,heap           ] GC(62) Eden regions: 1->0(12)
[0.970s][info ][gc,heap           ] GC(62) Survivor regions: 0->0(0)
[0.970s][info ][gc,heap           ] GC(62) Old regions: 160->161
[0.970s][info ][gc,heap           ] GC(62) Archive regions: 2->2
[0.970s][info ][gc,heap           ] GC(62) Humongous regions: 93->93
[0.970s][info ][gc,metaspace      ] GC(62) Metaspace: 136K(320K)->136K(320K) NonClass: 131K(192K)->131K(192K) Class: 5K(128K)->5K(128K)
[0.970s][debug][gc,heap           ] GC(62) Heap after GC invocations=59 (full 8):
[0.970s][debug][gc,heap           ] GC(62)  garbage-first heap   total 262144K, used 248005K [0x00000000f0000000, 0x0000000100000000)
[0.970s][debug][gc,heap           ] GC(62)   region size 1024K, 0 young (0K), 0 survivors (0K)
[0.970s][debug][gc,heap           ] GC(62)  Metaspace       used 136K, committed 320K, reserved 1114112K
[0.970s][debug][gc,heap           ] GC(62)   class space    used 5K, committed 128K, reserved 1048576K
[0.970s][info ][gc                ] GC(62) Pause Young (Concurrent Start) (G1 Evacuation Pause) 242M->242M(256M) 2.121ms
[0.970s][info ][gc,cpu            ] GC(62) User=0.00s Sys=0.00s Real=0.00s
[0.970s][debug][gc,ergo,heap      ] Attempt heap expansion (allocation request failed). Allocation request: 65552B
[0.970s][debug][gc,ergo,heap      ] Expand the heap. requested expansion amount: 1048576B expansion amount: 1048576B
[0.970s][debug][gc,ergo,heap      ] Did not expand the heap (heap already fully expanded)
[0.970s][info ][gc,ergo           ] Attempting full compaction
[0.970s][info ][gc                ] GC(63) Concurrent Mark Cycle
[0.970s][debug][gc,task           ] GC(64) Requesting 9 active workers for full compaction (waste limited workers: 13, adaptive workers: 9, used limited workers: 256)
[0.970s][info ][gc,task           ] GC(64) Using 9 workers of 13 for full compaction
[0.970s][info ][gc,marking        ] GC(63) Concurrent Clear Claimed Marks
[0.970s][info ][gc,marking        ] GC(63) Concurrent Clear Claimed Marks 0.025ms
[0.970s][info ][gc,marking        ] GC(63) Concurrent Scan Root Regions
[0.970s][info ][gc,start          ] GC(64) Pause Full (G1 Compaction Pause)
[0.970s][debug][gc,heap           ] GC(64) Heap before GC invocations=59 (full 8):
[0.970s][debug][gc,heap           ] GC(64)  garbage-first heap   total 262144K, used 248005K [0x00000000f0000000, 0x0000000100000000)
[0.970s][debug][gc,heap           ] GC(64)   region size 1024K, 0 young (0K), 0 survivors (0K)
[0.970s][debug][gc,heap           ] GC(64)  Metaspace       used 136K, committed 320K, reserved 1114112K
[0.970s][debug][gc,heap           ] GC(64)   class space    used 5K, committed 128K, reserved 1048576K
[0.970s][info ][gc,marking        ] GC(63) Concurrent Scan Root Regions 0.005ms
[0.970s][info ][gc,marking        ] GC(63) Concurrent Mark
[0.970s][info ][gc,marking        ] GC(63) Concurrent Mark From Roots
[0.970s][info ][gc,task           ] GC(63) Using 3 workers of 3 for marking
[0.970s][debug][gc,start          ] GC(64) Clear Next Bitmap
[0.970s][debug][gc,ergo           ] GC(64) Running G1 Clear Bitmap with 4 workers for 4 work units.
[0.971s][debug][gc                ] GC(64) Clear Next Bitmap 0.216ms
[0.971s][debug][gc,alloc,region   ] GC(64) Mutator Allocation stats, regions: 0, wasted size: 0B ( 0.0%)
[0.971s][info ][gc,phases,start   ] GC(64) Phase 1: Mark live objects
[0.972s][debug][gc,phases,start   ] GC(64) Phase 1: Reference Processing
[0.972s][debug][gc,ref            ] GC(64) Skipped phase 1 of Reference Processing: no references
[0.972s][debug][gc,ref            ] GC(64) ReferenceProcessor::execute queues: 1, RefProcThreadModel::Single, marks_oops_alive: false
[0.972s][debug][gc,ref            ] GC(64) Skipped phase 3 of Reference Processing: no references
[0.972s][debug][gc,ref            ] GC(64) Skipped phase 4 of Reference Processing: no references
[0.972s][debug][gc,phases,ref     ] GC(64) Reference Processing: 0.0ms
[0.972s][debug][gc,phases,ref     ] GC(64)   Reconsider SoftReferences: 0.0ms
[0.972s][debug][gc,phases,ref     ] GC(64)     SoftRef (ms):                  skipped
[0.972s][debug][gc,phases,ref     ] GC(64)   Notify Soft/WeakReferences: 0.0ms
[0.972s][debug][gc,phases,ref     ] GC(64)     SoftRef (ms):                  Min:  0.0, Avg:  0.0, Max:  0.0, Diff:  0.0, Sum:  0.0, Workers: 13
[0.972s][debug][gc,phases,ref     ] GC(64)     WeakRef (ms):                  Min:  0.0, Avg:  0.0, Max:  0.0, Diff:  0.0, Sum:  0.0, Workers: 13
[0.972s][debug][gc,phases,ref     ] GC(64)     FinalRef (ms):                 Min:  0.0, Avg:  0.0, Max:  0.0, Diff:  0.0, Sum:  0.0, Workers: 13
[0.972s][debug][gc,phases,ref     ] GC(64)     Total (ms):                    Min:  0.0, Avg:  0.0, Max:  0.0, Diff:  0.0, Sum:  0.0, Workers: 13
[0.972s][debug][gc,phases,ref     ] GC(64)   Notify and keep alive finalizable: 0.0ms
[0.972s][debug][gc,phases,ref     ] GC(64)     FinalRef (ms):                 skipped
[0.972s][debug][gc,phases,ref     ] GC(64)   Notify PhantomReferences: 0.0ms
[0.972s][debug][gc,phases,ref     ] GC(64)     PhantomRef (ms):               skipped
[0.972s][debug][gc,phases,ref     ] GC(64)   SoftReference:
[0.972s][debug][gc,phases,ref     ] GC(64)     Discovered: 0
[0.972s][debug][gc,phases,ref     ] GC(64)     Cleared: 0
[0.972s][debug][gc,phases,ref     ] GC(64)   WeakReference:
[0.972s][debug][gc,phases,ref     ] GC(64)     Discovered: 11
[0.972s][debug][gc,phases,ref     ] GC(64)     Cleared: 11
[0.972s][debug][gc,phases,ref     ] GC(64)   FinalReference:
[0.972s][debug][gc,phases,ref     ] GC(64)     Discovered: 0
[0.972s][debug][gc,phases,ref     ] GC(64)     Cleared: 0
[0.972s][debug][gc,phases,ref     ] GC(64)   PhantomReference:
[0.972s][debug][gc,phases,ref     ] GC(64)     Discovered: 0
[0.972s][debug][gc,phases,ref     ] GC(64)     Cleared: 0
[0.972s][debug][gc,phases         ] GC(64) Phase 1: Reference Processing 0.185ms
[0.972s][debug][gc,phases,start   ] GC(64) Phase 1: Weak Processing
[0.972s][debug][gc,phases         ] GC(64)   VM Weak                        Min:  0.0, Avg:  0.0, Max:  0.0, Diff:  0.0, Sum:  0.0, Workers: 1
[0.972s][debug][gc,phases         ] GC(64)     Dead                           Min: 0, Avg:  0.0, Max: 0, Diff: 0, Sum: 0, Workers: 1
[0.972s][debug][gc,phases         ] GC(64)     Total                          Min: 4, Avg:  4.0, Max: 4, Diff: 0, Sum: 4, Workers: 1
[0.972s][debug][gc,phases         ] GC(64)   ObjectSynchronizer Weak        Min:  0.0, Avg:  0.0, Max:  0.0, Diff:  0.0, Sum:  0.0, Workers: 1
[0.972s][debug][gc,phases         ] GC(64)     Dead                           Min: 0, Avg:  0.0, Max: 0, Diff: 0, Sum: 0, Workers: 1
[0.972s][debug][gc,phases         ] GC(64)     Total                          Min: 4, Avg:  4.0, Max: 4, Diff: 0, Sum: 4, Workers: 1
[0.972s][debug][gc,phases         ] GC(64)   JVMTI Tag Weak OopStorage      Min:  0.0, Avg:  0.0, Max:  0.0, Diff:  0.0, Sum:  0.0, Workers: 1
[0.972s][debug][gc,phases         ] GC(64)     Dead                           Min: 0, Avg:  0.0, Max: 0, Diff: 0, Sum: 0, Workers: 1
[0.972s][debug][gc,phases         ] GC(64)     Total                          Min: 0, Avg:  0.0, Max: 0, Diff: 0, Sum: 0, Workers: 1
[0.972s][debug][gc,phases         ] GC(64)   StringTable Weak               Min:  0.0, Avg:  0.0, Max:  0.0, Diff:  0.0, Sum:  0.0, Workers: 1
[0.972s][debug][gc,phases         ] GC(64)     Dead                           Min: 0, Avg:  0.0, Max: 0, Diff: 0, Sum: 0, Workers: 1
[0.972s][debug][gc,phases         ] GC(64)     Total                          Min: 39, Avg: 39.0, Max: 39, Diff: 0, Sum: 39, Workers: 1
[0.972s][debug][gc,phases         ] GC(64)   ResolvedMethodTable Weak       Min:  0.0, Avg:  0.0, Max:  0.0, Diff:  0.0, Sum:  0.0, Workers: 1
[0.972s][debug][gc,phases         ] GC(64)     Dead                           Min: 0, Avg:  0.0, Max: 0, Diff: 0, Sum: 0, Workers: 1
[0.972s][debug][gc,phases         ] GC(64)     Total                          Min: 22, Avg: 22.0, Max: 22, Diff: 0, Sum: 22, Workers: 1
[0.972s][debug][gc,phases         ] GC(64)   JNI Weak                       Min:  0.0, Avg:  0.0, Max:  0.0, Diff:  0.0, Sum:  0.0, Workers: 1
[0.972s][debug][gc,phases         ] GC(64)     Dead                           Min: 0, Avg:  0.0, Max: 0, Diff: 0, Sum: 0, Workers: 1
[0.972s][debug][gc,phases         ] GC(64)     Total                          Min: 0, Avg:  0.0, Max: 0, Diff: 0, Sum: 0, Workers: 1
[0.972s][debug][gc,phases         ] GC(64)   StringDedup Table Weak         Min:  0.0, Avg:  0.0, Max:  0.0, Diff:  0.0, Sum:  0.0, Workers: 1
[0.972s][debug][gc,phases         ] GC(64)     Dead                           Min: 0, Avg:  0.0, Max: 0, Diff: 0, Sum: 0, Workers: 1
[0.972s][debug][gc,phases         ] GC(64)     Total                          Min: 0, Avg:  0.0, Max: 0, Diff: 0, Sum: 0, Workers: 1
[0.972s][debug][gc,phases         ] GC(64)   StringDedup Requests0 Weak     Min:  0.0, Avg:  0.0, Max:  0.0, Diff:  0.0, Sum:  0.0, Workers: 1
[0.972s][debug][gc,phases         ] GC(64)     Dead                           Min: 0, Avg:  0.0, Max: 0, Diff: 0, Sum: 0, Workers: 1
[0.972s][debug][gc,phases         ] GC(64)     Total                          Min: 0, Avg:  0.0, Max: 0, Diff: 0, Sum: 0, Workers: 1
[0.972s][debug][gc,phases         ] GC(64)   StringDedup Requests1 Weak     Min:  0.0, Avg:  0.0, Max:  0.0, Diff:  0.0, Sum:  0.0, Workers: 1
[0.972s][debug][gc,phases         ] GC(64)     Dead                           Min: 0, Avg:  0.0, Max: 0, Diff: 0, Sum: 0, Workers: 1
[0.972s][debug][gc,phases         ] GC(64)     Total                          Min: 0, Avg:  0.0, Max: 0, Diff: 0, Sum: 0, Workers: 1
[0.972s][debug][gc,phases         ] GC(64)   Weak JFR Old Object Samples    Min:  0.0, Avg:  0.0, Max:  0.0, Diff:  0.0, Sum:  0.0, Workers: 1
[0.972s][debug][gc,phases         ] GC(64)     Dead                           Min: 0, Avg:  0.0, Max: 0, Diff: 0, Sum: 0, Workers: 1
[0.972s][debug][gc,phases         ] GC(64)     Total                          Min: 0, Avg:  0.0, Max: 0, Diff: 0, Sum: 0, Workers: 1
[0.972s][debug][gc,phases         ] GC(64) Phase 1: Weak Processing 0.235ms
[0.972s][debug][gc,phases,start   ] GC(64) Phase 1: Class Unloading and Cleanup
[0.972s][debug][gc,phases,start   ] GC(64) ClassLoaderData
[0.972s][debug][gc,phases         ] GC(64) ClassLoaderData 0.006ms
[0.972s][debug][gc,phases,start   ] GC(64) Trigger cleanups
[0.972s][debug][gc,phases         ] GC(64) Trigger cleanups 0.005ms
[0.972s][debug][gc,phases         ] GC(64) Phase 1: Class Unloading and Cleanup 0.172ms
[0.972s][debug][gc,phases,start   ] GC(64) Report Object Count
[0.972s][debug][gc,phases         ] GC(64) Report Object Count 0.020ms
[0.972s][info ][gc,phases         ] GC(64) Phase 1: Mark live objects 1.572ms
[0.972s][info ][gc,phases,start   ] GC(64) Phase 2: Prepare for compaction
[0.972s][debug][gc,phases,start   ] GC(64) Phase 2: Prepare Serial Compaction
[0.972s][debug][gc,phases         ] GC(64) Phase 2: Prepare Serial Compaction 0.024ms
[0.972s][info ][gc,phases         ] GC(64) Phase 2: Prepare for compaction 0.222ms
[0.972s][info ][gc,phases,start   ] GC(64) Phase 3: Adjust pointers
[0.973s][info ][gc,phases         ] GC(64) Phase 3: Adjust pointers 0.293ms
[0.973s][info ][gc,phases,start   ] GC(64) Phase 4: Compact heap
[0.978s][debug][gc,phases,start   ] GC(64) Phase 4: Serial Compaction
[0.978s][debug][gc,phases         ] GC(64) Phase 4: Serial Compaction 0.546ms
[0.978s][info ][gc,phases         ] GC(64) Phase 4: Compact heap 5.477ms
[0.978s][debug][gc,ergo           ] GC(64) Running G1 Clear Bitmap with 4 workers for 4 work units.
[0.978s][debug][gc,alloc,stats    ] Old generation allocation in the last mutator period, old gen allocated: 0B, humongous allocated: 0B,old gen growth: 0B.
[0.979s][info ][gc,heap           ] GC(64) Eden regions: 0->0(12)
[0.979s][info ][gc,heap           ] GC(64) Survivor regions: 0->0(0)
[0.979s][info ][gc,heap           ] GC(64) Old regions: 161->158
[0.979s][info ][gc,heap           ] GC(64) Archive regions: 2->2
[0.979s][info ][gc,heap           ] GC(64) Humongous regions: 93->93
[0.979s][info ][gc,metaspace      ] GC(64) Metaspace: 136K(320K)->136K(320K) NonClass: 131K(192K)->131K(192K) Class: 5K(128K)->5K(128K)
[0.979s][debug][gc,heap           ] GC(64) Heap after GC invocations=60 (full 9):
[0.979s][debug][gc,heap           ] GC(64)  garbage-first heap   total 262144K, used 247138K [0x00000000f0000000, 0x0000000100000000)
[0.979s][debug][gc,heap           ] GC(64)   region size 1024K, 0 young (0K), 0 survivors (0K)
[0.979s][debug][gc,heap           ] GC(64)  Metaspace       used 136K, committed 320K, reserved 1114112K
[0.979s][debug][gc,heap           ] GC(64)   class space    used 5K, committed 128K, reserved 1048576K
[0.979s][info ][gc                ] GC(64) Pause Full (G1 Compaction Pause) 242M->241M(256M) 8.324ms
[0.979s][info ][gc,cpu            ] GC(64) User=0.03s Sys=0.00s Real=0.01s
[0.979s][debug][gc,stats          ] ---------------------------------------------------------------------
[0.979s][debug][gc,stats          ] Marking Stats, task = 0, calls = 0
[0.979s][debug][gc,stats          ]   Elapsed time = 0.00ms, Termination time = 0.00ms
[0.979s][debug][gc,stats          ]   Step Times (cum): num = 617, avg = 0.02ms, sd = 0.11ms max = 1.18ms, total = 10.21ms
[0.979s][debug][gc,stats          ]   Mark Stats Cache: hits 897 misses 0 ratio 100.000
[0.979s][debug][gc,stats          ] ---------------------------------------------------------------------
[0.979s][debug][gc,stats          ] Marking Stats, task = 1, calls = 0
[0.979s][debug][gc,stats          ]   Elapsed time = 0.00ms, Termination time = 0.00ms
[0.979s][debug][gc,stats          ]   Step Times (cum): num = 66, avg = 0.15ms, sd = 0.34ms max = 1.46ms, total = 10.09ms
[0.979s][debug][gc,stats          ]   Mark Stats Cache: hits 9 misses 0 ratio 100.000
[0.979s][debug][gc,stats          ] ---------------------------------------------------------------------
[0.979s][debug][gc,stats          ] Marking Stats, task = 2, calls = 0
[0.979s][debug][gc,stats          ]   Elapsed time = 0.00ms, Termination time = 0.00ms
[0.979s][debug][gc,stats          ]   Step Times (cum): num = 44, avg = 0.12ms, sd = 0.30ms max = 1.29ms, total = 5.45ms
[0.979s][debug][gc,stats          ]   Mark Stats Cache: hits 2 misses 0 ratio 100.000
[0.979s][debug][gc,stats          ] ---------------------------------------------------------------------
[0.979s][info ][gc,marking        ] GC(63) Concurrent Mark From Roots 8.391ms
[0.979s][info ][gc,marking        ] GC(63) Concurrent Mark Abort
[0.979s][info ][gc                ] GC(63) Concurrent Mark Cycle 8.615ms
[0.984s][debug][gc,ergo,cset      ] Preventive GC, insufficient free regions. Predicted need 2. Curr Eden 2 (Pred 2). Curr Survivor 0 (Pred 0). Curr Old 158 (Pred 0) Free 1 Alloc 1
[0.984s][debug][gc,heap           ] GC(65) Heap before GC invocations=60 (full 9):
[0.984s][debug][gc,heap           ] GC(65)  garbage-first heap   total 262144K, used 247138K [0x00000000f0000000, 0x0000000100000000)
[0.984s][debug][gc,heap           ] GC(65)   region size 1024K, 2 young (2048K), 0 survivors (0K)
[0.984s][debug][gc,heap           ] GC(65)  Metaspace       used 136K, committed 320K, reserved 1114112K
[0.984s][debug][gc,heap           ] GC(65)   class space    used 5K, committed 128K, reserved 1048576K
[0.984s][info ][gc,start          ] GC(65) Pause Young (Normal) (G1 Preventive Collection)
[0.984s][info ][gc,task           ] GC(65) Using 12 workers of 13 for evacuation
[0.984s][debug][gc,tlab           ] GC(65) TLAB totals: thrds: 5  refills: 5 max: 1 slow allocs: 20 max 5 waste: 41.5% gc: 232456B max: 47024B slow: 0B max: 0B
[0.984s][debug][gc,age            ] GC(65) Desired survivor size 1048576 bytes, new threshold 15 (max threshold 15)
[0.984s][debug][gc,refine,stats   ] GC(65) Mutator refinement: 0.00ms, refined: 0, precleaned: 0, dirtied: 18
[0.984s][debug][gc,refine,stats   ] GC(65) Concurrent refinement: 0.00ms, refined: 0, precleaned: 0, dirtied: 0
[0.984s][debug][gc,refine,stats   ] GC(65) Total refinement: 0.00ms, refined: 0, precleaned: 0, dirtied: 18
[0.984s][debug][gc,refine,stats   ] GC(65) Generate dirty cards rate: 0.40 cards/ms
[0.984s][debug][gc,alloc,region   ] GC(65) Mutator Allocation stats, regions: 2, wasted size: 29496B ( 1.4%)
[0.984s][debug][gc,humongous      ] GC(65) Humongous region 0 (object size 1048592 @ 0x00000000f0000000) remset 0 code roots 0 marked 0 reclaim candidate 0 type array 1
[0.984s][debug][gc,humongous      ] GC(65) Humongous region 2 (object size 1048592 @ 0x00000000f0200000) remset 0 code roots 0 marked 0 reclaim candidate 0 type array 1
[0.984s][debug][gc,humongous      ] GC(65) Humongous region 4 (object size 1048592 @ 0x00000000f0400000) remset 0 code roots 0 marked 0 reclaim candidate 0 type array 1
[0.984s][debug][gc,humongous      ] GC(65) Humongous region 6 (object size 1048592 @ 0x00000000f0600000) remset 0 code roots 0 marked 0 reclaim candidate 0 type array 1
[0.984s][debug][gc,humongous      ] GC(65) Humongous region 8 (object size 1048592 @ 0x00000000f0800000) remset 0 code roots 0 marked 0 reclaim candidate 0 type array 1
[0.984s][debug][gc,humongous      ] GC(65) Humongous region 42 (object size 1048592 @ 0x00000000f2a00000) remset 0 code roots 0 marked 0 reclaim candidate 0 type array 1
[0.984s][debug][gc,humongous      ] GC(65) Humongous region 85 (object size 10485776 @ 0x00000000f5500000) remset 0 code roots 0 marked 0 reclaim candidate 0 type array 1
[0.984s][debug][gc,humongous      ] GC(65) Humongous region 60 (object size 1048592 @ 0x00000000f3c00000) remset 0 code roots 0 marked 0 reclaim candidate 0 type array 1
[0.984s][debug][gc,humongous      ] GC(65) Humongous region 10 (object size 1048592 @ 0x00000000f0a00000) remset 0 code roots 0 marked 0 reclaim candidate 0 type array 1
[0.984s][debug][gc,humongous      ] GC(65) Humongous region 22 (object size 1048592 @ 0x00000000f1600000) remset 0 code roots 0 marked 0 reclaim candidate 0 type array 1
[0.984s][debug][gc,humongous      ] GC(65) Humongous region 205 (object size 1048592 @ 0x00000000fcd00000) remset 0 code roots 0 marked 0 reclaim candidate 0 type array 1
[0.984s][debug][gc,humongous      ] GC(65) Humongous region 24 (object size 1048592 @ 0x00000000f1800000) remset 0 code roots 0 marked 0 reclaim candidate 0 type array 1
[0.984s][debug][gc,humongous      ] GC(65) Humongous region 216 (object size 10485776 @ 0x00000000fd800000) remset 0 code roots 0 marked 0 reclaim candidate 0 type array 1
[0.984s][debug][gc,humongous      ] GC(65) Humongous region 249 (object size 1048592 @ 0x00000000ff900000) remset 0 code roots 0 marked 0 reclaim candidate 0 type array 1
[0.984s][debug][gc,humongous      ] GC(65) Humongous region 14 (object size 1048592 @ 0x00000000f0e00000) remset 0 code roots 0 marked 0 reclaim candidate 0 type array 1
[0.984s][debug][gc,humongous      ] GC(65) Humongous region 16 (object size 1048592 @ 0x00000000f1000000) remset 0 code roots 0 marked 0 reclaim candidate 0 type array 1
[0.984s][debug][gc,humongous      ] GC(65) Humongous region 18 (object size 1048592 @ 0x00000000f1200000) remset 0 code roots 0 marked 0 reclaim candidate 0 type array 1
[0.984s][debug][gc,humongous      ] GC(65) Humongous region 126 (object size 1048592 @ 0x00000000f7e00000) remset 0 code roots 0 marked 0 reclaim candidate 0 type array 1
[0.985s][debug][gc,humongous      ] GC(65) Humongous region 28 (object size 1048592 @ 0x00000000f1c00000) remset 0 code roots 0 marked 0 reclaim candidate 0 type array 1
[0.985s][debug][gc,humongous      ] GC(65) Humongous region 32 (object size 1048592 @ 0x00000000f2000000) remset 0 code roots 0 marked 0 reclaim candidate 0 type array 1
[0.984s][debug][gc,humongous      ] GC(65) Humongous region 244 (object size 1048592 @ 0x00000000ff400000) remset 0 code roots 0 marked 0 reclaim candidate 0 type array 1
[0.985s][debug][gc,humongous      ] GC(65) Humongous region 34 (object size 1048592 @ 0x00000000f2200000) remset 0 code roots 0 marked 0 reclaim candidate 0 type array 1
[0.984s][debug][gc,humongous      ] GC(65) Humongous region 83 (object size 1048592 @ 0x00000000f5300000) remset 0 code roots 0 marked 0 reclaim candidate 0 type array 1
[0.985s][debug][gc,humongous      ] GC(65) Humongous region 38 (object size 1048592 @ 0x00000000f2600000) remset 0 code roots 0 marked 0 reclaim candidate 0 type array 1
[0.984s][debug][gc,humongous      ] GC(65) Humongous region 64 (object size 1048592 @ 0x00000000f4000000) remset 0 code roots 0 marked 0 reclaim candidate 0 type array 1
[0.985s][debug][gc,humongous      ] GC(65) Humongous region 20 (object size 1048592 @ 0x00000000f1400000) remset 0 code roots 0 marked 0 reclaim candidate 0 type array 1
[0.984s][debug][gc,humongous      ] GC(65) Humongous region 159 (object size 10485776 @ 0x00000000f9f00000) remset 0 code roots 0 marked 0 reclaim candidate 0 type array 1
[0.985s][debug][gc,humongous      ] GC(65) Humongous region 30 (object size 1048592 @ 0x00000000f1e00000) remset 0 code roots 0 marked 0 reclaim candidate 0 type array 1
[0.984s][debug][gc,humongous      ] GC(65) Humongous region 238 (object size 1048592 @ 0x00000000fee00000) remset 0 code roots 0 marked 0 reclaim candidate 0 type array 1
[0.984s][debug][gc,humongous      ] GC(65) Humongous region 26 (object size 1048592 @ 0x00000000f1a00000) remset 0 code roots 0 marked 0 reclaim candidate 0 type array 1
[0.984s][debug][gc,humongous      ] GC(65) Humongous region 203 (object size 1048592 @ 0x00000000fcb00000) remset 0 code roots 0 marked 0 reclaim candidate 0 type array 1
[0.984s][debug][gc,humongous      ] GC(65) Humongous region 12 (object size 1048592 @ 0x00000000f0c00000) remset 0 code roots 0 marked 0 reclaim candidate 0 type array 1
[0.985s][debug][gc,humongous      ] GC(65) Humongous region 36 (object size 1048592 @ 0x00000000f2400000) remset 0 code roots 0 marked 0 reclaim candidate 0 type array 1
[0.985s][debug][gc,ergo           ] GC(65) Running G1 Merge Heap Roots using 12 workers for 2 regions
[0.985s][debug][gc,remset         ] GC(65) Visited cards 32 Total dirty 2048 (1.56%) Total old 526336 (0.01%)
[0.985s][debug][gc,ergo,heap      ] GC(65) Attempt heap expansion (region allocation request failed). Allocation request: 65552B
[0.985s][debug][gc,ergo,heap      ] GC(65) Did not expand the heap (heap already fully expanded)
[0.985s][debug][gc,ref            ] GC(65) Skipped phase 1 of Reference Processing: no references
[0.985s][debug][gc,ref            ] GC(65) Skipped phase 2 of Reference Processing: no references
[0.985s][debug][gc,ref            ] GC(65) Skipped phase 3 of Reference Processing: no references
[0.985s][debug][gc,ref            ] GC(65) Skipped phase 4 of Reference Processing: no references
[0.986s][debug][gc,ergo           ] GC(65) Running G1 Rebuild Free List Task using 12 workers for rebuilding free list of regions
[0.986s][debug][gc,plab           ] GC(65) Young PLAB allocation: allocated: 0B, wasted: 0B, unused: 0B, used: 0B, undo waste: 0B, 
[0.986s][debug][gc,plab           ] GC(65) Young other allocation: region end waste: 65296B, regions filled: 1, direct allocated: 983280B, failure used: 0B, failure wasted: 0B
[0.986s][debug][gc,plab           ] GC(65) Young sizing: calculated: 0B, actual: 2064B
[0.986s][debug][gc,plab           ] GC(65) Old PLAB allocation: allocated: 0B, wasted: 0B, unused: 0B, used: 0B, undo waste: 0B, 
[0.986s][debug][gc,plab           ] GC(65) Old other allocation: region end waste: 0B, regions filled: 0, direct allocated: 0B, failure used: 786624B, failure wasted: 1310528B
[0.986s][debug][gc,plab           ] GC(65) Old sizing: calculated: 0B, actual: 2064B
[0.986s][debug][gc,ergo,heap      ] GC(65) Heap expansion: short term pause time ratio 80.20% long term pause time ratio 23.21% threshold 7.69% pause time ratio 7.69% fully expanded true resize by 0B
[0.986s][debug][gc,ergo,ihop      ] GC(65) Request concurrent cycle initiation (occupancy higher than threshold) occupancy: 267386880B allocation request: 0B threshold: 204294677B (76.11) source: end of GC
[0.986s][debug][gc,mmu            ] GC(65) MMU: 8.6ms (50.0ms/51.0ms)
[0.986s][debug][gc,alloc,stats    ] Old generation allocation in the last mutator period, old gen allocated: 2097152B, humongous allocated: 0B,old gen growth: 2097152B.
[0.986s][debug][gc,ihop           ] GC(65) Basic information (value update), threshold: 204585576B (76.21), target occupancy: 268435456B, current occupancy: 256150496B, recent allocation size: 2097152B, recent allocation duration: 45.13ms, recent old gen allocation rate: 46468833.98B/s, recent marking phase length: 9.93ms
[0.986s][debug][gc,ihop           ] GC(65) Adaptive IHOP information (value update), threshold: 204585576B (89.66), internal target occupancy: 228170137B, occupancy: 256150496B, additional buffer size: 12582912B, predicted old gen allocation rate: 209569030.75B/s, predicted marking phase length: 52.50ms, prediction active: true
[0.986s][debug][gc,ergo,refine    ] GC(65) Concurrent refinement times: Logged Cards Scan time goal: 5.00ms Logged Cards Scan time: 0.00ms HCC time: 0.00ms
[0.986s][debug][gc,ergo,refine    ] GC(65) Updated Refinement Zones: green: 3328, yellow: 9984, red: 16640
[0.986s][info ][gc                ] GC(65) To-space exhausted
[0.986s][info ][gc,phases         ] GC(65)   Pre Evacuate Collection Set: 0.5ms
[0.986s][debug][gc,phases         ] GC(65)     Prepare TLABs: 0.0ms
[0.986s][debug][gc,phases         ] GC(65)     Concatenate Dirty Card Logs: 0.0ms
[0.986s][debug][gc,phases         ] GC(65)     Choose Collection Set: 0.0ms
[0.986s][debug][gc,phases         ] GC(65)     Region Register: 0.5ms
[0.986s][debug][gc,phases         ] GC(65)     Prepare Heap Roots: 0.0ms
[0.986s][info ][gc,phases         ] GC(65)   Merge Heap Roots: 0.2ms
[0.986s][debug][gc,phases         ] GC(65)     Prepare Merge Heap Roots: 0.0ms
[0.986s][debug][gc,phases         ] GC(65)     Eager Reclaim (ms):            skipped
[0.986s][debug][gc,phases         ] GC(65)     Remembered Sets (ms):          Min:  0.0, Avg:  0.0, Max:  0.0, Diff:  0.0, Sum:  0.0, Workers: 12
[0.986s][debug][gc,phases         ] GC(65)       Merged Sparse:                 Min: 0, Avg:  0.0, Max: 0, Diff: 0, Sum: 0, Workers: 12
[0.986s][debug][gc,phases         ] GC(65)       Merged Fine:                   Min: 0, Avg:  0.0, Max: 0, Diff: 0, Sum: 0, Workers: 12
[0.986s][debug][gc,phases         ] GC(65)       Merged Coarse:                 Min: 0, Avg:  0.0, Max: 0, Diff: 0, Sum: 0, Workers: 12
[0.986s][debug][gc,phases         ] GC(65)       Dirty Cards:                   Min: 0, Avg:  0.0, Max: 0, Diff: 0, Sum: 0, Workers: 12
[0.986s][debug][gc,phases         ] GC(65)     Hot Card Cache (ms):           Min:  0.0, Avg:  0.0, Max:  0.0, Diff:  0.0, Sum:  0.0, Workers: 12
[0.986s][debug][gc,phases         ] GC(65)       Dirty Cards:                   Min: 0, Avg:  0.0, Max: 0, Diff: 0, Sum: 0, Workers: 12
[0.986s][debug][gc,phases         ] GC(65)       Skipped Cards:                 Min: 0, Avg:  0.0, Max: 0, Diff: 0, Sum: 0, Workers: 12
[0.986s][debug][gc,phases         ] GC(65)     Log Buffers (ms):              Min:  0.0, Avg:  0.0, Max:  0.0, Diff:  0.0, Sum:  0.0, Workers: 12
[0.986s][debug][gc,phases         ] GC(65)       Dirty Cards:                   Min: 0, Avg:  0.8, Max: 10, Diff: 10, Sum: 10, Workers: 12
[0.986s][debug][gc,phases         ] GC(65)       Skipped Cards:                 Min: 0, Avg:  0.0, Max: 0, Diff: 0, Sum: 0, Workers: 12
[0.986s][info ][gc,phases         ] GC(65)   Evacuate Collection Set: 0.5ms
[0.986s][debug][gc,phases         ] GC(65)     Ext Root Scanning (ms):        Min:  0.0, Avg:  0.0, Max:  0.0, Diff:  0.0, Sum:  0.1, Workers: 12
[0.986s][debug][gc,phases         ] GC(65)     Scan Heap Roots (ms):          Min:  0.0, Avg:  0.0, Max:  0.0, Diff:  0.0, Sum:  0.0, Workers: 12
[0.986s][debug][gc,phases         ] GC(65)       Scanned Cards:                 Min: 0, Avg:  1.5, Max: 18, Diff: 18, Sum: 18, Workers: 12
[0.986s][debug][gc,phases         ] GC(65)       Scanned Blocks:                Min: 0, Avg:  0.1, Max: 1, Diff: 1, Sum: 1, Workers: 12
[0.986s][debug][gc,phases         ] GC(65)       Claimed Chunks:                Min: 0, Avg:  0.1, Max: 1, Diff: 1, Sum: 1, Workers: 12
[0.986s][debug][gc,phases         ] GC(65)     Code Root Scan (ms):           Min:  0.0, Avg:  0.0, Max:  0.0, Diff:  0.0, Sum:  0.0, Workers: 12
[0.986s][debug][gc,phases         ] GC(65)     Object Copy (ms):              Min:  0.0, Avg:  0.1, Max:  0.2, Diff:  0.2, Sum:  0.7, Workers: 12
[0.986s][debug][gc,phases         ] GC(65)     Termination (ms):              Min:  0.1, Avg:  0.3, Max:  0.3, Diff:  0.2, Sum:  3.1, Workers: 12
[0.986s][debug][gc,phases         ] GC(65)       Termination Attempts:          Min: 1, Avg:  1.2, Max: 2, Diff: 1, Sum: 14, Workers: 12
[0.986s][debug][gc,phases         ] GC(65)     GC Worker Other (ms):          Min:  0.0, Avg:  0.0, Max:  0.0, Diff:  0.0, Sum:  0.1, Workers: 12
[0.986s][debug][gc,phases         ] GC(65)     GC Worker Total (ms):          Min:  0.3, Avg:  0.3, Max:  0.5, Diff:  0.2, Sum:  4.0, Workers: 12
[0.986s][info ][gc,phases         ] GC(65)   Post Evacuate Collection Set: 0.4ms
[0.986s][debug][gc,phases         ] GC(65)     Code Roots Fixup: 0.0ms
[0.986s][debug][gc,phases         ] GC(65)     Reference Processing: 0.0ms
[0.986s][debug][gc,phases,ref     ] GC(65)       Reconsider SoftReferences: 0.0ms
[0.986s][debug][gc,phases,ref     ] GC(65)         SoftRef (ms):                  skipped
[0.986s][debug][gc,phases,ref     ] GC(65)       Notify Soft/WeakReferences: 0.0ms
[0.986s][debug][gc,phases,ref     ] GC(65)         SoftRef (ms):                  skipped
[0.986s][debug][gc,phases,ref     ] GC(65)         WeakRef (ms):                  skipped
[0.986s][debug][gc,phases,ref     ] GC(65)         FinalRef (ms):                 skipped
[0.986s][debug][gc,phases,ref     ] GC(65)         Total (ms):                    skipped
[0.986s][debug][gc,phases,ref     ] GC(65)       Notify and keep alive finalizable: 0.0ms
[0.986s][debug][gc,phases,ref     ] GC(65)         FinalRef (ms):                 skipped
[0.986s][debug][gc,phases,ref     ] GC(65)       Notify PhantomReferences: 0.0ms
[0.986s][debug][gc,phases,ref     ] GC(65)         PhantomRef (ms):               skipped
[0.986s][debug][gc,phases,ref     ] GC(65)       SoftReference:
[0.986s][debug][gc,phases,ref     ] GC(65)         Discovered: 0
[0.986s][debug][gc,phases,ref     ] GC(65)         Cleared: 0
[0.986s][debug][gc,phases,ref     ] GC(65)       WeakReference:
[0.986s][debug][gc,phases,ref     ] GC(65)         Discovered: 0
[0.986s][debug][gc,phases,ref     ] GC(65)         Cleared: 0
[0.986s][debug][gc,phases,ref     ] GC(65)       FinalReference:
[0.986s][debug][gc,phases,ref     ] GC(65)         Discovered: 0
[0.986s][debug][gc,phases,ref     ] GC(65)         Cleared: 0
[0.986s][debug][gc,phases,ref     ] GC(65)       PhantomReference:
[0.986s][debug][gc,phases,ref     ] GC(65)         Discovered: 0
[0.986s][debug][gc,phases,ref     ] GC(65)         Cleared: 0
[0.986s][debug][gc,phases         ] GC(65)     Weak Processing: 0.0ms
[0.986s][debug][gc,phases         ] GC(65)       VM Weak                        Min:  0.0, Avg:  0.0, Max:  0.0, Diff:  0.0, Sum:  0.0, Workers: 1
[0.986s][debug][gc,phases         ] GC(65)         Dead                           Min: 0, Avg:  0.0, Max: 0, Diff: 0, Sum: 0, Workers: 1
[0.986s][debug][gc,phases         ] GC(65)         Total                          Min: 4, Avg:  4.0, Max: 4, Diff: 0, Sum: 4, Workers: 1
[0.986s][debug][gc,phases         ] GC(65)       ObjectSynchronizer Weak        Min:  0.0, Avg:  0.0, Max:  0.0, Diff:  0.0, Sum:  0.0, Workers: 1
[0.986s][debug][gc,phases         ] GC(65)         Dead                           Min: 0, Avg:  0.0, Max: 0, Diff: 0, Sum: 0, Workers: 1
[0.986s][debug][gc,phases         ] GC(65)         Total                          Min: 4, Avg:  4.0, Max: 4, Diff: 0, Sum: 4, Workers: 1
[0.986s][debug][gc,phases         ] GC(65)       JVMTI Tag Weak OopStorage      Min:  0.0, Avg:  0.0, Max:  0.0, Diff:  0.0, Sum:  0.0, Workers: 1
[0.986s][debug][gc,phases         ] GC(65)         Dead                           Min: 0, Avg:  0.0, Max: 0, Diff: 0, Sum: 0, Workers: 1
[0.986s][debug][gc,phases         ] GC(65)         Total                          Min: 0, Avg:  0.0, Max: 0, Diff: 0, Sum: 0, Workers: 1
[0.986s][debug][gc,phases         ] GC(65)       StringTable Weak               Min:  0.0, Avg:  0.0, Max:  0.0, Diff:  0.0, Sum:  0.0, Workers: 1
[0.986s][debug][gc,phases         ] GC(65)         Dead                           Min: 0, Avg:  0.0, Max: 0, Diff: 0, Sum: 0, Workers: 1
[0.986s][debug][gc,phases         ] GC(65)         Total                          Min: 39, Avg: 39.0, Max: 39, Diff: 0, Sum: 39, Workers: 1
[0.986s][debug][gc,phases         ] GC(65)       ResolvedMethodTable Weak       Min:  0.0, Avg:  0.0, Max:  0.0, Diff:  0.0, Sum:  0.0, Workers: 1
[0.986s][debug][gc,phases         ] GC(65)         Dead                           Min: 0, Avg:  0.0, Max: 0, Diff: 0, Sum: 0, Workers: 1
[0.986s][debug][gc,phases         ] GC(65)         Total                          Min: 22, Avg: 22.0, Max: 22, Diff: 0, Sum: 22, Workers: 1
[0.986s][debug][gc,phases         ] GC(65)       JNI Weak                       Min:  0.0, Avg:  0.0, Max:  0.0, Diff:  0.0, Sum:  0.0, Workers: 1
[0.986s][debug][gc,phases         ] GC(65)         Dead                           Min: 0, Avg:  0.0, Max: 0, Diff: 0, Sum: 0, Workers: 1
[0.986s][debug][gc,phases         ] GC(65)         Total                          Min: 0, Avg:  0.0, Max: 0, Diff: 0, Sum: 0, Workers: 1
[0.986s][debug][gc,phases         ] GC(65)       StringDedup Table Weak         Min:  0.0, Avg:  0.0, Max:  0.0, Diff:  0.0, Sum:  0.0, Workers: 1
[0.986s][debug][gc,phases         ] GC(65)         Dead                           Min: 0, Avg:  0.0, Max: 0, Diff: 0, Sum: 0, Workers: 1
[0.986s][debug][gc,phases         ] GC(65)         Total                          Min: 0, Avg:  0.0, Max: 0, Diff: 0, Sum: 0, Workers: 1
[0.986s][debug][gc,phases         ] GC(65)       StringDedup Requests0 Weak     Min:  0.0, Avg:  0.0, Max:  0.0, Diff:  0.0, Sum:  0.0, Workers: 1
[0.986s][debug][gc,phases         ] GC(65)         Dead                           Min: 0, Avg:  0.0, Max: 0, Diff: 0, Sum: 0, Workers: 1
[0.986s][debug][gc,phases         ] GC(65)         Total                          Min: 0, Avg:  0.0, Max: 0, Diff: 0, Sum: 0, Workers: 1
[0.986s][debug][gc,phases         ] GC(65)       StringDedup Requests1 Weak     Min:  0.0, Avg:  0.0, Max:  0.0, Diff:  0.0, Sum:  0.0, Workers: 1
[0.986s][debug][gc,phases         ] GC(65)         Dead                           Min: 0, Avg:  0.0, Max: 0, Diff: 0, Sum: 0, Workers: 1
[0.986s][debug][gc,phases         ] GC(65)         Total                          Min: 0, Avg:  0.0, Max: 0, Diff: 0, Sum: 0, Workers: 1
[0.986s][debug][gc,phases         ] GC(65)       Weak JFR Old Object Samples    Min:  0.0, Avg:  0.0, Max:  0.0, Diff:  0.0, Sum:  0.0, Workers: 1
[0.986s][debug][gc,phases         ] GC(65)         Dead                           Min: 0, Avg:  0.0, Max: 0, Diff: 0, Sum: 0, Workers: 1
[0.986s][debug][gc,phases         ] GC(65)         Total                          Min: 0, Avg:  0.0, Max: 0, Diff: 0, Sum: 0, Workers: 1
[0.986s][debug][gc,phases         ] GC(65)     Post Evacuate Cleanup 1: 0.1ms
[0.986s][debug][gc,phases         ] GC(65)       Merge Per-Thread State (ms):   Min:  0.0, Avg:  0.0, Max:  0.0, Diff:  0.0, Sum:  0.0, Workers: 1
[0.986s][debug][gc,phases         ] GC(65)         Copied Bytes                   Min: 0, Avg: 81940.0, Max: 262208, Diff: 262208, Sum: 983280, Workers: 12
[0.986s][debug][gc,phases         ] GC(65)         LAB Waste                      Min: 0, Avg:  0.0, Max: 0, Diff: 0, Sum: 0, Workers: 12
[0.986s][debug][gc,phases         ] GC(65)         LAB Undo Waste                 Min: 0, Avg:  0.0, Max: 0, Diff: 0, Sum: 0, Workers: 12
[0.986s][debug][gc,phases         ] GC(65)       Clear Logged Cards (ms):       Min:  0.0, Avg:  0.0, Max:  0.0, Diff:  0.0, Sum:  0.0, Workers: 5
[0.986s][debug][gc,phases         ] GC(65)       Recalculate Used Memory (ms):  Min:  0.0, Avg:  0.0, Max:  0.0, Diff:  0.0, Sum:  0.0, Workers: 1
[0.986s][debug][gc,phases         ] GC(65)       Remove Self Forwards (ms):     Min:  0.0, Avg:  0.0, Max:  0.0, Diff:  0.0, Sum:  0.0, Workers: 5
[0.986s][debug][gc,phases         ] GC(65)     Post Evacuate Cleanup 2: 0.1ms
[0.986s][debug][gc,phases         ] GC(65)       Recalculate Used Memory (ms):  Min:  0.0, Avg:  0.0, Max:  0.0, Diff:  0.0, Sum:  0.0, Workers: 1
[0.986s][debug][gc,phases         ] GC(65)       Restore Preserved Marks (ms):  Min:  0.0, Avg:  0.0, Max:  0.0, Diff:  0.0, Sum:  0.0, Workers: 12
[0.986s][debug][gc,phases         ] GC(65)       Reset Hot Card Cache (ms):     Min:  0.0, Avg:  0.0, Max:  0.0, Diff:  0.0, Sum:  0.0, Workers: 1
[0.986s][debug][gc,phases         ] GC(65)       Purge Code Roots (ms):         Min:  0.0, Avg:  0.0, Max:  0.0, Diff:  0.0, Sum:  0.0, Workers: 1
[0.986s][debug][gc,phases         ] GC(65)       Update Derived Pointers (ms):  Min:  0.0, Avg:  0.0, Max:  0.0, Diff:  0.0, Sum:  0.0, Workers: 1
[0.986s][debug][gc,phases         ] GC(65)       Eagerly Reclaim Humongous Objects (ms): Min:  0.0, Avg:  0.0, Max:  0.0, Diff:  0.0, Sum:  0.0, Workers: 1
[0.986s][debug][gc,phases         ] GC(65)         Humongous Total                Min: 33, Avg: 33.0, Max: 33, Diff: 0, Sum: 33, Workers: 1
[0.986s][debug][gc,phases         ] GC(65)         Humongous Candidates           Min: 0, Avg:  0.0, Max: 0, Diff: 0, Sum: 0, Workers: 1
[0.986s][debug][gc,phases         ] GC(65)         Humongous Reclaimed            Min: 0, Avg:  0.0, Max: 0, Diff: 0, Sum: 0, Workers: 1
[0.986s][debug][gc,phases         ] GC(65)       Redirty Logged Cards (ms):     Min:  0.0, Avg:  0.0, Max:  0.0, Diff:  0.0, Sum:  0.0, Workers: 12
[0.986s][debug][gc,phases         ] GC(65)         Redirtied Cards:               Min: 0, Avg:  0.7, Max: 8, Diff: 8, Sum: 8, Workers: 12
[0.986s][debug][gc,phases         ] GC(65)       Free Collection Set (ms):      Min:  0.0, Avg:  0.0, Max:  0.0, Diff:  0.0, Sum:  0.0, Workers: 12
[0.986s][debug][gc,phases         ] GC(65)     Rebuild Free List: 0.2ms
[0.986s][debug][gc,phases         ] GC(65)     Start New Collection Set: 0.0ms
[0.986s][debug][gc,phases         ] GC(65)     Resize TLABs: 0.0ms
[0.986s][debug][gc,phases         ] GC(65)     Expand Heap After Collection: 0.0ms
[0.986s][info ][gc,phases         ] GC(65)   Other: 0.1ms
[0.986s][info ][gc,heap           ] GC(65) Eden regions: 2->0(11)
[0.986s][info ][gc,heap           ] GC(65) Survivor regions: 0->1(1)
[0.986s][info ][gc,heap           ] GC(65) Old regions: 158->160
[0.986s][info ][gc,heap           ] GC(65) Archive regions: 2->2
[0.986s][info ][gc,heap           ] GC(65) Humongous regions: 93->93
[0.986s][info ][gc,metaspace      ] GC(65) Metaspace: 136K(320K)->136K(320K) NonClass: 131K(192K)->131K(192K) Class: 5K(128K)->5K(128K)
[0.986s][debug][gc,heap           ] GC(65) Heap after GC invocations=61 (full 9):
[0.986s][debug][gc,heap           ] GC(65)  garbage-first heap   total 262144K, used 250146K [0x00000000f0000000, 0x0000000100000000)
[0.986s][debug][gc,heap           ] GC(65)   region size 1024K, 1 young (1024K), 1 survivors (1024K)
[0.986s][debug][gc,heap           ] GC(65)  Metaspace       used 136K, committed 320K, reserved 1114112K
[0.986s][debug][gc,heap           ] GC(65)   class space    used 5K, committed 128K, reserved 1048576K
[0.986s][info ][gc                ] GC(65) Pause Young (Normal) (G1 Preventive Collection) 243M->244M(256M) 2.210ms
[0.986s][info ][gc,cpu            ] GC(65) User=0.00s Sys=0.00s Real=0.01s
[0.986s][debug][gc,ergo,heap      ] Attempt heap expansion (allocation request failed). Allocation request: 65552B
[0.986s][debug][gc,ergo,heap      ] Expand the heap. requested expansion amount: 1048576B expansion amount: 1048576B
[0.986s][debug][gc,ergo,heap      ] Did not expand the heap (heap already fully expanded)
[0.986s][info ][gc,ergo           ] Attempting full compaction
[0.986s][debug][gc,task           ] GC(66) Requesting 9 active workers for full compaction (waste limited workers: 13, adaptive workers: 9, used limited workers: 256)
[0.986s][info ][gc,task           ] GC(66) Using 9 workers of 13 for full compaction
[0.987s][info ][gc,start          ] GC(66) Pause Full (G1 Compaction Pause)
[0.987s][debug][gc,heap           ] GC(66) Heap before GC invocations=61 (full 9):
[0.987s][debug][gc,heap           ] GC(66)  garbage-first heap   total 262144K, used 250146K [0x00000000f0000000, 0x0000000100000000)
[0.987s][debug][gc,heap           ] GC(66)   region size 1024K, 1 young (1024K), 1 survivors (1024K)
[0.987s][debug][gc,heap           ] GC(66)  Metaspace       used 136K, committed 320K, reserved 1114112K
[0.987s][debug][gc,heap           ] GC(66)   class space    used 5K, committed 128K, reserved 1048576K
[0.987s][debug][gc,alloc,region   ] GC(66) Mutator Allocation stats, regions: 0, wasted size: 0B ( 0.0%)
[0.987s][info ][gc,phases,start   ] GC(66) Phase 1: Mark live objects
[0.987s][debug][gc,phases,start   ] GC(66) Phase 1: Reference Processing
[0.987s][debug][gc,ref            ] GC(66) Skipped phase 1 of Reference Processing: no references
[0.987s][debug][gc,ref            ] GC(66) ReferenceProcessor::execute queues: 1, RefProcThreadModel::Single, marks_oops_alive: false
[0.987s][debug][gc,ref            ] GC(66) Skipped phase 3 of Reference Processing: no references
[0.987s][debug][gc,ref            ] GC(66) ReferenceProcessor::execute queues: 1, RefProcThreadModel::Single, marks_oops_alive: false
[0.987s][debug][gc,phases,ref     ] GC(66) Reference Processing: 0.1ms
[0.987s][debug][gc,phases,ref     ] GC(66)   Reconsider SoftReferences: 0.0ms
[0.987s][debug][gc,phases,ref     ] GC(66)     SoftRef (ms):                  skipped
[0.987s][debug][gc,phases,ref     ] GC(66)   Notify Soft/WeakReferences: 0.1ms
[0.987s][debug][gc,phases,ref     ] GC(66)     SoftRef (ms):                  Min:  0.0, Avg:  0.0, Max:  0.0, Diff:  0.0, Sum:  0.0, Workers: 13
[0.987s][debug][gc,phases,ref     ] GC(66)     WeakRef (ms):                  Min:  0.0, Avg:  0.0, Max:  0.0, Diff:  0.0, Sum:  0.0, Workers: 13
[0.987s][debug][gc,phases,ref     ] GC(66)     FinalRef (ms):                 Min:  0.0, Avg:  0.0, Max:  0.0, Diff:  0.0, Sum:  0.0, Workers: 13
[0.987s][debug][gc,phases,ref     ] GC(66)     Total (ms):                    Min:  0.0, Avg:  0.0, Max:  0.0, Diff:  0.0, Sum:  0.0, Workers: 13
[0.987s][debug][gc,phases,ref     ] GC(66)   Notify and keep alive finalizable: 0.0ms
[0.987s][debug][gc,phases,ref     ] GC(66)     FinalRef (ms):                 skipped
[0.987s][debug][gc,phases,ref     ] GC(66)   Notify PhantomReferences: 0.0ms
[0.987s][debug][gc,phases,ref     ] GC(66)     PhantomRef (ms):               Min:  0.0, Avg:  0.0, Max:  0.0, Diff:  0.0, Sum:  0.0, Workers: 13
[0.987s][debug][gc,phases,ref     ] GC(66)   SoftReference:
[0.987s][debug][gc,phases,ref     ] GC(66)     Discovered: 0
[0.987s][debug][gc,phases,ref     ] GC(66)     Cleared: 0
[0.987s][debug][gc,phases,ref     ] GC(66)   WeakReference:
[0.987s][debug][gc,phases,ref     ] GC(66)     Discovered: 15
[0.987s][debug][gc,phases,ref     ] GC(66)     Cleared: 15
[0.987s][debug][gc,phases,ref     ] GC(66)   FinalReference:
[0.987s][debug][gc,phases,ref     ] GC(66)     Discovered: 0
[0.987s][debug][gc,phases,ref     ] GC(66)     Cleared: 0
[0.987s][debug][gc,phases,ref     ] GC(66)   PhantomReference:
[0.987s][debug][gc,phases,ref     ] GC(66)     Discovered: 1
[0.987s][debug][gc,phases,ref     ] GC(66)     Cleared: 1
[0.987s][debug][gc,phases         ] GC(66) Phase 1: Reference Processing 0.172ms
[0.987s][debug][gc,phases,start   ] GC(66) Phase 1: Weak Processing
[0.987s][debug][gc,phases         ] GC(66)   VM Weak                        Min:  0.0, Avg:  0.0, Max:  0.0, Diff:  0.0, Sum:  0.0, Workers: 1
[0.987s][debug][gc,phases         ] GC(66)     Dead                           Min: 0, Avg:  0.0, Max: 0, Diff: 0, Sum: 0, Workers: 1
[0.987s][debug][gc,phases         ] GC(66)     Total                          Min: 4, Avg:  4.0, Max: 4, Diff: 0, Sum: 4, Workers: 1
[0.987s][debug][gc,phases         ] GC(66)   ObjectSynchronizer Weak        Min:  0.0, Avg:  0.0, Max:  0.0, Diff:  0.0, Sum:  0.0, Workers: 1
[0.987s][debug][gc,phases         ] GC(66)     Dead                           Min: 0, Avg:  0.0, Max: 0, Diff: 0, Sum: 0, Workers: 1
[0.987s][debug][gc,phases         ] GC(66)     Total                          Min: 4, Avg:  4.0, Max: 4, Diff: 0, Sum: 4, Workers: 1
[0.987s][debug][gc,phases         ] GC(66)   JVMTI Tag Weak OopStorage      Min:  0.0, Avg:  0.0, Max:  0.0, Diff:  0.0, Sum:  0.0, Workers: 1
[0.987s][debug][gc,phases         ] GC(66)     Dead                           Min: 0, Avg:  0.0, Max: 0, Diff: 0, Sum: 0, Workers: 1
[0.987s][debug][gc,phases         ] GC(66)     Total                          Min: 0, Avg:  0.0, Max: 0, Diff: 0, Sum: 0, Workers: 1
[0.987s][debug][gc,phases         ] GC(66)   StringTable Weak               Min:  0.0, Avg:  0.0, Max:  0.0, Diff:  0.0, Sum:  0.0, Workers: 1
[0.987s][debug][gc,phases         ] GC(66)     Dead                           Min: 0, Avg:  0.0, Max: 0, Diff: 0, Sum: 0, Workers: 1
[0.987s][debug][gc,phases         ] GC(66)     Total                          Min: 39, Avg: 39.0, Max: 39, Diff: 0, Sum: 39, Workers: 1
[0.987s][debug][gc,phases         ] GC(66)   ResolvedMethodTable Weak       Min:  0.0, Avg:  0.0, Max:  0.0, Diff:  0.0, Sum:  0.0, Workers: 1
[0.987s][debug][gc,phases         ] GC(66)     Dead                           Min: 0, Avg:  0.0, Max: 0, Diff: 0, Sum: 0, Workers: 1
[0.987s][debug][gc,phases         ] GC(66)     Total                          Min: 22, Avg: 22.0, Max: 22, Diff: 0, Sum: 22, Workers: 1
[0.988s][debug][gc,phases         ] GC(66)   JNI Weak                       Min:  0.0, Avg:  0.0, Max:  0.0, Diff:  0.0, Sum:  0.0, Workers: 1
[0.988s][debug][gc,phases         ] GC(66)     Dead                           Min: 0, Avg:  0.0, Max: 0, Diff: 0, Sum: 0, Workers: 1
[0.988s][debug][gc,phases         ] GC(66)     Total                          Min: 0, Avg:  0.0, Max: 0, Diff: 0, Sum: 0, Workers: 1
[0.988s][debug][gc,phases         ] GC(66)   StringDedup Table Weak         Min:  0.0, Avg:  0.0, Max:  0.0, Diff:  0.0, Sum:  0.0, Workers: 1
[0.988s][debug][gc,phases         ] GC(66)     Dead                           Min: 0, Avg:  0.0, Max: 0, Diff: 0, Sum: 0, Workers: 1
[0.988s][debug][gc,phases         ] GC(66)     Total                          Min: 0, Avg:  0.0, Max: 0, Diff: 0, Sum: 0, Workers: 1
[0.988s][debug][gc,phases         ] GC(66)   StringDedup Requests0 Weak     Min:  0.0, Avg:  0.0, Max:  0.0, Diff:  0.0, Sum:  0.0, Workers: 1
[0.988s][debug][gc,phases         ] GC(66)     Dead                           Min: 0, Avg:  0.0, Max: 0, Diff: 0, Sum: 0, Workers: 1
[0.988s][debug][gc,phases         ] GC(66)     Total                          Min: 0, Avg:  0.0, Max: 0, Diff: 0, Sum: 0, Workers: 1
[0.988s][debug][gc,phases         ] GC(66)   StringDedup Requests1 Weak     Min:  0.0, Avg:  0.0, Max:  0.0, Diff:  0.0, Sum:  0.0, Workers: 1
[0.988s][debug][gc,phases         ] GC(66)     Dead                           Min: 0, Avg:  0.0, Max: 0, Diff: 0, Sum: 0, Workers: 1
[0.988s][debug][gc,phases         ] GC(66)     Total                          Min: 0, Avg:  0.0, Max: 0, Diff: 0, Sum: 0, Workers: 1
[0.988s][debug][gc,phases         ] GC(66)   Weak JFR Old Object Samples    Min:  0.0, Avg:  0.0, Max:  0.0, Diff:  0.0, Sum:  0.0, Workers: 1
[0.988s][debug][gc,phases         ] GC(66)     Dead                           Min: 0, Avg:  0.0, Max: 0, Diff: 0, Sum: 0, Workers: 1
[0.988s][debug][gc,phases         ] GC(66)     Total                          Min: 0, Avg:  0.0, Max: 0, Diff: 0, Sum: 0, Workers: 1
[0.988s][debug][gc,phases         ] GC(66) Phase 1: Weak Processing 0.191ms
[0.988s][debug][gc,phases,start   ] GC(66) Phase 1: Class Unloading and Cleanup
[0.988s][debug][gc,phases,start   ] GC(66) ClassLoaderData
[0.988s][debug][gc,phases         ] GC(66) ClassLoaderData 0.004ms
[0.988s][debug][gc,phases,start   ] GC(66) Trigger cleanups
[0.988s][debug][gc,phases         ] GC(66) Trigger cleanups 0.003ms
[0.988s][debug][gc,phases         ] GC(66) Phase 1: Class Unloading and Cleanup 0.126ms
[0.988s][debug][gc,phases,start   ] GC(66) Report Object Count
[0.988s][debug][gc,phases         ] GC(66) Report Object Count 0.004ms
[0.988s][info ][gc,phases         ] GC(66) Phase 1: Mark live objects 1.188ms
[0.988s][info ][gc,phases,start   ] GC(66) Phase 2: Prepare for compaction
[0.988s][debug][gc,phases,start   ] GC(66) Phase 2: Prepare Serial Compaction
[0.988s][debug][gc,phases         ] GC(66) Phase 2: Prepare Serial Compaction 0.026ms
[0.988s][info ][gc,phases         ] GC(66) Phase 2: Prepare for compaction 0.212ms
[0.988s][info ][gc,phases,start   ] GC(66) Phase 3: Adjust pointers
[0.988s][info ][gc,phases         ] GC(66) Phase 3: Adjust pointers 0.339ms
[0.988s][info ][gc,phases,start   ] GC(66) Phase 4: Compact heap
[0.993s][debug][gc,phases,start   ] GC(66) Phase 4: Serial Compaction
[0.993s][debug][gc,phases         ] GC(66) Phase 4: Serial Compaction 0.396ms
[0.993s][info ][gc,phases         ] GC(66) Phase 4: Compact heap 4.634ms
[0.993s][debug][gc,ergo           ] GC(66) Running G1 Clear Bitmap with 4 workers for 4 work units.
[0.993s][debug][gc,ergo,ihop      ] GC(66) Request concurrent cycle initiation (occupancy higher than threshold) occupancy: 266338304B allocation request: 0B threshold: 204585576B (76.21) source: end of Full GC
[0.993s][debug][gc,alloc,stats    ] Old generation allocation in the last mutator period, old gen allocated: 0B, humongous allocated: 0B,old gen growth: 0B.
[0.993s][info ][gc,heap           ] GC(66) Eden regions: 0->0(12)
[0.993s][info ][gc,heap           ] GC(66) Survivor regions: 1->0(1)
[0.993s][info ][gc,heap           ] GC(66) Old regions: 160->159
[0.993s][info ][gc,heap           ] GC(66) Archive regions: 2->2
[0.993s][info ][gc,heap           ] GC(66) Humongous regions: 93->93
[0.993s][info ][gc,metaspace      ] GC(66) Metaspace: 136K(320K)->136K(320K) NonClass: 131K(192K)->131K(192K) Class: 5K(128K)->5K(128K)
[0.993s][debug][gc,heap           ] GC(66) Heap after GC invocations=62 (full 10):
[0.993s][debug][gc,heap           ] GC(66)  garbage-first heap   total 262144K, used 248227K [0x00000000f0000000, 0x0000000100000000)
[0.993s][debug][gc,heap           ] GC(66)   region size 1024K, 0 young (0K), 0 survivors (0K)
[0.993s][debug][gc,heap           ] GC(66)  Metaspace       used 136K, committed 320K, reserved 1114112K
[0.993s][debug][gc,heap           ] GC(66)   class space    used 5K, committed 128K, reserved 1048576K
[0.993s][info ][gc                ] GC(66) Pause Full (G1 Compaction Pause) 244M->242M(256M) 6.835ms
[0.993s][info ][gc,cpu            ] GC(66) User=0.02s Sys=0.00s Real=0.01s
[0.996s][debug][gc,ergo,cset      ] Preventive GC, insufficient free regions. Predicted need 1. Curr Eden 1 (Pred 1). Curr Survivor 0 (Pred 0). Curr Old 159 (Pred 0) Free 1 Alloc 1
[0.996s][debug][gc,heap           ] GC(67) Heap before GC invocations=62 (full 10):
[0.996s][debug][gc,heap           ] GC(67)  garbage-first heap   total 262144K, used 248227K [0x00000000f0000000, 0x0000000100000000)
[0.996s][debug][gc,heap           ] GC(67)   region size 1024K, 1 young (1024K), 0 survivors (0K)
[0.996s][debug][gc,heap           ] GC(67)  Metaspace       used 136K, committed 320K, reserved 1114112K
[0.996s][debug][gc,heap           ] GC(67)   class space    used 5K, committed 128K, reserved 1048576K
[0.996s][debug][gc,ergo           ] GC(67) Initiate concurrent cycle (concurrent cycle initiation requested)
[0.996s][info ][gc,start          ] GC(67) Pause Young (Concurrent Start) (G1 Preventive Collection)
[0.996s][info ][gc,task           ] GC(67) Using 12 workers of 13 for evacuation
[0.996s][debug][gc,tlab           ] GC(67) TLAB totals: thrds: 5  refills: 5 max: 1 slow allocs: 7 max 2 waste: 41.5% gc: 232456B max: 47024B slow: 0B max: 0B
[0.996s][debug][gc,age            ] GC(67) Desired survivor size 1048576 bytes, new threshold 15 (max threshold 15)
[0.996s][debug][gc,refine,stats   ] GC(67) Mutator refinement: 0.00ms, refined: 0, precleaned: 0, dirtied: 11
[0.996s][debug][gc,refine,stats   ] GC(67) Concurrent refinement: 0.00ms, refined: 0, precleaned: 0, dirtied: 0
[0.996s][debug][gc,refine,stats   ] GC(67) Total refinement: 0.00ms, refined: 0, precleaned: 0, dirtied: 11
[0.996s][debug][gc,refine,stats   ] GC(67) Generate dirty cards rate: 0.19 cards/ms
[0.996s][debug][gc,alloc,region   ] GC(67) Mutator Allocation stats, regions: 1, wasted size: 0B ( 0.0%)
[0.996s][debug][gc,humongous      ] GC(67) Humongous region 0 (object size 1048592 @ 0x00000000f0000000) remset 0 code roots 0 marked 0 reclaim candidate 0 type array 1
[0.996s][debug][gc,humongous      ] GC(67) Humongous region 2 (object size 1048592 @ 0x00000000f0200000) remset 0 code roots 0 marked 0 reclaim candidate 0 type array 1
[0.996s][debug][gc,humongous      ] GC(67) Humongous region 4 (object size 1048592 @ 0x00000000f0400000) remset 0 code roots 0 marked 0 reclaim candidate 0 type array 1
[0.996s][debug][gc,humongous      ] GC(67) Humongous region 6 (object size 1048592 @ 0x00000000f0600000) remset 0 code roots 0 marked 0 reclaim candidate 0 type array 1
[0.996s][debug][gc,humongous      ] GC(67) Humongous region 8 (object size 1048592 @ 0x00000000f0800000) remset 0 code roots 0 marked 0 reclaim candidate 0 type array 1
[0.996s][debug][gc,humongous      ] GC(67) Humongous region 10 (object size 1048592 @ 0x00000000f0a00000) remset 0 code roots 0 marked 0 reclaim candidate 0 type array 1
[0.996s][debug][gc,humongous      ] GC(67) Humongous region 42 (object size 1048592 @ 0x00000000f2a00000) remset 0 code roots 0 marked 0 reclaim candidate 0 type array 1
[0.996s][debug][gc,humongous      ] GC(67) Humongous region 64 (object size 1048592 @ 0x00000000f4000000) remset 0 code roots 0 marked 0 reclaim candidate 0 type array 1
[0.996s][debug][gc,humongous      ] GC(67) Humongous region 60 (object size 1048592 @ 0x00000000f3c00000) remset 0 code roots 0 marked 0 reclaim candidate 0 type array 1
[0.996s][debug][gc,humongous      ] GC(67) Humongous region 126 (object size 1048592 @ 0x00000000f7e00000) remset 0 code roots 0 marked 0 reclaim candidate 0 type array 1
[0.996s][debug][gc,humongous      ] GC(67) Humongous region 205 (object size 1048592 @ 0x00000000fcd00000) remset 0 code roots 0 marked 0 reclaim candidate 0 type array 1
[0.996s][debug][gc,humongous      ] GC(67) Humongous region 216 (object size 10485776 @ 0x00000000fd800000) remset 0 code roots 0 marked 0 reclaim candidate 0 type array 1
[0.996s][debug][gc,humongous      ] GC(67) Humongous region 14 (object size 1048592 @ 0x00000000f0e00000) remset 0 code roots 0 marked 0 reclaim candidate 0 type array 1
[0.996s][debug][gc,humongous      ] GC(67) Humongous region 83 (object size 1048592 @ 0x00000000f5300000) remset 0 code roots 0 marked 0 reclaim candidate 0 type array 1
[0.996s][debug][gc,humongous      ] GC(67) Humongous region 20 (object size 1048592 @ 0x00000000f1400000) remset 0 code roots 0 marked 0 reclaim candidate 0 type array 1
[0.996s][debug][gc,humongous      ] GC(67) Humongous region 159 (object size 10485776 @ 0x00000000f9f00000) remset 0 code roots 0 marked 0 reclaim candidate 0 type array 1
[0.996s][debug][gc,humongous      ] GC(67) Humongous region 28 (object size 1048592 @ 0x00000000f1c00000) remset 0 code roots 0 marked 0 reclaim candidate 0 type array 1
[0.996s][debug][gc,humongous      ] GC(67) Humongous region 238 (object size 1048592 @ 0x00000000fee00000) remset 0 code roots 0 marked 0 reclaim candidate 0 type array 1
[0.996s][debug][gc,humongous      ] GC(67) Humongous region 30 (object size 1048592 @ 0x00000000f1e00000) remset 0 code roots 0 marked 0 reclaim candidate 0 type array 1
[0.996s][debug][gc,humongous      ] GC(67) Humongous region 244 (object size 1048592 @ 0x00000000ff400000) remset 0 code roots 0 marked 0 reclaim candidate 0 type array 1
[0.996s][debug][gc,humongous      ] GC(67) Humongous region 12 (object size 1048592 @ 0x00000000f0c00000) remset 0 code roots 0 marked 0 reclaim candidate 0 type array 1
[0.996s][debug][gc,humongous      ] GC(67) Humongous region 36 (object size 1048592 @ 0x00000000f2400000) remset 0 code roots 0 marked 0 reclaim candidate 0 type array 1
[0.996s][debug][gc,humongous      ] GC(67) Humongous region 16 (object size 1048592 @ 0x00000000f1000000) remset 0 code roots 0 marked 0 reclaim candidate 0 type array 1
[0.996s][debug][gc,humongous      ] GC(67) Humongous region 18 (object size 1048592 @ 0x00000000f1200000) remset 0 code roots 0 marked 0 reclaim candidate 0 type array 1
[0.996s][debug][gc,humongous      ] GC(67) Humongous region 22 (object size 1048592 @ 0x00000000f1600000) remset 0 code roots 0 marked 0 reclaim candidate 0 type array 1
[0.996s][debug][gc,humongous      ] GC(67) Humongous region 24 (object size 1048592 @ 0x00000000f1800000) remset 0 code roots 0 marked 0 reclaim candidate 0 type array 1
[0.996s][debug][gc,humongous      ] GC(67) Humongous region 203 (object size 1048592 @ 0x00000000fcb00000) remset 0 code roots 0 marked 0 reclaim candidate 0 type array 1
[0.996s][debug][gc,humongous      ] GC(67) Humongous region 32 (object size 1048592 @ 0x00000000f2000000) remset 0 code roots 0 marked 0 reclaim candidate 0 type array 1
[0.996s][debug][gc,humongous      ] GC(67) Humongous region 34 (object size 1048592 @ 0x00000000f2200000) remset 0 code roots 0 marked 0 reclaim candidate 0 type array 1
[0.996s][debug][gc,humongous      ] GC(67) Humongous region 249 (object size 1048592 @ 0x00000000ff900000) remset 0 code roots 0 marked 0 reclaim candidate 0 type array 1
[0.996s][debug][gc,humongous      ] GC(67) Humongous region 38 (object size 1048592 @ 0x00000000f2600000) remset 0 code roots 0 marked 0 reclaim candidate 0 type array 1
[0.996s][debug][gc,humongous      ] GC(67) Humongous region 26 (object size 1048592 @ 0x00000000f1a00000) remset 0 code roots 0 marked 0 reclaim candidate 0 type array 1
[0.996s][debug][gc,humongous      ] GC(67) Humongous region 85 (object size 10485776 @ 0x00000000f5500000) remset 0 code roots 0 marked 0 reclaim candidate 0 type array 1
[0.996s][debug][gc,ergo           ] GC(67) Running G1 Merge Heap Roots using 12 workers for 1 regions
[0.997s][debug][gc,remset         ] GC(67) Visited cards 32 Total dirty 2048 (1.56%) Total old 524288 (0.01%)
[0.997s][debug][gc,ref            ] GC(67) Skipped phase 1 of Reference Processing: no references
[0.997s][debug][gc,ref            ] GC(67) Skipped phase 2 of Reference Processing: no references
[0.997s][debug][gc,ref            ] GC(67) Skipped phase 3 of Reference Processing: no references
[0.997s][debug][gc,ref            ] GC(67) Skipped phase 4 of Reference Processing: no references
[0.997s][debug][gc,ergo           ] GC(67) Running G1 Rebuild Free List Task using 12 workers for rebuilding free list of regions
[0.998s][debug][gc,plab           ] GC(67) Young PLAB allocation: allocated: 0B, wasted: 0B, unused: 0B, used: 0B, undo waste: 0B, 
[0.998s][debug][gc,plab           ] GC(67) Young other allocation: region end waste: 0B, regions filled: 1, direct allocated: 786624B, failure used: 0B, failure wasted: 0B
[0.998s][debug][gc,plab           ] GC(67) Young sizing: calculated: 0B, actual: 2064B
[0.998s][debug][gc,plab           ] GC(67) Old PLAB allocation: allocated: 0B, wasted: 0B, unused: 0B, used: 0B, undo waste: 0B, 
[0.998s][debug][gc,plab           ] GC(67) Old other allocation: region end waste: 0B, regions filled: 0, direct allocated: 0B, failure used: 0B, failure wasted: 0B
[0.998s][debug][gc,plab           ] GC(67) Old sizing: calculated: 0B, actual: 2064B
[0.998s][debug][gc,ergo,heap      ] GC(67) Heap expansion: short term pause time ratio 80.20% long term pause time ratio 23.21% threshold 7.69% pause time ratio 7.69% fully expanded true resize by 0B
[0.998s][debug][gc,mmu            ] GC(67) MMU: 7.2ms (50.0ms/51.0ms)
[0.998s][debug][gc,alloc,stats    ] Old generation allocation in the last mutator period, old gen allocated: 0B, humongous allocated: 0B,old gen growth: 0B.
[0.998s][debug][gc,ihop           ] GC(67) Basic information (value update), threshold: 204965848B (76.36), target occupancy: 268435456B, current occupancy: 254971072B, recent allocation size: 0B, recent allocation duration: 56.61ms, recent old gen allocation rate: 0.00B/s, recent marking phase length: 9.93ms
[0.998s][debug][gc,ihop           ] GC(67) Adaptive IHOP information (value update), threshold: 204965848B (89.83), internal target occupancy: 228170137B, occupancy: 254971072B, additional buffer size: 12582912B, predicted old gen allocation rate: 202325279.37B/s, predicted marking phase length: 52.50ms, prediction active: true
[0.998s][debug][gc,ergo,refine    ] GC(67) Concurrent refinement times: Logged Cards Scan time goal: 5.00ms Logged Cards Scan time: 0.00ms HCC time: 0.00ms
[0.998s][debug][gc,ergo,refine    ] GC(67) Updated Refinement Zones: green: 3328, yellow: 9984, red: 16640
[0.998s][info ][gc,phases         ] GC(67)   Pre Evacuate Collection Set: 0.7ms
[0.998s][debug][gc,phases         ] GC(67)     Prepare TLABs: 0.0ms
[0.998s][debug][gc,phases         ] GC(67)     Concatenate Dirty Card Logs: 0.0ms
[0.998s][debug][gc,phases         ] GC(67)     Choose Collection Set: 0.0ms
[0.998s][debug][gc,phases         ] GC(67)     Region Register: 0.7ms
[0.998s][debug][gc,phases         ] GC(67)     Prepare Heap Roots: 0.0ms
[0.998s][debug][gc,phases         ] GC(67)     Clear Claimed Marks: 0.0ms
[0.998s][info ][gc,phases         ] GC(67)   Merge Heap Roots: 0.2ms
[0.998s][debug][gc,phases         ] GC(67)     Prepare Merge Heap Roots: 0.0ms
[0.998s][debug][gc,phases         ] GC(67)     Eager Reclaim (ms):            skipped
[0.998s][debug][gc,phases         ] GC(67)     Remembered Sets (ms):          Min:  0.0, Avg:  0.0, Max:  0.0, Diff:  0.0, Sum:  0.0, Workers: 12
[0.998s][debug][gc,phases         ] GC(67)       Merged Sparse:                 Min: 0, Avg:  0.0, Max: 0, Diff: 0, Sum: 0, Workers: 12
[0.998s][debug][gc,phases         ] GC(67)       Merged Fine:                   Min: 0, Avg:  0.0, Max: 0, Diff: 0, Sum: 0, Workers: 12
[0.998s][debug][gc,phases         ] GC(67)       Merged Coarse:                 Min: 0, Avg:  0.0, Max: 0, Diff: 0, Sum: 0, Workers: 12
[0.998s][debug][gc,phases         ] GC(67)       Dirty Cards:                   Min: 0, Avg:  0.0, Max: 0, Diff: 0, Sum: 0, Workers: 12
[0.998s][debug][gc,phases         ] GC(67)     Hot Card Cache (ms):           Min:  0.0, Avg:  0.0, Max:  0.0, Diff:  0.0, Sum:  0.0, Workers: 12
[0.998s][debug][gc,phases         ] GC(67)       Dirty Cards:                   Min: 0, Avg:  0.0, Max: 0, Diff: 0, Sum: 0, Workers: 12
[0.998s][debug][gc,phases         ] GC(67)       Skipped Cards:                 Min: 0, Avg:  0.0, Max: 0, Diff: 0, Sum: 0, Workers: 12
[0.998s][debug][gc,phases         ] GC(67)     Log Buffers (ms):              Min:  0.0, Avg:  0.0, Max:  0.0, Diff:  0.0, Sum:  0.0, Workers: 12
[0.998s][debug][gc,phases         ] GC(67)       Dirty Cards:                   Min: 0, Avg:  0.2, Max: 3, Diff: 3, Sum: 3, Workers: 12
[0.998s][debug][gc,phases         ] GC(67)       Skipped Cards:                 Min: 0, Avg:  0.0, Max: 0, Diff: 0, Sum: 0, Workers: 12
[0.998s][info ][gc,phases         ] GC(67)   Evacuate Collection Set: 0.4ms
[0.998s][debug][gc,phases         ] GC(67)     Ext Root Scanning (ms):        Min:  0.0, Avg:  0.0, Max:  0.1, Diff:  0.1, Sum:  0.2, Workers: 12
[0.998s][debug][gc,phases         ] GC(67)     Scan Heap Roots (ms):          Min:  0.0, Avg:  0.0, Max:  0.0, Diff:  0.0, Sum:  0.0, Workers: 12
[0.998s][debug][gc,phases         ] GC(67)       Scanned Cards:                 Min: 0, Avg:  0.9, Max: 11, Diff: 11, Sum: 11, Workers: 12
[0.998s][debug][gc,phases         ] GC(67)       Scanned Blocks:                Min: 0, Avg:  0.1, Max: 1, Diff: 1, Sum: 1, Workers: 12
[0.998s][debug][gc,phases         ] GC(67)       Claimed Chunks:                Min: 0, Avg:  0.1, Max: 1, Diff: 1, Sum: 1, Workers: 12
[0.998s][debug][gc,phases         ] GC(67)     Code Root Scan (ms):           Min:  0.0, Avg:  0.0, Max:  0.0, Diff:  0.0, Sum:  0.0, Workers: 12
[0.998s][debug][gc,phases         ] GC(67)     Object Copy (ms):              Min:  0.0, Avg:  0.0, Max:  0.0, Diff:  0.0, Sum:  0.1, Workers: 12
[0.998s][debug][gc,phases         ] GC(67)     Termination (ms):              Min:  0.1, Avg:  0.2, Max:  0.3, Diff:  0.1, Sum:  2.2, Workers: 12
[0.998s][debug][gc,phases         ] GC(67)       Termination Attempts:          Min: 1, Avg:  1.2, Max: 2, Diff: 1, Sum: 14, Workers: 12
[0.998s][debug][gc,phases         ] GC(67)     GC Worker Other (ms):          Min:  0.0, Avg:  0.0, Max:  0.0, Diff:  0.0, Sum:  0.0, Workers: 12
[0.998s][debug][gc,phases         ] GC(67)     GC Worker Total (ms):          Min:  0.1, Avg:  0.2, Max:  0.3, Diff:  0.2, Sum:  2.5, Workers: 12
[0.998s][info ][gc,phases         ] GC(67)   Post Evacuate Collection Set: 0.5ms
[0.998s][debug][gc,phases         ] GC(67)     Code Roots Fixup: 0.0ms
[0.998s][debug][gc,phases         ] GC(67)     Reference Processing: 0.0ms
[0.998s][debug][gc,phases,ref     ] GC(67)       Reconsider SoftReferences: 0.0ms
[0.998s][debug][gc,phases,ref     ] GC(67)         SoftRef (ms):                  skipped
[0.998s][debug][gc,phases,ref     ] GC(67)       Notify Soft/WeakReferences: 0.0ms
[0.998s][debug][gc,phases,ref     ] GC(67)         SoftRef (ms):                  skipped
[0.998s][debug][gc,phases,ref     ] GC(67)         WeakRef (ms):                  skipped
[0.998s][debug][gc,phases,ref     ] GC(67)         FinalRef (ms):                 skipped
[0.998s][debug][gc,phases,ref     ] GC(67)         Total (ms):                    skipped
[0.998s][debug][gc,phases,ref     ] GC(67)       Notify and keep alive finalizable: 0.0ms
[0.998s][debug][gc,phases,ref     ] GC(67)         FinalRef (ms):                 skipped
[0.998s][debug][gc,phases,ref     ] GC(67)       Notify PhantomReferences: 0.0ms
[0.998s][debug][gc,phases,ref     ] GC(67)         PhantomRef (ms):               skipped
[0.998s][debug][gc,phases,ref     ] GC(67)       SoftReference:
[0.998s][debug][gc,phases,ref     ] GC(67)         Discovered: 0
[0.998s][debug][gc,phases,ref     ] GC(67)         Cleared: 0
[0.998s][debug][gc,phases,ref     ] GC(67)       WeakReference:
[0.998s][debug][gc,phases,ref     ] GC(67)         Discovered: 0
[0.998s][debug][gc,phases,ref     ] GC(67)         Cleared: 0
[0.998s][debug][gc,phases,ref     ] GC(67)       FinalReference:
[0.998s][debug][gc,phases,ref     ] GC(67)         Discovered: 0
[0.998s][debug][gc,phases,ref     ] GC(67)         Cleared: 0
[0.998s][debug][gc,phases,ref     ] GC(67)       PhantomReference:
[0.998s][debug][gc,phases,ref     ] GC(67)         Discovered: 0
[0.998s][debug][gc,phases,ref     ] GC(67)         Cleared: 0
[0.998s][debug][gc,phases         ] GC(67)     Weak Processing: 0.1ms
[0.998s][debug][gc,phases         ] GC(67)       VM Weak                        Min:  0.0, Avg:  0.0, Max:  0.0, Diff:  0.0, Sum:  0.0, Workers: 1
[0.998s][debug][gc,phases         ] GC(67)         Dead                           Min: 0, Avg:  0.0, Max: 0, Diff: 0, Sum: 0, Workers: 1
[0.998s][debug][gc,phases         ] GC(67)         Total                          Min: 4, Avg:  4.0, Max: 4, Diff: 0, Sum: 4, Workers: 1
[0.998s][debug][gc,phases         ] GC(67)       ObjectSynchronizer Weak        Min:  0.0, Avg:  0.0, Max:  0.0, Diff:  0.0, Sum:  0.0, Workers: 1
[0.998s][debug][gc,phases         ] GC(67)         Dead                           Min: 0, Avg:  0.0, Max: 0, Diff: 0, Sum: 0, Workers: 1
[0.998s][debug][gc,phases         ] GC(67)         Total                          Min: 4, Avg:  4.0, Max: 4, Diff: 0, Sum: 4, Workers: 1
[0.998s][debug][gc,phases         ] GC(67)       JVMTI Tag Weak OopStorage      Min:  0.0, Avg:  0.0, Max:  0.0, Diff:  0.0, Sum:  0.0, Workers: 1
[0.998s][debug][gc,phases         ] GC(67)         Dead                           Min: 0, Avg:  0.0, Max: 0, Diff: 0, Sum: 0, Workers: 1
[0.998s][debug][gc,phases         ] GC(67)         Total                          Min: 0, Avg:  0.0, Max: 0, Diff: 0, Sum: 0, Workers: 1
[0.998s][debug][gc,phases         ] GC(67)       StringTable Weak               Min:  0.0, Avg:  0.0, Max:  0.0, Diff:  0.0, Sum:  0.0, Workers: 1
[0.998s][debug][gc,phases         ] GC(67)         Dead                           Min: 0, Avg:  0.0, Max: 0, Diff: 0, Sum: 0, Workers: 1
[0.998s][debug][gc,phases         ] GC(67)         Total                          Min: 39, Avg: 39.0, Max: 39, Diff: 0, Sum: 39, Workers: 1
[0.998s][debug][gc,phases         ] GC(67)       ResolvedMethodTable Weak       Min:  0.0, Avg:  0.0, Max:  0.0, Diff:  0.0, Sum:  0.0, Workers: 1
[0.998s][debug][gc,phases         ] GC(67)         Dead                           Min: 0, Avg:  0.0, Max: 0, Diff: 0, Sum: 0, Workers: 1
[0.998s][debug][gc,phases         ] GC(67)         Total                          Min: 22, Avg: 22.0, Max: 22, Diff: 0, Sum: 22, Workers: 1
[0.998s][debug][gc,phases         ] GC(67)       JNI Weak                       Min:  0.0, Avg:  0.0, Max:  0.0, Diff:  0.0, Sum:  0.0, Workers: 1
[0.998s][debug][gc,phases         ] GC(67)         Dead                           Min: 0, Avg:  0.0, Max: 0, Diff: 0, Sum: 0, Workers: 1
[0.998s][debug][gc,phases         ] GC(67)         Total                          Min: 0, Avg:  0.0, Max: 0, Diff: 0, Sum: 0, Workers: 1
[0.998s][debug][gc,phases         ] GC(67)       StringDedup Table Weak         Min:  0.0, Avg:  0.0, Max:  0.0, Diff:  0.0, Sum:  0.0, Workers: 1
[0.998s][debug][gc,phases         ] GC(67)         Dead                           Min: 0, Avg:  0.0, Max: 0, Diff: 0, Sum: 0, Workers: 1
[0.998s][debug][gc,phases         ] GC(67)         Total                          Min: 0, Avg:  0.0, Max: 0, Diff: 0, Sum: 0, Workers: 1
[0.998s][debug][gc,phases         ] GC(67)       StringDedup Requests0 Weak     Min:  0.0, Avg:  0.0, Max:  0.0, Diff:  0.0, Sum:  0.0, Workers: 1
[0.998s][debug][gc,phases         ] GC(67)         Dead                           Min: 0, Avg:  0.0, Max: 0, Diff: 0, Sum: 0, Workers: 1
[0.998s][debug][gc,phases         ] GC(67)         Total                          Min: 0, Avg:  0.0, Max: 0, Diff: 0, Sum: 0, Workers: 1
[0.998s][debug][gc,phases         ] GC(67)       StringDedup Requests1 Weak     Min:  0.0, Avg:  0.0, Max:  0.0, Diff:  0.0, Sum:  0.0, Workers: 1
[0.998s][debug][gc,phases         ] GC(67)         Dead                           Min: 0, Avg:  0.0, Max: 0, Diff: 0, Sum: 0, Workers: 1
[0.998s][debug][gc,phases         ] GC(67)         Total                          Min: 0, Avg:  0.0, Max: 0, Diff: 0, Sum: 0, Workers: 1
[0.998s][debug][gc,phases         ] GC(67)       Weak JFR Old Object Samples    Min:  0.0, Avg:  0.0, Max:  0.0, Diff:  0.0, Sum:  0.0, Workers: 1
[0.998s][debug][gc,phases         ] GC(67)         Dead                           Min: 0, Avg:  0.0, Max: 0, Diff: 0, Sum: 0, Workers: 1
[0.998s][debug][gc,phases         ] GC(67)         Total                          Min: 0, Avg:  0.0, Max: 0, Diff: 0, Sum: 0, Workers: 1
[0.998s][debug][gc,phases         ] GC(67)     Post Evacuate Cleanup 1: 0.0ms
[0.998s][debug][gc,phases         ] GC(67)       Merge Per-Thread State (ms):   Min:  0.0, Avg:  0.0, Max:  0.0, Diff:  0.0, Sum:  0.0, Workers: 1
[0.998s][debug][gc,phases         ] GC(67)         Copied Bytes                   Min: 0, Avg: 65552.0, Max: 262208, Diff: 262208, Sum: 786624, Workers: 12
[0.998s][debug][gc,phases         ] GC(67)         LAB Waste                      Min: 0, Avg:  0.0, Max: 0, Diff: 0, Sum: 0, Workers: 12
[0.998s][debug][gc,phases         ] GC(67)         LAB Undo Waste                 Min: 0, Avg:  0.0, Max: 0, Diff: 0, Sum: 0, Workers: 12
[0.998s][debug][gc,phases         ] GC(67)       Clear Logged Cards (ms):       Min:  0.0, Avg:  0.0, Max:  0.0, Diff:  0.0, Sum:  0.0, Workers: 3
[0.998s][debug][gc,phases         ] GC(67)       Recalculate Used Memory (ms):  Min:  0.0, Avg:  0.0, Max:  0.0, Diff:  0.0, Sum:  0.0, Workers: 1
[0.998s][debug][gc,phases         ] GC(67)     Post Evacuate Cleanup 2: 0.2ms
[0.998s][debug][gc,phases         ] GC(67)       Reset Hot Card Cache (ms):     Min:  0.0, Avg:  0.0, Max:  0.0, Diff:  0.0, Sum:  0.0, Workers: 1
[0.998s][debug][gc,phases         ] GC(67)       Purge Code Roots (ms):         Min:  0.0, Avg:  0.0, Max:  0.0, Diff:  0.0, Sum:  0.0, Workers: 1
[0.998s][debug][gc,phases         ] GC(67)       Update Derived Pointers (ms):  Min:  0.0, Avg:  0.0, Max:  0.0, Diff:  0.0, Sum:  0.0, Workers: 1
[0.998s][debug][gc,phases         ] GC(67)       Eagerly Reclaim Humongous Objects (ms): Min:  0.0, Avg:  0.0, Max:  0.0, Diff:  0.0, Sum:  0.0, Workers: 1
[0.998s][debug][gc,phases         ] GC(67)         Humongous Total                Min: 33, Avg: 33.0, Max: 33, Diff: 0, Sum: 33, Workers: 1
[0.998s][debug][gc,phases         ] GC(67)         Humongous Candidates           Min: 0, Avg:  0.0, Max: 0, Diff: 0, Sum: 0, Workers: 1
[0.998s][debug][gc,phases         ] GC(67)         Humongous Reclaimed            Min: 0, Avg:  0.0, Max: 0, Diff: 0, Sum: 0, Workers: 1
[0.998s][debug][gc,phases         ] GC(67)       Redirty Logged Cards (ms):     Min:  0.0, Avg:  0.0, Max:  0.0, Diff:  0.0, Sum:  0.0, Workers: 12
[0.998s][debug][gc,phases         ] GC(67)         Redirtied Cards:               Min: 0, Avg:  0.4, Max: 5, Diff: 5, Sum: 5, Workers: 12
[0.998s][debug][gc,phases         ] GC(67)       Free Collection Set (ms):      Min:  0.0, Avg:  0.0, Max:  0.0, Diff:  0.0, Sum:  0.0, Workers: 12
[0.998s][debug][gc,phases         ] GC(67)     Rebuild Free List: 0.2ms
[0.998s][debug][gc,phases         ] GC(67)     Start New Collection Set: 0.0ms
[0.998s][debug][gc,phases         ] GC(67)     Resize TLABs: 0.0ms
[0.998s][debug][gc,phases         ] GC(67)     Expand Heap After Collection: 0.0ms
[0.998s][info ][gc,phases         ] GC(67)   Other: 0.2ms
[0.998s][info ][gc,heap           ] GC(67) Eden regions: 1->0(11)
[0.998s][info ][gc,heap           ] GC(67) Survivor regions: 0->1(1)
[0.998s][info ][gc,heap           ] GC(67) Old regions: 159->159
[0.998s][info ][gc,heap           ] GC(67) Archive regions: 2->2
[0.998s][info ][gc,heap           ] GC(67) Humongous regions: 93->93
[0.998s][info ][gc,metaspace      ] GC(67) Metaspace: 136K(320K)->136K(320K) NonClass: 131K(192K)->131K(192K) Class: 5K(128K)->5K(128K)
[0.998s][debug][gc,heap           ] GC(67) Heap after GC invocations=63 (full 10):
[0.998s][debug][gc,heap           ] GC(67)  garbage-first heap   total 262144K, used 248995K [0x00000000f0000000, 0x0000000100000000)
[0.998s][debug][gc,heap           ] GC(67)   region size 1024K, 1 young (1024K), 1 survivors (1024K)
[0.998s][debug][gc,heap           ] GC(67)  Metaspace       used 136K, committed 320K, reserved 1114112K
[0.998s][debug][gc,heap           ] GC(67)   class space    used 5K, committed 128K, reserved 1048576K
[0.998s][info ][gc                ] GC(67) Pause Young (Concurrent Start) (G1 Preventive Collection) 243M->243M(256M) 2.359ms
[0.998s][info ][gc,cpu            ] GC(67) User=0.00s Sys=0.00s Real=0.00s
[0.998s][info ][gc                ] GC(68) Concurrent Mark Cycle
[0.998s][info ][gc,marking        ] GC(68) Concurrent Clear Claimed Marks
[0.998s][info ][gc,marking        ] GC(68) Concurrent Clear Claimed Marks 0.006ms
[0.998s][info ][gc,marking        ] GC(68) Concurrent Scan Root Regions
[0.998s][debug][gc,ergo           ] GC(68) Running G1 Root Region Scan using 1 workers for 1 work units.
[0.998s][info ][gc,marking        ] GC(68) Concurrent Scan Root Regions 0.101ms
[0.998s][info ][gc,marking        ] GC(68) Concurrent Mark
[0.998s][info ][gc,marking        ] GC(68) Concurrent Mark From Roots
[0.998s][info ][gc,task           ] GC(68) Using 3 workers of 3 for marking
[1.000s][debug][gc,stats          ] ---------------------------------------------------------------------
[1.000s][debug][gc,stats          ] Marking Stats, task = 0, calls = 1
[1.000s][debug][gc,stats          ]   Elapsed time = 1.31ms, Termination time = 0.00ms
[1.000s][debug][gc,stats          ]   Step Times (cum): num = 618, avg = 0.02ms, sd = 0.11ms max = 1.18ms, total = 10.21ms
[1.000s][debug][gc,stats          ]   Mark Stats Cache: hits 11700 misses 0 ratio 100.000
[1.000s][debug][gc,stats          ] ---------------------------------------------------------------------
[1.000s][debug][gc,stats          ] Marking Stats, task = 1, calls = 9
[1.000s][debug][gc,stats          ]   Elapsed time = 1.30ms, Termination time = 1.10ms
[1.000s][debug][gc,stats          ]   Step Times (cum): num = 75, avg = 0.15ms, sd = 0.33ms max = 1.46ms, total = 11.19ms
[1.000s][debug][gc,stats          ]   Mark Stats Cache: hits 5960 misses 0 ratio 100.000
[1.000s][debug][gc,stats          ] ---------------------------------------------------------------------
[1.000s][debug][gc,stats          ] Marking Stats, task = 2, calls = 9
[1.000s][debug][gc,stats          ]   Elapsed time = 1.27ms, Termination time = 1.27ms
[1.000s][debug][gc,stats          ]   Step Times (cum): num = 53, avg = 0.13ms, sd = 0.29ms max = 1.29ms, total = 6.72ms
[1.000s][debug][gc,stats          ]   Mark Stats Cache: hits 7901 misses 0 ratio 100.000
[1.000s][debug][gc,stats          ] ---------------------------------------------------------------------
[1.000s][info ][gc,marking        ] GC(68) Concurrent Mark From Roots 1.440ms
[1.000s][info ][gc,marking        ] GC(68) Concurrent Preclean
[1.000s][debug][gc,ref,start      ] GC(68) Preclean SoftReferences
[1.000s][debug][gc,ref            ] GC(68) Preclean SoftReferences 0.047ms
[1.000s][debug][gc,ref,start      ] GC(68) Preclean WeakReferences
[1.000s][debug][gc,ref            ] GC(68) Preclean WeakReferences 0.046ms
[1.000s][debug][gc,ref,start      ] GC(68) Preclean FinalReferences
[1.000s][debug][gc,ref            ] GC(68) Preclean FinalReferences 0.045ms
[1.000s][debug][gc,ref,start      ] GC(68) Preclean PhantomReferences
[1.000s][debug][gc,ref            ] GC(68) Preclean PhantomReferences 0.045ms
[1.000s][info ][gc,marking        ] GC(68) Concurrent Preclean 0.199ms
[1.000s][info ][gc,start          ] GC(68) Pause Remark
[1.000s][debug][gc,phases,start   ] GC(68) Finalize Marking
[1.000s][debug][gc,stats          ] ---------------------------------------------------------------------
[1.000s][debug][gc,stats          ] Marking Stats, task = 0, calls = 54
[1.000s][debug][gc,stats          ]   Elapsed time = 0.36ms, Termination time = 0.00ms
[1.001s][debug][gc,stats          ]   Step Times (cum): num = 671, avg = 0.02ms, sd = 0.10ms max = 1.18ms, total = 10.21ms
[1.001s][debug][gc,stats          ]   Mark Stats Cache: hits 11700 misses 0 ratio 100.000
[1.001s][debug][gc,stats          ] ---------------------------------------------------------------------
[1.001s][debug][gc,stats          ] Marking Stats, task = 1, calls = 10
[1.001s][debug][gc,stats          ]   Elapsed time = 0.32ms, Termination time = 1.12ms
[1.001s][debug][gc,stats          ]   Step Times (cum): num = 76, avg = 0.15ms, sd = 0.32ms max = 1.46ms, total = 11.21ms
[1.001s][debug][gc,stats          ]   Mark Stats Cache: hits 5960 misses 0 ratio 100.000
[1.001s][debug][gc,stats          ] ---------------------------------------------------------------------
[1.001s][debug][gc,stats          ] Marking Stats, task = 2, calls = 10
[1.001s][debug][gc,stats          ]   Elapsed time = 0.32ms, Termination time = 1.28ms
[1.001s][debug][gc,stats          ]   Step Times (cum): num = 54, avg = 0.12ms, sd = 0.29ms max = 1.29ms, total = 6.73ms
[1.001s][debug][gc,stats          ]   Mark Stats Cache: hits 7901 misses 0 ratio 100.000
[1.001s][debug][gc,stats          ] ---------------------------------------------------------------------
[1.001s][debug][gc,stats          ] Marking Stats, task = 3, calls = 1
[1.001s][debug][gc,stats          ]   Elapsed time = 0.30ms, Termination time = 0.02ms
[1.001s][debug][gc,stats          ]   Step Times (cum): num = 12, avg = 0.02ms, sd = 0.01ms max = 0.05ms, total = 0.27ms
[1.001s][debug][gc,stats          ]   Mark Stats Cache: hits 858 misses 0 ratio 100.000
[1.001s][debug][gc,stats          ] ---------------------------------------------------------------------
[1.001s][debug][gc,stats          ] Marking Stats, task = 4, calls = 1
[1.001s][debug][gc,stats          ]   Elapsed time = 0.32ms, Termination time = 0.02ms
[1.001s][debug][gc,stats          ]   Step Times (cum): num = 12, avg = 0.02ms, sd = 0.01ms max = 0.04ms, total = 0.27ms
[1.001s][debug][gc,stats          ]   Mark Stats Cache: hits 0 misses 0 ratio 0.000
[1.001s][debug][gc,stats          ] ---------------------------------------------------------------------
[1.001s][debug][gc,stats          ] Marking Stats, task = 5, calls = 1
[1.001s][debug][gc,stats          ]   Elapsed time = 0.33ms, Termination time = 0.02ms
[1.001s][debug][gc,stats          ]   Step Times (cum): num = 12, avg = 0.02ms, sd = 0.00ms max = 0.03ms, total = 0.22ms
[1.001s][debug][gc,stats          ]   Mark Stats Cache: hits 0 misses 0 ratio 0.000
[1.001s][debug][gc,stats          ] ---------------------------------------------------------------------
[1.001s][debug][gc,stats          ] Marking Stats, task = 6, calls = 1
[1.001s][debug][gc,stats          ]   Elapsed time = 0.31ms, Termination time = 0.03ms
[1.001s][debug][gc,stats          ]   Step Times (cum): num = 12, avg = 0.02ms, sd = 0.01ms max = 0.03ms, total = 0.24ms
[1.001s][debug][gc,stats          ]   Mark Stats Cache: hits 0 misses 0 ratio 0.000
[1.001s][debug][gc,stats          ] ---------------------------------------------------------------------
[1.001s][debug][gc,stats          ] Marking Stats, task = 7, calls = 1
[1.001s][debug][gc,stats          ]   Elapsed time = 0.30ms, Termination time = 0.02ms
[1.001s][debug][gc,stats          ]   Step Times (cum): num = 12, avg = 0.02ms, sd = 0.01ms max = 0.04ms, total = 0.24ms
[1.001s][debug][gc,stats          ]   Mark Stats Cache: hits 0 misses 0 ratio 0.000
[1.001s][debug][gc,stats          ] ---------------------------------------------------------------------
[1.001s][debug][gc,stats          ] Marking Stats, task = 8, calls = 1
[1.001s][debug][gc,stats          ]   Elapsed time = 0.29ms, Termination time = 0.02ms
[1.001s][debug][gc,stats          ]   Step Times (cum): num = 12, avg = 0.03ms, sd = 0.01ms max = 0.05ms, total = 0.31ms
[1.001s][debug][gc,stats          ]   Mark Stats Cache: hits 0 misses 0 ratio 0.000
[1.001s][debug][gc,stats          ] ---------------------------------------------------------------------
[1.001s][debug][gc,stats          ] Marking Stats, task = 9, calls = 1
[1.001s][debug][gc,stats          ]   Elapsed time = 0.29ms, Termination time = 0.02ms
[1.001s][debug][gc,stats          ]   Step Times (cum): num = 12, avg = 0.02ms, sd = 0.01ms max = 0.06ms, total = 0.25ms
[1.001s][debug][gc,stats          ]   Mark Stats Cache: hits 0 misses 0 ratio 0.000
[1.001s][debug][gc,stats          ] ---------------------------------------------------------------------
[1.001s][debug][gc,stats          ] Marking Stats, task = 10, calls = 1
[1.001s][debug][gc,stats          ]   Elapsed time = 0.18ms, Termination time = 0.01ms
[1.001s][debug][gc,stats          ]   Step Times (cum): num = 12, avg = 0.01ms, sd = 0.00ms max = 0.02ms, total = 0.17ms
[1.001s][debug][gc,stats          ]   Mark Stats Cache: hits 0 misses 0 ratio 0.000
[1.001s][debug][gc,stats          ] ---------------------------------------------------------------------
[1.001s][debug][gc,stats          ] Marking Stats, task = 11, calls = 1
[1.001s][debug][gc,stats          ]   Elapsed time = 0.14ms, Termination time = 0.00ms
[1.001s][debug][gc,stats          ]   Step Times (cum): num = 12, avg = 0.00ms, sd = 0.00ms max = 0.00ms, total = 0.00ms
[1.001s][debug][gc,stats          ]   Mark Stats Cache: hits 0 misses 0 ratio 0.000
[1.001s][debug][gc,stats          ] ---------------------------------------------------------------------
[1.001s][debug][gc,phases         ] GC(68) Finalize Marking 0.792ms
[1.001s][debug][gc,phases,start   ] GC(68) Reference Processing
[1.001s][debug][gc,ref            ] GC(68) Skipped phase 1 of Reference Processing: no references
[1.001s][debug][gc,ref            ] GC(68) Skipped phase 2 of Reference Processing: no references
[1.001s][debug][gc,ref            ] GC(68) Skipped phase 3 of Reference Processing: no references
[1.001s][debug][gc,ref            ] GC(68) Skipped phase 4 of Reference Processing: no references
[1.001s][debug][gc,phases,ref     ] GC(68) Reference Processing: 0.0ms
[1.001s][debug][gc,phases,ref     ] GC(68)   Reconsider SoftReferences: 0.0ms
[1.001s][debug][gc,phases,ref     ] GC(68)     SoftRef (ms):                  skipped
[1.001s][debug][gc,phases,ref     ] GC(68)   Notify Soft/WeakReferences: 0.0ms
[1.001s][debug][gc,phases,ref     ] GC(68)     SoftRef (ms):                  skipped
[1.001s][debug][gc,phases,ref     ] GC(68)     WeakRef (ms):                  skipped
[1.001s][debug][gc,phases,ref     ] GC(68)     FinalRef (ms):                 skipped
[1.001s][debug][gc,phases,ref     ] GC(68)     Total (ms):                    skipped
[1.001s][debug][gc,phases,ref     ] GC(68)   Notify and keep alive finalizable: 0.0ms
[1.001s][debug][gc,phases,ref     ] GC(68)     FinalRef (ms):                 skipped
[1.001s][debug][gc,phases,ref     ] GC(68)   Notify PhantomReferences: 0.0ms
[1.001s][debug][gc,phases,ref     ] GC(68)     PhantomRef (ms):               skipped
[1.001s][debug][gc,phases,ref     ] GC(68)   SoftReference:
[1.001s][debug][gc,phases,ref     ] GC(68)     Discovered: 0
[1.001s][debug][gc,phases,ref     ] GC(68)     Cleared: 0
[1.001s][debug][gc,phases,ref     ] GC(68)   WeakReference:
[1.001s][debug][gc,phases,ref     ] GC(68)     Discovered: 0
[1.001s][debug][gc,phases,ref     ] GC(68)     Cleared: 0
[1.001s][debug][gc,phases,ref     ] GC(68)   FinalReference:
[1.001s][debug][gc,phases,ref     ] GC(68)     Discovered: 0
[1.001s][debug][gc,phases,ref     ] GC(68)     Cleared: 0
[1.001s][debug][gc,phases,ref     ] GC(68)   PhantomReference:
[1.001s][debug][gc,phases,ref     ] GC(68)     Discovered: 0
[1.001s][debug][gc,phases,ref     ] GC(68)     Cleared: 0
[1.001s][debug][gc,phases         ] GC(68) Reference Processing 0.140ms
[1.001s][debug][gc,phases,start   ] GC(68) Weak Processing
[1.001s][debug][gc,phases         ] GC(68)   VM Weak                        Min:  0.0, Avg:  0.0, Max:  0.0, Diff:  0.0, Sum:  0.0, Workers: 1
[1.001s][debug][gc,phases         ] GC(68)     Dead                           Min: 0, Avg:  0.0, Max: 0, Diff: 0, Sum: 0, Workers: 1
[1.001s][debug][gc,phases         ] GC(68)     Total                          Min: 4, Avg:  4.0, Max: 4, Diff: 0, Sum: 4, Workers: 1
[1.001s][debug][gc,phases         ] GC(68)   ObjectSynchronizer Weak        Min:  0.0, Avg:  0.0, Max:  0.0, Diff:  0.0, Sum:  0.0, Workers: 1
[1.001s][debug][gc,phases         ] GC(68)     Dead                           Min: 0, Avg:  0.0, Max: 0, Diff: 0, Sum: 0, Workers: 1
[1.001s][debug][gc,phases         ] GC(68)     Total                          Min: 4, Avg:  4.0, Max: 4, Diff: 0, Sum: 4, Workers: 1
[1.001s][debug][gc,phases         ] GC(68)   JVMTI Tag Weak OopStorage      Min:  0.0, Avg:  0.0, Max:  0.0, Diff:  0.0, Sum:  0.0, Workers: 1
[1.001s][debug][gc,phases         ] GC(68)     Dead                           Min: 0, Avg:  0.0, Max: 0, Diff: 0, Sum: 0, Workers: 1
[1.001s][debug][gc,phases         ] GC(68)     Total                          Min: 0, Avg:  0.0, Max: 0, Diff: 0, Sum: 0, Workers: 1
[1.001s][debug][gc,phases         ] GC(68)   StringTable Weak               Min:  0.0, Avg:  0.0, Max:  0.0, Diff:  0.0, Sum:  0.0, Workers: 1
[1.001s][debug][gc,phases         ] GC(68)     Dead                           Min: 0, Avg:  0.0, Max: 0, Diff: 0, Sum: 0, Workers: 1
[1.001s][debug][gc,phases         ] GC(68)     Total                          Min: 39, Avg: 39.0, Max: 39, Diff: 0, Sum: 39, Workers: 1
[1.001s][debug][gc,phases         ] GC(68)   ResolvedMethodTable Weak       Min:  0.0, Avg:  0.0, Max:  0.0, Diff:  0.0, Sum:  0.0, Workers: 1
[1.001s][debug][gc,phases         ] GC(68)     Dead                           Min: 0, Avg:  0.0, Max: 0, Diff: 0, Sum: 0, Workers: 1
[1.001s][debug][gc,phases         ] GC(68)     Total                          Min: 22, Avg: 22.0, Max: 22, Diff: 0, Sum: 22, Workers: 1
[1.001s][debug][gc,phases         ] GC(68)   JNI Weak                       Min:  0.0, Avg:  0.0, Max:  0.0, Diff:  0.0, Sum:  0.0, Workers: 1
[1.001s][debug][gc,phases         ] GC(68)     Dead                           Min: 0, Avg:  0.0, Max: 0, Diff: 0, Sum: 0, Workers: 1
[1.001s][debug][gc,phases         ] GC(68)     Total                          Min: 0, Avg:  0.0, Max: 0, Diff: 0, Sum: 0, Workers: 1
[1.001s][debug][gc,phases         ] GC(68)   StringDedup Table Weak         Min:  0.0, Avg:  0.0, Max:  0.0, Diff:  0.0, Sum:  0.0, Workers: 1
[1.001s][debug][gc,phases         ] GC(68)     Dead                           Min: 0, Avg:  0.0, Max: 0, Diff: 0, Sum: 0, Workers: 1
[1.001s][debug][gc,phases         ] GC(68)     Total                          Min: 0, Avg:  0.0, Max: 0, Diff: 0, Sum: 0, Workers: 1
[1.001s][debug][gc,phases         ] GC(68)   StringDedup Requests0 Weak     Min:  0.0, Avg:  0.0, Max:  0.0, Diff:  0.0, Sum:  0.0, Workers: 1
[1.001s][debug][gc,phases         ] GC(68)     Dead                           Min: 0, Avg:  0.0, Max: 0, Diff: 0, Sum: 0, Workers: 1
[1.001s][debug][gc,phases         ] GC(68)     Total                          Min: 0, Avg:  0.0, Max: 0, Diff: 0, Sum: 0, Workers: 1
[1.001s][debug][gc,phases         ] GC(68)   StringDedup Requests1 Weak     Min:  0.0, Avg:  0.0, Max:  0.0, Diff:  0.0, Sum:  0.0, Workers: 1
[1.001s][debug][gc,phases         ] GC(68)     Dead                           Min: 0, Avg:  0.0, Max: 0, Diff: 0, Sum: 0, Workers: 1
[1.001s][debug][gc,phases         ] GC(68)     Total                          Min: 0, Avg:  0.0, Max: 0, Diff: 0, Sum: 0, Workers: 1
[1.001s][debug][gc,phases         ] GC(68)   Weak JFR Old Object Samples    Min:  0.0, Avg:  0.0, Max:  0.0, Diff:  0.0, Sum:  0.0, Workers: 1
[1.001s][debug][gc,phases         ] GC(68)     Dead                           Min: 0, Avg:  0.0, Max: 0, Diff: 0, Sum: 0, Workers: 1
[1.001s][debug][gc,phases         ] GC(68)     Total                          Min: 0, Avg:  0.0, Max: 0, Diff: 0, Sum: 0, Workers: 1
[1.001s][debug][gc,phases         ] GC(68) Weak Processing 0.329ms
[1.001s][debug][gc,phases,start   ] GC(68) Class Unloading
[1.001s][debug][gc,phases,start   ] GC(68) ClassLoaderData
[1.001s][debug][gc,phases         ] GC(68) ClassLoaderData 0.004ms
[1.001s][debug][gc,phases,start   ] GC(68) Trigger cleanups
[1.001s][debug][gc,phases         ] GC(68) Trigger cleanups 0.003ms
[1.001s][debug][gc,phases         ] GC(68) Class Unloading 0.160ms
[1.001s][debug][gc,phases,start   ] GC(68) Flush Task Caches
[1.001s][debug][gc,stats          ] Mark stats cache hits 26419 misses 0 ratio 100.000
[1.001s][debug][gc,phases         ] GC(68) Flush Task Caches 0.028ms
[1.001s][debug][gc,phases,start   ] GC(68) Update Remembered Set Tracking Before Rebuild
[1.001s][debug][gc,ergo           ] GC(68) Running G1 Update RemSet Tracking Before Rebuild using 1 workers for 256 regions in heap
[1.002s][debug][gc,remset,tracking] GC(68) Remembered Set Tracking update regions total 256, selected 95
[1.002s][debug][gc,phases         ] GC(68) Update Remembered Set Tracking Before Rebuild 0.073ms
[1.002s][debug][gc,phases,start   ] GC(68) Reclaim Empty Regions
[1.002s][debug][gc,phases         ] GC(68) Reclaim Empty Regions 0.149ms
[1.002s][debug][gc,phases,start   ] GC(68) Purge Metaspace
[1.002s][debug][gc,phases         ] GC(68) Purge Metaspace 0.005ms
[1.002s][debug][gc,phases,start   ] GC(68) Report Object Count
[1.002s][debug][gc,phases         ] GC(68) Report Object Count 0.004ms
[1.002s][debug][gc,mmu            ] GC(68) MMU: 8.9ms (50.0ms/51.0ms)
[1.002s][info ][gc                ] GC(68) Pause Remark 243M->243M(256M) 1.758ms
[1.002s][info ][gc,cpu            ] GC(68) User=0.00s Sys=0.00s Real=0.00s
[1.002s][info ][gc,marking        ] GC(68) Concurrent Mark 3.560ms
[1.002s][info ][gc,marking        ] GC(68) Concurrent Rebuild Remembered Sets
[1.002s][debug][gc,heap           ] GC(69) Heap before GC invocations=63 (full 10):
[1.002s][debug][gc,heap           ] GC(69)  garbage-first heap   total 262144K, used 248995K [0x00000000f0000000, 0x0000000100000000)
[1.002s][debug][gc,heap           ] GC(69)   region size 1024K, 2 young (2048K), 1 survivors (1024K)
[1.002s][debug][gc,heap           ] GC(69)  Metaspace       used 136K, committed 320K, reserved 1114112K
[1.002s][debug][gc,heap           ] GC(69)   class space    used 5K, committed 128K, reserved 1048576K
[1.002s][info ][gc,start          ] GC(69) Pause Young (Normal) (G1 Evacuation Pause)
[1.002s][info ][gc,task           ] GC(69) Using 12 workers of 13 for evacuation
[1.002s][debug][gc,tlab           ] GC(69) TLAB totals: thrds: 5  refills: 5 max: 1 slow allocs: 9 max 2 waste: 39.4% gc: 213096B max: 43104B slow: 0B max: 0B
[1.002s][debug][gc,age            ] GC(69) Desired survivor size 1048576 bytes, new threshold 15 (max threshold 15)
[1.002s][debug][gc,refine,stats   ] GC(69) Mutator refinement: 0.00ms, refined: 0, precleaned: 0, dirtied: 5
[1.002s][debug][gc,refine,stats   ] GC(69) Concurrent refinement: 0.00ms, refined: 0, precleaned: 0, dirtied: 0
[1.002s][debug][gc,refine,stats   ] GC(69) Total refinement: 0.00ms, refined: 0, precleaned: 0, dirtied: 5
[1.002s][debug][gc,refine,stats   ] GC(69) Generate dirty cards rate: 1.92 cards/ms
[1.002s][debug][gc,alloc,region   ] GC(69) Mutator Allocation stats, regions: 1, wasted size: 0B ( 0.0%)
[1.002s][debug][gc,humongous      ] GC(69) Humongous region 0 (object size 1048592 @ 0x00000000f0000000) remset 0 code roots 0 marked 1 reclaim candidate 0 type array 1
[1.002s][debug][gc,humongous      ] GC(69) Humongous region 2 (object size 1048592 @ 0x00000000f0200000) remset 0 code roots 0 marked 1 reclaim candidate 0 type array 1
[1.002s][debug][gc,humongous      ] GC(69) Humongous region 42 (object size 1048592 @ 0x00000000f2a00000) remset 0 code roots 0 marked 1 reclaim candidate 0 type array 1
[1.002s][debug][gc,humongous      ] GC(69) Humongous region 64 (object size 1048592 @ 0x00000000f4000000) remset 0 code roots 0 marked 1 reclaim candidate 0 type array 1
[1.002s][debug][gc,humongous      ] GC(69) Humongous region 22 (object size 1048592 @ 0x00000000f1600000) remset 0 code roots 0 marked 1 reclaim candidate 0 type array 1
[1.002s][debug][gc,humongous      ] GC(69) Humongous region 83 (object size 1048592 @ 0x00000000f5300000) remset 0 code roots 0 marked 1 reclaim candidate 0 type array 1
[1.002s][debug][gc,humongous      ] GC(69) Humongous region 60 (object size 1048592 @ 0x00000000f3c00000) remset 0 code roots 0 marked 1 reclaim candidate 0 type array 1
[1.002s][debug][gc,humongous      ] GC(69) Humongous region 4 (object size 1048592 @ 0x00000000f0400000) remset 0 code roots 0 marked 1 reclaim candidate 0 type array 1
[1.002s][debug][gc,humongous      ] GC(69) Humongous region 205 (object size 1048592 @ 0x00000000fcd00000) remset 0 code roots 0 marked 1 reclaim candidate 0 type array 1
[1.002s][debug][gc,humongous      ] GC(69) Humongous region 85 (object size 10485776 @ 0x00000000f5500000) remset 0 code roots 0 marked 1 reclaim candidate 0 type array 1
[1.002s][debug][gc,humongous      ] GC(69) Humongous region 249 (object size 1048592 @ 0x00000000ff900000) remset 0 code roots 0 marked 1 reclaim candidate 0 type array 1
[1.002s][debug][gc,humongous      ] GC(69) Humongous region 10 (object size 1048592 @ 0x00000000f0a00000) remset 0 code roots 0 marked 1 reclaim candidate 0 type array 1
[1.002s][debug][gc,humongous      ] GC(69) Humongous region 203 (object size 1048592 @ 0x00000000fcb00000) remset 0 code roots 0 marked 1 reclaim candidate 0 type array 1
[1.002s][debug][gc,humongous      ] GC(69) Humongous region 216 (object size 10485776 @ 0x00000000fd800000) remset 0 code roots 0 marked 1 reclaim candidate 0 type array 1
[1.002s][debug][gc,humongous      ] GC(69) Humongous region 238 (object size 1048592 @ 0x00000000fee00000) remset 0 code roots 0 marked 1 reclaim candidate 0 type array 1
[1.002s][debug][gc,humongous      ] GC(69) Humongous region 244 (object size 1048592 @ 0x00000000ff400000) remset 0 code roots 0 marked 1 reclaim candidate 0 type array 1
[1.002s][debug][gc,humongous      ] GC(69) Humongous region 26 (object size 1048592 @ 0x00000000f1a00000) remset 0 code roots 0 marked 1 reclaim candidate 0 type array 1
[1.002s][debug][gc,humongous      ] GC(69) Humongous region 28 (object size 1048592 @ 0x00000000f1c00000) remset 0 code roots 0 marked 1 reclaim candidate 0 type array 1
[1.002s][debug][gc,humongous      ] GC(69) Humongous region 24 (object size 1048592 @ 0x00000000f1800000) remset 0 code roots 0 marked 1 reclaim candidate 0 type array 1
[1.002s][debug][gc,humongous      ] GC(69) Humongous region 8 (object size 1048592 @ 0x00000000f0800000) remset 0 code roots 0 marked 1 reclaim candidate 0 type array 1
[1.002s][debug][gc,humongous      ] GC(69) Humongous region 159 (object size 10485776 @ 0x00000000f9f00000) remset 0 code roots 0 marked 1 reclaim candidate 0 type array 1
[1.002s][debug][gc,humongous      ] GC(69) Humongous region 12 (object size 1048592 @ 0x00000000f0c00000) remset 0 code roots 0 marked 1 reclaim candidate 0 type array 1
[1.002s][debug][gc,humongous      ] GC(69) Humongous region 14 (object size 1048592 @ 0x00000000f0e00000) remset 0 code roots 0 marked 1 reclaim candidate 0 type array 1
[1.002s][debug][gc,humongous      ] GC(69) Humongous region 16 (object size 1048592 @ 0x00000000f1000000) remset 0 code roots 0 marked 1 reclaim candidate 0 type array 1
[1.002s][debug][gc,humongous      ] GC(69) Humongous region 126 (object size 1048592 @ 0x00000000f7e00000) remset 0 code roots 0 marked 1 reclaim candidate 0 type array 1
[1.002s][debug][gc,humongous      ] GC(69) Humongous region 20 (object size 1048592 @ 0x00000000f1400000) remset 0 code roots 0 marked 1 reclaim candidate 0 type array 1
[1.002s][debug][gc,humongous      ] GC(69) Humongous region 6 (object size 1048592 @ 0x00000000f0600000) remset 0 code roots 0 marked 1 reclaim candidate 0 type array 1
[1.002s][debug][gc,humongous      ] GC(69) Humongous region 30 (object size 1048592 @ 0x00000000f1e00000) remset 0 code roots 0 marked 1 reclaim candidate 0 type array 1
[1.002s][debug][gc,humongous      ] GC(69) Humongous region 34 (object size 1048592 @ 0x00000000f2200000) remset 0 code roots 0 marked 1 reclaim candidate 0 type array 1
[1.002s][debug][gc,humongous      ] GC(69) Humongous region 36 (object size 1048592 @ 0x00000000f2400000) remset 0 code roots 0 marked 1 reclaim candidate 0 type array 1
[1.002s][debug][gc,humongous      ] GC(69) Humongous region 38 (object size 1048592 @ 0x00000000f2600000) remset 0 code roots 0 marked 1 reclaim candidate 0 type array 1
[1.002s][debug][gc,humongous      ] GC(69) Humongous region 18 (object size 1048592 @ 0x00000000f1200000) remset 0 code roots 0 marked 1 reclaim candidate 0 type array 1
[1.002s][debug][gc,humongous      ] GC(69) Humongous region 32 (object size 1048592 @ 0x00000000f2000000) remset 0 code roots 0 marked 1 reclaim candidate 0 type array 1
[1.003s][debug][gc,ergo           ] GC(69) Running G1 Merge Heap Roots using 12 workers for 2 regions
[1.003s][debug][gc,remset         ] GC(69) Visited cards 96 Total dirty 4096 (2.34%) Total old 528384 (0.02%)
[1.003s][debug][gc,ergo,heap      ] GC(69) Attempt heap expansion (region allocation request failed). Allocation request: 65552B
[1.003s][debug][gc,ergo,heap      ] GC(69) Did not expand the heap (heap already fully expanded)
[1.003s][debug][gc,ref            ] GC(69) Skipped phase 1 of Reference Processing: no references
[1.003s][debug][gc,ref            ] GC(69) Skipped phase 2 of Reference Processing: no references
[1.003s][debug][gc,ref            ] GC(69) Skipped phase 3 of Reference Processing: no references
[1.003s][debug][gc,ref            ] GC(69) Skipped phase 4 of Reference Processing: no references
[1.004s][debug][gc,ergo           ] GC(69) Running G1 Rebuild Free List Task using 12 workers for rebuilding free list of regions
[1.004s][debug][gc,plab           ] GC(69) Young PLAB allocation: allocated: 0B, wasted: 0B, unused: 0B, used: 0B, undo waste: 0B, 
[1.004s][debug][gc,plab           ] GC(69) Young other allocation: region end waste: 0B, regions filled: 0, direct allocated: 0B, failure used: 0B, failure wasted: 0B
[1.004s][debug][gc,plab           ] GC(69) Young sizing: calculated: 0B, actual: 2064B
[1.004s][debug][gc,plab           ] GC(69) Old PLAB allocation: allocated: 0B, wasted: 0B, unused: 0B, used: 0B, undo waste: 0B, 
[1.004s][debug][gc,plab           ] GC(69) Old other allocation: region end waste: 0B, regions filled: 0, direct allocated: 0B, failure used: 1573248B, failure wasted: 523904B
[1.004s][debug][gc,plab           ] GC(69) Old sizing: calculated: 0B, actual: 2064B
[1.004s][debug][gc,ergo,heap      ] GC(69) Heap expansion: short term pause time ratio 41.87% long term pause time ratio 13.56% threshold 7.69% pause time ratio 7.69% fully expanded true resize by 0B
[1.004s][debug][gc,mmu            ] GC(69) MMU: 10.8ms (50.0ms/51.0ms)
[1.004s][debug][gc,alloc,stats    ] Old generation allocation in the last mutator period, old gen allocated: 2097152B, humongous allocated: 0B,old gen growth: 2097152B.
[1.004s][debug][gc,ihop           ] GC(69) Basic information (value update), threshold: 201892032B (75.21), target occupancy: 268435456B, current occupancy: 255970792B, recent allocation size: 2097152B, recent allocation duration: 2.61ms, recent old gen allocation rate: 804731493.57B/s, recent marking phase length: 9.93ms
[1.004s][debug][gc,ihop           ] GC(69) Adaptive IHOP information (value update), threshold: 201892032B (88.48), internal target occupancy: 228170137B, occupancy: 255970792B, additional buffer size: 12582912B, predicted old gen allocation rate: 260878009.16B/s, predicted marking phase length: 52.50ms, prediction active: true
[1.004s][debug][gc,ergo,refine    ] GC(69) Concurrent refinement times: Logged Cards Scan time goal: 5.00ms Logged Cards Scan time: 0.00ms HCC time: 0.00ms
[1.004s][debug][gc,ergo,refine    ] GC(69) Updated Refinement Zones: green: 3328, yellow: 9984, red: 16640
[1.004s][info ][gc                ] GC(69) To-space exhausted
[1.004s][info ][gc,phases         ] GC(69)   Pre Evacuate Collection Set: 0.8ms
[1.004s][debug][gc,phases         ] GC(69)     Prepare TLABs: 0.0ms
[1.004s][debug][gc,phases         ] GC(69)     Concatenate Dirty Card Logs: 0.0ms
[1.004s][debug][gc,phases         ] GC(69)     Choose Collection Set: 0.0ms
[1.004s][debug][gc,phases         ] GC(69)     Region Register: 0.8ms
[1.004s][debug][gc,phases         ] GC(69)     Prepare Heap Roots: 0.0ms
[1.004s][info ][gc,phases         ] GC(69)   Merge Heap Roots: 0.2ms
[1.004s][debug][gc,phases         ] GC(69)     Prepare Merge Heap Roots: 0.0ms
[1.004s][debug][gc,phases         ] GC(69)     Eager Reclaim (ms):            skipped
[1.004s][debug][gc,phases         ] GC(69)     Remembered Sets (ms):          Min:  0.0, Avg:  0.0, Max:  0.0, Diff:  0.0, Sum:  0.0, Workers: 12
[1.004s][debug][gc,phases         ] GC(69)       Merged Sparse:                 Min: 0, Avg:  0.0, Max: 0, Diff: 0, Sum: 0, Workers: 12
[1.004s][debug][gc,phases         ] GC(69)       Merged Fine:                   Min: 0, Avg:  0.0, Max: 0, Diff: 0, Sum: 0, Workers: 12
[1.004s][debug][gc,phases         ] GC(69)       Merged Coarse:                 Min: 0, Avg:  0.0, Max: 0, Diff: 0, Sum: 0, Workers: 12
[1.004s][debug][gc,phases         ] GC(69)       Dirty Cards:                   Min: 0, Avg:  0.0, Max: 0, Diff: 0, Sum: 0, Workers: 12
[1.004s][debug][gc,phases         ] GC(69)     Hot Card Cache (ms):           Min:  0.0, Avg:  0.0, Max:  0.0, Diff:  0.0, Sum:  0.0, Workers: 12
[1.004s][debug][gc,phases         ] GC(69)       Dirty Cards:                   Min: 0, Avg:  0.0, Max: 0, Diff: 0, Sum: 0, Workers: 12
[1.004s][debug][gc,phases         ] GC(69)       Skipped Cards:                 Min: 0, Avg:  0.0, Max: 0, Diff: 0, Sum: 0, Workers: 12
[1.004s][debug][gc,phases         ] GC(69)     Log Buffers (ms):              Min:  0.0, Avg:  0.0, Max:  0.0, Diff:  0.0, Sum:  0.0, Workers: 12
[1.004s][debug][gc,phases         ] GC(69)       Dirty Cards:                   Min: 0, Avg:  0.2, Max: 2, Diff: 2, Sum: 2, Workers: 12
[1.004s][debug][gc,phases         ] GC(69)       Skipped Cards:                 Min: 0, Avg:  0.0, Max: 0, Diff: 0, Sum: 0, Workers: 12
[1.004s][info ][gc,phases         ] GC(69)   Evacuate Collection Set: 0.4ms
[1.004s][debug][gc,phases         ] GC(69)     Ext Root Scanning (ms):        Min:  0.0, Avg:  0.0, Max:  0.1, Diff:  0.1, Sum:  0.2, Workers: 12
[1.004s][debug][gc,phases         ] GC(69)     Scan Heap Roots (ms):          Min:  0.0, Avg:  0.0, Max:  0.0, Diff:  0.0, Sum:  0.0, Workers: 12
[1.004s][debug][gc,phases         ] GC(69)       Scanned Cards:                 Min: 0, Avg:  0.5, Max: 6, Diff: 6, Sum: 6, Workers: 12
[1.004s][debug][gc,phases         ] GC(69)       Scanned Blocks:                Min: 0, Avg:  0.3, Max: 4, Diff: 4, Sum: 4, Workers: 12
[1.004s][debug][gc,phases         ] GC(69)       Claimed Chunks:                Min: 0, Avg:  0.2, Max: 3, Diff: 3, Sum: 3, Workers: 12
[1.004s][debug][gc,phases         ] GC(69)     Code Root Scan (ms):           Min:  0.0, Avg:  0.0, Max:  0.0, Diff:  0.0, Sum:  0.0, Workers: 12
[1.004s][debug][gc,phases         ] GC(69)     Object Copy (ms):              Min:  0.0, Avg:  0.0, Max:  0.1, Diff:  0.1, Sum:  0.2, Workers: 12
[1.004s][debug][gc,phases         ] GC(69)     Termination (ms):              Min:  0.1, Avg:  0.2, Max:  0.2, Diff:  0.1, Sum:  2.4, Workers: 12
[1.004s][debug][gc,phases         ] GC(69)       Termination Attempts:          Min: 1, Avg:  1.0, Max: 1, Diff: 0, Sum: 12, Workers: 12
[1.004s][debug][gc,phases         ] GC(69)     GC Worker Other (ms):          Min:  0.0, Avg:  0.0, Max:  0.0, Diff:  0.0, Sum:  0.0, Workers: 12
[1.004s][debug][gc,phases         ] GC(69)     GC Worker Total (ms):          Min:  0.1, Avg:  0.2, Max:  0.3, Diff:  0.2, Sum:  2.8, Workers: 12
[1.004s][info ][gc,phases         ] GC(69)   Post Evacuate Collection Set: 0.4ms
[1.004s][debug][gc,phases         ] GC(69)     Code Roots Fixup: 0.0ms
[1.004s][debug][gc,phases         ] GC(69)     Reference Processing: 0.0ms
[1.004s][debug][gc,phases,ref     ] GC(69)       Reconsider SoftReferences: 0.0ms
[1.004s][debug][gc,phases,ref     ] GC(69)         SoftRef (ms):                  skipped
[1.004s][debug][gc,phases,ref     ] GC(69)       Notify Soft/WeakReferences: 0.0ms
[1.004s][debug][gc,phases,ref     ] GC(69)         SoftRef (ms):                  skipped
[1.004s][debug][gc,phases,ref     ] GC(69)         WeakRef (ms):                  skipped
[1.004s][debug][gc,phases,ref     ] GC(69)         FinalRef (ms):                 skipped
[1.004s][debug][gc,phases,ref     ] GC(69)         Total (ms):                    skipped
[1.004s][debug][gc,phases,ref     ] GC(69)       Notify and keep alive finalizable: 0.0ms
[1.004s][debug][gc,phases,ref     ] GC(69)         FinalRef (ms):                 skipped
[1.004s][debug][gc,phases,ref     ] GC(69)       Notify PhantomReferences: 0.0ms
[1.004s][debug][gc,phases,ref     ] GC(69)         PhantomRef (ms):               skipped
[1.004s][debug][gc,phases,ref     ] GC(69)       SoftReference:
[1.004s][debug][gc,phases,ref     ] GC(69)         Discovered: 0
[1.004s][debug][gc,phases,ref     ] GC(69)         Cleared: 0
[1.004s][debug][gc,phases,ref     ] GC(69)       WeakReference:
[1.004s][debug][gc,phases,ref     ] GC(69)         Discovered: 0
[1.004s][debug][gc,phases,ref     ] GC(69)         Cleared: 0
[1.004s][debug][gc,phases,ref     ] GC(69)       FinalReference:
[1.004s][debug][gc,phases,ref     ] GC(69)         Discovered: 0
[1.004s][debug][gc,phases,ref     ] GC(69)         Cleared: 0
[1.004s][debug][gc,phases,ref     ] GC(69)       PhantomReference:
[1.004s][debug][gc,phases,ref     ] GC(69)         Discovered: 0
[1.004s][debug][gc,phases,ref     ] GC(69)         Cleared: 0
[1.004s][debug][gc,phases         ] GC(69)     Weak Processing: 0.0ms
[1.004s][debug][gc,phases         ] GC(69)       VM Weak                        Min:  0.0, Avg:  0.0, Max:  0.0, Diff:  0.0, Sum:  0.0, Workers: 1
[1.004s][debug][gc,phases         ] GC(69)         Dead                           Min: 0, Avg:  0.0, Max: 0, Diff: 0, Sum: 0, Workers: 1
[1.004s][debug][gc,phases         ] GC(69)         Total                          Min: 4, Avg:  4.0, Max: 4, Diff: 0, Sum: 4, Workers: 1
[1.004s][debug][gc,phases         ] GC(69)       ObjectSynchronizer Weak        Min:  0.0, Avg:  0.0, Max:  0.0, Diff:  0.0, Sum:  0.0, Workers: 1
[1.004s][debug][gc,phases         ] GC(69)         Dead                           Min: 0, Avg:  0.0, Max: 0, Diff: 0, Sum: 0, Workers: 1
[1.004s][debug][gc,phases         ] GC(69)         Total                          Min: 4, Avg:  4.0, Max: 4, Diff: 0, Sum: 4, Workers: 1
[1.004s][debug][gc,phases         ] GC(69)       JVMTI Tag Weak OopStorage      Min:  0.0, Avg:  0.0, Max:  0.0, Diff:  0.0, Sum:  0.0, Workers: 1
[1.004s][debug][gc,phases         ] GC(69)         Dead                           Min: 0, Avg:  0.0, Max: 0, Diff: 0, Sum: 0, Workers: 1
[1.004s][debug][gc,phases         ] GC(69)         Total                          Min: 0, Avg:  0.0, Max: 0, Diff: 0, Sum: 0, Workers: 1
[1.004s][debug][gc,phases         ] GC(69)       StringTable Weak               Min:  0.0, Avg:  0.0, Max:  0.0, Diff:  0.0, Sum:  0.0, Workers: 1
[1.004s][debug][gc,phases         ] GC(69)         Dead                           Min: 0, Avg:  0.0, Max: 0, Diff: 0, Sum: 0, Workers: 1
[1.004s][debug][gc,phases         ] GC(69)         Total                          Min: 39, Avg: 39.0, Max: 39, Diff: 0, Sum: 39, Workers: 1
[1.004s][debug][gc,phases         ] GC(69)       ResolvedMethodTable Weak       Min:  0.0, Avg:  0.0, Max:  0.0, Diff:  0.0, Sum:  0.0, Workers: 1
[1.004s][debug][gc,phases         ] GC(69)         Dead                           Min: 0, Avg:  0.0, Max: 0, Diff: 0, Sum: 0, Workers: 1
[1.004s][debug][gc,phases         ] GC(69)         Total                          Min: 22, Avg: 22.0, Max: 22, Diff: 0, Sum: 22, Workers: 1
[1.004s][debug][gc,phases         ] GC(69)       JNI Weak                       Min:  0.0, Avg:  0.0, Max:  0.0, Diff:  0.0, Sum:  0.0, Workers: 1
[1.004s][debug][gc,phases         ] GC(69)         Dead                           Min: 0, Avg:  0.0, Max: 0, Diff: 0, Sum: 0, Workers: 1
[1.004s][debug][gc,phases         ] GC(69)         Total                          Min: 0, Avg:  0.0, Max: 0, Diff: 0, Sum: 0, Workers: 1
[1.004s][debug][gc,phases         ] GC(69)       StringDedup Table Weak         Min:  0.0, Avg:  0.0, Max:  0.0, Diff:  0.0, Sum:  0.0, Workers: 1
[1.004s][debug][gc,phases         ] GC(69)         Dead                           Min: 0, Avg:  0.0, Max: 0, Diff: 0, Sum: 0, Workers: 1
[1.004s][debug][gc,phases         ] GC(69)         Total                          Min: 0, Avg:  0.0, Max: 0, Diff: 0, Sum: 0, Workers: 1
[1.004s][debug][gc,phases         ] GC(69)       StringDedup Requests0 Weak     Min:  0.0, Avg:  0.0, Max:  0.0, Diff:  0.0, Sum:  0.0, Workers: 1
[1.004s][debug][gc,phases         ] GC(69)         Dead                           Min: 0, Avg:  0.0, Max: 0, Diff: 0, Sum: 0, Workers: 1
[1.004s][debug][gc,phases         ] GC(69)         Total                          Min: 0, Avg:  0.0, Max: 0, Diff: 0, Sum: 0, Workers: 1
[1.004s][debug][gc,phases         ] GC(69)       StringDedup Requests1 Weak     Min:  0.0, Avg:  0.0, Max:  0.0, Diff:  0.0, Sum:  0.0, Workers: 1
[1.004s][debug][gc,phases         ] GC(69)         Dead                           Min: 0, Avg:  0.0, Max: 0, Diff: 0, Sum: 0, Workers: 1
[1.004s][debug][gc,phases         ] GC(69)         Total                          Min: 0, Avg:  0.0, Max: 0, Diff: 0, Sum: 0, Workers: 1
[1.004s][debug][gc,phases         ] GC(69)       Weak JFR Old Object Samples    Min:  0.0, Avg:  0.0, Max:  0.0, Diff:  0.0, Sum:  0.0, Workers: 1
[1.004s][debug][gc,phases         ] GC(69)         Dead                           Min: 0, Avg:  0.0, Max: 0, Diff: 0, Sum: 0, Workers: 1
[1.004s][debug][gc,phases         ] GC(69)         Total                          Min: 0, Avg:  0.0, Max: 0, Diff: 0, Sum: 0, Workers: 1
[1.004s][debug][gc,phases         ] GC(69)     Post Evacuate Cleanup 1: 0.1ms
[1.004s][debug][gc,phases         ] GC(69)       Merge Per-Thread State (ms):   Min:  0.0, Avg:  0.0, Max:  0.0, Diff:  0.0, Sum:  0.0, Workers: 1
[1.004s][debug][gc,phases         ] GC(69)         Copied Bytes                   Min: 0, Avg:  0.0, Max: 0, Diff: 0, Sum: 0, Workers: 12
[1.004s][debug][gc,phases         ] GC(69)         LAB Waste                      Min: 0, Avg:  0.0, Max: 0, Diff: 0, Sum: 0, Workers: 12
[1.004s][debug][gc,phases         ] GC(69)         LAB Undo Waste                 Min: 0, Avg:  0.0, Max: 0, Diff: 0, Sum: 0, Workers: 12
[1.004s][debug][gc,phases         ] GC(69)       Clear Logged Cards (ms):       Min:  0.0, Avg:  0.0, Max:  0.0, Diff:  0.0, Sum:  0.0, Workers: 5
[1.004s][debug][gc,phases         ] GC(69)       Recalculate Used Memory (ms):  Min:  0.0, Avg:  0.0, Max:  0.0, Diff:  0.0, Sum:  0.0, Workers: 1
[1.004s][debug][gc,phases         ] GC(69)       Remove Self Forwards (ms):     Min:  0.0, Avg:  0.0, Max:  0.0, Diff:  0.0, Sum:  0.0, Workers: 5
[1.004s][debug][gc,phases         ] GC(69)     Post Evacuate Cleanup 2: 0.1ms
[1.004s][debug][gc,phases         ] GC(69)       Recalculate Used Memory (ms):  Min:  0.0, Avg:  0.0, Max:  0.0, Diff:  0.0, Sum:  0.0, Workers: 1
[1.004s][debug][gc,phases         ] GC(69)       Restore Preserved Marks (ms):  Min:  0.0, Avg:  0.0, Max:  0.0, Diff:  0.0, Sum:  0.0, Workers: 12
[1.004s][debug][gc,phases         ] GC(69)       Reset Hot Card Cache (ms):     Min:  0.0, Avg:  0.0, Max:  0.0, Diff:  0.0, Sum:  0.0, Workers: 1
[1.004s][debug][gc,phases         ] GC(69)       Purge Code Roots (ms):         Min:  0.0, Avg:  0.0, Max:  0.0, Diff:  0.0, Sum:  0.0, Workers: 1
[1.004s][debug][gc,phases         ] GC(69)       Update Derived Pointers (ms):  Min:  0.0, Avg:  0.0, Max:  0.0, Diff:  0.0, Sum:  0.0, Workers: 1
[1.004s][debug][gc,phases         ] GC(69)       Eagerly Reclaim Humongous Objects (ms): Min:  0.0, Avg:  0.0, Max:  0.0, Diff:  0.0, Sum:  0.0, Workers: 1
[1.004s][debug][gc,phases         ] GC(69)         Humongous Total                Min: 33, Avg: 33.0, Max: 33, Diff: 0, Sum: 33, Workers: 1
[1.004s][debug][gc,phases         ] GC(69)         Humongous Candidates           Min: 0, Avg:  0.0, Max: 0, Diff: 0, Sum: 0, Workers: 1
[1.004s][debug][gc,phases         ] GC(69)         Humongous Reclaimed            Min: 0, Avg:  0.0, Max: 0, Diff: 0, Sum: 0, Workers: 1
[1.004s][debug][gc,phases         ] GC(69)       Redirty Logged Cards (ms):     Min:  0.0, Avg:  0.0, Max:  0.0, Diff:  0.0, Sum:  0.0, Workers: 12
[1.004s][debug][gc,phases         ] GC(69)         Redirtied Cards:               Min: 0, Avg:  0.4, Max: 5, Diff: 5, Sum: 5, Workers: 12
[1.004s][debug][gc,phases         ] GC(69)       Free Collection Set (ms):      Min:  0.0, Avg:  0.0, Max:  0.0, Diff:  0.0, Sum:  0.0, Workers: 12
[1.004s][debug][gc,phases         ] GC(69)     Rebuild Free List: 0.1ms
[1.004s][debug][gc,phases         ] GC(69)     Start New Collection Set: 0.0ms
[1.004s][debug][gc,phases         ] GC(69)     Resize TLABs: 0.0ms
[1.004s][debug][gc,phases         ] GC(69)     Expand Heap After Collection: 0.0ms
[1.004s][info ][gc,phases         ] GC(69)   Other: 0.1ms
[1.004s][info ][gc,heap           ] GC(69) Eden regions: 1->0(12)
[1.004s][info ][gc,heap           ] GC(69) Survivor regions: 1->0(0)
[1.004s][info ][gc,heap           ] GC(69) Old regions: 159->161
[1.004s][info ][gc,heap           ] GC(69) Archive regions: 2->2
[1.004s][info ][gc,heap           ] GC(69) Humongous regions: 93->93
[1.004s][info ][gc,metaspace      ] GC(69) Metaspace: 136K(320K)->136K(320K) NonClass: 131K(192K)->131K(192K) Class: 5K(128K)->5K(128K)
[1.004s][debug][gc,heap           ] GC(69) Heap after GC invocations=64 (full 10):
[1.004s][debug][gc,heap           ] GC(69)  garbage-first heap   total 262144K, used 249971K [0x00000000f0000000, 0x0000000100000000)
[1.004s][debug][gc,heap           ] GC(69)   region size 1024K, 0 young (0K), 0 survivors (0K)
[1.004s][debug][gc,heap           ] GC(69)  Metaspace       used 136K, committed 320K, reserved 1114112K
[1.004s][debug][gc,heap           ] GC(69)   class space    used 5K, committed 128K, reserved 1048576K
[1.004s][info ][gc                ] GC(69) Pause Young (Normal) (G1 Evacuation Pause) 244M->244M(256M) 2.396ms
[1.004s][info ][gc,cpu            ] GC(69) User=0.00s Sys=0.00s Real=0.00s
[1.004s][debug][gc,ergo,heap      ] Attempt heap expansion (allocation request failed). Allocation request: 65552B
[1.004s][debug][gc,ergo,heap      ] Expand the heap. requested expansion amount: 1048576B expansion amount: 1048576B
[1.004s][debug][gc,ergo,heap      ] Did not expand the heap (heap already fully expanded)
[1.004s][info ][gc,ergo           ] Attempting full compaction
[1.004s][debug][gc,task           ] GC(70) Requesting 9 active workers for full compaction (waste limited workers: 13, adaptive workers: 9, used limited workers: 256)
[1.004s][info ][gc,task           ] GC(70) Using 9 workers of 13 for full compaction
[1.004s][info ][gc,start          ] GC(70) Pause Full (G1 Compaction Pause)
[1.004s][debug][gc,heap           ] GC(70) Heap before GC invocations=64 (full 10):
[1.004s][debug][gc,heap           ] GC(70)  garbage-first heap   total 262144K, used 249971K [0x00000000f0000000, 0x0000000100000000)
[1.004s][debug][gc,heap           ] GC(70)   region size 1024K, 0 young (0K), 0 survivors (0K)
[1.004s][debug][gc,heap           ] GC(70)  Metaspace       used 136K, committed 320K, reserved 1114112K
[1.004s][debug][gc,heap           ] GC(70)   class space    used 5K, committed 128K, reserved 1048576K
[1.004s][debug][gc,start          ] GC(70) Clear Next Bitmap
[1.004s][debug][gc,ergo           ] GC(70) Running G1 Clear Bitmap with 4 workers for 4 work units.
[1.005s][debug][gc                ] GC(70) Clear Next Bitmap 0.136ms
[1.005s][debug][gc,alloc,region   ] GC(70) Mutator Allocation stats, regions: 0, wasted size: 0B ( 0.0%)
[1.005s][info ][gc,phases,start   ] GC(70) Phase 1: Mark live objects
[1.005s][debug][gc,phases,start   ] GC(70) Phase 1: Reference Processing
[1.005s][debug][gc,ref            ] GC(70) Skipped phase 1 of Reference Processing: no references
[1.005s][debug][gc,ref            ] GC(70) ReferenceProcessor::execute queues: 1, RefProcThreadModel::Single, marks_oops_alive: false
[1.005s][debug][gc,ref            ] GC(70) Skipped phase 3 of Reference Processing: no references
[1.005s][debug][gc,ref            ] GC(70) Skipped phase 4 of Reference Processing: no references
[1.005s][debug][gc,phases,ref     ] GC(70) Reference Processing: 0.0ms
[1.005s][debug][gc,phases,ref     ] GC(70)   Reconsider SoftReferences: 0.0ms
[1.005s][debug][gc,phases,ref     ] GC(70)     SoftRef (ms):                  skipped
[1.005s][debug][gc,phases,ref     ] GC(70)   Notify Soft/WeakReferences: 0.0ms
[1.005s][debug][gc,phases,ref     ] GC(70)     SoftRef (ms):                  Min:  0.0, Avg:  0.0, Max:  0.0, Diff:  0.0, Sum:  0.0, Workers: 13
[1.005s][debug][gc,phases,ref     ] GC(70)     WeakRef (ms):                  Min:  0.0, Avg:  0.0, Max:  0.0, Diff:  0.0, Sum:  0.0, Workers: 13
[1.005s][debug][gc,phases,ref     ] GC(70)     FinalRef (ms):                 Min:  0.0, Avg:  0.0, Max:  0.0, Diff:  0.0, Sum:  0.0, Workers: 13
[1.005s][debug][gc,phases,ref     ] GC(70)     Total (ms):                    Min:  0.0, Avg:  0.0, Max:  0.0, Diff:  0.0, Sum:  0.0, Workers: 13
[1.005s][debug][gc,phases,ref     ] GC(70)   Notify and keep alive finalizable: 0.0ms
[1.005s][debug][gc,phases,ref     ] GC(70)     FinalRef (ms):                 skipped
[1.005s][debug][gc,phases,ref     ] GC(70)   Notify PhantomReferences: 0.0ms
[1.005s][debug][gc,phases,ref     ] GC(70)     PhantomRef (ms):               skipped
[1.005s][debug][gc,phases,ref     ] GC(70)   SoftReference:
[1.005s][debug][gc,phases,ref     ] GC(70)     Discovered: 0
[1.005s][debug][gc,phases,ref     ] GC(70)     Cleared: 0
[1.005s][debug][gc,phases,ref     ] GC(70)   WeakReference:
[1.005s][debug][gc,phases,ref     ] GC(70)     Discovered: 11
[1.005s][debug][gc,phases,ref     ] GC(70)     Cleared: 11
[1.005s][debug][gc,phases,ref     ] GC(70)   FinalReference:
[1.005s][debug][gc,phases,ref     ] GC(70)     Discovered: 0
[1.005s][debug][gc,phases,ref     ] GC(70)     Cleared: 0
[1.005s][debug][gc,phases,ref     ] GC(70)   PhantomReference:
[1.005s][debug][gc,phases,ref     ] GC(70)     Discovered: 0
[1.005s][debug][gc,phases,ref     ] GC(70)     Cleared: 0
[1.005s][debug][gc,phases         ] GC(70) Phase 1: Reference Processing 0.174ms
[1.005s][debug][gc,phases,start   ] GC(70) Phase 1: Weak Processing
[1.006s][debug][gc,phases         ] GC(70)   VM Weak                        Min:  0.0, Avg:  0.0, Max:  0.0, Diff:  0.0, Sum:  0.0, Workers: 1
[1.006s][debug][gc,phases         ] GC(70)     Dead                           Min: 0, Avg:  0.0, Max: 0, Diff: 0, Sum: 0, Workers: 1
[1.006s][debug][gc,phases         ] GC(70)     Total                          Min: 4, Avg:  4.0, Max: 4, Diff: 0, Sum: 4, Workers: 1
[1.006s][debug][gc,phases         ] GC(70)   ObjectSynchronizer Weak        Min:  0.0, Avg:  0.0, Max:  0.0, Diff:  0.0, Sum:  0.0, Workers: 1
[1.006s][debug][gc,phases         ] GC(70)     Dead                           Min: 0, Avg:  0.0, Max: 0, Diff: 0, Sum: 0, Workers: 1
[1.006s][debug][gc,phases         ] GC(70)     Total                          Min: 4, Avg:  4.0, Max: 4, Diff: 0, Sum: 4, Workers: 1
[1.006s][debug][gc,phases         ] GC(70)   JVMTI Tag Weak OopStorage      Min:  0.0, Avg:  0.0, Max:  0.0, Diff:  0.0, Sum:  0.0, Workers: 1
[1.006s][debug][gc,phases         ] GC(70)     Dead                           Min: 0, Avg:  0.0, Max: 0, Diff: 0, Sum: 0, Workers: 1
[1.006s][debug][gc,phases         ] GC(70)     Total                          Min: 0, Avg:  0.0, Max: 0, Diff: 0, Sum: 0, Workers: 1
[1.006s][debug][gc,phases         ] GC(70)   StringTable Weak               Min:  0.0, Avg:  0.0, Max:  0.0, Diff:  0.0, Sum:  0.0, Workers: 1
[1.006s][debug][gc,phases         ] GC(70)     Dead                           Min: 0, Avg:  0.0, Max: 0, Diff: 0, Sum: 0, Workers: 1
[1.006s][debug][gc,phases         ] GC(70)     Total                          Min: 39, Avg: 39.0, Max: 39, Diff: 0, Sum: 39, Workers: 1
[1.006s][debug][gc,phases         ] GC(70)   ResolvedMethodTable Weak       Min:  0.0, Avg:  0.0, Max:  0.0, Diff:  0.0, Sum:  0.0, Workers: 1
[1.006s][debug][gc,phases         ] GC(70)     Dead                           Min: 0, Avg:  0.0, Max: 0, Diff: 0, Sum: 0, Workers: 1
[1.006s][debug][gc,phases         ] GC(70)     Total                          Min: 22, Avg: 22.0, Max: 22, Diff: 0, Sum: 22, Workers: 1
[1.006s][debug][gc,phases         ] GC(70)   JNI Weak                       Min:  0.0, Avg:  0.0, Max:  0.0, Diff:  0.0, Sum:  0.0, Workers: 1
[1.006s][debug][gc,phases         ] GC(70)     Dead                           Min: 0, Avg:  0.0, Max: 0, Diff: 0, Sum: 0, Workers: 1
[1.006s][debug][gc,phases         ] GC(70)     Total                          Min: 0, Avg:  0.0, Max: 0, Diff: 0, Sum: 0, Workers: 1
[1.006s][debug][gc,phases         ] GC(70)   StringDedup Table Weak         Min:  0.0, Avg:  0.0, Max:  0.0, Diff:  0.0, Sum:  0.0, Workers: 1
[1.006s][debug][gc,phases         ] GC(70)     Dead                           Min: 0, Avg:  0.0, Max: 0, Diff: 0, Sum: 0, Workers: 1
[1.006s][debug][gc,phases         ] GC(70)     Total                          Min: 0, Avg:  0.0, Max: 0, Diff: 0, Sum: 0, Workers: 1
[1.006s][debug][gc,phases         ] GC(70)   StringDedup Requests0 Weak     Min:  0.0, Avg:  0.0, Max:  0.0, Diff:  0.0, Sum:  0.0, Workers: 1
[1.006s][debug][gc,phases         ] GC(70)     Dead                           Min: 0, Avg:  0.0, Max: 0, Diff: 0, Sum: 0, Workers: 1
[1.006s][debug][gc,phases         ] GC(70)     Total                          Min: 0, Avg:  0.0, Max: 0, Diff: 0, Sum: 0, Workers: 1
[1.006s][debug][gc,phases         ] GC(70)   StringDedup Requests1 Weak     Min:  0.0, Avg:  0.0, Max:  0.0, Diff:  0.0, Sum:  0.0, Workers: 1
[1.006s][debug][gc,phases         ] GC(70)     Dead                           Min: 0, Avg:  0.0, Max: 0, Diff: 0, Sum: 0, Workers: 1
[1.006s][debug][gc,phases         ] GC(70)     Total                          Min: 0, Avg:  0.0, Max: 0, Diff: 0, Sum: 0, Workers: 1
[1.006s][debug][gc,phases         ] GC(70)   Weak JFR Old Object Samples    Min:  0.0, Avg:  0.0, Max:  0.0, Diff:  0.0, Sum:  0.0, Workers: 1
[1.006s][debug][gc,phases         ] GC(70)     Dead                           Min: 0, Avg:  0.0, Max: 0, Diff: 0, Sum: 0, Workers: 1
[1.006s][debug][gc,phases         ] GC(70)     Total                          Min: 0, Avg:  0.0, Max: 0, Diff: 0, Sum: 0, Workers: 1
[1.006s][debug][gc,phases         ] GC(70) Phase 1: Weak Processing 0.182ms
[1.006s][debug][gc,phases,start   ] GC(70) Phase 1: Class Unloading and Cleanup
[1.006s][debug][gc,phases,start   ] GC(70) ClassLoaderData
[1.006s][debug][gc,phases         ] GC(70) ClassLoaderData 0.004ms
[1.006s][debug][gc,phases,start   ] GC(70) Trigger cleanups
[1.006s][debug][gc,phases         ] GC(70) Trigger cleanups 0.003ms
[1.006s][debug][gc,phases         ] GC(70) Phase 1: Class Unloading and Cleanup 0.135ms
[1.006s][debug][gc,phases,start   ] GC(70) Report Object Count
[1.006s][debug][gc,phases         ] GC(70) Report Object Count 0.005ms
[1.006s][info ][gc,phases         ] GC(70) Phase 1: Mark live objects 1.286ms
[1.006s][info ][gc,phases,start   ] GC(70) Phase 2: Prepare for compaction
[1.006s][debug][gc,phases,start   ] GC(70) Phase 2: Prepare Serial Compaction
[1.006s][debug][gc,phases         ] GC(70) Phase 2: Prepare Serial Compaction 0.022ms
[1.006s][info ][gc,phases         ] GC(70) Phase 2: Prepare for compaction 0.195ms
[1.006s][info ][gc,phases,start   ] GC(70) Phase 3: Adjust pointers
[1.006s][info ][gc,phases         ] GC(70) Phase 3: Adjust pointers 0.331ms
[1.006s][info ][gc,phases,start   ] GC(70) Phase 4: Compact heap
[1.011s][debug][gc,phases,start   ] GC(70) Phase 4: Serial Compaction
[1.012s][debug][gc,phases         ] GC(70) Phase 4: Serial Compaction 0.683ms
[1.012s][info ][gc,phases         ] GC(70) Phase 4: Compact heap 5.434ms
[1.012s][debug][gc,ergo           ] GC(70) Running G1 Clear Bitmap with 4 workers for 4 work units.
[1.012s][debug][gc,alloc,stats    ] Old generation allocation in the last mutator period, old gen allocated: 0B, humongous allocated: 0B,old gen growth: 0B.
[1.012s][info ][gc,heap           ] GC(70) Eden regions: 0->0(12)
[1.012s][info ][gc,heap           ] GC(70) Survivor regions: 0->0(0)
[1.012s][info ][gc,heap           ] GC(70) Old regions: 161->160
[1.012s][info ][gc,heap           ] GC(70) Archive regions: 2->2
[1.012s][info ][gc,heap           ] GC(70) Humongous regions: 93->93
[1.012s][info ][gc,metaspace      ] GC(70) Metaspace: 136K(320K)->136K(320K) NonClass: 131K(192K)->131K(192K) Class: 5K(128K)->5K(128K)
[1.012s][debug][gc,heap           ] GC(70) Heap after GC invocations=65 (full 11):
[1.012s][debug][gc,heap           ] GC(70)  garbage-first heap   total 262144K, used 249123K [0x00000000f0000000, 0x0000000100000000)
[1.012s][debug][gc,heap           ] GC(70)   region size 1024K, 0 young (0K), 0 survivors (0K)
[1.012s][debug][gc,heap           ] GC(70)  Metaspace       used 136K, committed 320K, reserved 1114112K
[1.012s][debug][gc,heap           ] GC(70)   class space    used 5K, committed 128K, reserved 1048576K
[1.012s][info ][gc                ] GC(70) Pause Full (G1 Compaction Pause) 244M->243M(256M) 7.836ms
[1.012s][info ][gc,cpu            ] GC(70) User=0.01s Sys=0.01s Real=0.01s
[1.012s][info ][gc,marking        ] GC(68) Concurrent Rebuild Remembered Sets 10.524ms
[1.012s][info ][gc,marking        ] GC(68) Concurrent Mark Abort
[1.012s][info ][gc                ] GC(68) Concurrent Mark Cycle 14.278ms
[1.013s][debug][gc,heap           ] GC(71) Heap before GC invocations=65 (full 11):
[1.013s][debug][gc,heap           ] GC(71)  garbage-first heap   total 262144K, used 249123K [0x00000000f0000000, 0x0000000100000000)
[1.013s][debug][gc,heap           ] GC(71)   region size 1024K, 1 young (1024K), 0 survivors (0K)
[1.013s][debug][gc,heap           ] GC(71)  Metaspace       used 136K, committed 320K, reserved 1114112K
[1.013s][debug][gc,heap           ] GC(71)   class space    used 5K, committed 128K, reserved 1048576K
[1.013s][info ][gc,start          ] GC(71) Pause Young (Normal) (G1 Humongous Allocation)
[1.013s][info ][gc,task           ] GC(71) Using 12 workers of 13 for evacuation
[1.013s][debug][gc,tlab           ] GC(71) TLAB totals: thrds: 2  refills: 2 max: 1 slow allocs: 0 max 0 waste: 41.7% gc: 93736B max: 47024B slow: 0B max: 0B
[1.013s][debug][gc,age            ] GC(71) Desired survivor size 1048576 bytes, new threshold 15 (max threshold 15)
[1.013s][debug][gc,refine,stats   ] GC(71) Mutator refinement: 0.00ms, refined: 0, precleaned: 0, dirtied: 1
[1.013s][debug][gc,refine,stats   ] GC(71) Concurrent refinement: 0.00ms, refined: 0, precleaned: 0, dirtied: 0
[1.013s][debug][gc,refine,stats   ] GC(71) Total refinement: 0.00ms, refined: 0, precleaned: 0, dirtied: 1
[1.013s][debug][gc,refine,stats   ] GC(71) Generate dirty cards rate: 0.08 cards/ms
[1.013s][debug][gc,alloc,region   ] GC(71) Mutator Allocation stats, regions: 1, wasted size: 0B ( 0.0%)
[1.013s][debug][gc,humongous      ] GC(71) Humongous region 0 (object size 1048592 @ 0x00000000f0000000) remset 0 code roots 0 marked 0 reclaim candidate 0 type array 1
[1.013s][debug][gc,humongous      ] GC(71) Humongous region 2 (object size 1048592 @ 0x00000000f0200000) remset 0 code roots 0 marked 0 reclaim candidate 0 type array 1
[1.013s][debug][gc,humongous      ] GC(71) Humongous region 4 (object size 1048592 @ 0x00000000f0400000) remset 0 code roots 0 marked 0 reclaim candidate 0 type array 1
[1.013s][debug][gc,humongous      ] GC(71) Humongous region 42 (object size 1048592 @ 0x00000000f2a00000) remset 0 code roots 0 marked 0 reclaim candidate 0 type array 1
[1.013s][debug][gc,humongous      ] GC(71) Humongous region 6 (object size 1048592 @ 0x00000000f0600000) remset 0 code roots 0 marked 0 reclaim candidate 0 type array 1
[1.013s][debug][gc,humongous      ] GC(71) Humongous region 64 (object size 1048592 @ 0x00000000f4000000) remset 0 code roots 0 marked 0 reclaim candidate 0 type array 1
[1.013s][debug][gc,humongous      ] GC(71) Humongous region 85 (object size 10485776 @ 0x00000000f5500000) remset 0 code roots 0 marked 0 reclaim candidate 0 type array 1
[1.013s][debug][gc,humongous      ] GC(71) Humongous region 203 (object size 1048592 @ 0x00000000fcb00000) remset 0 code roots 0 marked 0 reclaim candidate 0 type array 1
[1.013s][debug][gc,humongous      ] GC(71) Humongous region 8 (object size 1048592 @ 0x00000000f0800000) remset 0 code roots 0 marked 0 reclaim candidate 0 type array 1
[1.013s][debug][gc,humongous      ] GC(71) Humongous region 238 (object size 1048592 @ 0x00000000fee00000) remset 0 code roots 0 marked 0 reclaim candidate 0 type array 1
[1.013s][debug][gc,humongous      ] GC(71) Humongous region 249 (object size 1048592 @ 0x00000000ff900000) remset 0 code roots 0 marked 0 reclaim candidate 0 type array 1
[1.013s][debug][gc,humongous      ] GC(71) Humongous region 12 (object size 1048592 @ 0x00000000f0c00000) remset 0 code roots 0 marked 0 reclaim candidate 0 type array 1
[1.013s][debug][gc,humongous      ] GC(71) Humongous region 22 (object size 1048592 @ 0x00000000f1600000) remset 0 code roots 0 marked 0 reclaim candidate 0 type array 1
[1.013s][debug][gc,humongous      ] GC(71) Humongous region 18 (object size 1048592 @ 0x00000000f1200000) remset 0 code roots 0 marked 0 reclaim candidate 0 type array 1
[1.013s][debug][gc,humongous      ] GC(71) Humongous region 205 (object size 1048592 @ 0x00000000fcd00000) remset 0 code roots 0 marked 0 reclaim candidate 0 type array 1
[1.013s][debug][gc,humongous      ] GC(71) Humongous region 20 (object size 1048592 @ 0x00000000f1400000) remset 0 code roots 0 marked 0 reclaim candidate 0 type array 1
[1.013s][debug][gc,humongous      ] GC(71) Humongous region 244 (object size 1048592 @ 0x00000000ff400000) remset 0 code roots 0 marked 0 reclaim candidate 0 type array 1
[1.013s][debug][gc,humongous      ] GC(71) Humongous region 126 (object size 1048592 @ 0x00000000f7e00000) remset 0 code roots 0 marked 0 reclaim candidate 0 type array 1
[1.013s][debug][gc,humongous      ] GC(71) Humongous region 30 (object size 1048592 @ 0x00000000f1e00000) remset 0 code roots 0 marked 0 reclaim candidate 0 type array 1
[1.013s][debug][gc,humongous      ] GC(71) Humongous region 83 (object size 1048592 @ 0x00000000f5300000) remset 0 code roots 0 marked 0 reclaim candidate 0 type array 1
[1.013s][debug][gc,humongous      ] GC(71) Humongous region 14 (object size 1048592 @ 0x00000000f0e00000) remset 0 code roots 0 marked 0 reclaim candidate 0 type array 1
[1.013s][debug][gc,humongous      ] GC(71) Humongous region 60 (object size 1048592 @ 0x00000000f3c00000) remset 0 code roots 0 marked 0 reclaim candidate 0 type array 1
[1.013s][debug][gc,humongous      ] GC(71) Humongous region 16 (object size 1048592 @ 0x00000000f1000000) remset 0 code roots 0 marked 0 reclaim candidate 0 type array 1
[1.013s][debug][gc,humongous      ] GC(71) Humongous region 159 (object size 10485776 @ 0x00000000f9f00000) remset 0 code roots 0 marked 0 reclaim candidate 0 type array 1
[1.013s][debug][gc,humongous      ] GC(71) Humongous region 216 (object size 10485776 @ 0x00000000fd800000) remset 0 code roots 0 marked 0 reclaim candidate 0 type array 1
[1.013s][debug][gc,humongous      ] GC(71) Humongous region 26 (object size 1048592 @ 0x00000000f1a00000) remset 0 code roots 0 marked 0 reclaim candidate 0 type array 1
[1.013s][debug][gc,humongous      ] GC(71) Humongous region 10 (object size 1048592 @ 0x00000000f0a00000) remset 0 code roots 0 marked 0 reclaim candidate 0 type array 1
[1.013s][debug][gc,humongous      ] GC(71) Humongous region 32 (object size 1048592 @ 0x00000000f2000000) remset 0 code roots 0 marked 0 reclaim candidate 0 type array 1
[1.013s][debug][gc,humongous      ] GC(71) Humongous region 34 (object size 1048592 @ 0x00000000f2200000) remset 0 code roots 0 marked 0 reclaim candidate 0 type array 1
[1.013s][debug][gc,humongous      ] GC(71) Humongous region 36 (object size 1048592 @ 0x00000000f2400000) remset 0 code roots 0 marked 0 reclaim candidate 0 type array 1
[1.013s][debug][gc,humongous      ] GC(71) Humongous region 38 (object size 1048592 @ 0x00000000f2600000) remset 0 code roots 0 marked 0 reclaim candidate 0 type array 1
[1.013s][debug][gc,humongous      ] GC(71) Humongous region 24 (object size 1048592 @ 0x00000000f1800000) remset 0 code roots 0 marked 0 reclaim candidate 0 type array 1
[1.013s][debug][gc,humongous      ] GC(71) Humongous region 28 (object size 1048592 @ 0x00000000f1c00000) remset 0 code roots 0 marked 0 reclaim candidate 0 type array 1
[1.013s][debug][gc,ergo           ] GC(71) Running G1 Merge Heap Roots using 12 workers for 1 regions
[1.013s][debug][gc,remset         ] GC(71) Visited cards 32 Total dirty 2048 (1.56%) Total old 526336 (0.01%)
[1.013s][debug][gc,ergo,heap      ] GC(71) Attempt heap expansion (region allocation request failed). Allocation request: 65552B
[1.013s][debug][gc,ergo,heap      ] GC(71) Did not expand the heap (heap already fully expanded)
[1.014s][debug][gc,ref            ] GC(71) Skipped phase 1 of Reference Processing: no references
[1.014s][debug][gc,ref            ] GC(71) Skipped phase 2 of Reference Processing: no references
[1.014s][debug][gc,ref            ] GC(71) Skipped phase 3 of Reference Processing: no references
[1.014s][debug][gc,ref            ] GC(71) Skipped phase 4 of Reference Processing: no references
[1.014s][debug][gc,ergo           ] GC(71) Running G1 Rebuild Free List Task using 12 workers for rebuilding free list of regions
[1.014s][debug][gc,plab           ] GC(71) Young PLAB allocation: allocated: 0B, wasted: 0B, unused: 0B, used: 0B, undo waste: 0B, 
[1.014s][debug][gc,plab           ] GC(71) Young other allocation: region end waste: 0B, regions filled: 0, direct allocated: 0B, failure used: 0B, failure wasted: 0B
[1.014s][debug][gc,plab           ] GC(71) Young sizing: calculated: 0B, actual: 2064B
[1.014s][debug][gc,plab           ] GC(71) Old PLAB allocation: allocated: 0B, wasted: 0B, unused: 0B, used: 0B, undo waste: 0B, 
[1.014s][debug][gc,plab           ] GC(71) Old other allocation: region end waste: 0B, regions filled: 0, direct allocated: 0B, failure used: 327760B, failure wasted: 720816B
[1.014s][debug][gc,plab           ] GC(71) Old sizing: calculated: 0B, actual: 2064B
[1.014s][debug][gc,ergo,heap      ] GC(71) Heap expansion: short term pause time ratio 41.87% long term pause time ratio 13.56% threshold 7.69% pause time ratio 7.69% fully expanded true resize by 0B
[1.014s][debug][gc,ergo,ihop      ] GC(71) Request concurrent cycle initiation (occupancy higher than threshold) occupancy: 268435456B allocation request: 0B threshold: 201892032B (75.21) source: end of GC
[1.014s][debug][gc,mmu            ] GC(71) MMU: 10.5ms (50.0ms/51.0ms)
[1.014s][debug][gc,alloc,stats    ] Old generation allocation in the last mutator period, old gen allocated: 1048576B, humongous allocated: 0B,old gen growth: 1048576B.
[1.014s][debug][gc,ihop           ] GC(71) Basic information (value update), threshold: 202196812B (75.32), target occupancy: 268435456B, current occupancy: 255523672B, recent allocation size: 1048576B, recent allocation duration: 13.28ms, recent old gen allocation rate: 78934416.69B/s, recent marking phase length: 9.93ms
[1.014s][debug][gc,ihop           ] GC(71) Adaptive IHOP information (value update), threshold: 202196812B (88.62), internal target occupancy: 228170137B, occupancy: 255523672B, additional buffer size: 12582912B, predicted old gen allocation rate: 255072290.16B/s, predicted marking phase length: 52.50ms, prediction active: true
[1.014s][debug][gc,ergo,refine    ] GC(71) Concurrent refinement times: Logged Cards Scan time goal: 5.00ms Logged Cards Scan time: 0.00ms HCC time: 0.00ms
[1.014s][debug][gc,ergo,refine    ] GC(71) Updated Refinement Zones: green: 3328, yellow: 9984, red: 16640
[1.014s][info ][gc                ] GC(71) To-space exhausted
[1.014s][info ][gc,phases         ] GC(71)   Pre Evacuate Collection Set: 0.6ms
[1.014s][debug][gc,phases         ] GC(71)     Prepare TLABs: 0.0ms
[1.014s][debug][gc,phases         ] GC(71)     Concatenate Dirty Card Logs: 0.0ms
[1.014s][debug][gc,phases         ] GC(71)     Choose Collection Set: 0.0ms
[1.014s][debug][gc,phases         ] GC(71)     Region Register: 0.6ms
[1.014s][debug][gc,phases         ] GC(71)     Prepare Heap Roots: 0.0ms
[1.014s][info ][gc,phases         ] GC(71)   Merge Heap Roots: 0.2ms
[1.014s][debug][gc,phases         ] GC(71)     Prepare Merge Heap Roots: 0.0ms
[1.014s][debug][gc,phases         ] GC(71)     Eager Reclaim (ms):            skipped
[1.014s][debug][gc,phases         ] GC(71)     Remembered Sets (ms):          Min:  0.0, Avg:  0.0, Max:  0.0, Diff:  0.0, Sum:  0.0, Workers: 12
[1.014s][debug][gc,phases         ] GC(71)       Merged Sparse:                 Min: 0, Avg:  0.0, Max: 0, Diff: 0, Sum: 0, Workers: 12
[1.014s][debug][gc,phases         ] GC(71)       Merged Fine:                   Min: 0, Avg:  0.0, Max: 0, Diff: 0, Sum: 0, Workers: 12
[1.014s][debug][gc,phases         ] GC(71)       Merged Coarse:                 Min: 0, Avg:  0.0, Max: 0, Diff: 0, Sum: 0, Workers: 12
[1.014s][debug][gc,phases         ] GC(71)       Dirty Cards:                   Min: 0, Avg:  0.0, Max: 0, Diff: 0, Sum: 0, Workers: 12
[1.014s][debug][gc,phases         ] GC(71)     Hot Card Cache (ms):           Min:  0.0, Avg:  0.0, Max:  0.0, Diff:  0.0, Sum:  0.0, Workers: 12
[1.014s][debug][gc,phases         ] GC(71)       Dirty Cards:                   Min: 0, Avg:  0.0, Max: 0, Diff: 0, Sum: 0, Workers: 12
[1.014s][debug][gc,phases         ] GC(71)       Skipped Cards:                 Min: 0, Avg:  0.0, Max: 0, Diff: 0, Sum: 0, Workers: 12
[1.014s][debug][gc,phases         ] GC(71)     Log Buffers (ms):              Min:  0.0, Avg:  0.0, Max:  0.0, Diff:  0.0, Sum:  0.0, Workers: 12
[1.014s][debug][gc,phases         ] GC(71)       Dirty Cards:                   Min: 0, Avg:  0.0, Max: 0, Diff: 0, Sum: 0, Workers: 12
[1.015s][debug][gc,phases         ] GC(71)       Skipped Cards:                 Min: 0, Avg:  0.0, Max: 0, Diff: 0, Sum: 0, Workers: 12
[1.015s][info ][gc,phases         ] GC(71)   Evacuate Collection Set: 0.4ms
[1.015s][debug][gc,phases         ] GC(71)     Ext Root Scanning (ms):        Min:  0.0, Avg:  0.0, Max:  0.1, Diff:  0.1, Sum:  0.2, Workers: 12
[1.015s][debug][gc,phases         ] GC(71)     Scan Heap Roots (ms):          Min:  0.0, Avg:  0.0, Max:  0.0, Diff:  0.0, Sum:  0.0, Workers: 12
[1.015s][debug][gc,phases         ] GC(71)       Scanned Cards:                 Min: 0, Avg:  0.1, Max: 1, Diff: 1, Sum: 1, Workers: 12
[1.015s][debug][gc,phases         ] GC(71)       Scanned Blocks:                Min: 0, Avg:  0.1, Max: 1, Diff: 1, Sum: 1, Workers: 12
[1.015s][debug][gc,phases         ] GC(71)       Claimed Chunks:                Min: 0, Avg:  0.1, Max: 1, Diff: 1, Sum: 1, Workers: 12
[1.015s][debug][gc,phases         ] GC(71)     Code Root Scan (ms):           Min:  0.0, Avg:  0.0, Max:  0.0, Diff:  0.0, Sum:  0.0, Workers: 12
[1.015s][debug][gc,phases         ] GC(71)     Object Copy (ms):              Min:  0.0, Avg:  0.0, Max:  0.0, Diff:  0.0, Sum:  0.0, Workers: 12
[1.015s][debug][gc,phases         ] GC(71)     Termination (ms):              Min:  0.1, Avg:  0.2, Max:  0.2, Diff:  0.1, Sum:  2.4, Workers: 12
[1.015s][debug][gc,phases         ] GC(71)       Termination Attempts:          Min: 1, Avg:  1.0, Max: 1, Diff: 0, Sum: 12, Workers: 12
[1.015s][debug][gc,phases         ] GC(71)     GC Worker Other (ms):          Min:  0.0, Avg:  0.0, Max:  0.0, Diff:  0.0, Sum:  0.0, Workers: 12
[1.015s][debug][gc,phases         ] GC(71)     GC Worker Total (ms):          Min:  0.1, Avg:  0.2, Max:  0.3, Diff:  0.2, Sum:  2.7, Workers: 12
[1.015s][info ][gc,phases         ] GC(71)   Post Evacuate Collection Set: 0.4ms
[1.015s][debug][gc,phases         ] GC(71)     Code Roots Fixup: 0.0ms
[1.015s][debug][gc,phases         ] GC(71)     Reference Processing: 0.0ms
[1.015s][debug][gc,phases,ref     ] GC(71)       Reconsider SoftReferences: 0.0ms
[1.015s][debug][gc,phases,ref     ] GC(71)         SoftRef (ms):                  skipped
[1.015s][debug][gc,phases,ref     ] GC(71)       Notify Soft/WeakReferences: 0.0ms
[1.015s][debug][gc,phases,ref     ] GC(71)         SoftRef (ms):                  skipped
[1.015s][debug][gc,phases,ref     ] GC(71)         WeakRef (ms):                  skipped
[1.015s][debug][gc,phases,ref     ] GC(71)         FinalRef (ms):                 skipped
[1.015s][debug][gc,phases,ref     ] GC(71)         Total (ms):                    skipped
[1.015s][debug][gc,phases,ref     ] GC(71)       Notify and keep alive finalizable: 0.0ms
[1.015s][debug][gc,phases,ref     ] GC(71)         FinalRef (ms):                 skipped
[1.015s][debug][gc,phases,ref     ] GC(71)       Notify PhantomReferences: 0.0ms
[1.015s][debug][gc,phases,ref     ] GC(71)         PhantomRef (ms):               skipped
[1.015s][debug][gc,phases,ref     ] GC(71)       SoftReference:
[1.015s][debug][gc,phases,ref     ] GC(71)         Discovered: 0
[1.015s][debug][gc,phases,ref     ] GC(71)         Cleared: 0
[1.015s][debug][gc,phases,ref     ] GC(71)       WeakReference:
[1.015s][debug][gc,phases,ref     ] GC(71)         Discovered: 0
[1.015s][debug][gc,phases,ref     ] GC(71)         Cleared: 0
[1.015s][debug][gc,phases,ref     ] GC(71)       FinalReference:
[1.015s][debug][gc,phases,ref     ] GC(71)         Discovered: 0
[1.015s][debug][gc,phases,ref     ] GC(71)         Cleared: 0
[1.015s][debug][gc,phases,ref     ] GC(71)       PhantomReference:
[1.015s][debug][gc,phases,ref     ] GC(71)         Discovered: 0
[1.015s][debug][gc,phases,ref     ] GC(71)         Cleared: 0
[1.015s][debug][gc,phases         ] GC(71)     Weak Processing: 0.0ms
[1.015s][debug][gc,phases         ] GC(71)       VM Weak                        Min:  0.0, Avg:  0.0, Max:  0.0, Diff:  0.0, Sum:  0.0, Workers: 1
[1.015s][debug][gc,phases         ] GC(71)         Dead                           Min: 0, Avg:  0.0, Max: 0, Diff: 0, Sum: 0, Workers: 1
[1.015s][debug][gc,phases         ] GC(71)         Total                          Min: 4, Avg:  4.0, Max: 4, Diff: 0, Sum: 4, Workers: 1
[1.015s][debug][gc,phases         ] GC(71)       ObjectSynchronizer Weak        Min:  0.0, Avg:  0.0, Max:  0.0, Diff:  0.0, Sum:  0.0, Workers: 1
[1.015s][debug][gc,phases         ] GC(71)         Dead                           Min: 0, Avg:  0.0, Max: 0, Diff: 0, Sum: 0, Workers: 1
[1.015s][debug][gc,phases         ] GC(71)         Total                          Min: 4, Avg:  4.0, Max: 4, Diff: 0, Sum: 4, Workers: 1
[1.015s][debug][gc,phases         ] GC(71)       JVMTI Tag Weak OopStorage      Min:  0.0, Avg:  0.0, Max:  0.0, Diff:  0.0, Sum:  0.0, Workers: 1
[1.015s][debug][gc,phases         ] GC(71)         Dead                           Min: 0, Avg:  0.0, Max: 0, Diff: 0, Sum: 0, Workers: 1
[1.015s][debug][gc,phases         ] GC(71)         Total                          Min: 0, Avg:  0.0, Max: 0, Diff: 0, Sum: 0, Workers: 1
[1.015s][debug][gc,phases         ] GC(71)       StringTable Weak               Min:  0.0, Avg:  0.0, Max:  0.0, Diff:  0.0, Sum:  0.0, Workers: 1
[1.015s][debug][gc,phases         ] GC(71)         Dead                           Min: 0, Avg:  0.0, Max: 0, Diff: 0, Sum: 0, Workers: 1
[1.015s][debug][gc,phases         ] GC(71)         Total                          Min: 39, Avg: 39.0, Max: 39, Diff: 0, Sum: 39, Workers: 1
[1.015s][debug][gc,phases         ] GC(71)       ResolvedMethodTable Weak       Min:  0.0, Avg:  0.0, Max:  0.0, Diff:  0.0, Sum:  0.0, Workers: 1
[1.015s][debug][gc,phases         ] GC(71)         Dead                           Min: 0, Avg:  0.0, Max: 0, Diff: 0, Sum: 0, Workers: 1
[1.015s][debug][gc,phases         ] GC(71)         Total                          Min: 22, Avg: 22.0, Max: 22, Diff: 0, Sum: 22, Workers: 1
[1.015s][debug][gc,phases         ] GC(71)       JNI Weak                       Min:  0.0, Avg:  0.0, Max:  0.0, Diff:  0.0, Sum:  0.0, Workers: 1
[1.015s][debug][gc,phases         ] GC(71)         Dead                           Min: 0, Avg:  0.0, Max: 0, Diff: 0, Sum: 0, Workers: 1
[1.015s][debug][gc,phases         ] GC(71)         Total                          Min: 0, Avg:  0.0, Max: 0, Diff: 0, Sum: 0, Workers: 1
[1.015s][debug][gc,phases         ] GC(71)       StringDedup Table Weak         Min:  0.0, Avg:  0.0, Max:  0.0, Diff:  0.0, Sum:  0.0, Workers: 1
[1.015s][debug][gc,phases         ] GC(71)         Dead                           Min: 0, Avg:  0.0, Max: 0, Diff: 0, Sum: 0, Workers: 1
[1.015s][debug][gc,phases         ] GC(71)         Total                          Min: 0, Avg:  0.0, Max: 0, Diff: 0, Sum: 0, Workers: 1
[1.015s][debug][gc,phases         ] GC(71)       StringDedup Requests0 Weak     Min:  0.0, Avg:  0.0, Max:  0.0, Diff:  0.0, Sum:  0.0, Workers: 1
[1.015s][debug][gc,phases         ] GC(71)         Dead                           Min: 0, Avg:  0.0, Max: 0, Diff: 0, Sum: 0, Workers: 1
[1.015s][debug][gc,phases         ] GC(71)         Total                          Min: 0, Avg:  0.0, Max: 0, Diff: 0, Sum: 0, Workers: 1
[1.015s][debug][gc,phases         ] GC(71)       StringDedup Requests1 Weak     Min:  0.0, Avg:  0.0, Max:  0.0, Diff:  0.0, Sum:  0.0, Workers: 1
[1.015s][debug][gc,phases         ] GC(71)         Dead                           Min: 0, Avg:  0.0, Max: 0, Diff: 0, Sum: 0, Workers: 1
[1.015s][debug][gc,phases         ] GC(71)         Total                          Min: 0, Avg:  0.0, Max: 0, Diff: 0, Sum: 0, Workers: 1
[1.015s][debug][gc,phases         ] GC(71)       Weak JFR Old Object Samples    Min:  0.0, Avg:  0.0, Max:  0.0, Diff:  0.0, Sum:  0.0, Workers: 1
[1.015s][debug][gc,phases         ] GC(71)         Dead                           Min: 0, Avg:  0.0, Max: 0, Diff: 0, Sum: 0, Workers: 1
[1.015s][debug][gc,phases         ] GC(71)         Total                          Min: 0, Avg:  0.0, Max: 0, Diff: 0, Sum: 0, Workers: 1
[1.015s][debug][gc,phases         ] GC(71)     Post Evacuate Cleanup 1: 0.1ms
[1.015s][debug][gc,phases         ] GC(71)       Merge Per-Thread State (ms):   Min:  0.0, Avg:  0.0, Max:  0.0, Diff:  0.0, Sum:  0.0, Workers: 1
[1.015s][debug][gc,phases         ] GC(71)         Copied Bytes                   Min: 0, Avg:  0.0, Max: 0, Diff: 0, Sum: 0, Workers: 12
[1.015s][debug][gc,phases         ] GC(71)         LAB Waste                      Min: 0, Avg:  0.0, Max: 0, Diff: 0, Sum: 0, Workers: 12
[1.015s][debug][gc,phases         ] GC(71)         LAB Undo Waste                 Min: 0, Avg:  0.0, Max: 0, Diff: 0, Sum: 0, Workers: 12
[1.015s][debug][gc,phases         ] GC(71)       Clear Logged Cards (ms):       Min:  0.0, Avg:  0.0, Max:  0.0, Diff:  0.0, Sum:  0.0, Workers: 4
[1.015s][debug][gc,phases         ] GC(71)       Recalculate Used Memory (ms):  Min:  0.0, Avg:  0.0, Max:  0.0, Diff:  0.0, Sum:  0.0, Workers: 1
[1.015s][debug][gc,phases         ] GC(71)       Remove Self Forwards (ms):     Min:  0.0, Avg:  0.0, Max:  0.0, Diff:  0.0, Sum:  0.0, Workers: 4
[1.015s][debug][gc,phases         ] GC(71)     Post Evacuate Cleanup 2: 0.1ms
[1.015s][debug][gc,phases         ] GC(71)       Recalculate Used Memory (ms):  Min:  0.0, Avg:  0.0, Max:  0.0, Diff:  0.0, Sum:  0.0, Workers: 1
[1.015s][debug][gc,phases         ] GC(71)       Restore Preserved Marks (ms):  Min:  0.0, Avg:  0.0, Max:  0.0, Diff:  0.0, Sum:  0.0, Workers: 12
[1.015s][debug][gc,phases         ] GC(71)       Reset Hot Card Cache (ms):     Min:  0.0, Avg:  0.0, Max:  0.0, Diff:  0.0, Sum:  0.0, Workers: 1
[1.015s][debug][gc,phases         ] GC(71)       Purge Code Roots (ms):         Min:  0.0, Avg:  0.0, Max:  0.0, Diff:  0.0, Sum:  0.0, Workers: 1
[1.015s][debug][gc,phases         ] GC(71)       Update Derived Pointers (ms):  Min:  0.0, Avg:  0.0, Max:  0.0, Diff:  0.0, Sum:  0.0, Workers: 1
[1.015s][debug][gc,phases         ] GC(71)       Eagerly Reclaim Humongous Objects (ms): Min:  0.0, Avg:  0.0, Max:  0.0, Diff:  0.0, Sum:  0.0, Workers: 1
[1.015s][debug][gc,phases         ] GC(71)         Humongous Total                Min: 33, Avg: 33.0, Max: 33, Diff: 0, Sum: 33, Workers: 1
[1.015s][debug][gc,phases         ] GC(71)         Humongous Candidates           Min: 0, Avg:  0.0, Max: 0, Diff: 0, Sum: 0, Workers: 1
[1.015s][debug][gc,phases         ] GC(71)         Humongous Reclaimed            Min: 0, Avg:  0.0, Max: 0, Diff: 0, Sum: 0, Workers: 1
[1.015s][debug][gc,phases         ] GC(71)       Redirty Logged Cards (ms):     Min:  0.0, Avg:  0.0, Max:  0.0, Diff:  0.0, Sum:  0.0, Workers: 12
[1.015s][debug][gc,phases         ] GC(71)         Redirtied Cards:               Min: 0, Avg:  0.2, Max: 2, Diff: 2, Sum: 2, Workers: 12
[1.015s][debug][gc,phases         ] GC(71)       Free Collection Set (ms):      Min:  0.0, Avg:  0.0, Max:  0.0, Diff:  0.0, Sum:  0.0, Workers: 12
[1.015s][debug][gc,phases         ] GC(71)     Rebuild Free List: 0.2ms
[1.015s][debug][gc,phases         ] GC(71)     Start New Collection Set: 0.0ms
[1.015s][debug][gc,phases         ] GC(71)     Resize TLABs: 0.0ms
[1.015s][debug][gc,phases         ] GC(71)     Expand Heap After Collection: 0.0ms
[1.015s][info ][gc,phases         ] GC(71)   Other: 0.3ms
[1.015s][info ][gc,heap           ] GC(71) Eden regions: 1->0(12)
[1.015s][info ][gc,heap           ] GC(71) Survivor regions: 0->0(0)
[1.015s][info ][gc,heap           ] GC(71) Old regions: 160->161
[1.015s][info ][gc,heap           ] GC(71) Archive regions: 2->2
[1.015s][info ][gc,heap           ] GC(71) Humongous regions: 93->93
[1.015s][info ][gc,metaspace      ] GC(71) Metaspace: 136K(320K)->136K(320K) NonClass: 131K(192K)->131K(192K) Class: 5K(128K)->5K(128K)
[1.015s][debug][gc,heap           ] GC(71) Heap after GC invocations=66 (full 11):
[1.015s][debug][gc,heap           ] GC(71)  garbage-first heap   total 262144K, used 249534K [0x00000000f0000000, 0x0000000100000000)
[1.015s][debug][gc,heap           ] GC(71)   region size 1024K, 0 young (0K), 0 survivors (0K)
[1.015s][debug][gc,heap           ] GC(71)  Metaspace       used 136K, committed 320K, reserved 1114112K
[1.015s][debug][gc,heap           ] GC(71)   class space    used 5K, committed 128K, reserved 1048576K
[1.015s][info ][gc                ] GC(71) Pause Young (Normal) (G1 Humongous Allocation) 243M->243M(256M) 2.479ms
[1.015s][info ][gc,cpu            ] GC(71) User=0.01s Sys=0.00s Real=0.01s
[1.015s][debug][gc,ergo,heap      ] Attempt heap expansion (allocation request failed). Allocation request: 10485776B
[1.015s][debug][gc,ergo,heap      ] Expand the heap. requested expansion amount: 10485776B expansion amount: 11534336B
[1.015s][debug][gc,ergo,heap      ] Did not expand the heap (heap already fully expanded)
[1.015s][info ][gc,ergo           ] Attempting full compaction
[1.015s][debug][gc,task           ] GC(72) Requesting 9 active workers for full compaction (waste limited workers: 13, adaptive workers: 9, used limited workers: 256)
[1.015s][info ][gc,task           ] GC(72) Using 9 workers of 13 for full compaction
[1.015s][info ][gc,start          ] GC(72) Pause Full (G1 Compaction Pause)
[1.015s][debug][gc,heap           ] GC(72) Heap before GC invocations=66 (full 11):
[1.015s][debug][gc,heap           ] GC(72)  garbage-first heap   total 262144K, used 249534K [0x00000000f0000000, 0x0000000100000000)
[1.015s][debug][gc,heap           ] GC(72)   region size 1024K, 0 young (0K), 0 survivors (0K)
[1.015s][debug][gc,heap           ] GC(72)  Metaspace       used 136K, committed 320K, reserved 1114112K
[1.015s][debug][gc,heap           ] GC(72)   class space    used 5K, committed 128K, reserved 1048576K
[1.015s][debug][gc,alloc,region   ] GC(72) Mutator Allocation stats, regions: 0, wasted size: 0B ( 0.0%)
[1.015s][info ][gc,phases,start   ] GC(72) Phase 1: Mark live objects
[1.016s][debug][gc,phases,start   ] GC(72) Phase 1: Reference Processing
[1.016s][debug][gc,ref            ] GC(72) Skipped phase 1 of Reference Processing: no references
[1.016s][debug][gc,ref            ] GC(72) ReferenceProcessor::execute queues: 1, RefProcThreadModel::Single, marks_oops_alive: false
[1.016s][debug][gc,ref            ] GC(72) Skipped phase 3 of Reference Processing: no references
[1.016s][debug][gc,ref            ] GC(72) ReferenceProcessor::execute queues: 1, RefProcThreadModel::Single, marks_oops_alive: false
[1.016s][debug][gc,phases,ref     ] GC(72) Reference Processing: 0.1ms
[1.016s][debug][gc,phases,ref     ] GC(72)   Reconsider SoftReferences: 0.0ms
[1.016s][debug][gc,phases,ref     ] GC(72)     SoftRef (ms):                  skipped
[1.016s][debug][gc,phases,ref     ] GC(72)   Notify Soft/WeakReferences: 0.1ms
[1.016s][debug][gc,phases,ref     ] GC(72)     SoftRef (ms):                  Min:  0.0, Avg:  0.0, Max:  0.0, Diff:  0.0, Sum:  0.0, Workers: 13
[1.016s][debug][gc,phases,ref     ] GC(72)     WeakRef (ms):                  Min:  0.0, Avg:  0.0, Max:  0.0, Diff:  0.0, Sum:  0.0, Workers: 13
[1.016s][debug][gc,phases,ref     ] GC(72)     FinalRef (ms):                 Min:  0.0, Avg:  0.0, Max:  0.0, Diff:  0.0, Sum:  0.0, Workers: 13
[1.016s][debug][gc,phases,ref     ] GC(72)     Total (ms):                    Min:  0.0, Avg:  0.0, Max:  0.0, Diff:  0.0, Sum:  0.0, Workers: 13
[1.016s][debug][gc,phases,ref     ] GC(72)   Notify and keep alive finalizable: 0.0ms
[1.016s][debug][gc,phases,ref     ] GC(72)     FinalRef (ms):                 skipped
[1.016s][debug][gc,phases,ref     ] GC(72)   Notify PhantomReferences: 0.0ms
[1.016s][debug][gc,phases,ref     ] GC(72)     PhantomRef (ms):               Min:  0.0, Avg:  0.0, Max:  0.0, Diff:  0.0, Sum:  0.0, Workers: 13
[1.016s][debug][gc,phases,ref     ] GC(72)   SoftReference:
[1.016s][debug][gc,phases,ref     ] GC(72)     Discovered: 0
[1.016s][debug][gc,phases,ref     ] GC(72)     Cleared: 0
[1.016s][debug][gc,phases,ref     ] GC(72)   WeakReference:
[1.016s][debug][gc,phases,ref     ] GC(72)     Discovered: 11
[1.016s][debug][gc,phases,ref     ] GC(72)     Cleared: 11
[1.016s][debug][gc,phases,ref     ] GC(72)   FinalReference:
[1.016s][debug][gc,phases,ref     ] GC(72)     Discovered: 0
[1.016s][debug][gc,phases,ref     ] GC(72)     Cleared: 0
[1.016s][debug][gc,phases,ref     ] GC(72)   PhantomReference:
[1.016s][debug][gc,phases,ref     ] GC(72)     Discovered: 1
[1.016s][debug][gc,phases,ref     ] GC(72)     Cleared: 1
[1.016s][debug][gc,phases         ] GC(72) Phase 1: Reference Processing 0.229ms
[1.016s][debug][gc,phases,start   ] GC(72) Phase 1: Weak Processing
[1.016s][debug][gc,phases         ] GC(72)   VM Weak                        Min:  0.0, Avg:  0.0, Max:  0.0, Diff:  0.0, Sum:  0.0, Workers: 1
[1.016s][debug][gc,phases         ] GC(72)     Dead                           Min: 0, Avg:  0.0, Max: 0, Diff: 0, Sum: 0, Workers: 1
[1.016s][debug][gc,phases         ] GC(72)     Total                          Min: 4, Avg:  4.0, Max: 4, Diff: 0, Sum: 4, Workers: 1
[1.016s][debug][gc,phases         ] GC(72)   ObjectSynchronizer Weak        Min:  0.0, Avg:  0.0, Max:  0.0, Diff:  0.0, Sum:  0.0, Workers: 1
[1.016s][debug][gc,phases         ] GC(72)     Dead                           Min: 0, Avg:  0.0, Max: 0, Diff: 0, Sum: 0, Workers: 1
[1.016s][debug][gc,phases         ] GC(72)     Total                          Min: 4, Avg:  4.0, Max: 4, Diff: 0, Sum: 4, Workers: 1
[1.016s][debug][gc,phases         ] GC(72)   JVMTI Tag Weak OopStorage      Min:  0.0, Avg:  0.0, Max:  0.0, Diff:  0.0, Sum:  0.0, Workers: 1
[1.016s][debug][gc,phases         ] GC(72)     Dead                           Min: 0, Avg:  0.0, Max: 0, Diff: 0, Sum: 0, Workers: 1
[1.016s][debug][gc,phases         ] GC(72)     Total                          Min: 0, Avg:  0.0, Max: 0, Diff: 0, Sum: 0, Workers: 1
[1.016s][debug][gc,phases         ] GC(72)   StringTable Weak               Min:  0.0, Avg:  0.0, Max:  0.0, Diff:  0.0, Sum:  0.0, Workers: 1
[1.016s][debug][gc,phases         ] GC(72)     Dead                           Min: 0, Avg:  0.0, Max: 0, Diff: 0, Sum: 0, Workers: 1
[1.016s][debug][gc,phases         ] GC(72)     Total                          Min: 39, Avg: 39.0, Max: 39, Diff: 0, Sum: 39, Workers: 1
[1.016s][debug][gc,phases         ] GC(72)   ResolvedMethodTable Weak       Min:  0.0, Avg:  0.0, Max:  0.0, Diff:  0.0, Sum:  0.0, Workers: 1
[1.016s][debug][gc,phases         ] GC(72)     Dead                           Min: 0, Avg:  0.0, Max: 0, Diff: 0, Sum: 0, Workers: 1
[1.016s][debug][gc,phases         ] GC(72)     Total                          Min: 22, Avg: 22.0, Max: 22, Diff: 0, Sum: 22, Workers: 1
[1.016s][debug][gc,phases         ] GC(72)   JNI Weak                       Min:  0.0, Avg:  0.0, Max:  0.0, Diff:  0.0, Sum:  0.0, Workers: 1
[1.016s][debug][gc,phases         ] GC(72)     Dead                           Min: 0, Avg:  0.0, Max: 0, Diff: 0, Sum: 0, Workers: 1
[1.016s][debug][gc,phases         ] GC(72)     Total                          Min: 0, Avg:  0.0, Max: 0, Diff: 0, Sum: 0, Workers: 1
[1.016s][debug][gc,phases         ] GC(72)   StringDedup Table Weak         Min:  0.0, Avg:  0.0, Max:  0.0, Diff:  0.0, Sum:  0.0, Workers: 1
[1.016s][debug][gc,phases         ] GC(72)     Dead                           Min: 0, Avg:  0.0, Max: 0, Diff: 0, Sum: 0, Workers: 1
[1.016s][debug][gc,phases         ] GC(72)     Total                          Min: 0, Avg:  0.0, Max: 0, Diff: 0, Sum: 0, Workers: 1
[1.016s][debug][gc,phases         ] GC(72)   StringDedup Requests0 Weak     Min:  0.0, Avg:  0.0, Max:  0.0, Diff:  0.0, Sum:  0.0, Workers: 1
[1.016s][debug][gc,phases         ] GC(72)     Dead                           Min: 0, Avg:  0.0, Max: 0, Diff: 0, Sum: 0, Workers: 1
[1.016s][debug][gc,phases         ] GC(72)     Total                          Min: 0, Avg:  0.0, Max: 0, Diff: 0, Sum: 0, Workers: 1
[1.016s][debug][gc,phases         ] GC(72)   StringDedup Requests1 Weak     Min:  0.0, Avg:  0.0, Max:  0.0, Diff:  0.0, Sum:  0.0, Workers: 1
[1.016s][debug][gc,phases         ] GC(72)     Dead                           Min: 0, Avg:  0.0, Max: 0, Diff: 0, Sum: 0, Workers: 1
[1.016s][debug][gc,phases         ] GC(72)     Total                          Min: 0, Avg:  0.0, Max: 0, Diff: 0, Sum: 0, Workers: 1
[1.016s][debug][gc,phases         ] GC(72)   Weak JFR Old Object Samples    Min:  0.0, Avg:  0.0, Max:  0.0, Diff:  0.0, Sum:  0.0, Workers: 1
[1.016s][debug][gc,phases         ] GC(72)     Dead                           Min: 0, Avg:  0.0, Max: 0, Diff: 0, Sum: 0, Workers: 1
[1.016s][debug][gc,phases         ] GC(72)     Total                          Min: 0, Avg:  0.0, Max: 0, Diff: 0, Sum: 0, Workers: 1
[1.016s][debug][gc,phases         ] GC(72) Phase 1: Weak Processing 0.289ms
[1.016s][debug][gc,phases,start   ] GC(72) Phase 1: Class Unloading and Cleanup
[1.016s][debug][gc,phases,start   ] GC(72) ClassLoaderData
[1.017s][debug][gc,phases         ] GC(72) ClassLoaderData 0.005ms
[1.017s][debug][gc,phases,start   ] GC(72) Trigger cleanups
[1.017s][debug][gc,phases         ] GC(72) Trigger cleanups 0.005ms
[1.017s][debug][gc,phases         ] GC(72) Phase 1: Class Unloading and Cleanup 0.141ms
[1.017s][debug][gc,phases,start   ] GC(72) Report Object Count
[1.017s][debug][gc,phases         ] GC(72) Report Object Count 0.005ms
[1.017s][info ][gc,phases         ] GC(72) Phase 1: Mark live objects 1.486ms
[1.017s][info ][gc,phases,start   ] GC(72) Phase 2: Prepare for compaction
[1.017s][info ][gc,phases         ] GC(72) Phase 2: Prepare for compaction 0.201ms
[1.017s][info ][gc,phases,start   ] GC(72) Phase 3: Adjust pointers
[1.017s][info ][gc,phases         ] GC(72) Phase 3: Adjust pointers 0.389ms
[1.017s][info ][gc,phases,start   ] GC(72) Phase 4: Compact heap
[1.018s][info ][gc,phases         ] GC(72) Phase 4: Compact heap 0.329ms
[1.018s][debug][gc,ergo           ] GC(72) Running G1 Clear Bitmap with 4 workers for 4 work units.
[1.018s][debug][gc,ergo,ihop      ] GC(72) Request concurrent cycle initiation (occupancy higher than threshold) occupancy: 267386880B allocation request: 0B threshold: 202196812B (75.32) source: end of Full GC
[1.018s][debug][gc,alloc,stats    ] Old generation allocation in the last mutator period, old gen allocated: 0B, humongous allocated: 0B,old gen growth: 0B.
[1.018s][info ][gc,heap           ] GC(72) Eden regions: 0->0(12)
[1.018s][info ][gc,heap           ] GC(72) Survivor regions: 0->0(0)
[1.018s][info ][gc,heap           ] GC(72) Old regions: 161->160
[1.018s][info ][gc,heap           ] GC(72) Archive regions: 2->2
[1.018s][info ][gc,heap           ] GC(72) Humongous regions: 93->93
[1.018s][info ][gc,metaspace      ] GC(72) Metaspace: 136K(320K)->136K(320K) NonClass: 131K(192K)->131K(192K) Class: 5K(128K)->5K(128K)
[1.018s][debug][gc,heap           ] GC(72) Heap after GC invocations=67 (full 12):
[1.018s][debug][gc,heap           ] GC(72)  garbage-first heap   total 262144K, used 249443K [0x00000000f0000000, 0x0000000100000000)
[1.018s][debug][gc,heap           ] GC(72)   region size 1024K, 0 young (0K), 0 survivors (0K)
[1.018s][debug][gc,heap           ] GC(72)  Metaspace       used 136K, committed 320K, reserved 1114112K
[1.018s][debug][gc,heap           ] GC(72)   class space    used 5K, committed 128K, reserved 1048576K
[1.018s][info ][gc                ] GC(72) Pause Full (G1 Compaction Pause) 243M->243M(256M) 2.867ms
[1.018s][info ][gc,cpu            ] GC(72) User=0.00s Sys=0.00s Real=0.00s
[1.018s][debug][gc,ergo,heap      ] Attempt heap expansion (allocation request failed). Allocation request: 10485776B
[1.018s][debug][gc,ergo,heap      ] Expand the heap. requested expansion amount: 10485776B expansion amount: 11534336B
[1.018s][debug][gc,ergo,heap      ] Did not expand the heap (heap already fully expanded)
[1.018s][info ][gc,ergo           ] Attempting maximum full compaction clearing soft references
[1.018s][debug][gc,task           ] GC(73) Requesting 7 active workers for full compaction (waste limited workers: 13, adaptive workers: 7, used limited workers: 255)
[1.018s][info ][gc,task           ] GC(73) Using 7 workers of 13 for full compaction
[1.018s][info ][gc,start          ] GC(73) Pause Full (G1 Compaction Pause)
[1.018s][debug][gc,heap           ] GC(73) Heap before GC invocations=67 (full 12):
[1.018s][debug][gc,heap           ] GC(73)  garbage-first heap   total 262144K, used 249443K [0x00000000f0000000, 0x0000000100000000)
[1.018s][debug][gc,heap           ] GC(73)   region size 1024K, 0 young (0K), 0 survivors (0K)
[1.018s][debug][gc,heap           ] GC(73)  Metaspace       used 136K, committed 320K, reserved 1114112K
[1.018s][debug][gc,heap           ] GC(73)   class space    used 5K, committed 128K, reserved 1048576K
[1.018s][debug][gc,alloc,region   ] GC(73) Mutator Allocation stats, regions: 0, wasted size: 0B ( 0.0%)
[1.018s][info ][gc,phases,start   ] GC(73) Phase 1: Mark live objects
[1.019s][debug][gc,phases,start   ] GC(73) Phase 1: Reference Processing
[1.019s][debug][gc,ref            ] GC(73) ReferenceProcessor::execute queues: 7, RefProcThreadModel::Multi, marks_oops_alive: true
[1.019s][debug][gc,ref            ] GC(73) ReferenceProcessor::execute queues: 1, RefProcThreadModel::Single, marks_oops_alive: false
[1.019s][debug][gc,ref            ] GC(73) Skipped phase 3 of Reference Processing: no references
[1.019s][debug][gc,ref            ] GC(73) Skipped phase 4 of Reference Processing: no references
[1.019s][debug][gc,phases,ref     ] GC(73) Reference Processing: 0.1ms
[1.019s][debug][gc,phases,ref     ] GC(73)   Reconsider SoftReferences: 0.1ms
[1.019s][debug][gc,phases,ref     ] GC(73)     Balance queues: 0.0ms
[1.019s][debug][gc,phases,ref     ] GC(73)     SoftRef (ms):                  Min:  0.0, Avg:  0.0, Max:  0.0, Diff:  0.0, Sum:  0.0, Workers: 7
[1.019s][debug][gc,phases,ref     ] GC(73)   Notify Soft/WeakReferences: 0.0ms
[1.019s][debug][gc,phases,ref     ] GC(73)     SoftRef (ms):                  Min:  0.0, Avg:  0.0, Max:  0.0, Diff:  0.0, Sum:  0.0, Workers: 13
[1.019s][debug][gc,phases,ref     ] GC(73)     WeakRef (ms):                  Min:  0.0, Avg:  0.0, Max:  0.0, Diff:  0.0, Sum:  0.0, Workers: 13
[1.019s][debug][gc,phases,ref     ] GC(73)     FinalRef (ms):                 Min:  0.0, Avg:  0.0, Max:  0.0, Diff:  0.0, Sum:  0.0, Workers: 13
[1.019s][debug][gc,phases,ref     ] GC(73)     Total (ms):                    Min:  0.0, Avg:  0.0, Max:  0.0, Diff:  0.0, Sum:  0.0, Workers: 13
[1.019s][debug][gc,phases,ref     ] GC(73)   Notify and keep alive finalizable: 0.0ms
[1.019s][debug][gc,phases,ref     ] GC(73)     FinalRef (ms):                 skipped
[1.019s][debug][gc,phases,ref     ] GC(73)   Notify PhantomReferences: 0.0ms
[1.019s][debug][gc,phases,ref     ] GC(73)     PhantomRef (ms):               skipped
[1.019s][debug][gc,phases,ref     ] GC(73)   SoftReference:
[1.019s][debug][gc,phases,ref     ] GC(73)     Discovered: 7
[1.019s][debug][gc,phases,ref     ] GC(73)     Cleared: 3
[1.019s][debug][gc,phases,ref     ] GC(73)   WeakReference:
[1.019s][debug][gc,phases,ref     ] GC(73)     Discovered: 20
[1.019s][debug][gc,phases,ref     ] GC(73)     Cleared: 20
[1.019s][debug][gc,phases,ref     ] GC(73)   FinalReference:
[1.019s][debug][gc,phases,ref     ] GC(73)     Discovered: 0
[1.019s][debug][gc,phases,ref     ] GC(73)     Cleared: 0
[1.019s][debug][gc,phases,ref     ] GC(73)   PhantomReference:
[1.019s][debug][gc,phases,ref     ] GC(73)     Discovered: 0
[1.019s][debug][gc,phases,ref     ] GC(73)     Cleared: 0
[1.019s][debug][gc,phases         ] GC(73) Phase 1: Reference Processing 0.224ms
[1.019s][debug][gc,phases,start   ] GC(73) Phase 1: Weak Processing
[1.019s][debug][gc,phases         ] GC(73)   VM Weak                        Min:  0.0, Avg:  0.0, Max:  0.0, Diff:  0.0, Sum:  0.0, Workers: 1
[1.019s][debug][gc,phases         ] GC(73)     Dead                           Min: 0, Avg:  0.0, Max: 0, Diff: 0, Sum: 0, Workers: 1
[1.019s][debug][gc,phases         ] GC(73)     Total                          Min: 4, Avg:  4.0, Max: 4, Diff: 0, Sum: 4, Workers: 1
[1.019s][debug][gc,phases         ] GC(73)   ObjectSynchronizer Weak        Min:  0.0, Avg:  0.0, Max:  0.0, Diff:  0.0, Sum:  0.0, Workers: 1
[1.019s][debug][gc,phases         ] GC(73)     Dead                           Min: 0, Avg:  0.0, Max: 0, Diff: 0, Sum: 0, Workers: 1
[1.019s][debug][gc,phases         ] GC(73)     Total                          Min: 4, Avg:  4.0, Max: 4, Diff: 0, Sum: 4, Workers: 1
[1.019s][debug][gc,phases         ] GC(73)   JVMTI Tag Weak OopStorage      Min:  0.0, Avg:  0.0, Max:  0.0, Diff:  0.0, Sum:  0.0, Workers: 1
[1.019s][debug][gc,phases         ] GC(73)     Dead                           Min: 0, Avg:  0.0, Max: 0, Diff: 0, Sum: 0, Workers: 1
[1.019s][debug][gc,phases         ] GC(73)     Total                          Min: 0, Avg:  0.0, Max: 0, Diff: 0, Sum: 0, Workers: 1
[1.019s][debug][gc,phases         ] GC(73)   StringTable Weak               Min:  0.0, Avg:  0.0, Max:  0.0, Diff:  0.0, Sum:  0.0, Workers: 1
[1.019s][debug][gc,phases         ] GC(73)     Dead                           Min: 9, Avg:  9.0, Max: 9, Diff: 0, Sum: 9, Workers: 1
[1.019s][debug][gc,phases         ] GC(73)     Total                          Min: 39, Avg: 39.0, Max: 39, Diff: 0, Sum: 39, Workers: 1
[1.019s][debug][gc,phases         ] GC(73)   ResolvedMethodTable Weak       Min:  0.0, Avg:  0.0, Max:  0.0, Diff:  0.0, Sum:  0.0, Workers: 1
[1.019s][debug][gc,phases         ] GC(73)     Dead                           Min: 2, Avg:  2.0, Max: 2, Diff: 0, Sum: 2, Workers: 1
[1.019s][debug][gc,phases         ] GC(73)     Total                          Min: 22, Avg: 22.0, Max: 22, Diff: 0, Sum: 22, Workers: 1
[1.019s][debug][gc,phases         ] GC(73)   JNI Weak                       Min:  0.0, Avg:  0.0, Max:  0.0, Diff:  0.0, Sum:  0.0, Workers: 1
[1.019s][debug][gc,phases         ] GC(73)     Dead                           Min: 0, Avg:  0.0, Max: 0, Diff: 0, Sum: 0, Workers: 1
[1.019s][debug][gc,phases         ] GC(73)     Total                          Min: 0, Avg:  0.0, Max: 0, Diff: 0, Sum: 0, Workers: 1
[1.019s][debug][gc,phases         ] GC(73)   StringDedup Table Weak         Min:  0.0, Avg:  0.0, Max:  0.0, Diff:  0.0, Sum:  0.0, Workers: 1
[1.019s][debug][gc,phases         ] GC(73)     Dead                           Min: 0, Avg:  0.0, Max: 0, Diff: 0, Sum: 0, Workers: 1
[1.019s][debug][gc,phases         ] GC(73)     Total                          Min: 0, Avg:  0.0, Max: 0, Diff: 0, Sum: 0, Workers: 1
[1.019s][debug][gc,phases         ] GC(73)   StringDedup Requests0 Weak     Min:  0.0, Avg:  0.0, Max:  0.0, Diff:  0.0, Sum:  0.0, Workers: 1
[1.019s][debug][gc,phases         ] GC(73)     Dead                           Min: 0, Avg:  0.0, Max: 0, Diff: 0, Sum: 0, Workers: 1
[1.019s][debug][gc,phases         ] GC(73)     Total                          Min: 0, Avg:  0.0, Max: 0, Diff: 0, Sum: 0, Workers: 1
[1.019s][debug][gc,phases         ] GC(73)   StringDedup Requests1 Weak     Min:  0.0, Avg:  0.0, Max:  0.0, Diff:  0.0, Sum:  0.0, Workers: 1
[1.019s][debug][gc,phases         ] GC(73)     Dead                           Min: 0, Avg:  0.0, Max: 0, Diff: 0, Sum: 0, Workers: 1
[1.019s][debug][gc,phases         ] GC(73)     Total                          Min: 0, Avg:  0.0, Max: 0, Diff: 0, Sum: 0, Workers: 1
[1.019s][debug][gc,phases         ] GC(73)   Weak JFR Old Object Samples    Min:  0.0, Avg:  0.0, Max:  0.0, Diff:  0.0, Sum:  0.0, Workers: 1
[1.019s][debug][gc,phases         ] GC(73)     Dead                           Min: 0, Avg:  0.0, Max: 0, Diff: 0, Sum: 0, Workers: 1
[1.019s][debug][gc,phases         ] GC(73)     Total                          Min: 0, Avg:  0.0, Max: 0, Diff: 0, Sum: 0, Workers: 1
[1.019s][debug][gc,phases         ] GC(73) Phase 1: Weak Processing 0.182ms
[1.019s][debug][gc,phases,start   ] GC(73) Phase 1: Class Unloading and Cleanup
[1.019s][debug][gc,phases,start   ] GC(73) ClassLoaderData
[1.019s][debug][gc,phases         ] GC(73) ClassLoaderData 0.004ms
[1.019s][debug][gc,phases,start   ] GC(73) Trigger cleanups
[1.019s][debug][gc,phases         ] GC(73) Trigger cleanups 0.003ms
[1.019s][debug][gc,phases         ] GC(73) Phase 1: Class Unloading and Cleanup 0.109ms
[1.019s][debug][gc,phases,start   ] GC(73) Report Object Count
[1.019s][debug][gc,phases         ] GC(73) Report Object Count 0.006ms
[1.019s][info ][gc,phases         ] GC(73) Phase 1: Mark live objects 1.195ms
[1.019s][info ][gc,phases,start   ] GC(73) Phase 2: Prepare for compaction
[1.019s][info ][gc,phases         ] GC(73) Phase 2: Prepare for compaction 0.147ms
[1.019s][info ][gc,phases,start   ] GC(73) Phase 3: Adjust pointers
[1.020s][info ][gc,phases         ] GC(73) Phase 3: Adjust pointers 0.292ms
[1.020s][info ][gc,phases,start   ] GC(73) Phase 4: Compact heap
[1.020s][info ][gc,phases         ] GC(73) Phase 4: Compact heap 0.131ms
[1.020s][debug][gc,ergo           ] GC(73) Running G1 Clear Bitmap with 4 workers for 4 work units.
[1.020s][debug][gc,ergo,ihop      ] GC(73) Request concurrent cycle initiation (occupancy higher than threshold) occupancy: 267386880B allocation request: 0B threshold: 202196812B (75.32) source: end of Full GC
[1.020s][debug][gc,alloc,stats    ] Old generation allocation in the last mutator period, old gen allocated: 0B, humongous allocated: 0B,old gen growth: 0B.
[1.020s][info ][gc,heap           ] GC(73) Eden regions: 0->0(12)
[1.020s][info ][gc,heap           ] GC(73) Survivor regions: 0->0(0)
[1.020s][info ][gc,heap           ] GC(73) Old regions: 160->160
[1.020s][info ][gc,heap           ] GC(73) Archive regions: 2->2
[1.020s][info ][gc,heap           ] GC(73) Humongous regions: 93->93
[1.020s][info ][gc,metaspace      ] GC(73) Metaspace: 136K(320K)->136K(320K) NonClass: 131K(192K)->131K(192K) Class: 5K(128K)->5K(128K)
[1.020s][debug][gc,heap           ] GC(73) Heap after GC invocations=68 (full 13):
[1.020s][debug][gc,heap           ] GC(73)  garbage-first heap   total 262144K, used 249441K [0x00000000f0000000, 0x0000000100000000)
[1.020s][debug][gc,heap           ] GC(73)   region size 1024K, 0 young (0K), 0 survivors (0K)
[1.020s][debug][gc,heap           ] GC(73)  Metaspace       used 136K, committed 320K, reserved 1114112K
[1.020s][debug][gc,heap           ] GC(73)   class space    used 5K, committed 128K, reserved 1048576K
[1.020s][info ][gc                ] GC(73) Pause Full (G1 Compaction Pause) 243M->243M(256M) 2.133ms
[1.020s][info ][gc,cpu            ] GC(73) User=0.01s Sys=0.00s Real=0.00s
[1.020s][debug][gc,ergo,heap      ] Attempt heap expansion (allocation request failed). Allocation request: 10485776B
[1.020s][debug][gc,ergo,heap      ] Expand the heap. requested expansion amount: 10485776B expansion amount: 11534336B
[1.020s][debug][gc,ergo,heap      ] Did not expand the heap (heap already fully expanded)
[1.023s][debug][gc,heap           ] GC(74) Heap before GC invocations=68 (full 13):
[1.023s][debug][gc,heap           ] GC(74)  garbage-first heap   total 262144K, used 249441K [0x00000000f0000000, 0x0000000100000000)
[1.023s][debug][gc,heap           ] GC(74)   region size 1024K, 1 young (1024K), 0 survivors (0K)
[1.023s][debug][gc,heap           ] GC(74)  Metaspace       used 136K, committed 320K, reserved 1114112K
[1.023s][debug][gc,heap           ] GC(74)   class space    used 5K, committed 128K, reserved 1048576K
[1.023s][debug][gc,ergo           ] GC(74) Initiate concurrent cycle (concurrent cycle initiation requested)
[1.023s][info ][gc,start          ] GC(74) Pause Young (Concurrent Start) (G1 Evacuation Pause)
[1.023s][info ][gc,task           ] GC(74) Using 12 workers of 13 for evacuation
[1.023s][debug][gc,tlab           ] GC(74) TLAB totals: thrds: 6  refills: 6 max: 1 slow allocs: 9 max 2 waste: 52.3% gc: 359240B max: 126784B slow: 0B max: 0B
[1.023s][debug][gc,age            ] GC(74) Desired survivor size 1048576 bytes, new threshold 15 (max threshold 15)
[1.023s][debug][gc,refine,stats   ] GC(74) Mutator refinement: 0.00ms, refined: 0, precleaned: 0, dirtied: 24
[1.023s][debug][gc,refine,stats   ] GC(74) Concurrent refinement: 0.00ms, refined: 0, precleaned: 0, dirtied: 0
[1.023s][debug][gc,refine,stats   ] GC(74) Total refinement: 0.00ms, refined: 0, precleaned: 0, dirtied: 24
[1.023s][debug][gc,refine,stats   ] GC(74) Generate dirty cards rate: 1.03 cards/ms
[1.023s][debug][gc,alloc,region   ] GC(74) Mutator Allocation stats, regions: 1, wasted size: 0B ( 0.0%)
[1.023s][debug][gc,humongous      ] GC(74) Humongous region 0 (object size 1048592 @ 0x00000000f0000000) remset 0 code roots 0 marked 0 reclaim candidate 0 type array 1
[1.023s][debug][gc,humongous      ] GC(74) Humongous region 2 (object size 1048592 @ 0x00000000f0200000) remset 0 code roots 0 marked 0 reclaim candidate 0 type array 1
[1.023s][debug][gc,humongous      ] GC(74) Humongous region 4 (object size 1048592 @ 0x00000000f0400000) remset 0 code roots 0 marked 0 reclaim candidate 0 type array 1
[1.023s][debug][gc,humongous      ] GC(74) Humongous region 6 (object size 1048592 @ 0x00000000f0600000) remset 0 code roots 0 marked 0 reclaim candidate 0 type array 1
[1.023s][debug][gc,humongous      ] GC(74) Humongous region 22 (object size 1048592 @ 0x00000000f1600000) remset 0 code roots 0 marked 0 reclaim candidate 0 type array 1
[1.023s][debug][gc,humongous      ] GC(74) Humongous region 126 (object size 1048592 @ 0x00000000f7e00000) remset 0 code roots 0 marked 0 reclaim candidate 0 type array 1
[1.023s][debug][gc,humongous      ] GC(74) Humongous region 24 (object size 1048592 @ 0x00000000f1800000) remset 0 code roots 0 marked 0 reclaim candidate 0 type array 1
[1.023s][debug][gc,humongous      ] GC(74) Humongous region 8 (object size 1048592 @ 0x00000000f0800000) remset 0 code roots 0 marked 0 reclaim candidate 0 type array 1
[1.023s][debug][gc,humongous      ] GC(74) Humongous region 216 (object size 10485776 @ 0x00000000fd800000) remset 0 code roots 0 marked 0 reclaim candidate 0 type array 1
[1.023s][debug][gc,humongous      ] GC(74) Humongous region 10 (object size 1048592 @ 0x00000000f0a00000) remset 0 code roots 0 marked 0 reclaim candidate 0 type array 1
[1.023s][debug][gc,humongous      ] GC(74) Humongous region 238 (object size 1048592 @ 0x00000000fee00000) remset 0 code roots 0 marked 0 reclaim candidate 0 type array 1
[1.023s][debug][gc,humongous      ] GC(74) Humongous region 12 (object size 1048592 @ 0x00000000f0c00000) remset 0 code roots 0 marked 0 reclaim candidate 0 type array 1
[1.023s][debug][gc,humongous      ] GC(74) Humongous region 14 (object size 1048592 @ 0x00000000f0e00000) remset 0 code roots 0 marked 0 reclaim candidate 0 type array 1
[1.023s][debug][gc,humongous      ] GC(74) Humongous region 64 (object size 1048592 @ 0x00000000f4000000) remset 0 code roots 0 marked 0 reclaim candidate 0 type array 1
[1.023s][debug][gc,humongous      ] GC(74) Humongous region 20 (object size 1048592 @ 0x00000000f1400000) remset 0 code roots 0 marked 0 reclaim candidate 0 type array 1
[1.023s][debug][gc,humongous      ] GC(74) Humongous region 26 (object size 1048592 @ 0x00000000f1a00000) remset 0 code roots 0 marked 0 reclaim candidate 0 type array 1
[1.023s][debug][gc,humongous      ] GC(74) Humongous region 85 (object size 10485776 @ 0x00000000f5500000) remset 0 code roots 0 marked 0 reclaim candidate 0 type array 1
[1.023s][debug][gc,humongous      ] GC(74) Humongous region 30 (object size 1048592 @ 0x00000000f1e00000) remset 0 code roots 0 marked 0 reclaim candidate 0 type array 1
[1.023s][debug][gc,humongous      ] GC(74) Humongous region 32 (object size 1048592 @ 0x00000000f2000000) remset 0 code roots 0 marked 0 reclaim candidate 0 type array 1
[1.023s][debug][gc,humongous      ] GC(74) Humongous region 34 (object size 1048592 @ 0x00000000f2200000) remset 0 code roots 0 marked 0 reclaim candidate 0 type array 1
[1.023s][debug][gc,humongous      ] GC(74) Humongous region 249 (object size 1048592 @ 0x00000000ff900000) remset 0 code roots 0 marked 0 reclaim candidate 0 type array 1
[1.023s][debug][gc,humongous      ] GC(74) Humongous region 203 (object size 1048592 @ 0x00000000fcb00000) remset 0 code roots 0 marked 0 reclaim candidate 0 type array 1
[1.023s][debug][gc,humongous      ] GC(74) Humongous region 16 (object size 1048592 @ 0x00000000f1000000) remset 0 code roots 0 marked 0 reclaim candidate 0 type array 1
[1.023s][debug][gc,humongous      ] GC(74) Humongous region 205 (object size 1048592 @ 0x00000000fcd00000) remset 0 code roots 0 marked 0 reclaim candidate 0 type array 1
[1.023s][debug][gc,humongous      ] GC(74) Humongous region 18 (object size 1048592 @ 0x00000000f1200000) remset 0 code roots 0 marked 0 reclaim candidate 0 type array 1
[1.023s][debug][gc,humongous      ] GC(74) Humongous region 83 (object size 1048592 @ 0x00000000f5300000) remset 0 code roots 0 marked 0 reclaim candidate 0 type array 1
[1.023s][debug][gc,humongous      ] GC(74) Humongous region 28 (object size 1048592 @ 0x00000000f1c00000) remset 0 code roots 0 marked 0 reclaim candidate 0 type array 1
[1.023s][debug][gc,humongous      ] GC(74) Humongous region 244 (object size 1048592 @ 0x00000000ff400000) remset 0 code roots 0 marked 0 reclaim candidate 0 type array 1
[1.023s][debug][gc,humongous      ] GC(74) Humongous region 159 (object size 10485776 @ 0x00000000f9f00000) remset 0 code roots 0 marked 0 reclaim candidate 0 type array 1
[1.023s][debug][gc,humongous      ] GC(74) Humongous region 36 (object size 1048592 @ 0x00000000f2400000) remset 0 code roots 0 marked 0 reclaim candidate 0 type array 1
[1.023s][debug][gc,humongous      ] GC(74) Humongous region 38 (object size 1048592 @ 0x00000000f2600000) remset 0 code roots 0 marked 0 reclaim candidate 0 type array 1
[1.023s][debug][gc,humongous      ] GC(74) Humongous region 60 (object size 1048592 @ 0x00000000f3c00000) remset 0 code roots 0 marked 0 reclaim candidate 0 type array 1
[1.023s][debug][gc,humongous      ] GC(74) Humongous region 42 (object size 1048592 @ 0x00000000f2a00000) remset 0 code roots 0 marked 0 reclaim candidate 0 type array 1
[1.023s][debug][gc,ergo           ] GC(74) Running G1 Merge Heap Roots using 12 workers for 1 regions
[1.023s][debug][gc,remset         ] GC(74) Visited cards 96 Total dirty 4096 (2.34%) Total old 526336 (0.02%)
[1.023s][debug][gc,ergo,heap      ] GC(74) Attempt heap expansion (region allocation request failed). Allocation request: 65552B
[1.023s][debug][gc,ergo,heap      ] GC(74) Did not expand the heap (heap already fully expanded)
[1.024s][debug][gc,ref            ] GC(74) Skipped phase 1 of Reference Processing: no references
[1.024s][debug][gc,ref            ] GC(74) Skipped phase 2 of Reference Processing: no references
[1.024s][debug][gc,ref            ] GC(74) Skipped phase 3 of Reference Processing: no references
[1.024s][debug][gc,ref            ] GC(74) Skipped phase 4 of Reference Processing: no references
[1.024s][debug][gc,ergo           ] GC(74) Running G1 Rebuild Free List Task using 12 workers for rebuilding free list of regions
[1.024s][debug][gc,plab           ] GC(74) Young PLAB allocation: allocated: 0B, wasted: 0B, unused: 0B, used: 0B, undo waste: 0B, 
[1.024s][debug][gc,plab           ] GC(74) Young other allocation: region end waste: 0B, regions filled: 0, direct allocated: 0B, failure used: 0B, failure wasted: 0B
[1.024s][debug][gc,plab           ] GC(74) Young sizing: calculated: 0B, actual: 2064B
[1.024s][debug][gc,plab           ] GC(74) Old PLAB allocation: allocated: 0B, wasted: 0B, unused: 0B, used: 0B, undo waste: 0B, 
[1.024s][debug][gc,plab           ] GC(74) Old other allocation: region end waste: 0B, regions filled: 0, direct allocated: 0B, failure used: 655616B, failure wasted: 392960B
[1.024s][debug][gc,plab           ] GC(74) Old sizing: calculated: 0B, actual: 2064B
[1.024s][debug][gc,ergo,heap      ] GC(74) Heap expansion: short term pause time ratio 41.87% long term pause time ratio 13.56% threshold 7.69% pause time ratio 7.69% fully expanded true resize by 0B
[1.024s][debug][gc,mmu            ] GC(74) MMU: 10.3ms (50.0ms/51.0ms)
[1.024s][debug][gc,alloc,stats    ] Old generation allocation in the last mutator period, old gen allocated: 1048576B, humongous allocated: 0B,old gen growth: 1048576B.
[1.024s][debug][gc,ihop           ] GC(74) Basic information (value update), threshold: 202568359B (75.46), target occupancy: 268435456B, current occupancy: 256442512B, recent allocation size: 1048576B, recent allocation duration: 23.37ms, recent old gen allocation rate: 44868978.39B/s, recent marking phase length: 9.93ms
[1.024s][debug][gc,ihop           ] GC(74) Adaptive IHOP information (value update), threshold: 202568359B (88.78), internal target occupancy: 228170137B, occupancy: 256442512B, additional buffer size: 12582912B, predicted old gen allocation rate: 247994739.71B/s, predicted marking phase length: 52.50ms, prediction active: true
[1.024s][debug][gc,ergo,refine    ] GC(74) Concurrent refinement times: Logged Cards Scan time goal: 5.00ms Logged Cards Scan time: 0.00ms HCC time: 0.00ms
[1.024s][debug][gc,ergo,refine    ] GC(74) Updated Refinement Zones: green: 3328, yellow: 9984, red: 16640
[1.024s][info ][gc                ] GC(74) To-space exhausted
[1.024s][info ][gc,phases         ] GC(74)   Pre Evacuate Collection Set: 0.5ms
[1.024s][debug][gc,phases         ] GC(74)     Prepare TLABs: 0.0ms
[1.024s][debug][gc,phases         ] GC(74)     Concatenate Dirty Card Logs: 0.0ms
[1.024s][debug][gc,phases         ] GC(74)     Choose Collection Set: 0.0ms
[1.024s][debug][gc,phases         ] GC(74)     Region Register: 0.4ms
[1.024s][debug][gc,phases         ] GC(74)     Prepare Heap Roots: 0.0ms
[1.024s][debug][gc,phases         ] GC(74)     Clear Claimed Marks: 0.0ms
[1.024s][info ][gc,phases         ] GC(74)   Merge Heap Roots: 0.2ms
[1.024s][debug][gc,phases         ] GC(74)     Prepare Merge Heap Roots: 0.0ms
[1.024s][debug][gc,phases         ] GC(74)     Eager Reclaim (ms):            skipped
[1.024s][debug][gc,phases         ] GC(74)     Remembered Sets (ms):          Min:  0.0, Avg:  0.0, Max:  0.0, Diff:  0.0, Sum:  0.0, Workers: 12
[1.024s][debug][gc,phases         ] GC(74)       Merged Sparse:                 Min: 0, Avg:  0.0, Max: 0, Diff: 0, Sum: 0, Workers: 12
[1.024s][debug][gc,phases         ] GC(74)       Merged Fine:                   Min: 0, Avg:  0.0, Max: 0, Diff: 0, Sum: 0, Workers: 12
[1.024s][debug][gc,phases         ] GC(74)       Merged Coarse:                 Min: 0, Avg:  0.0, Max: 0, Diff: 0, Sum: 0, Workers: 12
[1.024s][debug][gc,phases         ] GC(74)       Dirty Cards:                   Min: 0, Avg:  0.0, Max: 0, Diff: 0, Sum: 0, Workers: 12
[1.024s][debug][gc,phases         ] GC(74)     Hot Card Cache (ms):           Min:  0.0, Avg:  0.0, Max:  0.0, Diff:  0.0, Sum:  0.0, Workers: 12
[1.024s][debug][gc,phases         ] GC(74)       Dirty Cards:                   Min: 0, Avg:  0.0, Max: 0, Diff: 0, Sum: 0, Workers: 12
[1.024s][debug][gc,phases         ] GC(74)       Skipped Cards:                 Min: 0, Avg:  0.0, Max: 0, Diff: 0, Sum: 0, Workers: 12
[1.024s][debug][gc,phases         ] GC(74)     Log Buffers (ms):              Min:  0.0, Avg:  0.0, Max:  0.0, Diff:  0.0, Sum:  0.0, Workers: 12
[1.024s][debug][gc,phases         ] GC(74)       Dirty Cards:                   Min: 0, Avg:  1.3, Max: 16, Diff: 16, Sum: 16, Workers: 12
[1.024s][debug][gc,phases         ] GC(74)       Skipped Cards:                 Min: 0, Avg:  0.0, Max: 0, Diff: 0, Sum: 0, Workers: 12
[1.024s][info ][gc,phases         ] GC(74)   Evacuate Collection Set: 0.4ms
[1.024s][debug][gc,phases         ] GC(74)     Ext Root Scanning (ms):        Min:  0.0, Avg:  0.0, Max:  0.0, Diff:  0.0, Sum:  0.1, Workers: 12
[1.024s][debug][gc,phases         ] GC(74)     Scan Heap Roots (ms):          Min:  0.0, Avg:  0.0, Max:  0.0, Diff:  0.0, Sum:  0.0, Workers: 12
[1.024s][debug][gc,phases         ] GC(74)       Scanned Cards:                 Min: 0, Avg:  2.0, Max: 18, Diff: 18, Sum: 24, Workers: 12
[1.024s][debug][gc,phases         ] GC(74)       Scanned Blocks:                Min: 0, Avg:  0.3, Max: 3, Diff: 3, Sum: 4, Workers: 12
[1.024s][debug][gc,phases         ] GC(74)       Claimed Chunks:                Min: 0, Avg:  0.2, Max: 2, Diff: 2, Sum: 3, Workers: 12
[1.024s][debug][gc,phases         ] GC(74)     Code Root Scan (ms):           Min:  0.0, Avg:  0.0, Max:  0.0, Diff:  0.0, Sum:  0.0, Workers: 12
[1.024s][debug][gc,phases         ] GC(74)     Object Copy (ms):              Min:  0.0, Avg:  0.0, Max:  0.0, Diff:  0.0, Sum:  0.0, Workers: 12
[1.024s][debug][gc,phases         ] GC(74)     Termination (ms):              Min:  0.1, Avg:  0.2, Max:  0.3, Diff:  0.2, Sum:  2.7, Workers: 12
[1.024s][debug][gc,phases         ] GC(74)       Termination Attempts:          Min: 1, Avg:  1.0, Max: 1, Diff: 0, Sum: 12, Workers: 12
[1.024s][debug][gc,phases         ] GC(74)     GC Worker Other (ms):          Min:  0.0, Avg:  0.0, Max:  0.0, Diff:  0.0, Sum:  0.0, Workers: 12
[1.024s][debug][gc,phases         ] GC(74)     GC Worker Total (ms):          Min:  0.1, Avg:  0.2, Max:  0.3, Diff:  0.2, Sum:  2.9, Workers: 12
[1.024s][info ][gc,phases         ] GC(74)   Post Evacuate Collection Set: 0.4ms
[1.024s][debug][gc,phases         ] GC(74)     Code Roots Fixup: 0.0ms
[1.024s][debug][gc,phases         ] GC(74)     Reference Processing: 0.0ms
[1.024s][debug][gc,phases,ref     ] GC(74)       Reconsider SoftReferences: 0.0ms
[1.024s][debug][gc,phases,ref     ] GC(74)         SoftRef (ms):                  skipped
[1.024s][debug][gc,phases,ref     ] GC(74)       Notify Soft/WeakReferences: 0.0ms
[1.024s][debug][gc,phases,ref     ] GC(74)         SoftRef (ms):                  skipped
[1.024s][debug][gc,phases,ref     ] GC(74)         WeakRef (ms):                  skipped
[1.024s][debug][gc,phases,ref     ] GC(74)         FinalRef (ms):                 skipped
[1.024s][debug][gc,phases,ref     ] GC(74)         Total (ms):                    skipped
[1.024s][debug][gc,phases,ref     ] GC(74)       Notify and keep alive finalizable: 0.0ms
[1.024s][debug][gc,phases,ref     ] GC(74)         FinalRef (ms):                 skipped
[1.024s][debug][gc,phases,ref     ] GC(74)       Notify PhantomReferences: 0.0ms
[1.024s][debug][gc,phases,ref     ] GC(74)         PhantomRef (ms):               skipped
[1.024s][debug][gc,phases,ref     ] GC(74)       SoftReference:
[1.024s][debug][gc,phases,ref     ] GC(74)         Discovered: 0
[1.024s][debug][gc,phases,ref     ] GC(74)         Cleared: 0
[1.024s][debug][gc,phases,ref     ] GC(74)       WeakReference:
[1.024s][debug][gc,phases,ref     ] GC(74)         Discovered: 0
[1.024s][debug][gc,phases,ref     ] GC(74)         Cleared: 0
[1.024s][debug][gc,phases,ref     ] GC(74)       FinalReference:
[1.024s][debug][gc,phases,ref     ] GC(74)         Discovered: 0
[1.024s][debug][gc,phases,ref     ] GC(74)         Cleared: 0
[1.024s][debug][gc,phases,ref     ] GC(74)       PhantomReference:
[1.024s][debug][gc,phases,ref     ] GC(74)         Discovered: 0
[1.024s][debug][gc,phases,ref     ] GC(74)         Cleared: 0
[1.024s][debug][gc,phases         ] GC(74)     Weak Processing: 0.0ms
[1.024s][debug][gc,phases         ] GC(74)       VM Weak                        Min:  0.0, Avg:  0.0, Max:  0.0, Diff:  0.0, Sum:  0.0, Workers: 1
[1.024s][debug][gc,phases         ] GC(74)         Dead                           Min: 0, Avg:  0.0, Max: 0, Diff: 0, Sum: 0, Workers: 1
[1.024s][debug][gc,phases         ] GC(74)         Total                          Min: 4, Avg:  4.0, Max: 4, Diff: 0, Sum: 4, Workers: 1
[1.024s][debug][gc,phases         ] GC(74)       ObjectSynchronizer Weak        Min:  0.0, Avg:  0.0, Max:  0.0, Diff:  0.0, Sum:  0.0, Workers: 1
[1.024s][debug][gc,phases         ] GC(74)         Dead                           Min: 0, Avg:  0.0, Max: 0, Diff: 0, Sum: 0, Workers: 1
[1.024s][debug][gc,phases         ] GC(74)         Total                          Min: 4, Avg:  4.0, Max: 4, Diff: 0, Sum: 4, Workers: 1
[1.024s][debug][gc,phases         ] GC(74)       JVMTI Tag Weak OopStorage      Min:  0.0, Avg:  0.0, Max:  0.0, Diff:  0.0, Sum:  0.0, Workers: 1
[1.024s][debug][gc,phases         ] GC(74)         Dead                           Min: 0, Avg:  0.0, Max: 0, Diff: 0, Sum: 0, Workers: 1
[1.024s][debug][gc,phases         ] GC(74)         Total                          Min: 0, Avg:  0.0, Max: 0, Diff: 0, Sum: 0, Workers: 1
[1.024s][debug][gc,phases         ] GC(74)       StringTable Weak               Min:  0.0, Avg:  0.0, Max:  0.0, Diff:  0.0, Sum:  0.0, Workers: 1
[1.024s][debug][gc,phases         ] GC(74)         Dead                           Min: 0, Avg:  0.0, Max: 0, Diff: 0, Sum: 0, Workers: 1
[1.024s][debug][gc,phases         ] GC(74)         Total                          Min: 40, Avg: 40.0, Max: 40, Diff: 0, Sum: 40, Workers: 1
[1.024s][debug][gc,phases         ] GC(74)       ResolvedMethodTable Weak       Min:  0.0, Avg:  0.0, Max:  0.0, Diff:  0.0, Sum:  0.0, Workers: 1
[1.024s][debug][gc,phases         ] GC(74)         Dead                           Min: 0, Avg:  0.0, Max: 0, Diff: 0, Sum: 0, Workers: 1
[1.024s][debug][gc,phases         ] GC(74)         Total                          Min: 22, Avg: 22.0, Max: 22, Diff: 0, Sum: 22, Workers: 1
[1.024s][debug][gc,phases         ] GC(74)       JNI Weak                       Min:  0.0, Avg:  0.0, Max:  0.0, Diff:  0.0, Sum:  0.0, Workers: 1
[1.024s][debug][gc,phases         ] GC(74)         Dead                           Min: 0, Avg:  0.0, Max: 0, Diff: 0, Sum: 0, Workers: 1
[1.024s][debug][gc,phases         ] GC(74)         Total                          Min: 0, Avg:  0.0, Max: 0, Diff: 0, Sum: 0, Workers: 1
[1.024s][debug][gc,phases         ] GC(74)       StringDedup Table Weak         Min:  0.0, Avg:  0.0, Max:  0.0, Diff:  0.0, Sum:  0.0, Workers: 1
[1.024s][debug][gc,phases         ] GC(74)         Dead                           Min: 0, Avg:  0.0, Max: 0, Diff: 0, Sum: 0, Workers: 1
[1.024s][debug][gc,phases         ] GC(74)         Total                          Min: 0, Avg:  0.0, Max: 0, Diff: 0, Sum: 0, Workers: 1
[1.024s][debug][gc,phases         ] GC(74)       StringDedup Requests0 Weak     Min:  0.0, Avg:  0.0, Max:  0.0, Diff:  0.0, Sum:  0.0, Workers: 1
[1.024s][debug][gc,phases         ] GC(74)         Dead                           Min: 0, Avg:  0.0, Max: 0, Diff: 0, Sum: 0, Workers: 1
[1.025s][debug][gc,phases         ] GC(74)         Total                          Min: 0, Avg:  0.0, Max: 0, Diff: 0, Sum: 0, Workers: 1
[1.025s][debug][gc,phases         ] GC(74)       StringDedup Requests1 Weak     Min:  0.0, Avg:  0.0, Max:  0.0, Diff:  0.0, Sum:  0.0, Workers: 1
[1.025s][debug][gc,phases         ] GC(74)         Dead                           Min: 0, Avg:  0.0, Max: 0, Diff: 0, Sum: 0, Workers: 1
[1.025s][debug][gc,phases         ] GC(74)         Total                          Min: 0, Avg:  0.0, Max: 0, Diff: 0, Sum: 0, Workers: 1
[1.025s][debug][gc,phases         ] GC(74)       Weak JFR Old Object Samples    Min:  0.0, Avg:  0.0, Max:  0.0, Diff:  0.0, Sum:  0.0, Workers: 1
[1.025s][debug][gc,phases         ] GC(74)         Dead                           Min: 0, Avg:  0.0, Max: 0, Diff: 0, Sum: 0, Workers: 1
[1.025s][debug][gc,phases         ] GC(74)         Total                          Min: 0, Avg:  0.0, Max: 0, Diff: 0, Sum: 0, Workers: 1
[1.025s][debug][gc,phases         ] GC(74)     Post Evacuate Cleanup 1: 0.0ms
[1.025s][debug][gc,phases         ] GC(74)       Merge Per-Thread State (ms):   Min:  0.0, Avg:  0.0, Max:  0.0, Diff:  0.0, Sum:  0.0, Workers: 1
[1.025s][debug][gc,phases         ] GC(74)         Copied Bytes                   Min: 0, Avg:  0.0, Max: 0, Diff: 0, Sum: 0, Workers: 12
[1.025s][debug][gc,phases         ] GC(74)         LAB Waste                      Min: 0, Avg:  0.0, Max: 0, Diff: 0, Sum: 0, Workers: 12
[1.025s][debug][gc,phases         ] GC(74)         LAB Undo Waste                 Min: 0, Avg:  0.0, Max: 0, Diff: 0, Sum: 0, Workers: 12
[1.025s][debug][gc,phases         ] GC(74)       Clear Logged Cards (ms):       Min:  0.0, Avg:  0.0, Max:  0.0, Diff:  0.0, Sum:  0.0, Workers: 4
[1.025s][debug][gc,phases         ] GC(74)       Recalculate Used Memory (ms):  Min:  0.0, Avg:  0.0, Max:  0.0, Diff:  0.0, Sum:  0.0, Workers: 1
[1.025s][debug][gc,phases         ] GC(74)       Remove Self Forwards (ms):     Min:  0.0, Avg:  0.0, Max:  0.0, Diff:  0.0, Sum:  0.0, Workers: 4
[1.025s][debug][gc,phases         ] GC(74)     Post Evacuate Cleanup 2: 0.1ms
[1.025s][debug][gc,phases         ] GC(74)       Recalculate Used Memory (ms):  Min:  0.0, Avg:  0.0, Max:  0.0, Diff:  0.0, Sum:  0.0, Workers: 1
[1.025s][debug][gc,phases         ] GC(74)       Restore Preserved Marks (ms):  Min:  0.0, Avg:  0.0, Max:  0.0, Diff:  0.0, Sum:  0.0, Workers: 12
[1.025s][debug][gc,phases         ] GC(74)       Reset Hot Card Cache (ms):     Min:  0.0, Avg:  0.0, Max:  0.0, Diff:  0.0, Sum:  0.0, Workers: 1
[1.025s][debug][gc,phases         ] GC(74)       Purge Code Roots (ms):         Min:  0.0, Avg:  0.0, Max:  0.0, Diff:  0.0, Sum:  0.0, Workers: 1
[1.025s][debug][gc,phases         ] GC(74)       Update Derived Pointers (ms):  Min:  0.0, Avg:  0.0, Max:  0.0, Diff:  0.0, Sum:  0.0, Workers: 1
[1.025s][debug][gc,phases         ] GC(74)       Eagerly Reclaim Humongous Objects (ms): Min:  0.0, Avg:  0.0, Max:  0.0, Diff:  0.0, Sum:  0.0, Workers: 1
[1.025s][debug][gc,phases         ] GC(74)         Humongous Total                Min: 33, Avg: 33.0, Max: 33, Diff: 0, Sum: 33, Workers: 1
[1.025s][debug][gc,phases         ] GC(74)         Humongous Candidates           Min: 0, Avg:  0.0, Max: 0, Diff: 0, Sum: 0, Workers: 1
[1.025s][debug][gc,phases         ] GC(74)         Humongous Reclaimed            Min: 0, Avg:  0.0, Max: 0, Diff: 0, Sum: 0, Workers: 1
[1.025s][debug][gc,phases         ] GC(74)       Redirty Logged Cards (ms):     Min:  0.0, Avg:  0.0, Max:  0.0, Diff:  0.0, Sum:  0.0, Workers: 12
[1.025s][debug][gc,phases         ] GC(74)         Redirtied Cards:               Min: 0, Avg:  0.2, Max: 3, Diff: 3, Sum: 3, Workers: 12
[1.025s][debug][gc,phases         ] GC(74)       Free Collection Set (ms):      Min:  0.0, Avg:  0.0, Max:  0.0, Diff:  0.0, Sum:  0.0, Workers: 12
[1.025s][debug][gc,phases         ] GC(74)     Rebuild Free List: 0.1ms
[1.025s][debug][gc,phases         ] GC(74)     Start New Collection Set: 0.0ms
[1.025s][debug][gc,phases         ] GC(74)     Resize TLABs: 0.0ms
[1.025s][debug][gc,phases         ] GC(74)     Expand Heap After Collection: 0.0ms
[1.025s][info ][gc,phases         ] GC(74)   Other: 0.2ms
[1.025s][info ][gc,heap           ] GC(74) Eden regions: 1->0(12)
[1.025s][info ][gc,heap           ] GC(74) Survivor regions: 0->0(0)
[1.025s][info ][gc,heap           ] GC(74) Old regions: 160->161
[1.025s][info ][gc,heap           ] GC(74) Archive regions: 2->2
[1.025s][info ][gc,heap           ] GC(74) Humongous regions: 93->93
[1.025s][info ][gc,metaspace      ] GC(74) Metaspace: 136K(320K)->136K(320K) NonClass: 131K(192K)->131K(192K) Class: 5K(128K)->5K(128K)
[1.025s][debug][gc,heap           ] GC(74) Heap after GC invocations=69 (full 13):
[1.025s][debug][gc,heap           ] GC(74)  garbage-first heap   total 262144K, used 250432K [0x00000000f0000000, 0x0000000100000000)
[1.025s][debug][gc,heap           ] GC(74)   region size 1024K, 0 young (0K), 0 survivors (0K)
[1.025s][debug][gc,heap           ] GC(74)  Metaspace       used 136K, committed 320K, reserved 1114112K
[1.025s][debug][gc,heap           ] GC(74)   class space    used 5K, committed 128K, reserved 1048576K
[1.025s][info ][gc                ] GC(74) Pause Young (Concurrent Start) (G1 Evacuation Pause) 244M->244M(256M) 1.992ms
[1.025s][info ][gc,cpu            ] GC(74) User=0.00s Sys=0.01s Real=0.00s
[1.025s][debug][gc,ergo,heap      ] Attempt heap expansion (allocation request failed). Allocation request: 65552B
[1.025s][debug][gc,ergo,heap      ] Expand the heap. requested expansion amount: 1048576B expansion amount: 1048576B
[1.025s][debug][gc,ergo,heap      ] Did not expand the heap (heap already fully expanded)
[1.025s][info ][gc,ergo           ] Attempting full compaction
[1.025s][info ][gc                ] GC(75) Concurrent Mark Cycle
[1.025s][info ][gc,marking        ] GC(75) Concurrent Clear Claimed Marks
[1.025s][info ][gc,marking        ] GC(75) Concurrent Clear Claimed Marks 0.021ms
[1.025s][info ][gc,marking        ] GC(75) Concurrent Scan Root Regions
[1.025s][info ][gc,marking        ] GC(75) Concurrent Scan Root Regions 0.020ms
[1.025s][info ][gc,marking        ] GC(75) Concurrent Mark
[1.025s][info ][gc,marking        ] GC(75) Concurrent Mark From Roots
[1.025s][info ][gc,task           ] GC(75) Using 3 workers of 3 for marking
[1.025s][debug][gc,task           ] GC(76) Requesting 9 active workers for full compaction (waste limited workers: 13, adaptive workers: 9, used limited workers: 256)
[1.025s][info ][gc,task           ] GC(76) Using 9 workers of 13 for full compaction
[1.025s][info ][gc,start          ] GC(76) Pause Full (G1 Compaction Pause)
[1.025s][debug][gc,heap           ] GC(76) Heap before GC invocations=69 (full 13):
[1.025s][debug][gc,heap           ] GC(76)  garbage-first heap   total 262144K, used 250432K [0x00000000f0000000, 0x0000000100000000)
[1.025s][debug][gc,heap           ] GC(76)   region size 1024K, 0 young (0K), 0 survivors (0K)
[1.025s][debug][gc,heap           ] GC(76)  Metaspace       used 136K, committed 320K, reserved 1114112K
[1.025s][debug][gc,heap           ] GC(76)   class space    used 5K, committed 128K, reserved 1048576K
[1.025s][debug][gc,start          ] GC(76) Clear Next Bitmap
[1.025s][debug][gc,ergo           ] GC(76) Running G1 Clear Bitmap with 4 workers for 4 work units.
[1.025s][debug][gc                ] GC(76) Clear Next Bitmap 0.166ms
[1.025s][debug][gc,alloc,region   ] GC(76) Mutator Allocation stats, regions: 0, wasted size: 0B ( 0.0%)
[1.025s][info ][gc,phases,start   ] GC(76) Phase 1: Mark live objects
[1.026s][debug][gc,phases,start   ] GC(76) Phase 1: Reference Processing
[1.026s][debug][gc,ref            ] GC(76) Skipped phase 1 of Reference Processing: no references
[1.026s][debug][gc,ref            ] GC(76) ReferenceProcessor::execute queues: 1, RefProcThreadModel::Single, marks_oops_alive: false
[1.026s][debug][gc,ref            ] GC(76) Skipped phase 3 of Reference Processing: no references
[1.026s][debug][gc,ref            ] GC(76) Skipped phase 4 of Reference Processing: no references
[1.026s][debug][gc,phases,ref     ] GC(76) Reference Processing: 0.0ms
[1.026s][debug][gc,phases,ref     ] GC(76)   Reconsider SoftReferences: 0.0ms
[1.026s][debug][gc,phases,ref     ] GC(76)     SoftRef (ms):                  skipped
[1.026s][debug][gc,phases,ref     ] GC(76)   Notify Soft/WeakReferences: 0.0ms
[1.026s][debug][gc,phases,ref     ] GC(76)     SoftRef (ms):                  Min:  0.0, Avg:  0.0, Max:  0.0, Diff:  0.0, Sum:  0.0, Workers: 13
[1.026s][debug][gc,phases,ref     ] GC(76)     WeakRef (ms):                  Min:  0.0, Avg:  0.0, Max:  0.0, Diff:  0.0, Sum:  0.0, Workers: 13
[1.026s][debug][gc,phases,ref     ] GC(76)     FinalRef (ms):                 Min:  0.0, Avg:  0.0, Max:  0.0, Diff:  0.0, Sum:  0.0, Workers: 13
[1.026s][debug][gc,phases,ref     ] GC(76)     Total (ms):                    Min:  0.0, Avg:  0.0, Max:  0.0, Diff:  0.0, Sum:  0.0, Workers: 13
[1.026s][debug][gc,phases,ref     ] GC(76)   Notify and keep alive finalizable: 0.0ms
[1.026s][debug][gc,phases,ref     ] GC(76)     FinalRef (ms):                 skipped
[1.026s][debug][gc,phases,ref     ] GC(76)   Notify PhantomReferences: 0.0ms
[1.026s][debug][gc,phases,ref     ] GC(76)     PhantomRef (ms):               skipped
[1.026s][debug][gc,phases,ref     ] GC(76)   SoftReference:
[1.026s][debug][gc,phases,ref     ] GC(76)     Discovered: 0
[1.026s][debug][gc,phases,ref     ] GC(76)     Cleared: 0
[1.026s][debug][gc,phases,ref     ] GC(76)   WeakReference:
[1.026s][debug][gc,phases,ref     ] GC(76)     Discovered: 7
[1.026s][debug][gc,phases,ref     ] GC(76)     Cleared: 7
[1.026s][debug][gc,phases,ref     ] GC(76)   FinalReference:
[1.026s][debug][gc,phases,ref     ] GC(76)     Discovered: 0
[1.026s][debug][gc,phases,ref     ] GC(76)     Cleared: 0
[1.026s][debug][gc,phases,ref     ] GC(76)   PhantomReference:
[1.026s][debug][gc,phases,ref     ] GC(76)     Discovered: 0
[1.026s][debug][gc,phases,ref     ] GC(76)     Cleared: 0
[1.026s][debug][gc,phases         ] GC(76) Phase 1: Reference Processing 0.113ms
[1.026s][debug][gc,phases,start   ] GC(76) Phase 1: Weak Processing
[1.026s][debug][gc,phases         ] GC(76)   VM Weak                        Min:  0.0, Avg:  0.0, Max:  0.0, Diff:  0.0, Sum:  0.0, Workers: 1
[1.026s][debug][gc,phases         ] GC(76)     Dead                           Min: 0, Avg:  0.0, Max: 0, Diff: 0, Sum: 0, Workers: 1
[1.026s][debug][gc,phases         ] GC(76)     Total                          Min: 4, Avg:  4.0, Max: 4, Diff: 0, Sum: 4, Workers: 1
[1.026s][debug][gc,phases         ] GC(76)   ObjectSynchronizer Weak        Min:  0.0, Avg:  0.0, Max:  0.0, Diff:  0.0, Sum:  0.0, Workers: 1
[1.026s][debug][gc,phases         ] GC(76)     Dead                           Min: 0, Avg:  0.0, Max: 0, Diff: 0, Sum: 0, Workers: 1
[1.026s][debug][gc,phases         ] GC(76)     Total                          Min: 4, Avg:  4.0, Max: 4, Diff: 0, Sum: 4, Workers: 1
[1.026s][debug][gc,phases         ] GC(76)   JVMTI Tag Weak OopStorage      Min:  0.0, Avg:  0.0, Max:  0.0, Diff:  0.0, Sum:  0.0, Workers: 1
[1.026s][debug][gc,phases         ] GC(76)     Dead                           Min: 0, Avg:  0.0, Max: 0, Diff: 0, Sum: 0, Workers: 1
[1.026s][debug][gc,phases         ] GC(76)     Total                          Min: 0, Avg:  0.0, Max: 0, Diff: 0, Sum: 0, Workers: 1
[1.026s][debug][gc,phases         ] GC(76)   StringTable Weak               Min:  0.0, Avg:  0.0, Max:  0.0, Diff:  0.0, Sum:  0.0, Workers: 1
[1.026s][debug][gc,phases         ] GC(76)     Dead                           Min: 0, Avg:  0.0, Max: 0, Diff: 0, Sum: 0, Workers: 1
[1.026s][debug][gc,phases         ] GC(76)     Total                          Min: 40, Avg: 40.0, Max: 40, Diff: 0, Sum: 40, Workers: 1
[1.026s][debug][gc,phases         ] GC(76)   ResolvedMethodTable Weak       Min:  0.0, Avg:  0.0, Max:  0.0, Diff:  0.0, Sum:  0.0, Workers: 1
[1.026s][debug][gc,phases         ] GC(76)     Dead                           Min: 0, Avg:  0.0, Max: 0, Diff: 0, Sum: 0, Workers: 1
[1.026s][debug][gc,phases         ] GC(76)     Total                          Min: 22, Avg: 22.0, Max: 22, Diff: 0, Sum: 22, Workers: 1
[1.026s][debug][gc,phases         ] GC(76)   JNI Weak                       Min:  0.0, Avg:  0.0, Max:  0.0, Diff:  0.0, Sum:  0.0, Workers: 1
[1.026s][debug][gc,phases         ] GC(76)     Dead                           Min: 0, Avg:  0.0, Max: 0, Diff: 0, Sum: 0, Workers: 1
[1.026s][debug][gc,phases         ] GC(76)     Total                          Min: 0, Avg:  0.0, Max: 0, Diff: 0, Sum: 0, Workers: 1
[1.026s][debug][gc,phases         ] GC(76)   StringDedup Table Weak         Min:  0.0, Avg:  0.0, Max:  0.0, Diff:  0.0, Sum:  0.0, Workers: 1
[1.026s][debug][gc,phases         ] GC(76)     Dead                           Min: 0, Avg:  0.0, Max: 0, Diff: 0, Sum: 0, Workers: 1
[1.026s][debug][gc,phases         ] GC(76)     Total                          Min: 0, Avg:  0.0, Max: 0, Diff: 0, Sum: 0, Workers: 1
[1.026s][debug][gc,phases         ] GC(76)   StringDedup Requests0 Weak     Min:  0.0, Avg:  0.0, Max:  0.0, Diff:  0.0, Sum:  0.0, Workers: 1
[1.026s][debug][gc,phases         ] GC(76)     Dead                           Min: 0, Avg:  0.0, Max: 0, Diff: 0, Sum: 0, Workers: 1
[1.026s][debug][gc,phases         ] GC(76)     Total                          Min: 0, Avg:  0.0, Max: 0, Diff: 0, Sum: 0, Workers: 1
[1.026s][debug][gc,phases         ] GC(76)   StringDedup Requests1 Weak     Min:  0.0, Avg:  0.0, Max:  0.0, Diff:  0.0, Sum:  0.0, Workers: 1
[1.026s][debug][gc,phases         ] GC(76)     Dead                           Min: 0, Avg:  0.0, Max: 0, Diff: 0, Sum: 0, Workers: 1
[1.026s][debug][gc,phases         ] GC(76)     Total                          Min: 0, Avg:  0.0, Max: 0, Diff: 0, Sum: 0, Workers: 1
[1.026s][debug][gc,phases         ] GC(76)   Weak JFR Old Object Samples    Min:  0.0, Avg:  0.0, Max:  0.0, Diff:  0.0, Sum:  0.0, Workers: 1
[1.026s][debug][gc,phases         ] GC(76)     Dead                           Min: 0, Avg:  0.0, Max: 0, Diff: 0, Sum: 0, Workers: 1
[1.026s][debug][gc,phases         ] GC(76)     Total                          Min: 0, Avg:  0.0, Max: 0, Diff: 0, Sum: 0, Workers: 1
[1.026s][debug][gc,phases         ] GC(76) Phase 1: Weak Processing 0.187ms
[1.026s][debug][gc,phases,start   ] GC(76) Phase 1: Class Unloading and Cleanup
[1.026s][debug][gc,phases,start   ] GC(76) ClassLoaderData
[1.026s][debug][gc,phases         ] GC(76) ClassLoaderData 0.004ms
[1.026s][debug][gc,phases,start   ] GC(76) Trigger cleanups
[1.026s][debug][gc,phases         ] GC(76) Trigger cleanups 0.003ms
[1.026s][debug][gc,phases         ] GC(76) Phase 1: Class Unloading and Cleanup 0.148ms
[1.026s][debug][gc,phases,start   ] GC(76) Report Object Count
[1.026s][debug][gc,phases         ] GC(76) Report Object Count 0.004ms
[1.026s][info ][gc,phases         ] GC(76) Phase 1: Mark live objects 1.326ms
[1.026s][info ][gc,phases,start   ] GC(76) Phase 2: Prepare for compaction
[1.027s][debug][gc,phases,start   ] GC(76) Phase 2: Prepare Serial Compaction
[1.027s][debug][gc,phases         ] GC(76) Phase 2: Prepare Serial Compaction 0.028ms
[1.027s][info ][gc,phases         ] GC(76) Phase 2: Prepare for compaction 0.189ms
[1.027s][info ][gc,phases,start   ] GC(76) Phase 3: Adjust pointers
[1.027s][info ][gc,phases         ] GC(76) Phase 3: Adjust pointers 0.292ms
[1.027s][info ][gc,phases,start   ] GC(76) Phase 4: Compact heap
[1.033s][debug][gc,task,start     ] G1 Service Thread (Periodic GC Task) (run)
[1.033s][debug][gc,task           ] G1 Service Thread (Periodic GC Task) (run) 0.035ms (cpu: 0.000ms)
[1.034s][debug][gc,phases,start   ] GC(76) Phase 4: Serial Compaction
[1.034s][debug][gc,phases         ] GC(76) Phase 4: Serial Compaction 0.594ms
[1.034s][info ][gc,phases         ] GC(76) Phase 4: Compact heap 7.436ms
[1.035s][debug][gc,ergo           ] GC(76) Running G1 Clear Bitmap with 4 workers for 4 work units.
[1.035s][debug][gc,alloc,stats    ] Old generation allocation in the last mutator period, old gen allocated: 0B, humongous allocated: 0B,old gen growth: 0B.
[1.035s][info ][gc,heap           ] GC(76) Eden regions: 0->0(12)
[1.035s][info ][gc,heap           ] GC(76) Survivor regions: 0->0(0)
[1.035s][info ][gc,heap           ] GC(76) Old regions: 161->160
[1.035s][info ][gc,heap           ] GC(76) Archive regions: 2->2
[1.035s][info ][gc,heap           ] GC(76) Humongous regions: 93->93
[1.035s][info ][gc,metaspace      ] GC(76) Metaspace: 136K(320K)->136K(320K) NonClass: 131K(192K)->131K(192K) Class: 5K(128K)->5K(128K)
[1.035s][debug][gc,heap           ] GC(76) Heap after GC invocations=70 (full 14):
[1.035s][debug][gc,heap           ] GC(76)  garbage-first heap   total 262144K, used 249439K [0x00000000f0000000, 0x0000000100000000)
[1.035s][debug][gc,heap           ] GC(76)   region size 1024K, 0 young (0K), 0 survivors (0K)
[1.035s][debug][gc,heap           ] GC(76)  Metaspace       used 136K, committed 320K, reserved 1114112K
[1.035s][debug][gc,heap           ] GC(76)   class space    used 5K, committed 128K, reserved 1048576K
[1.035s][info ][gc                ] GC(76) Pause Full (G1 Compaction Pause) 244M->243M(256M) 9.939ms
[1.035s][info ][gc,cpu            ] GC(76) User=0.03s Sys=0.00s Real=0.02s
[1.035s][debug][gc,stats          ] ---------------------------------------------------------------------
[1.035s][debug][gc,stats          ] Marking Stats, task = 0, calls = 0
[1.035s][debug][gc,stats          ]   Elapsed time = 0.00ms, Termination time = 0.00ms
[1.035s][debug][gc,stats          ]   Step Times (cum): num = 671, avg = 0.02ms, sd = 0.10ms max = 1.18ms, total = 10.21ms
[1.035s][debug][gc,stats          ]   Mark Stats Cache: hits 889 misses 0 ratio 100.000
[1.035s][debug][gc,stats          ] ---------------------------------------------------------------------
[1.035s][debug][gc,stats          ] Marking Stats, task = 1, calls = 0
[1.035s][debug][gc,stats          ]   Elapsed time = 0.00ms, Termination time = 0.00ms
[1.035s][debug][gc,stats          ]   Step Times (cum): num = 76, avg = 0.15ms, sd = 0.32ms max = 1.46ms, total = 11.21ms
[1.035s][debug][gc,stats          ]   Mark Stats Cache: hits 19 misses 0 ratio 100.000
[1.035s][debug][gc,stats          ] ---------------------------------------------------------------------
[1.035s][debug][gc,stats          ] Marking Stats, task = 2, calls = 0
[1.035s][debug][gc,stats          ]   Elapsed time = 0.00ms, Termination time = 0.00ms
[1.035s][debug][gc,stats          ]   Step Times (cum): num = 54, avg = 0.12ms, sd = 0.29ms max = 1.29ms, total = 6.73ms
[1.035s][debug][gc,stats          ]   Mark Stats Cache: hits 39 misses 0 ratio 100.000
[1.035s][debug][gc,stats          ] ---------------------------------------------------------------------
[1.035s][info ][gc,marking        ] GC(75) Concurrent Mark From Roots 10.273ms
[1.035s][info ][gc,marking        ] GC(75) Concurrent Mark Abort
[1.035s][info ][gc                ] GC(75) Concurrent Mark Cycle 10.421ms
[1.037s][debug][gc,heap           ] GC(77) Heap before GC invocations=70 (full 14):
[1.037s][debug][gc,heap           ] GC(77)  garbage-first heap   total 262144K, used 249439K [0x00000000f0000000, 0x0000000100000000)
[1.037s][debug][gc,heap           ] GC(77)   region size 1024K, 1 young (1024K), 0 survivors (0K)
[1.037s][debug][gc,heap           ] GC(77)  Metaspace       used 136K, committed 320K, reserved 1114112K
[1.037s][debug][gc,heap           ] GC(77)   class space    used 5K, committed 128K, reserved 1048576K
[1.037s][info ][gc,start          ] GC(77) Pause Young (Normal) (G1 Evacuation Pause)
[1.037s][info ][gc,task           ] GC(77) Using 12 workers of 13 for evacuation
[1.037s][debug][gc,tlab           ] GC(77) TLAB totals: thrds: 5  refills: 5 max: 1 slow allocs: 4 max 2 waste: 41.5% gc: 232456B max: 47024B slow: 0B max: 0B
[1.037s][debug][gc,age            ] GC(77) Desired survivor size 1048576 bytes, new threshold 15 (max threshold 15)
[1.037s][debug][gc,refine,stats   ] GC(77) Mutator refinement: 0.00ms, refined: 0, precleaned: 0, dirtied: 19
[1.037s][debug][gc,refine,stats   ] GC(77) Concurrent refinement: 0.00ms, refined: 0, precleaned: 0, dirtied: 0
[1.037s][debug][gc,refine,stats   ] GC(77) Total refinement: 0.00ms, refined: 0, precleaned: 0, dirtied: 19
[1.037s][debug][gc,refine,stats   ] GC(77) Generate dirty cards rate: 0.50 cards/ms
[1.037s][debug][gc,alloc,region   ] GC(77) Mutator Allocation stats, regions: 1, wasted size: 0B ( 0.0%)
[1.037s][debug][gc,humongous      ] GC(77) Humongous region 0 (object size 1048592 @ 0x00000000f0000000) remset 0 code roots 0 marked 0 reclaim candidate 0 type array 1
[1.037s][debug][gc,humongous      ] GC(77) Humongous region 2 (object size 1048592 @ 0x00000000f0200000) remset 0 code roots 0 marked 0 reclaim candidate 0 type array 1
[1.037s][debug][gc,humongous      ] GC(77) Humongous region 22 (object size 1048592 @ 0x00000000f1600000) remset 0 code roots 0 marked 0 reclaim candidate 0 type array 1
[1.037s][debug][gc,humongous      ] GC(77) Humongous region 64 (object size 1048592 @ 0x00000000f4000000) remset 0 code roots 0 marked 0 reclaim candidate 0 type array 1
[1.037s][debug][gc,humongous      ] GC(77) Humongous region 126 (object size 1048592 @ 0x00000000f7e00000) remset 0 code roots 0 marked 0 reclaim candidate 0 type array 1
[1.038s][debug][gc,humongous      ] GC(77) Humongous region 159 (object size 10485776 @ 0x00000000f9f00000) remset 0 code roots 0 marked 0 reclaim candidate 0 type array 1
[1.037s][debug][gc,humongous      ] GC(77) Humongous region 85 (object size 10485776 @ 0x00000000f5500000) remset 0 code roots 0 marked 0 reclaim candidate 0 type array 1
[1.038s][debug][gc,humongous      ] GC(77) Humongous region 249 (object size 1048592 @ 0x00000000ff900000) remset 0 code roots 0 marked 0 reclaim candidate 0 type array 1
[1.038s][debug][gc,humongous      ] GC(77) Humongous region 8 (object size 1048592 @ 0x00000000f0800000) remset 0 code roots 0 marked 0 reclaim candidate 0 type array 1
[1.038s][debug][gc,humongous      ] GC(77) Humongous region 10 (object size 1048592 @ 0x00000000f0a00000) remset 0 code roots 0 marked 0 reclaim candidate 0 type array 1
[1.038s][debug][gc,humongous      ] GC(77) Humongous region 12 (object size 1048592 @ 0x00000000f0c00000) remset 0 code roots 0 marked 0 reclaim candidate 0 type array 1
[1.038s][debug][gc,humongous      ] GC(77) Humongous region 14 (object size 1048592 @ 0x00000000f0e00000) remset 0 code roots 0 marked 0 reclaim candidate 0 type array 1
[1.038s][debug][gc,humongous      ] GC(77) Humongous region 16 (object size 1048592 @ 0x00000000f1000000) remset 0 code roots 0 marked 0 reclaim candidate 0 type array 1
[1.038s][debug][gc,humongous      ] GC(77) Humongous region 216 (object size 10485776 @ 0x00000000fd800000) remset 0 code roots 0 marked 0 reclaim candidate 0 type array 1
[1.038s][debug][gc,humongous      ] GC(77) Humongous region 205 (object size 1048592 @ 0x00000000fcd00000) remset 0 code roots 0 marked 0 reclaim candidate 0 type array 1
[1.038s][debug][gc,humongous      ] GC(77) Humongous region 26 (object size 1048592 @ 0x00000000f1a00000) remset 0 code roots 0 marked 0 reclaim candidate 0 type array 1
[1.038s][debug][gc,humongous      ] GC(77) Humongous region 244 (object size 1048592 @ 0x00000000ff400000) remset 0 code roots 0 marked 0 reclaim candidate 0 type array 1
[1.038s][debug][gc,humongous      ] GC(77) Humongous region 30 (object size 1048592 @ 0x00000000f1e00000) remset 0 code roots 0 marked 0 reclaim candidate 0 type array 1
[1.038s][debug][gc,humongous      ] GC(77) Humongous region 6 (object size 1048592 @ 0x00000000f0600000) remset 0 code roots 0 marked 0 reclaim candidate 0 type array 1
[1.037s][debug][gc,humongous      ] GC(77) Humongous region 4 (object size 1048592 @ 0x00000000f0400000) remset 0 code roots 0 marked 0 reclaim candidate 0 type array 1
[1.038s][debug][gc,humongous      ] GC(77) Humongous region 36 (object size 1048592 @ 0x00000000f2400000) remset 0 code roots 0 marked 0 reclaim candidate 0 type array 1
[1.038s][debug][gc,humongous      ] GC(77) Humongous region 38 (object size 1048592 @ 0x00000000f2600000) remset 0 code roots 0 marked 0 reclaim candidate 0 type array 1
[1.038s][debug][gc,humongous      ] GC(77) Humongous region 203 (object size 1048592 @ 0x00000000fcb00000) remset 0 code roots 0 marked 0 reclaim candidate 0 type array 1
[1.038s][debug][gc,humongous      ] GC(77) Humongous region 20 (object size 1048592 @ 0x00000000f1400000) remset 0 code roots 0 marked 0 reclaim candidate 0 type array 1
[1.038s][debug][gc,humongous      ] GC(77) Humongous region 238 (object size 1048592 @ 0x00000000fee00000) remset 0 code roots 0 marked 0 reclaim candidate 0 type array 1
[1.038s][debug][gc,humongous      ] GC(77) Humongous region 28 (object size 1048592 @ 0x00000000f1c00000) remset 0 code roots 0 marked 0 reclaim candidate 0 type array 1
[1.037s][debug][gc,humongous      ] GC(77) Humongous region 24 (object size 1048592 @ 0x00000000f1800000) remset 0 code roots 0 marked 0 reclaim candidate 0 type array 1
[1.038s][debug][gc,humongous      ] GC(77) Humongous region 32 (object size 1048592 @ 0x00000000f2000000) remset 0 code roots 0 marked 0 reclaim candidate 0 type array 1
[1.038s][debug][gc,humongous      ] GC(77) Humongous region 34 (object size 1048592 @ 0x00000000f2200000) remset 0 code roots 0 marked 0 reclaim candidate 0 type array 1
[1.038s][debug][gc,humongous      ] GC(77) Humongous region 83 (object size 1048592 @ 0x00000000f5300000) remset 0 code roots 0 marked 0 reclaim candidate 0 type array 1
[1.037s][debug][gc,humongous      ] GC(77) Humongous region 42 (object size 1048592 @ 0x00000000f2a00000) remset 0 code roots 0 marked 0 reclaim candidate 0 type array 1
[1.038s][debug][gc,humongous      ] GC(77) Humongous region 60 (object size 1048592 @ 0x00000000f3c00000) remset 0 code roots 0 marked 0 reclaim candidate 0 type array 1
[1.038s][debug][gc,humongous      ] GC(77) Humongous region 18 (object size 1048592 @ 0x00000000f1200000) remset 0 code roots 0 marked 0 reclaim candidate 0 type array 1
[1.038s][debug][gc,ergo           ] GC(77) Running G1 Merge Heap Roots using 12 workers for 1 regions
[1.038s][debug][gc,remset         ] GC(77) Visited cards 32 Total dirty 2048 (1.56%) Total old 526336 (0.01%)
[1.038s][debug][gc,ergo,heap      ] GC(77) Attempt heap expansion (region allocation request failed). Allocation request: 65552B
[1.038s][debug][gc,ergo,heap      ] GC(77) Did not expand the heap (heap already fully expanded)
[1.038s][debug][gc,ref            ] GC(77) Skipped phase 1 of Reference Processing: no references
[1.038s][debug][gc,ref            ] GC(77) Skipped phase 2 of Reference Processing: no references
[1.039s][debug][gc,ref            ] GC(77) Skipped phase 3 of Reference Processing: no references
[1.039s][debug][gc,ref            ] GC(77) Skipped phase 4 of Reference Processing: no references
[1.039s][debug][gc,ergo           ] GC(77) Running G1 Rebuild Free List Task using 12 workers for rebuilding free list of regions
[1.039s][debug][gc,plab           ] GC(77) Young PLAB allocation: allocated: 0B, wasted: 0B, unused: 0B, used: 0B, undo waste: 0B, 
[1.039s][debug][gc,plab           ] GC(77) Young other allocation: region end waste: 0B, regions filled: 0, direct allocated: 0B, failure used: 0B, failure wasted: 0B
[1.039s][debug][gc,plab           ] GC(77) Young sizing: calculated: 0B, actual: 2064B
[1.039s][debug][gc,plab           ] GC(77) Old PLAB allocation: allocated: 0B, wasted: 0B, unused: 0B, used: 0B, undo waste: 0B, 
[1.039s][debug][gc,plab           ] GC(77) Old other allocation: region end waste: 0B, regions filled: 0, direct allocated: 0B, failure used: 786624B, failure wasted: 261952B
[1.039s][debug][gc,plab           ] GC(77) Old sizing: calculated: 0B, actual: 2064B
[1.039s][debug][gc,ergo,heap      ] GC(77) Heap expansion: short term pause time ratio 41.87% long term pause time ratio 13.56% threshold 7.69% pause time ratio 7.69% fully expanded true resize by 0B
[1.039s][debug][gc,ergo,ihop      ] GC(77) Request concurrent cycle initiation (occupancy higher than threshold) occupancy: 268435456B allocation request: 0B threshold: 202568359B (75.46) source: end of GC
[1.039s][debug][gc,mmu            ] GC(77) MMU: 10.2ms (50.0ms/51.0ms)
[1.039s][debug][gc,alloc,stats    ] Old generation allocation in the last mutator period, old gen allocated: 1048576B, humongous allocated: 0B,old gen growth: 1048576B.
[1.039s][debug][gc,ihop           ] GC(77) Basic information (value update), threshold: 202963677B (75.61), target occupancy: 268435456B, current occupancy: 256444616B, recent allocation size: 1048576B, recent allocation duration: 38.05ms, recent old gen allocation rate: 27558736.53B/s, recent marking phase length: 9.93ms
[1.039s][debug][gc,ihop           ] GC(77) Adaptive IHOP information (value update), threshold: 202963677B (88.95), internal target occupancy: 228170137B, occupancy: 256444616B, additional buffer size: 12582912B, predicted old gen allocation rate: 240464383.67B/s, predicted marking phase length: 52.50ms, prediction active: true
[1.039s][debug][gc,ergo,refine    ] GC(77) Concurrent refinement times: Logged Cards Scan time goal: 5.00ms Logged Cards Scan time: 0.00ms HCC time: 0.00ms
[1.039s][debug][gc,ergo,refine    ] GC(77) Updated Refinement Zones: green: 3328, yellow: 9984, red: 16640
[1.039s][info ][gc                ] GC(77) To-space exhausted
[1.039s][info ][gc,phases         ] GC(77)   Pre Evacuate Collection Set: 0.5ms
[1.039s][debug][gc,phases         ] GC(77)     Prepare TLABs: 0.0ms
[1.039s][debug][gc,phases         ] GC(77)     Concatenate Dirty Card Logs: 0.0ms
[1.039s][debug][gc,phases         ] GC(77)     Choose Collection Set: 0.0ms
[1.039s][debug][gc,phases         ] GC(77)     Region Register: 0.5ms
[1.039s][debug][gc,phases         ] GC(77)     Prepare Heap Roots: 0.0ms
[1.039s][info ][gc,phases         ] GC(77)   Merge Heap Roots: 0.2ms
[1.039s][debug][gc,phases         ] GC(77)     Prepare Merge Heap Roots: 0.0ms
[1.039s][debug][gc,phases         ] GC(77)     Eager Reclaim (ms):            skipped
[1.039s][debug][gc,phases         ] GC(77)     Remembered Sets (ms):          Min:  0.0, Avg:  0.0, Max:  0.0, Diff:  0.0, Sum:  0.0, Workers: 12
[1.039s][debug][gc,phases         ] GC(77)       Merged Sparse:                 Min: 0, Avg:  0.0, Max: 0, Diff: 0, Sum: 0, Workers: 12
[1.039s][debug][gc,phases         ] GC(77)       Merged Fine:                   Min: 0, Avg:  0.0, Max: 0, Diff: 0, Sum: 0, Workers: 12
[1.039s][debug][gc,phases         ] GC(77)       Merged Coarse:                 Min: 0, Avg:  0.0, Max: 0, Diff: 0, Sum: 0, Workers: 12
[1.039s][debug][gc,phases         ] GC(77)       Dirty Cards:                   Min: 0, Avg:  0.0, Max: 0, Diff: 0, Sum: 0, Workers: 12
[1.039s][debug][gc,phases         ] GC(77)     Hot Card Cache (ms):           Min:  0.0, Avg:  0.0, Max:  0.0, Diff:  0.0, Sum:  0.0, Workers: 12
[1.039s][debug][gc,phases         ] GC(77)       Dirty Cards:                   Min: 0, Avg:  0.0, Max: 0, Diff: 0, Sum: 0, Workers: 12
[1.039s][debug][gc,phases         ] GC(77)       Skipped Cards:                 Min: 0, Avg:  0.0, Max: 0, Diff: 0, Sum: 0, Workers: 12
[1.039s][debug][gc,phases         ] GC(77)     Log Buffers (ms):              Min:  0.0, Avg:  0.0, Max:  0.0, Diff:  0.0, Sum:  0.0, Workers: 12
[1.039s][debug][gc,phases         ] GC(77)       Dirty Cards:                   Min: 0, Avg:  0.9, Max: 11, Diff: 11, Sum: 11, Workers: 12
[1.039s][debug][gc,phases         ] GC(77)       Skipped Cards:                 Min: 0, Avg:  0.0, Max: 0, Diff: 0, Sum: 0, Workers: 12
[1.039s][info ][gc,phases         ] GC(77)   Evacuate Collection Set: 0.4ms
[1.039s][debug][gc,phases         ] GC(77)     Ext Root Scanning (ms):        Min:  0.0, Avg:  0.0, Max:  0.1, Diff:  0.1, Sum:  0.3, Workers: 12
[1.039s][debug][gc,phases         ] GC(77)     Scan Heap Roots (ms):          Min:  0.0, Avg:  0.0, Max:  0.0, Diff:  0.0, Sum:  0.0, Workers: 12
[1.039s][debug][gc,phases         ] GC(77)       Scanned Cards:                 Min: 0, Avg:  1.6, Max: 19, Diff: 19, Sum: 19, Workers: 12
[1.039s][debug][gc,phases         ] GC(77)       Scanned Blocks:                Min: 0, Avg:  0.1, Max: 1, Diff: 1, Sum: 1, Workers: 12
[1.039s][debug][gc,phases         ] GC(77)       Claimed Chunks:                Min: 0, Avg:  0.1, Max: 1, Diff: 1, Sum: 1, Workers: 12
[1.039s][debug][gc,phases         ] GC(77)     Code Root Scan (ms):           Min:  0.0, Avg:  0.0, Max:  0.0, Diff:  0.0, Sum:  0.0, Workers: 12
[1.039s][debug][gc,phases         ] GC(77)     Object Copy (ms):              Min:  0.0, Avg:  0.0, Max:  0.0, Diff:  0.0, Sum:  0.0, Workers: 12
[1.039s][debug][gc,phases         ] GC(77)     Termination (ms):              Min:  0.1, Avg:  0.2, Max:  0.3, Diff:  0.1, Sum:  2.8, Workers: 12
[1.039s][debug][gc,phases         ] GC(77)       Termination Attempts:          Min: 1, Avg:  1.0, Max: 1, Diff: 0, Sum: 12, Workers: 12
[1.039s][debug][gc,phases         ] GC(77)     GC Worker Other (ms):          Min:  0.0, Avg:  0.0, Max:  0.0, Diff:  0.0, Sum:  0.0, Workers: 12
[1.039s][debug][gc,phases         ] GC(77)     GC Worker Total (ms):          Min:  0.1, Avg:  0.3, Max:  0.3, Diff:  0.2, Sum:  3.1, Workers: 12
[1.039s][info ][gc,phases         ] GC(77)   Post Evacuate Collection Set: 0.4ms
[1.039s][debug][gc,phases         ] GC(77)     Code Roots Fixup: 0.0ms
[1.039s][debug][gc,phases         ] GC(77)     Reference Processing: 0.0ms
[1.039s][debug][gc,phases,ref     ] GC(77)       Reconsider SoftReferences: 0.0ms
[1.039s][debug][gc,phases,ref     ] GC(77)         SoftRef (ms):                  skipped
[1.039s][debug][gc,phases,ref     ] GC(77)       Notify Soft/WeakReferences: 0.0ms
[1.039s][debug][gc,phases,ref     ] GC(77)         SoftRef (ms):                  skipped
[1.039s][debug][gc,phases,ref     ] GC(77)         WeakRef (ms):                  skipped
[1.039s][debug][gc,phases,ref     ] GC(77)         FinalRef (ms):                 skipped
[1.039s][debug][gc,phases,ref     ] GC(77)         Total (ms):                    skipped
[1.039s][debug][gc,phases,ref     ] GC(77)       Notify and keep alive finalizable: 0.0ms
[1.039s][debug][gc,phases,ref     ] GC(77)         FinalRef (ms):                 skipped
[1.039s][debug][gc,phases,ref     ] GC(77)       Notify PhantomReferences: 0.0ms
[1.039s][debug][gc,phases,ref     ] GC(77)         PhantomRef (ms):               skipped
[1.039s][debug][gc,phases,ref     ] GC(77)       SoftReference:
[1.039s][debug][gc,phases,ref     ] GC(77)         Discovered: 0
[1.039s][debug][gc,phases,ref     ] GC(77)         Cleared: 0
[1.039s][debug][gc,phases,ref     ] GC(77)       WeakReference:
[1.039s][debug][gc,phases,ref     ] GC(77)         Discovered: 0
[1.039s][debug][gc,phases,ref     ] GC(77)         Cleared: 0
[1.039s][debug][gc,phases,ref     ] GC(77)       FinalReference:
[1.039s][debug][gc,phases,ref     ] GC(77)         Discovered: 0
[1.039s][debug][gc,phases,ref     ] GC(77)         Cleared: 0
[1.039s][debug][gc,phases,ref     ] GC(77)       PhantomReference:
[1.039s][debug][gc,phases,ref     ] GC(77)         Discovered: 0
[1.039s][debug][gc,phases,ref     ] GC(77)         Cleared: 0
[1.039s][debug][gc,phases         ] GC(77)     Weak Processing: 0.0ms
[1.039s][debug][gc,phases         ] GC(77)       VM Weak                        Min:  0.0, Avg:  0.0, Max:  0.0, Diff:  0.0, Sum:  0.0, Workers: 1
[1.039s][debug][gc,phases         ] GC(77)         Dead                           Min: 0, Avg:  0.0, Max: 0, Diff: 0, Sum: 0, Workers: 1
[1.039s][debug][gc,phases         ] GC(77)         Total                          Min: 4, Avg:  4.0, Max: 4, Diff: 0, Sum: 4, Workers: 1
[1.039s][debug][gc,phases         ] GC(77)       ObjectSynchronizer Weak        Min:  0.0, Avg:  0.0, Max:  0.0, Diff:  0.0, Sum:  0.0, Workers: 1
[1.039s][debug][gc,phases         ] GC(77)         Dead                           Min: 0, Avg:  0.0, Max: 0, Diff: 0, Sum: 0, Workers: 1
[1.039s][debug][gc,phases         ] GC(77)         Total                          Min: 4, Avg:  4.0, Max: 4, Diff: 0, Sum: 4, Workers: 1
[1.039s][debug][gc,phases         ] GC(77)       JVMTI Tag Weak OopStorage      Min:  0.0, Avg:  0.0, Max:  0.0, Diff:  0.0, Sum:  0.0, Workers: 1
[1.039s][debug][gc,phases         ] GC(77)         Dead                           Min: 0, Avg:  0.0, Max: 0, Diff: 0, Sum: 0, Workers: 1
[1.039s][debug][gc,phases         ] GC(77)         Total                          Min: 0, Avg:  0.0, Max: 0, Diff: 0, Sum: 0, Workers: 1
[1.039s][debug][gc,phases         ] GC(77)       StringTable Weak               Min:  0.0, Avg:  0.0, Max:  0.0, Diff:  0.0, Sum:  0.0, Workers: 1
[1.039s][debug][gc,phases         ] GC(77)         Dead                           Min: 0, Avg:  0.0, Max: 0, Diff: 0, Sum: 0, Workers: 1
[1.039s][debug][gc,phases         ] GC(77)         Total                          Min: 40, Avg: 40.0, Max: 40, Diff: 0, Sum: 40, Workers: 1
[1.039s][debug][gc,phases         ] GC(77)       ResolvedMethodTable Weak       Min:  0.0, Avg:  0.0, Max:  0.0, Diff:  0.0, Sum:  0.0, Workers: 1
[1.039s][debug][gc,phases         ] GC(77)         Dead                           Min: 0, Avg:  0.0, Max: 0, Diff: 0, Sum: 0, Workers: 1
[1.039s][debug][gc,phases         ] GC(77)         Total                          Min: 22, Avg: 22.0, Max: 22, Diff: 0, Sum: 22, Workers: 1
[1.039s][debug][gc,phases         ] GC(77)       JNI Weak                       Min:  0.0, Avg:  0.0, Max:  0.0, Diff:  0.0, Sum:  0.0, Workers: 1
[1.039s][debug][gc,phases         ] GC(77)         Dead                           Min: 0, Avg:  0.0, Max: 0, Diff: 0, Sum: 0, Workers: 1
[1.039s][debug][gc,phases         ] GC(77)         Total                          Min: 0, Avg:  0.0, Max: 0, Diff: 0, Sum: 0, Workers: 1
[1.039s][debug][gc,phases         ] GC(77)       StringDedup Table Weak         Min:  0.0, Avg:  0.0, Max:  0.0, Diff:  0.0, Sum:  0.0, Workers: 1
[1.039s][debug][gc,phases         ] GC(77)         Dead                           Min: 0, Avg:  0.0, Max: 0, Diff: 0, Sum: 0, Workers: 1
[1.039s][debug][gc,phases         ] GC(77)         Total                          Min: 0, Avg:  0.0, Max: 0, Diff: 0, Sum: 0, Workers: 1
[1.039s][debug][gc,phases         ] GC(77)       StringDedup Requests0 Weak     Min:  0.0, Avg:  0.0, Max:  0.0, Diff:  0.0, Sum:  0.0, Workers: 1
[1.039s][debug][gc,phases         ] GC(77)         Dead                           Min: 0, Avg:  0.0, Max: 0, Diff: 0, Sum: 0, Workers: 1
[1.039s][debug][gc,phases         ] GC(77)         Total                          Min: 0, Avg:  0.0, Max: 0, Diff: 0, Sum: 0, Workers: 1
[1.039s][debug][gc,phases         ] GC(77)       StringDedup Requests1 Weak     Min:  0.0, Avg:  0.0, Max:  0.0, Diff:  0.0, Sum:  0.0, Workers: 1
[1.039s][debug][gc,phases         ] GC(77)         Dead                           Min: 0, Avg:  0.0, Max: 0, Diff: 0, Sum: 0, Workers: 1
[1.039s][debug][gc,phases         ] GC(77)         Total                          Min: 0, Avg:  0.0, Max: 0, Diff: 0, Sum: 0, Workers: 1
[1.039s][debug][gc,phases         ] GC(77)       Weak JFR Old Object Samples    Min:  0.0, Avg:  0.0, Max:  0.0, Diff:  0.0, Sum:  0.0, Workers: 1
[1.039s][debug][gc,phases         ] GC(77)         Dead                           Min: 0, Avg:  0.0, Max: 0, Diff: 0, Sum: 0, Workers: 1
[1.039s][debug][gc,phases         ] GC(77)         Total                          Min: 0, Avg:  0.0, Max: 0, Diff: 0, Sum: 0, Workers: 1
[1.039s][debug][gc,phases         ] GC(77)     Post Evacuate Cleanup 1: 0.0ms
[1.039s][debug][gc,phases         ] GC(77)       Merge Per-Thread State (ms):   Min:  0.0, Avg:  0.0, Max:  0.0, Diff:  0.0, Sum:  0.0, Workers: 1
[1.039s][debug][gc,phases         ] GC(77)         Copied Bytes                   Min: 0, Avg:  0.0, Max: 0, Diff: 0, Sum: 0, Workers: 12
[1.039s][debug][gc,phases         ] GC(77)         LAB Waste                      Min: 0, Avg:  0.0, Max: 0, Diff: 0, Sum: 0, Workers: 12
[1.039s][debug][gc,phases         ] GC(77)         LAB Undo Waste                 Min: 0, Avg:  0.0, Max: 0, Diff: 0, Sum: 0, Workers: 12
[1.039s][debug][gc,phases         ] GC(77)       Clear Logged Cards (ms):       Min:  0.0, Avg:  0.0, Max:  0.0, Diff:  0.0, Sum:  0.0, Workers: 4
[1.039s][debug][gc,phases         ] GC(77)       Recalculate Used Memory (ms):  Min:  0.0, Avg:  0.0, Max:  0.0, Diff:  0.0, Sum:  0.0, Workers: 1
[1.039s][debug][gc,phases         ] GC(77)       Remove Self Forwards (ms):     Min:  0.0, Avg:  0.0, Max:  0.0, Diff:  0.0, Sum:  0.0, Workers: 4
[1.039s][debug][gc,phases         ] GC(77)     Post Evacuate Cleanup 2: 0.1ms
[1.039s][debug][gc,phases         ] GC(77)       Recalculate Used Memory (ms):  Min:  0.0, Avg:  0.0, Max:  0.0, Diff:  0.0, Sum:  0.0, Workers: 1
[1.039s][debug][gc,phases         ] GC(77)       Restore Preserved Marks (ms):  Min:  0.0, Avg:  0.0, Max:  0.0, Diff:  0.0, Sum:  0.0, Workers: 12
[1.039s][debug][gc,phases         ] GC(77)       Reset Hot Card Cache (ms):     Min:  0.0, Avg:  0.0, Max:  0.0, Diff:  0.0, Sum:  0.0, Workers: 1
[1.039s][debug][gc,phases         ] GC(77)       Purge Code Roots (ms):         Min:  0.0, Avg:  0.0, Max:  0.0, Diff:  0.0, Sum:  0.0, Workers: 1
[1.039s][debug][gc,phases         ] GC(77)       Update Derived Pointers (ms):  Min:  0.0, Avg:  0.0, Max:  0.0, Diff:  0.0, Sum:  0.0, Workers: 1
[1.039s][debug][gc,phases         ] GC(77)       Eagerly Reclaim Humongous Objects (ms): Min:  0.0, Avg:  0.0, Max:  0.0, Diff:  0.0, Sum:  0.0, Workers: 1
[1.039s][debug][gc,phases         ] GC(77)         Humongous Total                Min: 33, Avg: 33.0, Max: 33, Diff: 0, Sum: 33, Workers: 1
[1.039s][debug][gc,phases         ] GC(77)         Humongous Candidates           Min: 0, Avg:  0.0, Max: 0, Diff: 0, Sum: 0, Workers: 1
[1.039s][debug][gc,phases         ] GC(77)         Humongous Reclaimed            Min: 0, Avg:  0.0, Max: 0, Diff: 0, Sum: 0, Workers: 1
[1.039s][debug][gc,phases         ] GC(77)       Redirty Logged Cards (ms):     Min:  0.0, Avg:  0.0, Max:  0.0, Diff:  0.0, Sum:  0.0, Workers: 12
[1.039s][debug][gc,phases         ] GC(77)         Redirtied Cards:               Min: 0, Avg:  0.2, Max: 3, Diff: 3, Sum: 3, Workers: 12
[1.039s][debug][gc,phases         ] GC(77)       Free Collection Set (ms):      Min:  0.0, Avg:  0.0, Max:  0.0, Diff:  0.0, Sum:  0.0, Workers: 12
[1.039s][debug][gc,phases         ] GC(77)     Rebuild Free List: 0.1ms
[1.039s][debug][gc,phases         ] GC(77)     Start New Collection Set: 0.0ms
[1.039s][debug][gc,phases         ] GC(77)     Resize TLABs: 0.0ms
[1.039s][debug][gc,phases         ] GC(77)     Expand Heap After Collection: 0.0ms
[1.039s][info ][gc,phases         ] GC(77)   Other: 0.2ms
[1.039s][info ][gc,heap           ] GC(77) Eden regions: 1->0(12)
[1.039s][info ][gc,heap           ] GC(77) Survivor regions: 0->0(0)
[1.039s][info ][gc,heap           ] GC(77) Old regions: 160->161
[1.039s][info ][gc,heap           ] GC(77) Archive regions: 2->2
[1.039s][info ][gc,heap           ] GC(77) Humongous regions: 93->93
[1.039s][info ][gc,metaspace      ] GC(77) Metaspace: 136K(320K)->136K(320K) NonClass: 131K(192K)->131K(192K) Class: 5K(128K)->5K(128K)
[1.039s][debug][gc,heap           ] GC(77) Heap after GC invocations=71 (full 14):
[1.039s][debug][gc,heap           ] GC(77)  garbage-first heap   total 262144K, used 250434K [0x00000000f0000000, 0x0000000100000000)
[1.039s][debug][gc,heap           ] GC(77)   region size 1024K, 0 young (0K), 0 survivors (0K)
[1.039s][debug][gc,heap           ] GC(77)  Metaspace       used 136K, committed 320K, reserved 1114112K
[1.039s][debug][gc,heap           ] GC(77)   class space    used 5K, committed 128K, reserved 1048576K
[1.039s][info ][gc                ] GC(77) Pause Young (Normal) (G1 Evacuation Pause) 244M->244M(256M) 2.104ms
[1.039s][info ][gc,cpu            ] GC(77) User=0.00s Sys=0.00s Real=0.00s
[1.039s][debug][gc,ergo,heap      ] Attempt heap expansion (allocation request failed). Allocation request: 65552B
[1.039s][debug][gc,ergo,heap      ] Expand the heap. requested expansion amount: 1048576B expansion amount: 1048576B
[1.039s][debug][gc,ergo,heap      ] Did not expand the heap (heap already fully expanded)
[1.039s][info ][gc,ergo           ] Attempting full compaction
[1.039s][debug][gc,task           ] GC(78) Requesting 9 active workers for full compaction (waste limited workers: 13, adaptive workers: 9, used limited workers: 256)
[1.039s][info ][gc,task           ] GC(78) Using 9 workers of 13 for full compaction
[1.039s][info ][gc,start          ] GC(78) Pause Full (G1 Compaction Pause)
[1.040s][debug][gc,heap           ] GC(78) Heap before GC invocations=71 (full 14):
[1.040s][debug][gc,heap           ] GC(78)  garbage-first heap   total 262144K, used 250434K [0x00000000f0000000, 0x0000000100000000)
[1.040s][debug][gc,heap           ] GC(78)   region size 1024K, 0 young (0K), 0 survivors (0K)
[1.040s][debug][gc,heap           ] GC(78)  Metaspace       used 136K, committed 320K, reserved 1114112K
[1.040s][debug][gc,heap           ] GC(78)   class space    used 5K, committed 128K, reserved 1048576K
[1.040s][debug][gc,alloc,region   ] GC(78) Mutator Allocation stats, regions: 0, wasted size: 0B ( 0.0%)
[1.040s][info ][gc,phases,start   ] GC(78) Phase 1: Mark live objects
[1.040s][debug][gc,phases,start   ] GC(78) Phase 1: Reference Processing
[1.040s][debug][gc,ref            ] GC(78) Skipped phase 1 of Reference Processing: no references
[1.040s][debug][gc,ref            ] GC(78) ReferenceProcessor::execute queues: 1, RefProcThreadModel::Single, marks_oops_alive: false
[1.040s][debug][gc,ref            ] GC(78) Skipped phase 3 of Reference Processing: no references
[1.040s][debug][gc,ref            ] GC(78) ReferenceProcessor::execute queues: 1, RefProcThreadModel::Single, marks_oops_alive: false
[1.040s][debug][gc,phases,ref     ] GC(78) Reference Processing: 0.1ms
[1.040s][debug][gc,phases,ref     ] GC(78)   Reconsider SoftReferences: 0.0ms
[1.040s][debug][gc,phases,ref     ] GC(78)     SoftRef (ms):                  skipped
[1.040s][debug][gc,phases,ref     ] GC(78)   Notify Soft/WeakReferences: 0.1ms
[1.040s][debug][gc,phases,ref     ] GC(78)     SoftRef (ms):                  Min:  0.0, Avg:  0.0, Max:  0.0, Diff:  0.0, Sum:  0.0, Workers: 13
[1.040s][debug][gc,phases,ref     ] GC(78)     WeakRef (ms):                  Min:  0.0, Avg:  0.0, Max:  0.0, Diff:  0.0, Sum:  0.0, Workers: 13
[1.040s][debug][gc,phases,ref     ] GC(78)     FinalRef (ms):                 Min:  0.0, Avg:  0.0, Max:  0.0, Diff:  0.0, Sum:  0.0, Workers: 13
[1.040s][debug][gc,phases,ref     ] GC(78)     Total (ms):                    Min:  0.0, Avg:  0.0, Max:  0.0, Diff:  0.0, Sum:  0.0, Workers: 13
[1.040s][debug][gc,phases,ref     ] GC(78)   Notify and keep alive finalizable: 0.0ms
[1.040s][debug][gc,phases,ref     ] GC(78)     FinalRef (ms):                 skipped
[1.040s][debug][gc,phases,ref     ] GC(78)   Notify PhantomReferences: 0.0ms
[1.040s][debug][gc,phases,ref     ] GC(78)     PhantomRef (ms):               Min:  0.0, Avg:  0.0, Max:  0.0, Diff:  0.0, Sum:  0.0, Workers: 13
[1.040s][debug][gc,phases,ref     ] GC(78)   SoftReference:
[1.040s][debug][gc,phases,ref     ] GC(78)     Discovered: 0
[1.040s][debug][gc,phases,ref     ] GC(78)     Cleared: 0
[1.040s][debug][gc,phases,ref     ] GC(78)   WeakReference:
[1.040s][debug][gc,phases,ref     ] GC(78)     Discovered: 17
[1.040s][debug][gc,phases,ref     ] GC(78)     Cleared: 17
[1.040s][debug][gc,phases,ref     ] GC(78)   FinalReference:
[1.040s][debug][gc,phases,ref     ] GC(78)     Discovered: 0
[1.040s][debug][gc,phases,ref     ] GC(78)     Cleared: 0
[1.040s][debug][gc,phases,ref     ] GC(78)   PhantomReference:
[1.040s][debug][gc,phases,ref     ] GC(78)     Discovered: 1
[1.040s][debug][gc,phases,ref     ] GC(78)     Cleared: 1
[1.040s][debug][gc,phases         ] GC(78) Phase 1: Reference Processing 0.188ms
[1.040s][debug][gc,phases,start   ] GC(78) Phase 1: Weak Processing
[1.040s][debug][gc,phases         ] GC(78)   VM Weak                        Min:  0.0, Avg:  0.0, Max:  0.0, Diff:  0.0, Sum:  0.0, Workers: 1
[1.040s][debug][gc,phases         ] GC(78)     Dead                           Min: 0, Avg:  0.0, Max: 0, Diff: 0, Sum: 0, Workers: 1
[1.040s][debug][gc,phases         ] GC(78)     Total                          Min: 4, Avg:  4.0, Max: 4, Diff: 0, Sum: 4, Workers: 1
[1.040s][debug][gc,phases         ] GC(78)   ObjectSynchronizer Weak        Min:  0.0, Avg:  0.0, Max:  0.0, Diff:  0.0, Sum:  0.0, Workers: 1
[1.040s][debug][gc,phases         ] GC(78)     Dead                           Min: 0, Avg:  0.0, Max: 0, Diff: 0, Sum: 0, Workers: 1
[1.040s][debug][gc,phases         ] GC(78)     Total                          Min: 4, Avg:  4.0, Max: 4, Diff: 0, Sum: 4, Workers: 1
[1.040s][debug][gc,phases         ] GC(78)   JVMTI Tag Weak OopStorage      Min:  0.0, Avg:  0.0, Max:  0.0, Diff:  0.0, Sum:  0.0, Workers: 1
[1.040s][debug][gc,phases         ] GC(78)     Dead                           Min: 0, Avg:  0.0, Max: 0, Diff: 0, Sum: 0, Workers: 1
[1.040s][debug][gc,phases         ] GC(78)     Total                          Min: 0, Avg:  0.0, Max: 0, Diff: 0, Sum: 0, Workers: 1
[1.040s][debug][gc,phases         ] GC(78)   StringTable Weak               Min:  0.0, Avg:  0.0, Max:  0.0, Diff:  0.0, Sum:  0.0, Workers: 1
[1.040s][debug][gc,phases         ] GC(78)     Dead                           Min: 0, Avg:  0.0, Max: 0, Diff: 0, Sum: 0, Workers: 1
[1.040s][debug][gc,phases         ] GC(78)     Total                          Min: 40, Avg: 40.0, Max: 40, Diff: 0, Sum: 40, Workers: 1
[1.040s][debug][gc,phases         ] GC(78)   ResolvedMethodTable Weak       Min:  0.0, Avg:  0.0, Max:  0.0, Diff:  0.0, Sum:  0.0, Workers: 1
[1.040s][debug][gc,phases         ] GC(78)     Dead                           Min: 0, Avg:  0.0, Max: 0, Diff: 0, Sum: 0, Workers: 1
[1.040s][debug][gc,phases         ] GC(78)     Total                          Min: 22, Avg: 22.0, Max: 22, Diff: 0, Sum: 22, Workers: 1
[1.040s][debug][gc,phases         ] GC(78)   JNI Weak                       Min:  0.0, Avg:  0.0, Max:  0.0, Diff:  0.0, Sum:  0.0, Workers: 1
[1.040s][debug][gc,phases         ] GC(78)     Dead                           Min: 0, Avg:  0.0, Max: 0, Diff: 0, Sum: 0, Workers: 1
[1.040s][debug][gc,phases         ] GC(78)     Total                          Min: 0, Avg:  0.0, Max: 0, Diff: 0, Sum: 0, Workers: 1
[1.040s][debug][gc,phases         ] GC(78)   StringDedup Table Weak         Min:  0.0, Avg:  0.0, Max:  0.0, Diff:  0.0, Sum:  0.0, Workers: 1
[1.040s][debug][gc,phases         ] GC(78)     Dead                           Min: 0, Avg:  0.0, Max: 0, Diff: 0, Sum: 0, Workers: 1
[1.040s][debug][gc,phases         ] GC(78)     Total                          Min: 0, Avg:  0.0, Max: 0, Diff: 0, Sum: 0, Workers: 1
[1.040s][debug][gc,phases         ] GC(78)   StringDedup Requests0 Weak     Min:  0.0, Avg:  0.0, Max:  0.0, Diff:  0.0, Sum:  0.0, Workers: 1
[1.040s][debug][gc,phases         ] GC(78)     Dead                           Min: 0, Avg:  0.0, Max: 0, Diff: 0, Sum: 0, Workers: 1
[1.040s][debug][gc,phases         ] GC(78)     Total                          Min: 0, Avg:  0.0, Max: 0, Diff: 0, Sum: 0, Workers: 1
[1.040s][debug][gc,phases         ] GC(78)   StringDedup Requests1 Weak     Min:  0.0, Avg:  0.0, Max:  0.0, Diff:  0.0, Sum:  0.0, Workers: 1
[1.040s][debug][gc,phases         ] GC(78)     Dead                           Min: 0, Avg:  0.0, Max: 0, Diff: 0, Sum: 0, Workers: 1
[1.040s][debug][gc,phases         ] GC(78)     Total                          Min: 0, Avg:  0.0, Max: 0, Diff: 0, Sum: 0, Workers: 1
[1.040s][debug][gc,phases         ] GC(78)   Weak JFR Old Object Samples    Min:  0.0, Avg:  0.0, Max:  0.0, Diff:  0.0, Sum:  0.0, Workers: 1
[1.040s][debug][gc,phases         ] GC(78)     Dead                           Min: 0, Avg:  0.0, Max: 0, Diff: 0, Sum: 0, Workers: 1
[1.040s][debug][gc,phases         ] GC(78)     Total                          Min: 0, Avg:  0.0, Max: 0, Diff: 0, Sum: 0, Workers: 1
[1.040s][debug][gc,phases         ] GC(78) Phase 1: Weak Processing 0.169ms
[1.040s][debug][gc,phases,start   ] GC(78) Phase 1: Class Unloading and Cleanup
[1.040s][debug][gc,phases,start   ] GC(78) ClassLoaderData
[1.040s][debug][gc,phases         ] GC(78) ClassLoaderData 0.004ms
[1.040s][debug][gc,phases,start   ] GC(78) Trigger cleanups
[1.040s][debug][gc,phases         ] GC(78) Trigger cleanups 0.003ms
[1.041s][debug][gc,phases         ] GC(78) Phase 1: Class Unloading and Cleanup 0.132ms
[1.041s][debug][gc,phases,start   ] GC(78) Report Object Count
[1.041s][debug][gc,phases         ] GC(78) Report Object Count 0.005ms
[1.041s][info ][gc,phases         ] GC(78) Phase 1: Mark live objects 1.105ms
[1.041s][info ][gc,phases,start   ] GC(78) Phase 2: Prepare for compaction
[1.041s][debug][gc,phases,start   ] GC(78) Phase 2: Prepare Serial Compaction
[1.041s][debug][gc,phases         ] GC(78) Phase 2: Prepare Serial Compaction 0.023ms
[1.041s][info ][gc,phases         ] GC(78) Phase 2: Prepare for compaction 0.194ms
[1.041s][info ][gc,phases,start   ] GC(78) Phase 3: Adjust pointers
[1.041s][info ][gc,phases         ] GC(78) Phase 3: Adjust pointers 0.355ms
[1.041s][info ][gc,phases,start   ] GC(78) Phase 4: Compact heap
[1.049s][debug][gc,phases,start   ] GC(78) Phase 4: Serial Compaction
[1.050s][debug][gc,phases         ] GC(78) Phase 4: Serial Compaction 0.946ms
[1.050s][info ][gc,phases         ] GC(78) Phase 4: Compact heap 8.639ms
[1.050s][debug][gc,ergo           ] GC(78) Running G1 Clear Bitmap with 4 workers for 4 work units.
[1.051s][debug][gc,ergo,ihop      ] GC(78) Request concurrent cycle initiation (occupancy higher than threshold) occupancy: 267386880B allocation request: 0B threshold: 202963677B (75.61) source: end of Full GC
[1.051s][debug][gc,alloc,stats    ] Old generation allocation in the last mutator period, old gen allocated: 0B, humongous allocated: 0B,old gen growth: 0B.
[1.051s][info ][gc,heap           ] GC(78) Eden regions: 0->0(12)
[1.051s][info ][gc,heap           ] GC(78) Survivor regions: 0->0(0)
[1.051s][info ][gc,heap           ] GC(78) Old regions: 161->160
[1.051s][info ][gc,heap           ] GC(78) Archive regions: 2->2
[1.051s][info ][gc,heap           ] GC(78) Humongous regions: 93->93
[1.051s][info ][gc,metaspace      ] GC(78) Metaspace: 136K(320K)->136K(320K) NonClass: 131K(192K)->131K(192K) Class: 5K(128K)->5K(128K)
[1.051s][debug][gc,heap           ] GC(78) Heap after GC invocations=72 (full 15):
[1.051s][debug][gc,heap           ] GC(78)  garbage-first heap   total 262144K, used 249567K [0x00000000f0000000, 0x0000000100000000)
[1.051s][debug][gc,heap           ] GC(78)   region size 1024K, 0 young (0K), 0 survivors (0K)
[1.051s][debug][gc,heap           ] GC(78)  Metaspace       used 136K, committed 320K, reserved 1114112K
[1.051s][debug][gc,heap           ] GC(78)   class space    used 5K, committed 128K, reserved 1048576K
[1.051s][info ][gc                ] GC(78) Pause Full (G1 Compaction Pause) 244M->243M(256M) 11.110ms
[1.051s][info ][gc,cpu            ] GC(78) User=0.03s Sys=0.00s Real=0.01s
[1.053s][debug][gc,heap           ] GC(79) Heap before GC invocations=72 (full 15):
[1.053s][debug][gc,heap           ] GC(79)  garbage-first heap   total 262144K, used 249567K [0x00000000f0000000, 0x0000000100000000)
[1.053s][debug][gc,heap           ] GC(79)   region size 1024K, 1 young (1024K), 0 survivors (0K)
[1.053s][debug][gc,heap           ] GC(79)  Metaspace       used 136K, committed 320K, reserved 1114112K
[1.053s][debug][gc,heap           ] GC(79)   class space    used 5K, committed 128K, reserved 1048576K
[1.053s][debug][gc,ergo           ] GC(79) Initiate concurrent cycle (concurrent cycle initiation requested)
[1.053s][info ][gc,start          ] GC(79) Pause Young (Concurrent Start) (G1 Evacuation Pause)
[1.053s][info ][gc,task           ] GC(79) Using 12 workers of 13 for evacuation
[1.053s][debug][gc,tlab           ] GC(79) TLAB totals: thrds: 5  refills: 5 max: 1 slow allocs: 9 max 2 waste: 41.5% gc: 232456B max: 47024B slow: 0B max: 0B
[1.053s][debug][gc,age            ] GC(79) Desired survivor size 1048576 bytes, new threshold 15 (max threshold 15)
[1.053s][debug][gc,refine,stats   ] GC(79) Mutator refinement: 0.00ms, refined: 0, precleaned: 0, dirtied: 17
[1.053s][debug][gc,refine,stats   ] GC(79) Concurrent refinement: 0.00ms, refined: 0, precleaned: 0, dirtied: 0
[1.053s][debug][gc,refine,stats   ] GC(79) Total refinement: 0.00ms, refined: 0, precleaned: 0, dirtied: 17
[1.053s][debug][gc,refine,stats   ] GC(79) Generate dirty cards rate: 0.31 cards/ms
[1.053s][debug][gc,alloc,region   ] GC(79) Mutator Allocation stats, regions: 1, wasted size: 0B ( 0.0%)
[1.053s][debug][gc,humongous      ] GC(79) Humongous region 0 (object size 1048592 @ 0x00000000f0000000) remset 0 code roots 0 marked 0 reclaim candidate 0 type array 1
[1.054s][debug][gc,humongous      ] GC(79) Humongous region 2 (object size 1048592 @ 0x00000000f0200000) remset 0 code roots 0 marked 0 reclaim candidate 0 type array 1
[1.054s][debug][gc,humongous      ] GC(79) Humongous region 22 (object size 1048592 @ 0x00000000f1600000) remset 0 code roots 0 marked 0 reclaim candidate 0 type array 1
[1.054s][debug][gc,humongous      ] GC(79) Humongous region 42 (object size 1048592 @ 0x00000000f2a00000) remset 0 code roots 0 marked 0 reclaim candidate 0 type array 1
[1.054s][debug][gc,humongous      ] GC(79) Humongous region 85 (object size 10485776 @ 0x00000000f5500000) remset 0 code roots 0 marked 0 reclaim candidate 0 type array 1
[1.054s][debug][gc,humongous      ] GC(79) Humongous region 60 (object size 1048592 @ 0x00000000f3c00000) remset 0 code roots 0 marked 0 reclaim candidate 0 type array 1
[1.054s][debug][gc,humongous      ] GC(79) Humongous region 203 (object size 1048592 @ 0x00000000fcb00000) remset 0 code roots 0 marked 0 reclaim candidate 0 type array 1
[1.054s][debug][gc,humongous      ] GC(79) Humongous region 205 (object size 1048592 @ 0x00000000fcd00000) remset 0 code roots 0 marked 0 reclaim candidate 0 type array 1
[1.054s][debug][gc,humongous      ] GC(79) Humongous region 64 (object size 1048592 @ 0x00000000f4000000) remset 0 code roots 0 marked 0 reclaim candidate 0 type array 1
[1.054s][debug][gc,humongous      ] GC(79) Humongous region 8 (object size 1048592 @ 0x00000000f0800000) remset 0 code roots 0 marked 0 reclaim candidate 0 type array 1
[1.054s][debug][gc,humongous      ] GC(79) Humongous region 10 (object size 1048592 @ 0x00000000f0a00000) remset 0 code roots 0 marked 0 reclaim candidate 0 type array 1
[1.054s][debug][gc,humongous      ] GC(79) Humongous region 4 (object size 1048592 @ 0x00000000f0400000) remset 0 code roots 0 marked 0 reclaim candidate 0 type array 1
[1.054s][debug][gc,humongous      ] GC(79) Humongous region 14 (object size 1048592 @ 0x00000000f0e00000) remset 0 code roots 0 marked 0 reclaim candidate 0 type array 1
[1.054s][debug][gc,humongous      ] GC(79) Humongous region 16 (object size 1048592 @ 0x00000000f1000000) remset 0 code roots 0 marked 0 reclaim candidate 0 type array 1
[1.054s][debug][gc,humongous      ] GC(79) Humongous region 126 (object size 1048592 @ 0x00000000f7e00000) remset 0 code roots 0 marked 0 reclaim candidate 0 type array 1
[1.054s][debug][gc,humongous      ] GC(79) Humongous region 238 (object size 1048592 @ 0x00000000fee00000) remset 0 code roots 0 marked 0 reclaim candidate 0 type array 1
[1.054s][debug][gc,humongous      ] GC(79) Humongous region 249 (object size 1048592 @ 0x00000000ff900000) remset 0 code roots 0 marked 0 reclaim candidate 0 type array 1
[1.054s][debug][gc,humongous      ] GC(79) Humongous region 28 (object size 1048592 @ 0x00000000f1c00000) remset 0 code roots 0 marked 0 reclaim candidate 0 type array 1
[1.054s][debug][gc,humongous      ] GC(79) Humongous region 6 (object size 1048592 @ 0x00000000f0600000) remset 0 code roots 0 marked 0 reclaim candidate 0 type array 1
[1.054s][debug][gc,humongous      ] GC(79) Humongous region 34 (object size 1048592 @ 0x00000000f2200000) remset 0 code roots 0 marked 0 reclaim candidate 0 type array 1
[1.054s][debug][gc,humongous      ] GC(79) Humongous region 12 (object size 1048592 @ 0x00000000f0c00000) remset 0 code roots 0 marked 0 reclaim candidate 0 type array 1
[1.054s][debug][gc,humongous      ] GC(79) Humongous region 36 (object size 1048592 @ 0x00000000f2400000) remset 0 code roots 0 marked 0 reclaim candidate 0 type array 1
[1.054s][debug][gc,humongous      ] GC(79) Humongous region 83 (object size 1048592 @ 0x00000000f5300000) remset 0 code roots 0 marked 0 reclaim candidate 0 type array 1
[1.054s][debug][gc,humongous      ] GC(79) Humongous region 18 (object size 1048592 @ 0x00000000f1200000) remset 0 code roots 0 marked 0 reclaim candidate 0 type array 1
[1.054s][debug][gc,humongous      ] GC(79) Humongous region 20 (object size 1048592 @ 0x00000000f1400000) remset 0 code roots 0 marked 0 reclaim candidate 0 type array 1
[1.054s][debug][gc,humongous      ] GC(79) Humongous region 244 (object size 1048592 @ 0x00000000ff400000) remset 0 code roots 0 marked 0 reclaim candidate 0 type array 1
[1.054s][debug][gc,humongous      ] GC(79) Humongous region 26 (object size 1048592 @ 0x00000000f1a00000) remset 0 code roots 0 marked 0 reclaim candidate 0 type array 1
[1.054s][debug][gc,humongous      ] GC(79) Humongous region 30 (object size 1048592 @ 0x00000000f1e00000) remset 0 code roots 0 marked 0 reclaim candidate 0 type array 1
[1.054s][debug][gc,humongous      ] GC(79) Humongous region 32 (object size 1048592 @ 0x00000000f2000000) remset 0 code roots 0 marked 0 reclaim candidate 0 type array 1
[1.054s][debug][gc,humongous      ] GC(79) Humongous region 24 (object size 1048592 @ 0x00000000f1800000) remset 0 code roots 0 marked 0 reclaim candidate 0 type array 1
[1.054s][debug][gc,humongous      ] GC(79) Humongous region 38 (object size 1048592 @ 0x00000000f2600000) remset 0 code roots 0 marked 0 reclaim candidate 0 type array 1
[1.054s][debug][gc,humongous      ] GC(79) Humongous region 216 (object size 10485776 @ 0x00000000fd800000) remset 0 code roots 0 marked 0 reclaim candidate 0 type array 1
[1.054s][debug][gc,humongous      ] GC(79) Humongous region 159 (object size 10485776 @ 0x00000000f9f00000) remset 0 code roots 0 marked 0 reclaim candidate 0 type array 1
[1.054s][debug][gc,ergo           ] GC(79) Running G1 Merge Heap Roots using 12 workers for 1 regions
[1.054s][debug][gc,remset         ] GC(79) Visited cards 32 Total dirty 2048 (1.56%) Total old 526336 (0.01%)
[1.055s][debug][gc,ergo,heap      ] GC(79) Attempt heap expansion (region allocation request failed). Allocation request: 65552B
[1.055s][debug][gc,ergo,heap      ] GC(79) Did not expand the heap (heap already fully expanded)
[1.055s][debug][gc,ref            ] GC(79) Skipped phase 1 of Reference Processing: no references
[1.055s][debug][gc,ref            ] GC(79) Skipped phase 2 of Reference Processing: no references
[1.055s][debug][gc,ref            ] GC(79) Skipped phase 3 of Reference Processing: no references
[1.055s][debug][gc,ref            ] GC(79) Skipped phase 4 of Reference Processing: no references
[1.055s][debug][gc,ergo           ] GC(79) Running G1 Rebuild Free List Task using 12 workers for rebuilding free list of regions
[1.056s][debug][gc,plab           ] GC(79) Young PLAB allocation: allocated: 0B, wasted: 0B, unused: 0B, used: 0B, undo waste: 0B, 
[1.056s][debug][gc,plab           ] GC(79) Young other allocation: region end waste: 0B, regions filled: 0, direct allocated: 0B, failure used: 0B, failure wasted: 0B
[1.056s][debug][gc,plab           ] GC(79) Young sizing: calculated: 0B, actual: 2064B
[1.056s][debug][gc,plab           ] GC(79) Old PLAB allocation: allocated: 0B, wasted: 0B, unused: 0B, used: 0B, undo waste: 0B, 
[1.056s][debug][gc,plab           ] GC(79) Old other allocation: region end waste: 0B, regions filled: 0, direct allocated: 0B, failure used: 786624B, failure wasted: 261952B
[1.056s][debug][gc,plab           ] GC(79) Old sizing: calculated: 0B, actual: 2064B
[1.056s][debug][gc,ergo,heap      ] GC(79) Heap expansion: short term pause time ratio 41.87% long term pause time ratio 13.56% threshold 7.69% pause time ratio 7.69% fully expanded true resize by 0B
[1.056s][debug][gc,mmu            ] GC(79) MMU: 7.1ms (50.0ms/51.0ms)
[1.056s][debug][gc,alloc,stats    ] Old generation allocation in the last mutator period, old gen allocated: 1048576B, humongous allocated: 0B,old gen growth: 1048576B.
[1.056s][debug][gc,ihop           ] GC(79) Basic information (value update), threshold: 203361728B (75.76), target occupancy: 268435456B, current occupancy: 256575720B, recent allocation size: 1048576B, recent allocation duration: 54.05ms, recent old gen allocation rate: 19400355.44B/s, recent marking phase length: 9.93ms
[1.056s][debug][gc,ihop           ] GC(79) Adaptive IHOP information (value update), threshold: 203361728B (89.13), internal target occupancy: 228170137B, occupancy: 256575720B, additional buffer size: 12582912B, predicted old gen allocation rate: 232881967.53B/s, predicted marking phase length: 52.50ms, prediction active: true
[1.056s][debug][gc,ergo,refine    ] GC(79) Concurrent refinement times: Logged Cards Scan time goal: 5.00ms Logged Cards Scan time: 0.00ms HCC time: 0.00ms
[1.056s][debug][gc,ergo,refine    ] GC(79) Updated Refinement Zones: green: 3328, yellow: 9984, red: 16640
[1.056s][info ][gc                ] GC(79) To-space exhausted
[1.056s][info ][gc,phases         ] GC(79)   Pre Evacuate Collection Set: 0.9ms
[1.056s][debug][gc,phases         ] GC(79)     Prepare TLABs: 0.0ms
[1.056s][debug][gc,phases         ] GC(79)     Concatenate Dirty Card Logs: 0.0ms
[1.056s][debug][gc,phases         ] GC(79)     Choose Collection Set: 0.0ms
[1.056s][debug][gc,phases         ] GC(79)     Region Register: 0.9ms
[1.056s][debug][gc,phases         ] GC(79)     Prepare Heap Roots: 0.0ms
[1.056s][debug][gc,phases         ] GC(79)     Clear Claimed Marks: 0.0ms
[1.056s][info ][gc,phases         ] GC(79)   Merge Heap Roots: 0.2ms
[1.056s][debug][gc,phases         ] GC(79)     Prepare Merge Heap Roots: 0.0ms
[1.056s][debug][gc,phases         ] GC(79)     Eager Reclaim (ms):            skipped
[1.056s][debug][gc,phases         ] GC(79)     Remembered Sets (ms):          Min:  0.0, Avg:  0.0, Max:  0.0, Diff:  0.0, Sum:  0.0, Workers: 12
[1.056s][debug][gc,phases         ] GC(79)       Merged Sparse:                 Min: 0, Avg:  0.0, Max: 0, Diff: 0, Sum: 0, Workers: 12
[1.056s][debug][gc,phases         ] GC(79)       Merged Fine:                   Min: 0, Avg:  0.0, Max: 0, Diff: 0, Sum: 0, Workers: 12
[1.056s][debug][gc,phases         ] GC(79)       Merged Coarse:                 Min: 0, Avg:  0.0, Max: 0, Diff: 0, Sum: 0, Workers: 12
[1.056s][debug][gc,phases         ] GC(79)       Dirty Cards:                   Min: 0, Avg:  0.0, Max: 0, Diff: 0, Sum: 0, Workers: 12
[1.056s][debug][gc,phases         ] GC(79)     Hot Card Cache (ms):           Min:  0.0, Avg:  0.0, Max:  0.0, Diff:  0.0, Sum:  0.0, Workers: 12
[1.056s][debug][gc,phases         ] GC(79)       Dirty Cards:                   Min: 0, Avg:  0.0, Max: 0, Diff: 0, Sum: 0, Workers: 12
[1.056s][debug][gc,phases         ] GC(79)       Skipped Cards:                 Min: 0, Avg:  0.0, Max: 0, Diff: 0, Sum: 0, Workers: 12
[1.056s][debug][gc,phases         ] GC(79)     Log Buffers (ms):              Min:  0.0, Avg:  0.0, Max:  0.0, Diff:  0.0, Sum:  0.0, Workers: 12
[1.056s][debug][gc,phases         ] GC(79)       Dirty Cards:                   Min: 0, Avg:  0.8, Max: 9, Diff: 9, Sum: 9, Workers: 12
[1.056s][debug][gc,phases         ] GC(79)       Skipped Cards:                 Min: 0, Avg:  0.0, Max: 0, Diff: 0, Sum: 0, Workers: 12
[1.056s][info ][gc,phases         ] GC(79)   Evacuate Collection Set: 0.5ms
[1.056s][debug][gc,phases         ] GC(79)     Ext Root Scanning (ms):        Min:  0.0, Avg:  0.0, Max:  0.1, Diff:  0.1, Sum:  0.3, Workers: 12
[1.056s][debug][gc,phases         ] GC(79)     Scan Heap Roots (ms):          Min:  0.0, Avg:  0.0, Max:  0.0, Diff:  0.0, Sum:  0.0, Workers: 12
[1.056s][debug][gc,phases         ] GC(79)       Scanned Cards:                 Min: 0, Avg:  1.4, Max: 17, Diff: 17, Sum: 17, Workers: 12
[1.056s][debug][gc,phases         ] GC(79)       Scanned Blocks:                Min: 0, Avg:  0.1, Max: 1, Diff: 1, Sum: 1, Workers: 12
[1.056s][debug][gc,phases         ] GC(79)       Claimed Chunks:                Min: 0, Avg:  0.1, Max: 1, Diff: 1, Sum: 1, Workers: 12
[1.056s][debug][gc,phases         ] GC(79)     Code Root Scan (ms):           Min:  0.0, Avg:  0.0, Max:  0.0, Diff:  0.0, Sum:  0.0, Workers: 12
[1.056s][debug][gc,phases         ] GC(79)     Object Copy (ms):              Min:  0.0, Avg:  0.0, Max:  0.0, Diff:  0.0, Sum:  0.0, Workers: 12
[1.056s][debug][gc,phases         ] GC(79)     Termination (ms):              Min:  0.2, Avg:  0.3, Max:  0.3, Diff:  0.2, Sum:  3.1, Workers: 12
[1.056s][debug][gc,phases         ] GC(79)       Termination Attempts:          Min: 1, Avg:  1.2, Max: 2, Diff: 1, Sum: 14, Workers: 12
[1.056s][debug][gc,phases         ] GC(79)     GC Worker Other (ms):          Min:  0.0, Avg:  0.0, Max:  0.0, Diff:  0.0, Sum:  0.1, Workers: 12
[1.056s][debug][gc,phases         ] GC(79)     GC Worker Total (ms):          Min:  0.2, Avg:  0.3, Max:  0.4, Diff:  0.1, Sum:  3.5, Workers: 12
[1.056s][info ][gc,phases         ] GC(79)   Post Evacuate Collection Set: 0.6ms
[1.056s][debug][gc,phases         ] GC(79)     Code Roots Fixup: 0.0ms
[1.056s][debug][gc,phases         ] GC(79)     Reference Processing: 0.0ms
[1.056s][debug][gc,phases,ref     ] GC(79)       Reconsider SoftReferences: 0.0ms
[1.056s][debug][gc,phases,ref     ] GC(79)         SoftRef (ms):                  skipped
[1.056s][debug][gc,phases,ref     ] GC(79)       Notify Soft/WeakReferences: 0.0ms
[1.056s][debug][gc,phases,ref     ] GC(79)         SoftRef (ms):                  skipped
[1.056s][debug][gc,phases,ref     ] GC(79)         WeakRef (ms):                  skipped
[1.056s][debug][gc,phases,ref     ] GC(79)         FinalRef (ms):                 skipped
[1.056s][debug][gc,phases,ref     ] GC(79)         Total (ms):                    skipped
[1.056s][debug][gc,phases,ref     ] GC(79)       Notify and keep alive finalizable: 0.0ms
[1.056s][debug][gc,phases,ref     ] GC(79)         FinalRef (ms):                 skipped
[1.056s][debug][gc,phases,ref     ] GC(79)       Notify PhantomReferences: 0.0ms
[1.056s][debug][gc,phases,ref     ] GC(79)         PhantomRef (ms):               skipped
[1.056s][debug][gc,phases,ref     ] GC(79)       SoftReference:
[1.056s][debug][gc,phases,ref     ] GC(79)         Discovered: 0
[1.056s][debug][gc,phases,ref     ] GC(79)         Cleared: 0
[1.056s][debug][gc,phases,ref     ] GC(79)       WeakReference:
[1.056s][debug][gc,phases,ref     ] GC(79)         Discovered: 0
[1.056s][debug][gc,phases,ref     ] GC(79)         Cleared: 0
[1.056s][debug][gc,phases,ref     ] GC(79)       FinalReference:
[1.056s][debug][gc,phases,ref     ] GC(79)         Discovered: 0
[1.056s][debug][gc,phases,ref     ] GC(79)         Cleared: 0
[1.056s][debug][gc,phases,ref     ] GC(79)       PhantomReference:
[1.056s][debug][gc,phases,ref     ] GC(79)         Discovered: 0
[1.056s][debug][gc,phases,ref     ] GC(79)         Cleared: 0
[1.056s][debug][gc,phases         ] GC(79)     Weak Processing: 0.1ms
[1.056s][debug][gc,phases         ] GC(79)       VM Weak                        Min:  0.0, Avg:  0.0, Max:  0.0, Diff:  0.0, Sum:  0.0, Workers: 1
[1.056s][debug][gc,phases         ] GC(79)         Dead                           Min: 0, Avg:  0.0, Max: 0, Diff: 0, Sum: 0, Workers: 1
[1.056s][debug][gc,phases         ] GC(79)         Total                          Min: 4, Avg:  4.0, Max: 4, Diff: 0, Sum: 4, Workers: 1
[1.056s][debug][gc,phases         ] GC(79)       ObjectSynchronizer Weak        Min:  0.0, Avg:  0.0, Max:  0.0, Diff:  0.0, Sum:  0.0, Workers: 1
[1.056s][debug][gc,phases         ] GC(79)         Dead                           Min: 0, Avg:  0.0, Max: 0, Diff: 0, Sum: 0, Workers: 1
[1.056s][debug][gc,phases         ] GC(79)         Total                          Min: 4, Avg:  4.0, Max: 4, Diff: 0, Sum: 4, Workers: 1
[1.056s][debug][gc,phases         ] GC(79)       JVMTI Tag Weak OopStorage      Min:  0.0, Avg:  0.0, Max:  0.0, Diff:  0.0, Sum:  0.0, Workers: 1
[1.056s][debug][gc,phases         ] GC(79)         Dead                           Min: 0, Avg:  0.0, Max: 0, Diff: 0, Sum: 0, Workers: 1
[1.056s][debug][gc,phases         ] GC(79)         Total                          Min: 0, Avg:  0.0, Max: 0, Diff: 0, Sum: 0, Workers: 1
[1.056s][debug][gc,phases         ] GC(79)       StringTable Weak               Min:  0.0, Avg:  0.0, Max:  0.0, Diff:  0.0, Sum:  0.0, Workers: 1
[1.056s][debug][gc,phases         ] GC(79)         Dead                           Min: 0, Avg:  0.0, Max: 0, Diff: 0, Sum: 0, Workers: 1
[1.056s][debug][gc,phases         ] GC(79)         Total                          Min: 40, Avg: 40.0, Max: 40, Diff: 0, Sum: 40, Workers: 1
[1.056s][debug][gc,phases         ] GC(79)       ResolvedMethodTable Weak       Min:  0.0, Avg:  0.0, Max:  0.0, Diff:  0.0, Sum:  0.0, Workers: 1
[1.056s][debug][gc,phases         ] GC(79)         Dead                           Min: 0, Avg:  0.0, Max: 0, Diff: 0, Sum: 0, Workers: 1
[1.056s][debug][gc,phases         ] GC(79)         Total                          Min: 22, Avg: 22.0, Max: 22, Diff: 0, Sum: 22, Workers: 1
[1.056s][debug][gc,phases         ] GC(79)       JNI Weak                       Min:  0.0, Avg:  0.0, Max:  0.0, Diff:  0.0, Sum:  0.0, Workers: 1
[1.056s][debug][gc,phases         ] GC(79)         Dead                           Min: 0, Avg:  0.0, Max: 0, Diff: 0, Sum: 0, Workers: 1
[1.056s][debug][gc,phases         ] GC(79)         Total                          Min: 0, Avg:  0.0, Max: 0, Diff: 0, Sum: 0, Workers: 1
[1.056s][debug][gc,phases         ] GC(79)       StringDedup Table Weak         Min:  0.0, Avg:  0.0, Max:  0.0, Diff:  0.0, Sum:  0.0, Workers: 1
[1.056s][debug][gc,phases         ] GC(79)         Dead                           Min: 0, Avg:  0.0, Max: 0, Diff: 0, Sum: 0, Workers: 1
[1.056s][debug][gc,phases         ] GC(79)         Total                          Min: 0, Avg:  0.0, Max: 0, Diff: 0, Sum: 0, Workers: 1
[1.056s][debug][gc,phases         ] GC(79)       StringDedup Requests0 Weak     Min:  0.0, Avg:  0.0, Max:  0.0, Diff:  0.0, Sum:  0.0, Workers: 1
[1.056s][debug][gc,phases         ] GC(79)         Dead                           Min: 0, Avg:  0.0, Max: 0, Diff: 0, Sum: 0, Workers: 1
[1.056s][debug][gc,phases         ] GC(79)         Total                          Min: 0, Avg:  0.0, Max: 0, Diff: 0, Sum: 0, Workers: 1
[1.056s][debug][gc,phases         ] GC(79)       StringDedup Requests1 Weak     Min:  0.0, Avg:  0.0, Max:  0.0, Diff:  0.0, Sum:  0.0, Workers: 1
[1.056s][debug][gc,phases         ] GC(79)         Dead                           Min: 0, Avg:  0.0, Max: 0, Diff: 0, Sum: 0, Workers: 1
[1.056s][debug][gc,phases         ] GC(79)         Total                          Min: 0, Avg:  0.0, Max: 0, Diff: 0, Sum: 0, Workers: 1
[1.056s][debug][gc,phases         ] GC(79)       Weak JFR Old Object Samples    Min:  0.0, Avg:  0.0, Max:  0.0, Diff:  0.0, Sum:  0.0, Workers: 1
[1.056s][debug][gc,phases         ] GC(79)         Dead                           Min: 0, Avg:  0.0, Max: 0, Diff: 0, Sum: 0, Workers: 1
[1.056s][debug][gc,phases         ] GC(79)         Total                          Min: 0, Avg:  0.0, Max: 0, Diff: 0, Sum: 0, Workers: 1
[1.056s][debug][gc,phases         ] GC(79)     Post Evacuate Cleanup 1: 0.1ms
[1.056s][debug][gc,phases         ] GC(79)       Merge Per-Thread State (ms):   Min:  0.0, Avg:  0.0, Max:  0.0, Diff:  0.0, Sum:  0.0, Workers: 1
[1.056s][debug][gc,phases         ] GC(79)         Copied Bytes                   Min: 0, Avg:  0.0, Max: 0, Diff: 0, Sum: 0, Workers: 12
[1.056s][debug][gc,phases         ] GC(79)         LAB Waste                      Min: 0, Avg:  0.0, Max: 0, Diff: 0, Sum: 0, Workers: 12
[1.056s][debug][gc,phases         ] GC(79)         LAB Undo Waste                 Min: 0, Avg:  0.0, Max: 0, Diff: 0, Sum: 0, Workers: 12
[1.056s][debug][gc,phases         ] GC(79)       Clear Logged Cards (ms):       Min:  0.0, Avg:  0.0, Max:  0.0, Diff:  0.0, Sum:  0.0, Workers: 4
[1.056s][debug][gc,phases         ] GC(79)       Recalculate Used Memory (ms):  Min:  0.0, Avg:  0.0, Max:  0.0, Diff:  0.0, Sum:  0.0, Workers: 1
[1.056s][debug][gc,phases         ] GC(79)       Remove Self Forwards (ms):     Min:  0.0, Avg:  0.0, Max:  0.0, Diff:  0.0, Sum:  0.0, Workers: 4
[1.056s][debug][gc,phases         ] GC(79)     Post Evacuate Cleanup 2: 0.2ms
[1.056s][debug][gc,phases         ] GC(79)       Recalculate Used Memory (ms):  Min:  0.0, Avg:  0.0, Max:  0.0, Diff:  0.0, Sum:  0.0, Workers: 1
[1.056s][debug][gc,phases         ] GC(79)       Restore Preserved Marks (ms):  Min:  0.0, Avg:  0.0, Max:  0.0, Diff:  0.0, Sum:  0.0, Workers: 12
[1.056s][debug][gc,phases         ] GC(79)       Reset Hot Card Cache (ms):     Min:  0.0, Avg:  0.0, Max:  0.0, Diff:  0.0, Sum:  0.0, Workers: 1
[1.056s][debug][gc,phases         ] GC(79)       Purge Code Roots (ms):         Min:  0.0, Avg:  0.0, Max:  0.0, Diff:  0.0, Sum:  0.0, Workers: 1
[1.056s][debug][gc,phases         ] GC(79)       Update Derived Pointers (ms):  Min:  0.0, Avg:  0.0, Max:  0.0, Diff:  0.0, Sum:  0.0, Workers: 1
[1.056s][debug][gc,phases         ] GC(79)       Eagerly Reclaim Humongous Objects (ms): Min:  0.0, Avg:  0.0, Max:  0.0, Diff:  0.0, Sum:  0.0, Workers: 1
[1.056s][debug][gc,phases         ] GC(79)         Humongous Total                Min: 33, Avg: 33.0, Max: 33, Diff: 0, Sum: 33, Workers: 1
[1.056s][debug][gc,phases         ] GC(79)         Humongous Candidates           Min: 0, Avg:  0.0, Max: 0, Diff: 0, Sum: 0, Workers: 1
[1.056s][debug][gc,phases         ] GC(79)         Humongous Reclaimed            Min: 0, Avg:  0.0, Max: 0, Diff: 0, Sum: 0, Workers: 1
[1.056s][debug][gc,phases         ] GC(79)       Redirty Logged Cards (ms):     Min:  0.0, Avg:  0.0, Max:  0.0, Diff:  0.0, Sum:  0.0, Workers: 12
[1.056s][debug][gc,phases         ] GC(79)         Redirtied Cards:               Min: 0, Avg:  0.2, Max: 3, Diff: 3, Sum: 3, Workers: 12
[1.056s][debug][gc,phases         ] GC(79)       Free Collection Set (ms):      Min:  0.0, Avg:  0.0, Max:  0.0, Diff:  0.0, Sum:  0.0, Workers: 12
[1.056s][debug][gc,phases         ] GC(79)     Rebuild Free List: 0.2ms
[1.056s][debug][gc,phases         ] GC(79)     Start New Collection Set: 0.0ms
[1.056s][debug][gc,phases         ] GC(79)     Resize TLABs: 0.0ms
[1.056s][debug][gc,phases         ] GC(79)     Expand Heap After Collection: 0.0ms
[1.056s][info ][gc,phases         ] GC(79)   Other: 0.3ms
[1.056s][info ][gc,heap           ] GC(79) Eden regions: 1->0(12)
[1.056s][info ][gc,heap           ] GC(79) Survivor regions: 0->0(0)
[1.056s][info ][gc,heap           ] GC(79) Old regions: 160->161
[1.056s][info ][gc,heap           ] GC(79) Archive regions: 2->2
[1.056s][info ][gc,heap           ] GC(79) Humongous regions: 93->93
[1.056s][info ][gc,metaspace      ] GC(79) Metaspace: 136K(320K)->136K(320K) NonClass: 131K(192K)->131K(192K) Class: 5K(128K)->5K(128K)
[1.056s][debug][gc,heap           ] GC(79) Heap after GC invocations=73 (full 15):
[1.056s][debug][gc,heap           ] GC(79)  garbage-first heap   total 262144K, used 250562K [0x00000000f0000000, 0x0000000100000000)
[1.056s][debug][gc,heap           ] GC(79)   region size 1024K, 0 young (0K), 0 survivors (0K)
[1.056s][debug][gc,heap           ] GC(79)  Metaspace       used 136K, committed 320K, reserved 1114112K
[1.056s][debug][gc,heap           ] GC(79)   class space    used 5K, committed 128K, reserved 1048576K
[1.056s][info ][gc                ] GC(79) Pause Young (Concurrent Start) (G1 Evacuation Pause) 244M->244M(256M) 2.824ms
[1.056s][info ][gc,cpu            ] GC(79) User=0.01s Sys=0.01s Real=0.00s
[1.056s][debug][gc,ergo,heap      ] Attempt heap expansion (allocation request failed). Allocation request: 65552B
[1.056s][debug][gc,ergo,heap      ] Expand the heap. requested expansion amount: 1048576B expansion amount: 1048576B
[1.056s][debug][gc,ergo,heap      ] Did not expand the heap (heap already fully expanded)
[1.056s][info ][gc,ergo           ] Attempting full compaction
[1.056s][info ][gc                ] GC(80) Concurrent Mark Cycle
[1.056s][info ][gc,marking        ] GC(80) Concurrent Clear Claimed Marks
[1.056s][info ][gc,marking        ] GC(80) Concurrent Clear Claimed Marks 0.023ms
[1.056s][info ][gc,marking        ] GC(80) Concurrent Scan Root Regions
[1.056s][info ][gc,marking        ] GC(80) Concurrent Scan Root Regions 0.008ms
[1.056s][info ][gc,marking        ] GC(80) Concurrent Mark
[1.056s][info ][gc,marking        ] GC(80) Concurrent Mark From Roots
[1.056s][info ][gc,task           ] GC(80) Using 3 workers of 3 for marking
[1.056s][debug][gc,task           ] GC(81) Requesting 9 active workers for full compaction (waste limited workers: 13, adaptive workers: 9, used limited workers: 256)
[1.056s][info ][gc,task           ] GC(81) Using 9 workers of 13 for full compaction
[1.056s][info ][gc,start          ] GC(81) Pause Full (G1 Compaction Pause)
[1.056s][debug][gc,heap           ] GC(81) Heap before GC invocations=73 (full 15):
[1.056s][debug][gc,heap           ] GC(81)  garbage-first heap   total 262144K, used 250562K [0x00000000f0000000, 0x0000000100000000)
[1.056s][debug][gc,heap           ] GC(81)   region size 1024K, 0 young (0K), 0 survivors (0K)
[1.056s][debug][gc,heap           ] GC(81)  Metaspace       used 136K, committed 320K, reserved 1114112K
[1.056s][debug][gc,heap           ] GC(81)   class space    used 5K, committed 128K, reserved 1048576K
[1.056s][debug][gc,start          ] GC(81) Clear Next Bitmap
[1.056s][debug][gc,ergo           ] GC(81) Running G1 Clear Bitmap with 4 workers for 4 work units.
[1.057s][debug][gc                ] GC(81) Clear Next Bitmap 0.197ms
[1.057s][debug][gc,alloc,region   ] GC(81) Mutator Allocation stats, regions: 0, wasted size: 0B ( 0.0%)
[1.057s][info ][gc,phases,start   ] GC(81) Phase 1: Mark live objects
[1.058s][debug][gc,phases,start   ] GC(81) Phase 1: Reference Processing
[1.058s][debug][gc,ref            ] GC(81) Skipped phase 1 of Reference Processing: no references
[1.058s][debug][gc,ref            ] GC(81) ReferenceProcessor::execute queues: 1, RefProcThreadModel::Single, marks_oops_alive: false
[1.058s][debug][gc,ref            ] GC(81) Skipped phase 3 of Reference Processing: no references
[1.058s][debug][gc,ref            ] GC(81) ReferenceProcessor::execute queues: 1, RefProcThreadModel::Single, marks_oops_alive: false
[1.058s][debug][gc,phases,ref     ] GC(81) Reference Processing: 0.0ms
[1.058s][debug][gc,phases,ref     ] GC(81)   Reconsider SoftReferences: 0.0ms
[1.058s][debug][gc,phases,ref     ] GC(81)     SoftRef (ms):                  skipped
[1.058s][debug][gc,phases,ref     ] GC(81)   Notify Soft/WeakReferences: 0.0ms
[1.058s][debug][gc,phases,ref     ] GC(81)     SoftRef (ms):                  Min:  0.0, Avg:  0.0, Max:  0.0, Diff:  0.0, Sum:  0.0, Workers: 13
[1.058s][debug][gc,phases,ref     ] GC(81)     WeakRef (ms):                  Min:  0.0, Avg:  0.0, Max:  0.0, Diff:  0.0, Sum:  0.0, Workers: 13
[1.058s][debug][gc,phases,ref     ] GC(81)     FinalRef (ms):                 Min:  0.0, Avg:  0.0, Max:  0.0, Diff:  0.0, Sum:  0.0, Workers: 13
[1.058s][debug][gc,phases,ref     ] GC(81)     Total (ms):                    Min:  0.0, Avg:  0.0, Max:  0.0, Diff:  0.0, Sum:  0.0, Workers: 13
[1.058s][debug][gc,phases,ref     ] GC(81)   Notify and keep alive finalizable: 0.0ms
[1.058s][debug][gc,phases,ref     ] GC(81)     FinalRef (ms):                 skipped
[1.058s][debug][gc,phases,ref     ] GC(81)   Notify PhantomReferences: 0.0ms
[1.058s][debug][gc,phases,ref     ] GC(81)     PhantomRef (ms):               Min:  0.0, Avg:  0.0, Max:  0.0, Diff:  0.0, Sum:  0.0, Workers: 13
[1.058s][debug][gc,phases,ref     ] GC(81)   SoftReference:
[1.058s][debug][gc,phases,ref     ] GC(81)     Discovered: 0
[1.058s][debug][gc,phases,ref     ] GC(81)     Cleared: 0
[1.058s][debug][gc,phases,ref     ] GC(81)   WeakReference:
[1.058s][debug][gc,phases,ref     ] GC(81)     Discovered: 7
[1.058s][debug][gc,phases,ref     ] GC(81)     Cleared: 7
[1.058s][debug][gc,phases,ref     ] GC(81)   FinalReference:
[1.058s][debug][gc,phases,ref     ] GC(81)     Discovered: 0
[1.058s][debug][gc,phases,ref     ] GC(81)     Cleared: 0
[1.058s][debug][gc,phases,ref     ] GC(81)   PhantomReference:
[1.058s][debug][gc,phases,ref     ] GC(81)     Discovered: 1
[1.058s][debug][gc,phases,ref     ] GC(81)     Cleared: 1
[1.058s][debug][gc,phases         ] GC(81) Phase 1: Reference Processing 0.152ms
[1.058s][debug][gc,phases,start   ] GC(81) Phase 1: Weak Processing
[1.058s][debug][gc,phases         ] GC(81)   VM Weak                        Min:  0.0, Avg:  0.0, Max:  0.0, Diff:  0.0, Sum:  0.0, Workers: 1
[1.059s][debug][gc,phases         ] GC(81)     Dead                           Min: 0, Avg:  0.0, Max: 0, Diff: 0, Sum: 0, Workers: 1
[1.059s][debug][gc,phases         ] GC(81)     Total                          Min: 4, Avg:  4.0, Max: 4, Diff: 0, Sum: 4, Workers: 1
[1.059s][debug][gc,phases         ] GC(81)   ObjectSynchronizer Weak        Min:  0.0, Avg:  0.0, Max:  0.0, Diff:  0.0, Sum:  0.0, Workers: 1
[1.059s][debug][gc,phases         ] GC(81)     Dead                           Min: 0, Avg:  0.0, Max: 0, Diff: 0, Sum: 0, Workers: 1
[1.059s][debug][gc,phases         ] GC(81)     Total                          Min: 4, Avg:  4.0, Max: 4, Diff: 0, Sum: 4, Workers: 1
[1.059s][debug][gc,phases         ] GC(81)   JVMTI Tag Weak OopStorage      Min:  0.0, Avg:  0.0, Max:  0.0, Diff:  0.0, Sum:  0.0, Workers: 1
[1.059s][debug][gc,phases         ] GC(81)     Dead                           Min: 0, Avg:  0.0, Max: 0, Diff: 0, Sum: 0, Workers: 1
[1.059s][debug][gc,phases         ] GC(81)     Total                          Min: 0, Avg:  0.0, Max: 0, Diff: 0, Sum: 0, Workers: 1
[1.059s][debug][gc,phases         ] GC(81)   StringTable Weak               Min:  0.0, Avg:  0.0, Max:  0.0, Diff:  0.0, Sum:  0.0, Workers: 1
[1.059s][debug][gc,phases         ] GC(81)     Dead                           Min: 0, Avg:  0.0, Max: 0, Diff: 0, Sum: 0, Workers: 1
[1.059s][debug][gc,phases         ] GC(81)     Total                          Min: 40, Avg: 40.0, Max: 40, Diff: 0, Sum: 40, Workers: 1
[1.059s][debug][gc,phases         ] GC(81)   ResolvedMethodTable Weak       Min:  0.0, Avg:  0.0, Max:  0.0, Diff:  0.0, Sum:  0.0, Workers: 1
[1.059s][debug][gc,phases         ] GC(81)     Dead                           Min: 0, Avg:  0.0, Max: 0, Diff: 0, Sum: 0, Workers: 1
[1.059s][debug][gc,phases         ] GC(81)     Total                          Min: 22, Avg: 22.0, Max: 22, Diff: 0, Sum: 22, Workers: 1
[1.059s][debug][gc,phases         ] GC(81)   JNI Weak                       Min:  0.0, Avg:  0.0, Max:  0.0, Diff:  0.0, Sum:  0.0, Workers: 1
[1.059s][debug][gc,phases         ] GC(81)     Dead                           Min: 0, Avg:  0.0, Max: 0, Diff: 0, Sum: 0, Workers: 1
[1.059s][debug][gc,phases         ] GC(81)     Total                          Min: 0, Avg:  0.0, Max: 0, Diff: 0, Sum: 0, Workers: 1
[1.059s][debug][gc,phases         ] GC(81)   StringDedup Table Weak         Min:  0.0, Avg:  0.0, Max:  0.0, Diff:  0.0, Sum:  0.0, Workers: 1
[1.059s][debug][gc,phases         ] GC(81)     Dead                           Min: 0, Avg:  0.0, Max: 0, Diff: 0, Sum: 0, Workers: 1
[1.059s][debug][gc,phases         ] GC(81)     Total                          Min: 0, Avg:  0.0, Max: 0, Diff: 0, Sum: 0, Workers: 1
[1.059s][debug][gc,phases         ] GC(81)   StringDedup Requests0 Weak     Min:  0.0, Avg:  0.0, Max:  0.0, Diff:  0.0, Sum:  0.0, Workers: 1
[1.059s][debug][gc,phases         ] GC(81)     Dead                           Min: 0, Avg:  0.0, Max: 0, Diff: 0, Sum: 0, Workers: 1
[1.059s][debug][gc,phases         ] GC(81)     Total                          Min: 0, Avg:  0.0, Max: 0, Diff: 0, Sum: 0, Workers: 1
[1.059s][debug][gc,phases         ] GC(81)   StringDedup Requests1 Weak     Min:  0.0, Avg:  0.0, Max:  0.0, Diff:  0.0, Sum:  0.0, Workers: 1
[1.059s][debug][gc,phases         ] GC(81)     Dead                           Min: 0, Avg:  0.0, Max: 0, Diff: 0, Sum: 0, Workers: 1
[1.059s][debug][gc,phases         ] GC(81)     Total                          Min: 0, Avg:  0.0, Max: 0, Diff: 0, Sum: 0, Workers: 1
[1.059s][debug][gc,phases         ] GC(81)   Weak JFR Old Object Samples    Min:  0.0, Avg:  0.0, Max:  0.0, Diff:  0.0, Sum:  0.0, Workers: 1
[1.059s][debug][gc,phases         ] GC(81)     Dead                           Min: 0, Avg:  0.0, Max: 0, Diff: 0, Sum: 0, Workers: 1
[1.059s][debug][gc,phases         ] GC(81)     Total                          Min: 0, Avg:  0.0, Max: 0, Diff: 0, Sum: 0, Workers: 1
[1.059s][debug][gc,phases         ] GC(81) Phase 1: Weak Processing 0.242ms
[1.059s][debug][gc,phases,start   ] GC(81) Phase 1: Class Unloading and Cleanup
[1.059s][debug][gc,phases,start   ] GC(81) ClassLoaderData
[1.059s][debug][gc,phases         ] GC(81) ClassLoaderData 0.006ms
[1.059s][debug][gc,phases,start   ] GC(81) Trigger cleanups
[1.059s][debug][gc,phases         ] GC(81) Trigger cleanups 0.004ms
[1.059s][debug][gc,phases         ] GC(81) Phase 1: Class Unloading and Cleanup 0.172ms
[1.059s][debug][gc,phases,start   ] GC(81) Report Object Count
[1.059s][debug][gc,phases         ] GC(81) Report Object Count 0.004ms
[1.059s][info ][gc,phases         ] GC(81) Phase 1: Mark live objects 2.129ms
[1.059s][info ][gc,phases,start   ] GC(81) Phase 2: Prepare for compaction
[1.059s][debug][gc,phases,start   ] GC(81) Phase 2: Prepare Serial Compaction
[1.059s][debug][gc,phases         ] GC(81) Phase 2: Prepare Serial Compaction 0.039ms
[1.059s][info ][gc,phases         ] GC(81) Phase 2: Prepare for compaction 0.324ms
[1.059s][info ][gc,phases,start   ] GC(81) Phase 3: Adjust pointers
[1.060s][info ][gc,phases         ] GC(81) Phase 3: Adjust pointers 0.452ms
[1.060s][info ][gc,phases,start   ] GC(81) Phase 4: Compact heap
[1.067s][debug][gc,phases,start   ] GC(81) Phase 4: Serial Compaction
[1.068s][debug][gc,phases         ] GC(81) Phase 4: Serial Compaction 1.196ms
[1.068s][info ][gc,phases         ] GC(81) Phase 4: Compact heap 8.499ms
[1.068s][debug][gc,ergo           ] GC(81) Running G1 Clear Bitmap with 4 workers for 4 work units.
[1.069s][debug][gc,alloc,stats    ] Old generation allocation in the last mutator period, old gen allocated: 0B, humongous allocated: 0B,old gen growth: 0B.
[1.069s][info ][gc,heap           ] GC(81) Eden regions: 0->0(12)
[1.069s][info ][gc,heap           ] GC(81) Survivor regions: 0->0(0)
[1.069s][info ][gc,heap           ] GC(81) Old regions: 161->160
[1.069s][info ][gc,heap           ] GC(81) Archive regions: 2->2
[1.069s][info ][gc,heap           ] GC(81) Humongous regions: 93->93
[1.069s][info ][gc,metaspace      ] GC(81) Metaspace: 136K(320K)->136K(320K) NonClass: 131K(192K)->131K(192K) Class: 5K(128K)->5K(128K)
[1.069s][debug][gc,heap           ] GC(81) Heap after GC invocations=74 (full 16):
[1.069s][debug][gc,heap           ] GC(81)  garbage-first heap   total 262144K, used 249695K [0x00000000f0000000, 0x0000000100000000)
[1.069s][debug][gc,heap           ] GC(81)   region size 1024K, 0 young (0K), 0 survivors (0K)
[1.069s][debug][gc,heap           ] GC(81)  Metaspace       used 136K, committed 320K, reserved 1114112K
[1.069s][debug][gc,heap           ] GC(81)   class space    used 5K, committed 128K, reserved 1048576K
[1.069s][info ][gc                ] GC(81) Pause Full (G1 Compaction Pause) 244M->243M(256M) 12.239ms
[1.069s][info ][gc,cpu            ] GC(81) User=0.04s Sys=0.00s Real=0.01s
[1.069s][debug][gc,stats          ] ---------------------------------------------------------------------
[1.069s][debug][gc,stats          ] Marking Stats, task = 0, calls = 0
[1.069s][debug][gc,stats          ]   Elapsed time = 0.00ms, Termination time = 0.00ms
[1.069s][debug][gc,stats          ]   Step Times (cum): num = 671, avg = 0.02ms, sd = 0.10ms max = 1.18ms, total = 10.21ms
[1.069s][debug][gc,stats          ]   Mark Stats Cache: hits 41 misses 0 ratio 100.000
[1.069s][debug][gc,stats          ] ---------------------------------------------------------------------
[1.069s][debug][gc,stats          ] Marking Stats, task = 1, calls = 0
[1.069s][debug][gc,stats          ]   Elapsed time = 0.00ms, Termination time = 0.00ms
[1.069s][debug][gc,stats          ]   Step Times (cum): num = 76, avg = 0.15ms, sd = 0.32ms max = 1.46ms, total = 11.21ms
[1.069s][debug][gc,stats          ]   Mark Stats Cache: hits 25 misses 0 ratio 100.000
[1.069s][debug][gc,stats          ] ---------------------------------------------------------------------
[1.069s][debug][gc,stats          ] Marking Stats, task = 2, calls = 0
[1.069s][debug][gc,stats          ]   Elapsed time = 0.00ms, Termination time = 0.00ms
[1.069s][debug][gc,stats          ]   Step Times (cum): num = 54, avg = 0.12ms, sd = 0.29ms max = 1.29ms, total = 6.73ms
[1.069s][debug][gc,stats          ]   Mark Stats Cache: hits 9 misses 0 ratio 100.000
[1.069s][debug][gc,stats          ] ---------------------------------------------------------------------
[1.069s][info ][gc,marking        ] GC(80) Concurrent Mark From Roots 12.751ms
[1.069s][info ][gc,marking        ] GC(80) Concurrent Mark Abort
[1.069s][info ][gc                ] GC(80) Concurrent Mark Cycle 12.890ms
[1.071s][debug][gc,heap           ] GC(82) Heap before GC invocations=74 (full 16):
[1.071s][debug][gc,heap           ] GC(82)  garbage-first heap   total 262144K, used 249695K [0x00000000f0000000, 0x0000000100000000)
[1.071s][debug][gc,heap           ] GC(82)   region size 1024K, 1 young (1024K), 0 survivors (0K)
[1.071s][debug][gc,heap           ] GC(82)  Metaspace       used 136K, committed 320K, reserved 1114112K
[1.071s][debug][gc,heap           ] GC(82)   class space    used 5K, committed 128K, reserved 1048576K
[1.071s][info ][gc,start          ] GC(82) Pause Young (Normal) (G1 Evacuation Pause)
[1.071s][info ][gc,task           ] GC(82) Using 12 workers of 13 for evacuation
[1.071s][debug][gc,tlab           ] GC(82) TLAB totals: thrds: 5  refills: 5 max: 1 slow allocs: 7 max 2 waste: 41.5% gc: 232456B max: 47024B slow: 0B max: 0B
[1.071s][debug][gc,age            ] GC(82) Desired survivor size 1048576 bytes, new threshold 15 (max threshold 15)
[1.071s][debug][gc,refine,stats   ] GC(82) Mutator refinement: 0.00ms, refined: 0, precleaned: 0, dirtied: 19
[1.071s][debug][gc,refine,stats   ] GC(82) Concurrent refinement: 0.00ms, refined: 0, precleaned: 0, dirtied: 0
[1.071s][debug][gc,refine,stats   ] GC(82) Total refinement: 0.00ms, refined: 0, precleaned: 0, dirtied: 19
[1.071s][debug][gc,refine,stats   ] GC(82) Generate dirty cards rate: 0.26 cards/ms
[1.071s][debug][gc,alloc,region   ] GC(82) Mutator Allocation stats, regions: 1, wasted size: 0B ( 0.0%)
[1.071s][debug][gc,humongous      ] GC(82) Humongous region 0 (object size 1048592 @ 0x00000000f0000000) remset 0 code roots 0 marked 0 reclaim candidate 0 type array 1
[1.071s][debug][gc,humongous      ] GC(82) Humongous region 2 (object size 1048592 @ 0x00000000f0200000) remset 0 code roots 0 marked 0 reclaim candidate 0 type array 1
[1.071s][debug][gc,humongous      ] GC(82) Humongous region 4 (object size 1048592 @ 0x00000000f0400000) remset 0 code roots 0 marked 0 reclaim candidate 0 type array 1
[1.071s][debug][gc,humongous      ] GC(82) Humongous region 6 (object size 1048592 @ 0x00000000f0600000) remset 0 code roots 0 marked 0 reclaim candidate 0 type array 1
[1.071s][debug][gc,humongous      ] GC(82) Humongous region 42 (object size 1048592 @ 0x00000000f2a00000) remset 0 code roots 0 marked 0 reclaim candidate 0 type array 1
[1.071s][debug][gc,humongous      ] GC(82) Humongous region 126 (object size 1048592 @ 0x00000000f7e00000) remset 0 code roots 0 marked 0 reclaim candidate 0 type array 1
[1.071s][debug][gc,humongous      ] GC(82) Humongous region 205 (object size 1048592 @ 0x00000000fcd00000) remset 0 code roots 0 marked 0 reclaim candidate 0 type array 1
[1.071s][debug][gc,humongous      ] GC(82) Humongous region 238 (object size 1048592 @ 0x00000000fee00000) remset 0 code roots 0 marked 0 reclaim candidate 0 type array 1
[1.071s][debug][gc,humongous      ] GC(82) Humongous region 64 (object size 1048592 @ 0x00000000f4000000) remset 0 code roots 0 marked 0 reclaim candidate 0 type array 1
[1.072s][debug][gc,humongous      ] GC(82) Humongous region 12 (object size 1048592 @ 0x00000000f0c00000) remset 0 code roots 0 marked 0 reclaim candidate 0 type array 1
[1.072s][debug][gc,humongous      ] GC(82) Humongous region 83 (object size 1048592 @ 0x00000000f5300000) remset 0 code roots 0 marked 0 reclaim candidate 0 type array 1
[1.072s][debug][gc,humongous      ] GC(82) Humongous region 14 (object size 1048592 @ 0x00000000f0e00000) remset 0 code roots 0 marked 0 reclaim candidate 0 type array 1
[1.071s][debug][gc,humongous      ] GC(82) Humongous region 203 (object size 1048592 @ 0x00000000fcb00000) remset 0 code roots 0 marked 0 reclaim candidate 0 type array 1
[1.072s][debug][gc,humongous      ] GC(82) Humongous region 16 (object size 1048592 @ 0x00000000f1000000) remset 0 code roots 0 marked 0 reclaim candidate 0 type array 1
[1.071s][debug][gc,humongous      ] GC(82) Humongous region 8 (object size 1048592 @ 0x00000000f0800000) remset 0 code roots 0 marked 0 reclaim candidate 0 type array 1
[1.071s][debug][gc,humongous      ] GC(82) Humongous region 244 (object size 1048592 @ 0x00000000ff400000) remset 0 code roots 0 marked 0 reclaim candidate 0 type array 1
[1.072s][debug][gc,humongous      ] GC(82) Humongous region 26 (object size 1048592 @ 0x00000000f1a00000) remset 0 code roots 0 marked 0 reclaim candidate 0 type array 1
[1.072s][debug][gc,humongous      ] GC(82) Humongous region 28 (object size 1048592 @ 0x00000000f1c00000) remset 0 code roots 0 marked 0 reclaim candidate 0 type array 1
[1.071s][debug][gc,humongous      ] GC(82) Humongous region 85 (object size 10485776 @ 0x00000000f5500000) remset 0 code roots 0 marked 0 reclaim candidate 0 type array 1
[1.071s][debug][gc,humongous      ] GC(82) Humongous region 22 (object size 1048592 @ 0x00000000f1600000) remset 0 code roots 0 marked 0 reclaim candidate 0 type array 1
[1.072s][debug][gc,humongous      ] GC(82) Humongous region 34 (object size 1048592 @ 0x00000000f2200000) remset 0 code roots 0 marked 0 reclaim candidate 0 type array 1
[1.072s][debug][gc,humongous      ] GC(82) Humongous region 36 (object size 1048592 @ 0x00000000f2400000) remset 0 code roots 0 marked 0 reclaim candidate 0 type array 1
[1.071s][debug][gc,humongous      ] GC(82) Humongous region 60 (object size 1048592 @ 0x00000000f3c00000) remset 0 code roots 0 marked 0 reclaim candidate 0 type array 1
[1.072s][debug][gc,humongous      ] GC(82) Humongous region 18 (object size 1048592 @ 0x00000000f1200000) remset 0 code roots 0 marked 0 reclaim candidate 0 type array 1
[1.072s][debug][gc,humongous      ] GC(82) Humongous region 24 (object size 1048592 @ 0x00000000f1800000) remset 0 code roots 0 marked 0 reclaim candidate 0 type array 1
[1.071s][debug][gc,humongous      ] GC(82) Humongous region 249 (object size 1048592 @ 0x00000000ff900000) remset 0 code roots 0 marked 0 reclaim candidate 0 type array 1
[1.071s][debug][gc,humongous      ] GC(82) Humongous region 10 (object size 1048592 @ 0x00000000f0a00000) remset 0 code roots 0 marked 0 reclaim candidate 0 type array 1
[1.072s][debug][gc,humongous      ] GC(82) Humongous region 32 (object size 1048592 @ 0x00000000f2000000) remset 0 code roots 0 marked 0 reclaim candidate 0 type array 1
[1.071s][debug][gc,humongous      ] GC(82) Humongous region 216 (object size 10485776 @ 0x00000000fd800000) remset 0 code roots 0 marked 0 reclaim candidate 0 type array 1
[1.071s][debug][gc,humongous      ] GC(82) Humongous region 159 (object size 10485776 @ 0x00000000f9f00000) remset 0 code roots 0 marked 0 reclaim candidate 0 type array 1
[1.072s][debug][gc,humongous      ] GC(82) Humongous region 38 (object size 1048592 @ 0x00000000f2600000) remset 0 code roots 0 marked 0 reclaim candidate 0 type array 1
[1.072s][debug][gc,humongous      ] GC(82) Humongous region 20 (object size 1048592 @ 0x00000000f1400000) remset 0 code roots 0 marked 0 reclaim candidate 0 type array 1
[1.072s][debug][gc,humongous      ] GC(82) Humongous region 30 (object size 1048592 @ 0x00000000f1e00000) remset 0 code roots 0 marked 0 reclaim candidate 0 type array 1
[1.072s][debug][gc,ergo           ] GC(82) Running G1 Merge Heap Roots using 12 workers for 1 regions
[1.072s][debug][gc,remset         ] GC(82) Visited cards 32 Total dirty 2048 (1.56%) Total old 526336 (0.01%)
[1.072s][debug][gc,ergo,heap      ] GC(82) Attempt heap expansion (region allocation request failed). Allocation request: 65552B
[1.072s][debug][gc,ergo,heap      ] GC(82) Did not expand the heap (heap already fully expanded)
[1.073s][debug][gc,ref            ] GC(82) Skipped phase 1 of Reference Processing: no references
[1.073s][debug][gc,ref            ] GC(82) Skipped phase 2 of Reference Processing: no references
[1.073s][debug][gc,ref            ] GC(82) Skipped phase 3 of Reference Processing: no references
[1.073s][debug][gc,ref            ] GC(82) Skipped phase 4 of Reference Processing: no references
[1.073s][debug][gc,ergo           ] GC(82) Running G1 Rebuild Free List Task using 12 workers for rebuilding free list of regions
[1.073s][debug][gc,plab           ] GC(82) Young PLAB allocation: allocated: 0B, wasted: 0B, unused: 0B, used: 0B, undo waste: 0B, 
[1.073s][debug][gc,plab           ] GC(82) Young other allocation: region end waste: 0B, regions filled: 0, direct allocated: 0B, failure used: 0B, failure wasted: 0B
[1.073s][debug][gc,plab           ] GC(82) Young sizing: calculated: 0B, actual: 2064B
[1.073s][debug][gc,plab           ] GC(82) Old PLAB allocation: allocated: 0B, wasted: 0B, unused: 0B, used: 0B, undo waste: 0B, 
[1.073s][debug][gc,plab           ] GC(82) Old other allocation: region end waste: 0B, regions filled: 0, direct allocated: 0B, failure used: 786624B, failure wasted: 261952B
[1.073s][debug][gc,plab           ] GC(82) Old sizing: calculated: 0B, actual: 2064B
[1.073s][debug][gc,ergo,heap      ] GC(82) Heap expansion: short term pause time ratio 41.87% long term pause time ratio 13.56% threshold 7.69% pause time ratio 7.69% fully expanded true resize by 0B
[1.073s][debug][gc,ergo,ihop      ] GC(82) Request concurrent cycle initiation (occupancy higher than threshold) occupancy: 268435456B allocation request: 0B threshold: 203361728B (75.76) source: end of GC
[1.073s][debug][gc,mmu            ] GC(82) MMU: 7.5ms (50.0ms/51.0ms)
[1.073s][debug][gc,alloc,stats    ] Old generation allocation in the last mutator period, old gen allocated: 1048576B, humongous allocated: 0B,old gen growth: 1048576B.
[1.073s][debug][gc,ihop           ] GC(82) Basic information (value update), threshold: 203755334B (75.90), target occupancy: 268435456B, current occupancy: 256706824B, recent allocation size: 1048576B, recent allocation duration: 71.96ms, recent old gen allocation rate: 14570788.13B/s, recent marking phase length: 9.93ms
[1.073s][debug][gc,ihop           ] GC(82) Adaptive IHOP information (value update), threshold: 203755334B (89.30), internal target occupancy: 228170137B, occupancy: 256706824B, additional buffer size: 12582912B, predicted old gen allocation rate: 225384213.11B/s, predicted marking phase length: 52.50ms, prediction active: true
[1.073s][debug][gc,ergo,refine    ] GC(82) Concurrent refinement times: Logged Cards Scan time goal: 5.00ms Logged Cards Scan time: 0.00ms HCC time: 0.00ms
[1.073s][debug][gc,ergo,refine    ] GC(82) Updated Refinement Zones: green: 3328, yellow: 9984, red: 16640
[1.073s][info ][gc                ] GC(82) To-space exhausted
[1.074s][info ][gc,phases         ] GC(82)   Pre Evacuate Collection Set: 0.7ms
[1.074s][debug][gc,phases         ] GC(82)     Prepare TLABs: 0.0ms
[1.074s][debug][gc,phases         ] GC(82)     Concatenate Dirty Card Logs: 0.0ms
[1.074s][debug][gc,phases         ] GC(82)     Choose Collection Set: 0.0ms
[1.074s][debug][gc,phases         ] GC(82)     Region Register: 0.7ms
[1.074s][debug][gc,phases         ] GC(82)     Prepare Heap Roots: 0.0ms
[1.074s][info ][gc,phases         ] GC(82)   Merge Heap Roots: 0.3ms
[1.074s][debug][gc,phases         ] GC(82)     Prepare Merge Heap Roots: 0.0ms
[1.074s][debug][gc,phases         ] GC(82)     Eager Reclaim (ms):            skipped
[1.074s][debug][gc,phases         ] GC(82)     Remembered Sets (ms):          Min:  0.0, Avg:  0.0, Max:  0.0, Diff:  0.0, Sum:  0.0, Workers: 12
[1.074s][debug][gc,phases         ] GC(82)       Merged Sparse:                 Min: 0, Avg:  0.0, Max: 0, Diff: 0, Sum: 0, Workers: 12
[1.074s][debug][gc,phases         ] GC(82)       Merged Fine:                   Min: 0, Avg:  0.0, Max: 0, Diff: 0, Sum: 0, Workers: 12
[1.074s][debug][gc,phases         ] GC(82)       Merged Coarse:                 Min: 0, Avg:  0.0, Max: 0, Diff: 0, Sum: 0, Workers: 12
[1.074s][debug][gc,phases         ] GC(82)       Dirty Cards:                   Min: 0, Avg:  0.0, Max: 0, Diff: 0, Sum: 0, Workers: 12
[1.074s][debug][gc,phases         ] GC(82)     Hot Card Cache (ms):           Min:  0.0, Avg:  0.0, Max:  0.0, Diff:  0.0, Sum:  0.0, Workers: 12
[1.074s][debug][gc,phases         ] GC(82)       Dirty Cards:                   Min: 0, Avg:  0.0, Max: 0, Diff: 0, Sum: 0, Workers: 12
[1.074s][debug][gc,phases         ] GC(82)       Skipped Cards:                 Min: 0, Avg:  0.0, Max: 0, Diff: 0, Sum: 0, Workers: 12
[1.074s][debug][gc,phases         ] GC(82)     Log Buffers (ms):              Min:  0.0, Avg:  0.0, Max:  0.0, Diff:  0.0, Sum:  0.0, Workers: 12
[1.074s][debug][gc,phases         ] GC(82)       Dirty Cards:                   Min: 0, Avg:  0.9, Max: 11, Diff: 11, Sum: 11, Workers: 12
[1.074s][debug][gc,phases         ] GC(82)       Skipped Cards:                 Min: 0, Avg:  0.0, Max: 0, Diff: 0, Sum: 0, Workers: 12
[1.074s][info ][gc,phases         ] GC(82)   Evacuate Collection Set: 0.6ms
[1.074s][debug][gc,phases         ] GC(82)     Ext Root Scanning (ms):        Min:  0.0, Avg:  0.0, Max:  0.1, Diff:  0.1, Sum:  0.2, Workers: 12
[1.074s][debug][gc,phases         ] GC(82)     Scan Heap Roots (ms):          Min:  0.0, Avg:  0.0, Max:  0.0, Diff:  0.0, Sum:  0.0, Workers: 12
[1.074s][debug][gc,phases         ] GC(82)       Scanned Cards:                 Min: 0, Avg:  1.6, Max: 19, Diff: 19, Sum: 19, Workers: 12
[1.074s][debug][gc,phases         ] GC(82)       Scanned Blocks:                Min: 0, Avg:  0.1, Max: 1, Diff: 1, Sum: 1, Workers: 12
[1.074s][debug][gc,phases         ] GC(82)       Claimed Chunks:                Min: 0, Avg:  0.1, Max: 1, Diff: 1, Sum: 1, Workers: 12
[1.074s][debug][gc,phases         ] GC(82)     Code Root Scan (ms):           Min:  0.0, Avg:  0.0, Max:  0.0, Diff:  0.0, Sum:  0.0, Workers: 12
[1.074s][debug][gc,phases         ] GC(82)     Object Copy (ms):              Min:  0.0, Avg:  0.1, Max:  0.2, Diff:  0.2, Sum:  0.6, Workers: 12
[1.074s][debug][gc,phases         ] GC(82)     Termination (ms):              Min:  0.1, Avg:  0.3, Max:  0.4, Diff:  0.3, Sum:  4.0, Workers: 12
[1.074s][debug][gc,phases         ] GC(82)       Termination Attempts:          Min: 1, Avg:  1.2, Max: 2, Diff: 1, Sum: 14, Workers: 12
[1.074s][debug][gc,phases         ] GC(82)     GC Worker Other (ms):          Min:  0.0, Avg:  0.0, Max:  0.0, Diff:  0.0, Sum:  0.1, Workers: 12
[1.074s][debug][gc,phases         ] GC(82)     GC Worker Total (ms):          Min:  0.4, Avg:  0.4, Max:  0.5, Diff:  0.2, Sum:  4.9, Workers: 12
[1.074s][info ][gc,phases         ] GC(82)   Post Evacuate Collection Set: 0.5ms
[1.074s][debug][gc,phases         ] GC(82)     Code Roots Fixup: 0.0ms
[1.074s][debug][gc,phases         ] GC(82)     Reference Processing: 0.0ms
[1.074s][debug][gc,phases,ref     ] GC(82)       Reconsider SoftReferences: 0.0ms
[1.074s][debug][gc,phases,ref     ] GC(82)         SoftRef (ms):                  skipped
[1.074s][debug][gc,phases,ref     ] GC(82)       Notify Soft/WeakReferences: 0.0ms
[1.074s][debug][gc,phases,ref     ] GC(82)         SoftRef (ms):                  skipped
[1.074s][debug][gc,phases,ref     ] GC(82)         WeakRef (ms):                  skipped
[1.074s][debug][gc,phases,ref     ] GC(82)         FinalRef (ms):                 skipped
[1.074s][debug][gc,phases,ref     ] GC(82)         Total (ms):                    skipped
[1.074s][debug][gc,phases,ref     ] GC(82)       Notify and keep alive finalizable: 0.0ms
[1.074s][debug][gc,phases,ref     ] GC(82)         FinalRef (ms):                 skipped
[1.074s][debug][gc,phases,ref     ] GC(82)       Notify PhantomReferences: 0.0ms
[1.074s][debug][gc,phases,ref     ] GC(82)         PhantomRef (ms):               skipped
[1.074s][debug][gc,phases,ref     ] GC(82)       SoftReference:
[1.074s][debug][gc,phases,ref     ] GC(82)         Discovered: 0
[1.074s][debug][gc,phases,ref     ] GC(82)         Cleared: 0
[1.074s][debug][gc,phases,ref     ] GC(82)       WeakReference:
[1.074s][debug][gc,phases,ref     ] GC(82)         Discovered: 0
[1.074s][debug][gc,phases,ref     ] GC(82)         Cleared: 0
[1.074s][debug][gc,phases,ref     ] GC(82)       FinalReference:
[1.074s][debug][gc,phases,ref     ] GC(82)         Discovered: 0
[1.074s][debug][gc,phases,ref     ] GC(82)         Cleared: 0
[1.074s][debug][gc,phases,ref     ] GC(82)       PhantomReference:
[1.074s][debug][gc,phases,ref     ] GC(82)         Discovered: 0
[1.074s][debug][gc,phases,ref     ] GC(82)         Cleared: 0
[1.074s][debug][gc,phases         ] GC(82)     Weak Processing: 0.1ms
[1.074s][debug][gc,phases         ] GC(82)       VM Weak                        Min:  0.0, Avg:  0.0, Max:  0.0, Diff:  0.0, Sum:  0.0, Workers: 1
[1.074s][debug][gc,phases         ] GC(82)         Dead                           Min: 0, Avg:  0.0, Max: 0, Diff: 0, Sum: 0, Workers: 1
[1.074s][debug][gc,phases         ] GC(82)         Total                          Min: 4, Avg:  4.0, Max: 4, Diff: 0, Sum: 4, Workers: 1
[1.074s][debug][gc,phases         ] GC(82)       ObjectSynchronizer Weak        Min:  0.0, Avg:  0.0, Max:  0.0, Diff:  0.0, Sum:  0.0, Workers: 1
[1.074s][debug][gc,phases         ] GC(82)         Dead                           Min: 0, Avg:  0.0, Max: 0, Diff: 0, Sum: 0, Workers: 1
[1.074s][debug][gc,phases         ] GC(82)         Total                          Min: 4, Avg:  4.0, Max: 4, Diff: 0, Sum: 4, Workers: 1
[1.074s][debug][gc,phases         ] GC(82)       JVMTI Tag Weak OopStorage      Min:  0.0, Avg:  0.0, Max:  0.0, Diff:  0.0, Sum:  0.0, Workers: 1
[1.074s][debug][gc,phases         ] GC(82)         Dead                           Min: 0, Avg:  0.0, Max: 0, Diff: 0, Sum: 0, Workers: 1
[1.074s][debug][gc,phases         ] GC(82)         Total                          Min: 0, Avg:  0.0, Max: 0, Diff: 0, Sum: 0, Workers: 1
[1.074s][debug][gc,phases         ] GC(82)       StringTable Weak               Min:  0.0, Avg:  0.0, Max:  0.0, Diff:  0.0, Sum:  0.0, Workers: 1
[1.074s][debug][gc,phases         ] GC(82)         Dead                           Min: 0, Avg:  0.0, Max: 0, Diff: 0, Sum: 0, Workers: 1
[1.074s][debug][gc,phases         ] GC(82)         Total                          Min: 40, Avg: 40.0, Max: 40, Diff: 0, Sum: 40, Workers: 1
[1.074s][debug][gc,phases         ] GC(82)       ResolvedMethodTable Weak       Min:  0.0, Avg:  0.0, Max:  0.0, Diff:  0.0, Sum:  0.0, Workers: 1
[1.074s][debug][gc,phases         ] GC(82)         Dead                           Min: 0, Avg:  0.0, Max: 0, Diff: 0, Sum: 0, Workers: 1
[1.074s][debug][gc,phases         ] GC(82)         Total                          Min: 22, Avg: 22.0, Max: 22, Diff: 0, Sum: 22, Workers: 1
[1.074s][debug][gc,phases         ] GC(82)       JNI Weak                       Min:  0.0, Avg:  0.0, Max:  0.0, Diff:  0.0, Sum:  0.0, Workers: 1
[1.074s][debug][gc,phases         ] GC(82)         Dead                           Min: 0, Avg:  0.0, Max: 0, Diff: 0, Sum: 0, Workers: 1
[1.074s][debug][gc,phases         ] GC(82)         Total                          Min: 0, Avg:  0.0, Max: 0, Diff: 0, Sum: 0, Workers: 1
[1.074s][debug][gc,phases         ] GC(82)       StringDedup Table Weak         Min:  0.0, Avg:  0.0, Max:  0.0, Diff:  0.0, Sum:  0.0, Workers: 1
[1.074s][debug][gc,phases         ] GC(82)         Dead                           Min: 0, Avg:  0.0, Max: 0, Diff: 0, Sum: 0, Workers: 1
[1.074s][debug][gc,phases         ] GC(82)         Total                          Min: 0, Avg:  0.0, Max: 0, Diff: 0, Sum: 0, Workers: 1
[1.074s][debug][gc,phases         ] GC(82)       StringDedup Requests0 Weak     Min:  0.0, Avg:  0.0, Max:  0.0, Diff:  0.0, Sum:  0.0, Workers: 1
[1.074s][debug][gc,phases         ] GC(82)         Dead                           Min: 0, Avg:  0.0, Max: 0, Diff: 0, Sum: 0, Workers: 1
[1.074s][debug][gc,phases         ] GC(82)         Total                          Min: 0, Avg:  0.0, Max: 0, Diff: 0, Sum: 0, Workers: 1
[1.074s][debug][gc,phases         ] GC(82)       StringDedup Requests1 Weak     Min:  0.0, Avg:  0.0, Max:  0.0, Diff:  0.0, Sum:  0.0, Workers: 1
[1.074s][debug][gc,phases         ] GC(82)         Dead                           Min: 0, Avg:  0.0, Max: 0, Diff: 0, Sum: 0, Workers: 1
[1.074s][debug][gc,phases         ] GC(82)         Total                          Min: 0, Avg:  0.0, Max: 0, Diff: 0, Sum: 0, Workers: 1
[1.074s][debug][gc,phases         ] GC(82)       Weak JFR Old Object Samples    Min:  0.0, Avg:  0.0, Max:  0.0, Diff:  0.0, Sum:  0.0, Workers: 1
[1.074s][debug][gc,phases         ] GC(82)         Dead                           Min: 0, Avg:  0.0, Max: 0, Diff: 0, Sum: 0, Workers: 1
[1.074s][debug][gc,phases         ] GC(82)         Total                          Min: 0, Avg:  0.0, Max: 0, Diff: 0, Sum: 0, Workers: 1
[1.074s][debug][gc,phases         ] GC(82)     Post Evacuate Cleanup 1: 0.1ms
[1.074s][debug][gc,phases         ] GC(82)       Merge Per-Thread State (ms):   Min:  0.0, Avg:  0.0, Max:  0.0, Diff:  0.0, Sum:  0.0, Workers: 1
[1.074s][debug][gc,phases         ] GC(82)         Copied Bytes                   Min: 0, Avg:  0.0, Max: 0, Diff: 0, Sum: 0, Workers: 12
[1.074s][debug][gc,phases         ] GC(82)         LAB Waste                      Min: 0, Avg:  0.0, Max: 0, Diff: 0, Sum: 0, Workers: 12
[1.074s][debug][gc,phases         ] GC(82)         LAB Undo Waste                 Min: 0, Avg:  0.0, Max: 0, Diff: 0, Sum: 0, Workers: 12
[1.074s][debug][gc,phases         ] GC(82)       Clear Logged Cards (ms):       Min:  0.0, Avg:  0.0, Max:  0.0, Diff:  0.0, Sum:  0.0, Workers: 4
[1.074s][debug][gc,phases         ] GC(82)       Recalculate Used Memory (ms):  Min:  0.0, Avg:  0.0, Max:  0.0, Diff:  0.0, Sum:  0.0, Workers: 1
[1.074s][debug][gc,phases         ] GC(82)       Remove Self Forwards (ms):     Min:  0.0, Avg:  0.0, Max:  0.0, Diff:  0.0, Sum:  0.0, Workers: 4
[1.074s][debug][gc,phases         ] GC(82)     Post Evacuate Cleanup 2: 0.2ms
[1.074s][debug][gc,phases         ] GC(82)       Recalculate Used Memory (ms):  Min:  0.0, Avg:  0.0, Max:  0.0, Diff:  0.0, Sum:  0.0, Workers: 1
[1.074s][debug][gc,phases         ] GC(82)       Restore Preserved Marks (ms):  Min:  0.0, Avg:  0.0, Max:  0.0, Diff:  0.0, Sum:  0.0, Workers: 12
[1.074s][debug][gc,phases         ] GC(82)       Reset Hot Card Cache (ms):     Min:  0.0, Avg:  0.0, Max:  0.0, Diff:  0.0, Sum:  0.0, Workers: 1
[1.074s][debug][gc,phases         ] GC(82)       Purge Code Roots (ms):         Min:  0.0, Avg:  0.0, Max:  0.0, Diff:  0.0, Sum:  0.0, Workers: 1
[1.074s][debug][gc,phases         ] GC(82)       Update Derived Pointers (ms):  Min:  0.0, Avg:  0.0, Max:  0.0, Diff:  0.0, Sum:  0.0, Workers: 1
[1.074s][debug][gc,phases         ] GC(82)       Eagerly Reclaim Humongous Objects (ms): Min:  0.0, Avg:  0.0, Max:  0.0, Diff:  0.0, Sum:  0.0, Workers: 1
[1.074s][debug][gc,phases         ] GC(82)         Humongous Total                Min: 33, Avg: 33.0, Max: 33, Diff: 0, Sum: 33, Workers: 1
[1.074s][debug][gc,phases         ] GC(82)         Humongous Candidates           Min: 0, Avg:  0.0, Max: 0, Diff: 0, Sum: 0, Workers: 1
[1.074s][debug][gc,phases         ] GC(82)         Humongous Reclaimed            Min: 0, Avg:  0.0, Max: 0, Diff: 0, Sum: 0, Workers: 1
[1.074s][debug][gc,phases         ] GC(82)       Redirty Logged Cards (ms):     Min:  0.0, Avg:  0.0, Max:  0.0, Diff:  0.0, Sum:  0.0, Workers: 12
[1.074s][debug][gc,phases         ] GC(82)         Redirtied Cards:               Min: 0, Avg:  0.5, Max: 6, Diff: 6, Sum: 6, Workers: 12
[1.074s][debug][gc,phases         ] GC(82)       Free Collection Set (ms):      Min:  0.0, Avg:  0.0, Max:  0.0, Diff:  0.0, Sum:  0.0, Workers: 12
[1.074s][debug][gc,phases         ] GC(82)     Rebuild Free List: 0.1ms
[1.074s][debug][gc,phases         ] GC(82)     Start New Collection Set: 0.0ms
[1.074s][debug][gc,phases         ] GC(82)     Resize TLABs: 0.0ms
[1.074s][debug][gc,phases         ] GC(82)     Expand Heap After Collection: 0.0ms
[1.074s][info ][gc,phases         ] GC(82)   Other: 0.2ms
[1.074s][info ][gc,heap           ] GC(82) Eden regions: 1->0(12)
[1.074s][info ][gc,heap           ] GC(82) Survivor regions: 0->0(0)
[1.074s][info ][gc,heap           ] GC(82) Old regions: 160->161
[1.074s][info ][gc,heap           ] GC(82) Archive regions: 2->2
[1.074s][info ][gc,heap           ] GC(82) Humongous regions: 93->93
[1.074s][info ][gc,metaspace      ] GC(82) Metaspace: 136K(320K)->136K(320K) NonClass: 131K(192K)->131K(192K) Class: 5K(128K)->5K(128K)
[1.074s][debug][gc,heap           ] GC(82) Heap after GC invocations=75 (full 16):
[1.074s][debug][gc,heap           ] GC(82)  garbage-first heap   total 262144K, used 250690K [0x00000000f0000000, 0x0000000100000000)
[1.074s][debug][gc,heap           ] GC(82)   region size 1024K, 0 young (0K), 0 survivors (0K)
[1.074s][debug][gc,heap           ] GC(82)  Metaspace       used 136K, committed 320K, reserved 1114112K
[1.074s][debug][gc,heap           ] GC(82)   class space    used 5K, committed 128K, reserved 1048576K
[1.074s][info ][gc                ] GC(82) Pause Young (Normal) (G1 Evacuation Pause) 244M->244M(256M) 2.778ms
[1.074s][info ][gc,cpu            ] GC(82) User=0.00s Sys=0.00s Real=0.01s
[1.074s][debug][gc,ergo,heap      ] Attempt heap expansion (allocation request failed). Allocation request: 65552B
[1.074s][debug][gc,ergo,heap      ] Expand the heap. requested expansion amount: 1048576B expansion amount: 1048576B
[1.074s][debug][gc,ergo,heap      ] Did not expand the heap (heap already fully expanded)
[1.074s][info ][gc,ergo           ] Attempting full compaction
[1.074s][debug][gc,task           ] GC(83) Requesting 9 active workers for full compaction (waste limited workers: 13, adaptive workers: 9, used limited workers: 256)
[1.074s][info ][gc,task           ] GC(83) Using 9 workers of 13 for full compaction
[1.074s][info ][gc,start          ] GC(83) Pause Full (G1 Compaction Pause)
[1.074s][debug][gc,heap           ] GC(83) Heap before GC invocations=75 (full 16):
[1.074s][debug][gc,heap           ] GC(83)  garbage-first heap   total 262144K, used 250690K [0x00000000f0000000, 0x0000000100000000)
[1.074s][debug][gc,heap           ] GC(83)   region size 1024K, 0 young (0K), 0 survivors (0K)
[1.074s][debug][gc,heap           ] GC(83)  Metaspace       used 136K, committed 320K, reserved 1114112K
[1.074s][debug][gc,heap           ] GC(83)   class space    used 5K, committed 128K, reserved 1048576K
[1.074s][debug][gc,alloc,region   ] GC(83) Mutator Allocation stats, regions: 0, wasted size: 0B ( 0.0%)
[1.074s][info ][gc,phases,start   ] GC(83) Phase 1: Mark live objects
[1.075s][debug][gc,phases,start   ] GC(83) Phase 1: Reference Processing
[1.075s][debug][gc,ref            ] GC(83) Skipped phase 1 of Reference Processing: no references
[1.075s][debug][gc,ref            ] GC(83) ReferenceProcessor::execute queues: 1, RefProcThreadModel::Single, marks_oops_alive: false
[1.075s][debug][gc,ref            ] GC(83) Skipped phase 3 of Reference Processing: no references
[1.075s][debug][gc,ref            ] GC(83) ReferenceProcessor::execute queues: 1, RefProcThreadModel::Single, marks_oops_alive: false
[1.075s][debug][gc,phases,ref     ] GC(83) Reference Processing: 0.1ms
[1.075s][debug][gc,phases,ref     ] GC(83)   Reconsider SoftReferences: 0.0ms
[1.075s][debug][gc,phases,ref     ] GC(83)     SoftRef (ms):                  skipped
[1.075s][debug][gc,phases,ref     ] GC(83)   Notify Soft/WeakReferences: 0.1ms
[1.075s][debug][gc,phases,ref     ] GC(83)     SoftRef (ms):                  Min:  0.0, Avg:  0.0, Max:  0.0, Diff:  0.0, Sum:  0.0, Workers: 13
[1.075s][debug][gc,phases,ref     ] GC(83)     WeakRef (ms):                  Min:  0.0, Avg:  0.0, Max:  0.0, Diff:  0.0, Sum:  0.0, Workers: 13
[1.075s][debug][gc,phases,ref     ] GC(83)     FinalRef (ms):                 Min:  0.0, Avg:  0.0, Max:  0.0, Diff:  0.0, Sum:  0.0, Workers: 13
[1.075s][debug][gc,phases,ref     ] GC(83)     Total (ms):                    Min:  0.0, Avg:  0.0, Max:  0.0, Diff:  0.0, Sum:  0.0, Workers: 13
[1.075s][debug][gc,phases,ref     ] GC(83)   Notify and keep alive finalizable: 0.0ms
[1.075s][debug][gc,phases,ref     ] GC(83)     FinalRef (ms):                 skipped
[1.076s][debug][gc,phases,ref     ] GC(83)   Notify PhantomReferences: 0.0ms
[1.076s][debug][gc,phases,ref     ] GC(83)     PhantomRef (ms):               Min:  0.0, Avg:  0.0, Max:  0.0, Diff:  0.0, Sum:  0.0, Workers: 13
[1.076s][debug][gc,phases,ref     ] GC(83)   SoftReference:
[1.076s][debug][gc,phases,ref     ] GC(83)     Discovered: 0
[1.076s][debug][gc,phases,ref     ] GC(83)     Cleared: 0
[1.076s][debug][gc,phases,ref     ] GC(83)   WeakReference:
[1.076s][debug][gc,phases,ref     ] GC(83)     Discovered: 13
[1.076s][debug][gc,phases,ref     ] GC(83)     Cleared: 13
[1.076s][debug][gc,phases,ref     ] GC(83)   FinalReference:
[1.076s][debug][gc,phases,ref     ] GC(83)     Discovered: 0
[1.076s][debug][gc,phases,ref     ] GC(83)     Cleared: 0
[1.076s][debug][gc,phases,ref     ] GC(83)   PhantomReference:
[1.076s][debug][gc,phases,ref     ] GC(83)     Discovered: 1
[1.076s][debug][gc,phases,ref     ] GC(83)     Cleared: 1
[1.076s][debug][gc,phases         ] GC(83) Phase 1: Reference Processing 0.258ms
[1.076s][debug][gc,phases,start   ] GC(83) Phase 1: Weak Processing
[1.076s][debug][gc,phases         ] GC(83)   VM Weak                        Min:  0.0, Avg:  0.0, Max:  0.0, Diff:  0.0, Sum:  0.0, Workers: 1
[1.076s][debug][gc,phases         ] GC(83)     Dead                           Min: 0, Avg:  0.0, Max: 0, Diff: 0, Sum: 0, Workers: 1
[1.076s][debug][gc,phases         ] GC(83)     Total                          Min: 4, Avg:  4.0, Max: 4, Diff: 0, Sum: 4, Workers: 1
[1.076s][debug][gc,phases         ] GC(83)   ObjectSynchronizer Weak        Min:  0.0, Avg:  0.0, Max:  0.0, Diff:  0.0, Sum:  0.0, Workers: 1
[1.076s][debug][gc,phases         ] GC(83)     Dead                           Min: 0, Avg:  0.0, Max: 0, Diff: 0, Sum: 0, Workers: 1
[1.076s][debug][gc,phases         ] GC(83)     Total                          Min: 4, Avg:  4.0, Max: 4, Diff: 0, Sum: 4, Workers: 1
[1.076s][debug][gc,phases         ] GC(83)   JVMTI Tag Weak OopStorage      Min:  0.0, Avg:  0.0, Max:  0.0, Diff:  0.0, Sum:  0.0, Workers: 1
[1.076s][debug][gc,phases         ] GC(83)     Dead                           Min: 0, Avg:  0.0, Max: 0, Diff: 0, Sum: 0, Workers: 1
[1.076s][debug][gc,phases         ] GC(83)     Total                          Min: 0, Avg:  0.0, Max: 0, Diff: 0, Sum: 0, Workers: 1
[1.076s][debug][gc,phases         ] GC(83)   StringTable Weak               Min:  0.0, Avg:  0.0, Max:  0.0, Diff:  0.0, Sum:  0.0, Workers: 1
[1.076s][debug][gc,phases         ] GC(83)     Dead                           Min: 0, Avg:  0.0, Max: 0, Diff: 0, Sum: 0, Workers: 1
[1.076s][debug][gc,phases         ] GC(83)     Total                          Min: 40, Avg: 40.0, Max: 40, Diff: 0, Sum: 40, Workers: 1
[1.076s][debug][gc,phases         ] GC(83)   ResolvedMethodTable Weak       Min:  0.0, Avg:  0.0, Max:  0.0, Diff:  0.0, Sum:  0.0, Workers: 1
[1.076s][debug][gc,phases         ] GC(83)     Dead                           Min: 0, Avg:  0.0, Max: 0, Diff: 0, Sum: 0, Workers: 1
[1.076s][debug][gc,phases         ] GC(83)     Total                          Min: 22, Avg: 22.0, Max: 22, Diff: 0, Sum: 22, Workers: 1
[1.076s][debug][gc,phases         ] GC(83)   JNI Weak                       Min:  0.0, Avg:  0.0, Max:  0.0, Diff:  0.0, Sum:  0.0, Workers: 1
[1.076s][debug][gc,phases         ] GC(83)     Dead                           Min: 0, Avg:  0.0, Max: 0, Diff: 0, Sum: 0, Workers: 1
[1.076s][debug][gc,phases         ] GC(83)     Total                          Min: 0, Avg:  0.0, Max: 0, Diff: 0, Sum: 0, Workers: 1
[1.076s][debug][gc,phases         ] GC(83)   StringDedup Table Weak         Min:  0.0, Avg:  0.0, Max:  0.0, Diff:  0.0, Sum:  0.0, Workers: 1
[1.076s][debug][gc,phases         ] GC(83)     Dead                           Min: 0, Avg:  0.0, Max: 0, Diff: 0, Sum: 0, Workers: 1
[1.076s][debug][gc,phases         ] GC(83)     Total                          Min: 0, Avg:  0.0, Max: 0, Diff: 0, Sum: 0, Workers: 1
[1.076s][debug][gc,phases         ] GC(83)   StringDedup Requests0 Weak     Min:  0.0, Avg:  0.0, Max:  0.0, Diff:  0.0, Sum:  0.0, Workers: 1
[1.076s][debug][gc,phases         ] GC(83)     Dead                           Min: 0, Avg:  0.0, Max: 0, Diff: 0, Sum: 0, Workers: 1
[1.076s][debug][gc,phases         ] GC(83)     Total                          Min: 0, Avg:  0.0, Max: 0, Diff: 0, Sum: 0, Workers: 1
[1.076s][debug][gc,phases         ] GC(83)   StringDedup Requests1 Weak     Min:  0.0, Avg:  0.0, Max:  0.0, Diff:  0.0, Sum:  0.0, Workers: 1
[1.076s][debug][gc,phases         ] GC(83)     Dead                           Min: 0, Avg:  0.0, Max: 0, Diff: 0, Sum: 0, Workers: 1
[1.076s][debug][gc,phases         ] GC(83)     Total                          Min: 0, Avg:  0.0, Max: 0, Diff: 0, Sum: 0, Workers: 1
[1.076s][debug][gc,phases         ] GC(83)   Weak JFR Old Object Samples    Min:  0.0, Avg:  0.0, Max:  0.0, Diff:  0.0, Sum:  0.0, Workers: 1
[1.076s][debug][gc,phases         ] GC(83)     Dead                           Min: 0, Avg:  0.0, Max: 0, Diff: 0, Sum: 0, Workers: 1
[1.076s][debug][gc,phases         ] GC(83)     Total                          Min: 0, Avg:  0.0, Max: 0, Diff: 0, Sum: 0, Workers: 1
[1.076s][debug][gc,phases         ] GC(83) Phase 1: Weak Processing 0.323ms
[1.076s][debug][gc,phases,start   ] GC(83) Phase 1: Class Unloading and Cleanup
[1.076s][debug][gc,phases,start   ] GC(83) ClassLoaderData
[1.076s][debug][gc,phases         ] GC(83) ClassLoaderData 0.005ms
[1.076s][debug][gc,phases,start   ] GC(83) Trigger cleanups
[1.076s][debug][gc,phases         ] GC(83) Trigger cleanups 0.004ms
[1.076s][debug][gc,phases         ] GC(83) Phase 1: Class Unloading and Cleanup 0.140ms
[1.076s][debug][gc,phases,start   ] GC(83) Report Object Count
[1.076s][debug][gc,phases         ] GC(83) Report Object Count 0.004ms
[1.076s][info ][gc,phases         ] GC(83) Phase 1: Mark live objects 1.863ms
[1.076s][info ][gc,phases,start   ] GC(83) Phase 2: Prepare for compaction
[1.076s][info ][gc,phases         ] GC(83) Phase 2: Prepare for compaction 0.278ms
[1.076s][info ][gc,phases,start   ] GC(83) Phase 3: Adjust pointers
[1.077s][info ][gc,phases         ] GC(83) Phase 3: Adjust pointers 0.400ms
[1.077s][info ][gc,phases,start   ] GC(83) Phase 4: Compact heap
[1.082s][info ][gc,phases         ] GC(83) Phase 4: Compact heap 5.568ms
[1.083s][debug][gc,ergo           ] GC(83) Running G1 Clear Bitmap with 4 workers for 4 work units.
[1.083s][debug][gc,ergo,ihop      ] GC(83) Request concurrent cycle initiation (occupancy higher than threshold) occupancy: 266338304B allocation request: 0B threshold: 203755334B (75.90) source: end of Full GC
[1.083s][debug][gc,alloc,stats    ] Old generation allocation in the last mutator period, old gen allocated: 0B, humongous allocated: 0B,old gen growth: 0B.
[1.083s][info ][gc,heap           ] GC(83) Eden regions: 0->0(12)
[1.083s][info ][gc,heap           ] GC(83) Survivor regions: 0->0(0)
[1.083s][info ][gc,heap           ] GC(83) Old regions: 161->161
[1.083s][info ][gc,heap           ] GC(83) Archive regions: 2->2
[1.083s][info ][gc,heap           ] GC(83) Humongous regions: 93->91
[1.083s][info ][gc,metaspace      ] GC(83) Metaspace: 136K(320K)->136K(320K) NonClass: 131K(192K)->131K(192K) Class: 5K(128K)->5K(128K)
[1.083s][debug][gc,heap           ] GC(83) Heap after GC invocations=76 (full 17):
[1.083s][debug][gc,heap           ] GC(83)  garbage-first heap   total 262144K, used 247839K [0x00000000f0000000, 0x0000000100000000)
[1.083s][debug][gc,heap           ] GC(83)   region size 1024K, 0 young (0K), 0 survivors (0K)
[1.083s][debug][gc,heap           ] GC(83)  Metaspace       used 136K, committed 320K, reserved 1114112K
[1.083s][debug][gc,heap           ] GC(83)   class space    used 5K, committed 128K, reserved 1048576K
[1.083s][info ][gc                ] GC(83) Pause Full (G1 Compaction Pause) 244M->242M(256M) 8.746ms
[1.083s][info ][gc,cpu            ] GC(83) User=0.03s Sys=0.00s Real=0.00s
[1.085s][debug][gc,ergo,cset      ] Preventive GC, insufficient free regions. Predicted need 1. Curr Eden 1 (Pred 1). Curr Survivor 0 (Pred 0). Curr Old 161 (Pred 0) Free 1 Alloc 1
[1.085s][debug][gc,heap           ] GC(84) Heap before GC invocations=76 (full 17):
[1.085s][debug][gc,heap           ] GC(84)  garbage-first heap   total 262144K, used 247839K [0x00000000f0000000, 0x0000000100000000)
[1.085s][debug][gc,heap           ] GC(84)   region size 1024K, 1 young (1024K), 0 survivors (0K)
[1.085s][debug][gc,heap           ] GC(84)  Metaspace       used 136K, committed 320K, reserved 1114112K
[1.085s][debug][gc,heap           ] GC(84)   class space    used 5K, committed 128K, reserved 1048576K
[1.085s][debug][gc,ergo           ] GC(84) Initiate concurrent cycle (concurrent cycle initiation requested)
[1.085s][info ][gc,start          ] GC(84) Pause Young (Concurrent Start) (G1 Preventive Collection)
[1.085s][info ][gc,task           ] GC(84) Using 12 workers of 13 for evacuation
[1.085s][debug][gc,tlab           ] GC(84) TLAB totals: thrds: 5  refills: 5 max: 1 slow allocs: 6 max 2 waste: 41.5% gc: 232456B max: 47024B slow: 0B max: 0B
[1.085s][debug][gc,age            ] GC(84) Desired survivor size 1048576 bytes, new threshold 15 (max threshold 15)
[1.085s][debug][gc,refine,stats   ] GC(84) Mutator refinement: 0.00ms, refined: 0, precleaned: 0, dirtied: 14
[1.085s][debug][gc,refine,stats   ] GC(84) Concurrent refinement: 0.00ms, refined: 0, precleaned: 0, dirtied: 0
[1.085s][debug][gc,refine,stats   ] GC(84) Total refinement: 0.00ms, refined: 0, precleaned: 0, dirtied: 14
[1.085s][debug][gc,refine,stats   ] GC(84) Generate dirty cards rate: 0.16 cards/ms
[1.085s][debug][gc,alloc,region   ] GC(84) Mutator Allocation stats, regions: 1, wasted size: 0B ( 0.0%)
[1.085s][debug][gc,humongous      ] GC(84) Humongous region 0 (object size 1048592 @ 0x00000000f0000000) remset 0 code roots 0 marked 0 reclaim candidate 0 type array 1
[1.085s][debug][gc,humongous      ] GC(84) Humongous region 2 (object size 1048592 @ 0x00000000f0200000) remset 0 code roots 0 marked 0 reclaim candidate 0 type array 1
[1.085s][debug][gc,humongous      ] GC(84) Humongous region 4 (object size 1048592 @ 0x00000000f0400000) remset 0 code roots 0 marked 0 reclaim candidate 0 type array 1
[1.085s][debug][gc,humongous      ] GC(84) Humongous region 6 (object size 1048592 @ 0x00000000f0600000) remset 0 code roots 0 marked 0 reclaim candidate 0 type array 1
[1.086s][debug][gc,humongous      ] GC(84) Humongous region 22 (object size 1048592 @ 0x00000000f1600000) remset 0 code roots 0 marked 0 reclaim candidate 0 type array 1
[1.086s][debug][gc,humongous      ] GC(84) Humongous region 42 (object size 1048592 @ 0x00000000f2a00000) remset 0 code roots 0 marked 0 reclaim candidate 0 type array 1
[1.086s][debug][gc,humongous      ] GC(84) Humongous region 85 (object size 10485776 @ 0x00000000f5500000) remset 0 code roots 0 marked 0 reclaim candidate 0 type array 1
[1.086s][debug][gc,humongous      ] GC(84) Humongous region 203 (object size 1048592 @ 0x00000000fcb00000) remset 0 code roots 0 marked 0 reclaim candidate 0 type array 1
[1.086s][debug][gc,humongous      ] GC(84) Humongous region 238 (object size 1048592 @ 0x00000000fee00000) remset 0 code roots 0 marked 0 reclaim candidate 0 type array 1
[1.086s][debug][gc,humongous      ] GC(84) Humongous region 249 (object size 1048592 @ 0x00000000ff900000) remset 0 code roots 0 marked 0 reclaim candidate 0 type array 1
[1.086s][debug][gc,humongous      ] GC(84) Humongous region 64 (object size 1048592 @ 0x00000000f4000000) remset 0 code roots 0 marked 0 reclaim candidate 0 type array 1
[1.086s][debug][gc,humongous      ] GC(84) Humongous region 16 (object size 1048592 @ 0x00000000f1000000) remset 0 code roots 0 marked 0 reclaim candidate 0 type array 1
[1.086s][debug][gc,humongous      ] GC(84) Humongous region 60 (object size 1048592 @ 0x00000000f3c00000) remset 0 code roots 0 marked 0 reclaim candidate 0 type array 1
[1.086s][debug][gc,humongous      ] GC(84) Humongous region 20 (object size 1048592 @ 0x00000000f1400000) remset 0 code roots 0 marked 0 reclaim candidate 0 type array 1
[1.086s][debug][gc,humongous      ] GC(84) Humongous region 26 (object size 1048592 @ 0x00000000f1a00000) remset 0 code roots 0 marked 0 reclaim candidate 0 type array 1
[1.086s][debug][gc,humongous      ] GC(84) Humongous region 8 (object size 1048592 @ 0x00000000f0800000) remset 0 code roots 0 marked 0 reclaim candidate 0 type array 1
[1.086s][debug][gc,humongous      ] GC(84) Humongous region 28 (object size 1048592 @ 0x00000000f1c00000) remset 0 code roots 0 marked 0 reclaim candidate 0 type array 1
[1.086s][debug][gc,humongous      ] GC(84) Humongous region 244 (object size 1048592 @ 0x00000000ff400000) remset 0 code roots 0 marked 0 reclaim candidate 0 type array 1
[1.086s][debug][gc,humongous      ] GC(84) Humongous region 10 (object size 1048592 @ 0x00000000f0a00000) remset 0 code roots 0 marked 0 reclaim candidate 0 type array 1
[1.086s][debug][gc,humongous      ] GC(84) Humongous region 34 (object size 1048592 @ 0x00000000f2200000) remset 0 code roots 0 marked 0 reclaim candidate 0 type array 1
[1.086s][debug][gc,humongous      ] GC(84) Humongous region 36 (object size 1048592 @ 0x00000000f2400000) remset 0 code roots 0 marked 0 reclaim candidate 0 type array 1
[1.086s][debug][gc,humongous      ] GC(84) Humongous region 14 (object size 1048592 @ 0x00000000f0e00000) remset 0 code roots 0 marked 0 reclaim candidate 0 type array 1
[1.086s][debug][gc,humongous      ] GC(84) Humongous region 83 (object size 1048592 @ 0x00000000f5300000) remset 0 code roots 0 marked 0 reclaim candidate 0 type array 1
[1.086s][debug][gc,humongous      ] GC(84) Humongous region 159 (object size 10485776 @ 0x00000000f9f00000) remset 0 code roots 0 marked 0 reclaim candidate 0 type array 1
[1.086s][debug][gc,humongous      ] GC(84) Humongous region 24 (object size 1048592 @ 0x00000000f1800000) remset 0 code roots 0 marked 0 reclaim candidate 0 type array 1
[1.086s][debug][gc,humongous      ] GC(84) Humongous region 216 (object size 10485776 @ 0x00000000fd800000) remset 0 code roots 0 marked 0 reclaim candidate 0 type array 1
[1.086s][debug][gc,humongous      ] GC(84) Humongous region 30 (object size 1048592 @ 0x00000000f1e00000) remset 0 code roots 0 marked 0 reclaim candidate 0 type array 1
[1.086s][debug][gc,humongous      ] GC(84) Humongous region 32 (object size 1048592 @ 0x00000000f2000000) remset 0 code roots 0 marked 0 reclaim candidate 0 type array 1
[1.086s][debug][gc,humongous      ] GC(84) Humongous region 126 (object size 1048592 @ 0x00000000f7e00000) remset 0 code roots 0 marked 0 reclaim candidate 0 type array 1
[1.086s][debug][gc,humongous      ] GC(84) Humongous region 12 (object size 1048592 @ 0x00000000f0c00000) remset 0 code roots 0 marked 0 reclaim candidate 0 type array 1
[1.086s][debug][gc,humongous      ] GC(84) Humongous region 38 (object size 1048592 @ 0x00000000f2600000) remset 0 code roots 0 marked 0 reclaim candidate 0 type array 1
[1.086s][debug][gc,humongous      ] GC(84) Humongous region 18 (object size 1048592 @ 0x00000000f1200000) remset 0 code roots 0 marked 0 reclaim candidate 0 type array 1
[1.086s][debug][gc,ergo           ] GC(84) Running G1 Merge Heap Roots using 12 workers for 1 regions
[1.086s][debug][gc,remset         ] GC(84) Visited cards 32 Total dirty 2048 (1.56%) Total old 524288 (0.01%)
[1.087s][debug][gc,ref            ] GC(84) Skipped phase 1 of Reference Processing: no references
[1.087s][debug][gc,ref            ] GC(84) Skipped phase 2 of Reference Processing: no references
[1.087s][debug][gc,ref            ] GC(84) Skipped phase 3 of Reference Processing: no references
[1.087s][debug][gc,ref            ] GC(84) Skipped phase 4 of Reference Processing: no references
[1.087s][debug][gc,ergo           ] GC(84) Running G1 Rebuild Free List Task using 12 workers for rebuilding free list of regions
[1.087s][debug][gc,plab           ] GC(84) Young PLAB allocation: allocated: 0B, wasted: 0B, unused: 0B, used: 0B, undo waste: 0B, 
[1.087s][debug][gc,plab           ] GC(84) Young other allocation: region end waste: 0B, regions filled: 1, direct allocated: 786624B, failure used: 0B, failure wasted: 0B
[1.087s][debug][gc,plab           ] GC(84) Young sizing: calculated: 0B, actual: 2064B
[1.087s][debug][gc,plab           ] GC(84) Old PLAB allocation: allocated: 0B, wasted: 0B, unused: 0B, used: 0B, undo waste: 0B, 
[1.087s][debug][gc,plab           ] GC(84) Old other allocation: region end waste: 0B, regions filled: 0, direct allocated: 0B, failure used: 0B, failure wasted: 0B
[1.087s][debug][gc,plab           ] GC(84) Old sizing: calculated: 0B, actual: 2064B
[1.087s][debug][gc,ergo,heap      ] GC(84) Heap expansion: short term pause time ratio 41.87% long term pause time ratio 13.56% threshold 7.69% pause time ratio 7.69% fully expanded true resize by 0B
[1.087s][debug][gc,mmu            ] GC(84) MMU: 7.7ms (50.0ms/51.0ms)
[1.087s][debug][gc,alloc,stats    ] Old generation allocation in the last mutator period, old gen allocated: 0B, humongous allocated: 0B,old gen growth: 0B.
[1.087s][debug][gc,ihop           ] GC(84) Basic information (value update), threshold: 204164425B (76.06), target occupancy: 268435456B, current occupancy: 254573872B, recent allocation size: 0B, recent allocation duration: 86.10ms, recent old gen allocation rate: 0.00B/s, recent marking phase length: 9.93ms
[1.087s][debug][gc,ihop           ] GC(84) Adaptive IHOP information (value update), threshold: 204164425B (89.48), internal target occupancy: 228170137B, occupancy: 254573872B, additional buffer size: 12582912B, predicted old gen allocation rate: 217591486.97B/s, predicted marking phase length: 52.50ms, prediction active: true
[1.087s][debug][gc,ergo,refine    ] GC(84) Concurrent refinement times: Logged Cards Scan time goal: 5.00ms Logged Cards Scan time: 0.00ms HCC time: 0.00ms
[1.087s][debug][gc,ergo,refine    ] GC(84) Updated Refinement Zones: green: 3328, yellow: 9984, red: 16640
[1.087s][info ][gc,phases         ] GC(84)   Pre Evacuate Collection Set: 0.5ms
[1.087s][debug][gc,phases         ] GC(84)     Prepare TLABs: 0.0ms
[1.087s][debug][gc,phases         ] GC(84)     Concatenate Dirty Card Logs: 0.0ms
[1.087s][debug][gc,phases         ] GC(84)     Choose Collection Set: 0.0ms
[1.087s][debug][gc,phases         ] GC(84)     Region Register: 0.5ms
[1.087s][debug][gc,phases         ] GC(84)     Prepare Heap Roots: 0.0ms
[1.087s][debug][gc,phases         ] GC(84)     Clear Claimed Marks: 0.0ms
[1.087s][info ][gc,phases         ] GC(84)   Merge Heap Roots: 0.2ms
[1.087s][debug][gc,phases         ] GC(84)     Prepare Merge Heap Roots: 0.0ms
[1.087s][debug][gc,phases         ] GC(84)     Eager Reclaim (ms):            skipped
[1.087s][debug][gc,phases         ] GC(84)     Remembered Sets (ms):          Min:  0.0, Avg:  0.0, Max:  0.0, Diff:  0.0, Sum:  0.0, Workers: 12
[1.087s][debug][gc,phases         ] GC(84)       Merged Sparse:                 Min: 0, Avg:  0.0, Max: 0, Diff: 0, Sum: 0, Workers: 12
[1.087s][debug][gc,phases         ] GC(84)       Merged Fine:                   Min: 0, Avg:  0.0, Max: 0, Diff: 0, Sum: 0, Workers: 12
[1.087s][debug][gc,phases         ] GC(84)       Merged Coarse:                 Min: 0, Avg:  0.0, Max: 0, Diff: 0, Sum: 0, Workers: 12
[1.087s][debug][gc,phases         ] GC(84)       Dirty Cards:                   Min: 0, Avg:  0.0, Max: 0, Diff: 0, Sum: 0, Workers: 12
[1.087s][debug][gc,phases         ] GC(84)     Hot Card Cache (ms):           Min:  0.0, Avg:  0.0, Max:  0.0, Diff:  0.0, Sum:  0.0, Workers: 12
[1.087s][debug][gc,phases         ] GC(84)       Dirty Cards:                   Min: 0, Avg:  0.0, Max: 0, Diff: 0, Sum: 0, Workers: 12
[1.087s][debug][gc,phases         ] GC(84)       Skipped Cards:                 Min: 0, Avg:  0.0, Max: 0, Diff: 0, Sum: 0, Workers: 12
[1.087s][debug][gc,phases         ] GC(84)     Log Buffers (ms):              Min:  0.0, Avg:  0.0, Max:  0.0, Diff:  0.0, Sum:  0.0, Workers: 12
[1.087s][debug][gc,phases         ] GC(84)       Dirty Cards:                   Min: 0, Avg:  0.5, Max: 6, Diff: 6, Sum: 6, Workers: 12
[1.087s][debug][gc,phases         ] GC(84)       Skipped Cards:                 Min: 0, Avg:  0.0, Max: 0, Diff: 0, Sum: 0, Workers: 12
[1.087s][info ][gc,phases         ] GC(84)   Evacuate Collection Set: 0.4ms
[1.087s][debug][gc,phases         ] GC(84)     Ext Root Scanning (ms):        Min:  0.0, Avg:  0.0, Max:  0.1, Diff:  0.1, Sum:  0.2, Workers: 12
[1.087s][debug][gc,phases         ] GC(84)     Scan Heap Roots (ms):          Min:  0.0, Avg:  0.0, Max:  0.0, Diff:  0.0, Sum:  0.0, Workers: 12
[1.087s][debug][gc,phases         ] GC(84)       Scanned Cards:                 Min: 0, Avg:  1.2, Max: 14, Diff: 14, Sum: 14, Workers: 12
[1.087s][debug][gc,phases         ] GC(84)       Scanned Blocks:                Min: 0, Avg:  0.1, Max: 1, Diff: 1, Sum: 1, Workers: 12
[1.087s][debug][gc,phases         ] GC(84)       Claimed Chunks:                Min: 0, Avg:  0.1, Max: 1, Diff: 1, Sum: 1, Workers: 12
[1.087s][debug][gc,phases         ] GC(84)     Code Root Scan (ms):           Min:  0.0, Avg:  0.0, Max:  0.0, Diff:  0.0, Sum:  0.0, Workers: 12
[1.087s][debug][gc,phases         ] GC(84)     Object Copy (ms):              Min:  0.0, Avg:  0.0, Max:  0.1, Diff:  0.1, Sum:  0.2, Workers: 12
[1.087s][debug][gc,phases         ] GC(84)     Termination (ms):              Min:  0.1, Avg:  0.2, Max:  0.3, Diff:  0.1, Sum:  2.5, Workers: 12
[1.087s][debug][gc,phases         ] GC(84)       Termination Attempts:          Min: 1, Avg:  1.1, Max: 2, Diff: 1, Sum: 13, Workers: 12
[1.087s][debug][gc,phases         ] GC(84)     GC Worker Other (ms):          Min:  0.0, Avg:  0.0, Max:  0.0, Diff:  0.0, Sum:  0.1, Workers: 12
[1.087s][debug][gc,phases         ] GC(84)     GC Worker Total (ms):          Min:  0.1, Avg:  0.3, Max:  0.4, Diff:  0.2, Sum:  3.0, Workers: 12
[1.087s][info ][gc,phases         ] GC(84)   Post Evacuate Collection Set: 0.5ms
[1.087s][debug][gc,phases         ] GC(84)     Code Roots Fixup: 0.0ms
[1.087s][debug][gc,phases         ] GC(84)     Reference Processing: 0.0ms
[1.087s][debug][gc,phases,ref     ] GC(84)       Reconsider SoftReferences: 0.0ms
[1.087s][debug][gc,phases,ref     ] GC(84)         SoftRef (ms):                  skipped
[1.087s][debug][gc,phases,ref     ] GC(84)       Notify Soft/WeakReferences: 0.0ms
[1.087s][debug][gc,phases,ref     ] GC(84)         SoftRef (ms):                  skipped
[1.087s][debug][gc,phases,ref     ] GC(84)         WeakRef (ms):                  skipped
[1.087s][debug][gc,phases,ref     ] GC(84)         FinalRef (ms):                 skipped
[1.087s][debug][gc,phases,ref     ] GC(84)         Total (ms):                    skipped
[1.087s][debug][gc,phases,ref     ] GC(84)       Notify and keep alive finalizable: 0.0ms
[1.087s][debug][gc,phases,ref     ] GC(84)         FinalRef (ms):                 skipped
[1.087s][debug][gc,phases,ref     ] GC(84)       Notify PhantomReferences: 0.0ms
[1.087s][debug][gc,phases,ref     ] GC(84)         PhantomRef (ms):               skipped
[1.087s][debug][gc,phases,ref     ] GC(84)       SoftReference:
[1.087s][debug][gc,phases,ref     ] GC(84)         Discovered: 0
[1.087s][debug][gc,phases,ref     ] GC(84)         Cleared: 0
[1.087s][debug][gc,phases,ref     ] GC(84)       WeakReference:
[1.087s][debug][gc,phases,ref     ] GC(84)         Discovered: 0
[1.087s][debug][gc,phases,ref     ] GC(84)         Cleared: 0
[1.087s][debug][gc,phases,ref     ] GC(84)       FinalReference:
[1.087s][debug][gc,phases,ref     ] GC(84)         Discovered: 0
[1.087s][debug][gc,phases,ref     ] GC(84)         Cleared: 0
[1.087s][debug][gc,phases,ref     ] GC(84)       PhantomReference:
[1.087s][debug][gc,phases,ref     ] GC(84)         Discovered: 0
[1.087s][debug][gc,phases,ref     ] GC(84)         Cleared: 0
[1.087s][debug][gc,phases         ] GC(84)     Weak Processing: 0.0ms
[1.087s][debug][gc,phases         ] GC(84)       VM Weak                        Min:  0.0, Avg:  0.0, Max:  0.0, Diff:  0.0, Sum:  0.0, Workers: 1
[1.087s][debug][gc,phases         ] GC(84)         Dead                           Min: 0, Avg:  0.0, Max: 0, Diff: 0, Sum: 0, Workers: 1
[1.087s][debug][gc,phases         ] GC(84)         Total                          Min: 4, Avg:  4.0, Max: 4, Diff: 0, Sum: 4, Workers: 1
[1.087s][debug][gc,phases         ] GC(84)       ObjectSynchronizer Weak        Min:  0.0, Avg:  0.0, Max:  0.0, Diff:  0.0, Sum:  0.0, Workers: 1
[1.087s][debug][gc,phases         ] GC(84)         Dead                           Min: 0, Avg:  0.0, Max: 0, Diff: 0, Sum: 0, Workers: 1
[1.087s][debug][gc,phases         ] GC(84)         Total                          Min: 4, Avg:  4.0, Max: 4, Diff: 0, Sum: 4, Workers: 1
[1.087s][debug][gc,phases         ] GC(84)       JVMTI Tag Weak OopStorage      Min:  0.0, Avg:  0.0, Max:  0.0, Diff:  0.0, Sum:  0.0, Workers: 1
[1.087s][debug][gc,phases         ] GC(84)         Dead                           Min: 0, Avg:  0.0, Max: 0, Diff: 0, Sum: 0, Workers: 1
[1.087s][debug][gc,phases         ] GC(84)         Total                          Min: 0, Avg:  0.0, Max: 0, Diff: 0, Sum: 0, Workers: 1
[1.087s][debug][gc,phases         ] GC(84)       StringTable Weak               Min:  0.0, Avg:  0.0, Max:  0.0, Diff:  0.0, Sum:  0.0, Workers: 1
[1.087s][debug][gc,phases         ] GC(84)         Dead                           Min: 0, Avg:  0.0, Max: 0, Diff: 0, Sum: 0, Workers: 1
[1.087s][debug][gc,phases         ] GC(84)         Total                          Min: 40, Avg: 40.0, Max: 40, Diff: 0, Sum: 40, Workers: 1
[1.087s][debug][gc,phases         ] GC(84)       ResolvedMethodTable Weak       Min:  0.0, Avg:  0.0, Max:  0.0, Diff:  0.0, Sum:  0.0, Workers: 1
[1.087s][debug][gc,phases         ] GC(84)         Dead                           Min: 0, Avg:  0.0, Max: 0, Diff: 0, Sum: 0, Workers: 1
[1.087s][debug][gc,phases         ] GC(84)         Total                          Min: 22, Avg: 22.0, Max: 22, Diff: 0, Sum: 22, Workers: 1
[1.087s][debug][gc,phases         ] GC(84)       JNI Weak                       Min:  0.0, Avg:  0.0, Max:  0.0, Diff:  0.0, Sum:  0.0, Workers: 1
[1.087s][debug][gc,phases         ] GC(84)         Dead                           Min: 0, Avg:  0.0, Max: 0, Diff: 0, Sum: 0, Workers: 1
[1.087s][debug][gc,phases         ] GC(84)         Total                          Min: 0, Avg:  0.0, Max: 0, Diff: 0, Sum: 0, Workers: 1
[1.087s][debug][gc,phases         ] GC(84)       StringDedup Table Weak         Min:  0.0, Avg:  0.0, Max:  0.0, Diff:  0.0, Sum:  0.0, Workers: 1
[1.087s][debug][gc,phases         ] GC(84)         Dead                           Min: 0, Avg:  0.0, Max: 0, Diff: 0, Sum: 0, Workers: 1
[1.087s][debug][gc,phases         ] GC(84)         Total                          Min: 0, Avg:  0.0, Max: 0, Diff: 0, Sum: 0, Workers: 1
[1.087s][debug][gc,phases         ] GC(84)       StringDedup Requests0 Weak     Min:  0.0, Avg:  0.0, Max:  0.0, Diff:  0.0, Sum:  0.0, Workers: 1
[1.087s][debug][gc,phases         ] GC(84)         Dead                           Min: 0, Avg:  0.0, Max: 0, Diff: 0, Sum: 0, Workers: 1
[1.087s][debug][gc,phases         ] GC(84)         Total                          Min: 0, Avg:  0.0, Max: 0, Diff: 0, Sum: 0, Workers: 1
[1.087s][debug][gc,phases         ] GC(84)       StringDedup Requests1 Weak     Min:  0.0, Avg:  0.0, Max:  0.0, Diff:  0.0, Sum:  0.0, Workers: 1
[1.087s][debug][gc,phases         ] GC(84)         Dead                           Min: 0, Avg:  0.0, Max: 0, Diff: 0, Sum: 0, Workers: 1
[1.087s][debug][gc,phases         ] GC(84)         Total                          Min: 0, Avg:  0.0, Max: 0, Diff: 0, Sum: 0, Workers: 1
[1.087s][debug][gc,phases         ] GC(84)       Weak JFR Old Object Samples    Min:  0.0, Avg:  0.0, Max:  0.0, Diff:  0.0, Sum:  0.0, Workers: 1
[1.087s][debug][gc,phases         ] GC(84)         Dead                           Min: 0, Avg:  0.0, Max: 0, Diff: 0, Sum: 0, Workers: 1
[1.087s][debug][gc,phases         ] GC(84)         Total                          Min: 0, Avg:  0.0, Max: 0, Diff: 0, Sum: 0, Workers: 1
[1.087s][debug][gc,phases         ] GC(84)     Post Evacuate Cleanup 1: 0.1ms
[1.087s][debug][gc,phases         ] GC(84)       Merge Per-Thread State (ms):   Min:  0.0, Avg:  0.0, Max:  0.0, Diff:  0.0, Sum:  0.0, Workers: 1
[1.087s][debug][gc,phases         ] GC(84)         Copied Bytes                   Min: 0, Avg: 65552.0, Max: 196656, Diff: 196656, Sum: 786624, Workers: 12
[1.087s][debug][gc,phases         ] GC(84)         LAB Waste                      Min: 0, Avg:  0.0, Max: 0, Diff: 0, Sum: 0, Workers: 12
[1.087s][debug][gc,phases         ] GC(84)         LAB Undo Waste                 Min: 0, Avg:  0.0, Max: 0, Diff: 0, Sum: 0, Workers: 12
[1.087s][debug][gc,phases         ] GC(84)       Clear Logged Cards (ms):       Min:  0.0, Avg:  0.0, Max:  0.0, Diff:  0.0, Sum:  0.0, Workers: 3
[1.087s][debug][gc,phases         ] GC(84)       Recalculate Used Memory (ms):  Min:  0.0, Avg:  0.0, Max:  0.0, Diff:  0.0, Sum:  0.0, Workers: 1
[1.088s][debug][gc,phases         ] GC(84)     Post Evacuate Cleanup 2: 0.1ms
[1.088s][debug][gc,phases         ] GC(84)       Reset Hot Card Cache (ms):     Min:  0.0, Avg:  0.0, Max:  0.0, Diff:  0.0, Sum:  0.0, Workers: 1
[1.088s][debug][gc,phases         ] GC(84)       Purge Code Roots (ms):         Min:  0.0, Avg:  0.0, Max:  0.0, Diff:  0.0, Sum:  0.0, Workers: 1
[1.088s][debug][gc,phases         ] GC(84)       Update Derived Pointers (ms):  Min:  0.0, Avg:  0.0, Max:  0.0, Diff:  0.0, Sum:  0.0, Workers: 1
[1.088s][debug][gc,phases         ] GC(84)       Eagerly Reclaim Humongous Objects (ms): Min:  0.0, Avg:  0.0, Max:  0.0, Diff:  0.0, Sum:  0.0, Workers: 1
[1.088s][debug][gc,phases         ] GC(84)         Humongous Total                Min: 32, Avg: 32.0, Max: 32, Diff: 0, Sum: 32, Workers: 1
[1.088s][debug][gc,phases         ] GC(84)         Humongous Candidates           Min: 0, Avg:  0.0, Max: 0, Diff: 0, Sum: 0, Workers: 1
[1.088s][debug][gc,phases         ] GC(84)         Humongous Reclaimed            Min: 0, Avg:  0.0, Max: 0, Diff: 0, Sum: 0, Workers: 1
[1.088s][debug][gc,phases         ] GC(84)       Redirty Logged Cards (ms):     Min:  0.0, Avg:  0.0, Max:  0.0, Diff:  0.0, Sum:  0.0, Workers: 12
[1.088s][debug][gc,phases         ] GC(84)         Redirtied Cards:               Min: 0, Avg:  0.4, Max: 5, Diff: 5, Sum: 5, Workers: 12
[1.088s][debug][gc,phases         ] GC(84)       Free Collection Set (ms):      Min:  0.0, Avg:  0.0, Max:  0.0, Diff:  0.0, Sum:  0.0, Workers: 12
[1.088s][debug][gc,phases         ] GC(84)     Rebuild Free List: 0.2ms
[1.088s][debug][gc,phases         ] GC(84)     Start New Collection Set: 0.0ms
[1.088s][debug][gc,phases         ] GC(84)     Resize TLABs: 0.0ms
[1.088s][debug][gc,phases         ] GC(84)     Expand Heap After Collection: 0.0ms
[1.088s][info ][gc,phases         ] GC(84)   Other: 0.2ms
[1.088s][info ][gc,heap           ] GC(84) Eden regions: 1->0(11)
[1.088s][info ][gc,heap           ] GC(84) Survivor regions: 0->1(1)
[1.088s][info ][gc,heap           ] GC(84) Old regions: 161->161
[1.088s][info ][gc,heap           ] GC(84) Archive regions: 2->2
[1.088s][info ][gc,heap           ] GC(84) Humongous regions: 91->91
[1.088s][info ][gc,metaspace      ] GC(84) Metaspace: 136K(320K)->136K(320K) NonClass: 131K(192K)->131K(192K) Class: 5K(128K)->5K(128K)
[1.088s][debug][gc,heap           ] GC(84) Heap after GC invocations=77 (full 17):
[1.088s][debug][gc,heap           ] GC(84)  garbage-first heap   total 262144K, used 248607K [0x00000000f0000000, 0x0000000100000000)
[1.088s][debug][gc,heap           ] GC(84)   region size 1024K, 1 young (1024K), 1 survivors (1024K)
[1.088s][debug][gc,heap           ] GC(84)  Metaspace       used 136K, committed 320K, reserved 1114112K
[1.088s][debug][gc,heap           ] GC(84)   class space    used 5K, committed 128K, reserved 1048576K
[1.088s][info ][gc                ] GC(84) Pause Young (Concurrent Start) (G1 Preventive Collection) 243M->242M(256M) 2.239ms
[1.088s][info ][gc,cpu            ] GC(84) User=0.01s Sys=0.00s Real=0.00s
[1.088s][info ][gc                ] GC(85) Concurrent Mark Cycle
[1.088s][info ][gc,marking        ] GC(85) Concurrent Clear Claimed Marks
[1.088s][info ][gc,marking        ] GC(85) Concurrent Clear Claimed Marks 0.012ms
[1.088s][info ][gc,marking        ] GC(85) Concurrent Scan Root Regions
[1.088s][debug][gc,ergo           ] GC(85) Running G1 Root Region Scan using 1 workers for 1 work units.
[1.088s][info ][gc,marking        ] GC(85) Concurrent Scan Root Regions 0.068ms
[1.088s][info ][gc,marking        ] GC(85) Concurrent Mark
[1.088s][info ][gc,marking        ] GC(85) Concurrent Mark From Roots
[1.088s][info ][gc,task           ] GC(85) Using 3 workers of 3 for marking
[1.089s][debug][gc,stats          ] ---------------------------------------------------------------------
[1.089s][debug][gc,stats          ] Marking Stats, task = 0, calls = 8
[1.089s][debug][gc,stats          ]   Elapsed time = 1.43ms, Termination time = 0.00ms
[1.089s][debug][gc,stats          ]   Step Times (cum): num = 679, avg = 0.02ms, sd = 0.11ms max = 1.18ms, total = 11.37ms
[1.089s][debug][gc,stats          ]   Mark Stats Cache: hits 7780 misses 0 ratio 100.000
[1.089s][debug][gc,stats          ] ---------------------------------------------------------------------
[1.089s][debug][gc,stats          ] Marking Stats, task = 1, calls = 1
[1.089s][debug][gc,stats          ]   Elapsed time = 1.41ms, Termination time = 0.00ms
[1.089s][debug][gc,stats          ]   Step Times (cum): num = 77, avg = 0.16ms, sd = 0.34ms max = 1.46ms, total = 12.36ms
[1.089s][debug][gc,stats          ]   Mark Stats Cache: hits 12018 misses 0 ratio 100.000
[1.089s][debug][gc,stats          ] ---------------------------------------------------------------------
[1.089s][debug][gc,stats          ] Marking Stats, task = 2, calls = 6
[1.089s][debug][gc,stats          ]   Elapsed time = 1.40ms, Termination time = 0.91ms
[1.089s][debug][gc,stats          ]   Step Times (cum): num = 60, avg = 0.13ms, sd = 0.29ms max = 1.29ms, total = 7.64ms
[1.089s][debug][gc,stats          ]   Mark Stats Cache: hits 6528 misses 0 ratio 100.000
[1.089s][debug][gc,stats          ] ---------------------------------------------------------------------
[1.089s][info ][gc,marking        ] GC(85) Concurrent Mark From Roots 1.552ms
[1.089s][info ][gc,marking        ] GC(85) Concurrent Preclean
[1.089s][debug][gc,ref,start      ] GC(85) Preclean SoftReferences
[1.089s][debug][gc,ref            ] GC(85) Preclean SoftReferences 0.049ms
[1.089s][debug][gc,ref,start      ] GC(85) Preclean WeakReferences
[1.089s][debug][gc,ref            ] GC(85) Preclean WeakReferences 0.047ms
[1.089s][debug][gc,ref,start      ] GC(85) Preclean FinalReferences
[1.090s][debug][gc,ref            ] GC(85) Preclean FinalReferences 0.046ms
[1.090s][debug][gc,ref,start      ] GC(85) Preclean PhantomReferences
[1.090s][debug][gc,ref            ] GC(85) Preclean PhantomReferences 0.046ms
[1.090s][info ][gc,marking        ] GC(85) Concurrent Preclean 0.206ms
[1.090s][info ][gc,start          ] GC(85) Pause Remark
[1.090s][debug][gc,phases,start   ] GC(85) Finalize Marking
[1.090s][debug][gc,stats          ] ---------------------------------------------------------------------
[1.090s][debug][gc,stats          ] Marking Stats, task = 0, calls = 61
[1.090s][debug][gc,stats          ]   Elapsed time = 0.30ms, Termination time = 0.18ms
[1.090s][debug][gc,stats          ]   Step Times (cum): num = 732, avg = 0.02ms, sd = 0.11ms max = 1.18ms, total = 11.55ms
[1.090s][debug][gc,stats          ]   Mark Stats Cache: hits 7780 misses 0 ratio 100.000
[1.090s][debug][gc,stats          ] ---------------------------------------------------------------------
[1.090s][debug][gc,stats          ] Marking Stats, task = 1, calls = 2
[1.090s][debug][gc,stats          ]   Elapsed time = 0.25ms, Termination time = 0.03ms
[1.090s][debug][gc,stats          ]   Step Times (cum): num = 78, avg = 0.16ms, sd = 0.34ms max = 1.46ms, total = 12.39ms
[1.090s][debug][gc,stats          ]   Mark Stats Cache: hits 12018 misses 0 ratio 100.000
[1.090s][debug][gc,stats          ] ---------------------------------------------------------------------
[1.090s][debug][gc,stats          ] Marking Stats, task = 2, calls = 7
[1.090s][debug][gc,stats          ]   Elapsed time = 0.25ms, Termination time = 0.93ms
[1.090s][debug][gc,stats          ]   Step Times (cum): num = 61, avg = 0.13ms, sd = 0.29ms max = 1.29ms, total = 7.66ms
[1.090s][debug][gc,stats          ]   Mark Stats Cache: hits 6528 misses 0 ratio 100.000
[1.090s][debug][gc,stats          ] ---------------------------------------------------------------------
[1.090s][debug][gc,stats          ] Marking Stats, task = 3, calls = 1
[1.090s][debug][gc,stats          ]   Elapsed time = 0.28ms, Termination time = 0.02ms
[1.090s][debug][gc,stats          ]   Step Times (cum): num = 13, avg = 0.02ms, sd = 0.01ms max = 0.05ms, total = 0.29ms
[1.090s][debug][gc,stats          ]   Mark Stats Cache: hits 47 misses 0 ratio 100.000
[1.090s][debug][gc,stats          ] ---------------------------------------------------------------------
[1.090s][debug][gc,stats          ] Marking Stats, task = 4, calls = 1
[1.090s][debug][gc,stats          ]   Elapsed time = 0.25ms, Termination time = 0.02ms
[1.090s][debug][gc,stats          ]   Step Times (cum): num = 13, avg = 0.02ms, sd = 0.01ms max = 0.04ms, total = 0.29ms
[1.090s][debug][gc,stats          ]   Mark Stats Cache: hits 0 misses 0 ratio 0.000
[1.090s][debug][gc,stats          ] ---------------------------------------------------------------------
[1.090s][debug][gc,stats          ] Marking Stats, task = 5, calls = 1
[1.090s][debug][gc,stats          ]   Elapsed time = 0.26ms, Termination time = 0.02ms
[1.090s][debug][gc,stats          ]   Step Times (cum): num = 13, avg = 0.02ms, sd = 0.00ms max = 0.03ms, total = 0.23ms
[1.090s][debug][gc,stats          ]   Mark Stats Cache: hits 0 misses 0 ratio 0.000
[1.090s][debug][gc,stats          ] ---------------------------------------------------------------------
[1.090s][debug][gc,stats          ] Marking Stats, task = 6, calls = 1
[1.090s][debug][gc,stats          ]   Elapsed time = 0.27ms, Termination time = 0.02ms
[1.090s][debug][gc,stats          ]   Step Times (cum): num = 13, avg = 0.02ms, sd = 0.01ms max = 0.03ms, total = 0.26ms
[1.090s][debug][gc,stats          ]   Mark Stats Cache: hits 0 misses 0 ratio 0.000
[1.090s][debug][gc,stats          ] ---------------------------------------------------------------------
[1.090s][debug][gc,stats          ] Marking Stats, task = 7, calls = 1
[1.090s][debug][gc,stats          ]   Elapsed time = 0.25ms, Termination time = 0.02ms
[1.090s][debug][gc,stats          ]   Step Times (cum): num = 13, avg = 0.02ms, sd = 0.01ms max = 0.04ms, total = 0.25ms
[1.090s][debug][gc,stats          ]   Mark Stats Cache: hits 0 misses 0 ratio 0.000
[1.090s][debug][gc,stats          ] ---------------------------------------------------------------------
[1.090s][debug][gc,stats          ] Marking Stats, task = 8, calls = 1
[1.090s][debug][gc,stats          ]   Elapsed time = 0.24ms, Termination time = 0.03ms
[1.090s][debug][gc,stats          ]   Step Times (cum): num = 13, avg = 0.03ms, sd = 0.01ms max = 0.05ms, total = 0.34ms
[1.090s][debug][gc,stats          ]   Mark Stats Cache: hits 0 misses 0 ratio 0.000
[1.090s][debug][gc,stats          ] ---------------------------------------------------------------------
[1.090s][debug][gc,stats          ] Marking Stats, task = 9, calls = 1
[1.090s][debug][gc,stats          ]   Elapsed time = 0.25ms, Termination time = 0.02ms
[1.090s][debug][gc,stats          ]   Step Times (cum): num = 13, avg = 0.02ms, sd = 0.01ms max = 0.06ms, total = 0.27ms
[1.090s][debug][gc,stats          ]   Mark Stats Cache: hits 0 misses 0 ratio 0.000
[1.090s][debug][gc,stats          ] ---------------------------------------------------------------------
[1.090s][debug][gc,stats          ] Marking Stats, task = 10, calls = 1
[1.090s][debug][gc,stats          ]   Elapsed time = 0.15ms, Termination time = 0.01ms
[1.090s][debug][gc,stats          ]   Step Times (cum): num = 13, avg = 0.01ms, sd = 0.00ms max = 0.02ms, total = 0.19ms
[1.090s][debug][gc,stats          ]   Mark Stats Cache: hits 0 misses 0 ratio 0.000
[1.090s][debug][gc,stats          ] ---------------------------------------------------------------------
[1.090s][debug][gc,stats          ] Marking Stats, task = 11, calls = 1
[1.090s][debug][gc,stats          ]   Elapsed time = 0.12ms, Termination time = 0.00ms
[1.090s][debug][gc,stats          ]   Step Times (cum): num = 13, avg = 0.00ms, sd = 0.00ms max = 0.00ms, total = 0.00ms
[1.090s][debug][gc,stats          ]   Mark Stats Cache: hits 0 misses 0 ratio 0.000
[1.090s][debug][gc,stats          ] ---------------------------------------------------------------------
[1.090s][debug][gc,phases         ] GC(85) Finalize Marking 0.621ms
[1.090s][debug][gc,phases,start   ] GC(85) Reference Processing
[1.090s][debug][gc,ref            ] GC(85) Skipped phase 1 of Reference Processing: no references
[1.090s][debug][gc,ref            ] GC(85) Skipped phase 2 of Reference Processing: no references
[1.090s][debug][gc,ref            ] GC(85) Skipped phase 3 of Reference Processing: no references
[1.090s][debug][gc,ref            ] GC(85) Skipped phase 4 of Reference Processing: no references
[1.090s][debug][gc,phases,ref     ] GC(85) Reference Processing: 0.0ms
[1.090s][debug][gc,phases,ref     ] GC(85)   Reconsider SoftReferences: 0.0ms
[1.090s][debug][gc,phases,ref     ] GC(85)     SoftRef (ms):                  skipped
[1.090s][debug][gc,phases,ref     ] GC(85)   Notify Soft/WeakReferences: 0.0ms
[1.090s][debug][gc,phases,ref     ] GC(85)     SoftRef (ms):                  skipped
[1.090s][debug][gc,phases,ref     ] GC(85)     WeakRef (ms):                  skipped
[1.090s][debug][gc,phases,ref     ] GC(85)     FinalRef (ms):                 skipped
[1.090s][debug][gc,phases,ref     ] GC(85)     Total (ms):                    skipped
[1.090s][debug][gc,phases,ref     ] GC(85)   Notify and keep alive finalizable: 0.0ms
[1.090s][debug][gc,phases,ref     ] GC(85)     FinalRef (ms):                 skipped
[1.090s][debug][gc,phases,ref     ] GC(85)   Notify PhantomReferences: 0.0ms
[1.090s][debug][gc,phases,ref     ] GC(85)     PhantomRef (ms):               skipped
[1.090s][debug][gc,phases,ref     ] GC(85)   SoftReference:
[1.090s][debug][gc,phases,ref     ] GC(85)     Discovered: 0
[1.090s][debug][gc,phases,ref     ] GC(85)     Cleared: 0
[1.090s][debug][gc,phases,ref     ] GC(85)   WeakReference:
[1.090s][debug][gc,phases,ref     ] GC(85)     Discovered: 0
[1.090s][debug][gc,phases,ref     ] GC(85)     Cleared: 0
[1.090s][debug][gc,phases,ref     ] GC(85)   FinalReference:
[1.090s][debug][gc,phases,ref     ] GC(85)     Discovered: 0
[1.090s][debug][gc,phases,ref     ] GC(85)     Cleared: 0
[1.090s][debug][gc,phases,ref     ] GC(85)   PhantomReference:
[1.090s][debug][gc,phases,ref     ] GC(85)     Discovered: 0
[1.090s][debug][gc,phases,ref     ] GC(85)     Cleared: 0
[1.090s][debug][gc,phases         ] GC(85) Reference Processing 0.098ms
[1.090s][debug][gc,phases,start   ] GC(85) Weak Processing
[1.090s][debug][gc,phases         ] GC(85)   VM Weak                        Min:  0.0, Avg:  0.0, Max:  0.0, Diff:  0.0, Sum:  0.0, Workers: 1
[1.090s][debug][gc,phases         ] GC(85)     Dead                           Min: 0, Avg:  0.0, Max: 0, Diff: 0, Sum: 0, Workers: 1
[1.090s][debug][gc,phases         ] GC(85)     Total                          Min: 4, Avg:  4.0, Max: 4, Diff: 0, Sum: 4, Workers: 1
[1.090s][debug][gc,phases         ] GC(85)   ObjectSynchronizer Weak        Min:  0.0, Avg:  0.0, Max:  0.0, Diff:  0.0, Sum:  0.0, Workers: 1
[1.090s][debug][gc,phases         ] GC(85)     Dead                           Min: 0, Avg:  0.0, Max: 0, Diff: 0, Sum: 0, Workers: 1
[1.090s][debug][gc,phases         ] GC(85)     Total                          Min: 4, Avg:  4.0, Max: 4, Diff: 0, Sum: 4, Workers: 1
[1.090s][debug][gc,phases         ] GC(85)   JVMTI Tag Weak OopStorage      Min:  0.0, Avg:  0.0, Max:  0.0, Diff:  0.0, Sum:  0.0, Workers: 1
[1.090s][debug][gc,phases         ] GC(85)     Dead                           Min: 0, Avg:  0.0, Max: 0, Diff: 0, Sum: 0, Workers: 1
[1.090s][debug][gc,phases         ] GC(85)     Total                          Min: 0, Avg:  0.0, Max: 0, Diff: 0, Sum: 0, Workers: 1
[1.090s][debug][gc,phases         ] GC(85)   StringTable Weak               Min:  0.0, Avg:  0.0, Max:  0.0, Diff:  0.0, Sum:  0.0, Workers: 1
[1.090s][debug][gc,phases         ] GC(85)     Dead                           Min: 0, Avg:  0.0, Max: 0, Diff: 0, Sum: 0, Workers: 1
[1.090s][debug][gc,phases         ] GC(85)     Total                          Min: 40, Avg: 40.0, Max: 40, Diff: 0, Sum: 40, Workers: 1
[1.090s][debug][gc,phases         ] GC(85)   ResolvedMethodTable Weak       Min:  0.0, Avg:  0.0, Max:  0.0, Diff:  0.0, Sum:  0.0, Workers: 1
[1.090s][debug][gc,phases         ] GC(85)     Dead                           Min: 0, Avg:  0.0, Max: 0, Diff: 0, Sum: 0, Workers: 1
[1.090s][debug][gc,phases         ] GC(85)     Total                          Min: 22, Avg: 22.0, Max: 22, Diff: 0, Sum: 22, Workers: 1
[1.090s][debug][gc,phases         ] GC(85)   JNI Weak                       Min:  0.0, Avg:  0.0, Max:  0.0, Diff:  0.0, Sum:  0.0, Workers: 1
[1.090s][debug][gc,phases         ] GC(85)     Dead                           Min: 0, Avg:  0.0, Max: 0, Diff: 0, Sum: 0, Workers: 1
[1.090s][debug][gc,phases         ] GC(85)     Total                          Min: 0, Avg:  0.0, Max: 0, Diff: 0, Sum: 0, Workers: 1
[1.090s][debug][gc,phases         ] GC(85)   StringDedup Table Weak         Min:  0.0, Avg:  0.0, Max:  0.0, Diff:  0.0, Sum:  0.0, Workers: 1
[1.090s][debug][gc,phases         ] GC(85)     Dead                           Min: 0, Avg:  0.0, Max: 0, Diff: 0, Sum: 0, Workers: 1
[1.090s][debug][gc,phases         ] GC(85)     Total                          Min: 0, Avg:  0.0, Max: 0, Diff: 0, Sum: 0, Workers: 1
[1.090s][debug][gc,phases         ] GC(85)   StringDedup Requests0 Weak     Min:  0.0, Avg:  0.0, Max:  0.0, Diff:  0.0, Sum:  0.0, Workers: 1
[1.090s][debug][gc,phases         ] GC(85)     Dead                           Min: 0, Avg:  0.0, Max: 0, Diff: 0, Sum: 0, Workers: 1
[1.091s][debug][gc,phases         ] GC(85)     Total                          Min: 0, Avg:  0.0, Max: 0, Diff: 0, Sum: 0, Workers: 1
[1.091s][debug][gc,phases         ] GC(85)   StringDedup Requests1 Weak     Min:  0.0, Avg:  0.0, Max:  0.0, Diff:  0.0, Sum:  0.0, Workers: 1
[1.091s][debug][gc,phases         ] GC(85)     Dead                           Min: 0, Avg:  0.0, Max: 0, Diff: 0, Sum: 0, Workers: 1
[1.091s][debug][gc,phases         ] GC(85)     Total                          Min: 0, Avg:  0.0, Max: 0, Diff: 0, Sum: 0, Workers: 1
[1.091s][debug][gc,phases         ] GC(85)   Weak JFR Old Object Samples    Min:  0.0, Avg:  0.0, Max:  0.0, Diff:  0.0, Sum:  0.0, Workers: 1
[1.091s][debug][gc,phases         ] GC(85)     Dead                           Min: 0, Avg:  0.0, Max: 0, Diff: 0, Sum: 0, Workers: 1
[1.091s][debug][gc,phases         ] GC(85)     Total                          Min: 0, Avg:  0.0, Max: 0, Diff: 0, Sum: 0, Workers: 1
[1.091s][debug][gc,phases         ] GC(85) Weak Processing 0.166ms
[1.091s][debug][gc,phases,start   ] GC(85) Class Unloading
[1.091s][debug][gc,phases,start   ] GC(85) ClassLoaderData
[1.091s][debug][gc,phases         ] GC(85) ClassLoaderData 0.004ms
[1.091s][debug][gc,phases,start   ] GC(85) Trigger cleanups
[1.091s][debug][gc,phases         ] GC(85) Trigger cleanups 0.003ms
[1.091s][debug][gc,phases         ] GC(85) Class Unloading 0.169ms
[1.091s][debug][gc,phases,start   ] GC(85) Flush Task Caches
[1.091s][debug][gc,stats          ] Mark stats cache hits 26373 misses 0 ratio 100.000
[1.091s][debug][gc,phases         ] GC(85) Flush Task Caches 0.027ms
[1.091s][debug][gc,phases,start   ] GC(85) Update Remembered Set Tracking Before Rebuild
[1.091s][debug][gc,ergo           ] GC(85) Running G1 Update RemSet Tracking Before Rebuild using 1 workers for 256 regions in heap
[1.091s][debug][gc,remset,tracking] GC(85) Remembered Set Tracking update regions total 256, selected 94
[1.091s][debug][gc,phases         ] GC(85) Update Remembered Set Tracking Before Rebuild 0.074ms
[1.091s][debug][gc,phases,start   ] GC(85) Reclaim Empty Regions
[1.091s][debug][gc,phases         ] GC(85) Reclaim Empty Regions 0.151ms
[1.091s][debug][gc,phases,start   ] GC(85) Purge Metaspace
[1.091s][debug][gc,phases         ] GC(85) Purge Metaspace 0.004ms
[1.091s][debug][gc,phases,start   ] GC(85) Report Object Count
[1.091s][debug][gc,phases         ] GC(85) Report Object Count 0.004ms
[1.091s][debug][gc,mmu            ] GC(85) MMU: 7.5ms (50.0ms/51.0ms)
[1.091s][info ][gc                ] GC(85) Pause Remark 243M->243M(256M) 1.383ms
[1.091s][info ][gc,cpu            ] GC(85) User=0.00s Sys=0.00s Real=0.00s
[1.091s][info ][gc,marking        ] GC(85) Concurrent Mark 3.292ms
[1.091s][info ][gc,marking        ] GC(85) Concurrent Rebuild Remembered Sets
[1.091s][debug][gc,heap           ] GC(86) Heap before GC invocations=77 (full 17):
[1.091s][debug][gc,heap           ] GC(86)  garbage-first heap   total 262144K, used 248607K [0x00000000f0000000, 0x0000000100000000)
[1.091s][debug][gc,heap           ] GC(86)   region size 1024K, 2 young (2048K), 1 survivors (1024K)
[1.091s][debug][gc,heap           ] GC(86)  Metaspace       used 136K, committed 320K, reserved 1114112K
[1.091s][debug][gc,heap           ] GC(86)   class space    used 5K, committed 128K, reserved 1048576K
[1.091s][info ][gc,start          ] GC(86) Pause Young (Normal) (G1 Evacuation Pause)
[1.091s][info ][gc,task           ] GC(86) Using 12 workers of 13 for evacuation
[1.091s][debug][gc,tlab           ] GC(86) TLAB totals: thrds: 5  refills: 5 max: 1 slow allocs: 8 max 2 waste: 39.4% gc: 213096B max: 43104B slow: 0B max: 0B
[1.091s][debug][gc,age            ] GC(86) Desired survivor size 1048576 bytes, new threshold 15 (max threshold 15)
[1.091s][debug][gc,refine,stats   ] GC(86) Mutator refinement: 0.00ms, refined: 0, precleaned: 0, dirtied: 6
[1.091s][debug][gc,refine,stats   ] GC(86) Concurrent refinement: 0.00ms, refined: 0, precleaned: 0, dirtied: 0
[1.091s][debug][gc,refine,stats   ] GC(86) Total refinement: 0.00ms, refined: 0, precleaned: 0, dirtied: 6
[1.091s][debug][gc,refine,stats   ] GC(86) Generate dirty cards rate: 2.20 cards/ms
[1.091s][debug][gc,alloc,region   ] GC(86) Mutator Allocation stats, regions: 1, wasted size: 0B ( 0.0%)
[1.091s][debug][gc,humongous      ] GC(86) Humongous region 0 (object size 1048592 @ 0x00000000f0000000) remset 0 code roots 0 marked 1 reclaim candidate 0 type array 1
[1.091s][debug][gc,humongous      ] GC(86) Humongous region 2 (object size 1048592 @ 0x00000000f0200000) remset 0 code roots 0 marked 1 reclaim candidate 0 type array 1
[1.091s][debug][gc,humongous      ] GC(86) Humongous region 22 (object size 1048592 @ 0x00000000f1600000) remset 0 code roots 0 marked 1 reclaim candidate 0 type array 1
[1.091s][debug][gc,humongous      ] GC(86) Humongous region 42 (object size 1048592 @ 0x00000000f2a00000) remset 0 code roots 0 marked 1 reclaim candidate 0 type array 1
[1.091s][debug][gc,humongous      ] GC(86) Humongous region 64 (object size 1048592 @ 0x00000000f4000000) remset 0 code roots 0 marked 1 reclaim candidate 0 type array 1
[1.091s][debug][gc,humongous      ] GC(86) Humongous region 83 (object size 1048592 @ 0x00000000f5300000) remset 0 code roots 0 marked 1 reclaim candidate 0 type array 1
[1.091s][debug][gc,humongous      ] GC(86) Humongous region 203 (object size 1048592 @ 0x00000000fcb00000) remset 0 code roots 0 marked 1 reclaim candidate 0 type array 1
[1.091s][debug][gc,humongous      ] GC(86) Humongous region 216 (object size 10485776 @ 0x00000000fd800000) remset 0 code roots 0 marked 1 reclaim candidate 0 type array 1
[1.091s][debug][gc,humongous      ] GC(86) Humongous region 244 (object size 1048592 @ 0x00000000ff400000) remset 0 code roots 0 marked 1 reclaim candidate 0 type array 1
[1.091s][debug][gc,humongous      ] GC(86) Humongous region 8 (object size 1048592 @ 0x00000000f0800000) remset 0 code roots 0 marked 1 reclaim candidate 0 type array 1
[1.091s][debug][gc,humongous      ] GC(86) Humongous region 10 (object size 1048592 @ 0x00000000f0a00000) remset 0 code roots 0 marked 1 reclaim candidate 0 type array 1
[1.091s][debug][gc,humongous      ] GC(86) Humongous region 126 (object size 1048592 @ 0x00000000f7e00000) remset 0 code roots 0 marked 1 reclaim candidate 0 type array 1
[1.091s][debug][gc,humongous      ] GC(86) Humongous region 159 (object size 10485776 @ 0x00000000f9f00000) remset 0 code roots 0 marked 1 reclaim candidate 0 type array 1
[1.091s][debug][gc,humongous      ] GC(86) Humongous region 18 (object size 1048592 @ 0x00000000f1200000) remset 0 code roots 0 marked 1 reclaim candidate 0 type array 1
[1.091s][debug][gc,humongous      ] GC(86) Humongous region 238 (object size 1048592 @ 0x00000000fee00000) remset 0 code roots 0 marked 1 reclaim candidate 0 type array 1
[1.091s][debug][gc,humongous      ] GC(86) Humongous region 26 (object size 1048592 @ 0x00000000f1a00000) remset 0 code roots 0 marked 1 reclaim candidate 0 type array 1
[1.091s][debug][gc,humongous      ] GC(86) Humongous region 249 (object size 1048592 @ 0x00000000ff900000) remset 0 code roots 0 marked 1 reclaim candidate 0 type array 1
[1.091s][debug][gc,humongous      ] GC(86) Humongous region 4 (object size 1048592 @ 0x00000000f0400000) remset 0 code roots 0 marked 1 reclaim candidate 0 type array 1
[1.091s][debug][gc,humongous      ] GC(86) Humongous region 32 (object size 1048592 @ 0x00000000f2000000) remset 0 code roots 0 marked 1 reclaim candidate 0 type array 1
[1.091s][debug][gc,humongous      ] GC(86) Humongous region 34 (object size 1048592 @ 0x00000000f2200000) remset 0 code roots 0 marked 1 reclaim candidate 0 type array 1
[1.091s][debug][gc,humongous      ] GC(86) Humongous region 12 (object size 1048592 @ 0x00000000f0c00000) remset 0 code roots 0 marked 1 reclaim candidate 0 type array 1
[1.091s][debug][gc,humongous      ] GC(86) Humongous region 14 (object size 1048592 @ 0x00000000f0e00000) remset 0 code roots 0 marked 1 reclaim candidate 0 type array 1
[1.091s][debug][gc,humongous      ] GC(86) Humongous region 24 (object size 1048592 @ 0x00000000f1800000) remset 0 code roots 0 marked 1 reclaim candidate 0 type array 1
[1.091s][debug][gc,humongous      ] GC(86) Humongous region 16 (object size 1048592 @ 0x00000000f1000000) remset 0 code roots 0 marked 1 reclaim candidate 0 type array 1
[1.091s][debug][gc,humongous      ] GC(86) Humongous region 20 (object size 1048592 @ 0x00000000f1400000) remset 0 code roots 0 marked 1 reclaim candidate 0 type array 1
[1.091s][debug][gc,humongous      ] GC(86) Humongous region 28 (object size 1048592 @ 0x00000000f1c00000) remset 0 code roots 0 marked 1 reclaim candidate 0 type array 1
[1.091s][debug][gc,humongous      ] GC(86) Humongous region 30 (object size 1048592 @ 0x00000000f1e00000) remset 0 code roots 0 marked 1 reclaim candidate 0 type array 1
[1.091s][debug][gc,humongous      ] GC(86) Humongous region 6 (object size 1048592 @ 0x00000000f0600000) remset 0 code roots 0 marked 1 reclaim candidate 0 type array 1
[1.091s][debug][gc,humongous      ] GC(86) Humongous region 85 (object size 10485776 @ 0x00000000f5500000) remset 0 code roots 0 marked 1 reclaim candidate 0 type array 1
[1.092s][debug][gc,humongous      ] GC(86) Humongous region 36 (object size 1048592 @ 0x00000000f2400000) remset 0 code roots 0 marked 1 reclaim candidate 0 type array 1
[1.092s][debug][gc,humongous      ] GC(86) Humongous region 38 (object size 1048592 @ 0x00000000f2600000) remset 0 code roots 0 marked 1 reclaim candidate 0 type array 1
[1.091s][debug][gc,humongous      ] GC(86) Humongous region 60 (object size 1048592 @ 0x00000000f3c00000) remset 0 code roots 0 marked 1 reclaim candidate 0 type array 1
[1.092s][debug][gc,ergo           ] GC(86) Running G1 Merge Heap Roots using 12 workers for 2 regions
[1.092s][debug][gc,remset         ] GC(86) Visited cards 128 Total dirty 4096 (3.12%) Total old 528384 (0.02%)
[1.092s][debug][gc,ergo,heap      ] GC(86) Attempt heap expansion (region allocation request failed). Allocation request: 65552B
[1.092s][debug][gc,ergo,heap      ] GC(86) Did not expand the heap (heap already fully expanded)
[1.092s][debug][gc,ref            ] GC(86) Skipped phase 1 of Reference Processing: no references
[1.092s][debug][gc,ref            ] GC(86) Skipped phase 2 of Reference Processing: no references
[1.092s][debug][gc,ref            ] GC(86) Skipped phase 3 of Reference Processing: no references
[1.092s][debug][gc,ref            ] GC(86) Skipped phase 4 of Reference Processing: no references
[1.092s][debug][gc,ergo           ] GC(86) Running G1 Rebuild Free List Task using 12 workers for rebuilding free list of regions
[1.093s][debug][gc,plab           ] GC(86) Young PLAB allocation: allocated: 0B, wasted: 0B, unused: 0B, used: 0B, undo waste: 0B, 
[1.093s][debug][gc,plab           ] GC(86) Young other allocation: region end waste: 0B, regions filled: 0, direct allocated: 0B, failure used: 0B, failure wasted: 0B
[1.093s][debug][gc,plab           ] GC(86) Young sizing: calculated: 0B, actual: 2064B
[1.093s][debug][gc,plab           ] GC(86) Old PLAB allocation: allocated: 0B, wasted: 0B, unused: 0B, used: 0B, undo waste: 0B, 
[1.093s][debug][gc,plab           ] GC(86) Old other allocation: region end waste: 0B, regions filled: 0, direct allocated: 0B, failure used: 1573248B, failure wasted: 523904B
[1.093s][debug][gc,plab           ] GC(86) Old sizing: calculated: 0B, actual: 2064B
[1.093s][debug][gc,ergo,heap      ] GC(86) Heap expansion: short term pause time ratio 35.19% long term pause time ratio 7.92% threshold 7.69% pause time ratio 7.69% fully expanded true resize by 0B
[1.093s][debug][gc,mmu            ] GC(86) MMU: 9.0ms (50.0ms/51.0ms)
[1.093s][debug][gc,alloc,stats    ] Old generation allocation in the last mutator period, old gen allocated: 2097152B, humongous allocated: 0B,old gen growth: 2097152B.
[1.093s][debug][gc,ihop           ] GC(86) Basic information (value update), threshold: 201423143B (75.04), target occupancy: 268435456B, current occupancy: 255573592B, recent allocation size: 2097152B, recent allocation duration: 2.72ms, recent old gen allocation rate: 770087942.30B/s, recent marking phase length: 9.93ms
[1.093s][debug][gc,ihop           ] GC(86) Adaptive IHOP information (value update), threshold: 201423143B (88.28), internal target occupancy: 228170137B, occupancy: 255573592B, additional buffer size: 12582912B, predicted old gen allocation rate: 269809822.56B/s, predicted marking phase length: 52.50ms, prediction active: true
[1.093s][debug][gc,ergo,refine    ] GC(86) Concurrent refinement times: Logged Cards Scan time goal: 5.00ms Logged Cards Scan time: 0.00ms HCC time: 0.00ms
[1.093s][debug][gc,ergo,refine    ] GC(86) Updated Refinement Zones: green: 3328, yellow: 9984, red: 16640
[1.093s][info ][gc                ] GC(86) To-space exhausted
[1.093s][info ][gc,phases         ] GC(86)   Pre Evacuate Collection Set: 0.5ms
[1.093s][debug][gc,phases         ] GC(86)     Prepare TLABs: 0.0ms
[1.093s][debug][gc,phases         ] GC(86)     Concatenate Dirty Card Logs: 0.0ms
[1.093s][debug][gc,phases         ] GC(86)     Choose Collection Set: 0.0ms
[1.093s][debug][gc,phases         ] GC(86)     Region Register: 0.4ms
[1.093s][debug][gc,phases         ] GC(86)     Prepare Heap Roots: 0.0ms
[1.093s][info ][gc,phases         ] GC(86)   Merge Heap Roots: 0.2ms
[1.093s][debug][gc,phases         ] GC(86)     Prepare Merge Heap Roots: 0.0ms
[1.093s][debug][gc,phases         ] GC(86)     Eager Reclaim (ms):            skipped
[1.093s][debug][gc,phases         ] GC(86)     Remembered Sets (ms):          Min:  0.0, Avg:  0.0, Max:  0.0, Diff:  0.0, Sum:  0.0, Workers: 12
[1.093s][debug][gc,phases         ] GC(86)       Merged Sparse:                 Min: 0, Avg:  0.0, Max: 0, Diff: 0, Sum: 0, Workers: 12
[1.093s][debug][gc,phases         ] GC(86)       Merged Fine:                   Min: 0, Avg:  0.0, Max: 0, Diff: 0, Sum: 0, Workers: 12
[1.093s][debug][gc,phases         ] GC(86)       Merged Coarse:                 Min: 0, Avg:  0.0, Max: 0, Diff: 0, Sum: 0, Workers: 12
[1.093s][debug][gc,phases         ] GC(86)       Dirty Cards:                   Min: 0, Avg:  0.0, Max: 0, Diff: 0, Sum: 0, Workers: 12
[1.093s][debug][gc,phases         ] GC(86)     Hot Card Cache (ms):           Min:  0.0, Avg:  0.0, Max:  0.0, Diff:  0.0, Sum:  0.0, Workers: 12
[1.093s][debug][gc,phases         ] GC(86)       Dirty Cards:                   Min: 0, Avg:  0.0, Max: 0, Diff: 0, Sum: 0, Workers: 12
[1.093s][debug][gc,phases         ] GC(86)       Skipped Cards:                 Min: 0, Avg:  0.0, Max: 0, Diff: 0, Sum: 0, Workers: 12
[1.093s][debug][gc,phases         ] GC(86)     Log Buffers (ms):              Min:  0.0, Avg:  0.0, Max:  0.0, Diff:  0.0, Sum:  0.0, Workers: 12
[1.093s][debug][gc,phases         ] GC(86)       Dirty Cards:                   Min: 0, Avg:  0.2, Max: 3, Diff: 3, Sum: 3, Workers: 12
[1.093s][debug][gc,phases         ] GC(86)       Skipped Cards:                 Min: 0, Avg:  0.0, Max: 0, Diff: 0, Sum: 0, Workers: 12
[1.093s][info ][gc,phases         ] GC(86)   Evacuate Collection Set: 0.4ms
[1.093s][debug][gc,phases         ] GC(86)     Ext Root Scanning (ms):        Min:  0.0, Avg:  0.0, Max:  0.1, Diff:  0.1, Sum:  0.2, Workers: 12
[1.093s][debug][gc,phases         ] GC(86)     Scan Heap Roots (ms):          Min:  0.0, Avg:  0.0, Max:  0.0, Diff:  0.0, Sum:  0.0, Workers: 12
[1.093s][debug][gc,phases         ] GC(86)       Scanned Cards:                 Min: 0, Avg:  0.7, Max: 4, Diff: 4, Sum: 8, Workers: 12
[1.093s][debug][gc,phases         ] GC(86)       Scanned Blocks:                Min: 0, Avg:  0.4, Max: 3, Diff: 3, Sum: 5, Workers: 12
[1.093s][debug][gc,phases         ] GC(86)       Claimed Chunks:                Min: 0, Avg:  0.3, Max: 3, Diff: 3, Sum: 4, Workers: 12
[1.093s][debug][gc,phases         ] GC(86)     Code Root Scan (ms):           Min:  0.0, Avg:  0.0, Max:  0.0, Diff:  0.0, Sum:  0.0, Workers: 12
[1.093s][debug][gc,phases         ] GC(86)     Object Copy (ms):              Min:  0.0, Avg:  0.0, Max:  0.1, Diff:  0.1, Sum:  0.2, Workers: 12
[1.093s][debug][gc,phases         ] GC(86)     Termination (ms):              Min:  0.1, Avg:  0.2, Max:  0.2, Diff:  0.1, Sum:  2.3, Workers: 12
[1.093s][debug][gc,phases         ] GC(86)       Termination Attempts:          Min: 1, Avg:  1.0, Max: 1, Diff: 0, Sum: 12, Workers: 12
[1.093s][debug][gc,phases         ] GC(86)     GC Worker Other (ms):          Min:  0.0, Avg:  0.0, Max:  0.0, Diff:  0.0, Sum:  0.0, Workers: 12
[1.093s][debug][gc,phases         ] GC(86)     GC Worker Total (ms):          Min:  0.1, Avg:  0.2, Max:  0.3, Diff:  0.2, Sum:  2.8, Workers: 12
[1.093s][info ][gc,phases         ] GC(86)   Post Evacuate Collection Set: 0.4ms
[1.093s][debug][gc,phases         ] GC(86)     Code Roots Fixup: 0.0ms
[1.093s][debug][gc,phases         ] GC(86)     Reference Processing: 0.0ms
[1.093s][debug][gc,phases,ref     ] GC(86)       Reconsider SoftReferences: 0.0ms
[1.093s][debug][gc,phases,ref     ] GC(86)         SoftRef (ms):                  skipped
[1.093s][debug][gc,phases,ref     ] GC(86)       Notify Soft/WeakReferences: 0.0ms
[1.093s][debug][gc,phases,ref     ] GC(86)         SoftRef (ms):                  skipped
[1.093s][debug][gc,phases,ref     ] GC(86)         WeakRef (ms):                  skipped
[1.093s][debug][gc,phases,ref     ] GC(86)         FinalRef (ms):                 skipped
[1.093s][debug][gc,phases,ref     ] GC(86)         Total (ms):                    skipped
[1.093s][debug][gc,phases,ref     ] GC(86)       Notify and keep alive finalizable: 0.0ms
[1.093s][debug][gc,phases,ref     ] GC(86)         FinalRef (ms):                 skipped
[1.093s][debug][gc,phases,ref     ] GC(86)       Notify PhantomReferences: 0.0ms
[1.093s][debug][gc,phases,ref     ] GC(86)         PhantomRef (ms):               skipped
[1.093s][debug][gc,phases,ref     ] GC(86)       SoftReference:
[1.093s][debug][gc,phases,ref     ] GC(86)         Discovered: 0
[1.093s][debug][gc,phases,ref     ] GC(86)         Cleared: 0
[1.093s][debug][gc,phases,ref     ] GC(86)       WeakReference:
[1.093s][debug][gc,phases,ref     ] GC(86)         Discovered: 0
[1.093s][debug][gc,phases,ref     ] GC(86)         Cleared: 0
[1.093s][debug][gc,phases,ref     ] GC(86)       FinalReference:
[1.093s][debug][gc,phases,ref     ] GC(86)         Discovered: 0
[1.093s][debug][gc,phases,ref     ] GC(86)         Cleared: 0
[1.093s][debug][gc,phases,ref     ] GC(86)       PhantomReference:
[1.093s][debug][gc,phases,ref     ] GC(86)         Discovered: 0
[1.093s][debug][gc,phases,ref     ] GC(86)         Cleared: 0
[1.093s][debug][gc,phases         ] GC(86)     Weak Processing: 0.0ms
[1.093s][debug][gc,phases         ] GC(86)       VM Weak                        Min:  0.0, Avg:  0.0, Max:  0.0, Diff:  0.0, Sum:  0.0, Workers: 1
[1.093s][debug][gc,phases         ] GC(86)         Dead                           Min: 0, Avg:  0.0, Max: 0, Diff: 0, Sum: 0, Workers: 1
[1.093s][debug][gc,phases         ] GC(86)         Total                          Min: 4, Avg:  4.0, Max: 4, Diff: 0, Sum: 4, Workers: 1
[1.093s][debug][gc,phases         ] GC(86)       ObjectSynchronizer Weak        Min:  0.0, Avg:  0.0, Max:  0.0, Diff:  0.0, Sum:  0.0, Workers: 1
[1.093s][debug][gc,phases         ] GC(86)         Dead                           Min: 0, Avg:  0.0, Max: 0, Diff: 0, Sum: 0, Workers: 1
[1.093s][debug][gc,phases         ] GC(86)         Total                          Min: 4, Avg:  4.0, Max: 4, Diff: 0, Sum: 4, Workers: 1
[1.093s][debug][gc,phases         ] GC(86)       JVMTI Tag Weak OopStorage      Min:  0.0, Avg:  0.0, Max:  0.0, Diff:  0.0, Sum:  0.0, Workers: 1
[1.093s][debug][gc,phases         ] GC(86)         Dead                           Min: 0, Avg:  0.0, Max: 0, Diff: 0, Sum: 0, Workers: 1
[1.093s][debug][gc,phases         ] GC(86)         Total                          Min: 0, Avg:  0.0, Max: 0, Diff: 0, Sum: 0, Workers: 1
[1.093s][debug][gc,phases         ] GC(86)       StringTable Weak               Min:  0.0, Avg:  0.0, Max:  0.0, Diff:  0.0, Sum:  0.0, Workers: 1
[1.093s][debug][gc,phases         ] GC(86)         Dead                           Min: 0, Avg:  0.0, Max: 0, Diff: 0, Sum: 0, Workers: 1
[1.093s][debug][gc,phases         ] GC(86)         Total                          Min: 40, Avg: 40.0, Max: 40, Diff: 0, Sum: 40, Workers: 1
[1.093s][debug][gc,phases         ] GC(86)       ResolvedMethodTable Weak       Min:  0.0, Avg:  0.0, Max:  0.0, Diff:  0.0, Sum:  0.0, Workers: 1
[1.093s][debug][gc,phases         ] GC(86)         Dead                           Min: 0, Avg:  0.0, Max: 0, Diff: 0, Sum: 0, Workers: 1
[1.093s][debug][gc,phases         ] GC(86)         Total                          Min: 22, Avg: 22.0, Max: 22, Diff: 0, Sum: 22, Workers: 1
[1.093s][debug][gc,phases         ] GC(86)       JNI Weak                       Min:  0.0, Avg:  0.0, Max:  0.0, Diff:  0.0, Sum:  0.0, Workers: 1
[1.093s][debug][gc,phases         ] GC(86)         Dead                           Min: 0, Avg:  0.0, Max: 0, Diff: 0, Sum: 0, Workers: 1
[1.093s][debug][gc,phases         ] GC(86)         Total                          Min: 0, Avg:  0.0, Max: 0, Diff: 0, Sum: 0, Workers: 1
[1.093s][debug][gc,phases         ] GC(86)       StringDedup Table Weak         Min:  0.0, Avg:  0.0, Max:  0.0, Diff:  0.0, Sum:  0.0, Workers: 1
[1.093s][debug][gc,phases         ] GC(86)         Dead                           Min: 0, Avg:  0.0, Max: 0, Diff: 0, Sum: 0, Workers: 1
[1.093s][debug][gc,phases         ] GC(86)         Total                          Min: 0, Avg:  0.0, Max: 0, Diff: 0, Sum: 0, Workers: 1
[1.093s][debug][gc,phases         ] GC(86)       StringDedup Requests0 Weak     Min:  0.0, Avg:  0.0, Max:  0.0, Diff:  0.0, Sum:  0.0, Workers: 1
[1.093s][debug][gc,phases         ] GC(86)         Dead                           Min: 0, Avg:  0.0, Max: 0, Diff: 0, Sum: 0, Workers: 1
[1.093s][debug][gc,phases         ] GC(86)         Total                          Min: 0, Avg:  0.0, Max: 0, Diff: 0, Sum: 0, Workers: 1
[1.093s][debug][gc,phases         ] GC(86)       StringDedup Requests1 Weak     Min:  0.0, Avg:  0.0, Max:  0.0, Diff:  0.0, Sum:  0.0, Workers: 1
[1.093s][debug][gc,phases         ] GC(86)         Dead                           Min: 0, Avg:  0.0, Max: 0, Diff: 0, Sum: 0, Workers: 1
[1.093s][debug][gc,phases         ] GC(86)         Total                          Min: 0, Avg:  0.0, Max: 0, Diff: 0, Sum: 0, Workers: 1
[1.093s][debug][gc,phases         ] GC(86)       Weak JFR Old Object Samples    Min:  0.0, Avg:  0.0, Max:  0.0, Diff:  0.0, Sum:  0.0, Workers: 1
[1.093s][debug][gc,phases         ] GC(86)         Dead                           Min: 0, Avg:  0.0, Max: 0, Diff: 0, Sum: 0, Workers: 1
[1.093s][debug][gc,phases         ] GC(86)         Total                          Min: 0, Avg:  0.0, Max: 0, Diff: 0, Sum: 0, Workers: 1
[1.093s][debug][gc,phases         ] GC(86)     Post Evacuate Cleanup 1: 0.1ms
[1.093s][debug][gc,phases         ] GC(86)       Merge Per-Thread State (ms):   Min:  0.0, Avg:  0.0, Max:  0.0, Diff:  0.0, Sum:  0.0, Workers: 1
[1.093s][debug][gc,phases         ] GC(86)         Copied Bytes                   Min: 0, Avg:  0.0, Max: 0, Diff: 0, Sum: 0, Workers: 12
[1.093s][debug][gc,phases         ] GC(86)         LAB Waste                      Min: 0, Avg:  0.0, Max: 0, Diff: 0, Sum: 0, Workers: 12
[1.093s][debug][gc,phases         ] GC(86)         LAB Undo Waste                 Min: 0, Avg:  0.0, Max: 0, Diff: 0, Sum: 0, Workers: 12
[1.093s][debug][gc,phases         ] GC(86)       Clear Logged Cards (ms):       Min:  0.0, Avg:  0.0, Max:  0.0, Diff:  0.0, Sum:  0.0, Workers: 5
[1.093s][debug][gc,phases         ] GC(86)       Recalculate Used Memory (ms):  Min:  0.0, Avg:  0.0, Max:  0.0, Diff:  0.0, Sum:  0.0, Workers: 1
[1.093s][debug][gc,phases         ] GC(86)       Remove Self Forwards (ms):     Min:  0.0, Avg:  0.0, Max:  0.0, Diff:  0.0, Sum:  0.0, Workers: 5
[1.093s][debug][gc,phases         ] GC(86)     Post Evacuate Cleanup 2: 0.1ms
[1.093s][debug][gc,phases         ] GC(86)       Recalculate Used Memory (ms):  Min:  0.0, Avg:  0.0, Max:  0.0, Diff:  0.0, Sum:  0.0, Workers: 1
[1.093s][debug][gc,phases         ] GC(86)       Restore Preserved Marks (ms):  Min:  0.0, Avg:  0.0, Max:  0.0, Diff:  0.0, Sum:  0.0, Workers: 12
[1.093s][debug][gc,phases         ] GC(86)       Reset Hot Card Cache (ms):     Min:  0.0, Avg:  0.0, Max:  0.0, Diff:  0.0, Sum:  0.0, Workers: 1
[1.093s][debug][gc,phases         ] GC(86)       Purge Code Roots (ms):         Min:  0.0, Avg:  0.0, Max:  0.0, Diff:  0.0, Sum:  0.0, Workers: 1
[1.093s][debug][gc,phases         ] GC(86)       Update Derived Pointers (ms):  Min:  0.0, Avg:  0.0, Max:  0.0, Diff:  0.0, Sum:  0.0, Workers: 1
[1.093s][debug][gc,phases         ] GC(86)       Eagerly Reclaim Humongous Objects (ms): Min:  0.0, Avg:  0.0, Max:  0.0, Diff:  0.0, Sum:  0.0, Workers: 1
[1.093s][debug][gc,phases         ] GC(86)         Humongous Total                Min: 32, Avg: 32.0, Max: 32, Diff: 0, Sum: 32, Workers: 1
[1.093s][debug][gc,phases         ] GC(86)         Humongous Candidates           Min: 0, Avg:  0.0, Max: 0, Diff: 0, Sum: 0, Workers: 1
[1.093s][debug][gc,phases         ] GC(86)         Humongous Reclaimed            Min: 0, Avg:  0.0, Max: 0, Diff: 0, Sum: 0, Workers: 1
[1.093s][debug][gc,phases         ] GC(86)       Redirty Logged Cards (ms):     Min:  0.0, Avg:  0.0, Max:  0.0, Diff:  0.0, Sum:  0.0, Workers: 12
[1.093s][debug][gc,phases         ] GC(86)         Redirtied Cards:               Min: 0, Avg:  0.6, Max: 7, Diff: 7, Sum: 7, Workers: 12
[1.093s][debug][gc,phases         ] GC(86)       Free Collection Set (ms):      Min:  0.0, Avg:  0.0, Max:  0.0, Diff:  0.0, Sum:  0.0, Workers: 12
[1.093s][debug][gc,phases         ] GC(86)     Rebuild Free List: 0.1ms
[1.093s][debug][gc,phases         ] GC(86)     Start New Collection Set: 0.0ms
[1.093s][debug][gc,phases         ] GC(86)     Resize TLABs: 0.0ms
[1.093s][debug][gc,phases         ] GC(86)     Expand Heap After Collection: 0.0ms
[1.093s][info ][gc,phases         ] GC(86)   Other: 0.2ms
[1.093s][info ][gc,heap           ] GC(86) Eden regions: 1->0(12)
[1.093s][info ][gc,heap           ] GC(86) Survivor regions: 1->0(0)
[1.093s][info ][gc,heap           ] GC(86) Old regions: 161->163
[1.093s][info ][gc,heap           ] GC(86) Archive regions: 2->2
[1.093s][info ][gc,heap           ] GC(86) Humongous regions: 91->91
[1.093s][info ][gc,metaspace      ] GC(86) Metaspace: 136K(320K)->136K(320K) NonClass: 131K(192K)->131K(192K) Class: 5K(128K)->5K(128K)
[1.093s][debug][gc,heap           ] GC(86) Heap after GC invocations=78 (full 17):
[1.093s][debug][gc,heap           ] GC(86)  garbage-first heap   total 262144K, used 249583K [0x00000000f0000000, 0x0000000100000000)
[1.093s][debug][gc,heap           ] GC(86)   region size 1024K, 0 young (0K), 0 survivors (0K)
[1.093s][debug][gc,heap           ] GC(86)  Metaspace       used 136K, committed 320K, reserved 1114112K
[1.093s][debug][gc,heap           ] GC(86)   class space    used 5K, committed 128K, reserved 1048576K
[1.093s][info ][gc                ] GC(86) Pause Young (Normal) (G1 Evacuation Pause) 243M->243M(256M) 2.064ms
[1.093s][info ][gc,cpu            ] GC(86) User=0.01s Sys=0.00s Real=0.01s
[1.093s][debug][gc,ergo,heap      ] Attempt heap expansion (allocation request failed). Allocation request: 65552B
[1.093s][debug][gc,ergo,heap      ] Expand the heap. requested expansion amount: 1048576B expansion amount: 1048576B
[1.093s][debug][gc,ergo,heap      ] Did not expand the heap (heap already fully expanded)
[1.093s][info ][gc,ergo           ] Attempting full compaction
[1.093s][debug][gc,task           ] GC(87) Requesting 9 active workers for full compaction (waste limited workers: 13, adaptive workers: 9, used limited workers: 256)
[1.093s][info ][gc,task           ] GC(87) Using 9 workers of 13 for full compaction
[1.093s][info ][gc,start          ] GC(87) Pause Full (G1 Compaction Pause)
[1.093s][debug][gc,heap           ] GC(87) Heap before GC invocations=78 (full 17):
[1.093s][debug][gc,heap           ] GC(87)  garbage-first heap   total 262144K, used 249583K [0x00000000f0000000, 0x0000000100000000)
[1.093s][debug][gc,heap           ] GC(87)   region size 1024K, 0 young (0K), 0 survivors (0K)
[1.093s][debug][gc,heap           ] GC(87)  Metaspace       used 136K, committed 320K, reserved 1114112K
[1.093s][debug][gc,heap           ] GC(87)   class space    used 5K, committed 128K, reserved 1048576K
[1.093s][debug][gc,start          ] GC(87) Clear Next Bitmap
[1.093s][debug][gc,ergo           ] GC(87) Running G1 Clear Bitmap with 4 workers for 4 work units.
[1.094s][debug][gc                ] GC(87) Clear Next Bitmap 0.184ms
[1.094s][debug][gc,alloc,region   ] GC(87) Mutator Allocation stats, regions: 0, wasted size: 0B ( 0.0%)
[1.094s][info ][gc,phases,start   ] GC(87) Phase 1: Mark live objects
[1.095s][debug][gc,phases,start   ] GC(87) Phase 1: Reference Processing
[1.095s][debug][gc,ref            ] GC(87) Skipped phase 1 of Reference Processing: no references
[1.095s][debug][gc,ref            ] GC(87) ReferenceProcessor::execute queues: 1, RefProcThreadModel::Single, marks_oops_alive: false
[1.095s][debug][gc,ref            ] GC(87) Skipped phase 3 of Reference Processing: no references
[1.095s][debug][gc,ref            ] GC(87) Skipped phase 4 of Reference Processing: no references
[1.095s][debug][gc,phases,ref     ] GC(87) Reference Processing: 0.0ms
[1.095s][debug][gc,phases,ref     ] GC(87)   Reconsider SoftReferences: 0.0ms
[1.095s][debug][gc,phases,ref     ] GC(87)     SoftRef (ms):                  skipped
[1.095s][debug][gc,phases,ref     ] GC(87)   Notify Soft/WeakReferences: 0.0ms
[1.095s][debug][gc,phases,ref     ] GC(87)     SoftRef (ms):                  Min:  0.0, Avg:  0.0, Max:  0.0, Diff:  0.0, Sum:  0.0, Workers: 13
[1.095s][debug][gc,phases,ref     ] GC(87)     WeakRef (ms):                  Min:  0.0, Avg:  0.0, Max:  0.0, Diff:  0.0, Sum:  0.0, Workers: 13
[1.095s][debug][gc,phases,ref     ] GC(87)     FinalRef (ms):                 Min:  0.0, Avg:  0.0, Max:  0.0, Diff:  0.0, Sum:  0.0, Workers: 13
[1.095s][debug][gc,phases,ref     ] GC(87)     Total (ms):                    Min:  0.0, Avg:  0.0, Max:  0.0, Diff:  0.0, Sum:  0.0, Workers: 13
[1.095s][debug][gc,phases,ref     ] GC(87)   Notify and keep alive finalizable: 0.0ms
[1.095s][debug][gc,phases,ref     ] GC(87)     FinalRef (ms):                 skipped
[1.095s][debug][gc,phases,ref     ] GC(87)   Notify PhantomReferences: 0.0ms
[1.095s][debug][gc,phases,ref     ] GC(87)     PhantomRef (ms):               skipped
[1.095s][debug][gc,phases,ref     ] GC(87)   SoftReference:
[1.095s][debug][gc,phases,ref     ] GC(87)     Discovered: 0
[1.095s][debug][gc,phases,ref     ] GC(87)     Cleared: 0
[1.095s][debug][gc,phases,ref     ] GC(87)   WeakReference:
[1.095s][debug][gc,phases,ref     ] GC(87)     Discovered: 18
[1.095s][debug][gc,phases,ref     ] GC(87)     Cleared: 18
[1.095s][debug][gc,phases,ref     ] GC(87)   FinalReference:
[1.095s][debug][gc,phases,ref     ] GC(87)     Discovered: 0
[1.095s][debug][gc,phases,ref     ] GC(87)     Cleared: 0
[1.095s][debug][gc,phases,ref     ] GC(87)   PhantomReference:
[1.095s][debug][gc,phases,ref     ] GC(87)     Discovered: 0
[1.095s][debug][gc,phases,ref     ] GC(87)     Cleared: 0
[1.095s][debug][gc,phases         ] GC(87) Phase 1: Reference Processing 0.139ms
[1.095s][debug][gc,phases,start   ] GC(87) Phase 1: Weak Processing
[1.095s][debug][gc,phases         ] GC(87)   VM Weak                        Min:  0.0, Avg:  0.0, Max:  0.0, Diff:  0.0, Sum:  0.0, Workers: 1
[1.095s][debug][gc,phases         ] GC(87)     Dead                           Min: 0, Avg:  0.0, Max: 0, Diff: 0, Sum: 0, Workers: 1
[1.095s][debug][gc,phases         ] GC(87)     Total                          Min: 4, Avg:  4.0, Max: 4, Diff: 0, Sum: 4, Workers: 1
[1.095s][debug][gc,phases         ] GC(87)   ObjectSynchronizer Weak        Min:  0.0, Avg:  0.0, Max:  0.0, Diff:  0.0, Sum:  0.0, Workers: 1
[1.095s][debug][gc,phases         ] GC(87)     Dead                           Min: 0, Avg:  0.0, Max: 0, Diff: 0, Sum: 0, Workers: 1
[1.095s][debug][gc,phases         ] GC(87)     Total                          Min: 4, Avg:  4.0, Max: 4, Diff: 0, Sum: 4, Workers: 1
[1.095s][debug][gc,phases         ] GC(87)   JVMTI Tag Weak OopStorage      Min:  0.0, Avg:  0.0, Max:  0.0, Diff:  0.0, Sum:  0.0, Workers: 1
[1.095s][debug][gc,phases         ] GC(87)     Dead                           Min: 0, Avg:  0.0, Max: 0, Diff: 0, Sum: 0, Workers: 1
[1.095s][debug][gc,phases         ] GC(87)     Total                          Min: 0, Avg:  0.0, Max: 0, Diff: 0, Sum: 0, Workers: 1
[1.095s][debug][gc,phases         ] GC(87)   StringTable Weak               Min:  0.0, Avg:  0.0, Max:  0.0, Diff:  0.0, Sum:  0.0, Workers: 1
[1.095s][debug][gc,phases         ] GC(87)     Dead                           Min: 0, Avg:  0.0, Max: 0, Diff: 0, Sum: 0, Workers: 1
[1.095s][debug][gc,phases         ] GC(87)     Total                          Min: 40, Avg: 40.0, Max: 40, Diff: 0, Sum: 40, Workers: 1
[1.095s][debug][gc,phases         ] GC(87)   ResolvedMethodTable Weak       Min:  0.0, Avg:  0.0, Max:  0.0, Diff:  0.0, Sum:  0.0, Workers: 1
[1.095s][debug][gc,phases         ] GC(87)     Dead                           Min: 0, Avg:  0.0, Max: 0, Diff: 0, Sum: 0, Workers: 1
[1.095s][debug][gc,phases         ] GC(87)     Total                          Min: 22, Avg: 22.0, Max: 22, Diff: 0, Sum: 22, Workers: 1
[1.095s][debug][gc,phases         ] GC(87)   JNI Weak                       Min:  0.0, Avg:  0.0, Max:  0.0, Diff:  0.0, Sum:  0.0, Workers: 1
[1.095s][debug][gc,phases         ] GC(87)     Dead                           Min: 0, Avg:  0.0, Max: 0, Diff: 0, Sum: 0, Workers: 1
[1.095s][debug][gc,phases         ] GC(87)     Total                          Min: 0, Avg:  0.0, Max: 0, Diff: 0, Sum: 0, Workers: 1
[1.095s][debug][gc,phases         ] GC(87)   StringDedup Table Weak         Min:  0.0, Avg:  0.0, Max:  0.0, Diff:  0.0, Sum:  0.0, Workers: 1
[1.095s][debug][gc,phases         ] GC(87)     Dead                           Min: 0, Avg:  0.0, Max: 0, Diff: 0, Sum: 0, Workers: 1
[1.095s][debug][gc,phases         ] GC(87)     Total                          Min: 0, Avg:  0.0, Max: 0, Diff: 0, Sum: 0, Workers: 1
[1.095s][debug][gc,phases         ] GC(87)   StringDedup Requests0 Weak     Min:  0.0, Avg:  0.0, Max:  0.0, Diff:  0.0, Sum:  0.0, Workers: 1
[1.095s][debug][gc,phases         ] GC(87)     Dead                           Min: 0, Avg:  0.0, Max: 0, Diff: 0, Sum: 0, Workers: 1
[1.095s][debug][gc,phases         ] GC(87)     Total                          Min: 0, Avg:  0.0, Max: 0, Diff: 0, Sum: 0, Workers: 1
[1.095s][debug][gc,phases         ] GC(87)   StringDedup Requests1 Weak     Min:  0.0, Avg:  0.0, Max:  0.0, Diff:  0.0, Sum:  0.0, Workers: 1
[1.095s][debug][gc,phases         ] GC(87)     Dead                           Min: 0, Avg:  0.0, Max: 0, Diff: 0, Sum: 0, Workers: 1
[1.095s][debug][gc,phases         ] GC(87)     Total                          Min: 0, Avg:  0.0, Max: 0, Diff: 0, Sum: 0, Workers: 1
[1.095s][debug][gc,phases         ] GC(87)   Weak JFR Old Object Samples    Min:  0.0, Avg:  0.0, Max:  0.0, Diff:  0.0, Sum:  0.0, Workers: 1
[1.095s][debug][gc,phases         ] GC(87)     Dead                           Min: 0, Avg:  0.0, Max: 0, Diff: 0, Sum: 0, Workers: 1
[1.095s][debug][gc,phases         ] GC(87)     Total                          Min: 0, Avg:  0.0, Max: 0, Diff: 0, Sum: 0, Workers: 1
[1.095s][debug][gc,phases         ] GC(87) Phase 1: Weak Processing 0.165ms
[1.095s][debug][gc,phases,start   ] GC(87) Phase 1: Class Unloading and Cleanup
[1.095s][debug][gc,phases,start   ] GC(87) ClassLoaderData
[1.095s][debug][gc,phases         ] GC(87) ClassLoaderData 0.004ms
[1.095s][debug][gc,phases,start   ] GC(87) Trigger cleanups
[1.095s][debug][gc,phases         ] GC(87) Trigger cleanups 0.004ms
[1.095s][debug][gc,phases         ] GC(87) Phase 1: Class Unloading and Cleanup 0.134ms
[1.095s][debug][gc,phases,start   ] GC(87) Report Object Count
[1.095s][debug][gc,phases         ] GC(87) Report Object Count 0.005ms
[1.095s][info ][gc,phases         ] GC(87) Phase 1: Mark live objects 1.522ms
[1.095s][info ][gc,phases,start   ] GC(87) Phase 2: Prepare for compaction
[1.095s][debug][gc,phases,start   ] GC(87) Phase 2: Prepare Serial Compaction
[1.095s][debug][gc,phases         ] GC(87) Phase 2: Prepare Serial Compaction 0.026ms
[1.095s][info ][gc,phases         ] GC(87) Phase 2: Prepare for compaction 0.285ms
[1.095s][info ][gc,phases,start   ] GC(87) Phase 3: Adjust pointers
[1.096s][info ][gc,phases         ] GC(87) Phase 3: Adjust pointers 0.326ms
[1.096s][info ][gc,phases,start   ] GC(87) Phase 4: Compact heap
[1.100s][debug][gc,phases,start   ] GC(87) Phase 4: Serial Compaction
[1.101s][debug][gc,phases         ] GC(87) Phase 4: Serial Compaction 0.831ms
[1.101s][info ][gc,phases         ] GC(87) Phase 4: Compact heap 5.163ms
[1.101s][debug][gc,ergo           ] GC(87) Running G1 Clear Bitmap with 4 workers for 4 work units.
[1.101s][debug][gc,alloc,stats    ] Old generation allocation in the last mutator period, old gen allocated: 0B, humongous allocated: 0B,old gen growth: 0B.
[1.101s][info ][gc,heap           ] GC(87) Eden regions: 0->0(12)
[1.101s][info ][gc,heap           ] GC(87) Survivor regions: 0->0(0)
[1.101s][info ][gc,heap           ] GC(87) Old regions: 163->161
[1.101s][info ][gc,heap           ] GC(87) Archive regions: 2->2
[1.101s][info ][gc,heap           ] GC(87) Humongous regions: 91->91
[1.101s][info ][gc,metaspace      ] GC(87) Metaspace: 136K(320K)->136K(320K) NonClass: 131K(192K)->131K(192K) Class: 5K(128K)->5K(128K)
[1.101s][debug][gc,heap           ] GC(87) Heap after GC invocations=79 (full 18):
[1.101s][debug][gc,heap           ] GC(87)  garbage-first heap   total 262144K, used 248735K [0x00000000f0000000, 0x0000000100000000)
[1.101s][debug][gc,heap           ] GC(87)   region size 1024K, 0 young (0K), 0 survivors (0K)
[1.101s][debug][gc,heap           ] GC(87)  Metaspace       used 136K, committed 320K, reserved 1114112K
[1.101s][debug][gc,heap           ] GC(87)   class space    used 5K, committed 128K, reserved 1048576K
[1.101s][info ][gc                ] GC(87) Pause Full (G1 Compaction Pause) 243M->242M(256M) 8.069ms
[1.101s][info ][gc,cpu            ] GC(87) User=0.02s Sys=0.00s Real=0.00s
[1.102s][info ][gc,marking        ] GC(85) Concurrent Rebuild Remembered Sets 10.467ms
[1.102s][info ][gc,marking        ] GC(85) Concurrent Mark Abort
[1.102s][info ][gc                ] GC(85) Concurrent Mark Cycle 13.916ms
[1.102s][debug][gc,heap           ] GC(88) Heap before GC invocations=79 (full 18):
[1.102s][debug][gc,heap           ] GC(88)  garbage-first heap   total 262144K, used 248735K [0x00000000f0000000, 0x0000000100000000)
[1.102s][debug][gc,heap           ] GC(88)   region size 1024K, 1 young (1024K), 0 survivors (0K)
[1.102s][debug][gc,heap           ] GC(88)  Metaspace       used 136K, committed 320K, reserved 1114112K
[1.102s][debug][gc,heap           ] GC(88)   class space    used 5K, committed 128K, reserved 1048576K
[1.102s][info ][gc,start          ] GC(88) Pause Young (Normal) (G1 Humongous Allocation)
[1.102s][info ][gc,task           ] GC(88) Using 12 workers of 13 for evacuation
[1.102s][debug][gc,tlab           ] GC(88) TLAB totals: thrds: 2  refills: 2 max: 1 slow allocs: 0 max 0 waste: 41.2% gc: 91712B max: 45936B slow: 0B max: 0B
[1.102s][debug][gc,age            ] GC(88) Desired survivor size 1048576 bytes, new threshold 15 (max threshold 15)
[1.102s][debug][gc,refine,stats   ] GC(88) Mutator refinement: 0.00ms, refined: 0, precleaned: 0, dirtied: 1
[1.102s][debug][gc,refine,stats   ] GC(88) Concurrent refinement: 0.00ms, refined: 0, precleaned: 0, dirtied: 0
[1.102s][debug][gc,refine,stats   ] GC(88) Total refinement: 0.00ms, refined: 0, precleaned: 0, dirtied: 1
[1.102s][debug][gc,refine,stats   ] GC(88) Generate dirty cards rate: 0.08 cards/ms
[1.102s][debug][gc,alloc,region   ] GC(88) Mutator Allocation stats, regions: 1, wasted size: 0B ( 0.0%)
[1.102s][debug][gc,humongous      ] GC(88) Humongous region 0 (object size 1048592 @ 0x00000000f0000000) remset 0 code roots 0 marked 0 reclaim candidate 0 type array 1
[1.102s][debug][gc,humongous      ] GC(88) Humongous region 22 (object size 1048592 @ 0x00000000f1600000) remset 0 code roots 0 marked 0 reclaim candidate 0 type array 1
[1.102s][debug][gc,humongous      ] GC(88) Humongous region 42 (object size 1048592 @ 0x00000000f2a00000) remset 0 code roots 0 marked 0 reclaim candidate 0 type array 1
[1.102s][debug][gc,humongous      ] GC(88) Humongous region 24 (object size 1048592 @ 0x00000000f1800000) remset 0 code roots 0 marked 0 reclaim candidate 0 type array 1
[1.102s][debug][gc,humongous      ] GC(88) Humongous region 26 (object size 1048592 @ 0x00000000f1a00000) remset 0 code roots 0 marked 0 reclaim candidate 0 type array 1
[1.102s][debug][gc,humongous      ] GC(88) Humongous region 28 (object size 1048592 @ 0x00000000f1c00000) remset 0 code roots 0 marked 0 reclaim candidate 0 type array 1
[1.102s][debug][gc,humongous      ] GC(88) Humongous region 126 (object size 1048592 @ 0x00000000f7e00000) remset 0 code roots 0 marked 0 reclaim candidate 0 type array 1
[1.102s][debug][gc,humongous      ] GC(88) Humongous region 30 (object size 1048592 @ 0x00000000f1e00000) remset 0 code roots 0 marked 0 reclaim candidate 0 type array 1
[1.102s][debug][gc,humongous      ] GC(88) Humongous region 203 (object size 1048592 @ 0x00000000fcb00000) remset 0 code roots 0 marked 0 reclaim candidate 0 type array 1
[1.102s][debug][gc,humongous      ] GC(88) Humongous region 32 (object size 1048592 @ 0x00000000f2000000) remset 0 code roots 0 marked 0 reclaim candidate 0 type array 1
[1.102s][debug][gc,humongous      ] GC(88) Humongous region 244 (object size 1048592 @ 0x00000000ff400000) remset 0 code roots 0 marked 0 reclaim candidate 0 type array 1
[1.102s][debug][gc,humongous      ] GC(88) Humongous region 34 (object size 1048592 @ 0x00000000f2200000) remset 0 code roots 0 marked 0 reclaim candidate 0 type array 1
[1.102s][debug][gc,humongous      ] GC(88) Humongous region 85 (object size 10485776 @ 0x00000000f5500000) remset 0 code roots 0 marked 0 reclaim candidate 0 type array 1
[1.102s][debug][gc,humongous      ] GC(88) Humongous region 60 (object size 1048592 @ 0x00000000f3c00000) remset 0 code roots 0 marked 0 reclaim candidate 0 type array 1
[1.102s][debug][gc,humongous      ] GC(88) Humongous region 10 (object size 1048592 @ 0x00000000f0a00000) remset 0 code roots 0 marked 0 reclaim candidate 0 type array 1
[1.102s][debug][gc,humongous      ] GC(88) Humongous region 83 (object size 1048592 @ 0x00000000f5300000) remset 0 code roots 0 marked 0 reclaim candidate 0 type array 1
[1.102s][debug][gc,humongous      ] GC(88) Humongous region 249 (object size 1048592 @ 0x00000000ff900000) remset 0 code roots 0 marked 0 reclaim candidate 0 type array 1
[1.102s][debug][gc,humongous      ] GC(88) Humongous region 14 (object size 1048592 @ 0x00000000f0e00000) remset 0 code roots 0 marked 0 reclaim candidate 0 type array 1
[1.102s][debug][gc,humongous      ] GC(88) Humongous region 4 (object size 1048592 @ 0x00000000f0400000) remset 0 code roots 0 marked 0 reclaim candidate 0 type array 1
[1.102s][debug][gc,humongous      ] GC(88) Humongous region 2 (object size 1048592 @ 0x00000000f0200000) remset 0 code roots 0 marked 0 reclaim candidate 0 type array 1
[1.102s][debug][gc,humongous      ] GC(88) Humongous region 159 (object size 10485776 @ 0x00000000f9f00000) remset 0 code roots 0 marked 0 reclaim candidate 0 type array 1
[1.102s][debug][gc,humongous      ] GC(88) Humongous region 38 (object size 1048592 @ 0x00000000f2600000) remset 0 code roots 0 marked 0 reclaim candidate 0 type array 1
[1.102s][debug][gc,humongous      ] GC(88) Humongous region 8 (object size 1048592 @ 0x00000000f0800000) remset 0 code roots 0 marked 0 reclaim candidate 0 type array 1
[1.102s][debug][gc,humongous      ] GC(88) Humongous region 36 (object size 1048592 @ 0x00000000f2400000) remset 0 code roots 0 marked 0 reclaim candidate 0 type array 1
[1.102s][debug][gc,humongous      ] GC(88) Humongous region 238 (object size 1048592 @ 0x00000000fee00000) remset 0 code roots 0 marked 0 reclaim candidate 0 type array 1
[1.102s][debug][gc,humongous      ] GC(88) Humongous region 64 (object size 1048592 @ 0x00000000f4000000) remset 0 code roots 0 marked 0 reclaim candidate 0 type array 1
[1.102s][debug][gc,humongous      ] GC(88) Humongous region 12 (object size 1048592 @ 0x00000000f0c00000) remset 0 code roots 0 marked 0 reclaim candidate 0 type array 1
[1.102s][debug][gc,humongous      ] GC(88) Humongous region 16 (object size 1048592 @ 0x00000000f1000000) remset 0 code roots 0 marked 0 reclaim candidate 0 type array 1
[1.102s][debug][gc,humongous      ] GC(88) Humongous region 20 (object size 1048592 @ 0x00000000f1400000) remset 0 code roots 0 marked 0 reclaim candidate 0 type array 1
[1.102s][debug][gc,humongous      ] GC(88) Humongous region 6 (object size 1048592 @ 0x00000000f0600000) remset 0 code roots 0 marked 0 reclaim candidate 0 type array 1
[1.102s][debug][gc,humongous      ] GC(88) Humongous region 216 (object size 10485776 @ 0x00000000fd800000) remset 0 code roots 0 marked 0 reclaim candidate 0 type array 1
[1.102s][debug][gc,humongous      ] GC(88) Humongous region 18 (object size 1048592 @ 0x00000000f1200000) remset 0 code roots 0 marked 0 reclaim candidate 0 type array 1
[1.102s][debug][gc,ergo           ] GC(88) Running G1 Merge Heap Roots using 12 workers for 1 regions
[1.103s][debug][gc,remset         ] GC(88) Visited cards 32 Total dirty 2048 (1.56%) Total old 524288 (0.01%)
[1.103s][debug][gc,ref            ] GC(88) Skipped phase 1 of Reference Processing: no references
[1.103s][debug][gc,ref            ] GC(88) Skipped phase 2 of Reference Processing: no references
[1.103s][debug][gc,ref            ] GC(88) Skipped phase 3 of Reference Processing: no references
[1.103s][debug][gc,ref            ] GC(88) Skipped phase 4 of Reference Processing: no references
[1.103s][debug][gc,ergo           ] GC(88) Running G1 Rebuild Free List Task using 12 workers for rebuilding free list of regions
[1.103s][debug][gc,plab           ] GC(88) Young PLAB allocation: allocated: 0B, wasted: 0B, unused: 0B, used: 0B, undo waste: 0B, 
[1.103s][debug][gc,plab           ] GC(88) Young other allocation: region end waste: 0B, regions filled: 1, direct allocated: 327760B, failure used: 0B, failure wasted: 0B
[1.103s][debug][gc,plab           ] GC(88) Young sizing: calculated: 0B, actual: 2064B
[1.103s][debug][gc,plab           ] GC(88) Old PLAB allocation: allocated: 0B, wasted: 0B, unused: 0B, used: 0B, undo waste: 0B, 
[1.103s][debug][gc,plab           ] GC(88) Old other allocation: region end waste: 0B, regions filled: 0, direct allocated: 0B, failure used: 0B, failure wasted: 0B
[1.103s][debug][gc,plab           ] GC(88) Old sizing: calculated: 0B, actual: 2064B
[1.103s][debug][gc,ergo,heap      ] GC(88) Heap expansion: short term pause time ratio 35.19% long term pause time ratio 7.92% threshold 7.69% pause time ratio 7.69% fully expanded true resize by 0B
[1.103s][debug][gc,ergo,ihop      ] GC(88) Request concurrent cycle initiation (occupancy higher than threshold) occupancy: 266338304B allocation request: 0B threshold: 201423143B (75.04) source: end of GC
[1.103s][debug][gc,mmu            ] GC(88) MMU: 10.6ms (50.0ms/51.0ms)
[1.103s][debug][gc,alloc,stats    ] Old generation allocation in the last mutator period, old gen allocated: 0B, humongous allocated: 0B,old gen growth: 0B.
[1.103s][debug][gc,ihop           ] GC(88) Basic information (value update), threshold: 201914742B (75.22), target occupancy: 268435456B, current occupancy: 255032736B, recent allocation size: 0B, recent allocation duration: 13.30ms, recent old gen allocation rate: 0.00B/s, recent marking phase length: 9.93ms
[1.103s][debug][gc,ihop           ] GC(88) Adaptive IHOP information (value update), threshold: 201914742B (88.49), internal target occupancy: 228170137B, occupancy: 255032736B, additional buffer size: 12582912B, predicted old gen allocation rate: 260445420.11B/s, predicted marking phase length: 52.50ms, prediction active: true
[1.103s][debug][gc,ergo,refine    ] GC(88) Concurrent refinement times: Logged Cards Scan time goal: 5.00ms Logged Cards Scan time: 0.00ms HCC time: 0.00ms
[1.103s][debug][gc,ergo,refine    ] GC(88) Updated Refinement Zones: green: 3328, yellow: 9984, red: 16640
[1.103s][info ][gc,phases         ] GC(88)   Pre Evacuate Collection Set: 0.6ms
[1.103s][debug][gc,phases         ] GC(88)     Prepare TLABs: 0.0ms
[1.103s][debug][gc,phases         ] GC(88)     Concatenate Dirty Card Logs: 0.0ms
[1.103s][debug][gc,phases         ] GC(88)     Choose Collection Set: 0.0ms
[1.103s][debug][gc,phases         ] GC(88)     Region Register: 0.5ms
[1.103s][debug][gc,phases         ] GC(88)     Prepare Heap Roots: 0.0ms
[1.103s][info ][gc,phases         ] GC(88)   Merge Heap Roots: 0.2ms
[1.103s][debug][gc,phases         ] GC(88)     Prepare Merge Heap Roots: 0.0ms
[1.103s][debug][gc,phases         ] GC(88)     Eager Reclaim (ms):            skipped
[1.103s][debug][gc,phases         ] GC(88)     Remembered Sets (ms):          Min:  0.0, Avg:  0.0, Max:  0.0, Diff:  0.0, Sum:  0.0, Workers: 12
[1.103s][debug][gc,phases         ] GC(88)       Merged Sparse:                 Min: 0, Avg:  0.0, Max: 0, Diff: 0, Sum: 0, Workers: 12
[1.103s][debug][gc,phases         ] GC(88)       Merged Fine:                   Min: 0, Avg:  0.0, Max: 0, Diff: 0, Sum: 0, Workers: 12
[1.103s][debug][gc,phases         ] GC(88)       Merged Coarse:                 Min: 0, Avg:  0.0, Max: 0, Diff: 0, Sum: 0, Workers: 12
[1.103s][debug][gc,phases         ] GC(88)       Dirty Cards:                   Min: 0, Avg:  0.0, Max: 0, Diff: 0, Sum: 0, Workers: 12
[1.103s][debug][gc,phases         ] GC(88)     Hot Card Cache (ms):           Min:  0.0, Avg:  0.0, Max:  0.0, Diff:  0.0, Sum:  0.0, Workers: 12
[1.103s][debug][gc,phases         ] GC(88)       Dirty Cards:                   Min: 0, Avg:  0.0, Max: 0, Diff: 0, Sum: 0, Workers: 12
[1.103s][debug][gc,phases         ] GC(88)       Skipped Cards:                 Min: 0, Avg:  0.0, Max: 0, Diff: 0, Sum: 0, Workers: 12
[1.103s][debug][gc,phases         ] GC(88)     Log Buffers (ms):              Min:  0.0, Avg:  0.0, Max:  0.0, Diff:  0.0, Sum:  0.0, Workers: 12
[1.103s][debug][gc,phases         ] GC(88)       Dirty Cards:                   Min: 0, Avg:  0.0, Max: 0, Diff: 0, Sum: 0, Workers: 12
[1.103s][debug][gc,phases         ] GC(88)       Skipped Cards:                 Min: 0, Avg:  0.0, Max: 0, Diff: 0, Sum: 0, Workers: 12
[1.103s][info ][gc,phases         ] GC(88)   Evacuate Collection Set: 0.4ms
[1.103s][debug][gc,phases         ] GC(88)     Ext Root Scanning (ms):        Min:  0.0, Avg:  0.0, Max:  0.1, Diff:  0.1, Sum:  0.1, Workers: 12
[1.103s][debug][gc,phases         ] GC(88)     Scan Heap Roots (ms):          Min:  0.0, Avg:  0.0, Max:  0.0, Diff:  0.0, Sum:  0.0, Workers: 12
[1.103s][debug][gc,phases         ] GC(88)       Scanned Cards:                 Min: 0, Avg:  0.1, Max: 1, Diff: 1, Sum: 1, Workers: 12
[1.104s][debug][gc,phases         ] GC(88)       Scanned Blocks:                Min: 0, Avg:  0.1, Max: 1, Diff: 1, Sum: 1, Workers: 12
[1.104s][debug][gc,phases         ] GC(88)       Claimed Chunks:                Min: 0, Avg:  0.1, Max: 1, Diff: 1, Sum: 1, Workers: 12
[1.104s][debug][gc,phases         ] GC(88)     Code Root Scan (ms):           Min:  0.0, Avg:  0.0, Max:  0.0, Diff:  0.0, Sum:  0.0, Workers: 12
[1.104s][debug][gc,phases         ] GC(88)     Object Copy (ms):              Min:  0.0, Avg:  0.0, Max:  0.0, Diff:  0.0, Sum:  0.0, Workers: 12
[1.104s][debug][gc,phases         ] GC(88)     Termination (ms):              Min:  0.1, Avg:  0.2, Max:  0.3, Diff:  0.1, Sum:  2.5, Workers: 12
[1.104s][debug][gc,phases         ] GC(88)       Termination Attempts:          Min: 1, Avg:  1.0, Max: 1, Diff: 0, Sum: 12, Workers: 12
[1.104s][debug][gc,phases         ] GC(88)     GC Worker Other (ms):          Min:  0.0, Avg:  0.0, Max:  0.0, Diff:  0.0, Sum:  0.0, Workers: 12
[1.104s][debug][gc,phases         ] GC(88)     GC Worker Total (ms):          Min:  0.1, Avg:  0.2, Max:  0.3, Diff:  0.2, Sum:  2.7, Workers: 12
[1.104s][info ][gc,phases         ] GC(88)   Post Evacuate Collection Set: 0.4ms
[1.104s][debug][gc,phases         ] GC(88)     Code Roots Fixup: 0.0ms
[1.104s][debug][gc,phases         ] GC(88)     Reference Processing: 0.0ms
[1.104s][debug][gc,phases,ref     ] GC(88)       Reconsider SoftReferences: 0.0ms
[1.104s][debug][gc,phases,ref     ] GC(88)         SoftRef (ms):                  skipped
[1.104s][debug][gc,phases,ref     ] GC(88)       Notify Soft/WeakReferences: 0.0ms
[1.104s][debug][gc,phases,ref     ] GC(88)         SoftRef (ms):                  skipped
[1.104s][debug][gc,phases,ref     ] GC(88)         WeakRef (ms):                  skipped
[1.104s][debug][gc,phases,ref     ] GC(88)         FinalRef (ms):                 skipped
[1.104s][debug][gc,phases,ref     ] GC(88)         Total (ms):                    skipped
[1.104s][debug][gc,phases,ref     ] GC(88)       Notify and keep alive finalizable: 0.0ms
[1.104s][debug][gc,phases,ref     ] GC(88)         FinalRef (ms):                 skipped
[1.104s][debug][gc,phases,ref     ] GC(88)       Notify PhantomReferences: 0.0ms
[1.104s][debug][gc,phases,ref     ] GC(88)         PhantomRef (ms):               skipped
[1.104s][debug][gc,phases,ref     ] GC(88)       SoftReference:
[1.104s][debug][gc,phases,ref     ] GC(88)         Discovered: 0
[1.104s][debug][gc,phases,ref     ] GC(88)         Cleared: 0
[1.104s][debug][gc,phases,ref     ] GC(88)       WeakReference:
[1.104s][debug][gc,phases,ref     ] GC(88)         Discovered: 0
[1.104s][debug][gc,phases,ref     ] GC(88)         Cleared: 0
[1.104s][debug][gc,phases,ref     ] GC(88)       FinalReference:
[1.104s][debug][gc,phases,ref     ] GC(88)         Discovered: 0
[1.104s][debug][gc,phases,ref     ] GC(88)         Cleared: 0
[1.104s][debug][gc,phases,ref     ] GC(88)       PhantomReference:
[1.104s][debug][gc,phases,ref     ] GC(88)         Discovered: 0
[1.104s][debug][gc,phases,ref     ] GC(88)         Cleared: 0
[1.104s][debug][gc,phases         ] GC(88)     Weak Processing: 0.0ms
[1.104s][debug][gc,phases         ] GC(88)       VM Weak                        Min:  0.0, Avg:  0.0, Max:  0.0, Diff:  0.0, Sum:  0.0, Workers: 1
[1.104s][debug][gc,phases         ] GC(88)         Dead                           Min: 0, Avg:  0.0, Max: 0, Diff: 0, Sum: 0, Workers: 1
[1.104s][debug][gc,phases         ] GC(88)         Total                          Min: 4, Avg:  4.0, Max: 4, Diff: 0, Sum: 4, Workers: 1
[1.104s][debug][gc,phases         ] GC(88)       ObjectSynchronizer Weak        Min:  0.0, Avg:  0.0, Max:  0.0, Diff:  0.0, Sum:  0.0, Workers: 1
[1.104s][debug][gc,phases         ] GC(88)         Dead                           Min: 0, Avg:  0.0, Max: 0, Diff: 0, Sum: 0, Workers: 1
[1.104s][debug][gc,phases         ] GC(88)         Total                          Min: 4, Avg:  4.0, Max: 4, Diff: 0, Sum: 4, Workers: 1
[1.104s][debug][gc,phases         ] GC(88)       JVMTI Tag Weak OopStorage      Min:  0.0, Avg:  0.0, Max:  0.0, Diff:  0.0, Sum:  0.0, Workers: 1
[1.104s][debug][gc,phases         ] GC(88)         Dead                           Min: 0, Avg:  0.0, Max: 0, Diff: 0, Sum: 0, Workers: 1
[1.104s][debug][gc,phases         ] GC(88)         Total                          Min: 0, Avg:  0.0, Max: 0, Diff: 0, Sum: 0, Workers: 1
[1.104s][debug][gc,phases         ] GC(88)       StringTable Weak               Min:  0.0, Avg:  0.0, Max:  0.0, Diff:  0.0, Sum:  0.0, Workers: 1
[1.104s][debug][gc,phases         ] GC(88)         Dead                           Min: 0, Avg:  0.0, Max: 0, Diff: 0, Sum: 0, Workers: 1
[1.104s][debug][gc,phases         ] GC(88)         Total                          Min: 40, Avg: 40.0, Max: 40, Diff: 0, Sum: 40, Workers: 1
[1.104s][debug][gc,phases         ] GC(88)       ResolvedMethodTable Weak       Min:  0.0, Avg:  0.0, Max:  0.0, Diff:  0.0, Sum:  0.0, Workers: 1
[1.104s][debug][gc,phases         ] GC(88)         Dead                           Min: 0, Avg:  0.0, Max: 0, Diff: 0, Sum: 0, Workers: 1
[1.104s][debug][gc,phases         ] GC(88)         Total                          Min: 22, Avg: 22.0, Max: 22, Diff: 0, Sum: 22, Workers: 1
[1.104s][debug][gc,phases         ] GC(88)       JNI Weak                       Min:  0.0, Avg:  0.0, Max:  0.0, Diff:  0.0, Sum:  0.0, Workers: 1
[1.104s][debug][gc,phases         ] GC(88)         Dead                           Min: 0, Avg:  0.0, Max: 0, Diff: 0, Sum: 0, Workers: 1
[1.104s][debug][gc,phases         ] GC(88)         Total                          Min: 0, Avg:  0.0, Max: 0, Diff: 0, Sum: 0, Workers: 1
[1.104s][debug][gc,phases         ] GC(88)       StringDedup Table Weak         Min:  0.0, Avg:  0.0, Max:  0.0, Diff:  0.0, Sum:  0.0, Workers: 1
[1.104s][debug][gc,phases         ] GC(88)         Dead                           Min: 0, Avg:  0.0, Max: 0, Diff: 0, Sum: 0, Workers: 1
[1.104s][debug][gc,phases         ] GC(88)         Total                          Min: 0, Avg:  0.0, Max: 0, Diff: 0, Sum: 0, Workers: 1
[1.104s][debug][gc,phases         ] GC(88)       StringDedup Requests0 Weak     Min:  0.0, Avg:  0.0, Max:  0.0, Diff:  0.0, Sum:  0.0, Workers: 1
[1.104s][debug][gc,phases         ] GC(88)         Dead                           Min: 0, Avg:  0.0, Max: 0, Diff: 0, Sum: 0, Workers: 1
[1.104s][debug][gc,phases         ] GC(88)         Total                          Min: 0, Avg:  0.0, Max: 0, Diff: 0, Sum: 0, Workers: 1
[1.104s][debug][gc,phases         ] GC(88)       StringDedup Requests1 Weak     Min:  0.0, Avg:  0.0, Max:  0.0, Diff:  0.0, Sum:  0.0, Workers: 1
[1.104s][debug][gc,phases         ] GC(88)         Dead                           Min: 0, Avg:  0.0, Max: 0, Diff: 0, Sum: 0, Workers: 1
[1.104s][debug][gc,phases         ] GC(88)         Total                          Min: 0, Avg:  0.0, Max: 0, Diff: 0, Sum: 0, Workers: 1
[1.104s][debug][gc,phases         ] GC(88)       Weak JFR Old Object Samples    Min:  0.0, Avg:  0.0, Max:  0.0, Diff:  0.0, Sum:  0.0, Workers: 1
[1.104s][debug][gc,phases         ] GC(88)         Dead                           Min: 0, Avg:  0.0, Max: 0, Diff: 0, Sum: 0, Workers: 1
[1.104s][debug][gc,phases         ] GC(88)         Total                          Min: 0, Avg:  0.0, Max: 0, Diff: 0, Sum: 0, Workers: 1
[1.104s][debug][gc,phases         ] GC(88)     Post Evacuate Cleanup 1: 0.1ms
[1.104s][debug][gc,phases         ] GC(88)       Merge Per-Thread State (ms):   Min:  0.0, Avg:  0.0, Max:  0.0, Diff:  0.0, Sum:  0.0, Workers: 1
[1.104s][debug][gc,phases         ] GC(88)         Copied Bytes                   Min: 0, Avg: 27313.3, Max: 131104, Diff: 131104, Sum: 327760, Workers: 12
[1.104s][debug][gc,phases         ] GC(88)         LAB Waste                      Min: 0, Avg:  0.0, Max: 0, Diff: 0, Sum: 0, Workers: 12
[1.104s][debug][gc,phases         ] GC(88)         LAB Undo Waste                 Min: 0, Avg:  0.0, Max: 0, Diff: 0, Sum: 0, Workers: 12
[1.104s][debug][gc,phases         ] GC(88)       Clear Logged Cards (ms):       Min:  0.0, Avg:  0.0, Max:  0.0, Diff:  0.0, Sum:  0.0, Workers: 3
[1.104s][debug][gc,phases         ] GC(88)       Recalculate Used Memory (ms):  Min:  0.0, Avg:  0.0, Max:  0.0, Diff:  0.0, Sum:  0.0, Workers: 1
[1.104s][debug][gc,phases         ] GC(88)     Post Evacuate Cleanup 2: 0.1ms
[1.104s][debug][gc,phases         ] GC(88)       Reset Hot Card Cache (ms):     Min:  0.0, Avg:  0.0, Max:  0.0, Diff:  0.0, Sum:  0.0, Workers: 1
[1.104s][debug][gc,phases         ] GC(88)       Purge Code Roots (ms):         Min:  0.0, Avg:  0.0, Max:  0.0, Diff:  0.0, Sum:  0.0, Workers: 1
[1.104s][debug][gc,phases         ] GC(88)       Update Derived Pointers (ms):  Min:  0.0, Avg:  0.0, Max:  0.0, Diff:  0.0, Sum:  0.0, Workers: 1
[1.104s][debug][gc,phases         ] GC(88)       Eagerly Reclaim Humongous Objects (ms): Min:  0.0, Avg:  0.0, Max:  0.0, Diff:  0.0, Sum:  0.0, Workers: 1
[1.104s][debug][gc,phases         ] GC(88)         Humongous Total                Min: 32, Avg: 32.0, Max: 32, Diff: 0, Sum: 32, Workers: 1
[1.104s][debug][gc,phases         ] GC(88)         Humongous Candidates           Min: 0, Avg:  0.0, Max: 0, Diff: 0, Sum: 0, Workers: 1
[1.104s][debug][gc,phases         ] GC(88)         Humongous Reclaimed            Min: 0, Avg:  0.0, Max: 0, Diff: 0, Sum: 0, Workers: 1
[1.104s][debug][gc,phases         ] GC(88)       Redirty Logged Cards (ms):     Min:  0.0, Avg:  0.0, Max:  0.0, Diff:  0.0, Sum:  0.0, Workers: 12
[1.104s][debug][gc,phases         ] GC(88)         Redirtied Cards:               Min: 0, Avg:  0.3, Max: 4, Diff: 4, Sum: 4, Workers: 12
[1.104s][debug][gc,phases         ] GC(88)       Free Collection Set (ms):      Min:  0.0, Avg:  0.0, Max:  0.0, Diff:  0.0, Sum:  0.0, Workers: 12
[1.104s][debug][gc,phases         ] GC(88)     Rebuild Free List: 0.2ms
[1.104s][debug][gc,phases         ] GC(88)     Start New Collection Set: 0.0ms
[1.104s][debug][gc,phases         ] GC(88)     Resize TLABs: 0.0ms
[1.104s][debug][gc,phases         ] GC(88)     Expand Heap After Collection: 0.0ms
[1.104s][info ][gc,phases         ] GC(88)   Other: 0.2ms
[1.104s][info ][gc,heap           ] GC(88) Eden regions: 1->0(11)
[1.104s][info ][gc,heap           ] GC(88) Survivor regions: 0->1(1)
[1.104s][info ][gc,heap           ] GC(88) Old regions: 161->161
[1.104s][info ][gc,heap           ] GC(88) Archive regions: 2->2
[1.104s][info ][gc,heap           ] GC(88) Humongous regions: 91->91
[1.104s][info ][gc,metaspace      ] GC(88) Metaspace: 136K(320K)->136K(320K) NonClass: 131K(192K)->131K(192K) Class: 5K(128K)->5K(128K)
[1.104s][debug][gc,heap           ] GC(88) Heap after GC invocations=80 (full 18):
[1.104s][debug][gc,heap           ] GC(88)  garbage-first heap   total 262144K, used 249055K [0x00000000f0000000, 0x0000000100000000)
[1.104s][debug][gc,heap           ] GC(88)   region size 1024K, 1 young (1024K), 1 survivors (1024K)
[1.104s][debug][gc,heap           ] GC(88)  Metaspace       used 136K, committed 320K, reserved 1114112K
[1.104s][debug][gc,heap           ] GC(88)   class space    used 5K, committed 128K, reserved 1048576K
[1.104s][info ][gc                ] GC(88) Pause Young (Normal) (G1 Humongous Allocation) 243M->243M(256M) 2.097ms
[1.104s][info ][gc,cpu            ] GC(88) User=0.00s Sys=0.01s Real=0.00s
[1.104s][debug][gc,ergo,heap      ] Attempt heap expansion (allocation request failed). Allocation request: 1048592B
[1.104s][debug][gc,ergo,heap      ] Expand the heap. requested expansion amount: 1048592B expansion amount: 2097152B
[1.104s][debug][gc,ergo,heap      ] Did not expand the heap (heap already fully expanded)
[1.104s][info ][gc,ergo           ] Attempting full compaction
[1.104s][debug][gc,task           ] GC(89) Requesting 9 active workers for full compaction (waste limited workers: 13, adaptive workers: 9, used limited workers: 255)
[1.104s][info ][gc,task           ] GC(89) Using 9 workers of 13 for full compaction
[1.104s][info ][gc,start          ] GC(89) Pause Full (G1 Compaction Pause)
[1.104s][debug][gc,heap           ] GC(89) Heap before GC invocations=80 (full 18):
[1.104s][debug][gc,heap           ] GC(89)  garbage-first heap   total 262144K, used 249055K [0x00000000f0000000, 0x0000000100000000)
[1.104s][debug][gc,heap           ] GC(89)   region size 1024K, 1 young (1024K), 1 survivors (1024K)
[1.104s][debug][gc,heap           ] GC(89)  Metaspace       used 136K, committed 320K, reserved 1114112K
[1.104s][debug][gc,heap           ] GC(89)   class space    used 5K, committed 128K, reserved 1048576K
[1.104s][debug][gc,alloc,region   ] GC(89) Mutator Allocation stats, regions: 0, wasted size: 0B ( 0.0%)
[1.104s][info ][gc,phases,start   ] GC(89) Phase 1: Mark live objects
[1.105s][debug][gc,phases,start   ] GC(89) Phase 1: Reference Processing
[1.105s][debug][gc,ref            ] GC(89) Skipped phase 1 of Reference Processing: no references
[1.105s][debug][gc,ref            ] GC(89) ReferenceProcessor::execute queues: 1, RefProcThreadModel::Single, marks_oops_alive: false
[1.105s][debug][gc,ref            ] GC(89) Skipped phase 3 of Reference Processing: no references
[1.105s][debug][gc,ref            ] GC(89) ReferenceProcessor::execute queues: 1, RefProcThreadModel::Single, marks_oops_alive: false
[1.105s][debug][gc,phases,ref     ] GC(89) Reference Processing: 0.1ms
[1.105s][debug][gc,phases,ref     ] GC(89)   Reconsider SoftReferences: 0.0ms
[1.105s][debug][gc,phases,ref     ] GC(89)     SoftRef (ms):                  skipped
[1.105s][debug][gc,phases,ref     ] GC(89)   Notify Soft/WeakReferences: 0.1ms
[1.105s][debug][gc,phases,ref     ] GC(89)     SoftRef (ms):                  Min:  0.0, Avg:  0.0, Max:  0.0, Diff:  0.0, Sum:  0.0, Workers: 13
[1.105s][debug][gc,phases,ref     ] GC(89)     WeakRef (ms):                  Min:  0.0, Avg:  0.0, Max:  0.0, Diff:  0.0, Sum:  0.0, Workers: 13
[1.105s][debug][gc,phases,ref     ] GC(89)     FinalRef (ms):                 Min:  0.0, Avg:  0.0, Max:  0.0, Diff:  0.0, Sum:  0.0, Workers: 13
[1.105s][debug][gc,phases,ref     ] GC(89)     Total (ms):                    Min:  0.0, Avg:  0.0, Max:  0.0, Diff:  0.0, Sum:  0.0, Workers: 13
[1.105s][debug][gc,phases,ref     ] GC(89)   Notify and keep alive finalizable: 0.0ms
[1.105s][debug][gc,phases,ref     ] GC(89)     FinalRef (ms):                 skipped
[1.105s][debug][gc,phases,ref     ] GC(89)   Notify PhantomReferences: 0.0ms
[1.105s][debug][gc,phases,ref     ] GC(89)     PhantomRef (ms):               Min:  0.0, Avg:  0.0, Max:  0.0, Diff:  0.0, Sum:  0.0, Workers: 13
[1.105s][debug][gc,phases,ref     ] GC(89)   SoftReference:
[1.105s][debug][gc,phases,ref     ] GC(89)     Discovered: 0
[1.105s][debug][gc,phases,ref     ] GC(89)     Cleared: 0
[1.105s][debug][gc,phases,ref     ] GC(89)   WeakReference:
[1.105s][debug][gc,phases,ref     ] GC(89)     Discovered: 13
[1.105s][debug][gc,phases,ref     ] GC(89)     Cleared: 13
[1.105s][debug][gc,phases,ref     ] GC(89)   FinalReference:
[1.105s][debug][gc,phases,ref     ] GC(89)     Discovered: 0
[1.105s][debug][gc,phases,ref     ] GC(89)     Cleared: 0
[1.105s][debug][gc,phases,ref     ] GC(89)   PhantomReference:
[1.105s][debug][gc,phases,ref     ] GC(89)     Discovered: 1
[1.105s][debug][gc,phases,ref     ] GC(89)     Cleared: 1
[1.105s][debug][gc,phases         ] GC(89) Phase 1: Reference Processing 0.197ms
[1.105s][debug][gc,phases,start   ] GC(89) Phase 1: Weak Processing
[1.105s][debug][gc,phases         ] GC(89)   VM Weak                        Min:  0.0, Avg:  0.0, Max:  0.0, Diff:  0.0, Sum:  0.0, Workers: 1
[1.105s][debug][gc,phases         ] GC(89)     Dead                           Min: 0, Avg:  0.0, Max: 0, Diff: 0, Sum: 0, Workers: 1
[1.105s][debug][gc,phases         ] GC(89)     Total                          Min: 4, Avg:  4.0, Max: 4, Diff: 0, Sum: 4, Workers: 1
[1.105s][debug][gc,phases         ] GC(89)   ObjectSynchronizer Weak        Min:  0.0, Avg:  0.0, Max:  0.0, Diff:  0.0, Sum:  0.0, Workers: 1
[1.105s][debug][gc,phases         ] GC(89)     Dead                           Min: 0, Avg:  0.0, Max: 0, Diff: 0, Sum: 0, Workers: 1
[1.105s][debug][gc,phases         ] GC(89)     Total                          Min: 4, Avg:  4.0, Max: 4, Diff: 0, Sum: 4, Workers: 1
[1.105s][debug][gc,phases         ] GC(89)   JVMTI Tag Weak OopStorage      Min:  0.0, Avg:  0.0, Max:  0.0, Diff:  0.0, Sum:  0.0, Workers: 1
[1.105s][debug][gc,phases         ] GC(89)     Dead                           Min: 0, Avg:  0.0, Max: 0, Diff: 0, Sum: 0, Workers: 1
[1.105s][debug][gc,phases         ] GC(89)     Total                          Min: 0, Avg:  0.0, Max: 0, Diff: 0, Sum: 0, Workers: 1
[1.105s][debug][gc,phases         ] GC(89)   StringTable Weak               Min:  0.0, Avg:  0.0, Max:  0.0, Diff:  0.0, Sum:  0.0, Workers: 1
[1.105s][debug][gc,phases         ] GC(89)     Dead                           Min: 0, Avg:  0.0, Max: 0, Diff: 0, Sum: 0, Workers: 1
[1.105s][debug][gc,phases         ] GC(89)     Total                          Min: 40, Avg: 40.0, Max: 40, Diff: 0, Sum: 40, Workers: 1
[1.105s][debug][gc,phases         ] GC(89)   ResolvedMethodTable Weak       Min:  0.0, Avg:  0.0, Max:  0.0, Diff:  0.0, Sum:  0.0, Workers: 1
[1.105s][debug][gc,phases         ] GC(89)     Dead                           Min: 0, Avg:  0.0, Max: 0, Diff: 0, Sum: 0, Workers: 1
[1.105s][debug][gc,phases         ] GC(89)     Total                          Min: 22, Avg: 22.0, Max: 22, Diff: 0, Sum: 22, Workers: 1
[1.105s][debug][gc,phases         ] GC(89)   JNI Weak                       Min:  0.0, Avg:  0.0, Max:  0.0, Diff:  0.0, Sum:  0.0, Workers: 1
[1.105s][debug][gc,phases         ] GC(89)     Dead                           Min: 0, Avg:  0.0, Max: 0, Diff: 0, Sum: 0, Workers: 1
[1.105s][debug][gc,phases         ] GC(89)     Total                          Min: 0, Avg:  0.0, Max: 0, Diff: 0, Sum: 0, Workers: 1
[1.105s][debug][gc,phases         ] GC(89)   StringDedup Table Weak         Min:  0.0, Avg:  0.0, Max:  0.0, Diff:  0.0, Sum:  0.0, Workers: 1
[1.105s][debug][gc,phases         ] GC(89)     Dead                           Min: 0, Avg:  0.0, Max: 0, Diff: 0, Sum: 0, Workers: 1
[1.105s][debug][gc,phases         ] GC(89)     Total                          Min: 0, Avg:  0.0, Max: 0, Diff: 0, Sum: 0, Workers: 1
[1.105s][debug][gc,phases         ] GC(89)   StringDedup Requests0 Weak     Min:  0.0, Avg:  0.0, Max:  0.0, Diff:  0.0, Sum:  0.0, Workers: 1
[1.105s][debug][gc,phases         ] GC(89)     Dead                           Min: 0, Avg:  0.0, Max: 0, Diff: 0, Sum: 0, Workers: 1
[1.105s][debug][gc,phases         ] GC(89)     Total                          Min: 0, Avg:  0.0, Max: 0, Diff: 0, Sum: 0, Workers: 1
[1.105s][debug][gc,phases         ] GC(89)   StringDedup Requests1 Weak     Min:  0.0, Avg:  0.0, Max:  0.0, Diff:  0.0, Sum:  0.0, Workers: 1
[1.105s][debug][gc,phases         ] GC(89)     Dead                           Min: 0, Avg:  0.0, Max: 0, Diff: 0, Sum: 0, Workers: 1
[1.105s][debug][gc,phases         ] GC(89)     Total                          Min: 0, Avg:  0.0, Max: 0, Diff: 0, Sum: 0, Workers: 1
[1.105s][debug][gc,phases         ] GC(89)   Weak JFR Old Object Samples    Min:  0.0, Avg:  0.0, Max:  0.0, Diff:  0.0, Sum:  0.0, Workers: 1
[1.105s][debug][gc,phases         ] GC(89)     Dead                           Min: 0, Avg:  0.0, Max: 0, Diff: 0, Sum: 0, Workers: 1
[1.105s][debug][gc,phases         ] GC(89)     Total                          Min: 0, Avg:  0.0, Max: 0, Diff: 0, Sum: 0, Workers: 1
[1.105s][debug][gc,phases         ] GC(89) Phase 1: Weak Processing 0.170ms
[1.105s][debug][gc,phases,start   ] GC(89) Phase 1: Class Unloading and Cleanup
[1.105s][debug][gc,phases,start   ] GC(89) ClassLoaderData
[1.105s][debug][gc,phases         ] GC(89) ClassLoaderData 0.004ms
[1.105s][debug][gc,phases,start   ] GC(89) Trigger cleanups
[1.105s][debug][gc,phases         ] GC(89) Trigger cleanups 0.003ms
[1.105s][debug][gc,phases         ] GC(89) Phase 1: Class Unloading and Cleanup 0.151ms
[1.105s][debug][gc,phases,start   ] GC(89) Report Object Count
[1.105s][debug][gc,phases         ] GC(89) Report Object Count 0.008ms
[1.105s][info ][gc,phases         ] GC(89) Phase 1: Mark live objects 1.495ms
[1.105s][info ][gc,phases,start   ] GC(89) Phase 2: Prepare for compaction
[1.106s][info ][gc,phases         ] GC(89) Phase 2: Prepare for compaction 0.182ms
[1.106s][info ][gc,phases,start   ] GC(89) Phase 3: Adjust pointers
[1.106s][info ][gc,phases         ] GC(89) Phase 3: Adjust pointers 0.292ms
[1.106s][info ][gc,phases,start   ] GC(89) Phase 4: Compact heap
[1.106s][info ][gc,phases         ] GC(89) Phase 4: Compact heap 0.119ms
[1.106s][debug][gc,ergo           ] GC(89) Running G1 Clear Bitmap with 4 workers for 4 work units.
[1.106s][debug][gc,ergo,ihop      ] GC(89) Request concurrent cycle initiation (occupancy higher than threshold) occupancy: 267386880B allocation request: 0B threshold: 201914742B (75.22) source: end of Full GC
[1.106s][debug][gc,alloc,stats    ] Old generation allocation in the last mutator period, old gen allocated: 0B, humongous allocated: 0B,old gen growth: 0B.
[1.106s][info ][gc,heap           ] GC(89) Eden regions: 0->0(12)
[1.106s][info ][gc,heap           ] GC(89) Survivor regions: 1->0(1)
[1.106s][info ][gc,heap           ] GC(89) Old regions: 161->162
[1.106s][info ][gc,heap           ] GC(89) Archive regions: 2->2
[1.106s][info ][gc,heap           ] GC(89) Humongous regions: 91->91
[1.106s][info ][gc,metaspace      ] GC(89) Metaspace: 136K(320K)->136K(320K) NonClass: 131K(192K)->131K(192K) Class: 5K(128K)->5K(128K)
[1.106s][debug][gc,heap           ] GC(89) Heap after GC invocations=81 (full 19):
[1.106s][debug][gc,heap           ] GC(89)  garbage-first heap   total 262144K, used 249055K [0x00000000f0000000, 0x0000000100000000)
[1.106s][debug][gc,heap           ] GC(89)   region size 1024K, 0 young (0K), 0 survivors (0K)
[1.106s][debug][gc,heap           ] GC(89)  Metaspace       used 136K, committed 320K, reserved 1114112K
[1.106s][debug][gc,heap           ] GC(89)   class space    used 5K, committed 128K, reserved 1048576K
[1.106s][info ][gc                ] GC(89) Pause Full (G1 Compaction Pause) 243M->243M(256M) 2.542ms
[1.106s][info ][gc,cpu            ] GC(89) User=0.01s Sys=0.00s Real=0.01s
[1.107s][debug][gc,ergo,heap      ] Attempt heap expansion (allocation request failed). Allocation request: 1048592B
[1.107s][debug][gc,ergo,heap      ] Expand the heap. requested expansion amount: 1048592B expansion amount: 2097152B
[1.107s][debug][gc,ergo,heap      ] Did not expand the heap (heap already fully expanded)
[1.107s][info ][gc,ergo           ] Attempting maximum full compaction clearing soft references
[1.107s][debug][gc,task           ] GC(90) Requesting 7 active workers for full compaction (waste limited workers: 13, adaptive workers: 7, used limited workers: 255)
[1.107s][info ][gc,task           ] GC(90) Using 7 workers of 13 for full compaction
[1.107s][info ][gc,start          ] GC(90) Pause Full (G1 Compaction Pause)
[1.107s][debug][gc,heap           ] GC(90) Heap before GC invocations=81 (full 19):
[1.107s][debug][gc,heap           ] GC(90)  garbage-first heap   total 262144K, used 249055K [0x00000000f0000000, 0x0000000100000000)
[1.107s][debug][gc,heap           ] GC(90)   region size 1024K, 0 young (0K), 0 survivors (0K)
[1.107s][debug][gc,heap           ] GC(90)  Metaspace       used 136K, committed 320K, reserved 1114112K
[1.107s][debug][gc,heap           ] GC(90)   class space    used 5K, committed 128K, reserved 1048576K
[1.107s][debug][gc,alloc,region   ] GC(90) Mutator Allocation stats, regions: 0, wasted size: 0B ( 0.0%)
[1.107s][info ][gc,phases,start   ] GC(90) Phase 1: Mark live objects
[1.107s][debug][gc,phases,start   ] GC(90) Phase 1: Reference Processing
[1.107s][debug][gc,ref            ] GC(90) ReferenceProcessor::execute queues: 7, RefProcThreadModel::Multi, marks_oops_alive: true
[1.107s][debug][gc,ref            ] GC(90) ReferenceProcessor::execute queues: 1, RefProcThreadModel::Single, marks_oops_alive: false
[1.107s][debug][gc,ref            ] GC(90) Skipped phase 3 of Reference Processing: no references
[1.107s][debug][gc,ref            ] GC(90) ReferenceProcessor::execute queues: 1, RefProcThreadModel::Single, marks_oops_alive: false
[1.107s][debug][gc,phases,ref     ] GC(90) Reference Processing: 0.1ms
[1.107s][debug][gc,phases,ref     ] GC(90)   Reconsider SoftReferences: 0.1ms
[1.107s][debug][gc,phases,ref     ] GC(90)     Balance queues: 0.0ms
[1.107s][debug][gc,phases,ref     ] GC(90)     SoftRef (ms):                  Min:  0.0, Avg:  0.0, Max:  0.0, Diff:  0.0, Sum:  0.0, Workers: 7
[1.107s][debug][gc,phases,ref     ] GC(90)   Notify Soft/WeakReferences: 0.0ms
[1.107s][debug][gc,phases,ref     ] GC(90)     SoftRef (ms):                  Min:  0.0, Avg:  0.0, Max:  0.0, Diff:  0.0, Sum:  0.0, Workers: 13
[1.107s][debug][gc,phases,ref     ] GC(90)     WeakRef (ms):                  Min:  0.0, Avg:  0.0, Max:  0.0, Diff:  0.0, Sum:  0.0, Workers: 13
[1.107s][debug][gc,phases,ref     ] GC(90)     FinalRef (ms):                 Min:  0.0, Avg:  0.0, Max:  0.0, Diff:  0.0, Sum:  0.0, Workers: 13
[1.107s][debug][gc,phases,ref     ] GC(90)     Total (ms):                    Min:  0.0, Avg:  0.0, Max:  0.0, Diff:  0.0, Sum:  0.0, Workers: 13
[1.107s][debug][gc,phases,ref     ] GC(90)   Notify and keep alive finalizable: 0.0ms
[1.107s][debug][gc,phases,ref     ] GC(90)     FinalRef (ms):                 skipped
[1.107s][debug][gc,phases,ref     ] GC(90)   Notify PhantomReferences: 0.0ms
[1.107s][debug][gc,phases,ref     ] GC(90)     PhantomRef (ms):               Min:  0.0, Avg:  0.0, Max:  0.0, Diff:  0.0, Sum:  0.0, Workers: 13
[1.107s][debug][gc,phases,ref     ] GC(90)   SoftReference:
[1.107s][debug][gc,phases,ref     ] GC(90)     Discovered: 4
[1.107s][debug][gc,phases,ref     ] GC(90)     Cleared: 4
[1.107s][debug][gc,phases,ref     ] GC(90)   WeakReference:
[1.107s][debug][gc,phases,ref     ] GC(90)     Discovered: 10
[1.107s][debug][gc,phases,ref     ] GC(90)     Cleared: 10
[1.107s][debug][gc,phases,ref     ] GC(90)   FinalReference:
[1.107s][debug][gc,phases,ref     ] GC(90)     Discovered: 0
[1.107s][debug][gc,phases,ref     ] GC(90)     Cleared: 0
[1.107s][debug][gc,phases,ref     ] GC(90)   PhantomReference:
[1.107s][debug][gc,phases,ref     ] GC(90)     Discovered: 1
[1.107s][debug][gc,phases,ref     ] GC(90)     Cleared: 1
[1.107s][debug][gc,phases         ] GC(90) Phase 1: Reference Processing 0.249ms
[1.107s][debug][gc,phases,start   ] GC(90) Phase 1: Weak Processing
[1.107s][debug][gc,phases         ] GC(90)   VM Weak                        Min:  0.0, Avg:  0.0, Max:  0.0, Diff:  0.0, Sum:  0.0, Workers: 1
[1.107s][debug][gc,phases         ] GC(90)     Dead                           Min: 0, Avg:  0.0, Max: 0, Diff: 0, Sum: 0, Workers: 1
[1.107s][debug][gc,phases         ] GC(90)     Total                          Min: 4, Avg:  4.0, Max: 4, Diff: 0, Sum: 4, Workers: 1
[1.107s][debug][gc,phases         ] GC(90)   ObjectSynchronizer Weak        Min:  0.0, Avg:  0.0, Max:  0.0, Diff:  0.0, Sum:  0.0, Workers: 1
[1.107s][debug][gc,phases         ] GC(90)     Dead                           Min: 0, Avg:  0.0, Max: 0, Diff: 0, Sum: 0, Workers: 1
[1.107s][debug][gc,phases         ] GC(90)     Total                          Min: 4, Avg:  4.0, Max: 4, Diff: 0, Sum: 4, Workers: 1
[1.107s][debug][gc,phases         ] GC(90)   JVMTI Tag Weak OopStorage      Min:  0.0, Avg:  0.0, Max:  0.0, Diff:  0.0, Sum:  0.0, Workers: 1
[1.107s][debug][gc,phases         ] GC(90)     Dead                           Min: 0, Avg:  0.0, Max: 0, Diff: 0, Sum: 0, Workers: 1
[1.107s][debug][gc,phases         ] GC(90)     Total                          Min: 0, Avg:  0.0, Max: 0, Diff: 0, Sum: 0, Workers: 1
[1.107s][debug][gc,phases         ] GC(90)   StringTable Weak               Min:  0.0, Avg:  0.0, Max:  0.0, Diff:  0.0, Sum:  0.0, Workers: 1
[1.107s][debug][gc,phases         ] GC(90)     Dead                           Min: 0, Avg:  0.0, Max: 0, Diff: 0, Sum: 0, Workers: 1
[1.107s][debug][gc,phases         ] GC(90)     Total                          Min: 40, Avg: 40.0, Max: 40, Diff: 0, Sum: 40, Workers: 1
[1.107s][debug][gc,phases         ] GC(90)   ResolvedMethodTable Weak       Min:  0.0, Avg:  0.0, Max:  0.0, Diff:  0.0, Sum:  0.0, Workers: 1
[1.107s][debug][gc,phases         ] GC(90)     Dead                           Min: 0, Avg:  0.0, Max: 0, Diff: 0, Sum: 0, Workers: 1
[1.107s][debug][gc,phases         ] GC(90)     Total                          Min: 22, Avg: 22.0, Max: 22, Diff: 0, Sum: 22, Workers: 1
[1.107s][debug][gc,phases         ] GC(90)   JNI Weak                       Min:  0.0, Avg:  0.0, Max:  0.0, Diff:  0.0, Sum:  0.0, Workers: 1
[1.108s][debug][gc,phases         ] GC(90)     Dead                           Min: 0, Avg:  0.0, Max: 0, Diff: 0, Sum: 0, Workers: 1
[1.108s][debug][gc,phases         ] GC(90)     Total                          Min: 0, Avg:  0.0, Max: 0, Diff: 0, Sum: 0, Workers: 1
[1.108s][debug][gc,phases         ] GC(90)   StringDedup Table Weak         Min:  0.0, Avg:  0.0, Max:  0.0, Diff:  0.0, Sum:  0.0, Workers: 1
[1.108s][debug][gc,phases         ] GC(90)     Dead                           Min: 0, Avg:  0.0, Max: 0, Diff: 0, Sum: 0, Workers: 1
[1.108s][debug][gc,phases         ] GC(90)     Total                          Min: 0, Avg:  0.0, Max: 0, Diff: 0, Sum: 0, Workers: 1
[1.108s][debug][gc,phases         ] GC(90)   StringDedup Requests0 Weak     Min:  0.0, Avg:  0.0, Max:  0.0, Diff:  0.0, Sum:  0.0, Workers: 1
[1.108s][debug][gc,phases         ] GC(90)     Dead                           Min: 0, Avg:  0.0, Max: 0, Diff: 0, Sum: 0, Workers: 1
[1.108s][debug][gc,phases         ] GC(90)     Total                          Min: 0, Avg:  0.0, Max: 0, Diff: 0, Sum: 0, Workers: 1
[1.108s][debug][gc,phases         ] GC(90)   StringDedup Requests1 Weak     Min:  0.0, Avg:  0.0, Max:  0.0, Diff:  0.0, Sum:  0.0, Workers: 1
[1.108s][debug][gc,phases         ] GC(90)     Dead                           Min: 0, Avg:  0.0, Max: 0, Diff: 0, Sum: 0, Workers: 1
[1.108s][debug][gc,phases         ] GC(90)     Total                          Min: 0, Avg:  0.0, Max: 0, Diff: 0, Sum: 0, Workers: 1
[1.108s][debug][gc,phases         ] GC(90)   Weak JFR Old Object Samples    Min:  0.0, Avg:  0.0, Max:  0.0, Diff:  0.0, Sum:  0.0, Workers: 1
[1.108s][debug][gc,phases         ] GC(90)     Dead                           Min: 0, Avg:  0.0, Max: 0, Diff: 0, Sum: 0, Workers: 1
[1.108s][debug][gc,phases         ] GC(90)     Total                          Min: 0, Avg:  0.0, Max: 0, Diff: 0, Sum: 0, Workers: 1
[1.108s][debug][gc,phases         ] GC(90) Phase 1: Weak Processing 0.176ms
[1.108s][debug][gc,phases,start   ] GC(90) Phase 1: Class Unloading and Cleanup
[1.108s][debug][gc,phases,start   ] GC(90) ClassLoaderData
[1.108s][debug][gc,phases         ] GC(90) ClassLoaderData 0.004ms
[1.108s][debug][gc,phases,start   ] GC(90) Trigger cleanups
[1.108s][debug][gc,phases         ] GC(90) Trigger cleanups 0.003ms
[1.108s][debug][gc,phases         ] GC(90) Phase 1: Class Unloading and Cleanup 0.105ms
[1.108s][debug][gc,phases,start   ] GC(90) Report Object Count
[1.108s][debug][gc,phases         ] GC(90) Report Object Count 0.006ms
[1.108s][info ][gc,phases         ] GC(90) Phase 1: Mark live objects 1.108ms
[1.108s][info ][gc,phases,start   ] GC(90) Phase 2: Prepare for compaction
[1.108s][info ][gc,phases         ] GC(90) Phase 2: Prepare for compaction 0.151ms
[1.108s][info ][gc,phases,start   ] GC(90) Phase 3: Adjust pointers
[1.108s][info ][gc,phases         ] GC(90) Phase 3: Adjust pointers 0.284ms
[1.108s][info ][gc,phases,start   ] GC(90) Phase 4: Compact heap
[1.108s][info ][gc,phases         ] GC(90) Phase 4: Compact heap 0.221ms
[1.108s][debug][gc,ergo           ] GC(90) Running G1 Clear Bitmap with 4 workers for 4 work units.
[1.109s][debug][gc,ergo,ihop      ] GC(90) Request concurrent cycle initiation (occupancy higher than threshold) occupancy: 267386880B allocation request: 0B threshold: 201914742B (75.22) source: end of Full GC
[1.109s][debug][gc,alloc,stats    ] Old generation allocation in the last mutator period, old gen allocated: 0B, humongous allocated: 0B,old gen growth: 0B.
[1.109s][info ][gc,heap           ] GC(90) Eden regions: 0->0(12)
[1.109s][info ][gc,heap           ] GC(90) Survivor regions: 0->0(1)
[1.109s][info ][gc,heap           ] GC(90) Old regions: 162->162
[1.109s][info ][gc,heap           ] GC(90) Archive regions: 2->2
[1.109s][info ][gc,heap           ] GC(90) Humongous regions: 91->91
[1.109s][info ][gc,metaspace      ] GC(90) Metaspace: 136K(320K)->136K(320K) NonClass: 131K(192K)->131K(192K) Class: 5K(128K)->5K(128K)
[1.109s][debug][gc,heap           ] GC(90) Heap after GC invocations=82 (full 20):
[1.109s][debug][gc,heap           ] GC(90)  garbage-first heap   total 262144K, used 249055K [0x00000000f0000000, 0x0000000100000000)
[1.109s][debug][gc,heap           ] GC(90)   region size 1024K, 0 young (0K), 0 survivors (0K)
[1.109s][debug][gc,heap           ] GC(90)  Metaspace       used 136K, committed 320K, reserved 1114112K
[1.109s][debug][gc,heap           ] GC(90)   class space    used 5K, committed 128K, reserved 1048576K
[1.109s][info ][gc                ] GC(90) Pause Full (G1 Compaction Pause) 243M->243M(256M) 2.185ms
[1.109s][info ][gc,cpu            ] GC(90) User=0.00s Sys=0.00s Real=0.00s
[1.109s][debug][gc,ergo,heap      ] Attempt heap expansion (allocation request failed). Allocation request: 1048592B
[1.109s][debug][gc,ergo,heap      ] Expand the heap. requested expansion amount: 1048592B expansion amount: 2097152B
[1.109s][debug][gc,ergo,heap      ] Did not expand the heap (heap already fully expanded)
[1.111s][debug][gc,heap           ] GC(91) Heap before GC invocations=82 (full 20):
[1.111s][debug][gc,heap           ] GC(91)  garbage-first heap   total 262144K, used 249055K [0x00000000f0000000, 0x0000000100000000)
[1.111s][debug][gc,heap           ] GC(91)   region size 1024K, 1 young (1024K), 0 survivors (0K)
[1.111s][debug][gc,heap           ] GC(91)  Metaspace       used 136K, committed 320K, reserved 1114112K
[1.111s][debug][gc,heap           ] GC(91)   class space    used 5K, committed 128K, reserved 1048576K
[1.111s][debug][gc,ergo           ] GC(91) Initiate concurrent cycle (concurrent cycle initiation requested)
[1.111s][info ][gc,start          ] GC(91) Pause Young (Concurrent Start) (G1 Evacuation Pause)
[1.111s][info ][gc,task           ] GC(91) Using 12 workers of 13 for evacuation
[1.111s][debug][gc,tlab           ] GC(91) TLAB totals: thrds: 6  refills: 6 max: 1 slow allocs: 7 max 2 waste: 52.3% gc: 359240B max: 126784B slow: 0B max: 0B
[1.111s][debug][gc,age            ] GC(91) Desired survivor size 1048576 bytes, new threshold 15 (max threshold 15)
[1.111s][debug][gc,refine,stats   ] GC(91) Mutator refinement: 0.00ms, refined: 0, precleaned: 0, dirtied: 23
[1.111s][debug][gc,refine,stats   ] GC(91) Concurrent refinement: 0.00ms, refined: 0, precleaned: 0, dirtied: 0
[1.111s][debug][gc,refine,stats   ] GC(91) Total refinement: 0.00ms, refined: 0, precleaned: 0, dirtied: 23
[1.111s][debug][gc,refine,stats   ] GC(91) Generate dirty cards rate: 8.87 cards/ms
[1.111s][debug][gc,alloc,region   ] GC(91) Mutator Allocation stats, regions: 1, wasted size: 0B ( 0.0%)
[1.111s][debug][gc,humongous      ] GC(91) Humongous region 0 (object size 1048592 @ 0x00000000f0000000) remset 0 code roots 0 marked 0 reclaim candidate 0 type array 1
[1.111s][debug][gc,humongous      ] GC(91) Humongous region 2 (object size 1048592 @ 0x00000000f0200000) remset 0 code roots 0 marked 0 reclaim candidate 0 type array 1
[1.111s][debug][gc,humongous      ] GC(91) Humongous region 22 (object size 1048592 @ 0x00000000f1600000) remset 0 code roots 0 marked 0 reclaim candidate 0 type array 1
[1.111s][debug][gc,humongous      ] GC(91) Humongous region 42 (object size 1048592 @ 0x00000000f2a00000) remset 0 code roots 0 marked 0 reclaim candidate 0 type array 1
[1.111s][debug][gc,humongous      ] GC(91) Humongous region 64 (object size 1048592 @ 0x00000000f4000000) remset 0 code roots 0 marked 0 reclaim candidate 0 type array 1
[1.111s][debug][gc,humongous      ] GC(91) Humongous region 4 (object size 1048592 @ 0x00000000f0400000) remset 0 code roots 0 marked 0 reclaim candidate 0 type array 1
[1.111s][debug][gc,humongous      ] GC(91) Humongous region 83 (object size 1048592 @ 0x00000000f5300000) remset 0 code roots 0 marked 0 reclaim candidate 0 type array 1
[1.111s][debug][gc,humongous      ] GC(91) Humongous region 6 (object size 1048592 @ 0x00000000f0600000) remset 0 code roots 0 marked 0 reclaim candidate 0 type array 1
[1.111s][debug][gc,humongous      ] GC(91) Humongous region 60 (object size 1048592 @ 0x00000000f3c00000) remset 0 code roots 0 marked 0 reclaim candidate 0 type array 1
[1.111s][debug][gc,humongous      ] GC(91) Humongous region 8 (object size 1048592 @ 0x00000000f0800000) remset 0 code roots 0 marked 0 reclaim candidate 0 type array 1
[1.111s][debug][gc,humongous      ] GC(91) Humongous region 244 (object size 1048592 @ 0x00000000ff400000) remset 0 code roots 0 marked 0 reclaim candidate 0 type array 1
[1.111s][debug][gc,humongous      ] GC(91) Humongous region 24 (object size 1048592 @ 0x00000000f1800000) remset 0 code roots 0 marked 0 reclaim candidate 0 type array 1
[1.111s][debug][gc,humongous      ] GC(91) Humongous region 159 (object size 10485776 @ 0x00000000f9f00000) remset 0 code roots 0 marked 0 reclaim candidate 0 type array 1
[1.111s][debug][gc,humongous      ] GC(91) Humongous region 203 (object size 1048592 @ 0x00000000fcb00000) remset 0 code roots 0 marked 0 reclaim candidate 0 type array 1
[1.111s][debug][gc,humongous      ] GC(91) Humongous region 216 (object size 10485776 @ 0x00000000fd800000) remset 0 code roots 0 marked 0 reclaim candidate 0 type array 1
[1.111s][debug][gc,humongous      ] GC(91) Humongous region 20 (object size 1048592 @ 0x00000000f1400000) remset 0 code roots 0 marked 0 reclaim candidate 0 type array 1
[1.112s][debug][gc,humongous      ] GC(91) Humongous region 28 (object size 1048592 @ 0x00000000f1c00000) remset 0 code roots 0 marked 0 reclaim candidate 0 type array 1
[1.112s][debug][gc,humongous      ] GC(91) Humongous region 30 (object size 1048592 @ 0x00000000f1e00000) remset 0 code roots 0 marked 0 reclaim candidate 0 type array 1
[1.111s][debug][gc,humongous      ] GC(91) Humongous region 238 (object size 1048592 @ 0x00000000fee00000) remset 0 code roots 0 marked 0 reclaim candidate 0 type array 1
[1.111s][debug][gc,humongous      ] GC(91) Humongous region 12 (object size 1048592 @ 0x00000000f0c00000) remset 0 code roots 0 marked 0 reclaim candidate 0 type array 1
[1.112s][debug][gc,humongous      ] GC(91) Humongous region 36 (object size 1048592 @ 0x00000000f2400000) remset 0 code roots 0 marked 0 reclaim candidate 0 type array 1
[1.111s][debug][gc,humongous      ] GC(91) Humongous region 14 (object size 1048592 @ 0x00000000f0e00000) remset 0 code roots 0 marked 0 reclaim candidate 0 type array 1
[1.111s][debug][gc,humongous      ] GC(91) Humongous region 16 (object size 1048592 @ 0x00000000f1000000) remset 0 code roots 0 marked 0 reclaim candidate 0 type array 1
[1.111s][debug][gc,humongous      ] GC(91) Humongous region 26 (object size 1048592 @ 0x00000000f1a00000) remset 0 code roots 0 marked 0 reclaim candidate 0 type array 1
[1.111s][debug][gc,humongous      ] GC(91) Humongous region 18 (object size 1048592 @ 0x00000000f1200000) remset 0 code roots 0 marked 0 reclaim candidate 0 type array 1
[1.111s][debug][gc,humongous      ] GC(91) Humongous region 249 (object size 1048592 @ 0x00000000ff900000) remset 0 code roots 0 marked 0 reclaim candidate 0 type array 1
[1.111s][debug][gc,humongous      ] GC(91) Humongous region 126 (object size 1048592 @ 0x00000000f7e00000) remset 0 code roots 0 marked 0 reclaim candidate 0 type array 1
[1.112s][debug][gc,humongous      ] GC(91) Humongous region 32 (object size 1048592 @ 0x00000000f2000000) remset 0 code roots 0 marked 0 reclaim candidate 0 type array 1
[1.111s][debug][gc,humongous      ] GC(91) Humongous region 10 (object size 1048592 @ 0x00000000f0a00000) remset 0 code roots 0 marked 0 reclaim candidate 0 type array 1
[1.112s][debug][gc,humongous      ] GC(91) Humongous region 34 (object size 1048592 @ 0x00000000f2200000) remset 0 code roots 0 marked 0 reclaim candidate 0 type array 1
[1.112s][debug][gc,humongous      ] GC(91) Humongous region 38 (object size 1048592 @ 0x00000000f2600000) remset 0 code roots 0 marked 0 reclaim candidate 0 type array 1
[1.111s][debug][gc,humongous      ] GC(91) Humongous region 85 (object size 10485776 @ 0x00000000f5500000) remset 0 code roots 0 marked 0 reclaim candidate 0 type array 1
[1.112s][debug][gc,ergo           ] GC(91) Running G1 Merge Heap Roots using 12 workers for 1 regions
[1.112s][debug][gc,remset         ] GC(91) Visited cards 96 Total dirty 4096 (2.34%) Total old 526336 (0.02%)
[1.112s][debug][gc,ergo,heap      ] GC(91) Attempt heap expansion (region allocation request failed). Allocation request: 65552B
[1.112s][debug][gc,ergo,heap      ] GC(91) Did not expand the heap (heap already fully expanded)
[1.112s][debug][gc,ref            ] GC(91) Skipped phase 1 of Reference Processing: no references
[1.112s][debug][gc,ref            ] GC(91) Skipped phase 2 of Reference Processing: no references
[1.112s][debug][gc,ref            ] GC(91) Skipped phase 3 of Reference Processing: no references
[1.112s][debug][gc,ref            ] GC(91) Skipped phase 4 of Reference Processing: no references
[1.113s][debug][gc,ergo           ] GC(91) Running G1 Rebuild Free List Task using 12 workers for rebuilding free list of regions
[1.113s][debug][gc,plab           ] GC(91) Young PLAB allocation: allocated: 0B, wasted: 0B, unused: 0B, used: 0B, undo waste: 0B, 
[1.113s][debug][gc,plab           ] GC(91) Young other allocation: region end waste: 0B, regions filled: 0, direct allocated: 0B, failure used: 0B, failure wasted: 0B
[1.113s][debug][gc,plab           ] GC(91) Young sizing: calculated: 0B, actual: 2064B
[1.113s][debug][gc,plab           ] GC(91) Old PLAB allocation: allocated: 0B, wasted: 0B, unused: 0B, used: 0B, undo waste: 0B, 
[1.113s][debug][gc,plab           ] GC(91) Old other allocation: region end waste: 0B, regions filled: 0, direct allocated: 0B, failure used: 655616B, failure wasted: 392960B
[1.113s][debug][gc,plab           ] GC(91) Old sizing: calculated: 0B, actual: 2064B
[1.113s][debug][gc,ergo,heap      ] GC(91) Heap expansion: short term pause time ratio 93.73% long term pause time ratio 9.68% threshold 7.69% pause time ratio 7.69% fully expanded true resize by 0B
[1.113s][debug][gc,mmu            ] GC(91) MMU: 9.9ms (50.0ms/51.0ms)
[1.113s][debug][gc,alloc,stats    ] Old generation allocation in the last mutator period, old gen allocated: 1048576B, humongous allocated: 0B,old gen growth: 1048576B.
[1.113s][debug][gc,ihop           ] GC(91) Basic information (value update), threshold: 201188655B (74.95), target occupancy: 268435456B, current occupancy: 256047648B, recent allocation size: 1048576B, recent allocation duration: 2.59ms, recent old gen allocation rate: 404246575.24B/s, recent marking phase length: 9.93ms
[1.113s][debug][gc,ihop           ] GC(91) Adaptive IHOP information (value update), threshold: 201188655B (88.17), internal target occupancy: 228170137B, occupancy: 256047648B, additional buffer size: 12582912B, predicted old gen allocation rate: 274276560.37B/s, predicted marking phase length: 52.50ms, prediction active: true
[1.113s][debug][gc,ergo,refine    ] GC(91) Concurrent refinement times: Logged Cards Scan time goal: 5.00ms Logged Cards Scan time: 0.00ms HCC time: 0.00ms
[1.113s][debug][gc,ergo,refine    ] GC(91) Updated Refinement Zones: green: 3328, yellow: 9984, red: 16640
[1.113s][info ][gc                ] GC(91) To-space exhausted
[1.113s][info ][gc,phases         ] GC(91)   Pre Evacuate Collection Set: 0.5ms
[1.113s][debug][gc,phases         ] GC(91)     Prepare TLABs: 0.0ms
[1.113s][debug][gc,phases         ] GC(91)     Concatenate Dirty Card Logs: 0.0ms
[1.113s][debug][gc,phases         ] GC(91)     Choose Collection Set: 0.0ms
[1.113s][debug][gc,phases         ] GC(91)     Region Register: 0.5ms
[1.113s][debug][gc,phases         ] GC(91)     Prepare Heap Roots: 0.0ms
[1.113s][debug][gc,phases         ] GC(91)     Clear Claimed Marks: 0.0ms
[1.113s][info ][gc,phases         ] GC(91)   Merge Heap Roots: 0.2ms
[1.113s][debug][gc,phases         ] GC(91)     Prepare Merge Heap Roots: 0.0ms
[1.113s][debug][gc,phases         ] GC(91)     Eager Reclaim (ms):            skipped
[1.113s][debug][gc,phases         ] GC(91)     Remembered Sets (ms):          Min:  0.0, Avg:  0.0, Max:  0.0, Diff:  0.0, Sum:  0.0, Workers: 12
[1.113s][debug][gc,phases         ] GC(91)       Merged Sparse:                 Min: 0, Avg:  0.0, Max: 0, Diff: 0, Sum: 0, Workers: 12
[1.113s][debug][gc,phases         ] GC(91)       Merged Fine:                   Min: 0, Avg:  0.0, Max: 0, Diff: 0, Sum: 0, Workers: 12
[1.113s][debug][gc,phases         ] GC(91)       Merged Coarse:                 Min: 0, Avg:  0.0, Max: 0, Diff: 0, Sum: 0, Workers: 12
[1.113s][debug][gc,phases         ] GC(91)       Dirty Cards:                   Min: 0, Avg:  0.0, Max: 0, Diff: 0, Sum: 0, Workers: 12
[1.113s][debug][gc,phases         ] GC(91)     Hot Card Cache (ms):           Min:  0.0, Avg:  0.0, Max:  0.0, Diff:  0.0, Sum:  0.0, Workers: 12
[1.113s][debug][gc,phases         ] GC(91)       Dirty Cards:                   Min: 0, Avg:  0.0, Max: 0, Diff: 0, Sum: 0, Workers: 12
[1.113s][debug][gc,phases         ] GC(91)       Skipped Cards:                 Min: 0, Avg:  0.0, Max: 0, Diff: 0, Sum: 0, Workers: 12
[1.113s][debug][gc,phases         ] GC(91)     Log Buffers (ms):              Min:  0.0, Avg:  0.0, Max:  0.0, Diff:  0.0, Sum:  0.0, Workers: 12
[1.113s][debug][gc,phases         ] GC(91)       Dirty Cards:                   Min: 0, Avg:  1.2, Max: 15, Diff: 15, Sum: 15, Workers: 12
[1.113s][debug][gc,phases         ] GC(91)       Skipped Cards:                 Min: 0, Avg:  0.0, Max: 0, Diff: 0, Sum: 0, Workers: 12
[1.113s][info ][gc,phases         ] GC(91)   Evacuate Collection Set: 0.4ms
[1.113s][debug][gc,phases         ] GC(91)     Ext Root Scanning (ms):        Min:  0.0, Avg:  0.0, Max:  0.1, Diff:  0.1, Sum:  0.2, Workers: 12
[1.113s][debug][gc,phases         ] GC(91)     Scan Heap Roots (ms):          Min:  0.0, Avg:  0.0, Max:  0.0, Diff:  0.0, Sum:  0.0, Workers: 12
[1.113s][debug][gc,phases         ] GC(91)       Scanned Cards:                 Min: 0, Avg:  1.9, Max: 20, Diff: 20, Sum: 23, Workers: 12
[1.113s][debug][gc,phases         ] GC(91)       Scanned Blocks:                Min: 0, Avg:  0.2, Max: 2, Diff: 2, Sum: 3, Workers: 12
[1.113s][debug][gc,phases         ] GC(91)       Claimed Chunks:                Min: 0, Avg:  0.2, Max: 2, Diff: 2, Sum: 3, Workers: 12
[1.113s][debug][gc,phases         ] GC(91)     Code Root Scan (ms):           Min:  0.0, Avg:  0.0, Max:  0.0, Diff:  0.0, Sum:  0.0, Workers: 12
[1.113s][debug][gc,phases         ] GC(91)     Object Copy (ms):              Min:  0.0, Avg:  0.0, Max:  0.0, Diff:  0.0, Sum:  0.0, Workers: 12
[1.113s][debug][gc,phases         ] GC(91)     Termination (ms):              Min:  0.1, Avg:  0.2, Max:  0.2, Diff:  0.1, Sum:  2.5, Workers: 12
[1.113s][debug][gc,phases         ] GC(91)       Termination Attempts:          Min: 1, Avg:  1.2, Max: 2, Diff: 1, Sum: 14, Workers: 12
[1.113s][debug][gc,phases         ] GC(91)     GC Worker Other (ms):          Min:  0.0, Avg:  0.0, Max:  0.0, Diff:  0.0, Sum:  0.0, Workers: 12
[1.113s][debug][gc,phases         ] GC(91)     GC Worker Total (ms):          Min:  0.1, Avg:  0.2, Max:  0.3, Diff:  0.2, Sum:  2.8, Workers: 12
[1.113s][info ][gc,phases         ] GC(91)   Post Evacuate Collection Set: 0.5ms
[1.113s][debug][gc,phases         ] GC(91)     Code Roots Fixup: 0.0ms
[1.113s][debug][gc,phases         ] GC(91)     Reference Processing: 0.0ms
[1.113s][debug][gc,phases,ref     ] GC(91)       Reconsider SoftReferences: 0.0ms
[1.113s][debug][gc,phases,ref     ] GC(91)         SoftRef (ms):                  skipped
[1.113s][debug][gc,phases,ref     ] GC(91)       Notify Soft/WeakReferences: 0.0ms
[1.113s][debug][gc,phases,ref     ] GC(91)         SoftRef (ms):                  skipped
[1.113s][debug][gc,phases,ref     ] GC(91)         WeakRef (ms):                  skipped
[1.113s][debug][gc,phases,ref     ] GC(91)         FinalRef (ms):                 skipped
[1.113s][debug][gc,phases,ref     ] GC(91)         Total (ms):                    skipped
[1.113s][debug][gc,phases,ref     ] GC(91)       Notify and keep alive finalizable: 0.0ms
[1.113s][debug][gc,phases,ref     ] GC(91)         FinalRef (ms):                 skipped
[1.113s][debug][gc,phases,ref     ] GC(91)       Notify PhantomReferences: 0.0ms
[1.113s][debug][gc,phases,ref     ] GC(91)         PhantomRef (ms):               skipped
[1.113s][debug][gc,phases,ref     ] GC(91)       SoftReference:
[1.113s][debug][gc,phases,ref     ] GC(91)         Discovered: 0
[1.113s][debug][gc,phases,ref     ] GC(91)         Cleared: 0
[1.113s][debug][gc,phases,ref     ] GC(91)       WeakReference:
[1.113s][debug][gc,phases,ref     ] GC(91)         Discovered: 0
[1.113s][debug][gc,phases,ref     ] GC(91)         Cleared: 0
[1.113s][debug][gc,phases,ref     ] GC(91)       FinalReference:
[1.113s][debug][gc,phases,ref     ] GC(91)         Discovered: 0
[1.113s][debug][gc,phases,ref     ] GC(91)         Cleared: 0
[1.113s][debug][gc,phases,ref     ] GC(91)       PhantomReference:
[1.113s][debug][gc,phases,ref     ] GC(91)         Discovered: 0
[1.113s][debug][gc,phases,ref     ] GC(91)         Cleared: 0
[1.113s][debug][gc,phases         ] GC(91)     Weak Processing: 0.0ms
[1.113s][debug][gc,phases         ] GC(91)       VM Weak                        Min:  0.0, Avg:  0.0, Max:  0.0, Diff:  0.0, Sum:  0.0, Workers: 1
[1.113s][debug][gc,phases         ] GC(91)         Dead                           Min: 0, Avg:  0.0, Max: 0, Diff: 0, Sum: 0, Workers: 1
[1.113s][debug][gc,phases         ] GC(91)         Total                          Min: 4, Avg:  4.0, Max: 4, Diff: 0, Sum: 4, Workers: 1
[1.113s][debug][gc,phases         ] GC(91)       ObjectSynchronizer Weak        Min:  0.0, Avg:  0.0, Max:  0.0, Diff:  0.0, Sum:  0.0, Workers: 1
[1.113s][debug][gc,phases         ] GC(91)         Dead                           Min: 0, Avg:  0.0, Max: 0, Diff: 0, Sum: 0, Workers: 1
[1.113s][debug][gc,phases         ] GC(91)         Total                          Min: 4, Avg:  4.0, Max: 4, Diff: 0, Sum: 4, Workers: 1
[1.113s][debug][gc,phases         ] GC(91)       JVMTI Tag Weak OopStorage      Min:  0.0, Avg:  0.0, Max:  0.0, Diff:  0.0, Sum:  0.0, Workers: 1
[1.113s][debug][gc,phases         ] GC(91)         Dead                           Min: 0, Avg:  0.0, Max: 0, Diff: 0, Sum: 0, Workers: 1
[1.113s][debug][gc,phases         ] GC(91)         Total                          Min: 0, Avg:  0.0, Max: 0, Diff: 0, Sum: 0, Workers: 1
[1.113s][debug][gc,phases         ] GC(91)       StringTable Weak               Min:  0.0, Avg:  0.0, Max:  0.0, Diff:  0.0, Sum:  0.0, Workers: 1
[1.113s][debug][gc,phases         ] GC(91)         Dead                           Min: 0, Avg:  0.0, Max: 0, Diff: 0, Sum: 0, Workers: 1
[1.113s][debug][gc,phases         ] GC(91)         Total                          Min: 41, Avg: 41.0, Max: 41, Diff: 0, Sum: 41, Workers: 1
[1.113s][debug][gc,phases         ] GC(91)       ResolvedMethodTable Weak       Min:  0.0, Avg:  0.0, Max:  0.0, Diff:  0.0, Sum:  0.0, Workers: 1
[1.113s][debug][gc,phases         ] GC(91)         Dead                           Min: 0, Avg:  0.0, Max: 0, Diff: 0, Sum: 0, Workers: 1
[1.113s][debug][gc,phases         ] GC(91)         Total                          Min: 22, Avg: 22.0, Max: 22, Diff: 0, Sum: 22, Workers: 1
[1.113s][debug][gc,phases         ] GC(91)       JNI Weak                       Min:  0.0, Avg:  0.0, Max:  0.0, Diff:  0.0, Sum:  0.0, Workers: 1
[1.113s][debug][gc,phases         ] GC(91)         Dead                           Min: 0, Avg:  0.0, Max: 0, Diff: 0, Sum: 0, Workers: 1
[1.113s][debug][gc,phases         ] GC(91)         Total                          Min: 0, Avg:  0.0, Max: 0, Diff: 0, Sum: 0, Workers: 1
[1.113s][debug][gc,phases         ] GC(91)       StringDedup Table Weak         Min:  0.0, Avg:  0.0, Max:  0.0, Diff:  0.0, Sum:  0.0, Workers: 1
[1.113s][debug][gc,phases         ] GC(91)         Dead                           Min: 0, Avg:  0.0, Max: 0, Diff: 0, Sum: 0, Workers: 1
[1.113s][debug][gc,phases         ] GC(91)         Total                          Min: 0, Avg:  0.0, Max: 0, Diff: 0, Sum: 0, Workers: 1
[1.113s][debug][gc,phases         ] GC(91)       StringDedup Requests0 Weak     Min:  0.0, Avg:  0.0, Max:  0.0, Diff:  0.0, Sum:  0.0, Workers: 1
[1.113s][debug][gc,phases         ] GC(91)         Dead                           Min: 0, Avg:  0.0, Max: 0, Diff: 0, Sum: 0, Workers: 1
[1.113s][debug][gc,phases         ] GC(91)         Total                          Min: 0, Avg:  0.0, Max: 0, Diff: 0, Sum: 0, Workers: 1
[1.113s][debug][gc,phases         ] GC(91)       StringDedup Requests1 Weak     Min:  0.0, Avg:  0.0, Max:  0.0, Diff:  0.0, Sum:  0.0, Workers: 1
[1.113s][debug][gc,phases         ] GC(91)         Dead                           Min: 0, Avg:  0.0, Max: 0, Diff: 0, Sum: 0, Workers: 1
[1.113s][debug][gc,phases         ] GC(91)         Total                          Min: 0, Avg:  0.0, Max: 0, Diff: 0, Sum: 0, Workers: 1
[1.113s][debug][gc,phases         ] GC(91)       Weak JFR Old Object Samples    Min:  0.0, Avg:  0.0, Max:  0.0, Diff:  0.0, Sum:  0.0, Workers: 1
[1.113s][debug][gc,phases         ] GC(91)         Dead                           Min: 0, Avg:  0.0, Max: 0, Diff: 0, Sum: 0, Workers: 1
[1.113s][debug][gc,phases         ] GC(91)         Total                          Min: 0, Avg:  0.0, Max: 0, Diff: 0, Sum: 0, Workers: 1
[1.113s][debug][gc,phases         ] GC(91)     Post Evacuate Cleanup 1: 0.1ms
[1.113s][debug][gc,phases         ] GC(91)       Merge Per-Thread State (ms):   Min:  0.0, Avg:  0.0, Max:  0.0, Diff:  0.0, Sum:  0.0, Workers: 1
[1.113s][debug][gc,phases         ] GC(91)         Copied Bytes                   Min: 0, Avg:  0.0, Max: 0, Diff: 0, Sum: 0, Workers: 12
[1.113s][debug][gc,phases         ] GC(91)         LAB Waste                      Min: 0, Avg:  0.0, Max: 0, Diff: 0, Sum: 0, Workers: 12
[1.113s][debug][gc,phases         ] GC(91)         LAB Undo Waste                 Min: 0, Avg:  0.0, Max: 0, Diff: 0, Sum: 0, Workers: 12
[1.113s][debug][gc,phases         ] GC(91)       Clear Logged Cards (ms):       Min:  0.0, Avg:  0.0, Max:  0.0, Diff:  0.0, Sum:  0.0, Workers: 4
[1.113s][debug][gc,phases         ] GC(91)       Recalculate Used Memory (ms):  Min:  0.0, Avg:  0.0, Max:  0.0, Diff:  0.0, Sum:  0.0, Workers: 1
[1.113s][debug][gc,phases         ] GC(91)       Remove Self Forwards (ms):     Min:  0.0, Avg:  0.0, Max:  0.0, Diff:  0.0, Sum:  0.0, Workers: 4
[1.113s][debug][gc,phases         ] GC(91)     Post Evacuate Cleanup 2: 0.2ms
[1.113s][debug][gc,phases         ] GC(91)       Recalculate Used Memory (ms):  Min:  0.0, Avg:  0.0, Max:  0.0, Diff:  0.0, Sum:  0.0, Workers: 1
[1.113s][debug][gc,phases         ] GC(91)       Restore Preserved Marks (ms):  Min:  0.0, Avg:  0.0, Max:  0.0, Diff:  0.0, Sum:  0.0, Workers: 12
[1.113s][debug][gc,phases         ] GC(91)       Reset Hot Card Cache (ms):     Min:  0.0, Avg:  0.0, Max:  0.0, Diff:  0.0, Sum:  0.0, Workers: 1
[1.113s][debug][gc,phases         ] GC(91)       Purge Code Roots (ms):         Min:  0.0, Avg:  0.0, Max:  0.0, Diff:  0.0, Sum:  0.0, Workers: 1
[1.113s][debug][gc,phases         ] GC(91)       Update Derived Pointers (ms):  Min:  0.0, Avg:  0.0, Max:  0.0, Diff:  0.0, Sum:  0.0, Workers: 1
[1.113s][debug][gc,phases         ] GC(91)       Eagerly Reclaim Humongous Objects (ms): Min:  0.0, Avg:  0.0, Max:  0.0, Diff:  0.0, Sum:  0.0, Workers: 1
[1.113s][debug][gc,phases         ] GC(91)         Humongous Total                Min: 32, Avg: 32.0, Max: 32, Diff: 0, Sum: 32, Workers: 1
[1.113s][debug][gc,phases         ] GC(91)         Humongous Candidates           Min: 0, Avg:  0.0, Max: 0, Diff: 0, Sum: 0, Workers: 1
[1.113s][debug][gc,phases         ] GC(91)         Humongous Reclaimed            Min: 0, Avg:  0.0, Max: 0, Diff: 0, Sum: 0, Workers: 1
[1.113s][debug][gc,phases         ] GC(91)       Redirty Logged Cards (ms):     Min:  0.0, Avg:  0.0, Max:  0.0, Diff:  0.0, Sum:  0.0, Workers: 12
[1.113s][debug][gc,phases         ] GC(91)         Redirtied Cards:               Min: 0, Avg:  0.2, Max: 3, Diff: 3, Sum: 3, Workers: 12
[1.113s][debug][gc,phases         ] GC(91)       Free Collection Set (ms):      Min:  0.0, Avg:  0.0, Max:  0.0, Diff:  0.0, Sum:  0.0, Workers: 12
[1.113s][debug][gc,phases         ] GC(91)     Rebuild Free List: 0.2ms
[1.113s][debug][gc,phases         ] GC(91)     Start New Collection Set: 0.0ms
[1.113s][debug][gc,phases         ] GC(91)     Resize TLABs: 0.0ms
[1.113s][debug][gc,phases         ] GC(91)     Expand Heap After Collection: 0.0ms
[1.113s][info ][gc,phases         ] GC(91)   Other: 0.2ms
[1.113s][info ][gc,heap           ] GC(91) Eden regions: 1->0(12)
[1.113s][info ][gc,heap           ] GC(91) Survivor regions: 0->0(0)
[1.113s][info ][gc,heap           ] GC(91) Old regions: 162->163
[1.113s][info ][gc,heap           ] GC(91) Archive regions: 2->2
[1.113s][info ][gc,heap           ] GC(91) Humongous regions: 91->91
[1.113s][info ][gc,metaspace      ] GC(91) Metaspace: 136K(320K)->136K(320K) NonClass: 131K(192K)->131K(192K) Class: 5K(128K)->5K(128K)
[1.113s][debug][gc,heap           ] GC(91) Heap after GC invocations=83 (full 20):
[1.113s][debug][gc,heap           ] GC(91)  garbage-first heap   total 262144K, used 250046K [0x00000000f0000000, 0x0000000100000000)
[1.113s][debug][gc,heap           ] GC(91)   region size 1024K, 0 young (0K), 0 survivors (0K)
[1.113s][debug][gc,heap           ] GC(91)  Metaspace       used 136K, committed 320K, reserved 1114112K
[1.113s][debug][gc,heap           ] GC(91)   class space    used 5K, committed 128K, reserved 1048576K
[1.113s][info ][gc                ] GC(91) Pause Young (Concurrent Start) (G1 Evacuation Pause) 244M->244M(256M) 2.127ms
[1.113s][info ][gc,cpu            ] GC(91) User=0.00s Sys=0.00s Real=0.01s
[1.113s][debug][gc,ergo,heap      ] Attempt heap expansion (allocation request failed). Allocation request: 65552B
[1.113s][debug][gc,ergo,heap      ] Expand the heap. requested expansion amount: 1048576B expansion amount: 1048576B
[1.113s][debug][gc,ergo,heap      ] Did not expand the heap (heap already fully expanded)
[1.113s][info ][gc,ergo           ] Attempting full compaction
[1.113s][info ][gc                ] GC(92) Concurrent Mark Cycle
[1.113s][info ][gc,marking        ] GC(92) Concurrent Clear Claimed Marks
[1.113s][info ][gc,marking        ] GC(92) Concurrent Clear Claimed Marks 0.019ms
[1.113s][info ][gc,marking        ] GC(92) Concurrent Scan Root Regions
[1.114s][info ][gc,marking        ] GC(92) Concurrent Scan Root Regions 0.018ms
[1.114s][info ][gc,marking        ] GC(92) Concurrent Mark
[1.114s][info ][gc,marking        ] GC(92) Concurrent Mark From Roots
[1.114s][info ][gc,task           ] GC(92) Using 3 workers of 3 for marking
[1.113s][debug][gc,task           ] GC(93) Requesting 9 active workers for full compaction (waste limited workers: 13, adaptive workers: 9, used limited workers: 256)
[1.114s][info ][gc,task           ] GC(93) Using 9 workers of 13 for full compaction
[1.114s][info ][gc,start          ] GC(93) Pause Full (G1 Compaction Pause)
[1.114s][debug][gc,heap           ] GC(93) Heap before GC invocations=83 (full 20):
[1.114s][debug][gc,heap           ] GC(93)  garbage-first heap   total 262144K, used 250046K [0x00000000f0000000, 0x0000000100000000)
[1.114s][debug][gc,heap           ] GC(93)   region size 1024K, 0 young (0K), 0 survivors (0K)
[1.114s][debug][gc,heap           ] GC(93)  Metaspace       used 136K, committed 320K, reserved 1114112K
[1.114s][debug][gc,heap           ] GC(93)   class space    used 5K, committed 128K, reserved 1048576K
[1.114s][debug][gc,start          ] GC(93) Clear Next Bitmap
[1.114s][debug][gc,ergo           ] GC(93) Running G1 Clear Bitmap with 4 workers for 4 work units.
[1.114s][debug][gc                ] GC(93) Clear Next Bitmap 0.156ms
[1.114s][debug][gc,alloc,region   ] GC(93) Mutator Allocation stats, regions: 0, wasted size: 0B ( 0.0%)
[1.114s][info ][gc,phases,start   ] GC(93) Phase 1: Mark live objects
[1.114s][debug][gc,phases,start   ] GC(93) Phase 1: Reference Processing
[1.114s][debug][gc,ref            ] GC(93) Skipped phase 1 of Reference Processing: no references
[1.114s][debug][gc,ref            ] GC(93) Skipped phase 2 of Reference Processing: no references
[1.114s][debug][gc,ref            ] GC(93) Skipped phase 3 of Reference Processing: no references
[1.114s][debug][gc,ref            ] GC(93) ReferenceProcessor::execute queues: 1, RefProcThreadModel::Single, marks_oops_alive: false
[1.114s][debug][gc,phases,ref     ] GC(93) Reference Processing: 0.0ms
[1.115s][debug][gc,phases,ref     ] GC(93)   Reconsider SoftReferences: 0.0ms
[1.115s][debug][gc,phases,ref     ] GC(93)     SoftRef (ms):                  skipped
[1.115s][debug][gc,phases,ref     ] GC(93)   Notify Soft/WeakReferences: 0.0ms
[1.115s][debug][gc,phases,ref     ] GC(93)     SoftRef (ms):                  skipped
[1.115s][debug][gc,phases,ref     ] GC(93)     WeakRef (ms):                  skipped
[1.115s][debug][gc,phases,ref     ] GC(93)     FinalRef (ms):                 skipped
[1.115s][debug][gc,phases,ref     ] GC(93)     Total (ms):                    skipped
[1.115s][debug][gc,phases,ref     ] GC(93)   Notify and keep alive finalizable: 0.0ms
[1.115s][debug][gc,phases,ref     ] GC(93)     FinalRef (ms):                 skipped
[1.115s][debug][gc,phases,ref     ] GC(93)   Notify PhantomReferences: 0.0ms
[1.115s][debug][gc,phases,ref     ] GC(93)     PhantomRef (ms):               Min:  0.0, Avg:  0.0, Max:  0.0, Diff:  0.0, Sum:  0.0, Workers: 13
[1.115s][debug][gc,phases,ref     ] GC(93)   SoftReference:
[1.115s][debug][gc,phases,ref     ] GC(93)     Discovered: 0
[1.115s][debug][gc,phases,ref     ] GC(93)     Cleared: 0
[1.115s][debug][gc,phases,ref     ] GC(93)   WeakReference:
[1.115s][debug][gc,phases,ref     ] GC(93)     Discovered: 0
[1.115s][debug][gc,phases,ref     ] GC(93)     Cleared: 0
[1.115s][debug][gc,phases,ref     ] GC(93)   FinalReference:
[1.115s][debug][gc,phases,ref     ] GC(93)     Discovered: 0
[1.115s][debug][gc,phases,ref     ] GC(93)     Cleared: 0
[1.115s][debug][gc,phases,ref     ] GC(93)   PhantomReference:
[1.115s][debug][gc,phases,ref     ] GC(93)     Discovered: 1
[1.115s][debug][gc,phases,ref     ] GC(93)     Cleared: 1
[1.115s][debug][gc,phases         ] GC(93) Phase 1: Reference Processing 0.130ms
[1.115s][debug][gc,phases,start   ] GC(93) Phase 1: Weak Processing
[1.115s][debug][gc,phases         ] GC(93)   VM Weak                        Min:  0.0, Avg:  0.0, Max:  0.0, Diff:  0.0, Sum:  0.0, Workers: 1
[1.115s][debug][gc,phases         ] GC(93)     Dead                           Min: 0, Avg:  0.0, Max: 0, Diff: 0, Sum: 0, Workers: 1
[1.115s][debug][gc,phases         ] GC(93)     Total                          Min: 4, Avg:  4.0, Max: 4, Diff: 0, Sum: 4, Workers: 1
[1.115s][debug][gc,phases         ] GC(93)   ObjectSynchronizer Weak        Min:  0.0, Avg:  0.0, Max:  0.0, Diff:  0.0, Sum:  0.0, Workers: 1
[1.115s][debug][gc,phases         ] GC(93)     Dead                           Min: 0, Avg:  0.0, Max: 0, Diff: 0, Sum: 0, Workers: 1
[1.115s][debug][gc,phases         ] GC(93)     Total                          Min: 4, Avg:  4.0, Max: 4, Diff: 0, Sum: 4, Workers: 1
[1.115s][debug][gc,phases         ] GC(93)   JVMTI Tag Weak OopStorage      Min:  0.0, Avg:  0.0, Max:  0.0, Diff:  0.0, Sum:  0.0, Workers: 1
[1.115s][debug][gc,phases         ] GC(93)     Dead                           Min: 0, Avg:  0.0, Max: 0, Diff: 0, Sum: 0, Workers: 1
[1.115s][debug][gc,phases         ] GC(93)     Total                          Min: 0, Avg:  0.0, Max: 0, Diff: 0, Sum: 0, Workers: 1
[1.115s][debug][gc,phases         ] GC(93)   StringTable Weak               Min:  0.0, Avg:  0.0, Max:  0.0, Diff:  0.0, Sum:  0.0, Workers: 1
[1.115s][debug][gc,phases         ] GC(93)     Dead                           Min: 0, Avg:  0.0, Max: 0, Diff: 0, Sum: 0, Workers: 1
[1.115s][debug][gc,phases         ] GC(93)     Total                          Min: 41, Avg: 41.0, Max: 41, Diff: 0, Sum: 41, Workers: 1
[1.115s][debug][gc,phases         ] GC(93)   ResolvedMethodTable Weak       Min:  0.0, Avg:  0.0, Max:  0.0, Diff:  0.0, Sum:  0.0, Workers: 1
[1.115s][debug][gc,phases         ] GC(93)     Dead                           Min: 0, Avg:  0.0, Max: 0, Diff: 0, Sum: 0, Workers: 1
[1.115s][debug][gc,phases         ] GC(93)     Total                          Min: 22, Avg: 22.0, Max: 22, Diff: 0, Sum: 22, Workers: 1
[1.115s][debug][gc,phases         ] GC(93)   JNI Weak                       Min:  0.0, Avg:  0.0, Max:  0.0, Diff:  0.0, Sum:  0.0, Workers: 1
[1.115s][debug][gc,phases         ] GC(93)     Dead                           Min: 0, Avg:  0.0, Max: 0, Diff: 0, Sum: 0, Workers: 1
[1.115s][debug][gc,phases         ] GC(93)     Total                          Min: 0, Avg:  0.0, Max: 0, Diff: 0, Sum: 0, Workers: 1
[1.115s][debug][gc,phases         ] GC(93)   StringDedup Table Weak         Min:  0.0, Avg:  0.0, Max:  0.0, Diff:  0.0, Sum:  0.0, Workers: 1
[1.115s][debug][gc,phases         ] GC(93)     Dead                           Min: 0, Avg:  0.0, Max: 0, Diff: 0, Sum: 0, Workers: 1
[1.115s][debug][gc,phases         ] GC(93)     Total                          Min: 0, Avg:  0.0, Max: 0, Diff: 0, Sum: 0, Workers: 1
[1.115s][debug][gc,phases         ] GC(93)   StringDedup Requests0 Weak     Min:  0.0, Avg:  0.0, Max:  0.0, Diff:  0.0, Sum:  0.0, Workers: 1
[1.115s][debug][gc,phases         ] GC(93)     Dead                           Min: 0, Avg:  0.0, Max: 0, Diff: 0, Sum: 0, Workers: 1
[1.115s][debug][gc,phases         ] GC(93)     Total                          Min: 0, Avg:  0.0, Max: 0, Diff: 0, Sum: 0, Workers: 1
[1.115s][debug][gc,phases         ] GC(93)   StringDedup Requests1 Weak     Min:  0.0, Avg:  0.0, Max:  0.0, Diff:  0.0, Sum:  0.0, Workers: 1
[1.115s][debug][gc,phases         ] GC(93)     Dead                           Min: 0, Avg:  0.0, Max: 0, Diff: 0, Sum: 0, Workers: 1
[1.115s][debug][gc,phases         ] GC(93)     Total                          Min: 0, Avg:  0.0, Max: 0, Diff: 0, Sum: 0, Workers: 1
[1.115s][debug][gc,phases         ] GC(93)   Weak JFR Old Object Samples    Min:  0.0, Avg:  0.0, Max:  0.0, Diff:  0.0, Sum:  0.0, Workers: 1
[1.115s][debug][gc,phases         ] GC(93)     Dead                           Min: 0, Avg:  0.0, Max: 0, Diff: 0, Sum: 0, Workers: 1
[1.115s][debug][gc,phases         ] GC(93)     Total                          Min: 0, Avg:  0.0, Max: 0, Diff: 0, Sum: 0, Workers: 1
[1.115s][debug][gc,phases         ] GC(93) Phase 1: Weak Processing 0.161ms
[1.115s][debug][gc,phases,start   ] GC(93) Phase 1: Class Unloading and Cleanup
[1.115s][debug][gc,phases,start   ] GC(93) ClassLoaderData
[1.115s][debug][gc,phases         ] GC(93) ClassLoaderData 0.004ms
[1.115s][debug][gc,phases,start   ] GC(93) Trigger cleanups
[1.115s][debug][gc,phases         ] GC(93) Trigger cleanups 0.003ms
[1.115s][debug][gc,phases         ] GC(93) Phase 1: Class Unloading and Cleanup 0.141ms
[1.115s][debug][gc,phases,start   ] GC(93) Report Object Count
[1.115s][debug][gc,phases         ] GC(93) Report Object Count 0.006ms
[1.115s][info ][gc,phases         ] GC(93) Phase 1: Mark live objects 1.075ms
[1.115s][info ][gc,phases,start   ] GC(93) Phase 2: Prepare for compaction
[1.115s][debug][gc,phases,start   ] GC(93) Phase 2: Prepare Serial Compaction
[1.115s][debug][gc,phases         ] GC(93) Phase 2: Prepare Serial Compaction 0.023ms
[1.115s][info ][gc,phases         ] GC(93) Phase 2: Prepare for compaction 0.199ms
[1.115s][info ][gc,phases,start   ] GC(93) Phase 3: Adjust pointers
[1.115s][info ][gc,phases         ] GC(93) Phase 3: Adjust pointers 0.296ms
[1.115s][info ][gc,phases,start   ] GC(93) Phase 4: Compact heap
[1.123s][debug][gc,phases,start   ] GC(93) Phase 4: Serial Compaction
[1.124s][debug][gc,phases         ] GC(93) Phase 4: Serial Compaction 0.878ms
[1.124s][info ][gc,phases         ] GC(93) Phase 4: Compact heap 8.905ms
[1.124s][debug][gc,ergo           ] GC(93) Running G1 Clear Bitmap with 4 workers for 4 work units.
[1.125s][debug][gc,alloc,stats    ] Old generation allocation in the last mutator period, old gen allocated: 0B, humongous allocated: 0B,old gen growth: 0B.
[1.125s][info ][gc,heap           ] GC(93) Eden regions: 0->0(12)
[1.125s][info ][gc,heap           ] GC(93) Survivor regions: 0->0(0)
[1.125s][info ][gc,heap           ] GC(93) Old regions: 163->162
[1.125s][info ][gc,heap           ] GC(93) Archive regions: 2->2
[1.125s][info ][gc,heap           ] GC(93) Humongous regions: 91->91
[1.125s][info ][gc,metaspace      ] GC(93) Metaspace: 136K(320K)->136K(320K) NonClass: 131K(192K)->131K(192K) Class: 5K(128K)->5K(128K)
[1.125s][debug][gc,heap           ] GC(93) Heap after GC invocations=84 (full 21):
[1.125s][debug][gc,heap           ] GC(93)  garbage-first heap   total 262144K, used 249055K [0x00000000f0000000, 0x0000000100000000)
[1.125s][debug][gc,heap           ] GC(93)   region size 1024K, 0 young (0K), 0 survivors (0K)
[1.125s][debug][gc,heap           ] GC(93)  Metaspace       used 136K, committed 320K, reserved 1114112K
[1.125s][debug][gc,heap           ] GC(93)   class space    used 5K, committed 128K, reserved 1048576K
[1.125s][info ][gc                ] GC(93) Pause Full (G1 Compaction Pause) 244M->243M(256M) 11.228ms
[1.125s][info ][gc,cpu            ] GC(93) User=0.03s Sys=0.00s Real=0.00s
[1.125s][debug][gc,stats          ] ---------------------------------------------------------------------
[1.125s][debug][gc,stats          ] Marking Stats, task = 0, calls = 0
[1.125s][debug][gc,stats          ]   Elapsed time = 0.00ms, Termination time = 0.00ms
[1.125s][debug][gc,stats          ]   Step Times (cum): num = 732, avg = 0.02ms, sd = 0.11ms max = 1.18ms, total = 11.55ms
[1.125s][debug][gc,stats          ]   Mark Stats Cache: hits 880 misses 0 ratio 100.000
[1.125s][debug][gc,stats          ] ---------------------------------------------------------------------
[1.125s][debug][gc,stats          ] Marking Stats, task = 1, calls = 0
[1.125s][debug][gc,stats          ]   Elapsed time = 0.00ms, Termination time = 0.00ms
[1.125s][debug][gc,stats          ]   Step Times (cum): num = 78, avg = 0.16ms, sd = 0.34ms max = 1.46ms, total = 12.39ms
[1.125s][debug][gc,stats          ]   Mark Stats Cache: hits 26 misses 0 ratio 100.000
[1.125s][debug][gc,stats          ] ---------------------------------------------------------------------
[1.125s][debug][gc,stats          ] Marking Stats, task = 2, calls = 0
[1.125s][debug][gc,stats          ]   Elapsed time = 0.00ms, Termination time = 0.00ms
[1.125s][debug][gc,stats          ]   Step Times (cum): num = 61, avg = 0.13ms, sd = 0.29ms max = 1.29ms, total = 7.66ms
[1.125s][debug][gc,stats          ]   Mark Stats Cache: hits 2 misses 0 ratio 100.000
[1.125s][debug][gc,stats          ] ---------------------------------------------------------------------
[1.125s][info ][gc,marking        ] GC(92) Concurrent Mark From Roots 11.638ms
[1.125s][info ][gc,marking        ] GC(92) Concurrent Mark Abort
[1.125s][info ][gc                ] GC(92) Concurrent Mark Cycle 11.788ms
[1.127s][debug][gc,heap           ] GC(94) Heap before GC invocations=84 (full 21):
[1.127s][debug][gc,heap           ] GC(94)  garbage-first heap   total 262144K, used 249055K [0x00000000f0000000, 0x0000000100000000)
[1.127s][debug][gc,heap           ] GC(94)   region size 1024K, 1 young (1024K), 0 survivors (0K)
[1.127s][debug][gc,heap           ] GC(94)  Metaspace       used 136K, committed 320K, reserved 1114112K
[1.127s][debug][gc,heap           ] GC(94)   class space    used 5K, committed 128K, reserved 1048576K
[1.127s][info ][gc,start          ] GC(94) Pause Young (Normal) (G1 Evacuation Pause)
[1.127s][info ][gc,task           ] GC(94) Using 12 workers of 13 for evacuation
[1.127s][debug][gc,tlab           ] GC(94) TLAB totals: thrds: 5  refills: 5 max: 1 slow allocs: 7 max 2 waste: 41.5% gc: 232456B max: 47024B slow: 0B max: 0B
[1.127s][debug][gc,age            ] GC(94) Desired survivor size 1048576 bytes, new threshold 15 (max threshold 15)
[1.127s][debug][gc,refine,stats   ] GC(94) Mutator refinement: 0.00ms, refined: 0, precleaned: 0, dirtied: 19
[1.127s][debug][gc,refine,stats   ] GC(94) Concurrent refinement: 0.00ms, refined: 0, precleaned: 0, dirtied: 0
[1.127s][debug][gc,refine,stats   ] GC(94) Total refinement: 0.00ms, refined: 0, precleaned: 0, dirtied: 19
[1.127s][debug][gc,refine,stats   ] GC(94) Generate dirty cards rate: 1.01 cards/ms
[1.127s][debug][gc,alloc,region   ] GC(94) Mutator Allocation stats, regions: 1, wasted size: 0B ( 0.0%)
[1.128s][debug][gc,humongous      ] GC(94) Humongous region 0 (object size 1048592 @ 0x00000000f0000000) remset 0 code roots 0 marked 0 reclaim candidate 0 type array 1
[1.128s][debug][gc,humongous      ] GC(94) Humongous region 42 (object size 1048592 @ 0x00000000f2a00000) remset 0 code roots 0 marked 0 reclaim candidate 0 type array 1
[1.128s][debug][gc,humongous      ] GC(94) Humongous region 85 (object size 10485776 @ 0x00000000f5500000) remset 0 code roots 0 marked 0 reclaim candidate 0 type array 1
[1.128s][debug][gc,humongous      ] GC(94) Humongous region 60 (object size 1048592 @ 0x00000000f3c00000) remset 0 code roots 0 marked 0 reclaim candidate 0 type array 1
[1.128s][debug][gc,humongous      ] GC(94) Humongous region 159 (object size 10485776 @ 0x00000000f9f00000) remset 0 code roots 0 marked 0 reclaim candidate 0 type array 1
[1.128s][debug][gc,humongous      ] GC(94) Humongous region 203 (object size 1048592 @ 0x00000000fcb00000) remset 0 code roots 0 marked 0 reclaim candidate 0 type array 1
[1.128s][debug][gc,humongous      ] GC(94) Humongous region 238 (object size 1048592 @ 0x00000000fee00000) remset 0 code roots 0 marked 0 reclaim candidate 0 type array 1
[1.128s][debug][gc,humongous      ] GC(94) Humongous region 244 (object size 1048592 @ 0x00000000ff400000) remset 0 code roots 0 marked 0 reclaim candidate 0 type array 1
[1.128s][debug][gc,humongous      ] GC(94) Humongous region 6 (object size 1048592 @ 0x00000000f0600000) remset 0 code roots 0 marked 0 reclaim candidate 0 type array 1
[1.128s][debug][gc,humongous      ] GC(94) Humongous region 2 (object size 1048592 @ 0x00000000f0200000) remset 0 code roots 0 marked 0 reclaim candidate 0 type array 1
[1.128s][debug][gc,humongous      ] GC(94) Humongous region 22 (object size 1048592 @ 0x00000000f1600000) remset 0 code roots 0 marked 0 reclaim candidate 0 type array 1
[1.128s][debug][gc,humongous      ] GC(94) Humongous region 24 (object size 1048592 @ 0x00000000f1800000) remset 0 code roots 0 marked 0 reclaim candidate 0 type array 1
[1.128s][debug][gc,humongous      ] GC(94) Humongous region 249 (object size 1048592 @ 0x00000000ff900000) remset 0 code roots 0 marked 0 reclaim candidate 0 type array 1
[1.128s][debug][gc,humongous      ] GC(94) Humongous region 26 (object size 1048592 @ 0x00000000f1a00000) remset 0 code roots 0 marked 0 reclaim candidate 0 type array 1
[1.128s][debug][gc,humongous      ] GC(94) Humongous region 18 (object size 1048592 @ 0x00000000f1200000) remset 0 code roots 0 marked 0 reclaim candidate 0 type array 1
[1.128s][debug][gc,humongous      ] GC(94) Humongous region 4 (object size 1048592 @ 0x00000000f0400000) remset 0 code roots 0 marked 0 reclaim candidate 0 type array 1
[1.128s][debug][gc,humongous      ] GC(94) Humongous region 83 (object size 1048592 @ 0x00000000f5300000) remset 0 code roots 0 marked 0 reclaim candidate 0 type array 1
[1.128s][debug][gc,humongous      ] GC(94) Humongous region 30 (object size 1048592 @ 0x00000000f1e00000) remset 0 code roots 0 marked 0 reclaim candidate 0 type array 1
[1.128s][debug][gc,humongous      ] GC(94) Humongous region 32 (object size 1048592 @ 0x00000000f2000000) remset 0 code roots 0 marked 0 reclaim candidate 0 type array 1
[1.128s][debug][gc,humongous      ] GC(94) Humongous region 34 (object size 1048592 @ 0x00000000f2200000) remset 0 code roots 0 marked 0 reclaim candidate 0 type array 1
[1.128s][debug][gc,humongous      ] GC(94) Humongous region 36 (object size 1048592 @ 0x00000000f2400000) remset 0 code roots 0 marked 0 reclaim candidate 0 type array 1
[1.128s][debug][gc,humongous      ] GC(94) Humongous region 14 (object size 1048592 @ 0x00000000f0e00000) remset 0 code roots 0 marked 0 reclaim candidate 0 type array 1
[1.128s][debug][gc,humongous      ] GC(94) Humongous region 16 (object size 1048592 @ 0x00000000f1000000) remset 0 code roots 0 marked 0 reclaim candidate 0 type array 1
[1.128s][debug][gc,humongous      ] GC(94) Humongous region 28 (object size 1048592 @ 0x00000000f1c00000) remset 0 code roots 0 marked 0 reclaim candidate 0 type array 1
[1.128s][debug][gc,humongous      ] GC(94) Humongous region 64 (object size 1048592 @ 0x00000000f4000000) remset 0 code roots 0 marked 0 reclaim candidate 0 type array 1
[1.128s][debug][gc,humongous      ] GC(94) Humongous region 20 (object size 1048592 @ 0x00000000f1400000) remset 0 code roots 0 marked 0 reclaim candidate 0 type array 1
[1.128s][debug][gc,humongous      ] GC(94) Humongous region 12 (object size 1048592 @ 0x00000000f0c00000) remset 0 code roots 0 marked 0 reclaim candidate 0 type array 1
[1.128s][debug][gc,humongous      ] GC(94) Humongous region 10 (object size 1048592 @ 0x00000000f0a00000) remset 0 code roots 0 marked 0 reclaim candidate 0 type array 1
[1.128s][debug][gc,humongous      ] GC(94) Humongous region 216 (object size 10485776 @ 0x00000000fd800000) remset 0 code roots 0 marked 0 reclaim candidate 0 type array 1
[1.128s][debug][gc,humongous      ] GC(94) Humongous region 38 (object size 1048592 @ 0x00000000f2600000) remset 0 code roots 0 marked 0 reclaim candidate 0 type array 1
[1.128s][debug][gc,humongous      ] GC(94) Humongous region 126 (object size 1048592 @ 0x00000000f7e00000) remset 0 code roots 0 marked 0 reclaim candidate 0 type array 1
[1.128s][debug][gc,humongous      ] GC(94) Humongous region 8 (object size 1048592 @ 0x00000000f0800000) remset 0 code roots 0 marked 0 reclaim candidate 0 type array 1
[1.128s][debug][gc,ergo           ] GC(94) Running G1 Merge Heap Roots using 12 workers for 1 regions
[1.128s][debug][gc,remset         ] GC(94) Visited cards 32 Total dirty 2048 (1.56%) Total old 526336 (0.01%)
[1.128s][debug][gc,ergo,heap      ] GC(94) Attempt heap expansion (region allocation request failed). Allocation request: 65552B
[1.128s][debug][gc,ergo,heap      ] GC(94) Did not expand the heap (heap already fully expanded)
[1.129s][debug][gc,ref            ] GC(94) Skipped phase 1 of Reference Processing: no references
[1.129s][debug][gc,ref            ] GC(94) Skipped phase 2 of Reference Processing: no references
[1.129s][debug][gc,ref            ] GC(94) Skipped phase 3 of Reference Processing: no references
[1.129s][debug][gc,ref            ] GC(94) Skipped phase 4 of Reference Processing: no references
[1.129s][debug][gc,ergo           ] GC(94) Running G1 Rebuild Free List Task using 12 workers for rebuilding free list of regions
[1.129s][debug][gc,plab           ] GC(94) Young PLAB allocation: allocated: 0B, wasted: 0B, unused: 0B, used: 0B, undo waste: 0B, 
[1.129s][debug][gc,plab           ] GC(94) Young other allocation: region end waste: 0B, regions filled: 0, direct allocated: 0B, failure used: 0B, failure wasted: 0B
[1.129s][debug][gc,plab           ] GC(94) Young sizing: calculated: 0B, actual: 2064B
[1.129s][debug][gc,plab           ] GC(94) Old PLAB allocation: allocated: 0B, wasted: 0B, unused: 0B, used: 0B, undo waste: 0B, 
[1.129s][debug][gc,plab           ] GC(94) Old other allocation: region end waste: 0B, regions filled: 0, direct allocated: 0B, failure used: 786624B, failure wasted: 261952B
[1.129s][debug][gc,plab           ] GC(94) Old sizing: calculated: 0B, actual: 2064B
[1.129s][debug][gc,ergo,heap      ] GC(94) Heap expansion: short term pause time ratio 93.73% long term pause time ratio 9.68% threshold 7.69% pause time ratio 7.69% fully expanded true resize by 0B
[1.129s][debug][gc,ergo,ihop      ] GC(94) Request concurrent cycle initiation (occupancy higher than threshold) occupancy: 268435456B allocation request: 0B threshold: 201188655B (74.95) source: end of GC
[1.129s][debug][gc,mmu            ] GC(94) MMU: 9.7ms (50.0ms/51.0ms)
[1.129s][debug][gc,alloc,stats    ] Old generation allocation in the last mutator period, old gen allocated: 1048576B, humongous allocated: 0B,old gen growth: 1048576B.
[1.129s][debug][gc,ihop           ] GC(94) Basic information (value update), threshold: 201575287B (75.09), target occupancy: 268435456B, current occupancy: 256051912B, recent allocation size: 1048576B, recent allocation duration: 18.79ms, recent old gen allocation rate: 55802932.70B/s, recent marking phase length: 9.93ms
[1.129s][debug][gc,ihop           ] GC(94) Adaptive IHOP information (value update), threshold: 201575287B (88.34), internal target occupancy: 228170137B, occupancy: 256051912B, additional buffer size: 12582912B, predicted old gen allocation rate: 266911654.07B/s, predicted marking phase length: 52.50ms, prediction active: true
[1.129s][debug][gc,ergo,refine    ] GC(94) Concurrent refinement times: Logged Cards Scan time goal: 5.00ms Logged Cards Scan time: 0.00ms HCC time: 0.00ms
[1.129s][debug][gc,ergo,refine    ] GC(94) Updated Refinement Zones: green: 3328, yellow: 9984, red: 16640
[1.129s][info ][gc                ] GC(94) To-space exhausted
[1.129s][info ][gc,phases         ] GC(94)   Pre Evacuate Collection Set: 0.7ms
[1.129s][debug][gc,phases         ] GC(94)     Prepare TLABs: 0.0ms
[1.129s][debug][gc,phases         ] GC(94)     Concatenate Dirty Card Logs: 0.0ms
[1.129s][debug][gc,phases         ] GC(94)     Choose Collection Set: 0.0ms
[1.129s][debug][gc,phases         ] GC(94)     Region Register: 0.7ms
[1.129s][debug][gc,phases         ] GC(94)     Prepare Heap Roots: 0.0ms
[1.129s][info ][gc,phases         ] GC(94)   Merge Heap Roots: 0.2ms
[1.129s][debug][gc,phases         ] GC(94)     Prepare Merge Heap Roots: 0.0ms
[1.129s][debug][gc,phases         ] GC(94)     Eager Reclaim (ms):            skipped
[1.129s][debug][gc,phases         ] GC(94)     Remembered Sets (ms):          Min:  0.0, Avg:  0.0, Max:  0.0, Diff:  0.0, Sum:  0.0, Workers: 12
[1.130s][debug][gc,phases         ] GC(94)       Merged Sparse:                 Min: 0, Avg:  0.0, Max: 0, Diff: 0, Sum: 0, Workers: 12
[1.130s][debug][gc,phases         ] GC(94)       Merged Fine:                   Min: 0, Avg:  0.0, Max: 0, Diff: 0, Sum: 0, Workers: 12
[1.130s][debug][gc,phases         ] GC(94)       Merged Coarse:                 Min: 0, Avg:  0.0, Max: 0, Diff: 0, Sum: 0, Workers: 12
[1.130s][debug][gc,phases         ] GC(94)       Dirty Cards:                   Min: 0, Avg:  0.0, Max: 0, Diff: 0, Sum: 0, Workers: 12
[1.130s][debug][gc,phases         ] GC(94)     Hot Card Cache (ms):           Min:  0.0, Avg:  0.0, Max:  0.0, Diff:  0.0, Sum:  0.0, Workers: 12
[1.130s][debug][gc,phases         ] GC(94)       Dirty Cards:                   Min: 0, Avg:  0.0, Max: 0, Diff: 0, Sum: 0, Workers: 12
[1.130s][debug][gc,phases         ] GC(94)       Skipped Cards:                 Min: 0, Avg:  0.0, Max: 0, Diff: 0, Sum: 0, Workers: 12
[1.130s][debug][gc,phases         ] GC(94)     Log Buffers (ms):              Min:  0.0, Avg:  0.0, Max:  0.0, Diff:  0.0, Sum:  0.0, Workers: 12
[1.130s][debug][gc,phases         ] GC(94)       Dirty Cards:                   Min: 0, Avg:  0.9, Max: 11, Diff: 11, Sum: 11, Workers: 12
[1.130s][debug][gc,phases         ] GC(94)       Skipped Cards:                 Min: 0, Avg:  0.0, Max: 0, Diff: 0, Sum: 0, Workers: 12
[1.130s][info ][gc,phases         ] GC(94)   Evacuate Collection Set: 0.4ms
[1.130s][debug][gc,phases         ] GC(94)     Ext Root Scanning (ms):        Min:  0.0, Avg:  0.0, Max:  0.1, Diff:  0.1, Sum:  0.2, Workers: 12
[1.130s][debug][gc,phases         ] GC(94)     Scan Heap Roots (ms):          Min:  0.0, Avg:  0.0, Max:  0.0, Diff:  0.0, Sum:  0.0, Workers: 12
[1.130s][debug][gc,phases         ] GC(94)       Scanned Cards:                 Min: 0, Avg:  1.6, Max: 19, Diff: 19, Sum: 19, Workers: 12
[1.130s][debug][gc,phases         ] GC(94)       Scanned Blocks:                Min: 0, Avg:  0.1, Max: 1, Diff: 1, Sum: 1, Workers: 12
[1.130s][debug][gc,phases         ] GC(94)       Claimed Chunks:                Min: 0, Avg:  0.1, Max: 1, Diff: 1, Sum: 1, Workers: 12
[1.130s][debug][gc,phases         ] GC(94)     Code Root Scan (ms):           Min:  0.0, Avg:  0.0, Max:  0.0, Diff:  0.0, Sum:  0.0, Workers: 12
[1.130s][debug][gc,phases         ] GC(94)     Object Copy (ms):              Min:  0.0, Avg:  0.0, Max:  0.0, Diff:  0.0, Sum:  0.0, Workers: 12
[1.130s][debug][gc,phases         ] GC(94)     Termination (ms):              Min:  0.1, Avg:  0.2, Max:  0.3, Diff:  0.1, Sum:  2.8, Workers: 12
[1.130s][debug][gc,phases         ] GC(94)       Termination Attempts:          Min: 1, Avg:  1.1, Max: 2, Diff: 1, Sum: 13, Workers: 12
[1.130s][debug][gc,phases         ] GC(94)     GC Worker Other (ms):          Min:  0.0, Avg:  0.0, Max:  0.0, Diff:  0.0, Sum:  0.0, Workers: 12
[1.130s][debug][gc,phases         ] GC(94)     GC Worker Total (ms):          Min:  0.1, Avg:  0.3, Max:  0.4, Diff:  0.2, Sum:  3.2, Workers: 12
[1.130s][info ][gc,phases         ] GC(94)   Post Evacuate Collection Set: 0.5ms
[1.130s][debug][gc,phases         ] GC(94)     Code Roots Fixup: 0.0ms
[1.130s][debug][gc,phases         ] GC(94)     Reference Processing: 0.0ms
[1.130s][debug][gc,phases,ref     ] GC(94)       Reconsider SoftReferences: 0.0ms
[1.130s][debug][gc,phases,ref     ] GC(94)         SoftRef (ms):                  skipped
[1.130s][debug][gc,phases,ref     ] GC(94)       Notify Soft/WeakReferences: 0.0ms
[1.130s][debug][gc,phases,ref     ] GC(94)         SoftRef (ms):                  skipped
[1.130s][debug][gc,phases,ref     ] GC(94)         WeakRef (ms):                  skipped
[1.130s][debug][gc,phases,ref     ] GC(94)         FinalRef (ms):                 skipped
[1.130s][debug][gc,phases,ref     ] GC(94)         Total (ms):                    skipped
[1.130s][debug][gc,phases,ref     ] GC(94)       Notify and keep alive finalizable: 0.0ms
[1.130s][debug][gc,phases,ref     ] GC(94)         FinalRef (ms):                 skipped
[1.130s][debug][gc,phases,ref     ] GC(94)       Notify PhantomReferences: 0.0ms
[1.130s][debug][gc,phases,ref     ] GC(94)         PhantomRef (ms):               skipped
[1.130s][debug][gc,phases,ref     ] GC(94)       SoftReference:
[1.130s][debug][gc,phases,ref     ] GC(94)         Discovered: 0
[1.130s][debug][gc,phases,ref     ] GC(94)         Cleared: 0
[1.130s][debug][gc,phases,ref     ] GC(94)       WeakReference:
[1.130s][debug][gc,phases,ref     ] GC(94)         Discovered: 0
[1.130s][debug][gc,phases,ref     ] GC(94)         Cleared: 0
[1.130s][debug][gc,phases,ref     ] GC(94)       FinalReference:
[1.130s][debug][gc,phases,ref     ] GC(94)         Discovered: 0
[1.130s][debug][gc,phases,ref     ] GC(94)         Cleared: 0
[1.130s][debug][gc,phases,ref     ] GC(94)       PhantomReference:
[1.130s][debug][gc,phases,ref     ] GC(94)         Discovered: 0
[1.130s][debug][gc,phases,ref     ] GC(94)         Cleared: 0
[1.130s][debug][gc,phases         ] GC(94)     Weak Processing: 0.1ms
[1.130s][debug][gc,phases         ] GC(94)       VM Weak                        Min:  0.0, Avg:  0.0, Max:  0.0, Diff:  0.0, Sum:  0.0, Workers: 1
[1.130s][debug][gc,phases         ] GC(94)         Dead                           Min: 0, Avg:  0.0, Max: 0, Diff: 0, Sum: 0, Workers: 1
[1.130s][debug][gc,phases         ] GC(94)         Total                          Min: 4, Avg:  4.0, Max: 4, Diff: 0, Sum: 4, Workers: 1
[1.130s][debug][gc,phases         ] GC(94)       ObjectSynchronizer Weak        Min:  0.0, Avg:  0.0, Max:  0.0, Diff:  0.0, Sum:  0.0, Workers: 1
[1.130s][debug][gc,phases         ] GC(94)         Dead                           Min: 0, Avg:  0.0, Max: 0, Diff: 0, Sum: 0, Workers: 1
[1.130s][debug][gc,phases         ] GC(94)         Total                          Min: 4, Avg:  4.0, Max: 4, Diff: 0, Sum: 4, Workers: 1
[1.130s][debug][gc,phases         ] GC(94)       JVMTI Tag Weak OopStorage      Min:  0.0, Avg:  0.0, Max:  0.0, Diff:  0.0, Sum:  0.0, Workers: 1
[1.130s][debug][gc,phases         ] GC(94)         Dead                           Min: 0, Avg:  0.0, Max: 0, Diff: 0, Sum: 0, Workers: 1
[1.130s][debug][gc,phases         ] GC(94)         Total                          Min: 0, Avg:  0.0, Max: 0, Diff: 0, Sum: 0, Workers: 1
[1.130s][debug][gc,phases         ] GC(94)       StringTable Weak               Min:  0.0, Avg:  0.0, Max:  0.0, Diff:  0.0, Sum:  0.0, Workers: 1
[1.130s][debug][gc,phases         ] GC(94)         Dead                           Min: 0, Avg:  0.0, Max: 0, Diff: 0, Sum: 0, Workers: 1
[1.130s][debug][gc,phases         ] GC(94)         Total                          Min: 41, Avg: 41.0, Max: 41, Diff: 0, Sum: 41, Workers: 1
[1.130s][debug][gc,phases         ] GC(94)       ResolvedMethodTable Weak       Min:  0.0, Avg:  0.0, Max:  0.0, Diff:  0.0, Sum:  0.0, Workers: 1
[1.130s][debug][gc,phases         ] GC(94)         Dead                           Min: 0, Avg:  0.0, Max: 0, Diff: 0, Sum: 0, Workers: 1
[1.130s][debug][gc,phases         ] GC(94)         Total                          Min: 22, Avg: 22.0, Max: 22, Diff: 0, Sum: 22, Workers: 1
[1.130s][debug][gc,phases         ] GC(94)       JNI Weak                       Min:  0.0, Avg:  0.0, Max:  0.0, Diff:  0.0, Sum:  0.0, Workers: 1
[1.130s][debug][gc,phases         ] GC(94)         Dead                           Min: 0, Avg:  0.0, Max: 0, Diff: 0, Sum: 0, Workers: 1
[1.130s][debug][gc,phases         ] GC(94)         Total                          Min: 0, Avg:  0.0, Max: 0, Diff: 0, Sum: 0, Workers: 1
[1.130s][debug][gc,phases         ] GC(94)       StringDedup Table Weak         Min:  0.0, Avg:  0.0, Max:  0.0, Diff:  0.0, Sum:  0.0, Workers: 1
[1.130s][debug][gc,phases         ] GC(94)         Dead                           Min: 0, Avg:  0.0, Max: 0, Diff: 0, Sum: 0, Workers: 1
[1.130s][debug][gc,phases         ] GC(94)         Total                          Min: 0, Avg:  0.0, Max: 0, Diff: 0, Sum: 0, Workers: 1
[1.130s][debug][gc,phases         ] GC(94)       StringDedup Requests0 Weak     Min:  0.0, Avg:  0.0, Max:  0.0, Diff:  0.0, Sum:  0.0, Workers: 1
[1.130s][debug][gc,phases         ] GC(94)         Dead                           Min: 0, Avg:  0.0, Max: 0, Diff: 0, Sum: 0, Workers: 1
[1.130s][debug][gc,phases         ] GC(94)         Total                          Min: 0, Avg:  0.0, Max: 0, Diff: 0, Sum: 0, Workers: 1
[1.130s][debug][gc,phases         ] GC(94)       StringDedup Requests1 Weak     Min:  0.0, Avg:  0.0, Max:  0.0, Diff:  0.0, Sum:  0.0, Workers: 1
[1.130s][debug][gc,phases         ] GC(94)         Dead                           Min: 0, Avg:  0.0, Max: 0, Diff: 0, Sum: 0, Workers: 1
[1.130s][debug][gc,phases         ] GC(94)         Total                          Min: 0, Avg:  0.0, Max: 0, Diff: 0, Sum: 0, Workers: 1
[1.130s][debug][gc,phases         ] GC(94)       Weak JFR Old Object Samples    Min:  0.0, Avg:  0.0, Max:  0.0, Diff:  0.0, Sum:  0.0, Workers: 1
[1.130s][debug][gc,phases         ] GC(94)         Dead                           Min: 0, Avg:  0.0, Max: 0, Diff: 0, Sum: 0, Workers: 1
[1.130s][debug][gc,phases         ] GC(94)         Total                          Min: 0, Avg:  0.0, Max: 0, Diff: 0, Sum: 0, Workers: 1
[1.130s][debug][gc,phases         ] GC(94)     Post Evacuate Cleanup 1: 0.1ms
[1.130s][debug][gc,phases         ] GC(94)       Merge Per-Thread State (ms):   Min:  0.0, Avg:  0.0, Max:  0.0, Diff:  0.0, Sum:  0.0, Workers: 1
[1.130s][debug][gc,phases         ] GC(94)         Copied Bytes                   Min: 0, Avg:  0.0, Max: 0, Diff: 0, Sum: 0, Workers: 12
[1.130s][debug][gc,phases         ] GC(94)         LAB Waste                      Min: 0, Avg:  0.0, Max: 0, Diff: 0, Sum: 0, Workers: 12
[1.130s][debug][gc,phases         ] GC(94)         LAB Undo Waste                 Min: 0, Avg:  0.0, Max: 0, Diff: 0, Sum: 0, Workers: 12
[1.130s][debug][gc,phases         ] GC(94)       Clear Logged Cards (ms):       Min:  0.0, Avg:  0.0, Max:  0.0, Diff:  0.0, Sum:  0.0, Workers: 4
[1.130s][debug][gc,phases         ] GC(94)       Recalculate Used Memory (ms):  Min:  0.0, Avg:  0.0, Max:  0.0, Diff:  0.0, Sum:  0.0, Workers: 1
[1.130s][debug][gc,phases         ] GC(94)       Remove Self Forwards (ms):     Min:  0.0, Avg:  0.0, Max:  0.0, Diff:  0.0, Sum:  0.0, Workers: 4
[1.130s][debug][gc,phases         ] GC(94)     Post Evacuate Cleanup 2: 0.2ms
[1.130s][debug][gc,phases         ] GC(94)       Recalculate Used Memory (ms):  Min:  0.0, Avg:  0.0, Max:  0.0, Diff:  0.0, Sum:  0.0, Workers: 1
[1.130s][debug][gc,phases         ] GC(94)       Restore Preserved Marks (ms):  Min:  0.0, Avg:  0.0, Max:  0.0, Diff:  0.0, Sum:  0.0, Workers: 12
[1.130s][debug][gc,phases         ] GC(94)       Reset Hot Card Cache (ms):     Min:  0.0, Avg:  0.0, Max:  0.0, Diff:  0.0, Sum:  0.0, Workers: 1
[1.130s][debug][gc,phases         ] GC(94)       Purge Code Roots (ms):         Min:  0.0, Avg:  0.0, Max:  0.0, Diff:  0.0, Sum:  0.0, Workers: 1
[1.130s][debug][gc,phases         ] GC(94)       Update Derived Pointers (ms):  Min:  0.0, Avg:  0.0, Max:  0.0, Diff:  0.0, Sum:  0.0, Workers: 1
[1.130s][debug][gc,phases         ] GC(94)       Eagerly Reclaim Humongous Objects (ms): Min:  0.0, Avg:  0.0, Max:  0.0, Diff:  0.0, Sum:  0.0, Workers: 1
[1.130s][debug][gc,phases         ] GC(94)         Humongous Total                Min: 32, Avg: 32.0, Max: 32, Diff: 0, Sum: 32, Workers: 1
[1.130s][debug][gc,phases         ] GC(94)         Humongous Candidates           Min: 0, Avg:  0.0, Max: 0, Diff: 0, Sum: 0, Workers: 1
[1.130s][debug][gc,phases         ] GC(94)         Humongous Reclaimed            Min: 0, Avg:  0.0, Max: 0, Diff: 0, Sum: 0, Workers: 1
[1.130s][debug][gc,phases         ] GC(94)       Redirty Logged Cards (ms):     Min:  0.0, Avg:  0.0, Max:  0.0, Diff:  0.0, Sum:  0.0, Workers: 12
[1.130s][debug][gc,phases         ] GC(94)         Redirtied Cards:               Min: 0, Avg:  0.2, Max: 2, Diff: 2, Sum: 2, Workers: 12
[1.130s][debug][gc,phases         ] GC(94)       Free Collection Set (ms):      Min:  0.0, Avg:  0.0, Max:  0.0, Diff:  0.0, Sum:  0.0, Workers: 12
[1.130s][debug][gc,phases         ] GC(94)     Rebuild Free List: 0.2ms
[1.130s][debug][gc,phases         ] GC(94)     Start New Collection Set: 0.0ms
[1.130s][debug][gc,phases         ] GC(94)     Resize TLABs: 0.0ms
[1.130s][debug][gc,phases         ] GC(94)     Expand Heap After Collection: 0.0ms
[1.130s][info ][gc,phases         ] GC(94)   Other: 0.2ms
[1.130s][info ][gc,heap           ] GC(94) Eden regions: 1->0(12)
[1.130s][info ][gc,heap           ] GC(94) Survivor regions: 0->0(0)
[1.130s][info ][gc,heap           ] GC(94) Old regions: 162->163
[1.130s][info ][gc,heap           ] GC(94) Archive regions: 2->2
[1.130s][info ][gc,heap           ] GC(94) Humongous regions: 91->91
[1.130s][info ][gc,metaspace      ] GC(94) Metaspace: 136K(320K)->136K(320K) NonClass: 131K(192K)->131K(192K) Class: 5K(128K)->5K(128K)
[1.130s][debug][gc,heap           ] GC(94) Heap after GC invocations=85 (full 21):
[1.130s][debug][gc,heap           ] GC(94)  garbage-first heap   total 262144K, used 250050K [0x00000000f0000000, 0x0000000100000000)
[1.130s][debug][gc,heap           ] GC(94)   region size 1024K, 0 young (0K), 0 survivors (0K)
[1.130s][debug][gc,heap           ] GC(94)  Metaspace       used 136K, committed 320K, reserved 1114112K
[1.130s][debug][gc,heap           ] GC(94)   class space    used 5K, committed 128K, reserved 1048576K
[1.130s][info ][gc                ] GC(94) Pause Young (Normal) (G1 Evacuation Pause) 244M->244M(256M) 2.752ms
[1.130s][info ][gc,cpu            ] GC(94) User=0.01s Sys=0.01s Real=0.00s
[1.130s][debug][gc,ergo,heap      ] Attempt heap expansion (allocation request failed). Allocation request: 65552B
[1.130s][debug][gc,ergo,heap      ] Expand the heap. requested expansion amount: 1048576B expansion amount: 1048576B
[1.130s][debug][gc,ergo,heap      ] Did not expand the heap (heap already fully expanded)
[1.130s][info ][gc,ergo           ] Attempting full compaction
[1.130s][debug][gc,task           ] GC(95) Requesting 9 active workers for full compaction (waste limited workers: 13, adaptive workers: 9, used limited workers: 256)
[1.130s][info ][gc,task           ] GC(95) Using 9 workers of 13 for full compaction
[1.130s][info ][gc,start          ] GC(95) Pause Full (G1 Compaction Pause)
[1.130s][debug][gc,heap           ] GC(95) Heap before GC invocations=85 (full 21):
[1.130s][debug][gc,heap           ] GC(95)  garbage-first heap   total 262144K, used 250050K [0x00000000f0000000, 0x0000000100000000)
[1.130s][debug][gc,heap           ] GC(95)   region size 1024K, 0 young (0K), 0 survivors (0K)
[1.130s][debug][gc,heap           ] GC(95)  Metaspace       used 136K, committed 320K, reserved 1114112K
[1.130s][debug][gc,heap           ] GC(95)   class space    used 5K, committed 128K, reserved 1048576K
[1.130s][debug][gc,alloc,region   ] GC(95) Mutator Allocation stats, regions: 0, wasted size: 0B ( 0.0%)
[1.130s][info ][gc,phases,start   ] GC(95) Phase 1: Mark live objects
[1.131s][debug][gc,phases,start   ] GC(95) Phase 1: Reference Processing
[1.131s][debug][gc,ref            ] GC(95) Skipped phase 1 of Reference Processing: no references
[1.132s][debug][gc,ref            ] GC(95) ReferenceProcessor::execute queues: 1, RefProcThreadModel::Single, marks_oops_alive: false
[1.132s][debug][gc,ref            ] GC(95) Skipped phase 3 of Reference Processing: no references
[1.132s][debug][gc,ref            ] GC(95) ReferenceProcessor::execute queues: 1, RefProcThreadModel::Single, marks_oops_alive: false
[1.132s][debug][gc,phases,ref     ] GC(95) Reference Processing: 0.1ms
[1.132s][debug][gc,phases,ref     ] GC(95)   Reconsider SoftReferences: 0.0ms
[1.132s][debug][gc,phases,ref     ] GC(95)     SoftRef (ms):                  skipped
[1.132s][debug][gc,phases,ref     ] GC(95)   Notify Soft/WeakReferences: 0.1ms
[1.132s][debug][gc,phases,ref     ] GC(95)     SoftRef (ms):                  Min:  0.0, Avg:  0.0, Max:  0.0, Diff:  0.0, Sum:  0.0, Workers: 13
[1.132s][debug][gc,phases,ref     ] GC(95)     WeakRef (ms):                  Min:  0.0, Avg:  0.0, Max:  0.0, Diff:  0.0, Sum:  0.0, Workers: 13
[1.132s][debug][gc,phases,ref     ] GC(95)     FinalRef (ms):                 Min:  0.0, Avg:  0.0, Max:  0.0, Diff:  0.0, Sum:  0.0, Workers: 13
[1.132s][debug][gc,phases,ref     ] GC(95)     Total (ms):                    Min:  0.0, Avg:  0.0, Max:  0.0, Diff:  0.0, Sum:  0.0, Workers: 13
[1.132s][debug][gc,phases,ref     ] GC(95)   Notify and keep alive finalizable: 0.0ms
[1.132s][debug][gc,phases,ref     ] GC(95)     FinalRef (ms):                 skipped
[1.132s][debug][gc,phases,ref     ] GC(95)   Notify PhantomReferences: 0.0ms
[1.132s][debug][gc,phases,ref     ] GC(95)     PhantomRef (ms):               Min:  0.0, Avg:  0.0, Max:  0.0, Diff:  0.0, Sum:  0.0, Workers: 13
[1.132s][debug][gc,phases,ref     ] GC(95)   SoftReference:
[1.132s][debug][gc,phases,ref     ] GC(95)     Discovered: 0
[1.132s][debug][gc,phases,ref     ] GC(95)     Cleared: 0
[1.132s][debug][gc,phases,ref     ] GC(95)   WeakReference:
[1.132s][debug][gc,phases,ref     ] GC(95)     Discovered: 15
[1.132s][debug][gc,phases,ref     ] GC(95)     Cleared: 15
[1.132s][debug][gc,phases,ref     ] GC(95)   FinalReference:
[1.132s][debug][gc,phases,ref     ] GC(95)     Discovered: 0
[1.132s][debug][gc,phases,ref     ] GC(95)     Cleared: 0
[1.132s][debug][gc,phases,ref     ] GC(95)   PhantomReference:
[1.132s][debug][gc,phases,ref     ] GC(95)     Discovered: 1
[1.132s][debug][gc,phases,ref     ] GC(95)     Cleared: 1
[1.132s][debug][gc,phases         ] GC(95) Phase 1: Reference Processing 0.259ms
[1.132s][debug][gc,phases,start   ] GC(95) Phase 1: Weak Processing
[1.132s][debug][gc,phases         ] GC(95)   VM Weak                        Min:  0.0, Avg:  0.0, Max:  0.0, Diff:  0.0, Sum:  0.0, Workers: 1
[1.132s][debug][gc,phases         ] GC(95)     Dead                           Min: 0, Avg:  0.0, Max: 0, Diff: 0, Sum: 0, Workers: 1
[1.132s][debug][gc,phases         ] GC(95)     Total                          Min: 4, Avg:  4.0, Max: 4, Diff: 0, Sum: 4, Workers: 1
[1.132s][debug][gc,phases         ] GC(95)   ObjectSynchronizer Weak        Min:  0.0, Avg:  0.0, Max:  0.0, Diff:  0.0, Sum:  0.0, Workers: 1
[1.132s][debug][gc,phases         ] GC(95)     Dead                           Min: 0, Avg:  0.0, Max: 0, Diff: 0, Sum: 0, Workers: 1
[1.132s][debug][gc,phases         ] GC(95)     Total                          Min: 4, Avg:  4.0, Max: 4, Diff: 0, Sum: 4, Workers: 1
[1.132s][debug][gc,phases         ] GC(95)   JVMTI Tag Weak OopStorage      Min:  0.0, Avg:  0.0, Max:  0.0, Diff:  0.0, Sum:  0.0, Workers: 1
[1.132s][debug][gc,phases         ] GC(95)     Dead                           Min: 0, Avg:  0.0, Max: 0, Diff: 0, Sum: 0, Workers: 1
[1.132s][debug][gc,phases         ] GC(95)     Total                          Min: 0, Avg:  0.0, Max: 0, Diff: 0, Sum: 0, Workers: 1
[1.132s][debug][gc,phases         ] GC(95)   StringTable Weak               Min:  0.0, Avg:  0.0, Max:  0.0, Diff:  0.0, Sum:  0.0, Workers: 1
[1.132s][debug][gc,phases         ] GC(95)     Dead                           Min: 0, Avg:  0.0, Max: 0, Diff: 0, Sum: 0, Workers: 1
[1.132s][debug][gc,phases         ] GC(95)     Total                          Min: 41, Avg: 41.0, Max: 41, Diff: 0, Sum: 41, Workers: 1
[1.132s][debug][gc,phases         ] GC(95)   ResolvedMethodTable Weak       Min:  0.0, Avg:  0.0, Max:  0.0, Diff:  0.0, Sum:  0.0, Workers: 1
[1.132s][debug][gc,phases         ] GC(95)     Dead                           Min: 0, Avg:  0.0, Max: 0, Diff: 0, Sum: 0, Workers: 1
[1.132s][debug][gc,phases         ] GC(95)     Total                          Min: 22, Avg: 22.0, Max: 22, Diff: 0, Sum: 22, Workers: 1
[1.132s][debug][gc,phases         ] GC(95)   JNI Weak                       Min:  0.0, Avg:  0.0, Max:  0.0, Diff:  0.0, Sum:  0.0, Workers: 1
[1.132s][debug][gc,phases         ] GC(95)     Dead                           Min: 0, Avg:  0.0, Max: 0, Diff: 0, Sum: 0, Workers: 1
[1.132s][debug][gc,phases         ] GC(95)     Total                          Min: 0, Avg:  0.0, Max: 0, Diff: 0, Sum: 0, Workers: 1
[1.132s][debug][gc,phases         ] GC(95)   StringDedup Table Weak         Min:  0.0, Avg:  0.0, Max:  0.0, Diff:  0.0, Sum:  0.0, Workers: 1
[1.132s][debug][gc,phases         ] GC(95)     Dead                           Min: 0, Avg:  0.0, Max: 0, Diff: 0, Sum: 0, Workers: 1
[1.132s][debug][gc,phases         ] GC(95)     Total                          Min: 0, Avg:  0.0, Max: 0, Diff: 0, Sum: 0, Workers: 1
[1.132s][debug][gc,phases         ] GC(95)   StringDedup Requests0 Weak     Min:  0.0, Avg:  0.0, Max:  0.0, Diff:  0.0, Sum:  0.0, Workers: 1
[1.132s][debug][gc,phases         ] GC(95)     Dead                           Min: 0, Avg:  0.0, Max: 0, Diff: 0, Sum: 0, Workers: 1
[1.132s][debug][gc,phases         ] GC(95)     Total                          Min: 0, Avg:  0.0, Max: 0, Diff: 0, Sum: 0, Workers: 1
[1.132s][debug][gc,phases         ] GC(95)   StringDedup Requests1 Weak     Min:  0.0, Avg:  0.0, Max:  0.0, Diff:  0.0, Sum:  0.0, Workers: 1
[1.132s][debug][gc,phases         ] GC(95)     Dead                           Min: 0, Avg:  0.0, Max: 0, Diff: 0, Sum: 0, Workers: 1
[1.132s][debug][gc,phases         ] GC(95)     Total                          Min: 0, Avg:  0.0, Max: 0, Diff: 0, Sum: 0, Workers: 1
[1.132s][debug][gc,phases         ] GC(95)   Weak JFR Old Object Samples    Min:  0.0, Avg:  0.0, Max:  0.0, Diff:  0.0, Sum:  0.0, Workers: 1
[1.132s][debug][gc,phases         ] GC(95)     Dead                           Min: 0, Avg:  0.0, Max: 0, Diff: 0, Sum: 0, Workers: 1
[1.132s][debug][gc,phases         ] GC(95)     Total                          Min: 0, Avg:  0.0, Max: 0, Diff: 0, Sum: 0, Workers: 1
[1.132s][debug][gc,phases         ] GC(95) Phase 1: Weak Processing 0.209ms
[1.132s][debug][gc,phases,start   ] GC(95) Phase 1: Class Unloading and Cleanup
[1.132s][debug][gc,phases,start   ] GC(95) ClassLoaderData
[1.132s][debug][gc,phases         ] GC(95) ClassLoaderData 0.004ms
[1.132s][debug][gc,phases,start   ] GC(95) Trigger cleanups
[1.132s][debug][gc,phases         ] GC(95) Trigger cleanups 0.003ms
[1.132s][debug][gc,phases         ] GC(95) Phase 1: Class Unloading and Cleanup 0.116ms
[1.132s][debug][gc,phases,start   ] GC(95) Report Object Count
[1.132s][debug][gc,phases         ] GC(95) Report Object Count 0.004ms
[1.132s][info ][gc,phases         ] GC(95) Phase 1: Mark live objects 1.749ms
[1.132s][info ][gc,phases,start   ] GC(95) Phase 2: Prepare for compaction
[1.132s][debug][gc,phases,start   ] GC(95) Phase 2: Prepare Serial Compaction
[1.132s][debug][gc,phases         ] GC(95) Phase 2: Prepare Serial Compaction 0.028ms
[1.132s][info ][gc,phases         ] GC(95) Phase 2: Prepare for compaction 0.241ms
[1.132s][info ][gc,phases,start   ] GC(95) Phase 3: Adjust pointers
[1.133s][info ][gc,phases         ] GC(95) Phase 3: Adjust pointers 0.385ms
[1.133s][info ][gc,phases,start   ] GC(95) Phase 4: Compact heap
[1.137s][debug][gc,phases,start   ] GC(95) Phase 4: Serial Compaction
[1.138s][debug][gc,phases         ] GC(95) Phase 4: Serial Compaction 1.075ms
[1.138s][info ][gc,phases         ] GC(95) Phase 4: Compact heap 5.514ms
[1.138s][debug][gc,ergo           ] GC(95) Running G1 Clear Bitmap with 4 workers for 4 work units.
[1.139s][debug][gc,ergo,ihop      ] GC(95) Request concurrent cycle initiation (occupancy higher than threshold) occupancy: 267386880B allocation request: 0B threshold: 201575287B (75.09) source: end of Full GC
[1.139s][debug][gc,alloc,stats    ] Old generation allocation in the last mutator period, old gen allocated: 0B, humongous allocated: 0B,old gen growth: 0B.
[1.139s][info ][gc,heap           ] GC(95) Eden regions: 0->0(12)
[1.139s][info ][gc,heap           ] GC(95) Survivor regions: 0->0(0)
[1.139s][info ][gc,heap           ] GC(95) Old regions: 163->162
[1.139s][info ][gc,heap           ] GC(95) Archive regions: 2->2
[1.139s][info ][gc,heap           ] GC(95) Humongous regions: 91->91
[1.139s][info ][gc,metaspace      ] GC(95) Metaspace: 136K(320K)->136K(320K) NonClass: 131K(192K)->131K(192K) Class: 5K(128K)->5K(128K)
[1.139s][debug][gc,heap           ] GC(95) Heap after GC invocations=86 (full 22):
[1.139s][debug][gc,heap           ] GC(95)  garbage-first heap   total 262144K, used 249183K [0x00000000f0000000, 0x0000000100000000)
[1.139s][debug][gc,heap           ] GC(95)   region size 1024K, 0 young (0K), 0 survivors (0K)
[1.139s][debug][gc,heap           ] GC(95)  Metaspace       used 136K, committed 320K, reserved 1114112K
[1.139s][debug][gc,heap           ] GC(95)   class space    used 5K, committed 128K, reserved 1048576K
[1.139s][info ][gc                ] GC(95) Pause Full (G1 Compaction Pause) 244M->243M(256M) 8.484ms
[1.139s][info ][gc,cpu            ] GC(95) User=0.02s Sys=0.00s Real=0.01s
[1.141s][debug][gc,heap           ] GC(96) Heap before GC invocations=86 (full 22):
[1.141s][debug][gc,heap           ] GC(96)  garbage-first heap   total 262144K, used 249183K [0x00000000f0000000, 0x0000000100000000)
[1.141s][debug][gc,heap           ] GC(96)   region size 1024K, 1 young (1024K), 0 survivors (0K)
[1.141s][debug][gc,heap           ] GC(96)  Metaspace       used 136K, committed 320K, reserved 1114112K
[1.141s][debug][gc,heap           ] GC(96)   class space    used 5K, committed 128K, reserved 1048576K
[1.141s][debug][gc,ergo           ] GC(96) Initiate concurrent cycle (concurrent cycle initiation requested)
[1.141s][info ][gc,start          ] GC(96) Pause Young (Concurrent Start) (G1 Evacuation Pause)
[1.141s][info ][gc,task           ] GC(96) Using 12 workers of 13 for evacuation
[1.141s][debug][gc,tlab           ] GC(96) TLAB totals: thrds: 5  refills: 5 max: 1 slow allocs: 6 max 2 waste: 41.5% gc: 232456B max: 47024B slow: 0B max: 0B
[1.141s][debug][gc,age            ] GC(96) Desired survivor size 1048576 bytes, new threshold 15 (max threshold 15)
[1.141s][debug][gc,refine,stats   ] GC(96) Mutator refinement: 0.00ms, refined: 0, precleaned: 0, dirtied: 14
[1.141s][debug][gc,refine,stats   ] GC(96) Concurrent refinement: 0.00ms, refined: 0, precleaned: 0, dirtied: 0
[1.141s][debug][gc,refine,stats   ] GC(96) Total refinement: 0.00ms, refined: 0, precleaned: 0, dirtied: 14
[1.141s][debug][gc,refine,stats   ] GC(96) Generate dirty cards rate: 0.43 cards/ms
[1.141s][debug][gc,alloc,region   ] GC(96) Mutator Allocation stats, regions: 1, wasted size: 0B ( 0.0%)
[1.141s][debug][gc,humongous      ] GC(96) Humongous region 0 (object size 1048592 @ 0x00000000f0000000) remset 0 code roots 0 marked 0 reclaim candidate 0 type array 1
[1.141s][debug][gc,humongous      ] GC(96) Humongous region 42 (object size 1048592 @ 0x00000000f2a00000) remset 0 code roots 0 marked 0 reclaim candidate 0 type array 1
[1.141s][debug][gc,humongous      ] GC(96) Humongous region 85 (object size 10485776 @ 0x00000000f5500000) remset 0 code roots 0 marked 0 reclaim candidate 0 type array 1
[1.141s][debug][gc,humongous      ] GC(96) Humongous region 238 (object size 1048592 @ 0x00000000fee00000) remset 0 code roots 0 marked 0 reclaim candidate 0 type array 1
[1.141s][debug][gc,humongous      ] GC(96) Humongous region 249 (object size 1048592 @ 0x00000000ff900000) remset 0 code roots 0 marked 0 reclaim candidate 0 type array 1
[1.141s][debug][gc,humongous      ] GC(96) Humongous region 2 (object size 1048592 @ 0x00000000f0200000) remset 0 code roots 0 marked 0 reclaim candidate 0 type array 1
[1.141s][debug][gc,humongous      ] GC(96) Humongous region 10 (object size 1048592 @ 0x00000000f0a00000) remset 0 code roots 0 marked 0 reclaim candidate 0 type array 1
[1.142s][debug][gc,humongous      ] GC(96) Humongous region 12 (object size 1048592 @ 0x00000000f0c00000) remset 0 code roots 0 marked 0 reclaim candidate 0 type array 1
[1.142s][debug][gc,humongous      ] GC(96) Humongous region 14 (object size 1048592 @ 0x00000000f0e00000) remset 0 code roots 0 marked 0 reclaim candidate 0 type array 1
[1.141s][debug][gc,humongous      ] GC(96) Humongous region 203 (object size 1048592 @ 0x00000000fcb00000) remset 0 code roots 0 marked 0 reclaim candidate 0 type array 1
[1.142s][debug][gc,humongous      ] GC(96) Humongous region 16 (object size 1048592 @ 0x00000000f1000000) remset 0 code roots 0 marked 0 reclaim candidate 0 type array 1
[1.141s][debug][gc,humongous      ] GC(96) Humongous region 216 (object size 10485776 @ 0x00000000fd800000) remset 0 code roots 0 marked 0 reclaim candidate 0 type array 1
[1.141s][debug][gc,humongous      ] GC(96) Humongous region 244 (object size 1048592 @ 0x00000000ff400000) remset 0 code roots 0 marked 0 reclaim candidate 0 type array 1
[1.142s][debug][gc,humongous      ] GC(96) Humongous region 24 (object size 1048592 @ 0x00000000f1800000) remset 0 code roots 0 marked 0 reclaim candidate 0 type array 1
[1.142s][debug][gc,humongous      ] GC(96) Humongous region 26 (object size 1048592 @ 0x00000000f1a00000) remset 0 code roots 0 marked 0 reclaim candidate 0 type array 1
[1.142s][debug][gc,humongous      ] GC(96) Humongous region 30 (object size 1048592 @ 0x00000000f1e00000) remset 0 code roots 0 marked 0 reclaim candidate 0 type array 1
[1.141s][debug][gc,humongous      ] GC(96) Humongous region 8 (object size 1048592 @ 0x00000000f0800000) remset 0 code roots 0 marked 0 reclaim candidate 0 type array 1
[1.142s][debug][gc,humongous      ] GC(96) Humongous region 32 (object size 1048592 @ 0x00000000f2000000) remset 0 code roots 0 marked 0 reclaim candidate 0 type array 1
[1.141s][debug][gc,humongous      ] GC(96) Humongous region 60 (object size 1048592 @ 0x00000000f3c00000) remset 0 code roots 0 marked 0 reclaim candidate 0 type array 1
[1.142s][debug][gc,humongous      ] GC(96) Humongous region 36 (object size 1048592 @ 0x00000000f2400000) remset 0 code roots 0 marked 0 reclaim candidate 0 type array 1
[1.141s][debug][gc,humongous      ] GC(96) Humongous region 64 (object size 1048592 @ 0x00000000f4000000) remset 0 code roots 0 marked 0 reclaim candidate 0 type array 1
[1.142s][debug][gc,humongous      ] GC(96) Humongous region 83 (object size 1048592 @ 0x00000000f5300000) remset 0 code roots 0 marked 0 reclaim candidate 0 type array 1
[1.142s][debug][gc,humongous      ] GC(96) Humongous region 18 (object size 1048592 @ 0x00000000f1200000) remset 0 code roots 0 marked 0 reclaim candidate 0 type array 1
[1.141s][debug][gc,humongous      ] GC(96) Humongous region 4 (object size 1048592 @ 0x00000000f0400000) remset 0 code roots 0 marked 0 reclaim candidate 0 type array 1
[1.141s][debug][gc,humongous      ] GC(96) Humongous region 22 (object size 1048592 @ 0x00000000f1600000) remset 0 code roots 0 marked 0 reclaim candidate 0 type array 1
[1.142s][debug][gc,humongous      ] GC(96) Humongous region 28 (object size 1048592 @ 0x00000000f1c00000) remset 0 code roots 0 marked 0 reclaim candidate 0 type array 1
[1.141s][debug][gc,humongous      ] GC(96) Humongous region 6 (object size 1048592 @ 0x00000000f0600000) remset 0 code roots 0 marked 0 reclaim candidate 0 type array 1
[1.142s][debug][gc,humongous      ] GC(96) Humongous region 34 (object size 1048592 @ 0x00000000f2200000) remset 0 code roots 0 marked 0 reclaim candidate 0 type array 1
[1.141s][debug][gc,humongous      ] GC(96) Humongous region 126 (object size 1048592 @ 0x00000000f7e00000) remset 0 code roots 0 marked 0 reclaim candidate 0 type array 1
[1.142s][debug][gc,humongous      ] GC(96) Humongous region 38 (object size 1048592 @ 0x00000000f2600000) remset 0 code roots 0 marked 0 reclaim candidate 0 type array 1
[1.142s][debug][gc,humongous      ] GC(96) Humongous region 20 (object size 1048592 @ 0x00000000f1400000) remset 0 code roots 0 marked 0 reclaim candidate 0 type array 1
[1.141s][debug][gc,humongous      ] GC(96) Humongous region 159 (object size 10485776 @ 0x00000000f9f00000) remset 0 code roots 0 marked 0 reclaim candidate 0 type array 1
[1.142s][debug][gc,ergo           ] GC(96) Running G1 Merge Heap Roots using 12 workers for 1 regions
[1.142s][debug][gc,remset         ] GC(96) Visited cards 32 Total dirty 2048 (1.56%) Total old 526336 (0.01%)
[1.142s][debug][gc,ergo,heap      ] GC(96) Attempt heap expansion (region allocation request failed). Allocation request: 65552B
[1.142s][debug][gc,ergo,heap      ] GC(96) Did not expand the heap (heap already fully expanded)
[1.143s][debug][gc,ref            ] GC(96) Skipped phase 1 of Reference Processing: no references
[1.143s][debug][gc,ref            ] GC(96) Skipped phase 2 of Reference Processing: no references
[1.143s][debug][gc,ref            ] GC(96) Skipped phase 3 of Reference Processing: no references
[1.143s][debug][gc,ref            ] GC(96) Skipped phase 4 of Reference Processing: no references
[1.143s][debug][gc,ergo           ] GC(96) Running G1 Rebuild Free List Task using 12 workers for rebuilding free list of regions
[1.143s][debug][gc,plab           ] GC(96) Young PLAB allocation: allocated: 0B, wasted: 0B, unused: 0B, used: 0B, undo waste: 0B, 
[1.143s][debug][gc,plab           ] GC(96) Young other allocation: region end waste: 0B, regions filled: 0, direct allocated: 0B, failure used: 0B, failure wasted: 0B
[1.143s][debug][gc,plab           ] GC(96) Young sizing: calculated: 0B, actual: 2064B
[1.143s][debug][gc,plab           ] GC(96) Old PLAB allocation: allocated: 0B, wasted: 0B, unused: 0B, used: 0B, undo waste: 0B, 
[1.143s][debug][gc,plab           ] GC(96) Old other allocation: region end waste: 0B, regions filled: 0, direct allocated: 0B, failure used: 786624B, failure wasted: 261952B
[1.143s][debug][gc,plab           ] GC(96) Old sizing: calculated: 0B, actual: 2064B
[1.143s][debug][gc,ergo,heap      ] GC(96) Heap expansion: short term pause time ratio 93.73% long term pause time ratio 9.68% threshold 7.69% pause time ratio 7.69% fully expanded true resize by 0B
[1.143s][debug][gc,mmu            ] GC(96) MMU: 7.5ms (50.0ms/51.0ms)
[1.143s][debug][gc,alloc,stats    ] Old generation allocation in the last mutator period, old gen allocated: 1048576B, humongous allocated: 0B,old gen growth: 1048576B.
[1.143s][debug][gc,ihop           ] GC(96) Basic information (value update), threshold: 201998298B (75.25), target occupancy: 268435456B, current occupancy: 256183016B, recent allocation size: 1048576B, recent allocation duration: 32.60ms, recent old gen allocation rate: 32164581.40B/s, recent marking phase length: 9.93ms
[1.143s][debug][gc,ihop           ] GC(96) Adaptive IHOP information (value update), threshold: 201998298B (88.53), internal target occupancy: 228170137B, occupancy: 256183016B, additional buffer size: 12582912B, predicted old gen allocation rate: 258853764.01B/s, predicted marking phase length: 52.50ms, prediction active: true
[1.143s][debug][gc,ergo,refine    ] GC(96) Concurrent refinement times: Logged Cards Scan time goal: 5.00ms Logged Cards Scan time: 0.00ms HCC time: 0.00ms
[1.143s][debug][gc,ergo,refine    ] GC(96) Updated Refinement Zones: green: 3328, yellow: 9984, red: 16640
[1.143s][info ][gc                ] GC(96) To-space exhausted
[1.143s][info ][gc,phases         ] GC(96)   Pre Evacuate Collection Set: 0.6ms
[1.143s][debug][gc,phases         ] GC(96)     Prepare TLABs: 0.0ms
[1.143s][debug][gc,phases         ] GC(96)     Concatenate Dirty Card Logs: 0.0ms
[1.143s][debug][gc,phases         ] GC(96)     Choose Collection Set: 0.0ms
[1.143s][debug][gc,phases         ] GC(96)     Region Register: 0.6ms
[1.143s][debug][gc,phases         ] GC(96)     Prepare Heap Roots: 0.0ms
[1.143s][debug][gc,phases         ] GC(96)     Clear Claimed Marks: 0.0ms
[1.143s][info ][gc,phases         ] GC(96)   Merge Heap Roots: 0.1ms
[1.143s][debug][gc,phases         ] GC(96)     Prepare Merge Heap Roots: 0.0ms
[1.143s][debug][gc,phases         ] GC(96)     Eager Reclaim (ms):            skipped
[1.143s][debug][gc,phases         ] GC(96)     Remembered Sets (ms):          Min:  0.0, Avg:  0.0, Max:  0.0, Diff:  0.0, Sum:  0.0, Workers: 12
[1.143s][debug][gc,phases         ] GC(96)       Merged Sparse:                 Min: 0, Avg:  0.0, Max: 0, Diff: 0, Sum: 0, Workers: 12
[1.143s][debug][gc,phases         ] GC(96)       Merged Fine:                   Min: 0, Avg:  0.0, Max: 0, Diff: 0, Sum: 0, Workers: 12
[1.143s][debug][gc,phases         ] GC(96)       Merged Coarse:                 Min: 0, Avg:  0.0, Max: 0, Diff: 0, Sum: 0, Workers: 12
[1.143s][debug][gc,phases         ] GC(96)       Dirty Cards:                   Min: 0, Avg:  0.0, Max: 0, Diff: 0, Sum: 0, Workers: 12
[1.143s][debug][gc,phases         ] GC(96)     Hot Card Cache (ms):           Min:  0.0, Avg:  0.0, Max:  0.0, Diff:  0.0, Sum:  0.0, Workers: 12
[1.143s][debug][gc,phases         ] GC(96)       Dirty Cards:                   Min: 0, Avg:  0.0, Max: 0, Diff: 0, Sum: 0, Workers: 12
[1.143s][debug][gc,phases         ] GC(96)       Skipped Cards:                 Min: 0, Avg:  0.0, Max: 0, Diff: 0, Sum: 0, Workers: 12
[1.143s][debug][gc,phases         ] GC(96)     Log Buffers (ms):              Min:  0.0, Avg:  0.0, Max:  0.0, Diff:  0.0, Sum:  0.0, Workers: 12
[1.143s][debug][gc,phases         ] GC(96)       Dirty Cards:                   Min: 0, Avg:  0.5, Max: 6, Diff: 6, Sum: 6, Workers: 12
[1.143s][debug][gc,phases         ] GC(96)       Skipped Cards:                 Min: 0, Avg:  0.0, Max: 0, Diff: 0, Sum: 0, Workers: 12
[1.143s][info ][gc,phases         ] GC(96)   Evacuate Collection Set: 0.4ms
[1.143s][debug][gc,phases         ] GC(96)     Ext Root Scanning (ms):        Min:  0.0, Avg:  0.0, Max:  0.1, Diff:  0.1, Sum:  0.5, Workers: 12
[1.143s][debug][gc,phases         ] GC(96)     Scan Heap Roots (ms):          Min:  0.0, Avg:  0.0, Max:  0.0, Diff:  0.0, Sum:  0.0, Workers: 12
[1.143s][debug][gc,phases         ] GC(96)       Scanned Cards:                 Min: 0, Avg:  1.2, Max: 14, Diff: 14, Sum: 14, Workers: 12
[1.143s][debug][gc,phases         ] GC(96)       Scanned Blocks:                Min: 0, Avg:  0.1, Max: 1, Diff: 1, Sum: 1, Workers: 12
[1.143s][debug][gc,phases         ] GC(96)       Claimed Chunks:                Min: 0, Avg:  0.1, Max: 1, Diff: 1, Sum: 1, Workers: 12
[1.143s][debug][gc,phases         ] GC(96)     Code Root Scan (ms):           Min:  0.0, Avg:  0.0, Max:  0.0, Diff:  0.0, Sum:  0.0, Workers: 12
[1.143s][debug][gc,phases         ] GC(96)     Object Copy (ms):              Min:  0.0, Avg:  0.0, Max:  0.0, Diff:  0.0, Sum:  0.0, Workers: 12
[1.143s][debug][gc,phases         ] GC(96)     Termination (ms):              Min:  0.1, Avg:  0.2, Max:  0.3, Diff:  0.2, Sum:  2.8, Workers: 12
[1.143s][debug][gc,phases         ] GC(96)       Termination Attempts:          Min: 1, Avg:  1.0, Max: 1, Diff: 0, Sum: 12, Workers: 12
[1.143s][debug][gc,phases         ] GC(96)     GC Worker Other (ms):          Min:  0.0, Avg:  0.0, Max:  0.0, Diff:  0.0, Sum:  0.1, Workers: 12
[1.143s][debug][gc,phases         ] GC(96)     GC Worker Total (ms):          Min:  0.2, Avg:  0.3, Max:  0.4, Diff:  0.1, Sum:  3.4, Workers: 12
[1.143s][info ][gc,phases         ] GC(96)   Post Evacuate Collection Set: 0.4ms
[1.143s][debug][gc,phases         ] GC(96)     Code Roots Fixup: 0.0ms
[1.143s][debug][gc,phases         ] GC(96)     Reference Processing: 0.0ms
[1.143s][debug][gc,phases,ref     ] GC(96)       Reconsider SoftReferences: 0.0ms
[1.143s][debug][gc,phases,ref     ] GC(96)         SoftRef (ms):                  skipped
[1.143s][debug][gc,phases,ref     ] GC(96)       Notify Soft/WeakReferences: 0.0ms
[1.143s][debug][gc,phases,ref     ] GC(96)         SoftRef (ms):                  skipped
[1.143s][debug][gc,phases,ref     ] GC(96)         WeakRef (ms):                  skipped
[1.143s][debug][gc,phases,ref     ] GC(96)         FinalRef (ms):                 skipped
[1.143s][debug][gc,phases,ref     ] GC(96)         Total (ms):                    skipped
[1.143s][debug][gc,phases,ref     ] GC(96)       Notify and keep alive finalizable: 0.0ms
[1.143s][debug][gc,phases,ref     ] GC(96)         FinalRef (ms):                 skipped
[1.143s][debug][gc,phases,ref     ] GC(96)       Notify PhantomReferences: 0.0ms
[1.143s][debug][gc,phases,ref     ] GC(96)         PhantomRef (ms):               skipped
[1.143s][debug][gc,phases,ref     ] GC(96)       SoftReference:
[1.143s][debug][gc,phases,ref     ] GC(96)         Discovered: 0
[1.143s][debug][gc,phases,ref     ] GC(96)         Cleared: 0
[1.143s][debug][gc,phases,ref     ] GC(96)       WeakReference:
[1.143s][debug][gc,phases,ref     ] GC(96)         Discovered: 0
[1.143s][debug][gc,phases,ref     ] GC(96)         Cleared: 0
[1.143s][debug][gc,phases,ref     ] GC(96)       FinalReference:
[1.143s][debug][gc,phases,ref     ] GC(96)         Discovered: 0
[1.143s][debug][gc,phases,ref     ] GC(96)         Cleared: 0
[1.143s][debug][gc,phases,ref     ] GC(96)       PhantomReference:
[1.143s][debug][gc,phases,ref     ] GC(96)         Discovered: 0
[1.143s][debug][gc,phases,ref     ] GC(96)         Cleared: 0
[1.143s][debug][gc,phases         ] GC(96)     Weak Processing: 0.1ms
[1.143s][debug][gc,phases         ] GC(96)       VM Weak                        Min:  0.0, Avg:  0.0, Max:  0.0, Diff:  0.0, Sum:  0.0, Workers: 1
[1.143s][debug][gc,phases         ] GC(96)         Dead                           Min: 0, Avg:  0.0, Max: 0, Diff: 0, Sum: 0, Workers: 1
[1.143s][debug][gc,phases         ] GC(96)         Total                          Min: 4, Avg:  4.0, Max: 4, Diff: 0, Sum: 4, Workers: 1
[1.143s][debug][gc,phases         ] GC(96)       ObjectSynchronizer Weak        Min:  0.0, Avg:  0.0, Max:  0.0, Diff:  0.0, Sum:  0.0, Workers: 1
[1.143s][debug][gc,phases         ] GC(96)         Dead                           Min: 0, Avg:  0.0, Max: 0, Diff: 0, Sum: 0, Workers: 1
[1.143s][debug][gc,phases         ] GC(96)         Total                          Min: 4, Avg:  4.0, Max: 4, Diff: 0, Sum: 4, Workers: 1
[1.143s][debug][gc,phases         ] GC(96)       JVMTI Tag Weak OopStorage      Min:  0.0, Avg:  0.0, Max:  0.0, Diff:  0.0, Sum:  0.0, Workers: 1
[1.143s][debug][gc,phases         ] GC(96)         Dead                           Min: 0, Avg:  0.0, Max: 0, Diff: 0, Sum: 0, Workers: 1
[1.143s][debug][gc,phases         ] GC(96)         Total                          Min: 0, Avg:  0.0, Max: 0, Diff: 0, Sum: 0, Workers: 1
[1.143s][debug][gc,phases         ] GC(96)       StringTable Weak               Min:  0.0, Avg:  0.0, Max:  0.0, Diff:  0.0, Sum:  0.0, Workers: 1
[1.143s][debug][gc,phases         ] GC(96)         Dead                           Min: 0, Avg:  0.0, Max: 0, Diff: 0, Sum: 0, Workers: 1
[1.143s][debug][gc,phases         ] GC(96)         Total                          Min: 41, Avg: 41.0, Max: 41, Diff: 0, Sum: 41, Workers: 1
[1.143s][debug][gc,phases         ] GC(96)       ResolvedMethodTable Weak       Min:  0.0, Avg:  0.0, Max:  0.0, Diff:  0.0, Sum:  0.0, Workers: 1
[1.143s][debug][gc,phases         ] GC(96)         Dead                           Min: 0, Avg:  0.0, Max: 0, Diff: 0, Sum: 0, Workers: 1
[1.143s][debug][gc,phases         ] GC(96)         Total                          Min: 22, Avg: 22.0, Max: 22, Diff: 0, Sum: 22, Workers: 1
[1.143s][debug][gc,phases         ] GC(96)       JNI Weak                       Min:  0.0, Avg:  0.0, Max:  0.0, Diff:  0.0, Sum:  0.0, Workers: 1
[1.143s][debug][gc,phases         ] GC(96)         Dead                           Min: 0, Avg:  0.0, Max: 0, Diff: 0, Sum: 0, Workers: 1
[1.143s][debug][gc,phases         ] GC(96)         Total                          Min: 0, Avg:  0.0, Max: 0, Diff: 0, Sum: 0, Workers: 1
[1.143s][debug][gc,phases         ] GC(96)       StringDedup Table Weak         Min:  0.0, Avg:  0.0, Max:  0.0, Diff:  0.0, Sum:  0.0, Workers: 1
[1.143s][debug][gc,phases         ] GC(96)         Dead                           Min: 0, Avg:  0.0, Max: 0, Diff: 0, Sum: 0, Workers: 1
[1.143s][debug][gc,phases         ] GC(96)         Total                          Min: 0, Avg:  0.0, Max: 0, Diff: 0, Sum: 0, Workers: 1
[1.143s][debug][gc,phases         ] GC(96)       StringDedup Requests0 Weak     Min:  0.0, Avg:  0.0, Max:  0.0, Diff:  0.0, Sum:  0.0, Workers: 1
[1.143s][debug][gc,phases         ] GC(96)         Dead                           Min: 0, Avg:  0.0, Max: 0, Diff: 0, Sum: 0, Workers: 1
[1.143s][debug][gc,phases         ] GC(96)         Total                          Min: 0, Avg:  0.0, Max: 0, Diff: 0, Sum: 0, Workers: 1
[1.143s][debug][gc,phases         ] GC(96)       StringDedup Requests1 Weak     Min:  0.0, Avg:  0.0, Max:  0.0, Diff:  0.0, Sum:  0.0, Workers: 1
[1.143s][debug][gc,phases         ] GC(96)         Dead                           Min: 0, Avg:  0.0, Max: 0, Diff: 0, Sum: 0, Workers: 1
[1.143s][debug][gc,phases         ] GC(96)         Total                          Min: 0, Avg:  0.0, Max: 0, Diff: 0, Sum: 0, Workers: 1
[1.143s][debug][gc,phases         ] GC(96)       Weak JFR Old Object Samples    Min:  0.0, Avg:  0.0, Max:  0.0, Diff:  0.0, Sum:  0.0, Workers: 1
[1.143s][debug][gc,phases         ] GC(96)         Dead                           Min: 0, Avg:  0.0, Max: 0, Diff: 0, Sum: 0, Workers: 1
[1.143s][debug][gc,phases         ] GC(96)         Total                          Min: 0, Avg:  0.0, Max: 0, Diff: 0, Sum: 0, Workers: 1
[1.143s][debug][gc,phases         ] GC(96)     Post Evacuate Cleanup 1: 0.1ms
[1.143s][debug][gc,phases         ] GC(96)       Merge Per-Thread State (ms):   Min:  0.0, Avg:  0.0, Max:  0.0, Diff:  0.0, Sum:  0.0, Workers: 1
[1.143s][debug][gc,phases         ] GC(96)         Copied Bytes                   Min: 0, Avg:  0.0, Max: 0, Diff: 0, Sum: 0, Workers: 12
[1.143s][debug][gc,phases         ] GC(96)         LAB Waste                      Min: 0, Avg:  0.0, Max: 0, Diff: 0, Sum: 0, Workers: 12
[1.143s][debug][gc,phases         ] GC(96)         LAB Undo Waste                 Min: 0, Avg:  0.0, Max: 0, Diff: 0, Sum: 0, Workers: 12
[1.143s][debug][gc,phases         ] GC(96)       Clear Logged Cards (ms):       Min:  0.0, Avg:  0.0, Max:  0.0, Diff:  0.0, Sum:  0.0, Workers: 4
[1.143s][debug][gc,phases         ] GC(96)       Recalculate Used Memory (ms):  Min:  0.0, Avg:  0.0, Max:  0.0, Diff:  0.0, Sum:  0.0, Workers: 1
[1.143s][debug][gc,phases         ] GC(96)       Remove Self Forwards (ms):     Min:  0.0, Avg:  0.0, Max:  0.0, Diff:  0.0, Sum:  0.0, Workers: 4
[1.143s][debug][gc,phases         ] GC(96)     Post Evacuate Cleanup 2: 0.1ms
[1.143s][debug][gc,phases         ] GC(96)       Recalculate Used Memory (ms):  Min:  0.0, Avg:  0.0, Max:  0.0, Diff:  0.0, Sum:  0.0, Workers: 1
[1.143s][debug][gc,phases         ] GC(96)       Restore Preserved Marks (ms):  Min:  0.0, Avg:  0.0, Max:  0.0, Diff:  0.0, Sum:  0.0, Workers: 12
[1.143s][debug][gc,phases         ] GC(96)       Reset Hot Card Cache (ms):     Min:  0.0, Avg:  0.0, Max:  0.0, Diff:  0.0, Sum:  0.0, Workers: 1
[1.143s][debug][gc,phases         ] GC(96)       Purge Code Roots (ms):         Min:  0.0, Avg:  0.0, Max:  0.0, Diff:  0.0, Sum:  0.0, Workers: 1
[1.143s][debug][gc,phases         ] GC(96)       Update Derived Pointers (ms):  Min:  0.0, Avg:  0.0, Max:  0.0, Diff:  0.0, Sum:  0.0, Workers: 1
[1.143s][debug][gc,phases         ] GC(96)       Eagerly Reclaim Humongous Objects (ms): Min:  0.0, Avg:  0.0, Max:  0.0, Diff:  0.0, Sum:  0.0, Workers: 1
[1.144s][debug][gc,phases         ] GC(96)         Humongous Total                Min: 32, Avg: 32.0, Max: 32, Diff: 0, Sum: 32, Workers: 1
[1.144s][debug][gc,phases         ] GC(96)         Humongous Candidates           Min: 0, Avg:  0.0, Max: 0, Diff: 0, Sum: 0, Workers: 1
[1.144s][debug][gc,phases         ] GC(96)         Humongous Reclaimed            Min: 0, Avg:  0.0, Max: 0, Diff: 0, Sum: 0, Workers: 1
[1.144s][debug][gc,phases         ] GC(96)       Redirty Logged Cards (ms):     Min:  0.0, Avg:  0.0, Max:  0.0, Diff:  0.0, Sum:  0.0, Workers: 12
[1.144s][debug][gc,phases         ] GC(96)         Redirtied Cards:               Min: 0, Avg:  0.2, Max: 2, Diff: 2, Sum: 2, Workers: 12
[1.144s][debug][gc,phases         ] GC(96)       Free Collection Set (ms):      Min:  0.0, Avg:  0.0, Max:  0.0, Diff:  0.0, Sum:  0.0, Workers: 12
[1.144s][debug][gc,phases         ] GC(96)     Rebuild Free List: 0.1ms
[1.144s][debug][gc,phases         ] GC(96)     Start New Collection Set: 0.0ms
[1.144s][debug][gc,phases         ] GC(96)     Resize TLABs: 0.0ms
[1.144s][debug][gc,phases         ] GC(96)     Expand Heap After Collection: 0.0ms
[1.144s][info ][gc,phases         ] GC(96)   Other: 0.2ms
[1.144s][info ][gc,heap           ] GC(96) Eden regions: 1->0(12)
[1.144s][info ][gc,heap           ] GC(96) Survivor regions: 0->0(0)
[1.144s][info ][gc,heap           ] GC(96) Old regions: 162->163
[1.144s][info ][gc,heap           ] GC(96) Archive regions: 2->2
[1.144s][info ][gc,heap           ] GC(96) Humongous regions: 91->91
[1.144s][info ][gc,metaspace      ] GC(96) Metaspace: 136K(320K)->136K(320K) NonClass: 131K(192K)->131K(192K) Class: 5K(128K)->5K(128K)
[1.144s][debug][gc,heap           ] GC(96) Heap after GC invocations=87 (full 22):
[1.144s][debug][gc,heap           ] GC(96)  garbage-first heap   total 262144K, used 250178K [0x00000000f0000000, 0x0000000100000000)
[1.144s][debug][gc,heap           ] GC(96)   region size 1024K, 0 young (0K), 0 survivors (0K)
[1.144s][debug][gc,heap           ] GC(96)  Metaspace       used 136K, committed 320K, reserved 1114112K
[1.144s][debug][gc,heap           ] GC(96)   class space    used 5K, committed 128K, reserved 1048576K
[1.144s][info ][gc                ] GC(96) Pause Young (Concurrent Start) (G1 Evacuation Pause) 244M->244M(256M) 2.396ms
[1.144s][info ][gc,cpu            ] GC(96) User=0.01s Sys=0.00s Real=0.00s
[1.144s][debug][gc,ergo,heap      ] Attempt heap expansion (allocation request failed). Allocation request: 65552B
[1.144s][debug][gc,ergo,heap      ] Expand the heap. requested expansion amount: 1048576B expansion amount: 1048576B
[1.144s][debug][gc,ergo,heap      ] Did not expand the heap (heap already fully expanded)
[1.144s][info ][gc,ergo           ] Attempting full compaction
[1.144s][info ][gc                ] GC(97) Concurrent Mark Cycle
[1.144s][info ][gc,marking        ] GC(97) Concurrent Clear Claimed Marks
[1.144s][info ][gc,marking        ] GC(97) Concurrent Clear Claimed Marks 0.020ms
[1.144s][debug][gc,task           ] GC(98) Requesting 9 active workers for full compaction (waste limited workers: 13, adaptive workers: 9, used limited workers: 256)
[1.144s][info ][gc,task           ] GC(98) Using 9 workers of 13 for full compaction
[1.144s][info ][gc,marking        ] GC(97) Concurrent Scan Root Regions
[1.144s][info ][gc,marking        ] GC(97) Concurrent Scan Root Regions 0.040ms
[1.144s][info ][gc,marking        ] GC(97) Concurrent Mark
[1.144s][info ][gc,marking        ] GC(97) Concurrent Mark From Roots
[1.144s][info ][gc,task           ] GC(97) Using 3 workers of 3 for marking
[1.144s][info ][gc,start          ] GC(98) Pause Full (G1 Compaction Pause)
[1.144s][debug][gc,heap           ] GC(98) Heap before GC invocations=87 (full 22):
[1.144s][debug][gc,heap           ] GC(98)  garbage-first heap   total 262144K, used 250178K [0x00000000f0000000, 0x0000000100000000)
[1.144s][debug][gc,heap           ] GC(98)   region size 1024K, 0 young (0K), 0 survivors (0K)
[1.144s][debug][gc,heap           ] GC(98)  Metaspace       used 136K, committed 320K, reserved 1114112K
[1.144s][debug][gc,heap           ] GC(98)   class space    used 5K, committed 128K, reserved 1048576K
[1.144s][debug][gc,start          ] GC(98) Clear Next Bitmap
[1.144s][debug][gc,ergo           ] GC(98) Running G1 Clear Bitmap with 4 workers for 4 work units.
[1.144s][debug][gc                ] GC(98) Clear Next Bitmap 0.164ms
[1.144s][debug][gc,alloc,region   ] GC(98) Mutator Allocation stats, regions: 0, wasted size: 0B ( 0.0%)
[1.144s][info ][gc,phases,start   ] GC(98) Phase 1: Mark live objects
[1.146s][debug][gc,phases,start   ] GC(98) Phase 1: Reference Processing
[1.146s][debug][gc,ref            ] GC(98) Skipped phase 1 of Reference Processing: no references
[1.146s][debug][gc,ref            ] GC(98) ReferenceProcessor::execute queues: 1, RefProcThreadModel::Single, marks_oops_alive: false
[1.146s][debug][gc,ref            ] GC(98) Skipped phase 3 of Reference Processing: no references
[1.146s][debug][gc,ref            ] GC(98) Skipped phase 4 of Reference Processing: no references
[1.146s][debug][gc,phases,ref     ] GC(98) Reference Processing: 0.0ms
[1.146s][debug][gc,phases,ref     ] GC(98)   Reconsider SoftReferences: 0.0ms
[1.146s][debug][gc,phases,ref     ] GC(98)     SoftRef (ms):                  skipped
[1.146s][debug][gc,phases,ref     ] GC(98)   Notify Soft/WeakReferences: 0.0ms
[1.146s][debug][gc,phases,ref     ] GC(98)     SoftRef (ms):                  Min:  0.0, Avg:  0.0, Max:  0.0, Diff:  0.0, Sum:  0.0, Workers: 13
[1.146s][debug][gc,phases,ref     ] GC(98)     WeakRef (ms):                  Min:  0.0, Avg:  0.0, Max:  0.0, Diff:  0.0, Sum:  0.0, Workers: 13
[1.146s][debug][gc,phases,ref     ] GC(98)     FinalRef (ms):                 Min:  0.0, Avg:  0.0, Max:  0.0, Diff:  0.0, Sum:  0.0, Workers: 13
[1.146s][debug][gc,phases,ref     ] GC(98)     Total (ms):                    Min:  0.0, Avg:  0.0, Max:  0.0, Diff:  0.0, Sum:  0.0, Workers: 13
[1.146s][debug][gc,phases,ref     ] GC(98)   Notify and keep alive finalizable: 0.0ms
[1.146s][debug][gc,phases,ref     ] GC(98)     FinalRef (ms):                 skipped
[1.146s][debug][gc,phases,ref     ] GC(98)   Notify PhantomReferences: 0.0ms
[1.146s][debug][gc,phases,ref     ] GC(98)     PhantomRef (ms):               skipped
[1.146s][debug][gc,phases,ref     ] GC(98)   SoftReference:
[1.146s][debug][gc,phases,ref     ] GC(98)     Discovered: 0
[1.146s][debug][gc,phases,ref     ] GC(98)     Cleared: 0
[1.146s][debug][gc,phases,ref     ] GC(98)   WeakReference:
[1.146s][debug][gc,phases,ref     ] GC(98)     Discovered: 18
[1.146s][debug][gc,phases,ref     ] GC(98)     Cleared: 18
[1.146s][debug][gc,phases,ref     ] GC(98)   FinalReference:
[1.146s][debug][gc,phases,ref     ] GC(98)     Discovered: 0
[1.146s][debug][gc,phases,ref     ] GC(98)     Cleared: 0
[1.146s][debug][gc,phases,ref     ] GC(98)   PhantomReference:
[1.146s][debug][gc,phases,ref     ] GC(98)     Discovered: 0
[1.146s][debug][gc,phases,ref     ] GC(98)     Cleared: 0
[1.146s][debug][gc,phases         ] GC(98) Phase 1: Reference Processing 0.151ms
[1.146s][debug][gc,phases,start   ] GC(98) Phase 1: Weak Processing
[1.146s][debug][gc,phases         ] GC(98)   VM Weak                        Min:  0.0, Avg:  0.0, Max:  0.0, Diff:  0.0, Sum:  0.0, Workers: 1
[1.146s][debug][gc,phases         ] GC(98)     Dead                           Min: 0, Avg:  0.0, Max: 0, Diff: 0, Sum: 0, Workers: 1
[1.146s][debug][gc,phases         ] GC(98)     Total                          Min: 4, Avg:  4.0, Max: 4, Diff: 0, Sum: 4, Workers: 1
[1.146s][debug][gc,phases         ] GC(98)   ObjectSynchronizer Weak        Min:  0.0, Avg:  0.0, Max:  0.0, Diff:  0.0, Sum:  0.0, Workers: 1
[1.146s][debug][gc,phases         ] GC(98)     Dead                           Min: 0, Avg:  0.0, Max: 0, Diff: 0, Sum: 0, Workers: 1
[1.146s][debug][gc,phases         ] GC(98)     Total                          Min: 4, Avg:  4.0, Max: 4, Diff: 0, Sum: 4, Workers: 1
[1.146s][debug][gc,phases         ] GC(98)   JVMTI Tag Weak OopStorage      Min:  0.0, Avg:  0.0, Max:  0.0, Diff:  0.0, Sum:  0.0, Workers: 1
[1.146s][debug][gc,phases         ] GC(98)     Dead                           Min: 0, Avg:  0.0, Max: 0, Diff: 0, Sum: 0, Workers: 1
[1.146s][debug][gc,phases         ] GC(98)     Total                          Min: 0, Avg:  0.0, Max: 0, Diff: 0, Sum: 0, Workers: 1
[1.146s][debug][gc,phases         ] GC(98)   StringTable Weak               Min:  0.0, Avg:  0.0, Max:  0.0, Diff:  0.0, Sum:  0.0, Workers: 1
[1.146s][debug][gc,phases         ] GC(98)     Dead                           Min: 0, Avg:  0.0, Max: 0, Diff: 0, Sum: 0, Workers: 1
[1.146s][debug][gc,phases         ] GC(98)     Total                          Min: 41, Avg: 41.0, Max: 41, Diff: 0, Sum: 41, Workers: 1
[1.146s][debug][gc,phases         ] GC(98)   ResolvedMethodTable Weak       Min:  0.0, Avg:  0.0, Max:  0.0, Diff:  0.0, Sum:  0.0, Workers: 1
[1.146s][debug][gc,phases         ] GC(98)     Dead                           Min: 0, Avg:  0.0, Max: 0, Diff: 0, Sum: 0, Workers: 1
[1.146s][debug][gc,phases         ] GC(98)     Total                          Min: 22, Avg: 22.0, Max: 22, Diff: 0, Sum: 22, Workers: 1
[1.146s][debug][gc,phases         ] GC(98)   JNI Weak                       Min:  0.0, Avg:  0.0, Max:  0.0, Diff:  0.0, Sum:  0.0, Workers: 1
[1.146s][debug][gc,phases         ] GC(98)     Dead                           Min: 0, Avg:  0.0, Max: 0, Diff: 0, Sum: 0, Workers: 1
[1.146s][debug][gc,phases         ] GC(98)     Total                          Min: 0, Avg:  0.0, Max: 0, Diff: 0, Sum: 0, Workers: 1
[1.146s][debug][gc,phases         ] GC(98)   StringDedup Table Weak         Min:  0.0, Avg:  0.0, Max:  0.0, Diff:  0.0, Sum:  0.0, Workers: 1
[1.146s][debug][gc,phases         ] GC(98)     Dead                           Min: 0, Avg:  0.0, Max: 0, Diff: 0, Sum: 0, Workers: 1
[1.146s][debug][gc,phases         ] GC(98)     Total                          Min: 0, Avg:  0.0, Max: 0, Diff: 0, Sum: 0, Workers: 1
[1.146s][debug][gc,phases         ] GC(98)   StringDedup Requests0 Weak     Min:  0.0, Avg:  0.0, Max:  0.0, Diff:  0.0, Sum:  0.0, Workers: 1
[1.146s][debug][gc,phases         ] GC(98)     Dead                           Min: 0, Avg:  0.0, Max: 0, Diff: 0, Sum: 0, Workers: 1
[1.146s][debug][gc,phases         ] GC(98)     Total                          Min: 0, Avg:  0.0, Max: 0, Diff: 0, Sum: 0, Workers: 1
[1.146s][debug][gc,phases         ] GC(98)   StringDedup Requests1 Weak     Min:  0.0, Avg:  0.0, Max:  0.0, Diff:  0.0, Sum:  0.0, Workers: 1
[1.146s][debug][gc,phases         ] GC(98)     Dead                           Min: 0, Avg:  0.0, Max: 0, Diff: 0, Sum: 0, Workers: 1
[1.146s][debug][gc,phases         ] GC(98)     Total                          Min: 0, Avg:  0.0, Max: 0, Diff: 0, Sum: 0, Workers: 1
[1.146s][debug][gc,phases         ] GC(98)   Weak JFR Old Object Samples    Min:  0.0, Avg:  0.0, Max:  0.0, Diff:  0.0, Sum:  0.0, Workers: 1
[1.146s][debug][gc,phases         ] GC(98)     Dead                           Min: 0, Avg:  0.0, Max: 0, Diff: 0, Sum: 0, Workers: 1
[1.146s][debug][gc,phases         ] GC(98)     Total                          Min: 0, Avg:  0.0, Max: 0, Diff: 0, Sum: 0, Workers: 1
[1.146s][debug][gc,phases         ] GC(98) Phase 1: Weak Processing 0.240ms
[1.146s][debug][gc,phases,start   ] GC(98) Phase 1: Class Unloading and Cleanup
[1.146s][debug][gc,phases,start   ] GC(98) ClassLoaderData
[1.146s][debug][gc,phases         ] GC(98) ClassLoaderData 0.005ms
[1.146s][debug][gc,phases,start   ] GC(98) Trigger cleanups
[1.146s][debug][gc,phases         ] GC(98) Trigger cleanups 0.003ms
[1.146s][debug][gc,phases         ] GC(98) Phase 1: Class Unloading and Cleanup 0.134ms
[1.146s][debug][gc,phases,start   ] GC(98) Report Object Count
[1.146s][debug][gc,phases         ] GC(98) Report Object Count 0.006ms
[1.146s][info ][gc,phases         ] GC(98) Phase 1: Mark live objects 2.152ms
[1.146s][info ][gc,phases,start   ] GC(98) Phase 2: Prepare for compaction
[1.146s][debug][gc,phases,start   ] GC(98) Phase 2: Prepare Serial Compaction
[1.146s][debug][gc,phases         ] GC(98) Phase 2: Prepare Serial Compaction 0.036ms
[1.146s][info ][gc,phases         ] GC(98) Phase 2: Prepare for compaction 0.293ms
[1.147s][info ][gc,phases,start   ] GC(98) Phase 3: Adjust pointers
[1.147s][info ][gc,phases         ] GC(98) Phase 3: Adjust pointers 0.409ms
[1.147s][info ][gc,phases,start   ] GC(98) Phase 4: Compact heap
[1.150s][debug][gc,phases,start   ] GC(98) Phase 4: Serial Compaction
[1.151s][debug][gc,phases         ] GC(98) Phase 4: Serial Compaction 0.732ms
[1.151s][info ][gc,phases         ] GC(98) Phase 4: Compact heap 3.869ms
[1.151s][debug][gc,ergo           ] GC(98) Running G1 Clear Bitmap with 4 workers for 4 work units.
[1.151s][debug][gc,alloc,stats    ] Old generation allocation in the last mutator period, old gen allocated: 0B, humongous allocated: 0B,old gen growth: 0B.
[1.151s][info ][gc,heap           ] GC(98) Eden regions: 0->0(12)
[1.151s][info ][gc,heap           ] GC(98) Survivor regions: 0->0(0)
[1.151s][info ][gc,heap           ] GC(98) Old regions: 163->162
[1.151s][info ][gc,heap           ] GC(98) Archive regions: 2->2
[1.151s][info ][gc,heap           ] GC(98) Humongous regions: 91->91
[1.151s][info ][gc,metaspace      ] GC(98) Metaspace: 136K(320K)->136K(320K) NonClass: 131K(192K)->131K(192K) Class: 5K(128K)->5K(128K)
[1.151s][debug][gc,heap           ] GC(98) Heap after GC invocations=88 (full 23):
[1.151s][debug][gc,heap           ] GC(98)  garbage-first heap   total 262144K, used 249311K [0x00000000f0000000, 0x0000000100000000)
[1.151s][debug][gc,heap           ] GC(98)   region size 1024K, 0 young (0K), 0 survivors (0K)
[1.151s][debug][gc,heap           ] GC(98)  Metaspace       used 136K, committed 320K, reserved 1114112K
[1.151s][debug][gc,heap           ] GC(98)   class space    used 5K, committed 128K, reserved 1048576K
[1.151s][info ][gc                ] GC(98) Pause Full (G1 Compaction Pause) 244M->243M(256M) 7.357ms
[1.151s][info ][gc,cpu            ] GC(98) User=0.01s Sys=0.01s Real=0.01s
[1.151s][debug][gc,stats          ] ---------------------------------------------------------------------
[1.151s][debug][gc,stats          ] Marking Stats, task = 0, calls = 0
[1.151s][debug][gc,stats          ]   Elapsed time = 0.00ms, Termination time = 0.00ms
[1.151s][debug][gc,stats          ]   Step Times (cum): num = 732, avg = 0.02ms, sd = 0.11ms max = 1.18ms, total = 11.55ms
[1.151s][debug][gc,stats          ]   Mark Stats Cache: hits 13 misses 0 ratio 100.000
[1.151s][debug][gc,stats          ] ---------------------------------------------------------------------
[1.151s][debug][gc,stats          ] Marking Stats, task = 1, calls = 0
[1.151s][debug][gc,stats          ]   Elapsed time = 0.00ms, Termination time = 0.00ms
[1.151s][debug][gc,stats          ]   Step Times (cum): num = 78, avg = 0.16ms, sd = 0.34ms max = 1.46ms, total = 12.39ms
[1.151s][debug][gc,stats          ]   Mark Stats Cache: hits 882 misses 0 ratio 100.000
[1.151s][debug][gc,stats          ] ---------------------------------------------------------------------
[1.151s][debug][gc,stats          ] Marking Stats, task = 2, calls = 0
[1.151s][debug][gc,stats          ]   Elapsed time = 0.00ms, Termination time = 0.00ms
[1.151s][debug][gc,stats          ]   Step Times (cum): num = 61, avg = 0.13ms, sd = 0.29ms max = 1.29ms, total = 7.66ms
[1.151s][debug][gc,stats          ]   Mark Stats Cache: hits 9 misses 0 ratio 100.000
[1.151s][debug][gc,stats          ] ---------------------------------------------------------------------
[1.151s][info ][gc,marking        ] GC(97) Concurrent Mark From Roots 7.634ms
[1.151s][info ][gc,marking        ] GC(97) Concurrent Mark Abort
[1.151s][info ][gc                ] GC(97) Concurrent Mark Cycle 7.770ms
[1.154s][debug][gc,heap           ] GC(99) Heap before GC invocations=88 (full 23):
[1.154s][debug][gc,heap           ] GC(99)  garbage-first heap   total 262144K, used 249311K [0x00000000f0000000, 0x0000000100000000)
[1.154s][debug][gc,heap           ] GC(99)   region size 1024K, 1 young (1024K), 0 survivors (0K)
[1.154s][debug][gc,heap           ] GC(99)  Metaspace       used 136K, committed 320K, reserved 1114112K
[1.154s][debug][gc,heap           ] GC(99)   class space    used 5K, committed 128K, reserved 1048576K
[1.154s][info ][gc,start          ] GC(99) Pause Young (Normal) (G1 Evacuation Pause)
[1.154s][info ][gc,task           ] GC(99) Using 12 workers of 13 for evacuation
[1.154s][debug][gc,tlab           ] GC(99) TLAB totals: thrds: 5  refills: 5 max: 1 slow allocs: 8 max 2 waste: 41.5% gc: 232456B max: 47024B slow: 0B max: 0B
[1.154s][debug][gc,age            ] GC(99) Desired survivor size 1048576 bytes, new threshold 15 (max threshold 15)
[1.154s][debug][gc,refine,stats   ] GC(99) Mutator refinement: 0.00ms, refined: 0, precleaned: 0, dirtied: 20
[1.154s][debug][gc,refine,stats   ] GC(99) Concurrent refinement: 0.00ms, refined: 0, precleaned: 0, dirtied: 0
[1.154s][debug][gc,refine,stats   ] GC(99) Total refinement: 0.00ms, refined: 0, precleaned: 0, dirtied: 20
[1.154s][debug][gc,refine,stats   ] GC(99) Generate dirty cards rate: 0.44 cards/ms
[1.154s][debug][gc,alloc,region   ] GC(99) Mutator Allocation stats, regions: 1, wasted size: 0B ( 0.0%)
[1.154s][debug][gc,humongous      ] GC(99) Humongous region 0 (object size 1048592 @ 0x00000000f0000000) remset 0 code roots 0 marked 0 reclaim candidate 0 type array 1
[1.154s][debug][gc,humongous      ] GC(99) Humongous region 2 (object size 1048592 @ 0x00000000f0200000) remset 0 code roots 0 marked 0 reclaim candidate 0 type array 1
[1.154s][debug][gc,humongous      ] GC(99) Humongous region 4 (object size 1048592 @ 0x00000000f0400000) remset 0 code roots 0 marked 0 reclaim candidate 0 type array 1
[1.154s][debug][gc,humongous      ] GC(99) Humongous region 42 (object size 1048592 @ 0x00000000f2a00000) remset 0 code roots 0 marked 0 reclaim candidate 0 type array 1
[1.154s][debug][gc,humongous      ] GC(99) Humongous region 64 (object size 1048592 @ 0x00000000f4000000) remset 0 code roots 0 marked 0 reclaim candidate 0 type array 1
[1.154s][debug][gc,humongous      ] GC(99) Humongous region 203 (object size 1048592 @ 0x00000000fcb00000) remset 0 code roots 0 marked 0 reclaim candidate 0 type array 1
[1.154s][debug][gc,humongous      ] GC(99) Humongous region 216 (object size 10485776 @ 0x00000000fd800000) remset 0 code roots 0 marked 0 reclaim candidate 0 type array 1
[1.154s][debug][gc,humongous      ] GC(99) Humongous region 85 (object size 10485776 @ 0x00000000f5500000) remset 0 code roots 0 marked 0 reclaim candidate 0 type array 1
[1.154s][debug][gc,humongous      ] GC(99) Humongous region 10 (object size 1048592 @ 0x00000000f0a00000) remset 0 code roots 0 marked 0 reclaim candidate 0 type array 1
[1.154s][debug][gc,humongous      ] GC(99) Humongous region 12 (object size 1048592 @ 0x00000000f0c00000) remset 0 code roots 0 marked 0 reclaim candidate 0 type array 1
[1.154s][debug][gc,humongous      ] GC(99) Humongous region 14 (object size 1048592 @ 0x00000000f0e00000) remset 0 code roots 0 marked 0 reclaim candidate 0 type array 1
[1.154s][debug][gc,humongous      ] GC(99) Humongous region 16 (object size 1048592 @ 0x00000000f1000000) remset 0 code roots 0 marked 0 reclaim candidate 0 type array 1
[1.154s][debug][gc,humongous      ] GC(99) Humongous region 20 (object size 1048592 @ 0x00000000f1400000) remset 0 code roots 0 marked 0 reclaim candidate 0 type array 1
[1.154s][debug][gc,humongous      ] GC(99) Humongous region 22 (object size 1048592 @ 0x00000000f1600000) remset 0 code roots 0 marked 0 reclaim candidate 0 type array 1
[1.154s][debug][gc,humongous      ] GC(99) Humongous region 24 (object size 1048592 @ 0x00000000f1800000) remset 0 code roots 0 marked 0 reclaim candidate 0 type array 1
[1.154s][debug][gc,humongous      ] GC(99) Humongous region 26 (object size 1048592 @ 0x00000000f1a00000) remset 0 code roots 0 marked 0 reclaim candidate 0 type array 1
[1.154s][debug][gc,humongous      ] GC(99) Humongous region 244 (object size 1048592 @ 0x00000000ff400000) remset 0 code roots 0 marked 0 reclaim candidate 0 type array 1
[1.154s][debug][gc,humongous      ] GC(99) Humongous region 126 (object size 1048592 @ 0x00000000f7e00000) remset 0 code roots 0 marked 0 reclaim candidate 0 type array 1
[1.154s][debug][gc,humongous      ] GC(99) Humongous region 32 (object size 1048592 @ 0x00000000f2000000) remset 0 code roots 0 marked 0 reclaim candidate 0 type array 1
[1.154s][debug][gc,humongous      ] GC(99) Humongous region 34 (object size 1048592 @ 0x00000000f2200000) remset 0 code roots 0 marked 0 reclaim candidate 0 type array 1
[1.154s][debug][gc,humongous      ] GC(99) Humongous region 36 (object size 1048592 @ 0x00000000f2400000) remset 0 code roots 0 marked 0 reclaim candidate 0 type array 1
[1.154s][debug][gc,humongous      ] GC(99) Humongous region 60 (object size 1048592 @ 0x00000000f3c00000) remset 0 code roots 0 marked 0 reclaim candidate 0 type array 1
[1.154s][debug][gc,humongous      ] GC(99) Humongous region 18 (object size 1048592 @ 0x00000000f1200000) remset 0 code roots 0 marked 0 reclaim candidate 0 type array 1
[1.154s][debug][gc,humongous      ] GC(99) Humongous region 83 (object size 1048592 @ 0x00000000f5300000) remset 0 code roots 0 marked 0 reclaim candidate 0 type array 1
[1.154s][debug][gc,humongous      ] GC(99) Humongous region 6 (object size 1048592 @ 0x00000000f0600000) remset 0 code roots 0 marked 0 reclaim candidate 0 type array 1
[1.154s][debug][gc,humongous      ] GC(99) Humongous region 238 (object size 1048592 @ 0x00000000fee00000) remset 0 code roots 0 marked 0 reclaim candidate 0 type array 1
[1.154s][debug][gc,humongous      ] GC(99) Humongous region 28 (object size 1048592 @ 0x00000000f1c00000) remset 0 code roots 0 marked 0 reclaim candidate 0 type array 1
[1.154s][debug][gc,humongous      ] GC(99) Humongous region 249 (object size 1048592 @ 0x00000000ff900000) remset 0 code roots 0 marked 0 reclaim candidate 0 type array 1
[1.154s][debug][gc,humongous      ] GC(99) Humongous region 8 (object size 1048592 @ 0x00000000f0800000) remset 0 code roots 0 marked 0 reclaim candidate 0 type array 1
[1.154s][debug][gc,humongous      ] GC(99) Humongous region 159 (object size 10485776 @ 0x00000000f9f00000) remset 0 code roots 0 marked 0 reclaim candidate 0 type array 1
[1.154s][debug][gc,humongous      ] GC(99) Humongous region 38 (object size 1048592 @ 0x00000000f2600000) remset 0 code roots 0 marked 0 reclaim candidate 0 type array 1
[1.154s][debug][gc,humongous      ] GC(99) Humongous region 30 (object size 1048592 @ 0x00000000f1e00000) remset 0 code roots 0 marked 0 reclaim candidate 0 type array 1
[1.154s][debug][gc,ergo           ] GC(99) Running G1 Merge Heap Roots using 12 workers for 1 regions
[1.154s][debug][gc,remset         ] GC(99) Visited cards 32 Total dirty 2048 (1.56%) Total old 526336 (0.01%)
[1.155s][debug][gc,ergo,heap      ] GC(99) Attempt heap expansion (region allocation request failed). Allocation request: 65552B
[1.155s][debug][gc,ergo,heap      ] GC(99) Did not expand the heap (heap already fully expanded)
[1.155s][debug][gc,ref            ] GC(99) Skipped phase 1 of Reference Processing: no references
[1.155s][debug][gc,ref            ] GC(99) Skipped phase 2 of Reference Processing: no references
[1.155s][debug][gc,ref            ] GC(99) Skipped phase 3 of Reference Processing: no references
[1.155s][debug][gc,ref            ] GC(99) Skipped phase 4 of Reference Processing: no references
[1.155s][debug][gc,ergo           ] GC(99) Running G1 Rebuild Free List Task using 12 workers for rebuilding free list of regions
[1.155s][debug][gc,plab           ] GC(99) Young PLAB allocation: allocated: 0B, wasted: 0B, unused: 0B, used: 0B, undo waste: 0B, 
[1.155s][debug][gc,plab           ] GC(99) Young other allocation: region end waste: 0B, regions filled: 0, direct allocated: 0B, failure used: 0B, failure wasted: 0B
[1.155s][debug][gc,plab           ] GC(99) Young sizing: calculated: 0B, actual: 2064B
[1.155s][debug][gc,plab           ] GC(99) Old PLAB allocation: allocated: 0B, wasted: 0B, unused: 0B, used: 0B, undo waste: 0B, 
[1.155s][debug][gc,plab           ] GC(99) Old other allocation: region end waste: 0B, regions filled: 0, direct allocated: 0B, failure used: 786624B, failure wasted: 261952B
[1.155s][debug][gc,plab           ] GC(99) Old sizing: calculated: 0B, actual: 2064B
[1.155s][debug][gc,ergo,heap      ] GC(99) Heap expansion: short term pause time ratio 93.73% long term pause time ratio 9.68% threshold 7.69% pause time ratio 7.69% fully expanded true resize by 0B
[1.155s][debug][gc,ergo,ihop      ] GC(99) Request concurrent cycle initiation (occupancy higher than threshold) occupancy: 268435456B allocation request: 0B threshold: 201998298B (75.25) source: end of GC
[1.155s][debug][gc,mmu            ] GC(99) MMU: 6.8ms (50.0ms/51.0ms)
[1.155s][debug][gc,alloc,stats    ] Old generation allocation in the last mutator period, old gen allocated: 1048576B, humongous allocated: 0B,old gen growth: 1048576B.
[1.155s][debug][gc,ihop           ] GC(99) Basic information (value update), threshold: 202424354B (75.41), target occupancy: 268435456B, current occupancy: 256314120B, recent allocation size: 1048576B, recent allocation duration: 45.12ms, recent old gen allocation rate: 23240330.29B/s, recent marking phase length: 9.93ms
[1.155s][debug][gc,ihop           ] GC(99) Adaptive IHOP information (value update), threshold: 202424354B (88.72), internal target occupancy: 228170137B, occupancy: 256314120B, additional buffer size: 12582912B, predicted old gen allocation rate: 250737883.22B/s, predicted marking phase length: 52.50ms, prediction active: true
[1.155s][debug][gc,ergo,refine    ] GC(99) Concurrent refinement times: Logged Cards Scan time goal: 5.00ms Logged Cards Scan time: 0.00ms HCC time: 0.00ms
[1.155s][debug][gc,ergo,refine    ] GC(99) Updated Refinement Zones: green: 3328, yellow: 9984, red: 16640
[1.155s][info ][gc                ] GC(99) To-space exhausted
[1.155s][info ][gc,phases         ] GC(99)   Pre Evacuate Collection Set: 0.5ms
[1.155s][debug][gc,phases         ] GC(99)     Prepare TLABs: 0.0ms
[1.155s][debug][gc,phases         ] GC(99)     Concatenate Dirty Card Logs: 0.0ms
[1.155s][debug][gc,phases         ] GC(99)     Choose Collection Set: 0.0ms
[1.155s][debug][gc,phases         ] GC(99)     Region Register: 0.5ms
[1.155s][debug][gc,phases         ] GC(99)     Prepare Heap Roots: 0.0ms
[1.155s][info ][gc,phases         ] GC(99)   Merge Heap Roots: 0.2ms
[1.155s][debug][gc,phases         ] GC(99)     Prepare Merge Heap Roots: 0.0ms
[1.155s][debug][gc,phases         ] GC(99)     Eager Reclaim (ms):            skipped
[1.155s][debug][gc,phases         ] GC(99)     Remembered Sets (ms):          Min:  0.0, Avg:  0.0, Max:  0.0, Diff:  0.0, Sum:  0.0, Workers: 12
[1.155s][debug][gc,phases         ] GC(99)       Merged Sparse:                 Min: 0, Avg:  0.0, Max: 0, Diff: 0, Sum: 0, Workers: 12
[1.155s][debug][gc,phases         ] GC(99)       Merged Fine:                   Min: 0, Avg:  0.0, Max: 0, Diff: 0, Sum: 0, Workers: 12
[1.155s][debug][gc,phases         ] GC(99)       Merged Coarse:                 Min: 0, Avg:  0.0, Max: 0, Diff: 0, Sum: 0, Workers: 12
[1.155s][debug][gc,phases         ] GC(99)       Dirty Cards:                   Min: 0, Avg:  0.0, Max: 0, Diff: 0, Sum: 0, Workers: 12
[1.155s][debug][gc,phases         ] GC(99)     Hot Card Cache (ms):           Min:  0.0, Avg:  0.0, Max:  0.0, Diff:  0.0, Sum:  0.0, Workers: 12
[1.155s][debug][gc,phases         ] GC(99)       Dirty Cards:                   Min: 0, Avg:  0.0, Max: 0, Diff: 0, Sum: 0, Workers: 12
[1.155s][debug][gc,phases         ] GC(99)       Skipped Cards:                 Min: 0, Avg:  0.0, Max: 0, Diff: 0, Sum: 0, Workers: 12
[1.155s][debug][gc,phases         ] GC(99)     Log Buffers (ms):              Min:  0.0, Avg:  0.0, Max:  0.0, Diff:  0.0, Sum:  0.0, Workers: 12
[1.155s][debug][gc,phases         ] GC(99)       Dirty Cards:                   Min: 0, Avg:  1.0, Max: 12, Diff: 12, Sum: 12, Workers: 12
[1.155s][debug][gc,phases         ] GC(99)       Skipped Cards:                 Min: 0, Avg:  0.0, Max: 0, Diff: 0, Sum: 0, Workers: 12
[1.155s][info ][gc,phases         ] GC(99)   Evacuate Collection Set: 0.4ms
[1.155s][debug][gc,phases         ] GC(99)     Ext Root Scanning (ms):        Min:  0.0, Avg:  0.0, Max:  0.1, Diff:  0.1, Sum:  0.2, Workers: 12
[1.155s][debug][gc,phases         ] GC(99)     Scan Heap Roots (ms):          Min:  0.0, Avg:  0.0, Max:  0.0, Diff:  0.0, Sum:  0.0, Workers: 12
[1.155s][debug][gc,phases         ] GC(99)       Scanned Cards:                 Min: 0, Avg:  1.7, Max: 20, Diff: 20, Sum: 20, Workers: 12
[1.155s][debug][gc,phases         ] GC(99)       Scanned Blocks:                Min: 0, Avg:  0.1, Max: 1, Diff: 1, Sum: 1, Workers: 12
[1.155s][debug][gc,phases         ] GC(99)       Claimed Chunks:                Min: 0, Avg:  0.1, Max: 1, Diff: 1, Sum: 1, Workers: 12
[1.155s][debug][gc,phases         ] GC(99)     Code Root Scan (ms):           Min:  0.0, Avg:  0.0, Max:  0.0, Diff:  0.0, Sum:  0.0, Workers: 12
[1.155s][debug][gc,phases         ] GC(99)     Object Copy (ms):              Min:  0.0, Avg:  0.0, Max:  0.0, Diff:  0.0, Sum:  0.0, Workers: 12
[1.155s][debug][gc,phases         ] GC(99)     Termination (ms):              Min:  0.1, Avg:  0.2, Max:  0.2, Diff:  0.1, Sum:  2.3, Workers: 12
[1.155s][debug][gc,phases         ] GC(99)       Termination Attempts:          Min: 1, Avg:  1.0, Max: 1, Diff: 0, Sum: 12, Workers: 12
[1.155s][debug][gc,phases         ] GC(99)     GC Worker Other (ms):          Min:  0.0, Avg:  0.0, Max:  0.0, Diff:  0.0, Sum:  0.1, Workers: 12
[1.155s][debug][gc,phases         ] GC(99)     GC Worker Total (ms):          Min:  0.1, Avg:  0.2, Max:  0.3, Diff:  0.2, Sum:  2.7, Workers: 12
[1.155s][info ][gc,phases         ] GC(99)   Post Evacuate Collection Set: 0.5ms
[1.155s][debug][gc,phases         ] GC(99)     Code Roots Fixup: 0.0ms
[1.155s][debug][gc,phases         ] GC(99)     Reference Processing: 0.0ms
[1.156s][debug][gc,phases,ref     ] GC(99)       Reconsider SoftReferences: 0.0ms
[1.156s][debug][gc,phases,ref     ] GC(99)         SoftRef (ms):                  skipped
[1.156s][debug][gc,phases,ref     ] GC(99)       Notify Soft/WeakReferences: 0.0ms
[1.156s][debug][gc,phases,ref     ] GC(99)         SoftRef (ms):                  skipped
[1.156s][debug][gc,phases,ref     ] GC(99)         WeakRef (ms):                  skipped
[1.156s][debug][gc,phases,ref     ] GC(99)         FinalRef (ms):                 skipped
[1.156s][debug][gc,phases,ref     ] GC(99)         Total (ms):                    skipped
[1.156s][debug][gc,phases,ref     ] GC(99)       Notify and keep alive finalizable: 0.0ms
[1.156s][debug][gc,phases,ref     ] GC(99)         FinalRef (ms):                 skipped
[1.156s][debug][gc,phases,ref     ] GC(99)       Notify PhantomReferences: 0.0ms
[1.156s][debug][gc,phases,ref     ] GC(99)         PhantomRef (ms):               skipped
[1.156s][debug][gc,phases,ref     ] GC(99)       SoftReference:
[1.156s][debug][gc,phases,ref     ] GC(99)         Discovered: 0
[1.156s][debug][gc,phases,ref     ] GC(99)         Cleared: 0
[1.156s][debug][gc,phases,ref     ] GC(99)       WeakReference:
[1.156s][debug][gc,phases,ref     ] GC(99)         Discovered: 0
[1.156s][debug][gc,phases,ref     ] GC(99)         Cleared: 0
[1.156s][debug][gc,phases,ref     ] GC(99)       FinalReference:
[1.156s][debug][gc,phases,ref     ] GC(99)         Discovered: 0
[1.156s][debug][gc,phases,ref     ] GC(99)         Cleared: 0
[1.156s][debug][gc,phases,ref     ] GC(99)       PhantomReference:
[1.156s][debug][gc,phases,ref     ] GC(99)         Discovered: 0
[1.156s][debug][gc,phases,ref     ] GC(99)         Cleared: 0
[1.156s][debug][gc,phases         ] GC(99)     Weak Processing: 0.0ms
[1.156s][debug][gc,phases         ] GC(99)       VM Weak                        Min:  0.0, Avg:  0.0, Max:  0.0, Diff:  0.0, Sum:  0.0, Workers: 1
[1.156s][debug][gc,phases         ] GC(99)         Dead                           Min: 0, Avg:  0.0, Max: 0, Diff: 0, Sum: 0, Workers: 1
[1.156s][debug][gc,phases         ] GC(99)         Total                          Min: 4, Avg:  4.0, Max: 4, Diff: 0, Sum: 4, Workers: 1
[1.156s][debug][gc,phases         ] GC(99)       ObjectSynchronizer Weak        Min:  0.0, Avg:  0.0, Max:  0.0, Diff:  0.0, Sum:  0.0, Workers: 1
[1.156s][debug][gc,phases         ] GC(99)         Dead                           Min: 0, Avg:  0.0, Max: 0, Diff: 0, Sum: 0, Workers: 1
[1.156s][debug][gc,phases         ] GC(99)         Total                          Min: 4, Avg:  4.0, Max: 4, Diff: 0, Sum: 4, Workers: 1
[1.156s][debug][gc,phases         ] GC(99)       JVMTI Tag Weak OopStorage      Min:  0.0, Avg:  0.0, Max:  0.0, Diff:  0.0, Sum:  0.0, Workers: 1
[1.156s][debug][gc,phases         ] GC(99)         Dead                           Min: 0, Avg:  0.0, Max: 0, Diff: 0, Sum: 0, Workers: 1
[1.156s][debug][gc,phases         ] GC(99)         Total                          Min: 0, Avg:  0.0, Max: 0, Diff: 0, Sum: 0, Workers: 1
[1.156s][debug][gc,phases         ] GC(99)       StringTable Weak               Min:  0.0, Avg:  0.0, Max:  0.0, Diff:  0.0, Sum:  0.0, Workers: 1
[1.156s][debug][gc,phases         ] GC(99)         Dead                           Min: 0, Avg:  0.0, Max: 0, Diff: 0, Sum: 0, Workers: 1
[1.156s][debug][gc,phases         ] GC(99)         Total                          Min: 41, Avg: 41.0, Max: 41, Diff: 0, Sum: 41, Workers: 1
[1.156s][debug][gc,phases         ] GC(99)       ResolvedMethodTable Weak       Min:  0.0, Avg:  0.0, Max:  0.0, Diff:  0.0, Sum:  0.0, Workers: 1
[1.156s][debug][gc,phases         ] GC(99)         Dead                           Min: 0, Avg:  0.0, Max: 0, Diff: 0, Sum: 0, Workers: 1
[1.156s][debug][gc,phases         ] GC(99)         Total                          Min: 22, Avg: 22.0, Max: 22, Diff: 0, Sum: 22, Workers: 1
[1.156s][debug][gc,phases         ] GC(99)       JNI Weak                       Min:  0.0, Avg:  0.0, Max:  0.0, Diff:  0.0, Sum:  0.0, Workers: 1
[1.156s][debug][gc,phases         ] GC(99)         Dead                           Min: 0, Avg:  0.0, Max: 0, Diff: 0, Sum: 0, Workers: 1
[1.156s][debug][gc,phases         ] GC(99)         Total                          Min: 0, Avg:  0.0, Max: 0, Diff: 0, Sum: 0, Workers: 1
[1.156s][debug][gc,phases         ] GC(99)       StringDedup Table Weak         Min:  0.0, Avg:  0.0, Max:  0.0, Diff:  0.0, Sum:  0.0, Workers: 1
[1.156s][debug][gc,phases         ] GC(99)         Dead                           Min: 0, Avg:  0.0, Max: 0, Diff: 0, Sum: 0, Workers: 1
[1.156s][debug][gc,phases         ] GC(99)         Total                          Min: 0, Avg:  0.0, Max: 0, Diff: 0, Sum: 0, Workers: 1
[1.156s][debug][gc,phases         ] GC(99)       StringDedup Requests0 Weak     Min:  0.0, Avg:  0.0, Max:  0.0, Diff:  0.0, Sum:  0.0, Workers: 1
[1.156s][debug][gc,phases         ] GC(99)         Dead                           Min: 0, Avg:  0.0, Max: 0, Diff: 0, Sum: 0, Workers: 1
[1.156s][debug][gc,phases         ] GC(99)         Total                          Min: 0, Avg:  0.0, Max: 0, Diff: 0, Sum: 0, Workers: 1
[1.156s][debug][gc,phases         ] GC(99)       StringDedup Requests1 Weak     Min:  0.0, Avg:  0.0, Max:  0.0, Diff:  0.0, Sum:  0.0, Workers: 1
[1.156s][debug][gc,phases         ] GC(99)         Dead                           Min: 0, Avg:  0.0, Max: 0, Diff: 0, Sum: 0, Workers: 1
[1.156s][debug][gc,phases         ] GC(99)         Total                          Min: 0, Avg:  0.0, Max: 0, Diff: 0, Sum: 0, Workers: 1
[1.156s][debug][gc,phases         ] GC(99)       Weak JFR Old Object Samples    Min:  0.0, Avg:  0.0, Max:  0.0, Diff:  0.0, Sum:  0.0, Workers: 1
[1.156s][debug][gc,phases         ] GC(99)         Dead                           Min: 0, Avg:  0.0, Max: 0, Diff: 0, Sum: 0, Workers: 1
[1.156s][debug][gc,phases         ] GC(99)         Total                          Min: 0, Avg:  0.0, Max: 0, Diff: 0, Sum: 0, Workers: 1
[1.156s][debug][gc,phases         ] GC(99)     Post Evacuate Cleanup 1: 0.1ms
[1.156s][debug][gc,phases         ] GC(99)       Merge Per-Thread State (ms):   Min:  0.0, Avg:  0.0, Max:  0.0, Diff:  0.0, Sum:  0.0, Workers: 1
[1.156s][debug][gc,phases         ] GC(99)         Copied Bytes                   Min: 0, Avg:  0.0, Max: 0, Diff: 0, Sum: 0, Workers: 12
[1.156s][debug][gc,phases         ] GC(99)         LAB Waste                      Min: 0, Avg:  0.0, Max: 0, Diff: 0, Sum: 0, Workers: 12
[1.156s][debug][gc,phases         ] GC(99)         LAB Undo Waste                 Min: 0, Avg:  0.0, Max: 0, Diff: 0, Sum: 0, Workers: 12
[1.156s][debug][gc,phases         ] GC(99)       Clear Logged Cards (ms):       Min:  0.0, Avg:  0.0, Max:  0.0, Diff:  0.0, Sum:  0.0, Workers: 4
[1.156s][debug][gc,phases         ] GC(99)       Recalculate Used Memory (ms):  Min:  0.0, Avg:  0.0, Max:  0.0, Diff:  0.0, Sum:  0.0, Workers: 1
[1.156s][debug][gc,phases         ] GC(99)       Remove Self Forwards (ms):     Min:  0.0, Avg:  0.0, Max:  0.0, Diff:  0.0, Sum:  0.0, Workers: 4
[1.156s][debug][gc,phases         ] GC(99)     Post Evacuate Cleanup 2: 0.1ms
[1.156s][debug][gc,phases         ] GC(99)       Recalculate Used Memory (ms):  Min:  0.0, Avg:  0.0, Max:  0.0, Diff:  0.0, Sum:  0.0, Workers: 1
[1.156s][debug][gc,phases         ] GC(99)       Restore Preserved Marks (ms):  Min:  0.0, Avg:  0.0, Max:  0.0, Diff:  0.0, Sum:  0.0, Workers: 12
[1.156s][debug][gc,phases         ] GC(99)       Reset Hot Card Cache (ms):     Min:  0.0, Avg:  0.0, Max:  0.0, Diff:  0.0, Sum:  0.0, Workers: 1
[1.156s][debug][gc,phases         ] GC(99)       Purge Code Roots (ms):         Min:  0.0, Avg:  0.0, Max:  0.0, Diff:  0.0, Sum:  0.0, Workers: 1
[1.156s][debug][gc,phases         ] GC(99)       Update Derived Pointers (ms):  Min:  0.0, Avg:  0.0, Max:  0.0, Diff:  0.0, Sum:  0.0, Workers: 1
[1.156s][debug][gc,phases         ] GC(99)       Eagerly Reclaim Humongous Objects (ms): Min:  0.0, Avg:  0.0, Max:  0.0, Diff:  0.0, Sum:  0.0, Workers: 1
[1.156s][debug][gc,phases         ] GC(99)         Humongous Total                Min: 32, Avg: 32.0, Max: 32, Diff: 0, Sum: 32, Workers: 1
[1.156s][debug][gc,phases         ] GC(99)         Humongous Candidates           Min: 0, Avg:  0.0, Max: 0, Diff: 0, Sum: 0, Workers: 1
[1.156s][debug][gc,phases         ] GC(99)         Humongous Reclaimed            Min: 0, Avg:  0.0, Max: 0, Diff: 0, Sum: 0, Workers: 1
[1.156s][debug][gc,phases         ] GC(99)       Redirty Logged Cards (ms):     Min:  0.0, Avg:  0.0, Max:  0.0, Diff:  0.0, Sum:  0.0, Workers: 12
[1.156s][debug][gc,phases         ] GC(99)         Redirtied Cards:               Min: 0, Avg:  0.2, Max: 2, Diff: 2, Sum: 2, Workers: 12
[1.156s][debug][gc,phases         ] GC(99)       Free Collection Set (ms):      Min:  0.0, Avg:  0.0, Max:  0.0, Diff:  0.0, Sum:  0.0, Workers: 12
[1.156s][debug][gc,phases         ] GC(99)     Rebuild Free List: 0.2ms
[1.156s][debug][gc,phases         ] GC(99)     Start New Collection Set: 0.0ms
[1.156s][debug][gc,phases         ] GC(99)     Resize TLABs: 0.0ms
[1.156s][debug][gc,phases         ] GC(99)     Expand Heap After Collection: 0.0ms
[1.156s][info ][gc,phases         ] GC(99)   Other: 0.2ms
[1.156s][info ][gc,heap           ] GC(99) Eden regions: 1->0(12)
[1.156s][info ][gc,heap           ] GC(99) Survivor regions: 0->0(0)
[1.156s][info ][gc,heap           ] GC(99) Old regions: 162->163
[1.156s][info ][gc,heap           ] GC(99) Archive regions: 2->2
[1.156s][info ][gc,heap           ] GC(99) Humongous regions: 91->91
[1.156s][info ][gc,metaspace      ] GC(99) Metaspace: 136K(320K)->136K(320K) NonClass: 131K(192K)->131K(192K) Class: 5K(128K)->5K(128K)
[1.156s][debug][gc,heap           ] GC(99) Heap after GC invocations=89 (full 23):
[1.156s][debug][gc,heap           ] GC(99)  garbage-first heap   total 262144K, used 250306K [0x00000000f0000000, 0x0000000100000000)
[1.156s][debug][gc,heap           ] GC(99)   region size 1024K, 0 young (0K), 0 survivors (0K)
[1.156s][debug][gc,heap           ] GC(99)  Metaspace       used 136K, committed 320K, reserved 1114112K
[1.156s][debug][gc,heap           ] GC(99)   class space    used 5K, committed 128K, reserved 1048576K
[1.156s][info ][gc                ] GC(99) Pause Young (Normal) (G1 Evacuation Pause) 244M->244M(256M) 2.212ms
[1.156s][info ][gc,cpu            ] GC(99) User=0.00s Sys=0.00s Real=0.00s
[1.156s][debug][gc,ergo,heap      ] Attempt heap expansion (allocation request failed). Allocation request: 65552B
[1.156s][debug][gc,ergo,heap      ] Expand the heap. requested expansion amount: 1048576B expansion amount: 1048576B
[1.156s][debug][gc,ergo,heap      ] Did not expand the heap (heap already fully expanded)
[1.156s][info ][gc,ergo           ] Attempting full compaction
[1.156s][debug][gc,task           ] GC(100) Requesting 9 active workers for full compaction (waste limited workers: 13, adaptive workers: 9, used limited workers: 256)
[1.156s][info ][gc,task           ] GC(100) Using 9 workers of 13 for full compaction
[1.156s][info ][gc,start          ] GC(100) Pause Full (G1 Compaction Pause)
[1.156s][debug][gc,heap           ] GC(100) Heap before GC invocations=89 (full 23):
[1.156s][debug][gc,heap           ] GC(100)  garbage-first heap   total 262144K, used 250306K [0x00000000f0000000, 0x0000000100000000)
[1.156s][debug][gc,heap           ] GC(100)   region size 1024K, 0 young (0K), 0 survivors (0K)
[1.156s][debug][gc,heap           ] GC(100)  Metaspace       used 136K, committed 320K, reserved 1114112K
[1.156s][debug][gc,heap           ] GC(100)   class space    used 5K, committed 128K, reserved 1048576K
[1.156s][debug][gc,alloc,region   ] GC(100) Mutator Allocation stats, regions: 0, wasted size: 0B ( 0.0%)
[1.156s][info ][gc,phases,start   ] GC(100) Phase 1: Mark live objects
[1.157s][debug][gc,phases,start   ] GC(100) Phase 1: Reference Processing
[1.157s][debug][gc,ref            ] GC(100) Skipped phase 1 of Reference Processing: no references
[1.157s][debug][gc,ref            ] GC(100) ReferenceProcessor::execute queues: 1, RefProcThreadModel::Single, marks_oops_alive: false
[1.157s][debug][gc,ref            ] GC(100) Skipped phase 3 of Reference Processing: no references
[1.157s][debug][gc,ref            ] GC(100) Skipped phase 4 of Reference Processing: no references
[1.157s][debug][gc,phases,ref     ] GC(100) Reference Processing: 0.1ms
[1.157s][debug][gc,phases,ref     ] GC(100)   Reconsider SoftReferences: 0.0ms
[1.157s][debug][gc,phases,ref     ] GC(100)     SoftRef (ms):                  skipped
[1.157s][debug][gc,phases,ref     ] GC(100)   Notify Soft/WeakReferences: 0.1ms
[1.157s][debug][gc,phases,ref     ] GC(100)     SoftRef (ms):                  Min:  0.0, Avg:  0.0, Max:  0.0, Diff:  0.0, Sum:  0.0, Workers: 13
[1.157s][debug][gc,phases,ref     ] GC(100)     WeakRef (ms):                  Min:  0.0, Avg:  0.0, Max:  0.0, Diff:  0.0, Sum:  0.0, Workers: 13
[1.157s][debug][gc,phases,ref     ] GC(100)     FinalRef (ms):                 Min:  0.0, Avg:  0.0, Max:  0.0, Diff:  0.0, Sum:  0.0, Workers: 13
[1.157s][debug][gc,phases,ref     ] GC(100)     Total (ms):                    Min:  0.0, Avg:  0.0, Max:  0.0, Diff:  0.0, Sum:  0.0, Workers: 13
[1.157s][debug][gc,phases,ref     ] GC(100)   Notify and keep alive finalizable: 0.0ms
[1.157s][debug][gc,phases,ref     ] GC(100)     FinalRef (ms):                 skipped
[1.157s][debug][gc,phases,ref     ] GC(100)   Notify PhantomReferences: 0.0ms
[1.157s][debug][gc,phases,ref     ] GC(100)     PhantomRef (ms):               skipped
[1.157s][debug][gc,phases,ref     ] GC(100)   SoftReference:
[1.157s][debug][gc,phases,ref     ] GC(100)     Discovered: 0
[1.157s][debug][gc,phases,ref     ] GC(100)     Cleared: 0
[1.157s][debug][gc,phases,ref     ] GC(100)   WeakReference:
[1.157s][debug][gc,phases,ref     ] GC(100)     Discovered: 7
[1.157s][debug][gc,phases,ref     ] GC(100)     Cleared: 7
[1.157s][debug][gc,phases,ref     ] GC(100)   FinalReference:
[1.157s][debug][gc,phases,ref     ] GC(100)     Discovered: 0
[1.157s][debug][gc,phases,ref     ] GC(100)     Cleared: 0
[1.157s][debug][gc,phases,ref     ] GC(100)   PhantomReference:
[1.157s][debug][gc,phases,ref     ] GC(100)     Discovered: 0
[1.157s][debug][gc,phases,ref     ] GC(100)     Cleared: 0
[1.157s][debug][gc,phases         ] GC(100) Phase 1: Reference Processing 0.254ms
[1.157s][debug][gc,phases,start   ] GC(100) Phase 1: Weak Processing
[1.157s][debug][gc,phases         ] GC(100)   VM Weak                        Min:  0.0, Avg:  0.0, Max:  0.0, Diff:  0.0, Sum:  0.0, Workers: 1
[1.157s][debug][gc,phases         ] GC(100)     Dead                           Min: 0, Avg:  0.0, Max: 0, Diff: 0, Sum: 0, Workers: 1
[1.157s][debug][gc,phases         ] GC(100)     Total                          Min: 4, Avg:  4.0, Max: 4, Diff: 0, Sum: 4, Workers: 1
[1.157s][debug][gc,phases         ] GC(100)   ObjectSynchronizer Weak        Min:  0.0, Avg:  0.0, Max:  0.0, Diff:  0.0, Sum:  0.0, Workers: 1
[1.157s][debug][gc,phases         ] GC(100)     Dead                           Min: 0, Avg:  0.0, Max: 0, Diff: 0, Sum: 0, Workers: 1
[1.157s][debug][gc,phases         ] GC(100)     Total                          Min: 4, Avg:  4.0, Max: 4, Diff: 0, Sum: 4, Workers: 1
[1.157s][debug][gc,phases         ] GC(100)   JVMTI Tag Weak OopStorage      Min:  0.0, Avg:  0.0, Max:  0.0, Diff:  0.0, Sum:  0.0, Workers: 1
[1.157s][debug][gc,phases         ] GC(100)     Dead                           Min: 0, Avg:  0.0, Max: 0, Diff: 0, Sum: 0, Workers: 1
[1.157s][debug][gc,phases         ] GC(100)     Total                          Min: 0, Avg:  0.0, Max: 0, Diff: 0, Sum: 0, Workers: 1
[1.157s][debug][gc,phases         ] GC(100)   StringTable Weak               Min:  0.0, Avg:  0.0, Max:  0.0, Diff:  0.0, Sum:  0.0, Workers: 1
[1.157s][debug][gc,phases         ] GC(100)     Dead                           Min: 0, Avg:  0.0, Max: 0, Diff: 0, Sum: 0, Workers: 1
[1.157s][debug][gc,phases         ] GC(100)     Total                          Min: 41, Avg: 41.0, Max: 41, Diff: 0, Sum: 41, Workers: 1
[1.157s][debug][gc,phases         ] GC(100)   ResolvedMethodTable Weak       Min:  0.0, Avg:  0.0, Max:  0.0, Diff:  0.0, Sum:  0.0, Workers: 1
[1.157s][debug][gc,phases         ] GC(100)     Dead                           Min: 0, Avg:  0.0, Max: 0, Diff: 0, Sum: 0, Workers: 1
[1.157s][debug][gc,phases         ] GC(100)     Total                          Min: 22, Avg: 22.0, Max: 22, Diff: 0, Sum: 22, Workers: 1
[1.157s][debug][gc,phases         ] GC(100)   JNI Weak                       Min:  0.0, Avg:  0.0, Max:  0.0, Diff:  0.0, Sum:  0.0, Workers: 1
[1.157s][debug][gc,phases         ] GC(100)     Dead                           Min: 0, Avg:  0.0, Max: 0, Diff: 0, Sum: 0, Workers: 1
[1.157s][debug][gc,phases         ] GC(100)     Total                          Min: 0, Avg:  0.0, Max: 0, Diff: 0, Sum: 0, Workers: 1
[1.157s][debug][gc,phases         ] GC(100)   StringDedup Table Weak         Min:  0.0, Avg:  0.0, Max:  0.0, Diff:  0.0, Sum:  0.0, Workers: 1
[1.157s][debug][gc,phases         ] GC(100)     Dead                           Min: 0, Avg:  0.0, Max: 0, Diff: 0, Sum: 0, Workers: 1
[1.157s][debug][gc,phases         ] GC(100)     Total                          Min: 0, Avg:  0.0, Max: 0, Diff: 0, Sum: 0, Workers: 1
[1.157s][debug][gc,phases         ] GC(100)   StringDedup Requests0 Weak     Min:  0.0, Avg:  0.0, Max:  0.0, Diff:  0.0, Sum:  0.0, Workers: 1
[1.157s][debug][gc,phases         ] GC(100)     Dead                           Min: 0, Avg:  0.0, Max: 0, Diff: 0, Sum: 0, Workers: 1
[1.157s][debug][gc,phases         ] GC(100)     Total                          Min: 0, Avg:  0.0, Max: 0, Diff: 0, Sum: 0, Workers: 1
[1.157s][debug][gc,phases         ] GC(100)   StringDedup Requests1 Weak     Min:  0.0, Avg:  0.0, Max:  0.0, Diff:  0.0, Sum:  0.0, Workers: 1
[1.157s][debug][gc,phases         ] GC(100)     Dead                           Min: 0, Avg:  0.0, Max: 0, Diff: 0, Sum: 0, Workers: 1
[1.157s][debug][gc,phases         ] GC(100)     Total                          Min: 0, Avg:  0.0, Max: 0, Diff: 0, Sum: 0, Workers: 1
[1.157s][debug][gc,phases         ] GC(100)   Weak JFR Old Object Samples    Min:  0.0, Avg:  0.0, Max:  0.0, Diff:  0.0, Sum:  0.0, Workers: 1
[1.157s][debug][gc,phases         ] GC(100)     Dead                           Min: 0, Avg:  0.0, Max: 0, Diff: 0, Sum: 0, Workers: 1
[1.157s][debug][gc,phases         ] GC(100)     Total                          Min: 0, Avg:  0.0, Max: 0, Diff: 0, Sum: 0, Workers: 1
[1.157s][debug][gc,phases         ] GC(100) Phase 1: Weak Processing 0.204ms
[1.157s][debug][gc,phases,start   ] GC(100) Phase 1: Class Unloading and Cleanup
[1.157s][debug][gc,phases,start   ] GC(100) ClassLoaderData
[1.157s][debug][gc,phases         ] GC(100) ClassLoaderData 0.005ms
[1.157s][debug][gc,phases,start   ] GC(100) Trigger cleanups
[1.157s][debug][gc,phases         ] GC(100) Trigger cleanups 0.005ms
[1.157s][debug][gc,phases         ] GC(100) Phase 1: Class Unloading and Cleanup 0.133ms
[1.157s][debug][gc,phases,start   ] GC(100) Report Object Count
[1.157s][debug][gc,phases         ] GC(100) Report Object Count 0.005ms
[1.157s][info ][gc,phases         ] GC(100) Phase 1: Mark live objects 1.328ms
[1.157s][info ][gc,phases,start   ] GC(100) Phase 2: Prepare for compaction
[1.158s][debug][gc,phases,start   ] GC(100) Phase 2: Prepare Serial Compaction
[1.158s][debug][gc,phases         ] GC(100) Phase 2: Prepare Serial Compaction 0.033ms
[1.158s][info ][gc,phases         ] GC(100) Phase 2: Prepare for compaction 0.262ms
[1.158s][info ][gc,phases,start   ] GC(100) Phase 3: Adjust pointers
[1.158s][info ][gc,phases         ] GC(100) Phase 3: Adjust pointers 0.335ms
[1.158s][info ][gc,phases,start   ] GC(100) Phase 4: Compact heap
[1.160s][debug][gc,task,start     ] G1 Service Thread (Remembered Set Sampling Task) (run)
[1.162s][debug][gc,phases,start   ] GC(100) Phase 4: Serial Compaction
[1.163s][debug][gc,phases         ] GC(100) Phase 4: Serial Compaction 0.925ms
[1.163s][info ][gc,phases         ] GC(100) Phase 4: Compact heap 5.187ms
[1.163s][debug][gc,ergo           ] GC(100) Running G1 Clear Bitmap with 4 workers for 4 work units.
[1.164s][debug][gc,ergo,ihop      ] GC(100) Request concurrent cycle initiation (occupancy higher than threshold) occupancy: 267386880B allocation request: 0B threshold: 202424354B (75.41) source: end of Full GC
[1.164s][debug][gc,alloc,stats    ] Old generation allocation in the last mutator period, old gen allocated: 0B, humongous allocated: 0B,old gen growth: 0B.
[1.164s][info ][gc,heap           ] GC(100) Eden regions: 0->0(12)
[1.164s][info ][gc,heap           ] GC(100) Survivor regions: 0->0(0)
[1.164s][info ][gc,heap           ] GC(100) Old regions: 163->162
[1.164s][info ][gc,heap           ] GC(100) Archive regions: 2->2
[1.164s][info ][gc,heap           ] GC(100) Humongous regions: 91->91
[1.164s][info ][gc,metaspace      ] GC(100) Metaspace: 136K(320K)->136K(320K) NonClass: 131K(192K)->131K(192K) Class: 5K(128K)->5K(128K)
[1.164s][debug][gc,heap           ] GC(100) Heap after GC invocations=90 (full 24):
[1.164s][debug][gc,heap           ] GC(100)  garbage-first heap   total 262144K, used 249439K [0x00000000f0000000, 0x0000000100000000)
[1.164s][debug][gc,heap           ] GC(100)   region size 1024K, 0 young (0K), 0 survivors (0K)
[1.164s][debug][gc,heap           ] GC(100)  Metaspace       used 136K, committed 320K, reserved 1114112K
[1.164s][debug][gc,heap           ] GC(100)   class space    used 5K, committed 128K, reserved 1048576K
[1.164s][info ][gc                ] GC(100) Pause Full (G1 Compaction Pause) 244M->243M(256M) 7.621ms
[1.164s][info ][gc,cpu            ] GC(100) User=0.02s Sys=0.00s Real=0.00s
[1.164s][debug][gc,task           ] G1 Service Thread (Remembered Set Sampling Task) (run) 3.954ms (cpu: 0.101ms)
[1.166s][debug][gc,heap           ] GC(101) Heap before GC invocations=90 (full 24):
[1.166s][debug][gc,heap           ] GC(101)  garbage-first heap   total 262144K, used 249439K [0x00000000f0000000, 0x0000000100000000)
[1.166s][debug][gc,heap           ] GC(101)   region size 1024K, 1 young (1024K), 0 survivors (0K)
[1.166s][debug][gc,heap           ] GC(101)  Metaspace       used 136K, committed 320K, reserved 1114112K
[1.166s][debug][gc,heap           ] GC(101)   class space    used 5K, committed 128K, reserved 1048576K
[1.166s][debug][gc,ergo           ] GC(101) Initiate concurrent cycle (concurrent cycle initiation requested)
[1.166s][info ][gc,start          ] GC(101) Pause Young (Concurrent Start) (G1 Evacuation Pause)
[1.166s][info ][gc,task           ] GC(101) Using 12 workers of 13 for evacuation
[1.166s][debug][gc,tlab           ] GC(101) TLAB totals: thrds: 5  refills: 5 max: 1 slow allocs: 6 max 2 waste: 41.5% gc: 232456B max: 47024B slow: 0B max: 0B
[1.166s][debug][gc,age            ] GC(101) Desired survivor size 1048576 bytes, new threshold 15 (max threshold 15)
[1.166s][debug][gc,refine,stats   ] GC(101) Mutator refinement: 0.00ms, refined: 0, precleaned: 0, dirtied: 19
[1.166s][debug][gc,refine,stats   ] GC(101) Concurrent refinement: 0.00ms, refined: 0, precleaned: 0, dirtied: 0
[1.166s][debug][gc,refine,stats   ] GC(101) Total refinement: 0.00ms, refined: 0, precleaned: 0, dirtied: 19
[1.166s][debug][gc,refine,stats   ] GC(101) Generate dirty cards rate: 0.33 cards/ms
[1.166s][debug][gc,alloc,region   ] GC(101) Mutator Allocation stats, regions: 1, wasted size: 0B ( 0.0%)
[1.166s][debug][gc,humongous      ] GC(101) Humongous region 0 (object size 1048592 @ 0x00000000f0000000) remset 0 code roots 0 marked 0 reclaim candidate 0 type array 1
[1.166s][debug][gc,humongous      ] GC(101) Humongous region 2 (object size 1048592 @ 0x00000000f0200000) remset 0 code roots 0 marked 0 reclaim candidate 0 type array 1
[1.166s][debug][gc,humongous      ] GC(101) Humongous region 4 (object size 1048592 @ 0x00000000f0400000) remset 0 code roots 0 marked 0 reclaim candidate 0 type array 1
[1.166s][debug][gc,humongous      ] GC(101) Humongous region 6 (object size 1048592 @ 0x00000000f0600000) remset 0 code roots 0 marked 0 reclaim candidate 0 type array 1
[1.166s][debug][gc,humongous      ] GC(101) Humongous region 42 (object size 1048592 @ 0x00000000f2a00000) remset 0 code roots 0 marked 0 reclaim candidate 0 type array 1
[1.166s][debug][gc,humongous      ] GC(101) Humongous region 64 (object size 1048592 @ 0x00000000f4000000) remset 0 code roots 0 marked 0 reclaim candidate 0 type array 1
[1.166s][debug][gc,humongous      ] GC(101) Humongous region 83 (object size 1048592 @ 0x00000000f5300000) remset 0 code roots 0 marked 0 reclaim candidate 0 type array 1
[1.166s][debug][gc,humongous      ] GC(101) Humongous region 126 (object size 1048592 @ 0x00000000f7e00000) remset 0 code roots 0 marked 0 reclaim candidate 0 type array 1
[1.166s][debug][gc,humongous      ] GC(101) Humongous region 159 (object size 10485776 @ 0x00000000f9f00000) remset 0 code roots 0 marked 0 reclaim candidate 0 type array 1
[1.166s][debug][gc,humongous      ] GC(101) Humongous region 238 (object size 1048592 @ 0x00000000fee00000) remset 0 code roots 0 marked 0 reclaim candidate 0 type array 1
[1.166s][debug][gc,humongous      ] GC(101) Humongous region 244 (object size 1048592 @ 0x00000000ff400000) remset 0 code roots 0 marked 0 reclaim candidate 0 type array 1
[1.166s][debug][gc,humongous      ] GC(101) Humongous region 249 (object size 1048592 @ 0x00000000ff900000) remset 0 code roots 0 marked 0 reclaim candidate 0 type array 1
[1.166s][debug][gc,humongous      ] GC(101) Humongous region 22 (object size 1048592 @ 0x00000000f1600000) remset 0 code roots 0 marked 0 reclaim candidate 0 type array 1
[1.166s][debug][gc,humongous      ] GC(101) Humongous region 20 (object size 1048592 @ 0x00000000f1400000) remset 0 code roots 0 marked 0 reclaim candidate 0 type array 1
[1.166s][debug][gc,humongous      ] GC(101) Humongous region 216 (object size 10485776 @ 0x00000000fd800000) remset 0 code roots 0 marked 0 reclaim candidate 0 type array 1
[1.166s][debug][gc,humongous      ] GC(101) Humongous region 203 (object size 1048592 @ 0x00000000fcb00000) remset 0 code roots 0 marked 0 reclaim candidate 0 type array 1
[1.166s][debug][gc,humongous      ] GC(101) Humongous region 28 (object size 1048592 @ 0x00000000f1c00000) remset 0 code roots 0 marked 0 reclaim candidate 0 type array 1
[1.166s][debug][gc,humongous      ] GC(101) Humongous region 30 (object size 1048592 @ 0x00000000f1e00000) remset 0 code roots 0 marked 0 reclaim candidate 0 type array 1
[1.166s][debug][gc,humongous      ] GC(101) Humongous region 32 (object size 1048592 @ 0x00000000f2000000) remset 0 code roots 0 marked 0 reclaim candidate 0 type array 1
[1.166s][debug][gc,humongous      ] GC(101) Humongous region 14 (object size 1048592 @ 0x00000000f0e00000) remset 0 code roots 0 marked 0 reclaim candidate 0 type array 1
[1.166s][debug][gc,humongous      ] GC(101) Humongous region 36 (object size 1048592 @ 0x00000000f2400000) remset 0 code roots 0 marked 0 reclaim candidate 0 type array 1
[1.166s][debug][gc,humongous      ] GC(101) Humongous region 18 (object size 1048592 @ 0x00000000f1200000) remset 0 code roots 0 marked 0 reclaim candidate 0 type array 1
[1.166s][debug][gc,humongous      ] GC(101) Humongous region 24 (object size 1048592 @ 0x00000000f1800000) remset 0 code roots 0 marked 0 reclaim candidate 0 type array 1
[1.166s][debug][gc,humongous      ] GC(101) Humongous region 26 (object size 1048592 @ 0x00000000f1a00000) remset 0 code roots 0 marked 0 reclaim candidate 0 type array 1
[1.166s][debug][gc,humongous      ] GC(101) Humongous region 85 (object size 10485776 @ 0x00000000f5500000) remset 0 code roots 0 marked 0 reclaim candidate 0 type array 1
[1.166s][debug][gc,humongous      ] GC(101) Humongous region 12 (object size 1048592 @ 0x00000000f0c00000) remset 0 code roots 0 marked 0 reclaim candidate 0 type array 1
[1.166s][debug][gc,humongous      ] GC(101) Humongous region 10 (object size 1048592 @ 0x00000000f0a00000) remset 0 code roots 0 marked 0 reclaim candidate 0 type array 1
[1.166s][debug][gc,humongous      ] GC(101) Humongous region 34 (object size 1048592 @ 0x00000000f2200000) remset 0 code roots 0 marked 0 reclaim candidate 0 type array 1
[1.166s][debug][gc,humongous      ] GC(101) Humongous region 8 (object size 1048592 @ 0x00000000f0800000) remset 0 code roots 0 marked 0 reclaim candidate 0 type array 1
[1.166s][debug][gc,humongous      ] GC(101) Humongous region 16 (object size 1048592 @ 0x00000000f1000000) remset 0 code roots 0 marked 0 reclaim candidate 0 type array 1
[1.166s][debug][gc,humongous      ] GC(101) Humongous region 38 (object size 1048592 @ 0x00000000f2600000) remset 0 code roots 0 marked 0 reclaim candidate 0 type array 1
[1.166s][debug][gc,humongous      ] GC(101) Humongous region 60 (object size 1048592 @ 0x00000000f3c00000) remset 0 code roots 0 marked 0 reclaim candidate 0 type array 1
[1.167s][debug][gc,ergo           ] GC(101) Running G1 Merge Heap Roots using 12 workers for 1 regions
[1.167s][debug][gc,remset         ] GC(101) Visited cards 32 Total dirty 2048 (1.56%) Total old 526336 (0.01%)
[1.167s][debug][gc,ergo,heap      ] GC(101) Attempt heap expansion (region allocation request failed). Allocation request: 65552B
[1.167s][debug][gc,ergo,heap      ] GC(101) Did not expand the heap (heap already fully expanded)
[1.167s][debug][gc,ref            ] GC(101) Skipped phase 1 of Reference Processing: no references
[1.167s][debug][gc,ref            ] GC(101) Skipped phase 2 of Reference Processing: no references
[1.167s][debug][gc,ref            ] GC(101) Skipped phase 3 of Reference Processing: no references
[1.167s][debug][gc,ref            ] GC(101) Skipped phase 4 of Reference Processing: no references
[1.168s][debug][gc,ergo           ] GC(101) Running G1 Rebuild Free List Task using 12 workers for rebuilding free list of regions
[1.168s][debug][gc,plab           ] GC(101) Young PLAB allocation: allocated: 0B, wasted: 0B, unused: 0B, used: 0B, undo waste: 0B, 
[1.168s][debug][gc,plab           ] GC(101) Young other allocation: region end waste: 0B, regions filled: 0, direct allocated: 0B, failure used: 0B, failure wasted: 0B
[1.168s][debug][gc,plab           ] GC(101) Young sizing: calculated: 0B, actual: 2064B
[1.168s][debug][gc,plab           ] GC(101) Old PLAB allocation: allocated: 0B, wasted: 0B, unused: 0B, used: 0B, undo waste: 0B, 
[1.168s][debug][gc,plab           ] GC(101) Old other allocation: region end waste: 0B, regions filled: 0, direct allocated: 0B, failure used: 786624B, failure wasted: 261952B
[1.168s][debug][gc,plab           ] GC(101) Old sizing: calculated: 0B, actual: 2064B
[1.168s][debug][gc,ergo,heap      ] GC(101) Heap expansion: short term pause time ratio 93.73% long term pause time ratio 9.68% threshold 7.69% pause time ratio 7.69% fully expanded true resize by 0B
[1.168s][debug][gc,mmu            ] GC(101) MMU: 6.9ms (50.0ms/51.0ms)
[1.168s][debug][gc,alloc,stats    ] Old generation allocation in the last mutator period, old gen allocated: 1048576B, humongous allocated: 0B,old gen growth: 1048576B.
[1.168s][debug][gc,ihop           ] GC(101) Basic information (value update), threshold: 202845169B (75.57), target occupancy: 268435456B, current occupancy: 256445224B, recent allocation size: 1048576B, recent allocation duration: 57.50ms, recent old gen allocation rate: 18237121.19B/s, recent marking phase length: 9.93ms
[1.168s][debug][gc,ihop           ] GC(101) Adaptive IHOP information (value update), threshold: 202845169B (88.90), internal target occupancy: 228170137B, occupancy: 256445224B, additional buffer size: 12582912B, predicted old gen allocation rate: 242721830.45B/s, predicted marking phase length: 52.50ms, prediction active: true
[1.168s][debug][gc,ergo,refine    ] GC(101) Concurrent refinement times: Logged Cards Scan time goal: 5.00ms Logged Cards Scan time: 0.00ms HCC time: 0.00ms
[1.168s][debug][gc,ergo,refine    ] GC(101) Updated Refinement Zones: green: 3328, yellow: 9984, red: 16640
[1.168s][info ][gc                ] GC(101) To-space exhausted
[1.168s][info ][gc,phases         ] GC(101)   Pre Evacuate Collection Set: 0.6ms
[1.168s][debug][gc,phases         ] GC(101)     Prepare TLABs: 0.0ms
[1.168s][debug][gc,phases         ] GC(101)     Concatenate Dirty Card Logs: 0.0ms
[1.168s][debug][gc,phases         ] GC(101)     Choose Collection Set: 0.0ms
[1.168s][debug][gc,phases         ] GC(101)     Region Register: 0.6ms
[1.168s][debug][gc,phases         ] GC(101)     Prepare Heap Roots: 0.0ms
[1.168s][debug][gc,phases         ] GC(101)     Clear Claimed Marks: 0.0ms
[1.168s][info ][gc,phases         ] GC(101)   Merge Heap Roots: 0.2ms
[1.168s][debug][gc,phases         ] GC(101)     Prepare Merge Heap Roots: 0.0ms
[1.168s][debug][gc,phases         ] GC(101)     Eager Reclaim (ms):            skipped
[1.168s][debug][gc,phases         ] GC(101)     Remembered Sets (ms):          Min:  0.0, Avg:  0.0, Max:  0.0, Diff:  0.0, Sum:  0.0, Workers: 12
[1.168s][debug][gc,phases         ] GC(101)       Merged Sparse:                 Min: 0, Avg:  0.0, Max: 0, Diff: 0, Sum: 0, Workers: 12
[1.168s][debug][gc,phases         ] GC(101)       Merged Fine:                   Min: 0, Avg:  0.0, Max: 0, Diff: 0, Sum: 0, Workers: 12
[1.168s][debug][gc,phases         ] GC(101)       Merged Coarse:                 Min: 0, Avg:  0.0, Max: 0, Diff: 0, Sum: 0, Workers: 12
[1.168s][debug][gc,phases         ] GC(101)       Dirty Cards:                   Min: 0, Avg:  0.0, Max: 0, Diff: 0, Sum: 0, Workers: 12
[1.168s][debug][gc,phases         ] GC(101)     Hot Card Cache (ms):           Min:  0.0, Avg:  0.0, Max:  0.0, Diff:  0.0, Sum:  0.0, Workers: 12
[1.168s][debug][gc,phases         ] GC(101)       Dirty Cards:                   Min: 0, Avg:  0.0, Max: 0, Diff: 0, Sum: 0, Workers: 12
[1.168s][debug][gc,phases         ] GC(101)       Skipped Cards:                 Min: 0, Avg:  0.0, Max: 0, Diff: 0, Sum: 0, Workers: 12
[1.168s][debug][gc,phases         ] GC(101)     Log Buffers (ms):              Min:  0.0, Avg:  0.0, Max:  0.0, Diff:  0.0, Sum:  0.0, Workers: 12
[1.168s][debug][gc,phases         ] GC(101)       Dirty Cards:                   Min: 0, Avg:  0.9, Max: 11, Diff: 11, Sum: 11, Workers: 12
[1.168s][debug][gc,phases         ] GC(101)       Skipped Cards:                 Min: 0, Avg:  0.0, Max: 0, Diff: 0, Sum: 0, Workers: 12
[1.168s][info ][gc,phases         ] GC(101)   Evacuate Collection Set: 0.4ms
[1.168s][debug][gc,phases         ] GC(101)     Ext Root Scanning (ms):        Min:  0.0, Avg:  0.0, Max:  0.1, Diff:  0.1, Sum:  0.4, Workers: 12
[1.168s][debug][gc,phases         ] GC(101)     Scan Heap Roots (ms):          Min:  0.0, Avg:  0.0, Max:  0.0, Diff:  0.0, Sum:  0.0, Workers: 12
[1.168s][debug][gc,phases         ] GC(101)       Scanned Cards:                 Min: 0, Avg:  1.6, Max: 19, Diff: 19, Sum: 19, Workers: 12
[1.168s][debug][gc,phases         ] GC(101)       Scanned Blocks:                Min: 0, Avg:  0.1, Max: 1, Diff: 1, Sum: 1, Workers: 12
[1.168s][debug][gc,phases         ] GC(101)       Claimed Chunks:                Min: 0, Avg:  0.1, Max: 1, Diff: 1, Sum: 1, Workers: 12
[1.168s][debug][gc,phases         ] GC(101)     Code Root Scan (ms):           Min:  0.0, Avg:  0.0, Max:  0.0, Diff:  0.0, Sum:  0.0, Workers: 12
[1.168s][debug][gc,phases         ] GC(101)     Object Copy (ms):              Min:  0.0, Avg:  0.0, Max:  0.0, Diff:  0.0, Sum:  0.0, Workers: 12
[1.168s][debug][gc,phases         ] GC(101)     Termination (ms):              Min:  0.1, Avg:  0.2, Max:  0.3, Diff:  0.1, Sum:  2.6, Workers: 12
[1.168s][debug][gc,phases         ] GC(101)       Termination Attempts:          Min: 1, Avg:  1.0, Max: 1, Diff: 0, Sum: 12, Workers: 12
[1.168s][debug][gc,phases         ] GC(101)     GC Worker Other (ms):          Min:  0.0, Avg:  0.0, Max:  0.0, Diff:  0.0, Sum:  0.1, Workers: 12
[1.168s][debug][gc,phases         ] GC(101)     GC Worker Total (ms):          Min:  0.1, Avg:  0.3, Max:  0.4, Diff:  0.2, Sum:  3.1, Workers: 12
[1.168s][info ][gc,phases         ] GC(101)   Post Evacuate Collection Set: 0.4ms
[1.168s][debug][gc,phases         ] GC(101)     Code Roots Fixup: 0.0ms
[1.168s][debug][gc,phases         ] GC(101)     Reference Processing: 0.0ms
[1.168s][debug][gc,phases,ref     ] GC(101)       Reconsider SoftReferences: 0.0ms
[1.168s][debug][gc,phases,ref     ] GC(101)         SoftRef (ms):                  skipped
[1.168s][debug][gc,phases,ref     ] GC(101)       Notify Soft/WeakReferences: 0.0ms
[1.168s][debug][gc,phases,ref     ] GC(101)         SoftRef (ms):                  skipped
[1.168s][debug][gc,phases,ref     ] GC(101)         WeakRef (ms):                  skipped
[1.168s][debug][gc,phases,ref     ] GC(101)         FinalRef (ms):                 skipped
[1.168s][debug][gc,phases,ref     ] GC(101)         Total (ms):                    skipped
[1.168s][debug][gc,phases,ref     ] GC(101)       Notify and keep alive finalizable: 0.0ms
[1.168s][debug][gc,phases,ref     ] GC(101)         FinalRef (ms):                 skipped
[1.168s][debug][gc,phases,ref     ] GC(101)       Notify PhantomReferences: 0.0ms
[1.168s][debug][gc,phases,ref     ] GC(101)         PhantomRef (ms):               skipped
[1.168s][debug][gc,phases,ref     ] GC(101)       SoftReference:
[1.168s][debug][gc,phases,ref     ] GC(101)         Discovered: 0
[1.168s][debug][gc,phases,ref     ] GC(101)         Cleared: 0
[1.168s][debug][gc,phases,ref     ] GC(101)       WeakReference:
[1.168s][debug][gc,phases,ref     ] GC(101)         Discovered: 0
[1.168s][debug][gc,phases,ref     ] GC(101)         Cleared: 0
[1.168s][debug][gc,phases,ref     ] GC(101)       FinalReference:
[1.168s][debug][gc,phases,ref     ] GC(101)         Discovered: 0
[1.168s][debug][gc,phases,ref     ] GC(101)         Cleared: 0
[1.168s][debug][gc,phases,ref     ] GC(101)       PhantomReference:
[1.168s][debug][gc,phases,ref     ] GC(101)         Discovered: 0
[1.168s][debug][gc,phases,ref     ] GC(101)         Cleared: 0
[1.168s][debug][gc,phases         ] GC(101)     Weak Processing: 0.0ms
[1.168s][debug][gc,phases         ] GC(101)       VM Weak                        Min:  0.0, Avg:  0.0, Max:  0.0, Diff:  0.0, Sum:  0.0, Workers: 1
[1.168s][debug][gc,phases         ] GC(101)         Dead                           Min: 0, Avg:  0.0, Max: 0, Diff: 0, Sum: 0, Workers: 1
[1.168s][debug][gc,phases         ] GC(101)         Total                          Min: 4, Avg:  4.0, Max: 4, Diff: 0, Sum: 4, Workers: 1
[1.168s][debug][gc,phases         ] GC(101)       ObjectSynchronizer Weak        Min:  0.0, Avg:  0.0, Max:  0.0, Diff:  0.0, Sum:  0.0, Workers: 1
[1.168s][debug][gc,phases         ] GC(101)         Dead                           Min: 0, Avg:  0.0, Max: 0, Diff: 0, Sum: 0, Workers: 1
[1.168s][debug][gc,phases         ] GC(101)         Total                          Min: 4, Avg:  4.0, Max: 4, Diff: 0, Sum: 4, Workers: 1
[1.168s][debug][gc,phases         ] GC(101)       JVMTI Tag Weak OopStorage      Min:  0.0, Avg:  0.0, Max:  0.0, Diff:  0.0, Sum:  0.0, Workers: 1
[1.168s][debug][gc,phases         ] GC(101)         Dead                           Min: 0, Avg:  0.0, Max: 0, Diff: 0, Sum: 0, Workers: 1
[1.168s][debug][gc,phases         ] GC(101)         Total                          Min: 0, Avg:  0.0, Max: 0, Diff: 0, Sum: 0, Workers: 1
[1.168s][debug][gc,phases         ] GC(101)       StringTable Weak               Min:  0.0, Avg:  0.0, Max:  0.0, Diff:  0.0, Sum:  0.0, Workers: 1
[1.168s][debug][gc,phases         ] GC(101)         Dead                           Min: 0, Avg:  0.0, Max: 0, Diff: 0, Sum: 0, Workers: 1
[1.168s][debug][gc,phases         ] GC(101)         Total                          Min: 41, Avg: 41.0, Max: 41, Diff: 0, Sum: 41, Workers: 1
[1.168s][debug][gc,phases         ] GC(101)       ResolvedMethodTable Weak       Min:  0.0, Avg:  0.0, Max:  0.0, Diff:  0.0, Sum:  0.0, Workers: 1
[1.168s][debug][gc,phases         ] GC(101)         Dead                           Min: 0, Avg:  0.0, Max: 0, Diff: 0, Sum: 0, Workers: 1
[1.168s][debug][gc,phases         ] GC(101)         Total                          Min: 22, Avg: 22.0, Max: 22, Diff: 0, Sum: 22, Workers: 1
[1.168s][debug][gc,phases         ] GC(101)       JNI Weak                       Min:  0.0, Avg:  0.0, Max:  0.0, Diff:  0.0, Sum:  0.0, Workers: 1
[1.168s][debug][gc,phases         ] GC(101)         Dead                           Min: 0, Avg:  0.0, Max: 0, Diff: 0, Sum: 0, Workers: 1
[1.168s][debug][gc,phases         ] GC(101)         Total                          Min: 0, Avg:  0.0, Max: 0, Diff: 0, Sum: 0, Workers: 1
[1.168s][debug][gc,phases         ] GC(101)       StringDedup Table Weak         Min:  0.0, Avg:  0.0, Max:  0.0, Diff:  0.0, Sum:  0.0, Workers: 1
[1.168s][debug][gc,phases         ] GC(101)         Dead                           Min: 0, Avg:  0.0, Max: 0, Diff: 0, Sum: 0, Workers: 1
[1.168s][debug][gc,phases         ] GC(101)         Total                          Min: 0, Avg:  0.0, Max: 0, Diff: 0, Sum: 0, Workers: 1
[1.168s][debug][gc,phases         ] GC(101)       StringDedup Requests0 Weak     Min:  0.0, Avg:  0.0, Max:  0.0, Diff:  0.0, Sum:  0.0, Workers: 1
[1.168s][debug][gc,phases         ] GC(101)         Dead                           Min: 0, Avg:  0.0, Max: 0, Diff: 0, Sum: 0, Workers: 1
[1.168s][debug][gc,phases         ] GC(101)         Total                          Min: 0, Avg:  0.0, Max: 0, Diff: 0, Sum: 0, Workers: 1
[1.168s][debug][gc,phases         ] GC(101)       StringDedup Requests1 Weak     Min:  0.0, Avg:  0.0, Max:  0.0, Diff:  0.0, Sum:  0.0, Workers: 1
[1.168s][debug][gc,phases         ] GC(101)         Dead                           Min: 0, Avg:  0.0, Max: 0, Diff: 0, Sum: 0, Workers: 1
[1.168s][debug][gc,phases         ] GC(101)         Total                          Min: 0, Avg:  0.0, Max: 0, Diff: 0, Sum: 0, Workers: 1
[1.168s][debug][gc,phases         ] GC(101)       Weak JFR Old Object Samples    Min:  0.0, Avg:  0.0, Max:  0.0, Diff:  0.0, Sum:  0.0, Workers: 1
[1.168s][debug][gc,phases         ] GC(101)         Dead                           Min: 0, Avg:  0.0, Max: 0, Diff: 0, Sum: 0, Workers: 1
[1.168s][debug][gc,phases         ] GC(101)         Total                          Min: 0, Avg:  0.0, Max: 0, Diff: 0, Sum: 0, Workers: 1
[1.168s][debug][gc,phases         ] GC(101)     Post Evacuate Cleanup 1: 0.1ms
[1.168s][debug][gc,phases         ] GC(101)       Merge Per-Thread State (ms):   Min:  0.0, Avg:  0.0, Max:  0.0, Diff:  0.0, Sum:  0.0, Workers: 1
[1.168s][debug][gc,phases         ] GC(101)         Copied Bytes                   Min: 0, Avg:  0.0, Max: 0, Diff: 0, Sum: 0, Workers: 12
[1.168s][debug][gc,phases         ] GC(101)         LAB Waste                      Min: 0, Avg:  0.0, Max: 0, Diff: 0, Sum: 0, Workers: 12
[1.168s][debug][gc,phases         ] GC(101)         LAB Undo Waste                 Min: 0, Avg:  0.0, Max: 0, Diff: 0, Sum: 0, Workers: 12
[1.168s][debug][gc,phases         ] GC(101)       Clear Logged Cards (ms):       Min:  0.0, Avg:  0.0, Max:  0.0, Diff:  0.0, Sum:  0.0, Workers: 4
[1.168s][debug][gc,phases         ] GC(101)       Recalculate Used Memory (ms):  Min:  0.0, Avg:  0.0, Max:  0.0, Diff:  0.0, Sum:  0.0, Workers: 1
[1.168s][debug][gc,phases         ] GC(101)       Remove Self Forwards (ms):     Min:  0.0, Avg:  0.0, Max:  0.0, Diff:  0.0, Sum:  0.0, Workers: 4
[1.168s][debug][gc,phases         ] GC(101)     Post Evacuate Cleanup 2: 0.1ms
[1.168s][debug][gc,phases         ] GC(101)       Recalculate Used Memory (ms):  Min:  0.0, Avg:  0.0, Max:  0.0, Diff:  0.0, Sum:  0.0, Workers: 1
[1.168s][debug][gc,phases         ] GC(101)       Restore Preserved Marks (ms):  Min:  0.0, Avg:  0.0, Max:  0.0, Diff:  0.0, Sum:  0.0, Workers: 12
[1.168s][debug][gc,phases         ] GC(101)       Reset Hot Card Cache (ms):     Min:  0.0, Avg:  0.0, Max:  0.0, Diff:  0.0, Sum:  0.0, Workers: 1
[1.168s][debug][gc,phases         ] GC(101)       Purge Code Roots (ms):         Min:  0.0, Avg:  0.0, Max:  0.0, Diff:  0.0, Sum:  0.0, Workers: 1
[1.168s][debug][gc,phases         ] GC(101)       Update Derived Pointers (ms):  Min:  0.0, Avg:  0.0, Max:  0.0, Diff:  0.0, Sum:  0.0, Workers: 1
[1.168s][debug][gc,phases         ] GC(101)       Eagerly Reclaim Humongous Objects (ms): Min:  0.0, Avg:  0.0, Max:  0.0, Diff:  0.0, Sum:  0.0, Workers: 1
[1.168s][debug][gc,phases         ] GC(101)         Humongous Total                Min: 32, Avg: 32.0, Max: 32, Diff: 0, Sum: 32, Workers: 1
[1.168s][debug][gc,phases         ] GC(101)         Humongous Candidates           Min: 0, Avg:  0.0, Max: 0, Diff: 0, Sum: 0, Workers: 1
[1.168s][debug][gc,phases         ] GC(101)         Humongous Reclaimed            Min: 0, Avg:  0.0, Max: 0, Diff: 0, Sum: 0, Workers: 1
[1.168s][debug][gc,phases         ] GC(101)       Redirty Logged Cards (ms):     Min:  0.0, Avg:  0.0, Max:  0.0, Diff:  0.0, Sum:  0.0, Workers: 12
[1.168s][debug][gc,phases         ] GC(101)         Redirtied Cards:               Min: 0, Avg:  0.1, Max: 1, Diff: 1, Sum: 1, Workers: 12
[1.168s][debug][gc,phases         ] GC(101)       Free Collection Set (ms):      Min:  0.0, Avg:  0.0, Max:  0.0, Diff:  0.0, Sum:  0.0, Workers: 12
[1.168s][debug][gc,phases         ] GC(101)     Rebuild Free List: 0.2ms
[1.168s][debug][gc,phases         ] GC(101)     Start New Collection Set: 0.0ms
[1.168s][debug][gc,phases         ] GC(101)     Resize TLABs: 0.0ms
[1.168s][debug][gc,phases         ] GC(101)     Expand Heap After Collection: 0.0ms
[1.168s][info ][gc,phases         ] GC(101)   Other: 0.2ms
[1.168s][info ][gc,heap           ] GC(101) Eden regions: 1->0(12)
[1.168s][info ][gc,heap           ] GC(101) Survivor regions: 0->0(0)
[1.168s][info ][gc,heap           ] GC(101) Old regions: 162->163
[1.168s][info ][gc,heap           ] GC(101) Archive regions: 2->2
[1.168s][info ][gc,heap           ] GC(101) Humongous regions: 91->91
[1.168s][info ][gc,metaspace      ] GC(101) Metaspace: 136K(320K)->136K(320K) NonClass: 131K(192K)->131K(192K) Class: 5K(128K)->5K(128K)
[1.168s][debug][gc,heap           ] GC(101) Heap after GC invocations=91 (full 24):
[1.168s][debug][gc,heap           ] GC(101)  garbage-first heap   total 262144K, used 250434K [0x00000000f0000000, 0x0000000100000000)
[1.168s][debug][gc,heap           ] GC(101)   region size 1024K, 0 young (0K), 0 survivors (0K)
[1.168s][debug][gc,heap           ] GC(101)  Metaspace       used 136K, committed 320K, reserved 1114112K
[1.168s][debug][gc,heap           ] GC(101)   class space    used 5K, committed 128K, reserved 1048576K
[1.168s][info ][gc                ] GC(101) Pause Young (Concurrent Start) (G1 Evacuation Pause) 244M->244M(256M) 2.251ms
[1.168s][info ][gc,cpu            ] GC(101) User=0.01s Sys=0.00s Real=0.00s
[1.168s][debug][gc,ergo,heap      ] Attempt heap expansion (allocation request failed). Allocation request: 65552B
[1.168s][debug][gc,ergo,heap      ] Expand the heap. requested expansion amount: 1048576B expansion amount: 1048576B
[1.168s][debug][gc,ergo,heap      ] Did not expand the heap (heap already fully expanded)
[1.168s][info ][gc,ergo           ] Attempting full compaction
[1.168s][info ][gc                ] GC(102) Concurrent Mark Cycle
[1.168s][info ][gc,marking        ] GC(102) Concurrent Clear Claimed Marks
[1.168s][info ][gc,marking        ] GC(102) Concurrent Clear Claimed Marks 0.022ms
[1.169s][info ][gc,marking        ] GC(102) Concurrent Scan Root Regions
[1.169s][info ][gc,marking        ] GC(102) Concurrent Scan Root Regions 0.027ms
[1.169s][info ][gc,marking        ] GC(102) Concurrent Mark
[1.169s][info ][gc,marking        ] GC(102) Concurrent Mark From Roots
[1.169s][info ][gc,task           ] GC(102) Using 3 workers of 3 for marking
[1.168s][debug][gc,task           ] GC(103) Requesting 9 active workers for full compaction (waste limited workers: 13, adaptive workers: 9, used limited workers: 256)
[1.169s][info ][gc,task           ] GC(103) Using 9 workers of 13 for full compaction
[1.169s][info ][gc,start          ] GC(103) Pause Full (G1 Compaction Pause)
[1.169s][debug][gc,heap           ] GC(103) Heap before GC invocations=91 (full 24):
[1.169s][debug][gc,heap           ] GC(103)  garbage-first heap   total 262144K, used 250434K [0x00000000f0000000, 0x0000000100000000)
[1.169s][debug][gc,heap           ] GC(103)   region size 1024K, 0 young (0K), 0 survivors (0K)
[1.169s][debug][gc,heap           ] GC(103)  Metaspace       used 136K, committed 320K, reserved 1114112K
[1.169s][debug][gc,heap           ] GC(103)   class space    used 5K, committed 128K, reserved 1048576K
[1.169s][debug][gc,start          ] GC(103) Clear Next Bitmap
[1.169s][debug][gc,ergo           ] GC(103) Running G1 Clear Bitmap with 4 workers for 4 work units.
[1.169s][debug][gc                ] GC(103) Clear Next Bitmap 0.135ms
[1.169s][debug][gc,alloc,region   ] GC(103) Mutator Allocation stats, regions: 0, wasted size: 0B ( 0.0%)
[1.169s][info ][gc,phases,start   ] GC(103) Phase 1: Mark live objects
[1.170s][debug][gc,phases,start   ] GC(103) Phase 1: Reference Processing
[1.170s][debug][gc,ref            ] GC(103) Skipped phase 1 of Reference Processing: no references
[1.170s][debug][gc,ref            ] GC(103) ReferenceProcessor::execute queues: 1, RefProcThreadModel::Single, marks_oops_alive: false
[1.170s][debug][gc,ref            ] GC(103) Skipped phase 3 of Reference Processing: no references
[1.170s][debug][gc,ref            ] GC(103) ReferenceProcessor::execute queues: 1, RefProcThreadModel::Single, marks_oops_alive: false
[1.170s][debug][gc,phases,ref     ] GC(103) Reference Processing: 0.0ms
[1.170s][debug][gc,phases,ref     ] GC(103)   Reconsider SoftReferences: 0.0ms
[1.170s][debug][gc,phases,ref     ] GC(103)     SoftRef (ms):                  skipped
[1.170s][debug][gc,phases,ref     ] GC(103)   Notify Soft/WeakReferences: 0.0ms
[1.170s][debug][gc,phases,ref     ] GC(103)     SoftRef (ms):                  Min:  0.0, Avg:  0.0, Max:  0.0, Diff:  0.0, Sum:  0.0, Workers: 13
[1.170s][debug][gc,phases,ref     ] GC(103)     WeakRef (ms):                  Min:  0.0, Avg:  0.0, Max:  0.0, Diff:  0.0, Sum:  0.0, Workers: 13
[1.170s][debug][gc,phases,ref     ] GC(103)     FinalRef (ms):                 Min:  0.0, Avg:  0.0, Max:  0.0, Diff:  0.0, Sum:  0.0, Workers: 13
[1.170s][debug][gc,phases,ref     ] GC(103)     Total (ms):                    Min:  0.0, Avg:  0.0, Max:  0.0, Diff:  0.0, Sum:  0.0, Workers: 13
[1.170s][debug][gc,phases,ref     ] GC(103)   Notify and keep alive finalizable: 0.0ms
[1.170s][debug][gc,phases,ref     ] GC(103)     FinalRef (ms):                 skipped
[1.170s][debug][gc,phases,ref     ] GC(103)   Notify PhantomReferences: 0.0ms
[1.170s][debug][gc,phases,ref     ] GC(103)     PhantomRef (ms):               Min:  0.0, Avg:  0.0, Max:  0.0, Diff:  0.0, Sum:  0.0, Workers: 13
[1.170s][debug][gc,phases,ref     ] GC(103)   SoftReference:
[1.170s][debug][gc,phases,ref     ] GC(103)     Discovered: 0
[1.170s][debug][gc,phases,ref     ] GC(103)     Cleared: 0
[1.170s][debug][gc,phases,ref     ] GC(103)   WeakReference:
[1.170s][debug][gc,phases,ref     ] GC(103)     Discovered: 13
[1.170s][debug][gc,phases,ref     ] GC(103)     Cleared: 13
[1.170s][debug][gc,phases,ref     ] GC(103)   FinalReference:
[1.170s][debug][gc,phases,ref     ] GC(103)     Discovered: 0
[1.170s][debug][gc,phases,ref     ] GC(103)     Cleared: 0
[1.170s][debug][gc,phases,ref     ] GC(103)   PhantomReference:
[1.170s][debug][gc,phases,ref     ] GC(103)     Discovered: 1
[1.170s][debug][gc,phases,ref     ] GC(103)     Cleared: 1
[1.170s][debug][gc,phases         ] GC(103) Phase 1: Reference Processing 0.126ms
[1.170s][debug][gc,phases,start   ] GC(103) Phase 1: Weak Processing
[1.170s][debug][gc,phases         ] GC(103)   VM Weak                        Min:  0.0, Avg:  0.0, Max:  0.0, Diff:  0.0, Sum:  0.0, Workers: 1
[1.170s][debug][gc,phases         ] GC(103)     Dead                           Min: 0, Avg:  0.0, Max: 0, Diff: 0, Sum: 0, Workers: 1
[1.170s][debug][gc,phases         ] GC(103)     Total                          Min: 4, Avg:  4.0, Max: 4, Diff: 0, Sum: 4, Workers: 1
[1.170s][debug][gc,phases         ] GC(103)   ObjectSynchronizer Weak        Min:  0.0, Avg:  0.0, Max:  0.0, Diff:  0.0, Sum:  0.0, Workers: 1
[1.170s][debug][gc,phases         ] GC(103)     Dead                           Min: 0, Avg:  0.0, Max: 0, Diff: 0, Sum: 0, Workers: 1
[1.170s][debug][gc,phases         ] GC(103)     Total                          Min: 4, Avg:  4.0, Max: 4, Diff: 0, Sum: 4, Workers: 1
[1.170s][debug][gc,phases         ] GC(103)   JVMTI Tag Weak OopStorage      Min:  0.0, Avg:  0.0, Max:  0.0, Diff:  0.0, Sum:  0.0, Workers: 1
[1.170s][debug][gc,phases         ] GC(103)     Dead                           Min: 0, Avg:  0.0, Max: 0, Diff: 0, Sum: 0, Workers: 1
[1.170s][debug][gc,phases         ] GC(103)     Total                          Min: 0, Avg:  0.0, Max: 0, Diff: 0, Sum: 0, Workers: 1
[1.170s][debug][gc,phases         ] GC(103)   StringTable Weak               Min:  0.0, Avg:  0.0, Max:  0.0, Diff:  0.0, Sum:  0.0, Workers: 1
[1.170s][debug][gc,phases         ] GC(103)     Dead                           Min: 0, Avg:  0.0, Max: 0, Diff: 0, Sum: 0, Workers: 1
[1.170s][debug][gc,phases         ] GC(103)     Total                          Min: 41, Avg: 41.0, Max: 41, Diff: 0, Sum: 41, Workers: 1
[1.170s][debug][gc,phases         ] GC(103)   ResolvedMethodTable Weak       Min:  0.0, Avg:  0.0, Max:  0.0, Diff:  0.0, Sum:  0.0, Workers: 1
[1.170s][debug][gc,phases         ] GC(103)     Dead                           Min: 0, Avg:  0.0, Max: 0, Diff: 0, Sum: 0, Workers: 1
[1.170s][debug][gc,phases         ] GC(103)     Total                          Min: 22, Avg: 22.0, Max: 22, Diff: 0, Sum: 22, Workers: 1
[1.170s][debug][gc,phases         ] GC(103)   JNI Weak                       Min:  0.0, Avg:  0.0, Max:  0.0, Diff:  0.0, Sum:  0.0, Workers: 1
[1.170s][debug][gc,phases         ] GC(103)     Dead                           Min: 0, Avg:  0.0, Max: 0, Diff: 0, Sum: 0, Workers: 1
[1.170s][debug][gc,phases         ] GC(103)     Total                          Min: 0, Avg:  0.0, Max: 0, Diff: 0, Sum: 0, Workers: 1
[1.170s][debug][gc,phases         ] GC(103)   StringDedup Table Weak         Min:  0.0, Avg:  0.0, Max:  0.0, Diff:  0.0, Sum:  0.0, Workers: 1
[1.170s][debug][gc,phases         ] GC(103)     Dead                           Min: 0, Avg:  0.0, Max: 0, Diff: 0, Sum: 0, Workers: 1
[1.170s][debug][gc,phases         ] GC(103)     Total                          Min: 0, Avg:  0.0, Max: 0, Diff: 0, Sum: 0, Workers: 1
[1.170s][debug][gc,phases         ] GC(103)   StringDedup Requests0 Weak     Min:  0.0, Avg:  0.0, Max:  0.0, Diff:  0.0, Sum:  0.0, Workers: 1
[1.170s][debug][gc,phases         ] GC(103)     Dead                           Min: 0, Avg:  0.0, Max: 0, Diff: 0, Sum: 0, Workers: 1
[1.170s][debug][gc,phases         ] GC(103)     Total                          Min: 0, Avg:  0.0, Max: 0, Diff: 0, Sum: 0, Workers: 1
[1.170s][debug][gc,phases         ] GC(103)   StringDedup Requests1 Weak     Min:  0.0, Avg:  0.0, Max:  0.0, Diff:  0.0, Sum:  0.0, Workers: 1
[1.170s][debug][gc,phases         ] GC(103)     Dead                           Min: 0, Avg:  0.0, Max: 0, Diff: 0, Sum: 0, Workers: 1
[1.170s][debug][gc,phases         ] GC(103)     Total                          Min: 0, Avg:  0.0, Max: 0, Diff: 0, Sum: 0, Workers: 1
[1.170s][debug][gc,phases         ] GC(103)   Weak JFR Old Object Samples    Min:  0.0, Avg:  0.0, Max:  0.0, Diff:  0.0, Sum:  0.0, Workers: 1
[1.170s][debug][gc,phases         ] GC(103)     Dead                           Min: 0, Avg:  0.0, Max: 0, Diff: 0, Sum: 0, Workers: 1
[1.170s][debug][gc,phases         ] GC(103)     Total                          Min: 0, Avg:  0.0, Max: 0, Diff: 0, Sum: 0, Workers: 1
[1.170s][debug][gc,phases         ] GC(103) Phase 1: Weak Processing 0.163ms
[1.170s][debug][gc,phases,start   ] GC(103) Phase 1: Class Unloading and Cleanup
[1.170s][debug][gc,phases,start   ] GC(103) ClassLoaderData
[1.170s][debug][gc,phases         ] GC(103) ClassLoaderData 0.004ms
[1.170s][debug][gc,phases,start   ] GC(103) Trigger cleanups
[1.170s][debug][gc,phases         ] GC(103) Trigger cleanups 0.003ms
[1.170s][debug][gc,phases         ] GC(103) Phase 1: Class Unloading and Cleanup 0.127ms
[1.170s][debug][gc,phases,start   ] GC(103) Report Object Count
[1.170s][debug][gc,phases         ] GC(103) Report Object Count 0.006ms
[1.170s][info ][gc,phases         ] GC(103) Phase 1: Mark live objects 1.276ms
[1.170s][info ][gc,phases,start   ] GC(103) Phase 2: Prepare for compaction
[1.170s][debug][gc,phases,start   ] GC(103) Phase 2: Prepare Serial Compaction
[1.170s][debug][gc,phases         ] GC(103) Phase 2: Prepare Serial Compaction 0.022ms
[1.170s][info ][gc,phases         ] GC(103) Phase 2: Prepare for compaction 0.196ms
[1.170s][info ][gc,phases,start   ] GC(103) Phase 3: Adjust pointers
[1.171s][info ][gc,phases         ] GC(103) Phase 3: Adjust pointers 0.289ms
[1.171s][info ][gc,phases,start   ] GC(103) Phase 4: Compact heap
[1.177s][debug][gc,phases,start   ] GC(103) Phase 4: Serial Compaction
[1.177s][debug][gc,phases         ] GC(103) Phase 4: Serial Compaction 0.818ms
[1.177s][info ][gc,phases         ] GC(103) Phase 4: Compact heap 6.811ms
[1.178s][debug][gc,ergo           ] GC(103) Running G1 Clear Bitmap with 4 workers for 4 work units.
[1.178s][debug][gc,alloc,stats    ] Old generation allocation in the last mutator period, old gen allocated: 0B, humongous allocated: 0B,old gen growth: 0B.
[1.178s][info ][gc,heap           ] GC(103) Eden regions: 0->0(12)
[1.178s][info ][gc,heap           ] GC(103) Survivor regions: 0->0(0)
[1.178s][info ][gc,heap           ] GC(103) Old regions: 163->162
[1.178s][info ][gc,heap           ] GC(103) Archive regions: 2->2
[1.178s][info ][gc,heap           ] GC(103) Humongous regions: 91->91
[1.178s][info ][gc,metaspace      ] GC(103) Metaspace: 136K(320K)->136K(320K) NonClass: 131K(192K)->131K(192K) Class: 5K(128K)->5K(128K)
[1.178s][debug][gc,heap           ] GC(103) Heap after GC invocations=92 (full 25):
[1.178s][debug][gc,heap           ] GC(103)  garbage-first heap   total 262144K, used 249567K [0x00000000f0000000, 0x0000000100000000)
[1.178s][debug][gc,heap           ] GC(103)   region size 1024K, 0 young (0K), 0 survivors (0K)
[1.178s][debug][gc,heap           ] GC(103)  Metaspace       used 136K, committed 320K, reserved 1114112K
[1.178s][debug][gc,heap           ] GC(103)   class space    used 5K, committed 128K, reserved 1048576K
[1.178s][info ][gc                ] GC(103) Pause Full (G1 Compaction Pause) 244M->243M(256M) 9.238ms
[1.178s][info ][gc,cpu            ] GC(103) User=0.02s Sys=0.00s Real=0.01s
[1.178s][debug][gc,stats          ] ---------------------------------------------------------------------
[1.178s][debug][gc,stats          ] Marking Stats, task = 0, calls = 0
[1.178s][debug][gc,stats          ]   Elapsed time = 0.00ms, Termination time = 0.00ms
[1.178s][debug][gc,stats          ]   Step Times (cum): num = 732, avg = 0.02ms, sd = 0.11ms max = 1.18ms, total = 11.55ms
[1.178s][debug][gc,stats          ]   Mark Stats Cache: hits 889 misses 0 ratio 100.000
[1.178s][debug][gc,stats          ] ---------------------------------------------------------------------
[1.178s][debug][gc,stats          ] Marking Stats, task = 1, calls = 0
[1.178s][debug][gc,stats          ]   Elapsed time = 0.00ms, Termination time = 0.00ms
[1.178s][debug][gc,stats          ]   Step Times (cum): num = 78, avg = 0.16ms, sd = 0.34ms max = 1.46ms, total = 12.39ms
[1.178s][debug][gc,stats          ]   Mark Stats Cache: hits 9 misses 0 ratio 100.000
[1.178s][debug][gc,stats          ] ---------------------------------------------------------------------
[1.178s][debug][gc,stats          ] Marking Stats, task = 2, calls = 0
[1.178s][debug][gc,stats          ]   Elapsed time = 0.00ms, Termination time = 0.00ms
[1.178s][debug][gc,stats          ]   Step Times (cum): num = 61, avg = 0.13ms, sd = 0.29ms max = 1.29ms, total = 7.66ms
[1.178s][debug][gc,stats          ]   Mark Stats Cache: hits 8 misses 0 ratio 100.000
[1.178s][debug][gc,stats          ] ---------------------------------------------------------------------
[1.178s][info ][gc,marking        ] GC(102) Concurrent Mark From Roots 9.657ms
[1.178s][debug][gc,heap           ] GC(104) Heap before GC invocations=92 (full 25):
[1.178s][debug][gc,heap           ] GC(104)  garbage-first heap   total 262144K, used 249567K [0x00000000f0000000, 0x0000000100000000)
[1.178s][debug][gc,heap           ] GC(104)   region size 1024K, 1 young (1024K), 0 survivors (0K)
[1.178s][debug][gc,heap           ] GC(104)  Metaspace       used 136K, committed 320K, reserved 1114112K
[1.178s][debug][gc,heap           ] GC(104)   class space    used 5K, committed 128K, reserved 1048576K
[1.178s][info ][gc,start          ] GC(104) Pause Young (Normal) (G1 Humongous Allocation)
[1.178s][info ][gc,task           ] GC(104) Using 12 workers of 13 for evacuation
[1.178s][debug][gc,tlab           ] GC(104) TLAB totals: thrds: 4  refills: 4 max: 1 slow allocs: 0 max 0 waste: 41.4% gc: 185448B max: 47024B slow: 0B max: 0B
[1.178s][debug][gc,age            ] GC(104) Desired survivor size 1048576 bytes, new threshold 15 (max threshold 15)
[1.178s][debug][gc,refine,stats   ] GC(104) Mutator refinement: 0.00ms, refined: 0, precleaned: 0, dirtied: 1
[1.178s][debug][gc,refine,stats   ] GC(104) Concurrent refinement: 0.00ms, refined: 0, precleaned: 0, dirtied: 0
[1.178s][debug][gc,refine,stats   ] GC(104) Total refinement: 0.00ms, refined: 0, precleaned: 0, dirtied: 1
[1.178s][debug][gc,refine,stats   ] GC(104) Generate dirty cards rate: 0.01 cards/ms
[1.178s][debug][gc,alloc,region   ] GC(104) Mutator Allocation stats, regions: 1, wasted size: 0B ( 0.0%)
[1.178s][debug][gc,humongous      ] GC(104) Humongous region 0 (object size 1048592 @ 0x00000000f0000000) remset 0 code roots 0 marked 0 reclaim candidate 0 type array 1
[1.178s][debug][gc,humongous      ] GC(104) Humongous region 22 (object size 1048592 @ 0x00000000f1600000) remset 0 code roots 0 marked 0 reclaim candidate 0 type array 1
[1.178s][debug][gc,humongous      ] GC(104) Humongous region 24 (object size 1048592 @ 0x00000000f1800000) remset 0 code roots 0 marked 0 reclaim candidate 0 type array 1
[1.178s][debug][gc,humongous      ] GC(104) Humongous region 85 (object size 10485776 @ 0x00000000f5500000) remset 0 code roots 0 marked 0 reclaim candidate 0 type array 1
[1.178s][debug][gc,humongous      ] GC(104) Humongous region 26 (object size 1048592 @ 0x00000000f1a00000) remset 0 code roots 0 marked 0 reclaim candidate 0 type array 1
[1.178s][debug][gc,humongous      ] GC(104) Humongous region 64 (object size 1048592 @ 0x00000000f4000000) remset 0 code roots 0 marked 0 reclaim candidate 0 type array 1
[1.178s][debug][gc,humongous      ] GC(104) Humongous region 28 (object size 1048592 @ 0x00000000f1c00000) remset 0 code roots 0 marked 0 reclaim candidate 0 type array 1
[1.178s][debug][gc,humongous      ] GC(104) Humongous region 216 (object size 10485776 @ 0x00000000fd800000) remset 0 code roots 0 marked 0 reclaim candidate 0 type array 1
[1.178s][debug][gc,humongous      ] GC(104) Humongous region 238 (object size 1048592 @ 0x00000000fee00000) remset 0 code roots 0 marked 0 reclaim candidate 0 type array 1
[1.179s][debug][gc,humongous      ] GC(104) Humongous region 244 (object size 1048592 @ 0x00000000ff400000) remset 0 code roots 0 marked 0 reclaim candidate 0 type array 1
[1.179s][debug][gc,humongous      ] GC(104) Humongous region 249 (object size 1048592 @ 0x00000000ff900000) remset 0 code roots 0 marked 0 reclaim candidate 0 type array 1
[1.178s][debug][gc,humongous      ] GC(104) Humongous region 83 (object size 1048592 @ 0x00000000f5300000) remset 0 code roots 0 marked 0 reclaim candidate 0 type array 1
[1.178s][debug][gc,humongous      ] GC(104) Humongous region 126 (object size 1048592 @ 0x00000000f7e00000) remset 0 code roots 0 marked 0 reclaim candidate 0 type array 1
[1.178s][debug][gc,humongous      ] GC(104) Humongous region 30 (object size 1048592 @ 0x00000000f1e00000) remset 0 code roots 0 marked 0 reclaim candidate 0 type array 1
[1.179s][debug][gc,humongous      ] GC(104) Humongous region 16 (object size 1048592 @ 0x00000000f1000000) remset 0 code roots 0 marked 0 reclaim candidate 0 type array 1
[1.179s][debug][gc,humongous      ] GC(104) Humongous region 32 (object size 1048592 @ 0x00000000f2000000) remset 0 code roots 0 marked 0 reclaim candidate 0 type array 1
[1.179s][debug][gc,humongous      ] GC(104) Humongous region 4 (object size 1048592 @ 0x00000000f0400000) remset 0 code roots 0 marked 0 reclaim candidate 0 type array 1
[1.179s][debug][gc,humongous      ] GC(104) Humongous region 34 (object size 1048592 @ 0x00000000f2200000) remset 0 code roots 0 marked 0 reclaim candidate 0 type array 1
[1.179s][debug][gc,humongous      ] GC(104) Humongous region 8 (object size 1048592 @ 0x00000000f0800000) remset 0 code roots 0 marked 0 reclaim candidate 0 type array 1
[1.179s][debug][gc,humongous      ] GC(104) Humongous region 6 (object size 1048592 @ 0x00000000f0600000) remset 0 code roots 0 marked 0 reclaim candidate 0 type array 1
[1.179s][debug][gc,humongous      ] GC(104) Humongous region 10 (object size 1048592 @ 0x00000000f0a00000) remset 0 code roots 0 marked 0 reclaim candidate 0 type array 1
[1.179s][debug][gc,humongous      ] GC(104) Humongous region 60 (object size 1048592 @ 0x00000000f3c00000) remset 0 code roots 0 marked 0 reclaim candidate 0 type array 1
[1.179s][debug][gc,humongous      ] GC(104) Humongous region 12 (object size 1048592 @ 0x00000000f0c00000) remset 0 code roots 0 marked 0 reclaim candidate 0 type array 1
[1.178s][debug][gc,humongous      ] GC(104) Humongous region 42 (object size 1048592 @ 0x00000000f2a00000) remset 0 code roots 0 marked 0 reclaim candidate 0 type array 1
[1.178s][debug][gc,humongous      ] GC(104) Humongous region 159 (object size 10485776 @ 0x00000000f9f00000) remset 0 code roots 0 marked 0 reclaim candidate 0 type array 1
[1.179s][debug][gc,humongous      ] GC(104) Humongous region 18 (object size 1048592 @ 0x00000000f1200000) remset 0 code roots 0 marked 0 reclaim candidate 0 type array 1
[1.178s][debug][gc,humongous      ] GC(104) Humongous region 203 (object size 1048592 @ 0x00000000fcb00000) remset 0 code roots 0 marked 0 reclaim candidate 0 type array 1
[1.179s][debug][gc,humongous      ] GC(104) Humongous region 20 (object size 1048592 @ 0x00000000f1400000) remset 0 code roots 0 marked 0 reclaim candidate 0 type array 1
[1.179s][debug][gc,humongous      ] GC(104) Humongous region 36 (object size 1048592 @ 0x00000000f2400000) remset 0 code roots 0 marked 0 reclaim candidate 0 type array 1
[1.178s][debug][gc,humongous      ] GC(104) Humongous region 2 (object size 1048592 @ 0x00000000f0200000) remset 0 code roots 0 marked 0 reclaim candidate 0 type array 1
[1.179s][debug][gc,humongous      ] GC(104) Humongous region 38 (object size 1048592 @ 0x00000000f2600000) remset 0 code roots 0 marked 0 reclaim candidate 0 type array 1
[1.179s][debug][gc,humongous      ] GC(104) Humongous region 14 (object size 1048592 @ 0x00000000f0e00000) remset 0 code roots 0 marked 0 reclaim candidate 0 type array 1
[1.179s][debug][gc,ergo           ] GC(104) Running G1 Merge Heap Roots using 12 workers for 1 regions
[1.179s][debug][gc,remset         ] GC(104) Visited cards 32 Total dirty 2048 (1.56%) Total old 526336 (0.01%)
[1.179s][debug][gc,ergo,heap      ] GC(104) Attempt heap expansion (region allocation request failed). Allocation request: 65552B
[1.179s][debug][gc,ergo,heap      ] GC(104) Did not expand the heap (heap already fully expanded)
[1.179s][debug][gc,ref            ] GC(104) Skipped phase 1 of Reference Processing: no references
[1.179s][debug][gc,ref            ] GC(104) Skipped phase 2 of Reference Processing: no references
[1.179s][debug][gc,ref            ] GC(104) Skipped phase 3 of Reference Processing: no references
[1.179s][debug][gc,ref            ] GC(104) Skipped phase 4 of Reference Processing: no references
[1.180s][debug][gc,ergo           ] GC(104) Running G1 Rebuild Free List Task using 12 workers for rebuilding free list of regions
[1.180s][debug][gc,plab           ] GC(104) Young PLAB allocation: allocated: 0B, wasted: 0B, unused: 0B, used: 0B, undo waste: 0B, 
[1.180s][debug][gc,plab           ] GC(104) Young other allocation: region end waste: 0B, regions filled: 0, direct allocated: 0B, failure used: 0B, failure wasted: 0B
[1.180s][debug][gc,plab           ] GC(104) Young sizing: calculated: 0B, actual: 2064B
[1.180s][debug][gc,plab           ] GC(104) Old PLAB allocation: allocated: 0B, wasted: 0B, unused: 0B, used: 0B, undo waste: 0B, 
[1.180s][debug][gc,plab           ] GC(104) Old other allocation: region end waste: 0B, regions filled: 0, direct allocated: 0B, failure used: 327760B, failure wasted: 720816B
[1.180s][debug][gc,plab           ] GC(104) Old sizing: calculated: 0B, actual: 2064B
[1.180s][debug][gc,ergo,heap      ] GC(104) Heap expansion: short term pause time ratio 93.73% long term pause time ratio 9.68% threshold 7.69% pause time ratio 7.69% fully expanded true resize by 0B
[1.180s][debug][gc,mmu            ] GC(104) MMU: 7.1ms (50.0ms/51.0ms)
[1.180s][debug][gc,alloc,stats    ] Old generation allocation in the last mutator period, old gen allocated: 1048576B, humongous allocated: 0B,old gen growth: 1048576B.
[1.180s][debug][gc,ihop           ] GC(104) Basic information (value update), threshold: 203257210B (75.72), target occupancy: 268435456B, current occupancy: 256070456B, recent allocation size: 1048576B, recent allocation duration: 69.67ms, recent old gen allocation rate: 15050006.25B/s, recent marking phase length: 9.93ms
[1.180s][debug][gc,ihop           ] GC(104) Adaptive IHOP information (value update), threshold: 203257210B (89.08), internal target occupancy: 228170137B, occupancy: 256070456B, additional buffer size: 12582912B, predicted old gen allocation rate: 234872911.36B/s, predicted marking phase length: 52.50ms, prediction active: true
[1.180s][debug][gc,ergo,refine    ] GC(104) Concurrent refinement times: Logged Cards Scan time goal: 5.00ms Logged Cards Scan time: 0.00ms HCC time: 0.00ms
[1.180s][debug][gc,ergo,refine    ] GC(104) Updated Refinement Zones: green: 3328, yellow: 9984, red: 16640
[1.180s][info ][gc                ] GC(104) To-space exhausted
[1.180s][info ][gc,phases         ] GC(104)   Pre Evacuate Collection Set: 0.5ms
[1.180s][debug][gc,phases         ] GC(104)     Prepare TLABs: 0.0ms
[1.180s][debug][gc,phases         ] GC(104)     Concatenate Dirty Card Logs: 0.0ms
[1.180s][debug][gc,phases         ] GC(104)     Choose Collection Set: 0.0ms
[1.180s][debug][gc,phases         ] GC(104)     Region Register: 0.5ms
[1.180s][debug][gc,phases         ] GC(104)     Prepare Heap Roots: 0.0ms
[1.180s][info ][gc,phases         ] GC(104)   Merge Heap Roots: 0.2ms
[1.180s][debug][gc,phases         ] GC(104)     Prepare Merge Heap Roots: 0.0ms
[1.180s][debug][gc,phases         ] GC(104)     Eager Reclaim (ms):            skipped
[1.180s][debug][gc,phases         ] GC(104)     Remembered Sets (ms):          Min:  0.0, Avg:  0.0, Max:  0.0, Diff:  0.0, Sum:  0.0, Workers: 12
[1.180s][debug][gc,phases         ] GC(104)       Merged Sparse:                 Min: 0, Avg:  0.0, Max: 0, Diff: 0, Sum: 0, Workers: 12
[1.180s][debug][gc,phases         ] GC(104)       Merged Fine:                   Min: 0, Avg:  0.0, Max: 0, Diff: 0, Sum: 0, Workers: 12
[1.180s][debug][gc,phases         ] GC(104)       Merged Coarse:                 Min: 0, Avg:  0.0, Max: 0, Diff: 0, Sum: 0, Workers: 12
[1.180s][debug][gc,phases         ] GC(104)       Dirty Cards:                   Min: 0, Avg:  0.0, Max: 0, Diff: 0, Sum: 0, Workers: 12
[1.180s][debug][gc,phases         ] GC(104)     Hot Card Cache (ms):           Min:  0.0, Avg:  0.0, Max:  0.0, Diff:  0.0, Sum:  0.0, Workers: 12
[1.180s][debug][gc,phases         ] GC(104)       Dirty Cards:                   Min: 0, Avg:  0.0, Max: 0, Diff: 0, Sum: 0, Workers: 12
[1.180s][debug][gc,phases         ] GC(104)       Skipped Cards:                 Min: 0, Avg:  0.0, Max: 0, Diff: 0, Sum: 0, Workers: 12
[1.180s][debug][gc,phases         ] GC(104)     Log Buffers (ms):              Min:  0.0, Avg:  0.0, Max:  0.0, Diff:  0.0, Sum:  0.0, Workers: 12
[1.180s][debug][gc,phases         ] GC(104)       Dirty Cards:                   Min: 0, Avg:  0.0, Max: 0, Diff: 0, Sum: 0, Workers: 12
[1.180s][debug][gc,phases         ] GC(104)       Skipped Cards:                 Min: 0, Avg:  0.0, Max: 0, Diff: 0, Sum: 0, Workers: 12
[1.180s][info ][gc,phases         ] GC(104)   Evacuate Collection Set: 0.4ms
[1.180s][debug][gc,phases         ] GC(104)     Ext Root Scanning (ms):        Min:  0.0, Avg:  0.0, Max:  0.1, Diff:  0.1, Sum:  0.4, Workers: 12
[1.180s][debug][gc,phases         ] GC(104)     Scan Heap Roots (ms):          Min:  0.0, Avg:  0.0, Max:  0.0, Diff:  0.0, Sum:  0.0, Workers: 12
[1.180s][debug][gc,phases         ] GC(104)       Scanned Cards:                 Min: 0, Avg:  0.1, Max: 1, Diff: 1, Sum: 1, Workers: 12
[1.180s][debug][gc,phases         ] GC(104)       Scanned Blocks:                Min: 0, Avg:  0.1, Max: 1, Diff: 1, Sum: 1, Workers: 12
[1.180s][debug][gc,phases         ] GC(104)       Claimed Chunks:                Min: 0, Avg:  0.1, Max: 1, Diff: 1, Sum: 1, Workers: 12
[1.180s][debug][gc,phases         ] GC(104)     Code Root Scan (ms):           Min:  0.0, Avg:  0.0, Max:  0.0, Diff:  0.0, Sum:  0.0, Workers: 12
[1.180s][debug][gc,phases         ] GC(104)     Object Copy (ms):              Min:  0.0, Avg:  0.0, Max:  0.0, Diff:  0.0, Sum:  0.0, Workers: 12
[1.180s][debug][gc,phases         ] GC(104)     Termination (ms):              Min:  0.1, Avg:  0.2, Max:  0.2, Diff:  0.1, Sum:  2.5, Workers: 12
[1.180s][debug][gc,phases         ] GC(104)       Termination Attempts:          Min: 1, Avg:  1.0, Max: 1, Diff: 0, Sum: 12, Workers: 12
[1.180s][debug][gc,phases         ] GC(104)     GC Worker Other (ms):          Min:  0.0, Avg:  0.0, Max:  0.0, Diff:  0.0, Sum:  0.1, Workers: 12
[1.180s][debug][gc,phases         ] GC(104)     GC Worker Total (ms):          Min:  0.1, Avg:  0.2, Max:  0.3, Diff:  0.2, Sum:  2.9, Workers: 12
[1.180s][info ][gc,phases         ] GC(104)   Post Evacuate Collection Set: 0.5ms
[1.180s][debug][gc,phases         ] GC(104)     Code Roots Fixup: 0.0ms
[1.180s][debug][gc,phases         ] GC(104)     Reference Processing: 0.0ms
[1.180s][debug][gc,phases,ref     ] GC(104)       Reconsider SoftReferences: 0.0ms
[1.180s][debug][gc,phases,ref     ] GC(104)         SoftRef (ms):                  skipped
[1.180s][debug][gc,phases,ref     ] GC(104)       Notify Soft/WeakReferences: 0.0ms
[1.180s][debug][gc,phases,ref     ] GC(104)         SoftRef (ms):                  skipped
[1.180s][debug][gc,phases,ref     ] GC(104)         WeakRef (ms):                  skipped
[1.180s][debug][gc,phases,ref     ] GC(104)         FinalRef (ms):                 skipped
[1.180s][debug][gc,phases,ref     ] GC(104)         Total (ms):                    skipped
[1.180s][debug][gc,phases,ref     ] GC(104)       Notify and keep alive finalizable: 0.0ms
[1.180s][debug][gc,phases,ref     ] GC(104)         FinalRef (ms):                 skipped
[1.180s][debug][gc,phases,ref     ] GC(104)       Notify PhantomReferences: 0.0ms
[1.180s][debug][gc,phases,ref     ] GC(104)         PhantomRef (ms):               skipped
[1.180s][debug][gc,phases,ref     ] GC(104)       SoftReference:
[1.180s][debug][gc,phases,ref     ] GC(104)         Discovered: 0
[1.180s][debug][gc,phases,ref     ] GC(104)         Cleared: 0
[1.180s][debug][gc,phases,ref     ] GC(104)       WeakReference:
[1.180s][debug][gc,phases,ref     ] GC(104)         Discovered: 0
[1.180s][debug][gc,phases,ref     ] GC(104)         Cleared: 0
[1.180s][debug][gc,phases,ref     ] GC(104)       FinalReference:
[1.180s][debug][gc,phases,ref     ] GC(104)         Discovered: 0
[1.180s][debug][gc,phases,ref     ] GC(104)         Cleared: 0
[1.180s][debug][gc,phases,ref     ] GC(104)       PhantomReference:
[1.180s][debug][gc,phases,ref     ] GC(104)         Discovered: 0
[1.180s][debug][gc,phases,ref     ] GC(104)         Cleared: 0
[1.180s][debug][gc,phases         ] GC(104)     Weak Processing: 0.1ms
[1.180s][debug][gc,phases         ] GC(104)       VM Weak                        Min:  0.0, Avg:  0.0, Max:  0.0, Diff:  0.0, Sum:  0.0, Workers: 1
[1.180s][debug][gc,phases         ] GC(104)         Dead                           Min: 0, Avg:  0.0, Max: 0, Diff: 0, Sum: 0, Workers: 1
[1.180s][debug][gc,phases         ] GC(104)         Total                          Min: 4, Avg:  4.0, Max: 4, Diff: 0, Sum: 4, Workers: 1
[1.180s][debug][gc,phases         ] GC(104)       ObjectSynchronizer Weak        Min:  0.0, Avg:  0.0, Max:  0.0, Diff:  0.0, Sum:  0.0, Workers: 1
[1.180s][debug][gc,phases         ] GC(104)         Dead                           Min: 0, Avg:  0.0, Max: 0, Diff: 0, Sum: 0, Workers: 1
[1.180s][debug][gc,phases         ] GC(104)         Total                          Min: 4, Avg:  4.0, Max: 4, Diff: 0, Sum: 4, Workers: 1
[1.180s][debug][gc,phases         ] GC(104)       JVMTI Tag Weak OopStorage      Min:  0.0, Avg:  0.0, Max:  0.0, Diff:  0.0, Sum:  0.0, Workers: 1
[1.180s][debug][gc,phases         ] GC(104)         Dead                           Min: 0, Avg:  0.0, Max: 0, Diff: 0, Sum: 0, Workers: 1
[1.180s][debug][gc,phases         ] GC(104)         Total                          Min: 0, Avg:  0.0, Max: 0, Diff: 0, Sum: 0, Workers: 1
[1.180s][debug][gc,phases         ] GC(104)       StringTable Weak               Min:  0.0, Avg:  0.0, Max:  0.0, Diff:  0.0, Sum:  0.0, Workers: 1
[1.180s][debug][gc,phases         ] GC(104)         Dead                           Min: 0, Avg:  0.0, Max: 0, Diff: 0, Sum: 0, Workers: 1
[1.180s][debug][gc,phases         ] GC(104)         Total                          Min: 41, Avg: 41.0, Max: 41, Diff: 0, Sum: 41, Workers: 1
[1.180s][debug][gc,phases         ] GC(104)       ResolvedMethodTable Weak       Min:  0.0, Avg:  0.0, Max:  0.0, Diff:  0.0, Sum:  0.0, Workers: 1
[1.180s][debug][gc,phases         ] GC(104)         Dead                           Min: 0, Avg:  0.0, Max: 0, Diff: 0, Sum: 0, Workers: 1
[1.180s][debug][gc,phases         ] GC(104)         Total                          Min: 22, Avg: 22.0, Max: 22, Diff: 0, Sum: 22, Workers: 1
[1.180s][debug][gc,phases         ] GC(104)       JNI Weak                       Min:  0.0, Avg:  0.0, Max:  0.0, Diff:  0.0, Sum:  0.0, Workers: 1
[1.180s][debug][gc,phases         ] GC(104)         Dead                           Min: 0, Avg:  0.0, Max: 0, Diff: 0, Sum: 0, Workers: 1
[1.180s][debug][gc,phases         ] GC(104)         Total                          Min: 0, Avg:  0.0, Max: 0, Diff: 0, Sum: 0, Workers: 1
[1.180s][debug][gc,phases         ] GC(104)       StringDedup Table Weak         Min:  0.0, Avg:  0.0, Max:  0.0, Diff:  0.0, Sum:  0.0, Workers: 1
[1.180s][debug][gc,phases         ] GC(104)         Dead                           Min: 0, Avg:  0.0, Max: 0, Diff: 0, Sum: 0, Workers: 1
[1.180s][debug][gc,phases         ] GC(104)         Total                          Min: 0, Avg:  0.0, Max: 0, Diff: 0, Sum: 0, Workers: 1
[1.180s][debug][gc,phases         ] GC(104)       StringDedup Requests0 Weak     Min:  0.0, Avg:  0.0, Max:  0.0, Diff:  0.0, Sum:  0.0, Workers: 1
[1.180s][debug][gc,phases         ] GC(104)         Dead                           Min: 0, Avg:  0.0, Max: 0, Diff: 0, Sum: 0, Workers: 1
[1.180s][debug][gc,phases         ] GC(104)         Total                          Min: 0, Avg:  0.0, Max: 0, Diff: 0, Sum: 0, Workers: 1
[1.180s][debug][gc,phases         ] GC(104)       StringDedup Requests1 Weak     Min:  0.0, Avg:  0.0, Max:  0.0, Diff:  0.0, Sum:  0.0, Workers: 1
[1.180s][debug][gc,phases         ] GC(104)         Dead                           Min: 0, Avg:  0.0, Max: 0, Diff: 0, Sum: 0, Workers: 1
[1.180s][debug][gc,phases         ] GC(104)         Total                          Min: 0, Avg:  0.0, Max: 0, Diff: 0, Sum: 0, Workers: 1
[1.180s][debug][gc,phases         ] GC(104)       Weak JFR Old Object Samples    Min:  0.0, Avg:  0.0, Max:  0.0, Diff:  0.0, Sum:  0.0, Workers: 1
[1.180s][debug][gc,phases         ] GC(104)         Dead                           Min: 0, Avg:  0.0, Max: 0, Diff: 0, Sum: 0, Workers: 1
[1.180s][debug][gc,phases         ] GC(104)         Total                          Min: 0, Avg:  0.0, Max: 0, Diff: 0, Sum: 0, Workers: 1
[1.180s][debug][gc,phases         ] GC(104)     Post Evacuate Cleanup 1: 0.1ms
[1.180s][debug][gc,phases         ] GC(104)       Merge Per-Thread State (ms):   Min:  0.0, Avg:  0.0, Max:  0.0, Diff:  0.0, Sum:  0.0, Workers: 1
[1.180s][debug][gc,phases         ] GC(104)         Copied Bytes                   Min: 0, Avg:  0.0, Max: 0, Diff: 0, Sum: 0, Workers: 12
[1.180s][debug][gc,phases         ] GC(104)         LAB Waste                      Min: 0, Avg:  0.0, Max: 0, Diff: 0, Sum: 0, Workers: 12
[1.180s][debug][gc,phases         ] GC(104)         LAB Undo Waste                 Min: 0, Avg:  0.0, Max: 0, Diff: 0, Sum: 0, Workers: 12
[1.180s][debug][gc,phases         ] GC(104)       Clear Logged Cards (ms):       Min:  0.0, Avg:  0.0, Max:  0.0, Diff:  0.0, Sum:  0.0, Workers: 4
[1.180s][debug][gc,phases         ] GC(104)       Recalculate Used Memory (ms):  Min:  0.0, Avg:  0.0, Max:  0.0, Diff:  0.0, Sum:  0.0, Workers: 1
[1.180s][debug][gc,phases         ] GC(104)       Remove Self Forwards (ms):     Min:  0.0, Avg:  0.0, Max:  0.0, Diff:  0.0, Sum:  0.0, Workers: 4
[1.180s][debug][gc,phases         ] GC(104)     Post Evacuate Cleanup 2: 0.2ms
[1.180s][debug][gc,phases         ] GC(104)       Recalculate Used Memory (ms):  Min:  0.0, Avg:  0.0, Max:  0.0, Diff:  0.0, Sum:  0.0, Workers: 1
[1.180s][debug][gc,phases         ] GC(104)       Restore Preserved Marks (ms):  Min:  0.0, Avg:  0.0, Max:  0.0, Diff:  0.0, Sum:  0.0, Workers: 12
[1.180s][debug][gc,phases         ] GC(104)       Reset Hot Card Cache (ms):     Min:  0.0, Avg:  0.0, Max:  0.0, Diff:  0.0, Sum:  0.0, Workers: 1
[1.180s][debug][gc,phases         ] GC(104)       Purge Code Roots (ms):         Min:  0.0, Avg:  0.0, Max:  0.0, Diff:  0.0, Sum:  0.0, Workers: 1
[1.180s][debug][gc,phases         ] GC(104)       Update Derived Pointers (ms):  Min:  0.0, Avg:  0.0, Max:  0.0, Diff:  0.0, Sum:  0.0, Workers: 1
[1.180s][debug][gc,phases         ] GC(104)       Eagerly Reclaim Humongous Objects (ms): Min:  0.0, Avg:  0.0, Max:  0.0, Diff:  0.0, Sum:  0.0, Workers: 1
[1.180s][debug][gc,phases         ] GC(104)         Humongous Total                Min: 32, Avg: 32.0, Max: 32, Diff: 0, Sum: 32, Workers: 1
[1.180s][debug][gc,phases         ] GC(104)         Humongous Candidates           Min: 0, Avg:  0.0, Max: 0, Diff: 0, Sum: 0, Workers: 1
[1.180s][debug][gc,phases         ] GC(104)         Humongous Reclaimed            Min: 0, Avg:  0.0, Max: 0, Diff: 0, Sum: 0, Workers: 1
[1.180s][debug][gc,phases         ] GC(104)       Redirty Logged Cards (ms):     Min:  0.0, Avg:  0.0, Max:  0.0, Diff:  0.0, Sum:  0.0, Workers: 12
[1.180s][debug][gc,phases         ] GC(104)         Redirtied Cards:               Min: 0, Avg:  0.2, Max: 2, Diff: 2, Sum: 2, Workers: 12
[1.180s][debug][gc,phases         ] GC(104)       Free Collection Set (ms):      Min:  0.0, Avg:  0.0, Max:  0.0, Diff:  0.0, Sum:  0.0, Workers: 12
[1.180s][debug][gc,phases         ] GC(104)     Rebuild Free List: 0.2ms
[1.180s][debug][gc,phases         ] GC(104)     Start New Collection Set: 0.0ms
[1.180s][debug][gc,phases         ] GC(104)     Resize TLABs: 0.0ms
[1.180s][debug][gc,phases         ] GC(104)     Expand Heap After Collection: 0.0ms
[1.180s][info ][gc,phases         ] GC(104)   Other: 0.2ms
[1.180s][info ][gc,heap           ] GC(104) Eden regions: 1->0(12)
[1.180s][info ][gc,heap           ] GC(104) Survivor regions: 0->0(0)
[1.180s][info ][gc,heap           ] GC(104) Old regions: 162->163
[1.180s][info ][gc,heap           ] GC(104) Archive regions: 2->2
[1.180s][info ][gc,heap           ] GC(104) Humongous regions: 91->91
[1.180s][info ][gc,metaspace      ] GC(104) Metaspace: 136K(320K)->136K(320K) NonClass: 131K(192K)->131K(192K) Class: 5K(128K)->5K(128K)
[1.180s][debug][gc,heap           ] GC(104) Heap after GC invocations=93 (full 25):
[1.180s][debug][gc,heap           ] GC(104)  garbage-first heap   total 262144K, used 250068K [0x00000000f0000000, 0x0000000100000000)
[1.180s][debug][gc,heap           ] GC(104)   region size 1024K, 0 young (0K), 0 survivors (0K)
[1.180s][debug][gc,heap           ] GC(104)  Metaspace       used 136K, committed 320K, reserved 1114112K
[1.180s][debug][gc,heap           ] GC(104)   class space    used 5K, committed 128K, reserved 1048576K
[1.180s][info ][gc                ] GC(104) Pause Young (Normal) (G1 Humongous Allocation) 244M->244M(256M) 2.078ms
[1.180s][info ][gc,cpu            ] GC(104) User=0.00s Sys=0.01s Real=0.00s
[1.180s][debug][gc,ergo,heap      ] Attempt heap expansion (allocation request failed). Allocation request: 1048592B
[1.180s][debug][gc,ergo,heap      ] Expand the heap. requested expansion amount: 1048592B expansion amount: 2097152B
[1.180s][debug][gc,ergo,heap      ] Did not expand the heap (heap already fully expanded)
[1.180s][info ][gc,ergo           ] Attempting full compaction
[1.180s][debug][gc,task           ] GC(105) Requesting 9 active workers for full compaction (waste limited workers: 13, adaptive workers: 9, used limited workers: 256)
[1.180s][info ][gc,task           ] GC(105) Using 9 workers of 13 for full compaction
[1.180s][info ][gc,start          ] GC(105) Pause Full (G1 Compaction Pause)
[1.180s][debug][gc,heap           ] GC(105) Heap before GC invocations=93 (full 25):
[1.180s][debug][gc,heap           ] GC(105)  garbage-first heap   total 262144K, used 250068K [0x00000000f0000000, 0x0000000100000000)
[1.180s][debug][gc,heap           ] GC(105)   region size 1024K, 0 young (0K), 0 survivors (0K)
[1.180s][debug][gc,heap           ] GC(105)  Metaspace       used 136K, committed 320K, reserved 1114112K
[1.180s][debug][gc,heap           ] GC(105)   class space    used 5K, committed 128K, reserved 1048576K
[1.180s][debug][gc,alloc,region   ] GC(105) Mutator Allocation stats, regions: 0, wasted size: 0B ( 0.0%)
[1.180s][info ][gc,phases,start   ] GC(105) Phase 1: Mark live objects
[1.181s][debug][gc,phases,start   ] GC(105) Phase 1: Reference Processing
[1.181s][debug][gc,ref            ] GC(105) Skipped phase 1 of Reference Processing: no references
[1.182s][debug][gc,ref            ] GC(105) ReferenceProcessor::execute queues: 1, RefProcThreadModel::Single, marks_oops_alive: false
[1.182s][debug][gc,ref            ] GC(105) Skipped phase 3 of Reference Processing: no references
[1.182s][debug][gc,ref            ] GC(105) ReferenceProcessor::execute queues: 1, RefProcThreadModel::Single, marks_oops_alive: false
[1.182s][debug][gc,phases,ref     ] GC(105) Reference Processing: 0.1ms
[1.182s][debug][gc,phases,ref     ] GC(105)   Reconsider SoftReferences: 0.0ms
[1.182s][debug][gc,phases,ref     ] GC(105)     SoftRef (ms):                  skipped
[1.182s][debug][gc,phases,ref     ] GC(105)   Notify Soft/WeakReferences: 0.1ms
[1.182s][debug][gc,phases,ref     ] GC(105)     SoftRef (ms):                  Min:  0.0, Avg:  0.0, Max:  0.0, Diff:  0.0, Sum:  0.0, Workers: 13
[1.182s][debug][gc,phases,ref     ] GC(105)     WeakRef (ms):                  Min:  0.0, Avg:  0.0, Max:  0.0, Diff:  0.0, Sum:  0.0, Workers: 13
[1.182s][debug][gc,phases,ref     ] GC(105)     FinalRef (ms):                 Min:  0.0, Avg:  0.0, Max:  0.0, Diff:  0.0, Sum:  0.0, Workers: 13
[1.182s][debug][gc,phases,ref     ] GC(105)     Total (ms):                    Min:  0.0, Avg:  0.0, Max:  0.0, Diff:  0.0, Sum:  0.0, Workers: 13
[1.182s][debug][gc,phases,ref     ] GC(105)   Notify and keep alive finalizable: 0.0ms
[1.182s][debug][gc,phases,ref     ] GC(105)     FinalRef (ms):                 skipped
[1.182s][debug][gc,phases,ref     ] GC(105)   Notify PhantomReferences: 0.0ms
[1.182s][debug][gc,phases,ref     ] GC(105)     PhantomRef (ms):               Min:  0.0, Avg:  0.0, Max:  0.0, Diff:  0.0, Sum:  0.0, Workers: 13
[1.182s][debug][gc,phases,ref     ] GC(105)   SoftReference:
[1.182s][debug][gc,phases,ref     ] GC(105)     Discovered: 0
[1.182s][debug][gc,phases,ref     ] GC(105)     Cleared: 0
[1.182s][debug][gc,phases,ref     ] GC(105)   WeakReference:
[1.182s][debug][gc,phases,ref     ] GC(105)     Discovered: 15
[1.182s][debug][gc,phases,ref     ] GC(105)     Cleared: 15
[1.182s][debug][gc,phases,ref     ] GC(105)   FinalReference:
[1.182s][debug][gc,phases,ref     ] GC(105)     Discovered: 0
[1.182s][debug][gc,phases,ref     ] GC(105)     Cleared: 0
[1.182s][debug][gc,phases,ref     ] GC(105)   PhantomReference:
[1.182s][debug][gc,phases,ref     ] GC(105)     Discovered: 1
[1.182s][debug][gc,phases,ref     ] GC(105)     Cleared: 1
[1.182s][debug][gc,phases         ] GC(105) Phase 1: Reference Processing 0.177ms
[1.182s][debug][gc,phases,start   ] GC(105) Phase 1: Weak Processing
[1.182s][debug][gc,phases         ] GC(105)   VM Weak                        Min:  0.0, Avg:  0.0, Max:  0.0, Diff:  0.0, Sum:  0.0, Workers: 1
[1.182s][debug][gc,phases         ] GC(105)     Dead                           Min: 0, Avg:  0.0, Max: 0, Diff: 0, Sum: 0, Workers: 1
[1.182s][debug][gc,phases         ] GC(105)     Total                          Min: 4, Avg:  4.0, Max: 4, Diff: 0, Sum: 4, Workers: 1
[1.182s][debug][gc,phases         ] GC(105)   ObjectSynchronizer Weak        Min:  0.0, Avg:  0.0, Max:  0.0, Diff:  0.0, Sum:  0.0, Workers: 1
[1.182s][debug][gc,phases         ] GC(105)     Dead                           Min: 0, Avg:  0.0, Max: 0, Diff: 0, Sum: 0, Workers: 1
[1.182s][debug][gc,phases         ] GC(105)     Total                          Min: 4, Avg:  4.0, Max: 4, Diff: 0, Sum: 4, Workers: 1
[1.182s][debug][gc,phases         ] GC(105)   JVMTI Tag Weak OopStorage      Min:  0.0, Avg:  0.0, Max:  0.0, Diff:  0.0, Sum:  0.0, Workers: 1
[1.182s][debug][gc,phases         ] GC(105)     Dead                           Min: 0, Avg:  0.0, Max: 0, Diff: 0, Sum: 0, Workers: 1
[1.182s][debug][gc,phases         ] GC(105)     Total                          Min: 0, Avg:  0.0, Max: 0, Diff: 0, Sum: 0, Workers: 1
[1.182s][debug][gc,phases         ] GC(105)   StringTable Weak               Min:  0.0, Avg:  0.0, Max:  0.0, Diff:  0.0, Sum:  0.0, Workers: 1
[1.182s][debug][gc,phases         ] GC(105)     Dead                           Min: 0, Avg:  0.0, Max: 0, Diff: 0, Sum: 0, Workers: 1
[1.182s][debug][gc,phases         ] GC(105)     Total                          Min: 41, Avg: 41.0, Max: 41, Diff: 0, Sum: 41, Workers: 1
[1.182s][debug][gc,phases         ] GC(105)   ResolvedMethodTable Weak       Min:  0.0, Avg:  0.0, Max:  0.0, Diff:  0.0, Sum:  0.0, Workers: 1
[1.182s][debug][gc,phases         ] GC(105)     Dead                           Min: 0, Avg:  0.0, Max: 0, Diff: 0, Sum: 0, Workers: 1
[1.182s][debug][gc,phases         ] GC(105)     Total                          Min: 22, Avg: 22.0, Max: 22, Diff: 0, Sum: 22, Workers: 1
[1.182s][debug][gc,phases         ] GC(105)   JNI Weak                       Min:  0.0, Avg:  0.0, Max:  0.0, Diff:  0.0, Sum:  0.0, Workers: 1
[1.182s][debug][gc,phases         ] GC(105)     Dead                           Min: 0, Avg:  0.0, Max: 0, Diff: 0, Sum: 0, Workers: 1
[1.182s][debug][gc,phases         ] GC(105)     Total                          Min: 0, Avg:  0.0, Max: 0, Diff: 0, Sum: 0, Workers: 1
[1.182s][debug][gc,phases         ] GC(105)   StringDedup Table Weak         Min:  0.0, Avg:  0.0, Max:  0.0, Diff:  0.0, Sum:  0.0, Workers: 1
[1.182s][debug][gc,phases         ] GC(105)     Dead                           Min: 0, Avg:  0.0, Max: 0, Diff: 0, Sum: 0, Workers: 1
[1.182s][debug][gc,phases         ] GC(105)     Total                          Min: 0, Avg:  0.0, Max: 0, Diff: 0, Sum: 0, Workers: 1
[1.182s][debug][gc,phases         ] GC(105)   StringDedup Requests0 Weak     Min:  0.0, Avg:  0.0, Max:  0.0, Diff:  0.0, Sum:  0.0, Workers: 1
[1.182s][debug][gc,phases         ] GC(105)     Dead                           Min: 0, Avg:  0.0, Max: 0, Diff: 0, Sum: 0, Workers: 1
[1.182s][debug][gc,phases         ] GC(105)     Total                          Min: 0, Avg:  0.0, Max: 0, Diff: 0, Sum: 0, Workers: 1
[1.182s][debug][gc,phases         ] GC(105)   StringDedup Requests1 Weak     Min:  0.0, Avg:  0.0, Max:  0.0, Diff:  0.0, Sum:  0.0, Workers: 1
[1.182s][debug][gc,phases         ] GC(105)     Dead                           Min: 0, Avg:  0.0, Max: 0, Diff: 0, Sum: 0, Workers: 1
[1.182s][debug][gc,phases         ] GC(105)     Total                          Min: 0, Avg:  0.0, Max: 0, Diff: 0, Sum: 0, Workers: 1
[1.182s][debug][gc,phases         ] GC(105)   Weak JFR Old Object Samples    Min:  0.0, Avg:  0.0, Max:  0.0, Diff:  0.0, Sum:  0.0, Workers: 1
[1.182s][debug][gc,phases         ] GC(105)     Dead                           Min: 0, Avg:  0.0, Max: 0, Diff: 0, Sum: 0, Workers: 1
[1.182s][debug][gc,phases         ] GC(105)     Total                          Min: 0, Avg:  0.0, Max: 0, Diff: 0, Sum: 0, Workers: 1
[1.182s][debug][gc,phases         ] GC(105) Phase 1: Weak Processing 0.262ms
[1.182s][debug][gc,phases,start   ] GC(105) Phase 1: Class Unloading and Cleanup
[1.182s][debug][gc,phases,start   ] GC(105) ClassLoaderData
[1.182s][debug][gc,phases         ] GC(105) ClassLoaderData 0.004ms
[1.182s][debug][gc,phases,start   ] GC(105) Trigger cleanups
[1.182s][debug][gc,phases         ] GC(105) Trigger cleanups 0.003ms
[1.182s][debug][gc,phases         ] GC(105) Phase 1: Class Unloading and Cleanup 0.125ms
[1.182s][debug][gc,phases,start   ] GC(105) Report Object Count
[1.182s][debug][gc,phases         ] GC(105) Report Object Count 0.004ms
[1.182s][info ][gc,phases         ] GC(105) Phase 1: Mark live objects 1.551ms
[1.182s][info ][gc,phases,start   ] GC(105) Phase 2: Prepare for compaction
[1.182s][debug][gc,phases,start   ] GC(105) Phase 2: Prepare Serial Compaction
[1.182s][debug][gc,phases         ] GC(105) Phase 2: Prepare Serial Compaction 0.023ms
[1.182s][info ][gc,phases         ] GC(105) Phase 2: Prepare for compaction 0.201ms
[1.182s][info ][gc,phases,start   ] GC(105) Phase 3: Adjust pointers
[1.183s][info ][gc,phases         ] GC(105) Phase 3: Adjust pointers 0.293ms
[1.183s][info ][gc,phases,start   ] GC(105) Phase 4: Compact heap
[1.183s][debug][gc,phases,start   ] GC(105) Phase 4: Serial Compaction
[1.183s][debug][gc,phases         ] GC(105) Phase 4: Serial Compaction 0.366ms
[1.183s][info ][gc,phases         ] GC(105) Phase 4: Compact heap 0.495ms
[1.183s][debug][gc,ergo           ] GC(105) Running G1 Clear Bitmap with 4 workers for 4 work units.
[1.183s][debug][gc,alloc,stats    ] Old generation allocation in the last mutator period, old gen allocated: 0B, humongous allocated: 0B,old gen growth: 0B.
[1.183s][info ][gc,heap           ] GC(105) Eden regions: 0->0(12)
[1.183s][info ][gc,heap           ] GC(105) Survivor regions: 0->0(0)
[1.183s][info ][gc,heap           ] GC(105) Old regions: 163->163
[1.183s][info ][gc,heap           ] GC(105) Archive regions: 2->2
[1.183s][info ][gc,heap           ] GC(105) Humongous regions: 91->91
[1.183s][info ][gc,metaspace      ] GC(105) Metaspace: 136K(320K)->136K(320K) NonClass: 131K(192K)->131K(192K) Class: 5K(128K)->5K(128K)
[1.183s][debug][gc,heap           ] GC(105) Heap after GC invocations=94 (full 26):
[1.183s][debug][gc,heap           ] GC(105)  garbage-first heap   total 262144K, used 249887K [0x00000000f0000000, 0x0000000100000000)
[1.183s][debug][gc,heap           ] GC(105)   region size 1024K, 0 young (0K), 0 survivors (0K)
[1.183s][debug][gc,heap           ] GC(105)  Metaspace       used 136K, committed 320K, reserved 1114112K
[1.183s][debug][gc,heap           ] GC(105)   class space    used 5K, committed 128K, reserved 1048576K
[1.183s][info ][gc                ] GC(105) Pause Full (G1 Compaction Pause) 244M->244M(256M) 2.989ms
[1.183s][info ][gc,cpu            ] GC(105) User=0.01s Sys=0.00s Real=0.00s
[1.183s][debug][gc,ergo,heap      ] Attempt heap expansion (allocation request failed). Allocation request: 1048592B
[1.183s][debug][gc,ergo,heap      ] Expand the heap. requested expansion amount: 1048592B expansion amount: 2097152B
[1.183s][debug][gc,ergo,heap      ] Did not expand the heap (heap already fully expanded)
[1.183s][info ][gc,ergo           ] Attempting maximum full compaction clearing soft references
[1.183s][debug][gc,task           ] GC(106) Requesting 7 active workers for full compaction (waste limited workers: 13, adaptive workers: 7, used limited workers: 256)
[1.183s][info ][gc,task           ] GC(106) Using 7 workers of 13 for full compaction
[1.183s][info ][gc,start          ] GC(106) Pause Full (G1 Compaction Pause)
[1.184s][debug][gc,heap           ] GC(106) Heap before GC invocations=94 (full 26):
[1.184s][debug][gc,heap           ] GC(106)  garbage-first heap   total 262144K, used 249887K [0x00000000f0000000, 0x0000000100000000)
[1.184s][debug][gc,heap           ] GC(106)   region size 1024K, 0 young (0K), 0 survivors (0K)
[1.184s][debug][gc,heap           ] GC(106)  Metaspace       used 136K, committed 320K, reserved 1114112K
[1.184s][debug][gc,heap           ] GC(106)   class space    used 5K, committed 128K, reserved 1048576K
[1.184s][debug][gc,alloc,region   ] GC(106) Mutator Allocation stats, regions: 0, wasted size: 0B ( 0.0%)
[1.184s][info ][gc,phases,start   ] GC(106) Phase 1: Mark live objects
[1.184s][debug][gc,phases,start   ] GC(106) Phase 1: Reference Processing
[1.184s][debug][gc,ref            ] GC(106) ReferenceProcessor::execute queues: 7, RefProcThreadModel::Multi, marks_oops_alive: true
[1.184s][debug][gc,ref            ] GC(106) ReferenceProcessor::execute queues: 1, RefProcThreadModel::Single, marks_oops_alive: false
[1.184s][debug][gc,ref            ] GC(106) Skipped phase 3 of Reference Processing: no references
[1.184s][debug][gc,ref            ] GC(106) ReferenceProcessor::execute queues: 1, RefProcThreadModel::Single, marks_oops_alive: false
[1.184s][debug][gc,phases,ref     ] GC(106) Reference Processing: 0.1ms
[1.184s][debug][gc,phases,ref     ] GC(106)   Reconsider SoftReferences: 0.1ms
[1.184s][debug][gc,phases,ref     ] GC(106)     Balance queues: 0.0ms
[1.184s][debug][gc,phases,ref     ] GC(106)     SoftRef (ms):                  Min:  0.0, Avg:  0.0, Max:  0.0, Diff:  0.0, Sum:  0.0, Workers: 7
[1.184s][debug][gc,phases,ref     ] GC(106)   Notify Soft/WeakReferences: 0.0ms
[1.184s][debug][gc,phases,ref     ] GC(106)     SoftRef (ms):                  Min:  0.0, Avg:  0.0, Max:  0.0, Diff:  0.0, Sum:  0.0, Workers: 13
[1.184s][debug][gc,phases,ref     ] GC(106)     WeakRef (ms):                  Min:  0.0, Avg:  0.0, Max:  0.0, Diff:  0.0, Sum:  0.0, Workers: 13
[1.184s][debug][gc,phases,ref     ] GC(106)     FinalRef (ms):                 Min:  0.0, Avg:  0.0, Max:  0.0, Diff:  0.0, Sum:  0.0, Workers: 13
[1.184s][debug][gc,phases,ref     ] GC(106)     Total (ms):                    Min:  0.0, Avg:  0.0, Max:  0.0, Diff:  0.0, Sum:  0.0, Workers: 13
[1.184s][debug][gc,phases,ref     ] GC(106)   Notify and keep alive finalizable: 0.0ms
[1.184s][debug][gc,phases,ref     ] GC(106)     FinalRef (ms):                 skipped
[1.184s][debug][gc,phases,ref     ] GC(106)   Notify PhantomReferences: 0.0ms
[1.184s][debug][gc,phases,ref     ] GC(106)     PhantomRef (ms):               Min:  0.0, Avg:  0.0, Max:  0.0, Diff:  0.0, Sum:  0.0, Workers: 13
[1.184s][debug][gc,phases,ref     ] GC(106)   SoftReference:
[1.184s][debug][gc,phases,ref     ] GC(106)     Discovered: 5
[1.184s][debug][gc,phases,ref     ] GC(106)     Cleared: 5
[1.184s][debug][gc,phases,ref     ] GC(106)   WeakReference:
[1.184s][debug][gc,phases,ref     ] GC(106)     Discovered: 16
[1.184s][debug][gc,phases,ref     ] GC(106)     Cleared: 16
[1.184s][debug][gc,phases,ref     ] GC(106)   FinalReference:
[1.184s][debug][gc,phases,ref     ] GC(106)     Discovered: 0
[1.184s][debug][gc,phases,ref     ] GC(106)     Cleared: 0
[1.184s][debug][gc,phases,ref     ] GC(106)   PhantomReference:
[1.184s][debug][gc,phases,ref     ] GC(106)     Discovered: 1
[1.184s][debug][gc,phases,ref     ] GC(106)     Cleared: 1
[1.184s][debug][gc,phases         ] GC(106) Phase 1: Reference Processing 0.206ms
[1.184s][debug][gc,phases,start   ] GC(106) Phase 1: Weak Processing
[1.184s][debug][gc,phases         ] GC(106)   VM Weak                        Min:  0.0, Avg:  0.0, Max:  0.0, Diff:  0.0, Sum:  0.0, Workers: 1
[1.184s][debug][gc,phases         ] GC(106)     Dead                           Min: 0, Avg:  0.0, Max: 0, Diff: 0, Sum: 0, Workers: 1
[1.184s][debug][gc,phases         ] GC(106)     Total                          Min: 4, Avg:  4.0, Max: 4, Diff: 0, Sum: 4, Workers: 1
[1.184s][debug][gc,phases         ] GC(106)   ObjectSynchronizer Weak        Min:  0.0, Avg:  0.0, Max:  0.0, Diff:  0.0, Sum:  0.0, Workers: 1
[1.184s][debug][gc,phases         ] GC(106)     Dead                           Min: 0, Avg:  0.0, Max: 0, Diff: 0, Sum: 0, Workers: 1
[1.184s][debug][gc,phases         ] GC(106)     Total                          Min: 4, Avg:  4.0, Max: 4, Diff: 0, Sum: 4, Workers: 1
[1.184s][debug][gc,phases         ] GC(106)   JVMTI Tag Weak OopStorage      Min:  0.0, Avg:  0.0, Max:  0.0, Diff:  0.0, Sum:  0.0, Workers: 1
[1.184s][debug][gc,phases         ] GC(106)     Dead                           Min: 0, Avg:  0.0, Max: 0, Diff: 0, Sum: 0, Workers: 1
[1.184s][debug][gc,phases         ] GC(106)     Total                          Min: 0, Avg:  0.0, Max: 0, Diff: 0, Sum: 0, Workers: 1
[1.184s][debug][gc,phases         ] GC(106)   StringTable Weak               Min:  0.0, Avg:  0.0, Max:  0.0, Diff:  0.0, Sum:  0.0, Workers: 1
[1.184s][debug][gc,phases         ] GC(106)     Dead                           Min: 0, Avg:  0.0, Max: 0, Diff: 0, Sum: 0, Workers: 1
[1.184s][debug][gc,phases         ] GC(106)     Total                          Min: 41, Avg: 41.0, Max: 41, Diff: 0, Sum: 41, Workers: 1
[1.184s][debug][gc,phases         ] GC(106)   ResolvedMethodTable Weak       Min:  0.0, Avg:  0.0, Max:  0.0, Diff:  0.0, Sum:  0.0, Workers: 1
[1.184s][debug][gc,phases         ] GC(106)     Dead                           Min: 0, Avg:  0.0, Max: 0, Diff: 0, Sum: 0, Workers: 1
[1.184s][debug][gc,phases         ] GC(106)     Total                          Min: 22, Avg: 22.0, Max: 22, Diff: 0, Sum: 22, Workers: 1
[1.184s][debug][gc,phases         ] GC(106)   JNI Weak                       Min:  0.0, Avg:  0.0, Max:  0.0, Diff:  0.0, Sum:  0.0, Workers: 1
[1.184s][debug][gc,phases         ] GC(106)     Dead                           Min: 0, Avg:  0.0, Max: 0, Diff: 0, Sum: 0, Workers: 1
[1.184s][debug][gc,phases         ] GC(106)     Total                          Min: 0, Avg:  0.0, Max: 0, Diff: 0, Sum: 0, Workers: 1
[1.184s][debug][gc,phases         ] GC(106)   StringDedup Table Weak         Min:  0.0, Avg:  0.0, Max:  0.0, Diff:  0.0, Sum:  0.0, Workers: 1
[1.184s][debug][gc,phases         ] GC(106)     Dead                           Min: 0, Avg:  0.0, Max: 0, Diff: 0, Sum: 0, Workers: 1
[1.184s][debug][gc,phases         ] GC(106)     Total                          Min: 0, Avg:  0.0, Max: 0, Diff: 0, Sum: 0, Workers: 1
[1.184s][debug][gc,phases         ] GC(106)   StringDedup Requests0 Weak     Min:  0.0, Avg:  0.0, Max:  0.0, Diff:  0.0, Sum:  0.0, Workers: 1
[1.184s][debug][gc,phases         ] GC(106)     Dead                           Min: 0, Avg:  0.0, Max: 0, Diff: 0, Sum: 0, Workers: 1
[1.184s][debug][gc,phases         ] GC(106)     Total                          Min: 0, Avg:  0.0, Max: 0, Diff: 0, Sum: 0, Workers: 1
[1.184s][debug][gc,phases         ] GC(106)   StringDedup Requests1 Weak     Min:  0.0, Avg:  0.0, Max:  0.0, Diff:  0.0, Sum:  0.0, Workers: 1
[1.184s][debug][gc,phases         ] GC(106)     Dead                           Min: 0, Avg:  0.0, Max: 0, Diff: 0, Sum: 0, Workers: 1
[1.184s][debug][gc,phases         ] GC(106)     Total                          Min: 0, Avg:  0.0, Max: 0, Diff: 0, Sum: 0, Workers: 1
[1.184s][debug][gc,phases         ] GC(106)   Weak JFR Old Object Samples    Min:  0.0, Avg:  0.0, Max:  0.0, Diff:  0.0, Sum:  0.0, Workers: 1
[1.184s][debug][gc,phases         ] GC(106)     Dead                           Min: 0, Avg:  0.0, Max: 0, Diff: 0, Sum: 0, Workers: 1
[1.184s][debug][gc,phases         ] GC(106)     Total                          Min: 0, Avg:  0.0, Max: 0, Diff: 0, Sum: 0, Workers: 1
[1.184s][debug][gc,phases         ] GC(106) Phase 1: Weak Processing 0.171ms
[1.184s][debug][gc,phases,start   ] GC(106) Phase 1: Class Unloading and Cleanup
[1.184s][debug][gc,phases,start   ] GC(106) ClassLoaderData
[1.184s][debug][gc,phases         ] GC(106) ClassLoaderData 0.004ms
[1.184s][debug][gc,phases,start   ] GC(106) Trigger cleanups
[1.184s][debug][gc,phases         ] GC(106) Trigger cleanups 0.003ms
[1.185s][debug][gc,phases         ] GC(106) Phase 1: Class Unloading and Cleanup 0.103ms
[1.185s][debug][gc,phases,start   ] GC(106) Report Object Count
[1.185s][debug][gc,phases         ] GC(106) Report Object Count 0.004ms
[1.185s][info ][gc,phases         ] GC(106) Phase 1: Mark live objects 0.978ms
[1.185s][info ][gc,phases,start   ] GC(106) Phase 2: Prepare for compaction
[1.185s][debug][gc,phases,start   ] GC(106) Phase 2: Prepare Serial Compaction
[1.185s][debug][gc,phases         ] GC(106) Phase 2: Prepare Serial Compaction 0.020ms
[1.185s][info ][gc,phases         ] GC(106) Phase 2: Prepare for compaction 0.188ms
[1.185s][info ][gc,phases,start   ] GC(106) Phase 3: Adjust pointers
[1.185s][info ][gc,phases         ] GC(106) Phase 3: Adjust pointers 0.299ms
[1.185s][info ][gc,phases,start   ] GC(106) Phase 4: Compact heap
[1.185s][debug][gc,phases,start   ] GC(106) Phase 4: Serial Compaction
[1.185s][debug][gc,phases         ] GC(106) Phase 4: Serial Compaction 0.294ms
[1.185s][info ][gc,phases         ] GC(106) Phase 4: Compact heap 0.471ms
[1.186s][debug][gc,ergo           ] GC(106) Running G1 Clear Bitmap with 4 workers for 4 work units.
[1.186s][debug][gc,alloc,stats    ] Old generation allocation in the last mutator period, old gen allocated: 0B, humongous allocated: 0B,old gen growth: 0B.
[1.186s][info ][gc,heap           ] GC(106) Eden regions: 0->0(12)
[1.186s][info ][gc,heap           ] GC(106) Survivor regions: 0->0(0)
[1.186s][info ][gc,heap           ] GC(106) Old regions: 163->163
[1.186s][info ][gc,heap           ] GC(106) Archive regions: 2->2
[1.186s][info ][gc,heap           ] GC(106) Humongous regions: 91->91
[1.186s][info ][gc,metaspace      ] GC(106) Metaspace: 136K(320K)->136K(320K) NonClass: 131K(192K)->131K(192K) Class: 5K(128K)->5K(128K)
[1.186s][debug][gc,heap           ] GC(106) Heap after GC invocations=95 (full 27):
[1.186s][debug][gc,heap           ] GC(106)  garbage-first heap   total 262144K, used 249887K [0x00000000f0000000, 0x0000000100000000)
[1.186s][debug][gc,heap           ] GC(106)   region size 1024K, 0 young (0K), 0 survivors (0K)
[1.186s][debug][gc,heap           ] GC(106)  Metaspace       used 136K, committed 320K, reserved 1114112K
[1.186s][debug][gc,heap           ] GC(106)   class space    used 5K, committed 128K, reserved 1048576K
[1.186s][info ][gc                ] GC(106) Pause Full (G1 Compaction Pause) 244M->244M(256M) 2.337ms
[1.186s][info ][gc,cpu            ] GC(106) User=0.00s Sys=0.00s Real=0.01s
[1.186s][debug][gc,ergo,heap      ] Attempt heap expansion (allocation request failed). Allocation request: 1048592B
[1.186s][debug][gc,ergo,heap      ] Expand the heap. requested expansion amount: 1048592B expansion amount: 2097152B
[1.186s][debug][gc,ergo,heap      ] Did not expand the heap (heap already fully expanded)
[1.186s][info ][gc,marking        ] GC(102) Concurrent Mark Abort
[1.186s][info ][gc                ] GC(102) Concurrent Mark Cycle 17.543ms
[1.186s][debug][gc,heap           ] GC(107) Heap before GC invocations=95 (full 27):
[1.186s][debug][gc,heap           ] GC(107)  garbage-first heap   total 262144K, used 249887K [0x00000000f0000000, 0x0000000100000000)
[1.186s][debug][gc,heap           ] GC(107)   region size 1024K, 0 young (0K), 0 survivors (0K)
[1.186s][debug][gc,heap           ] GC(107)  Metaspace       used 136K, committed 320K, reserved 1114112K
[1.186s][debug][gc,heap           ] GC(107)   class space    used 5K, committed 128K, reserved 1048576K
[1.186s][info ][gc,start          ] GC(107) Pause Young (Normal) (G1 Evacuation Pause)
[1.186s][info ][gc,task           ] GC(107) Using 12 workers of 13 for evacuation
[1.186s][debug][gc,age            ] GC(107) Desired survivor size 1048576 bytes, new threshold 15 (max threshold 15)
[1.186s][debug][gc,refine,stats   ] GC(107) Mutator refinement: 0.00ms, refined: 0, precleaned: 0, dirtied: 0
[1.186s][debug][gc,refine,stats   ] GC(107) Concurrent refinement: 0.00ms, refined: 0, precleaned: 0, dirtied: 0
[1.186s][debug][gc,refine,stats   ] GC(107) Total refinement: 0.00ms, refined: 0, precleaned: 0, dirtied: 0
[1.186s][debug][gc,refine,stats   ] GC(107) Generate dirty cards rate: 0.00 cards/ms
[1.186s][debug][gc,alloc,region   ] GC(107) Mutator Allocation stats, regions: 0, wasted size: 0B ( 0.0%)
[1.186s][debug][gc,humongous      ] GC(107) Humongous region 0 (object size 1048592 @ 0x00000000f0000000) remset 0 code roots 0 marked 0 reclaim candidate 0 type array 1
[1.186s][debug][gc,humongous      ] GC(107) Humongous region 42 (object size 1048592 @ 0x00000000f2a00000) remset 0 code roots 0 marked 0 reclaim candidate 0 type array 1
[1.186s][debug][gc,humongous      ] GC(107) Humongous region 64 (object size 1048592 @ 0x00000000f4000000) remset 0 code roots 0 marked 0 reclaim candidate 0 type array 1
[1.186s][debug][gc,humongous      ] GC(107) Humongous region 85 (object size 10485776 @ 0x00000000f5500000) remset 0 code roots 0 marked 0 reclaim candidate 0 type array 1
[1.186s][debug][gc,humongous      ] GC(107) Humongous region 126 (object size 1048592 @ 0x00000000f7e00000) remset 0 code roots 0 marked 0 reclaim candidate 0 type array 1
[1.186s][debug][gc,humongous      ] GC(107) Humongous region 159 (object size 10485776 @ 0x00000000f9f00000) remset 0 code roots 0 marked 0 reclaim candidate 0 type array 1
[1.186s][debug][gc,humongous      ] GC(107) Humongous region 60 (object size 1048592 @ 0x00000000f3c00000) remset 0 code roots 0 marked 0 reclaim candidate 0 type array 1
[1.186s][debug][gc,humongous      ] GC(107) Humongous region 22 (object size 1048592 @ 0x00000000f1600000) remset 0 code roots 0 marked 0 reclaim candidate 0 type array 1
[1.186s][debug][gc,humongous      ] GC(107) Humongous region 83 (object size 1048592 @ 0x00000000f5300000) remset 0 code roots 0 marked 0 reclaim candidate 0 type array 1
[1.186s][debug][gc,humongous      ] GC(107) Humongous region 4 (object size 1048592 @ 0x00000000f0400000) remset 0 code roots 0 marked 0 reclaim candidate 0 type array 1
[1.186s][debug][gc,humongous      ] GC(107) Humongous region 12 (object size 1048592 @ 0x00000000f0c00000) remset 0 code roots 0 marked 0 reclaim candidate 0 type array 1
[1.186s][debug][gc,humongous      ] GC(107) Humongous region 14 (object size 1048592 @ 0x00000000f0e00000) remset 0 code roots 0 marked 0 reclaim candidate 0 type array 1
[1.186s][debug][gc,humongous      ] GC(107) Humongous region 238 (object size 1048592 @ 0x00000000fee00000) remset 0 code roots 0 marked 0 reclaim candidate 0 type array 1
[1.186s][debug][gc,humongous      ] GC(107) Humongous region 244 (object size 1048592 @ 0x00000000ff400000) remset 0 code roots 0 marked 0 reclaim candidate 0 type array 1
[1.186s][debug][gc,humongous      ] GC(107) Humongous region 249 (object size 1048592 @ 0x00000000ff900000) remset 0 code roots 0 marked 0 reclaim candidate 0 type array 1
[1.186s][debug][gc,humongous      ] GC(107) Humongous region 24 (object size 1048592 @ 0x00000000f1800000) remset 0 code roots 0 marked 0 reclaim candidate 0 type array 1
[1.186s][debug][gc,humongous      ] GC(107) Humongous region 28 (object size 1048592 @ 0x00000000f1c00000) remset 0 code roots 0 marked 0 reclaim candidate 0 type array 1
[1.186s][debug][gc,humongous      ] GC(107) Humongous region 8 (object size 1048592 @ 0x00000000f0800000) remset 0 code roots 0 marked 0 reclaim candidate 0 type array 1
[1.186s][debug][gc,humongous      ] GC(107) Humongous region 30 (object size 1048592 @ 0x00000000f1e00000) remset 0 code roots 0 marked 0 reclaim candidate 0 type array 1
[1.186s][debug][gc,humongous      ] GC(107) Humongous region 32 (object size 1048592 @ 0x00000000f2000000) remset 0 code roots 0 marked 0 reclaim candidate 0 type array 1
[1.186s][debug][gc,humongous      ] GC(107) Humongous region 10 (object size 1048592 @ 0x00000000f0a00000) remset 0 code roots 0 marked 0 reclaim candidate 0 type array 1
[1.186s][debug][gc,humongous      ] GC(107) Humongous region 216 (object size 10485776 @ 0x00000000fd800000) remset 0 code roots 0 marked 0 reclaim candidate 0 type array 1
[1.186s][debug][gc,humongous      ] GC(107) Humongous region 16 (object size 1048592 @ 0x00000000f1000000) remset 0 code roots 0 marked 0 reclaim candidate 0 type array 1
[1.186s][debug][gc,humongous      ] GC(107) Humongous region 18 (object size 1048592 @ 0x00000000f1200000) remset 0 code roots 0 marked 0 reclaim candidate 0 type array 1
[1.186s][debug][gc,humongous      ] GC(107) Humongous region 26 (object size 1048592 @ 0x00000000f1a00000) remset 0 code roots 0 marked 0 reclaim candidate 0 type array 1
[1.186s][debug][gc,humongous      ] GC(107) Humongous region 6 (object size 1048592 @ 0x00000000f0600000) remset 0 code roots 0 marked 0 reclaim candidate 0 type array 1
[1.186s][debug][gc,humongous      ] GC(107) Humongous region 203 (object size 1048592 @ 0x00000000fcb00000) remset 0 code roots 0 marked 0 reclaim candidate 0 type array 1
[1.186s][debug][gc,humongous      ] GC(107) Humongous region 34 (object size 1048592 @ 0x00000000f2200000) remset 0 code roots 0 marked 0 reclaim candidate 0 type array 1
[1.186s][debug][gc,humongous      ] GC(107) Humongous region 36 (object size 1048592 @ 0x00000000f2400000) remset 0 code roots 0 marked 0 reclaim candidate 0 type array 1
[1.186s][debug][gc,humongous      ] GC(107) Humongous region 38 (object size 1048592 @ 0x00000000f2600000) remset 0 code roots 0 marked 0 reclaim candidate 0 type array 1
[1.186s][debug][gc,humongous      ] GC(107) Humongous region 20 (object size 1048592 @ 0x00000000f1400000) remset 0 code roots 0 marked 0 reclaim candidate 0 type array 1
[1.186s][debug][gc,humongous      ] GC(107) Humongous region 2 (object size 1048592 @ 0x00000000f0200000) remset 0 code roots 0 marked 0 reclaim candidate 0 type array 1
[1.187s][debug][gc,ergo           ] GC(107) Running G1 Merge Heap Roots using 12 workers for 0 regions
[1.187s][debug][gc,remset         ] GC(107) Visited cards 0 Total dirty 0 (0.00%) Total old 524288 (0.00%)
[1.187s][debug][gc,ref            ] GC(107) Skipped phase 1 of Reference Processing: no references
[1.187s][debug][gc,ref            ] GC(107) Skipped phase 2 of Reference Processing: no references
[1.187s][debug][gc,ref            ] GC(107) Skipped phase 3 of Reference Processing: no references
[1.187s][debug][gc,ref            ] GC(107) Skipped phase 4 of Reference Processing: no references
[1.187s][debug][gc,ergo           ] GC(107) Running G1 Rebuild Free List Task using 12 workers for rebuilding free list of regions
[1.188s][debug][gc,plab           ] GC(107) Young PLAB allocation: allocated: 0B, wasted: 0B, unused: 0B, used: 0B, undo waste: 0B, 
[1.188s][debug][gc,plab           ] GC(107) Young other allocation: region end waste: 0B, regions filled: 0, direct allocated: 0B, failure used: 0B, failure wasted: 0B
[1.188s][debug][gc,plab           ] GC(107) Young sizing: calculated: 0B, actual: 2064B
[1.188s][debug][gc,plab           ] GC(107) Old PLAB allocation: allocated: 0B, wasted: 0B, unused: 0B, used: 0B, undo waste: 0B, 
[1.188s][debug][gc,plab           ] GC(107) Old other allocation: region end waste: 0B, regions filled: 0, direct allocated: 0B, failure used: 0B, failure wasted: 0B
[1.188s][debug][gc,plab           ] GC(107) Old sizing: calculated: 0B, actual: 2064B
[1.188s][debug][gc,ergo,heap      ] GC(107) Heap expansion: short term pause time ratio 93.73% long term pause time ratio 9.68% threshold 7.69% pause time ratio 7.69% fully expanded true resize by 0B
[1.188s][debug][gc,ergo,ihop      ] GC(107) Request concurrent cycle initiation (occupancy higher than threshold) occupancy: 268435456B allocation request: 0B threshold: 203257210B (75.72) source: end of GC
[1.188s][debug][gc,mmu            ] GC(107) MMU: 8.1ms (50.0ms/51.0ms)
[1.188s][debug][gc,alloc,stats    ] Old generation allocation in the last mutator period, old gen allocated: 0B, humongous allocated: 0B,old gen growth: 0B.
[1.188s][debug][gc,ihop           ] GC(107) Basic information (value update), threshold: 203684592B (75.88), target occupancy: 268435456B, current occupancy: 255884288B, recent allocation size: 0B, recent allocation duration: 77.45ms, recent old gen allocation rate: 0.00B/s, recent marking phase length: 9.93ms
[1.188s][debug][gc,ihop           ] GC(107) Adaptive IHOP information (value update), threshold: 203684592B (89.27), internal target occupancy: 228170137B, occupancy: 255884288B, additional buffer size: 12582912B, predicted old gen allocation rate: 226731769.84B/s, predicted marking phase length: 52.50ms, prediction active: true
[1.188s][debug][gc,ergo,refine    ] GC(107) Concurrent refinement times: Logged Cards Scan time goal: 5.00ms Logged Cards Scan time: -nanms HCC time: 0.00ms
[1.188s][debug][gc,ergo,refine    ] GC(107) Updated Refinement Zones: green: 3328, yellow: 9984, red: 16640
[1.188s][info ][gc,phases         ] GC(107)   Pre Evacuate Collection Set: 0.5ms
[1.188s][debug][gc,phases         ] GC(107)     Prepare TLABs: 0.0ms
[1.188s][debug][gc,phases         ] GC(107)     Concatenate Dirty Card Logs: 0.0ms
[1.188s][debug][gc,phases         ] GC(107)     Choose Collection Set: 0.0ms
[1.188s][debug][gc,phases         ] GC(107)     Region Register: 0.5ms
[1.188s][debug][gc,phases         ] GC(107)     Prepare Heap Roots: 0.0ms
[1.188s][info ][gc,phases         ] GC(107)   Merge Heap Roots: 0.2ms
[1.188s][debug][gc,phases         ] GC(107)     Prepare Merge Heap Roots: 0.0ms
[1.188s][debug][gc,phases         ] GC(107)     Eager Reclaim (ms):            skipped
[1.188s][debug][gc,phases         ] GC(107)     Remembered Sets (ms):          Min:  0.0, Avg:  0.0, Max:  0.0, Diff:  0.0, Sum:  0.0, Workers: 12
[1.188s][debug][gc,phases         ] GC(107)       Merged Sparse:                 Min: 0, Avg:  0.0, Max: 0, Diff: 0, Sum: 0, Workers: 12
[1.188s][debug][gc,phases         ] GC(107)       Merged Fine:                   Min: 0, Avg:  0.0, Max: 0, Diff: 0, Sum: 0, Workers: 12
[1.188s][debug][gc,phases         ] GC(107)       Merged Coarse:                 Min: 0, Avg:  0.0, Max: 0, Diff: 0, Sum: 0, Workers: 12
[1.188s][debug][gc,phases         ] GC(107)       Dirty Cards:                   Min: 0, Avg:  0.0, Max: 0, Diff: 0, Sum: 0, Workers: 12
[1.188s][debug][gc,phases         ] GC(107)     Hot Card Cache (ms):           Min:  0.0, Avg:  0.0, Max:  0.0, Diff:  0.0, Sum:  0.0, Workers: 12
[1.188s][debug][gc,phases         ] GC(107)       Dirty Cards:                   Min: 0, Avg:  0.0, Max: 0, Diff: 0, Sum: 0, Workers: 12
[1.188s][debug][gc,phases         ] GC(107)       Skipped Cards:                 Min: 0, Avg:  0.0, Max: 0, Diff: 0, Sum: 0, Workers: 12
[1.188s][debug][gc,phases         ] GC(107)     Log Buffers (ms):              Min:  0.0, Avg:  0.0, Max:  0.0, Diff:  0.0, Sum:  0.0, Workers: 12
[1.188s][debug][gc,phases         ] GC(107)       Dirty Cards:                   Min: 0, Avg:  0.0, Max: 0, Diff: 0, Sum: 0, Workers: 12
[1.188s][debug][gc,phases         ] GC(107)       Skipped Cards:                 Min: 0, Avg:  0.0, Max: 0, Diff: 0, Sum: 0, Workers: 12
[1.188s][info ][gc,phases         ] GC(107)   Evacuate Collection Set: 0.4ms
[1.188s][debug][gc,phases         ] GC(107)     Ext Root Scanning (ms):        Min:  0.0, Avg:  0.0, Max:  0.1, Diff:  0.1, Sum:  0.1, Workers: 12
[1.188s][debug][gc,phases         ] GC(107)     Scan Heap Roots (ms):          Min:  0.0, Avg:  0.0, Max:  0.0, Diff:  0.0, Sum:  0.0, Workers: 12
[1.188s][debug][gc,phases         ] GC(107)       Scanned Cards:                 Min: 0, Avg:  0.0, Max: 0, Diff: 0, Sum: 0, Workers: 12
[1.188s][debug][gc,phases         ] GC(107)       Scanned Blocks:                Min: 0, Avg:  0.0, Max: 0, Diff: 0, Sum: 0, Workers: 12
[1.188s][debug][gc,phases         ] GC(107)       Claimed Chunks:                Min: 0, Avg:  0.0, Max: 0, Diff: 0, Sum: 0, Workers: 12
[1.188s][debug][gc,phases         ] GC(107)     Code Root Scan (ms):           Min:  0.0, Avg:  0.0, Max:  0.0, Diff:  0.0, Sum:  0.0, Workers: 12
[1.188s][debug][gc,phases         ] GC(107)     Object Copy (ms):              Min:  0.0, Avg:  0.0, Max:  0.0, Diff:  0.0, Sum:  0.0, Workers: 12
[1.188s][debug][gc,phases         ] GC(107)     Termination (ms):              Min:  0.1, Avg:  0.2, Max:  0.3, Diff:  0.2, Sum:  2.6, Workers: 12
[1.188s][debug][gc,phases         ] GC(107)       Termination Attempts:          Min: 1, Avg:  1.0, Max: 1, Diff: 0, Sum: 12, Workers: 12
[1.188s][debug][gc,phases         ] GC(107)     GC Worker Other (ms):          Min:  0.0, Avg:  0.0, Max:  0.0, Diff:  0.0, Sum:  0.0, Workers: 12
[1.188s][debug][gc,phases         ] GC(107)     GC Worker Total (ms):          Min:  0.1, Avg:  0.2, Max:  0.3, Diff:  0.2, Sum:  2.8, Workers: 12
[1.188s][info ][gc,phases         ] GC(107)   Post Evacuate Collection Set: 0.4ms
[1.188s][debug][gc,phases         ] GC(107)     Code Roots Fixup: 0.0ms
[1.188s][debug][gc,phases         ] GC(107)     Reference Processing: 0.0ms
[1.188s][debug][gc,phases,ref     ] GC(107)       Reconsider SoftReferences: 0.0ms
[1.188s][debug][gc,phases,ref     ] GC(107)         SoftRef (ms):                  skipped
[1.188s][debug][gc,phases,ref     ] GC(107)       Notify Soft/WeakReferences: 0.0ms
[1.188s][debug][gc,phases,ref     ] GC(107)         SoftRef (ms):                  skipped
[1.188s][debug][gc,phases,ref     ] GC(107)         WeakRef (ms):                  skipped
[1.188s][debug][gc,phases,ref     ] GC(107)         FinalRef (ms):                 skipped
[1.188s][debug][gc,phases,ref     ] GC(107)         Total (ms):                    skipped
[1.188s][debug][gc,phases,ref     ] GC(107)       Notify and keep alive finalizable: 0.0ms
[1.188s][debug][gc,phases,ref     ] GC(107)         FinalRef (ms):                 skipped
[1.188s][debug][gc,phases,ref     ] GC(107)       Notify PhantomReferences: 0.0ms
[1.188s][debug][gc,phases,ref     ] GC(107)         PhantomRef (ms):               skipped
[1.188s][debug][gc,phases,ref     ] GC(107)       SoftReference:
[1.188s][debug][gc,phases,ref     ] GC(107)         Discovered: 0
[1.188s][debug][gc,phases,ref     ] GC(107)         Cleared: 0
[1.188s][debug][gc,phases,ref     ] GC(107)       WeakReference:
[1.188s][debug][gc,phases,ref     ] GC(107)         Discovered: 0
[1.188s][debug][gc,phases,ref     ] GC(107)         Cleared: 0
[1.188s][debug][gc,phases,ref     ] GC(107)       FinalReference:
[1.188s][debug][gc,phases,ref     ] GC(107)         Discovered: 0
[1.188s][debug][gc,phases,ref     ] GC(107)         Cleared: 0
[1.188s][debug][gc,phases,ref     ] GC(107)       PhantomReference:
[1.188s][debug][gc,phases,ref     ] GC(107)         Discovered: 0
[1.188s][debug][gc,phases,ref     ] GC(107)         Cleared: 0
[1.188s][debug][gc,phases         ] GC(107)     Weak Processing: 0.0ms
[1.188s][debug][gc,phases         ] GC(107)       VM Weak                        Min:  0.0, Avg:  0.0, Max:  0.0, Diff:  0.0, Sum:  0.0, Workers: 1
[1.188s][debug][gc,phases         ] GC(107)         Dead                           Min: 0, Avg:  0.0, Max: 0, Diff: 0, Sum: 0, Workers: 1
[1.188s][debug][gc,phases         ] GC(107)         Total                          Min: 4, Avg:  4.0, Max: 4, Diff: 0, Sum: 4, Workers: 1
[1.188s][debug][gc,phases         ] GC(107)       ObjectSynchronizer Weak        Min:  0.0, Avg:  0.0, Max:  0.0, Diff:  0.0, Sum:  0.0, Workers: 1
[1.188s][debug][gc,phases         ] GC(107)         Dead                           Min: 0, Avg:  0.0, Max: 0, Diff: 0, Sum: 0, Workers: 1
[1.188s][debug][gc,phases         ] GC(107)         Total                          Min: 4, Avg:  4.0, Max: 4, Diff: 0, Sum: 4, Workers: 1
[1.188s][debug][gc,phases         ] GC(107)       JVMTI Tag Weak OopStorage      Min:  0.0, Avg:  0.0, Max:  0.0, Diff:  0.0, Sum:  0.0, Workers: 1
[1.188s][debug][gc,phases         ] GC(107)         Dead                           Min: 0, Avg:  0.0, Max: 0, Diff: 0, Sum: 0, Workers: 1
[1.188s][debug][gc,phases         ] GC(107)         Total                          Min: 0, Avg:  0.0, Max: 0, Diff: 0, Sum: 0, Workers: 1
[1.188s][debug][gc,phases         ] GC(107)       StringTable Weak               Min:  0.0, Avg:  0.0, Max:  0.0, Diff:  0.0, Sum:  0.0, Workers: 1
[1.188s][debug][gc,phases         ] GC(107)         Dead                           Min: 0, Avg:  0.0, Max: 0, Diff: 0, Sum: 0, Workers: 1
[1.188s][debug][gc,phases         ] GC(107)         Total                          Min: 41, Avg: 41.0, Max: 41, Diff: 0, Sum: 41, Workers: 1
[1.188s][debug][gc,phases         ] GC(107)       ResolvedMethodTable Weak       Min:  0.0, Avg:  0.0, Max:  0.0, Diff:  0.0, Sum:  0.0, Workers: 1
[1.188s][debug][gc,phases         ] GC(107)         Dead                           Min: 0, Avg:  0.0, Max: 0, Diff: 0, Sum: 0, Workers: 1
[1.188s][debug][gc,phases         ] GC(107)         Total                          Min: 22, Avg: 22.0, Max: 22, Diff: 0, Sum: 22, Workers: 1
[1.188s][debug][gc,phases         ] GC(107)       JNI Weak                       Min:  0.0, Avg:  0.0, Max:  0.0, Diff:  0.0, Sum:  0.0, Workers: 1
[1.188s][debug][gc,phases         ] GC(107)         Dead                           Min: 0, Avg:  0.0, Max: 0, Diff: 0, Sum: 0, Workers: 1
[1.188s][debug][gc,phases         ] GC(107)         Total                          Min: 0, Avg:  0.0, Max: 0, Diff: 0, Sum: 0, Workers: 1
[1.188s][debug][gc,phases         ] GC(107)       StringDedup Table Weak         Min:  0.0, Avg:  0.0, Max:  0.0, Diff:  0.0, Sum:  0.0, Workers: 1
[1.188s][debug][gc,phases         ] GC(107)         Dead                           Min: 0, Avg:  0.0, Max: 0, Diff: 0, Sum: 0, Workers: 1
[1.188s][debug][gc,phases         ] GC(107)         Total                          Min: 0, Avg:  0.0, Max: 0, Diff: 0, Sum: 0, Workers: 1
[1.188s][debug][gc,phases         ] GC(107)       StringDedup Requests0 Weak     Min:  0.0, Avg:  0.0, Max:  0.0, Diff:  0.0, Sum:  0.0, Workers: 1
[1.188s][debug][gc,phases         ] GC(107)         Dead                           Min: 0, Avg:  0.0, Max: 0, Diff: 0, Sum: 0, Workers: 1
[1.188s][debug][gc,phases         ] GC(107)         Total                          Min: 0, Avg:  0.0, Max: 0, Diff: 0, Sum: 0, Workers: 1
[1.188s][debug][gc,phases         ] GC(107)       StringDedup Requests1 Weak     Min:  0.0, Avg:  0.0, Max:  0.0, Diff:  0.0, Sum:  0.0, Workers: 1
[1.188s][debug][gc,phases         ] GC(107)         Dead                           Min: 0, Avg:  0.0, Max: 0, Diff: 0, Sum: 0, Workers: 1
[1.188s][debug][gc,phases         ] GC(107)         Total                          Min: 0, Avg:  0.0, Max: 0, Diff: 0, Sum: 0, Workers: 1
[1.188s][debug][gc,phases         ] GC(107)       Weak JFR Old Object Samples    Min:  0.0, Avg:  0.0, Max:  0.0, Diff:  0.0, Sum:  0.0, Workers: 1
[1.188s][debug][gc,phases         ] GC(107)         Dead                           Min: 0, Avg:  0.0, Max: 0, Diff: 0, Sum: 0, Workers: 1
[1.188s][debug][gc,phases         ] GC(107)         Total                          Min: 0, Avg:  0.0, Max: 0, Diff: 0, Sum: 0, Workers: 1
[1.188s][debug][gc,phases         ] GC(107)     Post Evacuate Cleanup 1: 0.1ms
[1.188s][debug][gc,phases         ] GC(107)       Merge Per-Thread State (ms):   Min:  0.0, Avg:  0.0, Max:  0.0, Diff:  0.0, Sum:  0.0, Workers: 1
[1.188s][debug][gc,phases         ] GC(107)         Copied Bytes                   Min: 0, Avg:  0.0, Max: 0, Diff: 0, Sum: 0, Workers: 12
[1.188s][debug][gc,phases         ] GC(107)         LAB Waste                      Min: 0, Avg:  0.0, Max: 0, Diff: 0, Sum: 0, Workers: 12
[1.188s][debug][gc,phases         ] GC(107)         LAB Undo Waste                 Min: 0, Avg:  0.0, Max: 0, Diff: 0, Sum: 0, Workers: 12
[1.188s][debug][gc,phases         ] GC(107)       Clear Logged Cards (ms):       Min:  0.0, Avg:  0.0, Max:  0.0, Diff:  0.0, Sum:  0.0, Workers: 2
[1.188s][debug][gc,phases         ] GC(107)       Recalculate Used Memory (ms):  Min:  0.0, Avg:  0.0, Max:  0.0, Diff:  0.0, Sum:  0.0, Workers: 1
[1.188s][debug][gc,phases         ] GC(107)     Post Evacuate Cleanup 2: 0.1ms
[1.188s][debug][gc,phases         ] GC(107)       Reset Hot Card Cache (ms):     Min:  0.0, Avg:  0.0, Max:  0.0, Diff:  0.0, Sum:  0.0, Workers: 1
[1.188s][debug][gc,phases         ] GC(107)       Purge Code Roots (ms):         Min:  0.0, Avg:  0.0, Max:  0.0, Diff:  0.0, Sum:  0.0, Workers: 1
[1.188s][debug][gc,phases         ] GC(107)       Update Derived Pointers (ms):  Min:  0.0, Avg:  0.0, Max:  0.0, Diff:  0.0, Sum:  0.0, Workers: 1
[1.188s][debug][gc,phases         ] GC(107)       Eagerly Reclaim Humongous Objects (ms): Min:  0.0, Avg:  0.0, Max:  0.0, Diff:  0.0, Sum:  0.0, Workers: 1
[1.188s][debug][gc,phases         ] GC(107)         Humongous Total                Min: 32, Avg: 32.0, Max: 32, Diff: 0, Sum: 32, Workers: 1
[1.188s][debug][gc,phases         ] GC(107)         Humongous Candidates           Min: 0, Avg:  0.0, Max: 0, Diff: 0, Sum: 0, Workers: 1
[1.188s][debug][gc,phases         ] GC(107)         Humongous Reclaimed            Min: 0, Avg:  0.0, Max: 0, Diff: 0, Sum: 0, Workers: 1
[1.188s][debug][gc,phases         ] GC(107)       Redirty Logged Cards (ms):     Min:  0.0, Avg:  0.0, Max:  0.0, Diff:  0.0, Sum:  0.0, Workers: 12
[1.188s][debug][gc,phases         ] GC(107)         Redirtied Cards:               Min: 0, Avg:  0.0, Max: 0, Diff: 0, Sum: 0, Workers: 12
[1.188s][debug][gc,phases         ] GC(107)       Free Collection Set (ms):      Min:  0.0, Avg:  0.0, Max:  0.0, Diff:  0.0, Sum:  0.0, Workers: 12
[1.188s][debug][gc,phases         ] GC(107)     Rebuild Free List: 0.2ms
[1.188s][debug][gc,phases         ] GC(107)     Start New Collection Set: 0.0ms
[1.188s][debug][gc,phases         ] GC(107)     Resize TLABs: 0.0ms
[1.188s][debug][gc,phases         ] GC(107)     Expand Heap After Collection: 0.0ms
[1.188s][info ][gc,phases         ] GC(107)   Other: 0.2ms
[1.188s][info ][gc,heap           ] GC(107) Eden regions: 0->0(12)
[1.188s][info ][gc,heap           ] GC(107) Survivor regions: 0->0(0)
[1.188s][info ][gc,heap           ] GC(107) Old regions: 163->163
[1.188s][info ][gc,heap           ] GC(107) Archive regions: 2->2
[1.188s][info ][gc,heap           ] GC(107) Humongous regions: 91->91
[1.188s][info ][gc,metaspace      ] GC(107) Metaspace: 136K(320K)->136K(320K) NonClass: 131K(192K)->131K(192K) Class: 5K(128K)->5K(128K)
[1.188s][debug][gc,heap           ] GC(107) Heap after GC invocations=96 (full 27):
[1.188s][debug][gc,heap           ] GC(107)  garbage-first heap   total 262144K, used 249887K [0x00000000f0000000, 0x0000000100000000)
[1.188s][debug][gc,heap           ] GC(107)   region size 1024K, 0 young (0K), 0 survivors (0K)
[1.188s][debug][gc,heap           ] GC(107)  Metaspace       used 136K, committed 320K, reserved 1114112K
[1.188s][debug][gc,heap           ] GC(107)   class space    used 5K, committed 128K, reserved 1048576K
[1.188s][info ][gc                ] GC(107) Pause Young (Normal) (G1 Evacuation Pause) 244M->244M(256M) 2.086ms
[1.188s][info ][gc,cpu            ] GC(107) User=0.00s Sys=0.01s Real=0.00s
[1.188s][debug][gc,ergo,heap      ] Attempt heap expansion (allocation request failed). Allocation request: 111488B
[1.188s][debug][gc,ergo,heap      ] Expand the heap. requested expansion amount: 1048576B expansion amount: 1048576B
[1.188s][debug][gc,ergo,heap      ] Did not expand the heap (heap already fully expanded)
[1.188s][info ][gc,ergo           ] Attempting full compaction
[1.188s][debug][gc,task           ] GC(108) Requesting 9 active workers for full compaction (waste limited workers: 13, adaptive workers: 9, used limited workers: 256)
[1.188s][info ][gc,task           ] GC(108) Using 9 workers of 13 for full compaction
[1.188s][info ][gc,start          ] GC(108) Pause Full (G1 Compaction Pause)
[1.188s][debug][gc,heap           ] GC(108) Heap before GC invocations=96 (full 27):
[1.188s][debug][gc,heap           ] GC(108)  garbage-first heap   total 262144K, used 249887K [0x00000000f0000000, 0x0000000100000000)
[1.188s][debug][gc,heap           ] GC(108)   region size 1024K, 0 young (0K), 0 survivors (0K)
[1.188s][debug][gc,heap           ] GC(108)  Metaspace       used 136K, committed 320K, reserved 1114112K
[1.188s][debug][gc,heap           ] GC(108)   class space    used 5K, committed 128K, reserved 1048576K
[1.188s][debug][gc,alloc,region   ] GC(108) Mutator Allocation stats, regions: 0, wasted size: 0B ( 0.0%)
[1.188s][info ][gc,phases,start   ] GC(108) Phase 1: Mark live objects
[1.189s][debug][gc,phases,start   ] GC(108) Phase 1: Reference Processing
[1.189s][debug][gc,ref            ] GC(108) Skipped phase 1 of Reference Processing: no references
[1.189s][debug][gc,ref            ] GC(108) ReferenceProcessor::execute queues: 1, RefProcThreadModel::Single, marks_oops_alive: false
[1.189s][debug][gc,ref            ] GC(108) Skipped phase 3 of Reference Processing: no references
[1.189s][debug][gc,ref            ] GC(108) ReferenceProcessor::execute queues: 1, RefProcThreadModel::Single, marks_oops_alive: false
[1.189s][debug][gc,phases,ref     ] GC(108) Reference Processing: 0.0ms
[1.189s][debug][gc,phases,ref     ] GC(108)   Reconsider SoftReferences: 0.0ms
[1.189s][debug][gc,phases,ref     ] GC(108)     SoftRef (ms):                  skipped
[1.189s][debug][gc,phases,ref     ] GC(108)   Notify Soft/WeakReferences: 0.0ms
[1.189s][debug][gc,phases,ref     ] GC(108)     SoftRef (ms):                  Min:  0.0, Avg:  0.0, Max:  0.0, Diff:  0.0, Sum:  0.0, Workers: 13
[1.189s][debug][gc,phases,ref     ] GC(108)     WeakRef (ms):                  Min:  0.0, Avg:  0.0, Max:  0.0, Diff:  0.0, Sum:  0.0, Workers: 13
[1.189s][debug][gc,phases,ref     ] GC(108)     FinalRef (ms):                 Min:  0.0, Avg:  0.0, Max:  0.0, Diff:  0.0, Sum:  0.0, Workers: 13
[1.189s][debug][gc,phases,ref     ] GC(108)     Total (ms):                    Min:  0.0, Avg:  0.0, Max:  0.0, Diff:  0.0, Sum:  0.0, Workers: 13
[1.189s][debug][gc,phases,ref     ] GC(108)   Notify and keep alive finalizable: 0.0ms
[1.189s][debug][gc,phases,ref     ] GC(108)     FinalRef (ms):                 skipped
[1.189s][debug][gc,phases,ref     ] GC(108)   Notify PhantomReferences: 0.0ms
[1.189s][debug][gc,phases,ref     ] GC(108)     PhantomRef (ms):               Min:  0.0, Avg:  0.0, Max:  0.0, Diff:  0.0, Sum:  0.0, Workers: 13
[1.189s][debug][gc,phases,ref     ] GC(108)   SoftReference:
[1.189s][debug][gc,phases,ref     ] GC(108)     Discovered: 0
[1.189s][debug][gc,phases,ref     ] GC(108)     Cleared: 0
[1.189s][debug][gc,phases,ref     ] GC(108)   WeakReference:
[1.189s][debug][gc,phases,ref     ] GC(108)     Discovered: 7
[1.189s][debug][gc,phases,ref     ] GC(108)     Cleared: 7
[1.189s][debug][gc,phases,ref     ] GC(108)   FinalReference:
[1.189s][debug][gc,phases,ref     ] GC(108)     Discovered: 0
[1.189s][debug][gc,phases,ref     ] GC(108)     Cleared: 0
[1.189s][debug][gc,phases,ref     ] GC(108)   PhantomReference:
[1.189s][debug][gc,phases,ref     ] GC(108)     Discovered: 1
[1.189s][debug][gc,phases,ref     ] GC(108)     Cleared: 1
[1.189s][debug][gc,phases         ] GC(108) Phase 1: Reference Processing 0.114ms
[1.189s][debug][gc,phases,start   ] GC(108) Phase 1: Weak Processing
[1.189s][debug][gc,phases         ] GC(108)   VM Weak                        Min:  0.0, Avg:  0.0, Max:  0.0, Diff:  0.0, Sum:  0.0, Workers: 1
[1.189s][debug][gc,phases         ] GC(108)     Dead                           Min: 0, Avg:  0.0, Max: 0, Diff: 0, Sum: 0, Workers: 1
[1.189s][debug][gc,phases         ] GC(108)     Total                          Min: 4, Avg:  4.0, Max: 4, Diff: 0, Sum: 4, Workers: 1
[1.189s][debug][gc,phases         ] GC(108)   ObjectSynchronizer Weak        Min:  0.0, Avg:  0.0, Max:  0.0, Diff:  0.0, Sum:  0.0, Workers: 1
[1.189s][debug][gc,phases         ] GC(108)     Dead                           Min: 0, Avg:  0.0, Max: 0, Diff: 0, Sum: 0, Workers: 1
[1.189s][debug][gc,phases         ] GC(108)     Total                          Min: 4, Avg:  4.0, Max: 4, Diff: 0, Sum: 4, Workers: 1
[1.189s][debug][gc,phases         ] GC(108)   JVMTI Tag Weak OopStorage      Min:  0.0, Avg:  0.0, Max:  0.0, Diff:  0.0, Sum:  0.0, Workers: 1
[1.189s][debug][gc,phases         ] GC(108)     Dead                           Min: 0, Avg:  0.0, Max: 0, Diff: 0, Sum: 0, Workers: 1
[1.189s][debug][gc,phases         ] GC(108)     Total                          Min: 0, Avg:  0.0, Max: 0, Diff: 0, Sum: 0, Workers: 1
[1.189s][debug][gc,phases         ] GC(108)   StringTable Weak               Min:  0.0, Avg:  0.0, Max:  0.0, Diff:  0.0, Sum:  0.0, Workers: 1
[1.189s][debug][gc,phases         ] GC(108)     Dead                           Min: 0, Avg:  0.0, Max: 0, Diff: 0, Sum: 0, Workers: 1
[1.189s][debug][gc,phases         ] GC(108)     Total                          Min: 41, Avg: 41.0, Max: 41, Diff: 0, Sum: 41, Workers: 1
[1.189s][debug][gc,phases         ] GC(108)   ResolvedMethodTable Weak       Min:  0.0, Avg:  0.0, Max:  0.0, Diff:  0.0, Sum:  0.0, Workers: 1
[1.189s][debug][gc,phases         ] GC(108)     Dead                           Min: 0, Avg:  0.0, Max: 0, Diff: 0, Sum: 0, Workers: 1
[1.189s][debug][gc,phases         ] GC(108)     Total                          Min: 22, Avg: 22.0, Max: 22, Diff: 0, Sum: 22, Workers: 1
[1.189s][debug][gc,phases         ] GC(108)   JNI Weak                       Min:  0.0, Avg:  0.0, Max:  0.0, Diff:  0.0, Sum:  0.0, Workers: 1
[1.189s][debug][gc,phases         ] GC(108)     Dead                           Min: 0, Avg:  0.0, Max: 0, Diff: 0, Sum: 0, Workers: 1
[1.189s][debug][gc,phases         ] GC(108)     Total                          Min: 0, Avg:  0.0, Max: 0, Diff: 0, Sum: 0, Workers: 1
[1.189s][debug][gc,phases         ] GC(108)   StringDedup Table Weak         Min:  0.0, Avg:  0.0, Max:  0.0, Diff:  0.0, Sum:  0.0, Workers: 1
[1.189s][debug][gc,phases         ] GC(108)     Dead                           Min: 0, Avg:  0.0, Max: 0, Diff: 0, Sum: 0, Workers: 1
[1.189s][debug][gc,phases         ] GC(108)     Total                          Min: 0, Avg:  0.0, Max: 0, Diff: 0, Sum: 0, Workers: 1
[1.189s][debug][gc,phases         ] GC(108)   StringDedup Requests0 Weak     Min:  0.0, Avg:  0.0, Max:  0.0, Diff:  0.0, Sum:  0.0, Workers: 1
[1.189s][debug][gc,phases         ] GC(108)     Dead                           Min: 0, Avg:  0.0, Max: 0, Diff: 0, Sum: 0, Workers: 1
[1.189s][debug][gc,phases         ] GC(108)     Total                          Min: 0, Avg:  0.0, Max: 0, Diff: 0, Sum: 0, Workers: 1
[1.189s][debug][gc,phases         ] GC(108)   StringDedup Requests1 Weak     Min:  0.0, Avg:  0.0, Max:  0.0, Diff:  0.0, Sum:  0.0, Workers: 1
[1.189s][debug][gc,phases         ] GC(108)     Dead                           Min: 0, Avg:  0.0, Max: 0, Diff: 0, Sum: 0, Workers: 1
[1.189s][debug][gc,phases         ] GC(108)     Total                          Min: 0, Avg:  0.0, Max: 0, Diff: 0, Sum: 0, Workers: 1
[1.189s][debug][gc,phases         ] GC(108)   Weak JFR Old Object Samples    Min:  0.0, Avg:  0.0, Max:  0.0, Diff:  0.0, Sum:  0.0, Workers: 1
[1.189s][debug][gc,phases         ] GC(108)     Dead                           Min: 0, Avg:  0.0, Max: 0, Diff: 0, Sum: 0, Workers: 1
[1.189s][debug][gc,phases         ] GC(108)     Total                          Min: 0, Avg:  0.0, Max: 0, Diff: 0, Sum: 0, Workers: 1
[1.189s][debug][gc,phases         ] GC(108) Phase 1: Weak Processing 0.201ms
[1.189s][debug][gc,phases,start   ] GC(108) Phase 1: Class Unloading and Cleanup
[1.189s][debug][gc,phases,start   ] GC(108) ClassLoaderData
[1.189s][debug][gc,phases         ] GC(108) ClassLoaderData 0.004ms
[1.189s][debug][gc,phases,start   ] GC(108) Trigger cleanups
[1.189s][debug][gc,phases         ] GC(108) Trigger cleanups 0.003ms
[1.189s][debug][gc,phases         ] GC(108) Phase 1: Class Unloading and Cleanup 0.127ms
[1.189s][debug][gc,phases,start   ] GC(108) Report Object Count
[1.189s][debug][gc,phases         ] GC(108) Report Object Count 0.004ms
[1.189s][info ][gc,phases         ] GC(108) Phase 1: Mark live objects 1.071ms
[1.189s][info ][gc,phases,start   ] GC(108) Phase 2: Prepare for compaction
[1.189s][debug][gc,phases,start   ] GC(108) Phase 2: Prepare Serial Compaction
[1.189s][debug][gc,phases         ] GC(108) Phase 2: Prepare Serial Compaction 0.023ms
[1.190s][info ][gc,phases         ] GC(108) Phase 2: Prepare for compaction 0.173ms
[1.190s][info ][gc,phases,start   ] GC(108) Phase 3: Adjust pointers
[1.190s][info ][gc,phases         ] GC(108) Phase 3: Adjust pointers 0.308ms
[1.190s][info ][gc,phases,start   ] GC(108) Phase 4: Compact heap
[1.190s][debug][gc,phases,start   ] GC(108) Phase 4: Serial Compaction
[1.190s][debug][gc,phases         ] GC(108) Phase 4: Serial Compaction 0.078ms
[1.190s][info ][gc,phases         ] GC(108) Phase 4: Compact heap 0.204ms
[1.190s][debug][gc,ergo           ] GC(108) Running G1 Clear Bitmap with 4 workers for 4 work units.
[1.190s][debug][gc,ergo,ihop      ] GC(108) Request concurrent cycle initiation (occupancy higher than threshold) occupancy: 268435456B allocation request: 0B threshold: 203684592B (75.88) source: end of Full GC
[1.190s][debug][gc,alloc,stats    ] Old generation allocation in the last mutator period, old gen allocated: 0B, humongous allocated: 0B,old gen growth: 0B.
[1.190s][info ][gc,heap           ] GC(108) Eden regions: 0->0(12)
[1.190s][info ][gc,heap           ] GC(108) Survivor regions: 0->0(0)
[1.190s][info ][gc,heap           ] GC(108) Old regions: 163->163
[1.190s][info ][gc,heap           ] GC(108) Archive regions: 2->2
[1.190s][info ][gc,heap           ] GC(108) Humongous regions: 91->91
[1.190s][info ][gc,metaspace      ] GC(108) Metaspace: 136K(320K)->136K(320K) NonClass: 131K(192K)->131K(192K) Class: 5K(128K)->5K(128K)
[1.190s][debug][gc,heap           ] GC(108) Heap after GC invocations=97 (full 28):
[1.190s][debug][gc,heap           ] GC(108)  garbage-first heap   total 262144K, used 249887K [0x00000000f0000000, 0x0000000100000000)
[1.190s][debug][gc,heap           ] GC(108)   region size 1024K, 0 young (0K), 0 survivors (0K)
[1.190s][debug][gc,heap           ] GC(108)  Metaspace       used 136K, committed 320K, reserved 1114112K
[1.190s][debug][gc,heap           ] GC(108)   class space    used 5K, committed 128K, reserved 1048576K
[1.190s][info ][gc                ] GC(108) Pause Full (G1 Compaction Pause) 244M->244M(256M) 2.143ms
[1.190s][info ][gc,cpu            ] GC(108) User=0.00s Sys=0.00s Real=0.00s
[1.190s][debug][gc,ergo,heap      ] Attempt heap expansion (allocation request failed). Allocation request: 111488B
[1.190s][debug][gc,ergo,heap      ] Expand the heap. requested expansion amount: 1048576B expansion amount: 1048576B
[1.190s][debug][gc,ergo,heap      ] Did not expand the heap (heap already fully expanded)
[1.190s][info ][gc,ergo           ] Attempting maximum full compaction clearing soft references
[1.190s][debug][gc,task           ] GC(109) Requesting 7 active workers for full compaction (waste limited workers: 13, adaptive workers: 7, used limited workers: 256)
[1.190s][info ][gc,task           ] GC(109) Using 7 workers of 13 for full compaction
[1.190s][info ][gc,start          ] GC(109) Pause Full (G1 Compaction Pause)
[1.190s][debug][gc,heap           ] GC(109) Heap before GC invocations=97 (full 28):
[1.190s][debug][gc,heap           ] GC(109)  garbage-first heap   total 262144K, used 249887K [0x00000000f0000000, 0x0000000100000000)
[1.190s][debug][gc,heap           ] GC(109)   region size 1024K, 0 young (0K), 0 survivors (0K)
[1.190s][debug][gc,heap           ] GC(109)  Metaspace       used 136K, committed 320K, reserved 1114112K
[1.190s][debug][gc,heap           ] GC(109)   class space    used 5K, committed 128K, reserved 1048576K
[1.190s][debug][gc,alloc,region   ] GC(109) Mutator Allocation stats, regions: 0, wasted size: 0B ( 0.0%)
[1.190s][info ][gc,phases,start   ] GC(109) Phase 1: Mark live objects
[1.191s][debug][gc,phases,start   ] GC(109) Phase 1: Reference Processing
[1.191s][debug][gc,ref            ] GC(109) ReferenceProcessor::execute queues: 7, RefProcThreadModel::Multi, marks_oops_alive: true
[1.191s][debug][gc,ref            ] GC(109) ReferenceProcessor::execute queues: 1, RefProcThreadModel::Single, marks_oops_alive: false
[1.191s][debug][gc,ref            ] GC(109) Skipped phase 3 of Reference Processing: no references
[1.191s][debug][gc,ref            ] GC(109) Skipped phase 4 of Reference Processing: no references
[1.191s][debug][gc,phases,ref     ] GC(109) Reference Processing: 0.1ms
[1.191s][debug][gc,phases,ref     ] GC(109)   Reconsider SoftReferences: 0.1ms
[1.191s][debug][gc,phases,ref     ] GC(109)     Balance queues: 0.0ms
[1.191s][debug][gc,phases,ref     ] GC(109)     SoftRef (ms):                  Min:  0.0, Avg:  0.0, Max:  0.0, Diff:  0.0, Sum:  0.0, Workers: 7
[1.191s][debug][gc,phases,ref     ] GC(109)   Notify Soft/WeakReferences: 0.0ms
[1.191s][debug][gc,phases,ref     ] GC(109)     SoftRef (ms):                  Min:  0.0, Avg:  0.0, Max:  0.0, Diff:  0.0, Sum:  0.0, Workers: 13
[1.191s][debug][gc,phases,ref     ] GC(109)     WeakRef (ms):                  Min:  0.0, Avg:  0.0, Max:  0.0, Diff:  0.0, Sum:  0.0, Workers: 13
[1.191s][debug][gc,phases,ref     ] GC(109)     FinalRef (ms):                 Min:  0.0, Avg:  0.0, Max:  0.0, Diff:  0.0, Sum:  0.0, Workers: 13
[1.191s][debug][gc,phases,ref     ] GC(109)     Total (ms):                    Min:  0.0, Avg:  0.0, Max:  0.0, Diff:  0.0, Sum:  0.0, Workers: 13
