[0.005s][debug][gc,heap] Minimum heap 134217728  Initial heap 134217728  Maximum heap 268435456
[0.005s][info ][gc,init] Initializing The Z Garbage Collector
[0.005s][info ][gc,init] Version: 17.0.11+1-LTS (release)
[0.005s][info ][gc,init] NUMA Support: Disabled
[0.005s][info ][gc,init] CPUs: 16 total, 16 available
[0.005s][info ][gc,init] Memory: 53303M
[0.005s][info ][gc,init] Large Page Support: Disabled
[0.005s][info ][gc,init] GC Workers: 2 (dynamic)
[0.006s][info ][gc,init] Address Space Type: Contiguous/Unrestricted/Complete
[0.006s][info ][gc,init] Address Space Size: 4096M x 3 = 12288M
[0.006s][info ][gc,init] Heap Backing File: /memfd:java_heap
[0.006s][info ][gc,init] Heap Backing Filesystem: tmpfs (0x1021994)
[0.007s][info ][gc,init] Min Capacity: 128M
[0.007s][info ][gc,init] Initial Capacity: 128M
[0.007s][info ][gc,init] Max Capacity: 256M
[0.007s][info ][gc,init] Medium Page Size: 8M
[0.007s][info ][gc,init] Pre-touch: Disabled
[0.007s][info ][gc,init] Available space on backing filesystem: N/A
[0.007s][info ][gc,init] Uncommit: Enabled
[0.007s][info ][gc,init] Uncommit Delay: 300s
[0.035s][debug][gc,marking] Expanding mark stack space: 0M->32M
[0.035s][info ][gc,init   ] Runtime Workers: 2
[0.036s][info ][gc        ] Using The Z Garbage Collector
[0.042s][info ][gc,metaspace] CDS archive(s) mapped at: [0x00007f630b000000-0x00007f630bb93000-0x00007f630bb93000), size 12136448, SharedBaseAddress: 0x00007f630b000000, ArchiveRelocationMode: 1.
[0.042s][info ][gc,metaspace] Compressed class space mapped at: 0x00007f630c000000-0x00007f634c000000, reserved size: 1073741824
[0.042s][info ][gc,metaspace] Narrow klass base: 0x00007f630b000000, Narrow klass shift: 0, Narrow klass range: 0x100000000
[0.051s][debug][gc,heap     ] Uncommit Timeout: 301s
[0.054s][debug][gc,nmethod  ] Rebuilding NMethod Table: 0->1024 entries, 0(0%->0%) registered, 0(0%->0%) unregistered
[0.090s][debug][gc,heap     ] GC(0) Heap before GC invocations=0 (full 0):
[0.090s][debug][gc,heap     ] GC(0)  ZHeap           used 56M, capacity 128M, max capacity 256M
[0.090s][debug][gc,heap     ] GC(0)  Metaspace       used 185K, committed 384K, reserved 1114112K
[0.090s][debug][gc,heap     ] GC(0)   class space    used 6K, committed 128K, reserved 1048576K
[0.090s][info ][gc,start    ] GC(0) Garbage Collection (System.gc())
[0.090s][info ][gc,task     ] GC(0) Using 2 workers
[0.090s][debug][gc,phases,start] GC(0) Pause Mark Start
[0.090s][debug][gc,marking     ] GC(0) Using 2 mark stripes
[0.090s][debug][gc,marking     ] GC(0) Mark Worker/Stripe Distribution
[0.090s][debug][gc,marking     ] GC(0)   Worker 0(2) -> Stripe 0(2)
[0.090s][debug][gc,marking     ] GC(0)   Worker 1(2) -> Stripe 1(2)
[0.090s][info ][gc,phases      ] GC(0) Pause Mark Start 0.060ms
[0.090s][debug][gc,phases,start] GC(0) Concurrent Mark
[0.090s][debug][gc,task        ] GC(0) Executing Task: ZMarkRootsTask, Active Workers: 2
[0.090s][debug][gc,phases,start] GC(0) Concurrent Roots OopStorageSet (ZWorker#0)
[0.090s][debug][gc,phases,start] GC(0) Concurrent Roots OopStorageSet (ZWorker#1)
[0.090s][debug][gc,phases      ] GC(0) Concurrent Roots OopStorageSet (ZWorker#0) 0.059ms
[0.091s][debug][gc,phases,start] GC(0) Concurrent Roots ClassLoaderDataGraph (ZWorker#0)
[0.091s][debug][gc,phases      ] GC(0) Concurrent Roots OopStorageSet (ZWorker#1) 0.081ms
[0.091s][debug][gc,phases,start] GC(0) Concurrent Roots ClassLoaderDataGraph (ZWorker#1)
[0.091s][debug][gc,phases      ] GC(0) Concurrent Roots ClassLoaderDataGraph (ZWorker#1) 0.006ms
[0.091s][debug][gc,phases,start] GC(0) Concurrent Roots JavaThreads (ZWorker#1)
[0.091s][debug][gc,phases      ] GC(0) Concurrent Roots ClassLoaderDataGraph (ZWorker#0) 0.039ms
[0.091s][debug][gc,phases,start] GC(0) Concurrent Roots JavaThreads (ZWorker#0)
[0.091s][debug][gc,phases      ] GC(0) Concurrent Roots JavaThreads (ZWorker#0) 0.119ms
[0.091s][debug][gc,phases      ] GC(0) Concurrent Roots JavaThreads (ZWorker#1) 0.139ms
[0.091s][debug][gc,tlab        ] GC(0) TLAB totals: thrds: 8  refills: 11 max: 4 slow allocs: 30 max 20 waste: 34.9% gc: 979512B max: 261904B slow: 25768B max: 25768B
[0.091s][debug][gc,task        ] GC(0) Executing Task: ZMarkTask, Active Workers: 2
[0.091s][debug][gc,phases,start] GC(0) Concurrent Mark (ZWorker#0)
[0.091s][debug][gc,phases,start] GC(0) Concurrent Mark (ZWorker#1)
[0.091s][debug][gc,phases,start] GC(0) Concurrent Mark Try Terminate (ZWorker#1)
[0.091s][debug][gc,phases,start] GC(0) Concurrent Mark Try Flush (ZWorker#0)
[0.092s][debug][gc,phases      ] GC(0) Concurrent Mark Try Flush (ZWorker#0) 0.171ms
[0.092s][debug][gc,phases,start] GC(0) Concurrent Mark Try Flush (ZWorker#0)
[0.092s][debug][gc,phases      ] GC(0) Concurrent Mark Try Flush (ZWorker#0) 0.059ms
[0.092s][debug][gc,phases,start] GC(0) Concurrent Mark Try Terminate (ZWorker#0)
[0.092s][debug][gc,phases,start] GC(0) Concurrent Mark Try Flush (ZWorker#0)
[0.092s][debug][gc,phases      ] GC(0) Concurrent Mark Try Flush (ZWorker#0) 0.081ms
[0.092s][debug][gc,phases      ] GC(0) Concurrent Mark Try Terminate (ZWorker#0) 0.096ms
[0.092s][debug][gc,phases,start] GC(0) Concurrent Mark Try Terminate (ZWorker#0)
[0.092s][debug][gc,phases      ] GC(0) Concurrent Mark Try Terminate (ZWorker#0) 0.003ms
[0.092s][debug][gc,phases      ] GC(0) Concurrent Mark (ZWorker#0) 1.032ms
[0.092s][debug][gc,phases      ] GC(0) Concurrent Mark Try Terminate (ZWorker#1) 1.080ms
[0.092s][debug][gc,phases      ] GC(0) Concurrent Mark (ZWorker#1) 1.635ms
[0.092s][info ][gc,phases      ] GC(0) Concurrent Mark 2.112ms
[0.093s][debug][gc,phases,start] GC(0) Pause Mark End
[0.093s][info ][gc,phases      ] GC(0) Pause Mark End 0.016ms
[0.093s][debug][gc,phases,start] GC(0) Concurrent Mark Free
[0.093s][info ][gc,phases      ] GC(0) Concurrent Mark Free 0.010ms
[0.093s][debug][gc,phases,start] GC(0) Concurrent Process Non-Strong References
[0.093s][debug][gc,phases,start] GC(0) Concurrent References Process (ZDriver)
[0.093s][debug][gc,task        ] GC(0) Executing Task: ZReferenceProcessorTask, Active Workers: 2
[0.093s][debug][gc,phases      ] GC(0) Concurrent References Process (ZDriver) 0.041ms
[0.093s][debug][gc,task        ] GC(0) Executing Task: ZProcessWeakRootsTask, Active Workers: 2
[0.093s][debug][gc,phases,start] GC(0) Concurrent Weak Roots OopStorageSet (ZWorker#1)
[0.093s][debug][gc,phases,start] GC(0) Concurrent Weak Roots OopStorageSet (ZWorker#0)
[0.093s][debug][gc,phases      ] GC(0) Concurrent Weak Roots OopStorageSet (ZWorker#1) 0.041ms
[0.093s][debug][gc,phases      ] GC(0) Concurrent Weak Roots OopStorageSet (ZWorker#0) 0.022ms
[0.093s][debug][gc,phases,start] GC(0) Concurrent Classes Unlink (ZDriver)
[0.093s][debug][gc,phases,start] GC(0) ClassLoaderData
[0.093s][debug][gc,phases      ] GC(0) ClassLoaderData 0.007ms
[0.093s][debug][gc,phases,start] GC(0) Trigger cleanups
[0.093s][debug][gc,phases      ] GC(0) Trigger cleanups 0.004ms
[0.093s][debug][gc,task        ] GC(0) Executing Task: ZNMethodUnlinkTask, Active Workers: 2
[0.093s][debug][gc,phases      ] GC(0) Concurrent Classes Unlink (ZDriver) 0.132ms
[0.093s][debug][gc,phases,start] GC(0) Concurrent Classes Purge (ZDriver)
[0.093s][debug][gc,task        ] GC(0) Executing Task: ZNMethodPurgeTask, Active Workers: 2
[0.093s][debug][gc,phases      ] GC(0) Concurrent Classes Purge (ZDriver) 0.125ms
[0.093s][debug][gc,phases,start] GC(0) Concurrent References Enqueue (ZDriver)
[0.093s][debug][gc,phases      ] GC(0) Concurrent References Enqueue (ZDriver) 0.023ms
[0.093s][info ][gc,phases      ] GC(0) Concurrent Process Non-Strong References 0.606ms
[0.093s][debug][gc,phases,start] GC(0) Concurrent Reset Relocation Set
[0.093s][info ][gc,phases      ] GC(0) Concurrent Reset Relocation Set 0.005ms
[0.093s][debug][gc,phases,start] GC(0) Concurrent Select Relocation Set
[0.099s][debug][gc,task        ] GC(0) Executing Task: ZRelocationSetInstallTask, Active Workers: 2
[0.099s][info ][gc,phases      ] GC(0) Concurrent Select Relocation Set 5.560ms
[0.099s][debug][gc,phases,start] GC(0) Pause Relocate Start
[0.099s][info ][gc,phases      ] GC(0) Pause Relocate Start 0.025ms
[0.099s][debug][gc,phases,start] GC(0) Concurrent Relocate
[0.099s][debug][gc,task        ] GC(0) Executing Task: ZRelocateTask, Active Workers: 2
[0.099s][info ][gc,phases      ] GC(0) Concurrent Relocate 0.062ms
[0.099s][debug][gc,heap        ] GC(0) Heap after GC invocations=1 (full 1):
[0.099s][debug][gc,heap        ] GC(0)  ZHeap           used 60M, capacity 128M, max capacity 256M
[0.099s][debug][gc,heap        ] GC(0)  Metaspace       used 186K, committed 384K, reserved 1114112K
[0.099s][debug][gc,heap        ] GC(0)   class space    used 6K, committed 128K, reserved 1048576K
[0.099s][info ][gc,load        ] GC(0) Load: 0.06/0.03/0.08
[0.099s][info ][gc,mmu         ] GC(0) MMU: 2ms/97.0%, 5ms/98.5%, 10ms/99.0%, 20ms/99.5%, 50ms/99.8%, 100ms/99.9%
[0.099s][info ][gc,marking     ] GC(0) Mark: 2 stripe(s), 2 proactive flush(es), 1 terminate flush(es), 0 completion(s), 0 continuation(s) 
[0.099s][info ][gc,marking     ] GC(0) Mark Stack Usage: 32M
[0.099s][info ][gc,nmethod     ] GC(0) NMethods: 83 registered, 0 unregistered
[0.099s][info ][gc,metaspace   ] GC(0) Metaspace: 0M used, 0M committed, 1088M reserved
[0.099s][info ][gc,ref         ] GC(0) Soft: 11 encountered, 0 discovered, 0 enqueued
[0.099s][info ][gc,ref         ] GC(0) Weak: 42 encountered, 8 discovered, 8 enqueued
[0.099s][info ][gc,ref         ] GC(0) Final: 0 encountered, 0 discovered, 0 enqueued
[0.099s][info ][gc,ref         ] GC(0) Phantom: 2 encountered, 1 discovered, 1 enqueued
[0.099s][info ][gc,reloc       ] GC(0) Small Pages: 2 / 4M, Empty: 0M, Relocated: 0M, In-Place: 0
[0.099s][info ][gc,reloc       ] GC(0) Medium Pages: 0 / 0M, Empty: 0M, Relocated: 0M, In-Place: 0
[0.099s][info ][gc,reloc       ] GC(0) Large Pages: 21 / 52M, Empty: 0M, Relocated: 0M, In-Place: 0
[0.099s][info ][gc,reloc       ] GC(0) Forwarding Usage: 0M
[0.099s][info ][gc,heap        ] GC(0) Min Capacity: 128M(50%)
[0.099s][info ][gc,heap        ] GC(0) Max Capacity: 256M(100%)
[0.099s][info ][gc,heap        ] GC(0) Soft Max Capacity: 256M(100%)
[0.099s][info ][gc,heap        ] GC(0)                Mark Start          Mark End        Relocate Start      Relocate End           High               Low         
[0.099s][info ][gc,heap        ] GC(0)  Capacity:      128M (50%)         128M (50%)         128M (50%)         128M (50%)         128M (50%)         128M (50%)    
[0.099s][info ][gc,heap        ] GC(0)      Free:      200M (78%)         198M (77%)         196M (77%)         196M (77%)         200M (78%)         196M (77%)    
[0.099s][info ][gc,heap        ] GC(0)      Used:       56M (22%)          58M (23%)          60M (23%)          60M (23%)          60M (23%)          56M (22%)    
[0.099s][info ][gc,heap        ] GC(0)      Live:         -                54M (21%)          54M (21%)          54M (21%)            -                  -          
[0.099s][info ][gc,heap        ] GC(0) Allocated:         -                 2M (1%)            4M (2%)            4M (2%)             -                  -          
[0.099s][info ][gc,heap        ] GC(0)   Garbage:         -                 1M (1%)            1M (1%)            1M (1%)             -                  -          
[0.099s][info ][gc,heap        ] GC(0) Reclaimed:         -                  -                 0M (0%)            0M (0%)             -                  -          
[0.099s][info ][gc             ] GC(0) Garbage Collection (System.gc()) 56M(22%)->60M(23%)
[0.151s][debug][gc,alloc       ] Allocation Rate: 80.0MB/s, Predicted: -nanMB/s, Avg: 80.0(+/-0.0)MB/s
[0.151s][debug][gc,director    ] Rule: Warmup 10%, Used: 76MB, UsedThreshold: 25MB
[0.151s][debug][gc,heap        ] GC(1) Heap before GC invocations=1 (full 1):
[0.151s][debug][gc,heap        ] GC(1)  ZHeap           used 76M, capacity 128M, max capacity 256M
[0.151s][debug][gc,heap        ] GC(1)  Metaspace       used 189K, committed 384K, reserved 1114112K
[0.152s][debug][gc,heap        ] GC(1)   class space    used 6K, committed 128K, reserved 1048576K
[0.152s][info ][gc,start       ] GC(1) Garbage Collection (Warmup)
[0.152s][info ][gc,task        ] GC(1) Using 2 workers
[0.152s][debug][gc,phases,start] GC(1) Pause Mark Start
[0.152s][debug][gc,marking     ] GC(1) Using 2 mark stripes
[0.152s][debug][gc,marking     ] GC(1) Mark Worker/Stripe Distribution
[0.152s][debug][gc,marking     ] GC(1)   Worker 0(2) -> Stripe 0(2)
[0.152s][debug][gc,marking     ] GC(1)   Worker 1(2) -> Stripe 1(2)
[0.152s][info ][gc,phases      ] GC(1) Pause Mark Start 0.093ms
[0.152s][debug][gc,phases,start] GC(1) Concurrent Mark
[0.152s][debug][gc,task        ] GC(1) Executing Task: ZMarkRootsTask, Active Workers: 2
[0.152s][debug][gc,phases,start] GC(1) Concurrent Roots OopStorageSet (ZWorker#1)
[0.152s][debug][gc,phases      ] GC(1) Concurrent Roots OopStorageSet (ZWorker#1) 0.017ms
[0.152s][debug][gc,phases,start] GC(1) Concurrent Roots ClassLoaderDataGraph (ZWorker#1)
[0.152s][debug][gc,phases,start] GC(1) Concurrent Roots ClassLoaderDataGraph (ZWorker#0)
[0.152s][debug][gc,phases      ] GC(1) Concurrent Roots ClassLoaderDataGraph (ZWorker#0) 0.032ms
[0.152s][debug][gc,phases,start] GC(1) Concurrent Roots JavaThreads (ZWorker#0)
[0.152s][debug][gc,phases      ] GC(1) Concurrent Roots ClassLoaderDataGraph (ZWorker#1) 0.051ms
[0.152s][debug][gc,phases,start] GC(1) Concurrent Roots JavaThreads (ZWorker#1)
[0.152s][debug][gc,phases      ] GC(1) Concurrent Roots JavaThreads (ZWorker#0) 0.131ms
[0.152s][debug][gc,phases      ] GC(1) Concurrent Roots JavaThreads (ZWorker#1) 0.132ms
[0.152s][debug][gc,tlab        ] GC(1) TLAB totals: thrds: 6  refills: 6 max: 1 slow allocs: 256 max 51 waste: 37.0% gc: 581208B max: 261896B slow: 0B max: 0B
[0.152s][debug][gc,task        ] GC(1) Executing Task: ZMarkTask, Active Workers: 2
[0.152s][debug][gc,phases,start] GC(1) Concurrent Mark (ZWorker#1)
[0.152s][debug][gc,phases,start] GC(1) Concurrent Mark (ZWorker#0)
[0.153s][debug][gc,phases,start] GC(1) Concurrent Mark Try Flush (ZWorker#1)
[0.153s][debug][gc,phases      ] GC(1) Concurrent Mark Try Flush (ZWorker#1) 0.173ms
[0.153s][debug][gc,phases,start] GC(1) Concurrent Mark Try Flush (ZWorker#1)
[0.153s][debug][gc,phases      ] GC(1) Concurrent Mark Try Flush (ZWorker#1) 0.066ms
[0.153s][debug][gc,phases,start] GC(1) Concurrent Mark Try Terminate (ZWorker#1)
[0.154s][debug][gc,phases      ] GC(1) Concurrent Mark Try Terminate (ZWorker#1) 1.091ms
[0.154s][debug][gc,phases,start] GC(1) Concurrent Mark Try Flush (ZWorker#1)
[0.154s][debug][gc,phases,start] GC(1) Concurrent Mark Try Terminate (ZWorker#0)
[0.154s][debug][gc,phases      ] GC(1) Concurrent Mark Try Flush (ZWorker#1) 0.074ms
[0.154s][debug][gc,phases,start] GC(1) Concurrent Mark Try Terminate (ZWorker#1)
[0.154s][debug][gc,phases,start] GC(1) Concurrent Mark Try Flush (ZWorker#1)
[0.154s][debug][gc,phases      ] GC(1) Concurrent Mark Try Flush (ZWorker#1) 0.062ms
[0.154s][debug][gc,phases      ] GC(1) Concurrent Mark Try Terminate (ZWorker#1) 0.072ms
[0.154s][debug][gc,phases,start] GC(1) Concurrent Mark Try Terminate (ZWorker#1)
[0.154s][debug][gc,phases      ] GC(1) Concurrent Mark Try Terminate (ZWorker#1) 0.003ms
[0.154s][debug][gc,phases      ] GC(1) Concurrent Mark (ZWorker#1) 2.105ms
[0.155s][debug][gc,phases      ] GC(1) Concurrent Mark Try Terminate (ZWorker#0) 1.123ms
[0.155s][debug][gc,phases      ] GC(1) Concurrent Mark (ZWorker#0) 3.093ms
[0.155s][info ][gc,phases      ] GC(1) Concurrent Mark 3.569ms
[0.155s][debug][gc,phases,start] GC(1) Pause Mark End
[0.155s][info ][gc,phases      ] GC(1) Pause Mark End 0.039ms
[0.155s][debug][gc,phases,start] GC(1) Concurrent Mark Free
[0.155s][info ][gc,phases      ] GC(1) Concurrent Mark Free 0.017ms
[0.155s][debug][gc,phases,start] GC(1) Concurrent Process Non-Strong References
[0.155s][debug][gc,phases,start] GC(1) Concurrent References Process (ZDriver)
[0.155s][debug][gc,task        ] GC(1) Executing Task: ZReferenceProcessorTask, Active Workers: 2
[0.156s][debug][gc,phases      ] GC(1) Concurrent References Process (ZDriver) 0.063ms
[0.156s][debug][gc,task        ] GC(1) Executing Task: ZProcessWeakRootsTask, Active Workers: 2
[0.156s][debug][gc,phases,start] GC(1) Concurrent Weak Roots OopStorageSet (ZWorker#1)
[0.156s][debug][gc,phases,start] GC(1) Concurrent Weak Roots OopStorageSet (ZWorker#0)
[0.156s][debug][gc,phases      ] GC(1) Concurrent Weak Roots OopStorageSet (ZWorker#0) 0.057ms
[0.156s][debug][gc,phases      ] GC(1) Concurrent Weak Roots OopStorageSet (ZWorker#1) 0.065ms
[0.156s][debug][gc,phases,start] GC(1) Concurrent Classes Unlink (ZDriver)
[0.156s][debug][gc,phases,start] GC(1) ClassLoaderData
[0.156s][debug][gc,phases      ] GC(1) ClassLoaderData 0.006ms
[0.156s][debug][gc,phases,start] GC(1) Trigger cleanups
[0.156s][debug][gc,phases      ] GC(1) Trigger cleanups 0.003ms
[0.156s][debug][gc,task        ] GC(1) Executing Task: ZNMethodUnlinkTask, Active Workers: 2
[0.156s][debug][gc,phases      ] GC(1) Concurrent Classes Unlink (ZDriver) 0.135ms
[0.156s][debug][gc,phases,start] GC(1) Concurrent Classes Purge (ZDriver)
[0.156s][debug][gc,task        ] GC(1) Executing Task: ZNMethodPurgeTask, Active Workers: 2
[0.156s][debug][gc,phases      ] GC(1) Concurrent Classes Purge (ZDriver) 0.072ms
[0.156s][debug][gc,phases,start] GC(1) Concurrent References Enqueue (ZDriver)
[0.156s][debug][gc,phases      ] GC(1) Concurrent References Enqueue (ZDriver) 0.004ms
[0.156s][info ][gc,phases      ] GC(1) Concurrent Process Non-Strong References 0.522ms
[0.156s][debug][gc,phases,start] GC(1) Concurrent Reset Relocation Set
[0.156s][info ][gc,phases      ] GC(1) Concurrent Reset Relocation Set 0.003ms
[0.156s][debug][gc,phases,start] GC(1) Concurrent Select Relocation Set
[0.157s][debug][gc,task        ] GC(1) Executing Task: ZRelocationSetInstallTask, Active Workers: 2
[0.157s][info ][gc,phases      ] GC(1) Concurrent Select Relocation Set 0.747ms
[0.157s][debug][gc,phases,start] GC(1) Pause Relocate Start
[0.157s][info ][gc,phases      ] GC(1) Pause Relocate Start 0.016ms
[0.157s][debug][gc,phases,start] GC(1) Concurrent Relocate
[0.157s][debug][gc,task        ] GC(1) Executing Task: ZRelocateTask, Active Workers: 2
[0.158s][info ][gc,phases      ] GC(1) Concurrent Relocate 0.973ms
[0.158s][debug][gc,heap        ] GC(1) Heap after GC invocations=2 (full 2):
[0.158s][debug][gc,heap        ] GC(1)  ZHeap           used 66M, capacity 128M, max capacity 256M
[0.158s][debug][gc,heap        ] GC(1)  Metaspace       used 189K, committed 384K, reserved 1114112K
[0.158s][debug][gc,heap        ] GC(1)   class space    used 6K, committed 128K, reserved 1048576K
[0.158s][info ][gc,load        ] GC(1) Load: 0.06/0.03/0.08
[0.158s][info ][gc,mmu         ] GC(1) MMU: 2ms/95.4%, 5ms/97.4%, 10ms/98.5%, 20ms/99.3%, 50ms/99.7%, 100ms/99.8%
[0.158s][info ][gc,marking     ] GC(1) Mark: 2 stripe(s), 3 proactive flush(es), 1 terminate flush(es), 0 completion(s), 0 continuation(s) 
[0.158s][info ][gc,marking     ] GC(1) Mark Stack Usage: 32M
[0.158s][info ][gc,nmethod     ] GC(1) NMethods: 90 registered, 0 unregistered
[0.158s][info ][gc,metaspace   ] GC(1) Metaspace: 0M used, 0M committed, 1088M reserved
[0.158s][info ][gc,ref         ] GC(1) Soft: 11 encountered, 0 discovered, 0 enqueued
[0.158s][info ][gc,ref         ] GC(1) Weak: 34 encountered, 11 discovered, 0 enqueued
[0.158s][info ][gc,ref         ] GC(1) Final: 0 encountered, 0 discovered, 0 enqueued
[0.158s][info ][gc,ref         ] GC(1) Phantom: 1 encountered, 0 discovered, 0 enqueued
[0.158s][info ][gc,reloc       ] GC(1) Small Pages: 11 / 22M, Empty: 0M, Relocated: 5M, In-Place: 0
[0.158s][info ][gc,reloc       ] GC(1) Medium Pages: 0 / 0M, Empty: 0M, Relocated: 0M, In-Place: 0
[0.158s][info ][gc,reloc       ] GC(1) Large Pages: 22 / 54M, Empty: 12M, Relocated: 0M, In-Place: 0
[0.158s][info ][gc,reloc       ] GC(1) Forwarding Usage: 0M
[0.158s][info ][gc,heap        ] GC(1) Min Capacity: 128M(50%)
[0.158s][info ][gc,heap        ] GC(1) Max Capacity: 256M(100%)
[0.158s][info ][gc,heap        ] GC(1) Soft Max Capacity: 256M(100%)
[0.158s][info ][gc,heap        ] GC(1)                Mark Start          Mark End        Relocate Start      Relocate End           High               Low         
[0.158s][info ][gc,heap        ] GC(1)  Capacity:      128M (50%)         128M (50%)         128M (50%)         128M (50%)         128M (50%)         128M (50%)    
[0.158s][info ][gc,heap        ] GC(1)      Free:      180M (70%)         178M (70%)         190M (74%)         190M (74%)         192M (75%)         178M (70%)    
[0.158s][info ][gc,heap        ] GC(1)      Used:       76M (30%)          78M (30%)          66M (26%)          66M (26%)          78M (30%)          64M (25%)    
[0.158s][info ][gc,heap        ] GC(1)      Live:         -                57M (22%)          57M (22%)          57M (22%)            -                  -          
[0.158s][info ][gc,heap        ] GC(1) Allocated:         -                 2M (1%)            2M (1%)            4M (2%)             -                  -          
[0.158s][info ][gc,heap        ] GC(1)   Garbage:         -                18M (7%)            6M (3%)            4M (2%)             -                  -          
[0.158s][info ][gc,heap        ] GC(1) Reclaimed:         -                  -                12M (5%)           14M (5%)             -                  -          
[0.158s][info ][gc             ] GC(1) Garbage Collection (Warmup) 76M(30%)->66M(26%)
[0.252s][debug][gc,alloc       ] Allocation Rate: 112.0MB/s, Predicted: 144.0MB/s, Avg: 96.0(+/-16.0)MB/s
[0.252s][debug][gc,director    ] Rule: Warmup 20%, Used: 94MB, UsedThreshold: 51MB
[0.252s][debug][gc,heap        ] GC(2) Heap before GC invocations=2 (full 2):
[0.252s][debug][gc,heap        ] GC(2)  ZHeap           used 94M, capacity 128M, max capacity 256M
[0.252s][debug][gc,heap        ] GC(2)  Metaspace       used 189K, committed 384K, reserved 1114112K
[0.252s][debug][gc,heap        ] GC(2)   class space    used 6K, committed 128K, reserved 1048576K
[0.252s][info ][gc,start       ] GC(2) Garbage Collection (Warmup)
[0.252s][info ][gc,task        ] GC(2) Using 2 workers
[0.252s][debug][gc,phases,start] GC(2) Pause Mark Start
[0.252s][debug][gc,marking     ] GC(2) Using 2 mark stripes
[0.252s][debug][gc,marking     ] GC(2) Mark Worker/Stripe Distribution
[0.252s][debug][gc,marking     ] GC(2)   Worker 0(2) -> Stripe 0(2)
[0.252s][debug][gc,marking     ] GC(2)   Worker 1(2) -> Stripe 1(2)
[0.252s][info ][gc,phases      ] GC(2) Pause Mark Start 0.069ms
[0.252s][debug][gc,phases,start] GC(2) Concurrent Mark
[0.252s][debug][gc,task        ] GC(2) Executing Task: ZMarkRootsTask, Active Workers: 2
[0.252s][debug][gc,phases,start] GC(2) Concurrent Roots OopStorageSet (ZWorker#0)
[0.252s][debug][gc,phases,start] GC(2) Concurrent Roots OopStorageSet (ZWorker#1)
[0.252s][debug][gc,phases      ] GC(2) Concurrent Roots OopStorageSet (ZWorker#0) 0.033ms
[0.252s][debug][gc,phases,start] GC(2) Concurrent Roots ClassLoaderDataGraph (ZWorker#0)
[0.252s][debug][gc,phases      ] GC(2) Concurrent Roots OopStorageSet (ZWorker#1) 0.017ms
[0.252s][debug][gc,phases,start] GC(2) Concurrent Roots ClassLoaderDataGraph (ZWorker#1)
[0.252s][debug][gc,phases      ] GC(2) Concurrent Roots ClassLoaderDataGraph (ZWorker#1) 0.005ms
[0.252s][debug][gc,phases,start] GC(2) Concurrent Roots JavaThreads (ZWorker#1)
[0.252s][debug][gc,phases      ] GC(2) Concurrent Roots ClassLoaderDataGraph (ZWorker#0) 0.092ms
[0.252s][debug][gc,phases,start] GC(2) Concurrent Roots JavaThreads (ZWorker#0)
[0.252s][debug][gc,phases      ] GC(2) Concurrent Roots JavaThreads (ZWorker#0) 0.072ms
[0.252s][debug][gc,phases      ] GC(2) Concurrent Roots JavaThreads (ZWorker#1) 0.149ms
[0.252s][debug][gc,tlab        ] GC(2) TLAB totals: thrds: 5  refills: 5 max: 1 slow allocs: 431 max 87 waste: 24.1% gc: 316432B max: 65488B slow: 0B max: 0B
[0.252s][debug][gc,task        ] GC(2) Executing Task: ZMarkTask, Active Workers: 2
[0.252s][debug][gc,phases,start] GC(2) Concurrent Mark (ZWorker#0)
[0.252s][debug][gc,phases,start] GC(2) Concurrent Mark (ZWorker#1)
[0.253s][debug][gc,phases,start] GC(2) Concurrent Mark Try Terminate (ZWorker#1)
[0.254s][debug][gc,phases      ] GC(2) Concurrent Mark Try Terminate (ZWorker#1) 1.082ms
[0.254s][debug][gc,phases,start] GC(2) Concurrent Mark Try Terminate (ZWorker#1)
[0.255s][debug][gc,phases      ] GC(2) Concurrent Mark Try Terminate (ZWorker#1) 1.090ms
[0.255s][debug][gc,phases,start] GC(2) Concurrent Mark Try Terminate (ZWorker#1)
[0.255s][debug][gc,phases,start] GC(2) Concurrent Mark Try Flush (ZWorker#0)
[0.256s][debug][gc,phases      ] GC(2) Concurrent Mark Try Flush (ZWorker#0) 0.160ms
[0.256s][debug][gc,phases,start] GC(2) Concurrent Mark Try Flush (ZWorker#0)
[0.256s][debug][gc,phases      ] GC(2) Concurrent Mark Try Flush (ZWorker#0) 0.077ms
[0.256s][debug][gc,phases,start] GC(2) Concurrent Mark Try Terminate (ZWorker#0)
[0.256s][debug][gc,phases,start] GC(2) Concurrent Mark Try Flush (ZWorker#0)
[0.256s][debug][gc,phases      ] GC(2) Concurrent Mark Try Flush (ZWorker#0) 0.071ms
[0.256s][debug][gc,phases      ] GC(2) Concurrent Mark Try Terminate (ZWorker#0) 0.081ms
[0.256s][debug][gc,phases,start] GC(2) Concurrent Mark Try Terminate (ZWorker#0)
[0.256s][debug][gc,phases      ] GC(2) Concurrent Mark Try Terminate (ZWorker#0) 0.003ms
[0.256s][debug][gc,phases      ] GC(2) Concurrent Mark (ZWorker#0) 3.603ms
[0.256s][debug][gc,phases      ] GC(2) Concurrent Mark Try Terminate (ZWorker#1) 1.164ms
[0.256s][debug][gc,phases      ] GC(2) Concurrent Mark (ZWorker#1) 4.088ms
[0.256s][info ][gc,phases      ] GC(2) Concurrent Mark 4.470ms
[0.256s][debug][gc,phases,start] GC(2) Pause Mark End
[0.256s][info ][gc,phases      ] GC(2) Pause Mark End 0.023ms
[0.257s][debug][gc,phases,start] GC(2) Concurrent Mark Free
[0.257s][info ][gc,phases      ] GC(2) Concurrent Mark Free 0.010ms
[0.257s][debug][gc,phases,start] GC(2) Concurrent Process Non-Strong References
[0.257s][debug][gc,phases,start] GC(2) Concurrent References Process (ZDriver)
[0.257s][debug][gc,task        ] GC(2) Executing Task: ZReferenceProcessorTask, Active Workers: 2
[0.257s][debug][gc,phases      ] GC(2) Concurrent References Process (ZDriver) 0.057ms
[0.257s][debug][gc,task        ] GC(2) Executing Task: ZProcessWeakRootsTask, Active Workers: 2
[0.257s][debug][gc,phases,start] GC(2) Concurrent Weak Roots OopStorageSet (ZWorker#1)
[0.257s][debug][gc,phases,start] GC(2) Concurrent Weak Roots OopStorageSet (ZWorker#0)
[0.257s][debug][gc,phases      ] GC(2) Concurrent Weak Roots OopStorageSet (ZWorker#0) 0.042ms
[0.257s][debug][gc,phases      ] GC(2) Concurrent Weak Roots OopStorageSet (ZWorker#1) 0.051ms
[0.257s][debug][gc,phases,start] GC(2) Concurrent Classes Unlink (ZDriver)
[0.257s][debug][gc,phases,start] GC(2) ClassLoaderData
[0.257s][debug][gc,phases      ] GC(2) ClassLoaderData 0.006ms
[0.257s][debug][gc,phases,start] GC(2) Trigger cleanups
[0.257s][debug][gc,phases      ] GC(2) Trigger cleanups 0.003ms
[0.257s][debug][gc,task        ] GC(2) Executing Task: ZNMethodUnlinkTask, Active Workers: 2
[0.257s][debug][gc,phases      ] GC(2) Concurrent Classes Unlink (ZDriver) 0.124ms
[0.257s][debug][gc,phases,start] GC(2) Concurrent Classes Purge (ZDriver)
[0.257s][debug][gc,task        ] GC(2) Executing Task: ZNMethodPurgeTask, Active Workers: 2
[0.257s][debug][gc,phases      ] GC(2) Concurrent Classes Purge (ZDriver) 0.079ms
[0.257s][debug][gc,phases,start] GC(2) Concurrent References Enqueue (ZDriver)
[0.257s][debug][gc,phases      ] GC(2) Concurrent References Enqueue (ZDriver) 0.004ms
[0.257s][info ][gc,phases      ] GC(2) Concurrent Process Non-Strong References 0.467ms
[0.257s][debug][gc,phases,start] GC(2) Concurrent Reset Relocation Set
[0.257s][info ][gc,phases      ] GC(2) Concurrent Reset Relocation Set 0.006ms
[0.257s][debug][gc,phases,start] GC(2) Concurrent Select Relocation Set
[0.258s][debug][gc,task        ] GC(2) Executing Task: ZRelocationSetInstallTask, Active Workers: 2
[0.258s][info ][gc,phases      ] GC(2) Concurrent Select Relocation Set 0.696ms
[0.258s][debug][gc,phases,start] GC(2) Pause Relocate Start
[0.258s][info ][gc,phases      ] GC(2) Pause Relocate Start 0.016ms
[0.258s][debug][gc,phases,start] GC(2) Concurrent Relocate
[0.258s][debug][gc,task        ] GC(2) Executing Task: ZRelocateTask, Active Workers: 2
[0.259s][info ][gc,phases      ] GC(2) Concurrent Relocate 1.472ms
[0.259s][debug][gc,heap        ] GC(2) Heap after GC invocations=3 (full 3):
[0.259s][debug][gc,heap        ] GC(2)  ZHeap           used 92M, capacity 128M, max capacity 256M
[0.259s][debug][gc,heap        ] GC(2)  Metaspace       used 189K, committed 384K, reserved 1114112K
[0.259s][debug][gc,heap        ] GC(2)   class space    used 6K, committed 128K, reserved 1048576K
[0.259s][info ][gc,load        ] GC(2) Load: 0.06/0.03/0.08
[0.259s][info ][gc,mmu         ] GC(2) MMU: 2ms/95.4%, 5ms/97.4%, 10ms/98.5%, 20ms/99.3%, 50ms/99.7%, 100ms/99.8%
[0.259s][info ][gc,marking     ] GC(2) Mark: 2 stripe(s), 2 proactive flush(es), 1 terminate flush(es), 0 completion(s), 0 continuation(s) 
[0.259s][info ][gc,marking     ] GC(2) Mark Stack Usage: 32M
[0.259s][info ][gc,nmethod     ] GC(2) NMethods: 92 registered, 0 unregistered
[0.259s][info ][gc,metaspace   ] GC(2) Metaspace: 0M used, 0M committed, 1088M reserved
[0.259s][info ][gc,ref         ] GC(2) Soft: 11 encountered, 0 discovered, 0 enqueued
[0.259s][info ][gc,ref         ] GC(2) Weak: 34 encountered, 24 discovered, 0 enqueued
[0.259s][info ][gc,ref         ] GC(2) Final: 0 encountered, 0 discovered, 0 enqueued
[0.259s][info ][gc,ref         ] GC(2) Phantom: 1 encountered, 0 discovered, 0 enqueued
[0.259s][info ][gc,reloc       ] GC(2) Small Pages: 25 / 50M, Empty: 0M, Relocated: 6M, In-Place: 0
[0.259s][info ][gc,reloc       ] GC(2) Medium Pages: 0 / 0M, Empty: 0M, Relocated: 0M, In-Place: 0
[0.259s][info ][gc,reloc       ] GC(2) Large Pages: 22 / 44M, Empty: 2M, Relocated: 0M, In-Place: 0
[0.259s][info ][gc,reloc       ] GC(2) Forwarding Usage: 0M
[0.259s][info ][gc,heap        ] GC(2) Min Capacity: 128M(50%)
[0.259s][info ][gc,heap        ] GC(2) Max Capacity: 256M(100%)
[0.259s][info ][gc,heap        ] GC(2) Soft Max Capacity: 256M(100%)
[0.259s][info ][gc,heap        ] GC(2)                Mark Start          Mark End        Relocate Start      Relocate End           High               Low         
[0.259s][info ][gc,heap        ] GC(2)  Capacity:      128M (50%)         128M (50%)         128M (50%)         128M (50%)         128M (50%)         128M (50%)    
[0.259s][info ][gc,heap        ] GC(2)      Free:      162M (63%)         158M (62%)         158M (62%)         164M (64%)         164M (64%)         154M (60%)    
[0.259s][info ][gc,heap        ] GC(2)      Used:       94M (37%)          98M (38%)          98M (38%)          92M (36%)         102M (40%)          92M (36%)    
[0.259s][info ][gc,heap        ] GC(2)      Live:         -                79M (31%)          79M (31%)          79M (31%)            -                  -          
[0.259s][info ][gc,heap        ] GC(2) Allocated:         -                 4M (2%)            6M (2%)            5M (2%)             -                  -          
[0.259s][info ][gc,heap        ] GC(2)   Garbage:         -                14M (6%)           12M (5%)            6M (2%)             -                  -          
[0.259s][info ][gc,heap        ] GC(2) Reclaimed:         -                  -                 2M (1%)            7M (3%)             -                  -          
[0.259s][info ][gc             ] GC(2) Garbage Collection (Warmup) 94M(37%)->92M(36%)
[0.352s][debug][gc,alloc       ] Allocation Rate: 166.0MB/s, Predicted: 205.3MB/s, Avg: 119.3(+/-35.5)MB/s
[0.352s][debug][gc,director    ] Rule: Warmup 30%, Used: 130MB, UsedThreshold: 76MB
[0.352s][debug][gc,heap        ] GC(3) Heap before GC invocations=3 (full 3):
[0.352s][debug][gc,heap        ] GC(3)  ZHeap           used 130M, capacity 134M, max capacity 256M
[0.352s][debug][gc,heap        ] GC(3)  Metaspace       used 189K, committed 384K, reserved 1114112K
[0.352s][debug][gc,heap        ] GC(3)   class space    used 6K, committed 128K, reserved 1048576K
[0.352s][info ][gc,start       ] GC(3) Garbage Collection (Warmup)
[0.352s][info ][gc,task        ] GC(3) Using 2 workers
[0.352s][debug][gc,phases,start] GC(3) Pause Mark Start
[0.352s][debug][gc,marking     ] GC(3) Using 2 mark stripes
[0.352s][debug][gc,marking     ] GC(3) Mark Worker/Stripe Distribution
[0.352s][debug][gc,marking     ] GC(3)   Worker 0(2) -> Stripe 0(2)
[0.352s][debug][gc,marking     ] GC(3)   Worker 1(2) -> Stripe 1(2)
[0.352s][info ][gc,phases      ] GC(3) Pause Mark Start 0.049ms
[0.352s][debug][gc,phases,start] GC(3) Concurrent Mark
[0.352s][debug][gc,task        ] GC(3) Executing Task: ZMarkRootsTask, Active Workers: 2
[0.352s][debug][gc,phases,start] GC(3) Concurrent Roots OopStorageSet (ZWorker#0)
[0.352s][debug][gc,phases,start] GC(3) Concurrent Roots OopStorageSet (ZWorker#1)
[0.352s][debug][gc,phases      ] GC(3) Concurrent Roots OopStorageSet (ZWorker#1) 0.032ms
[0.352s][debug][gc,phases      ] GC(3) Concurrent Roots OopStorageSet (ZWorker#0) 0.036ms
[0.352s][debug][gc,phases,start] GC(3) Concurrent Roots ClassLoaderDataGraph (ZWorker#0)
[0.352s][debug][gc,phases,start] GC(3) Concurrent Roots ClassLoaderDataGraph (ZWorker#1)
[0.352s][debug][gc,phases      ] GC(3) Concurrent Roots ClassLoaderDataGraph (ZWorker#1) 0.038ms
[0.352s][debug][gc,phases,start] GC(3) Concurrent Roots JavaThreads (ZWorker#1)
[0.352s][debug][gc,phases      ] GC(3) Concurrent Roots ClassLoaderDataGraph (ZWorker#0) 0.098ms
[0.352s][debug][gc,phases,start] GC(3) Concurrent Roots JavaThreads (ZWorker#0)
[0.352s][debug][gc,phases      ] GC(3) Concurrent Roots JavaThreads (ZWorker#1) 0.124ms
[0.352s][debug][gc,phases      ] GC(3) Concurrent Roots JavaThreads (ZWorker#0) 0.063ms
[0.353s][debug][gc,tlab        ] GC(3) TLAB totals: thrds: 5  refills: 5 max: 1 slow allocs: 435 max 88 waste: 24.2% gc: 317552B max: 65488B slow: 0B max: 0B
[0.353s][debug][gc,task        ] GC(3) Executing Task: ZMarkTask, Active Workers: 2
[0.353s][debug][gc,phases,start] GC(3) Concurrent Mark (ZWorker#1)
[0.353s][debug][gc,phases,start] GC(3) Concurrent Mark (ZWorker#0)
[0.354s][debug][gc,phases,start] GC(3) Concurrent Mark Try Flush (ZWorker#1)
[0.354s][debug][gc,phases      ] GC(3) Concurrent Mark Try Flush (ZWorker#1) 0.198ms
[0.354s][debug][gc,phases,start] GC(3) Concurrent Mark Try Flush (ZWorker#1)
[0.354s][debug][gc,phases      ] GC(3) Concurrent Mark Try Flush (ZWorker#1) 0.063ms
[0.354s][debug][gc,phases,start] GC(3) Concurrent Mark Try Terminate (ZWorker#1)
[0.356s][debug][gc,phases      ] GC(3) Concurrent Mark Try Terminate (ZWorker#1) 1.087ms
[0.356s][debug][gc,phases,start] GC(3) Concurrent Mark Try Flush (ZWorker#1)
[0.356s][debug][gc,phases      ] GC(3) Concurrent Mark Try Flush (ZWorker#1) 0.084ms
[0.356s][debug][gc,phases,start] GC(3) Concurrent Mark Try Terminate (ZWorker#1)
[0.356s][debug][gc,phases,start] GC(3) Concurrent Mark Try Terminate (ZWorker#0)
[0.356s][debug][gc,phases,start] GC(3) Concurrent Mark Try Flush (ZWorker#0)
[0.356s][debug][gc,phases      ] GC(3) Concurrent Mark Try Flush (ZWorker#0) 0.079ms
[0.356s][debug][gc,phases      ] GC(3) Concurrent Mark Try Terminate (ZWorker#0) 0.103ms
[0.356s][debug][gc,phases,start] GC(3) Concurrent Mark Try Terminate (ZWorker#0)
[0.356s][debug][gc,phases      ] GC(3) Concurrent Mark Try Terminate (ZWorker#0) 0.003ms
[0.356s][debug][gc,phases      ] GC(3) Concurrent Mark (ZWorker#0) 3.168ms
[0.357s][debug][gc,phases      ] GC(3) Concurrent Mark Try Terminate (ZWorker#1) 1.165ms
[0.357s][debug][gc,phases      ] GC(3) Concurrent Mark (ZWorker#1) 4.211ms
[0.357s][info ][gc,phases      ] GC(3) Concurrent Mark 4.690ms
[0.357s][debug][gc,phases,start] GC(3) Pause Mark End
[0.357s][info ][gc,phases      ] GC(3) Pause Mark End 0.019ms
[0.357s][debug][gc,phases,start] GC(3) Concurrent Mark Free
[0.357s][info ][gc,phases      ] GC(3) Concurrent Mark Free 0.015ms
[0.357s][debug][gc,phases,start] GC(3) Concurrent Process Non-Strong References
[0.357s][debug][gc,phases,start] GC(3) Concurrent References Process (ZDriver)
[0.357s][debug][gc,task        ] GC(3) Executing Task: ZReferenceProcessorTask, Active Workers: 2
[0.357s][debug][gc,phases      ] GC(3) Concurrent References Process (ZDriver) 0.043ms
[0.357s][debug][gc,task        ] GC(3) Executing Task: ZProcessWeakRootsTask, Active Workers: 2
[0.357s][debug][gc,phases,start] GC(3) Concurrent Weak Roots OopStorageSet (ZWorker#0)
[0.357s][debug][gc,phases,start] GC(3) Concurrent Weak Roots OopStorageSet (ZWorker#1)
[0.357s][debug][gc,phases      ] GC(3) Concurrent Weak Roots OopStorageSet (ZWorker#0) 0.089ms
[0.357s][debug][gc,phases      ] GC(3) Concurrent Weak Roots OopStorageSet (ZWorker#1) 0.088ms
[0.357s][debug][gc,phases,start] GC(3) Concurrent Classes Unlink (ZDriver)
[0.357s][debug][gc,phases,start] GC(3) ClassLoaderData
[0.357s][debug][gc,phases      ] GC(3) ClassLoaderData 0.007ms
[0.357s][debug][gc,phases,start] GC(3) Trigger cleanups
[0.357s][debug][gc,phases      ] GC(3) Trigger cleanups 0.004ms
[0.357s][debug][gc,task        ] GC(3) Executing Task: ZNMethodUnlinkTask, Active Workers: 2
[0.358s][debug][gc,phases      ] GC(3) Concurrent Classes Unlink (ZDriver) 0.193ms
[0.358s][debug][gc,phases,start] GC(3) Concurrent Classes Purge (ZDriver)
[0.358s][debug][gc,task        ] GC(3) Executing Task: ZNMethodPurgeTask, Active Workers: 2
[0.358s][debug][gc,phases      ] GC(3) Concurrent Classes Purge (ZDriver) 0.180ms
[0.358s][debug][gc,phases,start] GC(3) Concurrent References Enqueue (ZDriver)
[0.358s][debug][gc,phases      ] GC(3) Concurrent References Enqueue (ZDriver) 0.015ms
[0.358s][info ][gc,phases      ] GC(3) Concurrent Process Non-Strong References 0.895ms
[0.358s][debug][gc,phases,start] GC(3) Concurrent Reset Relocation Set
[0.358s][info ][gc,phases      ] GC(3) Concurrent Reset Relocation Set 0.023ms
[0.358s][debug][gc,phases,start] GC(3) Concurrent Select Relocation Set
[0.359s][debug][gc,task        ] GC(3) Executing Task: ZRelocationSetInstallTask, Active Workers: 2
[0.359s][info ][gc,phases      ] GC(3) Concurrent Select Relocation Set 0.624ms
[0.359s][debug][gc,phases,start] GC(3) Pause Relocate Start
[0.359s][info ][gc,phases      ] GC(3) Pause Relocate Start 0.011ms
[0.359s][debug][gc,phases,start] GC(3) Concurrent Relocate
[0.359s][debug][gc,task        ] GC(3) Executing Task: ZRelocateTask, Active Workers: 2
[0.359s][info ][gc,phases      ] GC(3) Concurrent Relocate 0.182ms
[0.359s][debug][gc,heap        ] GC(3) Heap after GC invocations=4 (full 4):
[0.359s][debug][gc,heap        ] GC(3)  ZHeap           used 132M, capacity 134M, max capacity 256M
[0.359s][debug][gc,heap        ] GC(3)  Metaspace       used 189K, committed 384K, reserved 1114112K
[0.359s][debug][gc,heap        ] GC(3)   class space    used 6K, committed 128K, reserved 1048576K
[0.359s][info ][gc,load        ] GC(3) Load: 0.06/0.03/0.08
[0.359s][info ][gc,mmu         ] GC(3) MMU: 2ms/95.4%, 5ms/97.4%, 10ms/98.5%, 20ms/99.3%, 50ms/99.7%, 100ms/99.8%
[0.359s][info ][gc,marking     ] GC(3) Mark: 2 stripe(s), 3 proactive flush(es), 1 terminate flush(es), 0 completion(s), 0 continuation(s) 
[0.359s][info ][gc,marking     ] GC(3) Mark Stack Usage: 32M
[0.359s][info ][gc,nmethod     ] GC(3) NMethods: 93 registered, 0 unregistered
[0.359s][info ][gc,metaspace   ] GC(3) Metaspace: 0M used, 0M committed, 1088M reserved
[0.359s][info ][gc,ref         ] GC(3) Soft: 11 encountered, 0 discovered, 0 enqueued
[0.359s][info ][gc,ref         ] GC(3) Weak: 34 encountered, 24 discovered, 0 enqueued
[0.359s][info ][gc,ref         ] GC(3) Final: 0 encountered, 0 discovered, 0 enqueued
[0.359s][info ][gc,ref         ] GC(3) Phantom: 1 encountered, 1 discovered, 0 enqueued
[0.359s][info ][gc,reloc       ] GC(3) Small Pages: 37 / 74M, Empty: 0M, Relocated: 0M, In-Place: 0
[0.359s][info ][gc,reloc       ] GC(3) Medium Pages: 0 / 0M, Empty: 0M, Relocated: 0M, In-Place: 0
[0.359s][info ][gc,reloc       ] GC(3) Large Pages: 23 / 56M, Empty: 2M, Relocated: 0M, In-Place: 0
[0.359s][info ][gc,reloc       ] GC(3) Forwarding Usage: 0M
[0.359s][info ][gc,heap        ] GC(3) Min Capacity: 128M(50%)
[0.359s][info ][gc,heap        ] GC(3) Max Capacity: 256M(100%)
[0.359s][info ][gc,heap        ] GC(3) Soft Max Capacity: 256M(100%)
[0.359s][info ][gc,heap        ] GC(3)                Mark Start          Mark End        Relocate Start      Relocate End           High               Low         
[0.359s][info ][gc,heap        ] GC(3)  Capacity:      134M (52%)         134M (52%)         134M (52%)         134M (52%)         134M (52%)         134M (52%)    
[0.359s][info ][gc,heap        ] GC(3)      Free:      126M (49%)         124M (48%)         124M (48%)         124M (48%)         126M (49%)         122M (48%)    
[0.359s][info ][gc,heap        ] GC(3)      Used:      130M (51%)         132M (52%)         132M (52%)         132M (52%)         134M (52%)         130M (51%)    
[0.359s][info ][gc,heap        ] GC(3)      Live:         -               113M (44%)         113M (44%)         113M (44%)            -                  -          
[0.359s][info ][gc,heap        ] GC(3) Allocated:         -                 2M (1%)            4M (2%)            4M (2%)             -                  -          
[0.359s][info ][gc,heap        ] GC(3)   Garbage:         -                16M (6%)           14M (6%)           14M (6%)             -                  -          
[0.359s][info ][gc,heap        ] GC(3) Reclaimed:         -                  -                 2M (1%)            2M (1%)             -                  -          
[0.359s][info ][gc             ] GC(3) Garbage Collection (Warmup) 130M(51%)->132M(52%)
[0.452s][debug][gc,alloc       ] Allocation Rate: 216.0MB/s, Predicted: 259.0MB/s, Avg: 143.5(+/-51.9)MB/s
[0.452s][debug][gc,director    ] Select GC Workers (Unsteady), AvoidLongGCWorkers: 0.002, AvoidOOMGCWorkers: 0.111, LastGCWorkers: 2.000, HalfGCWorkers: 1.000, GCWorkers: 2.000
[0.452s][debug][gc,director    ] Rule: Allocation Rate (Dynamic GC Workers), MaxAllocRate: 429.9MB/s (+/-36.2%), Free: 82MB, GCCPUTime: 0.019, GCDuration: 0.012s, TimeUntilOOM: 0.140s, TimeUntilGC: 0.028s, GCWorkers: 2 -> 2
[0.452s][debug][gc,director    ] Rule: High Usage, Free: 82MB(32.0%)
[0.452s][debug][gc,director    ] Rule: Proactive, AcceptableGCInterval: 0.576s, TimeSinceLastGC: 0.093s, TimeUntilGC: 0.483s
[0.552s][debug][gc,alloc       ] Allocation Rate: 278.0MB/s, Predicted: 320.4MB/s, Avg: 170.4(+/-71.1)MB/s
[0.552s][debug][gc,director    ] Select GC Workers (Unsteady), AvoidLongGCWorkers: 0.002, AvoidOOMGCWorkers: 0.363, LastGCWorkers: 2.000, HalfGCWorkers: 1.000, GCWorkers: 2.000
[0.552s][debug][gc,director    ] Rule: Allocation Rate (Dynamic GC Workers), MaxAllocRate: 554.3MB/s (+/-41.7%), Free: 36MB, GCCPUTime: 0.019, GCDuration: 0.012s, TimeUntilOOM: 0.046s, TimeUntilGC: -0.066s, GCWorkers: 2 -> 2
[0.552s][debug][gc,heap        ] GC(4) Heap before GC invocations=4 (full 4):
[0.552s][debug][gc,heap        ] GC(4)  ZHeap           used 208M, capacity 210M, max capacity 256M
[0.552s][debug][gc,heap        ] GC(4)  Metaspace       used 194K, committed 384K, reserved 1114112K
[0.552s][debug][gc,heap        ] GC(4)   class space    used 6K, committed 128K, reserved 1048576K
[0.552s][info ][gc,start       ] GC(4) Garbage Collection (Allocation Rate)
[0.552s][info ][gc,task        ] GC(4) Using 2 workers
[0.553s][debug][gc,phases,start] GC(4) Pause Mark Start
[0.553s][debug][gc,marking     ] GC(4) Using 2 mark stripes
[0.553s][debug][gc,marking     ] GC(4) Mark Worker/Stripe Distribution
[0.553s][debug][gc,marking     ] GC(4)   Worker 0(2) -> Stripe 0(2)
[0.553s][debug][gc,marking     ] GC(4)   Worker 1(2) -> Stripe 1(2)
[0.553s][info ][gc,phases      ] GC(4) Pause Mark Start 0.067ms
[0.553s][debug][gc,phases,start] GC(4) Concurrent Mark
[0.553s][debug][gc,task        ] GC(4) Executing Task: ZMarkRootsTask, Active Workers: 2
[0.553s][debug][gc,phases,start] GC(4) Concurrent Roots OopStorageSet (ZWorker#1)
[0.553s][debug][gc,phases,start] GC(4) Concurrent Roots OopStorageSet (ZWorker#0)
[0.554s][debug][gc,phases      ] GC(4) Concurrent Roots OopStorageSet (ZWorker#1) 0.072ms
[0.554s][debug][gc,phases,start] GC(4) Concurrent Roots ClassLoaderDataGraph (ZWorker#1)
[0.554s][debug][gc,phases      ] GC(4) Concurrent Roots OopStorageSet (ZWorker#0) 0.088ms
[0.554s][debug][gc,phases,start] GC(4) Concurrent Roots ClassLoaderDataGraph (ZWorker#0)
[0.554s][debug][gc,phases      ] GC(4) Concurrent Roots ClassLoaderDataGraph (ZWorker#0) 0.005ms
[0.554s][debug][gc,phases      ] GC(4) Concurrent Roots ClassLoaderDataGraph (ZWorker#1) 0.032ms
[0.554s][debug][gc,phases,start] GC(4) Concurrent Roots JavaThreads (ZWorker#1)
[0.554s][debug][gc,phases,start] GC(4) Concurrent Roots JavaThreads (ZWorker#0)
[0.554s][debug][gc,phases      ] GC(4) Concurrent Roots JavaThreads (ZWorker#1) 0.088ms
[0.554s][debug][gc,phases      ] GC(4) Concurrent Roots JavaThreads (ZWorker#0) 0.114ms
[0.554s][debug][gc,tlab        ] GC(4) TLAB totals: thrds: 6  refills: 6 max: 1 slow allocs: 849 max 171 waste: 36.5% gc: 574688B max: 262072B slow: 0B max: 0B
[0.554s][debug][gc,task        ] GC(4) Executing Task: ZMarkTask, Active Workers: 2
[0.554s][debug][gc,phases,start] GC(4) Concurrent Mark (ZWorker#1)
[0.554s][debug][gc,phases,start] GC(4) Concurrent Mark (ZWorker#0)
[0.557s][debug][gc,phases,start] GC(4) Concurrent Mark Try Terminate (ZWorker#0)
[0.557s][debug][gc,phases,start] GC(4) Concurrent Mark Try Flush (ZWorker#1)
[0.557s][debug][gc,phases      ] GC(4) Concurrent Mark Try Flush (ZWorker#1) 0.155ms
[0.557s][debug][gc,phases,start] GC(4) Concurrent Mark Try Flush (ZWorker#1)
[0.557s][debug][gc,phases      ] GC(4) Concurrent Mark Try Flush (ZWorker#1) 0.054ms
[0.557s][debug][gc,phases,start] GC(4) Concurrent Mark Try Terminate (ZWorker#1)
[0.557s][debug][gc,phases,start] GC(4) Concurrent Mark Try Flush (ZWorker#1)
[0.557s][debug][gc,phases      ] GC(4) Concurrent Mark Try Flush (ZWorker#1) 0.126ms
[0.557s][debug][gc,phases      ] GC(4) Concurrent Mark Try Terminate (ZWorker#1) 0.143ms
[0.557s][debug][gc,phases,start] GC(4) Concurrent Mark Try Terminate (ZWorker#1)
[0.557s][debug][gc,phases      ] GC(4) Concurrent Mark Try Terminate (ZWorker#1) 0.003ms
[0.557s][debug][gc,phases      ] GC(4) Concurrent Mark (ZWorker#1) 3.527ms
[0.558s][debug][gc,phases      ] GC(4) Concurrent Mark Try Terminate (ZWorker#0) 1.105ms
[0.558s][debug][gc,phases      ] GC(4) Concurrent Mark (ZWorker#0) 4.019ms
[0.558s][info ][gc,phases      ] GC(4) Concurrent Mark 4.449ms
[0.558s][debug][gc,phases,start] GC(4) Pause Mark End
[0.558s][info ][gc,phases      ] GC(4) Pause Mark End 0.019ms
[0.558s][debug][gc,phases,start] GC(4) Concurrent Mark Free
[0.558s][info ][gc,phases      ] GC(4) Concurrent Mark Free 0.079ms
[0.558s][debug][gc,phases,start] GC(4) Concurrent Process Non-Strong References
[0.558s][debug][gc,phases,start] GC(4) Concurrent References Process (ZDriver)
[0.558s][debug][gc,task        ] GC(4) Executing Task: ZReferenceProcessorTask, Active Workers: 2
[0.559s][debug][gc,phases      ] GC(4) Concurrent References Process (ZDriver) 0.242ms
[0.559s][debug][gc,task        ] GC(4) Executing Task: ZProcessWeakRootsTask, Active Workers: 2
[0.559s][debug][gc,phases,start] GC(4) Concurrent Weak Roots OopStorageSet (ZWorker#1)
[0.559s][debug][gc,phases      ] GC(4) Concurrent Weak Roots OopStorageSet (ZWorker#1) 0.057ms
[0.559s][debug][gc,phases,start] GC(4) Concurrent Classes Unlink (ZDriver)
[0.559s][debug][gc,phases,start] GC(4) ClassLoaderData
[0.559s][debug][gc,phases      ] GC(4) ClassLoaderData 0.035ms
[0.559s][debug][gc,phases,start] GC(4) Trigger cleanups
[0.559s][debug][gc,phases      ] GC(4) Trigger cleanups 0.024ms
[0.559s][debug][gc,task        ] GC(4) Executing Task: ZNMethodUnlinkTask, Active Workers: 2
[0.559s][debug][gc,phases      ] GC(4) Concurrent Classes Unlink (ZDriver) 0.462ms
[0.560s][debug][gc,phases,start] GC(4) Concurrent Classes Purge (ZDriver)
[0.560s][debug][gc,task        ] GC(4) Executing Task: ZNMethodPurgeTask, Active Workers: 2
[0.560s][debug][gc,phases      ] GC(4) Concurrent Classes Purge (ZDriver) 0.113ms
[0.560s][debug][gc,phases,start] GC(4) Concurrent References Enqueue (ZDriver)
[0.560s][debug][gc,phases      ] GC(4) Concurrent References Enqueue (ZDriver) 0.003ms
[0.560s][info ][gc,phases      ] GC(4) Concurrent Process Non-Strong References 1.392ms
[0.560s][debug][gc,phases,start] GC(4) Concurrent Reset Relocation Set
[0.560s][info ][gc,phases      ] GC(4) Concurrent Reset Relocation Set 0.003ms
[0.560s][debug][gc,phases,start] GC(4) Concurrent Select Relocation Set
[0.560s][debug][gc,task        ] GC(4) Executing Task: ZRelocationSetInstallTask, Active Workers: 2
[0.561s][info ][gc,phases      ] GC(4) Concurrent Select Relocation Set 0.985ms
[0.561s][debug][gc,phases,start] GC(4) Pause Relocate Start
[0.561s][info ][gc,phases      ] GC(4) Pause Relocate Start 0.013ms
[0.561s][debug][gc,phases,start] GC(4) Concurrent Relocate
[0.561s][debug][gc,task        ] GC(4) Executing Task: ZRelocateTask, Active Workers: 2
[0.564s][info ][gc,phases      ] GC(4) Concurrent Relocate 2.689ms
[0.564s][debug][gc,heap        ] GC(4) Heap after GC invocations=5 (full 5):
[0.564s][debug][gc,heap        ] GC(4)  ZHeap           used 194M, capacity 210M, max capacity 256M
[0.564s][debug][gc,heap        ] GC(4)  Metaspace       used 194K, committed 384K, reserved 1114112K
[0.564s][debug][gc,heap        ] GC(4)   class space    used 6K, committed 128K, reserved 1048576K
[0.564s][info ][gc,load        ] GC(4) Load: 0.06/0.03/0.08
[0.564s][info ][gc,mmu         ] GC(4) MMU: 2ms/95.4%, 5ms/97.4%, 10ms/98.5%, 20ms/99.3%, 50ms/99.7%, 100ms/99.8%
[0.564s][info ][gc,marking     ] GC(4) Mark: 2 stripe(s), 2 proactive flush(es), 1 terminate flush(es), 0 completion(s), 0 continuation(s) 
[0.564s][info ][gc,marking     ] GC(4) Mark Stack Usage: 32M
[0.564s][info ][gc,nmethod     ] GC(4) NMethods: 101 registered, 0 unregistered
[0.564s][info ][gc,metaspace   ] GC(4) Metaspace: 0M used, 0M committed, 1088M reserved
[0.564s][info ][gc,ref         ] GC(4) Soft: 11 encountered, 0 discovered, 0 enqueued
[0.564s][info ][gc,ref         ] GC(4) Weak: 34 encountered, 24 discovered, 0 enqueued
[0.564s][info ][gc,ref         ] GC(4) Final: 0 encountered, 0 discovered, 0 enqueued
[0.564s][info ][gc,ref         ] GC(4) Phantom: 1 encountered, 1 discovered, 0 enqueued
[0.564s][info ][gc,reloc       ] GC(4) Small Pages: 66 / 132M, Empty: 0M, Relocated: 19M, In-Place: 0
[0.564s][info ][gc,reloc       ] GC(4) Medium Pages: 0 / 0M, Empty: 0M, Relocated: 0M, In-Place: 0
[0.564s][info ][gc,reloc       ] GC(4) Large Pages: 26 / 72M, Empty: 2M, Relocated: 0M, In-Place: 0
[0.564s][info ][gc,reloc       ] GC(4) Forwarding Usage: 0M
[0.564s][info ][gc,heap        ] GC(4) Min Capacity: 128M(50%)
[0.564s][info ][gc,heap        ] GC(4) Max Capacity: 256M(100%)
[0.564s][info ][gc,heap        ] GC(4) Soft Max Capacity: 256M(100%)
[0.564s][info ][gc,heap        ] GC(4)                Mark Start          Mark End        Relocate Start      Relocate End           High               Low         
[0.564s][info ][gc,heap        ] GC(4)  Capacity:      210M (82%)         210M (82%)         210M (82%)         210M (82%)         210M (82%)         210M (82%)    
[0.564s][info ][gc,heap        ] GC(4)      Free:       52M (20%)          50M (20%)          50M (20%)          62M (24%)          62M (24%)          46M (18%)    
[0.564s][info ][gc,heap        ] GC(4)      Used:      204M (80%)         206M (80%)         206M (80%)         194M (76%)         210M (82%)         194M (76%)    
[0.564s][info ][gc,heap        ] GC(4)      Live:         -               171M (67%)         171M (67%)         171M (67%)            -                  -          
[0.564s][info ][gc,heap        ] GC(4) Allocated:         -                 2M (1%)            4M (2%)            4M (2%)             -                  -          
[0.564s][info ][gc,heap        ] GC(4)   Garbage:         -                32M (13%)          30M (12%)          18M (7%)             -                  -          
[0.564s][info ][gc,heap        ] GC(4) Reclaimed:         -                  -                 2M (1%)           14M (5%)             -                  -          
[0.564s][info ][gc             ] GC(4) Garbage Collection (Allocation Rate) 204M(80%)->194M(76%)
[0.626s][debug][gc,heap        ] GC(5) Heap before GC invocations=5 (full 5):
[0.626s][debug][gc,heap        ] GC(5)  ZHeap           used 216M, capacity 224M, max capacity 256M
[0.626s][debug][gc,heap        ] GC(5)  Metaspace       used 194K, committed 384K, reserved 1114112K
[0.626s][debug][gc,heap        ] GC(5)   class space    used 6K, committed 128K, reserved 1048576K
[0.626s][info ][gc,start       ] GC(5) Garbage Collection (System.gc())
[0.626s][info ][gc,task        ] GC(5) Using 2 workers
[0.626s][debug][gc,phases,start] GC(5) Pause Mark Start
[0.626s][debug][gc,marking     ] GC(5) Using 2 mark stripes
[0.626s][debug][gc,marking     ] GC(5) Mark Worker/Stripe Distribution
[0.626s][debug][gc,marking     ] GC(5)   Worker 0(2) -> Stripe 0(2)
[0.626s][debug][gc,marking     ] GC(5)   Worker 1(2) -> Stripe 1(2)
[0.626s][info ][gc,phases      ] GC(5) Pause Mark Start 0.062ms
[0.627s][debug][gc,phases,start] GC(5) Concurrent Mark
[0.627s][debug][gc,task        ] GC(5) Executing Task: ZMarkRootsTask, Active Workers: 2
[0.627s][debug][gc,phases,start] GC(5) Concurrent Roots OopStorageSet (ZWorker#0)
[0.627s][debug][gc,phases,start] GC(5) Concurrent Roots OopStorageSet (ZWorker#1)
[0.627s][debug][gc,phases      ] GC(5) Concurrent Roots OopStorageSet (ZWorker#1) 0.029ms
[0.627s][debug][gc,phases,start] GC(5) Concurrent Roots ClassLoaderDataGraph (ZWorker#1)
[0.627s][debug][gc,phases      ] GC(5) Concurrent Roots OopStorageSet (ZWorker#0) 0.047ms
[0.627s][debug][gc,phases,start] GC(5) Concurrent Roots ClassLoaderDataGraph (ZWorker#0)
[0.627s][debug][gc,phases      ] GC(5) Concurrent Roots ClassLoaderDataGraph (ZWorker#0) 0.006ms
[0.627s][debug][gc,phases,start] GC(5) Concurrent Roots JavaThreads (ZWorker#0)
[0.627s][debug][gc,phases      ] GC(5) Concurrent Roots ClassLoaderDataGraph (ZWorker#1) 0.084ms
[0.627s][debug][gc,phases,start] GC(5) Concurrent Roots JavaThreads (ZWorker#1)
[0.627s][debug][gc,phases      ] GC(5) Concurrent Roots JavaThreads (ZWorker#1) 0.107ms
[0.627s][debug][gc,phases      ] GC(5) Concurrent Roots JavaThreads (ZWorker#0) 0.179ms
[0.627s][debug][gc,tlab        ] GC(5) TLAB totals: thrds: 5  refills: 5 max: 1 slow allocs: 302 max 61 waste: 23.3% gc: 305216B max: 65488B slow: 0B max: 0B
[0.627s][debug][gc,task        ] GC(5) Executing Task: ZMarkTask, Active Workers: 2
[0.627s][debug][gc,phases,start] GC(5) Concurrent Mark (ZWorker#0)
[0.627s][debug][gc,phases,start] GC(5) Concurrent Mark (ZWorker#1)
[0.629s][debug][gc,phases,start] GC(5) Concurrent Mark Try Flush (ZWorker#1)
[0.630s][debug][gc,phases      ] GC(5) Concurrent Mark Try Flush (ZWorker#1) 0.147ms
[0.630s][debug][gc,phases,start] GC(5) Concurrent Mark Try Flush (ZWorker#1)
[0.630s][debug][gc,phases      ] GC(5) Concurrent Mark Try Flush (ZWorker#1) 0.046ms
[0.630s][debug][gc,phases,start] GC(5) Concurrent Mark Try Terminate (ZWorker#1)
[0.630s][debug][gc,phases,start] GC(5) Concurrent Mark Try Terminate (ZWorker#0)
[0.630s][debug][gc,phases,start] GC(5) Concurrent Mark Try Flush (ZWorker#0)
[0.630s][debug][gc,phases      ] GC(5) Concurrent Mark Try Flush (ZWorker#0) 0.060ms
[0.630s][debug][gc,phases      ] GC(5) Concurrent Mark Try Terminate (ZWorker#0) 0.085ms
[0.630s][debug][gc,phases,start] GC(5) Concurrent Mark Try Terminate (ZWorker#0)
[0.630s][debug][gc,phases      ] GC(5) Concurrent Mark Try Terminate (ZWorker#0) 0.005ms
[0.630s][debug][gc,phases      ] GC(5) Concurrent Mark (ZWorker#0) 2.886ms
[0.631s][debug][gc,phases      ] GC(5) Concurrent Mark Try Terminate (ZWorker#1) 1.041ms
[0.631s][debug][gc,phases      ] GC(5) Concurrent Mark (ZWorker#1) 3.704ms
[0.631s][info ][gc,phases      ] GC(5) Concurrent Mark 4.167ms
[0.631s][debug][gc,phases,start] GC(5) Pause Mark End
[0.631s][info ][gc,phases      ] GC(5) Pause Mark End 0.027ms
[0.631s][debug][gc,phases,start] GC(5) Concurrent Mark Free
[0.631s][info ][gc,phases      ] GC(5) Concurrent Mark Free 0.015ms
[0.631s][debug][gc,phases,start] GC(5) Concurrent Process Non-Strong References
[0.631s][debug][gc,phases,start] GC(5) Concurrent References Process (ZDriver)
[0.631s][debug][gc,task        ] GC(5) Executing Task: ZReferenceProcessorTask, Active Workers: 2
[0.631s][debug][gc,phases      ] GC(5) Concurrent References Process (ZDriver) 0.105ms
[0.631s][debug][gc,task        ] GC(5) Executing Task: ZProcessWeakRootsTask, Active Workers: 2
[0.631s][debug][gc,phases,start] GC(5) Concurrent Weak Roots OopStorageSet (ZWorker#0)
[0.631s][debug][gc,phases,start] GC(5) Concurrent Weak Roots OopStorageSet (ZWorker#1)
[0.631s][debug][gc,phases      ] GC(5) Concurrent Weak Roots OopStorageSet (ZWorker#0) 0.147ms
[0.631s][debug][gc,phases      ] GC(5) Concurrent Weak Roots OopStorageSet (ZWorker#1) 0.147ms
[0.631s][debug][gc,phases,start] GC(5) Concurrent Classes Unlink (ZDriver)
[0.631s][debug][gc,phases,start] GC(5) ClassLoaderData
[0.631s][debug][gc,phases      ] GC(5) ClassLoaderData 0.006ms
[0.631s][debug][gc,phases,start] GC(5) Trigger cleanups
[0.631s][debug][gc,phases      ] GC(5) Trigger cleanups 0.003ms
[0.631s][debug][gc,task        ] GC(5) Executing Task: ZNMethodUnlinkTask, Active Workers: 2
[0.631s][debug][gc,phases      ] GC(5) Concurrent Classes Unlink (ZDriver) 0.186ms
[0.632s][debug][gc,phases,start] GC(5) Concurrent Classes Purge (ZDriver)
[0.632s][debug][gc,task        ] GC(5) Executing Task: ZNMethodPurgeTask, Active Workers: 2
[0.632s][debug][gc,phases      ] GC(5) Concurrent Classes Purge (ZDriver) 0.089ms
[0.632s][debug][gc,phases,start] GC(5) Concurrent References Enqueue (ZDriver)
[0.632s][debug][gc,phases      ] GC(5) Concurrent References Enqueue (ZDriver) 0.004ms
[0.632s][info ][gc,phases      ] GC(5) Concurrent Process Non-Strong References 0.840ms
[0.632s][debug][gc,phases,start] GC(5) Concurrent Reset Relocation Set
[0.632s][info ][gc,phases      ] GC(5) Concurrent Reset Relocation Set 0.004ms
[0.632s][debug][gc,phases,start] GC(5) Concurrent Select Relocation Set
[0.632s][debug][gc,task        ] GC(5) Executing Task: ZRelocationSetInstallTask, Active Workers: 2
[0.632s][info ][gc,phases      ] GC(5) Concurrent Select Relocation Set 0.684ms
[0.632s][debug][gc,phases,start] GC(5) Pause Relocate Start
[0.632s][info ][gc,phases      ] GC(5) Pause Relocate Start 0.019ms
[0.633s][debug][gc,phases,start] GC(5) Concurrent Relocate
[0.633s][debug][gc,task        ] GC(5) Executing Task: ZRelocateTask, Active Workers: 2
[0.634s][info ][gc,phases      ] GC(5) Concurrent Relocate 1.337ms
[0.634s][debug][gc,heap        ] GC(5) Heap after GC invocations=6 (full 6):
[0.634s][debug][gc,heap        ] GC(5)  ZHeap           used 218M, capacity 224M, max capacity 256M
[0.634s][debug][gc,heap        ] GC(5)  Metaspace       used 194K, committed 384K, reserved 1114112K
[0.634s][debug][gc,heap        ] GC(5)   class space    used 6K, committed 128K, reserved 1048576K
[0.634s][info ][gc,load        ] GC(5) Load: 0.06/0.03/0.08
[0.634s][info ][gc,mmu         ] GC(5) MMU: 2ms/95.4%, 5ms/97.4%, 10ms/98.5%, 20ms/99.3%, 50ms/99.7%, 100ms/99.8%
[0.634s][info ][gc,marking     ] GC(5) Mark: 2 stripe(s), 2 proactive flush(es), 1 terminate flush(es), 0 completion(s), 0 continuation(s) 
[0.634s][info ][gc,marking     ] GC(5) Mark Stack Usage: 32M
[0.634s][info ][gc,nmethod     ] GC(5) NMethods: 101 registered, 0 unregistered
[0.634s][info ][gc,metaspace   ] GC(5) Metaspace: 0M used, 0M committed, 1088M reserved
[0.634s][info ][gc,ref         ] GC(5) Soft: 11 encountered, 0 discovered, 0 enqueued
[0.634s][info ][gc,ref         ] GC(5) Weak: 34 encountered, 22 discovered, 0 enqueued
[0.634s][info ][gc,ref         ] GC(5) Final: 0 encountered, 0 discovered, 0 enqueued
[0.634s][info ][gc,ref         ] GC(5) Phantom: 1 encountered, 0 discovered, 0 enqueued
[0.634s][info ][gc,reloc       ] GC(5) Small Pages: 71 / 142M, Empty: 0M, Relocated: 3M, In-Place: 0
[0.634s][info ][gc,reloc       ] GC(5) Medium Pages: 0 / 0M, Empty: 0M, Relocated: 0M, In-Place: 0
[0.634s][info ][gc,reloc       ] GC(5) Large Pages: 27 / 74M, Empty: 0M, Relocated: 0M, In-Place: 0
[0.634s][info ][gc,reloc       ] GC(5) Forwarding Usage: 0M
[0.634s][info ][gc,heap        ] GC(5) Min Capacity: 128M(50%)
[0.634s][info ][gc,heap        ] GC(5) Max Capacity: 256M(100%)
[0.634s][info ][gc,heap        ] GC(5) Soft Max Capacity: 256M(100%)
[0.634s][info ][gc,heap        ] GC(5)                Mark Start          Mark End        Relocate Start      Relocate End           High               Low         
[0.634s][info ][gc,heap        ] GC(5)  Capacity:      224M (88%)         224M (88%)         224M (88%)         224M (88%)         224M (88%)         224M (88%)    
[0.634s][info ][gc,heap        ] GC(5)      Free:       40M (16%)          38M (15%)          38M (15%)          38M (15%)          40M (16%)          32M (12%)    
[0.634s][info ][gc,heap        ] GC(5)      Used:      216M (84%)         218M (85%)         218M (85%)         218M (85%)         224M (88%)         216M (84%)    
[0.634s][info ][gc,heap        ] GC(5)      Live:         -               191M (75%)         191M (75%)         191M (75%)            -                  -          
[0.634s][info ][gc,heap        ] GC(5) Allocated:         -                 2M (1%)            2M (1%)            4M (2%)             -                  -          
[0.634s][info ][gc,heap        ] GC(5)   Garbage:         -                24M (9%)           24M (9%)           22M (9%)             -                  -          
[0.634s][info ][gc,heap        ] GC(5) Reclaimed:         -                  -                 0M (0%)            2M (1%)             -                  -          
[0.634s][info ][gc             ] GC(5) Garbage Collection (System.gc()) 216M(84%)->218M(85%)
[0.651s][debug][gc,alloc       ] Allocation Rate: 330.0MB/s, Predicted: 376.8MB/s, Avg: 197.0(+/-88.0)MB/s
[0.651s][debug][gc,director    ] Select GC Workers (Unsteady), AvoidLongGCWorkers: 0.002, AvoidOOMGCWorkers: 1.003, LastGCWorkers: 2.000, HalfGCWorkers: 1.000, GCWorkers: 2.000
[0.651s][debug][gc,director    ] Rule: Allocation Rate (Dynamic GC Workers), MaxAllocRate: 666.4MB/s (+/-44.7%), Free: 22MB, GCCPUTime: 0.023, GCDuration: 0.014s, TimeUntilOOM: 0.023s, TimeUntilGC: -0.091s, GCWorkers: 2 -> 2
[0.651s][debug][gc,heap        ] GC(6) Heap before GC invocations=6 (full 6):
[0.652s][debug][gc,heap        ] GC(6)  ZHeap           used 222M, capacity 224M, max capacity 256M
[0.652s][debug][gc,heap        ] GC(6)  Metaspace       used 194K, committed 384K, reserved 1114112K
[0.652s][debug][gc,heap        ] GC(6)   class space    used 6K, committed 128K, reserved 1048576K
[0.652s][info ][gc,start       ] GC(6) Garbage Collection (Allocation Rate)
[0.652s][info ][gc,task        ] GC(6) Using 2 workers
[0.652s][debug][gc,phases,start] GC(6) Pause Mark Start
[0.652s][debug][gc,marking     ] GC(6) Using 2 mark stripes
[0.652s][debug][gc,marking     ] GC(6) Mark Worker/Stripe Distribution
[0.652s][debug][gc,marking     ] GC(6)   Worker 0(2) -> Stripe 0(2)
[0.652s][debug][gc,marking     ] GC(6)   Worker 1(2) -> Stripe 1(2)
[0.652s][info ][gc,phases      ] GC(6) Pause Mark Start 0.035ms
[0.652s][debug][gc,phases,start] GC(6) Concurrent Mark
[0.652s][debug][gc,task        ] GC(6) Executing Task: ZMarkRootsTask, Active Workers: 2
[0.652s][debug][gc,phases,start] GC(6) Concurrent Roots OopStorageSet (ZWorker#0)
[0.652s][debug][gc,phases      ] GC(6) Concurrent Roots OopStorageSet (ZWorker#0) 0.059ms
[0.652s][debug][gc,phases,start] GC(6) Concurrent Roots ClassLoaderDataGraph (ZWorker#0)
[0.652s][debug][gc,phases,start] GC(6) Concurrent Roots ClassLoaderDataGraph (ZWorker#1)
[0.652s][debug][gc,phases      ] GC(6) Concurrent Roots ClassLoaderDataGraph (ZWorker#1) 0.018ms
[0.652s][debug][gc,phases,start] GC(6) Concurrent Roots JavaThreads (ZWorker#1)
[0.652s][debug][gc,phases      ] GC(6) Concurrent Roots ClassLoaderDataGraph (ZWorker#0) 0.035ms
[0.652s][debug][gc,phases,start] GC(6) Concurrent Roots JavaThreads (ZWorker#0)
[0.652s][debug][gc,phases      ] GC(6) Concurrent Roots JavaThreads (ZWorker#1) 0.088ms
[0.652s][debug][gc,phases      ] GC(6) Concurrent Roots JavaThreads (ZWorker#0) 0.078ms
[0.652s][debug][gc,tlab        ] GC(6) TLAB totals: thrds: 5  refills: 5 max: 1 slow allocs: 98 max 20 waste: 25.0% gc: 327440B max: 65488B slow: 0B max: 0B
[0.652s][debug][gc,task        ] GC(6) Executing Task: ZMarkTask, Active Workers: 2
[0.652s][debug][gc,phases,start] GC(6) Concurrent Mark (ZWorker#0)
[0.652s][debug][gc,phases,start] GC(6) Concurrent Mark (ZWorker#1)
[0.653s][debug][gc,phases,start] GC(6) Concurrent Mark Try Terminate (ZWorker#1)
[0.654s][debug][gc,phases,start] GC(6) Concurrent Mark Try Flush (ZWorker#0)
[0.654s][debug][gc,phases      ] GC(6) Concurrent Mark Try Flush (ZWorker#0) 0.120ms
[0.654s][debug][gc,phases,start] GC(6) Concurrent Mark Try Flush (ZWorker#0)
[0.654s][debug][gc,phases      ] GC(6) Concurrent Mark Try Flush (ZWorker#0) 0.058ms
[0.654s][debug][gc,phases,start] GC(6) Concurrent Mark Try Terminate (ZWorker#0)
[0.654s][debug][gc,phases,start] GC(6) Concurrent Mark Try Flush (ZWorker#0)
[0.654s][debug][gc,phases      ] GC(6) Concurrent Mark Try Flush (ZWorker#0) 0.070ms
[0.654s][debug][gc,phases      ] GC(6) Concurrent Mark Try Terminate (ZWorker#0) 0.080ms
[0.654s][debug][gc,phases,start] GC(6) Concurrent Mark Try Terminate (ZWorker#0)
[0.654s][debug][gc,phases      ] GC(6) Concurrent Mark Try Terminate (ZWorker#0) 0.003ms
[0.654s][debug][gc,phases      ] GC(6) Concurrent Mark (ZWorker#0) 1.889ms
[0.654s][debug][gc,phases      ] GC(6) Concurrent Mark Try Terminate (ZWorker#1) 1.128ms
[0.654s][debug][gc,phases      ] GC(6) Concurrent Mark (ZWorker#1) 1.817ms
[0.654s][info ][gc,phases      ] GC(6) Concurrent Mark 2.244ms
[0.654s][debug][gc,phases,start] GC(6) Pause Mark End
[0.654s][info ][gc,phases      ] GC(6) Pause Mark End 0.014ms
[0.654s][debug][gc,phases,start] GC(6) Concurrent Mark Free
[0.654s][info ][gc,phases      ] GC(6) Concurrent Mark Free 0.007ms
[0.654s][debug][gc,phases,start] GC(6) Concurrent Process Non-Strong References
[0.654s][debug][gc,phases,start] GC(6) Concurrent References Process (ZDriver)
[0.654s][debug][gc,task        ] GC(6) Executing Task: ZReferenceProcessorTask, Active Workers: 2
[0.654s][debug][gc,phases      ] GC(6) Concurrent References Process (ZDriver) 0.061ms
[0.654s][debug][gc,task        ] GC(6) Executing Task: ZProcessWeakRootsTask, Active Workers: 2
[0.654s][debug][gc,phases,start] GC(6) Concurrent Weak Roots OopStorageSet (ZWorker#0)
[0.654s][debug][gc,phases,start] GC(6) Concurrent Weak Roots OopStorageSet (ZWorker#1)
[0.654s][debug][gc,phases      ] GC(6) Concurrent Weak Roots OopStorageSet (ZWorker#1) 0.080ms
[0.654s][debug][gc,phases      ] GC(6) Concurrent Weak Roots OopStorageSet (ZWorker#0) 0.086ms
[0.654s][debug][gc,phases,start] GC(6) Concurrent Classes Unlink (ZDriver)
[0.654s][debug][gc,phases,start] GC(6) ClassLoaderData
[0.654s][debug][gc,phases      ] GC(6) ClassLoaderData 0.006ms
[0.654s][debug][gc,phases,start] GC(6) Trigger cleanups
[0.654s][debug][gc,phases      ] GC(6) Trigger cleanups 0.003ms
[0.654s][debug][gc,task        ] GC(6) Executing Task: ZNMethodUnlinkTask, Active Workers: 2
[0.654s][debug][gc,phases      ] GC(6) Concurrent Classes Unlink (ZDriver) 0.144ms
[0.654s][debug][gc,phases,start] GC(6) Concurrent Classes Purge (ZDriver)
[0.655s][debug][gc,task        ] GC(6) Executing Task: ZNMethodPurgeTask, Active Workers: 2
[0.655s][debug][gc,phases      ] GC(6) Concurrent Classes Purge (ZDriver) 0.063ms
[0.655s][debug][gc,phases,start] GC(6) Concurrent References Enqueue (ZDriver)
[0.655s][debug][gc,phases      ] GC(6) Concurrent References Enqueue (ZDriver) 0.005ms
[0.655s][info ][gc,phases      ] GC(6) Concurrent Process Non-Strong References 0.581ms
[0.655s][debug][gc,phases,start] GC(6) Concurrent Reset Relocation Set
[0.655s][info ][gc,phases      ] GC(6) Concurrent Reset Relocation Set 0.005ms
[0.655s][debug][gc,phases,start] GC(6) Concurrent Select Relocation Set
[0.655s][debug][gc,task        ] GC(6) Executing Task: ZRelocationSetInstallTask, Active Workers: 2
[0.655s][info ][gc,phases      ] GC(6) Concurrent Select Relocation Set 0.713ms
[0.655s][debug][gc,phases,start] GC(6) Pause Relocate Start
[0.655s][info ][gc,phases      ] GC(6) Pause Relocate Start 0.014ms
[0.655s][debug][gc,phases,start] GC(6) Concurrent Relocate
[0.655s][debug][gc,task        ] GC(6) Executing Task: ZRelocateTask, Active Workers: 2
[0.657s][info ][gc,phases      ] GC(6) Concurrent Relocate 1.381ms
[0.657s][debug][gc,heap        ] GC(6) Heap after GC invocations=7 (full 7):
[0.657s][debug][gc,heap        ] GC(6)  ZHeap           used 224M, capacity 228M, max capacity 256M
[0.657s][debug][gc,heap        ] GC(6)  Metaspace       used 194K, committed 384K, reserved 1114112K
[0.657s][debug][gc,heap        ] GC(6)   class space    used 6K, committed 128K, reserved 1048576K
[0.657s][info ][gc,load        ] GC(6) Load: 0.06/0.03/0.08
[0.657s][info ][gc,mmu         ] GC(6) MMU: 2ms/95.4%, 5ms/97.4%, 10ms/98.5%, 20ms/99.3%, 50ms/99.7%, 100ms/99.8%
[0.657s][info ][gc,marking     ] GC(6) Mark: 2 stripe(s), 2 proactive flush(es), 1 terminate flush(es), 0 completion(s), 0 continuation(s) 
[0.657s][info ][gc,marking     ] GC(6) Mark Stack Usage: 32M
[0.657s][info ][gc,nmethod     ] GC(6) NMethods: 101 registered, 0 unregistered
[0.657s][info ][gc,metaspace   ] GC(6) Metaspace: 0M used, 0M committed, 1088M reserved
[0.657s][info ][gc,ref         ] GC(6) Soft: 11 encountered, 0 discovered, 0 enqueued
[0.657s][info ][gc,ref         ] GC(6) Weak: 34 encountered, 9 discovered, 0 enqueued
[0.657s][info ][gc,ref         ] GC(6) Final: 0 encountered, 0 discovered, 0 enqueued
[0.657s][info ][gc,ref         ] GC(6) Phantom: 1 encountered, 0 discovered, 0 enqueued
[0.657s][info ][gc,reloc       ] GC(6) Small Pages: 74 / 148M, Empty: 0M, Relocated: 1M, In-Place: 0
[0.657s][info ][gc,reloc       ] GC(6) Medium Pages: 0 / 0M, Empty: 0M, Relocated: 0M, In-Place: 0
[0.657s][info ][gc,reloc       ] GC(6) Large Pages: 27 / 74M, Empty: 0M, Relocated: 0M, In-Place: 0
[0.657s][info ][gc,reloc       ] GC(6) Forwarding Usage: 0M
[0.657s][info ][gc,heap        ] GC(6) Min Capacity: 128M(50%)
[0.657s][info ][gc,heap        ] GC(6) Max Capacity: 256M(100%)
[0.657s][info ][gc,heap        ] GC(6) Soft Max Capacity: 256M(100%)
[0.657s][info ][gc,heap        ] GC(6)                Mark Start          Mark End        Relocate Start      Relocate End           High               Low         
[0.657s][info ][gc,heap        ] GC(6)  Capacity:      224M (88%)         224M (88%)         224M (88%)         228M (89%)         228M (89%)         224M (88%)    
[0.657s][info ][gc,heap        ] GC(6)      Free:       34M (13%)          32M (12%)          32M (12%)          32M (12%)          34M (13%)          28M (11%)    
[0.657s][info ][gc,heap        ] GC(6)      Used:      222M (87%)         224M (88%)         224M (88%)         224M (88%)         228M (89%)         222M (87%)    
[0.657s][info ][gc,heap        ] GC(6)      Live:         -               197M (77%)         197M (77%)         197M (77%)            -                  -          
[0.657s][info ][gc,heap        ] GC(6) Allocated:         -                 2M (1%)            2M (1%)            2M (1%)             -                  -          
[0.657s][info ][gc,heap        ] GC(6)   Garbage:         -                24M (9%)           24M (9%)           24M (9%)             -                  -          
[0.657s][info ][gc,heap        ] GC(6) Reclaimed:         -                  -                 0M (0%)            0M (0%)             -                  -          
[0.657s][info ][gc             ] GC(6) Garbage Collection (Allocation Rate) 222M(87%)->224M(88%)
[0.737s][debug][gc,heap        ] GC(7) Heap before GC invocations=7 (full 7):
[0.737s][debug][gc,heap        ] GC(7)  ZHeap           used 250M, capacity 252M, max capacity 256M
[0.737s][debug][gc,heap        ] GC(7)  Metaspace       used 194K, committed 384K, reserved 1114112K
[0.737s][debug][gc,heap        ] GC(7)   class space    used 6K, committed 128K, reserved 1048576K
[0.737s][info ][gc,start       ] GC(7) Garbage Collection (Allocation Stall)
[0.737s][info ][gc,ref         ] GC(7) Clearing All SoftReferences
[0.737s][info ][gc,task        ] GC(7) Using 2 workers
[0.737s][debug][gc,phases,start] GC(7) Pause Mark Start
[0.737s][debug][gc,marking     ] GC(7) Using 2 mark stripes
[0.737s][debug][gc,marking     ] GC(7) Mark Worker/Stripe Distribution
[0.737s][debug][gc,marking     ] GC(7)   Worker 0(2) -> Stripe 0(2)
[0.737s][debug][gc,marking     ] GC(7)   Worker 1(2) -> Stripe 1(2)
[0.737s][info ][gc,phases      ] GC(7) Pause Mark Start 0.053ms
[0.737s][debug][gc,phases,start] GC(7) Concurrent Mark
[0.737s][debug][gc,task        ] GC(7) Executing Task: ZMarkRootsTask, Active Workers: 2
[0.737s][debug][gc,phases,start] GC(7) Concurrent Roots OopStorageSet (ZWorker#1)
[0.737s][debug][gc,phases,start] GC(7) Concurrent Roots OopStorageSet (ZWorker#0)
[0.737s][debug][gc,phases      ] GC(7) Concurrent Roots OopStorageSet (ZWorker#0) 0.033ms
[0.737s][debug][gc,phases,start] GC(7) Concurrent Roots ClassLoaderDataGraph (ZWorker#0)
[0.737s][debug][gc,phases      ] GC(7) Concurrent Roots OopStorageSet (ZWorker#1) 0.034ms
[0.737s][debug][gc,phases,start] GC(7) Concurrent Roots ClassLoaderDataGraph (ZWorker#1)
[0.737s][debug][gc,phases      ] GC(7) Concurrent Roots ClassLoaderDataGraph (ZWorker#1) 0.026ms
[0.737s][debug][gc,phases,start] GC(7) Concurrent Roots JavaThreads (ZWorker#1)
[0.737s][debug][gc,phases      ] GC(7) Concurrent Roots ClassLoaderDataGraph (ZWorker#0) 0.063ms
[0.737s][debug][gc,phases,start] GC(7) Concurrent Roots JavaThreads (ZWorker#0)
[0.737s][debug][gc,phases      ] GC(7) Concurrent Roots JavaThreads (ZWorker#1) 0.107ms
[0.737s][debug][gc,phases      ] GC(7) Concurrent Roots JavaThreads (ZWorker#0) 0.094ms
[0.737s][debug][gc,tlab        ] GC(7) TLAB totals: thrds: 5  refills: 5 max: 1 slow allocs: 358 max 73 waste: 25.0% gc: 327440B max: 65488B slow: 0B max: 0B
[0.737s][debug][gc,task        ] GC(7) Executing Task: ZMarkTask, Active Workers: 2
[0.737s][debug][gc,phases,start] GC(7) Concurrent Mark (ZWorker#1)
[0.737s][debug][gc,phases,start] GC(7) Concurrent Mark (ZWorker#0)
[0.738s][debug][gc,phases,start] GC(7) Concurrent Mark Try Flush (ZWorker#1)
[0.738s][debug][gc,phases      ] GC(7) Concurrent Mark Try Flush (ZWorker#1) 0.140ms
[0.738s][debug][gc,phases,start] GC(7) Concurrent Mark Try Terminate (ZWorker#0)
[0.739s][debug][gc,phases      ] GC(7) Concurrent Mark Try Terminate (ZWorker#0) 1.081ms
[0.739s][debug][gc,phases,start] GC(7) Concurrent Mark Try Flush (ZWorker#1)
[0.739s][debug][gc,phases,start] GC(7) Concurrent Mark Try Terminate (ZWorker#0)
[0.740s][debug][gc,phases      ] GC(7) Concurrent Mark Try Flush (ZWorker#1) 0.132ms
[0.740s][debug][gc,phases,start] GC(7) Concurrent Mark Try Terminate (ZWorker#1)
[0.740s][debug][gc,phases,start] GC(7) Concurrent Mark Try Flush (ZWorker#1)
[0.740s][debug][gc,phases      ] GC(7) Concurrent Mark Try Flush (ZWorker#1) 0.054ms
[0.740s][debug][gc,phases      ] GC(7) Concurrent Mark Try Terminate (ZWorker#1) 0.072ms
[0.740s][debug][gc,phases,start] GC(7) Concurrent Mark Try Terminate (ZWorker#1)
[0.740s][debug][gc,phases      ] GC(7) Concurrent Mark Try Terminate (ZWorker#1) 0.005ms
[0.740s][debug][gc,phases      ] GC(7) Concurrent Mark (ZWorker#1) 2.378ms
[0.741s][debug][gc,phases      ] GC(7) Concurrent Mark Try Terminate (ZWorker#0) 1.122ms
[0.741s][debug][gc,phases      ] GC(7) Concurrent Mark (ZWorker#0) 3.315ms
[0.741s][info ][gc,phases      ] GC(7) Concurrent Mark 3.725ms
[0.741s][debug][gc,phases,start] GC(7) Pause Mark End
[0.741s][info ][gc,phases      ] GC(7) Pause Mark End 0.015ms
[0.741s][debug][gc,phases,start] GC(7) Concurrent Mark Free
[0.741s][info ][gc,phases      ] GC(7) Concurrent Mark Free 0.010ms
[0.741s][debug][gc,phases,start] GC(7) Concurrent Process Non-Strong References
[0.741s][debug][gc,phases,start] GC(7) Concurrent References Process (ZDriver)
[0.741s][debug][gc,task        ] GC(7) Executing Task: ZReferenceProcessorTask, Active Workers: 2
[0.741s][debug][gc,phases      ] GC(7) Concurrent References Process (ZDriver) 0.038ms
[0.741s][debug][gc,task        ] GC(7) Executing Task: ZProcessWeakRootsTask, Active Workers: 2
[0.741s][debug][gc,phases,start] GC(7) Concurrent Weak Roots OopStorageSet (ZWorker#0)
[0.741s][debug][gc,phases,start] GC(7) Concurrent Weak Roots OopStorageSet (ZWorker#1)
[0.741s][debug][gc,phases      ] GC(7) Concurrent Weak Roots OopStorageSet (ZWorker#0) 0.037ms
[0.741s][debug][gc,phases      ] GC(7) Concurrent Weak Roots OopStorageSet (ZWorker#1) 0.028ms
[0.741s][debug][gc,phases,start] GC(7) Concurrent Classes Unlink (ZDriver)
[0.741s][debug][gc,phases,start] GC(7) ClassLoaderData
[0.741s][debug][gc,phases      ] GC(7) ClassLoaderData 0.006ms
[0.741s][debug][gc,phases,start] GC(7) Trigger cleanups
[0.741s][debug][gc,phases      ] GC(7) Trigger cleanups 0.003ms
[0.741s][debug][gc,task        ] GC(7) Executing Task: ZNMethodUnlinkTask, Active Workers: 2
[0.741s][debug][gc,phases      ] GC(7) Concurrent Classes Unlink (ZDriver) 0.157ms
[0.741s][debug][gc,phases,start] GC(7) Concurrent Classes Purge (ZDriver)
[0.741s][debug][gc,task        ] GC(7) Executing Task: ZNMethodPurgeTask, Active Workers: 2
[0.741s][debug][gc,phases      ] GC(7) Concurrent Classes Purge (ZDriver) 0.071ms
[0.741s][debug][gc,phases,start] GC(7) Concurrent References Enqueue (ZDriver)
[0.741s][debug][gc,phases      ] GC(7) Concurrent References Enqueue (ZDriver) 0.015ms
[0.741s][info ][gc,phases      ] GC(7) Concurrent Process Non-Strong References 0.505ms
[0.741s][debug][gc,phases,start] GC(7) Concurrent Reset Relocation Set
[0.741s][info ][gc,phases      ] GC(7) Concurrent Reset Relocation Set 0.004ms
[0.741s][debug][gc,phases,start] GC(7) Concurrent Select Relocation Set
[0.742s][debug][gc,task        ] GC(7) Executing Task: ZRelocationSetInstallTask, Active Workers: 2
[0.742s][info ][gc,phases      ] GC(7) Concurrent Select Relocation Set 0.633ms
[0.742s][debug][gc,phases,start] GC(7) Pause Relocate Start
[0.742s][info ][gc,phases      ] GC(7) Pause Relocate Start 0.017ms
[0.742s][debug][gc,phases,start] GC(7) Concurrent Relocate
[0.742s][debug][gc,task        ] GC(7) Executing Task: ZRelocateTask, Active Workers: 2
[0.743s][info ][gc,phases      ] GC(7) Concurrent Relocate 1.457ms
[0.743s][debug][gc,heap        ] GC(7) Heap after GC invocations=8 (full 8):
[0.743s][debug][gc,heap        ] GC(7)  ZHeap           used 252M, capacity 256M, max capacity 256M
[0.743s][debug][gc,heap        ] GC(7)  Metaspace       used 194K, committed 384K, reserved 1114112K
[0.743s][debug][gc,heap        ] GC(7)   class space    used 6K, committed 128K, reserved 1048576K
[0.744s][info ][gc,load        ] GC(7) Load: 0.06/0.03/0.08
[0.744s][info ][gc,mmu         ] GC(7) MMU: 2ms/95.4%, 5ms/97.4%, 10ms/98.5%, 20ms/99.3%, 50ms/99.7%, 100ms/99.8%
[0.744s][info ][gc,marking     ] GC(7) Mark: 2 stripe(s), 2 proactive flush(es), 1 terminate flush(es), 0 completion(s), 0 continuation(s) 
[0.744s][info ][gc,marking     ] GC(7) Mark Stack Usage: 32M
[0.744s][info ][gc,nmethod     ] GC(7) NMethods: 101 registered, 0 unregistered
[0.744s][info ][gc,metaspace   ] GC(7) Metaspace: 0M used, 0M committed, 1088M reserved
[0.744s][info ][gc,ref         ] GC(7) Soft: 11 encountered, 8 discovered, 4 enqueued
[0.744s][info ][gc,ref         ] GC(7) Weak: 34 encountered, 9 discovered, 0 enqueued
[0.744s][info ][gc,ref         ] GC(7) Final: 0 encountered, 0 discovered, 0 enqueued
[0.744s][info ][gc,ref         ] GC(7) Phantom: 1 encountered, 0 discovered, 0 enqueued
[0.744s][info ][gc,reloc       ] GC(7) Small Pages: 87 / 174M, Empty: 0M, Relocated: 1M, In-Place: 0
[0.744s][info ][gc,reloc       ] GC(7) Medium Pages: 0 / 0M, Empty: 0M, Relocated: 0M, In-Place: 0
[0.744s][info ][gc,reloc       ] GC(7) Large Pages: 28 / 76M, Empty: 0M, Relocated: 0M, In-Place: 0
[0.744s][info ][gc,reloc       ] GC(7) Forwarding Usage: 0M
[0.744s][info ][gc,heap        ] GC(7) Min Capacity: 128M(50%)
[0.744s][info ][gc,heap        ] GC(7) Max Capacity: 256M(100%)
[0.744s][info ][gc,heap        ] GC(7) Soft Max Capacity: 256M(100%)
[0.744s][info ][gc,heap        ] GC(7)                Mark Start          Mark End        Relocate Start      Relocate End           High               Low         
[0.744s][info ][gc,heap        ] GC(7)  Capacity:      252M (98%)         252M (98%)         252M (98%)         256M (100%)        256M (100%)        252M (98%)    
[0.744s][info ][gc,heap        ] GC(7)      Free:        6M (2%)            4M (2%)            4M (2%)            4M (2%)            6M (2%)            0M (0%)     
[0.744s][info ][gc,heap        ] GC(7)      Used:      250M (98%)         252M (98%)         252M (98%)         252M (98%)         256M (100%)        250M (98%)    
[0.744s][info ][gc,heap        ] GC(7)      Live:         -               218M (85%)         218M (85%)         218M (85%)            -                  -          
[0.744s][info ][gc,heap        ] GC(7) Allocated:         -                 2M (1%)            2M (1%)            4M (2%)             -                  -          
[0.744s][info ][gc,heap        ] GC(7)   Garbage:         -                31M (12%)          31M (12%)          29M (12%)            -                  -          
[0.744s][info ][gc,heap        ] GC(7) Reclaimed:         -                  -                 0M (0%)            2M (1%)             -                  -          
[0.744s][info ][gc             ] GC(7) Garbage Collection (Allocation Stall) 250M(98%)->252M(98%)
[0.744s][info ][gc             ] Allocation Stall (main) 7.188ms
[0.744s][info ][gc             ] Out Of Memory (main)
[0.752s][debug][gc,alloc       ] Allocation Rate: 380.0MB/s, Predicted: 430.0MB/s, Avg: 223.1(+/-103.6)MB/s
[0.752s][debug][gc,director    ] Select GC Workers (Unsteady), AvoidLongGCWorkers: 0.002, AvoidOOMGCWorkers: 15.411, LastGCWorkers: 2.000, HalfGCWorkers: 1.000, GCWorkers: 15.411
[0.752s][debug][gc,director    ] Rule: Allocation Rate (Dynamic GC Workers), MaxAllocRate: 771.0MB/s (+/-46.4%), Free: 0MB, GCCPUTime: 0.018, GCDuration: 0.010s, TimeUntilOOM: 0.000s, TimeUntilGC: -0.110s, GCWorkers: 2 -> 2
[0.752s][debug][gc,heap        ] GC(8) Heap before GC invocations=8 (full 8):
[0.752s][debug][gc,heap        ] GC(8)  ZHeap           used 254M, capacity 256M, max capacity 256M
[0.752s][debug][gc,heap        ] GC(8)  Metaspace       used 194K, committed 384K, reserved 1114112K
[0.752s][debug][gc,heap        ] GC(8)   class space    used 6K, committed 128K, reserved 1048576K
[0.752s][info ][gc,start       ] GC(8) Garbage Collection (Allocation Rate)
[0.752s][info ][gc,task        ] GC(8) Using 2 workers
[0.752s][debug][gc,phases,start] GC(8) Pause Mark Start
[0.752s][debug][gc,marking     ] GC(8) Using 2 mark stripes
[0.752s][debug][gc,marking     ] GC(8) Mark Worker/Stripe Distribution
[0.752s][debug][gc,marking     ] GC(8)   Worker 0(2) -> Stripe 0(2)
[0.752s][debug][gc,marking     ] GC(8)   Worker 1(2) -> Stripe 1(2)
[0.752s][info ][gc,phases      ] GC(8) Pause Mark Start 0.026ms
[0.752s][debug][gc,phases,start] GC(8) Concurrent Mark
[0.752s][debug][gc,task        ] GC(8) Executing Task: ZMarkRootsTask, Active Workers: 2
[0.752s][debug][gc,phases,start] GC(8) Concurrent Roots OopStorageSet (ZWorker#1)
[0.752s][debug][gc,phases      ] GC(8) Concurrent Roots OopStorageSet (ZWorker#1) 0.014ms
[0.752s][debug][gc,phases,start] GC(8) Concurrent Roots ClassLoaderDataGraph (ZWorker#1)
[0.752s][debug][gc,phases,start] GC(8) Concurrent Roots OopStorageSet (ZWorker#0)
[0.752s][debug][gc,phases      ] GC(8) Concurrent Roots OopStorageSet (ZWorker#0) 0.016ms
[0.752s][debug][gc,phases,start] GC(8) Concurrent Roots ClassLoaderDataGraph (ZWorker#0)
[0.752s][debug][gc,phases      ] GC(8) Concurrent Roots ClassLoaderDataGraph (ZWorker#1) 0.022ms
[0.752s][debug][gc,phases,start] GC(8) Concurrent Roots JavaThreads (ZWorker#1)
[0.752s][debug][gc,phases      ] GC(8) Concurrent Roots ClassLoaderDataGraph (ZWorker#0) 0.003ms
[0.752s][debug][gc,phases,start] GC(8) Concurrent Roots JavaThreads (ZWorker#0)
[0.752s][debug][gc,phases      ] GC(8) Concurrent Roots JavaThreads (ZWorker#1) 0.108ms
[0.752s][debug][gc,phases      ] GC(8) Concurrent Roots JavaThreads (ZWorker#0) 0.106ms
[0.752s][debug][gc,tlab        ] GC(8) TLAB totals: thrds: 6  refills: 6 max: 1 slow allocs: 50 max 10 waste: 37.5% gc: 589416B max: 261976B slow: 0B max: 0B
[0.752s][debug][gc,task        ] GC(8) Executing Task: ZMarkTask, Active Workers: 2
[0.752s][debug][gc,phases,start] GC(8) Concurrent Mark (ZWorker#1)
[0.752s][debug][gc,phases,start] GC(8) Concurrent Mark (ZWorker#0)
[0.753s][debug][gc,phases,start] GC(8) Concurrent Mark Try Flush (ZWorker#1)
[0.753s][debug][gc,phases      ] GC(8) Concurrent Mark Try Flush (ZWorker#1) 0.078ms
[0.753s][debug][gc,phases,start] GC(8) Concurrent Mark Try Flush (ZWorker#1)
[0.753s][debug][gc,phases      ] GC(8) Concurrent Mark Try Flush (ZWorker#1) 0.084ms
[0.753s][debug][gc,phases,start] GC(8) Concurrent Mark Try Terminate (ZWorker#1)
[0.754s][debug][gc,phases      ] GC(8) Concurrent Mark Try Terminate (ZWorker#1) 1.084ms
[0.754s][debug][gc,phases,start] GC(8) Concurrent Mark Try Flush (ZWorker#1)
[0.754s][debug][gc,phases      ] GC(8) Concurrent Mark Try Flush (ZWorker#1) 0.120ms
[0.754s][debug][gc,phases,start] GC(8) Concurrent Mark Try Terminate (ZWorker#1)
[0.754s][debug][gc,phases,start] GC(8) Concurrent Mark Try Terminate (ZWorker#0)
[0.754s][debug][gc,phases,start] GC(8) Concurrent Mark Try Flush (ZWorker#0)
[0.754s][debug][gc,phases      ] GC(8) Concurrent Mark Try Flush (ZWorker#0) 0.065ms
[0.754s][debug][gc,phases      ] GC(8) Concurrent Mark Try Terminate (ZWorker#0) 0.088ms
[0.754s][debug][gc,phases,start] GC(8) Concurrent Mark Try Terminate (ZWorker#0)
[0.754s][debug][gc,phases      ] GC(8) Concurrent Mark Try Terminate (ZWorker#0) 0.003ms
[0.754s][debug][gc,phases      ] GC(8) Concurrent Mark (ZWorker#0) 2.213ms
[0.755s][debug][gc,phases      ] GC(8) Concurrent Mark Try Terminate (ZWorker#1) 1.106ms
[0.755s][debug][gc,phases      ] GC(8) Concurrent Mark (ZWorker#1) 3.279ms
[0.755s][info ][gc,phases      ] GC(8) Concurrent Mark 3.649ms
[0.755s][debug][gc,phases,start] GC(8) Pause Mark End
[0.755s][info ][gc,phases      ] GC(8) Pause Mark End 0.019ms
[0.756s][debug][gc,phases,start] GC(8) Concurrent Mark Free
[0.756s][info ][gc,phases      ] GC(8) Concurrent Mark Free 0.015ms
[0.756s][debug][gc,phases,start] GC(8) Concurrent Process Non-Strong References
[0.756s][debug][gc,phases,start] GC(8) Concurrent References Process (ZDriver)
[0.756s][debug][gc,task        ] GC(8) Executing Task: ZReferenceProcessorTask, Active Workers: 2
[0.756s][debug][gc,phases      ] GC(8) Concurrent References Process (ZDriver) 0.058ms
[0.756s][debug][gc,task        ] GC(8) Executing Task: ZProcessWeakRootsTask, Active Workers: 2
[0.756s][debug][gc,phases,start] GC(8) Concurrent Weak Roots OopStorageSet (ZWorker#1)
[0.756s][debug][gc,phases,start] GC(8) Concurrent Weak Roots OopStorageSet (ZWorker#0)
[0.756s][debug][gc,phases      ] GC(8) Concurrent Weak Roots OopStorageSet (ZWorker#1) 0.043ms
[0.756s][debug][gc,phases      ] GC(8) Concurrent Weak Roots OopStorageSet (ZWorker#0) 0.033ms
[0.756s][debug][gc,phases,start] GC(8) Concurrent Classes Unlink (ZDriver)
[0.756s][debug][gc,phases,start] GC(8) ClassLoaderData
[0.756s][debug][gc,phases      ] GC(8) ClassLoaderData 0.008ms
[0.756s][debug][gc,phases,start] GC(8) Trigger cleanups
[0.756s][debug][gc,phases      ] GC(8) Trigger cleanups 0.005ms
[0.756s][debug][gc,task        ] GC(8) Executing Task: ZNMethodUnlinkTask, Active Workers: 2
[0.756s][debug][gc,phases      ] GC(8) Concurrent Classes Unlink (ZDriver) 0.160ms
[0.756s][debug][gc,phases,start] GC(8) Concurrent Classes Purge (ZDriver)
[0.756s][debug][gc,task        ] GC(8) Executing Task: ZNMethodPurgeTask, Active Workers: 2
[0.756s][debug][gc,phases      ] GC(8) Concurrent Classes Purge (ZDriver) 0.087ms
[0.756s][debug][gc,phases,start] GC(8) Concurrent References Enqueue (ZDriver)
[0.756s][debug][gc,phases      ] GC(8) Concurrent References Enqueue (ZDriver) 0.005ms
[0.756s][info ][gc,phases      ] GC(8) Concurrent Process Non-Strong References 0.572ms
[0.756s][debug][gc,phases,start] GC(8) Concurrent Reset Relocation Set
[0.756s][info ][gc,phases      ] GC(8) Concurrent Reset Relocation Set 0.005ms
[0.756s][debug][gc,phases,start] GC(8) Concurrent Select Relocation Set
[0.757s][debug][gc,task        ] GC(8) Executing Task: ZRelocationSetInstallTask, Active Workers: 2
[0.757s][info ][gc,phases      ] GC(8) Concurrent Select Relocation Set 1.049ms
[0.757s][debug][gc,phases,start] GC(8) Pause Relocate Start
[0.757s][info ][gc,phases      ] GC(8) Pause Relocate Start 0.011ms
[0.757s][debug][gc,phases,start] GC(8) Concurrent Relocate
[0.757s][debug][gc,task        ] GC(8) Executing Task: ZRelocateTask, Active Workers: 2
[0.758s][info ][gc             ] Allocation Stall (Thread-1) 0.334ms
[0.758s][info ][gc             ] Allocation Stall (Thread-4) 0.257ms
[0.758s][info ][gc             ] Allocation Stall (Thread-0) 0.097ms
[0.758s][info ][gc,phases      ] GC(8) Concurrent Relocate 1.199ms
[0.758s][debug][gc,heap        ] GC(8) Heap after GC invocations=9 (full 9):
[0.758s][debug][gc,heap        ] GC(8)  ZHeap           used 254M, capacity 256M, max capacity 256M
[0.758s][debug][gc,heap        ] GC(8)  Metaspace       used 194K, committed 384K, reserved 1114112K
[0.758s][debug][gc,heap        ] GC(8)   class space    used 6K, committed 128K, reserved 1048576K
[0.759s][info ][gc,load        ] GC(8) Load: 0.06/0.03/0.08
[0.759s][info ][gc,mmu         ] GC(8) MMU: 2ms/95.4%, 5ms/97.4%, 10ms/98.5%, 20ms/99.3%, 50ms/99.7%, 100ms/99.8%
[0.759s][info ][gc,marking     ] GC(8) Mark: 2 stripe(s), 3 proactive flush(es), 1 terminate flush(es), 0 completion(s), 0 continuation(s) 
[0.759s][info ][gc,marking     ] GC(8) Mark Stack Usage: 32M
[0.759s][info ][gc,nmethod     ] GC(8) NMethods: 101 registered, 0 unregistered
[0.759s][info ][gc,metaspace   ] GC(8) Metaspace: 0M used, 0M committed, 1088M reserved
[0.759s][info ][gc,ref         ] GC(8) Soft: 7 encountered, 0 discovered, 0 enqueued
[0.759s][info ][gc,ref         ] GC(8) Weak: 34 encountered, 6 discovered, 0 enqueued
[0.759s][info ][gc,ref         ] GC(8) Final: 0 encountered, 0 discovered, 0 enqueued
[0.759s][info ][gc,ref         ] GC(8) Phantom: 1 encountered, 0 discovered, 0 enqueued
[0.759s][info ][gc,reloc       ] GC(8) Small Pages: 89 / 178M, Empty: 0M, Relocated: 8M, In-Place: 5
[0.759s][info ][gc,reloc       ] GC(8) Medium Pages: 0 / 0M, Empty: 0M, Relocated: 0M, In-Place: 0
[0.759s][info ][gc,reloc       ] GC(8) Large Pages: 28 / 76M, Empty: 0M, Relocated: 0M, In-Place: 0
[0.759s][info ][gc,reloc       ] GC(8) Forwarding Usage: 0M
[0.759s][info ][gc,heap        ] GC(8) Min Capacity: 128M(50%)
[0.759s][info ][gc,heap        ] GC(8) Max Capacity: 256M(100%)
[0.759s][info ][gc,heap        ] GC(8) Soft Max Capacity: 256M(100%)
[0.759s][info ][gc,heap        ] GC(8)                Mark Start          Mark End        Relocate Start      Relocate End           High               Low         
[0.759s][info ][gc,heap        ] GC(8)  Capacity:      256M (100%)        256M (100%)        256M (100%)        256M (100%)        256M (100%)        256M (100%)   
[0.759s][info ][gc,heap        ] GC(8)      Free:        2M (1%)            0M (0%)            0M (0%)            2M (1%)            2M (1%)            0M (0%)     
[0.759s][info ][gc,heap        ] GC(8)      Used:      254M (99%)         256M (100%)        256M (100%)        254M (99%)         256M (100%)        254M (99%)    
[0.759s][info ][gc,heap        ] GC(8)      Live:         -               221M (87%)         221M (87%)         221M (87%)            -                  -          
[0.759s][info ][gc,heap        ] GC(8) Allocated:         -                 2M (1%)            2M (1%)            3M (2%)             -                  -          
[0.759s][info ][gc,heap        ] GC(8)   Garbage:         -                32M (13%)          32M (13%)          28M (11%)            -                  -          
[0.759s][info ][gc,heap        ] GC(8) Reclaimed:         -                  -                 0M (0%)            3M (2%)             -                  -          
[0.759s][info ][gc             ] GC(8) Garbage Collection (Allocation Rate) 254M(99%)->254M(99%)
[0.771s][debug][gc,heap        ] GC(9) Heap before GC invocations=9 (full 9):
[0.771s][debug][gc,heap        ] GC(9)  ZHeap           used 256M, capacity 256M, max capacity 256M
[0.771s][debug][gc,heap        ] GC(9)  Metaspace       used 194K, committed 384K, reserved 1114112K
[0.771s][debug][gc,heap        ] GC(9)   class space    used 6K, committed 128K, reserved 1048576K
[0.771s][info ][gc,start       ] GC(9) Garbage Collection (Allocation Stall)
[0.771s][info ][gc,ref         ] GC(9) Clearing All SoftReferences
[0.771s][info ][gc,task        ] GC(9) Using 2 workers
[0.771s][debug][gc,phases,start] GC(9) Pause Mark Start
[0.771s][debug][gc,marking     ] GC(9) Using 2 mark stripes
[0.771s][debug][gc,marking     ] GC(9) Mark Worker/Stripe Distribution
[0.771s][debug][gc,marking     ] GC(9)   Worker 0(2) -> Stripe 0(2)
[0.771s][debug][gc,marking     ] GC(9)   Worker 1(2) -> Stripe 1(2)
[0.771s][info ][gc,phases      ] GC(9) Pause Mark Start 0.045ms
[0.771s][debug][gc,phases,start] GC(9) Concurrent Mark
[0.771s][debug][gc,task        ] GC(9) Executing Task: ZMarkRootsTask, Active Workers: 2
[0.771s][debug][gc,phases,start] GC(9) Concurrent Roots OopStorageSet (ZWorker#1)
[0.771s][debug][gc,phases      ] GC(9) Concurrent Roots OopStorageSet (ZWorker#1) 0.023ms
[0.771s][debug][gc,phases,start] GC(9) Concurrent Roots ClassLoaderDataGraph (ZWorker#1)
[0.771s][debug][gc,phases,start] GC(9) Concurrent Roots OopStorageSet (ZWorker#0)
[0.771s][debug][gc,phases      ] GC(9) Concurrent Roots OopStorageSet (ZWorker#0) 0.038ms
[0.771s][debug][gc,phases,start] GC(9) Concurrent Roots ClassLoaderDataGraph (ZWorker#0)
[0.771s][debug][gc,phases      ] GC(9) Concurrent Roots ClassLoaderDataGraph (ZWorker#0) 0.003ms
[0.771s][debug][gc,phases,start] GC(9) Concurrent Roots JavaThreads (ZWorker#0)
[0.771s][debug][gc,phases      ] GC(9) Concurrent Roots ClassLoaderDataGraph (ZWorker#1) 0.080ms
[0.771s][debug][gc,phases,start] GC(9) Concurrent Roots JavaThreads (ZWorker#1)
[0.772s][debug][gc,phases      ] GC(9) Concurrent Roots JavaThreads (ZWorker#1) 0.090ms
[0.772s][debug][gc,phases      ] GC(9) Concurrent Roots JavaThreads (ZWorker#0) 0.132ms
[0.772s][debug][gc,tlab        ] GC(9) TLAB totals: thrds: 5  refills: 5 max: 1 slow allocs: 74 max 15 waste: 25.0% gc: 327440B max: 65488B slow: 0B max: 0B
[0.772s][debug][gc,task        ] GC(9) Executing Task: ZMarkTask, Active Workers: 2
[0.772s][debug][gc,phases,start] GC(9) Concurrent Mark (ZWorker#1)
[0.772s][debug][gc,phases,start] GC(9) Concurrent Mark (ZWorker#0)
[0.773s][debug][gc,phases,start] GC(9) Concurrent Mark Try Terminate (ZWorker#0)
[0.773s][debug][gc,phases,start] GC(9) Concurrent Mark Try Flush (ZWorker#1)
[0.773s][debug][gc,phases      ] GC(9) Concurrent Mark Try Flush (ZWorker#1) 0.184ms
[0.773s][debug][gc,phases,start] GC(9) Concurrent Mark Try Flush (ZWorker#1)
[0.773s][debug][gc,phases      ] GC(9) Concurrent Mark Try Flush (ZWorker#1) 0.055ms
[0.773s][debug][gc,phases,start] GC(9) Concurrent Mark Try Terminate (ZWorker#1)
[0.773s][debug][gc,phases,start] GC(9) Concurrent Mark Try Flush (ZWorker#1)
[0.773s][debug][gc,phases      ] GC(9) Concurrent Mark Try Flush (ZWorker#1) 0.051ms
[0.773s][debug][gc,phases      ] GC(9) Concurrent Mark Try Terminate (ZWorker#1) 0.066ms
[0.773s][debug][gc,phases,start] GC(9) Concurrent Mark Try Terminate (ZWorker#1)
[0.773s][debug][gc,phases      ] GC(9) Concurrent Mark Try Terminate (ZWorker#1) 0.005ms
[0.773s][debug][gc,phases      ] GC(9) Concurrent Mark (ZWorker#1) 1.813ms
[0.774s][debug][gc,phases      ] GC(9) Concurrent Mark Try Terminate (ZWorker#0) 1.124ms
[0.774s][debug][gc,phases      ] GC(9) Concurrent Mark (ZWorker#0) 2.177ms
[0.774s][info ][gc,phases      ] GC(9) Concurrent Mark 2.629ms
[0.774s][debug][gc,phases,start] GC(9) Pause Mark End
[0.774s][info ][gc,phases      ] GC(9) Pause Mark End 0.021ms
[0.774s][debug][gc,phases,start] GC(9) Concurrent Mark Free
[0.774s][info ][gc,phases      ] GC(9) Concurrent Mark Free 0.007ms
[0.774s][debug][gc,phases,start] GC(9) Concurrent Process Non-Strong References
[0.774s][debug][gc,phases,start] GC(9) Concurrent References Process (ZDriver)
[0.774s][debug][gc,task        ] GC(9) Executing Task: ZReferenceProcessorTask, Active Workers: 2
[0.774s][debug][gc,phases      ] GC(9) Concurrent References Process (ZDriver) 0.069ms
[0.774s][debug][gc,task        ] GC(9) Executing Task: ZProcessWeakRootsTask, Active Workers: 2
[0.774s][debug][gc,phases,start] GC(9) Concurrent Weak Roots OopStorageSet (ZWorker#0)
[0.774s][debug][gc,phases,start] GC(9) Concurrent Weak Roots OopStorageSet (ZWorker#1)
[0.774s][debug][gc,phases      ] GC(9) Concurrent Weak Roots OopStorageSet (ZWorker#1) 0.047ms
[0.774s][debug][gc,phases      ] GC(9) Concurrent Weak Roots OopStorageSet (ZWorker#0) 0.056ms
[0.774s][debug][gc,phases,start] GC(9) Concurrent Classes Unlink (ZDriver)
[0.774s][debug][gc,phases,start] GC(9) ClassLoaderData
[0.774s][debug][gc,phases      ] GC(9) ClassLoaderData 0.006ms
[0.774s][debug][gc,phases,start] GC(9) Trigger cleanups
[0.774s][debug][gc,phases      ] GC(9) Trigger cleanups 0.009ms
[0.774s][debug][gc,task        ] GC(9) Executing Task: ZNMethodUnlinkTask, Active Workers: 2
[0.774s][debug][gc,phases      ] GC(9) Concurrent Classes Unlink (ZDriver) 0.202ms
[0.775s][debug][gc,phases,start] GC(9) Concurrent Classes Purge (ZDriver)
[0.775s][debug][gc,task        ] GC(9) Executing Task: ZNMethodPurgeTask, Active Workers: 2
[0.775s][debug][gc,phases      ] GC(9) Concurrent Classes Purge (ZDriver) 0.078ms
[0.775s][debug][gc,phases,start] GC(9) Concurrent References Enqueue (ZDriver)
[0.775s][debug][gc,phases      ] GC(9) Concurrent References Enqueue (ZDriver) 0.004ms
[0.775s][info ][gc,phases      ] GC(9) Concurrent Process Non-Strong References 0.613ms
[0.775s][debug][gc,phases,start] GC(9) Concurrent Reset Relocation Set
[0.775s][info ][gc,phases      ] GC(9) Concurrent Reset Relocation Set 0.004ms
[0.775s][debug][gc,phases,start] GC(9) Concurrent Select Relocation Set
[0.775s][debug][gc,task        ] GC(9) Executing Task: ZRelocationSetInstallTask, Active Workers: 2
[0.775s][info ][gc,phases      ] GC(9) Concurrent Select Relocation Set 0.610ms
[0.775s][debug][gc,phases,start] GC(9) Pause Relocate Start
[0.775s][info ][gc,phases      ] GC(9) Pause Relocate Start 0.016ms
[0.775s][debug][gc,phases,start] GC(9) Concurrent Relocate
[0.775s][debug][gc,task        ] GC(9) Executing Task: ZRelocateTask, Active Workers: 2
[0.776s][info ][gc             ] Allocation Stall (Thread-0) 4.590ms
[0.776s][info ][gc,phases      ] GC(9) Concurrent Relocate 0.444ms
[0.776s][debug][gc,heap        ] GC(9) Heap after GC invocations=10 (full 10):
[0.776s][debug][gc,heap        ] GC(9)  ZHeap           used 256M, capacity 256M, max capacity 256M
[0.776s][debug][gc,heap        ] GC(9)  Metaspace       used 194K, committed 384K, reserved 1114112K
[0.776s][debug][gc,heap        ] GC(9)   class space    used 6K, committed 128K, reserved 1048576K
[0.776s][info ][gc             ] Allocation Stall (Thread-2) 4.354ms
[0.776s][info ][gc,load        ] GC(9) Load: 0.06/0.03/0.08
[0.776s][info ][gc,mmu         ] GC(9) MMU: 2ms/95.4%, 5ms/97.4%, 10ms/98.5%, 20ms/99.3%, 50ms/99.6%, 100ms/99.8%
[0.776s][info ][gc,marking     ] GC(9) Mark: 2 stripe(s), 2 proactive flush(es), 1 terminate flush(es), 0 completion(s), 0 continuation(s) 
[0.776s][info ][gc,marking     ] GC(9) Mark Stack Usage: 32M
[0.776s][info ][gc,nmethod     ] GC(9) NMethods: 101 registered, 0 unregistered
[0.776s][info ][gc,metaspace   ] GC(9) Metaspace: 0M used, 0M committed, 1088M reserved
[0.776s][info ][gc,ref         ] GC(9) Soft: 7 encountered, 2 discovered, 0 enqueued
[0.776s][info ][gc,ref         ] GC(9) Weak: 34 encountered, 22 discovered, 0 enqueued
[0.776s][info ][gc,ref         ] GC(9) Final: 0 encountered, 0 discovered, 0 enqueued
[0.776s][info ][gc,ref         ] GC(9) Phantom: 1 encountered, 0 discovered, 0 enqueued
[0.776s][info ][gc,reloc       ] GC(9) Small Pages: 90 / 180M, Empty: 0M, Relocated: 3M, In-Place: 2
[0.776s][info ][gc,reloc       ] GC(9) Medium Pages: 0 / 0M, Empty: 0M, Relocated: 0M, In-Place: 0
[0.776s][info ][gc,reloc       ] GC(9) Large Pages: 28 / 76M, Empty: 0M, Relocated: 0M, In-Place: 0
[0.776s][info ][gc,reloc       ] GC(9) Forwarding Usage: 0M
[0.776s][info ][gc,heap        ] GC(9) Min Capacity: 128M(50%)
[0.776s][info ][gc,heap        ] GC(9) Max Capacity: 256M(100%)
[0.776s][info ][gc,heap        ] GC(9) Soft Max Capacity: 256M(100%)
[0.776s][info ][gc             ] Allocation Stall (Thread-3) 4.091ms
[0.776s][info ][gc,heap        ] GC(9)                Mark Start          Mark End        Relocate Start      Relocate End           High               Low         
[0.776s][info ][gc,heap        ] GC(9)  Capacity:      256M (100%)        256M (100%)        256M (100%)        256M (100%)        256M (100%)        256M (100%)   
[0.776s][info ][gc,heap        ] GC(9)      Free:        0M (0%)            0M (0%)            0M (0%)            0M (0%)            2M (1%)            0M (0%)     
[0.776s][info ][gc,heap        ] GC(9)      Used:      256M (100%)        256M (100%)        256M (100%)        256M (100%)        256M (100%)        254M (99%)    
[0.776s][info ][gc,heap        ] GC(9)      Live:         -               225M (88%)         225M (88%)         225M (88%)            -                  -          
[0.776s][info ][gc,heap        ] GC(9) Allocated:         -                 0M (0%)            0M (0%)            4M (2%)             -                  -          
[0.776s][info ][gc,heap        ] GC(9)   Garbage:         -                30M (12%)          30M (12%)          26M (10%)            -                  -          
[0.776s][info ][gc             ] Allocation Stall (Thread-4) 3.892ms
[0.776s][info ][gc,heap        ] GC(9) Reclaimed:         -                  -                 0M (0%)            4M (2%)             -                  -          
[0.776s][info ][gc             ] GC(9) Garbage Collection (Allocation Stall) 256M(100%)->256M(100%)
[0.776s][info ][gc             ] Allocation Stall (Thread-1) 3.965ms
[0.788s][debug][gc,heap        ] GC(10) Heap before GC invocations=10 (full 10):
[0.788s][debug][gc,heap        ] GC(10)  ZHeap           used 256M, capacity 256M, max capacity 256M
[0.788s][debug][gc,heap        ] GC(10)  Metaspace       used 194K, committed 384K, reserved 1114112K
[0.788s][debug][gc,heap        ] GC(10)   class space    used 6K, committed 128K, reserved 1048576K
[0.788s][info ][gc,start       ] GC(10) Garbage Collection (Allocation Stall)
[0.788s][info ][gc,ref         ] GC(10) Clearing All SoftReferences
[0.788s][info ][gc,task        ] GC(10) Using 2 workers
[0.788s][debug][gc,phases,start] GC(10) Pause Mark Start
[0.788s][debug][gc,marking     ] GC(10) Using 2 mark stripes
[0.788s][debug][gc,marking     ] GC(10) Mark Worker/Stripe Distribution
[0.788s][debug][gc,marking     ] GC(10)   Worker 0(2) -> Stripe 0(2)
[0.788s][debug][gc,marking     ] GC(10)   Worker 1(2) -> Stripe 1(2)
[0.788s][info ][gc,phases      ] GC(10) Pause Mark Start 0.052ms
[0.788s][debug][gc,phases,start] GC(10) Concurrent Mark
[0.788s][debug][gc,task        ] GC(10) Executing Task: ZMarkRootsTask, Active Workers: 2
[0.788s][debug][gc,phases,start] GC(10) Concurrent Roots OopStorageSet (ZWorker#1)
[0.788s][debug][gc,phases,start] GC(10) Concurrent Roots OopStorageSet (ZWorker#0)
[0.788s][debug][gc,phases      ] GC(10) Concurrent Roots OopStorageSet (ZWorker#1) 0.024ms
[0.788s][debug][gc,phases,start] GC(10) Concurrent Roots ClassLoaderDataGraph (ZWorker#1)
[0.788s][debug][gc,phases      ] GC(10) Concurrent Roots OopStorageSet (ZWorker#0) 0.017ms
[0.788s][debug][gc,phases,start] GC(10) Concurrent Roots ClassLoaderDataGraph (ZWorker#0)
[0.788s][debug][gc,phases      ] GC(10) Concurrent Roots ClassLoaderDataGraph (ZWorker#0) 0.004ms
[0.788s][debug][gc,phases,start] GC(10) Concurrent Roots JavaThreads (ZWorker#0)
[0.788s][debug][gc,phases      ] GC(10) Concurrent Roots ClassLoaderDataGraph (ZWorker#1) 0.069ms
[0.789s][debug][gc,phases,start] GC(10) Concurrent Roots JavaThreads (ZWorker#1)
[0.789s][debug][gc,phases      ] GC(10) Concurrent Roots JavaThreads (ZWorker#0) 0.119ms
[0.789s][debug][gc,phases      ] GC(10) Concurrent Roots JavaThreads (ZWorker#1) 0.086ms
[0.789s][debug][gc,tlab        ] GC(10) TLAB totals: thrds: 5  refills: 5 max: 1 slow allocs: 44 max 9 waste: 25.0% gc: 327440B max: 65488B slow: 0B max: 0B
[0.789s][debug][gc,task        ] GC(10) Executing Task: ZMarkTask, Active Workers: 2
[0.789s][debug][gc,phases,start] GC(10) Concurrent Mark (ZWorker#0)
[0.789s][debug][gc,phases,start] GC(10) Concurrent Mark (ZWorker#1)
[0.790s][debug][gc,phases,start] GC(10) Concurrent Mark Try Terminate (ZWorker#1)
[0.790s][debug][gc,phases,start] GC(10) Concurrent Mark Try Flush (ZWorker#0)
[0.790s][debug][gc,phases      ] GC(10) Concurrent Mark Try Flush (ZWorker#0) 0.097ms
[0.790s][debug][gc,phases,start] GC(10) Concurrent Mark Try Terminate (ZWorker#0)
[0.790s][debug][gc,phases,start] GC(10) Concurrent Mark Try Flush (ZWorker#0)
[0.790s][debug][gc,phases      ] GC(10) Concurrent Mark Try Flush (ZWorker#0) 0.042ms
[0.790s][debug][gc,phases      ] GC(10) Concurrent Mark Try Terminate (ZWorker#0) 0.053ms
[0.790s][debug][gc,phases,start] GC(10) Concurrent Mark Try Terminate (ZWorker#0)
[0.790s][debug][gc,phases      ] GC(10) Concurrent Mark Try Terminate (ZWorker#0) 0.006ms
[0.790s][debug][gc,phases      ] GC(10) Concurrent Mark (ZWorker#0) 1.414ms
[0.791s][debug][gc,phases      ] GC(10) Concurrent Mark Try Terminate (ZWorker#1) 1.100ms
[0.791s][debug][gc,phases      ] GC(10) Concurrent Mark (ZWorker#1) 2.215ms
[0.791s][info ][gc,phases      ] GC(10) Concurrent Mark 2.589ms
[0.791s][debug][gc,phases,start] GC(10) Pause Mark End
[0.791s][info ][gc,phases      ] GC(10) Pause Mark End 0.015ms
[0.791s][debug][gc,phases,start] GC(10) Concurrent Mark Free
[0.791s][info ][gc,phases      ] GC(10) Concurrent Mark Free 0.017ms
[0.791s][debug][gc,phases,start] GC(10) Concurrent Process Non-Strong References
[0.791s][debug][gc,phases,start] GC(10) Concurrent References Process (ZDriver)
[0.791s][debug][gc,task        ] GC(10) Executing Task: ZReferenceProcessorTask, Active Workers: 2
[0.791s][debug][gc,phases      ] GC(10) Concurrent References Process (ZDriver) 0.051ms
[0.791s][debug][gc,task        ] GC(10) Executing Task: ZProcessWeakRootsTask, Active Workers: 2
[0.791s][debug][gc,phases,start] GC(10) Concurrent Weak Roots OopStorageSet (ZWorker#0)
[0.791s][debug][gc,phases,start] GC(10) Concurrent Weak Roots OopStorageSet (ZWorker#1)
[0.791s][debug][gc,phases      ] GC(10) Concurrent Weak Roots OopStorageSet (ZWorker#0) 0.043ms
[0.791s][debug][gc,phases      ] GC(10) Concurrent Weak Roots OopStorageSet (ZWorker#1) 0.028ms
[0.791s][debug][gc,phases,start] GC(10) Concurrent Classes Unlink (ZDriver)
[0.791s][debug][gc,phases,start] GC(10) ClassLoaderData
[0.791s][debug][gc,phases      ] GC(10) ClassLoaderData 0.006ms
[0.791s][debug][gc,phases,start] GC(10) Trigger cleanups
[0.791s][debug][gc,phases      ] GC(10) Trigger cleanups 0.003ms
[0.791s][debug][gc,task        ] GC(10) Executing Task: ZNMethodUnlinkTask, Active Workers: 2
[0.791s][debug][gc,phases      ] GC(10) Concurrent Classes Unlink (ZDriver) 0.131ms
[0.791s][debug][gc,phases,start] GC(10) Concurrent Classes Purge (ZDriver)
[0.791s][debug][gc,task        ] GC(10) Executing Task: ZNMethodPurgeTask, Active Workers: 2
[0.791s][debug][gc,phases      ] GC(10) Concurrent Classes Purge (ZDriver) 0.059ms
[0.791s][debug][gc,phases,start] GC(10) Concurrent References Enqueue (ZDriver)
[0.791s][debug][gc,phases      ] GC(10) Concurrent References Enqueue (ZDriver) 0.005ms
[0.791s][info ][gc,phases      ] GC(10) Concurrent Process Non-Strong References 0.461ms
[0.791s][debug][gc,phases,start] GC(10) Concurrent Reset Relocation Set
[0.792s][info ][gc,phases      ] GC(10) Concurrent Reset Relocation Set 0.006ms
[0.792s][debug][gc,phases,start] GC(10) Concurrent Select Relocation Set
[0.792s][debug][gc,task        ] GC(10) Executing Task: ZRelocationSetInstallTask, Active Workers: 2
[0.792s][info ][gc,phases      ] GC(10) Concurrent Select Relocation Set 0.990ms
[0.793s][debug][gc,phases,start] GC(10) Pause Relocate Start
[0.793s][info ][gc,phases      ] GC(10) Pause Relocate Start 0.014ms
[0.793s][debug][gc,phases,start] GC(10) Concurrent Relocate
[0.793s][debug][gc,task        ] GC(10) Executing Task: ZRelocateTask, Active Workers: 2
[0.793s][info ][gc,phases      ] GC(10) Concurrent Relocate 0.043ms
[0.793s][debug][gc,heap        ] GC(10) Heap after GC invocations=11 (full 11):
[0.793s][debug][gc,heap        ] GC(10)  ZHeap           used 256M, capacity 256M, max capacity 256M
[0.793s][debug][gc,heap        ] GC(10)  Metaspace       used 194K, committed 384K, reserved 1114112K
[0.793s][debug][gc,heap        ] GC(10)   class space    used 6K, committed 128K, reserved 1048576K
[0.793s][info ][gc,load        ] GC(10) Load: 0.06/0.03/0.08
[0.793s][info ][gc,mmu         ] GC(10) MMU: 2ms/95.4%, 5ms/97.4%, 10ms/98.5%, 20ms/99.3%, 50ms/99.6%, 100ms/99.7%
[0.793s][info ][gc,marking     ] GC(10) Mark: 2 stripe(s), 1 proactive flush(es), 1 terminate flush(es), 0 completion(s), 0 continuation(s) 
[0.793s][info ][gc,marking     ] GC(10) Mark Stack Usage: 32M
[0.793s][info ][gc,nmethod     ] GC(10) NMethods: 101 registered, 0 unregistered
[0.793s][info ][gc,metaspace   ] GC(10) Metaspace: 0M used, 0M committed, 1088M reserved
[0.793s][info ][gc,ref         ] GC(10) Soft: 7 encountered, 2 discovered, 0 enqueued
[0.793s][info ][gc,ref         ] GC(10) Weak: 34 encountered, 22 discovered, 0 enqueued
[0.793s][info ][gc,ref         ] GC(10) Final: 0 encountered, 0 discovered, 0 enqueued
[0.793s][info ][gc,ref         ] GC(10) Phantom: 1 encountered, 0 discovered, 0 enqueued
[0.793s][info ][gc,reloc       ] GC(10) Small Pages: 90 / 180M, Empty: 0M, Relocated: 0M, In-Place: 0
[0.793s][info ][gc,reloc       ] GC(10) Medium Pages: 0 / 0M, Empty: 0M, Relocated: 0M, In-Place: 0
[0.793s][info ][gc,reloc       ] GC(10) Large Pages: 28 / 76M, Empty: 0M, Relocated: 0M, In-Place: 0
[0.793s][info ][gc,reloc       ] GC(10) Forwarding Usage: 0M
[0.793s][info ][gc,heap        ] GC(10) Min Capacity: 128M(50%)
[0.793s][info ][gc,heap        ] GC(10) Max Capacity: 256M(100%)
[0.793s][info ][gc,heap        ] GC(10) Soft Max Capacity: 256M(100%)
[0.793s][info ][gc,heap        ] GC(10)                Mark Start          Mark End        Relocate Start      Relocate End           High               Low         
[0.793s][info ][gc,heap        ] GC(10)  Capacity:      256M (100%)        256M (100%)        256M (100%)        256M (100%)        256M (100%)        256M (100%)   
[0.793s][info ][gc,heap        ] GC(10)      Free:        0M (0%)            0M (0%)            0M (0%)            0M (0%)            0M (0%)            0M (0%)     
[0.793s][info ][gc,heap        ] GC(10)      Used:      256M (100%)        256M (100%)        256M (100%)        256M (100%)        256M (100%)        256M (100%)   
[0.793s][info ][gc,heap        ] GC(10)      Live:         -               228M (89%)         228M (89%)         228M (89%)            -                  -          
[0.793s][info ][gc,heap        ] GC(10) Allocated:         -                 0M (0%)            0M (0%)            0M (0%)             -                  -          
[0.793s][info ][gc,heap        ] GC(10)   Garbage:         -                27M (11%)          27M (11%)          27M (11%)            -                  -          
[0.793s][info ][gc,heap        ] GC(10) Reclaimed:         -                  -                 0M (0%)            0M (0%)             -                  -          
[0.793s][info ][gc             ] GC(10) Garbage Collection (Allocation Stall) 256M(100%)->256M(100%)
[0.793s][info ][gc             ] Allocation Stall (Thread-2) 4.716ms
[0.793s][info ][gc             ] Out Of Memory (Thread-2)
[0.793s][info ][gc             ] Allocation Stall (Thread-1) 4.747ms
[0.793s][info ][gc             ] Out Of Memory (Thread-1)
[0.793s][info ][gc             ] Allocation Stall (Thread-4) 4.849ms
[0.793s][debug][gc,heap        ] GC(11) Heap before GC invocations=11 (full 11):
[0.793s][debug][gc,heap        ] GC(11)  ZHeap           used 256M, capacity 256M, max capacity 256M
[0.793s][debug][gc,heap        ] GC(11)  Metaspace       used 194K, committed 384K, reserved 1114112K
[0.793s][info ][gc             ] Out Of Memory (Thread-4)
[0.793s][debug][gc,heap        ] GC(11)   class space    used 6K, committed 128K, reserved 1048576K
[0.793s][info ][gc,start       ] GC(11) Garbage Collection (Allocation Stall)
[0.793s][info ][gc,ref         ] GC(11) Clearing All SoftReferences
[0.793s][info ][gc,task        ] GC(11) Using 2 workers
[0.793s][debug][gc,phases,start] GC(11) Pause Mark Start
[0.793s][debug][gc,marking     ] GC(11) Using 2 mark stripes
[0.793s][debug][gc,marking     ] GC(11) Mark Worker/Stripe Distribution
[0.793s][debug][gc,marking     ] GC(11)   Worker 0(2) -> Stripe 0(2)
[0.793s][debug][gc,marking     ] GC(11)   Worker 1(2) -> Stripe 1(2)
[0.793s][info ][gc,phases      ] GC(11) Pause Mark Start 0.024ms
[0.793s][debug][gc,phases,start] GC(11) Concurrent Mark
[0.793s][debug][gc,task        ] GC(11) Executing Task: ZMarkRootsTask, Active Workers: 2
[0.793s][debug][gc,phases,start] GC(11) Concurrent Roots OopStorageSet (ZWorker#1)
[0.793s][debug][gc,phases,start] GC(11) Concurrent Roots OopStorageSet (ZWorker#0)
[0.793s][debug][gc,phases      ] GC(11) Concurrent Roots OopStorageSet (ZWorker#0) 0.052ms
[0.793s][debug][gc,phases      ] GC(11) Concurrent Roots OopStorageSet (ZWorker#1) 0.038ms
[0.793s][debug][gc,phases,start] GC(11) Concurrent Roots ClassLoaderDataGraph (ZWorker#1)
[0.793s][debug][gc,phases,start] GC(11) Concurrent Roots ClassLoaderDataGraph (ZWorker#0)
[0.793s][debug][gc,phases      ] GC(11) Concurrent Roots ClassLoaderDataGraph (ZWorker#0) 0.047ms
[0.793s][debug][gc,phases,start] GC(11) Concurrent Roots JavaThreads (ZWorker#0)
[0.793s][debug][gc,phases      ] GC(11) Concurrent Roots ClassLoaderDataGraph (ZWorker#1) 0.036ms
[0.793s][debug][gc,phases,start] GC(11) Concurrent Roots JavaThreads (ZWorker#1)
[0.793s][debug][gc,phases      ] GC(11) Concurrent Roots JavaThreads (ZWorker#0) 0.099ms
[0.794s][debug][gc,phases      ] GC(11) Concurrent Roots JavaThreads (ZWorker#1) 0.090ms
[0.794s][debug][gc,task        ] GC(11) Executing Task: ZMarkTask, Active Workers: 2
[0.794s][debug][gc,phases,start] GC(11) Concurrent Mark (ZWorker#0)
[0.794s][debug][gc,phases,start] GC(11) Concurrent Mark (ZWorker#1)
[0.794s][debug][gc,phases,start] GC(11) Concurrent Mark Try Terminate (ZWorker#1)
[0.794s][debug][gc,phases,start] GC(11) Concurrent Mark Try Flush (ZWorker#0)
[0.795s][debug][gc,phases      ] GC(11) Concurrent Mark Try Flush (ZWorker#0) 0.135ms
[0.795s][debug][gc,phases,start] GC(11) Concurrent Mark Try Terminate (ZWorker#0)
[0.795s][debug][gc,phases,start] GC(11) Concurrent Mark Try Flush (ZWorker#0)
[0.795s][debug][gc,phases      ] GC(11) Concurrent Mark Try Flush (ZWorker#0) 0.106ms
[0.795s][debug][gc,phases      ] GC(11) Concurrent Mark Try Terminate (ZWorker#0) 0.121ms
[0.795s][debug][gc,phases,start] GC(11) Concurrent Mark Try Terminate (ZWorker#0)
[0.795s][debug][gc,phases      ] GC(11) Concurrent Mark Try Terminate (ZWorker#0) 0.004ms
[0.795s][debug][gc,phases      ] GC(11) Concurrent Mark (ZWorker#0) 1.175ms
[0.795s][debug][gc,phases      ] GC(11) Concurrent Mark Try Terminate (ZWorker#1) 1.107ms
[0.795s][debug][gc,phases      ] GC(11) Concurrent Mark (ZWorker#1) 1.871ms
[0.796s][info ][gc,phases      ] GC(11) Concurrent Mark 2.273ms
[0.796s][debug][gc,phases,start] GC(11) Pause Mark End
[0.796s][info ][gc,phases      ] GC(11) Pause Mark End 0.012ms
[0.796s][debug][gc,phases,start] GC(11) Concurrent Mark Free
[0.796s][info ][gc,phases      ] GC(11) Concurrent Mark Free 0.011ms
[0.796s][debug][gc,phases,start] GC(11) Concurrent Process Non-Strong References
[0.796s][debug][gc,phases,start] GC(11) Concurrent References Process (ZDriver)
[0.796s][debug][gc,task        ] GC(11) Executing Task: ZReferenceProcessorTask, Active Workers: 2
[0.796s][debug][gc,phases      ] GC(11) Concurrent References Process (ZDriver) 0.038ms
[0.796s][debug][gc,task        ] GC(11) Executing Task: ZProcessWeakRootsTask, Active Workers: 2
[0.796s][debug][gc,phases,start] GC(11) Concurrent Weak Roots OopStorageSet (ZWorker#0)
[0.796s][debug][gc,phases,start] GC(11) Concurrent Weak Roots OopStorageSet (ZWorker#1)
[0.796s][debug][gc,phases      ] GC(11) Concurrent Weak Roots OopStorageSet (ZWorker#1) 0.022ms
[0.796s][debug][gc,phases      ] GC(11) Concurrent Weak Roots OopStorageSet (ZWorker#0) 0.036ms
[0.796s][debug][gc,phases,start] GC(11) Concurrent Classes Unlink (ZDriver)
[0.796s][debug][gc,phases,start] GC(11) ClassLoaderData
[0.796s][debug][gc,phases      ] GC(11) ClassLoaderData 0.007ms
[0.796s][debug][gc,phases,start] GC(11) Trigger cleanups
[0.796s][debug][gc,phases      ] GC(11) Trigger cleanups 0.005ms
[0.796s][debug][gc,task        ] GC(11) Executing Task: ZNMethodUnlinkTask, Active Workers: 2
[0.796s][debug][gc,phases      ] GC(11) Concurrent Classes Unlink (ZDriver) 0.130ms
[0.796s][debug][gc,phases,start] GC(11) Concurrent Classes Purge (ZDriver)
[0.796s][debug][gc,task        ] GC(11) Executing Task: ZNMethodPurgeTask, Active Workers: 2
[0.796s][debug][gc,phases      ] GC(11) Concurrent Classes Purge (ZDriver) 0.055ms
[0.796s][debug][gc,phases,start] GC(11) Concurrent References Enqueue (ZDriver)
[0.796s][debug][gc,phases      ] GC(11) Concurrent References Enqueue (ZDriver) 0.012ms
[0.796s][info ][gc,phases      ] GC(11) Concurrent Process Non-Strong References 0.430ms
[0.796s][debug][gc,phases,start] GC(11) Concurrent Reset Relocation Set
[0.796s][info ][gc,phases      ] GC(11) Concurrent Reset Relocation Set 0.013ms
[0.796s][debug][gc,phases,start] GC(11) Concurrent Select Relocation Set
[0.797s][debug][gc,task        ] GC(11) Executing Task: ZRelocationSetInstallTask, Active Workers: 2
[0.797s][info ][gc,phases      ] GC(11) Concurrent Select Relocation Set 0.927ms
[0.797s][debug][gc,phases,start] GC(11) Pause Relocate Start
[0.797s][info ][gc,phases      ] GC(11) Pause Relocate Start 0.029ms
[0.797s][debug][gc,phases,start] GC(11) Concurrent Relocate
[0.797s][debug][gc,task        ] GC(11) Executing Task: ZRelocateTask, Active Workers: 2
[0.797s][info ][gc,phases      ] GC(11) Concurrent Relocate 0.051ms
[0.797s][debug][gc,heap        ] GC(11) Heap after GC invocations=12 (full 12):
[0.797s][debug][gc,heap        ] GC(11)  ZHeap           used 256M, capacity 256M, max capacity 256M
[0.797s][debug][gc,heap        ] GC(11)  Metaspace       used 194K, committed 384K, reserved 1114112K
[0.797s][debug][gc,heap        ] GC(11)   class space    used 6K, committed 128K, reserved 1048576K
[0.797s][info ][gc,load        ] GC(11) Load: 0.06/0.03/0.08
[0.797s][info ][gc,mmu         ] GC(11) MMU: 2ms/95.4%, 5ms/97.4%, 10ms/98.5%, 20ms/99.3%, 50ms/99.4%, 100ms/99.6%
[0.797s][info ][gc,marking     ] GC(11) Mark: 2 stripe(s), 1 proactive flush(es), 1 terminate flush(es), 0 completion(s), 0 continuation(s) 
[0.797s][info ][gc,marking     ] GC(11) Mark Stack Usage: 32M
[0.797s][info ][gc,nmethod     ] GC(11) NMethods: 101 registered, 0 unregistered
[0.797s][info ][gc,metaspace   ] GC(11) Metaspace: 0M used, 0M committed, 1088M reserved
[0.797s][info ][gc,ref         ] GC(11) Soft: 7 encountered, 2 discovered, 0 enqueued
[0.797s][info ][gc,ref         ] GC(11) Weak: 34 encountered, 22 discovered, 0 enqueued
[0.797s][info ][gc,ref         ] GC(11) Final: 0 encountered, 0 discovered, 0 enqueued
[0.797s][info ][gc,ref         ] GC(11) Phantom: 1 encountered, 0 discovered, 0 enqueued
[0.797s][info ][gc,reloc       ] GC(11) Small Pages: 90 / 180M, Empty: 0M, Relocated: 0M, In-Place: 0
[0.797s][info ][gc,reloc       ] GC(11) Medium Pages: 0 / 0M, Empty: 0M, Relocated: 0M, In-Place: 0
[0.797s][info ][gc,reloc       ] GC(11) Large Pages: 28 / 76M, Empty: 0M, Relocated: 0M, In-Place: 0
[0.797s][info ][gc,reloc       ] GC(11) Forwarding Usage: 0M
[0.797s][info ][gc,heap        ] GC(11) Min Capacity: 128M(50%)
[0.797s][info ][gc,heap        ] GC(11) Max Capacity: 256M(100%)
[0.797s][info ][gc,heap        ] GC(11) Soft Max Capacity: 256M(100%)
[0.797s][info ][gc,heap        ] GC(11)                Mark Start          Mark End        Relocate Start      Relocate End           High               Low         
[0.797s][info ][gc,heap        ] GC(11)  Capacity:      256M (100%)        256M (100%)        256M (100%)        256M (100%)        256M (100%)        256M (100%)   
[0.797s][info ][gc,heap        ] GC(11)      Free:        0M (0%)            0M (0%)            0M (0%)            0M (0%)            0M (0%)            0M (0%)     
[0.797s][info ][gc,heap        ] GC(11)      Used:      256M (100%)        256M (100%)        256M (100%)        256M (100%)        256M (100%)        256M (100%)   
[0.797s][info ][gc,heap        ] GC(11)      Live:         -               228M (89%)         228M (89%)         228M (89%)            -                  -          
[0.797s][info ][gc,heap        ] GC(11) Allocated:         -                 0M (0%)            0M (0%)            0M (0%)             -                  -          
[0.797s][info ][gc,heap        ] GC(11)   Garbage:         -                27M (11%)          27M (11%)          27M (11%)            -                  -          
[0.797s][info ][gc,heap        ] GC(11) Reclaimed:         -                  -                 0M (0%)            0M (0%)             -                  -          
[0.797s][info ][gc             ] GC(11) Garbage Collection (Allocation Stall) 256M(100%)->256M(100%)
[0.797s][info ][gc             ] Allocation Stall (Thread-2) 4.415ms
[0.797s][info ][gc             ] Allocation Stall (Thread-1) 4.421ms
[0.797s][info ][gc             ] Allocation Stall (Thread-3) 8.398ms
[0.797s][info ][gc             ] Allocation Stall (Thread-4) 4.294ms
[0.797s][debug][gc,heap        ] GC(12) Heap before GC invocations=12 (full 12):
[0.798s][debug][gc,heap        ] GC(12)  ZHeap           used 256M, capacity 256M, max capacity 256M
[0.797s][info ][gc             ] Allocation Stall (Thread-0) 8.562ms
[0.798s][debug][gc,heap        ] GC(12)  Metaspace       used 194K, committed 384K, reserved 1114112K
[0.798s][debug][gc,heap        ] GC(12)   class space    used 6K, committed 128K, reserved 1048576K
[0.798s][info ][gc,start       ] GC(12) Garbage Collection (Allocation Stall)
[0.798s][info ][gc,ref         ] GC(12) Clearing All SoftReferences
[0.798s][info ][gc,task        ] GC(12) Using 2 workers
[0.798s][debug][gc,phases,start] GC(12) Pause Mark Start
[0.798s][debug][gc,marking     ] GC(12) Using 2 mark stripes
[0.798s][debug][gc,marking     ] GC(12) Mark Worker/Stripe Distribution
[0.798s][debug][gc,marking     ] GC(12)   Worker 0(2) -> Stripe 0(2)
[0.798s][debug][gc,marking     ] GC(12)   Worker 1(2) -> Stripe 1(2)
[0.798s][info ][gc,phases      ] GC(12) Pause Mark Start 0.032ms
[0.798s][debug][gc,phases,start] GC(12) Concurrent Mark
[0.798s][debug][gc,task        ] GC(12) Executing Task: ZMarkRootsTask, Active Workers: 2
[0.798s][debug][gc,phases,start] GC(12) Concurrent Roots OopStorageSet (ZWorker#1)
[0.798s][debug][gc,phases      ] GC(12) Concurrent Roots OopStorageSet (ZWorker#1) 0.015ms
[0.798s][debug][gc,phases,start] GC(12) Concurrent Roots ClassLoaderDataGraph (ZWorker#1)
[0.798s][debug][gc,phases,start] GC(12) Concurrent Roots ClassLoaderDataGraph (ZWorker#0)
[0.798s][debug][gc,phases      ] GC(12) Concurrent Roots ClassLoaderDataGraph (ZWorker#0) 0.010ms
[0.798s][debug][gc,phases,start] GC(12) Concurrent Roots JavaThreads (ZWorker#0)
[0.798s][debug][gc,phases      ] GC(12) Concurrent Roots ClassLoaderDataGraph (ZWorker#1) 0.029ms
[0.798s][debug][gc,phases,start] GC(12) Concurrent Roots JavaThreads (ZWorker#1)
[0.798s][debug][gc,phases      ] GC(12) Concurrent Roots JavaThreads (ZWorker#0) 0.078ms
[0.798s][debug][gc,phases      ] GC(12) Concurrent Roots JavaThreads (ZWorker#1) 0.073ms
[0.798s][debug][gc,task        ] GC(12) Executing Task: ZMarkTask, Active Workers: 2
[0.798s][debug][gc,phases,start] GC(12) Concurrent Mark (ZWorker#0)
[0.798s][debug][gc,phases,start] GC(12) Concurrent Mark (ZWorker#1)
[0.798s][debug][gc,phases,start] GC(12) Concurrent Mark Try Terminate (ZWorker#1)
[0.799s][debug][gc,phases,start] GC(12) Concurrent Mark Try Flush (ZWorker#0)
[0.799s][debug][gc,phases      ] GC(12) Concurrent Mark Try Flush (ZWorker#0) 0.087ms
[0.799s][debug][gc,phases,start] GC(12) Concurrent Mark Try Terminate (ZWorker#0)
[0.799s][debug][gc,phases,start] GC(12) Concurrent Mark Try Flush (ZWorker#0)
[0.799s][debug][gc,phases      ] GC(12) Concurrent Mark Try Flush (ZWorker#0) 0.066ms
[0.799s][debug][gc,phases      ] GC(12) Concurrent Mark Try Terminate (ZWorker#0) 0.082ms
[0.799s][debug][gc,phases,start] GC(12) Concurrent Mark Try Terminate (ZWorker#0)
[0.799s][debug][gc,phases      ] GC(12) Concurrent Mark Try Terminate (ZWorker#0) 0.004ms
[0.799s][debug][gc,phases      ] GC(12) Concurrent Mark (ZWorker#0) 1.164ms
[0.800s][debug][gc,phases      ] GC(12) Concurrent Mark Try Terminate (ZWorker#1) 1.106ms
[0.800s][debug][gc,phases      ] GC(12) Concurrent Mark (ZWorker#1) 1.589ms
[0.800s][info ][gc,phases      ] GC(12) Concurrent Mark 1.882ms
[0.800s][debug][gc,phases,start] GC(12) Pause Mark End
[0.800s][info ][gc,phases      ] GC(12) Pause Mark End 0.014ms
[0.800s][debug][gc,phases,start] GC(12) Concurrent Mark Free
[0.800s][info ][gc,phases      ] GC(12) Concurrent Mark Free 0.010ms
[0.800s][debug][gc,phases,start] GC(12) Concurrent Process Non-Strong References
[0.800s][debug][gc,phases,start] GC(12) Concurrent References Process (ZDriver)
[0.800s][debug][gc,task        ] GC(12) Executing Task: ZReferenceProcessorTask, Active Workers: 2
[0.800s][debug][gc,phases      ] GC(12) Concurrent References Process (ZDriver) 0.043ms
[0.800s][debug][gc,task        ] GC(12) Executing Task: ZProcessWeakRootsTask, Active Workers: 2
[0.800s][debug][gc,phases,start] GC(12) Concurrent Weak Roots OopStorageSet (ZWorker#0)
[0.800s][debug][gc,phases,start] GC(12) Concurrent Weak Roots OopStorageSet (ZWorker#1)
[0.800s][debug][gc,phases      ] GC(12) Concurrent Weak Roots OopStorageSet (ZWorker#1) 0.025ms
[0.800s][debug][gc,phases      ] GC(12) Concurrent Weak Roots OopStorageSet (ZWorker#0) 0.034ms
[0.800s][debug][gc,phases,start] GC(12) Concurrent Classes Unlink (ZDriver)
[0.800s][debug][gc,phases,start] GC(12) ClassLoaderData
[0.800s][debug][gc,phases      ] GC(12) ClassLoaderData 0.007ms
[0.800s][debug][gc,phases,start] GC(12) Trigger cleanups
[0.800s][debug][gc,phases      ] GC(12) Trigger cleanups 0.005ms
[0.800s][debug][gc,task        ] GC(12) Executing Task: ZNMethodUnlinkTask, Active Workers: 2
[0.800s][debug][gc,phases      ] GC(12) Concurrent Classes Unlink (ZDriver) 0.123ms
[0.800s][debug][gc,phases,start] GC(12) Concurrent Classes Purge (ZDriver)
[0.800s][debug][gc,task        ] GC(12) Executing Task: ZNMethodPurgeTask, Active Workers: 2
[0.800s][debug][gc,phases      ] GC(12) Concurrent Classes Purge (ZDriver) 0.082ms
[0.800s][debug][gc,phases,start] GC(12) Concurrent References Enqueue (ZDriver)
[0.800s][debug][gc,phases      ] GC(12) Concurrent References Enqueue (ZDriver) 0.005ms
[0.800s][info ][gc,phases      ] GC(12) Concurrent Process Non-Strong References 0.486ms
[0.800s][debug][gc,phases,start] GC(12) Concurrent Reset Relocation Set
[0.800s][info ][gc,phases      ] GC(12) Concurrent Reset Relocation Set 0.005ms
[0.800s][debug][gc,phases,start] GC(12) Concurrent Select Relocation Set
[0.801s][debug][gc,task        ] GC(12) Executing Task: ZRelocationSetInstallTask, Active Workers: 2
[0.801s][info ][gc,phases      ] GC(12) Concurrent Select Relocation Set 0.928ms
[0.801s][debug][gc,phases,start] GC(12) Pause Relocate Start
[0.801s][info ][gc,phases      ] GC(12) Pause Relocate Start 0.018ms
[0.801s][debug][gc,phases,start] GC(12) Concurrent Relocate
[0.801s][debug][gc,task        ] GC(12) Executing Task: ZRelocateTask, Active Workers: 2
[0.801s][info ][gc,phases      ] GC(12) Concurrent Relocate 0.042ms
[0.801s][debug][gc,heap        ] GC(12) Heap after GC invocations=13 (full 13):
[0.801s][debug][gc,heap        ] GC(12)  ZHeap           used 256M, capacity 256M, max capacity 256M
[0.801s][debug][gc,heap        ] GC(12)  Metaspace       used 194K, committed 384K, reserved 1114112K
[0.801s][debug][gc,heap        ] GC(12)   class space    used 6K, committed 128K, reserved 1048576K
[0.801s][info ][gc,load        ] GC(12) Load: 0.06/0.03/0.08
[0.801s][info ][gc,mmu         ] GC(12) MMU: 2ms/95.4%, 5ms/97.4%, 10ms/98.2%, 20ms/98.9%, 50ms/99.3%, 100ms/99.6%
[0.801s][info ][gc,marking     ] GC(12) Mark: 2 stripe(s), 1 proactive flush(es), 1 terminate flush(es), 0 completion(s), 0 continuation(s) 
[0.801s][info ][gc,marking     ] GC(12) Mark Stack Usage: 32M
[0.801s][info ][gc,nmethod     ] GC(12) NMethods: 101 registered, 0 unregistered
[0.801s][info ][gc,metaspace   ] GC(12) Metaspace: 0M used, 0M committed, 1088M reserved
[0.801s][info ][gc,ref         ] GC(12) Soft: 7 encountered, 2 discovered, 0 enqueued
[0.801s][info ][gc,ref         ] GC(12) Weak: 34 encountered, 22 discovered, 0 enqueued
[0.801s][info ][gc,ref         ] GC(12) Final: 0 encountered, 0 discovered, 0 enqueued
[0.801s][info ][gc,ref         ] GC(12) Phantom: 1 encountered, 0 discovered, 0 enqueued
[0.801s][info ][gc,reloc       ] GC(12) Small Pages: 90 / 180M, Empty: 0M, Relocated: 0M, In-Place: 0
[0.801s][info ][gc,reloc       ] GC(12) Medium Pages: 0 / 0M, Empty: 0M, Relocated: 0M, In-Place: 0
[0.801s][info ][gc,reloc       ] GC(12) Large Pages: 28 / 76M, Empty: 0M, Relocated: 0M, In-Place: 0
[0.801s][info ][gc,reloc       ] GC(12) Forwarding Usage: 0M
[0.801s][info ][gc,heap        ] GC(12) Min Capacity: 128M(50%)
[0.801s][info ][gc,heap        ] GC(12) Max Capacity: 256M(100%)
[0.801s][info ][gc,heap        ] GC(12) Soft Max Capacity: 256M(100%)
[0.801s][info ][gc,heap        ] GC(12)                Mark Start          Mark End        Relocate Start      Relocate End           High               Low         
[0.801s][info ][gc,heap        ] GC(12)  Capacity:      256M (100%)        256M (100%)        256M (100%)        256M (100%)        256M (100%)        256M (100%)   
[0.801s][info ][gc,heap        ] GC(12)      Free:        0M (0%)            0M (0%)            0M (0%)            0M (0%)            0M (0%)            0M (0%)     
[0.801s][info ][gc,heap        ] GC(12)      Used:      256M (100%)        256M (100%)        256M (100%)        256M (100%)        256M (100%)        256M (100%)   
[0.801s][info ][gc,heap        ] GC(12)      Live:         -               228M (89%)         228M (89%)         228M (89%)            -                  -          
[0.801s][info ][gc,heap        ] GC(12) Allocated:         -                 0M (0%)            0M (0%)            0M (0%)             -                  -          
[0.801s][info ][gc,heap        ] GC(12)   Garbage:         -                27M (11%)          27M (11%)          27M (11%)            -                  -          
[0.801s][info ][gc,heap        ] GC(12) Reclaimed:         -                  -                 0M (0%)            0M (0%)             -                  -          
[0.801s][info ][gc             ] GC(12) Garbage Collection (Allocation Stall) 256M(100%)->256M(100%)
[0.802s][info ][gc             ] Allocation Stall (Thread-1) 4.095ms
[0.802s][info ][gc             ] Allocation Stall (Thread-4) 4.082ms
[0.802s][info ][gc             ] Allocation Stall (Thread-2) 4.142ms
[0.802s][info ][gc             ] Allocation Stall (main) 6.574ms
[0.802s][info ][gc             ] Out Of Memory (Thread-2)
[0.802s][info ][gc             ] Out Of Memory (main)
[0.802s][info ][gc             ] Out Of Memory (Thread-1)
[0.802s][info ][gc             ] Allocation Stall (Thread-0) 4.056ms
[0.802s][info ][gc             ] Allocation Stall (Thread-3) 4.100ms
[0.802s][info ][gc             ] Out Of Memory (Thread-0)
[0.802s][info ][gc             ] Out Of Memory (Thread-3)
[0.802s][debug][gc,heap        ] GC(13) Heap before GC invocations=13 (full 13):
[0.802s][debug][gc,heap        ] GC(13)  ZHeap           used 256M, capacity 256M, max capacity 256M
[0.802s][info ][gc             ] Out Of Memory (Thread-4)
[0.802s][debug][gc,heap        ] GC(13)  Metaspace       used 194K, committed 384K, reserved 1114112K
[0.802s][debug][gc,heap        ] GC(13)   class space    used 6K, committed 128K, reserved 1048576K
[0.802s][info ][gc,start       ] GC(13) Garbage Collection (Allocation Stall)
[0.802s][info ][gc,ref         ] GC(13) Clearing All SoftReferences
[0.802s][info ][gc,task        ] GC(13) Using 2 workers
[0.802s][debug][gc,phases,start] GC(13) Pause Mark Start
[0.802s][debug][gc,marking     ] GC(13) Using 2 mark stripes
[0.802s][debug][gc,marking     ] GC(13) Mark Worker/Stripe Distribution
[0.802s][debug][gc,marking     ] GC(13)   Worker 0(2) -> Stripe 0(2)
[0.802s][debug][gc,marking     ] GC(13)   Worker 1(2) -> Stripe 1(2)
[0.802s][info ][gc,phases      ] GC(13) Pause Mark Start 0.034ms
[0.802s][debug][gc,phases,start] GC(13) Concurrent Mark
[0.802s][debug][gc,task        ] GC(13) Executing Task: ZMarkRootsTask, Active Workers: 2
[0.802s][debug][gc,phases,start] GC(13) Concurrent Roots OopStorageSet (ZWorker#1)
[0.802s][debug][gc,phases,start] GC(13) Concurrent Roots OopStorageSet (ZWorker#0)
[0.802s][debug][gc,phases      ] GC(13) Concurrent Roots OopStorageSet (ZWorker#1) 0.017ms
[0.802s][debug][gc,phases,start] GC(13) Concurrent Roots ClassLoaderDataGraph (ZWorker#1)
[0.802s][debug][gc,phases      ] GC(13) Concurrent Roots OopStorageSet (ZWorker#0) 0.011ms
[0.802s][debug][gc,phases,start] GC(13) Concurrent Roots ClassLoaderDataGraph (ZWorker#0)
[0.802s][debug][gc,phases      ] GC(13) Concurrent Roots ClassLoaderDataGraph (ZWorker#0) 0.011ms
[0.802s][debug][gc,phases,start] GC(13) Concurrent Roots JavaThreads (ZWorker#0)
[0.802s][debug][gc,phases      ] GC(13) Concurrent Roots ClassLoaderDataGraph (ZWorker#1) 0.032ms
[0.802s][debug][gc,phases,start] GC(13) Concurrent Roots JavaThreads (ZWorker#1)
[0.802s][debug][gc,phases      ] GC(13) Concurrent Roots JavaThreads (ZWorker#0) 0.093ms
[0.802s][debug][gc,phases      ] GC(13) Concurrent Roots JavaThreads (ZWorker#1) 0.076ms
[0.802s][debug][gc,task        ] GC(13) Executing Task: ZMarkTask, Active Workers: 2
[0.802s][debug][gc,phases,start] GC(13) Concurrent Mark (ZWorker#0)
[0.802s][debug][gc,phases,start] GC(13) Concurrent Mark (ZWorker#1)
[0.803s][debug][gc,phases,start] GC(13) Concurrent Mark Try Flush (ZWorker#0)
[0.803s][debug][gc,phases      ] GC(13) Concurrent Mark Try Flush (ZWorker#0) 0.081ms
[0.803s][debug][gc,phases,start] GC(13) Concurrent Mark Try Terminate (ZWorker#0)
[0.803s][debug][gc,phases,start] GC(13) Concurrent Mark Try Terminate (ZWorker#1)
[0.803s][debug][gc,phases,start] GC(13) Concurrent Mark Try Flush (ZWorker#1)
[0.803s][debug][gc,phases      ] GC(13) Concurrent Mark Try Flush (ZWorker#1) 0.076ms
[0.803s][debug][gc,phases      ] GC(13) Concurrent Mark Try Terminate (ZWorker#1) 0.102ms
[0.803s][debug][gc,phases,start] GC(13) Concurrent Mark Try Terminate (ZWorker#1)
[0.803s][debug][gc,phases      ] GC(13) Concurrent Mark Try Terminate (ZWorker#1) 0.005ms
[0.803s][debug][gc,phases      ] GC(13) Concurrent Mark (ZWorker#1) 0.972ms
[0.804s][debug][gc,phases      ] GC(13) Concurrent Mark Try Terminate (ZWorker#0) 1.097ms
[0.804s][debug][gc,phases      ] GC(13) Concurrent Mark (ZWorker#0) 1.861ms
[0.804s][info ][gc,phases      ] GC(13) Concurrent Mark 2.246ms
[0.804s][debug][gc,phases,start] GC(13) Pause Mark End
[0.804s][info ][gc,phases      ] GC(13) Pause Mark End 0.015ms
[0.804s][debug][gc,phases,start] GC(13) Concurrent Mark Free
[0.804s][info ][gc,phases      ] GC(13) Concurrent Mark Free 0.010ms
[0.804s][debug][gc,phases,start] GC(13) Concurrent Process Non-Strong References
[0.804s][debug][gc,phases,start] GC(13) Concurrent References Process (ZDriver)
[0.804s][debug][gc,task        ] GC(13) Executing Task: ZReferenceProcessorTask, Active Workers: 2
[0.804s][debug][gc,phases      ] GC(13) Concurrent References Process (ZDriver) 0.060ms
[0.804s][debug][gc,task        ] GC(13) Executing Task: ZProcessWeakRootsTask, Active Workers: 2
[0.804s][debug][gc,phases,start] GC(13) Concurrent Weak Roots OopStorageSet (ZWorker#0)
[0.804s][debug][gc,phases,start] GC(13) Concurrent Weak Roots OopStorageSet (ZWorker#1)
[0.804s][debug][gc,phases      ] GC(13) Concurrent Weak Roots OopStorageSet (ZWorker#1) 0.051ms
[0.804s][debug][gc,phases      ] GC(13) Concurrent Weak Roots OopStorageSet (ZWorker#0) 0.057ms
[0.804s][debug][gc,phases,start] GC(13) Concurrent Classes Unlink (ZDriver)
[0.804s][debug][gc,phases,start] GC(13) ClassLoaderData
[0.804s][debug][gc,phases      ] GC(13) ClassLoaderData 0.006ms
[0.804s][debug][gc,phases,start] GC(13) Trigger cleanups
[0.805s][debug][gc,phases      ] GC(13) Trigger cleanups 0.005ms
[0.805s][debug][gc,task        ] GC(13) Executing Task: ZNMethodUnlinkTask, Active Workers: 2
[0.805s][debug][gc,phases      ] GC(13) Concurrent Classes Unlink (ZDriver) 0.130ms
[0.805s][debug][gc,phases,start] GC(13) Concurrent Classes Purge (ZDriver)
[0.805s][debug][gc,task        ] GC(13) Executing Task: ZNMethodPurgeTask, Active Workers: 2
[0.805s][debug][gc,phases      ] GC(13) Concurrent Classes Purge (ZDriver) 0.083ms
[0.805s][debug][gc,phases,start] GC(13) Concurrent References Enqueue (ZDriver)
[0.805s][debug][gc,phases      ] GC(13) Concurrent References Enqueue (ZDriver) 0.005ms
[0.805s][info ][gc,phases      ] GC(13) Concurrent Process Non-Strong References 0.511ms
[0.805s][debug][gc,phases,start] GC(13) Concurrent Reset Relocation Set
[0.805s][info ][gc,phases      ] GC(13) Concurrent Reset Relocation Set 0.005ms
[0.805s][debug][gc,phases,start] GC(13) Concurrent Select Relocation Set
[0.806s][debug][gc,task        ] GC(13) Executing Task: ZRelocationSetInstallTask, Active Workers: 2
[0.806s][info ][gc,phases      ] GC(13) Concurrent Select Relocation Set 0.916ms
[0.806s][debug][gc,phases,start] GC(13) Pause Relocate Start
[0.806s][info ][gc,phases      ] GC(13) Pause Relocate Start 0.017ms
[0.806s][debug][gc,phases,start] GC(13) Concurrent Relocate
[0.806s][debug][gc,task        ] GC(13) Executing Task: ZRelocateTask, Active Workers: 2
[0.806s][info ][gc,phases      ] GC(13) Concurrent Relocate 0.068ms
[0.806s][debug][gc,heap        ] GC(13) Heap after GC invocations=14 (full 14):
[0.806s][debug][gc,heap        ] GC(13)  ZHeap           used 256M, capacity 256M, max capacity 256M
[0.806s][debug][gc,heap        ] GC(13)  Metaspace       used 194K, committed 384K, reserved 1114112K
[0.806s][debug][gc,heap        ] GC(13)   class space    used 6K, committed 128K, reserved 1048576K
[0.806s][info ][gc,load        ] GC(13) Load: 0.06/0.03/0.08
[0.806s][info ][gc,mmu         ] GC(13) MMU: 2ms/95.4%, 5ms/97.4%, 10ms/98.2%, 20ms/98.6%, 50ms/99.3%, 100ms/99.5%
[0.806s][info ][gc,marking     ] GC(13) Mark: 2 stripe(s), 1 proactive flush(es), 1 terminate flush(es), 0 completion(s), 0 continuation(s) 
[0.806s][info ][gc,marking     ] GC(13) Mark Stack Usage: 32M
[0.806s][info ][gc,nmethod     ] GC(13) NMethods: 101 registered, 0 unregistered
[0.806s][info ][gc,metaspace   ] GC(13) Metaspace: 0M used, 0M committed, 1088M reserved
[0.806s][info ][gc,ref         ] GC(13) Soft: 7 encountered, 2 discovered, 0 enqueued
[0.806s][info ][gc,ref         ] GC(13) Weak: 34 encountered, 22 discovered, 0 enqueued
[0.806s][info ][gc,ref         ] GC(13) Final: 0 encountered, 0 discovered, 0 enqueued
[0.806s][info ][gc,ref         ] GC(13) Phantom: 1 encountered, 0 discovered, 0 enqueued
[0.806s][info ][gc,reloc       ] GC(13) Small Pages: 90 / 180M, Empty: 0M, Relocated: 0M, In-Place: 0
[0.806s][info ][gc,reloc       ] GC(13) Medium Pages: 0 / 0M, Empty: 0M, Relocated: 0M, In-Place: 0
[0.806s][info ][gc,reloc       ] GC(13) Large Pages: 28 / 76M, Empty: 0M, Relocated: 0M, In-Place: 0
[0.806s][info ][gc,reloc       ] GC(13) Forwarding Usage: 0M
[0.806s][info ][gc,heap        ] GC(13) Min Capacity: 128M(50%)
[0.806s][info ][gc,heap        ] GC(13) Max Capacity: 256M(100%)
[0.806s][info ][gc,heap        ] GC(13) Soft Max Capacity: 256M(100%)
[0.806s][info ][gc,heap        ] GC(13)                Mark Start          Mark End        Relocate Start      Relocate End           High               Low         
[0.806s][info ][gc,heap        ] GC(13)  Capacity:      256M (100%)        256M (100%)        256M (100%)        256M (100%)        256M (100%)        256M (100%)   
[0.806s][info ][gc,heap        ] GC(13)      Free:        0M (0%)            0M (0%)            0M (0%)            0M (0%)            0M (0%)            0M (0%)     
[0.806s][info ][gc,heap        ] GC(13)      Used:      256M (100%)        256M (100%)        256M (100%)        256M (100%)        256M (100%)        256M (100%)   
[0.806s][info ][gc,heap        ] GC(13)      Live:         -               228M (89%)         228M (89%)         228M (89%)            -                  -          
[0.806s][info ][gc,heap        ] GC(13) Allocated:         -                 0M (0%)            0M (0%)            0M (0%)             -                  -          
[0.806s][info ][gc,heap        ] GC(13)   Garbage:         -                27M (11%)          27M (11%)          27M (11%)            -                  -          
[0.806s][info ][gc,heap        ] GC(13) Reclaimed:         -                  -                 0M (0%)            0M (0%)             -                  -          
[0.806s][info ][gc             ] GC(13) Garbage Collection (Allocation Stall) 256M(100%)->256M(100%)
[0.806s][info ][gc             ] Allocation Stall (Thread-1) 4.431ms
[0.806s][debug][gc,heap        ] GC(14) Heap before GC invocations=14 (full 14):
[0.806s][info ][gc             ] Allocation Stall (Thread-2) 4.482ms
[0.806s][info ][gc             ] Allocation Stall (main) 4.457ms
[0.806s][info ][gc             ] Allocation Stall (Thread-4) 4.433ms
[0.806s][debug][gc,heap        ] GC(14)  ZHeap           used 256M, capacity 256M, max capacity 256M
[0.806s][debug][gc,heap        ] GC(14)  Metaspace       used 194K, committed 384K, reserved 1114112K
[0.806s][debug][gc,heap        ] GC(14)   class space    used 6K, committed 128K, reserved 1048576K
[0.806s][info ][gc             ] Allocation Stall (Thread-3) 4.399ms
[0.806s][info ][gc,start       ] GC(14) Garbage Collection (Allocation Stall)
[0.806s][info ][gc,ref         ] GC(14) Clearing All SoftReferences
[0.806s][info ][gc,task        ] GC(14) Using 2 workers
[0.806s][info ][gc             ] Allocation Stall (Thread-0) 4.415ms
[0.806s][debug][gc,phases,start] GC(14) Pause Mark Start
[0.806s][debug][gc,marking     ] GC(14) Using 2 mark stripes
[0.806s][debug][gc,marking     ] GC(14) Mark Worker/Stripe Distribution
[0.806s][debug][gc,marking     ] GC(14)   Worker 0(2) -> Stripe 0(2)
[0.806s][debug][gc,marking     ] GC(14)   Worker 1(2) -> Stripe 1(2)
[0.806s][info ][gc,phases      ] GC(14) Pause Mark Start 0.023ms
[0.806s][debug][gc,phases,start] GC(14) Concurrent Mark
[0.806s][debug][gc,task        ] GC(14) Executing Task: ZMarkRootsTask, Active Workers: 2
[0.806s][debug][gc,phases,start] GC(14) Concurrent Roots OopStorageSet (ZWorker#1)
[0.806s][debug][gc,phases,start] GC(14) Concurrent Roots OopStorageSet (ZWorker#0)
[0.806s][debug][gc,phases      ] GC(14) Concurrent Roots OopStorageSet (ZWorker#0) 0.026ms
[0.806s][debug][gc,phases      ] GC(14) Concurrent Roots OopStorageSet (ZWorker#1) 0.014ms
[0.807s][debug][gc,phases,start] GC(14) Concurrent Roots ClassLoaderDataGraph (ZWorker#1)
[0.807s][debug][gc,phases,start] GC(14) Concurrent Roots ClassLoaderDataGraph (ZWorker#0)
[0.807s][debug][gc,phases      ] GC(14) Concurrent Roots ClassLoaderDataGraph (ZWorker#0) 0.043ms
[0.807s][debug][gc,phases,start] GC(14) Concurrent Roots JavaThreads (ZWorker#0)
[0.807s][debug][gc,phases      ] GC(14) Concurrent Roots ClassLoaderDataGraph (ZWorker#1) 0.033ms
[0.807s][debug][gc,phases,start] GC(14) Concurrent Roots JavaThreads (ZWorker#1)
[0.807s][debug][gc,phases      ] GC(14) Concurrent Roots JavaThreads (ZWorker#1) 0.089ms
[0.807s][debug][gc,phases      ] GC(14) Concurrent Roots JavaThreads (ZWorker#0) 0.111ms
[0.807s][debug][gc,task        ] GC(14) Executing Task: ZMarkTask, Active Workers: 2
[0.807s][debug][gc,phases,start] GC(14) Concurrent Mark (ZWorker#1)
[0.807s][debug][gc,phases,start] GC(14) Concurrent Mark (ZWorker#0)
[0.807s][debug][gc,phases,start] GC(14) Concurrent Mark Try Terminate (ZWorker#0)
[0.808s][debug][gc,phases,start] GC(14) Concurrent Mark Try Flush (ZWorker#1)
[0.808s][debug][gc,phases      ] GC(14) Concurrent Mark Try Flush (ZWorker#1) 0.106ms
[0.808s][debug][gc,phases,start] GC(14) Concurrent Mark Try Terminate (ZWorker#1)
[0.808s][debug][gc,phases,start] GC(14) Concurrent Mark Try Flush (ZWorker#1)
[0.808s][debug][gc,phases      ] GC(14) Concurrent Mark Try Flush (ZWorker#1) 0.066ms
[0.808s][debug][gc,phases      ] GC(14) Concurrent Mark Try Terminate (ZWorker#1) 0.101ms
[0.808s][debug][gc,phases,start] GC(14) Concurrent Mark Try Terminate (ZWorker#1)
[0.808s][debug][gc,phases      ] GC(14) Concurrent Mark Try Terminate (ZWorker#1) 0.005ms
[0.808s][debug][gc,phases      ] GC(14) Concurrent Mark (ZWorker#1) 0.995ms
[0.808s][debug][gc,phases      ] GC(14) Concurrent Mark Try Terminate (ZWorker#0) 1.096ms
[0.808s][debug][gc,phases      ] GC(14) Concurrent Mark (ZWorker#0) 1.667ms
[0.808s][info ][gc,phases      ] GC(14) Concurrent Mark 2.077ms
[0.809s][debug][gc,phases,start] GC(14) Pause Mark End
[0.809s][info ][gc,phases      ] GC(14) Pause Mark End 0.017ms
[0.809s][debug][gc,phases,start] GC(14) Concurrent Mark Free
[0.809s][info ][gc,phases      ] GC(14) Concurrent Mark Free 0.010ms
[0.809s][debug][gc,phases,start] GC(14) Concurrent Process Non-Strong References
[0.809s][debug][gc,phases,start] GC(14) Concurrent References Process (ZDriver)
[0.809s][debug][gc,task        ] GC(14) Executing Task: ZReferenceProcessorTask, Active Workers: 2
[0.809s][debug][gc,phases      ] GC(14) Concurrent References Process (ZDriver) 0.048ms
[0.809s][debug][gc,task        ] GC(14) Executing Task: ZProcessWeakRootsTask, Active Workers: 2
[0.809s][debug][gc,phases,start] GC(14) Concurrent Weak Roots OopStorageSet (ZWorker#0)
[0.809s][debug][gc,phases,start] GC(14) Concurrent Weak Roots OopStorageSet (ZWorker#1)
[0.809s][debug][gc,phases      ] GC(14) Concurrent Weak Roots OopStorageSet (ZWorker#0) 0.035ms
[0.809s][debug][gc,phases      ] GC(14) Concurrent Weak Roots OopStorageSet (ZWorker#1) 0.020ms
[0.809s][debug][gc,phases,start] GC(14) Concurrent Classes Unlink (ZDriver)
[0.809s][debug][gc,phases,start] GC(14) ClassLoaderData
[0.809s][debug][gc,phases      ] GC(14) ClassLoaderData 0.006ms
[0.809s][debug][gc,phases,start] GC(14) Trigger cleanups
[0.809s][debug][gc,phases      ] GC(14) Trigger cleanups 0.004ms
[0.809s][debug][gc,task        ] GC(14) Executing Task: ZNMethodUnlinkTask, Active Workers: 2
[0.809s][debug][gc,phases      ] GC(14) Concurrent Classes Unlink (ZDriver) 0.124ms
[0.809s][debug][gc,phases,start] GC(14) Concurrent Classes Purge (ZDriver)
[0.809s][debug][gc,task        ] GC(14) Executing Task: ZNMethodPurgeTask, Active Workers: 2
[0.809s][debug][gc,phases      ] GC(14) Concurrent Classes Purge (ZDriver) 0.080ms
[0.809s][debug][gc,phases,start] GC(14) Concurrent References Enqueue (ZDriver)
[0.809s][debug][gc,phases      ] GC(14) Concurrent References Enqueue (ZDriver) 0.003ms
[0.809s][info ][gc,phases      ] GC(14) Concurrent Process Non-Strong References 0.440ms
[0.809s][debug][gc,phases,start] GC(14) Concurrent Reset Relocation Set
[0.809s][info ][gc,phases      ] GC(14) Concurrent Reset Relocation Set 0.003ms
[0.809s][debug][gc,phases,start] GC(14) Concurrent Select Relocation Set
[0.810s][debug][gc,task        ] GC(14) Executing Task: ZRelocationSetInstallTask, Active Workers: 2
[0.810s][info ][gc,phases      ] GC(14) Concurrent Select Relocation Set 0.556ms
[0.810s][debug][gc,phases,start] GC(14) Pause Relocate Start
[0.810s][info ][gc,phases      ] GC(14) Pause Relocate Start 0.018ms
[0.810s][debug][gc,phases,start] GC(14) Concurrent Relocate
[0.810s][debug][gc,task        ] GC(14) Executing Task: ZRelocateTask, Active Workers: 2
[0.810s][info ][gc,phases      ] GC(14) Concurrent Relocate 0.045ms
[0.810s][debug][gc,heap        ] GC(14) Heap after GC invocations=15 (full 15):
[0.810s][debug][gc,heap        ] GC(14)  ZHeap           used 256M, capacity 256M, max capacity 256M
[0.810s][debug][gc,heap        ] GC(14)  Metaspace       used 194K, committed 384K, reserved 1114112K
[0.810s][debug][gc,heap        ] GC(14)   class space    used 6K, committed 128K, reserved 1048576K
[0.810s][info ][gc,load        ] GC(14) Load: 0.06/0.03/0.08
[0.810s][info ][gc,mmu         ] GC(14) MMU: 2ms/95.4%, 5ms/97.4%, 10ms/98.2%, 20ms/98.5%, 50ms/99.2%, 100ms/99.4%
[0.810s][info ][gc,marking     ] GC(14) Mark: 2 stripe(s), 1 proactive flush(es), 1 terminate flush(es), 0 completion(s), 0 continuation(s) 
[0.810s][info ][gc,marking     ] GC(14) Mark Stack Usage: 32M
[0.810s][info ][gc,nmethod     ] GC(14) NMethods: 101 registered, 0 unregistered
[0.810s][info ][gc,metaspace   ] GC(14) Metaspace: 0M used, 0M committed, 1088M reserved
[0.810s][info ][gc,ref         ] GC(14) Soft: 7 encountered, 2 discovered, 0 enqueued
[0.810s][info ][gc,ref         ] GC(14) Weak: 34 encountered, 22 discovered, 0 enqueued
[0.810s][info ][gc,ref         ] GC(14) Final: 0 encountered, 0 discovered, 0 enqueued
[0.810s][info ][gc,ref         ] GC(14) Phantom: 1 encountered, 0 discovered, 0 enqueued
[0.810s][info ][gc,reloc       ] GC(14) Small Pages: 90 / 180M, Empty: 0M, Relocated: 0M, In-Place: 0
[0.810s][info ][gc,reloc       ] GC(14) Medium Pages: 0 / 0M, Empty: 0M, Relocated: 0M, In-Place: 0
[0.810s][info ][gc,reloc       ] GC(14) Large Pages: 28 / 76M, Empty: 0M, Relocated: 0M, In-Place: 0
[0.810s][info ][gc,reloc       ] GC(14) Forwarding Usage: 0M
[0.810s][info ][gc,heap        ] GC(14) Min Capacity: 128M(50%)
[0.810s][info ][gc,heap        ] GC(14) Max Capacity: 256M(100%)
[0.810s][info ][gc,heap        ] GC(14) Soft Max Capacity: 256M(100%)
[0.810s][info ][gc,heap        ] GC(14)                Mark Start          Mark End        Relocate Start      Relocate End           High               Low         
[0.810s][info ][gc,heap        ] GC(14)  Capacity:      256M (100%)        256M (100%)        256M (100%)        256M (100%)        256M (100%)        256M (100%)   
[0.810s][info ][gc,heap        ] GC(14)      Free:        0M (0%)            0M (0%)            0M (0%)            0M (0%)            0M (0%)            0M (0%)     
[0.810s][info ][gc,heap        ] GC(14)      Used:      256M (100%)        256M (100%)        256M (100%)        256M (100%)        256M (100%)        256M (100%)   
[0.810s][info ][gc,heap        ] GC(14)      Live:         -               228M (89%)         228M (89%)         228M (89%)            -                  -          
[0.810s][info ][gc,heap        ] GC(14) Allocated:         -                 0M (0%)            0M (0%)            0M (0%)             -                  -          
[0.810s][info ][gc,heap        ] GC(14)   Garbage:         -                27M (11%)          27M (11%)          27M (11%)            -                  -          
[0.810s][info ][gc,heap        ] GC(14) Reclaimed:         -                  -                 0M (0%)            0M (0%)             -                  -          
[0.810s][info ][gc             ] GC(14) Garbage Collection (Allocation Stall) 256M(100%)->256M(100%)
[0.810s][info ][gc             ] Allocation Stall (Thread-4) 3.821ms
[0.810s][info ][gc             ] Out Of Memory (Thread-4)
[0.810s][info ][gc             ] Allocation Stall (main) 3.857ms
[0.810s][info ][gc             ] Allocation Stall (Thread-0) 3.732ms
[0.810s][info ][gc             ] Out Of Memory (main)
[0.810s][info ][gc             ] Allocation Stall (Thread-2) 3.948ms
[0.810s][info ][gc             ] Allocation Stall (Thread-1) 3.964ms
[0.810s][info ][gc             ] Out Of Memory (Thread-2)
[0.810s][info ][gc             ] Out Of Memory (Thread-1)
[0.810s][info ][gc             ] Allocation Stall (Thread-3) 3.783ms
[0.810s][info ][gc             ] Out Of Memory (Thread-3)
[0.810s][info ][gc             ] Out Of Memory (Thread-0)
[0.810s][debug][gc,heap        ] GC(15) Heap before GC invocations=15 (full 15):
[0.810s][debug][gc,heap        ] GC(15)  ZHeap           used 256M, capacity 256M, max capacity 256M
[0.810s][debug][gc,heap        ] GC(15)  Metaspace       used 194K, committed 384K, reserved 1114112K
[0.810s][debug][gc,heap        ] GC(15)   class space    used 6K, committed 128K, reserved 1048576K
[0.810s][info ][gc,start       ] GC(15) Garbage Collection (Allocation Stall)
[0.810s][info ][gc,ref         ] GC(15) Clearing All SoftReferences
[0.810s][info ][gc,task        ] GC(15) Using 2 workers
[0.810s][debug][gc,phases,start] GC(15) Pause Mark Start
[0.810s][debug][gc,marking     ] GC(15) Using 2 mark stripes
[0.810s][debug][gc,marking     ] GC(15) Mark Worker/Stripe Distribution
[0.810s][debug][gc,marking     ] GC(15)   Worker 0(2) -> Stripe 0(2)
[0.810s][debug][gc,marking     ] GC(15)   Worker 1(2) -> Stripe 1(2)
[0.810s][info ][gc,phases      ] GC(15) Pause Mark Start 0.035ms
[0.810s][debug][gc,phases,start] GC(15) Concurrent Mark
[0.810s][debug][gc,task        ] GC(15) Executing Task: ZMarkRootsTask, Active Workers: 2
[0.810s][debug][gc,phases,start] GC(15) Concurrent Roots OopStorageSet (ZWorker#1)
[0.810s][debug][gc,phases      ] GC(15) Concurrent Roots OopStorageSet (ZWorker#1) 0.033ms
[0.810s][debug][gc,phases,start] GC(15) Concurrent Roots ClassLoaderDataGraph (ZWorker#1)
[0.810s][debug][gc,phases,start] GC(15) Concurrent Roots OopStorageSet (ZWorker#0)
[0.810s][debug][gc,phases      ] GC(15) Concurrent Roots OopStorageSet (ZWorker#0) 0.053ms
[0.811s][debug][gc,phases,start] GC(15) Concurrent Roots ClassLoaderDataGraph (ZWorker#0)
[0.811s][debug][gc,phases      ] GC(15) Concurrent Roots ClassLoaderDataGraph (ZWorker#1) 0.028ms
[0.811s][debug][gc,phases,start] GC(15) Concurrent Roots JavaThreads (ZWorker#1)
[0.811s][debug][gc,phases      ] GC(15) Concurrent Roots ClassLoaderDataGraph (ZWorker#0) 0.005ms
[0.811s][debug][gc,phases,start] GC(15) Concurrent Roots JavaThreads (ZWorker#0)
[0.811s][debug][gc,phases      ] GC(15) Concurrent Roots JavaThreads (ZWorker#1) 0.164ms
[0.811s][debug][gc,phases      ] GC(15) Concurrent Roots JavaThreads (ZWorker#0) 0.124ms
[0.811s][debug][gc,task        ] GC(15) Executing Task: ZMarkTask, Active Workers: 2
[0.811s][debug][gc,phases,start] GC(15) Concurrent Mark (ZWorker#1)
[0.811s][debug][gc,phases,start] GC(15) Concurrent Mark (ZWorker#0)
[0.811s][debug][gc,phases,start] GC(15) Concurrent Mark Try Flush (ZWorker#1)
[0.811s][debug][gc,phases,start] GC(15) Concurrent Mark Try Terminate (ZWorker#0)
[0.811s][debug][gc,phases      ] GC(15) Concurrent Mark Try Flush (ZWorker#1) 0.096ms
[0.812s][debug][gc,phases,start] GC(15) Concurrent Mark Try Terminate (ZWorker#1)
[0.812s][debug][gc,phases,start] GC(15) Concurrent Mark Try Flush (ZWorker#1)
[0.812s][debug][gc,phases      ] GC(15) Concurrent Mark Try Flush (ZWorker#1) 0.072ms
[0.812s][debug][gc,phases      ] GC(15) Concurrent Mark Try Terminate (ZWorker#1) 0.086ms
[0.812s][debug][gc,phases,start] GC(15) Concurrent Mark Try Terminate (ZWorker#1)
[0.812s][debug][gc,phases      ] GC(15) Concurrent Mark Try Terminate (ZWorker#1) 0.005ms
[0.812s][debug][gc,phases      ] GC(15) Concurrent Mark (ZWorker#1) 0.774ms
[0.813s][debug][gc,phases      ] GC(15) Concurrent Mark Try Terminate (ZWorker#0) 1.147ms
[0.813s][debug][gc,phases      ] GC(15) Concurrent Mark (ZWorker#0) 1.723ms
[0.813s][info ][gc,phases      ] GC(15) Concurrent Mark 2.213ms
[0.813s][debug][gc,phases,start] GC(15) Pause Mark End
[0.813s][info ][gc,phases      ] GC(15) Pause Mark End 0.013ms
[0.813s][debug][gc,phases,start] GC(15) Concurrent Mark Free
[0.813s][info ][gc,phases      ] GC(15) Concurrent Mark Free 0.024ms
[0.813s][debug][gc,phases,start] GC(15) Concurrent Process Non-Strong References
[0.813s][debug][gc,phases,start] GC(15) Concurrent References Process (ZDriver)
[0.813s][debug][gc,task        ] GC(15) Executing Task: ZReferenceProcessorTask, Active Workers: 2
[0.813s][debug][gc,phases      ] GC(15) Concurrent References Process (ZDriver) 0.072ms
[0.813s][debug][gc,task        ] GC(15) Executing Task: ZProcessWeakRootsTask, Active Workers: 2
[0.813s][debug][gc,phases,start] GC(15) Concurrent Weak Roots OopStorageSet (ZWorker#0)
[0.813s][debug][gc,phases,start] GC(15) Concurrent Weak Roots OopStorageSet (ZWorker#1)
[0.813s][debug][gc,phases      ] GC(15) Concurrent Weak Roots OopStorageSet (ZWorker#1) 0.055ms
[0.813s][debug][gc,phases      ] GC(15) Concurrent Weak Roots OopStorageSet (ZWorker#0) 0.062ms
[0.813s][debug][gc,phases,start] GC(15) Concurrent Classes Unlink (ZDriver)
[0.813s][debug][gc,phases,start] GC(15) ClassLoaderData
[0.813s][debug][gc,phases      ] GC(15) ClassLoaderData 0.005ms
[0.813s][debug][gc,phases,start] GC(15) Trigger cleanups
[0.813s][debug][gc,phases      ] GC(15) Trigger cleanups 0.003ms
[0.813s][debug][gc,task        ] GC(15) Executing Task: ZNMethodUnlinkTask, Active Workers: 2
[0.813s][debug][gc,phases      ] GC(15) Concurrent Classes Unlink (ZDriver) 0.148ms
[0.813s][debug][gc,phases,start] GC(15) Concurrent Classes Purge (ZDriver)
[0.813s][debug][gc,task        ] GC(15) Executing Task: ZNMethodPurgeTask, Active Workers: 2
[0.813s][debug][gc,phases      ] GC(15) Concurrent Classes Purge (ZDriver) 0.218ms
[0.813s][debug][gc,phases,start] GC(15) Concurrent References Enqueue (ZDriver)
[0.813s][debug][gc,phases      ] GC(15) Concurrent References Enqueue (ZDriver) 0.005ms
[0.813s][info ][gc,phases      ] GC(15) Concurrent Process Non-Strong References 0.683ms
[0.813s][debug][gc,phases,start] GC(15) Concurrent Reset Relocation Set
[0.813s][info ][gc,phases      ] GC(15) Concurrent Reset Relocation Set 0.004ms
[0.813s][debug][gc,phases,start] GC(15) Concurrent Select Relocation Set
[0.814s][debug][gc,task        ] GC(15) Executing Task: ZRelocationSetInstallTask, Active Workers: 2
[0.814s][info ][gc,phases      ] GC(15) Concurrent Select Relocation Set 0.629ms
[0.814s][debug][gc,phases,start] GC(15) Pause Relocate Start
[0.814s][info ][gc,phases      ] GC(15) Pause Relocate Start 0.012ms
[0.814s][debug][gc,phases,start] GC(15) Concurrent Relocate
[0.814s][debug][gc,task        ] GC(15) Executing Task: ZRelocateTask, Active Workers: 2
[0.814s][info ][gc,phases      ] GC(15) Concurrent Relocate 0.038ms
[0.814s][debug][gc,heap        ] GC(15) Heap after GC invocations=16 (full 16):
[0.814s][debug][gc,heap        ] GC(15)  ZHeap           used 256M, capacity 256M, max capacity 256M
[0.814s][debug][gc,heap        ] GC(15)  Metaspace       used 194K, committed 384K, reserved 1114112K
[0.814s][debug][gc,heap        ] GC(15)   class space    used 6K, committed 128K, reserved 1048576K
[0.814s][info ][gc,load        ] GC(15) Load: 0.06/0.03/0.08
[0.814s][info ][gc,mmu         ] GC(15) MMU: 2ms/95.4%, 5ms/97.4%, 10ms/98.2%, 20ms/98.4%, 50ms/99.1%, 100ms/99.4%
[0.814s][info ][gc,marking     ] GC(15) Mark: 2 stripe(s), 1 proactive flush(es), 1 terminate flush(es), 0 completion(s), 0 continuation(s) 
[0.814s][info ][gc,marking     ] GC(15) Mark Stack Usage: 32M
[0.814s][info ][gc,nmethod     ] GC(15) NMethods: 101 registered, 0 unregistered
[0.814s][info ][gc,metaspace   ] GC(15) Metaspace: 0M used, 0M committed, 1088M reserved
[0.814s][info ][gc,ref         ] GC(15) Soft: 7 encountered, 2 discovered, 0 enqueued
[0.814s][info ][gc,ref         ] GC(15) Weak: 34 encountered, 17 discovered, 0 enqueued
[0.814s][info ][gc,ref         ] GC(15) Final: 0 encountered, 0 discovered, 0 enqueued
[0.814s][info ][gc,ref         ] GC(15) Phantom: 1 encountered, 0 discovered, 0 enqueued
[0.814s][info ][gc,reloc       ] GC(15) Small Pages: 90 / 180M, Empty: 0M, Relocated: 0M, In-Place: 0
[0.814s][info ][gc,reloc       ] GC(15) Medium Pages: 0 / 0M, Empty: 0M, Relocated: 0M, In-Place: 0
[0.814s][info ][gc,reloc       ] GC(15) Large Pages: 28 / 76M, Empty: 0M, Relocated: 0M, In-Place: 0
[0.814s][info ][gc,reloc       ] GC(15) Forwarding Usage: 0M
[0.814s][info ][gc,heap        ] GC(15) Min Capacity: 128M(50%)
[0.814s][info ][gc,heap        ] GC(15) Max Capacity: 256M(100%)
[0.814s][info ][gc,heap        ] GC(15) Soft Max Capacity: 256M(100%)
[0.814s][info ][gc,heap        ] GC(15)                Mark Start          Mark End        Relocate Start      Relocate End           High               Low         
[0.814s][info ][gc,heap        ] GC(15)  Capacity:      256M (100%)        256M (100%)        256M (100%)        256M (100%)        256M (100%)        256M (100%)   
[0.814s][info ][gc,heap        ] GC(15)      Free:        0M (0%)            0M (0%)            0M (0%)            0M (0%)            0M (0%)            0M (0%)     
[0.814s][info ][gc,heap        ] GC(15)      Used:      256M (100%)        256M (100%)        256M (100%)        256M (100%)        256M (100%)        256M (100%)   
[0.814s][info ][gc,heap        ] GC(15)      Live:         -               228M (89%)         228M (89%)         228M (89%)            -                  -          
[0.814s][info ][gc,heap        ] GC(15) Allocated:         -                 0M (0%)            0M (0%)            0M (0%)             -                  -          
[0.814s][info ][gc,heap        ] GC(15)   Garbage:         -                27M (11%)          27M (11%)          27M (11%)            -                  -          
[0.814s][info ][gc,heap        ] GC(15) Reclaimed:         -                  -                 0M (0%)            0M (0%)             -                  -          
[0.814s][info ][gc             ] GC(15) Garbage Collection (Allocation Stall) 256M(100%)->256M(100%)
[0.814s][info ][gc             ] Allocation Stall (Thread-2) 4.225ms
[0.814s][info ][gc             ] Allocation Stall (Thread-1) 4.233ms
[0.814s][info ][gc             ] Allocation Stall (Thread-3) 4.244ms
[0.814s][info ][gc             ] Allocation Stall (main) 4.271ms
[0.814s][debug][gc,heap        ] GC(16) Heap before GC invocations=16 (full 16):
[0.814s][info ][gc             ] Allocation Stall (Thread-0) 4.203ms
[0.815s][debug][gc,heap        ] GC(16)  ZHeap           used 256M, capacity 256M, max capacity 256M
[0.815s][debug][gc,heap        ] GC(16)  Metaspace       used 194K, committed 384K, reserved 1114112K
[0.815s][debug][gc,heap        ] GC(16)   class space    used 6K, committed 128K, reserved 1048576K
[0.814s][info ][gc             ] Allocation Stall (Thread-4) 4.353ms
[0.815s][info ][gc,start       ] GC(16) Garbage Collection (Allocation Stall)
[0.815s][info ][gc,ref         ] GC(16) Clearing All SoftReferences
[0.815s][info ][gc,task        ] GC(16) Using 2 workers
[0.815s][debug][gc,phases,start] GC(16) Pause Mark Start
[0.815s][debug][gc,marking     ] GC(16) Using 2 mark stripes
[0.815s][debug][gc,marking     ] GC(16) Mark Worker/Stripe Distribution
[0.815s][debug][gc,marking     ] GC(16)   Worker 0(2) -> Stripe 0(2)
[0.815s][debug][gc,marking     ] GC(16)   Worker 1(2) -> Stripe 1(2)
[0.815s][info ][gc,phases      ] GC(16) Pause Mark Start 0.032ms
[0.815s][debug][gc,phases,start] GC(16) Concurrent Mark
[0.815s][debug][gc,task        ] GC(16) Executing Task: ZMarkRootsTask, Active Workers: 2
[0.815s][debug][gc,phases,start] GC(16) Concurrent Roots OopStorageSet (ZWorker#0)
[0.815s][debug][gc,phases,start] GC(16) Concurrent Roots OopStorageSet (ZWorker#1)
[0.815s][debug][gc,phases      ] GC(16) Concurrent Roots OopStorageSet (ZWorker#1) 0.015ms
[0.815s][debug][gc,phases      ] GC(16) Concurrent Roots OopStorageSet (ZWorker#0) 0.017ms
[0.815s][debug][gc,phases,start] GC(16) Concurrent Roots ClassLoaderDataGraph (ZWorker#0)
[0.815s][debug][gc,phases,start] GC(16) Concurrent Roots ClassLoaderDataGraph (ZWorker#1)
[0.815s][debug][gc,phases      ] GC(16) Concurrent Roots ClassLoaderDataGraph (ZWorker#1) 0.051ms
[0.815s][debug][gc,phases,start] GC(16) Concurrent Roots JavaThreads (ZWorker#1)
[0.815s][debug][gc,phases      ] GC(16) Concurrent Roots ClassLoaderDataGraph (ZWorker#0) 0.045ms
[0.815s][debug][gc,phases,start] GC(16) Concurrent Roots JavaThreads (ZWorker#0)
[0.815s][debug][gc,phases      ] GC(16) Concurrent Roots JavaThreads (ZWorker#1) 0.092ms
[0.815s][debug][gc,phases      ] GC(16) Concurrent Roots JavaThreads (ZWorker#0) 0.079ms
[0.815s][debug][gc,task        ] GC(16) Executing Task: ZMarkTask, Active Workers: 2
[0.815s][debug][gc,phases,start] GC(16) Concurrent Mark (ZWorker#1)
[0.815s][debug][gc,phases,start] GC(16) Concurrent Mark (ZWorker#0)
[0.816s][debug][gc,phases,start] GC(16) Concurrent Mark Try Terminate (ZWorker#0)
[0.816s][debug][gc,phases,start] GC(16) Concurrent Mark Try Flush (ZWorker#1)
[0.816s][debug][gc,phases      ] GC(16) Concurrent Mark Try Flush (ZWorker#1) 0.166ms
[0.816s][debug][gc,phases,start] GC(16) Concurrent Mark Try Terminate (ZWorker#1)
[0.816s][debug][gc,phases,start] GC(16) Concurrent Mark Try Flush (ZWorker#1)
[0.816s][debug][gc,phases      ] GC(16) Concurrent Mark Try Flush (ZWorker#1) 0.068ms
[0.816s][debug][gc,phases      ] GC(16) Concurrent Mark Try Terminate (ZWorker#1) 0.083ms
[0.816s][debug][gc,phases,start] GC(16) Concurrent Mark Try Terminate (ZWorker#1)
[0.816s][debug][gc,phases      ] GC(16) Concurrent Mark Try Terminate (ZWorker#1) 0.005ms
[0.816s][debug][gc,phases      ] GC(16) Concurrent Mark (ZWorker#1) 1.116ms
[0.817s][debug][gc,phases      ] GC(16) Concurrent Mark Try Terminate (ZWorker#0) 1.105ms
[0.817s][debug][gc,phases      ] GC(16) Concurrent Mark (ZWorker#0) 1.625ms
[0.817s][info ][gc,phases      ] GC(16) Concurrent Mark 1.958ms
[0.817s][debug][gc,phases,start] GC(16) Pause Mark End
[0.817s][info ][gc,phases      ] GC(16) Pause Mark End 0.014ms
[0.817s][debug][gc,phases,start] GC(16) Concurrent Mark Free
[0.817s][info ][gc,phases      ] GC(16) Concurrent Mark Free 0.008ms
[0.817s][debug][gc,phases,start] GC(16) Concurrent Process Non-Strong References
[0.817s][debug][gc,phases,start] GC(16) Concurrent References Process (ZDriver)
[0.817s][debug][gc,task        ] GC(16) Executing Task: ZReferenceProcessorTask, Active Workers: 2
[0.817s][debug][gc,phases      ] GC(16) Concurrent References Process (ZDriver) 0.030ms
[0.817s][debug][gc,task        ] GC(16) Executing Task: ZProcessWeakRootsTask, Active Workers: 2
[0.817s][debug][gc,phases,start] GC(16) Concurrent Weak Roots OopStorageSet (ZWorker#1)
[0.817s][debug][gc,phases,start] GC(16) Concurrent Weak Roots OopStorageSet (ZWorker#0)
[0.817s][debug][gc,phases      ] GC(16) Concurrent Weak Roots OopStorageSet (ZWorker#0) 0.034ms
[0.817s][debug][gc,phases      ] GC(16) Concurrent Weak Roots OopStorageSet (ZWorker#1) 0.042ms
[0.817s][debug][gc,phases,start] GC(16) Concurrent Classes Unlink (ZDriver)
[0.817s][debug][gc,phases,start] GC(16) ClassLoaderData
[0.817s][debug][gc,phases      ] GC(16) ClassLoaderData 0.004ms
[0.817s][debug][gc,phases,start] GC(16) Trigger cleanups
[0.817s][debug][gc,phases      ] GC(16) Trigger cleanups 0.003ms
[0.817s][debug][gc,task        ] GC(16) Executing Task: ZNMethodUnlinkTask, Active Workers: 2
[0.817s][debug][gc,phases      ] GC(16) Concurrent Classes Unlink (ZDriver) 0.106ms
[0.817s][debug][gc,phases,start] GC(16) Concurrent Classes Purge (ZDriver)
[0.817s][debug][gc,task        ] GC(16) Executing Task: ZNMethodPurgeTask, Active Workers: 2
[0.817s][debug][gc,phases      ] GC(16) Concurrent Classes Purge (ZDriver) 0.066ms
[0.817s][debug][gc,phases,start] GC(16) Concurrent References Enqueue (ZDriver)
[0.817s][debug][gc,phases      ] GC(16) Concurrent References Enqueue (ZDriver) 0.003ms
[0.817s][info ][gc,phases      ] GC(16) Concurrent Process Non-Strong References 0.409ms
[0.817s][debug][gc,phases,start] GC(16) Concurrent Reset Relocation Set
[0.817s][info ][gc,phases      ] GC(16) Concurrent Reset Relocation Set 0.003ms
[0.817s][debug][gc,phases,start] GC(16) Concurrent Select Relocation Set
[0.818s][debug][gc,task        ] GC(16) Executing Task: ZRelocationSetInstallTask, Active Workers: 2
[0.818s][info ][gc,phases      ] GC(16) Concurrent Select Relocation Set 0.535ms
[0.818s][debug][gc,phases,start] GC(16) Pause Relocate Start
[0.818s][info ][gc,phases      ] GC(16) Pause Relocate Start 0.015ms
[0.818s][debug][gc,phases,start] GC(16) Concurrent Relocate
[0.818s][debug][gc,task        ] GC(16) Executing Task: ZRelocateTask, Active Workers: 2
[0.818s][info ][gc,phases      ] GC(16) Concurrent Relocate 0.034ms
[0.818s][debug][gc,heap        ] GC(16) Heap after GC invocations=17 (full 17):
[0.818s][debug][gc,heap        ] GC(16)  ZHeap           used 256M, capacity 256M, max capacity 256M
[0.818s][debug][gc,heap        ] GC(16)  Metaspace       used 194K, committed 384K, reserved 1114112K
[0.818s][debug][gc,heap        ] GC(16)   class space    used 6K, committed 128K, reserved 1048576K
[0.818s][info ][gc,load        ] GC(16) Load: 0.06/0.03/0.08
[0.818s][info ][gc,mmu         ] GC(16) MMU: 2ms/95.4%, 5ms/97.4%, 10ms/98.2%, 20ms/98.4%, 50ms/98.9%, 100ms/99.3%
[0.818s][info ][gc,marking     ] GC(16) Mark: 2 stripe(s), 1 proactive flush(es), 1 terminate flush(es), 0 completion(s), 0 continuation(s) 
[0.818s][info ][gc,marking     ] GC(16) Mark Stack Usage: 32M
[0.818s][info ][gc,nmethod     ] GC(16) NMethods: 101 registered, 0 unregistered
[0.818s][info ][gc,metaspace   ] GC(16) Metaspace: 0M used, 0M committed, 1088M reserved
[0.818s][info ][gc,ref         ] GC(16) Soft: 7 encountered, 4 discovered, 0 enqueued
[0.818s][info ][gc,ref         ] GC(16) Weak: 34 encountered, 12 discovered, 0 enqueued
[0.818s][info ][gc,ref         ] GC(16) Final: 0 encountered, 0 discovered, 0 enqueued
[0.818s][info ][gc,ref         ] GC(16) Phantom: 1 encountered, 0 discovered, 0 enqueued
[0.818s][info ][gc,reloc       ] GC(16) Small Pages: 90 / 180M, Empty: 0M, Relocated: 0M, In-Place: 0
[0.818s][info ][gc,reloc       ] GC(16) Medium Pages: 0 / 0M, Empty: 0M, Relocated: 0M, In-Place: 0
[0.818s][info ][gc,reloc       ] GC(16) Large Pages: 28 / 76M, Empty: 0M, Relocated: 0M, In-Place: 0
[0.818s][info ][gc,reloc       ] GC(16) Forwarding Usage: 0M
[0.818s][info ][gc,heap        ] GC(16) Min Capacity: 128M(50%)
[0.818s][info ][gc,heap        ] GC(16) Max Capacity: 256M(100%)
[0.818s][info ][gc,heap        ] GC(16) Soft Max Capacity: 256M(100%)
[0.818s][info ][gc,heap        ] GC(16)                Mark Start          Mark End        Relocate Start      Relocate End           High               Low         
[0.818s][info ][gc,heap        ] GC(16)  Capacity:      256M (100%)        256M (100%)        256M (100%)        256M (100%)        256M (100%)        256M (100%)   
[0.818s][info ][gc,heap        ] GC(16)      Free:        0M (0%)            0M (0%)            0M (0%)            0M (0%)            0M (0%)            0M (0%)     
[0.818s][info ][gc,heap        ] GC(16)      Used:      256M (100%)        256M (100%)        256M (100%)        256M (100%)        256M (100%)        256M (100%)   
[0.818s][info ][gc,heap        ] GC(16)      Live:         -               228M (89%)         228M (89%)         228M (89%)            -                  -          
[0.818s][info ][gc,heap        ] GC(16) Allocated:         -                 0M (0%)            0M (0%)            0M (0%)             -                  -          
[0.818s][info ][gc,heap        ] GC(16)   Garbage:         -                27M (11%)          27M (11%)          27M (11%)            -                  -          
[0.818s][info ][gc,heap        ] GC(16) Reclaimed:         -                  -                 0M (0%)            0M (0%)             -                  -          
[0.818s][info ][gc             ] GC(16) Garbage Collection (Allocation Stall) 256M(100%)->256M(100%)
[0.818s][info ][gc             ] Allocation Stall (Thread-2) 3.767ms
[0.818s][info ][gc             ] Out Of Memory (Thread-2)
[0.818s][info ][gc             ] Allocation Stall (Thread-3) 3.757ms
[0.818s][info ][gc             ] Allocation Stall (main) 3.760ms
[0.818s][info ][gc             ] Out Of Memory (Thread-3)
[0.818s][debug][gc,heap        ] GC(17) Heap before GC invocations=17 (full 17):
[0.818s][info ][gc             ] Out Of Memory (main)
[0.818s][info ][gc             ] Allocation Stall (Thread-0) 3.709ms
[0.818s][info ][gc             ] Allocation Stall (Thread-1) 3.785ms
[0.818s][info ][gc             ] Allocation Stall (Thread-4) 3.497ms
[0.818s][info ][gc             ] Out Of Memory (Thread-1)
[0.818s][info ][gc             ] Out Of Memory (Thread-4)
[0.818s][info ][gc             ] Out Of Memory (Thread-0)
[0.818s][debug][gc,heap        ] GC(17)  ZHeap           used 256M, capacity 256M, max capacity 256M
[0.818s][debug][gc,heap        ] GC(17)  Metaspace       used 194K, committed 384K, reserved 1114112K
[0.818s][debug][gc,heap        ] GC(17)   class space    used 6K, committed 128K, reserved 1048576K
[0.818s][info ][gc,start       ] GC(17) Garbage Collection (Allocation Stall)
[0.818s][info ][gc,ref         ] GC(17) Clearing All SoftReferences
[0.818s][info ][gc,task        ] GC(17) Using 2 workers
[0.818s][debug][gc,phases,start] GC(17) Pause Mark Start
[0.818s][debug][gc,marking     ] GC(17) Using 2 mark stripes
[0.818s][debug][gc,marking     ] GC(17) Mark Worker/Stripe Distribution
[0.818s][debug][gc,marking     ] GC(17)   Worker 0(2) -> Stripe 0(2)
[0.818s][debug][gc,marking     ] GC(17)   Worker 1(2) -> Stripe 1(2)
[0.818s][info ][gc,phases      ] GC(17) Pause Mark Start 0.032ms
[0.818s][debug][gc,phases,start] GC(17) Concurrent Mark
[0.818s][debug][gc,task        ] GC(17) Executing Task: ZMarkRootsTask, Active Workers: 2
[0.819s][debug][gc,phases,start] GC(17) Concurrent Roots OopStorageSet (ZWorker#0)
[0.819s][debug][gc,phases,start] GC(17) Concurrent Roots OopStorageSet (ZWorker#1)
[0.819s][debug][gc,phases      ] GC(17) Concurrent Roots OopStorageSet (ZWorker#1) 0.042ms
[0.819s][debug][gc,phases,start] GC(17) Concurrent Roots ClassLoaderDataGraph (ZWorker#1)
[0.819s][debug][gc,phases      ] GC(17) Concurrent Roots OopStorageSet (ZWorker#0) 0.030ms
[0.819s][debug][gc,phases,start] GC(17) Concurrent Roots ClassLoaderDataGraph (ZWorker#0)
[0.819s][debug][gc,phases      ] GC(17) Concurrent Roots ClassLoaderDataGraph (ZWorker#0) 0.006ms
[0.819s][debug][gc,phases      ] GC(17) Concurrent Roots ClassLoaderDataGraph (ZWorker#1) 0.029ms
[0.819s][debug][gc,phases,start] GC(17) Concurrent Roots JavaThreads (ZWorker#1)
[0.819s][debug][gc,phases,start] GC(17) Concurrent Roots JavaThreads (ZWorker#0)
[0.819s][debug][gc,phases      ] GC(17) Concurrent Roots JavaThreads (ZWorker#1) 0.101ms
[0.819s][debug][gc,phases      ] GC(17) Concurrent Roots JavaThreads (ZWorker#0) 0.123ms
[0.819s][debug][gc,task        ] GC(17) Executing Task: ZMarkTask, Active Workers: 2
[0.819s][debug][gc,phases,start] GC(17) Concurrent Mark (ZWorker#1)
[0.819s][debug][gc,phases,start] GC(17) Concurrent Mark (ZWorker#0)
[0.819s][debug][gc,phases,start] GC(17) Concurrent Mark Try Terminate (ZWorker#0)
[0.819s][debug][gc,phases,start] GC(17) Concurrent Mark Try Flush (ZWorker#1)
[0.820s][debug][gc,phases      ] GC(17) Concurrent Mark Try Flush (ZWorker#1) 0.090ms
[0.820s][debug][gc,phases,start] GC(17) Concurrent Mark Try Terminate (ZWorker#1)
[0.820s][debug][gc,phases,start] GC(17) Concurrent Mark Try Flush (ZWorker#1)
[0.820s][debug][gc,phases      ] GC(17) Concurrent Mark Try Flush (ZWorker#1) 0.052ms
[0.820s][debug][gc,phases      ] GC(17) Concurrent Mark Try Terminate (ZWorker#1) 0.067ms
[0.820s][debug][gc,phases,start] GC(17) Concurrent Mark Try Terminate (ZWorker#1)
[0.820s][debug][gc,phases      ] GC(17) Concurrent Mark Try Terminate (ZWorker#1) 0.005ms
[0.820s][debug][gc,phases      ] GC(17) Concurrent Mark (ZWorker#1) 0.800ms
[0.820s][debug][gc,phases      ] GC(17) Concurrent Mark Try Terminate (ZWorker#0) 1.108ms
[0.820s][debug][gc,phases      ] GC(17) Concurrent Mark (ZWorker#0) 1.682ms
[0.821s][info ][gc,phases      ] GC(17) Concurrent Mark 2.049ms
[0.821s][debug][gc,phases,start] GC(17) Pause Mark End
[0.821s][info ][gc,phases      ] GC(17) Pause Mark End 0.012ms
[0.821s][debug][gc,phases,start] GC(17) Concurrent Mark Free
[0.821s][info ][gc,phases      ] GC(17) Concurrent Mark Free 0.011ms
[0.821s][debug][gc,phases,start] GC(17) Concurrent Process Non-Strong References
[0.821s][debug][gc,phases,start] GC(17) Concurrent References Process (ZDriver)
[0.821s][debug][gc,task        ] GC(17) Executing Task: ZReferenceProcessorTask, Active Workers: 2
[0.821s][debug][gc,phases      ] GC(17) Concurrent References Process (ZDriver) 0.036ms
[0.821s][debug][gc,task        ] GC(17) Executing Task: ZProcessWeakRootsTask, Active Workers: 2
[0.821s][debug][gc,phases,start] GC(17) Concurrent Weak Roots OopStorageSet (ZWorker#1)
[0.821s][debug][gc,phases,start] GC(17) Concurrent Weak Roots OopStorageSet (ZWorker#0)
[0.821s][debug][gc,phases      ] GC(17) Concurrent Weak Roots OopStorageSet (ZWorker#0) 0.021ms
[0.821s][debug][gc,phases      ] GC(17) Concurrent Weak Roots OopStorageSet (ZWorker#1) 0.035ms
[0.821s][debug][gc,phases,start] GC(17) Concurrent Classes Unlink (ZDriver)
[0.821s][debug][gc,phases,start] GC(17) ClassLoaderData
[0.821s][debug][gc,phases      ] GC(17) ClassLoaderData 0.005ms
[0.821s][debug][gc,phases,start] GC(17) Trigger cleanups
[0.821s][debug][gc,phases      ] GC(17) Trigger cleanups 0.003ms
[0.821s][debug][gc,task        ] GC(17) Executing Task: ZNMethodUnlinkTask, Active Workers: 2
[0.821s][debug][gc,phases      ] GC(17) Concurrent Classes Unlink (ZDriver) 0.110ms
[0.821s][debug][gc,phases,start] GC(17) Concurrent Classes Purge (ZDriver)
[0.821s][debug][gc,task        ] GC(17) Executing Task: ZNMethodPurgeTask, Active Workers: 2
[0.821s][debug][gc,phases      ] GC(17) Concurrent Classes Purge (ZDriver) 0.055ms
[0.821s][debug][gc,phases,start] GC(17) Concurrent References Enqueue (ZDriver)
[0.821s][debug][gc,phases      ] GC(17) Concurrent References Enqueue (ZDriver) 0.005ms
[0.821s][info ][gc,phases      ] GC(17) Concurrent Process Non-Strong References 0.410ms
[0.821s][debug][gc,phases,start] GC(17) Concurrent Reset Relocation Set
[0.821s][info ][gc,phases      ] GC(17) Concurrent Reset Relocation Set 0.007ms
[0.821s][debug][gc,phases,start] GC(17) Concurrent Select Relocation Set
[0.822s][debug][gc,task        ] GC(17) Executing Task: ZRelocationSetInstallTask, Active Workers: 2
[0.822s][info ][gc,phases      ] GC(17) Concurrent Select Relocation Set 0.929ms
[0.822s][debug][gc,phases,start] GC(17) Pause Relocate Start
[0.822s][info ][gc,phases      ] GC(17) Pause Relocate Start 0.048ms
[0.822s][debug][gc,phases,start] GC(17) Concurrent Relocate
[0.822s][debug][gc,task        ] GC(17) Executing Task: ZRelocateTask, Active Workers: 2
[0.822s][info ][gc,phases      ] GC(17) Concurrent Relocate 0.048ms
[0.822s][debug][gc,heap        ] GC(17) Heap after GC invocations=18 (full 18):
[0.822s][debug][gc,heap        ] GC(17)  ZHeap           used 256M, capacity 256M, max capacity 256M
[0.822s][debug][gc,heap        ] GC(17)  Metaspace       used 194K, committed 384K, reserved 1114112K
[0.822s][debug][gc,heap        ] GC(17)   class space    used 6K, committed 128K, reserved 1048576K
[0.822s][info ][gc,load        ] GC(17) Load: 0.06/0.03/0.08
[0.822s][info ][gc,mmu         ] GC(17) MMU: 2ms/95.4%, 5ms/97.4%, 10ms/98.1%, 20ms/98.4%, 50ms/98.8%, 100ms/99.2%
[0.822s][info ][gc,marking     ] GC(17) Mark: 2 stripe(s), 1 proactive flush(es), 1 terminate flush(es), 0 completion(s), 0 continuation(s) 
[0.822s][info ][gc,marking     ] GC(17) Mark Stack Usage: 32M
[0.822s][info ][gc,nmethod     ] GC(17) NMethods: 101 registered, 0 unregistered
[0.822s][info ][gc,metaspace   ] GC(17) Metaspace: 0M used, 0M committed, 1088M reserved
[0.822s][info ][gc,ref         ] GC(17) Soft: 7 encountered, 3 discovered, 0 enqueued
[0.822s][info ][gc,ref         ] GC(17) Weak: 34 encountered, 12 discovered, 0 enqueued
[0.822s][info ][gc,ref         ] GC(17) Final: 0 encountered, 0 discovered, 0 enqueued
[0.822s][info ][gc,ref         ] GC(17) Phantom: 1 encountered, 0 discovered, 0 enqueued
[0.822s][info ][gc,reloc       ] GC(17) Small Pages: 90 / 180M, Empty: 0M, Relocated: 0M, In-Place: 0
[0.822s][info ][gc,reloc       ] GC(17) Medium Pages: 0 / 0M, Empty: 0M, Relocated: 0M, In-Place: 0
[0.822s][info ][gc,reloc       ] GC(17) Large Pages: 28 / 76M, Empty: 0M, Relocated: 0M, In-Place: 0
[0.822s][info ][gc,reloc       ] GC(17) Forwarding Usage: 0M
[0.822s][info ][gc,heap        ] GC(17) Min Capacity: 128M(50%)
[0.822s][info ][gc,heap        ] GC(17) Max Capacity: 256M(100%)
[0.822s][info ][gc,heap        ] GC(17) Soft Max Capacity: 256M(100%)
[0.822s][info ][gc,heap        ] GC(17)                Mark Start          Mark End        Relocate Start      Relocate End           High               Low         
[0.822s][info ][gc,heap        ] GC(17)  Capacity:      256M (100%)        256M (100%)        256M (100%)        256M (100%)        256M (100%)        256M (100%)   
[0.822s][info ][gc,heap        ] GC(17)      Free:        0M (0%)            0M (0%)            0M (0%)            0M (0%)            0M (0%)            0M (0%)     
[0.822s][info ][gc,heap        ] GC(17)      Used:      256M (100%)        256M (100%)        256M (100%)        256M (100%)        256M (100%)        256M (100%)   
[0.822s][info ][gc,heap        ] GC(17)      Live:         -               228M (89%)         228M (89%)         228M (89%)            -                  -          
[0.822s][info ][gc,heap        ] GC(17) Allocated:         -                 0M (0%)            0M (0%)            0M (0%)             -                  -          
[0.822s][info ][gc,heap        ] GC(17)   Garbage:         -                27M (11%)          27M (11%)          27M (11%)            -                  -          
[0.822s][info ][gc,heap        ] GC(17) Reclaimed:         -                  -                 0M (0%)            0M (0%)             -                  -          
[0.822s][info ][gc             ] GC(17) Garbage Collection (Allocation Stall) 256M(100%)->256M(100%)
[0.822s][info ][gc             ] Allocation Stall (main) 4.085ms
[0.822s][info ][gc             ] Allocation Stall (Thread-0) 4.064ms
[0.822s][info ][gc             ] Allocation Stall (Thread-4) 4.071ms
[0.822s][debug][gc,heap        ] GC(18) Heap before GC invocations=18 (full 18):
[0.822s][info ][gc             ] Allocation Stall (Thread-3) 4.176ms
[0.822s][info ][gc             ] Allocation Stall (Thread-1) 4.093ms
[0.822s][info ][gc             ] Allocation Stall (Thread-2) 4.205ms
[0.823s][debug][gc,heap        ] GC(18)  ZHeap           used 256M, capacity 256M, max capacity 256M
[0.823s][debug][gc,heap        ] GC(18)  Metaspace       used 194K, committed 384K, reserved 1114112K
[0.823s][debug][gc,heap        ] GC(18)   class space    used 6K, committed 128K, reserved 1048576K
[0.823s][info ][gc,start       ] GC(18) Garbage Collection (Allocation Stall)
[0.823s][info ][gc,ref         ] GC(18) Clearing All SoftReferences
[0.823s][info ][gc,task        ] GC(18) Using 2 workers
[0.823s][debug][gc,phases,start] GC(18) Pause Mark Start
[0.823s][debug][gc,marking     ] GC(18) Using 2 mark stripes
[0.823s][debug][gc,marking     ] GC(18) Mark Worker/Stripe Distribution
[0.823s][debug][gc,marking     ] GC(18)   Worker 0(2) -> Stripe 0(2)
[0.823s][debug][gc,marking     ] GC(18)   Worker 1(2) -> Stripe 1(2)
[0.823s][info ][gc,phases      ] GC(18) Pause Mark Start 0.081ms
[0.823s][debug][gc,phases,start] GC(18) Concurrent Mark
[0.823s][debug][gc,task        ] GC(18) Executing Task: ZMarkRootsTask, Active Workers: 2
[0.823s][debug][gc,phases,start] GC(18) Concurrent Roots OopStorageSet (ZWorker#1)
[0.823s][debug][gc,phases,start] GC(18) Concurrent Roots OopStorageSet (ZWorker#0)
[0.823s][debug][gc,phases      ] GC(18) Concurrent Roots OopStorageSet (ZWorker#0) 0.011ms
[0.823s][debug][gc,phases,start] GC(18) Concurrent Roots ClassLoaderDataGraph (ZWorker#0)
[0.823s][debug][gc,phases      ] GC(18) Concurrent Roots OopStorageSet (ZWorker#1) 0.014ms
[0.823s][debug][gc,phases,start] GC(18) Concurrent Roots ClassLoaderDataGraph (ZWorker#1)
[0.823s][debug][gc,phases      ] GC(18) Concurrent Roots ClassLoaderDataGraph (ZWorker#1) 0.005ms
[0.823s][debug][gc,phases,start] GC(18) Concurrent Roots JavaThreads (ZWorker#1)
[0.823s][debug][gc,phases      ] GC(18) Concurrent Roots ClassLoaderDataGraph (ZWorker#0) 0.026ms
[0.823s][debug][gc,phases,start] GC(18) Concurrent Roots JavaThreads (ZWorker#0)
[0.823s][debug][gc,phases      ] GC(18) Concurrent Roots JavaThreads (ZWorker#1) 0.089ms
[0.823s][debug][gc,phases      ] GC(18) Concurrent Roots JavaThreads (ZWorker#0) 0.120ms
[0.823s][debug][gc,task        ] GC(18) Executing Task: ZMarkTask, Active Workers: 2
[0.823s][debug][gc,phases,start] GC(18) Concurrent Mark (ZWorker#1)
[0.823s][debug][gc,phases,start] GC(18) Concurrent Mark (ZWorker#0)
[0.824s][debug][gc,phases,start] GC(18) Concurrent Mark Try Terminate (ZWorker#0)
[0.824s][debug][gc,phases,start] GC(18) Concurrent Mark Try Flush (ZWorker#1)
[0.824s][debug][gc,phases      ] GC(18) Concurrent Mark Try Flush (ZWorker#1) 0.072ms
[0.824s][debug][gc,phases,start] GC(18) Concurrent Mark Try Terminate (ZWorker#1)
[0.824s][debug][gc,phases,start] GC(18) Concurrent Mark Try Flush (ZWorker#1)
[0.824s][debug][gc,phases      ] GC(18) Concurrent Mark Try Flush (ZWorker#1) 0.056ms
[0.824s][debug][gc,phases      ] GC(18) Concurrent Mark Try Terminate (ZWorker#1) 0.072ms
[0.824s][debug][gc,phases,start] GC(18) Concurrent Mark Try Terminate (ZWorker#1)
[0.824s][debug][gc,phases      ] GC(18) Concurrent Mark Try Terminate (ZWorker#1) 0.005ms
[0.824s][debug][gc,phases      ] GC(18) Concurrent Mark (ZWorker#1) 0.835ms
[0.825s][debug][gc,phases      ] GC(18) Concurrent Mark Try Terminate (ZWorker#0) 1.118ms
[0.825s][debug][gc,phases      ] GC(18) Concurrent Mark (ZWorker#0) 1.735ms
[0.825s][info ][gc,phases      ] GC(18) Concurrent Mark 2.061ms
[0.825s][debug][gc,phases,start] GC(18) Pause Mark End
[0.825s][info ][gc,phases      ] GC(18) Pause Mark End 0.011ms
[0.825s][debug][gc,phases,start] GC(18) Concurrent Mark Free
[0.825s][info ][gc,phases      ] GC(18) Concurrent Mark Free 0.011ms
[0.825s][debug][gc,phases,start] GC(18) Concurrent Process Non-Strong References
[0.825s][debug][gc,phases,start] GC(18) Concurrent References Process (ZDriver)
[0.825s][debug][gc,task        ] GC(18) Executing Task: ZReferenceProcessorTask, Active Workers: 2
[0.825s][debug][gc,phases      ] GC(18) Concurrent References Process (ZDriver) 0.036ms
[0.825s][debug][gc,task        ] GC(18) Executing Task: ZProcessWeakRootsTask, Active Workers: 2
[0.825s][debug][gc,phases,start] GC(18) Concurrent Weak Roots OopStorageSet (ZWorker#1)
[0.825s][debug][gc,phases,start] GC(18) Concurrent Weak Roots OopStorageSet (ZWorker#0)
[0.825s][debug][gc,phases      ] GC(18) Concurrent Weak Roots OopStorageSet (ZWorker#1) 0.039ms
[0.825s][debug][gc,phases      ] GC(18) Concurrent Weak Roots OopStorageSet (ZWorker#0) 0.024ms
[0.825s][debug][gc,phases,start] GC(18) Concurrent Classes Unlink (ZDriver)
[0.825s][debug][gc,phases,start] GC(18) ClassLoaderData
[0.825s][debug][gc,phases      ] GC(18) ClassLoaderData 0.006ms
[0.825s][debug][gc,phases,start] GC(18) Trigger cleanups
[0.825s][debug][gc,phases      ] GC(18) Trigger cleanups 0.005ms
[0.825s][debug][gc,task        ] GC(18) Executing Task: ZNMethodUnlinkTask, Active Workers: 2
[0.825s][debug][gc,phases      ] GC(18) Concurrent Classes Unlink (ZDriver) 0.122ms
[0.825s][debug][gc,phases,start] GC(18) Concurrent Classes Purge (ZDriver)
[0.825s][debug][gc,task        ] GC(18) Executing Task: ZNMethodPurgeTask, Active Workers: 2
[0.825s][debug][gc,phases      ] GC(18) Concurrent Classes Purge (ZDriver) 0.055ms
[0.825s][debug][gc,phases,start] GC(18) Concurrent References Enqueue (ZDriver)
[0.825s][debug][gc,phases      ] GC(18) Concurrent References Enqueue (ZDriver) 0.005ms
[0.825s][info ][gc,phases      ] GC(18) Concurrent Process Non-Strong References 0.428ms
[0.825s][debug][gc,phases,start] GC(18) Concurrent Reset Relocation Set
[0.825s][info ][gc,phases      ] GC(18) Concurrent Reset Relocation Set 0.005ms
[0.825s][debug][gc,phases,start] GC(18) Concurrent Select Relocation Set
[0.826s][debug][gc,task        ] GC(18) Executing Task: ZRelocationSetInstallTask, Active Workers: 2
[0.826s][info ][gc,phases      ] GC(18) Concurrent Select Relocation Set 0.940ms
[0.826s][debug][gc,phases,start] GC(18) Pause Relocate Start
[0.826s][info ][gc,phases      ] GC(18) Pause Relocate Start 0.016ms
[0.826s][debug][gc,phases,start] GC(18) Concurrent Relocate
[0.826s][debug][gc,task        ] GC(18) Executing Task: ZRelocateTask, Active Workers: 2
[0.826s][info ][gc,phases      ] GC(18) Concurrent Relocate 0.071ms
[0.826s][debug][gc,heap        ] GC(18) Heap after GC invocations=19 (full 19):
[0.826s][debug][gc,heap        ] GC(18)  ZHeap           used 256M, capacity 256M, max capacity 256M
[0.826s][debug][gc,heap        ] GC(18)  Metaspace       used 194K, committed 384K, reserved 1114112K
[0.826s][debug][gc,heap        ] GC(18)   class space    used 6K, committed 128K, reserved 1048576K
[0.826s][info ][gc,load        ] GC(18) Load: 0.06/0.03/0.08
[0.826s][info ][gc,mmu         ] GC(18) MMU: 2ms/93.5%, 5ms/96.2%, 10ms/97.5%, 20ms/98.1%, 50ms/98.7%, 100ms/99.1%
[0.826s][info ][gc,marking     ] GC(18) Mark: 2 stripe(s), 1 proactive flush(es), 1 terminate flush(es), 0 completion(s), 0 continuation(s) 
[0.826s][info ][gc,marking     ] GC(18) Mark Stack Usage: 32M
[0.826s][info ][gc,nmethod     ] GC(18) NMethods: 101 registered, 0 unregistered
[0.826s][info ][gc,metaspace   ] GC(18) Metaspace: 0M used, 0M committed, 1088M reserved
[0.827s][info ][gc,ref         ] GC(18) Soft: 7 encountered, 2 discovered, 0 enqueued
[0.827s][info ][gc,ref         ] GC(18) Weak: 34 encountered, 20 discovered, 0 enqueued
[0.827s][info ][gc,ref         ] GC(18) Final: 0 encountered, 0 discovered, 0 enqueued
[0.827s][info ][gc,ref         ] GC(18) Phantom: 1 encountered, 0 discovered, 0 enqueued
[0.827s][info ][gc,reloc       ] GC(18) Small Pages: 90 / 180M, Empty: 0M, Relocated: 0M, In-Place: 0
[0.827s][info ][gc,reloc       ] GC(18) Medium Pages: 0 / 0M, Empty: 0M, Relocated: 0M, In-Place: 0
[0.827s][info ][gc,reloc       ] GC(18) Large Pages: 28 / 76M, Empty: 0M, Relocated: 0M, In-Place: 0
[0.827s][info ][gc,reloc       ] GC(18) Forwarding Usage: 0M
[0.827s][info ][gc,heap        ] GC(18) Min Capacity: 128M(50%)
[0.827s][info ][gc,heap        ] GC(18) Max Capacity: 256M(100%)
[0.827s][info ][gc,heap        ] GC(18) Soft Max Capacity: 256M(100%)
[0.827s][info ][gc,heap        ] GC(18)                Mark Start          Mark End        Relocate Start      Relocate End           High               Low         
[0.827s][info ][gc,heap        ] GC(18)  Capacity:      256M (100%)        256M (100%)        256M (100%)        256M (100%)        256M (100%)        256M (100%)   
[0.827s][info ][gc,heap        ] GC(18)      Free:        0M (0%)            0M (0%)            0M (0%)            0M (0%)            0M (0%)            0M (0%)     
[0.827s][info ][gc,heap        ] GC(18)      Used:      256M (100%)        256M (100%)        256M (100%)        256M (100%)        256M (100%)        256M (100%)   
[0.827s][info ][gc,heap        ] GC(18)      Live:         -               228M (89%)         228M (89%)         228M (89%)            -                  -          
[0.827s][info ][gc,heap        ] GC(18) Allocated:         -                 0M (0%)            0M (0%)            0M (0%)             -                  -          
[0.827s][info ][gc,heap        ] GC(18)   Garbage:         -                27M (11%)          27M (11%)          27M (11%)            -                  -          
[0.827s][info ][gc,heap        ] GC(18) Reclaimed:         -                  -                 0M (0%)            0M (0%)             -                  -          
[0.827s][info ][gc             ] GC(18) Garbage Collection (Allocation Stall) 256M(100%)->256M(100%)
[0.827s][info ][gc             ] Allocation Stall (Thread-1) 4.153ms
[0.827s][info ][gc             ] Allocation Stall (main) 4.265ms
[0.827s][info ][gc             ] Allocation Stall (Thread-4) 4.238ms
[0.827s][info ][gc             ] Out Of Memory (main)
[0.827s][info ][gc             ] Allocation Stall (Thread-0) 4.225ms
[0.827s][info ][gc             ] Out Of Memory (Thread-1)
[0.827s][info ][gc             ] Out Of Memory (Thread-0)
[0.827s][info ][gc             ] Allocation Stall (Thread-3) 4.208ms
[0.827s][info ][gc             ] Out Of Memory (Thread-4)
[0.827s][info ][gc             ] Out Of Memory (Thread-3)
[0.827s][info ][gc             ] Allocation Stall (Thread-2) 4.148ms
[0.827s][info ][gc             ] Out Of Memory (Thread-2)
[0.827s][debug][gc,heap        ] GC(19) Heap before GC invocations=19 (full 19):
[0.827s][debug][gc,heap        ] GC(19)  ZHeap           used 256M, capacity 256M, max capacity 256M
[0.827s][debug][gc,heap        ] GC(19)  Metaspace       used 195K, committed 384K, reserved 1114112K
[0.827s][debug][gc,heap        ] GC(19)   class space    used 6K, committed 128K, reserved 1048576K
[0.827s][info ][gc,start       ] GC(19) Garbage Collection (Allocation Stall)
[0.827s][info ][gc,ref         ] GC(19) Clearing All SoftReferences
[0.827s][info ][gc,task        ] GC(19) Using 2 workers
[0.827s][debug][gc,phases,start] GC(19) Pause Mark Start
[0.827s][debug][gc,marking     ] GC(19) Using 2 mark stripes
[0.827s][debug][gc,marking     ] GC(19) Mark Worker/Stripe Distribution
[0.827s][debug][gc,marking     ] GC(19)   Worker 0(2) -> Stripe 0(2)
[0.827s][debug][gc,marking     ] GC(19)   Worker 1(2) -> Stripe 1(2)
[0.827s][info ][gc,phases      ] GC(19) Pause Mark Start 0.023ms
[0.827s][debug][gc,phases,start] GC(19) Concurrent Mark
[0.827s][debug][gc,task        ] GC(19) Executing Task: ZMarkRootsTask, Active Workers: 2
[0.827s][debug][gc,phases,start] GC(19) Concurrent Roots OopStorageSet (ZWorker#0)
[0.827s][debug][gc,phases      ] GC(19) Concurrent Roots OopStorageSet (ZWorker#0) 0.015ms
[0.827s][debug][gc,phases,start] GC(19) Concurrent Roots ClassLoaderDataGraph (ZWorker#0)
[0.827s][debug][gc,phases,start] GC(19) Concurrent Roots OopStorageSet (ZWorker#1)
[0.827s][debug][gc,phases      ] GC(19) Concurrent Roots OopStorageSet (ZWorker#1) 0.024ms
[0.827s][debug][gc,phases,start] GC(19) Concurrent Roots ClassLoaderDataGraph (ZWorker#1)
[0.827s][debug][gc,phases      ] GC(19) Concurrent Roots ClassLoaderDataGraph (ZWorker#0) 0.023ms
[0.827s][debug][gc,phases,start] GC(19) Concurrent Roots JavaThreads (ZWorker#0)
[0.827s][debug][gc,phases      ] GC(19) Concurrent Roots ClassLoaderDataGraph (ZWorker#1) 0.006ms
[0.827s][debug][gc,phases,start] GC(19) Concurrent Roots JavaThreads (ZWorker#1)
[0.827s][debug][gc,phases      ] GC(19) Concurrent Roots JavaThreads (ZWorker#0) 0.066ms
[0.827s][debug][gc,phases      ] GC(19) Concurrent Roots JavaThreads (ZWorker#1) 0.065ms
[0.827s][debug][gc,task        ] GC(19) Executing Task: ZMarkTask, Active Workers: 2
[0.827s][debug][gc,phases,start] GC(19) Concurrent Mark (ZWorker#0)
[0.827s][debug][gc,phases,start] GC(19) Concurrent Mark (ZWorker#1)
[0.828s][debug][gc,phases,start] GC(19) Concurrent Mark Try Terminate (ZWorker#1)
[0.828s][debug][gc,phases,start] GC(19) Concurrent Mark Try Flush (ZWorker#0)
[0.828s][debug][gc,phases      ] GC(19) Concurrent Mark Try Flush (ZWorker#0) 0.072ms
[0.828s][debug][gc,phases,start] GC(19) Concurrent Mark Try Terminate (ZWorker#0)
[0.828s][debug][gc,phases,start] GC(19) Concurrent Mark Try Flush (ZWorker#0)
[0.828s][debug][gc,phases      ] GC(19) Concurrent Mark Try Flush (ZWorker#0) 0.044ms
[0.828s][debug][gc,phases      ] GC(19) Concurrent Mark Try Terminate (ZWorker#0) 0.055ms
[0.828s][debug][gc,phases,start] GC(19) Concurrent Mark Try Terminate (ZWorker#0)
[0.828s][debug][gc,phases      ] GC(19) Concurrent Mark Try Terminate (ZWorker#0) 0.004ms
[0.828s][debug][gc,phases      ] GC(19) Concurrent Mark (ZWorker#0) 0.743ms
[0.829s][debug][gc,phases      ] GC(19) Concurrent Mark Try Terminate (ZWorker#1) 1.087ms
[0.829s][debug][gc,phases      ] GC(19) Concurrent Mark (ZWorker#1) 1.666ms
[0.829s][info ][gc,phases      ] GC(19) Concurrent Mark 1.983ms
[0.829s][debug][gc,phases,start] GC(19) Pause Mark End
[0.829s][info ][gc,phases      ] GC(19) Pause Mark End 0.015ms
[0.829s][debug][gc,phases,start] GC(19) Concurrent Mark Free
[0.829s][info ][gc,phases      ] GC(19) Concurrent Mark Free 0.008ms
[0.829s][debug][gc,phases,start] GC(19) Concurrent Process Non-Strong References
[0.829s][debug][gc,phases,start] GC(19) Concurrent References Process (ZDriver)
[0.829s][debug][gc,task        ] GC(19) Executing Task: ZReferenceProcessorTask, Active Workers: 2
[0.829s][debug][gc,phases      ] GC(19) Concurrent References Process (ZDriver) 0.031ms
[0.829s][debug][gc,task        ] GC(19) Executing Task: ZProcessWeakRootsTask, Active Workers: 2
[0.829s][debug][gc,phases,start] GC(19) Concurrent Weak Roots OopStorageSet (ZWorker#0)
[0.829s][debug][gc,phases,start] GC(19) Concurrent Weak Roots OopStorageSet (ZWorker#1)
[0.829s][debug][gc,phases      ] GC(19) Concurrent Weak Roots OopStorageSet (ZWorker#0) 0.036ms
[0.829s][debug][gc,phases      ] GC(19) Concurrent Weak Roots OopStorageSet (ZWorker#1) 0.020ms
[0.829s][debug][gc,phases,start] GC(19) Concurrent Classes Unlink (ZDriver)
[0.829s][debug][gc,phases,start] GC(19) ClassLoaderData
[0.829s][debug][gc,phases      ] GC(19) ClassLoaderData 0.005ms
[0.829s][debug][gc,phases,start] GC(19) Trigger cleanups
[0.829s][debug][gc,phases      ] GC(19) Trigger cleanups 0.003ms
[0.829s][debug][gc,task        ] GC(19) Executing Task: ZNMethodUnlinkTask, Active Workers: 2
[0.829s][debug][gc,phases      ] GC(19) Concurrent Classes Unlink (ZDriver) 0.114ms
[0.829s][debug][gc,phases,start] GC(19) Concurrent Classes Purge (ZDriver)
[0.829s][debug][gc,task        ] GC(19) Executing Task: ZNMethodPurgeTask, Active Workers: 2
[0.829s][debug][gc,phases      ] GC(19) Concurrent Classes Purge (ZDriver) 0.048ms
[0.829s][debug][gc,phases,start] GC(19) Concurrent References Enqueue (ZDriver)
[0.829s][debug][gc,phases      ] GC(19) Concurrent References Enqueue (ZDriver) 0.005ms
[0.829s][info ][gc,phases      ] GC(19) Concurrent Process Non-Strong References 0.367ms
[0.829s][debug][gc,phases,start] GC(19) Concurrent Reset Relocation Set
[0.829s][info ][gc,phases      ] GC(19) Concurrent Reset Relocation Set 0.005ms
[0.829s][debug][gc,phases,start] GC(19) Concurrent Select Relocation Set
[0.830s][debug][gc,task        ] GC(19) Executing Task: ZRelocationSetInstallTask, Active Workers: 2
[0.830s][info ][gc,phases      ] GC(19) Concurrent Select Relocation Set 0.549ms
[0.830s][debug][gc,phases,start] GC(19) Pause Relocate Start
[0.830s][info ][gc,phases      ] GC(19) Pause Relocate Start 0.010ms
[0.830s][debug][gc,phases,start] GC(19) Concurrent Relocate
[0.830s][debug][gc,task        ] GC(19) Executing Task: ZRelocateTask, Active Workers: 2
[0.830s][info ][gc,phases      ] GC(19) Concurrent Relocate 0.035ms
[0.830s][debug][gc,heap        ] GC(19) Heap after GC invocations=20 (full 20):
[0.830s][debug][gc,heap        ] GC(19)  ZHeap           used 256M, capacity 256M, max capacity 256M
[0.830s][debug][gc,heap        ] GC(19)  Metaspace       used 195K, committed 384K, reserved 1114112K
[0.830s][debug][gc,heap        ] GC(19)   class space    used 6K, committed 128K, reserved 1048576K
[0.830s][info ][gc,load        ] GC(19) Load: 0.06/0.03/0.08
[0.830s][info ][gc,mmu         ] GC(19) MMU: 2ms/93.5%, 5ms/96.2%, 10ms/97.5%, 20ms/98.1%, 50ms/98.6%, 100ms/99.1%
[0.830s][info ][gc,marking     ] GC(19) Mark: 2 stripe(s), 1 proactive flush(es), 1 terminate flush(es), 0 completion(s), 0 continuation(s) 
[0.830s][info ][gc,marking     ] GC(19) Mark Stack Usage: 32M
[0.830s][info ][gc,nmethod     ] GC(19) NMethods: 101 registered, 0 unregistered
[0.830s][info ][gc,metaspace   ] GC(19) Metaspace: 0M used, 0M committed, 1088M reserved
[0.830s][info ][gc,ref         ] GC(19) Soft: 7 encountered, 2 discovered, 0 enqueued
[0.830s][info ][gc,ref         ] GC(19) Weak: 34 encountered, 22 discovered, 0 enqueued
[0.830s][info ][gc,ref         ] GC(19) Final: 0 encountered, 0 discovered, 0 enqueued
[0.830s][info ][gc,ref         ] GC(19) Phantom: 1 encountered, 0 discovered, 0 enqueued
[0.830s][info ][gc,reloc       ] GC(19) Small Pages: 90 / 180M, Empty: 0M, Relocated: 0M, In-Place: 0
[0.830s][info ][gc,reloc       ] GC(19) Medium Pages: 0 / 0M, Empty: 0M, Relocated: 0M, In-Place: 0
[0.830s][info ][gc,reloc       ] GC(19) Large Pages: 28 / 76M, Empty: 0M, Relocated: 0M, In-Place: 0
[0.830s][info ][gc,reloc       ] GC(19) Forwarding Usage: 0M
[0.830s][info ][gc,heap        ] GC(19) Min Capacity: 128M(50%)
[0.830s][info ][gc,heap        ] GC(19) Max Capacity: 256M(100%)
[0.830s][info ][gc,heap        ] GC(19) Soft Max Capacity: 256M(100%)
[0.830s][info ][gc,heap        ] GC(19)                Mark Start          Mark End        Relocate Start      Relocate End           High               Low         
[0.830s][info ][gc,heap        ] GC(19)  Capacity:      256M (100%)        256M (100%)        256M (100%)        256M (100%)        256M (100%)        256M (100%)   
[0.830s][info ][gc,heap        ] GC(19)      Free:        0M (0%)            0M (0%)            0M (0%)            0M (0%)            0M (0%)            0M (0%)     
[0.830s][info ][gc,heap        ] GC(19)      Used:      256M (100%)        256M (100%)        256M (100%)        256M (100%)        256M (100%)        256M (100%)   
[0.830s][info ][gc,heap        ] GC(19)      Live:         -               228M (89%)         228M (89%)         228M (89%)            -                  -          
[0.830s][info ][gc,heap        ] GC(19) Allocated:         -                 0M (0%)            0M (0%)            0M (0%)             -                  -          
[0.830s][info ][gc,heap        ] GC(19)   Garbage:         -                27M (11%)          27M (11%)          27M (11%)            -                  -          
[0.830s][info ][gc,heap        ] GC(19) Reclaimed:         -                  -                 0M (0%)            0M (0%)             -                  -          
[0.830s][info ][gc             ] GC(19) Garbage Collection (Allocation Stall) 256M(100%)->256M(100%)
[0.830s][info ][gc             ] Allocation Stall (Unknown thread) 3.449ms
[0.830s][info ][gc             ] Allocation Stall (Thread-1) 3.589ms
[0.830s][info ][gc             ] Allocation Stall (Thread-3) 3.534ms
[0.830s][info ][gc             ] Allocation Stall (Thread-4) 3.553ms
[0.830s][debug][gc,heap        ] GC(20) Heap before GC invocations=20 (full 20):
[0.831s][debug][gc,heap        ] GC(20)  ZHeap           used 256M, capacity 256M, max capacity 256M
[0.830s][info ][gc             ] Allocation Stall (Thread-2) 3.481ms
[0.831s][debug][gc,heap        ] GC(20)  Metaspace       used 195K, committed 384K, reserved 1114112K
[0.831s][debug][gc,heap        ] GC(20)   class space    used 6K, committed 128K, reserved 1048576K
[0.830s][info ][gc             ] Allocation Stall (Thread-0) 3.635ms
[0.831s][info ][gc,start       ] GC(20) Garbage Collection (Allocation Stall)
[0.831s][info ][gc,ref         ] GC(20) Clearing All SoftReferences
[0.831s][info ][gc,task        ] GC(20) Using 2 workers
[0.831s][debug][gc,phases,start] GC(20) Pause Mark Start
[0.831s][debug][gc,marking     ] GC(20) Using 2 mark stripes
[0.831s][debug][gc,marking     ] GC(20) Mark Worker/Stripe Distribution
[0.831s][debug][gc,marking     ] GC(20)   Worker 0(2) -> Stripe 0(2)
[0.831s][debug][gc,marking     ] GC(20)   Worker 1(2) -> Stripe 1(2)
[0.831s][info ][gc,phases      ] GC(20) Pause Mark Start 0.042ms
[0.831s][debug][gc,phases,start] GC(20) Concurrent Mark
[0.831s][debug][gc,task        ] GC(20) Executing Task: ZMarkRootsTask, Active Workers: 2
[0.831s][debug][gc,phases,start] GC(20) Concurrent Roots OopStorageSet (ZWorker#0)
[0.831s][debug][gc,phases,start] GC(20) Concurrent Roots OopStorageSet (ZWorker#1)
[0.831s][debug][gc,phases      ] GC(20) Concurrent Roots OopStorageSet (ZWorker#1) 0.012ms
[0.831s][debug][gc,phases,start] GC(20) Concurrent Roots ClassLoaderDataGraph (ZWorker#1)
[0.831s][debug][gc,phases      ] GC(20) Concurrent Roots OopStorageSet (ZWorker#0) 0.021ms
[0.831s][debug][gc,phases,start] GC(20) Concurrent Roots ClassLoaderDataGraph (ZWorker#0)
[0.831s][debug][gc,phases      ] GC(20) Concurrent Roots ClassLoaderDataGraph (ZWorker#0) 0.005ms
[0.831s][debug][gc,phases,start] GC(20) Concurrent Roots JavaThreads (ZWorker#0)
[0.831s][debug][gc,phases      ] GC(20) Concurrent Roots ClassLoaderDataGraph (ZWorker#1) 0.034ms
[0.831s][debug][gc,phases,start] GC(20) Concurrent Roots JavaThreads (ZWorker#1)
[0.831s][debug][gc,phases      ] GC(20) Concurrent Roots JavaThreads (ZWorker#1) 0.071ms
[0.831s][debug][gc,phases      ] GC(20) Concurrent Roots JavaThreads (ZWorker#0) 0.085ms
[0.831s][debug][gc,task        ] GC(20) Executing Task: ZMarkTask, Active Workers: 2
[0.831s][debug][gc,phases,start] GC(20) Concurrent Mark (ZWorker#1)
[0.831s][debug][gc,phases,start] GC(20) Concurrent Mark (ZWorker#0)
[0.832s][debug][gc,phases,start] GC(20) Concurrent Mark Try Flush (ZWorker#1)
[0.832s][debug][gc,phases,start] GC(20) Concurrent Mark Try Terminate (ZWorker#0)
[0.832s][debug][gc,phases      ] GC(20) Concurrent Mark Try Flush (ZWorker#1) 0.109ms
[0.832s][debug][gc,phases,start] GC(20) Concurrent Mark Try Terminate (ZWorker#1)
[0.832s][debug][gc,phases,start] GC(20) Concurrent Mark Try Flush (ZWorker#1)
[0.832s][debug][gc,phases      ] GC(20) Concurrent Mark Try Flush (ZWorker#1) 0.069ms
[0.832s][debug][gc,phases      ] GC(20) Concurrent Mark Try Terminate (ZWorker#1) 0.084ms
[0.832s][debug][gc,phases,start] GC(20) Concurrent Mark Try Terminate (ZWorker#1)
[0.832s][debug][gc,phases      ] GC(20) Concurrent Mark Try Terminate (ZWorker#1) 0.005ms
[0.832s][debug][gc,phases      ] GC(20) Concurrent Mark (ZWorker#1) 0.864ms
[0.833s][debug][gc,phases      ] GC(20) Concurrent Mark Try Terminate (ZWorker#0) 1.110ms
[0.833s][debug][gc,phases      ] GC(20) Concurrent Mark (ZWorker#0) 1.761ms
[0.833s][info ][gc,phases      ] GC(20) Concurrent Mark 2.109ms
[0.833s][debug][gc,phases,start] GC(20) Pause Mark End
[0.833s][info ][gc,phases      ] GC(20) Pause Mark End 0.016ms
[0.833s][debug][gc,phases,start] GC(20) Concurrent Mark Free
[0.833s][info ][gc,phases      ] GC(20) Concurrent Mark Free 0.007ms
[0.833s][debug][gc,phases,start] GC(20) Concurrent Process Non-Strong References
[0.833s][debug][gc,phases,start] GC(20) Concurrent References Process (ZDriver)
[0.833s][debug][gc,task        ] GC(20) Executing Task: ZReferenceProcessorTask, Active Workers: 2
[0.833s][debug][gc,phases      ] GC(20) Concurrent References Process (ZDriver) 0.052ms
[0.833s][debug][gc,task        ] GC(20) Executing Task: ZProcessWeakRootsTask, Active Workers: 2
[0.833s][debug][gc,phases,start] GC(20) Concurrent Weak Roots OopStorageSet (ZWorker#0)
[0.833s][debug][gc,phases,start] GC(20) Concurrent Weak Roots OopStorageSet (ZWorker#1)
[0.833s][debug][gc,phases      ] GC(20) Concurrent Weak Roots OopStorageSet (ZWorker#0) 0.096ms
[0.833s][debug][gc,phases      ] GC(20) Concurrent Weak Roots OopStorageSet (ZWorker#1) 0.072ms
[0.833s][debug][gc,phases,start] GC(20) Concurrent Classes Unlink (ZDriver)
[0.833s][debug][gc,phases,start] GC(20) ClassLoaderData
[0.833s][debug][gc,phases      ] GC(20) ClassLoaderData 0.005ms
[0.833s][debug][gc,phases,start] GC(20) Trigger cleanups
[0.833s][debug][gc,phases      ] GC(20) Trigger cleanups 0.003ms
[0.833s][debug][gc,task        ] GC(20) Executing Task: ZNMethodUnlinkTask, Active Workers: 2
[0.833s][debug][gc,phases      ] GC(20) Concurrent Classes Unlink (ZDriver) 0.123ms
[0.833s][debug][gc,phases,start] GC(20) Concurrent Classes Purge (ZDriver)
[0.833s][debug][gc,task        ] GC(20) Executing Task: ZNMethodPurgeTask, Active Workers: 2
[0.833s][debug][gc,phases      ] GC(20) Concurrent Classes Purge (ZDriver) 0.058ms
[0.833s][debug][gc,phases,start] GC(20) Concurrent References Enqueue (ZDriver)
[0.833s][debug][gc,phases      ] GC(20) Concurrent References Enqueue (ZDriver) 0.005ms
[0.833s][info ][gc,phases      ] GC(20) Concurrent Process Non-Strong References 0.542ms
[0.833s][debug][gc,phases,start] GC(20) Concurrent Reset Relocation Set
[0.833s][info ][gc,phases      ] GC(20) Concurrent Reset Relocation Set 0.005ms
[0.833s][debug][gc,phases,start] GC(20) Concurrent Select Relocation Set
[0.834s][debug][gc,task        ] GC(20) Executing Task: ZRelocationSetInstallTask, Active Workers: 2
[0.834s][info ][gc,phases      ] GC(20) Concurrent Select Relocation Set 0.947ms
[0.834s][debug][gc,phases,start] GC(20) Pause Relocate Start
[0.834s][info ][gc,phases      ] GC(20) Pause Relocate Start 0.015ms
[0.835s][debug][gc,phases,start] GC(20) Concurrent Relocate
[0.835s][debug][gc,task        ] GC(20) Executing Task: ZRelocateTask, Active Workers: 2
[0.835s][info ][gc,phases      ] GC(20) Concurrent Relocate 0.044ms
[0.835s][debug][gc,heap        ] GC(20) Heap after GC invocations=21 (full 21):
[0.835s][debug][gc,heap        ] GC(20)  ZHeap           used 256M, capacity 256M, max capacity 256M
[0.835s][debug][gc,heap        ] GC(20)  Metaspace       used 195K, committed 384K, reserved 1114112K
[0.835s][debug][gc,heap        ] GC(20)   class space    used 6K, committed 128K, reserved 1048576K
[0.835s][info ][gc,load        ] GC(20) Load: 0.06/0.03/0.08
[0.835s][info ][gc,mmu         ] GC(20) MMU: 2ms/93.5%, 5ms/96.2%, 10ms/97.5%, 20ms/98.1%, 50ms/98.5%, 100ms/99.0%
[0.835s][info ][gc,marking     ] GC(20) Mark: 2 stripe(s), 1 proactive flush(es), 1 terminate flush(es), 0 completion(s), 0 continuation(s) 
[0.835s][info ][gc,marking     ] GC(20) Mark Stack Usage: 32M
[0.835s][info ][gc,nmethod     ] GC(20) NMethods: 101 registered, 0 unregistered
[0.835s][info ][gc,metaspace   ] GC(20) Metaspace: 0M used, 0M committed, 1088M reserved
[0.835s][info ][gc,ref         ] GC(20) Soft: 7 encountered, 4 discovered, 0 enqueued
[0.835s][info ][gc,ref         ] GC(20) Weak: 34 encountered, 12 discovered, 0 enqueued
[0.835s][info ][gc,ref         ] GC(20) Final: 0 encountered, 0 discovered, 0 enqueued
[0.835s][info ][gc,ref         ] GC(20) Phantom: 1 encountered, 0 discovered, 0 enqueued
[0.835s][info ][gc,reloc       ] GC(20) Small Pages: 90 / 180M, Empty: 0M, Relocated: 0M, In-Place: 0
[0.835s][info ][gc,reloc       ] GC(20) Medium Pages: 0 / 0M, Empty: 0M, Relocated: 0M, In-Place: 0
[0.835s][info ][gc,reloc       ] GC(20) Large Pages: 28 / 76M, Empty: 0M, Relocated: 0M, In-Place: 0
[0.835s][info ][gc,reloc       ] GC(20) Forwarding Usage: 0M
[0.835s][info ][gc,heap        ] GC(20) Min Capacity: 128M(50%)
[0.835s][info ][gc,heap        ] GC(20) Max Capacity: 256M(100%)
[0.835s][info ][gc,heap        ] GC(20) Soft Max Capacity: 256M(100%)
[0.835s][info ][gc,heap        ] GC(20)                Mark Start          Mark End        Relocate Start      Relocate End           High               Low         
[0.835s][info ][gc,heap        ] GC(20)  Capacity:      256M (100%)        256M (100%)        256M (100%)        256M (100%)        256M (100%)        256M (100%)   
[0.835s][info ][gc,heap        ] GC(20)      Free:        0M (0%)            0M (0%)            0M (0%)            0M (0%)            0M (0%)            0M (0%)     
[0.835s][info ][gc,heap        ] GC(20)      Used:      256M (100%)        256M (100%)        256M (100%)        256M (100%)        256M (100%)        256M (100%)   
[0.835s][info ][gc,heap        ] GC(20)      Live:         -               228M (89%)         228M (89%)         228M (89%)            -                  -          
[0.835s][info ][gc,heap        ] GC(20) Allocated:         -                 0M (0%)            0M (0%)            0M (0%)             -                  -          
[0.835s][info ][gc,heap        ] GC(20)   Garbage:         -                27M (11%)          27M (11%)          27M (11%)            -                  -          
[0.835s][info ][gc,heap        ] GC(20) Reclaimed:         -                  -                 0M (0%)            0M (0%)             -                  -          
[0.835s][info ][gc             ] GC(20) Garbage Collection (Allocation Stall) 256M(100%)->256M(100%)
[0.835s][info ][gc             ] Allocation Stall (Thread-4) 4.427ms
[0.835s][info ][gc             ] Out Of Memory (Thread-4)
[0.835s][info ][gc             ] Allocation Stall (Unknown thread) 4.518ms
[0.835s][info ][gc             ] Allocation Stall (Thread-3) 4.523ms
[0.835s][info ][gc             ] Out Of Memory (Unknown thread)
[0.835s][info ][gc             ] Allocation Stall (Thread-0) 4.357ms
[0.835s][info ][gc             ] Allocation Stall (Thread-2) 4.406ms
[0.835s][info ][gc             ] Out Of Memory (Thread-0)
[0.835s][info ][gc             ] Out Of Memory (Thread-3)
[0.835s][info ][gc             ] Allocation Stall (Thread-1) 4.518ms
[0.835s][info ][gc             ] Out Of Memory (Thread-2)
[0.835s][info ][gc             ] Out Of Memory (Thread-1)
[0.835s][debug][gc,heap        ] GC(21) Heap before GC invocations=21 (full 21):
[0.835s][debug][gc,heap        ] GC(21)  ZHeap           used 256M, capacity 256M, max capacity 256M
[0.835s][debug][gc,heap        ] GC(21)  Metaspace       used 195K, committed 384K, reserved 1114112K
[0.835s][debug][gc,heap        ] GC(21)   class space    used 6K, committed 128K, reserved 1048576K
[0.835s][info ][gc,start       ] GC(21) Garbage Collection (Allocation Stall)
[0.835s][info ][gc,ref         ] GC(21) Clearing All SoftReferences
[0.835s][info ][gc,task        ] GC(21) Using 2 workers
