[2024-08-16T20:43:03.995+0800][0.006s][debug][gc,heap] Minimum heap 536870912  Initial heap 536870912  Maximum heap 4294967296
[2024-08-16T20:43:03.995+0800][0.006s][info ][gc,init] Initializing The Z Garbage Collector
[2024-08-16T20:43:03.995+0800][0.006s][info ][gc,init] Version: 17.0.11+1-LTS (release)
[2024-08-16T20:43:03.995+0800][0.006s][info ][gc,init] NUMA Support: Disabled
[2024-08-16T20:43:03.995+0800][0.006s][info ][gc,init] CPUs: 16 total, 16 available
[2024-08-16T20:43:03.995+0800][0.007s][info ][gc,init] Memory: 53303M
[2024-08-16T20:43:03.995+0800][0.007s][info ][gc,init] Large Page Support: Disabled
[2024-08-16T20:43:03.995+0800][0.007s][info ][gc,init] GC Workers: 4 (dynamic)
[2024-08-16T20:43:03.996+0800][0.008s][info ][gc,init] Address Space Type: Contiguous/Unrestricted/Complete
[2024-08-16T20:43:03.996+0800][0.008s][info ][gc,init] Address Space Size: 65536M x 3 = 196608M
[2024-08-16T20:43:03.996+0800][0.008s][info ][gc,init] Heap Backing File: /memfd:java_heap
[2024-08-16T20:43:03.996+0800][0.008s][info ][gc,init] Heap Backing Filesystem: tmpfs (0x1021994)
[2024-08-16T20:43:03.996+0800][0.008s][info ][gc,init] Min Capacity: 512M
[2024-08-16T20:43:03.996+0800][0.008s][info ][gc,init] Initial Capacity: 512M
[2024-08-16T20:43:03.996+0800][0.008s][info ][gc,init] Max Capacity: 4096M
[2024-08-16T20:43:03.996+0800][0.008s][info ][gc,init] Medium Page Size: 32M
[2024-08-16T20:43:03.997+0800][0.008s][info ][gc,init] Pre-touch: Disabled
[2024-08-16T20:43:03.997+0800][0.008s][info ][gc,init] Available space on backing filesystem: N/A
[2024-08-16T20:43:03.997+0800][0.009s][info ][gc,init] Uncommit: Enabled
[2024-08-16T20:43:03.997+0800][0.009s][info ][gc,init] Uncommit Delay: 300s
[2024-08-16T20:43:04.143+0800][0.154s][debug][gc,marking] Expanding mark stack space: 0M->32M
[2024-08-16T20:43:04.144+0800][0.155s][info ][gc,init   ] Runtime Workers: 10
[2024-08-16T20:43:04.146+0800][0.158s][info ][gc        ] Using The Z Garbage Collector
[2024-08-16T20:43:04.153+0800][0.165s][info ][gc,metaspace] CDS archive(s) mapped at: [0x00007f8c4b000000-0x00007f8c4bb93000-0x00007f8c4bb93000), size 12136448, SharedBaseAddress: 0x00007f8c4b000000, ArchiveRelocationMode: 1.
[2024-08-16T20:43:04.153+0800][0.165s][info ][gc,metaspace] Compressed class space mapped at: 0x00007f8c4c000000-0x00007f8c8c000000, reserved size: 1073741824
[2024-08-16T20:43:04.153+0800][0.165s][info ][gc,metaspace] Narrow klass base: 0x00007f8c4b000000, Narrow klass shift: 0, Narrow klass range: 0x100000000
[2024-08-16T20:43:04.162+0800][0.174s][debug][gc,heap     ] Uncommit Timeout: 301s
[2024-08-16T20:43:04.165+0800][0.176s][debug][gc,nmethod  ] Rebuilding NMethod Table: 0->1024 entries, 0(0%->0%) registered, 0(0%->0%) unregistered
[2024-08-16T20:43:04.262+0800][0.274s][debug][gc,alloc    ] Allocation Rate: 36.0MB/s, Predicted: -nanMB/s, Avg: 36.0(+/-0.0)MB/s
[2024-08-16T20:43:04.262+0800][0.274s][debug][gc,director ] Rule: Warmup 10%, Used: 40MB, UsedThreshold: 409MB
[2024-08-16T20:43:04.262+0800][0.274s][debug][gc,director ] Rule: High Usage, Free: 4016MB(98.0%)
[2024-08-16T20:43:04.362+0800][0.374s][debug][gc,alloc    ] Allocation Rate: 102.0MB/s, Predicted: 168.0MB/s, Avg: 69.0(+/-33.0)MB/s
[2024-08-16T20:43:04.363+0800][0.374s][debug][gc,director ] Rule: Warmup 10%, Used: 106MB, UsedThreshold: 409MB
[2024-08-16T20:43:04.363+0800][0.374s][debug][gc,director ] Rule: High Usage, Free: 3950MB(96.4%)
[2024-08-16T20:43:04.462+0800][0.474s][debug][gc,alloc    ] Allocation Rate: 134.0MB/s, Predicted: 188.7MB/s, Avg: 90.7(+/-40.8)MB/s
[2024-08-16T20:43:04.462+0800][0.474s][debug][gc,director ] Rule: Warmup 10%, Used: 138MB, UsedThreshold: 409MB
[2024-08-16T20:43:04.462+0800][0.474s][debug][gc,director ] Rule: High Usage, Free: 3918MB(95.7%)
[2024-08-16T20:43:04.562+0800][0.574s][debug][gc,alloc    ] Allocation Rate: 198.0MB/s, Predicted: 247.0MB/s, Avg: 117.5(+/-58.4)MB/s
[2024-08-16T20:43:04.562+0800][0.574s][debug][gc,director ] Rule: Warmup 10%, Used: 202MB, UsedThreshold: 409MB
[2024-08-16T20:43:04.562+0800][0.574s][debug][gc,director ] Rule: High Usage, Free: 3854MB(94.1%)
[2024-08-16T20:43:04.662+0800][0.673s][debug][gc,alloc    ] Allocation Rate: 262.0MB/s, Predicted: 310.8MB/s, Avg: 146.4(+/-77.9)MB/s
[2024-08-16T20:43:04.662+0800][0.673s][debug][gc,director ] Rule: Warmup 10%, Used: 266MB, UsedThreshold: 409MB
[2024-08-16T20:43:04.662+0800][0.673s][debug][gc,director ] Rule: High Usage, Free: 3790MB(92.5%)
[2024-08-16T20:43:04.762+0800][0.773s][debug][gc,alloc    ] Allocation Rate: 298.0MB/s, Predicted: 357.1MB/s, Avg: 171.7(+/-90.8)MB/s
[2024-08-16T20:43:04.762+0800][0.773s][debug][gc,director ] Rule: Warmup 10%, Used: 302MB, UsedThreshold: 409MB
[2024-08-16T20:43:04.762+0800][0.774s][debug][gc,director ] Rule: High Usage, Free: 3754MB(91.7%)
[2024-08-16T20:43:04.862+0800][0.874s][debug][gc,alloc    ] Allocation Rate: 362.0MB/s, Predicted: 412.9MB/s, Avg: 198.9(+/-107.3)MB/s
[2024-08-16T20:43:04.862+0800][0.874s][debug][gc,director ] Rule: Warmup 10%, Used: 366MB, UsedThreshold: 409MB
[2024-08-16T20:43:04.862+0800][0.874s][debug][gc,director ] Rule: High Usage, Free: 3690MB(90.1%)
[2024-08-16T20:43:04.962+0800][0.974s][debug][gc,alloc    ] Allocation Rate: 426.0MB/s, Predicted: 472.9MB/s, Avg: 227.2(+/-125.3)MB/s
[2024-08-16T20:43:04.962+0800][0.974s][debug][gc,director ] Rule: Warmup 10%, Used: 430MB, UsedThreshold: 409MB
[2024-08-16T20:43:04.962+0800][0.974s][debug][gc,heap     ] GC(0) Heap before GC invocations=0 (full 0):
[2024-08-16T20:43:04.962+0800][0.974s][debug][gc,heap     ] GC(0)  ZHeap           used 430M, capacity 512M, max capacity 4096M
[2024-08-16T20:43:04.962+0800][0.974s][debug][gc,heap     ] GC(0)  Metaspace       used 834K, committed 960K, reserved 1114112K
[2024-08-16T20:43:04.962+0800][0.974s][debug][gc,heap     ] GC(0)   class space    used 63K, committed 128K, reserved 1048576K
[2024-08-16T20:43:04.962+0800][0.974s][info ][gc,start    ] GC(0) Garbage Collection (Warmup)
[2024-08-16T20:43:04.962+0800][0.974s][info ][gc,task     ] GC(0) Using 4 workers
[2024-08-16T20:43:04.963+0800][0.975s][debug][gc,phases,start] GC(0) Pause Mark Start
[2024-08-16T20:43:04.963+0800][0.975s][debug][gc,marking     ] GC(0) Using 4 mark stripes
[2024-08-16T20:43:04.963+0800][0.975s][debug][gc,marking     ] GC(0) Mark Worker/Stripe Distribution
[2024-08-16T20:43:04.963+0800][0.975s][debug][gc,marking     ] GC(0)   Worker 0(4) -> Stripe 0(4)
[2024-08-16T20:43:04.963+0800][0.975s][debug][gc,marking     ] GC(0)   Worker 1(4) -> Stripe 1(4)
[2024-08-16T20:43:04.963+0800][0.975s][debug][gc,marking     ] GC(0)   Worker 2(4) -> Stripe 2(4)
[2024-08-16T20:43:04.963+0800][0.975s][debug][gc,marking     ] GC(0)   Worker 3(4) -> Stripe 3(4)
[2024-08-16T20:43:04.963+0800][0.975s][info ][gc,phases      ] GC(0) Pause Mark Start 0.055ms
[2024-08-16T20:43:04.963+0800][0.975s][debug][gc,phases,start] GC(0) Concurrent Mark
[2024-08-16T20:43:04.963+0800][0.975s][debug][gc,task        ] GC(0) Executing Task: ZMarkRootsTask, Active Workers: 4
[2024-08-16T20:43:04.963+0800][0.975s][debug][gc,phases,start] GC(0) Concurrent Roots OopStorageSet (ZWorker#3)
[2024-08-16T20:43:04.963+0800][0.975s][debug][gc,phases      ] GC(0) Concurrent Roots OopStorageSet (ZWorker#3) 0.114ms
[2024-08-16T20:43:04.963+0800][0.975s][debug][gc,phases,start] GC(0) Concurrent Roots ClassLoaderDataGraph (ZWorker#3)
[2024-08-16T20:43:04.963+0800][0.975s][debug][gc,phases,start] GC(0) Concurrent Roots OopStorageSet (ZWorker#1)
[2024-08-16T20:43:04.963+0800][0.975s][debug][gc,phases      ] GC(0) Concurrent Roots OopStorageSet (ZWorker#1) 0.177ms
[2024-08-16T20:43:04.963+0800][0.975s][debug][gc,phases,start] GC(0) Concurrent Roots ClassLoaderDataGraph (ZWorker#1)
[2024-08-16T20:43:04.963+0800][0.975s][debug][gc,phases      ] GC(0) Concurrent Roots ClassLoaderDataGraph (ZWorker#1) 0.006ms
[2024-08-16T20:43:04.963+0800][0.975s][debug][gc,phases      ] GC(0) Concurrent Roots ClassLoaderDataGraph (ZWorker#3) 0.056ms
[2024-08-16T20:43:04.963+0800][0.975s][debug][gc,phases,start] GC(0) Concurrent Roots JavaThreads (ZWorker#3)
[2024-08-16T20:43:04.963+0800][0.975s][debug][gc,phases,start] GC(0) Concurrent Roots JavaThreads (ZWorker#1)
[2024-08-16T20:43:04.963+0800][0.975s][debug][gc,phases,start] GC(0) Concurrent Roots OopStorageSet (ZWorker#2)
[2024-08-16T20:43:04.963+0800][0.975s][debug][gc,phases      ] GC(0) Concurrent Roots OopStorageSet (ZWorker#2) 0.254ms
[2024-08-16T20:43:04.963+0800][0.975s][debug][gc,phases,start] GC(0) Concurrent Roots JavaThreads (ZWorker#2)
[2024-08-16T20:43:04.963+0800][0.975s][debug][gc,phases      ] GC(0) Concurrent Roots JavaThreads (ZWorker#1) 0.080ms
[2024-08-16T20:43:04.963+0800][0.975s][debug][gc,phases      ] GC(0) Concurrent Roots JavaThreads (ZWorker#2) 0.012ms
[2024-08-16T20:43:04.963+0800][0.975s][debug][gc,phases,start] GC(0) Concurrent Roots OopStorageSet (ZWorker#0)
[2024-08-16T20:43:04.964+0800][0.975s][debug][gc,phases      ] GC(0) Concurrent Roots OopStorageSet (ZWorker#0) 0.508ms
[2024-08-16T20:43:04.963+0800][0.975s][debug][gc,phases      ] GC(0) Concurrent Roots JavaThreads (ZWorker#3) 0.079ms
[2024-08-16T20:43:04.964+0800][0.976s][debug][gc,tlab        ] GC(0) TLAB totals: thrds: 6  refills: 21 max: 16 slow allocs: 364 max 364 waste: 30.6% gc: 1390512B max: 262072B slow: 294360B max: 294360B
[2024-08-16T20:43:04.964+0800][0.976s][debug][gc,task        ] GC(0) Executing Task: ZMarkTask, Active Workers: 4
[2024-08-16T20:43:04.964+0800][0.976s][debug][gc,phases,start] GC(0) Concurrent Mark (ZWorker#1)
[2024-08-16T20:43:04.964+0800][0.976s][debug][gc,phases,start] GC(0) Concurrent Mark (ZWorker#2)
[2024-08-16T20:43:04.964+0800][0.976s][debug][gc,phases,start] GC(0) Concurrent Mark (ZWorker#0)
[2024-08-16T20:43:04.965+0800][0.976s][debug][gc,phases,start] GC(0) Concurrent Mark (ZWorker#3)
[2024-08-16T20:43:04.965+0800][0.977s][debug][gc,phases,start] GC(0) Concurrent Mark Try Terminate (ZWorker#3)
[2024-08-16T20:43:04.965+0800][0.977s][debug][gc,phases,start] GC(0) Concurrent Mark Try Flush (ZWorker#1)
[2024-08-16T20:43:04.965+0800][0.977s][debug][gc,phases,start] GC(0) Concurrent Mark Try Terminate (ZWorker#2)
[2024-08-16T20:43:04.965+0800][0.977s][debug][gc,phases,start] GC(0) Concurrent Mark Try Terminate (ZWorker#0)
[2024-08-16T20:43:04.965+0800][0.977s][debug][gc,phases      ] GC(0) Concurrent Mark Try Flush (ZWorker#1) 0.538ms
[2024-08-16T20:43:04.966+0800][0.978s][debug][gc,phases      ] GC(0) Concurrent Mark Try Terminate (ZWorker#2) 1.110ms
[2024-08-16T20:43:04.966+0800][0.978s][debug][gc,phases,start] GC(0) Concurrent Mark Try Terminate (ZWorker#2)
[2024-08-16T20:43:04.966+0800][0.978s][debug][gc,phases      ] GC(0) Concurrent Mark Try Terminate (ZWorker#3) 1.207ms
[2024-08-16T20:43:04.966+0800][0.978s][debug][gc,phases,start] GC(0) Concurrent Mark Try Terminate (ZWorker#3)
[2024-08-16T20:43:04.966+0800][0.978s][debug][gc,phases      ] GC(0) Concurrent Mark Try Terminate (ZWorker#0) 1.173ms
[2024-08-16T20:43:04.966+0800][0.978s][debug][gc,phases,start] GC(0) Concurrent Mark Try Terminate (ZWorker#0)
[2024-08-16T20:43:04.967+0800][0.979s][debug][gc,phases      ] GC(0) Concurrent Mark Try Terminate (ZWorker#2) 1.242ms
[2024-08-16T20:43:04.967+0800][0.979s][debug][gc,phases,start] GC(0) Concurrent Mark Try Terminate (ZWorker#2)
[2024-08-16T20:43:04.967+0800][0.979s][debug][gc,phases      ] GC(0) Concurrent Mark Try Terminate (ZWorker#3) 1.174ms
[2024-08-16T20:43:04.967+0800][0.979s][debug][gc,phases,start] GC(0) Concurrent Mark Try Terminate (ZWorker#3)
[2024-08-16T20:43:04.967+0800][0.979s][debug][gc,phases      ] GC(0) Concurrent Mark Try Terminate (ZWorker#0) 1.193ms
[2024-08-16T20:43:04.967+0800][0.979s][debug][gc,phases,start] GC(0) Concurrent Mark Try Terminate (ZWorker#0)
[2024-08-16T20:43:04.968+0800][0.980s][debug][gc,phases,start] GC(0) Concurrent Mark Try Flush (ZWorker#1)
[2024-08-16T20:43:04.968+0800][0.980s][debug][gc,phases      ] GC(0) Concurrent Mark Try Terminate (ZWorker#2) 1.079ms
[2024-08-16T20:43:04.968+0800][0.980s][debug][gc,phases,start] GC(0) Concurrent Mark Try Terminate (ZWorker#2)
[2024-08-16T20:43:04.968+0800][0.980s][debug][gc,phases      ] GC(0) Concurrent Mark Try Terminate (ZWorker#3) 1.076ms
[2024-08-16T20:43:04.968+0800][0.980s][debug][gc,phases,start] GC(0) Concurrent Mark Try Terminate (ZWorker#3)
[2024-08-16T20:43:04.968+0800][0.980s][debug][gc,phases      ] GC(0) Concurrent Mark Try Flush (ZWorker#1) 0.195ms
[2024-08-16T20:43:04.968+0800][0.980s][debug][gc,phases      ] GC(0) Concurrent Mark Try Terminate (ZWorker#0) 1.078ms
[2024-08-16T20:43:04.969+0800][0.980s][debug][gc,phases,start] GC(0) Concurrent Mark Try Terminate (ZWorker#0)
[2024-08-16T20:43:04.969+0800][0.980s][debug][gc,phases,start] GC(0) Concurrent Mark Try Terminate (ZWorker#1)
[2024-08-16T20:43:04.969+0800][0.980s][debug][gc,phases,start] GC(0) Concurrent Mark Try Flush (ZWorker#1)
[2024-08-16T20:43:04.969+0800][0.980s][debug][gc,phases      ] GC(0) Concurrent Mark Try Flush (ZWorker#1) 0.100ms
[2024-08-16T20:43:04.969+0800][0.980s][debug][gc,phases      ] GC(0) Concurrent Mark Try Terminate (ZWorker#1) 0.202ms
[2024-08-16T20:43:04.969+0800][0.980s][debug][gc,phases,start] GC(0) Concurrent Mark Try Terminate (ZWorker#1)
[2024-08-16T20:43:04.969+0800][0.981s][debug][gc,phases      ] GC(0) Concurrent Mark Try Terminate (ZWorker#1) 0.022ms
[2024-08-16T20:43:04.969+0800][0.981s][debug][gc,phases      ] GC(0) Concurrent Mark (ZWorker#1) 4.417ms
[2024-08-16T20:43:04.969+0800][0.981s][debug][gc,phases      ] GC(0) Concurrent Mark Try Terminate (ZWorker#2) 1.144ms
[2024-08-16T20:43:04.970+0800][0.981s][debug][gc,phases      ] GC(0) Concurrent Mark (ZWorker#2) 5.144ms
[2024-08-16T20:43:04.969+0800][0.981s][debug][gc,phases      ] GC(0) Concurrent Mark Try Terminate (ZWorker#3) 1.127ms
[2024-08-16T20:43:04.970+0800][0.981s][debug][gc,phases      ] GC(0) Concurrent Mark (ZWorker#3) 5.065ms
[2024-08-16T20:43:04.970+0800][0.981s][debug][gc,phases      ] GC(0) Concurrent Mark Try Terminate (ZWorker#0) 1.142ms
[2024-08-16T20:43:04.970+0800][0.981s][debug][gc,phases      ] GC(0) Concurrent Mark (ZWorker#0) 5.207ms
[2024-08-16T20:43:04.970+0800][0.982s][info ][gc,phases      ] GC(0) Concurrent Mark 6.762ms
[2024-08-16T20:43:04.970+0800][0.982s][debug][gc,phases,start] GC(0) Pause Mark End
[2024-08-16T20:43:04.970+0800][0.982s][info ][gc,phases      ] GC(0) Pause Mark End 0.046ms
[2024-08-16T20:43:04.970+0800][0.982s][debug][gc,phases,start] GC(0) Concurrent Mark Free
[2024-08-16T20:43:04.970+0800][0.982s][info ][gc,phases      ] GC(0) Concurrent Mark Free 0.030ms
[2024-08-16T20:43:04.970+0800][0.982s][debug][gc,phases,start] GC(0) Concurrent Process Non-Strong References
[2024-08-16T20:43:04.970+0800][0.982s][debug][gc,phases,start] GC(0) Concurrent References Process (ZDriver)
[2024-08-16T20:43:04.970+0800][0.982s][debug][gc,task        ] GC(0) Executing Task: ZReferenceProcessorTask, Active Workers: 4
[2024-08-16T20:43:04.970+0800][0.982s][debug][gc,phases      ] GC(0) Concurrent References Process (ZDriver) 0.062ms
[2024-08-16T20:43:04.970+0800][0.982s][debug][gc,task        ] GC(0) Executing Task: ZProcessWeakRootsTask, Active Workers: 4
[2024-08-16T20:43:04.970+0800][0.982s][debug][gc,phases,start] GC(0) Concurrent Weak Roots OopStorageSet (ZWorker#1)
[2024-08-16T20:43:04.970+0800][0.982s][debug][gc,phases,start] GC(0) Concurrent Weak Roots OopStorageSet (ZWorker#2)
[2024-08-16T20:43:04.970+0800][0.982s][debug][gc,phases,start] GC(0) Concurrent Weak Roots OopStorageSet (ZWorker#3)
[2024-08-16T20:43:04.970+0800][0.982s][debug][gc,phases      ] GC(0) Concurrent Weak Roots OopStorageSet (ZWorker#3) 0.060ms
[2024-08-16T20:43:04.970+0800][0.982s][debug][gc,phases      ] GC(0) Concurrent Weak Roots OopStorageSet (ZWorker#1) 0.071ms
[2024-08-16T20:43:04.970+0800][0.982s][debug][gc,phases      ] GC(0) Concurrent Weak Roots OopStorageSet (ZWorker#2) 0.069ms
[2024-08-16T20:43:04.970+0800][0.982s][debug][gc,phases,start] GC(0) Concurrent Weak Roots OopStorageSet (ZWorker#0)
[2024-08-16T20:43:04.971+0800][0.982s][debug][gc,phases      ] GC(0) Concurrent Weak Roots OopStorageSet (ZWorker#0) 0.179ms
[2024-08-16T20:43:04.971+0800][0.982s][debug][gc,phases,start] GC(0) Concurrent Classes Unlink (ZDriver)
[2024-08-16T20:43:04.971+0800][0.982s][debug][gc,phases,start] GC(0) ClassLoaderData
[2024-08-16T20:43:04.971+0800][0.982s][debug][gc,phases      ] GC(0) ClassLoaderData 0.007ms
[2024-08-16T20:43:04.971+0800][0.982s][debug][gc,phases,start] GC(0) Trigger cleanups
[2024-08-16T20:43:04.971+0800][0.982s][debug][gc,phases      ] GC(0) Trigger cleanups 0.004ms
[2024-08-16T20:43:04.971+0800][0.982s][debug][gc,task        ] GC(0) Executing Task: ZNMethodUnlinkTask, Active Workers: 4
[2024-08-16T20:43:04.971+0800][0.983s][debug][gc,phases      ] GC(0) Concurrent Classes Unlink (ZDriver) 0.214ms
[2024-08-16T20:43:04.971+0800][0.983s][debug][gc,phases,start] GC(0) Concurrent Classes Purge (ZDriver)
[2024-08-16T20:43:04.971+0800][0.983s][debug][gc,task        ] GC(0) Executing Task: ZNMethodPurgeTask, Active Workers: 4
[2024-08-16T20:43:04.971+0800][0.983s][debug][gc,phases      ] GC(0) Concurrent Classes Purge (ZDriver) 0.073ms
[2024-08-16T20:43:04.971+0800][0.983s][debug][gc,phases,start] GC(0) Concurrent References Enqueue (ZDriver)
[2024-08-16T20:43:04.971+0800][0.983s][debug][gc,phases      ] GC(0) Concurrent References Enqueue (ZDriver) 0.020ms
[2024-08-16T20:43:04.971+0800][0.983s][info ][gc,phases      ] GC(0) Concurrent Process Non-Strong References 0.788ms
[2024-08-16T20:43:04.971+0800][0.983s][debug][gc,phases,start] GC(0) Concurrent Reset Relocation Set
[2024-08-16T20:43:04.971+0800][0.983s][info ][gc,phases      ] GC(0) Concurrent Reset Relocation Set 0.005ms
[2024-08-16T20:43:04.971+0800][0.983s][debug][gc,phases,start] GC(0) Concurrent Select Relocation Set
[2024-08-16T20:43:04.978+0800][0.990s][debug][gc,task        ] GC(0) Executing Task: ZRelocationSetInstallTask, Active Workers: 4
[2024-08-16T20:43:04.978+0800][0.990s][info ][gc,phases      ] GC(0) Concurrent Select Relocation Set 7.488ms
[2024-08-16T20:43:04.979+0800][0.990s][debug][gc,phases,start] GC(0) Pause Relocate Start
[2024-08-16T20:43:04.979+0800][0.990s][info ][gc,phases      ] GC(0) Pause Relocate Start 0.026ms
[2024-08-16T20:43:04.979+0800][0.991s][debug][gc,phases,start] GC(0) Concurrent Relocate
[2024-08-16T20:43:04.979+0800][0.991s][debug][gc,task        ] GC(0) Executing Task: ZRelocateTask, Active Workers: 4
[2024-08-16T20:43:04.980+0800][0.992s][info ][gc,phases      ] GC(0) Concurrent Relocate 1.169ms
[2024-08-16T20:43:04.980+0800][0.992s][debug][gc,heap        ] GC(0) Heap after GC invocations=1 (full 1):
[2024-08-16T20:43:04.980+0800][0.992s][debug][gc,heap        ] GC(0)  ZHeap           used 294M, capacity 512M, max capacity 4096M
[2024-08-16T20:43:04.980+0800][0.992s][debug][gc,heap        ] GC(0)  Metaspace       used 835K, committed 960K, reserved 1114112K
[2024-08-16T20:43:04.980+0800][0.992s][debug][gc,heap        ] GC(0)   class space    used 63K, committed 128K, reserved 1048576K
[2024-08-16T20:43:04.980+0800][0.992s][info ][gc,load        ] GC(0) Load: 1.95/0.56/0.18
[2024-08-16T20:43:04.980+0800][0.992s][info ][gc,mmu         ] GC(0) MMU: 2ms/97.3%, 5ms/98.9%, 10ms/99.0%, 20ms/99.4%, 50ms/99.7%, 100ms/99.9%
[2024-08-16T20:43:04.980+0800][0.992s][info ][gc,marking     ] GC(0) Mark: 4 stripe(s), 2 proactive flush(es), 1 terminate flush(es), 0 completion(s), 0 continuation(s) 
[2024-08-16T20:43:04.980+0800][0.992s][info ][gc,marking     ] GC(0) Mark Stack Usage: 32M
[2024-08-16T20:43:04.980+0800][0.992s][info ][gc,nmethod     ] GC(0) NMethods: 464 registered, 0 unregistered
[2024-08-16T20:43:04.980+0800][0.992s][info ][gc,metaspace   ] GC(0) Metaspace: 0M used, 0M committed, 1088M reserved
[2024-08-16T20:43:04.980+0800][0.992s][info ][gc,ref         ] GC(0) Soft: 104 encountered, 0 discovered, 0 enqueued
[2024-08-16T20:43:04.980+0800][0.992s][info ][gc,ref         ] GC(0) Weak: 238 encountered, 90 discovered, 45 enqueued
[2024-08-16T20:43:04.981+0800][0.992s][info ][gc,ref         ] GC(0) Final: 0 encountered, 0 discovered, 0 enqueued
[2024-08-16T20:43:04.981+0800][0.992s][info ][gc,ref         ] GC(0) Phantom: 22 encountered, 21 discovered, 21 enqueued
[2024-08-16T20:43:04.981+0800][0.992s][info ][gc,reloc       ] GC(0) Small Pages: 7 / 14M, Empty: 0M, Relocated: 0M, In-Place: 0
[2024-08-16T20:43:04.981+0800][0.992s][info ][gc,reloc       ] GC(0) Medium Pages: 13 / 416M, Empty: 128M, Relocated: 6M, In-Place: 0
[2024-08-16T20:43:04.981+0800][0.992s][info ][gc,reloc       ] GC(0) Large Pages: 0 / 0M, Empty: 0M, Relocated: 0M, In-Place: 0
[2024-08-16T20:43:04.981+0800][0.992s][info ][gc,reloc       ] GC(0) Forwarding Usage: 0M
[2024-08-16T20:43:04.981+0800][0.992s][info ][gc,heap        ] GC(0) Min Capacity: 512M(12%)
[2024-08-16T20:43:04.981+0800][0.992s][info ][gc,heap        ] GC(0) Max Capacity: 4096M(100%)
[2024-08-16T20:43:04.981+0800][0.993s][info ][gc,heap        ] GC(0) Soft Max Capacity: 4096M(100%)
[2024-08-16T20:43:04.981+0800][0.993s][info ][gc,heap        ] GC(0)                Mark Start          Mark End        Relocate Start      Relocate End           High               Low         
[2024-08-16T20:43:04.981+0800][0.993s][info ][gc,heap        ] GC(0)  Capacity:      512M (12%)         512M (12%)         512M (12%)         512M (12%)         512M (12%)         512M (12%)    
[2024-08-16T20:43:04.981+0800][0.993s][info ][gc,heap        ] GC(0)      Free:     3666M (90%)        3632M (89%)        3760M (92%)        3802M (93%)        3802M (93%)        3632M (89%)    
[2024-08-16T20:43:04.981+0800][0.993s][info ][gc,heap        ] GC(0)      Used:      430M (10%)         464M (11%)         336M (8%)          294M (7%)          464M (11%)         294M (7%)     
[2024-08-16T20:43:04.981+0800][0.993s][info ][gc,heap        ] GC(0)      Live:         -               224M (5%)          224M (5%)          224M (5%)             -                  -          
[2024-08-16T20:43:04.981+0800][0.993s][info ][gc,heap        ] GC(0) Allocated:         -                34M (1%)           34M (1%)           33M (1%)             -                  -          
[2024-08-16T20:43:04.981+0800][0.993s][info ][gc,heap        ] GC(0)   Garbage:         -               205M (5%)           77M (2%)           35M (1%)             -                  -          
[2024-08-16T20:43:04.981+0800][0.993s][info ][gc,heap        ] GC(0) Reclaimed:         -                  -               128M (3%)          169M (4%)             -                  -          
[2024-08-16T20:43:04.981+0800][0.993s][info ][gc             ] GC(0) Garbage Collection (Warmup) 430M(10%)->294M(7%)
[2024-08-16T20:43:05.061+0800][1.073s][debug][gc,alloc       ] Allocation Rate: 524.0MB/s, Predicted: 550.2MB/s, Avg: 260.2(+/-150.5)MB/s
[2024-08-16T20:43:05.061+0800][1.073s][debug][gc,director    ] Rule: Warmup 20%, Used: 358MB, UsedThreshold: 819MB
[2024-08-16T20:43:05.061+0800][1.073s][debug][gc,director    ] Select GC Workers (Not Warm), GCWorkers: 4.000
[2024-08-16T20:43:05.061+0800][1.073s][debug][gc,director    ] Rule: Allocation Rate (Dynamic GC Workers), MaxAllocRate: 1045.6MB/s (+/-57.9%), Free: 3698MB, GCCPUTime: 0.044, GCDuration: 0.018s, TimeUntilOOM: 2.241s, TimeUntilGC: 2.123s, GCWorkers: 4 -> 4
[2024-08-16T20:43:05.061+0800][1.073s][debug][gc,director    ] Rule: High Usage, Free: 3698MB(90.3%)
[2024-08-16T20:43:05.162+0800][1.173s][debug][gc,alloc       ] Allocation Rate: 588.0MB/s, Predicted: 623.3MB/s, Avg: 293.0(+/-173.4)MB/s
[2024-08-16T20:43:05.162+0800][1.174s][debug][gc,director    ] Rule: Warmup 20%, Used: 422MB, UsedThreshold: 819MB
[2024-08-16T20:43:05.162+0800][1.174s][debug][gc,director    ] Select GC Workers (Not Warm), GCWorkers: 4.000
[2024-08-16T20:43:05.162+0800][1.174s][debug][gc,director    ] Rule: Allocation Rate (Dynamic GC Workers), MaxAllocRate: 1193.9MB/s (+/-59.2%), Free: 3634MB, GCCPUTime: 0.044, GCDuration: 0.018s, TimeUntilOOM: 1.912s, TimeUntilGC: 1.795s, GCWorkers: 4 -> 4
[2024-08-16T20:43:05.162+0800][1.174s][debug][gc,director    ] Rule: High Usage, Free: 3634MB(88.7%)
[2024-08-16T20:43:05.262+0800][1.274s][debug][gc,alloc       ] Allocation Rate: 616.0MB/s, Predicted: 684.0MB/s, Avg: 351.0(+/-174.7)MB/s
[2024-08-16T20:43:05.262+0800][1.274s][debug][gc,director    ] Rule: Warmup 20%, Used: 486MB, UsedThreshold: 819MB
[2024-08-16T20:43:05.262+0800][1.274s][debug][gc,director    ] Select GC Workers (Not Warm), GCWorkers: 4.000
[2024-08-16T20:43:05.262+0800][1.274s][debug][gc,director    ] Rule: Allocation Rate (Dynamic GC Workers), MaxAllocRate: 1258.9MB/s (+/-49.8%), Free: 3570MB, GCCPUTime: 0.044, GCDuration: 0.018s, TimeUntilOOM: 1.893s, TimeUntilGC: 1.776s, GCWorkers: 4 -> 4
[2024-08-16T20:43:05.262+0800][1.274s][debug][gc,director    ] Rule: High Usage, Free: 3570MB(87.2%)
[2024-08-16T20:43:05.362+0800][1.373s][debug][gc,alloc       ] Allocation Rate: 582.0MB/s, Predicted: 710.0MB/s, Avg: 399.0(+/-165.4)MB/s
[2024-08-16T20:43:05.362+0800][1.374s][debug][gc,director    ] Rule: Warmup 20%, Used: 518MB, UsedThreshold: 819MB
[2024-08-16T20:43:05.362+0800][1.374s][debug][gc,director    ] Select GC Workers (Not Warm), GCWorkers: 4.000
[2024-08-16T20:43:05.362+0800][1.374s][debug][gc,director    ] Rule: Allocation Rate (Dynamic GC Workers), MaxAllocRate: 1254.3MB/s (+/-41.5%), Free: 3538MB, GCCPUTime: 0.044, GCDuration: 0.018s, TimeUntilOOM: 1.994s, TimeUntilGC: 1.877s, GCWorkers: 4 -> 4
[2024-08-16T20:43:05.362+0800][1.374s][debug][gc,director    ] Rule: High Usage, Free: 3538MB(86.4%)
[2024-08-16T20:43:05.462+0800][1.474s][debug][gc,alloc       ] Allocation Rate: 614.0MB/s, Predicted: 725.3MB/s, Avg: 447.0(+/-150.5)MB/s
[2024-08-16T20:43:05.462+0800][1.474s][debug][gc,director    ] Rule: Warmup 20%, Used: 582MB, UsedThreshold: 819MB
[2024-08-16T20:43:05.462+0800][1.474s][debug][gc,director    ] Select GC Workers (Not Warm), GCWorkers: 4.000
[2024-08-16T20:43:05.462+0800][1.474s][debug][gc,director    ] Rule: Allocation Rate (Dynamic GC Workers), MaxAllocRate: 1220.6MB/s (+/-33.7%), Free: 3474MB, GCCPUTime: 0.044, GCDuration: 0.018s, TimeUntilOOM: 2.129s, TimeUntilGC: 2.012s, GCWorkers: 4 -> 4
[2024-08-16T20:43:05.462+0800][1.474s][debug][gc,director    ] Rule: High Usage, Free: 3474MB(84.8%)
[2024-08-16T20:43:05.562+0800][1.574s][debug][gc,alloc       ] Allocation Rate: 584.0MB/s, Predicted: 713.7MB/s, Avg: 485.6(+/-129.8)MB/s
[2024-08-16T20:43:05.562+0800][1.574s][debug][gc,director    ] Rule: Warmup 20%, Used: 648MB, UsedThreshold: 819MB
[2024-08-16T20:43:05.562+0800][1.574s][debug][gc,director    ] Select GC Workers (Not Warm), GCWorkers: 4.000
[2024-08-16T20:43:05.562+0800][1.574s][debug][gc,director    ] Rule: Allocation Rate (Dynamic GC Workers), MaxAllocRate: 1140.8MB/s (+/-26.7%), Free: 3408MB, GCCPUTime: 0.044, GCDuration: 0.018s, TimeUntilOOM: 2.357s, TimeUntilGC: 2.240s, GCWorkers: 4 -> 4
[2024-08-16T20:43:05.562+0800][1.574s][debug][gc,director    ] Rule: High Usage, Free: 3408MB(83.2%)
[2024-08-16T20:43:05.662+0800][1.673s][debug][gc,alloc       ] Allocation Rate: 584.0MB/s, Predicted: 693.5MB/s, Avg: 517.8(+/-108.5)MB/s
[2024-08-16T20:43:05.662+0800][1.673s][debug][gc,director    ] Rule: Warmup 20%, Used: 680MB, UsedThreshold: 819MB
[2024-08-16T20:43:05.662+0800][1.673s][debug][gc,director    ] Select GC Workers (Not Warm), GCWorkers: 4.000
[2024-08-16T20:43:05.662+0800][1.673s][debug][gc,director    ] Rule: Allocation Rate (Dynamic GC Workers), MaxAllocRate: 1050.6MB/s (+/-21.0%), Free: 3376MB, GCCPUTime: 0.044, GCDuration: 0.018s, TimeUntilOOM: 2.657s, TimeUntilGC: 2.539s, GCWorkers: 4 -> 4
[2024-08-16T20:43:05.662+0800][1.673s][debug][gc,director    ] Rule: High Usage, Free: 3376MB(82.4%)
[2024-08-16T20:43:05.762+0800][1.774s][debug][gc,alloc       ] Allocation Rate: 580.0MB/s, Predicted: 659.7MB/s, Avg: 546.0(+/-80.9)MB/s
[2024-08-16T20:43:05.762+0800][1.774s][debug][gc,director    ] Rule: Warmup 20%, Used: 712MB, UsedThreshold: 819MB
[2024-08-16T20:43:05.762+0800][1.774s][debug][gc,director    ] Select GC Workers (Not Warm), GCWorkers: 4.000
[2024-08-16T20:43:05.762+0800][1.774s][debug][gc,director    ] Rule: Allocation Rate (Dynamic GC Workers), MaxAllocRate: 925.8MB/s (+/-14.8%), Free: 3344MB, GCCPUTime: 0.044, GCDuration: 0.018s, TimeUntilOOM: 3.146s, TimeUntilGC: 3.029s, GCWorkers: 4 -> 4
[2024-08-16T20:43:05.762+0800][1.774s][debug][gc,director    ] Rule: High Usage, Free: 3344MB(81.6%)
[2024-08-16T20:43:05.862+0800][1.874s][debug][gc,alloc       ] Allocation Rate: 580.0MB/s, Predicted: 624.3MB/s, Avg: 567.8(+/-52.8)MB/s
[2024-08-16T20:43:05.862+0800][1.874s][debug][gc,director    ] Rule: Warmup 20%, Used: 776MB, UsedThreshold: 819MB
[2024-08-16T20:43:05.862+0800][1.874s][debug][gc,director    ] Select GC Workers (Not Warm), GCWorkers: 4.000
[2024-08-16T20:43:05.862+0800][1.874s][debug][gc,director    ] Rule: Allocation Rate (Dynamic GC Workers), MaxAllocRate: 798.1MB/s (+/-9.3%), Free: 3280MB, GCCPUTime: 0.044, GCDuration: 0.018s, TimeUntilOOM: 3.760s, TimeUntilGC: 3.642s, GCWorkers: 4 -> 4
[2024-08-16T20:43:05.862+0800][1.874s][debug][gc,director    ] Rule: High Usage, Free: 3280MB(80.1%)
[2024-08-16T20:43:05.962+0800][1.974s][debug][gc,alloc       ] Allocation Rate: 548.0MB/s, Predicted: 578.5MB/s, Avg: 580.0(+/-25.9)MB/s
[2024-08-16T20:43:05.962+0800][1.974s][debug][gc,director    ] Rule: Warmup 20%, Used: 808MB, UsedThreshold: 819MB
[2024-08-16T20:43:05.962+0800][1.974s][debug][gc,director    ] Select GC Workers (Not Warm), GCWorkers: 4.000
[2024-08-16T20:43:05.962+0800][1.974s][debug][gc,director    ] Rule: Allocation Rate (Dynamic GC Workers), MaxAllocRate: 665.2MB/s (+/-4.5%), Free: 3248MB, GCCPUTime: 0.044, GCDuration: 0.018s, TimeUntilOOM: 4.674s, TimeUntilGC: 4.556s, GCWorkers: 4 -> 4
[2024-08-16T20:43:05.962+0800][1.974s][debug][gc,director    ] Rule: High Usage, Free: 3248MB(79.3%)
[2024-08-16T20:43:06.062+0800][2.073s][debug][gc,alloc       ] Allocation Rate: 514.0MB/s, Predicted: 537.2MB/s, Avg: 579.0(+/-28.1)MB/s
[2024-08-16T20:43:06.062+0800][2.074s][debug][gc,director    ] Rule: Warmup 20%, Used: 872MB, UsedThreshold: 819MB
[2024-08-16T20:43:06.062+0800][2.074s][debug][gc,heap        ] GC(1) Heap before GC invocations=1 (full 1):
[2024-08-16T20:43:06.062+0800][2.074s][debug][gc,heap        ] GC(1)  ZHeap           used 872M, capacity 896M, max capacity 4096M
[2024-08-16T20:43:06.062+0800][2.074s][debug][gc,heap        ] GC(1)  Metaspace       used 841K, committed 960K, reserved 1114112K
[2024-08-16T20:43:06.062+0800][2.074s][debug][gc,heap        ] GC(1)   class space    used 63K, committed 128K, reserved 1048576K
[2024-08-16T20:43:06.062+0800][2.074s][info ][gc,start       ] GC(1) Garbage Collection (Warmup)
[2024-08-16T20:43:06.062+0800][2.074s][info ][gc,task        ] GC(1) Using 4 workers
[2024-08-16T20:43:06.063+0800][2.075s][debug][gc,phases,start] GC(1) Pause Mark Start
[2024-08-16T20:43:06.063+0800][2.075s][debug][gc,marking     ] GC(1) Using 4 mark stripes
[2024-08-16T20:43:06.063+0800][2.075s][debug][gc,marking     ] GC(1) Mark Worker/Stripe Distribution
[2024-08-16T20:43:06.063+0800][2.075s][debug][gc,marking     ] GC(1)   Worker 0(4) -> Stripe 0(4)
[2024-08-16T20:43:06.063+0800][2.075s][debug][gc,marking     ] GC(1)   Worker 1(4) -> Stripe 1(4)
[2024-08-16T20:43:06.063+0800][2.075s][debug][gc,marking     ] GC(1)   Worker 2(4) -> Stripe 2(4)
[2024-08-16T20:43:06.063+0800][2.075s][debug][gc,marking     ] GC(1)   Worker 3(4) -> Stripe 3(4)
[2024-08-16T20:43:06.063+0800][2.075s][info ][gc,phases      ] GC(1) Pause Mark Start 0.447ms
[2024-08-16T20:43:06.064+0800][2.075s][debug][gc,phases,start] GC(1) Concurrent Mark
[2024-08-16T20:43:06.064+0800][2.075s][debug][gc,task        ] GC(1) Executing Task: ZMarkRootsTask, Active Workers: 4
[2024-08-16T20:43:06.064+0800][2.076s][debug][gc,phases,start] GC(1) Concurrent Roots OopStorageSet (ZWorker#0)
[2024-08-16T20:43:06.064+0800][2.076s][debug][gc,phases      ] GC(1) Concurrent Roots OopStorageSet (ZWorker#0) 0.081ms
[2024-08-16T20:43:06.064+0800][2.076s][debug][gc,phases,start] GC(1) Concurrent Roots ClassLoaderDataGraph (ZWorker#0)
[2024-08-16T20:43:06.064+0800][2.076s][debug][gc,phases,start] GC(1) Concurrent Roots ClassLoaderDataGraph (ZWorker#2)
[2024-08-16T20:43:06.064+0800][2.076s][debug][gc,phases      ] GC(1) Concurrent Roots ClassLoaderDataGraph (ZWorker#2) 0.041ms
[2024-08-16T20:43:06.064+0800][2.076s][debug][gc,phases,start] GC(1) Concurrent Roots ClassLoaderDataGraph (ZWorker#3)
[2024-08-16T20:43:06.064+0800][2.076s][debug][gc,phases      ] GC(1) Concurrent Roots ClassLoaderDataGraph (ZWorker#3) 0.087ms
[2024-08-16T20:43:06.064+0800][2.076s][debug][gc,phases,start] GC(1) Concurrent Roots JavaThreads (ZWorker#3)
[2024-08-16T20:43:06.064+0800][2.076s][debug][gc,phases,start] GC(1) Concurrent Roots JavaThreads (ZWorker#1)
[2024-08-16T20:43:06.064+0800][2.076s][debug][gc,phases,start] GC(1) Concurrent Roots JavaThreads (ZWorker#2)
[2024-08-16T20:43:06.064+0800][2.076s][debug][gc,phases      ] GC(1) Concurrent Roots JavaThreads (ZWorker#3) 0.098ms
[2024-08-16T20:43:06.064+0800][2.076s][debug][gc,phases      ] GC(1) Concurrent Roots JavaThreads (ZWorker#2) 0.172ms
[2024-08-16T20:43:06.064+0800][2.076s][debug][gc,phases      ] GC(1) Concurrent Roots JavaThreads (ZWorker#1) 0.180ms
[2024-08-16T20:43:06.064+0800][2.076s][debug][gc,phases      ] GC(1) Concurrent Roots ClassLoaderDataGraph (ZWorker#0) 0.124ms
[2024-08-16T20:43:06.064+0800][2.076s][debug][gc,tlab        ] GC(1) TLAB totals: thrds: 1  refills: 14 max: 14 slow allocs: 549 max 549 waste: 14.2% gc: 94624B max: 94624B slow: 425624B max: 425624B
[2024-08-16T20:43:06.064+0800][2.076s][debug][gc,task        ] GC(1) Executing Task: ZMarkTask, Active Workers: 4
[2024-08-16T20:43:06.064+0800][2.076s][debug][gc,phases,start] GC(1) Concurrent Mark (ZWorker#3)
[2024-08-16T20:43:06.064+0800][2.076s][debug][gc,phases,start] GC(1) Concurrent Mark (ZWorker#2)
[2024-08-16T20:43:06.065+0800][2.076s][debug][gc,phases,start] GC(1) Concurrent Mark (ZWorker#0)
[2024-08-16T20:43:06.065+0800][2.076s][debug][gc,phases,start] GC(1) Concurrent Mark (ZWorker#1)
[2024-08-16T20:43:06.065+0800][2.077s][debug][gc,phases,start] GC(1) Concurrent Mark Try Flush (ZWorker#3)
[2024-08-16T20:43:06.065+0800][2.077s][debug][gc,phases,start] GC(1) Concurrent Mark Try Terminate (ZWorker#2)
[2024-08-16T20:43:06.065+0800][2.077s][debug][gc,phases,start] GC(1) Concurrent Mark Try Terminate (ZWorker#0)
[2024-08-16T20:43:06.065+0800][2.077s][debug][gc,phases,start] GC(1) Concurrent Mark Try Terminate (ZWorker#1)
[2024-08-16T20:43:06.065+0800][2.077s][debug][gc,phases      ] GC(1) Concurrent Mark Try Flush (ZWorker#3) 0.133ms
[2024-08-16T20:43:06.066+0800][2.078s][debug][gc,phases      ] GC(1) Concurrent Mark Try Terminate (ZWorker#2) 1.166ms
[2024-08-16T20:43:06.066+0800][2.078s][debug][gc,phases,start] GC(1) Concurrent Mark Try Terminate (ZWorker#2)
[2024-08-16T20:43:06.066+0800][2.078s][debug][gc,phases      ] GC(1) Concurrent Mark Try Terminate (ZWorker#1) 1.233ms
[2024-08-16T20:43:06.066+0800][2.078s][debug][gc,phases      ] GC(1) Concurrent Mark Try Terminate (ZWorker#0) 1.239ms
[2024-08-16T20:43:06.066+0800][2.078s][debug][gc,phases,start] GC(1) Concurrent Mark Try Terminate (ZWorker#0)
[2024-08-16T20:43:06.066+0800][2.078s][debug][gc,phases,start] GC(1) Concurrent Mark Try Terminate (ZWorker#1)
[2024-08-16T20:43:06.067+0800][2.079s][debug][gc,phases      ] GC(1) Concurrent Mark Try Terminate (ZWorker#2) 1.159ms
[2024-08-16T20:43:06.068+0800][2.079s][debug][gc,phases      ] GC(1) Concurrent Mark Try Terminate (ZWorker#1) 1.259ms
[2024-08-16T20:43:06.068+0800][2.079s][debug][gc,phases,start] GC(1) Concurrent Mark Try Terminate (ZWorker#1)
[2024-08-16T20:43:06.068+0800][2.079s][debug][gc,phases,start] GC(1) Concurrent Mark Try Terminate (ZWorker#2)
[2024-08-16T20:43:06.067+0800][2.079s][debug][gc,phases      ] GC(1) Concurrent Mark Try Terminate (ZWorker#0) 1.185ms
[2024-08-16T20:43:06.068+0800][2.079s][debug][gc,phases,start] GC(1) Concurrent Mark Try Terminate (ZWorker#0)
[2024-08-16T20:43:06.068+0800][2.080s][debug][gc,phases,start] GC(1) Concurrent Mark Try Flush (ZWorker#3)
[2024-08-16T20:43:06.069+0800][2.081s][debug][gc,phases      ] GC(1) Concurrent Mark Try Terminate (ZWorker#1) 1.258ms
[2024-08-16T20:43:06.069+0800][2.081s][debug][gc,phases,start] GC(1) Concurrent Mark Try Terminate (ZWorker#1)
[2024-08-16T20:43:06.069+0800][2.081s][debug][gc,phases      ] GC(1) Concurrent Mark Try Terminate (ZWorker#0) 1.153ms
[2024-08-16T20:43:06.069+0800][2.081s][debug][gc,phases,start] GC(1) Concurrent Mark Try Terminate (ZWorker#0)
[2024-08-16T20:43:06.069+0800][2.081s][debug][gc,phases      ] GC(1) Concurrent Mark Try Terminate (ZWorker#2) 1.295ms
[2024-08-16T20:43:06.069+0800][2.081s][debug][gc,phases,start] GC(1) Concurrent Mark Try Terminate (ZWorker#2)
[2024-08-16T20:43:06.070+0800][2.082s][debug][gc,phases      ] GC(1) Concurrent Mark Try Terminate (ZWorker#2) 1.089ms
[2024-08-16T20:43:06.070+0800][2.082s][debug][gc,phases,start] GC(1) Concurrent Mark Try Terminate (ZWorker#2)
[2024-08-16T20:43:06.070+0800][2.082s][debug][gc,phases      ] GC(1) Concurrent Mark Try Terminate (ZWorker#0) 1.226ms
[2024-08-16T20:43:06.070+0800][2.082s][debug][gc,phases,start] GC(1) Concurrent Mark Try Terminate (ZWorker#0)
[2024-08-16T20:43:06.070+0800][2.082s][debug][gc,phases      ] GC(1) Concurrent Mark Try Terminate (ZWorker#1) 1.272ms
[2024-08-16T20:43:06.070+0800][2.082s][debug][gc,phases,start] GC(1) Concurrent Mark Try Terminate (ZWorker#1)
[2024-08-16T20:43:06.071+0800][2.083s][debug][gc,phases      ] GC(1) Concurrent Mark Try Terminate (ZWorker#2) 1.075ms
[2024-08-16T20:43:06.071+0800][2.083s][debug][gc,phases,start] GC(1) Concurrent Mark Try Terminate (ZWorker#2)
[2024-08-16T20:43:06.071+0800][2.083s][debug][gc,phases      ] GC(1) Concurrent Mark Try Terminate (ZWorker#1) 1.131ms
[2024-08-16T20:43:06.071+0800][2.083s][debug][gc,phases,start] GC(1) Concurrent Mark Try Terminate (ZWorker#1)
[2024-08-16T20:43:06.071+0800][2.083s][debug][gc,phases      ] GC(1) Concurrent Mark Try Terminate (ZWorker#0) 1.214ms
[2024-08-16T20:43:06.071+0800][2.083s][debug][gc,phases,start] GC(1) Concurrent Mark Try Terminate (ZWorker#0)
[2024-08-16T20:43:06.072+0800][2.084s][debug][gc,phases      ] GC(1) Concurrent Mark Try Terminate (ZWorker#2) 1.080ms
[2024-08-16T20:43:06.072+0800][2.084s][debug][gc,phases,start] GC(1) Concurrent Mark Try Terminate (ZWorker#2)
[2024-08-16T20:43:06.072+0800][2.084s][debug][gc,phases      ] GC(1) Concurrent Mark Try Terminate (ZWorker#1) 1.137ms
[2024-08-16T20:43:06.072+0800][2.084s][debug][gc,phases,start] GC(1) Concurrent Mark Try Terminate (ZWorker#1)
[2024-08-16T20:43:06.073+0800][2.084s][debug][gc,phases      ] GC(1) Concurrent Mark Try Terminate (ZWorker#0) 1.168ms
[2024-08-16T20:43:06.073+0800][2.084s][debug][gc,phases,start] GC(1) Concurrent Mark Try Terminate (ZWorker#0)
[2024-08-16T20:43:06.073+0800][2.085s][debug][gc,phases      ] GC(1) Concurrent Mark Try Terminate (ZWorker#2) 1.177ms
[2024-08-16T20:43:06.073+0800][2.085s][debug][gc,phases,start] GC(1) Concurrent Mark Try Terminate (ZWorker#2)
[2024-08-16T20:43:06.074+0800][2.085s][debug][gc,phases      ] GC(1) Concurrent Mark Try Terminate (ZWorker#1) 1.100ms
[2024-08-16T20:43:06.074+0800][2.085s][debug][gc,phases,start] GC(1) Concurrent Mark Try Terminate (ZWorker#1)
[2024-08-16T20:43:06.074+0800][2.086s][debug][gc,phases      ] GC(1) Concurrent Mark Try Terminate (ZWorker#0) 1.106ms
[2024-08-16T20:43:06.074+0800][2.086s][debug][gc,phases,start] GC(1) Concurrent Mark Try Terminate (ZWorker#0)
[2024-08-16T20:43:06.075+0800][2.086s][debug][gc,phases      ] GC(1) Concurrent Mark Try Terminate (ZWorker#2) 1.147ms
[2024-08-16T20:43:06.075+0800][2.086s][debug][gc,phases,start] GC(1) Concurrent Mark Try Terminate (ZWorker#2)
[2024-08-16T20:43:06.075+0800][2.087s][debug][gc,phases      ] GC(1) Concurrent Mark Try Terminate (ZWorker#1) 1.134ms
[2024-08-16T20:43:06.075+0800][2.087s][debug][gc,phases,start] GC(1) Concurrent Mark Try Terminate (ZWorker#1)
[2024-08-16T20:43:06.075+0800][2.087s][debug][gc,phases      ] GC(1) Concurrent Mark Try Terminate (ZWorker#0) 1.136ms
[2024-08-16T20:43:06.075+0800][2.087s][debug][gc,phases,start] GC(1) Concurrent Mark Try Terminate (ZWorker#0)
[2024-08-16T20:43:06.076+0800][2.088s][debug][gc,phases      ] GC(1) Concurrent Mark Try Terminate (ZWorker#2) 1.098ms
[2024-08-16T20:43:06.076+0800][2.088s][debug][gc,phases,start] GC(1) Concurrent Mark Try Terminate (ZWorker#2)
[2024-08-16T20:43:06.076+0800][2.088s][debug][gc,phases      ] GC(1) Concurrent Mark Try Terminate (ZWorker#1) 1.080ms
[2024-08-16T20:43:06.076+0800][2.088s][debug][gc,phases,start] GC(1) Concurrent Mark Try Terminate (ZWorker#1)
[2024-08-16T20:43:06.076+0800][2.088s][debug][gc,phases      ] GC(1) Concurrent Mark Try Terminate (ZWorker#0) 1.101ms
[2024-08-16T20:43:06.076+0800][2.088s][debug][gc,phases,start] GC(1) Concurrent Mark Try Terminate (ZWorker#0)
[2024-08-16T20:43:06.077+0800][2.089s][debug][gc,phases      ] GC(1) Concurrent Mark Try Terminate (ZWorker#2) 1.150ms
[2024-08-16T20:43:06.077+0800][2.089s][debug][gc,phases,start] GC(1) Concurrent Mark Try Terminate (ZWorker#2)
[2024-08-16T20:43:06.077+0800][2.089s][debug][gc,phases      ] GC(1) Concurrent Mark Try Terminate (ZWorker#1) 1.131ms
[2024-08-16T20:43:06.077+0800][2.089s][debug][gc,phases,start] GC(1) Concurrent Mark Try Terminate (ZWorker#1)
[2024-08-16T20:43:06.077+0800][2.089s][debug][gc,phases      ] GC(1) Concurrent Mark Try Terminate (ZWorker#0) 1.093ms
[2024-08-16T20:43:06.077+0800][2.089s][debug][gc,phases,start] GC(1) Concurrent Mark Try Terminate (ZWorker#0)
[2024-08-16T20:43:06.078+0800][2.089s][debug][gc,phases      ] GC(1) Concurrent Mark Try Flush (ZWorker#3) 9.704ms
[2024-08-16T20:43:06.078+0800][2.089s][debug][gc,phases,start] GC(1) Concurrent Mark Try Flush (ZWorker#3)
[2024-08-16T20:43:06.078+0800][2.089s][debug][gc,phases      ] GC(1) Concurrent Mark Try Flush (ZWorker#3) 0.067ms
[2024-08-16T20:43:06.078+0800][2.089s][debug][gc,phases,start] GC(1) Concurrent Mark Try Terminate (ZWorker#3)
[2024-08-16T20:43:06.078+0800][2.089s][debug][gc,phases,start] GC(1) Concurrent Mark Try Flush (ZWorker#3)
[2024-08-16T20:43:06.078+0800][2.089s][debug][gc,phases      ] GC(1) Concurrent Mark Try Flush (ZWorker#3) 0.048ms
[2024-08-16T20:43:06.078+0800][2.089s][debug][gc,phases      ] GC(1) Concurrent Mark Try Terminate (ZWorker#3) 0.061ms
[2024-08-16T20:43:06.078+0800][2.089s][debug][gc,phases,start] GC(1) Concurrent Mark Try Terminate (ZWorker#3)
[2024-08-16T20:43:06.078+0800][2.089s][debug][gc,phases      ] GC(1) Concurrent Mark Try Terminate (ZWorker#3) 0.005ms
[2024-08-16T20:43:06.078+0800][2.089s][debug][gc,phases      ] GC(1) Concurrent Mark (ZWorker#3) 13.275ms
[2024-08-16T20:43:06.078+0800][2.090s][debug][gc,phases      ] GC(1) Concurrent Mark Try Terminate (ZWorker#2) 1.141ms
[2024-08-16T20:43:06.078+0800][2.090s][debug][gc,phases      ] GC(1) Concurrent Mark (ZWorker#2) 13.684ms
[2024-08-16T20:43:06.078+0800][2.090s][debug][gc,phases      ] GC(1) Concurrent Mark Try Terminate (ZWorker#1) 1.090ms
[2024-08-16T20:43:06.078+0800][2.090s][debug][gc,phases      ] GC(1) Concurrent Mark (ZWorker#1) 13.664ms
[2024-08-16T20:43:06.078+0800][2.090s][debug][gc,phases      ] GC(1) Concurrent Mark Try Terminate (ZWorker#0) 1.127ms
[2024-08-16T20:43:06.078+0800][2.090s][debug][gc,phases      ] GC(1) Concurrent Mark (ZWorker#0) 13.825ms
[2024-08-16T20:43:06.078+0800][2.090s][info ][gc,phases      ] GC(1) Concurrent Mark 14.832ms
[2024-08-16T20:43:06.078+0800][2.090s][debug][gc,phases,start] GC(1) Pause Mark End
[2024-08-16T20:43:06.078+0800][2.090s][info ][gc,phases      ] GC(1) Pause Mark End 0.018ms
[2024-08-16T20:43:06.078+0800][2.090s][debug][gc,phases,start] GC(1) Concurrent Mark Free
[2024-08-16T20:43:06.078+0800][2.090s][info ][gc,phases      ] GC(1) Concurrent Mark Free 0.009ms
[2024-08-16T20:43:06.078+0800][2.090s][debug][gc,phases,start] GC(1) Concurrent Process Non-Strong References
[2024-08-16T20:43:06.078+0800][2.090s][debug][gc,phases,start] GC(1) Concurrent References Process (ZDriver)
[2024-08-16T20:43:06.078+0800][2.090s][debug][gc,task        ] GC(1) Executing Task: ZReferenceProcessorTask, Active Workers: 4
[2024-08-16T20:43:06.079+0800][2.090s][debug][gc,phases      ] GC(1) Concurrent References Process (ZDriver) 0.052ms
[2024-08-16T20:43:06.079+0800][2.090s][debug][gc,task        ] GC(1) Executing Task: ZProcessWeakRootsTask, Active Workers: 4
[2024-08-16T20:43:06.079+0800][2.090s][debug][gc,phases,start] GC(1) Concurrent Weak Roots OopStorageSet (ZWorker#3)
[2024-08-16T20:43:06.079+0800][2.090s][debug][gc,phases,start] GC(1) Concurrent Weak Roots OopStorageSet (ZWorker#2)
[2024-08-16T20:43:06.079+0800][2.090s][debug][gc,phases,start] GC(1) Concurrent Weak Roots OopStorageSet (ZWorker#1)
[2024-08-16T20:43:06.079+0800][2.090s][debug][gc,phases      ] GC(1) Concurrent Weak Roots OopStorageSet (ZWorker#1) 0.027ms
[2024-08-16T20:43:06.079+0800][2.090s][debug][gc,phases      ] GC(1) Concurrent Weak Roots OopStorageSet (ZWorker#3) 0.061ms
[2024-08-16T20:43:06.079+0800][2.090s][debug][gc,phases      ] GC(1) Concurrent Weak Roots OopStorageSet (ZWorker#2) 0.049ms
[2024-08-16T20:43:06.079+0800][2.091s][debug][gc,phases,start] GC(1) Concurrent Classes Unlink (ZDriver)
[2024-08-16T20:43:06.079+0800][2.091s][debug][gc,phases,start] GC(1) ClassLoaderData
[2024-08-16T20:43:06.079+0800][2.091s][debug][gc,phases      ] GC(1) ClassLoaderData 0.007ms
[2024-08-16T20:43:06.079+0800][2.091s][debug][gc,phases,start] GC(1) Trigger cleanups
[2024-08-16T20:43:06.079+0800][2.091s][debug][gc,phases      ] GC(1) Trigger cleanups 0.004ms
[2024-08-16T20:43:06.079+0800][2.091s][debug][gc,task        ] GC(1) Executing Task: ZNMethodUnlinkTask, Active Workers: 4
[2024-08-16T20:43:06.079+0800][2.091s][debug][gc,phases      ] GC(1) Concurrent Classes Unlink (ZDriver) 0.251ms
[2024-08-16T20:43:06.079+0800][2.091s][debug][gc,phases,start] GC(1) Concurrent Classes Purge (ZDriver)
[2024-08-16T20:43:06.079+0800][2.091s][debug][gc,task        ] GC(1) Executing Task: ZNMethodPurgeTask, Active Workers: 4
[2024-08-16T20:43:06.079+0800][2.091s][debug][gc,phases      ] GC(1) Concurrent Classes Purge (ZDriver) 0.073ms
[2024-08-16T20:43:06.079+0800][2.091s][debug][gc,phases,start] GC(1) Concurrent References Enqueue (ZDriver)
[2024-08-16T20:43:06.079+0800][2.091s][debug][gc,phases      ] GC(1) Concurrent References Enqueue (ZDriver) 0.006ms
[2024-08-16T20:43:06.079+0800][2.091s][info ][gc,phases      ] GC(1) Concurrent Process Non-Strong References 0.765ms
[2024-08-16T20:43:06.079+0800][2.091s][debug][gc,phases,start] GC(1) Concurrent Reset Relocation Set
[2024-08-16T20:43:06.079+0800][2.091s][info ][gc,phases      ] GC(1) Concurrent Reset Relocation Set 0.006ms
[2024-08-16T20:43:06.079+0800][2.091s][debug][gc,phases,start] GC(1) Concurrent Select Relocation Set
[2024-08-16T20:43:06.080+0800][2.092s][debug][gc,task        ] GC(1) Executing Task: ZRelocationSetInstallTask, Active Workers: 4
[2024-08-16T20:43:06.080+0800][2.092s][info ][gc,phases      ] GC(1) Concurrent Select Relocation Set 0.897ms
[2024-08-16T20:43:06.080+0800][2.092s][debug][gc,phases,start] GC(1) Pause Relocate Start
[2024-08-16T20:43:06.080+0800][2.092s][info ][gc,phases      ] GC(1) Pause Relocate Start 0.030ms
[2024-08-16T20:43:06.081+0800][2.092s][debug][gc,phases,start] GC(1) Concurrent Relocate
[2024-08-16T20:43:06.081+0800][2.092s][debug][gc,task        ] GC(1) Executing Task: ZRelocateTask, Active Workers: 4
[2024-08-16T20:43:06.086+0800][2.097s][info ][gc,phases      ] GC(1) Concurrent Relocate 5.024ms
[2024-08-16T20:43:06.086+0800][2.097s][debug][gc,heap        ] GC(1) Heap after GC invocations=2 (full 2):
[2024-08-16T20:43:06.086+0800][2.097s][debug][gc,heap        ] GC(1)  ZHeap           used 548M, capacity 928M, max capacity 4096M
[2024-08-16T20:43:06.086+0800][2.097s][debug][gc,heap        ] GC(1)  Metaspace       used 841K, committed 960K, reserved 1114112K
[2024-08-16T20:43:06.086+0800][2.097s][debug][gc,heap        ] GC(1)   class space    used 63K, committed 128K, reserved 1048576K
[2024-08-16T20:43:06.086+0800][2.097s][info ][gc,load        ] GC(1) Load: 1.95/0.56/0.18
[2024-08-16T20:43:06.086+0800][2.097s][info ][gc,mmu         ] GC(1) MMU: 2ms/77.6%, 5ms/91.1%, 10ms/95.5%, 20ms/97.5%, 50ms/99.0%, 100ms/99.5%
[2024-08-16T20:43:06.086+0800][2.097s][info ][gc,marking     ] GC(1) Mark: 4 stripe(s), 3 proactive flush(es), 1 terminate flush(es), 0 completion(s), 0 continuation(s) 
[2024-08-16T20:43:06.086+0800][2.097s][info ][gc,marking     ] GC(1) Mark Stack Usage: 32M
[2024-08-16T20:43:06.086+0800][2.097s][info ][gc,nmethod     ] GC(1) NMethods: 494 registered, 0 unregistered
[2024-08-16T20:43:06.086+0800][2.097s][info ][gc,metaspace   ] GC(1) Metaspace: 0M used, 0M committed, 1088M reserved
[2024-08-16T20:43:06.086+0800][2.097s][info ][gc,ref         ] GC(1) Soft: 104 encountered, 0 discovered, 0 enqueued
[2024-08-16T20:43:06.086+0800][2.097s][info ][gc,ref         ] GC(1) Weak: 193 encountered, 82 discovered, 0 enqueued
[2024-08-16T20:43:06.086+0800][2.097s][info ][gc,ref         ] GC(1) Final: 0 encountered, 0 discovered, 0 enqueued
[2024-08-16T20:43:06.086+0800][2.097s][info ][gc,ref         ] GC(1) Phantom: 1 encountered, 0 discovered, 0 enqueued
[2024-08-16T20:43:06.086+0800][2.097s][info ][gc,reloc       ] GC(1) Small Pages: 4 / 8M, Empty: 2M, Relocated: 0M, In-Place: 0
[2024-08-16T20:43:06.086+0800][2.097s][info ][gc,reloc       ] GC(1) Medium Pages: 27 / 864M, Empty: 320M, Relocated: 20M, In-Place: 0
[2024-08-16T20:43:06.086+0800][2.097s][info ][gc,reloc       ] GC(1) Large Pages: 0 / 0M, Empty: 0M, Relocated: 0M, In-Place: 0
[2024-08-16T20:43:06.086+0800][2.097s][info ][gc,reloc       ] GC(1) Forwarding Usage: 0M
[2024-08-16T20:43:06.086+0800][2.097s][info ][gc,heap        ] GC(1) Min Capacity: 512M(12%)
[2024-08-16T20:43:06.086+0800][2.097s][info ][gc,heap        ] GC(1) Max Capacity: 4096M(100%)
[2024-08-16T20:43:06.086+0800][2.097s][info ][gc,heap        ] GC(1) Soft Max Capacity: 4096M(100%)
[2024-08-16T20:43:06.086+0800][2.097s][info ][gc,heap        ] GC(1)                Mark Start          Mark End        Relocate Start      Relocate End           High               Low         
[2024-08-16T20:43:06.086+0800][2.097s][info ][gc,heap        ] GC(1)  Capacity:      896M (22%)         928M (23%)         928M (23%)         928M (23%)         928M (23%)         896M (22%)    
[2024-08-16T20:43:06.086+0800][2.097s][info ][gc,heap        ] GC(1)      Free:     3224M (79%)        3190M (78%)        3512M (86%)        3548M (87%)        3548M (87%)        3190M (78%)    
[2024-08-16T20:43:06.086+0800][2.097s][info ][gc,heap        ] GC(1)      Used:      872M (21%)         906M (22%)         584M (14%)         548M (13%)         906M (22%)         548M (13%)    
[2024-08-16T20:43:06.086+0800][2.097s][info ][gc,heap        ] GC(1)      Live:         -               487M (12%)         487M (12%)         487M (12%)            -                  -          
[2024-08-16T20:43:06.086+0800][2.097s][info ][gc,heap        ] GC(1) Allocated:         -                34M (1%)           34M (1%)           33M (1%)             -                  -          
[2024-08-16T20:43:06.086+0800][2.097s][info ][gc,heap        ] GC(1)   Garbage:         -               384M (9%)           62M (2%)           26M (1%)             -                  -          
[2024-08-16T20:43:06.086+0800][2.098s][info ][gc,heap        ] GC(1) Reclaimed:         -                  -               322M (8%)          357M (9%)             -                  -          
[2024-08-16T20:43:06.086+0800][2.098s][info ][gc             ] GC(1) Garbage Collection (Warmup) 872M(21%)->548M(13%)
[2024-08-16T20:43:06.162+0800][2.174s][debug][gc,alloc       ] Allocation Rate: 516.0MB/s, Predicted: 514.4MB/s, Avg: 571.8(+/-33.6)MB/s
[2024-08-16T20:43:06.162+0800][2.174s][debug][gc,director    ] Rule: Warmup 30%, Used: 580MB, UsedThreshold: 1228MB
[2024-08-16T20:43:06.162+0800][2.174s][debug][gc,director    ] Select GC Workers (Not Warm), GCWorkers: 4.000
[2024-08-16T20:43:06.163+0800][2.174s][debug][gc,director    ] Rule: Allocation Rate (Dynamic GC Workers), MaxAllocRate: 682.4MB/s (+/-5.9%), Free: 3476MB, GCCPUTime: 0.151, GCDuration: 0.048s, TimeUntilOOM: 4.811s, TimeUntilGC: 4.663s, GCWorkers: 4 -> 4
[2024-08-16T20:43:06.163+0800][2.174s][debug][gc,director    ] Rule: High Usage, Free: 3476MB(84.9%)
[2024-08-16T20:43:06.262+0800][2.273s][debug][gc,alloc       ] Allocation Rate: 548.0MB/s, Predicted: 516.7MB/s, Avg: 565.0(+/-30.7)MB/s
[2024-08-16T20:43:06.262+0800][2.274s][debug][gc,director    ] Rule: Warmup 30%, Used: 676MB, UsedThreshold: 1228MB
[2024-08-16T20:43:06.262+0800][2.274s][debug][gc,director    ] Select GC Workers (Not Warm), GCWorkers: 4.000
[2024-08-16T20:43:06.262+0800][2.274s][debug][gc,director    ] Rule: Allocation Rate (Dynamic GC Workers), MaxAllocRate: 666.1MB/s (+/-5.4%), Free: 3380MB, GCCPUTime: 0.151, GCDuration: 0.048s, TimeUntilOOM: 4.813s, TimeUntilGC: 4.665s, GCWorkers: 4 -> 4
[2024-08-16T20:43:06.262+0800][2.274s][debug][gc,director    ] Rule: High Usage, Free: 3380MB(82.5%)
[2024-08-16T20:43:06.362+0800][2.374s][debug][gc,alloc       ] Allocation Rate: 580.0MB/s, Predicted: 527.2MB/s, Avg: 564.8(+/-30.6)MB/s
[2024-08-16T20:43:06.362+0800][2.374s][debug][gc,director    ] Rule: Warmup 30%, Used: 740MB, UsedThreshold: 1228MB
[2024-08-16T20:43:06.362+0800][2.374s][debug][gc,director    ] Select GC Workers (Not Warm), GCWorkers: 4.000
[2024-08-16T20:43:06.362+0800][2.374s][debug][gc,director    ] Rule: Allocation Rate (Dynamic GC Workers), MaxAllocRate: 665.6MB/s (+/-5.4%), Free: 3316MB, GCCPUTime: 0.151, GCDuration: 0.048s, TimeUntilOOM: 4.726s, TimeUntilGC: 4.578s, GCWorkers: 4 -> 4
[2024-08-16T20:43:06.362+0800][2.374s][debug][gc,director    ] Rule: High Usage, Free: 3316MB(81.0%)
[2024-08-16T20:43:06.462+0800][2.474s][debug][gc,alloc       ] Allocation Rate: 612.0MB/s, Predicted: 559.2MB/s, Avg: 564.6(+/-30.3)MB/s
[2024-08-16T20:43:06.463+0800][2.474s][debug][gc,director    ] Rule: Warmup 30%, Used: 836MB, UsedThreshold: 1228MB
[2024-08-16T20:43:06.463+0800][2.474s][debug][gc,director    ] Select GC Workers (Not Warm), GCWorkers: 4.000
[2024-08-16T20:43:06.463+0800][2.474s][debug][gc,director    ] Rule: Allocation Rate (Dynamic GC Workers), MaxAllocRate: 664.3MB/s (+/-5.4%), Free: 3220MB, GCCPUTime: 0.151, GCDuration: 0.048s, TimeUntilOOM: 4.600s, TimeUntilGC: 4.452s, GCWorkers: 4 -> 4
[2024-08-16T20:43:06.463+0800][2.474s][debug][gc,director    ] Rule: High Usage, Free: 3220MB(78.6%)
[2024-08-16T20:43:06.562+0800][2.574s][debug][gc,alloc       ] Allocation Rate: 644.0MB/s, Predicted: 596.1MB/s, Avg: 570.6(+/-38.4)MB/s
[2024-08-16T20:43:06.562+0800][2.574s][debug][gc,director    ] Rule: Warmup 30%, Used: 902MB, UsedThreshold: 1228MB
[2024-08-16T20:43:06.562+0800][2.574s][debug][gc,director    ] Select GC Workers (Not Warm), GCWorkers: 4.000
[2024-08-16T20:43:06.562+0800][2.574s][debug][gc,director    ] Rule: Allocation Rate (Dynamic GC Workers), MaxAllocRate: 722.5MB/s (+/-6.7%), Free: 3154MB, GCCPUTime: 0.151, GCDuration: 0.048s, TimeUntilOOM: 4.090s, TimeUntilGC: 3.942s, GCWorkers: 4 -> 4
[2024-08-16T20:43:06.562+0800][2.574s][debug][gc,director    ] Rule: High Usage, Free: 3154MB(77.0%)
[2024-08-16T20:43:06.661+0800][2.673s][debug][gc,alloc       ] Allocation Rate: 644.0MB/s, Predicted: 629.1MB/s, Avg: 576.6(+/-44.3)MB/s
[2024-08-16T20:43:06.662+0800][2.673s][debug][gc,director    ] Rule: Warmup 30%, Used: 966MB, UsedThreshold: 1228MB
[2024-08-16T20:43:06.662+0800][2.673s][debug][gc,director    ] Select GC Workers (Not Warm), GCWorkers: 4.000
[2024-08-16T20:43:06.662+0800][2.673s][debug][gc,director    ] Rule: Allocation Rate (Dynamic GC Workers), MaxAllocRate: 774.7MB/s (+/-7.7%), Free: 3090MB, GCCPUTime: 0.151, GCDuration: 0.048s, TimeUntilOOM: 3.704s, TimeUntilGC: 3.556s, GCWorkers: 4 -> 4
[2024-08-16T20:43:06.662+0800][2.673s][debug][gc,director    ] Rule: High Usage, Free: 3090MB(75.4%)
[2024-08-16T20:43:06.762+0800][2.773s][debug][gc,alloc       ] Allocation Rate: 644.0MB/s, Predicted: 656.9MB/s, Avg: 583.0(+/-48.7)MB/s
[2024-08-16T20:43:06.762+0800][2.774s][debug][gc,director    ] Rule: Warmup 30%, Used: 998MB, UsedThreshold: 1228MB
[2024-08-16T20:43:06.762+0800][2.774s][debug][gc,director    ] Select GC Workers (Not Warm), GCWorkers: 4.000
[2024-08-16T20:43:06.762+0800][2.774s][debug][gc,director    ] Rule: Allocation Rate (Dynamic GC Workers), MaxAllocRate: 817.2MB/s (+/-8.4%), Free: 3058MB, GCCPUTime: 0.151, GCDuration: 0.048s, TimeUntilOOM: 3.454s, TimeUntilGC: 3.306s, GCWorkers: 4 -> 4
[2024-08-16T20:43:06.762+0800][2.774s][debug][gc,director    ] Rule: High Usage, Free: 3058MB(74.7%)
[2024-08-16T20:43:06.862+0800][2.874s][debug][gc,alloc       ] Allocation Rate: 612.0MB/s, Predicted: 667.7MB/s, Avg: 586.2(+/-49.4)MB/s
[2024-08-16T20:43:06.862+0800][2.874s][debug][gc,director    ] Rule: Warmup 30%, Used: 1030MB, UsedThreshold: 1228MB
[2024-08-16T20:43:06.862+0800][2.874s][debug][gc,director    ] Select GC Workers (Not Warm), GCWorkers: 4.000
[2024-08-16T20:43:06.862+0800][2.874s][debug][gc,director    ] Rule: Allocation Rate (Dynamic GC Workers), MaxAllocRate: 830.4MB/s (+/-8.4%), Free: 3026MB, GCCPUTime: 0.151, GCDuration: 0.048s, TimeUntilOOM: 3.360s, TimeUntilGC: 3.212s, GCWorkers: 4 -> 4
[2024-08-16T20:43:06.862+0800][2.874s][debug][gc,director    ] Rule: High Usage, Free: 3026MB(73.9%)
[2024-08-16T20:43:06.962+0800][2.974s][debug][gc,alloc       ] Allocation Rate: 612.0MB/s, Predicted: 667.9MB/s, Avg: 592.6(+/-48.2)MB/s
[2024-08-16T20:43:06.962+0800][2.974s][debug][gc,director    ] Rule: Warmup 30%, Used: 1094MB, UsedThreshold: 1228MB
[2024-08-16T20:43:06.962+0800][2.974s][debug][gc,director    ] Select GC Workers (Not Warm), GCWorkers: 4.000
[2024-08-16T20:43:06.962+0800][2.974s][debug][gc,director    ] Rule: Allocation Rate (Dynamic GC Workers), MaxAllocRate: 826.5MB/s (+/-8.1%), Free: 2962MB, GCCPUTime: 0.151, GCDuration: 0.048s, TimeUntilOOM: 3.314s, TimeUntilGC: 3.166s, GCWorkers: 4 -> 4
[2024-08-16T20:43:06.962+0800][2.974s][debug][gc,director    ] Rule: High Usage, Free: 2962MB(72.3%)
[2024-08-16T20:43:07.062+0800][3.073s][debug][gc,alloc       ] Allocation Rate: 612.0MB/s, Predicted: 654.7MB/s, Avg: 602.4(+/-40.6)MB/s
[2024-08-16T20:43:07.062+0800][3.074s][debug][gc,director    ] Rule: Warmup 30%, Used: 1126MB, UsedThreshold: 1228MB
[2024-08-16T20:43:07.062+0800][3.074s][debug][gc,director    ] Select GC Workers (Not Warm), GCWorkers: 4.000
[2024-08-16T20:43:07.062+0800][3.074s][debug][gc,director    ] Rule: Allocation Rate (Dynamic GC Workers), MaxAllocRate: 788.3MB/s (+/-6.7%), Free: 2930MB, GCCPUTime: 0.151, GCDuration: 0.048s, TimeUntilOOM: 3.482s, TimeUntilGC: 3.334s, GCWorkers: 4 -> 4
[2024-08-16T20:43:07.062+0800][3.074s][debug][gc,director    ] Rule: High Usage, Free: 2930MB(71.5%)
[2024-08-16T20:43:07.162+0800][3.174s][debug][gc,alloc       ] Allocation Rate: 578.0MB/s, Predicted: 621.9MB/s, Avg: 608.6(+/-30.4)MB/s
[2024-08-16T20:43:07.162+0800][3.174s][debug][gc,director    ] Rule: Warmup 30%, Used: 1158MB, UsedThreshold: 1228MB
[2024-08-16T20:43:07.162+0800][3.174s][debug][gc,director    ] Select GC Workers (Not Warm), GCWorkers: 4.000
[2024-08-16T20:43:07.162+0800][3.174s][debug][gc,director    ] Rule: Allocation Rate (Dynamic GC Workers), MaxAllocRate: 721.8MB/s (+/-5.0%), Free: 2898MB, GCCPUTime: 0.151, GCDuration: 0.048s, TimeUntilOOM: 3.824s, TimeUntilGC: 3.676s, GCWorkers: 4 -> 4
[2024-08-16T20:43:07.162+0800][3.174s][debug][gc,director    ] Rule: High Usage, Free: 2898MB(70.8%)
[2024-08-16T20:43:07.262+0800][3.274s][debug][gc,alloc       ] Allocation Rate: 548.0MB/s, Predicted: 581.5MB/s, Avg: 608.6(+/-30.4)MB/s
[2024-08-16T20:43:07.262+0800][3.274s][debug][gc,director    ] Rule: Warmup 30%, Used: 1224MB, UsedThreshold: 1228MB
[2024-08-16T20:43:07.262+0800][3.274s][debug][gc,director    ] Select GC Workers (Not Warm), GCWorkers: 4.000
[2024-08-16T20:43:07.262+0800][3.274s][debug][gc,director    ] Rule: Allocation Rate (Dynamic GC Workers), MaxAllocRate: 708.6MB/s (+/-5.0%), Free: 2832MB, GCCPUTime: 0.151, GCDuration: 0.048s, TimeUntilOOM: 3.807s, TimeUntilGC: 3.659s, GCWorkers: 4 -> 4
[2024-08-16T20:43:07.262+0800][3.274s][debug][gc,director    ] Rule: High Usage, Free: 2832MB(69.1%)
[2024-08-16T20:43:07.362+0800][3.374s][debug][gc,alloc       ] Allocation Rate: 516.0MB/s, Predicted: 536.8MB/s, Avg: 602.2(+/-40.7)MB/s
[2024-08-16T20:43:07.362+0800][3.374s][debug][gc,director    ] Rule: Warmup 30%, Used: 1256MB, UsedThreshold: 1228MB
[2024-08-16T20:43:07.362+0800][3.374s][debug][gc,heap        ] GC(2) Heap before GC invocations=2 (full 2):
[2024-08-16T20:43:07.362+0800][3.374s][debug][gc,heap        ] GC(2)  ZHeap           used 1256M, capacity 1280M, max capacity 4096M
[2024-08-16T20:43:07.362+0800][3.374s][debug][gc,heap        ] GC(2)  Metaspace       used 841K, committed 960K, reserved 1114112K
[2024-08-16T20:43:07.362+0800][3.374s][debug][gc,heap        ] GC(2)   class space    used 63K, committed 128K, reserved 1048576K
[2024-08-16T20:43:07.362+0800][3.374s][info ][gc,start       ] GC(2) Garbage Collection (Warmup)
[2024-08-16T20:43:07.362+0800][3.374s][info ][gc,task        ] GC(2) Using 4 workers
[2024-08-16T20:43:07.362+0800][3.374s][debug][gc,phases,start] GC(2) Pause Mark Start
[2024-08-16T20:43:07.362+0800][3.374s][debug][gc,marking     ] GC(2) Using 4 mark stripes
[2024-08-16T20:43:07.362+0800][3.374s][debug][gc,marking     ] GC(2) Mark Worker/Stripe Distribution
[2024-08-16T20:43:07.362+0800][3.374s][debug][gc,marking     ] GC(2)   Worker 0(4) -> Stripe 0(4)
[2024-08-16T20:43:07.362+0800][3.374s][debug][gc,marking     ] GC(2)   Worker 1(4) -> Stripe 1(4)
[2024-08-16T20:43:07.362+0800][3.374s][debug][gc,marking     ] GC(2)   Worker 2(4) -> Stripe 2(4)
[2024-08-16T20:43:07.362+0800][3.374s][debug][gc,marking     ] GC(2)   Worker 3(4) -> Stripe 3(4)
[2024-08-16T20:43:07.362+0800][3.374s][info ][gc,phases      ] GC(2) Pause Mark Start 0.042ms
[2024-08-16T20:43:07.362+0800][3.374s][debug][gc,phases,start] GC(2) Concurrent Mark
[2024-08-16T20:43:07.362+0800][3.374s][debug][gc,task        ] GC(2) Executing Task: ZMarkRootsTask, Active Workers: 4
[2024-08-16T20:43:07.362+0800][3.374s][debug][gc,phases,start] GC(2) Concurrent Roots OopStorageSet (ZWorker#3)
[2024-08-16T20:43:07.362+0800][3.374s][debug][gc,phases,start] GC(2) Concurrent Roots OopStorageSet (ZWorker#0)
[2024-08-16T20:43:07.363+0800][3.374s][debug][gc,phases      ] GC(2) Concurrent Roots OopStorageSet (ZWorker#0) 0.084ms
[2024-08-16T20:43:07.363+0800][3.374s][debug][gc,phases      ] GC(2) Concurrent Roots OopStorageSet (ZWorker#3) 0.059ms
[2024-08-16T20:43:07.363+0800][3.374s][debug][gc,phases,start] GC(2) Concurrent Roots ClassLoaderDataGraph (ZWorker#1)
[2024-08-16T20:43:07.363+0800][3.374s][debug][gc,phases,start] GC(2) Concurrent Roots ClassLoaderDataGraph (ZWorker#0)
[2024-08-16T20:43:07.363+0800][3.374s][debug][gc,phases,start] GC(2) Concurrent Roots OopStorageSet (ZWorker#2)
[2024-08-16T20:43:07.363+0800][3.374s][debug][gc,phases      ] GC(2) Concurrent Roots ClassLoaderDataGraph (ZWorker#1) 0.161ms
[2024-08-16T20:43:07.363+0800][3.375s][debug][gc,phases      ] GC(2) Concurrent Roots ClassLoaderDataGraph (ZWorker#0) 0.259ms
[2024-08-16T20:43:07.363+0800][3.375s][debug][gc,phases,start] GC(2) Concurrent Roots JavaThreads (ZWorker#1)
[2024-08-16T20:43:07.363+0800][3.375s][debug][gc,phases      ] GC(2) Concurrent Roots OopStorageSet (ZWorker#2) 0.205ms
[2024-08-16T20:43:07.363+0800][3.375s][debug][gc,phases,start] GC(2) Concurrent Roots JavaThreads (ZWorker#2)
[2024-08-16T20:43:07.363+0800][3.375s][debug][gc,phases,start] GC(2) Concurrent Roots JavaThreads (ZWorker#0)
[2024-08-16T20:43:07.363+0800][3.375s][debug][gc,phases      ] GC(2) Concurrent Roots JavaThreads (ZWorker#0) 0.199ms
[2024-08-16T20:43:07.363+0800][3.375s][debug][gc,phases      ] GC(2) Concurrent Roots JavaThreads (ZWorker#2) 0.116ms
[2024-08-16T20:43:07.363+0800][3.374s][debug][gc,phases,start] GC(2) Concurrent Roots ClassLoaderDataGraph (ZWorker#3)
[2024-08-16T20:43:07.363+0800][3.375s][debug][gc,phases      ] GC(2) Concurrent Roots ClassLoaderDataGraph (ZWorker#3) 0.594ms
[2024-08-16T20:43:07.363+0800][3.375s][debug][gc,phases      ] GC(2) Concurrent Roots JavaThreads (ZWorker#1) 0.374ms
[2024-08-16T20:43:07.363+0800][3.375s][debug][gc,tlab        ] GC(2) TLAB totals: thrds: 1  refills: 18 max: 18 slow allocs: 685 max 685 waste: 16.5% gc: 211888B max: 211888B slow: 563704B max: 563704B
[2024-08-16T20:43:07.363+0800][3.375s][debug][gc,task        ] GC(2) Executing Task: ZMarkTask, Active Workers: 4
[2024-08-16T20:43:07.363+0800][3.375s][debug][gc,phases,start] GC(2) Concurrent Mark (ZWorker#0)
[2024-08-16T20:43:07.364+0800][3.375s][debug][gc,phases,start] GC(2) Concurrent Mark (ZWorker#3)
[2024-08-16T20:43:07.364+0800][3.375s][debug][gc,phases,start] GC(2) Concurrent Mark (ZWorker#2)
[2024-08-16T20:43:07.364+0800][3.375s][debug][gc,phases,start] GC(2) Concurrent Mark (ZWorker#1)
[2024-08-16T20:43:07.364+0800][3.376s][debug][gc,phases,start] GC(2) Concurrent Mark Try Terminate (ZWorker#3)
[2024-08-16T20:43:07.364+0800][3.376s][debug][gc,phases,start] GC(2) Concurrent Mark Try Flush (ZWorker#0)
[2024-08-16T20:43:07.365+0800][3.376s][debug][gc,phases,start] GC(2) Concurrent Mark Try Terminate (ZWorker#1)
[2024-08-16T20:43:07.366+0800][3.377s][debug][gc,phases      ] GC(2) Concurrent Mark Try Terminate (ZWorker#3) 1.204ms
[2024-08-16T20:43:07.366+0800][3.377s][debug][gc,phases,start] GC(2) Concurrent Mark Try Terminate (ZWorker#3)
[2024-08-16T20:43:07.366+0800][3.378s][debug][gc,phases      ] GC(2) Concurrent Mark Try Terminate (ZWorker#1) 1.315ms
[2024-08-16T20:43:07.366+0800][3.378s][debug][gc,phases,start] GC(2) Concurrent Mark Try Terminate (ZWorker#1)
[2024-08-16T20:43:07.367+0800][3.378s][debug][gc,phases      ] GC(2) Concurrent Mark Try Terminate (ZWorker#3) 1.078ms
[2024-08-16T20:43:07.367+0800][3.378s][debug][gc,phases,start] GC(2) Concurrent Mark Try Terminate (ZWorker#3)
[2024-08-16T20:43:07.367+0800][3.379s][debug][gc,phases,start] GC(2) Concurrent Mark Try Terminate (ZWorker#2)
[2024-08-16T20:43:07.367+0800][3.379s][debug][gc,phases      ] GC(2) Concurrent Mark Try Terminate (ZWorker#1) 1.125ms
[2024-08-16T20:43:07.367+0800][3.379s][debug][gc,phases,start] GC(2) Concurrent Mark Try Terminate (ZWorker#1)
[2024-08-16T20:43:07.368+0800][3.380s][debug][gc,phases      ] GC(2) Concurrent Mark Try Terminate (ZWorker#3) 1.152ms
[2024-08-16T20:43:07.368+0800][3.380s][debug][gc,phases,start] GC(2) Concurrent Mark Try Terminate (ZWorker#3)
[2024-08-16T20:43:07.368+0800][3.380s][debug][gc,phases      ] GC(2) Concurrent Mark Try Terminate (ZWorker#2) 1.083ms
[2024-08-16T20:43:07.368+0800][3.380s][debug][gc,phases,start] GC(2) Concurrent Mark Try Terminate (ZWorker#2)
[2024-08-16T20:43:07.368+0800][3.380s][debug][gc,phases      ] GC(2) Concurrent Mark Try Terminate (ZWorker#1) 1.204ms
[2024-08-16T20:43:07.368+0800][3.380s][debug][gc,phases,start] GC(2) Concurrent Mark Try Terminate (ZWorker#1)
[2024-08-16T20:43:07.369+0800][3.381s][debug][gc,phases      ] GC(2) Concurrent Mark Try Terminate (ZWorker#2) 1.145ms
[2024-08-16T20:43:07.369+0800][3.381s][debug][gc,phases,start] GC(2) Concurrent Mark Try Terminate (ZWorker#2)
[2024-08-16T20:43:07.369+0800][3.381s][debug][gc,phases      ] GC(2) Concurrent Mark Try Terminate (ZWorker#3) 1.256ms
[2024-08-16T20:43:07.369+0800][3.381s][debug][gc,phases,start] GC(2) Concurrent Mark Try Terminate (ZWorker#3)
[2024-08-16T20:43:07.370+0800][3.381s][debug][gc,phases      ] GC(2) Concurrent Mark Try Terminate (ZWorker#1) 1.208ms
[2024-08-16T20:43:07.370+0800][3.381s][debug][gc,phases,start] GC(2) Concurrent Mark Try Terminate (ZWorker#1)
[2024-08-16T20:43:07.370+0800][3.382s][debug][gc,phases      ] GC(2) Concurrent Mark Try Terminate (ZWorker#3) 1.134ms
[2024-08-16T20:43:07.370+0800][3.382s][debug][gc,phases,start] GC(2) Concurrent Mark Try Terminate (ZWorker#3)
[2024-08-16T20:43:07.370+0800][3.382s][debug][gc,phases      ] GC(2) Concurrent Mark Try Terminate (ZWorker#2) 1.165ms
[2024-08-16T20:43:07.370+0800][3.382s][debug][gc,phases,start] GC(2) Concurrent Mark Try Terminate (ZWorker#2)
[2024-08-16T20:43:07.371+0800][3.382s][debug][gc,phases      ] GC(2) Concurrent Mark Try Flush (ZWorker#0) 6.189ms
[2024-08-16T20:43:07.371+0800][3.382s][debug][gc,phases,start] GC(2) Concurrent Mark Try Flush (ZWorker#0)
[2024-08-16T20:43:07.371+0800][3.382s][debug][gc,phases      ] GC(2) Concurrent Mark Try Flush (ZWorker#0) 0.075ms
[2024-08-16T20:43:07.371+0800][3.382s][debug][gc,phases,start] GC(2) Concurrent Mark Try Terminate (ZWorker#0)
[2024-08-16T20:43:07.371+0800][3.382s][debug][gc,phases,start] GC(2) Concurrent Mark Try Flush (ZWorker#0)
[2024-08-16T20:43:07.371+0800][3.382s][debug][gc,phases      ] GC(2) Concurrent Mark Try Flush (ZWorker#0) 0.055ms
[2024-08-16T20:43:07.371+0800][3.382s][debug][gc,phases      ] GC(2) Concurrent Mark Try Terminate (ZWorker#0) 0.084ms
[2024-08-16T20:43:07.371+0800][3.382s][debug][gc,phases,start] GC(2) Concurrent Mark Try Terminate (ZWorker#0)
[2024-08-16T20:43:07.371+0800][3.382s][debug][gc,phases      ] GC(2) Concurrent Mark Try Terminate (ZWorker#1) 1.095ms
[2024-08-16T20:43:07.371+0800][3.383s][debug][gc,phases,start] GC(2) Concurrent Mark Try Terminate (ZWorker#1)
[2024-08-16T20:43:07.371+0800][3.383s][debug][gc,phases      ] GC(2) Concurrent Mark Try Terminate (ZWorker#1) 0.004ms
[2024-08-16T20:43:07.371+0800][3.383s][debug][gc,phases      ] GC(2) Concurrent Mark (ZWorker#1) 7.191ms
[2024-08-16T20:43:07.371+0800][3.383s][debug][gc,phases      ] GC(2) Concurrent Mark Try Terminate (ZWorker#3) 1.156ms
[2024-08-16T20:43:07.371+0800][3.383s][debug][gc,phases      ] GC(2) Concurrent Mark (ZWorker#3) 7.927ms
[2024-08-16T20:43:07.371+0800][3.383s][debug][gc,phases      ] GC(2) Concurrent Mark Try Terminate (ZWorker#2) 1.130ms
[2024-08-16T20:43:07.371+0800][3.383s][debug][gc,phases      ] GC(2) Concurrent Mark (ZWorker#2) 7.947ms
[2024-08-16T20:43:07.372+0800][3.384s][debug][gc,phases      ] GC(2) Concurrent Mark Try Terminate (ZWorker#0) 1.200ms
[2024-08-16T20:43:07.372+0800][3.384s][debug][gc,phases      ] GC(2) Concurrent Mark (ZWorker#0) 8.614ms
[2024-08-16T20:43:07.372+0800][3.384s][info ][gc,phases      ] GC(2) Concurrent Mark 10.029ms
[2024-08-16T20:43:07.373+0800][3.384s][debug][gc,phases,start] GC(2) Pause Mark End
[2024-08-16T20:43:07.373+0800][3.385s][info ][gc,phases      ] GC(2) Pause Mark End 0.135ms
[2024-08-16T20:43:07.373+0800][3.385s][debug][gc,phases,start] GC(2) Concurrent Mark Free
[2024-08-16T20:43:07.373+0800][3.385s][info ][gc,phases      ] GC(2) Concurrent Mark Free 0.019ms
[2024-08-16T20:43:07.373+0800][3.385s][debug][gc,phases,start] GC(2) Concurrent Process Non-Strong References
[2024-08-16T20:43:07.373+0800][3.385s][debug][gc,phases,start] GC(2) Concurrent References Process (ZDriver)
[2024-08-16T20:43:07.373+0800][3.385s][debug][gc,task        ] GC(2) Executing Task: ZReferenceProcessorTask, Active Workers: 4
[2024-08-16T20:43:07.373+0800][3.385s][debug][gc,phases      ] GC(2) Concurrent References Process (ZDriver) 0.225ms
[2024-08-16T20:43:07.373+0800][3.385s][debug][gc,task        ] GC(2) Executing Task: ZProcessWeakRootsTask, Active Workers: 4
[2024-08-16T20:43:07.373+0800][3.385s][debug][gc,phases,start] GC(2) Concurrent Weak Roots OopStorageSet (ZWorker#1)
[2024-08-16T20:43:07.373+0800][3.385s][debug][gc,phases,start] GC(2) Concurrent Weak Roots OopStorageSet (ZWorker#2)
[2024-08-16T20:43:07.374+0800][3.385s][debug][gc,phases,start] GC(2) Concurrent Weak Roots OopStorageSet (ZWorker#3)
[2024-08-16T20:43:07.374+0800][3.385s][debug][gc,phases      ] GC(2) Concurrent Weak Roots OopStorageSet (ZWorker#3) 0.047ms
[2024-08-16T20:43:07.374+0800][3.385s][debug][gc,phases,start] GC(2) Concurrent Weak Roots OopStorageSet (ZWorker#0)
[2024-08-16T20:43:07.374+0800][3.386s][debug][gc,phases      ] GC(2) Concurrent Weak Roots OopStorageSet (ZWorker#0) 0.209ms
[2024-08-16T20:43:07.374+0800][3.385s][debug][gc,phases      ] GC(2) Concurrent Weak Roots OopStorageSet (ZWorker#1) 0.162ms
[2024-08-16T20:43:07.374+0800][3.385s][debug][gc,phases      ] GC(2) Concurrent Weak Roots OopStorageSet (ZWorker#2) 0.123ms
[2024-08-16T20:43:07.374+0800][3.386s][debug][gc,phases,start] GC(2) Concurrent Classes Unlink (ZDriver)
[2024-08-16T20:43:07.374+0800][3.386s][debug][gc,phases,start] GC(2) ClassLoaderData
[2024-08-16T20:43:07.374+0800][3.386s][debug][gc,phases      ] GC(2) ClassLoaderData 0.015ms
[2024-08-16T20:43:07.374+0800][3.386s][debug][gc,phases,start] GC(2) Trigger cleanups
[2024-08-16T20:43:07.374+0800][3.386s][debug][gc,phases      ] GC(2) Trigger cleanups 0.008ms
[2024-08-16T20:43:07.374+0800][3.386s][debug][gc,task        ] GC(2) Executing Task: ZNMethodUnlinkTask, Active Workers: 4
[2024-08-16T20:43:07.375+0800][3.386s][debug][gc,phases      ] GC(2) Concurrent Classes Unlink (ZDriver) 0.542ms
[2024-08-16T20:43:07.375+0800][3.387s][debug][gc,phases,start] GC(2) Concurrent Classes Purge (ZDriver)
[2024-08-16T20:43:07.375+0800][3.387s][debug][gc,task        ] GC(2) Executing Task: ZNMethodPurgeTask, Active Workers: 4
[2024-08-16T20:43:07.375+0800][3.387s][debug][gc,phases      ] GC(2) Concurrent Classes Purge (ZDriver) 0.213ms
[2024-08-16T20:43:07.375+0800][3.387s][debug][gc,phases,start] GC(2) Concurrent References Enqueue (ZDriver)
[2024-08-16T20:43:07.375+0800][3.387s][debug][gc,phases      ] GC(2) Concurrent References Enqueue (ZDriver) 0.011ms
[2024-08-16T20:43:07.375+0800][3.387s][info ][gc,phases      ] GC(2) Concurrent Process Non-Strong References 2.138ms
[2024-08-16T20:43:07.375+0800][3.387s][debug][gc,phases,start] GC(2) Concurrent Reset Relocation Set
[2024-08-16T20:43:07.375+0800][3.387s][info ][gc,phases      ] GC(2) Concurrent Reset Relocation Set 0.011ms
[2024-08-16T20:43:07.375+0800][3.387s][debug][gc,phases,start] GC(2) Concurrent Select Relocation Set
[2024-08-16T20:43:07.377+0800][3.388s][debug][gc,task        ] GC(2) Executing Task: ZRelocationSetInstallTask, Active Workers: 4
[2024-08-16T20:43:07.377+0800][3.389s][info ][gc,phases      ] GC(2) Concurrent Select Relocation Set 1.624ms
[2024-08-16T20:43:07.377+0800][3.389s][debug][gc,phases,start] GC(2) Pause Relocate Start
[2024-08-16T20:43:07.377+0800][3.389s][info ][gc,phases      ] GC(2) Pause Relocate Start 0.055ms
[2024-08-16T20:43:07.377+0800][3.389s][debug][gc,phases,start] GC(2) Concurrent Relocate
[2024-08-16T20:43:07.377+0800][3.389s][debug][gc,task        ] GC(2) Executing Task: ZRelocateTask, Active Workers: 4
[2024-08-16T20:43:07.380+0800][3.392s][info ][gc,phases      ] GC(2) Concurrent Relocate 2.633ms
[2024-08-16T20:43:07.380+0800][3.392s][debug][gc,heap        ] GC(2) Heap after GC invocations=3 (full 3):
[2024-08-16T20:43:07.380+0800][3.392s][debug][gc,heap        ] GC(2)  ZHeap           used 932M, capacity 1312M, max capacity 4096M
[2024-08-16T20:43:07.380+0800][3.392s][debug][gc,heap        ] GC(2)  Metaspace       used 841K, committed 960K, reserved 1114112K
[2024-08-16T20:43:07.380+0800][3.392s][debug][gc,heap        ] GC(2)   class space    used 63K, committed 128K, reserved 1048576K
[2024-08-16T20:43:07.380+0800][3.392s][info ][gc,load        ] GC(2) Load: 1.95/0.56/0.18
[2024-08-16T20:43:07.380+0800][3.392s][info ][gc,mmu         ] GC(2) MMU: 2ms/77.6%, 5ms/91.1%, 10ms/95.5%, 20ms/97.5%, 50ms/99.0%, 100ms/99.5%
[2024-08-16T20:43:07.381+0800][3.392s][info ][gc,marking     ] GC(2) Mark: 4 stripe(s), 2 proactive flush(es), 1 terminate flush(es), 0 completion(s), 0 continuation(s) 
[2024-08-16T20:43:07.381+0800][3.392s][info ][gc,marking     ] GC(2) Mark Stack Usage: 32M
[2024-08-16T20:43:07.381+0800][3.392s][info ][gc,nmethod     ] GC(2) NMethods: 501 registered, 0 unregistered
[2024-08-16T20:43:07.381+0800][3.392s][info ][gc,metaspace   ] GC(2) Metaspace: 0M used, 0M committed, 1088M reserved
[2024-08-16T20:43:07.381+0800][3.392s][info ][gc,ref         ] GC(2) Soft: 104 encountered, 0 discovered, 0 enqueued
[2024-08-16T20:43:07.381+0800][3.392s][info ][gc,ref         ] GC(2) Weak: 193 encountered, 50 discovered, 0 enqueued
[2024-08-16T20:43:07.381+0800][3.392s][info ][gc,ref         ] GC(2) Final: 0 encountered, 0 discovered, 0 enqueued
[2024-08-16T20:43:07.381+0800][3.392s][info ][gc,ref         ] GC(2) Phantom: 1 encountered, 0 discovered, 0 enqueued
[2024-08-16T20:43:07.381+0800][3.392s][info ][gc,reloc       ] GC(2) Small Pages: 4 / 8M, Empty: 2M, Relocated: 0M, In-Place: 0
[2024-08-16T20:43:07.381+0800][3.392s][info ][gc,reloc       ] GC(2) Medium Pages: 39 / 1248M, Empty: 320M, Relocated: 11M, In-Place: 0
[2024-08-16T20:43:07.381+0800][3.392s][info ][gc,reloc       ] GC(2) Large Pages: 0 / 0M, Empty: 0M, Relocated: 0M, In-Place: 0
[2024-08-16T20:43:07.381+0800][3.392s][info ][gc,reloc       ] GC(2) Forwarding Usage: 0M
[2024-08-16T20:43:07.381+0800][3.392s][info ][gc,heap        ] GC(2) Min Capacity: 512M(12%)
[2024-08-16T20:43:07.381+0800][3.393s][info ][gc,heap        ] GC(2) Max Capacity: 4096M(100%)
[2024-08-16T20:43:07.381+0800][3.393s][info ][gc,heap        ] GC(2) Soft Max Capacity: 4096M(100%)
[2024-08-16T20:43:07.381+0800][3.393s][info ][gc,heap        ] GC(2)                Mark Start          Mark End        Relocate Start      Relocate End           High               Low         
[2024-08-16T20:43:07.381+0800][3.393s][info ][gc,heap        ] GC(2)  Capacity:     1280M (31%)        1312M (32%)        1312M (32%)        1312M (32%)        1312M (32%)        1280M (31%)    
[2024-08-16T20:43:07.381+0800][3.393s][info ][gc,heap        ] GC(2)      Free:     2840M (69%)        2806M (69%)        3128M (76%)        3164M (77%)        3164M (77%)        2806M (69%)    
[2024-08-16T20:43:07.381+0800][3.393s][info ][gc,heap        ] GC(2)      Used:     1256M (31%)        1290M (31%)         968M (24%)         932M (23%)        1290M (31%)         932M (23%)    
[2024-08-16T20:43:07.381+0800][3.393s][info ][gc,heap        ] GC(2)      Live:         -               841M (21%)         841M (21%)         841M (21%)            -                  -          
[2024-08-16T20:43:07.381+0800][3.393s][info ][gc,heap        ] GC(2) Allocated:         -                34M (1%)           34M (1%)           33M (1%)             -                  -          
[2024-08-16T20:43:07.381+0800][3.393s][info ][gc,heap        ] GC(2)   Garbage:         -               414M (10%)          92M (2%)           56M (1%)             -                  -          
[2024-08-16T20:43:07.381+0800][3.393s][info ][gc,heap        ] GC(2) Reclaimed:         -                  -               322M (8%)          357M (9%)             -                  -          
[2024-08-16T20:43:07.381+0800][3.393s][info ][gc             ] GC(2) Garbage Collection (Warmup) 1256M(31%)->932M(23%)
[2024-08-16T20:43:07.462+0800][3.474s][debug][gc,alloc       ] Allocation Rate: 486.0MB/s, Predicted: 492.9MB/s, Avg: 589.6(+/-53.3)MB/s
[2024-08-16T20:43:07.462+0800][3.474s][debug][gc,director    ] Select GC Workers (Try Lowering), AvoidLongGCWorkers: 0.010, AvoidOOMGCWorkers: 0.027, NextAvoidOOMGCWorkers: 0.028, LastGCWorkers: 4.000, GCWorkers: 1.000
[2024-08-16T20:43:07.462+0800][3.474s][debug][gc,director    ] Rule: Allocation Rate (Dynamic GC Workers), MaxAllocRate: 765.0MB/s (+/-9.0%), Free: 3092MB, GCCPUTime: 0.111, GCDuration: 0.111s, TimeUntilOOM: 3.707s, TimeUntilGC: 3.496s, GCWorkers: 4 -> 1
[2024-08-16T20:43:07.463+0800][3.474s][debug][gc,director    ] Rule: High Usage, Free: 3092MB(75.5%)
[2024-08-16T20:43:07.463+0800][3.474s][debug][gc,director    ] Rule: Proactive, UsedUntilEnabled: 377MB, TimeUntilEnabled: 299.918s
[2024-08-16T20:43:07.562+0800][3.574s][debug][gc,alloc       ] Allocation Rate: 516.0MB/s, Predicted: 478.0MB/s, Avg: 576.8(+/-54.1)MB/s
[2024-08-16T20:43:07.562+0800][3.574s][debug][gc,director    ] Select GC Workers (Try Lowering), AvoidLongGCWorkers: 0.010, AvoidOOMGCWorkers: 0.028, NextAvoidOOMGCWorkers: 0.028, LastGCWorkers: 4.000, GCWorkers: 1.000
[2024-08-16T20:43:07.562+0800][3.574s][debug][gc,director    ] Rule: Allocation Rate (Dynamic GC Workers), MaxAllocRate: 754.7MB/s (+/-9.4%), Free: 2996MB, GCCPUTime: 0.111, GCDuration: 0.111s, TimeUntilOOM: 3.630s, TimeUntilGC: 3.419s, GCWorkers: 4 -> 1
[2024-08-16T20:43:07.562+0800][3.574s][debug][gc,director    ] Rule: High Usage, Free: 2996MB(73.1%)
[2024-08-16T20:43:07.562+0800][3.574s][debug][gc,director    ] Rule: Proactive, UsedUntilEnabled: 281MB, TimeUntilEnabled: 299.818s
[2024-08-16T20:43:07.662+0800][3.674s][debug][gc,alloc       ] Allocation Rate: 516.0MB/s, Predicted: 471.6MB/s, Avg: 564.0(+/-51.7)MB/s
[2024-08-16T20:43:07.662+0800][3.674s][debug][gc,director    ] Select GC Workers (Try Lowering), AvoidLongGCWorkers: 0.010, AvoidOOMGCWorkers: 0.028, NextAvoidOOMGCWorkers: 0.027, LastGCWorkers: 4.000, GCWorkers: 1.000
[2024-08-16T20:43:07.662+0800][3.674s][debug][gc,director    ] Rule: Allocation Rate (Dynamic GC Workers), MaxAllocRate: 734.2MB/s (+/-9.2%), Free: 2932MB, GCCPUTime: 0.111, GCDuration: 0.111s, TimeUntilOOM: 3.658s, TimeUntilGC: 3.447s, GCWorkers: 4 -> 1
[2024-08-16T20:43:07.662+0800][3.674s][debug][gc,director    ] Rule: High Usage, Free: 2932MB(71.6%)
[2024-08-16T20:43:07.662+0800][3.674s][debug][gc,director    ] Rule: Proactive, UsedUntilEnabled: 217MB, TimeUntilEnabled: 299.718s
[2024-08-16T20:43:07.761+0800][3.773s][debug][gc,alloc       ] Allocation Rate: 580.0MB/s, Predicted: 499.3MB/s, Avg: 557.6(+/-45.0)MB/s
[2024-08-16T20:43:07.762+0800][3.773s][debug][gc,director    ] Select GC Workers (Try Lowering), AvoidLongGCWorkers: 0.010, AvoidOOMGCWorkers: 0.027, NextAvoidOOMGCWorkers: 0.026, LastGCWorkers: 4.000, GCWorkers: 1.000
[2024-08-16T20:43:07.762+0800][3.773s][debug][gc,director    ] Rule: Allocation Rate (Dynamic GC Workers), MaxAllocRate: 705.5MB/s (+/-8.1%), Free: 2836MB, GCCPUTime: 0.111, GCDuration: 0.111s, TimeUntilOOM: 3.720s, TimeUntilGC: 3.509s, GCWorkers: 4 -> 1
[2024-08-16T20:43:07.762+0800][3.773s][debug][gc,director    ] Rule: High Usage, Free: 2836MB(69.2%)
[2024-08-16T20:43:07.762+0800][3.773s][debug][gc,director    ] Rule: Proactive, UsedUntilEnabled: 121MB, TimeUntilEnabled: 299.619s
[2024-08-16T20:43:07.862+0800][3.874s][debug][gc,alloc       ] Allocation Rate: 614.0MB/s, Predicted: 536.4MB/s, Avg: 557.8(+/-45.2)MB/s
[2024-08-16T20:43:07.862+0800][3.874s][debug][gc,director    ] Select GC Workers (Try Lowering), AvoidLongGCWorkers: 0.010, AvoidOOMGCWorkers: 0.028, NextAvoidOOMGCWorkers: 0.026, LastGCWorkers: 4.000, GCWorkers: 1.000
[2024-08-16T20:43:07.862+0800][3.874s][debug][gc,director    ] Rule: Allocation Rate (Dynamic GC Workers), MaxAllocRate: 706.5MB/s (+/-8.1%), Free: 2770MB, GCCPUTime: 0.111, GCDuration: 0.111s, TimeUntilOOM: 3.627s, TimeUntilGC: 3.416s, GCWorkers: 4 -> 1
[2024-08-16T20:43:07.862+0800][3.874s][debug][gc,director    ] Rule: High Usage, Free: 2770MB(67.6%)
[2024-08-16T20:43:07.862+0800][3.874s][debug][gc,director    ] Rule: Proactive, UsedUntilEnabled: 55MB, TimeUntilEnabled: 299.518s
[2024-08-16T20:43:07.962+0800][3.973s][debug][gc,alloc       ] Allocation Rate: 646.0MB/s, Predicted: 586.1MB/s, Avg: 561.2(+/-50.2)MB/s
[2024-08-16T20:43:07.962+0800][3.973s][debug][gc,director    ] Select GC Workers (Try Lowering), AvoidLongGCWorkers: 0.010, AvoidOOMGCWorkers: 0.031, NextAvoidOOMGCWorkers: 0.027, LastGCWorkers: 4.000, GCWorkers: 1.000
[2024-08-16T20:43:07.962+0800][3.973s][debug][gc,director    ] Rule: Allocation Rate (Dynamic GC Workers), MaxAllocRate: 751.2MB/s (+/-8.9%), Free: 2706MB, GCCPUTime: 0.111, GCDuration: 0.111s, TimeUntilOOM: 3.307s, TimeUntilGC: 3.096s, GCWorkers: 4 -> 1
[2024-08-16T20:43:07.962+0800][3.973s][debug][gc,director    ] Rule: High Usage, Free: 2706MB(66.1%)
[2024-08-16T20:43:07.962+0800][3.973s][debug][gc,director    ] Rule: Proactive, AcceptableGCInterval: 1.692s, TimeSinceLastGC: 0.581s, TimeUntilGC: 1.111s
[2024-08-16T20:43:08.062+0800][4.074s][debug][gc,alloc       ] Allocation Rate: 614.0MB/s, Predicted: 620.8MB/s, Avg: 561.4(+/-50.4)MB/s
[2024-08-16T20:43:08.062+0800][4.074s][debug][gc,director    ] Select GC Workers (Try Lowering), AvoidLongGCWorkers: 0.010, AvoidOOMGCWorkers: 0.033, NextAvoidOOMGCWorkers: 0.028, LastGCWorkers: 4.000, GCWorkers: 1.000
[2024-08-16T20:43:08.062+0800][4.074s][debug][gc,director    ] Rule: Allocation Rate (Dynamic GC Workers), MaxAllocRate: 786.5MB/s (+/-9.0%), Free: 2674MB, GCCPUTime: 0.111, GCDuration: 0.111s, TimeUntilOOM: 3.120s, TimeUntilGC: 2.909s, GCWorkers: 4 -> 1
[2024-08-16T20:43:08.062+0800][4.074s][debug][gc,director    ] Rule: High Usage, Free: 2674MB(65.3%)
[2024-08-16T20:43:08.062+0800][4.074s][debug][gc,director    ] Rule: Proactive, AcceptableGCInterval: 1.692s, TimeSinceLastGC: 0.682s, TimeUntilGC: 1.011s
[2024-08-16T20:43:08.162+0800][4.174s][debug][gc,alloc       ] Allocation Rate: 614.0MB/s, Predicted: 646.3MB/s, Avg: 565.0(+/-52.7)MB/s
[2024-08-16T20:43:08.162+0800][4.174s][debug][gc,director    ] Select GC Workers (Try Lowering), AvoidLongGCWorkers: 0.010, AvoidOOMGCWorkers: 0.035, NextAvoidOOMGCWorkers: 0.029, LastGCWorkers: 4.000, GCWorkers: 1.000
[2024-08-16T20:43:08.162+0800][4.174s][debug][gc,director    ] Rule: Allocation Rate (Dynamic GC Workers), MaxAllocRate: 819.5MB/s (+/-9.3%), Free: 2610MB, GCCPUTime: 0.111, GCDuration: 0.111s, TimeUntilOOM: 2.913s, TimeUntilGC: 2.703s, GCWorkers: 4 -> 1
[2024-08-16T20:43:08.162+0800][4.174s][debug][gc,director    ] Rule: High Usage, Free: 2610MB(63.7%)
[2024-08-16T20:43:08.162+0800][4.174s][debug][gc,director    ] Rule: Proactive, AcceptableGCInterval: 1.692s, TimeSinceLastGC: 0.782s, TimeUntilGC: 0.910s
[2024-08-16T20:43:08.262+0800][4.274s][debug][gc,alloc       ] Allocation Rate: 612.0MB/s, Predicted: 660.5MB/s, Avg: 571.4(+/-54.1)MB/s
[2024-08-16T20:43:08.262+0800][4.274s][debug][gc,director    ] Select GC Workers (Try Lowering), AvoidLongGCWorkers: 0.010, AvoidOOMGCWorkers: 0.036, NextAvoidOOMGCWorkers: 0.029, LastGCWorkers: 4.000, GCWorkers: 1.000
[2024-08-16T20:43:08.262+0800][4.274s][debug][gc,director    ] Rule: Allocation Rate (Dynamic GC Workers), MaxAllocRate: 838.4MB/s (+/-9.5%), Free: 2578MB, GCCPUTime: 0.111, GCDuration: 0.111s, TimeUntilOOM: 2.809s, TimeUntilGC: 2.598s, GCWorkers: 4 -> 1
[2024-08-16T20:43:08.262+0800][4.274s][debug][gc,director    ] Rule: High Usage, Free: 2578MB(62.9%)
[2024-08-16T20:43:08.262+0800][4.274s][debug][gc,director    ] Rule: Proactive, AcceptableGCInterval: 1.692s, TimeSinceLastGC: 0.882s, TimeUntilGC: 0.810s
[2024-08-16T20:43:08.362+0800][4.374s][debug][gc,alloc       ] Allocation Rate: 612.0MB/s, Predicted: 662.0MB/s, Avg: 581.0(+/-51.9)MB/s
[2024-08-16T20:43:08.362+0800][4.374s][debug][gc,director    ] Select GC Workers (Try Lowering), AvoidLongGCWorkers: 0.010, AvoidOOMGCWorkers: 0.037, NextAvoidOOMGCWorkers: 0.028, LastGCWorkers: 4.000, GCWorkers: 1.000
[2024-08-16T20:43:08.362+0800][4.374s][debug][gc,director    ] Rule: Allocation Rate (Dynamic GC Workers), MaxAllocRate: 832.6MB/s (+/-8.9%), Free: 2514MB, GCCPUTime: 0.111, GCDuration: 0.111s, TimeUntilOOM: 2.772s, TimeUntilGC: 2.561s, GCWorkers: 4 -> 1
[2024-08-16T20:43:08.362+0800][4.374s][debug][gc,director    ] Rule: High Usage, Free: 2514MB(61.4%)
[2024-08-16T20:43:08.362+0800][4.374s][debug][gc,director    ] Rule: Proactive, AcceptableGCInterval: 1.692s, TimeSinceLastGC: 0.982s, TimeUntilGC: 0.710s
[2024-08-16T20:43:08.462+0800][4.474s][debug][gc,alloc       ] Allocation Rate: 610.0MB/s, Predicted: 648.3MB/s, Avg: 593.4(+/-41.4)MB/s
[2024-08-16T20:43:08.462+0800][4.474s][debug][gc,director    ] Select GC Workers (Try Lowering), AvoidLongGCWorkers: 0.010, AvoidOOMGCWorkers: 0.034, NextAvoidOOMGCWorkers: 0.026, LastGCWorkers: 4.000, GCWorkers: 1.000
[2024-08-16T20:43:08.462+0800][4.474s][debug][gc,director    ] Rule: Allocation Rate (Dynamic GC Workers), MaxAllocRate: 784.6MB/s (+/-7.0%), Free: 2482MB, GCCPUTime: 0.111, GCDuration: 0.111s, TimeUntilOOM: 2.957s, TimeUntilGC: 2.746s, GCWorkers: 4 -> 1
[2024-08-16T20:43:08.462+0800][4.474s][debug][gc,director    ] Rule: High Usage, Free: 2482MB(60.6%)
[2024-08-16T20:43:08.462+0800][4.474s][debug][gc,director    ] Rule: Proactive, AcceptableGCInterval: 1.692s, TimeSinceLastGC: 1.082s, TimeUntilGC: 0.610s
[2024-08-16T20:43:08.562+0800][4.573s][debug][gc,alloc       ] Allocation Rate: 546.0MB/s, Predicted: 608.7MB/s, Avg: 596.4(+/-36.5)MB/s
[2024-08-16T20:43:08.562+0800][4.573s][debug][gc,director    ] Select GC Workers (Try Lowering), AvoidLongGCWorkers: 0.010, AvoidOOMGCWorkers: 0.032, NextAvoidOOMGCWorkers: 0.024, LastGCWorkers: 4.000, GCWorkers: 1.000
[2024-08-16T20:43:08.562+0800][4.574s][debug][gc,director    ] Rule: Allocation Rate (Dynamic GC Workers), MaxAllocRate: 728.8MB/s (+/-6.1%), Free: 2450MB, GCCPUTime: 0.111, GCDuration: 0.111s, TimeUntilOOM: 3.168s, TimeUntilGC: 2.957s, GCWorkers: 4 -> 1
[2024-08-16T20:43:08.562+0800][4.574s][debug][gc,director    ] Rule: High Usage, Free: 2450MB(59.8%)
[2024-08-16T20:43:08.562+0800][4.574s][debug][gc,director    ] Rule: Proactive, AcceptableGCInterval: 1.692s, TimeSinceLastGC: 1.182s, TimeUntilGC: 0.511s
[2024-08-16T20:43:08.662+0800][4.674s][debug][gc,alloc       ] Allocation Rate: 516.0MB/s, Predicted: 555.1MB/s, Avg: 596.4(+/-36.5)MB/s
[2024-08-16T20:43:08.662+0800][4.674s][debug][gc,director    ] Select GC Workers (Try Lowering), AvoidLongGCWorkers: 0.010, AvoidOOMGCWorkers: 0.032, NextAvoidOOMGCWorkers: 0.024, LastGCWorkers: 4.000, GCWorkers: 1.000
[2024-08-16T20:43:08.662+0800][4.674s][debug][gc,director    ] Rule: Allocation Rate (Dynamic GC Workers), MaxAllocRate: 716.6MB/s (+/-6.1%), Free: 2416MB, GCCPUTime: 0.111, GCDuration: 0.111s, TimeUntilOOM: 3.177s, TimeUntilGC: 2.966s, GCWorkers: 4 -> 1
[2024-08-16T20:43:08.662+0800][4.674s][debug][gc,director    ] Rule: High Usage, Free: 2416MB(59.0%)
[2024-08-16T20:43:08.662+0800][4.674s][debug][gc,director    ] Rule: Proactive, AcceptableGCInterval: 1.692s, TimeSinceLastGC: 1.282s, TimeUntilGC: 0.410s
[2024-08-16T20:43:08.762+0800][4.774s][debug][gc,alloc       ] Allocation Rate: 452.0MB/s, Predicted: 492.9MB/s, Avg: 583.6(+/-56.8)MB/s
[2024-08-16T20:43:08.762+0800][4.774s][debug][gc,director    ] Select GC Workers (Try Lowering), AvoidLongGCWorkers: 0.010, AvoidOOMGCWorkers: 0.036, NextAvoidOOMGCWorkers: 0.025, LastGCWorkers: 4.000, GCWorkers: 1.000
[2024-08-16T20:43:08.762+0800][4.774s][debug][gc,director    ] Rule: Allocation Rate (Dynamic GC Workers), MaxAllocRate: 770.5MB/s (+/-9.7%), Free: 2384MB, GCCPUTime: 0.111, GCDuration: 0.111s, TimeUntilOOM: 2.819s, TimeUntilGC: 2.609s, GCWorkers: 4 -> 1
[2024-08-16T20:43:08.762+0800][4.774s][debug][gc,director    ] Rule: High Usage, Free: 2384MB(58.2%)
[2024-08-16T20:43:08.762+0800][4.774s][debug][gc,director    ] Rule: Proactive, AcceptableGCInterval: 1.692s, TimeSinceLastGC: 1.382s, TimeUntilGC: 0.310s
[2024-08-16T20:43:08.862+0800][4.873s][debug][gc,alloc       ] Allocation Rate: 450.0MB/s, Predicted: 447.6MB/s, Avg: 567.2(+/-68.2)MB/s
[2024-08-16T20:43:08.862+0800][4.873s][debug][gc,director    ] Select GC Workers (Try Lowering), AvoidLongGCWorkers: 0.010, AvoidOOMGCWorkers: 0.039, NextAvoidOOMGCWorkers: 0.026, LastGCWorkers: 4.000, GCWorkers: 1.000
[2024-08-16T20:43:08.862+0800][4.873s][debug][gc,director    ] Rule: Allocation Rate (Dynamic GC Workers), MaxAllocRate: 791.6MB/s (+/-12.0%), Free: 2320MB, GCCPUTime: 0.111, GCDuration: 0.111s, TimeUntilOOM: 2.616s, TimeUntilGC: 2.405s, GCWorkers: 4 -> 1
[2024-08-16T20:43:08.862+0800][4.873s][debug][gc,director    ] Rule: High Usage, Free: 2320MB(56.6%)
[2024-08-16T20:43:08.862+0800][4.873s][debug][gc,director    ] Rule: Proactive, AcceptableGCInterval: 1.692s, TimeSinceLastGC: 1.481s, TimeUntilGC: 0.211s
[2024-08-16T20:43:08.962+0800][4.974s][debug][gc,alloc       ] Allocation Rate: 418.0MB/s, Predicted: 408.9MB/s, Avg: 544.4(+/-75.7)MB/s
[2024-08-16T20:43:08.962+0800][4.974s][debug][gc,director    ] Select GC Workers (Try Lowering), AvoidLongGCWorkers: 0.010, AvoidOOMGCWorkers: 0.041, NextAvoidOOMGCWorkers: 0.026, LastGCWorkers: 4.000, GCWorkers: 1.000
[2024-08-16T20:43:08.962+0800][4.974s][debug][gc,director    ] Rule: Allocation Rate (Dynamic GC Workers), MaxAllocRate: 793.6MB/s (+/-13.9%), Free: 2256MB, GCCPUTime: 0.111, GCDuration: 0.111s, TimeUntilOOM: 2.495s, TimeUntilGC: 2.285s, GCWorkers: 4 -> 1
[2024-08-16T20:43:08.962+0800][4.974s][debug][gc,director    ] Rule: High Usage, Free: 2256MB(55.1%)
[2024-08-16T20:43:08.962+0800][4.974s][debug][gc,director    ] Rule: Proactive, AcceptableGCInterval: 1.692s, TimeSinceLastGC: 1.582s, TimeUntilGC: 0.111s
[2024-08-16T20:43:09.062+0800][5.074s][debug][gc,alloc       ] Allocation Rate: 450.0MB/s, Predicted: 389.7MB/s, Avg: 528.0(+/-76.6)MB/s
[2024-08-16T20:43:09.062+0800][5.074s][debug][gc,director    ] Select GC Workers (Try Lowering), AvoidLongGCWorkers: 0.010, AvoidOOMGCWorkers: 0.041, NextAvoidOOMGCWorkers: 0.025, LastGCWorkers: 4.000, GCWorkers: 1.000
[2024-08-16T20:43:09.062+0800][5.074s][debug][gc,director    ] Rule: Allocation Rate (Dynamic GC Workers), MaxAllocRate: 780.2MB/s (+/-14.5%), Free: 2224MB, GCCPUTime: 0.111, GCDuration: 0.111s, TimeUntilOOM: 2.489s, TimeUntilGC: 2.279s, GCWorkers: 4 -> 1
[2024-08-16T20:43:09.062+0800][5.074s][debug][gc,director    ] Rule: High Usage, Free: 2224MB(54.3%)
[2024-08-16T20:43:09.062+0800][5.074s][debug][gc,director    ] Rule: Proactive, AcceptableGCInterval: 1.692s, TimeSinceLastGC: 1.682s, TimeUntilGC: 0.010s
[2024-08-16T20:43:09.162+0800][5.173s][debug][gc,alloc       ] Allocation Rate: 450.0MB/s, Predicted: 381.5MB/s, Avg: 511.6(+/-74.0)MB/s
[2024-08-16T20:43:09.162+0800][5.174s][debug][gc,director    ] Select GC Workers (Try Lowering), AvoidLongGCWorkers: 0.010, AvoidOOMGCWorkers: 0.040, NextAvoidOOMGCWorkers: 0.025, LastGCWorkers: 4.000, GCWorkers: 1.000
[2024-08-16T20:43:09.162+0800][5.174s][debug][gc,director    ] Rule: Allocation Rate (Dynamic GC Workers), MaxAllocRate: 755.1MB/s (+/-14.5%), Free: 2192MB, GCCPUTime: 0.111, GCDuration: 0.111s, TimeUntilOOM: 2.536s, TimeUntilGC: 2.326s, GCWorkers: 4 -> 1
[2024-08-16T20:43:09.162+0800][5.174s][debug][gc,director    ] Rule: High Usage, Free: 2192MB(53.5%)
[2024-08-16T20:43:09.162+0800][5.174s][debug][gc,director    ] Rule: Proactive, AcceptableGCInterval: 1.692s, TimeSinceLastGC: 1.782s, TimeUntilGC: -0.089s
[2024-08-16T20:43:09.162+0800][5.174s][debug][gc,heap        ] GC(3) Heap before GC invocations=3 (full 3):
[2024-08-16T20:43:09.162+0800][5.174s][debug][gc,heap        ] GC(3)  ZHeap           used 1864M, capacity 1888M, max capacity 4096M
[2024-08-16T20:43:09.162+0800][5.174s][debug][gc,heap        ] GC(3)  Metaspace       used 841K, committed 960K, reserved 1114112K
[2024-08-16T20:43:09.162+0800][5.174s][debug][gc,heap        ] GC(3)   class space    used 63K, committed 128K, reserved 1048576K
[2024-08-16T20:43:09.162+0800][5.174s][info ][gc,start       ] GC(3) Garbage Collection (Proactive)
[2024-08-16T20:43:09.162+0800][5.174s][info ][gc,task        ] GC(3) Using 4 workers
[2024-08-16T20:43:09.163+0800][5.175s][debug][gc,phases,start] GC(3) Pause Mark Start
[2024-08-16T20:43:09.163+0800][5.175s][debug][gc,marking     ] GC(3) Using 4 mark stripes
[2024-08-16T20:43:09.163+0800][5.175s][debug][gc,marking     ] GC(3) Mark Worker/Stripe Distribution
[2024-08-16T20:43:09.163+0800][5.175s][debug][gc,marking     ] GC(3)   Worker 0(4) -> Stripe 0(4)
[2024-08-16T20:43:09.163+0800][5.175s][debug][gc,marking     ] GC(3)   Worker 1(4) -> Stripe 1(4)
[2024-08-16T20:43:09.163+0800][5.175s][debug][gc,marking     ] GC(3)   Worker 2(4) -> Stripe 2(4)
[2024-08-16T20:43:09.163+0800][5.175s][debug][gc,marking     ] GC(3)   Worker 3(4) -> Stripe 3(4)
[2024-08-16T20:43:09.163+0800][5.175s][info ][gc,phases      ] GC(3) Pause Mark Start 0.262ms
[2024-08-16T20:43:09.163+0800][5.175s][debug][gc,phases,start] GC(3) Concurrent Mark
[2024-08-16T20:43:09.163+0800][5.175s][debug][gc,task        ] GC(3) Executing Task: ZMarkRootsTask, Active Workers: 4
[2024-08-16T20:43:09.164+0800][5.175s][debug][gc,phases,start] GC(3) Concurrent Roots OopStorageSet (ZWorker#0)
[2024-08-16T20:43:09.164+0800][5.175s][debug][gc,phases,start] GC(3) Concurrent Roots OopStorageSet (ZWorker#2)
[2024-08-16T20:43:09.164+0800][5.175s][debug][gc,phases      ] GC(3) Concurrent Roots OopStorageSet (ZWorker#2) 0.040ms
[2024-08-16T20:43:09.164+0800][5.175s][debug][gc,phases,start] GC(3) Concurrent Roots OopStorageSet (ZWorker#3)
[2024-08-16T20:43:09.164+0800][5.175s][debug][gc,phases      ] GC(3) Concurrent Roots OopStorageSet (ZWorker#0) 0.154ms
[2024-08-16T20:43:09.164+0800][5.176s][debug][gc,phases,start] GC(3) Concurrent Roots ClassLoaderDataGraph (ZWorker#0)
[2024-08-16T20:43:09.164+0800][5.175s][debug][gc,phases,start] GC(3) Concurrent Roots ClassLoaderDataGraph (ZWorker#1)
[2024-08-16T20:43:09.164+0800][5.175s][debug][gc,phases      ] GC(3) Concurrent Roots OopStorageSet (ZWorker#3) 0.060ms
[2024-08-16T20:43:09.164+0800][5.176s][debug][gc,phases,start] GC(3) Concurrent Roots ClassLoaderDataGraph (ZWorker#3)
[2024-08-16T20:43:09.164+0800][5.176s][debug][gc,phases      ] GC(3) Concurrent Roots ClassLoaderDataGraph (ZWorker#3) 0.008ms
[2024-08-16T20:43:09.164+0800][5.176s][debug][gc,phases,start] GC(3) Concurrent Roots JavaThreads (ZWorker#3)
[2024-08-16T20:43:09.164+0800][5.176s][debug][gc,phases      ] GC(3) Concurrent Roots ClassLoaderDataGraph (ZWorker#1) 0.262ms
[2024-08-16T20:43:09.164+0800][5.176s][debug][gc,phases,start] GC(3) Concurrent Roots JavaThreads (ZWorker#1)
[2024-08-16T20:43:09.164+0800][5.176s][debug][gc,phases      ] GC(3) Concurrent Roots JavaThreads (ZWorker#3) 0.088ms
[2024-08-16T20:43:09.164+0800][5.175s][debug][gc,phases,start] GC(3) Concurrent Roots ClassLoaderDataGraph (ZWorker#2)
[2024-08-16T20:43:09.164+0800][5.176s][debug][gc,phases      ] GC(3) Concurrent Roots ClassLoaderDataGraph (ZWorker#2) 0.447ms
[2024-08-16T20:43:09.164+0800][5.176s][debug][gc,phases      ] GC(3) Concurrent Roots JavaThreads (ZWorker#1) 0.110ms
[2024-08-16T20:43:09.164+0800][5.176s][debug][gc,phases      ] GC(3) Concurrent Roots ClassLoaderDataGraph (ZWorker#0) 0.422ms
[2024-08-16T20:43:09.164+0800][5.176s][debug][gc,tlab        ] GC(3) TLAB totals: thrds: 1  refills: 23 max: 23 slow allocs: 893 max 893 waste: 15.0% gc: 178384B max: 178384B slow: 724720B max: 724720B
[2024-08-16T20:43:09.165+0800][5.176s][debug][gc,task        ] GC(3) Executing Task: ZMarkTask, Active Workers: 4
[2024-08-16T20:43:09.165+0800][5.177s][debug][gc,phases,start] GC(3) Concurrent Mark (ZWorker#3)
[2024-08-16T20:43:09.165+0800][5.177s][debug][gc,phases,start] GC(3) Concurrent Mark (ZWorker#0)
[2024-08-16T20:43:09.165+0800][5.177s][debug][gc,phases,start] GC(3) Concurrent Mark (ZWorker#1)
[2024-08-16T20:43:09.165+0800][5.177s][debug][gc,phases,start] GC(3) Concurrent Mark (ZWorker#2)
[2024-08-16T20:43:09.166+0800][5.177s][debug][gc,phases,start] GC(3) Concurrent Mark Try Terminate (ZWorker#3)
[2024-08-16T20:43:09.166+0800][5.177s][debug][gc,phases,start] GC(3) Concurrent Mark Try Flush (ZWorker#2)
[2024-08-16T20:43:09.166+0800][5.177s][debug][gc,phases,start] GC(3) Concurrent Mark Try Terminate (ZWorker#0)
[2024-08-16T20:43:09.166+0800][5.177s][debug][gc,phases,start] GC(3) Concurrent Mark Try Terminate (ZWorker#1)
[2024-08-16T20:43:09.167+0800][5.179s][debug][gc,phases      ] GC(3) Concurrent Mark Try Terminate (ZWorker#3) 1.223ms
[2024-08-16T20:43:09.167+0800][5.179s][debug][gc,phases,start] GC(3) Concurrent Mark Try Terminate (ZWorker#3)
[2024-08-16T20:43:09.167+0800][5.179s][debug][gc,phases      ] GC(3) Concurrent Mark Try Terminate (ZWorker#0) 1.317ms
[2024-08-16T20:43:09.167+0800][5.179s][debug][gc,phases,start] GC(3) Concurrent Mark Try Terminate (ZWorker#0)
[2024-08-16T20:43:09.167+0800][5.179s][debug][gc,phases      ] GC(3) Concurrent Mark Try Terminate (ZWorker#1) 1.400ms
[2024-08-16T20:43:09.167+0800][5.179s][debug][gc,phases,start] GC(3) Concurrent Mark Try Terminate (ZWorker#1)
[2024-08-16T20:43:09.168+0800][5.180s][debug][gc,phases      ] GC(3) Concurrent Mark Try Terminate (ZWorker#3) 1.122ms
[2024-08-16T20:43:09.168+0800][5.180s][debug][gc,phases,start] GC(3) Concurrent Mark Try Terminate (ZWorker#3)
[2024-08-16T20:43:09.168+0800][5.180s][debug][gc,phases      ] GC(3) Concurrent Mark Try Terminate (ZWorker#0) 1.071ms
[2024-08-16T20:43:09.168+0800][5.180s][debug][gc,phases,start] GC(3) Concurrent Mark Try Terminate (ZWorker#0)
[2024-08-16T20:43:09.168+0800][5.180s][debug][gc,phases      ] GC(3) Concurrent Mark Try Terminate (ZWorker#1) 1.081ms
[2024-08-16T20:43:09.168+0800][5.180s][debug][gc,phases,start] GC(3) Concurrent Mark Try Terminate (ZWorker#1)
[2024-08-16T20:43:09.169+0800][5.181s][debug][gc,phases      ] GC(3) Concurrent Mark Try Terminate (ZWorker#0) 1.139ms
[2024-08-16T20:43:09.169+0800][5.181s][debug][gc,phases,start] GC(3) Concurrent Mark Try Terminate (ZWorker#0)
[2024-08-16T20:43:09.169+0800][5.181s][debug][gc,phases      ] GC(3) Concurrent Mark Try Terminate (ZWorker#3) 1.242ms
[2024-08-16T20:43:09.169+0800][5.181s][debug][gc,phases,start] GC(3) Concurrent Mark Try Terminate (ZWorker#3)
[2024-08-16T20:43:09.169+0800][5.181s][debug][gc,phases      ] GC(3) Concurrent Mark Try Terminate (ZWorker#1) 1.174ms
[2024-08-16T20:43:09.169+0800][5.181s][debug][gc,phases,start] GC(3) Concurrent Mark Try Terminate (ZWorker#1)
[2024-08-16T20:43:09.170+0800][5.182s][debug][gc,phases      ] GC(3) Concurrent Mark Try Terminate (ZWorker#3) 1.144ms
[2024-08-16T20:43:09.170+0800][5.182s][debug][gc,phases,start] GC(3) Concurrent Mark Try Terminate (ZWorker#3)
[2024-08-16T20:43:09.171+0800][5.182s][debug][gc,phases      ] GC(3) Concurrent Mark Try Terminate (ZWorker#1) 1.172ms
[2024-08-16T20:43:09.171+0800][5.182s][debug][gc,phases,start] GC(3) Concurrent Mark Try Terminate (ZWorker#1)
[2024-08-16T20:43:09.170+0800][5.182s][debug][gc,phases      ] GC(3) Concurrent Mark Try Terminate (ZWorker#0) 1.187ms
[2024-08-16T20:43:09.171+0800][5.182s][debug][gc,phases,start] GC(3) Concurrent Mark Try Terminate (ZWorker#0)
[2024-08-16T20:43:09.172+0800][5.183s][debug][gc,phases      ] GC(3) Concurrent Mark Try Terminate (ZWorker#1) 1.176ms
[2024-08-16T20:43:09.172+0800][5.184s][debug][gc,phases,start] GC(3) Concurrent Mark Try Terminate (ZWorker#1)
[2024-08-16T20:43:09.172+0800][5.184s][debug][gc,phases      ] GC(3) Concurrent Mark Try Terminate (ZWorker#3) 1.254ms
[2024-08-16T20:43:09.172+0800][5.184s][debug][gc,phases,start] GC(3) Concurrent Mark Try Terminate (ZWorker#3)
[2024-08-16T20:43:09.172+0800][5.184s][debug][gc,phases      ] GC(3) Concurrent Mark Try Terminate (ZWorker#0) 1.195ms
[2024-08-16T20:43:09.172+0800][5.184s][debug][gc,phases,start] GC(3) Concurrent Mark Try Terminate (ZWorker#0)
[2024-08-16T20:43:09.173+0800][5.185s][debug][gc,phases      ] GC(3) Concurrent Mark Try Terminate (ZWorker#3) 1.138ms
[2024-08-16T20:43:09.173+0800][5.185s][debug][gc,phases,start] GC(3) Concurrent Mark Try Terminate (ZWorker#3)
[2024-08-16T20:43:09.173+0800][5.185s][debug][gc,phases      ] GC(3) Concurrent Mark Try Terminate (ZWorker#1) 1.260ms
[2024-08-16T20:43:09.173+0800][5.185s][debug][gc,phases,start] GC(3) Concurrent Mark Try Terminate (ZWorker#1)
[2024-08-16T20:43:09.173+0800][5.185s][debug][gc,phases      ] GC(3) Concurrent Mark Try Terminate (ZWorker#0) 1.190ms
[2024-08-16T20:43:09.173+0800][5.185s][debug][gc,phases,start] GC(3) Concurrent Mark Try Terminate (ZWorker#0)
[2024-08-16T20:43:09.174+0800][5.186s][debug][gc,phases      ] GC(3) Concurrent Mark Try Terminate (ZWorker#3) 1.157ms
[2024-08-16T20:43:09.174+0800][5.186s][debug][gc,phases,start] GC(3) Concurrent Mark Try Terminate (ZWorker#3)
[2024-08-16T20:43:09.174+0800][5.186s][debug][gc,phases      ] GC(3) Concurrent Mark Try Terminate (ZWorker#1) 1.214ms
[2024-08-16T20:43:09.174+0800][5.186s][debug][gc,phases      ] GC(3) Concurrent Mark Try Terminate (ZWorker#0) 1.163ms
[2024-08-16T20:43:09.175+0800][5.186s][debug][gc,phases,start] GC(3) Concurrent Mark Try Terminate (ZWorker#0)
[2024-08-16T20:43:09.174+0800][5.186s][debug][gc,phases,start] GC(3) Concurrent Mark Try Terminate (ZWorker#1)
[2024-08-16T20:43:09.176+0800][5.187s][debug][gc,phases      ] GC(3) Concurrent Mark Try Terminate (ZWorker#3) 1.162ms
[2024-08-16T20:43:09.176+0800][5.188s][debug][gc,phases      ] GC(3) Concurrent Mark Try Terminate (ZWorker#1) 1.248ms
[2024-08-16T20:43:09.176+0800][5.188s][debug][gc,phases,start] GC(3) Concurrent Mark Try Terminate (ZWorker#1)
[2024-08-16T20:43:09.176+0800][5.188s][debug][gc,phases,start] GC(3) Concurrent Mark Try Terminate (ZWorker#3)
[2024-08-16T20:43:09.176+0800][5.187s][debug][gc,phases      ] GC(3) Concurrent Mark Try Terminate (ZWorker#0) 1.158ms
[2024-08-16T20:43:09.176+0800][5.188s][debug][gc,phases,start] GC(3) Concurrent Mark Try Terminate (ZWorker#0)
[2024-08-16T20:43:09.177+0800][5.189s][debug][gc,phases      ] GC(3) Concurrent Mark Try Terminate (ZWorker#1) 1.151ms
[2024-08-16T20:43:09.177+0800][5.189s][debug][gc,phases      ] GC(3) Concurrent Mark Try Terminate (ZWorker#3) 1.276ms
[2024-08-16T20:43:09.177+0800][5.189s][debug][gc,phases,start] GC(3) Concurrent Mark Try Terminate (ZWorker#3)
[2024-08-16T20:43:09.177+0800][5.189s][debug][gc,phases      ] GC(3) Concurrent Mark Try Terminate (ZWorker#0) 1.198ms
[2024-08-16T20:43:09.177+0800][5.189s][debug][gc,phases,start] GC(3) Concurrent Mark Try Terminate (ZWorker#0)
[2024-08-16T20:43:09.178+0800][5.190s][debug][gc,phases      ] GC(3) Concurrent Mark Try Flush (ZWorker#2) 12.199ms
[2024-08-16T20:43:09.178+0800][5.190s][debug][gc,phases,start] GC(3) Concurrent Mark Try Flush (ZWorker#2)
[2024-08-16T20:43:09.178+0800][5.190s][debug][gc,phases      ] GC(3) Concurrent Mark Try Flush (ZWorker#2) 0.139ms
[2024-08-16T20:43:09.178+0800][5.190s][debug][gc,phases      ] GC(3) Concurrent Mark Try Terminate (ZWorker#3) 1.110ms
[2024-08-16T20:43:09.178+0800][5.190s][debug][gc,phases      ] GC(3) Concurrent Mark Try Terminate (ZWorker#0) 1.204ms
[2024-08-16T20:43:09.178+0800][5.190s][debug][gc,phases,start] GC(3) Concurrent Mark Try Terminate (ZWorker#0)
[2024-08-16T20:43:09.179+0800][5.191s][debug][gc,phases,start] GC(3) Concurrent Mark Try Flush (ZWorker#2)
[2024-08-16T20:43:09.179+0800][5.191s][debug][gc,phases,start] GC(3) Concurrent Mark Try Terminate (ZWorker#1)
[2024-08-16T20:43:09.179+0800][5.191s][debug][gc,phases      ] GC(3) Concurrent Mark Try Flush (ZWorker#2) 0.242ms
[2024-08-16T20:43:09.179+0800][5.191s][debug][gc,phases,start] GC(3) Concurrent Mark Try Terminate (ZWorker#2)
[2024-08-16T20:43:09.180+0800][5.191s][debug][gc,phases      ] GC(3) Concurrent Mark Try Terminate (ZWorker#0) 1.137ms
[2024-08-16T20:43:09.180+0800][5.191s][debug][gc,phases,start] GC(3) Concurrent Mark Try Terminate (ZWorker#0)
[2024-08-16T20:43:09.180+0800][5.192s][debug][gc,phases,start] GC(3) Concurrent Mark Try Terminate (ZWorker#3)
[2024-08-16T20:43:09.180+0800][5.192s][debug][gc,phases,start] GC(3) Concurrent Mark Try Flush (ZWorker#3)
[2024-08-16T20:43:09.180+0800][5.192s][debug][gc,phases      ] GC(3) Concurrent Mark Try Terminate (ZWorker#1) 1.145ms
[2024-08-16T20:43:09.180+0800][5.192s][debug][gc,phases,start] GC(3) Concurrent Mark Try Terminate (ZWorker#1)
[2024-08-16T20:43:09.180+0800][5.192s][debug][gc,phases      ] GC(3) Concurrent Mark Try Flush (ZWorker#3) 0.201ms
[2024-08-16T20:43:09.180+0800][5.192s][debug][gc,phases      ] GC(3) Concurrent Mark Try Terminate (ZWorker#3) 0.257ms
[2024-08-16T20:43:09.180+0800][5.192s][debug][gc,phases      ] GC(3) Concurrent Mark Try Terminate (ZWorker#2) 1.105ms
[2024-08-16T20:43:09.180+0800][5.192s][debug][gc,phases,start] GC(3) Concurrent Mark Try Terminate (ZWorker#2)
[2024-08-16T20:43:09.180+0800][5.192s][debug][gc,phases,start] GC(3) Concurrent Mark Try Terminate (ZWorker#3)
[2024-08-16T20:43:09.180+0800][5.192s][debug][gc,phases      ] GC(3) Concurrent Mark Try Terminate (ZWorker#3) 0.073ms
[2024-08-16T20:43:09.180+0800][5.192s][debug][gc,phases      ] GC(3) Concurrent Mark (ZWorker#3) 15.613ms
[2024-08-16T20:43:09.181+0800][5.192s][debug][gc,phases      ] GC(3) Concurrent Mark Try Terminate (ZWorker#0) 1.079ms
[2024-08-16T20:43:09.181+0800][5.192s][debug][gc,phases      ] GC(3) Concurrent Mark (ZWorker#0) 15.847ms
[2024-08-16T20:43:09.181+0800][5.193s][debug][gc,phases      ] GC(3) Concurrent Mark Try Terminate (ZWorker#1) 1.129ms
[2024-08-16T20:43:09.181+0800][5.193s][debug][gc,phases      ] GC(3) Concurrent Mark (ZWorker#1) 16.567ms
[2024-08-16T20:43:09.182+0800][5.193s][debug][gc,phases      ] GC(3) Concurrent Mark Try Terminate (ZWorker#2) 1.228ms
[2024-08-16T20:43:09.182+0800][5.193s][debug][gc,phases      ] GC(3) Concurrent Mark (ZWorker#2) 16.809ms
[2024-08-16T20:43:09.182+0800][5.193s][info ][gc,phases      ] GC(3) Concurrent Mark 18.373ms
[2024-08-16T20:43:09.182+0800][5.194s][debug][gc,phases,start] GC(3) Pause Mark End
[2024-08-16T20:43:09.182+0800][5.194s][info ][gc,phases      ] GC(3) Pause Mark End 0.028ms
[2024-08-16T20:43:09.182+0800][5.194s][debug][gc,phases,start] GC(3) Concurrent Mark Free
[2024-08-16T20:43:09.182+0800][5.194s][info ][gc,phases      ] GC(3) Concurrent Mark Free 0.018ms
[2024-08-16T20:43:09.182+0800][5.194s][debug][gc,phases,start] GC(3) Concurrent Process Non-Strong References
[2024-08-16T20:43:09.182+0800][5.194s][debug][gc,phases,start] GC(3) Concurrent References Process (ZDriver)
[2024-08-16T20:43:09.182+0800][5.194s][debug][gc,task        ] GC(3) Executing Task: ZReferenceProcessorTask, Active Workers: 4
[2024-08-16T20:43:09.182+0800][5.194s][debug][gc,phases      ] GC(3) Concurrent References Process (ZDriver) 0.057ms
[2024-08-16T20:43:09.182+0800][5.194s][debug][gc,task        ] GC(3) Executing Task: ZProcessWeakRootsTask, Active Workers: 4
[2024-08-16T20:43:09.182+0800][5.194s][debug][gc,phases,start] GC(3) Concurrent Weak Roots OopStorageSet (ZWorker#3)
[2024-08-16T20:43:09.182+0800][5.194s][debug][gc,phases,start] GC(3) Concurrent Weak Roots OopStorageSet (ZWorker#1)
[2024-08-16T20:43:09.182+0800][5.194s][debug][gc,phases,start] GC(3) Concurrent Weak Roots OopStorageSet (ZWorker#2)
[2024-08-16T20:43:09.182+0800][5.194s][debug][gc,phases      ] GC(3) Concurrent Weak Roots OopStorageSet (ZWorker#2) 0.075ms
[2024-08-16T20:43:09.182+0800][5.194s][debug][gc,phases,start] GC(3) Concurrent Weak Roots OopStorageSet (ZWorker#0)
[2024-08-16T20:43:09.182+0800][5.194s][debug][gc,phases      ] GC(3) Concurrent Weak Roots OopStorageSet (ZWorker#1) 0.074ms
[2024-08-16T20:43:09.182+0800][5.194s][debug][gc,phases      ] GC(3) Concurrent Weak Roots OopStorageSet (ZWorker#0) 0.035ms
[2024-08-16T20:43:09.182+0800][5.194s][debug][gc,phases      ] GC(3) Concurrent Weak Roots OopStorageSet (ZWorker#3) 0.086ms
[2024-08-16T20:43:09.182+0800][5.194s][debug][gc,phases,start] GC(3) Concurrent Classes Unlink (ZDriver)
[2024-08-16T20:43:09.183+0800][5.194s][debug][gc,phases,start] GC(3) ClassLoaderData
[2024-08-16T20:43:09.183+0800][5.194s][debug][gc,phases      ] GC(3) ClassLoaderData 0.012ms
[2024-08-16T20:43:09.183+0800][5.194s][debug][gc,phases,start] GC(3) Trigger cleanups
[2024-08-16T20:43:09.183+0800][5.194s][debug][gc,phases      ] GC(3) Trigger cleanups 0.005ms
[2024-08-16T20:43:09.183+0800][5.194s][debug][gc,task        ] GC(3) Executing Task: ZNMethodUnlinkTask, Active Workers: 4
[2024-08-16T20:43:09.183+0800][5.195s][debug][gc,phases      ] GC(3) Concurrent Classes Unlink (ZDriver) 0.353ms
[2024-08-16T20:43:09.183+0800][5.195s][debug][gc,phases,start] GC(3) Concurrent Classes Purge (ZDriver)
[2024-08-16T20:43:09.183+0800][5.195s][debug][gc,task        ] GC(3) Executing Task: ZNMethodPurgeTask, Active Workers: 4
[2024-08-16T20:43:09.183+0800][5.195s][debug][gc,phases      ] GC(3) Concurrent Classes Purge (ZDriver) 0.103ms
[2024-08-16T20:43:09.183+0800][5.195s][debug][gc,phases,start] GC(3) Concurrent References Enqueue (ZDriver)
[2024-08-16T20:43:09.183+0800][5.195s][debug][gc,phases      ] GC(3) Concurrent References Enqueue (ZDriver) 0.004ms
[2024-08-16T20:43:09.183+0800][5.195s][info ][gc,phases      ] GC(3) Concurrent Process Non-Strong References 1.009ms
[2024-08-16T20:43:09.183+0800][5.195s][debug][gc,phases,start] GC(3) Concurrent Reset Relocation Set
[2024-08-16T20:43:09.183+0800][5.195s][info ][gc,phases      ] GC(3) Concurrent Reset Relocation Set 0.004ms
[2024-08-16T20:43:09.183+0800][5.195s][debug][gc,phases,start] GC(3) Concurrent Select Relocation Set
[2024-08-16T20:43:09.184+0800][5.195s][debug][gc,task        ] GC(3) Executing Task: ZRelocationSetInstallTask, Active Workers: 4
[2024-08-16T20:43:09.184+0800][5.195s][info ][gc,phases      ] GC(3) Concurrent Select Relocation Set 0.573ms
[2024-08-16T20:43:09.184+0800][5.196s][debug][gc,phases,start] GC(3) Pause Relocate Start
[2024-08-16T20:43:09.184+0800][5.196s][info ][gc,phases      ] GC(3) Pause Relocate Start 0.029ms
[2024-08-16T20:43:09.184+0800][5.196s][debug][gc,phases,start] GC(3) Concurrent Relocate
[2024-08-16T20:43:09.184+0800][5.196s][debug][gc,task        ] GC(3) Executing Task: ZRelocateTask, Active Workers: 4
[2024-08-16T20:43:09.185+0800][5.197s][info ][gc,phases      ] GC(3) Concurrent Relocate 0.836ms
[2024-08-16T20:43:09.185+0800][5.197s][debug][gc,heap        ] GC(3) Heap after GC invocations=4 (full 4):
[2024-08-16T20:43:09.185+0800][5.197s][debug][gc,heap        ] GC(3)  ZHeap           used 1412M, capacity 1920M, max capacity 4096M
[2024-08-16T20:43:09.185+0800][5.197s][debug][gc,heap        ] GC(3)  Metaspace       used 841K, committed 960K, reserved 1114112K
[2024-08-16T20:43:09.185+0800][5.197s][debug][gc,heap        ] GC(3)   class space    used 63K, committed 128K, reserved 1048576K
[2024-08-16T20:43:09.185+0800][5.197s][info ][gc,load        ] GC(3) Load: 1.88/0.56/0.19
[2024-08-16T20:43:09.185+0800][5.197s][info ][gc,mmu         ] GC(3) MMU: 2ms/77.6%, 5ms/91.1%, 10ms/95.5%, 20ms/97.5%, 50ms/99.0%, 100ms/99.5%
[2024-08-16T20:43:09.185+0800][5.197s][info ][gc,marking     ] GC(3) Mark: 4 stripe(s), 3 proactive flush(es), 1 terminate flush(es), 0 completion(s), 0 continuation(s) 
[2024-08-16T20:43:09.185+0800][5.197s][info ][gc,marking     ] GC(3) Mark Stack Usage: 32M
[2024-08-16T20:43:09.185+0800][5.197s][info ][gc,nmethod     ] GC(3) NMethods: 506 registered, 0 unregistered
[2024-08-16T20:43:09.185+0800][5.197s][info ][gc,metaspace   ] GC(3) Metaspace: 0M used, 0M committed, 1088M reserved
[2024-08-16T20:43:09.185+0800][5.197s][info ][gc,ref         ] GC(3) Soft: 104 encountered, 0 discovered, 0 enqueued
[2024-08-16T20:43:09.185+0800][5.197s][info ][gc,ref         ] GC(3) Weak: 193 encountered, 167 discovered, 0 enqueued
[2024-08-16T20:43:09.185+0800][5.197s][info ][gc,ref         ] GC(3) Final: 0 encountered, 0 discovered, 0 enqueued
[2024-08-16T20:43:09.185+0800][5.197s][info ][gc,ref         ] GC(3) Phantom: 1 encountered, 0 discovered, 0 enqueued
[2024-08-16T20:43:09.185+0800][5.197s][info ][gc,reloc       ] GC(3) Small Pages: 4 / 8M, Empty: 2M, Relocated: 0M, In-Place: 0
[2024-08-16T20:43:09.185+0800][5.197s][info ][gc,reloc       ] GC(3) Medium Pages: 58 / 1856M, Empty: 480M, Relocated: 0M, In-Place: 0
[2024-08-16T20:43:09.185+0800][5.197s][info ][gc,reloc       ] GC(3) Large Pages: 0 / 0M, Empty: 0M, Relocated: 0M, In-Place: 0
[2024-08-16T20:43:09.185+0800][5.197s][info ][gc,reloc       ] GC(3) Forwarding Usage: 0M
[2024-08-16T20:43:09.185+0800][5.197s][info ][gc,heap        ] GC(3) Min Capacity: 512M(12%)
[2024-08-16T20:43:09.185+0800][5.197s][info ][gc,heap        ] GC(3) Max Capacity: 4096M(100%)
[2024-08-16T20:43:09.185+0800][5.197s][info ][gc,heap        ] GC(3) Soft Max Capacity: 4096M(100%)
[2024-08-16T20:43:09.185+0800][5.197s][info ][gc,heap        ] GC(3)                Mark Start          Mark End        Relocate Start      Relocate End           High               Low         
[2024-08-16T20:43:09.185+0800][5.197s][info ][gc,heap        ] GC(3)  Capacity:     1888M (46%)        1920M (47%)        1920M (47%)        1920M (47%)        1920M (47%)        1888M (46%)    
[2024-08-16T20:43:09.185+0800][5.197s][info ][gc,heap        ] GC(3)      Free:     2232M (54%)        2198M (54%)        2680M (65%)        2684M (66%)        2684M (66%)        2198M (54%)    
[2024-08-16T20:43:09.185+0800][5.197s][info ][gc,heap        ] GC(3)      Used:     1864M (46%)        1898M (46%)        1416M (35%)        1412M (34%)        1898M (46%)        1412M (34%)    
[2024-08-16T20:43:09.185+0800][5.197s][info ][gc,heap        ] GC(3)      Live:         -              1308M (32%)        1308M (32%)        1308M (32%)            -                  -          
[2024-08-16T20:43:09.185+0800][5.197s][info ][gc,heap        ] GC(3) Allocated:         -                34M (1%)           34M (1%)           33M (1%)             -                  -          
[2024-08-16T20:43:09.185+0800][5.197s][info ][gc,heap        ] GC(3)   Garbage:         -               555M (14%)          73M (2%)           69M (2%)             -                  -          
[2024-08-16T20:43:09.185+0800][5.197s][info ][gc,heap        ] GC(3) Reclaimed:         -                  -               482M (12%)         485M (12%)            -                  -          
[2024-08-16T20:43:09.185+0800][5.197s][info ][gc             ] GC(3) Garbage Collection (Proactive) 1864M(46%)->1412M(34%)
[2024-08-16T20:43:09.262+0800][5.274s][debug][gc,alloc       ] Allocation Rate: 452.0MB/s, Predicted: 384.4MB/s, Avg: 495.6(+/-67.6)MB/s
[2024-08-16T20:43:09.262+0800][5.274s][debug][gc,director    ] Select GC Workers (Try Lowering), AvoidLongGCWorkers: 0.011, AvoidOOMGCWorkers: 0.034, NextAvoidOOMGCWorkers: 0.035, LastGCWorkers: 4.000, GCWorkers: 1.000
[2024-08-16T20:43:09.262+0800][5.274s][debug][gc,director    ] Rule: Allocation Rate (Dynamic GC Workers), MaxAllocRate: 717.9MB/s (+/-13.6%), Free: 2612MB, GCCPUTime: 0.116, GCDuration: 0.116s, TimeUntilOOM: 3.202s, TimeUntilGC: 2.986s, GCWorkers: 4 -> 1
[2024-08-16T20:43:09.262+0800][5.274s][debug][gc,director    ] Rule: High Usage, Free: 2612MB(63.8%)
[2024-08-16T20:43:09.262+0800][5.274s][debug][gc,director    ] Rule: Proactive, UsedUntilEnabled: 377MB, TimeUntilEnabled: 299.923s
[2024-08-16T20:43:09.362+0800][5.373s][debug][gc,alloc       ] Allocation Rate: 516.0MB/s, Predicted: 423.6MB/s, Avg: 486.0(+/-56.2)MB/s
[2024-08-16T20:43:09.362+0800][5.373s][debug][gc,director    ] Select GC Workers (Try Lowering), AvoidLongGCWorkers: 0.011, AvoidOOMGCWorkers: 0.032, NextAvoidOOMGCWorkers: 0.033, LastGCWorkers: 4.000, GCWorkers: 1.000
[2024-08-16T20:43:09.362+0800][5.373s][debug][gc,director    ] Rule: Allocation Rate (Dynamic GC Workers), MaxAllocRate: 671.0MB/s (+/-11.6%), Free: 2516MB, GCCPUTime: 0.116, GCDuration: 0.116s, TimeUntilOOM: 3.361s, TimeUntilGC: 3.145s, GCWorkers: 4 -> 1
[2024-08-16T20:43:09.362+0800][5.373s][debug][gc,director    ] Rule: High Usage, Free: 2516MB(61.4%)
[2024-08-16T20:43:09.362+0800][5.373s][debug][gc,director    ] Rule: Proactive, UsedUntilEnabled: 281MB, TimeUntilEnabled: 299.823s
[2024-08-16T20:43:09.462+0800][5.474s][debug][gc,alloc       ] Allocation Rate: 516.0MB/s, Predicted: 468.7MB/s, Avg: 476.6(+/-40.3)MB/s
[2024-08-16T20:43:09.462+0800][5.474s][debug][gc,director    ] Select GC Workers (Try Lowering), AvoidLongGCWorkers: 0.011, AvoidOOMGCWorkers: 0.029, NextAvoidOOMGCWorkers: 0.029, LastGCWorkers: 4.000, GCWorkers: 1.000
[2024-08-16T20:43:09.462+0800][5.474s][debug][gc,director    ] Rule: Allocation Rate (Dynamic GC Workers), MaxAllocRate: 609.2MB/s (+/-8.5%), Free: 2452MB, GCCPUTime: 0.116, GCDuration: 0.116s, TimeUntilOOM: 3.711s, TimeUntilGC: 3.496s, GCWorkers: 4 -> 1
[2024-08-16T20:43:09.462+0800][5.474s][debug][gc,director    ] Rule: High Usage, Free: 2452MB(59.9%)
[2024-08-16T20:43:09.462+0800][5.474s][debug][gc,director    ] Rule: Proactive, UsedUntilEnabled: 217MB, TimeUntilEnabled: 299.723s
[2024-08-16T20:43:09.562+0800][5.574s][debug][gc,alloc       ] Allocation Rate: 580.0MB/s, Predicted: 528.5MB/s, Avg: 480.0(+/-46.9)MB/s
[2024-08-16T20:43:09.562+0800][5.574s][debug][gc,director    ] Select GC Workers (Try Lowering), AvoidLongGCWorkers: 0.011, AvoidOOMGCWorkers: 0.035, NextAvoidOOMGCWorkers: 0.033, LastGCWorkers: 4.000, GCWorkers: 1.000
[2024-08-16T20:43:09.562+0800][5.574s][debug][gc,director    ] Rule: Allocation Rate (Dynamic GC Workers), MaxAllocRate: 682.9MB/s (+/-9.8%), Free: 2356MB, GCCPUTime: 0.116, GCDuration: 0.116s, TimeUntilOOM: 3.143s, TimeUntilGC: 2.927s, GCWorkers: 4 -> 1
[2024-08-16T20:43:09.562+0800][5.574s][debug][gc,director    ] Rule: High Usage, Free: 2356MB(57.5%)
[2024-08-16T20:43:09.562+0800][5.574s][debug][gc,director    ] Rule: Proactive, UsedUntilEnabled: 121MB, TimeUntilEnabled: 299.622s
[2024-08-16T20:43:09.662+0800][5.673s][debug][gc,alloc       ] Allocation Rate: 612.0MB/s, Predicted: 590.9MB/s, Avg: 489.6(+/-61.0)MB/s
[2024-08-16T20:43:09.662+0800][5.673s][debug][gc,director    ] Select GC Workers (Try Lowering), AvoidLongGCWorkers: 0.011, AvoidOOMGCWorkers: 0.042, NextAvoidOOMGCWorkers: 0.038, LastGCWorkers: 4.000, GCWorkers: 1.000
[2024-08-16T20:43:09.662+0800][5.673s][debug][gc,director    ] Rule: Allocation Rate (Dynamic GC Workers), MaxAllocRate: 791.6MB/s (+/-12.5%), Free: 2290MB, GCCPUTime: 0.116, GCDuration: 0.116s, TimeUntilOOM: 2.572s, TimeUntilGC: 2.357s, GCWorkers: 4 -> 1
[2024-08-16T20:43:09.662+0800][5.674s][debug][gc,director    ] Rule: High Usage, Free: 2290MB(55.9%)
[2024-08-16T20:43:09.662+0800][5.674s][debug][gc,director    ] Rule: Proactive, UsedUntilEnabled: 55MB, TimeUntilEnabled: 299.523s
[2024-08-16T20:43:09.762+0800][5.774s][debug][gc,alloc       ] Allocation Rate: 676.0MB/s, Predicted: 655.5MB/s, Avg: 512.0(+/-80.9)MB/s
[2024-08-16T20:43:09.762+0800][5.774s][debug][gc,director    ] Select GC Workers (Unsteady), AvoidLongGCWorkers: 0.011, AvoidOOMGCWorkers: 0.053, LastGCWorkers: 4.000, HalfGCWorkers: 2.000, GCWorkers: 4.000
[2024-08-16T20:43:09.762+0800][5.774s][debug][gc,director    ] Rule: Allocation Rate (Dynamic GC Workers), MaxAllocRate: 921.8MB/s (+/-15.8%), Free: 2194MB, GCCPUTime: 0.116, GCDuration: 0.034s, TimeUntilOOM: 2.055s, TimeUntilGC: 1.921s, GCWorkers: 4 -> 4
[2024-08-16T20:43:09.762+0800][5.774s][debug][gc,director    ] Rule: High Usage, Free: 2194MB(53.6%)
[2024-08-16T20:43:09.762+0800][5.774s][debug][gc,director    ] Rule: Proactive, AcceptableGCInterval: 1.658s, TimeSinceLastGC: 0.577s, TimeUntilGC: 1.081s
[2024-08-16T20:43:09.862+0800][5.874s][debug][gc,alloc       ] Allocation Rate: 676.0MB/s, Predicted: 704.5MB/s, Avg: 534.6(+/-91.4)MB/s
[2024-08-16T20:43:09.862+0800][5.874s][debug][gc,director    ] Select GC Workers (Unsteady), AvoidLongGCWorkers: 0.011, AvoidOOMGCWorkers: 0.060, LastGCWorkers: 4.000, HalfGCWorkers: 2.000, GCWorkers: 4.000
[2024-08-16T20:43:09.862+0800][5.874s][debug][gc,director    ] Rule: Allocation Rate (Dynamic GC Workers), MaxAllocRate: 1005.2MB/s (+/-17.1%), Free: 2130MB, GCCPUTime: 0.116, GCDuration: 0.034s, TimeUntilOOM: 1.810s, TimeUntilGC: 1.676s, GCWorkers: 4 -> 4
[2024-08-16T20:43:09.862+0800][5.874s][debug][gc,director    ] Rule: High Usage, Free: 2130MB(52.0%)
[2024-08-16T20:43:09.862+0800][5.874s][debug][gc,director    ] Rule: Proactive, AcceptableGCInterval: 1.658s, TimeSinceLastGC: 0.678s, TimeUntilGC: 0.981s
[2024-08-16T20:43:09.962+0800][5.973s][debug][gc,alloc       ] Allocation Rate: 676.0MB/s, Predicted: 730.0MB/s, Avg: 560.4(+/-91.2)MB/s
[2024-08-16T20:43:09.962+0800][5.973s][debug][gc,director    ] Select GC Workers (Unsteady), AvoidLongGCWorkers: 0.011, AvoidOOMGCWorkers: 0.062, LastGCWorkers: 4.000, HalfGCWorkers: 2.000, GCWorkers: 4.000
[2024-08-16T20:43:09.962+0800][5.973s][debug][gc,director    ] Rule: Allocation Rate (Dynamic GC Workers), MaxAllocRate: 1030.2MB/s (+/-16.3%), Free: 2098MB, GCCPUTime: 0.116, GCDuration: 0.034s, TimeUntilOOM: 1.751s, TimeUntilGC: 1.618s, GCWorkers: 4 -> 4
[2024-08-16T20:43:09.962+0800][5.973s][debug][gc,director    ] Rule: High Usage, Free: 2098MB(51.2%)
[2024-08-16T20:43:09.962+0800][5.973s][debug][gc,director    ] Rule: Proactive, AcceptableGCInterval: 1.658s, TimeSinceLastGC: 0.777s, TimeUntilGC: 0.881s
[2024-08-16T20:43:10.062+0800][6.074s][debug][gc,alloc       ] Allocation Rate: 676.0MB/s, Predicted: 746.8MB/s, Avg: 583.0(+/-89.0)MB/s
[2024-08-16T20:43:10.062+0800][6.074s][debug][gc,director    ] Select GC Workers (Unsteady), AvoidLongGCWorkers: 0.011, AvoidOOMGCWorkers: 0.064, LastGCWorkers: 4.000, HalfGCWorkers: 2.000, GCWorkers: 4.000
[2024-08-16T20:43:10.062+0800][6.074s][debug][gc,director    ] Rule: Allocation Rate (Dynamic GC Workers), MaxAllocRate: 1039.8MB/s (+/-15.3%), Free: 2034MB, GCCPUTime: 0.116, GCDuration: 0.034s, TimeUntilOOM: 1.697s, TimeUntilGC: 1.563s, GCWorkers: 4 -> 4
[2024-08-16T20:43:10.062+0800][6.074s][debug][gc,director    ] Rule: High Usage, Free: 2034MB(49.7%)
[2024-08-16T20:43:10.062+0800][6.074s][debug][gc,director    ] Rule: Proactive, AcceptableGCInterval: 1.658s, TimeSinceLastGC: 0.877s, TimeUntilGC: 0.781s
[2024-08-16T20:43:10.162+0800][6.174s][debug][gc,alloc       ] Allocation Rate: 676.0MB/s, Predicted: 748.5MB/s, Avg: 605.6(+/-80.7)MB/s
[2024-08-16T20:43:10.162+0800][6.174s][debug][gc,director    ] Select GC Workers (Try Lowering), AvoidLongGCWorkers: 0.011, AvoidOOMGCWorkers: 0.063, NextAvoidOOMGCWorkers: 0.043, LastGCWorkers: 4.000, GCWorkers: 1.000
[2024-08-16T20:43:10.162+0800][6.174s][debug][gc,director    ] Rule: Allocation Rate (Dynamic GC Workers), MaxAllocRate: 1014.1MB/s (+/-13.3%), Free: 2002MB, GCCPUTime: 0.116, GCDuration: 0.116s, TimeUntilOOM: 1.742s, TimeUntilGC: 1.526s, GCWorkers: 4 -> 1
[2024-08-16T20:43:10.162+0800][6.174s][debug][gc,director    ] Rule: High Usage, Free: 2002MB(48.9%)
[2024-08-16T20:43:10.162+0800][6.174s][debug][gc,director    ] Rule: Proactive, AcceptableGCInterval: 1.658s, TimeSinceLastGC: 0.978s, TimeUntilGC: 0.681s
[2024-08-16T20:43:10.261+0800][6.273s][debug][gc,alloc       ] Allocation Rate: 644.0MB/s, Predicted: 722.9MB/s, Avg: 624.8(+/-62.7)MB/s
[2024-08-16T20:43:10.262+0800][6.273s][debug][gc,director    ] Select GC Workers (Try Lowering), AvoidLongGCWorkers: 0.011, AvoidOOMGCWorkers: 0.057, NextAvoidOOMGCWorkers: 0.039, LastGCWorkers: 4.000, GCWorkers: 1.000
[2024-08-16T20:43:10.262+0800][6.273s][debug][gc,director    ] Rule: Allocation Rate (Dynamic GC Workers), MaxAllocRate: 929.3MB/s (+/-10.0%), Free: 1968MB, GCCPUTime: 0.116, GCDuration: 0.116s, TimeUntilOOM: 1.925s, TimeUntilGC: 1.709s, GCWorkers: 4 -> 1
[2024-08-16T20:43:10.262+0800][6.273s][debug][gc,director    ] Rule: High Usage, Free: 1968MB(48.0%)
[2024-08-16T20:43:10.262+0800][6.273s][debug][gc,director    ] Rule: Proactive, AcceptableGCInterval: 1.658s, TimeSinceLastGC: 1.077s, TimeUntilGC: 0.582s
[2024-08-16T20:43:10.362+0800][6.374s][debug][gc,alloc       ] Allocation Rate: 580.0MB/s, Predicted: 676.0MB/s, Avg: 631.2(+/-53.9)MB/s
[2024-08-16T20:43:10.362+0800][6.374s][debug][gc,director    ] Select GC Workers (Try Lowering), AvoidLongGCWorkers: 0.011, AvoidOOMGCWorkers: 0.052, NextAvoidOOMGCWorkers: 0.035, LastGCWorkers: 4.000, GCWorkers: 1.000
[2024-08-16T20:43:10.362+0800][6.374s][debug][gc,director    ] Rule: Allocation Rate (Dynamic GC Workers), MaxAllocRate: 853.4MB/s (+/-8.5%), Free: 1936MB, GCCPUTime: 0.116, GCDuration: 0.116s, TimeUntilOOM: 2.090s, TimeUntilGC: 1.874s, GCWorkers: 4 -> 1
[2024-08-16T20:43:10.362+0800][6.374s][debug][gc,director    ] Rule: High Usage, Free: 1936MB(47.3%)
[2024-08-16T20:43:10.362+0800][6.374s][debug][gc,director    ] Rule: Proactive, AcceptableGCInterval: 1.658s, TimeSinceLastGC: 1.177s, TimeUntilGC: 0.481s
[2024-08-16T20:43:10.462+0800][6.474s][debug][gc,alloc       ] Allocation Rate: 580.0MB/s, Predicted: 624.8MB/s, Avg: 637.6(+/-42.5)MB/s
[2024-08-16T20:43:10.462+0800][6.474s][debug][gc,director    ] Select GC Workers (Try Lowering), AvoidLongGCWorkers: 0.011, AvoidOOMGCWorkers: 0.048, NextAvoidOOMGCWorkers: 0.033, LastGCWorkers: 4.000, GCWorkers: 1.000
[2024-08-16T20:43:10.463+0800][6.474s][debug][gc,director    ] Rule: Allocation Rate (Dynamic GC Workers), MaxAllocRate: 777.3MB/s (+/-6.7%), Free: 1872MB, GCCPUTime: 0.116, GCDuration: 0.116s, TimeUntilOOM: 2.258s, TimeUntilGC: 2.042s, GCWorkers: 4 -> 1
[2024-08-16T20:43:10.463+0800][6.474s][debug][gc,director    ] Rule: High Usage, Free: 1872MB(45.7%)
[2024-08-16T20:43:10.463+0800][6.474s][debug][gc,director    ] Rule: Proactive, AcceptableGCInterval: 1.658s, TimeSinceLastGC: 1.278s, TimeUntilGC: 0.381s
[2024-08-16T20:43:10.562+0800][6.573s][debug][gc,alloc       ] Allocation Rate: 516.0MB/s, Predicted: 560.8MB/s, Avg: 631.2(+/-53.9)MB/s
[2024-08-16T20:43:10.562+0800][6.574s][debug][gc,director    ] Select GC Workers (Try Lowering), AvoidLongGCWorkers: 0.011, AvoidOOMGCWorkers: 0.052, NextAvoidOOMGCWorkers: 0.033, LastGCWorkers: 4.000, GCWorkers: 1.000
[2024-08-16T20:43:10.562+0800][6.574s][debug][gc,director    ] Rule: Allocation Rate (Dynamic GC Workers), MaxAllocRate: 808.6MB/s (+/-8.5%), Free: 1840MB, GCCPUTime: 0.116, GCDuration: 0.116s, TimeUntilOOM: 2.096s, TimeUntilGC: 1.881s, GCWorkers: 4 -> 1
[2024-08-16T20:43:10.562+0800][6.574s][debug][gc,director    ] Rule: High Usage, Free: 1840MB(44.9%)
[2024-08-16T20:43:10.562+0800][6.574s][debug][gc,director    ] Rule: Proactive, AcceptableGCInterval: 1.658s, TimeSinceLastGC: 1.377s, TimeUntilGC: 0.281s
[2024-08-16T20:43:10.662+0800][6.674s][debug][gc,alloc       ] Allocation Rate: 514.0MB/s, Predicted: 508.8MB/s, Avg: 621.4(+/-64.4)MB/s
[2024-08-16T20:43:10.662+0800][6.674s][debug][gc,director    ] Select GC Workers (Try Lowering), AvoidLongGCWorkers: 0.011, AvoidOOMGCWorkers: 0.057, NextAvoidOOMGCWorkers: 0.034, LastGCWorkers: 4.000, GCWorkers: 1.000
[2024-08-16T20:43:10.662+0800][6.674s][debug][gc,director    ] Rule: Allocation Rate (Dynamic GC Workers), MaxAllocRate: 833.3MB/s (+/-10.4%), Free: 1776MB, GCCPUTime: 0.116, GCDuration: 0.116s, TimeUntilOOM: 1.931s, TimeUntilGC: 1.715s, GCWorkers: 4 -> 1
[2024-08-16T20:43:10.662+0800][6.674s][debug][gc,director    ] Rule: High Usage, Free: 1776MB(43.4%)
[2024-08-16T20:43:10.662+0800][6.674s][debug][gc,director    ] Rule: Proactive, AcceptableGCInterval: 1.658s, TimeSinceLastGC: 1.477s, TimeUntilGC: 0.181s
[2024-08-16T20:43:10.761+0800][6.773s][debug][gc,alloc       ] Allocation Rate: 450.0MB/s, Predicted: 454.8MB/s, Avg: 598.8(+/-79.2)MB/s
[2024-08-16T20:43:10.761+0800][6.773s][debug][gc,director    ] Select GC Workers (Try Lowering), AvoidLongGCWorkers: 0.011, AvoidOOMGCWorkers: 0.061, NextAvoidOOMGCWorkers: 0.034, LastGCWorkers: 4.000, GCWorkers: 1.000
[2024-08-16T20:43:10.761+0800][6.773s][debug][gc,director    ] Rule: Allocation Rate (Dynamic GC Workers), MaxAllocRate: 859.5MB/s (+/-13.2%), Free: 1744MB, GCCPUTime: 0.116, GCDuration: 0.116s, TimeUntilOOM: 1.792s, TimeUntilGC: 1.576s, GCWorkers: 4 -> 1
[2024-08-16T20:43:10.761+0800][6.773s][debug][gc,director    ] Rule: High Usage, Free: 1744MB(42.6%)
[2024-08-16T20:43:10.761+0800][6.773s][debug][gc,director    ] Rule: Proactive, AcceptableGCInterval: 1.658s, TimeSinceLastGC: 1.577s, TimeUntilGC: 0.082s
[2024-08-16T20:43:10.862+0800][6.874s][debug][gc,alloc       ] Allocation Rate: 450.0MB/s, Predicted: 415.9MB/s, Avg: 576.2(+/-85.9)MB/s
[2024-08-16T20:43:10.862+0800][6.874s][debug][gc,director    ] Select GC Workers (Try Lowering), AvoidLongGCWorkers: 0.011, AvoidOOMGCWorkers: 0.064, NextAvoidOOMGCWorkers: 0.034, LastGCWorkers: 4.000, GCWorkers: 1.000
[2024-08-16T20:43:10.862+0800][6.874s][debug][gc,director    ] Rule: Allocation Rate (Dynamic GC Workers), MaxAllocRate: 859.0MB/s (+/-14.9%), Free: 1680MB, GCCPUTime: 0.116, GCDuration: 0.116s, TimeUntilOOM: 1.702s, TimeUntilGC: 1.486s, GCWorkers: 4 -> 1
[2024-08-16T20:43:10.862+0800][6.874s][debug][gc,director    ] Rule: High Usage, Free: 1680MB(41.0%)
[2024-08-16T20:43:10.862+0800][6.874s][debug][gc,director    ] Rule: Proactive, AcceptableGCInterval: 1.658s, TimeSinceLastGC: 1.677s, TimeUntilGC: -0.019s
[2024-08-16T20:43:10.862+0800][6.874s][debug][gc,heap        ] GC(4) Heap before GC invocations=4 (full 4):
[2024-08-16T20:43:10.862+0800][6.874s][debug][gc,heap        ] GC(4)  ZHeap           used 2376M, capacity 2400M, max capacity 4096M
[2024-08-16T20:43:10.862+0800][6.874s][debug][gc,heap        ] GC(4)  Metaspace       used 841K, committed 960K, reserved 1114112K
[2024-08-16T20:43:10.862+0800][6.874s][debug][gc,heap        ] GC(4)   class space    used 63K, committed 128K, reserved 1048576K
[2024-08-16T20:43:10.862+0800][6.874s][info ][gc,start       ] GC(4) Garbage Collection (Proactive)
[2024-08-16T20:43:10.862+0800][6.874s][info ][gc,task        ] GC(4) Using 4 workers
[2024-08-16T20:43:10.863+0800][6.875s][debug][gc,phases,start] GC(4) Pause Mark Start
[2024-08-16T20:43:10.863+0800][6.875s][debug][gc,marking     ] GC(4) Using 4 mark stripes
[2024-08-16T20:43:10.863+0800][6.875s][debug][gc,marking     ] GC(4) Mark Worker/Stripe Distribution
[2024-08-16T20:43:10.863+0800][6.875s][debug][gc,marking     ] GC(4)   Worker 0(4) -> Stripe 0(4)
[2024-08-16T20:43:10.863+0800][6.875s][debug][gc,marking     ] GC(4)   Worker 1(4) -> Stripe 1(4)
[2024-08-16T20:43:10.863+0800][6.875s][debug][gc,marking     ] GC(4)   Worker 2(4) -> Stripe 2(4)
[2024-08-16T20:43:10.863+0800][6.875s][debug][gc,marking     ] GC(4)   Worker 3(4) -> Stripe 3(4)
[2024-08-16T20:43:10.863+0800][6.875s][info ][gc,phases      ] GC(4) Pause Mark Start 0.183ms
[2024-08-16T20:43:10.863+0800][6.875s][debug][gc,phases,start] GC(4) Concurrent Mark
[2024-08-16T20:43:10.863+0800][6.875s][debug][gc,task        ] GC(4) Executing Task: ZMarkRootsTask, Active Workers: 4
[2024-08-16T20:43:10.863+0800][6.875s][debug][gc,phases,start] GC(4) Concurrent Roots OopStorageSet (ZWorker#3)
[2024-08-16T20:43:10.863+0800][6.875s][debug][gc,phases,start] GC(4) Concurrent Roots OopStorageSet (ZWorker#2)
[2024-08-16T20:43:10.863+0800][6.875s][debug][gc,phases      ] GC(4) Concurrent Roots OopStorageSet (ZWorker#3) 0.100ms
[2024-08-16T20:43:10.864+0800][6.875s][debug][gc,phases,start] GC(4) Concurrent Roots OopStorageSet (ZWorker#0)
[2024-08-16T20:43:10.864+0800][6.875s][debug][gc,phases      ] GC(4) Concurrent Roots OopStorageSet (ZWorker#0) 0.031ms
[2024-08-16T20:43:10.864+0800][6.875s][debug][gc,phases,start] GC(4) Concurrent Roots ClassLoaderDataGraph (ZWorker#0)
[2024-08-16T20:43:10.864+0800][6.875s][debug][gc,phases,start] GC(4) Concurrent Roots ClassLoaderDataGraph (ZWorker#3)
[2024-08-16T20:43:10.863+0800][6.875s][debug][gc,phases      ] GC(4) Concurrent Roots OopStorageSet (ZWorker#2) 0.043ms
[2024-08-16T20:43:10.864+0800][6.875s][debug][gc,phases      ] GC(4) Concurrent Roots ClassLoaderDataGraph (ZWorker#3) 0.106ms
[2024-08-16T20:43:10.864+0800][6.876s][debug][gc,phases,start] GC(4) Concurrent Roots ClassLoaderDataGraph (ZWorker#2)
[2024-08-16T20:43:10.864+0800][6.875s][debug][gc,phases      ] GC(4) Concurrent Roots ClassLoaderDataGraph (ZWorker#0) 0.099ms
[2024-08-16T20:43:10.864+0800][6.876s][debug][gc,phases,start] GC(4) Concurrent Roots JavaThreads (ZWorker#0)
[2024-08-16T20:43:10.864+0800][6.875s][debug][gc,phases,start] GC(4) Concurrent Roots ClassLoaderDataGraph (ZWorker#1)
[2024-08-16T20:43:10.864+0800][6.876s][debug][gc,phases      ] GC(4) Concurrent Roots ClassLoaderDataGraph (ZWorker#1) 0.287ms
[2024-08-16T20:43:10.864+0800][6.876s][debug][gc,phases,start] GC(4) Concurrent Roots JavaThreads (ZWorker#1)
[2024-08-16T20:43:10.864+0800][6.876s][debug][gc,phases,start] GC(4) Concurrent Roots JavaThreads (ZWorker#3)
[2024-08-16T20:43:10.864+0800][6.876s][debug][gc,phases      ] GC(4) Concurrent Roots ClassLoaderDataGraph (ZWorker#2) 0.053ms
[2024-08-16T20:43:10.864+0800][6.876s][debug][gc,phases      ] GC(4) Concurrent Roots JavaThreads (ZWorker#3) 0.221ms
[2024-08-16T20:43:10.864+0800][6.876s][debug][gc,phases,start] GC(4) Concurrent Roots JavaThreads (ZWorker#2)
[2024-08-16T20:43:10.864+0800][6.876s][debug][gc,phases      ] GC(4) Concurrent Roots JavaThreads (ZWorker#2) 0.193ms
[2024-08-16T20:43:10.864+0800][6.876s][debug][gc,phases      ] GC(4) Concurrent Roots JavaThreads (ZWorker#1) 0.008ms
[2024-08-16T20:43:10.864+0800][6.876s][debug][gc,phases      ] GC(4) Concurrent Roots JavaThreads (ZWorker#0) 0.105ms
[2024-08-16T20:43:10.865+0800][6.877s][debug][gc,tlab        ] GC(4) TLAB totals: thrds: 1  refills: 23 max: 23 slow allocs: 917 max 917 waste: 13.0% gc: 55536B max: 55536B slow: 728256B max: 728256B
[2024-08-16T20:43:10.865+0800][6.877s][debug][gc,task        ] GC(4) Executing Task: ZMarkTask, Active Workers: 4
[2024-08-16T20:43:10.865+0800][6.877s][debug][gc,phases,start] GC(4) Concurrent Mark (ZWorker#1)
[2024-08-16T20:43:10.865+0800][6.877s][debug][gc,phases,start] GC(4) Concurrent Mark (ZWorker#3)
[2024-08-16T20:43:10.865+0800][6.877s][debug][gc,phases,start] GC(4) Concurrent Mark (ZWorker#2)
[2024-08-16T20:43:10.865+0800][6.877s][debug][gc,phases,start] GC(4) Concurrent Mark (ZWorker#0)
[2024-08-16T20:43:10.866+0800][6.878s][debug][gc,phases,start] GC(4) Concurrent Mark Try Flush (ZWorker#1)
[2024-08-16T20:43:10.866+0800][6.878s][debug][gc,phases,start] GC(4) Concurrent Mark Try Terminate (ZWorker#0)
[2024-08-16T20:43:10.866+0800][6.878s][debug][gc,phases      ] GC(4) Concurrent Mark Try Flush (ZWorker#1) 0.529ms
[2024-08-16T20:43:10.866+0800][6.878s][debug][gc,phases,start] GC(4) Concurrent Mark Try Flush (ZWorker#1)
[2024-08-16T20:43:10.866+0800][6.878s][debug][gc,phases,start] GC(4) Concurrent Mark Try Terminate (ZWorker#3)
[2024-08-16T20:43:10.867+0800][6.879s][debug][gc,phases      ] GC(4) Concurrent Mark Try Terminate (ZWorker#0) 1.205ms
[2024-08-16T20:43:10.867+0800][6.879s][debug][gc,phases,start] GC(4) Concurrent Mark Try Terminate (ZWorker#0)
[2024-08-16T20:43:10.868+0800][6.879s][debug][gc,phases      ] GC(4) Concurrent Mark Try Terminate (ZWorker#3) 1.225ms
[2024-08-16T20:43:10.868+0800][6.879s][debug][gc,phases,start] GC(4) Concurrent Mark Try Terminate (ZWorker#3)
[2024-08-16T20:43:10.868+0800][6.880s][debug][gc,phases      ] GC(4) Concurrent Mark Try Terminate (ZWorker#0) 1.193ms
[2024-08-16T20:43:10.868+0800][6.880s][debug][gc,phases,start] GC(4) Concurrent Mark Try Terminate (ZWorker#0)
[2024-08-16T20:43:10.869+0800][6.881s][debug][gc,phases      ] GC(4) Concurrent Mark Try Terminate (ZWorker#3) 1.193ms
[2024-08-16T20:43:10.869+0800][6.881s][debug][gc,phases,start] GC(4) Concurrent Mark Try Terminate (ZWorker#3)
[2024-08-16T20:43:10.869+0800][6.881s][debug][gc,phases      ] GC(4) Concurrent Mark Try Terminate (ZWorker#0) 1.151ms
[2024-08-16T20:43:10.869+0800][6.881s][debug][gc,phases,start] GC(4) Concurrent Mark Try Terminate (ZWorker#0)
[2024-08-16T20:43:10.870+0800][6.882s][debug][gc,phases      ] GC(4) Concurrent Mark Try Terminate (ZWorker#3) 1.199ms
[2024-08-16T20:43:10.870+0800][6.882s][debug][gc,phases,start] GC(4) Concurrent Mark Try Terminate (ZWorker#3)
[2024-08-16T20:43:10.871+0800][6.882s][debug][gc,phases      ] GC(4) Concurrent Mark Try Terminate (ZWorker#0) 1.179ms
[2024-08-16T20:43:10.871+0800][6.882s][debug][gc,phases,start] GC(4) Concurrent Mark Try Terminate (ZWorker#0)
[2024-08-16T20:43:10.871+0800][6.883s][debug][gc,phases      ] GC(4) Concurrent Mark Try Terminate (ZWorker#3) 1.194ms
[2024-08-16T20:43:10.871+0800][6.883s][debug][gc,phases,start] GC(4) Concurrent Mark Try Terminate (ZWorker#3)
[2024-08-16T20:43:10.872+0800][6.884s][debug][gc,phases      ] GC(4) Concurrent Mark Try Terminate (ZWorker#0) 1.140ms
[2024-08-16T20:43:10.872+0800][6.884s][debug][gc,phases,start] GC(4) Concurrent Mark Try Terminate (ZWorker#0)
[2024-08-16T20:43:10.873+0800][6.884s][debug][gc,phases      ] GC(4) Concurrent Mark Try Terminate (ZWorker#3) 1.195ms
[2024-08-16T20:43:10.873+0800][6.885s][debug][gc,phases      ] GC(4) Concurrent Mark Try Terminate (ZWorker#0) 1.210ms
[2024-08-16T20:43:10.874+0800][6.886s][debug][gc,phases,start] GC(4) Concurrent Mark Try Terminate (ZWorker#0)
[2024-08-16T20:43:10.875+0800][6.887s][debug][gc,phases,start] GC(4) Concurrent Mark Try Terminate (ZWorker#3)
[2024-08-16T20:43:10.876+0800][6.887s][debug][gc,phases      ] GC(4) Concurrent Mark Try Terminate (ZWorker#0) 1.240ms
[2024-08-16T20:43:10.876+0800][6.887s][debug][gc,phases,start] GC(4) Concurrent Mark Try Terminate (ZWorker#0)
[2024-08-16T20:43:10.876+0800][6.888s][debug][gc,phases,start] GC(4) Concurrent Mark Try Terminate (ZWorker#2)
[2024-08-16T20:43:10.876+0800][6.888s][debug][gc,phases      ] GC(4) Concurrent Mark Try Terminate (ZWorker#3) 1.216ms
[2024-08-16T20:43:10.876+0800][6.888s][debug][gc,phases,start] GC(4) Concurrent Mark Try Terminate (ZWorker#3)
[2024-08-16T20:43:10.877+0800][6.889s][debug][gc,phases      ] GC(4) Concurrent Mark Try Terminate (ZWorker#0) 1.258ms
[2024-08-16T20:43:10.877+0800][6.889s][debug][gc,phases,start] GC(4) Concurrent Mark Try Terminate (ZWorker#0)
[2024-08-16T20:43:10.877+0800][6.889s][debug][gc,phases      ] GC(4) Concurrent Mark Try Terminate (ZWorker#2) 1.267ms
[2024-08-16T20:43:10.877+0800][6.889s][debug][gc,phases,start] GC(4) Concurrent Mark Try Terminate (ZWorker#2)
[2024-08-16T20:43:10.877+0800][6.889s][debug][gc,phases      ] GC(4) Concurrent Mark Try Terminate (ZWorker#3) 1.208ms
[2024-08-16T20:43:10.877+0800][6.889s][debug][gc,phases,start] GC(4) Concurrent Mark Try Terminate (ZWorker#3)
[2024-08-16T20:43:10.878+0800][6.890s][debug][gc,phases      ] GC(4) Concurrent Mark Try Terminate (ZWorker#0) 1.167ms
[2024-08-16T20:43:10.878+0800][6.890s][debug][gc,phases,start] GC(4) Concurrent Mark Try Terminate (ZWorker#0)
[2024-08-16T20:43:10.878+0800][6.890s][debug][gc,phases      ] GC(4) Concurrent Mark Try Terminate (ZWorker#2) 1.088ms
[2024-08-16T20:43:10.878+0800][6.890s][debug][gc,phases,start] GC(4) Concurrent Mark Try Terminate (ZWorker#2)
[2024-08-16T20:43:10.879+0800][6.890s][debug][gc,phases      ] GC(4) Concurrent Mark Try Terminate (ZWorker#3) 1.161ms
[2024-08-16T20:43:10.879+0800][6.890s][debug][gc,phases,start] GC(4) Concurrent Mark Try Terminate (ZWorker#3)
[2024-08-16T20:43:10.879+0800][6.891s][debug][gc,phases      ] GC(4) Concurrent Mark Try Terminate (ZWorker#0) 1.103ms
[2024-08-16T20:43:10.879+0800][6.891s][debug][gc,phases,start] GC(4) Concurrent Mark Try Terminate (ZWorker#0)
[2024-08-16T20:43:10.880+0800][6.891s][debug][gc,phases      ] GC(4) Concurrent Mark Try Terminate (ZWorker#2) 1.100ms
[2024-08-16T20:43:10.880+0800][6.891s][debug][gc,phases,start] GC(4) Concurrent Mark Try Terminate (ZWorker#2)
[2024-08-16T20:43:10.880+0800][6.891s][debug][gc,phases      ] GC(4) Concurrent Mark Try Terminate (ZWorker#3) 1.065ms
[2024-08-16T20:43:10.880+0800][6.891s][debug][gc,phases,start] GC(4) Concurrent Mark Try Terminate (ZWorker#3)
[2024-08-16T20:43:10.880+0800][6.891s][debug][gc,phases      ] GC(4) Concurrent Mark Try Flush (ZWorker#1) 13.367ms
[2024-08-16T20:43:10.880+0800][6.891s][debug][gc,phases,start] GC(4) Concurrent Mark Try Flush (ZWorker#1)
[2024-08-16T20:43:10.880+0800][6.892s][debug][gc,phases      ] GC(4) Concurrent Mark Try Flush (ZWorker#1) 0.059ms
[2024-08-16T20:43:10.880+0800][6.892s][debug][gc,phases,start] GC(4) Concurrent Mark Try Terminate (ZWorker#1)
[2024-08-16T20:43:10.880+0800][6.892s][debug][gc,phases,start] GC(4) Concurrent Mark Try Flush (ZWorker#1)
[2024-08-16T20:43:10.880+0800][6.892s][debug][gc,phases      ] GC(4) Concurrent Mark Try Flush (ZWorker#1) 0.051ms
[2024-08-16T20:43:10.880+0800][6.892s][debug][gc,phases      ] GC(4) Concurrent Mark Try Terminate (ZWorker#1) 0.075ms
[2024-08-16T20:43:10.880+0800][6.892s][debug][gc,phases,start] GC(4) Concurrent Mark Try Terminate (ZWorker#1)
[2024-08-16T20:43:10.880+0800][6.892s][debug][gc,phases      ] GC(4) Concurrent Mark Try Terminate (ZWorker#1) 0.006ms
[2024-08-16T20:43:10.880+0800][6.892s][debug][gc,phases      ] GC(4) Concurrent Mark (ZWorker#1) 14.946ms
[2024-08-16T20:43:10.880+0800][6.892s][debug][gc,phases      ] GC(4) Concurrent Mark Try Terminate (ZWorker#0) 1.083ms
[2024-08-16T20:43:10.880+0800][6.892s][debug][gc,phases      ] GC(4) Concurrent Mark (ZWorker#0) 15.348ms
[2024-08-16T20:43:10.881+0800][6.892s][debug][gc,phases      ] GC(4) Concurrent Mark Try Terminate (ZWorker#2) 1.100ms
[2024-08-16T20:43:10.881+0800][6.892s][debug][gc,phases      ] GC(4) Concurrent Mark (ZWorker#2) 15.778ms
[2024-08-16T20:43:10.881+0800][6.893s][debug][gc,phases      ] GC(4) Concurrent Mark Try Terminate (ZWorker#3) 1.084ms
[2024-08-16T20:43:10.881+0800][6.893s][debug][gc,phases      ] GC(4) Concurrent Mark (ZWorker#3) 15.845ms
[2024-08-16T20:43:10.881+0800][6.893s][info ][gc,phases      ] GC(4) Concurrent Mark 17.663ms
[2024-08-16T20:43:10.881+0800][6.893s][debug][gc,phases,start] GC(4) Pause Mark End
[2024-08-16T20:43:10.881+0800][6.893s][info ][gc,phases      ] GC(4) Pause Mark End 0.018ms
[2024-08-16T20:43:10.881+0800][6.893s][debug][gc,phases,start] GC(4) Concurrent Mark Free
[2024-08-16T20:43:10.881+0800][6.893s][info ][gc,phases      ] GC(4) Concurrent Mark Free 0.008ms
[2024-08-16T20:43:10.881+0800][6.893s][debug][gc,phases,start] GC(4) Concurrent Process Non-Strong References
[2024-08-16T20:43:10.881+0800][6.893s][debug][gc,phases,start] GC(4) Concurrent References Process (ZDriver)
[2024-08-16T20:43:10.881+0800][6.893s][debug][gc,task        ] GC(4) Executing Task: ZReferenceProcessorTask, Active Workers: 4
[2024-08-16T20:43:10.881+0800][6.893s][debug][gc,phases      ] GC(4) Concurrent References Process (ZDriver) 0.092ms
[2024-08-16T20:43:10.881+0800][6.893s][debug][gc,task        ] GC(4) Executing Task: ZProcessWeakRootsTask, Active Workers: 4
[2024-08-16T20:43:10.881+0800][6.893s][debug][gc,phases,start] GC(4) Concurrent Weak Roots OopStorageSet (ZWorker#1)
[2024-08-16T20:43:10.881+0800][6.893s][debug][gc,phases,start] GC(4) Concurrent Weak Roots OopStorageSet (ZWorker#0)
[2024-08-16T20:43:10.881+0800][6.893s][debug][gc,phases,start] GC(4) Concurrent Weak Roots OopStorageSet (ZWorker#2)
[2024-08-16T20:43:10.881+0800][6.893s][debug][gc,phases,start] GC(4) Concurrent Weak Roots OopStorageSet (ZWorker#3)
[2024-08-16T20:43:10.881+0800][6.893s][debug][gc,phases      ] GC(4) Concurrent Weak Roots OopStorageSet (ZWorker#1) 0.064ms
[2024-08-16T20:43:10.881+0800][6.893s][debug][gc,phases      ] GC(4) Concurrent Weak Roots OopStorageSet (ZWorker#3) 0.047ms
[2024-08-16T20:43:10.881+0800][6.893s][debug][gc,phases      ] GC(4) Concurrent Weak Roots OopStorageSet (ZWorker#2) 0.036ms
[2024-08-16T20:43:10.881+0800][6.893s][debug][gc,phases      ] GC(4) Concurrent Weak Roots OopStorageSet (ZWorker#0) 0.056ms
[2024-08-16T20:43:10.881+0800][6.893s][debug][gc,phases,start] GC(4) Concurrent Classes Unlink (ZDriver)
[2024-08-16T20:43:10.881+0800][6.893s][debug][gc,phases,start] GC(4) ClassLoaderData
[2024-08-16T20:43:10.881+0800][6.893s][debug][gc,phases      ] GC(4) ClassLoaderData 0.007ms
[2024-08-16T20:43:10.881+0800][6.893s][debug][gc,phases,start] GC(4) Trigger cleanups
[2024-08-16T20:43:10.881+0800][6.893s][debug][gc,phases      ] GC(4) Trigger cleanups 0.004ms
[2024-08-16T20:43:10.881+0800][6.893s][debug][gc,task        ] GC(4) Executing Task: ZNMethodUnlinkTask, Active Workers: 4
[2024-08-16T20:43:10.882+0800][6.893s][debug][gc,phases      ] GC(4) Concurrent Classes Unlink (ZDriver) 0.344ms
[2024-08-16T20:43:10.882+0800][6.893s][debug][gc,phases,start] GC(4) Concurrent Classes Purge (ZDriver)
[2024-08-16T20:43:10.882+0800][6.893s][debug][gc,task        ] GC(4) Executing Task: ZNMethodPurgeTask, Active Workers: 4
[2024-08-16T20:43:10.882+0800][6.894s][debug][gc,phases      ] GC(4) Concurrent Classes Purge (ZDriver) 0.083ms
[2024-08-16T20:43:10.882+0800][6.894s][debug][gc,phases,start] GC(4) Concurrent References Enqueue (ZDriver)
[2024-08-16T20:43:10.882+0800][6.894s][debug][gc,phases      ] GC(4) Concurrent References Enqueue (ZDriver) 0.004ms
[2024-08-16T20:43:10.882+0800][6.894s][info ][gc,phases      ] GC(4) Concurrent Process Non-Strong References 0.880ms
[2024-08-16T20:43:10.882+0800][6.894s][debug][gc,phases,start] GC(4) Concurrent Reset Relocation Set
[2024-08-16T20:43:10.882+0800][6.894s][info ][gc,phases      ] GC(4) Concurrent Reset Relocation Set 0.004ms
[2024-08-16T20:43:10.882+0800][6.894s][debug][gc,phases,start] GC(4) Concurrent Select Relocation Set
[2024-08-16T20:43:10.882+0800][6.894s][debug][gc,task        ] GC(4) Executing Task: ZRelocationSetInstallTask, Active Workers: 4
[2024-08-16T20:43:10.883+0800][6.894s][info ][gc,phases      ] GC(4) Concurrent Select Relocation Set 0.748ms
[2024-08-16T20:43:10.883+0800][6.894s][debug][gc,phases,start] GC(4) Pause Relocate Start
[2024-08-16T20:43:10.883+0800][6.894s][info ][gc,phases      ] GC(4) Pause Relocate Start 0.019ms
[2024-08-16T20:43:10.883+0800][6.895s][debug][gc,phases,start] GC(4) Concurrent Relocate
[2024-08-16T20:43:10.883+0800][6.895s][debug][gc,task        ] GC(4) Executing Task: ZRelocateTask, Active Workers: 4
[2024-08-16T20:43:10.886+0800][6.898s][info ][gc,phases      ] GC(4) Concurrent Relocate 3.178ms
[2024-08-16T20:43:10.886+0800][6.898s][debug][gc,heap        ] GC(4) Heap after GC invocations=5 (full 5):
[2024-08-16T20:43:10.886+0800][6.898s][debug][gc,heap        ] GC(4)  ZHeap           used 1892M, capacity 2432M, max capacity 4096M
[2024-08-16T20:43:10.886+0800][6.898s][debug][gc,heap        ] GC(4)  Metaspace       used 841K, committed 960K, reserved 1114112K
[2024-08-16T20:43:10.886+0800][6.898s][debug][gc,heap        ] GC(4)   class space    used 63K, committed 128K, reserved 1048576K
[2024-08-16T20:43:10.886+0800][6.898s][info ][gc,load        ] GC(4) Load: 1.88/0.56/0.19
[2024-08-16T20:43:10.886+0800][6.898s][info ][gc,mmu         ] GC(4) MMU: 2ms/77.6%, 5ms/91.1%, 10ms/95.5%, 20ms/97.5%, 50ms/99.0%, 100ms/99.5%
[2024-08-16T20:43:10.886+0800][6.898s][info ][gc,marking     ] GC(4) Mark: 4 stripe(s), 3 proactive flush(es), 1 terminate flush(es), 0 completion(s), 0 continuation(s) 
[2024-08-16T20:43:10.886+0800][6.898s][info ][gc,marking     ] GC(4) Mark Stack Usage: 32M
[2024-08-16T20:43:10.886+0800][6.898s][info ][gc,nmethod     ] GC(4) NMethods: 523 registered, 0 unregistered
[2024-08-16T20:43:10.886+0800][6.898s][info ][gc,metaspace   ] GC(4) Metaspace: 0M used, 0M committed, 1088M reserved
[2024-08-16T20:43:10.886+0800][6.898s][info ][gc,ref         ] GC(4) Soft: 104 encountered, 0 discovered, 0 enqueued
[2024-08-16T20:43:10.886+0800][6.898s][info ][gc,ref         ] GC(4) Weak: 193 encountered, 0 discovered, 0 enqueued
[2024-08-16T20:43:10.886+0800][6.898s][info ][gc,ref         ] GC(4) Final: 0 encountered, 0 discovered, 0 enqueued
[2024-08-16T20:43:10.886+0800][6.898s][info ][gc,ref         ] GC(4) Phantom: 1 encountered, 0 discovered, 0 enqueued
[2024-08-16T20:43:10.886+0800][6.898s][info ][gc,reloc       ] GC(4) Small Pages: 4 / 8M, Empty: 4M, Relocated: 0M, In-Place: 0
[2024-08-16T20:43:10.886+0800][6.898s][info ][gc,reloc       ] GC(4) Medium Pages: 74 / 2368M, Empty: 480M, Relocated: 25M, In-Place: 0
[2024-08-16T20:43:10.886+0800][6.898s][info ][gc,reloc       ] GC(4) Large Pages: 0 / 0M, Empty: 0M, Relocated: 0M, In-Place: 0
[2024-08-16T20:43:10.886+0800][6.898s][info ][gc,reloc       ] GC(4) Forwarding Usage: 0M
[2024-08-16T20:43:10.886+0800][6.898s][info ][gc,heap        ] GC(4) Min Capacity: 512M(12%)
[2024-08-16T20:43:10.886+0800][6.898s][info ][gc,heap        ] GC(4) Max Capacity: 4096M(100%)
[2024-08-16T20:43:10.886+0800][6.898s][info ][gc,heap        ] GC(4) Soft Max Capacity: 4096M(100%)
[2024-08-16T20:43:10.886+0800][6.898s][info ][gc,heap        ] GC(4)                Mark Start          Mark End        Relocate Start      Relocate End           High               Low         
[2024-08-16T20:43:10.886+0800][6.898s][info ][gc,heap        ] GC(4)  Capacity:     2400M (59%)        2432M (59%)        2432M (59%)        2432M (59%)        2432M (59%)        2400M (59%)    
[2024-08-16T20:43:10.886+0800][6.898s][info ][gc,heap        ] GC(4)      Free:     1720M (42%)        1686M (41%)        2170M (53%)        2204M (54%)        2204M (54%)        1686M (41%)    
[2024-08-16T20:43:10.886+0800][6.898s][info ][gc,heap        ] GC(4)      Used:     2376M (58%)        2410M (59%)        1926M (47%)        1892M (46%)        2410M (59%)        1892M (46%)    
[2024-08-16T20:43:10.886+0800][6.898s][info ][gc,heap        ] GC(4)      Live:         -              1798M (44%)        1798M (44%)        1798M (44%)            -                  -          
[2024-08-16T20:43:10.886+0800][6.898s][info ][gc,heap        ] GC(4) Allocated:         -                34M (1%)           34M (1%)           34M (1%)             -                  -          
[2024-08-16T20:43:10.886+0800][6.898s][info ][gc,heap        ] GC(4)   Garbage:         -               577M (14%)          93M (2%)           59M (1%)             -                  -          
[2024-08-16T20:43:10.886+0800][6.898s][info ][gc,heap        ] GC(4) Reclaimed:         -                  -               484M (12%)         518M (13%)            -                  -          
[2024-08-16T20:43:10.886+0800][6.898s][info ][gc             ] GC(4) Garbage Collection (Proactive) 2376M(58%)->1892M(46%)
[2024-08-16T20:43:10.962+0800][6.974s][debug][gc,alloc       ] Allocation Rate: 484.0MB/s, Predicted: 405.6MB/s, Avg: 557.0(+/-82.9)MB/s
[2024-08-16T20:43:10.962+0800][6.974s][debug][gc,director    ] Select GC Workers (Try Lowering), AvoidLongGCWorkers: 0.011, AvoidOOMGCWorkers: 0.049, NextAvoidOOMGCWorkers: 0.051, LastGCWorkers: 4.000, GCWorkers: 1.000
[2024-08-16T20:43:10.962+0800][6.974s][debug][gc,director    ] Rule: Allocation Rate (Dynamic GC Workers), MaxAllocRate: 829.7MB/s (+/-14.9%), Free: 2132MB, GCCPUTime: 0.114, GCDuration: 0.114s, TimeUntilOOM: 2.237s, TimeUntilGC: 2.022s, GCWorkers: 4 -> 1
[2024-08-16T20:43:10.962+0800][6.974s][debug][gc,director    ] Rule: High Usage, Free: 2132MB(52.1%)
[2024-08-16T20:43:10.962+0800][6.974s][debug][gc,director    ] Rule: Proactive, UsedUntilEnabled: 377MB, TimeUntilEnabled: 299.924s
[2024-08-16T20:43:11.061+0800][7.073s][debug][gc,alloc       ] Allocation Rate: 452.0MB/s, Predicted: 395.3MB/s, Avg: 534.6(+/-77.8)MB/s
[2024-08-16T20:43:11.062+0800][7.073s][debug][gc,director    ] Select GC Workers (Try Lowering), AvoidLongGCWorkers: 0.011, AvoidOOMGCWorkers: 0.047, NextAvoidOOMGCWorkers: 0.047, LastGCWorkers: 4.000, GCWorkers: 1.000
[2024-08-16T20:43:11.062+0800][7.073s][debug][gc,director    ] Rule: Allocation Rate (Dynamic GC Workers), MaxAllocRate: 790.7MB/s (+/-14.6%), Free: 2100MB, GCCPUTime: 0.114, GCDuration: 0.114s, TimeUntilOOM: 2.319s, TimeUntilGC: 2.104s, GCWorkers: 4 -> 1
[2024-08-16T20:43:11.062+0800][7.073s][debug][gc,director    ] Rule: High Usage, Free: 2100MB(51.3%)
[2024-08-16T20:43:11.062+0800][7.073s][debug][gc,director    ] Rule: Proactive, UsedUntilEnabled: 345MB, TimeUntilEnabled: 299.824s
[2024-08-16T20:43:11.162+0800][7.174s][debug][gc,alloc       ] Allocation Rate: 516.0MB/s, Predicted: 425.6MB/s, Avg: 518.6(+/-61.9)MB/s
[2024-08-16T20:43:11.162+0800][7.174s][debug][gc,director    ] Select GC Workers (Try Lowering), AvoidLongGCWorkers: 0.011, AvoidOOMGCWorkers: 0.044, NextAvoidOOMGCWorkers: 0.043, LastGCWorkers: 4.000, GCWorkers: 1.000
[2024-08-16T20:43:11.162+0800][7.174s][debug][gc,director    ] Rule: Allocation Rate (Dynamic GC Workers), MaxAllocRate: 722.4MB/s (+/-11.9%), Free: 2004MB, GCCPUTime: 0.114, GCDuration: 0.114s, TimeUntilOOM: 2.478s, TimeUntilGC: 2.264s, GCWorkers: 4 -> 1
[2024-08-16T20:43:11.162+0800][7.174s][debug][gc,director    ] Rule: High Usage, Free: 2004MB(48.9%)
[2024-08-16T20:43:11.162+0800][7.174s][debug][gc,director    ] Rule: Proactive, UsedUntilEnabled: 249MB, TimeUntilEnabled: 299.724s
[2024-08-16T20:43:11.262+0800][7.274s][debug][gc,alloc       ] Allocation Rate: 578.0MB/s, Predicted: 482.8MB/s, Avg: 512.0(+/-50.7)MB/s
[2024-08-16T20:43:11.262+0800][7.274s][debug][gc,director    ] Select GC Workers (Try Lowering), AvoidLongGCWorkers: 0.011, AvoidOOMGCWorkers: 0.043, NextAvoidOOMGCWorkers: 0.040, LastGCWorkers: 4.000, GCWorkers: 1.000
[2024-08-16T20:43:11.262+0800][7.274s][debug][gc,director    ] Rule: Allocation Rate (Dynamic GC Workers), MaxAllocRate: 678.9MB/s (+/-9.9%), Free: 1908MB, GCCPUTime: 0.114, GCDuration: 0.114s, TimeUntilOOM: 2.557s, TimeUntilGC: 2.343s, GCWorkers: 4 -> 1
[2024-08-16T20:43:11.262+0800][7.274s][debug][gc,director    ] Rule: High Usage, Free: 1908MB(46.6%)
[2024-08-16T20:43:11.262+0800][7.274s][debug][gc,director    ] Rule: Proactive, UsedUntilEnabled: 153MB, TimeUntilEnabled: 299.624s
[2024-08-16T20:43:11.362+0800][7.373s][debug][gc,alloc       ] Allocation Rate: 612.0MB/s, Predicted: 540.9MB/s, Avg: 515.2(+/-55.7)MB/s
[2024-08-16T20:43:11.362+0800][7.374s][debug][gc,director    ] Select GC Workers (Try Lowering), AvoidLongGCWorkers: 0.011, AvoidOOMGCWorkers: 0.048, NextAvoidOOMGCWorkers: 0.042, LastGCWorkers: 4.000, GCWorkers: 1.000
[2024-08-16T20:43:11.362+0800][7.374s][debug][gc,director    ] Rule: Allocation Rate (Dynamic GC Workers), MaxAllocRate: 724.1MB/s (+/-10.8%), Free: 1842MB, GCCPUTime: 0.114, GCDuration: 0.114s, TimeUntilOOM: 2.296s, TimeUntilGC: 2.081s, GCWorkers: 4 -> 1
[2024-08-16T20:43:11.362+0800][7.374s][debug][gc,director    ] Rule: High Usage, Free: 1842MB(45.0%)
[2024-08-16T20:43:11.362+0800][7.374s][debug][gc,director    ] Rule: Proactive, UsedUntilEnabled: 87MB, TimeUntilEnabled: 299.524s
[2024-08-16T20:43:11.462+0800][7.474s][debug][gc,alloc       ] Allocation Rate: 612.0MB/s, Predicted: 596.9MB/s, Avg: 518.4(+/-60.0)MB/s
[2024-08-16T20:43:11.463+0800][7.474s][debug][gc,director    ] Select GC Workers (Try Lowering), AvoidLongGCWorkers: 0.011, AvoidOOMGCWorkers: 0.055, NextAvoidOOMGCWorkers: 0.046, LastGCWorkers: 4.000, GCWorkers: 1.000
[2024-08-16T20:43:11.463+0800][7.475s][debug][gc,director    ] Rule: Allocation Rate (Dynamic GC Workers), MaxAllocRate: 794.5MB/s (+/-11.6%), Free: 1778MB, GCCPUTime: 0.114, GCDuration: 0.114s, TimeUntilOOM: 2.006s, TimeUntilGC: 1.791s, GCWorkers: 4 -> 1
[2024-08-16T20:43:11.463+0800][7.475s][debug][gc,director    ] Rule: High Usage, Free: 1778MB(43.4%)
[2024-08-16T20:43:11.463+0800][7.475s][debug][gc,director    ] Rule: Proactive, UsedUntilEnabled: 23MB, TimeUntilEnabled: 299.423s
[2024-08-16T20:43:11.562+0800][7.574s][debug][gc,alloc       ] Allocation Rate: 676.0MB/s, Predicted: 659.3MB/s, Avg: 534.4(+/-76.4)MB/s
[2024-08-16T20:43:11.562+0800][7.574s][debug][gc,director    ] Select GC Workers (Try Lowering), AvoidLongGCWorkers: 0.011, AvoidOOMGCWorkers: 0.068, NextAvoidOOMGCWorkers: 0.052, LastGCWorkers: 4.000, GCWorkers: 1.000
[2024-08-16T20:43:11.562+0800][7.574s][debug][gc,director    ] Rule: Allocation Rate (Dynamic GC Workers), MaxAllocRate: 910.6MB/s (+/-14.3%), Free: 1682MB, GCCPUTime: 0.114, GCDuration: 0.114s, TimeUntilOOM: 1.616s, TimeUntilGC: 1.402s, GCWorkers: 4 -> 1
[2024-08-16T20:43:11.562+0800][7.574s][debug][gc,director    ] Rule: High Usage, Free: 1682MB(41.1%)
[2024-08-16T20:43:11.562+0800][7.574s][debug][gc,director    ] Rule: Proactive, AcceptableGCInterval: 1.581s, TimeSinceLastGC: 0.676s, TimeUntilGC: 0.905s
[2024-08-16T20:43:11.662+0800][7.674s][debug][gc,alloc       ] Allocation Rate: 676.0MB/s, Predicted: 710.5MB/s, Avg: 550.6(+/-86.8)MB/s
[2024-08-16T20:43:11.662+0800][7.674s][debug][gc,director    ] Select GC Workers (Unsteady), AvoidLongGCWorkers: 0.011, AvoidOOMGCWorkers: 0.078, LastGCWorkers: 4.000, HalfGCWorkers: 2.000, GCWorkers: 4.000
[2024-08-16T20:43:11.662+0800][7.674s][debug][gc,director    ] Rule: Allocation Rate (Dynamic GC Workers), MaxAllocRate: 996.1MB/s (+/-15.8%), Free: 1618MB, GCCPUTime: 0.114, GCDuration: 0.032s, TimeUntilOOM: 1.403s, TimeUntilGC: 1.271s, GCWorkers: 4 -> 4
[2024-08-16T20:43:11.662+0800][7.674s][debug][gc,director    ] Rule: High Usage, Free: 1618MB(39.5%)
[2024-08-16T20:43:11.662+0800][7.674s][debug][gc,director    ] Rule: Proactive, AcceptableGCInterval: 1.581s, TimeSinceLastGC: 0.776s, TimeUntilGC: 0.805s
[2024-08-16T20:43:11.761+0800][7.773s][debug][gc,alloc       ] Allocation Rate: 676.0MB/s, Predicted: 733.9MB/s, Avg: 573.2(+/-87.1)MB/s
[2024-08-16T20:43:11.761+0800][7.773s][debug][gc,director    ] Select GC Workers (Unsteady), AvoidLongGCWorkers: 0.011, AvoidOOMGCWorkers: 0.081, LastGCWorkers: 4.000, HalfGCWorkers: 2.000, GCWorkers: 4.000
[2024-08-16T20:43:11.761+0800][7.773s][debug][gc,director    ] Rule: Allocation Rate (Dynamic GC Workers), MaxAllocRate: 1020.4MB/s (+/-15.2%), Free: 1586MB, GCCPUTime: 0.114, GCDuration: 0.032s, TimeUntilOOM: 1.349s, TimeUntilGC: 1.217s, GCWorkers: 4 -> 4
[2024-08-16T20:43:11.761+0800][7.773s][debug][gc,director    ] Rule: High Usage, Free: 1586MB(38.7%)
[2024-08-16T20:43:11.761+0800][7.773s][debug][gc,director    ] Rule: Proactive, AcceptableGCInterval: 1.581s, TimeSinceLastGC: 0.876s, TimeUntilGC: 0.706s
[2024-08-16T20:43:11.862+0800][7.873s][debug][gc,alloc       ] Allocation Rate: 644.0MB/s, Predicted: 729.3MB/s, Avg: 592.6(+/-78.7)MB/s
[2024-08-16T20:43:11.862+0800][7.874s][debug][gc,director    ] Select GC Workers (Try Lowering), AvoidLongGCWorkers: 0.011, AvoidOOMGCWorkers: 0.079, NextAvoidOOMGCWorkers: 0.050, LastGCWorkers: 4.000, GCWorkers: 1.000
[2024-08-16T20:43:11.862+0800][7.874s][debug][gc,director    ] Rule: Allocation Rate (Dynamic GC Workers), MaxAllocRate: 988.2MB/s (+/-13.3%), Free: 1554MB, GCCPUTime: 0.114, GCDuration: 0.114s, TimeUntilOOM: 1.388s, TimeUntilGC: 1.174s, GCWorkers: 4 -> 1
[2024-08-16T20:43:11.862+0800][7.874s][debug][gc,director    ] Rule: High Usage, Free: 1554MB(37.9%)
[2024-08-16T20:43:11.862+0800][7.874s][debug][gc,director    ] Rule: Proactive, AcceptableGCInterval: 1.581s, TimeSinceLastGC: 0.976s, TimeUntilGC: 0.606s
[2024-08-16T20:43:11.962+0800][7.974s][debug][gc,alloc       ] Allocation Rate: 644.0MB/s, Predicted: 720.9MB/s, Avg: 608.6(+/-70.8)MB/s
[2024-08-16T20:43:11.962+0800][7.974s][debug][gc,director    ] Select GC Workers (Try Lowering), AvoidLongGCWorkers: 0.011, AvoidOOMGCWorkers: 0.079, NextAvoidOOMGCWorkers: 0.048, LastGCWorkers: 4.000, GCWorkers: 1.000
[2024-08-16T20:43:11.962+0800][7.974s][debug][gc,director    ] Rule: Allocation Rate (Dynamic GC Workers), MaxAllocRate: 954.1MB/s (+/-11.6%), Free: 1488MB, GCCPUTime: 0.114, GCDuration: 0.114s, TimeUntilOOM: 1.397s, TimeUntilGC: 1.183s, GCWorkers: 4 -> 1
[2024-08-16T20:43:11.962+0800][7.974s][debug][gc,director    ] Rule: High Usage, Free: 1488MB(36.3%)
[2024-08-16T20:43:11.962+0800][7.974s][debug][gc,director    ] Rule: Proactive, AcceptableGCInterval: 1.581s, TimeSinceLastGC: 1.076s, TimeUntilGC: 0.505s
[2024-08-16T20:43:12.062+0800][8.074s][debug][gc,alloc       ] Allocation Rate: 644.0MB/s, Predicted: 693.3MB/s, Avg: 627.8(+/-48.2)MB/s
[2024-08-16T20:43:12.062+0800][8.074s][debug][gc,director    ] Select GC Workers (Try Lowering), AvoidLongGCWorkers: 0.011, AvoidOOMGCWorkers: 0.069, NextAvoidOOMGCWorkers: 0.042, LastGCWorkers: 4.000, GCWorkers: 1.000
[2024-08-16T20:43:12.062+0800][8.074s][debug][gc,director    ] Rule: Allocation Rate (Dynamic GC Workers), MaxAllocRate: 851.9MB/s (+/-7.7%), Free: 1456MB, GCCPUTime: 0.114, GCDuration: 0.114s, TimeUntilOOM: 1.587s, TimeUntilGC: 1.373s, GCWorkers: 4 -> 1
[2024-08-16T20:43:12.062+0800][8.074s][debug][gc,director    ] Rule: High Usage, Free: 1456MB(35.5%)
[2024-08-16T20:43:12.062+0800][8.074s][debug][gc,director    ] Rule: Proactive, AcceptableGCInterval: 1.581s, TimeSinceLastGC: 1.176s, TimeUntilGC: 0.405s
[2024-08-16T20:43:12.162+0800][8.173s][debug][gc,alloc       ] Allocation Rate: 580.0MB/s, Predicted: 644.4MB/s, Avg: 634.2(+/-35.5)MB/s
[2024-08-16T20:43:12.162+0800][8.173s][debug][gc,director    ] Select GC Workers (Try Lowering), AvoidLongGCWorkers: 0.011, AvoidOOMGCWorkers: 0.063, NextAvoidOOMGCWorkers: 0.039, LastGCWorkers: 4.000, GCWorkers: 1.000
[2024-08-16T20:43:12.162+0800][8.173s][debug][gc,director    ] Rule: Allocation Rate (Dynamic GC Workers), MaxAllocRate: 761.3MB/s (+/-5.6%), Free: 1392MB, GCCPUTime: 0.114, GCDuration: 0.114s, TimeUntilOOM: 1.732s, TimeUntilGC: 1.517s, GCWorkers: 4 -> 1
[2024-08-16T20:43:12.162+0800][8.173s][debug][gc,director    ] Rule: High Usage, Free: 1392MB(34.0%)
[2024-08-16T20:43:12.162+0800][8.173s][debug][gc,director    ] Rule: Proactive, AcceptableGCInterval: 1.581s, TimeSinceLastGC: 1.276s, TimeUntilGC: 0.306s
[2024-08-16T20:43:12.262+0800][8.274s][debug][gc,alloc       ] Allocation Rate: 548.0MB/s, Predicted: 594.9MB/s, Avg: 631.2(+/-41.0)MB/s
[2024-08-16T20:43:12.262+0800][8.274s][debug][gc,director    ] Select GC Workers (Try Lowering), AvoidLongGCWorkers: 0.011, AvoidOOMGCWorkers: 0.066, NextAvoidOOMGCWorkers: 0.038, LastGCWorkers: 4.000, GCWorkers: 1.000
[2024-08-16T20:43:12.262+0800][8.274s][debug][gc,director    ] Rule: Allocation Rate (Dynamic GC Workers), MaxAllocRate: 766.0MB/s (+/-6.5%), Free: 1360MB, GCCPUTime: 0.114, GCDuration: 0.114s, TimeUntilOOM: 1.667s, TimeUntilGC: 1.453s, GCWorkers: 4 -> 1
[2024-08-16T20:43:12.262+0800][8.274s][debug][gc,director    ] Rule: High Usage, Free: 1360MB(33.2%)
[2024-08-16T20:43:12.262+0800][8.274s][debug][gc,director    ] Rule: Proactive, AcceptableGCInterval: 1.581s, TimeSinceLastGC: 1.376s, TimeUntilGC: 0.206s
[2024-08-16T20:43:12.362+0800][8.374s][debug][gc,alloc       ] Allocation Rate: 514.0MB/s, Predicted: 542.9MB/s, Avg: 621.4(+/-54.0)MB/s
[2024-08-16T20:43:12.362+0800][8.374s][debug][gc,director    ] Select GC Workers (Try Lowering), AvoidLongGCWorkers: 0.011, AvoidOOMGCWorkers: 0.072, NextAvoidOOMGCWorkers: 0.039, LastGCWorkers: 4.000, GCWorkers: 1.000
[2024-08-16T20:43:12.362+0800][8.374s][debug][gc,director    ] Rule: Allocation Rate (Dynamic GC Workers), MaxAllocRate: 799.2MB/s (+/-8.7%), Free: 1328MB, GCCPUTime: 0.114, GCDuration: 0.114s, TimeUntilOOM: 1.529s, TimeUntilGC: 1.314s, GCWorkers: 4 -> 1
[2024-08-16T20:43:12.362+0800][8.374s][debug][gc,director    ] Rule: High Usage, Free: 1328MB(32.4%)
[2024-08-16T20:43:12.362+0800][8.374s][debug][gc,director    ] Rule: Proactive, AcceptableGCInterval: 1.581s, TimeSinceLastGC: 1.476s, TimeUntilGC: 0.105s
[2024-08-16T20:43:12.463+0800][8.474s][debug][gc,alloc       ] Allocation Rate: 514.0MB/s, Predicted: 497.5MB/s, Avg: 611.6(+/-63.0)MB/s
[2024-08-16T20:43:12.463+0800][8.474s][debug][gc,director    ] Select GC Workers (Try Lowering), AvoidLongGCWorkers: 0.011, AvoidOOMGCWorkers: 0.078, NextAvoidOOMGCWorkers: 0.039, LastGCWorkers: 4.000, GCWorkers: 1.000
[2024-08-16T20:43:12.463+0800][8.475s][debug][gc,director    ] Rule: Allocation Rate (Dynamic GC Workers), MaxAllocRate: 818.9MB/s (+/-10.3%), Free: 1264MB, GCCPUTime: 0.114, GCDuration: 0.114s, TimeUntilOOM: 1.399s, TimeUntilGC: 1.185s, GCWorkers: 4 -> 1
[2024-08-16T20:43:12.463+0800][8.475s][debug][gc,director    ] Rule: High Usage, Free: 1264MB(30.9%)
[2024-08-16T20:43:12.463+0800][8.475s][debug][gc,director    ] Rule: Proactive, AcceptableGCInterval: 1.581s, TimeSinceLastGC: 1.577s, TimeUntilGC: 0.005s
[2024-08-16T20:43:12.562+0800][8.574s][debug][gc,alloc       ] Allocation Rate: 450.0MB/s, Predicted: 450.0MB/s, Avg: 589.0(+/-75.2)MB/s
[2024-08-16T20:43:12.562+0800][8.574s][debug][gc,director    ] Select GC Workers (Try Lowering), AvoidLongGCWorkers: 0.011, AvoidOOMGCWorkers: 0.084, NextAvoidOOMGCWorkers: 0.039, LastGCWorkers: 4.000, GCWorkers: 1.000
[2024-08-16T20:43:12.562+0800][8.574s][debug][gc,director    ] Rule: Allocation Rate (Dynamic GC Workers), MaxAllocRate: 836.4MB/s (+/-12.8%), Free: 1232MB, GCCPUTime: 0.114, GCDuration: 0.114s, TimeUntilOOM: 1.306s, TimeUntilGC: 1.092s, GCWorkers: 4 -> 1
[2024-08-16T20:43:12.562+0800][8.574s][debug][gc,director    ] Rule: High Usage, Free: 1232MB(30.1%)
[2024-08-16T20:43:12.562+0800][8.574s][debug][gc,director    ] Rule: Proactive, AcceptableGCInterval: 1.581s, TimeSinceLastGC: 1.676s, TimeUntilGC: -0.095s
[2024-08-16T20:43:12.562+0800][8.574s][debug][gc,heap        ] GC(5) Heap before GC invocations=5 (full 5):
[2024-08-16T20:43:12.563+0800][8.574s][debug][gc,heap        ] GC(5)  ZHeap           used 2824M, capacity 2848M, max capacity 4096M
[2024-08-16T20:43:12.563+0800][8.574s][debug][gc,heap        ] GC(5)  Metaspace       used 841K, committed 960K, reserved 1114112K
[2024-08-16T20:43:12.563+0800][8.574s][debug][gc,heap        ] GC(5)   class space    used 63K, committed 128K, reserved 1048576K
[2024-08-16T20:43:12.563+0800][8.574s][info ][gc,start       ] GC(5) Garbage Collection (Proactive)
[2024-08-16T20:43:12.563+0800][8.574s][info ][gc,task        ] GC(5) Using 4 workers
[2024-08-16T20:43:12.563+0800][8.575s][debug][gc,phases,start] GC(5) Pause Mark Start
[2024-08-16T20:43:12.563+0800][8.575s][debug][gc,marking     ] GC(5) Using 4 mark stripes
[2024-08-16T20:43:12.563+0800][8.575s][debug][gc,marking     ] GC(5) Mark Worker/Stripe Distribution
[2024-08-16T20:43:12.563+0800][8.575s][debug][gc,marking     ] GC(5)   Worker 0(4) -> Stripe 0(4)
[2024-08-16T20:43:12.563+0800][8.575s][debug][gc,marking     ] GC(5)   Worker 1(4) -> Stripe 1(4)
[2024-08-16T20:43:12.563+0800][8.575s][debug][gc,marking     ] GC(5)   Worker 2(4) -> Stripe 2(4)
[2024-08-16T20:43:12.563+0800][8.575s][debug][gc,marking     ] GC(5)   Worker 3(4) -> Stripe 3(4)
[2024-08-16T20:43:12.563+0800][8.575s][info ][gc,phases      ] GC(5) Pause Mark Start 0.343ms
[2024-08-16T20:43:12.564+0800][8.576s][debug][gc,phases,start] GC(5) Concurrent Mark
[2024-08-16T20:43:12.564+0800][8.576s][debug][gc,task        ] GC(5) Executing Task: ZMarkRootsTask, Active Workers: 4
[2024-08-16T20:43:12.564+0800][8.576s][debug][gc,phases,start] GC(5) Concurrent Roots OopStorageSet (ZWorker#1)
[2024-08-16T20:43:12.564+0800][8.576s][debug][gc,phases      ] GC(5) Concurrent Roots OopStorageSet (ZWorker#1) 0.082ms
[2024-08-16T20:43:12.564+0800][8.576s][debug][gc,phases,start] GC(5) Concurrent Roots ClassLoaderDataGraph (ZWorker#1)
[2024-08-16T20:43:12.564+0800][8.576s][debug][gc,phases,start] GC(5) Concurrent Roots ClassLoaderDataGraph (ZWorker#0)
[2024-08-16T20:43:12.564+0800][8.576s][debug][gc,phases      ] GC(5) Concurrent Roots ClassLoaderDataGraph (ZWorker#0) 0.146ms
[2024-08-16T20:43:12.564+0800][8.576s][debug][gc,phases,start] GC(5) Concurrent Roots JavaThreads (ZWorker#0)
[2024-08-16T20:43:12.564+0800][8.576s][debug][gc,phases,start] GC(5) Concurrent Roots OopStorageSet (ZWorker#2)
[2024-08-16T20:43:12.565+0800][8.576s][debug][gc,phases      ] GC(5) Concurrent Roots OopStorageSet (ZWorker#2) 0.411ms
[2024-08-16T20:43:12.565+0800][8.576s][debug][gc,phases,start] GC(5) Concurrent Roots JavaThreads (ZWorker#2)
[2024-08-16T20:43:12.565+0800][8.577s][debug][gc,phases      ] GC(5) Concurrent Roots JavaThreads (ZWorker#2) 0.064ms
[2024-08-16T20:43:12.565+0800][8.576s][debug][gc,phases      ] GC(5) Concurrent Roots ClassLoaderDataGraph (ZWorker#1) 0.362ms
[2024-08-16T20:43:12.565+0800][8.577s][debug][gc,phases      ] GC(5) Concurrent Roots JavaThreads (ZWorker#0) 0.373ms
[2024-08-16T20:43:12.564+0800][8.576s][debug][gc,phases,start] GC(5) Concurrent Roots OopStorageSet (ZWorker#3)
[2024-08-16T20:43:12.565+0800][8.577s][debug][gc,phases      ] GC(5) Concurrent Roots OopStorageSet (ZWorker#3) 0.751ms
[2024-08-16T20:43:12.565+0800][8.577s][debug][gc,tlab        ] GC(5) TLAB totals: thrds: 1  refills: 23 max: 23 slow allocs: 889 max 889 waste: 15.3% gc: 200680B max: 200680B slow: 718984B max: 718984B
[2024-08-16T20:43:12.565+0800][8.577s][debug][gc,task        ] GC(5) Executing Task: ZMarkTask, Active Workers: 4
[2024-08-16T20:43:12.565+0800][8.577s][debug][gc,phases,start] GC(5) Concurrent Mark (ZWorker#2)
[2024-08-16T20:43:12.565+0800][8.577s][debug][gc,phases,start] GC(5) Concurrent Mark (ZWorker#0)
[2024-08-16T20:43:12.565+0800][8.577s][debug][gc,phases,start] GC(5) Concurrent Mark (ZWorker#3)
[2024-08-16T20:43:12.565+0800][8.577s][debug][gc,phases,start] GC(5) Concurrent Mark (ZWorker#1)
[2024-08-16T20:43:12.567+0800][8.578s][debug][gc,phases,start] GC(5) Concurrent Mark Try Terminate (ZWorker#0)
[2024-08-16T20:43:12.567+0800][8.578s][debug][gc,phases,start] GC(5) Concurrent Mark Try Terminate (ZWorker#1)
[2024-08-16T20:43:12.567+0800][8.578s][debug][gc,phases,start] GC(5) Concurrent Mark Try Flush (ZWorker#2)
[2024-08-16T20:43:12.567+0800][8.578s][debug][gc,phases,start] GC(5) Concurrent Mark Try Terminate (ZWorker#3)
[2024-08-16T20:43:12.568+0800][8.580s][debug][gc,phases      ] GC(5) Concurrent Mark Try Terminate (ZWorker#0) 1.272ms
[2024-08-16T20:43:12.568+0800][8.580s][debug][gc,phases,start] GC(5) Concurrent Mark Try Terminate (ZWorker#0)
[2024-08-16T20:43:12.568+0800][8.580s][debug][gc,phases      ] GC(5) Concurrent Mark Try Terminate (ZWorker#1) 1.424ms
[2024-08-16T20:43:12.568+0800][8.580s][debug][gc,phases,start] GC(5) Concurrent Mark Try Terminate (ZWorker#1)
[2024-08-16T20:43:12.568+0800][8.580s][debug][gc,phases      ] GC(5) Concurrent Mark Try Terminate (ZWorker#3) 1.667ms
[2024-08-16T20:43:12.568+0800][8.580s][debug][gc,phases,start] GC(5) Concurrent Mark Try Terminate (ZWorker#3)
[2024-08-16T20:43:12.569+0800][8.581s][debug][gc,phases      ] GC(5) Concurrent Mark Try Terminate (ZWorker#0) 1.133ms
[2024-08-16T20:43:12.569+0800][8.581s][debug][gc,phases,start] GC(5) Concurrent Mark Try Terminate (ZWorker#0)
[2024-08-16T20:43:12.569+0800][8.581s][debug][gc,phases      ] GC(5) Concurrent Mark Try Terminate (ZWorker#1) 1.291ms
[2024-08-16T20:43:12.569+0800][8.581s][debug][gc,phases,start] GC(5) Concurrent Mark Try Terminate (ZWorker#1)
[2024-08-16T20:43:12.570+0800][8.581s][debug][gc,phases      ] GC(5) Concurrent Mark Try Terminate (ZWorker#3) 1.262ms
[2024-08-16T20:43:12.570+0800][8.581s][debug][gc,phases,start] GC(5) Concurrent Mark Try Terminate (ZWorker#3)
[2024-08-16T20:43:12.570+0800][8.582s][debug][gc,phases      ] GC(5) Concurrent Mark Try Terminate (ZWorker#0) 1.241ms
[2024-08-16T20:43:12.570+0800][8.582s][debug][gc,phases,start] GC(5) Concurrent Mark Try Terminate (ZWorker#0)
[2024-08-16T20:43:12.571+0800][8.582s][debug][gc,phases      ] GC(5) Concurrent Mark Try Terminate (ZWorker#1) 1.155ms
[2024-08-16T20:43:12.571+0800][8.582s][debug][gc,phases,start] GC(5) Concurrent Mark Try Terminate (ZWorker#1)
[2024-08-16T20:43:12.571+0800][8.583s][debug][gc,phases      ] GC(5) Concurrent Mark Try Terminate (ZWorker#3) 1.125ms
[2024-08-16T20:43:12.571+0800][8.583s][debug][gc,phases,start] GC(5) Concurrent Mark Try Terminate (ZWorker#3)
[2024-08-16T20:43:12.572+0800][8.583s][debug][gc,phases      ] GC(5) Concurrent Mark Try Terminate (ZWorker#0) 1.198ms
[2024-08-16T20:43:12.572+0800][8.583s][debug][gc,phases,start] GC(5) Concurrent Mark Try Terminate (ZWorker#0)
[2024-08-16T20:43:12.572+0800][8.584s][debug][gc,phases      ] GC(5) Concurrent Mark Try Terminate (ZWorker#1) 1.131ms
[2024-08-16T20:43:12.572+0800][8.584s][debug][gc,phases,start] GC(5) Concurrent Mark Try Terminate (ZWorker#1)
[2024-08-16T20:43:12.572+0800][8.584s][debug][gc,phases      ] GC(5) Concurrent Mark Try Terminate (ZWorker#3) 1.106ms
[2024-08-16T20:43:12.572+0800][8.584s][debug][gc,phases,start] GC(5) Concurrent Mark Try Terminate (ZWorker#3)
[2024-08-16T20:43:12.573+0800][8.585s][debug][gc,phases      ] GC(5) Concurrent Mark Try Terminate (ZWorker#0) 1.230ms
[2024-08-16T20:43:12.573+0800][8.585s][debug][gc,phases,start] GC(5) Concurrent Mark Try Terminate (ZWorker#0)
[2024-08-16T20:43:12.573+0800][8.585s][debug][gc,phases      ] GC(5) Concurrent Mark Try Terminate (ZWorker#1) 1.177ms
[2024-08-16T20:43:12.573+0800][8.585s][debug][gc,phases,start] GC(5) Concurrent Mark Try Terminate (ZWorker#1)
[2024-08-16T20:43:12.573+0800][8.585s][debug][gc,phases      ] GC(5) Concurrent Mark Try Terminate (ZWorker#3) 1.117ms
[2024-08-16T20:43:12.573+0800][8.585s][debug][gc,phases,start] GC(5) Concurrent Mark Try Terminate (ZWorker#3)
[2024-08-16T20:43:12.574+0800][8.586s][debug][gc,phases      ] GC(5) Concurrent Mark Try Terminate (ZWorker#0) 1.257ms
[2024-08-16T20:43:12.574+0800][8.586s][debug][gc,phases,start] GC(5) Concurrent Mark Try Terminate (ZWorker#0)
[2024-08-16T20:43:12.574+0800][8.586s][debug][gc,phases      ] GC(5) Concurrent Mark Try Terminate (ZWorker#3) 1.125ms
[2024-08-16T20:43:12.574+0800][8.586s][debug][gc,phases,start] GC(5) Concurrent Mark Try Terminate (ZWorker#3)
[2024-08-16T20:43:12.574+0800][8.586s][debug][gc,phases      ] GC(5) Concurrent Mark Try Terminate (ZWorker#1) 1.198ms
[2024-08-16T20:43:12.574+0800][8.586s][debug][gc,phases,start] GC(5) Concurrent Mark Try Terminate (ZWorker#1)
[2024-08-16T20:43:12.575+0800][8.587s][debug][gc,phases      ] GC(5) Concurrent Mark Try Terminate (ZWorker#0) 1.100ms
[2024-08-16T20:43:12.575+0800][8.587s][debug][gc,phases,start] GC(5) Concurrent Mark Try Terminate (ZWorker#0)
[2024-08-16T20:43:12.576+0800][8.587s][debug][gc,phases      ] GC(5) Concurrent Mark Try Terminate (ZWorker#3) 1.187ms
[2024-08-16T20:43:12.576+0800][8.587s][debug][gc,phases,start] GC(5) Concurrent Mark Try Terminate (ZWorker#3)
[2024-08-16T20:43:12.576+0800][8.587s][debug][gc,phases      ] GC(5) Concurrent Mark Try Terminate (ZWorker#1) 1.180ms
[2024-08-16T20:43:12.576+0800][8.587s][debug][gc,phases,start] GC(5) Concurrent Mark Try Terminate (ZWorker#1)
[2024-08-16T20:43:12.577+0800][8.588s][debug][gc,phases      ] GC(5) Concurrent Mark Try Terminate (ZWorker#0) 1.226ms
[2024-08-16T20:43:12.577+0800][8.588s][debug][gc,phases,start] GC(5) Concurrent Mark Try Terminate (ZWorker#0)
[2024-08-16T20:43:12.577+0800][8.588s][debug][gc,phases      ] GC(5) Concurrent Mark Try Terminate (ZWorker#3) 1.166ms
[2024-08-16T20:43:12.577+0800][8.589s][debug][gc,phases,start] GC(5) Concurrent Mark Try Terminate (ZWorker#3)
[2024-08-16T20:43:12.577+0800][8.589s][debug][gc,phases      ] GC(5) Concurrent Mark Try Terminate (ZWorker#1) 1.184ms
[2024-08-16T20:43:12.577+0800][8.589s][debug][gc,phases,start] GC(5) Concurrent Mark Try Terminate (ZWorker#1)
[2024-08-16T20:43:12.578+0800][8.590s][debug][gc,phases      ] GC(5) Concurrent Mark Try Terminate (ZWorker#0) 1.219ms
[2024-08-16T20:43:12.578+0800][8.590s][debug][gc,phases,start] GC(5) Concurrent Mark Try Terminate (ZWorker#0)
[2024-08-16T20:43:12.578+0800][8.590s][debug][gc,phases      ] GC(5) Concurrent Mark Try Terminate (ZWorker#3) 1.225ms
[2024-08-16T20:43:12.578+0800][8.590s][debug][gc,phases,start] GC(5) Concurrent Mark Try Terminate (ZWorker#3)
[2024-08-16T20:43:12.578+0800][8.590s][debug][gc,phases      ] GC(5) Concurrent Mark Try Terminate (ZWorker#1) 1.219ms
[2024-08-16T20:43:12.578+0800][8.590s][debug][gc,phases,start] GC(5) Concurrent Mark Try Terminate (ZWorker#1)
[2024-08-16T20:43:12.579+0800][8.591s][debug][gc,phases      ] GC(5) Concurrent Mark Try Terminate (ZWorker#0) 1.222ms
[2024-08-16T20:43:12.579+0800][8.591s][debug][gc,phases,start] GC(5) Concurrent Mark Try Terminate (ZWorker#0)
[2024-08-16T20:43:12.579+0800][8.591s][debug][gc,phases      ] GC(5) Concurrent Mark Try Terminate (ZWorker#3) 1.129ms
[2024-08-16T20:43:12.579+0800][8.591s][debug][gc,phases,start] GC(5) Concurrent Mark Try Terminate (ZWorker#3)
[2024-08-16T20:43:12.579+0800][8.591s][debug][gc,phases      ] GC(5) Concurrent Mark Try Terminate (ZWorker#1) 1.194ms
[2024-08-16T20:43:12.579+0800][8.591s][debug][gc,phases      ] GC(5) Concurrent Mark Try Flush (ZWorker#2) 12.745ms
[2024-08-16T20:43:12.579+0800][8.591s][debug][gc,phases,start] GC(5) Concurrent Mark Try Flush (ZWorker#2)
[2024-08-16T20:43:12.580+0800][8.591s][debug][gc,phases      ] GC(5) Concurrent Mark Try Flush (ZWorker#2) 0.164ms
[2024-08-16T20:43:12.580+0800][8.592s][debug][gc,phases      ] GC(5) Concurrent Mark Try Terminate (ZWorker#0) 1.087ms
[2024-08-16T20:43:12.580+0800][8.592s][debug][gc,phases      ] GC(5) Concurrent Mark Try Terminate (ZWorker#3) 1.120ms
[2024-08-16T20:43:12.581+0800][8.593s][debug][gc,phases,start] GC(5) Concurrent Mark Try Terminate (ZWorker#1)
[2024-08-16T20:43:12.582+0800][8.593s][debug][gc,phases,start] GC(5) Concurrent Mark Try Flush (ZWorker#2)
[2024-08-16T20:43:12.582+0800][8.593s][debug][gc,phases      ] GC(5) Concurrent Mark Try Flush (ZWorker#2) 0.114ms
[2024-08-16T20:43:12.582+0800][8.593s][debug][gc,phases,start] GC(5) Concurrent Mark Try Terminate (ZWorker#0)
[2024-08-16T20:43:12.582+0800][8.593s][debug][gc,phases,start] GC(5) Concurrent Mark Try Terminate (ZWorker#2)
[2024-08-16T20:43:12.582+0800][8.594s][debug][gc,phases,start] GC(5) Concurrent Mark Try Terminate (ZWorker#3)
[2024-08-16T20:43:12.582+0800][8.594s][debug][gc,phases,start] GC(5) Concurrent Mark Try Flush (ZWorker#3)
[2024-08-16T20:43:12.582+0800][8.594s][debug][gc,phases      ] GC(5) Concurrent Mark Try Flush (ZWorker#3) 0.065ms
[2024-08-16T20:43:12.582+0800][8.594s][debug][gc,phases      ] GC(5) Concurrent Mark Try Terminate (ZWorker#3) 0.086ms
[2024-08-16T20:43:12.582+0800][8.594s][debug][gc,phases,start] GC(5) Concurrent Mark Try Terminate (ZWorker#3)
[2024-08-16T20:43:12.582+0800][8.594s][debug][gc,phases      ] GC(5) Concurrent Mark Try Terminate (ZWorker#3) 0.004ms
[2024-08-16T20:43:12.582+0800][8.594s][debug][gc,phases      ] GC(5) Concurrent Mark (ZWorker#3) 16.728ms
[2024-08-16T20:43:12.582+0800][8.594s][debug][gc,phases      ] GC(5) Concurrent Mark Try Terminate (ZWorker#1) 1.156ms
[2024-08-16T20:43:12.582+0800][8.594s][debug][gc,phases      ] GC(5) Concurrent Mark (ZWorker#1) 16.865ms
[2024-08-16T20:43:12.583+0800][8.595s][debug][gc,phases      ] GC(5) Concurrent Mark Try Terminate (ZWorker#2) 1.258ms
[2024-08-16T20:43:12.583+0800][8.595s][debug][gc,phases      ] GC(5) Concurrent Mark (ZWorker#2) 17.873ms
[2024-08-16T20:43:12.583+0800][8.595s][debug][gc,phases      ] GC(5) Concurrent Mark Try Terminate (ZWorker#0) 1.261ms
[2024-08-16T20:43:12.583+0800][8.595s][debug][gc,phases      ] GC(5) Concurrent Mark (ZWorker#0) 17.749ms
[2024-08-16T20:43:12.583+0800][8.595s][info ][gc,phases      ] GC(5) Concurrent Mark 19.348ms
[2024-08-16T20:43:12.583+0800][8.595s][debug][gc,phases,start] GC(5) Pause Mark End
[2024-08-16T20:43:12.583+0800][8.595s][info ][gc,phases      ] GC(5) Pause Mark End 0.027ms
[2024-08-16T20:43:12.583+0800][8.595s][debug][gc,phases,start] GC(5) Concurrent Mark Free
[2024-08-16T20:43:12.583+0800][8.595s][info ][gc,phases      ] GC(5) Concurrent Mark Free 0.018ms
[2024-08-16T20:43:12.583+0800][8.595s][debug][gc,phases,start] GC(5) Concurrent Process Non-Strong References
[2024-08-16T20:43:12.583+0800][8.595s][debug][gc,phases,start] GC(5) Concurrent References Process (ZDriver)
[2024-08-16T20:43:12.583+0800][8.595s][debug][gc,task        ] GC(5) Executing Task: ZReferenceProcessorTask, Active Workers: 4
[2024-08-16T20:43:12.584+0800][8.595s][debug][gc,phases      ] GC(5) Concurrent References Process (ZDriver) 0.059ms
[2024-08-16T20:43:12.584+0800][8.595s][debug][gc,task        ] GC(5) Executing Task: ZProcessWeakRootsTask, Active Workers: 4
[2024-08-16T20:43:12.584+0800][8.595s][debug][gc,phases,start] GC(5) Concurrent Weak Roots OopStorageSet (ZWorker#1)
[2024-08-16T20:43:12.584+0800][8.595s][debug][gc,phases,start] GC(5) Concurrent Weak Roots OopStorageSet (ZWorker#3)
[2024-08-16T20:43:12.584+0800][8.595s][debug][gc,phases,start] GC(5) Concurrent Weak Roots OopStorageSet (ZWorker#0)
[2024-08-16T20:43:12.584+0800][8.595s][debug][gc,phases      ] GC(5) Concurrent Weak Roots OopStorageSet (ZWorker#3) 0.064ms
[2024-08-16T20:43:12.584+0800][8.595s][debug][gc,phases      ] GC(5) Concurrent Weak Roots OopStorageSet (ZWorker#1) 0.076ms
[2024-08-16T20:43:12.584+0800][8.595s][debug][gc,phases      ] GC(5) Concurrent Weak Roots OopStorageSet (ZWorker#0) 0.044ms
[2024-08-16T20:43:12.584+0800][8.595s][debug][gc,phases,start] GC(5) Concurrent Weak Roots OopStorageSet (ZWorker#2)
[2024-08-16T20:43:12.584+0800][8.596s][debug][gc,phases      ] GC(5) Concurrent Weak Roots OopStorageSet (ZWorker#2) 0.213ms
[2024-08-16T20:43:12.584+0800][8.596s][debug][gc,phases,start] GC(5) Concurrent Classes Unlink (ZDriver)
[2024-08-16T20:43:12.584+0800][8.596s][debug][gc,phases,start] GC(5) ClassLoaderData
[2024-08-16T20:43:12.584+0800][8.596s][debug][gc,phases      ] GC(5) ClassLoaderData 0.008ms
[2024-08-16T20:43:12.584+0800][8.596s][debug][gc,phases,start] GC(5) Trigger cleanups
[2024-08-16T20:43:12.584+0800][8.596s][debug][gc,phases      ] GC(5) Trigger cleanups 0.004ms
[2024-08-16T20:43:12.584+0800][8.596s][debug][gc,task        ] GC(5) Executing Task: ZNMethodUnlinkTask, Active Workers: 4
[2024-08-16T20:43:12.584+0800][8.596s][debug][gc,phases      ] GC(5) Concurrent Classes Unlink (ZDriver) 0.277ms
[2024-08-16T20:43:12.584+0800][8.596s][debug][gc,phases,start] GC(5) Concurrent Classes Purge (ZDriver)
[2024-08-16T20:43:12.584+0800][8.596s][debug][gc,task        ] GC(5) Executing Task: ZNMethodPurgeTask, Active Workers: 4
[2024-08-16T20:43:12.584+0800][8.596s][debug][gc,phases      ] GC(5) Concurrent Classes Purge (ZDriver) 0.075ms
[2024-08-16T20:43:12.584+0800][8.596s][debug][gc,phases,start] GC(5) Concurrent References Enqueue (ZDriver)
[2024-08-16T20:43:12.584+0800][8.596s][debug][gc,phases      ] GC(5) Concurrent References Enqueue (ZDriver) 0.004ms
[2024-08-16T20:43:12.584+0800][8.596s][info ][gc,phases      ] GC(5) Concurrent Process Non-Strong References 0.886ms
[2024-08-16T20:43:12.584+0800][8.596s][debug][gc,phases,start] GC(5) Concurrent Reset Relocation Set
[2024-08-16T20:43:12.584+0800][8.596s][info ][gc,phases      ] GC(5) Concurrent Reset Relocation Set 0.004ms
[2024-08-16T20:43:12.584+0800][8.596s][debug][gc,phases,start] GC(5) Concurrent Select Relocation Set
[2024-08-16T20:43:12.585+0800][8.597s][debug][gc,task        ] GC(5) Executing Task: ZRelocationSetInstallTask, Active Workers: 4
[2024-08-16T20:43:12.585+0800][8.597s][info ][gc,phases      ] GC(5) Concurrent Select Relocation Set 0.640ms
[2024-08-16T20:43:12.585+0800][8.597s][debug][gc,phases,start] GC(5) Pause Relocate Start
[2024-08-16T20:43:12.585+0800][8.597s][info ][gc,phases      ] GC(5) Pause Relocate Start 0.029ms
[2024-08-16T20:43:12.585+0800][8.597s][debug][gc,phases,start] GC(5) Concurrent Relocate
[2024-08-16T20:43:12.585+0800][8.597s][debug][gc,task        ] GC(5) Executing Task: ZRelocateTask, Active Workers: 4
[2024-08-16T20:43:12.586+0800][8.598s][info ][gc,phases      ] GC(5) Concurrent Relocate 0.798ms
[2024-08-16T20:43:12.586+0800][8.598s][debug][gc,heap        ] GC(5) Heap after GC invocations=6 (full 6):
[2024-08-16T20:43:12.586+0800][8.598s][debug][gc,heap        ] GC(5)  ZHeap           used 2340M, capacity 2880M, max capacity 4096M
[2024-08-16T20:43:12.586+0800][8.598s][debug][gc,heap        ] GC(5)  Metaspace       used 841K, committed 960K, reserved 1114112K
[2024-08-16T20:43:12.586+0800][8.598s][debug][gc,heap        ] GC(5)   class space    used 63K, committed 128K, reserved 1048576K
[2024-08-16T20:43:12.586+0800][8.598s][info ][gc,load        ] GC(5) Load: 1.88/0.56/0.19
[2024-08-16T20:43:12.586+0800][8.598s][info ][gc,mmu         ] GC(5) MMU: 2ms/77.6%, 5ms/91.1%, 10ms/95.5%, 20ms/97.5%, 50ms/99.0%, 100ms/99.5%
[2024-08-16T20:43:12.586+0800][8.598s][info ][gc,marking     ] GC(5) Mark: 4 stripe(s), 3 proactive flush(es), 1 terminate flush(es), 0 completion(s), 0 continuation(s) 
[2024-08-16T20:43:12.586+0800][8.598s][info ][gc,marking     ] GC(5) Mark Stack Usage: 32M
[2024-08-16T20:43:12.586+0800][8.598s][info ][gc,nmethod     ] GC(5) NMethods: 523 registered, 0 unregistered
[2024-08-16T20:43:12.586+0800][8.598s][info ][gc,metaspace   ] GC(5) Metaspace: 0M used, 0M committed, 1088M reserved
[2024-08-16T20:43:12.586+0800][8.598s][info ][gc,ref         ] GC(5) Soft: 104 encountered, 0 discovered, 0 enqueued
[2024-08-16T20:43:12.586+0800][8.598s][info ][gc,ref         ] GC(5) Weak: 193 encountered, 174 discovered, 0 enqueued
[2024-08-16T20:43:12.586+0800][8.598s][info ][gc,ref         ] GC(5) Final: 0 encountered, 0 discovered, 0 enqueued
[2024-08-16T20:43:12.586+0800][8.598s][info ][gc,ref         ] GC(5) Phantom: 1 encountered, 0 discovered, 0 enqueued
[2024-08-16T20:43:12.586+0800][8.598s][info ][gc,reloc       ] GC(5) Small Pages: 4 / 8M, Empty: 4M, Relocated: 0M, In-Place: 0
[2024-08-16T20:43:12.586+0800][8.598s][info ][gc,reloc       ] GC(5) Medium Pages: 88 / 2816M, Empty: 512M, Relocated: 0M, In-Place: 0
[2024-08-16T20:43:12.586+0800][8.598s][info ][gc,reloc       ] GC(5) Large Pages: 0 / 0M, Empty: 0M, Relocated: 0M, In-Place: 0
[2024-08-16T20:43:12.586+0800][8.598s][info ][gc,reloc       ] GC(5) Forwarding Usage: 0M
[2024-08-16T20:43:12.586+0800][8.598s][info ][gc,heap        ] GC(5) Min Capacity: 512M(12%)
[2024-08-16T20:43:12.586+0800][8.598s][info ][gc,heap        ] GC(5) Max Capacity: 4096M(100%)
[2024-08-16T20:43:12.586+0800][8.598s][info ][gc,heap        ] GC(5) Soft Max Capacity: 4096M(100%)
[2024-08-16T20:43:12.586+0800][8.598s][info ][gc,heap        ] GC(5)                Mark Start          Mark End        Relocate Start      Relocate End           High               Low         
[2024-08-16T20:43:12.586+0800][8.598s][info ][gc,heap        ] GC(5)  Capacity:     2848M (70%)        2880M (70%)        2880M (70%)        2880M (70%)        2880M (70%)        2848M (70%)    
[2024-08-16T20:43:12.586+0800][8.598s][info ][gc,heap        ] GC(5)      Free:     1272M (31%)        1238M (30%)        1754M (43%)        1756M (43%)        1756M (43%)        1238M (30%)    
[2024-08-16T20:43:12.586+0800][8.598s][info ][gc,heap        ] GC(5)      Used:     2824M (69%)        2858M (70%)        2342M (57%)        2340M (57%)        2858M (70%)        2340M (57%)    
[2024-08-16T20:43:12.586+0800][8.598s][info ][gc,heap        ] GC(5)      Live:         -              2211M (54%)        2211M (54%)        2211M (54%)            -                  -          
[2024-08-16T20:43:12.586+0800][8.598s][info ][gc,heap        ] GC(5) Allocated:         -                34M (1%)           34M (1%)           33M (1%)             -                  -          
[2024-08-16T20:43:12.586+0800][8.598s][info ][gc,heap        ] GC(5)   Garbage:         -               612M (15%)          96M (2%)           94M (2%)             -                  -          
[2024-08-16T20:43:12.586+0800][8.598s][info ][gc,heap        ] GC(5) Reclaimed:         -                  -               516M (13%)         517M (13%)            -                  -          
[2024-08-16T20:43:12.586+0800][8.598s][info ][gc             ] GC(5) Garbage Collection (Proactive) 2824M(69%)->2340M(57%)
[2024-08-16T20:43:12.662+0800][8.673s][debug][gc,alloc       ] Allocation Rate: 452.0MB/s, Predicted: 418.4MB/s, Avg: 566.6(+/-79.2)MB/s
[2024-08-16T20:43:12.662+0800][8.674s][debug][gc,director    ] Select GC Workers (Try Lowering), AvoidLongGCWorkers: 0.010, AvoidOOMGCWorkers: 0.055, NextAvoidOOMGCWorkers: 0.058, LastGCWorkers: 4.000, GCWorkers: 1.000
[2024-08-16T20:43:12.662+0800][8.674s][debug][gc,director    ] Rule: Allocation Rate (Dynamic GC Workers), MaxAllocRate: 827.2MB/s (+/-14.0%), Free: 1684MB, GCCPUTime: 0.102, GCDuration: 0.102s, TimeUntilOOM: 1.786s, TimeUntilGC: 1.584s, GCWorkers: 4 -> 1
[2024-08-16T20:43:12.662+0800][8.674s][debug][gc,director    ] Rule: High Usage, Free: 1684MB(41.1%)
[2024-08-16T20:43:12.662+0800][8.674s][debug][gc,director    ] Rule: Proactive, UsedUntilEnabled: 377MB, TimeUntilEnabled: 299.924s
[2024-08-16T20:43:12.762+0800][8.774s][debug][gc,alloc       ] Allocation Rate: 516.0MB/s, Predicted: 427.3MB/s, Avg: 550.6(+/-71.2)MB/s
[2024-08-16T20:43:12.762+0800][8.774s][debug][gc,director    ] Select GC Workers (Try Lowering), AvoidLongGCWorkers: 0.010, AvoidOOMGCWorkers: 0.055, NextAvoidOOMGCWorkers: 0.055, LastGCWorkers: 4.000, GCWorkers: 1.000
[2024-08-16T20:43:12.762+0800][8.774s][debug][gc,director    ] Rule: Allocation Rate (Dynamic GC Workers), MaxAllocRate: 785.0MB/s (+/-12.9%), Free: 1588MB, GCCPUTime: 0.102, GCDuration: 0.102s, TimeUntilOOM: 1.791s, TimeUntilGC: 1.589s, GCWorkers: 4 -> 1
[2024-08-16T20:43:12.762+0800][8.774s][debug][gc,director    ] Rule: High Usage, Free: 1588MB(38.8%)
[2024-08-16T20:43:12.762+0800][8.774s][debug][gc,director    ] Rule: Proactive, UsedUntilEnabled: 281MB, TimeUntilEnabled: 299.824s
[2024-08-16T20:43:12.862+0800][8.873s][debug][gc,alloc       ] Allocation Rate: 548.0MB/s, Predicted: 451.2MB/s, Avg: 541.0(+/-64.1)MB/s
[2024-08-16T20:43:12.862+0800][8.873s][debug][gc,director    ] Select GC Workers (Try Lowering), AvoidLongGCWorkers: 0.010, AvoidOOMGCWorkers: 0.054, NextAvoidOOMGCWorkers: 0.051, LastGCWorkers: 4.000, GCWorkers: 1.000
[2024-08-16T20:43:12.862+0800][8.873s][debug][gc,director    ] Rule: Allocation Rate (Dynamic GC Workers), MaxAllocRate: 752.0MB/s (+/-11.9%), Free: 1524MB, GCCPUTime: 0.102, GCDuration: 0.102s, TimeUntilOOM: 1.812s, TimeUntilGC: 1.610s, GCWorkers: 4 -> 1
[2024-08-16T20:43:12.862+0800][8.873s][debug][gc,director    ] Rule: High Usage, Free: 1524MB(37.2%)
[2024-08-16T20:43:12.862+0800][8.873s][debug][gc,director    ] Rule: Proactive, UsedUntilEnabled: 217MB, TimeUntilEnabled: 299.724s
[2024-08-16T20:43:12.962+0800][8.974s][debug][gc,alloc       ] Allocation Rate: 578.0MB/s, Predicted: 493.5MB/s, Avg: 534.4(+/-56.1)MB/s
[2024-08-16T20:43:12.962+0800][8.974s][debug][gc,director    ] Select GC Workers (Try Lowering), AvoidLongGCWorkers: 0.010, AvoidOOMGCWorkers: 0.054, NextAvoidOOMGCWorkers: 0.049, LastGCWorkers: 4.000, GCWorkers: 1.000
[2024-08-16T20:43:12.962+0800][8.974s][debug][gc,director    ] Rule: Allocation Rate (Dynamic GC Workers), MaxAllocRate: 718.9MB/s (+/-10.5%), Free: 1428MB, GCCPUTime: 0.102, GCDuration: 0.102s, TimeUntilOOM: 1.798s, TimeUntilGC: 1.596s, GCWorkers: 4 -> 1
[2024-08-16T20:43:12.962+0800][8.974s][debug][gc,director    ] Rule: High Usage, Free: 1428MB(34.9%)
[2024-08-16T20:43:12.962+0800][8.974s][debug][gc,director    ] Rule: Proactive, UsedUntilEnabled: 121MB, TimeUntilEnabled: 299.624s
[2024-08-16T20:43:13.062+0800][9.074s][debug][gc,alloc       ] Allocation Rate: 612.0MB/s, Predicted: 553.7MB/s, Avg: 531.2(+/-50.4)MB/s
[2024-08-16T20:43:13.062+0800][9.074s][debug][gc,director    ] Select GC Workers (Try Lowering), AvoidLongGCWorkers: 0.010, AvoidOOMGCWorkers: 0.057, NextAvoidOOMGCWorkers: 0.048, LastGCWorkers: 4.000, GCWorkers: 1.000
[2024-08-16T20:43:13.062+0800][9.074s][debug][gc,director    ] Rule: Allocation Rate (Dynamic GC Workers), MaxAllocRate: 719.4MB/s (+/-9.5%), Free: 1362MB, GCCPUTime: 0.102, GCDuration: 0.102s, TimeUntilOOM: 1.729s, TimeUntilGC: 1.528s, GCWorkers: 4 -> 1
[2024-08-16T20:43:13.062+0800][9.074s][debug][gc,director    ] Rule: High Usage, Free: 1362MB(33.3%)
[2024-08-16T20:43:13.062+0800][9.074s][debug][gc,director    ] Rule: Proactive, UsedUntilEnabled: 55MB, TimeUntilEnabled: 299.524s
[2024-08-16T20:43:13.162+0800][9.174s][debug][gc,alloc       ] Allocation Rate: 676.0MB/s, Predicted: 624.7MB/s, Avg: 540.8(+/-65.6)MB/s
[2024-08-16T20:43:13.163+0800][9.174s][debug][gc,director    ] Select GC Workers (Try Lowering), AvoidLongGCWorkers: 0.010, AvoidOOMGCWorkers: 0.073, NextAvoidOOMGCWorkers: 0.056, LastGCWorkers: 4.000, GCWorkers: 1.000
[2024-08-16T20:43:13.163+0800][9.174s][debug][gc,director    ] Rule: Allocation Rate (Dynamic GC Workers), MaxAllocRate: 840.5MB/s (+/-12.1%), Free: 1266MB, GCCPUTime: 0.102, GCDuration: 0.102s, TimeUntilOOM: 1.343s, TimeUntilGC: 1.142s, GCWorkers: 4 -> 1
[2024-08-16T20:43:13.163+0800][9.174s][debug][gc,director    ] Rule: High Usage, Free: 1266MB(30.9%)
[2024-08-16T20:43:13.163+0800][9.175s][debug][gc,director    ] Rule: Proactive, AcceptableGCInterval: 1.394s, TimeSinceLastGC: 0.577s, TimeUntilGC: 0.818s
[2024-08-16T20:43:13.262+0800][9.274s][debug][gc,alloc       ] Allocation Rate: 676.0MB/s, Predicted: 680.7MB/s, Avg: 553.6(+/-77.2)MB/s
[2024-08-16T20:43:13.262+0800][9.274s][debug][gc,director    ] Select GC Workers (Try Lowering), AvoidLongGCWorkers: 0.010, AvoidOOMGCWorkers: 0.087, NextAvoidOOMGCWorkers: 0.060, LastGCWorkers: 4.000, GCWorkers: 1.000
[2024-08-16T20:43:13.262+0800][9.274s][debug][gc,director    ] Rule: Allocation Rate (Dynamic GC Workers), MaxAllocRate: 934.7MB/s (+/-13.9%), Free: 1202MB, GCCPUTime: 0.102, GCDuration: 0.102s, TimeUntilOOM: 1.129s, TimeUntilGC: 0.927s, GCWorkers: 4 -> 1
[2024-08-16T20:43:13.262+0800][9.274s][debug][gc,director    ] Rule: High Usage, Free: 1202MB(29.3%)
[2024-08-16T20:43:13.262+0800][9.274s][debug][gc,director    ] Rule: Proactive, AcceptableGCInterval: 1.394s, TimeSinceLastGC: 0.676s, TimeUntilGC: 0.718s
[2024-08-16T20:43:13.362+0800][9.374s][debug][gc,alloc       ] Allocation Rate: 708.0MB/s, Predicted: 731.9MB/s, Avg: 573.0(+/-88.4)MB/s
[2024-08-16T20:43:13.362+0800][9.374s][debug][gc,director    ] Select GC Workers (Unsteady), AvoidLongGCWorkers: 0.010, AvoidOOMGCWorkers: 0.102, LastGCWorkers: 4.000, HalfGCWorkers: 2.000, GCWorkers: 4.000
[2024-08-16T20:43:13.362+0800][9.374s][debug][gc,director    ] Rule: Allocation Rate (Dynamic GC Workers), MaxAllocRate: 1022.7MB/s (+/-15.4%), Free: 1138MB, GCCPUTime: 0.102, GCDuration: 0.028s, TimeUntilOOM: 0.964s, TimeUntilGC: 0.836s, GCWorkers: 4 -> 4
[2024-08-16T20:43:13.362+0800][9.374s][debug][gc,director    ] Rule: High Usage, Free: 1138MB(27.8%)
[2024-08-16T20:43:13.362+0800][9.374s][debug][gc,director    ] Rule: Proactive, AcceptableGCInterval: 1.394s, TimeSinceLastGC: 0.776s, TimeUntilGC: 0.618s
[2024-08-16T20:43:13.462+0800][9.473s][debug][gc,alloc       ] Allocation Rate: 676.0MB/s, Predicted: 757.3MB/s, Avg: 589.2(+/-90.9)MB/s
[2024-08-16T20:43:13.462+0800][9.474s][debug][gc,director    ] Select GC Workers (Unsteady), AvoidLongGCWorkers: 0.010, AvoidOOMGCWorkers: 0.108, LastGCWorkers: 4.000, HalfGCWorkers: 2.000, GCWorkers: 4.000
[2024-08-16T20:43:13.462+0800][9.474s][debug][gc,director    ] Rule: Allocation Rate (Dynamic GC Workers), MaxAllocRate: 1056.4MB/s (+/-15.4%), Free: 1106MB, GCCPUTime: 0.102, GCDuration: 0.028s, TimeUntilOOM: 0.907s, TimeUntilGC: 0.779s, GCWorkers: 4 -> 4
[2024-08-16T20:43:13.462+0800][9.474s][debug][gc,director    ] Rule: High Usage, Free: 1106MB(27.0%)
[2024-08-16T20:43:13.462+0800][9.474s][debug][gc,director    ] Rule: Proactive, AcceptableGCInterval: 1.394s, TimeSinceLastGC: 0.876s, TimeUntilGC: 0.518s
[2024-08-16T20:43:13.562+0800][9.574s][debug][gc,alloc       ] Allocation Rate: 708.0MB/s, Predicted: 767.7MB/s, Avg: 615.0(+/-84.1)MB/s
[2024-08-16T20:43:13.562+0800][9.574s][debug][gc,director    ] Select GC Workers (Try Lowering), AvoidLongGCWorkers: 0.010, AvoidOOMGCWorkers: 0.112, NextAvoidOOMGCWorkers: 0.058, LastGCWorkers: 4.000, GCWorkers: 1.000
[2024-08-16T20:43:13.562+0800][9.574s][debug][gc,director    ] Rule: Allocation Rate (Dynamic GC Workers), MaxAllocRate: 1044.4MB/s (+/-13.7%), Free: 1042MB, GCCPUTime: 0.102, GCDuration: 0.102s, TimeUntilOOM: 0.878s, TimeUntilGC: 0.676s, GCWorkers: 4 -> 1
[2024-08-16T20:43:13.562+0800][9.574s][debug][gc,director    ] Rule: High Usage, Free: 1042MB(25.4%)
[2024-08-16T20:43:13.562+0800][9.574s][debug][gc,director    ] Rule: Proactive, AcceptableGCInterval: 1.394s, TimeSinceLastGC: 0.976s, TimeUntilGC: 0.418s
[2024-08-16T20:43:13.662+0800][9.674s][debug][gc,alloc       ] Allocation Rate: 676.0MB/s, Predicted: 748.7MB/s, Avg: 637.4(+/-65.4)MB/s
[2024-08-16T20:43:13.662+0800][9.674s][debug][gc,director    ] Select GC Workers (Try Lowering), AvoidLongGCWorkers: 0.010, AvoidOOMGCWorkers: 0.103, NextAvoidOOMGCWorkers: 0.053, LastGCWorkers: 4.000, GCWorkers: 1.000
[2024-08-16T20:43:13.662+0800][9.674s][debug][gc,director    ] Rule: Allocation Rate (Dynamic GC Workers), MaxAllocRate: 964.0MB/s (+/-10.3%), Free: 1008MB, GCCPUTime: 0.102, GCDuration: 0.102s, TimeUntilOOM: 0.948s, TimeUntilGC: 0.747s, GCWorkers: 4 -> 1
[2024-08-16T20:43:13.662+0800][9.674s][debug][gc,director    ] Rule: High Usage, Free: 1008MB(24.6%)
[2024-08-16T20:43:13.662+0800][9.674s][debug][gc,director    ] Rule: Proactive, AcceptableGCInterval: 1.394s, TimeSinceLastGC: 1.076s, TimeUntilGC: 0.318s
[2024-08-16T20:43:13.762+0800][9.774s][debug][gc,alloc       ] Allocation Rate: 612.0MB/s, Predicted: 706.1MB/s, Avg: 647.0(+/-52.7)MB/s
[2024-08-16T20:43:13.762+0800][9.774s][debug][gc,director    ] Select GC Workers (Try Lowering), AvoidLongGCWorkers: 0.010, AvoidOOMGCWorkers: 0.099, NextAvoidOOMGCWorkers: 0.049, LastGCWorkers: 4.000, GCWorkers: 1.000
[2024-08-16T20:43:13.762+0800][9.774s][debug][gc,director    ] Rule: Allocation Rate (Dynamic GC Workers), MaxAllocRate: 879.7MB/s (+/-8.2%), Free: 944MB, GCCPUTime: 0.102, GCDuration: 0.102s, TimeUntilOOM: 0.992s, TimeUntilGC: 0.790s, GCWorkers: 4 -> 1
[2024-08-16T20:43:13.762+0800][9.774s][debug][gc,director    ] Rule: High Usage, Free: 944MB(23.0%)
[2024-08-16T20:43:13.762+0800][9.774s][debug][gc,director    ] Rule: Proactive, AcceptableGCInterval: 1.394s, TimeSinceLastGC: 1.176s, TimeUntilGC: 0.218s
[2024-08-16T20:43:13.862+0800][9.874s][debug][gc,alloc       ] Allocation Rate: 612.0MB/s, Predicted: 665.7MB/s, Avg: 653.4(+/-43.4)MB/s
[2024-08-16T20:43:13.862+0800][9.874s][debug][gc,director    ] Select GC Workers (Try Lowering), AvoidLongGCWorkers: 0.010, AvoidOOMGCWorkers: 0.093, NextAvoidOOMGCWorkers: 0.045, LastGCWorkers: 4.000, GCWorkers: 1.000
[2024-08-16T20:43:13.862+0800][9.874s][debug][gc,director    ] Rule: Allocation Rate (Dynamic GC Workers), MaxAllocRate: 808.5MB/s (+/-6.6%), Free: 912MB, GCCPUTime: 0.102, GCDuration: 0.102s, TimeUntilOOM: 1.058s, TimeUntilGC: 0.856s, GCWorkers: 4 -> 1
[2024-08-16T20:43:13.862+0800][9.874s][debug][gc,director    ] Rule: High Usage, Free: 912MB(22.3%)
[2024-08-16T20:43:13.862+0800][9.874s][debug][gc,director    ] Rule: Proactive, AcceptableGCInterval: 1.394s, TimeSinceLastGC: 1.276s, TimeUntilGC: 0.118s
[2024-08-16T20:43:13.962+0800][9.974s][debug][gc,alloc       ] Allocation Rate: 548.0MB/s, Predicted: 603.5MB/s, Avg: 650.4(+/-49.2)MB/s
[2024-08-16T20:43:13.962+0800][9.974s][debug][gc,director    ] Select GC Workers (Try Lowering), AvoidLongGCWorkers: 0.010, AvoidOOMGCWorkers: 0.097, NextAvoidOOMGCWorkers: 0.044, LastGCWorkers: 4.000, GCWorkers: 1.000
[2024-08-16T20:43:13.962+0800][9.974s][debug][gc,director    ] Rule: Allocation Rate (Dynamic GC Workers), MaxAllocRate: 812.2MB/s (+/-7.6%), Free: 880MB, GCCPUTime: 0.102, GCDuration: 0.102s, TimeUntilOOM: 1.007s, TimeUntilGC: 0.806s, GCWorkers: 4 -> 1
[2024-08-16T20:43:13.962+0800][9.974s][debug][gc,director    ] Rule: High Usage, Free: 880MB(21.5%)
[2024-08-16T20:43:13.962+0800][9.974s][debug][gc,director    ] Rule: Proactive, AcceptableGCInterval: 1.394s, TimeSinceLastGC: 1.376s, TimeUntilGC: 0.018s
[2024-08-16T20:43:14.062+0800][10.073s][debug][gc,alloc       ] Allocation Rate: 514.0MB/s, Predicted: 538.7MB/s, Avg: 640.6(+/-63.5)MB/s
[2024-08-16T20:43:14.062+0800][10.073s][debug][gc,director    ] Select GC Workers (Try Lowering), AvoidLongGCWorkers: 0.010, AvoidOOMGCWorkers: 0.108, NextAvoidOOMGCWorkers: 0.044, LastGCWorkers: 4.000, GCWorkers: 1.000
[2024-08-16T20:43:14.062+0800][10.073s][debug][gc,director    ] Rule: Allocation Rate (Dynamic GC Workers), MaxAllocRate: 849.6MB/s (+/-9.9%), Free: 848MB, GCCPUTime: 0.102, GCDuration: 0.102s, TimeUntilOOM: 0.908s, TimeUntilGC: 0.706s, GCWorkers: 4 -> 1
[2024-08-16T20:43:14.062+0800][10.073s][debug][gc,director    ] Rule: High Usage, Free: 848MB(20.7%)
[2024-08-16T20:43:14.062+0800][10.073s][debug][gc,director    ] Rule: Proactive, AcceptableGCInterval: 1.394s, TimeSinceLastGC: 1.476s, TimeUntilGC: -0.081s
[2024-08-16T20:43:14.062+0800][10.074s][debug][gc,heap        ] GC(6) Heap before GC invocations=6 (full 6):
[2024-08-16T20:43:14.062+0800][10.074s][debug][gc,heap        ] GC(6)  ZHeap           used 3208M, capacity 3232M, max capacity 4096M
[2024-08-16T20:43:14.062+0800][10.074s][debug][gc,heap        ] GC(6)  Metaspace       used 841K, committed 960K, reserved 1114112K
[2024-08-16T20:43:14.062+0800][10.074s][debug][gc,heap        ] GC(6)   class space    used 63K, committed 128K, reserved 1048576K
[2024-08-16T20:43:14.062+0800][10.074s][info ][gc,start       ] GC(6) Garbage Collection (Proactive)
[2024-08-16T20:43:14.062+0800][10.074s][info ][gc,task        ] GC(6) Using 4 workers
[2024-08-16T20:43:14.062+0800][10.074s][debug][gc,phases,start] GC(6) Pause Mark Start
[2024-08-16T20:43:14.062+0800][10.074s][debug][gc,marking     ] GC(6) Using 4 mark stripes
[2024-08-16T20:43:14.062+0800][10.074s][debug][gc,marking     ] GC(6) Mark Worker/Stripe Distribution
[2024-08-16T20:43:14.062+0800][10.074s][debug][gc,marking     ] GC(6)   Worker 0(4) -> Stripe 0(4)
[2024-08-16T20:43:14.062+0800][10.074s][debug][gc,marking     ] GC(6)   Worker 1(4) -> Stripe 1(4)
[2024-08-16T20:43:14.062+0800][10.074s][debug][gc,marking     ] GC(6)   Worker 2(4) -> Stripe 2(4)
[2024-08-16T20:43:14.062+0800][10.074s][debug][gc,marking     ] GC(6)   Worker 3(4) -> Stripe 3(4)
[2024-08-16T20:43:14.062+0800][10.074s][info ][gc,phases      ] GC(6) Pause Mark Start 0.062ms
[2024-08-16T20:43:14.062+0800][10.074s][debug][gc,phases,start] GC(6) Concurrent Mark
[2024-08-16T20:43:14.062+0800][10.074s][debug][gc,task        ] GC(6) Executing Task: ZMarkRootsTask, Active Workers: 4
[2024-08-16T20:43:14.062+0800][10.074s][debug][gc,phases,start] GC(6) Concurrent Roots OopStorageSet (ZWorker#2)
[2024-08-16T20:43:14.062+0800][10.074s][debug][gc,phases      ] GC(6) Concurrent Roots OopStorageSet (ZWorker#2) 0.053ms
[2024-08-16T20:43:14.062+0800][10.074s][debug][gc,phases,start] GC(6) Concurrent Roots ClassLoaderDataGraph (ZWorker#2)
[2024-08-16T20:43:14.062+0800][10.074s][debug][gc,phases,start] GC(6) Concurrent Roots ClassLoaderDataGraph (ZWorker#3)
[2024-08-16T20:43:14.062+0800][10.074s][debug][gc,phases,start] GC(6) Concurrent Roots ClassLoaderDataGraph (ZWorker#1)
[2024-08-16T20:43:14.062+0800][10.074s][debug][gc,phases      ] GC(6) Concurrent Roots ClassLoaderDataGraph (ZWorker#1) 0.023ms
[2024-08-16T20:43:14.062+0800][10.074s][debug][gc,phases,start] GC(6) Concurrent Roots JavaThreads (ZWorker#1)
[2024-08-16T20:43:14.062+0800][10.074s][debug][gc,phases,start] GC(6) Concurrent Roots ClassLoaderDataGraph (ZWorker#0)
[2024-08-16T20:43:14.062+0800][10.074s][debug][gc,phases      ] GC(6) Concurrent Roots ClassLoaderDataGraph (ZWorker#2) 0.124ms
[2024-08-16T20:43:14.062+0800][10.074s][debug][gc,phases      ] GC(6) Concurrent Roots ClassLoaderDataGraph (ZWorker#0) 0.086ms
[2024-08-16T20:43:14.062+0800][10.074s][debug][gc,phases,start] GC(6) Concurrent Roots JavaThreads (ZWorker#0)
[2024-08-16T20:43:14.062+0800][10.074s][debug][gc,phases      ] GC(6) Concurrent Roots JavaThreads (ZWorker#1) 0.062ms
[2024-08-16T20:43:14.062+0800][10.074s][debug][gc,phases,start] GC(6) Concurrent Roots JavaThreads (ZWorker#2)
[2024-08-16T20:43:14.062+0800][10.074s][debug][gc,phases      ] GC(6) Concurrent Roots JavaThreads (ZWorker#2) 0.041ms
[2024-08-16T20:43:14.062+0800][10.074s][debug][gc,phases      ] GC(6) Concurrent Roots ClassLoaderDataGraph (ZWorker#3) 0.041ms
[2024-08-16T20:43:14.062+0800][10.074s][debug][gc,phases      ] GC(6) Concurrent Roots JavaThreads (ZWorker#0) 0.043ms
[2024-08-16T20:43:14.063+0800][10.074s][debug][gc,tlab        ] GC(6) TLAB totals: thrds: 1  refills: 21 max: 21 slow allocs: 840 max 840 waste: 12.6% gc: 0B max: 0B slow: 695648B max: 695648B
[2024-08-16T20:43:14.063+0800][10.074s][debug][gc,task        ] GC(6) Executing Task: ZMarkTask, Active Workers: 4
[2024-08-16T20:43:14.063+0800][10.074s][debug][gc,phases,start] GC(6) Concurrent Mark (ZWorker#1)
[2024-08-16T20:43:14.063+0800][10.074s][debug][gc,phases,start] GC(6) Concurrent Mark (ZWorker#3)
[2024-08-16T20:43:14.063+0800][10.074s][debug][gc,phases,start] GC(6) Concurrent Mark (ZWorker#0)
[2024-08-16T20:43:14.063+0800][10.074s][debug][gc,phases,start] GC(6) Concurrent Mark (ZWorker#2)
[2024-08-16T20:43:14.063+0800][10.075s][debug][gc,phases,start] GC(6) Concurrent Mark Try Terminate (ZWorker#3)
[2024-08-16T20:43:14.063+0800][10.075s][debug][gc,phases,start] GC(6) Concurrent Mark Try Terminate (ZWorker#2)
[2024-08-16T20:43:14.063+0800][10.075s][debug][gc,phases,start] GC(6) Concurrent Mark Try Flush (ZWorker#1)
[2024-08-16T20:43:14.063+0800][10.075s][debug][gc,phases,start] GC(6) Concurrent Mark Try Terminate (ZWorker#0)
[2024-08-16T20:43:14.063+0800][10.075s][debug][gc,phases      ] GC(6) Concurrent Mark Try Flush (ZWorker#1) 0.132ms
[2024-08-16T20:43:14.064+0800][10.076s][debug][gc,phases      ] GC(6) Concurrent Mark Try Terminate (ZWorker#2) 1.184ms
[2024-08-16T20:43:14.064+0800][10.076s][debug][gc,phases      ] GC(6) Concurrent Mark Try Terminate (ZWorker#3) 1.244ms
[2024-08-16T20:43:14.064+0800][10.076s][debug][gc,phases      ] GC(6) Concurrent Mark Try Terminate (ZWorker#0) 1.212ms
[2024-08-16T20:43:14.066+0800][10.077s][debug][gc,phases,start] GC(6) Concurrent Mark Try Terminate (ZWorker#0)
[2024-08-16T20:43:14.066+0800][10.077s][debug][gc,phases,start] GC(6) Concurrent Mark Try Terminate (ZWorker#2)
[2024-08-16T20:43:14.066+0800][10.077s][debug][gc,phases,start] GC(6) Concurrent Mark Try Terminate (ZWorker#3)
[2024-08-16T20:43:14.067+0800][10.078s][debug][gc,phases      ] GC(6) Concurrent Mark Try Terminate (ZWorker#0) 1.212ms
[2024-08-16T20:43:14.067+0800][10.079s][debug][gc,phases,start] GC(6) Concurrent Mark Try Terminate (ZWorker#0)
[2024-08-16T20:43:14.067+0800][10.079s][debug][gc,phases      ] GC(6) Concurrent Mark Try Terminate (ZWorker#2) 1.237ms
[2024-08-16T20:43:14.067+0800][10.079s][debug][gc,phases,start] GC(6) Concurrent Mark Try Terminate (ZWorker#2)
[2024-08-16T20:43:14.067+0800][10.079s][debug][gc,phases      ] GC(6) Concurrent Mark Try Terminate (ZWorker#3) 1.169ms
[2024-08-16T20:43:14.067+0800][10.079s][debug][gc,phases,start] GC(6) Concurrent Mark Try Terminate (ZWorker#3)
[2024-08-16T20:43:14.068+0800][10.080s][debug][gc,phases,start] GC(6) Concurrent Mark Try Flush (ZWorker#1)
[2024-08-16T20:43:14.068+0800][10.080s][debug][gc,phases      ] GC(6) Concurrent Mark Try Terminate (ZWorker#0) 1.199ms
[2024-08-16T20:43:14.068+0800][10.080s][debug][gc,phases,start] GC(6) Concurrent Mark Try Terminate (ZWorker#0)
[2024-08-16T20:43:14.068+0800][10.080s][debug][gc,phases      ] GC(6) Concurrent Mark Try Terminate (ZWorker#2) 1.178ms
[2024-08-16T20:43:14.068+0800][10.080s][debug][gc,phases      ] GC(6) Concurrent Mark Try Terminate (ZWorker#3) 1.114ms
[2024-08-16T20:43:14.068+0800][10.080s][debug][gc,phases,start] GC(6) Concurrent Mark Try Terminate (ZWorker#3)
[2024-08-16T20:43:14.068+0800][10.080s][debug][gc,phases,start] GC(6) Concurrent Mark Try Terminate (ZWorker#2)
[2024-08-16T20:43:14.069+0800][10.081s][debug][gc,phases      ] GC(6) Concurrent Mark Try Terminate (ZWorker#0) 1.158ms
[2024-08-16T20:43:14.069+0800][10.081s][debug][gc,phases,start] GC(6) Concurrent Mark Try Terminate (ZWorker#0)
[2024-08-16T20:43:14.069+0800][10.081s][debug][gc,phases      ] GC(6) Concurrent Mark Try Terminate (ZWorker#3) 1.110ms
[2024-08-16T20:43:14.069+0800][10.081s][debug][gc,phases,start] GC(6) Concurrent Mark Try Terminate (ZWorker#3)
[2024-08-16T20:43:14.069+0800][10.081s][debug][gc,phases      ] GC(6) Concurrent Mark Try Terminate (ZWorker#2) 1.224ms
[2024-08-16T20:43:14.069+0800][10.081s][debug][gc,phases,start] GC(6) Concurrent Mark Try Terminate (ZWorker#2)
[2024-08-16T20:43:14.070+0800][10.082s][debug][gc,phases      ] GC(6) Concurrent Mark Try Terminate (ZWorker#0) 1.137ms
[2024-08-16T20:43:14.070+0800][10.082s][debug][gc,phases,start] GC(6) Concurrent Mark Try Terminate (ZWorker#0)
[2024-08-16T20:43:14.070+0800][10.082s][debug][gc,phases      ] GC(6) Concurrent Mark Try Terminate (ZWorker#3) 1.172ms
[2024-08-16T20:43:14.071+0800][10.082s][debug][gc,phases,start] GC(6) Concurrent Mark Try Terminate (ZWorker#3)
[2024-08-16T20:43:14.071+0800][10.082s][debug][gc,phases      ] GC(6) Concurrent Mark Try Terminate (ZWorker#2) 1.131ms
[2024-08-16T20:43:14.071+0800][10.082s][debug][gc,phases,start] GC(6) Concurrent Mark Try Terminate (ZWorker#2)
[2024-08-16T20:43:14.072+0800][10.083s][debug][gc,phases      ] GC(6) Concurrent Mark Try Terminate (ZWorker#0) 1.109ms
[2024-08-16T20:43:14.072+0800][10.083s][debug][gc,phases,start] GC(6) Concurrent Mark Try Terminate (ZWorker#0)
[2024-08-16T20:43:14.072+0800][10.083s][debug][gc,phases      ] GC(6) Concurrent Mark Try Terminate (ZWorker#3) 1.106ms
[2024-08-16T20:43:14.072+0800][10.083s][debug][gc,phases,start] GC(6) Concurrent Mark Try Terminate (ZWorker#3)
[2024-08-16T20:43:14.072+0800][10.083s][debug][gc,phases      ] GC(6) Concurrent Mark Try Terminate (ZWorker#2) 1.098ms
[2024-08-16T20:43:14.072+0800][10.084s][debug][gc,phases,start] GC(6) Concurrent Mark Try Terminate (ZWorker#2)
[2024-08-16T20:43:14.073+0800][10.084s][debug][gc,phases      ] GC(6) Concurrent Mark Try Terminate (ZWorker#0) 1.171ms
[2024-08-16T20:43:14.073+0800][10.084s][debug][gc,phases,start] GC(6) Concurrent Mark Try Terminate (ZWorker#0)
[2024-08-16T20:43:14.073+0800][10.085s][debug][gc,phases      ] GC(6) Concurrent Mark Try Terminate (ZWorker#2) 1.138ms
[2024-08-16T20:43:14.073+0800][10.085s][debug][gc,phases,start] GC(6) Concurrent Mark Try Terminate (ZWorker#2)
[2024-08-16T20:43:14.073+0800][10.085s][debug][gc,phases      ] GC(6) Concurrent Mark Try Terminate (ZWorker#3) 1.194ms
[2024-08-16T20:43:14.073+0800][10.085s][debug][gc,phases,start] GC(6) Concurrent Mark Try Terminate (ZWorker#3)
[2024-08-16T20:43:14.074+0800][10.086s][debug][gc,phases      ] GC(6) Concurrent Mark Try Terminate (ZWorker#0) 1.308ms
[2024-08-16T20:43:14.074+0800][10.086s][debug][gc,phases,start] GC(6) Concurrent Mark Try Terminate (ZWorker#0)
[2024-08-16T20:43:14.074+0800][10.086s][debug][gc,phases      ] GC(6) Concurrent Mark Try Terminate (ZWorker#2) 1.205ms
[2024-08-16T20:43:14.074+0800][10.086s][debug][gc,phases,start] GC(6) Concurrent Mark Try Terminate (ZWorker#2)
[2024-08-16T20:43:14.074+0800][10.086s][debug][gc,phases      ] GC(6) Concurrent Mark Try Terminate (ZWorker#3) 1.145ms
[2024-08-16T20:43:14.074+0800][10.086s][debug][gc,phases,start] GC(6) Concurrent Mark Try Terminate (ZWorker#3)
[2024-08-16T20:43:14.075+0800][10.087s][debug][gc,phases      ] GC(6) Concurrent Mark Try Terminate (ZWorker#0) 1.213ms
[2024-08-16T20:43:14.075+0800][10.087s][debug][gc,phases,start] GC(6) Concurrent Mark Try Terminate (ZWorker#0)
[2024-08-16T20:43:14.075+0800][10.087s][debug][gc,phases      ] GC(6) Concurrent Mark Try Terminate (ZWorker#3) 1.108ms
[2024-08-16T20:43:14.075+0800][10.087s][debug][gc,phases,start] GC(6) Concurrent Mark Try Terminate (ZWorker#3)
[2024-08-16T20:43:14.075+0800][10.087s][debug][gc,phases      ] GC(6) Concurrent Mark Try Terminate (ZWorker#2) 1.233ms
[2024-08-16T20:43:14.075+0800][10.087s][debug][gc,phases,start] GC(6) Concurrent Mark Try Terminate (ZWorker#2)
[2024-08-16T20:43:14.076+0800][10.088s][debug][gc,phases      ] GC(6) Concurrent Mark Try Terminate (ZWorker#0) 1.150ms
[2024-08-16T20:43:14.077+0800][10.088s][debug][gc,phases,start] GC(6) Concurrent Mark Try Terminate (ZWorker#0)
[2024-08-16T20:43:14.077+0800][10.088s][debug][gc,phases      ] GC(6) Concurrent Mark Try Terminate (ZWorker#3) 1.170ms
[2024-08-16T20:43:14.077+0800][10.088s][debug][gc,phases,start] GC(6) Concurrent Mark Try Terminate (ZWorker#3)
[2024-08-16T20:43:14.077+0800][10.088s][debug][gc,phases      ] GC(6) Concurrent Mark Try Terminate (ZWorker#2) 1.105ms
[2024-08-16T20:43:14.077+0800][10.088s][debug][gc,phases,start] GC(6) Concurrent Mark Try Terminate (ZWorker#2)
[2024-08-16T20:43:14.077+0800][10.088s][debug][gc,phases      ] GC(6) Concurrent Mark Try Flush (ZWorker#1) 8.935ms
[2024-08-16T20:43:14.077+0800][10.089s][debug][gc,phases,start] GC(6) Concurrent Mark Try Flush (ZWorker#1)
[2024-08-16T20:43:14.077+0800][10.089s][debug][gc,phases      ] GC(6) Concurrent Mark Try Flush (ZWorker#1) 0.114ms
[2024-08-16T20:43:14.077+0800][10.089s][debug][gc,phases,start] GC(6) Concurrent Mark Try Terminate (ZWorker#1)
[2024-08-16T20:43:14.077+0800][10.089s][debug][gc,phases,start] GC(6) Concurrent Mark Try Flush (ZWorker#1)
[2024-08-16T20:43:14.077+0800][10.089s][debug][gc,phases      ] GC(6) Concurrent Mark Try Flush (ZWorker#1) 0.126ms
[2024-08-16T20:43:14.077+0800][10.089s][debug][gc,phases      ] GC(6) Concurrent Mark Try Terminate (ZWorker#1) 0.158ms
[2024-08-16T20:43:14.077+0800][10.089s][debug][gc,phases,start] GC(6) Concurrent Mark Try Terminate (ZWorker#1)
[2024-08-16T20:43:14.077+0800][10.089s][debug][gc,phases      ] GC(6) Concurrent Mark Try Terminate (ZWorker#1) 0.010ms
[2024-08-16T20:43:14.077+0800][10.089s][debug][gc,phases      ] GC(6) Concurrent Mark (ZWorker#1) 14.505ms
[2024-08-16T20:43:14.078+0800][10.089s][debug][gc,phases      ] GC(6) Concurrent Mark Try Terminate (ZWorker#0) 1.170ms
[2024-08-16T20:43:14.078+0800][10.089s][debug][gc,phases      ] GC(6) Concurrent Mark (ZWorker#0) 15.045ms
[2024-08-16T20:43:14.078+0800][10.090s][debug][gc,phases      ] GC(6) Concurrent Mark Try Terminate (ZWorker#3) 1.148ms
[2024-08-16T20:43:14.078+0800][10.090s][debug][gc,phases      ] GC(6) Concurrent Mark (ZWorker#3) 15.182ms
[2024-08-16T20:43:14.078+0800][10.090s][debug][gc,phases      ] GC(6) Concurrent Mark Try Terminate (ZWorker#2) 1.177ms
[2024-08-16T20:43:14.078+0800][10.090s][debug][gc,phases      ] GC(6) Concurrent Mark (ZWorker#2) 15.246ms
[2024-08-16T20:43:14.078+0800][10.090s][info ][gc,phases      ] GC(6) Concurrent Mark 15.852ms
[2024-08-16T20:43:14.078+0800][10.090s][debug][gc,phases,start] GC(6) Pause Mark End
[2024-08-16T20:43:14.078+0800][10.090s][info ][gc,phases      ] GC(6) Pause Mark End 0.044ms
[2024-08-16T20:43:14.078+0800][10.090s][debug][gc,phases,start] GC(6) Concurrent Mark Free
[2024-08-16T20:43:14.078+0800][10.090s][info ][gc,phases      ] GC(6) Concurrent Mark Free 0.019ms
[2024-08-16T20:43:14.078+0800][10.090s][debug][gc,phases,start] GC(6) Concurrent Process Non-Strong References
[2024-08-16T20:43:14.078+0800][10.090s][debug][gc,phases,start] GC(6) Concurrent References Process (ZDriver)
[2024-08-16T20:43:14.078+0800][10.090s][debug][gc,task        ] GC(6) Executing Task: ZReferenceProcessorTask, Active Workers: 4
[2024-08-16T20:43:14.079+0800][10.090s][debug][gc,phases      ] GC(6) Concurrent References Process (ZDriver) 0.169ms
[2024-08-16T20:43:14.079+0800][10.090s][debug][gc,task        ] GC(6) Executing Task: ZProcessWeakRootsTask, Active Workers: 4
[2024-08-16T20:43:14.079+0800][10.090s][debug][gc,phases,start] GC(6) Concurrent Weak Roots OopStorageSet (ZWorker#0)
[2024-08-16T20:43:14.079+0800][10.090s][debug][gc,phases,start] GC(6) Concurrent Weak Roots OopStorageSet (ZWorker#3)
[2024-08-16T20:43:14.079+0800][10.091s][debug][gc,phases,start] GC(6) Concurrent Weak Roots OopStorageSet (ZWorker#2)
[2024-08-16T20:43:14.079+0800][10.090s][debug][gc,phases,start] GC(6) Concurrent Weak Roots OopStorageSet (ZWorker#1)
[2024-08-16T20:43:14.079+0800][10.091s][debug][gc,phases      ] GC(6) Concurrent Weak Roots OopStorageSet (ZWorker#1) 0.138ms
[2024-08-16T20:43:14.079+0800][10.091s][debug][gc,phases      ] GC(6) Concurrent Weak Roots OopStorageSet (ZWorker#0) 0.114ms
[2024-08-16T20:43:14.079+0800][10.091s][debug][gc,phases      ] GC(6) Concurrent Weak Roots OopStorageSet (ZWorker#3) 0.097ms
[2024-08-16T20:43:14.079+0800][10.091s][debug][gc,phases      ] GC(6) Concurrent Weak Roots OopStorageSet (ZWorker#2) 0.061ms
[2024-08-16T20:43:14.079+0800][10.091s][debug][gc,phases,start] GC(6) Concurrent Classes Unlink (ZDriver)
[2024-08-16T20:43:14.079+0800][10.091s][debug][gc,phases,start] GC(6) ClassLoaderData
[2024-08-16T20:43:14.079+0800][10.091s][debug][gc,phases      ] GC(6) ClassLoaderData 0.015ms
[2024-08-16T20:43:14.079+0800][10.091s][debug][gc,phases,start] GC(6) Trigger cleanups
[2024-08-16T20:43:14.079+0800][10.091s][debug][gc,phases      ] GC(6) Trigger cleanups 0.008ms
[2024-08-16T20:43:14.079+0800][10.091s][debug][gc,task        ] GC(6) Executing Task: ZNMethodUnlinkTask, Active Workers: 4
[2024-08-16T20:43:14.079+0800][10.091s][debug][gc,phases      ] GC(6) Concurrent Classes Unlink (ZDriver) 0.318ms
[2024-08-16T20:43:14.079+0800][10.091s][debug][gc,phases,start] GC(6) Concurrent Classes Purge (ZDriver)
[2024-08-16T20:43:14.079+0800][10.091s][debug][gc,task        ] GC(6) Executing Task: ZNMethodPurgeTask, Active Workers: 4
[2024-08-16T20:43:14.080+0800][10.091s][debug][gc,phases      ] GC(6) Concurrent Classes Purge (ZDriver) 0.107ms
[2024-08-16T20:43:14.080+0800][10.091s][debug][gc,phases,start] GC(6) Concurrent References Enqueue (ZDriver)
[2024-08-16T20:43:14.080+0800][10.091s][debug][gc,phases      ] GC(6) Concurrent References Enqueue (ZDriver) 0.006ms
[2024-08-16T20:43:14.080+0800][10.091s][info ][gc,phases      ] GC(6) Concurrent Process Non-Strong References 1.134ms
[2024-08-16T20:43:14.080+0800][10.091s][debug][gc,phases,start] GC(6) Concurrent Reset Relocation Set
[2024-08-16T20:43:14.080+0800][10.091s][info ][gc,phases      ] GC(6) Concurrent Reset Relocation Set 0.006ms
[2024-08-16T20:43:14.080+0800][10.091s][debug][gc,phases,start] GC(6) Concurrent Select Relocation Set
[2024-08-16T20:43:14.080+0800][10.092s][debug][gc,task        ] GC(6) Executing Task: ZRelocationSetInstallTask, Active Workers: 4
[2024-08-16T20:43:14.081+0800][10.092s][info ][gc,phases      ] GC(6) Concurrent Select Relocation Set 0.932ms
[2024-08-16T20:43:14.081+0800][10.092s][debug][gc,phases,start] GC(6) Pause Relocate Start
[2024-08-16T20:43:14.081+0800][10.092s][info ][gc,phases      ] GC(6) Pause Relocate Start 0.017ms
[2024-08-16T20:43:14.081+0800][10.092s][debug][gc,phases,start] GC(6) Concurrent Relocate
[2024-08-16T20:43:14.081+0800][10.092s][debug][gc,task        ] GC(6) Executing Task: ZRelocateTask, Active Workers: 4
[2024-08-16T20:43:14.083+0800][10.095s][info ][gc,phases      ] GC(6) Concurrent Relocate 2.569ms
[2024-08-16T20:43:14.083+0800][10.095s][debug][gc,heap        ] GC(6) Heap after GC invocations=7 (full 7):
[2024-08-16T20:43:14.083+0800][10.095s][debug][gc,heap        ] GC(6)  ZHeap           used 2820M, capacity 3264M, max capacity 4096M
[2024-08-16T20:43:14.083+0800][10.095s][debug][gc,heap        ] GC(6)  Metaspace       used 841K, committed 960K, reserved 1114112K
[2024-08-16T20:43:14.083+0800][10.095s][debug][gc,heap        ] GC(6)   class space    used 63K, committed 128K, reserved 1048576K
[2024-08-16T20:43:14.083+0800][10.095s][info ][gc,load        ] GC(6) Load: 1.73/0.55/0.19
[2024-08-16T20:43:14.083+0800][10.095s][info ][gc,mmu         ] GC(6) MMU: 2ms/77.6%, 5ms/91.1%, 10ms/95.5%, 20ms/97.5%, 50ms/99.0%, 100ms/99.5%
[2024-08-16T20:43:14.083+0800][10.095s][info ][gc,marking     ] GC(6) Mark: 4 stripe(s), 3 proactive flush(es), 1 terminate flush(es), 0 completion(s), 0 continuation(s) 
[2024-08-16T20:43:14.083+0800][10.095s][info ][gc,marking     ] GC(6) Mark Stack Usage: 32M
[2024-08-16T20:43:14.083+0800][10.095s][info ][gc,nmethod     ] GC(6) NMethods: 525 registered, 0 unregistered
[2024-08-16T20:43:14.083+0800][10.095s][info ][gc,metaspace   ] GC(6) Metaspace: 0M used, 0M committed, 1088M reserved
[2024-08-16T20:43:14.083+0800][10.095s][info ][gc,ref         ] GC(6) Soft: 104 encountered, 0 discovered, 0 enqueued
[2024-08-16T20:43:14.083+0800][10.095s][info ][gc,ref         ] GC(6) Weak: 193 encountered, 126 discovered, 0 enqueued
[2024-08-16T20:43:14.083+0800][10.095s][info ][gc,ref         ] GC(6) Final: 0 encountered, 0 discovered, 0 enqueued
[2024-08-16T20:43:14.083+0800][10.095s][info ][gc,ref         ] GC(6) Phantom: 1 encountered, 1 discovered, 0 enqueued
[2024-08-16T20:43:14.083+0800][10.095s][info ][gc,reloc       ] GC(6) Small Pages: 4 / 8M, Empty: 4M, Relocated: 0M, In-Place: 0
[2024-08-16T20:43:14.083+0800][10.095s][info ][gc,reloc       ] GC(6) Medium Pages: 100 / 3200M, Empty: 384M, Relocated: 21M, In-Place: 0
[2024-08-16T20:43:14.083+0800][10.095s][info ][gc,reloc       ] GC(6) Large Pages: 0 / 0M, Empty: 0M, Relocated: 0M, In-Place: 0
[2024-08-16T20:43:14.083+0800][10.095s][info ][gc,reloc       ] GC(6) Forwarding Usage: 0M
[2024-08-16T20:43:14.083+0800][10.095s][info ][gc,heap        ] GC(6) Min Capacity: 512M(12%)
[2024-08-16T20:43:14.083+0800][10.095s][info ][gc,heap        ] GC(6) Max Capacity: 4096M(100%)
[2024-08-16T20:43:14.083+0800][10.095s][info ][gc,heap        ] GC(6) Soft Max Capacity: 4096M(100%)
[2024-08-16T20:43:14.083+0800][10.095s][info ][gc,heap        ] GC(6)                Mark Start          Mark End        Relocate Start      Relocate End           High               Low         
[2024-08-16T20:43:14.083+0800][10.095s][info ][gc,heap        ] GC(6)  Capacity:     3232M (79%)        3264M (80%)        3264M (80%)        3264M (80%)        3264M (80%)        3232M (79%)    
[2024-08-16T20:43:14.083+0800][10.095s][info ][gc,heap        ] GC(6)      Free:      888M (22%)         854M (21%)        1242M (30%)        1276M (31%)        1276M (31%)         854M (21%)    
[2024-08-16T20:43:14.083+0800][10.095s][info ][gc,heap        ] GC(6)      Used:     3208M (78%)        3242M (79%)        2854M (70%)        2820M (69%)        3242M (79%)        2820M (69%)    
[2024-08-16T20:43:14.083+0800][10.095s][info ][gc,heap        ] GC(6)      Live:         -              2674M (65%)        2674M (65%)        2674M (65%)            -                  -          
[2024-08-16T20:43:14.083+0800][10.095s][info ][gc,heap        ] GC(6) Allocated:         -                34M (1%)           34M (1%)           34M (1%)             -                  -          
[2024-08-16T20:43:14.083+0800][10.095s][info ][gc,heap        ] GC(6)   Garbage:         -               533M (13%)         145M (4%)          111M (3%)             -                  -          
[2024-08-16T20:43:14.083+0800][10.095s][info ][gc,heap        ] GC(6) Reclaimed:         -                  -               388M (9%)          422M (10%)            -                  -          
[2024-08-16T20:43:14.083+0800][10.095s][info ][gc             ] GC(6) Garbage Collection (Proactive) 3208M(78%)->2820M(69%)
[2024-08-16T20:43:14.162+0800][10.174s][debug][gc,alloc       ] Allocation Rate: 484.0MB/s, Predicted: 485.5MB/s, Avg: 621.4(+/-77.4)MB/s
[2024-08-16T20:43:14.162+0800][10.174s][debug][gc,director    ] Select GC Workers (Try Lowering), AvoidLongGCWorkers: 0.009, AvoidOOMGCWorkers: 0.074, NextAvoidOOMGCWorkers: 0.080, LastGCWorkers: 4.000, GCWorkers: 1.000
[2024-08-16T20:43:14.162+0800][10.174s][debug][gc,director    ] Rule: Allocation Rate (Dynamic GC Workers), MaxAllocRate: 876.1MB/s (+/-12.5%), Free: 1204MB, GCCPUTime: 0.094, GCDuration: 0.094s, TimeUntilOOM: 1.222s, TimeUntilGC: 1.028s, GCWorkers: 4 -> 1
[2024-08-16T20:43:14.162+0800][10.174s][debug][gc,director    ] Rule: High Usage, Free: 1204MB(29.4%)
[2024-08-16T20:43:14.162+0800][10.174s][debug][gc,director    ] Rule: Proactive, UsedUntilEnabled: 377MB, TimeUntilEnabled: 299.921s
[2024-08-16T20:43:14.162+0800][10.174s][info ][gc,stats       ] === Garbage Collection Statistics =======================================================================================================================
[2024-08-16T20:43:14.162+0800][10.174s][info ][gc,stats       ]                                                              Last 10s              Last 10m              Last 10h                Total
[2024-08-16T20:43:14.162+0800][10.174s][info ][gc,stats       ]                                                              Avg / Max             Avg / Max             Avg / Max             Avg / Max
[2024-08-16T20:43:14.162+0800][10.174s][info ][gc,stats       ]   Collector: Garbage Collection Cycle                     21.582 / 23.860       21.582 / 23.860       21.582 / 23.860       21.582 / 23.860      ms
[2024-08-16T20:43:14.162+0800][10.174s][info ][gc,stats       ]  Contention: Mark Segment Reset Contention                     0 / 0                 0 / 0                 0 / 0                 0 / 0           ops/s
[2024-08-16T20:43:14.162+0800][10.174s][info ][gc,stats       ]  Contention: Mark SeqNum Reset Contention                      0 / 0                 0 / 0                 0 / 0                 0 / 0           ops/s
[2024-08-16T20:43:14.162+0800][10.174s][info ][gc,stats       ]    Critical: Allocation Stall                                  0 / 0                 0 / 0                 0 / 0                 0 / 0           ops/s
[2024-08-16T20:43:14.162+0800][10.174s][info ][gc,stats       ]    Critical: Allocation Stall                              0.000 / 0.000         0.000 / 0.000         0.000 / 0.000         0.000 / 0.000       ms
[2024-08-16T20:43:14.162+0800][10.174s][info ][gc,stats       ]    Critical: GC Locker Stall                                   0 / 0                 0 / 0                 0 / 0                 0 / 0           ops/s
[2024-08-16T20:43:14.162+0800][10.174s][info ][gc,stats       ]    Critical: GC Locker Stall                               0.000 / 0.000         0.000 / 0.000         0.000 / 0.000         0.000 / 0.000       ms
[2024-08-16T20:43:14.162+0800][10.174s][info ][gc,stats       ]    Critical: Relocation Stall                                  0 / 0                 0 / 0                 0 / 0                 0 / 0           ops/s
[2024-08-16T20:43:14.162+0800][10.174s][info ][gc,stats       ]    Critical: Relocation Stall                              0.000 / 0.000         0.000 / 0.000         0.000 / 0.000         0.000 / 0.000       ms
[2024-08-16T20:43:14.162+0800][10.174s][info ][gc,stats       ]      Memory: Allocation Rate                                 567 / 676             567 / 676             567 / 676             567 / 676         MB/s
[2024-08-16T20:43:14.162+0800][10.174s][info ][gc,stats       ]      Memory: Out Of Memory                                     0 / 0                 0 / 0                 0 / 0                 0 / 0           ops/s
[2024-08-16T20:43:14.162+0800][10.174s][info ][gc,stats       ]      Memory: Page Cache Flush                                  0 / 0                 0 / 0                 0 / 0                 0 / 0           MB/s
[2024-08-16T20:43:14.162+0800][10.174s][info ][gc,stats       ]      Memory: Page Cache Hit L1                                10 / 18               10 / 18               10 / 18               10 / 18          ops/s
[2024-08-16T20:43:14.162+0800][10.174s][info ][gc,stats       ]      Memory: Page Cache Hit L2                                 0 / 0                 0 / 0                 0 / 0                 0 / 0           ops/s
[2024-08-16T20:43:14.162+0800][10.174s][info ][gc,stats       ]      Memory: Page Cache Hit L3                                 2 / 23                2 / 23                2 / 23                2 / 23          ops/s
[2024-08-16T20:43:14.162+0800][10.174s][info ][gc,stats       ]      Memory: Page Cache Miss                                   8 / 13                8 / 13                8 / 13                8 / 13          ops/s
[2024-08-16T20:43:14.162+0800][10.174s][info ][gc,stats       ]      Memory: Uncommit                                          0 / 0                 0 / 0                 0 / 0                 0 / 0           MB/s
[2024-08-16T20:43:14.162+0800][10.174s][info ][gc,stats       ]      Memory: Undo Object Allocation Failed                     0 / 0                 0 / 0                 0 / 0                 0 / 0           ops/s
[2024-08-16T20:43:14.162+0800][10.174s][info ][gc,stats       ]      Memory: Undo Object Allocation Succeeded                  0 / 0                 0 / 0                 0 / 0                 0 / 0           ops/s
[2024-08-16T20:43:14.162+0800][10.174s][info ][gc,stats       ]      Memory: Undo Page Allocation                              0 / 0                 0 / 0                 0 / 0                 0 / 0           ops/s
[2024-08-16T20:43:14.162+0800][10.174s][info ][gc,stats       ]       Phase: Concurrent Mark                              14.694 / 19.348       14.694 / 19.348       14.694 / 19.348       14.694 / 19.348      ms
[2024-08-16T20:43:14.162+0800][10.174s][info ][gc,stats       ]       Phase: Concurrent Mark Continue                      0.000 / 0.000         0.000 / 0.000         0.000 / 0.000         0.000 / 0.000       ms
[2024-08-16T20:43:14.162+0800][10.174s][info ][gc,stats       ]       Phase: Concurrent Mark Free                          0.017 / 0.030         0.017 / 0.030         0.017 / 0.030         0.017 / 0.030       ms
[2024-08-16T20:43:14.162+0800][10.174s][info ][gc,stats       ]       Phase: Concurrent Process Non-Strong References      1.086 / 2.138         1.086 / 2.138         1.086 / 2.138         1.086 / 2.138       ms
[2024-08-16T20:43:14.162+0800][10.174s][info ][gc,stats       ]       Phase: Concurrent Relocate                           2.315 / 5.024         2.315 / 5.024         2.315 / 5.024         2.315 / 5.024       ms
[2024-08-16T20:43:14.162+0800][10.174s][info ][gc,stats       ]       Phase: Concurrent Reset Relocation Set               0.006 / 0.011         0.006 / 0.011         0.006 / 0.011         0.006 / 0.011       ms
[2024-08-16T20:43:14.162+0800][10.174s][info ][gc,stats       ]       Phase: Concurrent Select Relocation Set              1.843 / 7.488         1.843 / 7.488         1.843 / 7.488         1.843 / 7.488       ms
[2024-08-16T20:43:14.162+0800][10.174s][info ][gc,stats       ]       Phase: Pause Mark End                                0.045 / 0.135         0.045 / 0.135         0.045 / 0.135         0.045 / 0.135       ms
[2024-08-16T20:43:14.162+0800][10.174s][info ][gc,stats       ]       Phase: Pause Mark Start                              0.199 / 0.447         0.199 / 0.447         0.199 / 0.447         0.199 / 0.447       ms
[2024-08-16T20:43:14.162+0800][10.174s][info ][gc,stats       ]       Phase: Pause Relocate Start                          0.029 / 0.055         0.029 / 0.055         0.029 / 0.055         0.029 / 0.055       ms
[2024-08-16T20:43:14.162+0800][10.174s][info ][gc,stats       ]    Subphase: Concurrent Classes Purge                      0.104 / 0.213         0.104 / 0.213         0.104 / 0.213         0.104 / 0.213       ms
[2024-08-16T20:43:14.162+0800][10.174s][info ][gc,stats       ]    Subphase: Concurrent Classes Unlink                     0.328 / 0.542         0.328 / 0.542         0.328 / 0.542         0.328 / 0.542       ms
[2024-08-16T20:43:14.162+0800][10.174s][info ][gc,stats       ]    Subphase: Concurrent Mark                              12.925 / 17.873       12.925 / 17.873       12.925 / 17.873       12.925 / 17.873      ms
[2024-08-16T20:43:14.162+0800][10.174s][info ][gc,stats       ]    Subphase: Concurrent Mark Try Flush                     2.550 / 13.367        2.550 / 13.367        2.550 / 13.367        2.550 / 13.367      ms
[2024-08-16T20:43:14.162+0800][10.174s][info ][gc,stats       ]    Subphase: Concurrent Mark Try Terminate                 1.099 / 1.667         1.099 / 1.667         1.099 / 1.667         1.099 / 1.667       ms
[2024-08-16T20:43:14.162+0800][10.174s][info ][gc,stats       ]    Subphase: Concurrent References Enqueue                 0.008 / 0.020         0.008 / 0.020         0.008 / 0.020         0.008 / 0.020       ms
[2024-08-16T20:43:14.162+0800][10.174s][info ][gc,stats       ]    Subphase: Concurrent References Process                 0.102 / 0.225         0.102 / 0.225         0.102 / 0.225         0.102 / 0.225       ms
[2024-08-16T20:43:14.162+0800][10.174s][info ][gc,stats       ]    Subphase: Concurrent Roots ClassLoaderDataGraph         0.172 / 0.594         0.172 / 0.594         0.172 / 0.594         0.172 / 0.594       ms
[2024-08-16T20:43:14.162+0800][10.174s][info ][gc,stats       ]    Subphase: Concurrent Roots CodeCache                    0.000 / 0.000         0.000 / 0.000         0.000 / 0.000         0.000 / 0.000       ms
[2024-08-16T20:43:14.162+0800][10.174s][info ][gc,stats       ]    Subphase: Concurrent Roots JavaThreads                  0.131 / 0.374         0.131 / 0.374         0.131 / 0.374         0.131 / 0.374       ms
[2024-08-16T20:43:14.162+0800][10.174s][info ][gc,stats       ]    Subphase: Concurrent Roots OopStorageSet                0.178 / 0.751         0.178 / 0.751         0.178 / 0.751         0.178 / 0.751       ms
[2024-08-16T20:43:14.162+0800][10.174s][info ][gc,stats       ]    Subphase: Concurrent Weak Roots OopStorageSet           0.087 / 0.213         0.087 / 0.213         0.087 / 0.213         0.087 / 0.213       ms
[2024-08-16T20:43:14.162+0800][10.174s][info ][gc,stats       ]    Subphase: Pause Mark Try Complete                       0.000 / 0.000         0.000 / 0.000         0.000 / 0.000         0.000 / 0.000       ms
[2024-08-16T20:43:14.162+0800][10.174s][info ][gc,stats       ]      System: Java Threads                                     11 / 14               11 / 14               11 / 14               11 / 14          threads
[2024-08-16T20:43:14.162+0800][10.174s][info ][gc,stats       ] =========================================================================================================================================================
[2024-08-16T20:43:14.262+0800][10.274s][debug][gc,alloc       ] Allocation Rate: 484.0MB/s, Predicted: 445.1MB/s, Avg: 602.2(+/-84.9)MB/s
[2024-08-16T20:43:14.262+0800][10.274s][debug][gc,director    ] Select GC Workers (Try Lowering), AvoidLongGCWorkers: 0.009, AvoidOOMGCWorkers: 0.080, NextAvoidOOMGCWorkers: 0.079, LastGCWorkers: 4.000, GCWorkers: 1.000
[2024-08-16T20:43:14.262+0800][10.274s][debug][gc,director    ] Rule: Allocation Rate (Dynamic GC Workers), MaxAllocRate: 881.7MB/s (+/-14.1%), Free: 1140MB, GCCPUTime: 0.094, GCDuration: 0.094s, TimeUntilOOM: 1.133s, TimeUntilGC: 0.939s, GCWorkers: 4 -> 1
[2024-08-16T20:43:14.262+0800][10.274s][debug][gc,director    ] Rule: High Usage, Free: 1140MB(27.8%)
[2024-08-16T20:43:14.262+0800][10.274s][debug][gc,director    ] Rule: Proactive, UsedUntilEnabled: 313MB, TimeUntilEnabled: 299.821s
[2024-08-16T20:43:14.361+0800][10.373s][debug][gc,alloc       ] Allocation Rate: 516.0MB/s, Predicted: 438.8MB/s, Avg: 583.0(+/-80.4)MB/s
[2024-08-16T20:43:14.361+0800][10.373s][debug][gc,director    ] Select GC Workers (Try Lowering), AvoidLongGCWorkers: 0.009, AvoidOOMGCWorkers: 0.084, NextAvoidOOMGCWorkers: 0.076, LastGCWorkers: 4.000, GCWorkers: 1.000
[2024-08-16T20:43:14.361+0800][10.373s][debug][gc,director    ] Rule: Allocation Rate (Dynamic GC Workers), MaxAllocRate: 847.6MB/s (+/-13.8%), Free: 1044MB, GCCPUTime: 0.094, GCDuration: 0.094s, TimeUntilOOM: 1.082s, TimeUntilGC: 0.889s, GCWorkers: 4 -> 1
[2024-08-16T20:43:14.361+0800][10.373s][debug][gc,director    ] Rule: High Usage, Free: 1044MB(25.5%)
[2024-08-16T20:43:14.362+0800][10.373s][debug][gc,director    ] Rule: Proactive, UsedUntilEnabled: 217MB, TimeUntilEnabled: 299.722s
[2024-08-16T20:43:14.462+0800][10.473s][debug][gc,alloc       ] Allocation Rate: 548.0MB/s, Predicted: 449.6MB/s, Avg: 570.2(+/-74.6)MB/s
[2024-08-16T20:43:14.462+0800][10.474s][debug][gc,director    ] Select GC Workers (Try Lowering), AvoidLongGCWorkers: 0.009, AvoidOOMGCWorkers: 0.085, NextAvoidOOMGCWorkers: 0.071, LastGCWorkers: 4.000, GCWorkers: 1.000
[2024-08-16T20:43:14.462+0800][10.474s][debug][gc,director    ] Rule: Allocation Rate (Dynamic GC Workers), MaxAllocRate: 815.6MB/s (+/-13.1%), Free: 980MB, GCCPUTime: 0.094, GCDuration: 0.094s, TimeUntilOOM: 1.063s, TimeUntilGC: 0.869s, GCWorkers: 4 -> 1
[2024-08-16T20:43:14.462+0800][10.474s][debug][gc,director    ] Rule: High Usage, Free: 980MB(23.9%)
[2024-08-16T20:43:14.462+0800][10.474s][debug][gc,director    ] Rule: Proactive, UsedUntilEnabled: 153MB, TimeUntilEnabled: 299.621s
[2024-08-16T20:43:14.562+0800][10.574s][debug][gc,alloc       ] Allocation Rate: 582.0MB/s, Predicted: 491.1MB/s, Avg: 557.6(+/-59.3)MB/s
[2024-08-16T20:43:14.562+0800][10.574s][debug][gc,director    ] Select GC Workers (Try Lowering), AvoidLongGCWorkers: 0.009, AvoidOOMGCWorkers: 0.086, NextAvoidOOMGCWorkers: 0.066, LastGCWorkers: 4.000, GCWorkers: 1.000
[2024-08-16T20:43:14.562+0800][10.574s][debug][gc,director    ] Rule: Allocation Rate (Dynamic GC Workers), MaxAllocRate: 752.8MB/s (+/-10.6%), Free: 882MB, GCCPUTime: 0.094, GCDuration: 0.094s, TimeUntilOOM: 1.059s, TimeUntilGC: 0.865s, GCWorkers: 4 -> 1
[2024-08-16T20:43:14.562+0800][10.574s][debug][gc,director    ] Rule: High Usage, Free: 882MB(21.5%)
[2024-08-16T20:43:14.562+0800][10.574s][debug][gc,director    ] Rule: Proactive, UsedUntilEnabled: 55MB, TimeUntilEnabled: 299.521s
[2024-08-16T20:43:14.661+0800][10.673s][debug][gc,alloc       ] Allocation Rate: 612.0MB/s, Predicted: 544.4MB/s, Avg: 551.2(+/-48.7)MB/s
[2024-08-16T20:43:14.662+0800][10.673s][debug][gc,director    ] Select GC Workers (Try Lowering), AvoidLongGCWorkers: 0.009, AvoidOOMGCWorkers: 0.086, NextAvoidOOMGCWorkers: 0.062, LastGCWorkers: 4.000, GCWorkers: 1.000
[2024-08-16T20:43:14.662+0800][10.673s][debug][gc,director    ] Rule: Allocation Rate (Dynamic GC Workers), MaxAllocRate: 711.4MB/s (+/-8.8%), Free: 818MB, GCCPUTime: 0.094, GCDuration: 0.094s, TimeUntilOOM: 1.056s, TimeUntilGC: 0.863s, GCWorkers: 4 -> 1
[2024-08-16T20:43:14.662+0800][10.673s][debug][gc,director    ] Rule: High Usage, Free: 818MB(20.0%)
[2024-08-16T20:43:14.662+0800][10.673s][debug][gc,director    ] Rule: Proactive, AcceptableGCInterval: 1.273s, TimeSinceLastGC: 0.578s, TimeUntilGC: 0.694s
[2024-08-16T20:43:14.762+0800][10.773s][debug][gc,alloc       ] Allocation Rate: 644.0MB/s, Predicted: 597.7MB/s, Avg: 554.4(+/-53.4)MB/s
[2024-08-16T20:43:14.762+0800][10.774s][debug][gc,director    ] Select GC Workers (Try Lowering), AvoidLongGCWorkers: 0.009, AvoidOOMGCWorkers: 0.102, NextAvoidOOMGCWorkers: 0.065, LastGCWorkers: 4.000, GCWorkers: 1.000
[2024-08-16T20:43:14.762+0800][10.774s][debug][gc,director    ] Rule: Allocation Rate (Dynamic GC Workers), MaxAllocRate: 773.5MB/s (+/-9.6%), Free: 754MB, GCCPUTime: 0.094, GCDuration: 0.094s, TimeUntilOOM: 0.889s, TimeUntilGC: 0.695s, GCWorkers: 4 -> 1
[2024-08-16T20:43:14.762+0800][10.774s][debug][gc,director    ] Rule: High Usage, Free: 754MB(18.4%)
[2024-08-16T20:43:14.762+0800][10.774s][debug][gc,director    ] Rule: Proactive, AcceptableGCInterval: 1.273s, TimeSinceLastGC: 0.679s, TimeUntilGC: 0.594s
[2024-08-16T20:43:14.862+0800][10.874s][debug][gc,alloc       ] Allocation Rate: 644.0MB/s, Predicted: 648.9MB/s, Avg: 557.6(+/-57.6)MB/s
[2024-08-16T20:43:14.862+0800][10.874s][debug][gc,director    ] Select GC Workers (Try Lowering), AvoidLongGCWorkers: 0.009, AvoidOOMGCWorkers: 0.122, NextAvoidOOMGCWorkers: 0.067, LastGCWorkers: 4.000, GCWorkers: 1.000
[2024-08-16T20:43:14.862+0800][10.874s][debug][gc,director    ] Rule: Allocation Rate (Dynamic GC Workers), MaxAllocRate: 838.3MB/s (+/-10.3%), Free: 690MB, GCCPUTime: 0.094, GCDuration: 0.094s, TimeUntilOOM: 0.746s, TimeUntilGC: 0.552s, GCWorkers: 4 -> 1
[2024-08-16T20:43:14.862+0800][10.874s][debug][gc,director    ] Rule: High Usage, Free: 690MB(16.8%)
[2024-08-16T20:43:14.862+0800][10.874s][debug][gc,director    ] Rule: Proactive, AcceptableGCInterval: 1.273s, TimeSinceLastGC: 0.779s, TimeUntilGC: 0.494s
[2024-08-16T20:43:14.962+0800][10.974s][debug][gc,alloc       ] Allocation Rate: 644.0MB/s, Predicted: 680.9MB/s, Avg: 567.2(+/-62.9)MB/s
[2024-08-16T20:43:14.962+0800][10.974s][debug][gc,director    ] Select GC Workers (Try Lowering), AvoidLongGCWorkers: 0.009, AvoidOOMGCWorkers: 0.136, NextAvoidOOMGCWorkers: 0.066, LastGCWorkers: 4.000, GCWorkers: 1.000
[2024-08-16T20:43:14.962+0800][10.974s][debug][gc,director    ] Rule: Allocation Rate (Dynamic GC Workers), MaxAllocRate: 888.0MB/s (+/-11.1%), Free: 658MB, GCCPUTime: 0.094, GCDuration: 0.094s, TimeUntilOOM: 0.667s, TimeUntilGC: 0.473s, GCWorkers: 4 -> 1
[2024-08-16T20:43:14.962+0800][10.974s][debug][gc,director    ] Rule: High Usage, Free: 658MB(16.1%)
[2024-08-16T20:43:14.962+0800][10.974s][debug][gc,director    ] Rule: Proactive, AcceptableGCInterval: 1.273s, TimeSinceLastGC: 0.879s, TimeUntilGC: 0.394s
[2024-08-16T20:43:15.062+0800][11.073s][debug][gc,alloc       ] Allocation Rate: 644.0MB/s, Predicted: 697.5MB/s, Avg: 580.2(+/-64.0)MB/s
[2024-08-16T20:43:15.062+0800][11.073s][debug][gc,director    ] Select GC Workers (Try Lowering), AvoidLongGCWorkers: 0.009, AvoidOOMGCWorkers: 0.154, NextAvoidOOMGCWorkers: 0.065, LastGCWorkers: 4.000, GCWorkers: 1.000
[2024-08-16T20:43:15.062+0800][11.073s][debug][gc,director    ] Rule: Allocation Rate (Dynamic GC Workers), MaxAllocRate: 908.1MB/s (+/-11.0%), Free: 594MB, GCCPUTime: 0.094, GCDuration: 0.094s, TimeUntilOOM: 0.589s, TimeUntilGC: 0.395s, GCWorkers: 4 -> 1
[2024-08-16T20:43:15.062+0800][11.073s][debug][gc,director    ] Rule: High Usage, Free: 594MB(14.5%)
[2024-08-16T20:43:15.062+0800][11.073s][debug][gc,director    ] Rule: Proactive, AcceptableGCInterval: 1.273s, TimeSinceLastGC: 0.978s, TimeUntilGC: 0.294s
[2024-08-16T20:43:15.162+0800][11.174s][debug][gc,alloc       ] Allocation Rate: 644.0MB/s, Predicted: 697.3MB/s, Avg: 596.2(+/-57.6)MB/s
[2024-08-16T20:43:15.162+0800][11.174s][debug][gc,director    ] Select GC Workers (Try Lowering), AvoidLongGCWorkers: 0.009, AvoidOOMGCWorkers: 0.158, NextAvoidOOMGCWorkers: 0.061, LastGCWorkers: 4.000, GCWorkers: 1.000
[2024-08-16T20:43:15.162+0800][11.174s][debug][gc,director    ] Rule: Allocation Rate (Dynamic GC Workers), MaxAllocRate: 887.0MB/s (+/-9.7%), Free: 560MB, GCCPUTime: 0.094, GCDuration: 0.094s, TimeUntilOOM: 0.576s, TimeUntilGC: 0.382s, GCWorkers: 4 -> 1
[2024-08-16T20:43:15.162+0800][11.174s][debug][gc,director    ] Rule: High Usage, Free: 560MB(13.7%)
[2024-08-16T20:43:15.162+0800][11.174s][debug][gc,director    ] Rule: Proactive, AcceptableGCInterval: 1.273s, TimeSinceLastGC: 1.079s, TimeUntilGC: 0.194s
[2024-08-16T20:43:15.262+0800][11.274s][debug][gc,alloc       ] Allocation Rate: 612.0MB/s, Predicted: 673.7MB/s, Avg: 609.0(+/-43.9)MB/s
[2024-08-16T20:43:15.262+0800][11.274s][debug][gc,director    ] Select GC Workers (Try Lowering), AvoidLongGCWorkers: 0.009, AvoidOOMGCWorkers: 0.151, NextAvoidOOMGCWorkers: 0.056, LastGCWorkers: 4.000, GCWorkers: 1.000
[2024-08-16T20:43:15.262+0800][11.274s][debug][gc,director    ] Rule: Allocation Rate (Dynamic GC Workers), MaxAllocRate: 818.1MB/s (+/-7.2%), Free: 528MB, GCCPUTime: 0.094, GCDuration: 0.094s, TimeUntilOOM: 0.602s, TimeUntilGC: 0.408s, GCWorkers: 4 -> 1
[2024-08-16T20:43:15.262+0800][11.274s][debug][gc,director    ] Rule: High Usage, Free: 528MB(12.9%)
[2024-08-16T20:43:15.262+0800][11.274s][debug][gc,director    ] Rule: Proactive, AcceptableGCInterval: 1.273s, TimeSinceLastGC: 1.179s, TimeUntilGC: 0.094s
[2024-08-16T20:43:15.362+0800][11.374s][debug][gc,alloc       ] Allocation Rate: 580.0MB/s, Predicted: 637.3MB/s, Avg: 615.4(+/-33.2)MB/s
[2024-08-16T20:43:15.362+0800][11.374s][debug][gc,director    ] Select GC Workers (Try Lowering), AvoidLongGCWorkers: 0.009, AvoidOOMGCWorkers: 0.154, NextAvoidOOMGCWorkers: 0.053, LastGCWorkers: 4.000, GCWorkers: 1.000
[2024-08-16T20:43:15.362+0800][11.374s][debug][gc,director    ] Rule: Allocation Rate (Dynamic GC Workers), MaxAllocRate: 746.6MB/s (+/-5.4%), Free: 464MB, GCCPUTime: 0.094, GCDuration: 0.094s, TimeUntilOOM: 0.590s, TimeUntilGC: 0.396s, GCWorkers: 4 -> 1
[2024-08-16T20:43:15.362+0800][11.374s][debug][gc,director    ] Rule: High Usage, Free: 464MB(11.3%)
[2024-08-16T20:43:15.362+0800][11.374s][debug][gc,director    ] Rule: Proactive, AcceptableGCInterval: 1.273s, TimeSinceLastGC: 1.279s, TimeUntilGC: -0.006s
[2024-08-16T20:43:15.362+0800][11.374s][debug][gc,heap        ] GC(7) Heap before GC invocations=7 (full 7):
[2024-08-16T20:43:15.363+0800][11.374s][debug][gc,heap        ] GC(7)  ZHeap           used 3592M, capacity 3616M, max capacity 4096M
[2024-08-16T20:43:15.363+0800][11.374s][debug][gc,heap        ] GC(7)  Metaspace       used 842K, committed 960K, reserved 1114112K
[2024-08-16T20:43:15.363+0800][11.374s][debug][gc,heap        ] GC(7)   class space    used 63K, committed 128K, reserved 1048576K
[2024-08-16T20:43:15.363+0800][11.374s][info ][gc,start       ] GC(7) Garbage Collection (Proactive)
[2024-08-16T20:43:15.363+0800][11.374s][info ][gc,task        ] GC(7) Using 4 workers
[2024-08-16T20:43:15.363+0800][11.375s][debug][gc,phases,start] GC(7) Pause Mark Start
[2024-08-16T20:43:15.363+0800][11.375s][debug][gc,marking     ] GC(7) Using 4 mark stripes
[2024-08-16T20:43:15.363+0800][11.375s][debug][gc,marking     ] GC(7) Mark Worker/Stripe Distribution
[2024-08-16T20:43:15.363+0800][11.375s][debug][gc,marking     ] GC(7)   Worker 0(4) -> Stripe 0(4)
[2024-08-16T20:43:15.363+0800][11.375s][debug][gc,marking     ] GC(7)   Worker 1(4) -> Stripe 1(4)
[2024-08-16T20:43:15.363+0800][11.375s][debug][gc,marking     ] GC(7)   Worker 2(4) -> Stripe 2(4)
[2024-08-16T20:43:15.363+0800][11.375s][debug][gc,marking     ] GC(7)   Worker 3(4) -> Stripe 3(4)
[2024-08-16T20:43:15.363+0800][11.375s][info ][gc,phases      ] GC(7) Pause Mark Start 0.061ms
[2024-08-16T20:43:15.363+0800][11.375s][debug][gc,phases,start] GC(7) Concurrent Mark
[2024-08-16T20:43:15.363+0800][11.375s][debug][gc,task        ] GC(7) Executing Task: ZMarkRootsTask, Active Workers: 4
[2024-08-16T20:43:15.363+0800][11.375s][debug][gc,phases,start] GC(7) Concurrent Roots OopStorageSet (ZWorker#1)
[2024-08-16T20:43:15.363+0800][11.375s][debug][gc,phases      ] GC(7) Concurrent Roots OopStorageSet (ZWorker#1) 0.031ms
[2024-08-16T20:43:15.363+0800][11.375s][debug][gc,phases,start] GC(7) Concurrent Roots ClassLoaderDataGraph (ZWorker#1)
[2024-08-16T20:43:15.363+0800][11.375s][debug][gc,phases,start] GC(7) Concurrent Roots ClassLoaderDataGraph (ZWorker#0)
[2024-08-16T20:43:15.363+0800][11.375s][debug][gc,phases      ] GC(7) Concurrent Roots ClassLoaderDataGraph (ZWorker#0) 0.022ms
[2024-08-16T20:43:15.363+0800][11.375s][debug][gc,phases,start] GC(7) Concurrent Roots JavaThreads (ZWorker#0)
[2024-08-16T20:43:15.363+0800][11.375s][debug][gc,phases,start] GC(7) Concurrent Roots JavaThreads (ZWorker#3)
[2024-08-16T20:43:15.363+0800][11.375s][debug][gc,phases      ] GC(7) Concurrent Roots ClassLoaderDataGraph (ZWorker#1) 0.138ms
[2024-08-16T20:43:15.363+0800][11.375s][debug][gc,phases      ] GC(7) Concurrent Roots JavaThreads (ZWorker#0) 0.059ms
[2024-08-16T20:43:15.363+0800][11.375s][debug][gc,phases,start] GC(7) Concurrent Roots JavaThreads (ZWorker#2)
[2024-08-16T20:43:15.363+0800][11.375s][debug][gc,phases      ] GC(7) Concurrent Roots JavaThreads (ZWorker#2) 0.079ms
[2024-08-16T20:43:15.363+0800][11.375s][debug][gc,phases      ] GC(7) Concurrent Roots JavaThreads (ZWorker#3) 0.088ms
[2024-08-16T20:43:15.363+0800][11.375s][debug][gc,phases,start] GC(7) Concurrent Roots JavaThreads (ZWorker#1)
[2024-08-16T20:43:15.363+0800][11.375s][debug][gc,phases      ] GC(7) Concurrent Roots JavaThreads (ZWorker#1) 0.099ms
[2024-08-16T20:43:15.363+0800][11.375s][debug][gc,tlab        ] GC(7) TLAB totals: thrds: 1  refills: 19 max: 19 slow allocs: 736 max 736 waste: 14.5% gc: 128088B max: 128088B slow: 593504B max: 593504B
[2024-08-16T20:43:15.363+0800][11.375s][debug][gc,task        ] GC(7) Executing Task: ZMarkTask, Active Workers: 4
[2024-08-16T20:43:15.363+0800][11.375s][debug][gc,phases,start] GC(7) Concurrent Mark (ZWorker#0)
[2024-08-16T20:43:15.363+0800][11.375s][debug][gc,phases,start] GC(7) Concurrent Mark (ZWorker#2)
[2024-08-16T20:43:15.364+0800][11.375s][debug][gc,phases,start] GC(7) Concurrent Mark (ZWorker#3)
[2024-08-16T20:43:15.364+0800][11.375s][debug][gc,phases,start] GC(7) Concurrent Mark (ZWorker#1)
[2024-08-16T20:43:15.364+0800][11.376s][debug][gc,phases,start] GC(7) Concurrent Mark Try Terminate (ZWorker#3)
[2024-08-16T20:43:15.364+0800][11.376s][debug][gc,phases,start] GC(7) Concurrent Mark Try Terminate (ZWorker#1)
[2024-08-16T20:43:15.364+0800][11.376s][debug][gc,phases,start] GC(7) Concurrent Mark Try Flush (ZWorker#0)
[2024-08-16T20:43:15.364+0800][11.376s][debug][gc,phases,start] GC(7) Concurrent Mark Try Terminate (ZWorker#2)
[2024-08-16T20:43:15.364+0800][11.376s][debug][gc,phases      ] GC(7) Concurrent Mark Try Flush (ZWorker#0) 0.226ms
[2024-08-16T20:43:15.365+0800][11.377s][debug][gc,phases      ] GC(7) Concurrent Mark Try Terminate (ZWorker#1) 1.129ms
[2024-08-16T20:43:15.365+0800][11.377s][debug][gc,phases      ] GC(7) Concurrent Mark Try Terminate (ZWorker#3) 1.193ms
[2024-08-16T20:43:15.365+0800][11.377s][debug][gc,phases      ] GC(7) Concurrent Mark Try Terminate (ZWorker#2) 1.173ms
[2024-08-16T20:43:15.366+0800][11.377s][debug][gc,phases,start] GC(7) Concurrent Mark Try Terminate (ZWorker#1)
[2024-08-16T20:43:15.366+0800][11.377s][debug][gc,phases,start] GC(7) Concurrent Mark Try Flush (ZWorker#0)
[2024-08-16T20:43:15.366+0800][11.377s][debug][gc,phases,start] GC(7) Concurrent Mark Try Terminate (ZWorker#3)
[2024-08-16T20:43:15.366+0800][11.377s][debug][gc,phases,start] GC(7) Concurrent Mark Try Terminate (ZWorker#2)
[2024-08-16T20:43:15.367+0800][11.379s][debug][gc,phases      ] GC(7) Concurrent Mark Try Terminate (ZWorker#1) 1.167ms
[2024-08-16T20:43:15.367+0800][11.379s][debug][gc,phases      ] GC(7) Concurrent Mark Try Terminate (ZWorker#2) 1.208ms
[2024-08-16T20:43:15.367+0800][11.379s][debug][gc,phases,start] GC(7) Concurrent Mark Try Terminate (ZWorker#2)
[2024-08-16T20:43:15.367+0800][11.379s][debug][gc,phases,start] GC(7) Concurrent Mark Try Terminate (ZWorker#1)
[2024-08-16T20:43:15.367+0800][11.379s][debug][gc,phases      ] GC(7) Concurrent Mark Try Terminate (ZWorker#3) 1.168ms
[2024-08-16T20:43:15.367+0800][11.379s][debug][gc,phases,start] GC(7) Concurrent Mark Try Terminate (ZWorker#3)
[2024-08-16T20:43:15.368+0800][11.380s][debug][gc,phases      ] GC(7) Concurrent Mark Try Terminate (ZWorker#2) 1.239ms
[2024-08-16T20:43:15.368+0800][11.380s][debug][gc,phases,start] GC(7) Concurrent Mark Try Terminate (ZWorker#2)
[2024-08-16T20:43:15.368+0800][11.380s][debug][gc,phases      ] GC(7) Concurrent Mark Try Terminate (ZWorker#1) 1.264ms
[2024-08-16T20:43:15.368+0800][11.380s][debug][gc,phases,start] GC(7) Concurrent Mark Try Terminate (ZWorker#1)
[2024-08-16T20:43:15.368+0800][11.380s][debug][gc,phases      ] GC(7) Concurrent Mark Try Terminate (ZWorker#3) 1.291ms
[2024-08-16T20:43:15.368+0800][11.380s][debug][gc,phases,start] GC(7) Concurrent Mark Try Terminate (ZWorker#3)
[2024-08-16T20:43:15.369+0800][11.381s][debug][gc,phases      ] GC(7) Concurrent Mark Try Terminate (ZWorker#1) 1.096ms
[2024-08-16T20:43:15.369+0800][11.381s][debug][gc,phases,start] GC(7) Concurrent Mark Try Terminate (ZWorker#1)
[2024-08-16T20:43:15.369+0800][11.381s][debug][gc,phases      ] GC(7) Concurrent Mark Try Terminate (ZWorker#2) 1.230ms
[2024-08-16T20:43:15.369+0800][11.381s][debug][gc,phases,start] GC(7) Concurrent Mark Try Terminate (ZWorker#2)
[2024-08-16T20:43:15.370+0800][11.381s][debug][gc,phases      ] GC(7) Concurrent Mark Try Terminate (ZWorker#3) 1.173ms
[2024-08-16T20:43:15.370+0800][11.381s][debug][gc,phases,start] GC(7) Concurrent Mark Try Terminate (ZWorker#3)
[2024-08-16T20:43:15.370+0800][11.382s][debug][gc,phases      ] GC(7) Concurrent Mark Try Terminate (ZWorker#1) 1.102ms
[2024-08-16T20:43:15.370+0800][11.382s][debug][gc,phases,start] GC(7) Concurrent Mark Try Terminate (ZWorker#1)
[2024-08-16T20:43:15.371+0800][11.382s][debug][gc,phases      ] GC(7) Concurrent Mark Try Terminate (ZWorker#2) 1.148ms
[2024-08-16T20:43:15.371+0800][11.382s][debug][gc,phases,start] GC(7) Concurrent Mark Try Terminate (ZWorker#2)
[2024-08-16T20:43:15.371+0800][11.382s][debug][gc,phases      ] GC(7) Concurrent Mark Try Terminate (ZWorker#3) 1.093ms
[2024-08-16T20:43:15.371+0800][11.382s][debug][gc,phases,start] GC(7) Concurrent Mark Try Terminate (ZWorker#3)
[2024-08-16T20:43:15.372+0800][11.383s][debug][gc,phases      ] GC(7) Concurrent Mark Try Terminate (ZWorker#1) 1.100ms
[2024-08-16T20:43:15.372+0800][11.383s][debug][gc,phases,start] GC(7) Concurrent Mark Try Terminate (ZWorker#1)
[2024-08-16T20:43:15.372+0800][11.384s][debug][gc,phases      ] GC(7) Concurrent Mark Try Terminate (ZWorker#2) 1.157ms
[2024-08-16T20:43:15.372+0800][11.384s][debug][gc,phases,start] GC(7) Concurrent Mark Try Terminate (ZWorker#2)
[2024-08-16T20:43:15.372+0800][11.384s][debug][gc,phases      ] GC(7) Concurrent Mark Try Terminate (ZWorker#3) 1.100ms
[2024-08-16T20:43:15.372+0800][11.384s][debug][gc,phases,start] GC(7) Concurrent Mark Try Terminate (ZWorker#3)
[2024-08-16T20:43:15.373+0800][11.384s][debug][gc,phases      ] GC(7) Concurrent Mark Try Terminate (ZWorker#1) 1.084ms
[2024-08-16T20:43:15.373+0800][11.384s][debug][gc,phases,start] GC(7) Concurrent Mark Try Terminate (ZWorker#1)
[2024-08-16T20:43:15.373+0800][11.385s][debug][gc,phases      ] GC(7) Concurrent Mark Try Terminate (ZWorker#3) 1.069ms
[2024-08-16T20:43:15.373+0800][11.385s][debug][gc,phases,start] GC(7) Concurrent Mark Try Terminate (ZWorker#3)
[2024-08-16T20:43:15.373+0800][11.385s][debug][gc,phases      ] GC(7) Concurrent Mark Try Terminate (ZWorker#2) 1.128ms
[2024-08-16T20:43:15.373+0800][11.385s][debug][gc,phases,start] GC(7) Concurrent Mark Try Terminate (ZWorker#2)
[2024-08-16T20:43:15.374+0800][11.386s][debug][gc,phases      ] GC(7) Concurrent Mark Try Terminate (ZWorker#1) 1.139ms
[2024-08-16T20:43:15.374+0800][11.386s][debug][gc,phases,start] GC(7) Concurrent Mark Try Terminate (ZWorker#1)
[2024-08-16T20:43:15.374+0800][11.386s][debug][gc,phases      ] GC(7) Concurrent Mark Try Terminate (ZWorker#3) 1.091ms
[2024-08-16T20:43:15.374+0800][11.386s][debug][gc,phases,start] GC(7) Concurrent Mark Try Terminate (ZWorker#3)
[2024-08-16T20:43:15.374+0800][11.386s][debug][gc,phases      ] GC(7) Concurrent Mark Try Terminate (ZWorker#2) 1.174ms
[2024-08-16T20:43:15.374+0800][11.386s][debug][gc,phases,start] GC(7) Concurrent Mark Try Terminate (ZWorker#2)
[2024-08-16T20:43:15.375+0800][11.387s][debug][gc,phases      ] GC(7) Concurrent Mark Try Terminate (ZWorker#1) 1.102ms
[2024-08-16T20:43:15.375+0800][11.387s][debug][gc,phases,start] GC(7) Concurrent Mark Try Terminate (ZWorker#1)
[2024-08-16T20:43:15.375+0800][11.387s][debug][gc,phases      ] GC(7) Concurrent Mark Try Terminate (ZWorker#3) 1.087ms
[2024-08-16T20:43:15.375+0800][11.387s][debug][gc,phases,start] GC(7) Concurrent Mark Try Terminate (ZWorker#3)
[2024-08-16T20:43:15.375+0800][11.387s][debug][gc,phases      ] GC(7) Concurrent Mark Try Terminate (ZWorker#2) 1.155ms
[2024-08-16T20:43:15.375+0800][11.387s][debug][gc,phases,start] GC(7) Concurrent Mark Try Terminate (ZWorker#2)
[2024-08-16T20:43:15.375+0800][11.387s][debug][gc,phases      ] GC(7) Concurrent Mark Try Flush (ZWorker#0) 9.821ms
[2024-08-16T20:43:15.375+0800][11.387s][debug][gc,phases,start] GC(7) Concurrent Mark Try Flush (ZWorker#0)
[2024-08-16T20:43:15.376+0800][11.387s][debug][gc,phases      ] GC(7) Concurrent Mark Try Flush (ZWorker#0) 0.141ms
[2024-08-16T20:43:15.376+0800][11.387s][debug][gc,phases,start] GC(7) Concurrent Mark Try Terminate (ZWorker#0)
[2024-08-16T20:43:15.376+0800][11.387s][debug][gc,phases,start] GC(7) Concurrent Mark Try Flush (ZWorker#0)
[2024-08-16T20:43:15.376+0800][11.388s][debug][gc,phases      ] GC(7) Concurrent Mark Try Flush (ZWorker#0) 0.119ms
[2024-08-16T20:43:15.376+0800][11.388s][debug][gc,phases      ] GC(7) Concurrent Mark Try Terminate (ZWorker#0) 0.142ms
[2024-08-16T20:43:15.376+0800][11.388s][debug][gc,phases,start] GC(7) Concurrent Mark Try Terminate (ZWorker#0)
[2024-08-16T20:43:15.376+0800][11.388s][debug][gc,phases      ] GC(7) Concurrent Mark Try Terminate (ZWorker#0) 0.004ms
[2024-08-16T20:43:15.376+0800][11.388s][debug][gc,phases      ] GC(7) Concurrent Mark (ZWorker#0) 12.364ms
[2024-08-16T20:43:15.376+0800][11.388s][debug][gc,phases      ] GC(7) Concurrent Mark Try Terminate (ZWorker#1) 1.112ms
[2024-08-16T20:43:15.376+0800][11.388s][debug][gc,phases      ] GC(7) Concurrent Mark (ZWorker#1) 12.556ms
[2024-08-16T20:43:15.376+0800][11.388s][debug][gc,phases      ] GC(7) Concurrent Mark Try Terminate (ZWorker#3) 1.059ms
[2024-08-16T20:43:15.376+0800][11.388s][debug][gc,phases      ] GC(7) Concurrent Mark (ZWorker#3) 12.648ms
[2024-08-16T20:43:15.376+0800][11.388s][debug][gc,phases      ] GC(7) Concurrent Mark Try Terminate (ZWorker#2) 1.126ms
[2024-08-16T20:43:15.376+0800][11.388s][debug][gc,phases      ] GC(7) Concurrent Mark (ZWorker#2) 13.033ms
[2024-08-16T20:43:15.377+0800][11.388s][info ][gc,phases      ] GC(7) Concurrent Mark 13.555ms
[2024-08-16T20:43:15.377+0800][11.389s][debug][gc,phases,start] GC(7) Pause Mark End
[2024-08-16T20:43:15.377+0800][11.389s][info ][gc,phases      ] GC(7) Pause Mark End 0.048ms
[2024-08-16T20:43:15.377+0800][11.389s][debug][gc,phases,start] GC(7) Concurrent Mark Free
[2024-08-16T20:43:15.377+0800][11.389s][info ][gc,phases      ] GC(7) Concurrent Mark Free 0.021ms
[2024-08-16T20:43:15.377+0800][11.389s][debug][gc,phases,start] GC(7) Concurrent Process Non-Strong References
[2024-08-16T20:43:15.377+0800][11.389s][debug][gc,phases,start] GC(7) Concurrent References Process (ZDriver)
[2024-08-16T20:43:15.377+0800][11.389s][debug][gc,task        ] GC(7) Executing Task: ZReferenceProcessorTask, Active Workers: 4
[2024-08-16T20:43:15.377+0800][11.389s][debug][gc,phases      ] GC(7) Concurrent References Process (ZDriver) 0.071ms
[2024-08-16T20:43:15.377+0800][11.389s][debug][gc,task        ] GC(7) Executing Task: ZProcessWeakRootsTask, Active Workers: 4
[2024-08-16T20:43:15.377+0800][11.389s][debug][gc,phases,start] GC(7) Concurrent Weak Roots OopStorageSet (ZWorker#3)
[2024-08-16T20:43:15.377+0800][11.389s][debug][gc,phases,start] GC(7) Concurrent Weak Roots OopStorageSet (ZWorker#2)
[2024-08-16T20:43:15.377+0800][11.389s][debug][gc,phases,start] GC(7) Concurrent Weak Roots OopStorageSet (ZWorker#0)
[2024-08-16T20:43:15.377+0800][11.389s][debug][gc,phases      ] GC(7) Concurrent Weak Roots OopStorageSet (ZWorker#2) 0.056ms
[2024-08-16T20:43:15.377+0800][11.389s][debug][gc,phases      ] GC(7) Concurrent Weak Roots OopStorageSet (ZWorker#0) 0.038ms
[2024-08-16T20:43:15.377+0800][11.389s][debug][gc,phases      ] GC(7) Concurrent Weak Roots OopStorageSet (ZWorker#3) 0.076ms
[2024-08-16T20:43:15.377+0800][11.389s][debug][gc,phases,start] GC(7) Concurrent Weak Roots OopStorageSet (ZWorker#1)
[2024-08-16T20:43:15.377+0800][11.389s][debug][gc,phases      ] GC(7) Concurrent Weak Roots OopStorageSet (ZWorker#1) 0.116ms
[2024-08-16T20:43:15.377+0800][11.389s][debug][gc,phases,start] GC(7) Concurrent Classes Unlink (ZDriver)
[2024-08-16T20:43:15.377+0800][11.389s][debug][gc,phases,start] GC(7) ClassLoaderData
[2024-08-16T20:43:15.377+0800][11.389s][debug][gc,phases      ] GC(7) ClassLoaderData 0.009ms
[2024-08-16T20:43:15.377+0800][11.389s][debug][gc,phases,start] GC(7) Trigger cleanups
[2024-08-16T20:43:15.377+0800][11.389s][debug][gc,phases      ] GC(7) Trigger cleanups 0.005ms
[2024-08-16T20:43:15.377+0800][11.389s][debug][gc,task        ] GC(7) Executing Task: ZNMethodUnlinkTask, Active Workers: 4
[2024-08-16T20:43:15.378+0800][11.389s][debug][gc,phases      ] GC(7) Concurrent Classes Unlink (ZDriver) 0.320ms
[2024-08-16T20:43:15.378+0800][11.390s][debug][gc,phases,start] GC(7) Concurrent Classes Purge (ZDriver)
[2024-08-16T20:43:15.378+0800][11.390s][debug][gc,task        ] GC(7) Executing Task: ZNMethodPurgeTask, Active Workers: 4
[2024-08-16T20:43:15.378+0800][11.390s][debug][gc,phases      ] GC(7) Concurrent Classes Purge (ZDriver) 0.085ms
[2024-08-16T20:43:15.378+0800][11.390s][debug][gc,phases,start] GC(7) Concurrent References Enqueue (ZDriver)
[2024-08-16T20:43:15.378+0800][11.390s][debug][gc,phases      ] GC(7) Concurrent References Enqueue (ZDriver) 0.020ms
[2024-08-16T20:43:15.378+0800][11.390s][info ][gc,phases      ] GC(7) Concurrent Process Non-Strong References 0.834ms
[2024-08-16T20:43:15.378+0800][11.390s][debug][gc,phases,start] GC(7) Concurrent Reset Relocation Set
[2024-08-16T20:43:15.378+0800][11.390s][info ][gc,phases      ] GC(7) Concurrent Reset Relocation Set 0.005ms
[2024-08-16T20:43:15.378+0800][11.390s][debug][gc,phases,start] GC(7) Concurrent Select Relocation Set
[2024-08-16T20:43:15.378+0800][11.390s][debug][gc,task        ] GC(7) Executing Task: ZRelocationSetInstallTask, Active Workers: 4
[2024-08-16T20:43:15.378+0800][11.390s][info ][gc,phases      ] GC(7) Concurrent Select Relocation Set 0.542ms
[2024-08-16T20:43:15.378+0800][11.390s][debug][gc,phases,start] GC(7) Pause Relocate Start
[2024-08-16T20:43:15.378+0800][11.390s][info ][gc,phases      ] GC(7) Pause Relocate Start 0.012ms
[2024-08-16T20:43:15.379+0800][11.390s][debug][gc,phases,start] GC(7) Concurrent Relocate
[2024-08-16T20:43:15.379+0800][11.390s][debug][gc,task        ] GC(7) Executing Task: ZRelocateTask, Active Workers: 4
[2024-08-16T20:43:15.382+0800][11.394s][info ][gc,phases      ] GC(7) Concurrent Relocate 3.405ms
[2024-08-16T20:43:15.382+0800][11.394s][debug][gc,heap        ] GC(7) Heap after GC invocations=8 (full 8):
[2024-08-16T20:43:15.382+0800][11.394s][debug][gc,heap        ] GC(7)  ZHeap           used 3174M, capacity 3648M, max capacity 4096M
[2024-08-16T20:43:15.382+0800][11.394s][debug][gc,heap        ] GC(7)  Metaspace       used 842K, committed 960K, reserved 1114112K
[2024-08-16T20:43:15.382+0800][11.394s][debug][gc,heap        ] GC(7)   class space    used 63K, committed 128K, reserved 1048576K
[2024-08-16T20:43:15.382+0800][11.394s][info ][gc,load        ] GC(7) Load: 1.73/0.55/0.19
[2024-08-16T20:43:15.382+0800][11.394s][info ][gc,mmu         ] GC(7) MMU: 2ms/77.6%, 5ms/91.1%, 10ms/95.5%, 20ms/97.5%, 50ms/99.0%, 100ms/99.5%
[2024-08-16T20:43:15.382+0800][11.394s][info ][gc,marking     ] GC(7) Mark: 4 stripe(s), 3 proactive flush(es), 1 terminate flush(es), 0 completion(s), 0 continuation(s) 
[2024-08-16T20:43:15.382+0800][11.394s][info ][gc,marking     ] GC(7) Mark Stack Usage: 32M
[2024-08-16T20:43:15.382+0800][11.394s][info ][gc,nmethod     ] GC(7) NMethods: 531 registered, 0 unregistered
[2024-08-16T20:43:15.382+0800][11.394s][info ][gc,metaspace   ] GC(7) Metaspace: 0M used, 0M committed, 1088M reserved
[2024-08-16T20:43:15.382+0800][11.394s][info ][gc,ref         ] GC(7) Soft: 104 encountered, 0 discovered, 0 enqueued
[2024-08-16T20:43:15.382+0800][11.394s][info ][gc,ref         ] GC(7) Weak: 196 encountered, 52 discovered, 3 enqueued
[2024-08-16T20:43:15.382+0800][11.394s][info ][gc,ref         ] GC(7) Final: 0 encountered, 0 discovered, 0 enqueued
[2024-08-16T20:43:15.382+0800][11.394s][info ][gc,ref         ] GC(7) Phantom: 2 encountered, 1 discovered, 1 enqueued
[2024-08-16T20:43:15.382+0800][11.394s][info ][gc,reloc       ] GC(7) Small Pages: 4 / 8M, Empty: 4M, Relocated: 0M, In-Place: 0
[2024-08-16T20:43:15.382+0800][11.394s][info ][gc,reloc       ] GC(7) Medium Pages: 112 / 3584M, Empty: 416M, Relocated: 27M, In-Place: 0
[2024-08-16T20:43:15.382+0800][11.394s][info ][gc,reloc       ] GC(7) Large Pages: 0 / 0M, Empty: 0M, Relocated: 0M, In-Place: 0
[2024-08-16T20:43:15.382+0800][11.394s][info ][gc,reloc       ] GC(7) Forwarding Usage: 0M
[2024-08-16T20:43:15.382+0800][11.394s][info ][gc,heap        ] GC(7) Min Capacity: 512M(12%)
[2024-08-16T20:43:15.382+0800][11.394s][info ][gc,heap        ] GC(7) Max Capacity: 4096M(100%)
[2024-08-16T20:43:15.382+0800][11.394s][info ][gc,heap        ] GC(7) Soft Max Capacity: 4096M(100%)
[2024-08-16T20:43:15.382+0800][11.394s][info ][gc,heap        ] GC(7)                Mark Start          Mark End        Relocate Start      Relocate End           High               Low         
[2024-08-16T20:43:15.382+0800][11.394s][info ][gc,heap        ] GC(7)  Capacity:     3616M (88%)        3648M (89%)        3648M (89%)        3648M (89%)        3648M (89%)        3616M (88%)    
[2024-08-16T20:43:15.382+0800][11.394s][info ][gc,heap        ] GC(7)      Free:      504M (12%)         470M (11%)         890M (22%)         922M (23%)         922M (23%)         470M (11%)    
[2024-08-16T20:43:15.382+0800][11.394s][info ][gc,heap        ] GC(7)      Used:     3592M (88%)        3626M (89%)        3206M (78%)        3174M (77%)        3626M (89%)        3174M (77%)    
[2024-08-16T20:43:15.382+0800][11.394s][info ][gc,heap        ] GC(7)      Live:         -              3029M (74%)        3029M (74%)        3029M (74%)            -                  -          
[2024-08-16T20:43:15.382+0800][11.394s][info ][gc,heap        ] GC(7) Allocated:         -                34M (1%)           34M (1%)           33M (1%)             -                  -          
[2024-08-16T20:43:15.382+0800][11.394s][info ][gc,heap        ] GC(7)   Garbage:         -               562M (14%)         142M (3%)          110M (3%)             -                  -          
[2024-08-16T20:43:15.382+0800][11.394s][info ][gc,heap        ] GC(7) Reclaimed:         -                  -               420M (10%)         451M (11%)            -                  -          
[2024-08-16T20:43:15.382+0800][11.394s][info ][gc             ] GC(7) Garbage Collection (Proactive) 3592M(88%)->3174M(77%)
[2024-08-16T20:43:15.462+0800][11.473s][debug][gc,alloc       ] Allocation Rate: 582.0MB/s, Predicted: 606.0MB/s, Avg: 618.8(+/-27.4)MB/s
[2024-08-16T20:43:15.462+0800][11.473s][debug][gc,director    ] Select GC Workers (Try Lowering), AvoidLongGCWorkers: 0.009, AvoidOOMGCWorkers: 0.076, NextAvoidOOMGCWorkers: 0.082, LastGCWorkers: 4.000, GCWorkers: 1.000
[2024-08-16T20:43:15.462+0800][11.473s][debug][gc,director    ] Rule: Allocation Rate (Dynamic GC Workers), MaxAllocRate: 708.8MB/s (+/-4.4%), Free: 850MB, GCCPUTime: 0.090, GCDuration: 0.090s, TimeUntilOOM: 1.148s, TimeUntilGC: 0.958s, GCWorkers: 4 -> 1
[2024-08-16T20:43:15.462+0800][11.473s][debug][gc,director    ] Rule: High Usage, Free: 850MB(20.8%)
[2024-08-16T20:43:15.462+0800][11.473s][debug][gc,director    ] Rule: Proactive, UsedUntilEnabled: 377MB, TimeUntilEnabled: 299.920s
[2024-08-16T20:43:15.562+0800][11.574s][debug][gc,alloc       ] Allocation Rate: 548.0MB/s, Predicted: 567.9MB/s, Avg: 615.4(+/-33.2)MB/s
[2024-08-16T20:43:15.562+0800][11.574s][debug][gc,director    ] Select GC Workers (Try Lowering), AvoidLongGCWorkers: 0.009, AvoidOOMGCWorkers: 0.085, NextAvoidOOMGCWorkers: 0.084, LastGCWorkers: 4.000, GCWorkers: 1.000
[2024-08-16T20:43:15.562+0800][11.574s][debug][gc,director    ] Rule: Allocation Rate (Dynamic GC Workers), MaxAllocRate: 724.7MB/s (+/-5.4%), Free: 786MB, GCCPUTime: 0.090, GCDuration: 0.090s, TimeUntilOOM: 1.029s, TimeUntilGC: 0.839s, GCWorkers: 4 -> 1
[2024-08-16T20:43:15.562+0800][11.574s][debug][gc,director    ] Rule: High Usage, Free: 786MB(19.2%)
[2024-08-16T20:43:15.562+0800][11.574s][debug][gc,director    ] Rule: Proactive, UsedUntilEnabled: 313MB, TimeUntilEnabled: 299.820s
[2024-08-16T20:43:15.662+0800][11.674s][debug][gc,alloc       ] Allocation Rate: 580.0MB/s, Predicted: 552.8MB/s, Avg: 612.2(+/-34.9)MB/s
[2024-08-16T20:43:15.662+0800][11.674s][debug][gc,director    ] Select GC Workers (Try Lowering), AvoidLongGCWorkers: 0.009, AvoidOOMGCWorkers: 0.098, NextAvoidOOMGCWorkers: 0.087, LastGCWorkers: 4.000, GCWorkers: 1.000
[2024-08-16T20:43:15.662+0800][11.674s][debug][gc,director    ] Rule: Allocation Rate (Dynamic GC Workers), MaxAllocRate: 727.0MB/s (+/-5.7%), Free: 690MB, GCCPUTime: 0.090, GCDuration: 0.090s, TimeUntilOOM: 0.898s, TimeUntilGC: 0.708s, GCWorkers: 4 -> 1
[2024-08-16T20:43:15.663+0800][11.674s][debug][gc,director    ] Rule: High Usage, Free: 690MB(16.8%)
[2024-08-16T20:43:15.663+0800][11.674s][debug][gc,director    ] Rule: Proactive, UsedUntilEnabled: 217MB, TimeUntilEnabled: 299.719s
[2024-08-16T20:43:15.762+0800][11.774s][debug][gc,alloc       ] Allocation Rate: 580.0MB/s, Predicted: 548.4MB/s, Avg: 605.8(+/-34.3)MB/s
[2024-08-16T20:43:15.762+0800][11.774s][debug][gc,director    ] Select GC Workers (Try Lowering), AvoidLongGCWorkers: 0.009, AvoidOOMGCWorkers: 0.106, NextAvoidOOMGCWorkers: 0.084, LastGCWorkers: 4.000, GCWorkers: 1.000
[2024-08-16T20:43:15.762+0800][11.774s][debug][gc,director    ] Rule: Allocation Rate (Dynamic GC Workers), MaxAllocRate: 718.7MB/s (+/-5.7%), Free: 626MB, GCCPUTime: 0.090, GCDuration: 0.090s, TimeUntilOOM: 0.824s, TimeUntilGC: 0.634s, GCWorkers: 4 -> 1
[2024-08-16T20:43:15.762+0800][11.774s][debug][gc,director    ] Rule: High Usage, Free: 626MB(15.3%)
[2024-08-16T20:43:15.762+0800][11.774s][debug][gc,director    ] Rule: Proactive, UsedUntilEnabled: 153MB, TimeUntilEnabled: 299.620s
[2024-08-16T20:43:15.862+0800][11.874s][debug][gc,alloc       ] Allocation Rate: 614.0MB/s, Predicted: 561.9MB/s, Avg: 602.8(+/-32.1)MB/s
[2024-08-16T20:43:15.862+0800][11.874s][debug][gc,director    ] Select GC Workers (Try Lowering), AvoidLongGCWorkers: 0.009, AvoidOOMGCWorkers: 0.124, NextAvoidOOMGCWorkers: 0.086, LastGCWorkers: 4.000, GCWorkers: 1.000
[2024-08-16T20:43:15.862+0800][11.874s][debug][gc,director    ] Rule: Allocation Rate (Dynamic GC Workers), MaxAllocRate: 708.4MB/s (+/-5.3%), Free: 528MB, GCCPUTime: 0.090, GCDuration: 0.090s, TimeUntilOOM: 0.708s, TimeUntilGC: 0.517s, GCWorkers: 4 -> 1
[2024-08-16T20:43:15.862+0800][11.874s][debug][gc,director    ] Rule: High Usage, Free: 528MB(12.9%)
[2024-08-16T20:43:15.862+0800][11.874s][debug][gc,director    ] Rule: Proactive, UsedUntilEnabled: 55MB, TimeUntilEnabled: 299.520s
[2024-08-16T20:43:15.962+0800][11.973s][debug][gc,alloc       ] Allocation Rate: 646.0MB/s, Predicted: 590.1MB/s, Avg: 603.0(+/-32.4)MB/s
[2024-08-16T20:43:15.962+0800][11.974s][debug][gc,director    ] Select GC Workers (Try Lowering), AvoidLongGCWorkers: 0.009, AvoidOOMGCWorkers: 0.141, NextAvoidOOMGCWorkers: 0.085, LastGCWorkers: 4.000, GCWorkers: 1.000
[2024-08-16T20:43:15.962+0800][11.974s][debug][gc,director    ] Rule: Allocation Rate (Dynamic GC Workers), MaxAllocRate: 709.5MB/s (+/-5.4%), Free: 464MB, GCCPUTime: 0.090, GCDuration: 0.090s, TimeUntilOOM: 0.621s, TimeUntilGC: 0.430s, GCWorkers: 4 -> 1
[2024-08-16T20:43:15.962+0800][11.974s][debug][gc,director    ] Rule: High Usage, Free: 464MB(11.3%)
[2024-08-16T20:43:15.962+0800][11.974s][debug][gc,director    ] Rule: Proactive, AcceptableGCInterval: 1.211s, TimeSinceLastGC: 0.580s, TimeUntilGC: 0.631s
[2024-08-16T20:43:16.062+0800][12.074s][debug][gc,alloc       ] Allocation Rate: 678.0MB/s, Predicted: 631.1MB/s, Avg: 606.4(+/-37.8)MB/s
[2024-08-16T20:43:16.062+0800][12.074s][debug][gc,director    ] Select GC Workers (Try Lowering), AvoidLongGCWorkers: 0.009, AvoidOOMGCWorkers: 0.176, NextAvoidOOMGCWorkers: 0.087, LastGCWorkers: 4.000, GCWorkers: 1.000
[2024-08-16T20:43:16.062+0800][12.074s][debug][gc,director    ] Rule: Allocation Rate (Dynamic GC Workers), MaxAllocRate: 755.5MB/s (+/-6.2%), Free: 400MB, GCCPUTime: 0.090, GCDuration: 0.090s, TimeUntilOOM: 0.498s, TimeUntilGC: 0.308s, GCWorkers: 4 -> 1
[2024-08-16T20:43:16.062+0800][12.074s][debug][gc,director    ] Rule: High Usage, Free: 400MB(9.8%)
[2024-08-16T20:43:16.062+0800][12.074s][debug][gc,director    ] Rule: Proactive, AcceptableGCInterval: 1.211s, TimeSinceLastGC: 0.680s, TimeUntilGC: 0.531s
[2024-08-16T20:43:16.162+0800][12.173s][debug][gc,alloc       ] Allocation Rate: 644.0MB/s, Predicted: 656.1MB/s, Avg: 606.4(+/-37.8)MB/s
[2024-08-16T20:43:16.162+0800][12.173s][debug][gc,director    ] Select GC Workers (Try Lowering), AvoidLongGCWorkers: 0.009, AvoidOOMGCWorkers: 0.217, NextAvoidOOMGCWorkers: 0.086, LastGCWorkers: 4.000, GCWorkers: 1.000
[2024-08-16T20:43:16.162+0800][12.173s][debug][gc,director    ] Rule: Allocation Rate (Dynamic GC Workers), MaxAllocRate: 780.5MB/s (+/-6.2%), Free: 336MB, GCCPUTime: 0.090, GCDuration: 0.090s, TimeUntilOOM: 0.405s, TimeUntilGC: 0.215s, GCWorkers: 4 -> 1
[2024-08-16T20:43:16.162+0800][12.173s][debug][gc,director    ] Rule: High Usage, Free: 336MB(8.2%)
[2024-08-16T20:43:16.162+0800][12.173s][debug][gc,director    ] Rule: Proactive, AcceptableGCInterval: 1.211s, TimeSinceLastGC: 0.780s, TimeUntilGC: 0.431s
[2024-08-16T20:43:16.262+0800][12.274s][debug][gc,alloc       ] Allocation Rate: 676.0MB/s, Predicted: 685.5MB/s, Avg: 612.8(+/-43.2)MB/s
[2024-08-16T20:43:16.262+0800][12.274s][debug][gc,director    ] Select GC Workers (Try Lowering), AvoidLongGCWorkers: 0.009, AvoidOOMGCWorkers: 0.257, NextAvoidOOMGCWorkers: 0.083, LastGCWorkers: 4.000, GCWorkers: 1.000
[2024-08-16T20:43:16.262+0800][12.274s][debug][gc,director    ] Rule: Allocation Rate (Dynamic GC Workers), MaxAllocRate: 827.8MB/s (+/-7.1%), Free: 304MB, GCCPUTime: 0.090, GCDuration: 0.090s, TimeUntilOOM: 0.343s, TimeUntilGC: 0.153s, GCWorkers: 4 -> 1
[2024-08-16T20:43:16.262+0800][12.274s][debug][gc,director    ] Rule: High Usage, Free: 304MB(7.4%)
[2024-08-16T20:43:16.262+0800][12.274s][debug][gc,director    ] Rule: Proactive, AcceptableGCInterval: 1.211s, TimeSinceLastGC: 0.880s, TimeUntilGC: 0.331s
[2024-08-16T20:43:16.362+0800][12.374s][debug][gc,alloc       ] Allocation Rate: 644.0MB/s, Predicted: 689.2MB/s, Avg: 619.2(+/-42.6)MB/s
[2024-08-16T20:43:16.362+0800][12.374s][debug][gc,director    ] Select GC Workers (Try Lowering), AvoidLongGCWorkers: 0.009, AvoidOOMGCWorkers: 0.288, NextAvoidOOMGCWorkers: 0.078, LastGCWorkers: 4.000, GCWorkers: 1.000
[2024-08-16T20:43:16.362+0800][12.374s][debug][gc,director    ] Rule: Allocation Rate (Dynamic GC Workers), MaxAllocRate: 829.5MB/s (+/-6.9%), Free: 272MB, GCCPUTime: 0.090, GCDuration: 0.090s, TimeUntilOOM: 0.307s, TimeUntilGC: 0.117s, GCWorkers: 4 -> 1
[2024-08-16T20:43:16.362+0800][12.374s][debug][gc,director    ] Rule: High Usage, Free: 272MB(6.6%)
[2024-08-16T20:43:16.362+0800][12.374s][debug][gc,director    ] Rule: Proactive, AcceptableGCInterval: 1.211s, TimeSinceLastGC: 0.980s, TimeUntilGC: 0.231s
[2024-08-16T20:43:16.462+0800][12.474s][debug][gc,alloc       ] Allocation Rate: 610.0MB/s, Predicted: 675.6MB/s, Avg: 622.0(+/-41.0)MB/s
[2024-08-16T20:43:16.462+0800][12.474s][debug][gc,director    ] Select GC Workers (Try Lowering), AvoidLongGCWorkers: 0.009, AvoidOOMGCWorkers: 0.367, NextAvoidOOMGCWorkers: 0.076, LastGCWorkers: 4.000, GCWorkers: 1.000
[2024-08-16T20:43:16.462+0800][12.474s][debug][gc,director    ] Rule: Allocation Rate (Dynamic GC Workers), MaxAllocRate: 810.5MB/s (+/-6.6%), Free: 208MB, GCCPUTime: 0.090, GCDuration: 0.090s, TimeUntilOOM: 0.241s, TimeUntilGC: 0.050s, GCWorkers: 4 -> 1
[2024-08-16T20:43:16.462+0800][12.474s][debug][gc,director    ] Rule: High Usage, Free: 208MB(5.1%)
[2024-08-16T20:43:16.462+0800][12.474s][debug][gc,director    ] Rule: Proactive, AcceptableGCInterval: 1.211s, TimeSinceLastGC: 1.081s, TimeUntilGC: 0.131s
[2024-08-16T20:43:16.562+0800][12.573s][debug][gc,alloc       ] Allocation Rate: 612.0MB/s, Predicted: 651.9MB/s, Avg: 628.4(+/-33.2)MB/s
[2024-08-16T20:43:16.562+0800][12.574s][debug][gc,director    ] Select GC Workers (Try Lowering), AvoidLongGCWorkers: 0.009, AvoidOOMGCWorkers: 0.408, NextAvoidOOMGCWorkers: 0.071, LastGCWorkers: 4.000, GCWorkers: 1.000
[2024-08-16T20:43:16.562+0800][12.574s][debug][gc,director    ] Rule: Allocation Rate (Dynamic GC Workers), MaxAllocRate: 761.1MB/s (+/-5.3%), Free: 174MB, GCCPUTime: 0.090, GCDuration: 0.090s, TimeUntilOOM: 0.217s, TimeUntilGC: 0.027s, GCWorkers: 4 -> 1
[2024-08-16T20:43:16.562+0800][12.574s][debug][gc,director    ] Rule: High Usage, Free: 174MB(4.2%)
[2024-08-16T20:43:16.562+0800][12.574s][debug][gc,heap        ] GC(8) Heap before GC invocations=8 (full 8):
[2024-08-16T20:43:16.562+0800][12.574s][debug][gc,heap        ] GC(8)  ZHeap           used 3882M, capacity 3904M, max capacity 4096M
[2024-08-16T20:43:16.562+0800][12.574s][debug][gc,heap        ] GC(8)  Metaspace       used 842K, committed 960K, reserved 1114112K
[2024-08-16T20:43:16.562+0800][12.574s][debug][gc,heap        ] GC(8)   class space    used 63K, committed 128K, reserved 1048576K
[2024-08-16T20:43:16.562+0800][12.574s][info ][gc,start       ] GC(8) Garbage Collection (High Usage)
[2024-08-16T20:43:16.562+0800][12.574s][info ][gc,task        ] GC(8) Using 4 workers
[2024-08-16T20:43:16.562+0800][12.574s][debug][gc,phases,start] GC(8) Pause Mark Start
[2024-08-16T20:43:16.562+0800][12.574s][debug][gc,marking     ] GC(8) Using 4 mark stripes
[2024-08-16T20:43:16.563+0800][12.574s][debug][gc,marking     ] GC(8) Mark Worker/Stripe Distribution
[2024-08-16T20:43:16.563+0800][12.574s][debug][gc,marking     ] GC(8)   Worker 0(4) -> Stripe 0(4)
[2024-08-16T20:43:16.563+0800][12.574s][debug][gc,marking     ] GC(8)   Worker 1(4) -> Stripe 1(4)
[2024-08-16T20:43:16.563+0800][12.574s][debug][gc,marking     ] GC(8)   Worker 2(4) -> Stripe 2(4)
[2024-08-16T20:43:16.563+0800][12.574s][debug][gc,marking     ] GC(8)   Worker 3(4) -> Stripe 3(4)
[2024-08-16T20:43:16.563+0800][12.574s][info ][gc,phases      ] GC(8) Pause Mark Start 0.343ms
[2024-08-16T20:43:16.563+0800][12.575s][debug][gc,phases,start] GC(8) Concurrent Mark
[2024-08-16T20:43:16.563+0800][12.575s][debug][gc,task        ] GC(8) Executing Task: ZMarkRootsTask, Active Workers: 4
[2024-08-16T20:43:16.563+0800][12.575s][debug][gc,phases,start] GC(8) Concurrent Roots OopStorageSet (ZWorker#2)
[2024-08-16T20:43:16.563+0800][12.575s][debug][gc,phases      ] GC(8) Concurrent Roots OopStorageSet (ZWorker#2) 0.034ms
[2024-08-16T20:43:16.563+0800][12.575s][debug][gc,phases,start] GC(8) Concurrent Roots ClassLoaderDataGraph (ZWorker#2)
[2024-08-16T20:43:16.563+0800][12.575s][debug][gc,phases,start] GC(8) Concurrent Roots ClassLoaderDataGraph (ZWorker#0)
[2024-08-16T20:43:16.563+0800][12.575s][debug][gc,phases,start] GC(8) Concurrent Roots ClassLoaderDataGraph (ZWorker#1)
[2024-08-16T20:43:16.563+0800][12.575s][debug][gc,phases,start] GC(8) Concurrent Roots ClassLoaderDataGraph (ZWorker#3)
[2024-08-16T20:43:16.563+0800][12.575s][debug][gc,phases      ] GC(8) Concurrent Roots ClassLoaderDataGraph (ZWorker#1) 0.171ms
[2024-08-16T20:43:16.563+0800][12.575s][debug][gc,phases      ] GC(8) Concurrent Roots ClassLoaderDataGraph (ZWorker#3) 0.258ms
[2024-08-16T20:43:16.563+0800][12.575s][debug][gc,phases      ] GC(8) Concurrent Roots ClassLoaderDataGraph (ZWorker#0) 0.044ms
[2024-08-16T20:43:16.564+0800][12.575s][debug][gc,phases,start] GC(8) Concurrent Roots JavaThreads (ZWorker#3)
[2024-08-16T20:43:16.563+0800][12.575s][debug][gc,phases,start] GC(8) Concurrent Roots JavaThreads (ZWorker#1)
[2024-08-16T20:43:16.564+0800][12.575s][debug][gc,phases,start] GC(8) Concurrent Roots JavaThreads (ZWorker#0)
[2024-08-16T20:43:16.564+0800][12.576s][debug][gc,phases      ] GC(8) Concurrent Roots JavaThreads (ZWorker#0) 0.289ms
[2024-08-16T20:43:16.564+0800][12.576s][debug][gc,phases      ] GC(8) Concurrent Roots JavaThreads (ZWorker#1) 0.362ms
[2024-08-16T20:43:16.563+0800][12.575s][debug][gc,phases      ] GC(8) Concurrent Roots ClassLoaderDataGraph (ZWorker#2) 0.085ms
[2024-08-16T20:43:16.564+0800][12.575s][debug][gc,phases      ] GC(8) Concurrent Roots JavaThreads (ZWorker#3) 0.181ms
[2024-08-16T20:43:16.564+0800][12.576s][debug][gc,tlab        ] GC(8) TLAB totals: thrds: 1  refills: 17 max: 17 slow allocs: 670 max 670 waste: 13.9% gc: 89000B max: 89000B slow: 528016B max: 528016B
[2024-08-16T20:43:16.564+0800][12.576s][debug][gc,task        ] GC(8) Executing Task: ZMarkTask, Active Workers: 4
[2024-08-16T20:43:16.564+0800][12.576s][debug][gc,phases,start] GC(8) Concurrent Mark (ZWorker#2)
[2024-08-16T20:43:16.564+0800][12.576s][debug][gc,phases,start] GC(8) Concurrent Mark (ZWorker#1)
[2024-08-16T20:43:16.564+0800][12.576s][debug][gc,phases,start] GC(8) Concurrent Mark (ZWorker#3)
[2024-08-16T20:43:16.564+0800][12.576s][debug][gc,phases,start] GC(8) Concurrent Mark (ZWorker#0)
[2024-08-16T20:43:16.565+0800][12.577s][debug][gc,phases,start] GC(8) Concurrent Mark Try Terminate (ZWorker#3)
[2024-08-16T20:43:16.565+0800][12.577s][debug][gc,phases,start] GC(8) Concurrent Mark Try Terminate (ZWorker#0)
[2024-08-16T20:43:16.565+0800][12.577s][debug][gc,phases,start] GC(8) Concurrent Mark Try Terminate (ZWorker#1)
[2024-08-16T20:43:16.565+0800][12.577s][debug][gc,phases,start] GC(8) Concurrent Mark Try Flush (ZWorker#2)
[2024-08-16T20:43:16.566+0800][12.578s][debug][gc,phases      ] GC(8) Concurrent Mark Try Terminate (ZWorker#3) 1.164ms
[2024-08-16T20:43:16.566+0800][12.578s][debug][gc,phases,start] GC(8) Concurrent Mark Try Terminate (ZWorker#3)
[2024-08-16T20:43:16.566+0800][12.578s][debug][gc,phases      ] GC(8) Concurrent Mark Try Terminate (ZWorker#0) 1.204ms
[2024-08-16T20:43:16.566+0800][12.578s][debug][gc,phases,start] GC(8) Concurrent Mark Try Terminate (ZWorker#0)
[2024-08-16T20:43:16.566+0800][12.578s][debug][gc,phases      ] GC(8) Concurrent Mark Try Terminate (ZWorker#1) 1.203ms
[2024-08-16T20:43:16.566+0800][12.578s][debug][gc,phases,start] GC(8) Concurrent Mark Try Terminate (ZWorker#1)
[2024-08-16T20:43:16.567+0800][12.579s][debug][gc,phases      ] GC(8) Concurrent Mark Try Terminate (ZWorker#3) 1.159ms
[2024-08-16T20:43:16.567+0800][12.579s][debug][gc,phases,start] GC(8) Concurrent Mark Try Terminate (ZWorker#3)
[2024-08-16T20:43:16.567+0800][12.579s][debug][gc,phases      ] GC(8) Concurrent Mark Try Terminate (ZWorker#0) 1.226ms
[2024-08-16T20:43:16.567+0800][12.579s][debug][gc,phases,start] GC(8) Concurrent Mark Try Terminate (ZWorker#0)
[2024-08-16T20:43:16.567+0800][12.579s][debug][gc,phases      ] GC(8) Concurrent Mark Try Terminate (ZWorker#1) 1.152ms
[2024-08-16T20:43:16.568+0800][12.579s][debug][gc,phases,start] GC(8) Concurrent Mark Try Terminate (ZWorker#1)
[2024-08-16T20:43:16.568+0800][12.580s][debug][gc,phases      ] GC(8) Concurrent Mark Try Terminate (ZWorker#3) 1.177ms
[2024-08-16T20:43:16.569+0800][12.580s][debug][gc,phases,start] GC(8) Concurrent Mark Try Terminate (ZWorker#3)
[2024-08-16T20:43:16.569+0800][12.580s][debug][gc,phases      ] GC(8) Concurrent Mark Try Terminate (ZWorker#0) 1.165ms
[2024-08-16T20:43:16.569+0800][12.580s][debug][gc,phases,start] GC(8) Concurrent Mark Try Terminate (ZWorker#0)
[2024-08-16T20:43:16.569+0800][12.581s][debug][gc,phases      ] GC(8) Concurrent Mark Try Terminate (ZWorker#1) 1.221ms
[2024-08-16T20:43:16.569+0800][12.581s][debug][gc,phases,start] GC(8) Concurrent Mark Try Terminate (ZWorker#1)
[2024-08-16T20:43:16.570+0800][12.581s][debug][gc,phases      ] GC(8) Concurrent Mark Try Terminate (ZWorker#3) 1.197ms
[2024-08-16T20:43:16.570+0800][12.582s][debug][gc,phases,start] GC(8) Concurrent Mark Try Terminate (ZWorker#3)
[2024-08-16T20:43:16.570+0800][12.582s][debug][gc,phases      ] GC(8) Concurrent Mark Try Terminate (ZWorker#0) 1.100ms
[2024-08-16T20:43:16.570+0800][12.582s][debug][gc,phases,start] GC(8) Concurrent Mark Try Terminate (ZWorker#0)
[2024-08-16T20:43:16.570+0800][12.582s][debug][gc,phases      ] GC(8) Concurrent Mark Try Terminate (ZWorker#1) 1.100ms
[2024-08-16T20:43:16.570+0800][12.582s][debug][gc,phases,start] GC(8) Concurrent Mark Try Terminate (ZWorker#1)
[2024-08-16T20:43:16.571+0800][12.583s][debug][gc,phases      ] GC(8) Concurrent Mark Try Terminate (ZWorker#3) 1.127ms
[2024-08-16T20:43:16.571+0800][12.583s][debug][gc,phases,start] GC(8) Concurrent Mark Try Terminate (ZWorker#3)
[2024-08-16T20:43:16.571+0800][12.583s][debug][gc,phases      ] GC(8) Concurrent Mark Try Terminate (ZWorker#0) 1.136ms
[2024-08-16T20:43:16.571+0800][12.583s][debug][gc,phases,start] GC(8) Concurrent Mark Try Terminate (ZWorker#0)
[2024-08-16T20:43:16.571+0800][12.583s][debug][gc,phases      ] GC(8) Concurrent Mark Try Terminate (ZWorker#1) 1.099ms
[2024-08-16T20:43:16.571+0800][12.583s][debug][gc,phases,start] GC(8) Concurrent Mark Try Terminate (ZWorker#1)
[2024-08-16T20:43:16.572+0800][12.584s][debug][gc,phases      ] GC(8) Concurrent Mark Try Terminate (ZWorker#3) 1.114ms
[2024-08-16T20:43:16.572+0800][12.584s][debug][gc,phases      ] GC(8) Concurrent Mark Try Terminate (ZWorker#0) 1.101ms
[2024-08-16T20:43:16.572+0800][12.584s][debug][gc,phases,start] GC(8) Concurrent Mark Try Terminate (ZWorker#0)
[2024-08-16T20:43:16.572+0800][12.584s][debug][gc,phases      ] GC(8) Concurrent Mark Try Terminate (ZWorker#1) 1.145ms
[2024-08-16T20:43:16.573+0800][12.584s][debug][gc,phases      ] GC(8) Concurrent Mark Try Flush (ZWorker#2) 7.218ms
[2024-08-16T20:43:16.573+0800][12.584s][debug][gc,phases,start] GC(8) Concurrent Mark Try Flush (ZWorker#2)
[2024-08-16T20:43:16.573+0800][12.585s][debug][gc,phases,start] GC(8) Concurrent Mark Try Terminate (ZWorker#1)
[2024-08-16T20:43:16.573+0800][12.585s][debug][gc,phases      ] GC(8) Concurrent Mark Try Flush (ZWorker#2) 0.279ms
[2024-08-16T20:43:16.573+0800][12.585s][debug][gc,phases,start] GC(8) Concurrent Mark Try Terminate (ZWorker#2)
[2024-08-16T20:43:16.573+0800][12.585s][debug][gc,phases      ] GC(8) Concurrent Mark Try Terminate (ZWorker#0) 1.127ms
[2024-08-16T20:43:16.574+0800][12.586s][debug][gc,phases      ] GC(8) Concurrent Mark Try Terminate (ZWorker#1) 1.184ms
[2024-08-16T20:43:16.574+0800][12.586s][debug][gc,phases      ] GC(8) Concurrent Mark Try Terminate (ZWorker#2) 1.117ms
[2024-08-16T20:43:16.574+0800][12.586s][debug][gc,phases,start] GC(8) Concurrent Mark Try Flush (ZWorker#2)
[2024-08-16T20:43:16.574+0800][12.586s][debug][gc,phases      ] GC(8) Concurrent Mark Try Flush (ZWorker#2) 0.196ms
[2024-08-16T20:43:16.574+0800][12.586s][debug][gc,phases,start] GC(8) Concurrent Mark Try Terminate (ZWorker#2)
[2024-08-16T20:43:16.575+0800][12.586s][debug][gc,phases,start] GC(8) Concurrent Mark Try Terminate (ZWorker#3)
[2024-08-16T20:43:16.575+0800][12.586s][debug][gc,phases,start] GC(8) Concurrent Mark Try Terminate (ZWorker#0)
[2024-08-16T20:43:16.575+0800][12.586s][debug][gc,phases,start] GC(8) Concurrent Mark Try Terminate (ZWorker#1)
[2024-08-16T20:43:16.575+0800][12.586s][debug][gc,phases,start] GC(8) Concurrent Mark Try Flush (ZWorker#1)
[2024-08-16T20:43:16.575+0800][12.587s][debug][gc,phases      ] GC(8) Concurrent Mark Try Flush (ZWorker#1) 0.170ms
[2024-08-16T20:43:16.575+0800][12.587s][debug][gc,phases      ] GC(8) Concurrent Mark Try Terminate (ZWorker#1) 0.220ms
[2024-08-16T20:43:16.575+0800][12.587s][debug][gc,phases,start] GC(8) Concurrent Mark Try Terminate (ZWorker#1)
[2024-08-16T20:43:16.575+0800][12.587s][debug][gc,phases      ] GC(8) Concurrent Mark Try Terminate (ZWorker#1) 0.012ms
[2024-08-16T20:43:16.575+0800][12.587s][debug][gc,phases      ] GC(8) Concurrent Mark (ZWorker#1) 10.785ms
[2024-08-16T20:43:16.576+0800][12.587s][debug][gc,phases      ] GC(8) Concurrent Mark Try Terminate (ZWorker#2) 1.163ms
[2024-08-16T20:43:16.576+0800][12.587s][debug][gc,phases      ] GC(8) Concurrent Mark (ZWorker#2) 11.422ms
[2024-08-16T20:43:16.576+0800][12.587s][debug][gc,phases      ] GC(8) Concurrent Mark Try Terminate (ZWorker#3) 1.184ms
[2024-08-16T20:43:16.576+0800][12.587s][debug][gc,phases      ] GC(8) Concurrent Mark (ZWorker#3) 11.450ms
[2024-08-16T20:43:16.576+0800][12.588s][debug][gc,phases      ] GC(8) Concurrent Mark Try Terminate (ZWorker#0) 1.186ms
[2024-08-16T20:43:16.576+0800][12.588s][debug][gc,phases      ] GC(8) Concurrent Mark (ZWorker#0) 11.664ms
[2024-08-16T20:43:16.576+0800][12.588s][info ][gc,phases      ] GC(8) Concurrent Mark 12.954ms
[2024-08-16T20:43:16.576+0800][12.588s][debug][gc,phases,start] GC(8) Pause Mark End
[2024-08-16T20:43:16.576+0800][12.588s][info ][gc,phases      ] GC(8) Pause Mark End 0.024ms
[2024-08-16T20:43:16.576+0800][12.588s][debug][gc,phases,start] GC(8) Concurrent Mark Free
[2024-08-16T20:43:16.576+0800][12.588s][info ][gc,phases      ] GC(8) Concurrent Mark Free 0.014ms
[2024-08-16T20:43:16.576+0800][12.588s][debug][gc,phases,start] GC(8) Concurrent Process Non-Strong References
[2024-08-16T20:43:16.576+0800][12.588s][debug][gc,phases,start] GC(8) Concurrent References Process (ZDriver)
[2024-08-16T20:43:16.576+0800][12.588s][debug][gc,task        ] GC(8) Executing Task: ZReferenceProcessorTask, Active Workers: 4
[2024-08-16T20:43:16.576+0800][12.588s][debug][gc,phases      ] GC(8) Concurrent References Process (ZDriver) 0.097ms
[2024-08-16T20:43:16.576+0800][12.588s][debug][gc,task        ] GC(8) Executing Task: ZProcessWeakRootsTask, Active Workers: 4
[2024-08-16T20:43:16.576+0800][12.588s][debug][gc,phases,start] GC(8) Concurrent Weak Roots OopStorageSet (ZWorker#1)
[2024-08-16T20:43:16.576+0800][12.588s][debug][gc,phases,start] GC(8) Concurrent Weak Roots OopStorageSet (ZWorker#0)
[2024-08-16T20:43:16.576+0800][12.588s][debug][gc,phases,start] GC(8) Concurrent Weak Roots OopStorageSet (ZWorker#2)
[2024-08-16T20:43:16.576+0800][12.588s][debug][gc,phases      ] GC(8) Concurrent Weak Roots OopStorageSet (ZWorker#0) 0.071ms
[2024-08-16T20:43:16.576+0800][12.588s][debug][gc,phases      ] GC(8) Concurrent Weak Roots OopStorageSet (ZWorker#2) 0.063ms
[2024-08-16T20:43:16.576+0800][12.588s][debug][gc,phases      ] GC(8) Concurrent Weak Roots OopStorageSet (ZWorker#1) 0.100ms
[2024-08-16T20:43:16.576+0800][12.588s][debug][gc,phases,start] GC(8) Concurrent Classes Unlink (ZDriver)
[2024-08-16T20:43:16.577+0800][12.588s][debug][gc,phases,start] GC(8) ClassLoaderData
[2024-08-16T20:43:16.577+0800][12.588s][debug][gc,phases      ] GC(8) ClassLoaderData 0.009ms
[2024-08-16T20:43:16.577+0800][12.588s][debug][gc,phases,start] GC(8) Trigger cleanups
[2024-08-16T20:43:16.577+0800][12.588s][debug][gc,phases      ] GC(8) Trigger cleanups 0.004ms
[2024-08-16T20:43:16.577+0800][12.588s][debug][gc,task        ] GC(8) Executing Task: ZNMethodUnlinkTask, Active Workers: 4
[2024-08-16T20:43:16.577+0800][12.589s][debug][gc,phases      ] GC(8) Concurrent Classes Unlink (ZDriver) 0.377ms
[2024-08-16T20:43:16.577+0800][12.589s][debug][gc,phases,start] GC(8) Concurrent Classes Purge (ZDriver)
[2024-08-16T20:43:16.577+0800][12.589s][debug][gc,task        ] GC(8) Executing Task: ZNMethodPurgeTask, Active Workers: 4
[2024-08-16T20:43:16.577+0800][12.589s][debug][gc,phases      ] GC(8) Concurrent Classes Purge (ZDriver) 0.076ms
[2024-08-16T20:43:16.577+0800][12.589s][debug][gc,phases,start] GC(8) Concurrent References Enqueue (ZDriver)
[2024-08-16T20:43:16.577+0800][12.589s][debug][gc,phases      ] GC(8) Concurrent References Enqueue (ZDriver) 0.006ms
[2024-08-16T20:43:16.577+0800][12.589s][info ][gc,phases      ] GC(8) Concurrent Process Non-Strong References 0.977ms
[2024-08-16T20:43:16.577+0800][12.589s][debug][gc,phases,start] GC(8) Concurrent Reset Relocation Set
[2024-08-16T20:43:16.577+0800][12.589s][info ][gc,phases      ] GC(8) Concurrent Reset Relocation Set 0.006ms
[2024-08-16T20:43:16.577+0800][12.589s][debug][gc,phases,start] GC(8) Concurrent Select Relocation Set
[2024-08-16T20:43:16.578+0800][12.589s][debug][gc,task        ] GC(8) Executing Task: ZRelocationSetInstallTask, Active Workers: 4
[2024-08-16T20:43:16.578+0800][12.589s][info ][gc,phases      ] GC(8) Concurrent Select Relocation Set 0.563ms
[2024-08-16T20:43:16.578+0800][12.589s][debug][gc,phases,start] GC(8) Pause Relocate Start
[2024-08-16T20:43:16.578+0800][12.589s][info ][gc,phases      ] GC(8) Pause Relocate Start 0.018ms
[2024-08-16T20:43:16.578+0800][12.590s][debug][gc,phases,start] GC(8) Concurrent Relocate
[2024-08-16T20:43:16.578+0800][12.590s][debug][gc,task        ] GC(8) Executing Task: ZRelocateTask, Active Workers: 4
[2024-08-16T20:43:16.580+0800][12.592s][info ][gc,phases      ] GC(8) Concurrent Relocate 2.474ms
[2024-08-16T20:43:16.580+0800][12.592s][debug][gc,heap        ] GC(8) Heap after GC invocations=9 (full 9):
[2024-08-16T20:43:16.580+0800][12.592s][debug][gc,heap        ] GC(8)  ZHeap           used 3524M, capacity 3936M, max capacity 4096M
[2024-08-16T20:43:16.580+0800][12.592s][debug][gc,heap        ] GC(8)  Metaspace       used 842K, committed 960K, reserved 1114112K
[2024-08-16T20:43:16.580+0800][12.592s][debug][gc,heap        ] GC(8)   class space    used 63K, committed 128K, reserved 1048576K
[2024-08-16T20:43:16.580+0800][12.592s][info ][gc,load        ] GC(8) Load: 1.73/0.55/0.19
[2024-08-16T20:43:16.580+0800][12.592s][info ][gc,mmu         ] GC(8) MMU: 2ms/77.6%, 5ms/91.1%, 10ms/95.5%, 20ms/97.5%, 50ms/99.0%, 100ms/99.5%
[2024-08-16T20:43:16.580+0800][12.592s][info ][gc,marking     ] GC(8) Mark: 4 stripe(s), 3 proactive flush(es), 1 terminate flush(es), 0 completion(s), 0 continuation(s) 
[2024-08-16T20:43:16.580+0800][12.592s][info ][gc,marking     ] GC(8) Mark Stack Usage: 32M
[2024-08-16T20:43:16.580+0800][12.592s][info ][gc,nmethod     ] GC(8) NMethods: 533 registered, 0 unregistered
[2024-08-16T20:43:16.580+0800][12.592s][info ][gc,metaspace   ] GC(8) Metaspace: 0M used, 0M committed, 1088M reserved
[2024-08-16T20:43:16.580+0800][12.592s][info ][gc,ref         ] GC(8) Soft: 104 encountered, 0 discovered, 0 enqueued
[2024-08-16T20:43:16.580+0800][12.592s][info ][gc,ref         ] GC(8) Weak: 193 encountered, 172 discovered, 0 enqueued
[2024-08-16T20:43:16.580+0800][12.592s][info ][gc,ref         ] GC(8) Final: 0 encountered, 0 discovered, 0 enqueued
[2024-08-16T20:43:16.580+0800][12.592s][info ][gc,ref         ] GC(8) Phantom: 1 encountered, 0 discovered, 0 enqueued
[2024-08-16T20:43:16.580+0800][12.592s][info ][gc,reloc       ] GC(8) Small Pages: 5 / 10M, Empty: 4M, Relocated: 0M, In-Place: 0
[2024-08-16T20:43:16.580+0800][12.592s][info ][gc,reloc       ] GC(8) Medium Pages: 121 / 3872M, Empty: 320M, Relocated: 22M, In-Place: 0
[2024-08-16T20:43:16.580+0800][12.592s][info ][gc,reloc       ] GC(8) Large Pages: 0 / 0M, Empty: 0M, Relocated: 0M, In-Place: 0
[2024-08-16T20:43:16.580+0800][12.592s][info ][gc,reloc       ] GC(8) Forwarding Usage: 0M
[2024-08-16T20:43:16.580+0800][12.592s][info ][gc,heap        ] GC(8) Min Capacity: 512M(12%)
[2024-08-16T20:43:16.580+0800][12.592s][info ][gc,heap        ] GC(8) Max Capacity: 4096M(100%)
[2024-08-16T20:43:16.580+0800][12.592s][info ][gc,heap        ] GC(8) Soft Max Capacity: 4096M(100%)
[2024-08-16T20:43:16.580+0800][12.592s][info ][gc,heap        ] GC(8)                Mark Start          Mark End        Relocate Start      Relocate End           High               Low         
[2024-08-16T20:43:16.580+0800][12.592s][info ][gc,heap        ] GC(8)  Capacity:     3904M (95%)        3936M (96%)        3936M (96%)        3936M (96%)        3936M (96%)        3904M (95%)    
[2024-08-16T20:43:16.580+0800][12.592s][info ][gc,heap        ] GC(8)      Free:      214M (5%)          180M (4%)          504M (12%)         572M (14%)         572M (14%)         180M (4%)     
[2024-08-16T20:43:16.581+0800][12.592s][info ][gc,heap        ] GC(8)      Used:     3882M (95%)        3916M (96%)        3592M (88%)        3524M (86%)        3916M (96%)        3524M (86%)    
[2024-08-16T20:43:16.581+0800][12.592s][info ][gc,heap        ] GC(8)      Live:         -              3367M (82%)        3367M (82%)        3367M (82%)            -                  -          
[2024-08-16T20:43:16.581+0800][12.592s][info ][gc,heap        ] GC(8) Allocated:         -                34M (1%)           34M (1%)           34M (1%)             -                  -          
[2024-08-16T20:43:16.581+0800][12.592s][info ][gc,heap        ] GC(8)   Garbage:         -               514M (13%)         190M (5%)          122M (3%)             -                  -          
[2024-08-16T20:43:16.581+0800][12.592s][info ][gc,heap        ] GC(8) Reclaimed:         -                  -               324M (8%)          392M (10%)            -                  -          
[2024-08-16T20:43:16.581+0800][12.592s][info ][gc             ] GC(8) Garbage Collection (High Usage) 3882M(95%)->3524M(86%)
[2024-08-16T20:43:16.662+0800][12.674s][debug][gc,alloc       ] Allocation Rate: 582.0MB/s, Predicted: 620.4MB/s, Avg: 628.6(+/-32.9)MB/s
[2024-08-16T20:43:16.662+0800][12.674s][debug][gc,director    ] Select GC Workers (Try Lowering), AvoidLongGCWorkers: 0.008, AvoidOOMGCWorkers: 0.127, NextAvoidOOMGCWorkers: 0.145, LastGCWorkers: 4.000, GCWorkers: 1.000
[2024-08-16T20:43:16.662+0800][12.674s][debug][gc,director    ] Rule: Allocation Rate (Dynamic GC Workers), MaxAllocRate: 736.9MB/s (+/-5.2%), Free: 500MB, GCCPUTime: 0.084, GCDuration: 0.084s, TimeUntilOOM: 0.645s, TimeUntilGC: 0.460s, GCWorkers: 4 -> 1
[2024-08-16T20:43:16.662+0800][12.674s][debug][gc,director    ] Rule: High Usage, Free: 500MB(12.2%)
[2024-08-16T20:43:16.662+0800][12.674s][debug][gc,director    ] Rule: Proactive, UsedUntilEnabled: 377MB, TimeUntilEnabled: 299.918s
[2024-08-16T20:43:16.762+0800][12.774s][debug][gc,alloc       ] Allocation Rate: 582.0MB/s, Predicted: 588.8MB/s, Avg: 628.8(+/-32.6)MB/s
[2024-08-16T20:43:16.762+0800][12.774s][debug][gc,director    ] Select GC Workers (Try Lowering), AvoidLongGCWorkers: 0.008, AvoidOOMGCWorkers: 0.146, NextAvoidOOMGCWorkers: 0.141, LastGCWorkers: 4.000, GCWorkers: 1.000
[2024-08-16T20:43:16.762+0800][12.774s][debug][gc,director    ] Rule: Allocation Rate (Dynamic GC Workers), MaxAllocRate: 736.1MB/s (+/-5.2%), Free: 436MB, GCCPUTime: 0.084, GCDuration: 0.084s, TimeUntilOOM: 0.563s, TimeUntilGC: 0.379s, GCWorkers: 4 -> 1
[2024-08-16T20:43:16.763+0800][12.774s][debug][gc,director    ] Rule: High Usage, Free: 436MB(10.6%)
[2024-08-16T20:43:16.763+0800][12.774s][debug][gc,director    ] Rule: Proactive, UsedUntilEnabled: 313MB, TimeUntilEnabled: 299.818s
[2024-08-16T20:43:16.862+0800][12.874s][debug][gc,alloc       ] Allocation Rate: 548.0MB/s, Predicted: 552.5MB/s, Avg: 622.2(+/-40.6)MB/s
[2024-08-16T20:43:16.862+0800][12.874s][debug][gc,director    ] Select GC Workers (Try Lowering), AvoidLongGCWorkers: 0.008, AvoidOOMGCWorkers: 0.178, NextAvoidOOMGCWorkers: 0.141, LastGCWorkers: 4.000, GCWorkers: 1.000
[2024-08-16T20:43:16.862+0800][12.874s][debug][gc,director    ] Rule: Allocation Rate (Dynamic GC Workers), MaxAllocRate: 755.9MB/s (+/-6.5%), Free: 372MB, GCCPUTime: 0.084, GCDuration: 0.084s, TimeUntilOOM: 0.462s, TimeUntilGC: 0.277s, GCWorkers: 4 -> 1
[2024-08-16T20:43:16.862+0800][12.874s][debug][gc,director    ] Rule: High Usage, Free: 372MB(9.1%)
[2024-08-16T20:43:16.862+0800][12.874s][debug][gc,director    ] Rule: Proactive, UsedUntilEnabled: 249MB, TimeUntilEnabled: 299.718s
[2024-08-16T20:43:16.962+0800][12.974s][debug][gc,alloc       ] Allocation Rate: 580.0MB/s, Predicted: 542.0MB/s, Avg: 615.6(+/-41.6)MB/s
[2024-08-16T20:43:16.963+0800][12.974s][debug][gc,director    ] Select GC Workers (Try Lowering), AvoidLongGCWorkers: 0.008, AvoidOOMGCWorkers: 0.240, NextAvoidOOMGCWorkers: 0.146, LastGCWorkers: 4.000, GCWorkers: 1.000
[2024-08-16T20:43:16.963+0800][12.975s][debug][gc,director    ] Rule: Allocation Rate (Dynamic GC Workers), MaxAllocRate: 752.4MB/s (+/-6.8%), Free: 276MB, GCCPUTime: 0.084, GCDuration: 0.084s, TimeUntilOOM: 0.344s, TimeUntilGC: 0.159s, GCWorkers: 4 -> 1
[2024-08-16T20:43:16.963+0800][12.975s][debug][gc,director    ] Rule: High Usage, Free: 276MB(6.7%)
[2024-08-16T20:43:16.963+0800][12.975s][debug][gc,director    ] Rule: Proactive, UsedUntilEnabled: 153MB, TimeUntilEnabled: 299.617s
[2024-08-16T20:43:17.062+0800][13.074s][debug][gc,alloc       ] Allocation Rate: 582.0MB/s, Predicted: 545.2MB/s, Avg: 606.0(+/-36.9)MB/s
[2024-08-16T20:43:17.062+0800][13.074s][debug][gc,director    ] Select GC Workers (Try Lowering), AvoidLongGCWorkers: 0.008, AvoidOOMGCWorkers: 0.304, NextAvoidOOMGCWorkers: 0.139, LastGCWorkers: 4.000, GCWorkers: 1.000
[2024-08-16T20:43:17.062+0800][13.074s][debug][gc,director    ] Rule: Allocation Rate (Dynamic GC Workers), MaxAllocRate: 727.4MB/s (+/-6.1%), Free: 210MB, GCCPUTime: 0.084, GCDuration: 0.084s, TimeUntilOOM: 0.272s, TimeUntilGC: 0.088s, GCWorkers: 4 -> 1
[2024-08-16T20:43:17.062+0800][13.074s][debug][gc,director    ] Rule: High Usage, Free: 210MB(5.1%)
[2024-08-16T20:43:17.062+0800][13.074s][debug][gc,director    ] Rule: Proactive, UsedUntilEnabled: 87MB, TimeUntilEnabled: 299.518s
[2024-08-16T20:43:17.162+0800][13.174s][debug][gc,alloc       ] Allocation Rate: 614.0MB/s, Predicted: 558.5MB/s, Avg: 603.0(+/-34.8)MB/s
[2024-08-16T20:43:17.163+0800][13.174s][debug][gc,director    ] Select GC Workers (Try Lowering), AvoidLongGCWorkers: 0.008, AvoidOOMGCWorkers: 0.555, NextAvoidOOMGCWorkers: 0.144, LastGCWorkers: 4.000, GCWorkers: 1.000
[2024-08-16T20:43:17.163+0800][13.174s][debug][gc,director    ] Rule: Allocation Rate (Dynamic GC Workers), MaxAllocRate: 717.6MB/s (+/-5.8%), Free: 114MB, GCCPUTime: 0.084, GCDuration: 0.084s, TimeUntilOOM: 0.150s, TimeUntilGC: -0.034s, GCWorkers: 4 -> 1
[2024-08-16T20:43:17.163+0800][13.175s][debug][gc,heap        ] GC(9) Heap before GC invocations=9 (full 9):
[2024-08-16T20:43:17.163+0800][13.175s][debug][gc,heap        ] GC(9)  ZHeap           used 3942M, capacity 3968M, max capacity 4096M
[2024-08-16T20:43:17.163+0800][13.175s][debug][gc,heap        ] GC(9)  Metaspace       used 842K, committed 960K, reserved 1114112K
[2024-08-16T20:43:17.163+0800][13.175s][debug][gc,heap        ] GC(9)   class space    used 63K, committed 128K, reserved 1048576K
[2024-08-16T20:43:17.163+0800][13.175s][info ][gc,start       ] GC(9) Garbage Collection (Allocation Rate)
[2024-08-16T20:43:17.163+0800][13.175s][info ][gc,task        ] GC(9) Using 1 workers
[2024-08-16T20:43:17.176+0800][13.188s][debug][gc,phases,start] GC(9) Pause Mark Start
[2024-08-16T20:43:17.176+0800][13.188s][debug][gc,marking     ] GC(9) Using 1 mark stripes
[2024-08-16T20:43:17.176+0800][13.188s][debug][gc,marking     ] GC(9) Mark Worker/Stripe Distribution
[2024-08-16T20:43:17.176+0800][13.188s][debug][gc,marking     ] GC(9)   Worker 0(1) -> Stripe 0(1)
[2024-08-16T20:43:17.176+0800][13.188s][info ][gc,phases      ] GC(9) Pause Mark Start 0.111ms
[2024-08-16T20:43:17.176+0800][13.188s][debug][gc,phases,start] GC(9) Concurrent Mark
[2024-08-16T20:43:17.176+0800][13.188s][debug][gc,task        ] GC(9) Executing Task: ZMarkRootsTask, Active Workers: 1
[2024-08-16T20:43:17.176+0800][13.188s][debug][gc,phases,start] GC(9) Concurrent Roots OopStorageSet (ZWorker#3)
[2024-08-16T20:43:17.176+0800][13.188s][debug][gc,phases      ] GC(9) Concurrent Roots OopStorageSet (ZWorker#3) 0.062ms
[2024-08-16T20:43:17.176+0800][13.188s][debug][gc,phases,start] GC(9) Concurrent Roots ClassLoaderDataGraph (ZWorker#3)
[2024-08-16T20:43:17.177+0800][13.188s][debug][gc,phases      ] GC(9) Concurrent Roots ClassLoaderDataGraph (ZWorker#3) 0.167ms
[2024-08-16T20:43:17.177+0800][13.188s][debug][gc,phases,start] GC(9) Concurrent Roots JavaThreads (ZWorker#3)
[2024-08-16T20:43:17.177+0800][13.188s][debug][gc,phases      ] GC(9) Concurrent Roots JavaThreads (ZWorker#3) 0.193ms
[2024-08-16T20:43:17.177+0800][13.189s][debug][gc,tlab        ] GC(9) TLAB totals: thrds: 1  refills: 10 max: 10 slow allocs: 395 max 395 waste: 13.9% gc: 66664B max: 66664B slow: 298680B max: 298680B
[2024-08-16T20:43:17.177+0800][13.189s][debug][gc,task        ] GC(9) Executing Task: ZMarkTask, Active Workers: 1
[2024-08-16T20:43:17.177+0800][13.189s][debug][gc,phases,start] GC(9) Concurrent Mark (ZWorker#1)
[2024-08-16T20:43:17.182+0800][13.193s][debug][gc,phases,start] GC(9) Concurrent Mark Try Flush (ZWorker#1)
[2024-08-16T20:43:17.189+0800][13.201s][debug][gc,phases      ] GC(9) Concurrent Mark Try Flush (ZWorker#1) 7.256ms
[2024-08-16T20:43:17.195+0800][13.207s][debug][gc,phases,start] GC(9) Concurrent Mark Try Flush (ZWorker#1)
[2024-08-16T20:43:17.195+0800][13.207s][debug][gc,phases      ] GC(9) Concurrent Mark Try Flush (ZWorker#1) 0.304ms
[2024-08-16T20:43:17.195+0800][13.207s][debug][gc,phases,start] GC(9) Concurrent Mark Try Terminate (ZWorker#1)
[2024-08-16T20:43:17.195+0800][13.207s][debug][gc,phases,start] GC(9) Concurrent Mark Try Flush (ZWorker#1)
[2024-08-16T20:43:17.195+0800][13.207s][debug][gc,phases      ] GC(9) Concurrent Mark Try Flush (ZWorker#1) 0.206ms
[2024-08-16T20:43:17.196+0800][13.207s][debug][gc,phases      ] GC(9) Concurrent Mark Try Terminate (ZWorker#1) 0.265ms
[2024-08-16T20:43:17.196+0800][13.207s][debug][gc,phases,start] GC(9) Concurrent Mark Try Terminate (ZWorker#1)
[2024-08-16T20:43:17.196+0800][13.207s][debug][gc,phases      ] GC(9) Concurrent Mark Try Terminate (ZWorker#1) 0.018ms
[2024-08-16T20:43:17.196+0800][13.207s][debug][gc,phases      ] GC(9) Concurrent Mark (ZWorker#1) 18.658ms
[2024-08-16T20:43:17.196+0800][13.208s][info ][gc,phases      ] GC(9) Concurrent Mark 19.614ms
[2024-08-16T20:43:17.196+0800][13.208s][debug][gc,phases,start] GC(9) Pause Mark End
[2024-08-16T20:43:17.196+0800][13.208s][info ][gc,phases      ] GC(9) Pause Mark End 0.078ms
[2024-08-16T20:43:17.196+0800][13.208s][debug][gc,phases,start] GC(9) Concurrent Mark Free
[2024-08-16T20:43:17.196+0800][13.208s][info ][gc,phases      ] GC(9) Concurrent Mark Free 0.057ms
[2024-08-16T20:43:17.196+0800][13.208s][debug][gc,phases,start] GC(9) Concurrent Process Non-Strong References
[2024-08-16T20:43:17.196+0800][13.208s][debug][gc,phases,start] GC(9) Concurrent References Process (ZDriver)
[2024-08-16T20:43:17.196+0800][13.208s][debug][gc,task        ] GC(9) Executing Task: ZReferenceProcessorTask, Active Workers: 1
[2024-08-16T20:43:17.197+0800][13.208s][debug][gc,phases      ] GC(9) Concurrent References Process (ZDriver) 0.287ms
[2024-08-16T20:43:17.197+0800][13.208s][debug][gc,task        ] GC(9) Executing Task: ZProcessWeakRootsTask, Active Workers: 1
[2024-08-16T20:43:17.197+0800][13.209s][debug][gc,phases,start] GC(9) Concurrent Weak Roots OopStorageSet (ZWorker#0)
[2024-08-16T20:43:17.197+0800][13.209s][debug][gc,phases      ] GC(9) Concurrent Weak Roots OopStorageSet (ZWorker#0) 0.405ms
[2024-08-16T20:43:17.197+0800][13.209s][debug][gc,phases,start] GC(9) Concurrent Classes Unlink (ZDriver)
[2024-08-16T20:43:17.197+0800][13.209s][debug][gc,phases,start] GC(9) ClassLoaderData
[2024-08-16T20:43:17.197+0800][13.209s][debug][gc,phases      ] GC(9) ClassLoaderData 0.008ms
[2024-08-16T20:43:17.197+0800][13.209s][debug][gc,phases,start] GC(9) Trigger cleanups
[2024-08-16T20:43:17.197+0800][13.209s][debug][gc,phases      ] GC(9) Trigger cleanups 0.004ms
[2024-08-16T20:43:17.197+0800][13.209s][debug][gc,task        ] GC(9) Executing Task: ZNMethodUnlinkTask, Active Workers: 1
[2024-08-16T20:43:17.198+0800][13.210s][debug][gc,phases      ] GC(9) Concurrent Classes Unlink (ZDriver) 0.618ms
[2024-08-16T20:43:17.198+0800][13.210s][debug][gc,phases,start] GC(9) Concurrent Classes Purge (ZDriver)
[2024-08-16T20:43:17.198+0800][13.210s][debug][gc,task        ] GC(9) Executing Task: ZNMethodPurgeTask, Active Workers: 1
[2024-08-16T20:43:17.198+0800][13.210s][debug][gc,phases      ] GC(9) Concurrent Classes Purge (ZDriver) 0.240ms
[2024-08-16T20:43:17.198+0800][13.210s][debug][gc,phases,start] GC(9) Concurrent References Enqueue (ZDriver)
[2024-08-16T20:43:17.198+0800][13.210s][debug][gc,phases      ] GC(9) Concurrent References Enqueue (ZDriver) 0.014ms
[2024-08-16T20:43:17.198+0800][13.210s][info ][gc,phases      ] GC(9) Concurrent Process Non-Strong References 2.208ms
[2024-08-16T20:43:17.198+0800][13.210s][debug][gc,phases,start] GC(9) Concurrent Reset Relocation Set
[2024-08-16T20:43:17.199+0800][13.210s][info ][gc,phases      ] GC(9) Concurrent Reset Relocation Set 0.014ms
[2024-08-16T20:43:17.199+0800][13.210s][debug][gc,phases,start] GC(9) Concurrent Select Relocation Set
[2024-08-16T20:43:17.200+0800][13.212s][debug][gc,task        ] GC(9) Executing Task: ZRelocationSetInstallTask, Active Workers: 1
[2024-08-16T20:43:17.201+0800][13.212s][info ][gc,phases      ] GC(9) Concurrent Select Relocation Set 2.107ms
[2024-08-16T20:43:17.201+0800][13.213s][debug][gc,phases,start] GC(9) Pause Relocate Start
[2024-08-16T20:43:17.201+0800][13.213s][info ][gc,phases      ] GC(9) Pause Relocate Start 0.047ms
[2024-08-16T20:43:17.201+0800][13.213s][debug][gc,phases,start] GC(9) Concurrent Relocate
[2024-08-16T20:43:17.201+0800][13.213s][debug][gc,task        ] GC(9) Executing Task: ZRelocateTask, Active Workers: 1
[2024-08-16T20:43:17.203+0800][13.215s][info ][gc,phases      ] GC(9) Concurrent Relocate 2.391ms
[2024-08-16T20:43:17.204+0800][13.215s][debug][gc,heap        ] GC(9) Heap after GC invocations=10 (full 10):
[2024-08-16T20:43:17.204+0800][13.215s][debug][gc,heap        ] GC(9)  ZHeap           used 3748M, capacity 4000M, max capacity 4096M
[2024-08-16T20:43:17.204+0800][13.215s][debug][gc,heap        ] GC(9)  Metaspace       used 842K, committed 960K, reserved 1114112K
[2024-08-16T20:43:17.204+0800][13.215s][debug][gc,heap        ] GC(9)   class space    used 63K, committed 128K, reserved 1048576K
[2024-08-16T20:43:17.204+0800][13.216s][info ][gc,load        ] GC(9) Load: 1.73/0.55/0.19
[2024-08-16T20:43:17.204+0800][13.216s][info ][gc,mmu         ] GC(9) MMU: 2ms/77.6%, 5ms/91.1%, 10ms/95.5%, 20ms/97.5%, 50ms/99.0%, 100ms/99.5%
[2024-08-16T20:43:17.204+0800][13.216s][info ][gc,marking     ] GC(9) Mark: 1 stripe(s), 2 proactive flush(es), 1 terminate flush(es), 0 completion(s), 0 continuation(s) 
[2024-08-16T20:43:17.204+0800][13.216s][info ][gc,marking     ] GC(9) Mark Stack Usage: 32M
[2024-08-16T20:43:17.204+0800][13.216s][info ][gc,nmethod     ] GC(9) NMethods: 533 registered, 0 unregistered
[2024-08-16T20:43:17.204+0800][13.216s][info ][gc,metaspace   ] GC(9) Metaspace: 0M used, 0M committed, 1088M reserved
[2024-08-16T20:43:17.204+0800][13.216s][info ][gc,ref         ] GC(9) Soft: 104 encountered, 0 discovered, 0 enqueued
[2024-08-16T20:43:17.204+0800][13.216s][info ][gc,ref         ] GC(9) Weak: 193 encountered, 175 discovered, 0 enqueued
[2024-08-16T20:43:17.204+0800][13.216s][info ][gc,ref         ] GC(9) Final: 0 encountered, 0 discovered, 0 enqueued
[2024-08-16T20:43:17.204+0800][13.216s][info ][gc,ref         ] GC(9) Phantom: 1 encountered, 0 discovered, 0 enqueued
[2024-08-16T20:43:17.204+0800][13.216s][info ][gc,reloc       ] GC(9) Small Pages: 3 / 6M, Empty: 4M, Relocated: 0M, In-Place: 0
[2024-08-16T20:43:17.204+0800][13.216s][info ][gc,reloc       ] GC(9) Medium Pages: 123 / 3936M, Empty: 160M, Relocated: 16M, In-Place: 0
[2024-08-16T20:43:17.204+0800][13.216s][info ][gc,reloc       ] GC(9) Large Pages: 0 / 0M, Empty: 0M, Relocated: 0M, In-Place: 0
[2024-08-16T20:43:17.204+0800][13.216s][info ][gc,reloc       ] GC(9) Forwarding Usage: 0M
[2024-08-16T20:43:17.205+0800][13.216s][info ][gc,heap        ] GC(9) Min Capacity: 512M(12%)
[2024-08-16T20:43:17.205+0800][13.216s][info ][gc,heap        ] GC(9) Max Capacity: 4096M(100%)
[2024-08-16T20:43:17.205+0800][13.216s][info ][gc,heap        ] GC(9) Soft Max Capacity: 4096M(100%)
[2024-08-16T20:43:17.205+0800][13.216s][info ][gc,heap        ] GC(9)                Mark Start          Mark End        Relocate Start      Relocate End           High               Low         
[2024-08-16T20:43:17.205+0800][13.216s][info ][gc,heap        ] GC(9)  Capacity:     3968M (97%)        4000M (98%)        4000M (98%)        4000M (98%)        4000M (98%)        3968M (97%)    
[2024-08-16T20:43:17.205+0800][13.216s][info ][gc,heap        ] GC(9)      Free:      154M (4%)          120M (3%)          284M (7%)          348M (8%)          348M (8%)          120M (3%)     
[2024-08-16T20:43:17.205+0800][13.217s][info ][gc,heap        ] GC(9)      Used:     3942M (96%)        3976M (97%)        3812M (93%)        3748M (92%)        3976M (97%)        3748M (92%)    
[2024-08-16T20:43:17.205+0800][13.217s][info ][gc,heap        ] GC(9)      Live:         -              3571M (87%)        3571M (87%)        3571M (87%)            -                  -          
[2024-08-16T20:43:17.205+0800][13.217s][info ][gc,heap        ] GC(9) Allocated:         -                34M (1%)           34M (1%)           34M (1%)             -                  -          
[2024-08-16T20:43:17.205+0800][13.217s][info ][gc,heap        ] GC(9)   Garbage:         -               370M (9%)          206M (5%)          142M (3%)             -                  -          
[2024-08-16T20:43:17.205+0800][13.217s][info ][gc,heap        ] GC(9) Reclaimed:         -                  -               164M (4%)          228M (6%)             -                  -          
[2024-08-16T20:43:17.205+0800][13.217s][info ][gc             ] GC(9) Garbage Collection (Allocation Rate) 3942M(96%)->3748M(92%)
[2024-08-16T20:43:17.262+0800][13.274s][debug][gc,alloc       ] Allocation Rate: 648.0MB/s, Predicted: 596.0MB/s, Avg: 600.2(+/-29.6)MB/s
[2024-08-16T20:43:17.262+0800][13.274s][debug][gc,director    ] Select GC Workers (Normal), AvoidLongGCWorkers: 0.010, AvoidOOMGCWorkers: 0.298, LastGCWorkers: 1.000, GCWorkers: 0.298
[2024-08-16T20:43:17.262+0800][13.274s][debug][gc,director    ] Rule: Allocation Rate (Dynamic GC Workers), MaxAllocRate: 697.6MB/s (+/-4.9%), Free: 276MB, GCCPUTime: 0.137, GCDuration: 0.137s, TimeUntilOOM: 0.377s, TimeUntilGC: 0.140s, GCWorkers: 1 -> 1
[2024-08-16T20:43:17.262+0800][13.274s][debug][gc,director    ] Rule: High Usage, Free: 276MB(6.7%)
[2024-08-16T20:43:17.262+0800][13.274s][debug][gc,director    ] Rule: Proactive, UsedUntilEnabled: 377MB, TimeUntilEnabled: 299.942s
[2024-08-16T20:43:17.362+0800][13.374s][debug][gc,alloc       ] Allocation Rate: 680.0MB/s, Predicted: 639.6MB/s, Avg: 603.8(+/-36.2)MB/s
[2024-08-16T20:43:17.362+0800][13.374s][debug][gc,director    ] Select GC Workers (Normal), AvoidLongGCWorkers: 0.010, AvoidOOMGCWorkers: 0.446, LastGCWorkers: 1.000, GCWorkers: 0.446
[2024-08-16T20:43:17.362+0800][13.374s][debug][gc,director    ] Rule: Allocation Rate (Dynamic GC Workers), MaxAllocRate: 758.6MB/s (+/-6.0%), Free: 212MB, GCCPUTime: 0.137, GCDuration: 0.137s, TimeUntilOOM: 0.264s, TimeUntilGC: 0.027s, GCWorkers: 1 -> 1
[2024-08-16T20:43:17.362+0800][13.374s][debug][gc,director    ] Rule: High Usage, Free: 212MB(5.2%)
[2024-08-16T20:43:17.362+0800][13.374s][debug][gc,director    ] Rule: Proactive, UsedUntilEnabled: 313MB, TimeUntilEnabled: 299.841s
[2024-08-16T20:43:17.461+0800][13.473s][debug][gc,alloc       ] Allocation Rate: 712.0MB/s, Predicted: 684.5MB/s, Avg: 614.0(+/-48.7)MB/s
[2024-08-16T20:43:17.461+0800][13.473s][debug][gc,director    ] Select GC Workers (Normal), AvoidLongGCWorkers: 0.010, AvoidOOMGCWorkers: 0.800, LastGCWorkers: 1.000, GCWorkers: 0.800
[2024-08-16T20:43:17.461+0800][13.473s][debug][gc,director    ] Rule: Allocation Rate (Dynamic GC Workers), MaxAllocRate: 844.7MB/s (+/-7.9%), Free: 148MB, GCCPUTime: 0.137, GCDuration: 0.137s, TimeUntilOOM: 0.162s, TimeUntilGC: -0.074s, GCWorkers: 1 -> 1
[2024-08-16T20:43:17.462+0800][13.473s][debug][gc,heap        ] GC(10) Heap before GC invocations=10 (full 10):
[2024-08-16T20:43:17.462+0800][13.473s][debug][gc,heap        ] GC(10)  ZHeap           used 3908M, capacity 4000M, max capacity 4096M
[2024-08-16T20:43:17.462+0800][13.473s][debug][gc,heap        ] GC(10)  Metaspace       used 842K, committed 960K, reserved 1114112K
[2024-08-16T20:43:17.462+0800][13.473s][debug][gc,heap        ] GC(10)   class space    used 63K, committed 128K, reserved 1048576K
[2024-08-16T20:43:17.462+0800][13.473s][info ][gc,start       ] GC(10) Garbage Collection (Allocation Rate)
[2024-08-16T20:43:17.462+0800][13.473s][info ][gc,task        ] GC(10) Using 1 workers
[2024-08-16T20:43:17.462+0800][13.474s][debug][gc,phases,start] GC(10) Pause Mark Start
[2024-08-16T20:43:17.462+0800][13.474s][debug][gc,marking     ] GC(10) Using 1 mark stripes
[2024-08-16T20:43:17.462+0800][13.474s][debug][gc,marking     ] GC(10) Mark Worker/Stripe Distribution
[2024-08-16T20:43:17.462+0800][13.474s][debug][gc,marking     ] GC(10)   Worker 0(1) -> Stripe 0(1)
[2024-08-16T20:43:17.462+0800][13.474s][info ][gc,phases      ] GC(10) Pause Mark Start 0.039ms
[2024-08-16T20:43:17.462+0800][13.474s][debug][gc,phases,start] GC(10) Concurrent Mark
[2024-08-16T20:43:17.462+0800][13.474s][debug][gc,task        ] GC(10) Executing Task: ZMarkRootsTask, Active Workers: 1
[2024-08-16T20:43:17.462+0800][13.474s][debug][gc,phases,start] GC(10) Concurrent Roots OopStorageSet (ZWorker#3)
[2024-08-16T20:43:17.462+0800][13.474s][debug][gc,phases      ] GC(10) Concurrent Roots OopStorageSet (ZWorker#3) 0.038ms
[2024-08-16T20:43:17.462+0800][13.474s][debug][gc,phases,start] GC(10) Concurrent Roots ClassLoaderDataGraph (ZWorker#3)
[2024-08-16T20:43:17.462+0800][13.474s][debug][gc,phases      ] GC(10) Concurrent Roots ClassLoaderDataGraph (ZWorker#3) 0.034ms
[2024-08-16T20:43:17.462+0800][13.474s][debug][gc,phases,start] GC(10) Concurrent Roots JavaThreads (ZWorker#3)
[2024-08-16T20:43:17.462+0800][13.474s][debug][gc,phases      ] GC(10) Concurrent Roots JavaThreads (ZWorker#3) 0.144ms
[2024-08-16T20:43:17.462+0800][13.474s][debug][gc,tlab        ] GC(10) TLAB totals: thrds: 1  refills: 5 max: 5 slow allocs: 180 max 180 waste: 21.6% gc: 150464B max: 150464B slow: 132760B max: 132760B
[2024-08-16T20:43:17.462+0800][13.474s][debug][gc,task        ] GC(10) Executing Task: ZMarkTask, Active Workers: 1
[2024-08-16T20:43:17.462+0800][13.474s][debug][gc,phases,start] GC(10) Concurrent Mark (ZWorker#1)
[2024-08-16T20:43:17.465+0800][13.477s][debug][gc,phases,start] GC(10) Concurrent Mark Try Flush (ZWorker#1)
[2024-08-16T20:43:17.465+0800][13.477s][debug][gc,phases      ] GC(10) Concurrent Mark Try Flush (ZWorker#1) 0.386ms
[2024-08-16T20:43:17.465+0800][13.477s][debug][gc,phases,start] GC(10) Concurrent Mark Try Flush (ZWorker#1)
[2024-08-16T20:43:17.466+0800][13.477s][debug][gc,phases      ] GC(10) Concurrent Mark Try Flush (ZWorker#1) 0.093ms
[2024-08-16T20:43:17.466+0800][13.477s][debug][gc,phases,start] GC(10) Concurrent Mark Try Terminate (ZWorker#1)
[2024-08-16T20:43:17.466+0800][13.477s][debug][gc,phases,start] GC(10) Concurrent Mark Try Flush (ZWorker#1)
[2024-08-16T20:43:17.466+0800][13.477s][debug][gc,phases      ] GC(10) Concurrent Mark Try Flush (ZWorker#1) 0.099ms
[2024-08-16T20:43:17.466+0800][13.477s][debug][gc,phases      ] GC(10) Concurrent Mark Try Terminate (ZWorker#1) 0.112ms
[2024-08-16T20:43:17.466+0800][13.477s][debug][gc,phases,start] GC(10) Concurrent Mark Try Terminate (ZWorker#1)
[2024-08-16T20:43:17.466+0800][13.477s][debug][gc,phases      ] GC(10) Concurrent Mark Try Terminate (ZWorker#1) 0.004ms
[2024-08-16T20:43:17.466+0800][13.477s][debug][gc,phases      ] GC(10) Concurrent Mark (ZWorker#1) 3.238ms
[2024-08-16T20:43:17.466+0800][13.478s][info ][gc,phases      ] GC(10) Concurrent Mark 3.881ms
[2024-08-16T20:43:17.466+0800][13.478s][debug][gc,phases,start] GC(10) Pause Mark End
[2024-08-16T20:43:17.466+0800][13.478s][info ][gc,phases      ] GC(10) Pause Mark End 0.024ms
[2024-08-16T20:43:17.466+0800][13.478s][debug][gc,phases,start] GC(10) Concurrent Mark Free
[2024-08-16T20:43:17.466+0800][13.478s][info ][gc,phases      ] GC(10) Concurrent Mark Free 0.011ms
[2024-08-16T20:43:17.466+0800][13.478s][debug][gc,phases,start] GC(10) Concurrent Process Non-Strong References
[2024-08-16T20:43:17.466+0800][13.478s][debug][gc,phases,start] GC(10) Concurrent References Process (ZDriver)
[2024-08-16T20:43:17.466+0800][13.478s][debug][gc,task        ] GC(10) Executing Task: ZReferenceProcessorTask, Active Workers: 1
[2024-08-16T20:43:17.466+0800][13.478s][debug][gc,phases      ] GC(10) Concurrent References Process (ZDriver) 0.102ms
[2024-08-16T20:43:17.466+0800][13.478s][debug][gc,task        ] GC(10) Executing Task: ZProcessWeakRootsTask, Active Workers: 1
[2024-08-16T20:43:17.466+0800][13.478s][debug][gc,phases,start] GC(10) Concurrent Weak Roots OopStorageSet (ZWorker#0)
[2024-08-16T20:43:17.466+0800][13.478s][debug][gc,phases      ] GC(10) Concurrent Weak Roots OopStorageSet (ZWorker#0) 0.062ms
[2024-08-16T20:43:17.466+0800][13.478s][debug][gc,phases,start] GC(10) Concurrent Classes Unlink (ZDriver)
[2024-08-16T20:43:17.467+0800][13.478s][debug][gc,phases,start] GC(10) ClassLoaderData
[2024-08-16T20:43:17.467+0800][13.478s][debug][gc,phases      ] GC(10) ClassLoaderData 0.007ms
[2024-08-16T20:43:17.467+0800][13.478s][debug][gc,phases,start] GC(10) Trigger cleanups
[2024-08-16T20:43:17.467+0800][13.478s][debug][gc,phases      ] GC(10) Trigger cleanups 0.004ms
[2024-08-16T20:43:17.467+0800][13.478s][debug][gc,task        ] GC(10) Executing Task: ZNMethodUnlinkTask, Active Workers: 1
[2024-08-16T20:43:17.467+0800][13.479s][debug][gc,phases      ] GC(10) Concurrent Classes Unlink (ZDriver) 0.546ms
[2024-08-16T20:43:17.467+0800][13.479s][debug][gc,phases,start] GC(10) Concurrent Classes Purge (ZDriver)
[2024-08-16T20:43:17.467+0800][13.479s][debug][gc,task        ] GC(10) Executing Task: ZNMethodPurgeTask, Active Workers: 1
[2024-08-16T20:43:17.467+0800][13.479s][debug][gc,phases      ] GC(10) Concurrent Classes Purge (ZDriver) 0.162ms
[2024-08-16T20:43:17.467+0800][13.479s][debug][gc,phases,start] GC(10) Concurrent References Enqueue (ZDriver)
[2024-08-16T20:43:17.467+0800][13.479s][debug][gc,phases      ] GC(10) Concurrent References Enqueue (ZDriver) 0.004ms
[2024-08-16T20:43:17.467+0800][13.479s][info ][gc,phases      ] GC(10) Concurrent Process Non-Strong References 1.159ms
[2024-08-16T20:43:17.467+0800][13.479s][debug][gc,phases,start] GC(10) Concurrent Reset Relocation Set
[2024-08-16T20:43:17.467+0800][13.479s][info ][gc,phases      ] GC(10) Concurrent Reset Relocation Set 0.005ms
[2024-08-16T20:43:17.467+0800][13.479s][debug][gc,phases,start] GC(10) Concurrent Select Relocation Set
[2024-08-16T20:43:17.468+0800][13.480s][debug][gc,task        ] GC(10) Executing Task: ZRelocationSetInstallTask, Active Workers: 1
[2024-08-16T20:43:17.468+0800][13.480s][info ][gc,phases      ] GC(10) Concurrent Select Relocation Set 0.689ms
[2024-08-16T20:43:17.468+0800][13.480s][debug][gc,phases,start] GC(10) Pause Relocate Start
[2024-08-16T20:43:17.468+0800][13.480s][info ][gc,phases      ] GC(10) Pause Relocate Start 0.068ms
[2024-08-16T20:43:17.468+0800][13.480s][debug][gc,phases,start] GC(10) Concurrent Relocate
[2024-08-16T20:43:17.468+0800][13.480s][debug][gc,task        ] GC(10) Executing Task: ZRelocateTask, Active Workers: 1
[2024-08-16T20:43:17.472+0800][13.483s][info ][gc,phases      ] GC(10) Concurrent Relocate 3.320ms
[2024-08-16T20:43:17.472+0800][13.483s][debug][gc,heap        ] GC(10) Heap after GC invocations=11 (full 11):
[2024-08-16T20:43:17.472+0800][13.483s][debug][gc,heap        ] GC(10)  ZHeap           used 3876M, capacity 4000M, max capacity 4096M
[2024-08-16T20:43:17.472+0800][13.483s][debug][gc,heap        ] GC(10)  Metaspace       used 842K, committed 960K, reserved 1114112K
[2024-08-16T20:43:17.472+0800][13.483s][debug][gc,heap        ] GC(10)   class space    used 63K, committed 128K, reserved 1048576K
[2024-08-16T20:43:17.472+0800][13.483s][info ][gc,load        ] GC(10) Load: 1.73/0.55/0.19
[2024-08-16T20:43:17.472+0800][13.483s][info ][gc,mmu         ] GC(10) MMU: 2ms/77.6%, 5ms/91.1%, 10ms/95.5%, 20ms/97.5%, 50ms/99.0%, 100ms/99.5%
[2024-08-16T20:43:17.472+0800][13.483s][info ][gc,marking     ] GC(10) Mark: 1 stripe(s), 2 proactive flush(es), 1 terminate flush(es), 0 completion(s), 0 continuation(s) 
[2024-08-16T20:43:17.472+0800][13.483s][info ][gc,marking     ] GC(10) Mark Stack Usage: 32M
[2024-08-16T20:43:17.472+0800][13.483s][info ][gc,nmethod     ] GC(10) NMethods: 533 registered, 0 unregistered
[2024-08-16T20:43:17.472+0800][13.483s][info ][gc,metaspace   ] GC(10) Metaspace: 0M used, 0M committed, 1088M reserved
[2024-08-16T20:43:17.472+0800][13.483s][info ][gc,ref         ] GC(10) Soft: 104 encountered, 0 discovered, 0 enqueued
[2024-08-16T20:43:17.472+0800][13.483s][info ][gc,ref         ] GC(10) Weak: 193 encountered, 175 discovered, 0 enqueued
[2024-08-16T20:43:17.472+0800][13.483s][info ][gc,ref         ] GC(10) Final: 0 encountered, 0 discovered, 0 enqueued
[2024-08-16T20:43:17.472+0800][13.483s][info ][gc,ref         ] GC(10) Phantom: 1 encountered, 0 discovered, 0 enqueued
[2024-08-16T20:43:17.472+0800][13.484s][info ][gc,reloc       ] GC(10) Small Pages: 2 / 4M, Empty: 2M, Relocated: 0M, In-Place: 0
[2024-08-16T20:43:17.472+0800][13.484s][info ][gc,reloc       ] GC(10) Medium Pages: 122 / 3904M, Empty: 32M, Relocated: 27M, In-Place: 0
[2024-08-16T20:43:17.472+0800][13.484s][info ][gc,reloc       ] GC(10) Large Pages: 0 / 0M, Empty: 0M, Relocated: 0M, In-Place: 0
[2024-08-16T20:43:17.472+0800][13.484s][info ][gc,reloc       ] GC(10) Forwarding Usage: 0M
[2024-08-16T20:43:17.472+0800][13.484s][info ][gc,heap        ] GC(10) Min Capacity: 512M(12%)
[2024-08-16T20:43:17.472+0800][13.484s][info ][gc,heap        ] GC(10) Max Capacity: 4096M(100%)
[2024-08-16T20:43:17.472+0800][13.484s][info ][gc,heap        ] GC(10) Soft Max Capacity: 4096M(100%)
[2024-08-16T20:43:17.472+0800][13.484s][info ][gc,heap        ] GC(10)                Mark Start          Mark End        Relocate Start      Relocate End           High               Low         
[2024-08-16T20:43:17.472+0800][13.484s][info ][gc,heap        ] GC(10)  Capacity:     4000M (98%)        4000M (98%)        4000M (98%)        4000M (98%)        4000M (98%)        4000M (98%)    
[2024-08-16T20:43:17.472+0800][13.484s][info ][gc,heap        ] GC(10)      Free:      188M (5%)          154M (4%)          188M (5%)          220M (5%)          220M (5%)          154M (4%)     
[2024-08-16T20:43:17.472+0800][13.484s][info ][gc,heap        ] GC(10)      Used:     3908M (95%)        3942M (96%)        3908M (95%)        3876M (95%)        3942M (96%)        3876M (95%)    
[2024-08-16T20:43:17.472+0800][13.484s][info ][gc,heap        ] GC(10)      Live:         -              3706M (90%)        3706M (90%)        3706M (90%)            -                  -          
[2024-08-16T20:43:17.472+0800][13.484s][info ][gc,heap        ] GC(10) Allocated:         -                34M (1%)           34M (1%)           34M (1%)             -                  -          
[2024-08-16T20:43:17.472+0800][13.484s][info ][gc,heap        ] GC(10)   Garbage:         -               201M (5%)          167M (4%)          135M (3%)             -                  -          
[2024-08-16T20:43:17.472+0800][13.484s][info ][gc,heap        ] GC(10) Reclaimed:         -                  -                34M (1%)           66M (2%)             -                  -          
[2024-08-16T20:43:17.472+0800][13.484s][info ][gc             ] GC(10) Garbage Collection (Allocation Rate) 3908M(95%)->3876M(95%)
[2024-08-16T20:43:17.562+0800][13.574s][debug][gc,alloc       ] Allocation Rate: 744.0MB/s, Predicted: 736.0MB/s, Avg: 627.2(+/-62.3)MB/s
[2024-08-16T20:43:17.562+0800][13.574s][debug][gc,director    ] Select GC Workers (Normal), AvoidLongGCWorkers: 0.007, AvoidOOMGCWorkers: 0.836, LastGCWorkers: 1.000, GCWorkers: 0.836
[2024-08-16T20:43:17.562+0800][13.574s][debug][gc,director    ] Rule: Allocation Rate (Dynamic GC Workers), MaxAllocRate: 941.1MB/s (+/-9.9%), Free: 116MB, GCCPUTime: 0.098, GCDuration: 0.098s, TimeUntilOOM: 0.112s, TimeUntilGC: -0.086s, GCWorkers: 1 -> 1
[2024-08-16T20:43:17.562+0800][13.574s][debug][gc,heap        ] GC(11) Heap before GC invocations=11 (full 11):
[2024-08-16T20:43:17.562+0800][13.574s][debug][gc,heap        ] GC(11)  ZHeap           used 3940M, capacity 4000M, max capacity 4096M
[2024-08-16T20:43:17.562+0800][13.574s][debug][gc,heap        ] GC(11)  Metaspace       used 842K, committed 960K, reserved 1114112K
[2024-08-16T20:43:17.562+0800][13.574s][debug][gc,heap        ] GC(11)   class space    used 63K, committed 128K, reserved 1048576K
[2024-08-16T20:43:17.562+0800][13.574s][info ][gc,start       ] GC(11) Garbage Collection (Allocation Rate)
[2024-08-16T20:43:17.562+0800][13.574s][info ][gc,task        ] GC(11) Using 1 workers
[2024-08-16T20:43:17.562+0800][13.574s][debug][gc,phases,start] GC(11) Pause Mark Start
[2024-08-16T20:43:17.563+0800][13.574s][debug][gc,marking     ] GC(11) Using 1 mark stripes
[2024-08-16T20:43:17.563+0800][13.574s][debug][gc,marking     ] GC(11) Mark Worker/Stripe Distribution
[2024-08-16T20:43:17.563+0800][13.574s][debug][gc,marking     ] GC(11)   Worker 0(1) -> Stripe 0(1)
[2024-08-16T20:43:17.563+0800][13.574s][info ][gc,phases      ] GC(11) Pause Mark Start 0.177ms
[2024-08-16T20:43:17.563+0800][13.575s][debug][gc,phases,start] GC(11) Concurrent Mark
[2024-08-16T20:43:17.563+0800][13.575s][debug][gc,task        ] GC(11) Executing Task: ZMarkRootsTask, Active Workers: 1
[2024-08-16T20:43:17.563+0800][13.575s][debug][gc,phases,start] GC(11) Concurrent Roots OopStorageSet (ZWorker#3)
[2024-08-16T20:43:17.563+0800][13.575s][debug][gc,phases      ] GC(11) Concurrent Roots OopStorageSet (ZWorker#3) 0.146ms
[2024-08-16T20:43:17.563+0800][13.575s][debug][gc,phases,start] GC(11) Concurrent Roots ClassLoaderDataGraph (ZWorker#3)
[2024-08-16T20:43:17.563+0800][13.575s][debug][gc,phases      ] GC(11) Concurrent Roots ClassLoaderDataGraph (ZWorker#3) 0.124ms
[2024-08-16T20:43:17.563+0800][13.575s][debug][gc,phases,start] GC(11) Concurrent Roots JavaThreads (ZWorker#3)
[2024-08-16T20:43:17.564+0800][13.576s][debug][gc,phases      ] GC(11) Concurrent Roots JavaThreads (ZWorker#3) 0.687ms
[2024-08-16T20:43:17.564+0800][13.576s][debug][gc,tlab        ] GC(11) TLAB totals: thrds: 1  refills: 2 max: 2 slow allocs: 74 max 74 waste: 20.1% gc: 72288B max: 72288B slow: 33160B max: 33160B
[2024-08-16T20:43:17.564+0800][13.576s][debug][gc,task        ] GC(11) Executing Task: ZMarkTask, Active Workers: 1
[2024-08-16T20:43:17.565+0800][13.576s][debug][gc,phases,start] GC(11) Concurrent Mark (ZWorker#1)
[2024-08-16T20:43:17.569+0800][13.581s][debug][gc,phases,start] GC(11) Concurrent Mark Try Flush (ZWorker#1)
[2024-08-16T20:43:17.570+0800][13.581s][debug][gc,phases      ] GC(11) Concurrent Mark Try Flush (ZWorker#1) 0.370ms
[2024-08-16T20:43:17.570+0800][13.582s][debug][gc,phases,start] GC(11) Concurrent Mark Try Flush (ZWorker#1)
[2024-08-16T20:43:17.570+0800][13.582s][debug][gc,phases      ] GC(11) Concurrent Mark Try Flush (ZWorker#1) 0.177ms
[2024-08-16T20:43:17.570+0800][13.582s][debug][gc,phases,start] GC(11) Concurrent Mark Try Terminate (ZWorker#1)
[2024-08-16T20:43:17.570+0800][13.582s][debug][gc,phases,start] GC(11) Concurrent Mark Try Flush (ZWorker#1)
[2024-08-16T20:43:17.570+0800][13.582s][debug][gc,phases      ] GC(11) Concurrent Mark Try Flush (ZWorker#1) 0.089ms
[2024-08-16T20:43:17.570+0800][13.582s][debug][gc,phases      ] GC(11) Concurrent Mark Try Terminate (ZWorker#1) 0.114ms
[2024-08-16T20:43:17.570+0800][13.582s][debug][gc,phases,start] GC(11) Concurrent Mark Try Terminate (ZWorker#1)
[2024-08-16T20:43:17.570+0800][13.582s][debug][gc,phases      ] GC(11) Concurrent Mark Try Terminate (ZWorker#1) 0.006ms
[2024-08-16T20:43:17.570+0800][13.582s][debug][gc,phases      ] GC(11) Concurrent Mark (ZWorker#1) 5.403ms
[2024-08-16T20:43:17.570+0800][13.582s][info ][gc,phases      ] GC(11) Concurrent Mark 7.378ms
[2024-08-16T20:43:17.570+0800][13.582s][debug][gc,phases,start] GC(11) Pause Mark End
[2024-08-16T20:43:17.570+0800][13.582s][info ][gc,phases      ] GC(11) Pause Mark End 0.049ms
[2024-08-16T20:43:17.571+0800][13.582s][debug][gc,phases,start] GC(11) Concurrent Mark Free
[2024-08-16T20:43:17.571+0800][13.582s][info ][gc,phases      ] GC(11) Concurrent Mark Free 0.038ms
[2024-08-16T20:43:17.571+0800][13.582s][debug][gc,phases,start] GC(11) Concurrent Process Non-Strong References
[2024-08-16T20:43:17.571+0800][13.582s][debug][gc,phases,start] GC(11) Concurrent References Process (ZDriver)
[2024-08-16T20:43:17.571+0800][13.582s][debug][gc,task        ] GC(11) Executing Task: ZReferenceProcessorTask, Active Workers: 1
[2024-08-16T20:43:17.571+0800][13.583s][debug][gc,phases      ] GC(11) Concurrent References Process (ZDriver) 0.149ms
[2024-08-16T20:43:17.571+0800][13.583s][debug][gc,task        ] GC(11) Executing Task: ZProcessWeakRootsTask, Active Workers: 1
[2024-08-16T20:43:17.571+0800][13.583s][debug][gc,phases,start] GC(11) Concurrent Weak Roots OopStorageSet (ZWorker#0)
[2024-08-16T20:43:17.571+0800][13.583s][debug][gc,phases      ] GC(11) Concurrent Weak Roots OopStorageSet (ZWorker#0) 0.119ms
[2024-08-16T20:43:17.571+0800][13.583s][debug][gc,phases,start] GC(11) Concurrent Classes Unlink (ZDriver)
[2024-08-16T20:43:17.571+0800][13.583s][debug][gc,phases,start] GC(11) ClassLoaderData
[2024-08-16T20:43:17.571+0800][13.583s][debug][gc,phases      ] GC(11) ClassLoaderData 0.013ms
[2024-08-16T20:43:17.571+0800][13.583s][debug][gc,phases,start] GC(11) Trigger cleanups
[2024-08-16T20:43:17.571+0800][13.583s][debug][gc,phases      ] GC(11) Trigger cleanups 0.006ms
[2024-08-16T20:43:17.571+0800][13.583s][debug][gc,task        ] GC(11) Executing Task: ZNMethodUnlinkTask, Active Workers: 1
[2024-08-16T20:43:17.572+0800][13.584s][debug][gc,phases      ] GC(11) Concurrent Classes Unlink (ZDriver) 0.773ms
[2024-08-16T20:43:17.572+0800][13.584s][debug][gc,phases,start] GC(11) Concurrent Classes Purge (ZDriver)
[2024-08-16T20:43:17.572+0800][13.584s][debug][gc,task        ] GC(11) Executing Task: ZNMethodPurgeTask, Active Workers: 1
[2024-08-16T20:43:17.573+0800][13.584s][debug][gc,phases      ] GC(11) Concurrent Classes Purge (ZDriver) 0.610ms
[2024-08-16T20:43:17.573+0800][13.584s][debug][gc,phases,start] GC(11) Concurrent References Enqueue (ZDriver)
[2024-08-16T20:43:17.573+0800][13.584s][debug][gc,phases      ] GC(11) Concurrent References Enqueue (ZDriver) 0.012ms
[2024-08-16T20:43:17.573+0800][13.584s][info ][gc,phases      ] GC(11) Concurrent Process Non-Strong References 2.130ms
[2024-08-16T20:43:17.573+0800][13.584s][debug][gc,phases,start] GC(11) Concurrent Reset Relocation Set
[2024-08-16T20:43:17.573+0800][13.585s][info ][gc,phases      ] GC(11) Concurrent Reset Relocation Set 0.011ms
[2024-08-16T20:43:17.573+0800][13.585s][debug][gc,phases,start] GC(11) Concurrent Select Relocation Set
[2024-08-16T20:43:17.574+0800][13.586s][debug][gc,task        ] GC(11) Executing Task: ZRelocationSetInstallTask, Active Workers: 1
[2024-08-16T20:43:17.574+0800][13.586s][info ][gc,phases      ] GC(11) Concurrent Select Relocation Set 1.426ms
[2024-08-16T20:43:17.574+0800][13.586s][debug][gc,phases,start] GC(11) Pause Relocate Start
[2024-08-16T20:43:17.574+0800][13.586s][info ][gc,phases      ] GC(11) Pause Relocate Start 0.074ms
[2024-08-16T20:43:17.575+0800][13.587s][debug][gc,phases,start] GC(11) Concurrent Relocate
[2024-08-16T20:43:17.575+0800][13.587s][debug][gc,task        ] GC(11) Executing Task: ZRelocateTask, Active Workers: 1
[2024-08-16T20:43:17.575+0800][13.587s][info ][gc,phases      ] GC(11) Concurrent Relocate 0.235ms
[2024-08-16T20:43:17.575+0800][13.587s][debug][gc,heap        ] GC(11) Heap after GC invocations=12 (full 12):
[2024-08-16T20:43:17.575+0800][13.587s][debug][gc,heap        ] GC(11)  ZHeap           used 3908M, capacity 4000M, max capacity 4096M
[2024-08-16T20:43:17.575+0800][13.587s][debug][gc,heap        ] GC(11)  Metaspace       used 842K, committed 960K, reserved 1114112K
[2024-08-16T20:43:17.575+0800][13.587s][debug][gc,heap        ] GC(11)   class space    used 63K, committed 128K, reserved 1048576K
[2024-08-16T20:43:17.575+0800][13.587s][info ][gc,load        ] GC(11) Load: 1.73/0.55/0.19
[2024-08-16T20:43:17.575+0800][13.587s][info ][gc,mmu         ] GC(11) MMU: 2ms/77.6%, 5ms/91.1%, 10ms/95.5%, 20ms/97.5%, 50ms/99.0%, 100ms/99.5%
[2024-08-16T20:43:17.575+0800][13.587s][info ][gc,marking     ] GC(11) Mark: 1 stripe(s), 2 proactive flush(es), 1 terminate flush(es), 0 completion(s), 0 continuation(s) 
[2024-08-16T20:43:17.575+0800][13.587s][info ][gc,marking     ] GC(11) Mark Stack Usage: 32M
[2024-08-16T20:43:17.575+0800][13.587s][info ][gc,nmethod     ] GC(11) NMethods: 533 registered, 0 unregistered
[2024-08-16T20:43:17.575+0800][13.587s][info ][gc,metaspace   ] GC(11) Metaspace: 0M used, 0M committed, 1088M reserved
[2024-08-16T20:43:17.575+0800][13.587s][info ][gc,ref         ] GC(11) Soft: 104 encountered, 0 discovered, 0 enqueued
[2024-08-16T20:43:17.575+0800][13.587s][info ][gc,ref         ] GC(11) Weak: 193 encountered, 175 discovered, 0 enqueued
[2024-08-16T20:43:17.575+0800][13.587s][info ][gc,ref         ] GC(11) Final: 0 encountered, 0 discovered, 0 enqueued
[2024-08-16T20:43:17.575+0800][13.587s][info ][gc,ref         ] GC(11) Phantom: 1 encountered, 0 discovered, 0 enqueued
[2024-08-16T20:43:17.575+0800][13.587s][info ][gc,reloc       ] GC(11) Small Pages: 2 / 4M, Empty: 2M, Relocated: 0M, In-Place: 0
[2024-08-16T20:43:17.575+0800][13.587s][info ][gc,reloc       ] GC(11) Medium Pages: 123 / 3936M, Empty: 64M, Relocated: 0M, In-Place: 0
[2024-08-16T20:43:17.575+0800][13.587s][info ][gc,reloc       ] GC(11) Large Pages: 0 / 0M, Empty: 0M, Relocated: 0M, In-Place: 0
[2024-08-16T20:43:17.575+0800][13.587s][info ][gc,reloc       ] GC(11) Forwarding Usage: 0M
[2024-08-16T20:43:17.575+0800][13.587s][info ][gc,heap        ] GC(11) Min Capacity: 512M(12%)
[2024-08-16T20:43:17.575+0800][13.587s][info ][gc,heap        ] GC(11) Max Capacity: 4096M(100%)
[2024-08-16T20:43:17.575+0800][13.587s][info ][gc,heap        ] GC(11) Soft Max Capacity: 4096M(100%)
[2024-08-16T20:43:17.575+0800][13.587s][info ][gc,heap        ] GC(11)                Mark Start          Mark End        Relocate Start      Relocate End           High               Low         
[2024-08-16T20:43:17.575+0800][13.587s][info ][gc,heap        ] GC(11)  Capacity:     4000M (98%)        4000M (98%)        4000M (98%)        4000M (98%)        4000M (98%)        4000M (98%)    
[2024-08-16T20:43:17.576+0800][13.588s][info ][gc,heap        ] GC(11)      Free:      156M (4%)          122M (3%)          188M (5%)          188M (5%)          188M (5%)          122M (3%)     
[2024-08-16T20:43:17.576+0800][13.588s][info ][gc,heap        ] GC(11)      Used:     3940M (96%)        3974M (97%)        3908M (95%)        3908M (95%)        3974M (97%)        3908M (95%)    
[2024-08-16T20:43:17.576+0800][13.588s][info ][gc,heap        ] GC(11)      Live:         -              3731M (91%)        3731M (91%)        3731M (91%)            -                  -          
[2024-08-16T20:43:17.576+0800][13.588s][info ][gc,heap        ] GC(11) Allocated:         -                34M (1%)           34M (1%)           34M (1%)             -                  -          
[2024-08-16T20:43:17.576+0800][13.588s][info ][gc,heap        ] GC(11)   Garbage:         -               208M (5%)          142M (3%)          142M (3%)             -                  -          
[2024-08-16T20:43:17.576+0800][13.588s][info ][gc,heap        ] GC(11) Reclaimed:         -                  -                66M (2%)           66M (2%)             -                  -          
[2024-08-16T20:43:17.576+0800][13.588s][info ][gc             ] GC(11) Garbage Collection (Allocation Rate) 3940M(96%)->3908M(95%)
[2024-08-16T20:43:17.662+0800][13.674s][debug][gc,alloc       ] Allocation Rate: 776.0MB/s, Predicted: 783.5MB/s, Avg: 646.6(+/-74.3)MB/s
[2024-08-16T20:43:17.662+0800][13.674s][debug][gc,director    ] Select GC Workers (Normal), AvoidLongGCWorkers: 0.004, AvoidOOMGCWorkers: 0.761, LastGCWorkers: 1.000, GCWorkers: 0.761
[2024-08-16T20:43:17.662+0800][13.674s][debug][gc,director    ] Rule: Allocation Rate (Dynamic GC Workers), MaxAllocRate: 1027.9MB/s (+/-11.5%), Free: 84MB, GCCPUTime: 0.059, GCDuration: 0.059s, TimeUntilOOM: 0.073s, TimeUntilGC: -0.086s, GCWorkers: 1 -> 1
[2024-08-16T20:43:17.662+0800][13.674s][debug][gc,heap        ] GC(12) Heap before GC invocations=12 (full 12):
[2024-08-16T20:43:17.662+0800][13.674s][debug][gc,heap        ] GC(12)  ZHeap           used 3972M, capacity 4000M, max capacity 4096M
[2024-08-16T20:43:17.662+0800][13.674s][debug][gc,heap        ] GC(12)  Metaspace       used 842K, committed 960K, reserved 1114112K
[2024-08-16T20:43:17.662+0800][13.674s][debug][gc,heap        ] GC(12)   class space    used 63K, committed 128K, reserved 1048576K
[2024-08-16T20:43:17.662+0800][13.674s][info ][gc,start       ] GC(12) Garbage Collection (Allocation Rate)
[2024-08-16T20:43:17.662+0800][13.674s][info ][gc,task        ] GC(12) Using 1 workers
[2024-08-16T20:43:17.662+0800][13.674s][debug][gc,phases,start] GC(12) Pause Mark Start
[2024-08-16T20:43:17.662+0800][13.674s][debug][gc,marking     ] GC(12) Using 1 mark stripes
[2024-08-16T20:43:17.662+0800][13.674s][debug][gc,marking     ] GC(12) Mark Worker/Stripe Distribution
[2024-08-16T20:43:17.662+0800][13.674s][debug][gc,marking     ] GC(12)   Worker 0(1) -> Stripe 0(1)
[2024-08-16T20:43:17.662+0800][13.674s][info ][gc,phases      ] GC(12) Pause Mark Start 0.052ms
[2024-08-16T20:43:17.662+0800][13.674s][debug][gc,phases,start] GC(12) Concurrent Mark
[2024-08-16T20:43:17.662+0800][13.674s][debug][gc,task        ] GC(12) Executing Task: ZMarkRootsTask, Active Workers: 1
[2024-08-16T20:43:17.662+0800][13.674s][debug][gc,phases,start] GC(12) Concurrent Roots OopStorageSet (ZWorker#3)
[2024-08-16T20:43:17.662+0800][13.674s][debug][gc,phases      ] GC(12) Concurrent Roots OopStorageSet (ZWorker#3) 0.020ms
[2024-08-16T20:43:17.662+0800][13.674s][debug][gc,phases,start] GC(12) Concurrent Roots ClassLoaderDataGraph (ZWorker#3)
[2024-08-16T20:43:17.663+0800][13.674s][debug][gc,phases      ] GC(12) Concurrent Roots ClassLoaderDataGraph (ZWorker#3) 0.043ms
[2024-08-16T20:43:17.663+0800][13.674s][debug][gc,phases,start] GC(12) Concurrent Roots JavaThreads (ZWorker#3)
[2024-08-16T20:43:17.663+0800][13.674s][debug][gc,phases      ] GC(12) Concurrent Roots JavaThreads (ZWorker#3) 0.109ms
[2024-08-16T20:43:17.663+0800][13.674s][debug][gc,tlab        ] GC(12) TLAB totals: thrds: 1  refills: 2 max: 2 slow allocs: 69 max 69 waste: 25.4% gc: 100208B max: 100208B slow: 33160B max: 33160B
[2024-08-16T20:43:17.663+0800][13.674s][debug][gc,task        ] GC(12) Executing Task: ZMarkTask, Active Workers: 1
[2024-08-16T20:43:17.663+0800][13.675s][debug][gc,phases,start] GC(12) Concurrent Mark (ZWorker#1)
[2024-08-16T20:43:17.664+0800][13.676s][debug][gc,phases,start] GC(12) Concurrent Mark Try Flush (ZWorker#1)
[2024-08-16T20:43:17.668+0800][13.680s][debug][gc,phases      ] GC(12) Concurrent Mark Try Flush (ZWorker#1) 3.852ms
[2024-08-16T20:43:17.669+0800][13.680s][debug][gc,phases,start] GC(12) Concurrent Mark Try Flush (ZWorker#1)
[2024-08-16T20:43:17.669+0800][13.680s][debug][gc,phases      ] GC(12) Concurrent Mark Try Flush (ZWorker#1) 0.128ms
[2024-08-16T20:43:17.669+0800][13.680s][debug][gc,phases,start] GC(12) Concurrent Mark Try Terminate (ZWorker#1)
[2024-08-16T20:43:17.669+0800][13.680s][debug][gc,phases,start] GC(12) Concurrent Mark Try Flush (ZWorker#1)
[2024-08-16T20:43:17.669+0800][13.681s][debug][gc,phases      ] GC(12) Concurrent Mark Try Flush (ZWorker#1) 0.121ms
[2024-08-16T20:43:17.669+0800][13.681s][debug][gc,phases      ] GC(12) Concurrent Mark Try Terminate (ZWorker#1) 0.143ms
[2024-08-16T20:43:17.669+0800][13.681s][debug][gc,phases,start] GC(12) Concurrent Mark Try Terminate (ZWorker#1)
[2024-08-16T20:43:17.669+0800][13.681s][debug][gc,phases      ] GC(12) Concurrent Mark Try Terminate (ZWorker#1) 0.004ms
[2024-08-16T20:43:17.669+0800][13.681s][debug][gc,phases      ] GC(12) Concurrent Mark (ZWorker#1) 6.114ms
[2024-08-16T20:43:17.669+0800][13.681s][info ][gc,phases      ] GC(12) Concurrent Mark 6.501ms
[2024-08-16T20:43:17.669+0800][13.681s][debug][gc,phases,start] GC(12) Pause Mark End
[2024-08-16T20:43:17.669+0800][13.681s][info ][gc,phases      ] GC(12) Pause Mark End 0.024ms
[2024-08-16T20:43:17.669+0800][13.681s][debug][gc,phases,start] GC(12) Concurrent Mark Free
[2024-08-16T20:43:17.669+0800][13.681s][info ][gc,phases      ] GC(12) Concurrent Mark Free 0.023ms
[2024-08-16T20:43:17.669+0800][13.681s][debug][gc,phases,start] GC(12) Concurrent Process Non-Strong References
[2024-08-16T20:43:17.669+0800][13.681s][debug][gc,phases,start] GC(12) Concurrent References Process (ZDriver)
[2024-08-16T20:43:17.669+0800][13.681s][debug][gc,task        ] GC(12) Executing Task: ZReferenceProcessorTask, Active Workers: 1
[2024-08-16T20:43:17.669+0800][13.681s][debug][gc,phases      ] GC(12) Concurrent References Process (ZDriver) 0.154ms
[2024-08-16T20:43:17.669+0800][13.681s][debug][gc,task        ] GC(12) Executing Task: ZProcessWeakRootsTask, Active Workers: 1
[2024-08-16T20:43:17.669+0800][13.681s][debug][gc,phases,start] GC(12) Concurrent Weak Roots OopStorageSet (ZWorker#0)
[2024-08-16T20:43:17.670+0800][13.681s][debug][gc,phases      ] GC(12) Concurrent Weak Roots OopStorageSet (ZWorker#0) 0.091ms
[2024-08-16T20:43:17.670+0800][13.681s][debug][gc,phases,start] GC(12) Concurrent Classes Unlink (ZDriver)
[2024-08-16T20:43:17.670+0800][13.681s][debug][gc,phases,start] GC(12) ClassLoaderData
[2024-08-16T20:43:17.670+0800][13.681s][debug][gc,phases      ] GC(12) ClassLoaderData 0.013ms
[2024-08-16T20:43:17.670+0800][13.681s][debug][gc,phases,start] GC(12) Trigger cleanups
[2024-08-16T20:43:17.670+0800][13.681s][debug][gc,phases      ] GC(12) Trigger cleanups 0.010ms
[2024-08-16T20:43:17.670+0800][13.681s][debug][gc,task        ] GC(12) Executing Task: ZNMethodUnlinkTask, Active Workers: 1
[2024-08-16T20:43:17.670+0800][13.682s][debug][gc,phases      ] GC(12) Concurrent Classes Unlink (ZDriver) 0.573ms
[2024-08-16T20:43:17.670+0800][13.682s][debug][gc,phases,start] GC(12) Concurrent Classes Purge (ZDriver)
[2024-08-16T20:43:17.670+0800][13.682s][debug][gc,task        ] GC(12) Executing Task: ZNMethodPurgeTask, Active Workers: 1
[2024-08-16T20:43:17.671+0800][13.682s][debug][gc,phases      ] GC(12) Concurrent Classes Purge (ZDriver) 0.208ms
[2024-08-16T20:43:17.671+0800][13.682s][debug][gc,phases,start] GC(12) Concurrent References Enqueue (ZDriver)
[2024-08-16T20:43:17.671+0800][13.682s][debug][gc,phases      ] GC(12) Concurrent References Enqueue (ZDriver) 0.011ms
[2024-08-16T20:43:17.671+0800][13.682s][info ][gc,phases      ] GC(12) Concurrent Process Non-Strong References 1.439ms
[2024-08-16T20:43:17.671+0800][13.682s][debug][gc,phases,start] GC(12) Concurrent Reset Relocation Set
[2024-08-16T20:43:17.671+0800][13.682s][info ][gc,phases      ] GC(12) Concurrent Reset Relocation Set 0.010ms
[2024-08-16T20:43:17.671+0800][13.682s][debug][gc,phases,start] GC(12) Concurrent Select Relocation Set
[2024-08-16T20:43:17.672+0800][13.684s][debug][gc,task        ] GC(12) Executing Task: ZRelocationSetInstallTask, Active Workers: 1
[2024-08-16T20:43:17.672+0800][13.684s][info ][gc,phases      ] GC(12) Concurrent Select Relocation Set 1.512ms
[2024-08-16T20:43:17.672+0800][13.684s][debug][gc,phases,start] GC(12) Pause Relocate Start
[2024-08-16T20:43:17.672+0800][13.684s][info ][gc,phases      ] GC(12) Pause Relocate Start 0.037ms
[2024-08-16T20:43:17.672+0800][13.684s][debug][gc,phases,start] GC(12) Concurrent Relocate
[2024-08-16T20:43:17.672+0800][13.684s][debug][gc,task        ] GC(12) Executing Task: ZRelocateTask, Active Workers: 1
[2024-08-16T20:43:17.674+0800][13.686s][info ][gc,phases      ] GC(12) Concurrent Relocate 2.026ms
[2024-08-16T20:43:17.674+0800][13.686s][debug][gc,heap        ] GC(12) Heap after GC invocations=13 (full 13):
[2024-08-16T20:43:17.674+0800][13.686s][debug][gc,heap        ] GC(12)  ZHeap           used 3940M, capacity 4032M, max capacity 4096M
[2024-08-16T20:43:17.674+0800][13.686s][debug][gc,heap        ] GC(12)  Metaspace       used 842K, committed 960K, reserved 1114112K
[2024-08-16T20:43:17.674+0800][13.686s][debug][gc,heap        ] GC(12)   class space    used 63K, committed 128K, reserved 1048576K
[2024-08-16T20:43:17.674+0800][13.686s][info ][gc,load        ] GC(12) Load: 1.73/0.55/0.19
[2024-08-16T20:43:17.674+0800][13.686s][info ][gc,mmu         ] GC(12) MMU: 2ms/77.6%, 5ms/91.1%, 10ms/95.5%, 20ms/97.5%, 50ms/99.0%, 100ms/99.5%
[2024-08-16T20:43:17.674+0800][13.686s][info ][gc,marking     ] GC(12) Mark: 1 stripe(s), 2 proactive flush(es), 1 terminate flush(es), 0 completion(s), 0 continuation(s) 
[2024-08-16T20:43:17.674+0800][13.686s][info ][gc,marking     ] GC(12) Mark Stack Usage: 32M
[2024-08-16T20:43:17.674+0800][13.686s][info ][gc,nmethod     ] GC(12) NMethods: 533 registered, 0 unregistered
[2024-08-16T20:43:17.674+0800][13.686s][info ][gc,metaspace   ] GC(12) Metaspace: 0M used, 0M committed, 1088M reserved
[2024-08-16T20:43:17.674+0800][13.686s][info ][gc,ref         ] GC(12) Soft: 104 encountered, 0 discovered, 0 enqueued
[2024-08-16T20:43:17.674+0800][13.686s][info ][gc,ref         ] GC(12) Weak: 193 encountered, 175 discovered, 0 enqueued
[2024-08-16T20:43:17.674+0800][13.686s][info ][gc,ref         ] GC(12) Final: 0 encountered, 0 discovered, 0 enqueued
[2024-08-16T20:43:17.674+0800][13.686s][info ][gc,ref         ] GC(12) Phantom: 1 encountered, 0 discovered, 0 enqueued
[2024-08-16T20:43:17.674+0800][13.686s][info ][gc,reloc       ] GC(12) Small Pages: 2 / 4M, Empty: 2M, Relocated: 0M, In-Place: 0
[2024-08-16T20:43:17.674+0800][13.686s][info ][gc,reloc       ] GC(12) Medium Pages: 124 / 3968M, Empty: 32M, Relocated: 16M, In-Place: 0
[2024-08-16T20:43:17.674+0800][13.686s][info ][gc,reloc       ] GC(12) Large Pages: 0 / 0M, Empty: 0M, Relocated: 0M, In-Place: 0
[2024-08-16T20:43:17.674+0800][13.686s][info ][gc,reloc       ] GC(12) Forwarding Usage: 0M
[2024-08-16T20:43:17.674+0800][13.686s][info ][gc,heap        ] GC(12) Min Capacity: 512M(12%)
[2024-08-16T20:43:17.674+0800][13.686s][info ][gc,heap        ] GC(12) Max Capacity: 4096M(100%)
[2024-08-16T20:43:17.674+0800][13.686s][info ][gc,heap        ] GC(12) Soft Max Capacity: 4096M(100%)
[2024-08-16T20:43:17.675+0800][13.686s][info ][gc,heap        ] GC(12)                Mark Start          Mark End        Relocate Start      Relocate End           High               Low         
[2024-08-16T20:43:17.675+0800][13.686s][info ][gc,heap        ] GC(12)  Capacity:     4000M (98%)        4032M (98%)        4032M (98%)        4032M (98%)        4032M (98%)        4000M (98%)    
[2024-08-16T20:43:17.675+0800][13.686s][info ][gc,heap        ] GC(12)      Free:      124M (3%)           90M (2%)          124M (3%)          156M (4%)          156M (4%)           90M (2%)     
[2024-08-16T20:43:17.675+0800][13.686s][info ][gc,heap        ] GC(12)      Used:     3972M (97%)        4006M (98%)        3972M (97%)        3940M (96%)        4006M (98%)        3940M (96%)    
[2024-08-16T20:43:17.675+0800][13.686s][info ][gc,heap        ] GC(12)      Live:         -              3751M (92%)        3751M (92%)        3751M (92%)            -                  -          
[2024-08-16T20:43:17.675+0800][13.686s][info ][gc,heap        ] GC(12) Allocated:         -                34M (1%)           34M (1%)           34M (1%)             -                  -          
[2024-08-16T20:43:17.675+0800][13.686s][info ][gc,heap        ] GC(12)   Garbage:         -               220M (5%)          186M (5%)          154M (4%)             -                  -          
[2024-08-16T20:43:17.675+0800][13.686s][info ][gc,heap        ] GC(12) Reclaimed:         -                  -                34M (1%)           66M (2%)             -                  -          
[2024-08-16T20:43:17.675+0800][13.686s][info ][gc             ] GC(12) Garbage Collection (Allocation Rate) 3972M(97%)->3940M(96%)
[2024-08-16T20:43:17.762+0800][13.774s][debug][gc,alloc       ] Allocation Rate: 778.0MB/s, Predicted: 818.8MB/s, Avg: 666.2(+/-80.3)MB/s
[2024-08-16T20:43:17.763+0800][13.774s][debug][gc,director    ] Select GC Workers (Normal), AvoidLongGCWorkers: 0.003, AvoidOOMGCWorkers: 0.474, LastGCWorkers: 1.000, GCWorkers: 0.474
[2024-08-16T20:43:17.763+0800][13.774s][debug][gc,director    ] Rule: Allocation Rate (Dynamic GC Workers), MaxAllocRate: 1083.0MB/s (+/-12.0%), Free: 84MB, GCCPUTime: 0.038, GCDuration: 0.038s, TimeUntilOOM: 0.069s, TimeUntilGC: -0.069s, GCWorkers: 1 -> 1
[2024-08-16T20:43:17.763+0800][13.775s][debug][gc,heap        ] GC(13) Heap before GC invocations=13 (full 13):
[2024-08-16T20:43:17.763+0800][13.775s][debug][gc,heap        ] GC(13)  ZHeap           used 3972M, capacity 4032M, max capacity 4096M
[2024-08-16T20:43:17.763+0800][13.775s][debug][gc,heap        ] GC(13)  Metaspace       used 842K, committed 960K, reserved 1114112K
[2024-08-16T20:43:17.763+0800][13.775s][debug][gc,heap        ] GC(13)   class space    used 63K, committed 128K, reserved 1048576K
[2024-08-16T20:43:17.763+0800][13.775s][info ][gc,start       ] GC(13) Garbage Collection (Allocation Rate)
[2024-08-16T20:43:17.763+0800][13.775s][info ][gc,task        ] GC(13) Using 1 workers
[2024-08-16T20:43:17.763+0800][13.775s][debug][gc,phases,start] GC(13) Pause Mark Start
[2024-08-16T20:43:17.763+0800][13.775s][debug][gc,marking     ] GC(13) Using 1 mark stripes
[2024-08-16T20:43:17.763+0800][13.775s][debug][gc,marking     ] GC(13) Mark Worker/Stripe Distribution
[2024-08-16T20:43:17.764+0800][13.775s][debug][gc,marking     ] GC(13)   Worker 0(1) -> Stripe 0(1)
[2024-08-16T20:43:17.764+0800][13.775s][info ][gc,phases      ] GC(13) Pause Mark Start 0.175ms
[2024-08-16T20:43:17.764+0800][13.775s][debug][gc,phases,start] GC(13) Concurrent Mark
[2024-08-16T20:43:17.764+0800][13.776s][debug][gc,task        ] GC(13) Executing Task: ZMarkRootsTask, Active Workers: 1
[2024-08-16T20:43:17.764+0800][13.776s][debug][gc,phases,start] GC(13) Concurrent Roots OopStorageSet (ZWorker#3)
[2024-08-16T20:43:17.764+0800][13.776s][debug][gc,phases      ] GC(13) Concurrent Roots OopStorageSet (ZWorker#3) 0.149ms
[2024-08-16T20:43:17.764+0800][13.776s][debug][gc,phases,start] GC(13) Concurrent Roots ClassLoaderDataGraph (ZWorker#3)
[2024-08-16T20:43:17.764+0800][13.776s][debug][gc,phases      ] GC(13) Concurrent Roots ClassLoaderDataGraph (ZWorker#3) 0.181ms
[2024-08-16T20:43:17.765+0800][13.776s][debug][gc,phases,start] GC(13) Concurrent Roots JavaThreads (ZWorker#3)
[2024-08-16T20:43:17.765+0800][13.777s][debug][gc,phases      ] GC(13) Concurrent Roots JavaThreads (ZWorker#3) 0.433ms
[2024-08-16T20:43:17.765+0800][13.777s][debug][gc,tlab        ] GC(13) TLAB totals: thrds: 1  refills: 2 max: 2 slow allocs: 55 max 55 waste: 40.4% gc: 178384B max: 178384B slow: 33200B max: 33200B
[2024-08-16T20:43:17.765+0800][13.777s][debug][gc,task        ] GC(13) Executing Task: ZMarkTask, Active Workers: 1
[2024-08-16T20:43:17.765+0800][13.777s][debug][gc,phases,start] GC(13) Concurrent Mark (ZWorker#1)
[2024-08-16T20:43:17.767+0800][13.778s][debug][gc,phases,start] GC(13) Concurrent Mark Try Flush (ZWorker#1)
[2024-08-16T20:43:17.767+0800][13.779s][debug][gc,phases      ] GC(13) Concurrent Mark Try Flush (ZWorker#1) 0.185ms
[2024-08-16T20:43:17.768+0800][13.780s][debug][gc,phases,start] GC(13) Concurrent Mark Try Flush (ZWorker#1)
[2024-08-16T20:43:17.768+0800][13.780s][debug][gc,phases      ] GC(13) Concurrent Mark Try Flush (ZWorker#1) 0.457ms
[2024-08-16T20:43:17.768+0800][13.780s][debug][gc,phases,start] GC(13) Concurrent Mark Try Terminate (ZWorker#1)
[2024-08-16T20:43:17.768+0800][13.780s][debug][gc,phases,start] GC(13) Concurrent Mark Try Flush (ZWorker#1)
[2024-08-16T20:43:17.769+0800][13.780s][debug][gc,phases      ] GC(13) Concurrent Mark Try Flush (ZWorker#1) 0.221ms
[2024-08-16T20:43:17.769+0800][13.780s][debug][gc,phases      ] GC(13) Concurrent Mark Try Terminate (ZWorker#1) 0.245ms
[2024-08-16T20:43:17.769+0800][13.780s][debug][gc,phases,start] GC(13) Concurrent Mark Try Terminate (ZWorker#1)
[2024-08-16T20:43:17.769+0800][13.780s][debug][gc,phases      ] GC(13) Concurrent Mark Try Terminate (ZWorker#1) 0.006ms
[2024-08-16T20:43:17.769+0800][13.780s][debug][gc,phases      ] GC(13) Concurrent Mark (ZWorker#1) 3.245ms
[2024-08-16T20:43:17.769+0800][13.781s][info ][gc,phases      ] GC(13) Concurrent Mark 5.087ms
[2024-08-16T20:43:17.769+0800][13.781s][debug][gc,phases,start] GC(13) Pause Mark End
[2024-08-16T20:43:17.769+0800][13.781s][info ][gc,phases      ] GC(13) Pause Mark End 0.029ms
[2024-08-16T20:43:17.770+0800][13.781s][debug][gc,phases,start] GC(13) Concurrent Mark Free
[2024-08-16T20:43:17.770+0800][13.781s][info ][gc,phases      ] GC(13) Concurrent Mark Free 0.046ms
[2024-08-16T20:43:17.770+0800][13.781s][debug][gc,phases,start] GC(13) Concurrent Process Non-Strong References
[2024-08-16T20:43:17.770+0800][13.781s][debug][gc,phases,start] GC(13) Concurrent References Process (ZDriver)
[2024-08-16T20:43:17.770+0800][13.781s][debug][gc,task        ] GC(13) Executing Task: ZReferenceProcessorTask, Active Workers: 1
[2024-08-16T20:43:17.770+0800][13.781s][debug][gc,phases      ] GC(13) Concurrent References Process (ZDriver) 0.135ms
[2024-08-16T20:43:17.770+0800][13.782s][debug][gc,task        ] GC(13) Executing Task: ZProcessWeakRootsTask, Active Workers: 1
[2024-08-16T20:43:17.770+0800][13.782s][debug][gc,phases,start] GC(13) Concurrent Weak Roots OopStorageSet (ZWorker#0)
[2024-08-16T20:43:17.770+0800][13.782s][debug][gc,phases      ] GC(13) Concurrent Weak Roots OopStorageSet (ZWorker#0) 0.073ms
[2024-08-16T20:43:17.770+0800][13.782s][debug][gc,phases,start] GC(13) Concurrent Classes Unlink (ZDriver)
[2024-08-16T20:43:17.770+0800][13.782s][debug][gc,phases,start] GC(13) ClassLoaderData
[2024-08-16T20:43:17.770+0800][13.782s][debug][gc,phases      ] GC(13) ClassLoaderData 0.019ms
[2024-08-16T20:43:17.770+0800][13.782s][debug][gc,phases,start] GC(13) Trigger cleanups
[2024-08-16T20:43:17.770+0800][13.782s][debug][gc,phases      ] GC(13) Trigger cleanups 0.011ms
[2024-08-16T20:43:17.770+0800][13.782s][debug][gc,task        ] GC(13) Executing Task: ZNMethodUnlinkTask, Active Workers: 1
[2024-08-16T20:43:17.772+0800][13.783s][debug][gc,phases      ] GC(13) Concurrent Classes Unlink (ZDriver) 1.713ms
[2024-08-16T20:43:17.772+0800][13.784s][debug][gc,phases,start] GC(13) Concurrent Classes Purge (ZDriver)
[2024-08-16T20:43:17.772+0800][13.784s][debug][gc,task        ] GC(13) Executing Task: ZNMethodPurgeTask, Active Workers: 1
[2024-08-16T20:43:17.772+0800][13.784s][debug][gc,phases      ] GC(13) Concurrent Classes Purge (ZDriver) 0.088ms
[2024-08-16T20:43:17.772+0800][13.784s][debug][gc,phases,start] GC(13) Concurrent References Enqueue (ZDriver)
[2024-08-16T20:43:17.772+0800][13.784s][debug][gc,phases      ] GC(13) Concurrent References Enqueue (ZDriver) 0.013ms
[2024-08-16T20:43:17.772+0800][13.784s][info ][gc,phases      ] GC(13) Concurrent Process Non-Strong References 2.313ms
[2024-08-16T20:43:17.772+0800][13.784s][debug][gc,phases,start] GC(13) Concurrent Reset Relocation Set
[2024-08-16T20:43:17.772+0800][13.784s][info ][gc,phases      ] GC(13) Concurrent Reset Relocation Set 0.007ms
[2024-08-16T20:43:17.772+0800][13.784s][debug][gc,phases,start] GC(13) Concurrent Select Relocation Set
[2024-08-16T20:43:17.773+0800][13.784s][debug][gc,task        ] GC(13) Executing Task: ZRelocationSetInstallTask, Active Workers: 1
[2024-08-16T20:43:17.773+0800][13.785s][info ][gc,phases      ] GC(13) Concurrent Select Relocation Set 0.976ms
[2024-08-16T20:43:17.773+0800][13.785s][debug][gc,phases,start] GC(13) Pause Relocate Start
[2024-08-16T20:43:17.773+0800][13.785s][info ][gc,phases      ] GC(13) Pause Relocate Start 0.024ms
[2024-08-16T20:43:17.773+0800][13.785s][debug][gc,phases,start] GC(13) Concurrent Relocate
[2024-08-16T20:43:17.773+0800][13.785s][debug][gc,task        ] GC(13) Executing Task: ZRelocateTask, Active Workers: 1
[2024-08-16T20:43:17.773+0800][13.785s][info ][gc,phases      ] GC(13) Concurrent Relocate 0.088ms
[2024-08-16T20:43:17.773+0800][13.785s][debug][gc,heap        ] GC(13) Heap after GC invocations=14 (full 14):
[2024-08-16T20:43:17.773+0800][13.785s][debug][gc,heap        ] GC(13)  ZHeap           used 4004M, capacity 4032M, max capacity 4096M
[2024-08-16T20:43:17.773+0800][13.785s][debug][gc,heap        ] GC(13)  Metaspace       used 842K, committed 960K, reserved 1114112K
[2024-08-16T20:43:17.773+0800][13.785s][debug][gc,heap        ] GC(13)   class space    used 63K, committed 128K, reserved 1048576K
[2024-08-16T20:43:17.773+0800][13.785s][info ][gc,load        ] GC(13) Load: 1.73/0.55/0.19
[2024-08-16T20:43:17.773+0800][13.785s][info ][gc,mmu         ] GC(13) MMU: 2ms/77.6%, 5ms/91.1%, 10ms/95.5%, 20ms/97.5%, 50ms/99.0%, 100ms/99.5%
[2024-08-16T20:43:17.773+0800][13.785s][info ][gc,marking     ] GC(13) Mark: 1 stripe(s), 2 proactive flush(es), 1 terminate flush(es), 0 completion(s), 0 continuation(s) 
[2024-08-16T20:43:17.773+0800][13.785s][info ][gc,marking     ] GC(13) Mark Stack Usage: 32M
[2024-08-16T20:43:17.773+0800][13.785s][info ][gc,nmethod     ] GC(13) NMethods: 533 registered, 0 unregistered
[2024-08-16T20:43:17.773+0800][13.785s][info ][gc,metaspace   ] GC(13) Metaspace: 0M used, 0M committed, 1088M reserved
[2024-08-16T20:43:17.773+0800][13.785s][info ][gc,ref         ] GC(13) Soft: 104 encountered, 0 discovered, 0 enqueued
[2024-08-16T20:43:17.773+0800][13.785s][info ][gc,ref         ] GC(13) Weak: 193 encountered, 175 discovered, 0 enqueued
[2024-08-16T20:43:17.773+0800][13.785s][info ][gc,ref         ] GC(13) Final: 0 encountered, 0 discovered, 0 enqueued
[2024-08-16T20:43:17.773+0800][13.785s][info ][gc,ref         ] GC(13) Phantom: 1 encountered, 0 discovered, 0 enqueued
[2024-08-16T20:43:17.773+0800][13.785s][info ][gc,reloc       ] GC(13) Small Pages: 2 / 4M, Empty: 2M, Relocated: 0M, In-Place: 0
[2024-08-16T20:43:17.773+0800][13.785s][info ][gc,reloc       ] GC(13) Medium Pages: 124 / 3968M, Empty: 0M, Relocated: 0M, In-Place: 0
[2024-08-16T20:43:17.773+0800][13.785s][info ][gc,reloc       ] GC(13) Large Pages: 0 / 0M, Empty: 0M, Relocated: 0M, In-Place: 0
[2024-08-16T20:43:17.773+0800][13.785s][info ][gc,reloc       ] GC(13) Forwarding Usage: 0M
[2024-08-16T20:43:17.773+0800][13.785s][info ][gc,heap        ] GC(13) Min Capacity: 512M(12%)
[2024-08-16T20:43:17.773+0800][13.785s][info ][gc,heap        ] GC(13) Max Capacity: 4096M(100%)
[2024-08-16T20:43:17.773+0800][13.785s][info ][gc,heap        ] GC(13) Soft Max Capacity: 4096M(100%)
[2024-08-16T20:43:17.773+0800][13.785s][info ][gc,heap        ] GC(13)                Mark Start          Mark End        Relocate Start      Relocate End           High               Low         
[2024-08-16T20:43:17.773+0800][13.785s][info ][gc,heap        ] GC(13)  Capacity:     4032M (98%)        4032M (98%)        4032M (98%)        4032M (98%)        4032M (98%)        4032M (98%)    
[2024-08-16T20:43:17.773+0800][13.785s][info ][gc,heap        ] GC(13)      Free:      124M (3%)           90M (2%)           92M (2%)           92M (2%)          124M (3%)           90M (2%)     
[2024-08-16T20:43:17.773+0800][13.785s][info ][gc,heap        ] GC(13)      Used:     3972M (97%)        4006M (98%)        4004M (98%)        4004M (98%)        4006M (98%)        3972M (97%)    
[2024-08-16T20:43:17.773+0800][13.785s][info ][gc,heap        ] GC(13)      Live:         -              3807M (93%)        3807M (93%)        3807M (93%)            -                  -          
[2024-08-16T20:43:17.773+0800][13.785s][info ][gc,heap        ] GC(13) Allocated:         -                34M (1%)           34M (1%)           34M (1%)             -                  -          
[2024-08-16T20:43:17.773+0800][13.785s][info ][gc,heap        ] GC(13)   Garbage:         -               164M (4%)          162M (4%)          162M (4%)             -                  -          
[2024-08-16T20:43:17.773+0800][13.785s][info ][gc,heap        ] GC(13) Reclaimed:         -                  -                 2M (0%)            2M (0%)             -                  -          
[2024-08-16T20:43:17.774+0800][13.785s][info ][gc             ] GC(13) Garbage Collection (Allocation Rate) 3972M(97%)->4004M(98%)
[2024-08-16T20:43:17.862+0800][13.874s][debug][gc,alloc       ] Allocation Rate: 780.0MB/s, Predicted: 832.8MB/s, Avg: 689.4(+/-76.2)MB/s
[2024-08-16T20:43:17.862+0800][13.874s][debug][gc,director    ] Select GC Workers (Normal), AvoidLongGCWorkers: 0.002, AvoidOOMGCWorkers: 1.936, LastGCWorkers: 1.000, GCWorkers: 1.936
[2024-08-16T20:43:17.862+0800][13.874s][debug][gc,director    ] Rule: Allocation Rate (Dynamic GC Workers), MaxAllocRate: 1083.5MB/s (+/-11.1%), Free: 20MB, GCCPUTime: 0.026, GCDuration: 0.016s, TimeUntilOOM: 0.017s, TimeUntilGC: -0.100s, GCWorkers: 1 -> 2
[2024-08-16T20:43:17.862+0800][13.874s][debug][gc,heap        ] GC(14) Heap before GC invocations=14 (full 14):
[2024-08-16T20:43:17.862+0800][13.874s][debug][gc,heap        ] GC(14)  ZHeap           used 4036M, capacity 4064M, max capacity 4096M
[2024-08-16T20:43:17.862+0800][13.874s][debug][gc,heap        ] GC(14)  Metaspace       used 842K, committed 960K, reserved 1114112K
[2024-08-16T20:43:17.862+0800][13.874s][debug][gc,heap        ] GC(14)   class space    used 63K, committed 128K, reserved 1048576K
[2024-08-16T20:43:17.862+0800][13.874s][info ][gc,start       ] GC(14) Garbage Collection (Allocation Rate)
[2024-08-16T20:43:17.862+0800][13.874s][info ][gc,task        ] GC(14) Using 2 workers
[2024-08-16T20:43:17.862+0800][13.874s][debug][gc,phases,start] GC(14) Pause Mark Start
[2024-08-16T20:43:17.862+0800][13.874s][debug][gc,marking     ] GC(14) Using 2 mark stripes
[2024-08-16T20:43:17.862+0800][13.874s][debug][gc,marking     ] GC(14) Mark Worker/Stripe Distribution
[2024-08-16T20:43:17.862+0800][13.874s][debug][gc,marking     ] GC(14)   Worker 0(2) -> Stripe 0(2)
[2024-08-16T20:43:17.862+0800][13.874s][debug][gc,marking     ] GC(14)   Worker 1(2) -> Stripe 1(2)
[2024-08-16T20:43:17.862+0800][13.874s][info ][gc,phases      ] GC(14) Pause Mark Start 0.059ms
[2024-08-16T20:43:17.862+0800][13.874s][debug][gc,phases,start] GC(14) Concurrent Mark
[2024-08-16T20:43:17.863+0800][13.874s][debug][gc,task        ] GC(14) Executing Task: ZMarkRootsTask, Active Workers: 2
[2024-08-16T20:43:17.863+0800][13.874s][debug][gc,phases,start] GC(14) Concurrent Roots OopStorageSet (ZWorker#3)
[2024-08-16T20:43:17.863+0800][13.874s][debug][gc,phases,start] GC(14) Concurrent Roots OopStorageSet (ZWorker#1)
[2024-08-16T20:43:17.863+0800][13.874s][debug][gc,phases      ] GC(14) Concurrent Roots OopStorageSet (ZWorker#1) 0.067ms
[2024-08-16T20:43:17.863+0800][13.874s][debug][gc,phases      ] GC(14) Concurrent Roots OopStorageSet (ZWorker#3) 0.048ms
[2024-08-16T20:43:17.863+0800][13.874s][debug][gc,phases,start] GC(14) Concurrent Roots ClassLoaderDataGraph (ZWorker#3)
[2024-08-16T20:43:17.863+0800][13.874s][debug][gc,phases,start] GC(14) Concurrent Roots ClassLoaderDataGraph (ZWorker#1)
[2024-08-16T20:43:17.863+0800][13.874s][debug][gc,phases      ] GC(14) Concurrent Roots ClassLoaderDataGraph (ZWorker#1) 0.082ms
[2024-08-16T20:43:17.863+0800][13.875s][debug][gc,phases,start] GC(14) Concurrent Roots JavaThreads (ZWorker#1)
[2024-08-16T20:43:17.863+0800][13.875s][debug][gc,phases      ] GC(14) Concurrent Roots ClassLoaderDataGraph (ZWorker#3) 0.069ms
[2024-08-16T20:43:17.863+0800][13.875s][debug][gc,phases,start] GC(14) Concurrent Roots JavaThreads (ZWorker#3)
[2024-08-16T20:43:17.863+0800][13.875s][debug][gc,phases      ] GC(14) Concurrent Roots JavaThreads (ZWorker#3) 0.043ms
[2024-08-16T20:43:17.863+0800][13.875s][debug][gc,phases      ] GC(14) Concurrent Roots JavaThreads (ZWorker#1) 0.085ms
[2024-08-16T20:43:17.863+0800][13.875s][debug][gc,tlab        ] GC(14) TLAB totals: thrds: 1  refills: 2 max: 2 slow allocs: 59 max 59 waste: 36.1% gc: 156048B max: 156048B slow: 33160B max: 33160B
[2024-08-16T20:43:17.863+0800][13.875s][debug][gc,task        ] GC(14) Executing Task: ZMarkTask, Active Workers: 2
[2024-08-16T20:43:17.863+0800][13.875s][debug][gc,phases,start] GC(14) Concurrent Mark (ZWorker#2)
[2024-08-16T20:43:17.863+0800][13.875s][debug][gc,phases,start] GC(14) Concurrent Mark (ZWorker#0)
[2024-08-16T20:43:17.863+0800][13.875s][debug][gc,phases,start] GC(14) Concurrent Mark Try Flush (ZWorker#2)
[2024-08-16T20:43:17.863+0800][13.875s][debug][gc,phases,start] GC(14) Concurrent Mark Try Terminate (ZWorker#0)
[2024-08-16T20:43:17.864+0800][13.875s][debug][gc,phases      ] GC(14) Concurrent Mark Try Flush (ZWorker#2) 0.125ms
[2024-08-16T20:43:17.865+0800][13.876s][debug][gc,phases,start] GC(14) Concurrent Mark Try Flush (ZWorker#2)
[2024-08-16T20:43:17.865+0800][13.876s][debug][gc,phases      ] GC(14) Concurrent Mark Try Terminate (ZWorker#0) 1.097ms
[2024-08-16T20:43:17.865+0800][13.876s][debug][gc,phases,start] GC(14) Concurrent Mark Try Terminate (ZWorker#0)
[2024-08-16T20:43:17.866+0800][13.877s][debug][gc,phases      ] GC(14) Concurrent Mark Try Terminate (ZWorker#0) 1.077ms
[2024-08-16T20:43:17.866+0800][13.877s][debug][gc,phases,start] GC(14) Concurrent Mark Try Terminate (ZWorker#0)
[2024-08-16T20:43:17.867+0800][13.879s][debug][gc,phases      ] GC(14) Concurrent Mark Try Terminate (ZWorker#0) 1.238ms
[2024-08-16T20:43:17.867+0800][13.879s][debug][gc,phases,start] GC(14) Concurrent Mark Try Terminate (ZWorker#0)
[2024-08-16T20:43:17.868+0800][13.880s][debug][gc,phases      ] GC(14) Concurrent Mark Try Terminate (ZWorker#0) 1.186ms
[2024-08-16T20:43:17.868+0800][13.880s][debug][gc,phases,start] GC(14) Concurrent Mark Try Terminate (ZWorker#0)
[2024-08-16T20:43:17.869+0800][13.881s][debug][gc,phases      ] GC(14) Concurrent Mark Try Terminate (ZWorker#0) 1.086ms
[2024-08-16T20:43:17.869+0800][13.881s][debug][gc,phases,start] GC(14) Concurrent Mark Try Terminate (ZWorker#0)
[2024-08-16T20:43:17.871+0800][13.882s][debug][gc,phases      ] GC(14) Concurrent Mark Try Terminate (ZWorker#0) 1.241ms
[2024-08-16T20:43:17.871+0800][13.882s][debug][gc,phases,start] GC(14) Concurrent Mark Try Terminate (ZWorker#0)
[2024-08-16T20:43:17.872+0800][13.883s][debug][gc,phases      ] GC(14) Concurrent Mark Try Terminate (ZWorker#0) 1.146ms
[2024-08-16T20:43:17.872+0800][13.883s][debug][gc,phases      ] GC(14) Concurrent Mark Try Flush (ZWorker#2) 7.207ms
[2024-08-16T20:43:17.872+0800][13.884s][debug][gc,phases,start] GC(14) Concurrent Mark Try Flush (ZWorker#2)
[2024-08-16T20:43:17.872+0800][13.883s][debug][gc,phases,start] GC(14) Concurrent Mark Try Terminate (ZWorker#0)
[2024-08-16T20:43:17.872+0800][13.884s][debug][gc,phases      ] GC(14) Concurrent Mark Try Flush (ZWorker#2) 0.064ms
[2024-08-16T20:43:17.872+0800][13.884s][debug][gc,phases,start] GC(14) Concurrent Mark Try Terminate (ZWorker#2)
[2024-08-16T20:43:17.872+0800][13.884s][debug][gc,phases,start] GC(14) Concurrent Mark Try Flush (ZWorker#2)
[2024-08-16T20:43:17.872+0800][13.884s][debug][gc,phases      ] GC(14) Concurrent Mark Try Flush (ZWorker#2) 0.106ms
[2024-08-16T20:43:17.872+0800][13.884s][debug][gc,phases      ] GC(14) Concurrent Mark Try Terminate (ZWorker#2) 0.136ms
[2024-08-16T20:43:17.872+0800][13.884s][debug][gc,phases,start] GC(14) Concurrent Mark Try Terminate (ZWorker#2)
[2024-08-16T20:43:17.872+0800][13.884s][debug][gc,phases      ] GC(14) Concurrent Mark Try Terminate (ZWorker#2) 0.005ms
[2024-08-16T20:43:17.872+0800][13.884s][debug][gc,phases      ] GC(14) Concurrent Mark (ZWorker#2) 9.062ms
[2024-08-16T20:43:17.873+0800][13.885s][debug][gc,phases      ] GC(14) Concurrent Mark Try Terminate (ZWorker#0) 1.167ms
[2024-08-16T20:43:17.873+0800][13.885s][debug][gc,phases      ] GC(14) Concurrent Mark (ZWorker#0) 9.974ms
[2024-08-16T20:43:17.873+0800][13.885s][info ][gc,phases      ] GC(14) Concurrent Mark 10.522ms
[2024-08-16T20:43:17.873+0800][13.885s][debug][gc,phases,start] GC(14) Pause Mark End
[2024-08-16T20:43:17.873+0800][13.885s][info ][gc,phases      ] GC(14) Pause Mark End 0.021ms
[2024-08-16T20:43:17.873+0800][13.885s][debug][gc,phases,start] GC(14) Concurrent Mark Free
[2024-08-16T20:43:17.873+0800][13.885s][info ][gc,phases      ] GC(14) Concurrent Mark Free 0.017ms
[2024-08-16T20:43:17.873+0800][13.885s][debug][gc,phases,start] GC(14) Concurrent Process Non-Strong References
[2024-08-16T20:43:17.873+0800][13.885s][debug][gc,phases,start] GC(14) Concurrent References Process (ZDriver)
[2024-08-16T20:43:17.873+0800][13.885s][debug][gc,task        ] GC(14) Executing Task: ZReferenceProcessorTask, Active Workers: 2
[2024-08-16T20:43:17.873+0800][13.885s][debug][gc,phases      ] GC(14) Concurrent References Process (ZDriver) 0.081ms
[2024-08-16T20:43:17.873+0800][13.885s][debug][gc,task        ] GC(14) Executing Task: ZProcessWeakRootsTask, Active Workers: 2
[2024-08-16T20:43:17.873+0800][13.885s][debug][gc,phases,start] GC(14) Concurrent Weak Roots OopStorageSet (ZWorker#0)
[2024-08-16T20:43:17.873+0800][13.885s][debug][gc,phases,start] GC(14) Concurrent Weak Roots OopStorageSet (ZWorker#2)
[2024-08-16T20:43:17.873+0800][13.885s][debug][gc,phases      ] GC(14) Concurrent Weak Roots OopStorageSet (ZWorker#0) 0.068ms
[2024-08-16T20:43:17.873+0800][13.885s][debug][gc,phases      ] GC(14) Concurrent Weak Roots OopStorageSet (ZWorker#2) 0.070ms
[2024-08-16T20:43:17.874+0800][13.885s][debug][gc,phases,start] GC(14) Concurrent Classes Unlink (ZDriver)
[2024-08-16T20:43:17.874+0800][13.885s][debug][gc,phases,start] GC(14) ClassLoaderData
[2024-08-16T20:43:17.874+0800][13.885s][debug][gc,phases      ] GC(14) ClassLoaderData 0.008ms
[2024-08-16T20:43:17.874+0800][13.885s][debug][gc,phases,start] GC(14) Trigger cleanups
[2024-08-16T20:43:17.874+0800][13.885s][debug][gc,phases      ] GC(14) Trigger cleanups 0.004ms
[2024-08-16T20:43:17.874+0800][13.885s][debug][gc,task        ] GC(14) Executing Task: ZNMethodUnlinkTask, Active Workers: 2
[2024-08-16T20:43:17.874+0800][13.886s][debug][gc,phases      ] GC(14) Concurrent Classes Unlink (ZDriver) 0.366ms
[2024-08-16T20:43:17.874+0800][13.886s][debug][gc,phases,start] GC(14) Concurrent Classes Purge (ZDriver)
[2024-08-16T20:43:17.874+0800][13.886s][debug][gc,task        ] GC(14) Executing Task: ZNMethodPurgeTask, Active Workers: 2
[2024-08-16T20:43:17.874+0800][13.886s][debug][gc,phases      ] GC(14) Concurrent Classes Purge (ZDriver) 0.107ms
[2024-08-16T20:43:17.874+0800][13.886s][debug][gc,phases,start] GC(14) Concurrent References Enqueue (ZDriver)
[2024-08-16T20:43:17.874+0800][13.886s][debug][gc,phases      ] GC(14) Concurrent References Enqueue (ZDriver) 0.006ms
[2024-08-16T20:43:17.874+0800][13.886s][info ][gc,phases      ] GC(14) Concurrent Process Non-Strong References 0.948ms
[2024-08-16T20:43:17.874+0800][13.886s][debug][gc,phases,start] GC(14) Concurrent Reset Relocation Set
[2024-08-16T20:43:17.874+0800][13.886s][info ][gc,phases      ] GC(14) Concurrent Reset Relocation Set 0.005ms
[2024-08-16T20:43:17.874+0800][13.886s][debug][gc,phases,start] GC(14) Concurrent Select Relocation Set
[2024-08-16T20:43:17.875+0800][13.887s][debug][gc,task        ] GC(14) Executing Task: ZRelocationSetInstallTask, Active Workers: 2
[2024-08-16T20:43:17.875+0800][13.887s][info ][gc,phases      ] GC(14) Concurrent Select Relocation Set 0.646ms
[2024-08-16T20:43:17.875+0800][13.887s][debug][gc,phases,start] GC(14) Pause Relocate Start
[2024-08-16T20:43:17.875+0800][13.887s][info ][gc,phases      ] GC(14) Pause Relocate Start 0.013ms
[2024-08-16T20:43:17.875+0800][13.887s][debug][gc,phases,start] GC(14) Concurrent Relocate
[2024-08-16T20:43:17.875+0800][13.887s][debug][gc,task        ] GC(14) Executing Task: ZRelocateTask, Active Workers: 2
[2024-08-16T20:43:17.878+0800][13.889s][info ][gc,phases      ] GC(14) Concurrent Relocate 2.688ms
[2024-08-16T20:43:17.878+0800][13.889s][debug][gc,heap        ] GC(14) Heap after GC invocations=15 (full 15):
[2024-08-16T20:43:17.878+0800][13.889s][debug][gc,heap        ] GC(14)  ZHeap           used 4004M, capacity 4096M, max capacity 4096M
[2024-08-16T20:43:17.878+0800][13.889s][debug][gc,heap        ] GC(14)  Metaspace       used 842K, committed 960K, reserved 1114112K
[2024-08-16T20:43:17.878+0800][13.889s][debug][gc,heap        ] GC(14)   class space    used 63K, committed 128K, reserved 1048576K
[2024-08-16T20:43:17.878+0800][13.889s][info ][gc,load        ] GC(14) Load: 1.73/0.55/0.19
[2024-08-16T20:43:17.878+0800][13.889s][info ][gc,mmu         ] GC(14) MMU: 2ms/77.6%, 5ms/91.1%, 10ms/95.5%, 20ms/97.5%, 50ms/99.0%, 100ms/99.5%
[2024-08-16T20:43:17.878+0800][13.889s][info ][gc,marking     ] GC(14) Mark: 2 stripe(s), 3 proactive flush(es), 1 terminate flush(es), 0 completion(s), 0 continuation(s) 
[2024-08-16T20:43:17.878+0800][13.889s][info ][gc,marking     ] GC(14) Mark Stack Usage: 32M
[2024-08-16T20:43:17.878+0800][13.889s][info ][gc,nmethod     ] GC(14) NMethods: 533 registered, 0 unregistered
[2024-08-16T20:43:17.878+0800][13.889s][info ][gc,metaspace   ] GC(14) Metaspace: 0M used, 0M committed, 1088M reserved
[2024-08-16T20:43:17.878+0800][13.889s][info ][gc,ref         ] GC(14) Soft: 104 encountered, 0 discovered, 0 enqueued
[2024-08-16T20:43:17.878+0800][13.889s][info ][gc,ref         ] GC(14) Weak: 193 encountered, 175 discovered, 0 enqueued
[2024-08-16T20:43:17.878+0800][13.889s][info ][gc,ref         ] GC(14) Final: 0 encountered, 0 discovered, 0 enqueued
[2024-08-16T20:43:17.878+0800][13.889s][info ][gc,ref         ] GC(14) Phantom: 1 encountered, 0 discovered, 0 enqueued
[2024-08-16T20:43:17.878+0800][13.889s][info ][gc,reloc       ] GC(14) Small Pages: 2 / 4M, Empty: 2M, Relocated: 0M, In-Place: 0
[2024-08-16T20:43:17.878+0800][13.889s][info ][gc,reloc       ] GC(14) Medium Pages: 126 / 4032M, Empty: 32M, Relocated: 21M, In-Place: 0
[2024-08-16T20:43:17.878+0800][13.889s][info ][gc,reloc       ] GC(14) Large Pages: 0 / 0M, Empty: 0M, Relocated: 0M, In-Place: 0
[2024-08-16T20:43:17.878+0800][13.889s][info ][gc,reloc       ] GC(14) Forwarding Usage: 0M
[2024-08-16T20:43:17.878+0800][13.889s][info ][gc,heap        ] GC(14) Min Capacity: 512M(12%)
[2024-08-16T20:43:17.878+0800][13.889s][info ][gc,heap        ] GC(14) Max Capacity: 4096M(100%)
[2024-08-16T20:43:17.878+0800][13.889s][info ][gc,heap        ] GC(14) Soft Max Capacity: 4096M(100%)
[2024-08-16T20:43:17.878+0800][13.890s][info ][gc,heap        ] GC(14)                Mark Start          Mark End        Relocate Start      Relocate End           High               Low         
[2024-08-16T20:43:17.878+0800][13.890s][info ][gc,heap        ] GC(14)  Capacity:     4064M (99%)        4096M (100%)       4096M (100%)       4096M (100%)       4096M (100%)       4064M (99%)    
[2024-08-16T20:43:17.878+0800][13.890s][info ][gc,heap        ] GC(14)      Free:       60M (1%)           26M (1%)           60M (1%)           92M (2%)           92M (2%)           26M (1%)     
[2024-08-16T20:43:17.878+0800][13.890s][info ][gc,heap        ] GC(14)      Used:     4036M (99%)        4070M (99%)        4036M (99%)        4004M (98%)        4070M (99%)        4004M (98%)    
[2024-08-16T20:43:17.878+0800][13.890s][info ][gc,heap        ] GC(14)      Live:         -              3817M (93%)        3817M (93%)        3817M (93%)            -                  -          
[2024-08-16T20:43:17.878+0800][13.890s][info ][gc,heap        ] GC(14) Allocated:         -                34M (1%)           34M (1%)           34M (1%)             -                  -          
[2024-08-16T20:43:17.878+0800][13.890s][info ][gc,heap        ] GC(14)   Garbage:         -               218M (5%)          184M (4%)          152M (4%)             -                  -          
[2024-08-16T20:43:17.878+0800][13.890s][info ][gc,heap        ] GC(14) Reclaimed:         -                  -                34M (1%)           66M (2%)             -                  -          
[2024-08-16T20:43:17.878+0800][13.890s][info ][gc             ] GC(14) Garbage Collection (Allocation Rate) 4036M(99%)->4004M(98%)
[2024-08-16T20:43:17.962+0800][13.974s][debug][gc,alloc       ] Allocation Rate: 750.0MB/s, Predicted: 827.9MB/s, Avg: 706.4(+/-68.5)MB/s
[2024-08-16T20:43:17.962+0800][13.974s][debug][gc,director    ] Select GC Workers (Normal), AvoidLongGCWorkers: 0.005, AvoidOOMGCWorkers: 4.306, LastGCWorkers: 2.000, GCWorkers: 4.306
[2024-08-16T20:43:17.962+0800][13.974s][debug][gc,director    ] Rule: Allocation Rate (Dynamic GC Workers), MaxAllocRate: 1053.1MB/s (+/-9.7%), Free: 20MB, GCCPUTime: 0.057, GCDuration: 0.018s, TimeUntilOOM: 0.017s, TimeUntilGC: -0.101s, GCWorkers: 2 -> 4
[2024-08-16T20:43:17.963+0800][13.974s][debug][gc,heap        ] GC(15) Heap before GC invocations=15 (full 15):
[2024-08-16T20:43:17.963+0800][13.975s][debug][gc,heap        ] GC(15)  ZHeap           used 4036M, capacity 4096M, max capacity 4096M
[2024-08-16T20:43:17.963+0800][13.975s][debug][gc,heap        ] GC(15)  Metaspace       used 842K, committed 960K, reserved 1114112K
[2024-08-16T20:43:17.963+0800][13.975s][debug][gc,heap        ] GC(15)   class space    used 63K, committed 128K, reserved 1048576K
[2024-08-16T20:43:17.963+0800][13.975s][info ][gc,start       ] GC(15) Garbage Collection (Allocation Rate)
[2024-08-16T20:43:17.963+0800][13.975s][info ][gc,task        ] GC(15) Using 4 workers
[2024-08-16T20:43:17.963+0800][13.975s][debug][gc,phases,start] GC(15) Pause Mark Start
[2024-08-16T20:43:17.963+0800][13.975s][debug][gc,marking     ] GC(15) Using 4 mark stripes
[2024-08-16T20:43:17.963+0800][13.975s][debug][gc,marking     ] GC(15) Mark Worker/Stripe Distribution
[2024-08-16T20:43:17.963+0800][13.975s][debug][gc,marking     ] GC(15)   Worker 0(4) -> Stripe 0(4)
[2024-08-16T20:43:17.963+0800][13.975s][debug][gc,marking     ] GC(15)   Worker 1(4) -> Stripe 1(4)
[2024-08-16T20:43:17.963+0800][13.975s][debug][gc,marking     ] GC(15)   Worker 2(4) -> Stripe 2(4)
[2024-08-16T20:43:17.964+0800][13.975s][debug][gc,marking     ] GC(15)   Worker 3(4) -> Stripe 3(4)
[2024-08-16T20:43:17.964+0800][13.975s][info ][gc,phases      ] GC(15) Pause Mark Start 0.330ms
[2024-08-16T20:43:17.964+0800][13.976s][debug][gc,phases,start] GC(15) Concurrent Mark
[2024-08-16T20:43:17.964+0800][13.976s][debug][gc,task        ] GC(15) Executing Task: ZMarkRootsTask, Active Workers: 4
[2024-08-16T20:43:17.964+0800][13.976s][debug][gc,phases,start] GC(15) Concurrent Roots OopStorageSet (ZWorker#3)
[2024-08-16T20:43:17.964+0800][13.976s][debug][gc,phases,start] GC(15) Concurrent Roots OopStorageSet (ZWorker#1)
[2024-08-16T20:43:17.965+0800][13.976s][debug][gc,phases      ] GC(15) Concurrent Roots OopStorageSet (ZWorker#1) 0.253ms
[2024-08-16T20:43:17.965+0800][13.976s][debug][gc,phases,start] GC(15) Concurrent Roots ClassLoaderDataGraph (ZWorker#1)
[2024-08-16T20:43:17.964+0800][13.976s][debug][gc,phases,start] GC(15) Concurrent Roots OopStorageSet (ZWorker#2)
[2024-08-16T20:43:17.965+0800][13.977s][debug][gc,phases      ] GC(15) Concurrent Roots OopStorageSet (ZWorker#2) 0.598ms
[2024-08-16T20:43:17.965+0800][13.977s][debug][gc,phases,start] GC(15) Concurrent Roots ClassLoaderDataGraph (ZWorker#2)
[2024-08-16T20:43:17.964+0800][13.976s][debug][gc,phases,start] GC(15) Concurrent Roots OopStorageSet (ZWorker#0)
[2024-08-16T20:43:17.965+0800][13.977s][debug][gc,phases      ] GC(15) Concurrent Roots ClassLoaderDataGraph (ZWorker#1) 0.337ms
[2024-08-16T20:43:17.966+0800][13.977s][debug][gc,phases,start] GC(15) Concurrent Roots JavaThreads (ZWorker#1)
[2024-08-16T20:43:17.965+0800][13.977s][debug][gc,phases      ] GC(15) Concurrent Roots ClassLoaderDataGraph (ZWorker#2) 0.124ms
[2024-08-16T20:43:17.965+0800][13.977s][debug][gc,phases      ] GC(15) Concurrent Roots OopStorageSet (ZWorker#0) 1.045ms
[2024-08-16T20:43:17.964+0800][13.976s][debug][gc,phases      ] GC(15) Concurrent Roots OopStorageSet (ZWorker#3) 0.116ms
[2024-08-16T20:43:17.966+0800][13.977s][debug][gc,phases,start] GC(15) Concurrent Roots JavaThreads (ZWorker#2)
[2024-08-16T20:43:17.966+0800][13.978s][debug][gc,phases,start] GC(15) Concurrent Roots JavaThreads (ZWorker#3)
[2024-08-16T20:43:17.966+0800][13.978s][debug][gc,phases,start] GC(15) Concurrent Roots JavaThreads (ZWorker#0)
[2024-08-16T20:43:17.966+0800][13.978s][debug][gc,phases      ] GC(15) Concurrent Roots JavaThreads (ZWorker#3) 0.119ms
[2024-08-16T20:43:17.966+0800][13.978s][debug][gc,phases      ] GC(15) Concurrent Roots JavaThreads (ZWorker#1) 0.410ms
[2024-08-16T20:43:17.966+0800][13.978s][debug][gc,phases      ] GC(15) Concurrent Roots JavaThreads (ZWorker#2) 0.438ms
[2024-08-16T20:43:17.966+0800][13.978s][debug][gc,phases      ] GC(15) Concurrent Roots JavaThreads (ZWorker#0) 0.237ms
[2024-08-16T20:43:17.966+0800][13.978s][debug][gc,tlab        ] GC(15) TLAB totals: thrds: 1  refills: 2 max: 2 slow allocs: 53 max 53 waste: 42.5% gc: 189512B max: 189512B slow: 33200B max: 33200B
[2024-08-16T20:43:17.967+0800][13.978s][debug][gc,task        ] GC(15) Executing Task: ZMarkTask, Active Workers: 4
[2024-08-16T20:43:17.967+0800][13.978s][debug][gc,phases,start] GC(15) Concurrent Mark (ZWorker#1)
[2024-08-16T20:43:17.967+0800][13.979s][debug][gc,phases,start] GC(15) Concurrent Mark (ZWorker#3)
[2024-08-16T20:43:17.967+0800][13.979s][debug][gc,phases,start] GC(15) Concurrent Mark (ZWorker#2)
[2024-08-16T20:43:17.967+0800][13.979s][debug][gc,phases,start] GC(15) Concurrent Mark (ZWorker#0)
[2024-08-16T20:43:17.968+0800][13.980s][debug][gc,phases,start] GC(15) Concurrent Mark Try Flush (ZWorker#1)
[2024-08-16T20:43:17.968+0800][13.980s][debug][gc,phases,start] GC(15) Concurrent Mark Try Terminate (ZWorker#3)
[2024-08-16T20:43:17.968+0800][13.980s][debug][gc,phases,start] GC(15) Concurrent Mark Try Terminate (ZWorker#0)
[2024-08-16T20:43:17.969+0800][13.980s][debug][gc,phases      ] GC(15) Concurrent Mark Try Flush (ZWorker#1) 0.504ms
[2024-08-16T20:43:17.969+0800][13.981s][debug][gc,phases,start] GC(15) Concurrent Mark Try Terminate (ZWorker#2)
[2024-08-16T20:43:17.969+0800][13.981s][debug][gc,phases,start] GC(15) Concurrent Mark Try Flush (ZWorker#1)
[2024-08-16T20:43:17.970+0800][13.981s][debug][gc,phases      ] GC(15) Concurrent Mark Try Flush (ZWorker#1) 0.246ms
[2024-08-16T20:43:17.970+0800][13.981s][debug][gc,phases,start] GC(15) Concurrent Mark Try Terminate (ZWorker#1)
[2024-08-16T20:43:17.970+0800][13.981s][debug][gc,phases,start] GC(15) Concurrent Mark Try Flush (ZWorker#1)
[2024-08-16T20:43:17.970+0800][13.981s][debug][gc,phases      ] GC(15) Concurrent Mark Try Terminate (ZWorker#3) 1.298ms
[2024-08-16T20:43:17.970+0800][13.982s][debug][gc,phases,start] GC(15) Concurrent Mark Try Terminate (ZWorker#3)
[2024-08-16T20:43:17.970+0800][13.982s][debug][gc,phases      ] GC(15) Concurrent Mark Try Flush (ZWorker#1) 0.145ms
[2024-08-16T20:43:17.970+0800][13.982s][debug][gc,phases      ] GC(15) Concurrent Mark Try Terminate (ZWorker#1) 0.270ms
[2024-08-16T20:43:17.970+0800][13.982s][debug][gc,phases      ] GC(15) Concurrent Mark Try Terminate (ZWorker#0) 1.312ms
[2024-08-16T20:43:17.970+0800][13.982s][debug][gc,phases,start] GC(15) Concurrent Mark Try Terminate (ZWorker#0)
[2024-08-16T20:43:17.970+0800][13.982s][debug][gc,phases,start] GC(15) Concurrent Mark Try Terminate (ZWorker#1)
[2024-08-16T20:43:17.970+0800][13.982s][debug][gc,phases      ] GC(15) Concurrent Mark Try Terminate (ZWorker#1) 0.206ms
[2024-08-16T20:43:17.970+0800][13.982s][debug][gc,phases      ] GC(15) Concurrent Mark (ZWorker#1) 3.504ms
[2024-08-16T20:43:17.970+0800][13.982s][debug][gc,phases      ] GC(15) Concurrent Mark Try Terminate (ZWorker#2) 1.223ms
[2024-08-16T20:43:17.970+0800][13.982s][debug][gc,phases      ] GC(15) Concurrent Mark (ZWorker#2) 3.498ms
[2024-08-16T20:43:17.971+0800][13.983s][debug][gc,phases      ] GC(15) Concurrent Mark Try Terminate (ZWorker#3) 1.222ms
[2024-08-16T20:43:17.971+0800][13.983s][debug][gc,phases      ] GC(15) Concurrent Mark (ZWorker#3) 4.149ms
[2024-08-16T20:43:17.971+0800][13.983s][debug][gc,phases      ] GC(15) Concurrent Mark Try Terminate (ZWorker#0) 1.172ms
[2024-08-16T20:43:17.971+0800][13.983s][debug][gc,phases      ] GC(15) Concurrent Mark (ZWorker#0) 4.396ms
[2024-08-16T20:43:17.971+0800][13.983s][info ][gc,phases      ] GC(15) Concurrent Mark 7.576ms
[2024-08-16T20:43:17.972+0800][13.983s][debug][gc,phases,start] GC(15) Pause Mark End
[2024-08-16T20:43:17.972+0800][13.983s][info ][gc,phases      ] GC(15) Pause Mark End 0.047ms
[2024-08-16T20:43:17.972+0800][13.984s][debug][gc,phases,start] GC(15) Concurrent Mark Free
[2024-08-16T20:43:17.972+0800][13.984s][info ][gc,phases      ] GC(15) Concurrent Mark Free 0.018ms
[2024-08-16T20:43:17.972+0800][13.984s][debug][gc,phases,start] GC(15) Concurrent Process Non-Strong References
[2024-08-16T20:43:17.972+0800][13.984s][debug][gc,phases,start] GC(15) Concurrent References Process (ZDriver)
[2024-08-16T20:43:17.972+0800][13.984s][debug][gc,task        ] GC(15) Executing Task: ZReferenceProcessorTask, Active Workers: 4
[2024-08-16T20:43:17.972+0800][13.984s][debug][gc,phases      ] GC(15) Concurrent References Process (ZDriver) 0.154ms
[2024-08-16T20:43:17.972+0800][13.984s][debug][gc,task        ] GC(15) Executing Task: ZProcessWeakRootsTask, Active Workers: 4
[2024-08-16T20:43:17.972+0800][13.984s][debug][gc,phases,start] GC(15) Concurrent Weak Roots OopStorageSet (ZWorker#1)
[2024-08-16T20:43:17.972+0800][13.984s][debug][gc,phases,start] GC(15) Concurrent Weak Roots OopStorageSet (ZWorker#0)
[2024-08-16T20:43:17.972+0800][13.984s][debug][gc,phases,start] GC(15) Concurrent Weak Roots OopStorageSet (ZWorker#2)
[2024-08-16T20:43:17.972+0800][13.984s][debug][gc,phases      ] GC(15) Concurrent Weak Roots OopStorageSet (ZWorker#1) 0.053ms
[2024-08-16T20:43:17.972+0800][13.984s][debug][gc,phases,start] GC(15) Concurrent Weak Roots OopStorageSet (ZWorker#3)
[2024-08-16T20:43:17.972+0800][13.984s][debug][gc,phases      ] GC(15) Concurrent Weak Roots OopStorageSet (ZWorker#3) 0.251ms
[2024-08-16T20:43:17.972+0800][13.984s][debug][gc,phases      ] GC(15) Concurrent Weak Roots OopStorageSet (ZWorker#2) 0.019ms
[2024-08-16T20:43:17.972+0800][13.984s][debug][gc,phases      ] GC(15) Concurrent Weak Roots OopStorageSet (ZWorker#0) 0.035ms
[2024-08-16T20:43:17.973+0800][13.984s][debug][gc,phases,start] GC(15) Concurrent Classes Unlink (ZDriver)
[2024-08-16T20:43:17.973+0800][13.984s][debug][gc,phases,start] GC(15) ClassLoaderData
[2024-08-16T20:43:17.973+0800][13.984s][debug][gc,phases      ] GC(15) ClassLoaderData 0.037ms
[2024-08-16T20:43:17.973+0800][13.984s][debug][gc,phases,start] GC(15) Trigger cleanups
[2024-08-16T20:43:17.973+0800][13.984s][debug][gc,phases      ] GC(15) Trigger cleanups 0.016ms
[2024-08-16T20:43:17.973+0800][13.985s][debug][gc,task        ] GC(15) Executing Task: ZNMethodUnlinkTask, Active Workers: 4
[2024-08-16T20:43:17.973+0800][13.985s][debug][gc,phases      ] GC(15) Concurrent Classes Unlink (ZDriver) 0.475ms
[2024-08-16T20:43:17.973+0800][13.985s][debug][gc,phases,start] GC(15) Concurrent Classes Purge (ZDriver)
[2024-08-16T20:43:17.973+0800][13.985s][debug][gc,task        ] GC(15) Executing Task: ZNMethodPurgeTask, Active Workers: 4
[2024-08-16T20:43:17.974+0800][13.985s][debug][gc,phases      ] GC(15) Concurrent Classes Purge (ZDriver) 0.227ms
[2024-08-16T20:43:17.974+0800][13.985s][debug][gc,phases,start] GC(15) Concurrent References Enqueue (ZDriver)
[2024-08-16T20:43:17.974+0800][13.985s][debug][gc,phases      ] GC(15) Concurrent References Enqueue (ZDriver) 0.018ms
[2024-08-16T20:43:17.974+0800][13.985s][info ][gc,phases      ] GC(15) Concurrent Process Non-Strong References 1.779ms
[2024-08-16T20:43:17.974+0800][13.985s][debug][gc,phases,start] GC(15) Concurrent Reset Relocation Set
[2024-08-16T20:43:17.974+0800][13.985s][info ][gc,phases      ] GC(15) Concurrent Reset Relocation Set 0.017ms
[2024-08-16T20:43:17.974+0800][13.985s][debug][gc,phases,start] GC(15) Concurrent Select Relocation Set
[2024-08-16T20:43:17.975+0800][13.987s][debug][gc,task        ] GC(15) Executing Task: ZRelocationSetInstallTask, Active Workers: 4
[2024-08-16T20:43:17.975+0800][13.987s][info ][gc,phases      ] GC(15) Concurrent Select Relocation Set 1.634ms
[2024-08-16T20:43:17.975+0800][13.987s][debug][gc,phases,start] GC(15) Pause Relocate Start
[2024-08-16T20:43:17.975+0800][13.987s][info ][gc,phases      ] GC(15) Pause Relocate Start 0.020ms
[2024-08-16T20:43:17.975+0800][13.987s][debug][gc,phases,start] GC(15) Concurrent Relocate
[2024-08-16T20:43:17.975+0800][13.987s][debug][gc,task        ] GC(15) Executing Task: ZRelocateTask, Active Workers: 4
[2024-08-16T20:43:17.978+0800][13.990s][info ][gc,phases      ] GC(15) Concurrent Relocate 2.628ms
[2024-08-16T20:43:17.978+0800][13.990s][debug][gc,heap        ] GC(15) Heap after GC invocations=16 (full 16):
[2024-08-16T20:43:17.978+0800][13.990s][debug][gc,heap        ] GC(15)  ZHeap           used 4004M, capacity 4096M, max capacity 4096M
[2024-08-16T20:43:17.978+0800][13.990s][debug][gc,heap        ] GC(15)  Metaspace       used 842K, committed 960K, reserved 1114112K
[2024-08-16T20:43:17.978+0800][13.990s][debug][gc,heap        ] GC(15)   class space    used 63K, committed 128K, reserved 1048576K
[2024-08-16T20:43:17.978+0800][13.990s][info ][gc,load        ] GC(15) Load: 1.59/0.54/0.18
[2024-08-16T20:43:17.978+0800][13.990s][info ][gc,mmu         ] GC(15) MMU: 2ms/77.6%, 5ms/91.1%, 10ms/95.5%, 20ms/97.5%, 50ms/99.0%, 100ms/99.5%
[2024-08-16T20:43:17.978+0800][13.990s][info ][gc,marking     ] GC(15) Mark: 4 stripe(s), 2 proactive flush(es), 1 terminate flush(es), 0 completion(s), 0 continuation(s) 
[2024-08-16T20:43:17.978+0800][13.990s][info ][gc,marking     ] GC(15) Mark Stack Usage: 32M
[2024-08-16T20:43:17.978+0800][13.990s][info ][gc,nmethod     ] GC(15) NMethods: 533 registered, 0 unregistered
[2024-08-16T20:43:17.978+0800][13.990s][info ][gc,metaspace   ] GC(15) Metaspace: 0M used, 0M committed, 1088M reserved
[2024-08-16T20:43:17.978+0800][13.990s][info ][gc,ref         ] GC(15) Soft: 104 encountered, 0 discovered, 0 enqueued
[2024-08-16T20:43:17.978+0800][13.990s][info ][gc,ref         ] GC(15) Weak: 193 encountered, 111 discovered, 0 enqueued
[2024-08-16T20:43:17.978+0800][13.990s][info ][gc,ref         ] GC(15) Final: 0 encountered, 0 discovered, 0 enqueued
[2024-08-16T20:43:17.978+0800][13.990s][info ][gc,ref         ] GC(15) Phantom: 1 encountered, 0 discovered, 0 enqueued
[2024-08-16T20:43:17.978+0800][13.990s][info ][gc,reloc       ] GC(15) Small Pages: 2 / 4M, Empty: 2M, Relocated: 0M, In-Place: 0
[2024-08-16T20:43:17.978+0800][13.990s][info ][gc,reloc       ] GC(15) Medium Pages: 126 / 4032M, Empty: 32M, Relocated: 22M, In-Place: 0
[2024-08-16T20:43:17.978+0800][13.990s][info ][gc,reloc       ] GC(15) Large Pages: 0 / 0M, Empty: 0M, Relocated: 0M, In-Place: 0
[2024-08-16T20:43:17.978+0800][13.990s][info ][gc,reloc       ] GC(15) Forwarding Usage: 0M
[2024-08-16T20:43:17.978+0800][13.990s][info ][gc,heap        ] GC(15) Min Capacity: 512M(12%)
[2024-08-16T20:43:17.978+0800][13.990s][info ][gc,heap        ] GC(15) Max Capacity: 4096M(100%)
[2024-08-16T20:43:17.978+0800][13.990s][info ][gc,heap        ] GC(15) Soft Max Capacity: 4096M(100%)
[2024-08-16T20:43:17.978+0800][13.990s][info ][gc,heap        ] GC(15)                Mark Start          Mark End        Relocate Start      Relocate End           High               Low         
[2024-08-16T20:43:17.978+0800][13.990s][info ][gc,heap        ] GC(15)  Capacity:     4096M (100%)       4096M (100%)       4096M (100%)       4096M (100%)       4096M (100%)       4096M (100%)   
[2024-08-16T20:43:17.978+0800][13.990s][info ][gc,heap        ] GC(15)      Free:       60M (1%)           26M (1%)           60M (1%)           92M (2%)           92M (2%)           26M (1%)     
[2024-08-16T20:43:17.978+0800][13.990s][info ][gc,heap        ] GC(15)      Used:     4036M (99%)        4070M (99%)        4036M (99%)        4004M (98%)        4070M (99%)        4004M (98%)    
[2024-08-16T20:43:17.978+0800][13.990s][info ][gc,heap        ] GC(15)      Live:         -              3821M (93%)        3821M (93%)        3821M (93%)            -                  -          
[2024-08-16T20:43:17.978+0800][13.990s][info ][gc,heap        ] GC(15) Allocated:         -                34M (1%)           34M (1%)           34M (1%)             -                  -          
[2024-08-16T20:43:17.978+0800][13.990s][info ][gc,heap        ] GC(15)   Garbage:         -               214M (5%)          180M (4%)          148M (4%)             -                  -          
[2024-08-16T20:43:17.978+0800][13.990s][info ][gc,heap        ] GC(15) Reclaimed:         -                  -                34M (1%)           66M (2%)             -                  -          
[2024-08-16T20:43:17.978+0800][13.990s][info ][gc             ] GC(15) Garbage Collection (Allocation Rate) 4036M(99%)->4004M(98%)
[2024-08-16T20:43:18.062+0800][14.074s][debug][gc,alloc       ] Allocation Rate: 782.0MB/s, Predicted: 824.9MB/s, Avg: 726.4(+/-57.5)MB/s
[2024-08-16T20:43:18.062+0800][14.074s][debug][gc,director    ] Select GC Workers (Normal), AvoidLongGCWorkers: 0.008, AvoidOOMGCWorkers: 77.353, LastGCWorkers: 4.000, GCWorkers: 77.353
[2024-08-16T20:43:18.062+0800][14.074s][debug][gc,director    ] Rule: Allocation Rate (Dynamic GC Workers), MaxAllocRate: 1014.2MB/s (+/-7.9%), Free: 0MB, GCCPUTime: 0.084, GCDuration: 0.026s, TimeUntilOOM: 0.000s, TimeUntilGC: -0.126s, GCWorkers: 4 -> 4
[2024-08-16T20:43:18.062+0800][14.074s][debug][gc,heap        ] GC(16) Heap before GC invocations=16 (full 16):
[2024-08-16T20:43:18.062+0800][14.074s][debug][gc,heap        ] GC(16)  ZHeap           used 4068M, capacity 4096M, max capacity 4096M
[2024-08-16T20:43:18.062+0800][14.074s][debug][gc,heap        ] GC(16)  Metaspace       used 842K, committed 960K, reserved 1114112K
[2024-08-16T20:43:18.062+0800][14.074s][debug][gc,heap        ] GC(16)   class space    used 63K, committed 128K, reserved 1048576K
[2024-08-16T20:43:18.062+0800][14.074s][info ][gc,start       ] GC(16) Garbage Collection (Allocation Rate)
[2024-08-16T20:43:18.062+0800][14.074s][info ][gc,task        ] GC(16) Using 4 workers
[2024-08-16T20:43:18.062+0800][14.074s][debug][gc,phases,start] GC(16) Pause Mark Start
[2024-08-16T20:43:18.062+0800][14.074s][debug][gc,marking     ] GC(16) Using 4 mark stripes
[2024-08-16T20:43:18.062+0800][14.074s][debug][gc,marking     ] GC(16) Mark Worker/Stripe Distribution
[2024-08-16T20:43:18.062+0800][14.074s][debug][gc,marking     ] GC(16)   Worker 0(4) -> Stripe 0(4)
[2024-08-16T20:43:18.062+0800][14.074s][debug][gc,marking     ] GC(16)   Worker 1(4) -> Stripe 1(4)
[2024-08-16T20:43:18.062+0800][14.074s][debug][gc,marking     ] GC(16)   Worker 2(4) -> Stripe 2(4)
[2024-08-16T20:43:18.062+0800][14.074s][debug][gc,marking     ] GC(16)   Worker 3(4) -> Stripe 3(4)
[2024-08-16T20:43:18.062+0800][14.074s][info ][gc,phases      ] GC(16) Pause Mark Start 0.047ms
[2024-08-16T20:43:18.062+0800][14.074s][debug][gc,phases,start] GC(16) Concurrent Mark
[2024-08-16T20:43:18.062+0800][14.074s][debug][gc,task        ] GC(16) Executing Task: ZMarkRootsTask, Active Workers: 4
[2024-08-16T20:43:18.063+0800][14.074s][debug][gc,phases,start] GC(16) Concurrent Roots OopStorageSet (ZWorker#0)
[2024-08-16T20:43:18.063+0800][14.074s][debug][gc,phases      ] GC(16) Concurrent Roots OopStorageSet (ZWorker#0) 0.049ms
[2024-08-16T20:43:18.063+0800][14.074s][debug][gc,phases,start] GC(16) Concurrent Roots ClassLoaderDataGraph (ZWorker#0)
[2024-08-16T20:43:18.063+0800][14.074s][debug][gc,phases,start] GC(16) Concurrent Roots OopStorageSet (ZWorker#1)
[2024-08-16T20:43:18.063+0800][14.074s][debug][gc,phases,start] GC(16) Concurrent Roots OopStorageSet (ZWorker#3)
[2024-08-16T20:43:18.063+0800][14.074s][debug][gc,phases      ] GC(16) Concurrent Roots ClassLoaderDataGraph (ZWorker#0) 0.057ms
[2024-08-16T20:43:18.063+0800][14.074s][debug][gc,phases,start] GC(16) Concurrent Roots JavaThreads (ZWorker#0)
[2024-08-16T20:43:18.063+0800][14.074s][debug][gc,phases      ] GC(16) Concurrent Roots OopStorageSet (ZWorker#3) 0.099ms
[2024-08-16T20:43:18.063+0800][14.074s][debug][gc,phases,start] GC(16) Concurrent Roots JavaThreads (ZWorker#3)
[2024-08-16T20:43:18.063+0800][14.074s][debug][gc,phases,start] GC(16) Concurrent Roots OopStorageSet (ZWorker#2)
[2024-08-16T20:43:18.063+0800][14.075s][debug][gc,phases      ] GC(16) Concurrent Roots OopStorageSet (ZWorker#2) 0.207ms
[2024-08-16T20:43:18.063+0800][14.075s][debug][gc,phases,start] GC(16) Concurrent Roots JavaThreads (ZWorker#2)
[2024-08-16T20:43:18.063+0800][14.075s][debug][gc,phases      ] GC(16) Concurrent Roots JavaThreads (ZWorker#3) 0.074ms
[2024-08-16T20:43:18.063+0800][14.075s][debug][gc,phases      ] GC(16) Concurrent Roots JavaThreads (ZWorker#2) 0.018ms
[2024-08-16T20:43:18.063+0800][14.075s][debug][gc,phases      ] GC(16) Concurrent Roots JavaThreads (ZWorker#0) 0.100ms
[2024-08-16T20:43:18.063+0800][14.074s][debug][gc,phases      ] GC(16) Concurrent Roots OopStorageSet (ZWorker#1) 0.064ms
[2024-08-16T20:43:18.063+0800][14.075s][debug][gc,tlab        ] GC(16) TLAB totals: thrds: 1  refills: 2 max: 2 slow allocs: 71 max 71 waste: 23.3% gc: 89040B max: 89040B slow: 33200B max: 33200B
[2024-08-16T20:43:18.063+0800][14.075s][debug][gc,task        ] GC(16) Executing Task: ZMarkTask, Active Workers: 4
[2024-08-16T20:43:18.063+0800][14.075s][debug][gc,phases,start] GC(16) Concurrent Mark (ZWorker#2)
[2024-08-16T20:43:18.063+0800][14.075s][debug][gc,phases,start] GC(16) Concurrent Mark (ZWorker#1)
[2024-08-16T20:43:18.063+0800][14.075s][debug][gc,phases,start] GC(16) Concurrent Mark (ZWorker#3)
[2024-08-16T20:43:18.063+0800][14.075s][debug][gc,phases,start] GC(16) Concurrent Mark (ZWorker#0)
[2024-08-16T20:43:18.063+0800][14.075s][debug][gc,phases,start] GC(16) Concurrent Mark Try Terminate (ZWorker#0)
[2024-08-16T20:43:18.063+0800][14.075s][debug][gc,phases,start] GC(16) Concurrent Mark Try Terminate (ZWorker#3)
[2024-08-16T20:43:18.063+0800][14.075s][debug][gc,phases,start] GC(16) Concurrent Mark Try Flush (ZWorker#2)
[2024-08-16T20:43:18.064+0800][14.075s][debug][gc,phases      ] GC(16) Concurrent Mark Try Flush (ZWorker#2) 0.162ms
[2024-08-16T20:43:18.064+0800][14.076s][debug][gc,phases,start] GC(16) Concurrent Mark Try Terminate (ZWorker#1)
[2024-08-16T20:43:18.064+0800][14.076s][debug][gc,phases,start] GC(16) Concurrent Mark Try Flush (ZWorker#2)
[2024-08-16T20:43:18.064+0800][14.076s][debug][gc,phases      ] GC(16) Concurrent Mark Try Flush (ZWorker#2) 0.170ms
[2024-08-16T20:43:18.064+0800][14.076s][debug][gc,phases,start] GC(16) Concurrent Mark Try Terminate (ZWorker#2)
[2024-08-16T20:43:18.064+0800][14.076s][debug][gc,phases,start] GC(16) Concurrent Mark Try Flush (ZWorker#2)
[2024-08-16T20:43:18.065+0800][14.076s][debug][gc,phases      ] GC(16) Concurrent Mark Try Flush (ZWorker#2) 0.141ms
[2024-08-16T20:43:18.065+0800][14.076s][debug][gc,phases      ] GC(16) Concurrent Mark Try Terminate (ZWorker#2) 0.198ms
[2024-08-16T20:43:18.065+0800][14.076s][debug][gc,phases      ] GC(16) Concurrent Mark Try Terminate (ZWorker#0) 1.132ms
[2024-08-16T20:43:18.065+0800][14.076s][debug][gc,phases      ] GC(16) Concurrent Mark Try Terminate (ZWorker#3) 1.129ms
[2024-08-16T20:43:18.065+0800][14.076s][debug][gc,phases,start] GC(16) Concurrent Mark Try Terminate (ZWorker#0)
[2024-08-16T20:43:18.065+0800][14.076s][debug][gc,phases,start] GC(16) Concurrent Mark Try Terminate (ZWorker#3)
[2024-08-16T20:43:18.065+0800][14.076s][debug][gc,phases,start] GC(16) Concurrent Mark Try Terminate (ZWorker#2)
[2024-08-16T20:43:18.065+0800][14.077s][debug][gc,phases      ] GC(16) Concurrent Mark Try Terminate (ZWorker#2) 0.169ms
[2024-08-16T20:43:18.065+0800][14.077s][debug][gc,phases      ] GC(16) Concurrent Mark (ZWorker#2) 1.782ms
[2024-08-16T20:43:18.065+0800][14.077s][debug][gc,phases      ] GC(16) Concurrent Mark Try Terminate (ZWorker#1) 1.213ms
[2024-08-16T20:43:18.065+0800][14.077s][debug][gc,phases      ] GC(16) Concurrent Mark (ZWorker#1) 2.215ms
[2024-08-16T20:43:18.066+0800][14.078s][debug][gc,phases      ] GC(16) Concurrent Mark Try Terminate (ZWorker#0) 1.131ms
[2024-08-16T20:43:18.066+0800][14.078s][debug][gc,phases      ] GC(16) Concurrent Mark (ZWorker#0) 2.770ms
[2024-08-16T20:43:18.066+0800][14.078s][debug][gc,phases      ] GC(16) Concurrent Mark Try Terminate (ZWorker#3) 1.291ms
[2024-08-16T20:43:18.066+0800][14.078s][debug][gc,phases      ] GC(16) Concurrent Mark (ZWorker#3) 2.972ms
[2024-08-16T20:43:18.066+0800][14.078s][info ][gc,phases      ] GC(16) Concurrent Mark 3.775ms
[2024-08-16T20:43:18.066+0800][14.078s][debug][gc,phases,start] GC(16) Pause Mark End
[2024-08-16T20:43:18.066+0800][14.078s][info ][gc,phases      ] GC(16) Pause Mark End 0.063ms
[2024-08-16T20:43:18.067+0800][14.078s][debug][gc,phases,start] GC(16) Concurrent Mark Free
[2024-08-16T20:43:18.067+0800][14.078s][info ][gc,phases      ] GC(16) Concurrent Mark Free 0.065ms
[2024-08-16T20:43:18.067+0800][14.078s][debug][gc,phases,start] GC(16) Concurrent Process Non-Strong References
[2024-08-16T20:43:18.067+0800][14.078s][debug][gc,phases,start] GC(16) Concurrent References Process (ZDriver)
[2024-08-16T20:43:18.067+0800][14.078s][debug][gc,task        ] GC(16) Executing Task: ZReferenceProcessorTask, Active Workers: 4
[2024-08-16T20:43:18.067+0800][14.079s][debug][gc,phases      ] GC(16) Concurrent References Process (ZDriver) 0.215ms
[2024-08-16T20:43:18.067+0800][14.079s][debug][gc,task        ] GC(16) Executing Task: ZProcessWeakRootsTask, Active Workers: 4
[2024-08-16T20:43:18.067+0800][14.079s][debug][gc,phases,start] GC(16) Concurrent Weak Roots OopStorageSet (ZWorker#2)
[2024-08-16T20:43:18.067+0800][14.079s][debug][gc,phases,start] GC(16) Concurrent Weak Roots OopStorageSet (ZWorker#1)
[2024-08-16T20:43:18.067+0800][14.079s][debug][gc,phases,start] GC(16) Concurrent Weak Roots OopStorageSet (ZWorker#0)
[2024-08-16T20:43:18.067+0800][14.079s][debug][gc,phases      ] GC(16) Concurrent Weak Roots OopStorageSet (ZWorker#0) 0.035ms
[2024-08-16T20:43:18.067+0800][14.079s][debug][gc,phases      ] GC(16) Concurrent Weak Roots OopStorageSet (ZWorker#1) 0.117ms
[2024-08-16T20:43:18.067+0800][14.079s][debug][gc,phases      ] GC(16) Concurrent Weak Roots OopStorageSet (ZWorker#2) 0.150ms
[2024-08-16T20:43:18.067+0800][14.079s][debug][gc,phases,start] GC(16) Concurrent Weak Roots OopStorageSet (ZWorker#3)
[2024-08-16T20:43:18.067+0800][14.079s][debug][gc,phases      ] GC(16) Concurrent Weak Roots OopStorageSet (ZWorker#3) 0.403ms
[2024-08-16T20:43:18.068+0800][14.079s][debug][gc,phases,start] GC(16) Concurrent Classes Unlink (ZDriver)
[2024-08-16T20:43:18.068+0800][14.079s][debug][gc,phases,start] GC(16) ClassLoaderData
[2024-08-16T20:43:18.068+0800][14.079s][debug][gc,phases      ] GC(16) ClassLoaderData 0.026ms
[2024-08-16T20:43:18.068+0800][14.079s][debug][gc,phases,start] GC(16) Trigger cleanups
[2024-08-16T20:43:18.068+0800][14.079s][debug][gc,phases      ] GC(16) Trigger cleanups 0.019ms
[2024-08-16T20:43:18.068+0800][14.080s][debug][gc,task        ] GC(16) Executing Task: ZNMethodUnlinkTask, Active Workers: 4
[2024-08-16T20:43:18.068+0800][14.080s][debug][gc,phases      ] GC(16) Concurrent Classes Unlink (ZDriver) 0.705ms
[2024-08-16T20:43:18.069+0800][14.080s][debug][gc,phases,start] GC(16) Concurrent Classes Purge (ZDriver)
[2024-08-16T20:43:18.069+0800][14.080s][debug][gc,task        ] GC(16) Executing Task: ZNMethodPurgeTask, Active Workers: 4
[2024-08-16T20:43:18.069+0800][14.081s][debug][gc,phases      ] GC(16) Concurrent Classes Purge (ZDriver) 0.258ms
[2024-08-16T20:43:18.069+0800][14.081s][debug][gc,phases,start] GC(16) Concurrent References Enqueue (ZDriver)
[2024-08-16T20:43:18.069+0800][14.081s][debug][gc,phases      ] GC(16) Concurrent References Enqueue (ZDriver) 0.015ms
[2024-08-16T20:43:18.069+0800][14.081s][info ][gc,phases      ] GC(16) Concurrent Process Non-Strong References 2.183ms
[2024-08-16T20:43:18.069+0800][14.081s][debug][gc,phases,start] GC(16) Concurrent Reset Relocation Set
[2024-08-16T20:43:18.069+0800][14.081s][info ][gc,phases      ] GC(16) Concurrent Reset Relocation Set 0.017ms
[2024-08-16T20:43:18.069+0800][14.081s][debug][gc,phases,start] GC(16) Concurrent Select Relocation Set
[2024-08-16T20:43:18.073+0800][14.084s][debug][gc,task        ] GC(16) Executing Task: ZRelocationSetInstallTask, Active Workers: 4
[2024-08-16T20:43:18.073+0800][14.085s][info ][gc,phases      ] GC(16) Concurrent Select Relocation Set 3.909ms
[2024-08-16T20:43:18.073+0800][14.085s][debug][gc,phases,start] GC(16) Pause Relocate Start
[2024-08-16T20:43:18.073+0800][14.085s][info ][gc,phases      ] GC(16) Pause Relocate Start 0.020ms
[2024-08-16T20:43:18.073+0800][14.085s][debug][gc,phases,start] GC(16) Concurrent Relocate
[2024-08-16T20:43:18.073+0800][14.085s][debug][gc,task        ] GC(16) Executing Task: ZRelocateTask, Active Workers: 4
[2024-08-16T20:43:18.079+0800][14.091s][info ][gc,phases      ] GC(16) Concurrent Relocate 6.316ms
[2024-08-16T20:43:18.079+0800][14.091s][info ][gc             ] Allocation Stall (main) 15.986ms
[2024-08-16T20:43:18.080+0800][14.091s][debug][gc,heap        ] GC(16) Heap after GC invocations=17 (full 17):
[2024-08-16T20:43:18.080+0800][14.091s][debug][gc,heap        ] GC(16)  ZHeap           used 4068M, capacity 4096M, max capacity 4096M
[2024-08-16T20:43:18.080+0800][14.091s][debug][gc,heap        ] GC(16)  Metaspace       used 842K, committed 960K, reserved 1114112K
[2024-08-16T20:43:18.080+0800][14.091s][debug][gc,heap        ] GC(16)   class space    used 63K, committed 128K, reserved 1048576K
[2024-08-16T20:43:18.080+0800][14.091s][info ][gc,load        ] GC(16) Load: 1.59/0.54/0.18
[2024-08-16T20:43:18.080+0800][14.091s][info ][gc,mmu         ] GC(16) MMU: 2ms/77.6%, 5ms/91.1%, 10ms/95.5%, 20ms/97.5%, 50ms/99.0%, 100ms/99.5%
[2024-08-16T20:43:18.080+0800][14.091s][info ][gc,marking     ] GC(16) Mark: 4 stripe(s), 2 proactive flush(es), 1 terminate flush(es), 0 completion(s), 0 continuation(s) 
[2024-08-16T20:43:18.080+0800][14.092s][info ][gc,marking     ] GC(16) Mark Stack Usage: 32M
[2024-08-16T20:43:18.080+0800][14.092s][info ][gc,nmethod     ] GC(16) NMethods: 533 registered, 0 unregistered
[2024-08-16T20:43:18.080+0800][14.092s][info ][gc,metaspace   ] GC(16) Metaspace: 0M used, 0M committed, 1088M reserved
[2024-08-16T20:43:18.080+0800][14.092s][info ][gc,ref         ] GC(16) Soft: 104 encountered, 0 discovered, 0 enqueued
[2024-08-16T20:43:18.080+0800][14.092s][info ][gc,ref         ] GC(16) Weak: 193 encountered, 116 discovered, 0 enqueued
[2024-08-16T20:43:18.080+0800][14.092s][info ][gc,ref         ] GC(16) Final: 0 encountered, 0 discovered, 0 enqueued
[2024-08-16T20:43:18.080+0800][14.092s][info ][gc,ref         ] GC(16) Phantom: 1 encountered, 0 discovered, 0 enqueued
[2024-08-16T20:43:18.080+0800][14.092s][info ][gc,reloc       ] GC(16) Small Pages: 2 / 4M, Empty: 2M, Relocated: 0M, In-Place: 0
[2024-08-16T20:43:18.080+0800][14.092s][info ][gc,reloc       ] GC(16) Medium Pages: 127 / 4064M, Empty: 0M, Relocated: 55M, In-Place: 2
[2024-08-16T20:43:18.080+0800][14.092s][info ][gc,reloc       ] GC(16) Large Pages: 0 / 0M, Empty: 0M, Relocated: 0M, In-Place: 0
[2024-08-16T20:43:18.080+0800][14.092s][info ][gc,reloc       ] GC(16) Forwarding Usage: 0M
[2024-08-16T20:43:18.080+0800][14.092s][info ][gc,heap        ] GC(16) Min Capacity: 512M(12%)
[2024-08-16T20:43:18.080+0800][14.092s][info ][gc,heap        ] GC(16) Max Capacity: 4096M(100%)
[2024-08-16T20:43:18.080+0800][14.092s][info ][gc,heap        ] GC(16) Soft Max Capacity: 4096M(100%)
[2024-08-16T20:43:18.080+0800][14.092s][info ][gc,heap        ] GC(16)                Mark Start          Mark End        Relocate Start      Relocate End           High               Low         
[2024-08-16T20:43:18.080+0800][14.092s][info ][gc,heap        ] GC(16)  Capacity:     4096M (100%)       4096M (100%)       4096M (100%)       4096M (100%)       4096M (100%)       4096M (100%)   
[2024-08-16T20:43:18.080+0800][14.092s][info ][gc,heap        ] GC(16)      Free:       28M (1%)           26M (1%)           28M (1%)           28M (1%)           60M (1%)           26M (1%)     
[2024-08-16T20:43:18.080+0800][14.092s][info ][gc,heap        ] GC(16)      Used:     4068M (99%)        4070M (99%)        4068M (99%)        4068M (99%)        4070M (99%)        4036M (99%)    
[2024-08-16T20:43:18.080+0800][14.092s][info ][gc,heap        ] GC(16)      Live:         -              3894M (95%)        3894M (95%)        3894M (95%)            -                  -          
[2024-08-16T20:43:18.080+0800][14.092s][info ][gc,heap        ] GC(16) Allocated:         -                 2M (0%)            2M (0%)           34M (1%)             -                  -          
[2024-08-16T20:43:18.080+0800][14.092s][info ][gc,heap        ] GC(16)   Garbage:         -               173M (4%)          171M (4%)          139M (3%)             -                  -          
[2024-08-16T20:43:18.080+0800][14.092s][info ][gc,heap        ] GC(16) Reclaimed:         -                  -                 2M (0%)           34M (1%)             -                  -          
[2024-08-16T20:43:18.080+0800][14.092s][info ][gc             ] GC(16) Garbage Collection (Allocation Rate) 4068M(99%)->4068M(99%)
[2024-08-16T20:43:18.118+0800][14.130s][debug][gc,heap        ] GC(17) Heap before GC invocations=17 (full 17):
[2024-08-16T20:43:18.118+0800][14.130s][debug][gc,heap        ] GC(17)  ZHeap           used 4068M, capacity 4096M, max capacity 4096M
[2024-08-16T20:43:18.118+0800][14.130s][debug][gc,heap        ] GC(17)  Metaspace       used 842K, committed 960K, reserved 1114112K
[2024-08-16T20:43:18.118+0800][14.130s][debug][gc,heap        ] GC(17)   class space    used 63K, committed 128K, reserved 1048576K
[2024-08-16T20:43:18.118+0800][14.130s][info ][gc,start       ] GC(17) Garbage Collection (Allocation Stall)
[2024-08-16T20:43:18.118+0800][14.130s][info ][gc,ref         ] GC(17) Clearing All SoftReferences
[2024-08-16T20:43:18.118+0800][14.130s][info ][gc,task        ] GC(17) Using 4 workers
[2024-08-16T20:43:18.118+0800][14.130s][debug][gc,phases,start] GC(17) Pause Mark Start
[2024-08-16T20:43:18.118+0800][14.130s][debug][gc,marking     ] GC(17) Using 4 mark stripes
[2024-08-16T20:43:18.118+0800][14.130s][debug][gc,marking     ] GC(17) Mark Worker/Stripe Distribution
[2024-08-16T20:43:18.118+0800][14.130s][debug][gc,marking     ] GC(17)   Worker 0(4) -> Stripe 0(4)
[2024-08-16T20:43:18.118+0800][14.130s][debug][gc,marking     ] GC(17)   Worker 1(4) -> Stripe 1(4)
[2024-08-16T20:43:18.118+0800][14.130s][debug][gc,marking     ] GC(17)   Worker 2(4) -> Stripe 2(4)
[2024-08-16T20:43:18.118+0800][14.130s][debug][gc,marking     ] GC(17)   Worker 3(4) -> Stripe 3(4)
[2024-08-16T20:43:18.118+0800][14.130s][info ][gc,phases      ] GC(17) Pause Mark Start 0.071ms
[2024-08-16T20:43:18.118+0800][14.130s][debug][gc,phases,start] GC(17) Concurrent Mark
[2024-08-16T20:43:18.118+0800][14.130s][debug][gc,task        ] GC(17) Executing Task: ZMarkRootsTask, Active Workers: 4
[2024-08-16T20:43:18.119+0800][14.130s][debug][gc,phases,start] GC(17) Concurrent Roots OopStorageSet (ZWorker#2)
[2024-08-16T20:43:18.119+0800][14.130s][debug][gc,phases,start] GC(17) Concurrent Roots OopStorageSet (ZWorker#0)
[2024-08-16T20:43:18.119+0800][14.130s][debug][gc,phases,start] GC(17) Concurrent Roots OopStorageSet (ZWorker#3)
[2024-08-16T20:43:18.119+0800][14.130s][debug][gc,phases      ] GC(17) Concurrent Roots OopStorageSet (ZWorker#0) 0.062ms
[2024-08-16T20:43:18.119+0800][14.130s][debug][gc,phases,start] GC(17) Concurrent Roots ClassLoaderDataGraph (ZWorker#0)
[2024-08-16T20:43:18.119+0800][14.130s][debug][gc,phases      ] GC(17) Concurrent Roots OopStorageSet (ZWorker#3) 0.058ms
[2024-08-16T20:43:18.119+0800][14.130s][debug][gc,phases,start] GC(17) Concurrent Roots ClassLoaderDataGraph (ZWorker#3)
[2024-08-16T20:43:18.119+0800][14.130s][debug][gc,phases      ] GC(17) Concurrent Roots ClassLoaderDataGraph (ZWorker#3) 0.011ms
[2024-08-16T20:43:18.119+0800][14.130s][debug][gc,phases,start] GC(17) Concurrent Roots JavaThreads (ZWorker#3)
[2024-08-16T20:43:18.119+0800][14.130s][debug][gc,phases      ] GC(17) Concurrent Roots ClassLoaderDataGraph (ZWorker#0) 0.063ms
[2024-08-16T20:43:18.119+0800][14.130s][debug][gc,phases,start] GC(17) Concurrent Roots JavaThreads (ZWorker#0)
[2024-08-16T20:43:18.119+0800][14.130s][debug][gc,phases,start] GC(17) Concurrent Roots OopStorageSet (ZWorker#1)
[2024-08-16T20:43:18.119+0800][14.131s][debug][gc,phases      ] GC(17) Concurrent Roots OopStorageSet (ZWorker#1) 0.193ms
[2024-08-16T20:43:18.119+0800][14.131s][debug][gc,phases,start] GC(17) Concurrent Roots JavaThreads (ZWorker#1)
[2024-08-16T20:43:18.119+0800][14.131s][debug][gc,phases      ] GC(17) Concurrent Roots JavaThreads (ZWorker#0) 0.088ms
[2024-08-16T20:43:18.119+0800][14.131s][debug][gc,phases      ] GC(17) Concurrent Roots JavaThreads (ZWorker#1) 0.008ms
[2024-08-16T20:43:18.119+0800][14.131s][debug][gc,phases      ] GC(17) Concurrent Roots JavaThreads (ZWorker#3) 0.155ms
[2024-08-16T20:43:18.119+0800][14.130s][debug][gc,phases      ] GC(17) Concurrent Roots OopStorageSet (ZWorker#2) 0.038ms
[2024-08-16T20:43:18.119+0800][14.131s][debug][gc,tlab        ] GC(17) TLAB totals: thrds: 1  refills: 1 max: 1 slow allocs: 32 max 32 waste: 31.8% gc: 83416B max: 83416B slow: 0B max: 0B
[2024-08-16T20:43:18.119+0800][14.131s][debug][gc,task        ] GC(17) Executing Task: ZMarkTask, Active Workers: 4
[2024-08-16T20:43:18.119+0800][14.131s][debug][gc,phases,start] GC(17) Concurrent Mark (ZWorker#1)
[2024-08-16T20:43:18.119+0800][14.131s][debug][gc,phases,start] GC(17) Concurrent Mark (ZWorker#0)
[2024-08-16T20:43:18.119+0800][14.131s][debug][gc,phases,start] GC(17) Concurrent Mark (ZWorker#2)
[2024-08-16T20:43:18.119+0800][14.131s][debug][gc,phases,start] GC(17) Concurrent Mark (ZWorker#3)
[2024-08-16T20:43:18.120+0800][14.131s][debug][gc,phases,start] GC(17) Concurrent Mark Try Terminate (ZWorker#3)
[2024-08-16T20:43:18.120+0800][14.131s][debug][gc,phases,start] GC(17) Concurrent Mark Try Terminate (ZWorker#2)
[2024-08-16T20:43:18.120+0800][14.131s][debug][gc,phases,start] GC(17) Concurrent Mark Try Flush (ZWorker#1)
[2024-08-16T20:43:18.120+0800][14.132s][debug][gc,phases      ] GC(17) Concurrent Mark Try Flush (ZWorker#1) 0.179ms
[2024-08-16T20:43:18.120+0800][14.132s][debug][gc,phases,start] GC(17) Concurrent Mark Try Terminate (ZWorker#0)
[2024-08-16T20:43:18.120+0800][14.132s][debug][gc,phases,start] GC(17) Concurrent Mark Try Flush (ZWorker#1)
[2024-08-16T20:43:18.120+0800][14.132s][debug][gc,phases      ] GC(17) Concurrent Mark Try Flush (ZWorker#1) 0.127ms
[2024-08-16T20:43:18.120+0800][14.132s][debug][gc,phases,start] GC(17) Concurrent Mark Try Terminate (ZWorker#1)
[2024-08-16T20:43:18.120+0800][14.132s][debug][gc,phases,start] GC(17) Concurrent Mark Try Flush (ZWorker#1)
[2024-08-16T20:43:18.120+0800][14.132s][debug][gc,phases      ] GC(17) Concurrent Mark Try Flush (ZWorker#1) 0.076ms
[2024-08-16T20:43:18.120+0800][14.132s][debug][gc,phases      ] GC(17) Concurrent Mark Try Terminate (ZWorker#1) 0.088ms
[2024-08-16T20:43:18.120+0800][14.132s][debug][gc,phases,start] GC(17) Concurrent Mark Try Terminate (ZWorker#1)
[2024-08-16T20:43:18.120+0800][14.132s][debug][gc,phases      ] GC(17) Concurrent Mark Try Terminate (ZWorker#1) 0.004ms
[2024-08-16T20:43:18.120+0800][14.132s][debug][gc,phases      ] GC(17) Concurrent Mark (ZWorker#1) 1.083ms
[2024-08-16T20:43:18.121+0800][14.132s][debug][gc,phases      ] GC(17) Concurrent Mark Try Terminate (ZWorker#3) 1.165ms
[2024-08-16T20:43:18.121+0800][14.132s][debug][gc,phases      ] GC(17) Concurrent Mark (ZWorker#3) 1.451ms
[2024-08-16T20:43:18.121+0800][14.133s][debug][gc,phases      ] GC(17) Concurrent Mark Try Terminate (ZWorker#2) 1.213ms
[2024-08-16T20:43:18.121+0800][14.133s][debug][gc,phases      ] GC(17) Concurrent Mark (ZWorker#2) 1.571ms
[2024-08-16T20:43:18.121+0800][14.133s][debug][gc,phases      ] GC(17) Concurrent Mark Try Terminate (ZWorker#0) 1.155ms
[2024-08-16T20:43:18.121+0800][14.133s][debug][gc,phases      ] GC(17) Concurrent Mark (ZWorker#0) 1.896ms
[2024-08-16T20:43:18.121+0800][14.133s][info ][gc,phases      ] GC(17) Concurrent Mark 2.816ms
[2024-08-16T20:43:18.121+0800][14.133s][debug][gc,phases,start] GC(17) Pause Mark End
[2024-08-16T20:43:18.121+0800][14.133s][info ][gc,phases      ] GC(17) Pause Mark End 0.023ms
[2024-08-16T20:43:18.121+0800][14.133s][debug][gc,phases,start] GC(17) Concurrent Mark Free
[2024-08-16T20:43:18.121+0800][14.133s][info ][gc,phases      ] GC(17) Concurrent Mark Free 0.018ms
[2024-08-16T20:43:18.121+0800][14.133s][debug][gc,phases,start] GC(17) Concurrent Process Non-Strong References
[2024-08-16T20:43:18.121+0800][14.133s][debug][gc,phases,start] GC(17) Concurrent References Process (ZDriver)
[2024-08-16T20:43:18.121+0800][14.133s][debug][gc,task        ] GC(17) Executing Task: ZReferenceProcessorTask, Active Workers: 4
[2024-08-16T20:43:18.121+0800][14.133s][debug][gc,phases      ] GC(17) Concurrent References Process (ZDriver) 0.057ms
[2024-08-16T20:43:18.122+0800][14.133s][debug][gc,task        ] GC(17) Executing Task: ZProcessWeakRootsTask, Active Workers: 4
[2024-08-16T20:43:18.122+0800][14.133s][debug][gc,phases,start] GC(17) Concurrent Weak Roots OopStorageSet (ZWorker#1)
[2024-08-16T20:43:18.122+0800][14.133s][debug][gc,phases,start] GC(17) Concurrent Weak Roots OopStorageSet (ZWorker#2)
[2024-08-16T20:43:18.122+0800][14.133s][debug][gc,phases,start] GC(17) Concurrent Weak Roots OopStorageSet (ZWorker#3)
[2024-08-16T20:43:18.122+0800][14.133s][debug][gc,phases      ] GC(17) Concurrent Weak Roots OopStorageSet (ZWorker#3) 0.046ms
[2024-08-16T20:43:18.122+0800][14.133s][debug][gc,phases,start] GC(17) Concurrent Weak Roots OopStorageSet (ZWorker#0)
[2024-08-16T20:43:18.122+0800][14.133s][debug][gc,phases      ] GC(17) Concurrent Weak Roots OopStorageSet (ZWorker#1) 0.041ms
[2024-08-16T20:43:18.122+0800][14.133s][debug][gc,phases      ] GC(17) Concurrent Weak Roots OopStorageSet (ZWorker#2) 0.038ms
[2024-08-16T20:43:18.122+0800][14.133s][debug][gc,phases      ] GC(17) Concurrent Weak Roots OopStorageSet (ZWorker#0) 0.019ms
[2024-08-16T20:43:18.122+0800][14.134s][debug][gc,phases,start] GC(17) Concurrent Classes Unlink (ZDriver)
[2024-08-16T20:43:18.122+0800][14.134s][debug][gc,phases,start] GC(17) ClassLoaderData
[2024-08-16T20:43:18.122+0800][14.134s][debug][gc,phases      ] GC(17) ClassLoaderData 0.073ms
[2024-08-16T20:43:18.122+0800][14.134s][debug][gc,phases,start] GC(17) Trigger cleanups
[2024-08-16T20:43:18.122+0800][14.134s][debug][gc,phases      ] GC(17) Trigger cleanups 0.027ms
[2024-08-16T20:43:18.122+0800][14.134s][debug][gc,task        ] GC(17) Executing Task: ZNMethodUnlinkTask, Active Workers: 4
[2024-08-16T20:43:18.123+0800][14.134s][debug][gc,phases      ] GC(17) Concurrent Classes Unlink (ZDriver) 0.848ms
[2024-08-16T20:43:18.123+0800][14.135s][debug][gc,phases,start] GC(17) Concurrent Classes Purge (ZDriver)
[2024-08-16T20:43:18.123+0800][14.135s][debug][gc,task        ] GC(17) Executing Task: ZNMethodPurgeTask, Active Workers: 4
[2024-08-16T20:43:18.123+0800][14.135s][debug][gc,phases      ] GC(17) Concurrent Classes Purge (ZDriver) 0.114ms
[2024-08-16T20:43:18.123+0800][14.135s][debug][gc,phases,start] GC(17) Concurrent References Enqueue (ZDriver)
[2024-08-16T20:43:18.123+0800][14.135s][debug][gc,phases      ] GC(17) Concurrent References Enqueue (ZDriver) 0.019ms
[2024-08-16T20:43:18.123+0800][14.135s][info ][gc,phases      ] GC(17) Concurrent Process Non-Strong References 1.601ms
[2024-08-16T20:43:18.123+0800][14.135s][debug][gc,phases,start] GC(17) Concurrent Reset Relocation Set
[2024-08-16T20:43:18.123+0800][14.135s][info ][gc,phases      ] GC(17) Concurrent Reset Relocation Set 0.005ms
[2024-08-16T20:43:18.123+0800][14.135s][debug][gc,phases,start] GC(17) Concurrent Select Relocation Set
[2024-08-16T20:43:18.124+0800][14.135s][debug][gc,task        ] GC(17) Executing Task: ZRelocationSetInstallTask, Active Workers: 4
[2024-08-16T20:43:18.124+0800][14.135s][info ][gc,phases      ] GC(17) Concurrent Select Relocation Set 0.594ms
[2024-08-16T20:43:18.124+0800][14.135s][info ][gc             ] Allocation Stall (main) 5.646ms
[2024-08-16T20:43:18.124+0800][14.136s][debug][gc,phases,start] GC(17) Pause Relocate Start
[2024-08-16T20:43:18.124+0800][14.136s][info ][gc,phases      ] GC(17) Pause Relocate Start 0.022ms
[2024-08-16T20:43:18.124+0800][14.136s][debug][gc,phases,start] GC(17) Concurrent Relocate
[2024-08-16T20:43:18.124+0800][14.136s][debug][gc,task        ] GC(17) Executing Task: ZRelocateTask, Active Workers: 4
[2024-08-16T20:43:18.124+0800][14.136s][info ][gc,phases      ] GC(17) Concurrent Relocate 0.106ms
[2024-08-16T20:43:18.124+0800][14.136s][debug][gc,heap        ] GC(17) Heap after GC invocations=18 (full 18):
[2024-08-16T20:43:18.124+0800][14.136s][debug][gc,heap        ] GC(17)  ZHeap           used 4066M, capacity 4096M, max capacity 4096M
[2024-08-16T20:43:18.124+0800][14.136s][debug][gc,heap        ] GC(17)  Metaspace       used 824K, committed 960K, reserved 1114112K
[2024-08-16T20:43:18.124+0800][14.136s][debug][gc,heap        ] GC(17)   class space    used 58K, committed 128K, reserved 1048576K
[2024-08-16T20:43:18.124+0800][14.136s][info ][gc,load        ] GC(17) Load: 1.59/0.54/0.18
[2024-08-16T20:43:18.124+0800][14.136s][info ][gc,mmu         ] GC(17) MMU: 2ms/77.6%, 5ms/91.1%, 10ms/95.5%, 20ms/97.5%, 50ms/99.0%, 100ms/99.5%
[2024-08-16T20:43:18.124+0800][14.136s][info ][gc,marking     ] GC(17) Mark: 4 stripe(s), 2 proactive flush(es), 1 terminate flush(es), 0 completion(s), 0 continuation(s) 
[2024-08-16T20:43:18.124+0800][14.136s][info ][gc,marking     ] GC(17) Mark Stack Usage: 32M
[2024-08-16T20:43:18.124+0800][14.136s][info ][gc,nmethod     ] GC(17) NMethods: 533 registered, 0 unregistered
[2024-08-16T20:43:18.124+0800][14.136s][info ][gc,metaspace   ] GC(17) Metaspace: 0M used, 0M committed, 1088M reserved
[2024-08-16T20:43:18.124+0800][14.136s][info ][gc,ref         ] GC(17) Soft: 94 encountered, 60 discovered, 27 enqueued
[2024-08-16T20:43:18.124+0800][14.136s][info ][gc,ref         ] GC(17) Weak: 193 encountered, 43 discovered, 4 enqueued
[2024-08-16T20:43:18.124+0800][14.136s][info ][gc,ref         ] GC(17) Final: 0 encountered, 0 discovered, 0 enqueued
[2024-08-16T20:43:18.124+0800][14.136s][info ][gc,ref         ] GC(17) Phantom: 1 encountered, 0 discovered, 0 enqueued
[2024-08-16T20:43:18.124+0800][14.136s][info ][gc,reloc       ] GC(17) Small Pages: 2 / 4M, Empty: 2M, Relocated: 0M, In-Place: 0
[2024-08-16T20:43:18.124+0800][14.136s][info ][gc,reloc       ] GC(17) Medium Pages: 127 / 4064M, Empty: 32M, Relocated: 0M, In-Place: 0
[2024-08-16T20:43:18.124+0800][14.136s][info ][gc,reloc       ] GC(17) Large Pages: 0 / 0M, Empty: 0M, Relocated: 0M, In-Place: 0
[2024-08-16T20:43:18.124+0800][14.136s][info ][gc,reloc       ] GC(17) Forwarding Usage: 0M
[2024-08-16T20:43:18.124+0800][14.136s][info ][gc,heap        ] GC(17) Min Capacity: 512M(12%)
[2024-08-16T20:43:18.124+0800][14.136s][info ][gc,heap        ] GC(17) Max Capacity: 4096M(100%)
[2024-08-16T20:43:18.124+0800][14.136s][info ][gc,heap        ] GC(17) Soft Max Capacity: 4096M(100%)
[2024-08-16T20:43:18.124+0800][14.136s][info ][gc,heap        ] GC(17)                Mark Start          Mark End        Relocate Start      Relocate End           High               Low         
[2024-08-16T20:43:18.124+0800][14.136s][info ][gc,heap        ] GC(17)  Capacity:     4096M (100%)       4096M (100%)       4096M (100%)       4096M (100%)       4096M (100%)       4096M (100%)   
[2024-08-16T20:43:18.124+0800][14.136s][info ][gc,heap        ] GC(17)      Free:       28M (1%)           28M (1%)           30M (1%)           30M (1%)           62M (2%)           28M (1%)     
[2024-08-16T20:43:18.124+0800][14.136s][info ][gc,heap        ] GC(17)      Used:     4068M (99%)        4068M (99%)        4066M (99%)        4066M (99%)        4068M (99%)        4034M (98%)    
[2024-08-16T20:43:18.124+0800][14.136s][info ][gc,heap        ] GC(17)      Live:         -              3875M (95%)        3875M (95%)        3875M (95%)            -                  -          
[2024-08-16T20:43:18.124+0800][14.136s][info ][gc,heap        ] GC(17) Allocated:         -                 0M (0%)           32M (1%)           32M (1%)             -                  -          
[2024-08-16T20:43:18.124+0800][14.136s][info ][gc,heap        ] GC(17)   Garbage:         -               192M (5%)          158M (4%)          158M (4%)             -                  -          
[2024-08-16T20:43:18.124+0800][14.136s][info ][gc,heap        ] GC(17) Reclaimed:         -                  -                34M (1%)           34M (1%)             -                  -          
[2024-08-16T20:43:18.124+0800][14.136s][info ][gc             ] GC(17) Garbage Collection (Allocation Stall) 4068M(99%)->4066M(99%)
[2024-08-16T20:43:18.162+0800][14.174s][debug][gc,heap        ] GC(18) Heap before GC invocations=18 (full 18):
[2024-08-16T20:43:18.162+0800][14.174s][debug][gc,heap        ] GC(18)  ZHeap           used 4068M, capacity 4096M, max capacity 4096M
[2024-08-16T20:43:18.162+0800][14.174s][debug][gc,heap        ] GC(18)  Metaspace       used 824K, committed 960K, reserved 1114112K
[2024-08-16T20:43:18.162+0800][14.174s][debug][gc,heap        ] GC(18)   class space    used 58K, committed 128K, reserved 1048576K
[2024-08-16T20:43:18.162+0800][14.174s][info ][gc,start       ] GC(18) Garbage Collection (Allocation Stall)
[2024-08-16T20:43:18.162+0800][14.174s][info ][gc,ref         ] GC(18) Clearing All SoftReferences
[2024-08-16T20:43:18.162+0800][14.174s][info ][gc,task        ] GC(18) Using 4 workers
[2024-08-16T20:43:18.162+0800][14.174s][debug][gc,alloc       ] Allocation Rate: 786.0MB/s, Predicted: 818.8MB/s, Avg: 743.6(+/-45.9)MB/s
[2024-08-16T20:43:18.162+0800][14.174s][debug][gc,phases,start] GC(18) Pause Mark Start
[2024-08-16T20:43:18.162+0800][14.174s][debug][gc,marking     ] GC(18) Using 4 mark stripes
[2024-08-16T20:43:18.162+0800][14.174s][debug][gc,marking     ] GC(18) Mark Worker/Stripe Distribution
[2024-08-16T20:43:18.162+0800][14.174s][debug][gc,marking     ] GC(18)   Worker 0(4) -> Stripe 0(4)
[2024-08-16T20:43:18.162+0800][14.174s][debug][gc,marking     ] GC(18)   Worker 1(4) -> Stripe 1(4)
[2024-08-16T20:43:18.162+0800][14.174s][debug][gc,marking     ] GC(18)   Worker 2(4) -> Stripe 2(4)
[2024-08-16T20:43:18.162+0800][14.174s][debug][gc,marking     ] GC(18)   Worker 3(4) -> Stripe 3(4)
[2024-08-16T20:43:18.162+0800][14.174s][info ][gc,phases      ] GC(18) Pause Mark Start 0.066ms
[2024-08-16T20:43:18.162+0800][14.174s][debug][gc,phases,start] GC(18) Concurrent Mark
[2024-08-16T20:43:18.162+0800][14.174s][debug][gc,task        ] GC(18) Executing Task: ZMarkRootsTask, Active Workers: 4
[2024-08-16T20:43:18.162+0800][14.174s][debug][gc,phases,start] GC(18) Concurrent Roots OopStorageSet (ZWorker#2)
[2024-08-16T20:43:18.163+0800][14.174s][debug][gc,phases,start] GC(18) Concurrent Roots OopStorageSet (ZWorker#3)
[2024-08-16T20:43:18.163+0800][14.174s][debug][gc,phases,start] GC(18) Concurrent Roots OopStorageSet (ZWorker#0)
[2024-08-16T20:43:18.163+0800][14.174s][debug][gc,phases      ] GC(18) Concurrent Roots OopStorageSet (ZWorker#0) 0.110ms
[2024-08-16T20:43:18.163+0800][14.175s][debug][gc,phases,start] GC(18) Concurrent Roots ClassLoaderDataGraph (ZWorker#0)
[2024-08-16T20:43:18.163+0800][14.174s][debug][gc,phases,start] GC(18) Concurrent Roots OopStorageSet (ZWorker#1)
[2024-08-16T20:43:18.163+0800][14.175s][debug][gc,phases      ] GC(18) Concurrent Roots OopStorageSet (ZWorker#1) 0.348ms
[2024-08-16T20:43:18.163+0800][14.175s][debug][gc,phases      ] GC(18) Concurrent Roots ClassLoaderDataGraph (ZWorker#0) 0.127ms
[2024-08-16T20:43:18.163+0800][14.175s][debug][gc,phases,start] GC(18) Concurrent Roots JavaThreads (ZWorker#0)
[2024-08-16T20:43:18.163+0800][14.174s][debug][gc,phases      ] GC(18) Concurrent Roots OopStorageSet (ZWorker#3) 0.086ms
[2024-08-16T20:43:18.163+0800][14.175s][debug][gc,phases,start] GC(18) Concurrent Roots JavaThreads (ZWorker#3)
[2024-08-16T20:43:18.163+0800][14.175s][debug][gc,phases,start] GC(18) Concurrent Roots ClassLoaderDataGraph (ZWorker#1)
[2024-08-16T20:43:18.163+0800][14.175s][debug][gc,phases      ] GC(18) Concurrent Roots JavaThreads (ZWorker#3) 0.098ms
[2024-08-16T20:43:18.163+0800][14.175s][debug][gc,phases      ] GC(18) Concurrent Roots JavaThreads (ZWorker#0) 0.250ms
[2024-08-16T20:43:18.163+0800][14.175s][debug][gc,phases      ] GC(18) Concurrent Roots ClassLoaderDataGraph (ZWorker#1) 0.235ms
[2024-08-16T20:43:18.163+0800][14.174s][debug][gc,phases      ] GC(18) Concurrent Roots OopStorageSet (ZWorker#2) 0.056ms
[2024-08-16T20:43:18.163+0800][14.175s][debug][gc,tlab        ] GC(18) TLAB totals: thrds: 1  refills: 1 max: 1 slow allocs: 31 max 31 waste: 34.0% gc: 89040B max: 89040B slow: 0B max: 0B
[2024-08-16T20:43:18.163+0800][14.175s][debug][gc,task        ] GC(18) Executing Task: ZMarkTask, Active Workers: 4
[2024-08-16T20:43:18.164+0800][14.175s][debug][gc,phases,start] GC(18) Concurrent Mark (ZWorker#0)
[2024-08-16T20:43:18.164+0800][14.175s][debug][gc,phases,start] GC(18) Concurrent Mark (ZWorker#1)
[2024-08-16T20:43:18.164+0800][14.175s][debug][gc,phases,start] GC(18) Concurrent Mark (ZWorker#2)
[2024-08-16T20:43:18.164+0800][14.175s][debug][gc,phases,start] GC(18) Concurrent Mark (ZWorker#3)
[2024-08-16T20:43:18.164+0800][14.176s][debug][gc,phases,start] GC(18) Concurrent Mark Try Terminate (ZWorker#0)
[2024-08-16T20:43:18.164+0800][14.176s][debug][gc,phases,start] GC(18) Concurrent Mark Try Flush (ZWorker#3)
[2024-08-16T20:43:18.164+0800][14.176s][debug][gc,phases,start] GC(18) Concurrent Mark Try Terminate (ZWorker#1)
[2024-08-16T20:43:18.165+0800][14.176s][debug][gc,phases      ] GC(18) Concurrent Mark Try Flush (ZWorker#3) 0.245ms
[2024-08-16T20:43:18.165+0800][14.177s][debug][gc,phases,start] GC(18) Concurrent Mark Try Terminate (ZWorker#2)
[2024-08-16T20:43:18.165+0800][14.177s][debug][gc,phases,start] GC(18) Concurrent Mark Try Flush (ZWorker#3)
[2024-08-16T20:43:18.165+0800][14.177s][debug][gc,phases      ] GC(18) Concurrent Mark Try Flush (ZWorker#3) 0.105ms
[2024-08-16T20:43:18.165+0800][14.177s][debug][gc,phases,start] GC(18) Concurrent Mark Try Terminate (ZWorker#3)
[2024-08-16T20:43:18.165+0800][14.177s][debug][gc,phases,start] GC(18) Concurrent Mark Try Flush (ZWorker#3)
[2024-08-16T20:43:18.165+0800][14.177s][debug][gc,phases      ] GC(18) Concurrent Mark Try Flush (ZWorker#3) 0.076ms
[2024-08-16T20:43:18.165+0800][14.177s][debug][gc,phases      ] GC(18) Concurrent Mark Try Terminate (ZWorker#3) 0.098ms
[2024-08-16T20:43:18.165+0800][14.177s][debug][gc,phases,start] GC(18) Concurrent Mark Try Terminate (ZWorker#3)
[2024-08-16T20:43:18.165+0800][14.177s][debug][gc,phases      ] GC(18) Concurrent Mark Try Terminate (ZWorker#3) 0.006ms
[2024-08-16T20:43:18.165+0800][14.177s][debug][gc,phases      ] GC(18) Concurrent Mark (ZWorker#3) 1.568ms
[2024-08-16T20:43:18.165+0800][14.177s][debug][gc,phases      ] GC(18) Concurrent Mark Try Terminate (ZWorker#0) 1.222ms
[2024-08-16T20:43:18.165+0800][14.177s][debug][gc,phases      ] GC(18) Concurrent Mark (ZWorker#0) 1.958ms
[2024-08-16T20:43:18.166+0800][14.177s][debug][gc,phases      ] GC(18) Concurrent Mark Try Terminate (ZWorker#1) 1.249ms
[2024-08-16T20:43:18.166+0800][14.177s][debug][gc,phases      ] GC(18) Concurrent Mark (ZWorker#1) 1.983ms
[2024-08-16T20:43:18.166+0800][14.178s][debug][gc,phases      ] GC(18) Concurrent Mark Try Terminate (ZWorker#2) 1.181ms
[2024-08-16T20:43:18.166+0800][14.178s][debug][gc,phases      ] GC(18) Concurrent Mark (ZWorker#2) 2.446ms
[2024-08-16T20:43:18.166+0800][14.178s][info ][gc,phases      ] GC(18) Concurrent Mark 3.785ms
[2024-08-16T20:43:18.166+0800][14.178s][debug][gc,phases,start] GC(18) Pause Mark End
[2024-08-16T20:43:18.166+0800][14.178s][info ][gc,phases      ] GC(18) Pause Mark End 0.035ms
[2024-08-16T20:43:18.166+0800][14.178s][debug][gc,phases,start] GC(18) Concurrent Mark Free
[2024-08-16T20:43:18.166+0800][14.178s][info ][gc,phases      ] GC(18) Concurrent Mark Free 0.023ms
[2024-08-16T20:43:18.166+0800][14.178s][debug][gc,phases,start] GC(18) Concurrent Process Non-Strong References
[2024-08-16T20:43:18.166+0800][14.178s][debug][gc,phases,start] GC(18) Concurrent References Process (ZDriver)
[2024-08-16T20:43:18.166+0800][14.178s][debug][gc,task        ] GC(18) Executing Task: ZReferenceProcessorTask, Active Workers: 4
[2024-08-16T20:43:18.167+0800][14.178s][debug][gc,phases      ] GC(18) Concurrent References Process (ZDriver) 0.248ms
[2024-08-16T20:43:18.167+0800][14.178s][debug][gc,task        ] GC(18) Executing Task: ZProcessWeakRootsTask, Active Workers: 4
[2024-08-16T20:43:18.167+0800][14.179s][debug][gc,phases,start] GC(18) Concurrent Weak Roots OopStorageSet (ZWorker#0)
[2024-08-16T20:43:18.167+0800][14.179s][debug][gc,phases,start] GC(18) Concurrent Weak Roots OopStorageSet (ZWorker#1)
[2024-08-16T20:43:18.167+0800][14.179s][debug][gc,phases      ] GC(18) Concurrent Weak Roots OopStorageSet (ZWorker#0) 0.149ms
[2024-08-16T20:43:18.167+0800][14.179s][debug][gc,phases      ] GC(18) Concurrent Weak Roots OopStorageSet (ZWorker#1) 0.103ms
[2024-08-16T20:43:18.167+0800][14.179s][debug][gc,phases,start] GC(18) Concurrent Weak Roots OopStorageSet (ZWorker#3)
[2024-08-16T20:43:18.167+0800][14.179s][debug][gc,phases      ] GC(18) Concurrent Weak Roots OopStorageSet (ZWorker#3) 0.321ms
[2024-08-16T20:43:18.167+0800][14.179s][debug][gc,phases,start] GC(18) Concurrent Weak Roots OopStorageSet (ZWorker#2)
[2024-08-16T20:43:18.167+0800][14.179s][debug][gc,phases      ] GC(18) Concurrent Weak Roots OopStorageSet (ZWorker#2) 0.319ms
[2024-08-16T20:43:18.167+0800][14.179s][debug][gc,phases,start] GC(18) Concurrent Classes Unlink (ZDriver)
[2024-08-16T20:43:18.167+0800][14.179s][debug][gc,phases,start] GC(18) ClassLoaderData
[2024-08-16T20:43:18.167+0800][14.179s][debug][gc,phases      ] GC(18) ClassLoaderData 0.013ms
[2024-08-16T20:43:18.167+0800][14.179s][debug][gc,phases,start] GC(18) Trigger cleanups
[2024-08-16T20:43:18.167+0800][14.179s][debug][gc,phases      ] GC(18) Trigger cleanups 0.009ms
[2024-08-16T20:43:18.167+0800][14.179s][debug][gc,task        ] GC(18) Executing Task: ZNMethodUnlinkTask, Active Workers: 4
[2024-08-16T20:43:18.168+0800][14.180s][debug][gc,phases      ] GC(18) Concurrent Classes Unlink (ZDriver) 0.551ms
[2024-08-16T20:43:18.168+0800][14.180s][debug][gc,phases,start] GC(18) Concurrent Classes Purge (ZDriver)
[2024-08-16T20:43:18.168+0800][14.180s][debug][gc,task        ] GC(18) Executing Task: ZNMethodPurgeTask, Active Workers: 4
[2024-08-16T20:43:18.168+0800][14.180s][debug][gc,phases      ] GC(18) Concurrent Classes Purge (ZDriver) 0.258ms
[2024-08-16T20:43:18.168+0800][14.180s][debug][gc,phases,start] GC(18) Concurrent References Enqueue (ZDriver)
[2024-08-16T20:43:18.168+0800][14.180s][debug][gc,phases      ] GC(18) Concurrent References Enqueue (ZDriver) 0.010ms
[2024-08-16T20:43:18.168+0800][14.180s][info ][gc,phases      ] GC(18) Concurrent Process Non-Strong References 1.939ms
[2024-08-16T20:43:18.168+0800][14.180s][debug][gc,phases,start] GC(18) Concurrent Reset Relocation Set
[2024-08-16T20:43:18.168+0800][14.180s][info ][gc,phases      ] GC(18) Concurrent Reset Relocation Set 0.008ms
[2024-08-16T20:43:18.168+0800][14.180s][debug][gc,phases,start] GC(18) Concurrent Select Relocation Set
[2024-08-16T20:43:18.169+0800][14.181s][debug][gc,task        ] GC(18) Executing Task: ZRelocationSetInstallTask, Active Workers: 4
[2024-08-16T20:43:18.169+0800][14.181s][info ][gc,phases      ] GC(18) Concurrent Select Relocation Set 1.131ms
[2024-08-16T20:43:18.170+0800][14.181s][debug][gc,phases,start] GC(18) Pause Relocate Start
[2024-08-16T20:43:18.170+0800][14.181s][info ][gc,phases      ] GC(18) Pause Relocate Start 0.039ms
[2024-08-16T20:43:18.170+0800][14.181s][debug][gc,phases,start] GC(18) Concurrent Relocate
[2024-08-16T20:43:18.170+0800][14.182s][debug][gc,task        ] GC(18) Executing Task: ZRelocateTask, Active Workers: 4
[2024-08-16T20:43:18.170+0800][14.182s][info ][gc,phases      ] GC(18) Concurrent Relocate 0.190ms
[2024-08-16T20:43:18.170+0800][14.182s][debug][gc,heap        ] GC(18) Heap after GC invocations=19 (full 19):
[2024-08-16T20:43:18.170+0800][14.182s][debug][gc,heap        ] GC(18)  ZHeap           used 4066M, capacity 4096M, max capacity 4096M
[2024-08-16T20:43:18.170+0800][14.182s][debug][gc,heap        ] GC(18)  Metaspace       used 824K, committed 960K, reserved 1114112K
[2024-08-16T20:43:18.170+0800][14.182s][debug][gc,heap        ] GC(18)   class space    used 58K, committed 128K, reserved 1048576K
[2024-08-16T20:43:18.170+0800][14.182s][info ][gc,load        ] GC(18) Load: 1.59/0.54/0.18
[2024-08-16T20:43:18.170+0800][14.182s][info ][gc,mmu         ] GC(18) MMU: 2ms/77.6%, 5ms/91.1%, 10ms/95.5%, 20ms/97.5%, 50ms/99.0%, 100ms/99.5%
[2024-08-16T20:43:18.170+0800][14.182s][info ][gc,marking     ] GC(18) Mark: 4 stripe(s), 2 proactive flush(es), 1 terminate flush(es), 0 completion(s), 0 continuation(s) 
[2024-08-16T20:43:18.170+0800][14.182s][info ][gc,marking     ] GC(18) Mark Stack Usage: 32M
[2024-08-16T20:43:18.170+0800][14.182s][info ][gc,nmethod     ] GC(18) NMethods: 533 registered, 0 unregistered
[2024-08-16T20:43:18.170+0800][14.182s][info ][gc,metaspace   ] GC(18) Metaspace: 0M used, 0M committed, 1088M reserved
[2024-08-16T20:43:18.170+0800][14.182s][info ][gc,ref         ] GC(18) Soft: 67 encountered, 32 discovered, 0 enqueued
[2024-08-16T20:43:18.170+0800][14.182s][info ][gc,ref         ] GC(18) Weak: 189 encountered, 149 discovered, 0 enqueued
[2024-08-16T20:43:18.170+0800][14.182s][info ][gc,ref         ] GC(18) Final: 0 encountered, 0 discovered, 0 enqueued
[2024-08-16T20:43:18.170+0800][14.182s][info ][gc,ref         ] GC(18) Phantom: 1 encountered, 0 discovered, 0 enqueued
[2024-08-16T20:43:18.170+0800][14.182s][info ][gc,reloc       ] GC(18) Small Pages: 2 / 4M, Empty: 2M, Relocated: 0M, In-Place: 0
[2024-08-16T20:43:18.170+0800][14.182s][info ][gc,reloc       ] GC(18) Medium Pages: 127 / 4064M, Empty: 0M, Relocated: 0M, In-Place: 0
[2024-08-16T20:43:18.170+0800][14.182s][info ][gc,reloc       ] GC(18) Large Pages: 0 / 0M, Empty: 0M, Relocated: 0M, In-Place: 0
[2024-08-16T20:43:18.170+0800][14.182s][info ][gc,reloc       ] GC(18) Forwarding Usage: 0M
[2024-08-16T20:43:18.170+0800][14.182s][info ][gc,heap        ] GC(18) Min Capacity: 512M(12%)
[2024-08-16T20:43:18.170+0800][14.182s][info ][gc,heap        ] GC(18) Max Capacity: 4096M(100%)
[2024-08-16T20:43:18.170+0800][14.182s][info ][gc,heap        ] GC(18) Soft Max Capacity: 4096M(100%)
[2024-08-16T20:43:18.170+0800][14.182s][info ][gc,heap        ] GC(18)                Mark Start          Mark End        Relocate Start      Relocate End           High               Low         
[2024-08-16T20:43:18.170+0800][14.182s][info ][gc,heap        ] GC(18)  Capacity:     4096M (100%)       4096M (100%)       4096M (100%)       4096M (100%)       4096M (100%)       4096M (100%)   
[2024-08-16T20:43:18.170+0800][14.182s][info ][gc,heap        ] GC(18)      Free:       28M (1%)           28M (1%)           30M (1%)           30M (1%)           30M (1%)           28M (1%)     
[2024-08-16T20:43:18.170+0800][14.182s][info ][gc,heap        ] GC(18)      Used:     4068M (99%)        4068M (99%)        4066M (99%)        4066M (99%)        4068M (99%)        4066M (99%)    
[2024-08-16T20:43:18.170+0800][14.182s][info ][gc,heap        ] GC(18)      Live:         -              3906M (95%)        3906M (95%)        3906M (95%)            -                  -          
[2024-08-16T20:43:18.170+0800][14.182s][info ][gc,heap        ] GC(18) Allocated:         -                 0M (0%)            0M (0%)            0M (0%)             -                  -          
[2024-08-16T20:43:18.170+0800][14.182s][info ][gc,heap        ] GC(18)   Garbage:         -               161M (4%)          159M (4%)          159M (4%)             -                  -          
[2024-08-16T20:43:18.170+0800][14.182s][info ][gc,heap        ] GC(18) Reclaimed:         -                  -                 2M (0%)            2M (0%)             -                  -          
[2024-08-16T20:43:18.170+0800][14.182s][info ][gc             ] GC(18) Garbage Collection (Allocation Stall) 4068M(99%)->4066M(99%)
[2024-08-16T20:43:18.171+0800][14.182s][info ][gc             ] Allocation Stall (main) 8.780ms
[2024-08-16T20:43:18.171+0800][14.183s][info ][gc             ] Out Of Memory (main)
[2024-08-16T20:43:18.183+0800][14.194s][info ][gc,heap,exit   ] Heap
[2024-08-16T20:43:18.183+0800][14.195s][info ][gc,heap,exit   ]  ZHeap           used 4070M, capacity 4096M, max capacity 4096M
[2024-08-16T20:43:18.183+0800][14.195s][info ][gc,heap,exit   ]  Metaspace       used 937K, committed 1024K, reserved 1114112K
[2024-08-16T20:43:18.183+0800][14.195s][info ][gc,heap,exit   ]   class space    used 72K, committed 128K, reserved 1048576K
