[2024-08-16T20:42:29.962+0800][0.005s][debug][gc,heap] Minimum heap 536870912  Initial heap 536870912  Maximum heap 4294967296
[2024-08-16T20:42:29.962+0800][0.005s][info ][gc     ] Using Parallel
[2024-08-16T20:42:29.962+0800][0.005s][debug][gc,heap,coops] Heap address: 0x0000000700000000, size: 4096 MB, Compressed Oops mode: Zero based, Oop shift amount: 3
[2024-08-16T20:42:29.963+0800][0.007s][info ][gc,init      ] Version: 17.0.11+1-LTS (release)
[2024-08-16T20:42:29.963+0800][0.007s][info ][gc,init      ] CPUs: 16 total, 16 available
[2024-08-16T20:42:29.963+0800][0.007s][info ][gc,init      ] Memory: 53303M
[2024-08-16T20:42:29.963+0800][0.007s][info ][gc,init      ] Large Page Support: Disabled
[2024-08-16T20:42:29.963+0800][0.007s][info ][gc,init      ] NUMA Support: Disabled
[2024-08-16T20:42:29.963+0800][0.007s][info ][gc,init      ] Compressed Oops: Enabled (Zero based)
[2024-08-16T20:42:29.963+0800][0.007s][info ][gc,init      ] Alignments: Space 512K, Generation 512K, Heap 2M
[2024-08-16T20:42:29.963+0800][0.007s][info ][gc,init      ] Heap Min Capacity: 512M
[2024-08-16T20:42:29.963+0800][0.007s][info ][gc,init      ] Heap Initial Capacity: 512M
[2024-08-16T20:42:29.963+0800][0.007s][info ][gc,init      ] Heap Max Capacity: 4G
[2024-08-16T20:42:29.963+0800][0.007s][info ][gc,init      ] Pre-touch: Disabled
[2024-08-16T20:42:29.963+0800][0.007s][info ][gc,init      ] Parallel Workers: 13
[2024-08-16T20:42:29.971+0800][0.015s][info ][gc,metaspace ] CDS archive(s) mapped at: [0x00007f1403000000-0x00007f1403bbb000-0x00007f1403bbb000), size 12300288, SharedBaseAddress: 0x00007f1403000000, ArchiveRelocationMode: 1.
[2024-08-16T20:42:29.971+0800][0.015s][info ][gc,metaspace ] Compressed class space mapped at: 0x00007f1404000000-0x00007f1444000000, reserved size: 1073741824
[2024-08-16T20:42:29.971+0800][0.015s][info ][gc,metaspace ] Narrow klass base: 0x00007f1403000000, Narrow klass shift: 0, Narrow klass range: 0x100000000
[2024-08-16T20:42:30.277+0800][0.321s][debug][gc,heap      ] GC(0) Heap before GC invocations=1 (full 0):
[2024-08-16T20:42:30.278+0800][0.321s][debug][gc,heap      ] GC(0)  PSYoungGen      total 153088K, used 131504K [0x00000007aab00000, 0x00000007b5580000, 0x0000000800000000)
[2024-08-16T20:42:30.278+0800][0.321s][debug][gc,heap      ] GC(0)   eden space 131584K, 99% used [0x00000007aab00000,0x00000007b2b6c090,0x00000007b2b80000)
[2024-08-16T20:42:30.278+0800][0.321s][debug][gc,heap      ] GC(0)   from space 21504K, 0% used [0x00000007b4080000,0x00000007b4080000,0x00000007b5580000)
[2024-08-16T20:42:30.278+0800][0.321s][debug][gc,heap      ] GC(0)   to   space 21504K, 0% used [0x00000007b2b80000,0x00000007b2b80000,0x00000007b4080000)
[2024-08-16T20:42:30.278+0800][0.321s][debug][gc,heap      ] GC(0)  ParOldGen       total 349696K, used 0K [0x0000000700000000, 0x0000000715580000, 0x00000007aab00000)
[2024-08-16T20:42:30.278+0800][0.321s][debug][gc,heap      ] GC(0)   object space 349696K, 0% used [0x0000000700000000,0x0000000700000000,0x0000000715580000)
[2024-08-16T20:42:30.278+0800][0.321s][debug][gc,heap      ] GC(0)  Metaspace       used 792K, committed 896K, reserved 1114112K
[2024-08-16T20:42:30.278+0800][0.321s][debug][gc,heap      ] GC(0)   class space    used 62K, committed 128K, reserved 1048576K
[2024-08-16T20:42:30.278+0800][0.321s][debug][gc,tlab      ] GC(0) TLAB totals: thrds: 5  refills: 6 max: 2 slow allocs: 113 max 113 waste: 65.3% gc: 11194832B max: 2694800B slow: 42104B max: 42104B
[2024-08-16T20:42:30.278+0800][0.321s][info ][gc,start     ] GC(0) Pause Young (Allocation Failure)
[2024-08-16T20:42:30.280+0800][0.323s][debug][gc,phases,start] GC(0) Scavenge
[2024-08-16T20:42:30.286+0800][0.330s][debug][gc,phases      ] GC(0) Scavenge 6.307ms
[2024-08-16T20:42:30.286+0800][0.330s][debug][gc,phases,start] GC(0) Reference Processing
[2024-08-16T20:42:30.286+0800][0.330s][debug][gc,ref         ] GC(0) Skipped phase 1 of Reference Processing: no references
[2024-08-16T20:42:30.286+0800][0.330s][debug][gc,ref         ] GC(0) ReferenceProcessor::execute queues: 1, RefProcThreadModel::Single, marks_oops_alive: false
[2024-08-16T20:42:30.286+0800][0.330s][debug][gc,ref         ] GC(0) Skipped phase 3 of Reference Processing: no references
[2024-08-16T20:42:30.286+0800][0.330s][debug][gc,ref         ] GC(0) ReferenceProcessor::execute queues: 1, RefProcThreadModel::Single, marks_oops_alive: false
[2024-08-16T20:42:30.286+0800][0.330s][debug][gc,phases,ref  ] GC(0) Reference Processing: 0.1ms
[2024-08-16T20:42:30.286+0800][0.330s][debug][gc,phases,ref  ] GC(0)   Reconsider SoftReferences: 0.0ms
[2024-08-16T20:42:30.286+0800][0.330s][debug][gc,phases,ref  ] GC(0)     SoftRef (ms):                  skipped
[2024-08-16T20:42:30.286+0800][0.330s][debug][gc,phases,ref  ] GC(0)   Notify Soft/WeakReferences: 0.1ms
[2024-08-16T20:42:30.286+0800][0.330s][debug][gc,phases,ref  ] GC(0)     SoftRef (ms):                  Min:  0.0, Avg:  0.0, Max:  0.0, Diff:  0.0, Sum:  0.0, Workers: 13
[2024-08-16T20:42:30.286+0800][0.330s][debug][gc,phases,ref  ] GC(0)     WeakRef (ms):                  Min:  0.0, Avg:  0.0, Max:  0.0, Diff:  0.0, Sum:  0.0, Workers: 13
[2024-08-16T20:42:30.286+0800][0.330s][debug][gc,phases,ref  ] GC(0)     FinalRef (ms):                 Min:  0.0, Avg:  0.0, Max:  0.0, Diff:  0.0, Sum:  0.0, Workers: 13
[2024-08-16T20:42:30.286+0800][0.330s][debug][gc,phases,ref  ] GC(0)     Total (ms):                    Min:  0.0, Avg:  0.0, Max:  0.0, Diff:  0.0, Sum:  0.0, Workers: 13
[2024-08-16T20:42:30.286+0800][0.330s][debug][gc,phases,ref  ] GC(0)   Notify and keep alive finalizable: 0.0ms
[2024-08-16T20:42:30.286+0800][0.330s][debug][gc,phases,ref  ] GC(0)     FinalRef (ms):                 skipped
[2024-08-16T20:42:30.287+0800][0.330s][debug][gc,phases,ref  ] GC(0)   Notify PhantomReferences: 0.0ms
[2024-08-16T20:42:30.287+0800][0.330s][debug][gc,phases,ref  ] GC(0)     PhantomRef (ms):               Min:  0.0, Avg:  0.0, Max:  0.0, Diff:  0.0, Sum:  0.0, Workers: 13
[2024-08-16T20:42:30.287+0800][0.330s][debug][gc,phases,ref  ] GC(0)   SoftReference:
[2024-08-16T20:42:30.287+0800][0.330s][debug][gc,phases,ref  ] GC(0)     Discovered: 0
[2024-08-16T20:42:30.287+0800][0.330s][debug][gc,phases,ref  ] GC(0)     Cleared: 0
[2024-08-16T20:42:30.287+0800][0.330s][debug][gc,phases,ref  ] GC(0)   WeakReference:
[2024-08-16T20:42:30.287+0800][0.330s][debug][gc,phases,ref  ] GC(0)     Discovered: 103
[2024-08-16T20:42:30.287+0800][0.330s][debug][gc,phases,ref  ] GC(0)     Cleared: 58
[2024-08-16T20:42:30.287+0800][0.330s][debug][gc,phases,ref  ] GC(0)   FinalReference:
[2024-08-16T20:42:30.287+0800][0.330s][debug][gc,phases,ref  ] GC(0)     Discovered: 0
[2024-08-16T20:42:30.287+0800][0.330s][debug][gc,phases,ref  ] GC(0)     Cleared: 0
[2024-08-16T20:42:30.287+0800][0.330s][debug][gc,phases,ref  ] GC(0)   PhantomReference:
[2024-08-16T20:42:30.287+0800][0.330s][debug][gc,phases,ref  ] GC(0)     Discovered: 22
[2024-08-16T20:42:30.287+0800][0.330s][debug][gc,phases,ref  ] GC(0)     Cleared: 1
[2024-08-16T20:42:30.287+0800][0.330s][debug][gc,phases      ] GC(0) Reference Processing 0.292ms
[2024-08-16T20:42:30.287+0800][0.330s][debug][gc,phases,start] GC(0) Weak Processing
[2024-08-16T20:42:30.287+0800][0.330s][debug][gc,phases      ] GC(0)   VM Weak                        Min:  0.0, Avg:  0.0, Max:  0.0, Diff:  0.0, Sum:  0.0, Workers: 3
[2024-08-16T20:42:30.287+0800][0.330s][debug][gc,phases      ] GC(0)     Dead                           Min: 0, Avg:  0.0, Max: 0, Diff: 0, Sum: 0, Workers: 3
[2024-08-16T20:42:30.287+0800][0.330s][debug][gc,phases      ] GC(0)     Total                          Min: 0, Avg:  7.7, Max: 23, Diff: 23, Sum: 23, Workers: 3
[2024-08-16T20:42:30.287+0800][0.330s][debug][gc,phases      ] GC(0)   ObjectSynchronizer Weak        Min:  0.0, Avg:  0.0, Max:  0.0, Diff:  0.0, Sum:  0.0, Workers: 3
[2024-08-16T20:42:30.287+0800][0.330s][debug][gc,phases      ] GC(0)     Dead                           Min: 0, Avg:  0.0, Max: 0, Diff: 0, Sum: 0, Workers: 3
[2024-08-16T20:42:30.287+0800][0.330s][debug][gc,phases      ] GC(0)     Total                          Min: 0, Avg:  1.0, Max: 3, Diff: 3, Sum: 3, Workers: 3
[2024-08-16T20:42:30.287+0800][0.330s][debug][gc,phases      ] GC(0)   JVMTI Tag Weak OopStorage      Min:  0.0, Avg:  0.0, Max:  0.0, Diff:  0.0, Sum:  0.0, Workers: 3
[2024-08-16T20:42:30.287+0800][0.330s][debug][gc,phases      ] GC(0)     Dead                           Min: 0, Avg:  0.0, Max: 0, Diff: 0, Sum: 0, Workers: 3
[2024-08-16T20:42:30.287+0800][0.330s][debug][gc,phases      ] GC(0)     Total                          Min: 0, Avg:  0.0, Max: 0, Diff: 0, Sum: 0, Workers: 3
[2024-08-16T20:42:30.287+0800][0.330s][debug][gc,phases      ] GC(0)   StringTable Weak               Min:  0.0, Avg:  0.0, Max:  0.0, Diff:  0.0, Sum:  0.0, Workers: 3
[2024-08-16T20:42:30.287+0800][0.330s][debug][gc,phases      ] GC(0)     Dead                           Min: 0, Avg:  5.0, Max: 15, Diff: 15, Sum: 15, Workers: 3
[2024-08-16T20:42:30.287+0800][0.330s][debug][gc,phases      ] GC(0)     Total                          Min: 0, Avg: 655.0, Max: 1965, Diff: 1965, Sum: 1965, Workers: 3
[2024-08-16T20:42:30.287+0800][0.330s][debug][gc,phases      ] GC(0)   ResolvedMethodTable Weak       Min:  0.0, Avg:  0.0, Max:  0.0, Diff:  0.0, Sum:  0.0, Workers: 3
[2024-08-16T20:42:30.287+0800][0.330s][debug][gc,phases      ] GC(0)     Dead                           Min: 0, Avg:  0.0, Max: 0, Diff: 0, Sum: 0, Workers: 3
[2024-08-16T20:42:30.287+0800][0.330s][debug][gc,phases      ] GC(0)     Total                          Min: 0, Avg: 62.3, Max: 187, Diff: 187, Sum: 187, Workers: 3
[2024-08-16T20:42:30.287+0800][0.330s][debug][gc,phases      ] GC(0)   JNI Weak                       Min:  0.0, Avg:  0.0, Max:  0.0, Diff:  0.0, Sum:  0.0, Workers: 3
[2024-08-16T20:42:30.287+0800][0.330s][debug][gc,phases      ] GC(0)     Dead                           Min: 0, Avg:  0.0, Max: 0, Diff: 0, Sum: 0, Workers: 3
[2024-08-16T20:42:30.287+0800][0.330s][debug][gc,phases      ] GC(0)     Total                          Min: 0, Avg:  0.0, Max: 0, Diff: 0, Sum: 0, Workers: 3
[2024-08-16T20:42:30.287+0800][0.330s][debug][gc,phases      ] GC(0)   StringDedup Table Weak         Min:  0.0, Avg:  0.0, Max:  0.0, Diff:  0.0, Sum:  0.0, Workers: 3
[2024-08-16T20:42:30.287+0800][0.330s][debug][gc,phases      ] GC(0)     Dead                           Min: 0, Avg:  0.0, Max: 0, Diff: 0, Sum: 0, Workers: 3
[2024-08-16T20:42:30.287+0800][0.330s][debug][gc,phases      ] GC(0)     Total                          Min: 0, Avg:  0.0, Max: 0, Diff: 0, Sum: 0, Workers: 3
[2024-08-16T20:42:30.287+0800][0.330s][debug][gc,phases      ] GC(0)   StringDedup Requests0 Weak     Min:  0.0, Avg:  0.0, Max:  0.0, Diff:  0.0, Sum:  0.0, Workers: 3
[2024-08-16T20:42:30.287+0800][0.330s][debug][gc,phases      ] GC(0)     Dead                           Min: 0, Avg:  0.0, Max: 0, Diff: 0, Sum: 0, Workers: 3
[2024-08-16T20:42:30.287+0800][0.330s][debug][gc,phases      ] GC(0)     Total                          Min: 0, Avg:  0.0, Max: 0, Diff: 0, Sum: 0, Workers: 3
[2024-08-16T20:42:30.287+0800][0.330s][debug][gc,phases      ] GC(0)   StringDedup Requests1 Weak     Min:  0.0, Avg:  0.0, Max:  0.0, Diff:  0.0, Sum:  0.0, Workers: 3
[2024-08-16T20:42:30.287+0800][0.330s][debug][gc,phases      ] GC(0)     Dead                           Min: 0, Avg:  0.0, Max: 0, Diff: 0, Sum: 0, Workers: 3
[2024-08-16T20:42:30.287+0800][0.330s][debug][gc,phases      ] GC(0)     Total                          Min: 0, Avg:  0.0, Max: 0, Diff: 0, Sum: 0, Workers: 3
[2024-08-16T20:42:30.287+0800][0.330s][debug][gc,phases      ] GC(0)   Weak JFR Old Object Samples    Min:  0.0, Avg:  0.0, Max:  0.0, Diff:  0.0, Sum:  0.0, Workers: 3
[2024-08-16T20:42:30.287+0800][0.330s][debug][gc,phases      ] GC(0)     Dead                           Min: 0, Avg:  0.0, Max: 0, Diff: 0, Sum: 0, Workers: 3
[2024-08-16T20:42:30.287+0800][0.330s][debug][gc,phases      ] GC(0)     Total                          Min: 0, Avg:  0.0, Max: 0, Diff: 0, Sum: 0, Workers: 3
[2024-08-16T20:42:30.287+0800][0.330s][debug][gc,phases      ] GC(0) Weak Processing 0.312ms
[2024-08-16T20:42:30.287+0800][0.330s][debug][gc,ergo        ] GC(0) AdaptiveSizeStart:  collection: 1 
[2024-08-16T20:42:30.287+0800][0.330s][debug][gc,age         ] GC(0) Desired survivor size 22020096 bytes, new threshold 7 (max threshold 15)
[2024-08-16T20:42:30.287+0800][0.330s][debug][gc,ergo        ] GC(0) PSAdaptiveSizePolicy::compute_eden_space_size: costs minor_time: 0.028755 major_cost: 0.000000 mutator_cost: 0.971245 throughput_goal: 0.990000
[2024-08-16T20:42:30.287+0800][0.330s][debug][gc,ergo        ] GC(0) Live_space: 290259264 free_space: 269484032
[2024-08-16T20:42:30.287+0800][0.330s][debug][gc,ergo        ] GC(0) Old eden_size: 134742016 desired_eden_size: 269484032
[2024-08-16T20:42:30.287+0800][0.331s][debug][gc,ergo        ] GC(0) AdaptiveSizeStop: collection: 1 
[2024-08-16T20:42:30.287+0800][0.331s][info ][gc,heap        ] GC(0) PSYoungGen: 131504K(153088K)->21312K(153088K) Eden: 131504K(131584K)->0K(131584K) From: 0K(21504K)->21312K(21504K)
[2024-08-16T20:42:30.287+0800][0.331s][info ][gc,heap        ] GC(0) ParOldGen: 0K(349696K)->47112K(349696K)
[2024-08-16T20:42:30.287+0800][0.331s][info ][gc,metaspace   ] GC(0) Metaspace: 792K(896K)->792K(896K) NonClass: 729K(768K)->729K(768K) Class: 62K(128K)->62K(128K)
[2024-08-16T20:42:30.287+0800][0.331s][info ][gc             ] GC(0) Pause Young (Allocation Failure) 128M->66M(491M) 9.565ms
[2024-08-16T20:42:30.287+0800][0.331s][info ][gc,cpu         ] GC(0) User=0.02s Sys=0.04s Real=0.01s
[2024-08-16T20:42:30.287+0800][0.331s][debug][gc,heap        ] GC(0) Heap after GC invocations=1 (full 0):
[2024-08-16T20:42:30.287+0800][0.331s][debug][gc,heap        ] GC(0)  PSYoungGen      total 153088K, used 21312K [0x00000007aab00000, 0x00000007bd600000, 0x0000000800000000)
[2024-08-16T20:42:30.287+0800][0.331s][debug][gc,heap        ] GC(0)   eden space 131584K, 0% used [0x00000007aab00000,0x00000007aab00000,0x00000007b2b80000)
[2024-08-16T20:42:30.287+0800][0.331s][debug][gc,heap        ] GC(0)   from space 21504K, 99% used [0x00000007b2b80000,0x00000007b4050140,0x00000007b4080000)
[2024-08-16T20:42:30.287+0800][0.331s][debug][gc,heap        ] GC(0)   to   space 21504K, 0% used [0x00000007bc100000,0x00000007bc100000,0x00000007bd600000)
[2024-08-16T20:42:30.287+0800][0.331s][debug][gc,heap        ] GC(0)  ParOldGen       total 349696K, used 47112K [0x0000000700000000, 0x0000000715580000, 0x00000007aab00000)
[2024-08-16T20:42:30.287+0800][0.331s][debug][gc,heap        ] GC(0)   object space 349696K, 13% used [0x0000000700000000,0x0000000702e022e0,0x0000000715580000)
[2024-08-16T20:42:30.287+0800][0.331s][debug][gc,heap        ] GC(0)  Metaspace       used 792K, committed 896K, reserved 1114112K
[2024-08-16T20:42:30.287+0800][0.331s][debug][gc,heap        ] GC(0)   class space    used 62K, committed 128K, reserved 1048576K
[2024-08-16T20:42:30.287+0800][0.331s][debug][gc,task,time   ] GC(0) VM-Thread 320974517 329800877 330775893
[2024-08-16T20:42:30.475+0800][0.519s][debug][gc,heap        ] GC(1) Heap before GC invocations=2 (full 0):
[2024-08-16T20:42:30.475+0800][0.519s][debug][gc,heap        ] GC(1)  PSYoungGen      total 153088K, used 152536K [0x00000007aab00000, 0x00000007bd600000, 0x0000000800000000)
[2024-08-16T20:42:30.475+0800][0.519s][debug][gc,heap        ] GC(1)   eden space 131584K, 99% used [0x00000007aab00000,0x00000007b2b26208,0x00000007b2b80000)
[2024-08-16T20:42:30.475+0800][0.519s][debug][gc,heap        ] GC(1)   from space 21504K, 99% used [0x00000007b2b80000,0x00000007b4050140,0x00000007b4080000)
[2024-08-16T20:42:30.476+0800][0.519s][debug][gc,heap        ] GC(1)   to   space 21504K, 0% used [0x00000007bc100000,0x00000007bc100000,0x00000007bd600000)
[2024-08-16T20:42:30.476+0800][0.519s][debug][gc,heap        ] GC(1)  ParOldGen       total 349696K, used 47112K [0x0000000700000000, 0x0000000715580000, 0x00000007aab00000)
[2024-08-16T20:42:30.476+0800][0.519s][debug][gc,heap        ] GC(1)   object space 349696K, 13% used [0x0000000700000000,0x0000000702e022e0,0x0000000715580000)
[2024-08-16T20:42:30.476+0800][0.519s][debug][gc,heap        ] GC(1)  Metaspace       used 821K, committed 960K, reserved 1114112K
[2024-08-16T20:42:30.476+0800][0.519s][debug][gc,heap        ] GC(1)   class space    used 62K, committed 128K, reserved 1048576K
[2024-08-16T20:42:30.476+0800][0.519s][debug][gc,tlab        ] GC(1) TLAB totals: thrds: 2  refills: 3 max: 2 slow allocs: 121 max 121 waste: 23.0% gc: 1682584B max: 1347376B slow: 42784B max: 42784B
[2024-08-16T20:42:30.476+0800][0.519s][info ][gc,start       ] GC(1) Pause Young (Allocation Failure)
[2024-08-16T20:42:30.476+0800][0.519s][debug][gc,phases,start] GC(1) Scavenge
[2024-08-16T20:42:30.490+0800][0.534s][debug][gc,phases      ] GC(1) Scavenge 14.274ms
[2024-08-16T20:42:30.490+0800][0.534s][debug][gc,phases,start] GC(1) Reference Processing
[2024-08-16T20:42:30.490+0800][0.534s][debug][gc,ref         ] GC(1) Skipped phase 1 of Reference Processing: no references
[2024-08-16T20:42:30.490+0800][0.534s][debug][gc,ref         ] GC(1) ReferenceProcessor::execute queues: 1, RefProcThreadModel::Single, marks_oops_alive: false
[2024-08-16T20:42:30.490+0800][0.534s][debug][gc,ref         ] GC(1) Skipped phase 3 of Reference Processing: no references
[2024-08-16T20:42:30.490+0800][0.534s][debug][gc,ref         ] GC(1) ReferenceProcessor::execute queues: 1, RefProcThreadModel::Single, marks_oops_alive: false
[2024-08-16T20:42:30.490+0800][0.534s][debug][gc,phases,ref  ] GC(1) Reference Processing: 0.1ms
[2024-08-16T20:42:30.490+0800][0.534s][debug][gc,phases,ref  ] GC(1)   Reconsider SoftReferences: 0.0ms
[2024-08-16T20:42:30.490+0800][0.534s][debug][gc,phases,ref  ] GC(1)     SoftRef (ms):                  skipped
[2024-08-16T20:42:30.490+0800][0.534s][debug][gc,phases,ref  ] GC(1)   Notify Soft/WeakReferences: 0.1ms
[2024-08-16T20:42:30.490+0800][0.534s][debug][gc,phases,ref  ] GC(1)     SoftRef (ms):                  Min:  0.0, Avg:  0.0, Max:  0.0, Diff:  0.0, Sum:  0.0, Workers: 13
[2024-08-16T20:42:30.490+0800][0.534s][debug][gc,phases,ref  ] GC(1)     WeakRef (ms):                  Min:  0.0, Avg:  0.0, Max:  0.0, Diff:  0.0, Sum:  0.0, Workers: 13
[2024-08-16T20:42:30.490+0800][0.534s][debug][gc,phases,ref  ] GC(1)     FinalRef (ms):                 Min:  0.0, Avg:  0.0, Max:  0.0, Diff:  0.0, Sum:  0.0, Workers: 13
[2024-08-16T20:42:30.490+0800][0.534s][debug][gc,phases,ref  ] GC(1)     Total (ms):                    Min:  0.0, Avg:  0.0, Max:  0.0, Diff:  0.0, Sum:  0.0, Workers: 13
[2024-08-16T20:42:30.490+0800][0.534s][debug][gc,phases,ref  ] GC(1)   Notify and keep alive finalizable: 0.0ms
[2024-08-16T20:42:30.490+0800][0.534s][debug][gc,phases,ref  ] GC(1)     FinalRef (ms):                 skipped
[2024-08-16T20:42:30.490+0800][0.534s][debug][gc,phases,ref  ] GC(1)   Notify PhantomReferences: 0.0ms
[2024-08-16T20:42:30.490+0800][0.534s][debug][gc,phases,ref  ] GC(1)     PhantomRef (ms):               Min:  0.0, Avg:  0.0, Max:  0.0, Diff:  0.0, Sum:  0.0, Workers: 13
[2024-08-16T20:42:30.490+0800][0.534s][debug][gc,phases,ref  ] GC(1)   SoftReference:
[2024-08-16T20:42:30.490+0800][0.534s][debug][gc,phases,ref  ] GC(1)     Discovered: 0
[2024-08-16T20:42:30.490+0800][0.534s][debug][gc,phases,ref  ] GC(1)     Cleared: 0
[2024-08-16T20:42:30.490+0800][0.534s][debug][gc,phases,ref  ] GC(1)   WeakReference:
[2024-08-16T20:42:30.490+0800][0.534s][debug][gc,phases,ref  ] GC(1)     Discovered: 64
[2024-08-16T20:42:30.490+0800][0.534s][debug][gc,phases,ref  ] GC(1)     Cleared: 64
[2024-08-16T20:42:30.490+0800][0.534s][debug][gc,phases,ref  ] GC(1)   FinalReference:
[2024-08-16T20:42:30.490+0800][0.534s][debug][gc,phases,ref  ] GC(1)     Discovered: 0
[2024-08-16T20:42:30.490+0800][0.534s][debug][gc,phases,ref  ] GC(1)     Cleared: 0
[2024-08-16T20:42:30.490+0800][0.534s][debug][gc,phases,ref  ] GC(1)   PhantomReference:
[2024-08-16T20:42:30.490+0800][0.534s][debug][gc,phases,ref  ] GC(1)     Discovered: 1
[2024-08-16T20:42:30.490+0800][0.534s][debug][gc,phases,ref  ] GC(1)     Cleared: 1
[2024-08-16T20:42:30.490+0800][0.534s][debug][gc,phases      ] GC(1) Reference Processing 0.264ms
[2024-08-16T20:42:30.490+0800][0.534s][debug][gc,phases,start] GC(1) Weak Processing
[2024-08-16T20:42:30.490+0800][0.534s][debug][gc,phases      ] GC(1)   VM Weak                        Min:  0.0, Avg:  0.0, Max:  0.0, Diff:  0.0, Sum:  0.0, Workers: 3
[2024-08-16T20:42:30.491+0800][0.535s][debug][gc,phases      ] GC(1)     Dead                           Min: 0, Avg:  0.0, Max: 0, Diff: 0, Sum: 0, Workers: 3
[2024-08-16T20:42:30.491+0800][0.535s][debug][gc,phases      ] GC(1)     Total                          Min: 0, Avg:  7.7, Max: 23, Diff: 23, Sum: 23, Workers: 3
[2024-08-16T20:42:30.491+0800][0.535s][debug][gc,phases      ] GC(1)   ObjectSynchronizer Weak        Min:  0.0, Avg:  0.0, Max:  0.0, Diff:  0.0, Sum:  0.0, Workers: 3
[2024-08-16T20:42:30.491+0800][0.535s][debug][gc,phases      ] GC(1)     Dead                           Min: 0, Avg:  0.0, Max: 0, Diff: 0, Sum: 0, Workers: 3
[2024-08-16T20:42:30.491+0800][0.535s][debug][gc,phases      ] GC(1)     Total                          Min: 0, Avg:  1.0, Max: 3, Diff: 3, Sum: 3, Workers: 3
[2024-08-16T20:42:30.491+0800][0.535s][debug][gc,phases      ] GC(1)   JVMTI Tag Weak OopStorage      Min:  0.0, Avg:  0.0, Max:  0.0, Diff:  0.0, Sum:  0.0, Workers: 3
[2024-08-16T20:42:30.491+0800][0.535s][debug][gc,phases      ] GC(1)     Dead                           Min: 0, Avg:  0.0, Max: 0, Diff: 0, Sum: 0, Workers: 3
[2024-08-16T20:42:30.491+0800][0.535s][debug][gc,phases      ] GC(1)     Total                          Min: 0, Avg:  0.0, Max: 0, Diff: 0, Sum: 0, Workers: 3
[2024-08-16T20:42:30.491+0800][0.535s][debug][gc,phases      ] GC(1)   StringTable Weak               Min:  0.0, Avg:  0.0, Max:  0.0, Diff:  0.0, Sum:  0.0, Workers: 3
[2024-08-16T20:42:30.491+0800][0.535s][debug][gc,phases      ] GC(1)     Dead                           Min: 0, Avg:  0.7, Max: 2, Diff: 2, Sum: 2, Workers: 3
[2024-08-16T20:42:30.491+0800][0.535s][debug][gc,phases      ] GC(1)     Total                          Min: 0, Avg: 655.3, Max: 1022, Diff: 1022, Sum: 1966, Workers: 3
[2024-08-16T20:42:30.491+0800][0.535s][debug][gc,phases      ] GC(1)   ResolvedMethodTable Weak       Min:  0.0, Avg:  0.0, Max:  0.0, Diff:  0.0, Sum:  0.0, Workers: 3
[2024-08-16T20:42:30.491+0800][0.535s][debug][gc,phases      ] GC(1)     Dead                           Min: 0, Avg:  0.0, Max: 0, Diff: 0, Sum: 0, Workers: 3
[2024-08-16T20:42:30.491+0800][0.535s][debug][gc,phases      ] GC(1)     Total                          Min: 0, Avg: 62.3, Max: 123, Diff: 123, Sum: 187, Workers: 3
[2024-08-16T20:42:30.491+0800][0.535s][debug][gc,phases      ] GC(1)   JNI Weak                       Min:  0.0, Avg:  0.0, Max:  0.0, Diff:  0.0, Sum:  0.0, Workers: 3
[2024-08-16T20:42:30.491+0800][0.535s][debug][gc,phases      ] GC(1)     Dead                           Min: 0, Avg:  0.0, Max: 0, Diff: 0, Sum: 0, Workers: 3
[2024-08-16T20:42:30.491+0800][0.535s][debug][gc,phases      ] GC(1)     Total                          Min: 0, Avg:  0.0, Max: 0, Diff: 0, Sum: 0, Workers: 3
[2024-08-16T20:42:30.491+0800][0.535s][debug][gc,phases      ] GC(1)   StringDedup Table Weak         Min:  0.0, Avg:  0.0, Max:  0.0, Diff:  0.0, Sum:  0.0, Workers: 3
[2024-08-16T20:42:30.491+0800][0.535s][debug][gc,phases      ] GC(1)     Dead                           Min: 0, Avg:  0.0, Max: 0, Diff: 0, Sum: 0, Workers: 3
[2024-08-16T20:42:30.491+0800][0.535s][debug][gc,phases      ] GC(1)     Total                          Min: 0, Avg:  0.0, Max: 0, Diff: 0, Sum: 0, Workers: 3
[2024-08-16T20:42:30.492+0800][0.535s][debug][gc,phases      ] GC(1)   StringDedup Requests0 Weak     Min:  0.0, Avg:  0.0, Max:  0.0, Diff:  0.0, Sum:  0.0, Workers: 3
[2024-08-16T20:42:30.492+0800][0.535s][debug][gc,phases      ] GC(1)     Dead                           Min: 0, Avg:  0.0, Max: 0, Diff: 0, Sum: 0, Workers: 3
[2024-08-16T20:42:30.492+0800][0.535s][debug][gc,phases      ] GC(1)     Total                          Min: 0, Avg:  0.0, Max: 0, Diff: 0, Sum: 0, Workers: 3
[2024-08-16T20:42:30.492+0800][0.535s][debug][gc,phases      ] GC(1)   StringDedup Requests1 Weak     Min:  0.0, Avg:  0.0, Max:  0.0, Diff:  0.0, Sum:  0.0, Workers: 3
[2024-08-16T20:42:30.492+0800][0.535s][debug][gc,phases      ] GC(1)     Dead                           Min: 0, Avg:  0.0, Max: 0, Diff: 0, Sum: 0, Workers: 3
[2024-08-16T20:42:30.492+0800][0.535s][debug][gc,phases      ] GC(1)     Total                          Min: 0, Avg:  0.0, Max: 0, Diff: 0, Sum: 0, Workers: 3
[2024-08-16T20:42:30.492+0800][0.535s][debug][gc,phases      ] GC(1)   Weak JFR Old Object Samples    Min:  0.0, Avg:  0.0, Max:  0.0, Diff:  0.0, Sum:  0.0, Workers: 3
[2024-08-16T20:42:30.492+0800][0.535s][debug][gc,phases      ] GC(1)     Dead                           Min: 0, Avg:  0.0, Max: 0, Diff: 0, Sum: 0, Workers: 3
[2024-08-16T20:42:30.492+0800][0.535s][debug][gc,phases      ] GC(1)     Total                          Min: 0, Avg:  0.0, Max: 0, Diff: 0, Sum: 0, Workers: 3
[2024-08-16T20:42:30.492+0800][0.535s][debug][gc,phases      ] GC(1) Weak Processing 1.210ms
[2024-08-16T20:42:30.492+0800][0.535s][debug][gc,ergo        ] GC(1) AdaptiveSizeStart:  collection: 2 
[2024-08-16T20:42:30.492+0800][0.535s][debug][gc,age         ] GC(1) Desired survivor size 22020096 bytes, new threshold 7 (max threshold 15)
[2024-08-16T20:42:30.492+0800][0.535s][debug][gc,ergo        ] GC(1) PSAdaptiveSizePolicy::compute_eden_space_size: costs minor_time: 0.053088 major_cost: 0.000000 mutator_cost: 0.946912 throughput_goal: 0.990000
[2024-08-16T20:42:30.492+0800][0.535s][debug][gc,ergo        ] GC(1) Live_space: 290316608 free_space: 404226048
[2024-08-16T20:42:30.492+0800][0.535s][debug][gc,ergo        ] GC(1) Old eden_size: 269484032 desired_eden_size: 269484032
[2024-08-16T20:42:30.492+0800][0.535s][debug][gc,ergo        ] GC(1) AdaptiveSizeStop: collection: 2 
[2024-08-16T20:42:30.492+0800][0.535s][info ][gc,heap        ] GC(1) PSYoungGen: 152536K(153088K)->21424K(284672K) Eden: 131224K(131584K)->0K(263168K) From: 21312K(21504K)->21424K(21504K)
[2024-08-16T20:42:30.492+0800][0.535s][info ][gc,heap        ] GC(1) ParOldGen: 47112K(349696K)->157714K(349696K)
[2024-08-16T20:42:30.492+0800][0.535s][info ][gc,metaspace   ] GC(1) Metaspace: 821K(960K)->821K(960K) NonClass: 758K(832K)->758K(832K) Class: 62K(128K)->62K(128K)
[2024-08-16T20:42:30.492+0800][0.535s][info ][gc             ] GC(1) Pause Young (Allocation Failure) 194M->174M(619M) 15.925ms
[2024-08-16T20:42:30.492+0800][0.535s][info ][gc,cpu         ] GC(1) User=0.06s Sys=0.09s Real=0.01s
[2024-08-16T20:42:30.492+0800][0.535s][debug][gc,heap        ] GC(1) Heap after GC invocations=2 (full 0):
[2024-08-16T20:42:30.492+0800][0.535s][debug][gc,heap        ] GC(1)  PSYoungGen      total 284672K, used 21424K [0x00000007aab00000, 0x00000007bd600000, 0x0000000800000000)
[2024-08-16T20:42:30.492+0800][0.535s][debug][gc,heap        ] GC(1)   eden space 263168K, 0% used [0x00000007aab00000,0x00000007aab00000,0x00000007bac00000)
[2024-08-16T20:42:30.492+0800][0.535s][debug][gc,heap        ] GC(1)   from space 21504K, 99% used [0x00000007bc100000,0x00000007bd5ec150,0x00000007bd600000)
[2024-08-16T20:42:30.492+0800][0.535s][debug][gc,heap        ] GC(1)   to   space 21504K, 0% used [0x00000007bac00000,0x00000007bac00000,0x00000007bc100000)
[2024-08-16T20:42:30.492+0800][0.535s][debug][gc,heap        ] GC(1)  ParOldGen       total 349696K, used 157714K [0x0000000700000000, 0x0000000715580000, 0x00000007aab00000)
[2024-08-16T20:42:30.492+0800][0.535s][debug][gc,heap        ] GC(1)   object space 349696K, 45% used [0x0000000700000000,0x0000000709a049a0,0x0000000715580000)
[2024-08-16T20:42:30.492+0800][0.535s][debug][gc,heap        ] GC(1)  Metaspace       used 821K, committed 960K, reserved 1114112K
[2024-08-16T20:42:30.492+0800][0.535s][debug][gc,heap        ] GC(1)   class space    used 62K, committed 128K, reserved 1048576K
[2024-08-16T20:42:30.492+0800][0.535s][debug][gc,task,time   ] GC(1) VM-Thread 518773481 533576096 535217101
[2024-08-16T20:42:30.863+0800][0.906s][debug][gc,heap        ] GC(2) Heap before GC invocations=3 (full 0):
[2024-08-16T20:42:30.863+0800][0.907s][debug][gc,heap        ] GC(2)  PSYoungGen      total 284672K, used 284026K [0x00000007aab00000, 0x00000007bd600000, 0x0000000800000000)
[2024-08-16T20:42:30.863+0800][0.907s][debug][gc,heap        ] GC(2)   eden space 263168K, 99% used [0x00000007aab00000,0x00000007bab72a90,0x00000007bac00000)
[2024-08-16T20:42:30.863+0800][0.907s][debug][gc,heap        ] GC(2)   from space 21504K, 99% used [0x00000007bc100000,0x00000007bd5ec150,0x00000007bd600000)
[2024-08-16T20:42:30.863+0800][0.907s][debug][gc,heap        ] GC(2)   to   space 21504K, 0% used [0x00000007bac00000,0x00000007bac00000,0x00000007bc100000)
[2024-08-16T20:42:30.863+0800][0.907s][debug][gc,heap        ] GC(2)  ParOldGen       total 349696K, used 157714K [0x0000000700000000, 0x0000000715580000, 0x00000007aab00000)
[2024-08-16T20:42:30.863+0800][0.907s][debug][gc,heap        ] GC(2)   object space 349696K, 45% used [0x0000000700000000,0x0000000709a049a0,0x0000000715580000)
[2024-08-16T20:42:30.863+0800][0.907s][debug][gc,heap        ] GC(2)  Metaspace       used 843K, committed 960K, reserved 1114112K
[2024-08-16T20:42:30.863+0800][0.907s][debug][gc,heap        ] GC(2)   class space    used 62K, committed 128K, reserved 1048576K
[2024-08-16T20:42:30.863+0800][0.907s][debug][gc,tlab        ] GC(2) TLAB totals: thrds: 2  refills: 3 max: 2 slow allocs: 243 max 243 waste: 25.6% gc: 3518792B max: 2694664B slow: 85408B max: 85408B
[2024-08-16T20:42:30.863+0800][0.907s][info ][gc,start       ] GC(2) Pause Young (Allocation Failure)
[2024-08-16T20:42:30.864+0800][0.907s][debug][gc,phases,start] GC(2) Scavenge
[2024-08-16T20:42:30.881+0800][0.924s][debug][gc             ] GC(2) Expanding ParOldGen from 349696K by 1536K to 351232K
[2024-08-16T20:42:30.881+0800][0.925s][debug][gc             ] GC(2) Expanding ParOldGen from 351232K by 1536K to 352768K
[2024-08-16T20:42:30.881+0800][0.925s][debug][gc             ] GC(2) Expanding ParOldGen from 352768K by 1536K to 354304K
[2024-08-16T20:42:30.882+0800][0.926s][debug][gc             ] GC(2) Expanding ParOldGen from 354304K by 1536K to 355840K
[2024-08-16T20:42:30.883+0800][0.926s][debug][gc             ] GC(2) Expanding ParOldGen from 355840K by 1536K to 357376K
[2024-08-16T20:42:30.883+0800][0.927s][debug][gc             ] GC(2) Expanding ParOldGen from 357376K by 1536K to 358912K
[2024-08-16T20:42:30.884+0800][0.927s][debug][gc             ] GC(2) Expanding ParOldGen from 358912K by 1536K to 360448K
[2024-08-16T20:42:30.884+0800][0.928s][debug][gc             ] GC(2) Expanding ParOldGen from 360448K by 1536K to 361984K
[2024-08-16T20:42:30.885+0800][0.928s][debug][gc             ] GC(2) Expanding ParOldGen from 361984K by 1536K to 363520K
[2024-08-16T20:42:30.885+0800][0.928s][debug][gc             ] GC(2) Expanding ParOldGen from 363520K by 1536K to 365056K
[2024-08-16T20:42:30.885+0800][0.929s][debug][gc             ] GC(2) Expanding ParOldGen from 365056K by 1536K to 366592K
[2024-08-16T20:42:30.885+0800][0.929s][debug][gc             ] GC(2) Expanding ParOldGen from 366592K by 1536K to 368128K
[2024-08-16T20:42:30.886+0800][0.930s][debug][gc             ] GC(2) Expanding ParOldGen from 368128K by 1536K to 369664K
[2024-08-16T20:42:30.886+0800][0.930s][debug][gc             ] GC(2) Expanding ParOldGen from 369664K by 1536K to 371200K
[2024-08-16T20:42:30.886+0800][0.930s][debug][gc             ] GC(2) Expanding ParOldGen from 371200K by 1536K to 372736K
[2024-08-16T20:42:30.887+0800][0.930s][debug][gc             ] GC(2) Expanding ParOldGen from 372736K by 1536K to 374272K
[2024-08-16T20:42:30.887+0800][0.931s][debug][gc             ] GC(2) Expanding ParOldGen from 374272K by 1536K to 375808K
[2024-08-16T20:42:30.888+0800][0.931s][debug][gc             ] GC(2) Expanding ParOldGen from 375808K by 1536K to 377344K
[2024-08-16T20:42:30.888+0800][0.931s][debug][gc             ] GC(2) Expanding ParOldGen from 377344K by 1536K to 378880K
[2024-08-16T20:42:30.888+0800][0.932s][debug][gc             ] GC(2) Expanding ParOldGen from 378880K by 1536K to 380416K
[2024-08-16T20:42:30.889+0800][0.932s][debug][gc             ] GC(2) Expanding ParOldGen from 380416K by 1536K to 381952K
[2024-08-16T20:42:30.889+0800][0.933s][debug][gc             ] GC(2) Expanding ParOldGen from 381952K by 1536K to 383488K
[2024-08-16T20:42:30.889+0800][0.933s][debug][gc             ] GC(2) Expanding ParOldGen from 383488K by 1536K to 385024K
[2024-08-16T20:42:30.890+0800][0.933s][debug][gc             ] GC(2) Expanding ParOldGen from 385024K by 1536K to 386560K
[2024-08-16T20:42:30.890+0800][0.934s][debug][gc             ] GC(2) Expanding ParOldGen from 386560K by 1536K to 388096K
[2024-08-16T20:42:30.890+0800][0.934s][debug][gc             ] GC(2) Expanding ParOldGen from 388096K by 1536K to 389632K
[2024-08-16T20:42:30.891+0800][0.934s][debug][gc             ] GC(2) Expanding ParOldGen from 389632K by 1536K to 391168K
[2024-08-16T20:42:30.891+0800][0.934s][debug][gc             ] GC(2) Expanding ParOldGen from 391168K by 1536K to 392704K
[2024-08-16T20:42:30.891+0800][0.935s][debug][gc             ] GC(2) Expanding ParOldGen from 392704K by 1536K to 394240K
[2024-08-16T20:42:30.892+0800][0.935s][debug][gc             ] GC(2) Expanding ParOldGen from 394240K by 1536K to 395776K
[2024-08-16T20:42:30.892+0800][0.935s][debug][gc             ] GC(2) Expanding ParOldGen from 395776K by 1536K to 397312K
[2024-08-16T20:42:30.892+0800][0.936s][debug][gc             ] GC(2) Expanding ParOldGen from 397312K by 1536K to 398848K
[2024-08-16T20:42:30.893+0800][0.936s][debug][gc             ] GC(2) Expanding ParOldGen from 398848K by 1536K to 400384K
[2024-08-16T20:42:30.893+0800][0.937s][debug][gc             ] GC(2) Expanding ParOldGen from 400384K by 1536K to 401920K
[2024-08-16T20:42:30.894+0800][0.937s][debug][gc             ] GC(2) Expanding ParOldGen from 401920K by 1536K to 403456K
[2024-08-16T20:42:30.894+0800][0.937s][debug][gc             ] GC(2) Expanding ParOldGen from 403456K by 1536K to 404992K
[2024-08-16T20:42:30.894+0800][0.938s][debug][gc             ] GC(2) Expanding ParOldGen from 404992K by 1536K to 406528K
[2024-08-16T20:42:30.895+0800][0.938s][debug][gc             ] GC(2) Expanding ParOldGen from 406528K by 1536K to 408064K
[2024-08-16T20:42:30.896+0800][0.939s][debug][gc,phases      ] GC(2) Scavenge 31.727ms
[2024-08-16T20:42:30.896+0800][0.939s][debug][gc,phases,start] GC(2) Reference Processing
[2024-08-16T20:42:30.896+0800][0.939s][debug][gc,ref         ] GC(2) Skipped phase 1 of Reference Processing: no references
[2024-08-16T20:42:30.896+0800][0.939s][debug][gc,ref         ] GC(2) ReferenceProcessor::execute queues: 1, RefProcThreadModel::Single, marks_oops_alive: false
[2024-08-16T20:42:30.896+0800][0.939s][debug][gc,ref         ] GC(2) Skipped phase 3 of Reference Processing: no references
[2024-08-16T20:42:30.896+0800][0.939s][debug][gc,ref         ] GC(2) ReferenceProcessor::execute queues: 1, RefProcThreadModel::Single, marks_oops_alive: false
[2024-08-16T20:42:30.896+0800][0.939s][debug][gc,phases,ref  ] GC(2) Reference Processing: 0.1ms
[2024-08-16T20:42:30.896+0800][0.939s][debug][gc,phases,ref  ] GC(2)   Reconsider SoftReferences: 0.0ms
[2024-08-16T20:42:30.896+0800][0.939s][debug][gc,phases,ref  ] GC(2)     SoftRef (ms):                  skipped
[2024-08-16T20:42:30.896+0800][0.939s][debug][gc,phases,ref  ] GC(2)   Notify Soft/WeakReferences: 0.1ms
[2024-08-16T20:42:30.896+0800][0.939s][debug][gc,phases,ref  ] GC(2)     SoftRef (ms):                  Min:  0.0, Avg:  0.0, Max:  0.0, Diff:  0.0, Sum:  0.0, Workers: 13
[2024-08-16T20:42:30.896+0800][0.939s][debug][gc,phases,ref  ] GC(2)     WeakRef (ms):                  Min:  0.0, Avg:  0.0, Max:  0.0, Diff:  0.0, Sum:  0.0, Workers: 13
[2024-08-16T20:42:30.896+0800][0.939s][debug][gc,phases,ref  ] GC(2)     FinalRef (ms):                 Min:  0.0, Avg:  0.0, Max:  0.0, Diff:  0.0, Sum:  0.0, Workers: 13
[2024-08-16T20:42:30.896+0800][0.939s][debug][gc,phases,ref  ] GC(2)     Total (ms):                    Min:  0.0, Avg:  0.0, Max:  0.0, Diff:  0.0, Sum:  0.0, Workers: 13
[2024-08-16T20:42:30.896+0800][0.939s][debug][gc,phases,ref  ] GC(2)   Notify and keep alive finalizable: 0.0ms
[2024-08-16T20:42:30.896+0800][0.939s][debug][gc,phases,ref  ] GC(2)     FinalRef (ms):                 skipped
[2024-08-16T20:42:30.896+0800][0.939s][debug][gc,phases,ref  ] GC(2)   Notify PhantomReferences: 0.0ms
[2024-08-16T20:42:30.896+0800][0.939s][debug][gc,phases,ref  ] GC(2)     PhantomRef (ms):               Min:  0.0, Avg:  0.0, Max:  0.0, Diff:  0.0, Sum:  0.0, Workers: 13
[2024-08-16T20:42:30.896+0800][0.939s][debug][gc,phases,ref  ] GC(2)   SoftReference:
[2024-08-16T20:42:30.896+0800][0.939s][debug][gc,phases,ref  ] GC(2)     Discovered: 0
[2024-08-16T20:42:30.896+0800][0.939s][debug][gc,phases,ref  ] GC(2)     Cleared: 0
[2024-08-16T20:42:30.896+0800][0.939s][debug][gc,phases,ref  ] GC(2)   WeakReference:
[2024-08-16T20:42:30.896+0800][0.939s][debug][gc,phases,ref  ] GC(2)     Discovered: 41
[2024-08-16T20:42:30.896+0800][0.939s][debug][gc,phases,ref  ] GC(2)     Cleared: 41
[2024-08-16T20:42:30.896+0800][0.939s][debug][gc,phases,ref  ] GC(2)   FinalReference:
[2024-08-16T20:42:30.896+0800][0.939s][debug][gc,phases,ref  ] GC(2)     Discovered: 0
[2024-08-16T20:42:30.896+0800][0.939s][debug][gc,phases,ref  ] GC(2)     Cleared: 0
[2024-08-16T20:42:30.896+0800][0.939s][debug][gc,phases,ref  ] GC(2)   PhantomReference:
[2024-08-16T20:42:30.896+0800][0.939s][debug][gc,phases,ref  ] GC(2)     Discovered: 1
[2024-08-16T20:42:30.896+0800][0.939s][debug][gc,phases,ref  ] GC(2)     Cleared: 1
[2024-08-16T20:42:30.896+0800][0.939s][debug][gc,phases      ] GC(2) Reference Processing 0.306ms
[2024-08-16T20:42:30.896+0800][0.939s][debug][gc,phases,start] GC(2) Weak Processing
[2024-08-16T20:42:30.896+0800][0.940s][debug][gc,phases      ] GC(2)   VM Weak                        Min:  0.0, Avg:  0.0, Max:  0.0, Diff:  0.0, Sum:  0.0, Workers: 3
[2024-08-16T20:42:30.896+0800][0.940s][debug][gc,phases      ] GC(2)     Dead                           Min: 0, Avg:  0.0, Max: 0, Diff: 0, Sum: 0, Workers: 3
[2024-08-16T20:42:30.896+0800][0.940s][debug][gc,phases      ] GC(2)     Total                          Min: 0, Avg:  7.7, Max: 23, Diff: 23, Sum: 23, Workers: 3
[2024-08-16T20:42:30.896+0800][0.940s][debug][gc,phases      ] GC(2)   ObjectSynchronizer Weak        Min:  0.0, Avg:  0.0, Max:  0.0, Diff:  0.0, Sum:  0.0, Workers: 3
[2024-08-16T20:42:30.896+0800][0.940s][debug][gc,phases      ] GC(2)     Dead                           Min: 0, Avg:  0.0, Max: 0, Diff: 0, Sum: 0, Workers: 3
[2024-08-16T20:42:30.896+0800][0.940s][debug][gc,phases      ] GC(2)     Total                          Min: 0, Avg:  1.0, Max: 3, Diff: 3, Sum: 3, Workers: 3
[2024-08-16T20:42:30.896+0800][0.940s][debug][gc,phases      ] GC(2)   JVMTI Tag Weak OopStorage      Min:  0.0, Avg:  0.0, Max:  0.0, Diff:  0.0, Sum:  0.0, Workers: 3
[2024-08-16T20:42:30.896+0800][0.940s][debug][gc,phases      ] GC(2)     Dead                           Min: 0, Avg:  0.0, Max: 0, Diff: 0, Sum: 0, Workers: 3
[2024-08-16T20:42:30.896+0800][0.940s][debug][gc,phases      ] GC(2)     Total                          Min: 0, Avg:  0.0, Max: 0, Diff: 0, Sum: 0, Workers: 3
[2024-08-16T20:42:30.896+0800][0.940s][debug][gc,phases      ] GC(2)   StringTable Weak               Min:  0.0, Avg:  0.0, Max:  0.0, Diff:  0.0, Sum:  0.0, Workers: 3
[2024-08-16T20:42:30.896+0800][0.940s][debug][gc,phases      ] GC(2)     Dead                           Min: 0, Avg:  0.7, Max: 2, Diff: 2, Sum: 2, Workers: 3
[2024-08-16T20:42:30.896+0800][0.940s][debug][gc,phases      ] GC(2)     Total                          Min: 0, Avg: 669.3, Max: 1304, Diff: 1304, Sum: 2008, Workers: 3
[2024-08-16T20:42:30.896+0800][0.940s][debug][gc,phases      ] GC(2)   ResolvedMethodTable Weak       Min:  0.0, Avg:  0.0, Max:  0.0, Diff:  0.0, Sum:  0.0, Workers: 3
[2024-08-16T20:42:30.896+0800][0.940s][debug][gc,phases      ] GC(2)     Dead                           Min: 0, Avg:  0.0, Max: 0, Diff: 0, Sum: 0, Workers: 3
[2024-08-16T20:42:30.896+0800][0.940s][debug][gc,phases      ] GC(2)     Total                          Min: 0, Avg: 62.3, Max: 123, Diff: 123, Sum: 187, Workers: 3
[2024-08-16T20:42:30.896+0800][0.940s][debug][gc,phases      ] GC(2)   JNI Weak                       Min:  0.0, Avg:  0.0, Max:  0.0, Diff:  0.0, Sum:  0.0, Workers: 3
[2024-08-16T20:42:30.896+0800][0.940s][debug][gc,phases      ] GC(2)     Dead                           Min: 0, Avg:  0.0, Max: 0, Diff: 0, Sum: 0, Workers: 3
[2024-08-16T20:42:30.896+0800][0.940s][debug][gc,phases      ] GC(2)     Total                          Min: 0, Avg:  0.0, Max: 0, Diff: 0, Sum: 0, Workers: 3
[2024-08-16T20:42:30.896+0800][0.940s][debug][gc,phases      ] GC(2)   StringDedup Table Weak         Min:  0.0, Avg:  0.0, Max:  0.0, Diff:  0.0, Sum:  0.0, Workers: 3
[2024-08-16T20:42:30.896+0800][0.940s][debug][gc,phases      ] GC(2)     Dead                           Min: 0, Avg:  0.0, Max: 0, Diff: 0, Sum: 0, Workers: 3
[2024-08-16T20:42:30.896+0800][0.940s][debug][gc,phases      ] GC(2)     Total                          Min: 0, Avg:  0.0, Max: 0, Diff: 0, Sum: 0, Workers: 3
[2024-08-16T20:42:30.896+0800][0.940s][debug][gc,phases      ] GC(2)   StringDedup Requests0 Weak     Min:  0.0, Avg:  0.0, Max:  0.0, Diff:  0.0, Sum:  0.0, Workers: 3
[2024-08-16T20:42:30.896+0800][0.940s][debug][gc,phases      ] GC(2)     Dead                           Min: 0, Avg:  0.0, Max: 0, Diff: 0, Sum: 0, Workers: 3
[2024-08-16T20:42:30.896+0800][0.940s][debug][gc,phases      ] GC(2)     Total                          Min: 0, Avg:  0.0, Max: 0, Diff: 0, Sum: 0, Workers: 3
[2024-08-16T20:42:30.896+0800][0.940s][debug][gc,phases      ] GC(2)   StringDedup Requests1 Weak     Min:  0.0, Avg:  0.0, Max:  0.0, Diff:  0.0, Sum:  0.0, Workers: 3
[2024-08-16T20:42:30.896+0800][0.940s][debug][gc,phases      ] GC(2)     Dead                           Min: 0, Avg:  0.0, Max: 0, Diff: 0, Sum: 0, Workers: 3
[2024-08-16T20:42:30.896+0800][0.940s][debug][gc,phases      ] GC(2)     Total                          Min: 0, Avg:  0.0, Max: 0, Diff: 0, Sum: 0, Workers: 3
[2024-08-16T20:42:30.896+0800][0.940s][debug][gc,phases      ] GC(2)   Weak JFR Old Object Samples    Min:  0.0, Avg:  0.0, Max:  0.0, Diff:  0.0, Sum:  0.0, Workers: 3
[2024-08-16T20:42:30.896+0800][0.940s][debug][gc,phases      ] GC(2)     Dead                           Min: 0, Avg:  0.0, Max: 0, Diff: 0, Sum: 0, Workers: 3
[2024-08-16T20:42:30.896+0800][0.940s][debug][gc,phases      ] GC(2)     Total                          Min: 0, Avg:  0.0, Max: 0, Diff: 0, Sum: 0, Workers: 3
[2024-08-16T20:42:30.896+0800][0.940s][debug][gc,phases      ] GC(2) Weak Processing 0.357ms
[2024-08-16T20:42:30.896+0800][0.940s][debug][gc,ergo        ] GC(2) AdaptiveSizeStart:  collection: 3 
[2024-08-16T20:42:30.896+0800][0.940s][debug][gc,age         ] GC(2) Desired survivor size 22020096 bytes, new threshold 7 (max threshold 15)
[2024-08-16T20:42:30.896+0800][0.940s][debug][gc,ergo        ] GC(2) PSAdaptiveSizePolicy::compute_eden_space_size: costs minor_time: 0.062416 major_cost: 0.000000 mutator_cost: 0.937584 throughput_goal: 0.990000
[2024-08-16T20:42:30.896+0800][0.940s][debug][gc,ergo        ] GC(2) Live_space: 290308512 free_space: 404226048
[2024-08-16T20:42:30.896+0800][0.940s][debug][gc,ergo        ] GC(2) Old eden_size: 269484032 desired_eden_size: 538968064
[2024-08-16T20:42:30.897+0800][0.940s][debug][gc,ergo        ] GC(2) AdaptiveSizeStop: collection: 3 
[2024-08-16T20:42:30.897+0800][0.940s][info ][gc,heap        ] GC(2) PSYoungGen: 284026K(284672K)->21344K(284672K) Eden: 262602K(263168K)->0K(263168K) From: 21424K(21504K)->21344K(21504K)
[2024-08-16T20:42:30.897+0800][0.940s][info ][gc,heap        ] GC(2) ParOldGen: 157714K(349696K)->407582K(408064K)
[2024-08-16T20:42:30.897+0800][0.940s][info ][gc,metaspace   ] GC(2) Metaspace: 843K(960K)->843K(960K) NonClass: 780K(832K)->780K(832K) Class: 62K(128K)->62K(128K)
[2024-08-16T20:42:30.897+0800][0.940s][info ][gc             ] GC(2) Pause Young (Allocation Failure) 431M->418M(676M) 33.315ms
[2024-08-16T20:42:30.897+0800][0.940s][info ][gc,cpu         ] GC(2) User=0.15s Sys=0.12s Real=0.03s
[2024-08-16T20:42:30.897+0800][0.940s][debug][gc,heap        ] GC(2) Heap after GC invocations=3 (full 0):
[2024-08-16T20:42:30.897+0800][0.940s][debug][gc,heap        ] GC(2)  PSYoungGen      total 284672K, used 21344K [0x00000007aab00000, 0x00000007cd700000, 0x0000000800000000)
[2024-08-16T20:42:30.897+0800][0.940s][debug][gc,heap        ] GC(2)   eden space 263168K, 0% used [0x00000007aab00000,0x00000007aab00000,0x00000007bac00000)
[2024-08-16T20:42:30.897+0800][0.940s][debug][gc,heap        ] GC(2)   from space 21504K, 99% used [0x00000007bac00000,0x00000007bc0d8140,0x00000007bc100000)
[2024-08-16T20:42:30.897+0800][0.940s][debug][gc,heap        ] GC(2)   to   space 21504K, 0% used [0x00000007cc200000,0x00000007cc200000,0x00000007cd700000)
[2024-08-16T20:42:30.897+0800][0.940s][debug][gc,heap        ] GC(2)  ParOldGen       total 408064K, used 407582K [0x0000000700000000, 0x0000000718e80000, 0x00000007aab00000)
[2024-08-16T20:42:30.897+0800][0.940s][debug][gc,heap        ] GC(2)   object space 408064K, 99% used [0x0000000700000000,0x0000000718e078e0,0x0000000718e80000)
[2024-08-16T20:42:30.897+0800][0.940s][debug][gc,heap        ] GC(2)  Metaspace       used 843K, committed 960K, reserved 1114112K
[2024-08-16T20:42:30.897+0800][0.940s][debug][gc,heap        ] GC(2)   class space    used 62K, committed 128K, reserved 1048576K
[2024-08-16T20:42:30.897+0800][0.940s][debug][gc,task,time   ] GC(2) VM-Thread 906488597 939121948 940296776
[2024-08-16T20:42:30.897+0800][0.940s][debug][gc,phases,start] GC(3) Pre Compact
[2024-08-16T20:42:30.897+0800][0.940s][debug][gc,heap        ] GC(3) Heap before GC invocations=4 (full 1):
[2024-08-16T20:42:30.897+0800][0.940s][debug][gc,heap        ] GC(3)  PSYoungGen      total 284672K, used 21344K [0x00000007aab00000, 0x00000007cd700000, 0x0000000800000000)
[2024-08-16T20:42:30.897+0800][0.940s][debug][gc,heap        ] GC(3)   eden space 263168K, 0% used [0x00000007aab00000,0x00000007aab00000,0x00000007bac00000)
[2024-08-16T20:42:30.897+0800][0.940s][debug][gc,heap        ] GC(3)   from space 21504K, 99% used [0x00000007bac00000,0x00000007bc0d8140,0x00000007bc100000)
[2024-08-16T20:42:30.897+0800][0.940s][debug][gc,heap        ] GC(3)   to   space 21504K, 0% used [0x00000007cc200000,0x00000007cc200000,0x00000007cd700000)
[2024-08-16T20:42:30.897+0800][0.940s][debug][gc,heap        ] GC(3)  ParOldGen       total 408064K, used 407582K [0x0000000700000000, 0x0000000718e80000, 0x00000007aab00000)
[2024-08-16T20:42:30.897+0800][0.940s][debug][gc,heap        ] GC(3)   object space 408064K, 99% used [0x0000000700000000,0x0000000718e078e0,0x0000000718e80000)
[2024-08-16T20:42:30.897+0800][0.940s][debug][gc,heap        ] GC(3)  Metaspace       used 843K, committed 960K, reserved 1114112K
[2024-08-16T20:42:30.897+0800][0.940s][debug][gc,heap        ] GC(3)   class space    used 62K, committed 128K, reserved 1048576K
[2024-08-16T20:42:30.897+0800][0.940s][debug][gc,phases      ] GC(3) Pre Compact 0.085ms
[2024-08-16T20:42:30.897+0800][0.940s][info ][gc,start       ] GC(3) Pause Full (Ergonomics)
[2024-08-16T20:42:30.897+0800][0.940s][info ][gc,phases,start] GC(3) Marking Phase
[2024-08-16T20:42:30.897+0800][0.940s][debug][gc,phases,start] GC(3) Par Mark
[2024-08-16T20:42:30.902+0800][0.945s][debug][gc,phases      ] GC(3) Par Mark 4.653ms
[2024-08-16T20:42:30.902+0800][0.945s][debug][gc,phases,start] GC(3) Reference Processing
[2024-08-16T20:42:30.902+0800][0.945s][debug][gc,ref         ] GC(3) Skipped phase 1 of Reference Processing: no references
[2024-08-16T20:42:30.902+0800][0.945s][debug][gc,ref         ] GC(3) ReferenceProcessor::execute queues: 1, RefProcThreadModel::Single, marks_oops_alive: false
[2024-08-16T20:42:30.902+0800][0.945s][debug][gc,ref         ] GC(3) Skipped phase 3 of Reference Processing: no references
[2024-08-16T20:42:30.902+0800][0.945s][debug][gc,ref         ] GC(3) ReferenceProcessor::execute queues: 1, RefProcThreadModel::Single, marks_oops_alive: false
[2024-08-16T20:42:30.902+0800][0.945s][debug][gc,phases,ref  ] GC(3) Reference Processing: 0.0ms
[2024-08-16T20:42:30.902+0800][0.945s][debug][gc,phases,ref  ] GC(3)   Reconsider SoftReferences: 0.0ms
[2024-08-16T20:42:30.902+0800][0.945s][debug][gc,phases,ref  ] GC(3)     SoftRef (ms):                  skipped
[2024-08-16T20:42:30.902+0800][0.945s][debug][gc,phases,ref  ] GC(3)   Notify Soft/WeakReferences: 0.0ms
[2024-08-16T20:42:30.902+0800][0.945s][debug][gc,phases,ref  ] GC(3)     SoftRef (ms):                  Min:  0.0, Avg:  0.0, Max:  0.0, Diff:  0.0, Sum:  0.0, Workers: 13
[2024-08-16T20:42:30.902+0800][0.945s][debug][gc,phases,ref  ] GC(3)     WeakRef (ms):                  Min:  0.0, Avg:  0.0, Max:  0.0, Diff:  0.0, Sum:  0.0, Workers: 13
[2024-08-16T20:42:30.902+0800][0.945s][debug][gc,phases,ref  ] GC(3)     FinalRef (ms):                 Min:  0.0, Avg:  0.0, Max:  0.0, Diff:  0.0, Sum:  0.0, Workers: 13
[2024-08-16T20:42:30.902+0800][0.945s][debug][gc,phases,ref  ] GC(3)     Total (ms):                    Min:  0.0, Avg:  0.0, Max:  0.0, Diff:  0.0, Sum:  0.0, Workers: 13
[2024-08-16T20:42:30.902+0800][0.945s][debug][gc,phases,ref  ] GC(3)   Notify and keep alive finalizable: 0.0ms
[2024-08-16T20:42:30.902+0800][0.945s][debug][gc,phases,ref  ] GC(3)     FinalRef (ms):                 skipped
[2024-08-16T20:42:30.902+0800][0.945s][debug][gc,phases,ref  ] GC(3)   Notify PhantomReferences: 0.0ms
[2024-08-16T20:42:30.902+0800][0.945s][debug][gc,phases,ref  ] GC(3)     PhantomRef (ms):               Min:  0.0, Avg:  0.0, Max:  0.0, Diff:  0.0, Sum:  0.0, Workers: 13
[2024-08-16T20:42:30.902+0800][0.945s][debug][gc,phases,ref  ] GC(3)   SoftReference:
[2024-08-16T20:42:30.902+0800][0.945s][debug][gc,phases,ref  ] GC(3)     Discovered: 0
[2024-08-16T20:42:30.902+0800][0.945s][debug][gc,phases,ref  ] GC(3)     Cleared: 0
[2024-08-16T20:42:30.902+0800][0.945s][debug][gc,phases,ref  ] GC(3)   WeakReference:
[2024-08-16T20:42:30.902+0800][0.945s][debug][gc,phases,ref  ] GC(3)     Discovered: 30
[2024-08-16T20:42:30.902+0800][0.945s][debug][gc,phases,ref  ] GC(3)     Cleared: 30
[2024-08-16T20:42:30.902+0800][0.945s][debug][gc,phases,ref  ] GC(3)   FinalReference:
[2024-08-16T20:42:30.902+0800][0.945s][debug][gc,phases,ref  ] GC(3)     Discovered: 0
[2024-08-16T20:42:30.902+0800][0.945s][debug][gc,phases,ref  ] GC(3)     Cleared: 0
[2024-08-16T20:42:30.902+0800][0.945s][debug][gc,phases,ref  ] GC(3)   PhantomReference:
[2024-08-16T20:42:30.902+0800][0.945s][debug][gc,phases,ref  ] GC(3)     Discovered: 1
[2024-08-16T20:42:30.902+0800][0.945s][debug][gc,phases,ref  ] GC(3)     Cleared: 1
[2024-08-16T20:42:30.902+0800][0.945s][debug][gc,phases      ] GC(3) Reference Processing 0.203ms
[2024-08-16T20:42:30.902+0800][0.945s][debug][gc,phases,start] GC(3) Weak Processing
[2024-08-16T20:42:30.902+0800][0.945s][debug][gc,phases      ] GC(3)   VM Weak                        Min:  0.0, Avg:  0.0, Max:  0.0, Diff:  0.0, Sum:  0.0, Workers: 3
[2024-08-16T20:42:30.902+0800][0.945s][debug][gc,phases      ] GC(3)     Dead                           Min: 0, Avg:  0.0, Max: 0, Diff: 0, Sum: 0, Workers: 3
[2024-08-16T20:42:30.902+0800][0.945s][debug][gc,phases      ] GC(3)     Total                          Min: 0, Avg:  7.7, Max: 23, Diff: 23, Sum: 23, Workers: 3
[2024-08-16T20:42:30.902+0800][0.945s][debug][gc,phases      ] GC(3)   ObjectSynchronizer Weak        Min:  0.0, Avg:  0.0, Max:  0.0, Diff:  0.0, Sum:  0.0, Workers: 3
[2024-08-16T20:42:30.902+0800][0.945s][debug][gc,phases      ] GC(3)     Dead                           Min: 0, Avg:  0.0, Max: 0, Diff: 0, Sum: 0, Workers: 3
[2024-08-16T20:42:30.902+0800][0.945s][debug][gc,phases      ] GC(3)     Total                          Min: 0, Avg:  1.0, Max: 3, Diff: 3, Sum: 3, Workers: 3
[2024-08-16T20:42:30.902+0800][0.945s][debug][gc,phases      ] GC(3)   JVMTI Tag Weak OopStorage      Min:  0.0, Avg:  0.0, Max:  0.0, Diff:  0.0, Sum:  0.0, Workers: 3
[2024-08-16T20:42:30.902+0800][0.945s][debug][gc,phases      ] GC(3)     Dead                           Min: 0, Avg:  0.0, Max: 0, Diff: 0, Sum: 0, Workers: 3
[2024-08-16T20:42:30.902+0800][0.945s][debug][gc,phases      ] GC(3)     Total                          Min: 0, Avg:  0.0, Max: 0, Diff: 0, Sum: 0, Workers: 3
[2024-08-16T20:42:30.902+0800][0.945s][debug][gc,phases      ] GC(3)   StringTable Weak               Min:  0.0, Avg:  0.0, Max:  0.0, Diff:  0.0, Sum:  0.0, Workers: 3
[2024-08-16T20:42:30.902+0800][0.945s][debug][gc,phases      ] GC(3)     Dead                           Min: 0, Avg:  0.0, Max: 0, Diff: 0, Sum: 0, Workers: 3
[2024-08-16T20:42:30.902+0800][0.946s][debug][gc,phases      ] GC(3)     Total                          Min: 0, Avg: 669.3, Max: 1024, Diff: 1024, Sum: 2008, Workers: 3
[2024-08-16T20:42:30.902+0800][0.946s][debug][gc,phases      ] GC(3)   ResolvedMethodTable Weak       Min:  0.0, Avg:  0.0, Max:  0.0, Diff:  0.0, Sum:  0.0, Workers: 3
[2024-08-16T20:42:30.902+0800][0.946s][debug][gc,phases      ] GC(3)     Dead                           Min: 0, Avg:  0.0, Max: 0, Diff: 0, Sum: 0, Workers: 3
[2024-08-16T20:42:30.902+0800][0.946s][debug][gc,phases      ] GC(3)     Total                          Min: 0, Avg: 62.3, Max: 123, Diff: 123, Sum: 187, Workers: 3
[2024-08-16T20:42:30.902+0800][0.946s][debug][gc,phases      ] GC(3)   JNI Weak                       Min:  0.0, Avg:  0.0, Max:  0.0, Diff:  0.0, Sum:  0.0, Workers: 3
[2024-08-16T20:42:30.902+0800][0.946s][debug][gc,phases      ] GC(3)     Dead                           Min: 0, Avg:  0.0, Max: 0, Diff: 0, Sum: 0, Workers: 3
[2024-08-16T20:42:30.902+0800][0.946s][debug][gc,phases      ] GC(3)     Total                          Min: 0, Avg:  0.0, Max: 0, Diff: 0, Sum: 0, Workers: 3
[2024-08-16T20:42:30.902+0800][0.946s][debug][gc,phases      ] GC(3)   StringDedup Table Weak         Min:  0.0, Avg:  0.0, Max:  0.0, Diff:  0.0, Sum:  0.0, Workers: 3
[2024-08-16T20:42:30.902+0800][0.946s][debug][gc,phases      ] GC(3)     Dead                           Min: 0, Avg:  0.0, Max: 0, Diff: 0, Sum: 0, Workers: 3
[2024-08-16T20:42:30.902+0800][0.946s][debug][gc,phases      ] GC(3)     Total                          Min: 0, Avg:  0.0, Max: 0, Diff: 0, Sum: 0, Workers: 3
[2024-08-16T20:42:30.902+0800][0.946s][debug][gc,phases      ] GC(3)   StringDedup Requests0 Weak     Min:  0.0, Avg:  0.0, Max:  0.0, Diff:  0.0, Sum:  0.0, Workers: 3
[2024-08-16T20:42:30.902+0800][0.946s][debug][gc,phases      ] GC(3)     Dead                           Min: 0, Avg:  0.0, Max: 0, Diff: 0, Sum: 0, Workers: 3
[2024-08-16T20:42:30.902+0800][0.946s][debug][gc,phases      ] GC(3)     Total                          Min: 0, Avg:  0.0, Max: 0, Diff: 0, Sum: 0, Workers: 3
[2024-08-16T20:42:30.902+0800][0.946s][debug][gc,phases      ] GC(3)   StringDedup Requests1 Weak     Min:  0.0, Avg:  0.0, Max:  0.0, Diff:  0.0, Sum:  0.0, Workers: 3
[2024-08-16T20:42:30.902+0800][0.946s][debug][gc,phases      ] GC(3)     Dead                           Min: 0, Avg:  0.0, Max: 0, Diff: 0, Sum: 0, Workers: 3
[2024-08-16T20:42:30.902+0800][0.946s][debug][gc,phases      ] GC(3)     Total                          Min: 0, Avg:  0.0, Max: 0, Diff: 0, Sum: 0, Workers: 3
[2024-08-16T20:42:30.902+0800][0.946s][debug][gc,phases      ] GC(3)   Weak JFR Old Object Samples    Min:  0.0, Avg:  0.0, Max:  0.0, Diff:  0.0, Sum:  0.0, Workers: 3
[2024-08-16T20:42:30.902+0800][0.946s][debug][gc,phases      ] GC(3)     Dead                           Min: 0, Avg:  0.0, Max: 0, Diff: 0, Sum: 0, Workers: 3
[2024-08-16T20:42:30.902+0800][0.946s][debug][gc,phases      ] GC(3)     Total                          Min: 0, Avg:  0.0, Max: 0, Diff: 0, Sum: 0, Workers: 3
[2024-08-16T20:42:30.902+0800][0.946s][debug][gc,phases      ] GC(3) Weak Processing 0.328ms
[2024-08-16T20:42:30.902+0800][0.946s][debug][gc,phases,start] GC(3) Class Unloading
[2024-08-16T20:42:30.902+0800][0.946s][debug][gc,phases,start] GC(3) ClassLoaderData
[2024-08-16T20:42:30.902+0800][0.946s][debug][gc,phases      ] GC(3) ClassLoaderData 0.008ms
[2024-08-16T20:42:30.902+0800][0.946s][debug][gc,phases,start] GC(3) Trigger cleanups
[2024-08-16T20:42:30.902+0800][0.946s][debug][gc,phases      ] GC(3) Trigger cleanups 0.006ms
[2024-08-16T20:42:30.903+0800][0.946s][debug][gc,phases      ] GC(3) Class Unloading 0.480ms
[2024-08-16T20:42:30.903+0800][0.946s][debug][gc,phases,start] GC(3) Report Object Count
[2024-08-16T20:42:30.903+0800][0.946s][debug][gc,phases      ] GC(3) Report Object Count 0.006ms
[2024-08-16T20:42:30.903+0800][0.946s][info ][gc,phases      ] GC(3) Marking Phase 5.732ms
[2024-08-16T20:42:30.903+0800][0.946s][info ][gc,phases,start] GC(3) Summary Phase
[2024-08-16T20:42:30.903+0800][0.946s][info ][gc,phases      ] GC(3) Summary Phase 0.017ms
[2024-08-16T20:42:30.903+0800][0.946s][info ][gc,phases,start] GC(3) Adjust Roots
[2024-08-16T20:42:30.903+0800][0.947s][info ][gc,phases      ] GC(3) Adjust Roots 0.447ms
[2024-08-16T20:42:30.903+0800][0.947s][info ][gc,phases,start] GC(3) Compaction Phase
[2024-08-16T20:42:30.925+0800][0.968s][info ][gc,phases      ] GC(3) Compaction Phase 21.555ms
[2024-08-16T20:42:30.925+0800][0.968s][info ][gc,phases,start] GC(3) Post Compact
[2024-08-16T20:42:30.933+0800][0.976s][info ][gc,phases      ] GC(3) Post Compact 8.241ms
[2024-08-16T20:42:30.933+0800][0.977s][debug][gc,ergo        ] GC(3) AdaptiveSizeStart: collection: 4 
[2024-08-16T20:42:30.933+0800][0.977s][debug][gc,ergo        ] GC(3) PSAdaptiveSizePolicy::compute_eden_space_size: costs minor_time: 0.062416 major_cost: 0.037230 mutator_cost: 0.900354 throughput_goal: 0.990000
[2024-08-16T20:42:30.933+0800][0.977s][debug][gc,ergo        ] GC(3) Live_space: 284840256 free_space: 673710080
[2024-08-16T20:42:30.933+0800][0.977s][debug][gc,ergo        ] GC(3) Old eden_size: 538968064 desired_eden_size: 438304768
[2024-08-16T20:42:30.933+0800][0.977s][debug][gc,ergo        ] GC(3) PSAdaptiveSizePolicy::compute_old_gen_free_space: costs minor_time: 0.062416 major_cost: 0.037230  mutator_cost: 0.900354 throughput_goal: 0.990000
[2024-08-16T20:42:30.933+0800][0.977s][debug][gc,ergo        ] GC(3) Live_space: 593845632 free_space: 573046784
[2024-08-16T20:42:30.933+0800][0.977s][debug][gc,ergo        ] GC(3) Old promo_size: 134742016 desired_promo_size: 185597952
[2024-08-16T20:42:30.934+0800][0.977s][debug][gc             ] GC(3) Expanding ParOldGen from 408064K by 355840K to 763904K
[2024-08-16T20:42:30.934+0800][0.978s][debug][gc,ergo        ] GC(3) AdaptiveSizeStop: collection: 4 
[2024-08-16T20:42:30.934+0800][0.978s][info ][gc,heap        ] GC(3) PSYoungGen: 21344K(284672K)->0K(428544K) Eden: 0K(263168K)->0K(428032K) From: 21344K(21504K)->0K(512K)
[2024-08-16T20:42:30.934+0800][0.978s][info ][gc,heap        ] GC(3) ParOldGen: 407582K(408064K)->301763K(763904K)
[2024-08-16T20:42:30.934+0800][0.978s][info ][gc,metaspace   ] GC(3) Metaspace: 843K(960K)->843K(960K) NonClass: 780K(832K)->780K(832K) Class: 62K(128K)->62K(128K)
[2024-08-16T20:42:30.934+0800][0.978s][info ][gc             ] GC(3) Pause Full (Ergonomics) 418M->294M(1164M) 37.274ms
[2024-08-16T20:42:30.934+0800][0.978s][info ][gc,cpu         ] GC(3) User=0.29s Sys=0.01s Real=0.04s
[2024-08-16T20:42:30.934+0800][0.978s][debug][gc,heap        ] GC(3) Heap after GC invocations=4 (full 1):
[2024-08-16T20:42:30.934+0800][0.978s][debug][gc,heap        ] GC(3)  PSYoungGen      total 428544K, used 0K [0x00000007aab00000, 0x00000007cc280000, 0x0000000800000000)
[2024-08-16T20:42:30.934+0800][0.978s][debug][gc,heap        ] GC(3)   eden space 428032K, 0% used [0x00000007aab00000,0x00000007aab00000,0x00000007c4d00000)
[2024-08-16T20:42:30.934+0800][0.978s][debug][gc,heap        ] GC(3)   from space 512K, 0% used [0x00000007cc200000,0x00000007cc200000,0x00000007cc280000)
[2024-08-16T20:42:30.934+0800][0.978s][debug][gc,heap        ] GC(3)   to   space 21504K, 0% used [0x00000007c9880000,0x00000007c9880000,0x00000007cad80000)
[2024-08-16T20:42:30.934+0800][0.978s][debug][gc,heap        ] GC(3)  ParOldGen       total 763904K, used 301763K [0x0000000700000000, 0x000000072ea00000, 0x00000007aab00000)
[2024-08-16T20:42:30.934+0800][0.978s][debug][gc,heap        ] GC(3)   object space 763904K, 39% used [0x0000000700000000,0x00000007126b0c28,0x000000072ea00000)
[2024-08-16T20:42:30.934+0800][0.978s][debug][gc,heap        ] GC(3)  Metaspace       used 843K, committed 960K, reserved 1114112K
[2024-08-16T20:42:30.934+0800][0.978s][debug][gc,heap        ] GC(3)   class space    used 62K, committed 128K, reserved 1048576K
[2024-08-16T20:42:30.934+0800][0.978s][debug][gc,task,time   ] GC(3) VM-Thread 940412077 946639925 977722253
[2024-08-16T20:42:31.590+0800][1.634s][debug][gc,heap        ] GC(4) Heap before GC invocations=5 (full 1):
[2024-08-16T20:42:31.590+0800][1.634s][debug][gc,heap        ] GC(4)  PSYoungGen      total 428544K, used 427844K [0x00000007aab00000, 0x00000007cc280000, 0x0000000800000000)
[2024-08-16T20:42:31.590+0800][1.634s][debug][gc,heap        ] GC(4)   eden space 428032K, 99% used [0x00000007aab00000,0x00000007c4cd10f8,0x00000007c4d00000)
[2024-08-16T20:42:31.590+0800][1.634s][debug][gc,heap        ] GC(4)   from space 512K, 0% used [0x00000007cc200000,0x00000007cc200000,0x00000007cc280000)
[2024-08-16T20:42:31.590+0800][1.634s][debug][gc,heap        ] GC(4)   to   space 21504K, 0% used [0x00000007c9880000,0x00000007c9880000,0x00000007cad80000)
[2024-08-16T20:42:31.590+0800][1.634s][debug][gc,heap        ] GC(4)  ParOldGen       total 763904K, used 301763K [0x0000000700000000, 0x000000072ea00000, 0x00000007aab00000)
[2024-08-16T20:42:31.590+0800][1.634s][debug][gc,heap        ] GC(4)   object space 763904K, 39% used [0x0000000700000000,0x00000007126b0c28,0x000000072ea00000)
[2024-08-16T20:42:31.590+0800][1.634s][debug][gc,heap        ] GC(4)  Metaspace       used 843K, committed 960K, reserved 1114112K
[2024-08-16T20:42:31.590+0800][1.634s][debug][gc,heap        ] GC(4)   class space    used 62K, committed 128K, reserved 1048576K
[2024-08-16T20:42:31.590+0800][1.634s][debug][gc,tlab        ] GC(4) TLAB totals: thrds: 1  refills: 46 max: 46 slow allocs: 0 max 0 waste:  0.5% gc: 0B max: 0B slow: 2267360B max: 2267360B
[2024-08-16T20:42:31.590+0800][1.634s][info ][gc,start       ] GC(4) Pause Young (Allocation Failure)
[2024-08-16T20:42:31.590+0800][1.634s][debug][gc,phases,start] GC(4) Scavenge
[2024-08-16T20:42:31.627+0800][1.671s][debug][gc,phases      ] GC(4) Scavenge 36.950ms
[2024-08-16T20:42:31.627+0800][1.671s][debug][gc,phases,start] GC(4) Reference Processing
[2024-08-16T20:42:31.627+0800][1.671s][debug][gc,ref         ] GC(4) Skipped phase 1 of Reference Processing: no references
[2024-08-16T20:42:31.627+0800][1.671s][debug][gc,ref         ] GC(4) Skipped phase 2 of Reference Processing: no references
[2024-08-16T20:42:31.627+0800][1.671s][debug][gc,ref         ] GC(4) Skipped phase 3 of Reference Processing: no references
[2024-08-16T20:42:31.627+0800][1.671s][debug][gc,ref         ] GC(4) Skipped phase 4 of Reference Processing: no references
[2024-08-16T20:42:31.627+0800][1.671s][debug][gc,phases,ref  ] GC(4) Reference Processing: 0.0ms
[2024-08-16T20:42:31.627+0800][1.671s][debug][gc,phases,ref  ] GC(4)   Reconsider SoftReferences: 0.0ms
[2024-08-16T20:42:31.627+0800][1.671s][debug][gc,phases,ref  ] GC(4)     SoftRef (ms):                  skipped
[2024-08-16T20:42:31.627+0800][1.671s][debug][gc,phases,ref  ] GC(4)   Notify Soft/WeakReferences: 0.0ms
[2024-08-16T20:42:31.627+0800][1.671s][debug][gc,phases,ref  ] GC(4)     SoftRef (ms):                  skipped
[2024-08-16T20:42:31.627+0800][1.671s][debug][gc,phases,ref  ] GC(4)     WeakRef (ms):                  skipped
[2024-08-16T20:42:31.627+0800][1.671s][debug][gc,phases,ref  ] GC(4)     FinalRef (ms):                 skipped
[2024-08-16T20:42:31.627+0800][1.671s][debug][gc,phases,ref  ] GC(4)     Total (ms):                    skipped
[2024-08-16T20:42:31.627+0800][1.671s][debug][gc,phases,ref  ] GC(4)   Notify and keep alive finalizable: 0.0ms
[2024-08-16T20:42:31.627+0800][1.671s][debug][gc,phases,ref  ] GC(4)     FinalRef (ms):                 skipped
[2024-08-16T20:42:31.627+0800][1.671s][debug][gc,phases,ref  ] GC(4)   Notify PhantomReferences: 0.0ms
[2024-08-16T20:42:31.627+0800][1.671s][debug][gc,phases,ref  ] GC(4)     PhantomRef (ms):               skipped
[2024-08-16T20:42:31.627+0800][1.671s][debug][gc,phases,ref  ] GC(4)   SoftReference:
[2024-08-16T20:42:31.627+0800][1.671s][debug][gc,phases,ref  ] GC(4)     Discovered: 0
[2024-08-16T20:42:31.627+0800][1.671s][debug][gc,phases,ref  ] GC(4)     Cleared: 0
[2024-08-16T20:42:31.627+0800][1.671s][debug][gc,phases,ref  ] GC(4)   WeakReference:
[2024-08-16T20:42:31.627+0800][1.671s][debug][gc,phases,ref  ] GC(4)     Discovered: 0
[2024-08-16T20:42:31.627+0800][1.671s][debug][gc,phases,ref  ] GC(4)     Cleared: 0
[2024-08-16T20:42:31.627+0800][1.671s][debug][gc,phases,ref  ] GC(4)   FinalReference:
[2024-08-16T20:42:31.627+0800][1.671s][debug][gc,phases,ref  ] GC(4)     Discovered: 0
[2024-08-16T20:42:31.627+0800][1.671s][debug][gc,phases,ref  ] GC(4)     Cleared: 0
[2024-08-16T20:42:31.627+0800][1.671s][debug][gc,phases,ref  ] GC(4)   PhantomReference:
[2024-08-16T20:42:31.627+0800][1.671s][debug][gc,phases,ref  ] GC(4)     Discovered: 0
[2024-08-16T20:42:31.627+0800][1.671s][debug][gc,phases,ref  ] GC(4)     Cleared: 0
[2024-08-16T20:42:31.627+0800][1.671s][debug][gc,phases      ] GC(4) Reference Processing 0.197ms
[2024-08-16T20:42:31.627+0800][1.671s][debug][gc,phases,start] GC(4) Weak Processing
[2024-08-16T20:42:31.628+0800][1.671s][debug][gc,phases      ] GC(4)   VM Weak                        Min:  0.0, Avg:  0.0, Max:  0.0, Diff:  0.0, Sum:  0.0, Workers: 3
[2024-08-16T20:42:31.628+0800][1.671s][debug][gc,phases      ] GC(4)     Dead                           Min: 0, Avg:  0.0, Max: 0, Diff: 0, Sum: 0, Workers: 3
[2024-08-16T20:42:31.628+0800][1.671s][debug][gc,phases      ] GC(4)     Total                          Min: 0, Avg:  7.7, Max: 23, Diff: 23, Sum: 23, Workers: 3
[2024-08-16T20:42:31.628+0800][1.671s][debug][gc,phases      ] GC(4)   ObjectSynchronizer Weak        Min:  0.0, Avg:  0.0, Max:  0.0, Diff:  0.0, Sum:  0.0, Workers: 3
[2024-08-16T20:42:31.628+0800][1.671s][debug][gc,phases      ] GC(4)     Dead                           Min: 0, Avg:  0.0, Max: 0, Diff: 0, Sum: 0, Workers: 3
[2024-08-16T20:42:31.628+0800][1.671s][debug][gc,phases      ] GC(4)     Total                          Min: 0, Avg:  1.0, Max: 3, Diff: 3, Sum: 3, Workers: 3
[2024-08-16T20:42:31.628+0800][1.671s][debug][gc,phases      ] GC(4)   JVMTI Tag Weak OopStorage      Min:  0.0, Avg:  0.0, Max:  0.0, Diff:  0.0, Sum:  0.0, Workers: 3
[2024-08-16T20:42:31.628+0800][1.671s][debug][gc,phases      ] GC(4)     Dead                           Min: 0, Avg:  0.0, Max: 0, Diff: 0, Sum: 0, Workers: 3
[2024-08-16T20:42:31.628+0800][1.671s][debug][gc,phases      ] GC(4)     Total                          Min: 0, Avg:  0.0, Max: 0, Diff: 0, Sum: 0, Workers: 3
[2024-08-16T20:42:31.628+0800][1.671s][debug][gc,phases      ] GC(4)   StringTable Weak               Min:  0.0, Avg:  0.0, Max:  0.0, Diff:  0.0, Sum:  0.0, Workers: 3
[2024-08-16T20:42:31.628+0800][1.671s][debug][gc,phases      ] GC(4)     Dead                           Min: 0, Avg:  0.7, Max: 2, Diff: 2, Sum: 2, Workers: 3
[2024-08-16T20:42:31.628+0800][1.671s][debug][gc,phases      ] GC(4)     Total                          Min: 0, Avg: 669.7, Max: 1022, Diff: 1022, Sum: 2009, Workers: 3
[2024-08-16T20:42:31.628+0800][1.671s][debug][gc,phases      ] GC(4)   ResolvedMethodTable Weak       Min:  0.0, Avg:  0.0, Max:  0.0, Diff:  0.0, Sum:  0.0, Workers: 3
[2024-08-16T20:42:31.628+0800][1.671s][debug][gc,phases      ] GC(4)     Dead                           Min: 0, Avg:  0.0, Max: 0, Diff: 0, Sum: 0, Workers: 3
[2024-08-16T20:42:31.628+0800][1.671s][debug][gc,phases      ] GC(4)     Total                          Min: 0, Avg: 62.3, Max: 128, Diff: 128, Sum: 187, Workers: 3
[2024-08-16T20:42:31.628+0800][1.671s][debug][gc,phases      ] GC(4)   JNI Weak                       Min:  0.0, Avg:  0.0, Max:  0.0, Diff:  0.0, Sum:  0.0, Workers: 3
[2024-08-16T20:42:31.628+0800][1.671s][debug][gc,phases      ] GC(4)     Dead                           Min: 0, Avg:  0.0, Max: 0, Diff: 0, Sum: 0, Workers: 3
[2024-08-16T20:42:31.628+0800][1.671s][debug][gc,phases      ] GC(4)     Total                          Min: 0, Avg:  0.0, Max: 0, Diff: 0, Sum: 0, Workers: 3
[2024-08-16T20:42:31.628+0800][1.671s][debug][gc,phases      ] GC(4)   StringDedup Table Weak         Min:  0.0, Avg:  0.0, Max:  0.0, Diff:  0.0, Sum:  0.0, Workers: 3
[2024-08-16T20:42:31.628+0800][1.671s][debug][gc,phases      ] GC(4)     Dead                           Min: 0, Avg:  0.0, Max: 0, Diff: 0, Sum: 0, Workers: 3
[2024-08-16T20:42:31.628+0800][1.671s][debug][gc,phases      ] GC(4)     Total                          Min: 0, Avg:  0.0, Max: 0, Diff: 0, Sum: 0, Workers: 3
[2024-08-16T20:42:31.628+0800][1.671s][debug][gc,phases      ] GC(4)   StringDedup Requests0 Weak     Min:  0.0, Avg:  0.0, Max:  0.0, Diff:  0.0, Sum:  0.0, Workers: 3
[2024-08-16T20:42:31.628+0800][1.671s][debug][gc,phases      ] GC(4)     Dead                           Min: 0, Avg:  0.0, Max: 0, Diff: 0, Sum: 0, Workers: 3
[2024-08-16T20:42:31.628+0800][1.671s][debug][gc,phases      ] GC(4)     Total                          Min: 0, Avg:  0.0, Max: 0, Diff: 0, Sum: 0, Workers: 3
[2024-08-16T20:42:31.628+0800][1.671s][debug][gc,phases      ] GC(4)   StringDedup Requests1 Weak     Min:  0.0, Avg:  0.0, Max:  0.0, Diff:  0.0, Sum:  0.0, Workers: 3
[2024-08-16T20:42:31.628+0800][1.671s][debug][gc,phases      ] GC(4)     Dead                           Min: 0, Avg:  0.0, Max: 0, Diff: 0, Sum: 0, Workers: 3
[2024-08-16T20:42:31.628+0800][1.671s][debug][gc,phases      ] GC(4)     Total                          Min: 0, Avg:  0.0, Max: 0, Diff: 0, Sum: 0, Workers: 3
[2024-08-16T20:42:31.628+0800][1.671s][debug][gc,phases      ] GC(4)   Weak JFR Old Object Samples    Min:  0.0, Avg:  0.0, Max:  0.0, Diff:  0.0, Sum:  0.0, Workers: 3
[2024-08-16T20:42:31.628+0800][1.671s][debug][gc,phases      ] GC(4)     Dead                           Min: 0, Avg:  0.0, Max: 0, Diff: 0, Sum: 0, Workers: 3
[2024-08-16T20:42:31.628+0800][1.671s][debug][gc,phases      ] GC(4)     Total                          Min: 0, Avg:  0.0, Max: 0, Diff: 0, Sum: 0, Workers: 3
[2024-08-16T20:42:31.628+0800][1.671s][debug][gc,phases      ] GC(4) Weak Processing 0.326ms
[2024-08-16T20:42:31.628+0800][1.671s][debug][gc,ergo        ] GC(4) AdaptiveSizeStart:  collection: 5 
[2024-08-16T20:42:31.628+0800][1.671s][debug][gc,age         ] GC(4) Desired survivor size 22020096 bytes, new threshold 7 (max threshold 15)
[2024-08-16T20:42:31.628+0800][1.671s][debug][gc,ergo        ] GC(4) PSAdaptiveSizePolicy::compute_eden_space_size: costs minor_time: 0.059649 major_cost: 0.037230 mutator_cost: 0.903121 throughput_goal: 0.990000
[2024-08-16T20:42:31.628+0800][1.671s][debug][gc,ergo        ] GC(4) Live_space: 594772096 free_space: 623902720
[2024-08-16T20:42:31.628+0800][1.671s][debug][gc,ergo        ] GC(4) Old eden_size: 438304768 desired_eden_size: 708313088
[2024-08-16T20:42:31.628+0800][1.672s][debug][gc,ergo        ] GC(4) AdaptiveSizeStop: collection: 5 
[2024-08-16T20:42:31.628+0800][1.672s][info ][gc,heap        ] GC(4) PSYoungGen: 427844K(428544K)->20544K(526848K) Eden: 427844K(428032K)->0K(505344K) From: 0K(512K)->20544K(21504K)
[2024-08-16T20:42:31.628+0800][1.672s][info ][gc,heap        ] GC(4) ParOldGen: 301763K(763904K)->719561K(763904K)
[2024-08-16T20:42:31.628+0800][1.672s][info ][gc,metaspace   ] GC(4) Metaspace: 843K(960K)->843K(960K) NonClass: 780K(832K)->780K(832K) Class: 62K(128K)->62K(128K)
[2024-08-16T20:42:31.628+0800][1.672s][info ][gc             ] GC(4) Pause Young (Allocation Failure) 712M->722M(1260M) 37.985ms
[2024-08-16T20:42:31.628+0800][1.672s][info ][gc,cpu         ] GC(4) User=0.28s Sys=0.20s Real=0.04s
[2024-08-16T20:42:31.628+0800][1.672s][debug][gc,heap        ] GC(4) Heap after GC invocations=5 (full 1):
[2024-08-16T20:42:31.628+0800][1.672s][debug][gc,heap        ] GC(4)  PSYoungGen      total 526848K, used 20544K [0x00000007aab00000, 0x00000007d7880000, 0x0000000800000000)
[2024-08-16T20:42:31.628+0800][1.672s][debug][gc,heap        ] GC(4)   eden space 505344K, 0% used [0x00000007aab00000,0x00000007aab00000,0x00000007c9880000)
[2024-08-16T20:42:31.628+0800][1.672s][debug][gc,heap        ] GC(4)   from space 21504K, 95% used [0x00000007c9880000,0x00000007cac90140,0x00000007cad80000)
[2024-08-16T20:42:31.628+0800][1.672s][debug][gc,heap        ] GC(4)   to   space 21504K, 0% used [0x00000007d6380000,0x00000007d6380000,0x00000007d7880000)
[2024-08-16T20:42:31.628+0800][1.672s][debug][gc,heap        ] GC(4)  ParOldGen       total 763904K, used 719561K [0x0000000700000000, 0x000000072ea00000, 0x00000007aab00000)
[2024-08-16T20:42:31.628+0800][1.672s][debug][gc,heap        ] GC(4)   object space 763904K, 94% used [0x0000000700000000,0x000000072beb25a8,0x000000072ea00000)
[2024-08-16T20:42:31.628+0800][1.672s][debug][gc,heap        ] GC(4)  Metaspace       used 843K, committed 960K, reserved 1114112K
[2024-08-16T20:42:31.628+0800][1.672s][debug][gc,heap        ] GC(4)   class space    used 62K, committed 128K, reserved 1048576K
[2024-08-16T20:42:31.628+0800][1.672s][debug][gc,task,time   ] GC(4) VM-Thread 1633533150 1670684856 1671729213
[2024-08-16T20:42:31.628+0800][1.672s][debug][gc,phases,start] GC(5) Pre Compact
[2024-08-16T20:42:31.628+0800][1.672s][debug][gc,heap        ] GC(5) Heap before GC invocations=6 (full 2):
[2024-08-16T20:42:31.628+0800][1.672s][debug][gc,heap        ] GC(5)  PSYoungGen      total 526848K, used 20544K [0x00000007aab00000, 0x00000007d7880000, 0x0000000800000000)
[2024-08-16T20:42:31.628+0800][1.672s][debug][gc,heap        ] GC(5)   eden space 505344K, 0% used [0x00000007aab00000,0x00000007aab00000,0x00000007c9880000)
[2024-08-16T20:42:31.628+0800][1.672s][debug][gc,heap        ] GC(5)   from space 21504K, 95% used [0x00000007c9880000,0x00000007cac90140,0x00000007cad80000)
[2024-08-16T20:42:31.628+0800][1.672s][debug][gc,heap        ] GC(5)   to   space 21504K, 0% used [0x00000007d6380000,0x00000007d6380000,0x00000007d7880000)
[2024-08-16T20:42:31.628+0800][1.672s][debug][gc,heap        ] GC(5)  ParOldGen       total 763904K, used 719561K [0x0000000700000000, 0x000000072ea00000, 0x00000007aab00000)
[2024-08-16T20:42:31.628+0800][1.672s][debug][gc,heap        ] GC(5)   object space 763904K, 94% used [0x0000000700000000,0x000000072beb25a8,0x000000072ea00000)
[2024-08-16T20:42:31.628+0800][1.672s][debug][gc,heap        ] GC(5)  Metaspace       used 843K, committed 960K, reserved 1114112K
[2024-08-16T20:42:31.628+0800][1.672s][debug][gc,heap        ] GC(5)   class space    used 62K, committed 128K, reserved 1048576K
[2024-08-16T20:42:31.628+0800][1.672s][debug][gc,phases      ] GC(5) Pre Compact 0.069ms
[2024-08-16T20:42:31.628+0800][1.672s][info ][gc,start       ] GC(5) Pause Full (Ergonomics)
[2024-08-16T20:42:31.628+0800][1.672s][info ][gc,phases,start] GC(5) Marking Phase
[2024-08-16T20:42:31.628+0800][1.672s][debug][gc,phases,start] GC(5) Par Mark
[2024-08-16T20:42:31.635+0800][1.678s][debug][gc,phases      ] GC(5) Par Mark 6.266ms
[2024-08-16T20:42:31.635+0800][1.678s][debug][gc,phases,start] GC(5) Reference Processing
[2024-08-16T20:42:31.635+0800][1.678s][debug][gc,ref         ] GC(5) Skipped phase 1 of Reference Processing: no references
[2024-08-16T20:42:31.635+0800][1.678s][debug][gc,ref         ] GC(5) ReferenceProcessor::execute queues: 1, RefProcThreadModel::Single, marks_oops_alive: false
[2024-08-16T20:42:31.635+0800][1.678s][debug][gc,ref         ] GC(5) Skipped phase 3 of Reference Processing: no references
[2024-08-16T20:42:31.635+0800][1.678s][debug][gc,ref         ] GC(5) ReferenceProcessor::execute queues: 1, RefProcThreadModel::Single, marks_oops_alive: false
[2024-08-16T20:42:31.635+0800][1.678s][debug][gc,phases,ref  ] GC(5) Reference Processing: 0.1ms
[2024-08-16T20:42:31.635+0800][1.678s][debug][gc,phases,ref  ] GC(5)   Reconsider SoftReferences: 0.0ms
[2024-08-16T20:42:31.635+0800][1.678s][debug][gc,phases,ref  ] GC(5)     SoftRef (ms):                  skipped
[2024-08-16T20:42:31.635+0800][1.678s][debug][gc,phases,ref  ] GC(5)   Notify Soft/WeakReferences: 0.1ms
[2024-08-16T20:42:31.635+0800][1.678s][debug][gc,phases,ref  ] GC(5)     SoftRef (ms):                  Min:  0.0, Avg:  0.0, Max:  0.0, Diff:  0.0, Sum:  0.0, Workers: 13
[2024-08-16T20:42:31.635+0800][1.678s][debug][gc,phases,ref  ] GC(5)     WeakRef (ms):                  Min:  0.0, Avg:  0.0, Max:  0.0, Diff:  0.0, Sum:  0.0, Workers: 13
[2024-08-16T20:42:31.635+0800][1.678s][debug][gc,phases,ref  ] GC(5)     FinalRef (ms):                 Min:  0.0, Avg:  0.0, Max:  0.0, Diff:  0.0, Sum:  0.0, Workers: 13
[2024-08-16T20:42:31.635+0800][1.678s][debug][gc,phases,ref  ] GC(5)     Total (ms):                    Min:  0.0, Avg:  0.0, Max:  0.0, Diff:  0.0, Sum:  0.0, Workers: 13
[2024-08-16T20:42:31.635+0800][1.678s][debug][gc,phases,ref  ] GC(5)   Notify and keep alive finalizable: 0.0ms
[2024-08-16T20:42:31.635+0800][1.678s][debug][gc,phases,ref  ] GC(5)     FinalRef (ms):                 skipped
[2024-08-16T20:42:31.635+0800][1.678s][debug][gc,phases,ref  ] GC(5)   Notify PhantomReferences: 0.0ms
[2024-08-16T20:42:31.635+0800][1.678s][debug][gc,phases,ref  ] GC(5)     PhantomRef (ms):               Min:  0.0, Avg:  0.0, Max:  0.0, Diff:  0.0, Sum:  0.0, Workers: 13
[2024-08-16T20:42:31.635+0800][1.678s][debug][gc,phases,ref  ] GC(5)   SoftReference:
[2024-08-16T20:42:31.635+0800][1.678s][debug][gc,phases,ref  ] GC(5)     Discovered: 0
[2024-08-16T20:42:31.635+0800][1.678s][debug][gc,phases,ref  ] GC(5)     Cleared: 0
[2024-08-16T20:42:31.635+0800][1.678s][debug][gc,phases,ref  ] GC(5)   WeakReference:
[2024-08-16T20:42:31.635+0800][1.678s][debug][gc,phases,ref  ] GC(5)     Discovered: 20
[2024-08-16T20:42:31.635+0800][1.678s][debug][gc,phases,ref  ] GC(5)     Cleared: 20
[2024-08-16T20:42:31.635+0800][1.678s][debug][gc,phases,ref  ] GC(5)   FinalReference:
[2024-08-16T20:42:31.635+0800][1.678s][debug][gc,phases,ref  ] GC(5)     Discovered: 0
[2024-08-16T20:42:31.635+0800][1.678s][debug][gc,phases,ref  ] GC(5)     Cleared: 0
[2024-08-16T20:42:31.635+0800][1.678s][debug][gc,phases,ref  ] GC(5)   PhantomReference:
[2024-08-16T20:42:31.635+0800][1.678s][debug][gc,phases,ref  ] GC(5)     Discovered: 1
[2024-08-16T20:42:31.635+0800][1.678s][debug][gc,phases,ref  ] GC(5)     Cleared: 1
[2024-08-16T20:42:31.635+0800][1.678s][debug][gc,phases      ] GC(5) Reference Processing 0.185ms
[2024-08-16T20:42:31.635+0800][1.678s][debug][gc,phases,start] GC(5) Weak Processing
[2024-08-16T20:42:31.635+0800][1.678s][debug][gc,phases      ] GC(5)   VM Weak                        Min:  0.0, Avg:  0.0, Max:  0.0, Diff:  0.0, Sum:  0.0, Workers: 3
[2024-08-16T20:42:31.635+0800][1.678s][debug][gc,phases      ] GC(5)     Dead                           Min: 0, Avg:  0.0, Max: 0, Diff: 0, Sum: 0, Workers: 3
[2024-08-16T20:42:31.635+0800][1.678s][debug][gc,phases      ] GC(5)     Total                          Min: 0, Avg:  7.7, Max: 23, Diff: 23, Sum: 23, Workers: 3
[2024-08-16T20:42:31.635+0800][1.678s][debug][gc,phases      ] GC(5)   ObjectSynchronizer Weak        Min:  0.0, Avg:  0.0, Max:  0.0, Diff:  0.0, Sum:  0.0, Workers: 3
[2024-08-16T20:42:31.635+0800][1.678s][debug][gc,phases      ] GC(5)     Dead                           Min: 0, Avg:  0.0, Max: 0, Diff: 0, Sum: 0, Workers: 3
[2024-08-16T20:42:31.635+0800][1.678s][debug][gc,phases      ] GC(5)     Total                          Min: 0, Avg:  1.0, Max: 3, Diff: 3, Sum: 3, Workers: 3
[2024-08-16T20:42:31.635+0800][1.678s][debug][gc,phases      ] GC(5)   JVMTI Tag Weak OopStorage      Min:  0.0, Avg:  0.0, Max:  0.0, Diff:  0.0, Sum:  0.0, Workers: 3
[2024-08-16T20:42:31.635+0800][1.678s][debug][gc,phases      ] GC(5)     Dead                           Min: 0, Avg:  0.0, Max: 0, Diff: 0, Sum: 0, Workers: 3
[2024-08-16T20:42:31.635+0800][1.678s][debug][gc,phases      ] GC(5)     Total                          Min: 0, Avg:  0.0, Max: 0, Diff: 0, Sum: 0, Workers: 3
[2024-08-16T20:42:31.635+0800][1.678s][debug][gc,phases      ] GC(5)   StringTable Weak               Min:  0.0, Avg:  0.0, Max:  0.0, Diff:  0.0, Sum:  0.0, Workers: 3
[2024-08-16T20:42:31.635+0800][1.678s][debug][gc,phases      ] GC(5)     Dead                           Min: 0, Avg:  0.0, Max: 0, Diff: 0, Sum: 0, Workers: 3
[2024-08-16T20:42:31.635+0800][1.678s][debug][gc,phases      ] GC(5)     Total                          Min: 0, Avg: 669.7, Max: 1728, Diff: 1728, Sum: 2009, Workers: 3
[2024-08-16T20:42:31.635+0800][1.678s][debug][gc,phases      ] GC(5)   ResolvedMethodTable Weak       Min:  0.0, Avg:  0.0, Max:  0.0, Diff:  0.0, Sum:  0.0, Workers: 3
[2024-08-16T20:42:31.635+0800][1.678s][debug][gc,phases      ] GC(5)     Dead                           Min: 0, Avg:  0.0, Max: 0, Diff: 0, Sum: 0, Workers: 3
[2024-08-16T20:42:31.635+0800][1.678s][debug][gc,phases      ] GC(5)     Total                          Min: 0, Avg: 62.3, Max: 123, Diff: 123, Sum: 187, Workers: 3
[2024-08-16T20:42:31.635+0800][1.678s][debug][gc,phases      ] GC(5)   JNI Weak                       Min:  0.0, Avg:  0.0, Max:  0.0, Diff:  0.0, Sum:  0.0, Workers: 3
[2024-08-16T20:42:31.635+0800][1.678s][debug][gc,phases      ] GC(5)     Dead                           Min: 0, Avg:  0.0, Max: 0, Diff: 0, Sum: 0, Workers: 3
[2024-08-16T20:42:31.635+0800][1.679s][debug][gc,phases      ] GC(5)     Total                          Min: 0, Avg:  0.0, Max: 0, Diff: 0, Sum: 0, Workers: 3
[2024-08-16T20:42:31.635+0800][1.679s][debug][gc,phases      ] GC(5)   StringDedup Table Weak         Min:  0.0, Avg:  0.0, Max:  0.0, Diff:  0.0, Sum:  0.0, Workers: 3
[2024-08-16T20:42:31.635+0800][1.679s][debug][gc,phases      ] GC(5)     Dead                           Min: 0, Avg:  0.0, Max: 0, Diff: 0, Sum: 0, Workers: 3
[2024-08-16T20:42:31.635+0800][1.679s][debug][gc,phases      ] GC(5)     Total                          Min: 0, Avg:  0.0, Max: 0, Diff: 0, Sum: 0, Workers: 3
[2024-08-16T20:42:31.635+0800][1.679s][debug][gc,phases      ] GC(5)   StringDedup Requests0 Weak     Min:  0.0, Avg:  0.0, Max:  0.0, Diff:  0.0, Sum:  0.0, Workers: 3
[2024-08-16T20:42:31.635+0800][1.679s][debug][gc,phases      ] GC(5)     Dead                           Min: 0, Avg:  0.0, Max: 0, Diff: 0, Sum: 0, Workers: 3
[2024-08-16T20:42:31.635+0800][1.679s][debug][gc,phases      ] GC(5)     Total                          Min: 0, Avg:  0.0, Max: 0, Diff: 0, Sum: 0, Workers: 3
[2024-08-16T20:42:31.635+0800][1.679s][debug][gc,phases      ] GC(5)   StringDedup Requests1 Weak     Min:  0.0, Avg:  0.0, Max:  0.0, Diff:  0.0, Sum:  0.0, Workers: 3
[2024-08-16T20:42:31.635+0800][1.679s][debug][gc,phases      ] GC(5)     Dead                           Min: 0, Avg:  0.0, Max: 0, Diff: 0, Sum: 0, Workers: 3
[2024-08-16T20:42:31.635+0800][1.679s][debug][gc,phases      ] GC(5)     Total                          Min: 0, Avg:  0.0, Max: 0, Diff: 0, Sum: 0, Workers: 3
[2024-08-16T20:42:31.635+0800][1.679s][debug][gc,phases      ] GC(5)   Weak JFR Old Object Samples    Min:  0.0, Avg:  0.0, Max:  0.0, Diff:  0.0, Sum:  0.0, Workers: 3
[2024-08-16T20:42:31.635+0800][1.679s][debug][gc,phases      ] GC(5)     Dead                           Min: 0, Avg:  0.0, Max: 0, Diff: 0, Sum: 0, Workers: 3
[2024-08-16T20:42:31.635+0800][1.679s][debug][gc,phases      ] GC(5)     Total                          Min: 0, Avg:  0.0, Max: 0, Diff: 0, Sum: 0, Workers: 3
[2024-08-16T20:42:31.635+0800][1.679s][debug][gc,phases      ] GC(5) Weak Processing 0.223ms
[2024-08-16T20:42:31.635+0800][1.679s][debug][gc,phases,start] GC(5) Class Unloading
[2024-08-16T20:42:31.635+0800][1.679s][debug][gc,phases,start] GC(5) ClassLoaderData
[2024-08-16T20:42:31.635+0800][1.679s][debug][gc,phases      ] GC(5) ClassLoaderData 0.005ms
[2024-08-16T20:42:31.635+0800][1.679s][debug][gc,phases,start] GC(5) Trigger cleanups
[2024-08-16T20:42:31.635+0800][1.679s][debug][gc,phases      ] GC(5) Trigger cleanups 0.004ms
[2024-08-16T20:42:31.635+0800][1.679s][debug][gc,phases      ] GC(5) Class Unloading 0.347ms
[2024-08-16T20:42:31.635+0800][1.679s][debug][gc,phases,start] GC(5) Report Object Count
[2024-08-16T20:42:31.635+0800][1.679s][debug][gc,phases      ] GC(5) Report Object Count 0.005ms
[2024-08-16T20:42:31.635+0800][1.679s][info ][gc,phases      ] GC(5) Marking Phase 7.101ms
[2024-08-16T20:42:31.635+0800][1.679s][info ][gc,phases,start] GC(5) Summary Phase
[2024-08-16T20:42:31.635+0800][1.679s][info ][gc,phases      ] GC(5) Summary Phase 0.012ms
[2024-08-16T20:42:31.635+0800][1.679s][info ][gc,phases,start] GC(5) Adjust Roots
[2024-08-16T20:42:31.636+0800][1.679s][info ][gc,phases      ] GC(5) Adjust Roots 0.477ms
[2024-08-16T20:42:31.636+0800][1.679s][info ][gc,phases,start] GC(5) Compaction Phase
[2024-08-16T20:42:31.669+0800][1.712s][info ][gc,phases      ] GC(5) Compaction Phase 32.928ms
[2024-08-16T20:42:31.669+0800][1.712s][info ][gc,phases,start] GC(5) Post Compact
[2024-08-16T20:42:31.676+0800][1.719s][info ][gc,phases      ] GC(5) Post Compact 6.603ms
[2024-08-16T20:42:31.676+0800][1.719s][debug][gc,ergo        ] GC(5) AdaptiveSizeStart: collection: 6 
[2024-08-16T20:42:31.676+0800][1.719s][debug][gc,ergo        ] GC(5) PSAdaptiveSizePolicy::compute_eden_space_size: costs minor_time: 0.059649 major_cost: 0.050418 mutator_cost: 0.889934 throughput_goal: 0.990000
[2024-08-16T20:42:31.676+0800][1.719s][debug][gc,ergo        ] GC(5) Live_space: 591999104 free_space: 893911040
[2024-08-16T20:42:31.676+0800][1.719s][debug][gc,ergo        ] GC(5) Old eden_size: 708313088 desired_eden_size: 797966336
[2024-08-16T20:42:31.676+0800][1.719s][debug][gc,ergo        ] GC(5) PSAdaptiveSizePolicy::compute_old_gen_free_space: costs minor_time: 0.059649 major_cost: 0.050418  mutator_cost: 0.889934 throughput_goal: 0.990000
[2024-08-16T20:42:31.676+0800][1.719s][debug][gc,ergo        ] GC(5) Live_space: 677984128 free_space: 983564288
[2024-08-16T20:42:31.676+0800][1.719s][debug][gc,ergo        ] GC(5) Old promo_size: 185597952 desired_promo_size: 271056896
[2024-08-16T20:42:31.677+0800][1.720s][debug][gc             ] GC(5) Expanding ParOldGen from 763904K by 444416K to 1208320K
[2024-08-16T20:42:31.677+0800][1.720s][debug][gc,ergo        ] GC(5) AdaptiveSizeStop: collection: 6 
[2024-08-16T20:42:31.677+0800][1.720s][info ][gc,heap        ] GC(5) PSYoungGen: 20544K(526848K)->0K(713216K) Eden: 0K(505344K)->0K(691712K) From: 20544K(21504K)->0K(21504K)
[2024-08-16T20:42:31.677+0800][1.720s][info ][gc,heap        ] GC(5) ParOldGen: 719561K(763904K)->469702K(1208320K)
[2024-08-16T20:42:31.677+0800][1.720s][info ][gc,metaspace   ] GC(5) Metaspace: 843K(960K)->843K(960K) NonClass: 780K(832K)->780K(832K) Class: 62K(128K)->62K(128K)
[2024-08-16T20:42:31.677+0800][1.720s][info ][gc             ] GC(5) Pause Full (Ergonomics) 722M->458M(1876M) 48.381ms
[2024-08-16T20:42:31.677+0800][1.720s][info ][gc,cpu         ] GC(5) User=0.43s Sys=0.01s Real=0.05s
[2024-08-16T20:42:31.677+0800][1.720s][debug][gc,heap        ] GC(5) Heap after GC invocations=6 (full 2):
[2024-08-16T20:42:31.677+0800][1.720s][debug][gc,heap        ] GC(5)  PSYoungGen      total 713216K, used 0K [0x00000007aab00000, 0x00000007dce00000, 0x0000000800000000)
[2024-08-16T20:42:31.677+0800][1.720s][debug][gc,heap        ] GC(5)   eden space 691712K, 0% used [0x00000007aab00000,0x00000007aab00000,0x00000007d4e80000)
[2024-08-16T20:42:31.677+0800][1.720s][debug][gc,heap        ] GC(5)   from space 21504K, 0% used [0x00000007d6380000,0x00000007d6380000,0x00000007d7880000)
[2024-08-16T20:42:31.677+0800][1.720s][debug][gc,heap        ] GC(5)   to   space 21504K, 0% used [0x00000007d4e80000,0x00000007d4e80000,0x00000007d6380000)
[2024-08-16T20:42:31.677+0800][1.720s][debug][gc,heap        ] GC(5)  ParOldGen       total 1208320K, used 469702K [0x0000000700000000, 0x0000000749c00000, 0x00000007aab00000)
[2024-08-16T20:42:31.677+0800][1.720s][debug][gc,heap        ] GC(5)   object space 1208320K, 38% used [0x0000000700000000,0x000000071cab19c8,0x0000000749c00000)
[2024-08-16T20:42:31.677+0800][1.720s][debug][gc,heap        ] GC(5)  Metaspace       used 843K, committed 960K, reserved 1114112K
[2024-08-16T20:42:31.677+0800][1.720s][debug][gc,heap        ] GC(5)   class space    used 62K, committed 128K, reserved 1048576K
[2024-08-16T20:42:31.677+0800][1.720s][debug][gc,task,time   ] GC(5) VM-Thread 1671822456 1679442770 1720247306
[2024-08-16T20:42:32.767+0800][2.811s][debug][gc,heap        ] GC(6) Heap before GC invocations=7 (full 2):
[2024-08-16T20:42:32.767+0800][2.811s][debug][gc,heap        ] GC(6)  PSYoungGen      total 713216K, used 691712K [0x00000007aab00000, 0x00000007dce00000, 0x0000000800000000)
[2024-08-16T20:42:32.767+0800][2.811s][debug][gc,heap        ] GC(6)   eden space 691712K, 100% used [0x00000007aab00000,0x00000007d4e80000,0x00000007d4e80000)
[2024-08-16T20:42:32.767+0800][2.811s][debug][gc,heap        ] GC(6)   from space 21504K, 0% used [0x00000007d6380000,0x00000007d6380000,0x00000007d7880000)
[2024-08-16T20:42:32.767+0800][2.811s][debug][gc,heap        ] GC(6)   to   space 21504K, 0% used [0x00000007d4e80000,0x00000007d4e80000,0x00000007d6380000)
[2024-08-16T20:42:32.767+0800][2.811s][debug][gc,heap        ] GC(6)  ParOldGen       total 1208320K, used 469702K [0x0000000700000000, 0x0000000749c00000, 0x00000007aab00000)
[2024-08-16T20:42:32.767+0800][2.811s][debug][gc,heap        ] GC(6)   object space 1208320K, 38% used [0x0000000700000000,0x000000071cab19c8,0x0000000749c00000)
[2024-08-16T20:42:32.767+0800][2.811s][debug][gc,heap        ] GC(6)  Metaspace       used 843K, committed 960K, reserved 1114112K
[2024-08-16T20:42:32.767+0800][2.811s][debug][gc,heap        ] GC(6)   class space    used 62K, committed 128K, reserved 1048576K
[2024-08-16T20:42:32.767+0800][2.811s][debug][gc,tlab        ] GC(6) TLAB totals: thrds: 1  refills: 48 max: 48 slow allocs: 1 max 1 waste:  1.0% gc: 335760B max: 335760B slow: 6830712B max: 6830712B
[2024-08-16T20:42:32.767+0800][2.811s][info ][gc,start       ] GC(6) Pause Young (Allocation Failure)
[2024-08-16T20:42:32.767+0800][2.811s][debug][gc,phases,start] GC(6) Scavenge
[2024-08-16T20:42:32.827+0800][2.870s][debug][gc,phases      ] GC(6) Scavenge 59.763ms
[2024-08-16T20:42:32.827+0800][2.871s][debug][gc,phases,start] GC(6) Reference Processing
[2024-08-16T20:42:32.827+0800][2.871s][debug][gc,ref         ] GC(6) Skipped phase 1 of Reference Processing: no references
[2024-08-16T20:42:32.827+0800][2.871s][debug][gc,ref         ] GC(6) Skipped phase 2 of Reference Processing: no references
[2024-08-16T20:42:32.827+0800][2.871s][debug][gc,ref         ] GC(6) Skipped phase 3 of Reference Processing: no references
[2024-08-16T20:42:32.827+0800][2.871s][debug][gc,ref         ] GC(6) Skipped phase 4 of Reference Processing: no references
[2024-08-16T20:42:32.827+0800][2.871s][debug][gc,phases,ref  ] GC(6) Reference Processing: 0.0ms
[2024-08-16T20:42:32.827+0800][2.871s][debug][gc,phases,ref  ] GC(6)   Reconsider SoftReferences: 0.0ms
[2024-08-16T20:42:32.827+0800][2.871s][debug][gc,phases,ref  ] GC(6)     SoftRef (ms):                  skipped
[2024-08-16T20:42:32.827+0800][2.871s][debug][gc,phases,ref  ] GC(6)   Notify Soft/WeakReferences: 0.0ms
[2024-08-16T20:42:32.827+0800][2.871s][debug][gc,phases,ref  ] GC(6)     SoftRef (ms):                  skipped
[2024-08-16T20:42:32.827+0800][2.871s][debug][gc,phases,ref  ] GC(6)     WeakRef (ms):                  skipped
[2024-08-16T20:42:32.827+0800][2.871s][debug][gc,phases,ref  ] GC(6)     FinalRef (ms):                 skipped
[2024-08-16T20:42:32.827+0800][2.871s][debug][gc,phases,ref  ] GC(6)     Total (ms):                    skipped
[2024-08-16T20:42:32.827+0800][2.871s][debug][gc,phases,ref  ] GC(6)   Notify and keep alive finalizable: 0.0ms
[2024-08-16T20:42:32.827+0800][2.871s][debug][gc,phases,ref  ] GC(6)     FinalRef (ms):                 skipped
[2024-08-16T20:42:32.827+0800][2.871s][debug][gc,phases,ref  ] GC(6)   Notify PhantomReferences: 0.0ms
[2024-08-16T20:42:32.827+0800][2.871s][debug][gc,phases,ref  ] GC(6)     PhantomRef (ms):               skipped
[2024-08-16T20:42:32.827+0800][2.871s][debug][gc,phases,ref  ] GC(6)   SoftReference:
[2024-08-16T20:42:32.827+0800][2.871s][debug][gc,phases,ref  ] GC(6)     Discovered: 0
[2024-08-16T20:42:32.827+0800][2.871s][debug][gc,phases,ref  ] GC(6)     Cleared: 0
[2024-08-16T20:42:32.827+0800][2.871s][debug][gc,phases,ref  ] GC(6)   WeakReference:
[2024-08-16T20:42:32.827+0800][2.871s][debug][gc,phases,ref  ] GC(6)     Discovered: 0
[2024-08-16T20:42:32.827+0800][2.871s][debug][gc,phases,ref  ] GC(6)     Cleared: 0
[2024-08-16T20:42:32.827+0800][2.871s][debug][gc,phases,ref  ] GC(6)   FinalReference:
[2024-08-16T20:42:32.827+0800][2.871s][debug][gc,phases,ref  ] GC(6)     Discovered: 0
[2024-08-16T20:42:32.827+0800][2.871s][debug][gc,phases,ref  ] GC(6)     Cleared: 0
[2024-08-16T20:42:32.827+0800][2.871s][debug][gc,phases,ref  ] GC(6)   PhantomReference:
[2024-08-16T20:42:32.827+0800][2.871s][debug][gc,phases,ref  ] GC(6)     Discovered: 0
[2024-08-16T20:42:32.827+0800][2.871s][debug][gc,phases,ref  ] GC(6)     Cleared: 0
[2024-08-16T20:42:32.827+0800][2.871s][debug][gc,phases      ] GC(6) Reference Processing 0.127ms
[2024-08-16T20:42:32.827+0800][2.871s][debug][gc,phases,start] GC(6) Weak Processing
[2024-08-16T20:42:32.827+0800][2.871s][debug][gc,phases      ] GC(6)   VM Weak                        Min:  0.0, Avg:  0.0, Max:  0.0, Diff:  0.0, Sum:  0.0, Workers: 3
[2024-08-16T20:42:32.827+0800][2.871s][debug][gc,phases      ] GC(6)     Dead                           Min: 0, Avg:  0.0, Max: 0, Diff: 0, Sum: 0, Workers: 3
[2024-08-16T20:42:32.827+0800][2.871s][debug][gc,phases      ] GC(6)     Total                          Min: 0, Avg:  7.7, Max: 23, Diff: 23, Sum: 23, Workers: 3
[2024-08-16T20:42:32.827+0800][2.871s][debug][gc,phases      ] GC(6)   ObjectSynchronizer Weak        Min:  0.0, Avg:  0.0, Max:  0.0, Diff:  0.0, Sum:  0.0, Workers: 3
[2024-08-16T20:42:32.827+0800][2.871s][debug][gc,phases      ] GC(6)     Dead                           Min: 0, Avg:  0.0, Max: 0, Diff: 0, Sum: 0, Workers: 3
[2024-08-16T20:42:32.827+0800][2.871s][debug][gc,phases      ] GC(6)     Total                          Min: 0, Avg:  1.0, Max: 3, Diff: 3, Sum: 3, Workers: 3
[2024-08-16T20:42:32.827+0800][2.871s][debug][gc,phases      ] GC(6)   JVMTI Tag Weak OopStorage      Min:  0.0, Avg:  0.0, Max:  0.0, Diff:  0.0, Sum:  0.0, Workers: 3
[2024-08-16T20:42:32.827+0800][2.871s][debug][gc,phases      ] GC(6)     Dead                           Min: 0, Avg:  0.0, Max: 0, Diff: 0, Sum: 0, Workers: 3
[2024-08-16T20:42:32.827+0800][2.871s][debug][gc,phases      ] GC(6)     Total                          Min: 0, Avg:  0.0, Max: 0, Diff: 0, Sum: 0, Workers: 3
[2024-08-16T20:42:32.827+0800][2.871s][debug][gc,phases      ] GC(6)   StringTable Weak               Min:  0.0, Avg:  0.0, Max:  0.0, Diff:  0.0, Sum:  0.0, Workers: 3
[2024-08-16T20:42:32.827+0800][2.871s][debug][gc,phases      ] GC(6)     Dead                           Min: 0, Avg:  0.7, Max: 2, Diff: 2, Sum: 2, Workers: 3
[2024-08-16T20:42:32.827+0800][2.871s][debug][gc,phases      ] GC(6)     Total                          Min: 0, Avg: 669.7, Max: 1406, Diff: 1406, Sum: 2009, Workers: 3
[2024-08-16T20:42:32.827+0800][2.871s][debug][gc,phases      ] GC(6)   ResolvedMethodTable Weak       Min:  0.0, Avg:  0.0, Max:  0.0, Diff:  0.0, Sum:  0.0, Workers: 3
[2024-08-16T20:42:32.827+0800][2.871s][debug][gc,phases      ] GC(6)     Dead                           Min: 0, Avg:  0.0, Max: 0, Diff: 0, Sum: 0, Workers: 3
[2024-08-16T20:42:32.827+0800][2.871s][debug][gc,phases      ] GC(6)     Total                          Min: 0, Avg: 62.3, Max: 128, Diff: 128, Sum: 187, Workers: 3
[2024-08-16T20:42:32.827+0800][2.871s][debug][gc,phases      ] GC(6)   JNI Weak                       Min:  0.0, Avg:  0.0, Max:  0.0, Diff:  0.0, Sum:  0.0, Workers: 3
[2024-08-16T20:42:32.827+0800][2.871s][debug][gc,phases      ] GC(6)     Dead                           Min: 0, Avg:  0.0, Max: 0, Diff: 0, Sum: 0, Workers: 3
[2024-08-16T20:42:32.827+0800][2.871s][debug][gc,phases      ] GC(6)     Total                          Min: 0, Avg:  0.0, Max: 0, Diff: 0, Sum: 0, Workers: 3
[2024-08-16T20:42:32.827+0800][2.871s][debug][gc,phases      ] GC(6)   StringDedup Table Weak         Min:  0.0, Avg:  0.0, Max:  0.0, Diff:  0.0, Sum:  0.0, Workers: 3
[2024-08-16T20:42:32.827+0800][2.871s][debug][gc,phases      ] GC(6)     Dead                           Min: 0, Avg:  0.0, Max: 0, Diff: 0, Sum: 0, Workers: 3
[2024-08-16T20:42:32.827+0800][2.871s][debug][gc,phases      ] GC(6)     Total                          Min: 0, Avg:  0.0, Max: 0, Diff: 0, Sum: 0, Workers: 3
[2024-08-16T20:42:32.827+0800][2.871s][debug][gc,phases      ] GC(6)   StringDedup Requests0 Weak     Min:  0.0, Avg:  0.0, Max:  0.0, Diff:  0.0, Sum:  0.0, Workers: 3
[2024-08-16T20:42:32.827+0800][2.871s][debug][gc,phases      ] GC(6)     Dead                           Min: 0, Avg:  0.0, Max: 0, Diff: 0, Sum: 0, Workers: 3
[2024-08-16T20:42:32.827+0800][2.871s][debug][gc,phases      ] GC(6)     Total                          Min: 0, Avg:  0.0, Max: 0, Diff: 0, Sum: 0, Workers: 3
[2024-08-16T20:42:32.827+0800][2.871s][debug][gc,phases      ] GC(6)   StringDedup Requests1 Weak     Min:  0.0, Avg:  0.0, Max:  0.0, Diff:  0.0, Sum:  0.0, Workers: 3
[2024-08-16T20:42:32.827+0800][2.871s][debug][gc,phases      ] GC(6)     Dead                           Min: 0, Avg:  0.0, Max: 0, Diff: 0, Sum: 0, Workers: 3
[2024-08-16T20:42:32.827+0800][2.871s][debug][gc,phases      ] GC(6)     Total                          Min: 0, Avg:  0.0, Max: 0, Diff: 0, Sum: 0, Workers: 3
[2024-08-16T20:42:32.827+0800][2.871s][debug][gc,phases      ] GC(6)   Weak JFR Old Object Samples    Min:  0.0, Avg:  0.0, Max:  0.0, Diff:  0.0, Sum:  0.0, Workers: 3
[2024-08-16T20:42:32.827+0800][2.871s][debug][gc,phases      ] GC(6)     Dead                           Min: 0, Avg:  0.0, Max: 0, Diff: 0, Sum: 0, Workers: 3
[2024-08-16T20:42:32.827+0800][2.871s][debug][gc,phases      ] GC(6)     Total                          Min: 0, Avg:  0.0, Max: 0, Diff: 0, Sum: 0, Workers: 3
[2024-08-16T20:42:32.827+0800][2.871s][debug][gc,phases      ] GC(6) Weak Processing 0.230ms
[2024-08-16T20:42:32.827+0800][2.871s][debug][gc,ergo        ] GC(6) AdaptiveSizeStart:  collection: 7 
[2024-08-16T20:42:32.827+0800][2.871s][debug][gc,ergo        ] GC(6) avg_survived_padded_avg: 22269216.000000
[2024-08-16T20:42:32.827+0800][2.871s][debug][gc,ergo        ] GC(6) avg_promoted_padded_avg: 751851968.000000  avg_pretenured_padded_avg: 0.000000  tenuring_thresh: 6  target_size: 22544384
[2024-08-16T20:42:32.827+0800][2.871s][debug][gc,age         ] GC(6) Desired survivor size 22544384 bytes, new threshold 6 (max threshold 15)
[2024-08-16T20:42:32.827+0800][2.871s][debug][gc,ergo        ] GC(6) PSAdaptiveSizePolicy::compute_eden_space_size: costs minor_time: 0.057282 major_cost: 0.050418 mutator_cost: 0.892300 throughput_goal: 0.990000
[2024-08-16T20:42:32.827+0800][2.871s][debug][gc,ergo        ] GC(6) Live_space: 678886528 free_space: 1069023232
[2024-08-16T20:42:32.827+0800][2.871s][debug][gc,ergo        ] GC(6) Old eden_size: 797966336 desired_eden_size: 1085276160
[2024-08-16T20:42:32.828+0800][2.871s][debug][gc,ergo        ] GC(6) AdaptiveSizeStop: collection: 7 
[2024-08-16T20:42:32.828+0800][2.871s][info ][gc,heap        ] GC(6) PSYoungGen: 691712K(713216K)->20512K(713216K) Eden: 691712K(691712K)->0K(691712K) From: 0K(21504K)->20512K(21504K)
[2024-08-16T20:42:32.828+0800][2.871s][info ][gc,heap        ] GC(6) ParOldGen: 469702K(1208320K)->1137360K(1208320K)
[2024-08-16T20:42:32.828+0800][2.871s][info ][gc,metaspace   ] GC(6) Metaspace: 843K(960K)->843K(960K) NonClass: 780K(832K)->780K(832K) Class: 62K(128K)->62K(128K)
[2024-08-16T20:42:32.828+0800][2.871s][info ][gc             ] GC(6) Pause Young (Allocation Failure) 1134M->1130M(1876M) 60.566ms
[2024-08-16T20:42:32.828+0800][2.871s][info ][gc,cpu         ] GC(6) User=0.50s Sys=0.25s Real=0.06s
[2024-08-16T20:42:32.828+0800][2.871s][debug][gc,heap        ] GC(6) Heap after GC invocations=7 (full 2):
[2024-08-16T20:42:32.828+0800][2.871s][debug][gc,heap        ] GC(6)  PSYoungGen      total 713216K, used 20512K [0x00000007aab00000, 0x00000007ee100000, 0x0000000800000000)
[2024-08-16T20:42:32.828+0800][2.871s][debug][gc,heap        ] GC(6)   eden space 691712K, 0% used [0x00000007aab00000,0x00000007aab00000,0x00000007d4e80000)
[2024-08-16T20:42:32.828+0800][2.871s][debug][gc,heap        ] GC(6)   from space 21504K, 95% used [0x00000007d4e80000,0x00000007d6288140,0x00000007d6380000)
[2024-08-16T20:42:32.828+0800][2.871s][debug][gc,heap        ] GC(6)   to   space 22016K, 0% used [0x00000007ecb80000,0x00000007ecb80000,0x00000007ee100000)
[2024-08-16T20:42:32.828+0800][2.871s][debug][gc,heap        ] GC(6)  ParOldGen       total 1208320K, used 1137360K [0x0000000700000000, 0x0000000749c00000, 0x00000007aab00000)
[2024-08-16T20:42:32.828+0800][2.871s][debug][gc,heap        ] GC(6)   object space 1208320K, 94% used [0x0000000700000000,0x00000007456b4288,0x0000000749c00000)
[2024-08-16T20:42:32.828+0800][2.871s][debug][gc,heap        ] GC(6)  Metaspace       used 843K, committed 960K, reserved 1114112K
[2024-08-16T20:42:32.828+0800][2.871s][debug][gc,heap        ] GC(6)   class space    used 62K, committed 128K, reserved 1048576K
[2024-08-16T20:42:32.828+0800][2.871s][debug][gc,task,time   ] GC(6) VM-Thread 2810530175 2870553765 2871374437
[2024-08-16T20:42:32.828+0800][2.871s][debug][gc,phases,start] GC(7) Pre Compact
[2024-08-16T20:42:32.828+0800][2.871s][debug][gc,heap        ] GC(7) Heap before GC invocations=8 (full 3):
[2024-08-16T20:42:32.828+0800][2.871s][debug][gc,heap        ] GC(7)  PSYoungGen      total 713216K, used 20512K [0x00000007aab00000, 0x00000007ee100000, 0x0000000800000000)
[2024-08-16T20:42:32.828+0800][2.871s][debug][gc,heap        ] GC(7)   eden space 691712K, 0% used [0x00000007aab00000,0x00000007aab00000,0x00000007d4e80000)
[2024-08-16T20:42:32.828+0800][2.871s][debug][gc,heap        ] GC(7)   from space 21504K, 95% used [0x00000007d4e80000,0x00000007d6288140,0x00000007d6380000)
[2024-08-16T20:42:32.828+0800][2.871s][debug][gc,heap        ] GC(7)   to   space 22016K, 0% used [0x00000007ecb80000,0x00000007ecb80000,0x00000007ee100000)
[2024-08-16T20:42:32.828+0800][2.871s][debug][gc,heap        ] GC(7)  ParOldGen       total 1208320K, used 1137360K [0x0000000700000000, 0x0000000749c00000, 0x00000007aab00000)
[2024-08-16T20:42:32.828+0800][2.871s][debug][gc,heap        ] GC(7)   object space 1208320K, 94% used [0x0000000700000000,0x00000007456b4288,0x0000000749c00000)
[2024-08-16T20:42:32.828+0800][2.871s][debug][gc,heap        ] GC(7)  Metaspace       used 843K, committed 960K, reserved 1114112K
[2024-08-16T20:42:32.828+0800][2.871s][debug][gc,heap        ] GC(7)   class space    used 62K, committed 128K, reserved 1048576K
[2024-08-16T20:42:32.828+0800][2.871s][debug][gc,phases      ] GC(7) Pre Compact 0.041ms
[2024-08-16T20:42:32.828+0800][2.871s][info ][gc,start       ] GC(7) Pause Full (Ergonomics)
[2024-08-16T20:42:32.828+0800][2.871s][info ][gc,phases,start] GC(7) Marking Phase
[2024-08-16T20:42:32.828+0800][2.871s][debug][gc,phases,start] GC(7) Par Mark
[2024-08-16T20:42:32.836+0800][2.879s][debug][gc,phases      ] GC(7) Par Mark 7.751ms
[2024-08-16T20:42:32.836+0800][2.879s][debug][gc,phases,start] GC(7) Reference Processing
[2024-08-16T20:42:32.836+0800][2.879s][debug][gc,ref         ] GC(7) Skipped phase 1 of Reference Processing: no references
[2024-08-16T20:42:32.836+0800][2.879s][debug][gc,ref         ] GC(7) Skipped phase 2 of Reference Processing: no references
[2024-08-16T20:42:32.836+0800][2.879s][debug][gc,ref         ] GC(7) Skipped phase 3 of Reference Processing: no references
[2024-08-16T20:42:32.836+0800][2.879s][debug][gc,ref         ] GC(7) ReferenceProcessor::execute queues: 1, RefProcThreadModel::Single, marks_oops_alive: false
[2024-08-16T20:42:32.836+0800][2.879s][debug][gc,phases,ref  ] GC(7) Reference Processing: 0.1ms
[2024-08-16T20:42:32.836+0800][2.879s][debug][gc,phases,ref  ] GC(7)   Reconsider SoftReferences: 0.0ms
[2024-08-16T20:42:32.836+0800][2.879s][debug][gc,phases,ref  ] GC(7)     SoftRef (ms):                  skipped
[2024-08-16T20:42:32.836+0800][2.879s][debug][gc,phases,ref  ] GC(7)   Notify Soft/WeakReferences: 0.0ms
[2024-08-16T20:42:32.836+0800][2.879s][debug][gc,phases,ref  ] GC(7)     SoftRef (ms):                  skipped
[2024-08-16T20:42:32.836+0800][2.879s][debug][gc,phases,ref  ] GC(7)     WeakRef (ms):                  skipped
[2024-08-16T20:42:32.836+0800][2.879s][debug][gc,phases,ref  ] GC(7)     FinalRef (ms):                 skipped
[2024-08-16T20:42:32.836+0800][2.879s][debug][gc,phases,ref  ] GC(7)     Total (ms):                    skipped
[2024-08-16T20:42:32.836+0800][2.879s][debug][gc,phases,ref  ] GC(7)   Notify and keep alive finalizable: 0.0ms
[2024-08-16T20:42:32.836+0800][2.879s][debug][gc,phases,ref  ] GC(7)     FinalRef (ms):                 skipped
[2024-08-16T20:42:32.836+0800][2.879s][debug][gc,phases,ref  ] GC(7)   Notify PhantomReferences: 0.1ms
[2024-08-16T20:42:32.836+0800][2.879s][debug][gc,phases,ref  ] GC(7)     PhantomRef (ms):               Min:  0.0, Avg:  0.0, Max:  0.0, Diff:  0.0, Sum:  0.0, Workers: 13
[2024-08-16T20:42:32.836+0800][2.879s][debug][gc,phases,ref  ] GC(7)   SoftReference:
[2024-08-16T20:42:32.836+0800][2.879s][debug][gc,phases,ref  ] GC(7)     Discovered: 0
[2024-08-16T20:42:32.836+0800][2.879s][debug][gc,phases,ref  ] GC(7)     Cleared: 0
[2024-08-16T20:42:32.836+0800][2.879s][debug][gc,phases,ref  ] GC(7)   WeakReference:
[2024-08-16T20:42:32.836+0800][2.879s][debug][gc,phases,ref  ] GC(7)     Discovered: 0
[2024-08-16T20:42:32.836+0800][2.879s][debug][gc,phases,ref  ] GC(7)     Cleared: 0
[2024-08-16T20:42:32.836+0800][2.879s][debug][gc,phases,ref  ] GC(7)   FinalReference:
[2024-08-16T20:42:32.836+0800][2.879s][debug][gc,phases,ref  ] GC(7)     Discovered: 0
[2024-08-16T20:42:32.836+0800][2.879s][debug][gc,phases,ref  ] GC(7)     Cleared: 0
[2024-08-16T20:42:32.836+0800][2.879s][debug][gc,phases,ref  ] GC(7)   PhantomReference:
[2024-08-16T20:42:32.836+0800][2.879s][debug][gc,phases,ref  ] GC(7)     Discovered: 1
[2024-08-16T20:42:32.836+0800][2.879s][debug][gc,phases,ref  ] GC(7)     Cleared: 1
[2024-08-16T20:42:32.836+0800][2.879s][debug][gc,phases      ] GC(7) Reference Processing 0.199ms
[2024-08-16T20:42:32.836+0800][2.879s][debug][gc,phases,start] GC(7) Weak Processing
[2024-08-16T20:42:32.836+0800][2.880s][debug][gc,phases      ] GC(7)   VM Weak                        Min:  0.0, Avg:  0.0, Max:  0.0, Diff:  0.0, Sum:  0.0, Workers: 3
[2024-08-16T20:42:32.836+0800][2.880s][debug][gc,phases      ] GC(7)     Dead                           Min: 0, Avg:  0.0, Max: 0, Diff: 0, Sum: 0, Workers: 3
[2024-08-16T20:42:32.836+0800][2.880s][debug][gc,phases      ] GC(7)     Total                          Min: 0, Avg:  7.7, Max: 23, Diff: 23, Sum: 23, Workers: 3
[2024-08-16T20:42:32.836+0800][2.880s][debug][gc,phases      ] GC(7)   ObjectSynchronizer Weak        Min:  0.0, Avg:  0.0, Max:  0.0, Diff:  0.0, Sum:  0.0, Workers: 3
[2024-08-16T20:42:32.836+0800][2.880s][debug][gc,phases      ] GC(7)     Dead                           Min: 0, Avg:  0.0, Max: 0, Diff: 0, Sum: 0, Workers: 3
[2024-08-16T20:42:32.836+0800][2.880s][debug][gc,phases      ] GC(7)     Total                          Min: 0, Avg:  1.0, Max: 3, Diff: 3, Sum: 3, Workers: 3
[2024-08-16T20:42:32.836+0800][2.880s][debug][gc,phases      ] GC(7)   JVMTI Tag Weak OopStorage      Min:  0.0, Avg:  0.0, Max:  0.0, Diff:  0.0, Sum:  0.0, Workers: 3
[2024-08-16T20:42:32.836+0800][2.880s][debug][gc,phases      ] GC(7)     Dead                           Min: 0, Avg:  0.0, Max: 0, Diff: 0, Sum: 0, Workers: 3
[2024-08-16T20:42:32.836+0800][2.880s][debug][gc,phases      ] GC(7)     Total                          Min: 0, Avg:  0.0, Max: 0, Diff: 0, Sum: 0, Workers: 3
[2024-08-16T20:42:32.836+0800][2.880s][debug][gc,phases      ] GC(7)   StringTable Weak               Min:  0.0, Avg:  0.0, Max:  0.0, Diff:  0.0, Sum:  0.0, Workers: 3
[2024-08-16T20:42:32.836+0800][2.880s][debug][gc,phases      ] GC(7)     Dead                           Min: 0, Avg:  0.0, Max: 0, Diff: 0, Sum: 0, Workers: 3
[2024-08-16T20:42:32.836+0800][2.880s][debug][gc,phases      ] GC(7)     Total                          Min: 0, Avg: 669.7, Max: 2009, Diff: 2009, Sum: 2009, Workers: 3
[2024-08-16T20:42:32.836+0800][2.880s][debug][gc,phases      ] GC(7)   ResolvedMethodTable Weak       Min:  0.0, Avg:  0.0, Max:  0.0, Diff:  0.0, Sum:  0.0, Workers: 3
[2024-08-16T20:42:32.836+0800][2.880s][debug][gc,phases      ] GC(7)     Dead                           Min: 0, Avg:  0.0, Max: 0, Diff: 0, Sum: 0, Workers: 3
[2024-08-16T20:42:32.836+0800][2.880s][debug][gc,phases      ] GC(7)     Total                          Min: 0, Avg: 62.3, Max: 123, Diff: 123, Sum: 187, Workers: 3
[2024-08-16T20:42:32.836+0800][2.880s][debug][gc,phases      ] GC(7)   JNI Weak                       Min:  0.0, Avg:  0.0, Max:  0.0, Diff:  0.0, Sum:  0.0, Workers: 3
[2024-08-16T20:42:32.836+0800][2.880s][debug][gc,phases      ] GC(7)     Dead                           Min: 0, Avg:  0.0, Max: 0, Diff: 0, Sum: 0, Workers: 3
[2024-08-16T20:42:32.836+0800][2.880s][debug][gc,phases      ] GC(7)     Total                          Min: 0, Avg:  0.0, Max: 0, Diff: 0, Sum: 0, Workers: 3
[2024-08-16T20:42:32.836+0800][2.880s][debug][gc,phases      ] GC(7)   StringDedup Table Weak         Min:  0.0, Avg:  0.0, Max:  0.0, Diff:  0.0, Sum:  0.0, Workers: 3
[2024-08-16T20:42:32.836+0800][2.880s][debug][gc,phases      ] GC(7)     Dead                           Min: 0, Avg:  0.0, Max: 0, Diff: 0, Sum: 0, Workers: 3
[2024-08-16T20:42:32.836+0800][2.880s][debug][gc,phases      ] GC(7)     Total                          Min: 0, Avg:  0.0, Max: 0, Diff: 0, Sum: 0, Workers: 3
[2024-08-16T20:42:32.836+0800][2.880s][debug][gc,phases      ] GC(7)   StringDedup Requests0 Weak     Min:  0.0, Avg:  0.0, Max:  0.0, Diff:  0.0, Sum:  0.0, Workers: 3
[2024-08-16T20:42:32.836+0800][2.880s][debug][gc,phases      ] GC(7)     Dead                           Min: 0, Avg:  0.0, Max: 0, Diff: 0, Sum: 0, Workers: 3
[2024-08-16T20:42:32.836+0800][2.880s][debug][gc,phases      ] GC(7)     Total                          Min: 0, Avg:  0.0, Max: 0, Diff: 0, Sum: 0, Workers: 3
[2024-08-16T20:42:32.836+0800][2.880s][debug][gc,phases      ] GC(7)   StringDedup Requests1 Weak     Min:  0.0, Avg:  0.0, Max:  0.0, Diff:  0.0, Sum:  0.0, Workers: 3
[2024-08-16T20:42:32.836+0800][2.880s][debug][gc,phases      ] GC(7)     Dead                           Min: 0, Avg:  0.0, Max: 0, Diff: 0, Sum: 0, Workers: 3
[2024-08-16T20:42:32.836+0800][2.880s][debug][gc,phases      ] GC(7)     Total                          Min: 0, Avg:  0.0, Max: 0, Diff: 0, Sum: 0, Workers: 3
[2024-08-16T20:42:32.836+0800][2.880s][debug][gc,phases      ] GC(7)   Weak JFR Old Object Samples    Min:  0.0, Avg:  0.0, Max:  0.0, Diff:  0.0, Sum:  0.0, Workers: 3
[2024-08-16T20:42:32.836+0800][2.880s][debug][gc,phases      ] GC(7)     Dead                           Min: 0, Avg:  0.0, Max: 0, Diff: 0, Sum: 0, Workers: 3
[2024-08-16T20:42:32.836+0800][2.880s][debug][gc,phases      ] GC(7)     Total                          Min: 0, Avg:  0.0, Max: 0, Diff: 0, Sum: 0, Workers: 3
[2024-08-16T20:42:32.836+0800][2.880s][debug][gc,phases      ] GC(7) Weak Processing 0.236ms
[2024-08-16T20:42:32.836+0800][2.880s][debug][gc,phases,start] GC(7) Class Unloading
[2024-08-16T20:42:32.836+0800][2.880s][debug][gc,phases,start] GC(7) ClassLoaderData
[2024-08-16T20:42:32.836+0800][2.880s][debug][gc,phases      ] GC(7) ClassLoaderData 0.006ms
[2024-08-16T20:42:32.836+0800][2.880s][debug][gc,phases,start] GC(7) Trigger cleanups
[2024-08-16T20:42:32.836+0800][2.880s][debug][gc,phases      ] GC(7) Trigger cleanups 0.003ms
[2024-08-16T20:42:32.837+0800][2.880s][debug][gc,phases      ] GC(7) Class Unloading 0.363ms
[2024-08-16T20:42:32.837+0800][2.880s][debug][gc,phases,start] GC(7) Report Object Count
[2024-08-16T20:42:32.837+0800][2.880s][debug][gc,phases      ] GC(7) Report Object Count 0.004ms
[2024-08-16T20:42:32.837+0800][2.880s][info ][gc,phases      ] GC(7) Marking Phase 8.636ms
[2024-08-16T20:42:32.837+0800][2.880s][info ][gc,phases,start] GC(7) Summary Phase
[2024-08-16T20:42:32.837+0800][2.880s][info ][gc,phases      ] GC(7) Summary Phase 0.017ms
[2024-08-16T20:42:32.837+0800][2.880s][info ][gc,phases,start] GC(7) Adjust Roots
[2024-08-16T20:42:32.837+0800][2.881s][info ][gc,phases      ] GC(7) Adjust Roots 0.448ms
[2024-08-16T20:42:32.837+0800][2.881s][info ][gc,phases,start] GC(7) Compaction Phase
[2024-08-16T20:42:32.897+0800][2.940s][info ][gc,phases      ] GC(7) Compaction Phase 59.620ms
[2024-08-16T20:42:32.897+0800][2.940s][info ][gc,phases,start] GC(7) Post Compact
[2024-08-16T20:42:32.907+0800][2.950s][info ][gc,phases      ] GC(7) Post Compact 9.793ms
[2024-08-16T20:42:32.907+0800][2.950s][debug][gc,ergo        ] GC(7) AdaptiveSizeStart: collection: 8 
[2024-08-16T20:42:32.907+0800][2.950s][debug][gc,ergo        ] GC(7) PSAdaptiveSizePolicy::compute_eden_space_size: costs minor_time: 0.057282 major_cost: 0.054873 mutator_cost: 0.887845 throughput_goal: 0.990000
[2024-08-16T20:42:32.907+0800][2.950s][debug][gc,ergo        ] GC(7) Live_space: 677031296 free_space: 1356333056
[2024-08-16T20:42:32.907+0800][2.950s][debug][gc,ergo        ] GC(7) Old eden_size: 1085276160 desired_eden_size: 1070596096
[2024-08-16T20:42:32.907+0800][2.950s][debug][gc,ergo        ] GC(7) PSAdaptiveSizePolicy::compute_old_gen_free_space: costs minor_time: 0.057282 major_cost: 0.054873  mutator_cost: 0.887845 throughput_goal: 0.990000
[2024-08-16T20:42:32.907+0800][2.950s][debug][gc,ergo        ] GC(7) Live_space: 832056192 free_space: 1341652992
[2024-08-16T20:42:32.907+0800][2.950s][debug][gc,ergo        ] GC(7) Old promo_size: 271056896 desired_promo_size: 351272960
[2024-08-16T20:42:32.908+0800][2.952s][debug][gc             ] GC(7) Expanding ParOldGen from 1208320K by 713728K to 1922048K
[2024-08-16T20:42:32.908+0800][2.952s][debug][gc,ergo        ] GC(7) AdaptiveSizeStop: collection: 8 
[2024-08-16T20:42:32.908+0800][2.952s][info ][gc,heap        ] GC(7) PSYoungGen: 20512K(713216K)->0K(1053184K) Eden: 0K(691712K)->0K(1045504K) From: 20512K(21504K)->0K(7680K)
[2024-08-16T20:42:32.908+0800][2.952s][info ][gc,heap        ] GC(7) ParOldGen: 1137360K(1208320K)->844494K(1922048K)
[2024-08-16T20:42:32.908+0800][2.952s][info ][gc,metaspace   ] GC(7) Metaspace: 843K(960K)->843K(960K) NonClass: 780K(832K)->780K(832K) Class: 62K(128K)->62K(128K)
[2024-08-16T20:42:32.908+0800][2.952s][info ][gc             ] GC(7) Pause Full (Ergonomics) 1130M->824M(2905M) 80.432ms
[2024-08-16T20:42:32.908+0800][2.952s][info ][gc,cpu         ] GC(7) User=0.77s Sys=0.04s Real=0.08s
[2024-08-16T20:42:32.908+0800][2.952s][debug][gc,heap        ] GC(7) Heap after GC invocations=8 (full 3):
[2024-08-16T20:42:32.908+0800][2.952s][debug][gc,heap        ] GC(7)  PSYoungGen      total 1053184K, used 0K [0x00000007aab00000, 0x00000007ed300000, 0x0000000800000000)
[2024-08-16T20:42:32.908+0800][2.952s][debug][gc,heap        ] GC(7)   eden space 1045504K, 0% used [0x00000007aab00000,0x00000007aab00000,0x00000007ea800000)
[2024-08-16T20:42:32.908+0800][2.952s][debug][gc,heap        ] GC(7)   from space 7680K, 0% used [0x00000007ecb80000,0x00000007ecb80000,0x00000007ed300000)
[2024-08-16T20:42:32.908+0800][2.952s][debug][gc,heap        ] GC(7)   to   space 22016K, 0% used [0x00000007ea800000,0x00000007ea800000,0x00000007ebd80000)
[2024-08-16T20:42:32.908+0800][2.952s][debug][gc,heap        ] GC(7)  ParOldGen       total 1922048K, used 844494K [0x0000000700000000, 0x0000000775500000, 0x00000007aab00000)
[2024-08-16T20:42:32.908+0800][2.952s][debug][gc,heap        ] GC(7)   object space 1922048K, 43% used [0x0000000700000000,0x00000007338b3b58,0x0000000775500000)
[2024-08-16T20:42:32.908+0800][2.952s][debug][gc,heap        ] GC(7)  Metaspace       used 843K, committed 960K, reserved 1114112K
[2024-08-16T20:42:32.908+0800][2.952s][debug][gc,heap        ] GC(7)   class space    used 62K, committed 128K, reserved 1048576K
[2024-08-16T20:42:32.908+0800][2.952s][debug][gc,task,time   ] GC(7) VM-Thread 2871435655 2880563977 2951927325
[2024-08-16T20:42:34.568+0800][4.612s][debug][gc,heap        ] GC(8) Heap before GC invocations=9 (full 3):
[2024-08-16T20:42:34.568+0800][4.612s][debug][gc,heap        ] GC(8)  PSYoungGen      total 1053184K, used 1045178K [0x00000007aab00000, 0x00000007ed300000, 0x0000000800000000)
[2024-08-16T20:42:34.568+0800][4.612s][debug][gc,heap        ] GC(8)   eden space 1045504K, 99% used [0x00000007aab00000,0x00000007ea7aeb68,0x00000007ea800000)
[2024-08-16T20:42:34.568+0800][4.612s][debug][gc,heap        ] GC(8)   from space 7680K, 0% used [0x00000007ecb80000,0x00000007ecb80000,0x00000007ed300000)
[2024-08-16T20:42:34.568+0800][4.612s][debug][gc,heap        ] GC(8)   to   space 22016K, 0% used [0x00000007ea800000,0x00000007ea800000,0x00000007ebd80000)
[2024-08-16T20:42:34.568+0800][4.612s][debug][gc,heap        ] GC(8)  ParOldGen       total 1922048K, used 844494K [0x0000000700000000, 0x0000000775500000, 0x00000007aab00000)
[2024-08-16T20:42:34.568+0800][4.612s][debug][gc,heap        ] GC(8)   object space 1922048K, 43% used [0x0000000700000000,0x00000007338b3b58,0x0000000775500000)
[2024-08-16T20:42:34.568+0800][4.612s][debug][gc,heap        ] GC(8)  Metaspace       used 843K, committed 960K, reserved 1114112K
[2024-08-16T20:42:34.568+0800][4.612s][debug][gc,heap        ] GC(8)   class space    used 62K, committed 128K, reserved 1048576K
[2024-08-16T20:42:34.568+0800][4.612s][debug][gc,tlab        ] GC(8) TLAB totals: thrds: 1  refills: 7 max: 7 slow allocs: 875 max 875 waste:  1.8% gc: 769056B max: 769056B slow: 1987048B max: 1987048B
[2024-08-16T20:42:34.568+0800][4.612s][info ][gc,start       ] GC(8) Pause Young (Allocation Failure)
[2024-08-16T20:42:34.568+0800][4.612s][debug][gc,phases,start] GC(8) Scavenge
[2024-08-16T20:42:34.659+0800][4.703s][debug][gc             ] GC(8) Expanding ParOldGen from 1922048K by 1536K to 1923584K
[2024-08-16T20:42:34.660+0800][4.703s][debug][gc             ] GC(8) Expanding ParOldGen from 1923584K by 1536K to 1925120K
[2024-08-16T20:42:34.660+0800][4.704s][debug][gc             ] GC(8) Expanding ParOldGen from 1925120K by 1536K to 1926656K
[2024-08-16T20:42:34.661+0800][4.704s][debug][gc             ] GC(8) Expanding ParOldGen from 1926656K by 1536K to 1928192K
[2024-08-16T20:42:34.661+0800][4.705s][debug][gc             ] GC(8) Expanding ParOldGen from 1928192K by 1536K to 1929728K
[2024-08-16T20:42:34.662+0800][4.705s][debug][gc             ] GC(8) Expanding ParOldGen from 1929728K by 1536K to 1931264K
[2024-08-16T20:42:34.662+0800][4.706s][debug][gc             ] GC(8) Expanding ParOldGen from 1931264K by 1536K to 1932800K
[2024-08-16T20:42:34.663+0800][4.706s][debug][gc             ] GC(8) Expanding ParOldGen from 1932800K by 1536K to 1934336K
[2024-08-16T20:42:34.663+0800][4.706s][debug][gc             ] GC(8) Expanding ParOldGen from 1934336K by 1536K to 1935872K
[2024-08-16T20:42:34.663+0800][4.706s][debug][gc             ] GC(8) Expanding ParOldGen from 1935872K by 1536K to 1937408K
[2024-08-16T20:42:34.663+0800][4.707s][debug][gc             ] GC(8) Expanding ParOldGen from 1937408K by 1536K to 1938944K
[2024-08-16T20:42:34.664+0800][4.707s][debug][gc             ] GC(8) Expanding ParOldGen from 1938944K by 1536K to 1940480K
[2024-08-16T20:42:34.664+0800][4.708s][debug][gc             ] GC(8) Expanding ParOldGen from 1940480K by 1536K to 1942016K
[2024-08-16T20:42:34.664+0800][4.708s][debug][gc             ] GC(8) Expanding ParOldGen from 1942016K by 1536K to 1943552K
[2024-08-16T20:42:34.665+0800][4.708s][debug][gc             ] GC(8) Expanding ParOldGen from 1943552K by 1536K to 1945088K
[2024-08-16T20:42:34.665+0800][4.709s][debug][gc             ] GC(8) Expanding ParOldGen from 1945088K by 1536K to 1946624K
[2024-08-16T20:42:34.665+0800][4.709s][debug][gc             ] GC(8) Expanding ParOldGen from 1946624K by 1536K to 1948160K
[2024-08-16T20:42:34.666+0800][4.709s][debug][gc             ] GC(8) Expanding ParOldGen from 1948160K by 1536K to 1949696K
[2024-08-16T20:42:34.666+0800][4.710s][debug][gc             ] GC(8) Expanding ParOldGen from 1949696K by 1536K to 1951232K
[2024-08-16T20:42:34.666+0800][4.710s][debug][gc             ] GC(8) Expanding ParOldGen from 1951232K by 1536K to 1952768K
[2024-08-16T20:42:34.667+0800][4.711s][debug][gc             ] GC(8) Expanding ParOldGen from 1952768K by 1536K to 1954304K
[2024-08-16T20:42:34.667+0800][4.711s][debug][gc             ] GC(8) Expanding ParOldGen from 1954304K by 1536K to 1955840K
[2024-08-16T20:42:34.668+0800][4.712s][debug][gc,phases      ] GC(8) Scavenge 99.844ms
[2024-08-16T20:42:34.668+0800][4.712s][debug][gc,phases,start] GC(8) Reference Processing
[2024-08-16T20:42:34.668+0800][4.712s][debug][gc,ref         ] GC(8) Skipped phase 1 of Reference Processing: no references
[2024-08-16T20:42:34.668+0800][4.712s][debug][gc,ref         ] GC(8) Skipped phase 2 of Reference Processing: no references
[2024-08-16T20:42:34.668+0800][4.712s][debug][gc,ref         ] GC(8) Skipped phase 3 of Reference Processing: no references
[2024-08-16T20:42:34.668+0800][4.712s][debug][gc,ref         ] GC(8) Skipped phase 4 of Reference Processing: no references
[2024-08-16T20:42:34.668+0800][4.712s][debug][gc,phases,ref  ] GC(8) Reference Processing: 0.0ms
[2024-08-16T20:42:34.668+0800][4.712s][debug][gc,phases,ref  ] GC(8)   Reconsider SoftReferences: 0.0ms
[2024-08-16T20:42:34.668+0800][4.712s][debug][gc,phases,ref  ] GC(8)     SoftRef (ms):                  skipped
[2024-08-16T20:42:34.668+0800][4.712s][debug][gc,phases,ref  ] GC(8)   Notify Soft/WeakReferences: 0.0ms
[2024-08-16T20:42:34.668+0800][4.712s][debug][gc,phases,ref  ] GC(8)     SoftRef (ms):                  skipped
[2024-08-16T20:42:34.668+0800][4.712s][debug][gc,phases,ref  ] GC(8)     WeakRef (ms):                  skipped
[2024-08-16T20:42:34.668+0800][4.712s][debug][gc,phases,ref  ] GC(8)     FinalRef (ms):                 skipped
[2024-08-16T20:42:34.668+0800][4.712s][debug][gc,phases,ref  ] GC(8)     Total (ms):                    skipped
[2024-08-16T20:42:34.668+0800][4.712s][debug][gc,phases,ref  ] GC(8)   Notify and keep alive finalizable: 0.0ms
[2024-08-16T20:42:34.668+0800][4.712s][debug][gc,phases,ref  ] GC(8)     FinalRef (ms):                 skipped
[2024-08-16T20:42:34.668+0800][4.712s][debug][gc,phases,ref  ] GC(8)   Notify PhantomReferences: 0.0ms
[2024-08-16T20:42:34.668+0800][4.712s][debug][gc,phases,ref  ] GC(8)     PhantomRef (ms):               skipped
[2024-08-16T20:42:34.668+0800][4.712s][debug][gc,phases,ref  ] GC(8)   SoftReference:
[2024-08-16T20:42:34.668+0800][4.712s][debug][gc,phases,ref  ] GC(8)     Discovered: 0
[2024-08-16T20:42:34.668+0800][4.712s][debug][gc,phases,ref  ] GC(8)     Cleared: 0
[2024-08-16T20:42:34.668+0800][4.712s][debug][gc,phases,ref  ] GC(8)   WeakReference:
[2024-08-16T20:42:34.668+0800][4.712s][debug][gc,phases,ref  ] GC(8)     Discovered: 0
[2024-08-16T20:42:34.668+0800][4.712s][debug][gc,phases,ref  ] GC(8)     Cleared: 0
[2024-08-16T20:42:34.668+0800][4.712s][debug][gc,phases,ref  ] GC(8)   FinalReference:
[2024-08-16T20:42:34.668+0800][4.712s][debug][gc,phases,ref  ] GC(8)     Discovered: 0
[2024-08-16T20:42:34.668+0800][4.712s][debug][gc,phases,ref  ] GC(8)     Cleared: 0
[2024-08-16T20:42:34.668+0800][4.712s][debug][gc,phases,ref  ] GC(8)   PhantomReference:
[2024-08-16T20:42:34.668+0800][4.712s][debug][gc,phases,ref  ] GC(8)     Discovered: 0
[2024-08-16T20:42:34.668+0800][4.712s][debug][gc,phases,ref  ] GC(8)     Cleared: 0
[2024-08-16T20:42:34.668+0800][4.712s][debug][gc,phases      ] GC(8) Reference Processing 0.223ms
[2024-08-16T20:42:34.668+0800][4.712s][debug][gc,phases,start] GC(8) Weak Processing
[2024-08-16T20:42:34.668+0800][4.712s][debug][gc,phases      ] GC(8)   VM Weak                        Min:  0.0, Avg:  0.0, Max:  0.0, Diff:  0.0, Sum:  0.0, Workers: 3
[2024-08-16T20:42:34.668+0800][4.712s][debug][gc,phases      ] GC(8)     Dead                           Min: 0, Avg:  0.0, Max: 0, Diff: 0, Sum: 0, Workers: 3
[2024-08-16T20:42:34.669+0800][4.712s][debug][gc,phases      ] GC(8)     Total                          Min: 0, Avg:  7.7, Max: 23, Diff: 23, Sum: 23, Workers: 3
[2024-08-16T20:42:34.669+0800][4.712s][debug][gc,phases      ] GC(8)   ObjectSynchronizer Weak        Min:  0.0, Avg:  0.0, Max:  0.0, Diff:  0.0, Sum:  0.0, Workers: 3
[2024-08-16T20:42:34.669+0800][4.712s][debug][gc,phases      ] GC(8)     Dead                           Min: 0, Avg:  0.0, Max: 0, Diff: 0, Sum: 0, Workers: 3
[2024-08-16T20:42:34.669+0800][4.712s][debug][gc,phases      ] GC(8)     Total                          Min: 0, Avg:  1.0, Max: 3, Diff: 3, Sum: 3, Workers: 3
[2024-08-16T20:42:34.669+0800][4.712s][debug][gc,phases      ] GC(8)   JVMTI Tag Weak OopStorage      Min:  0.0, Avg:  0.0, Max:  0.0, Diff:  0.0, Sum:  0.0, Workers: 3
[2024-08-16T20:42:34.669+0800][4.712s][debug][gc,phases      ] GC(8)     Dead                           Min: 0, Avg:  0.0, Max: 0, Diff: 0, Sum: 0, Workers: 3
[2024-08-16T20:42:34.669+0800][4.712s][debug][gc,phases      ] GC(8)     Total                          Min: 0, Avg:  0.0, Max: 0, Diff: 0, Sum: 0, Workers: 3
[2024-08-16T20:42:34.669+0800][4.712s][debug][gc,phases      ] GC(8)   StringTable Weak               Min:  0.0, Avg:  0.0, Max:  0.0, Diff:  0.0, Sum:  0.0, Workers: 3
[2024-08-16T20:42:34.669+0800][4.712s][debug][gc,phases      ] GC(8)     Dead                           Min: 0, Avg:  0.7, Max: 2, Diff: 2, Sum: 2, Workers: 3
[2024-08-16T20:42:34.669+0800][4.712s][debug][gc,phases      ] GC(8)     Total                          Min: 0, Avg: 673.3, Max: 2020, Diff: 2020, Sum: 2020, Workers: 3
[2024-08-16T20:42:34.669+0800][4.712s][debug][gc,phases      ] GC(8)   ResolvedMethodTable Weak       Min:  0.0, Avg:  0.0, Max:  0.0, Diff:  0.0, Sum:  0.0, Workers: 3
[2024-08-16T20:42:34.669+0800][4.712s][debug][gc,phases      ] GC(8)     Dead                           Min: 0, Avg:  0.0, Max: 0, Diff: 0, Sum: 0, Workers: 3
[2024-08-16T20:42:34.669+0800][4.712s][debug][gc,phases      ] GC(8)     Total                          Min: 0, Avg: 62.3, Max: 187, Diff: 187, Sum: 187, Workers: 3
[2024-08-16T20:42:34.669+0800][4.712s][debug][gc,phases      ] GC(8)   JNI Weak                       Min:  0.0, Avg:  0.0, Max:  0.0, Diff:  0.0, Sum:  0.0, Workers: 3
[2024-08-16T20:42:34.669+0800][4.712s][debug][gc,phases      ] GC(8)     Dead                           Min: 0, Avg:  0.0, Max: 0, Diff: 0, Sum: 0, Workers: 3
[2024-08-16T20:42:34.669+0800][4.712s][debug][gc,phases      ] GC(8)     Total                          Min: 0, Avg:  0.0, Max: 0, Diff: 0, Sum: 0, Workers: 3
[2024-08-16T20:42:34.669+0800][4.712s][debug][gc,phases      ] GC(8)   StringDedup Table Weak         Min:  0.0, Avg:  0.0, Max:  0.0, Diff:  0.0, Sum:  0.0, Workers: 3
[2024-08-16T20:42:34.669+0800][4.712s][debug][gc,phases      ] GC(8)     Dead                           Min: 0, Avg:  0.0, Max: 0, Diff: 0, Sum: 0, Workers: 3
[2024-08-16T20:42:34.669+0800][4.712s][debug][gc,phases      ] GC(8)     Total                          Min: 0, Avg:  0.0, Max: 0, Diff: 0, Sum: 0, Workers: 3
[2024-08-16T20:42:34.669+0800][4.712s][debug][gc,phases      ] GC(8)   StringDedup Requests0 Weak     Min:  0.0, Avg:  0.0, Max:  0.0, Diff:  0.0, Sum:  0.0, Workers: 3
[2024-08-16T20:42:34.669+0800][4.712s][debug][gc,phases      ] GC(8)     Dead                           Min: 0, Avg:  0.0, Max: 0, Diff: 0, Sum: 0, Workers: 3
[2024-08-16T20:42:34.669+0800][4.712s][debug][gc,phases      ] GC(8)     Total                          Min: 0, Avg:  0.0, Max: 0, Diff: 0, Sum: 0, Workers: 3
[2024-08-16T20:42:34.669+0800][4.712s][debug][gc,phases      ] GC(8)   StringDedup Requests1 Weak     Min:  0.0, Avg:  0.0, Max:  0.0, Diff:  0.0, Sum:  0.0, Workers: 3
[2024-08-16T20:42:34.669+0800][4.712s][debug][gc,phases      ] GC(8)     Dead                           Min: 0, Avg:  0.0, Max: 0, Diff: 0, Sum: 0, Workers: 3
[2024-08-16T20:42:34.669+0800][4.712s][debug][gc,phases      ] GC(8)     Total                          Min: 0, Avg:  0.0, Max: 0, Diff: 0, Sum: 0, Workers: 3
[2024-08-16T20:42:34.669+0800][4.712s][debug][gc,phases      ] GC(8)   Weak JFR Old Object Samples    Min:  0.0, Avg:  0.0, Max:  0.0, Diff:  0.0, Sum:  0.0, Workers: 3
[2024-08-16T20:42:34.669+0800][4.712s][debug][gc,phases      ] GC(8)     Dead                           Min: 0, Avg:  0.0, Max: 0, Diff: 0, Sum: 0, Workers: 3
[2024-08-16T20:42:34.669+0800][4.712s][debug][gc,phases      ] GC(8)     Total                          Min: 0, Avg:  0.0, Max: 0, Diff: 0, Sum: 0, Workers: 3
[2024-08-16T20:42:34.669+0800][4.712s][debug][gc,phases      ] GC(8) Weak Processing 0.309ms
[2024-08-16T20:42:34.669+0800][4.712s][debug][gc,ergo        ] GC(8) AdaptiveSizeStart:  collection: 9 
[2024-08-16T20:42:34.669+0800][4.712s][debug][gc,ergo        ] GC(8) avg_survived_padded_avg: 22481620.000000
[2024-08-16T20:42:34.669+0800][4.712s][debug][gc,ergo        ] GC(8) avg_promoted_padded_avg: 1149173888.000000  avg_pretenured_padded_avg: 0.000000  tenuring_thresh: 6  target_size: 22544384
[2024-08-16T20:42:34.669+0800][4.712s][debug][gc,age         ] GC(8) Desired survivor size 22544384 bytes, new threshold 6 (max threshold 15)
[2024-08-16T20:42:34.669+0800][4.712s][debug][gc,ergo        ] GC(8) PSAdaptiveSizePolicy::compute_eden_space_size limits: desired_eden_size: 1614169838 old_eden_size: 1070596096 eden_limit: 1400897536 cur_eden: 1070596096 max_eden_size: 1400897536 avg_young_live: 14541943
[2024-08-16T20:42:34.669+0800][4.712s][debug][gc,ergo        ] GC(8) PSAdaptiveSizePolicy::compute_eden_space_size: costs minor_time: 0.056596 major_cost: 0.054873 mutator_cost: 0.888531 throughput_goal: 0.990000
[2024-08-16T20:42:34.669+0800][4.712s][debug][gc,ergo        ] GC(8) Live_space: 832992640 free_space: 1421869056
[2024-08-16T20:42:34.669+0800][4.712s][debug][gc,ergo        ] GC(8) Old eden_size: 1070596096 desired_eden_size: 1400897536
[2024-08-16T20:42:34.669+0800][4.713s][debug][gc,ergo        ] GC(8) AdaptiveSizeStop: collection: 9 
[2024-08-16T20:42:34.669+0800][4.713s][info ][gc,heap        ] GC(8) PSYoungGen: 1045178K(1053184K)->21600K(1067520K) Eden: 1045178K(1045504K)->0K(1045504K) From: 0K(7680K)->21600K(22016K)
[2024-08-16T20:42:34.669+0800][4.713s][info ][gc,heap        ] GC(8) ParOldGen: 844494K(1922048K)->1955551K(1955840K)
[2024-08-16T20:42:34.669+0800][4.713s][info ][gc,metaspace   ] GC(8) Metaspace: 843K(960K)->843K(960K) NonClass: 780K(832K)->780K(832K) Class: 62K(128K)->62K(128K)
[2024-08-16T20:42:34.669+0800][4.713s][info ][gc             ] GC(8) Pause Young (Allocation Failure) 1845M->1930M(2952M) 101.059ms
[2024-08-16T20:42:34.669+0800][4.713s][info ][gc,cpu         ] GC(8) User=0.73s Sys=0.48s Real=0.10s
[2024-08-16T20:42:34.669+0800][4.713s][debug][gc,heap        ] GC(8) Heap after GC invocations=9 (full 3):
[2024-08-16T20:42:34.669+0800][4.713s][debug][gc,heap        ] GC(8)  PSYoungGen      total 1067520K, used 21600K [0x00000007aab00000, 0x0000000800000000, 0x0000000800000000)
[2024-08-16T20:42:34.669+0800][4.713s][debug][gc,heap        ] GC(8)   eden space 1045504K, 0% used [0x00000007aab00000,0x00000007aab00000,0x00000007ea800000)
[2024-08-16T20:42:34.669+0800][4.713s][debug][gc,heap        ] GC(8)   from space 22016K, 98% used [0x00000007ea800000,0x00000007ebd18150,0x00000007ebd80000)
[2024-08-16T20:42:34.669+0800][4.713s][debug][gc,heap        ] GC(8)   to   space 22016K, 0% used [0x00000007fea80000,0x00000007fea80000,0x0000000800000000)
[2024-08-16T20:42:34.669+0800][4.713s][debug][gc,heap        ] GC(8)  ParOldGen       total 1955840K, used 1955551K [0x0000000700000000, 0x0000000777600000, 0x00000007aab00000)
[2024-08-16T20:42:34.669+0800][4.713s][debug][gc,heap        ] GC(8)   object space 1955840K, 99% used [0x0000000700000000,0x00000007775b7f28,0x0000000777600000)
[2024-08-16T20:42:34.669+0800][4.713s][debug][gc,heap        ] GC(8)  Metaspace       used 843K, committed 960K, reserved 1114112K
[2024-08-16T20:42:34.669+0800][4.713s][debug][gc,heap        ] GC(8)   class space    used 62K, committed 128K, reserved 1048576K
[2024-08-16T20:42:34.669+0800][4.713s][debug][gc,task,time   ] GC(8) VM-Thread 4611585124 4711663500 4712953488
[2024-08-16T20:42:34.669+0800][4.713s][debug][gc,phases,start] GC(9) Pre Compact
[2024-08-16T20:42:34.669+0800][4.713s][debug][gc,heap        ] GC(9) Heap before GC invocations=10 (full 4):
[2024-08-16T20:42:34.669+0800][4.713s][debug][gc,heap        ] GC(9)  PSYoungGen      total 1067520K, used 21600K [0x00000007aab00000, 0x0000000800000000, 0x0000000800000000)
[2024-08-16T20:42:34.669+0800][4.713s][debug][gc,heap        ] GC(9)   eden space 1045504K, 0% used [0x00000007aab00000,0x00000007aab00000,0x00000007ea800000)
[2024-08-16T20:42:34.669+0800][4.713s][debug][gc,heap        ] GC(9)   from space 22016K, 98% used [0x00000007ea800000,0x00000007ebd18150,0x00000007ebd80000)
[2024-08-16T20:42:34.669+0800][4.713s][debug][gc,heap        ] GC(9)   to   space 22016K, 0% used [0x00000007fea80000,0x00000007fea80000,0x0000000800000000)
[2024-08-16T20:42:34.669+0800][4.713s][debug][gc,heap        ] GC(9)  ParOldGen       total 1955840K, used 1955551K [0x0000000700000000, 0x0000000777600000, 0x00000007aab00000)
[2024-08-16T20:42:34.669+0800][4.713s][debug][gc,heap        ] GC(9)   object space 1955840K, 99% used [0x0000000700000000,0x00000007775b7f28,0x0000000777600000)
[2024-08-16T20:42:34.670+0800][4.713s][debug][gc,heap        ] GC(9)  Metaspace       used 843K, committed 960K, reserved 1114112K
[2024-08-16T20:42:34.670+0800][4.713s][debug][gc,heap        ] GC(9)   class space    used 62K, committed 128K, reserved 1048576K
[2024-08-16T20:42:34.670+0800][4.713s][debug][gc,phases      ] GC(9) Pre Compact 0.087ms
[2024-08-16T20:42:34.670+0800][4.713s][info ][gc,start       ] GC(9) Pause Full (Ergonomics)
[2024-08-16T20:42:34.670+0800][4.713s][info ][gc,phases,start] GC(9) Marking Phase
[2024-08-16T20:42:34.670+0800][4.713s][debug][gc,phases,start] GC(9) Par Mark
[2024-08-16T20:42:34.682+0800][4.726s][debug][gc,phases      ] GC(9) Par Mark 12.830ms
[2024-08-16T20:42:34.682+0800][4.726s][debug][gc,phases,start] GC(9) Reference Processing
[2024-08-16T20:42:34.682+0800][4.726s][debug][gc,ref         ] GC(9) Skipped phase 1 of Reference Processing: no references
[2024-08-16T20:42:34.683+0800][4.726s][debug][gc,ref         ] GC(9) ReferenceProcessor::execute queues: 1, RefProcThreadModel::Single, marks_oops_alive: false
[2024-08-16T20:42:34.683+0800][4.726s][debug][gc,ref         ] GC(9) Skipped phase 3 of Reference Processing: no references
[2024-08-16T20:42:34.683+0800][4.726s][debug][gc,ref         ] GC(9) ReferenceProcessor::execute queues: 1, RefProcThreadModel::Single, marks_oops_alive: false
[2024-08-16T20:42:34.683+0800][4.726s][debug][gc,phases,ref  ] GC(9) Reference Processing: 0.1ms
[2024-08-16T20:42:34.683+0800][4.726s][debug][gc,phases,ref  ] GC(9)   Reconsider SoftReferences: 0.0ms
[2024-08-16T20:42:34.683+0800][4.726s][debug][gc,phases,ref  ] GC(9)     SoftRef (ms):                  skipped
[2024-08-16T20:42:34.683+0800][4.726s][debug][gc,phases,ref  ] GC(9)   Notify Soft/WeakReferences: 0.1ms
[2024-08-16T20:42:34.683+0800][4.726s][debug][gc,phases,ref  ] GC(9)     SoftRef (ms):                  Min:  0.0, Avg:  0.0, Max:  0.0, Diff:  0.0, Sum:  0.0, Workers: 13
[2024-08-16T20:42:34.683+0800][4.726s][debug][gc,phases,ref  ] GC(9)     WeakRef (ms):                  Min:  0.0, Avg:  0.0, Max:  0.0, Diff:  0.0, Sum:  0.0, Workers: 13
[2024-08-16T20:42:34.683+0800][4.726s][debug][gc,phases,ref  ] GC(9)     FinalRef (ms):                 Min:  0.0, Avg:  0.0, Max:  0.0, Diff:  0.0, Sum:  0.0, Workers: 13
[2024-08-16T20:42:34.683+0800][4.726s][debug][gc,phases,ref  ] GC(9)     Total (ms):                    Min:  0.0, Avg:  0.0, Max:  0.0, Diff:  0.0, Sum:  0.0, Workers: 13
[2024-08-16T20:42:34.683+0800][4.726s][debug][gc,phases,ref  ] GC(9)   Notify and keep alive finalizable: 0.0ms
[2024-08-16T20:42:34.683+0800][4.726s][debug][gc,phases,ref  ] GC(9)     FinalRef (ms):                 skipped
[2024-08-16T20:42:34.683+0800][4.726s][debug][gc,phases,ref  ] GC(9)   Notify PhantomReferences: 0.0ms
[2024-08-16T20:42:34.683+0800][4.726s][debug][gc,phases,ref  ] GC(9)     PhantomRef (ms):               Min:  0.0, Avg:  0.0, Max:  0.0, Diff:  0.0, Sum:  0.0, Workers: 13
[2024-08-16T20:42:34.683+0800][4.726s][debug][gc,phases,ref  ] GC(9)   SoftReference:
[2024-08-16T20:42:34.683+0800][4.726s][debug][gc,phases,ref  ] GC(9)     Discovered: 0
[2024-08-16T20:42:34.683+0800][4.726s][debug][gc,phases,ref  ] GC(9)     Cleared: 0
[2024-08-16T20:42:34.683+0800][4.726s][debug][gc,phases,ref  ] GC(9)   WeakReference:
[2024-08-16T20:42:34.683+0800][4.726s][debug][gc,phases,ref  ] GC(9)     Discovered: 1
[2024-08-16T20:42:34.683+0800][4.726s][debug][gc,phases,ref  ] GC(9)     Cleared: 1
[2024-08-16T20:42:34.683+0800][4.726s][debug][gc,phases,ref  ] GC(9)   FinalReference:
[2024-08-16T20:42:34.683+0800][4.726s][debug][gc,phases,ref  ] GC(9)     Discovered: 0
[2024-08-16T20:42:34.683+0800][4.726s][debug][gc,phases,ref  ] GC(9)     Cleared: 0
[2024-08-16T20:42:34.683+0800][4.726s][debug][gc,phases,ref  ] GC(9)   PhantomReference:
[2024-08-16T20:42:34.683+0800][4.726s][debug][gc,phases,ref  ] GC(9)     Discovered: 1
[2024-08-16T20:42:34.683+0800][4.726s][debug][gc,phases,ref  ] GC(9)     Cleared: 1
[2024-08-16T20:42:34.683+0800][4.726s][debug][gc,phases      ] GC(9) Reference Processing 0.179ms
[2024-08-16T20:42:34.683+0800][4.726s][debug][gc,phases,start] GC(9) Weak Processing
[2024-08-16T20:42:34.683+0800][4.726s][debug][gc,phases      ] GC(9)   VM Weak                        Min:  0.0, Avg:  0.0, Max:  0.0, Diff:  0.0, Sum:  0.0, Workers: 3
[2024-08-16T20:42:34.683+0800][4.726s][debug][gc,phases      ] GC(9)     Dead                           Min: 0, Avg:  0.0, Max: 0, Diff: 0, Sum: 0, Workers: 3
[2024-08-16T20:42:34.683+0800][4.726s][debug][gc,phases      ] GC(9)     Total                          Min: 0, Avg:  7.7, Max: 23, Diff: 23, Sum: 23, Workers: 3
[2024-08-16T20:42:34.683+0800][4.726s][debug][gc,phases      ] GC(9)   ObjectSynchronizer Weak        Min:  0.0, Avg:  0.0, Max:  0.0, Diff:  0.0, Sum:  0.0, Workers: 3
[2024-08-16T20:42:34.683+0800][4.726s][debug][gc,phases      ] GC(9)     Dead                           Min: 0, Avg:  0.0, Max: 0, Diff: 0, Sum: 0, Workers: 3
[2024-08-16T20:42:34.683+0800][4.726s][debug][gc,phases      ] GC(9)     Total                          Min: 0, Avg:  1.0, Max: 3, Diff: 3, Sum: 3, Workers: 3
[2024-08-16T20:42:34.683+0800][4.726s][debug][gc,phases      ] GC(9)   JVMTI Tag Weak OopStorage      Min:  0.0, Avg:  0.0, Max:  0.0, Diff:  0.0, Sum:  0.0, Workers: 3
[2024-08-16T20:42:34.683+0800][4.726s][debug][gc,phases      ] GC(9)     Dead                           Min: 0, Avg:  0.0, Max: 0, Diff: 0, Sum: 0, Workers: 3
[2024-08-16T20:42:34.683+0800][4.726s][debug][gc,phases      ] GC(9)     Total                          Min: 0, Avg:  0.0, Max: 0, Diff: 0, Sum: 0, Workers: 3
[2024-08-16T20:42:34.683+0800][4.726s][debug][gc,phases      ] GC(9)   StringTable Weak               Min:  0.0, Avg:  0.0, Max:  0.0, Diff:  0.0, Sum:  0.0, Workers: 3
[2024-08-16T20:42:34.683+0800][4.726s][debug][gc,phases      ] GC(9)     Dead                           Min: 0, Avg:  0.0, Max: 0, Diff: 0, Sum: 0, Workers: 3
[2024-08-16T20:42:34.683+0800][4.726s][debug][gc,phases      ] GC(9)     Total                          Min: 0, Avg: 673.3, Max: 1726, Diff: 1726, Sum: 2020, Workers: 3
[2024-08-16T20:42:34.683+0800][4.726s][debug][gc,phases      ] GC(9)   ResolvedMethodTable Weak       Min:  0.0, Avg:  0.0, Max:  0.0, Diff:  0.0, Sum:  0.0, Workers: 3
[2024-08-16T20:42:34.683+0800][4.726s][debug][gc,phases      ] GC(9)     Dead                           Min: 0, Avg:  0.0, Max: 0, Diff: 0, Sum: 0, Workers: 3
[2024-08-16T20:42:34.683+0800][4.726s][debug][gc,phases      ] GC(9)     Total                          Min: 0, Avg: 62.3, Max: 128, Diff: 128, Sum: 187, Workers: 3
[2024-08-16T20:42:34.683+0800][4.726s][debug][gc,phases      ] GC(9)   JNI Weak                       Min:  0.0, Avg:  0.0, Max:  0.0, Diff:  0.0, Sum:  0.0, Workers: 3
[2024-08-16T20:42:34.683+0800][4.726s][debug][gc,phases      ] GC(9)     Dead                           Min: 0, Avg:  0.0, Max: 0, Diff: 0, Sum: 0, Workers: 3
[2024-08-16T20:42:34.683+0800][4.726s][debug][gc,phases      ] GC(9)     Total                          Min: 0, Avg:  0.0, Max: 0, Diff: 0, Sum: 0, Workers: 3
[2024-08-16T20:42:34.683+0800][4.726s][debug][gc,phases      ] GC(9)   StringDedup Table Weak         Min:  0.0, Avg:  0.0, Max:  0.0, Diff:  0.0, Sum:  0.0, Workers: 3
[2024-08-16T20:42:34.683+0800][4.726s][debug][gc,phases      ] GC(9)     Dead                           Min: 0, Avg:  0.0, Max: 0, Diff: 0, Sum: 0, Workers: 3
[2024-08-16T20:42:34.683+0800][4.726s][debug][gc,phases      ] GC(9)     Total                          Min: 0, Avg:  0.0, Max: 0, Diff: 0, Sum: 0, Workers: 3
[2024-08-16T20:42:34.683+0800][4.726s][debug][gc,phases      ] GC(9)   StringDedup Requests0 Weak     Min:  0.0, Avg:  0.0, Max:  0.0, Diff:  0.0, Sum:  0.0, Workers: 3
[2024-08-16T20:42:34.683+0800][4.726s][debug][gc,phases      ] GC(9)     Dead                           Min: 0, Avg:  0.0, Max: 0, Diff: 0, Sum: 0, Workers: 3
[2024-08-16T20:42:34.683+0800][4.726s][debug][gc,phases      ] GC(9)     Total                          Min: 0, Avg:  0.0, Max: 0, Diff: 0, Sum: 0, Workers: 3
[2024-08-16T20:42:34.683+0800][4.726s][debug][gc,phases      ] GC(9)   StringDedup Requests1 Weak     Min:  0.0, Avg:  0.0, Max:  0.0, Diff:  0.0, Sum:  0.0, Workers: 3
[2024-08-16T20:42:34.683+0800][4.726s][debug][gc,phases      ] GC(9)     Dead                           Min: 0, Avg:  0.0, Max: 0, Diff: 0, Sum: 0, Workers: 3
[2024-08-16T20:42:34.683+0800][4.726s][debug][gc,phases      ] GC(9)     Total                          Min: 0, Avg:  0.0, Max: 0, Diff: 0, Sum: 0, Workers: 3
[2024-08-16T20:42:34.683+0800][4.726s][debug][gc,phases      ] GC(9)   Weak JFR Old Object Samples    Min:  0.0, Avg:  0.0, Max:  0.0, Diff:  0.0, Sum:  0.0, Workers: 3
[2024-08-16T20:42:34.683+0800][4.726s][debug][gc,phases      ] GC(9)     Dead                           Min: 0, Avg:  0.0, Max: 0, Diff: 0, Sum: 0, Workers: 3
[2024-08-16T20:42:34.683+0800][4.726s][debug][gc,phases      ] GC(9)     Total                          Min: 0, Avg:  0.0, Max: 0, Diff: 0, Sum: 0, Workers: 3
[2024-08-16T20:42:34.683+0800][4.726s][debug][gc,phases      ] GC(9) Weak Processing 0.229ms
[2024-08-16T20:42:34.683+0800][4.726s][debug][gc,phases,start] GC(9) Class Unloading
[2024-08-16T20:42:34.683+0800][4.726s][debug][gc,phases,start] GC(9) ClassLoaderData
[2024-08-16T20:42:34.683+0800][4.726s][debug][gc,phases      ] GC(9) ClassLoaderData 0.006ms
[2024-08-16T20:42:34.683+0800][4.726s][debug][gc,phases,start] GC(9) Trigger cleanups
[2024-08-16T20:42:34.683+0800][4.726s][debug][gc,phases      ] GC(9) Trigger cleanups 0.004ms
[2024-08-16T20:42:34.683+0800][4.727s][debug][gc,phases      ] GC(9) Class Unloading 0.371ms
[2024-08-16T20:42:34.683+0800][4.727s][debug][gc,phases,start] GC(9) Report Object Count
[2024-08-16T20:42:34.683+0800][4.727s][debug][gc,phases      ] GC(9) Report Object Count 0.005ms
[2024-08-16T20:42:34.683+0800][4.727s][info ][gc,phases      ] GC(9) Marking Phase 13.685ms
[2024-08-16T20:42:34.683+0800][4.727s][info ][gc,phases,start] GC(9) Summary Phase
[2024-08-16T20:42:34.683+0800][4.727s][info ][gc,phases      ] GC(9) Summary Phase 0.034ms
[2024-08-16T20:42:34.683+0800][4.727s][info ][gc,phases,start] GC(9) Adjust Roots
[2024-08-16T20:42:34.684+0800][4.727s][info ][gc,phases      ] GC(9) Adjust Roots 0.409ms
[2024-08-16T20:42:34.684+0800][4.727s][info ][gc,phases,start] GC(9) Compaction Phase
[2024-08-16T20:42:34.779+0800][4.823s][info ][gc,phases      ] GC(9) Compaction Phase 95.693ms
[2024-08-16T20:42:34.779+0800][4.823s][info ][gc,phases,start] GC(9) Post Compact
[2024-08-16T20:42:34.797+0800][4.841s][info ][gc,phases      ] GC(9) Post Compact 17.957ms
[2024-08-16T20:42:34.798+0800][4.841s][debug][gc,ergo        ] GC(9) AdaptiveSizeStart: collection: 10 
[2024-08-16T20:42:34.798+0800][4.841s][debug][gc,ergo        ] GC(9) PSAdaptiveSizePolicy::compute_eden_space_size limits: desired_eden_size: 1598996761 old_eden_size: 1400897536 eden_limit: 1386217472 cur_eden: 1070596096 max_eden_size: 1386217472 avg_young_live: 13087749
[2024-08-16T20:42:34.798+0800][4.841s][debug][gc,ergo        ] GC(9) PSAdaptiveSizePolicy::compute_eden_space_size: costs minor_time: 0.056596 major_cost: 0.058074 mutator_cost: 0.885330 throughput_goal: 0.990000
[2024-08-16T20:42:34.798+0800][4.841s][debug][gc,ergo        ] GC(9) Live_space: 831538432 free_space: 1752170496
[2024-08-16T20:42:34.798+0800][4.841s][debug][gc,ergo        ] GC(9) Old eden_size: 1400897536 desired_eden_size: 1386217472
[2024-08-16T20:42:34.798+0800][4.841s][debug][gc,ergo        ] GC(9) PSAdaptiveSizePolicy::compute_old_gen_free_space: costs minor_time: 0.056596 major_cost: 0.058074  mutator_cost: 0.885330 throughput_goal: 0.990000
[2024-08-16T20:42:34.798+0800][4.841s][debug][gc,ergo        ] GC(9) Live_space: 1044970112 free_space: 1737490432
[2024-08-16T20:42:34.798+0800][4.841s][debug][gc,ergo        ] GC(9) Old promo_size: 351272960 desired_promo_size: 458227712
[2024-08-16T20:42:34.799+0800][4.843s][debug][gc             ] GC(9) Expanding ParOldGen from 1955840K by 840704K to 2796544K
[2024-08-16T20:42:34.799+0800][4.843s][debug][gc,ergo        ] GC(9) AdaptiveSizeStop: collection: 10 
[2024-08-16T20:42:34.799+0800][4.843s][info ][gc,heap        ] GC(9) PSYoungGen: 21600K(1067520K)->0K(1375744K) Eden: 0K(1045504K)->0K(1353728K) From: 21600K(22016K)->0K(22016K)
[2024-08-16T20:42:34.799+0800][4.843s][info ][gc,heap        ] GC(9) ParOldGen: 1955551K(1955840K)->1370841K(2796544K)
[2024-08-16T20:42:34.799+0800][4.843s][info ][gc,metaspace   ] GC(9) Metaspace: 843K(960K)->843K(960K) NonClass: 780K(832K)->780K(832K) Class: 62K(128K)->62K(128K)
[2024-08-16T20:42:34.799+0800][4.843s][info ][gc             ] GC(9) Pause Full (Ergonomics) 1930M->1338M(4074M) 129.926ms
[2024-08-16T20:42:34.800+0800][4.843s][info ][gc,cpu         ] GC(9) User=1.23s Sys=0.06s Real=0.13s
[2024-08-16T20:42:34.800+0800][4.843s][debug][gc,heap        ] GC(9) Heap after GC invocations=10 (full 4):
[2024-08-16T20:42:34.800+0800][4.843s][debug][gc,heap        ] GC(9)  PSYoungGen      total 1375744K, used 0K [0x00000007aab00000, 0x0000000800000000, 0x0000000800000000)
[2024-08-16T20:42:34.800+0800][4.843s][debug][gc,heap        ] GC(9)   eden space 1353728K, 0% used [0x00000007aab00000,0x00000007aab00000,0x00000007fd500000)
[2024-08-16T20:42:34.800+0800][4.843s][debug][gc,heap        ] GC(9)   from space 22016K, 0% used [0x00000007fea80000,0x00000007fea80000,0x0000000800000000)
[2024-08-16T20:42:34.800+0800][4.843s][debug][gc,heap        ] GC(9)   to   space 22016K, 0% used [0x00000007fd500000,0x00000007fd500000,0x00000007fea80000)
[2024-08-16T20:42:34.800+0800][4.843s][debug][gc,heap        ] GC(9)  ParOldGen       total 2796544K, used 1370841K [0x0000000700000000, 0x00000007aab00000, 0x00000007aab00000)
[2024-08-16T20:42:34.800+0800][4.843s][debug][gc,heap        ] GC(9)   object space 2796544K, 49% used [0x0000000700000000,0x0000000753ab67b0,0x00000007aab00000)
[2024-08-16T20:42:34.800+0800][4.843s][debug][gc,heap        ] GC(9)  Metaspace       used 843K, committed 960K, reserved 1114112K
[2024-08-16T20:42:34.800+0800][4.843s][debug][gc,heap        ] GC(9)   class space    used 62K, committed 128K, reserved 1048576K
[2024-08-16T20:42:34.800+0800][4.843s][debug][gc,task,time   ] GC(9) VM-Thread 4713069262 4727220329 4843045853
[2024-08-16T20:42:36.730+0800][6.774s][debug][gc,heap        ] GC(10) Heap before GC invocations=11 (full 4):
[2024-08-16T20:42:36.731+0800][6.774s][debug][gc,heap        ] GC(10)  PSYoungGen      total 1375744K, used 1353728K [0x00000007aab00000, 0x0000000800000000, 0x0000000800000000)
[2024-08-16T20:42:36.731+0800][6.774s][debug][gc,heap        ] GC(10)   eden space 1353728K, 100% used [0x00000007aab00000,0x00000007fd500000,0x00000007fd500000)
[2024-08-16T20:42:36.731+0800][6.774s][debug][gc,heap        ] GC(10)   from space 22016K, 0% used [0x00000007fea80000,0x00000007fea80000,0x0000000800000000)
[2024-08-16T20:42:36.731+0800][6.774s][debug][gc,heap        ] GC(10)   to   space 22016K, 0% used [0x00000007fd500000,0x00000007fd500000,0x00000007fea80000)
[2024-08-16T20:42:36.731+0800][6.774s][debug][gc,heap        ] GC(10)  ParOldGen       total 2796544K, used 1370841K [0x0000000700000000, 0x00000007aab00000, 0x00000007aab00000)
[2024-08-16T20:42:36.731+0800][6.774s][debug][gc,heap        ] GC(10)   object space 2796544K, 49% used [0x0000000700000000,0x0000000753ab67b0,0x00000007aab00000)
[2024-08-16T20:42:36.731+0800][6.774s][debug][gc,heap        ] GC(10)  Metaspace       used 843K, committed 960K, reserved 1114112K
[2024-08-16T20:42:36.731+0800][6.774s][debug][gc,heap        ] GC(10)   class space    used 62K, committed 128K, reserved 1048576K
[2024-08-16T20:42:36.731+0800][6.774s][debug][gc,tlab        ] GC(10) TLAB totals: thrds: 1  refills: 13 max: 13 slow allocs: 995 max 995 waste:  1.8% gc: 933152B max: 933152B slow: 5104336B max: 5104336B
[2024-08-16T20:42:36.731+0800][6.774s][info ][gc,start       ] GC(10) Pause Young (Allocation Failure)
[2024-08-16T20:42:36.731+0800][6.775s][debug][gc,phases,start] GC(10) Scavenge
[2024-08-16T20:42:36.864+0800][6.908s][debug][gc,phases      ] GC(10) Scavenge 133.378ms
[2024-08-16T20:42:36.864+0800][6.908s][debug][gc,phases,start] GC(10) Reference Processing
[2024-08-16T20:42:36.865+0800][6.908s][debug][gc,ref         ] GC(10) Skipped phase 1 of Reference Processing: no references
[2024-08-16T20:42:36.865+0800][6.908s][debug][gc,ref         ] GC(10) Skipped phase 2 of Reference Processing: no references
[2024-08-16T20:42:36.865+0800][6.908s][debug][gc,ref         ] GC(10) Skipped phase 3 of Reference Processing: no references
[2024-08-16T20:42:36.865+0800][6.908s][debug][gc,ref         ] GC(10) Skipped phase 4 of Reference Processing: no references
[2024-08-16T20:42:36.865+0800][6.908s][debug][gc,phases,ref  ] GC(10) Reference Processing: 0.0ms
[2024-08-16T20:42:36.865+0800][6.908s][debug][gc,phases,ref  ] GC(10)   Reconsider SoftReferences: 0.0ms
[2024-08-16T20:42:36.865+0800][6.908s][debug][gc,phases,ref  ] GC(10)     SoftRef (ms):                  skipped
[2024-08-16T20:42:36.865+0800][6.908s][debug][gc,phases,ref  ] GC(10)   Notify Soft/WeakReferences: 0.0ms
[2024-08-16T20:42:36.865+0800][6.908s][debug][gc,phases,ref  ] GC(10)     SoftRef (ms):                  skipped
[2024-08-16T20:42:36.865+0800][6.908s][debug][gc,phases,ref  ] GC(10)     WeakRef (ms):                  skipped
[2024-08-16T20:42:36.865+0800][6.908s][debug][gc,phases,ref  ] GC(10)     FinalRef (ms):                 skipped
[2024-08-16T20:42:36.865+0800][6.908s][debug][gc,phases,ref  ] GC(10)     Total (ms):                    skipped
[2024-08-16T20:42:36.865+0800][6.908s][debug][gc,phases,ref  ] GC(10)   Notify and keep alive finalizable: 0.0ms
[2024-08-16T20:42:36.865+0800][6.908s][debug][gc,phases,ref  ] GC(10)     FinalRef (ms):                 skipped
[2024-08-16T20:42:36.865+0800][6.908s][debug][gc,phases,ref  ] GC(10)   Notify PhantomReferences: 0.0ms
[2024-08-16T20:42:36.865+0800][6.908s][debug][gc,phases,ref  ] GC(10)     PhantomRef (ms):               skipped
[2024-08-16T20:42:36.865+0800][6.908s][debug][gc,phases,ref  ] GC(10)   SoftReference:
[2024-08-16T20:42:36.865+0800][6.908s][debug][gc,phases,ref  ] GC(10)     Discovered: 0
[2024-08-16T20:42:36.865+0800][6.908s][debug][gc,phases,ref  ] GC(10)     Cleared: 0
[2024-08-16T20:42:36.865+0800][6.908s][debug][gc,phases,ref  ] GC(10)   WeakReference:
[2024-08-16T20:42:36.865+0800][6.908s][debug][gc,phases,ref  ] GC(10)     Discovered: 0
[2024-08-16T20:42:36.865+0800][6.908s][debug][gc,phases,ref  ] GC(10)     Cleared: 0
[2024-08-16T20:42:36.865+0800][6.908s][debug][gc,phases,ref  ] GC(10)   FinalReference:
[2024-08-16T20:42:36.865+0800][6.908s][debug][gc,phases,ref  ] GC(10)     Discovered: 0
[2024-08-16T20:42:36.865+0800][6.908s][debug][gc,phases,ref  ] GC(10)     Cleared: 0
[2024-08-16T20:42:36.865+0800][6.908s][debug][gc,phases,ref  ] GC(10)   PhantomReference:
[2024-08-16T20:42:36.865+0800][6.908s][debug][gc,phases,ref  ] GC(10)     Discovered: 0
[2024-08-16T20:42:36.865+0800][6.908s][debug][gc,phases,ref  ] GC(10)     Cleared: 0
[2024-08-16T20:42:36.865+0800][6.908s][debug][gc,phases      ] GC(10) Reference Processing 0.150ms
[2024-08-16T20:42:36.865+0800][6.908s][debug][gc,phases,start] GC(10) Weak Processing
[2024-08-16T20:42:36.865+0800][6.908s][debug][gc,phases      ] GC(10)   VM Weak                        Min:  0.0, Avg:  0.0, Max:  0.0, Diff:  0.0, Sum:  0.0, Workers: 3
[2024-08-16T20:42:36.865+0800][6.908s][debug][gc,phases      ] GC(10)     Dead                           Min: 0, Avg:  0.0, Max: 0, Diff: 0, Sum: 0, Workers: 3
[2024-08-16T20:42:36.865+0800][6.908s][debug][gc,phases      ] GC(10)     Total                          Min: 0, Avg:  7.7, Max: 23, Diff: 23, Sum: 23, Workers: 3
[2024-08-16T20:42:36.865+0800][6.908s][debug][gc,phases      ] GC(10)   ObjectSynchronizer Weak        Min:  0.0, Avg:  0.0, Max:  0.0, Diff:  0.0, Sum:  0.0, Workers: 3
[2024-08-16T20:42:36.865+0800][6.908s][debug][gc,phases      ] GC(10)     Dead                           Min: 0, Avg:  0.0, Max: 0, Diff: 0, Sum: 0, Workers: 3
[2024-08-16T20:42:36.865+0800][6.908s][debug][gc,phases      ] GC(10)     Total                          Min: 0, Avg:  1.0, Max: 3, Diff: 3, Sum: 3, Workers: 3
[2024-08-16T20:42:36.865+0800][6.908s][debug][gc,phases      ] GC(10)   JVMTI Tag Weak OopStorage      Min:  0.0, Avg:  0.0, Max:  0.0, Diff:  0.0, Sum:  0.0, Workers: 3
[2024-08-16T20:42:36.865+0800][6.908s][debug][gc,phases      ] GC(10)     Dead                           Min: 0, Avg:  0.0, Max: 0, Diff: 0, Sum: 0, Workers: 3
[2024-08-16T20:42:36.865+0800][6.908s][debug][gc,phases      ] GC(10)     Total                          Min: 0, Avg:  0.0, Max: 0, Diff: 0, Sum: 0, Workers: 3
[2024-08-16T20:42:36.865+0800][6.908s][debug][gc,phases      ] GC(10)   StringTable Weak               Min:  0.0, Avg:  0.0, Max:  0.0, Diff:  0.0, Sum:  0.0, Workers: 3
[2024-08-16T20:42:36.865+0800][6.908s][debug][gc,phases      ] GC(10)     Dead                           Min: 0, Avg:  0.7, Max: 2, Diff: 2, Sum: 2, Workers: 3
[2024-08-16T20:42:36.865+0800][6.908s][debug][gc,phases      ] GC(10)     Total                          Min: 0, Avg: 673.7, Max: 1662, Diff: 1662, Sum: 2021, Workers: 3
[2024-08-16T20:42:36.865+0800][6.908s][debug][gc,phases      ] GC(10)   ResolvedMethodTable Weak       Min:  0.0, Avg:  0.0, Max:  0.0, Diff:  0.0, Sum:  0.0, Workers: 3
[2024-08-16T20:42:36.865+0800][6.908s][debug][gc,phases      ] GC(10)     Dead                           Min: 0, Avg:  0.0, Max: 0, Diff: 0, Sum: 0, Workers: 3
[2024-08-16T20:42:36.865+0800][6.908s][debug][gc,phases      ] GC(10)     Total                          Min: 0, Avg: 62.3, Max: 123, Diff: 123, Sum: 187, Workers: 3
[2024-08-16T20:42:36.865+0800][6.908s][debug][gc,phases      ] GC(10)   JNI Weak                       Min:  0.0, Avg:  0.0, Max:  0.0, Diff:  0.0, Sum:  0.0, Workers: 3
[2024-08-16T20:42:36.865+0800][6.908s][debug][gc,phases      ] GC(10)     Dead                           Min: 0, Avg:  0.0, Max: 0, Diff: 0, Sum: 0, Workers: 3
[2024-08-16T20:42:36.865+0800][6.908s][debug][gc,phases      ] GC(10)     Total                          Min: 0, Avg:  0.0, Max: 0, Diff: 0, Sum: 0, Workers: 3
[2024-08-16T20:42:36.865+0800][6.908s][debug][gc,phases      ] GC(10)   StringDedup Table Weak         Min:  0.0, Avg:  0.0, Max:  0.0, Diff:  0.0, Sum:  0.0, Workers: 3
[2024-08-16T20:42:36.865+0800][6.908s][debug][gc,phases      ] GC(10)     Dead                           Min: 0, Avg:  0.0, Max: 0, Diff: 0, Sum: 0, Workers: 3
[2024-08-16T20:42:36.865+0800][6.908s][debug][gc,phases      ] GC(10)     Total                          Min: 0, Avg:  0.0, Max: 0, Diff: 0, Sum: 0, Workers: 3
[2024-08-16T20:42:36.865+0800][6.908s][debug][gc,phases      ] GC(10)   StringDedup Requests0 Weak     Min:  0.0, Avg:  0.0, Max:  0.0, Diff:  0.0, Sum:  0.0, Workers: 3
[2024-08-16T20:42:36.865+0800][6.908s][debug][gc,phases      ] GC(10)     Dead                           Min: 0, Avg:  0.0, Max: 0, Diff: 0, Sum: 0, Workers: 3
[2024-08-16T20:42:36.865+0800][6.908s][debug][gc,phases      ] GC(10)     Total                          Min: 0, Avg:  0.0, Max: 0, Diff: 0, Sum: 0, Workers: 3
[2024-08-16T20:42:36.865+0800][6.908s][debug][gc,phases      ] GC(10)   StringDedup Requests1 Weak     Min:  0.0, Avg:  0.0, Max:  0.0, Diff:  0.0, Sum:  0.0, Workers: 3
[2024-08-16T20:42:36.865+0800][6.908s][debug][gc,phases      ] GC(10)     Dead                           Min: 0, Avg:  0.0, Max: 0, Diff: 0, Sum: 0, Workers: 3
[2024-08-16T20:42:36.865+0800][6.908s][debug][gc,phases      ] GC(10)     Total                          Min: 0, Avg:  0.0, Max: 0, Diff: 0, Sum: 0, Workers: 3
[2024-08-16T20:42:36.865+0800][6.908s][debug][gc,phases      ] GC(10)   Weak JFR Old Object Samples    Min:  0.0, Avg:  0.0, Max:  0.0, Diff:  0.0, Sum:  0.0, Workers: 3
[2024-08-16T20:42:36.865+0800][6.908s][debug][gc,phases      ] GC(10)     Dead                           Min: 0, Avg:  0.0, Max: 0, Diff: 0, Sum: 0, Workers: 3
[2024-08-16T20:42:36.865+0800][6.908s][debug][gc,phases      ] GC(10)     Total                          Min: 0, Avg:  0.0, Max: 0, Diff: 0, Sum: 0, Workers: 3
[2024-08-16T20:42:36.865+0800][6.908s][debug][gc,phases      ] GC(10) Weak Processing 0.232ms
[2024-08-16T20:42:36.865+0800][6.909s][info ][gc,promotion   ] GC(10) Promotion failed
[2024-08-16T20:42:36.865+0800][6.909s][info ][gc,heap        ] GC(10) PSYoungGen: 1353728K(1375744K)->1353728K(1375744K) Eden: 1353728K(1353728K)->1353728K(1353728K) From: 0K(22016K)->0K(22016K)
[2024-08-16T20:42:36.865+0800][6.909s][info ][gc,heap        ] GC(10) ParOldGen: 1370841K(2796544K)->2796271K(2796544K)
[2024-08-16T20:42:36.865+0800][6.909s][info ][gc,metaspace   ] GC(10) Metaspace: 843K(960K)->843K(960K) NonClass: 780K(832K)->780K(832K) Class: 62K(128K)->62K(128K)
[2024-08-16T20:42:36.865+0800][6.909s][info ][gc             ] GC(10) Pause Young (Allocation Failure) 2660M->4052M(4074M) 134.158ms
[2024-08-16T20:42:36.865+0800][6.909s][info ][gc,cpu         ] GC(10) User=1.12s Sys=0.59s Real=0.14s
[2024-08-16T20:42:36.865+0800][6.909s][debug][gc,heap        ] GC(10) Heap after GC invocations=11 (full 4):
[2024-08-16T20:42:36.865+0800][6.909s][debug][gc,heap        ] GC(10)  PSYoungGen      total 1375744K, used 1353728K [0x00000007aab00000, 0x0000000800000000, 0x0000000800000000)
[2024-08-16T20:42:36.865+0800][6.909s][debug][gc,heap        ] GC(10)   eden space 1353728K, 100% used [0x00000007aab00000,0x00000007fd500000,0x00000007fd500000)
[2024-08-16T20:42:36.865+0800][6.909s][debug][gc,heap        ] GC(10)   from space 22016K, 0% used [0x00000007fea80000,0x00000007fea80000,0x0000000800000000)
[2024-08-16T20:42:36.865+0800][6.909s][debug][gc,heap        ] GC(10)   to   space 22016K, 97% used [0x00000007fd500000,0x00000007fea10150,0x00000007fea80000)
[2024-08-16T20:42:36.865+0800][6.909s][debug][gc,heap        ] GC(10)  ParOldGen       total 2796544K, used 2796271K [0x0000000700000000, 0x00000007aab00000, 0x00000007aab00000)
[2024-08-16T20:42:36.865+0800][6.909s][debug][gc,heap        ] GC(10)   object space 2796544K, 99% used [0x0000000700000000,0x00000007aaabbeb0,0x00000007aab00000)
[2024-08-16T20:42:36.865+0800][6.909s][debug][gc,heap        ] GC(10)  Metaspace       used 843K, committed 960K, reserved 1114112K
[2024-08-16T20:42:36.865+0800][6.909s][debug][gc,heap        ] GC(10)   class space    used 62K, committed 128K, reserved 1048576K
[2024-08-16T20:42:36.865+0800][6.909s][debug][gc,task,time   ] GC(10) VM-Thread 6773791268 6907989665 6908723404
[2024-08-16T20:42:36.865+0800][6.909s][debug][gc,phases,start] GC(11) Pre Compact
[2024-08-16T20:42:36.865+0800][6.909s][debug][gc,heap        ] GC(11) Heap before GC invocations=12 (full 5):
[2024-08-16T20:42:36.865+0800][6.909s][debug][gc,heap        ] GC(11)  PSYoungGen      total 1375744K, used 1353728K [0x00000007aab00000, 0x0000000800000000, 0x0000000800000000)
[2024-08-16T20:42:36.865+0800][6.909s][debug][gc,heap        ] GC(11)   eden space 1353728K, 100% used [0x00000007aab00000,0x00000007fd500000,0x00000007fd500000)
[2024-08-16T20:42:36.865+0800][6.909s][debug][gc,heap        ] GC(11)   from space 22016K, 0% used [0x00000007fea80000,0x00000007fea80000,0x0000000800000000)
[2024-08-16T20:42:36.865+0800][6.909s][debug][gc,heap        ] GC(11)   to   space 22016K, 97% used [0x00000007fd500000,0x00000007fea10150,0x00000007fea80000)
[2024-08-16T20:42:36.865+0800][6.909s][debug][gc,heap        ] GC(11)  ParOldGen       total 2796544K, used 2796271K [0x0000000700000000, 0x00000007aab00000, 0x00000007aab00000)
[2024-08-16T20:42:36.865+0800][6.909s][debug][gc,heap        ] GC(11)   object space 2796544K, 99% used [0x0000000700000000,0x00000007aaabbeb0,0x00000007aab00000)
[2024-08-16T20:42:36.865+0800][6.909s][debug][gc,heap        ] GC(11)  Metaspace       used 843K, committed 960K, reserved 1114112K
[2024-08-16T20:42:36.865+0800][6.909s][debug][gc,heap        ] GC(11)   class space    used 62K, committed 128K, reserved 1048576K
[2024-08-16T20:42:36.865+0800][6.909s][debug][gc,phases      ] GC(11) Pre Compact 0.045ms
[2024-08-16T20:42:36.865+0800][6.909s][info ][gc,start       ] GC(11) Pause Full (Ergonomics)
[2024-08-16T20:42:36.865+0800][6.909s][info ][gc,phases,start] GC(11) Marking Phase
[2024-08-16T20:42:36.865+0800][6.909s][debug][gc,phases,start] GC(11) Par Mark
[2024-08-16T20:42:36.883+0800][6.927s][debug][gc,phases      ] GC(11) Par Mark 18.065ms
[2024-08-16T20:42:36.883+0800][6.927s][debug][gc,phases,start] GC(11) Reference Processing
[2024-08-16T20:42:36.883+0800][6.927s][debug][gc,ref         ] GC(11) Skipped phase 1 of Reference Processing: no references
[2024-08-16T20:42:36.884+0800][6.927s][debug][gc,ref         ] GC(11) ReferenceProcessor::execute queues: 1, RefProcThreadModel::Single, marks_oops_alive: false
[2024-08-16T20:42:36.884+0800][6.927s][debug][gc,ref         ] GC(11) Skipped phase 3 of Reference Processing: no references
[2024-08-16T20:42:36.884+0800][6.927s][debug][gc,ref         ] GC(11) ReferenceProcessor::execute queues: 1, RefProcThreadModel::Single, marks_oops_alive: false
[2024-08-16T20:42:36.884+0800][6.927s][debug][gc,phases,ref  ] GC(11) Reference Processing: 0.1ms
[2024-08-16T20:42:36.884+0800][6.927s][debug][gc,phases,ref  ] GC(11)   Reconsider SoftReferences: 0.0ms
[2024-08-16T20:42:36.884+0800][6.927s][debug][gc,phases,ref  ] GC(11)     SoftRef (ms):                  skipped
[2024-08-16T20:42:36.884+0800][6.927s][debug][gc,phases,ref  ] GC(11)   Notify Soft/WeakReferences: 0.1ms
[2024-08-16T20:42:36.884+0800][6.927s][debug][gc,phases,ref  ] GC(11)     SoftRef (ms):                  Min:  0.0, Avg:  0.0, Max:  0.0, Diff:  0.0, Sum:  0.0, Workers: 13
[2024-08-16T20:42:36.884+0800][6.927s][debug][gc,phases,ref  ] GC(11)     WeakRef (ms):                  Min:  0.0, Avg:  0.0, Max:  0.0, Diff:  0.0, Sum:  0.0, Workers: 13
[2024-08-16T20:42:36.884+0800][6.927s][debug][gc,phases,ref  ] GC(11)     FinalRef (ms):                 Min:  0.0, Avg:  0.0, Max:  0.0, Diff:  0.0, Sum:  0.0, Workers: 13
[2024-08-16T20:42:36.884+0800][6.927s][debug][gc,phases,ref  ] GC(11)     Total (ms):                    Min:  0.0, Avg:  0.0, Max:  0.0, Diff:  0.0, Sum:  0.0, Workers: 13
[2024-08-16T20:42:36.884+0800][6.927s][debug][gc,phases,ref  ] GC(11)   Notify and keep alive finalizable: 0.0ms
[2024-08-16T20:42:36.884+0800][6.927s][debug][gc,phases,ref  ] GC(11)     FinalRef (ms):                 skipped
[2024-08-16T20:42:36.884+0800][6.927s][debug][gc,phases,ref  ] GC(11)   Notify PhantomReferences: 0.0ms
[2024-08-16T20:42:36.884+0800][6.927s][debug][gc,phases,ref  ] GC(11)     PhantomRef (ms):               Min:  0.0, Avg:  0.0, Max:  0.0, Diff:  0.0, Sum:  0.0, Workers: 13
[2024-08-16T20:42:36.884+0800][6.927s][debug][gc,phases,ref  ] GC(11)   SoftReference:
[2024-08-16T20:42:36.884+0800][6.927s][debug][gc,phases,ref  ] GC(11)     Discovered: 0
[2024-08-16T20:42:36.884+0800][6.927s][debug][gc,phases,ref  ] GC(11)     Cleared: 0
[2024-08-16T20:42:36.884+0800][6.927s][debug][gc,phases,ref  ] GC(11)   WeakReference:
[2024-08-16T20:42:36.884+0800][6.927s][debug][gc,phases,ref  ] GC(11)     Discovered: 11
[2024-08-16T20:42:36.884+0800][6.927s][debug][gc,phases,ref  ] GC(11)     Cleared: 11
[2024-08-16T20:42:36.884+0800][6.927s][debug][gc,phases,ref  ] GC(11)   FinalReference:
[2024-08-16T20:42:36.884+0800][6.927s][debug][gc,phases,ref  ] GC(11)     Discovered: 0
[2024-08-16T20:42:36.884+0800][6.927s][debug][gc,phases,ref  ] GC(11)     Cleared: 0
[2024-08-16T20:42:36.884+0800][6.927s][debug][gc,phases,ref  ] GC(11)   PhantomReference:
[2024-08-16T20:42:36.884+0800][6.927s][debug][gc,phases,ref  ] GC(11)     Discovered: 1
[2024-08-16T20:42:36.884+0800][6.927s][debug][gc,phases,ref  ] GC(11)     Cleared: 1
[2024-08-16T20:42:36.884+0800][6.927s][debug][gc,phases      ] GC(11) Reference Processing 0.385ms
[2024-08-16T20:42:36.884+0800][6.927s][debug][gc,phases,start] GC(11) Weak Processing
[2024-08-16T20:42:36.884+0800][6.927s][debug][gc,phases      ] GC(11)   VM Weak                        Min:  0.0, Avg:  0.0, Max:  0.0, Diff:  0.0, Sum:  0.0, Workers: 3
[2024-08-16T20:42:36.884+0800][6.927s][debug][gc,phases      ] GC(11)     Dead                           Min: 0, Avg:  0.0, Max: 0, Diff: 0, Sum: 0, Workers: 3
[2024-08-16T20:42:36.884+0800][6.927s][debug][gc,phases      ] GC(11)     Total                          Min: 0, Avg:  7.7, Max: 23, Diff: 23, Sum: 23, Workers: 3
[2024-08-16T20:42:36.884+0800][6.927s][debug][gc,phases      ] GC(11)   ObjectSynchronizer Weak        Min:  0.0, Avg:  0.0, Max:  0.0, Diff:  0.0, Sum:  0.0, Workers: 3
[2024-08-16T20:42:36.884+0800][6.927s][debug][gc,phases      ] GC(11)     Dead                           Min: 0, Avg:  0.0, Max: 0, Diff: 0, Sum: 0, Workers: 3
[2024-08-16T20:42:36.884+0800][6.927s][debug][gc,phases      ] GC(11)     Total                          Min: 0, Avg:  1.0, Max: 3, Diff: 3, Sum: 3, Workers: 3
[2024-08-16T20:42:36.884+0800][6.927s][debug][gc,phases      ] GC(11)   JVMTI Tag Weak OopStorage      Min:  0.0, Avg:  0.0, Max:  0.0, Diff:  0.0, Sum:  0.0, Workers: 3
[2024-08-16T20:42:36.884+0800][6.927s][debug][gc,phases      ] GC(11)     Dead                           Min: 0, Avg:  0.0, Max: 0, Diff: 0, Sum: 0, Workers: 3
[2024-08-16T20:42:36.884+0800][6.928s][debug][gc,phases      ] GC(11)     Total                          Min: 0, Avg:  0.0, Max: 0, Diff: 0, Sum: 0, Workers: 3
[2024-08-16T20:42:36.884+0800][6.928s][debug][gc,phases      ] GC(11)   StringTable Weak               Min:  0.0, Avg:  0.0, Max:  0.0, Diff:  0.0, Sum:  0.0, Workers: 3
[2024-08-16T20:42:36.884+0800][6.928s][debug][gc,phases      ] GC(11)     Dead                           Min: 0, Avg:  0.0, Max: 0, Diff: 0, Sum: 0, Workers: 3
[2024-08-16T20:42:36.884+0800][6.928s][debug][gc,phases      ] GC(11)     Total                          Min: 0, Avg: 673.7, Max: 1255, Diff: 1255, Sum: 2021, Workers: 3
[2024-08-16T20:42:36.884+0800][6.928s][debug][gc,phases      ] GC(11)   ResolvedMethodTable Weak       Min:  0.0, Avg:  0.0, Max:  0.0, Diff:  0.0, Sum:  0.0, Workers: 3
[2024-08-16T20:42:36.884+0800][6.928s][debug][gc,phases      ] GC(11)     Dead                           Min: 0, Avg:  0.0, Max: 0, Diff: 0, Sum: 0, Workers: 3
[2024-08-16T20:42:36.884+0800][6.928s][debug][gc,phases      ] GC(11)     Total                          Min: 0, Avg: 62.3, Max: 123, Diff: 123, Sum: 187, Workers: 3
[2024-08-16T20:42:36.884+0800][6.928s][debug][gc,phases      ] GC(11)   JNI Weak                       Min:  0.0, Avg:  0.0, Max:  0.0, Diff:  0.0, Sum:  0.0, Workers: 3
[2024-08-16T20:42:36.884+0800][6.928s][debug][gc,phases      ] GC(11)     Dead                           Min: 0, Avg:  0.0, Max: 0, Diff: 0, Sum: 0, Workers: 3
[2024-08-16T20:42:36.884+0800][6.928s][debug][gc,phases      ] GC(11)     Total                          Min: 0, Avg:  0.0, Max: 0, Diff: 0, Sum: 0, Workers: 3
[2024-08-16T20:42:36.884+0800][6.928s][debug][gc,phases      ] GC(11)   StringDedup Table Weak         Min:  0.0, Avg:  0.0, Max:  0.0, Diff:  0.0, Sum:  0.0, Workers: 3
[2024-08-16T20:42:36.884+0800][6.928s][debug][gc,phases      ] GC(11)     Dead                           Min: 0, Avg:  0.0, Max: 0, Diff: 0, Sum: 0, Workers: 3
[2024-08-16T20:42:36.884+0800][6.928s][debug][gc,phases      ] GC(11)     Total                          Min: 0, Avg:  0.0, Max: 0, Diff: 0, Sum: 0, Workers: 3
[2024-08-16T20:42:36.884+0800][6.928s][debug][gc,phases      ] GC(11)   StringDedup Requests0 Weak     Min:  0.0, Avg:  0.0, Max:  0.0, Diff:  0.0, Sum:  0.0, Workers: 3
[2024-08-16T20:42:36.884+0800][6.928s][debug][gc,phases      ] GC(11)     Dead                           Min: 0, Avg:  0.0, Max: 0, Diff: 0, Sum: 0, Workers: 3
[2024-08-16T20:42:36.884+0800][6.928s][debug][gc,phases      ] GC(11)     Total                          Min: 0, Avg:  0.0, Max: 0, Diff: 0, Sum: 0, Workers: 3
[2024-08-16T20:42:36.884+0800][6.928s][debug][gc,phases      ] GC(11)   StringDedup Requests1 Weak     Min:  0.0, Avg:  0.0, Max:  0.0, Diff:  0.0, Sum:  0.0, Workers: 3
[2024-08-16T20:42:36.884+0800][6.928s][debug][gc,phases      ] GC(11)     Dead                           Min: 0, Avg:  0.0, Max: 0, Diff: 0, Sum: 0, Workers: 3
[2024-08-16T20:42:36.884+0800][6.928s][debug][gc,phases      ] GC(11)     Total                          Min: 0, Avg:  0.0, Max: 0, Diff: 0, Sum: 0, Workers: 3
[2024-08-16T20:42:36.884+0800][6.928s][debug][gc,phases      ] GC(11)   Weak JFR Old Object Samples    Min:  0.0, Avg:  0.0, Max:  0.0, Diff:  0.0, Sum:  0.0, Workers: 3
[2024-08-16T20:42:36.884+0800][6.928s][debug][gc,phases      ] GC(11)     Dead                           Min: 0, Avg:  0.0, Max: 0, Diff: 0, Sum: 0, Workers: 3
[2024-08-16T20:42:36.884+0800][6.928s][debug][gc,phases      ] GC(11)     Total                          Min: 0, Avg:  0.0, Max: 0, Diff: 0, Sum: 0, Workers: 3
[2024-08-16T20:42:36.884+0800][6.928s][debug][gc,phases      ] GC(11) Weak Processing 0.394ms
[2024-08-16T20:42:36.884+0800][6.928s][debug][gc,phases,start] GC(11) Class Unloading
[2024-08-16T20:42:36.884+0800][6.928s][debug][gc,phases,start] GC(11) ClassLoaderData
[2024-08-16T20:42:36.884+0800][6.928s][debug][gc,phases      ] GC(11) ClassLoaderData 0.009ms
[2024-08-16T20:42:36.884+0800][6.928s][debug][gc,phases,start] GC(11) Trigger cleanups
[2024-08-16T20:42:36.884+0800][6.928s][debug][gc,phases      ] GC(11) Trigger cleanups 0.006ms
[2024-08-16T20:42:36.885+0800][6.928s][debug][gc,phases      ] GC(11) Class Unloading 0.543ms
[2024-08-16T20:42:36.885+0800][6.928s][debug][gc,phases,start] GC(11) Report Object Count
[2024-08-16T20:42:36.885+0800][6.928s][debug][gc,phases      ] GC(11) Report Object Count 0.006ms
[2024-08-16T20:42:36.885+0800][6.928s][info ][gc,phases      ] GC(11) Marking Phase 19.511ms
[2024-08-16T20:42:36.885+0800][6.928s][info ][gc,phases,start] GC(11) Summary Phase
[2024-08-16T20:42:36.885+0800][6.928s][info ][gc,phases      ] GC(11) Summary Phase 0.143ms
[2024-08-16T20:42:36.885+0800][6.928s][info ][gc,phases,start] GC(11) Adjust Roots
[2024-08-16T20:42:36.885+0800][6.929s][info ][gc,phases      ] GC(11) Adjust Roots 0.417ms
[2024-08-16T20:42:36.885+0800][6.929s][info ][gc,phases,start] GC(11) Compaction Phase
[2024-08-16T20:42:37.028+0800][7.072s][info ][gc,phases      ] GC(11) Compaction Phase 142.801ms
[2024-08-16T20:42:37.028+0800][7.072s][info ][gc,phases,start] GC(11) Post Compact
[2024-08-16T20:42:37.152+0800][7.195s][info ][gc,phases      ] GC(11) Post Compact 123.416ms
[2024-08-16T20:42:37.152+0800][7.195s][debug][gc,ergo        ] GC(11) AdaptiveSizeStart: collection: 12 
[2024-08-16T20:42:37.152+0800][7.195s][debug][gc,ergo        ] GC(11) PSAdaptiveSizePolicy::compute_eden_space_size limits: desired_eden_size: 1993691261 old_eden_size: 1386217472 eden_limit: 1386217472 cur_eden: 1386217472 max_eden_size: 1386217472 avg_young_live: 11778975
[2024-08-16T20:42:37.152+0800][7.195s][debug][gc,ergo        ] GC(11) PSAdaptiveSizePolicy::compute_eden_space_size: costs minor_time: 0.057707 major_cost: 0.073976 mutator_cost: 0.868317 throughput_goal: 0.990000
[2024-08-16T20:42:37.152+0800][7.195s][debug][gc,ergo        ] GC(11) Live_space: 1043661312 free_space: 1844445184
[2024-08-16T20:42:37.152+0800][7.195s][debug][gc,ergo        ] GC(11) Old eden_size: 1386217472 desired_eden_size: 1386217472
[2024-08-16T20:42:37.152+0800][7.195s][debug][gc,ergo        ] GC(11) PSAdaptiveSizePolicy::compute_old_gen_free_space: costs minor_time: 0.057707 major_cost: 0.073976  mutator_cost: 0.868317 throughput_goal: 0.990000
[2024-08-16T20:42:37.152+0800][7.195s][debug][gc,ergo        ] GC(11) Live_space: 1310344960 free_space: 1844445184
[2024-08-16T20:42:37.152+0800][7.195s][debug][gc,ergo        ] GC(11) Old promo_size: 458227712 desired_promo_size: 561512448
[2024-08-16T20:42:37.152+0800][7.195s][debug][gc,ergo        ] GC(11) AdaptiveSizeStop: collection: 12 
[2024-08-16T20:42:37.152+0800][7.195s][info ][gc,heap        ] GC(11) PSYoungGen: 1353728K(1375744K)->0K(1375744K) Eden: 1353728K(1353728K)->0K(1353728K) From: 0K(22016K)->0K(22016K)
[2024-08-16T20:42:37.152+0800][7.195s][info ][gc,heap        ] GC(11) ParOldGen: 2796271K(2796544K)->2047719K(2796544K)
[2024-08-16T20:42:37.152+0800][7.195s][info ][gc,metaspace   ] GC(11) Metaspace: 843K(960K)->843K(960K) NonClass: 780K(832K)->780K(832K) Class: 62K(128K)->62K(128K)
[2024-08-16T20:42:37.152+0800][7.195s][info ][gc             ] GC(11) Pause Full (Ergonomics) 4052M->1999M(4074M) 286.550ms
[2024-08-16T20:42:37.152+0800][7.195s][info ][gc,cpu         ] GC(11) User=1.86s Sys=0.15s Real=0.28s
[2024-08-16T20:42:37.152+0800][7.195s][debug][gc,heap        ] GC(11) Heap after GC invocations=12 (full 5):
[2024-08-16T20:42:37.152+0800][7.195s][debug][gc,heap        ] GC(11)  PSYoungGen      total 1375744K, used 0K [0x00000007aab00000, 0x0000000800000000, 0x0000000800000000)
[2024-08-16T20:42:37.152+0800][7.195s][debug][gc,heap        ] GC(11)   eden space 1353728K, 0% used [0x00000007aab00000,0x00000007aab00000,0x00000007fd500000)
[2024-08-16T20:42:37.152+0800][7.195s][debug][gc,heap        ] GC(11)   from space 22016K, 0% used [0x00000007fd500000,0x00000007fd500000,0x00000007fea80000)
[2024-08-16T20:42:37.152+0800][7.195s][debug][gc,heap        ] GC(11)   to   space 22016K, 0% used [0x00000007fea80000,0x00000007fea80000,0x0000000800000000)
[2024-08-16T20:42:37.152+0800][7.195s][debug][gc,heap        ] GC(11)  ParOldGen       total 2796544K, used 2047719K [0x0000000700000000, 0x00000007aab00000, 0x00000007aab00000)
[2024-08-16T20:42:37.152+0800][7.195s][debug][gc,heap        ] GC(11)   object space 2796544K, 73% used [0x0000000700000000,0x000000077cfb9fc8,0x00000007aab00000)
[2024-08-16T20:42:37.152+0800][7.195s][debug][gc,heap        ] GC(11)  Metaspace       used 843K, committed 960K, reserved 1114112K
[2024-08-16T20:42:37.152+0800][7.195s][debug][gc,heap        ] GC(11)   class space    used 62K, committed 128K, reserved 1048576K
[2024-08-16T20:42:37.152+0800][7.195s][debug][gc,task,time   ] GC(11) VM-Thread 6908790172 6928894561 7195372515
[2024-08-16T20:42:38.834+0800][8.877s][debug][gc,phases,start] GC(12) Pre Compact
[2024-08-16T20:42:38.834+0800][8.878s][debug][gc,heap        ] GC(12) Heap before GC invocations=13 (full 6):
[2024-08-16T20:42:38.834+0800][8.878s][debug][gc,heap        ] GC(12)  PSYoungGen      total 1375744K, used 1353481K [0x00000007aab00000, 0x0000000800000000, 0x0000000800000000)
[2024-08-16T20:42:38.834+0800][8.878s][debug][gc,heap        ] GC(12)   eden space 1353728K, 99% used [0x00000007aab00000,0x00000007fd4c24c0,0x00000007fd500000)
[2024-08-16T20:42:38.834+0800][8.878s][debug][gc,heap        ] GC(12)   from space 22016K, 0% used [0x00000007fd500000,0x00000007fd500000,0x00000007fea80000)
[2024-08-16T20:42:38.834+0800][8.878s][debug][gc,heap        ] GC(12)   to   space 22016K, 0% used [0x00000007fea80000,0x00000007fea80000,0x0000000800000000)
[2024-08-16T20:42:38.834+0800][8.878s][debug][gc,heap        ] GC(12)  ParOldGen       total 2796544K, used 2047719K [0x0000000700000000, 0x00000007aab00000, 0x00000007aab00000)
[2024-08-16T20:42:38.834+0800][8.878s][debug][gc,heap        ] GC(12)   object space 2796544K, 73% used [0x0000000700000000,0x000000077cfb9fc8,0x00000007aab00000)
[2024-08-16T20:42:38.834+0800][8.878s][debug][gc,heap        ] GC(12)  Metaspace       used 843K, committed 960K, reserved 1114112K
[2024-08-16T20:42:38.834+0800][8.878s][debug][gc,heap        ] GC(12)   class space    used 62K, committed 128K, reserved 1048576K
[2024-08-16T20:42:38.834+0800][8.878s][debug][gc,tlab        ] GC(12) TLAB totals: thrds: 1  refills: 10 max: 10 slow allocs: 1053 max 1053 waste:  1.7% gc: 879456B max: 879456B slow: 3863712B max: 3863712B
[2024-08-16T20:42:38.834+0800][8.878s][debug][gc,phases      ] GC(12) Pre Compact 0.148ms
[2024-08-16T20:42:38.834+0800][8.878s][info ][gc,start       ] GC(12) Pause Full (Ergonomics)
[2024-08-16T20:42:38.834+0800][8.878s][info ][gc,phases,start] GC(12) Marking Phase
[2024-08-16T20:42:38.834+0800][8.878s][debug][gc,phases,start] GC(12) Par Mark
[2024-08-16T20:42:38.836+0800][8.880s][debug][gc,phases      ] GC(12) Par Mark 1.952ms
[2024-08-16T20:42:38.836+0800][8.880s][debug][gc,phases,start] GC(12) Reference Processing
[2024-08-16T20:42:38.836+0800][8.880s][debug][gc,ref         ] GC(12) Skipped phase 1 of Reference Processing: no references
[2024-08-16T20:42:38.836+0800][8.880s][debug][gc,ref         ] GC(12) Skipped phase 2 of Reference Processing: no references
[2024-08-16T20:42:38.836+0800][8.880s][debug][gc,ref         ] GC(12) Skipped phase 3 of Reference Processing: no references
[2024-08-16T20:42:38.836+0800][8.880s][debug][gc,ref         ] GC(12) ReferenceProcessor::execute queues: 1, RefProcThreadModel::Single, marks_oops_alive: false
[2024-08-16T20:42:38.836+0800][8.880s][debug][gc,phases,ref  ] GC(12) Reference Processing: 0.2ms
[2024-08-16T20:42:38.836+0800][8.880s][debug][gc,phases,ref  ] GC(12)   Reconsider SoftReferences: 0.0ms
[2024-08-16T20:42:38.836+0800][8.880s][debug][gc,phases,ref  ] GC(12)     SoftRef (ms):                  skipped
[2024-08-16T20:42:38.836+0800][8.880s][debug][gc,phases,ref  ] GC(12)   Notify Soft/WeakReferences: 0.0ms
[2024-08-16T20:42:38.836+0800][8.880s][debug][gc,phases,ref  ] GC(12)     SoftRef (ms):                  skipped
[2024-08-16T20:42:38.836+0800][8.880s][debug][gc,phases,ref  ] GC(12)     WeakRef (ms):                  skipped
[2024-08-16T20:42:38.836+0800][8.880s][debug][gc,phases,ref  ] GC(12)     FinalRef (ms):                 skipped
[2024-08-16T20:42:38.836+0800][8.880s][debug][gc,phases,ref  ] GC(12)     Total (ms):                    skipped
[2024-08-16T20:42:38.836+0800][8.880s][debug][gc,phases,ref  ] GC(12)   Notify and keep alive finalizable: 0.0ms
[2024-08-16T20:42:38.836+0800][8.880s][debug][gc,phases,ref  ] GC(12)     FinalRef (ms):                 skipped
[2024-08-16T20:42:38.837+0800][8.880s][debug][gc,phases,ref  ] GC(12)   Notify PhantomReferences: 0.1ms
[2024-08-16T20:42:38.837+0800][8.880s][debug][gc,phases,ref  ] GC(12)     PhantomRef (ms):               Min:  0.0, Avg:  0.0, Max:  0.0, Diff:  0.0, Sum:  0.0, Workers: 13
[2024-08-16T20:42:38.837+0800][8.880s][debug][gc,phases,ref  ] GC(12)   SoftReference:
[2024-08-16T20:42:38.837+0800][8.880s][debug][gc,phases,ref  ] GC(12)     Discovered: 0
[2024-08-16T20:42:38.837+0800][8.880s][debug][gc,phases,ref  ] GC(12)     Cleared: 0
[2024-08-16T20:42:38.837+0800][8.880s][debug][gc,phases,ref  ] GC(12)   WeakReference:
[2024-08-16T20:42:38.837+0800][8.880s][debug][gc,phases,ref  ] GC(12)     Discovered: 0
[2024-08-16T20:42:38.837+0800][8.880s][debug][gc,phases,ref  ] GC(12)     Cleared: 0
[2024-08-16T20:42:38.837+0800][8.880s][debug][gc,phases,ref  ] GC(12)   FinalReference:
[2024-08-16T20:42:38.837+0800][8.880s][debug][gc,phases,ref  ] GC(12)     Discovered: 0
[2024-08-16T20:42:38.837+0800][8.880s][debug][gc,phases,ref  ] GC(12)     Cleared: 0
[2024-08-16T20:42:38.837+0800][8.880s][debug][gc,phases,ref  ] GC(12)   PhantomReference:
[2024-08-16T20:42:38.837+0800][8.880s][debug][gc,phases,ref  ] GC(12)     Discovered: 1
[2024-08-16T20:42:38.837+0800][8.880s][debug][gc,phases,ref  ] GC(12)     Cleared: 1
[2024-08-16T20:42:38.837+0800][8.880s][debug][gc,phases      ] GC(12) Reference Processing 0.579ms
[2024-08-16T20:42:38.837+0800][8.880s][debug][gc,phases,start] GC(12) Weak Processing
[2024-08-16T20:42:38.837+0800][8.881s][debug][gc,phases      ] GC(12)   VM Weak                        Min:  0.0, Avg:  0.0, Max:  0.0, Diff:  0.0, Sum:  0.0, Workers: 3
[2024-08-16T20:42:38.837+0800][8.881s][debug][gc,phases      ] GC(12)     Dead                           Min: 0, Avg:  0.0, Max: 0, Diff: 0, Sum: 0, Workers: 3
[2024-08-16T20:42:38.837+0800][8.881s][debug][gc,phases      ] GC(12)     Total                          Min: 0, Avg:  7.7, Max: 23, Diff: 23, Sum: 23, Workers: 3
[2024-08-16T20:42:38.837+0800][8.881s][debug][gc,phases      ] GC(12)   ObjectSynchronizer Weak        Min:  0.0, Avg:  0.0, Max:  0.0, Diff:  0.0, Sum:  0.0, Workers: 3
[2024-08-16T20:42:38.837+0800][8.881s][debug][gc,phases      ] GC(12)     Dead                           Min: 0, Avg:  0.0, Max: 0, Diff: 0, Sum: 0, Workers: 3
[2024-08-16T20:42:38.837+0800][8.881s][debug][gc,phases      ] GC(12)     Total                          Min: 0, Avg:  1.0, Max: 3, Diff: 3, Sum: 3, Workers: 3
[2024-08-16T20:42:38.837+0800][8.881s][debug][gc,phases      ] GC(12)   JVMTI Tag Weak OopStorage      Min:  0.0, Avg:  0.0, Max:  0.0, Diff:  0.0, Sum:  0.0, Workers: 3
[2024-08-16T20:42:38.837+0800][8.881s][debug][gc,phases      ] GC(12)     Dead                           Min: 0, Avg:  0.0, Max: 0, Diff: 0, Sum: 0, Workers: 3
[2024-08-16T20:42:38.837+0800][8.881s][debug][gc,phases      ] GC(12)     Total                          Min: 0, Avg:  0.0, Max: 0, Diff: 0, Sum: 0, Workers: 3
[2024-08-16T20:42:38.837+0800][8.881s][debug][gc,phases      ] GC(12)   StringTable Weak               Min:  0.0, Avg:  0.0, Max:  0.0, Diff:  0.0, Sum:  0.0, Workers: 3
[2024-08-16T20:42:38.837+0800][8.881s][debug][gc,phases      ] GC(12)     Dead                           Min: 0, Avg:  0.7, Max: 2, Diff: 2, Sum: 2, Workers: 3
[2024-08-16T20:42:38.837+0800][8.881s][debug][gc,phases      ] GC(12)     Total                          Min: 0, Avg: 673.7, Max: 1022, Diff: 1022, Sum: 2021, Workers: 3
[2024-08-16T20:42:38.837+0800][8.881s][debug][gc,phases      ] GC(12)   ResolvedMethodTable Weak       Min:  0.0, Avg:  0.0, Max:  0.0, Diff:  0.0, Sum:  0.0, Workers: 3
[2024-08-16T20:42:38.837+0800][8.881s][debug][gc,phases      ] GC(12)     Dead                           Min: 0, Avg:  0.0, Max: 0, Diff: 0, Sum: 0, Workers: 3
[2024-08-16T20:42:38.837+0800][8.881s][debug][gc,phases      ] GC(12)     Total                          Min: 0, Avg: 62.3, Max: 123, Diff: 123, Sum: 187, Workers: 3
[2024-08-16T20:42:38.837+0800][8.881s][debug][gc,phases      ] GC(12)   JNI Weak                       Min:  0.0, Avg:  0.0, Max:  0.0, Diff:  0.0, Sum:  0.0, Workers: 3
[2024-08-16T20:42:38.838+0800][8.881s][debug][gc,phases      ] GC(12)     Dead                           Min: 0, Avg:  0.0, Max: 0, Diff: 0, Sum: 0, Workers: 3
[2024-08-16T20:42:38.838+0800][8.881s][debug][gc,phases      ] GC(12)     Total                          Min: 0, Avg:  0.0, Max: 0, Diff: 0, Sum: 0, Workers: 3
[2024-08-16T20:42:38.838+0800][8.881s][debug][gc,phases      ] GC(12)   StringDedup Table Weak         Min:  0.0, Avg:  0.0, Max:  0.0, Diff:  0.0, Sum:  0.0, Workers: 3
[2024-08-16T20:42:38.838+0800][8.881s][debug][gc,phases      ] GC(12)     Dead                           Min: 0, Avg:  0.0, Max: 0, Diff: 0, Sum: 0, Workers: 3
[2024-08-16T20:42:38.838+0800][8.881s][debug][gc,phases      ] GC(12)     Total                          Min: 0, Avg:  0.0, Max: 0, Diff: 0, Sum: 0, Workers: 3
[2024-08-16T20:42:38.838+0800][8.881s][debug][gc,phases      ] GC(12)   StringDedup Requests0 Weak     Min:  0.0, Avg:  0.0, Max:  0.0, Diff:  0.0, Sum:  0.0, Workers: 3
[2024-08-16T20:42:38.838+0800][8.881s][debug][gc,phases      ] GC(12)     Dead                           Min: 0, Avg:  0.0, Max: 0, Diff: 0, Sum: 0, Workers: 3
[2024-08-16T20:42:38.838+0800][8.881s][debug][gc,phases      ] GC(12)     Total                          Min: 0, Avg:  0.0, Max: 0, Diff: 0, Sum: 0, Workers: 3
[2024-08-16T20:42:38.838+0800][8.881s][debug][gc,phases      ] GC(12)   StringDedup Requests1 Weak     Min:  0.0, Avg:  0.0, Max:  0.0, Diff:  0.0, Sum:  0.0, Workers: 3
[2024-08-16T20:42:38.838+0800][8.881s][debug][gc,phases      ] GC(12)     Dead                           Min: 0, Avg:  0.0, Max: 0, Diff: 0, Sum: 0, Workers: 3
[2024-08-16T20:42:38.838+0800][8.881s][debug][gc,phases      ] GC(12)     Total                          Min: 0, Avg:  0.0, Max: 0, Diff: 0, Sum: 0, Workers: 3
[2024-08-16T20:42:38.838+0800][8.881s][debug][gc,phases      ] GC(12)   Weak JFR Old Object Samples    Min:  0.0, Avg:  0.0, Max:  0.0, Diff:  0.0, Sum:  0.0, Workers: 3
[2024-08-16T20:42:38.838+0800][8.881s][debug][gc,phases      ] GC(12)     Dead                           Min: 0, Avg:  0.0, Max: 0, Diff: 0, Sum: 0, Workers: 3
[2024-08-16T20:42:38.838+0800][8.881s][debug][gc,phases      ] GC(12)     Total                          Min: 0, Avg:  0.0, Max: 0, Diff: 0, Sum: 0, Workers: 3
[2024-08-16T20:42:38.838+0800][8.881s][debug][gc,phases      ] GC(12) Weak Processing 1.049ms
[2024-08-16T20:42:38.838+0800][8.881s][debug][gc,phases,start] GC(12) Class Unloading
[2024-08-16T20:42:38.838+0800][8.881s][debug][gc,phases,start] GC(12) ClassLoaderData
[2024-08-16T20:42:38.838+0800][8.881s][debug][gc,phases      ] GC(12) ClassLoaderData 0.022ms
[2024-08-16T20:42:38.838+0800][8.881s][debug][gc,phases,start] GC(12) Trigger cleanups
[2024-08-16T20:42:38.838+0800][8.881s][debug][gc,phases      ] GC(12) Trigger cleanups 0.024ms
[2024-08-16T20:42:38.840+0800][8.883s][debug][gc,phases      ] GC(12) Class Unloading 1.674ms
[2024-08-16T20:42:38.840+0800][8.883s][debug][gc,phases,start] GC(12) Report Object Count
[2024-08-16T20:42:38.840+0800][8.883s][debug][gc,phases      ] GC(12) Report Object Count 0.022ms
[2024-08-16T20:42:38.840+0800][8.883s][info ][gc,phases      ] GC(12) Marking Phase 5.510ms
[2024-08-16T20:42:38.840+0800][8.883s][info ][gc,phases,start] GC(12) Summary Phase
[2024-08-16T20:42:38.840+0800][8.883s][info ][gc,phases      ] GC(12) Summary Phase 0.180ms
[2024-08-16T20:42:38.840+0800][8.883s][info ][gc,phases,start] GC(12) Adjust Roots
[2024-08-16T20:42:38.841+0800][8.884s][info ][gc,phases      ] GC(12) Adjust Roots 0.755ms
[2024-08-16T20:42:38.841+0800][8.884s][info ][gc,phases,start] GC(12) Compaction Phase
[2024-08-16T20:42:39.029+0800][9.072s][info ][gc,phases      ] GC(12) Compaction Phase 188.192ms
[2024-08-16T20:42:39.029+0800][9.072s][info ][gc,phases,start] GC(12) Post Compact
[2024-08-16T20:42:39.034+0800][9.077s][info ][gc,phases      ] GC(12) Post Compact 4.804ms
[2024-08-16T20:42:39.034+0800][9.077s][debug][gc,ergo        ] GC(12) AdaptiveSizeStart: collection: 13 
[2024-08-16T20:42:39.034+0800][9.077s][debug][gc,ergo        ] GC(12) PSAdaptiveSizePolicy::compute_eden_space_size limits: desired_eden_size: 1958774176 old_eden_size: 1386217472 eden_limit: 1386217472 cur_eden: 1386217472 max_eden_size: 1386217472 avg_young_live: 10601078
[2024-08-16T20:42:39.034+0800][9.077s][debug][gc,ergo        ] GC(12) PSAdaptiveSizePolicy::compute_eden_space_size: costs minor_time: 0.057707 major_cost: 0.082007 mutator_cost: 0.860287 throughput_goal: 0.990000
[2024-08-16T20:42:39.034+0800][9.077s][debug][gc,ergo        ] GC(12) Live_space: 1309167104 free_space: 1947729920
[2024-08-16T20:42:39.034+0800][9.077s][debug][gc,ergo        ] GC(12) Old eden_size: 1386217472 desired_eden_size: 1386217472
[2024-08-16T20:42:39.034+0800][9.077s][debug][gc,ergo        ] GC(12) PSAdaptiveSizePolicy::compute_old_gen_free_space: costs minor_time: 0.057707 major_cost: 0.082007  mutator_cost: 0.860287 throughput_goal: 0.990000
[2024-08-16T20:42:39.034+0800][9.077s][debug][gc,ergo        ] GC(12) Live_space: 1582522752 free_space: 1947729920
[2024-08-16T20:42:39.034+0800][9.077s][debug][gc,ergo        ] GC(12) Old promo_size: 561512448 desired_promo_size: 693633024
[2024-08-16T20:42:39.034+0800][9.077s][debug][gc,ergo        ] GC(12) AdaptiveSizeStop: collection: 13 
[2024-08-16T20:42:39.034+0800][9.077s][info ][gc,heap        ] GC(12) PSYoungGen: 1353481K(1375744K)->0K(1375744K) Eden: 1353481K(1353728K)->0K(1353728K) From: 0K(22016K)->0K(22016K)
[2024-08-16T20:42:39.034+0800][9.077s][info ][gc,heap        ] GC(12) ParOldGen: 2047719K(2796544K)->2674417K(2796544K)
[2024-08-16T20:42:39.034+0800][9.077s][info ][gc,metaspace   ] GC(12) Metaspace: 843K(960K)->843K(960K) NonClass: 780K(832K)->780K(832K) Class: 62K(128K)->62K(128K)
[2024-08-16T20:42:39.034+0800][9.077s][info ][gc             ] GC(12) Pause Full (Ergonomics) 3321M->2611M(4074M) 199.818ms
[2024-08-16T20:42:39.034+0800][9.077s][info ][gc,cpu         ] GC(12) User=2.44s Sys=0.00s Real=0.20s
[2024-08-16T20:42:39.034+0800][9.077s][debug][gc,heap        ] GC(12) Heap after GC invocations=13 (full 6):
[2024-08-16T20:42:39.034+0800][9.078s][debug][gc,heap        ] GC(12)  PSYoungGen      total 1375744K, used 0K [0x00000007aab00000, 0x0000000800000000, 0x0000000800000000)
[2024-08-16T20:42:39.034+0800][9.078s][debug][gc,heap        ] GC(12)   eden space 1353728K, 0% used [0x00000007aab00000,0x00000007aab00000,0x00000007fd500000)
[2024-08-16T20:42:39.034+0800][9.078s][debug][gc,heap        ] GC(12)   from space 22016K, 0% used [0x00000007fea80000,0x00000007fea80000,0x0000000800000000)
[2024-08-16T20:42:39.034+0800][9.078s][debug][gc,heap        ] GC(12)   to   space 22016K, 0% used [0x00000007fd500000,0x00000007fd500000,0x00000007fea80000)
[2024-08-16T20:42:39.034+0800][9.078s][debug][gc,heap        ] GC(12)  ParOldGen       total 2796544K, used 2674417K [0x0000000700000000, 0x00000007aab00000, 0x00000007aab00000)
[2024-08-16T20:42:39.034+0800][9.078s][debug][gc,heap        ] GC(12)   object space 2796544K, 95% used [0x0000000700000000,0x00000007a33bc608,0x00000007aab00000)
[2024-08-16T20:42:39.034+0800][9.078s][debug][gc,heap        ] GC(12)  Metaspace       used 843K, committed 960K, reserved 1114112K
[2024-08-16T20:42:39.034+0800][9.078s][debug][gc,heap        ] GC(12)   class space    used 62K, committed 128K, reserved 1048576K
[2024-08-16T20:42:39.034+0800][9.078s][debug][gc,task,time   ] GC(12) VM-Thread 8877628617 8884164528 9077494963
[2024-08-16T20:42:40.708+0800][10.751s][debug][gc,phases,start] GC(13) Pre Compact
[2024-08-16T20:42:40.708+0800][10.751s][debug][gc,heap        ] GC(13) Heap before GC invocations=14 (full 7):
[2024-08-16T20:42:40.708+0800][10.751s][debug][gc,heap        ] GC(13)  PSYoungGen      total 1375744K, used 1353728K [0x00000007aab00000, 0x0000000800000000, 0x0000000800000000)
[2024-08-16T20:42:40.708+0800][10.751s][debug][gc,heap        ] GC(13)   eden space 1353728K, 100% used [0x00000007aab00000,0x00000007fd500000,0x00000007fd500000)
[2024-08-16T20:42:40.708+0800][10.751s][debug][gc,heap        ] GC(13)   from space 22016K, 0% used [0x00000007fea80000,0x00000007fea80000,0x0000000800000000)
[2024-08-16T20:42:40.708+0800][10.751s][debug][gc,heap        ] GC(13)   to   space 22016K, 0% used [0x00000007fd500000,0x00000007fd500000,0x00000007fea80000)
[2024-08-16T20:42:40.708+0800][10.751s][debug][gc,heap        ] GC(13)  ParOldGen       total 2796544K, used 2674417K [0x0000000700000000, 0x00000007aab00000, 0x00000007aab00000)
[2024-08-16T20:42:40.708+0800][10.751s][debug][gc,heap        ] GC(13)   object space 2796544K, 95% used [0x0000000700000000,0x00000007a33bc608,0x00000007aab00000)
[2024-08-16T20:42:40.708+0800][10.751s][debug][gc,heap        ] GC(13)  Metaspace       used 844K, committed 960K, reserved 1114112K
[2024-08-16T20:42:40.708+0800][10.751s][debug][gc,heap        ] GC(13)   class space    used 62K, committed 128K, reserved 1048576K
[2024-08-16T20:42:40.708+0800][10.751s][debug][gc,tlab        ] GC(13) TLAB totals: thrds: 1  refills: 11 max: 11 slow allocs: 1033 max 1033 waste:  1.6% gc: 710968B max: 710968B slow: 4254384B max: 4254384B
[2024-08-16T20:42:40.708+0800][10.751s][debug][gc,phases      ] GC(13) Pre Compact 0.217ms
[2024-08-16T20:42:40.708+0800][10.751s][info ][gc,start       ] GC(13) Pause Full (Ergonomics)
[2024-08-16T20:42:40.708+0800][10.751s][info ][gc,phases,start] GC(13) Marking Phase
[2024-08-16T20:42:40.708+0800][10.751s][debug][gc,phases,start] GC(13) Par Mark
[2024-08-16T20:42:40.710+0800][10.753s][debug][gc,phases      ] GC(13) Par Mark 1.974ms
[2024-08-16T20:42:40.710+0800][10.754s][debug][gc,phases,start] GC(13) Reference Processing
[2024-08-16T20:42:40.710+0800][10.754s][debug][gc,ref         ] GC(13) Skipped phase 1 of Reference Processing: no references
[2024-08-16T20:42:40.710+0800][10.754s][debug][gc,ref         ] GC(13) ReferenceProcessor::execute queues: 1, RefProcThreadModel::Single, marks_oops_alive: false
[2024-08-16T20:42:40.710+0800][10.754s][debug][gc,ref         ] GC(13) Skipped phase 3 of Reference Processing: no references
[2024-08-16T20:42:40.710+0800][10.754s][debug][gc,ref         ] GC(13) ReferenceProcessor::execute queues: 1, RefProcThreadModel::Single, marks_oops_alive: false
[2024-08-16T20:42:40.710+0800][10.754s][debug][gc,phases,ref  ] GC(13) Reference Processing: 0.1ms
[2024-08-16T20:42:40.710+0800][10.754s][debug][gc,phases,ref  ] GC(13)   Reconsider SoftReferences: 0.0ms
[2024-08-16T20:42:40.710+0800][10.754s][debug][gc,phases,ref  ] GC(13)     SoftRef (ms):                  skipped
[2024-08-16T20:42:40.710+0800][10.754s][debug][gc,phases,ref  ] GC(13)   Notify Soft/WeakReferences: 0.1ms
[2024-08-16T20:42:40.710+0800][10.754s][debug][gc,phases,ref  ] GC(13)     SoftRef (ms):                  Min:  0.0, Avg:  0.0, Max:  0.0, Diff:  0.0, Sum:  0.0, Workers: 13
[2024-08-16T20:42:40.710+0800][10.754s][debug][gc,phases,ref  ] GC(13)     WeakRef (ms):                  Min:  0.0, Avg:  0.0, Max:  0.0, Diff:  0.0, Sum:  0.0, Workers: 13
[2024-08-16T20:42:40.710+0800][10.754s][debug][gc,phases,ref  ] GC(13)     FinalRef (ms):                 Min:  0.0, Avg:  0.0, Max:  0.0, Diff:  0.0, Sum:  0.0, Workers: 13
[2024-08-16T20:42:40.710+0800][10.754s][debug][gc,phases,ref  ] GC(13)     Total (ms):                    Min:  0.0, Avg:  0.0, Max:  0.0, Diff:  0.0, Sum:  0.0, Workers: 13
[2024-08-16T20:42:40.710+0800][10.754s][debug][gc,phases,ref  ] GC(13)   Notify and keep alive finalizable: 0.0ms
[2024-08-16T20:42:40.710+0800][10.754s][debug][gc,phases,ref  ] GC(13)     FinalRef (ms):                 skipped
[2024-08-16T20:42:40.710+0800][10.754s][debug][gc,phases,ref  ] GC(13)   Notify PhantomReferences: 0.0ms
[2024-08-16T20:42:40.710+0800][10.754s][debug][gc,phases,ref  ] GC(13)     PhantomRef (ms):               Min:  0.0, Avg:  0.0, Max:  0.0, Diff:  0.0, Sum:  0.0, Workers: 13
[2024-08-16T20:42:40.710+0800][10.754s][debug][gc,phases,ref  ] GC(13)   SoftReference:
[2024-08-16T20:42:40.710+0800][10.754s][debug][gc,phases,ref  ] GC(13)     Discovered: 0
[2024-08-16T20:42:40.710+0800][10.754s][debug][gc,phases,ref  ] GC(13)     Cleared: 0
[2024-08-16T20:42:40.710+0800][10.754s][debug][gc,phases,ref  ] GC(13)   WeakReference:
[2024-08-16T20:42:40.710+0800][10.754s][debug][gc,phases,ref  ] GC(13)     Discovered: 17
[2024-08-16T20:42:40.710+0800][10.754s][debug][gc,phases,ref  ] GC(13)     Cleared: 14
[2024-08-16T20:42:40.710+0800][10.754s][debug][gc,phases,ref  ] GC(13)   FinalReference:
[2024-08-16T20:42:40.710+0800][10.754s][debug][gc,phases,ref  ] GC(13)     Discovered: 0
[2024-08-16T20:42:40.710+0800][10.754s][debug][gc,phases,ref  ] GC(13)     Cleared: 0
[2024-08-16T20:42:40.710+0800][10.754s][debug][gc,phases,ref  ] GC(13)   PhantomReference:
[2024-08-16T20:42:40.710+0800][10.754s][debug][gc,phases,ref  ] GC(13)     Discovered: 2
[2024-08-16T20:42:40.710+0800][10.754s][debug][gc,phases,ref  ] GC(13)     Cleared: 1
[2024-08-16T20:42:40.710+0800][10.754s][debug][gc,phases      ] GC(13) Reference Processing 0.266ms
[2024-08-16T20:42:40.710+0800][10.754s][debug][gc,phases,start] GC(13) Weak Processing
[2024-08-16T20:42:40.710+0800][10.754s][debug][gc,phases      ] GC(13)   VM Weak                        Min:  0.0, Avg:  0.0, Max:  0.0, Diff:  0.0, Sum:  0.0, Workers: 3
[2024-08-16T20:42:40.710+0800][10.754s][debug][gc,phases      ] GC(13)     Dead                           Min: 0, Avg:  0.0, Max: 0, Diff: 0, Sum: 0, Workers: 3
[2024-08-16T20:42:40.710+0800][10.754s][debug][gc,phases      ] GC(13)     Total                          Min: 0, Avg:  7.7, Max: 23, Diff: 23, Sum: 23, Workers: 3
[2024-08-16T20:42:40.710+0800][10.754s][debug][gc,phases      ] GC(13)   ObjectSynchronizer Weak        Min:  0.0, Avg:  0.0, Max:  0.0, Diff:  0.0, Sum:  0.0, Workers: 3
[2024-08-16T20:42:40.710+0800][10.754s][debug][gc,phases      ] GC(13)     Dead                           Min: 0, Avg:  0.0, Max: 0, Diff: 0, Sum: 0, Workers: 3
[2024-08-16T20:42:40.710+0800][10.754s][debug][gc,phases      ] GC(13)     Total                          Min: 0, Avg:  1.0, Max: 3, Diff: 3, Sum: 3, Workers: 3
[2024-08-16T20:42:40.710+0800][10.754s][debug][gc,phases      ] GC(13)   JVMTI Tag Weak OopStorage      Min:  0.0, Avg:  0.0, Max:  0.0, Diff:  0.0, Sum:  0.0, Workers: 3
[2024-08-16T20:42:40.710+0800][10.754s][debug][gc,phases      ] GC(13)     Dead                           Min: 0, Avg:  0.0, Max: 0, Diff: 0, Sum: 0, Workers: 3
[2024-08-16T20:42:40.710+0800][10.754s][debug][gc,phases      ] GC(13)     Total                          Min: 0, Avg:  0.0, Max: 0, Diff: 0, Sum: 0, Workers: 3
[2024-08-16T20:42:40.710+0800][10.754s][debug][gc,phases      ] GC(13)   StringTable Weak               Min:  0.0, Avg:  0.0, Max:  0.0, Diff:  0.0, Sum:  0.0, Workers: 3
[2024-08-16T20:42:40.710+0800][10.754s][debug][gc,phases      ] GC(13)     Dead                           Min: 0, Avg:  3.7, Max: 11, Diff: 11, Sum: 11, Workers: 3
[2024-08-16T20:42:40.710+0800][10.754s][debug][gc,phases      ] GC(13)     Total                          Min: 0, Avg: 675.3, Max: 1142, Diff: 1142, Sum: 2026, Workers: 3
[2024-08-16T20:42:40.710+0800][10.754s][debug][gc,phases      ] GC(13)   ResolvedMethodTable Weak       Min:  0.0, Avg:  0.0, Max:  0.0, Diff:  0.0, Sum:  0.0, Workers: 3
[2024-08-16T20:42:40.710+0800][10.754s][debug][gc,phases      ] GC(13)     Dead                           Min: 0, Avg:  0.0, Max: 0, Diff: 0, Sum: 0, Workers: 3
[2024-08-16T20:42:40.710+0800][10.754s][debug][gc,phases      ] GC(13)     Total                          Min: 0, Avg: 62.3, Max: 123, Diff: 123, Sum: 187, Workers: 3
[2024-08-16T20:42:40.710+0800][10.754s][debug][gc,phases      ] GC(13)   JNI Weak                       Min:  0.0, Avg:  0.0, Max:  0.0, Diff:  0.0, Sum:  0.0, Workers: 3
[2024-08-16T20:42:40.710+0800][10.754s][debug][gc,phases      ] GC(13)     Dead                           Min: 0, Avg:  0.0, Max: 0, Diff: 0, Sum: 0, Workers: 3
[2024-08-16T20:42:40.710+0800][10.754s][debug][gc,phases      ] GC(13)     Total                          Min: 0, Avg:  0.0, Max: 0, Diff: 0, Sum: 0, Workers: 3
[2024-08-16T20:42:40.710+0800][10.754s][debug][gc,phases      ] GC(13)   StringDedup Table Weak         Min:  0.0, Avg:  0.0, Max:  0.0, Diff:  0.0, Sum:  0.0, Workers: 3
[2024-08-16T20:42:40.710+0800][10.754s][debug][gc,phases      ] GC(13)     Dead                           Min: 0, Avg:  0.0, Max: 0, Diff: 0, Sum: 0, Workers: 3
[2024-08-16T20:42:40.711+0800][10.754s][debug][gc,phases      ] GC(13)     Total                          Min: 0, Avg:  0.0, Max: 0, Diff: 0, Sum: 0, Workers: 3
[2024-08-16T20:42:40.711+0800][10.754s][debug][gc,phases      ] GC(13)   StringDedup Requests0 Weak     Min:  0.0, Avg:  0.0, Max:  0.0, Diff:  0.0, Sum:  0.0, Workers: 3
[2024-08-16T20:42:40.711+0800][10.754s][debug][gc,phases      ] GC(13)     Dead                           Min: 0, Avg:  0.0, Max: 0, Diff: 0, Sum: 0, Workers: 3
[2024-08-16T20:42:40.711+0800][10.754s][debug][gc,phases      ] GC(13)     Total                          Min: 0, Avg:  0.0, Max: 0, Diff: 0, Sum: 0, Workers: 3
[2024-08-16T20:42:40.711+0800][10.754s][debug][gc,phases      ] GC(13)   StringDedup Requests1 Weak     Min:  0.0, Avg:  0.0, Max:  0.0, Diff:  0.0, Sum:  0.0, Workers: 3
[2024-08-16T20:42:40.711+0800][10.754s][debug][gc,phases      ] GC(13)     Dead                           Min: 0, Avg:  0.0, Max: 0, Diff: 0, Sum: 0, Workers: 3
[2024-08-16T20:42:40.711+0800][10.754s][debug][gc,phases      ] GC(13)     Total                          Min: 0, Avg:  0.0, Max: 0, Diff: 0, Sum: 0, Workers: 3
[2024-08-16T20:42:40.711+0800][10.754s][debug][gc,phases      ] GC(13)   Weak JFR Old Object Samples    Min:  0.0, Avg:  0.0, Max:  0.0, Diff:  0.0, Sum:  0.0, Workers: 3
[2024-08-16T20:42:40.711+0800][10.754s][debug][gc,phases      ] GC(13)     Dead                           Min: 0, Avg:  0.0, Max: 0, Diff: 0, Sum: 0, Workers: 3
[2024-08-16T20:42:40.711+0800][10.754s][debug][gc,phases      ] GC(13)     Total                          Min: 0, Avg:  0.0, Max: 0, Diff: 0, Sum: 0, Workers: 3
[2024-08-16T20:42:40.711+0800][10.754s][debug][gc,phases      ] GC(13) Weak Processing 0.297ms
[2024-08-16T20:42:40.711+0800][10.754s][debug][gc,phases,start] GC(13) Class Unloading
[2024-08-16T20:42:40.711+0800][10.754s][debug][gc,phases,start] GC(13) ClassLoaderData
[2024-08-16T20:42:40.711+0800][10.754s][debug][gc,phases      ] GC(13) ClassLoaderData 0.007ms
[2024-08-16T20:42:40.711+0800][10.754s][debug][gc,phases,start] GC(13) Trigger cleanups
[2024-08-16T20:42:40.711+0800][10.754s][debug][gc,phases      ] GC(13) Trigger cleanups 0.004ms
[2024-08-16T20:42:40.711+0800][10.754s][debug][gc,phases      ] GC(13) Class Unloading 0.352ms
[2024-08-16T20:42:40.711+0800][10.754s][debug][gc,phases,start] GC(13) Report Object Count
[2024-08-16T20:42:40.711+0800][10.754s][debug][gc,phases      ] GC(13) Report Object Count 0.004ms
[2024-08-16T20:42:40.711+0800][10.754s][info ][gc,phases      ] GC(13) Marking Phase 2.978ms
[2024-08-16T20:42:40.711+0800][10.754s][info ][gc,phases,start] GC(13) Summary Phase
[2024-08-16T20:42:40.711+0800][10.755s][info ][gc,phases      ] GC(13) Summary Phase 0.040ms
[2024-08-16T20:42:40.711+0800][10.755s][info ][gc,phases,start] GC(13) Adjust Roots
[2024-08-16T20:42:40.711+0800][10.755s][info ][gc,phases      ] GC(13) Adjust Roots 0.452ms
[2024-08-16T20:42:40.711+0800][10.755s][info ][gc,phases,start] GC(13) Compaction Phase
[2024-08-16T20:42:40.949+0800][10.992s][info ][gc,phases      ] GC(13) Compaction Phase 237.236ms
[2024-08-16T20:42:40.949+0800][10.992s][info ][gc,phases,start] GC(13) Post Compact
[2024-08-16T20:42:40.954+0800][10.997s][info ][gc,phases      ] GC(13) Post Compact 4.968ms
[2024-08-16T20:42:40.954+0800][10.997s][debug][gc,ergo        ] GC(13) AdaptiveSizeStart: collection: 14 
[2024-08-16T20:42:40.954+0800][10.997s][debug][gc,ergo        ] GC(13) PSAdaptiveSizePolicy::compute_eden_space_size limits: desired_eden_size: 1915181186 old_eden_size: 1386217472 eden_limit: 1386217472 cur_eden: 1386217472 max_eden_size: 1386217472 avg_young_live: 66479520
[2024-08-16T20:42:40.954+0800][10.997s][debug][gc,ergo        ] GC(13) PSAdaptiveSizePolicy::compute_eden_space_size: costs minor_time: 0.057707 major_cost: 0.093521 mutator_cost: 0.848773 throughput_goal: 0.990000
[2024-08-16T20:42:40.954+0800][10.997s][debug][gc,ergo        ] GC(13) Live_space: 1638401152 free_space: 2079850496
[2024-08-16T20:42:40.954+0800][10.997s][debug][gc,ergo        ] GC(13) Old eden_size: 1386217472 desired_eden_size: 1386217472
[2024-08-16T20:42:40.954+0800][10.997s][debug][gc,ergo        ] GC(13) PSAdaptiveSizePolicy::compute_old_gen_free_space: costs minor_time: 0.057707 major_cost: 0.093521  mutator_cost: 0.848773 throughput_goal: 0.990000
[2024-08-16T20:42:40.954+0800][10.997s][debug][gc,ergo        ] GC(13) Live_space: 1856787584 free_space: 2079850496
[2024-08-16T20:42:40.954+0800][10.997s][debug][gc,ergo        ] GC(13) Old promo_size: 693633024 desired_promo_size: 822607872
[2024-08-16T20:42:40.954+0800][10.997s][debug][gc,ergo        ] GC(13) AdaptiveSizeStop: collection: 14 
[2024-08-16T20:42:40.954+0800][10.997s][info ][gc,heap        ] GC(13) PSYoungGen: 1353728K(1375744K)->556040K(1375744K) Eden: 1353728K(1353728K)->556040K(1353728K) From: 0K(22016K)->0K(22016K)
[2024-08-16T20:42:40.954+0800][10.997s][info ][gc,heap        ] GC(13) ParOldGen: 2674417K(2796544K)->2796278K(2796544K)
[2024-08-16T20:42:40.954+0800][10.997s][info ][gc,metaspace   ] GC(13) Metaspace: 844K(960K)->844K(960K) NonClass: 781K(832K)->781K(832K) Class: 62K(128K)->62K(128K)
[2024-08-16T20:42:40.954+0800][10.997s][info ][gc             ] GC(13) Pause Full (Ergonomics) 3933M->3273M(4074M) 246.031ms
[2024-08-16T20:42:40.954+0800][10.998s][info ][gc,cpu         ] GC(13) User=3.07s Sys=0.00s Real=0.25s
[2024-08-16T20:42:40.954+0800][10.998s][debug][gc,heap        ] GC(13) Heap after GC invocations=14 (full 7):
[2024-08-16T20:42:40.954+0800][10.998s][debug][gc,heap        ] GC(13)  PSYoungGen      total 1375744K, used 556040K [0x00000007aab00000, 0x0000000800000000, 0x0000000800000000)
[2024-08-16T20:42:40.954+0800][10.998s][debug][gc,heap        ] GC(13)   eden space 1353728K, 41% used [0x00000007aab00000,0x00000007cca021f0,0x00000007fd500000)
[2024-08-16T20:42:40.954+0800][10.998s][debug][gc,heap        ] GC(13)   from space 22016K, 0% used [0x00000007fd500000,0x00000007fd500000,0x00000007fea80000)
[2024-08-16T20:42:40.954+0800][10.998s][debug][gc,heap        ] GC(13)   to   space 22016K, 0% used [0x00000007fea80000,0x00000007fea80000,0x0000000800000000)
[2024-08-16T20:42:40.954+0800][10.998s][debug][gc,heap        ] GC(13)  ParOldGen       total 2796544K, used 2796278K [0x0000000700000000, 0x00000007aab00000, 0x00000007aab00000)
[2024-08-16T20:42:40.954+0800][10.998s][debug][gc,heap        ] GC(13)   object space 2796544K, 99% used [0x0000000700000000,0x00000007aaabdb70,0x00000007aab00000)
[2024-08-16T20:42:40.954+0800][10.998s][debug][gc,heap        ] GC(13)  Metaspace       used 844K, committed 960K, reserved 1114112K
[2024-08-16T20:42:40.954+0800][10.998s][debug][gc,heap        ] GC(13)   class space    used 62K, committed 128K, reserved 1048576K
[2024-08-16T20:42:40.954+0800][10.998s][debug][gc,task,time   ] GC(13) VM-Thread 10751479015 10754972663 10997559504
[2024-08-16T20:42:41.939+0800][11.983s][debug][gc,phases,start] GC(14) Pre Compact
[2024-08-16T20:42:41.939+0800][11.983s][debug][gc,heap        ] GC(14) Heap before GC invocations=15 (full 8):
[2024-08-16T20:42:41.939+0800][11.983s][debug][gc,heap        ] GC(14)  PSYoungGen      total 1375744K, used 1353253K [0x00000007aab00000, 0x0000000800000000, 0x0000000800000000)
[2024-08-16T20:42:41.939+0800][11.983s][debug][gc,heap        ] GC(14)   eden space 1353728K, 99% used [0x00000007aab00000,0x00000007fd489658,0x00000007fd500000)
[2024-08-16T20:42:41.939+0800][11.983s][debug][gc,heap        ] GC(14)   from space 22016K, 0% used [0x00000007fd500000,0x00000007fd500000,0x00000007fea80000)
[2024-08-16T20:42:41.939+0800][11.983s][debug][gc,heap        ] GC(14)   to   space 22016K, 0% used [0x00000007fea80000,0x00000007fea80000,0x0000000800000000)
[2024-08-16T20:42:41.939+0800][11.983s][debug][gc,heap        ] GC(14)  ParOldGen       total 2796544K, used 2796278K [0x0000000700000000, 0x00000007aab00000, 0x00000007aab00000)
[2024-08-16T20:42:41.939+0800][11.983s][debug][gc,heap        ] GC(14)   object space 2796544K, 99% used [0x0000000700000000,0x00000007aaabdb70,0x00000007aab00000)
[2024-08-16T20:42:41.939+0800][11.983s][debug][gc,heap        ] GC(14)  Metaspace       used 844K, committed 960K, reserved 1114112K
[2024-08-16T20:42:41.939+0800][11.983s][debug][gc,heap        ] GC(14)   class space    used 62K, committed 128K, reserved 1048576K
[2024-08-16T20:42:41.939+0800][11.983s][debug][gc,tlab        ] GC(14) TLAB totals: thrds: 1  refills: 5 max: 5 slow allocs: 644 max 644 waste:  1.8% gc: 835976B max: 835976B slow: 1726536B max: 1726536B
[2024-08-16T20:42:41.939+0800][11.983s][debug][gc,phases      ] GC(14) Pre Compact 0.161ms
[2024-08-16T20:42:41.939+0800][11.983s][info ][gc,start       ] GC(14) Pause Full (Ergonomics)
[2024-08-16T20:42:41.939+0800][11.983s][info ][gc,phases,start] GC(14) Marking Phase
[2024-08-16T20:42:41.939+0800][11.983s][debug][gc,phases,start] GC(14) Par Mark
[2024-08-16T20:42:41.941+0800][11.985s][debug][gc,phases      ] GC(14) Par Mark 1.967ms
[2024-08-16T20:42:41.941+0800][11.985s][debug][gc,phases,start] GC(14) Reference Processing
[2024-08-16T20:42:41.941+0800][11.985s][debug][gc,ref         ] GC(14) Skipped phase 1 of Reference Processing: no references
[2024-08-16T20:42:41.941+0800][11.985s][debug][gc,ref         ] GC(14) ReferenceProcessor::execute queues: 1, RefProcThreadModel::Single, marks_oops_alive: false
[2024-08-16T20:42:41.941+0800][11.985s][debug][gc,ref         ] GC(14) Skipped phase 3 of Reference Processing: no references
[2024-08-16T20:42:41.941+0800][11.985s][debug][gc,ref         ] GC(14) ReferenceProcessor::execute queues: 1, RefProcThreadModel::Single, marks_oops_alive: false
[2024-08-16T20:42:41.941+0800][11.985s][debug][gc,phases,ref  ] GC(14) Reference Processing: 0.1ms
[2024-08-16T20:42:41.941+0800][11.985s][debug][gc,phases,ref  ] GC(14)   Reconsider SoftReferences: 0.0ms
[2024-08-16T20:42:41.941+0800][11.985s][debug][gc,phases,ref  ] GC(14)     SoftRef (ms):                  skipped
[2024-08-16T20:42:41.941+0800][11.985s][debug][gc,phases,ref  ] GC(14)   Notify Soft/WeakReferences: 0.1ms
[2024-08-16T20:42:41.941+0800][11.985s][debug][gc,phases,ref  ] GC(14)     SoftRef (ms):                  Min:  0.0, Avg:  0.0, Max:  0.0, Diff:  0.0, Sum:  0.0, Workers: 13
[2024-08-16T20:42:41.941+0800][11.985s][debug][gc,phases,ref  ] GC(14)     WeakRef (ms):                  Min:  0.0, Avg:  0.0, Max:  0.0, Diff:  0.0, Sum:  0.0, Workers: 13
[2024-08-16T20:42:41.941+0800][11.985s][debug][gc,phases,ref  ] GC(14)     FinalRef (ms):                 Min:  0.0, Avg:  0.0, Max:  0.0, Diff:  0.0, Sum:  0.0, Workers: 13
[2024-08-16T20:42:41.941+0800][11.985s][debug][gc,phases,ref  ] GC(14)     Total (ms):                    Min:  0.0, Avg:  0.0, Max:  0.0, Diff:  0.0, Sum:  0.0, Workers: 13
[2024-08-16T20:42:41.941+0800][11.985s][debug][gc,phases,ref  ] GC(14)   Notify and keep alive finalizable: 0.0ms
[2024-08-16T20:42:41.941+0800][11.985s][debug][gc,phases,ref  ] GC(14)     FinalRef (ms):                 skipped
[2024-08-16T20:42:41.941+0800][11.985s][debug][gc,phases,ref  ] GC(14)   Notify PhantomReferences: 0.0ms
[2024-08-16T20:42:41.941+0800][11.985s][debug][gc,phases,ref  ] GC(14)     PhantomRef (ms):               Min:  0.0, Avg:  0.0, Max:  0.0, Diff:  0.0, Sum:  0.0, Workers: 13
[2024-08-16T20:42:41.941+0800][11.985s][debug][gc,phases,ref  ] GC(14)   SoftReference:
[2024-08-16T20:42:41.941+0800][11.985s][debug][gc,phases,ref  ] GC(14)     Discovered: 0
[2024-08-16T20:42:41.941+0800][11.985s][debug][gc,phases,ref  ] GC(14)     Cleared: 0
[2024-08-16T20:42:41.941+0800][11.985s][debug][gc,phases,ref  ] GC(14)   WeakReference:
[2024-08-16T20:42:41.942+0800][11.985s][debug][gc,phases,ref  ] GC(14)     Discovered: 44
[2024-08-16T20:42:41.942+0800][11.985s][debug][gc,phases,ref  ] GC(14)     Cleared: 44
[2024-08-16T20:42:41.942+0800][11.985s][debug][gc,phases,ref  ] GC(14)   FinalReference:
[2024-08-16T20:42:41.942+0800][11.985s][debug][gc,phases,ref  ] GC(14)     Discovered: 0
[2024-08-16T20:42:41.942+0800][11.985s][debug][gc,phases,ref  ] GC(14)     Cleared: 0
[2024-08-16T20:42:41.942+0800][11.985s][debug][gc,phases,ref  ] GC(14)   PhantomReference:
[2024-08-16T20:42:41.942+0800][11.985s][debug][gc,phases,ref  ] GC(14)     Discovered: 1
[2024-08-16T20:42:41.942+0800][11.985s][debug][gc,phases,ref  ] GC(14)     Cleared: 1
[2024-08-16T20:42:41.942+0800][11.985s][debug][gc,phases      ] GC(14) Reference Processing 0.182ms
[2024-08-16T20:42:41.942+0800][11.985s][debug][gc,phases,start] GC(14) Weak Processing
[2024-08-16T20:42:41.942+0800][11.985s][debug][gc,phases      ] GC(14)   VM Weak                        Min:  0.0, Avg:  0.0, Max:  0.0, Diff:  0.0, Sum:  0.0, Workers: 3
[2024-08-16T20:42:41.942+0800][11.985s][debug][gc,phases      ] GC(14)     Dead                           Min: 0, Avg:  0.0, Max: 0, Diff: 0, Sum: 0, Workers: 3
[2024-08-16T20:42:41.942+0800][11.985s][debug][gc,phases      ] GC(14)     Total                          Min: 0, Avg:  7.7, Max: 23, Diff: 23, Sum: 23, Workers: 3
[2024-08-16T20:42:41.942+0800][11.985s][debug][gc,phases      ] GC(14)   ObjectSynchronizer Weak        Min:  0.0, Avg:  0.0, Max:  0.0, Diff:  0.0, Sum:  0.0, Workers: 3
[2024-08-16T20:42:41.942+0800][11.985s][debug][gc,phases      ] GC(14)     Dead                           Min: 0, Avg:  0.0, Max: 0, Diff: 0, Sum: 0, Workers: 3
[2024-08-16T20:42:41.942+0800][11.985s][debug][gc,phases      ] GC(14)     Total                          Min: 0, Avg:  1.0, Max: 3, Diff: 3, Sum: 3, Workers: 3
[2024-08-16T20:42:41.942+0800][11.985s][debug][gc,phases      ] GC(14)   JVMTI Tag Weak OopStorage      Min:  0.0, Avg:  0.0, Max:  0.0, Diff:  0.0, Sum:  0.0, Workers: 3
[2024-08-16T20:42:41.942+0800][11.985s][debug][gc,phases      ] GC(14)     Dead                           Min: 0, Avg:  0.0, Max: 0, Diff: 0, Sum: 0, Workers: 3
[2024-08-16T20:42:41.942+0800][11.985s][debug][gc,phases      ] GC(14)     Total                          Min: 0, Avg:  0.0, Max: 0, Diff: 0, Sum: 0, Workers: 3
[2024-08-16T20:42:41.942+0800][11.985s][debug][gc,phases      ] GC(14)   StringTable Weak               Min:  0.0, Avg:  0.0, Max:  0.0, Diff:  0.0, Sum:  0.0, Workers: 3
[2024-08-16T20:42:41.942+0800][11.985s][debug][gc,phases      ] GC(14)     Dead                           Min: 0, Avg:  0.7, Max: 2, Diff: 2, Sum: 2, Workers: 3
[2024-08-16T20:42:41.942+0800][11.985s][debug][gc,phases      ] GC(14)     Total                          Min: 0, Avg: 675.3, Max: 1526, Diff: 1526, Sum: 2026, Workers: 3
[2024-08-16T20:42:41.942+0800][11.985s][debug][gc,phases      ] GC(14)   ResolvedMethodTable Weak       Min:  0.0, Avg:  0.0, Max:  0.0, Diff:  0.0, Sum:  0.0, Workers: 3
[2024-08-16T20:42:41.942+0800][11.985s][debug][gc,phases      ] GC(14)     Dead                           Min: 0, Avg:  0.0, Max: 0, Diff: 0, Sum: 0, Workers: 3
[2024-08-16T20:42:41.942+0800][11.985s][debug][gc,phases      ] GC(14)     Total                          Min: 0, Avg: 62.3, Max: 128, Diff: 128, Sum: 187, Workers: 3
[2024-08-16T20:42:41.942+0800][11.985s][debug][gc,phases      ] GC(14)   JNI Weak                       Min:  0.0, Avg:  0.0, Max:  0.0, Diff:  0.0, Sum:  0.0, Workers: 3
[2024-08-16T20:42:41.942+0800][11.985s][debug][gc,phases      ] GC(14)     Dead                           Min: 0, Avg:  0.0, Max: 0, Diff: 0, Sum: 0, Workers: 3
[2024-08-16T20:42:41.942+0800][11.985s][debug][gc,phases      ] GC(14)     Total                          Min: 0, Avg:  0.0, Max: 0, Diff: 0, Sum: 0, Workers: 3
[2024-08-16T20:42:41.942+0800][11.985s][debug][gc,phases      ] GC(14)   StringDedup Table Weak         Min:  0.0, Avg:  0.0, Max:  0.0, Diff:  0.0, Sum:  0.0, Workers: 3
[2024-08-16T20:42:41.942+0800][11.985s][debug][gc,phases      ] GC(14)     Dead                           Min: 0, Avg:  0.0, Max: 0, Diff: 0, Sum: 0, Workers: 3
[2024-08-16T20:42:41.942+0800][11.985s][debug][gc,phases      ] GC(14)     Total                          Min: 0, Avg:  0.0, Max: 0, Diff: 0, Sum: 0, Workers: 3
[2024-08-16T20:42:41.942+0800][11.985s][debug][gc,phases      ] GC(14)   StringDedup Requests0 Weak     Min:  0.0, Avg:  0.0, Max:  0.0, Diff:  0.0, Sum:  0.0, Workers: 3
[2024-08-16T20:42:41.942+0800][11.985s][debug][gc,phases      ] GC(14)     Dead                           Min: 0, Avg:  0.0, Max: 0, Diff: 0, Sum: 0, Workers: 3
[2024-08-16T20:42:41.942+0800][11.985s][debug][gc,phases      ] GC(14)     Total                          Min: 0, Avg:  0.0, Max: 0, Diff: 0, Sum: 0, Workers: 3
[2024-08-16T20:42:41.942+0800][11.985s][debug][gc,phases      ] GC(14)   StringDedup Requests1 Weak     Min:  0.0, Avg:  0.0, Max:  0.0, Diff:  0.0, Sum:  0.0, Workers: 3
[2024-08-16T20:42:41.942+0800][11.985s][debug][gc,phases      ] GC(14)     Dead                           Min: 0, Avg:  0.0, Max: 0, Diff: 0, Sum: 0, Workers: 3
[2024-08-16T20:42:41.942+0800][11.985s][debug][gc,phases      ] GC(14)     Total                          Min: 0, Avg:  0.0, Max: 0, Diff: 0, Sum: 0, Workers: 3
[2024-08-16T20:42:41.942+0800][11.985s][debug][gc,phases      ] GC(14)   Weak JFR Old Object Samples    Min:  0.0, Avg:  0.0, Max:  0.0, Diff:  0.0, Sum:  0.0, Workers: 3
[2024-08-16T20:42:41.942+0800][11.985s][debug][gc,phases      ] GC(14)     Dead                           Min: 0, Avg:  0.0, Max: 0, Diff: 0, Sum: 0, Workers: 3
[2024-08-16T20:42:41.942+0800][11.985s][debug][gc,phases      ] GC(14)     Total                          Min: 0, Avg:  0.0, Max: 0, Diff: 0, Sum: 0, Workers: 3
[2024-08-16T20:42:41.942+0800][11.985s][debug][gc,phases      ] GC(14) Weak Processing 0.243ms
[2024-08-16T20:42:41.942+0800][11.985s][debug][gc,phases,start] GC(14) Class Unloading
[2024-08-16T20:42:41.942+0800][11.985s][debug][gc,phases,start] GC(14) ClassLoaderData
[2024-08-16T20:42:41.942+0800][11.985s][debug][gc,phases      ] GC(14) ClassLoaderData 0.006ms
[2024-08-16T20:42:41.942+0800][11.985s][debug][gc,phases,start] GC(14) Trigger cleanups
[2024-08-16T20:42:41.942+0800][11.985s][debug][gc,phases      ] GC(14) Trigger cleanups 0.003ms
[2024-08-16T20:42:41.942+0800][11.986s][debug][gc,phases      ] GC(14) Class Unloading 0.338ms
[2024-08-16T20:42:41.942+0800][11.986s][debug][gc,phases,start] GC(14) Report Object Count
[2024-08-16T20:42:41.942+0800][11.986s][debug][gc,phases      ] GC(14) Report Object Count 0.004ms
[2024-08-16T20:42:41.942+0800][11.986s][info ][gc,phases      ] GC(14) Marking Phase 2.795ms
[2024-08-16T20:42:41.942+0800][11.986s][info ][gc,phases,start] GC(14) Summary Phase
[2024-08-16T20:42:41.942+0800][11.986s][info ][gc,phases      ] GC(14) Summary Phase 0.044ms
[2024-08-16T20:42:41.942+0800][11.986s][info ][gc,phases,start] GC(14) Adjust Roots
[2024-08-16T20:42:41.943+0800][11.986s][info ][gc,phases      ] GC(14) Adjust Roots 0.452ms
[2024-08-16T20:42:41.943+0800][11.986s][info ][gc,phases,start] GC(14) Compaction Phase
[2024-08-16T20:42:42.199+0800][12.243s][info ][gc,phases      ] GC(14) Compaction Phase 256.707ms
[2024-08-16T20:42:42.199+0800][12.243s][info ][gc,phases,start] GC(14) Post Compact
[2024-08-16T20:42:42.205+0800][12.248s][info ][gc,phases      ] GC(14) Post Compact 5.133ms
[2024-08-16T20:42:42.205+0800][12.248s][debug][gc,ergo        ] GC(14) AdaptiveSizeStart: collection: 15 
[2024-08-16T20:42:42.205+0800][12.248s][debug][gc,ergo        ] GC(14) PSAdaptiveSizePolicy::compute_eden_space_size limits: desired_eden_size: 1828473333 old_eden_size: 1386217472 eden_limit: 1386217472 cur_eden: 1386217472 max_eden_size: 1386217472 avg_young_live: 161125552
[2024-08-16T20:42:42.205+0800][12.248s][debug][gc,ergo        ] GC(14) PSAdaptiveSizePolicy::compute_eden_space_size: costs minor_time: 0.057707 major_cost: 0.123170 mutator_cost: 0.819123 throughput_goal: 0.990000
[2024-08-16T20:42:42.205+0800][12.248s][debug][gc,ergo        ] GC(14) Live_space: 1951433728 free_space: 2208825344
[2024-08-16T20:42:42.205+0800][12.248s][debug][gc,ergo        ] GC(14) Old eden_size: 1386217472 desired_eden_size: 1386217472
[2024-08-16T20:42:42.205+0800][12.248s][debug][gc,ergo        ] GC(14) PSAdaptiveSizePolicy::compute_old_gen_free_space: costs minor_time: 0.057707 major_cost: 0.123170  mutator_cost: 0.819123 throughput_goal: 0.990000
[2024-08-16T20:42:42.205+0800][12.248s][debug][gc,ergo        ] GC(14) Live_space: 2112415744 free_space: 2208825344
[2024-08-16T20:42:42.205+0800][12.248s][debug][gc,ergo        ] GC(14) Old promo_size: 822607872 desired_promo_size: 990904320
[2024-08-16T20:42:42.205+0800][12.248s][debug][gc,ergo        ] GC(14) AdaptiveSizeStop: collection: 15 
[2024-08-16T20:42:42.205+0800][12.248s][info ][gc,heap        ] GC(14) PSYoungGen: 1353253K(1375744K)->989199K(1375744K) Eden: 1353253K(1353728K)->989199K(1353728K) From: 0K(22016K)->0K(22016K)
[2024-08-16T20:42:42.205+0800][12.248s][info ][gc,heap        ] GC(14) ParOldGen: 2796278K(2796544K)->2796278K(2796544K)
[2024-08-16T20:42:42.205+0800][12.248s][info ][gc,metaspace   ] GC(14) Metaspace: 844K(960K)->844K(960K) NonClass: 781K(832K)->781K(832K) Class: 62K(128K)->62K(128K)
[2024-08-16T20:42:42.205+0800][12.248s][info ][gc             ] GC(14) Pause Full (Ergonomics) 4052M->3696M(4074M) 265.418ms
[2024-08-16T20:42:42.205+0800][12.248s][info ][gc,cpu         ] GC(14) User=3.33s Sys=0.00s Real=0.27s
[2024-08-16T20:42:42.205+0800][12.248s][debug][gc,heap        ] GC(14) Heap after GC invocations=15 (full 8):
[2024-08-16T20:42:42.205+0800][12.248s][debug][gc,heap        ] GC(14)  PSYoungGen      total 1375744K, used 989199K [0x00000007aab00000, 0x0000000800000000, 0x0000000800000000)
[2024-08-16T20:42:42.205+0800][12.248s][debug][gc,heap        ] GC(14)   eden space 1353728K, 73% used [0x00000007aab00000,0x00000007e7103c60,0x00000007fd500000)
[2024-08-16T20:42:42.205+0800][12.248s][debug][gc,heap        ] GC(14)   from space 22016K, 0% used [0x00000007fea80000,0x00000007fea80000,0x0000000800000000)
[2024-08-16T20:42:42.205+0800][12.248s][debug][gc,heap        ] GC(14)   to   space 22016K, 0% used [0x00000007fd500000,0x00000007fd500000,0x00000007fea80000)
[2024-08-16T20:42:42.205+0800][12.248s][debug][gc,heap        ] GC(14)  ParOldGen       total 2796544K, used 2796278K [0x0000000700000000, 0x00000007aab00000, 0x00000007aab00000)
[2024-08-16T20:42:42.205+0800][12.248s][debug][gc,heap        ] GC(14)   object space 2796544K, 99% used [0x0000000700000000,0x00000007aaabdb20,0x00000007aab00000)
[2024-08-16T20:42:42.205+0800][12.248s][debug][gc,heap        ] GC(14)  Metaspace       used 844K, committed 960K, reserved 1114112K
[2024-08-16T20:42:42.205+0800][12.248s][debug][gc,heap        ] GC(14)   class space    used 62K, committed 128K, reserved 1048576K
[2024-08-16T20:42:42.205+0800][12.248s][debug][gc,task,time   ] GC(14) VM-Thread 11982847656 11986167633 12248293996
[2024-08-16T20:42:42.642+0800][12.686s][debug][gc,phases,start] GC(15) Pre Compact
[2024-08-16T20:42:42.642+0800][12.686s][debug][gc,heap        ] GC(15) Heap before GC invocations=16 (full 9):
[2024-08-16T20:42:42.642+0800][12.686s][debug][gc,heap        ] GC(15)  PSYoungGen      total 1375744K, used 1353728K [0x00000007aab00000, 0x0000000800000000, 0x0000000800000000)
[2024-08-16T20:42:42.642+0800][12.686s][debug][gc,heap        ] GC(15)   eden space 1353728K, 100% used [0x00000007aab00000,0x00000007fd500000,0x00000007fd500000)
[2024-08-16T20:42:42.642+0800][12.686s][debug][gc,heap        ] GC(15)   from space 22016K, 0% used [0x00000007fea80000,0x00000007fea80000,0x0000000800000000)
[2024-08-16T20:42:42.642+0800][12.686s][debug][gc,heap        ] GC(15)   to   space 22016K, 0% used [0x00000007fd500000,0x00000007fd500000,0x00000007fea80000)
[2024-08-16T20:42:42.642+0800][12.686s][debug][gc,heap        ] GC(15)  ParOldGen       total 2796544K, used 2796278K [0x0000000700000000, 0x00000007aab00000, 0x00000007aab00000)
[2024-08-16T20:42:42.643+0800][12.686s][debug][gc,heap        ] GC(15)   object space 2796544K, 99% used [0x0000000700000000,0x00000007aaabdb20,0x00000007aab00000)
[2024-08-16T20:42:42.643+0800][12.686s][debug][gc,heap        ] GC(15)  Metaspace       used 844K, committed 960K, reserved 1114112K
[2024-08-16T20:42:42.643+0800][12.686s][debug][gc,heap        ] GC(15)   class space    used 62K, committed 128K, reserved 1048576K
[2024-08-16T20:42:42.643+0800][12.686s][debug][gc,tlab        ] GC(15) TLAB totals: thrds: 1  refills: 16 max: 16 slow allocs: 1 max 1 waste:  1.3% gc: 619240B max: 619240B slow: 4192232B max: 4192232B
[2024-08-16T20:42:42.643+0800][12.686s][debug][gc,phases      ] GC(15) Pre Compact 0.930ms
[2024-08-16T20:42:42.643+0800][12.686s][info ][gc,start       ] GC(15) Pause Full (Ergonomics)
[2024-08-16T20:42:42.643+0800][12.687s][info ][gc,phases,start] GC(15) Marking Phase
[2024-08-16T20:42:42.643+0800][12.687s][debug][gc,phases,start] GC(15) Par Mark
[2024-08-16T20:42:42.646+0800][12.689s][debug][gc,phases      ] GC(15) Par Mark 2.606ms
[2024-08-16T20:42:42.646+0800][12.689s][debug][gc,phases,start] GC(15) Reference Processing
[2024-08-16T20:42:42.646+0800][12.689s][debug][gc,ref         ] GC(15) Skipped phase 1 of Reference Processing: no references
[2024-08-16T20:42:42.646+0800][12.689s][debug][gc,ref         ] GC(15) ReferenceProcessor::execute queues: 1, RefProcThreadModel::Single, marks_oops_alive: false
[2024-08-16T20:42:42.646+0800][12.690s][debug][gc,ref         ] GC(15) Skipped phase 3 of Reference Processing: no references
[2024-08-16T20:42:42.646+0800][12.690s][debug][gc,ref         ] GC(15) ReferenceProcessor::execute queues: 1, RefProcThreadModel::Single, marks_oops_alive: false
[2024-08-16T20:42:42.646+0800][12.690s][debug][gc,phases,ref  ] GC(15) Reference Processing: 0.3ms
[2024-08-16T20:42:42.646+0800][12.690s][debug][gc,phases,ref  ] GC(15)   Reconsider SoftReferences: 0.0ms
[2024-08-16T20:42:42.646+0800][12.690s][debug][gc,phases,ref  ] GC(15)     SoftRef (ms):                  skipped
[2024-08-16T20:42:42.646+0800][12.690s][debug][gc,phases,ref  ] GC(15)   Notify Soft/WeakReferences: 0.2ms
[2024-08-16T20:42:42.646+0800][12.690s][debug][gc,phases,ref  ] GC(15)     SoftRef (ms):                  Min:  0.0, Avg:  0.0, Max:  0.0, Diff:  0.0, Sum:  0.0, Workers: 13
[2024-08-16T20:42:42.646+0800][12.690s][debug][gc,phases,ref  ] GC(15)     WeakRef (ms):                  Min:  0.0, Avg:  0.0, Max:  0.0, Diff:  0.0, Sum:  0.0, Workers: 13
[2024-08-16T20:42:42.646+0800][12.690s][debug][gc,phases,ref  ] GC(15)     FinalRef (ms):                 Min:  0.0, Avg:  0.0, Max:  0.0, Diff:  0.0, Sum:  0.0, Workers: 13
[2024-08-16T20:42:42.646+0800][12.690s][debug][gc,phases,ref  ] GC(15)     Total (ms):                    Min:  0.0, Avg:  0.0, Max:  0.0, Diff:  0.0, Sum:  0.0, Workers: 13
[2024-08-16T20:42:42.646+0800][12.690s][debug][gc,phases,ref  ] GC(15)   Notify and keep alive finalizable: 0.0ms
[2024-08-16T20:42:42.646+0800][12.690s][debug][gc,phases,ref  ] GC(15)     FinalRef (ms):                 skipped
[2024-08-16T20:42:42.646+0800][12.690s][debug][gc,phases,ref  ] GC(15)   Notify PhantomReferences: 0.0ms
[2024-08-16T20:42:42.646+0800][12.690s][debug][gc,phases,ref  ] GC(15)     PhantomRef (ms):               Min:  0.0, Avg:  0.0, Max:  0.0, Diff:  0.0, Sum:  0.0, Workers: 13
[2024-08-16T20:42:42.646+0800][12.690s][debug][gc,phases,ref  ] GC(15)   SoftReference:
[2024-08-16T20:42:42.646+0800][12.690s][debug][gc,phases,ref  ] GC(15)     Discovered: 0
[2024-08-16T20:42:42.646+0800][12.690s][debug][gc,phases,ref  ] GC(15)     Cleared: 0
[2024-08-16T20:42:42.646+0800][12.690s][debug][gc,phases,ref  ] GC(15)   WeakReference:
[2024-08-16T20:42:42.646+0800][12.690s][debug][gc,phases,ref  ] GC(15)     Discovered: 140
[2024-08-16T20:42:42.646+0800][12.690s][debug][gc,phases,ref  ] GC(15)     Cleared: 140
[2024-08-16T20:42:42.647+0800][12.690s][debug][gc,phases,ref  ] GC(15)   FinalReference:
[2024-08-16T20:42:42.647+0800][12.690s][debug][gc,phases,ref  ] GC(15)     Discovered: 0
[2024-08-16T20:42:42.647+0800][12.690s][debug][gc,phases,ref  ] GC(15)     Cleared: 0
[2024-08-16T20:42:42.647+0800][12.690s][debug][gc,phases,ref  ] GC(15)   PhantomReference:
[2024-08-16T20:42:42.647+0800][12.690s][debug][gc,phases,ref  ] GC(15)     Discovered: 1
[2024-08-16T20:42:42.647+0800][12.690s][debug][gc,phases,ref  ] GC(15)     Cleared: 1
[2024-08-16T20:42:42.647+0800][12.690s][debug][gc,phases      ] GC(15) Reference Processing 1.018ms
[2024-08-16T20:42:42.647+0800][12.690s][debug][gc,phases,start] GC(15) Weak Processing
[2024-08-16T20:42:42.647+0800][12.691s][debug][gc,phases      ] GC(15)   VM Weak                        Min:  0.0, Avg:  0.0, Max:  0.0, Diff:  0.0, Sum:  0.0, Workers: 3
[2024-08-16T20:42:42.647+0800][12.691s][debug][gc,phases      ] GC(15)     Dead                           Min: 0, Avg:  0.0, Max: 0, Diff: 0, Sum: 0, Workers: 3
[2024-08-16T20:42:42.647+0800][12.691s][debug][gc,phases      ] GC(15)     Total                          Min: 0, Avg:  7.7, Max: 23, Diff: 23, Sum: 23, Workers: 3
[2024-08-16T20:42:42.647+0800][12.691s][debug][gc,phases      ] GC(15)   ObjectSynchronizer Weak        Min:  0.0, Avg:  0.0, Max:  0.0, Diff:  0.0, Sum:  0.0, Workers: 3
[2024-08-16T20:42:42.647+0800][12.691s][debug][gc,phases      ] GC(15)     Dead                           Min: 0, Avg:  0.0, Max: 0, Diff: 0, Sum: 0, Workers: 3
[2024-08-16T20:42:42.647+0800][12.691s][debug][gc,phases      ] GC(15)     Total                          Min: 0, Avg:  1.0, Max: 3, Diff: 3, Sum: 3, Workers: 3
[2024-08-16T20:42:42.647+0800][12.691s][debug][gc,phases      ] GC(15)   JVMTI Tag Weak OopStorage      Min:  0.0, Avg:  0.0, Max:  0.0, Diff:  0.0, Sum:  0.0, Workers: 3
[2024-08-16T20:42:42.647+0800][12.691s][debug][gc,phases      ] GC(15)     Dead                           Min: 0, Avg:  0.0, Max: 0, Diff: 0, Sum: 0, Workers: 3
[2024-08-16T20:42:42.647+0800][12.691s][debug][gc,phases      ] GC(15)     Total                          Min: 0, Avg:  0.0, Max: 0, Diff: 0, Sum: 0, Workers: 3
[2024-08-16T20:42:42.647+0800][12.691s][debug][gc,phases      ] GC(15)   StringTable Weak               Min:  0.0, Avg:  0.0, Max:  0.1, Diff:  0.1, Sum:  0.1, Workers: 3
[2024-08-16T20:42:42.647+0800][12.691s][debug][gc,phases      ] GC(15)     Dead                           Min: 0, Avg:  0.7, Max: 2, Diff: 2, Sum: 2, Workers: 3
[2024-08-16T20:42:42.648+0800][12.691s][debug][gc,phases      ] GC(15)     Total                          Min: 0, Avg: 675.3, Max: 1782, Diff: 1782, Sum: 2026, Workers: 3
[2024-08-16T20:42:42.648+0800][12.691s][debug][gc,phases      ] GC(15)   ResolvedMethodTable Weak       Min:  0.0, Avg:  0.0, Max:  0.0, Diff:  0.0, Sum:  0.0, Workers: 3
[2024-08-16T20:42:42.648+0800][12.691s][debug][gc,phases      ] GC(15)     Dead                           Min: 0, Avg:  0.0, Max: 0, Diff: 0, Sum: 0, Workers: 3
[2024-08-16T20:42:42.648+0800][12.691s][debug][gc,phases      ] GC(15)     Total                          Min: 0, Avg: 62.3, Max: 123, Diff: 123, Sum: 187, Workers: 3
[2024-08-16T20:42:42.648+0800][12.691s][debug][gc,phases      ] GC(15)   JNI Weak                       Min:  0.0, Avg:  0.0, Max:  0.0, Diff:  0.0, Sum:  0.0, Workers: 3
[2024-08-16T20:42:42.648+0800][12.691s][debug][gc,phases      ] GC(15)     Dead                           Min: 0, Avg:  0.0, Max: 0, Diff: 0, Sum: 0, Workers: 3
[2024-08-16T20:42:42.648+0800][12.691s][debug][gc,phases      ] GC(15)     Total                          Min: 0, Avg:  0.0, Max: 0, Diff: 0, Sum: 0, Workers: 3
[2024-08-16T20:42:42.648+0800][12.691s][debug][gc,phases      ] GC(15)   StringDedup Table Weak         Min:  0.0, Avg:  0.0, Max:  0.0, Diff:  0.0, Sum:  0.0, Workers: 3
[2024-08-16T20:42:42.648+0800][12.691s][debug][gc,phases      ] GC(15)     Dead                           Min: 0, Avg:  0.0, Max: 0, Diff: 0, Sum: 0, Workers: 3
[2024-08-16T20:42:42.648+0800][12.691s][debug][gc,phases      ] GC(15)     Total                          Min: 0, Avg:  0.0, Max: 0, Diff: 0, Sum: 0, Workers: 3
[2024-08-16T20:42:42.648+0800][12.691s][debug][gc,phases      ] GC(15)   StringDedup Requests0 Weak     Min:  0.0, Avg:  0.0, Max:  0.0, Diff:  0.0, Sum:  0.0, Workers: 3
[2024-08-16T20:42:42.648+0800][12.691s][debug][gc,phases      ] GC(15)     Dead                           Min: 0, Avg:  0.0, Max: 0, Diff: 0, Sum: 0, Workers: 3
[2024-08-16T20:42:42.648+0800][12.691s][debug][gc,phases      ] GC(15)     Total                          Min: 0, Avg:  0.0, Max: 0, Diff: 0, Sum: 0, Workers: 3
[2024-08-16T20:42:42.648+0800][12.691s][debug][gc,phases      ] GC(15)   StringDedup Requests1 Weak     Min:  0.0, Avg:  0.0, Max:  0.0, Diff:  0.0, Sum:  0.0, Workers: 3
[2024-08-16T20:42:42.648+0800][12.691s][debug][gc,phases      ] GC(15)     Dead                           Min: 0, Avg:  0.0, Max: 0, Diff: 0, Sum: 0, Workers: 3
[2024-08-16T20:42:42.648+0800][12.692s][debug][gc,phases      ] GC(15)     Total                          Min: 0, Avg:  0.0, Max: 0, Diff: 0, Sum: 0, Workers: 3
[2024-08-16T20:42:42.648+0800][12.692s][debug][gc,phases      ] GC(15)   Weak JFR Old Object Samples    Min:  0.0, Avg:  0.0, Max:  0.0, Diff:  0.0, Sum:  0.0, Workers: 3
[2024-08-16T20:42:42.648+0800][12.692s][debug][gc,phases      ] GC(15)     Dead                           Min: 0, Avg:  0.0, Max: 0, Diff: 0, Sum: 0, Workers: 3
[2024-08-16T20:42:42.648+0800][12.692s][debug][gc,phases      ] GC(15)     Total                          Min: 0, Avg:  0.0, Max: 0, Diff: 0, Sum: 0, Workers: 3
[2024-08-16T20:42:42.648+0800][12.692s][debug][gc,phases      ] GC(15) Weak Processing 1.443ms
[2024-08-16T20:42:42.648+0800][12.692s][debug][gc,phases,start] GC(15) Class Unloading
[2024-08-16T20:42:42.648+0800][12.692s][debug][gc,phases,start] GC(15) ClassLoaderData
[2024-08-16T20:42:42.648+0800][12.692s][debug][gc,phases      ] GC(15) ClassLoaderData 0.025ms
[2024-08-16T20:42:42.648+0800][12.692s][debug][gc,phases,start] GC(15) Trigger cleanups
[2024-08-16T20:42:42.648+0800][12.692s][debug][gc,phases      ] GC(15) Trigger cleanups 0.019ms
[2024-08-16T20:42:42.650+0800][12.693s][debug][gc,phases      ] GC(15) Class Unloading 1.506ms
[2024-08-16T20:42:42.650+0800][12.693s][debug][gc,phases,start] GC(15) Report Object Count
[2024-08-16T20:42:42.650+0800][12.693s][debug][gc,phases      ] GC(15) Report Object Count 0.022ms
[2024-08-16T20:42:42.650+0800][12.693s][info ][gc,phases      ] GC(15) Marking Phase 6.904ms
[2024-08-16T20:42:42.650+0800][12.693s][info ][gc,phases,start] GC(15) Summary Phase
[2024-08-16T20:42:42.650+0800][12.694s][info ][gc,phases      ] GC(15) Summary Phase 0.161ms
[2024-08-16T20:42:42.650+0800][12.694s][info ][gc,phases,start] GC(15) Adjust Roots
[2024-08-16T20:42:42.652+0800][12.696s][info ][gc,phases      ] GC(15) Adjust Roots 1.866ms
[2024-08-16T20:42:42.652+0800][12.696s][info ][gc,phases,start] GC(15) Compaction Phase
[2024-08-16T20:42:42.927+0800][12.970s][info ][gc,phases      ] GC(15) Compaction Phase 274.551ms
[2024-08-16T20:42:42.927+0800][12.970s][info ][gc,phases,start] GC(15) Post Compact
[2024-08-16T20:42:42.932+0800][12.976s][info ][gc,phases      ] GC(15) Post Compact 5.463ms
[2024-08-16T20:42:42.932+0800][12.976s][debug][gc,ergo        ] GC(15) AdaptiveSizeStart: collection: 16 
[2024-08-16T20:42:42.932+0800][12.976s][debug][gc,ergo        ] GC(15) PSAdaptiveSizePolicy::compute_eden_space_size limits: desired_eden_size: 1706882993 old_eden_size: 1386217472 eden_limit: 1386217472 cur_eden: 1386217472 max_eden_size: 1386217472 avg_young_live: 262035872
[2024-08-16T20:42:42.932+0800][12.976s][debug][gc,ergo        ] GC(15) PSAdaptiveSizePolicy::compute_eden_space_size: costs minor_time: 0.057707 major_cost: 0.191755 mutator_cost: 0.750538 throughput_goal: 0.990000
[2024-08-16T20:42:42.932+0800][12.976s][debug][gc,ergo        ] GC(15) Live_space: 2213326080 free_space: 2377121792
[2024-08-16T20:42:42.932+0800][12.976s][debug][gc,ergo        ] GC(15) Old eden_size: 1386217472 desired_eden_size: 1386217472
[2024-08-16T20:42:42.932+0800][12.976s][debug][gc,ergo        ] GC(15) PSAdaptiveSizePolicy::compute_old_gen_free_space limits: desired_promo_size: 1181526889 promo_limit: 1050947712 free_in_old_gen: 1050947712 max_old_gen_size: 2863661056 avg_old_live: 1812713344
[2024-08-16T20:42:42.932+0800][12.976s][debug][gc,ergo        ] GC(15) PSAdaptiveSizePolicy::compute_old_gen_free_space: costs minor_time: 0.057707 major_cost: 0.191755  mutator_cost: 0.750538 throughput_goal: 0.990000
[2024-08-16T20:42:42.932+0800][12.976s][debug][gc,ergo        ] GC(15) Live_space: 2343184640 free_space: 2377121792
[2024-08-16T20:42:42.932+0800][12.976s][debug][gc,ergo        ] GC(15) Old promo_size: 990904320 desired_promo_size: 1050673152
[2024-08-16T20:42:42.932+0800][12.976s][debug][gc,ergo        ] GC(15) AdaptiveSizeStop: collection: 16 
[2024-08-16T20:42:42.932+0800][12.976s][info ][gc,heap        ] GC(15) PSYoungGen: 1353728K(1375744K)->1142801K(1375744K) Eden: 1353728K(1353728K)->1142801K(1353728K) From: 0K(22016K)->0K(22016K)
[2024-08-16T20:42:42.932+0800][12.976s][info ][gc,heap        ] GC(15) ParOldGen: 2796278K(2796544K)->2796278K(2796544K)
[2024-08-16T20:42:42.932+0800][12.976s][info ][gc,metaspace   ] GC(15) Metaspace: 844K(960K)->844K(960K) NonClass: 781K(832K)->781K(832K) Class: 62K(128K)->62K(128K)
[2024-08-16T20:42:42.932+0800][12.976s][info ][gc             ] GC(15) Pause Full (Ergonomics) 4052M->3846M(4074M) 289.380ms
[2024-08-16T20:42:42.932+0800][12.976s][info ][gc,cpu         ] GC(15) User=3.57s Sys=0.00s Real=0.29s
[2024-08-16T20:42:42.932+0800][12.976s][debug][gc,heap        ] GC(15) Heap after GC invocations=16 (full 9):
[2024-08-16T20:42:42.932+0800][12.976s][debug][gc,heap        ] GC(15)  PSYoungGen      total 1375744K, used 1142801K [0x00000007aab00000, 0x0000000800000000, 0x0000000800000000)
[2024-08-16T20:42:42.932+0800][12.976s][debug][gc,heap        ] GC(15)   eden space 1353728K, 84% used [0x00000007aab00000,0x00000007f07045c0,0x00000007fd500000)
[2024-08-16T20:42:42.932+0800][12.976s][debug][gc,heap        ] GC(15)   from space 22016K, 0% used [0x00000007fd500000,0x00000007fd500000,0x00000007fea80000)
[2024-08-16T20:42:42.932+0800][12.976s][debug][gc,heap        ] GC(15)   to   space 22016K, 0% used [0x00000007fea80000,0x00000007fea80000,0x0000000800000000)
[2024-08-16T20:42:42.932+0800][12.976s][debug][gc,heap        ] GC(15)  ParOldGen       total 2796544K, used 2796278K [0x0000000700000000, 0x00000007aab00000, 0x00000007aab00000)
[2024-08-16T20:42:42.932+0800][12.976s][debug][gc,heap        ] GC(15)   object space 2796544K, 99% used [0x0000000700000000,0x00000007aaabdb20,0x00000007aab00000)
[2024-08-16T20:42:42.932+0800][12.976s][debug][gc,heap        ] GC(15)  Metaspace       used 844K, committed 960K, reserved 1114112K
[2024-08-16T20:42:42.932+0800][12.976s][debug][gc,heap        ] GC(15)   class space    used 62K, committed 128K, reserved 1048576K
[2024-08-16T20:42:42.932+0800][12.976s][debug][gc,task,time   ] GC(15) VM-Thread 12686512055 12695559328 12975916893
[2024-08-16T20:42:43.190+0800][13.233s][debug][gc,phases,start] GC(16) Pre Compact
[2024-08-16T20:42:43.190+0800][13.233s][debug][gc,heap        ] GC(16) Heap before GC invocations=17 (full 10):
[2024-08-16T20:42:43.190+0800][13.233s][debug][gc,heap        ] GC(16)  PSYoungGen      total 1375744K, used 1353728K [0x00000007aab00000, 0x0000000800000000, 0x0000000800000000)
[2024-08-16T20:42:43.190+0800][13.233s][debug][gc,heap        ] GC(16)   eden space 1353728K, 100% used [0x00000007aab00000,0x00000007fd500000,0x00000007fd500000)
[2024-08-16T20:42:43.190+0800][13.233s][debug][gc,heap        ] GC(16)   from space 22016K, 0% used [0x00000007fd500000,0x00000007fd500000,0x00000007fea80000)
[2024-08-16T20:42:43.190+0800][13.233s][debug][gc,heap        ] GC(16)   to   space 22016K, 0% used [0x00000007fea80000,0x00000007fea80000,0x0000000800000000)
[2024-08-16T20:42:43.190+0800][13.233s][debug][gc,heap        ] GC(16)  ParOldGen       total 2796544K, used 2796278K [0x0000000700000000, 0x00000007aab00000, 0x00000007aab00000)
[2024-08-16T20:42:43.190+0800][13.233s][debug][gc,heap        ] GC(16)   object space 2796544K, 99% used [0x0000000700000000,0x00000007aaabdb20,0x00000007aab00000)
[2024-08-16T20:42:43.190+0800][13.233s][debug][gc,heap        ] GC(16)  Metaspace       used 844K, committed 960K, reserved 1114112K
[2024-08-16T20:42:43.190+0800][13.234s][debug][gc,heap        ] GC(16)   class space    used 62K, committed 128K, reserved 1048576K
[2024-08-16T20:42:43.190+0800][13.234s][debug][gc,tlab        ] GC(16) TLAB totals: thrds: 1  refills: 12 max: 12 slow allocs: 1 max 1 waste:  0.6% gc: 419816B max: 419816B slow: 805880B max: 805880B
[2024-08-16T20:42:43.190+0800][13.234s][debug][gc,phases      ] GC(16) Pre Compact 0.595ms
[2024-08-16T20:42:43.190+0800][13.234s][info ][gc,start       ] GC(16) Pause Full (Ergonomics)
[2024-08-16T20:42:43.190+0800][13.234s][info ][gc,phases,start] GC(16) Marking Phase
[2024-08-16T20:42:43.190+0800][13.234s][debug][gc,phases,start] GC(16) Par Mark
[2024-08-16T20:42:43.194+0800][13.238s][debug][gc,phases      ] GC(16) Par Mark 3.789ms
[2024-08-16T20:42:43.194+0800][13.238s][debug][gc,phases,start] GC(16) Reference Processing
[2024-08-16T20:42:43.194+0800][13.238s][debug][gc,ref         ] GC(16) Skipped phase 1 of Reference Processing: no references
[2024-08-16T20:42:43.194+0800][13.238s][debug][gc,ref         ] GC(16) ReferenceProcessor::execute queues: 1, RefProcThreadModel::Single, marks_oops_alive: false
[2024-08-16T20:42:43.194+0800][13.238s][debug][gc,ref         ] GC(16) Skipped phase 3 of Reference Processing: no references
[2024-08-16T20:42:43.194+0800][13.238s][debug][gc,ref         ] GC(16) ReferenceProcessor::execute queues: 1, RefProcThreadModel::Single, marks_oops_alive: false
[2024-08-16T20:42:43.194+0800][13.238s][debug][gc,phases,ref  ] GC(16) Reference Processing: 0.3ms
[2024-08-16T20:42:43.194+0800][13.238s][debug][gc,phases,ref  ] GC(16)   Reconsider SoftReferences: 0.0ms
[2024-08-16T20:42:43.195+0800][13.238s][debug][gc,phases,ref  ] GC(16)     SoftRef (ms):                  skipped
[2024-08-16T20:42:43.195+0800][13.238s][debug][gc,phases,ref  ] GC(16)   Notify Soft/WeakReferences: 0.2ms
[2024-08-16T20:42:43.195+0800][13.238s][debug][gc,phases,ref  ] GC(16)     SoftRef (ms):                  Min:  0.0, Avg:  0.0, Max:  0.0, Diff:  0.0, Sum:  0.0, Workers: 13
[2024-08-16T20:42:43.195+0800][13.238s][debug][gc,phases,ref  ] GC(16)     WeakRef (ms):                  Min:  0.0, Avg:  0.0, Max:  0.0, Diff:  0.0, Sum:  0.0, Workers: 13
[2024-08-16T20:42:43.195+0800][13.238s][debug][gc,phases,ref  ] GC(16)     FinalRef (ms):                 Min:  0.0, Avg:  0.0, Max:  0.0, Diff:  0.0, Sum:  0.0, Workers: 13
[2024-08-16T20:42:43.195+0800][13.238s][debug][gc,phases,ref  ] GC(16)     Total (ms):                    Min:  0.0, Avg:  0.0, Max:  0.0, Diff:  0.0, Sum:  0.0, Workers: 13
[2024-08-16T20:42:43.195+0800][13.238s][debug][gc,phases,ref  ] GC(16)   Notify and keep alive finalizable: 0.0ms
[2024-08-16T20:42:43.195+0800][13.238s][debug][gc,phases,ref  ] GC(16)     FinalRef (ms):                 skipped
[2024-08-16T20:42:43.195+0800][13.238s][debug][gc,phases,ref  ] GC(16)   Notify PhantomReferences: 0.0ms
[2024-08-16T20:42:43.195+0800][13.238s][debug][gc,phases,ref  ] GC(16)     PhantomRef (ms):               Min:  0.0, Avg:  0.0, Max:  0.0, Diff:  0.0, Sum:  0.0, Workers: 13
[2024-08-16T20:42:43.195+0800][13.238s][debug][gc,phases,ref  ] GC(16)   SoftReference:
[2024-08-16T20:42:43.195+0800][13.238s][debug][gc,phases,ref  ] GC(16)     Discovered: 0
[2024-08-16T20:42:43.195+0800][13.238s][debug][gc,phases,ref  ] GC(16)     Cleared: 0
[2024-08-16T20:42:43.195+0800][13.238s][debug][gc,phases,ref  ] GC(16)   WeakReference:
[2024-08-16T20:42:43.195+0800][13.238s][debug][gc,phases,ref  ] GC(16)     Discovered: 150
[2024-08-16T20:42:43.195+0800][13.238s][debug][gc,phases,ref  ] GC(16)     Cleared: 150
[2024-08-16T20:42:43.195+0800][13.238s][debug][gc,phases,ref  ] GC(16)   FinalReference:
[2024-08-16T20:42:43.195+0800][13.238s][debug][gc,phases,ref  ] GC(16)     Discovered: 0
[2024-08-16T20:42:43.195+0800][13.238s][debug][gc,phases,ref  ] GC(16)     Cleared: 0
[2024-08-16T20:42:43.195+0800][13.238s][debug][gc,phases,ref  ] GC(16)   PhantomReference:
[2024-08-16T20:42:43.195+0800][13.238s][debug][gc,phases,ref  ] GC(16)     Discovered: 1
[2024-08-16T20:42:43.195+0800][13.238s][debug][gc,phases,ref  ] GC(16)     Cleared: 1
[2024-08-16T20:42:43.195+0800][13.238s][debug][gc,phases      ] GC(16) Reference Processing 0.650ms
[2024-08-16T20:42:43.195+0800][13.238s][debug][gc,phases,start] GC(16) Weak Processing
[2024-08-16T20:42:43.195+0800][13.239s][debug][gc,phases      ] GC(16)   VM Weak                        Min:  0.0, Avg:  0.0, Max:  0.0, Diff:  0.0, Sum:  0.0, Workers: 3
[2024-08-16T20:42:43.195+0800][13.239s][debug][gc,phases      ] GC(16)     Dead                           Min: 0, Avg:  0.0, Max: 0, Diff: 0, Sum: 0, Workers: 3
[2024-08-16T20:42:43.195+0800][13.239s][debug][gc,phases      ] GC(16)     Total                          Min: 0, Avg:  7.7, Max: 23, Diff: 23, Sum: 23, Workers: 3
[2024-08-16T20:42:43.195+0800][13.239s][debug][gc,phases      ] GC(16)   ObjectSynchronizer Weak        Min:  0.0, Avg:  0.0, Max:  0.0, Diff:  0.0, Sum:  0.0, Workers: 3
[2024-08-16T20:42:43.195+0800][13.239s][debug][gc,phases      ] GC(16)     Dead                           Min: 0, Avg:  0.0, Max: 0, Diff: 0, Sum: 0, Workers: 3
[2024-08-16T20:42:43.195+0800][13.239s][debug][gc,phases      ] GC(16)     Total                          Min: 0, Avg:  1.0, Max: 3, Diff: 3, Sum: 3, Workers: 3
[2024-08-16T20:42:43.195+0800][13.239s][debug][gc,phases      ] GC(16)   JVMTI Tag Weak OopStorage      Min:  0.0, Avg:  0.0, Max:  0.0, Diff:  0.0, Sum:  0.0, Workers: 3
[2024-08-16T20:42:43.195+0800][13.239s][debug][gc,phases      ] GC(16)     Dead                           Min: 0, Avg:  0.0, Max: 0, Diff: 0, Sum: 0, Workers: 3
[2024-08-16T20:42:43.196+0800][13.239s][debug][gc,phases      ] GC(16)     Total                          Min: 0, Avg:  0.0, Max: 0, Diff: 0, Sum: 0, Workers: 3
[2024-08-16T20:42:43.196+0800][13.239s][debug][gc,phases      ] GC(16)   StringTable Weak               Min:  0.0, Avg:  0.0, Max:  0.1, Diff:  0.1, Sum:  0.1, Workers: 3
[2024-08-16T20:42:43.196+0800][13.239s][debug][gc,phases      ] GC(16)     Dead                           Min: 0, Avg:  0.7, Max: 2, Diff: 2, Sum: 2, Workers: 3
[2024-08-16T20:42:43.196+0800][13.239s][debug][gc,phases      ] GC(16)     Total                          Min: 0, Avg: 675.3, Max: 2026, Diff: 2026, Sum: 2026, Workers: 3
[2024-08-16T20:42:43.196+0800][13.239s][debug][gc,phases      ] GC(16)   ResolvedMethodTable Weak       Min:  0.0, Avg:  0.0, Max:  0.0, Diff:  0.0, Sum:  0.0, Workers: 3
[2024-08-16T20:42:43.196+0800][13.239s][debug][gc,phases      ] GC(16)     Dead                           Min: 0, Avg:  0.0, Max: 0, Diff: 0, Sum: 0, Workers: 3
[2024-08-16T20:42:43.196+0800][13.239s][debug][gc,phases      ] GC(16)     Total                          Min: 0, Avg: 62.3, Max: 187, Diff: 187, Sum: 187, Workers: 3
[2024-08-16T20:42:43.196+0800][13.239s][debug][gc,phases      ] GC(16)   JNI Weak                       Min:  0.0, Avg:  0.0, Max:  0.0, Diff:  0.0, Sum:  0.0, Workers: 3
[2024-08-16T20:42:43.196+0800][13.239s][debug][gc,phases      ] GC(16)     Dead                           Min: 0, Avg:  0.0, Max: 0, Diff: 0, Sum: 0, Workers: 3
[2024-08-16T20:42:43.196+0800][13.239s][debug][gc,phases      ] GC(16)     Total                          Min: 0, Avg:  0.0, Max: 0, Diff: 0, Sum: 0, Workers: 3
[2024-08-16T20:42:43.196+0800][13.239s][debug][gc,phases      ] GC(16)   StringDedup Table Weak         Min:  0.0, Avg:  0.0, Max:  0.0, Diff:  0.0, Sum:  0.0, Workers: 3
[2024-08-16T20:42:43.196+0800][13.239s][debug][gc,phases      ] GC(16)     Dead                           Min: 0, Avg:  0.0, Max: 0, Diff: 0, Sum: 0, Workers: 3
[2024-08-16T20:42:43.196+0800][13.239s][debug][gc,phases      ] GC(16)     Total                          Min: 0, Avg:  0.0, Max: 0, Diff: 0, Sum: 0, Workers: 3
[2024-08-16T20:42:43.196+0800][13.239s][debug][gc,phases      ] GC(16)   StringDedup Requests0 Weak     Min:  0.0, Avg:  0.0, Max:  0.0, Diff:  0.0, Sum:  0.0, Workers: 3
[2024-08-16T20:42:43.196+0800][13.239s][debug][gc,phases      ] GC(16)     Dead                           Min: 0, Avg:  0.0, Max: 0, Diff: 0, Sum: 0, Workers: 3
[2024-08-16T20:42:43.196+0800][13.239s][debug][gc,phases      ] GC(16)     Total                          Min: 0, Avg:  0.0, Max: 0, Diff: 0, Sum: 0, Workers: 3
[2024-08-16T20:42:43.196+0800][13.239s][debug][gc,phases      ] GC(16)   StringDedup Requests1 Weak     Min:  0.0, Avg:  0.0, Max:  0.0, Diff:  0.0, Sum:  0.0, Workers: 3
[2024-08-16T20:42:43.196+0800][13.239s][debug][gc,phases      ] GC(16)     Dead                           Min: 0, Avg:  0.0, Max: 0, Diff: 0, Sum: 0, Workers: 3
[2024-08-16T20:42:43.196+0800][13.239s][debug][gc,phases      ] GC(16)     Total                          Min: 0, Avg:  0.0, Max: 0, Diff: 0, Sum: 0, Workers: 3
[2024-08-16T20:42:43.196+0800][13.239s][debug][gc,phases      ] GC(16)   Weak JFR Old Object Samples    Min:  0.0, Avg:  0.0, Max:  0.0, Diff:  0.0, Sum:  0.0, Workers: 3
[2024-08-16T20:42:43.196+0800][13.239s][debug][gc,phases      ] GC(16)     Dead                           Min: 0, Avg:  0.0, Max: 0, Diff: 0, Sum: 0, Workers: 3
[2024-08-16T20:42:43.196+0800][13.239s][debug][gc,phases      ] GC(16)     Total                          Min: 0, Avg:  0.0, Max: 0, Diff: 0, Sum: 0, Workers: 3
[2024-08-16T20:42:43.196+0800][13.239s][debug][gc,phases      ] GC(16) Weak Processing 1.009ms
[2024-08-16T20:42:43.196+0800][13.239s][debug][gc,phases,start] GC(16) Class Unloading
[2024-08-16T20:42:43.196+0800][13.239s][debug][gc,phases,start] GC(16) ClassLoaderData
[2024-08-16T20:42:43.196+0800][13.239s][debug][gc,phases      ] GC(16) ClassLoaderData 0.020ms
[2024-08-16T20:42:43.196+0800][13.239s][debug][gc,phases,start] GC(16) Trigger cleanups
[2024-08-16T20:42:43.196+0800][13.239s][debug][gc,phases      ] GC(16) Trigger cleanups 0.014ms
[2024-08-16T20:42:43.197+0800][13.241s][debug][gc,phases      ] GC(16) Class Unloading 1.240ms
[2024-08-16T20:42:43.197+0800][13.241s][debug][gc,phases,start] GC(16) Report Object Count
[2024-08-16T20:42:43.197+0800][13.241s][debug][gc,phases      ] GC(16) Report Object Count 0.017ms
[2024-08-16T20:42:43.197+0800][13.241s][info ][gc,phases      ] GC(16) Marking Phase 6.946ms
[2024-08-16T20:42:43.197+0800][13.241s][info ][gc,phases,start] GC(16) Summary Phase
[2024-08-16T20:42:43.197+0800][13.241s][info ][gc,phases      ] GC(16) Summary Phase 0.169ms
[2024-08-16T20:42:43.197+0800][13.241s][info ][gc,phases,start] GC(16) Adjust Roots
[2024-08-16T20:42:43.199+0800][13.243s][info ][gc,phases      ] GC(16) Adjust Roots 1.559ms
[2024-08-16T20:42:43.199+0800][13.243s][info ][gc,phases,start] GC(16) Compaction Phase
[2024-08-16T20:42:43.480+0800][13.524s][info ][gc,phases      ] GC(16) Compaction Phase 281.101ms
[2024-08-16T20:42:43.480+0800][13.524s][info ][gc,phases,start] GC(16) Post Compact
[2024-08-16T20:42:43.487+0800][13.530s][info ][gc,phases      ] GC(16) Post Compact 6.345ms
[2024-08-16T20:42:43.487+0800][13.530s][debug][gc,ergo        ] GC(16) AdaptiveSizeStart: collection: 17 
[2024-08-16T20:42:43.487+0800][13.530s][debug][gc,ergo        ] GC(16) PSAdaptiveSizePolicy::compute_eden_space_size limits: desired_eden_size: 1624876710 old_eden_size: 1386217472 eden_limit: 1386217472 cur_eden: 1386217472 max_eden_size: 1386217472 avg_young_live: 363760480
[2024-08-16T20:42:43.487+0800][13.530s][debug][gc,ergo        ] GC(16) PSAdaptiveSizePolicy::compute_eden_space_size: costs minor_time: 0.057707 major_cost: 0.277474 mutator_cost: 0.664820 throughput_goal: 0.990000
[2024-08-16T20:42:43.487+0800][13.530s][debug][gc,ergo        ] GC(16) Live_space: 2444909312 free_space: 2436890624
[2024-08-16T20:42:43.487+0800][13.530s][debug][gc,ergo        ] GC(16) Old eden_size: 1386217472 desired_eden_size: 1386217472
[2024-08-16T20:42:43.487+0800][13.530s][debug][gc,ergo        ] GC(16) PSAdaptiveSizePolicy::compute_old_gen_free_space limits: desired_promo_size: 1268118944 promo_limit: 1050673152 free_in_old_gen: 945880064 max_old_gen_size: 2863661056 avg_old_live: 1917780992
[2024-08-16T20:42:43.487+0800][13.530s][debug][gc,ergo        ] GC(16) PSAdaptiveSizePolicy::compute_old_gen_free_space: costs minor_time: 0.057707 major_cost: 0.277474  mutator_cost: 0.664820 throughput_goal: 0.990000
[2024-08-16T20:42:43.487+0800][13.530s][debug][gc,ergo        ] GC(16) Live_space: 2549977088 free_space: 2436890624
[2024-08-16T20:42:43.487+0800][13.530s][debug][gc,ergo        ] GC(16) Old promo_size: 1050673152 desired_promo_size: 1050673152
[2024-08-16T20:42:43.487+0800][13.530s][debug][gc,ergo        ] GC(16) AdaptiveSizeStop: collection: 17 
[2024-08-16T20:42:43.487+0800][13.530s][info ][gc,heap        ] GC(16) PSYoungGen: 1353728K(1375744K)->1249299K(1375744K) Eden: 1353728K(1353728K)->1249299K(1353728K) From: 0K(22016K)->0K(22016K)
[2024-08-16T20:42:43.487+0800][13.530s][info ][gc,heap        ] GC(16) ParOldGen: 2796278K(2796544K)->2796278K(2796544K)
[2024-08-16T20:42:43.487+0800][13.530s][info ][gc,metaspace   ] GC(16) Metaspace: 844K(960K)->844K(960K) NonClass: 781K(832K)->781K(832K) Class: 62K(128K)->62K(128K)
[2024-08-16T20:42:43.487+0800][13.530s][info ][gc             ] GC(16) Pause Full (Ergonomics) 4052M->3950M(4074M) 296.614ms
[2024-08-16T20:42:43.487+0800][13.530s][info ][gc,cpu         ] GC(16) User=3.65s Sys=0.00s Real=0.30s
[2024-08-16T20:42:43.487+0800][13.530s][debug][gc,heap        ] GC(16) Heap after GC invocations=17 (full 10):
[2024-08-16T20:42:43.487+0800][13.530s][debug][gc,heap        ] GC(16)  PSYoungGen      total 1375744K, used 1249299K [0x00000007aab00000, 0x0000000800000000, 0x0000000800000000)
[2024-08-16T20:42:43.487+0800][13.530s][debug][gc,heap        ] GC(16)   eden space 1353728K, 92% used [0x00000007aab00000,0x00000007f6f04c40,0x00000007fd500000)
[2024-08-16T20:42:43.487+0800][13.530s][debug][gc,heap        ] GC(16)   from space 22016K, 0% used [0x00000007fea80000,0x00000007fea80000,0x0000000800000000)
[2024-08-16T20:42:43.487+0800][13.530s][debug][gc,heap        ] GC(16)   to   space 22016K, 0% used [0x00000007fd500000,0x00000007fd500000,0x00000007fea80000)
[2024-08-16T20:42:43.487+0800][13.530s][debug][gc,heap        ] GC(16)  ParOldGen       total 2796544K, used 2796278K [0x0000000700000000, 0x00000007aab00000, 0x00000007aab00000)
[2024-08-16T20:42:43.487+0800][13.530s][debug][gc,heap        ] GC(16)   object space 2796544K, 99% used [0x0000000700000000,0x00000007aaabdb20,0x00000007aab00000)
[2024-08-16T20:42:43.487+0800][13.530s][debug][gc,heap        ] GC(16)  Metaspace       used 844K, committed 960K, reserved 1114112K
[2024-08-16T20:42:43.487+0800][13.530s][debug][gc,heap        ] GC(16)   class space    used 62K, committed 128K, reserved 1048576K
[2024-08-16T20:42:43.487+0800][13.530s][debug][gc,task,time   ] GC(16) VM-Thread 13233766432 13242563324 13530394978
[2024-08-16T20:42:43.609+0800][13.653s][debug][gc,phases,start] GC(17) Pre Compact
[2024-08-16T20:42:43.609+0800][13.653s][debug][gc,heap        ] GC(17) Heap before GC invocations=18 (full 11):
[2024-08-16T20:42:43.610+0800][13.653s][debug][gc,heap        ] GC(17)  PSYoungGen      total 1375744K, used 1353728K [0x00000007aab00000, 0x0000000800000000, 0x0000000800000000)
[2024-08-16T20:42:43.610+0800][13.653s][debug][gc,heap        ] GC(17)   eden space 1353728K, 100% used [0x00000007aab00000,0x00000007fd500000,0x00000007fd500000)
[2024-08-16T20:42:43.610+0800][13.653s][debug][gc,heap        ] GC(17)   from space 22016K, 0% used [0x00000007fea80000,0x00000007fea80000,0x0000000800000000)
[2024-08-16T20:42:43.610+0800][13.653s][debug][gc,heap        ] GC(17)   to   space 22016K, 0% used [0x00000007fd500000,0x00000007fd500000,0x00000007fea80000)
[2024-08-16T20:42:43.610+0800][13.653s][debug][gc,heap        ] GC(17)  ParOldGen       total 2796544K, used 2796278K [0x0000000700000000, 0x00000007aab00000, 0x00000007aab00000)
[2024-08-16T20:42:43.610+0800][13.653s][debug][gc,heap        ] GC(17)   object space 2796544K, 99% used [0x0000000700000000,0x00000007aaabdb20,0x00000007aab00000)
[2024-08-16T20:42:43.610+0800][13.653s][debug][gc,heap        ] GC(17)  Metaspace       used 844K, committed 960K, reserved 1114112K
[2024-08-16T20:42:43.610+0800][13.653s][debug][gc,heap        ] GC(17)   class space    used 62K, committed 128K, reserved 1048576K
[2024-08-16T20:42:43.610+0800][13.653s][debug][gc,tlab        ] GC(17) TLAB totals: thrds: 1  refills: 2 max: 2 slow allocs: 81 max 81 waste:  2.8% gc: 397864B max: 397864B slow: 208576B max: 208576B
[2024-08-16T20:42:43.610+0800][13.653s][debug][gc,phases      ] GC(17) Pre Compact 0.384ms
[2024-08-16T20:42:43.610+0800][13.653s][info ][gc,start       ] GC(17) Pause Full (Ergonomics)
[2024-08-16T20:42:43.610+0800][13.653s][info ][gc,phases,start] GC(17) Marking Phase
[2024-08-16T20:42:43.610+0800][13.653s][debug][gc,phases,start] GC(17) Par Mark
[2024-08-16T20:42:43.613+0800][13.656s][debug][gc,phases      ] GC(17) Par Mark 2.727ms
[2024-08-16T20:42:43.613+0800][13.656s][debug][gc,phases,start] GC(17) Reference Processing
[2024-08-16T20:42:43.613+0800][13.656s][debug][gc,ref         ] GC(17) Skipped phase 1 of Reference Processing: no references
[2024-08-16T20:42:43.613+0800][13.656s][debug][gc,ref         ] GC(17) ReferenceProcessor::execute queues: 1, RefProcThreadModel::Single, marks_oops_alive: false
[2024-08-16T20:42:43.613+0800][13.656s][debug][gc,ref         ] GC(17) Skipped phase 3 of Reference Processing: no references
[2024-08-16T20:42:43.613+0800][13.656s][debug][gc,ref         ] GC(17) ReferenceProcessor::execute queues: 1, RefProcThreadModel::Single, marks_oops_alive: false
[2024-08-16T20:42:43.613+0800][13.656s][debug][gc,phases,ref  ] GC(17) Reference Processing: 0.2ms
[2024-08-16T20:42:43.613+0800][13.656s][debug][gc,phases,ref  ] GC(17)   Reconsider SoftReferences: 0.0ms
[2024-08-16T20:42:43.613+0800][13.656s][debug][gc,phases,ref  ] GC(17)     SoftRef (ms):                  skipped
[2024-08-16T20:42:43.613+0800][13.656s][debug][gc,phases,ref  ] GC(17)   Notify Soft/WeakReferences: 0.2ms
[2024-08-16T20:42:43.613+0800][13.656s][debug][gc,phases,ref  ] GC(17)     SoftRef (ms):                  Min:  0.0, Avg:  0.0, Max:  0.0, Diff:  0.0, Sum:  0.0, Workers: 13
[2024-08-16T20:42:43.613+0800][13.656s][debug][gc,phases,ref  ] GC(17)     WeakRef (ms):                  Min:  0.0, Avg:  0.0, Max:  0.0, Diff:  0.0, Sum:  0.0, Workers: 13
[2024-08-16T20:42:43.613+0800][13.656s][debug][gc,phases,ref  ] GC(17)     FinalRef (ms):                 Min:  0.0, Avg:  0.0, Max:  0.0, Diff:  0.0, Sum:  0.0, Workers: 13
[2024-08-16T20:42:43.613+0800][13.656s][debug][gc,phases,ref  ] GC(17)     Total (ms):                    Min:  0.0, Avg:  0.0, Max:  0.0, Diff:  0.0, Sum:  0.0, Workers: 13
[2024-08-16T20:42:43.613+0800][13.656s][debug][gc,phases,ref  ] GC(17)   Notify and keep alive finalizable: 0.0ms
[2024-08-16T20:42:43.613+0800][13.656s][debug][gc,phases,ref  ] GC(17)     FinalRef (ms):                 skipped
[2024-08-16T20:42:43.613+0800][13.657s][debug][gc,phases,ref  ] GC(17)   Notify PhantomReferences: 0.0ms
[2024-08-16T20:42:43.613+0800][13.657s][debug][gc,phases,ref  ] GC(17)     PhantomRef (ms):               Min:  0.0, Avg:  0.0, Max:  0.0, Diff:  0.0, Sum:  0.0, Workers: 13
[2024-08-16T20:42:43.613+0800][13.657s][debug][gc,phases,ref  ] GC(17)   SoftReference:
[2024-08-16T20:42:43.613+0800][13.657s][debug][gc,phases,ref  ] GC(17)     Discovered: 0
[2024-08-16T20:42:43.613+0800][13.657s][debug][gc,phases,ref  ] GC(17)     Cleared: 0
[2024-08-16T20:42:43.613+0800][13.657s][debug][gc,phases,ref  ] GC(17)   WeakReference:
[2024-08-16T20:42:43.613+0800][13.657s][debug][gc,phases,ref  ] GC(17)     Discovered: 22
[2024-08-16T20:42:43.613+0800][13.657s][debug][gc,phases,ref  ] GC(17)     Cleared: 22
[2024-08-16T20:42:43.613+0800][13.657s][debug][gc,phases,ref  ] GC(17)   FinalReference:
[2024-08-16T20:42:43.613+0800][13.657s][debug][gc,phases,ref  ] GC(17)     Discovered: 0
[2024-08-16T20:42:43.613+0800][13.657s][debug][gc,phases,ref  ] GC(17)     Cleared: 0
[2024-08-16T20:42:43.613+0800][13.657s][debug][gc,phases,ref  ] GC(17)   PhantomReference:
[2024-08-16T20:42:43.613+0800][13.657s][debug][gc,phases,ref  ] GC(17)     Discovered: 1
[2024-08-16T20:42:43.613+0800][13.657s][debug][gc,phases,ref  ] GC(17)     Cleared: 1
[2024-08-16T20:42:43.613+0800][13.657s][debug][gc,phases      ] GC(17) Reference Processing 0.714ms
[2024-08-16T20:42:43.613+0800][13.657s][debug][gc,phases,start] GC(17) Weak Processing
[2024-08-16T20:42:43.614+0800][13.657s][debug][gc,phases      ] GC(17)   VM Weak                        Min:  0.0, Avg:  0.0, Max:  0.0, Diff:  0.0, Sum:  0.0, Workers: 3
[2024-08-16T20:42:43.614+0800][13.657s][debug][gc,phases      ] GC(17)     Dead                           Min: 0, Avg:  0.0, Max: 0, Diff: 0, Sum: 0, Workers: 3
[2024-08-16T20:42:43.614+0800][13.657s][debug][gc,phases      ] GC(17)     Total                          Min: 0, Avg:  7.7, Max: 23, Diff: 23, Sum: 23, Workers: 3
[2024-08-16T20:42:43.614+0800][13.657s][debug][gc,phases      ] GC(17)   ObjectSynchronizer Weak        Min:  0.0, Avg:  0.0, Max:  0.0, Diff:  0.0, Sum:  0.0, Workers: 3
[2024-08-16T20:42:43.614+0800][13.657s][debug][gc,phases      ] GC(17)     Dead                           Min: 0, Avg:  0.0, Max: 0, Diff: 0, Sum: 0, Workers: 3
[2024-08-16T20:42:43.614+0800][13.657s][debug][gc,phases      ] GC(17)     Total                          Min: 0, Avg:  1.0, Max: 3, Diff: 3, Sum: 3, Workers: 3
[2024-08-16T20:42:43.614+0800][13.657s][debug][gc,phases      ] GC(17)   JVMTI Tag Weak OopStorage      Min:  0.0, Avg:  0.0, Max:  0.0, Diff:  0.0, Sum:  0.0, Workers: 3
[2024-08-16T20:42:43.614+0800][13.657s][debug][gc,phases      ] GC(17)     Dead                           Min: 0, Avg:  0.0, Max: 0, Diff: 0, Sum: 0, Workers: 3
[2024-08-16T20:42:43.614+0800][13.657s][debug][gc,phases      ] GC(17)     Total                          Min: 0, Avg:  0.0, Max: 0, Diff: 0, Sum: 0, Workers: 3
[2024-08-16T20:42:43.614+0800][13.657s][debug][gc,phases      ] GC(17)   StringTable Weak               Min:  0.0, Avg:  0.0, Max:  0.0, Diff:  0.0, Sum:  0.0, Workers: 3
[2024-08-16T20:42:43.614+0800][13.657s][debug][gc,phases      ] GC(17)     Dead                           Min: 0, Avg:  0.7, Max: 2, Diff: 2, Sum: 2, Workers: 3
[2024-08-16T20:42:43.614+0800][13.657s][debug][gc,phases      ] GC(17)     Total                          Min: 0, Avg: 675.3, Max: 1014, Diff: 1014, Sum: 2026, Workers: 3
[2024-08-16T20:42:43.614+0800][13.657s][debug][gc,phases      ] GC(17)   ResolvedMethodTable Weak       Min:  0.0, Avg:  0.0, Max:  0.0, Diff:  0.0, Sum:  0.0, Workers: 3
[2024-08-16T20:42:43.614+0800][13.657s][debug][gc,phases      ] GC(17)     Dead                           Min: 0, Avg:  0.0, Max: 0, Diff: 0, Sum: 0, Workers: 3
[2024-08-16T20:42:43.614+0800][13.658s][debug][gc,phases      ] GC(17)     Total                          Min: 0, Avg: 62.3, Max: 123, Diff: 123, Sum: 187, Workers: 3
[2024-08-16T20:42:43.614+0800][13.658s][debug][gc,phases      ] GC(17)   JNI Weak                       Min:  0.0, Avg:  0.0, Max:  0.0, Diff:  0.0, Sum:  0.0, Workers: 3
[2024-08-16T20:42:43.614+0800][13.658s][debug][gc,phases      ] GC(17)     Dead                           Min: 0, Avg:  0.0, Max: 0, Diff: 0, Sum: 0, Workers: 3
[2024-08-16T20:42:43.614+0800][13.658s][debug][gc,phases      ] GC(17)     Total                          Min: 0, Avg:  0.0, Max: 0, Diff: 0, Sum: 0, Workers: 3
[2024-08-16T20:42:43.614+0800][13.658s][debug][gc,phases      ] GC(17)   StringDedup Table Weak         Min:  0.0, Avg:  0.0, Max:  0.0, Diff:  0.0, Sum:  0.0, Workers: 3
[2024-08-16T20:42:43.614+0800][13.658s][debug][gc,phases      ] GC(17)     Dead                           Min: 0, Avg:  0.0, Max: 0, Diff: 0, Sum: 0, Workers: 3
[2024-08-16T20:42:43.614+0800][13.658s][debug][gc,phases      ] GC(17)     Total                          Min: 0, Avg:  0.0, Max: 0, Diff: 0, Sum: 0, Workers: 3
[2024-08-16T20:42:43.614+0800][13.658s][debug][gc,phases      ] GC(17)   StringDedup Requests0 Weak     Min:  0.0, Avg:  0.0, Max:  0.0, Diff:  0.0, Sum:  0.0, Workers: 3
[2024-08-16T20:42:43.614+0800][13.658s][debug][gc,phases      ] GC(17)     Dead                           Min: 0, Avg:  0.0, Max: 0, Diff: 0, Sum: 0, Workers: 3
[2024-08-16T20:42:43.614+0800][13.658s][debug][gc,phases      ] GC(17)     Total                          Min: 0, Avg:  0.0, Max: 0, Diff: 0, Sum: 0, Workers: 3
[2024-08-16T20:42:43.614+0800][13.658s][debug][gc,phases      ] GC(17)   StringDedup Requests1 Weak     Min:  0.0, Avg:  0.0, Max:  0.0, Diff:  0.0, Sum:  0.0, Workers: 3
[2024-08-16T20:42:43.614+0800][13.658s][debug][gc,phases      ] GC(17)     Dead                           Min: 0, Avg:  0.0, Max: 0, Diff: 0, Sum: 0, Workers: 3
[2024-08-16T20:42:43.614+0800][13.658s][debug][gc,phases      ] GC(17)     Total                          Min: 0, Avg:  0.0, Max: 0, Diff: 0, Sum: 0, Workers: 3
[2024-08-16T20:42:43.614+0800][13.658s][debug][gc,phases      ] GC(17)   Weak JFR Old Object Samples    Min:  0.0, Avg:  0.0, Max:  0.0, Diff:  0.0, Sum:  0.0, Workers: 3
[2024-08-16T20:42:43.614+0800][13.658s][debug][gc,phases      ] GC(17)     Dead                           Min: 0, Avg:  0.0, Max: 0, Diff: 0, Sum: 0, Workers: 3
[2024-08-16T20:42:43.614+0800][13.658s][debug][gc,phases      ] GC(17)     Total                          Min: 0, Avg:  0.0, Max: 0, Diff: 0, Sum: 0, Workers: 3
[2024-08-16T20:42:43.614+0800][13.658s][debug][gc,phases      ] GC(17) Weak Processing 1.105ms
[2024-08-16T20:42:43.614+0800][13.658s][debug][gc,phases,start] GC(17) Class Unloading
[2024-08-16T20:42:43.614+0800][13.658s][debug][gc,phases,start] GC(17) ClassLoaderData
[2024-08-16T20:42:43.614+0800][13.658s][debug][gc,phases      ] GC(17) ClassLoaderData 0.016ms
[2024-08-16T20:42:43.614+0800][13.658s][debug][gc,phases,start] GC(17) Trigger cleanups
[2024-08-16T20:42:43.614+0800][13.658s][debug][gc,phases      ] GC(17) Trigger cleanups 0.010ms
[2024-08-16T20:42:43.616+0800][13.659s][debug][gc,phases      ] GC(17) Class Unloading 1.116ms
[2024-08-16T20:42:43.616+0800][13.659s][debug][gc,phases,start] GC(17) Report Object Count
[2024-08-16T20:42:43.616+0800][13.659s][debug][gc,phases      ] GC(17) Report Object Count 0.016ms
[2024-08-16T20:42:43.616+0800][13.659s][info ][gc,phases      ] GC(17) Marking Phase 5.868ms
[2024-08-16T20:42:43.616+0800][13.659s][info ][gc,phases,start] GC(17) Summary Phase
[2024-08-16T20:42:43.616+0800][13.659s][info ][gc,phases      ] GC(17) Summary Phase 0.101ms
[2024-08-16T20:42:43.616+0800][13.659s][info ][gc,phases,start] GC(17) Adjust Roots
[2024-08-16T20:42:43.617+0800][13.660s][info ][gc,phases      ] GC(17) Adjust Roots 1.104ms
[2024-08-16T20:42:43.617+0800][13.660s][info ][gc,phases,start] GC(17) Compaction Phase
[2024-08-16T20:42:43.898+0800][13.942s][info ][gc,phases      ] GC(17) Compaction Phase 281.145ms
[2024-08-16T20:42:43.898+0800][13.942s][info ][gc,phases,start] GC(17) Post Compact
[2024-08-16T20:42:43.904+0800][13.948s][info ][gc,phases      ] GC(17) Post Compact 5.979ms
[2024-08-16T20:42:43.904+0800][13.948s][debug][gc,ergo        ] GC(17) AdaptiveSizeStart: collection: 18 
[2024-08-16T20:42:43.904+0800][13.948s][debug][gc,ergo        ] GC(17) PSAdaptiveSizePolicy::compute_eden_space_size limits: desired_eden_size: 1567146565 old_eden_size: 1386217472 eden_limit: 1386217472 cur_eden: 1386217472 max_eden_size: 1386217472 avg_young_live: 460660480
[2024-08-16T20:42:43.904+0800][13.948s][debug][gc,ergo        ] GC(17) PSAdaptiveSizePolicy::compute_eden_space_size: costs minor_time: 0.057707 major_cost: 0.384422 mutator_cost: 0.557872 throughput_goal: 0.990000
[2024-08-16T20:42:43.904+0800][13.948s][debug][gc,ergo        ] GC(17) Live_space: 2646876928 free_space: 2436890624
[2024-08-16T20:42:43.904+0800][13.948s][debug][gc,ergo        ] GC(17) Old eden_size: 1386217472 desired_eden_size: 1386217472
[2024-08-16T20:42:43.904+0800][13.948s][debug][gc,ergo        ] GC(17) PSAdaptiveSizePolicy::compute_old_gen_free_space limits: desired_promo_size: 1251706501 promo_limit: 1050673152 free_in_old_gen: 851319168 max_old_gen_size: 2863661056 avg_old_live: 2012341888
[2024-08-16T20:42:43.904+0800][13.948s][debug][gc,ergo        ] GC(17) PSAdaptiveSizePolicy::compute_old_gen_free_space: costs minor_time: 0.057707 major_cost: 0.384422  mutator_cost: 0.557872 throughput_goal: 0.990000
[2024-08-16T20:42:43.904+0800][13.948s][debug][gc,ergo        ] GC(17) Live_space: 2741437952 free_space: 2436890624
[2024-08-16T20:42:43.904+0800][13.948s][debug][gc,ergo        ] GC(17) Old promo_size: 1050673152 desired_promo_size: 1050673152
[2024-08-16T20:42:43.904+0800][13.948s][debug][gc,ergo        ] GC(17) AdaptiveSizeStop: collection: 18 
[2024-08-16T20:42:43.904+0800][13.948s][info ][gc,heap        ] GC(17) PSYoungGen: 1353728K(1375744K)->1301523K(1375744K) Eden: 1353728K(1353728K)->1301523K(1353728K) From: 0K(22016K)->0K(22016K)
[2024-08-16T20:42:43.904+0800][13.948s][info ][gc,heap        ] GC(17) ParOldGen: 2796278K(2796544K)->2796278K(2796544K)
[2024-08-16T20:42:43.904+0800][13.948s][info ][gc,metaspace   ] GC(17) Metaspace: 844K(960K)->844K(960K) NonClass: 781K(832K)->781K(832K) Class: 62K(128K)->62K(128K)
[2024-08-16T20:42:43.904+0800][13.948s][info ][gc             ] GC(17) Pause Full (Ergonomics) 4052M->4001M(4074M) 294.564ms
[2024-08-16T20:42:43.904+0800][13.948s][info ][gc,cpu         ] GC(17) User=3.67s Sys=0.00s Real=0.30s
[2024-08-16T20:42:43.904+0800][13.948s][debug][gc,heap        ] GC(17) Heap after GC invocations=18 (full 11):
[2024-08-16T20:42:43.904+0800][13.948s][debug][gc,heap        ] GC(17)  PSYoungGen      total 1375744K, used 1301523K [0x00000007aab00000, 0x0000000800000000, 0x0000000800000000)
[2024-08-16T20:42:43.904+0800][13.948s][debug][gc,heap        ] GC(17)   eden space 1353728K, 96% used [0x00000007aab00000,0x00000007fa204f70,0x00000007fd500000)
[2024-08-16T20:42:43.904+0800][13.948s][debug][gc,heap        ] GC(17)   from space 22016K, 0% used [0x00000007fd500000,0x00000007fd500000,0x00000007fea80000)
[2024-08-16T20:42:43.904+0800][13.948s][debug][gc,heap        ] GC(17)   to   space 22016K, 0% used [0x00000007fea80000,0x00000007fea80000,0x0000000800000000)
[2024-08-16T20:42:43.904+0800][13.948s][debug][gc,heap        ] GC(17)  ParOldGen       total 2796544K, used 2796278K [0x0000000700000000, 0x00000007aab00000, 0x00000007aab00000)
[2024-08-16T20:42:43.904+0800][13.948s][debug][gc,heap        ] GC(17)   object space 2796544K, 99% used [0x0000000700000000,0x00000007aaabdb20,0x00000007aab00000)
[2024-08-16T20:42:43.904+0800][13.948s][debug][gc,heap        ] GC(17)  Metaspace       used 844K, committed 960K, reserved 1114112K
[2024-08-16T20:42:43.904+0800][13.948s][debug][gc,heap        ] GC(17)   class space    used 62K, committed 128K, reserved 1048576K
[2024-08-16T20:42:43.904+0800][13.948s][debug][gc,task,time   ] GC(17) VM-Thread 13653251450 13660406656 13947835058
[2024-08-16T20:42:43.968+0800][14.011s][debug][gc,phases,start] GC(18) Pre Compact
[2024-08-16T20:42:43.968+0800][14.011s][debug][gc,heap        ] GC(18) Heap before GC invocations=19 (full 12):
[2024-08-16T20:42:43.968+0800][14.011s][debug][gc,heap        ] GC(18)  PSYoungGen      total 1375744K, used 1353610K [0x00000007aab00000, 0x0000000800000000, 0x0000000800000000)
[2024-08-16T20:42:43.968+0800][14.011s][debug][gc,heap        ] GC(18)   eden space 1353728K, 99% used [0x00000007aab00000,0x00000007fd4e2b20,0x00000007fd500000)
[2024-08-16T20:42:43.968+0800][14.011s][debug][gc,heap        ] GC(18)   from space 22016K, 0% used [0x00000007fd500000,0x00000007fd500000,0x00000007fea80000)
[2024-08-16T20:42:43.968+0800][14.011s][debug][gc,heap        ] GC(18)   to   space 22016K, 0% used [0x00000007fea80000,0x00000007fea80000,0x0000000800000000)
[2024-08-16T20:42:43.968+0800][14.011s][debug][gc,heap        ] GC(18)  ParOldGen       total 2796544K, used 2796278K [0x0000000700000000, 0x00000007aab00000, 0x00000007aab00000)
[2024-08-16T20:42:43.968+0800][14.011s][debug][gc,heap        ] GC(18)   object space 2796544K, 99% used [0x0000000700000000,0x00000007aaabdb20,0x00000007aab00000)
[2024-08-16T20:42:43.968+0800][14.011s][debug][gc,heap        ] GC(18)  Metaspace       used 844K, committed 960K, reserved 1114112K
[2024-08-16T20:42:43.968+0800][14.011s][debug][gc,heap        ] GC(18)   class space    used 62K, committed 128K, reserved 1048576K
[2024-08-16T20:42:43.968+0800][14.011s][debug][gc,tlab        ] GC(18) TLAB totals: thrds: 1  refills: 1 max: 1 slow allocs: 42 max 42 waste:  7.5% gc: 698976B max: 698976B slow: 0B max: 0B
[2024-08-16T20:42:43.968+0800][14.011s][debug][gc,phases      ] GC(18) Pre Compact 0.438ms
[2024-08-16T20:42:43.968+0800][14.012s][info ][gc,start       ] GC(18) Pause Full (Ergonomics)
[2024-08-16T20:42:43.968+0800][14.012s][info ][gc,phases,start] GC(18) Marking Phase
[2024-08-16T20:42:43.968+0800][14.012s][debug][gc,phases,start] GC(18) Par Mark
[2024-08-16T20:42:43.972+0800][14.016s][debug][gc,phases      ] GC(18) Par Mark 3.923ms
[2024-08-16T20:42:43.972+0800][14.016s][debug][gc,phases,start] GC(18) Reference Processing
[2024-08-16T20:42:43.972+0800][14.016s][debug][gc,ref         ] GC(18) Skipped phase 1 of Reference Processing: no references
[2024-08-16T20:42:43.973+0800][14.016s][debug][gc,ref         ] GC(18) ReferenceProcessor::execute queues: 1, RefProcThreadModel::Single, marks_oops_alive: false
[2024-08-16T20:42:43.973+0800][14.016s][debug][gc,ref         ] GC(18) Skipped phase 3 of Reference Processing: no references
[2024-08-16T20:42:43.973+0800][14.016s][debug][gc,ref         ] GC(18) ReferenceProcessor::execute queues: 1, RefProcThreadModel::Single, marks_oops_alive: false
[2024-08-16T20:42:43.973+0800][14.016s][debug][gc,phases,ref  ] GC(18) Reference Processing: 0.4ms
[2024-08-16T20:42:43.973+0800][14.016s][debug][gc,phases,ref  ] GC(18)   Reconsider SoftReferences: 0.0ms
[2024-08-16T20:42:43.973+0800][14.016s][debug][gc,phases,ref  ] GC(18)     SoftRef (ms):                  skipped
[2024-08-16T20:42:43.973+0800][14.016s][debug][gc,phases,ref  ] GC(18)   Notify Soft/WeakReferences: 0.3ms
[2024-08-16T20:42:43.973+0800][14.016s][debug][gc,phases,ref  ] GC(18)     SoftRef (ms):                  Min:  0.0, Avg:  0.0, Max:  0.0, Diff:  0.0, Sum:  0.0, Workers: 13
[2024-08-16T20:42:43.973+0800][14.016s][debug][gc,phases,ref  ] GC(18)     WeakRef (ms):                  Min:  0.0, Avg:  0.0, Max:  0.0, Diff:  0.0, Sum:  0.0, Workers: 13
[2024-08-16T20:42:43.973+0800][14.016s][debug][gc,phases,ref  ] GC(18)     FinalRef (ms):                 Min:  0.0, Avg:  0.0, Max:  0.0, Diff:  0.0, Sum:  0.0, Workers: 13
[2024-08-16T20:42:43.973+0800][14.017s][debug][gc,phases,ref  ] GC(18)     Total (ms):                    Min:  0.0, Avg:  0.0, Max:  0.0, Diff:  0.0, Sum:  0.0, Workers: 13
[2024-08-16T20:42:43.973+0800][14.017s][debug][gc,phases,ref  ] GC(18)   Notify and keep alive finalizable: 0.0ms
[2024-08-16T20:42:43.973+0800][14.017s][debug][gc,phases,ref  ] GC(18)     FinalRef (ms):                 skipped
[2024-08-16T20:42:43.973+0800][14.017s][debug][gc,phases,ref  ] GC(18)   Notify PhantomReferences: 0.1ms
[2024-08-16T20:42:43.973+0800][14.017s][debug][gc,phases,ref  ] GC(18)     PhantomRef (ms):               Min:  0.0, Avg:  0.0, Max:  0.0, Diff:  0.0, Sum:  0.0, Workers: 13
[2024-08-16T20:42:43.973+0800][14.017s][debug][gc,phases,ref  ] GC(18)   SoftReference:
[2024-08-16T20:42:43.973+0800][14.017s][debug][gc,phases,ref  ] GC(18)     Discovered: 0
[2024-08-16T20:42:43.973+0800][14.017s][debug][gc,phases,ref  ] GC(18)     Cleared: 0
[2024-08-16T20:42:43.973+0800][14.017s][debug][gc,phases,ref  ] GC(18)   WeakReference:
[2024-08-16T20:42:43.973+0800][14.017s][debug][gc,phases,ref  ] GC(18)     Discovered: 7
[2024-08-16T20:42:43.973+0800][14.017s][debug][gc,phases,ref  ] GC(18)     Cleared: 7
[2024-08-16T20:42:43.973+0800][14.017s][debug][gc,phases,ref  ] GC(18)   FinalReference:
[2024-08-16T20:42:43.973+0800][14.017s][debug][gc,phases,ref  ] GC(18)     Discovered: 0
[2024-08-16T20:42:43.973+0800][14.017s][debug][gc,phases,ref  ] GC(18)     Cleared: 0
[2024-08-16T20:42:43.973+0800][14.017s][debug][gc,phases,ref  ] GC(18)   PhantomReference:
[2024-08-16T20:42:43.973+0800][14.017s][debug][gc,phases,ref  ] GC(18)     Discovered: 1
[2024-08-16T20:42:43.973+0800][14.017s][debug][gc,phases,ref  ] GC(18)     Cleared: 1
[2024-08-16T20:42:43.974+0800][14.017s][debug][gc,phases      ] GC(18) Reference Processing 1.277ms
[2024-08-16T20:42:43.974+0800][14.017s][debug][gc,phases,start] GC(18) Weak Processing
[2024-08-16T20:42:43.974+0800][14.018s][debug][gc,phases      ] GC(18)   VM Weak                        Min:  0.0, Avg:  0.0, Max:  0.0, Diff:  0.0, Sum:  0.0, Workers: 3
[2024-08-16T20:42:43.974+0800][14.018s][debug][gc,phases      ] GC(18)     Dead                           Min: 0, Avg:  0.0, Max: 0, Diff: 0, Sum: 0, Workers: 3
[2024-08-16T20:42:43.974+0800][14.018s][debug][gc,phases      ] GC(18)     Total                          Min: 0, Avg:  7.7, Max: 23, Diff: 23, Sum: 23, Workers: 3
[2024-08-16T20:42:43.974+0800][14.018s][debug][gc,phases      ] GC(18)   ObjectSynchronizer Weak        Min:  0.0, Avg:  0.0, Max:  0.0, Diff:  0.0, Sum:  0.0, Workers: 3
[2024-08-16T20:42:43.974+0800][14.018s][debug][gc,phases      ] GC(18)     Dead                           Min: 0, Avg:  0.0, Max: 0, Diff: 0, Sum: 0, Workers: 3
[2024-08-16T20:42:43.974+0800][14.018s][debug][gc,phases      ] GC(18)     Total                          Min: 0, Avg:  1.0, Max: 3, Diff: 3, Sum: 3, Workers: 3
[2024-08-16T20:42:43.974+0800][14.018s][debug][gc,phases      ] GC(18)   JVMTI Tag Weak OopStorage      Min:  0.0, Avg:  0.0, Max:  0.0, Diff:  0.0, Sum:  0.0, Workers: 3
[2024-08-16T20:42:43.974+0800][14.018s][debug][gc,phases      ] GC(18)     Dead                           Min: 0, Avg:  0.0, Max: 0, Diff: 0, Sum: 0, Workers: 3
[2024-08-16T20:42:43.974+0800][14.018s][debug][gc,phases      ] GC(18)     Total                          Min: 0, Avg:  0.0, Max: 0, Diff: 0, Sum: 0, Workers: 3
[2024-08-16T20:42:43.975+0800][14.018s][debug][gc,phases      ] GC(18)   StringTable Weak               Min:  0.0, Avg:  0.0, Max:  0.1, Diff:  0.1, Sum:  0.1, Workers: 3
[2024-08-16T20:42:43.975+0800][14.018s][debug][gc,phases      ] GC(18)     Dead                           Min: 0, Avg:  0.7, Max: 2, Diff: 2, Sum: 2, Workers: 3
[2024-08-16T20:42:43.975+0800][14.018s][debug][gc,phases      ] GC(18)     Total                          Min: 0, Avg: 675.3, Max: 2026, Diff: 2026, Sum: 2026, Workers: 3
[2024-08-16T20:42:43.975+0800][14.018s][debug][gc,phases      ] GC(18)   ResolvedMethodTable Weak       Min:  0.0, Avg:  0.0, Max:  0.0, Diff:  0.0, Sum:  0.0, Workers: 3
[2024-08-16T20:42:43.975+0800][14.018s][debug][gc,phases      ] GC(18)     Dead                           Min: 0, Avg:  0.0, Max: 0, Diff: 0, Sum: 0, Workers: 3
[2024-08-16T20:42:43.975+0800][14.018s][debug][gc,phases      ] GC(18)     Total                          Min: 59, Avg: 62.3, Max: 64, Diff: 5, Sum: 187, Workers: 3
[2024-08-16T20:42:43.975+0800][14.018s][debug][gc,phases      ] GC(18)   JNI Weak                       Min:  0.0, Avg:  0.0, Max:  0.0, Diff:  0.0, Sum:  0.0, Workers: 3
[2024-08-16T20:42:43.975+0800][14.018s][debug][gc,phases      ] GC(18)     Dead                           Min: 0, Avg:  0.0, Max: 0, Diff: 0, Sum: 0, Workers: 3
[2024-08-16T20:42:43.975+0800][14.018s][debug][gc,phases      ] GC(18)     Total                          Min: 0, Avg:  0.0, Max: 0, Diff: 0, Sum: 0, Workers: 3
[2024-08-16T20:42:43.975+0800][14.018s][debug][gc,phases      ] GC(18)   StringDedup Table Weak         Min:  0.0, Avg:  0.0, Max:  0.0, Diff:  0.0, Sum:  0.0, Workers: 3
[2024-08-16T20:42:43.975+0800][14.018s][debug][gc,phases      ] GC(18)     Dead                           Min: 0, Avg:  0.0, Max: 0, Diff: 0, Sum: 0, Workers: 3
[2024-08-16T20:42:43.975+0800][14.018s][debug][gc,phases      ] GC(18)     Total                          Min: 0, Avg:  0.0, Max: 0, Diff: 0, Sum: 0, Workers: 3
[2024-08-16T20:42:43.975+0800][14.019s][debug][gc,phases      ] GC(18)   StringDedup Requests0 Weak     Min:  0.0, Avg:  0.0, Max:  0.0, Diff:  0.0, Sum:  0.0, Workers: 3
[2024-08-16T20:42:43.975+0800][14.019s][debug][gc,phases      ] GC(18)     Dead                           Min: 0, Avg:  0.0, Max: 0, Diff: 0, Sum: 0, Workers: 3
[2024-08-16T20:42:43.975+0800][14.019s][debug][gc,phases      ] GC(18)     Total                          Min: 0, Avg:  0.0, Max: 0, Diff: 0, Sum: 0, Workers: 3
[2024-08-16T20:42:43.975+0800][14.019s][debug][gc,phases      ] GC(18)   StringDedup Requests1 Weak     Min:  0.0, Avg:  0.0, Max:  0.0, Diff:  0.0, Sum:  0.0, Workers: 3
[2024-08-16T20:42:43.975+0800][14.019s][debug][gc,phases      ] GC(18)     Dead                           Min: 0, Avg:  0.0, Max: 0, Diff: 0, Sum: 0, Workers: 3
[2024-08-16T20:42:43.975+0800][14.019s][debug][gc,phases      ] GC(18)     Total                          Min: 0, Avg:  0.0, Max: 0, Diff: 0, Sum: 0, Workers: 3
[2024-08-16T20:42:43.975+0800][14.019s][debug][gc,phases      ] GC(18)   Weak JFR Old Object Samples    Min:  0.0, Avg:  0.0, Max:  0.0, Diff:  0.0, Sum:  0.0, Workers: 3
[2024-08-16T20:42:43.975+0800][14.019s][debug][gc,phases      ] GC(18)     Dead                           Min: 0, Avg:  0.0, Max: 0, Diff: 0, Sum: 0, Workers: 3
[2024-08-16T20:42:43.975+0800][14.019s][debug][gc,phases      ] GC(18)     Total                          Min: 0, Avg:  0.0, Max: 0, Diff: 0, Sum: 0, Workers: 3
[2024-08-16T20:42:43.975+0800][14.019s][debug][gc,phases      ] GC(18) Weak Processing 1.770ms
[2024-08-16T20:42:43.975+0800][14.019s][debug][gc,phases,start] GC(18) Class Unloading
[2024-08-16T20:42:43.975+0800][14.019s][debug][gc,phases,start] GC(18) ClassLoaderData
[2024-08-16T20:42:43.975+0800][14.019s][debug][gc,phases      ] GC(18) ClassLoaderData 0.038ms
[2024-08-16T20:42:43.975+0800][14.019s][debug][gc,phases,start] GC(18) Trigger cleanups
[2024-08-16T20:42:43.975+0800][14.019s][debug][gc,phases      ] GC(18) Trigger cleanups 0.029ms
[2024-08-16T20:42:43.978+0800][14.021s][debug][gc,phases      ] GC(18) Class Unloading 2.327ms
[2024-08-16T20:42:43.978+0800][14.022s][debug][gc,phases,start] GC(18) Report Object Count
[2024-08-16T20:42:43.978+0800][14.022s][debug][gc,phases      ] GC(18) Report Object Count 0.060ms
[2024-08-16T20:42:43.978+0800][14.022s][info ][gc,phases      ] GC(18) Marking Phase 10.026ms
[2024-08-16T20:42:43.978+0800][14.022s][info ][gc,phases,start] GC(18) Summary Phase
[2024-08-16T20:42:43.979+0800][14.022s][info ][gc,phases      ] GC(18) Summary Phase 0.361ms
[2024-08-16T20:42:43.979+0800][14.022s][info ][gc,phases,start] GC(18) Adjust Roots
[2024-08-16T20:42:43.980+0800][14.024s][info ][gc,phases      ] GC(18) Adjust Roots 1.609ms
[2024-08-16T20:42:43.980+0800][14.024s][info ][gc,phases,start] GC(18) Compaction Phase
[2024-08-16T20:42:44.266+0800][14.309s][info ][gc,phases      ] GC(18) Compaction Phase 285.659ms
[2024-08-16T20:42:44.266+0800][14.310s][info ][gc,phases,start] GC(18) Post Compact
[2024-08-16T20:42:44.271+0800][14.315s][info ][gc,phases      ] GC(18) Post Compact 5.141ms
[2024-08-16T20:42:44.271+0800][14.315s][debug][gc,ergo        ] GC(18) AdaptiveSizeStart: collection: 19 
[2024-08-16T20:42:44.271+0800][14.315s][debug][gc,ergo        ] GC(18) PSAdaptiveSizePolicy::compute_eden_space_size limits: desired_eden_size: 1531002166 old_eden_size: 1386217472 eden_limit: 1386217472 cur_eden: 1386217472 max_eden_size: 1386217472 avg_young_live: 547870464
[2024-08-16T20:42:44.271+0800][14.315s][debug][gc,ergo        ] GC(18) PSAdaptiveSizePolicy::compute_eden_space_size: costs minor_time: 0.057707 major_cost: 0.494795 mutator_cost: 0.447498 throughput_goal: 0.990000
[2024-08-16T20:42:44.271+0800][14.315s][debug][gc,ergo        ] GC(18) Live_space: 2828647936 free_space: 2436890624
[2024-08-16T20:42:44.271+0800][14.315s][debug][gc,ergo        ] GC(18) Old eden_size: 1386217472 desired_eden_size: 1386217472
[2024-08-16T20:42:44.271+0800][14.315s][debug][gc,ergo        ] GC(18) PSAdaptiveSizePolicy::compute_old_gen_free_space limits: desired_promo_size: 1257735124 promo_limit: 1050673152 free_in_old_gen: 766214400 max_old_gen_size: 2863661056 avg_old_live: 2097446656
[2024-08-16T20:42:44.271+0800][14.315s][debug][gc,ergo        ] GC(18) PSAdaptiveSizePolicy::compute_old_gen_free_space: costs minor_time: 0.057707 major_cost: 0.494795  mutator_cost: 0.447498 throughput_goal: 0.990000
[2024-08-16T20:42:44.271+0800][14.315s][debug][gc,ergo        ] GC(18) Live_space: 2913752576 free_space: 2436890624
[2024-08-16T20:42:44.271+0800][14.315s][debug][gc,ergo        ] GC(18) Old promo_size: 1050673152 desired_promo_size: 1050673152
[2024-08-16T20:42:44.271+0800][14.315s][debug][gc,ergo        ] GC(18) AdaptiveSizeStop: collection: 19 
[2024-08-16T20:42:44.271+0800][14.315s][info ][gc,heap        ] GC(18) PSYoungGen: 1353610K(1375744K)->1301523K(1375744K) Eden: 1353610K(1353728K)->1301523K(1353728K) From: 0K(22016K)->0K(22016K)
[2024-08-16T20:42:44.271+0800][14.315s][info ][gc,heap        ] GC(18) ParOldGen: 2796278K(2796544K)->2796278K(2796544K)
[2024-08-16T20:42:44.271+0800][14.315s][info ][gc,metaspace   ] GC(18) Metaspace: 844K(960K)->844K(960K) NonClass: 781K(832K)->781K(832K) Class: 62K(128K)->62K(128K)
[2024-08-16T20:42:44.271+0800][14.315s][info ][gc             ] GC(18) Pause Full (Ergonomics) 4052M->4001M(4074M) 303.368ms
[2024-08-16T20:42:44.271+0800][14.315s][info ][gc,cpu         ] GC(18) User=3.73s Sys=0.00s Real=0.30s
[2024-08-16T20:42:44.271+0800][14.315s][debug][gc,heap        ] GC(18) Heap after GC invocations=19 (full 12):
[2024-08-16T20:42:44.271+0800][14.315s][debug][gc,heap        ] GC(18)  PSYoungGen      total 1375744K, used 1301523K [0x00000007aab00000, 0x0000000800000000, 0x0000000800000000)
[2024-08-16T20:42:44.271+0800][14.315s][debug][gc,heap        ] GC(18)   eden space 1353728K, 96% used [0x00000007aab00000,0x00000007fa204f70,0x00000007fd500000)
[2024-08-16T20:42:44.271+0800][14.315s][debug][gc,heap        ] GC(18)   from space 22016K, 0% used [0x00000007fea80000,0x00000007fea80000,0x0000000800000000)
[2024-08-16T20:42:44.271+0800][14.315s][debug][gc,heap        ] GC(18)   to   space 22016K, 0% used [0x00000007fd500000,0x00000007fd500000,0x00000007fea80000)
[2024-08-16T20:42:44.271+0800][14.315s][debug][gc,heap        ] GC(18)  ParOldGen       total 2796544K, used 2796278K [0x0000000700000000, 0x00000007aab00000, 0x00000007aab00000)
[2024-08-16T20:42:44.271+0800][14.315s][debug][gc,heap        ] GC(18)   object space 2796544K, 99% used [0x0000000700000000,0x00000007aaabdb20,0x00000007aab00000)
[2024-08-16T20:42:44.272+0800][14.315s][debug][gc,heap        ] GC(18)  Metaspace       used 844K, committed 960K, reserved 1114112K
[2024-08-16T20:42:44.272+0800][14.315s][debug][gc,heap        ] GC(18)   class space    used 62K, committed 128K, reserved 1048576K
[2024-08-16T20:42:44.272+0800][14.315s][debug][gc,task,time   ] GC(18) VM-Thread 14011593854 14023780168 14314962112
[2024-08-16T20:42:44.335+0800][14.378s][debug][gc,phases,start] GC(19) Pre Compact
[2024-08-16T20:42:44.335+0800][14.378s][debug][gc,heap        ] GC(19) Heap before GC invocations=20 (full 13):
[2024-08-16T20:42:44.335+0800][14.378s][debug][gc,heap        ] GC(19)  PSYoungGen      total 1375744K, used 1353728K [0x00000007aab00000, 0x0000000800000000, 0x0000000800000000)
[2024-08-16T20:42:44.335+0800][14.378s][debug][gc,heap        ] GC(19)   eden space 1353728K, 100% used [0x00000007aab00000,0x00000007fd500000,0x00000007fd500000)
[2024-08-16T20:42:44.335+0800][14.379s][debug][gc,heap        ] GC(19)   from space 22016K, 0% used [0x00000007fea80000,0x00000007fea80000,0x0000000800000000)
[2024-08-16T20:42:44.335+0800][14.379s][debug][gc,heap        ] GC(19)   to   space 22016K, 0% used [0x00000007fd500000,0x00000007fd500000,0x00000007fea80000)
[2024-08-16T20:42:44.335+0800][14.379s][debug][gc,heap        ] GC(19)  ParOldGen       total 2796544K, used 2796278K [0x0000000700000000, 0x00000007aab00000, 0x00000007aab00000)
[2024-08-16T20:42:44.335+0800][14.379s][debug][gc,heap        ] GC(19)   object space 2796544K, 99% used [0x0000000700000000,0x00000007aaabdb20,0x00000007aab00000)
[2024-08-16T20:42:44.335+0800][14.379s][debug][gc,heap        ] GC(19)  Metaspace       used 844K, committed 960K, reserved 1114112K
[2024-08-16T20:42:44.335+0800][14.379s][debug][gc,heap        ] GC(19)   class space    used 62K, committed 128K, reserved 1048576K
[2024-08-16T20:42:44.335+0800][14.379s][debug][gc,tlab        ] GC(19) TLAB totals: thrds: 1  refills: 8 max: 8 slow allocs: 1 max 1 waste:  1.6% gc: 195944B max: 195944B slow: 623096B max: 623096B
[2024-08-16T20:42:44.335+0800][14.379s][debug][gc,phases      ] GC(19) Pre Compact 0.249ms
[2024-08-16T20:42:44.335+0800][14.379s][info ][gc,start       ] GC(19) Pause Full (Ergonomics)
[2024-08-16T20:42:44.335+0800][14.379s][info ][gc,phases,start] GC(19) Marking Phase
[2024-08-16T20:42:44.335+0800][14.379s][debug][gc,phases,start] GC(19) Par Mark
[2024-08-16T20:42:44.339+0800][14.383s][debug][gc,phases      ] GC(19) Par Mark 3.880ms
[2024-08-16T20:42:44.339+0800][14.383s][debug][gc,phases,start] GC(19) Reference Processing
[2024-08-16T20:42:44.339+0800][14.383s][debug][gc,ref         ] GC(19) Skipped phase 1 of Reference Processing: no references
[2024-08-16T20:42:44.340+0800][14.383s][debug][gc,ref         ] GC(19) ReferenceProcessor::execute queues: 1, RefProcThreadModel::Single, marks_oops_alive: false
[2024-08-16T20:42:44.340+0800][14.383s][debug][gc,ref         ] GC(19) Skipped phase 3 of Reference Processing: no references
[2024-08-16T20:42:44.340+0800][14.383s][debug][gc,ref         ] GC(19) ReferenceProcessor::execute queues: 1, RefProcThreadModel::Single, marks_oops_alive: false
[2024-08-16T20:42:44.340+0800][14.383s][debug][gc,phases,ref  ] GC(19) Reference Processing: 0.4ms
[2024-08-16T20:42:44.340+0800][14.383s][debug][gc,phases,ref  ] GC(19)   Reconsider SoftReferences: 0.0ms
[2024-08-16T20:42:44.340+0800][14.383s][debug][gc,phases,ref  ] GC(19)     SoftRef (ms):                  skipped
[2024-08-16T20:42:44.340+0800][14.383s][debug][gc,phases,ref  ] GC(19)   Notify Soft/WeakReferences: 0.3ms
[2024-08-16T20:42:44.340+0800][14.383s][debug][gc,phases,ref  ] GC(19)     SoftRef (ms):                  Min:  0.0, Avg:  0.0, Max:  0.0, Diff:  0.0, Sum:  0.0, Workers: 13
[2024-08-16T20:42:44.340+0800][14.383s][debug][gc,phases,ref  ] GC(19)     WeakRef (ms):                  Min:  0.0, Avg:  0.0, Max:  0.0, Diff:  0.0, Sum:  0.0, Workers: 13
[2024-08-16T20:42:44.340+0800][14.383s][debug][gc,phases,ref  ] GC(19)     FinalRef (ms):                 Min:  0.0, Avg:  0.0, Max:  0.0, Diff:  0.0, Sum:  0.0, Workers: 13
[2024-08-16T20:42:44.340+0800][14.383s][debug][gc,phases,ref  ] GC(19)     Total (ms):                    Min:  0.0, Avg:  0.0, Max:  0.0, Diff:  0.0, Sum:  0.0, Workers: 13
[2024-08-16T20:42:44.340+0800][14.384s][debug][gc,phases,ref  ] GC(19)   Notify and keep alive finalizable: 0.0ms
[2024-08-16T20:42:44.340+0800][14.384s][debug][gc,phases,ref  ] GC(19)     FinalRef (ms):                 skipped
[2024-08-16T20:42:44.340+0800][14.384s][debug][gc,phases,ref  ] GC(19)   Notify PhantomReferences: 0.0ms
[2024-08-16T20:42:44.340+0800][14.384s][debug][gc,phases,ref  ] GC(19)     PhantomRef (ms):               Min:  0.0, Avg:  0.0, Max:  0.0, Diff:  0.0, Sum:  0.0, Workers: 13
[2024-08-16T20:42:44.341+0800][14.384s][debug][gc,phases,ref  ] GC(19)   SoftReference:
[2024-08-16T20:42:44.341+0800][14.384s][debug][gc,phases,ref  ] GC(19)     Discovered: 0
[2024-08-16T20:42:44.341+0800][14.384s][debug][gc,phases,ref  ] GC(19)     Cleared: 0
[2024-08-16T20:42:44.341+0800][14.385s][debug][gc,phases,ref  ] GC(19)   WeakReference:
[2024-08-16T20:42:44.341+0800][14.385s][debug][gc,phases,ref  ] GC(19)     Discovered: 82
[2024-08-16T20:42:44.341+0800][14.385s][debug][gc,phases,ref  ] GC(19)     Cleared: 82
[2024-08-16T20:42:44.341+0800][14.385s][debug][gc,phases,ref  ] GC(19)   FinalReference:
[2024-08-16T20:42:44.341+0800][14.385s][debug][gc,phases,ref  ] GC(19)     Discovered: 0
[2024-08-16T20:42:44.341+0800][14.385s][debug][gc,phases,ref  ] GC(19)     Cleared: 0
[2024-08-16T20:42:44.341+0800][14.385s][debug][gc,phases,ref  ] GC(19)   PhantomReference:
[2024-08-16T20:42:44.341+0800][14.385s][debug][gc,phases,ref  ] GC(19)     Discovered: 1
[2024-08-16T20:42:44.341+0800][14.385s][debug][gc,phases,ref  ] GC(19)     Cleared: 1
[2024-08-16T20:42:44.341+0800][14.385s][debug][gc,phases      ] GC(19) Reference Processing 2.236ms
[2024-08-16T20:42:44.342+0800][14.385s][debug][gc,phases,start] GC(19) Weak Processing
[2024-08-16T20:42:44.342+0800][14.385s][debug][gc,phases      ] GC(19)   VM Weak                        Min:  0.0, Avg:  0.0, Max:  0.0, Diff:  0.0, Sum:  0.0, Workers: 3
[2024-08-16T20:42:44.342+0800][14.385s][debug][gc,phases      ] GC(19)     Dead                           Min: 0, Avg:  0.0, Max: 0, Diff: 0, Sum: 0, Workers: 3
[2024-08-16T20:42:44.342+0800][14.385s][debug][gc,phases      ] GC(19)     Total                          Min: 0, Avg:  7.7, Max: 23, Diff: 23, Sum: 23, Workers: 3
[2024-08-16T20:42:44.342+0800][14.385s][debug][gc,phases      ] GC(19)   ObjectSynchronizer Weak        Min:  0.0, Avg:  0.0, Max:  0.0, Diff:  0.0, Sum:  0.0, Workers: 3
[2024-08-16T20:42:44.342+0800][14.385s][debug][gc,phases      ] GC(19)     Dead                           Min: 0, Avg:  0.0, Max: 0, Diff: 0, Sum: 0, Workers: 3
[2024-08-16T20:42:44.342+0800][14.385s][debug][gc,phases      ] GC(19)     Total                          Min: 0, Avg:  1.0, Max: 3, Diff: 3, Sum: 3, Workers: 3
[2024-08-16T20:42:44.342+0800][14.386s][debug][gc,phases      ] GC(19)   JVMTI Tag Weak OopStorage      Min:  0.0, Avg:  0.0, Max:  0.0, Diff:  0.0, Sum:  0.0, Workers: 3
[2024-08-16T20:42:44.342+0800][14.386s][debug][gc,phases      ] GC(19)     Dead                           Min: 0, Avg:  0.0, Max: 0, Diff: 0, Sum: 0, Workers: 3
[2024-08-16T20:42:44.342+0800][14.386s][debug][gc,phases      ] GC(19)     Total                          Min: 0, Avg:  0.0, Max: 0, Diff: 0, Sum: 0, Workers: 3
[2024-08-16T20:42:44.342+0800][14.386s][debug][gc,phases      ] GC(19)   StringTable Weak               Min:  0.0, Avg:  0.0, Max:  0.1, Diff:  0.1, Sum:  0.1, Workers: 3
[2024-08-16T20:42:44.342+0800][14.386s][debug][gc,phases      ] GC(19)     Dead                           Min: 0, Avg:  0.7, Max: 2, Diff: 2, Sum: 2, Workers: 3
[2024-08-16T20:42:44.342+0800][14.386s][debug][gc,phases      ] GC(19)     Total                          Min: 0, Avg: 675.3, Max: 2026, Diff: 2026, Sum: 2026, Workers: 3
[2024-08-16T20:42:44.342+0800][14.386s][debug][gc,phases      ] GC(19)   ResolvedMethodTable Weak       Min:  0.0, Avg:  0.0, Max:  0.0, Diff:  0.0, Sum:  0.0, Workers: 3
[2024-08-16T20:42:44.342+0800][14.386s][debug][gc,phases      ] GC(19)     Dead                           Min: 0, Avg:  0.0, Max: 0, Diff: 0, Sum: 0, Workers: 3
[2024-08-16T20:42:44.342+0800][14.386s][debug][gc,phases      ] GC(19)     Total                          Min: 0, Avg: 62.3, Max: 187, Diff: 187, Sum: 187, Workers: 3
[2024-08-16T20:42:44.342+0800][14.386s][debug][gc,phases      ] GC(19)   JNI Weak                       Min:  0.0, Avg:  0.0, Max:  0.0, Diff:  0.0, Sum:  0.0, Workers: 3
[2024-08-16T20:42:44.342+0800][14.386s][debug][gc,phases      ] GC(19)     Dead                           Min: 0, Avg:  0.0, Max: 0, Diff: 0, Sum: 0, Workers: 3
[2024-08-16T20:42:44.342+0800][14.386s][debug][gc,phases      ] GC(19)     Total                          Min: 0, Avg:  0.0, Max: 0, Diff: 0, Sum: 0, Workers: 3
[2024-08-16T20:42:44.342+0800][14.386s][debug][gc,phases      ] GC(19)   StringDedup Table Weak         Min:  0.0, Avg:  0.0, Max:  0.0, Diff:  0.0, Sum:  0.0, Workers: 3
[2024-08-16T20:42:44.342+0800][14.386s][debug][gc,phases      ] GC(19)     Dead                           Min: 0, Avg:  0.0, Max: 0, Diff: 0, Sum: 0, Workers: 3
[2024-08-16T20:42:44.342+0800][14.386s][debug][gc,phases      ] GC(19)     Total                          Min: 0, Avg:  0.0, Max: 0, Diff: 0, Sum: 0, Workers: 3
[2024-08-16T20:42:44.342+0800][14.386s][debug][gc,phases      ] GC(19)   StringDedup Requests0 Weak     Min:  0.0, Avg:  0.0, Max:  0.0, Diff:  0.0, Sum:  0.0, Workers: 3
[2024-08-16T20:42:44.342+0800][14.386s][debug][gc,phases      ] GC(19)     Dead                           Min: 0, Avg:  0.0, Max: 0, Diff: 0, Sum: 0, Workers: 3
[2024-08-16T20:42:44.342+0800][14.386s][debug][gc,phases      ] GC(19)     Total                          Min: 0, Avg:  0.0, Max: 0, Diff: 0, Sum: 0, Workers: 3
[2024-08-16T20:42:44.342+0800][14.386s][debug][gc,phases      ] GC(19)   StringDedup Requests1 Weak     Min:  0.0, Avg:  0.0, Max:  0.0, Diff:  0.0, Sum:  0.0, Workers: 3
[2024-08-16T20:42:44.342+0800][14.386s][debug][gc,phases      ] GC(19)     Dead                           Min: 0, Avg:  0.0, Max: 0, Diff: 0, Sum: 0, Workers: 3
[2024-08-16T20:42:44.342+0800][14.386s][debug][gc,phases      ] GC(19)     Total                          Min: 0, Avg:  0.0, Max: 0, Diff: 0, Sum: 0, Workers: 3
[2024-08-16T20:42:44.342+0800][14.386s][debug][gc,phases      ] GC(19)   Weak JFR Old Object Samples    Min:  0.0, Avg:  0.0, Max:  0.0, Diff:  0.0, Sum:  0.0, Workers: 3
[2024-08-16T20:42:44.342+0800][14.386s][debug][gc,phases      ] GC(19)     Dead                           Min: 0, Avg:  0.0, Max: 0, Diff: 0, Sum: 0, Workers: 3
[2024-08-16T20:42:44.342+0800][14.386s][debug][gc,phases      ] GC(19)     Total                          Min: 0, Avg:  0.0, Max: 0, Diff: 0, Sum: 0, Workers: 3
[2024-08-16T20:42:44.342+0800][14.386s][debug][gc,phases      ] GC(19) Weak Processing 0.970ms
[2024-08-16T20:42:44.342+0800][14.386s][debug][gc,phases,start] GC(19) Class Unloading
[2024-08-16T20:42:44.343+0800][14.386s][debug][gc,phases,start] GC(19) ClassLoaderData
[2024-08-16T20:42:44.343+0800][14.386s][debug][gc,phases      ] GC(19) ClassLoaderData 0.020ms
[2024-08-16T20:42:44.343+0800][14.386s][debug][gc,phases,start] GC(19) Trigger cleanups
[2024-08-16T20:42:44.343+0800][14.386s][debug][gc,phases      ] GC(19) Trigger cleanups 0.013ms
[2024-08-16T20:42:44.344+0800][14.387s][debug][gc,phases      ] GC(19) Class Unloading 1.114ms
[2024-08-16T20:42:44.344+0800][14.387s][debug][gc,phases,start] GC(19) Report Object Count
[2024-08-16T20:42:44.344+0800][14.387s][debug][gc,phases      ] GC(19) Report Object Count 0.021ms
[2024-08-16T20:42:44.344+0800][14.387s][info ][gc,phases      ] GC(19) Marking Phase 8.540ms
[2024-08-16T20:42:44.344+0800][14.387s][info ][gc,phases,start] GC(19) Summary Phase
[2024-08-16T20:42:44.344+0800][14.387s][info ][gc,phases      ] GC(19) Summary Phase 0.160ms
[2024-08-16T20:42:44.344+0800][14.387s][info ][gc,phases,start] GC(19) Adjust Roots
[2024-08-16T20:42:44.345+0800][14.389s][info ][gc,phases      ] GC(19) Adjust Roots 1.186ms
[2024-08-16T20:42:44.345+0800][14.389s][info ][gc,phases,start] GC(19) Compaction Phase
[2024-08-16T20:42:44.359+0800][14.402s][info ][gc,phases      ] GC(19) Compaction Phase 13.295ms
[2024-08-16T20:42:44.359+0800][14.402s][info ][gc,phases,start] GC(19) Post Compact
[2024-08-16T20:42:44.371+0800][14.414s][info ][gc,phases      ] GC(19) Post Compact 12.170ms
[2024-08-16T20:42:44.371+0800][14.414s][debug][gc,ergo        ] GC(19) AdaptiveSizeStart: collection: 20 
[2024-08-16T20:42:44.371+0800][14.414s][debug][gc,ergo        ] GC(19) PSAdaptiveSizePolicy::compute_eden_space_size limits: desired_eden_size: 1540519013 old_eden_size: 1386217472 eden_limit: 1386217472 cur_eden: 1386217472 max_eden_size: 1386217472 avg_young_live: 631602368
[2024-08-16T20:42:44.371+0800][14.414s][debug][gc,ergo        ] GC(19) PSAdaptiveSizePolicy::compute_eden_space_size: costs minor_time: 0.057707 major_cost: 0.460719 mutator_cost: 0.481575 throughput_goal: 0.990000
[2024-08-16T20:42:44.371+0800][14.414s][debug][gc,ergo        ] GC(19) Live_space: 2997484544 free_space: 2436890624
[2024-08-16T20:42:44.371+0800][14.414s][debug][gc,ergo        ] GC(19) Old eden_size: 1386217472 desired_eden_size: 1386217472
[2024-08-16T20:42:44.371+0800][14.415s][debug][gc,ergo        ] GC(19) PSAdaptiveSizePolicy::compute_old_gen_free_space limits: desired_promo_size: 1246829206 promo_limit: 1050673152 free_in_old_gen: 689619968 max_old_gen_size: 2863661056 avg_old_live: 2174041088
[2024-08-16T20:42:44.371+0800][14.415s][debug][gc,ergo        ] GC(19) PSAdaptiveSizePolicy::compute_old_gen_free_space: costs minor_time: 0.057707 major_cost: 0.460719  mutator_cost: 0.481575 throughput_goal: 0.990000
[2024-08-16T20:42:44.371+0800][14.415s][debug][gc,ergo        ] GC(19) Live_space: 3074078976 free_space: 2436890624
[2024-08-16T20:42:44.371+0800][14.415s][debug][gc,ergo        ] GC(19) Old promo_size: 1050673152 desired_promo_size: 1050673152
[2024-08-16T20:42:44.371+0800][14.415s][debug][gc,ergo        ] GC(19) AdaptiveSizeStop: collection: 20 
[2024-08-16T20:42:44.371+0800][14.415s][info ][gc,heap        ] GC(19) PSYoungGen: 1353728K(1375744K)->1352724K(1375744K) Eden: 1353728K(1353728K)->1352724K(1353728K) From: 0K(22016K)->0K(22016K)
[2024-08-16T20:42:44.371+0800][14.415s][info ][gc,heap        ] GC(19) ParOldGen: 2796278K(2796544K)->2796278K(2796544K)
[2024-08-16T20:42:44.371+0800][14.415s][info ][gc,metaspace   ] GC(19) Metaspace: 844K(960K)->844K(960K) NonClass: 781K(832K)->781K(832K) Class: 62K(128K)->62K(128K)
[2024-08-16T20:42:44.371+0800][14.415s][info ][gc             ] GC(19) Pause Full (Ergonomics) 4052M->4051M(4074M) 35.998ms
[2024-08-16T20:42:44.371+0800][14.415s][info ][gc,cpu         ] GC(19) User=0.10s Sys=0.00s Real=0.03s
[2024-08-16T20:42:44.371+0800][14.415s][debug][gc,heap        ] GC(19) Heap after GC invocations=20 (full 13):
[2024-08-16T20:42:44.371+0800][14.415s][debug][gc,heap        ] GC(19)  PSYoungGen      total 1375744K, used 1352724K [0x00000007aab00000, 0x0000000800000000, 0x0000000800000000)
[2024-08-16T20:42:44.371+0800][14.415s][debug][gc,heap        ] GC(19)   eden space 1353728K, 99% used [0x00000007aab00000,0x00000007fd405290,0x00000007fd500000)
[2024-08-16T20:42:44.371+0800][14.415s][debug][gc,heap        ] GC(19)   from space 22016K, 0% used [0x00000007fd500000,0x00000007fd500000,0x00000007fea80000)
[2024-08-16T20:42:44.371+0800][14.415s][debug][gc,heap        ] GC(19)   to   space 22016K, 0% used [0x00000007fea80000,0x00000007fea80000,0x0000000800000000)
[2024-08-16T20:42:44.371+0800][14.415s][debug][gc,heap        ] GC(19)  ParOldGen       total 2796544K, used 2796278K [0x0000000700000000, 0x00000007aab00000, 0x00000007aab00000)
[2024-08-16T20:42:44.371+0800][14.415s][debug][gc,heap        ] GC(19)   object space 2796544K, 99% used [0x0000000700000000,0x00000007aaabdb20,0x00000007aab00000)
[2024-08-16T20:42:44.371+0800][14.415s][debug][gc,heap        ] GC(19)  Metaspace       used 844K, committed 960K, reserved 1114112K
[2024-08-16T20:42:44.371+0800][14.415s][debug][gc,heap        ] GC(19)   class space    used 62K, committed 128K, reserved 1048576K
[2024-08-16T20:42:44.371+0800][14.415s][debug][gc,task,time   ] GC(19) VM-Thread 14378675032 14388686508 14414745564
[2024-08-16T20:42:44.371+0800][14.415s][debug][gc,phases,start] GC(20) Pre Compact
[2024-08-16T20:42:44.371+0800][14.415s][debug][gc,heap        ] GC(20) Heap before GC invocations=21 (full 14):
[2024-08-16T20:42:44.371+0800][14.415s][debug][gc,heap        ] GC(20)  PSYoungGen      total 1375744K, used 1352724K [0x00000007aab00000, 0x0000000800000000, 0x0000000800000000)
[2024-08-16T20:42:44.371+0800][14.415s][debug][gc,heap        ] GC(20)   eden space 1353728K, 99% used [0x00000007aab00000,0x00000007fd405290,0x00000007fd500000)
[2024-08-16T20:42:44.371+0800][14.415s][debug][gc,heap        ] GC(20)   from space 22016K, 0% used [0x00000007fd500000,0x00000007fd500000,0x00000007fea80000)
[2024-08-16T20:42:44.371+0800][14.415s][debug][gc,heap        ] GC(20)   to   space 22016K, 0% used [0x00000007fea80000,0x00000007fea80000,0x0000000800000000)
[2024-08-16T20:42:44.371+0800][14.415s][debug][gc,heap        ] GC(20)  ParOldGen       total 2796544K, used 2796278K [0x0000000700000000, 0x00000007aab00000, 0x00000007aab00000)
[2024-08-16T20:42:44.371+0800][14.415s][debug][gc,heap        ] GC(20)   object space 2796544K, 99% used [0x0000000700000000,0x00000007aaabdb20,0x00000007aab00000)
[2024-08-16T20:42:44.371+0800][14.415s][debug][gc,heap        ] GC(20)  Metaspace       used 844K, committed 960K, reserved 1114112K
[2024-08-16T20:42:44.372+0800][14.415s][debug][gc,heap        ] GC(20)   class space    used 62K, committed 128K, reserved 1048576K
[2024-08-16T20:42:44.372+0800][14.415s][debug][gc,phases      ] GC(20) Pre Compact 0.144ms
[2024-08-16T20:42:44.372+0800][14.415s][info ][gc,start       ] GC(20) Pause Full (Allocation Failure)
[2024-08-16T20:42:44.372+0800][14.415s][info ][gc,phases,start] GC(20) Marking Phase
[2024-08-16T20:42:44.372+0800][14.415s][debug][gc,phases,start] GC(20) Par Mark
[2024-08-16T20:42:44.375+0800][14.418s][debug][gc,phases      ] GC(20) Par Mark 2.990ms
[2024-08-16T20:42:44.375+0800][14.418s][debug][gc,phases,start] GC(20) Reference Processing
[2024-08-16T20:42:44.375+0800][14.418s][debug][gc,ref         ] GC(20) ReferenceProcessor::execute queues: 13, RefProcThreadModel::Multi, marks_oops_alive: true
[2024-08-16T20:42:44.376+0800][14.420s][debug][gc,ref         ] GC(20) ReferenceProcessor::execute queues: 1, RefProcThreadModel::Single, marks_oops_alive: false
[2024-08-16T20:42:44.376+0800][14.420s][debug][gc,ref         ] GC(20) Skipped phase 3 of Reference Processing: no references
[2024-08-16T20:42:44.376+0800][14.420s][debug][gc,ref         ] GC(20) ReferenceProcessor::execute queues: 1, RefProcThreadModel::Single, marks_oops_alive: false
[2024-08-16T20:42:44.376+0800][14.420s][debug][gc,phases,ref  ] GC(20) Reference Processing: 1.5ms
[2024-08-16T20:42:44.376+0800][14.420s][debug][gc,phases,ref  ] GC(20)   Reconsider SoftReferences: 1.3ms
[2024-08-16T20:42:44.376+0800][14.420s][debug][gc,phases,ref  ] GC(20)     Balance queues: 0.0ms
[2024-08-16T20:42:44.376+0800][14.420s][debug][gc,phases,ref  ] GC(20)     SoftRef (ms):                  Min:  0.3, Avg:  0.7, Max:  1.1, Diff:  0.8, Sum:  8.5, Workers: 13
[2024-08-16T20:42:44.376+0800][14.420s][debug][gc,phases,ref  ] GC(20)   Notify Soft/WeakReferences: 0.2ms
[2024-08-16T20:42:44.376+0800][14.420s][debug][gc,phases,ref  ] GC(20)     SoftRef (ms):                  Min:  0.0, Avg:  0.0, Max:  0.0, Diff:  0.0, Sum:  0.0, Workers: 13
[2024-08-16T20:42:44.376+0800][14.420s][debug][gc,phases,ref  ] GC(20)     WeakRef (ms):                  Min:  0.0, Avg:  0.0, Max:  0.0, Diff:  0.0, Sum:  0.0, Workers: 13
[2024-08-16T20:42:44.376+0800][14.420s][debug][gc,phases,ref  ] GC(20)     FinalRef (ms):                 Min:  0.0, Avg:  0.0, Max:  0.0, Diff:  0.0, Sum:  0.0, Workers: 13
[2024-08-16T20:42:44.376+0800][14.420s][debug][gc,phases,ref  ] GC(20)     Total (ms):                    Min:  0.0, Avg:  0.0, Max:  0.0, Diff:  0.0, Sum:  0.0, Workers: 13
[2024-08-16T20:42:44.376+0800][14.420s][debug][gc,phases,ref  ] GC(20)   Notify and keep alive finalizable: 0.0ms
[2024-08-16T20:42:44.376+0800][14.420s][debug][gc,phases,ref  ] GC(20)     FinalRef (ms):                 skipped
[2024-08-16T20:42:44.376+0800][14.420s][debug][gc,phases,ref  ] GC(20)   Notify PhantomReferences: 0.0ms
[2024-08-16T20:42:44.376+0800][14.420s][debug][gc,phases,ref  ] GC(20)     PhantomRef (ms):               Min:  0.0, Avg:  0.0, Max:  0.0, Diff:  0.0, Sum:  0.0, Workers: 13
[2024-08-16T20:42:44.376+0800][14.420s][debug][gc,phases,ref  ] GC(20)   SoftReference:
[2024-08-16T20:42:44.376+0800][14.420s][debug][gc,phases,ref  ] GC(20)     Discovered: 72
[2024-08-16T20:42:44.376+0800][14.420s][debug][gc,phases,ref  ] GC(20)     Cleared: 45
[2024-08-16T20:42:44.376+0800][14.420s][debug][gc,phases,ref  ] GC(20)   WeakReference:
[2024-08-16T20:42:44.376+0800][14.420s][debug][gc,phases,ref  ] GC(20)     Discovered: 76
[2024-08-16T20:42:44.376+0800][14.420s][debug][gc,phases,ref  ] GC(20)     Cleared: 72
[2024-08-16T20:42:44.376+0800][14.420s][debug][gc,phases,ref  ] GC(20)   FinalReference:
[2024-08-16T20:42:44.376+0800][14.420s][debug][gc,phases,ref  ] GC(20)     Discovered: 0
[2024-08-16T20:42:44.376+0800][14.420s][debug][gc,phases,ref  ] GC(20)     Cleared: 0
[2024-08-16T20:42:44.377+0800][14.420s][debug][gc,phases,ref  ] GC(20)   PhantomReference:
[2024-08-16T20:42:44.377+0800][14.420s][debug][gc,phases,ref  ] GC(20)     Discovered: 1
[2024-08-16T20:42:44.377+0800][14.420s][debug][gc,phases,ref  ] GC(20)     Cleared: 1
[2024-08-16T20:42:44.377+0800][14.420s][debug][gc,phases      ] GC(20) Reference Processing 1.860ms
[2024-08-16T20:42:44.377+0800][14.420s][debug][gc,phases,start] GC(20) Weak Processing
[2024-08-16T20:42:44.377+0800][14.420s][debug][gc,phases      ] GC(20)   VM Weak                        Min:  0.0, Avg:  0.0, Max:  0.0, Diff:  0.0, Sum:  0.0, Workers: 3
[2024-08-16T20:42:44.377+0800][14.421s][debug][gc,phases      ] GC(20)     Dead                           Min: 0, Avg:  3.0, Max: 9, Diff: 9, Sum: 9, Workers: 3
[2024-08-16T20:42:44.377+0800][14.421s][debug][gc,phases      ] GC(20)     Total                          Min: 0, Avg:  7.7, Max: 23, Diff: 23, Sum: 23, Workers: 3
[2024-08-16T20:42:44.377+0800][14.421s][debug][gc,phases      ] GC(20)   ObjectSynchronizer Weak        Min:  0.0, Avg:  0.0, Max:  0.0, Diff:  0.0, Sum:  0.0, Workers: 3
[2024-08-16T20:42:44.377+0800][14.421s][debug][gc,phases      ] GC(20)     Dead                           Min: 0, Avg:  0.0, Max: 0, Diff: 0, Sum: 0, Workers: 3
[2024-08-16T20:42:44.377+0800][14.421s][debug][gc,phases      ] GC(20)     Total                          Min: 0, Avg:  1.0, Max: 3, Diff: 3, Sum: 3, Workers: 3
[2024-08-16T20:42:44.377+0800][14.421s][debug][gc,phases      ] GC(20)   JVMTI Tag Weak OopStorage      Min:  0.0, Avg:  0.0, Max:  0.0, Diff:  0.0, Sum:  0.0, Workers: 3
[2024-08-16T20:42:44.377+0800][14.421s][debug][gc,phases      ] GC(20)     Dead                           Min: 0, Avg:  0.0, Max: 0, Diff: 0, Sum: 0, Workers: 3
[2024-08-16T20:42:44.377+0800][14.421s][debug][gc,phases      ] GC(20)     Total                          Min: 0, Avg:  0.0, Max: 0, Diff: 0, Sum: 0, Workers: 3
[2024-08-16T20:42:44.377+0800][14.421s][debug][gc,phases      ] GC(20)   StringTable Weak               Min:  0.0, Avg:  0.0, Max:  0.0, Diff:  0.0, Sum:  0.0, Workers: 3
[2024-08-16T20:42:44.377+0800][14.421s][debug][gc,phases      ] GC(20)     Dead                           Min: 0, Avg:  0.7, Max: 2, Diff: 2, Sum: 2, Workers: 3
[2024-08-16T20:42:44.377+0800][14.421s][debug][gc,phases      ] GC(20)     Total                          Min: 0, Avg: 675.3, Max: 1972, Diff: 1972, Sum: 2026, Workers: 3
[2024-08-16T20:42:44.378+0800][14.421s][debug][gc,phases      ] GC(20)   ResolvedMethodTable Weak       Min:  0.0, Avg:  0.0, Max:  0.0, Diff:  0.0, Sum:  0.0, Workers: 3
[2024-08-16T20:42:44.378+0800][14.421s][debug][gc,phases      ] GC(20)     Dead                           Min: 0, Avg:  5.3, Max: 9, Diff: 9, Sum: 16, Workers: 3
[2024-08-16T20:42:44.378+0800][14.421s][debug][gc,phases      ] GC(20)     Total                          Min: 0, Avg: 62.3, Max: 123, Diff: 123, Sum: 187, Workers: 3
[2024-08-16T20:42:44.378+0800][14.421s][debug][gc,phases      ] GC(20)   JNI Weak                       Min:  0.0, Avg:  0.0, Max:  0.0, Diff:  0.0, Sum:  0.0, Workers: 3
[2024-08-16T20:42:44.378+0800][14.421s][debug][gc,phases      ] GC(20)     Dead                           Min: 0, Avg:  0.0, Max: 0, Diff: 0, Sum: 0, Workers: 3
[2024-08-16T20:42:44.378+0800][14.421s][debug][gc,phases      ] GC(20)     Total                          Min: 0, Avg:  0.0, Max: 0, Diff: 0, Sum: 0, Workers: 3
[2024-08-16T20:42:44.378+0800][14.421s][debug][gc,phases      ] GC(20)   StringDedup Table Weak         Min:  0.0, Avg:  0.0, Max:  0.0, Diff:  0.0, Sum:  0.0, Workers: 3
[2024-08-16T20:42:44.378+0800][14.421s][debug][gc,phases      ] GC(20)     Dead                           Min: 0, Avg:  0.0, Max: 0, Diff: 0, Sum: 0, Workers: 3
[2024-08-16T20:42:44.378+0800][14.421s][debug][gc,phases      ] GC(20)     Total                          Min: 0, Avg:  0.0, Max: 0, Diff: 0, Sum: 0, Workers: 3
[2024-08-16T20:42:44.378+0800][14.421s][debug][gc,phases      ] GC(20)   StringDedup Requests0 Weak     Min:  0.0, Avg:  0.0, Max:  0.0, Diff:  0.0, Sum:  0.0, Workers: 3
[2024-08-16T20:42:44.378+0800][14.421s][debug][gc,phases      ] GC(20)     Dead                           Min: 0, Avg:  0.0, Max: 0, Diff: 0, Sum: 0, Workers: 3
[2024-08-16T20:42:44.378+0800][14.421s][debug][gc,phases      ] GC(20)     Total                          Min: 0, Avg:  0.0, Max: 0, Diff: 0, Sum: 0, Workers: 3
[2024-08-16T20:42:44.378+0800][14.421s][debug][gc,phases      ] GC(20)   StringDedup Requests1 Weak     Min:  0.0, Avg:  0.0, Max:  0.0, Diff:  0.0, Sum:  0.0, Workers: 3
[2024-08-16T20:42:44.378+0800][14.421s][debug][gc,phases      ] GC(20)     Dead                           Min: 0, Avg:  0.0, Max: 0, Diff: 0, Sum: 0, Workers: 3
[2024-08-16T20:42:44.378+0800][14.421s][debug][gc,phases      ] GC(20)     Total                          Min: 0, Avg:  0.0, Max: 0, Diff: 0, Sum: 0, Workers: 3
[2024-08-16T20:42:44.378+0800][14.421s][debug][gc,phases      ] GC(20)   Weak JFR Old Object Samples    Min:  0.0, Avg:  0.0, Max:  0.0, Diff:  0.0, Sum:  0.0, Workers: 3
[2024-08-16T20:42:44.378+0800][14.421s][debug][gc,phases      ] GC(20)     Dead                           Min: 0, Avg:  0.0, Max: 0, Diff: 0, Sum: 0, Workers: 3
[2024-08-16T20:42:44.378+0800][14.421s][debug][gc,phases      ] GC(20)     Total                          Min: 0, Avg:  0.0, Max: 0, Diff: 0, Sum: 0, Workers: 3
[2024-08-16T20:42:44.378+0800][14.422s][debug][gc,phases      ] GC(20) Weak Processing 1.443ms
[2024-08-16T20:42:44.378+0800][14.422s][debug][gc,phases,start] GC(20) Class Unloading
[2024-08-16T20:42:44.378+0800][14.422s][debug][gc,phases,start] GC(20) ClassLoaderData
[2024-08-16T20:42:44.378+0800][14.422s][debug][gc,phases      ] GC(20) ClassLoaderData 0.138ms
[2024-08-16T20:42:44.378+0800][14.422s][debug][gc,phases,start] GC(20) Trigger cleanups
[2024-08-16T20:42:44.378+0800][14.422s][debug][gc,phases      ] GC(20) Trigger cleanups 0.048ms
[2024-08-16T20:42:44.380+0800][14.423s][debug][gc,phases      ] GC(20) Class Unloading 1.693ms
[2024-08-16T20:42:44.380+0800][14.423s][debug][gc,phases,start] GC(20) Report Object Count
[2024-08-16T20:42:44.380+0800][14.423s][debug][gc,phases      ] GC(20) Report Object Count 0.014ms
[2024-08-16T20:42:44.380+0800][14.423s][info ][gc,phases      ] GC(20) Marking Phase 8.221ms
[2024-08-16T20:42:44.380+0800][14.423s][info ][gc,phases,start] GC(20) Summary Phase
[2024-08-16T20:42:44.380+0800][14.423s][info ][gc,phases      ] GC(20) Summary Phase 0.136ms
[2024-08-16T20:42:44.380+0800][14.423s][info ][gc,phases,start] GC(20) Adjust Roots
[2024-08-16T20:42:44.381+0800][14.424s][info ][gc,phases      ] GC(20) Adjust Roots 0.708ms
[2024-08-16T20:42:44.381+0800][14.424s][info ][gc,phases,start] GC(20) Compaction Phase
[2024-08-16T20:42:44.639+0800][14.682s][info ][gc,phases      ] GC(20) Compaction Phase 257.900ms
[2024-08-16T20:42:44.639+0800][14.682s][info ][gc,phases,start] GC(20) Post Compact
[2024-08-16T20:42:44.644+0800][14.688s][info ][gc,phases      ] GC(20) Post Compact 5.646ms
[2024-08-16T20:42:44.644+0800][14.688s][debug][gc,ergo        ] GC(20) AdaptiveSizeStart: collection: 21 
[2024-08-16T20:42:44.644+0800][14.688s][debug][gc,ergo        ] GC(20) PSAdaptiveSizePolicy::compute_eden_space_size limits: desired_eden_size: 1508790286 old_eden_size: 1386217472 eden_limit: 1386217472 cur_eden: 1386217472 max_eden_size: 1386217472 avg_young_live: 706961088
[2024-08-16T20:42:44.644+0800][14.688s][debug][gc,ergo        ] GC(20) PSAdaptiveSizePolicy::compute_eden_space_size: costs minor_time: 0.057707 major_cost: 0.594916 mutator_cost: 0.347377 throughput_goal: 0.990000
[2024-08-16T20:42:44.644+0800][14.688s][debug][gc,ergo        ] GC(20) Live_space: 3149437696 free_space: 2436890624
[2024-08-16T20:42:44.644+0800][14.688s][debug][gc,ergo        ] GC(20) Old eden_size: 1386217472 desired_eden_size: 1386217472
[2024-08-16T20:42:44.644+0800][14.688s][debug][gc,ergo        ] GC(20) PSAdaptiveSizePolicy::compute_old_gen_free_space limits: desired_promo_size: 1251881321 promo_limit: 1050673152 free_in_old_gen: 620686848 max_old_gen_size: 2863661056 avg_old_live: 2242974208
[2024-08-16T20:42:44.644+0800][14.688s][debug][gc,ergo        ] GC(20) PSAdaptiveSizePolicy::compute_old_gen_free_space: costs minor_time: 0.057707 major_cost: 0.594916  mutator_cost: 0.347377 throughput_goal: 0.990000
[2024-08-16T20:42:44.644+0800][14.688s][debug][gc,ergo        ] GC(20) Live_space: 3218370816 free_space: 2436890624
[2024-08-16T20:42:44.644+0800][14.688s][debug][gc,ergo        ] GC(20) Old promo_size: 1050673152 desired_promo_size: 1050673152
[2024-08-16T20:42:44.644+0800][14.688s][debug][gc,ergo        ] GC(20) AdaptiveSizeStop: collection: 21 
[2024-08-16T20:42:44.644+0800][14.688s][info ][gc,heap        ] GC(20) PSYoungGen: 1352724K(1375744K)->1352724K(1375744K) Eden: 1352724K(1353728K)->1352724K(1353728K) From: 0K(22016K)->0K(22016K)
[2024-08-16T20:42:44.644+0800][14.688s][info ][gc,heap        ] GC(20) ParOldGen: 2796278K(2796544K)->2796263K(2796544K)
[2024-08-16T20:42:44.644+0800][14.688s][info ][gc,metaspace   ] GC(20) Metaspace: 844K(960K)->826K(960K) NonClass: 781K(832K)->768K(832K) Class: 62K(128K)->58K(128K)
[2024-08-16T20:42:44.644+0800][14.688s][info ][gc             ] GC(20) Pause Full (Allocation Failure) 4051M->4051M(4074M) 272.928ms
[2024-08-16T20:42:44.645+0800][14.688s][info ][gc,cpu         ] GC(20) User=3.34s Sys=0.02s Real=0.28s
[2024-08-16T20:42:44.645+0800][14.688s][debug][gc,heap        ] GC(20) Heap after GC invocations=21 (full 14):
[2024-08-16T20:42:44.645+0800][14.688s][debug][gc,heap        ] GC(20)  PSYoungGen      total 1375744K, used 1352724K [0x00000007aab00000, 0x0000000800000000, 0x0000000800000000)
[2024-08-16T20:42:44.645+0800][14.688s][debug][gc,heap        ] GC(20)   eden space 1353728K, 99% used [0x00000007aab00000,0x00000007fd405290,0x00000007fd500000)
[2024-08-16T20:42:44.645+0800][14.688s][debug][gc,heap        ] GC(20)   from space 22016K, 0% used [0x00000007fea80000,0x00000007fea80000,0x0000000800000000)
[2024-08-16T20:42:44.645+0800][14.688s][debug][gc,heap        ] GC(20)   to   space 22016K, 0% used [0x00000007fd500000,0x00000007fd500000,0x00000007fea80000)
[2024-08-16T20:42:44.645+0800][14.688s][debug][gc,heap        ] GC(20)  ParOldGen       total 2796544K, used 2796263K [0x0000000700000000, 0x00000007aab00000, 0x00000007aab00000)
[2024-08-16T20:42:44.645+0800][14.688s][debug][gc,heap        ] GC(20)   object space 2796544K, 99% used [0x0000000700000000,0x00000007aaab9c68,0x00000007aab00000)
[2024-08-16T20:42:44.645+0800][14.688s][debug][gc,heap        ] GC(20)  Metaspace       used 826K, committed 960K, reserved 1114112K
[2024-08-16T20:42:44.645+0800][14.688s][debug][gc,heap        ] GC(20)   class space    used 58K, committed 128K, reserved 1048576K
[2024-08-16T20:42:44.645+0800][14.688s][debug][gc,task,time   ] GC(20) VM-Thread 14415083395 14424213546 14688031207
[2024-08-16T20:42:44.655+0800][14.698s][info ][gc,heap,exit   ] Heap
[2024-08-16T20:42:44.655+0800][14.698s][info ][gc,heap,exit   ]  PSYoungGen      total 1375744K, used 1353728K [0x00000007aab00000, 0x0000000800000000, 0x0000000800000000)
[2024-08-16T20:42:44.655+0800][14.698s][info ][gc,heap,exit   ]   eden space 1353728K, 100% used [0x00000007aab00000,0x00000007fd500000,0x00000007fd500000)
[2024-08-16T20:42:44.655+0800][14.698s][info ][gc,heap,exit   ]   from space 22016K, 0% used [0x00000007fea80000,0x00000007fea80000,0x0000000800000000)
[2024-08-16T20:42:44.655+0800][14.698s][info ][gc,heap,exit   ]   to   space 22016K, 0% used [0x00000007fd500000,0x00000007fd500000,0x00000007fea80000)
[2024-08-16T20:42:44.655+0800][14.698s][info ][gc,heap,exit   ]  ParOldGen       total 2796544K, used 2796264K [0x0000000700000000, 0x00000007aab00000, 0x00000007aab00000)
[2024-08-16T20:42:44.655+0800][14.698s][info ][gc,heap,exit   ]   object space 2796544K, 99% used [0x0000000700000000,0x00000007aaaba150,0x00000007aab00000)
[2024-08-16T20:42:44.655+0800][14.698s][info ][gc,heap,exit   ]  Metaspace       used 937K, committed 1024K, reserved 1114112K
[2024-08-16T20:42:44.655+0800][14.698s][info ][gc,heap,exit   ]   class space    used 71K, committed 128K, reserved 1048576K
[2024-08-16T20:42:44.655+0800][14.698s][debug][gc,ergo        ] UseAdaptiveSizePolicy actions to meet  *** throughput goal ***
[2024-08-16T20:42:44.655+0800][14.698s][debug][gc,ergo        ]                        GC overhead (%)
[2024-08-16T20:42:44.655+0800][14.698s][debug][gc,ergo        ]     Young generation:        5.77	  (attempted to grow)
[2024-08-16T20:42:44.655+0800][14.698s][debug][gc,ergo        ]     Tenured generation:     59.49	  (attempted to grow)
[2024-08-16T20:42:44.655+0800][14.698s][debug][gc,heap,exit   ] Accumulated young generation GC time 0.3922165 secs
[2024-08-16T20:42:44.655+0800][14.698s][debug][gc,heap,exit   ] Accumulated old generation GC time 2.7859409 secs
