[2024-08-16T20:43:18.786+0800][0.006s][debug][gc,heap] Minimum heap 536870912  Initial heap 536870912  Maximum heap 4294967296
[2024-08-16T20:43:18.787+0800][0.006s][info ][gc     ] Heuristics ergonomically sets -XX:+ExplicitGCInvokesConcurrent
[2024-08-16T20:43:18.787+0800][0.006s][info ][gc     ] Heuristics ergonomically sets -XX:+ShenandoahImplicitGCInvokesConcurrent
[2024-08-16T20:43:18.787+0800][0.007s][info ][gc     ] Using Shenandoah
[2024-08-16T20:43:18.787+0800][0.007s][debug][gc,heap,coops] Heap address: 0x0000000700000000, size: 4096 MB, Compressed Oops mode: Zero based, Oop shift amount: 3
[2024-08-16T20:43:18.788+0800][0.007s][info ][gc,ergo      ] Pacer for Idle. Initial: 83886K, Alloc Tax Rate: 1.0x
[2024-08-16T20:43:18.788+0800][0.007s][info ][gc,init      ] Version: 17.0.11+1-LTS (release)
[2024-08-16T20:43:18.788+0800][0.007s][info ][gc,init      ] CPUs: 16 total, 16 available
[2024-08-16T20:43:18.788+0800][0.008s][info ][gc,init      ] Memory: 53303M
[2024-08-16T20:43:18.788+0800][0.008s][info ][gc,init      ] Large Page Support: Disabled
[2024-08-16T20:43:18.788+0800][0.008s][info ][gc,init      ] NUMA Support: Disabled
[2024-08-16T20:43:18.788+0800][0.008s][info ][gc,init      ] Compressed Oops: Enabled (Zero based)
[2024-08-16T20:43:18.788+0800][0.008s][info ][gc,init      ] Heap Min Capacity: 512M
[2024-08-16T20:43:18.788+0800][0.008s][info ][gc,init      ] Heap Initial Capacity: 512M
[2024-08-16T20:43:18.788+0800][0.008s][info ][gc,init      ] Heap Max Capacity: 4G
[2024-08-16T20:43:18.788+0800][0.008s][info ][gc,init      ] Pre-touch: Disabled
[2024-08-16T20:43:18.788+0800][0.008s][info ][gc,init      ] Mode: Snapshot-At-The-Beginning (SATB)
[2024-08-16T20:43:18.788+0800][0.008s][info ][gc,init      ] Heuristics: Adaptive
[2024-08-16T20:43:18.788+0800][0.008s][info ][gc,init      ] Heap Region Count: 2048
[2024-08-16T20:43:18.788+0800][0.008s][info ][gc,init      ] Heap Region Size: 2M
[2024-08-16T20:43:18.788+0800][0.008s][info ][gc,init      ] TLAB Size Max: 2M
[2024-08-16T20:43:18.788+0800][0.008s][info ][gc,init      ] Humongous Object Threshold: 2M
[2024-08-16T20:43:18.788+0800][0.008s][info ][gc,init      ] Parallel Workers: 8
[2024-08-16T20:43:18.788+0800][0.008s][info ][gc,init      ] Concurrent Workers: 4
[2024-08-16T20:43:18.796+0800][0.016s][info ][gc,metaspace ] CDS archive(s) mapped at: [0x00007f5beb000000-0x00007f5bebbbb000-0x00007f5bebbbb000), size 12300288, SharedBaseAddress: 0x00007f5beb000000, ArchiveRelocationMode: 1.
[2024-08-16T20:43:18.796+0800][0.016s][info ][gc,metaspace ] Compressed class space mapped at: 0x00007f5bec000000-0x00007f5c2c000000, reserved size: 1073741824
[2024-08-16T20:43:18.796+0800][0.016s][info ][gc,metaspace ] Narrow klass base: 0x00007f5beb000000, Narrow klass shift: 0, Narrow klass range: 0x100000000
[2024-08-16T20:43:18.808+0800][0.028s][debug][gc,nmethod   ] Register NMethod: java.lang.Object.<init> [0x00007f5c49004010] (c1)
[2024-08-16T20:43:18.809+0800][0.029s][debug][gc,nmethod   ] Register NMethod: java.lang.StringLatin1.hashCode [0x00007f5c49004390] (c1)
[2024-08-16T20:43:18.809+0800][0.029s][debug][gc,nmethod   ] Register NMethod: java.util.ImmutableCollections$SetN.probe [0x00007f5c49004810] (c1)
[2024-08-16T20:43:18.809+0800][0.029s][debug][gc,nmethod   ] Register NMethod: java.lang.StringLatin1.equals [0x00007f5c49005290] (c1)
[2024-08-16T20:43:18.810+0800][0.029s][debug][gc,nmethod   ] Register NMethod: java.lang.Math.floorMod [0x00007f5c49005810] (c1)
[2024-08-16T20:43:18.810+0800][0.029s][debug][gc,nmethod   ] Register NMethod: java.lang.String.hashCode [0x00007f5c49005c10] (c1)
[2024-08-16T20:43:18.810+0800][0.030s][debug][gc,nmethod   ] Register NMethod: java.lang.String.isLatin1 [0x00007f5c49006310] (c1)
[2024-08-16T20:43:18.810+0800][0.030s][debug][gc,nmethod   ] Register NMethod: java.lang.String.equals [0x00007f5c49006710] (c1)
[2024-08-16T20:43:18.810+0800][0.030s][debug][gc,nmethod   ] Register NMethod: java.lang.module.ModuleDescriptor.modsHashCode [0x00007f5c49006f10] (c1)
[2024-08-16T20:43:18.810+0800][0.030s][debug][gc,nmethod   ] Register NMethod: java.util.Objects.equals [0x00007f5c49007890] (c1)
[2024-08-16T20:43:18.810+0800][0.030s][debug][gc,nmethod   ] Register NMethod: java.util.Set.of [0x00007f5c49007d90] (c1)
[2024-08-16T20:43:18.811+0800][0.030s][debug][gc,nmethod   ] Register NMethod: java.util.ImmutableCollections$SetN.iterator [0x00007f5c49008090] (c1)
[2024-08-16T20:43:18.811+0800][0.030s][debug][gc,nmethod   ] Register NMethod: java.util.ImmutableCollections$SetN$SetNIterator.<init> [0x00007f5c49008490] (c1)
[2024-08-16T20:43:18.811+0800][0.030s][debug][gc,nmethod   ] Register NMethod: java.util.ImmutableCollections$SetN$SetNIterator.hasNext [0x00007f5c49008990] (c1)
[2024-08-16T20:43:18.811+0800][0.030s][debug][gc,nmethod   ] Register NMethod: java.lang.Object.<init> [0x00007f5c50ba4010] (c2)
[2024-08-16T20:43:18.811+0800][0.031s][debug][gc,nmethod   ] Register NMethod: java.util.Objects.requireNonNull [0x00007f5c49008d10] (c1)
[2024-08-16T20:43:18.811+0800][0.031s][debug][gc,nmethod   ] Register NMethod: java.util.AbstractCollection.<init> [0x00007f5c49009190] (c1)
[2024-08-16T20:43:18.811+0800][0.031s][debug][gc,nmethod   ] Register NMethod: java.lang.module.ModuleDescriptor$Exports.<init> [0x00007f5c49009590] (c1)
[2024-08-16T20:43:18.811+0800][0.031s][debug][gc,nmethod   ] Register NMethod: java.util.ImmutableCollections$AbstractImmutableCollection.<init> [0x00007f5c49009a10] (c1)
[2024-08-16T20:43:18.812+0800][0.031s][debug][gc,nmethod   ] Register NMethod: java.util.ImmutableCollections$AbstractImmutableSet.<init> [0x00007f5c49009e90] (c1)
[2024-08-16T20:43:18.812+0800][0.032s][debug][gc,nmethod   ] Register NMethod: java.util.Set.of [0x00007f5c4900a390] (c1)
[2024-08-16T20:43:18.812+0800][0.032s][debug][gc,nmethod   ] Register NMethod: java.lang.String.coder [0x00007f5c4900b190] (c1)
[2024-08-16T20:43:18.812+0800][0.032s][debug][gc,nmethod   ] Register NMethod: java.lang.module.ModuleDescriptor.name [0x00007f5c50ba4310] (c1)
[2024-08-16T20:43:18.812+0800][0.032s][debug][gc,nmethod   ] Register NMethod: java.lang.String.length [0x00007f5c4900b510] (c1)
[2024-08-16T20:43:18.812+0800][0.032s][debug][gc,nmethod   ] Register NMethod: java.lang.module.ModuleReference.descriptor [0x00007f5c50ba4610] (c1)
[2024-08-16T20:43:18.813+0800][0.033s][debug][gc,nmethod   ] Register NMethod: java.lang.StringLatin1.charAt [0x00007f5c4900b990] (c1)
[2024-08-16T20:43:18.814+0800][0.033s][debug][gc,nmethod   ] Register NMethod: java.lang.String.charAt [0x00007f5c4900be10] (c1)
[2024-08-16T20:43:18.814+0800][0.033s][debug][gc,nmethod   ] Register NMethod: jdk.internal.misc.Unsafe.getReferenceVolatile [0x00007f5c50ba4910] ()
[2024-08-16T20:43:18.814+0800][0.034s][debug][gc,nmethod   ] Register NMethod: java.util.concurrent.ConcurrentHashMap.tabAt [0x00007f5c4900c610] (c1)
[2024-08-16T20:43:18.814+0800][0.034s][debug][gc,nmethod   ] Register NMethod: jdk.internal.misc.Unsafe.getReferenceAcquire [0x00007f5c4900cc10] (c1)
[2024-08-16T20:43:18.814+0800][0.034s][debug][gc,nmethod   ] Register NMethod: java.util.ImmutableCollections$SetN$SetNIterator.next [0x00007f5c4900d010] (c1)
[2024-08-16T20:43:18.814+0800][0.034s][debug][gc,nmethod   ] Register NMethod: java.util.concurrent.ConcurrentHashMap.spread [0x00007f5c4900d790] (c1)
[2024-08-16T20:43:18.814+0800][0.034s][debug][gc,nmethod   ] Register NMethod: java.util.KeyValueHolder.getKey [0x00007f5c50ba5110] (c1)
[2024-08-16T20:43:18.814+0800][0.034s][debug][gc,nmethod   ] Register NMethod: java.util.KeyValueHolder.getValue [0x00007f5c50ba5410] (c1)
[2024-08-16T20:43:18.815+0800][0.034s][debug][gc,nmethod   ] Register NMethod: java.util.KeyValueHolder.<init> [0x00007f5c4900da90] (c1)
[2024-08-16T20:43:18.815+0800][0.035s][debug][gc,nmethod   ] Register NMethod: java.util.ImmutableCollections$MapN.probe [0x00007f5c4900e310] (c1)
[2024-08-16T20:43:18.815+0800][0.035s][debug][gc,nmethod   ] Register NMethod: jdk.internal.misc.Unsafe.compareAndSetLong [0x00007f5c50ba5710] ()
[2024-08-16T20:43:18.815+0800][0.035s][debug][gc,nmethod   ] Register NMethod: jdk.internal.misc.Unsafe.compareAndSetReference [0x00007f5c50ba5b10] ()
[2024-08-16T20:43:18.815+0800][0.035s][debug][gc,nmethod   ] Register NMethod: java.util.ImmutableCollections$MapN.get [0x00007f5c4900ed90] (c1)
[2024-08-16T20:43:18.816+0800][0.036s][debug][gc,nmethod   ] Register NMethod: java.util.concurrent.ConcurrentHashMap.putVal [0x00007f5c4900f590] (c1)
[2024-08-16T20:43:18.816+0800][0.036s][debug][gc,nmethod   ] Register NMethod: java.lang.System.arraycopy [0x00007f5c50ba5f10] ()
[2024-08-16T20:43:18.817+0800][0.036s][debug][gc,nmethod   ] Register NMethod: java.util.concurrent.ConcurrentHashMap.addCount [0x00007f5c49011f90] (c1)
[2024-08-16T20:43:18.817+0800][0.037s][debug][gc,nmethod   ] Register NMethod: java.util.concurrent.ConcurrentHashMap$Node.<init> [0x00007f5c49012f90] (c1)
[2024-08-16T20:43:18.817+0800][0.037s][debug][gc,nmethod   ] Register NMethod: java.util.concurrent.ConcurrentHashMap.putIfAbsent [0x00007f5c49013410] (c1)
[2024-08-16T20:43:18.817+0800][0.037s][debug][gc,nmethod   ] Register NMethod: java.util.concurrent.ConcurrentHashMap.casTabAt [0x00007f5c49013810] (c1)
[2024-08-16T20:43:18.818+0800][0.037s][debug][gc,nmethod   ] Register NMethod: java.lang.Object.hashCode [0x00007f5c50ba6310] ()
[2024-08-16T20:43:18.818+0800][0.037s][debug][gc,nmethod   ] Register NMethod: java.util.HashMap.putVal [0x00007f5c49013c10] (c1)
[2024-08-16T20:43:18.818+0800][0.038s][debug][gc,nmethod   ] Register NMethod: java.util.HashMap.hash [0x00007f5c49015610] (c1)
[2024-08-16T20:43:18.818+0800][0.038s][debug][gc,nmethod   ] Register NMethod: java.util.HashMap.newNode [0x00007f5c49015a90] (c1)
[2024-08-16T20:43:18.818+0800][0.038s][debug][gc,nmethod   ] Register NMethod: java.util.HashMap$Node.<init> [0x00007f5c49016090] (c1)
[2024-08-16T20:43:18.819+0800][0.038s][debug][gc,nmethod   ] Register NMethod: java.util.HashMap.put [0x00007f5c49016510] (c1)
[2024-08-16T20:43:18.819+0800][0.038s][debug][gc,nmethod   ] Register NMethod: java.util.HashMap.get [0x00007f5c49016b10] (c1)
[2024-08-16T20:43:18.819+0800][0.038s][debug][gc,nmethod   ] Register NMethod: java.util.HashMap.afterNodeInsertion [0x00007f5c49016f90] (c1)
[2024-08-16T20:43:18.819+0800][0.038s][debug][gc,nmethod   ] Register NMethod: java.util.ImmutableCollections$Set12$1.hasNext [0x00007f5c49017290] (c1)
[2024-08-16T20:43:18.819+0800][0.038s][debug][gc,nmethod   ] Register NMethod: java.util.HashMap.getNode [0x00007f5c49017610] (c1)
[2024-08-16T20:43:18.819+0800][0.039s][debug][gc,nmethod   ] Register NMethod: java.lang.module.ResolvedModule.name [0x00007f5c49018910] (c1)
[2024-08-16T20:43:18.819+0800][0.039s][debug][gc,nmethod   ] Register NMethod: java.lang.module.ModuleDescriptor$Exports.source [0x00007f5c50ba6710] (c1)
[2024-08-16T20:43:18.819+0800][0.039s][debug][gc,nmethod   ] Register NMethod: java.lang.module.ResolvedModule.reference [0x00007f5c50ba6a10] (c1)
[2024-08-16T20:43:18.819+0800][0.039s][debug][gc,nmethod   ] Register NMethod: java.lang.module.ModuleDescriptor.isAutomatic [0x00007f5c50ba6d10] (c1)
[2024-08-16T20:43:18.819+0800][0.039s][debug][gc,nmethod   ] Register NMethod: java.lang.module.ResolvedModule.hashCode [0x00007f5c49018e10] (c1)
[2024-08-16T20:43:18.819+0800][0.039s][debug][gc,nmethod   ] Register NMethod: jdk.internal.module.ModuleReferenceImpl.hashCode [0x00007f5c49019410] (c1)
[2024-08-16T20:43:18.819+0800][0.039s][debug][gc,nmethod   ] Register NMethod: java.util.AbstractMap.<init> [0x00007f5c49019d10] (c1)
[2024-08-16T20:43:18.820+0800][0.039s][debug][gc,nmethod   ] Register NMethod: java.util.ImmutableCollections$SetN.isEmpty [0x00007f5c4901a110] (c1)
[2024-08-16T20:43:18.820+0800][0.039s][debug][gc,nmethod   ] Register NMethod: java.util.ImmutableCollections$Set12.iterator [0x00007f5c4901a490] (c1)
[2024-08-16T20:43:18.820+0800][0.039s][debug][gc,nmethod   ] Register NMethod: java.util.HashSet.add [0x00007f5c4901aa90] (c1)
[2024-08-16T20:43:18.820+0800][0.039s][debug][gc,nmethod   ] Register NMethod: java.lang.module.ModuleDescriptor$Exports.targets [0x00007f5c50ba7010] (c1)
[2024-08-16T20:43:18.820+0800][0.039s][debug][gc,nmethod   ] Register NMethod: java.lang.module.ResolvedModule.configuration [0x00007f5c50ba7310] (c1)
[2024-08-16T20:43:18.820+0800][0.040s][debug][gc,nmethod   ] Register NMethod: java.util.ImmutableCollections$Set12$1.<init> [0x00007f5c4901af10] (c1)
[2024-08-16T20:43:18.820+0800][0.040s][debug][gc,nmethod   ] Register NMethod: java.util.HashMap.<init> [0x00007f5c4901b410] (c1)
[2024-08-16T20:43:18.821+0800][0.040s][debug][gc,nmethod   ] Register NMethod: java.util.ImmutableCollections$Set12.isEmpty [0x00007f5c50ba7610] (c1)
[2024-08-16T20:43:18.821+0800][0.040s][debug][gc,nmethod   ] Register NMethod: java.util.ImmutableCollections$Set12$1.next [0x00007f5c4901b890] (c1)
[2024-08-16T20:43:18.825+0800][0.044s][debug][gc,nmethod   ] Register NMethod: java.lang.String.isEmpty [0x00007f5c4901c010] (c1)
[2024-08-16T20:43:18.827+0800][0.047s][debug][gc,nmethod   ] Register NMethod: java.lang.invoke.MethodHandle.linkToStatic [0x00007f5c50ba7910] ()
[2024-08-16T20:43:18.828+0800][0.047s][debug][gc,nmethod   ] Register NMethod: java.lang.invoke.MethodHandle.linkToStatic [0x00007f5c50ba7c10] ()
[2024-08-16T20:43:18.829+0800][0.048s][debug][gc,nmethod   ] Register NMethod: java.lang.Math.min [0x00007f5c4901c490] (c1)
[2024-08-16T20:43:18.829+0800][0.049s][debug][gc,nmethod   ] Register NMethod: java.lang.AbstractStringBuilder.ensureCapacityInternal [0x00007f5c4901c810] (c1)
[2024-08-16T20:43:18.830+0800][0.049s][debug][gc,nmethod   ] Register NMethod: java.lang.invoke.MethodHandle.invokeBasic [0x00007f5c50ba7f10] ()
[2024-08-16T20:43:18.830+0800][0.049s][debug][gc,nmethod   ] Register NMethod: java.lang.invoke.MethodHandle.linkToSpecial [0x00007f5c50ba8490] ()
[2024-08-16T20:43:18.830+0800][0.050s][debug][gc,nmethod   ] Register NMethod: java.lang.Class.getClassLoader0 [0x00007f5c50ba8790] (c1)
[2024-08-16T20:43:18.830+0800][0.050s][debug][gc,nmethod   ] Register NMethod: java.lang.Enum.ordinal [0x00007f5c50ba8a90] (c1)
[2024-08-16T20:43:18.831+0800][0.050s][debug][gc,nmethod   ] Register NMethod: java.lang.StringLatin1.canEncode [0x00007f5c4901cd10] (c1)
[2024-08-16T20:43:18.831+0800][0.051s][debug][gc,nmethod   ] Register NMethod: java.lang.Class.isPrimitive [0x00007f5c50ba8d90] ()
[2024-08-16T20:43:18.832+0800][0.052s][debug][gc,nmethod   ] Register NMethod: java.lang.invoke.MethodHandle.linkToStatic [0x00007f5c50ba9190] ()
[2024-08-16T20:43:18.832+0800][0.052s][debug][gc,nmethod   ] Register NMethod: java.lang.invoke.MethodHandle.linkToStatic [0x00007f5c50ba9490] ()
[2024-08-16T20:43:18.832+0800][0.052s][debug][gc,nmethod   ] Register NMethod: java.lang.StringLatin1.hashCode [0x00007f5c50ba9790] (c2)
[2024-08-16T20:43:18.833+0800][0.053s][debug][gc,nmethod   ] Register NMethod: java.lang.invoke.MethodType.returnType [0x00007f5c50ba9b90] (c1)
[2024-08-16T20:43:18.833+0800][0.053s][debug][gc,nmethod   ] Register NMethod: java.lang.String.<init> [0x00007f5c4901d090] (c1)
[2024-08-16T20:43:18.834+0800][0.053s][debug][gc,nmethod   ] Register NMethod: java.lang.invoke.MethodHandle.invokeBasic [0x00007f5c50ba9e90] ()
[2024-08-16T20:43:18.834+0800][0.053s][debug][gc,nmethod   ] Register NMethod: java.lang.invoke.MethodHandle.linkToSpecial [0x00007f5c50baa410] ()
[2024-08-16T20:43:18.834+0800][0.054s][debug][gc,nmethod   ] Register NMethod: java.lang.StringLatin1.indexOfChar [0x00007f5c4901d490] (c1)
[2024-08-16T20:43:18.838+0800][0.057s][debug][gc,nmethod   ] Register NMethod: java.lang.module.ModuleDescriptor.isOpen [0x00007f5c50baa710] (c1)
[2024-08-16T20:43:18.838+0800][0.058s][debug][gc,nmethod   ] Register NMethod: java.lang.invoke.MemberName.testFlags [0x00007f5c4901d990] (c1)
[2024-08-16T20:43:18.840+0800][0.059s][debug][gc,nmethod   ] Register NMethod: java.lang.invoke.MethodHandle.linkToSpecial [0x00007f5c50baaa10] ()
[2024-08-16T20:43:18.840+0800][0.059s][debug][gc,nmethod   ] Register NMethod: java.util.concurrent.ConcurrentHashMap.get [0x00007f5c4901dd10] (c1)
[2024-08-16T20:43:18.840+0800][0.060s][debug][gc,nmethod   ] Register NMethod: java.lang.invoke.MethodHandle.linkToInterface [0x00007f5c50baad10] ()
[2024-08-16T20:43:18.841+0800][0.060s][debug][gc,nmethod   ] Register NMethod: java.lang.invoke.MethodTypeForm.canonicalize [0x00007f5c4901f010] (c1)
[2024-08-16T20:43:18.841+0800][0.060s][debug][gc,nmethod   ] Register NMethod: java.lang.invoke.MemberName.isInvocable [0x00007f5c4901fd10] (c1)
[2024-08-16T20:43:18.841+0800][0.060s][debug][gc,nmethod   ] Register NMethod: java.lang.invoke.MemberName.testAnyFlags [0x00007f5c49020210] (c1)
[2024-08-16T20:43:18.841+0800][0.061s][debug][gc,nmethod   ] Register NMethod: java.lang.AbstractStringBuilder.isLatin1 [0x00007f5c49020690] (c1)
[2024-08-16T20:43:18.841+0800][0.061s][debug][gc,nmethod   ] Register NMethod: java.lang.invoke.MethodHandle.linkToStatic [0x00007f5c50bab090] ()
[2024-08-16T20:43:18.841+0800][0.061s][debug][gc,nmethod   ] Register NMethod: java.lang.invoke.MemberName.getDeclaringClass [0x00007f5c50bab390] (c1)
[2024-08-16T20:43:18.842+0800][0.061s][debug][gc,nmethod   ] Register NMethod: java.lang.ref.ReferenceQueue.poll [0x00007f5c49020a90] (c1)
[2024-08-16T20:43:18.842+0800][0.061s][debug][gc,nmethod   ] Register NMethod: java.lang.invoke.MethodType.hashCode [0x00007f5c49021090] (c1)
[2024-08-16T20:43:18.845+0800][0.064s][debug][gc,nmethod   ] Register NMethod: java.lang.invoke.MethodHandle.linkToStatic [0x00007f5c50bab690] ()
[2024-08-16T20:43:18.845+0800][0.065s][debug][gc,nmethod   ] Register NMethod: java.lang.StringBuilder.append [0x00007f5c49021890] (c1)
[2024-08-16T20:43:18.845+0800][0.065s][debug][gc,nmethod   ] Register NMethod: java.lang.invoke.MethodType$ConcurrentWeakInternSet.expungeStaleElements [0x00007f5c49021c90] (c1)
[2024-08-16T20:43:18.845+0800][0.065s][debug][gc,nmethod   ] Register NMethod: java.lang.AbstractStringBuilder.putStringAt [0x00007f5c49022710] (c1)
[2024-08-16T20:43:18.845+0800][0.065s][debug][gc,nmethod   ] Register NMethod: java.lang.invoke.MethodHandle.linkToSpecial [0x00007f5c50bab990] ()
[2024-08-16T20:43:18.845+0800][0.065s][debug][gc,nmethod   ] Register NMethod: java.lang.AbstractStringBuilder.append [0x00007f5c49022d10] (c1)
[2024-08-16T20:43:18.846+0800][0.065s][debug][gc,nmethod   ] Register NMethod: java.lang.AbstractStringBuilder.putStringAt [0x00007f5c49023410] (c1)
[2024-08-16T20:43:18.846+0800][0.065s][debug][gc,nmethod   ] Register NMethod: java.lang.AbstractStringBuilder.getCoder [0x00007f5c49023b10] (c1)
[2024-08-16T20:43:18.846+0800][0.065s][debug][gc,nmethod   ] Register NMethod: java.lang.invoke.MethodHandle.invokeBasic [0x00007f5c50babc90] ()
[2024-08-16T20:43:18.846+0800][0.065s][debug][gc,nmethod   ] Register NMethod: java.lang.invoke.MethodHandle.linkToSpecial [0x00007f5c50bac210] ()
[2024-08-16T20:43:18.846+0800][0.066s][debug][gc,nmethod   ] Register NMethod: java.lang.String.getBytes [0x00007f5c49023e90] (c1)
[2024-08-16T20:43:18.846+0800][0.066s][debug][gc,nmethod   ] Register NMethod: java.lang.invoke.MethodHandle.linkToSpecial [0x00007f5c50bac510] ()
[2024-08-16T20:43:18.846+0800][0.066s][debug][gc,nmethod   ] Register NMethod: java.lang.Class.isArray [0x00007f5c50bac810] ()
[2024-08-16T20:43:18.847+0800][0.067s][debug][gc,nmethod   ] Register NMethod: java.lang.invoke.MethodType.form [0x00007f5c50bacc10] (c1)
[2024-08-16T20:43:18.848+0800][0.067s][debug][gc,nmethod   ] Register NMethod: jdk.internal.org.objectweb.asm.SymbolTable.get [0x00007f5c49024510] (c1)
[2024-08-16T20:43:18.848+0800][0.068s][debug][gc,nmethod   ] Register NMethod: java.lang.Class.getClassLoader [0x00007f5c49024990] (c1)
[2024-08-16T20:43:18.848+0800][0.068s][debug][gc,nmethod   ] Register NMethod: java.lang.invoke.MethodType.<init> [0x00007f5c49025b90] (c1)
[2024-08-16T20:43:18.849+0800][0.068s][debug][gc,nmethod   ] Register NMethod: java.lang.invoke.MethodType.makeImpl [0x00007f5c49026010] (c1)
[2024-08-16T20:43:18.849+0800][0.068s][debug][gc,nmethod   ] Register NMethod: java.lang.invoke.MethodType$ConcurrentWeakInternSet.get [0x00007f5c49027510] (c1)
[2024-08-16T20:43:18.849+0800][0.069s][debug][gc,nmethod   ] Register NMethod: java.util.Arrays.copyOfRange [0x00007f5c49028610] (c1)
[2024-08-16T20:43:18.850+0800][0.069s][debug][gc,nmethod   ] Register NMethod: java.lang.StringLatin1.newString [0x00007f5c49029590] (c1)
[2024-08-16T20:43:18.850+0800][0.069s][debug][gc,nmethod   ] Register NMethod: jdk.internal.org.objectweb.asm.ByteVector.putUTF8 [0x00007f5c49029b90] (c1)
[2024-08-16T20:43:18.850+0800][0.069s][debug][gc,nmethod   ] Register NMethod: jdk.internal.org.objectweb.asm.SymbolTable.hash [0x00007f5c4902af90] (c1)
[2024-08-16T20:43:18.850+0800][0.070s][debug][gc,nmethod   ] Register NMethod: jdk.internal.org.objectweb.asm.ByteVector.putShort [0x00007f5c4902b390] (c1)
[2024-08-16T20:43:18.850+0800][0.070s][debug][gc,nmethod   ] Register NMethod: java.lang.invoke.MethodHandle.linkToStatic [0x00007f5c50bacf10] ()
[2024-08-16T20:43:18.851+0800][0.070s][debug][gc,nmethod   ] Register NMethod: java.lang.invoke.MethodType.ptypes [0x00007f5c50bad210] (c1)
[2024-08-16T20:43:18.851+0800][0.070s][debug][gc,nmethod   ] Register NMethod: java.lang.invoke.MethodHandle.type [0x00007f5c50bad510] (c1)
[2024-08-16T20:43:18.851+0800][0.070s][debug][gc,nmethod   ] Register NMethod: java.lang.invoke.MethodHandle.invokeBasic [0x00007f5c50bad810] ()
[2024-08-16T20:43:18.851+0800][0.070s][debug][gc,nmethod   ] Register NMethod: java.lang.invoke.MethodHandle.linkToSpecial [0x00007f5c50badd90] ()
[2024-08-16T20:43:18.851+0800][0.070s][debug][gc,nmethod   ] Register NMethod: java.lang.invoke.MethodType.parameterType [0x00007f5c4902b990] (c1)
[2024-08-16T20:43:18.851+0800][0.071s][debug][gc,nmethod   ] Register NMethod: java.lang.invoke.MethodType.parameterCount [0x00007f5c4902be10] (c1)
[2024-08-16T20:43:18.851+0800][0.071s][debug][gc,nmethod   ] Register NMethod: java.lang.invoke.MethodHandle.linkToStatic [0x00007f5c50bae090] ()
[2024-08-16T20:43:18.851+0800][0.071s][debug][gc,nmethod   ] Register NMethod: java.lang.invoke.MethodHandle.invokeBasic [0x00007f5c50bae390] ()
[2024-08-16T20:43:18.851+0800][0.071s][debug][gc,nmethod   ] Register NMethod: java.lang.invoke.MethodHandle.linkToSpecial [0x00007f5c50bae910] ()
[2024-08-16T20:43:18.851+0800][0.071s][debug][gc,nmethod   ] Register NMethod: java.lang.Object.clone [0x00007f5c50baec10] ()
[2024-08-16T20:43:18.852+0800][0.071s][debug][gc,nmethod   ] Register NMethod: java.lang.invoke.MethodType.checkSlotCount [0x00007f5c4902c210] (c1)
[2024-08-16T20:43:18.852+0800][0.071s][debug][gc,nmethod   ] Register NMethod: jdk.internal.org.objectweb.asm.Symbol.<init> [0x00007f5c4902ce10] (c1)
[2024-08-16T20:43:18.852+0800][0.072s][debug][gc,nmethod   ] Register NMethod: jdk.internal.org.objectweb.asm.SymbolTable.put [0x00007f5c4902d310] (c1)
[2024-08-16T20:43:18.852+0800][0.072s][debug][gc,nmethod   ] Register NMethod: java.lang.invoke.MethodHandle.linkToStatic [0x00007f5c50baf390] ()
[2024-08-16T20:43:18.852+0800][0.072s][debug][gc,nmethod   ] Register NMethod: java.lang.invoke.MethodHandle.invokeBasic [0x00007f5c50baf690] ()
[2024-08-16T20:43:18.852+0800][0.072s][debug][gc,nmethod   ] Register NMethod: java.lang.invoke.MethodHandle.linkToSpecial [0x00007f5c50bafc10] ()
[2024-08-16T20:43:18.853+0800][0.072s][debug][gc,nmethod   ] Register NMethod: java.lang.invoke.MethodType$ConcurrentWeakInternSet$WeakEntry.hashCode [0x00007f5c50baff10] (c1)
[2024-08-16T20:43:18.853+0800][0.072s][debug][gc,nmethod   ] Register NMethod: java.lang.invoke.MethodHandle.linkToStatic [0x00007f5c50bb0210] ()
[2024-08-16T20:43:18.853+0800][0.072s][debug][gc,nmethod   ] Register NMethod: java.lang.invoke.MemberName.testAllFlags [0x00007f5c4902e210] (c1)
[2024-08-16T20:43:18.853+0800][0.073s][debug][gc,nmethod   ] Register NMethod: java.lang.invoke.MethodHandle.invokeBasic [0x00007f5c50bb0510] ()
[2024-08-16T20:43:18.853+0800][0.073s][debug][gc,nmethod   ] Register NMethod: java.lang.String.indexOf [0x00007f5c4902e690] (c1)
[2024-08-16T20:43:18.853+0800][0.073s][debug][gc,nmethod   ] Register NMethod: jdk.internal.org.objectweb.asm.SymbolTable$Entry.<init> [0x00007f5c4902ec90] (c1)
[2024-08-16T20:43:18.853+0800][0.073s][debug][gc,nmethod   ] Register NMethod: java.lang.StringLatin1.indexOf [0x00007f5c4902f090] (c1)
[2024-08-16T20:43:18.854+0800][0.073s][debug][gc,nmethod   ] Register NMethod: java.lang.invoke.MethodHandle.invokeBasic [0x00007f5c50bb0a90] ()
[2024-08-16T20:43:18.854+0800][0.073s][debug][gc,nmethod   ] Register NMethod: jdk.internal.org.objectweb.asm.ByteVector.putByte [0x00007f5c4902f810] (c1)
[2024-08-16T20:43:18.854+0800][0.073s][debug][gc,nmethod   ] Register NMethod: java.lang.invoke.MethodHandle.linkToSpecial [0x00007f5c50bb1010] ()
[2024-08-16T20:43:18.854+0800][0.073s][debug][gc,nmethod   ] Register NMethod: jdk.internal.org.objectweb.asm.SymbolTable.addConstantUtf8 [0x00007f5c4902fd90] (c1)
[2024-08-16T20:43:18.854+0800][0.073s][debug][gc,nmethod   ] Register NMethod: java.lang.Math.max [0x00007f5c49030a90] (c1)
[2024-08-16T20:43:18.854+0800][0.074s][debug][gc,nmethod   ] Register NMethod: java.lang.invoke.LambdaForm.argument [0x00007f5c49030e10] (c1)
[2024-08-16T20:43:18.854+0800][0.074s][debug][gc,nmethod   ] Register NMethod: java.lang.String.charAt [0x00007f5c50bb1310] (c2)
[2024-08-16T20:43:18.855+0800][0.074s][debug][gc,nmethod   ] Register NMethod: java.lang.invoke.MemberName.initResolved [0x00007f5c49031490] (c1)
[2024-08-16T20:43:18.855+0800][0.074s][debug][gc,nmethod   ] Register NMethod: java.lang.invoke.LambdaForm$BasicType.basicType [0x00007f5c49031890] (c1)
[2024-08-16T20:43:18.855+0800][0.075s][debug][gc,nmethod   ] Register NMethod: java.lang.invoke.MethodType.equals [0x00007f5c49031e10] (c1)
[2024-08-16T20:43:18.855+0800][0.075s][debug][gc,nmethod   ] Register NMethod: java.lang.invoke.MethodHandle.linkToStatic [0x00007f5c50bb1710] ()
[2024-08-16T20:43:18.855+0800][0.075s][debug][gc,nmethod   ] Register NMethod: java.lang.invoke.MethodHandle.invokeBasic [0x00007f5c50bb1a10] ()
[2024-08-16T20:43:18.855+0800][0.075s][debug][gc,nmethod   ] Register NMethod: java.lang.invoke.MethodHandle.linkToSpecial [0x00007f5c50bb1f90] ()
[2024-08-16T20:43:18.856+0800][0.075s][debug][gc,nmethod   ] Register NMethod: java.lang.invoke.MethodTypeForm.parameterSlotCount [0x00007f5c50bb2290] (c1)
[2024-08-16T20:43:18.856+0800][0.075s][debug][gc,nmethod   ] Register NMethod: java.lang.invoke.LambdaForm$Name.initIndex [0x00007f5c49033090] (c1)
[2024-08-16T20:43:18.856+0800][0.075s][debug][gc,nmethod   ] Register NMethod: java.lang.Class.getName [0x00007f5c49033490] (c1)
[2024-08-16T20:43:18.856+0800][0.076s][debug][gc,nmethod   ] Register NMethod: java.lang.invoke.MethodHandle.linkToStatic [0x00007f5c50bb2590] ()
[2024-08-16T20:43:18.856+0800][0.076s][debug][gc,nmethod   ] Register NMethod: java.lang.invoke.MethodHandle.invokeBasic [0x00007f5c50bb2890] ()
[2024-08-16T20:43:18.856+0800][0.076s][debug][gc,nmethod   ] Register NMethod: java.lang.invoke.MethodTypeForm.erasedType [0x00007f5c50bb2e10] (c1)
[2024-08-16T20:43:18.856+0800][0.076s][debug][gc,nmethod   ] Register NMethod: java.lang.invoke.MethodHandle.linkToSpecial [0x00007f5c50bb3110] ()
[2024-08-16T20:43:18.857+0800][0.076s][debug][gc,nmethod   ] Register NMethod: java.lang.invoke.MethodHandle.linkToStatic [0x00007f5c50bb3410] ()
[2024-08-16T20:43:18.857+0800][0.076s][debug][gc,nmethod   ] Register NMethod: java.lang.String.hashCode [0x00007f5c50bb3710] (c2)
[2024-08-16T20:43:18.857+0800][0.077s][debug][gc,nmethod   ] Register NMethod: java.lang.invoke.MethodType.checkPtypes [0x00007f5c49033910] (c1)
[2024-08-16T20:43:18.857+0800][0.077s][debug][gc,nmethod   ] Register NMethod: java.lang.invoke.MethodHandle.invokeBasic [0x00007f5c50bb3c10] ()
[2024-08-16T20:43:18.857+0800][0.077s][debug][gc,nmethod   ] Register NMethod: java.lang.invoke.MemberName.getMethodType [0x00007f5c49034910] (c1)
[2024-08-16T20:43:18.857+0800][0.077s][debug][gc,nmethod   ] Register NMethod: java.util.Arrays.copyOf [0x00007f5c49036b10] (c1)
[2024-08-16T20:43:18.858+0800][0.077s][debug][gc,nmethod   ] Register NMethod: java.lang.invoke.MemberName.getReferenceKind [0x00007f5c49037610] (c1)
[2024-08-16T20:43:18.858+0800][0.078s][debug][gc,nmethod   ] Register NMethod: java.lang.invoke.MethodHandle.linkToStatic [0x00007f5c50bb4190] ()
[2024-08-16T20:43:18.858+0800][0.078s][debug][gc,nmethod   ] Register NMethod: java.lang.invoke.MethodHandle.invokeBasic [0x00007f5c50bb4490] ()
[2024-08-16T20:43:18.859+0800][0.078s][debug][gc,nmethod   ] Register NMethod: sun.invoke.util.VerifyAccess.isTypeVisible [0x00007f5c49037990] (c1)
[2024-08-16T20:43:18.859+0800][0.078s][debug][gc,nmethod   ] Register NMethod: java.lang.invoke.MethodHandle.linkToStatic [0x00007f5c50bb4a10] ()
[2024-08-16T20:43:18.859+0800][0.079s][debug][gc,nmethod   ] Register NMethod: java.lang.Number.<init> [0x00007f5c4903ac90] (c1)
[2024-08-16T20:43:18.859+0800][0.079s][debug][gc,nmethod   ] Register NMethod: java.lang.ref.Reference.<init> [0x00007f5c4903b090] (c1)
[2024-08-16T20:43:18.859+0800][0.079s][debug][gc,nmethod   ] Register NMethod: java.lang.invoke.MethodHandle.invokeBasic [0x00007f5c50bb4d10] ()
[2024-08-16T20:43:18.859+0800][0.079s][debug][gc,nmethod   ] Register NMethod: java.lang.StringBuilder.append [0x00007f5c4903b590] (c1)
[2024-08-16T20:43:18.859+0800][0.079s][debug][gc,nmethod   ] Register NMethod: java.lang.invoke.MethodHandle.linkToSpecial [0x00007f5c50bb5290] ()
[2024-08-16T20:43:18.859+0800][0.079s][debug][gc,nmethod   ] Register NMethod: java.lang.reflect.Modifier.isStatic [0x00007f5c4903b990] (c1)
[2024-08-16T20:43:18.859+0800][0.079s][debug][gc,nmethod   ] Register NMethod: java.lang.invoke.MethodHandle.invokeBasic [0x00007f5c50bb5590] ()
[2024-08-16T20:43:18.859+0800][0.079s][debug][gc,nmethod   ] Register NMethod: java.lang.invoke.MemberName.isStatic [0x00007f5c4903bd10] (c1)
[2024-08-16T20:43:18.860+0800][0.079s][debug][gc,nmethod   ] Register NMethod: java.lang.Class.isInterface [0x00007f5c50bb5b10] ()
[2024-08-16T20:43:18.860+0800][0.079s][debug][gc,nmethod   ] Register NMethod: java.lang.AbstractStringBuilder.append [0x00007f5c4903c190] (c1)
[2024-08-16T20:43:18.860+0800][0.080s][debug][gc,nmethod   ] Register NMethod: java.util.Arrays.equals [0x00007f5c4903cd90] (c1)
[2024-08-16T20:43:18.860+0800][0.080s][debug][gc,nmethod   ] Register NMethod: java.lang.invoke.MethodHandle.linkToStatic [0x00007f5c50bb5f10] ()
[2024-08-16T20:43:18.860+0800][0.080s][debug][gc,nmethod   ] Register NMethod: java.lang.invoke.LambdaForm$Name.useCount [0x00007f5c4903d810] (c1)
[2024-08-16T20:43:18.860+0800][0.080s][debug][gc,nmethod   ] Register NMethod: java.lang.invoke.LambdaForm$Name.index [0x00007f5c50bb6210] (c1)
[2024-08-16T20:43:18.860+0800][0.080s][debug][gc,nmethod   ] Register NMethod: java.lang.Class.isAssignableFrom [0x00007f5c50bb6510] ()
[2024-08-16T20:43:18.860+0800][0.080s][debug][gc,nmethod   ] Register NMethod: java.lang.invoke.LambdaForm$BasicType.basicTypeClass [0x00007f5c50bb6910] (c1)
[2024-08-16T20:43:18.861+0800][0.080s][debug][gc,nmethod   ] Register NMethod: java.lang.String.substring [0x00007f5c4903de10] (c1)
[2024-08-16T20:43:18.861+0800][0.081s][debug][gc,nmethod   ] Register NMethod: java.lang.invoke.MethodHandle.invokeBasic [0x00007f5c50bb6c10] ()
[2024-08-16T20:43:18.861+0800][0.081s][debug][gc,nmethod   ] Register NMethod: jdk.internal.org.objectweb.asm.Frame.execute [0x00007f5c4903e790] (c1)
[2024-08-16T20:43:18.861+0800][0.081s][debug][gc,nmethod   ] Register NMethod: java.lang.String.checkBoundsBeginEnd [0x00007f5c49048210] (c1)
[2024-08-16T20:43:18.862+0800][0.081s][debug][gc,nmethod   ] Register NMethod: java.util.ImmutableCollections$ListN.get [0x00007f5c49049190] (c1)
[2024-08-16T20:43:18.862+0800][0.081s][debug][gc,nmethod   ] Register NMethod: java.lang.invoke.LambdaForm.internArgument [0x00007f5c49049610] (c1)
[2024-08-16T20:43:18.862+0800][0.081s][debug][gc,nmethod   ] Register NMethod: java.lang.Long.<init> [0x00007f5c49049e90] (c1)
[2024-08-16T20:43:18.862+0800][0.082s][debug][gc,nmethod   ] Register NMethod: java.lang.AbstractStringBuilder.<init> [0x00007f5c4904a310] (c1)
[2024-08-16T20:43:18.862+0800][0.082s][debug][gc,nmethod   ] Register NMethod: jdk.internal.org.objectweb.asm.Frame.push [0x00007f5c4904a810] (c1)
[2024-08-16T20:43:18.862+0800][0.082s][debug][gc,nmethod   ] Register NMethod: java.lang.invoke.MethodHandle.invokeBasic [0x00007f5c50bb7190] ()
[2024-08-16T20:43:18.862+0800][0.082s][debug][gc,nmethod   ] Register NMethod: java.lang.invoke.MethodHandle.linkToSpecial [0x00007f5c50bb7710] ()
[2024-08-16T20:43:18.862+0800][0.082s][debug][gc,nmethod   ] Register NMethod: java.lang.StringBuilder.toString [0x00007f5c4904b290] (c1)
[2024-08-16T20:43:18.862+0800][0.082s][debug][gc,nmethod   ] Register NMethod: java.lang.invoke.LambdaForm$Name.<init> [0x00007f5c4904b890] (c1)
[2024-08-16T20:43:18.862+0800][0.082s][debug][gc,nmethod   ] Register NMethod: java.lang.invoke.LambdaForm$NamedFunction.methodType [0x00007f5c4904bd90] (c1)
[2024-08-16T20:43:18.863+0800][0.083s][debug][gc,nmethod   ] Register NMethod: java.lang.Class.getModule [0x00007f5c50bb7a10] (c1)
[2024-08-16T20:43:18.863+0800][0.083s][debug][gc,nmethod   ] Register NMethod: java.lang.invoke.MethodHandle.linkToSpecial [0x00007f5c50bb7d10] ()
[2024-08-16T20:43:18.863+0800][0.083s][debug][gc,nmethod   ] Register NMethod: java.lang.StringBuilder.<init> [0x00007f5c4904c390] (c1)
[2024-08-16T20:43:18.863+0800][0.083s][debug][gc,nmethod   ] Register NMethod: sun.invoke.util.Wrapper.basicTypeChar [0x00007f5c50bb8010] (c1)
[2024-08-16T20:43:18.864+0800][0.083s][debug][gc,nmethod   ] Register NMethod: java.lang.invoke.MemberName.getMethodOrFieldType [0x00007f5c4904c710] (c1)
[2024-08-16T20:43:18.864+0800][0.084s][debug][gc,nmethod   ] Register NMethod: jdk.internal.org.objectweb.asm.SymbolTable.addConstantClass [0x00007f5c4904df10] (c1)
[2024-08-16T20:43:18.865+0800][0.084s][debug][gc,nmethod   ] Register NMethod: jdk.internal.org.objectweb.asm.SymbolTable.addConstantUtf8Reference [0x00007f5c4904e310] (c1)
[2024-08-16T20:43:18.865+0800][0.085s][debug][gc,nmethod   ] Register NMethod: java.lang.invoke.MethodHandles$Lookup.lookupClass [0x00007f5c50bb8310] (c1)
[2024-08-16T20:43:18.866+0800][0.085s][debug][gc,nmethod   ] Register NMethod: jdk.internal.org.objectweb.asm.MethodWriter.visitVarInsn [0x00007f5c4904f010] (c1)
[2024-08-16T20:43:18.866+0800][0.086s][debug][gc,nmethod   ] Register NMethod: java.lang.String.isLatin1 [0x00007f5c50bb8610] (c2)
[2024-08-16T20:43:18.867+0800][0.086s][debug][gc,nmethod   ] Register NMethod: jdk.internal.org.objectweb.asm.ByteVector.put122 [0x00007f5c49050010] (c1)
[2024-08-16T20:43:18.867+0800][0.086s][debug][gc,nmethod   ] Register NMethod: java.lang.invoke.MethodHandle.linkToStatic [0x00007f5c50bb8910] ()
[2024-08-16T20:43:18.867+0800][0.086s][debug][gc,nmethod   ] Register NMethod: java.lang.invoke.MethodHandle.invokeBasic [0x00007f5c50bb8c10] ()
[2024-08-16T20:43:18.867+0800][0.086s][debug][gc,nmethod   ] Register NMethod: java.lang.invoke.MethodHandle.linkToSpecial [0x00007f5c50bb9190] ()
[2024-08-16T20:43:18.867+0800][0.087s][debug][gc,nmethod   ] Register NMethod: java.lang.invoke.LambdaForm.parameter [0x00007f5c49050690] (c1)
[2024-08-16T20:43:18.867+0800][0.087s][debug][gc,nmethod   ] Register NMethod: java.lang.invoke.MethodHandle.invokeBasic [0x00007f5c50bb9490] ()
[2024-08-16T20:43:18.867+0800][0.087s][debug][gc,nmethod   ] Register NMethod: java.lang.invoke.MethodHandle.linkToSpecial [0x00007f5c50bb9a10] ()
[2024-08-16T20:43:18.867+0800][0.087s][debug][gc,nmethod   ] Register NMethod: java.lang.invoke.LambdaForm.parameterType [0x00007f5c49050b10] (c1)
[2024-08-16T20:43:18.868+0800][0.087s][debug][gc,nmethod   ] Register NMethod: java.lang.invoke.MethodType.parameterSlotCount [0x00007f5c49050f90] (c1)
[2024-08-16T20:43:18.868+0800][0.087s][debug][gc,nmethod   ] Register NMethod: java.lang.invoke.LambdaForm$Name.type [0x00007f5c50bb9d10] (c1)
[2024-08-16T20:43:18.868+0800][0.087s][debug][gc,nmethod   ] Register NMethod: java.lang.invoke.MemberName.isConstructor [0x00007f5c49051390] (c1)
[2024-08-16T20:43:18.868+0800][0.088s][debug][gc,nmethod   ] Register NMethod: jdk.internal.org.objectweb.asm.Frame.pop [0x00007f5c49051890] (c1)
[2024-08-16T20:43:18.869+0800][0.088s][debug][gc,nmethod   ] Register NMethod: java.lang.StringLatin1.replace [0x00007f5c49051d90] (c1)
[2024-08-16T20:43:18.869+0800][0.088s][debug][gc,nmethod   ] Register NMethod: jdk.internal.org.objectweb.asm.SymbolTable.addType [0x00007f5c49053390] (c1)
[2024-08-16T20:43:18.869+0800][0.089s][debug][gc,nmethod   ] Register NMethod: jdk.internal.org.objectweb.asm.Frame.getLocal [0x00007f5c49053f10] (c1)
[2024-08-16T20:43:18.869+0800][0.089s][debug][gc,nmethod   ] Register NMethod: java.lang.invoke.MethodHandle.linkToStatic [0x00007f5c50bba010] ()
[2024-08-16T20:43:18.869+0800][0.089s][debug][gc,nmethod   ] Register NMethod: java.lang.invoke.MethodHandle.invokeBasic [0x00007f5c50bba310] ()
[2024-08-16T20:43:18.869+0800][0.089s][debug][gc,nmethod   ] Register NMethod: java.lang.invoke.MethodHandle.linkToSpecial [0x00007f5c50bba890] ()
[2024-08-16T20:43:18.870+0800][0.089s][debug][gc,nmethod   ] Register NMethod: sun.invoke.util.Wrapper.hashPrim [0x00007f5c49054410] (c1)
[2024-08-16T20:43:18.870+0800][0.089s][debug][gc,nmethod   ] Register NMethod: sun.invoke.util.Wrapper.findPrimitiveType [0x00007f5c49055890] (c1)
[2024-08-16T20:43:18.870+0800][0.089s][debug][gc,nmethod   ] Register NMethod: java.lang.invoke.MethodHandle.invokeBasic [0x00007f5c50bbab90] ()
[2024-08-16T20:43:18.870+0800][0.089s][debug][gc,nmethod   ] Register NMethod: java.lang.invoke.MethodHandle.linkToSpecial [0x00007f5c50bbb110] ()
[2024-08-16T20:43:18.870+0800][0.089s][debug][gc,nmethod   ] Register NMethod: java.lang.invoke.MemberName.isResolved [0x00007f5c49056c90] (c1)
[2024-08-16T20:43:18.870+0800][0.090s][debug][gc,nmethod   ] Register NMethod: java.lang.invoke.MethodTypeForm.canonicalize [0x00007f5c49057090] (c1)
[2024-08-16T20:43:18.870+0800][0.090s][debug][gc,nmethod   ] Register NMethod: jdk.internal.org.objectweb.asm.ByteVector.put12 [0x00007f5c49057790] (c1)
[2024-08-16T20:43:18.871+0800][0.090s][debug][gc,nmethod   ] Register NMethod: sun.invoke.util.Wrapper.forPrimitiveType [0x00007f5c49057d90] (c1)
[2024-08-16T20:43:18.871+0800][0.090s][debug][gc,nmethod   ] Register NMethod: java.lang.invoke.LambdaForm$Name.<init> [0x00007f5c49059e90] (c1)
[2024-08-16T20:43:18.871+0800][0.091s][debug][gc,nmethod   ] Register NMethod: java.lang.invoke.LambdaForm$NamedFunction.returnType [0x00007f5c4905ab10] (c1)
[2024-08-16T20:43:18.871+0800][0.091s][debug][gc,nmethod   ] Register NMethod: java.lang.invoke.MemberName.clone [0x00007f5c4905b490] (c1)
[2024-08-16T20:43:18.871+0800][0.091s][debug][gc,nmethod   ] Register NMethod: java.lang.invoke.MethodType$ConcurrentWeakInternSet.add [0x00007f5c4905bb90] (c1)
[2024-08-16T20:43:18.875+0800][0.095s][debug][gc,nmethod   ] Register NMethod: java.util.HashMap.resize [0x00007f5c4905d390] (c1)
[2024-08-16T20:43:18.877+0800][0.096s][debug][gc,nmethod   ] Register NMethod: java.util.Optional.<init> [0x00007f5c4905f010] (c1)
[2024-08-16T20:43:18.881+0800][0.100s][debug][gc,nmethod   ] Register NMethod: java.lang.StringUTF16.compress [0x00007f5c4905f410] (c1)
[2024-08-16T20:43:18.886+0800][0.106s][debug][gc,nmethod   ] Register NMethod: java.util.Spliterators$EmptySpliterator.characteristics [0x00007f5c50bbb410] (c1)
[2024-08-16T20:43:18.888+0800][0.108s][debug][gc,nmethod   ] Register NMethod: java.lang.invoke.DirectMethodHandle.internalMemberName [0x00007f5c4905f990] (c1)
[2024-08-16T20:43:18.890+0800][0.110s][debug][gc,nmethod   ] Register NMethod: java.util.stream.FindOps$FindSink.cancellationRequested [0x00007f5c50bbb710] (c1)
[2024-08-16T20:43:18.890+0800][0.110s][debug][gc,nmethod   ] Register NMethod: java.util.stream.AbstractPipeline.isParallel [0x00007f5c4905fe90] (c1)
[2024-08-16T20:43:18.890+0800][0.110s][debug][gc,nmethod   ] Register NMethod: java.util.stream.PipelineHelper.<init> [0x00007f5c49060290] (c1)
[2024-08-16T20:43:18.892+0800][0.112s][debug][gc,nmethod   ] Register NMethod: java.lang.String.getBytes [0x00007f5c49060690] (c1)
[2024-08-16T20:43:18.892+0800][0.112s][debug][gc,nmethod   ] Register NMethod: java.lang.StringConcatHelper.prepend [0x00007f5c49060d90] (c1)
[2024-08-16T20:43:18.894+0800][0.114s][debug][gc,nmethod   ] Register NMethod: java.util.Collections.eq [0x00007f5c49061410] (c1)
[2024-08-16T20:43:18.894+0800][0.114s][debug][gc,nmethod   ] Register NMethod: java.util.Collections$SingletonSet.contains [0x00007f5c49061910] (c1)
[2024-08-16T20:43:18.894+0800][0.114s][debug][gc,nmethod   ] Register NMethod: java.lang.String.toString [0x00007f5c49061f10] (c1)
[2024-08-16T20:43:18.897+0800][0.116s][debug][gc,nmethod   ] Register NMethod: java.util.stream.StreamOpFlag.fromCharacteristics [0x00007f5c49062210] (c1)
[2024-08-16T20:43:18.897+0800][0.116s][debug][gc,nmethod   ] Register NMethod: java.util.stream.StreamSupport.stream [0x00007f5c49062810] (c1)
[2024-08-16T20:43:18.897+0800][0.117s][debug][gc,nmethod   ] Register NMethod: java.util.stream.ReferencePipeline.<init> [0x00007f5c49063010] (c1)
[2024-08-16T20:43:18.897+0800][0.117s][debug][gc,nmethod   ] Register NMethod: java.util.stream.ReferencePipeline$Head.<init> [0x00007f5c49063390] (c1)
[2024-08-16T20:43:18.897+0800][0.117s][debug][gc,nmethod   ] Register NMethod: java.util.stream.AbstractPipeline.<init> [0x00007f5c49063790] (c1)
[2024-08-16T20:43:18.898+0800][0.118s][debug][gc,nmethod   ] Register NMethod: java.util.ArrayList.add [0x00007f5c49063d10] (c1)
[2024-08-16T20:43:18.899+0800][0.119s][debug][gc,nmethod   ] Register NMethod: java.util.Collection.stream [0x00007f5c49064510] (c1)
[2024-08-16T20:43:18.899+0800][0.119s][debug][gc,nmethod   ] Register NMethod: java.lang.Object.getClass [0x00007f5c50bbba10] ()
[2024-08-16T20:43:18.902+0800][0.122s][debug][gc,nmethod   ] Register NMethod: java.util.AbstractSet.<init> [0x00007f5c49064990] (c1)
[2024-08-16T20:43:18.907+0800][0.127s][debug][gc,nmethod   ] Register NMethod: java.util.HashMap$HashMapSpliterator.getFence [0x00007f5c49064e10] (c1)
[2024-08-16T20:43:18.907+0800][0.127s][debug][gc,nmethod   ] Register NMethod: java.lang.management.ManagementFactory$$Lambda$12/0x00007f5bec048a78.apply [0x00007f5c49065310] (c1)
[2024-08-16T20:43:18.907+0800][0.127s][debug][gc,nmethod   ] Register NMethod: java.lang.management.ManagementFactory.lambda$getPlatformMXBeans$3 [0x00007f5c49065a90] (c1)
[2024-08-16T20:43:18.908+0800][0.127s][debug][gc,nmethod   ] Register NMethod: java.util.stream.ReferencePipeline$7$1.accept [0x00007f5c49066010] (c1)
[2024-08-16T20:43:18.908+0800][0.128s][debug][gc,nmethod   ] Register NMethod: java.util.stream.AbstractPipeline.sequential [0x00007f5c49067b10] (c1)
[2024-08-16T20:43:18.908+0800][0.128s][debug][gc,nmethod   ] Register NMethod: java.util.ArrayList$Itr.hasNext [0x00007f5c49067f10] (c1)
[2024-08-16T20:43:18.910+0800][0.129s][debug][gc,nmethod   ] Register NMethod: sun.management.spi.PlatformMBeanProvider$PlatformComponent.getMBeans [0x00007f5c49068390] (c1)
[2024-08-16T20:43:18.910+0800][0.129s][debug][gc,nmethod   ] Register NMethod: java.util.Collections$EmptyList.spliterator [0x00007f5c4906ac10] (c1)
[2024-08-16T20:43:18.910+0800][0.129s][debug][gc,nmethod   ] Register NMethod: java.lang.Class.isInstance [0x00007f5c50bbc190] ()
[2024-08-16T20:43:18.910+0800][0.130s][debug][gc,nmethod   ] Register NMethod: java.util.stream.ReferencePipeline$2$1.accept [0x00007f5c4906b010] (c1)
[2024-08-16T20:43:18.910+0800][0.130s][debug][gc,nmethod   ] Register NMethod: java.lang.StringConcatHelper.checkOverflow [0x00007f5c4906b710] (c1)
[2024-08-16T20:43:18.910+0800][0.130s][debug][gc,nmethod   ] Register NMethod: java.util.Spliterators.emptySpliterator [0x00007f5c4906bb90] (c1)
[2024-08-16T20:43:18.910+0800][0.130s][debug][gc,nmethod   ] Register NMethod: java.util.Spliterators$EmptySpliterator$OfRef.forEachRemaining [0x00007f5c4906be90] (c1)
[2024-08-16T20:43:18.911+0800][0.130s][debug][gc,nmethod   ] Register NMethod: java.util.Spliterators$EmptySpliterator.forEachRemaining [0x00007f5c4906c490] (c1)
[2024-08-16T20:43:18.911+0800][0.130s][debug][gc,nmethod   ] Register NMethod: java.lang.StringConcatHelper.mix [0x00007f5c4906c990] (c1)
[2024-08-16T20:43:18.913+0800][0.132s][debug][gc,nmethod   ] Register NMethod: java.lang.StringConcatHelper.stringOf [0x00007f5c4906d210] (c1)
[2024-08-16T20:43:18.917+0800][0.136s][debug][gc,nmethod   ] Register NMethod: java.util.stream.Sink$ChainedReference.cancellationRequested [0x00007f5c4906d710] (c1)
[2024-08-16T20:43:18.920+0800][0.139s][debug][gc,nmethod   ] Register NMethod: java.util.HashMap.containsKey [0x00007f5c4906dc10] (c1)
[2024-08-16T20:43:18.921+0800][0.141s][debug][gc,nmethod   ] Register NMethod: java.lang.management.ManagementFactory$PlatformMBeanFinder$$Lambda$7/0x00007f5bec048820.test [0x00007f5c4906e010] (c1)
[2024-08-16T20:43:18.922+0800][0.141s][debug][gc,nmethod   ] Register NMethod: java.util.HashMap$ValueSpliterator.tryAdvance [0x00007f5c4906e790] (c1)
[2024-08-16T20:43:18.922+0800][0.141s][debug][gc,nmethod   ] Register NMethod: java.lang.management.ManagementFactory$PlatformMBeanFinder.lambda$findFirst$0 [0x00007f5c4906f510] (c1)
[2024-08-16T20:43:18.924+0800][0.143s][debug][gc,nmethod   ] Register NMethod: java.util.Collections$UnmodifiableCollection.contains [0x00007f5c4906fa90] (c1)
[2024-08-16T20:43:18.927+0800][0.147s][debug][gc,nmethod   ] Register NMethod: jdk.internal.misc.Unsafe.allocateUninitializedArray0 [0x00007f5c4906ff90] (c1)
[2024-08-16T20:43:18.929+0800][0.149s][debug][gc,nmethod   ] Register NMethod: java.util.stream.ReferencePipeline$Head.forEach [0x00007f5c49070c90] (c1)
[2024-08-16T20:43:18.929+0800][0.149s][debug][gc,nmethod   ] Register NMethod: java.util.stream.AbstractPipeline.sourceStageSpliterator [0x00007f5c49071410] (c1)
[2024-08-16T20:43:18.931+0800][0.151s][debug][gc,nmethod   ] Register NMethod: java.util.stream.AbstractPipeline.close [0x00007f5c49071f90] (c1)
[2024-08-16T20:43:18.933+0800][0.152s][debug][gc,nmethod   ] Register NMethod: java.lang.invoke.Invokers$Holder.linkToTargetMethod [0x00007f5c49072590] (c1)
[2024-08-16T20:43:18.933+0800][0.152s][debug][gc,nmethod   ] Register NMethod: java.lang.invoke.LambdaForm$MH/0x00007f5bec001000.invoke [0x00007f5c49072b10] (c1)
[2024-08-16T20:43:18.933+0800][0.152s][debug][gc,nmethod   ] Register NMethod: javax.management.ObjectName$Property.setKeyIndex [0x00007f5c50bbc590] (c1)
[2024-08-16T20:43:18.933+0800][0.152s][debug][gc,nmethod   ] Register NMethod: java.util.stream.Collectors$CollectorImpl.characteristics [0x00007f5c50bbc890] (c1)
[2024-08-16T20:43:18.936+0800][0.156s][debug][gc,nmethod   ] Register NMethod: java.util.stream.ReferencePipeline$StatelessOp.opIsStateful [0x00007f5c50bbcb90] (c1)
[2024-08-16T20:43:18.944+0800][0.163s][debug][gc,nmethod   ] Register NMethod: java.util.Objects.requireNonNull [0x00007f5c50bbce90] (c2)
[2024-08-16T20:43:18.960+0800][0.180s][debug][gc,nmethod   ] Register NMethod: java.util.HashSet.contains [0x00007f5c49073090] (c1)
[2024-08-16T20:43:18.964+0800][0.184s][debug][gc,nmethod   ] Register NMethod: java.util.stream.AbstractPipeline.getStreamAndOpFlags [0x00007f5c50bbd190] (c1)
[2024-08-16T20:43:18.965+0800][0.184s][debug][gc,nmethod   ] Register NMethod: java.util.ArrayList$Itr.checkForComodification [0x00007f5c49073590] (c1)
[2024-08-16T20:43:18.965+0800][0.184s][debug][gc,nmethod   ] Register NMethod: java.util.ArrayList$Itr.next [0x00007f5c49073a90] (c1)
[2024-08-16T20:43:18.967+0800][0.186s][debug][gc,nmethod   ] Register NMethod: java.util.HashMap$ValueSpliterator.characteristics [0x00007f5c49074390] (c1)
[2024-08-16T20:43:18.977+0800][0.197s][debug][gc,nmethod   ] Register NMethod: javax.management.ObjectName.construct [0x00007f5c49074810] (c1)
[2024-08-16T20:43:18.979+0800][0.199s][debug][gc,nmethod   ] Register NMethod: java.lang.Class.cast [0x00007f5c49079f10] (c1)
[2024-08-16T20:43:18.981+0800][0.201s][debug][gc,nmethod   ] Register NMethod: java.util.stream.StreamOpFlag.getMask [0x00007f5c4907a490] (c1)
[2024-08-16T20:43:18.981+0800][0.201s][debug][gc,nmethod   ] Register NMethod: java.util.stream.StreamOpFlag.combineOpFlags [0x00007f5c4907a890] (c1)
[2024-08-16T20:43:18.988+0800][0.208s][debug][gc,nmethod   ] Register NMethod: java.lang.StringLatin1.inflate [0x00007f5c4907ad10] (c1)
[2024-08-16T20:43:18.994+0800][0.214s][debug][gc,nmethod   ] Register NMethod: java.util.AbstractList.<init> [0x00007f5c4907b210] (c1)
[2024-08-16T20:43:18.996+0800][0.216s][debug][gc,nmethod   ] Register NMethod: java.util.stream.AbstractPipeline.isParallel [0x00007f5c50bbd490] (c2)
[2024-08-16T20:43:18.998+0800][0.218s][debug][gc,nmethod   ] Register NMethod: java.util.stream.ReduceOps$3ReducingSink.accept [0x00007f5c4907b690] (c1)
[2024-08-16T20:43:19.005+0800][0.224s][debug][gc,nmethod   ] Register NMethod: java.util.ArrayList.size [0x00007f5c50bbd790] (c1)
[2024-08-16T20:43:19.005+0800][0.225s][debug][gc,nmethod   ] Register NMethod: java.util.HashMap$ValueSpliterator.forEachRemaining [0x00007f5c4907bb90] (c1)
[2024-08-16T20:43:19.005+0800][0.225s][debug][gc,nmethod   ] Register NMethod: java.lang.invoke.DirectMethodHandle$Holder.invokeStatic [0x00007f5c4907ca90] (c1)
[2024-08-16T20:43:19.006+0800][0.225s][debug][gc,nmethod   ] Register NMethod: java.lang.invoke.DirectMethodHandle$Holder.invokeStatic [0x00007f5c4907d290] (c1)
[2024-08-16T20:43:19.006+0800][0.225s][debug][gc,nmethod   ] Register NMethod: java.lang.invoke.LambdaForm$MH/0x00007f5bec001800.invoke [0x00007f5c4907db10] (c1)
[2024-08-16T20:43:19.006+0800][0.226s][debug][gc,nmethod   ] Register NMethod: java.lang.StringConcatHelper.prepend [0x00007f5c4907e390] (c1)
[2024-08-16T20:43:19.006+0800][0.226s][debug][gc,nmethod   ] Register NMethod: java.lang.StringLatin1.getChar [0x00007f5c4907e810] (c1)
[2024-08-16T20:43:19.006+0800][0.226s][debug][gc,nmethod   ] Register NMethod: java.lang.invoke.DirectMethodHandle$Holder.invokeStatic [0x00007f5c4907eb90] (c1)
[2024-08-16T20:43:19.006+0800][0.226s][debug][gc,nmethod   ] Register NMethod: java.util.stream.Collectors$CollectorImpl.supplier [0x00007f5c50bbda90] (c1)
[2024-08-16T20:43:19.006+0800][0.226s][debug][gc,nmethod   ] Register NMethod: java.util.stream.Collectors$CollectorImpl.accumulator [0x00007f5c50bbdd90] (c1)
[2024-08-16T20:43:19.006+0800][0.226s][debug][gc,nmethod   ] Register NMethod: java.util.stream.Collectors$CollectorImpl.combiner [0x00007f5c50bbe090] (c1)
[2024-08-16T20:43:19.007+0800][0.226s][debug][gc,nmethod   ] Register NMethod: javax.management.ObjectName.getCanonicalName [0x00007f5c50bbe390] (c1)
[2024-08-16T20:43:19.007+0800][0.226s][debug][gc,nmethod   ] Register NMethod: java.util.stream.Collectors$$Lambda$14/0x00007f5bec048ee0.accept [0x00007f5c4907f410] (c1)
[2024-08-16T20:43:19.007+0800][0.227s][debug][gc,nmethod   ] Register NMethod: java.util.stream.ReduceOps$Box.get [0x00007f5c50bbe690] (c1)
[2024-08-16T20:43:19.008+0800][0.227s][debug][gc,nmethod   ] Register NMethod: java.util.RegularEnumSet.contains [0x00007f5c4907fe10] (c1)
[2024-08-16T20:43:19.012+0800][0.232s][debug][gc,nmethod   ] Register NMethod: java.lang.management.DefaultPlatformMBeanProvider$7.mbeanInterfaceNames [0x00007f5c50bbe990] (c1)
[2024-08-16T20:43:19.012+0800][0.232s][debug][gc,nmethod   ] Register NMethod: jdk.internal.misc.Unsafe.allocateInstance [0x00007f5c50bbec90] ()
[2024-08-16T20:43:19.013+0800][0.232s][debug][gc,nmethod   ] Register NMethod: com.sun.management.internal.PlatformMBeanProviderImpl$2.mbeanInterfaceNames [0x00007f5c50bbf490] (c1)
[2024-08-16T20:43:19.013+0800][0.232s][debug][gc,nmethod   ] Register NMethod: java.lang.StringConcatHelper.newArray [0x00007f5c49080690] (c1)
[2024-08-16T20:43:19.013+0800][0.232s][debug][gc,nmethod   ] Register NMethod: jdk.internal.misc.Unsafe.allocateUninitializedArray [0x00007f5c49080c90] (c1)
[2024-08-16T20:43:19.013+0800][0.233s][debug][gc,nmethod   ] Register NMethod: java.util.stream.ReferencePipeline.<init> [0x00007f5c49081490] (c1)
[2024-08-16T20:43:19.013+0800][0.233s][debug][gc,nmethod   ] Register NMethod: com.sun.management.internal.PlatformMBeanProviderImpl$3.mbeanInterfaceNames [0x00007f5c50bbf790] (c1)
[2024-08-16T20:43:19.013+0800][0.233s][debug][gc,nmethod   ] Register NMethod: java.lang.management.DefaultPlatformMBeanProvider$5.mbeanInterfaceNames [0x00007f5c50bbfa90] (c1)
[2024-08-16T20:43:19.013+0800][0.233s][debug][gc,nmethod   ] Register NMethod: java.util.stream.ReferencePipeline$StatelessOp.<init> [0x00007f5c49081810] (c1)
[2024-08-16T20:43:19.013+0800][0.233s][debug][gc,nmethod   ] Register NMethod: java.lang.management.DefaultPlatformMBeanProvider$6.mbeanInterfaceNames [0x00007f5c50bbfd90] (c1)
[2024-08-16T20:43:19.014+0800][0.234s][debug][gc,nmethod   ] Register NMethod: java.lang.management.DefaultPlatformMBeanProvider$2.mbeanInterfaceNames [0x00007f5c50bc0090] (c1)
[2024-08-16T20:43:19.014+0800][0.234s][debug][gc,nmethod   ] Register NMethod: java.lang.management.DefaultPlatformMBeanProvider$3.mbeanInterfaceNames [0x00007f5c50bc0390] (c1)
[2024-08-16T20:43:19.015+0800][0.234s][debug][gc,nmethod   ] Register NMethod: java.lang.management.DefaultPlatformMBeanProvider$1.mbeanInterfaceNames [0x00007f5c50bc0690] (c1)
[2024-08-16T20:43:19.015+0800][0.234s][debug][gc,nmethod   ] Register NMethod: java.lang.management.DefaultPlatformMBeanProvider$9.mbeanInterfaceNames [0x00007f5c50bc0990] (c1)
[2024-08-16T20:43:19.015+0800][0.234s][debug][gc,nmethod   ] Register NMethod: com.sun.management.internal.PlatformMBeanProviderImpl$1.mbeanInterfaceNames [0x00007f5c50bc0c90] (c1)
[2024-08-16T20:43:19.015+0800][0.234s][debug][gc,nmethod   ] Register NMethod: com.sun.management.internal.PlatformMBeanProviderImpl$5.mbeanInterfaceNames [0x00007f5c50bc0f90] (c1)
[2024-08-16T20:43:19.015+0800][0.234s][debug][gc,nmethod   ] Register NMethod: sun.management.MemoryManagerImpl.getName [0x00007f5c50bc1290] (c1)
[2024-08-16T20:43:19.026+0800][0.245s][debug][gc,nmethod   ] Register NMethod: java.util.stream.AbstractPipeline.evaluate [0x00007f5c49081c90] (c1)
[2024-08-16T20:43:19.033+0800][0.253s][debug][gc,nmethod   ] Register NMethod: java.lang.String.checkBoundsOffCount [0x00007f5c49082790] (c1)
[2024-08-16T20:43:19.035+0800][0.254s][debug][gc,nmethod   ] Register NMethod: java.lang.String.rangeCheck [0x00007f5c49083710] (c1)
[2024-08-16T20:43:19.035+0800][0.254s][debug][gc,nmethod   ] Register NMethod: java.lang.String.<init> [0x00007f5c49083b10] (c1)
[2024-08-16T20:43:19.035+0800][0.254s][debug][gc,nmethod   ] Register NMethod: java.lang.String.<init> [0x00007f5c49084010] (c1)
[2024-08-16T20:43:19.038+0800][0.258s][debug][gc,nmethod   ] Register NMethod: java.util.ArrayList.grow [0x00007f5c49084690] (c1)
[2024-08-16T20:43:19.044+0800][0.263s][debug][gc,nmethod   ] Register NMethod: javax.management.ObjectName.addProperty [0x00007f5c49085210] (c1)
[2024-08-16T20:43:19.051+0800][0.270s][debug][gc,nmethod   ] Register NMethod: java.util.stream.AbstractPipeline.wrapSink [0x00007f5c49085e90] (c1)
[2024-08-16T20:43:19.051+0800][0.270s][debug][gc,nmethod   ] Register NMethod: java.lang.StringConcatHelper.newString [0x00007f5c49086710] (c1)
[2024-08-16T20:43:19.051+0800][0.271s][debug][gc,nmethod   ] Register NMethod: java.util.stream.AbstractPipeline.wrapAndCopyInto [0x00007f5c49087810] (c1)
[2024-08-16T20:43:19.051+0800][0.271s][debug][gc,nmethod   ] Register NMethod: java.util.stream.AbstractPipeline.copyInto [0x00007f5c49087f90] (c1)
[2024-08-16T20:43:19.051+0800][0.271s][debug][gc,nmethod   ] Register NMethod: java.util.stream.StreamOpFlag.isKnown [0x00007f5c49088b10] (c1)
[2024-08-16T20:43:19.051+0800][0.271s][debug][gc,nmethod   ] Register NMethod: java.util.stream.Sink.end [0x00007f5c49088e90] (c1)
[2024-08-16T20:43:19.051+0800][0.271s][debug][gc,nmethod   ] Register NMethod: java.util.Spliterator.getExactSizeIfKnown [0x00007f5c49089190] (c1)
[2024-08-16T20:43:19.054+0800][0.274s][debug][gc,nmethod   ] Register NMethod: java.util.HashMap$Values.spliterator [0x00007f5c49089710] (c1)
[2024-08-16T20:43:19.054+0800][0.274s][debug][gc,nmethod   ] Register NMethod: java.util.HashMap.values [0x00007f5c49089b90] (c1)
[2024-08-16T20:43:19.054+0800][0.274s][debug][gc,nmethod   ] Register NMethod: java.util.HashMap$HashMapSpliterator.<init> [0x00007f5c4908a210] (c1)
[2024-08-16T20:43:19.054+0800][0.274s][debug][gc,nmethod   ] Register NMethod: java.util.HashMap$ValueSpliterator.<init> [0x00007f5c4908a610] (c1)
[2024-08-16T20:43:19.054+0800][0.274s][debug][gc,nmethod   ] Register NMethod: java.util.HashMap$HashMapSpliterator.estimateSize [0x00007f5c4908ab10] (c1)
[2024-08-16T20:43:19.072+0800][0.292s][debug][gc,nmethod   ] Register NMethod: java.lang.String.intern [0x00007f5c50bc1590] ()
[2024-08-16T20:43:19.072+0800][0.292s][debug][gc,nmethod   ] Register NMethod: java.util.ArrayList.<init> [0x00007f5c4908af10] (c1)
[2024-08-16T20:43:19.074+0800][0.294s][debug][gc,nmethod   ] Register NMethod: java.util.stream.Sink$ChainedReference.<init> [0x00007f5c4908b410] (c1)
[2024-08-16T20:43:19.074+0800][0.294s][debug][gc,nmethod   ] Register NMethod: java.util.stream.AbstractPipeline.<init> [0x00007f5c4908bb90] (c1)
[2024-08-16T20:43:19.074+0800][0.294s][debug][gc,nmethod   ] Register NMethod: java.util.stream.Sink$ChainedReference.end [0x00007f5c4908c610] (c1)
[2024-08-16T20:43:19.081+0800][0.301s][debug][gc,nmethod   ] Register NMethod: java.util.ArrayList.iterator [0x00007f5c4908cb10] (c1)
[2024-08-16T20:43:19.081+0800][0.301s][debug][gc,nmethod   ] Register NMethod: java.util.ArrayList$Itr.<init> [0x00007f5c4908d090] (c1)
[2024-08-16T20:43:19.102+0800][0.321s][debug][gc,nmethod   ] Register NMethod: java.lang.StringLatin1.toChars [0x00007f5c4908d510] (c1)
[2024-08-16T20:43:19.102+0800][0.322s][debug][gc,nmethod   ] Register NMethod: javax.management.ObjectName.isPropertyListPattern [0x00007f5c4908d990] (c1)
[2024-08-16T20:43:19.102+0800][0.322s][debug][gc,nmethod   ] Register NMethod: javax.management.ObjectName.setCanonicalName [0x00007f5c4908dd10] (c1)
[2024-08-16T20:43:19.106+0800][0.325s][debug][gc,nmethod   ] Register NMethod: java.util.stream.AbstractPipeline.sourceSpliterator [0x00007f5c4908f710] (c1)
[2024-08-16T20:43:19.124+0800][0.344s][debug][gc,nmethod   ] Register NMethod: java.lang.invoke.DirectMethodHandle$Holder.invokeStatic [0x00007f5c49091010] (c1)
[2024-08-16T20:43:19.126+0800][0.346s][debug][gc,nmethod   ] Register NMethod: javax.management.ObjectName.<init> [0x00007f5c49091890] (c1)
[2024-08-16T20:43:19.126+0800][0.346s][debug][gc,nmethod   ] Register NMethod: java.lang.invoke.Invokers$Holder.linkToTargetMethod [0x00007f5c49091c90] (c1)
[2024-08-16T20:43:19.126+0800][0.346s][debug][gc,nmethod   ] Register NMethod: java.lang.invoke.LambdaForm$MH/0x00007f5bec003400.invoke [0x00007f5c49092390] (c1)
[2024-08-16T20:43:19.127+0800][0.346s][debug][gc,nmethod   ] Register NMethod: java.lang.invoke.LambdaForm$MH/0x00007f5bec002c00.invoke [0x00007f5c49093e90] (c1)
[2024-08-16T20:43:19.127+0800][0.346s][debug][gc,nmethod   ] Register NMethod: java.lang.invoke.DelegatingMethodHandle$Holder.reinvoke_L [0x00007f5c49094690] (c1)
[2024-08-16T20:43:19.127+0800][0.346s][debug][gc,nmethod   ] Register NMethod: javax.management.ObjectName.getInstance [0x00007f5c49094e90] (c1)
[2024-08-16T20:43:19.127+0800][0.347s][debug][gc,nmethod   ] Register NMethod: java.util.stream.ReduceOps$3.getOpFlags [0x00007f5c49095390] (c1)
[2024-08-16T20:43:19.128+0800][0.348s][debug][gc,nmethod   ] Register NMethod: sun.management.Util.newObjectName [0x00007f5c49095a10] (c1)
[2024-08-16T20:43:19.130+0800][0.349s][debug][gc,nmethod   ] Register NMethod: java.lang.management.ManagementFactory$PlatformMBeanFinder.getMap [0x00007f5c49099090] (c1)
[2024-08-16T20:43:19.130+0800][0.350s][debug][gc,nmethod   ] Register NMethod: java.util.stream.ReferencePipeline$2.<init> [0x00007f5c49099390] (c1)
[2024-08-16T20:43:19.130+0800][0.350s][debug][gc,nmethod   ] Register NMethod: java.util.stream.ReferencePipeline$2.opWrapSink [0x00007f5c49099910] (c1)
[2024-08-16T20:43:19.130+0800][0.350s][debug][gc,nmethod   ] Register NMethod: java.util.stream.ReferencePipeline$2$1.begin [0x00007f5c4909a290] (c1)
[2024-08-16T20:43:19.130+0800][0.350s][debug][gc,nmethod   ] Register NMethod: java.util.stream.ReferencePipeline$2$1.<init> [0x00007f5c4909a790] (c1)
[2024-08-16T20:43:19.130+0800][0.350s][debug][gc,nmethod   ] Register NMethod: java.util.stream.FindOps$FindOp.getOpFlags [0x00007f5c50bc1d10] (c1)
[2024-08-16T20:43:19.131+0800][0.350s][debug][gc,nmethod   ] Register NMethod: java.util.ArrayList$ArrayListSpliterator.characteristics [0x00007f5c50bc2010] (c1)
[2024-08-16T20:43:19.131+0800][0.350s][debug][gc,nmethod   ] Register NMethod: java.util.stream.Collectors$$Lambda$13/0x00007f5bec048cc0.get [0x00007f5c4909af90] (c1)
[2024-08-16T20:43:19.131+0800][0.350s][debug][gc,nmethod   ] Register NMethod: java.lang.management.DefaultPlatformMBeanProvider$10.mbeanInterfaceNames [0x00007f5c50bc2310] (c1)
[2024-08-16T20:43:19.131+0800][0.350s][debug][gc,nmethod   ] Register NMethod: com.sun.management.internal.PlatformMBeanProviderImpl$4.mbeanInterfaceNames [0x00007f5c50bc2610] (c1)
[2024-08-16T20:43:19.132+0800][0.352s][debug][gc,nmethod   ] Register NMethod: sun.management.GarbageCollectorImpl.getCollectionTime [0x00007f5c50bc2910] ()
[2024-08-16T20:43:19.132+0800][0.352s][debug][gc,nmethod   ] Register NMethod: sun.management.GarbageCollectorImpl.getName [0x00007f5c4909b610] (c1)
[2024-08-16T20:43:19.132+0800][0.352s][debug][gc,nmethod   ] Register NMethod: java.lang.System.currentTimeMillis [0x00007f5c50bc2d10] ()
[2024-08-16T20:43:19.133+0800][0.353s][debug][gc,nmethod   ] Register NMethod: sun.management.GarbageCollectorImpl.getObjectName [0x00007f5c4909b990] (c1)
[2024-08-16T20:43:19.152+0800][0.371s][debug][gc,nmethod   ] Register NMethod: java.lang.StringUTF16.compress [0x00007f5c4909ea10] (c1)
[2024-08-16T20:43:19.166+0800][0.385s][debug][gc,nmethod   ] Register NMethod: java.util.stream.ReferencePipeline.filter [0x00007f5c4909ef10] (c1)
[2024-08-16T20:43:19.166+0800][0.385s][debug][gc,nmethod   ] Register NMethod: java.util.stream.ReferencePipeline.collect [0x00007f5c4909f810] (c1)
[2024-08-16T20:43:19.166+0800][0.386s][debug][gc,nmethod   ] Register NMethod: java.util.stream.Collectors.toList [0x00007f5c490a0e10] (c1)
[2024-08-16T20:43:19.186+0800][0.405s][debug][gc,nmethod   ] Register NMethod: java.lang.String.equals [0x00007f5c50bc3110] (c2)
[2024-08-16T20:43:19.231+0800][0.451s][debug][gc,nmethod   ] Register NMethod: java.util.Arrays.sort [0x00007f5c490a1790] (c1)
[2024-08-16T20:43:19.252+0800][0.471s][debug][gc,nmethod   ] Register NMethod: java.util.stream.ReferencePipeline.forEachWithCancel [0x00007f5c490a1b90] (c1)
[2024-08-16T20:43:19.257+0800][0.477s][debug][gc,nmethod   ] Register NMethod: java.util.ComparableTimSort.countRunAndMakeAscending [0x00007f5c490a2290] (c1)
[2024-08-16T20:43:19.258+0800][0.477s][debug][gc,nmethod   ] Register NMethod: java.lang.String.compareTo [0x00007f5c490a3490] (c1)
[2024-08-16T20:43:19.258+0800][0.478s][debug][gc,nmethod   ] Register NMethod: java.lang.StringLatin1.compareTo [0x00007f5c490a3910] (c1)
[2024-08-16T20:43:19.258+0800][0.478s][debug][gc,nmethod   ] Register NMethod: java.lang.String.compareTo [0x00007f5c490a3d10] (c1)
[2024-08-16T20:43:19.258+0800][0.478s][debug][gc,nmethod   ] Register NMethod: java.lang.StringLatin1.compareTo [0x00007f5c490a4610] (c1)
[2024-08-16T20:43:19.258+0800][0.478s][debug][gc,nmethod   ] Register NMethod: java.util.stream.Collectors.castingIdentity [0x00007f5c490a4e10] (c1)
[2024-08-16T20:43:19.259+0800][0.478s][debug][gc,nmethod   ] Register NMethod: java.util.stream.Collectors$CollectorImpl.<init> [0x00007f5c490a5310] (c1)
[2024-08-16T20:43:19.259+0800][0.478s][debug][gc,nmethod   ] Register NMethod: java.util.ComparableTimSort.binarySort [0x00007f5c490a5810] (c1)
[2024-08-16T20:43:19.259+0800][0.478s][debug][gc,nmethod   ] Register NMethod: java.util.stream.ReduceOps$3.<init> [0x00007f5c490a6a90] (c1)
[2024-08-16T20:43:19.259+0800][0.479s][debug][gc,nmethod   ] Register NMethod: java.util.stream.ReduceOps$ReduceOp.<init> [0x00007f5c490a7010] (c1)
[2024-08-16T20:43:19.259+0800][0.479s][debug][gc,nmethod   ] Register NMethod: java.util.stream.ReduceOps$ReduceOp.evaluateSequential [0x00007f5c490a7410] (c1)
[2024-08-16T20:43:19.259+0800][0.479s][debug][gc,nmethod   ] Register NMethod: java.util.stream.ReduceOps$3.makeSink [0x00007f5c490a7c90] (c1)
[2024-08-16T20:43:19.259+0800][0.479s][debug][gc,nmethod   ] Register NMethod: java.util.stream.ReduceOps$3ReducingSink.<init> [0x00007f5c490a8410] (c1)
[2024-08-16T20:43:19.260+0800][0.479s][debug][gc,nmethod   ] Register NMethod: java.util.stream.ReduceOps$Box.<init> [0x00007f5c490a8990] (c1)
[2024-08-16T20:43:19.260+0800][0.479s][debug][gc,nmethod   ] Register NMethod: java.util.stream.ReduceOps$3ReducingSink.begin [0x00007f5c490a8d90] (c1)
[2024-08-16T20:43:19.260+0800][0.479s][debug][gc,nmethod   ] Register NMethod: java.util.stream.ReduceOps$3.makeSink [0x00007f5c490a9290] (c1)
[2024-08-16T20:43:19.260+0800][0.480s][debug][gc,nmethod   ] Register NMethod: sun.management.spi.PlatformMBeanProvider$PlatformComponent$$Lambda$16/0x00007f5bec04bb38.test [0x00007f5c490a9690] (c1)
[2024-08-16T20:43:19.260+0800][0.480s][debug][gc,nmethod   ] Register NMethod: sun.management.spi.PlatformMBeanProvider$PlatformComponent$$Lambda$17/0x00007f5bec04bd90.apply [0x00007f5c490a9a90] (c1)
[2024-08-16T20:43:19.261+0800][0.480s][debug][gc,nmethod   ] Register NMethod: java.util.stream.ReferencePipeline$3$1.accept [0x00007f5c490aa110] (c1)
[2024-08-16T20:43:19.304+0800][0.524s][debug][gc,nmethod   ] Register NMethod: java.util.stream.Collectors$CollectorImpl.<init> [0x00007f5c490aa810] (c1)
[2024-08-16T20:43:19.304+0800][0.524s][debug][gc,nmethod   ] Register NMethod: java.util.stream.ReduceOps.makeRef [0x00007f5c490ab010] (c1)
[2024-08-16T20:43:19.306+0800][0.525s][debug][gc,nmethod   ] Register NMethod: java.util.stream.AbstractPipeline.copyIntoWithCancel [0x00007f5c490abd10] (c1)
[2024-08-16T20:43:19.346+0800][0.565s][debug][gc,nmethod   ] Register NMethod: java.util.ArrayList.isEmpty [0x00007f5c490ac610] (c1)
[2024-08-16T20:43:19.363+0800][0.582s][debug][gc,nmethod   ] Register NMethod: java.util.ComparableTimSort.sort [0x00007f5c490ac990] (c1)
[2024-08-16T20:43:19.366+0800][0.585s][debug][gc,nmethod   ] Register NMethod: java.lang.Integer.numberOfLeadingZeros [0x00007f5c490ad710] (c1)
[2024-08-16T20:43:19.369+0800][0.589s][debug][gc,nmethod   ] Register NMethod: java.util.Collections.singleton [0x00007f5c490adc10] (c1)
[2024-08-16T20:43:19.369+0800][0.589s][debug][gc,nmethod   ] Register NMethod: java.util.Collections$SingletonSet.<init> [0x00007f5c490ae210] (c1)
[2024-08-16T20:43:19.370+0800][0.589s][debug][gc,nmethod   ] Register NMethod: java.util.ArrayList.<init> [0x00007f5c490ae710] (c1)
[2024-08-16T20:43:19.377+0800][0.596s][debug][gc,nmethod   ] Register NMethod: java.lang.Float.isNaN [0x00007f5c490af690] (c1)
[2024-08-16T20:43:19.380+0800][0.600s][debug][gc,nmethod   ] Register NMethod: java.util.HashMap.tableSizeFor [0x00007f5c490afa10] (c1)
[2024-08-16T20:43:19.384+0800][0.603s][debug][gc,nmethod   ] Register NMethod: java.util.HashMap.<init> [0x00007f5c490afe90] (c1)
[2024-08-16T20:43:19.384+0800][0.604s][debug][gc,nmethod   ] Register NMethod: java.util.HashMap.<init> [0x00007f5c490b0290] (c1)
[2024-08-16T20:43:19.387+0800][0.607s][debug][gc,nmethod   ] Register NMethod: java.util.ComparableTimSort.reverseRange [0x00007f5c490b1c10] (c1)
[2024-08-16T20:43:19.389+0800][0.609s][debug][gc,nmethod   ] Register NMethod: java.util.Optional.isPresent [0x00007f5c490b2510] (c1)
[2024-08-16T20:43:19.389+0800][0.609s][debug][gc,nmethod   ] Register NMethod: java.util.Optional.of [0x00007f5c490b2910] (c1)
[2024-08-16T20:43:19.389+0800][0.609s][debug][gc,nmethod   ] Register NMethod: java.util.Optional.get [0x00007f5c490b3010] (c1)
[2024-08-16T20:43:19.391+0800][0.611s][debug][gc,nmethod   ] Register NMethod: java.lang.management.ManagementFactory.getPlatformMXBeans [0x00007f5c490b3490] (c1)
[2024-08-16T20:43:19.391+0800][0.611s][debug][gc,nmethod   ] Register NMethod: java.lang.management.ManagementFactory$PlatformMBeanFinder.findFirst [0x00007f5c490b4d90] (c1)
[2024-08-16T20:43:19.391+0800][0.611s][debug][gc,nmethod   ] Register NMethod: java.lang.management.ManagementFactory$PlatformMBeanFinder$$Lambda$7/0x00007f5bec048820.<init> [0x00007f5c490b6910] (c1)
[2024-08-16T20:43:19.392+0800][0.611s][debug][gc,nmethod   ] Register NMethod: java.util.stream.ReferencePipeline.findFirst [0x00007f5c490b6d10] (c1)
[2024-08-16T20:43:19.392+0800][0.611s][debug][gc,nmethod   ] Register NMethod: java.util.stream.FindOps.makeRef [0x00007f5c490b7290] (c1)
[2024-08-16T20:43:19.392+0800][0.611s][debug][gc,nmethod   ] Register NMethod: java.util.stream.FindOps$FindSink$OfRef$$Lambda$38/0x800000049.get [0x00007f5c490b7690] (c1)
[2024-08-16T20:43:19.392+0800][0.611s][debug][gc,nmethod   ] Register NMethod: java.util.stream.FindOps$FindOp.evaluateSequential [0x00007f5c490b7c10] (c1)
[2024-08-16T20:43:19.392+0800][0.611s][debug][gc,nmethod   ] Register NMethod: java.util.stream.FindOps$FindSink$OfRef.<init> [0x00007f5c490b8690] (c1)
[2024-08-16T20:43:19.393+0800][0.613s][debug][gc,nmethod   ] Register NMethod: java.lang.management.ManagementFactory.getGarbageCollectorMXBeans [0x00007f5c490b8b10] (c1)
[2024-08-16T20:43:19.394+0800][0.613s][debug][gc,nmethod   ] Register NMethod: com.sun.management.internal.PlatformMBeanProviderImpl$1.nameToMBeanMap [0x00007f5c490b8e90] (c1)
[2024-08-16T20:43:19.394+0800][0.613s][debug][gc,nmethod   ] Register NMethod: sun.management.MemoryImpl.getMemoryManagers [0x00007f5c490b9e90] (c1)
[2024-08-16T20:43:19.394+0800][0.613s][debug][gc,nmethod   ] Register NMethod: sun.management.ManagementFactoryHelper.getGarbageCollectorMXBeans [0x00007f5c490ba410] (c1)
[2024-08-16T20:43:19.394+0800][0.614s][debug][gc,nmethod   ] Register NMethod: java.lang.Thread.sleep [0x00007f5c50bc3610] ()
[2024-08-16T20:43:19.429+0800][0.649s][debug][gc,nmethod   ] Register NMethod: java.util.stream.ReferencePipeline.map [0x00007f5c490bb890] (c1)
[2024-08-16T20:43:19.445+0800][0.665s][debug][gc,nmethod   ] Register NMethod: java.util.Collections$SingletonSet.contains [0x00007f5c50bc3a10] (c2)
[2024-08-16T20:43:19.505+0800][0.724s][debug][gc,nmethod   ] Register NMethod: java.lang.StringUTF16.compress [0x00007f5c50bc4010] (c2)
[2024-08-16T20:43:19.512+0800][0.732s][debug][gc,nmethod   ] Register NMethod: java.util.stream.StreamSupport.stream [0x00007f5c50bc4690] (c2)
[2024-08-16T20:43:19.561+0800][0.781s][debug][gc,nmethod   ] Register NMethod: java.util.HashMap.getNode [0x00007f5c50bc4c10] (c2)
[2024-08-16T20:43:19.594+0800][0.813s][debug][gc,nmethod   ] Register NMethod: java.lang.StringLatin1.inflate [0x00007f5c50bc5710] (c2)
[2024-08-16T20:43:19.637+0800][0.856s][debug][gc,nmethod   ] Register NMethod: java.util.stream.Sink.begin [0x00007f5c490bc190] (c1)
[2024-08-16T20:43:19.637+0800][0.857s][debug][gc,nmethod   ] Register NMethod: java.util.ArrayList$ArrayListSpliterator.forEachRemaining [0x00007f5c490bc490] (c1)
[2024-08-16T20:43:19.637+0800][0.857s][debug][gc,nmethod   ] Register NMethod: java.util.stream.FindOps$FindSink.accept [0x00007f5c490bd010] (c1)
[2024-08-16T20:43:19.637+0800][0.857s][debug][gc,nmethod   ] Register NMethod: java.util.stream.FindOps$FindSink$OfRef.get [0x00007f5c490bd390] (c1)
[2024-08-16T20:43:19.638+0800][0.857s][debug][gc,nmethod   ] Register NMethod: java.util.stream.FindOps$FindSink$OfRef.get [0x00007f5c490bdc90] (c1)
[2024-08-16T20:43:19.638+0800][0.857s][debug][gc,nmethod   ] Register NMethod: java.util.stream.ReferencePipeline$7.<init> [0x00007f5c490be510] (c1)
[2024-08-16T20:43:19.638+0800][0.858s][debug][gc,nmethod   ] Register NMethod: java.util.stream.ReferencePipeline$7.opWrapSink [0x00007f5c490bea90] (c1)
[2024-08-16T20:43:19.638+0800][0.858s][debug][gc,nmethod   ] Register NMethod: java.util.stream.ReferencePipeline$7$1.<init> [0x00007f5c490bf410] (c1)
[2024-08-16T20:43:19.638+0800][0.858s][debug][gc,nmethod   ] Register NMethod: java.util.stream.ReferencePipeline$7$1.begin [0x00007f5c490bfc10] (c1)
[2024-08-16T20:43:19.638+0800][0.858s][debug][gc,nmethod   ] Register NMethod: java.util.stream.ReferencePipeline.flatMap [0x00007f5c490c0110] (c1)
[2024-08-16T20:43:19.638+0800][0.858s][debug][gc,nmethod   ] Register NMethod: java.util.stream.ReferencePipeline$3.opWrapSink [0x00007f5c490c0a10] (c1)
[2024-08-16T20:43:19.639+0800][0.858s][debug][gc,nmethod   ] Register NMethod: java.util.stream.ReferencePipeline$3$1.<init> [0x00007f5c490c1390] (c1)
[2024-08-16T20:43:19.639+0800][0.858s][debug][gc,nmethod   ] Register NMethod: java.util.stream.Sink$ChainedReference.begin [0x00007f5c490c1b90] (c1)
[2024-08-16T20:43:19.639+0800][0.858s][debug][gc,nmethod   ] Register NMethod: java.util.ArrayList.spliterator [0x00007f5c490c2090] (c1)
[2024-08-16T20:43:19.639+0800][0.858s][debug][gc,nmethod   ] Register NMethod: java.util.ArrayList$ArrayListSpliterator.<init> [0x00007f5c490c2590] (c1)
[2024-08-16T20:43:19.639+0800][0.859s][debug][gc,nmethod   ] Register NMethod: jdk.management.jfr.internal.FlightRecorderMXBeanProvider$SingleMBeanComponent.mbeanInterfaceNames [0x00007f5c490c2990] (c1)
[2024-08-16T20:43:19.722+0800][0.942s][debug][gc,nmethod   ] Register NMethod: javax.management.ObjectName.construct [0x00007f5c50bc5d10] (c2)
[2024-08-16T20:43:19.761+0800][0.980s][debug][gc,nmethod   ] Register NMethod: java.util.HashMap$ValueSpliterator.forEachRemaining [0x00007f5c50bcda10] (c2)
[2024-08-16T20:43:19.763+0800][0.982s][debug][gc,nmethod   ] Register NMethod: java.util.Collection.stream [0x00007f5c50bd2010] (c2)
[2024-08-16T20:43:19.763+0800][0.982s][debug][gc,nmethod   ] Register NMethod: java.util.stream.Sink.end [0x00007f5c50bd2610] (c2)
[2024-08-16T20:43:19.764+0800][0.984s][debug][gc,nmethod   ] Register NMethod: java.util.HashMap$HashMapSpliterator.getFence [0x00007f5c50bd2910] (c2)
[2024-08-16T20:43:19.806+0800][1.025s][debug][gc,nmethod   ] Register NMethod: sun.management.spi.PlatformMBeanProvider$PlatformComponent.getMBeans [0x00007f5c50bd2d10] (c2)
[2024-08-16T20:43:19.837+0800][1.056s][debug][gc,nmethod   ] Register NMethod: java.util.HashMap$ValueSpliterator.tryAdvance [0x00007f5c50bd7010] (c2)
[2024-08-16T20:43:19.850+0800][1.069s][debug][gc,nmethod   ] Register NMethod: java.util.stream.ReferencePipeline$2$1.accept [0x00007f5c50bd9290] (c2)
[2024-08-16T20:43:19.851+0800][1.071s][info ][gc           ] Trigger: Learning 1 of 5. Free (2866M) is below initial threshold (2867M)
[2024-08-16T20:43:19.851+0800][1.071s][info ][gc,ergo      ] Free: 2866M, Max: 2048K regular, 2866M humongous, Frag: 0% external, 0% internal; Reserve: 206M, Max: 2048K
[2024-08-16T20:43:19.851+0800][1.071s][info ][gc,start     ] GC(0) Concurrent reset
[2024-08-16T20:43:19.852+0800][1.071s][info ][gc,task      ] GC(0) Using 4 of 8 workers for concurrent reset
[2024-08-16T20:43:19.852+0800][1.071s][info ][gc,ergo      ] GC(0) Pacer for Reset. Non-Taxable: 4096M
[2024-08-16T20:43:19.852+0800][1.072s][info ][gc           ] GC(0) Concurrent reset 0.810ms
[2024-08-16T20:43:19.852+0800][1.072s][info ][gc,start     ] GC(0) Pause Init Mark (unload classes)
[2024-08-16T20:43:19.853+0800][1.073s][info ][gc,task      ] GC(0) Using 8 of 8 workers for init marking
[2024-08-16T20:43:19.853+0800][1.073s][info ][gc,ergo      ] GC(0) Pacer for Mark. Expected Live: 409M, Free: 2864M, Non-Taxable: 286M, Alloc Tax Rate: 0.2x
[2024-08-16T20:43:19.853+0800][1.073s][info ][gc           ] GC(0) Pause Init Mark (unload classes) 0.852ms
[2024-08-16T20:43:19.853+0800][1.073s][info ][gc,start     ] GC(0) Concurrent marking roots
[2024-08-16T20:43:19.853+0800][1.073s][info ][gc,task      ] GC(0) Using 4 of 8 workers for concurrent marking roots
[2024-08-16T20:43:19.853+0800][1.073s][debug][gc,tlab      ] GC(0) TLAB totals: thrds: 1  refills: 3 max: 3 slow allocs: 507 max 507 waste: 11.8% gc: 663232B max: 663232B slow: 77464B max: 77464B
[2024-08-16T20:43:19.854+0800][1.073s][info ][gc           ] GC(0) Concurrent marking roots 0.239ms
[2024-08-16T20:43:19.854+0800][1.073s][info ][gc,start     ] GC(0) Concurrent marking (unload classes)
[2024-08-16T20:43:19.854+0800][1.073s][info ][gc,task      ] GC(0) Using 4 of 8 workers for concurrent marking
[2024-08-16T20:43:19.857+0800][1.076s][info ][gc           ] GC(0) Concurrent marking (unload classes) 3.043ms
[2024-08-16T20:43:19.857+0800][1.076s][info ][gc,start     ] GC(0) Pause Final Mark (unload classes)
[2024-08-16T20:43:19.857+0800][1.076s][info ][gc,task      ] GC(0) Using 8 of 8 workers for final marking
[2024-08-16T20:43:19.857+0800][1.077s][info ][gc,ergo      ] GC(0) Collectable Garbage: 249M (96%), Immediate: 249M (96%), CSet: 0B (0%)
[2024-08-16T20:43:19.857+0800][1.077s][info ][gc           ] GC(0) Pause Final Mark (unload classes) 0.783ms
[2024-08-16T20:43:19.858+0800][1.077s][info ][gc,start     ] GC(0) Concurrent weak references
[2024-08-16T20:43:19.858+0800][1.077s][info ][gc,task      ] GC(0) Using 4 of 8 workers for concurrent weak references
[2024-08-16T20:43:19.858+0800][1.077s][info ][gc,ref       ] GC(0) Encountered references: Soft: 104, Weak: 238, Final: 0, Phantom: 22
[2024-08-16T20:43:19.858+0800][1.077s][info ][gc,ref       ] GC(0) Discovered  references: Soft: 0, Weak: 45, Final: 0, Phantom: 22
[2024-08-16T20:43:19.858+0800][1.077s][info ][gc,ref       ] GC(0) Enqueued    references: Soft: 0, Weak: 45, Final: 0, Phantom: 21
[2024-08-16T20:43:19.858+0800][1.077s][info ][gc           ] GC(0) Concurrent weak references 0.124ms
[2024-08-16T20:43:19.858+0800][1.077s][info ][gc,start     ] GC(0) Concurrent weak roots
[2024-08-16T20:43:19.858+0800][1.077s][info ][gc,task      ] GC(0) Using 4 of 8 workers for concurrent weak root
[2024-08-16T20:43:19.858+0800][1.078s][info ][gc           ] GC(0) Concurrent weak roots 0.490ms
[2024-08-16T20:43:19.858+0800][1.078s][info ][gc,start     ] GC(0) Concurrent cleanup
[2024-08-16T20:43:19.858+0800][1.078s][info ][gc           ] GC(0) Concurrent cleanup 522M->273M(1030M) 0.114ms
[2024-08-16T20:43:19.858+0800][1.078s][info ][gc,ergo      ] GC(0) Free: 3358M, Max: 2048K regular, 2860M humongous, Frag: 15% external, 0% internal; Reserve: 206M, Max: 2048K
[2024-08-16T20:43:19.858+0800][1.078s][info ][gc,start     ] GC(0) Concurrent class unloading
[2024-08-16T20:43:19.858+0800][1.078s][info ][gc,task      ] GC(0) Using 4 of 8 workers for concurrent class unloading
[2024-08-16T20:43:19.858+0800][1.078s][debug][gc,phases,start] GC(0) ClassLoaderData
[2024-08-16T20:43:19.858+0800][1.078s][debug][gc,phases      ] GC(0) ClassLoaderData 0.006ms
[2024-08-16T20:43:19.858+0800][1.078s][debug][gc,phases,start] GC(0) Trigger cleanups
[2024-08-16T20:43:19.858+0800][1.078s][debug][gc,phases      ] GC(0) Trigger cleanups 0.003ms
[2024-08-16T20:43:19.859+0800][1.078s][info ][gc             ] GC(0) Concurrent class unloading 0.451ms
[2024-08-16T20:43:19.859+0800][1.079s][info ][gc,start       ] GC(0) Pause Final Roots
[2024-08-16T20:43:19.859+0800][1.079s][info ][gc             ] GC(0) Pause Final Roots 0.034ms
[2024-08-16T20:43:19.859+0800][1.079s][debug][gc,ergo        ] GC(0) Available: 3358 MB, z-score=0.000. Average available: 3359.0 MB +/- 0.0 BB.
[2024-08-16T20:43:19.859+0800][1.079s][info ][gc,ergo        ] Free: 3358M, Max: 2048K regular, 2860M humongous, Frag: 15% external, 0% internal; Reserve: 206M, Max: 2048K
[2024-08-16T20:43:19.859+0800][1.079s][info ][gc,stats       ] 
[2024-08-16T20:43:19.859+0800][1.079s][info ][gc,stats       ] All times are wall-clock times, except per-root-class counters, that are sum over
[2024-08-16T20:43:19.859+0800][1.079s][info ][gc,stats       ] all workers. Dividing the <total> over the root stage time estimates parallelism.
[2024-08-16T20:43:19.859+0800][1.079s][info ][gc,stats       ] 
[2024-08-16T20:43:19.859+0800][1.079s][info ][gc,stats       ] Concurrent Reset                    851 us
[2024-08-16T20:43:19.859+0800][1.079s][info ][gc,stats       ] Pause Init Mark (G)                1258 us
[2024-08-16T20:43:19.859+0800][1.079s][info ][gc,stats       ] Pause Init Mark (N)                 880 us
[2024-08-16T20:43:19.859+0800][1.079s][info ][gc,stats       ]   Update Region States               90 us
[2024-08-16T20:43:19.859+0800][1.079s][info ][gc,stats       ] Concurrent Mark Roots               279 us, parallelism: 1.38x
[2024-08-16T20:43:19.859+0800][1.079s][info ][gc,stats       ]   CMR: <total>                      386 us
[2024-08-16T20:43:19.859+0800][1.079s][info ][gc,stats       ]   CMR: Thread Roots                 149 us, workers (us):  48,  46,  55,   0, ---, ---, ---, ---, 
[2024-08-16T20:43:19.859+0800][1.079s][info ][gc,stats       ]   CMR: VM Strong Roots              150 us, workers (us): 100,  25,  24,   0, ---, ---, ---, ---, 
[2024-08-16T20:43:19.859+0800][1.079s][info ][gc,stats       ]   CMR: CLDG Roots                    87 us, workers (us): ---, ---,   1,  85, ---, ---, ---, ---, 
[2024-08-16T20:43:19.859+0800][1.079s][info ][gc,stats       ] Concurrent Marking                 3078 us
[2024-08-16T20:43:19.859+0800][1.079s][info ][gc,stats       ] Pause Final Mark (G)                876 us
[2024-08-16T20:43:19.859+0800][1.079s][info ][gc,stats       ] Pause Final Mark (N)                807 us
[2024-08-16T20:43:19.859+0800][1.079s][info ][gc,stats       ]   Finish Mark                       626 us
[2024-08-16T20:43:19.859+0800][1.079s][info ][gc,stats       ]   Update Region States               89 us
[2024-08-16T20:43:19.859+0800][1.079s][info ][gc,stats       ]   Choose Collection Set              34 us
[2024-08-16T20:43:19.859+0800][1.079s][info ][gc,stats       ]   Rebuild Free Set                    6 us
[2024-08-16T20:43:19.859+0800][1.079s][info ][gc,stats       ] Concurrent Weak References          158 us, parallelism: 0.03x
[2024-08-16T20:43:19.859+0800][1.079s][info ][gc,stats       ]   CWRF: <total>                       5 us
[2024-08-16T20:43:19.859+0800][1.079s][info ][gc,stats       ]   CWRF: Weak References               5 us, workers (us):   5,   0,   0,   0, ---, ---, ---, ---, 
[2024-08-16T20:43:19.859+0800][1.079s][info ][gc,stats       ] Concurrent Weak Roots               517 us
[2024-08-16T20:43:19.859+0800][1.079s][info ][gc,stats       ]   Roots                             175 us, parallelism: 1.06x
[2024-08-16T20:43:19.859+0800][1.079s][info ][gc,stats       ]     CWR: <total>                    185 us
[2024-08-16T20:43:19.859+0800][1.079s][info ][gc,stats       ]     CWR: Code Cache Roots           159 us, workers (us):  86,  73,   0,   0, ---, ---, ---, ---, 
[2024-08-16T20:43:19.859+0800][1.079s][info ][gc,stats       ]     CWR: VM Weak Roots               24 us, workers (us):  23,   0,   1,   0, ---, ---, ---, ---, 
[2024-08-16T20:43:19.859+0800][1.079s][info ][gc,stats       ]     CWR: CLDG Roots                   2 us, workers (us):   2, ---, ---, ---, ---, ---, ---, ---, 
[2024-08-16T20:43:19.859+0800][1.079s][info ][gc,stats       ]   Rendezvous                        299 us
[2024-08-16T20:43:19.859+0800][1.079s][info ][gc,stats       ] Concurrent Cleanup                  138 us
[2024-08-16T20:43:19.859+0800][1.079s][info ][gc,stats       ] Concurrent Class Unloading          489 us
[2024-08-16T20:43:19.859+0800][1.079s][info ][gc,stats       ]   Unlink Stale                      261 us
[2024-08-16T20:43:19.859+0800][1.079s][info ][gc,stats       ]     System Dictionary                17 us
[2024-08-16T20:43:19.859+0800][1.079s][info ][gc,stats       ]     Weak Class Links                  1 us
[2024-08-16T20:43:19.859+0800][1.079s][info ][gc,stats       ]     Code Roots                      243 us
[2024-08-16T20:43:19.859+0800][1.079s][info ][gc,stats       ]   Rendezvous                         56 us
[2024-08-16T20:43:19.859+0800][1.079s][info ][gc,stats       ]   Purge Unlinked                    123 us
[2024-08-16T20:43:19.859+0800][1.079s][info ][gc,stats       ]     Code Roots                      109 us
[2024-08-16T20:43:19.859+0800][1.079s][info ][gc,stats       ]     CLDG                             13 us
[2024-08-16T20:43:19.859+0800][1.079s][info ][gc,stats       ]     Exception Caches                  0 us
[2024-08-16T20:43:19.859+0800][1.079s][info ][gc,stats       ] Pause Final Roots (G)               142 us
[2024-08-16T20:43:19.859+0800][1.079s][info ][gc,stats       ] Pause Final Roots (N)                70 us
[2024-08-16T20:43:19.859+0800][1.079s][info ][gc,stats       ] 
[2024-08-16T20:43:19.859+0800][1.079s][info ][gc,stats       ] Allocation pacing accrued:
[2024-08-16T20:43:19.859+0800][1.079s][info ][gc,stats       ]       0 of  1072 ms (  0.0%): <total>
[2024-08-16T20:43:19.859+0800][1.079s][info ][gc,stats       ]       0 of  1072 ms (  0.0%): <average total>
[2024-08-16T20:43:19.859+0800][1.079s][info ][gc,stats       ] 
[2024-08-16T20:43:19.859+0800][1.079s][info ][gc,metaspace   ] Metaspace: 841K(960K)->842K(960K) NonClass: 779K(832K)->779K(832K) Class: 62K(128K)->62K(128K)
[2024-08-16T20:43:19.859+0800][1.079s][info ][gc,ergo        ] Pacer for Idle. Initial: 83886K, Alloc Tax Rate: 1.0x
[2024-08-16T20:43:19.885+0800][1.104s][debug][gc,nmethod     ] Register NMethod: java.util.stream.Sink$ChainedReference.cancellationRequested [0x00007f5c50bdac90] (c2)
[2024-08-16T20:43:19.989+0800][1.209s][debug][gc,nmethod     ] Register NMethod: java.util.Collections$UnmodifiableCollection.contains [0x00007f5c50bdb010] (c2)
[2024-08-16T20:43:20.175+0800][1.395s][info ][gc             ] Trigger: Learning 2 of 5. Free (2865M) is below initial threshold (2867M)
[2024-08-16T20:43:20.175+0800][1.395s][info ][gc,ergo        ] Free: 2865M, Max: 2048K regular, 2860M humongous, Frag: 1% external, 0% internal; Reserve: 206M, Max: 2048K
[2024-08-16T20:43:20.176+0800][1.395s][info ][gc,start       ] GC(1) Concurrent reset
[2024-08-16T20:43:20.176+0800][1.395s][info ][gc,task        ] GC(1) Using 4 of 8 workers for concurrent reset
[2024-08-16T20:43:20.176+0800][1.395s][info ][gc,ergo        ] GC(1) Pacer for Reset. Non-Taxable: 4096M
[2024-08-16T20:43:20.177+0800][1.397s][info ][gc             ] GC(1) Concurrent reset 1.659ms
[2024-08-16T20:43:20.177+0800][1.397s][info ][gc,start       ] GC(1) Pause Init Mark (unload classes)
[2024-08-16T20:43:20.177+0800][1.397s][info ][gc,task        ] GC(1) Using 8 of 8 workers for init marking
[2024-08-16T20:43:20.178+0800][1.397s][info ][gc,ergo        ] GC(1) Pacer for Mark. Expected Live: 259M, Free: 2861M, Non-Taxable: 286M, Alloc Tax Rate: 0.1x
[2024-08-16T20:43:20.178+0800][1.397s][info ][gc             ] GC(1) Pause Init Mark (unload classes) 0.152ms
[2024-08-16T20:43:20.178+0800][1.397s][info ][gc,start       ] GC(1) Concurrent marking roots
[2024-08-16T20:43:20.178+0800][1.397s][info ][gc,task        ] GC(1) Using 4 of 8 workers for concurrent marking roots
[2024-08-16T20:43:20.178+0800][1.397s][debug][gc,tlab        ] GC(1) TLAB totals: thrds: 4  refills: 6 max: 3 slow allocs: 507 max 507 waste: 55.9% gc: 6951920B max: 2096872B slow: 77464B max: 77464B
[2024-08-16T20:43:20.178+0800][1.397s][info ][gc             ] GC(1) Concurrent marking roots 0.199ms
[2024-08-16T20:43:20.178+0800][1.397s][info ][gc,start       ] GC(1) Concurrent marking (unload classes)
[2024-08-16T20:43:20.178+0800][1.397s][info ][gc,task        ] GC(1) Using 4 of 8 workers for concurrent marking
[2024-08-16T20:43:20.180+0800][1.400s][info ][gc             ] GC(1) Concurrent marking (unload classes) 2.470ms
[2024-08-16T20:43:20.180+0800][1.400s][info ][gc,start       ] GC(1) Pause Final Mark (unload classes)
[2024-08-16T20:43:20.181+0800][1.400s][info ][gc,task        ] GC(1) Using 8 of 8 workers for final marking
[2024-08-16T20:43:20.181+0800][1.401s][info ][gc,ergo        ] GC(1) Adaptive CSet Selection. Target Free: 580M, Actual Free: 3164M, Max CSet: 170M, Min Garbage: 0B
[2024-08-16T20:43:20.181+0800][1.401s][info ][gc,ergo        ] GC(1) Collectable Garbage: 112M (100%), Immediate: 100M (89%), CSet: 12609K (10%)
[2024-08-16T20:43:20.181+0800][1.401s][info ][gc,ergo        ] GC(1) Pacer for Evacuation. Used CSet: 16384K, Free: 3464M, Non-Taxable: 346M, Alloc Tax Rate: 1.1x
[2024-08-16T20:43:20.181+0800][1.401s][info ][gc             ] GC(1) Pause Final Mark (unload classes) 0.603ms
[2024-08-16T20:43:20.181+0800][1.401s][info ][gc,start       ] GC(1) Concurrent thread roots
[2024-08-16T20:43:20.181+0800][1.401s][info ][gc,task        ] GC(1) Using 4 of 8 workers for Concurrent thread roots
[2024-08-16T20:43:20.181+0800][1.401s][info ][gc             ] GC(1) Concurrent thread roots 0.197ms
[2024-08-16T20:43:20.181+0800][1.401s][info ][gc,start       ] GC(1) Concurrent weak references
[2024-08-16T20:43:20.181+0800][1.401s][info ][gc,task        ] GC(1) Using 4 of 8 workers for concurrent weak references
[2024-08-16T20:43:20.181+0800][1.401s][info ][gc,ref         ] GC(1) Encountered references: Soft: 104, Weak: 193, Final: 0, Phantom: 1
[2024-08-16T20:43:20.181+0800][1.401s][info ][gc,ref         ] GC(1) Discovered  references: Soft: 0, Weak: 34, Final: 0, Phantom: 1
[2024-08-16T20:43:20.182+0800][1.401s][info ][gc,ref         ] GC(1) Enqueued    references: Soft: 0, Weak: 0, Final: 0, Phantom: 0
[2024-08-16T20:43:20.182+0800][1.401s][info ][gc             ] GC(1) Concurrent weak references 0.125ms
[2024-08-16T20:43:20.182+0800][1.401s][info ][gc,start       ] GC(1) Concurrent weak roots
[2024-08-16T20:43:20.182+0800][1.401s][info ][gc,task        ] GC(1) Using 4 of 8 workers for concurrent weak root
[2024-08-16T20:43:20.182+0800][1.401s][info ][gc             ] GC(1) Concurrent weak roots 0.277ms
[2024-08-16T20:43:20.182+0800][1.401s][info ][gc,start       ] GC(1) Concurrent cleanup
[2024-08-16T20:43:20.182+0800][1.402s][info ][gc             ] GC(1) Concurrent cleanup 527M->427M(1036M) 0.089ms
[2024-08-16T20:43:20.182+0800][1.402s][info ][gc,ergo        ] GC(1) Free: 3056M, Max: 2048K regular, 2856M humongous, Frag: 7% external, 0% internal; Reserve: 205M, Max: 2048K
[2024-08-16T20:43:20.182+0800][1.402s][info ][gc,start       ] GC(1) Concurrent class unloading
[2024-08-16T20:43:20.182+0800][1.402s][info ][gc,task        ] GC(1) Using 4 of 8 workers for concurrent class unloading
[2024-08-16T20:43:20.182+0800][1.402s][debug][gc,phases,start] GC(1) ClassLoaderData
[2024-08-16T20:43:20.182+0800][1.402s][debug][gc,phases      ] GC(1) ClassLoaderData 0.006ms
[2024-08-16T20:43:20.182+0800][1.402s][debug][gc,phases,start] GC(1) Trigger cleanups
[2024-08-16T20:43:20.182+0800][1.402s][debug][gc,phases      ] GC(1) Trigger cleanups 0.003ms
[2024-08-16T20:43:20.182+0800][1.402s][info ][gc             ] GC(1) Concurrent class unloading 0.393ms
[2024-08-16T20:43:20.182+0800][1.402s][info ][gc,start       ] GC(1) Concurrent strong roots
[2024-08-16T20:43:20.182+0800][1.402s][info ][gc,task        ] GC(1) Using 4 of 8 workers for concurrent strong root
[2024-08-16T20:43:20.183+0800][1.402s][info ][gc             ] GC(1) Concurrent strong roots 0.202ms
[2024-08-16T20:43:20.183+0800][1.402s][info ][gc,start       ] GC(1) Concurrent evacuation
[2024-08-16T20:43:20.183+0800][1.402s][info ][gc,task        ] GC(1) Using 4 of 8 workers for concurrent evacuation
[2024-08-16T20:43:20.184+0800][1.403s][info ][gc             ] GC(1) Concurrent evacuation 0.888ms
[2024-08-16T20:43:20.184+0800][1.403s][info ][gc,start       ] GC(1) Pause Init Update Refs
[2024-08-16T20:43:20.184+0800][1.403s][info ][gc,ergo        ] GC(1) Pacer for Update Refs. Used: 430M, Free: 3056M, Non-Taxable: 305M, Alloc Tax Rate: 1.1x
[2024-08-16T20:43:20.184+0800][1.403s][info ][gc             ] GC(1) Pause Init Update Refs 0.024ms
[2024-08-16T20:43:20.184+0800][1.403s][info ][gc,start       ] GC(1) Concurrent update references
[2024-08-16T20:43:20.184+0800][1.403s][info ][gc,task        ] GC(1) Using 4 of 8 workers for concurrent reference update
[2024-08-16T20:43:20.185+0800][1.405s][info ][gc             ] GC(1) Concurrent update references 1.422ms
[2024-08-16T20:43:20.185+0800][1.405s][info ][gc,start       ] GC(1) Concurrent update thread roots
[2024-08-16T20:43:20.185+0800][1.405s][info ][gc             ] GC(1) Concurrent update thread roots 0.146ms
[2024-08-16T20:43:20.185+0800][1.405s][info ][gc,start       ] GC(1) Pause Final Update Refs
[2024-08-16T20:43:20.185+0800][1.405s][info ][gc,task        ] GC(1) Using 8 of 8 workers for final reference update
[2024-08-16T20:43:20.186+0800][1.405s][info ][gc             ] GC(1) Pause Final Update Refs 0.218ms
[2024-08-16T20:43:20.186+0800][1.405s][info ][gc,start       ] GC(1) Concurrent cleanup
[2024-08-16T20:43:20.186+0800][1.405s][info ][gc             ] GC(1) Concurrent cleanup 430M->414M(1040M) 0.138ms
[2024-08-16T20:43:20.186+0800][1.405s][debug][gc,ergo        ] GC(1) Available: 3475 MB, z-score=1.000. Average available: 3417.1 MB +/- 59466.4 KB.
[2024-08-16T20:43:20.186+0800][1.406s][info ][gc,ergo        ] Free: 3475M, Max: 2048K regular, 2850M humongous, Frag: 8% external, 10% internal; Reserve: 206M, Max: 2048K
[2024-08-16T20:43:20.186+0800][1.406s][info ][gc,stats       ] 
[2024-08-16T20:43:20.186+0800][1.406s][info ][gc,stats       ] All times are wall-clock times, except per-root-class counters, that are sum over
[2024-08-16T20:43:20.186+0800][1.406s][info ][gc,stats       ] all workers. Dividing the <total> over the root stage time estimates parallelism.
[2024-08-16T20:43:20.186+0800][1.406s][info ][gc,stats       ] 
[2024-08-16T20:43:20.186+0800][1.406s][info ][gc,stats       ] Concurrent Reset                   1712 us
[2024-08-16T20:43:20.186+0800][1.406s][info ][gc,stats       ] Pause Init Mark (G)                 275 us
[2024-08-16T20:43:20.186+0800][1.406s][info ][gc,stats       ] Pause Init Mark (N)                 175 us
[2024-08-16T20:43:20.186+0800][1.406s][info ][gc,stats       ]   Update Region States              104 us
[2024-08-16T20:43:20.186+0800][1.406s][info ][gc,stats       ] Concurrent Mark Roots               230 us, parallelism: 1.08x
[2024-08-16T20:43:20.186+0800][1.406s][info ][gc,stats       ]   CMR: <total>                      248 us
[2024-08-16T20:43:20.186+0800][1.406s][info ][gc,stats       ]   CMR: Thread Roots                 205 us, workers (us):  45,  68,  49,  42, ---, ---, ---, ---, 
[2024-08-16T20:43:20.186+0800][1.406s][info ][gc,stats       ]   CMR: VM Strong Roots                6 us, workers (us):   5,   0,   0,   0, ---, ---, ---, ---, 
[2024-08-16T20:43:20.186+0800][1.406s][info ][gc,stats       ]   CMR: CLDG Roots                    37 us, workers (us):  37,   0, ---, ---, ---, ---, ---, ---, 
[2024-08-16T20:43:20.186+0800][1.406s][info ][gc,stats       ] Concurrent Marking                 2510 us
[2024-08-16T20:43:20.186+0800][1.406s][info ][gc,stats       ] Pause Final Mark (G)                825 us
[2024-08-16T20:43:20.186+0800][1.406s][info ][gc,stats       ] Pause Final Mark (N)                630 us
[2024-08-16T20:43:20.186+0800][1.406s][info ][gc,stats       ]   Finish Mark                       411 us
[2024-08-16T20:43:20.186+0800][1.406s][info ][gc,stats       ]   Update Region States               98 us
[2024-08-16T20:43:20.186+0800][1.406s][info ][gc,stats       ]   Choose Collection Set              50 us
[2024-08-16T20:43:20.186+0800][1.406s][info ][gc,stats       ]   Rebuild Free Set                   11 us
[2024-08-16T20:43:20.186+0800][1.406s][info ][gc,stats       ] Concurrent Thread Roots             228 us, parallelism: 0.60x
[2024-08-16T20:43:20.186+0800][1.406s][info ][gc,stats       ]   CTR: <total>                      136 us
[2024-08-16T20:43:20.186+0800][1.406s][info ][gc,stats       ]   CTR: Thread Roots                 136 us, workers (us): 122,  13,   0,   0, ---, ---, ---, ---, 
[2024-08-16T20:43:20.186+0800][1.406s][info ][gc,stats       ] Concurrent Weak References          149 us, parallelism: 0.06x
[2024-08-16T20:43:20.186+0800][1.406s][info ][gc,stats       ]   CWRF: <total>                       8 us
[2024-08-16T20:43:20.186+0800][1.406s][info ][gc,stats       ]   CWRF: Weak References               8 us, workers (us):   8,   0,   0,   0, ---, ---, ---, ---, 
[2024-08-16T20:43:20.186+0800][1.406s][info ][gc,stats       ] Concurrent Weak Roots               319 us
[2024-08-16T20:43:20.186+0800][1.406s][info ][gc,stats       ]   Roots                             209 us, parallelism: 1.17x
[2024-08-16T20:43:20.186+0800][1.406s][info ][gc,stats       ]     CWR: <total>                    244 us
[2024-08-16T20:43:20.186+0800][1.406s][info ][gc,stats       ]     CWR: Code Cache Roots           105 us, workers (us):  60,   0,  45,   0, ---, ---, ---, ---, 
[2024-08-16T20:43:20.186+0800][1.406s][info ][gc,stats       ]     CWR: VM Weak Roots              138 us, workers (us):  96,  41,   1,   0, ---, ---, ---, ---, 
[2024-08-16T20:43:20.186+0800][1.406s][info ][gc,stats       ]     CWR: CLDG Roots                   2 us, workers (us): ---, ---,   2, ---, ---, ---, ---, ---, 
[2024-08-16T20:43:20.186+0800][1.406s][info ][gc,stats       ]   Rendezvous                         54 us
[2024-08-16T20:43:20.186+0800][1.406s][info ][gc,stats       ] Concurrent Cleanup                  108 us
[2024-08-16T20:43:20.186+0800][1.406s][info ][gc,stats       ] Concurrent Class Unloading          423 us
[2024-08-16T20:43:20.186+0800][1.406s][info ][gc,stats       ]   Unlink Stale                      277 us
[2024-08-16T20:43:20.186+0800][1.406s][info ][gc,stats       ]     System Dictionary                17 us
[2024-08-16T20:43:20.186+0800][1.406s][info ][gc,stats       ]     Weak Class Links                  0 us
[2024-08-16T20:43:20.186+0800][1.406s][info ][gc,stats       ]     Code Roots                      259 us
[2024-08-16T20:43:20.186+0800][1.406s][info ][gc,stats       ]   Rendezvous                         47 us
[2024-08-16T20:43:20.186+0800][1.406s][info ][gc,stats       ]   Purge Unlinked                     57 us
[2024-08-16T20:43:20.186+0800][1.406s][info ][gc,stats       ]     Code Roots                       44 us
[2024-08-16T20:43:20.186+0800][1.406s][info ][gc,stats       ]     CLDG                             13 us
[2024-08-16T20:43:20.186+0800][1.406s][info ][gc,stats       ]     Exception Caches                  0 us
[2024-08-16T20:43:20.186+0800][1.406s][info ][gc,stats       ] Concurrent Strong Roots             248 us, parallelism: 0.60x
[2024-08-16T20:43:20.186+0800][1.406s][info ][gc,stats       ]   CSR: <total>                      148 us
[2024-08-16T20:43:20.186+0800][1.406s][info ][gc,stats       ]   CSR: VM Strong Roots               48 us, workers (us):  23,  25,   0,   0, ---, ---, ---, ---, 
[2024-08-16T20:43:20.186+0800][1.406s][info ][gc,stats       ]   CSR: CLDG Roots                   100 us, workers (us):  94, ---,   7, ---, ---, ---, ---, ---, 
[2024-08-16T20:43:20.186+0800][1.406s][info ][gc,stats       ] Concurrent Evacuation               936 us
[2024-08-16T20:43:20.186+0800][1.406s][info ][gc,stats       ] Pause Init Update Refs (G)           96 us
[2024-08-16T20:43:20.186+0800][1.406s][info ][gc,stats       ] Pause Init Update Refs (N)           46 us
[2024-08-16T20:43:20.186+0800][1.406s][info ][gc,stats       ]   Manage GCLABs                       2 us
[2024-08-16T20:43:20.186+0800][1.406s][info ][gc,stats       ] Concurrent Update Refs             1462 us
[2024-08-16T20:43:20.186+0800][1.406s][info ][gc,stats       ] Concurrent Update Thread Roots      186 us
[2024-08-16T20:43:20.186+0800][1.406s][info ][gc,stats       ] Pause Final Update Refs (G)         352 us
[2024-08-16T20:43:20.186+0800][1.406s][info ][gc,stats       ] Pause Final Update Refs (N)         268 us
[2024-08-16T20:43:20.186+0800][1.406s][info ][gc,stats       ]   Update Region States              133 us
[2024-08-16T20:43:20.186+0800][1.406s][info ][gc,stats       ]   Trash Collection Set               34 us
[2024-08-16T20:43:20.186+0800][1.406s][info ][gc,stats       ]   Rebuild Free Set                   28 us
[2024-08-16T20:43:20.186+0800][1.406s][info ][gc,stats       ] Concurrent Cleanup                  173 us
[2024-08-16T20:43:20.186+0800][1.406s][info ][gc,stats       ] 
[2024-08-16T20:43:20.186+0800][1.406s][info ][gc,stats       ] Allocation pacing accrued:
[2024-08-16T20:43:20.186+0800][1.406s][info ][gc,stats       ]       0 of   327 ms (  0.0%): <total>
[2024-08-16T20:43:20.186+0800][1.406s][info ][gc,stats       ]       0 of   327 ms (  0.0%): <average total>
[2024-08-16T20:43:20.186+0800][1.406s][info ][gc,stats       ] 
[2024-08-16T20:43:20.186+0800][1.406s][info ][gc,metaspace   ] Metaspace: 842K(960K)->842K(960K) NonClass: 779K(832K)->779K(832K) Class: 62K(128K)->62K(128K)
[2024-08-16T20:43:20.186+0800][1.406s][info ][gc,ergo        ] Pacer for Idle. Initial: 83886K, Alloc Tax Rate: 1.0x
[2024-08-16T20:43:20.331+0800][1.550s][debug][gc,nmethod     ] Register NMethod: java.lang.StringConcatHelper.prepend [0x00007f5c50bdbe90] (c2)
[2024-08-16T20:43:20.334+0800][1.554s][info ][gc             ] Trigger: Learning 3 of 5. Free (2857M) is below initial threshold (2867M)
[2024-08-16T20:43:20.334+0800][1.554s][info ][gc,ergo        ] Free: 2857M, Max: 2048K regular, 2850M humongous, Frag: 0% external, 0% internal; Reserve: 206M, Max: 2048K
[2024-08-16T20:43:20.334+0800][1.554s][info ][gc,start       ] GC(2) Concurrent reset
[2024-08-16T20:43:20.334+0800][1.554s][info ][gc,task        ] GC(2) Using 4 of 8 workers for concurrent reset
[2024-08-16T20:43:20.334+0800][1.554s][info ][gc,ergo        ] GC(2) Pacer for Reset. Non-Taxable: 4096M
[2024-08-16T20:43:20.340+0800][1.560s][debug][gc,nmethod     ] Register NMethod: java.util.ArrayList$Itr.hasNext [0x00007f5c50bdc410] (c2)
[2024-08-16T20:43:20.350+0800][1.570s][info ][gc             ] GC(2) Concurrent reset 15.530ms
[2024-08-16T20:43:20.350+0800][1.570s][info ][gc,start       ] GC(2) Pause Init Mark (unload classes)
[2024-08-16T20:43:20.350+0800][1.570s][info ][gc,task        ] GC(2) Using 8 of 8 workers for init marking
[2024-08-16T20:43:20.351+0800][1.570s][info ][gc,ergo        ] GC(2) Pacer for Mark. Expected Live: 335M, Free: 2843M, Non-Taxable: 284M, Alloc Tax Rate: 0.1x
[2024-08-16T20:43:20.351+0800][1.570s][info ][gc             ] GC(2) Pause Init Mark (unload classes) 0.152ms
[2024-08-16T20:43:20.351+0800][1.570s][info ][gc,start       ] GC(2) Concurrent marking roots
[2024-08-16T20:43:20.351+0800][1.570s][info ][gc,task        ] GC(2) Using 4 of 8 workers for concurrent marking roots
[2024-08-16T20:43:20.351+0800][1.570s][debug][gc,tlab        ] GC(2) TLAB totals: thrds: 1  refills: 1 max: 1 slow allocs: 114 max 114 waste: 54.4% gc: 570280B max: 570280B slow: 0B max: 0B
[2024-08-16T20:43:20.351+0800][1.571s][info ][gc             ] GC(2) Concurrent marking roots 0.302ms
[2024-08-16T20:43:20.351+0800][1.571s][info ][gc,start       ] GC(2) Concurrent marking (unload classes)
[2024-08-16T20:43:20.351+0800][1.571s][info ][gc,task        ] GC(2) Using 4 of 8 workers for concurrent marking
[2024-08-16T20:43:20.352+0800][1.572s][info ][gc             ] GC(2) Concurrent marking (unload classes) 0.940ms
[2024-08-16T20:43:20.353+0800][1.572s][info ][gc,start       ] GC(2) Pause Final Mark (unload classes)
[2024-08-16T20:43:20.353+0800][1.572s][info ][gc,task        ] GC(2) Using 8 of 8 workers for final marking
[2024-08-16T20:43:20.353+0800][1.573s][info ][gc,ergo        ] GC(2) Collectable Garbage: 51200K (95%), Immediate: 51200K (95%), CSet: 0B (0%)
[2024-08-16T20:43:20.353+0800][1.573s][info ][gc             ] GC(2) Pause Final Mark (unload classes) 0.634ms
[2024-08-16T20:43:20.353+0800][1.573s][info ][gc,start       ] GC(2) Concurrent weak references
[2024-08-16T20:43:20.353+0800][1.573s][info ][gc,task        ] GC(2) Using 4 of 8 workers for concurrent weak references
[2024-08-16T20:43:20.353+0800][1.573s][info ][gc,ref         ] GC(2) Encountered references: Soft: 104, Weak: 193, Final: 0, Phantom: 1
[2024-08-16T20:43:20.353+0800][1.573s][info ][gc,ref         ] GC(2) Discovered  references: Soft: 0, Weak: 53, Final: 0, Phantom: 1
[2024-08-16T20:43:20.353+0800][1.573s][info ][gc,ref         ] GC(2) Enqueued    references: Soft: 0, Weak: 0, Final: 0, Phantom: 0
[2024-08-16T20:43:20.353+0800][1.573s][info ][gc             ] GC(2) Concurrent weak references 0.123ms
[2024-08-16T20:43:20.353+0800][1.573s][info ][gc,start       ] GC(2) Concurrent weak roots
[2024-08-16T20:43:20.353+0800][1.573s][info ][gc,task        ] GC(2) Using 4 of 8 workers for concurrent weak root
[2024-08-16T20:43:20.354+0800][1.573s][info ][gc             ] GC(2) Concurrent weak roots 0.335ms
[2024-08-16T20:43:20.354+0800][1.573s][info ][gc,start       ] GC(2) Concurrent cleanup
[2024-08-16T20:43:20.354+0800][1.574s][info ][gc             ] GC(2) Concurrent cleanup 529M->479M(1052M) 0.088ms
[2024-08-16T20:43:20.354+0800][1.574s][info ][gc,ergo        ] GC(2) Free: 3410M, Max: 2048K regular, 2838M humongous, Frag: 4% external, 12% internal; Reserve: 206M, Max: 2048K
[2024-08-16T20:43:20.354+0800][1.574s][info ][gc,start       ] GC(2) Concurrent class unloading
[2024-08-16T20:43:20.354+0800][1.574s][info ][gc,task        ] GC(2) Using 4 of 8 workers for concurrent class unloading
[2024-08-16T20:43:20.354+0800][1.574s][debug][gc,phases,start] GC(2) ClassLoaderData
[2024-08-16T20:43:20.354+0800][1.574s][debug][gc,phases      ] GC(2) ClassLoaderData 0.006ms
[2024-08-16T20:43:20.354+0800][1.574s][debug][gc,phases,start] GC(2) Trigger cleanups
[2024-08-16T20:43:20.354+0800][1.574s][debug][gc,phases      ] GC(2) Trigger cleanups 0.003ms
[2024-08-16T20:43:20.354+0800][1.574s][info ][gc             ] GC(2) Concurrent class unloading 0.429ms
[2024-08-16T20:43:20.355+0800][1.574s][info ][gc,start       ] GC(2) Pause Final Roots
[2024-08-16T20:43:20.355+0800][1.574s][info ][gc             ] GC(2) Pause Final Roots 0.016ms
[2024-08-16T20:43:20.355+0800][1.574s][debug][gc,ergo        ] GC(2) Available: 3057 MB, z-score=-1.362. Average available: 3297.1 MB +/- 176.2 MB.
[2024-08-16T20:43:20.355+0800][1.574s][info ][gc,ergo        ] Free: 3057M, Max: 2048K regular, 2838M humongous, Frag: 4% external, 3% internal; Reserve: 206M, Max: 2048K
[2024-08-16T20:43:20.355+0800][1.574s][info ][gc,stats       ] 
[2024-08-16T20:43:20.355+0800][1.574s][info ][gc,stats       ] All times are wall-clock times, except per-root-class counters, that are sum over
[2024-08-16T20:43:20.355+0800][1.574s][info ][gc,stats       ] all workers. Dividing the <total> over the root stage time estimates parallelism.
[2024-08-16T20:43:20.355+0800][1.574s][info ][gc,stats       ] 
[2024-08-16T20:43:20.355+0800][1.574s][info ][gc,stats       ] Concurrent Reset                  15570 us
[2024-08-16T20:43:20.355+0800][1.574s][info ][gc,stats       ] Pause Init Mark (G)                 720 us
[2024-08-16T20:43:20.355+0800][1.574s][info ][gc,stats       ] Pause Init Mark (N)                 203 us
[2024-08-16T20:43:20.355+0800][1.574s][info ][gc,stats       ]   Update Region States               98 us
[2024-08-16T20:43:20.355+0800][1.574s][info ][gc,stats       ] Concurrent Mark Roots               356 us, parallelism: 0.60x
[2024-08-16T20:43:20.355+0800][1.574s][info ][gc,stats       ]   CMR: <total>                      212 us
[2024-08-16T20:43:20.355+0800][1.574s][info ][gc,stats       ]   CMR: Thread Roots                 139 us, workers (us):   0,  75,  65,   0, ---, ---, ---, ---, 
[2024-08-16T20:43:20.355+0800][1.574s][info ][gc,stats       ]   CMR: VM Strong Roots               16 us, workers (us):  15,   1,   0,   0, ---, ---, ---, ---, 
[2024-08-16T20:43:20.355+0800][1.574s][info ][gc,stats       ]   CMR: CLDG Roots                    57 us, workers (us):  54,   3, ---, ---, ---, ---, ---, ---, 
[2024-08-16T20:43:20.355+0800][1.574s][info ][gc,stats       ] Concurrent Marking                  995 us
[2024-08-16T20:43:20.355+0800][1.574s][info ][gc,stats       ] Pause Final Mark (G)               1203 us
[2024-08-16T20:43:20.355+0800][1.574s][info ][gc,stats       ] Pause Final Mark (N)                669 us
[2024-08-16T20:43:20.355+0800][1.574s][info ][gc,stats       ]   Finish Mark                       394 us
[2024-08-16T20:43:20.355+0800][1.574s][info ][gc,stats       ]   Update Region States              176 us
[2024-08-16T20:43:20.355+0800][1.574s][info ][gc,stats       ]   Choose Collection Set              26 us
[2024-08-16T20:43:20.355+0800][1.574s][info ][gc,stats       ]   Rebuild Free Set                   10 us
[2024-08-16T20:43:20.355+0800][1.574s][info ][gc,stats       ] Concurrent Weak References          146 us, parallelism: 0.02x
[2024-08-16T20:43:20.355+0800][1.574s][info ][gc,stats       ]   CWRF: <total>                       3 us
[2024-08-16T20:43:20.355+0800][1.574s][info ][gc,stats       ]   CWRF: Weak References               3 us, workers (us):   3,   0,   0,   0, ---, ---, ---, ---, 
[2024-08-16T20:43:20.355+0800][1.574s][info ][gc,stats       ] Concurrent Weak Roots               375 us
[2024-08-16T20:43:20.355+0800][1.574s][info ][gc,stats       ]   Roots                             209 us, parallelism: 0.64x
[2024-08-16T20:43:20.355+0800][1.574s][info ][gc,stats       ]     CWR: <total>                    133 us
[2024-08-16T20:43:20.355+0800][1.574s][info ][gc,stats       ]     CWR: Code Cache Roots           106 us, workers (us):  49,  57,   0,   0, ---, ---, ---, ---, 
[2024-08-16T20:43:20.355+0800][1.574s][info ][gc,stats       ]     CWR: VM Weak Roots               24 us, workers (us):  19,   5,   0,   0, ---, ---, ---, ---, 
[2024-08-16T20:43:20.355+0800][1.574s][info ][gc,stats       ]     CWR: CLDG Roots                   2 us, workers (us): ---,   2, ---, ---, ---, ---, ---, ---, 
[2024-08-16T20:43:20.355+0800][1.574s][info ][gc,stats       ]   Rendezvous                        111 us
[2024-08-16T20:43:20.355+0800][1.574s][info ][gc,stats       ] Concurrent Cleanup                  111 us
[2024-08-16T20:43:20.355+0800][1.574s][info ][gc,stats       ] Concurrent Class Unloading          477 us
[2024-08-16T20:43:20.355+0800][1.574s][info ][gc,stats       ]   Unlink Stale                      291 us
[2024-08-16T20:43:20.355+0800][1.574s][info ][gc,stats       ]     System Dictionary                18 us
[2024-08-16T20:43:20.355+0800][1.574s][info ][gc,stats       ]     Weak Class Links                  0 us
[2024-08-16T20:43:20.355+0800][1.574s][info ][gc,stats       ]     Code Roots                      272 us
[2024-08-16T20:43:20.355+0800][1.574s][info ][gc,stats       ]   Rendezvous                         58 us
[2024-08-16T20:43:20.355+0800][1.574s][info ][gc,stats       ]   Purge Unlinked                     69 us
[2024-08-16T20:43:20.355+0800][1.574s][info ][gc,stats       ]     Code Roots                       57 us
[2024-08-16T20:43:20.355+0800][1.574s][info ][gc,stats       ]     CLDG                             12 us
[2024-08-16T20:43:20.355+0800][1.575s][info ][gc,stats       ]     Exception Caches                  0 us
[2024-08-16T20:43:20.355+0800][1.575s][info ][gc,stats       ] Pause Final Roots (G)               181 us
[2024-08-16T20:43:20.355+0800][1.575s][info ][gc,stats       ] Pause Final Roots (N)                45 us
[2024-08-16T20:43:20.355+0800][1.575s][info ][gc,stats       ] Pacing                            10685 us
[2024-08-16T20:43:20.355+0800][1.575s][info ][gc,stats       ] 
[2024-08-16T20:43:20.355+0800][1.575s][info ][gc,stats       ] Allocation pacing accrued:
[2024-08-16T20:43:20.355+0800][1.575s][info ][gc,stats       ]      11 of   169 ms (  6.3%): main
[2024-08-16T20:43:20.355+0800][1.575s][info ][gc,stats       ]      11 of   169 ms (  6.3%): <total>
[2024-08-16T20:43:20.355+0800][1.575s][info ][gc,stats       ]       1 of   169 ms (  0.6%): <average total>
[2024-08-16T20:43:20.355+0800][1.575s][info ][gc,stats       ]      11 of   169 ms (  6.3%): <average non-zero>
[2024-08-16T20:43:20.355+0800][1.575s][info ][gc,stats       ] 
[2024-08-16T20:43:20.355+0800][1.575s][info ][gc,metaspace   ] Metaspace: 842K(960K)->842K(960K) NonClass: 779K(832K)->779K(832K) Class: 62K(128K)->62K(128K)
[2024-08-16T20:43:20.355+0800][1.575s][info ][gc,ergo        ] Pacer for Idle. Initial: 83886K, Alloc Tax Rate: 1.0x
[2024-08-16T20:43:20.378+0800][1.597s][debug][gc,nmethod     ] Register NMethod: java.util.HashMap$ValueSpliterator.characteristics [0x00007f5c50bdc710] (c2)
[2024-08-16T20:43:20.415+0800][1.635s][info ][gc             ] Trigger: Learning 4 of 5. Free (2839M) is below initial threshold (2867M)
[2024-08-16T20:43:20.415+0800][1.635s][info ][gc,ergo        ] Free: 2839M, Max: 2048K regular, 2836M humongous, Frag: 0% external, 0% internal; Reserve: 206M, Max: 2048K
[2024-08-16T20:43:20.415+0800][1.635s][info ][gc,start       ] GC(3) Concurrent reset
[2024-08-16T20:43:20.415+0800][1.635s][info ][gc,task        ] GC(3) Using 4 of 8 workers for concurrent reset
[2024-08-16T20:43:20.415+0800][1.635s][info ][gc,ergo        ] GC(3) Pacer for Reset. Non-Taxable: 4096M
[2024-08-16T20:43:20.416+0800][1.635s][info ][gc             ] GC(3) Concurrent reset 0.742ms
[2024-08-16T20:43:20.416+0800][1.635s][info ][gc,start       ] GC(3) Pause Init Mark (unload classes)
[2024-08-16T20:43:20.416+0800][1.636s][info ][gc,task        ] GC(3) Using 8 of 8 workers for init marking
[2024-08-16T20:43:20.416+0800][1.636s][info ][gc,ergo        ] GC(3) Pacer for Mark. Expected Live: 382M, Free: 2839M, Non-Taxable: 283M, Alloc Tax Rate: 0.2x
[2024-08-16T20:43:20.416+0800][1.636s][info ][gc             ] GC(3) Pause Init Mark (unload classes) 0.190ms
[2024-08-16T20:43:20.416+0800][1.636s][info ][gc,start       ] GC(3) Concurrent marking roots
[2024-08-16T20:43:20.416+0800][1.636s][info ][gc,task        ] GC(3) Using 4 of 8 workers for concurrent marking roots
[2024-08-16T20:43:20.416+0800][1.636s][debug][gc,tlab        ] GC(3) TLAB totals: thrds: 1  refills: 1 max: 1 slow allocs: 114 max 114 waste: 54.4% gc: 570280B max: 570280B slow: 0B max: 0B
[2024-08-16T20:43:20.416+0800][1.636s][info ][gc             ] GC(3) Concurrent marking roots 0.298ms
[2024-08-16T20:43:20.417+0800][1.636s][info ][gc,start       ] GC(3) Concurrent marking (unload classes)
[2024-08-16T20:43:20.417+0800][1.636s][info ][gc,task        ] GC(3) Using 4 of 8 workers for concurrent marking
[2024-08-16T20:43:20.418+0800][1.637s][info ][gc             ] GC(3) Concurrent marking (unload classes) 1.357ms
[2024-08-16T20:43:20.418+0800][1.638s][info ][gc,start       ] GC(3) Pause Final Mark (unload classes)
[2024-08-16T20:43:20.418+0800][1.638s][info ][gc,task        ] GC(3) Using 8 of 8 workers for final marking
[2024-08-16T20:43:20.419+0800][1.638s][info ][gc,ergo        ] GC(3) Collectable Garbage: 50176K (92%), Immediate: 50176K (92%), CSet: 0B (0%)
[2024-08-16T20:43:20.419+0800][1.638s][info ][gc             ] GC(3) Pause Final Mark (unload classes) 0.669ms
[2024-08-16T20:43:20.419+0800][1.638s][info ][gc,start       ] GC(3) Concurrent weak references
[2024-08-16T20:43:20.419+0800][1.638s][info ][gc,task        ] GC(3) Using 4 of 8 workers for concurrent weak references
[2024-08-16T20:43:20.419+0800][1.639s][info ][gc,ref         ] GC(3) Encountered references: Soft: 104, Weak: 193, Final: 0, Phantom: 1
[2024-08-16T20:43:20.419+0800][1.639s][info ][gc,ref         ] GC(3) Discovered  references: Soft: 0, Weak: 19, Final: 0, Phantom: 1
[2024-08-16T20:43:20.419+0800][1.639s][info ][gc,ref         ] GC(3) Enqueued    references: Soft: 0, Weak: 0, Final: 0, Phantom: 0
[2024-08-16T20:43:20.419+0800][1.639s][info ][gc             ] GC(3) Concurrent weak references 0.125ms
[2024-08-16T20:43:20.419+0800][1.639s][info ][gc,start       ] GC(3) Concurrent weak roots
[2024-08-16T20:43:20.419+0800][1.639s][info ][gc,task        ] GC(3) Using 4 of 8 workers for concurrent weak root
[2024-08-16T20:43:20.420+0800][1.639s][info ][gc             ] GC(3) Concurrent weak roots 0.594ms
[2024-08-16T20:43:20.420+0800][1.639s][info ][gc,start       ] GC(3) Concurrent cleanup
[2024-08-16T20:43:20.420+0800][1.639s][info ][gc             ] GC(3) Concurrent cleanup 533M->484M(1058M) 0.174ms
[2024-08-16T20:43:20.420+0800][1.639s][info ][gc,ergo        ] GC(3) Free: 2933M, Max: 2048K regular, 2832M humongous, Frag: 4% external, 0% internal; Reserve: 206M, Max: 2048K
[2024-08-16T20:43:20.420+0800][1.639s][info ][gc,start       ] GC(3) Concurrent class unloading
[2024-08-16T20:43:20.420+0800][1.639s][info ][gc,task        ] GC(3) Using 4 of 8 workers for concurrent class unloading
[2024-08-16T20:43:20.420+0800][1.639s][debug][gc,phases,start] GC(3) ClassLoaderData
[2024-08-16T20:43:20.420+0800][1.640s][debug][gc,phases      ] GC(3) ClassLoaderData 0.019ms
[2024-08-16T20:43:20.420+0800][1.640s][debug][gc,phases,start] GC(3) Trigger cleanups
[2024-08-16T20:43:20.420+0800][1.640s][debug][gc,phases      ] GC(3) Trigger cleanups 0.011ms
[2024-08-16T20:43:20.421+0800][1.641s][info ][gc             ] GC(3) Concurrent class unloading 1.292ms
[2024-08-16T20:43:20.421+0800][1.641s][info ][gc,start       ] GC(3) Pause Final Roots
[2024-08-16T20:43:20.421+0800][1.641s][info ][gc             ] GC(3) Pause Final Roots 0.020ms
[2024-08-16T20:43:20.421+0800][1.641s][debug][gc,ergo        ] GC(3) Available: 2932 MB, z-score=-1.246. Average available: 3205.9 MB +/- 219.7 MB.
[2024-08-16T20:43:20.421+0800][1.641s][info ][gc,ergo        ] Free: 2932M, Max: 2048K regular, 2832M humongous, Frag: 4% external, 0% internal; Reserve: 206M, Max: 2048K
[2024-08-16T20:43:20.421+0800][1.641s][info ][gc,stats       ] 
[2024-08-16T20:43:20.421+0800][1.641s][info ][gc,stats       ] All times are wall-clock times, except per-root-class counters, that are sum over
[2024-08-16T20:43:20.421+0800][1.641s][info ][gc,stats       ] all workers. Dividing the <total> over the root stage time estimates parallelism.
[2024-08-16T20:43:20.421+0800][1.641s][info ][gc,stats       ] 
[2024-08-16T20:43:20.421+0800][1.641s][info ][gc,stats       ] Concurrent Reset                    807 us
[2024-08-16T20:43:20.421+0800][1.641s][info ][gc,stats       ] Pause Init Mark (G)                 375 us
[2024-08-16T20:43:20.421+0800][1.641s][info ][gc,stats       ] Pause Init Mark (N)                 212 us
[2024-08-16T20:43:20.421+0800][1.641s][info ][gc,stats       ]   Update Region States              158 us
[2024-08-16T20:43:20.421+0800][1.641s][info ][gc,stats       ] Concurrent Mark Roots               342 us, parallelism: 0.55x
[2024-08-16T20:43:20.421+0800][1.641s][info ][gc,stats       ]   CMR: <total>                      188 us
[2024-08-16T20:43:20.421+0800][1.641s][info ][gc,stats       ]   CMR: Thread Roots                 153 us, workers (us):  35,  55,  64,   0, ---, ---, ---, ---, 
[2024-08-16T20:43:20.421+0800][1.641s][info ][gc,stats       ]   CMR: VM Strong Roots                4 us, workers (us):   3,   0,   0,   1, ---, ---, ---, ---, 
[2024-08-16T20:43:20.421+0800][1.641s][info ][gc,stats       ]   CMR: CLDG Roots                    30 us, workers (us):  28,   2, ---, ---, ---, ---, ---, ---, 
[2024-08-16T20:43:20.421+0800][1.641s][info ][gc,stats       ] Concurrent Marking                 1399 us
[2024-08-16T20:43:20.421+0800][1.641s][info ][gc,stats       ] Pause Final Mark (G)                870 us
[2024-08-16T20:43:20.421+0800][1.641s][info ][gc,stats       ] Pause Final Mark (N)                703 us
[2024-08-16T20:43:20.421+0800][1.641s][info ][gc,stats       ]   Finish Mark                       491 us
[2024-08-16T20:43:20.421+0800][1.641s][info ][gc,stats       ]   Update Region States              114 us
[2024-08-16T20:43:20.421+0800][1.641s][info ][gc,stats       ]   Choose Collection Set              30 us
[2024-08-16T20:43:20.421+0800][1.641s][info ][gc,stats       ]   Rebuild Free Set                    6 us
[2024-08-16T20:43:20.421+0800][1.641s][info ][gc,stats       ] Concurrent Weak References          148 us, parallelism: 0.01x
[2024-08-16T20:43:20.421+0800][1.641s][info ][gc,stats       ]   CWRF: <total>                       2 us
[2024-08-16T20:43:20.421+0800][1.641s][info ][gc,stats       ]   CWRF: Weak References               2 us, workers (us):   2,   0,   0,   0, ---, ---, ---, ---, 
[2024-08-16T20:43:20.421+0800][1.641s][info ][gc,stats       ] Concurrent Weak Roots               621 us
[2024-08-16T20:43:20.421+0800][1.641s][info ][gc,stats       ]   Roots                             145 us, parallelism: 1.16x
[2024-08-16T20:43:20.421+0800][1.641s][info ][gc,stats       ]     CWR: <total>                    169 us
[2024-08-16T20:43:20.421+0800][1.641s][info ][gc,stats       ]     CWR: Code Cache Roots           143 us, workers (us):  74,  68,   0,   0, ---, ---, ---, ---, 
[2024-08-16T20:43:20.421+0800][1.641s][info ][gc,stats       ]     CWR: VM Weak Roots               24 us, workers (us):  23,   1,   1,   0, ---, ---, ---, ---, 
[2024-08-16T20:43:20.421+0800][1.641s][info ][gc,stats       ]     CWR: CLDG Roots                   2 us, workers (us):   2, ---, ---, ---, ---, ---, ---, ---, 
[2024-08-16T20:43:20.421+0800][1.641s][info ][gc,stats       ]   Rendezvous                        435 us
[2024-08-16T20:43:20.421+0800][1.641s][info ][gc,stats       ] Concurrent Cleanup                  239 us
[2024-08-16T20:43:20.421+0800][1.641s][info ][gc,stats       ] Concurrent Class Unloading         1346 us
[2024-08-16T20:43:20.421+0800][1.641s][info ][gc,stats       ]   Unlink Stale                     1023 us
[2024-08-16T20:43:20.421+0800][1.641s][info ][gc,stats       ]     System Dictionary                55 us
[2024-08-16T20:43:20.421+0800][1.641s][info ][gc,stats       ]     Weak Class Links                  0 us
[2024-08-16T20:43:20.421+0800][1.641s][info ][gc,stats       ]     Code Roots                      967 us
[2024-08-16T20:43:20.421+0800][1.641s][info ][gc,stats       ]   Rendezvous                        156 us
[2024-08-16T20:43:20.421+0800][1.641s][info ][gc,stats       ]   Purge Unlinked                     83 us
[2024-08-16T20:43:20.421+0800][1.641s][info ][gc,stats       ]     Code Roots                       55 us
[2024-08-16T20:43:20.421+0800][1.641s][info ][gc,stats       ]     CLDG                             28 us
[2024-08-16T20:43:20.421+0800][1.641s][info ][gc,stats       ]     Exception Caches                  0 us
[2024-08-16T20:43:20.422+0800][1.641s][info ][gc,stats       ] Pause Final Roots (G)               124 us
[2024-08-16T20:43:20.422+0800][1.641s][info ][gc,stats       ] Pause Final Roots (N)                44 us
[2024-08-16T20:43:20.422+0800][1.641s][info ][gc,stats       ] 
[2024-08-16T20:43:20.422+0800][1.641s][info ][gc,stats       ] Allocation pacing accrued:
[2024-08-16T20:43:20.422+0800][1.641s][info ][gc,stats       ]       0 of    67 ms (  0.0%): <total>
[2024-08-16T20:43:20.422+0800][1.641s][info ][gc,stats       ]       0 of    67 ms (  0.0%): <average total>
[2024-08-16T20:43:20.422+0800][1.641s][info ][gc,stats       ] 
[2024-08-16T20:43:20.422+0800][1.641s][info ][gc,metaspace   ] Metaspace: 842K(960K)->842K(960K) NonClass: 779K(832K)->779K(832K) Class: 62K(128K)->62K(128K)
[2024-08-16T20:43:20.422+0800][1.641s][info ][gc,ergo        ] Pacer for Idle. Initial: 83886K, Alloc Tax Rate: 1.0x
[2024-08-16T20:43:20.459+0800][1.679s][info ][gc             ] Trigger: Learning 5 of 5. Free (2866M) is below initial threshold (2867M)
[2024-08-16T20:43:20.459+0800][1.679s][info ][gc,ergo        ] Free: 2866M, Max: 2048K regular, 2832M humongous, Frag: 2% external, 0% internal; Reserve: 206M, Max: 2048K
[2024-08-16T20:43:20.459+0800][1.679s][info ][gc,start       ] GC(4) Concurrent reset
[2024-08-16T20:43:20.459+0800][1.679s][info ][gc,task        ] GC(4) Using 4 of 8 workers for concurrent reset
[2024-08-16T20:43:20.459+0800][1.679s][info ][gc,ergo        ] GC(4) Pacer for Reset. Non-Taxable: 4096M
[2024-08-16T20:43:20.460+0800][1.680s][info ][gc             ] GC(4) Concurrent reset 0.815ms
[2024-08-16T20:43:20.460+0800][1.680s][info ][gc,start       ] GC(4) Pause Init Mark (unload classes)
[2024-08-16T20:43:20.460+0800][1.680s][info ][gc,task        ] GC(4) Using 8 of 8 workers for init marking
[2024-08-16T20:43:20.460+0800][1.680s][info ][gc,ergo        ] GC(4) Pacer for Mark. Expected Live: 405M, Free: 2864M, Non-Taxable: 286M, Alloc Tax Rate: 0.2x
[2024-08-16T20:43:20.460+0800][1.680s][info ][gc             ] GC(4) Pause Init Mark (unload classes) 0.204ms
[2024-08-16T20:43:20.460+0800][1.680s][info ][gc,start       ] GC(4) Concurrent marking roots
[2024-08-16T20:43:20.460+0800][1.680s][info ][gc,task        ] GC(4) Using 4 of 8 workers for concurrent marking roots
[2024-08-16T20:43:20.460+0800][1.680s][debug][gc,tlab        ] GC(4) TLAB totals: thrds: 1  refills: 1 max: 1 slow allocs: 52 max 52 waste: 79.0% gc: 828464B max: 828464B slow: 0B max: 0B
[2024-08-16T20:43:20.461+0800][1.680s][info ][gc             ] GC(4) Concurrent marking roots 0.218ms
[2024-08-16T20:43:20.461+0800][1.680s][info ][gc,start       ] GC(4) Concurrent marking (unload classes)
[2024-08-16T20:43:20.461+0800][1.680s][info ][gc,task        ] GC(4) Using 4 of 8 workers for concurrent marking
[2024-08-16T20:43:20.461+0800][1.681s][info ][gc             ] GC(4) Concurrent marking (unload classes) 0.511ms
[2024-08-16T20:43:20.461+0800][1.681s][info ][gc,start       ] GC(4) Pause Final Mark (unload classes)
[2024-08-16T20:43:20.461+0800][1.681s][info ][gc,task        ] GC(4) Using 8 of 8 workers for final marking
[2024-08-16T20:43:20.462+0800][1.681s][info ][gc,ergo        ] GC(4) Adaptive CSet Selection. Target Free: 580M, Actual Free: 3064M, Max CSet: 170M, Min Garbage: 0B
[2024-08-16T20:43:20.462+0800][1.681s][info ][gc,ergo        ] GC(4) Collectable Garbage: 5274K (99%), Immediate: 0B (0%), CSet: 5274K (99%)
[2024-08-16T20:43:20.462+0800][1.681s][info ][gc,ergo        ] GC(4) Pacer for Evacuation. Used CSet: 9689K, Free: 3367M, Non-Taxable: 336M, Alloc Tax Rate: 1.1x
[2024-08-16T20:43:20.462+0800][1.681s][info ][gc             ] GC(4) Pause Final Mark (unload classes) 0.575ms
[2024-08-16T20:43:20.462+0800][1.682s][info ][gc,start       ] GC(4) Concurrent thread roots
[2024-08-16T20:43:20.462+0800][1.682s][info ][gc,task        ] GC(4) Using 4 of 8 workers for Concurrent thread roots
[2024-08-16T20:43:20.462+0800][1.682s][info ][gc             ] GC(4) Concurrent thread roots 0.162ms
[2024-08-16T20:43:20.462+0800][1.682s][info ][gc,start       ] GC(4) Concurrent weak references
[2024-08-16T20:43:20.462+0800][1.682s][info ][gc,task        ] GC(4) Using 4 of 8 workers for concurrent weak references
[2024-08-16T20:43:20.462+0800][1.682s][info ][gc,ref         ] GC(4) Encountered references: Soft: 104, Weak: 193, Final: 0, Phantom: 1
[2024-08-16T20:43:20.462+0800][1.682s][info ][gc,ref         ] GC(4) Discovered  references: Soft: 0, Weak: 20, Final: 0, Phantom: 1
[2024-08-16T20:43:20.462+0800][1.682s][info ][gc,ref         ] GC(4) Enqueued    references: Soft: 0, Weak: 0, Final: 0, Phantom: 0
[2024-08-16T20:43:20.462+0800][1.682s][info ][gc             ] GC(4) Concurrent weak references 0.081ms
[2024-08-16T20:43:20.462+0800][1.682s][info ][gc,start       ] GC(4) Concurrent weak roots
[2024-08-16T20:43:20.462+0800][1.682s][info ][gc,task        ] GC(4) Using 4 of 8 workers for concurrent weak root
[2024-08-16T20:43:20.462+0800][1.682s][info ][gc             ] GC(4) Concurrent weak roots 0.230ms
[2024-08-16T20:43:20.462+0800][1.682s][info ][gc,start       ] GC(4) Concurrent cleanup
[2024-08-16T20:43:20.463+0800][1.682s][info ][gc             ] GC(4) Concurrent cleanup 521M->521M(1060M) 0.091ms
[2024-08-16T20:43:20.463+0800][1.682s][info ][gc,ergo        ] GC(4) Free: 3367M, Max: 2048K regular, 2832M humongous, Frag: 1% external, 13% internal; Reserve: 205M, Max: 2048K
[2024-08-16T20:43:20.463+0800][1.682s][info ][gc,start       ] GC(4) Concurrent class unloading
[2024-08-16T20:43:20.463+0800][1.682s][info ][gc,task        ] GC(4) Using 4 of 8 workers for concurrent class unloading
[2024-08-16T20:43:20.463+0800][1.682s][debug][gc,phases,start] GC(4) ClassLoaderData
[2024-08-16T20:43:20.463+0800][1.682s][debug][gc,phases      ] GC(4) ClassLoaderData 0.005ms
[2024-08-16T20:43:20.463+0800][1.682s][debug][gc,phases,start] GC(4) Trigger cleanups
[2024-08-16T20:43:20.463+0800][1.682s][debug][gc,phases      ] GC(4) Trigger cleanups 0.003ms
[2024-08-16T20:43:20.463+0800][1.683s][info ][gc             ] GC(4) Concurrent class unloading 0.415ms
[2024-08-16T20:43:20.463+0800][1.683s][info ][gc,start       ] GC(4) Concurrent strong roots
[2024-08-16T20:43:20.463+0800][1.683s][info ][gc,task        ] GC(4) Using 4 of 8 workers for concurrent strong root
[2024-08-16T20:43:20.463+0800][1.683s][info ][gc             ] GC(4) Concurrent strong roots 0.193ms
[2024-08-16T20:43:20.463+0800][1.683s][info ][gc,start       ] GC(4) Concurrent evacuation
[2024-08-16T20:43:20.463+0800][1.683s][info ][gc,task        ] GC(4) Using 4 of 8 workers for concurrent evacuation
[2024-08-16T20:43:20.464+0800][1.684s][info ][gc             ] GC(4) Concurrent evacuation 1.234ms
[2024-08-16T20:43:20.465+0800][1.684s][info ][gc,start       ] GC(4) Pause Init Update Refs
[2024-08-16T20:43:20.465+0800][1.684s][info ][gc,ergo        ] GC(4) Pacer for Update Refs. Used: 528M, Free: 2928M, Non-Taxable: 292M, Alloc Tax Rate: 1.1x
[2024-08-16T20:43:20.465+0800][1.684s][info ][gc             ] GC(4) Pause Init Update Refs 0.029ms
[2024-08-16T20:43:20.465+0800][1.684s][info ][gc,start       ] GC(4) Concurrent update references
[2024-08-16T20:43:20.465+0800][1.684s][info ][gc,task        ] GC(4) Using 4 of 8 workers for concurrent reference update
[2024-08-16T20:43:20.466+0800][1.685s][info ][gc             ] GC(4) Concurrent update references 0.931ms
[2024-08-16T20:43:20.466+0800][1.685s][info ][gc,start       ] GC(4) Concurrent update thread roots
[2024-08-16T20:43:20.466+0800][1.685s][info ][gc             ] GC(4) Concurrent update thread roots 0.203ms
[2024-08-16T20:43:20.466+0800][1.686s][info ][gc,start       ] GC(4) Pause Final Update Refs
[2024-08-16T20:43:20.466+0800][1.686s][info ][gc,task        ] GC(4) Using 8 of 8 workers for final reference update
[2024-08-16T20:43:20.466+0800][1.686s][info ][gc             ] GC(4) Pause Final Update Refs 0.115ms
[2024-08-16T20:43:20.466+0800][1.686s][info ][gc,start       ] GC(4) Concurrent cleanup
[2024-08-16T20:43:20.466+0800][1.686s][info ][gc             ] GC(4) Concurrent cleanup 528M->518M(1066M) 0.090ms
[2024-08-16T20:43:20.466+0800][1.686s][debug][gc,ergo        ] GC(4) Available: 3371 MB, z-score=0.638. Average available: 3238.9 MB +/- 207.3 MB.
[2024-08-16T20:43:20.466+0800][1.686s][info ][gc,ergo        ] Free: 3371M, Max: 2048K regular, 2826M humongous, Frag: 2% external, 13% internal; Reserve: 206M, Max: 2048K
[2024-08-16T20:43:20.466+0800][1.686s][info ][gc,stats       ] 
[2024-08-16T20:43:20.466+0800][1.686s][info ][gc,stats       ] All times are wall-clock times, except per-root-class counters, that are sum over
[2024-08-16T20:43:20.466+0800][1.686s][info ][gc,stats       ] all workers. Dividing the <total> over the root stage time estimates parallelism.
[2024-08-16T20:43:20.466+0800][1.686s][info ][gc,stats       ] 
[2024-08-16T20:43:20.466+0800][1.686s][info ][gc,stats       ] Concurrent Reset                    847 us
[2024-08-16T20:43:20.466+0800][1.686s][info ][gc,stats       ] Pause Init Mark (G)                 310 us
[2024-08-16T20:43:20.466+0800][1.686s][info ][gc,stats       ] Pause Init Mark (N)                 233 us
[2024-08-16T20:43:20.466+0800][1.686s][info ][gc,stats       ]   Update Region States              152 us
[2024-08-16T20:43:20.466+0800][1.686s][info ][gc,stats       ] Concurrent Mark Roots               262 us, parallelism: 0.82x
[2024-08-16T20:43:20.466+0800][1.686s][info ][gc,stats       ]   CMR: <total>                      214 us
[2024-08-16T20:43:20.466+0800][1.686s][info ][gc,stats       ]   CMR: Thread Roots                 185 us, workers (us):  68,  79,  38,   0, ---, ---, ---, ---, 
[2024-08-16T20:43:20.466+0800][1.686s][info ][gc,stats       ]   CMR: VM Strong Roots                3 us, workers (us):   2,   0,   0,   0, ---, ---, ---, ---, 
[2024-08-16T20:43:20.466+0800][1.686s][info ][gc,stats       ]   CMR: CLDG Roots                    26 us, workers (us):  24,   1, ---, ---, ---, ---, ---, ---, 
[2024-08-16T20:43:20.466+0800][1.686s][info ][gc,stats       ] Concurrent Marking                  539 us
[2024-08-16T20:43:20.466+0800][1.686s][info ][gc,stats       ] Pause Final Mark (G)                805 us
[2024-08-16T20:43:20.466+0800][1.686s][info ][gc,stats       ] Pause Final Mark (N)                613 us
[2024-08-16T20:43:20.466+0800][1.686s][info ][gc,stats       ]   Finish Mark                       383 us
[2024-08-16T20:43:20.466+0800][1.686s][info ][gc,stats       ]   Update Region States               95 us
[2024-08-16T20:43:20.466+0800][1.686s][info ][gc,stats       ]   Choose Collection Set              58 us
[2024-08-16T20:43:20.466+0800][1.686s][info ][gc,stats       ]   Rebuild Free Set                   10 us
[2024-08-16T20:43:20.466+0800][1.686s][info ][gc,stats       ] Concurrent Thread Roots             195 us, parallelism: 0.54x
[2024-08-16T20:43:20.466+0800][1.686s][info ][gc,stats       ]   CTR: <total>                      105 us
[2024-08-16T20:43:20.466+0800][1.686s][info ][gc,stats       ]   CTR: Thread Roots                 105 us, workers (us):  90,  15,   0,   0, ---, ---, ---, ---, 
[2024-08-16T20:43:20.466+0800][1.686s][info ][gc,stats       ] Concurrent Weak References          102 us, parallelism: 0.07x
[2024-08-16T20:43:20.466+0800][1.686s][info ][gc,stats       ]   CWRF: <total>                       7 us
[2024-08-16T20:43:20.466+0800][1.686s][info ][gc,stats       ]   CWRF: Weak References               7 us, workers (us):   7,   0,   0,   0, ---, ---, ---, ---, 
[2024-08-16T20:43:20.466+0800][1.686s][info ][gc,stats       ] Concurrent Weak Roots               255 us
[2024-08-16T20:43:20.466+0800][1.686s][info ][gc,stats       ]   Roots                             171 us, parallelism: 1.30x
[2024-08-16T20:43:20.466+0800][1.686s][info ][gc,stats       ]     CWR: <total>                    222 us
[2024-08-16T20:43:20.466+0800][1.686s][info ][gc,stats       ]     CWR: Code Cache Roots            73 us, workers (us):  40,  33,   0,   0, ---, ---, ---, ---, 
[2024-08-16T20:43:20.466+0800][1.686s][info ][gc,stats       ]     CWR: VM Weak Roots              148 us, workers (us):  78,  70,   1,   0, ---, ---, ---, ---, 
[2024-08-16T20:43:20.466+0800][1.686s][info ][gc,stats       ]     CWR: CLDG Roots                   1 us, workers (us): ---,   1, ---, ---, ---, ---, ---, ---, 
[2024-08-16T20:43:20.466+0800][1.686s][info ][gc,stats       ]   Rendezvous                         49 us
[2024-08-16T20:43:20.466+0800][1.686s][info ][gc,stats       ] Concurrent Cleanup                  117 us
[2024-08-16T20:43:20.466+0800][1.686s][info ][gc,stats       ] Concurrent Class Unloading          448 us
[2024-08-16T20:43:20.466+0800][1.686s][info ][gc,stats       ]   Unlink Stale                      298 us
[2024-08-16T20:43:20.466+0800][1.686s][info ][gc,stats       ]     System Dictionary                17 us
[2024-08-16T20:43:20.466+0800][1.686s][info ][gc,stats       ]     Weak Class Links                  0 us
[2024-08-16T20:43:20.466+0800][1.686s][info ][gc,stats       ]     Code Roots                      280 us
[2024-08-16T20:43:20.466+0800][1.686s][info ][gc,stats       ]   Rendezvous                         49 us
[2024-08-16T20:43:20.466+0800][1.686s][info ][gc,stats       ]   Purge Unlinked                     58 us
[2024-08-16T20:43:20.466+0800][1.686s][info ][gc,stats       ]     Code Roots                       45 us
[2024-08-16T20:43:20.466+0800][1.686s][info ][gc,stats       ]     CLDG                             13 us
[2024-08-16T20:43:20.466+0800][1.686s][info ][gc,stats       ]     Exception Caches                  0 us
[2024-08-16T20:43:20.466+0800][1.686s][info ][gc,stats       ] Concurrent Strong Roots             218 us, parallelism: 0.68x
[2024-08-16T20:43:20.466+0800][1.686s][info ][gc,stats       ]   CSR: <total>                      149 us
[2024-08-16T20:43:20.466+0800][1.686s][info ][gc,stats       ]   CSR: VM Strong Roots               14 us, workers (us):  14,   0,   0,   0, ---, ---, ---, ---, 
[2024-08-16T20:43:20.466+0800][1.686s][info ][gc,stats       ]   CSR: CLDG Roots                   135 us, workers (us): 128,   7, ---, ---, ---, ---, ---, ---, 
[2024-08-16T20:43:20.466+0800][1.686s][info ][gc,stats       ] Concurrent Evacuation              1288 us
[2024-08-16T20:43:20.466+0800][1.686s][info ][gc,stats       ] Pause Init Update Refs (G)          138 us
[2024-08-16T20:43:20.466+0800][1.686s][info ][gc,stats       ] Pause Init Update Refs (N)           57 us
[2024-08-16T20:43:20.466+0800][1.686s][info ][gc,stats       ]   Manage GCLABs                       3 us
[2024-08-16T20:43:20.466+0800][1.686s][info ][gc,stats       ] Concurrent Update Refs              965 us
[2024-08-16T20:43:20.466+0800][1.686s][info ][gc,stats       ] Concurrent Update Thread Roots      235 us
[2024-08-16T20:43:20.466+0800][1.686s][info ][gc,stats       ] Pause Final Update Refs (G)         191 us
[2024-08-16T20:43:20.466+0800][1.686s][info ][gc,stats       ] Pause Final Update Refs (N)         140 us
[2024-08-16T20:43:20.466+0800][1.686s][info ][gc,stats       ]   Update Region States               85 us
[2024-08-16T20:43:20.466+0800][1.686s][info ][gc,stats       ]   Trash Collection Set                2 us
[2024-08-16T20:43:20.466+0800][1.686s][info ][gc,stats       ]   Rebuild Free Set                   11 us
[2024-08-16T20:43:20.466+0800][1.686s][info ][gc,stats       ] Concurrent Cleanup                  110 us
[2024-08-16T20:43:20.466+0800][1.686s][info ][gc,stats       ] 
[2024-08-16T20:43:20.466+0800][1.686s][info ][gc,stats       ] Allocation pacing accrued:
[2024-08-16T20:43:20.466+0800][1.686s][info ][gc,stats       ]       0 of    45 ms (  0.0%): <total>
[2024-08-16T20:43:20.466+0800][1.686s][info ][gc,stats       ]       0 of    45 ms (  0.0%): <average total>
[2024-08-16T20:43:20.466+0800][1.686s][info ][gc,stats       ] 
[2024-08-16T20:43:20.466+0800][1.686s][info ][gc,metaspace   ] Metaspace: 842K(960K)->842K(960K) NonClass: 779K(832K)->779K(832K) Class: 62K(128K)->62K(128K)
[2024-08-16T20:43:20.466+0800][1.686s][info ][gc,ergo        ] Pacer for Idle. Initial: 83886K, Alloc Tax Rate: 1.0x
[2024-08-16T20:43:20.975+0800][2.194s][debug][gc,nmethod     ] Register NMethod: java.util.HashMap.resize [0x00007f5c50bdca10] (c2)
[2024-08-16T20:43:21.123+0800][2.342s][debug][gc,nmethod     ] Register NMethod: java.lang.StringConcatHelper.mix [0x00007f5c50bddb90] (c2)
[2024-08-16T20:43:21.181+0800][2.401s][debug][gc,nmethod     ] Register NMethod: java.util.ArrayList$Itr.next [0x00007f5c50bddf90] (c2)
[2024-08-16T20:43:21.213+0800][2.432s][debug][gc,nmethod     ] Register NMethod: java.util.stream.ReduceOps$3ReducingSink.accept [0x00007f5c50bde490] (c2)
[2024-08-16T20:43:21.215+0800][2.434s][debug][gc,nmethod     ] Register NMethod: java.lang.StringConcatHelper.prepend [0x00007f5c50bdef90] (c2)
[2024-08-16T20:43:21.281+0800][2.500s][debug][gc,nmethod     ] Register NMethod: java.util.stream.Sink$ChainedReference.end [0x00007f5c50bdf710] (c2)
[2024-08-16T20:43:21.342+0800][2.561s][debug][gc,nmethod     ] Register NMethod: java.util.stream.Sink.begin [0x00007f5c50bdfa10] (c2)
[2024-08-16T20:43:21.869+0800][3.089s][debug][gc,nmethod     ] Register NMethod: java.util.stream.ReferencePipeline.forEachWithCancel [0x00007f5c50bdfd10] (c2)
[2024-08-16T20:43:22.071+0800][3.290s][debug][gc,nmethod     ] Register NMethod: java.util.stream.AbstractPipeline.evaluate [0x00007f5c50be0310] (c2)
[2024-08-16T20:43:22.072+0800][3.292s][debug][gc,nmethod     ] Register NMethod: java.util.stream.AbstractPipeline.sourceSpliterator [0x00007f5c50be5290] (c2)
[2024-08-16T20:43:22.507+0800][3.727s][debug][gc,nmethod     ] Register NMethod: java.util.ArrayList.add [0x00007f5c50be5710] (c2)
[2024-08-16T20:43:22.912+0800][4.131s][info ][gc             ] Trigger: Free (408M) is below minimum threshold (409M)
[2024-08-16T20:43:22.912+0800][4.132s][info ][gc,ergo        ] Free: 408M, Max: 2048K regular, 402M humongous, Frag: 0% external, 1% internal; Reserve: 206M, Max: 2048K
[2024-08-16T20:43:22.912+0800][4.132s][info ][gc,start       ] GC(5) Concurrent reset
[2024-08-16T20:43:22.912+0800][4.132s][info ][gc,task        ] GC(5) Using 4 of 8 workers for concurrent reset
[2024-08-16T20:43:22.912+0800][4.132s][info ][gc,ergo        ] GC(5) Pacer for Reset. Non-Taxable: 4096M
[2024-08-16T20:43:22.913+0800][4.133s][info ][gc             ] GC(5) Concurrent reset 0.994ms
[2024-08-16T20:43:22.913+0800][4.133s][info ][gc,start       ] GC(5) Pause Init Mark (unload classes)
[2024-08-16T20:43:22.913+0800][4.133s][info ][gc,task        ] GC(5) Using 8 of 8 workers for init marking
[2024-08-16T20:43:22.913+0800][4.133s][info ][gc,ergo        ] GC(5) Pacer for Mark. Expected Live: 427M, Free: 408M, Non-Taxable: 41787K, Alloc Tax Rate: 1.3x
[2024-08-16T20:43:22.913+0800][4.133s][info ][gc             ] GC(5) Pause Init Mark (unload classes) 0.207ms
[2024-08-16T20:43:22.913+0800][4.133s][info ][gc,start       ] GC(5) Concurrent marking roots
[2024-08-16T20:43:22.913+0800][4.133s][info ][gc,task        ] GC(5) Using 4 of 8 workers for concurrent marking roots
[2024-08-16T20:43:22.913+0800][4.133s][debug][gc,tlab        ] GC(5) TLAB totals: thrds: 1  refills: 1 max: 1 slow allocs: 1 max 1 waste: 99.6% gc: 1044328B max: 1044328B slow: 0B max: 0B
[2024-08-16T20:43:22.914+0800][4.133s][info ][gc             ] GC(5) Concurrent marking roots 0.315ms
[2024-08-16T20:43:22.914+0800][4.133s][info ][gc,start       ] GC(5) Concurrent marking (unload classes)
[2024-08-16T20:43:22.914+0800][4.133s][info ][gc,task        ] GC(5) Using 4 of 8 workers for concurrent marking
[2024-08-16T20:43:22.929+0800][4.149s][info ][gc             ] GC(5) Concurrent marking (unload classes) 15.316ms
[2024-08-16T20:43:22.929+0800][4.149s][info ][gc,start       ] GC(5) Pause Final Mark (unload classes)
[2024-08-16T20:43:22.929+0800][4.149s][info ][gc,task        ] GC(5) Using 8 of 8 workers for final marking
[2024-08-16T20:43:22.930+0800][4.149s][info ][gc,ergo        ] GC(5) Collectable Garbage: 599M (98%), Immediate: 599M (98%), CSet: 0B (0%)
[2024-08-16T20:43:22.930+0800][4.149s][info ][gc             ] GC(5) Pause Final Mark (unload classes) 0.565ms
[2024-08-16T20:43:22.930+0800][4.149s][info ][gc,start       ] GC(5) Concurrent weak references
[2024-08-16T20:43:22.930+0800][4.149s][info ][gc,task        ] GC(5) Using 4 of 8 workers for concurrent weak references
[2024-08-16T20:43:22.930+0800][4.150s][info ][gc,ref         ] GC(5) Encountered references: Soft: 104, Weak: 193, Final: 0, Phantom: 1
[2024-08-16T20:43:22.930+0800][4.150s][info ][gc,ref         ] GC(5) Discovered  references: Soft: 0, Weak: 0, Final: 0, Phantom: 1
[2024-08-16T20:43:22.930+0800][4.150s][info ][gc,ref         ] GC(5) Enqueued    references: Soft: 0, Weak: 0, Final: 0, Phantom: 0
[2024-08-16T20:43:22.930+0800][4.150s][info ][gc             ] GC(5) Concurrent weak references 0.113ms
[2024-08-16T20:43:22.930+0800][4.150s][info ][gc,start       ] GC(5) Concurrent weak roots
[2024-08-16T20:43:22.930+0800][4.150s][info ][gc,task        ] GC(5) Using 4 of 8 workers for concurrent weak root
[2024-08-16T20:43:22.931+0800][4.150s][info ][gc             ] GC(5) Concurrent weak roots 0.622ms
[2024-08-16T20:43:22.931+0800][4.150s][info ][gc,start       ] GC(5) Concurrent cleanup
[2024-08-16T20:43:22.931+0800][4.150s][info ][gc             ] GC(5) Concurrent cleanup 1758M->1159M(3502M) 0.107ms
[2024-08-16T20:43:22.931+0800][4.150s][info ][gc,ergo        ] GC(5) Free: 1587M, Max: 2048K regular, 1188M humongous, Frag: 25% external, 0% internal; Reserve: 206M, Max: 2048K
[2024-08-16T20:43:22.931+0800][4.150s][info ][gc,start       ] GC(5) Concurrent class unloading
[2024-08-16T20:43:22.931+0800][4.150s][info ][gc,task        ] GC(5) Using 4 of 8 workers for concurrent class unloading
[2024-08-16T20:43:22.931+0800][4.150s][debug][gc,phases,start] GC(5) ClassLoaderData
[2024-08-16T20:43:22.931+0800][4.150s][debug][gc,phases      ] GC(5) ClassLoaderData 0.006ms
[2024-08-16T20:43:22.931+0800][4.150s][debug][gc,phases,start] GC(5) Trigger cleanups
[2024-08-16T20:43:22.931+0800][4.150s][debug][gc,phases      ] GC(5) Trigger cleanups 0.003ms
[2024-08-16T20:43:22.931+0800][4.151s][info ][gc             ] GC(5) Concurrent class unloading 0.399ms
[2024-08-16T20:43:22.931+0800][4.151s][info ][gc,start       ] GC(5) Pause Final Roots
[2024-08-16T20:43:22.931+0800][4.151s][info ][gc             ] GC(5) Pause Final Roots 0.011ms
[2024-08-16T20:43:22.931+0800][4.151s][debug][gc,ergo        ] GC(5) Available: 1587 MB, z-score=-2.137. Average available: 2963.6 MB +/- 644.0 MB.
[2024-08-16T20:43:22.931+0800][4.151s][info ][gc,ergo        ] Free: 1587M, Max: 2048K regular, 1188M humongous, Frag: 25% external, 0% internal; Reserve: 206M, Max: 2048K
[2024-08-16T20:43:22.931+0800][4.151s][info ][gc,stats       ] 
[2024-08-16T20:43:22.931+0800][4.151s][info ][gc,stats       ] All times are wall-clock times, except per-root-class counters, that are sum over
[2024-08-16T20:43:22.931+0800][4.151s][info ][gc,stats       ] all workers. Dividing the <total> over the root stage time estimates parallelism.
[2024-08-16T20:43:22.931+0800][4.151s][info ][gc,stats       ] 
[2024-08-16T20:43:22.931+0800][4.151s][info ][gc,stats       ] Concurrent Reset                   1058 us
[2024-08-16T20:43:22.931+0800][4.151s][info ][gc,stats       ] Pause Init Mark (G)                 381 us
[2024-08-16T20:43:22.931+0800][4.151s][info ][gc,stats       ] Pause Init Mark (N)                 220 us
[2024-08-16T20:43:22.931+0800][4.151s][info ][gc,stats       ]   Update Region States              114 us
[2024-08-16T20:43:22.931+0800][4.151s][info ][gc,stats       ] Concurrent Mark Roots               413 us, parallelism: 0.72x
[2024-08-16T20:43:22.931+0800][4.151s][info ][gc,stats       ]   CMR: <total>                      299 us
[2024-08-16T20:43:22.931+0800][4.151s][info ][gc,stats       ]   CMR: Thread Roots                 214 us, workers (us):  68,  52,  45,  49, ---, ---, ---, ---, 
[2024-08-16T20:43:22.931+0800][4.151s][info ][gc,stats       ]   CMR: VM Strong Roots               16 us, workers (us):  15,   0,   0,   0, ---, ---, ---, ---, 
[2024-08-16T20:43:22.931+0800][4.151s][info ][gc,stats       ]   CMR: CLDG Roots                    69 us, workers (us):  69, ---, ---, ---, ---, ---, ---, ---, 
[2024-08-16T20:43:22.931+0800][4.151s][info ][gc,stats       ] Concurrent Marking                15363 us
[2024-08-16T20:43:22.931+0800][4.151s][info ][gc,stats       ] Pause Final Mark (G)                717 us
[2024-08-16T20:43:22.931+0800][4.151s][info ][gc,stats       ] Pause Final Mark (N)                595 us
[2024-08-16T20:43:22.931+0800][4.151s][info ][gc,stats       ]   Finish Mark                       346 us
[2024-08-16T20:43:22.931+0800][4.151s][info ][gc,stats       ]   Update Region States               94 us
[2024-08-16T20:43:22.931+0800][4.151s][info ][gc,stats       ]   Choose Collection Set              69 us
[2024-08-16T20:43:22.931+0800][4.151s][info ][gc,stats       ]   Rebuild Free Set                   11 us
[2024-08-16T20:43:22.931+0800][4.151s][info ][gc,stats       ] Concurrent Weak References          140 us, parallelism: 0.01x
[2024-08-16T20:43:22.931+0800][4.151s][info ][gc,stats       ]   CWRF: <total>                       2 us
[2024-08-16T20:43:22.931+0800][4.151s][info ][gc,stats       ]   CWRF: Weak References               2 us, workers (us):   1,   0,   0,   0, ---, ---, ---, ---, 
[2024-08-16T20:43:22.931+0800][4.151s][info ][gc,stats       ] Concurrent Weak Roots               649 us
[2024-08-16T20:43:22.931+0800][4.151s][info ][gc,stats       ]   Roots                             160 us, parallelism: 1.10x
[2024-08-16T20:43:22.931+0800][4.151s][info ][gc,stats       ]     CWR: <total>                    176 us
[2024-08-16T20:43:22.931+0800][4.151s][info ][gc,stats       ]     CWR: Code Cache Roots           148 us, workers (us):  82,  65,   0,   0, ---, ---, ---, ---, 
[2024-08-16T20:43:22.931+0800][4.151s][info ][gc,stats       ]     CWR: VM Weak Roots               26 us, workers (us):  16,   9,   1,   0, ---, ---, ---, ---, 
[2024-08-16T20:43:22.931+0800][4.151s][info ][gc,stats       ]     CWR: CLDG Roots                   2 us, workers (us):   2, ---, ---, ---, ---, ---, ---, ---, 
[2024-08-16T20:43:22.931+0800][4.151s][info ][gc,stats       ]   Rendezvous                        451 us
[2024-08-16T20:43:22.931+0800][4.151s][info ][gc,stats       ] Concurrent Cleanup                  127 us
[2024-08-16T20:43:22.931+0800][4.151s][info ][gc,stats       ] Concurrent Class Unloading          427 us
[2024-08-16T20:43:22.931+0800][4.151s][info ][gc,stats       ]   Unlink Stale                      286 us
[2024-08-16T20:43:22.931+0800][4.151s][info ][gc,stats       ]     System Dictionary                18 us
[2024-08-16T20:43:22.931+0800][4.151s][info ][gc,stats       ]     Weak Class Links                  0 us
[2024-08-16T20:43:22.931+0800][4.151s][info ][gc,stats       ]     Code Roots                      267 us
[2024-08-16T20:43:22.931+0800][4.151s][info ][gc,stats       ]   Rendezvous                         49 us
[2024-08-16T20:43:22.931+0800][4.151s][info ][gc,stats       ]   Purge Unlinked                     54 us
[2024-08-16T20:43:22.931+0800][4.151s][info ][gc,stats       ]     Code Roots                       43 us
[2024-08-16T20:43:22.931+0800][4.151s][info ][gc,stats       ]     CLDG                             10 us
[2024-08-16T20:43:22.931+0800][4.151s][info ][gc,stats       ]     Exception Caches                  0 us
[2024-08-16T20:43:22.931+0800][4.151s][info ][gc,stats       ] Pause Final Roots (G)                84 us
[2024-08-16T20:43:22.931+0800][4.151s][info ][gc,stats       ] Pause Final Roots (N)                31 us
[2024-08-16T20:43:22.931+0800][4.151s][info ][gc,stats       ] Pacing                             3915 us
[2024-08-16T20:43:22.931+0800][4.151s][info ][gc,stats       ] 
[2024-08-16T20:43:22.931+0800][4.151s][info ][gc,stats       ] Allocation pacing accrued:
[2024-08-16T20:43:22.931+0800][4.151s][info ][gc,stats       ]       4 of  2465 ms (  0.2%): main
[2024-08-16T20:43:22.931+0800][4.151s][info ][gc,stats       ]       4 of  2465 ms (  0.2%): <total>
[2024-08-16T20:43:22.931+0800][4.151s][info ][gc,stats       ]       0 of  2465 ms (  0.0%): <average total>
[2024-08-16T20:43:22.931+0800][4.151s][info ][gc,stats       ]       4 of  2465 ms (  0.2%): <average non-zero>
[2024-08-16T20:43:22.931+0800][4.151s][info ][gc,stats       ] 
[2024-08-16T20:43:22.932+0800][4.151s][info ][gc,metaspace   ] Metaspace: 842K(960K)->842K(960K) NonClass: 779K(832K)->779K(832K) Class: 62K(128K)->62K(128K)
[2024-08-16T20:43:22.932+0800][4.151s][info ][gc,ergo        ] Pacer for Idle. Initial: 83886K, Alloc Tax Rate: 1.0x
[2024-08-16T20:43:22.937+0800][4.156s][debug][gc,nmethod     ] Register NMethod: java.util.stream.AbstractPipeline.<init> [0x00007f5c50be5f90] (c2)
[2024-08-16T20:43:23.239+0800][4.459s][debug][gc,nmethod     ] Register NMethod: java.util.HashMap$Values.spliterator [0x00007f5c50be6590] (c2)
[2024-08-16T20:43:23.380+0800][4.600s][debug][gc,nmethod     ] Register NMethod: jdk.internal.misc.Unsafe.allocateUninitializedArray [0x00007f5c50be6910] (c2)
[2024-08-16T20:43:23.415+0800][4.634s][debug][gc,nmethod     ] Register NMethod: jdk.internal.misc.Unsafe.allocateUninitializedArray0 [0x00007f5c50be6e10] (c2)
[2024-08-16T20:43:23.464+0800][4.684s][debug][gc,nmethod     ] Register NMethod: jdk.internal.misc.Unsafe.allocateUninitializedArray [0x00007f5c50be7290] (c2)
[2024-08-16T20:43:23.471+0800][4.690s][debug][gc,nmethod     ] Register NMethod: java.lang.String.checkBoundsOffCount [0x00007f5c50be7710] (c2)
[2024-08-16T20:43:23.483+0800][4.702s][debug][gc,nmethod     ] Register NMethod: java.lang.StringConcatHelper.newString [0x00007f5c50be7a10] (c2)
[2024-08-16T20:43:23.504+0800][4.723s][debug][gc,nmethod     ] Register NMethod: java.util.ArrayList.iterator [0x00007f5c50be7d90] (c2)
[2024-08-16T20:43:23.540+0800][4.760s][debug][gc,nmethod     ] Register NMethod: java.util.stream.ReferencePipeline$2.opWrapSink [0x00007f5c50be8110] (c2)
[2024-08-16T20:43:23.549+0800][4.769s][debug][gc,nmethod     ] Register NMethod: sun.management.GarbageCollectorImpl.getObjectName [0x00007f5c50be8590] (c2)
[2024-08-16T20:43:23.563+0800][4.782s][debug][gc,nmethod     ] Register NMethod: java.util.stream.ReduceOps.makeRef [0x00007f5c50be9310] (c2)
[2024-08-16T20:43:23.601+0800][4.821s][debug][gc,nmethod     ] Register NMethod: java.util.ComparableTimSort.sort [0x00007f5c50be9810] (c2)
[2024-08-16T20:43:23.617+0800][4.837s][debug][gc,nmethod     ] Register NMethod: java.util.ComparableTimSort.reverseRange [0x00007f5c50bea790] (c2)
[2024-08-16T20:43:23.624+0800][4.843s][debug][gc,nmethod     ] Register NMethod: java.util.ComparableTimSort.countRunAndMakeAscending [0x00007f5c50beb210] (c2)
[2024-08-16T20:43:23.663+0800][4.883s][info ][gc             ] Trigger: Free (408M) is below minimum threshold (409M)
[2024-08-16T20:43:23.663+0800][4.883s][info ][gc,ergo        ] Free: 408M, Max: 2048K regular, 396M humongous, Frag: 2% external, 1% internal; Reserve: 206M, Max: 2048K
[2024-08-16T20:43:23.663+0800][4.883s][info ][gc,start       ] GC(6) Concurrent reset
[2024-08-16T20:43:23.663+0800][4.883s][info ][gc,task        ] GC(6) Using 4 of 8 workers for concurrent reset
[2024-08-16T20:43:23.663+0800][4.883s][info ][gc,ergo        ] GC(6) Pacer for Reset. Non-Taxable: 4096M
[2024-08-16T20:43:23.669+0800][4.888s][info ][gc             ] GC(6) Concurrent reset 5.342ms
[2024-08-16T20:43:23.669+0800][4.889s][info ][gc,start       ] GC(6) Pause Init Mark (unload classes)
[2024-08-16T20:43:23.669+0800][4.889s][info ][gc,task        ] GC(6) Using 8 of 8 workers for init marking
[2024-08-16T20:43:23.669+0800][4.889s][info ][gc,ergo        ] GC(6) Pacer for Mark. Expected Live: 604M, Free: 397M, Non-Taxable: 40661K, Alloc Tax Rate: 1.9x
[2024-08-16T20:43:23.669+0800][4.889s][info ][gc             ] GC(6) Pause Init Mark (unload classes) 0.170ms
[2024-08-16T20:43:23.669+0800][4.889s][info ][gc,start       ] GC(6) Concurrent marking roots
[2024-08-16T20:43:23.669+0800][4.889s][info ][gc,task        ] GC(6) Using 4 of 8 workers for concurrent marking roots
[2024-08-16T20:43:23.669+0800][4.889s][debug][gc,tlab        ] GC(6) TLAB totals: thrds: 1  refills: 3 max: 3 slow allocs: 599 max 599 waste: 11.3% gc: 515208B max: 515208B slow: 78944B max: 78944B
[2024-08-16T20:43:23.670+0800][4.889s][info ][gc             ] GC(6) Concurrent marking roots 0.190ms
[2024-08-16T20:43:23.670+0800][4.889s][info ][gc,start       ] GC(6) Concurrent marking (unload classes)
[2024-08-16T20:43:23.670+0800][4.889s][info ][gc,task        ] GC(6) Using 4 of 8 workers for concurrent marking
[2024-08-16T20:43:23.672+0800][4.892s][info ][gc             ] GC(6) Concurrent marking (unload classes) 2.364ms
[2024-08-16T20:43:23.672+0800][4.892s][info ][gc,start       ] GC(6) Pause Final Mark (unload classes)
[2024-08-16T20:43:23.672+0800][4.892s][info ][gc,task        ] GC(6) Using 8 of 8 workers for final marking
[2024-08-16T20:43:23.673+0800][4.892s][info ][gc,ergo        ] GC(6) Collectable Garbage: 301M (96%), Immediate: 301M (96%), CSet: 0B (0%)
[2024-08-16T20:43:23.673+0800][4.892s][info ][gc             ] GC(6) Pause Final Mark (unload classes) 0.673ms
[2024-08-16T20:43:23.673+0800][4.893s][info ][gc,start       ] GC(6) Concurrent weak references
[2024-08-16T20:43:23.673+0800][4.893s][info ][gc,task        ] GC(6) Using 4 of 8 workers for concurrent weak references
[2024-08-16T20:43:23.673+0800][4.893s][info ][gc,ref         ] GC(6) Encountered references: Soft: 104, Weak: 193, Final: 0, Phantom: 1
[2024-08-16T20:43:23.673+0800][4.893s][info ][gc,ref         ] GC(6) Discovered  references: Soft: 0, Weak: 3, Final: 0, Phantom: 1
[2024-08-16T20:43:23.673+0800][4.893s][info ][gc,ref         ] GC(6) Enqueued    references: Soft: 0, Weak: 0, Final: 0, Phantom: 0
[2024-08-16T20:43:23.673+0800][4.893s][info ][gc             ] GC(6) Concurrent weak references 0.114ms
[2024-08-16T20:43:23.673+0800][4.893s][info ][gc,start       ] GC(6) Concurrent weak roots
[2024-08-16T20:43:23.673+0800][4.893s][info ][gc,task        ] GC(6) Using 4 of 8 workers for concurrent weak root
[2024-08-16T20:43:23.674+0800][4.893s][info ][gc             ] GC(6) Concurrent weak roots 0.544ms
[2024-08-16T20:43:23.674+0800][4.893s][info ][gc,start       ] GC(6) Concurrent cleanup
[2024-08-16T20:43:23.674+0800][4.893s][info ][gc             ] GC(6) Concurrent cleanup 1759M->1458M(3508M) 0.096ms
[2024-08-16T20:43:23.674+0800][4.893s][info ][gc,ergo        ] GC(6) Free: 993M, Max: 2048K regular, 600M humongous, Frag: 40% external, 0% internal; Reserve: 206M, Max: 2048K
[2024-08-16T20:43:23.674+0800][4.893s][info ][gc,start       ] GC(6) Concurrent class unloading
[2024-08-16T20:43:23.674+0800][4.893s][info ][gc,task        ] GC(6) Using 4 of 8 workers for concurrent class unloading
[2024-08-16T20:43:23.674+0800][4.893s][debug][gc,phases,start] GC(6) ClassLoaderData
[2024-08-16T20:43:23.674+0800][4.893s][debug][gc,phases      ] GC(6) ClassLoaderData 0.006ms
[2024-08-16T20:43:23.674+0800][4.893s][debug][gc,phases,start] GC(6) Trigger cleanups
[2024-08-16T20:43:23.674+0800][4.893s][debug][gc,phases      ] GC(6) Trigger cleanups 0.003ms
[2024-08-16T20:43:23.674+0800][4.894s][info ][gc             ] GC(6) Concurrent class unloading 0.594ms
[2024-08-16T20:43:23.674+0800][4.894s][info ][gc,start       ] GC(6) Pause Final Roots
[2024-08-16T20:43:23.674+0800][4.894s][info ][gc             ] GC(6) Pause Final Roots 0.037ms
[2024-08-16T20:43:23.675+0800][4.894s][debug][gc,ergo        ] GC(6) Available: 993 MB, z-score=-1.853. Average available: 2682.1 MB +/- 911.6 MB.
[2024-08-16T20:43:23.675+0800][4.894s][info ][gc,ergo        ] Free: 993M, Max: 2048K regular, 600M humongous, Frag: 40% external, 0% internal; Reserve: 206M, Max: 2048K
[2024-08-16T20:43:23.675+0800][4.894s][info ][gc,stats       ] 
[2024-08-16T20:43:23.675+0800][4.894s][info ][gc,stats       ] All times are wall-clock times, except per-root-class counters, that are sum over
[2024-08-16T20:43:23.675+0800][4.894s][info ][gc,stats       ] all workers. Dividing the <total> over the root stage time estimates parallelism.
[2024-08-16T20:43:23.675+0800][4.894s][info ][gc,stats       ] 
[2024-08-16T20:43:23.675+0800][4.894s][info ][gc,stats       ] Concurrent Reset                   5391 us
[2024-08-16T20:43:23.675+0800][4.894s][info ][gc,stats       ] Pause Init Mark (G)                 771 us
[2024-08-16T20:43:23.675+0800][4.894s][info ][gc,stats       ] Pause Init Mark (N)                 197 us
[2024-08-16T20:43:23.675+0800][4.894s][info ][gc,stats       ]   Update Region States              125 us
[2024-08-16T20:43:23.675+0800][4.894s][info ][gc,stats       ] Concurrent Mark Roots               222 us, parallelism: 0.78x
[2024-08-16T20:43:23.675+0800][4.894s][info ][gc,stats       ]   CMR: <total>                      174 us
[2024-08-16T20:43:23.675+0800][4.894s][info ][gc,stats       ]   CMR: Thread Roots                 139 us, workers (us):  29,  79,  31,   0, ---, ---, ---, ---, 
[2024-08-16T20:43:23.675+0800][4.894s][info ][gc,stats       ]   CMR: VM Strong Roots                4 us, workers (us):   3,   0,   0,   0, ---, ---, ---, ---, 
[2024-08-16T20:43:23.675+0800][4.894s][info ][gc,stats       ]   CMR: CLDG Roots                    31 us, workers (us):  30,   1, ---, ---, ---, ---, ---, ---, 
[2024-08-16T20:43:23.675+0800][4.894s][info ][gc,stats       ] Concurrent Marking                 2391 us
[2024-08-16T20:43:23.675+0800][4.894s][info ][gc,stats       ] Pause Final Mark (G)                876 us
[2024-08-16T20:43:23.675+0800][4.894s][info ][gc,stats       ] Pause Final Mark (N)                702 us
[2024-08-16T20:43:23.675+0800][4.894s][info ][gc,stats       ]   Finish Mark                       438 us
[2024-08-16T20:43:23.675+0800][4.894s][info ][gc,stats       ]   Update Region States              128 us
[2024-08-16T20:43:23.675+0800][4.894s][info ][gc,stats       ]   Choose Collection Set              64 us
[2024-08-16T20:43:23.675+0800][4.894s][info ][gc,stats       ]   Rebuild Free Set                   10 us
[2024-08-16T20:43:23.675+0800][4.894s][info ][gc,stats       ] Concurrent Weak References          135 us, parallelism: 0.01x
[2024-08-16T20:43:23.675+0800][4.894s][info ][gc,stats       ]   CWRF: <total>                       1 us
[2024-08-16T20:43:23.675+0800][4.894s][info ][gc,stats       ]   CWRF: Weak References               1 us, workers (us):   1,   0,   0,   0, ---, ---, ---, ---, 
[2024-08-16T20:43:23.675+0800][4.894s][info ][gc,stats       ] Concurrent Weak Roots               569 us
[2024-08-16T20:43:23.675+0800][4.894s][info ][gc,stats       ]   Roots                             183 us, parallelism: 1.06x
[2024-08-16T20:43:23.675+0800][4.894s][info ][gc,stats       ]     CWR: <total>                    195 us
[2024-08-16T20:43:23.675+0800][4.894s][info ][gc,stats       ]     CWR: Code Cache Roots           167 us, workers (us):  98,  66,   2,   0, ---, ---, ---, ---, 
[2024-08-16T20:43:23.675+0800][4.894s][info ][gc,stats       ]     CWR: VM Weak Roots               26 us, workers (us):  25,   1,   1,   0, ---, ---, ---, ---, 
[2024-08-16T20:43:23.675+0800][4.894s][info ][gc,stats       ]     CWR: CLDG Roots                   2 us, workers (us):   2, ---, ---, ---, ---, ---, ---, ---, 
[2024-08-16T20:43:23.675+0800][4.894s][info ][gc,stats       ]   Rendezvous                        344 us
[2024-08-16T20:43:23.675+0800][4.894s][info ][gc,stats       ] Concurrent Cleanup                  116 us
[2024-08-16T20:43:23.675+0800][4.894s][info ][gc,stats       ] Concurrent Class Unloading          633 us
[2024-08-16T20:43:23.675+0800][4.894s][info ][gc,stats       ]   Unlink Stale                      411 us
[2024-08-16T20:43:23.675+0800][4.894s][info ][gc,stats       ]     System Dictionary                18 us
[2024-08-16T20:43:23.675+0800][4.894s][info ][gc,stats       ]     Weak Class Links                  0 us
[2024-08-16T20:43:23.675+0800][4.894s][info ][gc,stats       ]     Code Roots                      392 us
[2024-08-16T20:43:23.675+0800][4.894s][info ][gc,stats       ]   Rendezvous                         93 us
[2024-08-16T20:43:23.675+0800][4.894s][info ][gc,stats       ]   Purge Unlinked                     78 us
[2024-08-16T20:43:23.675+0800][4.894s][info ][gc,stats       ]     Code Roots                       65 us
[2024-08-16T20:43:23.675+0800][4.894s][info ][gc,stats       ]     CLDG                             13 us
[2024-08-16T20:43:23.675+0800][4.894s][info ][gc,stats       ]     Exception Caches                  0 us
[2024-08-16T20:43:23.675+0800][4.894s][info ][gc,stats       ] Pause Final Roots (G)               145 us
[2024-08-16T20:43:23.675+0800][4.894s][info ][gc,stats       ] Pause Final Roots (N)                84 us
[2024-08-16T20:43:23.675+0800][4.894s][info ][gc,stats       ] 
[2024-08-16T20:43:23.675+0800][4.894s][info ][gc,stats       ] Allocation pacing accrued:
[2024-08-16T20:43:23.675+0800][4.894s][info ][gc,stats       ]       0 of   743 ms (  0.0%): <total>
[2024-08-16T20:43:23.675+0800][4.894s][info ][gc,stats       ]       0 of   743 ms (  0.0%): <average total>
[2024-08-16T20:43:23.675+0800][4.894s][info ][gc,stats       ] 
[2024-08-16T20:43:23.675+0800][4.895s][info ][gc,metaspace   ] Metaspace: 842K(960K)->842K(960K) NonClass: 779K(832K)->779K(832K) Class: 62K(128K)->62K(128K)
[2024-08-16T20:43:23.675+0800][4.895s][info ][gc,ergo        ] Pacer for Idle. Initial: 83886K, Alloc Tax Rate: 1.0x
[2024-08-16T20:43:23.698+0800][4.918s][debug][gc,nmethod     ] Register NMethod: java.util.ComparableTimSort.sort [0x00007f5c50bec310] (c2)
[2024-08-16T20:43:23.704+0800][4.924s][debug][gc,nmethod     ] Register NMethod: java.util.ComparableTimSort.countRunAndMakeAscending [0x00007f5c490c3290] (c1)
[2024-08-16T20:43:23.706+0800][4.926s][debug][gc,nmethod     ] Register NMethod: java.util.ComparableTimSort.reverseRange [0x00007f5c490c4490] (c1)
[2024-08-16T20:43:23.774+0800][4.994s][debug][gc,nmethod     ] Register NMethod: java.util.ComparableTimSort.sort [0x00007f5c50bed690] (c2)
[2024-08-16T20:43:24.044+0800][5.264s][info ][gc             ] Trigger: Free (408M) is below minimum threshold (409M)
[2024-08-16T20:43:24.044+0800][5.264s][info ][gc,ergo        ] Free: 408M, Max: 2048K regular, 390M humongous, Frag: 4% external, 1% internal; Reserve: 206M, Max: 2048K
[2024-08-16T20:43:24.044+0800][5.264s][info ][gc,start       ] GC(7) Concurrent reset
[2024-08-16T20:43:24.044+0800][5.264s][info ][gc,task        ] GC(7) Using 4 of 8 workers for concurrent reset
[2024-08-16T20:43:24.044+0800][5.264s][info ][gc,ergo        ] GC(7) Pacer for Reset. Non-Taxable: 4096M
[2024-08-16T20:43:24.046+0800][5.266s][info ][gc             ] GC(7) Concurrent reset 2.333ms
[2024-08-16T20:43:24.046+0800][5.266s][info ][gc,start       ] GC(7) Pause Init Mark (unload classes)
[2024-08-16T20:43:24.046+0800][5.266s][info ][gc,task        ] GC(7) Using 8 of 8 workers for init marking
[2024-08-16T20:43:24.047+0800][5.266s][info ][gc,ergo        ] GC(7) Pacer for Mark. Expected Live: 811M, Free: 404M, Non-Taxable: 41378K, Alloc Tax Rate: 2.5x
[2024-08-16T20:43:24.047+0800][5.266s][info ][gc             ] GC(7) Pause Init Mark (unload classes) 0.174ms
[2024-08-16T20:43:24.047+0800][5.266s][info ][gc,start       ] GC(7) Concurrent marking roots
[2024-08-16T20:43:24.047+0800][5.266s][info ][gc,task        ] GC(7) Using 4 of 8 workers for concurrent marking roots
[2024-08-16T20:43:24.047+0800][5.266s][debug][gc,tlab        ] GC(7) TLAB totals: thrds: 1  refills: 3 max: 3 slow allocs: 599 max 599 waste: 11.3% gc: 515208B max: 515208B slow: 78944B max: 78944B
[2024-08-16T20:43:24.047+0800][5.267s][info ][gc             ] GC(7) Concurrent marking roots 0.192ms
[2024-08-16T20:43:24.047+0800][5.267s][info ][gc,start       ] GC(7) Concurrent marking (unload classes)
[2024-08-16T20:43:24.047+0800][5.267s][info ][gc,task        ] GC(7) Using 4 of 8 workers for concurrent marking
[2024-08-16T20:43:24.048+0800][5.267s][info ][gc             ] GC(7) Concurrent marking (unload classes) 0.909ms
[2024-08-16T20:43:24.048+0800][5.268s][info ][gc,start       ] GC(7) Pause Final Mark (unload classes)
[2024-08-16T20:43:24.048+0800][5.268s][info ][gc,task        ] GC(7) Using 8 of 8 workers for final marking
[2024-08-16T20:43:24.048+0800][5.268s][info ][gc,ergo        ] GC(7) Collectable Garbage: 151M (93%), Immediate: 151M (93%), CSet: 0B (0%)
[2024-08-16T20:43:24.048+0800][5.268s][info ][gc             ] GC(7) Pause Final Mark (unload classes) 0.517ms
[2024-08-16T20:43:24.049+0800][5.268s][info ][gc,start       ] GC(7) Concurrent weak references
[2024-08-16T20:43:24.049+0800][5.268s][info ][gc,task        ] GC(7) Using 4 of 8 workers for concurrent weak references
[2024-08-16T20:43:24.049+0800][5.268s][info ][gc,ref         ] GC(7) Encountered references: Soft: 104, Weak: 193, Final: 0, Phantom: 1
[2024-08-16T20:43:24.049+0800][5.268s][info ][gc,ref         ] GC(7) Discovered  references: Soft: 0, Weak: 0, Final: 0, Phantom: 1
[2024-08-16T20:43:24.049+0800][5.268s][info ][gc,ref         ] GC(7) Enqueued    references: Soft: 0, Weak: 0, Final: 0, Phantom: 0
[2024-08-16T20:43:24.049+0800][5.268s][info ][gc             ] GC(7) Concurrent weak references 0.121ms
[2024-08-16T20:43:24.049+0800][5.268s][info ][gc,start       ] GC(7) Concurrent weak roots
[2024-08-16T20:43:24.049+0800][5.268s][info ][gc,task        ] GC(7) Using 4 of 8 workers for concurrent weak root
[2024-08-16T20:43:24.049+0800][5.269s][info ][gc             ] GC(7) Concurrent weak roots 0.208ms
[2024-08-16T20:43:24.049+0800][5.269s][info ][gc,start       ] GC(7) Concurrent cleanup
[2024-08-16T20:43:24.049+0800][5.269s][info ][gc             ] GC(7) Concurrent cleanup 1757M->1606M(3508M) 0.088ms
[2024-08-16T20:43:24.049+0800][5.269s][info ][gc,ergo        ] GC(7) Free: 1397M, Max: 2048K regular, 390M humongous, Frag: 44% external, 33% internal; Reserve: 206M, Max: 2048K
[2024-08-16T20:43:24.049+0800][5.269s][info ][gc,start       ] GC(7) Concurrent class unloading
[2024-08-16T20:43:24.049+0800][5.269s][info ][gc,task        ] GC(7) Using 4 of 8 workers for concurrent class unloading
[2024-08-16T20:43:24.049+0800][5.269s][debug][gc,phases,start] GC(7) ClassLoaderData
[2024-08-16T20:43:24.049+0800][5.269s][debug][gc,phases      ] GC(7) ClassLoaderData 0.006ms
[2024-08-16T20:43:24.049+0800][5.269s][debug][gc,phases,start] GC(7) Trigger cleanups
[2024-08-16T20:43:24.049+0800][5.269s][debug][gc,phases      ] GC(7) Trigger cleanups 0.003ms
[2024-08-16T20:43:24.050+0800][5.269s][info ][gc             ] GC(7) Concurrent class unloading 0.514ms
[2024-08-16T20:43:24.050+0800][5.269s][info ][gc,start       ] GC(7) Pause Final Roots
[2024-08-16T20:43:24.050+0800][5.269s][info ][gc             ] GC(7) Pause Final Roots 0.017ms
[2024-08-16T20:43:24.050+0800][5.269s][debug][gc,ergo        ] GC(7) Available: 1397 MB, z-score=-1.180. Average available: 2521.5 MB +/- 952.7 MB.
[2024-08-16T20:43:24.050+0800][5.269s][info ][gc,ergo        ] Free: 1397M, Max: 2048K regular, 390M humongous, Frag: 44% external, 33% internal; Reserve: 206M, Max: 2048K
[2024-08-16T20:43:24.050+0800][5.269s][info ][gc,stats       ] 
[2024-08-16T20:43:24.050+0800][5.269s][info ][gc,stats       ] All times are wall-clock times, except per-root-class counters, that are sum over
[2024-08-16T20:43:24.050+0800][5.269s][info ][gc,stats       ] all workers. Dividing the <total> over the root stage time estimates parallelism.
[2024-08-16T20:43:24.050+0800][5.270s][info ][gc,stats       ] 
[2024-08-16T20:43:24.050+0800][5.270s][info ][gc,stats       ] Concurrent Reset                   2391 us
[2024-08-16T20:43:24.050+0800][5.270s][info ][gc,stats       ] Pause Init Mark (G)                 298 us
[2024-08-16T20:43:24.050+0800][5.270s][info ][gc,stats       ] Pause Init Mark (N)                 210 us
[2024-08-16T20:43:24.050+0800][5.270s][info ][gc,stats       ]   Update Region States              115 us
[2024-08-16T20:43:24.050+0800][5.270s][info ][gc,stats       ] Concurrent Mark Roots               229 us, parallelism: 0.92x
[2024-08-16T20:43:24.050+0800][5.270s][info ][gc,stats       ]   CMR: <total>                      210 us
[2024-08-16T20:43:24.050+0800][5.270s][info ][gc,stats       ]   CMR: Thread Roots                 172 us, workers (us):  49,  35,  47,  41, ---, ---, ---, ---, 
[2024-08-16T20:43:24.050+0800][5.270s][info ][gc,stats       ]   CMR: VM Strong Roots                4 us, workers (us):   3,   0,   0,   0, ---, ---, ---, ---, 
[2024-08-16T20:43:24.050+0800][5.270s][info ][gc,stats       ]   CMR: CLDG Roots                    34 us, workers (us):  32,   2, ---, ---, ---, ---, ---, ---, 
[2024-08-16T20:43:24.050+0800][5.270s][info ][gc,stats       ] Concurrent Marking                  943 us
[2024-08-16T20:43:24.050+0800][5.270s][info ][gc,stats       ] Pause Final Mark (G)                705 us
[2024-08-16T20:43:24.050+0800][5.270s][info ][gc,stats       ] Pause Final Mark (N)                544 us
[2024-08-16T20:43:24.050+0800][5.270s][info ][gc,stats       ]   Finish Mark                       350 us
[2024-08-16T20:43:24.050+0800][5.270s][info ][gc,stats       ]   Update Region States               95 us
[2024-08-16T20:43:24.050+0800][5.270s][info ][gc,stats       ]   Choose Collection Set              33 us
[2024-08-16T20:43:24.050+0800][5.270s][info ][gc,stats       ]   Rebuild Free Set                    9 us
[2024-08-16T20:43:24.050+0800][5.270s][info ][gc,stats       ] Concurrent Weak References          152 us, parallelism: 0.01x
[2024-08-16T20:43:24.050+0800][5.270s][info ][gc,stats       ]   CWRF: <total>                       1 us
[2024-08-16T20:43:24.050+0800][5.270s][info ][gc,stats       ]   CWRF: Weak References               1 us, workers (us):   1,   0,   0,   0, ---, ---, ---, ---, 
[2024-08-16T20:43:24.050+0800][5.270s][info ][gc,stats       ] Concurrent Weak Roots               238 us
[2024-08-16T20:43:24.050+0800][5.270s][info ][gc,stats       ]   Roots                             146 us, parallelism: 1.09x
[2024-08-16T20:43:24.050+0800][5.270s][info ][gc,stats       ]     CWR: <total>                    159 us
[2024-08-16T20:43:24.050+0800][5.270s][info ][gc,stats       ]     CWR: Code Cache Roots           130 us, workers (us):  76,  49,   5,   0, ---, ---, ---, ---, 
[2024-08-16T20:43:24.050+0800][5.270s][info ][gc,stats       ]     CWR: VM Weak Roots               27 us, workers (us):  18,   8,   1,   0, ---, ---, ---, ---, 
[2024-08-16T20:43:24.050+0800][5.270s][info ][gc,stats       ]     CWR: CLDG Roots                   2 us, workers (us):   2, ---, ---, ---, ---, ---, ---, ---, 
[2024-08-16T20:43:24.050+0800][5.270s][info ][gc,stats       ]   Rendezvous                         48 us
[2024-08-16T20:43:24.050+0800][5.270s][info ][gc,stats       ] Concurrent Cleanup                  108 us
[2024-08-16T20:43:24.050+0800][5.270s][info ][gc,stats       ] Concurrent Class Unloading          548 us
[2024-08-16T20:43:24.050+0800][5.270s][info ][gc,stats       ]   Unlink Stale                      271 us
[2024-08-16T20:43:24.050+0800][5.270s][info ][gc,stats       ]     System Dictionary                17 us
[2024-08-16T20:43:24.050+0800][5.270s][info ][gc,stats       ]     Weak Class Links                  0 us
[2024-08-16T20:43:24.050+0800][5.270s][info ][gc,stats       ]     Code Roots                      253 us
[2024-08-16T20:43:24.050+0800][5.270s][info ][gc,stats       ]   Rendezvous                        135 us
[2024-08-16T20:43:24.050+0800][5.270s][info ][gc,stats       ]   Purge Unlinked                     97 us
[2024-08-16T20:43:24.050+0800][5.270s][info ][gc,stats       ]     Code Roots                       82 us
[2024-08-16T20:43:24.050+0800][5.270s][info ][gc,stats       ]     CLDG                             14 us
[2024-08-16T20:43:24.050+0800][5.270s][info ][gc,stats       ]     Exception Caches                  0 us
[2024-08-16T20:43:24.050+0800][5.270s][info ][gc,stats       ] Pause Final Roots (G)               150 us
[2024-08-16T20:43:24.050+0800][5.270s][info ][gc,stats       ] Pause Final Roots (N)                49 us
[2024-08-16T20:43:24.050+0800][5.270s][info ][gc,stats       ] Pacing                             7662 us
[2024-08-16T20:43:24.050+0800][5.270s][info ][gc,stats       ] 
[2024-08-16T20:43:24.050+0800][5.270s][info ][gc,stats       ] Allocation pacing accrued:
[2024-08-16T20:43:24.050+0800][5.270s][info ][gc,stats       ]       8 of   375 ms (  2.0%): main
[2024-08-16T20:43:24.050+0800][5.270s][info ][gc,stats       ]       8 of   375 ms (  2.0%): <total>
[2024-08-16T20:43:24.050+0800][5.270s][info ][gc,stats       ]       1 of   375 ms (  0.2%): <average total>
[2024-08-16T20:43:24.050+0800][5.270s][info ][gc,stats       ]       8 of   375 ms (  2.0%): <average non-zero>
[2024-08-16T20:43:24.050+0800][5.270s][info ][gc,stats       ] 
[2024-08-16T20:43:24.050+0800][5.270s][info ][gc,metaspace   ] Metaspace: 842K(960K)->842K(960K) NonClass: 779K(832K)->779K(832K) Class: 62K(128K)->62K(128K)
[2024-08-16T20:43:24.050+0800][5.270s][info ][gc,ergo        ] Pacer for Idle. Initial: 83886K, Alloc Tax Rate: 1.0x
[2024-08-16T20:43:24.251+0800][5.470s][info ][gc             ] Trigger: Free (391M) is below minimum threshold (409M)
[2024-08-16T20:43:24.251+0800][5.470s][info ][gc,ergo        ] Free: 391M, Max: 2048K regular, 388M humongous, Frag: 0% external, 1% internal; Reserve: 206M, Max: 2048K
[2024-08-16T20:43:24.251+0800][5.470s][info ][gc,start       ] GC(8) Concurrent reset
[2024-08-16T20:43:24.251+0800][5.470s][info ][gc,task        ] GC(8) Using 4 of 8 workers for concurrent reset
[2024-08-16T20:43:24.251+0800][5.470s][info ][gc,ergo        ] GC(8) Pacer for Reset. Non-Taxable: 4096M
[2024-08-16T20:43:24.253+0800][5.473s][info ][gc             ] GC(8) Concurrent reset 2.463ms
[2024-08-16T20:43:24.256+0800][5.475s][info ][gc,start       ] GC(8) Pause Init Mark (unload classes)
[2024-08-16T20:43:24.256+0800][5.475s][info ][gc,task        ] GC(8) Using 8 of 8 workers for init marking
[2024-08-16T20:43:24.256+0800][5.476s][info ][gc,ergo        ] GC(8) Pacer for Mark. Expected Live: 1035M, Free: 389M, Non-Taxable: 39842K, Alloc Tax Rate: 3.3x
[2024-08-16T20:43:24.256+0800][5.476s][info ][gc             ] GC(8) Pause Init Mark (unload classes) 0.376ms
[2024-08-16T20:43:24.256+0800][5.476s][info ][gc,start       ] GC(8) Concurrent marking roots
[2024-08-16T20:43:24.256+0800][5.476s][info ][gc,task        ] GC(8) Using 4 of 8 workers for concurrent marking roots
[2024-08-16T20:43:24.256+0800][5.476s][debug][gc,tlab        ] GC(8) TLAB totals: thrds: 1  refills: 1 max: 1 slow allocs: 157 max 157 waste: 36.6% gc: 384072B max: 384072B slow: 0B max: 0B
[2024-08-16T20:43:24.257+0800][5.476s][info ][gc             ] GC(8) Concurrent marking roots 0.518ms
[2024-08-16T20:43:24.257+0800][5.476s][info ][gc,start       ] GC(8) Concurrent marking (unload classes)
[2024-08-16T20:43:24.257+0800][5.476s][info ][gc,task        ] GC(8) Using 4 of 8 workers for concurrent marking
[2024-08-16T20:43:24.259+0800][5.479s][info ][gc             ] GC(8) Concurrent marking (unload classes) 2.058ms
[2024-08-16T20:43:24.259+0800][5.479s][info ][gc,start       ] GC(8) Pause Final Mark (unload classes)
[2024-08-16T20:43:24.259+0800][5.479s][info ][gc,task        ] GC(8) Using 8 of 8 workers for final marking
[2024-08-16T20:43:24.259+0800][5.479s][info ][gc,ergo        ] GC(8) Adaptive CSet Selection. Target Free: 580M, Actual Free: 690M, Max CSet: 170M, Min Garbage: 0B
[2024-08-16T20:43:24.259+0800][5.479s][info ][gc,ergo        ] GC(8) Collectable Garbage: 112M (100%), Immediate: 100M (89%), CSet: 12518K (10%)
[2024-08-16T20:43:24.259+0800][5.479s][info ][gc,ergo        ] GC(8) Pacer for Evacuation. Used CSet: 22443K, Free: 2223M, Non-Taxable: 222M, Alloc Tax Rate: 1.1x
[2024-08-16T20:43:24.259+0800][5.479s][info ][gc             ] GC(8) Pause Final Mark (unload classes) 0.564ms
[2024-08-16T20:43:24.260+0800][5.479s][info ][gc,start       ] GC(8) Concurrent thread roots
[2024-08-16T20:43:24.260+0800][5.479s][info ][gc,task        ] GC(8) Using 4 of 8 workers for Concurrent thread roots
[2024-08-16T20:43:24.260+0800][5.479s][info ][gc             ] GC(8) Concurrent thread roots 0.145ms
[2024-08-16T20:43:24.260+0800][5.479s][info ][gc,start       ] GC(8) Concurrent weak references
[2024-08-16T20:43:24.260+0800][5.479s][info ][gc,task        ] GC(8) Using 4 of 8 workers for concurrent weak references
[2024-08-16T20:43:24.260+0800][5.480s][info ][gc,ref         ] GC(8) Encountered references: Soft: 104, Weak: 193, Final: 0, Phantom: 1
[2024-08-16T20:43:24.260+0800][5.480s][info ][gc,ref         ] GC(8) Discovered  references: Soft: 0, Weak: 0, Final: 0, Phantom: 1
[2024-08-16T20:43:24.260+0800][5.480s][info ][gc,ref         ] GC(8) Enqueued    references: Soft: 0, Weak: 0, Final: 0, Phantom: 0
[2024-08-16T20:43:24.260+0800][5.480s][info ][gc             ] GC(8) Concurrent weak references 0.146ms
[2024-08-16T20:43:24.260+0800][5.480s][info ][gc,start       ] GC(8) Concurrent weak roots
[2024-08-16T20:43:24.260+0800][5.480s][info ][gc,task        ] GC(8) Using 4 of 8 workers for concurrent weak root
[2024-08-16T20:43:24.260+0800][5.480s][info ][gc             ] GC(8) Concurrent weak roots 0.376ms
[2024-08-16T20:43:24.260+0800][5.480s][info ][gc,start       ] GC(8) Concurrent cleanup
[2024-08-16T20:43:24.260+0800][5.480s][info ][gc             ] GC(8) Concurrent cleanup 1766M->1666M(3516M) 0.091ms
[2024-08-16T20:43:24.261+0800][5.480s][info ][gc,ergo        ] GC(8) Free: 582M, Max: 2048K regular, 382M humongous, Frag: 35% external, 0% internal; Reserve: 205M, Max: 2048K
[2024-08-16T20:43:24.261+0800][5.480s][info ][gc,start       ] GC(8) Concurrent class unloading
[2024-08-16T20:43:24.261+0800][5.480s][info ][gc,task        ] GC(8) Using 4 of 8 workers for concurrent class unloading
[2024-08-16T20:43:24.261+0800][5.480s][debug][gc,phases,start] GC(8) ClassLoaderData
[2024-08-16T20:43:24.261+0800][5.480s][debug][gc,phases      ] GC(8) ClassLoaderData 0.006ms
[2024-08-16T20:43:24.261+0800][5.480s][debug][gc,phases,start] GC(8) Trigger cleanups
[2024-08-16T20:43:24.261+0800][5.480s][debug][gc,phases      ] GC(8) Trigger cleanups 0.003ms
[2024-08-16T20:43:24.261+0800][5.481s][info ][gc             ] GC(8) Concurrent class unloading 0.694ms
[2024-08-16T20:43:24.261+0800][5.481s][info ][gc,start       ] GC(8) Concurrent strong roots
[2024-08-16T20:43:24.261+0800][5.481s][info ][gc,task        ] GC(8) Using 4 of 8 workers for concurrent strong root
[2024-08-16T20:43:24.262+0800][5.481s][info ][gc             ] GC(8) Concurrent strong roots 0.265ms
[2024-08-16T20:43:24.262+0800][5.481s][info ][gc,start       ] GC(8) Concurrent evacuation
[2024-08-16T20:43:24.262+0800][5.481s][info ][gc,task        ] GC(8) Using 4 of 8 workers for concurrent evacuation
[2024-08-16T20:43:24.264+0800][5.484s][info ][gc             ] GC(8) Concurrent evacuation 2.171ms
[2024-08-16T20:43:24.264+0800][5.484s][info ][gc,start       ] GC(8) Pause Init Update Refs
[2024-08-16T20:43:24.264+0800][5.484s][info ][gc,ergo        ] GC(8) Pacer for Update Refs. Used: 1676M, Free: 582M, Non-Taxable: 59699K, Alloc Tax Rate: 3.5x
[2024-08-16T20:43:24.264+0800][5.484s][info ][gc             ] GC(8) Pause Init Update Refs 0.034ms
[2024-08-16T20:43:24.264+0800][5.484s][info ][gc,start       ] GC(8) Concurrent update references
[2024-08-16T20:43:24.264+0800][5.484s][info ][gc,task        ] GC(8) Using 4 of 8 workers for concurrent reference update
[2024-08-16T20:43:24.266+0800][5.486s][info ][gc             ] GC(8) Concurrent update references 1.898ms
[2024-08-16T20:43:24.266+0800][5.486s][info ][gc,start       ] GC(8) Concurrent update thread roots
[2024-08-16T20:43:24.266+0800][5.486s][info ][gc             ] GC(8) Concurrent update thread roots 0.186ms
[2024-08-16T20:43:24.266+0800][5.486s][info ][gc,start       ] GC(8) Pause Final Update Refs
[2024-08-16T20:43:24.266+0800][5.486s][info ][gc,task        ] GC(8) Using 8 of 8 workers for final reference update
[2024-08-16T20:43:24.267+0800][5.486s][info ][gc             ] GC(8) Pause Final Update Refs 0.185ms
[2024-08-16T20:43:24.267+0800][5.486s][info ][gc,start       ] GC(8) Concurrent cleanup
[2024-08-16T20:43:24.267+0800][5.486s][info ][gc             ] GC(8) Concurrent cleanup 1676M->1654M(3526M) 0.092ms
[2024-08-16T20:43:24.267+0800][5.486s][debug][gc,ergo        ] GC(8) Available: 2235 MB, z-score=-0.281. Average available: 2489.7 MB +/- 902.7 MB.
[2024-08-16T20:43:24.267+0800][5.486s][info ][gc,ergo        ] Free: 2235M, Max: 2048K regular, 370M humongous, Frag: 38% external, 42% internal; Reserve: 206M, Max: 2048K
[2024-08-16T20:43:24.267+0800][5.486s][info ][gc,stats       ] 
[2024-08-16T20:43:24.267+0800][5.486s][info ][gc,stats       ] All times are wall-clock times, except per-root-class counters, that are sum over
[2024-08-16T20:43:24.267+0800][5.486s][info ][gc,stats       ] all workers. Dividing the <total> over the root stage time estimates parallelism.
[2024-08-16T20:43:24.267+0800][5.486s][info ][gc,stats       ] 
[2024-08-16T20:43:24.267+0800][5.486s][info ][gc,stats       ] Concurrent Reset                   2702 us
[2024-08-16T20:43:24.267+0800][5.486s][info ][gc,stats       ] Pause Init Mark (G)                2734 us
[2024-08-16T20:43:24.267+0800][5.486s][info ][gc,stats       ] Pause Init Mark (N)                 419 us
[2024-08-16T20:43:24.267+0800][5.486s][info ][gc,stats       ]   Update Region States              292 us
[2024-08-16T20:43:24.267+0800][5.486s][info ][gc,stats       ] Concurrent Mark Roots               692 us, parallelism: 0.83x
[2024-08-16T20:43:24.267+0800][5.486s][info ][gc,stats       ]   CMR: <total>                      575 us
[2024-08-16T20:43:24.267+0800][5.486s][info ][gc,stats       ]   CMR: Thread Roots                 519 us, workers (us): 281,  41, 157,  40, ---, ---, ---, ---, 
[2024-08-16T20:43:24.267+0800][5.486s][info ][gc,stats       ]   CMR: VM Strong Roots                7 us, workers (us):   4,   1,   1,   0, ---, ---, ---, ---, 
[2024-08-16T20:43:24.267+0800][5.486s][info ][gc,stats       ]   CMR: CLDG Roots                    50 us, workers (us):  50, ---, ---, ---, ---, ---, ---, ---, 
[2024-08-16T20:43:24.267+0800][5.486s][info ][gc,stats       ] Concurrent Marking                 2097 us
[2024-08-16T20:43:24.267+0800][5.486s][info ][gc,stats       ] Pause Final Mark (G)                703 us
[2024-08-16T20:43:24.267+0800][5.486s][info ][gc,stats       ] Pause Final Mark (N)                590 us
[2024-08-16T20:43:24.267+0800][5.487s][info ][gc,stats       ]   Finish Mark                       333 us
[2024-08-16T20:43:24.267+0800][5.487s][info ][gc,stats       ]   Update Region States               94 us
[2024-08-16T20:43:24.267+0800][5.487s][info ][gc,stats       ]   Choose Collection Set              93 us
[2024-08-16T20:43:24.267+0800][5.487s][info ][gc,stats       ]   Rebuild Free Set                   10 us
[2024-08-16T20:43:24.267+0800][5.487s][info ][gc,stats       ] Concurrent Thread Roots             188 us, parallelism: 0.53x
[2024-08-16T20:43:24.267+0800][5.487s][info ][gc,stats       ]   CTR: <total>                      100 us
[2024-08-16T20:43:24.267+0800][5.487s][info ][gc,stats       ]   CTR: Thread Roots                 100 us, workers (us):  65,  34,   0,   0, ---, ---, ---, ---, 
[2024-08-16T20:43:24.267+0800][5.487s][info ][gc,stats       ] Concurrent Weak References          171 us, parallelism: 0.01x
[2024-08-16T20:43:24.267+0800][5.487s][info ][gc,stats       ]   CWRF: <total>                       2 us
[2024-08-16T20:43:24.267+0800][5.487s][info ][gc,stats       ]   CWRF: Weak References               2 us, workers (us):   2,   0,   0,   0, ---, ---, ---, ---, 
[2024-08-16T20:43:24.267+0800][5.487s][info ][gc,stats       ] Concurrent Weak Roots               409 us
[2024-08-16T20:43:24.267+0800][5.487s][info ][gc,stats       ]   Roots                             225 us, parallelism: 1.33x
[2024-08-16T20:43:24.267+0800][5.487s][info ][gc,stats       ]     CWR: <total>                    299 us
[2024-08-16T20:43:24.267+0800][5.487s][info ][gc,stats       ]     CWR: Code Cache Roots           201 us, workers (us): 108,  89,   3,   0, ---, ---, ---, ---, 
[2024-08-16T20:43:24.267+0800][5.487s][info ][gc,stats       ]     CWR: VM Weak Roots               96 us, workers (us):  65,  16,  15,   0, ---, ---, ---, ---, 
[2024-08-16T20:43:24.267+0800][5.487s][info ][gc,stats       ]     CWR: CLDG Roots                   2 us, workers (us): ---, ---,   2, ---, ---, ---, ---, ---, 
[2024-08-16T20:43:24.267+0800][5.487s][info ][gc,stats       ]   Rendezvous                        137 us
[2024-08-16T20:43:24.267+0800][5.487s][info ][gc,stats       ] Concurrent Cleanup                  129 us
[2024-08-16T20:43:24.267+0800][5.487s][info ][gc,stats       ] Concurrent Class Unloading          866 us
[2024-08-16T20:43:24.267+0800][5.487s][info ][gc,stats       ]   Unlink Stale                      310 us
[2024-08-16T20:43:24.267+0800][5.487s][info ][gc,stats       ]     System Dictionary                18 us
[2024-08-16T20:43:24.267+0800][5.487s][info ][gc,stats       ]     Weak Class Links                  0 us
[2024-08-16T20:43:24.267+0800][5.487s][info ][gc,stats       ]     Code Roots                      290 us
[2024-08-16T20:43:24.267+0800][5.487s][info ][gc,stats       ]   Rendezvous                        147 us
[2024-08-16T20:43:24.267+0800][5.487s][info ][gc,stats       ]   Purge Unlinked                    219 us
[2024-08-16T20:43:24.267+0800][5.487s][info ][gc,stats       ]     Code Roots                      172 us
[2024-08-16T20:43:24.267+0800][5.487s][info ][gc,stats       ]     CLDG                             46 us
[2024-08-16T20:43:24.267+0800][5.487s][info ][gc,stats       ]     Exception Caches                  1 us
[2024-08-16T20:43:24.267+0800][5.487s][info ][gc,stats       ] Concurrent Strong Roots             408 us, parallelism: 0.22x
[2024-08-16T20:43:24.267+0800][5.487s][info ][gc,stats       ]   CSR: <total>                       91 us
[2024-08-16T20:43:24.267+0800][5.487s][info ][gc,stats       ]   CSR: VM Strong Roots                8 us, workers (us):   6,   1,   0,   0, ---, ---, ---, ---, 
[2024-08-16T20:43:24.267+0800][5.487s][info ][gc,stats       ]   CSR: CLDG Roots                    83 us, workers (us):  80,   3, ---, ---, ---, ---, ---, ---, 
[2024-08-16T20:43:24.267+0800][5.487s][info ][gc,stats       ] Concurrent Evacuation              2218 us
[2024-08-16T20:43:24.267+0800][5.487s][info ][gc,stats       ] Pause Init Update Refs (G)          195 us
[2024-08-16T20:43:24.267+0800][5.487s][info ][gc,stats       ] Pause Init Update Refs (N)           86 us
[2024-08-16T20:43:24.267+0800][5.487s][info ][gc,stats       ]   Manage GCLABs                       3 us
[2024-08-16T20:43:24.267+0800][5.487s][info ][gc,stats       ] Concurrent Update Refs             1936 us
[2024-08-16T20:43:24.267+0800][5.487s][info ][gc,stats       ] Concurrent Update Thread Roots      219 us
[2024-08-16T20:43:24.267+0800][5.487s][info ][gc,stats       ] Pause Final Update Refs (G)         285 us
[2024-08-16T20:43:24.267+0800][5.487s][info ][gc,stats       ] Pause Final Update Refs (N)         234 us
[2024-08-16T20:43:24.267+0800][5.487s][info ][gc,stats       ]   Update Region States              142 us
[2024-08-16T20:43:24.267+0800][5.487s][info ][gc,stats       ]   Trash Collection Set                3 us
[2024-08-16T20:43:24.267+0800][5.487s][info ][gc,stats       ]   Rebuild Free Set                   13 us
[2024-08-16T20:43:24.267+0800][5.487s][info ][gc,stats       ] Concurrent Cleanup                  115 us
[2024-08-16T20:43:24.267+0800][5.487s][info ][gc,stats       ] Pacing                             9016 us
[2024-08-16T20:43:24.267+0800][5.487s][info ][gc,stats       ] 
[2024-08-16T20:43:24.267+0800][5.487s][info ][gc,stats       ] Allocation pacing accrued:
[2024-08-16T20:43:24.267+0800][5.487s][info ][gc,stats       ]       9 of   217 ms (  4.2%): main
[2024-08-16T20:43:24.267+0800][5.487s][info ][gc,stats       ]       9 of   217 ms (  4.2%): <total>
[2024-08-16T20:43:24.267+0800][5.487s][info ][gc,stats       ]       1 of   217 ms (  0.4%): <average total>
[2024-08-16T20:43:24.267+0800][5.487s][info ][gc,stats       ]       9 of   217 ms (  4.2%): <average non-zero>
[2024-08-16T20:43:24.267+0800][5.487s][info ][gc,stats       ] 
[2024-08-16T20:43:24.267+0800][5.487s][info ][gc,metaspace   ] Metaspace: 842K(960K)->842K(960K) NonClass: 779K(832K)->779K(832K) Class: 62K(128K)->62K(128K)
[2024-08-16T20:43:24.267+0800][5.487s][info ][gc,ergo        ] Pacer for Idle. Initial: 83886K, Alloc Tax Rate: 1.0x
[2024-08-16T20:43:24.284+0800][5.504s][debug][gc,nmethod     ] Register NMethod: sun.management.spi.PlatformMBeanProvider$PlatformComponent$$Lambda$17/0x00007f5bec04bd90.apply [0x00007f5c50bee890] (c2)
[2024-08-16T20:43:24.396+0800][5.616s][debug][gc,nmethod     ] Register NMethod: sun.management.ManagementFactoryHelper.getGarbageCollectorMXBeans [0x00007f5c50beec10] (c2)
[2024-08-16T20:43:24.410+0800][5.630s][info ][gc             ] Trigger: Average GC time (21.29 ms) is above the time for average allocation rate (16551 MB/s) to deplete free headroom (219M) (margin of error = 1.80)
[2024-08-16T20:43:24.410+0800][5.630s][info ][gc,ergo        ] Free headroom: 424M (free) - 204M (spike) - 0B (penalties) = 219M
[2024-08-16T20:43:24.410+0800][5.630s][info ][gc,ergo        ] Free: 424M, Max: 2048K regular, 370M humongous, Frag: 2% external, 11% internal; Reserve: 206M, Max: 2048K
[2024-08-16T20:43:24.410+0800][5.630s][info ][gc,start       ] GC(9) Concurrent reset
[2024-08-16T20:43:24.410+0800][5.630s][info ][gc,task        ] GC(9) Using 4 of 8 workers for concurrent reset
[2024-08-16T20:43:24.410+0800][5.630s][info ][gc,ergo        ] GC(9) Pacer for Reset. Non-Taxable: 4096M
[2024-08-16T20:43:24.412+0800][5.632s][info ][gc             ] GC(9) Concurrent reset 2.149ms
[2024-08-16T20:43:24.412+0800][5.632s][info ][gc,start       ] GC(9) Pause Init Mark (unload classes)
[2024-08-16T20:43:24.412+0800][5.632s][info ][gc,task        ] GC(9) Using 8 of 8 workers for init marking
[2024-08-16T20:43:24.413+0800][5.633s][info ][gc,ergo        ] GC(9) Pacer for Mark. Expected Live: 1269M, Free: 383M, Non-Taxable: 39296K, Alloc Tax Rate: 4.0x
[2024-08-16T20:43:24.413+0800][5.633s][info ][gc             ] GC(9) Pause Init Mark (unload classes) 0.478ms
[2024-08-16T20:43:24.413+0800][5.633s][info ][gc,start       ] GC(9) Concurrent marking roots
[2024-08-16T20:43:24.413+0800][5.633s][info ][gc,task        ] GC(9) Using 4 of 8 workers for concurrent marking roots
[2024-08-16T20:43:24.413+0800][5.633s][debug][gc,tlab        ] GC(9) TLAB totals: thrds: 1  refills: 1 max: 1 slow allocs: 1 max 1 waste: 99.6% gc: 1044328B max: 1044328B slow: 0B max: 0B
[2024-08-16T20:43:24.414+0800][5.633s][info ][gc             ] GC(9) Concurrent marking roots 0.427ms
[2024-08-16T20:43:24.414+0800][5.633s][info ][gc,start       ] GC(9) Concurrent marking (unload classes)
[2024-08-16T20:43:24.414+0800][5.633s][info ][gc,task        ] GC(9) Using 4 of 8 workers for concurrent marking
[2024-08-16T20:43:24.418+0800][5.638s][info ][gc             ] GC(9) Concurrent marking (unload classes) 4.648ms
[2024-08-16T20:43:24.418+0800][5.638s][info ][gc,start       ] GC(9) Pause Final Mark (unload classes)
[2024-08-16T20:43:24.418+0800][5.638s][info ][gc,task        ] GC(9) Using 8 of 8 workers for final marking
[2024-08-16T20:43:24.420+0800][5.640s][info ][gc,ergo        ] GC(9) Collectable Garbage: 51200K (95%), Immediate: 51200K (95%), CSet: 0B (0%)
[2024-08-16T20:43:24.420+0800][5.640s][info ][gc             ] GC(9) Pause Final Mark (unload classes) 1.616ms
[2024-08-16T20:43:24.421+0800][5.640s][info ][gc,start       ] GC(9) Concurrent weak references
[2024-08-16T20:43:24.421+0800][5.640s][info ][gc,task        ] GC(9) Using 4 of 8 workers for concurrent weak references
[2024-08-16T20:43:24.421+0800][5.640s][info ][gc,ref         ] GC(9) Encountered references: Soft: 104, Weak: 193, Final: 0, Phantom: 1
[2024-08-16T20:43:24.421+0800][5.640s][info ][gc,ref         ] GC(9) Discovered  references: Soft: 0, Weak: 107, Final: 0, Phantom: 1
[2024-08-16T20:43:24.421+0800][5.640s][info ][gc,ref         ] GC(9) Enqueued    references: Soft: 0, Weak: 0, Final: 0, Phantom: 0
[2024-08-16T20:43:24.421+0800][5.640s][info ][gc             ] GC(9) Concurrent weak references 0.233ms
[2024-08-16T20:43:24.421+0800][5.641s][info ][gc,start       ] GC(9) Concurrent weak roots
[2024-08-16T20:43:24.421+0800][5.641s][info ][gc,task        ] GC(9) Using 4 of 8 workers for concurrent weak root
[2024-08-16T20:43:24.421+0800][5.641s][info ][gc             ] GC(9) Concurrent weak roots 0.403ms
[2024-08-16T20:43:24.421+0800][5.641s][info ][gc,start       ] GC(9) Concurrent cleanup
[2024-08-16T20:43:24.421+0800][5.641s][info ][gc             ] GC(9) Concurrent cleanup 1767M->1717M(3532M) 0.096ms
[2024-08-16T20:43:24.421+0800][5.641s][info ][gc,ergo        ] GC(9) Free: 472M, Max: 2048K regular, 364M humongous, Frag: 22% external, 2% internal; Reserve: 206M, Max: 2048K
[2024-08-16T20:43:24.421+0800][5.641s][info ][gc,start       ] GC(9) Concurrent class unloading
[2024-08-16T20:43:24.422+0800][5.641s][info ][gc,task        ] GC(9) Using 4 of 8 workers for concurrent class unloading
[2024-08-16T20:43:24.422+0800][5.641s][debug][gc,phases,start] GC(9) ClassLoaderData
[2024-08-16T20:43:24.422+0800][5.641s][debug][gc,phases      ] GC(9) ClassLoaderData 0.006ms
[2024-08-16T20:43:24.422+0800][5.641s][debug][gc,phases,start] GC(9) Trigger cleanups
[2024-08-16T20:43:24.422+0800][5.641s][debug][gc,phases      ] GC(9) Trigger cleanups 0.005ms
[2024-08-16T20:43:24.422+0800][5.642s][info ][gc             ] GC(9) Concurrent class unloading 0.508ms
[2024-08-16T20:43:24.422+0800][5.642s][info ][gc,start       ] GC(9) Pause Final Roots
[2024-08-16T20:43:24.422+0800][5.642s][info ][gc             ] GC(9) Pause Final Roots 0.020ms
[2024-08-16T20:43:24.422+0800][5.642s][debug][gc,ergo        ] GC(9) Available: 472 MB, z-score=-1.731. Average available: 2288.0 MB +/- 1048.6 MB.
[2024-08-16T20:43:24.422+0800][5.642s][debug][gc,ergo        ] GC(9) Margin of error now 1.82
[2024-08-16T20:43:24.422+0800][5.642s][info ][gc,ergo        ] Free: 472M, Max: 2048K regular, 364M humongous, Frag: 22% external, 2% internal; Reserve: 206M, Max: 2048K
[2024-08-16T20:43:24.422+0800][5.642s][info ][gc,stats       ] 
[2024-08-16T20:43:24.422+0800][5.642s][info ][gc,stats       ] All times are wall-clock times, except per-root-class counters, that are sum over
[2024-08-16T20:43:24.422+0800][5.642s][info ][gc,stats       ] all workers. Dividing the <total> over the root stage time estimates parallelism.
[2024-08-16T20:43:24.422+0800][5.642s][info ][gc,stats       ] 
[2024-08-16T20:43:24.422+0800][5.642s][info ][gc,stats       ] Concurrent Reset                   2315 us
[2024-08-16T20:43:24.422+0800][5.642s][info ][gc,stats       ] Pause Init Mark (G)                 756 us
[2024-08-16T20:43:24.422+0800][5.642s][info ][gc,stats       ] Pause Init Mark (N)                 557 us
[2024-08-16T20:43:24.422+0800][5.642s][info ][gc,stats       ]   Update Region States              353 us
[2024-08-16T20:43:24.422+0800][5.642s][info ][gc,stats       ] Concurrent Mark Roots               583 us, parallelism: 0.52x
[2024-08-16T20:43:24.422+0800][5.642s][info ][gc,stats       ]   CMR: <total>                      301 us
[2024-08-16T20:43:24.422+0800][5.642s][info ][gc,stats       ]   CMR: Thread Roots                 265 us, workers (us):  58, 119,  87,   0, ---, ---, ---, ---, 
[2024-08-16T20:43:24.422+0800][5.642s][info ][gc,stats       ]   CMR: VM Strong Roots                5 us, workers (us):   2,   2,   0,   0, ---, ---, ---, ---, 
[2024-08-16T20:43:24.422+0800][5.642s][info ][gc,stats       ]   CMR: CLDG Roots                    32 us, workers (us):  29,   3, ---, ---, ---, ---, ---, ---, 
[2024-08-16T20:43:24.422+0800][5.642s][info ][gc,stats       ] Concurrent Marking                 4717 us
[2024-08-16T20:43:24.422+0800][5.642s][info ][gc,stats       ] Pause Final Mark (G)               2177 us
[2024-08-16T20:43:24.422+0800][5.642s][info ][gc,stats       ] Pause Final Mark (N)               1954 us
[2024-08-16T20:43:24.422+0800][5.642s][info ][gc,stats       ]   Finish Mark                       904 us
[2024-08-16T20:43:24.423+0800][5.642s][info ][gc,stats       ]   Update Region States              494 us
[2024-08-16T20:43:24.423+0800][5.642s][info ][gc,stats       ]   Choose Collection Set             132 us
[2024-08-16T20:43:24.423+0800][5.642s][info ][gc,stats       ]   Rebuild Free Set                   46 us
[2024-08-16T20:43:24.423+0800][5.642s][info ][gc,stats       ] Concurrent Weak References          325 us, parallelism: 0.04x
[2024-08-16T20:43:24.423+0800][5.642s][info ][gc,stats       ]   CWRF: <total>                      13 us
[2024-08-16T20:43:24.423+0800][5.642s][info ][gc,stats       ]   CWRF: Weak References              13 us, workers (us):  11,   2,   0,   0, ---, ---, ---, ---, 
[2024-08-16T20:43:24.423+0800][5.642s][info ][gc,stats       ] Concurrent Weak Roots               463 us
[2024-08-16T20:43:24.423+0800][5.642s][info ][gc,stats       ]   Roots                             240 us, parallelism: 1.20x
[2024-08-16T20:43:24.423+0800][5.642s][info ][gc,stats       ]     CWR: <total>                    288 us
[2024-08-16T20:43:24.423+0800][5.642s][info ][gc,stats       ]     CWR: Code Cache Roots           258 us, workers (us): 107, 122,  29,   0, ---, ---, ---, ---, 
[2024-08-16T20:43:24.423+0800][5.642s][info ][gc,stats       ]     CWR: VM Weak Roots               27 us, workers (us):  25,   1,   1,   0, ---, ---, ---, ---, 
[2024-08-16T20:43:24.423+0800][5.642s][info ][gc,stats       ]     CWR: CLDG Roots                   3 us, workers (us):   3, ---, ---, ---, ---, ---, ---, ---, 
[2024-08-16T20:43:24.423+0800][5.642s][info ][gc,stats       ]   Rendezvous                        113 us
[2024-08-16T20:43:24.423+0800][5.642s][info ][gc,stats       ] Concurrent Cleanup                  123 us
[2024-08-16T20:43:24.423+0800][5.642s][info ][gc,stats       ] Concurrent Class Unloading          556 us
[2024-08-16T20:43:24.423+0800][5.642s][info ][gc,stats       ]   Unlink Stale                      369 us
[2024-08-16T20:43:24.423+0800][5.642s][info ][gc,stats       ]     System Dictionary                33 us
[2024-08-16T20:43:24.423+0800][5.642s][info ][gc,stats       ]     Weak Class Links                  0 us
[2024-08-16T20:43:24.423+0800][5.642s][info ][gc,stats       ]     Code Roots                      336 us
[2024-08-16T20:43:24.423+0800][5.642s][info ][gc,stats       ]   Rendezvous                         64 us
[2024-08-16T20:43:24.423+0800][5.642s][info ][gc,stats       ]   Purge Unlinked                     63 us
[2024-08-16T20:43:24.423+0800][5.642s][info ][gc,stats       ]     Code Roots                       48 us
[2024-08-16T20:43:24.423+0800][5.642s][info ][gc,stats       ]     CLDG                             14 us
[2024-08-16T20:43:24.423+0800][5.642s][info ][gc,stats       ]     Exception Caches                  0 us
[2024-08-16T20:43:24.423+0800][5.642s][info ][gc,stats       ] Pause Final Roots (G)               130 us
[2024-08-16T20:43:24.423+0800][5.642s][info ][gc,stats       ] Pause Final Roots (N)                49 us
[2024-08-16T20:43:24.423+0800][5.642s][info ][gc,stats       ] Pacing                            10234 us
[2024-08-16T20:43:24.423+0800][5.642s][info ][gc,stats       ] 
[2024-08-16T20:43:24.423+0800][5.642s][info ][gc,stats       ] Allocation pacing accrued:
[2024-08-16T20:43:24.423+0800][5.642s][info ][gc,stats       ]      10 of   156 ms (  6.6%): main
[2024-08-16T20:43:24.423+0800][5.642s][info ][gc,stats       ]      10 of   156 ms (  6.6%): <total>
[2024-08-16T20:43:24.423+0800][5.642s][info ][gc,stats       ]       1 of   156 ms (  0.6%): <average total>
[2024-08-16T20:43:24.423+0800][5.642s][info ][gc,stats       ]      10 of   156 ms (  6.6%): <average non-zero>
[2024-08-16T20:43:24.423+0800][5.642s][info ][gc,stats       ] 
[2024-08-16T20:43:24.423+0800][5.642s][info ][gc,metaspace   ] Metaspace: 842K(960K)->842K(960K) NonClass: 779K(832K)->779K(832K) Class: 62K(128K)->62K(128K)
[2024-08-16T20:43:24.423+0800][5.642s][info ][gc,ergo        ] Pacer for Idle. Initial: 83886K, Alloc Tax Rate: 1.0x
[2024-08-16T20:43:24.424+0800][5.644s][info ][gc             ] Trigger: Average GC time (18.59 ms) is above the time for average allocation rate (16556 MB/s) to deplete free headroom (267M) (margin of error = 1.82)
[2024-08-16T20:43:24.424+0800][5.644s][info ][gc,ergo        ] Free headroom: 472M (free) - 204M (spike) - 0B (penalties) = 267M
[2024-08-16T20:43:24.424+0800][5.644s][info ][gc,ergo        ] Free: 472M, Max: 2048K regular, 364M humongous, Frag: 22% external, 2% internal; Reserve: 206M, Max: 2048K
[2024-08-16T20:43:24.424+0800][5.644s][info ][gc,start       ] GC(10) Concurrent reset
[2024-08-16T20:43:24.424+0800][5.644s][info ][gc,task        ] GC(10) Using 4 of 8 workers for concurrent reset
[2024-08-16T20:43:24.424+0800][5.644s][info ][gc,ergo        ] GC(10) Pacer for Reset. Non-Taxable: 4096M
[2024-08-16T20:43:24.426+0800][5.646s][info ][gc             ] GC(10) Concurrent reset 1.943ms
[2024-08-16T20:43:24.426+0800][5.646s][info ][gc,start       ] GC(10) Pause Init Mark (unload classes)
[2024-08-16T20:43:24.426+0800][5.646s][info ][gc,task        ] GC(10) Using 8 of 8 workers for init marking
[2024-08-16T20:43:24.426+0800][5.646s][info ][gc,ergo        ] GC(10) Pacer for Mark. Expected Live: 1508M, Free: 472M, Non-Taxable: 48410K, Alloc Tax Rate: 3.9x
[2024-08-16T20:43:24.426+0800][5.646s][info ][gc             ] GC(10) Pause Init Mark (unload classes) 0.156ms
[2024-08-16T20:43:24.426+0800][5.646s][info ][gc,start       ] GC(10) Concurrent marking roots
[2024-08-16T20:43:24.426+0800][5.646s][info ][gc,task        ] GC(10) Using 4 of 8 workers for concurrent marking roots
[2024-08-16T20:43:24.426+0800][5.646s][debug][gc,tlab        ] GC(10) TLAB totals: thrds: 1  refills: 1 max: 1 slow allocs: 4 max 4 waste: 98.4% gc: 1031632B max: 1031632B slow: 0B max: 0B
[2024-08-16T20:43:24.426+0800][5.646s][info ][gc             ] GC(10) Concurrent marking roots 0.254ms
[2024-08-16T20:43:24.427+0800][5.646s][info ][gc,start       ] GC(10) Concurrent marking (unload classes)
[2024-08-16T20:43:24.427+0800][5.646s][info ][gc,task        ] GC(10) Using 4 of 8 workers for concurrent marking
[2024-08-16T20:43:24.428+0800][5.648s][info ][gc             ] GC(10) Concurrent marking (unload classes) 1.548ms
[2024-08-16T20:43:24.428+0800][5.648s][info ][gc,start       ] GC(10) Pause Final Mark (unload classes)
[2024-08-16T20:43:24.428+0800][5.648s][info ][gc,task        ] GC(10) Using 8 of 8 workers for final marking
[2024-08-16T20:43:24.429+0800][5.648s][info ][gc,ergo        ] GC(10) Adaptive CSet Selection. Target Free: 580M, Actual Free: 666M, Max CSet: 170M, Min Garbage: 0B
[2024-08-16T20:43:24.429+0800][5.649s][info ][gc,ergo        ] GC(10) Collectable Garbage: 3071K (84%), Immediate: 0B (0%), CSet: 3071K (84%)
[2024-08-16T20:43:24.429+0800][5.649s][info ][gc,ergo        ] GC(10) Pacer for Evacuation. Used CSet: 6144K, Free: 2170M, Non-Taxable: 217M, Alloc Tax Rate: 1.1x
[2024-08-16T20:43:24.429+0800][5.649s][info ][gc             ] GC(10) Pause Final Mark (unload classes) 0.701ms
[2024-08-16T20:43:24.429+0800][5.649s][info ][gc,start       ] GC(10) Concurrent thread roots
[2024-08-16T20:43:24.429+0800][5.649s][info ][gc,task        ] GC(10) Using 4 of 8 workers for Concurrent thread roots
[2024-08-16T20:43:24.429+0800][5.649s][info ][gc             ] GC(10) Concurrent thread roots 0.151ms
[2024-08-16T20:43:24.429+0800][5.649s][info ][gc,start       ] GC(10) Concurrent weak references
[2024-08-16T20:43:24.429+0800][5.649s][info ][gc,task        ] GC(10) Using 4 of 8 workers for concurrent weak references
[2024-08-16T20:43:24.429+0800][5.649s][info ][gc,ref         ] GC(10) Encountered references: Soft: 104, Weak: 193, Final: 0, Phantom: 1
[2024-08-16T20:43:24.429+0800][5.649s][info ][gc,ref         ] GC(10) Discovered  references: Soft: 0, Weak: 0, Final: 0, Phantom: 1
[2024-08-16T20:43:24.429+0800][5.649s][info ][gc,ref         ] GC(10) Enqueued    references: Soft: 0, Weak: 0, Final: 0, Phantom: 0
[2024-08-16T20:43:24.429+0800][5.649s][info ][gc             ] GC(10) Concurrent weak references 0.096ms
[2024-08-16T20:43:24.429+0800][5.649s][info ][gc,start       ] GC(10) Concurrent weak roots
[2024-08-16T20:43:24.429+0800][5.649s][info ][gc,task        ] GC(10) Using 4 of 8 workers for concurrent weak root
[2024-08-16T20:43:24.430+0800][5.649s][info ][gc             ] GC(10) Concurrent weak roots 0.355ms
[2024-08-16T20:43:24.430+0800][5.649s][info ][gc,start       ] GC(10) Concurrent cleanup
[2024-08-16T20:43:24.430+0800][5.649s][info ][gc             ] GC(10) Concurrent cleanup 1720M->1720M(3532M) 0.088ms
[2024-08-16T20:43:24.430+0800][5.650s][info ][gc,ergo        ] GC(10) Free: 1024M, Max: 2048K regular, 364M humongous, Frag: 21% external, 35% internal; Reserve: 206M, Max: 2048K
[2024-08-16T20:43:24.430+0800][5.650s][info ][gc,start       ] GC(10) Concurrent class unloading
[2024-08-16T20:43:24.430+0800][5.650s][info ][gc,task        ] GC(10) Using 4 of 8 workers for concurrent class unloading
[2024-08-16T20:43:24.430+0800][5.650s][debug][gc,phases,start] GC(10) ClassLoaderData
[2024-08-16T20:43:24.430+0800][5.650s][debug][gc,phases      ] GC(10) ClassLoaderData 0.006ms
[2024-08-16T20:43:24.430+0800][5.650s][debug][gc,phases,start] GC(10) Trigger cleanups
[2024-08-16T20:43:24.430+0800][5.650s][debug][gc,phases      ] GC(10) Trigger cleanups 0.004ms
[2024-08-16T20:43:24.430+0800][5.650s][info ][gc             ] GC(10) Concurrent class unloading 0.376ms
[2024-08-16T20:43:24.430+0800][5.650s][info ][gc,start       ] GC(10) Concurrent strong roots
[2024-08-16T20:43:24.430+0800][5.650s][info ][gc,task        ] GC(10) Using 4 of 8 workers for concurrent strong root
[2024-08-16T20:43:24.430+0800][5.650s][info ][gc             ] GC(10) Concurrent strong roots 0.077ms
[2024-08-16T20:43:24.430+0800][5.650s][info ][gc,start       ] GC(10) Concurrent evacuation
[2024-08-16T20:43:24.430+0800][5.650s][info ][gc,task        ] GC(10) Using 4 of 8 workers for concurrent evacuation
[2024-08-16T20:43:24.431+0800][5.650s][info ][gc             ] GC(10) Concurrent evacuation 0.300ms
[2024-08-16T20:43:24.431+0800][5.651s][info ][gc,start       ] GC(10) Pause Init Update Refs
[2024-08-16T20:43:24.431+0800][5.651s][info ][gc,ergo        ] GC(10) Pacer for Update Refs. Used: 1723M, Free: 1024M, Non-Taxable: 102M, Alloc Tax Rate: 2.1x
[2024-08-16T20:43:24.431+0800][5.651s][info ][gc             ] GC(10) Pause Init Update Refs 0.025ms
[2024-08-16T20:43:24.431+0800][5.651s][info ][gc,start       ] GC(10) Concurrent update references
[2024-08-16T20:43:24.431+0800][5.651s][info ][gc,task        ] GC(10) Using 4 of 8 workers for concurrent reference update
[2024-08-16T20:43:24.433+0800][5.653s][info ][gc             ] GC(10) Concurrent update references 2.168ms
[2024-08-16T20:43:24.433+0800][5.653s][info ][gc,start       ] GC(10) Concurrent update thread roots
[2024-08-16T20:43:24.433+0800][5.653s][info ][gc             ] GC(10) Concurrent update thread roots 0.204ms
[2024-08-16T20:43:24.433+0800][5.653s][info ][gc,start       ] GC(10) Pause Final Update Refs
[2024-08-16T20:43:24.434+0800][5.653s][info ][gc,task        ] GC(10) Using 8 of 8 workers for final reference update
[2024-08-16T20:43:24.434+0800][5.653s][info ][gc             ] GC(10) Pause Final Update Refs 0.167ms
[2024-08-16T20:43:24.434+0800][5.653s][info ][gc,start       ] GC(10) Concurrent cleanup
[2024-08-16T20:43:24.434+0800][5.653s][info ][gc             ] GC(10) Concurrent cleanup 1723M->1717M(3532M) 0.104ms
[2024-08-16T20:43:24.434+0800][5.654s][debug][gc,ergo        ] GC(10) Available: 2172 MB, z-score=0.003. Average available: 2169.3 MB +/- 986.0 MB.
[2024-08-16T20:43:24.434+0800][5.654s][info ][gc,ergo        ] Free: 2172M, Max: 2048K regular, 358M humongous, Frag: 22% external, 44% internal; Reserve: 206M, Max: 2048K
[2024-08-16T20:43:24.434+0800][5.654s][info ][gc,stats       ] 
[2024-08-16T20:43:24.434+0800][5.654s][info ][gc,stats       ] All times are wall-clock times, except per-root-class counters, that are sum over
[2024-08-16T20:43:24.434+0800][5.654s][info ][gc,stats       ] all workers. Dividing the <total> over the root stage time estimates parallelism.
[2024-08-16T20:43:24.434+0800][5.654s][info ][gc,stats       ] 
[2024-08-16T20:43:24.434+0800][5.654s][info ][gc,stats       ] Concurrent Reset                   2001 us
[2024-08-16T20:43:24.434+0800][5.654s][info ][gc,stats       ] Pause Init Mark (G)                 270 us
[2024-08-16T20:43:24.434+0800][5.654s][info ][gc,stats       ] Pause Init Mark (N)                 195 us
[2024-08-16T20:43:24.434+0800][5.654s][info ][gc,stats       ]   Update Region States              127 us
[2024-08-16T20:43:24.434+0800][5.654s][info ][gc,stats       ] Concurrent Mark Roots               289 us, parallelism: 0.59x
[2024-08-16T20:43:24.434+0800][5.654s][info ][gc,stats       ]   CMR: <total>                      172 us
[2024-08-16T20:43:24.434+0800][5.654s][info ][gc,stats       ]   CMR: Thread Roots                 121 us, workers (us):  40,  43,  37,   0, ---, ---, ---, ---, 
[2024-08-16T20:43:24.434+0800][5.654s][info ][gc,stats       ]   CMR: VM Strong Roots                4 us, workers (us):   3,   0,   0,   0, ---, ---, ---, ---, 
[2024-08-16T20:43:24.434+0800][5.654s][info ][gc,stats       ]   CMR: CLDG Roots                    47 us, workers (us):  47, ---, ---, ---, ---, ---, ---, ---, 
[2024-08-16T20:43:24.434+0800][5.654s][info ][gc,stats       ] Concurrent Marking                 1610 us
[2024-08-16T20:43:24.434+0800][5.654s][info ][gc,stats       ] Pause Final Mark (G)                936 us
[2024-08-16T20:43:24.434+0800][5.654s][info ][gc,stats       ] Pause Final Mark (N)                728 us
[2024-08-16T20:43:24.434+0800][5.654s][info ][gc,stats       ]   Finish Mark                       324 us
[2024-08-16T20:43:24.434+0800][5.654s][info ][gc,stats       ]   Update Region States              192 us
[2024-08-16T20:43:24.434+0800][5.654s][info ][gc,stats       ]   Choose Collection Set             144 us
[2024-08-16T20:43:24.434+0800][5.654s][info ][gc,stats       ]   Rebuild Free Set                    9 us
[2024-08-16T20:43:24.434+0800][5.654s][info ][gc,stats       ] Concurrent Thread Roots             200 us, parallelism: 0.56x
[2024-08-16T20:43:24.434+0800][5.654s][info ][gc,stats       ]   CTR: <total>                      113 us
[2024-08-16T20:43:24.434+0800][5.654s][info ][gc,stats       ]   CTR: Thread Roots                 113 us, workers (us):  63,  50,   0,   0, ---, ---, ---, ---, 
[2024-08-16T20:43:24.434+0800][5.654s][info ][gc,stats       ] Concurrent Weak References          120 us, parallelism: 0.01x
[2024-08-16T20:43:24.434+0800][5.654s][info ][gc,stats       ]   CWRF: <total>                       1 us
[2024-08-16T20:43:24.434+0800][5.654s][info ][gc,stats       ]   CWRF: Weak References               1 us, workers (us):   1,   0,   0,   0, ---, ---, ---, ---, 
[2024-08-16T20:43:24.434+0800][5.654s][info ][gc,stats       ] Concurrent Weak Roots               397 us
[2024-08-16T20:43:24.434+0800][5.654s][info ][gc,stats       ]   Roots                             253 us, parallelism: 0.32x
[2024-08-16T20:43:24.434+0800][5.654s][info ][gc,stats       ]     CWR: <total>                     80 us
[2024-08-16T20:43:24.434+0800][5.654s][info ][gc,stats       ]     CWR: Code Cache Roots            60 us, workers (us):  58,   2,   0,   0, ---, ---, ---, ---, 
[2024-08-16T20:43:24.434+0800][5.654s][info ][gc,stats       ]     CWR: VM Weak Roots               19 us, workers (us):  18,   1,   0,   0, ---, ---, ---, ---, 
[2024-08-16T20:43:24.434+0800][5.654s][info ][gc,stats       ]     CWR: CLDG Roots                   1 us, workers (us):   1, ---, ---, ---, ---, ---, ---, ---, 
[2024-08-16T20:43:24.434+0800][5.654s][info ][gc,stats       ]   Rendezvous                         78 us
[2024-08-16T20:43:24.434+0800][5.654s][info ][gc,stats       ] Concurrent Cleanup                  128 us
[2024-08-16T20:43:24.434+0800][5.654s][info ][gc,stats       ] Concurrent Class Unloading          426 us
[2024-08-16T20:43:24.434+0800][5.654s][info ][gc,stats       ]   Unlink Stale                      255 us
[2024-08-16T20:43:24.434+0800][5.654s][info ][gc,stats       ]     System Dictionary                18 us
[2024-08-16T20:43:24.434+0800][5.654s][info ][gc,stats       ]     Weak Class Links                  0 us
[2024-08-16T20:43:24.434+0800][5.654s][info ][gc,stats       ]     Code Roots                      236 us
[2024-08-16T20:43:24.434+0800][5.654s][info ][gc,stats       ]   Rendezvous                         57 us
[2024-08-16T20:43:24.434+0800][5.654s][info ][gc,stats       ]   Purge Unlinked                     52 us
[2024-08-16T20:43:24.434+0800][5.654s][info ][gc,stats       ]     Code Roots                       41 us
[2024-08-16T20:43:24.434+0800][5.654s][info ][gc,stats       ]     CLDG                             11 us
[2024-08-16T20:43:24.434+0800][5.654s][info ][gc,stats       ]     Exception Caches                  0 us
[2024-08-16T20:43:24.434+0800][5.654s][info ][gc,stats       ] Concurrent Strong Roots              99 us, parallelism: 0.26x
[2024-08-16T20:43:24.434+0800][5.654s][info ][gc,stats       ]   CSR: <total>                       26 us
[2024-08-16T20:43:24.434+0800][5.654s][info ][gc,stats       ]   CSR: VM Strong Roots                3 us, workers (us):   3,   0,   0,   0, ---, ---, ---, ---, 
[2024-08-16T20:43:24.434+0800][5.654s][info ][gc,stats       ]   CSR: CLDG Roots                    23 us, workers (us):  22,   1, ---, ---, ---, ---, ---, ---, 
[2024-08-16T20:43:24.434+0800][5.654s][info ][gc,stats       ] Concurrent Evacuation               322 us
[2024-08-16T20:43:24.434+0800][5.654s][info ][gc,stats       ] Pause Init Update Refs (G)          213 us
[2024-08-16T20:43:24.434+0800][5.654s][info ][gc,stats       ] Pause Init Update Refs (N)           57 us
[2024-08-16T20:43:24.434+0800][5.654s][info ][gc,stats       ]   Manage GCLABs                       2 us
[2024-08-16T20:43:24.434+0800][5.654s][info ][gc,stats       ] Concurrent Update Refs             2229 us
[2024-08-16T20:43:24.434+0800][5.654s][info ][gc,stats       ] Concurrent Update Thread Roots      265 us
[2024-08-16T20:43:24.434+0800][5.654s][info ][gc,stats       ] Pause Final Update Refs (G)         266 us
[2024-08-16T20:43:24.434+0800][5.654s][info ][gc,stats       ] Pause Final Update Refs (N)         200 us
[2024-08-16T20:43:24.434+0800][5.654s][info ][gc,stats       ]   Update Region States              128 us
[2024-08-16T20:43:24.434+0800][5.654s][info ][gc,stats       ]   Trash Collection Set                2 us
[2024-08-16T20:43:24.434+0800][5.654s][info ][gc,stats       ]   Rebuild Free Set                   13 us
[2024-08-16T20:43:24.434+0800][5.654s][info ][gc,stats       ] Concurrent Cleanup                  135 us
[2024-08-16T20:43:24.434+0800][5.654s][info ][gc,stats       ] Pacing                             4049 us
[2024-08-16T20:43:24.434+0800][5.654s][info ][gc,stats       ] 
[2024-08-16T20:43:24.434+0800][5.654s][info ][gc,stats       ] Allocation pacing accrued:
[2024-08-16T20:43:24.434+0800][5.654s][info ][gc,stats       ]       4 of    12 ms ( 35.0%): main
[2024-08-16T20:43:24.434+0800][5.654s][info ][gc,stats       ]       4 of    12 ms ( 35.0%): <total>
[2024-08-16T20:43:24.434+0800][5.654s][info ][gc,stats       ]       0 of    12 ms (  3.2%): <average total>
[2024-08-16T20:43:24.434+0800][5.654s][info ][gc,stats       ]       4 of    12 ms ( 35.0%): <average non-zero>
[2024-08-16T20:43:24.434+0800][5.654s][info ][gc,stats       ] 
[2024-08-16T20:43:24.434+0800][5.654s][info ][gc,metaspace   ] Metaspace: 842K(960K)->842K(960K) NonClass: 779K(832K)->779K(832K) Class: 62K(128K)->62K(128K)
[2024-08-16T20:43:24.434+0800][5.654s][info ][gc,ergo        ] Pacer for Idle. Initial: 83886K, Alloc Tax Rate: 1.0x
[2024-08-16T20:43:24.493+0800][5.713s][info ][gc             ] Trigger: Free (379M) is below minimum threshold (409M)
[2024-08-16T20:43:24.493+0800][5.713s][info ][gc,ergo        ] Free: 379M, Max: 2048K regular, 358M humongous, Frag: 1% external, 5% internal; Reserve: 206M, Max: 2048K
[2024-08-16T20:43:24.493+0800][5.713s][info ][gc,start       ] GC(11) Concurrent reset
[2024-08-16T20:43:24.493+0800][5.713s][info ][gc,task        ] GC(11) Using 4 of 8 workers for concurrent reset
[2024-08-16T20:43:24.493+0800][5.713s][info ][gc,ergo        ] GC(11) Pacer for Reset. Non-Taxable: 4096M
[2024-08-16T20:43:24.495+0800][5.715s][info ][gc             ] GC(11) Concurrent reset 2.017ms
[2024-08-16T20:43:24.496+0800][5.715s][info ][gc,start       ] GC(11) Pause Init Mark (unload classes)
[2024-08-16T20:43:24.496+0800][5.716s][info ][gc,task        ] GC(11) Using 8 of 8 workers for init marking
[2024-08-16T20:43:24.496+0800][5.716s][info ][gc,ergo        ] GC(11) Pacer for Mark. Expected Live: 1622M, Free: 367M, Non-Taxable: 37658K, Alloc Tax Rate: 5.4x
[2024-08-16T20:43:24.496+0800][5.716s][info ][gc             ] GC(11) Pause Init Mark (unload classes) 0.175ms
[2024-08-16T20:43:24.496+0800][5.716s][info ][gc,start       ] GC(11) Concurrent marking roots
[2024-08-16T20:43:24.496+0800][5.716s][info ][gc,task        ] GC(11) Using 4 of 8 workers for concurrent marking roots
[2024-08-16T20:43:24.496+0800][5.716s][debug][gc,tlab        ] GC(11) TLAB totals: thrds: 1  refills: 1 max: 1 slow allocs: 52 max 52 waste: 40.2% gc: 147672B max: 147672B slow: 0B max: 0B
[2024-08-16T20:43:24.496+0800][5.716s][info ][gc             ] GC(11) Concurrent marking roots 0.280ms
[2024-08-16T20:43:24.497+0800][5.716s][info ][gc,start       ] GC(11) Concurrent marking (unload classes)
[2024-08-16T20:43:24.497+0800][5.716s][info ][gc,task        ] GC(11) Using 4 of 8 workers for concurrent marking
[2024-08-16T20:43:24.498+0800][5.718s][info ][gc             ] GC(11) Concurrent marking (unload classes) 1.798ms
[2024-08-16T20:43:24.498+0800][5.718s][info ][gc,start       ] GC(11) Pause Final Mark (unload classes)
[2024-08-16T20:43:24.498+0800][5.718s][info ][gc,task        ] GC(11) Using 8 of 8 workers for final marking
[2024-08-16T20:43:24.499+0800][5.719s][info ][gc,ergo        ] GC(11) Collectable Garbage: 51200K (97%), Immediate: 51200K (97%), CSet: 0B (0%)
[2024-08-16T20:43:24.499+0800][5.719s][info ][gc             ] GC(11) Pause Final Mark (unload classes) 0.632ms
[2024-08-16T20:43:24.499+0800][5.719s][info ][gc,start       ] GC(11) Concurrent weak references
[2024-08-16T20:43:24.499+0800][5.719s][info ][gc,task        ] GC(11) Using 4 of 8 workers for concurrent weak references
[2024-08-16T20:43:24.499+0800][5.719s][info ][gc,ref         ] GC(11) Encountered references: Soft: 104, Weak: 193, Final: 0, Phantom: 1
[2024-08-16T20:43:24.499+0800][5.719s][info ][gc,ref         ] GC(11) Discovered  references: Soft: 0, Weak: 7, Final: 0, Phantom: 1
[2024-08-16T20:43:24.499+0800][5.719s][info ][gc,ref         ] GC(11) Enqueued    references: Soft: 0, Weak: 0, Final: 0, Phantom: 0
[2024-08-16T20:43:24.499+0800][5.719s][info ][gc             ] GC(11) Concurrent weak references 0.094ms
[2024-08-16T20:43:24.499+0800][5.719s][info ][gc,start       ] GC(11) Concurrent weak roots
[2024-08-16T20:43:24.499+0800][5.719s][info ][gc,task        ] GC(11) Using 4 of 8 workers for concurrent weak root
[2024-08-16T20:43:24.500+0800][5.719s][info ][gc             ] GC(11) Concurrent weak roots 0.425ms
[2024-08-16T20:43:24.500+0800][5.719s][info ][gc,start       ] GC(11) Concurrent cleanup
[2024-08-16T20:43:24.500+0800][5.719s][info ][gc             ] GC(11) Concurrent cleanup 1771M->1721M(3538M) 0.089ms
[2024-08-16T20:43:24.500+0800][5.719s][info ][gc,ergo        ] GC(11) Free: 462M, Max: 2048K regular, 354M humongous, Frag: 22% external, 2% internal; Reserve: 206M, Max: 2048K
[2024-08-16T20:43:24.500+0800][5.720s][info ][gc,start       ] GC(11) Concurrent class unloading
[2024-08-16T20:43:24.500+0800][5.720s][info ][gc,task        ] GC(11) Using 4 of 8 workers for concurrent class unloading
[2024-08-16T20:43:24.500+0800][5.720s][debug][gc,phases,start] GC(11) ClassLoaderData
[2024-08-16T20:43:24.500+0800][5.720s][debug][gc,phases      ] GC(11) ClassLoaderData 0.006ms
[2024-08-16T20:43:24.500+0800][5.720s][debug][gc,phases,start] GC(11) Trigger cleanups
[2024-08-16T20:43:24.500+0800][5.720s][debug][gc,phases      ] GC(11) Trigger cleanups 0.004ms
[2024-08-16T20:43:24.501+0800][5.720s][info ][gc             ] GC(11) Concurrent class unloading 0.644ms
[2024-08-16T20:43:24.501+0800][5.720s][info ][gc,start       ] GC(11) Pause Final Roots
[2024-08-16T20:43:24.501+0800][5.720s][info ][gc             ] GC(11) Pause Final Roots 0.011ms
[2024-08-16T20:43:24.501+0800][5.720s][debug][gc,ergo        ] GC(11) Available: 462 MB, z-score=-1.404. Average available: 1868.1 MB +/- 1001.0 MB.
[2024-08-16T20:43:24.501+0800][5.720s][info ][gc,ergo        ] Free: 462M, Max: 2048K regular, 354M humongous, Frag: 22% external, 2% internal; Reserve: 206M, Max: 2048K
[2024-08-16T20:43:24.501+0800][5.720s][info ][gc,stats       ] 
[2024-08-16T20:43:24.501+0800][5.720s][info ][gc,stats       ] All times are wall-clock times, except per-root-class counters, that are sum over
[2024-08-16T20:43:24.501+0800][5.720s][info ][gc,stats       ] all workers. Dividing the <total> over the root stage time estimates parallelism.
[2024-08-16T20:43:24.501+0800][5.720s][info ][gc,stats       ] 
[2024-08-16T20:43:24.501+0800][5.720s][info ][gc,stats       ] Concurrent Reset                   2084 us
[2024-08-16T20:43:24.501+0800][5.720s][info ][gc,stats       ] Pause Init Mark (G)                 694 us
[2024-08-16T20:43:24.501+0800][5.720s][info ][gc,stats       ] Pause Init Mark (N)                 198 us
[2024-08-16T20:43:24.501+0800][5.720s][info ][gc,stats       ]   Update Region States              118 us
[2024-08-16T20:43:24.501+0800][5.720s][info ][gc,stats       ] Concurrent Mark Roots               315 us, parallelism: 0.62x
[2024-08-16T20:43:24.501+0800][5.720s][info ][gc,stats       ]   CMR: <total>                      195 us
[2024-08-16T20:43:24.501+0800][5.720s][info ][gc,stats       ]   CMR: Thread Roots                 164 us, workers (us):  50,  46,  68,   0, ---, ---, ---, ---, 
[2024-08-16T20:43:24.501+0800][5.720s][info ][gc,stats       ]   CMR: VM Strong Roots                4 us, workers (us):   4,   0,   0,   0, ---, ---, ---, ---, 
[2024-08-16T20:43:24.501+0800][5.720s][info ][gc,stats       ]   CMR: CLDG Roots                    27 us, workers (us):  27, ---, ---, ---, ---, ---, ---, ---, 
[2024-08-16T20:43:24.501+0800][5.720s][info ][gc,stats       ] Concurrent Marking                 1835 us
[2024-08-16T20:43:24.501+0800][5.720s][info ][gc,stats       ] Pause Final Mark (G)                788 us
[2024-08-16T20:43:24.501+0800][5.720s][info ][gc,stats       ] Pause Final Mark (N)                673 us
[2024-08-16T20:43:24.501+0800][5.720s][info ][gc,stats       ]   Finish Mark                       425 us
[2024-08-16T20:43:24.501+0800][5.720s][info ][gc,stats       ]   Update Region States              107 us
[2024-08-16T20:43:24.501+0800][5.720s][info ][gc,stats       ]   Choose Collection Set              56 us
[2024-08-16T20:43:24.501+0800][5.720s][info ][gc,stats       ]   Rebuild Free Set                   10 us
[2024-08-16T20:43:24.501+0800][5.720s][info ][gc,stats       ] Concurrent Weak References          153 us, parallelism: 0.01x
[2024-08-16T20:43:24.501+0800][5.720s][info ][gc,stats       ]   CWRF: <total>                       1 us
[2024-08-16T20:43:24.501+0800][5.720s][info ][gc,stats       ]   CWRF: Weak References               1 us, workers (us):   1,   0,   0,   0, ---, ---, ---, ---, 
[2024-08-16T20:43:24.501+0800][5.720s][info ][gc,stats       ] Concurrent Weak Roots               459 us
[2024-08-16T20:43:24.501+0800][5.720s][info ][gc,stats       ]   Roots                             163 us, parallelism: 1.36x
[2024-08-16T20:43:24.501+0800][5.720s][info ][gc,stats       ]     CWR: <total>                    221 us
[2024-08-16T20:43:24.501+0800][5.721s][info ][gc,stats       ]     CWR: Code Cache Roots           193 us, workers (us):  95,  92,   6,   0, ---, ---, ---, ---, 
[2024-08-16T20:43:24.501+0800][5.721s][info ][gc,stats       ]     CWR: VM Weak Roots               26 us, workers (us):  19,   6,   1,   0, ---, ---, ---, ---, 
[2024-08-16T20:43:24.501+0800][5.721s][info ][gc,stats       ]     CWR: CLDG Roots                   2 us, workers (us):   2, ---, ---, ---, ---, ---, ---, ---, 
[2024-08-16T20:43:24.501+0800][5.721s][info ][gc,stats       ]   Rendezvous                        248 us
[2024-08-16T20:43:24.501+0800][5.721s][info ][gc,stats       ] Concurrent Cleanup                  111 us
[2024-08-16T20:43:24.501+0800][5.721s][info ][gc,stats       ] Concurrent Class Unloading          689 us
[2024-08-16T20:43:24.501+0800][5.721s][info ][gc,stats       ]   Unlink Stale                      321 us
[2024-08-16T20:43:24.501+0800][5.721s][info ][gc,stats       ]     System Dictionary                17 us
[2024-08-16T20:43:24.501+0800][5.721s][info ][gc,stats       ]     Weak Class Links                  0 us
[2024-08-16T20:43:24.501+0800][5.721s][info ][gc,stats       ]     Code Roots                      303 us
[2024-08-16T20:43:24.501+0800][5.721s][info ][gc,stats       ]   Rendezvous                        165 us
[2024-08-16T20:43:24.501+0800][5.721s][info ][gc,stats       ]   Purge Unlinked                    146 us
[2024-08-16T20:43:24.501+0800][5.721s][info ][gc,stats       ]     Code Roots                      133 us
[2024-08-16T20:43:24.501+0800][5.721s][info ][gc,stats       ]     CLDG                             12 us
[2024-08-16T20:43:24.501+0800][5.721s][info ][gc,stats       ]     Exception Caches                  0 us
[2024-08-16T20:43:24.501+0800][5.721s][info ][gc,stats       ] Pause Final Roots (G)                73 us
[2024-08-16T20:43:24.501+0800][5.721s][info ][gc,stats       ] Pause Final Roots (N)                20 us
[2024-08-16T20:43:24.501+0800][5.721s][info ][gc,stats       ] Pacing                             5662 us
[2024-08-16T20:43:24.501+0800][5.721s][info ][gc,stats       ] 
[2024-08-16T20:43:24.501+0800][5.721s][info ][gc,stats       ] Allocation pacing accrued:
[2024-08-16T20:43:24.501+0800][5.721s][info ][gc,stats       ]       6 of    67 ms (  8.5%): main
[2024-08-16T20:43:24.501+0800][5.721s][info ][gc,stats       ]       6 of    67 ms (  8.5%): <total>
[2024-08-16T20:43:24.501+0800][5.721s][info ][gc,stats       ]       1 of    67 ms (  0.8%): <average total>
[2024-08-16T20:43:24.501+0800][5.721s][info ][gc,stats       ]       6 of    67 ms (  8.5%): <average non-zero>
[2024-08-16T20:43:24.501+0800][5.721s][info ][gc,stats       ] 
[2024-08-16T20:43:24.501+0800][5.721s][info ][gc,metaspace   ] Metaspace: 842K(960K)->842K(960K) NonClass: 779K(832K)->779K(832K) Class: 62K(128K)->62K(128K)
[2024-08-16T20:43:24.501+0800][5.721s][info ][gc,ergo        ] Pacer for Idle. Initial: 83886K, Alloc Tax Rate: 1.0x
[2024-08-16T20:43:24.521+0800][5.741s][info ][gc             ] Trigger: Average GC time (14.20 ms) is above the time for average allocation rate (16556 MB/s) to deplete free headroom (234M) (margin of error = 1.82)
[2024-08-16T20:43:24.521+0800][5.741s][info ][gc,ergo        ] Free headroom: 439M (free) - 204M (spike) - 0B (penalties) = 234M
[2024-08-16T20:43:24.521+0800][5.741s][info ][gc,ergo        ] Free: 439M, Max: 2048K regular, 354M humongous, Frag: 18% external, 3% internal; Reserve: 206M, Max: 2048K
[2024-08-16T20:43:24.521+0800][5.741s][info ][gc,start       ] GC(12) Concurrent reset
[2024-08-16T20:43:24.521+0800][5.741s][info ][gc,task        ] GC(12) Using 4 of 8 workers for concurrent reset
[2024-08-16T20:43:24.521+0800][5.741s][info ][gc,ergo        ] GC(12) Pacer for Reset. Non-Taxable: 4096M
[2024-08-16T20:43:24.523+0800][5.743s][info ][gc             ] GC(12) Concurrent reset 1.949ms
[2024-08-16T20:43:24.523+0800][5.743s][info ][gc,start       ] GC(12) Pause Init Mark (unload classes)
[2024-08-16T20:43:24.523+0800][5.743s][info ][gc,task        ] GC(12) Using 8 of 8 workers for init marking
[2024-08-16T20:43:24.523+0800][5.743s][info ][gc,ergo        ] GC(12) Pacer for Mark. Expected Live: 1676M, Free: 435M, Non-Taxable: 44621K, Alloc Tax Rate: 4.7x
[2024-08-16T20:43:24.524+0800][5.743s][info ][gc             ] GC(12) Pause Init Mark (unload classes) 0.156ms
[2024-08-16T20:43:24.524+0800][5.743s][info ][gc,start       ] GC(12) Concurrent marking roots
[2024-08-16T20:43:24.524+0800][5.743s][info ][gc,task        ] GC(12) Using 4 of 8 workers for concurrent marking roots
[2024-08-16T20:43:24.524+0800][5.743s][debug][gc,tlab        ] GC(12) TLAB totals: thrds: 1  refills: 1 max: 1 slow allocs: 52 max 52 waste: 40.2% gc: 147672B max: 147672B slow: 0B max: 0B
[2024-08-16T20:43:24.524+0800][5.743s][info ][gc             ] GC(12) Concurrent marking roots 0.178ms
[2024-08-16T20:43:24.524+0800][5.743s][info ][gc,start       ] GC(12) Concurrent marking (unload classes)
[2024-08-16T20:43:24.524+0800][5.743s][info ][gc,task        ] GC(12) Using 4 of 8 workers for concurrent marking
[2024-08-16T20:43:24.524+0800][5.744s][info ][gc             ] GC(12) Concurrent marking (unload classes) 0.646ms
[2024-08-16T20:43:24.524+0800][5.744s][info ][gc,start       ] GC(12) Pause Final Mark (unload classes)
[2024-08-16T20:43:24.525+0800][5.744s][info ][gc,task        ] GC(12) Using 8 of 8 workers for final marking
[2024-08-16T20:43:24.525+0800][5.745s][info ][gc,ergo        ] GC(12) Adaptive CSet Selection. Target Free: 580M, Actual Free: 628M, Max CSet: 170M, Min Garbage: 0B
[2024-08-16T20:43:24.525+0800][5.745s][info ][gc,ergo        ] GC(12) Collectable Garbage: 1023K (44%), Immediate: 0B (0%), CSet: 1023K (44%)
[2024-08-16T20:43:24.525+0800][5.745s][info ][gc,ergo        ] GC(12) Pacer for Evacuation. Used CSet: 2048K, Free: 2152M, Non-Taxable: 215M, Alloc Tax Rate: 1.1x
[2024-08-16T20:43:24.525+0800][5.745s][info ][gc             ] GC(12) Pause Final Mark (unload classes) 0.608ms
[2024-08-16T20:43:24.525+0800][5.745s][info ][gc,start       ] GC(12) Concurrent thread roots
[2024-08-16T20:43:24.525+0800][5.745s][info ][gc,task        ] GC(12) Using 4 of 8 workers for Concurrent thread roots
[2024-08-16T20:43:24.525+0800][5.745s][info ][gc             ] GC(12) Concurrent thread roots 0.135ms
[2024-08-16T20:43:24.525+0800][5.745s][info ][gc,start       ] GC(12) Concurrent weak references
[2024-08-16T20:43:24.525+0800][5.745s][info ][gc,task        ] GC(12) Using 4 of 8 workers for concurrent weak references
[2024-08-16T20:43:24.525+0800][5.745s][info ][gc,ref         ] GC(12) Encountered references: Soft: 104, Weak: 193, Final: 0, Phantom: 1
[2024-08-16T20:43:24.525+0800][5.745s][info ][gc,ref         ] GC(12) Discovered  references: Soft: 0, Weak: 16, Final: 0, Phantom: 1
[2024-08-16T20:43:24.525+0800][5.745s][info ][gc,ref         ] GC(12) Enqueued    references: Soft: 0, Weak: 0, Final: 0, Phantom: 0
[2024-08-16T20:43:24.525+0800][5.745s][info ][gc             ] GC(12) Concurrent weak references 0.120ms
[2024-08-16T20:43:24.525+0800][5.745s][info ][gc,start       ] GC(12) Concurrent weak roots
[2024-08-16T20:43:24.525+0800][5.745s][info ][gc,task        ] GC(12) Using 4 of 8 workers for concurrent weak root
[2024-08-16T20:43:24.526+0800][5.745s][info ][gc             ] GC(12) Concurrent weak roots 0.294ms
[2024-08-16T20:43:24.526+0800][5.745s][info ][gc,start       ] GC(12) Concurrent cleanup
[2024-08-16T20:43:24.526+0800][5.746s][info ][gc             ] GC(12) Concurrent cleanup 1738M->1738M(3538M) 0.087ms
[2024-08-16T20:43:24.526+0800][5.746s][info ][gc,ergo        ] GC(12) Free: 943M, Max: 2048K regular, 354M humongous, Frag: 16% external, 35% internal; Reserve: 206M, Max: 2048K
[2024-08-16T20:43:24.526+0800][5.746s][info ][gc,start       ] GC(12) Concurrent class unloading
[2024-08-16T20:43:24.526+0800][5.746s][info ][gc,task        ] GC(12) Using 4 of 8 workers for concurrent class unloading
[2024-08-16T20:43:24.526+0800][5.746s][debug][gc,phases,start] GC(12) ClassLoaderData
[2024-08-16T20:43:24.526+0800][5.746s][debug][gc,phases      ] GC(12) ClassLoaderData 0.006ms
[2024-08-16T20:43:24.526+0800][5.746s][debug][gc,phases,start] GC(12) Trigger cleanups
[2024-08-16T20:43:24.526+0800][5.746s][debug][gc,phases      ] GC(12) Trigger cleanups 0.003ms
[2024-08-16T20:43:24.526+0800][5.746s][info ][gc             ] GC(12) Concurrent class unloading 0.382ms
[2024-08-16T20:43:24.526+0800][5.746s][info ][gc,start       ] GC(12) Concurrent strong roots
[2024-08-16T20:43:24.526+0800][5.746s][info ][gc,task        ] GC(12) Using 4 of 8 workers for concurrent strong root
[2024-08-16T20:43:24.526+0800][5.746s][info ][gc             ] GC(12) Concurrent strong roots 0.062ms
[2024-08-16T20:43:24.526+0800][5.746s][info ][gc,start       ] GC(12) Concurrent evacuation
[2024-08-16T20:43:24.526+0800][5.746s][info ][gc,task        ] GC(12) Using 4 of 8 workers for concurrent evacuation
[2024-08-16T20:43:24.527+0800][5.746s][info ][gc             ] GC(12) Concurrent evacuation 0.173ms
[2024-08-16T20:43:24.527+0800][5.746s][info ][gc,start       ] GC(12) Pause Init Update Refs
[2024-08-16T20:43:24.527+0800][5.746s][info ][gc,ergo        ] GC(12) Pacer for Update Refs. Used: 1739M, Free: 943M, Non-Taxable: 96640K, Alloc Tax Rate: 2.3x
[2024-08-16T20:43:24.527+0800][5.746s][info ][gc             ] GC(12) Pause Init Update Refs 0.030ms
[2024-08-16T20:43:24.527+0800][5.746s][info ][gc,start       ] GC(12) Concurrent update references
[2024-08-16T20:43:24.527+0800][5.746s][info ][gc,task        ] GC(12) Using 4 of 8 workers for concurrent reference update
[2024-08-16T20:43:24.529+0800][5.749s][info ][gc             ] GC(12) Concurrent update references 2.376ms
[2024-08-16T20:43:24.529+0800][5.749s][info ][gc,start       ] GC(12) Concurrent update thread roots
[2024-08-16T20:43:24.530+0800][5.749s][info ][gc             ] GC(12) Concurrent update thread roots 0.335ms
[2024-08-16T20:43:24.530+0800][5.749s][info ][gc,start       ] GC(12) Pause Final Update Refs
[2024-08-16T20:43:24.530+0800][5.749s][info ][gc,task        ] GC(12) Using 8 of 8 workers for final reference update
[2024-08-16T20:43:24.530+0800][5.749s][info ][gc             ] GC(12) Pause Final Update Refs 0.177ms
[2024-08-16T20:43:24.530+0800][5.750s][info ][gc,start       ] GC(12) Concurrent cleanup
[2024-08-16T20:43:24.530+0800][5.750s][info ][gc             ] GC(12) Concurrent cleanup 1742M->1740M(3538M) 0.130ms
[2024-08-16T20:43:24.530+0800][5.750s][debug][gc,ergo        ] GC(12) Available: 2149 MB, z-score=0.401. Average available: 1777.3 MB +/- 927.6 MB.
[2024-08-16T20:43:24.530+0800][5.750s][info ][gc,ergo        ] Free: 2149M, Max: 2048K regular, 352M humongous, Frag: 15% external, 44% internal; Reserve: 206M, Max: 2048K
[2024-08-16T20:43:24.530+0800][5.750s][info ][gc,stats       ] 
[2024-08-16T20:43:24.530+0800][5.750s][info ][gc,stats       ] All times are wall-clock times, except per-root-class counters, that are sum over
[2024-08-16T20:43:24.530+0800][5.750s][info ][gc,stats       ] all workers. Dividing the <total> over the root stage time estimates parallelism.
[2024-08-16T20:43:24.530+0800][5.750s][info ][gc,stats       ] 
[2024-08-16T20:43:24.530+0800][5.750s][info ][gc,stats       ] Concurrent Reset                   1991 us
[2024-08-16T20:43:24.530+0800][5.750s][info ][gc,stats       ] Pause Init Mark (G)                 245 us
[2024-08-16T20:43:24.530+0800][5.750s][info ][gc,stats       ] Pause Init Mark (N)                 177 us
[2024-08-16T20:43:24.530+0800][5.750s][info ][gc,stats       ]   Update Region States              120 us
[2024-08-16T20:43:24.530+0800][5.750s][info ][gc,stats       ] Concurrent Mark Roots               206 us, parallelism: 0.88x
[2024-08-16T20:43:24.530+0800][5.750s][info ][gc,stats       ]   CMR: <total>                      181 us
[2024-08-16T20:43:24.530+0800][5.750s][info ][gc,stats       ]   CMR: Thread Roots                 147 us, workers (us):  48,  97,   2,   0, ---, ---, ---, ---, 
[2024-08-16T20:43:24.530+0800][5.750s][info ][gc,stats       ]   CMR: VM Strong Roots                3 us, workers (us):   3,   0,   0,   0, ---, ---, ---, ---, 
[2024-08-16T20:43:24.530+0800][5.750s][info ][gc,stats       ]   CMR: CLDG Roots                    31 us, workers (us):  29,   1, ---, ---, ---, ---, ---, ---, 
[2024-08-16T20:43:24.530+0800][5.750s][info ][gc,stats       ] Concurrent Marking                  703 us
[2024-08-16T20:43:24.530+0800][5.750s][info ][gc,stats       ] Pause Final Mark (G)                688 us
[2024-08-16T20:43:24.530+0800][5.750s][info ][gc,stats       ] Pause Final Mark (N)                636 us
[2024-08-16T20:43:24.530+0800][5.750s][info ][gc,stats       ]   Finish Mark                       376 us
[2024-08-16T20:43:24.530+0800][5.750s][info ][gc,stats       ]   Update Region States               97 us
[2024-08-16T20:43:24.530+0800][5.750s][info ][gc,stats       ]   Choose Collection Set             100 us
[2024-08-16T20:43:24.530+0800][5.750s][info ][gc,stats       ]   Rebuild Free Set                    9 us
[2024-08-16T20:43:24.530+0800][5.750s][info ][gc,stats       ] Concurrent Thread Roots             163 us, parallelism: 0.74x
[2024-08-16T20:43:24.530+0800][5.750s][info ][gc,stats       ]   CTR: <total>                      120 us
[2024-08-16T20:43:24.530+0800][5.750s][info ][gc,stats       ]   CTR: Thread Roots                 120 us, workers (us):  67,  53,   0,   0, ---, ---, ---, ---, 
[2024-08-16T20:43:24.530+0800][5.750s][info ][gc,stats       ] Concurrent Weak References          141 us, parallelism: 0.01x
[2024-08-16T20:43:24.530+0800][5.750s][info ][gc,stats       ]   CWRF: <total>                       2 us
[2024-08-16T20:43:24.530+0800][5.750s][info ][gc,stats       ]   CWRF: Weak References               2 us, workers (us):   2,   0,   0,   0, ---, ---, ---, ---, 
[2024-08-16T20:43:24.530+0800][5.750s][info ][gc,stats       ] Concurrent Weak Roots               334 us
[2024-08-16T20:43:24.530+0800][5.750s][info ][gc,stats       ]   Roots                             153 us, parallelism: 0.89x
[2024-08-16T20:43:24.530+0800][5.750s][info ][gc,stats       ]     CWR: <total>                    136 us
[2024-08-16T20:43:24.530+0800][5.750s][info ][gc,stats       ]     CWR: Code Cache Roots           110 us, workers (us):  52,  58,   0,   0, ---, ---, ---, ---, 
[2024-08-16T20:43:24.530+0800][5.750s][info ][gc,stats       ]     CWR: VM Weak Roots               25 us, workers (us):  15,   9,   1,   0, ---, ---, ---, ---, 
[2024-08-16T20:43:24.530+0800][5.750s][info ][gc,stats       ]     CWR: CLDG Roots                   2 us, workers (us):   2, ---, ---, ---, ---, ---, ---, ---, 
[2024-08-16T20:43:24.530+0800][5.750s][info ][gc,stats       ]   Rendezvous                        129 us
[2024-08-16T20:43:24.530+0800][5.750s][info ][gc,stats       ] Concurrent Cleanup                  110 us
[2024-08-16T20:43:24.530+0800][5.750s][info ][gc,stats       ] Concurrent Class Unloading          426 us
[2024-08-16T20:43:24.530+0800][5.750s][info ][gc,stats       ]   Unlink Stale                      218 us
[2024-08-16T20:43:24.530+0800][5.750s][info ][gc,stats       ]     System Dictionary                18 us
[2024-08-16T20:43:24.530+0800][5.750s][info ][gc,stats       ]     Weak Class Links                  0 us
[2024-08-16T20:43:24.530+0800][5.750s][info ][gc,stats       ]     Code Roots                      200 us
[2024-08-16T20:43:24.530+0800][5.750s][info ][gc,stats       ]   Rendezvous                         43 us
[2024-08-16T20:43:24.530+0800][5.750s][info ][gc,stats       ]   Purge Unlinked                    110 us
[2024-08-16T20:43:24.530+0800][5.750s][info ][gc,stats       ]     Code Roots                       94 us
[2024-08-16T20:43:24.530+0800][5.750s][info ][gc,stats       ]     CLDG                             15 us
[2024-08-16T20:43:24.530+0800][5.750s][info ][gc,stats       ]     Exception Caches                  0 us
[2024-08-16T20:43:24.530+0800][5.750s][info ][gc,stats       ] Concurrent Strong Roots              86 us, parallelism: 0.15x
[2024-08-16T20:43:24.530+0800][5.750s][info ][gc,stats       ]   CSR: <total>                       13 us
[2024-08-16T20:43:24.530+0800][5.750s][info ][gc,stats       ]   CSR: VM Strong Roots                2 us, workers (us):   1,   0,   0,   0, ---, ---, ---, ---, 
[2024-08-16T20:43:24.530+0800][5.750s][info ][gc,stats       ]   CSR: CLDG Roots                    11 us, workers (us):  10,   1, ---, ---, ---, ---, ---, ---, 
[2024-08-16T20:43:24.530+0800][5.750s][info ][gc,stats       ] Concurrent Evacuation               204 us
[2024-08-16T20:43:24.530+0800][5.750s][info ][gc,stats       ] Pause Init Update Refs (G)          140 us
[2024-08-16T20:43:24.530+0800][5.750s][info ][gc,stats       ] Pause Init Update Refs (N)           61 us
[2024-08-16T20:43:24.530+0800][5.750s][info ][gc,stats       ]   Manage GCLABs                       2 us
[2024-08-16T20:43:24.530+0800][5.750s][info ][gc,stats       ] Concurrent Update Refs             2431 us
[2024-08-16T20:43:24.530+0800][5.750s][info ][gc,stats       ] Concurrent Update Thread Roots      380 us
[2024-08-16T20:43:24.530+0800][5.750s][info ][gc,stats       ] Pause Final Update Refs (G)         326 us
[2024-08-16T20:43:24.531+0800][5.750s][info ][gc,stats       ] Pause Final Update Refs (N)         218 us
[2024-08-16T20:43:24.531+0800][5.750s][info ][gc,stats       ]   Update Region States              135 us
[2024-08-16T20:43:24.531+0800][5.750s][info ][gc,stats       ]   Trash Collection Set                2 us
[2024-08-16T20:43:24.531+0800][5.750s][info ][gc,stats       ]   Rebuild Free Set                   14 us
[2024-08-16T20:43:24.531+0800][5.750s][info ][gc,stats       ] Concurrent Cleanup                  166 us
[2024-08-16T20:43:24.531+0800][5.750s][info ][gc,stats       ] Pacing                             6498 us
[2024-08-16T20:43:24.531+0800][5.750s][info ][gc,stats       ] 
[2024-08-16T20:43:24.531+0800][5.750s][info ][gc,stats       ] Allocation pacing accrued:
[2024-08-16T20:43:24.531+0800][5.750s][info ][gc,stats       ]       6 of    30 ms ( 22.0%): main
[2024-08-16T20:43:24.531+0800][5.750s][info ][gc,stats       ]       6 of    30 ms ( 22.0%): <total>
[2024-08-16T20:43:24.531+0800][5.750s][info ][gc,stats       ]       1 of    30 ms (  2.0%): <average total>
[2024-08-16T20:43:24.531+0800][5.750s][info ][gc,stats       ]       6 of    30 ms ( 22.0%): <average non-zero>
[2024-08-16T20:43:24.531+0800][5.750s][info ][gc,stats       ] 
[2024-08-16T20:43:24.531+0800][5.750s][info ][gc,metaspace   ] Metaspace: 842K(960K)->842K(960K) NonClass: 779K(832K)->779K(832K) Class: 62K(128K)->62K(128K)
[2024-08-16T20:43:24.531+0800][5.750s][info ][gc,ergo        ] Pacer for Idle. Initial: 83886K, Alloc Tax Rate: 1.0x
[2024-08-16T20:43:24.568+0800][5.788s][info ][gc             ] Trigger: Free (365M) is below minimum threshold (409M)
[2024-08-16T20:43:24.568+0800][5.788s][info ][gc,ergo        ] Free: 365M, Max: 2048K regular, 352M humongous, Frag: 0% external, 4% internal; Reserve: 206M, Max: 2048K
[2024-08-16T20:43:24.568+0800][5.788s][info ][gc,start       ] GC(13) Concurrent reset
[2024-08-16T20:43:24.569+0800][5.788s][info ][gc,task        ] GC(13) Using 4 of 8 workers for concurrent reset
[2024-08-16T20:43:24.569+0800][5.788s][info ][gc,ergo        ] GC(13) Pacer for Reset. Non-Taxable: 4096M
[2024-08-16T20:43:24.572+0800][5.792s][info ][gc             ] GC(13) Concurrent reset 3.612ms
[2024-08-16T20:43:24.573+0800][5.792s][info ][gc,start       ] GC(13) Pause Init Mark (unload classes)
[2024-08-16T20:43:24.573+0800][5.792s][info ][gc,task        ] GC(13) Using 8 of 8 workers for init marking
[2024-08-16T20:43:24.573+0800][5.793s][info ][gc,ergo        ] GC(13) Pacer for Mark. Expected Live: 1705M, Free: 361M, Non-Taxable: 37044K, Alloc Tax Rate: 5.8x
[2024-08-16T20:43:24.573+0800][5.793s][info ][gc             ] GC(13) Pause Init Mark (unload classes) 0.681ms
[2024-08-16T20:43:24.574+0800][5.793s][info ][gc,start       ] GC(13) Concurrent marking roots
[2024-08-16T20:43:24.574+0800][5.793s][info ][gc,task        ] GC(13) Using 4 of 8 workers for concurrent marking roots
[2024-08-16T20:43:24.574+0800][5.793s][debug][gc,tlab        ] GC(13) TLAB totals: thrds: 1  refills: 1 max: 1 slow allocs: 36 max 36 waste: 69.6% gc: 348400B max: 348400B slow: 0B max: 0B
[2024-08-16T20:43:24.574+0800][5.794s][info ][gc             ] GC(13) Concurrent marking roots 0.716ms
[2024-08-16T20:43:24.574+0800][5.794s][info ][gc,start       ] GC(13) Concurrent marking (unload classes)
[2024-08-16T20:43:24.575+0800][5.794s][info ][gc,task        ] GC(13) Using 4 of 8 workers for concurrent marking
[2024-08-16T20:43:24.577+0800][5.797s][info ][gc             ] GC(13) Concurrent marking (unload classes) 2.743ms
[2024-08-16T20:43:24.577+0800][5.797s][info ][gc,start       ] GC(13) Pause Final Mark (unload classes)
[2024-08-16T20:43:24.578+0800][5.797s][info ][gc,task        ] GC(13) Using 8 of 8 workers for final marking
[2024-08-16T20:43:24.579+0800][5.799s][info ][gc,ergo        ] GC(13) Adaptive CSet Selection. Target Free: 580M, Actual Free: 552M, Max CSet: 170M, Min Garbage: 28945K
[2024-08-16T20:43:24.579+0800][5.799s][info ][gc,ergo        ] GC(13) Collectable Garbage: 2262K (100%), Immediate: 0B (0%), CSet: 2262K (100%)
[2024-08-16T20:43:24.579+0800][5.799s][info ][gc,ergo        ] GC(13) Pacer for Evacuation. Used CSet: 171M, Free: 1948M, Non-Taxable: 194M, Alloc Tax Rate: 1.1x
[2024-08-16T20:43:24.579+0800][5.799s][info ][gc             ] GC(13) Pause Final Mark (unload classes) 1.783ms
[2024-08-16T20:43:24.580+0800][5.799s][info ][gc,start       ] GC(13) Concurrent thread roots
[2024-08-16T20:43:24.580+0800][5.799s][info ][gc,task        ] GC(13) Using 4 of 8 workers for Concurrent thread roots
[2024-08-16T20:43:24.580+0800][5.800s][info ][gc             ] GC(13) Concurrent thread roots 0.418ms
[2024-08-16T20:43:24.580+0800][5.800s][info ][gc,start       ] GC(13) Concurrent weak references
[2024-08-16T20:43:24.580+0800][5.800s][info ][gc,task        ] GC(13) Using 4 of 8 workers for concurrent weak references
[2024-08-16T20:43:24.580+0800][5.800s][info ][gc,ref         ] GC(13) Encountered references: Soft: 104, Weak: 193, Final: 0, Phantom: 1
[2024-08-16T20:43:24.581+0800][5.800s][info ][gc,ref         ] GC(13) Discovered  references: Soft: 0, Weak: 33, Final: 0, Phantom: 1
[2024-08-16T20:43:24.581+0800][5.800s][info ][gc,ref         ] GC(13) Enqueued    references: Soft: 0, Weak: 0, Final: 0, Phantom: 0
[2024-08-16T20:43:24.581+0800][5.800s][info ][gc             ] GC(13) Concurrent weak references 0.442ms
[2024-08-16T20:43:24.581+0800][5.800s][info ][gc,start       ] GC(13) Concurrent weak roots
[2024-08-16T20:43:24.581+0800][5.800s][info ][gc,task        ] GC(13) Using 4 of 8 workers for concurrent weak root
[2024-08-16T20:43:24.582+0800][5.802s][info ][gc             ] GC(13) Concurrent weak roots 1.300ms
[2024-08-16T20:43:24.582+0800][5.802s][info ][gc,start       ] GC(13) Concurrent cleanup
[2024-08-16T20:43:24.582+0800][5.802s][info ][gc             ] GC(13) Concurrent cleanup 1777M->1777M(3548M) 0.196ms
[2024-08-16T20:43:24.582+0800][5.802s][info ][gc,ergo        ] GC(13) Free: 354M, Max: 2048K regular, 344M humongous, Frag: 0% external, 3% internal; Reserve: 205M, Max: 2048K
[2024-08-16T20:43:24.582+0800][5.802s][info ][gc,start       ] GC(13) Concurrent class unloading
[2024-08-16T20:43:24.582+0800][5.802s][info ][gc,task        ] GC(13) Using 4 of 8 workers for concurrent class unloading
[2024-08-16T20:43:24.582+0800][5.802s][debug][gc,phases,start] GC(13) ClassLoaderData
[2024-08-16T20:43:24.582+0800][5.802s][debug][gc,phases      ] GC(13) ClassLoaderData 0.010ms
[2024-08-16T20:43:24.582+0800][5.802s][debug][gc,phases,start] GC(13) Trigger cleanups
[2024-08-16T20:43:24.582+0800][5.802s][debug][gc,phases      ] GC(13) Trigger cleanups 0.006ms
[2024-08-16T20:43:24.583+0800][5.803s][info ][gc             ] GC(13) Concurrent class unloading 0.960ms
[2024-08-16T20:43:24.583+0800][5.803s][info ][gc,start       ] GC(13) Concurrent strong roots
[2024-08-16T20:43:24.583+0800][5.803s][info ][gc,task        ] GC(13) Using 4 of 8 workers for concurrent strong root
[2024-08-16T20:43:24.584+0800][5.803s][info ][gc             ] GC(13) Concurrent strong roots 0.323ms
[2024-08-16T20:43:24.584+0800][5.803s][info ][gc,start       ] GC(13) Concurrent evacuation
[2024-08-16T20:43:24.584+0800][5.803s][info ][gc,task        ] GC(13) Using 4 of 8 workers for concurrent evacuation
[2024-08-16T20:43:24.625+0800][5.845s][info ][gc             ] GC(13) Concurrent evacuation 41.325ms
[2024-08-16T20:43:24.625+0800][5.845s][info ][gc,start       ] GC(13) Pause Init Update Refs
[2024-08-16T20:43:24.625+0800][5.845s][info ][gc,ergo        ] GC(13) Pacer for Update Refs. Used: 2088M, Free: 216M, Non-Taxable: 22220K, Alloc Tax Rate: 11.8x
[2024-08-16T20:43:24.625+0800][5.845s][info ][gc             ] GC(13) Pause Init Update Refs 0.025ms
[2024-08-16T20:43:24.625+0800][5.845s][info ][gc,start       ] GC(13) Concurrent update references
[2024-08-16T20:43:24.625+0800][5.845s][info ][gc,task        ] GC(13) Using 4 of 8 workers for concurrent reference update
[2024-08-16T20:43:24.627+0800][5.847s][info ][gc             ] GC(13) Concurrent update references 2.150ms
[2024-08-16T20:43:24.627+0800][5.847s][info ][gc,start       ] GC(13) Concurrent update thread roots
[2024-08-16T20:43:24.628+0800][5.847s][info ][gc             ] GC(13) Concurrent update thread roots 0.354ms
[2024-08-16T20:43:24.628+0800][5.848s][info ][gc,start       ] GC(13) Pause Final Update Refs
[2024-08-16T20:43:24.628+0800][5.848s][info ][gc,task        ] GC(13) Using 8 of 8 workers for final reference update
[2024-08-16T20:43:24.628+0800][5.848s][info ][gc             ] GC(13) Pause Final Update Refs 0.182ms
[2024-08-16T20:43:24.628+0800][5.848s][info ][gc,start       ] GC(13) Concurrent cleanup
[2024-08-16T20:43:24.628+0800][5.848s][info ][gc             ] GC(13) Concurrent cleanup 2090M->1919M(3894M) 0.120ms
[2024-08-16T20:43:24.628+0800][5.848s][debug][gc,ergo        ] GC(13) Available: 1970 MB, z-score=0.341. Average available: 1681.2 MB +/- 849.4 MB.
[2024-08-16T20:43:24.628+0800][5.848s][info ][gc,ergo        ] Free: 1970M, Max: 2048K regular, 222M humongous, Frag: 34% external, 45% internal; Reserve: 206M, Max: 2048K
[2024-08-16T20:43:24.628+0800][5.848s][info ][gc,stats       ] 
[2024-08-16T20:43:24.628+0800][5.848s][info ][gc,stats       ] All times are wall-clock times, except per-root-class counters, that are sum over
[2024-08-16T20:43:24.628+0800][5.848s][info ][gc,stats       ] all workers. Dividing the <total> over the root stage time estimates parallelism.
[2024-08-16T20:43:24.628+0800][5.848s][info ][gc,stats       ] 
[2024-08-16T20:43:24.628+0800][5.848s][info ][gc,stats       ] Concurrent Reset                   3891 us
[2024-08-16T20:43:24.628+0800][5.848s][info ][gc,stats       ] Pause Init Mark (G)                1201 us
[2024-08-16T20:43:24.628+0800][5.848s][info ][gc,stats       ] Pause Init Mark (N)                 803 us
[2024-08-16T20:43:24.628+0800][5.848s][info ][gc,stats       ]   Update Region States              478 us
[2024-08-16T20:43:24.628+0800][5.848s][info ][gc,stats       ] Concurrent Mark Roots               903 us, parallelism: 0.48x
[2024-08-16T20:43:24.628+0800][5.848s][info ][gc,stats       ]   CMR: <total>                      436 us
[2024-08-16T20:43:24.628+0800][5.848s][info ][gc,stats       ]   CMR: Thread Roots                 318 us, workers (us): 105, 155,  21,  38, ---, ---, ---, ---, 
[2024-08-16T20:43:24.628+0800][5.848s][info ][gc,stats       ]   CMR: VM Strong Roots               14 us, workers (us):  10,   1,   1,   0, ---, ---, ---, ---, 
[2024-08-16T20:43:24.628+0800][5.848s][info ][gc,stats       ]   CMR: CLDG Roots                   104 us, workers (us): 104, ---, ---, ---, ---, ---, ---, ---, 
[2024-08-16T20:43:24.628+0800][5.848s][info ][gc,stats       ] Concurrent Marking                 2872 us
[2024-08-16T20:43:24.628+0800][5.848s][info ][gc,stats       ] Pause Final Mark (G)               2158 us
[2024-08-16T20:43:24.628+0800][5.848s][info ][gc,stats       ] Pause Final Mark (N)               1885 us
[2024-08-16T20:43:24.628+0800][5.848s][info ][gc,stats       ]   Finish Mark                       966 us
[2024-08-16T20:43:24.628+0800][5.848s][info ][gc,stats       ]   Update Region States              363 us
[2024-08-16T20:43:24.628+0800][5.848s][info ][gc,stats       ]   Choose Collection Set             286 us
[2024-08-16T20:43:24.628+0800][5.848s][info ][gc,stats       ]   Rebuild Free Set                   23 us
[2024-08-16T20:43:24.628+0800][5.848s][info ][gc,stats       ] Concurrent Thread Roots             580 us, parallelism: 0.51x
[2024-08-16T20:43:24.628+0800][5.848s][info ][gc,stats       ]   CTR: <total>                      295 us
[2024-08-16T20:43:24.628+0800][5.848s][info ][gc,stats       ]   CTR: Thread Roots                 295 us, workers (us): 113,  90,  92,   0, ---, ---, ---, ---, 
[2024-08-16T20:43:24.628+0800][5.848s][info ][gc,stats       ] Concurrent Weak References          506 us, parallelism: 0.80x
[2024-08-16T20:43:24.628+0800][5.848s][info ][gc,stats       ]   CWRF: <total>                     403 us
[2024-08-16T20:43:24.628+0800][5.848s][info ][gc,stats       ]   CWRF: Weak References             403 us, workers (us): 215, 187,   1,   1, ---, ---, ---, ---, 
[2024-08-16T20:43:24.628+0800][5.848s][info ][gc,stats       ] Concurrent Weak Roots              1446 us
[2024-08-16T20:43:24.628+0800][5.848s][info ][gc,stats       ]   Roots                             262 us, parallelism: 1.05x
[2024-08-16T20:43:24.628+0800][5.848s][info ][gc,stats       ]     CWR: <total>                    275 us
[2024-08-16T20:43:24.628+0800][5.848s][info ][gc,stats       ]     CWR: Code Cache Roots           120 us, workers (us):  48,   4,  68,   0, ---, ---, ---, ---, 
[2024-08-16T20:43:24.628+0800][5.848s][info ][gc,stats       ]     CWR: VM Weak Roots              151 us, workers (us): 109,  21,  22,   0, ---, ---, ---, ---, 
[2024-08-16T20:43:24.628+0800][5.848s][info ][gc,stats       ]     CWR: CLDG Roots                   3 us, workers (us): ---,   3, ---, ---, ---, ---, ---, ---, 
[2024-08-16T20:43:24.628+0800][5.848s][info ][gc,stats       ]   Rendezvous                       1009 us
[2024-08-16T20:43:24.628+0800][5.848s][info ][gc,stats       ] Concurrent Cleanup                  242 us
[2024-08-16T20:43:24.628+0800][5.848s][info ][gc,stats       ] Concurrent Class Unloading         1026 us
[2024-08-16T20:43:24.629+0800][5.848s][info ][gc,stats       ]   Unlink Stale                      580 us
[2024-08-16T20:43:24.629+0800][5.848s][info ][gc,stats       ]     System Dictionary                29 us
[2024-08-16T20:43:24.629+0800][5.848s][info ][gc,stats       ]     Weak Class Links                  0 us
[2024-08-16T20:43:24.629+0800][5.848s][info ][gc,stats       ]     Code Roots                      549 us
[2024-08-16T20:43:24.629+0800][5.848s][info ][gc,stats       ]   Rendezvous                        112 us
[2024-08-16T20:43:24.629+0800][5.848s][info ][gc,stats       ]   Purge Unlinked                    249 us
[2024-08-16T20:43:24.629+0800][5.848s][info ][gc,stats       ]     Code Roots                      224 us
[2024-08-16T20:43:24.629+0800][5.848s][info ][gc,stats       ]     CLDG                             24 us
[2024-08-16T20:43:24.629+0800][5.848s][info ][gc,stats       ]     Exception Caches                  0 us
[2024-08-16T20:43:24.629+0800][5.848s][info ][gc,stats       ] Concurrent Strong Roots             385 us, parallelism: 0.57x
[2024-08-16T20:43:24.629+0800][5.848s][info ][gc,stats       ]   CSR: <total>                      218 us
[2024-08-16T20:43:24.629+0800][5.848s][info ][gc,stats       ]   CSR: VM Strong Roots               34 us, workers (us):  17,  17,   0,   0, ---, ---, ---, ---, 
[2024-08-16T20:43:24.629+0800][5.848s][info ][gc,stats       ]   CSR: CLDG Roots                   184 us, workers (us):  13, 171, ---, ---, ---, ---, ---, ---, 
[2024-08-16T20:43:24.629+0800][5.848s][info ][gc,stats       ] Concurrent Evacuation             41395 us
[2024-08-16T20:43:24.629+0800][5.848s][info ][gc,stats       ] Pause Init Update Refs (G)          126 us
[2024-08-16T20:43:24.629+0800][5.848s][info ][gc,stats       ] Pause Init Update Refs (N)           55 us
[2024-08-16T20:43:24.629+0800][5.848s][info ][gc,stats       ]   Manage GCLABs                       3 us
[2024-08-16T20:43:24.629+0800][5.848s][info ][gc,stats       ] Concurrent Update Refs             2206 us
[2024-08-16T20:43:24.629+0800][5.848s][info ][gc,stats       ] Concurrent Update Thread Roots      404 us
[2024-08-16T20:43:24.629+0800][5.848s][info ][gc,stats       ] Pause Final Update Refs (G)         332 us
[2024-08-16T20:43:24.629+0800][5.848s][info ][gc,stats       ] Pause Final Update Refs (N)         270 us
[2024-08-16T20:43:24.629+0800][5.848s][info ][gc,stats       ]   Update Region States              124 us
[2024-08-16T20:43:24.629+0800][5.848s][info ][gc,stats       ]   Trash Collection Set                5 us
[2024-08-16T20:43:24.629+0800][5.848s][info ][gc,stats       ]   Rebuild Free Set                   14 us
[2024-08-16T20:43:24.629+0800][5.848s][info ][gc,stats       ] Concurrent Cleanup                  146 us
[2024-08-16T20:43:24.629+0800][5.848s][info ][gc,stats       ] Pacing                            34180 us
[2024-08-16T20:43:24.629+0800][5.848s][info ][gc,stats       ] 
[2024-08-16T20:43:24.629+0800][5.848s][info ][gc,stats       ] Allocation pacing accrued:
[2024-08-16T20:43:24.629+0800][5.848s][info ][gc,stats       ]      34 of    98 ms ( 34.9%): main
[2024-08-16T20:43:24.629+0800][5.848s][info ][gc,stats       ]      34 of    98 ms ( 34.9%): <total>
[2024-08-16T20:43:24.629+0800][5.848s][info ][gc,stats       ]       3 of    98 ms (  3.2%): <average total>
[2024-08-16T20:43:24.629+0800][5.848s][info ][gc,stats       ]      34 of    98 ms ( 34.9%): <average non-zero>
[2024-08-16T20:43:24.629+0800][5.848s][info ][gc,stats       ] 
[2024-08-16T20:43:24.629+0800][5.848s][info ][gc,metaspace   ] Metaspace: 842K(960K)->842K(960K) NonClass: 779K(832K)->779K(832K) Class: 62K(128K)->62K(128K)
[2024-08-16T20:43:24.629+0800][5.848s][info ][gc,ergo        ] Pacer for Idle. Initial: 83886K, Alloc Tax Rate: 1.0x
[2024-08-16T20:43:24.634+0800][5.854s][info ][gc             ] Trigger: Average GC time (80.75 ms) is above the time for average allocation rate (16556 MB/s) to deplete free headroom (651M) (margin of error = 1.82)
[2024-08-16T20:43:24.634+0800][5.854s][info ][gc,ergo        ] Free headroom: 856M (free) - 204M (spike) - 0B (penalties) = 651M
[2024-08-16T20:43:24.634+0800][5.854s][info ][gc,ergo        ] Free: 856M, Max: 2048K regular, 220M humongous, Frag: 33% external, 38% internal; Reserve: 206M, Max: 2048K
[2024-08-16T20:43:24.634+0800][5.854s][info ][gc,start       ] GC(14) Concurrent reset
[2024-08-16T20:43:24.634+0800][5.854s][info ][gc,task        ] GC(14) Using 4 of 8 workers for concurrent reset
[2024-08-16T20:43:24.634+0800][5.854s][info ][gc,ergo        ] GC(14) Pacer for Reset. Non-Taxable: 4096M
[2024-08-16T20:43:24.636+0800][5.856s][info ][gc             ] GC(14) Concurrent reset 1.895ms
[2024-08-16T20:43:24.636+0800][5.856s][info ][gc,start       ] GC(14) Pause Init Mark (unload classes)
[2024-08-16T20:43:24.636+0800][5.856s][info ][gc,task        ] GC(14) Using 8 of 8 workers for init marking
[2024-08-16T20:43:24.636+0800][5.856s][info ][gc,ergo        ] GC(14) Pacer for Mark. Expected Live: 1729M, Free: 852M, Non-Taxable: 87322K, Alloc Tax Rate: 2.5x
[2024-08-16T20:43:24.636+0800][5.856s][info ][gc             ] GC(14) Pause Init Mark (unload classes) 0.126ms
[2024-08-16T20:43:24.637+0800][5.856s][info ][gc,start       ] GC(14) Concurrent marking roots
[2024-08-16T20:43:24.637+0800][5.856s][info ][gc,task        ] GC(14) Using 4 of 8 workers for concurrent marking roots
[2024-08-16T20:43:24.637+0800][5.856s][debug][gc,tlab        ] GC(14) TLAB totals: thrds: 1  refills: 1 max: 1 slow allocs: 2 max 2 waste: 99.0% gc: 858672B max: 858672B slow: 0B max: 0B
[2024-08-16T20:43:24.637+0800][5.856s][info ][gc             ] GC(14) Concurrent marking roots 0.176ms
[2024-08-16T20:43:24.637+0800][5.856s][info ][gc,start       ] GC(14) Concurrent marking (unload classes)
[2024-08-16T20:43:24.637+0800][5.856s][info ][gc,task        ] GC(14) Using 4 of 8 workers for concurrent marking
[2024-08-16T20:43:24.639+0800][5.859s][info ][gc             ] GC(14) Concurrent marking (unload classes) 2.236ms
[2024-08-16T20:43:24.639+0800][5.859s][info ][gc,start       ] GC(14) Pause Final Mark (unload classes)
[2024-08-16T20:43:24.639+0800][5.859s][info ][gc,task        ] GC(14) Using 8 of 8 workers for final marking
[2024-08-16T20:43:24.640+0800][5.859s][info ][gc,ergo        ] GC(14) Adaptive CSet Selection. Target Free: 580M, Actual Free: 522M, Max CSet: 170M, Min Garbage: 59665K
[2024-08-16T20:43:24.640+0800][5.859s][info ][gc,ergo        ] GC(14) Collectable Garbage: 140M (99%), Immediate: 0B (0%), CSet: 140M (99%)
[2024-08-16T20:43:24.640+0800][5.859s][info ][gc,ergo        ] GC(14) Pacer for Evacuation. Used CSet: 281M, Free: 1961M, Non-Taxable: 196M, Alloc Tax Rate: 1.1x
[2024-08-16T20:43:24.640+0800][5.859s][info ][gc             ] GC(14) Pause Final Mark (unload classes) 0.654ms
[2024-08-16T20:43:24.640+0800][5.859s][info ][gc,start       ] GC(14) Concurrent thread roots
[2024-08-16T20:43:24.640+0800][5.859s][info ][gc,task        ] GC(14) Using 4 of 8 workers for Concurrent thread roots
[2024-08-16T20:43:24.640+0800][5.860s][info ][gc             ] GC(14) Concurrent thread roots 0.127ms
[2024-08-16T20:43:24.640+0800][5.860s][info ][gc,start       ] GC(14) Concurrent weak references
[2024-08-16T20:43:24.640+0800][5.860s][info ][gc,task        ] GC(14) Using 4 of 8 workers for concurrent weak references
[2024-08-16T20:43:24.640+0800][5.860s][info ][gc,ref         ] GC(14) Encountered references: Soft: 104, Weak: 193, Final: 0, Phantom: 1
[2024-08-16T20:43:24.640+0800][5.860s][info ][gc,ref         ] GC(14) Discovered  references: Soft: 0, Weak: 0, Final: 0, Phantom: 1
[2024-08-16T20:43:24.640+0800][5.860s][info ][gc,ref         ] GC(14) Enqueued    references: Soft: 0, Weak: 0, Final: 0, Phantom: 0
[2024-08-16T20:43:24.640+0800][5.860s][info ][gc             ] GC(14) Concurrent weak references 0.153ms
[2024-08-16T20:43:24.640+0800][5.860s][info ][gc,start       ] GC(14) Concurrent weak roots
[2024-08-16T20:43:24.640+0800][5.860s][info ][gc,task        ] GC(14) Using 4 of 8 workers for concurrent weak root
[2024-08-16T20:43:24.641+0800][5.860s][info ][gc             ] GC(14) Concurrent weak roots 0.367ms
[2024-08-16T20:43:24.641+0800][5.860s][info ][gc,start       ] GC(14) Concurrent cleanup
[2024-08-16T20:43:24.641+0800][5.861s][info ][gc             ] GC(14) Concurrent cleanup 1929M->1929M(3894M) 0.422ms
[2024-08-16T20:43:24.641+0800][5.861s][info ][gc,ergo        ] GC(14) Free: 846M, Max: 2048K regular, 210M humongous, Frag: 34% external, 38% internal; Reserve: 206M, Max: 2048K
[2024-08-16T20:43:24.641+0800][5.861s][info ][gc,start       ] GC(14) Concurrent class unloading
[2024-08-16T20:43:24.641+0800][5.861s][info ][gc,task        ] GC(14) Using 4 of 8 workers for concurrent class unloading
[2024-08-16T20:43:24.641+0800][5.861s][debug][gc,phases,start] GC(14) ClassLoaderData
[2024-08-16T20:43:24.641+0800][5.861s][debug][gc,phases      ] GC(14) ClassLoaderData 0.013ms
[2024-08-16T20:43:24.641+0800][5.861s][debug][gc,phases,start] GC(14) Trigger cleanups
[2024-08-16T20:43:24.641+0800][5.861s][debug][gc,phases      ] GC(14) Trigger cleanups 0.009ms
[2024-08-16T20:43:24.642+0800][5.861s][info ][gc             ] GC(14) Concurrent class unloading 0.489ms
[2024-08-16T20:43:24.642+0800][5.861s][info ][gc,start       ] GC(14) Concurrent strong roots
[2024-08-16T20:43:24.642+0800][5.861s][info ][gc,task        ] GC(14) Using 4 of 8 workers for concurrent strong root
[2024-08-16T20:43:24.642+0800][5.862s][info ][gc             ] GC(14) Concurrent strong roots 0.135ms
[2024-08-16T20:43:24.642+0800][5.862s][info ][gc,start       ] GC(14) Concurrent evacuation
[2024-08-16T20:43:24.642+0800][5.862s][info ][gc,task        ] GC(14) Using 4 of 8 workers for concurrent evacuation
[2024-08-16T20:43:24.671+0800][5.890s][info ][gc             ] GC(14) Concurrent evacuation 28.735ms
[2024-08-16T20:43:24.671+0800][5.891s][info ][gc,start       ] GC(14) Pause Init Update Refs
[2024-08-16T20:43:24.671+0800][5.891s][info ][gc,ergo        ] GC(14) Pacer for Update Refs. Used: 2183M, Free: 766M, Non-Taxable: 78498K, Alloc Tax Rate: 3.5x
[2024-08-16T20:43:24.671+0800][5.891s][info ][gc             ] GC(14) Pause Init Update Refs 0.048ms
[2024-08-16T20:43:24.671+0800][5.891s][info ][gc,start       ] GC(14) Concurrent update references
[2024-08-16T20:43:24.671+0800][5.891s][info ][gc,task        ] GC(14) Using 4 of 8 workers for concurrent reference update
[2024-08-16T20:43:24.673+0800][5.893s][info ][gc             ] GC(14) Concurrent update references 2.130ms
[2024-08-16T20:43:24.673+0800][5.893s][info ][gc,start       ] GC(14) Concurrent update thread roots
[2024-08-16T20:43:24.674+0800][5.893s][info ][gc             ] GC(14) Concurrent update thread roots 0.390ms
[2024-08-16T20:43:24.674+0800][5.893s][info ][gc,start       ] GC(14) Pause Final Update Refs
[2024-08-16T20:43:24.674+0800][5.893s][info ][gc,task        ] GC(14) Using 8 of 8 workers for final reference update
[2024-08-16T20:43:24.674+0800][5.894s][info ][gc             ] GC(14) Pause Final Update Refs 0.178ms
[2024-08-16T20:43:24.674+0800][5.894s][info ][gc,start       ] GC(14) Concurrent cleanup
[2024-08-16T20:43:24.674+0800][5.894s][info ][gc             ] GC(14) Concurrent cleanup 2183M->1901M(4096M) 0.106ms
[2024-08-16T20:43:24.674+0800][5.894s][debug][gc,ergo        ] GC(14) Available: 1988 MB, z-score=0.682. Average available: 1542.9 MB +/- 652.8 MB.
[2024-08-16T20:43:24.674+0800][5.894s][debug][gc,ergo        ] GC(14) Margin of error now 1.81
[2024-08-16T20:43:24.674+0800][5.894s][info ][gc,ergo        ] Free: 1988M, Max: 2048K regular, 206M humongous, Frag: 34% external, 45% internal; Reserve: 206M, Max: 2048K
[2024-08-16T20:43:24.674+0800][5.894s][info ][gc,stats       ] 
[2024-08-16T20:43:24.674+0800][5.894s][info ][gc,stats       ] All times are wall-clock times, except per-root-class counters, that are sum over
[2024-08-16T20:43:24.674+0800][5.894s][info ][gc,stats       ] all workers. Dividing the <total> over the root stage time estimates parallelism.
[2024-08-16T20:43:24.674+0800][5.894s][info ][gc,stats       ] 
[2024-08-16T20:43:24.674+0800][5.894s][info ][gc,stats       ] Concurrent Reset                   1959 us
[2024-08-16T20:43:24.674+0800][5.894s][info ][gc,stats       ] Pause Init Mark (G)                 202 us
[2024-08-16T20:43:24.674+0800][5.894s][info ][gc,stats       ] Pause Init Mark (N)                 147 us
[2024-08-16T20:43:24.674+0800][5.894s][info ][gc,stats       ]   Update Region States               95 us
[2024-08-16T20:43:24.674+0800][5.894s][info ][gc,stats       ] Concurrent Mark Roots               221 us, parallelism: 1.09x
[2024-08-16T20:43:24.674+0800][5.894s][info ][gc,stats       ]   CMR: <total>                      242 us
[2024-08-16T20:43:24.674+0800][5.894s][info ][gc,stats       ]   CMR: Thread Roots                 168 us, workers (us):  74,  32,  62,   0, ---, ---, ---, ---, 
[2024-08-16T20:43:24.674+0800][5.894s][info ][gc,stats       ]   CMR: VM Strong Roots               19 us, workers (us):  14,   4,   0,   0, ---, ---, ---, ---, 
[2024-08-16T20:43:24.674+0800][5.894s][info ][gc,stats       ]   CMR: CLDG Roots                    55 us, workers (us):   2,  53, ---, ---, ---, ---, ---, ---, 
[2024-08-16T20:43:24.674+0800][5.894s][info ][gc,stats       ] Concurrent Marking                 2274 us
[2024-08-16T20:43:24.674+0800][5.894s][info ][gc,stats       ] Pause Final Mark (G)                743 us
[2024-08-16T20:43:24.674+0800][5.894s][info ][gc,stats       ] Pause Final Mark (N)                676 us
[2024-08-16T20:43:24.674+0800][5.894s][info ][gc,stats       ]   Finish Mark                       444 us
[2024-08-16T20:43:24.674+0800][5.894s][info ][gc,stats       ]   Update Region States               96 us
[2024-08-16T20:43:24.674+0800][5.894s][info ][gc,stats       ]   Choose Collection Set              78 us
[2024-08-16T20:43:24.674+0800][5.894s][info ][gc,stats       ]   Rebuild Free Set                    6 us
[2024-08-16T20:43:24.674+0800][5.894s][info ][gc,stats       ] Concurrent Thread Roots             166 us, parallelism: 0.54x
[2024-08-16T20:43:24.674+0800][5.894s][info ][gc,stats       ]   CTR: <total>                       91 us
[2024-08-16T20:43:24.674+0800][5.894s][info ][gc,stats       ]   CTR: Thread Roots                  91 us, workers (us):  25,  33,  33,   0, ---, ---, ---, ---, 
[2024-08-16T20:43:24.674+0800][5.894s][info ][gc,stats       ] Concurrent Weak References          198 us, parallelism: 0.01x
[2024-08-16T20:43:24.674+0800][5.894s][info ][gc,stats       ]   CWRF: <total>                       1 us
[2024-08-16T20:43:24.674+0800][5.894s][info ][gc,stats       ]   CWRF: Weak References               1 us, workers (us):   1,   0,   0,   0, ---, ---, ---, ---, 
[2024-08-16T20:43:24.674+0800][5.894s][info ][gc,stats       ] Concurrent Weak Roots               548 us
[2024-08-16T20:43:24.674+0800][5.894s][info ][gc,stats       ]   Roots                             164 us, parallelism: 1.03x
[2024-08-16T20:43:24.674+0800][5.894s][info ][gc,stats       ]     CWR: <total>                    169 us
[2024-08-16T20:43:24.674+0800][5.894s][info ][gc,stats       ]     CWR: Code Cache Roots           141 us, workers (us):  82,  55,   4,   0, ---, ---, ---, ---, 
[2024-08-16T20:43:24.674+0800][5.894s][info ][gc,stats       ]     CWR: VM Weak Roots               25 us, workers (us):  22,   3,   0,   0, ---, ---, ---, ---, 
[2024-08-16T20:43:24.674+0800][5.894s][info ][gc,stats       ]     CWR: CLDG Roots                   2 us, workers (us): ---,   2, ---, ---, ---, ---, ---, ---, 
[2024-08-16T20:43:24.674+0800][5.894s][info ][gc,stats       ]   Rendezvous                        169 us
[2024-08-16T20:43:24.674+0800][5.894s][info ][gc,stats       ] Concurrent Cleanup                  600 us
[2024-08-16T20:43:24.674+0800][5.894s][info ][gc,stats       ] Concurrent Class Unloading          539 us
[2024-08-16T20:43:24.674+0800][5.894s][info ][gc,stats       ]   Unlink Stale                      315 us
[2024-08-16T20:43:24.674+0800][5.894s][info ][gc,stats       ]     System Dictionary                40 us
[2024-08-16T20:43:24.674+0800][5.894s][info ][gc,stats       ]     Weak Class Links                  0 us
[2024-08-16T20:43:24.674+0800][5.894s][info ][gc,stats       ]     Code Roots                      274 us
[2024-08-16T20:43:24.674+0800][5.894s][info ][gc,stats       ]   Rendezvous                         60 us
[2024-08-16T20:43:24.674+0800][5.894s][info ][gc,stats       ]   Purge Unlinked                     92 us
[2024-08-16T20:43:24.674+0800][5.894s][info ][gc,stats       ]     Code Roots                       72 us
[2024-08-16T20:43:24.674+0800][5.894s][info ][gc,stats       ]     CLDG                             19 us
[2024-08-16T20:43:24.674+0800][5.894s][info ][gc,stats       ]     Exception Caches                  0 us
[2024-08-16T20:43:24.674+0800][5.894s][info ][gc,stats       ] Concurrent Strong Roots             206 us, parallelism: 0.08x
[2024-08-16T20:43:24.674+0800][5.894s][info ][gc,stats       ]   CSR: <total>                       17 us
[2024-08-16T20:43:24.674+0800][5.894s][info ][gc,stats       ]   CSR: VM Strong Roots                2 us, workers (us):   2,   0,   0,   0, ---, ---, ---, ---, 
[2024-08-16T20:43:24.674+0800][5.894s][info ][gc,stats       ]   CSR: CLDG Roots                    15 us, workers (us):  14,   1, ---, ---, ---, ---, ---, ---, 
[2024-08-16T20:43:24.674+0800][5.894s][info ][gc,stats       ] Concurrent Evacuation             28831 us
[2024-08-16T20:43:24.674+0800][5.894s][info ][gc,stats       ] Pause Init Update Refs (G)          192 us
[2024-08-16T20:43:24.674+0800][5.894s][info ][gc,stats       ] Pause Init Update Refs (N)          100 us
[2024-08-16T20:43:24.674+0800][5.894s][info ][gc,stats       ]   Manage GCLABs                       3 us
[2024-08-16T20:43:24.674+0800][5.894s][info ][gc,stats       ] Concurrent Update Refs             2177 us
[2024-08-16T20:43:24.674+0800][5.894s][info ][gc,stats       ] Concurrent Update Thread Roots      437 us
[2024-08-16T20:43:24.674+0800][5.894s][info ][gc,stats       ] Pause Final Update Refs (G)         335 us
[2024-08-16T20:43:24.674+0800][5.894s][info ][gc,stats       ] Pause Final Update Refs (N)         218 us
[2024-08-16T20:43:24.674+0800][5.894s][info ][gc,stats       ]   Update Region States              121 us
[2024-08-16T20:43:24.674+0800][5.894s][info ][gc,stats       ]   Trash Collection Set                4 us
[2024-08-16T20:43:24.674+0800][5.894s][info ][gc,stats       ]   Rebuild Free Set                   18 us
[2024-08-16T20:43:24.674+0800][5.894s][info ][gc,stats       ] Concurrent Cleanup                  138 us
[2024-08-16T20:43:24.674+0800][5.894s][info ][gc,stats       ] Pacing                            23237 us
[2024-08-16T20:43:24.674+0800][5.894s][info ][gc,stats       ] 
[2024-08-16T20:43:24.674+0800][5.894s][info ][gc,stats       ] Allocation pacing accrued:
[2024-08-16T20:43:24.674+0800][5.894s][info ][gc,stats       ]      23 of    46 ms ( 50.7%): main
[2024-08-16T20:43:24.674+0800][5.894s][info ][gc,stats       ]      23 of    46 ms ( 50.7%): <total>
[2024-08-16T20:43:24.674+0800][5.894s][info ][gc,stats       ]       2 of    46 ms (  4.6%): <average total>
[2024-08-16T20:43:24.674+0800][5.894s][info ][gc,stats       ]      23 of    46 ms ( 50.7%): <average non-zero>
[2024-08-16T20:43:24.674+0800][5.894s][info ][gc,stats       ] 
[2024-08-16T20:43:24.675+0800][5.894s][info ][gc,metaspace   ] Metaspace: 842K(960K)->842K(960K) NonClass: 779K(832K)->779K(832K) Class: 62K(128K)->62K(128K)
[2024-08-16T20:43:24.675+0800][5.894s][info ][gc,ergo        ] Pacer for Idle. Initial: 83886K, Alloc Tax Rate: 1.0x
[2024-08-16T20:43:24.679+0800][5.899s][info ][gc             ] Trigger: Average GC time (70.11 ms) is above the time for average allocation rate (16554 MB/s) to deplete free headroom (664M) (margin of error = 1.81)
[2024-08-16T20:43:24.679+0800][5.899s][info ][gc,ergo        ] Free headroom: 869M (free) - 204M (spike) - 0B (penalties) = 664M
[2024-08-16T20:43:24.679+0800][5.899s][info ][gc,ergo        ] Free: 869M, Max: 2048K regular, 204M humongous, Frag: 34% external, 39% internal; Reserve: 206M, Max: 2048K
[2024-08-16T20:43:24.679+0800][5.899s][info ][gc,start       ] GC(15) Concurrent reset
[2024-08-16T20:43:24.679+0800][5.899s][info ][gc,task        ] GC(15) Using 4 of 8 workers for concurrent reset
[2024-08-16T20:43:24.679+0800][5.899s][info ][gc,ergo        ] GC(15) Pacer for Reset. Non-Taxable: 4096M
[2024-08-16T20:43:24.690+0800][5.910s][info ][gc             ] GC(15) Concurrent reset 11.173ms
[2024-08-16T20:43:24.690+0800][5.910s][info ][gc,start       ] GC(15) Pause Init Mark (unload classes)
[2024-08-16T20:43:24.690+0800][5.910s][info ][gc,task        ] GC(15) Using 8 of 8 workers for init marking
[2024-08-16T20:43:24.690+0800][5.910s][info ][gc,ergo        ] GC(15) Pacer for Mark. Expected Live: 1744M, Free: 851M, Non-Taxable: 87143K, Alloc Tax Rate: 2.5x
[2024-08-16T20:43:24.690+0800][5.910s][info ][gc             ] GC(15) Pause Init Mark (unload classes) 0.202ms
[2024-08-16T20:43:24.691+0800][5.910s][info ][gc,start       ] GC(15) Concurrent marking roots
[2024-08-16T20:43:24.691+0800][5.910s][info ][gc,task        ] GC(15) Using 4 of 8 workers for concurrent marking roots
[2024-08-16T20:43:24.691+0800][5.910s][debug][gc,tlab        ] GC(15) TLAB totals: thrds: 1  refills: 1 max: 1 slow allocs: 14 max 14 waste: 88.4% gc: 450464B max: 450464B slow: 0B max: 0B
[2024-08-16T20:43:24.691+0800][5.910s][info ][gc             ] GC(15) Concurrent marking roots 0.176ms
[2024-08-16T20:43:24.691+0800][5.910s][info ][gc,start       ] GC(15) Concurrent marking (unload classes)
[2024-08-16T20:43:24.691+0800][5.910s][info ][gc,task        ] GC(15) Using 4 of 8 workers for concurrent marking
[2024-08-16T20:43:24.692+0800][5.912s][info ][gc             ] GC(15) Concurrent marking (unload classes) 1.592ms
[2024-08-16T20:43:24.692+0800][5.912s][info ][gc,start       ] GC(15) Pause Final Mark (unload classes)
[2024-08-16T20:43:24.692+0800][5.912s][info ][gc,task        ] GC(15) Using 8 of 8 workers for final marking
[2024-08-16T20:43:24.693+0800][5.912s][info ][gc,ergo        ] GC(15) Adaptive CSet Selection. Target Free: 580M, Actual Free: 557M, Max CSet: 170M, Min Garbage: 23816K
[2024-08-16T20:43:24.693+0800][5.913s][info ][gc,ergo        ] GC(15) Collectable Garbage: 160M (99%), Immediate: 68616K (41%), CSet: 95230K (57%)
[2024-08-16T20:43:24.693+0800][5.913s][info ][gc,ergo        ] GC(15) Pacer for Evacuation. Used CSet: 186M, Free: 2041M, Non-Taxable: 204M, Alloc Tax Rate: 1.1x
[2024-08-16T20:43:24.693+0800][5.913s][info ][gc             ] GC(15) Pause Final Mark (unload classes) 0.563ms
[2024-08-16T20:43:24.693+0800][5.913s][info ][gc,start       ] GC(15) Concurrent thread roots
[2024-08-16T20:43:24.693+0800][5.913s][info ][gc,task        ] GC(15) Using 4 of 8 workers for Concurrent thread roots
[2024-08-16T20:43:24.693+0800][5.913s][info ][gc             ] GC(15) Concurrent thread roots 0.142ms
[2024-08-16T20:43:24.693+0800][5.913s][info ][gc,start       ] GC(15) Concurrent weak references
[2024-08-16T20:43:24.693+0800][5.913s][info ][gc,task        ] GC(15) Using 4 of 8 workers for concurrent weak references
[2024-08-16T20:43:24.693+0800][5.913s][info ][gc,ref         ] GC(15) Encountered references: Soft: 104, Weak: 193, Final: 0, Phantom: 1
[2024-08-16T20:43:24.693+0800][5.913s][info ][gc,ref         ] GC(15) Discovered  references: Soft: 0, Weak: 28, Final: 0, Phantom: 1
[2024-08-16T20:43:24.693+0800][5.913s][info ][gc,ref         ] GC(15) Enqueued    references: Soft: 0, Weak: 0, Final: 0, Phantom: 0
[2024-08-16T20:43:24.693+0800][5.913s][info ][gc             ] GC(15) Concurrent weak references 0.147ms
[2024-08-16T20:43:24.693+0800][5.913s][info ][gc,start       ] GC(15) Concurrent weak roots
[2024-08-16T20:43:24.693+0800][5.913s][info ][gc,task        ] GC(15) Using 4 of 8 workers for concurrent weak root
[2024-08-16T20:43:24.694+0800][5.913s][info ][gc             ] GC(15) Concurrent weak roots 0.258ms
[2024-08-16T20:43:24.694+0800][5.913s][info ][gc,start       ] GC(15) Concurrent cleanup
[2024-08-16T20:43:24.694+0800][5.913s][info ][gc             ] GC(15) Concurrent cleanup 1916M->1849M(4096M) 0.089ms
[2024-08-16T20:43:24.694+0800][5.913s][info ][gc,ergo        ] GC(15) Free: 912M, Max: 2048K regular, 180M humongous, Frag: 53% external, 36% internal; Reserve: 206M, Max: 2048K
[2024-08-16T20:43:24.694+0800][5.913s][info ][gc,start       ] GC(15) Concurrent class unloading
[2024-08-16T20:43:24.694+0800][5.913s][info ][gc,task        ] GC(15) Using 4 of 8 workers for concurrent class unloading
[2024-08-16T20:43:24.694+0800][5.913s][debug][gc,phases,start] GC(15) ClassLoaderData
[2024-08-16T20:43:24.694+0800][5.913s][debug][gc,phases      ] GC(15) ClassLoaderData 0.006ms
[2024-08-16T20:43:24.694+0800][5.913s][debug][gc,phases,start] GC(15) Trigger cleanups
[2024-08-16T20:43:24.694+0800][5.914s][debug][gc,phases      ] GC(15) Trigger cleanups 0.003ms
[2024-08-16T20:43:24.694+0800][5.914s][info ][gc             ] GC(15) Concurrent class unloading 0.453ms
[2024-08-16T20:43:24.694+0800][5.914s][info ][gc,start       ] GC(15) Concurrent strong roots
[2024-08-16T20:43:24.694+0800][5.914s][info ][gc,task        ] GC(15) Using 4 of 8 workers for concurrent strong root
[2024-08-16T20:43:24.694+0800][5.914s][info ][gc             ] GC(15) Concurrent strong roots 0.063ms
[2024-08-16T20:43:24.694+0800][5.914s][info ][gc,start       ] GC(15) Concurrent evacuation
[2024-08-16T20:43:24.694+0800][5.914s][info ][gc,task        ] GC(15) Using 4 of 8 workers for concurrent evacuation
[2024-08-16T20:43:24.703+0800][5.923s][info ][gc             ] GC(15) Concurrent evacuation 8.446ms
[2024-08-16T20:43:24.703+0800][5.923s][info ][gc,start       ] GC(15) Pause Init Update Refs
[2024-08-16T20:43:24.703+0800][5.923s][info ][gc,ergo        ] GC(15) Pacer for Update Refs. Used: 1995M, Free: 912M, Non-Taxable: 93390K, Alloc Tax Rate: 2.7x
[2024-08-16T20:43:24.703+0800][5.923s][info ][gc             ] GC(15) Pause Init Update Refs 0.030ms
[2024-08-16T20:43:24.703+0800][5.923s][info ][gc,start       ] GC(15) Concurrent update references
[2024-08-16T20:43:24.703+0800][5.923s][info ][gc,task        ] GC(15) Using 4 of 8 workers for concurrent reference update
[2024-08-16T20:43:24.705+0800][5.925s][info ][gc             ] GC(15) Concurrent update references 2.137ms
[2024-08-16T20:43:24.705+0800][5.925s][info ][gc,start       ] GC(15) Concurrent update thread roots
[2024-08-16T20:43:24.706+0800][5.925s][info ][gc             ] GC(15) Concurrent update thread roots 0.270ms
[2024-08-16T20:43:24.706+0800][5.925s][info ][gc,start       ] GC(15) Pause Final Update Refs
[2024-08-16T20:43:24.706+0800][5.925s][info ][gc,task        ] GC(15) Using 8 of 8 workers for final reference update
[2024-08-16T20:43:24.706+0800][5.926s][info ][gc             ] GC(15) Pause Final Update Refs 0.188ms
[2024-08-16T20:43:24.706+0800][5.926s][info ][gc,start       ] GC(15) Concurrent cleanup
[2024-08-16T20:43:24.706+0800][5.926s][info ][gc             ] GC(15) Concurrent cleanup 1996M->1811M(4096M) 0.212ms
[2024-08-16T20:43:24.706+0800][5.926s][debug][gc,ergo        ] GC(15) Available: 947 MB, z-score=-0.785. Average available: 1479.0 MB +/- 676.3 MB.
[2024-08-16T20:43:24.706+0800][5.926s][debug][gc,ergo        ] GC(15) Margin of error now 1.82
[2024-08-16T20:43:24.706+0800][5.926s][info ][gc,ergo        ] Free: 947M, Max: 2048K regular, 176M humongous, Frag: 54% external, 37% internal; Reserve: 206M, Max: 2048K
[2024-08-16T20:43:24.706+0800][5.926s][info ][gc,stats       ] 
[2024-08-16T20:43:24.706+0800][5.926s][info ][gc,stats       ] All times are wall-clock times, except per-root-class counters, that are sum over
[2024-08-16T20:43:24.706+0800][5.926s][info ][gc,stats       ] all workers. Dividing the <total> over the root stage time estimates parallelism.
[2024-08-16T20:43:24.706+0800][5.926s][info ][gc,stats       ] 
[2024-08-16T20:43:24.706+0800][5.926s][info ][gc,stats       ] Concurrent Reset                  11211 us
[2024-08-16T20:43:24.706+0800][5.926s][info ][gc,stats       ] Pause Init Mark (G)                 332 us
[2024-08-16T20:43:24.706+0800][5.926s][info ][gc,stats       ] Pause Init Mark (N)                 233 us
[2024-08-16T20:43:24.706+0800][5.926s][info ][gc,stats       ]   Update Region States              155 us
[2024-08-16T20:43:24.706+0800][5.926s][info ][gc,stats       ] Concurrent Mark Roots               215 us, parallelism: 0.64x
[2024-08-16T20:43:24.706+0800][5.926s][info ][gc,stats       ]   CMR: <total>                      139 us
[2024-08-16T20:43:24.706+0800][5.926s][info ][gc,stats       ]   CMR: Thread Roots                 100 us, workers (us):  43,  26,  31,   0, ---, ---, ---, ---, 
[2024-08-16T20:43:24.706+0800][5.926s][info ][gc,stats       ]   CMR: VM Strong Roots                4 us, workers (us):   3,   0,   0,   0, ---, ---, ---, ---, 
[2024-08-16T20:43:24.706+0800][5.926s][info ][gc,stats       ]   CMR: CLDG Roots                    35 us, workers (us):  33,   2, ---, ---, ---, ---, ---, ---, 
[2024-08-16T20:43:24.706+0800][5.926s][info ][gc,stats       ] Concurrent Marking                 1629 us
[2024-08-16T20:43:24.706+0800][5.926s][info ][gc,stats       ] Pause Final Mark (G)                722 us
[2024-08-16T20:43:24.706+0800][5.926s][info ][gc,stats       ] Pause Final Mark (N)                588 us
[2024-08-16T20:43:24.706+0800][5.926s][info ][gc,stats       ]   Finish Mark                       336 us
[2024-08-16T20:43:24.706+0800][5.926s][info ][gc,stats       ]   Update Region States               80 us
[2024-08-16T20:43:24.707+0800][5.926s][info ][gc,stats       ]   Choose Collection Set             104 us
[2024-08-16T20:43:24.707+0800][5.926s][info ][gc,stats       ]   Rebuild Free Set                    8 us
[2024-08-16T20:43:24.707+0800][5.926s][info ][gc,stats       ] Concurrent Thread Roots             174 us, parallelism: 0.55x
[2024-08-16T20:43:24.707+0800][5.926s][info ][gc,stats       ]   CTR: <total>                       96 us
[2024-08-16T20:43:24.707+0800][5.926s][info ][gc,stats       ]   CTR: Thread Roots                  96 us, workers (us):  65,  30,   0,   0, ---, ---, ---, ---, 
[2024-08-16T20:43:24.707+0800][5.926s][info ][gc,stats       ] Concurrent Weak References          175 us, parallelism: 0.01x
[2024-08-16T20:43:24.707+0800][5.926s][info ][gc,stats       ]   CWRF: <total>                       2 us
[2024-08-16T20:43:24.707+0800][5.926s][info ][gc,stats       ]   CWRF: Weak References               2 us, workers (us):   2,   0,   0,   0, ---, ---, ---, ---, 
[2024-08-16T20:43:24.707+0800][5.926s][info ][gc,stats       ] Concurrent Weak Roots               291 us
[2024-08-16T20:43:24.707+0800][5.926s][info ][gc,stats       ]   Roots                             153 us, parallelism: 1.07x
[2024-08-16T20:43:24.707+0800][5.926s][info ][gc,stats       ]     CWR: <total>                    164 us
[2024-08-16T20:43:24.707+0800][5.926s][info ][gc,stats       ]     CWR: Code Cache Roots           137 us, workers (us):  64,  68,   5,   0, ---, ---, ---, ---, 
[2024-08-16T20:43:24.707+0800][5.926s][info ][gc,stats       ]     CWR: VM Weak Roots               25 us, workers (us):  22,   2,   1,   0, ---, ---, ---, ---, 
[2024-08-16T20:43:24.707+0800][5.926s][info ][gc,stats       ]     CWR: CLDG Roots                   2 us, workers (us):   2, ---, ---, ---, ---, ---, ---, ---, 
[2024-08-16T20:43:24.707+0800][5.926s][info ][gc,stats       ]   Rendezvous                         90 us
[2024-08-16T20:43:24.707+0800][5.926s][info ][gc,stats       ] Concurrent Cleanup                  110 us
[2024-08-16T20:43:24.707+0800][5.926s][info ][gc,stats       ] Concurrent Class Unloading          491 us
[2024-08-16T20:43:24.707+0800][5.926s][info ][gc,stats       ]   Unlink Stale                      314 us
[2024-08-16T20:43:24.707+0800][5.926s][info ][gc,stats       ]     System Dictionary                18 us
[2024-08-16T20:43:24.707+0800][5.926s][info ][gc,stats       ]     Weak Class Links                  0 us
[2024-08-16T20:43:24.707+0800][5.926s][info ][gc,stats       ]     Code Roots                      295 us
[2024-08-16T20:43:24.707+0800][5.926s][info ][gc,stats       ]   Rendezvous                         59 us
[2024-08-16T20:43:24.707+0800][5.926s][info ][gc,stats       ]   Purge Unlinked                     64 us
[2024-08-16T20:43:24.707+0800][5.926s][info ][gc,stats       ]     Code Roots                       51 us
[2024-08-16T20:43:24.707+0800][5.926s][info ][gc,stats       ]     CLDG                             13 us
[2024-08-16T20:43:24.707+0800][5.926s][info ][gc,stats       ]     Exception Caches                  0 us
[2024-08-16T20:43:24.707+0800][5.926s][info ][gc,stats       ] Concurrent Strong Roots              87 us, parallelism: 0.16x
[2024-08-16T20:43:24.707+0800][5.926s][info ][gc,stats       ]   CSR: <total>                       14 us
[2024-08-16T20:43:24.707+0800][5.926s][info ][gc,stats       ]   CSR: VM Strong Roots                2 us, workers (us):   1,   0,   0,   0, ---, ---, ---, ---, 
[2024-08-16T20:43:24.707+0800][5.926s][info ][gc,stats       ]   CSR: CLDG Roots                    12 us, workers (us):  11,   1, ---, ---, ---, ---, ---, ---, 
[2024-08-16T20:43:24.707+0800][5.926s][info ][gc,stats       ] Concurrent Evacuation              8494 us
[2024-08-16T20:43:24.707+0800][5.926s][info ][gc,stats       ] Pause Init Update Refs (G)          167 us
[2024-08-16T20:43:24.707+0800][5.926s][info ][gc,stats       ] Pause Init Update Refs (N)           58 us
[2024-08-16T20:43:24.707+0800][5.926s][info ][gc,stats       ]   Manage GCLABs                       3 us
[2024-08-16T20:43:24.707+0800][5.926s][info ][gc,stats       ] Concurrent Update Refs             2214 us
[2024-08-16T20:43:24.707+0800][5.926s][info ][gc,stats       ] Concurrent Update Thread Roots      344 us
[2024-08-16T20:43:24.707+0800][5.926s][info ][gc,stats       ] Pause Final Update Refs (G)         356 us
[2024-08-16T20:43:24.707+0800][5.926s][info ][gc,stats       ] Pause Final Update Refs (N)         220 us
[2024-08-16T20:43:24.707+0800][5.926s][info ][gc,stats       ]   Update Region States              148 us
[2024-08-16T20:43:24.707+0800][5.926s][info ][gc,stats       ]   Trash Collection Set                3 us
[2024-08-16T20:43:24.707+0800][5.926s][info ][gc,stats       ]   Rebuild Free Set                   11 us
[2024-08-16T20:43:24.707+0800][5.926s][info ][gc,stats       ] Concurrent Cleanup                  304 us
[2024-08-16T20:43:24.707+0800][5.926s][info ][gc,stats       ] Pacing                            20580 us
[2024-08-16T20:43:24.707+0800][5.926s][info ][gc,stats       ] 
[2024-08-16T20:43:24.707+0800][5.926s][info ][gc,stats       ] Allocation pacing accrued:
[2024-08-16T20:43:24.707+0800][5.926s][info ][gc,stats       ]      21 of    32 ms ( 63.6%): main
[2024-08-16T20:43:24.707+0800][5.926s][info ][gc,stats       ]      21 of    32 ms ( 63.6%): <total>
[2024-08-16T20:43:24.707+0800][5.926s][info ][gc,stats       ]       2 of    32 ms (  5.8%): <average total>
[2024-08-16T20:43:24.707+0800][5.926s][info ][gc,stats       ]      21 of    32 ms ( 63.6%): <average non-zero>
[2024-08-16T20:43:24.707+0800][5.926s][info ][gc,stats       ] 
[2024-08-16T20:43:24.707+0800][5.927s][info ][gc,metaspace   ] Metaspace: 842K(960K)->842K(960K) NonClass: 779K(832K)->779K(832K) Class: 62K(128K)->62K(128K)
[2024-08-16T20:43:24.707+0800][5.927s][info ][gc,ergo        ] Pacer for Idle. Initial: 83886K, Alloc Tax Rate: 1.0x
[2024-08-16T20:43:24.708+0800][5.928s][info ][gc             ] Trigger: Average GC time (57.29 ms) is above the time for average allocation rate (16556 MB/s) to deplete free headroom (741M) (margin of error = 1.82)
[2024-08-16T20:43:24.708+0800][5.928s][info ][gc,ergo        ] Free headroom: 945M (free) - 204M (spike) - 0B (penalties) = 741M
[2024-08-16T20:43:24.708+0800][5.928s][info ][gc,ergo        ] Free: 945M, Max: 2048K regular, 174M humongous, Frag: 54% external, 37% internal; Reserve: 206M, Max: 2048K
[2024-08-16T20:43:24.708+0800][5.928s][info ][gc,start       ] GC(16) Concurrent reset
[2024-08-16T20:43:24.708+0800][5.928s][info ][gc,task        ] GC(16) Using 4 of 8 workers for concurrent reset
[2024-08-16T20:43:24.708+0800][5.928s][info ][gc,ergo        ] GC(16) Pacer for Reset. Non-Taxable: 4096M
[2024-08-16T20:43:24.715+0800][5.935s][info ][gc             ] GC(16) Concurrent reset 7.212ms
[2024-08-16T20:43:24.716+0800][5.935s][info ][gc,start       ] GC(16) Pause Init Mark (unload classes)
[2024-08-16T20:43:24.716+0800][5.935s][info ][gc,task        ] GC(16) Using 8 of 8 workers for init marking
[2024-08-16T20:43:24.716+0800][5.935s][info ][gc,ergo        ] GC(16) Pacer for Mark. Expected Live: 1751M, Free: 933M, Non-Taxable: 95640K, Alloc Tax Rate: 2.3x
[2024-08-16T20:43:24.716+0800][5.935s][info ][gc             ] GC(16) Pause Init Mark (unload classes) 0.125ms
[2024-08-16T20:43:24.716+0800][5.935s][info ][gc,start       ] GC(16) Concurrent marking roots
[2024-08-16T20:43:24.716+0800][5.935s][info ][gc,task        ] GC(16) Using 4 of 8 workers for concurrent marking roots
[2024-08-16T20:43:24.716+0800][5.935s][debug][gc,tlab        ] GC(16) TLAB totals: thrds: 1  refills: 1 max: 1 slow allocs: 2 max 2 waste: 98.4% gc: 505536B max: 505536B slow: 0B max: 0B
[2024-08-16T20:43:24.716+0800][5.936s][info ][gc             ] GC(16) Concurrent marking roots 0.197ms
[2024-08-16T20:43:24.716+0800][5.936s][info ][gc,start       ] GC(16) Concurrent marking (unload classes)
[2024-08-16T20:43:24.716+0800][5.936s][info ][gc,task        ] GC(16) Using 4 of 8 workers for concurrent marking
[2024-08-16T20:43:24.717+0800][5.937s][info ][gc             ] GC(16) Concurrent marking (unload classes) 1.118ms
[2024-08-16T20:43:24.717+0800][5.937s][info ][gc,start       ] GC(16) Pause Final Mark (unload classes)
[2024-08-16T20:43:24.717+0800][5.937s][info ][gc,task        ] GC(16) Using 8 of 8 workers for final marking
[2024-08-16T20:43:24.718+0800][5.937s][info ][gc,ergo        ] GC(16) Adaptive CSet Selection. Target Free: 580M, Actual Free: 568M, Max CSet: 170M, Min Garbage: 12561K
[2024-08-16T20:43:24.718+0800][5.937s][info ][gc,ergo        ] GC(16) Collectable Garbage: 55284K (97%), Immediate: 0B (0%), CSet: 55284K (97%)
[2024-08-16T20:43:24.718+0800][5.937s][info ][gc,ergo        ] GC(16) Pacer for Evacuation. Used CSet: 107M, Free: 2069M, Non-Taxable: 206M, Alloc Tax Rate: 1.1x
[2024-08-16T20:43:24.718+0800][5.937s][info ][gc             ] GC(16) Pause Final Mark (unload classes) 0.673ms
[2024-08-16T20:43:24.718+0800][5.938s][info ][gc,start       ] GC(16) Concurrent thread roots
[2024-08-16T20:43:24.718+0800][5.938s][info ][gc,task        ] GC(16) Using 4 of 8 workers for Concurrent thread roots
[2024-08-16T20:43:24.718+0800][5.938s][info ][gc             ] GC(16) Concurrent thread roots 0.144ms
[2024-08-16T20:43:24.718+0800][5.938s][info ][gc,start       ] GC(16) Concurrent weak references
[2024-08-16T20:43:24.718+0800][5.938s][info ][gc,task        ] GC(16) Using 4 of 8 workers for concurrent weak references
[2024-08-16T20:43:24.718+0800][5.938s][info ][gc,ref         ] GC(16) Encountered references: Soft: 104, Weak: 193, Final: 0, Phantom: 1
[2024-08-16T20:43:24.718+0800][5.938s][info ][gc,ref         ] GC(16) Discovered  references: Soft: 0, Weak: 41, Final: 0, Phantom: 1
[2024-08-16T20:43:24.718+0800][5.938s][info ][gc,ref         ] GC(16) Enqueued    references: Soft: 0, Weak: 0, Final: 0, Phantom: 0
[2024-08-16T20:43:24.718+0800][5.938s][info ][gc             ] GC(16) Concurrent weak references 0.265ms
[2024-08-16T20:43:24.718+0800][5.938s][info ][gc,start       ] GC(16) Concurrent weak roots
[2024-08-16T20:43:24.718+0800][5.938s][info ][gc,task        ] GC(16) Using 4 of 8 workers for concurrent weak root
[2024-08-16T20:43:24.719+0800][5.938s][info ][gc             ] GC(16) Concurrent weak roots 0.245ms
[2024-08-16T20:43:24.719+0800][5.938s][info ][gc,start       ] GC(16) Concurrent cleanup
[2024-08-16T20:43:24.719+0800][5.938s][info ][gc             ] GC(16) Concurrent cleanup 1821M->1821M(4096M) 0.091ms
[2024-08-16T20:43:24.719+0800][5.938s][info ][gc,ergo        ] GC(16) Free: 929M, Max: 2048K regular, 158M humongous, Frag: 57% external, 38% internal; Reserve: 206M, Max: 2048K
[2024-08-16T20:43:24.719+0800][5.938s][info ][gc,start       ] GC(16) Concurrent class unloading
[2024-08-16T20:43:24.719+0800][5.938s][info ][gc,task        ] GC(16) Using 4 of 8 workers for concurrent class unloading
[2024-08-16T20:43:24.719+0800][5.938s][debug][gc,phases,start] GC(16) ClassLoaderData
[2024-08-16T20:43:24.719+0800][5.938s][debug][gc,phases      ] GC(16) ClassLoaderData 0.008ms
[2024-08-16T20:43:24.719+0800][5.938s][debug][gc,phases,start] GC(16) Trigger cleanups
[2024-08-16T20:43:24.719+0800][5.939s][debug][gc,phases      ] GC(16) Trigger cleanups 0.004ms
[2024-08-16T20:43:24.719+0800][5.939s][info ][gc             ] GC(16) Concurrent class unloading 0.509ms
[2024-08-16T20:43:24.719+0800][5.939s][info ][gc,start       ] GC(16) Concurrent strong roots
[2024-08-16T20:43:24.719+0800][5.939s][info ][gc,task        ] GC(16) Using 4 of 8 workers for concurrent strong root
[2024-08-16T20:43:24.720+0800][5.939s][info ][gc             ] GC(16) Concurrent strong roots 0.119ms
[2024-08-16T20:43:24.720+0800][5.939s][info ][gc,start       ] GC(16) Concurrent evacuation
[2024-08-16T20:43:24.720+0800][5.939s][info ][gc,task        ] GC(16) Using 4 of 8 workers for concurrent evacuation
[2024-08-16T20:43:24.725+0800][5.944s][info ][gc             ] GC(16) Concurrent evacuation 5.250ms
[2024-08-16T20:43:24.725+0800][5.945s][info ][gc,start       ] GC(16) Pause Init Update Refs
[2024-08-16T20:43:24.725+0800][5.945s][info ][gc,ergo        ] GC(16) Pacer for Update Refs. Used: 1889M, Free: 929M, Non-Taxable: 95230K, Alloc Tax Rate: 2.5x
[2024-08-16T20:43:24.725+0800][5.945s][info ][gc             ] GC(16) Pause Init Update Refs 0.038ms
[2024-08-16T20:43:24.725+0800][5.945s][info ][gc,start       ] GC(16) Concurrent update references
[2024-08-16T20:43:24.725+0800][5.945s][info ][gc,task        ] GC(16) Using 4 of 8 workers for concurrent reference update
[2024-08-16T20:43:24.727+0800][5.947s][info ][gc             ] GC(16) Concurrent update references 2.283ms
[2024-08-16T20:43:24.727+0800][5.947s][info ][gc,start       ] GC(16) Concurrent update thread roots
[2024-08-16T20:43:24.728+0800][5.947s][info ][gc             ] GC(16) Concurrent update thread roots 0.210ms
[2024-08-16T20:43:24.728+0800][5.947s][info ][gc,start       ] GC(16) Pause Final Update Refs
[2024-08-16T20:43:24.728+0800][5.947s][info ][gc,task        ] GC(16) Using 8 of 8 workers for final reference update
[2024-08-16T20:43:24.728+0800][5.947s][info ][gc             ] GC(16) Pause Final Update Refs 0.147ms
[2024-08-16T20:43:24.728+0800][5.947s][info ][gc,start       ] GC(16) Concurrent cleanup
[2024-08-16T20:43:24.728+0800][5.948s][info ][gc             ] GC(16) Concurrent cleanup 1889M->1781M(4096M) 0.102ms
[2024-08-16T20:43:24.728+0800][5.948s][debug][gc,ergo        ] GC(16) Available: 2108 MB, z-score=0.763. Average available: 1590.5 MB +/- 678.9 MB.
[2024-08-16T20:43:24.728+0800][5.948s][debug][gc,ergo        ] GC(16) Margin of error now 1.81
[2024-08-16T20:43:24.728+0800][5.948s][info ][gc,ergo        ] Free: 2108M, Max: 2048K regular, 158M humongous, Frag: 57% external, 45% internal; Reserve: 206M, Max: 2048K
[2024-08-16T20:43:24.728+0800][5.948s][info ][gc,stats       ] 
[2024-08-16T20:43:24.728+0800][5.948s][info ][gc,stats       ] All times are wall-clock times, except per-root-class counters, that are sum over
[2024-08-16T20:43:24.728+0800][5.948s][info ][gc,stats       ] all workers. Dividing the <total> over the root stage time estimates parallelism.
[2024-08-16T20:43:24.728+0800][5.948s][info ][gc,stats       ] 
[2024-08-16T20:43:24.728+0800][5.948s][info ][gc,stats       ] Concurrent Reset                   7252 us
[2024-08-16T20:43:24.728+0800][5.948s][info ][gc,stats       ] Pause Init Mark (G)                 228 us
[2024-08-16T20:43:24.728+0800][5.948s][info ][gc,stats       ] Pause Init Mark (N)                 154 us
[2024-08-16T20:43:24.728+0800][5.948s][info ][gc,stats       ]   Update Region States               85 us
[2024-08-16T20:43:24.728+0800][5.948s][info ][gc,stats       ] Concurrent Mark Roots               227 us, parallelism: 0.86x
[2024-08-16T20:43:24.728+0800][5.948s][info ][gc,stats       ]   CMR: <total>                      196 us
[2024-08-16T20:43:24.728+0800][5.948s][info ][gc,stats       ]   CMR: Thread Roots                 156 us, workers (us):  37,  57,  28,  34, ---, ---, ---, ---, 
[2024-08-16T20:43:24.728+0800][5.948s][info ][gc,stats       ]   CMR: VM Strong Roots                4 us, workers (us):   2,   2,   0,   0, ---, ---, ---, ---, 
[2024-08-16T20:43:24.728+0800][5.948s][info ][gc,stats       ]   CMR: CLDG Roots                    36 us, workers (us):  34,   2, ---, ---, ---, ---, ---, ---, 
[2024-08-16T20:43:24.728+0800][5.948s][info ][gc,stats       ] Concurrent Marking                 1153 us
[2024-08-16T20:43:24.728+0800][5.948s][info ][gc,stats       ] Pause Final Mark (G)                805 us
[2024-08-16T20:43:24.728+0800][5.948s][info ][gc,stats       ] Pause Final Mark (N)                699 us
[2024-08-16T20:43:24.728+0800][5.948s][info ][gc,stats       ]   Finish Mark                       364 us
[2024-08-16T20:43:24.728+0800][5.948s][info ][gc,stats       ]   Update Region States              147 us
[2024-08-16T20:43:24.728+0800][5.948s][info ][gc,stats       ]   Choose Collection Set             114 us
[2024-08-16T20:43:24.728+0800][5.948s][info ][gc,stats       ]   Rebuild Free Set                   10 us
[2024-08-16T20:43:24.728+0800][5.948s][info ][gc,stats       ] Concurrent Thread Roots             206 us, parallelism: 0.43x
[2024-08-16T20:43:24.728+0800][5.948s][info ][gc,stats       ]   CTR: <total>                       88 us
[2024-08-16T20:43:24.728+0800][5.948s][info ][gc,stats       ]   CTR: Thread Roots                  88 us, workers (us):  57,  31,   0,   0, ---, ---, ---, ---, 
[2024-08-16T20:43:24.728+0800][5.948s][info ][gc,stats       ] Concurrent Weak References          304 us, parallelism: 0.01x
[2024-08-16T20:43:24.728+0800][5.948s][info ][gc,stats       ]   CWRF: <total>                       2 us
[2024-08-16T20:43:24.728+0800][5.948s][info ][gc,stats       ]   CWRF: Weak References               2 us, workers (us):   2,   0,   0,   0, ---, ---, ---, ---, 
[2024-08-16T20:43:24.728+0800][5.948s][info ][gc,stats       ] Concurrent Weak Roots               293 us
[2024-08-16T20:43:24.728+0800][5.948s][info ][gc,stats       ]   Roots                             161 us, parallelism: 1.08x
[2024-08-16T20:43:24.728+0800][5.948s][info ][gc,stats       ]     CWR: <total>                    174 us
[2024-08-16T20:43:24.728+0800][5.948s][info ][gc,stats       ]     CWR: Code Cache Roots           144 us, workers (us):  67,  73,   4,   0, ---, ---, ---, ---, 
[2024-08-16T20:43:24.728+0800][5.948s][info ][gc,stats       ]     CWR: VM Weak Roots               28 us, workers (us):  17,  10,   0,   1, ---, ---, ---, ---, 
[2024-08-16T20:43:24.728+0800][5.948s][info ][gc,stats       ]     CWR: CLDG Roots                   2 us, workers (us): ---,   2, ---, ---, ---, ---, ---, ---, 
[2024-08-16T20:43:24.728+0800][5.948s][info ][gc,stats       ]   Rendezvous                         68 us
[2024-08-16T20:43:24.728+0800][5.948s][info ][gc,stats       ] Concurrent Cleanup                  115 us
[2024-08-16T20:43:24.728+0800][5.948s][info ][gc,stats       ] Concurrent Class Unloading          544 us
[2024-08-16T20:43:24.728+0800][5.948s][info ][gc,stats       ]   Unlink Stale                      323 us
[2024-08-16T20:43:24.728+0800][5.948s][info ][gc,stats       ]     System Dictionary                23 us
[2024-08-16T20:43:24.728+0800][5.948s][info ][gc,stats       ]     Weak Class Links                  0 us
[2024-08-16T20:43:24.728+0800][5.948s][info ][gc,stats       ]     Code Roots                      299 us
[2024-08-16T20:43:24.728+0800][5.948s][info ][gc,stats       ]   Rendezvous                         80 us
[2024-08-16T20:43:24.728+0800][5.948s][info ][gc,stats       ]   Purge Unlinked                     93 us
[2024-08-16T20:43:24.728+0800][5.948s][info ][gc,stats       ]     Code Roots                       80 us
[2024-08-16T20:43:24.728+0800][5.948s][info ][gc,stats       ]     CLDG                             12 us
[2024-08-16T20:43:24.728+0800][5.948s][info ][gc,stats       ]     Exception Caches                  0 us
[2024-08-16T20:43:24.728+0800][5.948s][info ][gc,stats       ] Concurrent Strong Roots             158 us, parallelism: 0.08x
[2024-08-16T20:43:24.728+0800][5.948s][info ][gc,stats       ]   CSR: <total>                       13 us
[2024-08-16T20:43:24.728+0800][5.948s][info ][gc,stats       ]   CSR: VM Strong Roots                2 us, workers (us):   1,   0,   0,   0, ---, ---, ---, ---, 
[2024-08-16T20:43:24.728+0800][5.948s][info ][gc,stats       ]   CSR: CLDG Roots                    11 us, workers (us):  11, ---, ---, ---, ---, ---, ---, ---, 
[2024-08-16T20:43:24.728+0800][5.948s][info ][gc,stats       ] Concurrent Evacuation              5290 us
[2024-08-16T20:43:24.728+0800][5.948s][info ][gc,stats       ] Pause Init Update Refs (G)          183 us
[2024-08-16T20:43:24.728+0800][5.948s][info ][gc,stats       ] Pause Init Update Refs (N)           66 us
[2024-08-16T20:43:24.728+0800][5.948s][info ][gc,stats       ]   Manage GCLABs                       3 us
[2024-08-16T20:43:24.728+0800][5.948s][info ][gc,stats       ] Concurrent Update Refs             2320 us
[2024-08-16T20:43:24.728+0800][5.948s][info ][gc,stats       ] Concurrent Update Thread Roots      247 us
[2024-08-16T20:43:24.728+0800][5.948s][info ][gc,stats       ] Pause Final Update Refs (G)         244 us
[2024-08-16T20:43:24.728+0800][5.948s][info ][gc,stats       ] Pause Final Update Refs (N)         183 us
[2024-08-16T20:43:24.728+0800][5.948s][info ][gc,stats       ]   Update Region States              104 us
[2024-08-16T20:43:24.728+0800][5.948s][info ][gc,stats       ]   Trash Collection Set                3 us
[2024-08-16T20:43:24.728+0800][5.948s][info ][gc,stats       ]   Rebuild Free Set                   13 us
[2024-08-16T20:43:24.728+0800][5.948s][info ][gc,stats       ] Concurrent Cleanup                  133 us
[2024-08-16T20:43:24.728+0800][5.948s][info ][gc,stats       ] 
[2024-08-16T20:43:24.728+0800][5.948s][info ][gc,stats       ] Allocation pacing accrued:
[2024-08-16T20:43:24.728+0800][5.948s][info ][gc,stats       ]       0 of    22 ms (  0.0%): <total>
[2024-08-16T20:43:24.728+0800][5.948s][info ][gc,stats       ]       0 of    22 ms (  0.0%): <average total>
[2024-08-16T20:43:24.728+0800][5.948s][info ][gc,stats       ] 
[2024-08-16T20:43:24.728+0800][5.948s][info ][gc,metaspace   ] Metaspace: 842K(960K)->842K(960K) NonClass: 779K(832K)->779K(832K) Class: 62K(128K)->62K(128K)
[2024-08-16T20:43:24.728+0800][5.948s][info ][gc,ergo        ] Pacer for Idle. Initial: 83886K, Alloc Tax Rate: 1.0x
[2024-08-16T20:43:24.732+0800][5.951s][info ][gc             ] Trigger: Average GC time (46.94 ms) is above the time for average allocation rate (16554 MB/s) to deplete free headroom (761M) (margin of error = 1.81)
[2024-08-16T20:43:24.732+0800][5.951s][info ][gc,ergo        ] Free headroom: 965M (free) - 204M (spike) - 0B (penalties) = 761M
[2024-08-16T20:43:24.732+0800][5.951s][info ][gc,ergo        ] Free: 965M, Max: 2048K regular, 156M humongous, Frag: 57% external, 38% internal; Reserve: 206M, Max: 2048K
[2024-08-16T20:43:24.732+0800][5.951s][info ][gc,start       ] GC(17) Concurrent reset
[2024-08-16T20:43:24.732+0800][5.951s][info ][gc,task        ] GC(17) Using 4 of 8 workers for concurrent reset
[2024-08-16T20:43:24.732+0800][5.951s][info ][gc,ergo        ] GC(17) Pacer for Reset. Non-Taxable: 4096M
[2024-08-16T20:43:24.734+0800][5.954s][info ][gc             ] GC(17) Concurrent reset 2.280ms
[2024-08-16T20:43:24.734+0800][5.954s][info ][gc,start       ] GC(17) Pause Init Mark (unload classes)
[2024-08-16T20:43:24.734+0800][5.954s][info ][gc,task        ] GC(17) Using 8 of 8 workers for init marking
[2024-08-16T20:43:24.734+0800][5.954s][info ][gc,ergo        ] GC(17) Pacer for Mark. Expected Live: 1761M, Free: 961M, Non-Taxable: 98504K, Alloc Tax Rate: 2.2x
[2024-08-16T20:43:24.734+0800][5.954s][info ][gc             ] GC(17) Pause Init Mark (unload classes) 0.331ms
[2024-08-16T20:43:24.735+0800][5.954s][info ][gc,start       ] GC(17) Concurrent marking roots
[2024-08-16T20:43:24.735+0800][5.954s][info ][gc,task        ] GC(17) Using 4 of 8 workers for concurrent marking roots
[2024-08-16T20:43:24.735+0800][5.954s][debug][gc,tlab        ] GC(17) TLAB totals: thrds: 1  refills: 1 max: 1 slow allocs: 1 max 1 waste: 98.9% gc: 392536B max: 392536B slow: 0B max: 0B
[2024-08-16T20:43:24.735+0800][5.954s][info ][gc             ] GC(17) Concurrent marking roots 0.179ms
[2024-08-16T20:43:24.735+0800][5.954s][info ][gc,start       ] GC(17) Concurrent marking (unload classes)
[2024-08-16T20:43:24.735+0800][5.954s][info ][gc,task        ] GC(17) Using 4 of 8 workers for concurrent marking
[2024-08-16T20:43:24.736+0800][5.955s][info ][gc             ] GC(17) Concurrent marking (unload classes) 0.782ms
[2024-08-16T20:43:24.736+0800][5.955s][info ][gc,start       ] GC(17) Pause Final Mark (unload classes)
[2024-08-16T20:43:24.736+0800][5.955s][info ][gc,task        ] GC(17) Using 8 of 8 workers for final marking
[2024-08-16T20:43:24.736+0800][5.956s][info ][gc,ergo        ] GC(17) Adaptive CSet Selection. Target Free: 580M, Actual Free: 556M, Max CSet: 170M, Min Garbage: 24849K
[2024-08-16T20:43:24.736+0800][5.956s][info ][gc,ergo        ] GC(17) Collectable Garbage: 16463K (100%), Immediate: 0B (0%), CSet: 16463K (100%)
[2024-08-16T20:43:24.736+0800][5.956s][info ][gc,ergo        ] GC(17) Pacer for Evacuation. Used CSet: 185M, Free: 1950M, Non-Taxable: 195M, Alloc Tax Rate: 1.1x
[2024-08-16T20:43:24.736+0800][5.956s][info ][gc             ] GC(17) Pause Final Mark (unload classes) 0.499ms
[2024-08-16T20:43:24.736+0800][5.956s][info ][gc,start       ] GC(17) Concurrent thread roots
[2024-08-16T20:43:24.736+0800][5.956s][info ][gc,task        ] GC(17) Using 4 of 8 workers for Concurrent thread roots
[2024-08-16T20:43:24.736+0800][5.956s][info ][gc             ] GC(17) Concurrent thread roots 0.140ms
[2024-08-16T20:43:24.736+0800][5.956s][info ][gc,start       ] GC(17) Concurrent weak references
[2024-08-16T20:43:24.736+0800][5.956s][info ][gc,task        ] GC(17) Using 4 of 8 workers for concurrent weak references
[2024-08-16T20:43:24.737+0800][5.956s][info ][gc,ref         ] GC(17) Encountered references: Soft: 104, Weak: 193, Final: 0, Phantom: 1
[2024-08-16T20:43:24.737+0800][5.956s][info ][gc,ref         ] GC(17) Discovered  references: Soft: 0, Weak: 0, Final: 0, Phantom: 1
[2024-08-16T20:43:24.737+0800][5.956s][info ][gc,ref         ] GC(17) Enqueued    references: Soft: 0, Weak: 0, Final: 0, Phantom: 0
[2024-08-16T20:43:24.737+0800][5.956s][info ][gc             ] GC(17) Concurrent weak references 0.089ms
[2024-08-16T20:43:24.737+0800][5.956s][info ][gc,start       ] GC(17) Concurrent weak roots
[2024-08-16T20:43:24.737+0800][5.956s][info ][gc,task        ] GC(17) Using 4 of 8 workers for concurrent weak root
[2024-08-16T20:43:24.737+0800][5.957s][info ][gc             ] GC(17) Concurrent weak roots 0.352ms
[2024-08-16T20:43:24.737+0800][5.957s][info ][gc,start       ] GC(17) Concurrent cleanup
[2024-08-16T20:43:24.737+0800][5.957s][info ][gc             ] GC(17) Concurrent cleanup 1788M->1788M(4096M) 0.088ms
[2024-08-16T20:43:24.737+0800][5.957s][info ][gc,ergo        ] GC(17) Free: 852M, Max: 2048K regular, 148M humongous, Frag: 58% external, 37% internal; Reserve: 205M, Max: 2048K
[2024-08-16T20:43:24.737+0800][5.957s][info ][gc,start       ] GC(17) Concurrent class unloading
[2024-08-16T20:43:24.737+0800][5.957s][info ][gc,task        ] GC(17) Using 4 of 8 workers for concurrent class unloading
[2024-08-16T20:43:24.737+0800][5.957s][debug][gc,phases,start] GC(17) ClassLoaderData
[2024-08-16T20:43:24.737+0800][5.957s][debug][gc,phases      ] GC(17) ClassLoaderData 0.006ms
[2024-08-16T20:43:24.737+0800][5.957s][debug][gc,phases,start] GC(17) Trigger cleanups
[2024-08-16T20:43:24.737+0800][5.957s][debug][gc,phases      ] GC(17) Trigger cleanups 0.003ms
[2024-08-16T20:43:24.737+0800][5.957s][info ][gc             ] GC(17) Concurrent class unloading 0.369ms
[2024-08-16T20:43:24.737+0800][5.957s][info ][gc,start       ] GC(17) Concurrent strong roots
[2024-08-16T20:43:24.737+0800][5.957s][info ][gc,task        ] GC(17) Using 4 of 8 workers for concurrent strong root
[2024-08-16T20:43:24.738+0800][5.957s][info ][gc             ] GC(17) Concurrent strong roots 0.128ms
[2024-08-16T20:43:24.738+0800][5.957s][info ][gc,start       ] GC(17) Concurrent evacuation
[2024-08-16T20:43:24.738+0800][5.957s][info ][gc,task        ] GC(17) Using 4 of 8 workers for concurrent evacuation
[2024-08-16T20:43:24.754+0800][5.973s][info ][gc             ] GC(17) Concurrent evacuation 15.992ms
[2024-08-16T20:43:24.754+0800][5.973s][info ][gc,start       ] GC(17) Pause Init Update Refs
[2024-08-16T20:43:24.754+0800][5.973s][info ][gc,ergo        ] GC(17) Pacer for Update Refs. Used: 2101M, Free: 718M, Non-Taxable: 73624K, Alloc Tax Rate: 3.6x
[2024-08-16T20:43:24.754+0800][5.973s][info ][gc             ] GC(17) Pause Init Update Refs 0.044ms
[2024-08-16T20:43:24.754+0800][5.974s][info ][gc,start       ] GC(17) Concurrent update references
[2024-08-16T20:43:24.754+0800][5.974s][info ][gc,task        ] GC(17) Using 4 of 8 workers for concurrent reference update
[2024-08-16T20:43:24.756+0800][5.976s][info ][gc             ] GC(17) Concurrent update references 2.089ms
[2024-08-16T20:43:24.756+0800][5.976s][info ][gc,start       ] GC(17) Concurrent update thread roots
[2024-08-16T20:43:24.756+0800][5.976s][info ][gc             ] GC(17) Concurrent update thread roots 0.265ms
[2024-08-16T20:43:24.756+0800][5.976s][info ][gc,start       ] GC(17) Pause Final Update Refs
[2024-08-16T20:43:24.756+0800][5.976s][info ][gc,task        ] GC(17) Using 8 of 8 workers for final reference update
[2024-08-16T20:43:24.756+0800][5.976s][info ][gc             ] GC(17) Pause Final Update Refs 0.145ms
[2024-08-16T20:43:24.757+0800][5.976s][info ][gc,start       ] GC(17) Concurrent cleanup
[2024-08-16T20:43:24.757+0800][5.976s][info ][gc             ] GC(17) Concurrent cleanup 2101M->1915M(4096M) 0.098ms
[2024-08-16T20:43:24.757+0800][5.976s][debug][gc,ergo        ] GC(17) Available: 1974 MB, z-score=0.477. Average available: 1648.2 MB +/- 684.5 MB.
[2024-08-16T20:43:24.757+0800][5.976s][info ][gc,ergo        ] Free: 1974M, Max: 2048K regular, 248M humongous, Frag: 29% external, 45% internal; Reserve: 206M, Max: 2048K
[2024-08-16T20:43:24.757+0800][5.976s][info ][gc,stats       ] 
[2024-08-16T20:43:24.757+0800][5.976s][info ][gc,stats       ] All times are wall-clock times, except per-root-class counters, that are sum over
[2024-08-16T20:43:24.757+0800][5.976s][info ][gc,stats       ] all workers. Dividing the <total> over the root stage time estimates parallelism.
[2024-08-16T20:43:24.757+0800][5.976s][info ][gc,stats       ] 
[2024-08-16T20:43:24.757+0800][5.976s][info ][gc,stats       ] Concurrent Reset                   2331 us
[2024-08-16T20:43:24.757+0800][5.976s][info ][gc,stats       ] Pause Init Mark (G)                 413 us
[2024-08-16T20:43:24.757+0800][5.976s][info ][gc,stats       ] Pause Init Mark (N)                 355 us
[2024-08-16T20:43:24.757+0800][5.976s][info ][gc,stats       ]   Update Region States              283 us
[2024-08-16T20:43:24.757+0800][5.976s][info ][gc,stats       ] Concurrent Mark Roots               206 us, parallelism: 0.88x
[2024-08-16T20:43:24.757+0800][5.976s][info ][gc,stats       ]   CMR: <total>                      181 us
[2024-08-16T20:43:24.757+0800][5.976s][info ][gc,stats       ]   CMR: Thread Roots                 155 us, workers (us):  52,  25,  37,  41, ---, ---, ---, ---, 
[2024-08-16T20:43:24.757+0800][5.976s][info ][gc,stats       ]   CMR: VM Strong Roots                4 us, workers (us):   3,   0,   0,   0, ---, ---, ---, ---, 
[2024-08-16T20:43:24.757+0800][5.976s][info ][gc,stats       ]   CMR: CLDG Roots                    22 us, workers (us):  22, ---, ---, ---, ---, ---, ---, ---, 
[2024-08-16T20:43:24.757+0800][5.976s][info ][gc,stats       ] Concurrent Marking                  810 us
[2024-08-16T20:43:24.757+0800][5.976s][info ][gc,stats       ] Pause Final Mark (G)                721 us
[2024-08-16T20:43:24.757+0800][5.976s][info ][gc,stats       ] Pause Final Mark (N)                552 us
[2024-08-16T20:43:24.757+0800][5.976s][info ][gc,stats       ]   Finish Mark                       273 us
[2024-08-16T20:43:24.757+0800][5.976s][info ][gc,stats       ]   Update Region States              117 us
[2024-08-16T20:43:24.757+0800][5.976s][info ][gc,stats       ]   Choose Collection Set              71 us
[2024-08-16T20:43:24.757+0800][5.976s][info ][gc,stats       ]   Rebuild Free Set                    7 us
[2024-08-16T20:43:24.757+0800][5.976s][info ][gc,stats       ] Concurrent Thread Roots             179 us, parallelism: 0.47x
[2024-08-16T20:43:24.757+0800][5.976s][info ][gc,stats       ]   CTR: <total>                       83 us
[2024-08-16T20:43:24.757+0800][5.976s][info ][gc,stats       ]   CTR: Thread Roots                  83 us, workers (us):  51,  32,   0,   0, ---, ---, ---, ---, 
[2024-08-16T20:43:24.757+0800][5.976s][info ][gc,stats       ] Concurrent Weak References          112 us, parallelism: 0.02x
[2024-08-16T20:43:24.757+0800][5.976s][info ][gc,stats       ]   CWRF: <total>                       2 us
[2024-08-16T20:43:24.757+0800][5.976s][info ][gc,stats       ]   CWRF: Weak References               2 us, workers (us):   2,   0,   0,   0, ---, ---, ---, ---, 
[2024-08-16T20:43:24.757+0800][5.976s][info ][gc,stats       ] Concurrent Weak Roots               394 us
[2024-08-16T20:43:24.757+0800][5.976s][info ][gc,stats       ]   Roots                             180 us, parallelism: 1.05x
[2024-08-16T20:43:24.757+0800][5.976s][info ][gc,stats       ]     CWR: <total>                    190 us
[2024-08-16T20:43:24.757+0800][5.976s][info ][gc,stats       ]     CWR: Code Cache Roots           104 us, workers (us):  45,   3,  56,   0, ---, ---, ---, ---, 
[2024-08-16T20:43:24.757+0800][5.976s][info ][gc,stats       ]     CWR: VM Weak Roots               85 us, workers (us):  31,  23,  21,  10, ---, ---, ---, ---, 
[2024-08-16T20:43:24.757+0800][5.976s][info ][gc,stats       ]     CWR: CLDG Roots                   2 us, workers (us): ---, ---, ---,   2, ---, ---, ---, ---, 
[2024-08-16T20:43:24.757+0800][5.976s][info ][gc,stats       ]   Rendezvous                        156 us
[2024-08-16T20:43:24.757+0800][5.976s][info ][gc,stats       ] Concurrent Cleanup                  114 us
[2024-08-16T20:43:24.757+0800][5.976s][info ][gc,stats       ] Concurrent Class Unloading          397 us
[2024-08-16T20:43:24.757+0800][5.976s][info ][gc,stats       ]   Unlink Stale                      259 us
[2024-08-16T20:43:24.757+0800][5.976s][info ][gc,stats       ]     System Dictionary                18 us
[2024-08-16T20:43:24.757+0800][5.976s][info ][gc,stats       ]     Weak Class Links                  0 us
[2024-08-16T20:43:24.757+0800][5.976s][info ][gc,stats       ]     Code Roots                      240 us
[2024-08-16T20:43:24.757+0800][5.976s][info ][gc,stats       ]   Rendezvous                         47 us
[2024-08-16T20:43:24.757+0800][5.976s][info ][gc,stats       ]   Purge Unlinked                     54 us
[2024-08-16T20:43:24.757+0800][5.977s][info ][gc,stats       ]     Code Roots                       42 us
[2024-08-16T20:43:24.757+0800][5.977s][info ][gc,stats       ]     CLDG                             12 us
[2024-08-16T20:43:24.757+0800][5.977s][info ][gc,stats       ]     Exception Caches                  0 us
[2024-08-16T20:43:24.757+0800][5.977s][info ][gc,stats       ] Concurrent Strong Roots             163 us, parallelism: 0.48x
[2024-08-16T20:43:24.757+0800][5.977s][info ][gc,stats       ]   CSR: <total>                       79 us
[2024-08-16T20:43:24.757+0800][5.977s][info ][gc,stats       ]   CSR: VM Strong Roots                8 us, workers (us):   5,   3,   0,   0, ---, ---, ---, ---, 
[2024-08-16T20:43:24.757+0800][5.977s][info ][gc,stats       ]   CSR: CLDG Roots                    70 us, workers (us):   4,  66, ---, ---, ---, ---, ---, ---, 
[2024-08-16T20:43:24.757+0800][5.977s][info ][gc,stats       ] Concurrent Evacuation             16042 us
[2024-08-16T20:43:24.757+0800][5.977s][info ][gc,stats       ] Pause Init Update Refs (G)          213 us
[2024-08-16T20:43:24.757+0800][5.977s][info ][gc,stats       ] Pause Init Update Refs (N)           84 us
[2024-08-16T20:43:24.757+0800][5.977s][info ][gc,stats       ]   Manage GCLABs                       4 us
[2024-08-16T20:43:24.757+0800][5.977s][info ][gc,stats       ] Concurrent Update Refs             2134 us
[2024-08-16T20:43:24.757+0800][5.977s][info ][gc,stats       ] Concurrent Update Thread Roots      297 us
[2024-08-16T20:43:24.757+0800][5.977s][info ][gc,stats       ] Pause Final Update Refs (G)         228 us
[2024-08-16T20:43:24.757+0800][5.977s][info ][gc,stats       ] Pause Final Update Refs (N)         174 us
[2024-08-16T20:43:24.757+0800][5.977s][info ][gc,stats       ]   Update Region States               98 us
[2024-08-16T20:43:24.757+0800][5.977s][info ][gc,stats       ]   Trash Collection Set                5 us
[2024-08-16T20:43:24.757+0800][5.977s][info ][gc,stats       ]   Rebuild Free Set                   14 us
[2024-08-16T20:43:24.757+0800][5.977s][info ][gc,stats       ] Concurrent Cleanup                  122 us
[2024-08-16T20:43:24.757+0800][5.977s][info ][gc,stats       ] Pacing                            22880 us
[2024-08-16T20:43:24.757+0800][5.977s][info ][gc,stats       ] 
[2024-08-16T20:43:24.757+0800][5.977s][info ][gc,stats       ] Allocation pacing accrued:
[2024-08-16T20:43:24.757+0800][5.977s][info ][gc,stats       ]      23 of    29 ms ( 80.0%): main
[2024-08-16T20:43:24.757+0800][5.977s][info ][gc,stats       ]      23 of    29 ms ( 80.0%): <total>
[2024-08-16T20:43:24.757+0800][5.977s][info ][gc,stats       ]       2 of    29 ms (  7.3%): <average total>
[2024-08-16T20:43:24.757+0800][5.977s][info ][gc,stats       ]      23 of    29 ms ( 80.0%): <average non-zero>
[2024-08-16T20:43:24.757+0800][5.977s][info ][gc,stats       ] 
[2024-08-16T20:43:24.757+0800][5.977s][info ][gc,metaspace   ] Metaspace: 842K(960K)->842K(960K) NonClass: 779K(832K)->779K(832K) Class: 62K(128K)->62K(128K)
[2024-08-16T20:43:24.757+0800][5.977s][info ][gc,ergo        ] Pacer for Idle. Initial: 83886K, Alloc Tax Rate: 1.0x
[2024-08-16T20:43:24.765+0800][5.984s][info ][gc             ] Trigger: Average GC time (40.29 ms) is above the time for average allocation rate (16554 MB/s) to deplete free headroom (665M) (margin of error = 1.81)
[2024-08-16T20:43:24.765+0800][5.984s][info ][gc,ergo        ] Free headroom: 870M (free) - 204M (spike) - 0B (penalties) = 665M
[2024-08-16T20:43:24.765+0800][5.984s][info ][gc,ergo        ] Free: 870M, Max: 2048K regular, 248M humongous, Frag: 27% external, 37% internal; Reserve: 206M, Max: 2048K
[2024-08-16T20:43:24.765+0800][5.984s][info ][gc,start       ] GC(18) Concurrent reset
[2024-08-16T20:43:24.765+0800][5.984s][info ][gc,task        ] GC(18) Using 4 of 8 workers for concurrent reset
[2024-08-16T20:43:24.765+0800][5.984s][info ][gc,ergo        ] GC(18) Pacer for Reset. Non-Taxable: 4096M
[2024-08-16T20:43:24.767+0800][5.986s][info ][gc             ] GC(18) Concurrent reset 2.152ms
[2024-08-16T20:43:24.767+0800][5.987s][info ][gc,start       ] GC(18) Pause Init Mark (unload classes)
[2024-08-16T20:43:24.767+0800][5.987s][info ][gc,task        ] GC(18) Using 8 of 8 workers for init marking
[2024-08-16T20:43:24.767+0800][5.987s][info ][gc,ergo        ] GC(18) Pacer for Mark. Expected Live: 1768M, Free: 866M, Non-Taxable: 88738K, Alloc Tax Rate: 2.5x
[2024-08-16T20:43:24.767+0800][5.987s][info ][gc             ] GC(18) Pause Init Mark (unload classes) 0.134ms
[2024-08-16T20:43:24.767+0800][5.987s][info ][gc,start       ] GC(18) Concurrent marking roots
[2024-08-16T20:43:24.767+0800][5.987s][info ][gc,task        ] GC(18) Using 4 of 8 workers for concurrent marking roots
[2024-08-16T20:43:24.767+0800][5.987s][debug][gc,tlab        ] GC(18) TLAB totals: thrds: 1  refills: 1 max: 1 slow allocs: 1 max 1 waste: 98.0% gc: 209744B max: 209744B slow: 0B max: 0B
[2024-08-16T20:43:24.767+0800][5.987s][info ][gc             ] GC(18) Concurrent marking roots 0.250ms
[2024-08-16T20:43:24.767+0800][5.987s][info ][gc,start       ] GC(18) Concurrent marking (unload classes)
[2024-08-16T20:43:24.767+0800][5.987s][info ][gc,task        ] GC(18) Using 4 of 8 workers for concurrent marking
[2024-08-16T20:43:24.769+0800][5.988s][info ][gc             ] GC(18) Concurrent marking (unload classes) 1.120ms
[2024-08-16T20:43:24.769+0800][5.988s][info ][gc,start       ] GC(18) Pause Final Mark (unload classes)
[2024-08-16T20:43:24.769+0800][5.988s][info ][gc,task        ] GC(18) Using 8 of 8 workers for final marking
[2024-08-16T20:43:24.769+0800][5.989s][info ][gc,ergo        ] GC(18) Adaptive CSet Selection. Target Free: 580M, Actual Free: 538M, Max CSet: 170M, Min Garbage: 43281K
[2024-08-16T20:43:24.769+0800][5.989s][info ][gc,ergo        ] GC(18) Collectable Garbage: 142M (99%), Immediate: 0B (0%), CSet: 142M (99%)
[2024-08-16T20:43:24.769+0800][5.989s][info ][gc,ergo        ] GC(18) Pacer for Evacuation. Used CSet: 286M, Free: 1967M, Non-Taxable: 196M, Alloc Tax Rate: 1.1x
[2024-08-16T20:43:24.769+0800][5.989s][info ][gc             ] GC(18) Pause Final Mark (unload classes) 0.743ms
[2024-08-16T20:43:24.769+0800][5.989s][info ][gc,start       ] GC(18) Concurrent thread roots
[2024-08-16T20:43:24.769+0800][5.989s][info ][gc,task        ] GC(18) Using 4 of 8 workers for Concurrent thread roots
[2024-08-16T20:43:24.770+0800][5.989s][info ][gc             ] GC(18) Concurrent thread roots 0.191ms
[2024-08-16T20:43:24.770+0800][5.989s][info ][gc,start       ] GC(18) Concurrent weak references
[2024-08-16T20:43:24.770+0800][5.989s][info ][gc,task        ] GC(18) Using 4 of 8 workers for concurrent weak references
[2024-08-16T20:43:24.770+0800][5.989s][info ][gc,ref         ] GC(18) Encountered references: Soft: 104, Weak: 193, Final: 0, Phantom: 1
[2024-08-16T20:43:24.770+0800][5.989s][info ][gc,ref         ] GC(18) Discovered  references: Soft: 0, Weak: 0, Final: 0, Phantom: 1
[2024-08-16T20:43:24.770+0800][5.989s][info ][gc,ref         ] GC(18) Enqueued    references: Soft: 0, Weak: 0, Final: 0, Phantom: 0
[2024-08-16T20:43:24.770+0800][5.989s][info ][gc             ] GC(18) Concurrent weak references 0.115ms
[2024-08-16T20:43:24.770+0800][5.989s][info ][gc,start       ] GC(18) Concurrent weak roots
[2024-08-16T20:43:24.770+0800][5.989s][info ][gc,task        ] GC(18) Using 4 of 8 workers for concurrent weak root
[2024-08-16T20:43:24.770+0800][5.990s][info ][gc             ] GC(18) Concurrent weak roots 0.215ms
[2024-08-16T20:43:24.770+0800][5.990s][info ][gc,start       ] GC(18) Concurrent cleanup
[2024-08-16T20:43:24.770+0800][5.990s][info ][gc             ] GC(18) Concurrent cleanup 1924M->1924M(4096M) 0.088ms
[2024-08-16T20:43:24.770+0800][5.990s][info ][gc,ergo        ] GC(18) Free: 862M, Max: 2048K regular, 248M humongous, Frag: 25% external, 38% internal; Reserve: 206M, Max: 2048K
[2024-08-16T20:43:24.770+0800][5.990s][info ][gc,start       ] GC(18) Concurrent class unloading
[2024-08-16T20:43:24.770+0800][5.990s][info ][gc,task        ] GC(18) Using 4 of 8 workers for concurrent class unloading
[2024-08-16T20:43:24.770+0800][5.990s][debug][gc,phases,start] GC(18) ClassLoaderData
[2024-08-16T20:43:24.770+0800][5.990s][debug][gc,phases      ] GC(18) ClassLoaderData 0.006ms
[2024-08-16T20:43:24.770+0800][5.990s][debug][gc,phases,start] GC(18) Trigger cleanups
[2024-08-16T20:43:24.770+0800][5.990s][debug][gc,phases      ] GC(18) Trigger cleanups 0.004ms
[2024-08-16T20:43:24.771+0800][5.990s][info ][gc             ] GC(18) Concurrent class unloading 0.423ms
[2024-08-16T20:43:24.771+0800][5.990s][info ][gc,start       ] GC(18) Concurrent strong roots
[2024-08-16T20:43:24.771+0800][5.990s][info ][gc,task        ] GC(18) Using 4 of 8 workers for concurrent strong root
[2024-08-16T20:43:24.771+0800][5.990s][info ][gc             ] GC(18) Concurrent strong roots 0.060ms
[2024-08-16T20:43:24.771+0800][5.990s][info ][gc,start       ] GC(18) Concurrent evacuation
[2024-08-16T20:43:24.771+0800][5.990s][info ][gc,task        ] GC(18) Using 4 of 8 workers for concurrent evacuation
[2024-08-16T20:43:24.785+0800][6.005s][info ][gc             ] GC(18) Concurrent evacuation 14.547ms
[2024-08-16T20:43:24.785+0800][6.005s][info ][gc,start       ] GC(18) Pause Init Update Refs
[2024-08-16T20:43:24.786+0800][6.005s][info ][gc,ergo        ] GC(18) Pacer for Update Refs. Used: 2177M, Free: 780M, Non-Taxable: 79931K, Alloc Tax Rate: 3.4x
[2024-08-16T20:43:24.786+0800][6.005s][info ][gc             ] GC(18) Pause Init Update Refs 0.033ms
[2024-08-16T20:43:24.786+0800][6.005s][info ][gc,start       ] GC(18) Concurrent update references
[2024-08-16T20:43:24.786+0800][6.005s][info ][gc,task        ] GC(18) Using 4 of 8 workers for concurrent reference update
[2024-08-16T20:43:24.788+0800][6.007s][info ][gc             ] GC(18) Concurrent update references 2.272ms
[2024-08-16T20:43:24.788+0800][6.008s][info ][gc,start       ] GC(18) Concurrent update thread roots
[2024-08-16T20:43:24.788+0800][6.008s][info ][gc             ] GC(18) Concurrent update thread roots 0.210ms
[2024-08-16T20:43:24.788+0800][6.008s][info ][gc,start       ] GC(18) Pause Final Update Refs
[2024-08-16T20:43:24.788+0800][6.008s][info ][gc,task        ] GC(18) Using 8 of 8 workers for final reference update
[2024-08-16T20:43:24.788+0800][6.008s][info ][gc             ] GC(18) Pause Final Update Refs 0.134ms
[2024-08-16T20:43:24.788+0800][6.008s][info ][gc,start       ] GC(18) Concurrent cleanup
[2024-08-16T20:43:24.788+0800][6.008s][info ][gc             ] GC(18) Concurrent cleanup 2177M->1891M(4096M) 0.096ms
[2024-08-16T20:43:24.789+0800][6.008s][debug][gc,ergo        ] GC(18) Available: 1998 MB, z-score=0.561. Average available: 1624.5 MB +/- 667.6 MB.
[2024-08-16T20:43:24.789+0800][6.008s][debug][gc,ergo        ] GC(18) Margin of error now 1.81
[2024-08-16T20:43:24.789+0800][6.008s][info ][gc,ergo        ] Free: 1998M, Max: 2048K regular, 168M humongous, Frag: 49% external, 45% internal; Reserve: 206M, Max: 2048K
[2024-08-16T20:43:24.789+0800][6.008s][info ][gc,stats       ] 
[2024-08-16T20:43:24.789+0800][6.008s][info ][gc,stats       ] All times are wall-clock times, except per-root-class counters, that are sum over
[2024-08-16T20:43:24.789+0800][6.008s][info ][gc,stats       ] all workers. Dividing the <total> over the root stage time estimates parallelism.
[2024-08-16T20:43:24.789+0800][6.008s][info ][gc,stats       ] 
[2024-08-16T20:43:24.789+0800][6.008s][info ][gc,stats       ] Concurrent Reset                   2191 us
[2024-08-16T20:43:24.789+0800][6.008s][info ][gc,stats       ] Pause Init Mark (G)                 283 us
[2024-08-16T20:43:24.789+0800][6.008s][info ][gc,stats       ] Pause Init Mark (N)                 161 us
[2024-08-16T20:43:24.789+0800][6.008s][info ][gc,stats       ]   Update Region States               94 us
[2024-08-16T20:43:24.789+0800][6.008s][info ][gc,stats       ] Concurrent Mark Roots               306 us, parallelism: 0.71x
[2024-08-16T20:43:24.789+0800][6.008s][info ][gc,stats       ]   CMR: <total>                      217 us
[2024-08-16T20:43:24.789+0800][6.008s][info ][gc,stats       ]   CMR: Thread Roots                 170 us, workers (us):  55,  38,  77,   0, ---, ---, ---, ---, 
[2024-08-16T20:43:24.789+0800][6.008s][info ][gc,stats       ]   CMR: VM Strong Roots                8 us, workers (us):   7,   0,   0,   0, ---, ---, ---, ---, 
[2024-08-16T20:43:24.789+0800][6.008s][info ][gc,stats       ]   CMR: CLDG Roots                    38 us, workers (us):  38, ---, ---, ---, ---, ---, ---, ---, 
[2024-08-16T20:43:24.789+0800][6.008s][info ][gc,stats       ] Concurrent Marking                 1159 us
[2024-08-16T20:43:24.789+0800][6.008s][info ][gc,stats       ] Pause Final Mark (G)                837 us
[2024-08-16T20:43:24.789+0800][6.008s][info ][gc,stats       ] Pause Final Mark (N)                770 us
[2024-08-16T20:43:24.789+0800][6.008s][info ][gc,stats       ]   Finish Mark                       417 us
[2024-08-16T20:43:24.789+0800][6.008s][info ][gc,stats       ]   Update Region States              145 us
[2024-08-16T20:43:24.789+0800][6.008s][info ][gc,stats       ]   Choose Collection Set             127 us
[2024-08-16T20:43:24.789+0800][6.008s][info ][gc,stats       ]   Rebuild Free Set                   11 us
[2024-08-16T20:43:24.789+0800][6.008s][info ][gc,stats       ] Concurrent Thread Roots             253 us, parallelism: 0.56x
[2024-08-16T20:43:24.789+0800][6.008s][info ][gc,stats       ]   CTR: <total>                      141 us
[2024-08-16T20:43:24.789+0800][6.008s][info ][gc,stats       ]   CTR: Thread Roots                 141 us, workers (us):  83,  46,  12,   0, ---, ---, ---, ---, 
[2024-08-16T20:43:24.789+0800][6.008s][info ][gc,stats       ] Concurrent Weak References          138 us, parallelism: 0.01x
[2024-08-16T20:43:24.789+0800][6.008s][info ][gc,stats       ]   CWRF: <total>                       1 us
[2024-08-16T20:43:24.789+0800][6.008s][info ][gc,stats       ]   CWRF: Weak References               1 us, workers (us):   1,   0,   0,   0, ---, ---, ---, ---, 
[2024-08-16T20:43:24.789+0800][6.008s][info ][gc,stats       ] Concurrent Weak Roots               243 us
[2024-08-16T20:43:24.789+0800][6.008s][info ][gc,stats       ]   Roots                             152 us, parallelism: 1.17x
[2024-08-16T20:43:24.789+0800][6.008s][info ][gc,stats       ]     CWR: <total>                    178 us
[2024-08-16T20:43:24.789+0800][6.008s][info ][gc,stats       ]     CWR: Code Cache Roots           149 us, workers (us):  67,  78,   0,   4, ---, ---, ---, ---, 
[2024-08-16T20:43:24.789+0800][6.008s][info ][gc,stats       ]     CWR: VM Weak Roots               26 us, workers (us):  20,   5,   0,   1, ---, ---, ---, ---, 
[2024-08-16T20:43:24.789+0800][6.008s][info ][gc,stats       ]     CWR: CLDG Roots                   3 us, workers (us): ---,   3, ---, ---, ---, ---, ---, ---, 
[2024-08-16T20:43:24.789+0800][6.008s][info ][gc,stats       ]   Rendezvous                         49 us
[2024-08-16T20:43:24.789+0800][6.008s][info ][gc,stats       ] Concurrent Cleanup                  120 us
[2024-08-16T20:43:24.789+0800][6.008s][info ][gc,stats       ] Concurrent Class Unloading          460 us
[2024-08-16T20:43:24.789+0800][6.008s][info ][gc,stats       ]   Unlink Stale                      263 us
[2024-08-16T20:43:24.789+0800][6.008s][info ][gc,stats       ]     System Dictionary                18 us
[2024-08-16T20:43:24.789+0800][6.008s][info ][gc,stats       ]     Weak Class Links                  0 us
[2024-08-16T20:43:24.789+0800][6.008s][info ][gc,stats       ]     Code Roots                      244 us
[2024-08-16T20:43:24.789+0800][6.008s][info ][gc,stats       ]   Rendezvous                         69 us
[2024-08-16T20:43:24.789+0800][6.008s][info ][gc,stats       ]   Purge Unlinked                     79 us
[2024-08-16T20:43:24.789+0800][6.008s][info ][gc,stats       ]     Code Roots                       50 us
[2024-08-16T20:43:24.789+0800][6.008s][info ][gc,stats       ]     CLDG                             29 us
[2024-08-16T20:43:24.789+0800][6.008s][info ][gc,stats       ]     Exception Caches                  0 us
[2024-08-16T20:43:24.789+0800][6.008s][info ][gc,stats       ] Concurrent Strong Roots              87 us, parallelism: 0.16x
[2024-08-16T20:43:24.789+0800][6.008s][info ][gc,stats       ]   CSR: <total>                       14 us
[2024-08-16T20:43:24.789+0800][6.008s][info ][gc,stats       ]   CSR: VM Strong Roots                2 us, workers (us):   2,   0,   0,   0, ---, ---, ---, ---, 
[2024-08-16T20:43:24.789+0800][6.008s][info ][gc,stats       ]   CSR: CLDG Roots                    12 us, workers (us):  12, ---, ---, ---, ---, ---, ---, ---, 
[2024-08-16T20:43:24.789+0800][6.008s][info ][gc,stats       ] Concurrent Evacuation             14646 us
[2024-08-16T20:43:24.789+0800][6.008s][info ][gc,stats       ] Pause Init Update Refs (G)          175 us
[2024-08-16T20:43:24.789+0800][6.008s][info ][gc,stats       ] Pause Init Update Refs (N)           63 us
[2024-08-16T20:43:24.789+0800][6.008s][info ][gc,stats       ]   Manage GCLABs                       3 us
[2024-08-16T20:43:24.789+0800][6.008s][info ][gc,stats       ] Concurrent Update Refs             2341 us
[2024-08-16T20:43:24.789+0800][6.008s][info ][gc,stats       ] Concurrent Update Thread Roots      260 us
[2024-08-16T20:43:24.789+0800][6.008s][info ][gc,stats       ] Pause Final Update Refs (G)         213 us
[2024-08-16T20:43:24.789+0800][6.008s][info ][gc,stats       ] Pause Final Update Refs (N)         158 us
[2024-08-16T20:43:24.789+0800][6.008s][info ][gc,stats       ]   Update Region States              104 us
[2024-08-16T20:43:24.789+0800][6.008s][info ][gc,stats       ]   Trash Collection Set                3 us
[2024-08-16T20:43:24.789+0800][6.008s][info ][gc,stats       ]   Rebuild Free Set                    9 us
[2024-08-16T20:43:24.789+0800][6.008s][info ][gc,stats       ] Concurrent Cleanup                  118 us
[2024-08-16T20:43:24.789+0800][6.008s][info ][gc,stats       ] Pacing                            20876 us
[2024-08-16T20:43:24.789+0800][6.008s][info ][gc,stats       ] 
[2024-08-16T20:43:24.789+0800][6.008s][info ][gc,stats       ] Allocation pacing accrued:
[2024-08-16T20:43:24.789+0800][6.008s][info ][gc,stats       ]      21 of    32 ms ( 65.6%): main
[2024-08-16T20:43:24.789+0800][6.008s][info ][gc,stats       ]      21 of    32 ms ( 65.6%): <total>
[2024-08-16T20:43:24.789+0800][6.008s][info ][gc,stats       ]       2 of    32 ms (  6.0%): <average total>
[2024-08-16T20:43:24.789+0800][6.008s][info ][gc,stats       ]      21 of    32 ms ( 65.6%): <average non-zero>
[2024-08-16T20:43:24.789+0800][6.008s][info ][gc,stats       ] 
[2024-08-16T20:43:24.789+0800][6.008s][info ][gc,metaspace   ] Metaspace: 842K(960K)->842K(960K) NonClass: 779K(832K)->779K(832K) Class: 62K(128K)->62K(128K)
[2024-08-16T20:43:24.789+0800][6.008s][info ][gc,ergo        ] Pacer for Idle. Initial: 83886K, Alloc Tax Rate: 1.0x
[2024-08-16T20:43:24.853+0800][6.072s][info ][gc             ] Trigger: Average GC time (35.22 ms) is above the time for average allocation rate (16552 MB/s) to deplete free headroom (581M) (margin of error = 1.81)
[2024-08-16T20:43:24.853+0800][6.072s][info ][gc,ergo        ] Free headroom: 786M (free) - 204M (spike) - 0B (penalties) = 581M
[2024-08-16T20:43:24.853+0800][6.073s][info ][gc,ergo        ] Free: 786M, Max: 2048K regular, 142M humongous, Frag: 37% external, 41% internal; Reserve: 206M, Max: 2048K
[2024-08-16T20:43:24.853+0800][6.073s][info ][gc,start       ] GC(19) Concurrent reset
[2024-08-16T20:43:24.853+0800][6.073s][info ][gc,task        ] GC(19) Using 4 of 8 workers for concurrent reset
[2024-08-16T20:43:24.853+0800][6.073s][info ][gc,ergo        ] GC(19) Pacer for Reset. Non-Taxable: 4096M
[2024-08-16T20:43:24.857+0800][6.076s][info ][gc             ] GC(19) Concurrent reset 3.662ms
[2024-08-16T20:43:24.857+0800][6.076s][info ][gc,start       ] GC(19) Pause Init Mark (unload classes)
[2024-08-16T20:43:24.857+0800][6.076s][info ][gc,task        ] GC(19) Using 8 of 8 workers for init marking
[2024-08-16T20:43:24.857+0800][6.077s][info ][gc,ergo        ] GC(19) Pacer for Mark. Expected Live: 1769M, Free: 780M, Non-Taxable: 79933K, Alloc Tax Rate: 2.8x
[2024-08-16T20:43:24.857+0800][6.077s][info ][gc             ] GC(19) Pause Init Mark (unload classes) 0.203ms
[2024-08-16T20:43:24.857+0800][6.077s][info ][gc,start       ] GC(19) Concurrent marking roots
[2024-08-16T20:43:24.857+0800][6.077s][info ][gc,task        ] GC(19) Using 4 of 8 workers for concurrent marking roots
[2024-08-16T20:43:24.857+0800][6.077s][debug][gc,tlab        ] GC(19) TLAB totals: thrds: 1  refills: 1 max: 1 slow allocs: 1 max 1 waste: 98.5% gc: 285096B max: 285096B slow: 0B max: 0B
[2024-08-16T20:43:24.857+0800][6.077s][info ][gc             ] GC(19) Concurrent marking roots 0.297ms
[2024-08-16T20:43:24.857+0800][6.077s][info ][gc,start       ] GC(19) Concurrent marking (unload classes)
[2024-08-16T20:43:24.857+0800][6.077s][info ][gc,task        ] GC(19) Using 4 of 8 workers for concurrent marking
[2024-08-16T20:43:24.859+0800][6.079s][info ][gc             ] GC(19) Concurrent marking (unload classes) 1.452ms
[2024-08-16T20:43:24.859+0800][6.079s][info ][gc,start       ] GC(19) Pause Final Mark (unload classes)
[2024-08-16T20:43:24.859+0800][6.079s][info ][gc,task        ] GC(19) Using 8 of 8 workers for final marking
[2024-08-16T20:43:24.860+0800][6.080s][info ][gc,ergo        ] GC(19) Adaptive CSet Selection. Target Free: 580M, Actual Free: 418M, Max CSet: 170M, Min Garbage: 162M
[2024-08-16T20:43:24.860+0800][6.080s][info ][gc,ergo        ] GC(19) Collectable Garbage: 109M (100%), Immediate: 0B (0%), CSet: 109M (100%)
[2024-08-16T20:43:24.860+0800][6.080s][info ][gc,ergo        ] GC(19) Pacer for Evacuation. Used CSet: 279M, Free: 1882M, Non-Taxable: 188M, Alloc Tax Rate: 1.1x
[2024-08-16T20:43:24.860+0800][6.080s][info ][gc             ] GC(19) Pause Final Mark (unload classes) 1.143ms
[2024-08-16T20:43:24.861+0800][6.080s][info ][gc,start       ] GC(19) Concurrent thread roots
[2024-08-16T20:43:24.861+0800][6.080s][info ][gc,task        ] GC(19) Using 4 of 8 workers for Concurrent thread roots
[2024-08-16T20:43:24.861+0800][6.081s][info ][gc             ] GC(19) Concurrent thread roots 0.333ms
[2024-08-16T20:43:24.861+0800][6.081s][info ][gc,start       ] GC(19) Concurrent weak references
[2024-08-16T20:43:24.861+0800][6.081s][info ][gc,task        ] GC(19) Using 4 of 8 workers for concurrent weak references
[2024-08-16T20:43:24.861+0800][6.081s][info ][gc,ref         ] GC(19) Encountered references: Soft: 104, Weak: 193, Final: 0, Phantom: 1
[2024-08-16T20:43:24.861+0800][6.081s][info ][gc,ref         ] GC(19) Discovered  references: Soft: 0, Weak: 43, Final: 0, Phantom: 1
[2024-08-16T20:43:24.861+0800][6.081s][info ][gc,ref         ] GC(19) Enqueued    references: Soft: 0, Weak: 0, Final: 0, Phantom: 0
[2024-08-16T20:43:24.861+0800][6.081s][info ][gc             ] GC(19) Concurrent weak references 0.211ms
[2024-08-16T20:43:24.861+0800][6.081s][info ][gc,start       ] GC(19) Concurrent weak roots
[2024-08-16T20:43:24.861+0800][6.081s][info ][gc,task        ] GC(19) Using 4 of 8 workers for concurrent weak root
[2024-08-16T20:43:24.862+0800][6.081s][info ][gc             ] GC(19) Concurrent weak roots 0.377ms
[2024-08-16T20:43:24.862+0800][6.081s][info ][gc,start       ] GC(19) Concurrent cleanup
[2024-08-16T20:43:24.862+0800][6.082s][info ][gc             ] GC(19) Concurrent cleanup 1952M->1952M(4096M) 0.252ms
[2024-08-16T20:43:24.862+0800][6.082s][info ][gc,ergo        ] GC(19) Free: 736M, Max: 2048K regular, 130M humongous, Frag: 39% external, 41% internal; Reserve: 205M, Max: 2048K
[2024-08-16T20:43:24.862+0800][6.082s][info ][gc,start       ] GC(19) Concurrent class unloading
[2024-08-16T20:43:24.862+0800][6.082s][info ][gc,task        ] GC(19) Using 4 of 8 workers for concurrent class unloading
[2024-08-16T20:43:24.862+0800][6.082s][debug][gc,phases,start] GC(19) ClassLoaderData
[2024-08-16T20:43:24.862+0800][6.082s][debug][gc,phases      ] GC(19) ClassLoaderData 0.025ms
[2024-08-16T20:43:24.862+0800][6.082s][debug][gc,phases,start] GC(19) Trigger cleanups
[2024-08-16T20:43:24.862+0800][6.082s][debug][gc,phases      ] GC(19) Trigger cleanups 0.014ms
[2024-08-16T20:43:24.863+0800][6.082s][info ][gc             ] GC(19) Concurrent class unloading 0.657ms
[2024-08-16T20:43:24.863+0800][6.083s][info ][gc,start       ] GC(19) Concurrent strong roots
[2024-08-16T20:43:24.863+0800][6.083s][info ][gc,task        ] GC(19) Using 4 of 8 workers for concurrent strong root
[2024-08-16T20:43:24.863+0800][6.083s][info ][gc             ] GC(19) Concurrent strong roots 0.348ms
[2024-08-16T20:43:24.863+0800][6.083s][info ][gc,start       ] GC(19) Concurrent evacuation
[2024-08-16T20:43:24.863+0800][6.083s][info ][gc,task        ] GC(19) Using 4 of 8 workers for concurrent evacuation
[2024-08-16T20:43:24.880+0800][6.099s][info ][gc             ] GC(19) Concurrent evacuation 16.279ms
[2024-08-16T20:43:24.880+0800][6.099s][info ][gc,start       ] GC(19) Pause Init Update Refs
[2024-08-16T20:43:24.880+0800][6.099s][info ][gc,ergo        ] GC(19) Pacer for Update Refs. Used: 2265M, Free: 602M, Non-Taxable: 61746K, Alloc Tax Rate: 4.6x
[2024-08-16T20:43:24.880+0800][6.099s][info ][gc             ] GC(19) Pause Init Update Refs 0.039ms
[2024-08-16T20:43:24.880+0800][6.099s][info ][gc,start       ] GC(19) Concurrent update references
[2024-08-16T20:43:24.880+0800][6.100s][info ][gc,task        ] GC(19) Using 4 of 8 workers for concurrent reference update
[2024-08-16T20:43:24.883+0800][6.103s][info ][gc             ] GC(19) Concurrent update references 3.227ms
[2024-08-16T20:43:24.883+0800][6.103s][info ][gc,start       ] GC(19) Concurrent update thread roots
[2024-08-16T20:43:24.883+0800][6.103s][info ][gc             ] GC(19) Concurrent update thread roots 0.366ms
[2024-08-16T20:43:24.884+0800][6.103s][info ][gc,start       ] GC(19) Pause Final Update Refs
[2024-08-16T20:43:24.884+0800][6.103s][info ][gc,task        ] GC(19) Using 8 of 8 workers for final reference update
[2024-08-16T20:43:24.884+0800][6.103s][info ][gc             ] GC(19) Pause Final Update Refs 0.240ms
[2024-08-16T20:43:24.884+0800][6.104s][info ][gc,start       ] GC(19) Concurrent cleanup
[2024-08-16T20:43:24.884+0800][6.104s][info ][gc             ] GC(19) Concurrent cleanup 2267M->1987M(4096M) 0.136ms
[2024-08-16T20:43:24.884+0800][6.104s][debug][gc,ergo        ] GC(19) Available: 1902 MB, z-score=0.246. Average available: 1767.4 MB +/- 548.1 MB.
[2024-08-16T20:43:24.884+0800][6.104s][info ][gc,ergo        ] Free: 1902M, Max: 2048K regular, 90112K humongous, Frag: 57% external, 47% internal; Reserve: 206M, Max: 2048K
[2024-08-16T20:43:24.884+0800][6.104s][info ][gc,stats       ] 
[2024-08-16T20:43:24.884+0800][6.104s][info ][gc,stats       ] All times are wall-clock times, except per-root-class counters, that are sum over
[2024-08-16T20:43:24.884+0800][6.104s][info ][gc,stats       ] all workers. Dividing the <total> over the root stage time estimates parallelism.
[2024-08-16T20:43:24.884+0800][6.104s][info ][gc,stats       ] 
[2024-08-16T20:43:24.884+0800][6.104s][info ][gc,stats       ] Concurrent Reset                   3741 us
[2024-08-16T20:43:24.884+0800][6.104s][info ][gc,stats       ] Pause Init Mark (G)                 359 us
[2024-08-16T20:43:24.884+0800][6.104s][info ][gc,stats       ] Pause Init Mark (N)                 276 us
[2024-08-16T20:43:24.884+0800][6.104s][info ][gc,stats       ]   Update Region States              144 us
[2024-08-16T20:43:24.884+0800][6.104s][info ][gc,stats       ] Concurrent Mark Roots               324 us, parallelism: 0.87x
[2024-08-16T20:43:24.884+0800][6.104s][info ][gc,stats       ]   CMR: <total>                      283 us
[2024-08-16T20:43:24.884+0800][6.104s][info ][gc,stats       ]   CMR: Thread Roots                 249 us, workers (us):  83, 166,   0,   0, ---, ---, ---, ---, 
[2024-08-16T20:43:24.884+0800][6.104s][info ][gc,stats       ]   CMR: VM Strong Roots                5 us, workers (us):   4,   1,   0,   0, ---, ---, ---, ---, 
[2024-08-16T20:43:24.884+0800][6.104s][info ][gc,stats       ]   CMR: CLDG Roots                    29 us, workers (us):  26,   3, ---, ---, ---, ---, ---, ---, 
[2024-08-16T20:43:24.884+0800][6.104s][info ][gc,stats       ] Concurrent Marking                 1578 us
[2024-08-16T20:43:24.884+0800][6.104s][info ][gc,stats       ] Pause Final Mark (G)               1623 us
[2024-08-16T20:43:24.884+0800][6.104s][info ][gc,stats       ] Pause Final Mark (N)               1239 us
[2024-08-16T20:43:24.884+0800][6.104s][info ][gc,stats       ]   Finish Mark                       469 us
[2024-08-16T20:43:24.884+0800][6.104s][info ][gc,stats       ]   Update Region States              241 us
[2024-08-16T20:43:24.884+0800][6.104s][info ][gc,stats       ]   Choose Collection Set             354 us
[2024-08-16T20:43:24.884+0800][6.104s][info ][gc,stats       ]   Rebuild Free Set                   30 us
[2024-08-16T20:43:24.884+0800][6.104s][info ][gc,stats       ] Concurrent Thread Roots             373 us, parallelism: 0.57x
[2024-08-16T20:43:24.884+0800][6.104s][info ][gc,stats       ]   CTR: <total>                      213 us
[2024-08-16T20:43:24.884+0800][6.104s][info ][gc,stats       ]   CTR: Thread Roots                 213 us, workers (us): 173,  31,   8,   0, ---, ---, ---, ---, 
[2024-08-16T20:43:24.884+0800][6.104s][info ][gc,stats       ] Concurrent Weak References          239 us, parallelism: 0.05x
[2024-08-16T20:43:24.884+0800][6.104s][info ][gc,stats       ]   CWRF: <total>                      12 us
[2024-08-16T20:43:24.884+0800][6.104s][info ][gc,stats       ]   CWRF: Weak References              12 us, workers (us):  12,   0,   0,   0, ---, ---, ---, ---, 
[2024-08-16T20:43:24.884+0800][6.104s][info ][gc,stats       ] Concurrent Weak Roots               459 us
[2024-08-16T20:43:24.884+0800][6.104s][info ][gc,stats       ]   Roots                             191 us, parallelism: 0.95x
[2024-08-16T20:43:24.884+0800][6.104s][info ][gc,stats       ]     CWR: <total>                    182 us
[2024-08-16T20:43:24.884+0800][6.104s][info ][gc,stats       ]     CWR: Code Cache Roots            98 us, workers (us):  44,   0,  50,   4, ---, ---, ---, ---, 
[2024-08-16T20:43:24.884+0800][6.104s][info ][gc,stats       ]     CWR: VM Weak Roots               83 us, workers (us):  36,  30,  16,   1, ---, ---, ---, ---, 
[2024-08-16T20:43:24.884+0800][6.104s][info ][gc,stats       ]     CWR: CLDG Roots                   1 us, workers (us):   1, ---, ---, ---, ---, ---, ---, ---, 
[2024-08-16T20:43:24.884+0800][6.104s][info ][gc,stats       ]   Rendezvous                        171 us
[2024-08-16T20:43:24.884+0800][6.104s][info ][gc,stats       ] Concurrent Cleanup                  443 us
[2024-08-16T20:43:24.884+0800][6.104s][info ][gc,stats       ] Concurrent Class Unloading          693 us
[2024-08-16T20:43:24.884+0800][6.104s][info ][gc,stats       ]   Unlink Stale                      371 us
[2024-08-16T20:43:24.884+0800][6.104s][info ][gc,stats       ]     System Dictionary                75 us
[2024-08-16T20:43:24.884+0800][6.104s][info ][gc,stats       ]     Weak Class Links                  0 us
[2024-08-16T20:43:24.884+0800][6.104s][info ][gc,stats       ]     Code Roots                      294 us
[2024-08-16T20:43:24.884+0800][6.104s][info ][gc,stats       ]   Rendezvous                         49 us
[2024-08-16T20:43:24.884+0800][6.104s][info ][gc,stats       ]   Purge Unlinked                    201 us
[2024-08-16T20:43:24.884+0800][6.104s][info ][gc,stats       ]     Code Roots                      182 us
[2024-08-16T20:43:24.884+0800][6.104s][info ][gc,stats       ]     CLDG                             18 us
[2024-08-16T20:43:24.884+0800][6.104s][info ][gc,stats       ]     Exception Caches                  0 us
[2024-08-16T20:43:24.884+0800][6.104s][info ][gc,stats       ] Concurrent Strong Roots             391 us, parallelism: 0.40x
[2024-08-16T20:43:24.884+0800][6.104s][info ][gc,stats       ]   CSR: <total>                      156 us
[2024-08-16T20:43:24.884+0800][6.104s][info ][gc,stats       ]   CSR: VM Strong Roots               13 us, workers (us):   4,   5,   4,   0, ---, ---, ---, ---, 
[2024-08-16T20:43:24.884+0800][6.104s][info ][gc,stats       ]   CSR: CLDG Roots                   144 us, workers (us):   6, 137, ---, ---, ---, ---, ---, ---, 
[2024-08-16T20:43:24.884+0800][6.104s][info ][gc,stats       ] Concurrent Evacuation             16377 us
[2024-08-16T20:43:24.884+0800][6.104s][info ][gc,stats       ] Pause Init Update Refs (G)          204 us
[2024-08-16T20:43:24.884+0800][6.104s][info ][gc,stats       ] Pause Init Update Refs (N)           76 us
[2024-08-16T20:43:24.884+0800][6.104s][info ][gc,stats       ]   Manage GCLABs                       5 us
[2024-08-16T20:43:24.885+0800][6.104s][info ][gc,stats       ] Concurrent Update Refs             3279 us
[2024-08-16T20:43:24.885+0800][6.104s][info ][gc,stats       ] Concurrent Update Thread Roots      447 us
[2024-08-16T20:43:24.885+0800][6.104s][info ][gc,stats       ] Pause Final Update Refs (G)         347 us
[2024-08-16T20:43:24.885+0800][6.104s][info ][gc,stats       ] Pause Final Update Refs (N)         279 us
[2024-08-16T20:43:24.885+0800][6.104s][info ][gc,stats       ]   Update Region States              136 us
[2024-08-16T20:43:24.885+0800][6.104s][info ][gc,stats       ]   Trash Collection Set                5 us
[2024-08-16T20:43:24.885+0800][6.104s][info ][gc,stats       ]   Rebuild Free Set                   14 us
[2024-08-16T20:43:24.885+0800][6.104s][info ][gc,stats       ] Concurrent Cleanup                  175 us
[2024-08-16T20:43:24.885+0800][6.104s][info ][gc,stats       ] Pacing                            26381 us
[2024-08-16T20:43:24.885+0800][6.104s][info ][gc,stats       ] 
[2024-08-16T20:43:24.885+0800][6.104s][info ][gc,stats       ] Allocation pacing accrued:
[2024-08-16T20:43:24.885+0800][6.104s][info ][gc,stats       ]      26 of    96 ms ( 27.5%): main
[2024-08-16T20:43:24.885+0800][6.104s][info ][gc,stats       ]      26 of    96 ms ( 27.5%): <total>
[2024-08-16T20:43:24.885+0800][6.104s][info ][gc,stats       ]       2 of    96 ms (  2.5%): <average total>
[2024-08-16T20:43:24.885+0800][6.104s][info ][gc,stats       ]      26 of    96 ms ( 27.5%): <average non-zero>
[2024-08-16T20:43:24.885+0800][6.104s][info ][gc,stats       ] 
[2024-08-16T20:43:24.885+0800][6.104s][info ][gc,metaspace   ] Metaspace: 842K(960K)->842K(960K) NonClass: 779K(832K)->779K(832K) Class: 62K(128K)->62K(128K)
[2024-08-16T20:43:24.885+0800][6.104s][info ][gc,ergo        ] Pacer for Idle. Initial: 83886K, Alloc Tax Rate: 1.0x
[2024-08-16T20:43:24.887+0800][6.106s][info ][gc             ] Trigger: Average GC time (37.37 ms) is above the time for average allocation rate (16552 MB/s) to deplete free headroom (594M) (margin of error = 1.81)
[2024-08-16T20:43:24.887+0800][6.106s][info ][gc,ergo        ] Free headroom: 799M (free) - 204M (spike) - 0B (penalties) = 594M
[2024-08-16T20:43:24.887+0800][6.106s][info ][gc,ergo        ] Free: 799M, Max: 2048K regular, 90112K humongous, Frag: 56% external, 43% internal; Reserve: 206M, Max: 2048K
[2024-08-16T20:43:24.887+0800][6.107s][info ][gc,start       ] GC(20) Concurrent reset
[2024-08-16T20:43:24.887+0800][6.107s][info ][gc,task        ] GC(20) Using 4 of 8 workers for concurrent reset
[2024-08-16T20:43:24.887+0800][6.107s][info ][gc,ergo        ] GC(20) Pacer for Reset. Non-Taxable: 4096M
[2024-08-16T20:43:24.892+0800][6.112s][info ][gc             ] GC(20) Concurrent reset 5.357ms
[2024-08-16T20:43:24.892+0800][6.112s][info ][gc,start       ] GC(20) Pause Init Mark (unload classes)
[2024-08-16T20:43:24.892+0800][6.112s][info ][gc,task        ] GC(20) Using 8 of 8 workers for init marking
[2024-08-16T20:43:24.893+0800][6.112s][info ][gc,ergo        ] GC(20) Pacer for Mark. Expected Live: 1780M, Free: 745M, Non-Taxable: 76294K, Alloc Tax Rate: 2.9x
[2024-08-16T20:43:24.893+0800][6.112s][info ][gc             ] GC(20) Pause Init Mark (unload classes) 0.232ms
[2024-08-16T20:43:24.893+0800][6.112s][info ][gc,start       ] GC(20) Concurrent marking roots
[2024-08-16T20:43:24.893+0800][6.112s][info ][gc,task        ] GC(20) Using 4 of 8 workers for concurrent marking roots
[2024-08-16T20:43:24.893+0800][6.113s][debug][gc,tlab        ] GC(20) TLAB totals: thrds: 1  refills: 1 max: 1 slow allocs: 11 max 11 waste: 95.6% gc: 1002008B max: 1002008B slow: 0B max: 0B
[2024-08-16T20:43:24.893+0800][6.113s][info ][gc             ] GC(20) Concurrent marking roots 0.168ms
[2024-08-16T20:43:24.893+0800][6.113s][info ][gc,start       ] GC(20) Concurrent marking (unload classes)
[2024-08-16T20:43:24.893+0800][6.113s][info ][gc,task        ] GC(20) Using 4 of 8 workers for concurrent marking
[2024-08-16T20:43:24.894+0800][6.113s][info ][gc             ] GC(20) Concurrent marking (unload classes) 0.647ms
[2024-08-16T20:43:24.894+0800][6.113s][info ][gc,start       ] GC(20) Pause Final Mark (unload classes)
[2024-08-16T20:43:24.894+0800][6.113s][info ][gc,task        ] GC(20) Using 8 of 8 workers for final marking
[2024-08-16T20:43:24.894+0800][6.114s][info ][gc,ergo        ] GC(20) Adaptive CSet Selection. Target Free: 580M, Actual Free: 395M, Max CSet: 170M, Min Garbage: 185M
[2024-08-16T20:43:24.894+0800][6.114s][info ][gc,ergo        ] GC(20) Collectable Garbage: 144M (100%), Immediate: 1032K (0%), CSet: 143M (99%)
[2024-08-16T20:43:24.894+0800][6.114s][info ][gc,ergo        ] GC(20) Pacer for Evacuation. Used CSet: 312M, Free: 1870M, Non-Taxable: 187M, Alloc Tax Rate: 1.1x
[2024-08-16T20:43:24.894+0800][6.114s][info ][gc             ] GC(20) Pause Final Mark (unload classes) 0.689ms
[2024-08-16T20:43:24.895+0800][6.114s][info ][gc,start       ] GC(20) Concurrent thread roots
[2024-08-16T20:43:24.895+0800][6.114s][info ][gc,task        ] GC(20) Using 4 of 8 workers for Concurrent thread roots
[2024-08-16T20:43:24.895+0800][6.114s][info ][gc             ] GC(20) Concurrent thread roots 0.138ms
[2024-08-16T20:43:24.895+0800][6.114s][info ][gc,start       ] GC(20) Concurrent weak references
[2024-08-16T20:43:24.895+0800][6.114s][info ][gc,task        ] GC(20) Using 4 of 8 workers for concurrent weak references
[2024-08-16T20:43:24.895+0800][6.114s][info ][gc,ref         ] GC(20) Encountered references: Soft: 104, Weak: 193, Final: 0, Phantom: 1
[2024-08-16T20:43:24.895+0800][6.114s][info ][gc,ref         ] GC(20) Discovered  references: Soft: 0, Weak: 0, Final: 0, Phantom: 0
[2024-08-16T20:43:24.895+0800][6.114s][info ][gc,ref         ] GC(20) Enqueued    references: Soft: 0, Weak: 0, Final: 0, Phantom: 0
[2024-08-16T20:43:24.895+0800][6.114s][info ][gc             ] GC(20) Concurrent weak references 0.130ms
[2024-08-16T20:43:24.895+0800][6.114s][info ][gc,start       ] GC(20) Concurrent weak roots
[2024-08-16T20:43:24.895+0800][6.114s][info ][gc,task        ] GC(20) Using 4 of 8 workers for concurrent weak root
[2024-08-16T20:43:24.895+0800][6.115s][info ][gc             ] GC(20) Concurrent weak roots 0.378ms
[2024-08-16T20:43:24.895+0800][6.115s][info ][gc,start       ] GC(20) Concurrent cleanup
[2024-08-16T20:43:24.895+0800][6.115s][info ][gc             ] GC(20) Concurrent cleanup 1997M->1995M(4096M) 0.088ms
[2024-08-16T20:43:24.895+0800][6.115s][info ][gc,ergo        ] GC(20) Free: 718M, Max: 2048K regular, 92160K humongous, Frag: 53% external, 42% internal; Reserve: 205M, Max: 2048K
[2024-08-16T20:43:24.895+0800][6.115s][info ][gc,start       ] GC(20) Concurrent class unloading
[2024-08-16T20:43:24.895+0800][6.115s][info ][gc,task        ] GC(20) Using 4 of 8 workers for concurrent class unloading
[2024-08-16T20:43:24.895+0800][6.115s][debug][gc,phases,start] GC(20) ClassLoaderData
[2024-08-16T20:43:24.895+0800][6.115s][debug][gc,phases      ] GC(20) ClassLoaderData 0.006ms
[2024-08-16T20:43:24.895+0800][6.115s][debug][gc,phases,start] GC(20) Trigger cleanups
[2024-08-16T20:43:24.895+0800][6.115s][debug][gc,phases      ] GC(20) Trigger cleanups 0.003ms
[2024-08-16T20:43:24.896+0800][6.115s][info ][gc             ] GC(20) Concurrent class unloading 0.442ms
[2024-08-16T20:43:24.896+0800][6.116s][info ][gc,start       ] GC(20) Concurrent strong roots
[2024-08-16T20:43:24.896+0800][6.116s][info ][gc,task        ] GC(20) Using 4 of 8 workers for concurrent strong root
[2024-08-16T20:43:24.896+0800][6.116s][info ][gc             ] GC(20) Concurrent strong roots 0.133ms
[2024-08-16T20:43:24.896+0800][6.116s][info ][gc,start       ] GC(20) Concurrent evacuation
[2024-08-16T20:43:24.896+0800][6.116s][info ][gc,task        ] GC(20) Using 4 of 8 workers for concurrent evacuation
[2024-08-16T20:43:24.912+0800][6.132s][info ][gc             ] GC(20) Concurrent evacuation 16.288ms
[2024-08-16T20:43:24.912+0800][6.132s][info ][gc,start       ] GC(20) Pause Init Update Refs
[2024-08-16T20:43:24.912+0800][6.132s][info ][gc,ergo        ] GC(20) Pacer for Update Refs. Used: 2309M, Free: 584M, Non-Taxable: 59903K, Alloc Tax Rate: 4.8x
[2024-08-16T20:43:24.912+0800][6.132s][info ][gc             ] GC(20) Pause Init Update Refs 0.022ms
[2024-08-16T20:43:24.912+0800][6.132s][info ][gc,start       ] GC(20) Concurrent update references
[2024-08-16T20:43:24.912+0800][6.132s][info ][gc,task        ] GC(20) Using 4 of 8 workers for concurrent reference update
[2024-08-16T20:43:24.915+0800][6.134s][info ][gc             ] GC(20) Concurrent update references 2.091ms
[2024-08-16T20:43:24.915+0800][6.134s][info ][gc,start       ] GC(20) Concurrent update thread roots
[2024-08-16T20:43:24.915+0800][6.135s][info ][gc             ] GC(20) Concurrent update thread roots 0.234ms
[2024-08-16T20:43:24.915+0800][6.135s][info ][gc,start       ] GC(20) Pause Final Update Refs
[2024-08-16T20:43:24.915+0800][6.135s][info ][gc,task        ] GC(20) Using 8 of 8 workers for final reference update
[2024-08-16T20:43:24.915+0800][6.135s][info ][gc             ] GC(20) Pause Final Update Refs 0.134ms
[2024-08-16T20:43:24.915+0800][6.135s][info ][gc,start       ] GC(20) Concurrent cleanup
[2024-08-16T20:43:24.915+0800][6.135s][info ][gc             ] GC(20) Concurrent cleanup 2309M->1996M(4096M) 0.107ms
[2024-08-16T20:43:24.915+0800][6.135s][debug][gc,ergo        ] GC(20) Available: 1893 MB, z-score=0.289. Average available: 1739.6 MB +/- 533.7 MB.
[2024-08-16T20:43:24.915+0800][6.135s][info ][gc,ergo        ] Free: 1893M, Max: 2048K regular, 67584K humongous, Frag: 65% external, 47% internal; Reserve: 206M, Max: 2048K
[2024-08-16T20:43:24.915+0800][6.135s][info ][gc,stats       ] 
[2024-08-16T20:43:24.915+0800][6.135s][info ][gc,stats       ] All times are wall-clock times, except per-root-class counters, that are sum over
[2024-08-16T20:43:24.915+0800][6.135s][info ][gc,stats       ] all workers. Dividing the <total> over the root stage time estimates parallelism.
[2024-08-16T20:43:24.915+0800][6.135s][info ][gc,stats       ] 
[2024-08-16T20:43:24.915+0800][6.135s][info ][gc,stats       ] Concurrent Reset                   5424 us
[2024-08-16T20:43:24.915+0800][6.135s][info ][gc,stats       ] Pause Init Mark (G)                 533 us
[2024-08-16T20:43:24.915+0800][6.135s][info ][gc,stats       ] Pause Init Mark (N)                 268 us
[2024-08-16T20:43:24.915+0800][6.135s][info ][gc,stats       ]   Update Region States              170 us
[2024-08-16T20:43:24.915+0800][6.135s][info ][gc,stats       ] Concurrent Mark Roots               207 us, parallelism: 0.63x
[2024-08-16T20:43:24.915+0800][6.135s][info ][gc,stats       ]   CMR: <total>                      130 us
[2024-08-16T20:43:24.915+0800][6.135s][info ][gc,stats       ]   CMR: Thread Roots                 102 us, workers (us):  39,  28,  35,   0, ---, ---, ---, ---, 
[2024-08-16T20:43:24.915+0800][6.135s][info ][gc,stats       ]   CMR: VM Strong Roots                4 us, workers (us):   3,   0,   0,   0, ---, ---, ---, ---, 
[2024-08-16T20:43:24.915+0800][6.135s][info ][gc,stats       ]   CMR: CLDG Roots                    24 us, workers (us):  23,   1, ---, ---, ---, ---, ---, ---, 
[2024-08-16T20:43:24.915+0800][6.135s][info ][gc,stats       ] Concurrent Marking                  690 us
[2024-08-16T20:43:24.915+0800][6.135s][info ][gc,stats       ] Pause Final Mark (G)                780 us
[2024-08-16T20:43:24.915+0800][6.135s][info ][gc,stats       ] Pause Final Mark (N)                715 us
[2024-08-16T20:43:24.915+0800][6.135s][info ][gc,stats       ]   Finish Mark                       474 us
[2024-08-16T20:43:24.915+0800][6.135s][info ][gc,stats       ]   Update Region States               98 us
[2024-08-16T20:43:24.915+0800][6.135s][info ][gc,stats       ]   Choose Collection Set              81 us
[2024-08-16T20:43:24.915+0800][6.135s][info ][gc,stats       ]   Rebuild Free Set                    7 us
[2024-08-16T20:43:24.915+0800][6.135s][info ][gc,stats       ] Concurrent Thread Roots             174 us, parallelism: 0.52x
[2024-08-16T20:43:24.915+0800][6.135s][info ][gc,stats       ]   CTR: <total>                       90 us
[2024-08-16T20:43:24.915+0800][6.135s][info ][gc,stats       ]   CTR: Thread Roots                  90 us, workers (us):  54,  31,   5,   0, ---, ---, ---, ---, 
[2024-08-16T20:43:24.915+0800][6.135s][info ][gc,stats       ] Concurrent Weak References          154 us, parallelism: 0.00x
[2024-08-16T20:43:24.915+0800][6.135s][info ][gc,stats       ]   CWRF: <total>                       1 us
[2024-08-16T20:43:24.915+0800][6.135s][info ][gc,stats       ]   CWRF: Weak References               1 us, workers (us):   0,   0,   0,   0, ---, ---, ---, ---, 
[2024-08-16T20:43:24.915+0800][6.135s][info ][gc,stats       ] Concurrent Weak Roots               420 us
[2024-08-16T20:43:24.915+0800][6.135s][info ][gc,stats       ]   Roots                             247 us, parallelism: 0.83x
[2024-08-16T20:43:24.915+0800][6.135s][info ][gc,stats       ]     CWR: <total>                    204 us
[2024-08-16T20:43:24.915+0800][6.135s][info ][gc,stats       ]     CWR: Code Cache Roots           123 us, workers (us):  76,  42,   5,   0, ---, ---, ---, ---, 
[2024-08-16T20:43:24.915+0800][6.135s][info ][gc,stats       ]     CWR: VM Weak Roots               80 us, workers (us):  46,  33,   1,   0, ---, ---, ---, ---, 
[2024-08-16T20:43:24.915+0800][6.135s][info ][gc,stats       ]     CWR: CLDG Roots                   1 us, workers (us): ---,   1, ---, ---, ---, ---, ---, ---, 
[2024-08-16T20:43:24.915+0800][6.135s][info ][gc,stats       ]   Rendezvous                        119 us
[2024-08-16T20:43:24.915+0800][6.135s][info ][gc,stats       ] Concurrent Cleanup                  112 us
[2024-08-16T20:43:24.915+0800][6.135s][info ][gc,stats       ] Concurrent Class Unloading          479 us
[2024-08-16T20:43:24.915+0800][6.135s][info ][gc,stats       ]   Unlink Stale                      308 us
[2024-08-16T20:43:24.915+0800][6.135s][info ][gc,stats       ]     System Dictionary                18 us
[2024-08-16T20:43:24.915+0800][6.135s][info ][gc,stats       ]     Weak Class Links                  0 us
[2024-08-16T20:43:24.915+0800][6.135s][info ][gc,stats       ]     Code Roots                      289 us
[2024-08-16T20:43:24.915+0800][6.135s][info ][gc,stats       ]   Rendezvous                         57 us
[2024-08-16T20:43:24.915+0800][6.135s][info ][gc,stats       ]   Purge Unlinked                     65 us
[2024-08-16T20:43:24.915+0800][6.135s][info ][gc,stats       ]     Code Roots                       51 us
[2024-08-16T20:43:24.915+0800][6.135s][info ][gc,stats       ]     CLDG                             13 us
[2024-08-16T20:43:24.915+0800][6.135s][info ][gc,stats       ]     Exception Caches                  0 us
[2024-08-16T20:43:24.915+0800][6.135s][info ][gc,stats       ] Concurrent Strong Roots             167 us, parallelism: 0.44x
[2024-08-16T20:43:24.915+0800][6.135s][info ][gc,stats       ]   CSR: <total>                       74 us
[2024-08-16T20:43:24.915+0800][6.135s][info ][gc,stats       ]   CSR: VM Strong Roots                9 us, workers (us):   6,   2,   0,   0, ---, ---, ---, ---, 
[2024-08-16T20:43:24.915+0800][6.135s][info ][gc,stats       ]   CSR: CLDG Roots                    65 us, workers (us):   3,  62, ---, ---, ---, ---, ---, ---, 
[2024-08-16T20:43:24.915+0800][6.135s][info ][gc,stats       ] Concurrent Evacuation             16344 us
[2024-08-16T20:43:24.915+0800][6.135s][info ][gc,stats       ] Pause Init Update Refs (G)          105 us
[2024-08-16T20:43:24.915+0800][6.135s][info ][gc,stats       ] Pause Init Update Refs (N)           43 us
[2024-08-16T20:43:24.915+0800][6.135s][info ][gc,stats       ]   Manage GCLABs                       3 us
[2024-08-16T20:43:24.915+0800][6.135s][info ][gc,stats       ] Concurrent Update Refs             2142 us
[2024-08-16T20:43:24.915+0800][6.135s][info ][gc,stats       ] Concurrent Update Thread Roots      269 us
[2024-08-16T20:43:24.915+0800][6.135s][info ][gc,stats       ] Pause Final Update Refs (G)         220 us
[2024-08-16T20:43:24.915+0800][6.135s][info ][gc,stats       ] Pause Final Update Refs (N)         161 us
[2024-08-16T20:43:24.915+0800][6.135s][info ][gc,stats       ]   Update Region States               98 us
[2024-08-16T20:43:24.915+0800][6.135s][info ][gc,stats       ]   Trash Collection Set                5 us
[2024-08-16T20:43:24.915+0800][6.135s][info ][gc,stats       ]   Rebuild Free Set                   12 us
[2024-08-16T20:43:24.916+0800][6.135s][info ][gc,stats       ] Concurrent Cleanup                  129 us
[2024-08-16T20:43:24.916+0800][6.135s][info ][gc,stats       ] Pacing                            11692 us
[2024-08-16T20:43:24.916+0800][6.135s][info ][gc,stats       ] 
[2024-08-16T20:43:24.916+0800][6.135s][info ][gc,stats       ] Allocation pacing accrued:
[2024-08-16T20:43:24.916+0800][6.135s][info ][gc,stats       ]      12 of    31 ms ( 37.8%): main
[2024-08-16T20:43:24.916+0800][6.135s][info ][gc,stats       ]      12 of    31 ms ( 37.8%): <total>
[2024-08-16T20:43:24.916+0800][6.135s][info ][gc,stats       ]       1 of    31 ms (  3.4%): <average total>
[2024-08-16T20:43:24.916+0800][6.135s][info ][gc,stats       ]      12 of    31 ms ( 37.8%): <average non-zero>
[2024-08-16T20:43:24.916+0800][6.135s][info ][gc,stats       ] 
[2024-08-16T20:43:24.916+0800][6.135s][info ][gc,metaspace   ] Metaspace: 842K(960K)->842K(960K) NonClass: 779K(832K)->779K(832K) Class: 62K(128K)->62K(128K)
[2024-08-16T20:43:24.916+0800][6.135s][info ][gc,ergo        ] Pacer for Idle. Initial: 83886K, Alloc Tax Rate: 1.0x
[2024-08-16T20:43:24.921+0800][6.141s][info ][gc             ] Trigger: Average GC time (34.85 ms) is above the time for average allocation rate (16552 MB/s) to deplete free headroom (533M) (margin of error = 1.81)
[2024-08-16T20:43:24.921+0800][6.141s][info ][gc,ergo        ] Free headroom: 738M (free) - 204M (spike) - 0B (penalties) = 533M
[2024-08-16T20:43:24.921+0800][6.141s][info ][gc,ergo        ] Free: 738M, Max: 2048K regular, 67584K humongous, Frag: 64% external, 43% internal; Reserve: 206M, Max: 2048K
[2024-08-16T20:43:24.921+0800][6.141s][info ][gc,start       ] GC(21) Concurrent reset
[2024-08-16T20:43:24.921+0800][6.141s][info ][gc,task        ] GC(21) Using 4 of 8 workers for concurrent reset
[2024-08-16T20:43:24.921+0800][6.141s][info ][gc,ergo        ] GC(21) Pacer for Reset. Non-Taxable: 4096M
[2024-08-16T20:43:24.924+0800][6.144s][info ][gc             ] GC(21) Concurrent reset 2.906ms
[2024-08-16T20:43:24.924+0800][6.144s][info ][gc,start       ] GC(21) Pause Init Mark (unload classes)
[2024-08-16T20:43:24.924+0800][6.144s][info ][gc,task        ] GC(21) Using 8 of 8 workers for init marking
[2024-08-16T20:43:24.924+0800][6.144s][info ][gc,ergo        ] GC(21) Pacer for Mark. Expected Live: 1800M, Free: 732M, Non-Taxable: 75025K, Alloc Tax Rate: 3.0x
[2024-08-16T20:43:24.924+0800][6.144s][info ][gc             ] GC(21) Pause Init Mark (unload classes) 0.138ms
[2024-08-16T20:43:24.924+0800][6.144s][info ][gc,start       ] GC(21) Concurrent marking roots
[2024-08-16T20:43:24.924+0800][6.144s][info ][gc,task        ] GC(21) Using 4 of 8 workers for concurrent marking roots
[2024-08-16T20:43:24.924+0800][6.144s][debug][gc,tlab        ] GC(21) TLAB totals: thrds: 1  refills: 1 max: 1 slow allocs: 0 max 0 waste: 100.0% gc: 515288B max: 515288B slow: 0B max: 0B
[2024-08-16T20:43:24.925+0800][6.144s][info ][gc             ] GC(21) Concurrent marking roots 0.235ms
[2024-08-16T20:43:24.925+0800][6.144s][info ][gc,start       ] GC(21) Concurrent marking (unload classes)
[2024-08-16T20:43:24.925+0800][6.144s][info ][gc,task        ] GC(21) Using 4 of 8 workers for concurrent marking
[2024-08-16T20:43:24.925+0800][6.145s][info ][gc             ] GC(21) Concurrent marking (unload classes) 0.679ms
[2024-08-16T20:43:24.925+0800][6.145s][info ][gc,start       ] GC(21) Pause Final Mark (unload classes)
[2024-08-16T20:43:24.925+0800][6.145s][info ][gc,task        ] GC(21) Using 8 of 8 workers for final marking
[2024-08-16T20:43:24.926+0800][6.146s][info ][gc,ergo        ] GC(21) Adaptive CSet Selection. Target Free: 580M, Actual Free: 445M, Max CSet: 170M, Min Garbage: 135M
[2024-08-16T20:43:24.926+0800][6.146s][info ][gc,ergo        ] GC(21) Collectable Garbage: 193M (100%), Immediate: 66560K (33%), CSet: 128M (66%)
[2024-08-16T20:43:24.926+0800][6.146s][info ][gc,ergo        ] GC(21) Pacer for Evacuation. Used CSet: 298M, Free: 1910M, Non-Taxable: 191M, Alloc Tax Rate: 1.1x
[2024-08-16T20:43:24.926+0800][6.146s][info ][gc             ] GC(21) Pause Final Mark (unload classes) 0.737ms
[2024-08-16T20:43:24.926+0800][6.146s][info ][gc,start       ] GC(21) Concurrent thread roots
[2024-08-16T20:43:24.926+0800][6.146s][info ][gc,task        ] GC(21) Using 4 of 8 workers for Concurrent thread roots
[2024-08-16T20:43:24.926+0800][6.146s][info ][gc             ] GC(21) Concurrent thread roots 0.190ms
[2024-08-16T20:43:24.926+0800][6.146s][info ][gc,start       ] GC(21) Concurrent weak references
[2024-08-16T20:43:24.926+0800][6.146s][info ][gc,task        ] GC(21) Using 4 of 8 workers for concurrent weak references
[2024-08-16T20:43:24.927+0800][6.146s][info ][gc,ref         ] GC(21) Encountered references: Soft: 104, Weak: 193, Final: 0, Phantom: 1
[2024-08-16T20:43:24.927+0800][6.146s][info ][gc,ref         ] GC(21) Discovered  references: Soft: 0, Weak: 0, Final: 0, Phantom: 1
[2024-08-16T20:43:24.927+0800][6.146s][info ][gc,ref         ] GC(21) Enqueued    references: Soft: 0, Weak: 0, Final: 0, Phantom: 0
[2024-08-16T20:43:24.927+0800][6.146s][info ][gc             ] GC(21) Concurrent weak references 0.158ms
[2024-08-16T20:43:24.927+0800][6.146s][info ][gc,start       ] GC(21) Concurrent weak roots
[2024-08-16T20:43:24.927+0800][6.146s][info ][gc,task        ] GC(21) Using 4 of 8 workers for concurrent weak root
[2024-08-16T20:43:24.927+0800][6.147s][info ][gc             ] GC(21) Concurrent weak roots 0.328ms
[2024-08-16T20:43:24.927+0800][6.147s][info ][gc,start       ] GC(21) Concurrent cleanup
[2024-08-16T20:43:24.927+0800][6.147s][info ][gc             ] GC(21) Concurrent cleanup 2003M->1938M(4096M) 0.087ms
[2024-08-16T20:43:24.927+0800][6.147s][info ][gc,ergo        ] GC(21) Free: 770M, Max: 2048K regular, 67584K humongous, Frag: 76% external, 39% internal; Reserve: 205M, Max: 2048K
[2024-08-16T20:43:24.927+0800][6.147s][info ][gc,start       ] GC(21) Concurrent class unloading
[2024-08-16T20:43:24.927+0800][6.147s][info ][gc,task        ] GC(21) Using 4 of 8 workers for concurrent class unloading
[2024-08-16T20:43:24.927+0800][6.147s][debug][gc,phases,start] GC(21) ClassLoaderData
[2024-08-16T20:43:24.927+0800][6.147s][debug][gc,phases      ] GC(21) ClassLoaderData 0.006ms
[2024-08-16T20:43:24.927+0800][6.147s][debug][gc,phases,start] GC(21) Trigger cleanups
[2024-08-16T20:43:24.927+0800][6.147s][debug][gc,phases      ] GC(21) Trigger cleanups 0.003ms
[2024-08-16T20:43:24.928+0800][6.147s][info ][gc             ] GC(21) Concurrent class unloading 0.518ms
[2024-08-16T20:43:24.928+0800][6.147s][info ][gc,start       ] GC(21) Concurrent strong roots
[2024-08-16T20:43:24.928+0800][6.147s][info ][gc,task        ] GC(21) Using 4 of 8 workers for concurrent strong root
[2024-08-16T20:43:24.928+0800][6.147s][info ][gc             ] GC(21) Concurrent strong roots 0.111ms
[2024-08-16T20:43:24.928+0800][6.147s][info ][gc,start       ] GC(21) Concurrent evacuation
[2024-08-16T20:43:24.928+0800][6.147s][info ][gc,task        ] GC(21) Using 4 of 8 workers for concurrent evacuation
[2024-08-16T20:43:24.944+0800][6.163s][info ][gc             ] GC(21) Concurrent evacuation 16.003ms
[2024-08-16T20:43:24.944+0800][6.164s][info ][gc,start       ] GC(21) Pause Init Update Refs
[2024-08-16T20:43:24.944+0800][6.164s][info ][gc,ergo        ] GC(21) Pacer for Update Refs. Used: 2251M, Free: 636M, Non-Taxable: 65228K, Alloc Tax Rate: 4.3x
[2024-08-16T20:43:24.944+0800][6.164s][info ][gc             ] GC(21) Pause Init Update Refs 0.037ms
[2024-08-16T20:43:24.944+0800][6.164s][info ][gc,start       ] GC(21) Concurrent update references
[2024-08-16T20:43:24.944+0800][6.164s][info ][gc,task        ] GC(21) Using 4 of 8 workers for concurrent reference update
[2024-08-16T20:43:24.946+0800][6.166s][info ][gc             ] GC(21) Concurrent update references 1.900ms
[2024-08-16T20:43:24.946+0800][6.166s][info ][gc,start       ] GC(21) Concurrent update thread roots
[2024-08-16T20:43:24.946+0800][6.166s][info ][gc             ] GC(21) Concurrent update thread roots 0.310ms
[2024-08-16T20:43:24.946+0800][6.166s][info ][gc,start       ] GC(21) Pause Final Update Refs
[2024-08-16T20:43:24.946+0800][6.166s][info ][gc,task        ] GC(21) Using 8 of 8 workers for final reference update
[2024-08-16T20:43:24.947+0800][6.166s][info ][gc             ] GC(21) Pause Final Update Refs 0.197ms
[2024-08-16T20:43:24.947+0800][6.166s][info ][gc,start       ] GC(21) Concurrent cleanup
[2024-08-16T20:43:24.947+0800][6.167s][info ][gc             ] GC(21) Concurrent cleanup 2251M->1953M(4096M) 0.105ms
[2024-08-16T20:43:24.947+0800][6.167s][debug][gc,ergo        ] GC(21) Available: 1936 MB, z-score=0.154. Average available: 1887.0 MB +/- 322.4 MB.
[2024-08-16T20:43:24.947+0800][6.167s][info ][gc,ergo        ] Free: 1936M, Max: 2048K regular, 230M humongous, Frag: 15% external, 46% internal; Reserve: 206M, Max: 2048K
[2024-08-16T20:43:24.947+0800][6.167s][info ][gc,stats       ] 
[2024-08-16T20:43:24.947+0800][6.167s][info ][gc,stats       ] All times are wall-clock times, except per-root-class counters, that are sum over
[2024-08-16T20:43:24.947+0800][6.167s][info ][gc,stats       ] all workers. Dividing the <total> over the root stage time estimates parallelism.
[2024-08-16T20:43:24.947+0800][6.167s][info ][gc,stats       ] 
[2024-08-16T20:43:24.947+0800][6.167s][info ][gc,stats       ] Concurrent Reset                   2955 us
[2024-08-16T20:43:24.947+0800][6.167s][info ][gc,stats       ] Pause Init Mark (G)                 250 us
[2024-08-16T20:43:24.947+0800][6.167s][info ][gc,stats       ] Pause Init Mark (N)                 175 us
[2024-08-16T20:43:24.947+0800][6.167s][info ][gc,stats       ]   Update Region States              103 us
[2024-08-16T20:43:24.947+0800][6.167s][info ][gc,stats       ] Concurrent Mark Roots               278 us, parallelism: 0.50x
[2024-08-16T20:43:24.947+0800][6.167s][info ][gc,stats       ]   CMR: <total>                      138 us
[2024-08-16T20:43:24.947+0800][6.167s][info ][gc,stats       ]   CMR: Thread Roots                 113 us, workers (us):  64,  48,   2,   0, ---, ---, ---, ---, 
[2024-08-16T20:43:24.947+0800][6.167s][info ][gc,stats       ]   CMR: VM Strong Roots                3 us, workers (us):   2,   0,   0,   0, ---, ---, ---, ---, 
[2024-08-16T20:43:24.947+0800][6.167s][info ][gc,stats       ]   CMR: CLDG Roots                    21 us, workers (us):  21, ---, ---, ---, ---, ---, ---, ---, 
[2024-08-16T20:43:24.947+0800][6.167s][info ][gc,stats       ] Concurrent Marking                  727 us
[2024-08-16T20:43:24.947+0800][6.167s][info ][gc,stats       ] Pause Final Mark (G)                827 us
[2024-08-16T20:43:24.947+0800][6.167s][info ][gc,stats       ] Pause Final Mark (N)                766 us
[2024-08-16T20:43:24.947+0800][6.167s][info ][gc,stats       ]   Finish Mark                       423 us
[2024-08-16T20:43:24.947+0800][6.167s][info ][gc,stats       ]   Update Region States              189 us
[2024-08-16T20:43:24.947+0800][6.167s][info ][gc,stats       ]   Choose Collection Set              78 us
[2024-08-16T20:43:24.947+0800][6.167s][info ][gc,stats       ]   Rebuild Free Set                    7 us
[2024-08-16T20:43:24.947+0800][6.167s][info ][gc,stats       ] Concurrent Thread Roots             230 us, parallelism: 0.55x
[2024-08-16T20:43:24.947+0800][6.167s][info ][gc,stats       ]   CTR: <total>                      127 us
[2024-08-16T20:43:24.947+0800][6.167s][info ][gc,stats       ]   CTR: Thread Roots                 127 us, workers (us):  82,  45,   0,   0, ---, ---, ---, ---, 
[2024-08-16T20:43:24.947+0800][6.167s][info ][gc,stats       ] Concurrent Weak References          184 us, parallelism: 0.01x
[2024-08-16T20:43:24.947+0800][6.167s][info ][gc,stats       ]   CWRF: <total>                       3 us
[2024-08-16T20:43:24.947+0800][6.167s][info ][gc,stats       ]   CWRF: Weak References               3 us, workers (us):   2,   0,   0,   0, ---, ---, ---, ---, 
[2024-08-16T20:43:24.947+0800][6.167s][info ][gc,stats       ] Concurrent Weak Roots               369 us
[2024-08-16T20:43:24.947+0800][6.167s][info ][gc,stats       ]   Roots                             195 us, parallelism: 1.25x
[2024-08-16T20:43:24.947+0800][6.167s][info ][gc,stats       ]     CWR: <total>                    243 us
[2024-08-16T20:43:24.947+0800][6.167s][info ][gc,stats       ]     CWR: Code Cache Roots           133 us, workers (us):   3,  65,  65,   0, ---, ---, ---, ---, 
[2024-08-16T20:43:24.947+0800][6.167s][info ][gc,stats       ]     CWR: VM Weak Roots              109 us, workers (us):  72,  19,  18,   0, ---, ---, ---, ---, 
[2024-08-16T20:43:24.947+0800][6.167s][info ][gc,stats       ]     CWR: CLDG Roots                   1 us, workers (us):   1, ---, ---, ---, ---, ---, ---, ---, 
[2024-08-16T20:43:24.947+0800][6.167s][info ][gc,stats       ]   Rendezvous                        112 us
[2024-08-16T20:43:24.947+0800][6.167s][info ][gc,stats       ] Concurrent Cleanup                  109 us
[2024-08-16T20:43:24.947+0800][6.167s][info ][gc,stats       ] Concurrent Class Unloading          558 us
[2024-08-16T20:43:24.947+0800][6.167s][info ][gc,stats       ]   Unlink Stale                      316 us
[2024-08-16T20:43:24.947+0800][6.167s][info ][gc,stats       ]     System Dictionary                18 us
[2024-08-16T20:43:24.947+0800][6.167s][info ][gc,stats       ]     Weak Class Links                  0 us
[2024-08-16T20:43:24.947+0800][6.167s][info ][gc,stats       ]     Code Roots                      297 us
[2024-08-16T20:43:24.947+0800][6.167s][info ][gc,stats       ]   Rendezvous                        126 us
[2024-08-16T20:43:24.947+0800][6.167s][info ][gc,stats       ]   Purge Unlinked                     66 us
[2024-08-16T20:43:24.947+0800][6.167s][info ][gc,stats       ]     Code Roots                       53 us
[2024-08-16T20:43:24.947+0800][6.167s][info ][gc,stats       ]     CLDG                             13 us
[2024-08-16T20:43:24.947+0800][6.167s][info ][gc,stats       ]     Exception Caches                  0 us
[2024-08-16T20:43:24.947+0800][6.167s][info ][gc,stats       ] Concurrent Strong Roots             134 us, parallelism: 0.42x
[2024-08-16T20:43:24.947+0800][6.167s][info ][gc,stats       ]   CSR: <total>                       56 us
[2024-08-16T20:43:24.947+0800][6.167s][info ][gc,stats       ]   CSR: VM Strong Roots                6 us, workers (us):   5,   0,   0,   0, ---, ---, ---, ---, 
[2024-08-16T20:43:24.947+0800][6.167s][info ][gc,stats       ]   CSR: CLDG Roots                    50 us, workers (us):  49,   1, ---, ---, ---, ---, ---, ---, 
[2024-08-16T20:43:24.947+0800][6.167s][info ][gc,stats       ] Concurrent Evacuation             16061 us
[2024-08-16T20:43:24.947+0800][6.167s][info ][gc,stats       ] Pause Init Update Refs (G)          181 us
[2024-08-16T20:43:24.947+0800][6.167s][info ][gc,stats       ] Pause Init Update Refs (N)           67 us
[2024-08-16T20:43:24.947+0800][6.167s][info ][gc,stats       ]   Manage GCLABs                       4 us
[2024-08-16T20:43:24.947+0800][6.167s][info ][gc,stats       ] Concurrent Update Refs             1939 us
[2024-08-16T20:43:24.947+0800][6.167s][info ][gc,stats       ] Concurrent Update Thread Roots      356 us
[2024-08-16T20:43:24.947+0800][6.167s][info ][gc,stats       ] Pause Final Update Refs (G)         440 us
[2024-08-16T20:43:24.947+0800][6.167s][info ][gc,stats       ] Pause Final Update Refs (N)         266 us
[2024-08-16T20:43:24.947+0800][6.167s][info ][gc,stats       ]   Update Region States              122 us
[2024-08-16T20:43:24.947+0800][6.167s][info ][gc,stats       ]   Trash Collection Set                4 us
[2024-08-16T20:43:24.947+0800][6.167s][info ][gc,stats       ]   Rebuild Free Set                   14 us
[2024-08-16T20:43:24.947+0800][6.167s][info ][gc,stats       ] Concurrent Cleanup                  138 us
[2024-08-16T20:43:24.947+0800][6.167s][info ][gc,stats       ] Pacing                            22136 us
[2024-08-16T20:43:24.947+0800][6.167s][info ][gc,stats       ] 
[2024-08-16T20:43:24.947+0800][6.167s][info ][gc,stats       ] Allocation pacing accrued:
[2024-08-16T20:43:24.947+0800][6.167s][info ][gc,stats       ]      22 of    32 ms ( 69.9%): main
[2024-08-16T20:43:24.947+0800][6.167s][info ][gc,stats       ]      22 of    32 ms ( 69.9%): <total>
[2024-08-16T20:43:24.947+0800][6.167s][info ][gc,stats       ]       2 of    32 ms (  6.4%): <average total>
[2024-08-16T20:43:24.947+0800][6.167s][info ][gc,stats       ]      22 of    32 ms ( 69.9%): <average non-zero>
[2024-08-16T20:43:24.947+0800][6.167s][info ][gc,stats       ] 
[2024-08-16T20:43:24.947+0800][6.167s][info ][gc,metaspace   ] Metaspace: 842K(960K)->842K(960K) NonClass: 779K(832K)->779K(832K) Class: 62K(128K)->62K(128K)
[2024-08-16T20:43:24.947+0800][6.167s][info ][gc,ergo        ] Pacer for Idle. Initial: 83886K, Alloc Tax Rate: 1.0x
[2024-08-16T20:43:24.987+0800][6.206s][info ][gc             ] Trigger: Average GC time (32.16 ms) is above the time for average allocation rate (16552 MB/s) to deplete free headroom (532M) (margin of error = 1.81)
[2024-08-16T20:43:24.987+0800][6.206s][info ][gc,ergo        ] Free headroom: 736M (free) - 204M (spike) - 0B (penalties) = 532M
[2024-08-16T20:43:24.987+0800][6.206s][info ][gc,ergo        ] Free: 734M, Max: 2048K regular, 208M humongous, Frag: 0% external, 41% internal; Reserve: 206M, Max: 2048K
[2024-08-16T20:43:24.987+0800][6.206s][info ][gc,start       ] GC(22) Concurrent reset
[2024-08-16T20:43:24.987+0800][6.206s][info ][gc,task        ] GC(22) Using 4 of 8 workers for concurrent reset
[2024-08-16T20:43:24.987+0800][6.206s][info ][gc,ergo        ] GC(22) Pacer for Reset. Non-Taxable: 4096M
[2024-08-16T20:43:24.990+0800][6.210s][info ][gc             ] GC(22) Concurrent reset 3.292ms
[2024-08-16T20:43:24.990+0800][6.210s][info ][gc,start       ] GC(22) Pause Init Mark (unload classes)
[2024-08-16T20:43:24.990+0800][6.210s][info ][gc,task        ] GC(22) Using 8 of 8 workers for init marking
[2024-08-16T20:43:24.990+0800][6.210s][info ][gc,ergo        ] GC(22) Pacer for Mark. Expected Live: 1808M, Free: 730M, Non-Taxable: 74838K, Alloc Tax Rate: 3.0x
[2024-08-16T20:43:24.990+0800][6.210s][info ][gc             ] GC(22) Pause Init Mark (unload classes) 0.226ms
[2024-08-16T20:43:24.990+0800][6.210s][info ][gc,start       ] GC(22) Concurrent marking roots
[2024-08-16T20:43:24.990+0800][6.210s][info ][gc,task        ] GC(22) Using 4 of 8 workers for concurrent marking roots
[2024-08-16T20:43:24.990+0800][6.210s][debug][gc,tlab        ] GC(22) TLAB totals: thrds: 1  refills: 1 max: 1 slow allocs: 35 max 35 waste: 45.0% gc: 121160B max: 121160B slow: 0B max: 0B
[2024-08-16T20:43:24.991+0800][6.210s][info ][gc             ] GC(22) Concurrent marking roots 0.199ms
[2024-08-16T20:43:24.991+0800][6.210s][info ][gc,start       ] GC(22) Concurrent marking (unload classes)
[2024-08-16T20:43:24.991+0800][6.210s][info ][gc,task        ] GC(22) Using 4 of 8 workers for concurrent marking
[2024-08-16T20:43:24.992+0800][6.211s][info ][gc             ] GC(22) Concurrent marking (unload classes) 0.989ms
[2024-08-16T20:43:24.992+0800][6.211s][info ][gc,start       ] GC(22) Pause Final Mark (unload classes)
[2024-08-16T20:43:24.992+0800][6.211s][info ][gc,task        ] GC(22) Using 8 of 8 workers for final marking
[2024-08-16T20:43:24.992+0800][6.212s][info ][gc,ergo        ] GC(22) Adaptive CSet Selection. Target Free: 580M, Actual Free: 408M, Max CSet: 170M, Min Garbage: 172M
[2024-08-16T20:43:24.993+0800][6.212s][info ][gc,ergo        ] GC(22) Collectable Garbage: 142M (100%), Immediate: 0B (0%), CSet: 142M (100%)
[2024-08-16T20:43:24.993+0800][6.212s][info ][gc,ergo        ] GC(22) Pacer for Evacuation. Used CSet: 312M, Free: 1875M, Non-Taxable: 187M, Alloc Tax Rate: 1.1x
[2024-08-16T20:43:24.993+0800][6.212s][info ][gc             ] GC(22) Pause Final Mark (unload classes) 0.734ms
[2024-08-16T20:43:24.993+0800][6.212s][info ][gc,start       ] GC(22) Concurrent thread roots
[2024-08-16T20:43:24.993+0800][6.212s][info ][gc,task        ] GC(22) Using 4 of 8 workers for Concurrent thread roots
[2024-08-16T20:43:24.993+0800][6.212s][info ][gc             ] GC(22) Concurrent thread roots 0.140ms
[2024-08-16T20:43:24.993+0800][6.212s][info ][gc,start       ] GC(22) Concurrent weak references
[2024-08-16T20:43:24.993+0800][6.212s][info ][gc,task        ] GC(22) Using 4 of 8 workers for concurrent weak references
[2024-08-16T20:43:24.993+0800][6.212s][info ][gc,ref         ] GC(22) Encountered references: Soft: 104, Weak: 193, Final: 0, Phantom: 1
[2024-08-16T20:43:24.993+0800][6.212s][info ][gc,ref         ] GC(22) Discovered  references: Soft: 0, Weak: 19, Final: 0, Phantom: 1
[2024-08-16T20:43:24.993+0800][6.213s][info ][gc,ref         ] GC(22) Enqueued    references: Soft: 0, Weak: 0, Final: 0, Phantom: 0
[2024-08-16T20:43:24.993+0800][6.213s][info ][gc             ] GC(22) Concurrent weak references 0.074ms
[2024-08-16T20:43:24.993+0800][6.213s][info ][gc,start       ] GC(22) Concurrent weak roots
[2024-08-16T20:43:24.993+0800][6.213s][info ][gc,task        ] GC(22) Using 4 of 8 workers for concurrent weak root
[2024-08-16T20:43:24.993+0800][6.213s][info ][gc             ] GC(22) Concurrent weak roots 0.317ms
[2024-08-16T20:43:24.993+0800][6.213s][info ][gc,start       ] GC(22) Concurrent cleanup
[2024-08-16T20:43:24.993+0800][6.213s][info ][gc             ] GC(22) Concurrent cleanup 1990M->1990M(4096M) 0.101ms
[2024-08-16T20:43:24.993+0800][6.213s][info ][gc,ergo        ] GC(22) Free: 705M, Max: 2048K regular, 200M humongous, Frag: 0% external, 41% internal; Reserve: 205M, Max: 2048K
[2024-08-16T20:43:24.993+0800][6.213s][info ][gc,start       ] GC(22) Concurrent class unloading
[2024-08-16T20:43:24.993+0800][6.213s][info ][gc,task        ] GC(22) Using 4 of 8 workers for concurrent class unloading
[2024-08-16T20:43:24.993+0800][6.213s][debug][gc,phases,start] GC(22) ClassLoaderData
[2024-08-16T20:43:24.993+0800][6.213s][debug][gc,phases      ] GC(22) ClassLoaderData 0.008ms
[2024-08-16T20:43:24.993+0800][6.213s][debug][gc,phases,start] GC(22) Trigger cleanups
[2024-08-16T20:43:24.993+0800][6.213s][debug][gc,phases      ] GC(22) Trigger cleanups 0.005ms
[2024-08-16T20:43:24.994+0800][6.213s][info ][gc             ] GC(22) Concurrent class unloading 0.428ms
[2024-08-16T20:43:24.994+0800][6.214s][info ][gc,start       ] GC(22) Concurrent strong roots
[2024-08-16T20:43:24.994+0800][6.214s][info ][gc,task        ] GC(22) Using 4 of 8 workers for concurrent strong root
[2024-08-16T20:43:24.994+0800][6.214s][info ][gc             ] GC(22) Concurrent strong roots 0.126ms
[2024-08-16T20:43:24.994+0800][6.214s][info ][gc,start       ] GC(22) Concurrent evacuation
[2024-08-16T20:43:24.994+0800][6.214s][info ][gc,task        ] GC(22) Using 4 of 8 workers for concurrent evacuation
[2024-08-16T20:43:25.010+0800][6.229s][info ][gc             ] GC(22) Concurrent evacuation 15.562ms
[2024-08-16T20:43:25.010+0800][6.229s][info ][gc,start       ] GC(22) Pause Init Update Refs
[2024-08-16T20:43:25.010+0800][6.229s][info ][gc,ergo        ] GC(22) Pacer for Update Refs. Used: 2306M, Free: 571M, Non-Taxable: 58572K, Alloc Tax Rate: 4.9x
[2024-08-16T20:43:25.010+0800][6.229s][info ][gc             ] GC(22) Pause Init Update Refs 0.037ms
[2024-08-16T20:43:25.010+0800][6.229s][info ][gc,start       ] GC(22) Concurrent update references
[2024-08-16T20:43:25.010+0800][6.229s][info ][gc,task        ] GC(22) Using 4 of 8 workers for concurrent reference update
[2024-08-16T20:43:25.012+0800][6.231s][info ][gc             ] GC(22) Concurrent update references 1.891ms
[2024-08-16T20:43:25.012+0800][6.231s][info ][gc,start       ] GC(22) Concurrent update thread roots
[2024-08-16T20:43:25.012+0800][6.232s][info ][gc             ] GC(22) Concurrent update thread roots 0.232ms
[2024-08-16T20:43:25.012+0800][6.232s][info ][gc,start       ] GC(22) Pause Final Update Refs
[2024-08-16T20:43:25.012+0800][6.232s][info ][gc,task        ] GC(22) Using 8 of 8 workers for final reference update
[2024-08-16T20:43:25.012+0800][6.232s][info ][gc             ] GC(22) Pause Final Update Refs 0.140ms
[2024-08-16T20:43:25.012+0800][6.232s][info ][gc,start       ] GC(22) Concurrent cleanup
[2024-08-16T20:43:25.012+0800][6.232s][info ][gc             ] GC(22) Concurrent cleanup 2306M->1994M(4096M) 0.106ms
[2024-08-16T20:43:25.012+0800][6.232s][debug][gc,ergo        ] GC(22) Available: 1895 MB, z-score=0.110. Average available: 1861.7 MB +/- 310.6 MB.
[2024-08-16T20:43:25.013+0800][6.232s][info ][gc,ergo        ] Free: 1895M, Max: 2048K regular, 67584K humongous, Frag: 67% external, 47% internal; Reserve: 206M, Max: 2048K
[2024-08-16T20:43:25.013+0800][6.232s][info ][gc,stats       ] 
[2024-08-16T20:43:25.013+0800][6.232s][info ][gc,stats       ] All times are wall-clock times, except per-root-class counters, that are sum over
[2024-08-16T20:43:25.013+0800][6.232s][info ][gc,stats       ] all workers. Dividing the <total> over the root stage time estimates parallelism.
[2024-08-16T20:43:25.013+0800][6.232s][info ][gc,stats       ] 
[2024-08-16T20:43:25.013+0800][6.232s][info ][gc,stats       ] Concurrent Reset                   3334 us
[2024-08-16T20:43:25.013+0800][6.232s][info ][gc,stats       ] Pause Init Mark (G)                 385 us
[2024-08-16T20:43:25.013+0800][6.232s][info ][gc,stats       ] Pause Init Mark (N)                 282 us
[2024-08-16T20:43:25.013+0800][6.232s][info ][gc,stats       ]   Update Region States              159 us
[2024-08-16T20:43:25.013+0800][6.232s][info ][gc,stats       ] Concurrent Mark Roots               241 us, parallelism: 0.65x
[2024-08-16T20:43:25.013+0800][6.232s][info ][gc,stats       ]   CMR: <total>                      157 us
[2024-08-16T20:43:25.013+0800][6.232s][info ][gc,stats       ]   CMR: Thread Roots                 129 us, workers (us):  32,  28,  69,   0, ---, ---, ---, ---, 
[2024-08-16T20:43:25.013+0800][6.232s][info ][gc,stats       ]   CMR: VM Strong Roots                4 us, workers (us):   3,   0,   0,   0, ---, ---, ---, ---, 
[2024-08-16T20:43:25.013+0800][6.232s][info ][gc,stats       ]   CMR: CLDG Roots                    25 us, workers (us):  23,   2, ---, ---, ---, ---, ---, ---, 
[2024-08-16T20:43:25.013+0800][6.232s][info ][gc,stats       ] Concurrent Marking                 1025 us
[2024-08-16T20:43:25.013+0800][6.232s][info ][gc,stats       ] Pause Final Mark (G)                963 us
[2024-08-16T20:43:25.013+0800][6.232s][info ][gc,stats       ] Pause Final Mark (N)                759 us
[2024-08-16T20:43:25.013+0800][6.232s][info ][gc,stats       ]   Finish Mark                       421 us
[2024-08-16T20:43:25.013+0800][6.232s][info ][gc,stats       ]   Update Region States              176 us
[2024-08-16T20:43:25.013+0800][6.232s][info ][gc,stats       ]   Choose Collection Set              74 us
[2024-08-16T20:43:25.013+0800][6.232s][info ][gc,stats       ]   Rebuild Free Set                    7 us
[2024-08-16T20:43:25.013+0800][6.232s][info ][gc,stats       ] Concurrent Thread Roots             175 us, parallelism: 0.97x
[2024-08-16T20:43:25.013+0800][6.232s][info ][gc,stats       ]   CTR: <total>                      170 us
[2024-08-16T20:43:25.013+0800][6.232s][info ][gc,stats       ]   CTR: Thread Roots                 170 us, workers (us):  76,  57,  30,   6, ---, ---, ---, ---, 
[2024-08-16T20:43:25.013+0800][6.232s][info ][gc,stats       ] Concurrent Weak References           95 us, parallelism: 0.05x
[2024-08-16T20:43:25.013+0800][6.232s][info ][gc,stats       ]   CWRF: <total>                       4 us
[2024-08-16T20:43:25.013+0800][6.232s][info ][gc,stats       ]   CWRF: Weak References               4 us, workers (us):   4,   0,   0,   0, ---, ---, ---, ---, 
[2024-08-16T20:43:25.013+0800][6.232s][info ][gc,stats       ] Concurrent Weak Roots               378 us
[2024-08-16T20:43:25.013+0800][6.232s][info ][gc,stats       ]   Roots                             235 us, parallelism: 1.68x
[2024-08-16T20:43:25.013+0800][6.232s][info ][gc,stats       ]     CWR: <total>                    394 us
[2024-08-16T20:43:25.013+0800][6.232s][info ][gc,stats       ]     CWR: Code Cache Roots           137 us, workers (us):   3,  62,  72,   0, ---, ---, ---, ---, 
[2024-08-16T20:43:25.013+0800][6.232s][info ][gc,stats       ]     CWR: VM Weak Roots              255 us, workers (us):  94,  85,  75,   1, ---, ---, ---, ---, 
[2024-08-16T20:43:25.013+0800][6.232s][info ][gc,stats       ]     CWR: CLDG Roots                   1 us, workers (us):   1, ---, ---, ---, ---, ---, ---, ---, 
[2024-08-16T20:43:25.013+0800][6.232s][info ][gc,stats       ]   Rendezvous                         67 us
[2024-08-16T20:43:25.013+0800][6.232s][info ][gc,stats       ] Concurrent Cleanup                  139 us
[2024-08-16T20:43:25.013+0800][6.232s][info ][gc,stats       ] Concurrent Class Unloading          457 us
[2024-08-16T20:43:25.013+0800][6.232s][info ][gc,stats       ]   Unlink Stale                      268 us
[2024-08-16T20:43:25.013+0800][6.232s][info ][gc,stats       ]     System Dictionary                26 us
[2024-08-16T20:43:25.013+0800][6.232s][info ][gc,stats       ]     Weak Class Links                  0 us
[2024-08-16T20:43:25.013+0800][6.232s][info ][gc,stats       ]     Code Roots                      241 us
[2024-08-16T20:43:25.013+0800][6.232s][info ][gc,stats       ]   Rendezvous                         50 us
[2024-08-16T20:43:25.013+0800][6.232s][info ][gc,stats       ]   Purge Unlinked                     95 us
[2024-08-16T20:43:25.013+0800][6.232s][info ][gc,stats       ]     Code Roots                       82 us
[2024-08-16T20:43:25.013+0800][6.232s][info ][gc,stats       ]     CLDG                             13 us
[2024-08-16T20:43:25.013+0800][6.232s][info ][gc,stats       ]     Exception Caches                  0 us
[2024-08-16T20:43:25.013+0800][6.232s][info ][gc,stats       ] Concurrent Strong Roots             166 us, parallelism: 0.29x
[2024-08-16T20:43:25.013+0800][6.232s][info ][gc,stats       ]   CSR: <total>                       47 us
[2024-08-16T20:43:25.013+0800][6.232s][info ][gc,stats       ]   CSR: VM Strong Roots                6 us, workers (us):   6,   0,   0,   0, ---, ---, ---, ---, 
[2024-08-16T20:43:25.013+0800][6.232s][info ][gc,stats       ]   CSR: CLDG Roots                    41 us, workers (us):  40,   1, ---, ---, ---, ---, ---, ---, 
[2024-08-16T20:43:25.013+0800][6.232s][info ][gc,stats       ] Concurrent Evacuation             15635 us
[2024-08-16T20:43:25.013+0800][6.232s][info ][gc,stats       ] Pause Init Update Refs (G)          145 us
[2024-08-16T20:43:25.013+0800][6.232s][info ][gc,stats       ] Pause Init Update Refs (N)           64 us
[2024-08-16T20:43:25.013+0800][6.232s][info ][gc,stats       ]   Manage GCLABs                       3 us
[2024-08-16T20:43:25.013+0800][6.232s][info ][gc,stats       ] Concurrent Update Refs             1934 us
[2024-08-16T20:43:25.013+0800][6.232s][info ][gc,stats       ] Concurrent Update Thread Roots      261 us
[2024-08-16T20:43:25.013+0800][6.232s][info ][gc,stats       ] Pause Final Update Refs (G)         322 us
[2024-08-16T20:43:25.013+0800][6.233s][info ][gc,stats       ] Pause Final Update Refs (N)         167 us
[2024-08-16T20:43:25.013+0800][6.233s][info ][gc,stats       ]   Update Region States               92 us
[2024-08-16T20:43:25.013+0800][6.233s][info ][gc,stats       ]   Trash Collection Set               11 us
[2024-08-16T20:43:25.013+0800][6.233s][info ][gc,stats       ]   Rebuild Free Set                    9 us
[2024-08-16T20:43:25.013+0800][6.233s][info ][gc,stats       ] Concurrent Cleanup                  132 us
[2024-08-16T20:43:25.013+0800][6.233s][info ][gc,stats       ] Pacing                            21326 us
[2024-08-16T20:43:25.013+0800][6.233s][info ][gc,stats       ] 
[2024-08-16T20:43:25.013+0800][6.233s][info ][gc,stats       ] Allocation pacing accrued:
[2024-08-16T20:43:25.013+0800][6.233s][info ][gc,stats       ]      21 of    66 ms ( 32.5%): main
[2024-08-16T20:43:25.013+0800][6.233s][info ][gc,stats       ]      21 of    66 ms ( 32.5%): <total>
[2024-08-16T20:43:25.013+0800][6.233s][info ][gc,stats       ]       2 of    66 ms (  3.0%): <average total>
[2024-08-16T20:43:25.013+0800][6.233s][info ][gc,stats       ]      21 of    66 ms ( 32.5%): <average non-zero>
[2024-08-16T20:43:25.013+0800][6.233s][info ][gc,stats       ] 
[2024-08-16T20:43:25.013+0800][6.233s][info ][gc,metaspace   ] Metaspace: 842K(960K)->842K(960K) NonClass: 779K(832K)->779K(832K) Class: 62K(128K)->62K(128K)
[2024-08-16T20:43:25.013+0800][6.233s][info ][gc,ergo        ] Pacer for Idle. Initial: 83886K, Alloc Tax Rate: 1.0x
[2024-08-16T20:43:25.027+0800][6.247s][info ][gc             ] Trigger: Average GC time (30.21 ms) is above the time for average allocation rate (16552 MB/s) to deplete free headroom (498M) (margin of error = 1.81)
[2024-08-16T20:43:25.027+0800][6.247s][info ][gc,ergo        ] Free headroom: 702M (free) - 204M (spike) - 0B (penalties) = 498M
[2024-08-16T20:43:25.028+0800][6.247s][info ][gc,ergo        ] Free: 702M, Max: 2048K regular, 55296K humongous, Frag: 69% external, 43% internal; Reserve: 206M, Max: 2048K
[2024-08-16T20:43:25.028+0800][6.247s][info ][gc,start       ] GC(23) Concurrent reset
[2024-08-16T20:43:25.028+0800][6.247s][info ][gc,task        ] GC(23) Using 4 of 8 workers for concurrent reset
[2024-08-16T20:43:25.028+0800][6.247s][info ][gc,ergo        ] GC(23) Pacer for Reset. Non-Taxable: 4096M
[2024-08-16T20:43:25.031+0800][6.251s][info ][gc             ] GC(23) Concurrent reset 3.390ms
[2024-08-16T20:43:25.031+0800][6.251s][info ][gc,start       ] GC(23) Pause Init Mark (unload classes)
[2024-08-16T20:43:25.031+0800][6.251s][info ][gc,task        ] GC(23) Using 8 of 8 workers for init marking
[2024-08-16T20:43:25.031+0800][6.251s][info ][gc,ergo        ] GC(23) Pacer for Mark. Expected Live: 1823M, Free: 696M, Non-Taxable: 71355K, Alloc Tax Rate: 3.2x
[2024-08-16T20:43:25.031+0800][6.251s][info ][gc             ] GC(23) Pause Init Mark (unload classes) 0.143ms
[2024-08-16T20:43:25.031+0800][6.251s][info ][gc,start       ] GC(23) Concurrent marking roots
[2024-08-16T20:43:25.031+0800][6.251s][info ][gc,task        ] GC(23) Using 4 of 8 workers for concurrent marking roots
[2024-08-16T20:43:25.031+0800][6.251s][debug][gc,tlab        ] GC(23) TLAB totals: thrds: 1  refills: 1 max: 1 slow allocs: 1 max 1 waste: 99.6% gc: 1044328B max: 1044328B slow: 0B max: 0B
[2024-08-16T20:43:25.032+0800][6.251s][info ][gc             ] GC(23) Concurrent marking roots 0.297ms
[2024-08-16T20:43:25.032+0800][6.251s][info ][gc,start       ] GC(23) Concurrent marking (unload classes)
[2024-08-16T20:43:25.032+0800][6.251s][info ][gc,task        ] GC(23) Using 4 of 8 workers for concurrent marking
[2024-08-16T20:43:25.033+0800][6.253s][info ][gc             ] GC(23) Concurrent marking (unload classes) 1.287ms
[2024-08-16T20:43:25.033+0800][6.253s][info ][gc,start       ] GC(23) Pause Final Mark (unload classes)
[2024-08-16T20:43:25.033+0800][6.253s][info ][gc,task        ] GC(23) Using 8 of 8 workers for final marking
[2024-08-16T20:43:25.034+0800][6.253s][info ][gc,ergo        ] GC(23) Adaptive CSet Selection. Target Free: 580M, Actual Free: 372M, Max CSet: 170M, Min Garbage: 208M
[2024-08-16T20:43:25.034+0800][6.253s][info ][gc,ergo        ] GC(23) Collectable Garbage: 147M (100%), Immediate: 0B (0%), CSet: 147M (100%)
[2024-08-16T20:43:25.034+0800][6.253s][info ][gc,ergo        ] GC(23) Pacer for Evacuation. Used CSet: 317M, Free: 1858M, Non-Taxable: 185M, Alloc Tax Rate: 1.1x
[2024-08-16T20:43:25.034+0800][6.253s][info ][gc             ] GC(23) Pause Final Mark (unload classes) 0.794ms
[2024-08-16T20:43:25.034+0800][6.254s][info ][gc,start       ] GC(23) Concurrent thread roots
[2024-08-16T20:43:25.034+0800][6.254s][info ][gc,task        ] GC(23) Using 4 of 8 workers for Concurrent thread roots
[2024-08-16T20:43:25.034+0800][6.254s][info ][gc             ] GC(23) Concurrent thread roots 0.166ms
[2024-08-16T20:43:25.034+0800][6.254s][info ][gc,start       ] GC(23) Concurrent weak references
[2024-08-16T20:43:25.034+0800][6.254s][info ][gc,task        ] GC(23) Using 4 of 8 workers for concurrent weak references
[2024-08-16T20:43:25.034+0800][6.254s][info ][gc,ref         ] GC(23) Encountered references: Soft: 104, Weak: 193, Final: 0, Phantom: 1
[2024-08-16T20:43:25.034+0800][6.254s][info ][gc,ref         ] GC(23) Discovered  references: Soft: 0, Weak: 0, Final: 0, Phantom: 1
[2024-08-16T20:43:25.034+0800][6.254s][info ][gc,ref         ] GC(23) Enqueued    references: Soft: 0, Weak: 0, Final: 0, Phantom: 0
[2024-08-16T20:43:25.034+0800][6.254s][info ][gc             ] GC(23) Concurrent weak references 0.128ms
[2024-08-16T20:43:25.034+0800][6.254s][info ][gc,start       ] GC(23) Concurrent weak roots
[2024-08-16T20:43:25.034+0800][6.254s][info ][gc,task        ] GC(23) Using 4 of 8 workers for concurrent weak root
[2024-08-16T20:43:25.035+0800][6.254s][info ][gc             ] GC(23) Concurrent weak roots 0.298ms
[2024-08-16T20:43:25.035+0800][6.254s][info ][gc,start       ] GC(23) Concurrent cleanup
[2024-08-16T20:43:25.035+0800][6.254s][info ][gc             ] GC(23) Concurrent cleanup 2012M->2012M(4096M) 0.093ms
[2024-08-16T20:43:25.035+0800][6.254s][info ][gc,ergo        ] GC(23) Free: 677M, Max: 2048K regular, 55296K humongous, Frag: 68% external, 43% internal; Reserve: 205M, Max: 2048K
[2024-08-16T20:43:25.035+0800][6.254s][info ][gc,start       ] GC(23) Concurrent class unloading
[2024-08-16T20:43:25.035+0800][6.254s][info ][gc,task        ] GC(23) Using 4 of 8 workers for concurrent class unloading
[2024-08-16T20:43:25.035+0800][6.254s][debug][gc,phases,start] GC(23) ClassLoaderData
[2024-08-16T20:43:25.035+0800][6.254s][debug][gc,phases      ] GC(23) ClassLoaderData 0.008ms
[2024-08-16T20:43:25.035+0800][6.254s][debug][gc,phases,start] GC(23) Trigger cleanups
[2024-08-16T20:43:25.035+0800][6.254s][debug][gc,phases      ] GC(23) Trigger cleanups 0.006ms
[2024-08-16T20:43:25.035+0800][6.255s][info ][gc             ] GC(23) Concurrent class unloading 0.455ms
[2024-08-16T20:43:25.035+0800][6.255s][info ][gc,start       ] GC(23) Concurrent strong roots
[2024-08-16T20:43:25.035+0800][6.255s][info ][gc,task        ] GC(23) Using 4 of 8 workers for concurrent strong root
[2024-08-16T20:43:25.035+0800][6.255s][info ][gc             ] GC(23) Concurrent strong roots 0.146ms
[2024-08-16T20:43:25.035+0800][6.255s][info ][gc,start       ] GC(23) Concurrent evacuation
[2024-08-16T20:43:25.035+0800][6.255s][info ][gc,task        ] GC(23) Using 4 of 8 workers for concurrent evacuation
[2024-08-16T20:43:25.051+0800][6.271s][info ][gc             ] GC(23) Concurrent evacuation 15.692ms
[2024-08-16T20:43:25.051+0800][6.271s][info ][gc,start       ] GC(23) Pause Init Update Refs
[2024-08-16T20:43:25.051+0800][6.271s][info ][gc,ergo        ] GC(23) Pacer for Update Refs. Used: 2322M, Free: 543M, Non-Taxable: 55704K, Alloc Tax Rate: 5.2x
[2024-08-16T20:43:25.051+0800][6.271s][info ][gc             ] GC(23) Pause Init Update Refs 0.021ms
[2024-08-16T20:43:25.051+0800][6.271s][info ][gc,start       ] GC(23) Concurrent update references
[2024-08-16T20:43:25.051+0800][6.271s][info ][gc,task        ] GC(23) Using 4 of 8 workers for concurrent reference update
[2024-08-16T20:43:25.053+0800][6.273s][info ][gc             ] GC(23) Concurrent update references 2.025ms
[2024-08-16T20:43:25.053+0800][6.273s][info ][gc,start       ] GC(23) Concurrent update thread roots
[2024-08-16T20:43:25.054+0800][6.273s][info ][gc             ] GC(23) Concurrent update thread roots 0.308ms
[2024-08-16T20:43:25.054+0800][6.273s][info ][gc,start       ] GC(23) Pause Final Update Refs
[2024-08-16T20:43:25.054+0800][6.273s][info ][gc,task        ] GC(23) Using 8 of 8 workers for final reference update
[2024-08-16T20:43:25.054+0800][6.274s][info ][gc             ] GC(23) Pause Final Update Refs 0.147ms
[2024-08-16T20:43:25.054+0800][6.274s][info ][gc,start       ] GC(23) Concurrent cleanup
[2024-08-16T20:43:25.054+0800][6.274s][info ][gc             ] GC(23) Concurrent cleanup 2322M->2005M(4096M) 0.111ms
[2024-08-16T20:43:25.054+0800][6.274s][debug][gc,ergo        ] GC(23) Available: 1884 MB, z-score=0.102. Average available: 1853.0 MB +/- 308.6 MB.
[2024-08-16T20:43:25.054+0800][6.274s][info ][gc,ergo        ] Free: 1883M, Max: 2048K regular, 116M humongous, Frag: 28% external, 47% internal; Reserve: 206M, Max: 2048K
[2024-08-16T20:43:25.054+0800][6.274s][info ][gc,stats       ] 
[2024-08-16T20:43:25.054+0800][6.274s][info ][gc,stats       ] All times are wall-clock times, except per-root-class counters, that are sum over
[2024-08-16T20:43:25.054+0800][6.274s][info ][gc,stats       ] all workers. Dividing the <total> over the root stage time estimates parallelism.
[2024-08-16T20:43:25.054+0800][6.274s][info ][gc,stats       ] 
[2024-08-16T20:43:25.054+0800][6.274s][info ][gc,stats       ] Concurrent Reset                   3443 us
[2024-08-16T20:43:25.054+0800][6.274s][info ][gc,stats       ] Pause Init Mark (G)                 332 us
[2024-08-16T20:43:25.054+0800][6.274s][info ][gc,stats       ] Pause Init Mark (N)                 181 us
[2024-08-16T20:43:25.054+0800][6.274s][info ][gc,stats       ]   Update Region States              102 us
[2024-08-16T20:43:25.054+0800][6.274s][info ][gc,stats       ] Concurrent Mark Roots               337 us, parallelism: 0.54x
[2024-08-16T20:43:25.054+0800][6.274s][info ][gc,stats       ]   CMR: <total>                      181 us
[2024-08-16T20:43:25.054+0800][6.274s][info ][gc,stats       ]   CMR: Thread Roots                 154 us, workers (us):  67,  24,  29,  34, ---, ---, ---, ---, 
[2024-08-16T20:43:25.054+0800][6.274s][info ][gc,stats       ]   CMR: VM Strong Roots                4 us, workers (us):   3,   0,   0,   0, ---, ---, ---, ---, 
[2024-08-16T20:43:25.054+0800][6.274s][info ][gc,stats       ]   CMR: CLDG Roots                    24 us, workers (us):  24, ---, ---, ---, ---, ---, ---, ---, 
[2024-08-16T20:43:25.054+0800][6.274s][info ][gc,stats       ] Concurrent Marking                 1324 us
[2024-08-16T20:43:25.054+0800][6.274s][info ][gc,stats       ] Pause Final Mark (G)                934 us
[2024-08-16T20:43:25.054+0800][6.274s][info ][gc,stats       ] Pause Final Mark (N)                821 us
[2024-08-16T20:43:25.054+0800][6.274s][info ][gc,stats       ]   Finish Mark                       525 us
[2024-08-16T20:43:25.054+0800][6.274s][info ][gc,stats       ]   Update Region States               95 us
[2024-08-16T20:43:25.054+0800][6.274s][info ][gc,stats       ]   Choose Collection Set             132 us
[2024-08-16T20:43:25.054+0800][6.274s][info ][gc,stats       ]   Rebuild Free Set                   11 us
[2024-08-16T20:43:25.054+0800][6.274s][info ][gc,stats       ] Concurrent Thread Roots             224 us, parallelism: 0.41x
[2024-08-16T20:43:25.054+0800][6.274s][info ][gc,stats       ]   CTR: <total>                       93 us
[2024-08-16T20:43:25.054+0800][6.274s][info ][gc,stats       ]   CTR: Thread Roots                  93 us, workers (us):  53,  39,   0,   0, ---, ---, ---, ---, 
[2024-08-16T20:43:25.054+0800][6.274s][info ][gc,stats       ] Concurrent Weak References          167 us, parallelism: 0.11x
[2024-08-16T20:43:25.054+0800][6.274s][info ][gc,stats       ]   CWRF: <total>                      18 us
[2024-08-16T20:43:25.054+0800][6.274s][info ][gc,stats       ]   CWRF: Weak References              18 us, workers (us):  18,   0,   0,   0, ---, ---, ---, ---, 
[2024-08-16T20:43:25.054+0800][6.274s][info ][gc,stats       ] Concurrent Weak Roots               340 us
[2024-08-16T20:43:25.054+0800][6.274s][info ][gc,stats       ]   Roots                             203 us, parallelism: 1.20x
[2024-08-16T20:43:25.054+0800][6.274s][info ][gc,stats       ]     CWR: <total>                    243 us
[2024-08-16T20:43:25.054+0800][6.274s][info ][gc,stats       ]     CWR: Code Cache Roots           125 us, workers (us):  62,  60,   2,   0, ---, ---, ---, ---, 
[2024-08-16T20:43:25.054+0800][6.274s][info ][gc,stats       ]     CWR: VM Weak Roots              117 us, workers (us):  65,  29,  23,   0, ---, ---, ---, ---, 
[2024-08-16T20:43:25.054+0800][6.274s][info ][gc,stats       ]     CWR: CLDG Roots                   1 us, workers (us): ---,   1, ---, ---, ---, ---, ---, ---, 
[2024-08-16T20:43:25.054+0800][6.274s][info ][gc,stats       ]   Rendezvous                         76 us
[2024-08-16T20:43:25.054+0800][6.274s][info ][gc,stats       ] Concurrent Cleanup                  136 us
[2024-08-16T20:43:25.054+0800][6.274s][info ][gc,stats       ] Concurrent Class Unloading          488 us
[2024-08-16T20:43:25.054+0800][6.274s][info ][gc,stats       ]   Unlink Stale                      313 us
[2024-08-16T20:43:25.054+0800][6.274s][info ][gc,stats       ]     System Dictionary                33 us
[2024-08-16T20:43:25.054+0800][6.274s][info ][gc,stats       ]     Weak Class Links                  1 us
[2024-08-16T20:43:25.054+0800][6.274s][info ][gc,stats       ]     Code Roots                      279 us
[2024-08-16T20:43:25.054+0800][6.274s][info ][gc,stats       ]   Rendezvous                         71 us
[2024-08-16T20:43:25.054+0800][6.274s][info ][gc,stats       ]   Purge Unlinked                     57 us
[2024-08-16T20:43:25.054+0800][6.274s][info ][gc,stats       ]     Code Roots                       43 us
[2024-08-16T20:43:25.054+0800][6.274s][info ][gc,stats       ]     CLDG                             13 us
[2024-08-16T20:43:25.054+0800][6.274s][info ][gc,stats       ]     Exception Caches                  1 us
[2024-08-16T20:43:25.054+0800][6.274s][info ][gc,stats       ] Concurrent Strong Roots             168 us, parallelism: 0.58x
[2024-08-16T20:43:25.054+0800][6.274s][info ][gc,stats       ]   CSR: <total>                       97 us
[2024-08-16T20:43:25.054+0800][6.274s][info ][gc,stats       ]   CSR: VM Strong Roots                7 us, workers (us):   6,   0,   0,   0, ---, ---, ---, ---, 
[2024-08-16T20:43:25.054+0800][6.274s][info ][gc,stats       ]   CSR: CLDG Roots                    90 us, workers (us):  87,   3, ---, ---, ---, ---, ---, ---, 
[2024-08-16T20:43:25.054+0800][6.274s][info ][gc,stats       ] Concurrent Evacuation             15744 us
[2024-08-16T20:43:25.054+0800][6.274s][info ][gc,stats       ] Pause Init Update Refs (G)          100 us
[2024-08-16T20:43:25.054+0800][6.274s][info ][gc,stats       ] Pause Init Update Refs (N)           42 us
[2024-08-16T20:43:25.054+0800][6.274s][info ][gc,stats       ]   Manage GCLABs                       3 us
[2024-08-16T20:43:25.054+0800][6.274s][info ][gc,stats       ] Concurrent Update Refs             2071 us
[2024-08-16T20:43:25.054+0800][6.274s][info ][gc,stats       ] Concurrent Update Thread Roots      347 us
[2024-08-16T20:43:25.054+0800][6.274s][info ][gc,stats       ] Pause Final Update Refs (G)         235 us
[2024-08-16T20:43:25.054+0800][6.274s][info ][gc,stats       ] Pause Final Update Refs (N)         177 us
[2024-08-16T20:43:25.054+0800][6.274s][info ][gc,stats       ]   Update Region States               98 us
[2024-08-16T20:43:25.054+0800][6.274s][info ][gc,stats       ]   Trash Collection Set                5 us
[2024-08-16T20:43:25.054+0800][6.274s][info ][gc,stats       ]   Rebuild Free Set                   14 us
[2024-08-16T20:43:25.054+0800][6.274s][info ][gc,stats       ] Concurrent Cleanup                  144 us
[2024-08-16T20:43:25.054+0800][6.274s][info ][gc,stats       ] Pacing                            24301 us
[2024-08-16T20:43:25.054+0800][6.274s][info ][gc,stats       ] 
[2024-08-16T20:43:25.054+0800][6.274s][info ][gc,stats       ] Allocation pacing accrued:
[2024-08-16T20:43:25.054+0800][6.274s][info ][gc,stats       ]      24 of    42 ms ( 58.4%): main
[2024-08-16T20:43:25.055+0800][6.274s][info ][gc,stats       ]      24 of    42 ms ( 58.4%): <total>
[2024-08-16T20:43:25.055+0800][6.274s][info ][gc,stats       ]       2 of    42 ms (  5.3%): <average total>
[2024-08-16T20:43:25.055+0800][6.274s][info ][gc,stats       ]      24 of    42 ms ( 58.4%): <average non-zero>
[2024-08-16T20:43:25.055+0800][6.274s][info ][gc,stats       ] 
[2024-08-16T20:43:25.055+0800][6.274s][info ][gc,metaspace   ] Metaspace: 842K(960K)->842K(960K) NonClass: 779K(832K)->779K(832K) Class: 62K(128K)->62K(128K)
[2024-08-16T20:43:25.055+0800][6.274s][info ][gc,ergo        ] Pacer for Idle. Initial: 83886K, Alloc Tax Rate: 1.0x
[2024-08-16T20:43:25.064+0800][6.283s][info ][gc             ] Trigger: Average GC time (29.18 ms) is above the time for average allocation rate (16552 MB/s) to deplete free headroom (481M) (margin of error = 1.81)
[2024-08-16T20:43:25.064+0800][6.283s][info ][gc,ergo        ] Free headroom: 686M (free) - 204M (spike) - 0B (penalties) = 481M
[2024-08-16T20:43:25.064+0800][6.283s][info ][gc,ergo        ] Free: 686M, Max: 2048K regular, 116M humongous, Frag: 20% external, 44% internal; Reserve: 206M, Max: 2048K
[2024-08-16T20:43:25.064+0800][6.283s][info ][gc,start       ] GC(24) Concurrent reset
[2024-08-16T20:43:25.064+0800][6.283s][info ][gc,task        ] GC(24) Using 4 of 8 workers for concurrent reset
[2024-08-16T20:43:25.064+0800][6.283s][info ][gc,ergo        ] GC(24) Pacer for Reset. Non-Taxable: 4096M
[2024-08-16T20:43:25.066+0800][6.286s][info ][gc             ] GC(24) Concurrent reset 2.708ms
[2024-08-16T20:43:25.066+0800][6.286s][info ][gc,start       ] GC(24) Pause Init Mark (unload classes)
[2024-08-16T20:43:25.066+0800][6.286s][info ][gc,task        ] GC(24) Using 8 of 8 workers for init marking
[2024-08-16T20:43:25.067+0800][6.286s][info ][gc,ergo        ] GC(24) Pacer for Mark. Expected Live: 1840M, Free: 682M, Non-Taxable: 69898K, Alloc Tax Rate: 3.3x
[2024-08-16T20:43:25.067+0800][6.286s][info ][gc             ] GC(24) Pause Init Mark (unload classes) 0.161ms
[2024-08-16T20:43:25.067+0800][6.286s][info ][gc,start       ] GC(24) Concurrent marking roots
[2024-08-16T20:43:25.067+0800][6.286s][info ][gc,task        ] GC(24) Using 4 of 8 workers for concurrent marking roots
[2024-08-16T20:43:25.067+0800][6.286s][debug][gc,tlab        ] GC(24) TLAB totals: thrds: 1  refills: 1 max: 1 slow allocs: 1 max 1 waste: 99.3% gc: 609832B max: 609832B slow: 0B max: 0B
[2024-08-16T20:43:25.067+0800][6.287s][info ][gc             ] GC(24) Concurrent marking roots 0.293ms
[2024-08-16T20:43:25.067+0800][6.287s][info ][gc,start       ] GC(24) Concurrent marking (unload classes)
[2024-08-16T20:43:25.067+0800][6.287s][info ][gc,task        ] GC(24) Using 4 of 8 workers for concurrent marking
[2024-08-16T20:43:25.068+0800][6.287s][info ][gc             ] GC(24) Concurrent marking (unload classes) 0.598ms
[2024-08-16T20:43:25.068+0800][6.287s][info ][gc,start       ] GC(24) Pause Final Mark (unload classes)
[2024-08-16T20:43:25.068+0800][6.287s][info ][gc,task        ] GC(24) Using 8 of 8 workers for final marking
[2024-08-16T20:43:25.068+0800][6.288s][info ][gc,ergo        ] GC(24) Adaptive CSet Selection. Target Free: 580M, Actual Free: 344M, Max CSet: 170M, Min Garbage: 236M
[2024-08-16T20:43:25.068+0800][6.288s][info ][gc,ergo        ] GC(24) Collectable Garbage: 140M (100%), Immediate: 0B (0%), CSet: 140M (100%)
[2024-08-16T20:43:25.068+0800][6.288s][info ][gc,ergo        ] GC(24) Pacer for Evacuation. Used CSet: 310M, Free: 1844M, Non-Taxable: 184M, Alloc Tax Rate: 1.1x
[2024-08-16T20:43:25.068+0800][6.288s][info ][gc             ] GC(24) Pause Final Mark (unload classes) 0.669ms
[2024-08-16T20:43:25.068+0800][6.288s][info ][gc,start       ] GC(24) Concurrent thread roots
[2024-08-16T20:43:25.068+0800][6.288s][info ][gc,task        ] GC(24) Using 4 of 8 workers for Concurrent thread roots
[2024-08-16T20:43:25.069+0800][6.288s][info ][gc             ] GC(24) Concurrent thread roots 0.211ms
[2024-08-16T20:43:25.069+0800][6.288s][info ][gc,start       ] GC(24) Concurrent weak references
[2024-08-16T20:43:25.069+0800][6.288s][info ][gc,task        ] GC(24) Using 4 of 8 workers for concurrent weak references
[2024-08-16T20:43:25.069+0800][6.288s][info ][gc,ref         ] GC(24) Encountered references: Soft: 104, Weak: 193, Final: 0, Phantom: 1
[2024-08-16T20:43:25.069+0800][6.288s][info ][gc,ref         ] GC(24) Discovered  references: Soft: 0, Weak: 57, Final: 0, Phantom: 1
[2024-08-16T20:43:25.069+0800][6.288s][info ][gc,ref         ] GC(24) Enqueued    references: Soft: 0, Weak: 0, Final: 0, Phantom: 0
[2024-08-16T20:43:25.069+0800][6.288s][info ][gc             ] GC(24) Concurrent weak references 0.143ms
[2024-08-16T20:43:25.069+0800][6.288s][info ][gc,start       ] GC(24) Concurrent weak roots
[2024-08-16T20:43:25.069+0800][6.288s][info ][gc,task        ] GC(24) Using 4 of 8 workers for concurrent weak root
[2024-08-16T20:43:25.069+0800][6.289s][info ][gc             ] GC(24) Concurrent weak roots 0.627ms
[2024-08-16T20:43:25.070+0800][6.289s][info ][gc,start       ] GC(24) Concurrent cleanup
[2024-08-16T20:43:25.070+0800][6.289s][info ][gc             ] GC(24) Concurrent cleanup 2019M->2019M(4096M) 0.112ms
[2024-08-16T20:43:25.070+0800][6.289s][info ][gc,ergo        ] GC(24) Free: 666M, Max: 2048K regular, 116M humongous, Frag: 15% external, 44% internal; Reserve: 205M, Max: 2048K
[2024-08-16T20:43:25.070+0800][6.289s][info ][gc,start       ] GC(24) Concurrent class unloading
[2024-08-16T20:43:25.070+0800][6.289s][info ][gc,task        ] GC(24) Using 4 of 8 workers for concurrent class unloading
[2024-08-16T20:43:25.070+0800][6.289s][debug][gc,phases,start] GC(24) ClassLoaderData
[2024-08-16T20:43:25.070+0800][6.289s][debug][gc,phases      ] GC(24) ClassLoaderData 0.008ms
[2024-08-16T20:43:25.070+0800][6.289s][debug][gc,phases,start] GC(24) Trigger cleanups
[2024-08-16T20:43:25.070+0800][6.289s][debug][gc,phases      ] GC(24) Trigger cleanups 0.005ms
[2024-08-16T20:43:25.070+0800][6.290s][info ][gc             ] GC(24) Concurrent class unloading 0.541ms
[2024-08-16T20:43:25.070+0800][6.290s][info ][gc,start       ] GC(24) Concurrent strong roots
[2024-08-16T20:43:25.070+0800][6.290s][info ][gc,task        ] GC(24) Using 4 of 8 workers for concurrent strong root
[2024-08-16T20:43:25.070+0800][6.290s][info ][gc             ] GC(24) Concurrent strong roots 0.147ms
[2024-08-16T20:43:25.070+0800][6.290s][info ][gc,start       ] GC(24) Concurrent evacuation
[2024-08-16T20:43:25.070+0800][6.290s][info ][gc,task        ] GC(24) Using 4 of 8 workers for concurrent evacuation
[2024-08-16T20:43:25.086+0800][6.306s][info ][gc             ] GC(24) Concurrent evacuation 15.676ms
[2024-08-16T20:43:25.086+0800][6.306s][info ][gc,start       ] GC(24) Pause Init Update Refs
[2024-08-16T20:43:25.086+0800][6.306s][info ][gc,ergo        ] GC(24) Pacer for Update Refs. Used: 2332M, Free: 532M, Non-Taxable: 54578K, Alloc Tax Rate: 5.3x
[2024-08-16T20:43:25.086+0800][6.306s][info ][gc             ] GC(24) Pause Init Update Refs 0.031ms
[2024-08-16T20:43:25.086+0800][6.306s][info ][gc,start       ] GC(24) Concurrent update references
[2024-08-16T20:43:25.086+0800][6.306s][info ][gc,task        ] GC(24) Using 4 of 8 workers for concurrent reference update
[2024-08-16T20:43:25.088+0800][6.308s][info ][gc             ] GC(24) Concurrent update references 2.091ms
[2024-08-16T20:43:25.088+0800][6.308s][info ][gc,start       ] GC(24) Concurrent update thread roots
[2024-08-16T20:43:25.089+0800][6.308s][info ][gc             ] GC(24) Concurrent update thread roots 0.249ms
[2024-08-16T20:43:25.089+0800][6.308s][info ][gc,start       ] GC(24) Pause Final Update Refs
[2024-08-16T20:43:25.089+0800][6.308s][info ][gc,task        ] GC(24) Using 8 of 8 workers for final reference update
[2024-08-16T20:43:25.089+0800][6.309s][info ][gc             ] GC(24) Pause Final Update Refs 0.142ms
[2024-08-16T20:43:25.089+0800][6.309s][info ][gc,start       ] GC(24) Concurrent cleanup
[2024-08-16T20:43:25.089+0800][6.309s][info ][gc             ] GC(24) Concurrent cleanup 2332M->2022M(4096M) 0.105ms
[2024-08-16T20:43:25.089+0800][6.309s][debug][gc,ergo        ] GC(24) Available: 1867 MB, z-score=0.088. Average available: 1841.0 MB +/- 305.4 MB.
[2024-08-16T20:43:25.089+0800][6.309s][info ][gc,ergo        ] Free: 1867M, Max: 2048K regular, 55296K humongous, Frag: 60% external, 48% internal; Reserve: 206M, Max: 2048K
[2024-08-16T20:43:25.089+0800][6.309s][info ][gc,stats       ] 
[2024-08-16T20:43:25.089+0800][6.309s][info ][gc,stats       ] All times are wall-clock times, except per-root-class counters, that are sum over
[2024-08-16T20:43:25.089+0800][6.309s][info ][gc,stats       ] all workers. Dividing the <total> over the root stage time estimates parallelism.
[2024-08-16T20:43:25.089+0800][6.309s][info ][gc,stats       ] 
[2024-08-16T20:43:25.089+0800][6.309s][info ][gc,stats       ] Concurrent Reset                   2750 us
[2024-08-16T20:43:25.089+0800][6.309s][info ][gc,stats       ] Pause Init Mark (G)                 267 us
[2024-08-16T20:43:25.089+0800][6.309s][info ][gc,stats       ] Pause Init Mark (N)                 188 us
[2024-08-16T20:43:25.089+0800][6.309s][info ][gc,stats       ]   Update Region States              117 us
[2024-08-16T20:43:25.089+0800][6.309s][info ][gc,stats       ] Concurrent Mark Roots               324 us, parallelism: 1.09x
[2024-08-16T20:43:25.089+0800][6.309s][info ][gc,stats       ]   CMR: <total>                      354 us
[2024-08-16T20:43:25.089+0800][6.309s][info ][gc,stats       ]   CMR: Thread Roots                 321 us, workers (us):  82, 102,  66,  71, ---, ---, ---, ---, 
[2024-08-16T20:43:25.089+0800][6.309s][info ][gc,stats       ]   CMR: VM Strong Roots                6 us, workers (us):   5,   0,   1,   0, ---, ---, ---, ---, 
[2024-08-16T20:43:25.089+0800][6.309s][info ][gc,stats       ]   CMR: CLDG Roots                    28 us, workers (us):  27,   1, ---, ---, ---, ---, ---, ---, 
[2024-08-16T20:43:25.089+0800][6.309s][info ][gc,stats       ] Concurrent Marking                  641 us
[2024-08-16T20:43:25.089+0800][6.309s][info ][gc,stats       ] Pause Final Mark (G)                794 us
[2024-08-16T20:43:25.089+0800][6.309s][info ][gc,stats       ] Pause Final Mark (N)                698 us
[2024-08-16T20:43:25.089+0800][6.309s][info ][gc,stats       ]   Finish Mark                       430 us
[2024-08-16T20:43:25.089+0800][6.309s][info ][gc,stats       ]   Update Region States              125 us
[2024-08-16T20:43:25.089+0800][6.309s][info ][gc,stats       ]   Choose Collection Set              76 us
[2024-08-16T20:43:25.089+0800][6.309s][info ][gc,stats       ]   Rebuild Free Set                    8 us
[2024-08-16T20:43:25.089+0800][6.309s][info ][gc,stats       ] Concurrent Thread Roots             243 us, parallelism: 0.64x
[2024-08-16T20:43:25.089+0800][6.309s][info ][gc,stats       ]   CTR: <total>                      155 us
[2024-08-16T20:43:25.089+0800][6.309s][info ][gc,stats       ]   CTR: Thread Roots                 155 us, workers (us):  75,  53,  17,  11, ---, ---, ---, ---, 
[2024-08-16T20:43:25.089+0800][6.309s][info ][gc,stats       ] Concurrent Weak References          169 us, parallelism: 0.05x
[2024-08-16T20:43:25.089+0800][6.309s][info ][gc,stats       ]   CWRF: <total>                       8 us
[2024-08-16T20:43:25.089+0800][6.309s][info ][gc,stats       ]   CWRF: Weak References               8 us, workers (us):   5,   2,   0,   0, ---, ---, ---, ---, 
[2024-08-16T20:43:25.089+0800][6.309s][info ][gc,stats       ] Concurrent Weak Roots               656 us
[2024-08-16T20:43:25.089+0800][6.309s][info ][gc,stats       ]   Roots                             186 us, parallelism: 1.06x
[2024-08-16T20:43:25.089+0800][6.309s][info ][gc,stats       ]     CWR: <total>                    198 us
[2024-08-16T20:43:25.089+0800][6.309s][info ][gc,stats       ]     CWR: Code Cache Roots           113 us, workers (us):  56,   5,  51,   0, ---, ---, ---, ---, 
[2024-08-16T20:43:25.089+0800][6.309s][info ][gc,stats       ]     CWR: VM Weak Roots               83 us, workers (us):  34,  34,   8,   8, ---, ---, ---, ---, 
[2024-08-16T20:43:25.089+0800][6.309s][info ][gc,stats       ]     CWR: CLDG Roots                   2 us, workers (us): ---, ---, ---,   2, ---, ---, ---, ---, 
[2024-08-16T20:43:25.089+0800][6.309s][info ][gc,stats       ]   Rendezvous                        427 us
[2024-08-16T20:43:25.089+0800][6.309s][info ][gc,stats       ] Concurrent Cleanup                  138 us
[2024-08-16T20:43:25.089+0800][6.309s][info ][gc,stats       ] Concurrent Class Unloading          569 us
[2024-08-16T20:43:25.089+0800][6.309s][info ][gc,stats       ]   Unlink Stale                      286 us
[2024-08-16T20:43:25.089+0800][6.309s][info ][gc,stats       ]     System Dictionary                27 us
[2024-08-16T20:43:25.089+0800][6.309s][info ][gc,stats       ]     Weak Class Links                  0 us
[2024-08-16T20:43:25.089+0800][6.309s][info ][gc,stats       ]     Code Roots                      259 us
[2024-08-16T20:43:25.089+0800][6.309s][info ][gc,stats       ]   Rendezvous                        140 us
[2024-08-16T20:43:25.089+0800][6.309s][info ][gc,stats       ]   Purge Unlinked                    101 us
[2024-08-16T20:43:25.089+0800][6.309s][info ][gc,stats       ]     Code Roots                       87 us
[2024-08-16T20:43:25.089+0800][6.309s][info ][gc,stats       ]     CLDG                             14 us
[2024-08-16T20:43:25.089+0800][6.309s][info ][gc,stats       ]     Exception Caches                  0 us
[2024-08-16T20:43:25.089+0800][6.309s][info ][gc,stats       ] Concurrent Strong Roots             181 us, parallelism: 0.27x
[2024-08-16T20:43:25.089+0800][6.309s][info ][gc,stats       ]   CSR: <total>                       49 us
[2024-08-16T20:43:25.089+0800][6.309s][info ][gc,stats       ]   CSR: VM Strong Roots                8 us, workers (us):   4,   4,   0,   0, ---, ---, ---, ---, 
[2024-08-16T20:43:25.089+0800][6.309s][info ][gc,stats       ]   CSR: CLDG Roots                    40 us, workers (us):   3,  37, ---, ---, ---, ---, ---, ---, 
[2024-08-16T20:43:25.089+0800][6.309s][info ][gc,stats       ] Concurrent Evacuation             15738 us
[2024-08-16T20:43:25.089+0800][6.309s][info ][gc,stats       ] Pause Init Update Refs (G)          139 us
[2024-08-16T20:43:25.089+0800][6.309s][info ][gc,stats       ] Pause Init Update Refs (N)           59 us
[2024-08-16T20:43:25.089+0800][6.309s][info ][gc,stats       ]   Manage GCLABs                       3 us
[2024-08-16T20:43:25.089+0800][6.309s][info ][gc,stats       ] Concurrent Update Refs             2134 us
[2024-08-16T20:43:25.089+0800][6.309s][info ][gc,stats       ] Concurrent Update Thread Roots      278 us
[2024-08-16T20:43:25.089+0800][6.309s][info ][gc,stats       ] Pause Final Update Refs (G)         247 us
[2024-08-16T20:43:25.089+0800][6.309s][info ][gc,stats       ] Pause Final Update Refs (N)         164 us
[2024-08-16T20:43:25.089+0800][6.309s][info ][gc,stats       ]   Update Region States              100 us
[2024-08-16T20:43:25.089+0800][6.309s][info ][gc,stats       ]   Trash Collection Set                4 us
[2024-08-16T20:43:25.089+0800][6.309s][info ][gc,stats       ]   Rebuild Free Set                   11 us
[2024-08-16T20:43:25.089+0800][6.309s][info ][gc,stats       ] Concurrent Cleanup                  131 us
[2024-08-16T20:43:25.089+0800][6.309s][info ][gc,stats       ] Pacing                            11013 us
[2024-08-16T20:43:25.089+0800][6.309s][info ][gc,stats       ] 
[2024-08-16T20:43:25.089+0800][6.309s][info ][gc,stats       ] Allocation pacing accrued:
[2024-08-16T20:43:25.089+0800][6.309s][info ][gc,stats       ]      11 of    35 ms ( 31.5%): main
[2024-08-16T20:43:25.089+0800][6.309s][info ][gc,stats       ]      11 of    35 ms ( 31.5%): <total>
[2024-08-16T20:43:25.090+0800][6.309s][info ][gc,stats       ]       1 of    35 ms (  2.9%): <average total>
[2024-08-16T20:43:25.090+0800][6.309s][info ][gc,stats       ]      11 of    35 ms ( 31.5%): <average non-zero>
[2024-08-16T20:43:25.090+0800][6.309s][info ][gc,stats       ] 
[2024-08-16T20:43:25.090+0800][6.309s][info ][gc,metaspace   ] Metaspace: 842K(960K)->842K(960K) NonClass: 779K(832K)->779K(832K) Class: 62K(128K)->62K(128K)
[2024-08-16T20:43:25.090+0800][6.309s][info ][gc,ergo        ] Pacer for Idle. Initial: 83886K, Alloc Tax Rate: 1.0x
[2024-08-16T20:43:25.112+0800][6.332s][info ][gc             ] Trigger: Average GC time (28.09 ms) is above the time for average allocation rate (16552 MB/s) to deplete free headroom (463M) (margin of error = 1.81)
[2024-08-16T20:43:25.112+0800][6.332s][info ][gc,ergo        ] Free headroom: 668M (free) - 204M (spike) - 0B (penalties) = 463M
[2024-08-16T20:43:25.112+0800][6.332s][info ][gc,ergo        ] Free: 668M, Max: 2048K regular, 55296K humongous, Frag: 48% external, 45% internal; Reserve: 206M, Max: 2048K
[2024-08-16T20:43:25.112+0800][6.332s][info ][gc,start       ] GC(25) Concurrent reset
[2024-08-16T20:43:25.112+0800][6.332s][info ][gc,task        ] GC(25) Using 4 of 8 workers for concurrent reset
[2024-08-16T20:43:25.112+0800][6.332s][info ][gc,ergo        ] GC(25) Pacer for Reset. Non-Taxable: 4096M
[2024-08-16T20:43:25.116+0800][6.335s][info ][gc             ] GC(25) Concurrent reset 3.627ms
[2024-08-16T20:43:25.116+0800][6.335s][info ][gc,start       ] GC(25) Pause Init Mark (unload classes)
[2024-08-16T20:43:25.116+0800][6.335s][info ][gc,task        ] GC(25) Using 8 of 8 workers for init marking
[2024-08-16T20:43:25.116+0800][6.335s][info ][gc,ergo        ] GC(25) Pacer for Mark. Expected Live: 1847M, Free: 652M, Non-Taxable: 66828K, Alloc Tax Rate: 3.5x
[2024-08-16T20:43:25.116+0800][6.335s][info ][gc             ] GC(25) Pause Init Mark (unload classes) 0.142ms
[2024-08-16T20:43:25.116+0800][6.336s][info ][gc,start       ] GC(25) Concurrent marking roots
[2024-08-16T20:43:25.116+0800][6.336s][info ][gc,task        ] GC(25) Using 4 of 8 workers for concurrent marking roots
[2024-08-16T20:43:25.116+0800][6.336s][debug][gc,tlab        ] GC(25) TLAB totals: thrds: 1  refills: 1 max: 1 slow allocs: 1 max 1 waste: 99.1% gc: 441688B max: 441688B slow: 0B max: 0B
[2024-08-16T20:43:25.116+0800][6.336s][info ][gc             ] GC(25) Concurrent marking roots 0.187ms
[2024-08-16T20:43:25.116+0800][6.336s][info ][gc,start       ] GC(25) Concurrent marking (unload classes)
[2024-08-16T20:43:25.116+0800][6.336s][info ][gc,task        ] GC(25) Using 4 of 8 workers for concurrent marking
[2024-08-16T20:43:25.117+0800][6.337s][info ][gc             ] GC(25) Concurrent marking (unload classes) 1.147ms
[2024-08-16T20:43:25.117+0800][6.337s][info ][gc,start       ] GC(25) Pause Final Mark (unload classes)
[2024-08-16T20:43:25.117+0800][6.337s][info ][gc,task        ] GC(25) Using 8 of 8 workers for final marking
[2024-08-16T20:43:25.118+0800][6.338s][info ][gc,ergo        ] GC(25) Adaptive CSet Selection. Target Free: 580M, Actual Free: 300M, Max CSet: 170M, Min Garbage: 280M
[2024-08-16T20:43:25.118+0800][6.338s][info ][gc,ergo        ] GC(25) Collectable Garbage: 143M (100%), Immediate: 0B (0%), CSet: 143M (100%)
[2024-08-16T20:43:25.118+0800][6.338s][info ][gc,ergo        ] GC(25) Pacer for Evacuation. Used CSet: 313M, Free: 1822M, Non-Taxable: 182M, Alloc Tax Rate: 1.1x
[2024-08-16T20:43:25.118+0800][6.338s][info ][gc             ] GC(25) Pause Final Mark (unload classes) 0.716ms
[2024-08-16T20:43:25.118+0800][6.338s][info ][gc,start       ] GC(25) Concurrent thread roots
[2024-08-16T20:43:25.118+0800][6.338s][info ][gc,task        ] GC(25) Using 4 of 8 workers for Concurrent thread roots
[2024-08-16T20:43:25.118+0800][6.338s][info ][gc             ] GC(25) Concurrent thread roots 0.163ms
[2024-08-16T20:43:25.118+0800][6.338s][info ][gc,start       ] GC(25) Concurrent weak references
[2024-08-16T20:43:25.118+0800][6.338s][info ][gc,task        ] GC(25) Using 4 of 8 workers for concurrent weak references
[2024-08-16T20:43:25.118+0800][6.338s][info ][gc,ref         ] GC(25) Encountered references: Soft: 104, Weak: 193, Final: 0, Phantom: 1
[2024-08-16T20:43:25.118+0800][6.338s][info ][gc,ref         ] GC(25) Discovered  references: Soft: 0, Weak: 42, Final: 0, Phantom: 1
[2024-08-16T20:43:25.118+0800][6.338s][info ][gc,ref         ] GC(25) Enqueued    references: Soft: 0, Weak: 0, Final: 0, Phantom: 0
[2024-08-16T20:43:25.119+0800][6.338s][info ][gc             ] GC(25) Concurrent weak references 0.084ms
[2024-08-16T20:43:25.119+0800][6.338s][info ][gc,start       ] GC(25) Concurrent weak roots
[2024-08-16T20:43:25.119+0800][6.338s][info ][gc,task        ] GC(25) Using 4 of 8 workers for concurrent weak root
[2024-08-16T20:43:25.119+0800][6.338s][info ][gc             ] GC(25) Concurrent weak roots 0.174ms
[2024-08-16T20:43:25.119+0800][6.338s][info ][gc,start       ] GC(25) Concurrent cleanup
[2024-08-16T20:43:25.119+0800][6.338s][info ][gc             ] GC(25) Concurrent cleanup 2044M->2044M(4096M) 0.084ms
[2024-08-16T20:43:25.119+0800][6.338s][info ][gc,ergo        ] GC(25) Free: 624M, Max: 2048K regular, 55296K humongous, Frag: 42% external, 46% internal; Reserve: 205M, Max: 2048K
[2024-08-16T20:43:25.119+0800][6.338s][info ][gc,start       ] GC(25) Concurrent class unloading
[2024-08-16T20:43:25.119+0800][6.338s][info ][gc,task        ] GC(25) Using 4 of 8 workers for concurrent class unloading
[2024-08-16T20:43:25.119+0800][6.339s][debug][gc,phases,start] GC(25) ClassLoaderData
[2024-08-16T20:43:25.119+0800][6.339s][debug][gc,phases      ] GC(25) ClassLoaderData 0.006ms
[2024-08-16T20:43:25.119+0800][6.339s][debug][gc,phases,start] GC(25) Trigger cleanups
[2024-08-16T20:43:25.119+0800][6.339s][debug][gc,phases      ] GC(25) Trigger cleanups 0.003ms
[2024-08-16T20:43:25.119+0800][6.339s][info ][gc             ] GC(25) Concurrent class unloading 0.531ms
[2024-08-16T20:43:25.119+0800][6.339s][info ][gc,start       ] GC(25) Concurrent strong roots
[2024-08-16T20:43:25.119+0800][6.339s][info ][gc,task        ] GC(25) Using 4 of 8 workers for concurrent strong root
[2024-08-16T20:43:25.120+0800][6.339s][info ][gc             ] GC(25) Concurrent strong roots 0.111ms
[2024-08-16T20:43:25.120+0800][6.339s][info ][gc,start       ] GC(25) Concurrent evacuation
[2024-08-16T20:43:25.120+0800][6.339s][info ][gc,task        ] GC(25) Using 4 of 8 workers for concurrent evacuation
[2024-08-16T20:43:25.133+0800][6.353s][info ][gc             ] GC(25) Failed to allocate 1024K for evacuation
[2024-08-16T20:43:25.134+0800][6.353s][info ][gc             ] GC(25) Cancelling GC: Allocation Failure During Evacuation
[2024-08-16T20:43:25.135+0800][6.354s][info ][gc             ] GC(25) Concurrent evacuation 15.131ms
[2024-08-16T20:43:25.135+0800][6.354s][info ][gc,ergo        ] Free: 532M, Max: 1023K regular, 0B humongous, Frag: 0% external, 50% internal; Reserve: 0B, Max: 0B
[2024-08-16T20:43:25.135+0800][6.354s][info ][gc,stats       ] 
[2024-08-16T20:43:25.135+0800][6.354s][info ][gc,stats       ] All times are wall-clock times, except per-root-class counters, that are sum over
[2024-08-16T20:43:25.135+0800][6.354s][info ][gc,stats       ] all workers. Dividing the <total> over the root stage time estimates parallelism.
[2024-08-16T20:43:25.135+0800][6.354s][info ][gc,stats       ] 
[2024-08-16T20:43:25.135+0800][6.354s][info ][gc,stats       ] Concurrent Reset                   3681 us
[2024-08-16T20:43:25.135+0800][6.354s][info ][gc,stats       ] Pause Init Mark (G)                 239 us
[2024-08-16T20:43:25.135+0800][6.354s][info ][gc,stats       ] Pause Init Mark (N)                 168 us
[2024-08-16T20:43:25.135+0800][6.354s][info ][gc,stats       ]   Update Region States               97 us
[2024-08-16T20:43:25.135+0800][6.354s][info ][gc,stats       ] Concurrent Mark Roots               220 us, parallelism: 0.89x
[2024-08-16T20:43:25.135+0800][6.354s][info ][gc,stats       ]   CMR: <total>                      196 us
[2024-08-16T20:43:25.135+0800][6.354s][info ][gc,stats       ]   CMR: Thread Roots                 158 us, workers (us):  38,  62,  58,   0, ---, ---, ---, ---, 
[2024-08-16T20:43:25.135+0800][6.354s][info ][gc,stats       ]   CMR: VM Strong Roots                4 us, workers (us):   3,   0,   0,   0, ---, ---, ---, ---, 
[2024-08-16T20:43:25.135+0800][6.354s][info ][gc,stats       ]   CMR: CLDG Roots                    34 us, workers (us):  33,   1, ---, ---, ---, ---, ---, ---, 
[2024-08-16T20:43:25.135+0800][6.354s][info ][gc,stats       ] Concurrent Marking                 1274 us
[2024-08-16T20:43:25.135+0800][6.354s][info ][gc,stats       ] Pause Final Mark (G)                859 us
[2024-08-16T20:43:25.135+0800][6.354s][info ][gc,stats       ] Pause Final Mark (N)                748 us
[2024-08-16T20:43:25.135+0800][6.354s][info ][gc,stats       ]   Finish Mark                       430 us
[2024-08-16T20:43:25.135+0800][6.355s][info ][gc,stats       ]   Update Region States              119 us
[2024-08-16T20:43:25.135+0800][6.355s][info ][gc,stats       ]   Choose Collection Set             103 us
[2024-08-16T20:43:25.135+0800][6.355s][info ][gc,stats       ]   Rebuild Free Set                   10 us
[2024-08-16T20:43:25.135+0800][6.355s][info ][gc,stats       ] Concurrent Thread Roots             190 us, parallelism: 0.62x
[2024-08-16T20:43:25.135+0800][6.355s][info ][gc,stats       ]   CTR: <total>                      117 us
[2024-08-16T20:43:25.135+0800][6.355s][info ][gc,stats       ]   CTR: Thread Roots                 117 us, workers (us):  82,  35,   0,   0, ---, ---, ---, ---, 
[2024-08-16T20:43:25.135+0800][6.355s][info ][gc,stats       ] Concurrent Weak References          106 us, parallelism: 0.14x
[2024-08-16T20:43:25.135+0800][6.355s][info ][gc,stats       ]   CWRF: <total>                      14 us
[2024-08-16T20:43:25.135+0800][6.355s][info ][gc,stats       ]   CWRF: Weak References              14 us, workers (us):  14,   0,   0,   0, ---, ---, ---, ---, 
[2024-08-16T20:43:25.135+0800][6.355s][info ][gc,stats       ] Concurrent Weak Roots               202 us
[2024-08-16T20:43:25.135+0800][6.355s][info ][gc,stats       ]   Roots                             120 us, parallelism: 1.28x
[2024-08-16T20:43:25.135+0800][6.355s][info ][gc,stats       ]     CWR: <total>                    153 us
[2024-08-16T20:43:25.135+0800][6.355s][info ][gc,stats       ]     CWR: Code Cache Roots            87 us, workers (us):  45,  42,   0,   0, ---, ---, ---, ---, 
[2024-08-16T20:43:25.135+0800][6.355s][info ][gc,stats       ]     CWR: VM Weak Roots               64 us, workers (us):  41,  23,   0,   0, ---, ---, ---, ---, 
[2024-08-16T20:43:25.135+0800][6.355s][info ][gc,stats       ]     CWR: CLDG Roots                   2 us, workers (us): ---,   2, ---, ---, ---, ---, ---, ---, 
[2024-08-16T20:43:25.135+0800][6.355s][info ][gc,stats       ]   Rendezvous                         42 us
[2024-08-16T20:43:25.135+0800][6.355s][info ][gc,stats       ] Concurrent Cleanup                  115 us
[2024-08-16T20:43:25.135+0800][6.355s][info ][gc,stats       ] Concurrent Class Unloading          565 us
[2024-08-16T20:43:25.135+0800][6.355s][info ][gc,stats       ]   Unlink Stale                      330 us
[2024-08-16T20:43:25.135+0800][6.355s][info ][gc,stats       ]     System Dictionary                17 us
[2024-08-16T20:43:25.135+0800][6.355s][info ][gc,stats       ]     Weak Class Links                  0 us
[2024-08-16T20:43:25.135+0800][6.355s][info ][gc,stats       ]     Code Roots                      312 us
[2024-08-16T20:43:25.135+0800][6.355s][info ][gc,stats       ]   Rendezvous                         51 us
[2024-08-16T20:43:25.135+0800][6.355s][info ][gc,stats       ]   Purge Unlinked                    139 us
[2024-08-16T20:43:25.135+0800][6.355s][info ][gc,stats       ]     Code Roots                      123 us
[2024-08-16T20:43:25.135+0800][6.355s][info ][gc,stats       ]     CLDG                             16 us
[2024-08-16T20:43:25.135+0800][6.355s][info ][gc,stats       ]     Exception Caches                  0 us
[2024-08-16T20:43:25.135+0800][6.355s][info ][gc,stats       ] Concurrent Strong Roots             151 us, parallelism: 0.36x
[2024-08-16T20:43:25.135+0800][6.355s][info ][gc,stats       ]   CSR: <total>                       54 us
[2024-08-16T20:43:25.135+0800][6.355s][info ][gc,stats       ]   CSR: VM Strong Roots                5 us, workers (us):   4,   0,   0,   0, ---, ---, ---, ---, 
[2024-08-16T20:43:25.135+0800][6.355s][info ][gc,stats       ]   CSR: CLDG Roots                    50 us, workers (us):  49,   1, ---, ---, ---, ---, ---, ---, 
[2024-08-16T20:43:25.135+0800][6.355s][info ][gc,stats       ] Concurrent Evacuation             15194 us
[2024-08-16T20:43:25.135+0800][6.355s][info ][gc,stats       ] Pacing                            21900 us
[2024-08-16T20:43:25.135+0800][6.355s][info ][gc,stats       ] 
[2024-08-16T20:43:25.135+0800][6.355s][info ][gc,stats       ] Allocation pacing accrued:
[2024-08-16T20:43:25.135+0800][6.355s][info ][gc,stats       ]      22 of    46 ms ( 48.1%): main
[2024-08-16T20:43:25.135+0800][6.355s][info ][gc,stats       ]      22 of    46 ms ( 48.1%): <total>
[2024-08-16T20:43:25.135+0800][6.355s][info ][gc,stats       ]       2 of    46 ms (  4.4%): <average total>
[2024-08-16T20:43:25.135+0800][6.355s][info ][gc,stats       ]      22 of    46 ms ( 48.1%): <average non-zero>
[2024-08-16T20:43:25.135+0800][6.355s][info ][gc,stats       ] 
[2024-08-16T20:43:25.135+0800][6.355s][info ][gc,metaspace   ] Metaspace: 842K(960K)->842K(960K) NonClass: 779K(832K)->779K(832K) Class: 62K(128K)->62K(128K)
[2024-08-16T20:43:25.135+0800][6.355s][info ][gc,ergo        ] Pacer for Idle. Initial: 83886K, Alloc Tax Rate: 1.0x
[2024-08-16T20:43:25.136+0800][6.356s][info ][gc             ] Trigger: Handle Allocation Failure
[2024-08-16T20:43:25.136+0800][6.356s][info ][gc,ergo        ] Free: 0B, Max: 0B regular, 0B humongous, Frag: 0% external, 0% internal; Reserve: 0B, Max: 0B
[2024-08-16T20:43:25.136+0800][6.356s][info ][gc,start       ] GC(26) Pause Degenerated GC (Evacuation)
[2024-08-16T20:43:25.136+0800][6.356s][info ][gc,task        ] GC(26) Using 8 of 8 workers for stw degenerated gc
[2024-08-16T20:43:25.137+0800][6.356s][info ][gc             ] GC(26) Cancelling GC: Allocation Failure During Evacuation
[2024-08-16T20:43:25.138+0800][6.358s][info ][gc             ] GC(26) Cannot finish degeneration, upgrading to Full GC
[2024-08-16T20:43:25.141+0800][6.360s][debug][gc,tlab        ] GC(26) TLAB totals: thrds: 1  refills: 1 max: 1 slow allocs: 3 max 3 waste: 98.0% gc: 624976B max: 624976B slow: 0B max: 0B
[2024-08-16T20:43:25.141+0800][6.360s][info ][gc,phases,start] GC(26) Phase 1: Mark live objects
[2024-08-16T20:43:25.141+0800][6.360s][info ][gc,ref         ] GC(26) Clearing All SoftReferences
[2024-08-16T20:43:25.141+0800][6.360s][info ][gc,ref         ] GC(26) Clearing All SoftReferences
[2024-08-16T20:43:25.142+0800][6.361s][info ][gc,ref         ] GC(26) Encountered references: Soft: 94, Weak: 193, Final: 0, Phantom: 1
[2024-08-16T20:43:25.142+0800][6.361s][info ][gc,ref         ] GC(26) Discovered  references: Soft: 75, Weak: 4, Final: 0, Phantom: 1
[2024-08-16T20:43:25.142+0800][6.361s][info ][gc,ref         ] GC(26) Enqueued    references: Soft: 27, Weak: 4, Final: 0, Phantom: 0
[2024-08-16T20:43:25.142+0800][6.361s][debug][gc,phases,start] GC(26) ClassLoaderData
[2024-08-16T20:43:25.142+0800][6.362s][debug][gc,phases      ] GC(26) ClassLoaderData 0.080ms
[2024-08-16T20:43:25.142+0800][6.362s][debug][gc,phases,start] GC(26) Trigger cleanups
[2024-08-16T20:43:25.142+0800][6.362s][debug][gc,phases      ] GC(26) Trigger cleanups 0.026ms
[2024-08-16T20:43:25.142+0800][6.362s][info ][gc,phases      ] GC(26) Phase 1: Mark live objects 1.578ms
[2024-08-16T20:43:25.142+0800][6.362s][info ][gc,phases,start] GC(26) Phase 2: Compute new object addresses
[2024-08-16T20:43:25.145+0800][6.364s][info ][gc,phases      ] GC(26) Phase 2: Compute new object addresses 2.196ms
[2024-08-16T20:43:25.145+0800][6.364s][info ][gc,phases,start] GC(26) Phase 3: Adjust pointers
[2024-08-16T20:43:25.147+0800][6.367s][info ][gc,phases      ] GC(26) Phase 3: Adjust pointers 2.414ms
[2024-08-16T20:43:25.147+0800][6.367s][info ][gc,phases,start] GC(26) Phase 4: Move objects
[2024-08-16T20:43:25.212+0800][6.431s][info ][gc,phases      ] GC(26) Phase 4: Move objects 64.490ms
[2024-08-16T20:43:25.212+0800][6.431s][info ][gc,ergo        ] GC(26) Good progress for free space: 2039M, need 41943K
[2024-08-16T20:43:25.212+0800][6.431s][info ][gc,ergo        ] GC(26) Good progress for used space: 452M, need 2048K
[2024-08-16T20:43:25.212+0800][6.431s][info ][gc             ] GC(26) Pause Degenerated GC (Evacuation) 2302M->1850M(4096M) 75.515ms
[2024-08-16T20:43:25.212+0800][6.432s][debug][gc,ergo        ] GC(26) Margin of error now 1.91
[2024-08-16T20:43:25.212+0800][6.432s][debug][gc,ergo        ] GC(26) Spike threshold now: 1.70
[2024-08-16T20:43:25.212+0800][6.432s][info ][gc,ergo        ] Free: 2039M, Max: 2048K regular, 186M humongous, Frag: 3% external, 47% internal; Reserve: 206M, Max: 2048K
[2024-08-16T20:43:25.212+0800][6.432s][info ][gc,stats       ] 
[2024-08-16T20:43:25.212+0800][6.432s][info ][gc,stats       ] All times are wall-clock times, except per-root-class counters, that are sum over
[2024-08-16T20:43:25.212+0800][6.432s][info ][gc,stats       ] all workers. Dividing the <total> over the root stage time estimates parallelism.
[2024-08-16T20:43:25.212+0800][6.432s][info ][gc,stats       ] 
[2024-08-16T20:43:25.212+0800][6.432s][info ][gc,stats       ] Pause Degenerated GC (G)          75665 us
[2024-08-16T20:43:25.212+0800][6.432s][info ][gc,stats       ] Pause Degenerated GC (N)          75550 us
[2024-08-16T20:43:25.212+0800][6.432s][info ][gc,stats       ]   Evacuation                       1598 us
[2024-08-16T20:43:25.212+0800][6.432s][info ][gc,stats       ]   Pre Heap Dump                       1 us
[2024-08-16T20:43:25.212+0800][6.432s][info ][gc,stats       ]   Prepare                          2801 us
[2024-08-16T20:43:25.212+0800][6.432s][info ][gc,stats       ]     Update Roots                    373 us, parallelism: 2.03x
[2024-08-16T20:43:25.212+0800][6.432s][info ][gc,stats       ]       FU: <total>                   754 us
[2024-08-16T20:43:25.212+0800][6.432s][info ][gc,stats       ]       FU: Thread Roots              215 us, workers (us):   1,   1,  96, 115,   2,   0,   0,   0, 
[2024-08-16T20:43:25.212+0800][6.432s][info ][gc,stats       ]       FU: Code Cache Roots          495 us, workers (us): 272, 206,  16,   0,   0,   0,   0,   0, 
[2024-08-16T20:43:25.212+0800][6.432s][info ][gc,stats       ]       FU: VM Strong Roots             3 us, workers (us):   2,   0,   0,   0,   0,   0,   0,   0, 
[2024-08-16T20:43:25.212+0800][6.432s][info ][gc,stats       ]       FU: VM Weak Roots              24 us, workers (us):  16,   6,   1,   0,   0,   0,   0,   0, 
[2024-08-16T20:43:25.212+0800][6.432s][info ][gc,stats       ]       FU: CLDG Roots                 18 us, workers (us):  12,   2,   1,   0,   1,   0,   0,   0, 
[2024-08-16T20:43:25.212+0800][6.432s][info ][gc,stats       ]   Mark                             1570 us, parallelism: 2.39x
[2024-08-16T20:43:25.212+0800][6.432s][info ][gc,stats       ]     FM: <total>                    3754 us
[2024-08-16T20:43:25.212+0800][6.432s][info ][gc,stats       ]     FM: Thread Roots                 46 us, workers (us):   9,  11,   5,  17,   1,   1,   1,   1, 
[2024-08-16T20:43:25.212+0800][6.432s][info ][gc,stats       ]     FM: VM Strong Roots               4 us, workers (us):   0,   3,   0,   0,   0,   0,   0,   0, 
[2024-08-16T20:43:25.212+0800][6.432s][info ][gc,stats       ]     FM: CLDG Roots                   59 us, workers (us):  39,   0,  13,   1,   1,   1,   1,   1, 
[2024-08-16T20:43:25.212+0800][6.432s][info ][gc,stats       ]     FM: Parallel Mark              3645 us, workers (us): 499, 543, 452, 436, 437, 423, 377, 477, 
[2024-08-16T20:43:25.212+0800][6.432s][info ][gc,stats       ]     System Purge                    795 us
[2024-08-16T20:43:25.212+0800][6.432s][info ][gc,stats       ]       Weak References               124 us, parallelism: 0.04x
[2024-08-16T20:43:25.212+0800][6.432s][info ][gc,stats       ]         WRP: <total>                  6 us
[2024-08-16T20:43:25.212+0800][6.432s][info ][gc,stats       ]         WRP: Weak References          6 us, workers (us):   5,   0,   0,   0,   0,   0,   0,   0, 
[2024-08-16T20:43:25.212+0800][6.432s][info ][gc,stats       ]       Unload Classes                517 us, parallelism: 3.39x
[2024-08-16T20:43:25.212+0800][6.432s][info ][gc,stats       ]         CU: <total>                1755 us
[2024-08-16T20:43:25.212+0800][6.432s][info ][gc,stats       ]         CU: Unload Code Caches      631 us, workers (us): 181, 173,  87,  88,  74,  27,   2,   0, 
[2024-08-16T20:43:25.212+0800][6.432s][info ][gc,stats       ]         CU: Unlink CLDs            1124 us, workers (us): 145, 135, 139, 139, 137, 140, 146, 144, 
[2024-08-16T20:43:25.212+0800][6.432s][info ][gc,stats       ]       Weak Roots                    121 us, parallelism: 0.22x
[2024-08-16T20:43:25.212+0800][6.432s][info ][gc,stats       ]         WR: <total>                  26 us
[2024-08-16T20:43:25.212+0800][6.432s][info ][gc,stats       ]         WR: VM Weak Roots            26 us, workers (us):  14,   9,   1,   0,   1,   0,   1,   1, 
[2024-08-16T20:43:25.212+0800][6.432s][info ][gc,stats       ]       CLDG                           31 us
[2024-08-16T20:43:25.212+0800][6.432s][info ][gc,stats       ]   Calculate Addresses              2191 us
[2024-08-16T20:43:25.212+0800][6.432s][info ][gc,stats       ]     Regular Objects                2158 us
[2024-08-16T20:43:25.212+0800][6.432s][info ][gc,stats       ]     Humongous Objects                14 us
[2024-08-16T20:43:25.212+0800][6.432s][info ][gc,stats       ]   Adjust Pointers                  2404 us
[2024-08-16T20:43:25.212+0800][6.432s][info ][gc,stats       ]     FA: <total>                     643 us
[2024-08-16T20:43:25.212+0800][6.432s][info ][gc,stats       ]     FA: Thread Roots                 58 us, workers (us):   1,   1,  38,  16,   3,   0,   0,   0, 
[2024-08-16T20:43:25.212+0800][6.432s][info ][gc,stats       ]     FA: Code Cache Roots            529 us, workers (us): 328, 186,  14,   0,   0,   0,   0,   0, 
[2024-08-16T20:43:25.212+0800][6.432s][info ][gc,stats       ]     FA: VM Strong Roots               5 us, workers (us):   4,   0,   0,   0,   0,   0,   0,   0, 
[2024-08-16T20:43:25.212+0800][6.432s][info ][gc,stats       ]     FA: VM Weak Roots                29 us, workers (us):  16,  11,   1,   1,   1,   0,   0,   0, 
[2024-08-16T20:43:25.212+0800][6.432s][info ][gc,stats       ]     FA: CLDG Roots                   22 us, workers (us):  17,   2,   1,   1,   1,   0,   0,   0, 
[2024-08-16T20:43:25.212+0800][6.432s][info ][gc,stats       ]   Copy Objects                    64480 us
[2024-08-16T20:43:25.212+0800][6.432s][info ][gc,stats       ]     Regular Objects               61910 us
[2024-08-16T20:43:25.212+0800][6.432s][info ][gc,stats       ]     Humongous Objects                17 us
[2024-08-16T20:43:25.212+0800][6.432s][info ][gc,stats       ]     Reset Complete Bitmap          2508 us
[2024-08-16T20:43:25.212+0800][6.432s][info ][gc,stats       ]     Rebuild Region Sets              43 us
[2024-08-16T20:43:25.212+0800][6.432s][info ][gc,stats       ]   Post Heap Dump                      1 us
[2024-08-16T20:43:25.212+0800][6.432s][info ][gc,stats       ] 
[2024-08-16T20:43:25.212+0800][6.432s][info ][gc,stats       ] Allocation pacing accrued:
[2024-08-16T20:43:25.212+0800][6.432s][info ][gc,stats       ]       0 of    77 ms (  0.0%): <total>
[2024-08-16T20:43:25.212+0800][6.432s][info ][gc,stats       ]       0 of    77 ms (  0.0%): <average total>
[2024-08-16T20:43:25.212+0800][6.432s][info ][gc,stats       ] 
[2024-08-16T20:43:25.213+0800][6.432s][info ][gc,metaspace   ] Metaspace: 842K(960K)->824K(960K) NonClass: 779K(832K)->766K(832K) Class: 62K(128K)->58K(128K)
[2024-08-16T20:43:25.213+0800][6.432s][info ][gc,ergo        ] Pacer for Idle. Initial: 83886K, Alloc Tax Rate: 1.0x
[2024-08-16T20:43:25.214+0800][6.433s][info ][gc             ] Trigger: Free (189M) is below minimum threshold (409M)
[2024-08-16T20:43:25.214+0800][6.433s][info ][gc,ergo        ] Free: 189M, Max: 2048K regular, 186M humongous, Frag: 0% external, 2% internal; Reserve: 206M, Max: 2048K
[2024-08-16T20:43:25.214+0800][6.433s][info ][gc,start       ] GC(27) Concurrent reset
[2024-08-16T20:43:25.214+0800][6.433s][info ][gc,task        ] GC(27) Using 4 of 8 workers for concurrent reset
[2024-08-16T20:43:25.214+0800][6.433s][info ][gc,ergo        ] GC(27) Pacer for Reset. Non-Taxable: 4096M
[2024-08-16T20:43:25.214+0800][6.434s][info ][gc             ] GC(27) Concurrent reset 0.485ms
[2024-08-16T20:43:25.214+0800][6.434s][info ][gc,start       ] GC(27) Pause Init Mark (unload classes)
[2024-08-16T20:43:25.214+0800][6.434s][info ][gc,task        ] GC(27) Using 8 of 8 workers for init marking
[2024-08-16T20:43:25.215+0800][6.434s][info ][gc,ergo        ] GC(27) Pacer for Mark. Expected Live: 2227M, Free: 189M, Non-Taxable: 19455K, Alloc Tax Rate: 14.3x
[2024-08-16T20:43:25.215+0800][6.434s][info ][gc             ] GC(27) Pause Init Mark (unload classes) 0.214ms
[2024-08-16T20:43:25.215+0800][6.434s][info ][gc,start       ] GC(27) Concurrent marking roots
[2024-08-16T20:43:25.215+0800][6.434s][info ][gc,task        ] GC(27) Using 4 of 8 workers for concurrent marking roots
[2024-08-16T20:43:25.215+0800][6.434s][debug][gc,tlab        ] GC(27) TLAB totals: thrds: 1  refills: 1 max: 1 slow allocs: 1 max 1 waste: 99.4% gc: 649360B max: 649360B slow: 0B max: 0B
[2024-08-16T20:43:25.215+0800][6.435s][info ][gc             ] GC(27) Concurrent marking roots 0.221ms
[2024-08-16T20:43:25.215+0800][6.435s][info ][gc,start       ] GC(27) Concurrent marking (unload classes)
[2024-08-16T20:43:25.215+0800][6.435s][info ][gc,task        ] GC(27) Using 4 of 8 workers for concurrent marking
[2024-08-16T20:43:25.216+0800][6.436s][info ][gc             ] GC(27) Concurrent marking (unload classes) 0.934ms
[2024-08-16T20:43:25.216+0800][6.436s][info ][gc,start       ] GC(27) Pause Final Mark (unload classes)
[2024-08-16T20:43:25.216+0800][6.436s][info ][gc,task        ] GC(27) Using 8 of 8 workers for final marking
[2024-08-16T20:43:25.216+0800][6.436s][info ][gc,ergo        ] GC(27) Adaptive CSet Selection. Target Free: 580M, Actual Free: 390M, Max CSet: 170M, Min Garbage: 190M
[2024-08-16T20:43:25.217+0800][6.436s][info ][gc,ergo        ] GC(27) Collectable Garbage: 98288B (100%), Immediate: 0B (0%), CSet: 98288B (100%)
[2024-08-16T20:43:25.217+0800][6.436s][info ][gc,ergo        ] GC(27) Pacer for Evacuation. Used CSet: 170M, Free: 1866M, Non-Taxable: 186M, Alloc Tax Rate: 1.1x
[2024-08-16T20:43:25.217+0800][6.436s][info ][gc             ] GC(27) Pause Final Mark (unload classes) 0.604ms
[2024-08-16T20:43:25.217+0800][6.436s][info ][gc,start       ] GC(27) Concurrent thread roots
[2024-08-16T20:43:25.217+0800][6.436s][info ][gc,task        ] GC(27) Using 4 of 8 workers for Concurrent thread roots
[2024-08-16T20:43:25.217+0800][6.436s][info ][gc             ] GC(27) Concurrent thread roots 0.186ms
[2024-08-16T20:43:25.217+0800][6.437s][info ][gc,start       ] GC(27) Concurrent weak references
[2024-08-16T20:43:25.217+0800][6.437s][info ][gc,task        ] GC(27) Using 4 of 8 workers for concurrent weak references
[2024-08-16T20:43:25.217+0800][6.437s][info ][gc,ref         ] GC(27) Encountered references: Soft: 67, Weak: 189, Final: 0, Phantom: 1
[2024-08-16T20:43:25.217+0800][6.437s][info ][gc,ref         ] GC(27) Discovered  references: Soft: 0, Weak: 15, Final: 0, Phantom: 1
[2024-08-16T20:43:25.217+0800][6.437s][info ][gc,ref         ] GC(27) Enqueued    references: Soft: 0, Weak: 0, Final: 0, Phantom: 0
[2024-08-16T20:43:25.217+0800][6.437s][info ][gc             ] GC(27) Concurrent weak references 0.121ms
[2024-08-16T20:43:25.217+0800][6.437s][info ][gc,start       ] GC(27) Concurrent weak roots
[2024-08-16T20:43:25.217+0800][6.437s][info ][gc,task        ] GC(27) Using 4 of 8 workers for concurrent weak root
[2024-08-16T20:43:25.217+0800][6.437s][info ][gc             ] GC(27) Concurrent weak roots 0.242ms
[2024-08-16T20:43:25.217+0800][6.437s][info ][gc,start       ] GC(27) Concurrent cleanup
[2024-08-16T20:43:25.217+0800][6.437s][info ][gc             ] GC(27) Concurrent cleanup 1854M->1854M(4096M) 0.091ms
[2024-08-16T20:43:25.217+0800][6.437s][info ][gc,ergo        ] GC(27) Free: 182M, Max: 2048K regular, 182M humongous, Frag: 0% external, 0% internal; Reserve: 205M, Max: 2048K
[2024-08-16T20:43:25.217+0800][6.437s][info ][gc,start       ] GC(27) Concurrent class unloading
[2024-08-16T20:43:25.217+0800][6.437s][info ][gc,task        ] GC(27) Using 4 of 8 workers for concurrent class unloading
[2024-08-16T20:43:25.217+0800][6.437s][debug][gc,phases,start] GC(27) ClassLoaderData
[2024-08-16T20:43:25.217+0800][6.437s][debug][gc,phases      ] GC(27) ClassLoaderData 0.006ms
[2024-08-16T20:43:25.217+0800][6.437s][debug][gc,phases,start] GC(27) Trigger cleanups
[2024-08-16T20:43:25.217+0800][6.437s][debug][gc,phases      ] GC(27) Trigger cleanups 0.004ms
[2024-08-16T20:43:25.218+0800][6.438s][info ][gc             ] GC(27) Concurrent class unloading 0.649ms
[2024-08-16T20:43:25.218+0800][6.438s][info ][gc,start       ] GC(27) Concurrent strong roots
[2024-08-16T20:43:25.218+0800][6.438s][info ][gc,task        ] GC(27) Using 4 of 8 workers for concurrent strong root
[2024-08-16T20:43:25.218+0800][6.438s][info ][gc             ] GC(27) Concurrent strong roots 0.066ms
[2024-08-16T20:43:25.218+0800][6.438s][info ][gc,start       ] GC(27) Concurrent evacuation
[2024-08-16T20:43:25.218+0800][6.438s][info ][gc,task        ] GC(27) Using 4 of 8 workers for concurrent evacuation
[2024-08-16T20:43:25.234+0800][6.454s][info ][gc             ] GC(27) Concurrent evacuation 15.885ms
[2024-08-16T20:43:25.234+0800][6.454s][info ][gc,start       ] GC(27) Pause Init Update Refs
[2024-08-16T20:43:25.234+0800][6.454s][info ][gc,ergo        ] GC(27) Pacer for Update Refs. Used: 2155M, Free: 48127K, Non-Taxable: 4812K, Alloc Tax Rate: 56.1x
[2024-08-16T20:43:25.234+0800][6.454s][info ][gc             ] GC(27) Pause Init Update Refs 0.050ms
[2024-08-16T20:43:25.234+0800][6.454s][info ][gc,start       ] GC(27) Concurrent update references
[2024-08-16T20:43:25.234+0800][6.454s][info ][gc,task        ] GC(27) Using 4 of 8 workers for concurrent reference update
[2024-08-16T20:43:25.236+0800][6.456s][info ][gc             ] GC(27) Concurrent update references 1.870ms
[2024-08-16T20:43:25.236+0800][6.456s][info ][gc,start       ] GC(27) Concurrent update thread roots
[2024-08-16T20:43:25.237+0800][6.456s][info ][gc             ] GC(27) Concurrent update thread roots 0.255ms
[2024-08-16T20:43:25.237+0800][6.456s][info ][gc,start       ] GC(27) Pause Final Update Refs
[2024-08-16T20:43:25.237+0800][6.456s][info ][gc,task        ] GC(27) Using 8 of 8 workers for final reference update
[2024-08-16T20:43:25.237+0800][6.456s][info ][gc             ] GC(27) Pause Final Update Refs 0.170ms
[2024-08-16T20:43:25.237+0800][6.457s][info ][gc,start       ] GC(27) Concurrent cleanup
[2024-08-16T20:43:25.237+0800][6.457s][info ][gc             ] GC(27) Concurrent cleanup 2155M->1986M(4096M) 0.103ms
[2024-08-16T20:43:25.237+0800][6.457s][debug][gc,ergo        ] GC(27) Available: 746 MB, z-score=-2.947. Average available: 1820.8 MB +/- 364.5 MB.
[2024-08-16T20:43:25.237+0800][6.457s][info ][gc,ergo        ] Free: 746M, Max: 2048K regular, 178M humongous, Frag: 0% external, 43% internal; Reserve: 206M, Max: 2048K
[2024-08-16T20:43:25.237+0800][6.457s][info ][gc,stats       ] 
[2024-08-16T20:43:25.237+0800][6.457s][info ][gc,stats       ] All times are wall-clock times, except per-root-class counters, that are sum over
[2024-08-16T20:43:25.237+0800][6.457s][info ][gc,stats       ] all workers. Dividing the <total> over the root stage time estimates parallelism.
[2024-08-16T20:43:25.237+0800][6.457s][info ][gc,stats       ] 
[2024-08-16T20:43:25.237+0800][6.457s][info ][gc,stats       ] Concurrent Reset                    535 us
[2024-08-16T20:43:25.237+0800][6.457s][info ][gc,stats       ] Pause Init Mark (G)                 404 us
[2024-08-16T20:43:25.237+0800][6.457s][info ][gc,stats       ] Pause Init Mark (N)                 237 us
[2024-08-16T20:43:25.237+0800][6.457s][info ][gc,stats       ]   Update Region States              168 us
[2024-08-16T20:43:25.237+0800][6.457s][info ][gc,stats       ] Concurrent Mark Roots               258 us, parallelism: 0.89x
[2024-08-16T20:43:25.237+0800][6.457s][info ][gc,stats       ]   CMR: <total>                      229 us
[2024-08-16T20:43:25.237+0800][6.457s][info ][gc,stats       ]   CMR: Thread Roots                 161 us, workers (us):  32,  59,  71,   0, ---, ---, ---, ---, 
[2024-08-16T20:43:25.237+0800][6.457s][info ][gc,stats       ]   CMR: VM Strong Roots                4 us, workers (us):   3,   0,   0,   0, ---, ---, ---, ---, 
[2024-08-16T20:43:25.237+0800][6.457s][info ][gc,stats       ]   CMR: CLDG Roots                    63 us, workers (us):  62,   1, ---, ---, ---, ---, ---, ---, 
[2024-08-16T20:43:25.237+0800][6.457s][info ][gc,stats       ] Concurrent Marking                  966 us
[2024-08-16T20:43:25.237+0800][6.457s][info ][gc,stats       ] Pause Final Mark (G)                696 us
[2024-08-16T20:43:25.237+0800][6.457s][info ][gc,stats       ] Pause Final Mark (N)                632 us
[2024-08-16T20:43:25.237+0800][6.457s][info ][gc,stats       ]   Finish Mark                       332 us
[2024-08-16T20:43:25.237+0800][6.457s][info ][gc,stats       ]   Update Region States              131 us
[2024-08-16T20:43:25.237+0800][6.457s][info ][gc,stats       ]   Choose Collection Set             104 us
[2024-08-16T20:43:25.237+0800][6.457s][info ][gc,stats       ]   Rebuild Free Set                   10 us
[2024-08-16T20:43:25.237+0800][6.457s][info ][gc,stats       ] Concurrent Thread Roots             234 us, parallelism: 0.45x
[2024-08-16T20:43:25.237+0800][6.457s][info ][gc,stats       ]   CTR: <total>                      106 us
[2024-08-16T20:43:25.237+0800][6.457s][info ][gc,stats       ]   CTR: Thread Roots                 106 us, workers (us):  68,  38,   0,   0, ---, ---, ---, ---, 
[2024-08-16T20:43:25.237+0800][6.457s][info ][gc,stats       ] Concurrent Weak References          160 us, parallelism: 0.02x
[2024-08-16T20:43:25.237+0800][6.457s][info ][gc,stats       ]   CWRF: <total>                       2 us
[2024-08-16T20:43:25.237+0800][6.457s][info ][gc,stats       ]   CWRF: Weak References               2 us, workers (us):   2,   0,   0,   0, ---, ---, ---, ---, 
[2024-08-16T20:43:25.237+0800][6.457s][info ][gc,stats       ] Concurrent Weak Roots               286 us
[2024-08-16T20:43:25.237+0800][6.457s][info ][gc,stats       ]   Roots                             155 us, parallelism: 0.99x
[2024-08-16T20:43:25.237+0800][6.457s][info ][gc,stats       ]     CWR: <total>                    154 us
[2024-08-16T20:43:25.237+0800][6.457s][info ][gc,stats       ]     CWR: Code Cache Roots           114 us, workers (us):  50,  62,   3,   0, ---, ---, ---, ---, 
[2024-08-16T20:43:25.237+0800][6.457s][info ][gc,stats       ]     CWR: VM Weak Roots               39 us, workers (us):  38,   1,   0,   0, ---, ---, ---, ---, 
[2024-08-16T20:43:25.237+0800][6.457s][info ][gc,stats       ]     CWR: CLDG Roots                   1 us, workers (us):   1, ---, ---, ---, ---, ---, ---, ---, 
[2024-08-16T20:43:25.237+0800][6.457s][info ][gc,stats       ]   Rendezvous                         72 us
[2024-08-16T20:43:25.237+0800][6.457s][info ][gc,stats       ] Concurrent Cleanup                  123 us
[2024-08-16T20:43:25.237+0800][6.457s][info ][gc,stats       ] Concurrent Class Unloading          683 us
[2024-08-16T20:43:25.237+0800][6.457s][info ][gc,stats       ]   Unlink Stale                      381 us
[2024-08-16T20:43:25.237+0800][6.457s][info ][gc,stats       ]     System Dictionary                18 us
[2024-08-16T20:43:25.237+0800][6.457s][info ][gc,stats       ]     Weak Class Links                  0 us
[2024-08-16T20:43:25.237+0800][6.457s][info ][gc,stats       ]     Code Roots                      362 us
[2024-08-16T20:43:25.237+0800][6.457s][info ][gc,stats       ]   Rendezvous                        152 us
[2024-08-16T20:43:25.237+0800][6.457s][info ][gc,stats       ]   Purge Unlinked                    104 us
[2024-08-16T20:43:25.237+0800][6.457s][info ][gc,stats       ]     Code Roots                       73 us
[2024-08-16T20:43:25.237+0800][6.457s][info ][gc,stats       ]     CLDG                             30 us
[2024-08-16T20:43:25.237+0800][6.457s][info ][gc,stats       ]     Exception Caches                  0 us
[2024-08-16T20:43:25.237+0800][6.457s][info ][gc,stats       ] Concurrent Strong Roots             115 us, parallelism: 0.10x
[2024-08-16T20:43:25.237+0800][6.457s][info ][gc,stats       ]   CSR: <total>                       11 us
[2024-08-16T20:43:25.237+0800][6.457s][info ][gc,stats       ]   CSR: VM Strong Roots                2 us, workers (us):   2,   0,   0,   0, ---, ---, ---, ---, 
[2024-08-16T20:43:25.237+0800][6.457s][info ][gc,stats       ]   CSR: CLDG Roots                     9 us, workers (us):   9, ---, ---, ---, ---, ---, ---, ---, 
[2024-08-16T20:43:25.237+0800][6.457s][info ][gc,stats       ] Concurrent Evacuation             15961 us
[2024-08-16T20:43:25.237+0800][6.457s][info ][gc,stats       ] Pause Init Update Refs (G)          169 us
[2024-08-16T20:43:25.237+0800][6.457s][info ][gc,stats       ] Pause Init Update Refs (N)           57 us
[2024-08-16T20:43:25.237+0800][6.457s][info ][gc,stats       ]   Manage GCLABs                       3 us
[2024-08-16T20:43:25.237+0800][6.457s][info ][gc,stats       ] Concurrent Update Refs             1915 us
[2024-08-16T20:43:25.237+0800][6.457s][info ][gc,stats       ] Concurrent Update Thread Roots      285 us
[2024-08-16T20:43:25.237+0800][6.457s][info ][gc,stats       ] Pause Final Update Refs (G)         270 us
[2024-08-16T20:43:25.237+0800][6.457s][info ][gc,stats       ] Pause Final Update Refs (N)         201 us
[2024-08-16T20:43:25.237+0800][6.457s][info ][gc,stats       ]   Update Region States               94 us
[2024-08-16T20:43:25.237+0800][6.457s][info ][gc,stats       ]   Trash Collection Set                7 us
[2024-08-16T20:43:25.237+0800][6.457s][info ][gc,stats       ]   Rebuild Free Set                   10 us
[2024-08-16T20:43:25.237+0800][6.457s][info ][gc,stats       ] Concurrent Cleanup                  131 us
[2024-08-16T20:43:25.237+0800][6.457s][info ][gc,stats       ] Pacing                            17629 us
[2024-08-16T20:43:25.237+0800][6.457s][info ][gc,stats       ] 
[2024-08-16T20:43:25.237+0800][6.457s][info ][gc,stats       ] Allocation pacing accrued:
[2024-08-16T20:43:25.237+0800][6.457s][info ][gc,stats       ]      18 of    25 ms ( 70.9%): main
[2024-08-16T20:43:25.237+0800][6.457s][info ][gc,stats       ]      18 of    25 ms ( 70.9%): <total>
[2024-08-16T20:43:25.237+0800][6.457s][info ][gc,stats       ]       2 of    25 ms (  6.4%): <average total>
[2024-08-16T20:43:25.237+0800][6.457s][info ][gc,stats       ]      18 of    25 ms ( 70.9%): <average non-zero>
[2024-08-16T20:43:25.237+0800][6.457s][info ][gc,stats       ] 
[2024-08-16T20:43:25.237+0800][6.457s][info ][gc,metaspace   ] Metaspace: 824K(960K)->824K(960K) NonClass: 766K(832K)->766K(832K) Class: 58K(128K)->58K(128K)
[2024-08-16T20:43:25.237+0800][6.457s][info ][gc,ergo        ] Pacer for Idle. Initial: 83886K, Alloc Tax Rate: 1.0x
[2024-08-16T20:43:25.238+0800][6.458s][info ][gc             ] Trigger: Average GC time (27.64 ms) is above the time for average allocation rate (16581 MB/s) to deplete free headroom (171M) (margin of error = 1.91)
[2024-08-16T20:43:25.238+0800][6.458s][info ][gc,ergo        ] Free headroom: 744M (free) - 204M (spike) - 368M (penalties) = 171M
[2024-08-16T20:43:25.239+0800][6.458s][info ][gc,ergo        ] Free: 744M, Max: 2048K regular, 176M humongous, Frag: 0% external, 43% internal; Reserve: 206M, Max: 2048K
[2024-08-16T20:43:25.239+0800][6.458s][info ][gc,start       ] GC(28) Concurrent reset
[2024-08-16T20:43:25.239+0800][6.458s][info ][gc,task        ] GC(28) Using 4 of 8 workers for concurrent reset
[2024-08-16T20:43:25.239+0800][6.458s][info ][gc,ergo        ] GC(28) Pacer for Reset. Non-Taxable: 4096M
[2024-08-16T20:43:25.240+0800][6.460s][info ][gc             ] GC(28) Concurrent reset 1.775ms
[2024-08-16T20:43:25.240+0800][6.460s][info ][gc,start       ] GC(28) Pause Init Mark (unload classes)
[2024-08-16T20:43:25.240+0800][6.460s][info ][gc,task        ] GC(28) Using 8 of 8 workers for init marking
[2024-08-16T20:43:25.240+0800][6.460s][info ][gc,ergo        ] GC(28) Pacer for Mark. Expected Live: 2236M, Free: 742M, Non-Taxable: 76051K, Alloc Tax Rate: 3.7x
[2024-08-16T20:43:25.240+0800][6.460s][info ][gc             ] GC(28) Pause Init Mark (unload classes) 0.123ms
[2024-08-16T20:43:25.241+0800][6.460s][info ][gc,start       ] GC(28) Concurrent marking roots
[2024-08-16T20:43:25.241+0800][6.460s][info ][gc,task        ] GC(28) Using 4 of 8 workers for concurrent marking roots
[2024-08-16T20:43:25.241+0800][6.460s][debug][gc,tlab        ] GC(28) TLAB totals: thrds: 1  refills: 1 max: 1 slow allocs: 5 max 5 waste: 56.8% gc: 27816B max: 27816B slow: 0B max: 0B
[2024-08-16T20:43:25.241+0800][6.460s][info ][gc             ] GC(28) Concurrent marking roots 0.139ms
[2024-08-16T20:43:25.241+0800][6.460s][info ][gc,start       ] GC(28) Concurrent marking (unload classes)
[2024-08-16T20:43:25.241+0800][6.460s][info ][gc,task        ] GC(28) Using 4 of 8 workers for concurrent marking
[2024-08-16T20:43:25.242+0800][6.461s][info ][gc             ] GC(28) Concurrent marking (unload classes) 0.813ms
[2024-08-16T20:43:25.242+0800][6.461s][info ][gc,start       ] GC(28) Pause Final Mark (unload classes)
[2024-08-16T20:43:25.242+0800][6.461s][info ][gc,task        ] GC(28) Using 8 of 8 workers for final marking
[2024-08-16T20:43:25.242+0800][6.462s][info ][gc,ergo        ] GC(28) Adaptive CSet Selection. Target Free: 580M, Actual Free: 378M, Max CSet: 170M, Min Garbage: 202M
[2024-08-16T20:43:25.242+0800][6.462s][info ][gc,ergo        ] GC(28) Collectable Garbage: 129M (100%), Immediate: 0B (0%), CSet: 129M (100%)
[2024-08-16T20:43:25.242+0800][6.462s][info ][gc,ergo        ] GC(28) Pacer for Evacuation. Used CSet: 300M, Free: 1860M, Non-Taxable: 186M, Alloc Tax Rate: 1.1x
[2024-08-16T20:43:25.242+0800][6.462s][info ][gc             ] GC(28) Pause Final Mark (unload classes) 0.557ms
[2024-08-16T20:43:25.242+0800][6.462s][info ][gc,start       ] GC(28) Concurrent thread roots
[2024-08-16T20:43:25.242+0800][6.462s][info ][gc,task        ] GC(28) Using 4 of 8 workers for Concurrent thread roots
[2024-08-16T20:43:25.242+0800][6.462s][info ][gc             ] GC(28) Concurrent thread roots 0.106ms
[2024-08-16T20:43:25.242+0800][6.462s][info ][gc,start       ] GC(28) Concurrent weak references
[2024-08-16T20:43:25.242+0800][6.462s][info ][gc,task        ] GC(28) Using 4 of 8 workers for concurrent weak references
[2024-08-16T20:43:25.242+0800][6.462s][info ][gc,ref         ] GC(28) Encountered references: Soft: 67, Weak: 189, Final: 0, Phantom: 1
[2024-08-16T20:43:25.242+0800][6.462s][info ][gc,ref         ] GC(28) Discovered  references: Soft: 0, Weak: 10, Final: 0, Phantom: 1
[2024-08-16T20:43:25.242+0800][6.462s][info ][gc,ref         ] GC(28) Enqueued    references: Soft: 0, Weak: 0, Final: 0, Phantom: 0
[2024-08-16T20:43:25.242+0800][6.462s][info ][gc             ] GC(28) Concurrent weak references 0.085ms
[2024-08-16T20:43:25.242+0800][6.462s][info ][gc,start       ] GC(28) Concurrent weak roots
[2024-08-16T20:43:25.242+0800][6.462s][info ][gc,task        ] GC(28) Using 4 of 8 workers for concurrent weak root
[2024-08-16T20:43:25.243+0800][6.462s][info ][gc             ] GC(28) Concurrent weak roots 0.173ms
[2024-08-16T20:43:25.243+0800][6.462s][info ][gc,start       ] GC(28) Concurrent cleanup
[2024-08-16T20:43:25.243+0800][6.462s][info ][gc             ] GC(28) Concurrent cleanup 1990M->1990M(4096M) 0.091ms
[2024-08-16T20:43:25.243+0800][6.462s][info ][gc,ergo        ] GC(28) Free: 699M, Max: 2048K regular, 170M humongous, Frag: 0% external, 43% internal; Reserve: 205M, Max: 2048K
[2024-08-16T20:43:25.243+0800][6.462s][info ][gc,start       ] GC(28) Concurrent class unloading
[2024-08-16T20:43:25.243+0800][6.462s][info ][gc,task        ] GC(28) Using 4 of 8 workers for concurrent class unloading
[2024-08-16T20:43:25.243+0800][6.462s][debug][gc,phases,start] GC(28) ClassLoaderData
[2024-08-16T20:43:25.243+0800][6.462s][debug][gc,phases      ] GC(28) ClassLoaderData 0.005ms
[2024-08-16T20:43:25.243+0800][6.462s][debug][gc,phases,start] GC(28) Trigger cleanups
[2024-08-16T20:43:25.243+0800][6.462s][debug][gc,phases      ] GC(28) Trigger cleanups 0.003ms
[2024-08-16T20:43:25.243+0800][6.463s][info ][gc             ] GC(28) Concurrent class unloading 0.361ms
[2024-08-16T20:43:25.243+0800][6.463s][info ][gc,start       ] GC(28) Concurrent strong roots
[2024-08-16T20:43:25.243+0800][6.463s][info ][gc,task        ] GC(28) Using 4 of 8 workers for concurrent strong root
[2024-08-16T20:43:25.243+0800][6.463s][info ][gc             ] GC(28) Concurrent strong roots 0.057ms
[2024-08-16T20:43:25.243+0800][6.463s][info ][gc,start       ] GC(28) Concurrent evacuation
[2024-08-16T20:43:25.243+0800][6.463s][info ][gc,task        ] GC(28) Using 4 of 8 workers for concurrent evacuation
[2024-08-16T20:43:25.259+0800][6.478s][info ][gc             ] GC(28) Concurrent evacuation 15.530ms
[2024-08-16T20:43:25.259+0800][6.478s][info ][gc,start       ] GC(28) Pause Init Update Refs
[2024-08-16T20:43:25.259+0800][6.479s][info ][gc,ergo        ] GC(28) Pacer for Update Refs. Used: 2291M, Free: 563M, Non-Taxable: 57730K, Alloc Tax Rate: 5.0x
[2024-08-16T20:43:25.259+0800][6.479s][info ][gc             ] GC(28) Pause Init Update Refs 0.020ms
[2024-08-16T20:43:25.259+0800][6.479s][info ][gc,start       ] GC(28) Concurrent update references
[2024-08-16T20:43:25.259+0800][6.479s][info ][gc,task        ] GC(28) Using 4 of 8 workers for concurrent reference update
[2024-08-16T20:43:25.261+0800][6.480s][info ][gc             ] GC(28) Concurrent update references 1.843ms
[2024-08-16T20:43:25.261+0800][6.480s][info ][gc,start       ] GC(28) Concurrent update thread roots
[2024-08-16T20:43:25.261+0800][6.481s][info ][gc             ] GC(28) Concurrent update thread roots 0.284ms
[2024-08-16T20:43:25.261+0800][6.481s][info ][gc,start       ] GC(28) Pause Final Update Refs
[2024-08-16T20:43:25.261+0800][6.481s][info ][gc,task        ] GC(28) Using 8 of 8 workers for final reference update
[2024-08-16T20:43:25.261+0800][6.481s][info ][gc             ] GC(28) Pause Final Update Refs 0.160ms
[2024-08-16T20:43:25.261+0800][6.481s][info ][gc,start       ] GC(28) Concurrent cleanup
[2024-08-16T20:43:25.262+0800][6.481s][info ][gc             ] GC(28) Concurrent cleanup 2291M->1991M(4096M) 0.107ms
[2024-08-16T20:43:25.262+0800][6.481s][debug][gc,ergo        ] GC(28) Available: 1898 MB, z-score=0.279. Average available: 1799.9 MB +/- 353.2 MB.
[2024-08-16T20:43:25.262+0800][6.481s][info ][gc,ergo        ] Free: 1898M, Max: 2048K regular, 65536K humongous, Frag: 62% external, 47% internal; Reserve: 206M, Max: 2048K
[2024-08-16T20:43:25.262+0800][6.481s][info ][gc,stats       ] 
[2024-08-16T20:43:25.262+0800][6.481s][info ][gc,stats       ] All times are wall-clock times, except per-root-class counters, that are sum over
[2024-08-16T20:43:25.262+0800][6.481s][info ][gc,stats       ] all workers. Dividing the <total> over the root stage time estimates parallelism.
[2024-08-16T20:43:25.262+0800][6.481s][info ][gc,stats       ] 
[2024-08-16T20:43:25.262+0800][6.481s][info ][gc,stats       ] Concurrent Reset                   1814 us
[2024-08-16T20:43:25.262+0800][6.481s][info ][gc,stats       ] Pause Init Mark (G)                 209 us
[2024-08-16T20:43:25.262+0800][6.481s][info ][gc,stats       ] Pause Init Mark (N)                 146 us
[2024-08-16T20:43:25.262+0800][6.481s][info ][gc,stats       ]   Update Region States               95 us
[2024-08-16T20:43:25.262+0800][6.481s][info ][gc,stats       ] Concurrent Mark Roots               167 us, parallelism: 0.77x
[2024-08-16T20:43:25.262+0800][6.481s][info ][gc,stats       ]   CMR: <total>                      128 us
[2024-08-16T20:43:25.262+0800][6.481s][info ][gc,stats       ]   CMR: Thread Roots                  96 us, workers (us):  34,  29,  30,   3, ---, ---, ---, ---, 
[2024-08-16T20:43:25.262+0800][6.481s][info ][gc,stats       ]   CMR: VM Strong Roots                3 us, workers (us):   3,   0,   0,   0, ---, ---, ---, ---, 
[2024-08-16T20:43:25.262+0800][6.481s][info ][gc,stats       ]   CMR: CLDG Roots                    28 us, workers (us):  27,   1, ---, ---, ---, ---, ---, ---, 
[2024-08-16T20:43:25.262+0800][6.481s][info ][gc,stats       ] Concurrent Marking                  854 us
[2024-08-16T20:43:25.262+0800][6.481s][info ][gc,stats       ] Pause Final Mark (G)                645 us
[2024-08-16T20:43:25.262+0800][6.481s][info ][gc,stats       ] Pause Final Mark (N)                581 us
[2024-08-16T20:43:25.262+0800][6.481s][info ][gc,stats       ]   Finish Mark                       331 us
[2024-08-16T20:43:25.262+0800][6.481s][info ][gc,stats       ]   Update Region States              116 us
[2024-08-16T20:43:25.262+0800][6.481s][info ][gc,stats       ]   Choose Collection Set              71 us
[2024-08-16T20:43:25.262+0800][6.481s][info ][gc,stats       ]   Rebuild Free Set                    7 us
[2024-08-16T20:43:25.262+0800][6.481s][info ][gc,stats       ] Concurrent Thread Roots             132 us, parallelism: 0.64x
[2024-08-16T20:43:25.262+0800][6.481s][info ][gc,stats       ]   CTR: <total>                       85 us
[2024-08-16T20:43:25.262+0800][6.481s][info ][gc,stats       ]   CTR: Thread Roots                  85 us, workers (us):  53,  28,   4,   0, ---, ---, ---, ---, 
[2024-08-16T20:43:25.262+0800][6.481s][info ][gc,stats       ] Concurrent Weak References          107 us, parallelism: 0.09x
[2024-08-16T20:43:25.262+0800][6.481s][info ][gc,stats       ]   CWRF: <total>                       9 us
[2024-08-16T20:43:25.262+0800][6.481s][info ][gc,stats       ]   CWRF: Weak References               9 us, workers (us):   9,   0,   0,   0, ---, ---, ---, ---, 
[2024-08-16T20:43:25.262+0800][6.481s][info ][gc,stats       ] Concurrent Weak Roots               205 us
[2024-08-16T20:43:25.262+0800][6.481s][info ][gc,stats       ]   Roots                             106 us, parallelism: 1.02x
[2024-08-16T20:43:25.262+0800][6.481s][info ][gc,stats       ]     CWR: <total>                    109 us
[2024-08-16T20:43:25.262+0800][6.481s][info ][gc,stats       ]     CWR: Code Cache Roots            81 us, workers (us):   3,  36,  42,   0, ---, ---, ---, ---, 
[2024-08-16T20:43:25.262+0800][6.481s][info ][gc,stats       ]     CWR: VM Weak Roots               26 us, workers (us):  14,  11,   1,   0, ---, ---, ---, ---, 
[2024-08-16T20:43:25.262+0800][6.481s][info ][gc,stats       ]     CWR: CLDG Roots                   1 us, workers (us):   1, ---, ---, ---, ---, ---, ---, ---, 
[2024-08-16T20:43:25.262+0800][6.481s][info ][gc,stats       ]   Rendezvous                         53 us
[2024-08-16T20:43:25.262+0800][6.481s][info ][gc,stats       ] Concurrent Cleanup                  113 us
[2024-08-16T20:43:25.262+0800][6.481s][info ][gc,stats       ] Concurrent Class Unloading          388 us
[2024-08-16T20:43:25.262+0800][6.481s][info ][gc,stats       ]   Unlink Stale                      245 us
[2024-08-16T20:43:25.262+0800][6.481s][info ][gc,stats       ]     System Dictionary                17 us
[2024-08-16T20:43:25.262+0800][6.481s][info ][gc,stats       ]     Weak Class Links                  0 us
[2024-08-16T20:43:25.262+0800][6.481s][info ][gc,stats       ]     Code Roots                      227 us
[2024-08-16T20:43:25.262+0800][6.481s][info ][gc,stats       ]   Rendezvous                         47 us
[2024-08-16T20:43:25.262+0800][6.481s][info ][gc,stats       ]   Purge Unlinked                     58 us
[2024-08-16T20:43:25.262+0800][6.481s][info ][gc,stats       ]     Code Roots                       43 us
[2024-08-16T20:43:25.262+0800][6.481s][info ][gc,stats       ]     CLDG                             15 us
[2024-08-16T20:43:25.262+0800][6.481s][info ][gc,stats       ]     Exception Caches                  0 us
[2024-08-16T20:43:25.262+0800][6.481s][info ][gc,stats       ] Concurrent Strong Roots              79 us, parallelism: 0.15x
[2024-08-16T20:43:25.262+0800][6.481s][info ][gc,stats       ]   CSR: <total>                       12 us
[2024-08-16T20:43:25.262+0800][6.481s][info ][gc,stats       ]   CSR: VM Strong Roots                2 us, workers (us):   1,   0,   0,   0, ---, ---, ---, ---, 
[2024-08-16T20:43:25.262+0800][6.481s][info ][gc,stats       ]   CSR: CLDG Roots                    10 us, workers (us):  10, ---, ---, ---, ---, ---, ---, ---, 
[2024-08-16T20:43:25.262+0800][6.481s][info ][gc,stats       ] Concurrent Evacuation             15578 us
[2024-08-16T20:43:25.262+0800][6.481s][info ][gc,stats       ] Pause Init Update Refs (G)           97 us
[2024-08-16T20:43:25.262+0800][6.481s][info ][gc,stats       ] Pause Init Update Refs (N)           41 us
[2024-08-16T20:43:25.262+0800][6.481s][info ][gc,stats       ]   Manage GCLABs                       3 us
[2024-08-16T20:43:25.262+0800][6.481s][info ][gc,stats       ] Concurrent Update Refs             1885 us
[2024-08-16T20:43:25.262+0800][6.481s][info ][gc,stats       ] Concurrent Update Thread Roots      324 us
[2024-08-16T20:43:25.262+0800][6.481s][info ][gc,stats       ] Pause Final Update Refs (G)         337 us
[2024-08-16T20:43:25.262+0800][6.481s][info ][gc,stats       ] Pause Final Update Refs (N)         188 us
[2024-08-16T20:43:25.262+0800][6.481s][info ][gc,stats       ]   Update Region States              100 us
[2024-08-16T20:43:25.262+0800][6.482s][info ][gc,stats       ]   Trash Collection Set               19 us
[2024-08-16T20:43:25.262+0800][6.482s][info ][gc,stats       ]   Rebuild Free Set                   13 us
[2024-08-16T20:43:25.262+0800][6.482s][info ][gc,stats       ] Concurrent Cleanup                  138 us
[2024-08-16T20:43:25.262+0800][6.482s][info ][gc,stats       ] Pacing                            11403 us
[2024-08-16T20:43:25.262+0800][6.482s][info ][gc,stats       ] 
[2024-08-16T20:43:25.262+0800][6.482s][info ][gc,stats       ] Allocation pacing accrued:
[2024-08-16T20:43:25.262+0800][6.482s][info ][gc,stats       ]      11 of    25 ms ( 46.4%): main
[2024-08-16T20:43:25.262+0800][6.482s][info ][gc,stats       ]      11 of    25 ms ( 46.4%): <total>
[2024-08-16T20:43:25.262+0800][6.482s][info ][gc,stats       ]       1 of    25 ms (  4.2%): <average total>
[2024-08-16T20:43:25.262+0800][6.482s][info ][gc,stats       ]      11 of    25 ms ( 46.4%): <average non-zero>
[2024-08-16T20:43:25.262+0800][6.482s][info ][gc,stats       ] 
[2024-08-16T20:43:25.262+0800][6.482s][info ][gc,metaspace   ] Metaspace: 824K(960K)->824K(960K) NonClass: 766K(832K)->766K(832K) Class: 58K(128K)->58K(128K)
[2024-08-16T20:43:25.262+0800][6.482s][info ][gc,ergo        ] Pacer for Idle. Initial: 83886K, Alloc Tax Rate: 1.0x
[2024-08-16T20:43:25.269+0800][6.488s][info ][gc             ] Trigger: Average GC time (26.42 ms) is above the time for average allocation rate (16581 MB/s) to deplete free headroom (201M) (margin of error = 1.91)
[2024-08-16T20:43:25.269+0800][6.488s][info ][gc,ergo        ] Free headroom: 733M (free) - 204M (spike) - 327M (penalties) = 201M
[2024-08-16T20:43:25.269+0800][6.488s][info ][gc,ergo        ] Free: 733M, Max: 2048K regular, 65536K humongous, Frag: 61% external, 43% internal; Reserve: 206M, Max: 2048K
[2024-08-16T20:43:25.269+0800][6.488s][info ][gc,start       ] GC(29) Concurrent reset
[2024-08-16T20:43:25.269+0800][6.488s][info ][gc,task        ] GC(29) Using 4 of 8 workers for concurrent reset
[2024-08-16T20:43:25.269+0800][6.489s][info ][gc,ergo        ] GC(29) Pacer for Reset. Non-Taxable: 4096M
[2024-08-16T20:43:25.273+0800][6.492s][info ][gc             ] GC(29) Concurrent reset 3.775ms
[2024-08-16T20:43:25.273+0800][6.493s][info ][gc,start       ] GC(29) Pause Init Mark (unload classes)
[2024-08-16T20:43:25.273+0800][6.493s][info ][gc,task        ] GC(29) Using 8 of 8 workers for init marking
[2024-08-16T20:43:25.273+0800][6.493s][info ][gc,ergo        ] GC(29) Pacer for Mark. Expected Live: 2239M, Free: 725M, Non-Taxable: 74315K, Alloc Tax Rate: 3.8x
[2024-08-16T20:43:25.273+0800][6.493s][info ][gc             ] GC(29) Pause Init Mark (unload classes) 0.433ms
[2024-08-16T20:43:25.273+0800][6.493s][info ][gc,start       ] GC(29) Concurrent marking roots
[2024-08-16T20:43:25.274+0800][6.493s][info ][gc,task        ] GC(29) Using 4 of 8 workers for concurrent marking roots
[2024-08-16T20:43:25.274+0800][6.493s][debug][gc,tlab        ] GC(29) TLAB totals: thrds: 1  refills: 1 max: 1 slow allocs: 1 max 1 waste: 97.4% gc: 155616B max: 155616B slow: 0B max: 0B
[2024-08-16T20:43:25.274+0800][6.494s][info ][gc             ] GC(29) Concurrent marking roots 0.544ms
[2024-08-16T20:43:25.274+0800][6.494s][info ][gc,start       ] GC(29) Concurrent marking (unload classes)
[2024-08-16T20:43:25.274+0800][6.494s][info ][gc,task        ] GC(29) Using 4 of 8 workers for concurrent marking
[2024-08-16T20:43:25.276+0800][6.496s][info ][gc             ] GC(29) Concurrent marking (unload classes) 1.847ms
[2024-08-16T20:43:25.276+0800][6.496s][info ][gc,start       ] GC(29) Pause Final Mark (unload classes)
[2024-08-16T20:43:25.276+0800][6.496s][info ][gc,task        ] GC(29) Using 8 of 8 workers for final marking
[2024-08-16T20:43:25.277+0800][6.497s][info ][gc,ergo        ] GC(29) Adaptive CSet Selection. Target Free: 580M, Actual Free: 358M, Max CSet: 170M, Min Garbage: 222M
[2024-08-16T20:43:25.277+0800][6.497s][info ][gc,ergo        ] GC(29) Collectable Garbage: 129M (100%), Immediate: 0B (0%), CSet: 129M (100%)
[2024-08-16T20:43:25.277+0800][6.497s][info ][gc,ergo        ] GC(29) Pacer for Evacuation. Used CSet: 300M, Free: 1850M, Non-Taxable: 185M, Alloc Tax Rate: 1.1x
[2024-08-16T20:43:25.277+0800][6.497s][info ][gc             ] GC(29) Pause Final Mark (unload classes) 0.980ms
[2024-08-16T20:43:25.277+0800][6.497s][info ][gc,start       ] GC(29) Concurrent thread roots
[2024-08-16T20:43:25.277+0800][6.497s][info ][gc,task        ] GC(29) Using 4 of 8 workers for Concurrent thread roots
[2024-08-16T20:43:25.278+0800][6.497s][info ][gc             ] GC(29) Concurrent thread roots 0.264ms
[2024-08-16T20:43:25.278+0800][6.497s][info ][gc,start       ] GC(29) Concurrent weak references
[2024-08-16T20:43:25.278+0800][6.497s][info ][gc,task        ] GC(29) Using 4 of 8 workers for concurrent weak references
[2024-08-16T20:43:25.278+0800][6.497s][info ][gc,ref         ] GC(29) Encountered references: Soft: 67, Weak: 189, Final: 0, Phantom: 1
[2024-08-16T20:43:25.278+0800][6.498s][info ][gc,ref         ] GC(29) Discovered  references: Soft: 0, Weak: 54, Final: 0, Phantom: 1
[2024-08-16T20:43:25.278+0800][6.498s][info ][gc,ref         ] GC(29) Enqueued    references: Soft: 0, Weak: 0, Final: 0, Phantom: 0
[2024-08-16T20:43:25.278+0800][6.498s][info ][gc             ] GC(29) Concurrent weak references 0.294ms
[2024-08-16T20:43:25.278+0800][6.498s][info ][gc,start       ] GC(29) Concurrent weak roots
[2024-08-16T20:43:25.278+0800][6.498s][info ][gc,task        ] GC(29) Using 4 of 8 workers for concurrent weak root
[2024-08-16T20:43:25.278+0800][6.498s][info ][gc             ] GC(29) Concurrent weak roots 0.363ms
[2024-08-16T20:43:25.278+0800][6.498s][info ][gc,start       ] GC(29) Concurrent cleanup
[2024-08-16T20:43:25.279+0800][6.498s][info ][gc             ] GC(29) Concurrent cleanup 2001M->2001M(4096M) 0.188ms
[2024-08-16T20:43:25.279+0800][6.498s][info ][gc,ergo        ] GC(29) Free: 682M, Max: 2048K regular, 65536K humongous, Frag: 58% external, 43% internal; Reserve: 205M, Max: 2048K
[2024-08-16T20:43:25.279+0800][6.498s][info ][gc,start       ] GC(29) Concurrent class unloading
[2024-08-16T20:43:25.279+0800][6.498s][info ][gc,task        ] GC(29) Using 4 of 8 workers for concurrent class unloading
[2024-08-16T20:43:25.279+0800][6.498s][debug][gc,phases,start] GC(29) ClassLoaderData
[2024-08-16T20:43:25.279+0800][6.498s][debug][gc,phases      ] GC(29) ClassLoaderData 0.011ms
[2024-08-16T20:43:25.279+0800][6.498s][debug][gc,phases,start] GC(29) Trigger cleanups
[2024-08-16T20:43:25.279+0800][6.498s][debug][gc,phases      ] GC(29) Trigger cleanups 0.007ms
[2024-08-16T20:43:25.280+0800][6.499s][info ][gc             ] GC(29) Concurrent class unloading 0.877ms
[2024-08-16T20:43:25.280+0800][6.499s][info ][gc,start       ] GC(29) Concurrent strong roots
[2024-08-16T20:43:25.280+0800][6.499s][info ][gc,task        ] GC(29) Using 4 of 8 workers for concurrent strong root
[2024-08-16T20:43:25.280+0800][6.499s][info ][gc             ] GC(29) Concurrent strong roots 0.162ms
[2024-08-16T20:43:25.280+0800][6.499s][info ][gc,start       ] GC(29) Concurrent evacuation
[2024-08-16T20:43:25.280+0800][6.499s][info ][gc,task        ] GC(29) Using 4 of 8 workers for concurrent evacuation
[2024-08-16T20:43:25.296+0800][6.515s][info ][gc             ] GC(29) Concurrent evacuation 15.644ms
[2024-08-16T20:43:25.296+0800][6.515s][info ][gc,start       ] GC(29) Pause Init Update Refs
[2024-08-16T20:43:25.296+0800][6.515s][info ][gc,ergo        ] GC(29) Pacer for Update Refs. Used: 2306M, Free: 546M, Non-Taxable: 55989K, Alloc Tax Rate: 5.2x
[2024-08-16T20:43:25.296+0800][6.515s][info ][gc             ] GC(29) Pause Init Update Refs 0.021ms
[2024-08-16T20:43:25.296+0800][6.515s][info ][gc,start       ] GC(29) Concurrent update references
[2024-08-16T20:43:25.296+0800][6.515s][info ][gc,task        ] GC(29) Using 4 of 8 workers for concurrent reference update
[2024-08-16T20:43:25.298+0800][6.517s][info ][gc             ] GC(29) Concurrent update references 2.156ms
[2024-08-16T20:43:25.298+0800][6.518s][info ][gc,start       ] GC(29) Concurrent update thread roots
[2024-08-16T20:43:25.298+0800][6.518s][info ][gc             ] GC(29) Concurrent update thread roots 0.301ms
[2024-08-16T20:43:25.298+0800][6.518s][info ][gc,start       ] GC(29) Pause Final Update Refs
[2024-08-16T20:43:25.298+0800][6.518s][info ][gc,task        ] GC(29) Using 8 of 8 workers for final reference update
[2024-08-16T20:43:25.298+0800][6.518s][info ][gc             ] GC(29) Pause Final Update Refs 0.146ms
[2024-08-16T20:43:25.299+0800][6.518s][info ][gc,start       ] GC(29) Concurrent cleanup
[2024-08-16T20:43:25.299+0800][6.518s][info ][gc             ] GC(29) Concurrent cleanup 2307M->2007M(4096M) 0.109ms
[2024-08-16T20:43:25.299+0800][6.518s][debug][gc,ergo        ] GC(29) Available: 1882 MB, z-score=0.264. Average available: 1790.7 MB +/- 349.8 MB.
[2024-08-16T20:43:25.299+0800][6.518s][info ][gc,ergo        ] Free: 1882M, Max: 2048K regular, 128M humongous, Frag: 13% external, 48% internal; Reserve: 206M, Max: 2048K
[2024-08-16T20:43:25.299+0800][6.518s][info ][gc,stats       ] 
[2024-08-16T20:43:25.299+0800][6.518s][info ][gc,stats       ] All times are wall-clock times, except per-root-class counters, that are sum over
[2024-08-16T20:43:25.299+0800][6.518s][info ][gc,stats       ] all workers. Dividing the <total> over the root stage time estimates parallelism.
[2024-08-16T20:43:25.299+0800][6.518s][info ][gc,stats       ] 
[2024-08-16T20:43:25.299+0800][6.518s][info ][gc,stats       ] Concurrent Reset                   3896 us
[2024-08-16T20:43:25.299+0800][6.518s][info ][gc,stats       ] Pause Init Mark (G)                 711 us
[2024-08-16T20:43:25.299+0800][6.518s][info ][gc,stats       ] Pause Init Mark (N)                 498 us
[2024-08-16T20:43:25.299+0800][6.518s][info ][gc,stats       ]   Update Region States              322 us
[2024-08-16T20:43:25.299+0800][6.518s][info ][gc,stats       ] Concurrent Mark Roots               656 us, parallelism: 0.85x
[2024-08-16T20:43:25.299+0800][6.518s][info ][gc,stats       ]   CMR: <total>                      557 us
[2024-08-16T20:43:25.299+0800][6.518s][info ][gc,stats       ]   CMR: Thread Roots                 437 us, workers (us):  59, 169,  98, 111, ---, ---, ---, ---, 
[2024-08-16T20:43:25.299+0800][6.518s][info ][gc,stats       ]   CMR: VM Strong Roots               11 us, workers (us):   9,   0,   1,   1, ---, ---, ---, ---, 
[2024-08-16T20:43:25.299+0800][6.518s][info ][gc,stats       ]   CMR: CLDG Roots                   109 us, workers (us): 108,   1, ---, ---, ---, ---, ---, ---, 
[2024-08-16T20:43:25.299+0800][6.518s][info ][gc,stats       ] Concurrent Marking                 1923 us
[2024-08-16T20:43:25.299+0800][6.518s][info ][gc,stats       ] Pause Final Mark (G)               1226 us
[2024-08-16T20:43:25.299+0800][6.518s][info ][gc,stats       ] Pause Final Mark (N)               1026 us
[2024-08-16T20:43:25.299+0800][6.518s][info ][gc,stats       ]   Finish Mark                       526 us
[2024-08-16T20:43:25.299+0800][6.518s][info ][gc,stats       ]   Update Region States              173 us
[2024-08-16T20:43:25.299+0800][6.518s][info ][gc,stats       ]   Choose Collection Set             192 us
[2024-08-16T20:43:25.299+0800][6.518s][info ][gc,stats       ]   Rebuild Free Set                   13 us
[2024-08-16T20:43:25.299+0800][6.518s][info ][gc,stats       ] Concurrent Thread Roots             324 us, parallelism: 0.63x
[2024-08-16T20:43:25.299+0800][6.518s][info ][gc,stats       ]   CTR: <total>                      203 us
[2024-08-16T20:43:25.299+0800][6.518s][info ][gc,stats       ]   CTR: Thread Roots                 203 us, workers (us):  50,  82,  71,   0, ---, ---, ---, ---, 
[2024-08-16T20:43:25.299+0800][6.518s][info ][gc,stats       ] Concurrent Weak References          373 us, parallelism: 0.06x
[2024-08-16T20:43:25.299+0800][6.518s][info ][gc,stats       ]   CWRF: <total>                      22 us
[2024-08-16T20:43:25.299+0800][6.518s][info ][gc,stats       ]   CWRF: Weak References              22 us, workers (us):  21,   0,   0,   0, ---, ---, ---, ---, 
[2024-08-16T20:43:25.299+0800][6.518s][info ][gc,stats       ] Concurrent Weak Roots               428 us
[2024-08-16T20:43:25.299+0800][6.518s][info ][gc,stats       ]   Roots                             214 us, parallelism: 0.90x
[2024-08-16T20:43:25.299+0800][6.518s][info ][gc,stats       ]     CWR: <total>                    192 us
[2024-08-16T20:43:25.299+0800][6.518s][info ][gc,stats       ]     CWR: Code Cache Roots           146 us, workers (us):  74,  72,   0,   0, ---, ---, ---, ---, 
[2024-08-16T20:43:25.299+0800][6.518s][info ][gc,stats       ]     CWR: VM Weak Roots               44 us, workers (us):  35,   8,   0,   0, ---, ---, ---, ---, 
[2024-08-16T20:43:25.299+0800][6.518s][info ][gc,stats       ]     CWR: CLDG Roots                   2 us, workers (us): ---,   2, ---, ---, ---, ---, ---, ---, 
[2024-08-16T20:43:25.299+0800][6.518s][info ][gc,stats       ]   Rendezvous                        101 us
[2024-08-16T20:43:25.299+0800][6.518s][info ][gc,stats       ] Concurrent Cleanup                  240 us
[2024-08-16T20:43:25.299+0800][6.518s][info ][gc,stats       ] Concurrent Class Unloading          950 us
[2024-08-16T20:43:25.299+0800][6.518s][info ][gc,stats       ]   Unlink Stale                      472 us
[2024-08-16T20:43:25.299+0800][6.518s][info ][gc,stats       ]     System Dictionary                36 us
[2024-08-16T20:43:25.299+0800][6.518s][info ][gc,stats       ]     Weak Class Links                  0 us
[2024-08-16T20:43:25.299+0800][6.518s][info ][gc,stats       ]     Code Roots                      434 us
[2024-08-16T20:43:25.299+0800][6.518s][info ][gc,stats       ]   Rendezvous                        228 us
[2024-08-16T20:43:25.299+0800][6.518s][info ][gc,stats       ]   Purge Unlinked                    129 us
[2024-08-16T20:43:25.299+0800][6.518s][info ][gc,stats       ]     Code Roots                       92 us
[2024-08-16T20:43:25.299+0800][6.518s][info ][gc,stats       ]     CLDG                             36 us
[2024-08-16T20:43:25.299+0800][6.518s][info ][gc,stats       ]     Exception Caches                  0 us
[2024-08-16T20:43:25.299+0800][6.519s][info ][gc,stats       ] Concurrent Strong Roots             226 us, parallelism: 0.06x
[2024-08-16T20:43:25.299+0800][6.519s][info ][gc,stats       ]   CSR: <total>                       14 us
[2024-08-16T20:43:25.299+0800][6.519s][info ][gc,stats       ]   CSR: VM Strong Roots                2 us, workers (us):   1,   1,   0,   0, ---, ---, ---, ---, 
[2024-08-16T20:43:25.299+0800][6.519s][info ][gc,stats       ]   CSR: CLDG Roots                    11 us, workers (us):  10,   2, ---, ---, ---, ---, ---, ---, 
[2024-08-16T20:43:25.299+0800][6.519s][info ][gc,stats       ] Concurrent Evacuation             15704 us
[2024-08-16T20:43:25.299+0800][6.519s][info ][gc,stats       ] Pause Init Update Refs (G)          103 us
[2024-08-16T20:43:25.299+0800][6.519s][info ][gc,stats       ] Pause Init Update Refs (N)           44 us
[2024-08-16T20:43:25.299+0800][6.519s][info ][gc,stats       ]   Manage GCLABs                       3 us
[2024-08-16T20:43:25.299+0800][6.519s][info ][gc,stats       ] Concurrent Update Refs             2208 us
[2024-08-16T20:43:25.299+0800][6.519s][info ][gc,stats       ] Concurrent Update Thread Roots      342 us
[2024-08-16T20:43:25.299+0800][6.519s][info ][gc,stats       ] Pause Final Update Refs (G)         296 us
[2024-08-16T20:43:25.299+0800][6.519s][info ][gc,stats       ] Pause Final Update Refs (N)         175 us
[2024-08-16T20:43:25.299+0800][6.519s][info ][gc,stats       ]   Update Region States               98 us
[2024-08-16T20:43:25.299+0800][6.519s][info ][gc,stats       ]   Trash Collection Set                5 us
[2024-08-16T20:43:25.299+0800][6.519s][info ][gc,stats       ]   Rebuild Free Set                   14 us
[2024-08-16T20:43:25.299+0800][6.519s][info ][gc,stats       ] Concurrent Cleanup                  140 us
[2024-08-16T20:43:25.299+0800][6.519s][info ][gc,stats       ] Pacing                            27335 us
[2024-08-16T20:43:25.299+0800][6.519s][info ][gc,stats       ] 
[2024-08-16T20:43:25.299+0800][6.519s][info ][gc,stats       ] Allocation pacing accrued:
[2024-08-16T20:43:25.299+0800][6.519s][info ][gc,stats       ]      27 of    37 ms ( 73.8%): main
[2024-08-16T20:43:25.299+0800][6.519s][info ][gc,stats       ]      27 of    37 ms ( 73.8%): <total>
[2024-08-16T20:43:25.299+0800][6.519s][info ][gc,stats       ]       2 of    37 ms (  6.7%): <average total>
[2024-08-16T20:43:25.299+0800][6.519s][info ][gc,stats       ]      27 of    37 ms ( 73.8%): <average non-zero>
[2024-08-16T20:43:25.299+0800][6.519s][info ][gc,stats       ] 
[2024-08-16T20:43:25.299+0800][6.519s][info ][gc,metaspace   ] Metaspace: 824K(960K)->824K(960K) NonClass: 766K(832K)->766K(832K) Class: 58K(128K)->58K(128K)
[2024-08-16T20:43:25.299+0800][6.519s][info ][gc,ergo        ] Pacer for Idle. Initial: 83886K, Alloc Tax Rate: 1.0x
[2024-08-16T20:43:25.300+0800][6.520s][info ][gc             ] Trigger: Average GC time (32.79 ms) is above the time for average allocation rate (16581 MB/s) to deplete free headroom (230M) (margin of error = 1.91)
[2024-08-16T20:43:25.300+0800][6.520s][info ][gc,ergo        ] Free headroom: 722M (free) - 204M (spike) - 286M (penalties) = 230M
[2024-08-16T20:43:25.300+0800][6.520s][info ][gc,ergo        ] Free: 722M, Max: 2048K regular, 128M humongous, Frag: 10% external, 44% internal; Reserve: 206M, Max: 2048K
[2024-08-16T20:43:25.300+0800][6.520s][info ][gc,start       ] GC(30) Concurrent reset
[2024-08-16T20:43:25.300+0800][6.520s][info ][gc,task        ] GC(30) Using 4 of 8 workers for concurrent reset
[2024-08-16T20:43:25.300+0800][6.520s][info ][gc,ergo        ] GC(30) Pacer for Reset. Non-Taxable: 4096M
[2024-08-16T20:43:25.303+0800][6.523s][info ][gc             ] GC(30) Concurrent reset 2.788ms
[2024-08-16T20:43:25.303+0800][6.523s][info ][gc,start       ] GC(30) Pause Init Mark (unload classes)
[2024-08-16T20:43:25.303+0800][6.523s][info ][gc,task        ] GC(30) Using 8 of 8 workers for init marking
[2024-08-16T20:43:25.303+0800][6.523s][info ][gc,ergo        ] GC(30) Pacer for Mark. Expected Live: 2240M, Free: 706M, Non-Taxable: 72334K, Alloc Tax Rate: 3.9x
[2024-08-16T20:43:25.303+0800][6.523s][info ][gc             ] GC(30) Pause Init Mark (unload classes) 0.120ms
[2024-08-16T20:43:25.303+0800][6.523s][info ][gc,start       ] GC(30) Concurrent marking roots
[2024-08-16T20:43:25.303+0800][6.523s][info ][gc,task        ] GC(30) Using 4 of 8 workers for concurrent marking roots
[2024-08-16T20:43:25.303+0800][6.523s][debug][gc,tlab        ] GC(30) TLAB totals: thrds: 1  refills: 1 max: 1 slow allocs: 2 max 2 waste: 96.8% gc: 252072B max: 252072B slow: 0B max: 0B
[2024-08-16T20:43:25.303+0800][6.523s][info ][gc             ] GC(30) Concurrent marking roots 0.163ms
[2024-08-16T20:43:25.303+0800][6.523s][info ][gc,start       ] GC(30) Concurrent marking (unload classes)
[2024-08-16T20:43:25.303+0800][6.523s][info ][gc,task        ] GC(30) Using 4 of 8 workers for concurrent marking
[2024-08-16T20:43:25.304+0800][6.524s][info ][gc             ] GC(30) Concurrent marking (unload classes) 0.801ms
[2024-08-16T20:43:25.304+0800][6.524s][info ][gc,start       ] GC(30) Pause Final Mark (unload classes)
[2024-08-16T20:43:25.304+0800][6.524s][info ][gc,task        ] GC(30) Using 8 of 8 workers for final marking
[2024-08-16T20:43:25.305+0800][6.524s][info ][gc,ergo        ] GC(30) Adaptive CSet Selection. Target Free: 580M, Actual Free: 342M, Max CSet: 170M, Min Garbage: 238M
[2024-08-16T20:43:25.305+0800][6.525s][info ][gc,ergo        ] GC(30) Collectable Garbage: 134M (100%), Immediate: 0B (0%), CSet: 134M (100%)
[2024-08-16T20:43:25.305+0800][6.525s][info ][gc,ergo        ] GC(30) Pacer for Evacuation. Used CSet: 304M, Free: 1842M, Non-Taxable: 184M, Alloc Tax Rate: 1.1x
[2024-08-16T20:43:25.305+0800][6.525s][info ][gc             ] GC(30) Pause Final Mark (unload classes) 0.619ms
[2024-08-16T20:43:25.305+0800][6.525s][info ][gc,start       ] GC(30) Concurrent thread roots
[2024-08-16T20:43:25.305+0800][6.525s][info ][gc,task        ] GC(30) Using 4 of 8 workers for Concurrent thread roots
[2024-08-16T20:43:25.305+0800][6.525s][info ][gc             ] GC(30) Concurrent thread roots 0.170ms
[2024-08-16T20:43:25.305+0800][6.525s][info ][gc,start       ] GC(30) Concurrent weak references
[2024-08-16T20:43:25.305+0800][6.525s][info ][gc,task        ] GC(30) Using 4 of 8 workers for concurrent weak references
[2024-08-16T20:43:25.305+0800][6.525s][info ][gc,ref         ] GC(30) Encountered references: Soft: 67, Weak: 189, Final: 0, Phantom: 1
[2024-08-16T20:43:25.305+0800][6.525s][info ][gc,ref         ] GC(30) Discovered  references: Soft: 0, Weak: 46, Final: 0, Phantom: 1
[2024-08-16T20:43:25.305+0800][6.525s][info ][gc,ref         ] GC(30) Enqueued    references: Soft: 0, Weak: 0, Final: 0, Phantom: 0
[2024-08-16T20:43:25.305+0800][6.525s][info ][gc             ] GC(30) Concurrent weak references 0.151ms
[2024-08-16T20:43:25.305+0800][6.525s][info ][gc,start       ] GC(30) Concurrent weak roots
[2024-08-16T20:43:25.305+0800][6.525s][info ][gc,task        ] GC(30) Using 4 of 8 workers for concurrent weak root
[2024-08-16T20:43:25.306+0800][6.525s][info ][gc             ] GC(30) Concurrent weak roots 0.178ms
[2024-08-16T20:43:25.306+0800][6.525s][info ][gc,start       ] GC(30) Concurrent cleanup
[2024-08-16T20:43:25.306+0800][6.525s][info ][gc             ] GC(30) Concurrent cleanup 2013M->2013M(4096M) 0.083ms
[2024-08-16T20:43:25.306+0800][6.525s][info ][gc,ergo        ] GC(30) Free: 681M, Max: 2048K regular, 128M humongous, Frag: 5% external, 44% internal; Reserve: 205M, Max: 2048K
[2024-08-16T20:43:25.306+0800][6.525s][info ][gc,start       ] GC(30) Concurrent class unloading
[2024-08-16T20:43:25.306+0800][6.525s][info ][gc,task        ] GC(30) Using 4 of 8 workers for concurrent class unloading
[2024-08-16T20:43:25.306+0800][6.525s][debug][gc,phases,start] GC(30) ClassLoaderData
[2024-08-16T20:43:25.306+0800][6.525s][debug][gc,phases      ] GC(30) ClassLoaderData 0.005ms
[2024-08-16T20:43:25.306+0800][6.525s][debug][gc,phases,start] GC(30) Trigger cleanups
[2024-08-16T20:43:25.306+0800][6.525s][debug][gc,phases      ] GC(30) Trigger cleanups 0.003ms
[2024-08-16T20:43:25.306+0800][6.526s][info ][gc             ] GC(30) Concurrent class unloading 0.341ms
[2024-08-16T20:43:25.306+0800][6.526s][info ][gc,start       ] GC(30) Concurrent strong roots
[2024-08-16T20:43:25.306+0800][6.526s][info ][gc,task        ] GC(30) Using 4 of 8 workers for concurrent strong root
[2024-08-16T20:43:25.306+0800][6.526s][info ][gc             ] GC(30) Concurrent strong roots 0.132ms
[2024-08-16T20:43:25.306+0800][6.526s][info ][gc,start       ] GC(30) Concurrent evacuation
[2024-08-16T20:43:25.306+0800][6.526s][info ][gc,task        ] GC(30) Using 4 of 8 workers for concurrent evacuation
[2024-08-16T20:43:25.322+0800][6.541s][info ][gc             ] GC(30) Failed to allocate 1024K for evacuation
[2024-08-16T20:43:25.322+0800][6.541s][info ][gc             ] GC(30) Cancelling GC: Allocation Failure During Evacuation
[2024-08-16T20:43:25.323+0800][6.543s][info ][gc             ] GC(30) Concurrent evacuation 16.805ms
[2024-08-16T20:43:25.323+0800][6.543s][info ][gc,ergo        ] Free: 547M, Max: 1023K regular, 0B humongous, Frag: 0% external, 50% internal; Reserve: 0B, Max: 0B
[2024-08-16T20:43:25.323+0800][6.543s][info ][gc,stats       ] 
[2024-08-16T20:43:25.323+0800][6.543s][info ][gc,stats       ] All times are wall-clock times, except per-root-class counters, that are sum over
[2024-08-16T20:43:25.323+0800][6.543s][info ][gc,stats       ] all workers. Dividing the <total> over the root stage time estimates parallelism.
[2024-08-16T20:43:25.323+0800][6.543s][info ][gc,stats       ] 
[2024-08-16T20:43:25.323+0800][6.543s][info ][gc,stats       ] Concurrent Reset                   2823 us
[2024-08-16T20:43:25.323+0800][6.543s][info ][gc,stats       ] Pause Init Mark (G)                 196 us
[2024-08-16T20:43:25.323+0800][6.543s][info ][gc,stats       ] Pause Init Mark (N)                 141 us
[2024-08-16T20:43:25.323+0800][6.543s][info ][gc,stats       ]   Update Region States               89 us
[2024-08-16T20:43:25.323+0800][6.543s][info ][gc,stats       ] Concurrent Mark Roots               188 us, parallelism: 0.80x
[2024-08-16T20:43:25.323+0800][6.543s][info ][gc,stats       ]   CMR: <total>                      150 us
[2024-08-16T20:43:25.323+0800][6.543s][info ][gc,stats       ]   CMR: Thread Roots                 125 us, workers (us):  71,  54,   0,   0, ---, ---, ---, ---, 
[2024-08-16T20:43:25.323+0800][6.543s][info ][gc,stats       ]   CMR: VM Strong Roots                3 us, workers (us):   3,   0,   0,   0, ---, ---, ---, ---, 
[2024-08-16T20:43:25.323+0800][6.543s][info ][gc,stats       ]   CMR: CLDG Roots                    21 us, workers (us):  20,   1, ---, ---, ---, ---, ---, ---, 
[2024-08-16T20:43:25.323+0800][6.543s][info ][gc,stats       ] Concurrent Marking                  823 us
[2024-08-16T20:43:25.323+0800][6.543s][info ][gc,stats       ] Pause Final Mark (G)                710 us
[2024-08-16T20:43:25.323+0800][6.543s][info ][gc,stats       ] Pause Final Mark (N)                644 us
[2024-08-16T20:43:25.323+0800][6.543s][info ][gc,stats       ]   Finish Mark                       323 us
[2024-08-16T20:43:25.323+0800][6.543s][info ][gc,stats       ]   Update Region States              122 us
[2024-08-16T20:43:25.323+0800][6.543s][info ][gc,stats       ]   Choose Collection Set             124 us
[2024-08-16T20:43:25.323+0800][6.543s][info ][gc,stats       ]   Rebuild Free Set                   10 us
[2024-08-16T20:43:25.323+0800][6.543s][info ][gc,stats       ] Concurrent Thread Roots             211 us, parallelism: 0.42x
[2024-08-16T20:43:25.323+0800][6.543s][info ][gc,stats       ]   CTR: <total>                       89 us
[2024-08-16T20:43:25.323+0800][6.543s][info ][gc,stats       ]   CTR: Thread Roots                  89 us, workers (us):  89,   0,   0,   0, ---, ---, ---, ---, 
[2024-08-16T20:43:25.323+0800][6.543s][info ][gc,stats       ] Concurrent Weak References          175 us, parallelism: 0.02x
[2024-08-16T20:43:25.323+0800][6.543s][info ][gc,stats       ]   CWRF: <total>                       4 us
[2024-08-16T20:43:25.323+0800][6.543s][info ][gc,stats       ]   CWRF: Weak References               4 us, workers (us):   3,   0,   0,   0, ---, ---, ---, ---, 
[2024-08-16T20:43:25.323+0800][6.543s][info ][gc,stats       ] Concurrent Weak Roots               205 us
[2024-08-16T20:43:25.323+0800][6.543s][info ][gc,stats       ]   Roots                             125 us, parallelism: 1.11x
[2024-08-16T20:43:25.323+0800][6.543s][info ][gc,stats       ]     CWR: <total>                    139 us
[2024-08-16T20:43:25.323+0800][6.543s][info ][gc,stats       ]     CWR: Code Cache Roots           110 us, workers (us):   3,  60,  47,   0, ---, ---, ---, ---, 
[2024-08-16T20:43:25.323+0800][6.543s][info ][gc,stats       ]     CWR: VM Weak Roots               27 us, workers (us):  18,   8,   1,   0, ---, ---, ---, ---, 
[2024-08-16T20:43:25.323+0800][6.543s][info ][gc,stats       ]     CWR: CLDG Roots                   1 us, workers (us):   1, ---, ---, ---, ---, ---, ---, ---, 
[2024-08-16T20:43:25.323+0800][6.543s][info ][gc,stats       ]   Rendezvous                         43 us
[2024-08-16T20:43:25.323+0800][6.543s][info ][gc,stats       ] Concurrent Cleanup                  108 us
[2024-08-16T20:43:25.323+0800][6.543s][info ][gc,stats       ] Concurrent Class Unloading          371 us
[2024-08-16T20:43:25.323+0800][6.543s][info ][gc,stats       ]   Unlink Stale                      234 us
[2024-08-16T20:43:25.323+0800][6.543s][info ][gc,stats       ]     System Dictionary                17 us
[2024-08-16T20:43:25.323+0800][6.543s][info ][gc,stats       ]     Weak Class Links                  0 us
[2024-08-16T20:43:25.323+0800][6.543s][info ][gc,stats       ]     Code Roots                      216 us
[2024-08-16T20:43:25.323+0800][6.543s][info ][gc,stats       ]   Rendezvous                         41 us
[2024-08-16T20:43:25.323+0800][6.543s][info ][gc,stats       ]   Purge Unlinked                     56 us
[2024-08-16T20:43:25.323+0800][6.543s][info ][gc,stats       ]     Code Roots                       45 us
[2024-08-16T20:43:25.323+0800][6.543s][info ][gc,stats       ]     CLDG                             12 us
[2024-08-16T20:43:25.323+0800][6.543s][info ][gc,stats       ]     Exception Caches                  0 us
[2024-08-16T20:43:25.323+0800][6.543s][info ][gc,stats       ] Concurrent Strong Roots             168 us, parallelism: 0.08x
[2024-08-16T20:43:25.323+0800][6.543s][info ][gc,stats       ]   CSR: <total>                       13 us
[2024-08-16T20:43:25.323+0800][6.543s][info ][gc,stats       ]   CSR: VM Strong Roots                2 us, workers (us):   1,   0,   0,   0, ---, ---, ---, ---, 
[2024-08-16T20:43:25.323+0800][6.543s][info ][gc,stats       ]   CSR: CLDG Roots                    11 us, workers (us):  11, ---, ---, ---, ---, ---, ---, ---, 
[2024-08-16T20:43:25.323+0800][6.543s][info ][gc,stats       ] Concurrent Evacuation             16850 us
[2024-08-16T20:43:25.323+0800][6.543s][info ][gc,stats       ] Pacing                            11696 us
[2024-08-16T20:43:25.323+0800][6.543s][info ][gc,stats       ] 
[2024-08-16T20:43:25.323+0800][6.543s][info ][gc,stats       ] Allocation pacing accrued:
[2024-08-16T20:43:25.323+0800][6.543s][info ][gc,stats       ]      12 of    24 ms ( 48.0%): main
[2024-08-16T20:43:25.323+0800][6.543s][info ][gc,stats       ]      12 of    24 ms ( 48.0%): <total>
[2024-08-16T20:43:25.323+0800][6.543s][info ][gc,stats       ]       1 of    24 ms (  4.4%): <average total>
[2024-08-16T20:43:25.323+0800][6.543s][info ][gc,stats       ]      12 of    24 ms ( 48.0%): <average non-zero>
[2024-08-16T20:43:25.323+0800][6.543s][info ][gc,stats       ] 
[2024-08-16T20:43:25.323+0800][6.543s][info ][gc,metaspace   ] Metaspace: 824K(960K)->824K(960K) NonClass: 766K(832K)->766K(832K) Class: 58K(128K)->58K(128K)
[2024-08-16T20:43:25.323+0800][6.543s][info ][gc,ergo        ] Pacer for Idle. Initial: 83886K, Alloc Tax Rate: 1.0x
[2024-08-16T20:43:25.324+0800][6.544s][info ][gc             ] Trigger: Handle Allocation Failure
[2024-08-16T20:43:25.324+0800][6.544s][info ][gc,ergo        ] Free: 547M, Max: 1023K regular, 0B humongous, Frag: 0% external, 50% internal; Reserve: 0B, Max: 0B
[2024-08-16T20:43:25.325+0800][6.544s][info ][gc,start       ] GC(31) Pause Degenerated GC (Evacuation)
[2024-08-16T20:43:25.325+0800][6.544s][info ][gc,task        ] GC(31) Using 8 of 8 workers for stw degenerated gc
[2024-08-16T20:43:25.325+0800][6.545s][info ][gc             ] GC(31) Cancelling GC: Allocation Failure During Evacuation
[2024-08-16T20:43:25.325+0800][6.545s][info ][gc             ] GC(31) Cannot finish degeneration, upgrading to Full GC
[2024-08-16T20:43:25.328+0800][6.548s][debug][gc,tlab        ] GC(31) TLAB totals: thrds: 1  refills: 1 max: 1 slow allocs: 3 max 3 waste: 94.5% gc: 219784B max: 219784B slow: 0B max: 0B
[2024-08-16T20:43:25.328+0800][6.548s][info ][gc,phases,start] GC(31) Phase 1: Mark live objects
[2024-08-16T20:43:25.328+0800][6.548s][info ][gc,ref         ] GC(31) Clearing All SoftReferences
[2024-08-16T20:43:25.328+0800][6.548s][info ][gc,ref         ] GC(31) Clearing All SoftReferences
[2024-08-16T20:43:25.329+0800][6.549s][info ][gc,ref         ] GC(31) Encountered references: Soft: 67, Weak: 189, Final: 0, Phantom: 1
[2024-08-16T20:43:25.329+0800][6.549s][info ][gc,ref         ] GC(31) Discovered  references: Soft: 48, Weak: 0, Final: 0, Phantom: 1
[2024-08-16T20:43:25.329+0800][6.549s][info ][gc,ref         ] GC(31) Enqueued    references: Soft: 0, Weak: 0, Final: 0, Phantom: 0
[2024-08-16T20:43:25.329+0800][6.549s][debug][gc,phases,start] GC(31) ClassLoaderData
[2024-08-16T20:43:25.329+0800][6.549s][debug][gc,phases      ] GC(31) ClassLoaderData 0.015ms
[2024-08-16T20:43:25.329+0800][6.549s][debug][gc,phases,start] GC(31) Trigger cleanups
[2024-08-16T20:43:25.329+0800][6.549s][debug][gc,phases      ] GC(31) Trigger cleanups 0.005ms
[2024-08-16T20:43:25.330+0800][6.549s][info ][gc,phases      ] GC(31) Phase 1: Mark live objects 1.527ms
[2024-08-16T20:43:25.330+0800][6.549s][info ][gc,phases,start] GC(31) Phase 2: Compute new object addresses
[2024-08-16T20:43:25.332+0800][6.551s][info ][gc,phases      ] GC(31) Phase 2: Compute new object addresses 2.138ms
[2024-08-16T20:43:25.332+0800][6.551s][info ][gc,phases,start] GC(31) Phase 3: Adjust pointers
[2024-08-16T20:43:25.334+0800][6.554s][info ][gc,phases      ] GC(31) Phase 3: Adjust pointers 2.577ms
[2024-08-16T20:43:25.334+0800][6.554s][info ][gc,phases,start] GC(31) Phase 4: Move objects
[2024-08-16T20:43:25.401+0800][6.621s][info ][gc,phases      ] GC(31) Phase 4: Move objects 66.533ms
[2024-08-16T20:43:25.401+0800][6.621s][info ][gc,ergo        ] GC(31) Good progress for free space: 2010M, need 41943K
[2024-08-16T20:43:25.401+0800][6.621s][info ][gc,ergo        ] GC(31) Good progress for used space: 432M, need 2048K
[2024-08-16T20:43:25.401+0800][6.621s][info ][gc             ] GC(31) Pause Degenerated GC (Evacuation) 2312M->1879M(4096M) 76.710ms
[2024-08-16T20:43:25.401+0800][6.621s][debug][gc,ergo        ] GC(31) Margin of error now 2.01
[2024-08-16T20:43:25.401+0800][6.621s][debug][gc,ergo        ] GC(31) Spike threshold now: 1.60
[2024-08-16T20:43:25.401+0800][6.621s][info ][gc,ergo        ] Free: 153M, Max: 2048K regular, 124M humongous, Frag: 5% external, 13% internal; Reserve: 206M, Max: 2048K
[2024-08-16T20:43:25.401+0800][6.621s][info ][gc,stats       ] 
[2024-08-16T20:43:25.401+0800][6.621s][info ][gc,stats       ] All times are wall-clock times, except per-root-class counters, that are sum over
[2024-08-16T20:43:25.401+0800][6.621s][info ][gc,stats       ] all workers. Dividing the <total> over the root stage time estimates parallelism.
[2024-08-16T20:43:25.401+0800][6.621s][info ][gc,stats       ] 
[2024-08-16T20:43:25.401+0800][6.621s][info ][gc,stats       ] Pause Degenerated GC (G)          76826 us
[2024-08-16T20:43:25.401+0800][6.621s][info ][gc,stats       ] Pause Degenerated GC (N)          76738 us
[2024-08-16T20:43:25.401+0800][6.621s][info ][gc,stats       ]   Evacuation                        503 us
[2024-08-16T20:43:25.401+0800][6.621s][info ][gc,stats       ]   Pre Heap Dump                       1 us
[2024-08-16T20:43:25.401+0800][6.621s][info ][gc,stats       ]   Prepare                          2908 us
[2024-08-16T20:43:25.401+0800][6.621s][info ][gc,stats       ]     Update Roots                    392 us, parallelism: 1.65x
[2024-08-16T20:43:25.401+0800][6.621s][info ][gc,stats       ]       FU: <total>                   647 us
[2024-08-16T20:43:25.401+0800][6.621s][info ][gc,stats       ]       FU: Thread Roots               94 us, workers (us):   1,   1,  28,  31,  33,   0,   0,   0, 
[2024-08-16T20:43:25.401+0800][6.621s][info ][gc,stats       ]       FU: Code Cache Roots          471 us, workers (us): 246, 211,  13,   0,   0,   0,   0,   0, 
[2024-08-16T20:43:25.401+0800][6.621s][info ][gc,stats       ]       FU: VM Strong Roots             3 us, workers (us):   2,   0,   0,   0,   0,   0,   0,   0, 
[2024-08-16T20:43:25.401+0800][6.621s][info ][gc,stats       ]       FU: VM Weak Roots              63 us, workers (us):  34,  26,   0,   0,   2,   0,   0,   0, 
[2024-08-16T20:43:25.401+0800][6.621s][info ][gc,stats       ]       FU: CLDG Roots                 17 us, workers (us):  12,   2,   1,   1,   1,   0,   0,   0, 
[2024-08-16T20:43:25.401+0800][6.621s][info ][gc,stats       ]   Mark                             1518 us, parallelism: 2.80x
[2024-08-16T20:43:25.401+0800][6.621s][info ][gc,stats       ]     FM: <total>                    4248 us
[2024-08-16T20:43:25.402+0800][6.621s][info ][gc,stats       ]     FM: Thread Roots                 25 us, workers (us):  18,   1,   1,   1,   1,   0,   1,   1, 
[2024-08-16T20:43:25.402+0800][6.621s][info ][gc,stats       ]     FM: VM Strong Roots               4 us, workers (us):   0,   3,   0,   0,   0,   0,   0,   0, 
[2024-08-16T20:43:25.402+0800][6.621s][info ][gc,stats       ]     FM: CLDG Roots                   35 us, workers (us):  29,   0,   1,   1,   1,   0,   1,   1, 
[2024-08-16T20:43:25.402+0800][6.621s][info ][gc,stats       ]     FM: Parallel Mark              4184 us, workers (us): 592, 634, 459, 445, 492, 492, 582, 488, 
[2024-08-16T20:43:25.402+0800][6.621s][info ][gc,stats       ]     System Purge                    607 us
[2024-08-16T20:43:25.402+0800][6.621s][info ][gc,stats       ]       Weak References               182 us, parallelism: 0.03x
[2024-08-16T20:43:25.402+0800][6.621s][info ][gc,stats       ]         WRP: <total>                  5 us
[2024-08-16T20:43:25.402+0800][6.621s][info ][gc,stats       ]         WRP: Weak References          5 us, workers (us):   4,   0,   0,   0,   0,   0,   0,   0, 
[2024-08-16T20:43:25.402+0800][6.621s][info ][gc,stats       ]       Unload Classes                294 us, parallelism: 2.55x
[2024-08-16T20:43:25.402+0800][6.621s][info ][gc,stats       ]         CU: <total>                 749 us
[2024-08-16T20:43:25.402+0800][6.621s][info ][gc,stats       ]         CU: Unload Code Caches      749 us, workers (us): 166, 162, 159, 120,  35,  36,  36,  33, 
[2024-08-16T20:43:25.402+0800][6.621s][info ][gc,stats       ]       Weak Roots                    129 us, parallelism: 0.30x
[2024-08-16T20:43:25.402+0800][6.621s][info ][gc,stats       ]         WR: <total>                  39 us
[2024-08-16T20:43:25.402+0800][6.621s][info ][gc,stats       ]         WR: VM Weak Roots            39 us, workers (us):  24,   9,   1,   1,   1,   1,   1,   2, 
[2024-08-16T20:43:25.402+0800][6.621s][info ][gc,stats       ]       CLDG                            1 us
[2024-08-16T20:43:25.402+0800][6.621s][info ][gc,stats       ]   Calculate Addresses              2130 us
[2024-08-16T20:43:25.402+0800][6.621s][info ][gc,stats       ]     Regular Objects                2097 us
[2024-08-16T20:43:25.402+0800][6.621s][info ][gc,stats       ]     Humongous Objects                 9 us
[2024-08-16T20:43:25.402+0800][6.621s][info ][gc,stats       ]   Adjust Pointers                  2570 us
[2024-08-16T20:43:25.402+0800][6.621s][info ][gc,stats       ]     FA: <total>                     676 us
[2024-08-16T20:43:25.402+0800][6.621s][info ][gc,stats       ]     FA: Thread Roots                 63 us, workers (us):  28,   0,   1,   1,  17,  15,   0,   0, 
[2024-08-16T20:43:25.402+0800][6.621s][info ][gc,stats       ]     FA: Code Cache Roots            565 us, workers (us):   0, 148, 375,  41,   0,   0,   0,   0, 
[2024-08-16T20:43:25.402+0800][6.621s][info ][gc,stats       ]     FA: VM Strong Roots               5 us, workers (us):   1,   1,   1,   1,   1,   0,   0,   0, 
[2024-08-16T20:43:25.402+0800][6.621s][info ][gc,stats       ]     FA: VM Weak Roots                22 us, workers (us):   9,   9,   1,   1,   1,   0,   0,   0, 
[2024-08-16T20:43:25.402+0800][6.621s][info ][gc,stats       ]     FA: CLDG Roots                   20 us, workers (us):  12,   1,   2,   2,   2,   1,   0,   0, 
[2024-08-16T20:43:25.402+0800][6.621s][info ][gc,stats       ]   Copy Objects                    66527 us
[2024-08-16T20:43:25.402+0800][6.621s][info ][gc,stats       ]     Regular Objects               63657 us
[2024-08-16T20:43:25.402+0800][6.621s][info ][gc,stats       ]     Humongous Objects                21 us
[2024-08-16T20:43:25.402+0800][6.621s][info ][gc,stats       ]     Reset Complete Bitmap          2799 us
[2024-08-16T20:43:25.402+0800][6.621s][info ][gc,stats       ]     Rebuild Region Sets              47 us
[2024-08-16T20:43:25.402+0800][6.621s][info ][gc,stats       ]   Post Heap Dump                      1 us
[2024-08-16T20:43:25.402+0800][6.621s][info ][gc,stats       ] Pacing                            82082 us
[2024-08-16T20:43:25.402+0800][6.621s][info ][gc,stats       ] 
[2024-08-16T20:43:25.402+0800][6.621s][info ][gc,stats       ] Allocation pacing accrued:
[2024-08-16T20:43:25.402+0800][6.621s][info ][gc,stats       ]      82 of    78 ms (104.8%): main
[2024-08-16T20:43:25.402+0800][6.621s][info ][gc,stats       ]      82 of    78 ms (104.8%): <total>
[2024-08-16T20:43:25.402+0800][6.621s][info ][gc,stats       ]       7 of    78 ms (  9.5%): <average total>
[2024-08-16T20:43:25.402+0800][6.621s][info ][gc,stats       ]      82 of    78 ms (104.8%): <average non-zero>
[2024-08-16T20:43:25.402+0800][6.621s][info ][gc,stats       ] 
[2024-08-16T20:43:25.402+0800][6.621s][info ][gc,metaspace   ] Metaspace: 824K(960K)->824K(960K) NonClass: 766K(832K)->766K(832K) Class: 58K(128K)->58K(128K)
[2024-08-16T20:43:25.402+0800][6.621s][info ][gc,ergo        ] Pacer for Idle. Initial: 83886K, Alloc Tax Rate: 1.0x
[2024-08-16T20:43:25.403+0800][6.622s][info ][gc             ] Trigger: Free (144M) is below minimum threshold (409M)
[2024-08-16T20:43:25.403+0800][6.622s][info ][gc,ergo        ] Free: 144M, Max: 2048K regular, 124M humongous, Frag: 4% external, 10% internal; Reserve: 206M, Max: 2048K
[2024-08-16T20:43:25.403+0800][6.622s][info ][gc,start       ] GC(32) Concurrent reset
[2024-08-16T20:43:25.403+0800][6.622s][info ][gc,task        ] GC(32) Using 4 of 8 workers for concurrent reset
[2024-08-16T20:43:25.403+0800][6.622s][info ][gc,ergo        ] GC(32) Pacer for Reset. Non-Taxable: 4096M
[2024-08-16T20:43:25.403+0800][6.623s][info ][gc             ] GC(32) Concurrent reset 0.422ms
[2024-08-16T20:43:25.403+0800][6.623s][info ][gc,start       ] GC(32) Pause Init Mark (unload classes)
[2024-08-16T20:43:25.403+0800][6.623s][info ][gc,task        ] GC(32) Using 8 of 8 workers for init marking
[2024-08-16T20:43:25.403+0800][6.623s][info ][gc,ergo        ] GC(32) Pacer for Mark. Expected Live: 2616M, Free: 144M, Non-Taxable: 14847K, Alloc Tax Rate: 22.1x
[2024-08-16T20:43:25.403+0800][6.623s][info ][gc             ] GC(32) Pause Init Mark (unload classes) 0.144ms
[2024-08-16T20:43:25.404+0800][6.623s][info ][gc,start       ] GC(32) Concurrent marking roots
[2024-08-16T20:43:25.404+0800][6.623s][info ][gc,task        ] GC(32) Using 4 of 8 workers for concurrent marking roots
[2024-08-16T20:43:25.404+0800][6.623s][debug][gc,tlab        ] GC(32) TLAB totals: thrds: 1  refills: 1 max: 1 slow allocs: 1 max 1 waste: 98.2% gc: 233336B max: 233336B slow: 0B max: 0B
[2024-08-16T20:43:25.404+0800][6.623s][info ][gc             ] GC(32) Concurrent marking roots 0.256ms
[2024-08-16T20:43:25.404+0800][6.624s][info ][gc,start       ] GC(32) Concurrent marking (unload classes)
[2024-08-16T20:43:25.404+0800][6.624s][info ][gc,task        ] GC(32) Using 4 of 8 workers for concurrent marking
[2024-08-16T20:43:25.405+0800][6.625s][info ][gc             ] GC(32) Concurrent marking (unload classes) 1.132ms
[2024-08-16T20:43:25.405+0800][6.625s][info ][gc,start       ] GC(32) Pause Final Mark (unload classes)
[2024-08-16T20:43:25.405+0800][6.625s][info ][gc,task        ] GC(32) Using 8 of 8 workers for final marking
[2024-08-16T20:43:25.406+0800][6.626s][info ][gc,ergo        ] GC(32) Adaptive CSet Selection. Target Free: 580M, Actual Free: 332M, Max CSet: 170M, Min Garbage: 248M
[2024-08-16T20:43:25.406+0800][6.626s][info ][gc,ergo        ] GC(32) Collectable Garbage: 77072B (100%), Immediate: 0B (0%), CSet: 77072B (100%)
[2024-08-16T20:43:25.406+0800][6.626s][info ][gc,ergo        ] GC(32) Pacer for Evacuation. Used CSet: 170M, Free: 1837M, Non-Taxable: 183M, Alloc Tax Rate: 1.1x
[2024-08-16T20:43:25.406+0800][6.626s][info ][gc             ] GC(32) Pause Final Mark (unload classes) 1.064ms
[2024-08-16T20:43:25.406+0800][6.626s][info ][gc,start       ] GC(32) Concurrent thread roots
[2024-08-16T20:43:25.406+0800][6.626s][info ][gc,task        ] GC(32) Using 4 of 8 workers for Concurrent thread roots
[2024-08-16T20:43:25.407+0800][6.626s][info ][gc             ] GC(32) Concurrent thread roots 0.317ms
[2024-08-16T20:43:25.407+0800][6.626s][info ][gc,start       ] GC(32) Concurrent weak references
[2024-08-16T20:43:25.407+0800][6.626s][info ][gc,task        ] GC(32) Using 4 of 8 workers for concurrent weak references
[2024-08-16T20:43:25.407+0800][6.627s][info ][gc,ref         ] GC(32) Encountered references: Soft: 67, Weak: 189, Final: 0, Phantom: 1
[2024-08-16T20:43:25.407+0800][6.627s][info ][gc,ref         ] GC(32) Discovered  references: Soft: 0, Weak: 51, Final: 0, Phantom: 1
[2024-08-16T20:43:25.407+0800][6.627s][info ][gc,ref         ] GC(32) Enqueued    references: Soft: 0, Weak: 0, Final: 0, Phantom: 0
[2024-08-16T20:43:25.407+0800][6.627s][info ][gc             ] GC(32) Concurrent weak references 0.244ms
[2024-08-16T20:43:25.407+0800][6.627s][info ][gc,start       ] GC(32) Concurrent weak roots
[2024-08-16T20:43:25.407+0800][6.627s][info ][gc,task        ] GC(32) Using 4 of 8 workers for concurrent weak root
[2024-08-16T20:43:25.407+0800][6.627s][info ][gc             ] GC(32) Concurrent weak roots 0.344ms
[2024-08-16T20:43:25.408+0800][6.627s][info ][gc,start       ] GC(32) Concurrent cleanup
[2024-08-16T20:43:25.408+0800][6.627s][info ][gc             ] GC(32) Concurrent cleanup 1883M->1883M(4096M) 0.218ms
[2024-08-16T20:43:25.408+0800][6.627s][info ][gc,ergo        ] GC(32) Free: 126M, Max: 2048K regular, 124M humongous, Frag: 0% external, 2% internal; Reserve: 205M, Max: 2048K
[2024-08-16T20:43:25.408+0800][6.627s][info ][gc,start       ] GC(32) Concurrent class unloading
[2024-08-16T20:43:25.408+0800][6.627s][info ][gc,task        ] GC(32) Using 4 of 8 workers for concurrent class unloading
[2024-08-16T20:43:25.408+0800][6.627s][debug][gc,phases,start] GC(32) ClassLoaderData
[2024-08-16T20:43:25.408+0800][6.627s][debug][gc,phases      ] GC(32) ClassLoaderData 0.006ms
[2024-08-16T20:43:25.408+0800][6.627s][debug][gc,phases,start] GC(32) Trigger cleanups
[2024-08-16T20:43:25.408+0800][6.627s][debug][gc,phases      ] GC(32) Trigger cleanups 0.003ms
[2024-08-16T20:43:25.408+0800][6.628s][info ][gc             ] GC(32) Concurrent class unloading 0.486ms
[2024-08-16T20:43:25.408+0800][6.628s][info ][gc,start       ] GC(32) Concurrent strong roots
[2024-08-16T20:43:25.408+0800][6.628s][info ][gc,task        ] GC(32) Using 4 of 8 workers for concurrent strong root
[2024-08-16T20:43:25.408+0800][6.628s][info ][gc             ] GC(32) Concurrent strong roots 0.065ms
[2024-08-16T20:43:25.408+0800][6.628s][info ][gc,start       ] GC(32) Concurrent evacuation
[2024-08-16T20:43:25.408+0800][6.628s][info ][gc,task        ] GC(32) Using 4 of 8 workers for concurrent evacuation
[2024-08-16T20:43:25.424+0800][6.643s][info ][gc             ] GC(32) Failed to allocate 1024K for evacuation
[2024-08-16T20:43:25.424+0800][6.644s][info ][gc             ] GC(32) Cancelling GC: Allocation Failure During Evacuation
[2024-08-16T20:43:25.425+0800][6.645s][info ][gc             ] GC(32) Concurrent evacuation 16.788ms
[2024-08-16T20:43:25.425+0800][6.645s][info ][gc,ergo        ] Free: 1023K, Max: 1023K regular, 0B humongous, Frag: 0% external, 50% internal; Reserve: 0B, Max: 0B
[2024-08-16T20:43:25.425+0800][6.645s][info ][gc,stats       ] 
[2024-08-16T20:43:25.425+0800][6.645s][info ][gc,stats       ] All times are wall-clock times, except per-root-class counters, that are sum over
[2024-08-16T20:43:25.425+0800][6.645s][info ][gc,stats       ] all workers. Dividing the <total> over the root stage time estimates parallelism.
[2024-08-16T20:43:25.425+0800][6.645s][info ][gc,stats       ] 
[2024-08-16T20:43:25.425+0800][6.645s][info ][gc,stats       ] Concurrent Reset                    471 us
[2024-08-16T20:43:25.425+0800][6.645s][info ][gc,stats       ] Pause Init Mark (G)                 283 us
[2024-08-16T20:43:25.425+0800][6.645s][info ][gc,stats       ] Pause Init Mark (N)                 176 us
[2024-08-16T20:43:25.425+0800][6.645s][info ][gc,stats       ]   Update Region States              109 us
[2024-08-16T20:43:25.425+0800][6.645s][info ][gc,stats       ] Concurrent Mark Roots               292 us, parallelism: 0.95x
[2024-08-16T20:43:25.425+0800][6.645s][info ][gc,stats       ]   CMR: <total>                      278 us
[2024-08-16T20:43:25.425+0800][6.645s][info ][gc,stats       ]   CMR: Thread Roots                 197 us, workers (us):  30, 124,  39,   4, ---, ---, ---, ---, 
[2024-08-16T20:43:25.425+0800][6.645s][info ][gc,stats       ]   CMR: VM Strong Roots                4 us, workers (us):   4,   0,   0,   0, ---, ---, ---, ---, 
[2024-08-16T20:43:25.425+0800][6.645s][info ][gc,stats       ]   CMR: CLDG Roots                    76 us, workers (us):  76,   1, ---, ---, ---, ---, ---, ---, 
[2024-08-16T20:43:25.425+0800][6.645s][info ][gc,stats       ] Concurrent Marking                 1178 us
[2024-08-16T20:43:25.425+0800][6.645s][info ][gc,stats       ] Pause Final Mark (G)               1375 us
[2024-08-16T20:43:25.425+0800][6.645s][info ][gc,stats       ] Pause Final Mark (N)               1151 us
[2024-08-16T20:43:25.425+0800][6.645s][info ][gc,stats       ]   Finish Mark                       445 us
[2024-08-16T20:43:25.425+0800][6.645s][info ][gc,stats       ]   Update Region States              334 us
[2024-08-16T20:43:25.425+0800][6.645s][info ][gc,stats       ]   Choose Collection Set             223 us
[2024-08-16T20:43:25.425+0800][6.645s][info ][gc,stats       ]   Rebuild Free Set                   19 us
[2024-08-16T20:43:25.425+0800][6.645s][info ][gc,stats       ] Concurrent Thread Roots             333 us, parallelism: 0.90x
[2024-08-16T20:43:25.425+0800][6.645s][info ][gc,stats       ]   CTR: <total>                      302 us
[2024-08-16T20:43:25.425+0800][6.645s][info ][gc,stats       ]   CTR: Thread Roots                 302 us, workers (us): 201,  30,  35,  35, ---, ---, ---, ---, 
[2024-08-16T20:43:25.425+0800][6.645s][info ][gc,stats       ] Concurrent Weak References          269 us, parallelism: 0.42x
[2024-08-16T20:43:25.425+0800][6.645s][info ][gc,stats       ]   CWRF: <total>                     113 us
[2024-08-16T20:43:25.425+0800][6.645s][info ][gc,stats       ]   CWRF: Weak References             113 us, workers (us): 111,   1,   0,   0, ---, ---, ---, ---, 
[2024-08-16T20:43:25.425+0800][6.645s][info ][gc,stats       ] Concurrent Weak Roots               476 us
[2024-08-16T20:43:25.425+0800][6.645s][info ][gc,stats       ]   Roots                             193 us, parallelism: 1.09x
[2024-08-16T20:43:25.425+0800][6.645s][info ][gc,stats       ]     CWR: <total>                    211 us
[2024-08-16T20:43:25.425+0800][6.645s][info ][gc,stats       ]     CWR: Code Cache Roots           162 us, workers (us):   9,  74,  79,   0, ---, ---, ---, ---, 
[2024-08-16T20:43:25.425+0800][6.645s][info ][gc,stats       ]     CWR: VM Weak Roots               48 us, workers (us):  31,   8,   8,   1, ---, ---, ---, ---, 
[2024-08-16T20:43:25.425+0800][6.645s][info ][gc,stats       ]     CWR: CLDG Roots                   1 us, workers (us): ---,   1, ---, ---, ---, ---, ---, ---, 
[2024-08-16T20:43:25.425+0800][6.645s][info ][gc,stats       ]   Rendezvous                        132 us
[2024-08-16T20:43:25.425+0800][6.645s][info ][gc,stats       ] Concurrent Cleanup                  242 us
[2024-08-16T20:43:25.425+0800][6.645s][info ][gc,stats       ] Concurrent Class Unloading          542 us
[2024-08-16T20:43:25.425+0800][6.645s][info ][gc,stats       ]   Unlink Stale                      284 us
[2024-08-16T20:43:25.425+0800][6.645s][info ][gc,stats       ]     System Dictionary                18 us
[2024-08-16T20:43:25.425+0800][6.645s][info ][gc,stats       ]     Weak Class Links                  0 us
[2024-08-16T20:43:25.426+0800][6.645s][info ][gc,stats       ]     Code Roots                      266 us
[2024-08-16T20:43:25.426+0800][6.645s][info ][gc,stats       ]   Rendezvous                         97 us
[2024-08-16T20:43:25.426+0800][6.645s][info ][gc,stats       ]   Purge Unlinked                     94 us
[2024-08-16T20:43:25.426+0800][6.645s][info ][gc,stats       ]     Code Roots                       79 us
[2024-08-16T20:43:25.426+0800][6.645s][info ][gc,stats       ]     CLDG                             14 us
[2024-08-16T20:43:25.426+0800][6.645s][info ][gc,stats       ]     Exception Caches                  0 us
[2024-08-16T20:43:25.426+0800][6.645s][info ][gc,stats       ] Concurrent Strong Roots              89 us, parallelism: 0.15x
[2024-08-16T20:43:25.426+0800][6.645s][info ][gc,stats       ]   CSR: <total>                       14 us
[2024-08-16T20:43:25.426+0800][6.645s][info ][gc,stats       ]   CSR: VM Strong Roots                2 us, workers (us):   1,   0,   0,   0, ---, ---, ---, ---, 
[2024-08-16T20:43:25.426+0800][6.645s][info ][gc,stats       ]   CSR: CLDG Roots                    12 us, workers (us):  12, ---, ---, ---, ---, ---, ---, ---, 
[2024-08-16T20:43:25.426+0800][6.645s][info ][gc,stats       ] Concurrent Evacuation             16836 us
[2024-08-16T20:43:25.426+0800][6.645s][info ][gc,stats       ] Pacing                            11614 us
[2024-08-16T20:43:25.426+0800][6.645s][info ][gc,stats       ] 
[2024-08-16T20:43:25.426+0800][6.645s][info ][gc,stats       ] Allocation pacing accrued:
[2024-08-16T20:43:25.426+0800][6.645s][info ][gc,stats       ]      12 of    24 ms ( 48.6%): main
[2024-08-16T20:43:25.426+0800][6.645s][info ][gc,stats       ]      12 of    24 ms ( 48.6%): <total>
[2024-08-16T20:43:25.426+0800][6.645s][info ][gc,stats       ]       1 of    24 ms (  4.4%): <average total>
[2024-08-16T20:43:25.426+0800][6.645s][info ][gc,stats       ]      12 of    24 ms ( 48.6%): <average non-zero>
[2024-08-16T20:43:25.426+0800][6.645s][info ][gc,stats       ] 
[2024-08-16T20:43:25.426+0800][6.645s][info ][gc,metaspace   ] Metaspace: 824K(960K)->824K(960K) NonClass: 766K(832K)->766K(832K) Class: 58K(128K)->58K(128K)
[2024-08-16T20:43:25.426+0800][6.645s][info ][gc,ergo        ] Pacer for Idle. Initial: 83886K, Alloc Tax Rate: 1.0x
[2024-08-16T20:43:25.427+0800][6.646s][info ][gc             ] Trigger: Handle Allocation Failure
[2024-08-16T20:43:25.427+0800][6.646s][info ][gc,ergo        ] Free: 1023K, Max: 1023K regular, 0B humongous, Frag: 0% external, 50% internal; Reserve: 0B, Max: 0B
[2024-08-16T20:43:25.427+0800][6.646s][info ][gc,start       ] GC(33) Pause Degenerated GC (Evacuation)
[2024-08-16T20:43:25.427+0800][6.646s][info ][gc,task        ] GC(33) Using 8 of 8 workers for stw degenerated gc
[2024-08-16T20:43:25.427+0800][6.647s][info ][gc             ] GC(33) Cancelling GC: Allocation Failure During Evacuation
[2024-08-16T20:43:25.428+0800][6.648s][info ][gc             ] GC(33) Cannot finish degeneration, upgrading to Full GC
[2024-08-16T20:43:25.431+0800][6.651s][debug][gc,tlab        ] GC(33) TLAB totals: thrds: 1  refills: 1 max: 1 slow allocs: 3 max 3 waste: 80.6% gc: 36888B max: 36888B slow: 0B max: 0B
[2024-08-16T20:43:25.431+0800][6.651s][info ][gc,phases,start] GC(33) Phase 1: Mark live objects
[2024-08-16T20:43:25.431+0800][6.651s][info ][gc,ref         ] GC(33) Clearing All SoftReferences
[2024-08-16T20:43:25.431+0800][6.651s][info ][gc,ref         ] GC(33) Clearing All SoftReferences
[2024-08-16T20:43:25.433+0800][6.653s][info ][gc,ref         ] GC(33) Encountered references: Soft: 67, Weak: 189, Final: 0, Phantom: 1
[2024-08-16T20:43:25.433+0800][6.653s][info ][gc,ref         ] GC(33) Discovered  references: Soft: 46, Weak: 0, Final: 0, Phantom: 1
[2024-08-16T20:43:25.433+0800][6.653s][info ][gc,ref         ] GC(33) Enqueued    references: Soft: 0, Weak: 0, Final: 0, Phantom: 0
[2024-08-16T20:43:25.434+0800][6.653s][debug][gc,phases,start] GC(33) ClassLoaderData
[2024-08-16T20:43:25.434+0800][6.653s][debug][gc,phases      ] GC(33) ClassLoaderData 0.035ms
[2024-08-16T20:43:25.434+0800][6.653s][debug][gc,phases,start] GC(33) Trigger cleanups
[2024-08-16T20:43:25.434+0800][6.653s][debug][gc,phases      ] GC(33) Trigger cleanups 0.060ms
[2024-08-16T20:43:25.434+0800][6.653s][info ][gc,phases      ] GC(33) Phase 1: Mark live objects 2.621ms
[2024-08-16T20:43:25.434+0800][6.654s][info ][gc,phases,start] GC(33) Phase 2: Compute new object addresses
[2024-08-16T20:43:25.436+0800][6.656s][info ][gc,phases      ] GC(33) Phase 2: Compute new object addresses 2.478ms
[2024-08-16T20:43:25.436+0800][6.656s][info ][gc,phases,start] GC(33) Phase 3: Adjust pointers
[2024-08-16T20:43:25.439+0800][6.658s][info ][gc,phases      ] GC(33) Phase 3: Adjust pointers 2.295ms
[2024-08-16T20:43:25.439+0800][6.658s][info ][gc,phases,start] GC(33) Phase 4: Move objects
[2024-08-16T20:43:25.493+0800][6.713s][info ][gc,phases      ] GC(33) Phase 4: Move objects 54.686ms
[2024-08-16T20:43:25.494+0800][6.713s][info ][gc,ergo        ] GC(33) Good progress for free space: 2005M, need 41943K
[2024-08-16T20:43:25.494+0800][6.713s][info ][gc,ergo        ] GC(33) Good progress for used space: 299M, need 2048K
[2024-08-16T20:43:25.494+0800][6.713s][info ][gc             ] GC(33) Pause Degenerated GC (Evacuation) 2184M->1884M(4096M) 66.792ms
[2024-08-16T20:43:25.494+0800][6.713s][debug][gc,ergo        ] GC(33) Margin of error now 2.11
[2024-08-16T20:43:25.494+0800][6.713s][debug][gc,ergo        ] GC(33) Spike threshold now: 1.50
[2024-08-16T20:43:25.494+0800][6.713s][info ][gc,ergo        ] Free: 124M, Max: 2048K regular, 114M humongous, Frag: 5% external, 3% internal; Reserve: 206M, Max: 2048K
[2024-08-16T20:43:25.494+0800][6.714s][info ][gc,stats       ] 
[2024-08-16T20:43:25.494+0800][6.714s][info ][gc,stats       ] All times are wall-clock times, except per-root-class counters, that are sum over
[2024-08-16T20:43:25.494+0800][6.714s][info ][gc,stats       ] all workers. Dividing the <total> over the root stage time estimates parallelism.
[2024-08-16T20:43:25.494+0800][6.714s][info ][gc,stats       ] 
[2024-08-16T20:43:25.494+0800][6.714s][info ][gc,stats       ] Pause Degenerated GC (G)          66964 us
[2024-08-16T20:43:25.494+0800][6.714s][info ][gc,stats       ] Pause Degenerated GC (N)          66823 us
[2024-08-16T20:43:25.494+0800][6.714s][info ][gc,stats       ]   Evacuation                       1522 us
[2024-08-16T20:43:25.494+0800][6.714s][info ][gc,stats       ]   Pre Heap Dump                       1 us
[2024-08-16T20:43:25.494+0800][6.714s][info ][gc,stats       ]   Prepare                          2749 us
[2024-08-16T20:43:25.494+0800][6.714s][info ][gc,stats       ]     Update Roots                    363 us, parallelism: 1.63x
[2024-08-16T20:43:25.494+0800][6.714s][info ][gc,stats       ]       FU: <total>                   591 us
[2024-08-16T20:43:25.494+0800][6.714s][info ][gc,stats       ]       FU: Thread Roots               41 us, workers (us):   0,   1,   9,  28,   2,   0,   0,   0, 
[2024-08-16T20:43:25.494+0800][6.714s][info ][gc,stats       ]       FU: Code Cache Roots          508 us, workers (us): 259, 233,  15,   0,   0,   0,   0,   0, 
[2024-08-16T20:43:25.494+0800][6.714s][info ][gc,stats       ]       FU: VM Strong Roots             3 us, workers (us):   2,   0,   0,   0,   0,   0,   0,   0, 
[2024-08-16T20:43:25.494+0800][6.714s][info ][gc,stats       ]       FU: VM Weak Roots              23 us, workers (us):  11,  10,   1,   1,   0,   0,   0,   0, 
[2024-08-16T20:43:25.494+0800][6.714s][info ][gc,stats       ]       FU: CLDG Roots                 15 us, workers (us):  10,   2,   1,   1,   1,   0,   0,   0, 
[2024-08-16T20:43:25.494+0800][6.714s][info ][gc,stats       ]   Mark                             2614 us, parallelism: 4.55x
[2024-08-16T20:43:25.494+0800][6.714s][info ][gc,stats       ]     FM: <total>                   11892 us
[2024-08-16T20:43:25.494+0800][6.714s][info ][gc,stats       ]     FM: Thread Roots                 30 us, workers (us):  25,   1,   0,   1,   1,   1,   1,   0, 
[2024-08-16T20:43:25.494+0800][6.714s][info ][gc,stats       ]     FM: VM Strong Roots               5 us, workers (us):   3,   0,   2,   0,   0,   0,   0,   0, 
[2024-08-16T20:43:25.494+0800][6.714s][info ][gc,stats       ]     FM: CLDG Roots                   51 us, workers (us):   1,  46,   0,   1,   1,   0,   1,   1, 
[2024-08-16T20:43:25.494+0800][6.714s][info ][gc,stats       ]     FM: Parallel Mark             11805 us, workers (us): 1545, 1499, 1521, 1538, 1517, 1532, 1521, 1132, 
[2024-08-16T20:43:25.494+0800][6.714s][info ][gc,stats       ]     System Purge                    851 us
[2024-08-16T20:43:25.494+0800][6.714s][info ][gc,stats       ]       Weak References               258 us, parallelism: 0.02x
[2024-08-16T20:43:25.494+0800][6.714s][info ][gc,stats       ]         WRP: <total>                  5 us
[2024-08-16T20:43:25.494+0800][6.714s][info ][gc,stats       ]         WRP: Weak References          5 us, workers (us):   3,   2,   0,   0,   0,   0,   0,   0, 
[2024-08-16T20:43:25.494+0800][6.714s][info ][gc,stats       ]       Unload Classes                350 us, parallelism: 1.31x
[2024-08-16T20:43:25.494+0800][6.714s][info ][gc,stats       ]         CU: <total>                 460 us
[2024-08-16T20:43:25.494+0800][6.714s][info ][gc,stats       ]         CU: Unload Code Caches      460 us, workers (us): 145, 130,  81,  54,  34,  16,   0,   0, 
[2024-08-16T20:43:25.494+0800][6.714s][info ][gc,stats       ]       Weak Roots                    240 us, parallelism: 0.12x
[2024-08-16T20:43:25.494+0800][6.714s][info ][gc,stats       ]         WR: <total>                  28 us
[2024-08-16T20:43:25.494+0800][6.714s][info ][gc,stats       ]         WR: VM Weak Roots            28 us, workers (us):  10,   8,   7,   1,   1,   1,   1,   0, 
[2024-08-16T20:43:25.494+0800][6.714s][info ][gc,stats       ]       CLDG                            1 us
[2024-08-16T20:43:25.494+0800][6.714s][info ][gc,stats       ]   Calculate Addresses              2465 us
[2024-08-16T20:43:25.494+0800][6.714s][info ][gc,stats       ]     Regular Objects                2405 us
[2024-08-16T20:43:25.494+0800][6.714s][info ][gc,stats       ]     Humongous Objects                11 us
[2024-08-16T20:43:25.494+0800][6.714s][info ][gc,stats       ]   Adjust Pointers                  2288 us
[2024-08-16T20:43:25.494+0800][6.714s][info ][gc,stats       ]     FA: <total>                     522 us
[2024-08-16T20:43:25.494+0800][6.714s][info ][gc,stats       ]     FA: Thread Roots                 48 us, workers (us):   0,   1,  28,   3,   7,   9,   0,   0, 
[2024-08-16T20:43:25.494+0800][6.714s][info ][gc,stats       ]     FA: Code Cache Roots            440 us, workers (us): 175, 251,  14,   0,   0,   0,   0,   0, 
[2024-08-16T20:43:25.494+0800][6.714s][info ][gc,stats       ]     FA: VM Strong Roots               3 us, workers (us):   2,   0,   0,   0,   0,   0,   0,   0, 
[2024-08-16T20:43:25.494+0800][6.714s][info ][gc,stats       ]     FA: VM Weak Roots                18 us, workers (us):  15,   1,   0,   1,   0,   0,   0,   0, 
[2024-08-16T20:43:25.494+0800][6.714s][info ][gc,stats       ]     FA: CLDG Roots                   13 us, workers (us):  10,   1,   0,   1,   0,   0,   0,   0, 
[2024-08-16T20:43:25.494+0800][6.714s][info ][gc,stats       ]   Copy Objects                    54679 us
[2024-08-16T20:43:25.494+0800][6.714s][info ][gc,stats       ]     Regular Objects               51693 us
[2024-08-16T20:43:25.494+0800][6.714s][info ][gc,stats       ]     Humongous Objects                28 us
[2024-08-16T20:43:25.494+0800][6.714s][info ][gc,stats       ]     Reset Complete Bitmap          2902 us
[2024-08-16T20:43:25.494+0800][6.714s][info ][gc,stats       ]     Rebuild Region Sets              53 us
[2024-08-16T20:43:25.494+0800][6.714s][info ][gc,stats       ]   Post Heap Dump                      1 us
[2024-08-16T20:43:25.494+0800][6.714s][info ][gc,stats       ] Pacing                            72709 us
[2024-08-16T20:43:25.494+0800][6.714s][info ][gc,stats       ] 
[2024-08-16T20:43:25.494+0800][6.714s][info ][gc,stats       ] Allocation pacing accrued:
[2024-08-16T20:43:25.494+0800][6.714s][info ][gc,stats       ]      73 of    69 ms (106.0%): main
[2024-08-16T20:43:25.494+0800][6.714s][info ][gc,stats       ]      73 of    69 ms (106.0%): <total>
[2024-08-16T20:43:25.494+0800][6.714s][info ][gc,stats       ]       7 of    69 ms (  9.6%): <average total>
[2024-08-16T20:43:25.494+0800][6.714s][info ][gc,stats       ]      73 of    69 ms (106.0%): <average non-zero>
[2024-08-16T20:43:25.494+0800][6.714s][info ][gc,stats       ] 
[2024-08-16T20:43:25.494+0800][6.714s][info ][gc,metaspace   ] Metaspace: 824K(960K)->824K(960K) NonClass: 766K(832K)->766K(832K) Class: 58K(128K)->58K(128K)
[2024-08-16T20:43:25.494+0800][6.714s][info ][gc,ergo        ] Pacer for Idle. Initial: 83886K, Alloc Tax Rate: 1.0x
[2024-08-16T20:43:25.495+0800][6.715s][info ][gc             ] Trigger: Free (122M) is below minimum threshold (409M)
[2024-08-16T20:43:25.495+0800][6.715s][info ][gc,ergo        ] Free: 122M, Max: 2048K regular, 114M humongous, Frag: 4% external, 3% internal; Reserve: 206M, Max: 2048K
[2024-08-16T20:43:25.495+0800][6.715s][info ][gc,start       ] GC(34) Concurrent reset
[2024-08-16T20:43:25.495+0800][6.715s][info ][gc,task        ] GC(34) Using 4 of 8 workers for concurrent reset
[2024-08-16T20:43:25.495+0800][6.715s][info ][gc,ergo        ] GC(34) Pacer for Reset. Non-Taxable: 4096M
[2024-08-16T20:43:25.496+0800][6.715s][info ][gc             ] GC(34) Concurrent reset 0.284ms
[2024-08-16T20:43:25.496+0800][6.715s][info ][gc,start       ] GC(34) Pause Init Mark (unload classes)
[2024-08-16T20:43:25.496+0800][6.715s][info ][gc,task        ] GC(34) Using 8 of 8 workers for init marking
[2024-08-16T20:43:25.496+0800][6.715s][info ][gc,ergo        ] GC(34) Pacer for Mark. Expected Live: 2620M, Free: 122M, Non-Taxable: 12595K, Alloc Tax Rate: 26.0x
[2024-08-16T20:43:25.496+0800][6.716s][info ][gc             ] GC(34) Pause Init Mark (unload classes) 0.161ms
[2024-08-16T20:43:25.496+0800][6.716s][info ][gc,start       ] GC(34) Concurrent marking roots
[2024-08-16T20:43:25.496+0800][6.716s][info ][gc,task        ] GC(34) Using 4 of 8 workers for concurrent marking roots
[2024-08-16T20:43:25.496+0800][6.716s][debug][gc,tlab        ] GC(34) TLAB totals: thrds: 1  refills: 1 max: 1 slow allocs: 1 max 1 waste: 83.9% gc: 41992B max: 41992B slow: 0B max: 0B
[2024-08-16T20:43:25.496+0800][6.716s][info ][gc             ] GC(34) Concurrent marking roots 0.261ms
[2024-08-16T20:43:25.496+0800][6.716s][info ][gc,start       ] GC(34) Concurrent marking (unload classes)
[2024-08-16T20:43:25.496+0800][6.716s][info ][gc,task        ] GC(34) Using 4 of 8 workers for concurrent marking
[2024-08-16T20:43:25.497+0800][6.717s][info ][gc             ] GC(34) Concurrent marking (unload classes) 1.109ms
[2024-08-16T20:43:25.498+0800][6.717s][info ][gc,start       ] GC(34) Pause Final Mark (unload classes)
[2024-08-16T20:43:25.498+0800][6.717s][info ][gc,task        ] GC(34) Using 8 of 8 workers for final marking
[2024-08-16T20:43:25.498+0800][6.718s][info ][gc,ergo        ] GC(34) Adaptive CSet Selection. Target Free: 580M, Actual Free: 322M, Max CSet: 170M, Min Garbage: 258M
[2024-08-16T20:43:25.498+0800][6.718s][info ][gc,ergo        ] GC(34) Collectable Garbage: 42032B (100%), Immediate: 0B (0%), CSet: 42032B (100%)
[2024-08-16T20:43:25.498+0800][6.718s][info ][gc,ergo        ] GC(34) Pacer for Evacuation. Used CSet: 170M, Free: 1832M, Non-Taxable: 183M, Alloc Tax Rate: 1.1x
[2024-08-16T20:43:25.498+0800][6.718s][info ][gc             ] GC(34) Pause Final Mark (unload classes) 0.599ms
[2024-08-16T20:43:25.498+0800][6.718s][info ][gc,start       ] GC(34) Concurrent thread roots
[2024-08-16T20:43:25.498+0800][6.718s][info ][gc,task        ] GC(34) Using 4 of 8 workers for Concurrent thread roots
[2024-08-16T20:43:25.498+0800][6.718s][info ][gc             ] GC(34) Concurrent thread roots 0.145ms
[2024-08-16T20:43:25.499+0800][6.718s][info ][gc,start       ] GC(34) Concurrent weak references
[2024-08-16T20:43:25.499+0800][6.718s][info ][gc,task        ] GC(34) Using 4 of 8 workers for concurrent weak references
[2024-08-16T20:43:25.499+0800][6.718s][info ][gc,ref         ] GC(34) Encountered references: Soft: 67, Weak: 189, Final: 0, Phantom: 1
[2024-08-16T20:43:25.499+0800][6.718s][info ][gc,ref         ] GC(34) Discovered  references: Soft: 0, Weak: 49, Final: 0, Phantom: 1
[2024-08-16T20:43:25.499+0800][6.718s][info ][gc,ref         ] GC(34) Enqueued    references: Soft: 0, Weak: 0, Final: 0, Phantom: 0
[2024-08-16T20:43:25.499+0800][6.718s][info ][gc             ] GC(34) Concurrent weak references 0.076ms
[2024-08-16T20:43:25.499+0800][6.718s][info ][gc,start       ] GC(34) Concurrent weak roots
[2024-08-16T20:43:25.499+0800][6.718s][info ][gc,task        ] GC(34) Using 4 of 8 workers for concurrent weak root
[2024-08-16T20:43:25.499+0800][6.719s][info ][gc             ] GC(34) Concurrent weak roots 0.381ms
[2024-08-16T20:43:25.499+0800][6.719s][info ][gc,start       ] GC(34) Concurrent cleanup
[2024-08-16T20:43:25.499+0800][6.719s][info ][gc             ] GC(34) Concurrent cleanup 1888M->1888M(4096M) 0.105ms
[2024-08-16T20:43:25.499+0800][6.719s][info ][gc,ergo        ] GC(34) Free: 118M, Max: 2048K regular, 114M humongous, Frag: 0% external, 4% internal; Reserve: 205M, Max: 2048K
[2024-08-16T20:43:25.499+0800][6.719s][info ][gc,start       ] GC(34) Concurrent class unloading
[2024-08-16T20:43:25.499+0800][6.719s][info ][gc,task        ] GC(34) Using 4 of 8 workers for concurrent class unloading
[2024-08-16T20:43:25.499+0800][6.719s][debug][gc,phases,start] GC(34) ClassLoaderData
[2024-08-16T20:43:25.499+0800][6.719s][debug][gc,phases      ] GC(34) ClassLoaderData 0.007ms
[2024-08-16T20:43:25.499+0800][6.719s][debug][gc,phases,start] GC(34) Trigger cleanups
[2024-08-16T20:43:25.499+0800][6.719s][debug][gc,phases      ] GC(34) Trigger cleanups 0.006ms
[2024-08-16T20:43:25.500+0800][6.719s][info ][gc             ] GC(34) Concurrent class unloading 0.440ms
[2024-08-16T20:43:25.500+0800][6.719s][info ][gc,start       ] GC(34) Concurrent strong roots
[2024-08-16T20:43:25.500+0800][6.719s][info ][gc,task        ] GC(34) Using 4 of 8 workers for concurrent strong root
[2024-08-16T20:43:25.500+0800][6.720s][info ][gc             ] GC(34) Concurrent strong roots 0.187ms
[2024-08-16T20:43:25.500+0800][6.720s][info ][gc,start       ] GC(34) Concurrent evacuation
[2024-08-16T20:43:25.500+0800][6.720s][info ][gc,task        ] GC(34) Using 4 of 8 workers for concurrent evacuation
[2024-08-16T20:43:25.515+0800][6.735s][info ][gc             ] GC(34) Failed to allocate 1024K for evacuation
[2024-08-16T20:43:25.515+0800][6.735s][info ][gc             ] GC(34) Cancelling GC: Allocation Failure During Evacuation
[2024-08-16T20:43:25.516+0800][6.736s][info ][gc             ] GC(34) Concurrent evacuation 16.441ms
[2024-08-16T20:43:25.516+0800][6.736s][info ][gc,ergo        ] Free: 1023K, Max: 1023K regular, 0B humongous, Frag: 0% external, 50% internal; Reserve: 0B, Max: 0B
[2024-08-16T20:43:25.516+0800][6.736s][info ][gc,stats       ] 
[2024-08-16T20:43:25.516+0800][6.736s][info ][gc,stats       ] All times are wall-clock times, except per-root-class counters, that are sum over
[2024-08-16T20:43:25.516+0800][6.736s][info ][gc,stats       ] all workers. Dividing the <total> over the root stage time estimates parallelism.
[2024-08-16T20:43:25.516+0800][6.736s][info ][gc,stats       ] 
[2024-08-16T20:43:25.516+0800][6.736s][info ][gc,stats       ] Concurrent Reset                    319 us
[2024-08-16T20:43:25.516+0800][6.736s][info ][gc,stats       ] Pause Init Mark (G)                 355 us
[2024-08-16T20:43:25.516+0800][6.736s][info ][gc,stats       ] Pause Init Mark (N)                 188 us
[2024-08-16T20:43:25.516+0800][6.736s][info ][gc,stats       ]   Update Region States              112 us
[2024-08-16T20:43:25.516+0800][6.736s][info ][gc,stats       ] Concurrent Mark Roots               297 us, parallelism: 0.78x
[2024-08-16T20:43:25.516+0800][6.736s][info ][gc,stats       ]   CMR: <total>                      233 us
[2024-08-16T20:43:25.516+0800][6.736s][info ][gc,stats       ]   CMR: Thread Roots                 202 us, workers (us):  55,  66,  35,  46, ---, ---, ---, ---, 
[2024-08-16T20:43:25.516+0800][6.736s][info ][gc,stats       ]   CMR: VM Strong Roots                5 us, workers (us):   4,   0,   0,   0, ---, ---, ---, ---, 
[2024-08-16T20:43:25.516+0800][6.736s][info ][gc,stats       ]   CMR: CLDG Roots                    26 us, workers (us):  24,   2, ---, ---, ---, ---, ---, ---, 
[2024-08-16T20:43:25.516+0800][6.736s][info ][gc,stats       ] Concurrent Marking                 1157 us
[2024-08-16T20:43:25.516+0800][6.736s][info ][gc,stats       ] Pause Final Mark (G)                805 us
[2024-08-16T20:43:25.516+0800][6.736s][info ][gc,stats       ] Pause Final Mark (N)                626 us
[2024-08-16T20:43:25.516+0800][6.736s][info ][gc,stats       ]   Finish Mark                       333 us
[2024-08-16T20:43:25.516+0800][6.736s][info ][gc,stats       ]   Update Region States               95 us
[2024-08-16T20:43:25.517+0800][6.736s][info ][gc,stats       ]   Choose Collection Set             126 us
[2024-08-16T20:43:25.517+0800][6.736s][info ][gc,stats       ]   Rebuild Free Set                   10 us
[2024-08-16T20:43:25.517+0800][6.736s][info ][gc,stats       ] Concurrent Thread Roots             212 us, parallelism: 0.45x
[2024-08-16T20:43:25.517+0800][6.736s][info ][gc,stats       ]   CTR: <total>                       97 us
[2024-08-16T20:43:25.517+0800][6.736s][info ][gc,stats       ]   CTR: Thread Roots                  97 us, workers (us):  60,  32,   4,   0, ---, ---, ---, ---, 
[2024-08-16T20:43:25.517+0800][6.736s][info ][gc,stats       ] Concurrent Weak References           98 us, parallelism: 0.03x
[2024-08-16T20:43:25.517+0800][6.736s][info ][gc,stats       ]   CWRF: <total>                       3 us
[2024-08-16T20:43:25.517+0800][6.736s][info ][gc,stats       ]   CWRF: Weak References               3 us, workers (us):   2,   0,   0,   0, ---, ---, ---, ---, 
[2024-08-16T20:43:25.517+0800][6.736s][info ][gc,stats       ] Concurrent Weak Roots               432 us
[2024-08-16T20:43:25.517+0800][6.736s][info ][gc,stats       ]   Roots                             231 us, parallelism: 0.81x
[2024-08-16T20:43:25.517+0800][6.736s][info ][gc,stats       ]     CWR: <total>                    187 us
[2024-08-16T20:43:25.517+0800][6.736s][info ][gc,stats       ]     CWR: Code Cache Roots           158 us, workers (us):  70,  88,   0,   0, ---, ---, ---, ---, 
[2024-08-16T20:43:25.517+0800][6.736s][info ][gc,stats       ]     CWR: VM Weak Roots               27 us, workers (us):  20,   7,   1,   0, ---, ---, ---, ---, 
[2024-08-16T20:43:25.517+0800][6.736s][info ][gc,stats       ]     CWR: CLDG Roots                   1 us, workers (us):   1, ---, ---, ---, ---, ---, ---, ---, 
[2024-08-16T20:43:25.517+0800][6.736s][info ][gc,stats       ]   Rendezvous                        135 us
[2024-08-16T20:43:25.517+0800][6.736s][info ][gc,stats       ] Concurrent Cleanup                  157 us
[2024-08-16T20:43:25.517+0800][6.736s][info ][gc,stats       ] Concurrent Class Unloading          472 us
[2024-08-16T20:43:25.517+0800][6.736s][info ][gc,stats       ]   Unlink Stale                      287 us
[2024-08-16T20:43:25.517+0800][6.736s][info ][gc,stats       ]     System Dictionary                26 us
[2024-08-16T20:43:25.517+0800][6.736s][info ][gc,stats       ]     Weak Class Links                  1 us
[2024-08-16T20:43:25.517+0800][6.736s][info ][gc,stats       ]     Code Roots                      260 us
[2024-08-16T20:43:25.517+0800][6.736s][info ][gc,stats       ]   Rendezvous                         73 us
[2024-08-16T20:43:25.517+0800][6.736s][info ][gc,stats       ]   Purge Unlinked                     65 us
[2024-08-16T20:43:25.517+0800][6.736s][info ][gc,stats       ]     Code Roots                       49 us
[2024-08-16T20:43:25.517+0800][6.736s][info ][gc,stats       ]     CLDG                             15 us
[2024-08-16T20:43:25.517+0800][6.736s][info ][gc,stats       ]     Exception Caches                  0 us
[2024-08-16T20:43:25.517+0800][6.736s][info ][gc,stats       ] Concurrent Strong Roots             217 us, parallelism: 0.06x
[2024-08-16T20:43:25.517+0800][6.736s][info ][gc,stats       ]   CSR: <total>                       13 us
[2024-08-16T20:43:25.517+0800][6.736s][info ][gc,stats       ]   CSR: VM Strong Roots                2 us, workers (us):   1,   0,   0,   0, ---, ---, ---, ---, 
[2024-08-16T20:43:25.517+0800][6.736s][info ][gc,stats       ]   CSR: CLDG Roots                    11 us, workers (us):  11, ---, ---, ---, ---, ---, ---, ---, 
[2024-08-16T20:43:25.517+0800][6.736s][info ][gc,stats       ] Concurrent Evacuation             16496 us
[2024-08-16T20:43:25.517+0800][6.736s][info ][gc,stats       ] Pacing                            11096 us
[2024-08-16T20:43:25.517+0800][6.736s][info ][gc,stats       ] 
[2024-08-16T20:43:25.517+0800][6.736s][info ][gc,stats       ] Allocation pacing accrued:
[2024-08-16T20:43:25.517+0800][6.736s][info ][gc,stats       ]      11 of    22 ms ( 49.3%): main
[2024-08-16T20:43:25.517+0800][6.736s][info ][gc,stats       ]      11 of    22 ms ( 49.3%): <total>
[2024-08-16T20:43:25.517+0800][6.736s][info ][gc,stats       ]       1 of    22 ms (  4.5%): <average total>
[2024-08-16T20:43:25.517+0800][6.736s][info ][gc,stats       ]      11 of    22 ms ( 49.3%): <average non-zero>
[2024-08-16T20:43:25.517+0800][6.736s][info ][gc,stats       ] 
[2024-08-16T20:43:25.517+0800][6.736s][info ][gc,metaspace   ] Metaspace: 824K(960K)->824K(960K) NonClass: 766K(832K)->766K(832K) Class: 58K(128K)->58K(128K)
[2024-08-16T20:43:25.517+0800][6.736s][info ][gc,ergo        ] Pacer for Idle. Initial: 83886K, Alloc Tax Rate: 1.0x
[2024-08-16T20:43:25.518+0800][6.737s][info ][gc             ] Trigger: Handle Allocation Failure
[2024-08-16T20:43:25.518+0800][6.737s][info ][gc,ergo        ] Free: 1023K, Max: 1023K regular, 0B humongous, Frag: 0% external, 50% internal; Reserve: 0B, Max: 0B
[2024-08-16T20:43:25.518+0800][6.737s][info ][gc,start       ] GC(35) Pause Degenerated GC (Evacuation)
[2024-08-16T20:43:25.518+0800][6.737s][info ][gc,task        ] GC(35) Using 8 of 8 workers for stw degenerated gc
[2024-08-16T20:43:25.518+0800][6.738s][info ][gc             ] GC(35) Cancelling GC: Allocation Failure During Evacuation
[2024-08-16T20:43:25.519+0800][6.739s][info ][gc             ] GC(35) Cannot finish degeneration, upgrading to Full GC
[2024-08-16T20:43:25.522+0800][6.742s][debug][gc,tlab        ] GC(35) TLAB totals: thrds: 1  refills: 1 max: 1 slow allocs: 3 max 3 waste: 69.4% gc: 28744B max: 28744B slow: 0B max: 0B
[2024-08-16T20:43:25.522+0800][6.742s][info ][gc,phases,start] GC(35) Phase 1: Mark live objects
[2024-08-16T20:43:25.522+0800][6.742s][info ][gc,ref         ] GC(35) Clearing All SoftReferences
[2024-08-16T20:43:25.522+0800][6.742s][info ][gc,ref         ] GC(35) Clearing All SoftReferences
[2024-08-16T20:43:25.523+0800][6.742s][info ][gc,ref         ] GC(35) Encountered references: Soft: 67, Weak: 189, Final: 0, Phantom: 1
[2024-08-16T20:43:25.523+0800][6.742s][info ][gc,ref         ] GC(35) Discovered  references: Soft: 48, Weak: 0, Final: 0, Phantom: 1
[2024-08-16T20:43:25.523+0800][6.742s][info ][gc,ref         ] GC(35) Enqueued    references: Soft: 0, Weak: 0, Final: 0, Phantom: 0
[2024-08-16T20:43:25.523+0800][6.743s][debug][gc,phases,start] GC(35) ClassLoaderData
[2024-08-16T20:43:25.523+0800][6.743s][debug][gc,phases      ] GC(35) ClassLoaderData 0.011ms
[2024-08-16T20:43:25.523+0800][6.743s][debug][gc,phases,start] GC(35) Trigger cleanups
[2024-08-16T20:43:25.523+0800][6.743s][debug][gc,phases      ] GC(35) Trigger cleanups 0.006ms
[2024-08-16T20:43:25.523+0800][6.743s][info ][gc,phases      ] GC(35) Phase 1: Mark live objects 1.145ms
[2024-08-16T20:43:25.523+0800][6.743s][info ][gc,phases,start] GC(35) Phase 2: Compute new object addresses
[2024-08-16T20:43:25.525+0800][6.745s][info ][gc,phases      ] GC(35) Phase 2: Compute new object addresses 1.853ms
[2024-08-16T20:43:25.525+0800][6.745s][info ][gc,phases,start] GC(35) Phase 3: Adjust pointers
[2024-08-16T20:43:25.527+0800][6.747s][info ][gc,phases      ] GC(35) Phase 3: Adjust pointers 1.980ms
[2024-08-16T20:43:25.527+0800][6.747s][info ][gc,phases,start] GC(35) Phase 4: Move objects
[2024-08-16T20:43:25.581+0800][6.801s][info ][gc,phases      ] GC(35) Phase 4: Move objects 54.207ms
[2024-08-16T20:43:25.582+0800][6.801s][info ][gc,ergo        ] GC(35) Good progress for free space: 2000M, need 41943K
[2024-08-16T20:43:25.582+0800][6.801s][info ][gc,ergo        ] GC(35) Good progress for used space: 278M, need 2048K
[2024-08-16T20:43:25.582+0800][6.801s][info ][gc             ] GC(35) Pause Degenerated GC (Evacuation) 2167M->1889M(4096M) 63.798ms
[2024-08-16T20:43:25.582+0800][6.801s][debug][gc,ergo        ] GC(35) Margin of error now 2.21
[2024-08-16T20:43:25.582+0800][6.801s][debug][gc,ergo        ] GC(35) Spike threshold now: 1.40
[2024-08-16T20:43:25.582+0800][6.801s][info ][gc,ergo        ] Free: 115M, Max: 2048K regular, 110M humongous, Frag: 0% external, 4% internal; Reserve: 206M, Max: 2048K
[2024-08-16T20:43:25.582+0800][6.801s][info ][gc,stats       ] 
[2024-08-16T20:43:25.582+0800][6.801s][info ][gc,stats       ] All times are wall-clock times, except per-root-class counters, that are sum over
[2024-08-16T20:43:25.582+0800][6.801s][info ][gc,stats       ] all workers. Dividing the <total> over the root stage time estimates parallelism.
[2024-08-16T20:43:25.582+0800][6.801s][info ][gc,stats       ] 
[2024-08-16T20:43:25.582+0800][6.802s][info ][gc,stats       ] Pause Degenerated GC (G)          63982 us
[2024-08-16T20:43:25.582+0800][6.802s][info ][gc,stats       ] Pause Degenerated GC (N)          63836 us
[2024-08-16T20:43:25.582+0800][6.802s][info ][gc,stats       ]   Evacuation                       1449 us
[2024-08-16T20:43:25.582+0800][6.802s][info ][gc,stats       ]   Pre Heap Dump                       1 us
[2024-08-16T20:43:25.582+0800][6.802s][info ][gc,stats       ]   Prepare                          2671 us
[2024-08-16T20:43:25.582+0800][6.802s][info ][gc,stats       ]     Update Roots                    277 us, parallelism: 1.65x
[2024-08-16T20:43:25.582+0800][6.802s][info ][gc,stats       ]       FU: <total>                   457 us
[2024-08-16T20:43:25.582+0800][6.802s][info ][gc,stats       ]       FU: Thread Roots               28 us, workers (us):  12,   0,   0,  15,   0,   0,   0,   0, 
[2024-08-16T20:43:25.582+0800][6.802s][info ][gc,stats       ]       FU: Code Cache Roots          395 us, workers (us):  11, 186, 197,   0,   0,   0,   0,   0, 
[2024-08-16T20:43:25.582+0800][6.802s][info ][gc,stats       ]       FU: VM Strong Roots             2 us, workers (us):   1,   0,   0,   0,   0,   0,   0,   0, 
[2024-08-16T20:43:25.582+0800][6.802s][info ][gc,stats       ]       FU: VM Weak Roots              21 us, workers (us):  14,   5,   1,   0,   0,   0,   0,   0, 
[2024-08-16T20:43:25.582+0800][6.802s][info ][gc,stats       ]       FU: CLDG Roots                 12 us, workers (us):   8,   2,   1,   0,   0,   0,   0,   0, 
[2024-08-16T20:43:25.582+0800][6.802s][info ][gc,stats       ]   Mark                             1136 us, parallelism: 3.07x
[2024-08-16T20:43:25.582+0800][6.802s][info ][gc,stats       ]     FM: <total>                    3485 us
[2024-08-16T20:43:25.582+0800][6.802s][info ][gc,stats       ]     FM: Thread Roots                 31 us, workers (us):  16,  10,   0,   1,   1,   1,   1,   1, 
[2024-08-16T20:43:25.582+0800][6.802s][info ][gc,stats       ]     FM: VM Strong Roots               3 us, workers (us):   0,   2,   1,   0,   0,   0,   0,   0, 
[2024-08-16T20:43:25.582+0800][6.802s][info ][gc,stats       ]     FM: CLDG Roots                   28 us, workers (us):  22,   1,   0,   1,   1,   1,   1,   1, 
[2024-08-16T20:43:25.582+0800][6.802s][info ][gc,stats       ]     FM: Parallel Mark              3422 us, workers (us): 481, 483, 471, 403, 398, 391, 405, 391, 
[2024-08-16T20:43:25.582+0800][6.802s][info ][gc,stats       ]     System Purge                    517 us
[2024-08-16T20:43:25.582+0800][6.802s][info ][gc,stats       ]       Weak References               155 us, parallelism: 0.02x
[2024-08-16T20:43:25.582+0800][6.802s][info ][gc,stats       ]         WRP: <total>                  4 us
[2024-08-16T20:43:25.582+0800][6.802s][info ][gc,stats       ]         WRP: Weak References          4 us, workers (us):   3,   0,   0,   0,   0,   0,   0,   0, 
[2024-08-16T20:43:25.582+0800][6.802s][info ][gc,stats       ]       Unload Classes                243 us, parallelism: 1.98x
[2024-08-16T20:43:25.582+0800][6.802s][info ][gc,stats       ]         CU: <total>                 481 us
[2024-08-16T20:43:25.582+0800][6.802s][info ][gc,stats       ]         CU: Unload Code Caches      481 us, workers (us): 122, 106,  56,  52,  51,  43,  38,  13, 
[2024-08-16T20:43:25.582+0800][6.802s][info ][gc,stats       ]       Weak Roots                    117 us, parallelism: 0.21x
[2024-08-16T20:43:25.582+0800][6.802s][info ][gc,stats       ]         WR: <total>                  24 us
[2024-08-16T20:43:25.582+0800][6.802s][info ][gc,stats       ]         WR: VM Weak Roots            24 us, workers (us):  19,   2,   0,   0,   1,   0,   1,   0, 
[2024-08-16T20:43:25.582+0800][6.802s][info ][gc,stats       ]       CLDG                            1 us
[2024-08-16T20:43:25.582+0800][6.802s][info ][gc,stats       ]   Calculate Addresses              1848 us
[2024-08-16T20:43:25.582+0800][6.802s][info ][gc,stats       ]     Regular Objects                1811 us
[2024-08-16T20:43:25.582+0800][6.802s][info ][gc,stats       ]     Humongous Objects                10 us
[2024-08-16T20:43:25.582+0800][6.802s][info ][gc,stats       ]   Adjust Pointers                  1961 us
[2024-08-16T20:43:25.582+0800][6.802s][info ][gc,stats       ]     FA: <total>                     439 us
[2024-08-16T20:43:25.582+0800][6.802s][info ][gc,stats       ]     FA: Thread Roots                 22 us, workers (us):   1,  13,   1,   8,   0,   0,   0,   0, 
[2024-08-16T20:43:25.582+0800][6.802s][info ][gc,stats       ]     FA: Code Cache Roots            375 us, workers (us): 189,  12, 174,   0,   0,   0,   0,   0, 
[2024-08-16T20:43:25.582+0800][6.802s][info ][gc,stats       ]     FA: VM Strong Roots               3 us, workers (us):   2,   0,   0,   0,   0,   0,   0,   0, 
[2024-08-16T20:43:25.582+0800][6.802s][info ][gc,stats       ]     FA: VM Weak Roots                23 us, workers (us):  13,   8,   0,   1,   0,   0,   0,   0, 
[2024-08-16T20:43:25.582+0800][6.802s][info ][gc,stats       ]     FA: CLDG Roots                   16 us, workers (us):   2,  12,   1,   1,   0,   0,   0,   0, 
[2024-08-16T20:43:25.582+0800][6.802s][info ][gc,stats       ]   Copy Objects                    54200 us
[2024-08-16T20:43:25.582+0800][6.802s][info ][gc,stats       ]     Regular Objects               51102 us
[2024-08-16T20:43:25.582+0800][6.802s][info ][gc,stats       ]     Humongous Objects                18 us
[2024-08-16T20:43:25.582+0800][6.802s][info ][gc,stats       ]     Reset Complete Bitmap          2999 us
[2024-08-16T20:43:25.582+0800][6.802s][info ][gc,stats       ]     Rebuild Region Sets              76 us
[2024-08-16T20:43:25.582+0800][6.802s][info ][gc,stats       ]   Post Heap Dump                      1 us
[2024-08-16T20:43:25.582+0800][6.802s][info ][gc,stats       ] Pacing                            69806 us
[2024-08-16T20:43:25.582+0800][6.802s][info ][gc,stats       ] 
[2024-08-16T20:43:25.582+0800][6.802s][info ][gc,stats       ] Allocation pacing accrued:
[2024-08-16T20:43:25.582+0800][6.802s][info ][gc,stats       ]      70 of    66 ms (106.5%): main
[2024-08-16T20:43:25.582+0800][6.802s][info ][gc,stats       ]      70 of    66 ms (106.5%): <total>
[2024-08-16T20:43:25.582+0800][6.802s][info ][gc,stats       ]       6 of    66 ms (  9.7%): <average total>
[2024-08-16T20:43:25.582+0800][6.802s][info ][gc,stats       ]      70 of    66 ms (106.5%): <average non-zero>
[2024-08-16T20:43:25.582+0800][6.802s][info ][gc,stats       ] 
[2024-08-16T20:43:25.582+0800][6.802s][info ][gc,metaspace   ] Metaspace: 824K(960K)->824K(960K) NonClass: 766K(832K)->766K(832K) Class: 58K(128K)->58K(128K)
[2024-08-16T20:43:25.582+0800][6.802s][info ][gc,ergo        ] Pacer for Idle. Initial: 83886K, Alloc Tax Rate: 1.0x
[2024-08-16T20:43:25.583+0800][6.803s][info ][gc             ] Trigger: Free (108M) is below minimum threshold (409M)
[2024-08-16T20:43:25.583+0800][6.803s][info ][gc,ergo        ] Free: 108M, Max: 2048K regular, 108M humongous, Frag: 0% external, 0% internal; Reserve: 206M, Max: 2048K
[2024-08-16T20:43:25.583+0800][6.803s][info ][gc,start       ] GC(36) Concurrent reset
[2024-08-16T20:43:25.584+0800][6.803s][info ][gc,task        ] GC(36) Using 4 of 8 workers for concurrent reset
[2024-08-16T20:43:25.584+0800][6.803s][info ][gc,ergo        ] GC(36) Pacer for Reset. Non-Taxable: 4096M
[2024-08-16T20:43:25.584+0800][6.804s][info ][gc             ] GC(36) Concurrent reset 0.448ms
[2024-08-16T20:43:25.584+0800][6.804s][info ][gc,start       ] GC(36) Pause Init Mark (unload classes)
[2024-08-16T20:43:25.584+0800][6.804s][info ][gc,task        ] GC(36) Using 8 of 8 workers for init marking
[2024-08-16T20:43:25.584+0800][6.804s][info ][gc,ergo        ] GC(36) Pacer for Mark. Expected Live: 3005M, Free: 108M, Non-Taxable: 11161K, Alloc Tax Rate: 33.7x
[2024-08-16T20:43:25.584+0800][6.804s][info ][gc             ] GC(36) Pause Init Mark (unload classes) 0.258ms
[2024-08-16T20:43:25.584+0800][6.804s][info ][gc,start       ] GC(36) Concurrent marking roots
[2024-08-16T20:43:25.584+0800][6.804s][info ][gc,task        ] GC(36) Using 4 of 8 workers for concurrent marking roots
[2024-08-16T20:43:25.584+0800][6.804s][debug][gc,tlab        ] GC(36) TLAB totals: thrds: 1  refills: 1 max: 1 slow allocs: 1 max 1 waste: 89.9% gc: 37536B max: 37536B slow: 0B max: 0B
[2024-08-16T20:43:25.585+0800][6.804s][info ][gc             ] GC(36) Concurrent marking roots 0.265ms
[2024-08-16T20:43:25.585+0800][6.804s][info ][gc,start       ] GC(36) Concurrent marking (unload classes)
[2024-08-16T20:43:25.585+0800][6.804s][info ][gc,task        ] GC(36) Using 4 of 8 workers for concurrent marking
[2024-08-16T20:43:25.586+0800][6.806s][info ][gc             ] GC(36) Concurrent marking (unload classes) 1.139ms
[2024-08-16T20:43:25.586+0800][6.806s][info ][gc,start       ] GC(36) Pause Final Mark (unload classes)
[2024-08-16T20:43:25.586+0800][6.806s][info ][gc,task        ] GC(36) Using 8 of 8 workers for final marking
[2024-08-16T20:43:25.586+0800][6.806s][info ][gc,ergo        ] GC(36) Adaptive CSet Selection. Target Free: 580M, Actual Free: 310M, Max CSet: 170M, Min Garbage: 270M
[2024-08-16T20:43:25.587+0800][6.806s][info ][gc,ergo        ] GC(36) Collectable Garbage: 41576B (100%), Immediate: 0B (0%), CSet: 41576B (100%)
[2024-08-16T20:43:25.587+0800][6.806s][info ][gc,ergo        ] GC(36) Pacer for Evacuation. Used CSet: 170M, Free: 1826M, Non-Taxable: 182M, Alloc Tax Rate: 1.1x
[2024-08-16T20:43:25.587+0800][6.806s][info ][gc             ] GC(36) Pause Final Mark (unload classes) 0.519ms
[2024-08-16T20:43:25.587+0800][6.806s][info ][gc,start       ] GC(36) Concurrent thread roots
[2024-08-16T20:43:25.587+0800][6.806s][info ][gc,task        ] GC(36) Using 4 of 8 workers for Concurrent thread roots
[2024-08-16T20:43:25.587+0800][6.806s][info ][gc             ] GC(36) Concurrent thread roots 0.132ms
[2024-08-16T20:43:25.587+0800][6.806s][info ][gc,start       ] GC(36) Concurrent weak references
[2024-08-16T20:43:25.587+0800][6.806s][info ][gc,task        ] GC(36) Using 4 of 8 workers for concurrent weak references
[2024-08-16T20:43:25.587+0800][6.807s][info ][gc,ref         ] GC(36) Encountered references: Soft: 67, Weak: 189, Final: 0, Phantom: 1
[2024-08-16T20:43:25.587+0800][6.807s][info ][gc,ref         ] GC(36) Discovered  references: Soft: 0, Weak: 15, Final: 0, Phantom: 1
[2024-08-16T20:43:25.587+0800][6.807s][info ][gc,ref         ] GC(36) Enqueued    references: Soft: 0, Weak: 0, Final: 0, Phantom: 0
[2024-08-16T20:43:25.587+0800][6.807s][info ][gc             ] GC(36) Concurrent weak references 0.087ms
[2024-08-16T20:43:25.587+0800][6.807s][info ][gc,start       ] GC(36) Concurrent weak roots
[2024-08-16T20:43:25.587+0800][6.807s][info ][gc,task        ] GC(36) Using 4 of 8 workers for concurrent weak root
[2024-08-16T20:43:25.587+0800][6.807s][info ][gc             ] GC(36) Concurrent weak roots 0.204ms
[2024-08-16T20:43:25.587+0800][6.807s][info ][gc,start       ] GC(36) Concurrent cleanup
[2024-08-16T20:43:25.587+0800][6.807s][info ][gc             ] GC(36) Concurrent cleanup 1893M->1893M(4096M) 0.090ms
[2024-08-16T20:43:25.587+0800][6.807s][info ][gc,ergo        ] GC(36) Free: 1826M, Max: 2048K regular, 104M humongous, Frag: 0% external, 48% internal; Reserve: 205M, Max: 2048K
[2024-08-16T20:43:25.587+0800][6.807s][info ][gc,start       ] GC(36) Concurrent class unloading
[2024-08-16T20:43:25.587+0800][6.807s][info ][gc,task        ] GC(36) Using 4 of 8 workers for concurrent class unloading
[2024-08-16T20:43:25.587+0800][6.807s][debug][gc,phases,start] GC(36) ClassLoaderData
[2024-08-16T20:43:25.587+0800][6.807s][debug][gc,phases      ] GC(36) ClassLoaderData 0.007ms
[2024-08-16T20:43:25.587+0800][6.807s][debug][gc,phases,start] GC(36) Trigger cleanups
[2024-08-16T20:43:25.587+0800][6.807s][debug][gc,phases      ] GC(36) Trigger cleanups 0.005ms
[2024-08-16T20:43:25.588+0800][6.807s][info ][gc             ] GC(36) Concurrent class unloading 0.508ms
[2024-08-16T20:43:25.588+0800][6.808s][info ][gc,start       ] GC(36) Concurrent strong roots
[2024-08-16T20:43:25.588+0800][6.808s][info ][gc,task        ] GC(36) Using 4 of 8 workers for concurrent strong root
[2024-08-16T20:43:25.588+0800][6.808s][info ][gc             ] GC(36) Concurrent strong roots 0.075ms
[2024-08-16T20:43:25.588+0800][6.808s][info ][gc,start       ] GC(36) Concurrent evacuation
[2024-08-16T20:43:25.588+0800][6.808s][info ][gc,task        ] GC(36) Using 4 of 8 workers for concurrent evacuation
[2024-08-16T20:43:25.602+0800][6.822s][info ][gc             ] GC(36) Failed to allocate 1024K for evacuation
[2024-08-16T20:43:25.602+0800][6.822s][info ][gc             ] GC(36) Cancelling GC: Allocation Failure During Evacuation
[2024-08-16T20:43:25.603+0800][6.823s][info ][gc             ] GC(36) Concurrent evacuation 15.361ms
[2024-08-16T20:43:25.603+0800][6.823s][info ][gc,ergo        ] Free: 1023K, Max: 1023K regular, 0B humongous, Frag: 0% external, 50% internal; Reserve: 0B, Max: 0B
[2024-08-16T20:43:25.603+0800][6.823s][info ][gc,stats       ] 
[2024-08-16T20:43:25.603+0800][6.823s][info ][gc,stats       ] All times are wall-clock times, except per-root-class counters, that are sum over
[2024-08-16T20:43:25.603+0800][6.823s][info ][gc,stats       ] all workers. Dividing the <total> over the root stage time estimates parallelism.
[2024-08-16T20:43:25.603+0800][6.823s][info ][gc,stats       ] 
[2024-08-16T20:43:25.603+0800][6.823s][info ][gc,stats       ] Concurrent Reset                    506 us
[2024-08-16T20:43:25.603+0800][6.823s][info ][gc,stats       ] Pause Init Mark (G)                 426 us
[2024-08-16T20:43:25.603+0800][6.823s][info ][gc,stats       ] Pause Init Mark (N)                 311 us
[2024-08-16T20:43:25.603+0800][6.823s][info ][gc,stats       ]   Update Region States              191 us
[2024-08-16T20:43:25.603+0800][6.823s][info ][gc,stats       ] Concurrent Mark Roots               316 us, parallelism: 0.55x
[2024-08-16T20:43:25.603+0800][6.823s][info ][gc,stats       ]   CMR: <total>                      174 us
[2024-08-16T20:43:25.603+0800][6.823s][info ][gc,stats       ]   CMR: Thread Roots                 116 us, workers (us):  33,  82,   0,   0, ---, ---, ---, ---, 
[2024-08-16T20:43:25.603+0800][6.823s][info ][gc,stats       ]   CMR: VM Strong Roots                4 us, workers (us):   3,   0,   0,   0, ---, ---, ---, ---, 
[2024-08-16T20:43:25.603+0800][6.823s][info ][gc,stats       ]   CMR: CLDG Roots                    54 us, workers (us):  53,   1, ---, ---, ---, ---, ---, ---, 
[2024-08-16T20:43:25.603+0800][6.823s][info ][gc,stats       ] Concurrent Marking                 1176 us
[2024-08-16T20:43:25.603+0800][6.823s][info ][gc,stats       ] Pause Final Mark (G)                764 us
[2024-08-16T20:43:25.604+0800][6.823s][info ][gc,stats       ] Pause Final Mark (N)                569 us
[2024-08-16T20:43:25.604+0800][6.823s][info ][gc,stats       ]   Finish Mark                       271 us
[2024-08-16T20:43:25.604+0800][6.823s][info ][gc,stats       ]   Update Region States               95 us
[2024-08-16T20:43:25.604+0800][6.823s][info ][gc,stats       ]   Choose Collection Set             114 us
[2024-08-16T20:43:25.604+0800][6.823s][info ][gc,stats       ]   Rebuild Free Set                    9 us
[2024-08-16T20:43:25.604+0800][6.823s][info ][gc,stats       ] Concurrent Thread Roots             175 us, parallelism: 0.56x
[2024-08-16T20:43:25.604+0800][6.823s][info ][gc,stats       ]   CTR: <total>                       98 us
[2024-08-16T20:43:25.604+0800][6.823s][info ][gc,stats       ]   CTR: Thread Roots                  98 us, workers (us):  27,  32,  38,   0, ---, ---, ---, ---, 
[2024-08-16T20:43:25.604+0800][6.823s][info ][gc,stats       ] Concurrent Weak References          123 us, parallelism: 0.02x
[2024-08-16T20:43:25.604+0800][6.823s][info ][gc,stats       ]   CWRF: <total>                       2 us
[2024-08-16T20:43:25.604+0800][6.823s][info ][gc,stats       ]   CWRF: Weak References               2 us, workers (us):   2,   0,   0,   0, ---, ---, ---, ---, 
[2024-08-16T20:43:25.604+0800][6.823s][info ][gc,stats       ] Concurrent Weak Roots               231 us
[2024-08-16T20:43:25.604+0800][6.823s][info ][gc,stats       ]   Roots                             139 us, parallelism: 1.27x
[2024-08-16T20:43:25.604+0800][6.823s][info ][gc,stats       ]     CWR: <total>                    177 us
[2024-08-16T20:43:25.604+0800][6.823s][info ][gc,stats       ]     CWR: Code Cache Roots           148 us, workers (us):  70,  72,   6,   0, ---, ---, ---, ---, 
[2024-08-16T20:43:25.604+0800][6.823s][info ][gc,stats       ]     CWR: VM Weak Roots               28 us, workers (us):  19,   7,   1,   0, ---, ---, ---, ---, 
[2024-08-16T20:43:25.604+0800][6.823s][info ][gc,stats       ]     CWR: CLDG Roots                   1 us, workers (us): ---,   1, ---, ---, ---, ---, ---, ---, 
[2024-08-16T20:43:25.604+0800][6.823s][info ][gc,stats       ]   Rendezvous                         48 us
[2024-08-16T20:43:25.604+0800][6.823s][info ][gc,stats       ] Concurrent Cleanup                  128 us
[2024-08-16T20:43:25.604+0800][6.823s][info ][gc,stats       ] Concurrent Class Unloading          540 us
[2024-08-16T20:43:25.604+0800][6.823s][info ][gc,stats       ]   Unlink Stale                      317 us
[2024-08-16T20:43:25.604+0800][6.823s][info ][gc,stats       ]     System Dictionary                26 us
[2024-08-16T20:43:25.604+0800][6.823s][info ][gc,stats       ]     Weak Class Links                  0 us
[2024-08-16T20:43:25.604+0800][6.823s][info ][gc,stats       ]     Code Roots                      291 us
[2024-08-16T20:43:25.604+0800][6.823s][info ][gc,stats       ]   Rendezvous                         57 us
[2024-08-16T20:43:25.604+0800][6.823s][info ][gc,stats       ]   Purge Unlinked                    120 us
[2024-08-16T20:43:25.604+0800][6.823s][info ][gc,stats       ]     Code Roots                       87 us
[2024-08-16T20:43:25.604+0800][6.823s][info ][gc,stats       ]     CLDG                             33 us
[2024-08-16T20:43:25.604+0800][6.823s][info ][gc,stats       ]     Exception Caches                  0 us
[2024-08-16T20:43:25.604+0800][6.823s][info ][gc,stats       ] Concurrent Strong Roots             115 us, parallelism: 0.12x
[2024-08-16T20:43:25.604+0800][6.823s][info ][gc,stats       ]   CSR: <total>                       14 us
[2024-08-16T20:43:25.604+0800][6.823s][info ][gc,stats       ]   CSR: VM Strong Roots                2 us, workers (us):   1,   0,   0,   0, ---, ---, ---, ---, 
[2024-08-16T20:43:25.604+0800][6.823s][info ][gc,stats       ]   CSR: CLDG Roots                    12 us, workers (us):  12, ---, ---, ---, ---, ---, ---, ---, 
[2024-08-16T20:43:25.604+0800][6.823s][info ][gc,stats       ] Concurrent Evacuation             15404 us
[2024-08-16T20:43:25.604+0800][6.823s][info ][gc,stats       ] Pacing                            12044 us
[2024-08-16T20:43:25.604+0800][6.823s][info ][gc,stats       ] 
[2024-08-16T20:43:25.604+0800][6.823s][info ][gc,stats       ] Allocation pacing accrued:
[2024-08-16T20:43:25.604+0800][6.823s][info ][gc,stats       ]      12 of    21 ms ( 56.1%): main
[2024-08-16T20:43:25.604+0800][6.823s][info ][gc,stats       ]      12 of    21 ms ( 56.1%): <total>
[2024-08-16T20:43:25.604+0800][6.823s][info ][gc,stats       ]       1 of    21 ms (  5.1%): <average total>
[2024-08-16T20:43:25.604+0800][6.823s][info ][gc,stats       ]      12 of    21 ms ( 56.1%): <average non-zero>
[2024-08-16T20:43:25.604+0800][6.823s][info ][gc,stats       ] 
[2024-08-16T20:43:25.604+0800][6.823s][info ][gc,metaspace   ] Metaspace: 824K(960K)->824K(960K) NonClass: 766K(832K)->766K(832K) Class: 58K(128K)->58K(128K)
[2024-08-16T20:43:25.604+0800][6.823s][info ][gc,ergo        ] Pacer for Idle. Initial: 83886K, Alloc Tax Rate: 1.0x
[2024-08-16T20:43:25.605+0800][6.824s][info ][gc             ] Trigger: Handle Allocation Failure
[2024-08-16T20:43:25.605+0800][6.824s][info ][gc,ergo        ] Free: 1023K, Max: 1023K regular, 0B humongous, Frag: 0% external, 50% internal; Reserve: 0B, Max: 0B
[2024-08-16T20:43:25.605+0800][6.825s][info ][gc,start       ] GC(37) Pause Degenerated GC (Evacuation)
[2024-08-16T20:43:25.605+0800][6.825s][info ][gc,task        ] GC(37) Using 8 of 8 workers for stw degenerated gc
[2024-08-16T20:43:25.605+0800][6.825s][info ][gc             ] GC(37) Cancelling GC: Allocation Failure During Evacuation
[2024-08-16T20:43:25.606+0800][6.826s][info ][gc             ] GC(37) Cannot finish degeneration, upgrading to Full GC
[2024-08-16T20:43:25.609+0800][6.829s][debug][gc,tlab        ] GC(37) TLAB totals: thrds: 1  refills: 1 max: 1 slow allocs: 3 max 3 waste: 69.1% gc: 28440B max: 28440B slow: 0B max: 0B
[2024-08-16T20:43:25.609+0800][6.829s][info ][gc,phases,start] GC(37) Phase 1: Mark live objects
[2024-08-16T20:43:25.609+0800][6.829s][info ][gc,ref         ] GC(37) Clearing All SoftReferences
[2024-08-16T20:43:25.609+0800][6.829s][info ][gc,ref         ] GC(37) Clearing All SoftReferences
[2024-08-16T20:43:25.610+0800][6.829s][info ][gc,ref         ] GC(37) Encountered references: Soft: 67, Weak: 189, Final: 0, Phantom: 1
[2024-08-16T20:43:25.610+0800][6.830s][info ][gc,ref         ] GC(37) Discovered  references: Soft: 47, Weak: 0, Final: 0, Phantom: 1
[2024-08-16T20:43:25.610+0800][6.830s][info ][gc,ref         ] GC(37) Enqueued    references: Soft: 0, Weak: 0, Final: 0, Phantom: 0
[2024-08-16T20:43:25.610+0800][6.830s][debug][gc,phases,start] GC(37) ClassLoaderData
[2024-08-16T20:43:25.610+0800][6.830s][debug][gc,phases      ] GC(37) ClassLoaderData 0.013ms
[2024-08-16T20:43:25.610+0800][6.830s][debug][gc,phases,start] GC(37) Trigger cleanups
[2024-08-16T20:43:25.610+0800][6.830s][debug][gc,phases      ] GC(37) Trigger cleanups 0.005ms
[2024-08-16T20:43:25.610+0800][6.830s][info ][gc,phases      ] GC(37) Phase 1: Mark live objects 1.100ms
[2024-08-16T20:43:25.610+0800][6.830s][info ][gc,phases,start] GC(37) Phase 2: Compute new object addresses
[2024-08-16T20:43:25.612+0800][6.832s][info ][gc,phases      ] GC(37) Phase 2: Compute new object addresses 1.701ms
[2024-08-16T20:43:25.612+0800][6.832s][info ][gc,phases,start] GC(37) Phase 3: Adjust pointers
[2024-08-16T20:43:25.614+0800][6.834s][info ][gc,phases      ] GC(37) Phase 3: Adjust pointers 2.166ms
[2024-08-16T20:43:25.614+0800][6.834s][info ][gc,phases,start] GC(37) Phase 4: Move objects
[2024-08-16T20:43:25.666+0800][6.885s][info ][gc,phases      ] GC(37) Phase 4: Move objects 51.522ms
[2024-08-16T20:43:25.666+0800][6.885s][info ][gc,ergo        ] GC(37) Good progress for free space: 1994M, need 41943K
[2024-08-16T20:43:25.666+0800][6.885s][info ][gc,ergo        ] GC(37) Good progress for used space: 267M, need 2048K
[2024-08-16T20:43:25.666+0800][6.885s][info ][gc             ] GC(37) Pause Degenerated GC (Evacuation) 2162M->1895M(4096M) 60.995ms
[2024-08-16T20:43:25.666+0800][6.886s][debug][gc,ergo        ] GC(37) Margin of error now 2.31
[2024-08-16T20:43:25.666+0800][6.886s][debug][gc,ergo        ] GC(37) Spike threshold now: 1.30
[2024-08-16T20:43:25.666+0800][6.886s][info ][gc,ergo        ] Free: 103M, Max: 2048K regular, 100352K humongous, Frag: 0% external, 5% internal; Reserve: 206M, Max: 2048K
[2024-08-16T20:43:25.666+0800][6.886s][info ][gc,stats       ] 
[2024-08-16T20:43:25.666+0800][6.886s][info ][gc,stats       ] All times are wall-clock times, except per-root-class counters, that are sum over
[2024-08-16T20:43:25.666+0800][6.886s][info ][gc,stats       ] all workers. Dividing the <total> over the root stage time estimates parallelism.
[2024-08-16T20:43:25.666+0800][6.886s][info ][gc,stats       ] 
[2024-08-16T20:43:25.666+0800][6.886s][info ][gc,stats       ] Pause Degenerated GC (G)          61119 us
[2024-08-16T20:43:25.666+0800][6.886s][info ][gc,stats       ] Pause Degenerated GC (N)          61021 us
[2024-08-16T20:43:25.666+0800][6.886s][info ][gc,stats       ]   Evacuation                       1424 us
[2024-08-16T20:43:25.666+0800][6.886s][info ][gc,stats       ]   Pre Heap Dump                       0 us
[2024-08-16T20:43:25.666+0800][6.886s][info ][gc,stats       ]   Prepare                          2723 us
[2024-08-16T20:43:25.666+0800][6.886s][info ][gc,stats       ]     Update Roots                    308 us, parallelism: 1.85x
[2024-08-16T20:43:25.666+0800][6.886s][info ][gc,stats       ]       FU: <total>                   569 us
[2024-08-16T20:43:25.666+0800][6.886s][info ][gc,stats       ]       FU: Thread Roots               28 us, workers (us):   1,  13,   0,  14,   0,   0,   0,   0, 
[2024-08-16T20:43:25.666+0800][6.886s][info ][gc,stats       ]       FU: Code Cache Roots          502 us, workers (us): 240,  31, 230,   0,   0,   0,   0,   0, 
[2024-08-16T20:43:25.666+0800][6.886s][info ][gc,stats       ]       FU: VM Strong Roots             3 us, workers (us):   2,   0,   0,   0,   0,   0,   0,   0, 
[2024-08-16T20:43:25.666+0800][6.886s][info ][gc,stats       ]       FU: VM Weak Roots              22 us, workers (us):  14,   6,   0,   0,   0,   0,   0,   0, 
[2024-08-16T20:43:25.666+0800][6.886s][info ][gc,stats       ]       FU: CLDG Roots                 14 us, workers (us):   2,  10,   1,   1,   0,   0,   0,   0, 
[2024-08-16T20:43:25.666+0800][6.886s][info ][gc,stats       ]   Mark                             1094 us, parallelism: 3.55x
[2024-08-16T20:43:25.666+0800][6.886s][info ][gc,stats       ]     FM: <total>                    3883 us
[2024-08-16T20:43:25.666+0800][6.886s][info ][gc,stats       ]     FM: Thread Roots                 35 us, workers (us):  23,   8,   1,   0,   1,   0,   1,   0, 
[2024-08-16T20:43:25.666+0800][6.886s][info ][gc,stats       ]     FM: VM Strong Roots               3 us, workers (us):   2,   0,   0,   0,   0,   0,   0,   0, 
[2024-08-16T20:43:25.666+0800][6.886s][info ][gc,stats       ]     FM: CLDG Roots                   29 us, workers (us):   1,  24,   1,   0,   1,   0,   1,   0, 
[2024-08-16T20:43:25.666+0800][6.886s][info ][gc,stats       ]     FM: Parallel Mark              3816 us, workers (us): 506, 494, 492, 506, 455, 480, 454, 427, 
[2024-08-16T20:43:25.666+0800][6.886s][info ][gc,stats       ]     System Purge                    462 us
[2024-08-16T20:43:25.666+0800][6.886s][info ][gc,stats       ]       Weak References               133 us, parallelism: 0.03x
[2024-08-16T20:43:25.666+0800][6.886s][info ][gc,stats       ]         WRP: <total>                  4 us
[2024-08-16T20:43:25.666+0800][6.886s][info ][gc,stats       ]         WRP: Weak References          4 us, workers (us):   3,   0,   0,   0,   0,   0,   0,   0, 
[2024-08-16T20:43:25.666+0800][6.886s][info ][gc,stats       ]       Unload Classes                225 us, parallelism: 2.18x
[2024-08-16T20:43:25.666+0800][6.886s][info ][gc,stats       ]         CU: <total>                 491 us
[2024-08-16T20:43:25.666+0800][6.886s][info ][gc,stats       ]         CU: Unload Code Caches      491 us, workers (us):  96,  92,  89,  63,  51,  48,  28,  24, 
[2024-08-16T20:43:25.666+0800][6.886s][info ][gc,stats       ]       Weak Roots                    101 us, parallelism: 0.28x
[2024-08-16T20:43:25.666+0800][6.886s][info ][gc,stats       ]         WR: <total>                  28 us
[2024-08-16T20:43:25.666+0800][6.886s][info ][gc,stats       ]         WR: VM Weak Roots            28 us, workers (us):  17,   7,   1,   1,   1,   1,   1,   1, 
[2024-08-16T20:43:25.666+0800][6.886s][info ][gc,stats       ]       CLDG                            0 us
[2024-08-16T20:43:25.666+0800][6.886s][info ][gc,stats       ]   Calculate Addresses              1694 us
[2024-08-16T20:43:25.666+0800][6.886s][info ][gc,stats       ]     Regular Objects                1668 us
[2024-08-16T20:43:25.666+0800][6.886s][info ][gc,stats       ]     Humongous Objects                 8 us
[2024-08-16T20:43:25.666+0800][6.886s][info ][gc,stats       ]   Adjust Pointers                  2159 us
[2024-08-16T20:43:25.666+0800][6.886s][info ][gc,stats       ]     FA: <total>                     486 us
[2024-08-16T20:43:25.666+0800][6.886s][info ][gc,stats       ]     FA: Thread Roots                 37 us, workers (us):   0,   1,  19,  16,   1,   0,   0,   1, 
[2024-08-16T20:43:25.666+0800][6.886s][info ][gc,stats       ]     FA: Code Cache Roots            408 us, workers (us): 207, 187,  13,   0,   0,   0,   0,   0, 
[2024-08-16T20:43:25.666+0800][6.886s][info ][gc,stats       ]     FA: VM Strong Roots               4 us, workers (us):   3,   0,   0,   0,   0,   0,   0,   0, 
[2024-08-16T20:43:25.666+0800][6.886s][info ][gc,stats       ]     FA: VM Weak Roots                21 us, workers (us):  12,   7,   1,   0,   1,   0,   0,   1, 
[2024-08-16T20:43:25.666+0800][6.886s][info ][gc,stats       ]     FA: CLDG Roots                   16 us, workers (us):  11,   1,   1,   0,   1,   0,   0,   1, 
[2024-08-16T20:43:25.666+0800][6.886s][info ][gc,stats       ]   Copy Objects                    51517 us
[2024-08-16T20:43:25.666+0800][6.886s][info ][gc,stats       ]     Regular Objects               49133 us
[2024-08-16T20:43:25.666+0800][6.886s][info ][gc,stats       ]     Humongous Objects                14 us
[2024-08-16T20:43:25.666+0800][6.886s][info ][gc,stats       ]     Reset Complete Bitmap          2336 us
[2024-08-16T20:43:25.666+0800][6.886s][info ][gc,stats       ]     Rebuild Region Sets              33 us
[2024-08-16T20:43:25.666+0800][6.886s][info ][gc,stats       ]   Post Heap Dump                      1 us
[2024-08-16T20:43:25.666+0800][6.886s][info ][gc,stats       ] Pacing                            63523 us
[2024-08-16T20:43:25.666+0800][6.886s][info ][gc,stats       ] 
[2024-08-16T20:43:25.666+0800][6.886s][info ][gc,stats       ] Allocation pacing accrued:
[2024-08-16T20:43:25.666+0800][6.886s][info ][gc,stats       ]      64 of    63 ms (101.3%): main
[2024-08-16T20:43:25.666+0800][6.886s][info ][gc,stats       ]      64 of    63 ms (101.3%): <total>
[2024-08-16T20:43:25.666+0800][6.886s][info ][gc,stats       ]       6 of    63 ms (  9.2%): <average total>
[2024-08-16T20:43:25.666+0800][6.886s][info ][gc,stats       ]      64 of    63 ms (101.3%): <average non-zero>
[2024-08-16T20:43:25.666+0800][6.886s][info ][gc,stats       ] 
[2024-08-16T20:43:25.666+0800][6.886s][info ][gc,metaspace   ] Metaspace: 824K(960K)->824K(960K) NonClass: 766K(832K)->766K(832K) Class: 58K(128K)->58K(128K)
[2024-08-16T20:43:25.666+0800][6.886s][info ][gc,ergo        ] Pacer for Idle. Initial: 83886K, Alloc Tax Rate: 1.0x
[2024-08-16T20:43:25.668+0800][6.887s][info ][gc             ] Trigger: Free (99327K) is below minimum threshold (409M)
[2024-08-16T20:43:25.668+0800][6.887s][info ][gc,ergo        ] Free: 99327K, Max: 2048K regular, 98304K humongous, Frag: 0% external, 1% internal; Reserve: 206M, Max: 2048K
[2024-08-16T20:43:25.668+0800][6.887s][info ][gc,start       ] GC(38) Concurrent reset
[2024-08-16T20:43:25.668+0800][6.887s][info ][gc,task        ] GC(38) Using 4 of 8 workers for concurrent reset
[2024-08-16T20:43:25.668+0800][6.887s][info ][gc,ergo        ] GC(38) Pacer for Reset. Non-Taxable: 4096M
[2024-08-16T20:43:25.668+0800][6.888s][info ][gc             ] GC(38) Concurrent reset 0.299ms
[2024-08-16T20:43:25.668+0800][6.888s][info ][gc,start       ] GC(38) Pause Init Mark (unload classes)
[2024-08-16T20:43:25.668+0800][6.888s][info ][gc,task        ] GC(38) Using 8 of 8 workers for init marking
[2024-08-16T20:43:25.668+0800][6.888s][info ][gc,ergo        ] GC(38) Pacer for Mark. Expected Live: 3390M, Free: 99327K, Non-Taxable: 9932K, Alloc Tax Rate: 42.7x
[2024-08-16T20:43:25.668+0800][6.888s][info ][gc             ] GC(38) Pause Init Mark (unload classes) 0.129ms
[2024-08-16T20:43:25.668+0800][6.888s][info ][gc,start       ] GC(38) Concurrent marking roots
[2024-08-16T20:43:25.668+0800][6.888s][info ][gc,task        ] GC(38) Using 4 of 8 workers for concurrent marking roots
[2024-08-16T20:43:25.668+0800][6.888s][debug][gc,tlab        ] GC(38) TLAB totals: thrds: 1  refills: 1 max: 1 slow allocs: 2 max 2 waste: 81.2% gc: 36592B max: 36592B slow: 0B max: 0B
[2024-08-16T20:43:25.668+0800][6.888s][info ][gc             ] GC(38) Concurrent marking roots 0.204ms
[2024-08-16T20:43:25.668+0800][6.888s][info ][gc,start       ] GC(38) Concurrent marking (unload classes)
[2024-08-16T20:43:25.668+0800][6.888s][info ][gc,task        ] GC(38) Using 4 of 8 workers for concurrent marking
[2024-08-16T20:43:25.669+0800][6.889s][info ][gc             ] GC(38) Concurrent marking (unload classes) 0.914ms
[2024-08-16T20:43:25.669+0800][6.889s][info ][gc,start       ] GC(38) Pause Final Mark (unload classes)
[2024-08-16T20:43:25.669+0800][6.889s][info ][gc,task        ] GC(38) Using 8 of 8 workers for final marking
[2024-08-16T20:43:25.670+0800][6.890s][info ][gc,ergo        ] GC(38) Adaptive CSet Selection. Target Free: 580M, Actual Free: 300M, Max CSet: 170M, Min Garbage: 280M
[2024-08-16T20:43:25.670+0800][6.890s][info ][gc,ergo        ] GC(38) Collectable Garbage: 41656B (100%), Immediate: 0B (0%), CSet: 41656B (100%)
[2024-08-16T20:43:25.670+0800][6.890s][info ][gc,ergo        ] GC(38) Pacer for Evacuation. Used CSet: 170M, Free: 1821M, Non-Taxable: 182M, Alloc Tax Rate: 1.1x
[2024-08-16T20:43:25.670+0800][6.890s][info ][gc             ] GC(38) Pause Final Mark (unload classes) 0.588ms
[2024-08-16T20:43:25.670+0800][6.890s][info ][gc,start       ] GC(38) Concurrent thread roots
[2024-08-16T20:43:25.670+0800][6.890s][info ][gc,task        ] GC(38) Using 4 of 8 workers for Concurrent thread roots
[2024-08-16T20:43:25.670+0800][6.890s][info ][gc             ] GC(38) Concurrent thread roots 0.132ms
[2024-08-16T20:43:25.670+0800][6.890s][info ][gc,start       ] GC(38) Concurrent weak references
[2024-08-16T20:43:25.670+0800][6.890s][info ][gc,task        ] GC(38) Using 4 of 8 workers for concurrent weak references
[2024-08-16T20:43:25.670+0800][6.890s][info ][gc,ref         ] GC(38) Encountered references: Soft: 67, Weak: 189, Final: 0, Phantom: 1
[2024-08-16T20:43:25.670+0800][6.890s][info ][gc,ref         ] GC(38) Discovered  references: Soft: 0, Weak: 51, Final: 0, Phantom: 1
[2024-08-16T20:43:25.670+0800][6.890s][info ][gc,ref         ] GC(38) Enqueued    references: Soft: 0, Weak: 0, Final: 0, Phantom: 0
[2024-08-16T20:43:25.670+0800][6.890s][info ][gc             ] GC(38) Concurrent weak references 0.143ms
[2024-08-16T20:43:25.670+0800][6.890s][info ][gc,start       ] GC(38) Concurrent weak roots
[2024-08-16T20:43:25.670+0800][6.890s][info ][gc,task        ] GC(38) Using 4 of 8 workers for concurrent weak root
[2024-08-16T20:43:25.671+0800][6.890s][info ][gc             ] GC(38) Concurrent weak roots 0.222ms
[2024-08-16T20:43:25.671+0800][6.890s][info ][gc,start       ] GC(38) Concurrent cleanup
[2024-08-16T20:43:25.671+0800][6.890s][info ][gc             ] GC(38) Concurrent cleanup 1899M->1899M(4096M) 0.086ms
[2024-08-16T20:43:25.671+0800][6.890s][info ][gc,ergo        ] GC(38) Free: 95231K, Max: 2048K regular, 94208K humongous, Frag: 0% external, 1% internal; Reserve: 205M, Max: 2048K
[2024-08-16T20:43:25.671+0800][6.890s][info ][gc,start       ] GC(38) Concurrent class unloading
[2024-08-16T20:43:25.671+0800][6.890s][info ][gc,task        ] GC(38) Using 4 of 8 workers for concurrent class unloading
[2024-08-16T20:43:25.671+0800][6.890s][debug][gc,phases,start] GC(38) ClassLoaderData
[2024-08-16T20:43:25.671+0800][6.890s][debug][gc,phases      ] GC(38) ClassLoaderData 0.006ms
[2024-08-16T20:43:25.671+0800][6.890s][debug][gc,phases,start] GC(38) Trigger cleanups
[2024-08-16T20:43:25.671+0800][6.890s][debug][gc,phases      ] GC(38) Trigger cleanups 0.004ms
[2024-08-16T20:43:25.671+0800][6.891s][info ][gc             ] GC(38) Concurrent class unloading 0.498ms
[2024-08-16T20:43:25.671+0800][6.891s][info ][gc,start       ] GC(38) Concurrent strong roots
[2024-08-16T20:43:25.671+0800][6.891s][info ][gc,task        ] GC(38) Using 4 of 8 workers for concurrent strong root
[2024-08-16T20:43:25.671+0800][6.891s][info ][gc             ] GC(38) Concurrent strong roots 0.115ms
[2024-08-16T20:43:25.671+0800][6.891s][info ][gc,start       ] GC(38) Concurrent evacuation
[2024-08-16T20:43:25.672+0800][6.891s][info ][gc,task        ] GC(38) Using 4 of 8 workers for concurrent evacuation
[2024-08-16T20:43:25.685+0800][6.904s][info ][gc             ] GC(38) Failed to allocate 1024K for evacuation
[2024-08-16T20:43:25.685+0800][6.904s][info ][gc             ] GC(38) Cancelling GC: Allocation Failure During Evacuation
[2024-08-16T20:43:25.686+0800][6.906s][info ][gc             ] GC(38) Concurrent evacuation 14.581ms
[2024-08-16T20:43:25.686+0800][6.906s][info ][gc,ergo        ] Free: 1023K, Max: 1023K regular, 0B humongous, Frag: 0% external, 50% internal; Reserve: 0B, Max: 0B
[2024-08-16T20:43:25.686+0800][6.906s][info ][gc,stats       ] 
[2024-08-16T20:43:25.686+0800][6.906s][info ][gc,stats       ] All times are wall-clock times, except per-root-class counters, that are sum over
[2024-08-16T20:43:25.686+0800][6.906s][info ][gc,stats       ] all workers. Dividing the <total> over the root stage time estimates parallelism.
[2024-08-16T20:43:25.686+0800][6.906s][info ][gc,stats       ] 
[2024-08-16T20:43:25.686+0800][6.906s][info ][gc,stats       ] Concurrent Reset                    327 us
[2024-08-16T20:43:25.686+0800][6.906s][info ][gc,stats       ] Pause Init Mark (G)                 278 us
[2024-08-16T20:43:25.686+0800][6.906s][info ][gc,stats       ] Pause Init Mark (N)                 197 us
[2024-08-16T20:43:25.686+0800][6.906s][info ][gc,stats       ]   Update Region States               92 us
[2024-08-16T20:43:25.686+0800][6.906s][info ][gc,stats       ] Concurrent Mark Roots               252 us, parallelism: 1.13x
[2024-08-16T20:43:25.686+0800][6.906s][info ][gc,stats       ]   CMR: <total>                      286 us
[2024-08-16T20:43:25.686+0800][6.906s][info ][gc,stats       ]   CMR: Thread Roots                 240 us, workers (us):  57,  86,  40,  56, ---, ---, ---, ---, 
[2024-08-16T20:43:25.686+0800][6.906s][info ][gc,stats       ]   CMR: VM Strong Roots                5 us, workers (us):   4,   0,   0,   0, ---, ---, ---, ---, 
[2024-08-16T20:43:25.686+0800][6.906s][info ][gc,stats       ]   CMR: CLDG Roots                    41 us, workers (us):  40,   1, ---, ---, ---, ---, ---, ---, 
[2024-08-16T20:43:25.686+0800][6.906s][info ][gc,stats       ] Concurrent Marking                  962 us
[2024-08-16T20:43:25.686+0800][6.906s][info ][gc,stats       ] Pause Final Mark (G)                689 us
[2024-08-16T20:43:25.686+0800][6.906s][info ][gc,stats       ] Pause Final Mark (N)                626 us
[2024-08-16T20:43:25.686+0800][6.906s][info ][gc,stats       ]   Finish Mark                       309 us
[2024-08-16T20:43:25.686+0800][6.906s][info ][gc,stats       ]   Update Region States              110 us
[2024-08-16T20:43:25.686+0800][6.906s][info ][gc,stats       ]   Choose Collection Set             128 us
[2024-08-16T20:43:25.686+0800][6.906s][info ][gc,stats       ]   Rebuild Free Set                   10 us
[2024-08-16T20:43:25.686+0800][6.906s][info ][gc,stats       ] Concurrent Thread Roots             164 us, parallelism: 0.56x
[2024-08-16T20:43:25.686+0800][6.906s][info ][gc,stats       ]   CTR: <total>                       92 us
[2024-08-16T20:43:25.686+0800][6.906s][info ][gc,stats       ]   CTR: Thread Roots                  92 us, workers (us):  60,  30,   3,   0, ---, ---, ---, ---, 
[2024-08-16T20:43:25.686+0800][6.906s][info ][gc,stats       ] Concurrent Weak References          166 us, parallelism: 0.03x
[2024-08-16T20:43:25.686+0800][6.906s][info ][gc,stats       ]   CWRF: <total>                       6 us
[2024-08-16T20:43:25.686+0800][6.906s][info ][gc,stats       ]   CWRF: Weak References               6 us, workers (us):   6,   0,   0,   0, ---, ---, ---, ---, 
[2024-08-16T20:43:25.686+0800][6.906s][info ][gc,stats       ] Concurrent Weak Roots               250 us
[2024-08-16T20:43:25.686+0800][6.906s][info ][gc,stats       ]   Roots                             163 us, parallelism: 1.28x
[2024-08-16T20:43:25.686+0800][6.906s][info ][gc,stats       ]     CWR: <total>                    210 us
[2024-08-16T20:43:25.686+0800][6.906s][info ][gc,stats       ]     CWR: Code Cache Roots           107 us, workers (us):  65,  40,   3,   0, ---, ---, ---, ---, 
[2024-08-16T20:43:25.686+0800][6.906s][info ][gc,stats       ]     CWR: VM Weak Roots              101 us, workers (us):  43,  35,  23,   0, ---, ---, ---, ---, 
[2024-08-16T20:43:25.686+0800][6.906s][info ][gc,stats       ]     CWR: CLDG Roots                   1 us, workers (us): ---,   1, ---, ---, ---, ---, ---, ---, 
[2024-08-16T20:43:25.686+0800][6.906s][info ][gc,stats       ]   Rendezvous                         48 us
[2024-08-16T20:43:25.686+0800][6.906s][info ][gc,stats       ] Concurrent Cleanup                  107 us
[2024-08-16T20:43:25.686+0800][6.906s][info ][gc,stats       ] Concurrent Class Unloading          549 us
[2024-08-16T20:43:25.686+0800][6.906s][info ][gc,stats       ]   Unlink Stale                      331 us
[2024-08-16T20:43:25.686+0800][6.906s][info ][gc,stats       ]     System Dictionary                18 us
[2024-08-16T20:43:25.686+0800][6.906s][info ][gc,stats       ]     Weak Class Links                  0 us
[2024-08-16T20:43:25.686+0800][6.906s][info ][gc,stats       ]     Code Roots                      312 us
[2024-08-16T20:43:25.686+0800][6.906s][info ][gc,stats       ]   Rendezvous                         83 us
[2024-08-16T20:43:25.686+0800][6.906s][info ][gc,stats       ]   Purge Unlinked                     64 us
[2024-08-16T20:43:25.686+0800][6.906s][info ][gc,stats       ]     Code Roots                       49 us
[2024-08-16T20:43:25.686+0800][6.906s][info ][gc,stats       ]     CLDG                             15 us
[2024-08-16T20:43:25.686+0800][6.906s][info ][gc,stats       ]     Exception Caches                  0 us
[2024-08-16T20:43:25.686+0800][6.906s][info ][gc,stats       ] Concurrent Strong Roots             152 us, parallelism: 0.43x
[2024-08-16T20:43:25.686+0800][6.906s][info ][gc,stats       ]   CSR: <total>                       65 us
[2024-08-16T20:43:25.686+0800][6.906s][info ][gc,stats       ]   CSR: VM Strong Roots                7 us, workers (us):   6,   0,   0,   0, ---, ---, ---, ---, 
[2024-08-16T20:43:25.686+0800][6.906s][info ][gc,stats       ]   CSR: CLDG Roots                    58 us, workers (us):   4,  54, ---, ---, ---, ---, ---, ---, 
[2024-08-16T20:43:25.686+0800][6.906s][info ][gc,stats       ] Concurrent Evacuation             14613 us
[2024-08-16T20:43:25.686+0800][6.906s][info ][gc,stats       ] Pacing                            11991 us
[2024-08-16T20:43:25.686+0800][6.906s][info ][gc,stats       ] 
[2024-08-16T20:43:25.686+0800][6.906s][info ][gc,stats       ] Allocation pacing accrued:
[2024-08-16T20:43:25.686+0800][6.906s][info ][gc,stats       ]      12 of    20 ms ( 60.1%): main
[2024-08-16T20:43:25.686+0800][6.906s][info ][gc,stats       ]      12 of    20 ms ( 60.1%): <total>
[2024-08-16T20:43:25.686+0800][6.906s][info ][gc,stats       ]       1 of    20 ms (  5.5%): <average total>
[2024-08-16T20:43:25.686+0800][6.906s][info ][gc,stats       ]      12 of    20 ms ( 60.1%): <average non-zero>
[2024-08-16T20:43:25.686+0800][6.906s][info ][gc,stats       ] 
[2024-08-16T20:43:25.686+0800][6.906s][info ][gc,metaspace   ] Metaspace: 824K(960K)->824K(960K) NonClass: 766K(832K)->766K(832K) Class: 58K(128K)->58K(128K)
[2024-08-16T20:43:25.686+0800][6.906s][info ][gc,ergo        ] Pacer for Idle. Initial: 83886K, Alloc Tax Rate: 1.0x
[2024-08-16T20:43:25.687+0800][6.907s][info ][gc             ] Trigger: Handle Allocation Failure
[2024-08-16T20:43:25.688+0800][6.907s][info ][gc,ergo        ] Free: 1023K, Max: 1023K regular, 0B humongous, Frag: 0% external, 50% internal; Reserve: 0B, Max: 0B
[2024-08-16T20:43:25.688+0800][6.907s][info ][gc,start       ] GC(39) Pause Full
[2024-08-16T20:43:25.688+0800][6.907s][info ][gc,task        ] GC(39) Using 8 of 8 workers for full gc
[2024-08-16T20:43:25.690+0800][6.910s][debug][gc,tlab        ] GC(39) TLAB totals: thrds: 1  refills: 1 max: 1 slow allocs: 3 max 3 waste: 69.0% gc: 28208B max: 28208B slow: 0B max: 0B
[2024-08-16T20:43:25.690+0800][6.910s][info ][gc,phases,start] GC(39) Phase 1: Mark live objects
[2024-08-16T20:43:25.690+0800][6.910s][info ][gc,ref         ] GC(39) Clearing All SoftReferences
[2024-08-16T20:43:25.690+0800][6.910s][info ][gc,ref         ] GC(39) Clearing All SoftReferences
[2024-08-16T20:43:25.691+0800][6.911s][info ][gc,ref         ] GC(39) Encountered references: Soft: 67, Weak: 189, Final: 0, Phantom: 1
[2024-08-16T20:43:25.691+0800][6.911s][info ][gc,ref         ] GC(39) Discovered  references: Soft: 48, Weak: 0, Final: 0, Phantom: 1
[2024-08-16T20:43:25.691+0800][6.911s][info ][gc,ref         ] GC(39) Enqueued    references: Soft: 0, Weak: 0, Final: 0, Phantom: 0
[2024-08-16T20:43:25.691+0800][6.911s][debug][gc,phases,start] GC(39) ClassLoaderData
[2024-08-16T20:43:25.691+0800][6.911s][debug][gc,phases      ] GC(39) ClassLoaderData 0.012ms
[2024-08-16T20:43:25.691+0800][6.911s][debug][gc,phases,start] GC(39) Trigger cleanups
[2024-08-16T20:43:25.691+0800][6.911s][debug][gc,phases      ] GC(39) Trigger cleanups 0.004ms
[2024-08-16T20:43:25.691+0800][6.911s][info ][gc,phases      ] GC(39) Phase 1: Mark live objects 1.120ms
[2024-08-16T20:43:25.691+0800][6.911s][info ][gc,phases,start] GC(39) Phase 2: Compute new object addresses
[2024-08-16T20:43:25.693+0800][6.913s][info ][gc,phases      ] GC(39) Phase 2: Compute new object addresses 2.050ms
[2024-08-16T20:43:25.693+0800][6.913s][info ][gc,phases,start] GC(39) Phase 3: Adjust pointers
[2024-08-16T20:43:25.696+0800][6.915s][info ][gc,phases      ] GC(39) Phase 3: Adjust pointers 2.104ms
[2024-08-16T20:43:25.696+0800][6.915s][info ][gc,phases,start] GC(39) Phase 4: Move objects
[2024-08-16T20:43:25.749+0800][6.969s][info ][gc,phases      ] GC(39) Phase 4: Move objects 53.383ms
[2024-08-16T20:43:25.749+0800][6.969s][info ][gc,ergo        ] GC(39) Good progress for free space: 1989M, need 41943K
[2024-08-16T20:43:25.749+0800][6.969s][info ][gc,ergo        ] GC(39) Good progress for used space: 269M, need 2048K
[2024-08-16T20:43:25.749+0800][6.969s][info ][gc             ] GC(39) Pause Full 2170M->1900M(4096M) 61.600ms
[2024-08-16T20:43:25.749+0800][6.969s][debug][gc,ergo        ] GC(39) Margin of error now 2.51
[2024-08-16T20:43:25.749+0800][6.969s][debug][gc,ergo        ] GC(39) Spike threshold now: 1.10
[2024-08-16T20:43:25.749+0800][6.969s][info ][gc,ergo        ] Free: 92159K, Max: 2048K regular, 83968K humongous, Frag: 7% external, 2% internal; Reserve: 206M, Max: 2048K
[2024-08-16T20:43:25.749+0800][6.969s][info ][gc,stats       ] 
[2024-08-16T20:43:25.749+0800][6.969s][info ][gc,stats       ] All times are wall-clock times, except per-root-class counters, that are sum over
[2024-08-16T20:43:25.749+0800][6.969s][info ][gc,stats       ] all workers. Dividing the <total> over the root stage time estimates parallelism.
[2024-08-16T20:43:25.749+0800][6.969s][info ][gc,stats       ] 
[2024-08-16T20:43:25.749+0800][6.969s][info ][gc,stats       ] Pause Full GC (G)                 61744 us
[2024-08-16T20:43:25.749+0800][6.969s][info ][gc,stats       ] Pause Full GC (N)                 61652 us
[2024-08-16T20:43:25.749+0800][6.969s][info ][gc,stats       ]   Pre Heap Dump                       1 us
[2024-08-16T20:43:25.749+0800][6.969s][info ][gc,stats       ]   Prepare                          2581 us
[2024-08-16T20:43:25.749+0800][6.969s][info ][gc,stats       ]     Update Roots                    340 us, parallelism: 1.76x
[2024-08-16T20:43:25.749+0800][6.969s][info ][gc,stats       ]       FU: <total>                   599 us
[2024-08-16T20:43:25.749+0800][6.969s][info ][gc,stats       ]       FU: Thread Roots               75 us, workers (us):   1,   0,  54,  20,   0,   0,   0,   0, 
[2024-08-16T20:43:25.749+0800][6.969s][info ][gc,stats       ]       FU: Code Cache Roots          483 us, workers (us): 255, 197,   0,  31,   0,   0,   0,   0, 
[2024-08-16T20:43:25.749+0800][6.969s][info ][gc,stats       ]       FU: VM Strong Roots             2 us, workers (us):   1,   0,   0,   0,   0,   0,   0,   0, 
[2024-08-16T20:43:25.749+0800][6.969s][info ][gc,stats       ]       FU: VM Weak Roots              23 us, workers (us):  16,   6,   1,   1,   0,   0,   0,   0, 
[2024-08-16T20:43:25.749+0800][6.969s][info ][gc,stats       ]       FU: CLDG Roots                 16 us, workers (us):  12,   2,   1,   1,   0,   0,   0,   0, 
[2024-08-16T20:43:25.749+0800][6.969s][info ][gc,stats       ]   Mark                             1114 us, parallelism: 3.42x
[2024-08-16T20:43:25.749+0800][6.969s][info ][gc,stats       ]     FM: <total>                    3805 us
[2024-08-16T20:43:25.749+0800][6.969s][info ][gc,stats       ]     FM: Thread Roots                 26 us, workers (us):  20,   2,   1,   0,   1,   0,   1,   1, 
[2024-08-16T20:43:25.749+0800][6.969s][info ][gc,stats       ]     FM: VM Strong Roots               3 us, workers (us):   2,   0,   0,   0,   0,   0,   0,   0, 
[2024-08-16T20:43:25.749+0800][6.969s][info ][gc,stats       ]     FM: CLDG Roots                   52 us, workers (us):   1,  47,   1,   0,   1,   1,   1,   0, 
[2024-08-16T20:43:25.749+0800][6.969s][info ][gc,stats       ]     FM: Parallel Mark              3724 us, workers (us): 471, 448, 485, 468, 422, 445, 449, 537, 
[2024-08-16T20:43:25.749+0800][6.969s][info ][gc,stats       ]     System Purge                    388 us
[2024-08-16T20:43:25.749+0800][6.969s][info ][gc,stats       ]       Weak References               121 us, parallelism: 0.03x
[2024-08-16T20:43:25.749+0800][6.969s][info ][gc,stats       ]         WRP: <total>                  4 us
[2024-08-16T20:43:25.749+0800][6.969s][info ][gc,stats       ]         WRP: Weak References          4 us, workers (us):   4,   0,   0,   0,   0,   0,   0,   0, 
[2024-08-16T20:43:25.749+0800][6.969s][info ][gc,stats       ]       Unload Classes                174 us, parallelism: 2.62x
[2024-08-16T20:43:25.749+0800][6.969s][info ][gc,stats       ]         CU: <total>                 455 us
[2024-08-16T20:43:25.749+0800][6.969s][info ][gc,stats       ]         CU: Unload Code Caches      455 us, workers (us):  94,  84,  75,  69,  41,  42,  25,  23, 
[2024-08-16T20:43:25.749+0800][6.969s][info ][gc,stats       ]       Weak Roots                     91 us, parallelism: 0.30x
[2024-08-16T20:43:25.749+0800][6.969s][info ][gc,stats       ]         WR: <total>                  27 us
[2024-08-16T20:43:25.749+0800][6.969s][info ][gc,stats       ]         WR: VM Weak Roots            27 us, workers (us):  17,   6,   1,   1,   1,   1,   1,   1, 
[2024-08-16T20:43:25.749+0800][6.969s][info ][gc,stats       ]       CLDG                            1 us
[2024-08-16T20:43:25.749+0800][6.969s][info ][gc,stats       ]   Calculate Addresses              2040 us
[2024-08-16T20:43:25.749+0800][6.969s][info ][gc,stats       ]     Regular Objects                2011 us
[2024-08-16T20:43:25.749+0800][6.969s][info ][gc,stats       ]     Humongous Objects                10 us
[2024-08-16T20:43:25.749+0800][6.969s][info ][gc,stats       ]   Adjust Pointers                  2096 us
[2024-08-16T20:43:25.749+0800][6.969s][info ][gc,stats       ]     FA: <total>                     393 us
[2024-08-16T20:43:25.750+0800][6.969s][info ][gc,stats       ]     FA: Thread Roots                 23 us, workers (us):   7,   0,   0,  14,   1,   0,   0,   0, 
[2024-08-16T20:43:25.750+0800][6.969s][info ][gc,stats       ]     FA: Code Cache Roots            332 us, workers (us):  12, 153, 166,   0,   0,   0,   0,   0, 
[2024-08-16T20:43:25.750+0800][6.969s][info ][gc,stats       ]     FA: VM Strong Roots               3 us, workers (us):   2,   0,   0,   0,   0,   0,   0,   0, 
[2024-08-16T20:43:25.750+0800][6.969s][info ][gc,stats       ]     FA: VM Weak Roots                19 us, workers (us):  12,   5,   0,   0,   0,   0,   0,   0, 
[2024-08-16T20:43:25.750+0800][6.969s][info ][gc,stats       ]     FA: CLDG Roots                   16 us, workers (us):  12,   2,   1,   0,   0,   0,   0,   0, 
[2024-08-16T20:43:25.750+0800][6.969s][info ][gc,stats       ]   Copy Objects                    53374 us
[2024-08-16T20:43:25.750+0800][6.969s][info ][gc,stats       ]     Regular Objects               50842 us
[2024-08-16T20:43:25.750+0800][6.969s][info ][gc,stats       ]     Humongous Objects                16 us
[2024-08-16T20:43:25.750+0800][6.969s][info ][gc,stats       ]     Reset Complete Bitmap          2459 us
[2024-08-16T20:43:25.750+0800][6.969s][info ][gc,stats       ]     Rebuild Region Sets              53 us
[2024-08-16T20:43:25.750+0800][6.969s][info ][gc,stats       ]   Post Heap Dump                      1 us
[2024-08-16T20:43:25.750+0800][6.969s][info ][gc,stats       ] Pacing                            64515 us
[2024-08-16T20:43:25.750+0800][6.969s][info ][gc,stats       ] 
[2024-08-16T20:43:25.750+0800][6.969s][info ][gc,stats       ] Allocation pacing accrued:
[2024-08-16T20:43:25.750+0800][6.969s][info ][gc,stats       ]      65 of    63 ms (102.1%): main
[2024-08-16T20:43:25.750+0800][6.969s][info ][gc,stats       ]      65 of    63 ms (102.1%): <total>
[2024-08-16T20:43:25.750+0800][6.969s][info ][gc,stats       ]       6 of    63 ms (  9.3%): <average total>
[2024-08-16T20:43:25.750+0800][6.969s][info ][gc,stats       ]      65 of    63 ms (102.1%): <average non-zero>
[2024-08-16T20:43:25.750+0800][6.969s][info ][gc,stats       ] 
[2024-08-16T20:43:25.750+0800][6.969s][info ][gc,metaspace   ] Metaspace: 824K(960K)->824K(960K) NonClass: 766K(832K)->766K(832K) Class: 58K(128K)->58K(128K)
[2024-08-16T20:43:25.750+0800][6.969s][info ][gc,ergo        ] Pacer for Idle. Initial: 83886K, Alloc Tax Rate: 1.0x
[2024-08-16T20:43:25.751+0800][6.970s][info ][gc             ] Trigger: Free (90111K) is below minimum threshold (409M)
[2024-08-16T20:43:25.751+0800][6.970s][info ][gc,ergo        ] Free: 90111K, Max: 2048K regular, 83968K humongous, Frag: 5% external, 2% internal; Reserve: 206M, Max: 2048K
[2024-08-16T20:43:25.751+0800][6.970s][info ][gc,start       ] GC(40) Concurrent reset
[2024-08-16T20:43:25.751+0800][6.970s][info ][gc,task        ] GC(40) Using 4 of 8 workers for concurrent reset
[2024-08-16T20:43:25.751+0800][6.970s][info ][gc,ergo        ] GC(40) Pacer for Reset. Non-Taxable: 4096M
[2024-08-16T20:43:25.751+0800][6.971s][info ][gc             ] GC(40) Concurrent reset 0.338ms
[2024-08-16T20:43:25.751+0800][6.971s][info ][gc,start       ] GC(40) Pause Init Mark (unload classes)
[2024-08-16T20:43:25.751+0800][6.971s][info ][gc,task        ] GC(40) Using 8 of 8 workers for init marking
[2024-08-16T20:43:25.751+0800][6.971s][info ][gc,ergo        ] GC(40) Pacer for Mark. Expected Live: 3777M, Free: 90111K, Non-Taxable: 9011K, Alloc Tax Rate: 52.5x
[2024-08-16T20:43:25.751+0800][6.971s][info ][gc             ] GC(40) Pause Init Mark (unload classes) 0.171ms
[2024-08-16T20:43:25.751+0800][6.971s][info ][gc,start       ] GC(40) Concurrent marking roots
[2024-08-16T20:43:25.751+0800][6.971s][info ][gc,task        ] GC(40) Using 4 of 8 workers for concurrent marking roots
[2024-08-16T20:43:25.751+0800][6.971s][debug][gc,tlab        ] GC(40) TLAB totals: thrds: 1  refills: 1 max: 1 slow allocs: 1 max 1 waste: 90.6% gc: 40552B max: 40552B slow: 0B max: 0B
[2024-08-16T20:43:25.752+0800][6.971s][info ][gc             ] GC(40) Concurrent marking roots 0.196ms
[2024-08-16T20:43:25.752+0800][6.971s][info ][gc,start       ] GC(40) Concurrent marking (unload classes)
[2024-08-16T20:43:25.752+0800][6.971s][info ][gc,task        ] GC(40) Using 4 of 8 workers for concurrent marking
[2024-08-16T20:43:25.753+0800][6.972s][info ][gc             ] GC(40) Concurrent marking (unload classes) 0.904ms
[2024-08-16T20:43:25.753+0800][6.972s][info ][gc,start       ] GC(40) Pause Final Mark (unload classes)
[2024-08-16T20:43:25.753+0800][6.972s][info ][gc,task        ] GC(40) Using 8 of 8 workers for final marking
[2024-08-16T20:43:25.753+0800][6.973s][info ][gc,ergo        ] GC(40) Adaptive CSet Selection. Target Free: 580M, Actual Free: 290M, Max CSet: 170M, Min Garbage: 290M
[2024-08-16T20:43:25.753+0800][6.973s][info ][gc,ergo        ] GC(40) Collectable Garbage: 41576B (100%), Immediate: 0B (0%), CSet: 41576B (100%)
[2024-08-16T20:43:25.753+0800][6.973s][info ][gc,ergo        ] GC(40) Pacer for Evacuation. Used CSet: 170M, Free: 1816M, Non-Taxable: 181M, Alloc Tax Rate: 1.1x
[2024-08-16T20:43:25.753+0800][6.973s][info ][gc             ] GC(40) Pause Final Mark (unload classes) 0.622ms
[2024-08-16T20:43:25.753+0800][6.973s][info ][gc,start       ] GC(40) Concurrent thread roots
[2024-08-16T20:43:25.753+0800][6.973s][info ][gc,task        ] GC(40) Using 4 of 8 workers for Concurrent thread roots
[2024-08-16T20:43:25.753+0800][6.973s][info ][gc             ] GC(40) Concurrent thread roots 0.126ms
[2024-08-16T20:43:25.753+0800][6.973s][info ][gc,start       ] GC(40) Concurrent weak references
[2024-08-16T20:43:25.753+0800][6.973s][info ][gc,task        ] GC(40) Using 4 of 8 workers for concurrent weak references
[2024-08-16T20:43:25.754+0800][6.973s][info ][gc,ref         ] GC(40) Encountered references: Soft: 67, Weak: 189, Final: 0, Phantom: 1
[2024-08-16T20:43:25.754+0800][6.973s][info ][gc,ref         ] GC(40) Discovered  references: Soft: 0, Weak: 0, Final: 0, Phantom: 1
[2024-08-16T20:43:25.754+0800][6.973s][info ][gc,ref         ] GC(40) Enqueued    references: Soft: 0, Weak: 0, Final: 0, Phantom: 0
[2024-08-16T20:43:25.754+0800][6.973s][info ][gc             ] GC(40) Concurrent weak references 0.112ms
[2024-08-16T20:43:25.754+0800][6.973s][info ][gc,start       ] GC(40) Concurrent weak roots
[2024-08-16T20:43:25.754+0800][6.973s][info ][gc,task        ] GC(40) Using 4 of 8 workers for concurrent weak root
[2024-08-16T20:43:25.754+0800][6.973s][info ][gc             ] GC(40) Concurrent weak roots 0.178ms
[2024-08-16T20:43:25.754+0800][6.973s][info ][gc,start       ] GC(40) Concurrent cleanup
[2024-08-16T20:43:25.754+0800][6.974s][info ][gc             ] GC(40) Concurrent cleanup 1904M->1904M(4096M) 0.101ms
[2024-08-16T20:43:25.754+0800][6.974s][info ][gc,ergo        ] GC(40) Free: 86015K, Max: 2048K regular, 83968K humongous, Frag: 0% external, 2% internal; Reserve: 205M, Max: 2048K
[2024-08-16T20:43:25.754+0800][6.974s][info ][gc,start       ] GC(40) Concurrent class unloading
[2024-08-16T20:43:25.754+0800][6.974s][info ][gc,task        ] GC(40) Using 4 of 8 workers for concurrent class unloading
[2024-08-16T20:43:25.754+0800][6.974s][debug][gc,phases,start] GC(40) ClassLoaderData
[2024-08-16T20:43:25.754+0800][6.974s][debug][gc,phases      ] GC(40) ClassLoaderData 0.007ms
[2024-08-16T20:43:25.754+0800][6.974s][debug][gc,phases,start] GC(40) Trigger cleanups
[2024-08-16T20:43:25.754+0800][6.974s][debug][gc,phases      ] GC(40) Trigger cleanups 0.005ms
[2024-08-16T20:43:25.754+0800][6.974s][info ][gc             ] GC(40) Concurrent class unloading 0.486ms
[2024-08-16T20:43:25.754+0800][6.974s][info ][gc,start       ] GC(40) Concurrent strong roots
[2024-08-16T20:43:25.755+0800][6.974s][info ][gc,task        ] GC(40) Using 4 of 8 workers for concurrent strong root
[2024-08-16T20:43:25.755+0800][6.974s][info ][gc             ] GC(40) Concurrent strong roots 0.056ms
[2024-08-16T20:43:25.755+0800][6.974s][info ][gc,start       ] GC(40) Concurrent evacuation
[2024-08-16T20:43:25.755+0800][6.974s][info ][gc,task        ] GC(40) Using 4 of 8 workers for concurrent evacuation
[2024-08-16T20:43:25.768+0800][6.987s][info ][gc             ] GC(40) Failed to allocate 1024K for evacuation
[2024-08-16T20:43:25.768+0800][6.988s][info ][gc             ] GC(40) Cancelling GC: Allocation Failure During Evacuation
[2024-08-16T20:43:25.769+0800][6.989s][info ][gc             ] GC(40) Concurrent evacuation 14.452ms
[2024-08-16T20:43:25.769+0800][6.989s][info ][gc,ergo        ] Free: 1023K, Max: 1023K regular, 0B humongous, Frag: 0% external, 50% internal; Reserve: 0B, Max: 0B
[2024-08-16T20:43:25.769+0800][6.989s][info ][gc,stats       ] 
[2024-08-16T20:43:25.769+0800][6.989s][info ][gc,stats       ] All times are wall-clock times, except per-root-class counters, that are sum over
[2024-08-16T20:43:25.769+0800][6.989s][info ][gc,stats       ] all workers. Dividing the <total> over the root stage time estimates parallelism.
[2024-08-16T20:43:25.769+0800][6.989s][info ][gc,stats       ] 
[2024-08-16T20:43:25.769+0800][6.989s][info ][gc,stats       ] Concurrent Reset                    389 us
[2024-08-16T20:43:25.769+0800][6.989s][info ][gc,stats       ] Pause Init Mark (G)                 290 us
[2024-08-16T20:43:25.769+0800][6.989s][info ][gc,stats       ] Pause Init Mark (N)                 193 us
[2024-08-16T20:43:25.769+0800][6.989s][info ][gc,stats       ]   Update Region States              120 us
[2024-08-16T20:43:25.769+0800][6.989s][info ][gc,stats       ] Concurrent Mark Roots               235 us, parallelism: 0.75x
[2024-08-16T20:43:25.769+0800][6.989s][info ][gc,stats       ]   CMR: <total>                      177 us
[2024-08-16T20:43:25.769+0800][6.989s][info ][gc,stats       ]   CMR: Thread Roots                 153 us, workers (us):  51,  35,  34,  33, ---, ---, ---, ---, 
[2024-08-16T20:43:25.769+0800][6.989s][info ][gc,stats       ]   CMR: VM Strong Roots                4 us, workers (us):   3,   0,   0,   0, ---, ---, ---, ---, 
[2024-08-16T20:43:25.769+0800][6.989s][info ][gc,stats       ]   CMR: CLDG Roots                    20 us, workers (us):  20, ---, ---, ---, ---, ---, ---, ---, 
[2024-08-16T20:43:25.769+0800][6.989s][info ][gc,stats       ] Concurrent Marking                  949 us
[2024-08-16T20:43:25.769+0800][6.989s][info ][gc,stats       ] Pause Final Mark (G)                706 us
[2024-08-16T20:43:25.769+0800][6.989s][info ][gc,stats       ] Pause Final Mark (N)                645 us
[2024-08-16T20:43:25.769+0800][6.989s][info ][gc,stats       ]   Finish Mark                       404 us
[2024-08-16T20:43:25.769+0800][6.989s][info ][gc,stats       ]   Update Region States              105 us
[2024-08-16T20:43:25.769+0800][6.989s][info ][gc,stats       ]   Choose Collection Set              81 us
[2024-08-16T20:43:25.769+0800][6.989s][info ][gc,stats       ]   Rebuild Free Set                    6 us
[2024-08-16T20:43:25.769+0800][6.989s][info ][gc,stats       ] Concurrent Thread Roots             153 us, parallelism: 0.58x
[2024-08-16T20:43:25.769+0800][6.989s][info ][gc,stats       ]   CTR: <total>                       89 us
[2024-08-16T20:43:25.769+0800][6.989s][info ][gc,stats       ]   CTR: Thread Roots                  89 us, workers (us):  55,  27,   7,   0, ---, ---, ---, ---, 
[2024-08-16T20:43:25.769+0800][6.989s][info ][gc,stats       ] Concurrent Weak References          147 us, parallelism: 0.01x
[2024-08-16T20:43:25.769+0800][6.989s][info ][gc,stats       ]   CWRF: <total>                       1 us
[2024-08-16T20:43:25.769+0800][6.989s][info ][gc,stats       ]   CWRF: Weak References               1 us, workers (us):   1,   0,   0,   0, ---, ---, ---, ---, 
[2024-08-16T20:43:25.769+0800][6.989s][info ][gc,stats       ] Concurrent Weak Roots               216 us
[2024-08-16T20:43:25.769+0800][6.989s][info ][gc,stats       ]   Roots                             117 us, parallelism: 1.12x
[2024-08-16T20:43:25.769+0800][6.989s][info ][gc,stats       ]     CWR: <total>                    132 us
[2024-08-16T20:43:25.769+0800][6.989s][info ][gc,stats       ]     CWR: Code Cache Roots           104 us, workers (us):  50,   3,  50,   0, ---, ---, ---, ---, 
[2024-08-16T20:43:25.769+0800][6.989s][info ][gc,stats       ]     CWR: VM Weak Roots               27 us, workers (us):  19,   7,   0,   0, ---, ---, ---, ---, 
[2024-08-16T20:43:25.769+0800][6.989s][info ][gc,stats       ]     CWR: CLDG Roots                   1 us, workers (us): ---,   1, ---, ---, ---, ---, ---, ---, 
[2024-08-16T20:43:25.769+0800][6.989s][info ][gc,stats       ]   Rendezvous                         44 us
[2024-08-16T20:43:25.769+0800][6.989s][info ][gc,stats       ] Concurrent Cleanup                  138 us
[2024-08-16T20:43:25.769+0800][6.989s][info ][gc,stats       ] Concurrent Class Unloading          520 us
[2024-08-16T20:43:25.769+0800][6.989s][info ][gc,stats       ]   Unlink Stale                      288 us
[2024-08-16T20:43:25.769+0800][6.989s][info ][gc,stats       ]     System Dictionary                25 us
[2024-08-16T20:43:25.769+0800][6.989s][info ][gc,stats       ]     Weak Class Links                  0 us
[2024-08-16T20:43:25.769+0800][6.989s][info ][gc,stats       ]     Code Roots                      261 us
[2024-08-16T20:43:25.769+0800][6.989s][info ][gc,stats       ]   Rendezvous                        105 us
[2024-08-16T20:43:25.769+0800][6.989s][info ][gc,stats       ]   Purge Unlinked                     74 us
[2024-08-16T20:43:25.769+0800][6.989s][info ][gc,stats       ]     Code Roots                       60 us
[2024-08-16T20:43:25.769+0800][6.989s][info ][gc,stats       ]     CLDG                             14 us
[2024-08-16T20:43:25.769+0800][6.989s][info ][gc,stats       ]     Exception Caches                  0 us
[2024-08-16T20:43:25.769+0800][6.989s][info ][gc,stats       ] Concurrent Strong Roots              83 us, parallelism: 0.17x
[2024-08-16T20:43:25.769+0800][6.989s][info ][gc,stats       ]   CSR: <total>                       14 us
[2024-08-16T20:43:25.769+0800][6.989s][info ][gc,stats       ]   CSR: VM Strong Roots                2 us, workers (us):   2,   0,   0,   0, ---, ---, ---, ---, 
[2024-08-16T20:43:25.769+0800][6.989s][info ][gc,stats       ]   CSR: CLDG Roots                    12 us, workers (us):  11,   1, ---, ---, ---, ---, ---, ---, 
[2024-08-16T20:43:25.769+0800][6.989s][info ][gc,stats       ] Concurrent Evacuation             14498 us
[2024-08-16T20:43:25.769+0800][6.989s][info ][gc,stats       ] Pacing                            11363 us
[2024-08-16T20:43:25.769+0800][6.989s][info ][gc,stats       ] 
[2024-08-16T20:43:25.769+0800][6.989s][info ][gc,stats       ] Allocation pacing accrued:
[2024-08-16T20:43:25.769+0800][6.989s][info ][gc,stats       ]      11 of    20 ms ( 57.5%): main
[2024-08-16T20:43:25.769+0800][6.989s][info ][gc,stats       ]      11 of    20 ms ( 57.5%): <total>
[2024-08-16T20:43:25.769+0800][6.989s][info ][gc,stats       ]       1 of    20 ms (  5.2%): <average total>
[2024-08-16T20:43:25.769+0800][6.989s][info ][gc,stats       ]      11 of    20 ms ( 57.5%): <average non-zero>
[2024-08-16T20:43:25.769+0800][6.989s][info ][gc,stats       ] 
[2024-08-16T20:43:25.769+0800][6.989s][info ][gc,metaspace   ] Metaspace: 824K(960K)->824K(960K) NonClass: 766K(832K)->766K(832K) Class: 58K(128K)->58K(128K)
[2024-08-16T20:43:25.769+0800][6.989s][info ][gc,ergo        ] Pacer for Idle. Initial: 83886K, Alloc Tax Rate: 1.0x
[2024-08-16T20:43:25.770+0800][6.990s][info ][gc             ] Trigger: Handle Allocation Failure
[2024-08-16T20:43:25.770+0800][6.990s][info ][gc,ergo        ] Free: 1023K, Max: 1023K regular, 0B humongous, Frag: 0% external, 50% internal; Reserve: 0B, Max: 0B
[2024-08-16T20:43:25.771+0800][6.990s][info ][gc,start       ] GC(41) Pause Degenerated GC (Evacuation)
[2024-08-16T20:43:25.771+0800][6.990s][info ][gc,task        ] GC(41) Using 8 of 8 workers for stw degenerated gc
[2024-08-16T20:43:25.771+0800][6.990s][info ][gc             ] GC(41) Cancelling GC: Allocation Failure During Evacuation
[2024-08-16T20:43:25.772+0800][6.992s][info ][gc             ] GC(41) Cannot finish degeneration, upgrading to Full GC
[2024-08-16T20:43:25.775+0800][6.995s][debug][gc,tlab        ] GC(41) TLAB totals: thrds: 1  refills: 1 max: 1 slow allocs: 3 max 3 waste: 68.8% gc: 28000B max: 28000B slow: 0B max: 0B
[2024-08-16T20:43:25.775+0800][6.995s][info ][gc,phases,start] GC(41) Phase 1: Mark live objects
[2024-08-16T20:43:25.775+0800][6.995s][info ][gc,ref         ] GC(41) Clearing All SoftReferences
[2024-08-16T20:43:25.775+0800][6.995s][info ][gc,ref         ] GC(41) Clearing All SoftReferences
[2024-08-16T20:43:25.776+0800][6.995s][info ][gc,ref         ] GC(41) Encountered references: Soft: 67, Weak: 189, Final: 0, Phantom: 1
[2024-08-16T20:43:25.776+0800][6.995s][info ][gc,ref         ] GC(41) Discovered  references: Soft: 46, Weak: 30, Final: 0, Phantom: 1
[2024-08-16T20:43:25.776+0800][6.995s][info ][gc,ref         ] GC(41) Enqueued    references: Soft: 0, Weak: 0, Final: 0, Phantom: 0
[2024-08-16T20:43:25.776+0800][6.996s][debug][gc,phases,start] GC(41) ClassLoaderData
[2024-08-16T20:43:25.776+0800][6.996s][debug][gc,phases      ] GC(41) ClassLoaderData 0.012ms
[2024-08-16T20:43:25.776+0800][6.996s][debug][gc,phases,start] GC(41) Trigger cleanups
[2024-08-16T20:43:25.776+0800][6.996s][debug][gc,phases      ] GC(41) Trigger cleanups 0.006ms
[2024-08-16T20:43:25.776+0800][6.996s][info ][gc,phases      ] GC(41) Phase 1: Mark live objects 1.193ms
[2024-08-16T20:43:25.776+0800][6.996s][info ][gc,phases,start] GC(41) Phase 2: Compute new object addresses
[2024-08-16T20:43:25.778+0800][6.998s][info ][gc,phases      ] GC(41) Phase 2: Compute new object addresses 1.828ms
[2024-08-16T20:43:25.778+0800][6.998s][info ][gc,phases,start] GC(41) Phase 3: Adjust pointers
[2024-08-16T20:43:25.780+0800][7.000s][info ][gc,phases      ] GC(41) Phase 3: Adjust pointers 2.195ms
[2024-08-16T20:43:25.780+0800][7.000s][info ][gc,phases,start] GC(41) Phase 4: Move objects
[2024-08-16T20:43:25.833+0800][7.053s][info ][gc,phases      ] GC(41) Phase 4: Move objects 52.667ms
[2024-08-16T20:43:25.833+0800][7.053s][info ][gc,ergo        ] GC(41) Good progress for free space: 1984M, need 41943K
[2024-08-16T20:43:25.833+0800][7.053s][info ][gc,ergo        ] GC(41) Good progress for used space: 246M, need 2048K
[2024-08-16T20:43:25.833+0800][7.053s][info ][gc             ] GC(41) Pause Degenerated GC (Evacuation) 2151M->1905M(4096M) 62.655ms
[2024-08-16T20:43:25.833+0800][7.053s][debug][gc,ergo        ] GC(41) Margin of error now 2.61
[2024-08-16T20:43:25.833+0800][7.053s][debug][gc,ergo        ] GC(41) Spike threshold now: 1.00
[2024-08-16T20:43:25.833+0800][7.053s][info ][gc,ergo        ] Free: 88063K, Max: 2048K regular, 67584K humongous, Frag: 16% external, 8% internal; Reserve: 206M, Max: 2048K
[2024-08-16T20:43:25.833+0800][7.053s][info ][gc,stats       ] 
[2024-08-16T20:43:25.833+0800][7.053s][info ][gc,stats       ] All times are wall-clock times, except per-root-class counters, that are sum over
[2024-08-16T20:43:25.833+0800][7.053s][info ][gc,stats       ] all workers. Dividing the <total> over the root stage time estimates parallelism.
[2024-08-16T20:43:25.833+0800][7.053s][info ][gc,stats       ] 
[2024-08-16T20:43:25.833+0800][7.053s][info ][gc,stats       ] Pause Degenerated GC (G)          62769 us
[2024-08-16T20:43:25.833+0800][7.053s][info ][gc,stats       ] Pause Degenerated GC (N)          62686 us
[2024-08-16T20:43:25.833+0800][7.053s][info ][gc,stats       ]   Evacuation                       1759 us
[2024-08-16T20:43:25.833+0800][7.053s][info ][gc,stats       ]   Pre Heap Dump                       1 us
[2024-08-16T20:43:25.833+0800][7.053s][info ][gc,stats       ]   Prepare                          2620 us
[2024-08-16T20:43:25.833+0800][7.053s][info ][gc,stats       ]     Update Roots                    327 us, parallelism: 1.68x
[2024-08-16T20:43:25.833+0800][7.053s][info ][gc,stats       ]       FU: <total>                   550 us
[2024-08-16T20:43:25.833+0800][7.053s][info ][gc,stats       ]       FU: Thread Roots               36 us, workers (us):   1,  33,   0,   1,   0,   0,   0,   0, 
[2024-08-16T20:43:25.833+0800][7.053s][info ][gc,stats       ]       FU: Code Cache Roots          414 us, workers (us):  38,   0, 189, 187,   0,   0,   0,   0, 
[2024-08-16T20:43:25.833+0800][7.053s][info ][gc,stats       ]       FU: VM Strong Roots            18 us, workers (us):   1,   1,   0,  15,   0,   0,   0,   0, 
[2024-08-16T20:43:25.833+0800][7.053s][info ][gc,stats       ]       FU: VM Weak Roots              68 us, workers (us):  31,  13,  19,   5,   0,   0,   0,   0, 
[2024-08-16T20:43:25.833+0800][7.053s][info ][gc,stats       ]       FU: CLDG Roots                 15 us, workers (us):   3,   9,   1,   1,   0,   0,   0,   0, 
[2024-08-16T20:43:25.833+0800][7.053s][info ][gc,stats       ]   Mark                             1177 us, parallelism: 2.95x
[2024-08-16T20:43:25.833+0800][7.053s][info ][gc,stats       ]     FM: <total>                    3475 us
[2024-08-16T20:43:25.834+0800][7.053s][info ][gc,stats       ]     FM: Thread Roots                 72 us, workers (us):  65,   2,   1,   1,   1,   1,   1,   1, 
[2024-08-16T20:43:25.834+0800][7.053s][info ][gc,stats       ]     FM: VM Strong Roots               3 us, workers (us):   2,   0,   0,   0,   0,   0,   0,   0, 
[2024-08-16T20:43:25.834+0800][7.053s][info ][gc,stats       ]     FM: CLDG Roots                   39 us, workers (us):   1,  34,   0,   1,   0,   1,   1,   1, 
[2024-08-16T20:43:25.834+0800][7.053s][info ][gc,stats       ]     FM: Parallel Mark              3360 us, workers (us): 453, 429, 448, 443, 431, 428, 392, 336, 
[2024-08-16T20:43:25.834+0800][7.053s][info ][gc,stats       ]     System Purge                    550 us
[2024-08-16T20:43:25.834+0800][7.053s][info ][gc,stats       ]       Weak References               135 us, parallelism: 0.03x
[2024-08-16T20:43:25.834+0800][7.053s][info ][gc,stats       ]         WRP: <total>                  4 us
[2024-08-16T20:43:25.834+0800][7.053s][info ][gc,stats       ]         WRP: Weak References          4 us, workers (us):   4,   0,   0,   0,   0,   0,   0,   0, 
[2024-08-16T20:43:25.834+0800][7.053s][info ][gc,stats       ]       Unload Classes                277 us, parallelism: 2.37x
[2024-08-16T20:43:25.834+0800][7.053s][info ][gc,stats       ]         CU: <total>                 656 us
[2024-08-16T20:43:25.834+0800][7.053s][info ][gc,stats       ]         CU: Unload Code Caches      656 us, workers (us): 179, 171,  80,  82,  66,  35,  24,  20, 
[2024-08-16T20:43:25.834+0800][7.053s][info ][gc,stats       ]       Weak Roots                    137 us, parallelism: 0.20x
[2024-08-16T20:43:25.834+0800][7.053s][info ][gc,stats       ]         WR: <total>                  27 us
[2024-08-16T20:43:25.834+0800][7.053s][info ][gc,stats       ]         WR: VM Weak Roots            27 us, workers (us):  19,   5,   0,   0,   1,   1,   0,   1, 
[2024-08-16T20:43:25.834+0800][7.053s][info ][gc,stats       ]       CLDG                            0 us
[2024-08-16T20:43:25.834+0800][7.053s][info ][gc,stats       ]   Calculate Addresses              1822 us
[2024-08-16T20:43:25.834+0800][7.053s][info ][gc,stats       ]     Regular Objects                1791 us
[2024-08-16T20:43:25.834+0800][7.053s][info ][gc,stats       ]     Humongous Objects                 9 us
[2024-08-16T20:43:25.834+0800][7.053s][info ][gc,stats       ]   Adjust Pointers                  2188 us
[2024-08-16T20:43:25.834+0800][7.053s][info ][gc,stats       ]     FA: <total>                     414 us
[2024-08-16T20:43:25.834+0800][7.053s][info ][gc,stats       ]     FA: Thread Roots                 26 us, workers (us):  15,   0,   1,   9,   1,   0,   0,   0, 
[2024-08-16T20:43:25.834+0800][7.053s][info ][gc,stats       ]     FA: Code Cache Roots            347 us, workers (us):   0, 143, 190,  14,   0,   0,   0,   0, 
[2024-08-16T20:43:25.834+0800][7.053s][info ][gc,stats       ]     FA: VM Strong Roots               3 us, workers (us):   2,   0,   0,   0,   0,   0,   0,   0, 
[2024-08-16T20:43:25.834+0800][7.053s][info ][gc,stats       ]     FA: VM Weak Roots                22 us, workers (us):  14,   6,   1,   1,   0,   0,   0,   0, 
[2024-08-16T20:43:25.834+0800][7.053s][info ][gc,stats       ]     FA: CLDG Roots                   17 us, workers (us):  12,   1,   1,   1,   1,   0,   0,   0, 
[2024-08-16T20:43:25.834+0800][7.053s][info ][gc,stats       ]   Copy Objects                    52660 us
[2024-08-16T20:43:25.834+0800][7.053s][info ][gc,stats       ]     Regular Objects               50268 us
[2024-08-16T20:43:25.834+0800][7.053s][info ][gc,stats       ]     Humongous Objects                18 us
[2024-08-16T20:43:25.834+0800][7.053s][info ][gc,stats       ]     Reset Complete Bitmap          2323 us
[2024-08-16T20:43:25.834+0800][7.053s][info ][gc,stats       ]     Rebuild Region Sets              49 us
[2024-08-16T20:43:25.834+0800][7.053s][info ][gc,stats       ]   Post Heap Dump                      1 us
[2024-08-16T20:43:25.834+0800][7.053s][info ][gc,stats       ] Pacing                            65955 us
[2024-08-16T20:43:25.834+0800][7.053s][info ][gc,stats       ] 
[2024-08-16T20:43:25.834+0800][7.053s][info ][gc,stats       ] Allocation pacing accrued:
[2024-08-16T20:43:25.834+0800][7.053s][info ][gc,stats       ]      66 of    64 ms (102.5%): main
[2024-08-16T20:43:25.834+0800][7.053s][info ][gc,stats       ]      66 of    64 ms (102.5%): <total>
[2024-08-16T20:43:25.834+0800][7.053s][info ][gc,stats       ]       6 of    64 ms (  9.3%): <average total>
[2024-08-16T20:43:25.834+0800][7.053s][info ][gc,stats       ]      66 of    64 ms (102.5%): <average non-zero>
[2024-08-16T20:43:25.834+0800][7.053s][info ][gc,stats       ] 
[2024-08-16T20:43:25.834+0800][7.053s][info ][gc,metaspace   ] Metaspace: 824K(960K)->824K(960K) NonClass: 766K(832K)->766K(832K) Class: 58K(128K)->58K(128K)
[2024-08-16T20:43:25.834+0800][7.053s][info ][gc,ergo        ] Pacer for Idle. Initial: 83886K, Alloc Tax Rate: 1.0x
[2024-08-16T20:43:25.835+0800][7.054s][info ][gc             ] Trigger: Free (79871K) is below minimum threshold (409M)
[2024-08-16T20:43:25.835+0800][7.054s][info ][gc,ergo        ] Free: 79871K, Max: 2048K regular, 67584K humongous, Frag: 14% external, 2% internal; Reserve: 206M, Max: 2048K
[2024-08-16T20:43:25.835+0800][7.054s][info ][gc,start       ] GC(42) Concurrent reset
[2024-08-16T20:43:25.835+0800][7.054s][info ][gc,task        ] GC(42) Using 4 of 8 workers for concurrent reset
[2024-08-16T20:43:25.835+0800][7.054s][info ][gc,ergo        ] GC(42) Pacer for Reset. Non-Taxable: 4096M
[2024-08-16T20:43:25.835+0800][7.055s][info ][gc             ] GC(42) Concurrent reset 0.267ms
[2024-08-16T20:43:25.835+0800][7.055s][info ][gc,start       ] GC(42) Pause Init Mark (unload classes)
[2024-08-16T20:43:25.835+0800][7.055s][info ][gc,task        ] GC(42) Using 8 of 8 workers for init marking
[2024-08-16T20:43:25.835+0800][7.055s][info ][gc,ergo        ] GC(42) Pacer for Mark. Expected Live: 3787M, Free: 79871K, Non-Taxable: 7987K, Alloc Tax Rate: 59.3x
[2024-08-16T20:43:25.835+0800][7.055s][info ][gc             ] GC(42) Pause Init Mark (unload classes) 0.159ms
[2024-08-16T20:43:25.835+0800][7.055s][info ][gc,start       ] GC(42) Concurrent marking roots
[2024-08-16T20:43:25.835+0800][7.055s][info ][gc,task        ] GC(42) Using 4 of 8 workers for concurrent marking roots
[2024-08-16T20:43:25.835+0800][7.055s][debug][gc,tlab        ] GC(42) TLAB totals: thrds: 1  refills: 1 max: 1 slow allocs: 1 max 1 waste: 90.5% gc: 40336B max: 40336B slow: 0B max: 0B
[2024-08-16T20:43:25.836+0800][7.055s][info ][gc             ] GC(42) Concurrent marking roots 0.171ms
[2024-08-16T20:43:25.836+0800][7.055s][info ][gc,start       ] GC(42) Concurrent marking (unload classes)
[2024-08-16T20:43:25.836+0800][7.055s][info ][gc,task        ] GC(42) Using 4 of 8 workers for concurrent marking
[2024-08-16T20:43:25.836+0800][7.056s][info ][gc             ] GC(42) Concurrent marking (unload classes) 0.877ms
[2024-08-16T20:43:25.836+0800][7.056s][info ][gc,start       ] GC(42) Pause Final Mark (unload classes)
[2024-08-16T20:43:25.837+0800][7.056s][info ][gc,task        ] GC(42) Using 8 of 8 workers for final marking
[2024-08-16T20:43:25.837+0800][7.057s][info ][gc,ergo        ] GC(42) Adaptive CSet Selection. Target Free: 580M, Actual Free: 280M, Max CSet: 170M, Min Garbage: 300M
[2024-08-16T20:43:25.837+0800][7.057s][info ][gc,ergo        ] GC(42) Collectable Garbage: 41576B (100%), Immediate: 0B (0%), CSet: 41576B (100%)
[2024-08-16T20:43:25.837+0800][7.057s][info ][gc,ergo        ] GC(42) Pacer for Evacuation. Used CSet: 170M, Free: 1811M, Non-Taxable: 181M, Alloc Tax Rate: 1.1x
[2024-08-16T20:43:25.837+0800][7.057s][info ][gc             ] GC(42) Pause Final Mark (unload classes) 0.525ms
[2024-08-16T20:43:25.837+0800][7.057s][info ][gc,start       ] GC(42) Concurrent thread roots
[2024-08-16T20:43:25.837+0800][7.057s][info ][gc,task        ] GC(42) Using 4 of 8 workers for Concurrent thread roots
[2024-08-16T20:43:25.837+0800][7.057s][info ][gc             ] GC(42) Concurrent thread roots 0.126ms
[2024-08-16T20:43:25.837+0800][7.057s][info ][gc,start       ] GC(42) Concurrent weak references
[2024-08-16T20:43:25.837+0800][7.057s][info ][gc,task        ] GC(42) Using 4 of 8 workers for concurrent weak references
[2024-08-16T20:43:25.837+0800][7.057s][info ][gc,ref         ] GC(42) Encountered references: Soft: 67, Weak: 189, Final: 0, Phantom: 1
[2024-08-16T20:43:25.837+0800][7.057s][info ][gc,ref         ] GC(42) Discovered  references: Soft: 0, Weak: 50, Final: 0, Phantom: 1
[2024-08-16T20:43:25.837+0800][7.057s][info ][gc,ref         ] GC(42) Enqueued    references: Soft: 0, Weak: 0, Final: 0, Phantom: 0
[2024-08-16T20:43:25.837+0800][7.057s][info ][gc             ] GC(42) Concurrent weak references 0.078ms
[2024-08-16T20:43:25.837+0800][7.057s][info ][gc,start       ] GC(42) Concurrent weak roots
[2024-08-16T20:43:25.837+0800][7.057s][info ][gc,task        ] GC(42) Using 4 of 8 workers for concurrent weak root
[2024-08-16T20:43:25.838+0800][7.057s][info ][gc             ] GC(42) Concurrent weak roots 0.188ms
[2024-08-16T20:43:25.838+0800][7.057s][info ][gc,start       ] GC(42) Concurrent cleanup
[2024-08-16T20:43:25.838+0800][7.057s][info ][gc             ] GC(42) Concurrent cleanup 1909M->1909M(4096M) 0.088ms
[2024-08-16T20:43:25.838+0800][7.057s][info ][gc,ergo        ] GC(42) Free: 75775K, Max: 2048K regular, 67584K humongous, Frag: 9% external, 2% internal; Reserve: 205M, Max: 2048K
[2024-08-16T20:43:25.838+0800][7.057s][info ][gc,start       ] GC(42) Concurrent class unloading
[2024-08-16T20:43:25.838+0800][7.057s][info ][gc,task        ] GC(42) Using 4 of 8 workers for concurrent class unloading
[2024-08-16T20:43:25.838+0800][7.057s][debug][gc,phases,start] GC(42) ClassLoaderData
[2024-08-16T20:43:25.838+0800][7.057s][debug][gc,phases      ] GC(42) ClassLoaderData 0.005ms
[2024-08-16T20:43:25.838+0800][7.057s][debug][gc,phases,start] GC(42) Trigger cleanups
[2024-08-16T20:43:25.838+0800][7.057s][debug][gc,phases      ] GC(42) Trigger cleanups 0.003ms
[2024-08-16T20:43:25.838+0800][7.058s][info ][gc             ] GC(42) Concurrent class unloading 0.435ms
[2024-08-16T20:43:25.838+0800][7.058s][info ][gc,start       ] GC(42) Concurrent strong roots
[2024-08-16T20:43:25.838+0800][7.058s][info ][gc,task        ] GC(42) Using 4 of 8 workers for concurrent strong root
[2024-08-16T20:43:25.838+0800][7.058s][info ][gc             ] GC(42) Concurrent strong roots 0.051ms
[2024-08-16T20:43:25.838+0800][7.058s][info ][gc,start       ] GC(42) Concurrent evacuation
[2024-08-16T20:43:25.838+0800][7.058s][info ][gc,task        ] GC(42) Using 4 of 8 workers for concurrent evacuation
[2024-08-16T20:43:25.851+0800][7.071s][info ][gc             ] GC(42) Failed to allocate 1024K for evacuation
[2024-08-16T20:43:25.851+0800][7.071s][info ][gc             ] GC(42) Cancelling GC: Allocation Failure During Evacuation
[2024-08-16T20:43:25.852+0800][7.072s][info ][gc             ] GC(42) Concurrent evacuation 13.893ms
[2024-08-16T20:43:25.852+0800][7.072s][info ][gc,ergo        ] Free: 2047K, Max: 1023K regular, 0B humongous, Frag: 0% external, 50% internal; Reserve: 0B, Max: 0B
[2024-08-16T20:43:25.852+0800][7.072s][info ][gc,stats       ] 
[2024-08-16T20:43:25.852+0800][7.072s][info ][gc,stats       ] All times are wall-clock times, except per-root-class counters, that are sum over
[2024-08-16T20:43:25.852+0800][7.072s][info ][gc,stats       ] all workers. Dividing the <total> over the root stage time estimates parallelism.
[2024-08-16T20:43:25.852+0800][7.072s][info ][gc,stats       ] 
[2024-08-16T20:43:25.852+0800][7.072s][info ][gc,stats       ] Concurrent Reset                    294 us
[2024-08-16T20:43:25.852+0800][7.072s][info ][gc,stats       ] Pause Init Mark (G)                 242 us
[2024-08-16T20:43:25.852+0800][7.072s][info ][gc,stats       ] Pause Init Mark (N)                 182 us
[2024-08-16T20:43:25.852+0800][7.072s][info ][gc,stats       ]   Update Region States              119 us
[2024-08-16T20:43:25.852+0800][7.072s][info ][gc,stats       ] Concurrent Mark Roots               205 us, parallelism: 1.10x
[2024-08-16T20:43:25.852+0800][7.072s][info ][gc,stats       ]   CMR: <total>                      226 us
[2024-08-16T20:43:25.852+0800][7.072s][info ][gc,stats       ]   CMR: Thread Roots                 180 us, workers (us):  38,  69,  39,  34, ---, ---, ---, ---, 
[2024-08-16T20:43:25.852+0800][7.072s][info ][gc,stats       ]   CMR: VM Strong Roots                4 us, workers (us):   3,   0,   0,   0, ---, ---, ---, ---, 
[2024-08-16T20:43:25.852+0800][7.072s][info ][gc,stats       ]   CMR: CLDG Roots                    43 us, workers (us):  41,   1, ---, ---, ---, ---, ---, ---, 
[2024-08-16T20:43:25.852+0800][7.072s][info ][gc,stats       ] Concurrent Marking                  911 us
[2024-08-16T20:43:25.852+0800][7.072s][info ][gc,stats       ] Pause Final Mark (G)                612 us
[2024-08-16T20:43:25.852+0800][7.072s][info ][gc,stats       ] Pause Final Mark (N)                549 us
[2024-08-16T20:43:25.852+0800][7.072s][info ][gc,stats       ]   Finish Mark                       290 us
[2024-08-16T20:43:25.852+0800][7.072s][info ][gc,stats       ]   Update Region States               95 us
[2024-08-16T20:43:25.852+0800][7.072s][info ][gc,stats       ]   Choose Collection Set             102 us
[2024-08-16T20:43:25.852+0800][7.072s][info ][gc,stats       ]   Rebuild Free Set                    9 us
[2024-08-16T20:43:25.852+0800][7.072s][info ][gc,stats       ] Concurrent Thread Roots             156 us, parallelism: 0.60x
[2024-08-16T20:43:25.852+0800][7.072s][info ][gc,stats       ]   CTR: <total>                       94 us
[2024-08-16T20:43:25.852+0800][7.072s][info ][gc,stats       ]   CTR: Thread Roots                  94 us, workers (us):  28,  32,  34,   0, ---, ---, ---, ---, 
[2024-08-16T20:43:25.852+0800][7.072s][info ][gc,stats       ] Concurrent Weak References           98 us, parallelism: 0.05x
[2024-08-16T20:43:25.852+0800][7.072s][info ][gc,stats       ]   CWRF: <total>                       5 us
[2024-08-16T20:43:25.852+0800][7.072s][info ][gc,stats       ]   CWRF: Weak References               5 us, workers (us):   4,   0,   0,   0, ---, ---, ---, ---, 
[2024-08-16T20:43:25.852+0800][7.072s][info ][gc,stats       ] Concurrent Weak Roots               214 us
[2024-08-16T20:43:25.852+0800][7.072s][info ][gc,stats       ]   Roots                             129 us, parallelism: 1.13x
[2024-08-16T20:43:25.852+0800][7.072s][info ][gc,stats       ]     CWR: <total>                    146 us
[2024-08-16T20:43:25.852+0800][7.072s][info ][gc,stats       ]     CWR: Code Cache Roots           117 us, workers (us):  48,  65,   4,   0, ---, ---, ---, ---, 
[2024-08-16T20:43:25.852+0800][7.072s][info ][gc,stats       ]     CWR: VM Weak Roots               28 us, workers (us):  18,   8,   1,   0, ---, ---, ---, ---, 
[2024-08-16T20:43:25.852+0800][7.072s][info ][gc,stats       ]     CWR: CLDG Roots                   1 us, workers (us): ---,   1, ---, ---, ---, ---, ---, ---, 
[2024-08-16T20:43:25.852+0800][7.072s][info ][gc,stats       ]   Rendezvous                         49 us
[2024-08-16T20:43:25.852+0800][7.072s][info ][gc,stats       ] Concurrent Cleanup                  115 us
[2024-08-16T20:43:25.852+0800][7.072s][info ][gc,stats       ] Concurrent Class Unloading          461 us
[2024-08-16T20:43:25.852+0800][7.072s][info ][gc,stats       ]   Unlink Stale                      284 us
[2024-08-16T20:43:25.852+0800][7.072s][info ][gc,stats       ]     System Dictionary                17 us
[2024-08-16T20:43:25.852+0800][7.072s][info ][gc,stats       ]     Weak Class Links                  0 us
[2024-08-16T20:43:25.852+0800][7.072s][info ][gc,stats       ]     Code Roots                      266 us
[2024-08-16T20:43:25.852+0800][7.072s][info ][gc,stats       ]   Rendezvous                         74 us
[2024-08-16T20:43:25.852+0800][7.072s][info ][gc,stats       ]   Purge Unlinked                     65 us
[2024-08-16T20:43:25.852+0800][7.072s][info ][gc,stats       ]     Code Roots                       52 us
[2024-08-16T20:43:25.852+0800][7.072s][info ][gc,stats       ]     CLDG                             13 us
[2024-08-16T20:43:25.852+0800][7.072s][info ][gc,stats       ]     Exception Caches                  0 us
[2024-08-16T20:43:25.852+0800][7.072s][info ][gc,stats       ] Concurrent Strong Roots              77 us, parallelism: 0.19x
[2024-08-16T20:43:25.852+0800][7.072s][info ][gc,stats       ]   CSR: <total>                       14 us
[2024-08-16T20:43:25.852+0800][7.072s][info ][gc,stats       ]   CSR: VM Strong Roots                2 us, workers (us):   2,   0,   0,   0, ---, ---, ---, ---, 
[2024-08-16T20:43:25.852+0800][7.072s][info ][gc,stats       ]   CSR: CLDG Roots                    13 us, workers (us):  12,   0, ---, ---, ---, ---, ---, ---, 
[2024-08-16T20:43:25.852+0800][7.072s][info ][gc,stats       ] Concurrent Evacuation             13945 us
[2024-08-16T20:43:25.852+0800][7.072s][info ][gc,stats       ] Pacing                            11887 us
[2024-08-16T20:43:25.852+0800][7.072s][info ][gc,stats       ] 
[2024-08-16T20:43:25.852+0800][7.072s][info ][gc,stats       ] Allocation pacing accrued:
[2024-08-16T20:43:25.852+0800][7.072s][info ][gc,stats       ]      12 of    19 ms ( 63.3%): main
[2024-08-16T20:43:25.852+0800][7.072s][info ][gc,stats       ]      12 of    19 ms ( 63.3%): <total>
[2024-08-16T20:43:25.852+0800][7.072s][info ][gc,stats       ]       1 of    19 ms (  5.8%): <average total>
[2024-08-16T20:43:25.852+0800][7.072s][info ][gc,stats       ]      12 of    19 ms ( 63.3%): <average non-zero>
[2024-08-16T20:43:25.852+0800][7.072s][info ][gc,stats       ] 
[2024-08-16T20:43:25.852+0800][7.072s][info ][gc,metaspace   ] Metaspace: 824K(960K)->824K(960K) NonClass: 766K(832K)->766K(832K) Class: 58K(128K)->58K(128K)
[2024-08-16T20:43:25.852+0800][7.072s][info ][gc,ergo        ] Pacer for Idle. Initial: 83886K, Alloc Tax Rate: 1.0x
[2024-08-16T20:43:25.854+0800][7.073s][info ][gc             ] Trigger: Handle Allocation Failure
[2024-08-16T20:43:25.854+0800][7.073s][info ][gc,ergo        ] Free: 2047K, Max: 1023K regular, 0B humongous, Frag: 0% external, 50% internal; Reserve: 0B, Max: 0B
[2024-08-16T20:43:25.854+0800][7.073s][info ][gc,start       ] GC(43) Pause Degenerated GC (Evacuation)
[2024-08-16T20:43:25.854+0800][7.073s][info ][gc,task        ] GC(43) Using 8 of 8 workers for stw degenerated gc
[2024-08-16T20:43:25.854+0800][7.074s][info ][gc             ] GC(43) Cancelling GC: Allocation Failure During Evacuation
[2024-08-16T20:43:25.855+0800][7.075s][info ][gc             ] GC(43) Cannot finish degeneration, upgrading to Full GC
[2024-08-16T20:43:25.858+0800][7.077s][debug][gc,tlab        ] GC(43) TLAB totals: thrds: 1  refills: 1 max: 1 slow allocs: 3 max 3 waste: 68.6% gc: 27784B max: 27784B slow: 0B max: 0B
[2024-08-16T20:43:25.858+0800][7.077s][info ][gc,phases,start] GC(43) Phase 1: Mark live objects
[2024-08-16T20:43:25.858+0800][7.077s][info ][gc,ref         ] GC(43) Clearing All SoftReferences
[2024-08-16T20:43:25.858+0800][7.077s][info ][gc,ref         ] GC(43) Clearing All SoftReferences
[2024-08-16T20:43:25.859+0800][7.078s][info ][gc,ref         ] GC(43) Encountered references: Soft: 67, Weak: 189, Final: 0, Phantom: 1
[2024-08-16T20:43:25.859+0800][7.078s][info ][gc,ref         ] GC(43) Discovered  references: Soft: 48, Weak: 0, Final: 0, Phantom: 1
[2024-08-16T20:43:25.859+0800][7.078s][info ][gc,ref         ] GC(43) Enqueued    references: Soft: 0, Weak: 0, Final: 0, Phantom: 0
[2024-08-16T20:43:25.859+0800][7.079s][debug][gc,phases,start] GC(43) ClassLoaderData
[2024-08-16T20:43:25.859+0800][7.079s][debug][gc,phases      ] GC(43) ClassLoaderData 0.028ms
[2024-08-16T20:43:25.859+0800][7.079s][debug][gc,phases,start] GC(43) Trigger cleanups
[2024-08-16T20:43:25.859+0800][7.079s][debug][gc,phases      ] GC(43) Trigger cleanups 0.004ms
[2024-08-16T20:43:25.859+0800][7.079s][info ][gc,phases      ] GC(43) Phase 1: Mark live objects 1.459ms
[2024-08-16T20:43:25.859+0800][7.079s][info ][gc,phases,start] GC(43) Phase 2: Compute new object addresses
[2024-08-16T20:43:25.861+0800][7.081s][info ][gc,phases      ] GC(43) Phase 2: Compute new object addresses 1.883ms
[2024-08-16T20:43:25.861+0800][7.081s][info ][gc,phases,start] GC(43) Phase 3: Adjust pointers
[2024-08-16T20:43:25.863+0800][7.083s][info ][gc,phases      ] GC(43) Phase 3: Adjust pointers 2.287ms
[2024-08-16T20:43:25.864+0800][7.083s][info ][gc,phases,start] GC(43) Phase 4: Move objects
[2024-08-16T20:43:25.919+0800][7.138s][info ][gc,phases      ] GC(43) Phase 4: Move objects 55.188ms
[2024-08-16T20:43:25.919+0800][7.139s][info ][gc,ergo        ] GC(43) Good progress for free space: 1979M, need 41943K
[2024-08-16T20:43:25.919+0800][7.139s][info ][gc,ergo        ] GC(43) Good progress for used space: 237M, need 2048K
[2024-08-16T20:43:25.919+0800][7.139s][info ][gc             ] GC(43) Pause Degenerated GC (Evacuation) 2147M->1910M(4096M) 65.311ms
[2024-08-16T20:43:25.919+0800][7.139s][debug][gc,ergo        ] GC(43) Margin of error now 2.71
[2024-08-16T20:43:25.919+0800][7.139s][debug][gc,ergo        ] GC(43) Spike threshold now: 0.90
[2024-08-16T20:43:25.919+0800][7.139s][info ][gc,ergo        ] Free: 74751K, Max: 2048K regular, 67584K humongous, Frag: 3% external, 6% internal; Reserve: 206M, Max: 2048K
[2024-08-16T20:43:25.919+0800][7.139s][info ][gc,stats       ] 
[2024-08-16T20:43:25.919+0800][7.139s][info ][gc,stats       ] All times are wall-clock times, except per-root-class counters, that are sum over
[2024-08-16T20:43:25.919+0800][7.139s][info ][gc,stats       ] all workers. Dividing the <total> over the root stage time estimates parallelism.
[2024-08-16T20:43:25.919+0800][7.139s][info ][gc,stats       ] 
[2024-08-16T20:43:25.919+0800][7.139s][info ][gc,stats       ] Pause Degenerated GC (G)          65535 us
[2024-08-16T20:43:25.919+0800][7.139s][info ][gc,stats       ] Pause Degenerated GC (N)          65343 us
[2024-08-16T20:43:25.919+0800][7.139s][info ][gc,stats       ]   Evacuation                       1473 us
[2024-08-16T20:43:25.919+0800][7.139s][info ][gc,stats       ]   Pre Heap Dump                       1 us
[2024-08-16T20:43:25.919+0800][7.139s][info ][gc,stats       ]   Prepare                          2549 us
[2024-08-16T20:43:25.919+0800][7.139s][info ][gc,stats       ]     Update Roots                    327 us, parallelism: 1.85x
[2024-08-16T20:43:25.919+0800][7.139s][info ][gc,stats       ]       FU: <total>                   605 us
[2024-08-16T20:43:25.919+0800][7.139s][info ][gc,stats       ]       FU: Thread Roots               45 us, workers (us):   0,   9,   0,  35,   0,   0,   0,   0, 
[2024-08-16T20:43:25.919+0800][7.139s][info ][gc,stats       ]       FU: Code Cache Roots          510 us, workers (us): 252,  31, 226,   0,   0,   0,   0,   0, 
[2024-08-16T20:43:25.919+0800][7.139s][info ][gc,stats       ]       FU: VM Strong Roots             2 us, workers (us):   1,   0,   0,   0,   0,   0,   0,   0, 
[2024-08-16T20:43:25.919+0800][7.139s][info ][gc,stats       ]       FU: VM Weak Roots              21 us, workers (us):  19,   1,   0,   0,   0,   0,   0,   0, 
[2024-08-16T20:43:25.919+0800][7.139s][info ][gc,stats       ]       FU: CLDG Roots                 28 us, workers (us):  10,  16,   0,   1,   0,   0,   0,   0, 
[2024-08-16T20:43:25.919+0800][7.139s][info ][gc,stats       ]   Mark                             1453 us, parallelism: 3.13x
[2024-08-16T20:43:25.919+0800][7.139s][info ][gc,stats       ]     FM: <total>                    4552 us
[2024-08-16T20:43:25.919+0800][7.139s][info ][gc,stats       ]     FM: Thread Roots                 44 us, workers (us):  22,  18,   0,   1,   0,   1,   1,   1, 
[2024-08-16T20:43:25.919+0800][7.139s][info ][gc,stats       ]     FM: VM Strong Roots               4 us, workers (us):   0,   3,   0,   0,   0,   0,   0,   0, 
[2024-08-16T20:43:25.919+0800][7.139s][info ][gc,stats       ]     FM: CLDG Roots                   47 us, workers (us):  41,   1,   0,   1,   0,   1,   1,   1, 
[2024-08-16T20:43:25.919+0800][7.139s][info ][gc,stats       ]     FM: Parallel Mark              4456 us, workers (us): 595, 549, 621, 585, 563, 506, 557, 480, 
[2024-08-16T20:43:25.919+0800][7.139s][info ][gc,stats       ]     System Purge                    669 us
[2024-08-16T20:43:25.919+0800][7.139s][info ][gc,stats       ]       Weak References               211 us, parallelism: 0.02x
[2024-08-16T20:43:25.919+0800][7.139s][info ][gc,stats       ]         WRP: <total>                  4 us
[2024-08-16T20:43:25.919+0800][7.139s][info ][gc,stats       ]         WRP: Weak References          4 us, workers (us):   4,   0,   0,   0,   0,   0,   0,   0, 
[2024-08-16T20:43:25.919+0800][7.139s][info ][gc,stats       ]       Unload Classes                291 us, parallelism: 2.40x
[2024-08-16T20:43:25.919+0800][7.139s][info ][gc,stats       ]         CU: <total>                 698 us
[2024-08-16T20:43:25.919+0800][7.139s][info ][gc,stats       ]         CU: Unload Code Caches      698 us, workers (us): 121, 120, 122, 123,  85,  87,  39,   0, 
[2024-08-16T20:43:25.919+0800][7.139s][info ][gc,stats       ]       Weak Roots                    165 us, parallelism: 0.17x
[2024-08-16T20:43:25.919+0800][7.139s][info ][gc,stats       ]         WR: <total>                  29 us
[2024-08-16T20:43:25.919+0800][7.139s][info ][gc,stats       ]         WR: VM Weak Roots            29 us, workers (us):  16,   9,   1,   1,   1,   0,   0,   1, 
[2024-08-16T20:43:25.919+0800][7.139s][info ][gc,stats       ]       CLDG                            1 us
[2024-08-16T20:43:25.919+0800][7.139s][info ][gc,stats       ]   Calculate Addresses              1873 us
[2024-08-16T20:43:25.919+0800][7.139s][info ][gc,stats       ]     Regular Objects                1844 us
[2024-08-16T20:43:25.919+0800][7.139s][info ][gc,stats       ]     Humongous Objects                11 us
[2024-08-16T20:43:25.919+0800][7.139s][info ][gc,stats       ]   Adjust Pointers                  2280 us
[2024-08-16T20:43:25.919+0800][7.139s][info ][gc,stats       ]     FA: <total>                     479 us
[2024-08-16T20:43:25.919+0800][7.139s][info ][gc,stats       ]     FA: Thread Roots                 27 us, workers (us):  12,   1,   2,   0,  12,   0,   0,   0, 
[2024-08-16T20:43:25.919+0800][7.139s][info ][gc,stats       ]     FA: Code Cache Roots            410 us, workers (us):   0, 177,  14, 218,   0,   0,   0,   0, 
[2024-08-16T20:43:25.919+0800][7.139s][info ][gc,stats       ]     FA: VM Strong Roots               4 us, workers (us):   2,   1,   0,   0,   0,   0,   0,   0, 
[2024-08-16T20:43:25.919+0800][7.139s][info ][gc,stats       ]     FA: VM Weak Roots                20 us, workers (us):   9,   9,   1,   0,   0,   0,   0,   0, 
[2024-08-16T20:43:25.919+0800][7.139s][info ][gc,stats       ]     FA: CLDG Roots                   18 us, workers (us):  13,   2,   1,   1,   1,   0,   0,   0, 
[2024-08-16T20:43:25.919+0800][7.139s][info ][gc,stats       ]   Copy Objects                    55183 us
[2024-08-16T20:43:25.919+0800][7.139s][info ][gc,stats       ]     Regular Objects               52348 us
[2024-08-16T20:43:25.919+0800][7.139s][info ][gc,stats       ]     Humongous Objects                17 us
[2024-08-16T20:43:25.919+0800][7.139s][info ][gc,stats       ]     Reset Complete Bitmap          2762 us
[2024-08-16T20:43:25.919+0800][7.139s][info ][gc,stats       ]     Rebuild Region Sets              54 us
[2024-08-16T20:43:25.919+0800][7.139s][info ][gc,stats       ]   Post Heap Dump                      1 us
[2024-08-16T20:43:25.919+0800][7.139s][info ][gc,stats       ] Pacing                            67605 us
[2024-08-16T20:43:25.919+0800][7.139s][info ][gc,stats       ] 
[2024-08-16T20:43:25.919+0800][7.139s][info ][gc,stats       ] Allocation pacing accrued:
[2024-08-16T20:43:25.919+0800][7.139s][info ][gc,stats       ]      68 of    67 ms (100.8%): main
[2024-08-16T20:43:25.919+0800][7.139s][info ][gc,stats       ]      68 of    67 ms (100.8%): <total>
[2024-08-16T20:43:25.920+0800][7.139s][info ][gc,stats       ]       6 of    67 ms (  9.2%): <average total>
[2024-08-16T20:43:25.920+0800][7.139s][info ][gc,stats       ]      68 of    67 ms (100.8%): <average non-zero>
[2024-08-16T20:43:25.920+0800][7.139s][info ][gc,stats       ] 
[2024-08-16T20:43:25.920+0800][7.139s][info ][gc,metaspace   ] Metaspace: 824K(960K)->824K(960K) NonClass: 766K(832K)->766K(832K) Class: 58K(128K)->58K(128K)
[2024-08-16T20:43:25.920+0800][7.139s][info ][gc,ergo        ] Pacer for Idle. Initial: 83886K, Alloc Tax Rate: 1.0x
[2024-08-16T20:43:25.921+0800][7.140s][info ][gc             ] Trigger: Free (72703K) is below minimum threshold (409M)
[2024-08-16T20:43:25.921+0800][7.140s][info ][gc,ergo        ] Free: 72703K, Max: 2048K regular, 67584K humongous, Frag: 0% external, 6% internal; Reserve: 206M, Max: 2048K
[2024-08-16T20:43:25.921+0800][7.140s][info ][gc,start       ] GC(44) Concurrent reset
[2024-08-16T20:43:25.921+0800][7.140s][info ][gc,task        ] GC(44) Using 4 of 8 workers for concurrent reset
[2024-08-16T20:43:25.921+0800][7.140s][info ][gc,ergo        ] GC(44) Pacer for Reset. Non-Taxable: 4096M
[2024-08-16T20:43:25.921+0800][7.141s][info ][gc             ] GC(44) Concurrent reset 0.404ms
[2024-08-16T20:43:25.921+0800][7.141s][info ][gc,start       ] GC(44) Pause Init Mark (unload classes)
[2024-08-16T20:43:25.921+0800][7.141s][info ][gc,task        ] GC(44) Using 8 of 8 workers for init marking
[2024-08-16T20:43:25.921+0800][7.141s][info ][gc,ergo        ] GC(44) Pacer for Mark. Expected Live: 3797M, Free: 72703K, Non-Taxable: 7270K, Alloc Tax Rate: 65.4x
[2024-08-16T20:43:25.921+0800][7.141s][info ][gc             ] GC(44) Pause Init Mark (unload classes) 0.204ms
[2024-08-16T20:43:25.921+0800][7.141s][info ][gc,start       ] GC(44) Concurrent marking roots
[2024-08-16T20:43:25.922+0800][7.141s][info ][gc,task        ] GC(44) Using 4 of 8 workers for concurrent marking roots
[2024-08-16T20:43:25.922+0800][7.141s][debug][gc,tlab        ] GC(44) TLAB totals: thrds: 1  refills: 1 max: 1 slow allocs: 1 max 1 waste: 90.5% gc: 40104B max: 40104B slow: 0B max: 0B
[2024-08-16T20:43:25.922+0800][7.141s][info ][gc             ] GC(44) Concurrent marking roots 0.233ms
[2024-08-16T20:43:25.922+0800][7.141s][info ][gc,start       ] GC(44) Concurrent marking (unload classes)
[2024-08-16T20:43:25.922+0800][7.141s][info ][gc,task        ] GC(44) Using 4 of 8 workers for concurrent marking
[2024-08-16T20:43:25.923+0800][7.142s][info ][gc             ] GC(44) Concurrent marking (unload classes) 0.844ms
[2024-08-16T20:43:25.923+0800][7.142s][info ][gc,start       ] GC(44) Pause Final Mark (unload classes)
[2024-08-16T20:43:25.923+0800][7.142s][info ][gc,task        ] GC(44) Using 8 of 8 workers for final marking
[2024-08-16T20:43:25.923+0800][7.143s][info ][gc,ergo        ] GC(44) Adaptive CSet Selection. Target Free: 580M, Actual Free: 270M, Max CSet: 170M, Min Garbage: 310M
[2024-08-16T20:43:25.923+0800][7.143s][info ][gc,ergo        ] GC(44) Collectable Garbage: 41600B (100%), Immediate: 0B (0%), CSet: 41600B (100%)
[2024-08-16T20:43:25.923+0800][7.143s][info ][gc,ergo        ] GC(44) Pacer for Evacuation. Used CSet: 170M, Free: 1806M, Non-Taxable: 180M, Alloc Tax Rate: 1.1x
[2024-08-16T20:43:25.923+0800][7.143s][info ][gc             ] GC(44) Pause Final Mark (unload classes) 0.481ms
[2024-08-16T20:43:25.923+0800][7.143s][info ][gc,start       ] GC(44) Concurrent thread roots
[2024-08-16T20:43:25.923+0800][7.143s][info ][gc,task        ] GC(44) Using 4 of 8 workers for Concurrent thread roots
[2024-08-16T20:43:25.923+0800][7.143s][info ][gc             ] GC(44) Concurrent thread roots 0.128ms
[2024-08-16T20:43:25.923+0800][7.143s][info ][gc,start       ] GC(44) Concurrent weak references
[2024-08-16T20:43:25.923+0800][7.143s][info ][gc,task        ] GC(44) Using 4 of 8 workers for concurrent weak references
[2024-08-16T20:43:25.923+0800][7.143s][info ][gc,ref         ] GC(44) Encountered references: Soft: 67, Weak: 189, Final: 0, Phantom: 1
[2024-08-16T20:43:25.923+0800][7.143s][info ][gc,ref         ] GC(44) Discovered  references: Soft: 0, Weak: 50, Final: 0, Phantom: 1
[2024-08-16T20:43:25.923+0800][7.143s][info ][gc,ref         ] GC(44) Enqueued    references: Soft: 0, Weak: 0, Final: 0, Phantom: 0
[2024-08-16T20:43:25.924+0800][7.143s][info ][gc             ] GC(44) Concurrent weak references 0.116ms
[2024-08-16T20:43:25.924+0800][7.143s][info ][gc,start       ] GC(44) Concurrent weak roots
[2024-08-16T20:43:25.924+0800][7.143s][info ][gc,task        ] GC(44) Using 4 of 8 workers for concurrent weak root
[2024-08-16T20:43:25.924+0800][7.143s][info ][gc             ] GC(44) Concurrent weak roots 0.209ms
[2024-08-16T20:43:25.924+0800][7.143s][info ][gc,start       ] GC(44) Concurrent cleanup
[2024-08-16T20:43:25.924+0800][7.144s][info ][gc             ] GC(44) Concurrent cleanup 1914M->1914M(4096M) 0.104ms
[2024-08-16T20:43:25.924+0800][7.144s][info ][gc,ergo        ] GC(44) Free: 64511K, Max: 2048K regular, 63488K humongous, Frag: 0% external, 1% internal; Reserve: 205M, Max: 2048K
[2024-08-16T20:43:25.924+0800][7.144s][info ][gc,start       ] GC(44) Concurrent class unloading
[2024-08-16T20:43:25.924+0800][7.144s][info ][gc,task        ] GC(44) Using 4 of 8 workers for concurrent class unloading
[2024-08-16T20:43:25.924+0800][7.144s][debug][gc,phases,start] GC(44) ClassLoaderData
[2024-08-16T20:43:25.924+0800][7.144s][debug][gc,phases      ] GC(44) ClassLoaderData 0.007ms
[2024-08-16T20:43:25.924+0800][7.144s][debug][gc,phases,start] GC(44) Trigger cleanups
[2024-08-16T20:43:25.924+0800][7.144s][debug][gc,phases      ] GC(44) Trigger cleanups 0.006ms
[2024-08-16T20:43:25.924+0800][7.144s][info ][gc             ] GC(44) Concurrent class unloading 0.445ms
[2024-08-16T20:43:25.924+0800][7.144s][info ][gc,start       ] GC(44) Concurrent strong roots
[2024-08-16T20:43:25.924+0800][7.144s][info ][gc,task        ] GC(44) Using 4 of 8 workers for concurrent strong root
[2024-08-16T20:43:25.924+0800][7.144s][info ][gc             ] GC(44) Concurrent strong roots 0.072ms
[2024-08-16T20:43:25.925+0800][7.144s][info ][gc,start       ] GC(44) Concurrent evacuation
[2024-08-16T20:43:25.925+0800][7.144s][info ][gc,task        ] GC(44) Using 4 of 8 workers for concurrent evacuation
[2024-08-16T20:43:25.937+0800][7.157s][info ][gc             ] GC(44) Failed to allocate 1024K for evacuation
[2024-08-16T20:43:25.937+0800][7.157s][info ][gc             ] GC(44) Cancelling GC: Allocation Failure During Evacuation
[2024-08-16T20:43:25.938+0800][7.158s][info ][gc             ] GC(44) Concurrent evacuation 13.833ms
[2024-08-16T20:43:25.938+0800][7.158s][info ][gc,ergo        ] Free: 1023K, Max: 1023K regular, 0B humongous, Frag: 0% external, 50% internal; Reserve: 0B, Max: 0B
[2024-08-16T20:43:25.938+0800][7.158s][info ][gc,stats       ] 
[2024-08-16T20:43:25.938+0800][7.158s][info ][gc,stats       ] All times are wall-clock times, except per-root-class counters, that are sum over
[2024-08-16T20:43:25.938+0800][7.158s][info ][gc,stats       ] all workers. Dividing the <total> over the root stage time estimates parallelism.
[2024-08-16T20:43:25.938+0800][7.158s][info ][gc,stats       ] 
[2024-08-16T20:43:25.938+0800][7.158s][info ][gc,stats       ] Concurrent Reset                    480 us
[2024-08-16T20:43:25.938+0800][7.158s][info ][gc,stats       ] Pause Init Mark (G)                 326 us
[2024-08-16T20:43:25.938+0800][7.158s][info ][gc,stats       ] Pause Init Mark (N)                 234 us
[2024-08-16T20:43:25.938+0800][7.158s][info ][gc,stats       ]   Update Region States              153 us
[2024-08-16T20:43:25.938+0800][7.158s][info ][gc,stats       ] Concurrent Mark Roots               268 us, parallelism: 1.08x
[2024-08-16T20:43:25.938+0800][7.158s][info ][gc,stats       ]   CMR: <total>                      289 us
[2024-08-16T20:43:25.939+0800][7.158s][info ][gc,stats       ]   CMR: Thread Roots                 226 us, workers (us):  15,  89,  79,  42, ---, ---, ---, ---, 
[2024-08-16T20:43:25.939+0800][7.158s][info ][gc,stats       ]   CMR: VM Strong Roots                5 us, workers (us):   4,   0,   0,   0, ---, ---, ---, ---, 
[2024-08-16T20:43:25.939+0800][7.158s][info ][gc,stats       ]   CMR: CLDG Roots                    58 us, workers (us):  58,   1, ---, ---, ---, ---, ---, ---, 
[2024-08-16T20:43:25.939+0800][7.158s][info ][gc,stats       ] Concurrent Marking                  890 us
[2024-08-16T20:43:25.939+0800][7.158s][info ][gc,stats       ] Pause Final Mark (G)                573 us
[2024-08-16T20:43:25.939+0800][7.158s][info ][gc,stats       ] Pause Final Mark (N)                507 us
[2024-08-16T20:43:25.939+0800][7.158s][info ][gc,stats       ]   Finish Mark                       264 us
[2024-08-16T20:43:25.939+0800][7.158s][info ][gc,stats       ]   Update Region States               96 us
[2024-08-16T20:43:25.939+0800][7.158s][info ][gc,stats       ]   Choose Collection Set              81 us
[2024-08-16T20:43:25.939+0800][7.158s][info ][gc,stats       ]   Rebuild Free Set                    7 us
[2024-08-16T20:43:25.939+0800][7.158s][info ][gc,stats       ] Concurrent Thread Roots             158 us, parallelism: 0.58x
[2024-08-16T20:43:25.939+0800][7.158s][info ][gc,stats       ]   CTR: <total>                       92 us
[2024-08-16T20:43:25.939+0800][7.158s][info ][gc,stats       ]   CTR: Thread Roots                  92 us, workers (us):  29,  30,  33,   0, ---, ---, ---, ---, 
[2024-08-16T20:43:25.939+0800][7.158s][info ][gc,stats       ] Concurrent Weak References          143 us, parallelism: 0.02x
[2024-08-16T20:43:25.939+0800][7.158s][info ][gc,stats       ]   CWRF: <total>                       3 us
[2024-08-16T20:43:25.939+0800][7.158s][info ][gc,stats       ]   CWRF: Weak References               3 us, workers (us):   2,   1,   0,   0, ---, ---, ---, ---, 
[2024-08-16T20:43:25.939+0800][7.158s][info ][gc,stats       ] Concurrent Weak Roots               239 us
[2024-08-16T20:43:25.939+0800][7.158s][info ][gc,stats       ]   Roots                             144 us, parallelism: 1.16x
[2024-08-16T20:43:25.939+0800][7.158s][info ][gc,stats       ]     CWR: <total>                    168 us
[2024-08-16T20:43:25.939+0800][7.158s][info ][gc,stats       ]     CWR: Code Cache Roots           141 us, workers (us):  63,  74,   4,   0, ---, ---, ---, ---, 
[2024-08-16T20:43:25.939+0800][7.158s][info ][gc,stats       ]     CWR: VM Weak Roots               26 us, workers (us):  20,   5,   1,   0, ---, ---, ---, ---, 
[2024-08-16T20:43:25.939+0800][7.158s][info ][gc,stats       ]     CWR: CLDG Roots                   1 us, workers (us):   1, ---, ---, ---, ---, ---, ---, ---, 
[2024-08-16T20:43:25.939+0800][7.158s][info ][gc,stats       ]   Rendezvous                         49 us
[2024-08-16T20:43:25.939+0800][7.158s][info ][gc,stats       ] Concurrent Cleanup                  143 us
[2024-08-16T20:43:25.939+0800][7.158s][info ][gc,stats       ] Concurrent Class Unloading          492 us
[2024-08-16T20:43:25.939+0800][7.158s][info ][gc,stats       ]   Unlink Stale                      310 us
[2024-08-16T20:43:25.939+0800][7.158s][info ][gc,stats       ]     System Dictionary                25 us
[2024-08-16T20:43:25.939+0800][7.158s][info ][gc,stats       ]     Weak Class Links                  0 us
[2024-08-16T20:43:25.939+0800][7.158s][info ][gc,stats       ]     Code Roots                      284 us
[2024-08-16T20:43:25.939+0800][7.158s][info ][gc,stats       ]   Rendezvous                         57 us
[2024-08-16T20:43:25.939+0800][7.158s][info ][gc,stats       ]   Purge Unlinked                     63 us
[2024-08-16T20:43:25.939+0800][7.158s][info ][gc,stats       ]     Code Roots                       47 us
[2024-08-16T20:43:25.939+0800][7.158s][info ][gc,stats       ]     CLDG                             16 us
[2024-08-16T20:43:25.939+0800][7.158s][info ][gc,stats       ]     Exception Caches                  0 us
[2024-08-16T20:43:25.939+0800][7.158s][info ][gc,stats       ] Concurrent Strong Roots              98 us, parallelism: 0.14x
[2024-08-16T20:43:25.939+0800][7.158s][info ][gc,stats       ]   CSR: <total>                       14 us
[2024-08-16T20:43:25.939+0800][7.158s][info ][gc,stats       ]   CSR: VM Strong Roots                2 us, workers (us):   1,   0,   0,   0, ---, ---, ---, ---, 
[2024-08-16T20:43:25.939+0800][7.158s][info ][gc,stats       ]   CSR: CLDG Roots                    13 us, workers (us):  13, ---, ---, ---, ---, ---, ---, ---, 
[2024-08-16T20:43:25.939+0800][7.158s][info ][gc,stats       ] Concurrent Evacuation             13867 us
[2024-08-16T20:43:25.939+0800][7.158s][info ][gc,stats       ] Pacing                            11002 us
[2024-08-16T20:43:25.939+0800][7.158s][info ][gc,stats       ] 
[2024-08-16T20:43:25.939+0800][7.158s][info ][gc,stats       ] Allocation pacing accrued:
[2024-08-16T20:43:25.939+0800][7.158s][info ][gc,stats       ]      11 of    19 ms ( 57.1%): main
[2024-08-16T20:43:25.939+0800][7.158s][info ][gc,stats       ]      11 of    19 ms ( 57.1%): <total>
[2024-08-16T20:43:25.939+0800][7.158s][info ][gc,stats       ]       1 of    19 ms (  5.2%): <average total>
[2024-08-16T20:43:25.939+0800][7.158s][info ][gc,stats       ]      11 of    19 ms ( 57.1%): <average non-zero>
[2024-08-16T20:43:25.939+0800][7.158s][info ][gc,stats       ] 
[2024-08-16T20:43:25.939+0800][7.158s][info ][gc,metaspace   ] Metaspace: 824K(960K)->824K(960K) NonClass: 766K(832K)->766K(832K) Class: 58K(128K)->58K(128K)
[2024-08-16T20:43:25.939+0800][7.158s][info ][gc,ergo        ] Pacer for Idle. Initial: 83886K, Alloc Tax Rate: 1.0x
[2024-08-16T20:43:25.940+0800][7.160s][info ][gc             ] Trigger: Handle Allocation Failure
[2024-08-16T20:43:25.940+0800][7.160s][info ][gc,ergo        ] Free: 1023K, Max: 1023K regular, 0B humongous, Frag: 0% external, 50% internal; Reserve: 0B, Max: 0B
[2024-08-16T20:43:25.940+0800][7.160s][info ][gc,start       ] GC(45) Pause Degenerated GC (Evacuation)
[2024-08-16T20:43:25.940+0800][7.160s][info ][gc,task        ] GC(45) Using 8 of 8 workers for stw degenerated gc
[2024-08-16T20:43:25.940+0800][7.160s][info ][gc             ] GC(45) Cancelling GC: Allocation Failure During Evacuation
[2024-08-16T20:43:25.941+0800][7.161s][info ][gc             ] GC(45) Cannot finish degeneration, upgrading to Full GC
[2024-08-16T20:43:25.944+0800][7.164s][debug][gc,tlab        ] GC(45) TLAB totals: thrds: 1  refills: 1 max: 1 slow allocs: 3 max 3 waste: 68.5% gc: 27616B max: 27616B slow: 0B max: 0B
[2024-08-16T20:43:25.944+0800][7.164s][info ][gc,phases,start] GC(45) Phase 1: Mark live objects
[2024-08-16T20:43:25.944+0800][7.164s][info ][gc,ref         ] GC(45) Clearing All SoftReferences
[2024-08-16T20:43:25.944+0800][7.164s][info ][gc,ref         ] GC(45) Clearing All SoftReferences
[2024-08-16T20:43:25.945+0800][7.165s][info ][gc,ref         ] GC(45) Encountered references: Soft: 67, Weak: 189, Final: 0, Phantom: 1
[2024-08-16T20:43:25.945+0800][7.165s][info ][gc,ref         ] GC(45) Discovered  references: Soft: 47, Weak: 0, Final: 0, Phantom: 1
[2024-08-16T20:43:25.945+0800][7.165s][info ][gc,ref         ] GC(45) Enqueued    references: Soft: 0, Weak: 0, Final: 0, Phantom: 0
[2024-08-16T20:43:25.946+0800][7.165s][debug][gc,phases,start] GC(45) ClassLoaderData
[2024-08-16T20:43:25.946+0800][7.165s][debug][gc,phases      ] GC(45) ClassLoaderData 0.012ms
[2024-08-16T20:43:25.946+0800][7.165s][debug][gc,phases,start] GC(45) Trigger cleanups
[2024-08-16T20:43:25.946+0800][7.165s][debug][gc,phases      ] GC(45) Trigger cleanups 0.006ms
[2024-08-16T20:43:25.946+0800][7.165s][info ][gc,phases      ] GC(45) Phase 1: Mark live objects 1.611ms
[2024-08-16T20:43:25.946+0800][7.165s][info ][gc,phases,start] GC(45) Phase 2: Compute new object addresses
[2024-08-16T20:43:25.948+0800][7.167s][info ][gc,phases      ] GC(45) Phase 2: Compute new object addresses 1.891ms
[2024-08-16T20:43:25.948+0800][7.167s][info ][gc,phases,start] GC(45) Phase 3: Adjust pointers
[2024-08-16T20:43:25.950+0800][7.169s][info ][gc,phases      ] GC(45) Phase 3: Adjust pointers 1.890ms
[2024-08-16T20:43:25.950+0800][7.169s][info ][gc,phases,start] GC(45) Phase 4: Move objects
[2024-08-16T20:43:26.005+0800][7.225s][info ][gc,phases      ] GC(45) Phase 4: Move objects 55.520ms
[2024-08-16T20:43:26.006+0800][7.225s][info ][gc,ergo        ] GC(45) Good progress for free space: 1974M, need 41943K
[2024-08-16T20:43:26.006+0800][7.225s][info ][gc,ergo        ] GC(45) Good progress for used space: 226M, need 2048K
[2024-08-16T20:43:26.006+0800][7.225s][info ][gc             ] GC(45) Pause Degenerated GC (Evacuation) 2141M->1915M(4096M) 65.613ms
[2024-08-16T20:43:26.006+0800][7.225s][debug][gc,ergo        ] GC(45) Margin of error now 2.81
[2024-08-16T20:43:26.006+0800][7.225s][debug][gc,ergo        ] GC(45) Spike threshold now: 0.80
[2024-08-16T20:43:26.006+0800][7.225s][info ][gc,ergo        ] Free: 61439K, Max: 2048K regular, 51200K humongous, Frag: 14% external, 3% internal; Reserve: 206M, Max: 2048K
[2024-08-16T20:43:26.006+0800][7.225s][info ][gc,stats       ] 
[2024-08-16T20:43:26.006+0800][7.225s][info ][gc,stats       ] All times are wall-clock times, except per-root-class counters, that are sum over
[2024-08-16T20:43:26.006+0800][7.225s][info ][gc,stats       ] all workers. Dividing the <total> over the root stage time estimates parallelism.
[2024-08-16T20:43:26.006+0800][7.225s][info ][gc,stats       ] 
[2024-08-16T20:43:26.006+0800][7.225s][info ][gc,stats       ] Pause Degenerated GC (G)          65759 us
[2024-08-16T20:43:26.006+0800][7.225s][info ][gc,stats       ] Pause Degenerated GC (N)          65654 us
[2024-08-16T20:43:26.006+0800][7.225s][info ][gc,stats       ]   Evacuation                       1469 us
[2024-08-16T20:43:26.006+0800][7.225s][info ][gc,stats       ]   Pre Heap Dump                       1 us
[2024-08-16T20:43:26.006+0800][7.225s][info ][gc,stats       ]   Prepare                          2577 us
[2024-08-16T20:43:26.006+0800][7.225s][info ][gc,stats       ]     Update Roots                    312 us, parallelism: 1.40x
[2024-08-16T20:43:26.006+0800][7.225s][info ][gc,stats       ]       FU: <total>                   435 us
[2024-08-16T20:43:26.006+0800][7.225s][info ][gc,stats       ]       FU: Thread Roots               24 us, workers (us):   1,   1,   4,  17,   1,   0,   0,   1, 
[2024-08-16T20:43:26.006+0800][7.225s][info ][gc,stats       ]       FU: Code Cache Roots          369 us, workers (us): 219, 136,  13,   0,   0,   0,   0,   0, 
[2024-08-16T20:43:26.006+0800][7.226s][info ][gc,stats       ]       FU: VM Strong Roots             3 us, workers (us):   1,   0,   0,   0,   0,   0,   0,   0, 
[2024-08-16T20:43:26.006+0800][7.226s][info ][gc,stats       ]       FU: VM Weak Roots              23 us, workers (us):  15,   5,   1,   0,   1,   0,   0,   0, 
[2024-08-16T20:43:26.006+0800][7.226s][info ][gc,stats       ]       FU: CLDG Roots                 17 us, workers (us):   1,   2,  11,   0,   1,   0,   0,   1, 
[2024-08-16T20:43:26.006+0800][7.226s][info ][gc,stats       ]   Mark                             1601 us, parallelism: 3.77x
[2024-08-16T20:43:26.006+0800][7.226s][info ][gc,stats       ]     FM: <total>                    6028 us
[2024-08-16T20:43:26.006+0800][7.226s][info ][gc,stats       ]     FM: Thread Roots                 52 us, workers (us):  31,  13,   0,   4,   1,   0,   2,   1, 
[2024-08-16T20:43:26.006+0800][7.226s][info ][gc,stats       ]     FM: VM Strong Roots               4 us, workers (us):   2,   0,   0,   1,   0,   0,   1,   0, 
[2024-08-16T20:43:26.006+0800][7.226s][info ][gc,stats       ]     FM: CLDG Roots                   37 us, workers (us):   1,  27,   0,   4,   1,   0,   2,   1, 
[2024-08-16T20:43:26.006+0800][7.226s][info ][gc,stats       ]     FM: Parallel Mark              5935 us, workers (us): 634, 897, 653, 605, 673, 878, 804, 791, 
[2024-08-16T20:43:26.006+0800][7.226s][info ][gc,stats       ]     System Purge                    495 us
[2024-08-16T20:43:26.006+0800][7.226s][info ][gc,stats       ]       Weak References               160 us, parallelism: 0.08x
[2024-08-16T20:43:26.006+0800][7.226s][info ][gc,stats       ]         WRP: <total>                 13 us
[2024-08-16T20:43:26.006+0800][7.226s][info ][gc,stats       ]         WRP: Weak References         13 us, workers (us):  12,   0,   0,   0,   0,   0,   0,   0, 
[2024-08-16T20:43:26.006+0800][7.226s][info ][gc,stats       ]       Unload Classes                225 us, parallelism: 2.13x
[2024-08-16T20:43:26.006+0800][7.226s][info ][gc,stats       ]         CU: <total>                 480 us
[2024-08-16T20:43:26.006+0800][7.226s][info ][gc,stats       ]         CU: Unload Code Caches      480 us, workers (us): 145, 132,  82,  62,  41,  19,   0,   0, 
[2024-08-16T20:43:26.006+0800][7.226s][info ][gc,stats       ]       Weak Roots                    108 us, parallelism: 0.45x
[2024-08-16T20:43:26.006+0800][7.226s][info ][gc,stats       ]         WR: <total>                  48 us
[2024-08-16T20:43:26.006+0800][7.226s][info ][gc,stats       ]         WR: VM Weak Roots            48 us, workers (us):  18,  18,   3,   1,   1,   1,   4,   3, 
[2024-08-16T20:43:26.006+0800][7.226s][info ][gc,stats       ]       CLDG                            0 us
[2024-08-16T20:43:26.006+0800][7.226s][info ][gc,stats       ]   Calculate Addresses              1884 us
[2024-08-16T20:43:26.006+0800][7.226s][info ][gc,stats       ]     Regular Objects                1850 us
[2024-08-16T20:43:26.006+0800][7.226s][info ][gc,stats       ]     Humongous Objects                10 us
[2024-08-16T20:43:26.006+0800][7.226s][info ][gc,stats       ]   Adjust Pointers                  1882 us
[2024-08-16T20:43:26.006+0800][7.226s][info ][gc,stats       ]     FA: <total>                     359 us
[2024-08-16T20:43:26.006+0800][7.226s][info ][gc,stats       ]     FA: Thread Roots                 27 us, workers (us):   0,  13,   0,  12,   1,   0,   0,   0, 
[2024-08-16T20:43:26.006+0800][7.226s][info ][gc,stats       ]     FA: Code Cache Roots            292 us, workers (us): 126,  11, 154,   0,   0,   0,   0,   0, 
[2024-08-16T20:43:26.006+0800][7.226s][info ][gc,stats       ]     FA: VM Strong Roots               3 us, workers (us):   2,   0,   0,   0,   0,   0,   0,   0, 
[2024-08-16T20:43:26.006+0800][7.226s][info ][gc,stats       ]     FA: VM Weak Roots                19 us, workers (us):  13,   4,   1,   0,   1,   0,   0,   0, 
[2024-08-16T20:43:26.006+0800][7.226s][info ][gc,stats       ]     FA: CLDG Roots                   18 us, workers (us):   2,  13,   1,   0,   1,   0,   0,   0, 
[2024-08-16T20:43:26.006+0800][7.226s][info ][gc,stats       ]   Copy Objects                    55512 us
[2024-08-16T20:43:26.006+0800][7.226s][info ][gc,stats       ]     Regular Objects               52313 us
[2024-08-16T20:43:26.006+0800][7.226s][info ][gc,stats       ]     Humongous Objects                18 us
[2024-08-16T20:43:26.006+0800][7.226s][info ][gc,stats       ]     Reset Complete Bitmap          3118 us
[2024-08-16T20:43:26.006+0800][7.226s][info ][gc,stats       ]     Rebuild Region Sets              62 us
[2024-08-16T20:43:26.006+0800][7.226s][info ][gc,stats       ]   Post Heap Dump                      1 us
[2024-08-16T20:43:26.006+0800][7.226s][info ][gc,stats       ] Pacing                            68860 us
[2024-08-16T20:43:26.006+0800][7.226s][info ][gc,stats       ] 
[2024-08-16T20:43:26.006+0800][7.226s][info ][gc,stats       ] Allocation pacing accrued:
[2024-08-16T20:43:26.006+0800][7.226s][info ][gc,stats       ]      69 of    67 ms (102.2%): main
[2024-08-16T20:43:26.006+0800][7.226s][info ][gc,stats       ]      69 of    67 ms (102.2%): <total>
[2024-08-16T20:43:26.006+0800][7.226s][info ][gc,stats       ]       6 of    67 ms (  9.3%): <average total>
[2024-08-16T20:43:26.006+0800][7.226s][info ][gc,stats       ]      69 of    67 ms (102.2%): <average non-zero>
[2024-08-16T20:43:26.006+0800][7.226s][info ][gc,stats       ] 
[2024-08-16T20:43:26.006+0800][7.226s][info ][gc,metaspace   ] Metaspace: 824K(960K)->824K(960K) NonClass: 766K(832K)->766K(832K) Class: 58K(128K)->58K(128K)
[2024-08-16T20:43:26.006+0800][7.226s][info ][gc,ergo        ] Pacer for Idle. Initial: 83886K, Alloc Tax Rate: 1.0x
[2024-08-16T20:43:26.007+0800][7.227s][info ][gc             ] Trigger: Free (59391K) is below minimum threshold (409M)
[2024-08-16T20:43:26.007+0800][7.227s][info ][gc,ergo        ] Free: 59391K, Max: 2048K regular, 51200K humongous, Frag: 11% external, 3% internal; Reserve: 206M, Max: 2048K
[2024-08-16T20:43:26.007+0800][7.227s][info ][gc,start       ] GC(46) Concurrent reset
[2024-08-16T20:43:26.007+0800][7.227s][info ][gc,task        ] GC(46) Using 4 of 8 workers for concurrent reset
[2024-08-16T20:43:26.007+0800][7.227s][info ][gc,ergo        ] GC(46) Pacer for Reset. Non-Taxable: 4096M
[2024-08-16T20:43:26.008+0800][7.227s][info ][gc             ] GC(46) Concurrent reset 0.403ms
[2024-08-16T20:43:26.008+0800][7.228s][info ][gc,start       ] GC(46) Pause Init Mark (unload classes)
[2024-08-16T20:43:26.008+0800][7.228s][info ][gc,task        ] GC(46) Using 8 of 8 workers for init marking
[2024-08-16T20:43:26.008+0800][7.228s][info ][gc,ergo        ] GC(46) Pacer for Mark. Expected Live: 3808M, Free: 59391K, Non-Taxable: 5939K, Alloc Tax Rate: 80.2x
[2024-08-16T20:43:26.008+0800][7.228s][info ][gc             ] GC(46) Pause Init Mark (unload classes) 0.199ms
[2024-08-16T20:43:26.008+0800][7.228s][info ][gc,start       ] GC(46) Concurrent marking roots
[2024-08-16T20:43:26.008+0800][7.228s][info ][gc,task        ] GC(46) Using 4 of 8 workers for concurrent marking roots
[2024-08-16T20:43:26.008+0800][7.228s][debug][gc,tlab        ] GC(46) TLAB totals: thrds: 1  refills: 1 max: 1 slow allocs: 1 max 1 waste: 89.9% gc: 37544B max: 37544B slow: 0B max: 0B
[2024-08-16T20:43:26.009+0800][7.228s][info ][gc             ] GC(46) Concurrent marking roots 0.242ms
[2024-08-16T20:43:26.009+0800][7.228s][info ][gc,start       ] GC(46) Concurrent marking (unload classes)
[2024-08-16T20:43:26.009+0800][7.228s][info ][gc,task        ] GC(46) Using 4 of 8 workers for concurrent marking
[2024-08-16T20:43:26.010+0800][7.229s][info ][gc             ] GC(46) Concurrent marking (unload classes) 1.067ms
[2024-08-16T20:43:26.010+0800][7.229s][info ][gc,start       ] GC(46) Pause Final Mark (unload classes)
[2024-08-16T20:43:26.010+0800][7.229s][info ][gc,task        ] GC(46) Using 8 of 8 workers for final marking
[2024-08-16T20:43:26.010+0800][7.230s][info ][gc,ergo        ] GC(46) Adaptive CSet Selection. Target Free: 580M, Actual Free: 260M, Max CSet: 170M, Min Garbage: 320M
[2024-08-16T20:43:26.010+0800][7.230s][info ][gc,ergo        ] GC(46) Collectable Garbage: 41584B (100%), Immediate: 0B (0%), CSet: 41584B (100%)
[2024-08-16T20:43:26.010+0800][7.230s][info ][gc,ergo        ] GC(46) Pacer for Evacuation. Used CSet: 170M, Free: 1801M, Non-Taxable: 180M, Alloc Tax Rate: 1.1x
[2024-08-16T20:43:26.010+0800][7.230s][info ][gc             ] GC(46) Pause Final Mark (unload classes) 0.741ms
[2024-08-16T20:43:26.011+0800][7.230s][info ][gc,start       ] GC(46) Concurrent thread roots
[2024-08-16T20:43:26.011+0800][7.230s][info ][gc,task        ] GC(46) Using 4 of 8 workers for Concurrent thread roots
[2024-08-16T20:43:26.011+0800][7.230s][info ][gc             ] GC(46) Concurrent thread roots 0.209ms
[2024-08-16T20:43:26.011+0800][7.230s][info ][gc,start       ] GC(46) Concurrent weak references
[2024-08-16T20:43:26.011+0800][7.230s][info ][gc,task        ] GC(46) Using 4 of 8 workers for concurrent weak references
[2024-08-16T20:43:26.011+0800][7.231s][info ][gc,ref         ] GC(46) Encountered references: Soft: 67, Weak: 189, Final: 0, Phantom: 1
[2024-08-16T20:43:26.011+0800][7.231s][info ][gc,ref         ] GC(46) Discovered  references: Soft: 0, Weak: 49, Final: 0, Phantom: 1
[2024-08-16T20:43:26.011+0800][7.231s][info ][gc,ref         ] GC(46) Enqueued    references: Soft: 0, Weak: 0, Final: 0, Phantom: 0
[2024-08-16T20:43:26.011+0800][7.231s][info ][gc             ] GC(46) Concurrent weak references 0.088ms
[2024-08-16T20:43:26.011+0800][7.231s][info ][gc,start       ] GC(46) Concurrent weak roots
[2024-08-16T20:43:26.011+0800][7.231s][info ][gc,task        ] GC(46) Using 4 of 8 workers for concurrent weak root
[2024-08-16T20:43:26.011+0800][7.231s][info ][gc             ] GC(46) Concurrent weak roots 0.241ms
[2024-08-16T20:43:26.011+0800][7.231s][info ][gc,start       ] GC(46) Concurrent cleanup
[2024-08-16T20:43:26.011+0800][7.231s][info ][gc             ] GC(46) Concurrent cleanup 1919M->1919M(4096M) 0.084ms
[2024-08-16T20:43:26.011+0800][7.231s][info ][gc,ergo        ] GC(46) Free: 55295K, Max: 2048K regular, 51200K humongous, Frag: 4% external, 3% internal; Reserve: 205M, Max: 2048K
[2024-08-16T20:43:26.011+0800][7.231s][info ][gc,start       ] GC(46) Concurrent class unloading
[2024-08-16T20:43:26.011+0800][7.231s][info ][gc,task        ] GC(46) Using 4 of 8 workers for concurrent class unloading
[2024-08-16T20:43:26.011+0800][7.231s][debug][gc,phases,start] GC(46) ClassLoaderData
[2024-08-16T20:43:26.011+0800][7.231s][debug][gc,phases      ] GC(46) ClassLoaderData 0.006ms
[2024-08-16T20:43:26.011+0800][7.231s][debug][gc,phases,start] GC(46) Trigger cleanups
[2024-08-16T20:43:26.011+0800][7.231s][debug][gc,phases      ] GC(46) Trigger cleanups 0.004ms
[2024-08-16T20:43:26.012+0800][7.231s][info ][gc             ] GC(46) Concurrent class unloading 0.421ms
[2024-08-16T20:43:26.012+0800][7.231s][info ][gc,start       ] GC(46) Concurrent strong roots
[2024-08-16T20:43:26.012+0800][7.231s][info ][gc,task        ] GC(46) Using 4 of 8 workers for concurrent strong root
[2024-08-16T20:43:26.012+0800][7.231s][info ][gc             ] GC(46) Concurrent strong roots 0.053ms
[2024-08-16T20:43:26.012+0800][7.231s][info ][gc,start       ] GC(46) Concurrent evacuation
[2024-08-16T20:43:26.012+0800][7.231s][info ][gc,task        ] GC(46) Using 4 of 8 workers for concurrent evacuation
[2024-08-16T20:43:26.024+0800][7.244s][info ][gc             ] GC(46) Failed to allocate 1024K for evacuation
[2024-08-16T20:43:26.024+0800][7.244s][info ][gc             ] GC(46) Cancelling GC: Allocation Failure During Evacuation
[2024-08-16T20:43:26.025+0800][7.245s][info ][gc             ] GC(46) Concurrent evacuation 13.358ms
[2024-08-16T20:43:26.025+0800][7.245s][info ][gc,ergo        ] Free: 2047K, Max: 1023K regular, 0B humongous, Frag: 0% external, 50% internal; Reserve: 0B, Max: 0B
[2024-08-16T20:43:26.025+0800][7.245s][info ][gc,stats       ] 
[2024-08-16T20:43:26.025+0800][7.245s][info ][gc,stats       ] All times are wall-clock times, except per-root-class counters, that are sum over
[2024-08-16T20:43:26.025+0800][7.245s][info ][gc,stats       ] all workers. Dividing the <total> over the root stage time estimates parallelism.
[2024-08-16T20:43:26.025+0800][7.245s][info ][gc,stats       ] 
[2024-08-16T20:43:26.025+0800][7.245s][info ][gc,stats       ] Concurrent Reset                    458 us
[2024-08-16T20:43:26.025+0800][7.245s][info ][gc,stats       ] Pause Init Mark (G)                 338 us
[2024-08-16T20:43:26.025+0800][7.245s][info ][gc,stats       ] Pause Init Mark (N)                 233 us
[2024-08-16T20:43:26.025+0800][7.245s][info ][gc,stats       ]   Update Region States              152 us
[2024-08-16T20:43:26.025+0800][7.245s][info ][gc,stats       ] Concurrent Mark Roots               290 us, parallelism: 0.66x
[2024-08-16T20:43:26.025+0800][7.245s][info ][gc,stats       ]   CMR: <total>                      191 us
[2024-08-16T20:43:26.025+0800][7.245s][info ][gc,stats       ]   CMR: Thread Roots                 156 us, workers (us):  62,  47,  48,   0, ---, ---, ---, ---, 
[2024-08-16T20:43:26.025+0800][7.245s][info ][gc,stats       ]   CMR: VM Strong Roots                5 us, workers (us):   4,   0,   0,   0, ---, ---, ---, ---, 
[2024-08-16T20:43:26.025+0800][7.245s][info ][gc,stats       ]   CMR: CLDG Roots                    30 us, workers (us):  28,   1, ---, ---, ---, ---, ---, ---, 
[2024-08-16T20:43:26.025+0800][7.245s][info ][gc,stats       ] Concurrent Marking                 1103 us
[2024-08-16T20:43:26.025+0800][7.245s][info ][gc,stats       ] Pause Final Mark (G)                893 us
[2024-08-16T20:43:26.025+0800][7.245s][info ][gc,stats       ] Pause Final Mark (N)                808 us
[2024-08-16T20:43:26.025+0800][7.245s][info ][gc,stats       ]   Finish Mark                       316 us
[2024-08-16T20:43:26.025+0800][7.245s][info ][gc,stats       ]   Update Region States              175 us
[2024-08-16T20:43:26.025+0800][7.245s][info ][gc,stats       ]   Choose Collection Set             200 us
[2024-08-16T20:43:26.025+0800][7.245s][info ][gc,stats       ]   Rebuild Free Set                   16 us
[2024-08-16T20:43:26.025+0800][7.245s][info ][gc,stats       ] Concurrent Thread Roots             254 us, parallelism: 0.66x
[2024-08-16T20:43:26.025+0800][7.245s][info ][gc,stats       ]   CTR: <total>                      167 us
[2024-08-16T20:43:26.025+0800][7.245s][info ][gc,stats       ]   CTR: Thread Roots                 167 us, workers (us): 105,  10,  52,   0, ---, ---, ---, ---, 
[2024-08-16T20:43:26.025+0800][7.245s][info ][gc,stats       ] Concurrent Weak References          124 us, parallelism: 0.04x
[2024-08-16T20:43:26.025+0800][7.245s][info ][gc,stats       ]   CWRF: <total>                       5 us
[2024-08-16T20:43:26.025+0800][7.245s][info ][gc,stats       ]   CWRF: Weak References               5 us, workers (us):   5,   0,   0,   0, ---, ---, ---, ---, 
[2024-08-16T20:43:26.025+0800][7.245s][info ][gc,stats       ] Concurrent Weak Roots               273 us
[2024-08-16T20:43:26.025+0800][7.245s][info ][gc,stats       ]   Roots                             171 us, parallelism: 0.92x
[2024-08-16T20:43:26.025+0800][7.245s][info ][gc,stats       ]     CWR: <total>                    157 us
[2024-08-16T20:43:26.025+0800][7.245s][info ][gc,stats       ]     CWR: Code Cache Roots           126 us, workers (us):  54,  68,   4,   0, ---, ---, ---, ---, 
[2024-08-16T20:43:26.025+0800][7.245s][info ][gc,stats       ]     CWR: VM Weak Roots               29 us, workers (us):  23,   6,   1,   0, ---, ---, ---, ---, 
[2024-08-16T20:43:26.025+0800][7.245s][info ][gc,stats       ]     CWR: CLDG Roots                   1 us, workers (us): ---,   1, ---, ---, ---, ---, ---, ---, 
[2024-08-16T20:43:26.025+0800][7.245s][info ][gc,stats       ]   Rendezvous                         54 us
[2024-08-16T20:43:26.025+0800][7.245s][info ][gc,stats       ] Concurrent Cleanup                  104 us
[2024-08-16T20:43:26.025+0800][7.245s][info ][gc,stats       ] Concurrent Class Unloading          449 us
[2024-08-16T20:43:26.025+0800][7.245s][info ][gc,stats       ]   Unlink Stale                      282 us
[2024-08-16T20:43:26.025+0800][7.245s][info ][gc,stats       ]     System Dictionary                18 us
[2024-08-16T20:43:26.025+0800][7.245s][info ][gc,stats       ]     Weak Class Links                  0 us
[2024-08-16T20:43:26.025+0800][7.245s][info ][gc,stats       ]     Code Roots                      264 us
[2024-08-16T20:43:26.025+0800][7.245s][info ][gc,stats       ]   Rendezvous                         52 us
[2024-08-16T20:43:26.025+0800][7.245s][info ][gc,stats       ]   Purge Unlinked                     65 us
[2024-08-16T20:43:26.025+0800][7.245s][info ][gc,stats       ]     Code Roots                       51 us
[2024-08-16T20:43:26.025+0800][7.245s][info ][gc,stats       ]     CLDG                             13 us
[2024-08-16T20:43:26.025+0800][7.245s][info ][gc,stats       ]     Exception Caches                  0 us
[2024-08-16T20:43:26.026+0800][7.245s][info ][gc,stats       ] Concurrent Strong Roots              75 us, parallelism: 0.15x
[2024-08-16T20:43:26.026+0800][7.245s][info ][gc,stats       ]   CSR: <total>                       11 us
[2024-08-16T20:43:26.026+0800][7.245s][info ][gc,stats       ]   CSR: VM Strong Roots                2 us, workers (us):   1,   0,   0,   0, ---, ---, ---, ---, 
[2024-08-16T20:43:26.026+0800][7.245s][info ][gc,stats       ]   CSR: CLDG Roots                    10 us, workers (us):  10, ---, ---, ---, ---, ---, ---, ---, 
[2024-08-16T20:43:26.026+0800][7.245s][info ][gc,stats       ] Concurrent Evacuation             13393 us
[2024-08-16T20:43:26.026+0800][7.245s][info ][gc,stats       ] Pacing                            11461 us
[2024-08-16T20:43:26.026+0800][7.245s][info ][gc,stats       ] 
[2024-08-16T20:43:26.026+0800][7.245s][info ][gc,stats       ] Allocation pacing accrued:
[2024-08-16T20:43:26.026+0800][7.245s][info ][gc,stats       ]      11 of    19 ms ( 59.1%): main
[2024-08-16T20:43:26.026+0800][7.245s][info ][gc,stats       ]      11 of    19 ms ( 59.1%): <total>
[2024-08-16T20:43:26.026+0800][7.245s][info ][gc,stats       ]       1 of    19 ms (  5.4%): <average total>
[2024-08-16T20:43:26.026+0800][7.245s][info ][gc,stats       ]      11 of    19 ms ( 59.1%): <average non-zero>
[2024-08-16T20:43:26.026+0800][7.245s][info ][gc,stats       ] 
[2024-08-16T20:43:26.026+0800][7.245s][info ][gc,metaspace   ] Metaspace: 824K(960K)->824K(960K) NonClass: 766K(832K)->766K(832K) Class: 58K(128K)->58K(128K)
[2024-08-16T20:43:26.026+0800][7.245s][info ][gc,ergo        ] Pacer for Idle. Initial: 83886K, Alloc Tax Rate: 1.0x
[2024-08-16T20:43:26.027+0800][7.246s][info ][gc             ] Trigger: Handle Allocation Failure
[2024-08-16T20:43:26.027+0800][7.246s][info ][gc,ergo        ] Free: 2047K, Max: 1023K regular, 0B humongous, Frag: 0% external, 50% internal; Reserve: 0B, Max: 0B
[2024-08-16T20:43:26.027+0800][7.246s][info ][gc,start       ] GC(47) Pause Degenerated GC (Evacuation)
[2024-08-16T20:43:26.027+0800][7.246s][info ][gc,task        ] GC(47) Using 8 of 8 workers for stw degenerated gc
[2024-08-16T20:43:26.027+0800][7.247s][info ][gc             ] GC(47) Cancelling GC: Allocation Failure During Evacuation
[2024-08-16T20:43:26.028+0800][7.248s][info ][gc             ] GC(47) Cannot finish degeneration, upgrading to Full GC
[2024-08-16T20:43:26.031+0800][7.251s][debug][gc,tlab        ] GC(47) TLAB totals: thrds: 1  refills: 1 max: 1 slow allocs: 3 max 3 waste: 68.3% gc: 27344B max: 27344B slow: 0B max: 0B
[2024-08-16T20:43:26.031+0800][7.251s][info ][gc,phases,start] GC(47) Phase 1: Mark live objects
[2024-08-16T20:43:26.031+0800][7.251s][info ][gc,ref         ] GC(47) Clearing All SoftReferences
[2024-08-16T20:43:26.031+0800][7.251s][info ][gc,ref         ] GC(47) Clearing All SoftReferences
[2024-08-16T20:43:26.032+0800][7.252s][info ][gc,ref         ] GC(47) Encountered references: Soft: 67, Weak: 189, Final: 0, Phantom: 1
[2024-08-16T20:43:26.032+0800][7.252s][info ][gc,ref         ] GC(47) Discovered  references: Soft: 49, Weak: 67, Final: 0, Phantom: 1
[2024-08-16T20:43:26.032+0800][7.252s][info ][gc,ref         ] GC(47) Enqueued    references: Soft: 0, Weak: 0, Final: 0, Phantom: 0
[2024-08-16T20:43:26.032+0800][7.252s][debug][gc,phases,start] GC(47) ClassLoaderData
[2024-08-16T20:43:26.032+0800][7.252s][debug][gc,phases      ] GC(47) ClassLoaderData 0.011ms
[2024-08-16T20:43:26.032+0800][7.252s][debug][gc,phases,start] GC(47) Trigger cleanups
[2024-08-16T20:43:26.032+0800][7.252s][debug][gc,phases      ] GC(47) Trigger cleanups 0.004ms
[2024-08-16T20:43:26.033+0800][7.252s][info ][gc,phases      ] GC(47) Phase 1: Mark live objects 1.186ms
[2024-08-16T20:43:26.033+0800][7.252s][info ][gc,phases,start] GC(47) Phase 2: Compute new object addresses
[2024-08-16T20:43:26.035+0800][7.254s][info ][gc,phases      ] GC(47) Phase 2: Compute new object addresses 2.050ms
[2024-08-16T20:43:26.035+0800][7.254s][info ][gc,phases,start] GC(47) Phase 3: Adjust pointers
[2024-08-16T20:43:26.037+0800][7.256s][info ][gc,phases      ] GC(47) Phase 3: Adjust pointers 1.905ms
[2024-08-16T20:43:26.037+0800][7.256s][info ][gc,phases,start] GC(47) Phase 4: Move objects
[2024-08-16T20:43:26.090+0800][7.310s][info ][gc,phases      ] GC(47) Phase 4: Move objects 53.514ms
[2024-08-16T20:43:26.090+0800][7.310s][info ][gc,ergo        ] GC(47) Good progress for free space: 1969M, need 41943K
[2024-08-16T20:43:26.090+0800][7.310s][info ][gc,ergo        ] GC(47) Good progress for used space: 217M, need 2048K
[2024-08-16T20:43:26.090+0800][7.310s][info ][gc             ] GC(47) Pause Degenerated GC (Evacuation) 2137M->1920M(4096M) 63.612ms
[2024-08-16T20:43:26.090+0800][7.310s][debug][gc,ergo        ] GC(47) Margin of error now 2.91
[2024-08-16T20:43:26.090+0800][7.310s][debug][gc,ergo        ] GC(47) Spike threshold now: 0.70
[2024-08-16T20:43:26.091+0800][7.310s][info ][gc,ergo        ] Free: 55293K, Max: 2048K regular, 34816K humongous, Frag: 30% external, 10% internal; Reserve: 206M, Max: 2048K
[2024-08-16T20:43:26.091+0800][7.310s][info ][gc,stats       ] 
[2024-08-16T20:43:26.091+0800][7.310s][info ][gc,stats       ] All times are wall-clock times, except per-root-class counters, that are sum over
[2024-08-16T20:43:26.091+0800][7.310s][info ][gc,stats       ] all workers. Dividing the <total> over the root stage time estimates parallelism.
[2024-08-16T20:43:26.091+0800][7.310s][info ][gc,stats       ] 
[2024-08-16T20:43:26.091+0800][7.310s][info ][gc,stats       ] Pause Degenerated GC (G)          63748 us
[2024-08-16T20:43:26.091+0800][7.310s][info ][gc,stats       ] Pause Degenerated GC (N)          63647 us
[2024-08-16T20:43:26.091+0800][7.310s][info ][gc,stats       ]   Evacuation                       1443 us
[2024-08-16T20:43:26.091+0800][7.310s][info ][gc,stats       ]   Pre Heap Dump                       1 us
[2024-08-16T20:43:26.091+0800][7.310s][info ][gc,stats       ]   Prepare                          3054 us
[2024-08-16T20:43:26.091+0800][7.310s][info ][gc,stats       ]     Update Roots                    368 us, parallelism: 1.69x
[2024-08-16T20:43:26.091+0800][7.310s][info ][gc,stats       ]       FU: <total>                   623 us
[2024-08-16T20:43:26.091+0800][7.310s][info ][gc,stats       ]       FU: Thread Roots               36 us, workers (us):   0,  14,   1,  12,   8,   1,   0,   0, 
[2024-08-16T20:43:26.091+0800][7.310s][info ][gc,stats       ]       FU: Code Cache Roots          529 us, workers (us): 273,   0, 237,  20,   0,   0,   0,   0, 
[2024-08-16T20:43:26.091+0800][7.310s][info ][gc,stats       ]       FU: VM Strong Roots             4 us, workers (us):   1,   0,   1,   0,   0,   0,   0,   0, 
[2024-08-16T20:43:26.091+0800][7.310s][info ][gc,stats       ]       FU: VM Weak Roots              26 us, workers (us):   8,   8,   8,   1,   0,   0,   0,   0, 
[2024-08-16T20:43:26.091+0800][7.310s][info ][gc,stats       ]       FU: CLDG Roots                 28 us, workers (us):   2,  21,   2,   1,   1,   1,   0,   0, 
[2024-08-16T20:43:26.091+0800][7.310s][info ][gc,stats       ]   Mark                             1177 us, parallelism: 3.33x
[2024-08-16T20:43:26.091+0800][7.310s][info ][gc,stats       ]     FM: <total>                    3919 us
[2024-08-16T20:43:26.091+0800][7.310s][info ][gc,stats       ]     FM: Thread Roots                 41 us, workers (us):  34,   2,   1,   0,   1,   1,   1,   1, 
[2024-08-16T20:43:26.091+0800][7.310s][info ][gc,stats       ]     FM: VM Strong Roots               5 us, workers (us):   0,   4,   0,   0,   0,   0,   0,   0, 
[2024-08-16T20:43:26.091+0800][7.310s][info ][gc,stats       ]     FM: CLDG Roots                   35 us, workers (us):  29,   1,   1,   0,   1,   1,   1,   1, 
[2024-08-16T20:43:26.091+0800][7.310s][info ][gc,stats       ]     FM: Parallel Mark              3839 us, workers (us): 501, 522, 445, 518, 449, 491, 463, 450, 
[2024-08-16T20:43:26.091+0800][7.310s][info ][gc,stats       ]     System Purge                    460 us
[2024-08-16T20:43:26.091+0800][7.310s][info ][gc,stats       ]       Weak References               141 us, parallelism: 0.04x
[2024-08-16T20:43:26.091+0800][7.310s][info ][gc,stats       ]         WRP: <total>                  6 us
[2024-08-16T20:43:26.091+0800][7.310s][info ][gc,stats       ]         WRP: Weak References          6 us, workers (us):   5,   0,   0,   0,   0,   0,   0,   0, 
[2024-08-16T20:43:26.091+0800][7.310s][info ][gc,stats       ]       Unload Classes                225 us, parallelism: 2.61x
[2024-08-16T20:43:26.091+0800][7.310s][info ][gc,stats       ]         CU: <total>                 587 us
[2024-08-16T20:43:26.091+0800][7.310s][info ][gc,stats       ]         CU: Unload Code Caches      587 us, workers (us): 143, 141, 133, 119,  50,   2,   0,   0, 
[2024-08-16T20:43:26.091+0800][7.310s][info ][gc,stats       ]       Weak Roots                     92 us, parallelism: 0.29x
[2024-08-16T20:43:26.091+0800][7.310s][info ][gc,stats       ]         WR: <total>                  26 us
[2024-08-16T20:43:26.091+0800][7.310s][info ][gc,stats       ]         WR: VM Weak Roots            26 us, workers (us):  17,   4,   1,   1,   1,   1,   1,   1, 
[2024-08-16T20:43:26.091+0800][7.310s][info ][gc,stats       ]       CLDG                            1 us
[2024-08-16T20:43:26.091+0800][7.310s][info ][gc,stats       ]   Calculate Addresses              2035 us
[2024-08-16T20:43:26.091+0800][7.310s][info ][gc,stats       ]     Regular Objects                1996 us
[2024-08-16T20:43:26.091+0800][7.310s][info ][gc,stats       ]     Humongous Objects                10 us
[2024-08-16T20:43:26.091+0800][7.310s][info ][gc,stats       ]   Adjust Pointers                  1899 us
[2024-08-16T20:43:26.091+0800][7.310s][info ][gc,stats       ]     FA: <total>                     477 us
[2024-08-16T20:43:26.091+0800][7.310s][info ][gc,stats       ]     FA: Thread Roots                 57 us, workers (us):  24,   1,   0,  30,   0,   0,   0,   1, 
[2024-08-16T20:43:26.091+0800][7.310s][info ][gc,stats       ]     FA: Code Cache Roots            378 us, workers (us):  14, 182, 182,   0,   0,   0,   0,   0, 
[2024-08-16T20:43:26.091+0800][7.310s][info ][gc,stats       ]     FA: VM Strong Roots               3 us, workers (us):   2,   0,   0,   0,   0,   0,   0,   0, 
[2024-08-16T20:43:26.091+0800][7.310s][info ][gc,stats       ]     FA: VM Weak Roots                21 us, workers (us):  14,   5,   0,   0,   0,   0,   0,   1, 
[2024-08-16T20:43:26.091+0800][7.310s][info ][gc,stats       ]     FA: CLDG Roots                   17 us, workers (us):  12,   2,   1,   0,   0,   0,   1,   1, 
[2024-08-16T20:43:26.091+0800][7.310s][info ][gc,stats       ]   Copy Objects                    53508 us
[2024-08-16T20:43:26.091+0800][7.310s][info ][gc,stats       ]     Regular Objects               50824 us
[2024-08-16T20:43:26.091+0800][7.310s][info ][gc,stats       ]     Humongous Objects                16 us
[2024-08-16T20:43:26.091+0800][7.310s][info ][gc,stats       ]     Reset Complete Bitmap          2617 us
[2024-08-16T20:43:26.091+0800][7.310s][info ][gc,stats       ]     Rebuild Region Sets              49 us
[2024-08-16T20:43:26.091+0800][7.310s][info ][gc,stats       ]   Post Heap Dump                      1 us
[2024-08-16T20:43:26.091+0800][7.310s][info ][gc,stats       ] Pacing                            65802 us
[2024-08-16T20:43:26.091+0800][7.310s][info ][gc,stats       ] 
[2024-08-16T20:43:26.091+0800][7.310s][info ][gc,stats       ] Allocation pacing accrued:
[2024-08-16T20:43:26.091+0800][7.310s][info ][gc,stats       ]      66 of    65 ms (100.8%): main
[2024-08-16T20:43:26.091+0800][7.310s][info ][gc,stats       ]      66 of    65 ms (100.8%): <total>
[2024-08-16T20:43:26.091+0800][7.310s][info ][gc,stats       ]       6 of    65 ms (  9.2%): <average total>
[2024-08-16T20:43:26.091+0800][7.310s][info ][gc,stats       ]      66 of    65 ms (100.8%): <average non-zero>
[2024-08-16T20:43:26.091+0800][7.310s][info ][gc,stats       ] 
[2024-08-16T20:43:26.091+0800][7.310s][info ][gc,metaspace   ] Metaspace: 824K(960K)->824K(960K) NonClass: 766K(832K)->766K(832K) Class: 58K(128K)->58K(128K)
[2024-08-16T20:43:26.091+0800][7.310s][info ][gc,ergo        ] Pacer for Idle. Initial: 83886K, Alloc Tax Rate: 1.0x
[2024-08-16T20:43:26.092+0800][7.312s][info ][gc             ] Trigger: Free (52221K) is below minimum threshold (409M)
[2024-08-16T20:43:26.092+0800][7.312s][info ][gc,ergo        ] Free: 52221K, Max: 2048K regular, 34816K humongous, Frag: 27% external, 8% internal; Reserve: 206M, Max: 2048K
[2024-08-16T20:43:26.092+0800][7.312s][info ][gc,start       ] GC(48) Concurrent reset
[2024-08-16T20:43:26.092+0800][7.312s][info ][gc,task        ] GC(48) Using 4 of 8 workers for concurrent reset
[2024-08-16T20:43:26.092+0800][7.312s][info ][gc,ergo        ] GC(48) Pacer for Reset. Non-Taxable: 4096M
[2024-08-16T20:43:26.092+0800][7.312s][info ][gc             ] GC(48) Concurrent reset 0.338ms
[2024-08-16T20:43:26.092+0800][7.312s][info ][gc,start       ] GC(48) Pause Init Mark (unload classes)
[2024-08-16T20:43:26.092+0800][7.312s][info ][gc,task        ] GC(48) Using 8 of 8 workers for init marking
[2024-08-16T20:43:26.093+0800][7.312s][info ][gc,ergo        ] GC(48) Pacer for Mark. Expected Live: 3818M, Free: 52221K, Non-Taxable: 5222K, Alloc Tax Rate: 91.5x
[2024-08-16T20:43:26.093+0800][7.312s][info ][gc             ] GC(48) Pause Init Mark (unload classes) 0.126ms
[2024-08-16T20:43:26.093+0800][7.312s][info ][gc,start       ] GC(48) Concurrent marking roots
[2024-08-16T20:43:26.093+0800][7.312s][info ][gc,task        ] GC(48) Using 4 of 8 workers for concurrent marking roots
[2024-08-16T20:43:26.093+0800][7.312s][debug][gc,tlab        ] GC(48) TLAB totals: thrds: 1  refills: 1 max: 1 slow allocs: 1 max 1 waste: 90.4% gc: 39648B max: 39648B slow: 0B max: 0B
[2024-08-16T20:43:26.093+0800][7.312s][info ][gc             ] GC(48) Concurrent marking roots 0.211ms
[2024-08-16T20:43:26.093+0800][7.312s][info ][gc,start       ] GC(48) Concurrent marking (unload classes)
[2024-08-16T20:43:26.093+0800][7.313s][info ][gc,task        ] GC(48) Using 4 of 8 workers for concurrent marking
[2024-08-16T20:43:26.094+0800][7.314s][info ][gc             ] GC(48) Concurrent marking (unload classes) 1.122ms
[2024-08-16T20:43:26.094+0800][7.314s][info ][gc,start       ] GC(48) Pause Final Mark (unload classes)
[2024-08-16T20:43:26.094+0800][7.314s][info ][gc,task        ] GC(48) Using 8 of 8 workers for final marking
[2024-08-16T20:43:26.095+0800][7.314s][info ][gc,ergo        ] GC(48) Adaptive CSet Selection. Target Free: 580M, Actual Free: 250M, Max CSet: 170M, Min Garbage: 330M
[2024-08-16T20:43:26.095+0800][7.314s][info ][gc,ergo        ] GC(48) Collectable Garbage: 41600B (100%), Immediate: 0B (0%), CSet: 41600B (100%)
[2024-08-16T20:43:26.095+0800][7.314s][info ][gc,ergo        ] GC(48) Pacer for Evacuation. Used CSet: 170M, Free: 1796M, Non-Taxable: 179M, Alloc Tax Rate: 1.1x
[2024-08-16T20:43:26.095+0800][7.314s][info ][gc             ] GC(48) Pause Final Mark (unload classes) 0.635ms
[2024-08-16T20:43:26.095+0800][7.314s][info ][gc,start       ] GC(48) Concurrent thread roots
[2024-08-16T20:43:26.095+0800][7.314s][info ][gc,task        ] GC(48) Using 4 of 8 workers for Concurrent thread roots
[2024-08-16T20:43:26.095+0800][7.315s][info ][gc             ] GC(48) Concurrent thread roots 0.143ms
[2024-08-16T20:43:26.095+0800][7.315s][info ][gc,start       ] GC(48) Concurrent weak references
[2024-08-16T20:43:26.095+0800][7.315s][info ][gc,task        ] GC(48) Using 4 of 8 workers for concurrent weak references
[2024-08-16T20:43:26.095+0800][7.315s][info ][gc,ref         ] GC(48) Encountered references: Soft: 67, Weak: 189, Final: 0, Phantom: 1
[2024-08-16T20:43:26.095+0800][7.315s][info ][gc,ref         ] GC(48) Discovered  references: Soft: 0, Weak: 31, Final: 0, Phantom: 1
[2024-08-16T20:43:26.095+0800][7.315s][info ][gc,ref         ] GC(48) Enqueued    references: Soft: 0, Weak: 0, Final: 0, Phantom: 0
[2024-08-16T20:43:26.095+0800][7.315s][info ][gc             ] GC(48) Concurrent weak references 0.081ms
[2024-08-16T20:43:26.095+0800][7.315s][info ][gc,start       ] GC(48) Concurrent weak roots
[2024-08-16T20:43:26.095+0800][7.315s][info ][gc,task        ] GC(48) Using 4 of 8 workers for concurrent weak root
[2024-08-16T20:43:26.095+0800][7.315s][info ][gc             ] GC(48) Concurrent weak roots 0.231ms
[2024-08-16T20:43:26.095+0800][7.315s][info ][gc,start       ] GC(48) Concurrent cleanup
[2024-08-16T20:43:26.095+0800][7.315s][info ][gc             ] GC(48) Concurrent cleanup 1924M->1924M(4096M) 0.093ms
[2024-08-16T20:43:26.095+0800][7.315s][info ][gc,ergo        ] GC(48) Free: 45055K, Max: 2048K regular, 34816K humongous, Frag: 20% external, 4% internal; Reserve: 205M, Max: 2048K
[2024-08-16T20:43:26.095+0800][7.315s][info ][gc,start       ] GC(48) Concurrent class unloading
[2024-08-16T20:43:26.095+0800][7.315s][info ][gc,task        ] GC(48) Using 4 of 8 workers for concurrent class unloading
[2024-08-16T20:43:26.095+0800][7.315s][debug][gc,phases,start] GC(48) ClassLoaderData
[2024-08-16T20:43:26.095+0800][7.315s][debug][gc,phases      ] GC(48) ClassLoaderData 0.007ms
[2024-08-16T20:43:26.095+0800][7.315s][debug][gc,phases,start] GC(48) Trigger cleanups
[2024-08-16T20:43:26.095+0800][7.315s][debug][gc,phases      ] GC(48) Trigger cleanups 0.005ms
[2024-08-16T20:43:26.096+0800][7.315s][info ][gc             ] GC(48) Concurrent class unloading 0.424ms
[2024-08-16T20:43:26.096+0800][7.316s][info ][gc,start       ] GC(48) Concurrent strong roots
[2024-08-16T20:43:26.096+0800][7.316s][info ][gc,task        ] GC(48) Using 4 of 8 workers for concurrent strong root
[2024-08-16T20:43:26.096+0800][7.316s][info ][gc             ] GC(48) Concurrent strong roots 0.078ms
[2024-08-16T20:43:26.096+0800][7.316s][info ][gc,start       ] GC(48) Concurrent evacuation
[2024-08-16T20:43:26.096+0800][7.316s][info ][gc,task        ] GC(48) Using 4 of 8 workers for concurrent evacuation
[2024-08-16T20:43:26.108+0800][7.328s][info ][gc             ] GC(48) Failed to allocate 1024K for evacuation
[2024-08-16T20:43:26.108+0800][7.328s][info ][gc             ] GC(48) Cancelling GC: Allocation Failure During Evacuation
[2024-08-16T20:43:26.110+0800][7.329s][info ][gc             ] GC(48) Concurrent evacuation 13.575ms
[2024-08-16T20:43:26.110+0800][7.329s][info ][gc,ergo        ] Free: 2047K, Max: 1023K regular, 0B humongous, Frag: 0% external, 50% internal; Reserve: 0B, Max: 0B
[2024-08-16T20:43:26.110+0800][7.329s][info ][gc,stats       ] 
[2024-08-16T20:43:26.110+0800][7.329s][info ][gc,stats       ] All times are wall-clock times, except per-root-class counters, that are sum over
[2024-08-16T20:43:26.110+0800][7.329s][info ][gc,stats       ] all workers. Dividing the <total> over the root stage time estimates parallelism.
[2024-08-16T20:43:26.110+0800][7.329s][info ][gc,stats       ] 
[2024-08-16T20:43:26.110+0800][7.329s][info ][gc,stats       ] Concurrent Reset                    377 us
[2024-08-16T20:43:26.110+0800][7.329s][info ][gc,stats       ] Pause Init Mark (G)                 216 us
[2024-08-16T20:43:26.110+0800][7.329s][info ][gc,stats       ] Pause Init Mark (N)                 146 us
[2024-08-16T20:43:26.110+0800][7.329s][info ][gc,stats       ]   Update Region States               93 us
[2024-08-16T20:43:26.110+0800][7.329s][info ][gc,stats       ] Concurrent Mark Roots               277 us, parallelism: 0.90x
[2024-08-16T20:43:26.110+0800][7.329s][info ][gc,stats       ]   CMR: <total>                      249 us
[2024-08-16T20:43:26.110+0800][7.329s][info ][gc,stats       ]   CMR: Thread Roots                 216 us, workers (us):  31,  63,  62,  60, ---, ---, ---, ---, 
[2024-08-16T20:43:26.110+0800][7.329s][info ][gc,stats       ]   CMR: VM Strong Roots                5 us, workers (us):   4,   0,   1,   0, ---, ---, ---, ---, 
[2024-08-16T20:43:26.110+0800][7.329s][info ][gc,stats       ]   CMR: CLDG Roots                    29 us, workers (us):  28,   0, ---, ---, ---, ---, ---, ---, 
[2024-08-16T20:43:26.110+0800][7.329s][info ][gc,stats       ] Concurrent Marking                 1158 us
[2024-08-16T20:43:26.110+0800][7.329s][info ][gc,stats       ] Pause Final Mark (G)                729 us
[2024-08-16T20:43:26.110+0800][7.329s][info ][gc,stats       ] Pause Final Mark (N)                664 us
[2024-08-16T20:43:26.110+0800][7.329s][info ][gc,stats       ]   Finish Mark                       345 us
[2024-08-16T20:43:26.110+0800][7.329s][info ][gc,stats       ]   Update Region States              144 us
[2024-08-16T20:43:26.110+0800][7.329s][info ][gc,stats       ]   Choose Collection Set             103 us
[2024-08-16T20:43:26.110+0800][7.329s][info ][gc,stats       ]   Rebuild Free Set                    9 us
[2024-08-16T20:43:26.110+0800][7.329s][info ][gc,stats       ] Concurrent Thread Roots             167 us, parallelism: 0.80x
[2024-08-16T20:43:26.110+0800][7.329s][info ][gc,stats       ]   CTR: <total>                      134 us
[2024-08-16T20:43:26.110+0800][7.329s][info ][gc,stats       ]   CTR: Thread Roots                 134 us, workers (us):  82,  52,   0,   0, ---, ---, ---, ---, 
[2024-08-16T20:43:26.110+0800][7.329s][info ][gc,stats       ] Concurrent Weak References          101 us, parallelism: 0.03x
[2024-08-16T20:43:26.110+0800][7.329s][info ][gc,stats       ]   CWRF: <total>                       3 us
[2024-08-16T20:43:26.110+0800][7.329s][info ][gc,stats       ]   CWRF: Weak References               3 us, workers (us):   2,   0,   0,   0, ---, ---, ---, ---, 
[2024-08-16T20:43:26.110+0800][7.329s][info ][gc,stats       ] Concurrent Weak Roots               275 us
[2024-08-16T20:43:26.110+0800][7.329s][info ][gc,stats       ]   Roots                             166 us, parallelism: 1.14x
[2024-08-16T20:43:26.110+0800][7.329s][info ][gc,stats       ]     CWR: <total>                    189 us
[2024-08-16T20:43:26.110+0800][7.329s][info ][gc,stats       ]     CWR: Code Cache Roots           160 us, workers (us):  67,  89,   4,   0, ---, ---, ---, ---, 
[2024-08-16T20:43:26.110+0800][7.329s][info ][gc,stats       ]     CWR: VM Weak Roots               27 us, workers (us):  20,   6,   1,   0, ---, ---, ---, ---, 
[2024-08-16T20:43:26.110+0800][7.329s][info ][gc,stats       ]     CWR: CLDG Roots                   1 us, workers (us):   1, ---, ---, ---, ---, ---, ---, ---, 
[2024-08-16T20:43:26.110+0800][7.329s][info ][gc,stats       ]   Rendezvous                         53 us
[2024-08-16T20:43:26.110+0800][7.329s][info ][gc,stats       ] Concurrent Cleanup                  129 us
[2024-08-16T20:43:26.110+0800][7.329s][info ][gc,stats       ] Concurrent Class Unloading          467 us
[2024-08-16T20:43:26.110+0800][7.329s][info ][gc,stats       ]   Unlink Stale                      267 us
[2024-08-16T20:43:26.110+0800][7.329s][info ][gc,stats       ]     System Dictionary                25 us
[2024-08-16T20:43:26.110+0800][7.329s][info ][gc,stats       ]     Weak Class Links                  0 us
[2024-08-16T20:43:26.110+0800][7.329s][info ][gc,stats       ]     Code Roots                      241 us
[2024-08-16T20:43:26.110+0800][7.329s][info ][gc,stats       ]   Rendezvous                         58 us
[2024-08-16T20:43:26.110+0800][7.329s][info ][gc,stats       ]   Purge Unlinked                     85 us
[2024-08-16T20:43:26.110+0800][7.329s][info ][gc,stats       ]     Code Roots                       49 us
[2024-08-16T20:43:26.110+0800][7.329s][info ][gc,stats       ]     CLDG                             35 us
[2024-08-16T20:43:26.110+0800][7.329s][info ][gc,stats       ]     Exception Caches                  0 us
[2024-08-16T20:43:26.110+0800][7.329s][info ][gc,stats       ] Concurrent Strong Roots             112 us, parallelism: 0.22x
[2024-08-16T20:43:26.110+0800][7.329s][info ][gc,stats       ]   CSR: <total>                       24 us
[2024-08-16T20:43:26.110+0800][7.330s][info ][gc,stats       ]   CSR: VM Strong Roots                2 us, workers (us):   2,   0,   0,   0, ---, ---, ---, ---, 
[2024-08-16T20:43:26.110+0800][7.330s][info ][gc,stats       ]   CSR: CLDG Roots                    22 us, workers (us):  21,   1, ---, ---, ---, ---, ---, ---, 
[2024-08-16T20:43:26.110+0800][7.330s][info ][gc,stats       ] Concurrent Evacuation             13630 us
[2024-08-16T20:43:26.110+0800][7.330s][info ][gc,stats       ] Pacing                            11027 us
[2024-08-16T20:43:26.110+0800][7.330s][info ][gc,stats       ] 
[2024-08-16T20:43:26.110+0800][7.330s][info ][gc,stats       ] Allocation pacing accrued:
[2024-08-16T20:43:26.110+0800][7.330s][info ][gc,stats       ]      11 of    19 ms ( 57.7%): main
[2024-08-16T20:43:26.110+0800][7.330s][info ][gc,stats       ]      11 of    19 ms ( 57.7%): <total>
[2024-08-16T20:43:26.110+0800][7.330s][info ][gc,stats       ]       1 of    19 ms (  5.2%): <average total>
[2024-08-16T20:43:26.110+0800][7.330s][info ][gc,stats       ]      11 of    19 ms ( 57.7%): <average non-zero>
[2024-08-16T20:43:26.110+0800][7.330s][info ][gc,stats       ] 
[2024-08-16T20:43:26.110+0800][7.330s][info ][gc,metaspace   ] Metaspace: 824K(960K)->824K(960K) NonClass: 766K(832K)->766K(832K) Class: 58K(128K)->58K(128K)
[2024-08-16T20:43:26.110+0800][7.330s][info ][gc,ergo        ] Pacer for Idle. Initial: 83886K, Alloc Tax Rate: 1.0x
[2024-08-16T20:43:26.111+0800][7.331s][info ][gc             ] Trigger: Handle Allocation Failure
[2024-08-16T20:43:26.111+0800][7.331s][info ][gc,ergo        ] Free: 2047K, Max: 1023K regular, 0B humongous, Frag: 0% external, 50% internal; Reserve: 0B, Max: 0B
[2024-08-16T20:43:26.111+0800][7.331s][info ][gc,start       ] GC(49) Pause Full
[2024-08-16T20:43:26.111+0800][7.331s][info ][gc,task        ] GC(49) Using 8 of 8 workers for full gc
[2024-08-16T20:43:26.115+0800][7.334s][debug][gc,tlab        ] GC(49) TLAB totals: thrds: 1  refills: 1 max: 1 slow allocs: 3 max 3 waste: 68.2% gc: 27184B max: 27184B slow: 0B max: 0B
[2024-08-16T20:43:26.115+0800][7.334s][info ][gc,phases,start] GC(49) Phase 1: Mark live objects
[2024-08-16T20:43:26.115+0800][7.334s][info ][gc,ref         ] GC(49) Clearing All SoftReferences
[2024-08-16T20:43:26.115+0800][7.334s][info ][gc,ref         ] GC(49) Clearing All SoftReferences
[2024-08-16T20:43:26.116+0800][7.335s][info ][gc,ref         ] GC(49) Encountered references: Soft: 67, Weak: 189, Final: 0, Phantom: 1
[2024-08-16T20:43:26.116+0800][7.335s][info ][gc,ref         ] GC(49) Discovered  references: Soft: 48, Weak: 17, Final: 0, Phantom: 1
[2024-08-16T20:43:26.116+0800][7.335s][info ][gc,ref         ] GC(49) Enqueued    references: Soft: 0, Weak: 0, Final: 0, Phantom: 0
[2024-08-16T20:43:26.116+0800][7.335s][debug][gc,phases,start] GC(49) ClassLoaderData
[2024-08-16T20:43:26.116+0800][7.336s][debug][gc,phases      ] GC(49) ClassLoaderData 0.017ms
[2024-08-16T20:43:26.116+0800][7.336s][debug][gc,phases,start] GC(49) Trigger cleanups
[2024-08-16T20:43:26.116+0800][7.336s][debug][gc,phases      ] GC(49) Trigger cleanups 0.009ms
[2024-08-16T20:43:26.116+0800][7.336s][info ][gc,phases      ] GC(49) Phase 1: Mark live objects 1.565ms
[2024-08-16T20:43:26.116+0800][7.336s][info ][gc,phases,start] GC(49) Phase 2: Compute new object addresses
[2024-08-16T20:43:26.118+0800][7.338s][info ][gc,phases      ] GC(49) Phase 2: Compute new object addresses 2.103ms
[2024-08-16T20:43:26.118+0800][7.338s][info ][gc,phases,start] GC(49) Phase 3: Adjust pointers
[2024-08-16T20:43:26.121+0800][7.340s][info ][gc,phases      ] GC(49) Phase 3: Adjust pointers 2.187ms
[2024-08-16T20:43:26.121+0800][7.340s][info ][gc,phases,start] GC(49) Phase 4: Move objects
[2024-08-16T20:43:26.175+0800][7.394s][info ][gc,phases      ] GC(49) Phase 4: Move objects 54.002ms
[2024-08-16T20:43:26.175+0800][7.394s][info ][gc,ergo        ] GC(49) Good progress for free space: 1964M, need 41943K
[2024-08-16T20:43:26.175+0800][7.394s][info ][gc,ergo        ] GC(49) Good progress for used space: 206M, need 2048K
[2024-08-16T20:43:26.175+0800][7.394s][info ][gc             ] GC(49) Pause Full 2131M->1925M(4096M) 63.591ms
[2024-08-16T20:43:26.175+0800][7.395s][debug][gc,ergo        ] GC(49) Margin of error now 3.11
[2024-08-16T20:43:26.175+0800][7.395s][debug][gc,ergo        ] GC(49) Spike threshold now: 0.50
[2024-08-16T20:43:26.175+0800][7.395s][info ][gc,ergo        ] Free: 40959K, Max: 2048K regular, 34816K humongous, Frag: 11% external, 4% internal; Reserve: 206M, Max: 2048K
[2024-08-16T20:43:26.175+0800][7.395s][info ][gc,stats       ] 
[2024-08-16T20:43:26.175+0800][7.395s][info ][gc,stats       ] All times are wall-clock times, except per-root-class counters, that are sum over
[2024-08-16T20:43:26.175+0800][7.395s][info ][gc,stats       ] all workers. Dividing the <total> over the root stage time estimates parallelism.
[2024-08-16T20:43:26.175+0800][7.395s][info ][gc,stats       ] 
[2024-08-16T20:43:26.175+0800][7.395s][info ][gc,stats       ] Pause Full GC (G)                 63752 us
[2024-08-16T20:43:26.175+0800][7.395s][info ][gc,stats       ] Pause Full GC (N)                 63624 us
[2024-08-16T20:43:26.175+0800][7.395s][info ][gc,stats       ]   Pre Heap Dump                       1 us
[2024-08-16T20:43:26.175+0800][7.395s][info ][gc,stats       ]   Prepare                          3321 us
[2024-08-16T20:43:26.175+0800][7.395s][info ][gc,stats       ]     Update Roots                    572 us, parallelism: 1.26x
[2024-08-16T20:43:26.175+0800][7.395s][info ][gc,stats       ]       FU: <total>                   721 us
[2024-08-16T20:43:26.175+0800][7.395s][info ][gc,stats       ]       FU: Thread Roots               41 us, workers (us):   1,   1,   9,  12,  13,   5,   0,   0, 
[2024-08-16T20:43:26.175+0800][7.395s][info ][gc,stats       ]       FU: Code Cache Roots          626 us, workers (us): 365, 248,  13,   0,   0,   0,   0,   0, 
[2024-08-16T20:43:26.175+0800][7.395s][info ][gc,stats       ]       FU: VM Strong Roots             4 us, workers (us):   2,   0,   0,   0,   0,   0,   0,   0, 
[2024-08-16T20:43:26.175+0800][7.395s][info ][gc,stats       ]       FU: VM Weak Roots              32 us, workers (us):  25,   4,   0,   0,   1,   1,   0,   0, 
[2024-08-16T20:43:26.175+0800][7.395s][info ][gc,stats       ]       FU: CLDG Roots                 19 us, workers (us):  12,   2,   1,   1,   1,   1,   0,   0, 
[2024-08-16T20:43:26.175+0800][7.395s][info ][gc,stats       ]   Mark                             1558 us, parallelism: 3.28x
[2024-08-16T20:43:26.175+0800][7.395s][info ][gc,stats       ]     FM: <total>                    5111 us
[2024-08-16T20:43:26.175+0800][7.395s][info ][gc,stats       ]     FM: Thread Roots                 51 us, workers (us):  37,   1,   0,   9,   1,   1,   1,   1, 
[2024-08-16T20:43:26.175+0800][7.395s][info ][gc,stats       ]     FM: VM Strong Roots               5 us, workers (us):   0,   3,   0,   0,   0,   0,   0,   0, 
[2024-08-16T20:43:26.175+0800][7.395s][info ][gc,stats       ]     FM: CLDG Roots                   54 us, workers (us):  48,   1,   0,   1,   1,   1,   1,   0, 
[2024-08-16T20:43:26.175+0800][7.395s][info ][gc,stats       ]     FM: Parallel Mark              5001 us, workers (us): 532, 719, 675, 610, 639, 632, 628, 567, 
[2024-08-16T20:43:26.175+0800][7.395s][info ][gc,stats       ]     System Purge                    693 us
[2024-08-16T20:43:26.175+0800][7.395s][info ][gc,stats       ]       Weak References               189 us, parallelism: 0.02x
[2024-08-16T20:43:26.175+0800][7.395s][info ][gc,stats       ]         WRP: <total>                  4 us
[2024-08-16T20:43:26.175+0800][7.395s][info ][gc,stats       ]         WRP: Weak References          4 us, workers (us):   3,   0,   0,   0,   0,   0,   0,   0, 
[2024-08-16T20:43:26.175+0800][7.395s][info ][gc,stats       ]       Unload Classes                330 us, parallelism: 2.04x
[2024-08-16T20:43:26.175+0800][7.395s][info ][gc,stats       ]         CU: <total>                 673 us
[2024-08-16T20:43:26.175+0800][7.395s][info ][gc,stats       ]         CU: Unload Code Caches      673 us, workers (us): 185, 169, 100,  79,  51,  37,  41,  12, 
[2024-08-16T20:43:26.175+0800][7.395s][info ][gc,stats       ]       Weak Roots                    172 us, parallelism: 0.16x
[2024-08-16T20:43:26.175+0800][7.395s][info ][gc,stats       ]         WR: <total>                  27 us
[2024-08-16T20:43:26.175+0800][7.395s][info ][gc,stats       ]         WR: VM Weak Roots            27 us, workers (us):  22,   2,   1,   1,   0,   0,   0,   0, 
[2024-08-16T20:43:26.175+0800][7.395s][info ][gc,stats       ]       CLDG                            1 us
[2024-08-16T20:43:26.175+0800][7.395s][info ][gc,stats       ]   Calculate Addresses              2096 us
[2024-08-16T20:43:26.175+0800][7.395s][info ][gc,stats       ]     Regular Objects                2059 us
[2024-08-16T20:43:26.175+0800][7.395s][info ][gc,stats       ]     Humongous Objects                14 us
[2024-08-16T20:43:26.175+0800][7.395s][info ][gc,stats       ]   Adjust Pointers                  2177 us
[2024-08-16T20:43:26.175+0800][7.395s][info ][gc,stats       ]     FA: <total>                     642 us
[2024-08-16T20:43:26.175+0800][7.395s][info ][gc,stats       ]     FA: Thread Roots                 23 us, workers (us):   1,   0,  11,   9,   1,   1,   0,   0, 
[2024-08-16T20:43:26.175+0800][7.395s][info ][gc,stats       ]     FA: Code Cache Roots            568 us, workers (us): 260, 297,  11,   0,   0,   0,   0,   0, 
[2024-08-16T20:43:26.175+0800][7.395s][info ][gc,stats       ]     FA: VM Strong Roots               4 us, workers (us):   3,   0,   0,   0,   0,   0,   0,   0, 
[2024-08-16T20:43:26.175+0800][7.395s][info ][gc,stats       ]     FA: VM Weak Roots                26 us, workers (us):  20,   3,   0,   1,   0,   0,   0,   0, 
[2024-08-16T20:43:26.175+0800][7.395s][info ][gc,stats       ]     FA: CLDG Roots                   21 us, workers (us):   2,  15,   1,   1,   1,   1,   0,   0, 
[2024-08-16T20:43:26.175+0800][7.395s][info ][gc,stats       ]   Copy Objects                    53983 us
[2024-08-16T20:43:26.175+0800][7.395s][info ][gc,stats       ]     Regular Objects               51450 us
[2024-08-16T20:43:26.175+0800][7.395s][info ][gc,stats       ]     Humongous Objects                31 us
[2024-08-16T20:43:26.175+0800][7.395s][info ][gc,stats       ]     Reset Complete Bitmap          2460 us
[2024-08-16T20:43:26.175+0800][7.395s][info ][gc,stats       ]     Rebuild Region Sets              41 us
[2024-08-16T20:43:26.175+0800][7.395s][info ][gc,stats       ]   Post Heap Dump                      1 us
[2024-08-16T20:43:26.175+0800][7.395s][info ][gc,stats       ] Pacing                            66486 us
[2024-08-16T20:43:26.175+0800][7.395s][info ][gc,stats       ] 
[2024-08-16T20:43:26.175+0800][7.395s][info ][gc,stats       ] Allocation pacing accrued:
[2024-08-16T20:43:26.175+0800][7.395s][info ][gc,stats       ]      66 of    65 ms (101.7%): main
[2024-08-16T20:43:26.175+0800][7.395s][info ][gc,stats       ]      66 of    65 ms (101.7%): <total>
[2024-08-16T20:43:26.175+0800][7.395s][info ][gc,stats       ]       6 of    65 ms (  9.2%): <average total>
[2024-08-16T20:43:26.175+0800][7.395s][info ][gc,stats       ]      66 of    65 ms (101.7%): <average non-zero>
[2024-08-16T20:43:26.175+0800][7.395s][info ][gc,stats       ] 
[2024-08-16T20:43:26.175+0800][7.395s][info ][gc,metaspace   ] Metaspace: 824K(960K)->824K(960K) NonClass: 766K(832K)->766K(832K) Class: 58K(128K)->58K(128K)
[2024-08-16T20:43:26.175+0800][7.395s][info ][gc,ergo        ] Pacer for Idle. Initial: 83886K, Alloc Tax Rate: 1.0x
[2024-08-16T20:43:26.176+0800][7.396s][info ][gc             ] Trigger: Free (38911K) is below minimum threshold (409M)
[2024-08-16T20:43:26.176+0800][7.396s][info ][gc,ergo        ] Free: 38911K, Max: 2048K regular, 34816K humongous, Frag: 6% external, 5% internal; Reserve: 206M, Max: 2048K
[2024-08-16T20:43:26.176+0800][7.396s][info ][gc,start       ] GC(50) Concurrent reset
[2024-08-16T20:43:26.176+0800][7.396s][info ][gc,task        ] GC(50) Using 4 of 8 workers for concurrent reset
[2024-08-16T20:43:26.176+0800][7.396s][info ][gc,ergo        ] GC(50) Pacer for Reset. Non-Taxable: 4096M
[2024-08-16T20:43:26.177+0800][7.396s][info ][gc             ] GC(50) Concurrent reset 0.304ms
[2024-08-16T20:43:26.177+0800][7.396s][info ][gc,start       ] GC(50) Pause Init Mark (unload classes)
[2024-08-16T20:43:26.177+0800][7.396s][info ][gc,task        ] GC(50) Using 8 of 8 workers for init marking
[2024-08-16T20:43:26.177+0800][7.397s][info ][gc,ergo        ] GC(50) Pacer for Mark. Expected Live: 3828M, Free: 38911K, Non-Taxable: 3891K, Alloc Tax Rate: 123.1x
[2024-08-16T20:43:26.177+0800][7.397s][info ][gc             ] GC(50) Pause Init Mark (unload classes) 0.126ms
[2024-08-16T20:43:26.177+0800][7.397s][info ][gc,start       ] GC(50) Concurrent marking roots
[2024-08-16T20:43:26.177+0800][7.397s][info ][gc,task        ] GC(50) Using 4 of 8 workers for concurrent marking roots
[2024-08-16T20:43:26.177+0800][7.397s][debug][gc,tlab        ] GC(50) TLAB totals: thrds: 1  refills: 1 max: 1 slow allocs: 1 max 1 waste: 90.3% gc: 39488B max: 39488B slow: 0B max: 0B
[2024-08-16T20:43:26.177+0800][7.397s][info ][gc             ] GC(50) Concurrent marking roots 0.171ms
[2024-08-16T20:43:26.177+0800][7.397s][info ][gc,start       ] GC(50) Concurrent marking (unload classes)
[2024-08-16T20:43:26.177+0800][7.397s][info ][gc,task        ] GC(50) Using 4 of 8 workers for concurrent marking
[2024-08-16T20:43:26.178+0800][7.398s][info ][gc             ] GC(50) Concurrent marking (unload classes) 0.896ms
[2024-08-16T20:43:26.178+0800][7.398s][info ][gc,start       ] GC(50) Pause Final Mark (unload classes)
[2024-08-16T20:43:26.178+0800][7.398s][info ][gc,task        ] GC(50) Using 8 of 8 workers for final marking
[2024-08-16T20:43:26.179+0800][7.398s][info ][gc,ergo        ] GC(50) Adaptive CSet Selection. Target Free: 580M, Actual Free: 240M, Max CSet: 170M, Min Garbage: 340M
[2024-08-16T20:43:26.179+0800][7.398s][info ][gc,ergo        ] GC(50) Collectable Garbage: 41608B (100%), Immediate: 0B (0%), CSet: 41608B (100%)
[2024-08-16T20:43:26.179+0800][7.398s][info ][gc,ergo        ] GC(50) Pacer for Evacuation. Used CSet: 170M, Free: 1791M, Non-Taxable: 179M, Alloc Tax Rate: 1.1x
[2024-08-16T20:43:26.179+0800][7.398s][info ][gc             ] GC(50) Pause Final Mark (unload classes) 0.480ms
[2024-08-16T20:43:26.179+0800][7.398s][info ][gc,start       ] GC(50) Concurrent thread roots
[2024-08-16T20:43:26.179+0800][7.398s][info ][gc,task        ] GC(50) Using 4 of 8 workers for Concurrent thread roots
[2024-08-16T20:43:26.179+0800][7.398s][info ][gc             ] GC(50) Concurrent thread roots 0.116ms
[2024-08-16T20:43:26.179+0800][7.399s][info ][gc,start       ] GC(50) Concurrent weak references
[2024-08-16T20:43:26.179+0800][7.399s][info ][gc,task        ] GC(50) Using 4 of 8 workers for concurrent weak references
[2024-08-16T20:43:26.179+0800][7.399s][info ][gc,ref         ] GC(50) Encountered references: Soft: 67, Weak: 189, Final: 0, Phantom: 1
[2024-08-16T20:43:26.179+0800][7.399s][info ][gc,ref         ] GC(50) Discovered  references: Soft: 0, Weak: 50, Final: 0, Phantom: 1
[2024-08-16T20:43:26.179+0800][7.399s][info ][gc,ref         ] GC(50) Enqueued    references: Soft: 0, Weak: 0, Final: 0, Phantom: 0
[2024-08-16T20:43:26.179+0800][7.399s][info ][gc             ] GC(50) Concurrent weak references 0.115ms
[2024-08-16T20:43:26.179+0800][7.399s][info ][gc,start       ] GC(50) Concurrent weak roots
[2024-08-16T20:43:26.179+0800][7.399s][info ][gc,task        ] GC(50) Using 4 of 8 workers for concurrent weak root
[2024-08-16T20:43:26.179+0800][7.399s][info ][gc             ] GC(50) Concurrent weak roots 0.215ms
[2024-08-16T20:43:26.179+0800][7.399s][info ][gc,start       ] GC(50) Concurrent cleanup
[2024-08-16T20:43:26.179+0800][7.399s][info ][gc             ] GC(50) Concurrent cleanup 1929M->1929M(4096M) 0.113ms
[2024-08-16T20:43:26.179+0800][7.399s][info ][gc,ergo        ] GC(50) Free: 33791K, Max: 2048K regular, 32768K humongous, Frag: 0% external, 2% internal; Reserve: 205M, Max: 2048K
[2024-08-16T20:43:26.179+0800][7.399s][info ][gc,start       ] GC(50) Concurrent class unloading
[2024-08-16T20:43:26.179+0800][7.399s][info ][gc,task        ] GC(50) Using 4 of 8 workers for concurrent class unloading
[2024-08-16T20:43:26.179+0800][7.399s][debug][gc,phases,start] GC(50) ClassLoaderData
[2024-08-16T20:43:26.179+0800][7.399s][debug][gc,phases      ] GC(50) ClassLoaderData 0.007ms
[2024-08-16T20:43:26.179+0800][7.399s][debug][gc,phases,start] GC(50) Trigger cleanups
[2024-08-16T20:43:26.179+0800][7.399s][debug][gc,phases      ] GC(50) Trigger cleanups 0.006ms
[2024-08-16T20:43:26.180+0800][7.400s][info ][gc             ] GC(50) Concurrent class unloading 0.474ms
[2024-08-16T20:43:26.180+0800][7.400s][info ][gc,start       ] GC(50) Concurrent strong roots
[2024-08-16T20:43:26.180+0800][7.400s][info ][gc,task        ] GC(50) Using 4 of 8 workers for concurrent strong root
[2024-08-16T20:43:26.180+0800][7.400s][info ][gc             ] GC(50) Concurrent strong roots 0.110ms
[2024-08-16T20:43:26.180+0800][7.400s][info ][gc,start       ] GC(50) Concurrent evacuation
[2024-08-16T20:43:26.180+0800][7.400s][info ][gc,task        ] GC(50) Using 4 of 8 workers for concurrent evacuation
[2024-08-16T20:43:26.191+0800][7.410s][info ][gc             ] GC(50) Failed to allocate 1024K for evacuation
[2024-08-16T20:43:26.191+0800][7.410s][info ][gc             ] GC(50) Cancelling GC: Allocation Failure During Evacuation
[2024-08-16T20:43:26.192+0800][7.412s][info ][gc             ] GC(50) Concurrent evacuation 11.964ms
[2024-08-16T20:43:26.192+0800][7.412s][info ][gc,ergo        ] Free: 0B, Max: 0B regular, 0B humongous, Frag: 0% external, 0% internal; Reserve: 0B, Max: 0B
[2024-08-16T20:43:26.192+0800][7.412s][info ][gc,stats       ] 
[2024-08-16T20:43:26.192+0800][7.412s][info ][gc,stats       ] All times are wall-clock times, except per-root-class counters, that are sum over
[2024-08-16T20:43:26.192+0800][7.412s][info ][gc,stats       ] all workers. Dividing the <total> over the root stage time estimates parallelism.
[2024-08-16T20:43:26.192+0800][7.412s][info ][gc,stats       ] 
[2024-08-16T20:43:26.192+0800][7.412s][info ][gc,stats       ] Concurrent Reset                    345 us
[2024-08-16T20:43:26.192+0800][7.412s][info ][gc,stats       ] Pause Init Mark (G)                 209 us
[2024-08-16T20:43:26.192+0800][7.412s][info ][gc,stats       ] Pause Init Mark (N)                 148 us
[2024-08-16T20:43:26.192+0800][7.412s][info ][gc,stats       ]   Update Region States               89 us
[2024-08-16T20:43:26.192+0800][7.412s][info ][gc,stats       ] Concurrent Mark Roots               211 us, parallelism: 1.03x
[2024-08-16T20:43:26.192+0800][7.412s][info ][gc,stats       ]   CMR: <total>                      216 us
[2024-08-16T20:43:26.192+0800][7.412s][info ][gc,stats       ]   CMR: Thread Roots                 184 us, workers (us):  37,  64,  39,  43, ---, ---, ---, ---, 
[2024-08-16T20:43:26.192+0800][7.412s][info ][gc,stats       ]   CMR: VM Strong Roots                4 us, workers (us):   3,   0,   0,   0, ---, ---, ---, ---, 
[2024-08-16T20:43:26.192+0800][7.412s][info ][gc,stats       ]   CMR: CLDG Roots                    28 us, workers (us):  28,   0, ---, ---, ---, ---, ---, ---, 
[2024-08-16T20:43:26.192+0800][7.412s][info ][gc,stats       ] Concurrent Marking                  941 us
[2024-08-16T20:43:26.192+0800][7.412s][info ][gc,stats       ] Pause Final Mark (G)                569 us
[2024-08-16T20:43:26.192+0800][7.412s][info ][gc,stats       ] Pause Final Mark (N)                504 us
[2024-08-16T20:43:26.192+0800][7.412s][info ][gc,stats       ]   Finish Mark                       225 us
[2024-08-16T20:43:26.192+0800][7.412s][info ][gc,stats       ]   Update Region States               90 us
[2024-08-16T20:43:26.192+0800][7.412s][info ][gc,stats       ]   Choose Collection Set             111 us
[2024-08-16T20:43:26.192+0800][7.412s][info ][gc,stats       ]   Rebuild Free Set                    6 us
[2024-08-16T20:43:26.192+0800][7.412s][info ][gc,stats       ] Concurrent Thread Roots             159 us, parallelism: 0.69x
[2024-08-16T20:43:26.192+0800][7.412s][info ][gc,stats       ]   CTR: <total>                      110 us
[2024-08-16T20:43:26.192+0800][7.412s][info ][gc,stats       ]   CTR: Thread Roots                 110 us, workers (us):  58,  23,  29,   0, ---, ---, ---, ---, 
[2024-08-16T20:43:26.192+0800][7.412s][info ][gc,stats       ] Concurrent Weak References          146 us, parallelism: 0.54x
[2024-08-16T20:43:26.192+0800][7.412s][info ][gc,stats       ]   CWRF: <total>                      79 us
[2024-08-16T20:43:26.192+0800][7.412s][info ][gc,stats       ]   CWRF: Weak References              79 us, workers (us):  46,  33,   0,   0, ---, ---, ---, ---, 
[2024-08-16T20:43:26.192+0800][7.412s][info ][gc,stats       ] Concurrent Weak Roots               252 us
[2024-08-16T20:43:26.192+0800][7.412s][info ][gc,stats       ]   Roots                             133 us, parallelism: 1.34x
[2024-08-16T20:43:26.192+0800][7.412s][info ][gc,stats       ]     CWR: <total>                    178 us
[2024-08-16T20:43:26.192+0800][7.412s][info ][gc,stats       ]     CWR: Code Cache Roots            95 us, workers (us):  44,   0,  48,   3, ---, ---, ---, ---, 
[2024-08-16T20:43:26.192+0800][7.412s][info ][gc,stats       ]     CWR: VM Weak Roots               82 us, workers (us):  38,  23,  16,   5, ---, ---, ---, ---, 
[2024-08-16T20:43:26.192+0800][7.412s][info ][gc,stats       ]     CWR: CLDG Roots                   1 us, workers (us):   1, ---, ---, ---, ---, ---, ---, ---, 
[2024-08-16T20:43:26.192+0800][7.412s][info ][gc,stats       ]   Rendezvous                         65 us
[2024-08-16T20:43:26.192+0800][7.412s][info ][gc,stats       ] Concurrent Cleanup                  151 us
[2024-08-16T20:43:26.192+0800][7.412s][info ][gc,stats       ] Concurrent Class Unloading          502 us
[2024-08-16T20:43:26.192+0800][7.412s][info ][gc,stats       ]   Unlink Stale                      313 us
[2024-08-16T20:43:26.192+0800][7.412s][info ][gc,stats       ]     System Dictionary                32 us
[2024-08-16T20:43:26.192+0800][7.412s][info ][gc,stats       ]     Weak Class Links                  0 us
[2024-08-16T20:43:26.192+0800][7.412s][info ][gc,stats       ]     Code Roots                      280 us
[2024-08-16T20:43:26.192+0800][7.412s][info ][gc,stats       ]   Rendezvous                         56 us
[2024-08-16T20:43:26.192+0800][7.412s][info ][gc,stats       ]   Purge Unlinked                     83 us
[2024-08-16T20:43:26.192+0800][7.412s][info ][gc,stats       ]     Code Roots                       67 us
[2024-08-16T20:43:26.192+0800][7.412s][info ][gc,stats       ]     CLDG                             16 us
[2024-08-16T20:43:26.192+0800][7.412s][info ][gc,stats       ]     Exception Caches                  0 us
[2024-08-16T20:43:26.192+0800][7.412s][info ][gc,stats       ] Concurrent Strong Roots             138 us, parallelism: 0.33x
[2024-08-16T20:43:26.192+0800][7.412s][info ][gc,stats       ]   CSR: <total>                       46 us
[2024-08-16T20:43:26.192+0800][7.412s][info ][gc,stats       ]   CSR: VM Strong Roots                7 us, workers (us):   6,   0,   0,   0, ---, ---, ---, ---, 
[2024-08-16T20:43:26.192+0800][7.412s][info ][gc,stats       ]   CSR: CLDG Roots                    39 us, workers (us):  38,   0, ---, ---, ---, ---, ---, ---, 
[2024-08-16T20:43:26.192+0800][7.412s][info ][gc,stats       ] Concurrent Evacuation             11997 us
[2024-08-16T20:43:26.192+0800][7.412s][info ][gc,stats       ] Pacing                            11711 us
[2024-08-16T20:43:26.192+0800][7.412s][info ][gc,stats       ] 
[2024-08-16T20:43:26.192+0800][7.412s][info ][gc,stats       ] Allocation pacing accrued:
[2024-08-16T20:43:26.192+0800][7.412s][info ][gc,stats       ]      12 of    17 ms ( 68.6%): main
[2024-08-16T20:43:26.192+0800][7.412s][info ][gc,stats       ]      12 of    17 ms ( 68.6%): <total>
[2024-08-16T20:43:26.192+0800][7.412s][info ][gc,stats       ]       1 of    17 ms (  6.2%): <average total>
[2024-08-16T20:43:26.192+0800][7.412s][info ][gc,stats       ]      12 of    17 ms ( 68.6%): <average non-zero>
[2024-08-16T20:43:26.192+0800][7.412s][info ][gc,stats       ] 
[2024-08-16T20:43:26.192+0800][7.412s][info ][gc,metaspace   ] Metaspace: 824K(960K)->824K(960K) NonClass: 766K(832K)->766K(832K) Class: 58K(128K)->58K(128K)
[2024-08-16T20:43:26.192+0800][7.412s][info ][gc,ergo        ] Pacer for Idle. Initial: 83886K, Alloc Tax Rate: 1.0x
[2024-08-16T20:43:26.193+0800][7.413s][info ][gc             ] Trigger: Handle Allocation Failure
[2024-08-16T20:43:26.193+0800][7.413s][info ][gc,ergo        ] Free: 0B, Max: 0B regular, 0B humongous, Frag: 0% external, 0% internal; Reserve: 0B, Max: 0B
[2024-08-16T20:43:26.193+0800][7.413s][info ][gc,start       ] GC(51) Pause Degenerated GC (Evacuation)
[2024-08-16T20:43:26.194+0800][7.413s][info ][gc,task        ] GC(51) Using 8 of 8 workers for stw degenerated gc
[2024-08-16T20:43:26.194+0800][7.413s][info ][gc             ] GC(51) Cancelling GC: Allocation Failure During Evacuation
[2024-08-16T20:43:26.195+0800][7.415s][info ][gc             ] GC(51) Cannot finish degeneration, upgrading to Full GC
[2024-08-16T20:43:26.198+0800][7.417s][debug][gc,tlab        ] GC(51) TLAB totals: thrds: 1  refills: 1 max: 1 slow allocs: 2 max 2 waste: 78.6% gc: 31152B max: 31152B slow: 0B max: 0B
[2024-08-16T20:43:26.198+0800][7.417s][info ][gc,phases,start] GC(51) Phase 1: Mark live objects
[2024-08-16T20:43:26.198+0800][7.417s][info ][gc,ref         ] GC(51) Clearing All SoftReferences
[2024-08-16T20:43:26.198+0800][7.417s][info ][gc,ref         ] GC(51) Clearing All SoftReferences
[2024-08-16T20:43:26.199+0800][7.418s][info ][gc,ref         ] GC(51) Encountered references: Soft: 67, Weak: 189, Final: 0, Phantom: 1
[2024-08-16T20:43:26.199+0800][7.418s][info ][gc,ref         ] GC(51) Discovered  references: Soft: 46, Weak: 0, Final: 0, Phantom: 1
[2024-08-16T20:43:26.199+0800][7.418s][info ][gc,ref         ] GC(51) Enqueued    references: Soft: 0, Weak: 0, Final: 0, Phantom: 0
[2024-08-16T20:43:26.199+0800][7.418s][debug][gc,phases,start] GC(51) ClassLoaderData
[2024-08-16T20:43:26.199+0800][7.418s][debug][gc,phases      ] GC(51) ClassLoaderData 0.011ms
[2024-08-16T20:43:26.199+0800][7.418s][debug][gc,phases,start] GC(51) Trigger cleanups
[2024-08-16T20:43:26.199+0800][7.418s][debug][gc,phases      ] GC(51) Trigger cleanups 0.004ms
[2024-08-16T20:43:26.199+0800][7.419s][info ][gc,phases      ] GC(51) Phase 1: Mark live objects 1.103ms
[2024-08-16T20:43:26.199+0800][7.419s][info ][gc,phases,start] GC(51) Phase 2: Compute new object addresses
[2024-08-16T20:43:26.201+0800][7.420s][info ][gc,phases      ] GC(51) Phase 2: Compute new object addresses 1.941ms
[2024-08-16T20:43:26.201+0800][7.420s][info ][gc,phases,start] GC(51) Phase 3: Adjust pointers
[2024-08-16T20:43:26.203+0800][7.423s][info ][gc,phases      ] GC(51) Phase 3: Adjust pointers 2.074ms
[2024-08-16T20:43:26.203+0800][7.423s][info ][gc,phases,start] GC(51) Phase 4: Move objects
[2024-08-16T20:43:26.257+0800][7.476s][info ][gc,phases      ] GC(51) Phase 4: Move objects 53.844ms
[2024-08-16T20:43:26.257+0800][7.477s][info ][gc,ergo        ] GC(51) Good progress for free space: 1960M, need 41943K
[2024-08-16T20:43:26.257+0800][7.477s][info ][gc,ergo        ] GC(51) Good progress for used space: 210M, need 2048K
[2024-08-16T20:43:26.257+0800][7.477s][info ][gc             ] GC(51) Pause Degenerated GC (Evacuation) 2140M->1929M(4096M) 63.517ms
[2024-08-16T20:43:26.257+0800][7.477s][debug][gc,ergo        ] GC(51) Margin of error now 3.21
[2024-08-16T20:43:26.257+0800][7.477s][debug][gc,ergo        ] GC(51) Spike threshold now: 0.40
[2024-08-16T20:43:26.257+0800][7.477s][info ][gc,ergo        ] Free: 1960M, Max: 2048K regular, 18432K humongous, Frag: 44% external, 49% internal; Reserve: 206M, Max: 2048K
[2024-08-16T20:43:26.257+0800][7.477s][info ][gc,stats       ] 
[2024-08-16T20:43:26.257+0800][7.477s][info ][gc,stats       ] All times are wall-clock times, except per-root-class counters, that are sum over
[2024-08-16T20:43:26.257+0800][7.477s][info ][gc,stats       ] all workers. Dividing the <total> over the root stage time estimates parallelism.
[2024-08-16T20:43:26.257+0800][7.477s][info ][gc,stats       ] 
[2024-08-16T20:43:26.257+0800][7.477s][info ][gc,stats       ] Pause Degenerated GC (G)          63624 us
[2024-08-16T20:43:26.257+0800][7.477s][info ][gc,stats       ] Pause Degenerated GC (N)          63543 us
[2024-08-16T20:43:26.257+0800][7.477s][info ][gc,stats       ]   Evacuation                       1410 us
[2024-08-16T20:43:26.257+0800][7.477s][info ][gc,stats       ]   Pre Heap Dump                       1 us
[2024-08-16T20:43:26.257+0800][7.477s][info ][gc,stats       ]   Prepare                          2728 us
[2024-08-16T20:43:26.257+0800][7.477s][info ][gc,stats       ]     Update Roots                    316 us, parallelism: 1.41x
[2024-08-16T20:43:26.257+0800][7.477s][info ][gc,stats       ]       FU: <total>                   445 us
[2024-08-16T20:43:26.257+0800][7.477s][info ][gc,stats       ]       FU: Thread Roots               31 us, workers (us):  13,   4,   1,   0,  14,   0,   0,   0, 
[2024-08-16T20:43:26.257+0800][7.477s][info ][gc,stats       ]       FU: Code Cache Roots          373 us, workers (us):   0,  15, 164, 193,   0,   0,   0,   0, 
[2024-08-16T20:43:26.257+0800][7.477s][info ][gc,stats       ]       FU: VM Strong Roots             3 us, workers (us):   1,   0,   0,   0,   0,   0,   0,   0, 
[2024-08-16T20:43:26.257+0800][7.477s][info ][gc,stats       ]       FU: VM Weak Roots              22 us, workers (us):  16,   4,   1,   1,   0,   0,   0,   0, 
[2024-08-16T20:43:26.257+0800][7.477s][info ][gc,stats       ]       FU: CLDG Roots                 16 us, workers (us):  10,   2,   1,   1,   1,   0,   0,   0, 
[2024-08-16T20:43:26.257+0800][7.477s][info ][gc,stats       ]   Mark                             1086 us, parallelism: 3.69x
[2024-08-16T20:43:26.257+0800][7.477s][info ][gc,stats       ]     FM: <total>                    4013 us
[2024-08-16T20:43:26.257+0800][7.477s][info ][gc,stats       ]     FM: Thread Roots                 33 us, workers (us):  22,   5,   0,   1,   1,   1,   1,   1, 
[2024-08-16T20:43:26.257+0800][7.477s][info ][gc,stats       ]     FM: VM Strong Roots               4 us, workers (us):   1,   0,   2,   0,   0,   0,   0,   0, 
[2024-08-16T20:43:26.257+0800][7.477s][info ][gc,stats       ]     FM: CLDG Roots                   53 us, workers (us):   1,  46,   0,   1,   1,   1,   1,   1, 
[2024-08-16T20:43:26.257+0800][7.477s][info ][gc,stats       ]     FM: Parallel Mark              3924 us, workers (us): 568, 494, 562, 520, 447, 429, 481, 422, 
[2024-08-16T20:43:26.257+0800][7.477s][info ][gc,stats       ]     System Purge                    407 us
[2024-08-16T20:43:26.257+0800][7.477s][info ][gc,stats       ]       Weak References               129 us, parallelism: 0.03x
[2024-08-16T20:43:26.257+0800][7.477s][info ][gc,stats       ]         WRP: <total>                  4 us
[2024-08-16T20:43:26.257+0800][7.477s][info ][gc,stats       ]         WRP: Weak References          4 us, workers (us):   4,   0,   0,   0,   0,   0,   0,   0, 
[2024-08-16T20:43:26.257+0800][7.477s][info ][gc,stats       ]       Unload Classes                182 us, parallelism: 2.48x
[2024-08-16T20:43:26.257+0800][7.477s][info ][gc,stats       ]         CU: <total>                 451 us
[2024-08-16T20:43:26.257+0800][7.477s][info ][gc,stats       ]         CU: Unload Code Caches      451 us, workers (us): 102, 101,  92,  80,  37,  27,  12,   0, 
[2024-08-16T20:43:26.257+0800][7.477s][info ][gc,stats       ]       Weak Roots                     95 us, parallelism: 0.32x
[2024-08-16T20:43:26.257+0800][7.477s][info ][gc,stats       ]         WR: <total>                  31 us
[2024-08-16T20:43:26.257+0800][7.477s][info ][gc,stats       ]         WR: VM Weak Roots            31 us, workers (us):  19,   7,   1,   1,   1,   1,   1,   1, 
[2024-08-16T20:43:26.257+0800][7.477s][info ][gc,stats       ]       CLDG                            1 us
[2024-08-16T20:43:26.257+0800][7.477s][info ][gc,stats       ]   Calculate Addresses              1925 us
[2024-08-16T20:43:26.257+0800][7.477s][info ][gc,stats       ]     Regular Objects                1890 us
[2024-08-16T20:43:26.257+0800][7.477s][info ][gc,stats       ]     Humongous Objects                 8 us
[2024-08-16T20:43:26.257+0800][7.477s][info ][gc,stats       ]   Adjust Pointers                  2067 us
[2024-08-16T20:43:26.257+0800][7.477s][info ][gc,stats       ]     FA: <total>                     402 us
[2024-08-16T20:43:26.257+0800][7.477s][info ][gc,stats       ]     FA: Thread Roots                 26 us, workers (us):   1,   1,   0,  15,   7,   2,   0,   0, 
[2024-08-16T20:43:26.257+0800][7.477s][info ][gc,stats       ]     FA: Code Cache Roots            326 us, workers (us): 159, 154,  13,   0,   0,   0,   0,   0, 
[2024-08-16T20:43:26.257+0800][7.477s][info ][gc,stats       ]     FA: VM Strong Roots               3 us, workers (us):   2,   0,   0,   0,   0,   0,   0,   0, 
[2024-08-16T20:43:26.257+0800][7.477s][info ][gc,stats       ]     FA: VM Weak Roots                23 us, workers (us):  15,   6,   1,   1,   0,   0,   0,   0, 
[2024-08-16T20:43:26.257+0800][7.477s][info ][gc,stats       ]     FA: CLDG Roots                   23 us, workers (us):   2,  18,   1,   1,   0,   0,   0,   0, 
[2024-08-16T20:43:26.257+0800][7.477s][info ][gc,stats       ]   Copy Objects                    53837 us
[2024-08-16T20:43:26.257+0800][7.477s][info ][gc,stats       ]     Regular Objects               51222 us
[2024-08-16T20:43:26.257+0800][7.477s][info ][gc,stats       ]     Humongous Objects                31 us
[2024-08-16T20:43:26.257+0800][7.477s][info ][gc,stats       ]     Reset Complete Bitmap          2535 us
[2024-08-16T20:43:26.257+0800][7.477s][info ][gc,stats       ]     Rebuild Region Sets              48 us
[2024-08-16T20:43:26.257+0800][7.477s][info ][gc,stats       ]   Post Heap Dump                      1 us
[2024-08-16T20:43:26.257+0800][7.477s][info ][gc,stats       ] 
[2024-08-16T20:43:26.257+0800][7.477s][info ][gc,stats       ] Allocation pacing accrued:
[2024-08-16T20:43:26.257+0800][7.477s][info ][gc,stats       ]       0 of    65 ms (  0.0%): <total>
[2024-08-16T20:43:26.257+0800][7.477s][info ][gc,stats       ]       0 of    65 ms (  0.0%): <average total>
[2024-08-16T20:43:26.257+0800][7.477s][info ][gc,stats       ] 
[2024-08-16T20:43:26.257+0800][7.477s][info ][gc,metaspace   ] Metaspace: 824K(960K)->824K(960K) NonClass: 766K(832K)->766K(832K) Class: 58K(128K)->58K(128K)
[2024-08-16T20:43:26.257+0800][7.477s][info ][gc,ergo        ] Pacer for Idle. Initial: 83886K, Alloc Tax Rate: 1.0x
[2024-08-16T20:43:26.258+0800][7.478s][info ][gc             ] Trigger: Free (30719K) is below minimum threshold (409M)
[2024-08-16T20:43:26.259+0800][7.478s][info ][gc,ergo        ] Free: 30719K, Max: 2048K regular, 18432K humongous, Frag: 36% external, 6% internal; Reserve: 206M, Max: 2048K
[2024-08-16T20:43:26.259+0800][7.478s][info ][gc,start       ] GC(52) Concurrent reset
[2024-08-16T20:43:26.259+0800][7.478s][info ][gc,task        ] GC(52) Using 4 of 8 workers for concurrent reset
[2024-08-16T20:43:26.259+0800][7.478s][info ][gc,ergo        ] GC(52) Pacer for Reset. Non-Taxable: 4096M
[2024-08-16T20:43:26.259+0800][7.478s][info ][gc             ] GC(52) Concurrent reset 0.272ms
[2024-08-16T20:43:26.259+0800][7.479s][info ][gc,start       ] GC(52) Pause Init Mark (unload classes)
[2024-08-16T20:43:26.259+0800][7.479s][info ][gc,task        ] GC(52) Using 8 of 8 workers for init marking
[2024-08-16T20:43:26.259+0800][7.479s][info ][gc,ergo        ] GC(52) Pacer for Mark. Expected Live: 3838M, Free: 30719K, Non-Taxable: 3071K, Alloc Tax Rate: 156.4x
[2024-08-16T20:43:26.259+0800][7.479s][info ][gc             ] GC(52) Pause Init Mark (unload classes) 0.126ms
[2024-08-16T20:43:26.259+0800][7.479s][info ][gc,start       ] GC(52) Concurrent marking roots
[2024-08-16T20:43:26.259+0800][7.479s][info ][gc,task        ] GC(52) Using 4 of 8 workers for concurrent marking roots
[2024-08-16T20:43:26.259+0800][7.479s][debug][gc,tlab        ] GC(52) TLAB totals: thrds: 1  refills: 1 max: 1 slow allocs: 1 max 1 waste: 90.3% gc: 39200B max: 39200B slow: 0B max: 0B
[2024-08-16T20:43:26.259+0800][7.479s][info ][gc             ] GC(52) Concurrent marking roots 0.214ms
[2024-08-16T20:43:26.259+0800][7.479s][info ][gc,start       ] GC(52) Concurrent marking (unload classes)
[2024-08-16T20:43:26.259+0800][7.479s][info ][gc,task        ] GC(52) Using 4 of 8 workers for concurrent marking
[2024-08-16T20:43:26.260+0800][7.480s][info ][gc             ] GC(52) Concurrent marking (unload classes) 0.995ms
[2024-08-16T20:43:26.260+0800][7.480s][info ][gc,start       ] GC(52) Pause Final Mark (unload classes)
[2024-08-16T20:43:26.260+0800][7.480s][info ][gc,task        ] GC(52) Using 8 of 8 workers for final marking
[2024-08-16T20:43:26.261+0800][7.481s][info ][gc,ergo        ] GC(52) Adaptive CSet Selection. Target Free: 580M, Actual Free: 232M, Max CSet: 170M, Min Garbage: 348M
[2024-08-16T20:43:26.261+0800][7.481s][info ][gc,ergo        ] GC(52) Collectable Garbage: 22680B (100%), Immediate: 0B (0%), CSet: 22680B (100%)
[2024-08-16T20:43:26.261+0800][7.481s][info ][gc,ergo        ] GC(52) Pacer for Evacuation. Used CSet: 170M, Free: 1787M, Non-Taxable: 178M, Alloc Tax Rate: 1.1x
[2024-08-16T20:43:26.261+0800][7.481s][info ][gc             ] GC(52) Pause Final Mark (unload classes) 0.597ms
[2024-08-16T20:43:26.261+0800][7.481s][info ][gc,start       ] GC(52) Concurrent thread roots
[2024-08-16T20:43:26.261+0800][7.481s][info ][gc,task        ] GC(52) Using 4 of 8 workers for Concurrent thread roots
[2024-08-16T20:43:26.261+0800][7.481s][info ][gc             ] GC(52) Concurrent thread roots 0.139ms
[2024-08-16T20:43:26.261+0800][7.481s][info ][gc,start       ] GC(52) Concurrent weak references
[2024-08-16T20:43:26.261+0800][7.481s][info ][gc,task        ] GC(52) Using 4 of 8 workers for concurrent weak references
[2024-08-16T20:43:26.261+0800][7.481s][info ][gc,ref         ] GC(52) Encountered references: Soft: 67, Weak: 189, Final: 0, Phantom: 1
[2024-08-16T20:43:26.261+0800][7.481s][info ][gc,ref         ] GC(52) Discovered  references: Soft: 0, Weak: 53, Final: 0, Phantom: 1
[2024-08-16T20:43:26.261+0800][7.481s][info ][gc,ref         ] GC(52) Enqueued    references: Soft: 0, Weak: 0, Final: 0, Phantom: 0
[2024-08-16T20:43:26.261+0800][7.481s][info ][gc             ] GC(52) Concurrent weak references 0.155ms
[2024-08-16T20:43:26.261+0800][7.481s][info ][gc,start       ] GC(52) Concurrent weak roots
[2024-08-16T20:43:26.261+0800][7.481s][info ][gc,task        ] GC(52) Using 4 of 8 workers for concurrent weak root
[2024-08-16T20:43:26.262+0800][7.481s][info ][gc             ] GC(52) Concurrent weak roots 0.241ms
[2024-08-16T20:43:26.262+0800][7.481s][info ][gc,start       ] GC(52) Concurrent cleanup
[2024-08-16T20:43:26.262+0800][7.481s][info ][gc             ] GC(52) Concurrent cleanup 1933M->1933M(4096M) 0.088ms
[2024-08-16T20:43:26.262+0800][7.481s][info ][gc,ergo        ] GC(52) Free: 26623K, Max: 2048K regular, 18432K humongous, Frag: 25% external, 7% internal; Reserve: 205M, Max: 2048K
[2024-08-16T20:43:26.262+0800][7.481s][info ][gc,start       ] GC(52) Concurrent class unloading
[2024-08-16T20:43:26.262+0800][7.481s][info ][gc,task        ] GC(52) Using 4 of 8 workers for concurrent class unloading
[2024-08-16T20:43:26.262+0800][7.482s][debug][gc,phases,start] GC(52) ClassLoaderData
[2024-08-16T20:43:26.262+0800][7.482s][debug][gc,phases      ] GC(52) ClassLoaderData 0.005ms
[2024-08-16T20:43:26.262+0800][7.482s][debug][gc,phases,start] GC(52) Trigger cleanups
[2024-08-16T20:43:26.262+0800][7.482s][debug][gc,phases      ] GC(52) Trigger cleanups 0.003ms
[2024-08-16T20:43:26.262+0800][7.482s][info ][gc             ] GC(52) Concurrent class unloading 0.435ms
[2024-08-16T20:43:26.262+0800][7.482s][info ][gc,start       ] GC(52) Concurrent strong roots
[2024-08-16T20:43:26.262+0800][7.482s][info ][gc,task        ] GC(52) Using 4 of 8 workers for concurrent strong root
[2024-08-16T20:43:26.262+0800][7.482s][info ][gc             ] GC(52) Concurrent strong roots 0.059ms
[2024-08-16T20:43:26.262+0800][7.482s][info ][gc,start       ] GC(52) Concurrent evacuation
[2024-08-16T20:43:26.262+0800][7.482s][info ][gc,task        ] GC(52) Using 4 of 8 workers for concurrent evacuation
[2024-08-16T20:43:26.273+0800][7.493s][info ][gc             ] GC(52) Failed to allocate 1024K for evacuation
[2024-08-16T20:43:26.273+0800][7.493s][info ][gc             ] GC(52) Cancelling GC: Allocation Failure During Evacuation
[2024-08-16T20:43:26.275+0800][7.494s][info ][gc             ] GC(52) Concurrent evacuation 12.186ms
[2024-08-16T20:43:26.275+0800][7.494s][info ][gc,ergo        ] Free: 0B, Max: 0B regular, 0B humongous, Frag: 0% external, 0% internal; Reserve: 0B, Max: 0B
[2024-08-16T20:43:26.275+0800][7.494s][info ][gc,stats       ] 
[2024-08-16T20:43:26.275+0800][7.494s][info ][gc,stats       ] All times are wall-clock times, except per-root-class counters, that are sum over
[2024-08-16T20:43:26.275+0800][7.494s][info ][gc,stats       ] all workers. Dividing the <total> over the root stage time estimates parallelism.
[2024-08-16T20:43:26.275+0800][7.494s][info ][gc,stats       ] 
[2024-08-16T20:43:26.275+0800][7.494s][info ][gc,stats       ] Concurrent Reset                    310 us
[2024-08-16T20:43:26.275+0800][7.494s][info ][gc,stats       ] Pause Init Mark (G)                 245 us
[2024-08-16T20:43:26.275+0800][7.494s][info ][gc,stats       ] Pause Init Mark (N)                 169 us
[2024-08-16T20:43:26.275+0800][7.494s][info ][gc,stats       ]   Update Region States               95 us
[2024-08-16T20:43:26.275+0800][7.494s][info ][gc,stats       ] Concurrent Mark Roots               251 us, parallelism: 1.07x
[2024-08-16T20:43:26.275+0800][7.494s][info ][gc,stats       ]   CMR: <total>                      268 us
[2024-08-16T20:43:26.275+0800][7.494s][info ][gc,stats       ]   CMR: Thread Roots                 231 us, workers (us):  58,  90,  83,   0, ---, ---, ---, ---, 
[2024-08-16T20:43:26.275+0800][7.494s][info ][gc,stats       ]   CMR: VM Strong Roots                5 us, workers (us):   4,   0,   0,   0, ---, ---, ---, ---, 
[2024-08-16T20:43:26.275+0800][7.494s][info ][gc,stats       ]   CMR: CLDG Roots                    32 us, workers (us):  32,   0, ---, ---, ---, ---, ---, ---, 
[2024-08-16T20:43:26.275+0800][7.494s][info ][gc,stats       ] Concurrent Marking                 1033 us
[2024-08-16T20:43:26.275+0800][7.494s][info ][gc,stats       ] Pause Final Mark (G)                704 us
[2024-08-16T20:43:26.275+0800][7.494s][info ][gc,stats       ] Pause Final Mark (N)                620 us
[2024-08-16T20:43:26.275+0800][7.494s][info ][gc,stats       ]   Finish Mark                       372 us
[2024-08-16T20:43:26.275+0800][7.494s][info ][gc,stats       ]   Update Region States              110 us
[2024-08-16T20:43:26.275+0800][7.494s][info ][gc,stats       ]   Choose Collection Set              77 us
[2024-08-16T20:43:26.275+0800][7.494s][info ][gc,stats       ]   Rebuild Free Set                    6 us
[2024-08-16T20:43:26.275+0800][7.494s][info ][gc,stats       ] Concurrent Thread Roots             167 us, parallelism: 0.57x
[2024-08-16T20:43:26.275+0800][7.494s][info ][gc,stats       ]   CTR: <total>                       95 us
[2024-08-16T20:43:26.275+0800][7.494s][info ][gc,stats       ]   CTR: Thread Roots                  95 us, workers (us):  61,   5,  28,   0, ---, ---, ---, ---, 
[2024-08-16T20:43:26.275+0800][7.494s][info ][gc,stats       ] Concurrent Weak References          186 us, parallelism: 0.03x
[2024-08-16T20:43:26.275+0800][7.494s][info ][gc,stats       ]   CWRF: <total>                       5 us
[2024-08-16T20:43:26.275+0800][7.494s][info ][gc,stats       ]   CWRF: Weak References               5 us, workers (us):   5,   0,   0,   0, ---, ---, ---, ---, 
[2024-08-16T20:43:26.275+0800][7.494s][info ][gc,stats       ] Concurrent Weak Roots               273 us
[2024-08-16T20:43:26.275+0800][7.494s][info ][gc,stats       ]   Roots                             173 us, parallelism: 1.29x
[2024-08-16T20:43:26.275+0800][7.494s][info ][gc,stats       ]     CWR: <total>                    223 us
[2024-08-16T20:43:26.275+0800][7.494s][info ][gc,stats       ]     CWR: Code Cache Roots           179 us, workers (us):  83,  93,   3,   0, ---, ---, ---, ---, 
[2024-08-16T20:43:26.275+0800][7.494s][info ][gc,stats       ]     CWR: VM Weak Roots               43 us, workers (us):  29,  13,   1,   0, ---, ---, ---, ---, 
[2024-08-16T20:43:26.275+0800][7.494s][info ][gc,stats       ]     CWR: CLDG Roots                   1 us, workers (us):   1, ---, ---, ---, ---, ---, ---, ---, 
[2024-08-16T20:43:26.275+0800][7.494s][info ][gc,stats       ]   Rendezvous                         53 us
[2024-08-16T20:43:26.275+0800][7.494s][info ][gc,stats       ] Concurrent Cleanup                  110 us
[2024-08-16T20:43:26.275+0800][7.494s][info ][gc,stats       ] Concurrent Class Unloading          467 us
[2024-08-16T20:43:26.275+0800][7.494s][info ][gc,stats       ]   Unlink Stale                      308 us
[2024-08-16T20:43:26.275+0800][7.494s][info ][gc,stats       ]     System Dictionary                17 us
[2024-08-16T20:43:26.275+0800][7.494s][info ][gc,stats       ]     Weak Class Links                  0 us
[2024-08-16T20:43:26.275+0800][7.494s][info ][gc,stats       ]     Code Roots                      290 us
[2024-08-16T20:43:26.275+0800][7.494s][info ][gc,stats       ]   Rendezvous                         54 us
[2024-08-16T20:43:26.275+0800][7.494s][info ][gc,stats       ]   Purge Unlinked                     61 us
[2024-08-16T20:43:26.275+0800][7.494s][info ][gc,stats       ]     Code Roots                       49 us
[2024-08-16T20:43:26.275+0800][7.494s][info ][gc,stats       ]     CLDG                             12 us
[2024-08-16T20:43:26.275+0800][7.494s][info ][gc,stats       ]     Exception Caches                  0 us
[2024-08-16T20:43:26.275+0800][7.494s][info ][gc,stats       ] Concurrent Strong Roots             100 us, parallelism: 0.14x
[2024-08-16T20:43:26.275+0800][7.494s][info ][gc,stats       ]   CSR: <total>                       14 us
[2024-08-16T20:43:26.275+0800][7.494s][info ][gc,stats       ]   CSR: VM Strong Roots                2 us, workers (us):   1,   0,   0,   0, ---, ---, ---, ---, 
[2024-08-16T20:43:26.275+0800][7.494s][info ][gc,stats       ]   CSR: CLDG Roots                    13 us, workers (us):  12,   1, ---, ---, ---, ---, ---, ---, 
[2024-08-16T20:43:26.275+0800][7.494s][info ][gc,stats       ] Concurrent Evacuation             12218 us
[2024-08-16T20:43:26.275+0800][7.494s][info ][gc,stats       ] Pacing                            11012 us
[2024-08-16T20:43:26.275+0800][7.494s][info ][gc,stats       ] 
[2024-08-16T20:43:26.275+0800][7.494s][info ][gc,stats       ] Allocation pacing accrued:
[2024-08-16T20:43:26.275+0800][7.495s][info ][gc,stats       ]      11 of    17 ms ( 63.0%): main
[2024-08-16T20:43:26.275+0800][7.495s][info ][gc,stats       ]      11 of    17 ms ( 63.0%): <total>
[2024-08-16T20:43:26.275+0800][7.495s][info ][gc,stats       ]       1 of    17 ms (  5.7%): <average total>
[2024-08-16T20:43:26.275+0800][7.495s][info ][gc,stats       ]      11 of    17 ms ( 63.0%): <average non-zero>
[2024-08-16T20:43:26.275+0800][7.495s][info ][gc,stats       ] 
[2024-08-16T20:43:26.275+0800][7.495s][info ][gc,metaspace   ] Metaspace: 824K(960K)->824K(960K) NonClass: 766K(832K)->766K(832K) Class: 58K(128K)->58K(128K)
[2024-08-16T20:43:26.275+0800][7.495s][info ][gc,ergo        ] Pacer for Idle. Initial: 83886K, Alloc Tax Rate: 1.0x
[2024-08-16T20:43:26.276+0800][7.496s][info ][gc             ] Trigger: Handle Allocation Failure
[2024-08-16T20:43:26.276+0800][7.496s][info ][gc,ergo        ] Free: 0B, Max: 0B regular, 0B humongous, Frag: 0% external, 0% internal; Reserve: 0B, Max: 0B
[2024-08-16T20:43:26.276+0800][7.496s][info ][gc,start       ] GC(53) Pause Degenerated GC (Evacuation)
[2024-08-16T20:43:26.276+0800][7.496s][info ][gc,task        ] GC(53) Using 8 of 8 workers for stw degenerated gc
[2024-08-16T20:43:26.276+0800][7.496s][info ][gc             ] GC(53) Cancelling GC: Allocation Failure During Evacuation
[2024-08-16T20:43:26.278+0800][7.497s][info ][gc             ] GC(53) Cannot finish degeneration, upgrading to Full GC
[2024-08-16T20:43:26.280+0800][7.500s][debug][gc,tlab        ] GC(53) TLAB totals: thrds: 1  refills: 1 max: 1 slow allocs: 2 max 2 waste: 77.4% gc: 28984B max: 28984B slow: 0B max: 0B
[2024-08-16T20:43:26.280+0800][7.500s][info ][gc,phases,start] GC(53) Phase 1: Mark live objects
[2024-08-16T20:43:26.280+0800][7.500s][info ][gc,ref         ] GC(53) Clearing All SoftReferences
[2024-08-16T20:43:26.280+0800][7.500s][info ][gc,ref         ] GC(53) Clearing All SoftReferences
[2024-08-16T20:43:26.281+0800][7.501s][info ][gc,ref         ] GC(53) Encountered references: Soft: 67, Weak: 189, Final: 0, Phantom: 1
[2024-08-16T20:43:26.281+0800][7.501s][info ][gc,ref         ] GC(53) Discovered  references: Soft: 45, Weak: 0, Final: 0, Phantom: 1
[2024-08-16T20:43:26.281+0800][7.501s][info ][gc,ref         ] GC(53) Enqueued    references: Soft: 0, Weak: 0, Final: 0, Phantom: 0
[2024-08-16T20:43:26.281+0800][7.501s][debug][gc,phases,start] GC(53) ClassLoaderData
[2024-08-16T20:43:26.281+0800][7.501s][debug][gc,phases      ] GC(53) ClassLoaderData 0.012ms
[2024-08-16T20:43:26.281+0800][7.501s][debug][gc,phases,start] GC(53) Trigger cleanups
[2024-08-16T20:43:26.281+0800][7.501s][debug][gc,phases      ] GC(53) Trigger cleanups 0.006ms
[2024-08-16T20:43:26.282+0800][7.501s][info ][gc,phases      ] GC(53) Phase 1: Mark live objects 1.281ms
[2024-08-16T20:43:26.282+0800][7.501s][info ][gc,phases,start] GC(53) Phase 2: Compute new object addresses
[2024-08-16T20:43:26.284+0800][7.503s][info ][gc,phases      ] GC(53) Phase 2: Compute new object addresses 1.943ms
[2024-08-16T20:43:26.284+0800][7.503s][info ][gc,phases,start] GC(53) Phase 3: Adjust pointers
[2024-08-16T20:43:26.286+0800][7.505s][info ][gc,phases      ] GC(53) Phase 3: Adjust pointers 2.091ms
[2024-08-16T20:43:26.286+0800][7.505s][info ][gc,phases,start] GC(53) Phase 4: Move objects
[2024-08-16T20:43:26.341+0800][7.560s][info ][gc,phases      ] GC(53) Phase 4: Move objects 54.923ms
[2024-08-16T20:43:26.341+0800][7.561s][info ][gc,ergo        ] GC(53) Good progress for free space: 1956M, need 41943K
[2024-08-16T20:43:26.341+0800][7.561s][info ][gc,ergo        ] GC(53) Good progress for used space: 190M, need 2048K
[2024-08-16T20:43:26.341+0800][7.561s][info ][gc             ] GC(53) Pause Degenerated GC (Evacuation) 2123M->1933M(4096M) 64.833ms
[2024-08-16T20:43:26.341+0800][7.561s][debug][gc,ergo        ] GC(53) Margin of error now 3.29
[2024-08-16T20:43:26.341+0800][7.561s][debug][gc,ergo        ] GC(53) Spike threshold now: 0.32
[2024-08-16T20:43:26.341+0800][7.561s][info ][gc,ergo        ] Free: 1956M, Max: 2048K regular, 18432K humongous, Frag: 25% external, 49% internal; Reserve: 206M, Max: 2048K
[2024-08-16T20:43:26.341+0800][7.561s][info ][gc,stats       ] 
[2024-08-16T20:43:26.341+0800][7.561s][info ][gc,stats       ] All times are wall-clock times, except per-root-class counters, that are sum over
[2024-08-16T20:43:26.341+0800][7.561s][info ][gc,stats       ] all workers. Dividing the <total> over the root stage time estimates parallelism.
[2024-08-16T20:43:26.341+0800][7.561s][info ][gc,stats       ] 
[2024-08-16T20:43:26.341+0800][7.561s][info ][gc,stats       ] Pause Degenerated GC (G)          64947 us
[2024-08-16T20:43:26.341+0800][7.561s][info ][gc,stats       ] Pause Degenerated GC (N)          64863 us
[2024-08-16T20:43:26.341+0800][7.561s][info ][gc,stats       ]   Evacuation                       1399 us
[2024-08-16T20:43:26.341+0800][7.561s][info ][gc,stats       ]   Pre Heap Dump                       1 us
[2024-08-16T20:43:26.341+0800][7.561s][info ][gc,stats       ]   Prepare                          2762 us
[2024-08-16T20:43:26.341+0800][7.561s][info ][gc,stats       ]     Update Roots                    325 us, parallelism: 1.70x
[2024-08-16T20:43:26.341+0800][7.561s][info ][gc,stats       ]       FU: <total>                   553 us
[2024-08-16T20:43:26.341+0800][7.561s][info ][gc,stats       ]       FU: Thread Roots               27 us, workers (us):   1,   1,  14,  12,   0,   0,   0,   0, 
[2024-08-16T20:43:26.341+0800][7.561s][info ][gc,stats       ]       FU: Code Cache Roots          489 us, workers (us): 228, 248,  12,   0,   0,   0,   0,   0, 
[2024-08-16T20:43:26.341+0800][7.561s][info ][gc,stats       ]       FU: VM Strong Roots             2 us, workers (us):   2,   0,   0,   0,   0,   0,   0,   0, 
[2024-08-16T20:43:26.341+0800][7.561s][info ][gc,stats       ]       FU: VM Weak Roots              21 us, workers (us):  16,   4,   1,   0,   0,   0,   0,   0, 
[2024-08-16T20:43:26.341+0800][7.561s][info ][gc,stats       ]       FU: CLDG Roots                 14 us, workers (us):   2,  10,   1,   1,   0,   0,   0,   0, 
[2024-08-16T20:43:26.341+0800][7.561s][info ][gc,stats       ]   Mark                             1275 us, parallelism: 3.77x
[2024-08-16T20:43:26.341+0800][7.561s][info ][gc,stats       ]     FM: <total>                    4805 us
[2024-08-16T20:43:26.341+0800][7.561s][info ][gc,stats       ]     FM: Thread Roots                 30 us, workers (us):  21,   5,   1,   1,   1,   0,   1,   0, 
[2024-08-16T20:43:26.341+0800][7.561s][info ][gc,stats       ]     FM: VM Strong Roots               3 us, workers (us):   2,   0,   0,   0,   0,   0,   0,   0, 
[2024-08-16T20:43:26.341+0800][7.561s][info ][gc,stats       ]     FM: CLDG Roots                   29 us, workers (us):   0,  24,   1,   0,   1,   0,   1,   0, 
[2024-08-16T20:43:26.341+0800][7.561s][info ][gc,stats       ]     FM: Parallel Mark              4743 us, workers (us): 626, 620, 656, 512, 585, 591, 603, 550, 
[2024-08-16T20:43:26.341+0800][7.561s][info ][gc,stats       ]     System Purge                    502 us
[2024-08-16T20:43:26.341+0800][7.561s][info ][gc,stats       ]       Weak References               147 us, parallelism: 0.03x
[2024-08-16T20:43:26.341+0800][7.561s][info ][gc,stats       ]         WRP: <total>                  4 us
[2024-08-16T20:43:26.341+0800][7.561s][info ][gc,stats       ]         WRP: Weak References          4 us, workers (us):   3,   0,   0,   0,   0,   0,   0,   0, 
[2024-08-16T20:43:26.341+0800][7.561s][info ][gc,stats       ]       Unload Classes                231 us, parallelism: 2.32x
[2024-08-16T20:43:26.341+0800][7.561s][info ][gc,stats       ]         CU: <total>                 537 us
[2024-08-16T20:43:26.341+0800][7.561s][info ][gc,stats       ]         CU: Unload Code Caches      537 us, workers (us): 104,  81,  84,  76,  68,  61,  26,  36, 
[2024-08-16T20:43:26.341+0800][7.561s][info ][gc,stats       ]       Weak Roots                    122 us, parallelism: 0.21x
[2024-08-16T20:43:26.341+0800][7.561s][info ][gc,stats       ]         WR: <total>                  26 us
[2024-08-16T20:43:26.341+0800][7.561s][info ][gc,stats       ]         WR: VM Weak Roots            26 us, workers (us):  18,   4,   1,   1,   1,   1,   1,   1, 
[2024-08-16T20:43:26.341+0800][7.561s][info ][gc,stats       ]       CLDG                            0 us
[2024-08-16T20:43:26.341+0800][7.561s][info ][gc,stats       ]   Calculate Addresses              1938 us
[2024-08-16T20:43:26.341+0800][7.561s][info ][gc,stats       ]     Regular Objects                1911 us
[2024-08-16T20:43:26.341+0800][7.561s][info ][gc,stats       ]     Humongous Objects                 9 us
[2024-08-16T20:43:26.341+0800][7.561s][info ][gc,stats       ]   Adjust Pointers                  2085 us
[2024-08-16T20:43:26.341+0800][7.561s][info ][gc,stats       ]     FA: <total>                     415 us
[2024-08-16T20:43:26.341+0800][7.561s][info ][gc,stats       ]     FA: Thread Roots                 24 us, workers (us):  11,   1,   0,  11,   0,   0,   1,   0, 
[2024-08-16T20:43:26.341+0800][7.561s][info ][gc,stats       ]     FA: Code Cache Roots            349 us, workers (us):  12, 170, 166,   0,   0,   0,   0,   0, 
[2024-08-16T20:43:26.341+0800][7.561s][info ][gc,stats       ]     FA: VM Strong Roots               3 us, workers (us):   2,   0,   0,   0,   0,   0,   0,   0, 
[2024-08-16T20:43:26.341+0800][7.561s][info ][gc,stats       ]     FA: VM Weak Roots                23 us, workers (us):  14,   6,   0,   0,   0,   0,   1,   0, 
[2024-08-16T20:43:26.341+0800][7.561s][info ][gc,stats       ]     FA: CLDG Roots                   17 us, workers (us):  12,   2,   1,   0,   0,   0,   1,   0, 
[2024-08-16T20:43:26.341+0800][7.561s][info ][gc,stats       ]   Copy Objects                    54917 us
[2024-08-16T20:43:26.341+0800][7.561s][info ][gc,stats       ]     Regular Objects               52311 us
[2024-08-16T20:43:26.341+0800][7.561s][info ][gc,stats       ]     Humongous Objects                17 us
[2024-08-16T20:43:26.341+0800][7.561s][info ][gc,stats       ]     Reset Complete Bitmap          2552 us
[2024-08-16T20:43:26.341+0800][7.561s][info ][gc,stats       ]     Rebuild Region Sets              34 us
[2024-08-16T20:43:26.341+0800][7.561s][info ][gc,stats       ]   Post Heap Dump                      1 us
[2024-08-16T20:43:26.341+0800][7.561s][info ][gc,stats       ] 
[2024-08-16T20:43:26.341+0800][7.561s][info ][gc,stats       ] Allocation pacing accrued:
[2024-08-16T20:43:26.341+0800][7.561s][info ][gc,stats       ]       0 of    66 ms (  0.0%): <total>
[2024-08-16T20:43:26.341+0800][7.561s][info ][gc,stats       ]       0 of    66 ms (  0.0%): <average total>
[2024-08-16T20:43:26.341+0800][7.561s][info ][gc,stats       ] 
[2024-08-16T20:43:26.341+0800][7.561s][info ][gc,metaspace   ] Metaspace: 824K(960K)->824K(960K) NonClass: 766K(832K)->766K(832K) Class: 58K(128K)->58K(128K)
[2024-08-16T20:43:26.341+0800][7.561s][info ][gc,ergo        ] Pacer for Idle. Initial: 83886K, Alloc Tax Rate: 1.0x
[2024-08-16T20:43:26.342+0800][7.562s][info ][gc             ] Trigger: Free (22527K) is below minimum threshold (409M)
[2024-08-16T20:43:26.342+0800][7.562s][info ][gc,ergo        ] Free: 22527K, Max: 2048K regular, 18432K humongous, Frag: 10% external, 8% internal; Reserve: 206M, Max: 2048K
[2024-08-16T20:43:26.342+0800][7.562s][info ][gc,start       ] GC(54) Concurrent reset
[2024-08-16T20:43:26.342+0800][7.562s][info ][gc,task        ] GC(54) Using 4 of 8 workers for concurrent reset
[2024-08-16T20:43:26.342+0800][7.562s][info ][gc,ergo        ] GC(54) Pacer for Reset. Non-Taxable: 4096M
[2024-08-16T20:43:26.343+0800][7.562s][info ][gc             ] GC(54) Concurrent reset 0.257ms
[2024-08-16T20:43:26.343+0800][7.562s][info ][gc,start       ] GC(54) Pause Init Mark (unload classes)
[2024-08-16T20:43:26.343+0800][7.562s][info ][gc,task        ] GC(54) Using 8 of 8 workers for init marking
[2024-08-16T20:43:26.343+0800][7.563s][info ][gc,ergo        ] GC(54) Pacer for Mark. Expected Live: 3847M, Free: 22527K, Non-Taxable: 2252K, Alloc Tax Rate: 213.8x
[2024-08-16T20:43:26.343+0800][7.563s][info ][gc             ] GC(54) Pause Init Mark (unload classes) 0.124ms
[2024-08-16T20:43:26.343+0800][7.563s][info ][gc,start       ] GC(54) Concurrent marking roots
[2024-08-16T20:43:26.343+0800][7.563s][info ][gc,task        ] GC(54) Using 4 of 8 workers for concurrent marking roots
[2024-08-16T20:43:26.343+0800][7.563s][debug][gc,tlab        ] GC(54) TLAB totals: thrds: 1  refills: 1 max: 1 slow allocs: 1 max 1 waste: 89.7% gc: 36840B max: 36840B slow: 0B max: 0B
[2024-08-16T20:43:26.343+0800][7.563s][info ][gc             ] GC(54) Concurrent marking roots 0.175ms
[2024-08-16T20:43:26.343+0800][7.563s][info ][gc,start       ] GC(54) Concurrent marking (unload classes)
[2024-08-16T20:43:26.343+0800][7.563s][info ][gc,task        ] GC(54) Using 4 of 8 workers for concurrent marking
[2024-08-16T20:43:26.344+0800][7.564s][info ][gc             ] GC(54) Concurrent marking (unload classes) 0.870ms
[2024-08-16T20:43:26.344+0800][7.564s][info ][gc,start       ] GC(54) Pause Final Mark (unload classes)
[2024-08-16T20:43:26.344+0800][7.564s][info ][gc,task        ] GC(54) Using 8 of 8 workers for final marking
[2024-08-16T20:43:26.345+0800][7.564s][info ][gc,ergo        ] GC(54) Adaptive CSet Selection. Target Free: 580M, Actual Free: 224M, Max CSet: 170M, Min Garbage: 356M
[2024-08-16T20:43:26.345+0800][7.564s][info ][gc,ergo        ] GC(54) Collectable Garbage: 22488B (100%), Immediate: 0B (0%), CSet: 22488B (100%)
[2024-08-16T20:43:26.345+0800][7.564s][info ][gc,ergo        ] GC(54) Pacer for Evacuation. Used CSet: 170M, Free: 1783M, Non-Taxable: 178M, Alloc Tax Rate: 1.1x
[2024-08-16T20:43:26.345+0800][7.564s][info ][gc             ] GC(54) Pause Final Mark (unload classes) 0.560ms
[2024-08-16T20:43:26.345+0800][7.564s][info ][gc,start       ] GC(54) Concurrent thread roots
[2024-08-16T20:43:26.345+0800][7.564s][info ][gc,task        ] GC(54) Using 4 of 8 workers for Concurrent thread roots
[2024-08-16T20:43:26.345+0800][7.565s][info ][gc             ] GC(54) Concurrent thread roots 0.145ms
[2024-08-16T20:43:26.345+0800][7.565s][info ][gc,start       ] GC(54) Concurrent weak references
[2024-08-16T20:43:26.345+0800][7.565s][info ][gc,task        ] GC(54) Using 4 of 8 workers for concurrent weak references
[2024-08-16T20:43:26.345+0800][7.565s][info ][gc,ref         ] GC(54) Encountered references: Soft: 67, Weak: 189, Final: 0, Phantom: 1
[2024-08-16T20:43:26.345+0800][7.565s][info ][gc,ref         ] GC(54) Discovered  references: Soft: 0, Weak: 53, Final: 0, Phantom: 1
[2024-08-16T20:43:26.345+0800][7.565s][info ][gc,ref         ] GC(54) Enqueued    references: Soft: 0, Weak: 0, Final: 0, Phantom: 0
[2024-08-16T20:43:26.345+0800][7.565s][info ][gc             ] GC(54) Concurrent weak references 0.077ms
[2024-08-16T20:43:26.345+0800][7.565s][info ][gc,start       ] GC(54) Concurrent weak roots
[2024-08-16T20:43:26.345+0800][7.565s][info ][gc,task        ] GC(54) Using 4 of 8 workers for concurrent weak root
[2024-08-16T20:43:26.345+0800][7.565s][info ][gc             ] GC(54) Concurrent weak roots 0.249ms
[2024-08-16T20:43:26.345+0800][7.565s][info ][gc,start       ] GC(54) Concurrent cleanup
[2024-08-16T20:43:26.345+0800][7.565s][info ][gc             ] GC(54) Concurrent cleanup 1937M->1937M(4096M) 0.086ms
[2024-08-16T20:43:26.345+0800][7.565s][info ][gc,ergo        ] GC(54) Free: 17407K, Max: 2048K regular, 16384K humongous, Frag: 0% external, 5% internal; Reserve: 205M, Max: 2048K
[2024-08-16T20:43:26.345+0800][7.565s][info ][gc,start       ] GC(54) Concurrent class unloading
[2024-08-16T20:43:26.345+0800][7.565s][info ][gc,task        ] GC(54) Using 4 of 8 workers for concurrent class unloading
[2024-08-16T20:43:26.345+0800][7.565s][debug][gc,phases,start] GC(54) ClassLoaderData
[2024-08-16T20:43:26.345+0800][7.565s][debug][gc,phases      ] GC(54) ClassLoaderData 0.005ms
[2024-08-16T20:43:26.345+0800][7.565s][debug][gc,phases,start] GC(54) Trigger cleanups
[2024-08-16T20:43:26.345+0800][7.565s][debug][gc,phases      ] GC(54) Trigger cleanups 0.004ms
[2024-08-16T20:43:26.346+0800][7.566s][info ][gc             ] GC(54) Concurrent class unloading 0.419ms
[2024-08-16T20:43:26.346+0800][7.566s][info ][gc,start       ] GC(54) Concurrent strong roots
[2024-08-16T20:43:26.346+0800][7.566s][info ][gc,task        ] GC(54) Using 4 of 8 workers for concurrent strong root
[2024-08-16T20:43:26.346+0800][7.566s][info ][gc             ] GC(54) Concurrent strong roots 0.066ms
[2024-08-16T20:43:26.346+0800][7.566s][info ][gc,start       ] GC(54) Concurrent evacuation
[2024-08-16T20:43:26.346+0800][7.566s][info ][gc,task        ] GC(54) Using 4 of 8 workers for concurrent evacuation
[2024-08-16T20:43:26.356+0800][7.575s][info ][gc             ] GC(54) Failed to allocate 1024K for evacuation
[2024-08-16T20:43:26.356+0800][7.576s][info ][gc             ] GC(54) Cancelling GC: Allocation Failure During Evacuation
[2024-08-16T20:43:26.357+0800][7.577s][info ][gc             ] GC(54) Concurrent evacuation 10.978ms
[2024-08-16T20:43:26.357+0800][7.577s][info ][gc,ergo        ] Free: 1023K, Max: 1023K regular, 0B humongous, Frag: 0% external, 50% internal; Reserve: 0B, Max: 0B
[2024-08-16T20:43:26.357+0800][7.577s][info ][gc,stats       ] 
[2024-08-16T20:43:26.357+0800][7.577s][info ][gc,stats       ] All times are wall-clock times, except per-root-class counters, that are sum over
[2024-08-16T20:43:26.357+0800][7.577s][info ][gc,stats       ] all workers. Dividing the <total> over the root stage time estimates parallelism.
[2024-08-16T20:43:26.357+0800][7.577s][info ][gc,stats       ] 
[2024-08-16T20:43:26.357+0800][7.577s][info ][gc,stats       ] Concurrent Reset                    296 us
[2024-08-16T20:43:26.357+0800][7.577s][info ][gc,stats       ] Pause Init Mark (G)                 212 us
[2024-08-16T20:43:26.357+0800][7.577s][info ][gc,stats       ] Pause Init Mark (N)                 147 us
[2024-08-16T20:43:26.357+0800][7.577s][info ][gc,stats       ]   Update Region States               93 us
[2024-08-16T20:43:26.357+0800][7.577s][info ][gc,stats       ] Concurrent Mark Roots               229 us, parallelism: 0.96x
[2024-08-16T20:43:26.357+0800][7.577s][info ][gc,stats       ]   CMR: <total>                      220 us
[2024-08-16T20:43:26.357+0800][7.577s][info ][gc,stats       ]   CMR: Thread Roots                 181 us, workers (us):  35,  68,  73,   5, ---, ---, ---, ---, 
[2024-08-16T20:43:26.357+0800][7.577s][info ][gc,stats       ]   CMR: VM Strong Roots                4 us, workers (us):   4,   0,   0,   0, ---, ---, ---, ---, 
[2024-08-16T20:43:26.357+0800][7.577s][info ][gc,stats       ]   CMR: CLDG Roots                    35 us, workers (us):  33,   2, ---, ---, ---, ---, ---, ---, 
[2024-08-16T20:43:26.357+0800][7.577s][info ][gc,stats       ] Concurrent Marking                  902 us
[2024-08-16T20:43:26.357+0800][7.577s][info ][gc,stats       ] Pause Final Mark (G)                697 us
[2024-08-16T20:43:26.357+0800][7.577s][info ][gc,stats       ] Pause Final Mark (N)                596 us
[2024-08-16T20:43:26.357+0800][7.577s][info ][gc,stats       ]   Finish Mark                       284 us
[2024-08-16T20:43:26.357+0800][7.577s][info ][gc,stats       ]   Update Region States              107 us
[2024-08-16T20:43:26.357+0800][7.577s][info ][gc,stats       ]   Choose Collection Set             113 us
[2024-08-16T20:43:26.357+0800][7.577s][info ][gc,stats       ]   Rebuild Free Set                   10 us
[2024-08-16T20:43:26.357+0800][7.577s][info ][gc,stats       ] Concurrent Thread Roots             174 us, parallelism: 0.53x
[2024-08-16T20:43:26.357+0800][7.577s][info ][gc,stats       ]   CTR: <total>                       92 us
[2024-08-16T20:43:26.357+0800][7.577s][info ][gc,stats       ]   CTR: Thread Roots                  92 us, workers (us):  30,  31,  31,   0, ---, ---, ---, ---, 
[2024-08-16T20:43:26.357+0800][7.577s][info ][gc,stats       ] Concurrent Weak References           98 us, parallelism: 0.06x
[2024-08-16T20:43:26.357+0800][7.577s][info ][gc,stats       ]   CWRF: <total>                       6 us
[2024-08-16T20:43:26.357+0800][7.577s][info ][gc,stats       ]   CWRF: Weak References               6 us, workers (us):   5,   0,   0,   0, ---, ---, ---, ---, 
[2024-08-16T20:43:26.357+0800][7.577s][info ][gc,stats       ] Concurrent Weak Roots               282 us
[2024-08-16T20:43:26.357+0800][7.577s][info ][gc,stats       ]   Roots                             178 us, parallelism: 1.01x
[2024-08-16T20:43:26.357+0800][7.577s][info ][gc,stats       ]     CWR: <total>                    179 us
[2024-08-16T20:43:26.357+0800][7.577s][info ][gc,stats       ]     CWR: Code Cache Roots           151 us, workers (us):  85,  65,   0,   0, ---, ---, ---, ---, 
[2024-08-16T20:43:26.357+0800][7.577s][info ][gc,stats       ]     CWR: VM Weak Roots               27 us, workers (us):  18,   9,   0,   0, ---, ---, ---, ---, 
[2024-08-16T20:43:26.357+0800][7.577s][info ][gc,stats       ]     CWR: CLDG Roots                   1 us, workers (us):   1, ---, ---, ---, ---, ---, ---, ---, 
[2024-08-16T20:43:26.357+0800][7.577s][info ][gc,stats       ]   Rendezvous                         58 us
[2024-08-16T20:43:26.357+0800][7.577s][info ][gc,stats       ] Concurrent Cleanup                  108 us
[2024-08-16T20:43:26.357+0800][7.577s][info ][gc,stats       ] Concurrent Class Unloading          469 us
[2024-08-16T20:43:26.357+0800][7.577s][info ][gc,stats       ]   Unlink Stale                      289 us
[2024-08-16T20:43:26.357+0800][7.577s][info ][gc,stats       ]     System Dictionary                18 us
[2024-08-16T20:43:26.357+0800][7.577s][info ][gc,stats       ]     Weak Class Links                  0 us
[2024-08-16T20:43:26.357+0800][7.577s][info ][gc,stats       ]     Code Roots                      270 us
[2024-08-16T20:43:26.357+0800][7.577s][info ][gc,stats       ]   Rendezvous                         60 us
[2024-08-16T20:43:26.357+0800][7.577s][info ][gc,stats       ]   Purge Unlinked                     59 us
[2024-08-16T20:43:26.357+0800][7.577s][info ][gc,stats       ]     Code Roots                       47 us
[2024-08-16T20:43:26.357+0800][7.577s][info ][gc,stats       ]     CLDG                             12 us
[2024-08-16T20:43:26.357+0800][7.577s][info ][gc,stats       ]     Exception Caches                  0 us
[2024-08-16T20:43:26.357+0800][7.577s][info ][gc,stats       ] Concurrent Strong Roots             101 us, parallelism: 0.14x
[2024-08-16T20:43:26.357+0800][7.577s][info ][gc,stats       ]   CSR: <total>                       14 us
[2024-08-16T20:43:26.357+0800][7.577s][info ][gc,stats       ]   CSR: VM Strong Roots                2 us, workers (us):   2,   0,   0,   0, ---, ---, ---, ---, 
[2024-08-16T20:43:26.357+0800][7.577s][info ][gc,stats       ]   CSR: CLDG Roots                    12 us, workers (us):  12, ---, ---, ---, ---, ---, ---, ---, 
[2024-08-16T20:43:26.357+0800][7.577s][info ][gc,stats       ] Concurrent Evacuation             11031 us
[2024-08-16T20:43:26.357+0800][7.577s][info ][gc,stats       ] 
[2024-08-16T20:43:26.357+0800][7.577s][info ][gc,stats       ] Allocation pacing accrued:
[2024-08-16T20:43:26.357+0800][7.577s][info ][gc,stats       ]       0 of    16 ms (  0.0%): <total>
[2024-08-16T20:43:26.357+0800][7.577s][info ][gc,stats       ]       0 of    16 ms (  0.0%): <average total>
[2024-08-16T20:43:26.357+0800][7.577s][info ][gc,stats       ] 
[2024-08-16T20:43:26.357+0800][7.577s][info ][gc,metaspace   ] Metaspace: 824K(960K)->824K(960K) NonClass: 766K(832K)->766K(832K) Class: 58K(128K)->58K(128K)
[2024-08-16T20:43:26.357+0800][7.577s][info ][gc,ergo        ] Pacer for Idle. Initial: 83886K, Alloc Tax Rate: 1.0x
[2024-08-16T20:43:26.358+0800][7.578s][info ][gc             ] Trigger: Handle Allocation Failure
[2024-08-16T20:43:26.358+0800][7.578s][info ][gc,ergo        ] Free: 0B, Max: 0B regular, 0B humongous, Frag: 0% external, 0% internal; Reserve: 0B, Max: 0B
[2024-08-16T20:43:26.358+0800][7.578s][info ][gc,start       ] GC(55) Pause Degenerated GC (Evacuation)
[2024-08-16T20:43:26.358+0800][7.578s][info ][gc,task        ] GC(55) Using 8 of 8 workers for stw degenerated gc
[2024-08-16T20:43:26.359+0800][7.578s][info ][gc             ] GC(55) Cancelling GC: Allocation Failure During Evacuation
[2024-08-16T20:43:26.360+0800][7.580s][info ][gc             ] GC(55) Cannot finish degeneration, upgrading to Full GC
[2024-08-16T20:43:26.364+0800][7.584s][debug][gc,tlab        ] GC(55) TLAB totals: thrds: 1  refills: 1 max: 1 slow allocs: 2 max 2 waste: 77.3% gc: 28816B max: 28816B slow: 0B max: 0B
[2024-08-16T20:43:26.364+0800][7.584s][info ][gc,phases,start] GC(55) Phase 1: Mark live objects
[2024-08-16T20:43:26.364+0800][7.584s][info ][gc,ref         ] GC(55) Clearing All SoftReferences
[2024-08-16T20:43:26.364+0800][7.584s][info ][gc,ref         ] GC(55) Clearing All SoftReferences
[2024-08-16T20:43:26.365+0800][7.585s][info ][gc,ref         ] GC(55) Encountered references: Soft: 67, Weak: 189, Final: 0, Phantom: 1
[2024-08-16T20:43:26.365+0800][7.585s][info ][gc,ref         ] GC(55) Discovered  references: Soft: 48, Weak: 5, Final: 0, Phantom: 1
[2024-08-16T20:43:26.365+0800][7.585s][info ][gc,ref         ] GC(55) Enqueued    references: Soft: 0, Weak: 0, Final: 0, Phantom: 0
[2024-08-16T20:43:26.366+0800][7.585s][debug][gc,phases,start] GC(55) ClassLoaderData
[2024-08-16T20:43:26.366+0800][7.585s][debug][gc,phases      ] GC(55) ClassLoaderData 0.045ms
[2024-08-16T20:43:26.366+0800][7.585s][debug][gc,phases,start] GC(55) Trigger cleanups
[2024-08-16T20:43:26.366+0800][7.585s][debug][gc,phases      ] GC(55) Trigger cleanups 0.012ms
[2024-08-16T20:43:26.366+0800][7.586s][info ][gc,phases      ] GC(55) Phase 1: Mark live objects 2.266ms
[2024-08-16T20:43:26.366+0800][7.586s][info ][gc,phases,start] GC(55) Phase 2: Compute new object addresses
[2024-08-16T20:43:26.368+0800][7.588s][info ][gc,phases      ] GC(55) Phase 2: Compute new object addresses 2.124ms
[2024-08-16T20:43:26.368+0800][7.588s][info ][gc,phases,start] GC(55) Phase 3: Adjust pointers
[2024-08-16T20:43:26.370+0800][7.590s][info ][gc,phases      ] GC(55) Phase 3: Adjust pointers 2.100ms
[2024-08-16T20:43:26.370+0800][7.590s][info ][gc,phases,start] GC(55) Phase 4: Move objects
[2024-08-16T20:43:26.425+0800][7.644s][info ][gc,phases      ] GC(55) Phase 4: Move objects 54.039ms
[2024-08-16T20:43:26.425+0800][7.644s][info ][gc,ergo        ] GC(55) Good progress for free space: 1952M, need 41943K
[2024-08-16T20:43:26.425+0800][7.644s][info ][gc,ergo        ] GC(55) Good progress for used space: 191M, need 2048K
[2024-08-16T20:43:26.425+0800][7.644s][info ][gc             ] GC(55) Pause Degenerated GC (Evacuation) 2129M->1937M(4096M) 66.320ms
[2024-08-16T20:43:26.425+0800][7.645s][debug][gc,ergo        ] GC(55) Margin of error now 3.29
[2024-08-16T20:43:26.425+0800][7.645s][debug][gc,ergo        ] GC(55) Spike threshold now: 0.32
[2024-08-16T20:43:26.425+0800][7.645s][info ][gc,ergo        ] Free: 1952M, Max: 2048K regular, 12288K humongous, Frag: 25% external, 49% internal; Reserve: 206M, Max: 2048K
[2024-08-16T20:43:26.425+0800][7.645s][info ][gc,stats       ] 
[2024-08-16T20:43:26.425+0800][7.645s][info ][gc,stats       ] All times are wall-clock times, except per-root-class counters, that are sum over
[2024-08-16T20:43:26.425+0800][7.645s][info ][gc,stats       ] all workers. Dividing the <total> over the root stage time estimates parallelism.
[2024-08-16T20:43:26.425+0800][7.645s][info ][gc,stats       ] 
[2024-08-16T20:43:26.425+0800][7.645s][info ][gc,stats       ] Pause Degenerated GC (G)          66463 us
[2024-08-16T20:43:26.425+0800][7.645s][info ][gc,stats       ] Pause Degenerated GC (N)          66368 us
[2024-08-16T20:43:26.425+0800][7.645s][info ][gc,stats       ]   Evacuation                       1565 us
[2024-08-16T20:43:26.425+0800][7.645s][info ][gc,stats       ]   Pre Heap Dump                       2 us
[2024-08-16T20:43:26.425+0800][7.645s][info ][gc,stats       ]   Prepare                          3529 us
[2024-08-16T20:43:26.425+0800][7.645s][info ][gc,stats       ]     Update Roots                   1003 us, parallelism: 0.99x
[2024-08-16T20:43:26.425+0800][7.645s][info ][gc,stats       ]       FU: <total>                   996 us
[2024-08-16T20:43:26.425+0800][7.645s][info ][gc,stats       ]       FU: Thread Roots               27 us, workers (us):   1,   2,  22,   0,   0,   0,   1,   1, 
[2024-08-16T20:43:26.425+0800][7.645s][info ][gc,stats       ]       FU: Code Cache Roots          925 us, workers (us): 197, 708,  20,   0,   0,   0,   0,   0, 
[2024-08-16T20:43:26.425+0800][7.645s][info ][gc,stats       ]       FU: VM Strong Roots             4 us, workers (us):   2,   1,   0,   0,   0,   0,   0,   0, 
[2024-08-16T20:43:26.425+0800][7.645s][info ][gc,stats       ]       FU: VM Weak Roots              23 us, workers (us):  19,   2,   0,   0,   0,   0,   1,   1, 
[2024-08-16T20:43:26.425+0800][7.645s][info ][gc,stats       ]       FU: CLDG Roots                 17 us, workers (us):  10,   3,   1,   0,   0,   1,   1,   1, 
[2024-08-16T20:43:26.425+0800][7.645s][info ][gc,stats       ]   Mark                             2259 us, parallelism: 3.11x
[2024-08-16T20:43:26.425+0800][7.645s][info ][gc,stats       ]     FM: <total>                    7020 us
[2024-08-16T20:43:26.425+0800][7.645s][info ][gc,stats       ]     FM: Thread Roots                 38 us, workers (us):  17,   8,   2,   2,   1,   2,   2,   3, 
[2024-08-16T20:43:26.425+0800][7.645s][info ][gc,stats       ]     FM: VM Strong Roots               6 us, workers (us):   0,   2,   1,   1,   0,   1,   1,   1, 
[2024-08-16T20:43:26.425+0800][7.645s][info ][gc,stats       ]     FM: CLDG Roots                   49 us, workers (us):  36,   0,   2,   2,   2,   2,   2,   3, 
[2024-08-16T20:43:26.425+0800][7.645s][info ][gc,stats       ]     FM: Parallel Mark              6927 us, workers (us): 991, 956, 864, 848, 879, 838, 806, 746, 
[2024-08-16T20:43:26.425+0800][7.645s][info ][gc,stats       ]     System Purge                   1029 us
[2024-08-16T20:43:26.425+0800][7.645s][info ][gc,stats       ]       Weak References               352 us, parallelism: 0.01x
[2024-08-16T20:43:26.425+0800][7.645s][info ][gc,stats       ]         WRP: <total>                  5 us
[2024-08-16T20:43:26.425+0800][7.645s][info ][gc,stats       ]         WRP: Weak References          5 us, workers (us):   4,   0,   0,   0,   0,   0,   0,   0, 
[2024-08-16T20:43:26.425+0800][7.645s][info ][gc,stats       ]       Unload Classes                385 us, parallelism: 1.52x
[2024-08-16T20:43:26.425+0800][7.645s][info ][gc,stats       ]         CU: <total>                 584 us
[2024-08-16T20:43:26.425+0800][7.645s][info ][gc,stats       ]         CU: Unload Code Caches      584 us, workers (us): 206, 160, 121,  97,   0,   0,   0,   0, 
[2024-08-16T20:43:26.425+0800][7.645s][info ][gc,stats       ]       Weak Roots                    287 us, parallelism: 0.12x
[2024-08-16T20:43:26.425+0800][7.645s][info ][gc,stats       ]         WR: <total>                  33 us
[2024-08-16T20:43:26.425+0800][7.645s][info ][gc,stats       ]         WR: VM Weak Roots            33 us, workers (us):  23,   0,   0,   3,   1,   2,   1,   3, 
[2024-08-16T20:43:26.425+0800][7.645s][info ][gc,stats       ]       CLDG                            1 us
[2024-08-16T20:43:26.425+0800][7.645s][info ][gc,stats       ]   Calculate Addresses              2112 us
[2024-08-16T20:43:26.425+0800][7.645s][info ][gc,stats       ]     Regular Objects                2059 us
[2024-08-16T20:43:26.425+0800][7.645s][info ][gc,stats       ]     Humongous Objects                 8 us
[2024-08-16T20:43:26.425+0800][7.645s][info ][gc,stats       ]   Adjust Pointers                  2095 us
[2024-08-16T20:43:26.425+0800][7.645s][info ][gc,stats       ]     FA: <total>                     525 us
[2024-08-16T20:43:26.425+0800][7.645s][info ][gc,stats       ]     FA: Thread Roots                 36 us, workers (us):   1,   1,  20,   1,   7,   6,   0,   0, 
[2024-08-16T20:43:26.425+0800][7.645s][info ][gc,stats       ]     FA: Code Cache Roots            447 us, workers (us): 157, 231,   0,  59,   0,   0,   0,   0, 
[2024-08-16T20:43:26.425+0800][7.645s][info ][gc,stats       ]     FA: VM Strong Roots               3 us, workers (us):   2,   0,   0,   0,   0,   0,   0,   0, 
[2024-08-16T20:43:26.425+0800][7.645s][info ][gc,stats       ]     FA: VM Weak Roots                20 us, workers (us):  14,   3,   1,   1,   1,   0,   0,   0, 
[2024-08-16T20:43:26.425+0800][7.645s][info ][gc,stats       ]     FA: CLDG Roots                   19 us, workers (us):   2,  13,   1,   1,   1,   0,   0,   0, 
[2024-08-16T20:43:26.425+0800][7.645s][info ][gc,stats       ]   Copy Objects                    54032 us
[2024-08-16T20:43:26.425+0800][7.645s][info ][gc,stats       ]     Regular Objects               51299 us
[2024-08-16T20:43:26.425+0800][7.645s][info ][gc,stats       ]     Humongous Objects                13 us
[2024-08-16T20:43:26.425+0800][7.645s][info ][gc,stats       ]     Reset Complete Bitmap          2675 us
[2024-08-16T20:43:26.425+0800][7.645s][info ][gc,stats       ]     Rebuild Region Sets              43 us
[2024-08-16T20:43:26.425+0800][7.645s][info ][gc,stats       ]   Post Heap Dump                      1 us
[2024-08-16T20:43:26.425+0800][7.645s][info ][gc,stats       ] Pacing                            11858 us
[2024-08-16T20:43:26.425+0800][7.645s][info ][gc,stats       ] 
[2024-08-16T20:43:26.425+0800][7.645s][info ][gc,stats       ] Allocation pacing accrued:
[2024-08-16T20:43:26.425+0800][7.645s][info ][gc,stats       ]      12 of    68 ms ( 17.4%): main
[2024-08-16T20:43:26.425+0800][7.645s][info ][gc,stats       ]      12 of    68 ms ( 17.4%): <total>
[2024-08-16T20:43:26.425+0800][7.645s][info ][gc,stats       ]       1 of    68 ms (  1.6%): <average total>
[2024-08-16T20:43:26.425+0800][7.645s][info ][gc,stats       ]      12 of    68 ms ( 17.4%): <average non-zero>
[2024-08-16T20:43:26.425+0800][7.645s][info ][gc,stats       ] 
[2024-08-16T20:43:26.425+0800][7.645s][info ][gc,metaspace   ] Metaspace: 824K(960K)->824K(960K) NonClass: 766K(832K)->766K(832K) Class: 58K(128K)->58K(128K)
[2024-08-16T20:43:26.425+0800][7.645s][info ][gc,ergo        ] Pacer for Idle. Initial: 83886K, Alloc Tax Rate: 1.0x
[2024-08-16T20:43:26.427+0800][7.646s][info ][gc             ] Trigger: Free (14335K) is below minimum threshold (409M)
[2024-08-16T20:43:26.427+0800][7.646s][info ][gc,ergo        ] Free: 14335K, Max: 2048K regular, 8192K humongous, Frag: 34% external, 12% internal; Reserve: 206M, Max: 2048K
[2024-08-16T20:43:26.427+0800][7.646s][info ][gc,start       ] GC(56) Concurrent reset
[2024-08-16T20:43:26.427+0800][7.646s][info ][gc,task        ] GC(56) Using 4 of 8 workers for concurrent reset
[2024-08-16T20:43:26.427+0800][7.646s][info ][gc,ergo        ] GC(56) Pacer for Reset. Non-Taxable: 4096M
[2024-08-16T20:43:26.427+0800][7.646s][info ][gc             ] GC(56) Concurrent reset 0.245ms
[2024-08-16T20:43:26.427+0800][7.646s][info ][gc,start       ] GC(56) Pause Init Mark (unload classes)
[2024-08-16T20:43:26.427+0800][7.647s][info ][gc,task        ] GC(56) Using 8 of 8 workers for init marking
[2024-08-16T20:43:26.427+0800][7.647s][info ][gc,ergo        ] GC(56) Pacer for Mark. Expected Live: 3856M, Free: 14335K, Non-Taxable: 1433K, Alloc Tax Rate: 336.7x
[2024-08-16T20:43:26.427+0800][7.647s][info ][gc             ] GC(56) Pause Init Mark (unload classes) 0.199ms
[2024-08-16T20:43:26.427+0800][7.647s][info ][gc,start       ] GC(56) Concurrent marking roots
[2024-08-16T20:43:26.427+0800][7.647s][info ][gc,task        ] GC(56) Using 4 of 8 workers for concurrent marking roots
[2024-08-16T20:43:26.427+0800][7.647s][debug][gc,tlab        ] GC(56) TLAB totals: thrds: 1  refills: 1 max: 1 slow allocs: 1 max 1 waste: 89.6% gc: 36648B max: 36648B slow: 0B max: 0B
[2024-08-16T20:43:26.427+0800][7.647s][info ][gc             ] GC(56) Concurrent marking roots 0.221ms
[2024-08-16T20:43:26.427+0800][7.647s][info ][gc,start       ] GC(56) Concurrent marking (unload classes)
[2024-08-16T20:43:26.427+0800][7.647s][info ][gc,task        ] GC(56) Using 4 of 8 workers for concurrent marking
[2024-08-16T20:43:26.428+0800][7.648s][info ][gc             ] GC(56) Concurrent marking (unload classes) 1.025ms
[2024-08-16T20:43:26.428+0800][7.648s][info ][gc,start       ] GC(56) Pause Final Mark (unload classes)
[2024-08-16T20:43:26.428+0800][7.648s][info ][gc,task        ] GC(56) Using 8 of 8 workers for final marking
[2024-08-16T20:43:26.429+0800][7.649s][info ][gc,ergo        ] GC(56) Adaptive CSet Selection. Target Free: 580M, Actual Free: 216M, Max CSet: 170M, Min Garbage: 364M
[2024-08-16T20:43:26.429+0800][7.649s][info ][gc,ergo        ] GC(56) Collectable Garbage: 22488B (100%), Immediate: 0B (0%), CSet: 22488B (100%)
[2024-08-16T20:43:26.429+0800][7.649s][info ][gc,ergo        ] GC(56) Pacer for Evacuation. Used CSet: 170M, Free: 1779M, Non-Taxable: 177M, Alloc Tax Rate: 1.1x
[2024-08-16T20:43:26.429+0800][7.649s][info ][gc             ] GC(56) Pause Final Mark (unload classes) 0.589ms
[2024-08-16T20:43:26.429+0800][7.649s][info ][gc,start       ] GC(56) Concurrent thread roots
[2024-08-16T20:43:26.429+0800][7.649s][info ][gc,task        ] GC(56) Using 4 of 8 workers for Concurrent thread roots
[2024-08-16T20:43:26.429+0800][7.649s][info ][gc             ] GC(56) Concurrent thread roots 0.301ms
[2024-08-16T20:43:26.429+0800][7.649s][info ][gc,start       ] GC(56) Concurrent weak references
[2024-08-16T20:43:26.429+0800][7.649s][info ][gc,task        ] GC(56) Using 4 of 8 workers for concurrent weak references
[2024-08-16T20:43:26.430+0800][7.649s][info ][gc,ref         ] GC(56) Encountered references: Soft: 67, Weak: 189, Final: 0, Phantom: 1
[2024-08-16T20:43:26.430+0800][7.649s][info ][gc,ref         ] GC(56) Discovered  references: Soft: 0, Weak: 50, Final: 0, Phantom: 1
[2024-08-16T20:43:26.430+0800][7.649s][info ][gc,ref         ] GC(56) Enqueued    references: Soft: 0, Weak: 0, Final: 0, Phantom: 0
[2024-08-16T20:43:26.430+0800][7.649s][info ][gc             ] GC(56) Concurrent weak references 0.083ms
[2024-08-16T20:43:26.430+0800][7.649s][info ][gc,start       ] GC(56) Concurrent weak roots
[2024-08-16T20:43:26.430+0800][7.649s][info ][gc,task        ] GC(56) Using 4 of 8 workers for concurrent weak root
[2024-08-16T20:43:26.430+0800][7.650s][info ][gc             ] GC(56) Concurrent weak roots 0.424ms
[2024-08-16T20:43:26.430+0800][7.650s][info ][gc,start       ] GC(56) Concurrent cleanup
[2024-08-16T20:43:26.430+0800][7.650s][info ][gc             ] GC(56) Concurrent cleanup 1941M->1941M(4096M) 0.087ms
[2024-08-16T20:43:26.430+0800][7.650s][info ][gc,ergo        ] GC(56) Free: 10239K, Max: 2048K regular, 4096K humongous, Frag: 50% external, 16% internal; Reserve: 205M, Max: 2048K
[2024-08-16T20:43:26.430+0800][7.650s][info ][gc,start       ] GC(56) Concurrent class unloading
[2024-08-16T20:43:26.430+0800][7.650s][info ][gc,task        ] GC(56) Using 4 of 8 workers for concurrent class unloading
[2024-08-16T20:43:26.430+0800][7.650s][debug][gc,phases,start] GC(56) ClassLoaderData
[2024-08-16T20:43:26.430+0800][7.650s][debug][gc,phases      ] GC(56) ClassLoaderData 0.005ms
[2024-08-16T20:43:26.430+0800][7.650s][debug][gc,phases,start] GC(56) Trigger cleanups
[2024-08-16T20:43:26.430+0800][7.650s][debug][gc,phases      ] GC(56) Trigger cleanups 0.004ms
[2024-08-16T20:43:26.431+0800][7.650s][info ][gc             ] GC(56) Concurrent class unloading 0.610ms
[2024-08-16T20:43:26.431+0800][7.650s][info ][gc,start       ] GC(56) Concurrent strong roots
[2024-08-16T20:43:26.431+0800][7.650s][info ][gc,task        ] GC(56) Using 4 of 8 workers for concurrent strong root
[2024-08-16T20:43:26.431+0800][7.651s][info ][gc             ] GC(56) Concurrent strong roots 0.058ms
[2024-08-16T20:43:26.431+0800][7.651s][info ][gc,start       ] GC(56) Concurrent evacuation
[2024-08-16T20:43:26.431+0800][7.651s][info ][gc,task        ] GC(56) Using 4 of 8 workers for concurrent evacuation
[2024-08-16T20:43:26.441+0800][7.660s][info ][gc             ] GC(56) Failed to allocate 1024K for evacuation
[2024-08-16T20:43:26.441+0800][7.660s][info ][gc             ] GC(56) Cancelling GC: Allocation Failure During Evacuation
[2024-08-16T20:43:26.442+0800][7.662s][info ][gc             ] GC(56) Concurrent evacuation 11.207ms
[2024-08-16T20:43:26.442+0800][7.662s][info ][gc,ergo        ] Free: 0B, Max: 0B regular, 0B humongous, Frag: 0% external, 0% internal; Reserve: 0B, Max: 0B
[2024-08-16T20:43:26.442+0800][7.662s][info ][gc,stats       ] 
[2024-08-16T20:43:26.442+0800][7.662s][info ][gc,stats       ] All times are wall-clock times, except per-root-class counters, that are sum over
[2024-08-16T20:43:26.442+0800][7.662s][info ][gc,stats       ] all workers. Dividing the <total> over the root stage time estimates parallelism.
[2024-08-16T20:43:26.442+0800][7.662s][info ][gc,stats       ] 
[2024-08-16T20:43:26.442+0800][7.662s][info ][gc,stats       ] Concurrent Reset                    278 us
[2024-08-16T20:43:26.442+0800][7.662s][info ][gc,stats       ] Pause Init Mark (G)                 297 us
[2024-08-16T20:43:26.442+0800][7.662s][info ][gc,stats       ] Pause Init Mark (N)                 238 us
[2024-08-16T20:43:26.442+0800][7.662s][info ][gc,stats       ]   Update Region States              165 us
[2024-08-16T20:43:26.442+0800][7.662s][info ][gc,stats       ] Concurrent Mark Roots               256 us, parallelism: 1.21x
[2024-08-16T20:43:26.442+0800][7.662s][info ][gc,stats       ]   CMR: <total>                      310 us
[2024-08-16T20:43:26.442+0800][7.662s][info ][gc,stats       ]   CMR: Thread Roots                 262 us, workers (us):  54, 117,  54,  37, ---, ---, ---, ---, 
[2024-08-16T20:43:26.442+0800][7.662s][info ][gc,stats       ]   CMR: VM Strong Roots                4 us, workers (us):   3,   1,   0,   0, ---, ---, ---, ---, 
[2024-08-16T20:43:26.442+0800][7.662s][info ][gc,stats       ]   CMR: CLDG Roots                    44 us, workers (us):  43,   2, ---, ---, ---, ---, ---, ---, 
[2024-08-16T20:43:26.442+0800][7.662s][info ][gc,stats       ] Concurrent Marking                 1068 us
[2024-08-16T20:43:26.442+0800][7.662s][info ][gc,stats       ] Pause Final Mark (G)                693 us
[2024-08-16T20:43:26.442+0800][7.662s][info ][gc,stats       ] Pause Final Mark (N)                613 us
[2024-08-16T20:43:26.442+0800][7.662s][info ][gc,stats       ]   Finish Mark                       371 us
[2024-08-16T20:43:26.443+0800][7.662s][info ][gc,stats       ]   Update Region States              115 us
[2024-08-16T20:43:26.443+0800][7.662s][info ][gc,stats       ]   Choose Collection Set              75 us
[2024-08-16T20:43:26.443+0800][7.662s][info ][gc,stats       ]   Rebuild Free Set                    6 us
[2024-08-16T20:43:26.443+0800][7.662s][info ][gc,stats       ] Concurrent Thread Roots             351 us, parallelism: 0.21x
[2024-08-16T20:43:26.443+0800][7.662s][info ][gc,stats       ]   CTR: <total>                       73 us
[2024-08-16T20:43:26.443+0800][7.662s][info ][gc,stats       ]   CTR: Thread Roots                  73 us, workers (us):  35,  38,   0,   0, ---, ---, ---, ---, 
[2024-08-16T20:43:26.443+0800][7.662s][info ][gc,stats       ] Concurrent Weak References          122 us, parallelism: 0.04x
[2024-08-16T20:43:26.443+0800][7.662s][info ][gc,stats       ]   CWRF: <total>                       5 us
[2024-08-16T20:43:26.443+0800][7.662s][info ][gc,stats       ]   CWRF: Weak References               5 us, workers (us):   5,   0,   0,   0, ---, ---, ---, ---, 
[2024-08-16T20:43:26.443+0800][7.662s][info ][gc,stats       ] Concurrent Weak Roots               471 us
[2024-08-16T20:43:26.443+0800][7.662s][info ][gc,stats       ]   Roots                             248 us, parallelism: 0.84x
[2024-08-16T20:43:26.443+0800][7.662s][info ][gc,stats       ]     CWR: <total>                    208 us
[2024-08-16T20:43:26.443+0800][7.662s][info ][gc,stats       ]     CWR: Code Cache Roots           185 us, workers (us):  67,  99,  19,   0, ---, ---, ---, ---, 
[2024-08-16T20:43:26.443+0800][7.662s][info ][gc,stats       ]     CWR: VM Weak Roots               22 us, workers (us):  20,   1,   1,   0, ---, ---, ---, ---, 
[2024-08-16T20:43:26.443+0800][7.662s][info ][gc,stats       ]     CWR: CLDG Roots                   1 us, workers (us):   1, ---, ---, ---, ---, ---, ---, ---, 
[2024-08-16T20:43:26.443+0800][7.662s][info ][gc,stats       ]   Rendezvous                        164 us
[2024-08-16T20:43:26.443+0800][7.662s][info ][gc,stats       ] Concurrent Cleanup                  110 us
[2024-08-16T20:43:26.443+0800][7.662s][info ][gc,stats       ] Concurrent Class Unloading          635 us
[2024-08-16T20:43:26.443+0800][7.662s][info ][gc,stats       ]   Unlink Stale                      426 us
[2024-08-16T20:43:26.443+0800][7.662s][info ][gc,stats       ]     System Dictionary                18 us
[2024-08-16T20:43:26.443+0800][7.662s][info ][gc,stats       ]     Weak Class Links                  0 us
[2024-08-16T20:43:26.443+0800][7.662s][info ][gc,stats       ]     Code Roots                      407 us
[2024-08-16T20:43:26.443+0800][7.662s][info ][gc,stats       ]   Rendezvous                         71 us
[2024-08-16T20:43:26.443+0800][7.662s][info ][gc,stats       ]   Purge Unlinked                    103 us
[2024-08-16T20:43:26.443+0800][7.662s][info ][gc,stats       ]     Code Roots                       77 us
[2024-08-16T20:43:26.443+0800][7.662s][info ][gc,stats       ]     CLDG                             26 us
[2024-08-16T20:43:26.443+0800][7.662s][info ][gc,stats       ]     Exception Caches                  0 us
[2024-08-16T20:43:26.443+0800][7.662s][info ][gc,stats       ] Concurrent Strong Roots              80 us, parallelism: 0.15x
[2024-08-16T20:43:26.443+0800][7.662s][info ][gc,stats       ]   CSR: <total>                       12 us
[2024-08-16T20:43:26.443+0800][7.662s][info ][gc,stats       ]   CSR: VM Strong Roots                2 us, workers (us):   2,   0,   0,   0, ---, ---, ---, ---, 
[2024-08-16T20:43:26.443+0800][7.662s][info ][gc,stats       ]   CSR: CLDG Roots                    10 us, workers (us):  10, ---, ---, ---, ---, ---, ---, ---, 
[2024-08-16T20:43:26.443+0800][7.662s][info ][gc,stats       ] Concurrent Evacuation             11319 us
[2024-08-16T20:43:26.443+0800][7.662s][info ][gc,stats       ] Pacing                            11333 us
[2024-08-16T20:43:26.443+0800][7.662s][info ][gc,stats       ] 
[2024-08-16T20:43:26.443+0800][7.662s][info ][gc,stats       ] Allocation pacing accrued:
[2024-08-16T20:43:26.443+0800][7.662s][info ][gc,stats       ]      11 of    17 ms ( 64.9%): main
[2024-08-16T20:43:26.443+0800][7.662s][info ][gc,stats       ]      11 of    17 ms ( 64.9%): <total>
[2024-08-16T20:43:26.443+0800][7.662s][info ][gc,stats       ]       1 of    17 ms (  5.9%): <average total>
[2024-08-16T20:43:26.443+0800][7.662s][info ][gc,stats       ]      11 of    17 ms ( 64.9%): <average non-zero>
[2024-08-16T20:43:26.443+0800][7.662s][info ][gc,stats       ] 
[2024-08-16T20:43:26.443+0800][7.663s][info ][gc,metaspace   ] Metaspace: 824K(960K)->824K(960K) NonClass: 766K(832K)->766K(832K) Class: 58K(128K)->58K(128K)
[2024-08-16T20:43:26.443+0800][7.663s][info ][gc,ergo        ] Pacer for Idle. Initial: 83886K, Alloc Tax Rate: 1.0x
[2024-08-16T20:43:26.444+0800][7.664s][info ][gc             ] Trigger: Handle Allocation Failure
[2024-08-16T20:43:26.444+0800][7.664s][info ][gc,ergo        ] Free: 0B, Max: 0B regular, 0B humongous, Frag: 0% external, 0% internal; Reserve: 0B, Max: 0B
[2024-08-16T20:43:26.444+0800][7.664s][info ][gc,start       ] GC(57) Pause Degenerated GC (Evacuation)
[2024-08-16T20:43:26.444+0800][7.664s][info ][gc,task        ] GC(57) Using 8 of 8 workers for stw degenerated gc
[2024-08-16T20:43:26.444+0800][7.664s][info ][gc             ] GC(57) Cancelling GC: Allocation Failure During Evacuation
[2024-08-16T20:43:26.446+0800][7.665s][info ][gc             ] GC(57) Cannot finish degeneration, upgrading to Full GC
[2024-08-16T20:43:26.448+0800][7.668s][debug][gc,tlab        ] GC(57) TLAB totals: thrds: 1  refills: 1 max: 1 slow allocs: 2 max 2 waste: 77.2% gc: 28640B max: 28640B slow: 0B max: 0B
[2024-08-16T20:43:26.449+0800][7.668s][info ][gc,phases,start] GC(57) Phase 1: Mark live objects
[2024-08-16T20:43:26.449+0800][7.668s][info ][gc,ref         ] GC(57) Clearing All SoftReferences
[2024-08-16T20:43:26.449+0800][7.668s][info ][gc,ref         ] GC(57) Clearing All SoftReferences
[2024-08-16T20:43:26.449+0800][7.669s][info ][gc,ref         ] GC(57) Encountered references: Soft: 67, Weak: 189, Final: 0, Phantom: 1
[2024-08-16T20:43:26.449+0800][7.669s][info ][gc,ref         ] GC(57) Discovered  references: Soft: 45, Weak: 0, Final: 0, Phantom: 1
[2024-08-16T20:43:26.449+0800][7.669s][info ][gc,ref         ] GC(57) Enqueued    references: Soft: 0, Weak: 0, Final: 0, Phantom: 0
[2024-08-16T20:43:26.449+0800][7.669s][debug][gc,phases,start] GC(57) ClassLoaderData
[2024-08-16T20:43:26.449+0800][7.669s][debug][gc,phases      ] GC(57) ClassLoaderData 0.047ms
[2024-08-16T20:43:26.449+0800][7.669s][debug][gc,phases,start] GC(57) Trigger cleanups
[2024-08-16T20:43:26.449+0800][7.669s][debug][gc,phases      ] GC(57) Trigger cleanups 0.006ms
[2024-08-16T20:43:26.450+0800][7.669s][info ][gc,phases      ] GC(57) Phase 1: Mark live objects 1.129ms
[2024-08-16T20:43:26.450+0800][7.669s][info ][gc,phases,start] GC(57) Phase 2: Compute new object addresses
[2024-08-16T20:43:26.452+0800][7.671s][info ][gc,phases      ] GC(57) Phase 2: Compute new object addresses 1.998ms
[2024-08-16T20:43:26.452+0800][7.671s][info ][gc,phases,start] GC(57) Phase 3: Adjust pointers
[2024-08-16T20:43:26.454+0800][7.673s][info ][gc,phases      ] GC(57) Phase 3: Adjust pointers 1.955ms
[2024-08-16T20:43:26.454+0800][7.673s][info ][gc,phases,start] GC(57) Phase 4: Move objects
[2024-08-16T20:43:26.509+0800][7.728s][info ][gc,phases      ] GC(57) Phase 4: Move objects 54.865ms
[2024-08-16T20:43:26.509+0800][7.728s][info ][gc,ergo        ] GC(57) Good progress for free space: 1948M, need 41943K
[2024-08-16T20:43:26.509+0800][7.728s][info ][gc,ergo        ] GC(57) Good progress for used space: 174M, need 2048K
[2024-08-16T20:43:26.509+0800][7.728s][info ][gc             ] GC(57) Pause Degenerated GC (Evacuation) 2115M->1941M(4096M) 64.732ms
[2024-08-16T20:43:26.509+0800][7.729s][debug][gc,ergo        ] GC(57) Margin of error now 3.29
[2024-08-16T20:43:26.509+0800][7.729s][debug][gc,ergo        ] GC(57) Spike threshold now: 0.32
[2024-08-16T20:43:26.509+0800][7.729s][info ][gc,ergo        ] Free: 1948M, Max: 2048K regular, 6144K humongous, Frag: 25% external, 49% internal; Reserve: 206M, Max: 2048K
[2024-08-16T20:43:26.509+0800][7.729s][info ][gc,stats       ] 
[2024-08-16T20:43:26.509+0800][7.729s][info ][gc,stats       ] All times are wall-clock times, except per-root-class counters, that are sum over
[2024-08-16T20:43:26.509+0800][7.729s][info ][gc,stats       ] all workers. Dividing the <total> over the root stage time estimates parallelism.
[2024-08-16T20:43:26.509+0800][7.729s][info ][gc,stats       ] 
[2024-08-16T20:43:26.509+0800][7.729s][info ][gc,stats       ] Pause Degenerated GC (G)          64848 us
[2024-08-16T20:43:26.509+0800][7.729s][info ][gc,stats       ] Pause Degenerated GC (N)          64767 us
[2024-08-16T20:43:26.509+0800][7.729s][info ][gc,stats       ]   Evacuation                       1407 us
[2024-08-16T20:43:26.509+0800][7.729s][info ][gc,stats       ]   Pre Heap Dump                       1 us
[2024-08-16T20:43:26.509+0800][7.729s][info ][gc,stats       ]   Prepare                          2876 us
[2024-08-16T20:43:26.509+0800][7.729s][info ][gc,stats       ]     Update Roots                    361 us, parallelism: 1.57x
[2024-08-16T20:43:26.509+0800][7.729s][info ][gc,stats       ]       FU: <total>                   568 us
[2024-08-16T20:43:26.509+0800][7.729s][info ][gc,stats       ]       FU: Thread Roots               31 us, workers (us):   1,   1,   6,  20,   3,   0,   0,   0, 
[2024-08-16T20:43:26.509+0800][7.729s][info ][gc,stats       ]       FU: Code Cache Roots          496 us, workers (us): 281, 200,  15,   0,   0,   0,   0,   0, 
[2024-08-16T20:43:26.509+0800][7.729s][info ][gc,stats       ]       FU: VM Strong Roots             3 us, workers (us):   2,   0,   0,   0,   0,   0,   0,   0, 
[2024-08-16T20:43:26.509+0800][7.729s][info ][gc,stats       ]       FU: VM Weak Roots              23 us, workers (us):  14,   7,   0,   0,   0,   0,   0,   0, 
[2024-08-16T20:43:26.509+0800][7.729s][info ][gc,stats       ]       FU: CLDG Roots                 16 us, workers (us):   2,   2,  10,   0,   1,   0,   0,   0, 
[2024-08-16T20:43:26.509+0800][7.729s][info ][gc,stats       ]   Mark                             1123 us, parallelism: 3.53x
[2024-08-16T20:43:26.509+0800][7.729s][info ][gc,stats       ]     FM: <total>                    3968 us
[2024-08-16T20:43:26.509+0800][7.729s][info ][gc,stats       ]     FM: Thread Roots                 32 us, workers (us):  20,   9,   0,   1,   1,   1,   0,   1, 
[2024-08-16T20:43:26.509+0800][7.729s][info ][gc,stats       ]     FM: VM Strong Roots               4 us, workers (us):   1,   0,   2,   0,   0,   0,   0,   0, 
[2024-08-16T20:43:26.509+0800][7.729s][info ][gc,stats       ]     FM: CLDG Roots                   36 us, workers (us):   1,  31,   0,   1,   0,   1,   0,   1, 
[2024-08-16T20:43:26.509+0800][7.729s][info ][gc,stats       ]     FM: Parallel Mark              3897 us, workers (us): 510, 468, 547, 533, 472, 506, 475, 386, 
[2024-08-16T20:43:26.509+0800][7.729s][info ][gc,stats       ]     System Purge                    476 us
[2024-08-16T20:43:26.509+0800][7.729s][info ][gc,stats       ]       Weak References               128 us, parallelism: 0.02x
[2024-08-16T20:43:26.509+0800][7.729s][info ][gc,stats       ]         WRP: <total>                  3 us
[2024-08-16T20:43:26.509+0800][7.729s][info ][gc,stats       ]         WRP: Weak References          3 us, workers (us):   2,   0,   0,   0,   0,   0,   0,   0, 
[2024-08-16T20:43:26.509+0800][7.729s][info ][gc,stats       ]       Unload Classes                248 us, parallelism: 2.36x
[2024-08-16T20:43:26.509+0800][7.729s][info ][gc,stats       ]         CU: <total>                 585 us
[2024-08-16T20:43:26.509+0800][7.729s][info ][gc,stats       ]         CU: Unload Code Caches      585 us, workers (us): 128, 115, 107,  93,  76,  64,   0,   0, 
[2024-08-16T20:43:26.509+0800][7.729s][info ][gc,stats       ]       Weak Roots                     98 us, parallelism: 0.28x
[2024-08-16T20:43:26.509+0800][7.729s][info ][gc,stats       ]         WR: <total>                  28 us
[2024-08-16T20:43:26.509+0800][7.729s][info ][gc,stats       ]         WR: VM Weak Roots            28 us, workers (us):  18,   5,   0,   1,   1,   1,   1,   1, 
[2024-08-16T20:43:26.509+0800][7.729s][info ][gc,stats       ]       CLDG                            0 us
[2024-08-16T20:43:26.509+0800][7.729s][info ][gc,stats       ]   Calculate Addresses              1994 us
[2024-08-16T20:43:26.509+0800][7.729s][info ][gc,stats       ]     Regular Objects                1971 us
[2024-08-16T20:43:26.509+0800][7.729s][info ][gc,stats       ]     Humongous Objects                 8 us
[2024-08-16T20:43:26.509+0800][7.729s][info ][gc,stats       ]   Adjust Pointers                  1949 us
[2024-08-16T20:43:26.509+0800][7.729s][info ][gc,stats       ]     FA: <total>                     394 us
[2024-08-16T20:43:26.509+0800][7.729s][info ][gc,stats       ]     FA: Thread Roots                 25 us, workers (us):   1,   6,   0,  15,   2,   0,   0,   0, 
[2024-08-16T20:43:26.509+0800][7.729s][info ][gc,stats       ]     FA: Code Cache Roots            325 us, workers (us): 155,  13, 157,   0,   0,   0,   0,   0, 
[2024-08-16T20:43:26.509+0800][7.729s][info ][gc,stats       ]     FA: VM Strong Roots               3 us, workers (us):   2,   0,   0,   0,   0,   0,   0,   0, 
[2024-08-16T20:43:26.509+0800][7.729s][info ][gc,stats       ]     FA: VM Weak Roots                23 us, workers (us):  14,   8,   1,   0,   1,   0,   0,   0, 
[2024-08-16T20:43:26.509+0800][7.729s][info ][gc,stats       ]     FA: CLDG Roots                   18 us, workers (us):   2,  13,   1,   0,   1,   0,   0,   0, 
[2024-08-16T20:43:26.509+0800][7.729s][info ][gc,stats       ]   Copy Objects                    54858 us
[2024-08-16T20:43:26.509+0800][7.729s][info ][gc,stats       ]     Regular Objects               52246 us
[2024-08-16T20:43:26.509+0800][7.729s][info ][gc,stats       ]     Humongous Objects                17 us
[2024-08-16T20:43:26.509+0800][7.729s][info ][gc,stats       ]     Reset Complete Bitmap          2542 us
[2024-08-16T20:43:26.509+0800][7.729s][info ][gc,stats       ]     Rebuild Region Sets              52 us
[2024-08-16T20:43:26.509+0800][7.729s][info ][gc,stats       ]   Post Heap Dump                      1 us
[2024-08-16T20:43:26.509+0800][7.729s][info ][gc,stats       ] 
[2024-08-16T20:43:26.509+0800][7.729s][info ][gc,stats       ] Allocation pacing accrued:
[2024-08-16T20:43:26.509+0800][7.729s][info ][gc,stats       ]       0 of    66 ms (  0.0%): <total>
[2024-08-16T20:43:26.509+0800][7.729s][info ][gc,stats       ]       0 of    66 ms (  0.0%): <average total>
[2024-08-16T20:43:26.509+0800][7.729s][info ][gc,stats       ] 
[2024-08-16T20:43:26.509+0800][7.729s][info ][gc,metaspace   ] Metaspace: 824K(960K)->824K(960K) NonClass: 766K(832K)->766K(832K) Class: 58K(128K)->58K(128K)
[2024-08-16T20:43:26.509+0800][7.729s][info ][gc,ergo        ] Pacer for Idle. Initial: 83886K, Alloc Tax Rate: 1.0x
[2024-08-16T20:43:26.510+0800][7.730s][info ][gc             ] Trigger: Free (7167K) is below minimum threshold (409M)
[2024-08-16T20:43:26.510+0800][7.730s][info ][gc,ergo        ] Free: 7167K, Max: 2048K regular, 2048K humongous, Frag: 50% external, 30% internal; Reserve: 206M, Max: 2048K
[2024-08-16T20:43:26.510+0800][7.730s][info ][gc,start       ] GC(58) Concurrent reset
[2024-08-16T20:43:26.510+0800][7.730s][info ][gc,task        ] GC(58) Using 4 of 8 workers for concurrent reset
[2024-08-16T20:43:26.510+0800][7.730s][info ][gc,ergo        ] GC(58) Pacer for Reset. Non-Taxable: 4096M
[2024-08-16T20:43:26.511+0800][7.730s][info ][gc             ] GC(58) Concurrent reset 0.265ms
[2024-08-16T20:43:26.511+0800][7.730s][info ][gc,start       ] GC(58) Pause Init Mark (unload classes)
[2024-08-16T20:43:26.511+0800][7.730s][info ][gc,task        ] GC(58) Using 8 of 8 workers for init marking
[2024-08-16T20:43:26.511+0800][7.731s][info ][gc,ergo        ] GC(58) Pacer for Mark. Expected Live: 3865M, Free: 7167K, Non-Taxable: 716K, Alloc Tax Rate: 674.9x
[2024-08-16T20:43:26.511+0800][7.731s][info ][gc             ] GC(58) Pause Init Mark (unload classes) 0.163ms
[2024-08-16T20:43:26.511+0800][7.731s][info ][gc,start       ] GC(58) Concurrent marking roots
[2024-08-16T20:43:26.511+0800][7.731s][info ][gc,task        ] GC(58) Using 4 of 8 workers for concurrent marking roots
[2024-08-16T20:43:26.511+0800][7.731s][debug][gc,tlab        ] GC(58) TLAB totals: thrds: 1  refills: 1 max: 1 slow allocs: 1 max 1 waste: 89.6% gc: 36480B max: 36480B slow: 0B max: 0B
[2024-08-16T20:43:26.511+0800][7.731s][info ][gc             ] GC(58) Concurrent marking roots 0.184ms
[2024-08-16T20:43:26.511+0800][7.731s][info ][gc,start       ] GC(58) Concurrent marking (unload classes)
[2024-08-16T20:43:26.511+0800][7.731s][info ][gc,task        ] GC(58) Using 4 of 8 workers for concurrent marking
[2024-08-16T20:43:26.512+0800][7.732s][info ][gc             ] GC(58) Concurrent marking (unload classes) 1.079ms
[2024-08-16T20:43:26.512+0800][7.732s][info ][gc,start       ] GC(58) Pause Final Mark (unload classes)
[2024-08-16T20:43:26.512+0800][7.732s][info ][gc,task        ] GC(58) Using 8 of 8 workers for final marking
[2024-08-16T20:43:26.513+0800][7.733s][info ][gc,ergo        ] GC(58) Adaptive CSet Selection. Target Free: 580M, Actual Free: 208M, Max CSet: 170M, Min Garbage: 372M
[2024-08-16T20:43:26.513+0800][7.733s][info ][gc,ergo        ] GC(58) Collectable Garbage: 22488B (100%), Immediate: 0B (0%), CSet: 22488B (100%)
[2024-08-16T20:43:26.513+0800][7.733s][info ][gc,ergo        ] GC(58) Pacer for Evacuation. Used CSet: 170M, Free: 1775M, Non-Taxable: 177M, Alloc Tax Rate: 1.1x
[2024-08-16T20:43:26.513+0800][7.733s][info ][gc             ] GC(58) Pause Final Mark (unload classes) 0.703ms
[2024-08-16T20:43:26.513+0800][7.733s][info ][gc,start       ] GC(58) Concurrent thread roots
[2024-08-16T20:43:26.513+0800][7.733s][info ][gc,task        ] GC(58) Using 4 of 8 workers for Concurrent thread roots
[2024-08-16T20:43:26.513+0800][7.733s][info ][gc             ] GC(58) Concurrent thread roots 0.156ms
[2024-08-16T20:43:26.513+0800][7.733s][info ][gc,start       ] GC(58) Concurrent weak references
[2024-08-16T20:43:26.513+0800][7.733s][info ][gc,task        ] GC(58) Using 4 of 8 workers for concurrent weak references
[2024-08-16T20:43:26.513+0800][7.733s][info ][gc,ref         ] GC(58) Encountered references: Soft: 67, Weak: 189, Final: 0, Phantom: 1
[2024-08-16T20:43:26.513+0800][7.733s][info ][gc,ref         ] GC(58) Discovered  references: Soft: 0, Weak: 45, Final: 0, Phantom: 1
[2024-08-16T20:43:26.513+0800][7.733s][info ][gc,ref         ] GC(58) Enqueued    references: Soft: 0, Weak: 0, Final: 0, Phantom: 0
[2024-08-16T20:43:26.513+0800][7.733s][info ][gc             ] GC(58) Concurrent weak references 0.090ms
[2024-08-16T20:43:26.514+0800][7.733s][info ][gc,start       ] GC(58) Concurrent weak roots
[2024-08-16T20:43:26.514+0800][7.733s][info ][gc,task        ] GC(58) Using 4 of 8 workers for concurrent weak root
[2024-08-16T20:43:26.514+0800][7.733s][info ][gc             ] GC(58) Concurrent weak roots 0.256ms
[2024-08-16T20:43:26.514+0800][7.733s][info ][gc,start       ] GC(58) Concurrent cleanup
[2024-08-16T20:43:26.514+0800][7.734s][info ][gc             ] GC(58) Concurrent cleanup 1945M->1945M(4096M) 0.093ms
[2024-08-16T20:43:26.514+0800][7.734s][info ][gc,ergo        ] GC(58) Free: 1023K, Max: 1023K regular, 0B humongous, Frag: 0% external, 50% internal; Reserve: 205M, Max: 2048K
[2024-08-16T20:43:26.514+0800][7.734s][info ][gc,start       ] GC(58) Concurrent class unloading
[2024-08-16T20:43:26.514+0800][7.734s][info ][gc,task        ] GC(58) Using 4 of 8 workers for concurrent class unloading
[2024-08-16T20:43:26.514+0800][7.734s][debug][gc,phases,start] GC(58) ClassLoaderData
[2024-08-16T20:43:26.514+0800][7.734s][debug][gc,phases      ] GC(58) ClassLoaderData 0.008ms
[2024-08-16T20:43:26.514+0800][7.734s][debug][gc,phases,start] GC(58) Trigger cleanups
[2024-08-16T20:43:26.514+0800][7.734s][debug][gc,phases      ] GC(58) Trigger cleanups 0.005ms
[2024-08-16T20:43:26.514+0800][7.734s][info ][gc             ] GC(58) Concurrent class unloading 0.434ms
[2024-08-16T20:43:26.514+0800][7.734s][info ][gc,start       ] GC(58) Concurrent strong roots
[2024-08-16T20:43:26.514+0800][7.734s][info ][gc,task        ] GC(58) Using 4 of 8 workers for concurrent strong root
[2024-08-16T20:43:26.515+0800][7.734s][info ][gc             ] GC(58) Concurrent strong roots 0.092ms
[2024-08-16T20:43:26.515+0800][7.734s][info ][gc,start       ] GC(58) Concurrent evacuation
[2024-08-16T20:43:26.515+0800][7.734s][info ][gc,task        ] GC(58) Using 4 of 8 workers for concurrent evacuation
[2024-08-16T20:43:26.524+0800][7.743s][info ][gc             ] GC(58) Failed to allocate 1024K for evacuation
[2024-08-16T20:43:26.524+0800][7.744s][info ][gc             ] GC(58) Cancelling GC: Allocation Failure During Evacuation
[2024-08-16T20:43:26.525+0800][7.745s][info ][gc             ] GC(58) Concurrent evacuation 10.526ms
[2024-08-16T20:43:26.525+0800][7.745s][info ][gc,ergo        ] Free: 1023K, Max: 1023K regular, 0B humongous, Frag: 0% external, 50% internal; Reserve: 0B, Max: 0B
[2024-08-16T20:43:26.525+0800][7.745s][info ][gc,stats       ] 
[2024-08-16T20:43:26.525+0800][7.745s][info ][gc,stats       ] All times are wall-clock times, except per-root-class counters, that are sum over
[2024-08-16T20:43:26.525+0800][7.745s][info ][gc,stats       ] all workers. Dividing the <total> over the root stage time estimates parallelism.
[2024-08-16T20:43:26.525+0800][7.745s][info ][gc,stats       ] 
[2024-08-16T20:43:26.525+0800][7.745s][info ][gc,stats       ] Concurrent Reset                    319 us
[2024-08-16T20:43:26.525+0800][7.745s][info ][gc,stats       ] Pause Init Mark (G)                 280 us
[2024-08-16T20:43:26.525+0800][7.745s][info ][gc,stats       ] Pause Init Mark (N)                 208 us
[2024-08-16T20:43:26.525+0800][7.745s][info ][gc,stats       ]   Update Region States              122 us
[2024-08-16T20:43:26.525+0800][7.745s][info ][gc,stats       ] Concurrent Mark Roots               216 us, parallelism: 0.99x
[2024-08-16T20:43:26.525+0800][7.745s][info ][gc,stats       ]   CMR: <total>                      215 us
[2024-08-16T20:43:26.525+0800][7.745s][info ][gc,stats       ]   CMR: Thread Roots                 166 us, workers (us):  39,  60,  26,  41, ---, ---, ---, ---, 
[2024-08-16T20:43:26.525+0800][7.745s][info ][gc,stats       ]   CMR: VM Strong Roots                5 us, workers (us):   4,   0,   0,   0, ---, ---, ---, ---, 
[2024-08-16T20:43:26.525+0800][7.745s][info ][gc,stats       ]   CMR: CLDG Roots                    44 us, workers (us):  43,   1, ---, ---, ---, ---, ---, ---, 
[2024-08-16T20:43:26.525+0800][7.745s][info ][gc,stats       ] Concurrent Marking                 1125 us
[2024-08-16T20:43:26.525+0800][7.745s][info ][gc,stats       ] Pause Final Mark (G)                800 us
[2024-08-16T20:43:26.525+0800][7.745s][info ][gc,stats       ] Pause Final Mark (N)                735 us
[2024-08-16T20:43:26.525+0800][7.745s][info ][gc,stats       ]   Finish Mark                       427 us
[2024-08-16T20:43:26.525+0800][7.745s][info ][gc,stats       ]   Update Region States              105 us
[2024-08-16T20:43:26.525+0800][7.745s][info ][gc,stats       ]   Choose Collection Set             123 us
[2024-08-16T20:43:26.525+0800][7.745s][info ][gc,stats       ]   Rebuild Free Set                    9 us
[2024-08-16T20:43:26.525+0800][7.745s][info ][gc,stats       ] Concurrent Thread Roots             188 us, parallelism: 0.60x
[2024-08-16T20:43:26.525+0800][7.745s][info ][gc,stats       ]   CTR: <total>                      112 us
[2024-08-16T20:43:26.525+0800][7.745s][info ][gc,stats       ]   CTR: Thread Roots                 112 us, workers (us):  66,  46,   0,   0, ---, ---, ---, ---, 
[2024-08-16T20:43:26.525+0800][7.745s][info ][gc,stats       ] Concurrent Weak References          133 us, parallelism: 0.02x
[2024-08-16T20:43:26.525+0800][7.745s][info ][gc,stats       ]   CWRF: <total>                       3 us
[2024-08-16T20:43:26.525+0800][7.745s][info ][gc,stats       ]   CWRF: Weak References               3 us, workers (us):   3,   0,   0,   0, ---, ---, ---, ---, 
[2024-08-16T20:43:26.525+0800][7.745s][info ][gc,stats       ] Concurrent Weak Roots               296 us
[2024-08-16T20:43:26.525+0800][7.745s][info ][gc,stats       ]   Roots                             191 us, parallelism: 1.33x
[2024-08-16T20:43:26.525+0800][7.745s][info ][gc,stats       ]     CWR: <total>                    255 us
[2024-08-16T20:43:26.525+0800][7.745s][info ][gc,stats       ]     CWR: Code Cache Roots           226 us, workers (us): 102, 120,   4,   0, ---, ---, ---, ---, 
[2024-08-16T20:43:26.525+0800][7.745s][info ][gc,stats       ]     CWR: VM Weak Roots               27 us, workers (us):  21,   6,   1,   0, ---, ---, ---, ---, 
[2024-08-16T20:43:26.525+0800][7.745s][info ][gc,stats       ]     CWR: CLDG Roots                   1 us, workers (us):   1, ---, ---, ---, ---, ---, ---, ---, 
[2024-08-16T20:43:26.525+0800][7.745s][info ][gc,stats       ]   Rendezvous                         51 us
[2024-08-16T20:43:26.525+0800][7.745s][info ][gc,stats       ] Concurrent Cleanup                  135 us
[2024-08-16T20:43:26.525+0800][7.745s][info ][gc,stats       ] Concurrent Class Unloading          479 us
[2024-08-16T20:43:26.525+0800][7.745s][info ][gc,stats       ]   Unlink Stale                      295 us
[2024-08-16T20:43:26.525+0800][7.745s][info ][gc,stats       ]     System Dictionary                26 us
[2024-08-16T20:43:26.525+0800][7.745s][info ][gc,stats       ]     Weak Class Links                  0 us
[2024-08-16T20:43:26.525+0800][7.745s][info ][gc,stats       ]     Code Roots                      268 us
[2024-08-16T20:43:26.525+0800][7.745s][info ][gc,stats       ]   Rendezvous                         48 us
[2024-08-16T20:43:26.525+0800][7.745s][info ][gc,stats       ]   Purge Unlinked                     77 us
[2024-08-16T20:43:26.525+0800][7.745s][info ][gc,stats       ]     Code Roots                       48 us
[2024-08-16T20:43:26.525+0800][7.745s][info ][gc,stats       ]     CLDG                             29 us
[2024-08-16T20:43:26.525+0800][7.745s][info ][gc,stats       ]     Exception Caches                  0 us
[2024-08-16T20:43:26.525+0800][7.745s][info ][gc,stats       ] Concurrent Strong Roots             130 us, parallelism: 0.15x
[2024-08-16T20:43:26.525+0800][7.745s][info ][gc,stats       ]   CSR: <total>                       20 us
[2024-08-16T20:43:26.525+0800][7.745s][info ][gc,stats       ]   CSR: VM Strong Roots                1 us, workers (us):   1,   0,   0,   0, ---, ---, ---, ---, 
[2024-08-16T20:43:26.525+0800][7.745s][info ][gc,stats       ]   CSR: CLDG Roots                    19 us, workers (us):  19, ---, ---, ---, ---, ---, ---, ---, 
[2024-08-16T20:43:26.525+0800][7.745s][info ][gc,stats       ] Concurrent Evacuation             10564 us
[2024-08-16T20:43:26.525+0800][7.745s][info ][gc,stats       ] 
[2024-08-16T20:43:26.525+0800][7.745s][info ][gc,stats       ] Allocation pacing accrued:
[2024-08-16T20:43:26.525+0800][7.745s][info ][gc,stats       ]       0 of    16 ms (  0.0%): <total>
[2024-08-16T20:43:26.525+0800][7.745s][info ][gc,stats       ]       0 of    16 ms (  0.0%): <average total>
[2024-08-16T20:43:26.525+0800][7.745s][info ][gc,stats       ] 
[2024-08-16T20:43:26.525+0800][7.745s][info ][gc,metaspace   ] Metaspace: 824K(960K)->824K(960K) NonClass: 766K(832K)->766K(832K) Class: 58K(128K)->58K(128K)
[2024-08-16T20:43:26.525+0800][7.745s][info ][gc,ergo        ] Pacer for Idle. Initial: 83886K, Alloc Tax Rate: 1.0x
[2024-08-16T20:43:26.527+0800][7.746s][info ][gc             ] Trigger: Handle Allocation Failure
[2024-08-16T20:43:26.527+0800][7.746s][info ][gc,ergo        ] Free: 0B, Max: 0B regular, 0B humongous, Frag: 0% external, 0% internal; Reserve: 0B, Max: 0B
[2024-08-16T20:43:26.527+0800][7.746s][info ][gc,start       ] GC(59) Pause Full
[2024-08-16T20:43:26.527+0800][7.746s][info ][gc,task        ] GC(59) Using 8 of 8 workers for full gc
[2024-08-16T20:43:26.529+0800][7.749s][debug][gc,tlab        ] GC(59) TLAB totals: thrds: 1  refills: 1 max: 1 slow allocs: 2 max 2 waste: 77.1% gc: 28504B max: 28504B slow: 0B max: 0B
[2024-08-16T20:43:26.529+0800][7.749s][info ][gc,phases,start] GC(59) Phase 1: Mark live objects
[2024-08-16T20:43:26.529+0800][7.749s][info ][gc,ref         ] GC(59) Clearing All SoftReferences
[2024-08-16T20:43:26.529+0800][7.749s][info ][gc,ref         ] GC(59) Clearing All SoftReferences
[2024-08-16T20:43:26.530+0800][7.750s][info ][gc,ref         ] GC(59) Encountered references: Soft: 67, Weak: 189, Final: 0, Phantom: 1
[2024-08-16T20:43:26.530+0800][7.750s][info ][gc,ref         ] GC(59) Discovered  references: Soft: 48, Weak: 0, Final: 0, Phantom: 1
[2024-08-16T20:43:26.530+0800][7.750s][info ][gc,ref         ] GC(59) Enqueued    references: Soft: 0, Weak: 0, Final: 0, Phantom: 0
[2024-08-16T20:43:26.530+0800][7.750s][debug][gc,phases,start] GC(59) ClassLoaderData
[2024-08-16T20:43:26.530+0800][7.750s][debug][gc,phases      ] GC(59) ClassLoaderData 0.011ms
[2024-08-16T20:43:26.530+0800][7.750s][debug][gc,phases,start] GC(59) Trigger cleanups
[2024-08-16T20:43:26.530+0800][7.750s][debug][gc,phases      ] GC(59) Trigger cleanups 0.004ms
[2024-08-16T20:43:26.531+0800][7.750s][info ][gc,phases      ] GC(59) Phase 1: Mark live objects 1.112ms
[2024-08-16T20:43:26.531+0800][7.750s][info ][gc,phases,start] GC(59) Phase 2: Compute new object addresses
[2024-08-16T20:43:26.533+0800][7.752s][info ][gc,phases      ] GC(59) Phase 2: Compute new object addresses 1.972ms
[2024-08-16T20:43:26.533+0800][7.752s][info ][gc,phases,start] GC(59) Phase 3: Adjust pointers
[2024-08-16T20:43:26.535+0800][7.754s][info ][gc,phases      ] GC(59) Phase 3: Adjust pointers 2.024ms
[2024-08-16T20:43:26.535+0800][7.754s][info ][gc,phases,start] GC(59) Phase 4: Move objects
[2024-08-16T20:43:26.589+0800][7.809s][info ][gc,phases      ] GC(59) Phase 4: Move objects 54.846ms
[2024-08-16T20:43:26.590+0800][7.809s][info ][gc,ergo        ] GC(59) Good progress for free space: 1944M, need 41943K
[2024-08-16T20:43:26.590+0800][7.809s][info ][gc,ergo        ] GC(59) Good progress for used space: 166M, need 2048K
[2024-08-16T20:43:26.590+0800][7.809s][info ][gc             ] GC(59) Pause Full 2111M->1945M(4096M) 63.055ms
[2024-08-16T20:43:26.590+0800][7.809s][debug][gc,ergo        ] GC(59) Margin of error now 3.29
[2024-08-16T20:43:26.590+0800][7.809s][debug][gc,ergo        ] GC(59) Spike threshold now: 0.32
[2024-08-16T20:43:26.590+0800][7.810s][info ][gc,ergo        ] Free: 1944M, Max: 1023K regular, 0B humongous, Frag: 0% external, 50% internal; Reserve: 206M, Max: 2048K
[2024-08-16T20:43:26.590+0800][7.810s][info ][gc,stats       ] 
[2024-08-16T20:43:26.590+0800][7.810s][info ][gc,stats       ] All times are wall-clock times, except per-root-class counters, that are sum over
[2024-08-16T20:43:26.590+0800][7.810s][info ][gc,stats       ] all workers. Dividing the <total> over the root stage time estimates parallelism.
[2024-08-16T20:43:26.590+0800][7.810s][info ][gc,stats       ] 
[2024-08-16T20:43:26.590+0800][7.810s][info ][gc,stats       ] Pause Full GC (G)                 63202 us
[2024-08-16T20:43:26.590+0800][7.810s][info ][gc,stats       ] Pause Full GC (N)                 63098 us
[2024-08-16T20:43:26.590+0800][7.810s][info ][gc,stats       ]   Pre Heap Dump                       1 us
[2024-08-16T20:43:26.590+0800][7.810s][info ][gc,stats       ]   Prepare                          2716 us
[2024-08-16T20:43:26.590+0800][7.810s][info ][gc,stats       ]     Update Roots                    299 us, parallelism: 1.75x
[2024-08-16T20:43:26.590+0800][7.810s][info ][gc,stats       ]       FU: <total>                   523 us
[2024-08-16T20:43:26.590+0800][7.810s][info ][gc,stats       ]       FU: Thread Roots               22 us, workers (us):   1,   1,  17,   3,   0,   0,   0,   1, 
[2024-08-16T20:43:26.590+0800][7.810s][info ][gc,stats       ]       FU: Code Cache Roots          462 us, workers (us): 206, 226,  30,   0,   0,   0,   0,   0, 
[2024-08-16T20:43:26.590+0800][7.810s][info ][gc,stats       ]       FU: VM Strong Roots             3 us, workers (us):   2,   0,   0,   0,   0,   0,   0,   0, 
[2024-08-16T20:43:26.590+0800][7.810s][info ][gc,stats       ]       FU: VM Weak Roots              22 us, workers (us):  17,   3,   0,   0,   0,   0,   0,   0, 
[2024-08-16T20:43:26.590+0800][7.810s][info ][gc,stats       ]       FU: CLDG Roots                 15 us, workers (us):  10,   2,   1,   1,   0,   0,   0,   1, 
[2024-08-16T20:43:26.590+0800][7.810s][info ][gc,stats       ]   Mark                             1104 us, parallelism: 3.73x
[2024-08-16T20:43:26.590+0800][7.810s][info ][gc,stats       ]     FM: <total>                    4117 us
[2024-08-16T20:43:26.590+0800][7.810s][info ][gc,stats       ]     FM: Thread Roots                 31 us, workers (us):  18,   7,   1,   1,   1,   1,   1,   1, 
[2024-08-16T20:43:26.590+0800][7.810s][info ][gc             ] Failed to allocate Shared, 1024K
[2024-08-16T20:43:26.590+0800][7.810s][info ][gc,stats       ]     FM: VM Strong Roots               3 us, workers (us):   2,   0,   0,   0,   0,   0,   0,   0, 
[2024-08-16T20:43:26.590+0800][7.810s][info ][gc             ] Cancelling GC: Allocation Failure
[2024-08-16T20:43:26.590+0800][7.810s][info ][gc,stats       ]     FM: CLDG Roots                   51 us, workers (us):   1,  43,   2,   1,   1,   1,   1,   1, 
[2024-08-16T20:43:26.590+0800][7.810s][info ][gc,stats       ]     FM: Parallel Mark              4032 us, workers (us): 565, 524, 553, 508, 482, 485, 479, 436, 
[2024-08-16T20:43:26.590+0800][7.810s][info ][gc,stats       ]     System Purge                    419 us
[2024-08-16T20:43:26.590+0800][7.810s][info ][gc,stats       ]       Weak References               111 us, parallelism: 0.03x
[2024-08-16T20:43:26.590+0800][7.810s][info ][gc,stats       ]         WRP: <total>                  3 us
[2024-08-16T20:43:26.590+0800][7.810s][info ][gc,stats       ]         WRP: Weak References          3 us, workers (us):   3,   0,   0,   0,   0,   0,   0,   0, 
[2024-08-16T20:43:26.590+0800][7.810s][info ][gc,stats       ]       Unload Classes                215 us, parallelism: 2.32x
[2024-08-16T20:43:26.590+0800][7.810s][info ][gc,stats       ]         CU: <total>                 500 us
[2024-08-16T20:43:26.590+0800][7.810s][info ][gc,stats       ]         CU: Unload Code Caches      500 us, workers (us): 113,  92,  93,  73,  60,  57,  11,   0, 
[2024-08-16T20:43:26.590+0800][7.810s][info ][gc,stats       ]       Weak Roots                     91 us, parallelism: 0.31x
[2024-08-16T20:43:26.590+0800][7.810s][info ][gc,stats       ]         WR: <total>                  28 us
[2024-08-16T20:43:26.590+0800][7.810s][info ][gc,stats       ]         WR: VM Weak Roots            28 us, workers (us):  16,   8,   1,   1,   1,   1,   1,   1, 
[2024-08-16T20:43:26.590+0800][7.810s][info ][gc,stats       ]       CLDG                            0 us
[2024-08-16T20:43:26.590+0800][7.810s][info ][gc,stats       ]   Calculate Addresses              1967 us
[2024-08-16T20:43:26.590+0800][7.810s][info ][gc,stats       ]     Regular Objects                1933 us
[2024-08-16T20:43:26.590+0800][7.810s][info ][gc,stats       ]     Humongous Objects                10 us
[2024-08-16T20:43:26.590+0800][7.810s][info ][gc,stats       ]   Adjust Pointers                  2016 us
[2024-08-16T20:43:26.590+0800][7.810s][info ][gc,stats       ]     FA: <total>                     426 us
[2024-08-16T20:43:26.590+0800][7.810s][info ][gc,stats       ]     FA: Thread Roots                 24 us, workers (us):   0,   0,   6,  15,   1,   0,   0,   1, 
[2024-08-16T20:43:26.590+0800][7.810s][info ][gc,stats       ]     FA: Code Cache Roots            363 us, workers (us): 184, 165,  14,   0,   0,   0,   0,   0, 
[2024-08-16T20:43:26.590+0800][7.810s][info ][gc,stats       ]     FA: VM Strong Roots               3 us, workers (us):   2,   0,   0,   0,   0,   0,   0,   0, 
[2024-08-16T20:43:26.590+0800][7.810s][info ][gc,stats       ]     FA: VM Weak Roots                19 us, workers (us):  14,   2,   1,   0,   1,   0,   0,   1, 
[2024-08-16T20:43:26.590+0800][7.810s][info ][gc,stats       ]     FA: CLDG Roots                   17 us, workers (us):  12,   2,   1,   0,   1,   0,   0,   1, 
[2024-08-16T20:43:26.590+0800][7.810s][info ][gc,stats       ]   Copy Objects                    54839 us
[2024-08-16T20:43:26.590+0800][7.810s][info ][gc,stats       ]     Regular Objects               51678 us
[2024-08-16T20:43:26.590+0800][7.810s][info ][gc,stats       ]     Humongous Objects                23 us
[2024-08-16T20:43:26.590+0800][7.810s][info ][gc,stats       ]     Reset Complete Bitmap          3092 us
[2024-08-16T20:43:26.590+0800][7.810s][info ][gc,stats       ]     Rebuild Region Sets              43 us
[2024-08-16T20:43:26.590+0800][7.810s][info ][gc,stats       ]   Post Heap Dump                      1 us
[2024-08-16T20:43:26.590+0800][7.810s][info ][gc,stats       ] Pacing                            11919 us
[2024-08-16T20:43:26.590+0800][7.810s][info ][gc,stats       ] 
[2024-08-16T20:43:26.590+0800][7.810s][info ][gc,stats       ] Allocation pacing accrued:
[2024-08-16T20:43:26.590+0800][7.810s][info ][gc,stats       ]      12 of    65 ms ( 18.4%): main
[2024-08-16T20:43:26.590+0800][7.810s][info ][gc,stats       ]      12 of    65 ms ( 18.4%): <total>
[2024-08-16T20:43:26.590+0800][7.810s][info ][gc,stats       ]       1 of    65 ms (  1.7%): <average total>
[2024-08-16T20:43:26.590+0800][7.810s][info ][gc,stats       ]      12 of    65 ms ( 18.4%): <average non-zero>
[2024-08-16T20:43:26.590+0800][7.810s][info ][gc,stats       ] 
[2024-08-16T20:43:26.590+0800][7.810s][info ][gc,metaspace   ] Metaspace: 824K(960K)->824K(960K) NonClass: 766K(832K)->766K(832K) Class: 58K(128K)->58K(128K)
[2024-08-16T20:43:26.590+0800][7.810s][info ][gc,ergo        ] Pacer for Idle. Initial: 83886K, Alloc Tax Rate: 1.0x
[2024-08-16T20:43:26.592+0800][7.812s][info ][gc             ] Trigger: Handle Allocation Failure
[2024-08-16T20:43:26.592+0800][7.812s][info ][gc,ergo        ] Free: 0B, Max: 0B regular, 0B humongous, Frag: 0% external, 0% internal; Reserve: 206M, Max: 2048K
[2024-08-16T20:43:26.592+0800][7.812s][info ][gc,start       ] GC(60) Pause Degenerated GC (Outside of Cycle)
[2024-08-16T20:43:26.592+0800][7.812s][info ][gc,task        ] GC(60) Using 8 of 8 workers for stw degenerated gc
[2024-08-16T20:43:26.593+0800][7.812s][info ][gc,ref         ] GC(60) Clearing All SoftReferences
[2024-08-16T20:43:26.594+0800][7.813s][info ][gc,ref         ] GC(60) Encountered references: Soft: 67, Weak: 189, Final: 0, Phantom: 1
[2024-08-16T20:43:26.594+0800][7.813s][info ][gc,ref         ] GC(60) Discovered  references: Soft: 46, Weak: 26, Final: 0, Phantom: 1
[2024-08-16T20:43:26.594+0800][7.813s][info ][gc,ref         ] GC(60) Enqueued    references: Soft: 0, Weak: 0, Final: 0, Phantom: 0
[2024-08-16T20:43:26.594+0800][7.813s][debug][gc,phases,start] GC(60) ClassLoaderData
[2024-08-16T20:43:26.594+0800][7.813s][debug][gc,phases      ] GC(60) ClassLoaderData 0.013ms
[2024-08-16T20:43:26.594+0800][7.813s][debug][gc,phases,start] GC(60) Trigger cleanups
[2024-08-16T20:43:26.594+0800][7.813s][debug][gc,phases      ] GC(60) Trigger cleanups 0.006ms
[2024-08-16T20:43:26.594+0800][7.814s][info ][gc,ergo        ] GC(60) Adaptive CSet Selection. Target Free: 580M, Actual Free: 206M, Max CSet: 170M, Min Garbage: 374M
[2024-08-16T20:43:26.594+0800][7.814s][info ][gc,ergo        ] GC(60) Collectable Garbage: 0B (0%), Immediate: 0B (0%), CSet: 0B (0%)
[2024-08-16T20:43:26.605+0800][7.825s][info ][gc             ] GC(60) Cancelling GC: Allocation Failure During Evacuation
[2024-08-16T20:43:26.606+0800][7.826s][info ][gc             ] GC(60) Cannot finish degeneration, upgrading to Full GC
[2024-08-16T20:43:26.609+0800][7.829s][info ][gc,phases,start] GC(60) Phase 1: Mark live objects
[2024-08-16T20:43:26.609+0800][7.829s][info ][gc,ref         ] GC(60) Clearing All SoftReferences
[2024-08-16T20:43:26.609+0800][7.829s][info ][gc,ref         ] GC(60) Clearing All SoftReferences
[2024-08-16T20:43:26.610+0800][7.830s][info ][gc,ref         ] GC(60) Encountered references: Soft: 67, Weak: 189, Final: 0, Phantom: 1
[2024-08-16T20:43:26.610+0800][7.830s][info ][gc,ref         ] GC(60) Discovered  references: Soft: 42, Weak: 17, Final: 0, Phantom: 1
[2024-08-16T20:43:26.610+0800][7.830s][info ][gc,ref         ] GC(60) Enqueued    references: Soft: 0, Weak: 0, Final: 0, Phantom: 0
[2024-08-16T20:43:26.610+0800][7.830s][debug][gc,phases,start] GC(60) ClassLoaderData
[2024-08-16T20:43:26.610+0800][7.830s][debug][gc,phases      ] GC(60) ClassLoaderData 0.013ms
[2024-08-16T20:43:26.610+0800][7.830s][debug][gc,phases,start] GC(60) Trigger cleanups
[2024-08-16T20:43:26.611+0800][7.830s][debug][gc,phases      ] GC(60) Trigger cleanups 0.006ms
[2024-08-16T20:43:26.611+0800][7.830s][info ][gc,phases      ] GC(60) Phase 1: Mark live objects 1.627ms
[2024-08-16T20:43:26.611+0800][7.830s][info ][gc,phases,start] GC(60) Phase 2: Compute new object addresses
[2024-08-16T20:43:26.613+0800][7.832s][info ][gc,phases      ] GC(60) Phase 2: Compute new object addresses 2.059ms
[2024-08-16T20:43:26.613+0800][7.833s][info ][gc,phases,start] GC(60) Phase 3: Adjust pointers
[2024-08-16T20:43:26.615+0800][7.834s][info ][gc,phases      ] GC(60) Phase 3: Adjust pointers 1.976ms
[2024-08-16T20:43:26.615+0800][7.835s][info ][gc,phases,start] GC(60) Phase 4: Move objects
[2024-08-16T20:43:26.669+0800][7.889s][info ][gc,phases      ] GC(60) Phase 4: Move objects 54.333ms
[2024-08-16T20:43:26.669+0800][7.889s][info ][gc,ergo        ] GC(60) Good progress for free space: 1944M, need 41943K
[2024-08-16T20:43:26.669+0800][7.889s][info ][gc,ergo        ] GC(60) Good progress for used space: 127M, need 2048K
[2024-08-16T20:43:26.669+0800][7.889s][info ][gc             ] GC(60) Pause Degenerated GC (Outside of Cycle) 1945M->1945M(4096M) 77.033ms
[2024-08-16T20:43:26.670+0800][7.889s][debug][gc,ergo        ] GC(60) Margin of error now 3.29
[2024-08-16T20:43:26.670+0800][7.889s][debug][gc,ergo        ] GC(60) Spike threshold now: 0.32
[2024-08-16T20:43:26.670+0800][7.889s][info ][gc,ergo        ] Free: 1944M, Max: 1023K regular, 0B humongous, Frag: 0% external, 50% internal; Reserve: 206M, Max: 2048K
[2024-08-16T20:43:26.670+0800][7.889s][info ][gc,stats       ] 
[2024-08-16T20:43:26.670+0800][7.889s][info ][gc,stats       ] All times are wall-clock times, except per-root-class counters, that are sum over
[2024-08-16T20:43:26.670+0800][7.889s][info ][gc,stats       ] all workers. Dividing the <total> over the root stage time estimates parallelism.
[2024-08-16T20:43:26.670+0800][7.889s][info ][gc,stats       ] 
[2024-08-16T20:43:26.670+0800][7.889s][info ][gc,stats       ] Pause Degenerated GC (G)          77171 us
[2024-08-16T20:43:26.670+0800][7.889s][info ][gc,stats       ] Pause Degenerated GC (N)          77074 us
[2024-08-16T20:43:26.670+0800][7.889s][info ][gc,stats       ]   Degen STW Mark                    628 us, parallelism: 5.70x
[2024-08-16T20:43:26.670+0800][7.889s][info ][gc,stats       ]     DSM: <total>                   3580 us
[2024-08-16T20:43:26.670+0800][7.889s][info ][gc,stats       ]     DSM: Thread Roots                42 us, workers (us):  31,   4,   1,   1,   1,   1,   1,   1, 
[2024-08-16T20:43:26.670+0800][7.889s][info ][gc,stats       ]     DSM: VM Strong Roots              5 us, workers (us):   0,   0,   3,   0,   0,   0,   0,   0, 
[2024-08-16T20:43:26.670+0800][7.889s][info ][gc,stats       ]     DSM: CLDG Roots                  31 us, workers (us):   1,  24,   1,   1,   1,   1,   1,   1, 
[2024-08-16T20:43:26.670+0800][7.889s][info ][gc,stats       ]     DSM: Parallel Mark             3502 us, workers (us): 469, 435, 472, 466, 449, 438, 388, 386, 
[2024-08-16T20:43:26.670+0800][7.889s][info ][gc             ] Failed to allocate Shared, 1024K
[2024-08-16T20:43:26.670+0800][7.889s][info ][gc,stats       ]     System Purge                    604 us
[2024-08-16T20:43:26.670+0800][7.890s][info ][gc             ] Cancelling GC: Allocation Failure
[2024-08-16T20:43:26.670+0800][7.890s][info ][gc,stats       ]       Weak References               184 us, parallelism: 0.02x
[2024-08-16T20:43:26.670+0800][7.890s][info ][gc,stats       ]         WRP: <total>                  4 us
[2024-08-16T20:43:26.670+0800][7.890s][info ][gc,stats       ]         WRP: Weak References          4 us, workers (us):   3,   0,   0,   0,   0,   0,   0,   0, 
[2024-08-16T20:43:26.670+0800][7.890s][info ][gc,stats       ]       Unload Classes                289 us, parallelism: 2.32x
[2024-08-16T20:43:26.670+0800][7.890s][info ][gc,stats       ]         DCU: <total>                671 us
[2024-08-16T20:43:26.670+0800][7.890s][info ][gc,stats       ]         DCU: Unload Code Caches      671 us, workers (us): 136, 121, 125,  84,  66,  48,  50,  41, 
[2024-08-16T20:43:26.670+0800][7.890s][info ][gc,stats       ]       Weak Roots                    129 us, parallelism: 0.19x
[2024-08-16T20:43:26.670+0800][7.890s][info ][gc,stats       ]         DWR: <total>                 24 us
[2024-08-16T20:43:26.670+0800][7.890s][info ][gc,stats       ]         DWR: VM Weak Roots           24 us, workers (us):  16,   3,   1,   1,   1,   1,   1,   1, 
[2024-08-16T20:43:26.670+0800][7.890s][info ][gc,stats       ]       CLDG                            1 us
[2024-08-16T20:43:26.670+0800][7.890s][info ][gc,stats       ]   Update Region States              126 us
[2024-08-16T20:43:26.670+0800][7.890s][info ][gc,stats       ]   Manage GC/TLABs                     2 us
[2024-08-16T20:43:26.670+0800][7.890s][info ][gc,stats       ]   Choose Collection Set             110 us
[2024-08-16T20:43:26.670+0800][7.890s][info ][gc,stats       ]   Rebuild Free Set                   10 us
[2024-08-16T20:43:26.670+0800][7.890s][info ][gc,stats       ]   Evacuation                      11739 us
[2024-08-16T20:43:26.670+0800][7.890s][info ][gc,stats       ]   Pre Heap Dump                       1 us
[2024-08-16T20:43:26.670+0800][7.890s][info ][gc,stats       ]   Prepare                          2964 us
[2024-08-16T20:43:26.670+0800][7.890s][info ][gc,stats       ]     Update Roots                    270 us, parallelism: 1.95x
[2024-08-16T20:43:26.670+0800][7.890s][info ][gc,stats       ]       FU: <total>                   526 us
[2024-08-16T20:43:26.670+0800][7.890s][info ][gc,stats       ]       FU: Thread Roots               73 us, workers (us):   0,   1,  37,   4,  28,   2,   0,   0, 
[2024-08-16T20:43:26.670+0800][7.890s][info ][gc,stats       ]       FU: Code Cache Roots          412 us, workers (us): 196, 200,   0,  15,   0,   0,   0,   0, 
[2024-08-16T20:43:26.670+0800][7.890s][info ][gc,stats       ]       FU: VM Strong Roots             3 us, workers (us):   1,   0,   0,   0,   0,   0,   1,   0, 
[2024-08-16T20:43:26.670+0800][7.890s][info ][gc,stats       ]       FU: VM Weak Roots              22 us, workers (us):  16,   4,   1,   0,   1,   0,   0,   0, 
[2024-08-16T20:43:26.670+0800][7.890s][info ][gc,stats       ]       FU: CLDG Roots                 16 us, workers (us):  10,   2,   1,   0,   1,   1,   0,   0, 
[2024-08-16T20:43:26.670+0800][7.890s][info ][gc,stats       ]   Mark                             1570 us, parallelism: 2.99x
[2024-08-16T20:43:26.670+0800][7.890s][info ][gc,stats       ]     FM: <total>                    4698 us
[2024-08-16T20:43:26.670+0800][7.890s][info ][gc,stats       ]     FM: Thread Roots                 47 us, workers (us):  32,  11,   0,   1,   0,   1,   0,   1, 
[2024-08-16T20:43:26.670+0800][7.890s][info ][gc,stats       ]     FM: VM Strong Roots               4 us, workers (us):   0,   3,   0,   0,   0,   0,   0,   0, 
[2024-08-16T20:43:26.670+0800][7.890s][info ][gc,stats       ]     FM: CLDG Roots                   64 us, workers (us):  59,   1,   0,   1,   0,   1,   0,   1, 
[2024-08-16T20:43:26.670+0800][7.890s][info ][gc,stats       ]     FM: Parallel Mark              4583 us, workers (us): 678, 693, 698, 568, 552, 531, 520, 344, 
[2024-08-16T20:43:26.670+0800][7.890s][info ][gc,stats       ]     System Purge                    575 us
[2024-08-16T20:43:26.670+0800][7.890s][info ][gc,stats       ]       Weak References               173 us, parallelism: 0.04x
[2024-08-16T20:43:26.670+0800][7.890s][info ][gc,stats       ]         WRP: <total>                  6 us
[2024-08-16T20:43:26.670+0800][7.890s][info ][gc,stats       ]         WRP: Weak References          6 us, workers (us):   5,   0,   0,   0,   0,   0,   0,   0, 
[2024-08-16T20:43:26.670+0800][7.890s][info ][gc,stats       ]       Unload Classes                278 us, parallelism: 2.56x
[2024-08-16T20:43:26.670+0800][7.890s][info ][gc,stats       ]         CU: <total>                 711 us
[2024-08-16T20:43:26.670+0800][7.890s][info ][gc,stats       ]         CU: Unload Code Caches      711 us, workers (us): 180, 115, 104,  98,  87,  96,  31,   0, 
[2024-08-16T20:43:26.670+0800][7.890s][info ][gc,stats       ]       Weak Roots                    122 us, parallelism: 0.25x
[2024-08-16T20:43:26.670+0800][7.890s][info ][gc,stats       ]         WR: <total>                  31 us
[2024-08-16T20:43:26.670+0800][7.890s][info ][gc,stats       ]         WR: VM Weak Roots            31 us, workers (us):  26,   1,   1,   1,   0,   1,   0,   2, 
[2024-08-16T20:43:26.670+0800][7.890s][info ][gc,stats       ]       CLDG                            0 us
[2024-08-16T20:43:26.670+0800][7.890s][info ][gc,stats       ]   Calculate Addresses              2052 us
[2024-08-16T20:43:26.670+0800][7.890s][info ][gc,stats       ]     Regular Objects                2021 us
[2024-08-16T20:43:26.670+0800][7.890s][info ][gc,stats       ]     Humongous Objects                10 us
[2024-08-16T20:43:26.670+0800][7.890s][info ][gc,stats       ]   Adjust Pointers                  1970 us
[2024-08-16T20:43:26.670+0800][7.890s][info ][gc,stats       ]     FA: <total>                     461 us
[2024-08-16T20:43:26.670+0800][7.890s][info ][gc,stats       ]     FA: Thread Roots                 30 us, workers (us):   1,  10,   0,  16,   1,   0,   0,   1, 
[2024-08-16T20:43:26.670+0800][7.890s][info ][gc,stats       ]     FA: Code Cache Roots            385 us, workers (us): 187,  14, 183,   0,   0,   0,   0,   0, 
[2024-08-16T20:43:26.670+0800][7.890s][info ][gc,stats       ]     FA: VM Strong Roots               4 us, workers (us):   2,   0,   0,   0,   0,   0,   0,   0, 
[2024-08-16T20:43:26.670+0800][7.890s][info ][gc,stats       ]     FA: VM Weak Roots                24 us, workers (us):  13,   9,   1,   0,   0,   0,   0,   1, 
[2024-08-16T20:43:26.670+0800][7.890s][info ][gc,stats       ]     FA: CLDG Roots                   19 us, workers (us):   2,  13,   1,   1,   1,   0,   0,   1, 
[2024-08-16T20:43:26.670+0800][7.890s][info ][gc,stats       ]   Copy Objects                    54318 us
[2024-08-16T20:43:26.670+0800][7.890s][info ][gc,stats       ]     Regular Objects               51616 us
[2024-08-16T20:43:26.670+0800][7.890s][info ][gc,stats       ]     Humongous Objects                17 us
[2024-08-16T20:43:26.670+0800][7.890s][info ][gc,stats       ]     Reset Complete Bitmap          2639 us
[2024-08-16T20:43:26.670+0800][7.890s][info ][gc,stats       ]     Rebuild Region Sets              45 us
[2024-08-16T20:43:26.670+0800][7.890s][info ][gc,stats       ]   Post Heap Dump                      1 us
[2024-08-16T20:43:26.670+0800][7.890s][info ][gc,stats       ] 
[2024-08-16T20:43:26.670+0800][7.890s][info ][gc,stats       ] Allocation pacing accrued:
[2024-08-16T20:43:26.670+0800][7.890s][info ][gc,stats       ]       0 of    80 ms (  0.0%): <total>
[2024-08-16T20:43:26.670+0800][7.890s][info ][gc,stats       ]       0 of    80 ms (  0.0%): <average total>
[2024-08-16T20:43:26.670+0800][7.890s][info ][gc,stats       ] 
[2024-08-16T20:43:26.670+0800][7.890s][info ][gc,metaspace   ] Metaspace: 824K(960K)->824K(960K) NonClass: 766K(832K)->766K(832K) Class: 58K(128K)->58K(128K)
[2024-08-16T20:43:26.670+0800][7.890s][info ][gc,ergo        ] Pacer for Idle. Initial: 83886K, Alloc Tax Rate: 1.0x
[2024-08-16T20:43:26.672+0800][7.891s][info ][gc             ] Trigger: Handle Allocation Failure
[2024-08-16T20:43:26.672+0800][7.891s][info ][gc,ergo        ] Free: 0B, Max: 0B regular, 0B humongous, Frag: 0% external, 0% internal; Reserve: 206M, Max: 2048K
[2024-08-16T20:43:26.672+0800][7.891s][info ][gc,start       ] GC(61) Pause Degenerated GC (Outside of Cycle)
[2024-08-16T20:43:26.672+0800][7.891s][info ][gc,task        ] GC(61) Using 8 of 8 workers for stw degenerated gc
[2024-08-16T20:43:26.672+0800][7.892s][info ][gc,ref         ] GC(61) Clearing All SoftReferences
[2024-08-16T20:43:26.673+0800][7.892s][info ][gc,ref         ] GC(61) Encountered references: Soft: 67, Weak: 189, Final: 0, Phantom: 1
[2024-08-16T20:43:26.673+0800][7.892s][info ][gc,ref         ] GC(61) Discovered  references: Soft: 47, Weak: 38, Final: 0, Phantom: 1
[2024-08-16T20:43:26.673+0800][7.892s][info ][gc,ref         ] GC(61) Enqueued    references: Soft: 0, Weak: 0, Final: 0, Phantom: 0
[2024-08-16T20:43:26.673+0800][7.893s][debug][gc,phases,start] GC(61) ClassLoaderData
[2024-08-16T20:43:26.673+0800][7.893s][debug][gc,phases      ] GC(61) ClassLoaderData 0.012ms
[2024-08-16T20:43:26.673+0800][7.893s][debug][gc,phases,start] GC(61) Trigger cleanups
[2024-08-16T20:43:26.673+0800][7.893s][debug][gc,phases      ] GC(61) Trigger cleanups 0.006ms
[2024-08-16T20:43:26.673+0800][7.893s][info ][gc,ergo        ] GC(61) Adaptive CSet Selection. Target Free: 580M, Actual Free: 206M, Max CSet: 170M, Min Garbage: 374M
[2024-08-16T20:43:26.673+0800][7.893s][info ][gc,ergo        ] GC(61) Collectable Garbage: 0B (0%), Immediate: 0B (0%), CSet: 0B (0%)
[2024-08-16T20:43:26.683+0800][7.903s][info ][gc             ] GC(61) Cancelling GC: Allocation Failure During Evacuation
[2024-08-16T20:43:26.684+0800][7.904s][info ][gc             ] GC(61) Cannot finish degeneration, upgrading to Full GC
[2024-08-16T20:43:26.687+0800][7.907s][info ][gc,phases,start] GC(61) Phase 1: Mark live objects
[2024-08-16T20:43:26.687+0800][7.907s][info ][gc,ref         ] GC(61) Clearing All SoftReferences
[2024-08-16T20:43:26.687+0800][7.907s][info ][gc,ref         ] GC(61) Clearing All SoftReferences
[2024-08-16T20:43:26.688+0800][7.907s][info ][gc,ref         ] GC(61) Encountered references: Soft: 67, Weak: 189, Final: 0, Phantom: 1
[2024-08-16T20:43:26.688+0800][7.907s][info ][gc,ref         ] GC(61) Discovered  references: Soft: 48, Weak: 0, Final: 0, Phantom: 1
[2024-08-16T20:43:26.688+0800][7.907s][info ][gc,ref         ] GC(61) Enqueued    references: Soft: 0, Weak: 0, Final: 0, Phantom: 0
[2024-08-16T20:43:26.688+0800][7.907s][debug][gc,phases,start] GC(61) ClassLoaderData
[2024-08-16T20:43:26.688+0800][7.907s][debug][gc,phases      ] GC(61) ClassLoaderData 0.014ms
[2024-08-16T20:43:26.688+0800][7.907s][debug][gc,phases,start] GC(61) Trigger cleanups
[2024-08-16T20:43:26.688+0800][7.907s][debug][gc,phases      ] GC(61) Trigger cleanups 0.007ms
[2024-08-16T20:43:26.688+0800][7.908s][info ][gc,phases      ] GC(61) Phase 1: Mark live objects 1.175ms
[2024-08-16T20:43:26.688+0800][7.908s][info ][gc,phases,start] GC(61) Phase 2: Compute new object addresses
[2024-08-16T20:43:26.690+0800][7.910s][info ][gc,phases      ] GC(61) Phase 2: Compute new object addresses 1.823ms
[2024-08-16T20:43:26.690+0800][7.910s][info ][gc,phases,start] GC(61) Phase 3: Adjust pointers
[2024-08-16T20:43:26.692+0800][7.912s][info ][gc,phases      ] GC(61) Phase 3: Adjust pointers 1.990ms
[2024-08-16T20:43:26.692+0800][7.912s][info ][gc,phases,start] GC(61) Phase 4: Move objects
[2024-08-16T20:43:26.744+0800][7.964s][info ][gc,phases      ] GC(61) Phase 4: Move objects 52.015ms
[2024-08-16T20:43:26.744+0800][7.964s][info ][gc,ergo        ] GC(61) Good progress for free space: 1944M, need 41943K
[2024-08-16T20:43:26.744+0800][7.964s][info ][gc,ergo        ] GC(61) Good progress for used space: 126M, need 2048K
[2024-08-16T20:43:26.744+0800][7.964s][info ][gc             ] GC(61) Pause Degenerated GC (Outside of Cycle) 1945M->1945M(4096M) 72.626ms
[2024-08-16T20:43:26.744+0800][7.964s][debug][gc,ergo        ] GC(61) Margin of error now 3.29
[2024-08-16T20:43:26.744+0800][7.964s][debug][gc,ergo        ] GC(61) Spike threshold now: 0.32
[2024-08-16T20:43:26.744+0800][7.964s][info ][gc,ergo        ] Free: 1944M, Max: 1023K regular, 0B humongous, Frag: 0% external, 50% internal; Reserve: 206M, Max: 2048K
[2024-08-16T20:43:26.744+0800][7.964s][info ][gc,stats       ] 
[2024-08-16T20:43:26.744+0800][7.964s][info ][gc,stats       ] All times are wall-clock times, except per-root-class counters, that are sum over
[2024-08-16T20:43:26.744+0800][7.964s][info ][gc,stats       ] all workers. Dividing the <total> over the root stage time estimates parallelism.
[2024-08-16T20:43:26.744+0800][7.964s][info ][gc,stats       ] 
[2024-08-16T20:43:26.744+0800][7.964s][info ][gc,stats       ] Pause Degenerated GC (G)          72756 us
[2024-08-16T20:43:26.744+0800][7.964s][info ][gc,stats       ] Pause Degenerated GC (N)          72658 us
[2024-08-16T20:43:26.744+0800][7.964s][info ][gc,stats       ]   Degen STW Mark                    680 us, parallelism: 5.58x
[2024-08-16T20:43:26.744+0800][7.964s][info ][gc,stats       ]     DSM: <total>                   3797 us
[2024-08-16T20:43:26.744+0800][7.964s][info ][gc,stats       ]     DSM: Thread Roots                54 us, workers (us):  27,  22,   1,   0,   1,   1,   1,   0, 
[2024-08-16T20:43:26.744+0800][7.964s][info ][gc,stats       ]     DSM: VM Strong Roots              5 us, workers (us):   0,   0,   4,   0,   0,   0,   0,   0, 
[2024-08-16T20:43:26.744+0800][7.964s][info ][gc,stats       ]     DSM: CLDG Roots                 102 us, workers (us):  96,   1,   2,   0,   1,   0,   1,   0, 
[2024-08-16T20:43:26.744+0800][7.964s][info ][gc,stats       ]     DSM: Parallel Mark             3637 us, workers (us): 459, 496, 491, 516, 478, 418, 366, 413, 
[2024-08-16T20:43:26.744+0800][7.964s][info ][gc,stats       ]     System Purge                    465 us
[2024-08-16T20:43:26.744+0800][7.964s][info ][gc,stats       ]       Weak References               150 us, parallelism: 0.03x
[2024-08-16T20:43:26.744+0800][7.964s][info ][gc,stats       ]         WRP: <total>                  5 us
[2024-08-16T20:43:26.744+0800][7.964s][info ][gc,stats       ]         WRP: Weak References          5 us, workers (us):   4,   0,   0,   0,   0,   0,   0,   0, 
[2024-08-16T20:43:26.744+0800][7.964s][info ][gc,stats       ]       Unload Classes                208 us, parallelism: 2.80x
[2024-08-16T20:43:26.744+0800][7.964s][info ][gc,stats       ]         DCU: <total>                582 us
[2024-08-16T20:43:26.744+0800][7.964s][info ][gc,stats       ]         DCU: Unload Code Caches      582 us, workers (us): 128, 119,  97,  89,  73,  68,   8,   1, 
[2024-08-16T20:43:26.744+0800][7.964s][info ][gc,stats       ]       Weak Roots                    106 us, parallelism: 0.25x
[2024-08-16T20:43:26.744+0800][7.964s][info ][gc,stats       ]         DWR: <total>                 26 us
[2024-08-16T20:43:26.744+0800][7.964s][info ][gc             ] Failed to allocate Shared, 1024K
[2024-08-16T20:43:26.745+0800][7.964s][info ][gc             ] Cancelling GC: Allocation Failure
[2024-08-16T20:43:26.745+0800][7.964s][info ][gc,stats       ]         DWR: VM Weak Roots           26 us, workers (us):  17,   4,   0,   1,   1,   1,   1,   1, 
[2024-08-16T20:43:26.745+0800][7.964s][info ][gc,stats       ]       CLDG                            1 us
[2024-08-16T20:43:26.745+0800][7.964s][info ][gc,stats       ]   Update Region States              103 us
[2024-08-16T20:43:26.745+0800][7.964s][info ][gc,stats       ]   Manage GC/TLABs                     2 us
[2024-08-16T20:43:26.745+0800][7.964s][info ][gc,stats       ]   Choose Collection Set             108 us
[2024-08-16T20:43:26.745+0800][7.964s][info ][gc,stats       ]   Rebuild Free Set                    9 us
[2024-08-16T20:43:26.745+0800][7.964s][info ][gc,stats       ]   Evacuation                      10713 us
[2024-08-16T20:43:26.745+0800][7.964s][info ][gc,stats       ]   Pre Heap Dump                       1 us
[2024-08-16T20:43:26.745+0800][7.964s][info ][gc,stats       ]   Prepare                          2638 us
[2024-08-16T20:43:26.745+0800][7.964s][info ][gc,stats       ]     Update Roots                    289 us, parallelism: 1.82x
[2024-08-16T20:43:26.745+0800][7.964s][info ][gc,stats       ]       FU: <total>                   526 us
[2024-08-16T20:43:26.745+0800][7.964s][info ][gc,stats       ]       FU: Thread Roots               47 us, workers (us):   1,  29,   1,  17,   0,   0,   0,   0, 
[2024-08-16T20:43:26.745+0800][7.964s][info ][gc,stats       ]       FU: Code Cache Roots          439 us, workers (us): 212,  15, 212,   0,   0,   0,   0,   0, 
[2024-08-16T20:43:26.745+0800][7.964s][info ][gc,stats       ]       FU: VM Strong Roots             3 us, workers (us):   2,   0,   0,   0,   0,   0,   0,   0, 
[2024-08-16T20:43:26.745+0800][7.964s][info ][gc,stats       ]       FU: VM Weak Roots              22 us, workers (us):  13,   7,   1,   0,   0,   0,   0,   0, 
[2024-08-16T20:43:26.745+0800][7.964s][info ][gc,stats       ]       FU: CLDG Roots                 15 us, workers (us):   1,  11,   1,   1,   0,   0,   0,   0, 
[2024-08-16T20:43:26.745+0800][7.964s][info ][gc,stats       ]   Mark                             1147 us, parallelism: 3.37x
[2024-08-16T20:43:26.745+0800][7.964s][info ][gc,stats       ]     FM: <total>                    3869 us
[2024-08-16T20:43:26.745+0800][7.964s][info ][gc,stats       ]     FM: Thread Roots                 29 us, workers (us):  23,   1,   1,   0,   1,   0,   1,   1, 
[2024-08-16T20:43:26.745+0800][7.964s][info ][gc,stats       ]     FM: VM Strong Roots               3 us, workers (us):   2,   0,   0,   0,   0,   0,   0,   0, 
[2024-08-16T20:43:26.745+0800][7.964s][info ][gc,stats       ]     FM: CLDG Roots                   29 us, workers (us):   0,  23,   1,   0,   1,   0,   1,   1, 
[2024-08-16T20:43:26.745+0800][7.964s][info ][gc,stats       ]     FM: Parallel Mark              3807 us, workers (us): 547, 453, 525, 474, 476, 481, 399, 453, 
[2024-08-16T20:43:26.745+0800][7.964s][info ][gc,stats       ]     System Purge                    481 us
[2024-08-16T20:43:26.745+0800][7.964s][info ][gc,stats       ]       Weak References               144 us, parallelism: 0.04x
[2024-08-16T20:43:26.745+0800][7.964s][info ][gc,stats       ]         WRP: <total>                  5 us
[2024-08-16T20:43:26.745+0800][7.964s][info ][gc,stats       ]         WRP: Weak References          5 us, workers (us):   2,   2,   0,   0,   0,   0,   0,   0, 
[2024-08-16T20:43:26.745+0800][7.964s][info ][gc,stats       ]       Unload Classes                222 us, parallelism: 2.40x
[2024-08-16T20:43:26.745+0800][7.964s][info ][gc,stats       ]         CU: <total>                 534 us
[2024-08-16T20:43:26.745+0800][7.964s][info ][gc,stats       ]         CU: Unload Code Caches      534 us, workers (us): 121, 107,  74,  73,  68,  42,  25,  24, 
[2024-08-16T20:43:26.745+0800][7.964s][info ][gc,stats       ]       Weak Roots                    114 us, parallelism: 0.23x
[2024-08-16T20:43:26.745+0800][7.964s][info ][gc,stats       ]         WR: <total>                  26 us
[2024-08-16T20:43:26.745+0800][7.964s][info ][gc,stats       ]         WR: VM Weak Roots            26 us, workers (us):  20,   1,   1,   0,   1,   1,   1,   1, 
[2024-08-16T20:43:26.745+0800][7.964s][info ][gc,stats       ]       CLDG                            0 us
[2024-08-16T20:43:26.745+0800][7.964s][info ][gc,stats       ]   Calculate Addresses              1815 us
[2024-08-16T20:43:26.745+0800][7.964s][info ][gc,stats       ]     Regular Objects                1770 us
[2024-08-16T20:43:26.745+0800][7.964s][info ][gc,stats       ]     Humongous Objects                11 us
[2024-08-16T20:43:26.745+0800][7.964s][info ][gc,stats       ]   Adjust Pointers                  1984 us
[2024-08-16T20:43:26.745+0800][7.964s][info ][gc,stats       ]     FA: <total>                     535 us
[2024-08-16T20:43:26.745+0800][7.964s][info ][gc,stats       ]     FA: Thread Roots                 29 us, workers (us):  13,   1,   0,  13,   1,   0,   0,   0, 
[2024-08-16T20:43:26.745+0800][7.964s][info ][gc,stats       ]     FA: Code Cache Roots            461 us, workers (us):  15, 220, 225,   0,   0,   0,   0,   0, 
[2024-08-16T20:43:26.745+0800][7.964s][info ][gc,stats       ]     FA: VM Strong Roots               3 us, workers (us):   2,   0,   0,   0,   0,   0,   0,   0, 
[2024-08-16T20:43:26.745+0800][7.964s][info ][gc,stats       ]     FA: VM Weak Roots                22 us, workers (us):  18,   2,   1,   0,   1,   0,   0,   0, 
[2024-08-16T20:43:26.745+0800][7.964s][info ][gc,stats       ]     FA: CLDG Roots                   20 us, workers (us):  13,   2,   1,   1,   1,   0,   0,   1, 
[2024-08-16T20:43:26.745+0800][7.964s][info ][gc,stats       ]   Copy Objects                    52010 us
[2024-08-16T20:43:26.745+0800][7.964s][info ][gc,stats       ]     Regular Objects               49397 us
[2024-08-16T20:43:26.745+0800][7.964s][info ][gc,stats       ]     Humongous Objects                14 us
[2024-08-16T20:43:26.745+0800][7.964s][info ][gc,stats       ]     Reset Complete Bitmap          2548 us
[2024-08-16T20:43:26.745+0800][7.964s][info ][gc,stats       ]     Rebuild Region Sets              50 us
[2024-08-16T20:43:26.745+0800][7.964s][info ][gc,stats       ]   Post Heap Dump                      1 us
[2024-08-16T20:43:26.745+0800][7.964s][info ][gc,stats       ] 
[2024-08-16T20:43:26.745+0800][7.964s][info ][gc,stats       ] Allocation pacing accrued:
[2024-08-16T20:43:26.745+0800][7.964s][info ][gc,stats       ]       0 of    74 ms (  0.0%): <total>
[2024-08-16T20:43:26.745+0800][7.964s][info ][gc,stats       ]       0 of    74 ms (  0.0%): <average total>
[2024-08-16T20:43:26.745+0800][7.964s][info ][gc,stats       ] 
[2024-08-16T20:43:26.745+0800][7.964s][info ][gc,metaspace   ] Metaspace: 824K(960K)->824K(960K) NonClass: 766K(832K)->766K(832K) Class: 58K(128K)->58K(128K)
[2024-08-16T20:43:26.745+0800][7.964s][info ][gc,ergo        ] Pacer for Idle. Initial: 83886K, Alloc Tax Rate: 1.0x
[2024-08-16T20:43:26.746+0800][7.966s][info ][gc             ] Trigger: Handle Allocation Failure
[2024-08-16T20:43:26.746+0800][7.966s][info ][gc,ergo        ] Free: 0B, Max: 0B regular, 0B humongous, Frag: 0% external, 0% internal; Reserve: 206M, Max: 2048K
[2024-08-16T20:43:26.746+0800][7.966s][info ][gc,start       ] GC(62) Pause Degenerated GC (Outside of Cycle)
[2024-08-16T20:43:26.746+0800][7.966s][info ][gc,task        ] GC(62) Using 8 of 8 workers for stw degenerated gc
[2024-08-16T20:43:26.746+0800][7.966s][info ][gc,ref         ] GC(62) Clearing All SoftReferences
[2024-08-16T20:43:26.747+0800][7.967s][info ][gc,ref         ] GC(62) Encountered references: Soft: 67, Weak: 189, Final: 0, Phantom: 1
[2024-08-16T20:43:26.747+0800][7.967s][info ][gc,ref         ] GC(62) Discovered  references: Soft: 47, Weak: 34, Final: 0, Phantom: 1
[2024-08-16T20:43:26.747+0800][7.967s][info ][gc,ref         ] GC(62) Enqueued    references: Soft: 0, Weak: 0, Final: 0, Phantom: 0
[2024-08-16T20:43:26.747+0800][7.967s][debug][gc,phases,start] GC(62) ClassLoaderData
[2024-08-16T20:43:26.747+0800][7.967s][debug][gc,phases      ] GC(62) ClassLoaderData 0.012ms
[2024-08-16T20:43:26.747+0800][7.967s][debug][gc,phases,start] GC(62) Trigger cleanups
[2024-08-16T20:43:26.747+0800][7.967s][debug][gc,phases      ] GC(62) Trigger cleanups 0.006ms
[2024-08-16T20:43:26.748+0800][7.967s][info ][gc,ergo        ] GC(62) Adaptive CSet Selection. Target Free: 580M, Actual Free: 206M, Max CSet: 170M, Min Garbage: 374M
[2024-08-16T20:43:26.748+0800][7.967s][info ][gc,ergo        ] GC(62) Collectable Garbage: 0B (0%), Immediate: 0B (0%), CSet: 0B (0%)
[2024-08-16T20:43:26.758+0800][7.977s][info ][gc             ] GC(62) Cancelling GC: Allocation Failure During Evacuation
[2024-08-16T20:43:26.759+0800][7.979s][info ][gc             ] GC(62) Cannot finish degeneration, upgrading to Full GC
[2024-08-16T20:43:26.762+0800][7.981s][info ][gc,phases,start] GC(62) Phase 1: Mark live objects
[2024-08-16T20:43:26.762+0800][7.981s][info ][gc,ref         ] GC(62) Clearing All SoftReferences
[2024-08-16T20:43:26.762+0800][7.981s][info ][gc,ref         ] GC(62) Clearing All SoftReferences
[2024-08-16T20:43:26.762+0800][7.982s][info ][gc,ref         ] GC(62) Encountered references: Soft: 67, Weak: 189, Final: 0, Phantom: 1
[2024-08-16T20:43:26.762+0800][7.982s][info ][gc,ref         ] GC(62) Discovered  references: Soft: 48, Weak: 2, Final: 0, Phantom: 1
[2024-08-16T20:43:26.762+0800][7.982s][info ][gc,ref         ] GC(62) Enqueued    references: Soft: 0, Weak: 0, Final: 0, Phantom: 0
[2024-08-16T20:43:26.763+0800][7.982s][debug][gc,phases,start] GC(62) ClassLoaderData
[2024-08-16T20:43:26.763+0800][7.982s][debug][gc,phases      ] GC(62) ClassLoaderData 0.021ms
[2024-08-16T20:43:26.763+0800][7.982s][debug][gc,phases,start] GC(62) Trigger cleanups
[2024-08-16T20:43:26.763+0800][7.982s][debug][gc,phases      ] GC(62) Trigger cleanups 0.005ms
[2024-08-16T20:43:26.763+0800][7.983s][info ][gc,phases      ] GC(62) Phase 1: Mark live objects 1.394ms
[2024-08-16T20:43:26.763+0800][7.983s][info ][gc,phases,start] GC(62) Phase 2: Compute new object addresses
[2024-08-16T20:43:26.765+0800][7.984s][info ][gc,phases      ] GC(62) Phase 2: Compute new object addresses 1.835ms
[2024-08-16T20:43:26.765+0800][7.984s][info ][gc,phases,start] GC(62) Phase 3: Adjust pointers
[2024-08-16T20:43:26.767+0800][7.987s][info ][gc,phases      ] GC(62) Phase 3: Adjust pointers 2.526ms
[2024-08-16T20:43:26.767+0800][7.987s][info ][gc,phases,start] GC(62) Phase 4: Move objects
[2024-08-16T20:43:26.821+0800][8.040s][info ][gc,phases      ] GC(62) Phase 4: Move objects 53.382ms
[2024-08-16T20:43:26.821+0800][8.041s][info ][gc,ergo        ] GC(62) Good progress for free space: 1944M, need 41943K
[2024-08-16T20:43:26.821+0800][8.041s][info ][gc,ergo        ] GC(62) Good progress for used space: 127M, need 2048K
[2024-08-16T20:43:26.821+0800][8.041s][info ][gc             ] GC(62) Pause Degenerated GC (Outside of Cycle) 1945M->1945M(4096M) 74.939ms
[2024-08-16T20:43:26.821+0800][8.041s][debug][gc,ergo        ] GC(62) Margin of error now 3.29
[2024-08-16T20:43:26.821+0800][8.041s][debug][gc,ergo        ] GC(62) Spike threshold now: 0.32
[2024-08-16T20:43:26.821+0800][8.041s][info ][gc,ergo        ] Free: 1944M, Max: 1023K regular, 0B humongous, Frag: 0% external, 50% internal; Reserve: 206M, Max: 2048K
[2024-08-16T20:43:26.821+0800][8.041s][info ][gc,stats       ] 
[2024-08-16T20:43:26.821+0800][8.041s][info ][gc,stats       ] All times are wall-clock times, except per-root-class counters, that are sum over
[2024-08-16T20:43:26.821+0800][8.041s][info ][gc,stats       ] all workers. Dividing the <total> over the root stage time estimates parallelism.
[2024-08-16T20:43:26.821+0800][8.041s][info ][gc,stats       ] 
[2024-08-16T20:43:26.821+0800][8.041s][info ][gc,stats       ] Pause Degenerated GC (G)          75045 us
[2024-08-16T20:43:26.821+0800][8.041s][info ][gc,stats       ] Pause Degenerated GC (N)          74969 us
[2024-08-16T20:43:26.821+0800][8.041s][info ][gc,stats       ]   Degen STW Mark                    605 us, parallelism: 5.88x
[2024-08-16T20:43:26.821+0800][8.041s][info ][gc,stats       ]     DSM: <total>                   3559 us
[2024-08-16T20:43:26.821+0800][8.041s][info ][gc,stats       ]     DSM: Thread Roots                63 us, workers (us):  29,  13,   2,   0,   1,  16,   1,   1, 
[2024-08-16T20:43:26.821+0800][8.041s][info ][gc,stats       ]     DSM: VM Strong Roots              4 us, workers (us):   1,   2,   0,   0,   0,   0,   0,   0, 
[2024-08-16T20:43:26.821+0800][8.041s][info ][gc,stats       ]     DSM: CLDG Roots                  31 us, workers (us):   0,   1,  25,   0,   1,   1,   1,   1, 
[2024-08-16T20:43:26.821+0800][8.041s][info ][gc,stats       ]     DSM: Parallel Mark             3462 us, workers (us): 464, 484, 468, 486, 433, 383, 365, 379, 
[2024-08-16T20:43:26.821+0800][8.041s][info ][gc,stats       ]     System Purge                    505 us
[2024-08-16T20:43:26.821+0800][8.041s][info ][gc,stats       ]       Weak References               130 us, parallelism: 0.04x
[2024-08-16T20:43:26.821+0800][8.041s][info ][gc,stats       ]         WRP: <total>                  5 us
[2024-08-16T20:43:26.821+0800][8.041s][info ][gc,stats       ]         WRP: Weak References          5 us, workers (us):   4,   0,   0,   0,   0,   0,   0,   0, 
[2024-08-16T20:43:26.821+0800][8.041s][info ][gc,stats       ]       Unload Classes                245 us, parallelism: 3.03x
[2024-08-16T20:43:26.821+0800][8.041s][info ][gc,stats       ]         DCU: <total>                743 us
[2024-08-16T20:43:26.821+0800][8.041s][info ][gc,stats       ]         DCU: Unload Code Caches      743 us, workers (us): 151, 138, 136, 119, 104,  95,   0,   0, 
[2024-08-16T20:43:26.821+0800][8.041s][info ][gc             ] Failed to allocate Shared, 1024K
[2024-08-16T20:43:26.821+0800][8.041s][info ][gc,stats       ]       Weak Roots                    128 us, parallelism: 0.19x
[2024-08-16T20:43:26.821+0800][8.041s][info ][gc,stats       ]         DWR: <total>                 25 us
[2024-08-16T20:43:26.821+0800][8.041s][info ][gc             ] Cancelling GC: Allocation Failure
[2024-08-16T20:43:26.821+0800][8.041s][info ][gc,stats       ]         DWR: VM Weak Roots           25 us, workers (us):  17,   4,   0,   1,   1,   1,   1,   1, 
[2024-08-16T20:43:26.821+0800][8.041s][info ][gc,stats       ]       CLDG                            1 us
[2024-08-16T20:43:26.821+0800][8.041s][info ][gc,stats       ]   Update Region States              104 us
[2024-08-16T20:43:26.821+0800][8.041s][info ][gc,stats       ]   Manage GC/TLABs                     1 us
[2024-08-16T20:43:26.821+0800][8.041s][info ][gc,stats       ]   Choose Collection Set              75 us
[2024-08-16T20:43:26.821+0800][8.041s][info ][gc,stats       ]   Rebuild Free Set                    6 us
[2024-08-16T20:43:26.821+0800][8.041s][info ][gc,stats       ]   Evacuation                      11199 us
[2024-08-16T20:43:26.821+0800][8.041s][info ][gc,stats       ]   Pre Heap Dump                       1 us
[2024-08-16T20:43:26.821+0800][8.041s][info ][gc,stats       ]   Prepare                          2548 us
[2024-08-16T20:43:26.821+0800][8.041s][info ][gc,stats       ]     Update Roots                    355 us, parallelism: 1.81x
[2024-08-16T20:43:26.821+0800][8.041s][info ][gc,stats       ]       FU: <total>                   641 us
[2024-08-16T20:43:26.821+0800][8.041s][info ][gc,stats       ]       FU: Thread Roots               43 us, workers (us):  42,   1,   0,   0,   0,   0,   0,   0, 
[2024-08-16T20:43:26.821+0800][8.041s][info ][gc,stats       ]       FU: Code Cache Roots          552 us, workers (us):  44, 239, 268,   0,   0,   0,   0,   0, 
[2024-08-16T20:43:26.821+0800][8.041s][info ][gc,stats       ]       FU: VM Strong Roots             3 us, workers (us):   3,   0,   0,   0,   0,   0,   0,   0, 
[2024-08-16T20:43:26.821+0800][8.041s][info ][gc,stats       ]       FU: VM Weak Roots              23 us, workers (us):  21,   1,   1,   0,   0,   0,   0,   0, 
[2024-08-16T20:43:26.821+0800][8.041s][info ][gc,stats       ]       FU: CLDG Roots                 19 us, workers (us):  16,   1,   1,   0,   0,   0,   0,   0, 
[2024-08-16T20:43:26.821+0800][8.041s][info ][gc,stats       ]   Mark                             1353 us, parallelism: 3.45x
[2024-08-16T20:43:26.821+0800][8.041s][info ][gc,stats       ]     FM: <total>                    4670 us
[2024-08-16T20:43:26.821+0800][8.041s][info ][gc,stats       ]     FM: Thread Roots                 22 us, workers (us):  11,   5,   1,   1,   1,   1,   1,   1, 
[2024-08-16T20:43:26.821+0800][8.041s][info ][gc,stats       ]     FM: VM Strong Roots               3 us, workers (us):   0,   2,   0,   0,   0,   0,   0,   0, 
[2024-08-16T20:43:26.821+0800][8.041s][info ][gc,stats       ]     FM: CLDG Roots                   26 us, workers (us):  20,   0,   1,   1,   1,   1,   1,   1, 
[2024-08-16T20:43:26.821+0800][8.041s][info ][gc,stats       ]     FM: Parallel Mark              4618 us, workers (us): 612, 668, 620, 543, 597, 577, 496, 505, 
[2024-08-16T20:43:26.821+0800][8.041s][info ][gc,stats       ]     System Purge                    581 us
[2024-08-16T20:43:26.821+0800][8.041s][info ][gc,stats       ]       Weak References               148 us, parallelism: 0.03x
[2024-08-16T20:43:26.821+0800][8.041s][info ][gc,stats       ]         WRP: <total>                  4 us
[2024-08-16T20:43:26.821+0800][8.041s][info ][gc,stats       ]         WRP: Weak References          4 us, workers (us):   3,   0,   0,   0,   0,   0,   0,   0, 
[2024-08-16T20:43:26.821+0800][8.041s][info ][gc,stats       ]       Unload Classes                270 us, parallelism: 2.11x
[2024-08-16T20:43:26.821+0800][8.041s][info ][gc,stats       ]         CU: <total>                 571 us
[2024-08-16T20:43:26.821+0800][8.041s][info ][gc,stats       ]         CU: Unload Code Caches      571 us, workers (us): 154, 148,  62,  57,  49,  42,  36,  23, 
[2024-08-16T20:43:26.822+0800][8.041s][info ][gc,stats       ]       Weak Roots                    160 us, parallelism: 0.19x
[2024-08-16T20:43:26.822+0800][8.041s][info ][gc,stats       ]         WR: <total>                  30 us
[2024-08-16T20:43:26.822+0800][8.041s][info ][gc,stats       ]         WR: VM Weak Roots            30 us, workers (us):  15,   9,   1,   1,   1,   1,   2,   1, 
[2024-08-16T20:43:26.822+0800][8.041s][info ][gc,stats       ]       CLDG                            1 us
[2024-08-16T20:43:26.822+0800][8.041s][info ][gc,stats       ]   Calculate Addresses              1821 us
[2024-08-16T20:43:26.822+0800][8.041s][info ][gc,stats       ]     Regular Objects                1791 us
[2024-08-16T20:43:26.822+0800][8.041s][info ][gc,stats       ]     Humongous Objects                 8 us
[2024-08-16T20:43:26.822+0800][8.041s][info ][gc,stats       ]   Adjust Pointers                  2520 us
[2024-08-16T20:43:26.822+0800][8.041s][info ][gc,stats       ]     FA: <total>                     475 us
[2024-08-16T20:43:26.822+0800][8.041s][info ][gc,stats       ]     FA: Thread Roots                 19 us, workers (us):   1,   0,   9,   9,   0,   0,   0,   0, 
[2024-08-16T20:43:26.822+0800][8.041s][info ][gc,stats       ]     FA: Code Cache Roots            421 us, workers (us): 227, 168,  25,   0,   0,   0,   0,   0, 
[2024-08-16T20:43:26.822+0800][8.041s][info ][gc,stats       ]     FA: VM Strong Roots               3 us, workers (us):   2,   0,   0,   0,   0,   0,   0,   0, 
[2024-08-16T20:43:26.822+0800][8.041s][info ][gc,stats       ]     FA: VM Weak Roots                19 us, workers (us):  10,   7,   0,   0,   0,   0,   0,   0, 
[2024-08-16T20:43:26.822+0800][8.041s][info ][gc,stats       ]     FA: CLDG Roots                   14 us, workers (us):   9,   1,   1,   1,   0,   0,   0,   0, 
[2024-08-16T20:43:26.822+0800][8.041s][info ][gc,stats       ]   Copy Objects                    53375 us
[2024-08-16T20:43:26.822+0800][8.041s][info ][gc,stats       ]     Regular Objects               51032 us
[2024-08-16T20:43:26.822+0800][8.041s][info ][gc,stats       ]     Humongous Objects                19 us
[2024-08-16T20:43:26.822+0800][8.041s][info ][gc,stats       ]     Reset Complete Bitmap          2274 us
[2024-08-16T20:43:26.822+0800][8.041s][info ][gc,stats       ]     Rebuild Region Sets              48 us
[2024-08-16T20:43:26.822+0800][8.041s][info ][gc,stats       ]   Post Heap Dump                      1 us
[2024-08-16T20:43:26.822+0800][8.041s][info ][gc,stats       ] 
[2024-08-16T20:43:26.822+0800][8.041s][info ][gc,stats       ] Allocation pacing accrued:
[2024-08-16T20:43:26.822+0800][8.041s][info ][gc,stats       ]       0 of    77 ms (  0.0%): <total>
[2024-08-16T20:43:26.822+0800][8.041s][info ][gc,stats       ]       0 of    77 ms (  0.0%): <average total>
[2024-08-16T20:43:26.822+0800][8.041s][info ][gc,stats       ] 
[2024-08-16T20:43:26.822+0800][8.041s][info ][gc,metaspace   ] Metaspace: 824K(960K)->824K(960K) NonClass: 766K(832K)->766K(832K) Class: 58K(128K)->58K(128K)
[2024-08-16T20:43:26.822+0800][8.041s][info ][gc,ergo        ] Pacer for Idle. Initial: 83886K, Alloc Tax Rate: 1.0x
[2024-08-16T20:43:26.823+0800][8.042s][info ][gc             ] Trigger: Handle Allocation Failure
[2024-08-16T20:43:26.823+0800][8.042s][info ][gc,ergo        ] Free: 0B, Max: 0B regular, 0B humongous, Frag: 0% external, 0% internal; Reserve: 206M, Max: 2048K
[2024-08-16T20:43:26.823+0800][8.042s][info ][gc,start       ] GC(63) Pause Degenerated GC (Outside of Cycle)
[2024-08-16T20:43:26.823+0800][8.042s][info ][gc,task        ] GC(63) Using 8 of 8 workers for stw degenerated gc
[2024-08-16T20:43:26.823+0800][8.043s][info ][gc,ref         ] GC(63) Clearing All SoftReferences
[2024-08-16T20:43:26.824+0800][8.044s][info ][gc,ref         ] GC(63) Encountered references: Soft: 67, Weak: 189, Final: 0, Phantom: 1
[2024-08-16T20:43:26.824+0800][8.044s][info ][gc,ref         ] GC(63) Discovered  references: Soft: 46, Weak: 2, Final: 0, Phantom: 1
[2024-08-16T20:43:26.824+0800][8.044s][info ][gc,ref         ] GC(63) Enqueued    references: Soft: 0, Weak: 0, Final: 0, Phantom: 0
[2024-08-16T20:43:26.824+0800][8.044s][debug][gc,phases,start] GC(63) ClassLoaderData
[2024-08-16T20:43:26.824+0800][8.044s][debug][gc,phases      ] GC(63) ClassLoaderData 0.011ms
[2024-08-16T20:43:26.824+0800][8.044s][debug][gc,phases,start] GC(63) Trigger cleanups
[2024-08-16T20:43:26.824+0800][8.044s][debug][gc,phases      ] GC(63) Trigger cleanups 0.004ms
[2024-08-16T20:43:26.824+0800][8.044s][info ][gc,ergo        ] GC(63) Adaptive CSet Selection. Target Free: 580M, Actual Free: 206M, Max CSet: 170M, Min Garbage: 374M
[2024-08-16T20:43:26.824+0800][8.044s][info ][gc,ergo        ] GC(63) Collectable Garbage: 0B (0%), Immediate: 0B (0%), CSet: 0B (0%)
[2024-08-16T20:43:26.834+0800][8.054s][info ][gc             ] GC(63) Cancelling GC: Allocation Failure During Evacuation
[2024-08-16T20:43:26.836+0800][8.055s][info ][gc             ] GC(63) Cannot finish degeneration, upgrading to Full GC
[2024-08-16T20:43:26.838+0800][8.058s][info ][gc,phases,start] GC(63) Phase 1: Mark live objects
[2024-08-16T20:43:26.838+0800][8.058s][info ][gc,ref         ] GC(63) Clearing All SoftReferences
[2024-08-16T20:43:26.838+0800][8.058s][info ][gc,ref         ] GC(63) Clearing All SoftReferences
[2024-08-16T20:43:26.839+0800][8.059s][info ][gc,ref         ] GC(63) Encountered references: Soft: 67, Weak: 189, Final: 0, Phantom: 1
[2024-08-16T20:43:26.839+0800][8.059s][info ][gc,ref         ] GC(63) Discovered  references: Soft: 48, Weak: 0, Final: 0, Phantom: 1
[2024-08-16T20:43:26.839+0800][8.059s][info ][gc,ref         ] GC(63) Enqueued    references: Soft: 0, Weak: 0, Final: 0, Phantom: 0
[2024-08-16T20:43:26.839+0800][8.059s][debug][gc,phases,start] GC(63) ClassLoaderData
[2024-08-16T20:43:26.839+0800][8.059s][debug][gc,phases      ] GC(63) ClassLoaderData 0.010ms
[2024-08-16T20:43:26.839+0800][8.059s][debug][gc,phases,start] GC(63) Trigger cleanups
[2024-08-16T20:43:26.839+0800][8.059s][debug][gc,phases      ] GC(63) Trigger cleanups 0.004ms
[2024-08-16T20:43:26.839+0800][8.059s][info ][gc,phases      ] GC(63) Phase 1: Mark live objects 1.056ms
[2024-08-16T20:43:26.839+0800][8.059s][info ][gc,phases,start] GC(63) Phase 2: Compute new object addresses
[2024-08-16T20:43:26.841+0800][8.061s][info ][gc,phases      ] GC(63) Phase 2: Compute new object addresses 1.743ms
[2024-08-16T20:43:26.841+0800][8.061s][info ][gc,phases,start] GC(63) Phase 3: Adjust pointers
[2024-08-16T20:43:26.843+0800][8.063s][info ][gc,phases      ] GC(63) Phase 3: Adjust pointers 2.061ms
[2024-08-16T20:43:26.843+0800][8.063s][info ][gc,phases,start] GC(63) Phase 4: Move objects
[2024-08-16T20:43:26.895+0800][8.115s][info ][gc,phases      ] GC(63) Phase 4: Move objects 52.109ms
[2024-08-16T20:43:26.896+0800][8.115s][info ][gc,ergo        ] GC(63) Good progress for free space: 1944M, need 41943K
[2024-08-16T20:43:26.896+0800][8.115s][info ][gc,ergo        ] GC(63) Good progress for used space: 126M, need 2048K
[2024-08-16T20:43:26.896+0800][8.115s][info ][gc             ] GC(63) Pause Degenerated GC (Outside of Cycle) 1945M->1945M(4096M) 72.917ms
[2024-08-16T20:43:26.896+0800][8.115s][debug][gc,ergo        ] GC(63) Margin of error now 3.29
[2024-08-16T20:43:26.896+0800][8.116s][debug][gc,ergo        ] GC(63) Spike threshold now: 0.32
[2024-08-16T20:43:26.896+0800][8.116s][info ][gc,ergo        ] Free: 1944M, Max: 1023K regular, 0B humongous, Frag: 0% external, 50% internal; Reserve: 206M, Max: 2048K
[2024-08-16T20:43:26.896+0800][8.116s][info ][gc,stats       ] 
[2024-08-16T20:43:26.896+0800][8.116s][info ][gc,stats       ] All times are wall-clock times, except per-root-class counters, that are sum over
[2024-08-16T20:43:26.896+0800][8.116s][info ][gc,stats       ] all workers. Dividing the <total> over the root stage time estimates parallelism.
[2024-08-16T20:43:26.896+0800][8.116s][info ][gc,stats       ] 
[2024-08-16T20:43:26.896+0800][8.116s][info ][gc,stats       ] Pause Degenerated GC (G)          73061 us
[2024-08-16T20:43:26.896+0800][8.116s][info ][gc,stats       ] Pause Degenerated GC (N)          72951 us
[2024-08-16T20:43:26.896+0800][8.116s][info ][gc,stats       ]   Degen STW Mark                    623 us, parallelism: 5.74x
[2024-08-16T20:43:26.896+0800][8.116s][info ][gc,stats       ]     DSM: <total>                   3574 us
[2024-08-16T20:43:26.896+0800][8.116s][info ][gc,stats       ]     DSM: Thread Roots                65 us, workers (us):  24,  19,  17,   1,   1,   1,   1,   1, 
[2024-08-16T20:43:26.896+0800][8.116s][info ][gc             ] Failed to allocate Shared, 1024K
[2024-08-16T20:43:26.896+0800][8.116s][info ][gc,stats       ]     DSM: VM Strong Roots              5 us, workers (us):   0,   4,   0,   0,   0,   0,   0,   0, 
[2024-08-16T20:43:26.896+0800][8.116s][info ][gc,stats       ]     DSM: CLDG Roots                  50 us, workers (us):  44,   1,   1,   1,   1,   1,   1,   1, 
[2024-08-16T20:43:26.896+0800][8.116s][info ][gc             ] Cancelling GC: Allocation Failure
[2024-08-16T20:43:26.896+0800][8.116s][info ][gc,stats       ]     DSM: Parallel Mark             3453 us, workers (us): 433, 442, 482, 444, 409, 376, 454, 413, 
[2024-08-16T20:43:26.896+0800][8.116s][info ][gc,stats       ]     System Purge                    501 us
[2024-08-16T20:43:26.896+0800][8.116s][info ][gc,stats       ]       Weak References               139 us, parallelism: 0.03x
[2024-08-16T20:43:26.896+0800][8.116s][info ][gc,stats       ]         WRP: <total>                  4 us
[2024-08-16T20:43:26.896+0800][8.116s][info ][gc,stats       ]         WRP: Weak References          4 us, workers (us):   3,   0,   0,   0,   0,   0,   0,   0, 
[2024-08-16T20:43:26.896+0800][8.116s][info ][gc,stats       ]       Unload Classes                224 us, parallelism: 3.20x
[2024-08-16T20:43:26.896+0800][8.116s][info ][gc,stats       ]         DCU: <total>                718 us
[2024-08-16T20:43:26.896+0800][8.116s][info ][gc,stats       ]         DCU: Unload Code Caches      718 us, workers (us): 143, 118, 102, 104, 100,  81,  45,  26, 
[2024-08-16T20:43:26.896+0800][8.116s][info ][gc,stats       ]       Weak Roots                    136 us, parallelism: 0.20x
[2024-08-16T20:43:26.896+0800][8.116s][info ][gc,stats       ]         DWR: <total>                 27 us
[2024-08-16T20:43:26.896+0800][8.116s][info ][gc,stats       ]         DWR: VM Weak Roots           27 us, workers (us):  17,   6,   1,   1,   1,   1,   1,   1, 
[2024-08-16T20:43:26.896+0800][8.116s][info ][gc,stats       ]       CLDG                            1 us
[2024-08-16T20:43:26.896+0800][8.116s][info ][gc,stats       ]   Update Region States              115 us
[2024-08-16T20:43:26.896+0800][8.116s][info ][gc,stats       ]   Manage GC/TLABs                     2 us
[2024-08-16T20:43:26.896+0800][8.116s][info ][gc,stats       ]   Choose Collection Set             112 us
[2024-08-16T20:43:26.896+0800][8.116s][info ][gc,stats       ]   Rebuild Free Set                    9 us
[2024-08-16T20:43:26.896+0800][8.116s][info ][gc,stats       ]   Evacuation                      10963 us
[2024-08-16T20:43:26.896+0800][8.116s][info ][gc,stats       ]   Pre Heap Dump                       1 us
[2024-08-16T20:43:26.896+0800][8.116s][info ][gc,stats       ]   Prepare                          2625 us
[2024-08-16T20:43:26.896+0800][8.116s][info ][gc,stats       ]     Update Roots                    270 us, parallelism: 1.68x
[2024-08-16T20:43:26.896+0800][8.116s][info ][gc,stats       ]       FU: <total>                   453 us
[2024-08-16T20:43:26.896+0800][8.116s][info ][gc,stats       ]       FU: Thread Roots               30 us, workers (us):  13,   1,   0,  16,   0,   0,   0,   0, 
[2024-08-16T20:43:26.896+0800][8.116s][info ][gc,stats       ]       FU: Code Cache Roots          383 us, workers (us):  16, 185, 182,   0,   0,   0,   0,   0, 
[2024-08-16T20:43:26.896+0800][8.116s][info ][gc,stats       ]       FU: VM Strong Roots             2 us, workers (us):   1,   0,   0,   0,   0,   0,   0,   0, 
[2024-08-16T20:43:26.896+0800][8.116s][info ][gc,stats       ]       FU: VM Weak Roots              23 us, workers (us):  18,   3,   1,   0,   0,   0,   0,   0, 
[2024-08-16T20:43:26.896+0800][8.116s][info ][gc,stats       ]       FU: CLDG Roots                 15 us, workers (us):  11,   2,   1,   0,   0,   0,   0,   0, 
[2024-08-16T20:43:26.896+0800][8.116s][info ][gc,stats       ]   Mark                             1031 us, parallelism: 3.57x
[2024-08-16T20:43:26.896+0800][8.116s][info ][gc,stats       ]     FM: <total>                    3685 us
[2024-08-16T20:43:26.896+0800][8.116s][info ][gc,stats       ]     FM: Thread Roots                 33 us, workers (us):  16,  12,   1,   1,   1,   1,   0,   1, 
[2024-08-16T20:43:26.896+0800][8.116s][info ][gc,stats       ]     FM: VM Strong Roots               3 us, workers (us):   0,   1,   1,   0,   0,   0,   0,   0, 
[2024-08-16T20:43:26.896+0800][8.116s][info ][gc,stats       ]     FM: CLDG Roots                   29 us, workers (us):  23,   1,   1,   1,   0,   1,   0,   1, 
[2024-08-16T20:43:26.896+0800][8.116s][info ][gc,stats       ]     FM: Parallel Mark              3619 us, workers (us): 426, 496, 509, 463, 439, 460, 440, 386, 
[2024-08-16T20:43:26.896+0800][8.116s][info ][gc,stats       ]     System Purge                    415 us
[2024-08-16T20:43:26.896+0800][8.116s][info ][gc,stats       ]       Weak References               122 us, parallelism: 0.03x
[2024-08-16T20:43:26.896+0800][8.116s][info ][gc,stats       ]         WRP: <total>                  4 us
[2024-08-16T20:43:26.896+0800][8.116s][info ][gc,stats       ]         WRP: Weak References          4 us, workers (us):   3,   0,   0,   0,   0,   0,   0,   0, 
[2024-08-16T20:43:26.896+0800][8.116s][info ][gc,stats       ]       Unload Classes                196 us, parallelism: 2.47x
[2024-08-16T20:43:26.896+0800][8.116s][info ][gc,stats       ]         CU: <total>                 485 us
[2024-08-16T20:43:26.896+0800][8.116s][info ][gc,stats       ]         CU: Unload Code Caches      485 us, workers (us): 111,  92,  72,  70,  50,  47,  29,  14, 
[2024-08-16T20:43:26.896+0800][8.116s][info ][gc,stats       ]       Weak Roots                     95 us, parallelism: 0.30x
[2024-08-16T20:43:26.896+0800][8.116s][info ][gc,stats       ]         WR: <total>                  29 us
[2024-08-16T20:43:26.896+0800][8.116s][info ][gc,stats       ]         WR: VM Weak Roots            29 us, workers (us):  18,   5,   1,   1,   1,   1,   1,   1, 
[2024-08-16T20:43:26.896+0800][8.116s][info ][gc,stats       ]       CLDG                            1 us
[2024-08-16T20:43:26.896+0800][8.116s][info ][gc,stats       ]   Calculate Addresses              1737 us
[2024-08-16T20:43:26.896+0800][8.116s][info ][gc,stats       ]     Regular Objects                1708 us
[2024-08-16T20:43:26.896+0800][8.116s][info ][gc,stats       ]     Humongous Objects                 9 us
[2024-08-16T20:43:26.896+0800][8.116s][info ][gc,stats       ]   Adjust Pointers                  2055 us
[2024-08-16T20:43:26.896+0800][8.116s][info ][gc,stats       ]     FA: <total>                     431 us
[2024-08-16T20:43:26.896+0800][8.116s][info ][gc,stats       ]     FA: Thread Roots                 23 us, workers (us):   0,   0,  14,   7,   1,   0,   0,   1, 
[2024-08-16T20:43:26.896+0800][8.116s][info ][gc,stats       ]     FA: Code Cache Roots            362 us, workers (us): 142, 206,   0,  13,   0,   0,   0,   0, 
[2024-08-16T20:43:26.896+0800][8.116s][info ][gc,stats       ]     FA: VM Strong Roots               3 us, workers (us):   2,   0,   0,   0,   0,   0,   0,   0, 
[2024-08-16T20:43:26.896+0800][8.116s][info ][gc,stats       ]     FA: VM Weak Roots                25 us, workers (us):  15,   6,   1,   0,   1,   0,   0,   0, 
[2024-08-16T20:43:26.896+0800][8.116s][info ][gc,stats       ]     FA: CLDG Roots                   18 us, workers (us):   2,   1,  12,   0,   1,   0,   0,   1, 
[2024-08-16T20:43:26.896+0800][8.116s][info ][gc,stats       ]   Copy Objects                    52103 us
[2024-08-16T20:43:26.896+0800][8.116s][info ][gc,stats       ]     Regular Objects               49509 us
[2024-08-16T20:43:26.896+0800][8.116s][info ][gc,stats       ]     Humongous Objects                14 us
[2024-08-16T20:43:26.897+0800][8.116s][info ][gc,stats       ]     Reset Complete Bitmap          2502 us
[2024-08-16T20:43:26.897+0800][8.116s][info ][gc,stats       ]     Rebuild Region Sets              76 us
[2024-08-16T20:43:26.897+0800][8.116s][info ][gc,stats       ]   Post Heap Dump                      1 us
[2024-08-16T20:43:26.897+0800][8.116s][info ][gc,stats       ] 
[2024-08-16T20:43:26.897+0800][8.116s][info ][gc,stats       ] Allocation pacing accrued:
[2024-08-16T20:43:26.897+0800][8.116s][info ][gc,stats       ]       0 of    75 ms (  0.0%): <total>
[2024-08-16T20:43:26.897+0800][8.116s][info ][gc,stats       ]       0 of    75 ms (  0.0%): <average total>
[2024-08-16T20:43:26.897+0800][8.116s][info ][gc,stats       ] 
[2024-08-16T20:43:26.897+0800][8.116s][info ][gc,metaspace   ] Metaspace: 824K(960K)->824K(960K) NonClass: 766K(832K)->766K(832K) Class: 58K(128K)->58K(128K)
[2024-08-16T20:43:26.897+0800][8.116s][info ][gc,ergo        ] Pacer for Idle. Initial: 83886K, Alloc Tax Rate: 1.0x
[2024-08-16T20:43:26.898+0800][8.117s][info ][gc             ] Trigger: Handle Allocation Failure
[2024-08-16T20:43:26.898+0800][8.117s][info ][gc,ergo        ] Free: 0B, Max: 0B regular, 0B humongous, Frag: 0% external, 0% internal; Reserve: 206M, Max: 2048K
[2024-08-16T20:43:26.898+0800][8.117s][info ][gc,start       ] GC(64) Pause Full
[2024-08-16T20:43:26.898+0800][8.117s][info ][gc,task        ] GC(64) Using 8 of 8 workers for full gc
[2024-08-16T20:43:26.898+0800][8.118s][info ][gc,phases,start] GC(64) Phase 1: Mark live objects
[2024-08-16T20:43:26.898+0800][8.118s][info ][gc,ref         ] GC(64) Clearing All SoftReferences
[2024-08-16T20:43:26.898+0800][8.118s][info ][gc,ref         ] GC(64) Clearing All SoftReferences
[2024-08-16T20:43:26.899+0800][8.119s][info ][gc,ref         ] GC(64) Encountered references: Soft: 67, Weak: 189, Final: 0, Phantom: 1
[2024-08-16T20:43:26.899+0800][8.119s][info ][gc,ref         ] GC(64) Discovered  references: Soft: 49, Weak: 62, Final: 0, Phantom: 1
[2024-08-16T20:43:26.899+0800][8.119s][info ][gc,ref         ] GC(64) Enqueued    references: Soft: 0, Weak: 0, Final: 0, Phantom: 0
[2024-08-16T20:43:26.899+0800][8.119s][debug][gc,phases,start] GC(64) ClassLoaderData
[2024-08-16T20:43:26.899+0800][8.119s][debug][gc,phases      ] GC(64) ClassLoaderData 0.033ms
[2024-08-16T20:43:26.899+0800][8.119s][debug][gc,phases,start] GC(64) Trigger cleanups
[2024-08-16T20:43:26.899+0800][8.119s][debug][gc,phases      ] GC(64) Trigger cleanups 0.013ms
[2024-08-16T20:43:26.900+0800][8.119s][info ][gc,phases      ] GC(64) Phase 1: Mark live objects 1.737ms
[2024-08-16T20:43:26.900+0800][8.119s][info ][gc,phases,start] GC(64) Phase 2: Compute new object addresses
[2024-08-16T20:43:26.902+0800][8.121s][info ][gc,phases      ] GC(64) Phase 2: Compute new object addresses 2.001ms
[2024-08-16T20:43:26.902+0800][8.121s][info ][gc,phases,start] GC(64) Phase 3: Adjust pointers
[2024-08-16T20:43:26.904+0800][8.124s][info ][gc,phases      ] GC(64) Phase 3: Adjust pointers 2.105ms
[2024-08-16T20:43:26.904+0800][8.124s][info ][gc,phases,start] GC(64) Phase 4: Move objects
[2024-08-16T20:43:26.909+0800][8.129s][info ][gc,phases      ] GC(64) Phase 4: Move objects 5.204ms
[2024-08-16T20:43:26.909+0800][8.129s][info ][gc,ergo        ] GC(64) Good progress for free space: 1944M, need 41943K
[2024-08-16T20:43:26.909+0800][8.129s][info ][gc,ergo        ] GC(64) Bad progress for used space: 0B, need 2048K
[2024-08-16T20:43:26.909+0800][8.129s][info ][gc,ergo        ] GC(64) Bad progress for internal fragmentation: -50.0%, need 1.0%
[2024-08-16T20:43:26.909+0800][8.129s][info ][gc,ergo        ] GC(64) Bad progress for external fragmentation: 0.0%, need 1.0%
[2024-08-16T20:43:26.909+0800][8.129s][info ][gc             ] GC(64) Pause Full 1945M->1945M(4096M) 11.646ms
[2024-08-16T20:43:26.910+0800][8.129s][debug][gc,ergo        ] GC(64) Margin of error now 3.29
[2024-08-16T20:43:26.910+0800][8.129s][debug][gc,ergo        ] GC(64) Spike threshold now: 0.32
[2024-08-16T20:43:26.910+0800][8.129s][info ][gc,ergo        ] Free: 1944M, Max: 1023K regular, 0B humongous, Frag: 0% external, 50% internal; Reserve: 206M, Max: 2048K
[2024-08-16T20:43:26.910+0800][8.129s][info ][gc,stats       ] 
[2024-08-16T20:43:26.910+0800][8.129s][info ][gc,stats       ] All times are wall-clock times, except per-root-class counters, that are sum over
[2024-08-16T20:43:26.910+0800][8.129s][info ][gc,stats       ] all workers. Dividing the <total> over the root stage time estimates parallelism.
[2024-08-16T20:43:26.910+0800][8.129s][info ][gc,stats       ] 
[2024-08-16T20:43:26.910+0800][8.129s][info ][gc,stats       ] Pause Full GC (G)                 11799 us
[2024-08-16T20:43:26.910+0800][8.129s][info ][gc,stats       ] Pause Full GC (N)                 11702 us
[2024-08-16T20:43:26.910+0800][8.129s][info ][gc,stats       ]   Pre Heap Dump                       0 us
[2024-08-16T20:43:26.910+0800][8.129s][info ][gc,stats       ]   Prepare                           159 us
[2024-08-16T20:43:26.910+0800][8.129s][info ][gc,stats       ]   Mark                             1723 us, parallelism: 1.99x
[2024-08-16T20:43:26.910+0800][8.129s][info ][gc,stats       ]     FM: <total>                    3420 us
[2024-08-16T20:43:26.910+0800][8.129s][info ][gc,stats       ]     FM: Thread Roots                 50 us, workers (us):  29,  14,   1,   0,   2,   1,   1,   1, 
[2024-08-16T20:43:26.910+0800][8.129s][info ][gc,stats       ]     FM: VM Strong Roots               6 us, workers (us):   0,   0,   4,   0,   1,   0,   0,   0, 
[2024-08-16T20:43:26.910+0800][8.129s][info ][gc,stats       ]     FM: CLDG Roots                   32 us, workers (us):   1,  24,   1,   0,   2,   1,   1,   1, 
[2024-08-16T20:43:26.910+0800][8.129s][info ][gc,stats       ]     FM: Parallel Mark              3333 us, workers (us): 458, 404, 472, 479, 412, 382, 355, 370, 
[2024-08-16T20:43:26.910+0800][8.129s][info ][gc,stats       ]     System Purge                   1068 us
[2024-08-16T20:43:26.910+0800][8.129s][info ][gc,stats       ]       Weak References               393 us, parallelism: 0.03x
[2024-08-16T20:43:26.910+0800][8.129s][info ][gc,stats       ]         WRP: <total>                 10 us
[2024-08-16T20:43:26.910+0800][8.129s][info ][gc,stats       ]         WRP: Weak References         10 us, workers (us):   6,   0,   3,   0,   0,   0,   0,   0, 
[2024-08-16T20:43:26.910+0800][8.129s][info ][gc,stats       ]       Unload Classes                383 us, parallelism: 1.73x
[2024-08-16T20:43:26.910+0800][8.129s][info ][gc,stats       ]         CU: <total>                 662 us
[2024-08-16T20:43:26.910+0800][8.129s][info ][gc,stats       ]         CU: Unload Code Caches      662 us, workers (us): 198, 188, 118,  93,  44,  22,   0,   0, 
[2024-08-16T20:43:26.910+0800][8.129s][info ][gc             ] Failed to allocate TLAB, 24816B
[2024-08-16T20:43:26.910+0800][8.129s][info ][gc,stats       ]       Weak Roots                    288 us, parallelism: 0.11x
[2024-08-16T20:43:26.910+0800][8.129s][info ][gc,stats       ]         WR: <total>                  31 us
[2024-08-16T20:43:26.910+0800][8.130s][info ][gc,stats       ]         WR: VM Weak Roots            31 us, workers (us):  22,   1,   3,   1,   1,   0,   3,   1, 
[2024-08-16T20:43:26.910+0800][8.130s][info ][gc,stats       ]       CLDG                            1 us
[2024-08-16T20:43:26.910+0800][8.130s][info ][gc,stats       ]   Calculate Addresses              1986 us
[2024-08-16T20:43:26.910+0800][8.130s][info ][gc,stats       ]     Regular Objects                1940 us
[2024-08-16T20:43:26.910+0800][8.130s][info ][gc,stats       ]     Humongous Objects                 8 us
[2024-08-16T20:43:26.910+0800][8.130s][info ][gc,stats       ]   Adjust Pointers                  2100 us
[2024-08-16T20:43:26.910+0800][8.130s][info ][gc,stats       ]     FA: <total>                     415 us
[2024-08-16T20:43:26.910+0800][8.130s][info ][gc,stats       ]     FA: Thread Roots                 31 us, workers (us):  11,   1,   0,  16,   3,   0,   0,   0, 
[2024-08-16T20:43:26.910+0800][8.130s][info ][gc,stats       ]     FA: Code Cache Roots            338 us, workers (us):  15, 148, 175,   0,   0,   0,   0,   0, 
[2024-08-16T20:43:26.910+0800][8.130s][info ][gc,stats       ]     FA: VM Strong Roots               3 us, workers (us):   2,   0,   0,   0,   0,   0,   0,   0, 
[2024-08-16T20:43:26.910+0800][8.130s][info ][gc,stats       ]     FA: VM Weak Roots                23 us, workers (us):  18,   3,   1,   0,   1,   0,   0,   0, 
[2024-08-16T20:43:26.910+0800][8.130s][info ][gc,stats       ]     FA: CLDG Roots                   19 us, workers (us):  14,   2,   1,   0,   1,   0,   0,   0, 
[2024-08-16T20:43:26.910+0800][8.130s][info ][gc,stats       ]   Copy Objects                     5200 us
[2024-08-16T20:43:26.910+0800][8.130s][info ][gc,stats       ]     Regular Objects                2005 us
[2024-08-16T20:43:26.910+0800][8.130s][info ][gc,stats       ]     Humongous Objects                10 us
[2024-08-16T20:43:26.910+0800][8.130s][info ][gc,stats       ]     Reset Complete Bitmap          3143 us
[2024-08-16T20:43:26.910+0800][8.130s][info ][gc,stats       ]     Rebuild Region Sets              40 us
[2024-08-16T20:43:26.910+0800][8.130s][info ][gc,stats       ]   Post Heap Dump                      1 us
[2024-08-16T20:43:26.910+0800][8.130s][info ][gc,stats       ] 
[2024-08-16T20:43:26.910+0800][8.130s][info ][gc,stats       ] Allocation pacing accrued:
[2024-08-16T20:43:26.910+0800][8.129s][info ][gc             ] Cancelling GC: Allocation Failure
[2024-08-16T20:43:26.910+0800][8.130s][info ][gc,stats       ]       0 of    14 ms (  0.0%): <total>
[2024-08-16T20:43:26.910+0800][8.130s][info ][gc,stats       ]       0 of    14 ms (  0.0%): <average total>
[2024-08-16T20:43:26.910+0800][8.130s][info ][gc,stats       ] 
[2024-08-16T20:43:26.910+0800][8.130s][info ][gc,metaspace   ] Metaspace: 824K(960K)->824K(960K) NonClass: 766K(832K)->766K(832K) Class: 58K(128K)->58K(128K)
[2024-08-16T20:43:26.910+0800][8.130s][info ][gc,ergo        ] Pacer for Idle. Initial: 83886K, Alloc Tax Rate: 1.0x
[2024-08-16T20:43:26.911+0800][8.131s][info ][gc             ] Trigger: Handle Allocation Failure
[2024-08-16T20:43:26.912+0800][8.131s][info ][gc,ergo        ] Free: 0B, Max: 0B regular, 0B humongous, Frag: 0% external, 0% internal; Reserve: 206M, Max: 2048K
[2024-08-16T20:43:26.912+0800][8.131s][info ][gc,start       ] GC(65) Pause Degenerated GC (Outside of Cycle)
[2024-08-16T20:43:26.912+0800][8.131s][info ][gc,task        ] GC(65) Using 8 of 8 workers for stw degenerated gc
[2024-08-16T20:43:26.912+0800][8.132s][info ][gc,ref         ] GC(65) Clearing All SoftReferences
[2024-08-16T20:43:26.913+0800][8.133s][info ][gc,ref         ] GC(65) Encountered references: Soft: 67, Weak: 189, Final: 0, Phantom: 1
[2024-08-16T20:43:26.913+0800][8.133s][info ][gc,ref         ] GC(65) Discovered  references: Soft: 45, Weak: 136, Final: 0, Phantom: 1
[2024-08-16T20:43:26.913+0800][8.133s][info ][gc,ref         ] GC(65) Enqueued    references: Soft: 0, Weak: 0, Final: 0, Phantom: 0
[2024-08-16T20:43:26.913+0800][8.133s][debug][gc,phases,start] GC(65) ClassLoaderData
[2024-08-16T20:43:26.913+0800][8.133s][debug][gc,phases      ] GC(65) ClassLoaderData 0.013ms
[2024-08-16T20:43:26.913+0800][8.133s][debug][gc,phases,start] GC(65) Trigger cleanups
[2024-08-16T20:43:26.913+0800][8.133s][debug][gc,phases      ] GC(65) Trigger cleanups 0.005ms
[2024-08-16T20:43:26.914+0800][8.133s][info ][gc,ergo        ] GC(65) Adaptive CSet Selection. Target Free: 580M, Actual Free: 206M, Max CSet: 170M, Min Garbage: 374M
[2024-08-16T20:43:26.914+0800][8.133s][info ][gc,ergo        ] GC(65) Collectable Garbage: 1440B (100%), Immediate: 0B (0%), CSet: 1440B (100%)
[2024-08-16T20:43:26.924+0800][8.143s][info ][gc             ] GC(65) Cancelling GC: Allocation Failure During Evacuation
[2024-08-16T20:43:26.925+0800][8.145s][info ][gc             ] GC(65) Cannot finish degeneration, upgrading to Full GC
[2024-08-16T20:43:26.928+0800][8.148s][info ][gc,phases,start] GC(65) Phase 1: Mark live objects
[2024-08-16T20:43:26.928+0800][8.148s][info ][gc,ref         ] GC(65) Clearing All SoftReferences
[2024-08-16T20:43:26.928+0800][8.148s][info ][gc,ref         ] GC(65) Clearing All SoftReferences
[2024-08-16T20:43:26.929+0800][8.149s][info ][gc,ref         ] GC(65) Encountered references: Soft: 67, Weak: 189, Final: 0, Phantom: 1
[2024-08-16T20:43:26.929+0800][8.149s][info ][gc,ref         ] GC(65) Discovered  references: Soft: 43, Weak: 0, Final: 0, Phantom: 1
[2024-08-16T20:43:26.929+0800][8.149s][info ][gc,ref         ] GC(65) Enqueued    references: Soft: 0, Weak: 0, Final: 0, Phantom: 0
[2024-08-16T20:43:26.929+0800][8.149s][debug][gc,phases,start] GC(65) ClassLoaderData
[2024-08-16T20:43:26.929+0800][8.149s][debug][gc,phases      ] GC(65) ClassLoaderData 0.010ms
[2024-08-16T20:43:26.929+0800][8.149s][debug][gc,phases,start] GC(65) Trigger cleanups
[2024-08-16T20:43:26.929+0800][8.149s][debug][gc,phases      ] GC(65) Trigger cleanups 0.004ms
[2024-08-16T20:43:26.929+0800][8.149s][info ][gc,phases      ] GC(65) Phase 1: Mark live objects 1.196ms
[2024-08-16T20:43:26.929+0800][8.149s][info ][gc,phases,start] GC(65) Phase 2: Compute new object addresses
[2024-08-16T20:43:26.931+0800][8.151s][info ][gc,phases      ] GC(65) Phase 2: Compute new object addresses 1.826ms
[2024-08-16T20:43:26.931+0800][8.151s][info ][gc,phases,start] GC(65) Phase 3: Adjust pointers
[2024-08-16T20:43:26.933+0800][8.153s][info ][gc,phases      ] GC(65) Phase 3: Adjust pointers 1.926ms
[2024-08-16T20:43:26.933+0800][8.153s][info ][gc,phases,start] GC(65) Phase 4: Move objects
[2024-08-16T20:43:26.988+0800][8.208s][info ][gc,phases      ] GC(65) Phase 4: Move objects 54.892ms
[2024-08-16T20:43:26.988+0800][8.208s][info ][gc,ergo        ] GC(65) Good progress for free space: 1944M, need 41943K
[2024-08-16T20:43:26.988+0800][8.208s][info ][gc,ergo        ] GC(65) Good progress for used space: 134M, need 2048K
[2024-08-16T20:43:26.988+0800][8.208s][info ][gc             ] GC(65) Pause Degenerated GC (Outside of Cycle) 1945M->1945M(4096M) 76.539ms
[2024-08-16T20:43:26.988+0800][8.208s][debug][gc,ergo        ] GC(65) Margin of error now 3.29
[2024-08-16T20:43:26.988+0800][8.208s][debug][gc,ergo        ] GC(65) Spike threshold now: 0.32
[2024-08-16T20:43:26.988+0800][8.208s][info ][gc,ergo        ] Free: 1944M, Max: 1023K regular, 0B humongous, Frag: 0% external, 50% internal; Reserve: 206M, Max: 2048K
[2024-08-16T20:43:26.988+0800][8.208s][info ][gc,stats       ] 
[2024-08-16T20:43:26.988+0800][8.208s][info ][gc,stats       ] All times are wall-clock times, except per-root-class counters, that are sum over
[2024-08-16T20:43:26.988+0800][8.208s][info ][gc,stats       ] all workers. Dividing the <total> over the root stage time estimates parallelism.
[2024-08-16T20:43:26.988+0800][8.208s][info ][gc,stats       ] 
[2024-08-16T20:43:26.988+0800][8.208s][info ][gc,stats       ] Pause Degenerated GC (G)          76687 us
[2024-08-16T20:43:26.988+0800][8.208s][info ][gc,stats       ] Pause Degenerated GC (N)          76576 us
[2024-08-16T20:43:26.988+0800][8.208s][info ][gc,stats       ]   Degen STW Mark                    840 us, parallelism: 5.17x
[2024-08-16T20:43:26.988+0800][8.208s][info ][gc,stats       ]     DSM: <total>                   4344 us
[2024-08-16T20:43:26.988+0800][8.208s][info ][gc,stats       ]     DSM: Thread Roots               161 us, workers (us):  82,  41,  32,   1,   1,   1,   1,   1, 
[2024-08-16T20:43:26.988+0800][8.208s][info ][gc,stats       ]     DSM: VM Strong Roots              5 us, workers (us):   0,   0,   3,   0,   0,   0,   0,   0, 
[2024-08-16T20:43:26.988+0800][8.208s][info ][gc,stats       ]     DSM: CLDG Roots                  33 us, workers (us):   1,  25,   1,   1,   1,   1,   1,   2, 
[2024-08-16T20:43:26.988+0800][8.208s][info ][gc,stats       ]     DSM: Parallel Mark             4145 us, workers (us): 607, 581, 652, 595, 512, 537, 369, 292, 
[2024-08-16T20:43:26.988+0800][8.208s][info ][gc,stats       ]     System Purge                    564 us
[2024-08-16T20:43:26.988+0800][8.208s][info ][gc,stats       ]       Weak References               137 us, parallelism: 0.06x
[2024-08-16T20:43:26.988+0800][8.208s][info ][gc,stats       ]         WRP: <total>                  9 us
[2024-08-16T20:43:26.988+0800][8.208s][info ][gc,stats       ]         WRP: Weak References          9 us, workers (us):   8,   0,   0,   0,   0,   0,   0,   0, 
[2024-08-16T20:43:26.988+0800][8.208s][info ][gc,stats       ]       Unload Classes                312 us, parallelism: 2.30x
[2024-08-16T20:43:26.988+0800][8.208s][info ][gc,stats       ]         DCU: <total>                717 us
[2024-08-16T20:43:26.988+0800][8.208s][info ][gc,stats       ]         DCU: Unload Code Caches      717 us, workers (us): 150, 136, 155, 107,  73,  54,  40,   3, 
[2024-08-16T20:43:26.988+0800][8.208s][info ][gc,stats       ]       Weak Roots                    111 us, parallelism: 0.27x
[2024-08-16T20:43:26.988+0800][8.208s][info ][gc,stats       ]         DWR: <total>                 30 us
[2024-08-16T20:43:26.988+0800][8.208s][info ][gc,stats       ]         DWR: VM Weak Roots           30 us, workers (us):  23,   1,   0,   0,   1,   3,   2,   1, 
[2024-08-16T20:43:26.988+0800][8.208s][info ][gc,stats       ]       CLDG                            2 us
[2024-08-16T20:43:26.988+0800][8.208s][info ][gc,stats       ]   Update Region States              246 us
[2024-08-16T20:43:26.988+0800][8.208s][info ][gc,stats       ]   Manage GC/TLABs                     2 us
[2024-08-16T20:43:26.988+0800][8.208s][info ][gc,stats       ]   Choose Collection Set             235 us
[2024-08-16T20:43:26.988+0800][8.208s][info ][gc,stats       ]   Rebuild Free Set                   18 us
[2024-08-16T20:43:26.988+0800][8.208s][info ][gc,stats       ]   Evacuation                      11045 us
[2024-08-16T20:43:26.988+0800][8.208s][info ][gc,stats       ]   Pre Heap Dump                       1 us
[2024-08-16T20:43:26.988+0800][8.208s][info ][gc,stats       ]   Prepare                          2770 us
[2024-08-16T20:43:26.988+0800][8.208s][info ][gc,stats       ]     Update Roots                    299 us, parallelism: 1.76x
[2024-08-16T20:43:26.988+0800][8.208s][info ][gc,stats       ]       FU: <total>                   526 us
[2024-08-16T20:43:26.988+0800][8.208s][info ][gc,stats       ]       FU: Thread Roots               65 us, workers (us):   1,   0,  38,  23,   2,   0,   0,   0, 
[2024-08-16T20:43:26.988+0800][8.208s][info ][gc,stats       ]       FU: Code Cache Roots          418 us, workers (us): 214, 187,  15,   0,   0,   0,   0,   0, 
[2024-08-16T20:43:26.988+0800][8.208s][info ][gc,stats       ]       FU: VM Strong Roots             3 us, workers (us):   1,   0,   0,   1,   0,   0,   0,   0, 
[2024-08-16T20:43:26.988+0800][8.208s][info ][gc,stats       ]       FU: VM Weak Roots              24 us, workers (us):  20,   1,   0,   1,   1,   0,   0,   0, 
[2024-08-16T20:43:26.988+0800][8.208s][info ][gc,stats       ]       FU: CLDG Roots                 16 us, workers (us):  11,   1,   0,   2,   1,   0,   0,   0, 
[2024-08-16T20:43:26.988+0800][8.208s][info ][gc,stats       ]   Mark                             1169 us, parallelism: 3.75x
[2024-08-16T20:43:26.988+0800][8.208s][info ][gc,stats       ]     FM: <total>                    4379 us
[2024-08-16T20:43:26.989+0800][8.208s][info ][gc,stats       ]     FM: Thread Roots                 37 us, workers (us):  26,   3,   1,   1,   0,   0,   5,   1, 
[2024-08-16T20:43:26.989+0800][8.208s][info ][gc,stats       ]     FM: VM Strong Roots              22 us, workers (us):  21,   0,   0,   0,   0,   0,   0,   0, 
[2024-08-16T20:43:26.989+0800][8.208s][info ][gc,stats       ]     FM: CLDG Roots                   57 us, workers (us):   1,  41,   1,   1,   0,   0,  12,   1, 
[2024-08-16T20:43:26.989+0800][8.208s][info ][gc,stats       ]     FM: Parallel Mark              4263 us, workers (us): 606, 535, 578, 537, 497, 552, 494, 464, 
[2024-08-16T20:43:26.989+0800][8.208s][info ][gc,stats       ]     System Purge                    430 us
[2024-08-16T20:43:26.989+0800][8.208s][info ][gc,stats       ]       Weak References               116 us, parallelism: 0.03x
[2024-08-16T20:43:26.989+0800][8.208s][info ][gc,stats       ]         WRP: <total>                  4 us
[2024-08-16T20:43:26.989+0800][8.208s][info ][gc,stats       ]         WRP: Weak References          4 us, workers (us):   3,   0,   0,   0,   0,   0,   0,   0, 
[2024-08-16T20:43:26.989+0800][8.208s][info ][gc,stats       ]       Unload Classes                220 us, parallelism: 2.90x
[2024-08-16T20:43:26.989+0800][8.208s][info ][gc,stats       ]         CU: <total>                 637 us
[2024-08-16T20:43:26.989+0800][8.208s][info ][gc,stats       ]         CU: Unload Code Caches      637 us, workers (us): 136, 132, 123, 112,  59,  40,  36,   0, 
[2024-08-16T20:43:26.989+0800][8.208s][info ][gc,stats       ]       Weak Roots                     92 us, parallelism: 0.35x
[2024-08-16T20:43:26.989+0800][8.208s][info ][gc,stats       ]         WR: <total>                  32 us
[2024-08-16T20:43:26.989+0800][8.208s][info ][gc,stats       ]         WR: VM Weak Roots            32 us, workers (us):  17,  10,   1,   1,   1,   0,   1,   1, 
[2024-08-16T20:43:26.989+0800][8.208s][info ][gc,stats       ]       CLDG                            0 us
[2024-08-16T20:43:26.989+0800][8.208s][info ][gc,stats       ]   Calculate Addresses              1819 us
[2024-08-16T20:43:26.989+0800][8.208s][info ][gc,stats       ]     Regular Objects                1791 us
[2024-08-16T20:43:26.989+0800][8.208s][info ][gc,stats       ]     Humongous Objects                 8 us
[2024-08-16T20:43:26.989+0800][8.208s][info ][gc,stats       ]   Adjust Pointers                  1921 us
[2024-08-16T20:43:26.989+0800][8.208s][info ][gc,stats       ]     FA: <total>                     442 us
[2024-08-16T20:43:26.989+0800][8.208s][info ][gc,stats       ]     FA: Thread Roots                 37 us, workers (us):   1,   0,   2,  19,  11,   4,   0,   0, 
[2024-08-16T20:43:26.989+0800][8.208s][info ][gc,stats       ]     FA: Code Cache Roots            361 us, workers (us): 202, 136,  22,   0,   0,   0,   0,   0, 
[2024-08-16T20:43:26.989+0800][8.208s][info ][gc,stats       ]     FA: VM Strong Roots               3 us, workers (us):   2,   0,   0,   0,   0,   0,   0,   0, 
[2024-08-16T20:43:26.989+0800][8.208s][info ][gc,stats       ]     FA: VM Weak Roots                22 us, workers (us):  12,   7,   1,   0,   1,   0,   0,   0, 
[2024-08-16T20:43:26.989+0800][8.208s][info ][gc,stats       ]     FA: CLDG Roots                   19 us, workers (us):  13,   2,   2,   1,   1,   0,   0,   0, 
[2024-08-16T20:43:26.989+0800][8.208s][info ][gc,stats       ]   Copy Objects                    54887 us
[2024-08-16T20:43:26.989+0800][8.208s][info ][gc,stats       ]     Regular Objects               52433 us
[2024-08-16T20:43:26.989+0800][8.208s][info ][gc,stats       ]     Humongous Objects                16 us
[2024-08-16T20:43:26.989+0800][8.208s][info ][gc,stats       ]     Reset Complete Bitmap          2388 us
[2024-08-16T20:43:26.989+0800][8.208s][info ][gc,stats       ]     Rebuild Region Sets              50 us
[2024-08-16T20:43:26.989+0800][8.208s][info ][gc,stats       ]   Post Heap Dump                      1 us
[2024-08-16T20:43:26.989+0800][8.208s][info ][gc,stats       ] 
[2024-08-16T20:43:26.989+0800][8.208s][info ][gc,stats       ] Allocation pacing accrued:
[2024-08-16T20:43:26.989+0800][8.208s][info ][gc,stats       ]       0 of    78 ms (  0.0%): <total>
[2024-08-16T20:43:26.989+0800][8.208s][info ][gc,stats       ]       0 of    78 ms (  0.0%): <average total>
[2024-08-16T20:43:26.989+0800][8.208s][info ][gc,stats       ] 
[2024-08-16T20:43:26.989+0800][8.208s][info ][gc,metaspace   ] Metaspace: 824K(960K)->824K(960K) NonClass: 766K(832K)->766K(832K) Class: 58K(128K)->58K(128K)
[2024-08-16T20:43:26.989+0800][8.208s][info ][gc,ergo        ] Pacer for Idle. Initial: 83886K, Alloc Tax Rate: 1.0x
[2024-08-16T20:43:26.989+0800][8.209s][debug][gc,nmethod     ] Register NMethod: java.lang.invoke.MethodHandle.linkToStatic [0x00007f5c50befd10] ()
[2024-08-16T20:43:26.989+0800][8.209s][debug][gc,nmethod     ] Register NMethod: java.lang.invoke.MethodHandle.invokeBasic [0x00007f5c50bf0010] ()
[2024-08-16T20:43:26.989+0800][8.209s][debug][gc,nmethod     ] Register NMethod: java.lang.invoke.MethodHandle.linkToSpecial [0x00007f5c50bf0590] ()
[2024-08-16T20:43:26.990+0800][8.209s][debug][gc,nmethod     ] Register NMethod: java.lang.invoke.MethodType.insertParameterTypes [0x00007f5c490c4d90] (c1)
[2024-08-16T20:43:26.990+0800][8.209s][info ][gc             ] Trigger: Average GC time (37.13 ms) is above the time for average allocation rate (16970 MB/s) to deplete free headroom (0B) (margin of error = 3.29)
[2024-08-16T20:43:26.990+0800][8.209s][info ][gc,ergo        ] Free headroom: 1944M (free) - 204M (spike) - 4095M (penalties) = 0B
[2024-08-16T20:43:26.990+0800][8.209s][info ][gc,ergo        ] Free: 1944M, Max: 1023K regular, 0B humongous, Frag: 0% external, 50% internal; Reserve: 206M, Max: 2048K
[2024-08-16T20:43:26.990+0800][8.209s][info ][gc,start       ] GC(66) Concurrent reset
[2024-08-16T20:43:26.990+0800][8.210s][info ][gc,task        ] GC(66) Using 4 of 8 workers for concurrent reset
[2024-08-16T20:43:26.990+0800][8.210s][info ][gc,ergo        ] GC(66) Pacer for Reset. Non-Taxable: 4096M
[2024-08-16T20:43:26.990+0800][8.210s][debug][gc,nmethod     ] Register NMethod: java.lang.invoke.LambdaForm$Name.isParam [0x00007f5c490c6590] (c1)
[2024-08-16T20:43:26.990+0800][8.210s][debug][gc,nmethod     ] Register NMethod: jdk.internal.org.objectweb.asm.Frame.pop [0x00007f5c490c6990] (c1)
[2024-08-16T20:43:26.990+0800][8.210s][debug][gc,nmethod     ] Register NMethod: java.lang.invoke.MethodHandle.invokeBasic [0x00007f5c50bf0890] ()
[2024-08-16T20:43:26.990+0800][8.210s][info ][gc             ] GC(66) Concurrent reset 0.238ms
[2024-08-16T20:43:26.990+0800][8.210s][info ][gc,start       ] GC(66) Pause Init Mark (unload classes)
[2024-08-16T20:43:26.990+0800][8.210s][info ][gc,task        ] GC(66) Using 8 of 8 workers for init marking
[2024-08-16T20:43:26.990+0800][8.210s][info ][gc,ergo        ] GC(66) Pacer for Mark. Expected Live: 8153M, Free: 1944M, Non-Taxable: 194M, Alloc Tax Rate: 5.1x
[2024-08-16T20:43:26.990+0800][8.210s][info ][gc             ] GC(66) Pause Init Mark (unload classes) 0.146ms
[2024-08-16T20:43:26.991+0800][8.210s][info ][gc,start       ] GC(66) Concurrent marking roots
[2024-08-16T20:43:26.991+0800][8.210s][info ][gc,task        ] GC(66) Using 4 of 8 workers for concurrent marking roots
[2024-08-16T20:43:26.991+0800][8.210s][debug][gc,tlab        ] GC(66) TLAB totals: thrds: 1  refills: 2 max: 2 slow allocs: 0 max 0 waste: 24.4% gc: 10960B max: 10960B slow: 616B max: 616B
[2024-08-16T20:43:26.991+0800][8.210s][debug][gc,nmethod     ] Register NMethod: java.lang.invoke.MethodHandle.linkToSpecial [0x00007f5c50bf0e10] ()
[2024-08-16T20:43:26.991+0800][8.210s][debug][gc,nmethod     ] Register NMethod: java.lang.invoke.MemberName.flagsMods [0x00007f5c490c6d90] (c1)
[2024-08-16T20:43:26.991+0800][8.211s][debug][gc,nmethod     ] Register NMethod: java.lang.invoke.MemberName.init [0x00007f5c490c7110] (c1)
[2024-08-16T20:43:26.991+0800][8.211s][info ][gc             ] GC(66) Concurrent marking roots 0.586ms
[2024-08-16T20:43:26.991+0800][8.211s][info ][gc,start       ] GC(66) Concurrent marking (unload classes)
[2024-08-16T20:43:26.991+0800][8.211s][info ][gc,task        ] GC(66) Using 4 of 8 workers for concurrent marking
[2024-08-16T20:43:26.991+0800][8.211s][debug][gc,nmethod     ] Register NMethod: java.lang.invoke.LambdaForm.forceInterpretation [0x00007f5c490c7590] (c1)
[2024-08-16T20:43:26.992+0800][8.212s][debug][gc,nmethod     ] Register NMethod: java.lang.invoke.MethodHandleNatives.resolve [0x00007f5c50bf1110] ()
[2024-08-16T20:43:26.992+0800][8.212s][debug][gc,nmethod     ] Register NMethod: java.lang.invoke.MethodHandle.linkToStatic [0x00007f5c50bf1910] ()
[2024-08-16T20:43:26.992+0800][8.212s][debug][gc,nmethod     ] Register NMethod: java.lang.StringLatin1.charAt [0x00007f5c50bf1c10] (c2)
[2024-08-16T20:43:26.992+0800][8.212s][debug][gc,nmethod     ] Register NMethod: java.lang.invoke.MethodHandle.invokeBasic [0x00007f5c50bf1f10] ()
[2024-08-16T20:43:26.992+0800][8.212s][info ][gc             ] GC(66) Concurrent marking (unload classes) 1.042ms
[2024-08-16T20:43:26.992+0800][8.212s][debug][gc,nmethod     ] Register NMethod: java.lang.invoke.MethodHandle.linkToSpecial [0x00007f5c50bf2490] ()
[2024-08-16T20:43:26.993+0800][8.212s][info ][gc,start       ] GC(66) Pause Final Mark (unload classes)
[2024-08-16T20:43:26.993+0800][8.212s][info ][gc,task        ] GC(66) Using 8 of 8 workers for final marking
[2024-08-16T20:43:26.993+0800][8.213s][info ][gc,ergo        ] GC(66) Adaptive CSet Selection. Target Free: 580M, Actual Free: 206M, Max CSet: 170M, Min Garbage: 374M
[2024-08-16T20:43:26.993+0800][8.213s][info ][gc,ergo        ] GC(66) Collectable Garbage: 41384B (100%), Immediate: 0B (0%), CSet: 41384B (100%)
[2024-08-16T20:43:26.993+0800][8.213s][info ][gc,ergo        ] GC(66) Pacer for Evacuation. Used CSet: 170M, Free: 1774M, Non-Taxable: 177M, Alloc Tax Rate: 1.1x
[2024-08-16T20:43:26.993+0800][8.213s][info ][gc             ] GC(66) Pause Final Mark (unload classes) 0.659ms
[2024-08-16T20:43:26.993+0800][8.213s][info ][gc,start       ] GC(66) Concurrent thread roots
[2024-08-16T20:43:26.993+0800][8.213s][info ][gc,task        ] GC(66) Using 4 of 8 workers for Concurrent thread roots
[2024-08-16T20:43:26.993+0800][8.213s][debug][gc,nmethod     ] Register NMethod: java.lang.invoke.MemberName$Factory.resolve [0x00007f5c490c7910] (c1)
[2024-08-16T20:43:26.994+0800][8.213s][debug][gc,nmethod     ] Register NMethod: java.lang.invoke.MethodTypeForm.basicType [0x00007f5c50bf2790] (c1)
[2024-08-16T20:43:26.994+0800][8.213s][info ][gc             ] GC(66) Concurrent thread roots 0.537ms
[2024-08-16T20:43:26.994+0800][8.214s][info ][gc,start       ] GC(66) Concurrent weak references
[2024-08-16T20:43:26.994+0800][8.214s][info ][gc,task        ] GC(66) Using 4 of 8 workers for concurrent weak references
[2024-08-16T20:43:26.994+0800][8.214s][info ][gc,ref         ] GC(66) Encountered references: Soft: 73, Weak: 209, Final: 0, Phantom: 1
[2024-08-16T20:43:26.994+0800][8.214s][info ][gc,ref         ] GC(66) Discovered  references: Soft: 0, Weak: 55, Final: 0, Phantom: 1
[2024-08-16T20:43:26.994+0800][8.214s][info ][gc,ref         ] GC(66) Enqueued    references: Soft: 0, Weak: 1, Final: 0, Phantom: 0
[2024-08-16T20:43:26.994+0800][8.214s][info ][gc             ] GC(66) Concurrent weak references 0.141ms
[2024-08-16T20:43:26.994+0800][8.214s][info ][gc,start       ] GC(66) Concurrent weak roots
[2024-08-16T20:43:26.994+0800][8.214s][info ][gc,task        ] GC(66) Using 4 of 8 workers for concurrent weak root
[2024-08-16T20:43:26.994+0800][8.214s][info ][gc             ] GC(66) Concurrent weak roots 0.346ms
[2024-08-16T20:43:26.994+0800][8.214s][info ][gc,start       ] GC(66) Concurrent cleanup
[2024-08-16T20:43:26.995+0800][8.214s][info ][gc             ] GC(66) Concurrent cleanup 1945M->1945M(4096M) 0.097ms
[2024-08-16T20:43:26.995+0800][8.214s][info ][gc,ergo        ] GC(66) Free: 1774M, Max: 1023K regular, 0B humongous, Frag: 0% external, 50% internal; Reserve: 205M, Max: 2048K
[2024-08-16T20:43:26.995+0800][8.214s][info ][gc,start       ] GC(66) Concurrent class unloading
[2024-08-16T20:43:26.995+0800][8.214s][info ][gc,task        ] GC(66) Using 4 of 8 workers for concurrent class unloading
[2024-08-16T20:43:26.995+0800][8.214s][debug][gc,phases,start] GC(66) ClassLoaderData
[2024-08-16T20:43:26.995+0800][8.214s][debug][gc,phases      ] GC(66) ClassLoaderData 0.009ms
[2024-08-16T20:43:26.995+0800][8.214s][debug][gc,phases,start] GC(66) Trigger cleanups
[2024-08-16T20:43:26.995+0800][8.214s][debug][gc,phases      ] GC(66) Trigger cleanups 0.006ms
[2024-08-16T20:43:26.995+0800][8.215s][info ][gc             ] GC(66) Concurrent class unloading 0.456ms
[2024-08-16T20:43:26.995+0800][8.215s][info ][gc,start       ] GC(66) Concurrent strong roots
[2024-08-16T20:43:26.995+0800][8.215s][info ][gc,task        ] GC(66) Using 4 of 8 workers for concurrent strong root
[2024-08-16T20:43:26.995+0800][8.215s][info ][gc             ] GC(66) Concurrent strong roots 0.074ms
[2024-08-16T20:43:26.995+0800][8.215s][info ][gc,start       ] GC(66) Concurrent evacuation
[2024-08-16T20:43:26.995+0800][8.215s][info ][gc,task        ] GC(66) Using 4 of 8 workers for concurrent evacuation
[2024-08-16T20:43:26.995+0800][8.215s][debug][gc,nmethod     ] Register NMethod: java.lang.invoke.InvokerBytecodeGenerator.emitImplicitConversion [0x00007f5c490c8590] (c1)
[2024-08-16T20:43:26.996+0800][8.216s][debug][gc,nmethod     ] Register NMethod: java.util.ImmutableCollections$ListN.size [0x00007f5c490c9d90] (c1)
[2024-08-16T20:43:26.996+0800][8.216s][debug][gc,nmethod     ] Register NMethod: java.lang.invoke.MethodHandle.invokeBasic [0x00007f5c50bf2a90] ()
[2024-08-16T20:43:26.997+0800][8.216s][debug][gc,nmethod     ] Register NMethod: java.lang.invoke.MethodHandle.linkToSpecial [0x00007f5c50bf3010] ()
[2024-08-16T20:43:26.998+0800][8.217s][debug][gc,nmethod     ] Register NMethod: java.lang.String.indexOf [0x00007f5c490ca190] (c1)
[2024-08-16T20:43:26.999+0800][8.219s][debug][gc,nmethod     ] Register NMethod: java.lang.invoke.MethodHandle.invokeBasic [0x00007f5c50bf3310] ()
[2024-08-16T20:43:26.999+0800][8.219s][debug][gc,nmethod     ] Register NMethod: java.lang.invoke.MethodHandle.linkToSpecial [0x00007f5c50bf3890] ()
[2024-08-16T20:43:26.999+0800][8.219s][debug][gc,nmethod     ] Register NMethod: jdk.internal.org.objectweb.asm.Frame.getAbstractTypeFromDescriptor [0x00007f5c490ca890] (c1)
[2024-08-16T20:43:27.000+0800][8.219s][debug][gc,nmethod     ] Register NMethod: jdk.internal.org.objectweb.asm.ByteVector.putInt [0x00007f5c490cd390] (c1)
[2024-08-16T20:43:27.001+0800][8.220s][debug][gc,nmethod     ] Register NMethod: java.lang.CharacterDataLatin1.getProperties [0x00007f5c490cda10] (c1)
[2024-08-16T20:43:27.001+0800][8.221s][debug][gc,nmethod     ] Register NMethod: java.lang.CharacterDataLatin1.toLowerCase [0x00007f5c490cde10] (c1)
[2024-08-16T20:43:27.002+0800][8.222s][debug][gc,nmethod     ] Register NMethod: java.lang.invoke.InvokerBytecodeGenerator.emitPushArgument [0x00007f5c490ce310] (c1)
[2024-08-16T20:43:27.003+0800][8.222s][debug][gc,nmethod     ] Register NMethod: java.lang.invoke.InvokerBytecodeGenerator.emitLoadInsn [0x00007f5c490cfc10] (c1)
[2024-08-16T20:43:27.003+0800][8.223s][debug][gc,nmethod     ] Register NMethod: java.lang.invoke.InvokerBytecodeGenerator.loadInsnOpcode [0x00007f5c490d0210] (c1)
[2024-08-16T20:43:27.004+0800][8.223s][debug][gc,nmethod     ] Register NMethod: jdk.internal.org.objectweb.asm.SymbolTable.addConstantMemberReference [0x00007f5c490d1310] (c1)
[2024-08-16T20:43:27.005+0800][8.224s][info ][gc             ] GC(66) Failed to allocate 1024K for evacuation
[2024-08-16T20:43:27.005+0800][8.224s][info ][gc             ] GC(66) Cancelling GC: Allocation Failure During Evacuation
[2024-08-16T20:43:27.005+0800][8.225s][debug][gc,nmethod     ] Register NMethod: jdk.internal.org.objectweb.asm.Type.getArgumentsAndReturnSizes [0x00007f5c490d2610] (c1)
[2024-08-16T20:43:27.005+0800][8.225s][debug][gc,nmethod     ] Register NMethod: java.lang.invoke.LambdaForm.uncustomize [0x00007f5c490d5690] (c1)
[2024-08-16T20:43:27.006+0800][8.225s][debug][gc,nmethod     ] Register NMethod: jdk.internal.org.objectweb.asm.ByteVector.put11 [0x00007f5c490d5d10] (c1)
[2024-08-16T20:43:27.006+0800][8.225s][debug][gc,nmethod     ] Register NMethod: jdk.internal.org.objectweb.asm.SymbolTable.hash [0x00007f5c490d6310] (c1)
[2024-08-16T20:43:27.006+0800][8.225s][info ][gc             ] GC(66) Concurrent evacuation 10.619ms
[2024-08-16T20:43:27.006+0800][8.225s][info ][gc,ergo        ] Free: 1773M, Max: 1023K regular, 0B humongous, Frag: 0% external, 50% internal; Reserve: 0B, Max: 0B
[2024-08-16T20:43:27.006+0800][8.225s][info ][gc,stats       ] 
[2024-08-16T20:43:27.006+0800][8.225s][info ][gc,stats       ] All times are wall-clock times, except per-root-class counters, that are sum over
[2024-08-16T20:43:27.006+0800][8.225s][info ][gc,stats       ] all workers. Dividing the <total> over the root stage time estimates parallelism.
[2024-08-16T20:43:27.006+0800][8.225s][info ][gc,stats       ] 
[2024-08-16T20:43:27.006+0800][8.225s][info ][gc,stats       ] Concurrent Reset                    270 us
[2024-08-16T20:43:27.006+0800][8.226s][info ][gc,stats       ] Pause Init Mark (G)                 430 us
[2024-08-16T20:43:27.006+0800][8.226s][info ][gc,stats       ] Pause Init Mark (N)                 187 us
[2024-08-16T20:43:27.006+0800][8.226s][info ][gc,stats       ]   Update Region States              105 us
[2024-08-16T20:43:27.006+0800][8.226s][info ][gc,stats       ] Concurrent Mark Roots               631 us, parallelism: 0.80x
[2024-08-16T20:43:27.006+0800][8.226s][info ][gc,stats       ]   CMR: <total>                      502 us
[2024-08-16T20:43:27.006+0800][8.226s][info ][gc,stats       ]   CMR: Thread Roots                 447 us, workers (us):  60, 353,  34,   0, ---, ---, ---, ---, 
[2024-08-16T20:43:27.006+0800][8.226s][info ][gc,stats       ]   CMR: VM Strong Roots                4 us, workers (us):   3,   0,   0,   0, ---, ---, ---, ---, 
[2024-08-16T20:43:27.006+0800][8.226s][info ][gc,stats       ]   CMR: CLDG Roots                    51 us, workers (us):  51,   0, ---, ---, ---, ---, ---, ---, 
[2024-08-16T20:43:27.006+0800][8.226s][info ][gc,stats       ] Concurrent Marking                 1128 us
[2024-08-16T20:43:27.006+0800][8.226s][info ][gc,stats       ] Pause Final Mark (G)                963 us
[2024-08-16T20:43:27.006+0800][8.226s][info ][gc,stats       ] Pause Final Mark (N)                686 us
[2024-08-16T20:43:27.006+0800][8.226s][info ][gc,stats       ]   Finish Mark                       438 us
[2024-08-16T20:43:27.006+0800][8.226s][info ][gc,stats       ]   Update Region States               99 us
[2024-08-16T20:43:27.006+0800][8.226s][info ][gc,stats       ]   Choose Collection Set              83 us
[2024-08-16T20:43:27.006+0800][8.226s][info ][gc,stats       ]   Rebuild Free Set                    7 us
[2024-08-16T20:43:27.006+0800][8.226s][info ][gc,stats       ] Concurrent Thread Roots             578 us, parallelism: 0.79x
[2024-08-16T20:43:27.006+0800][8.226s][info ][gc,stats       ]   CTR: <total>                      459 us
[2024-08-16T20:43:27.006+0800][8.226s][info ][gc,stats       ]   CTR: Thread Roots                 459 us, workers (us):  55, 366,  38,   0, ---, ---, ---, ---, 
[2024-08-16T20:43:27.006+0800][8.226s][info ][gc,stats       ] Concurrent Weak References          169 us, parallelism: 0.04x
[2024-08-16T20:43:27.006+0800][8.226s][info ][gc,stats       ]   CWRF: <total>                       6 us
[2024-08-16T20:43:27.006+0800][8.226s][debug][gc,nmethod     ] Register NMethod: java.lang.invoke.MemberName.getName [0x00007f5c490d6810] (c1)
[2024-08-16T20:43:27.006+0800][8.226s][info ][gc,stats       ]   CWRF: Weak References               6 us, workers (us):   5,   0,   0,   0, ---, ---, ---, ---, 
[2024-08-16T20:43:27.006+0800][8.226s][info ][gc,stats       ] Concurrent Weak Roots               376 us
[2024-08-16T20:43:27.006+0800][8.226s][info ][gc,stats       ]   Roots                             140 us, parallelism: 1.01x
[2024-08-16T20:43:27.006+0800][8.226s][info ][gc,stats       ]     CWR: <total>                    141 us
[2024-08-16T20:43:27.006+0800][8.226s][info ][gc,stats       ]     CWR: Code Cache Roots           109 us, workers (us):  66,  38,   5,   0, ---, ---, ---, ---, 
[2024-08-16T20:43:27.006+0800][8.226s][info ][gc,stats       ]     CWR: VM Weak Roots               30 us, workers (us):  23,   6,   1,   1, ---, ---, ---, ---, 
[2024-08-16T20:43:27.006+0800][8.226s][info ][gc,stats       ]     CWR: CLDG Roots                   2 us, workers (us):   2, ---, ---, ---, ---, ---, ---, ---, 
[2024-08-16T20:43:27.006+0800][8.226s][info ][gc,stats       ]   Rendezvous                        191 us
[2024-08-16T20:43:27.006+0800][8.226s][info ][gc,stats       ] Concurrent Cleanup                  125 us
[2024-08-16T20:43:27.006+0800][8.226s][info ][gc,stats       ] Concurrent Class Unloading          488 us
[2024-08-16T20:43:27.006+0800][8.226s][info ][gc,stats       ]   Unlink Stale                      305 us
[2024-08-16T20:43:27.006+0800][8.226s][info ][gc,stats       ]     System Dictionary                28 us
[2024-08-16T20:43:27.006+0800][8.226s][info ][gc,stats       ]     Weak Class Links                  0 us
[2024-08-16T20:43:27.006+0800][8.226s][info ][gc,stats       ]     Code Roots                      276 us
[2024-08-16T20:43:27.006+0800][8.226s][info ][gc,stats       ]   Rendezvous                         70 us
[2024-08-16T20:43:27.006+0800][8.226s][info ][gc,stats       ]   Purge Unlinked                     66 us
[2024-08-16T20:43:27.006+0800][8.226s][info ][gc,stats       ]     Code Roots                       51 us
[2024-08-16T20:43:27.006+0800][8.226s][info ][gc,stats       ]     CLDG                             14 us
[2024-08-16T20:43:27.006+0800][8.226s][info ][gc,stats       ]     Exception Caches                  0 us
[2024-08-16T20:43:27.006+0800][8.226s][info ][gc,stats       ] Concurrent Strong Roots              90 us, parallelism: 0.15x
[2024-08-16T20:43:27.006+0800][8.226s][info ][gc,stats       ]   CSR: <total>                       14 us
[2024-08-16T20:43:27.006+0800][8.226s][info ][gc,stats       ]   CSR: VM Strong Roots                2 us, workers (us):   2,   0,   0,   0, ---, ---, ---, ---, 
[2024-08-16T20:43:27.006+0800][8.226s][info ][gc,stats       ]   CSR: CLDG Roots                    12 us, workers (us):  12, ---, ---, ---, ---, ---, ---, ---, 
[2024-08-16T20:43:27.006+0800][8.226s][info ][gc,stats       ] Concurrent Evacuation             10666 us
[2024-08-16T20:43:27.006+0800][8.226s][info ][gc,stats       ] 
[2024-08-16T20:43:27.006+0800][8.226s][info ][gc,stats       ] Allocation pacing accrued:
[2024-08-16T20:43:27.006+0800][8.226s][info ][gc,stats       ]       0 of    18 ms (  0.0%): <total>
[2024-08-16T20:43:27.006+0800][8.226s][info ][gc,stats       ]       0 of    18 ms (  0.0%): <average total>
[2024-08-16T20:43:27.006+0800][8.226s][info ][gc,stats       ] 
[2024-08-16T20:43:27.006+0800][8.226s][info ][gc,metaspace   ] Metaspace: 829K(960K)->881K(1024K) NonClass: 771K(832K)->817K(896K) Class: 58K(128K)->63K(128K)
[2024-08-16T20:43:27.006+0800][8.226s][info ][gc,ergo        ] Pacer for Idle. Initial: 83886K, Alloc Tax Rate: 1.0x
[2024-08-16T20:43:27.006+0800][8.226s][debug][gc,nmethod     ] Register NMethod: java.lang.invoke.MethodHandle.linkToStatic [0x00007f5c50bf3b90] ()
[2024-08-16T20:43:27.007+0800][8.226s][debug][gc,nmethod     ] Register NMethod: java.lang.invoke.MethodHandle.linkToSpecial [0x00007f5c50bf3e90] ()
[2024-08-16T20:43:27.007+0800][8.226s][debug][gc,nmethod     ] Register NMethod: java.lang.invoke.MethodHandle.linkToStatic [0x00007f5c50bf4190] ()
[2024-08-16T20:43:27.007+0800][8.227s][debug][gc,nmethod     ] Register NMethod: java.lang.invoke.MethodHandle.linkToStatic [0x00007f5c50bf4490] ()
[2024-08-16T20:43:27.007+0800][8.227s][info ][gc             ] Trigger: Handle Allocation Failure
[2024-08-16T20:43:27.007+0800][8.227s][info ][gc,ergo        ] Free: 1773M, Max: 1023K regular, 0B humongous, Frag: 0% external, 50% internal; Reserve: 0B, Max: 0B
[2024-08-16T20:43:27.007+0800][8.227s][info ][gc,start       ] GC(67) Pause Degenerated GC (Evacuation)
[2024-08-16T20:43:27.008+0800][8.227s][info ][gc,task        ] GC(67) Using 8 of 8 workers for stw degenerated gc
[2024-08-16T20:43:27.008+0800][8.227s][info ][gc             ] GC(67) Cancelling GC: Allocation Failure During Evacuation
[2024-08-16T20:43:27.009+0800][8.229s][info ][gc             ] GC(67) Cannot finish degeneration, upgrading to Full GC
[2024-08-16T20:43:27.012+0800][8.231s][debug][gc,tlab        ] GC(67) TLAB totals: thrds: 2  refills: 8 max: 7 slow allocs: 1 max 1 waste: 86.6% gc: 963488B max: 956496B slow: 3576B max: 3576B
[2024-08-16T20:43:27.012+0800][8.231s][info ][gc,phases,start] GC(67) Phase 1: Mark live objects
[2024-08-16T20:43:27.012+0800][8.231s][info ][gc,ref         ] GC(67) Clearing All SoftReferences
[2024-08-16T20:43:27.012+0800][8.231s][info ][gc,ref         ] GC(67) Clearing All SoftReferences
[2024-08-16T20:43:27.013+0800][8.232s][info ][gc,ref         ] GC(67) Encountered references: Soft: 93, Weak: 270, Final: 0, Phantom: 10
[2024-08-16T20:43:27.013+0800][8.233s][info ][gc,ref         ] GC(67) Discovered  references: Soft: 63, Weak: 87, Final: 0, Phantom: 10
[2024-08-16T20:43:27.013+0800][8.233s][info ][gc,ref         ] GC(67) Enqueued    references: Soft: 6, Weak: 23, Final: 0, Phantom: 9
[2024-08-16T20:43:27.013+0800][8.233s][debug][gc,phases,start] GC(67) ClassLoaderData
[2024-08-16T20:43:27.013+0800][8.233s][debug][gc,phases      ] GC(67) ClassLoaderData 0.063ms
[2024-08-16T20:43:27.013+0800][8.233s][debug][gc,phases,start] GC(67) Trigger cleanups
[2024-08-16T20:43:27.013+0800][8.233s][debug][gc,phases      ] GC(67) Trigger cleanups 0.021ms
[2024-08-16T20:43:27.013+0800][8.233s][info ][gc,phases      ] GC(67) Phase 1: Mark live objects 1.649ms
[2024-08-16T20:43:27.013+0800][8.233s][info ][gc,phases,start] GC(67) Phase 2: Compute new object addresses
[2024-08-16T20:43:27.015+0800][8.235s][info ][gc,phases      ] GC(67) Phase 2: Compute new object addresses 1.929ms
[2024-08-16T20:43:27.015+0800][8.235s][info ][gc,phases,start] GC(67) Phase 3: Adjust pointers
[2024-08-16T20:43:27.018+0800][8.237s][info ][gc,phases      ] GC(67) Phase 3: Adjust pointers 2.286ms
[2024-08-16T20:43:27.018+0800][8.237s][info ][gc,phases,start] GC(67) Phase 4: Move objects
[2024-08-16T20:43:27.086+0800][8.306s][info ][gc,phases      ] GC(67) Phase 4: Move objects 68.459ms
[2024-08-16T20:43:27.086+0800][8.306s][info ][gc,ergo        ] GC(67) Good progress for free space: 1944M, need 41943K
[2024-08-16T20:43:27.086+0800][8.306s][info ][gc,ergo        ] GC(67) Good progress for used space: 173M, need 2048K
[2024-08-16T20:43:27.086+0800][8.306s][info ][gc             ] GC(67) Pause Degenerated GC (Evacuation) 2118M->1945M(4096M) 78.901ms
[2024-08-16T20:43:27.087+0800][8.306s][debug][gc,ergo        ] GC(67) Margin of error now 3.29
[2024-08-16T20:43:27.087+0800][8.306s][debug][gc,ergo        ] GC(67) Spike threshold now: 0.32
[2024-08-16T20:43:27.087+0800][8.306s][info ][gc,ergo        ] Free: 1944M, Max: 1023K regular, 0B humongous, Frag: 0% external, 50% internal; Reserve: 206M, Max: 2048K
[2024-08-16T20:43:27.087+0800][8.306s][info ][gc,stats       ] 
[2024-08-16T20:43:27.087+0800][8.306s][info ][gc,stats       ] All times are wall-clock times, except per-root-class counters, that are sum over
[2024-08-16T20:43:27.087+0800][8.306s][info ][gc,stats       ] all workers. Dividing the <total> over the root stage time estimates parallelism.
[2024-08-16T20:43:27.087+0800][8.306s][info ][gc,stats       ] 
[2024-08-16T20:43:27.087+0800][8.306s][info ][gc,stats       ] Pause Degenerated GC (G)          79217 us
[2024-08-16T20:43:27.087+0800][8.306s][info ][gc,stats       ] Pause Degenerated GC (N)          78930 us
[2024-08-16T20:43:27.087+0800][8.306s][info ][gc,stats       ]   Evacuation                       1416 us
[2024-08-16T20:43:27.087+0800][8.306s][info ][gc,stats       ]   Pre Heap Dump                       1 us
[2024-08-16T20:43:27.087+0800][8.306s][info ][gc,stats       ]   Prepare                          2755 us
[2024-08-16T20:43:27.087+0800][8.306s][info ][gc,stats       ]     Update Roots                    538 us, parallelism: 1.85x
[2024-08-16T20:43:27.087+0800][8.306s][info ][gc,stats       ]       FU: <total>                   994 us
[2024-08-16T20:43:27.087+0800][8.306s][info ][gc,stats       ]       FU: Thread Roots              459 us, workers (us):   1,   1,   0, 440,  16,   1,   0,   0, 
[2024-08-16T20:43:27.087+0800][8.306s][info ][gc,stats       ]       FU: Code Cache Roots          491 us, workers (us):  44, 206, 240,   0,   0,   0,   0,   0, 
[2024-08-16T20:43:27.087+0800][8.306s][info ][gc,stats       ]       FU: VM Strong Roots             3 us, workers (us):   2,   0,   0,   0,   0,   0,   0,   0, 
[2024-08-16T20:43:27.087+0800][8.306s][info ][gc,stats       ]       FU: VM Weak Roots              23 us, workers (us):  15,   7,   0,   1,   0,   0,   0,   0, 
[2024-08-16T20:43:27.087+0800][8.306s][info ][gc,stats       ]       FU: CLDG Roots                 17 us, workers (us):   9,   3,   0,   1,   1,   1,   0,   0, 
[2024-08-16T20:43:27.087+0800][8.306s][info ][gc,stats       ]   Mark                             1641 us, parallelism: 3.20x
[2024-08-16T20:43:27.087+0800][8.306s][info ][gc,stats       ]     FM: <total>                    5253 us
[2024-08-16T20:43:27.087+0800][8.306s][debug][gc,nmethod     ] Register NMethod: java.lang.invoke.MethodHandle.linkToSpecial [0x00007f5c50bf4790] ()
[2024-08-16T20:43:27.087+0800][8.306s][info ][gc,stats       ]     FM: Thread Roots                 55 us, workers (us):  29,  18,   4,   1,   0,   1,   1,   1, 
[2024-08-16T20:43:27.087+0800][8.306s][info ][gc,stats       ]     FM: VM Strong Roots               3 us, workers (us):   0,   2,   0,   0,   0,   0,   0,   0, 
[2024-08-16T20:43:27.087+0800][8.306s][info ][gc,stats       ]     FM: CLDG Roots                   29 us, workers (us):   1,   0,  21,   1,   1,   1,   1,   1, 
[2024-08-16T20:43:27.087+0800][8.307s][info ][gc,stats       ]     FM: Parallel Mark              5165 us, workers (us): 676, 650, 659, 784, 616, 626, 616, 539, 
[2024-08-16T20:43:27.087+0800][8.307s][info ][gc,stats       ]     System Purge                    717 us
[2024-08-16T20:43:27.087+0800][8.307s][info ][gc,stats       ]       Weak References               147 us, parallelism: 0.08x
[2024-08-16T20:43:27.087+0800][8.306s][debug][gc,nmethod     ] Register NMethod: java.lang.invoke.MethodType.erase [0x00007f5c490d7010] (c1)
[2024-08-16T20:43:27.087+0800][8.307s][info ][gc,stats       ]         WRP: <total>                 11 us
[2024-08-16T20:43:27.087+0800][8.307s][info ][gc,stats       ]         WRP: Weak References         11 us, workers (us):  11,   0,   0,   0,   0,   0,   0,   0, 
[2024-08-16T20:43:27.087+0800][8.307s][info ][gc,stats       ]       Unload Classes                448 us, parallelism: 3.93x
[2024-08-16T20:43:27.087+0800][8.307s][info ][gc,stats       ]         CU: <total>                1761 us
[2024-08-16T20:43:27.087+0800][8.307s][info ][gc,stats       ]         CU: Unload Code Caches      695 us, workers (us): 154, 150, 106,  96,  99,  64,  25,   0, 
[2024-08-16T20:43:27.087+0800][8.307s][info ][gc,stats       ]         CU: Unlink CLDs            1066 us, workers (us): 137, 125, 146, 142, 137, 144, 129, 105, 
[2024-08-16T20:43:27.087+0800][8.307s][info ][gc,stats       ]       Weak Roots                    103 us, parallelism: 0.29x
[2024-08-16T20:43:27.087+0800][8.307s][info ][gc,stats       ]         WR: <total>                  30 us
[2024-08-16T20:43:27.087+0800][8.307s][info ][gc,stats       ]         WR: VM Weak Roots            30 us, workers (us):  20,   5,   1,   1,   1,   1,   1,   1, 
[2024-08-16T20:43:27.087+0800][8.307s][info ][gc,stats       ]       CLDG                           16 us
[2024-08-16T20:43:27.087+0800][8.307s][debug][gc,nmethod     ] Register NMethod: jdk.internal.org.objectweb.asm.ByteVector.putUTF8 [0x00007f5c50bf4a90] (c2)
[2024-08-16T20:43:27.087+0800][8.307s][info ][gc,stats       ]   Calculate Addresses              1923 us
[2024-08-16T20:43:27.087+0800][8.307s][info ][gc,stats       ]     Regular Objects                1892 us
[2024-08-16T20:43:27.087+0800][8.307s][info ][gc,stats       ]     Humongous Objects                10 us
[2024-08-16T20:43:27.087+0800][8.307s][info ][gc,stats       ]   Adjust Pointers                  2279 us
[2024-08-16T20:43:27.087+0800][8.307s][info ][gc,stats       ]     FA: <total>                     652 us
[2024-08-16T20:43:27.087+0800][8.307s][info ][gc,stats       ]     FA: Thread Roots                 51 us, workers (us):   1,   1,  28,   1,  15,   6,   0,   0, 
[2024-08-16T20:43:27.087+0800][8.307s][info ][gc,stats       ]     FA: Code Cache Roots            544 us, workers (us): 273, 225,   0,  45,   0,   0,   0,   0, 
[2024-08-16T20:43:27.087+0800][8.307s][info ][gc,stats       ]     FA: VM Strong Roots               5 us, workers (us):   3,   0,   0,   0,   0,   0,   0,   0, 
[2024-08-16T20:43:27.087+0800][8.307s][info ][gc,stats       ]     FA: VM Weak Roots                31 us, workers (us):  21,   7,   1,   1,   1,   0,   0,   0, 
[2024-08-16T20:43:27.087+0800][8.307s][info ][gc,stats       ]     FA: CLDG Roots                   22 us, workers (us):   2,  15,   1,   1,   1,   0,   0,   0, 
[2024-08-16T20:43:27.087+0800][8.307s][info ][gc,stats       ]   Copy Objects                    68452 us
[2024-08-16T20:43:27.087+0800][8.307s][info ][gc,stats       ]     Regular Objects               65925 us
[2024-08-16T20:43:27.087+0800][8.307s][info ][gc,stats       ]     Humongous Objects                17 us
[2024-08-16T20:43:27.087+0800][8.307s][info ][gc,stats       ]     Reset Complete Bitmap          2466 us
[2024-08-16T20:43:27.087+0800][8.307s][info ][gc,stats       ]     Rebuild Region Sets              41 us
[2024-08-16T20:43:27.087+0800][8.307s][info ][gc,stats       ]   Post Heap Dump                      1 us
[2024-08-16T20:43:27.087+0800][8.307s][info ][gc,stats       ] 
[2024-08-16T20:43:27.087+0800][8.307s][info ][gc,stats       ] Allocation pacing accrued:
[2024-08-16T20:43:27.087+0800][8.307s][info ][gc,stats       ]       0 of    81 ms (  0.0%): <total>
[2024-08-16T20:43:27.087+0800][8.307s][info ][gc,stats       ]       0 of    81 ms (  0.0%): <average total>
[2024-08-16T20:43:27.087+0800][8.307s][info ][gc,stats       ] 
[2024-08-16T20:43:27.087+0800][8.307s][info ][gc,metaspace   ] Metaspace: 886K(1024K)->876K(1024K) NonClass: 821K(896K)->814K(896K) Class: 64K(128K)->61K(128K)
[2024-08-16T20:43:27.087+0800][8.307s][debug][gc,nmethod     ] Register NMethod: java.lang.invoke.MethodHandle.invokeBasic [0x00007f5c50bf5590] ()
[2024-08-16T20:43:27.087+0800][8.307s][info ][gc,ergo        ] Pacer for Idle. Initial: 83886K, Alloc Tax Rate: 1.0x
[2024-08-16T20:43:27.087+0800][8.307s][debug][gc,nmethod     ] Register NMethod: java.lang.invoke.MethodHandle.linkToSpecial [0x00007f5c50bf5b10] ()
[2024-08-16T20:43:27.087+0800][8.307s][debug][gc,nmethod     ] Register NMethod: java.lang.invoke.MethodHandle.linkToSpecial [0x00007f5c50bf5e10] ()
[2024-08-16T20:43:27.088+0800][8.307s][debug][gc,nmethod     ] Register NMethod: java.lang.invoke.MemberName.getInvocationType [0x00007f5c490d7490] (c1)
[2024-08-16T20:43:27.088+0800][8.307s][debug][gc,nmethod     ] Register NMethod: java.lang.invoke.MethodHandle.linkToSpecial [0x00007f5c50bf6110] ()
[2024-08-16T20:43:27.088+0800][8.308s][debug][gc,nmethod     ] Register NMethod: java.lang.Class.getPackageName [0x00007f5c490d8390] (c1)
[2024-08-16T20:43:27.088+0800][8.308s][debug][gc,nmethod     ] Register NMethod: java.lang.invoke.MethodHandles$Lookup.lookupClassOrNull [0x00007f5c490d9610] (c1)
[2024-08-16T20:43:27.088+0800][8.308s][info ][gc             ] Trigger: Average GC time (37.13 ms) is above the time for average allocation rate (16970 MB/s) to deplete free headroom (0B) (margin of error = 3.29)
[2024-08-16T20:43:27.088+0800][8.308s][info ][gc,ergo        ] Free headroom: 1944M (free) - 204M (spike) - 4095M (penalties) = 0B
[2024-08-16T20:43:27.088+0800][8.308s][info ][gc,ergo        ] Free: 1944M, Max: 1023K regular, 0B humongous, Frag: 0% external, 50% internal; Reserve: 206M, Max: 2048K
[2024-08-16T20:43:27.088+0800][8.308s][info ][gc,start       ] GC(68) Concurrent reset
[2024-08-16T20:43:27.088+0800][8.308s][info ][gc,task        ] GC(68) Using 4 of 8 workers for concurrent reset
[2024-08-16T20:43:27.088+0800][8.308s][info ][gc,ergo        ] GC(68) Pacer for Reset. Non-Taxable: 4096M
[2024-08-16T20:43:27.089+0800][8.308s][info ][gc             ] GC(68) Concurrent reset 0.288ms
[2024-08-16T20:43:27.089+0800][8.309s][info ][gc,start       ] GC(68) Pause Init Mark (unload classes)
[2024-08-16T20:43:27.089+0800][8.309s][info ][gc,task        ] GC(68) Using 8 of 8 workers for init marking
[2024-08-16T20:43:27.089+0800][8.309s][info ][gc,ergo        ] GC(68) Pacer for Mark. Expected Live: 8160M, Free: 1944M, Non-Taxable: 194M, Alloc Tax Rate: 5.1x
[2024-08-16T20:43:27.089+0800][8.309s][info ][gc             ] GC(68) Pause Init Mark (unload classes) 0.155ms
[2024-08-16T20:43:27.089+0800][8.309s][info ][gc,start       ] GC(68) Concurrent marking roots
[2024-08-16T20:43:27.089+0800][8.309s][info ][gc,task        ] GC(68) Using 4 of 8 workers for concurrent marking roots
[2024-08-16T20:43:27.089+0800][8.309s][debug][gc,tlab        ] GC(68) TLAB totals: thrds: 1  refills: 2 max: 2 slow allocs: 0 max 0 waste: 46.1% gc: 20272B max: 20272B slow: 656B max: 656B
[2024-08-16T20:43:27.089+0800][8.309s][info ][gc             ] GC(68) Concurrent marking roots 0.288ms
[2024-08-16T20:43:27.090+0800][8.309s][info ][gc,start       ] GC(68) Concurrent marking (unload classes)
[2024-08-16T20:43:27.090+0800][8.309s][info ][gc,task        ] GC(68) Using 4 of 8 workers for concurrent marking
[2024-08-16T20:43:27.090+0800][8.309s][debug][gc,nmethod     ] Register NMethod: jdk.internal.math.FDBigInteger.mult [0x00007f5c490d9a10] (c1)
[2024-08-16T20:43:27.090+0800][8.310s][debug][gc,nmethod     ] Register NMethod: jdk.internal.math.FDBigInteger.<init> [0x00007f5c490da010] (c1)
[2024-08-16T20:43:27.090+0800][8.310s][debug][gc,nmethod     ] Register NMethod: jdk.internal.math.FDBigInteger.trimLeadingZeros [0x00007f5c490da510] (c1)
[2024-08-16T20:43:27.090+0800][8.310s][debug][gc,nmethod     ] Register NMethod: jdk.internal.math.FDBigInteger.makeImmutable [0x00007f5c490dab10] (c1)
[2024-08-16T20:43:27.090+0800][8.310s][info ][gc             ] GC(68) Concurrent marking (unload classes) 0.702ms
[2024-08-16T20:43:27.090+0800][8.310s][debug][gc,nmethod     ] Register NMethod: jdk.internal.math.FDBigInteger.mult [0x00007f5c490dae10] (c1)
[2024-08-16T20:43:27.091+0800][8.310s][info ][gc,start       ] GC(68) Pause Final Mark (unload classes)
[2024-08-16T20:43:27.091+0800][8.310s][info ][gc,task        ] GC(68) Using 8 of 8 workers for final marking
[2024-08-16T20:43:27.091+0800][8.311s][info ][gc,ergo        ] GC(68) Adaptive CSet Selection. Target Free: 580M, Actual Free: 206M, Max CSet: 170M, Min Garbage: 374M
[2024-08-16T20:43:27.091+0800][8.311s][info ][gc,ergo        ] GC(68) Collectable Garbage: 34224B (100%), Immediate: 0B (0%), CSet: 34224B (100%)
[2024-08-16T20:43:27.091+0800][8.311s][info ][gc,ergo        ] GC(68) Pacer for Evacuation. Used CSet: 170M, Free: 1774M, Non-Taxable: 177M, Alloc Tax Rate: 1.1x
[2024-08-16T20:43:27.091+0800][8.311s][info ][gc             ] GC(68) Pause Final Mark (unload classes) 0.670ms
[2024-08-16T20:43:27.091+0800][8.311s][info ][gc,start       ] GC(68) Concurrent thread roots
[2024-08-16T20:43:27.091+0800][8.311s][info ][gc,task        ] GC(68) Using 4 of 8 workers for Concurrent thread roots
[2024-08-16T20:43:27.091+0800][8.311s][debug][gc,nmethod     ] Register NMethod: jdk.internal.org.objectweb.asm.SymbolTable.hash [0x00007f5c490db590] (c1)
[2024-08-16T20:43:27.092+0800][8.311s][debug][gc,nmethod     ] Register NMethod: jdk.internal.org.objectweb.asm.SymbolTable$Entry.<init> [0x00007f5c490dba10] (c1)
[2024-08-16T20:43:27.092+0800][8.311s][info ][gc             ] GC(68) Concurrent thread roots 0.551ms
[2024-08-16T20:43:27.092+0800][8.312s][info ][gc,start       ] GC(68) Concurrent weak references
[2024-08-16T20:43:27.092+0800][8.312s][info ][gc,task        ] GC(68) Using 4 of 8 workers for concurrent weak references
[2024-08-16T20:43:27.092+0800][8.312s][info ][gc,ref         ] GC(68) Encountered references: Soft: 94, Weak: 275, Final: 0, Phantom: 3
[2024-08-16T20:43:27.092+0800][8.312s][info ][gc,ref         ] GC(68) Discovered  references: Soft: 0, Weak: 8, Final: 0, Phantom: 3
[2024-08-16T20:43:27.092+0800][8.312s][info ][gc,ref         ] GC(68) Enqueued    references: Soft: 0, Weak: 8, Final: 0, Phantom: 2
[2024-08-16T20:43:27.092+0800][8.312s][info ][gc             ] GC(68) Concurrent weak references 0.141ms
[2024-08-16T20:43:27.092+0800][8.312s][info ][gc,start       ] GC(68) Concurrent weak roots
[2024-08-16T20:43:27.092+0800][8.312s][info ][gc,task        ] GC(68) Using 4 of 8 workers for concurrent weak root
[2024-08-16T20:43:27.092+0800][8.312s][info ][gc             ] GC(68) Concurrent weak roots 0.290ms
[2024-08-16T20:43:27.092+0800][8.312s][info ][gc,start       ] GC(68) Concurrent cleanup
[2024-08-16T20:43:27.093+0800][8.312s][info ][gc             ] GC(68) Concurrent cleanup 1945M->1945M(4096M) 0.101ms
[2024-08-16T20:43:27.093+0800][8.312s][info ][gc,ergo        ] GC(68) Free: 1774M, Max: 1023K regular, 0B humongous, Frag: 0% external, 50% internal; Reserve: 205M, Max: 2048K
[2024-08-16T20:43:27.093+0800][8.312s][info ][gc,start       ] GC(68) Concurrent class unloading
[2024-08-16T20:43:27.093+0800][8.312s][info ][gc,task        ] GC(68) Using 4 of 8 workers for concurrent class unloading
[2024-08-16T20:43:27.093+0800][8.312s][debug][gc,phases,start] GC(68) ClassLoaderData
[2024-08-16T20:43:27.093+0800][8.312s][debug][gc,phases      ] GC(68) ClassLoaderData 0.007ms
[2024-08-16T20:43:27.093+0800][8.312s][debug][gc,phases,start] GC(68) Trigger cleanups
[2024-08-16T20:43:27.093+0800][8.312s][debug][gc,phases      ] GC(68) Trigger cleanups 0.006ms
[2024-08-16T20:43:27.093+0800][8.312s][debug][gc,nmethod     ] Register NMethod: java.lang.invoke.LambdaForm$BasicType.basicTypeSlots [0x00007f5c490dbe10] (c1)
[2024-08-16T20:43:27.093+0800][8.313s][debug][gc,nmethod     ] Register NMethod: sun.invoke.util.Wrapper.stackSlots [0x00007f5c490dc290] (c1)
[2024-08-16T20:43:27.093+0800][8.313s][info ][gc             ] GC(68) Concurrent class unloading 0.506ms
[2024-08-16T20:43:27.093+0800][8.313s][info ][gc,start       ] GC(68) Concurrent strong roots
[2024-08-16T20:43:27.093+0800][8.313s][info ][gc,task        ] GC(68) Using 4 of 8 workers for concurrent strong root
[2024-08-16T20:43:27.093+0800][8.313s][debug][gc,nmethod     ] Register NMethod: java.lang.invoke.InvokerBytecodeGenerator.getInternalName [0x00007f5c490dc610] (c1)
[2024-08-16T20:43:27.093+0800][8.313s][info ][gc             ] GC(68) Concurrent strong roots 0.089ms
[2024-08-16T20:43:27.093+0800][8.313s][info ][gc,start       ] GC(68) Concurrent evacuation
[2024-08-16T20:43:27.093+0800][8.313s][info ][gc,task        ] GC(68) Using 4 of 8 workers for concurrent evacuation
[2024-08-16T20:43:27.094+0800][8.314s][debug][gc,nmethod     ] Register NMethod: java.lang.invoke.LambdaForm$BasicType.basicType [0x00007f5c490dcf90] (c1)
[2024-08-16T20:43:27.095+0800][8.314s][debug][gc,nmethod     ] Register NMethod: jdk.internal.org.objectweb.asm.Handler.getExceptionTableLength [0x00007f5c490de110] (c1)
[2024-08-16T20:43:27.095+0800][8.315s][debug][gc,nmethod     ] Register NMethod: java.lang.invoke.LambdaForm$Name.replaceNames [0x00007f5c490de590] (c1)
[2024-08-16T20:43:27.095+0800][8.315s][debug][gc,nmethod     ] Register NMethod: java.lang.invoke.LambdaFormBuffer.ownedCount [0x00007f5c490dfa10] (c1)
[2024-08-16T20:43:27.097+0800][8.316s][debug][gc,nmethod     ] Register NMethod: java.lang.invoke.MethodType.parameterType [0x00007f5c50bf6410] (c2)
[2024-08-16T20:43:27.097+0800][8.317s][info ][gc             ] Cancelling GC: Stopping VM
[2024-08-16T20:43:27.098+0800][8.317s][info ][gc             ] GC(68) Concurrent evacuation 4.294ms
[2024-08-16T20:43:27.098+0800][8.317s][info ][gc,ergo        ] Free: 1773M, Max: 1023K regular, 0B humongous, Frag: 0% external, 50% internal; Reserve: 120M, Max: 2048K
[2024-08-16T20:43:27.098+0800][8.317s][info ][gc,stats       ] 
[2024-08-16T20:43:27.098+0800][8.317s][info ][gc,stats       ] All times are wall-clock times, except per-root-class counters, that are sum over
[2024-08-16T20:43:27.098+0800][8.317s][info ][gc,stats       ] all workers. Dividing the <total> over the root stage time estimates parallelism.
[2024-08-16T20:43:27.098+0800][8.317s][info ][gc,stats       ] 
[2024-08-16T20:43:27.098+0800][8.317s][info ][gc,stats       ] Concurrent Reset                    359 us
[2024-08-16T20:43:27.098+0800][8.317s][info ][gc,stats       ] Pause Init Mark (G)                 409 us
[2024-08-16T20:43:27.098+0800][8.317s][info ][gc,stats       ] Pause Init Mark (N)                 209 us
[2024-08-16T20:43:27.098+0800][8.317s][info ][gc,stats       ]   Update Region States              115 us
[2024-08-16T20:43:27.098+0800][8.317s][info ][gc,stats       ] Concurrent Mark Roots               347 us, parallelism: 0.86x
[2024-08-16T20:43:27.098+0800][8.317s][info ][gc,stats       ]   CMR: <total>                      298 us
[2024-08-16T20:43:27.098+0800][8.317s][info ][gc,stats       ]   CMR: Thread Roots                 260 us, workers (us): 164,  67,  29,   0, ---, ---, ---, ---, 
[2024-08-16T20:43:27.098+0800][8.317s][info ][gc,stats       ]   CMR: VM Strong Roots                4 us, workers (us):   3,   0,   0,   0, ---, ---, ---, ---, 
[2024-08-16T20:43:27.098+0800][8.317s][info ][gc,stats       ]   CMR: CLDG Roots                    34 us, workers (us):  34, ---, ---, ---, ---, ---, ---, ---, 
[2024-08-16T20:43:27.098+0800][8.317s][info ][gc,stats       ] Concurrent Marking                  733 us
[2024-08-16T20:43:27.098+0800][8.317s][info ][gc,stats       ] Pause Final Mark (G)               1025 us
[2024-08-16T20:43:27.098+0800][8.317s][info ][gc,stats       ] Pause Final Mark (N)                710 us
[2024-08-16T20:43:27.098+0800][8.317s][info ][gc,stats       ]   Finish Mark                       410 us
[2024-08-16T20:43:27.098+0800][8.317s][info ][gc,stats       ]   Update Region States              103 us
[2024-08-16T20:43:27.098+0800][8.317s][info ][gc,stats       ]   Choose Collection Set             108 us
[2024-08-16T20:43:27.098+0800][8.317s][info ][gc,stats       ]   Rebuild Free Set                    9 us
[2024-08-16T20:43:27.098+0800][8.317s][info ][gc,stats       ] Concurrent Thread Roots             602 us, parallelism: 0.98x
[2024-08-16T20:43:27.098+0800][8.317s][info ][gc,stats       ]   CTR: <total>                      591 us
[2024-08-16T20:43:27.098+0800][8.317s][info ][gc,stats       ]   CTR: Thread Roots                 591 us, workers (us): 483,  64,  45,   0, ---, ---, ---, ---, 
[2024-08-16T20:43:27.098+0800][8.317s][info ][gc,stats       ] Concurrent Weak References          172 us, parallelism: 0.02x
[2024-08-16T20:43:27.098+0800][8.317s][info ][gc,stats       ]   CWRF: <total>                       3 us
[2024-08-16T20:43:27.098+0800][8.317s][info ][gc,stats       ]   CWRF: Weak References               3 us, workers (us):   3,   0,   0,   0, ---, ---, ---, ---, 
[2024-08-16T20:43:27.098+0800][8.317s][info ][gc,stats       ] Concurrent Weak Roots               337 us
[2024-08-16T20:43:27.098+0800][8.317s][info ][gc,stats       ]   Roots                             159 us, parallelism: 1.08x
[2024-08-16T20:43:27.098+0800][8.318s][info ][gc,stats       ]     CWR: <total>                    173 us
[2024-08-16T20:43:27.098+0800][8.318s][info ][gc,stats       ]     CWR: Code Cache Roots           146 us, workers (us):  46,  85,  14,   0, ---, ---, ---, ---, 
[2024-08-16T20:43:27.098+0800][8.318s][info ][gc,stats       ]     CWR: VM Weak Roots               25 us, workers (us):  24,   1,   0,   0, ---, ---, ---, ---, 
[2024-08-16T20:43:27.098+0800][8.318s][info ][gc,stats       ]     CWR: CLDG Roots                   2 us, workers (us): ---,   2, ---, ---, ---, ---, ---, ---, 
[2024-08-16T20:43:27.098+0800][8.318s][info ][gc,stats       ]   Rendezvous                         64 us
[2024-08-16T20:43:27.098+0800][8.318s][info ][gc,stats       ] Concurrent Cleanup                  143 us
[2024-08-16T20:43:27.098+0800][8.318s][info ][gc,stats       ] Concurrent Class Unloading          541 us
[2024-08-16T20:43:27.098+0800][8.318s][info ][gc,stats       ]   Unlink Stale                      303 us
[2024-08-16T20:43:27.098+0800][8.318s][info ][gc,stats       ]     System Dictionary                26 us
[2024-08-16T20:43:27.098+0800][8.318s][info ][gc,stats       ]     Weak Class Links                  0 us
[2024-08-16T20:43:27.098+0800][8.318s][info ][gc,stats       ]     Code Roots                      276 us
[2024-08-16T20:43:27.098+0800][8.318s][info ][gc,stats       ]   Rendezvous                        109 us
[2024-08-16T20:43:27.098+0800][8.318s][info ][gc,stats       ]   Purge Unlinked                     79 us
[2024-08-16T20:43:27.098+0800][8.318s][info ][gc,stats       ]     Code Roots                       55 us
[2024-08-16T20:43:27.098+0800][8.318s][info ][gc,stats       ]     CLDG                             23 us
[2024-08-16T20:43:27.098+0800][8.318s][info ][gc,stats       ]     Exception Caches                  0 us
[2024-08-16T20:43:27.098+0800][8.318s][info ][gc,stats       ] Concurrent Strong Roots             174 us, parallelism: 0.21x
[2024-08-16T20:43:27.098+0800][8.318s][info ][gc,stats       ]   CSR: <total>                       36 us
[2024-08-16T20:43:27.098+0800][8.318s][info ][gc,stats       ]   CSR: VM Strong Roots                3 us, workers (us):   3,   0,   0,   0, ---, ---, ---, ---, 
[2024-08-16T20:43:27.098+0800][8.318s][info ][gc,stats       ]   CSR: CLDG Roots                    34 us, workers (us):  34, ---, ---, ---, ---, ---, ---, ---, 
[2024-08-16T20:43:27.098+0800][8.318s][info ][gc,stats       ] 
[2024-08-16T20:43:27.098+0800][8.318s][info ][gc,stats       ] Allocation pacing accrued:
[2024-08-16T20:43:27.098+0800][8.318s][info ][gc,stats       ]       0 of    11 ms (  0.0%): <total>
[2024-08-16T20:43:27.098+0800][8.318s][info ][gc,stats       ]       0 of    11 ms (  0.0%): <average total>
[2024-08-16T20:43:27.098+0800][8.318s][info ][gc,stats       ] 
[2024-08-16T20:43:27.098+0800][8.318s][info ][gc,metaspace   ] Metaspace: 888K(1024K)->924K(1024K) NonClass: 825K(896K)->856K(896K) Class: 62K(128K)->68K(128K)
[2024-08-16T20:43:27.098+0800][8.318s][info ][gc,ergo        ] Pacer for Idle. Initial: 83886K, Alloc Tax Rate: 1.0x
[2024-08-16T20:43:27.099+0800][8.319s][info ][gc,heap,exit   ] Heap
[2024-08-16T20:43:27.099+0800][8.319s][info ][gc,heap,exit   ] Shenandoah Heap
[2024-08-16T20:43:27.099+0800][8.319s][info ][gc,heap,exit   ]  4096M max, 4096M soft max, 4096M committed, 2002M used
[2024-08-16T20:43:27.099+0800][8.319s][info ][gc,heap,exit   ]  2048 x 2048K regions
[2024-08-16T20:43:27.099+0800][8.319s][info ][gc,heap,exit   ] Status: has forwarded objects, evacuating, concurrent weak roots, cancelled
[2024-08-16T20:43:27.099+0800][8.319s][info ][gc,heap,exit   ] Reserved region:
[2024-08-16T20:43:27.099+0800][8.319s][info ][gc,heap,exit   ]  - [0x0000000700000000, 0x0000000800000000) 
[2024-08-16T20:43:27.099+0800][8.319s][info ][gc,heap,exit   ] Collection set:
[2024-08-16T20:43:27.099+0800][8.319s][info ][gc,heap,exit   ]  - map (vanilla): 0x0000000000013800
[2024-08-16T20:43:27.099+0800][8.319s][info ][gc,heap,exit   ]  - map (biased):  0x0000000000010000
[2024-08-16T20:43:27.099+0800][8.319s][info ][gc,heap,exit   ] 
[2024-08-16T20:43:27.099+0800][8.319s][info ][gc,heap,exit   ]  Metaspace       used 924K, committed 1024K, reserved 1114112K
[2024-08-16T20:43:27.099+0800][8.319s][info ][gc,heap,exit   ]   class space    used 68K, committed 128K, reserved 1048576K
[2024-08-16T20:43:27.099+0800][8.319s][info ][gc,stats       ] 
[2024-08-16T20:43:27.099+0800][8.319s][info ][gc,stats       ] GC STATISTICS:
[2024-08-16T20:43:27.099+0800][8.319s][info ][gc,stats       ]   "(G)" (gross) pauses include VM time: time to notify and block threads, do the pre-
[2024-08-16T20:43:27.099+0800][8.319s][info ][gc,stats       ]         and post-safepoint housekeeping. Use -Xlog:safepoint+stats to dissect.
[2024-08-16T20:43:27.099+0800][8.319s][info ][gc,stats       ]   "(N)" (net) pauses are the times spent in the actual GC code.
[2024-08-16T20:43:27.099+0800][8.319s][info ][gc,stats       ]   "a" is average time for each phase, look at levels to see if average makes sense.
[2024-08-16T20:43:27.099+0800][8.319s][info ][gc,stats       ]   "lvls" are quantiles: 0% (minimum), 25%, 50% (median), 75%, 100% (maximum).
[2024-08-16T20:43:27.099+0800][8.319s][info ][gc,stats       ] 
[2024-08-16T20:43:27.099+0800][8.319s][info ][gc,stats       ]   All times are wall-clock times, except per-root-class counters, that are sum over
[2024-08-16T20:43:27.099+0800][8.319s][info ][gc,stats       ]   all workers. Dividing the <total> over the root stage time estimates parallelism.
[2024-08-16T20:43:27.099+0800][8.319s][info ][gc,stats       ] 
[2024-08-16T20:43:27.099+0800][8.319s][info ][gc,stats       ]   Pacing delays are measured from entering the pacing code till exiting it. Therefore,
[2024-08-16T20:43:27.099+0800][8.319s][info ][gc,stats       ]   observed pacing delays may be higher than the threshold when paced thread spent more
[2024-08-16T20:43:27.099+0800][8.319s][info ][gc,stats       ]   time in the pacing code. It usually happens when thread is de-scheduled while paced,
[2024-08-16T20:43:27.099+0800][8.319s][info ][gc,stats       ]   OS takes longer to unblock the thread, or JVM experiences an STW pause.
[2024-08-16T20:43:27.099+0800][8.319s][info ][gc,stats       ] 
[2024-08-16T20:43:27.099+0800][8.319s][info ][gc,stats       ]   Higher delay would prevent application outpacing the GC, but it will hide the GC latencies
[2024-08-16T20:43:27.099+0800][8.319s][info ][gc,stats       ]   from the STW pause times. Pacing affects the individual threads, and so it would also be
[2024-08-16T20:43:27.099+0800][8.319s][info ][gc,stats       ]   invisible to the usual profiling tools, but would add up to end-to-end application latency.
[2024-08-16T20:43:27.099+0800][8.319s][info ][gc,stats       ]   Raise max pacing delay with care.
[2024-08-16T20:43:27.099+0800][8.319s][info ][gc,stats       ] 
[2024-08-16T20:43:27.099+0800][8.319s][info ][gc,stats       ] Concurrent Reset               =    0.109 s (a =     2364 us) (n =    46) (lvls, us =      270,      375,     1797,     2812,    15570)
[2024-08-16T20:43:27.099+0800][8.319s][info ][gc,stats       ] Pause Init Mark (G)            =    0.020 s (a =      445 us) (n =    46) (lvls, us =      195,      244,      309,      408,     2734)
[2024-08-16T20:43:27.099+0800][8.319s][info ][gc,stats       ] Pause Init Mark (N)            =    0.011 s (a =      249 us) (n =    46) (lvls, us =      141,      174,      197,      232,      880)
[2024-08-16T20:43:27.099+0800][8.319s][info ][gc,stats       ]   Update Region States         =    0.007 s (a =      145 us) (n =    46) (lvls, us =       85,       95,      115,      152,      478)
[2024-08-16T20:43:27.100+0800][8.319s][info ][gc,stats       ] Concurrent Mark Roots          =    0.014 s (a =      310 us) (n =    46) (lvls, us =      166,      221,      262,      314,      903)
[2024-08-16T20:43:27.100+0800][8.319s][info ][gc,stats       ]   CMR: <total>                 =    0.011 s (a =      248 us) (n =    46) (lvls, us =      127,      180,      215,      281,      575)
[2024-08-16T20:43:27.100+0800][8.319s][info ][gc,stats       ]   CMR: Thread Roots            =    0.009 s (a =      198 us) (n =    46) (lvls, us =       96,      146,      168,      215,      519)
[2024-08-16T20:43:27.100+0800][8.319s][info ][gc,stats       ]   CMR: VM Strong Roots         =    0.000 s (a =        9 us) (n =    46) (lvls, us =        3,        4,        4,        5,      150)
[2024-08-16T20:43:27.100+0800][8.319s][info ][gc,stats       ]   CMR: CLDG Roots              =    0.002 s (a =       41 us) (n =    46) (lvls, us =       20,       28,       34,       47,      109)
[2024-08-16T20:43:27.100+0800][8.319s][info ][gc,stats       ] Concurrent Marking             =    0.076 s (a =     1659 us) (n =    46) (lvls, us =      539,      902,     1113,     1562,    15363)
[2024-08-16T20:43:27.100+0800][8.319s][info ][gc,stats       ] Pause Final Mark (G)           =    0.041 s (a =      887 us) (n =    46) (lvls, us =      568,      703,      793,      875,     2177)
[2024-08-16T20:43:27.100+0800][8.319s][info ][gc,stats       ] Pause Final Mark (N)           =    0.034 s (a =      745 us) (n =    46) (lvls, us =      504,      594,      668,      734,     1954)
[2024-08-16T20:43:27.100+0800][8.319s][info ][gc,stats       ]   Finish Mark                  =    0.019 s (a =      408 us) (n =    46) (lvls, us =      223,      330,      383,      430,      966)
[2024-08-16T20:43:27.100+0800][8.319s][info ][gc,stats       ]   Update Region States         =    0.006 s (a =      139 us) (n =    46) (lvls, us =       80,       95,      109,      143,      494)
[2024-08-16T20:43:27.100+0800][8.319s][info ][gc,stats       ]   Choose Collection Set        =    0.005 s (a =      107 us) (n =    46) (lvls, us =       26,       71,      100,      123,      354)
[2024-08-16T20:43:27.100+0800][8.319s][info ][gc,stats       ]   Rebuild Free Set             =    0.000 s (a =       11 us) (n =    46) (lvls, us =        6,        7,        9,       10,       46)
[2024-08-16T20:43:27.100+0800][8.319s][info ][gc,stats       ] Concurrent Thread Roots        =    0.009 s (a =      238 us) (n =    38) (lvls, us =      131,      166,      189,      232,      602)
[2024-08-16T20:43:27.100+0800][8.319s][info ][gc,stats       ]   CTR: <total>                 =    0.006 s (a =      145 us) (n =    38) (lvls, us =       73,       92,      104,      135,      591)
[2024-08-16T20:43:27.100+0800][8.319s][info ][gc,stats       ]   CTR: Thread Roots            =    0.006 s (a =      145 us) (n =    38) (lvls, us =       73,       92,      104,      135,      591)
[2024-08-16T20:43:27.100+0800][8.319s][info ][gc,stats       ] Concurrent Weak References     =    0.008 s (a =      167 us) (n =    46) (lvls, us =       95,      121,      146,      170,      506)
[2024-08-16T20:43:27.100+0800][8.319s][info ][gc,stats       ]   CWRF: <total>                =    0.001 s (a =       18 us) (n =    46) (lvls, us =        1,        2,        3,        6,      403)
[2024-08-16T20:43:27.100+0800][8.319s][info ][gc,stats       ]   CWRF: Weak References        =    0.001 s (a =       18 us) (n =    46) (lvls, us =        1,        2,        3,        6,      403)
[2024-08-16T20:43:27.100+0800][8.319s][info ][gc,stats       ] Concurrent Weak Roots          =    0.018 s (a =      384 us) (n =    46) (lvls, us =      201,      250,      336,      432,     1446)
[2024-08-16T20:43:27.100+0800][8.319s][info ][gc,stats       ]   Roots                        =    0.008 s (a =      177 us) (n =    46) (lvls, us =      105,      145,      170,      193,      262)
[2024-08-16T20:43:27.100+0800][8.319s][info ][gc,stats       ]     CWR: <total>               =    0.009 s (a =      191 us) (n =    46) (lvls, us =       80,      156,      178,      209,      394)
[2024-08-16T20:43:27.100+0800][8.319s][info ][gc,stats       ]     CWR: Code Cache Roots      =    0.006 s (a =      135 us) (n =    46) (lvls, us =       60,      105,      133,      148,      258)
[2024-08-16T20:43:27.100+0800][8.319s][info ][gc,stats       ]     CWR: VM Weak Roots         =    0.002 s (a =       54 us) (n =    46) (lvls, us =       19,       26,       27,       80,      255)
[2024-08-16T20:43:27.100+0800][8.319s][info ][gc,stats       ]     CWR: CLDG Roots            =    0.000 s (a =        2 us) (n =    46) (lvls, us =        1,        1,        1,        2,        3)
[2024-08-16T20:43:27.100+0800][8.319s][info ][gc,stats       ]   Rendezvous                   =    0.007 s (a =      143 us) (n =    46) (lvls, us =       42,       51,       76,      137,     1009)
[2024-08-16T20:43:27.100+0800][8.319s][info ][gc,stats       ] Concurrent Cleanup             =    0.007 s (a =      150 us) (n =    46) (lvls, us =      104,      109,      121,      137,      600)
[2024-08-16T20:43:27.100+0800][8.319s][info ][gc,stats       ] Concurrent Class Unloading     =    0.025 s (a =      554 us) (n =    46) (lvls, us =      369,      459,      490,      555,     1346)
[2024-08-16T20:43:27.100+0800][8.319s][info ][gc,stats       ]   Unlink Stale                 =    0.015 s (a =      327 us) (n =    46) (lvls, us =      217,      275,      301,      316,     1023)
[2024-08-16T20:43:27.100+0800][8.319s][info ][gc,stats       ]     System Dictionary          =    0.001 s (a =       24 us) (n =    46) (lvls, us =       17,       17,       18,       26,       75)
[2024-08-16T20:43:27.100+0800][8.319s][info ][gc,stats       ]     Weak Class Links           =    0.000 s (a =        0 us) (n =    46) (lvls, us =        0,        0,        0,        0,        1)
[2024-08-16T20:43:27.100+0800][8.319s][info ][gc,stats       ]     Code Roots                 =    0.014 s (a =      303 us) (n =    46) (lvls, us =      199,      258,      275,      295,      967)
[2024-08-16T20:43:27.100+0800][8.319s][info ][gc,stats       ]   Rendezvous                   =    0.004 s (a =       80 us) (n =    46) (lvls, us =       41,       51,       60,       93,      228)
[2024-08-16T20:43:27.100+0800][8.319s][info ][gc,stats       ]   Purge Unlinked               =    0.004 s (a =       90 us) (n =    46) (lvls, us =       52,       62,       77,       97,      249)
[2024-08-16T20:43:27.100+0800][8.319s][info ][gc,stats       ]     Code Roots                 =    0.003 s (a =       72 us) (n =    46) (lvls, us =       40,       47,       53,       80,      224)
[2024-08-16T20:43:27.100+0800][8.319s][info ][gc,stats       ]     CLDG                       =    0.001 s (a =       18 us) (n =    46) (lvls, us =       10,       12,       14,       18,       46)
[2024-08-16T20:43:27.100+0800][8.319s][info ][gc,stats       ]     Exception Caches           =    0.000 s (a =        0 us) (n =    46) (lvls, us =        0,        0,        0,        0,        1)
[2024-08-16T20:43:27.100+0800][8.319s][info ][gc,stats       ] Concurrent Strong Roots        =    0.006 s (a =      156 us) (n =    38) (lvls, us =       75,       89,      133,      166,      408)
[2024-08-16T20:43:27.100+0800][8.319s][info ][gc,stats       ]   CSR: <total>                 =    0.002 s (a =       45 us) (n =    38) (lvls, us =       11,       13,       14,       54,      218)
[2024-08-16T20:43:27.100+0800][8.319s][info ][gc,stats       ]   CSR: VM Strong Roots         =    0.000 s (a =        6 us) (n =    38) (lvls, us =        1,        2,        2,        7,       48)
[2024-08-16T20:43:27.100+0800][8.319s][info ][gc,stats       ]   CSR: CLDG Roots              =    0.001 s (a =       39 us) (n =    38) (lvls, us =        9,       11,       12,       50,      184)
[2024-08-16T20:43:27.100+0800][8.319s][info ][gc,stats       ] Concurrent Evacuation          =    0.495 s (a =    13387 us) (n =    37) (lvls, us =      203,    10547,    14453,    15625,    41395)
[2024-08-16T20:43:27.100+0800][8.319s][info ][gc,stats       ] Pause Final Roots (G)          =    0.001 s (a =      128 us) (n =     8) (lvls, us =       73,       84,      129,      145,      181)
[2024-08-16T20:43:27.100+0800][8.319s][info ][gc,stats       ] Pause Final Roots (N)          =    0.000 s (a =       49 us) (n =     8) (lvls, us =       20,       30,       45,       49,       84)
[2024-08-16T20:43:27.100+0800][8.319s][info ][gc,stats       ] Pause Init Update Refs (G)     =    0.003 s (a =      154 us) (n =    20) (lvls, us =       96,      104,      145,      182,      213)
[2024-08-16T20:43:27.100+0800][8.319s][info ][gc,stats       ] Pause Init Update Refs (N)     =    0.001 s (a =       61 us) (n =    20) (lvls, us =       41,       46,       58,       65,      100)
[2024-08-16T20:43:27.100+0800][8.319s][info ][gc,stats       ]   Manage GCLABs                =    0.000 s (a =        3 us) (n =    20) (lvls, us =        2,        3,        3,        3,        5)
[2024-08-16T20:43:27.100+0800][8.319s][info ][gc,stats       ] Concurrent Update Refs         =    0.042 s (a =     2096 us) (n =    20) (lvls, us =      963,     1934,     2129,     2207,     3279)
[2024-08-16T20:43:27.100+0800][8.319s][info ][gc,stats       ] Concurrent Update Thread Roots =    0.006 s (a =      309 us) (n =    20) (lvls, us =      184,      260,      285,      346,      447)
[2024-08-16T20:43:27.100+0800][8.319s][info ][gc,stats       ] Pause Final Update Refs (G)    =    0.006 s (a =      292 us) (n =    20) (lvls, us =      189,      234,      283,      334,      440)
[2024-08-16T20:43:27.100+0800][8.319s][info ][gc,stats       ] Pause Final Update Refs (N)    =    0.004 s (a =      203 us) (n =    20) (lvls, us =      139,      166,      188,      219,      279)
[2024-08-16T20:43:27.100+0800][8.319s][info ][gc,stats       ]   Update Region States         =    0.002 s (a =      113 us) (n =    20) (lvls, us =       85,       98,      104,      127,      148)
[2024-08-16T20:43:27.100+0800][8.319s][info ][gc,stats       ]   Trash Collection Set         =    0.000 s (a =        6 us) (n =    20) (lvls, us =        2,        3,        4,        5,       34)
[2024-08-16T20:43:27.100+0800][8.319s][info ][gc,stats       ]   Rebuild Free Set             =    0.000 s (a =       13 us) (n =    20) (lvls, us =        9,       11,       13,       14,       28)
[2024-08-16T20:43:27.100+0800][8.319s][info ][gc,stats       ] Concurrent Cleanup             =    0.003 s (a =      146 us) (n =    20) (lvls, us =      109,      129,      135,      143,      304)
[2024-08-16T20:43:27.100+0800][8.319s][info ][gc,stats       ] Pause Degenerated GC (G)       =    1.316 s (a =    69273 us) (n =    19) (lvls, us =    60938,    63672,    65625,    75000,    79217)
[2024-08-16T20:43:27.100+0800][8.319s][info ][gc,stats       ] Pause Degenerated GC (N)       =    1.314 s (a =    69158 us) (n =    19) (lvls, us =    60938,    63477,    65625,    74805,    78930)
[2024-08-16T20:43:27.100+0800][8.319s][info ][gc,stats       ]   Degen STW Mark               =    0.003 s (a =      675 us) (n =     5) (lvls, us =      604,      604,      623,      627,      840)
[2024-08-16T20:43:27.100+0800][8.319s][info ][gc,stats       ]     DSM: <total>               =    0.019 s (a =     3771 us) (n =     5) (lvls, us =     3555,     3555,     3555,     3574,     4344)
[2024-08-16T20:43:27.100+0800][8.319s][info ][gc,stats       ]     DSM: Thread Roots          =    0.000 s (a =       77 us) (n =     5) (lvls, us =       42,       42,       54,       63,      161)
[2024-08-16T20:43:27.100+0800][8.319s][info ][gc,stats       ]     DSM: VM Strong Roots       =    0.000 s (a =        5 us) (n =     5) (lvls, us =        4,        4,        5,        5,        5)
[2024-08-16T20:43:27.100+0800][8.319s][info ][gc,stats       ]     DSM: CLDG Roots            =    0.000 s (a =       49 us) (n =     5) (lvls, us =       30,       30,       31,       33,      102)
[2024-08-16T20:43:27.100+0800][8.319s][info ][gc,stats       ]     DSM: Parallel Mark         =    0.018 s (a =     3640 us) (n =     5) (lvls, us =     3438,     3438,     3457,     3496,     4145)
[2024-08-16T20:43:27.100+0800][8.319s][info ][gc,stats       ]     System Purge               =    0.003 s (a =      528 us) (n =     5) (lvls, us =      465,      465,      500,      504,      604)
[2024-08-16T20:43:27.100+0800][8.319s][info ][gc,stats       ]       Weak References          =    0.001 s (a =      148 us) (n =     5) (lvls, us =      129,      129,      137,      139,      184)
[2024-08-16T20:43:27.100+0800][8.319s][info ][gc,stats       ]         WRP: <total>           =    0.000 s (a =        5 us) (n =     5) (lvls, us =        4,        4,        4,        5,        9)
[2024-08-16T20:43:27.100+0800][8.319s][info ][gc,stats       ]         WRP: Weak References   =    0.000 s (a =        5 us) (n =     5) (lvls, us =        4,        4,        4,        5,        9)
[2024-08-16T20:43:27.100+0800][8.319s][info ][gc,stats       ]       Unload Classes           =    0.001 s (a =      256 us) (n =     5) (lvls, us =      207,      207,      223,      244,      312)
[2024-08-16T20:43:27.100+0800][8.320s][info ][gc,stats       ]         DCU: <total>           =    0.003 s (a =      686 us) (n =     5) (lvls, us =      582,      582,      670,      717,      743)
[2024-08-16T20:43:27.100+0800][8.320s][info ][gc,stats       ]         DCU: Unload Code Caches =    0.003 s (a =      686 us) (n =     5) (lvls, us =      582,      582,      670,      717,      743)
[2024-08-16T20:43:27.100+0800][8.320s][info ][gc,stats       ]       Weak Roots               =    0.001 s (a =      122 us) (n =     5) (lvls, us =      105,      105,      109,      127,      136)
[2024-08-16T20:43:27.100+0800][8.320s][info ][gc,stats       ]         DWR: <total>           =    0.000 s (a =       26 us) (n =     5) (lvls, us =       24,       24,       25,       26,       30)
[2024-08-16T20:43:27.100+0800][8.320s][info ][gc,stats       ]         DWR: VM Weak Roots     =    0.000 s (a =       26 us) (n =     5) (lvls, us =       24,       24,       25,       26,       30)
[2024-08-16T20:43:27.100+0800][8.320s][info ][gc,stats       ]       CLDG                     =    0.000 s (a =        1 us) (n =     5) (lvls, us =        1,        1,        1,        1,        2)
[2024-08-16T20:43:27.100+0800][8.320s][info ][gc,stats       ]   Update Region States         =    0.001 s (a =      139 us) (n =     5) (lvls, us =      102,      102,      104,      113,      246)
[2024-08-16T20:43:27.100+0800][8.320s][info ][gc,stats       ]   Manage GC/TLABs              =    0.000 s (a =        2 us) (n =     5) (lvls, us =        1,        1,        2,        2,        2)
[2024-08-16T20:43:27.100+0800][8.320s][info ][gc,stats       ]   Choose Collection Set        =    0.001 s (a =      128 us) (n =     5) (lvls, us =       75,       75,      107,      109,      235)
[2024-08-16T20:43:27.100+0800][8.320s][info ][gc,stats       ]   Rebuild Free Set             =    0.000 s (a =       11 us) (n =     5) (lvls, us =        6,        6,        9,        9,       18)
[2024-08-16T20:43:27.100+0800][8.320s][info ][gc,stats       ]   Evacuation                   =    0.075 s (a =     3974 us) (n =    19) (lvls, us =      502,     1406,     1465,     1758,    11739)
[2024-08-16T20:43:27.100+0800][8.320s][info ][gc,stats       ] Pause Full GC (G)              =    0.200 s (a =    50124 us) (n =     4) (lvls, us =    11719,    11719,    61719,    63086,    63752)
[2024-08-16T20:43:27.100+0800][8.320s][info ][gc,stats       ] Pause Full GC (N)              =    0.200 s (a =    50019 us) (n =     4) (lvls, us =    11523,    11523,    61523,    63086,    63624)
[2024-08-16T20:43:27.100+0800][8.320s][info ][gc,stats       ]   Pre Heap Dump                =    0.000 s (a =        1 us) (n =    23) (lvls, us =        0,        1,        1,        1,        2)
[2024-08-16T20:43:27.100+0800][8.320s][info ][gc,stats       ]   Prepare                      =    0.062 s (a =     2679 us) (n =    23) (lvls, us =      158,     2578,     2715,     2793,     3529)
[2024-08-16T20:43:27.100+0800][8.320s][info ][gc,stats       ]     Update Roots               =    0.008 s (a =      376 us) (n =    22) (lvls, us =      270,      299,      326,      361,     1003)
[2024-08-16T20:43:27.100+0800][8.320s][info ][gc,stats       ]       FU: <total>              =    0.013 s (a =      605 us) (n =    22) (lvls, us =      434,      521,      568,      623,      996)
[2024-08-16T20:43:27.100+0800][8.320s][info ][gc,stats       ]       FU: Thread Roots         =    0.002 s (a =       69 us) (n =    22) (lvls, us =       21,       28,       36,       47,      459)
[2024-08-16T20:43:27.100+0800][8.320s][info ][gc,stats       ]       FU: Code Cache Roots     =    0.011 s (a =      488 us) (n =    22) (lvls, us =      367,      410,      482,      500,      925)
[2024-08-16T20:43:27.100+0800][8.320s][info ][gc,stats       ]       FU: VM Strong Roots      =    0.000 s (a =        4 us) (n =    22) (lvls, us =        2,        2,        3,        3,       18)
[2024-08-16T20:43:27.100+0800][8.320s][info ][gc,stats       ]       FU: VM Weak Roots        =    0.001 s (a =       27 us) (n =    22) (lvls, us =       21,       22,       23,       23,       68)
[2024-08-16T20:43:27.100+0800][8.320s][info ][gc,stats       ]       FU: CLDG Roots           =    0.000 s (a =       17 us) (n =    22) (lvls, us =       12,       15,       16,       17,       28)
[2024-08-16T20:43:27.100+0800][8.320s][info ][gc,stats       ]   Mark                         =    0.032 s (a =     1413 us) (n =    23) (lvls, us =     1016,     1113,     1172,     1562,     2614)
[2024-08-16T20:43:27.100+0800][8.320s][info ][gc,stats       ]     FM: <total>                =    0.108 s (a =     4698 us) (n =    23) (lvls, us =     3418,     3750,     4004,     4688,    11892)
[2024-08-16T20:43:27.100+0800][8.320s][info ][gc,stats       ]     FM: Thread Roots           =    0.001 s (a =       39 us) (n =    23) (lvls, us =       22,       30,       33,       46,       72)
[2024-08-16T20:43:27.100+0800][8.320s][info ][gc,stats       ]     FM: VM Strong Roots        =    0.000 s (a =        5 us) (n =    23) (lvls, us =        3,        3,        4,        4,       22)
[2024-08-16T20:43:27.100+0800][8.320s][info ][gc,stats       ]     FM: CLDG Roots             =    0.001 s (a =       41 us) (n =    23) (lvls, us =       26,       29,       36,       51,       64)
[2024-08-16T20:43:27.100+0800][8.320s][info ][gc,stats       ]     FM: Parallel Mark          =    0.106 s (a =     4613 us) (n =    23) (lvls, us =     3320,     3633,     3906,     4609,    11805)
[2024-08-16T20:43:27.100+0800][8.320s][info ][gc,stats       ]     System Purge               =    0.014 s (a =      591 us) (n =    23) (lvls, us =      387,      430,      502,      668,     1068)
[2024-08-16T20:43:27.100+0800][8.320s][info ][gc,stats       ]       Weak References          =    0.004 s (a =      170 us) (n =    23) (lvls, us =      109,      123,      143,      172,      393)
[2024-08-16T20:43:27.100+0800][8.320s][info ][gc,stats       ]         WRP: <total>           =    0.000 s (a =        5 us) (n =    23) (lvls, us =        3,        4,        4,        5,       13)
[2024-08-16T20:43:27.100+0800][8.320s][info ][gc,stats       ]         WRP: Weak References   =    0.000 s (a =        5 us) (n =    23) (lvls, us =        3,        4,        4,        5,       13)
[2024-08-16T20:43:27.100+0800][8.320s][info ][gc,stats       ]       Unload Classes           =    0.006 s (a =      280 us) (n =    23) (lvls, us =      172,      219,      242,      293,      517)
[2024-08-16T20:43:27.100+0800][8.320s][info ][gc,stats       ]         CU: <total>            =    0.016 s (a =      674 us) (n =    23) (lvls, us =      451,      480,      570,      662,     1761)
[2024-08-16T20:43:27.100+0800][8.320s][info ][gc,stats       ]         CU: Unload Code Caches =    0.013 s (a =      579 us) (n =    23) (lvls, us =      451,      480,      570,      656,      749)
[2024-08-16T20:43:27.100+0800][8.320s][info ][gc,stats       ]         CU: Unlink CLDs        =    0.002 s (a =     1095 us) (n =     2) (lvls, us =     1055,     1055,     1055,     1055,     1124)
[2024-08-16T20:43:27.100+0800][8.320s][info ][gc,stats       ]       Weak Roots               =    0.003 s (a =      137 us) (n =    23) (lvls, us =       91,       95,      113,      135,      288)
[2024-08-16T20:43:27.100+0800][8.320s][info ][gc,stats       ]         WR: <total>            =    0.001 s (a =       30 us) (n =    23) (lvls, us =       24,       26,       28,       31,       48)
[2024-08-16T20:43:27.100+0800][8.320s][info ][gc,stats       ]         WR: VM Weak Roots      =    0.001 s (a =       30 us) (n =    23) (lvls, us =       24,       26,       28,       31,       48)
[2024-08-16T20:43:27.100+0800][8.320s][info ][gc,stats       ]       CLDG                     =    0.000 s (a =        3 us) (n =    23) (lvls, us =        0,        0,        1,        1,       31)
[2024-08-16T20:43:27.100+0800][8.320s][info ][gc,stats       ]   Calculate Addresses          =    0.045 s (a =     1964 us) (n =    23) (lvls, us =     1680,     1816,     1914,     2031,     2465)
[2024-08-16T20:43:27.100+0800][8.320s][info ][gc,stats       ]     Regular Objects            =    0.044 s (a =     1929 us) (n =    23) (lvls, us =     1660,     1777,     1875,     1992,     2405)
[2024-08-16T20:43:27.100+0800][8.320s][info ][gc,stats       ]     Humongous Objects          =    0.000 s (a =       10 us) (n =    23) (lvls, us =        8,        8,        9,       10,       14)
[2024-08-16T20:43:27.100+0800][8.320s][info ][gc,stats       ]   Adjust Pointers              =    0.049 s (a =     2128 us) (n =    23) (lvls, us =     1875,     1953,     2070,     2188,     2570)
[2024-08-16T20:43:27.100+0800][8.320s][info ][gc,stats       ]     FA: <total>                =    0.011 s (a =      483 us) (n =    23) (lvls, us =      357,      414,      441,      521,      676)
[2024-08-16T20:43:27.100+0800][8.320s][info ][gc,stats       ]     FA: Thread Roots           =    0.001 s (a =       33 us) (n =    23) (lvls, us =       19,       23,       27,       37,       63)
[2024-08-16T20:43:27.100+0800][8.320s][info ][gc,stats       ]     FA: Code Cache Roots       =    0.009 s (a =      406 us) (n =    23) (lvls, us =      291,      338,      375,      439,      568)
[2024-08-16T20:43:27.100+0800][8.320s][info ][gc,stats       ]     FA: VM Strong Roots        =    0.000 s (a =        3 us) (n =    23) (lvls, us =        3,        3,        3,        4,        5)
[2024-08-16T20:43:27.100+0800][8.320s][info ][gc,stats       ]     FA: VM Weak Roots          =    0.001 s (a =       22 us) (n =    23) (lvls, us =       18,       19,       22,       23,       31)
[2024-08-16T20:43:27.100+0800][8.320s][info ][gc,stats       ]     FA: CLDG Roots             =    0.000 s (a =       18 us) (n =    23) (lvls, us =       13,       16,       18,       19,       23)
[2024-08-16T20:43:27.100+0800][8.320s][info ][gc,stats       ]   Copy Objects                 =    1.228 s (a =    53411 us) (n =    23) (lvls, us =     5195,    52539,    53906,    54883,    68452)
[2024-08-16T20:43:27.100+0800][8.320s][info ][gc,stats       ]     Regular Objects            =    1.166 s (a =    50705 us) (n =    23) (lvls, us =     1992,    50195,    51172,    52148,    65925)
[2024-08-16T20:43:27.100+0800][8.320s][info ][gc,stats       ]     Humongous Objects          =    0.000 s (a =       18 us) (n =    23) (lvls, us =       10,       14,       17,       18,       31)
[2024-08-16T20:43:27.100+0800][8.320s][info ][gc,stats       ]     Reset Complete Bitmap      =    0.061 s (a =     2636 us) (n =    23) (lvls, us =     2266,     2441,     2539,     2754,     3143)
[2024-08-16T20:43:27.100+0800][8.320s][info ][gc,stats       ]     Rebuild Region Sets        =    0.001 s (a =       49 us) (n =    23) (lvls, us =       33,       41,       47,       52,       76)
[2024-08-16T20:43:27.100+0800][8.320s][info ][gc,stats       ]   Post Heap Dump               =    0.000 s (a =        1 us) (n =    23) (lvls, us =        1,        1,        1,        1,        1)
[2024-08-16T20:43:27.100+0800][8.320s][info ][gc,stats       ] Pacing                         =    1.235 s (a =    18161 us) (n =    68) (lvls, us =        0,        0,    11328,    21875,    82082)
[2024-08-16T20:43:27.100+0800][8.320s][info ][gc,stats       ] 
[2024-08-16T20:43:27.100+0800][8.320s][info ][gc,stats       ] 
[2024-08-16T20:43:27.100+0800][8.320s][info ][gc,stats       ] Under allocation pressure, concurrent cycles may cancel, and either continue cycle
[2024-08-16T20:43:27.100+0800][8.320s][info ][gc,stats       ] under stop-the-world pause or result in stop-the-world Full GC. Increase heap size,
[2024-08-16T20:43:27.100+0800][8.320s][info ][gc,stats       ] tune GC heuristics, set more aggressive pacing delay, or lower allocation rate
[2024-08-16T20:43:27.100+0800][8.320s][info ][gc,stats       ] to avoid Degenerated and Full GC cycles.
[2024-08-16T20:43:27.100+0800][8.320s][info ][gc,stats       ] 
[2024-08-16T20:43:27.100+0800][8.320s][info ][gc,stats       ]    28 successful concurrent GCs
[2024-08-16T20:43:27.100+0800][8.320s][info ][gc,stats       ]       0 invoked explicitly
[2024-08-16T20:43:27.100+0800][8.320s][info ][gc,stats       ]       0 invoked implicitly
[2024-08-16T20:43:27.100+0800][8.320s][info ][gc,stats       ] 
[2024-08-16T20:43:27.100+0800][8.320s][info ][gc,stats       ]    19 Degenerated GCs
[2024-08-16T20:43:27.100+0800][8.320s][info ][gc,stats       ]      19 caused by allocation failure
[2024-08-16T20:43:27.100+0800][8.320s][info ][gc,stats       ]         5 happened at Outside of Cycle
[2024-08-16T20:43:27.100+0800][8.320s][info ][gc,stats       ]        14 happened at Evacuation
[2024-08-16T20:43:27.100+0800][8.320s][info ][gc,stats       ]      19 upgraded to Full GC
[2024-08-16T20:43:27.100+0800][8.320s][info ][gc,stats       ] 
[2024-08-16T20:43:27.100+0800][8.320s][info ][gc,stats       ]    23 Full GCs
[2024-08-16T20:43:27.100+0800][8.320s][info ][gc,stats       ]       0 invoked explicitly
[2024-08-16T20:43:27.100+0800][8.320s][info ][gc,stats       ]       0 invoked implicitly
[2024-08-16T20:43:27.100+0800][8.320s][info ][gc,stats       ]       4 caused by allocation failure
[2024-08-16T20:43:27.100+0800][8.320s][info ][gc,stats       ]      19 upgraded from Degenerated GC
[2024-08-16T20:43:27.100+0800][8.320s][info ][gc,stats       ] 
[2024-08-16T20:43:27.100+0800][8.320s][info ][gc,stats       ] 
