[2024-08-16T20:42:13.997+0800][0.007s][debug][gc,heap] Minimum heap 536870912  Initial heap 536870912  Maximum heap 4294967296
[2024-08-16T20:42:13.997+0800][0.007s][info ][gc     ] Using Serial
[2024-08-16T20:42:13.997+0800][0.007s][debug][gc,heap,coops] Heap address: 0x0000000700000000, size: 4096 MB, Compressed Oops mode: Zero based, Oop shift amount: 3
[2024-08-16T20:42:13.997+0800][0.008s][info ][gc,init      ] Version: 17.0.11+1-LTS (release)
[2024-08-16T20:42:13.997+0800][0.008s][info ][gc,init      ] CPUs: 16 total, 16 available
[2024-08-16T20:42:13.997+0800][0.008s][info ][gc,init      ] Memory: 53303M
[2024-08-16T20:42:13.997+0800][0.008s][info ][gc,init      ] Large Page Support: Disabled
[2024-08-16T20:42:13.997+0800][0.008s][info ][gc,init      ] NUMA Support: Disabled
[2024-08-16T20:42:13.997+0800][0.008s][info ][gc,init      ] Compressed Oops: Enabled (Zero based)
[2024-08-16T20:42:13.997+0800][0.008s][info ][gc,init      ] Heap Min Capacity: 512M
[2024-08-16T20:42:13.997+0800][0.008s][info ][gc,init      ] Heap Initial Capacity: 512M
[2024-08-16T20:42:13.997+0800][0.008s][info ][gc,init      ] Heap Max Capacity: 4G
[2024-08-16T20:42:13.997+0800][0.008s][info ][gc,init      ] Pre-touch: Disabled
[2024-08-16T20:42:14.005+0800][0.016s][info ][gc,metaspace ] CDS archive(s) mapped at: [0x00007f23a4000000-0x00007f23a4bbb000-0x00007f23a4bbb000), size 12300288, SharedBaseAddress: 0x00007f23a4000000, ArchiveRelocationMode: 1.
[2024-08-16T20:42:14.005+0800][0.016s][info ][gc,metaspace ] Compressed class space mapped at: 0x00007f23a5000000-0x00007f23e5000000, reserved size: 1073741824
[2024-08-16T20:42:14.005+0800][0.016s][info ][gc,metaspace ] Narrow klass base: 0x00007f23a4000000, Narrow klass shift: 0, Narrow klass range: 0x100000000
[2024-08-16T20:42:14.382+0800][0.392s][info ][gc,start     ] GC(0) Pause Young (Allocation Failure)
[2024-08-16T20:42:14.382+0800][0.393s][debug][gc,heap      ] GC(0) Heap before GC invocations=0 (full 0):
[2024-08-16T20:42:14.383+0800][0.393s][debug][gc,heap      ] GC(0)  def new generation   total 157248K, used 138907K [0x0000000700000000, 0x000000070aaa0000, 0x0000000755550000)
[2024-08-16T20:42:14.383+0800][0.393s][debug][gc,heap      ] GC(0)   eden space 139776K,  99% used [0x0000000700000000, 0x00000007087a6f60, 0x0000000708880000)
[2024-08-16T20:42:14.383+0800][0.393s][debug][gc,heap      ] GC(0)   from space 17472K,   0% used [0x0000000708880000, 0x0000000708880000, 0x0000000709990000)
[2024-08-16T20:42:14.383+0800][0.393s][debug][gc,heap      ] GC(0)   to   space 17472K,   0% used [0x0000000709990000, 0x0000000709990000, 0x000000070aaa0000)
[2024-08-16T20:42:14.383+0800][0.393s][debug][gc,heap      ] GC(0)  tenured generation   total 349568K, used 0K [0x0000000755550000, 0x000000076aab0000, 0x0000000800000000)
[2024-08-16T20:42:14.383+0800][0.393s][debug][gc,heap      ] GC(0)    the space 349568K,   0% used [0x0000000755550000, 0x0000000755550000, 0x0000000755550200, 0x000000076aab0000)
[2024-08-16T20:42:14.383+0800][0.393s][debug][gc,heap      ] GC(0)  Metaspace       used 806K, committed 960K, reserved 1114112K
[2024-08-16T20:42:14.383+0800][0.393s][debug][gc,heap      ] GC(0)   class space    used 62K, committed 128K, reserved 1048576K
[2024-08-16T20:42:14.383+0800][0.393s][debug][gc,tlab      ] GC(0) TLAB totals: thrds: 4  refills: 5 max: 2 slow allocs: 122 max 122 waste: 60.8% gc: 9296888B max: 2862528B slow: 46640B max: 46640B
[2024-08-16T20:42:14.437+0800][0.447s][debug][gc,ref       ] GC(0) Skipped phase 1 of Reference Processing: no references
[2024-08-16T20:42:14.437+0800][0.447s][debug][gc,ref       ] GC(0) ReferenceProcessor::execute queues: 1, RefProcThreadModel::Single, marks_oops_alive: false
[2024-08-16T20:42:14.437+0800][0.447s][debug][gc,ref       ] GC(0) Skipped phase 3 of Reference Processing: no references
[2024-08-16T20:42:14.437+0800][0.447s][debug][gc,ref       ] GC(0) ReferenceProcessor::execute queues: 1, RefProcThreadModel::Single, marks_oops_alive: false
[2024-08-16T20:42:14.437+0800][0.447s][debug][gc,phases,ref] GC(0) Reference Processing: 0.2ms
[2024-08-16T20:42:14.437+0800][0.447s][debug][gc,phases,ref] GC(0)   Reconsider SoftReferences: 0.1ms
[2024-08-16T20:42:14.437+0800][0.447s][debug][gc,phases,ref] GC(0)     SoftRef: skipped
[2024-08-16T20:42:14.437+0800][0.447s][debug][gc,phases,ref] GC(0)   Notify Soft/WeakReferences: 0.1ms
[2024-08-16T20:42:14.437+0800][0.447s][debug][gc,phases,ref] GC(0)     SoftRef: 0.0ms
[2024-08-16T20:42:14.437+0800][0.447s][debug][gc,phases,ref] GC(0)     WeakRef: 0.0ms
[2024-08-16T20:42:14.437+0800][0.447s][debug][gc,phases,ref] GC(0)     FinalRef: 0.0ms
[2024-08-16T20:42:14.437+0800][0.447s][debug][gc,phases,ref] GC(0)     Total: 0.0ms
[2024-08-16T20:42:14.437+0800][0.447s][debug][gc,phases,ref] GC(0)   Notify and keep alive finalizable: 0.0ms
[2024-08-16T20:42:14.437+0800][0.447s][debug][gc,phases,ref] GC(0)     FinalRef: skipped
[2024-08-16T20:42:14.437+0800][0.447s][debug][gc,phases,ref] GC(0)   Notify PhantomReferences: 0.0ms
[2024-08-16T20:42:14.437+0800][0.447s][debug][gc,phases,ref] GC(0)     PhantomRef: 0.0ms
[2024-08-16T20:42:14.437+0800][0.447s][debug][gc,phases,ref] GC(0)   SoftReference:
[2024-08-16T20:42:14.437+0800][0.447s][debug][gc,phases,ref] GC(0)     Discovered: 0
[2024-08-16T20:42:14.437+0800][0.447s][debug][gc,phases,ref] GC(0)     Cleared: 0
[2024-08-16T20:42:14.437+0800][0.447s][debug][gc,phases,ref] GC(0)   WeakReference:
[2024-08-16T20:42:14.437+0800][0.447s][debug][gc,phases,ref] GC(0)     Discovered: 109
[2024-08-16T20:42:14.437+0800][0.447s][debug][gc,phases,ref] GC(0)     Cleared: 64
[2024-08-16T20:42:14.437+0800][0.447s][debug][gc,phases,ref] GC(0)   FinalReference:
[2024-08-16T20:42:14.437+0800][0.447s][debug][gc,phases,ref] GC(0)     Discovered: 0
[2024-08-16T20:42:14.437+0800][0.447s][debug][gc,phases,ref] GC(0)     Cleared: 0
[2024-08-16T20:42:14.437+0800][0.447s][debug][gc,phases,ref] GC(0)   PhantomReference:
[2024-08-16T20:42:14.437+0800][0.447s][debug][gc,phases,ref] GC(0)     Discovered: 21
[2024-08-16T20:42:14.437+0800][0.447s][debug][gc,phases,ref] GC(0)     Cleared: 0
[2024-08-16T20:42:14.437+0800][0.447s][debug][gc,age       ] GC(0) Desired survivor size 8945664 bytes, new threshold 1 (max threshold 15)
[2024-08-16T20:42:14.437+0800][0.447s][info ][gc,heap      ] GC(0) DefNew: 138907K(157248K)->17084K(157248K) Eden: 138907K(139776K)->0K(139776K) From: 0K(17472K)->17084K(17472K)
[2024-08-16T20:42:14.437+0800][0.447s][info ][gc,heap      ] GC(0) Tenured: 0K(349568K)->60416K(349568K)
[2024-08-16T20:42:14.437+0800][0.447s][info ][gc,metaspace ] GC(0) Metaspace: 806K(960K)->806K(960K) NonClass: 743K(832K)->743K(832K) Class: 62K(128K)->62K(128K)
[2024-08-16T20:42:14.437+0800][0.447s][debug][gc,heap      ] GC(0) Heap after GC invocations=1 (full 0):
[2024-08-16T20:42:14.437+0800][0.447s][debug][gc,heap      ] GC(0)  def new generation   total 157248K, used 17084K [0x0000000700000000, 0x000000070aaa0000, 0x0000000755550000)
[2024-08-16T20:42:14.437+0800][0.447s][debug][gc,heap      ] GC(0)   eden space 139776K,   0% used [0x0000000700000000, 0x0000000700000000, 0x0000000708880000)
[2024-08-16T20:42:14.437+0800][0.447s][debug][gc,heap      ] GC(0)   from space 17472K,  97% used [0x0000000709990000, 0x000000070aa3f1d8, 0x000000070aaa0000)
[2024-08-16T20:42:14.437+0800][0.447s][debug][gc,heap      ] GC(0)   to   space 17472K,   0% used [0x0000000708880000, 0x0000000708880000, 0x0000000709990000)
[2024-08-16T20:42:14.437+0800][0.447s][debug][gc,heap      ] GC(0)  tenured generation   total 349568K, used 60416K [0x0000000755550000, 0x000000076aab0000, 0x0000000800000000)
[2024-08-16T20:42:14.437+0800][0.447s][debug][gc,heap      ] GC(0)    the space 349568K,  17% used [0x0000000755550000, 0x00000007590503b0, 0x0000000759050400, 0x000000076aab0000)
[2024-08-16T20:42:14.437+0800][0.447s][debug][gc,heap      ] GC(0)  Metaspace       used 806K, committed 960K, reserved 1114112K
[2024-08-16T20:42:14.437+0800][0.447s][debug][gc,heap      ] GC(0)   class space    used 62K, committed 128K, reserved 1048576K
[2024-08-16T20:42:14.437+0800][0.447s][info ][gc           ] GC(0) Pause Young (Allocation Failure) 135M->75M(494M) 54.951ms
[2024-08-16T20:42:14.437+0800][0.447s][info ][gc,cpu       ] GC(0) User=0.02s Sys=0.04s Real=0.05s
[2024-08-16T20:42:14.623+0800][0.633s][info ][gc,start     ] GC(1) Pause Young (Allocation Failure)
[2024-08-16T20:42:14.623+0800][0.633s][debug][gc,heap      ] GC(1) Heap before GC invocations=1 (full 0):
[2024-08-16T20:42:14.623+0800][0.633s][debug][gc,heap      ] GC(1)  def new generation   total 157248K, used 156698K [0x0000000700000000, 0x000000070aaa0000, 0x0000000755550000)
[2024-08-16T20:42:14.623+0800][0.633s][debug][gc,heap      ] GC(1)   eden space 139776K,  99% used [0x0000000700000000, 0x0000000708857780, 0x0000000708880000)
[2024-08-16T20:42:14.623+0800][0.633s][debug][gc,heap      ] GC(1)   from space 17472K,  97% used [0x0000000709990000, 0x000000070aa3f1d8, 0x000000070aaa0000)
[2024-08-16T20:42:14.623+0800][0.633s][debug][gc,heap      ] GC(1)   to   space 17472K,   0% used [0x0000000708880000, 0x0000000708880000, 0x0000000709990000)
[2024-08-16T20:42:14.623+0800][0.633s][debug][gc,heap      ] GC(1)  tenured generation   total 349568K, used 60416K [0x0000000755550000, 0x000000076aab0000, 0x0000000800000000)
[2024-08-16T20:42:14.623+0800][0.633s][debug][gc,heap      ] GC(1)    the space 349568K,  17% used [0x0000000755550000, 0x00000007590503b0, 0x0000000759050400, 0x000000076aab0000)
[2024-08-16T20:42:14.623+0800][0.633s][debug][gc,heap      ] GC(1)  Metaspace       used 832K, committed 960K, reserved 1114112K
[2024-08-16T20:42:14.623+0800][0.633s][debug][gc,heap      ] GC(1)   class space    used 62K, committed 128K, reserved 1048576K
[2024-08-16T20:42:14.623+0800][0.633s][debug][gc,tlab      ] GC(1) TLAB totals: thrds: 3  refills: 3 max: 1 slow allocs: 131 max 131 waste: 52.6% gc: 2946568B max: 1431272B slow: 0B max: 0B
[2024-08-16T20:42:14.711+0800][0.721s][debug][gc,ref       ] GC(1) Skipped phase 1 of Reference Processing: no references
[2024-08-16T20:42:14.711+0800][0.721s][debug][gc,ref       ] GC(1) Skipped phase 2 of Reference Processing: no references
[2024-08-16T20:42:14.711+0800][0.721s][debug][gc,ref       ] GC(1) Skipped phase 3 of Reference Processing: no references
[2024-08-16T20:42:14.711+0800][0.721s][debug][gc,ref       ] GC(1) Skipped phase 4 of Reference Processing: no references
[2024-08-16T20:42:14.711+0800][0.721s][debug][gc,phases,ref] GC(1) Reference Processing: 0.1ms
[2024-08-16T20:42:14.711+0800][0.721s][debug][gc,phases,ref] GC(1)   Reconsider SoftReferences: 0.1ms
[2024-08-16T20:42:14.711+0800][0.721s][debug][gc,phases,ref] GC(1)     SoftRef: skipped
[2024-08-16T20:42:14.711+0800][0.721s][debug][gc,phases,ref] GC(1)   Notify Soft/WeakReferences: 0.0ms
[2024-08-16T20:42:14.711+0800][0.721s][debug][gc,phases,ref] GC(1)     SoftRef: skipped
[2024-08-16T20:42:14.711+0800][0.721s][debug][gc,phases,ref] GC(1)     WeakRef: skipped
[2024-08-16T20:42:14.711+0800][0.721s][debug][gc,phases,ref] GC(1)     FinalRef: skipped
[2024-08-16T20:42:14.711+0800][0.721s][debug][gc,phases,ref] GC(1)     Total: skipped
[2024-08-16T20:42:14.711+0800][0.721s][debug][gc,phases,ref] GC(1)   Notify and keep alive finalizable: 0.0ms
[2024-08-16T20:42:14.711+0800][0.721s][debug][gc,phases,ref] GC(1)     FinalRef: skipped
[2024-08-16T20:42:14.711+0800][0.721s][debug][gc,phases,ref] GC(1)   Notify PhantomReferences: 0.0ms
[2024-08-16T20:42:14.711+0800][0.721s][debug][gc,phases,ref] GC(1)     PhantomRef: skipped
[2024-08-16T20:42:14.711+0800][0.721s][debug][gc,phases,ref] GC(1)   SoftReference:
[2024-08-16T20:42:14.711+0800][0.721s][debug][gc,phases,ref] GC(1)     Discovered: 0
[2024-08-16T20:42:14.711+0800][0.721s][debug][gc,phases,ref] GC(1)     Cleared: 0
[2024-08-16T20:42:14.711+0800][0.721s][debug][gc,phases,ref] GC(1)   WeakReference:
[2024-08-16T20:42:14.711+0800][0.721s][debug][gc,phases,ref] GC(1)     Discovered: 0
[2024-08-16T20:42:14.711+0800][0.721s][debug][gc,phases,ref] GC(1)     Cleared: 0
[2024-08-16T20:42:14.711+0800][0.721s][debug][gc,phases,ref] GC(1)   FinalReference:
[2024-08-16T20:42:14.711+0800][0.721s][debug][gc,phases,ref] GC(1)     Discovered: 0
[2024-08-16T20:42:14.711+0800][0.721s][debug][gc,phases,ref] GC(1)     Cleared: 0
[2024-08-16T20:42:14.711+0800][0.721s][debug][gc,phases,ref] GC(1)   PhantomReference:
[2024-08-16T20:42:14.711+0800][0.721s][debug][gc,phases,ref] GC(1)     Discovered: 0
[2024-08-16T20:42:14.711+0800][0.721s][debug][gc,phases,ref] GC(1)     Cleared: 0
[2024-08-16T20:42:14.711+0800][0.722s][debug][gc,age       ] GC(1) Desired survivor size 8945664 bytes, new threshold 1 (max threshold 15)
[2024-08-16T20:42:14.711+0800][0.722s][info ][gc,heap      ] GC(1) DefNew: 156698K(157248K)->17409K(157248K) Eden: 139613K(139776K)->0K(139776K) From: 17084K(17472K)->17409K(17472K)
[2024-08-16T20:42:14.711+0800][0.722s][info ][gc,heap      ] GC(1) Tenured: 60416K(349568K)->179900K(349568K)
[2024-08-16T20:42:14.711+0800][0.722s][info ][gc,metaspace ] GC(1) Metaspace: 832K(960K)->832K(960K) NonClass: 770K(832K)->770K(832K) Class: 62K(128K)->62K(128K)
[2024-08-16T20:42:14.711+0800][0.722s][debug][gc,heap      ] GC(1) Heap after GC invocations=2 (full 0):
[2024-08-16T20:42:14.711+0800][0.722s][debug][gc,heap      ] GC(1)  def new generation   total 157248K, used 17409K [0x0000000700000000, 0x000000070aaa0000, 0x0000000755550000)
[2024-08-16T20:42:14.711+0800][0.722s][debug][gc,heap      ] GC(1)   eden space 139776K,   0% used [0x0000000700000000, 0x0000000700000000, 0x0000000708880000)
[2024-08-16T20:42:14.711+0800][0.722s][debug][gc,heap      ] GC(1)   from space 17472K,  99% used [0x0000000708880000, 0x00000007099804b0, 0x0000000709990000)
[2024-08-16T20:42:14.711+0800][0.722s][debug][gc,heap      ] GC(1)   to   space 17472K,   0% used [0x0000000709990000, 0x0000000709990000, 0x000000070aaa0000)
[2024-08-16T20:42:14.711+0800][0.722s][debug][gc,heap      ] GC(1)  tenured generation   total 349568K, used 179900K [0x0000000755550000, 0x000000076aab0000, 0x0000000800000000)
[2024-08-16T20:42:14.711+0800][0.722s][debug][gc,heap      ] GC(1)    the space 349568K,  51% used [0x0000000755550000, 0x00000007604ff370, 0x00000007604ff400, 0x000000076aab0000)
[2024-08-16T20:42:14.711+0800][0.722s][debug][gc,heap      ] GC(1)  Metaspace       used 832K, committed 960K, reserved 1114112K
[2024-08-16T20:42:14.711+0800][0.722s][debug][gc,heap      ] GC(1)   class space    used 62K, committed 128K, reserved 1048576K
[2024-08-16T20:42:14.711+0800][0.722s][info ][gc           ] GC(1) Pause Young (Allocation Failure) 212M->192M(494M) 88.462ms
[2024-08-16T20:42:14.711+0800][0.722s][info ][gc,cpu       ] GC(1) User=0.04s Sys=0.05s Real=0.08s
[2024-08-16T20:42:14.894+0800][0.904s][info ][gc,start     ] GC(2) Pause Young (Allocation Failure)
[2024-08-16T20:42:14.894+0800][0.904s][debug][gc,heap      ] GC(2) Heap before GC invocations=2 (full 0):
[2024-08-16T20:42:14.894+0800][0.904s][debug][gc,heap      ] GC(2)  def new generation   total 157248K, used 156302K [0x0000000700000000, 0x000000070aaa0000, 0x0000000755550000)
[2024-08-16T20:42:14.894+0800][0.904s][debug][gc,heap      ] GC(2)   eden space 139776K,  99% used [0x0000000700000000, 0x00000007087a3450, 0x0000000708880000)
[2024-08-16T20:42:14.894+0800][0.904s][debug][gc,heap      ] GC(2)   from space 17472K,  99% used [0x0000000708880000, 0x00000007099804b0, 0x0000000709990000)
[2024-08-16T20:42:14.894+0800][0.904s][debug][gc,heap      ] GC(2)   to   space 17472K,   0% used [0x0000000709990000, 0x0000000709990000, 0x000000070aaa0000)
[2024-08-16T20:42:14.894+0800][0.904s][debug][gc,heap      ] GC(2)  tenured generation   total 349568K, used 179900K [0x0000000755550000, 0x000000076aab0000, 0x0000000800000000)
[2024-08-16T20:42:14.894+0800][0.904s][debug][gc,heap      ] GC(2)    the space 349568K,  51% used [0x0000000755550000, 0x00000007604ff370, 0x00000007604ff400, 0x000000076aab0000)
[2024-08-16T20:42:14.894+0800][0.904s][debug][gc,heap      ] GC(2)  Metaspace       used 839K, committed 960K, reserved 1114112K
[2024-08-16T20:42:14.894+0800][0.904s][debug][gc,heap      ] GC(2)   class space    used 62K, committed 128K, reserved 1048576K
[2024-08-16T20:42:14.894+0800][0.904s][debug][gc,tlab      ] GC(2) TLAB totals: thrds: 1  refills: 1 max: 1 slow allocs: 133 max 133 waste:  3.7% gc: 102560B max: 102560B slow: 0B max: 0B
[2024-08-16T20:42:14.970+0800][0.981s][debug][gc,ref       ] GC(2) Skipped phase 1 of Reference Processing: no references
[2024-08-16T20:42:14.970+0800][0.981s][debug][gc,ref       ] GC(2) Skipped phase 2 of Reference Processing: no references
[2024-08-16T20:42:14.970+0800][0.981s][debug][gc,ref       ] GC(2) Skipped phase 3 of Reference Processing: no references
[2024-08-16T20:42:14.970+0800][0.981s][debug][gc,ref       ] GC(2) Skipped phase 4 of Reference Processing: no references
[2024-08-16T20:42:14.970+0800][0.981s][debug][gc,phases,ref] GC(2) Reference Processing: 0.1ms
[2024-08-16T20:42:14.970+0800][0.981s][debug][gc,phases,ref] GC(2)   Reconsider SoftReferences: 0.1ms
[2024-08-16T20:42:14.970+0800][0.981s][debug][gc,phases,ref] GC(2)     SoftRef: skipped
[2024-08-16T20:42:14.970+0800][0.981s][debug][gc,phases,ref] GC(2)   Notify Soft/WeakReferences: 0.0ms
[2024-08-16T20:42:14.970+0800][0.981s][debug][gc,phases,ref] GC(2)     SoftRef: skipped
[2024-08-16T20:42:14.970+0800][0.981s][debug][gc,phases,ref] GC(2)     WeakRef: skipped
[2024-08-16T20:42:14.970+0800][0.981s][debug][gc,phases,ref] GC(2)     FinalRef: skipped
[2024-08-16T20:42:14.970+0800][0.981s][debug][gc,phases,ref] GC(2)     Total: skipped
[2024-08-16T20:42:14.970+0800][0.981s][debug][gc,phases,ref] GC(2)   Notify and keep alive finalizable: 0.0ms
[2024-08-16T20:42:14.970+0800][0.981s][debug][gc,phases,ref] GC(2)     FinalRef: skipped
[2024-08-16T20:42:14.970+0800][0.981s][debug][gc,phases,ref] GC(2)   Notify PhantomReferences: 0.0ms
[2024-08-16T20:42:14.970+0800][0.981s][debug][gc,phases,ref] GC(2)     PhantomRef: skipped
[2024-08-16T20:42:14.970+0800][0.981s][debug][gc,phases,ref] GC(2)   SoftReference:
[2024-08-16T20:42:14.970+0800][0.981s][debug][gc,phases,ref] GC(2)     Discovered: 0
[2024-08-16T20:42:14.970+0800][0.981s][debug][gc,phases,ref] GC(2)     Cleared: 0
[2024-08-16T20:42:14.970+0800][0.981s][debug][gc,phases,ref] GC(2)   WeakReference:
[2024-08-16T20:42:14.970+0800][0.981s][debug][gc,phases,ref] GC(2)     Discovered: 0
[2024-08-16T20:42:14.970+0800][0.981s][debug][gc,phases,ref] GC(2)     Cleared: 0
[2024-08-16T20:42:14.970+0800][0.981s][debug][gc,phases,ref] GC(2)   FinalReference:
[2024-08-16T20:42:14.970+0800][0.981s][debug][gc,phases,ref] GC(2)     Discovered: 0
[2024-08-16T20:42:14.970+0800][0.981s][debug][gc,phases,ref] GC(2)     Cleared: 0
[2024-08-16T20:42:14.970+0800][0.981s][debug][gc,phases,ref] GC(2)   PhantomReference:
[2024-08-16T20:42:14.971+0800][0.981s][debug][gc,phases,ref] GC(2)     Discovered: 0
[2024-08-16T20:42:14.971+0800][0.981s][debug][gc,phases,ref] GC(2)     Cleared: 0
[2024-08-16T20:42:14.971+0800][0.981s][debug][gc,age       ] GC(2) Desired survivor size 8945664 bytes, new threshold 1 (max threshold 15)
[2024-08-16T20:42:14.971+0800][0.981s][info ][gc,heap      ] GC(2) DefNew: 156302K(157248K)->17409K(157248K) Eden: 138893K(139776K)->0K(139776K) From: 17409K(17472K)->17409K(17472K)
[2024-08-16T20:42:14.971+0800][0.981s][info ][gc,heap      ] GC(2) Tenured: 179900K(349568K)->300734K(349568K)
[2024-08-16T20:42:14.971+0800][0.981s][info ][gc,metaspace ] GC(2) Metaspace: 839K(960K)->839K(960K) NonClass: 777K(832K)->777K(832K) Class: 62K(128K)->62K(128K)
[2024-08-16T20:42:14.971+0800][0.981s][debug][gc,heap      ] GC(2) Heap after GC invocations=3 (full 0):
[2024-08-16T20:42:14.971+0800][0.981s][debug][gc,heap      ] GC(2)  def new generation   total 157248K, used 17409K [0x0000000700000000, 0x000000070aaa0000, 0x0000000755550000)
[2024-08-16T20:42:14.971+0800][0.981s][debug][gc,heap      ] GC(2)   eden space 139776K,   0% used [0x0000000700000000, 0x0000000700000000, 0x0000000708880000)
[2024-08-16T20:42:14.971+0800][0.981s][debug][gc,heap      ] GC(2)   from space 17472K,  99% used [0x0000000709990000, 0x000000070aa90638, 0x000000070aaa0000)
[2024-08-16T20:42:14.971+0800][0.981s][debug][gc,heap      ] GC(2)   to   space 17472K,   0% used [0x0000000708880000, 0x0000000708880000, 0x0000000709990000)
[2024-08-16T20:42:14.971+0800][0.981s][debug][gc,heap      ] GC(2)  tenured generation   total 349568K, used 300734K [0x0000000755550000, 0x000000076aab0000, 0x0000000800000000)
[2024-08-16T20:42:14.971+0800][0.981s][debug][gc,heap      ] GC(2)    the space 349568K,  86% used [0x0000000755550000, 0x0000000767affbd0, 0x0000000767affc00, 0x000000076aab0000)
[2024-08-16T20:42:14.971+0800][0.981s][debug][gc,heap      ] GC(2)  Metaspace       used 839K, committed 960K, reserved 1114112K
[2024-08-16T20:42:14.971+0800][0.981s][debug][gc,heap      ] GC(2)   class space    used 62K, committed 128K, reserved 1048576K
[2024-08-16T20:42:14.971+0800][0.981s][info ][gc           ] GC(2) Pause Young (Allocation Failure) 328M->310M(494M) 76.553ms
[2024-08-16T20:42:14.971+0800][0.981s][info ][gc,cpu       ] GC(2) User=0.03s Sys=0.04s Real=0.07s
[2024-08-16T20:42:15.133+0800][1.144s][info ][gc,start     ] GC(3) Pause Young (Allocation Failure)
[2024-08-16T20:42:15.133+0800][1.144s][debug][gc,heap      ] GC(3) Heap before GC invocations=3 (full 0):
[2024-08-16T20:42:15.133+0800][1.144s][debug][gc,heap      ] GC(3)  def new generation   total 157248K, used 156335K [0x0000000700000000, 0x000000070aaa0000, 0x0000000755550000)
[2024-08-16T20:42:15.133+0800][1.144s][debug][gc,heap      ] GC(3)   eden space 139776K,  99% used [0x0000000700000000, 0x00000007087ab868, 0x0000000708880000)
[2024-08-16T20:42:15.133+0800][1.144s][debug][gc,heap      ] GC(3)   from space 17472K,  99% used [0x0000000709990000, 0x000000070aa90638, 0x000000070aaa0000)
[2024-08-16T20:42:15.133+0800][1.144s][debug][gc,heap      ] GC(3)   to   space 17472K,   0% used [0x0000000708880000, 0x0000000708880000, 0x0000000709990000)
[2024-08-16T20:42:15.133+0800][1.144s][debug][gc,heap      ] GC(3)  tenured generation   total 349568K, used 300734K [0x0000000755550000, 0x000000076aab0000, 0x0000000800000000)
[2024-08-16T20:42:15.133+0800][1.144s][debug][gc,heap      ] GC(3)    the space 349568K,  86% used [0x0000000755550000, 0x0000000767affbd0, 0x0000000767affc00, 0x000000076aab0000)
[2024-08-16T20:42:15.133+0800][1.144s][debug][gc,heap      ] GC(3)  Metaspace       used 839K, committed 960K, reserved 1114112K
[2024-08-16T20:42:15.133+0800][1.144s][debug][gc,heap      ] GC(3)   class space    used 62K, committed 128K, reserved 1048576K
[2024-08-16T20:42:15.134+0800][1.144s][debug][gc,tlab      ] GC(3) TLAB totals: thrds: 1  refills: 1 max: 1 slow allocs: 133 max 133 waste:  4.8% gc: 133856B max: 133856B slow: 0B max: 0B
[2024-08-16T20:42:15.217+0800][1.228s][debug][gc,ref       ] GC(3) Skipped phase 1 of Reference Processing: no references
[2024-08-16T20:42:15.217+0800][1.228s][debug][gc,ref       ] GC(3) Skipped phase 2 of Reference Processing: no references
[2024-08-16T20:42:15.217+0800][1.228s][debug][gc,ref       ] GC(3) Skipped phase 3 of Reference Processing: no references
[2024-08-16T20:42:15.217+0800][1.228s][debug][gc,ref       ] GC(3) Skipped phase 4 of Reference Processing: no references
[2024-08-16T20:42:15.217+0800][1.228s][debug][gc,phases,ref] GC(3) Reference Processing: 0.1ms
[2024-08-16T20:42:15.217+0800][1.228s][debug][gc,phases,ref] GC(3)   Reconsider SoftReferences: 0.1ms
[2024-08-16T20:42:15.217+0800][1.228s][debug][gc,phases,ref] GC(3)     SoftRef: skipped
[2024-08-16T20:42:15.217+0800][1.228s][debug][gc,phases,ref] GC(3)   Notify Soft/WeakReferences: 0.0ms
[2024-08-16T20:42:15.218+0800][1.228s][debug][gc,phases,ref] GC(3)     SoftRef: skipped
[2024-08-16T20:42:15.218+0800][1.228s][debug][gc,phases,ref] GC(3)     WeakRef: skipped
[2024-08-16T20:42:15.218+0800][1.228s][debug][gc,phases,ref] GC(3)     FinalRef: skipped
[2024-08-16T20:42:15.218+0800][1.228s][debug][gc,phases,ref] GC(3)     Total: skipped
[2024-08-16T20:42:15.218+0800][1.228s][debug][gc,phases,ref] GC(3)   Notify and keep alive finalizable: 0.0ms
[2024-08-16T20:42:15.218+0800][1.228s][debug][gc,phases,ref] GC(3)     FinalRef: skipped
[2024-08-16T20:42:15.218+0800][1.228s][debug][gc,phases,ref] GC(3)   Notify PhantomReferences: 0.0ms
[2024-08-16T20:42:15.218+0800][1.228s][debug][gc,phases,ref] GC(3)     PhantomRef: skipped
[2024-08-16T20:42:15.218+0800][1.228s][debug][gc,phases,ref] GC(3)   SoftReference:
[2024-08-16T20:42:15.218+0800][1.228s][debug][gc,phases,ref] GC(3)     Discovered: 0
[2024-08-16T20:42:15.218+0800][1.228s][debug][gc,phases,ref] GC(3)     Cleared: 0
[2024-08-16T20:42:15.218+0800][1.228s][debug][gc,phases,ref] GC(3)   WeakReference:
[2024-08-16T20:42:15.218+0800][1.228s][debug][gc,phases,ref] GC(3)     Discovered: 0
[2024-08-16T20:42:15.218+0800][1.228s][debug][gc,phases,ref] GC(3)     Cleared: 0
[2024-08-16T20:42:15.218+0800][1.228s][debug][gc,phases,ref] GC(3)   FinalReference:
[2024-08-16T20:42:15.218+0800][1.228s][debug][gc,phases,ref] GC(3)     Discovered: 0
[2024-08-16T20:42:15.218+0800][1.228s][debug][gc,phases,ref] GC(3)     Cleared: 0
[2024-08-16T20:42:15.218+0800][1.228s][debug][gc,phases,ref] GC(3)   PhantomReference:
[2024-08-16T20:42:15.218+0800][1.228s][debug][gc,phases,ref] GC(3)     Discovered: 0
[2024-08-16T20:42:15.218+0800][1.228s][debug][gc,phases,ref] GC(3)     Cleared: 0
[2024-08-16T20:42:15.218+0800][1.228s][debug][gc,age       ] GC(3) Desired survivor size 8945664 bytes, new threshold 1 (max threshold 15)
[2024-08-16T20:42:15.218+0800][1.228s][debug][gc,heap      ] GC(3) Heap after GC invocations=4 (full 0):
[2024-08-16T20:42:15.218+0800][1.228s][debug][gc,heap      ] GC(3)  def new generation   total 157248K, used 17411K [0x0000000700000000, 0x000000070aaa0000, 0x0000000755550000)
[2024-08-16T20:42:15.218+0800][1.228s][debug][gc,heap      ] GC(3)   eden space 139776K,   0% used [0x0000000700000000, 0x0000000700000000, 0x0000000708880000)
[2024-08-16T20:42:15.218+0800][1.228s][debug][gc,heap      ] GC(3)   from space 17472K,  99% used [0x0000000708880000, 0x0000000709980ff0, 0x0000000709990000)
[2024-08-16T20:42:15.218+0800][1.228s][debug][gc,heap      ] GC(3)   to   space 17472K,   0% used [0x0000000709990000, 0x0000000709990000, 0x000000070aaa0000)
[2024-08-16T20:42:15.218+0800][1.228s][debug][gc,heap      ] GC(3)  tenured generation   total 439004K, used 438977K [0x0000000755550000, 0x0000000770207000, 0x0000000800000000)
[2024-08-16T20:42:15.218+0800][1.228s][debug][gc,heap      ] GC(3)    the space 439004K,  99% used [0x0000000755550000, 0x0000000770200588, 0x0000000770200600, 0x0000000770207000)
[2024-08-16T20:42:15.218+0800][1.228s][debug][gc,heap      ] GC(3)  Metaspace       used 839K, committed 960K, reserved 1114112K
[2024-08-16T20:42:15.218+0800][1.228s][debug][gc,heap      ] GC(3)   class space    used 62K, committed 128K, reserved 1048576K
[2024-08-16T20:42:15.218+0800][1.228s][info ][gc           ] GC(3) Pause Young (Allocation Failure) 446M->445M(582M) 84.339ms
[2024-08-16T20:42:15.218+0800][1.228s][info ][gc,cpu       ] GC(3) User=0.03s Sys=0.05s Real=0.08s
[2024-08-16T20:42:15.218+0800][1.228s][info ][gc,start     ] GC(4) Pause Full (Allocation Failure)
[2024-08-16T20:42:15.218+0800][1.228s][debug][gc,heap      ] GC(4) Heap before GC invocations=4 (full 0):
[2024-08-16T20:42:15.218+0800][1.228s][debug][gc,heap      ] GC(4)  def new generation   total 157248K, used 17411K [0x0000000700000000, 0x000000070aaa0000, 0x0000000755550000)
[2024-08-16T20:42:15.218+0800][1.228s][debug][gc,heap      ] GC(4)   eden space 139776K,   0% used [0x0000000700000000, 0x0000000700000000, 0x0000000708880000)
[2024-08-16T20:42:15.218+0800][1.228s][debug][gc,heap      ] GC(4)   from space 17472K,  99% used [0x0000000708880000, 0x0000000709980ff0, 0x0000000709990000)
[2024-08-16T20:42:15.218+0800][1.228s][debug][gc,heap      ] GC(4)   to   space 17472K,   0% used [0x0000000709990000, 0x0000000709990000, 0x000000070aaa0000)
[2024-08-16T20:42:15.218+0800][1.228s][debug][gc,heap      ] GC(4)  tenured generation   total 439004K, used 438977K [0x0000000755550000, 0x0000000770207000, 0x0000000800000000)
[2024-08-16T20:42:15.218+0800][1.228s][debug][gc,heap      ] GC(4)    the space 439004K,  99% used [0x0000000755550000, 0x0000000770200588, 0x0000000770200600, 0x0000000770207000)
[2024-08-16T20:42:15.218+0800][1.228s][debug][gc,heap      ] GC(4)  Metaspace       used 839K, committed 960K, reserved 1114112K
[2024-08-16T20:42:15.218+0800][1.228s][debug][gc,heap      ] GC(4)   class space    used 62K, committed 128K, reserved 1048576K
[2024-08-16T20:42:15.218+0800][1.228s][info ][gc,phases,start] GC(4) Phase 1: Mark live objects
[2024-08-16T20:42:15.219+0800][1.229s][debug][gc,phases,start] GC(4) Reference Processing
[2024-08-16T20:42:15.219+0800][1.229s][debug][gc,ref         ] GC(4) Skipped phase 1 of Reference Processing: no references
[2024-08-16T20:42:15.219+0800][1.229s][debug][gc,ref         ] GC(4) ReferenceProcessor::execute queues: 1, RefProcThreadModel::Single, marks_oops_alive: false
[2024-08-16T20:42:15.219+0800][1.229s][debug][gc,ref         ] GC(4) Skipped phase 3 of Reference Processing: no references
[2024-08-16T20:42:15.219+0800][1.229s][debug][gc,ref         ] GC(4) Skipped phase 4 of Reference Processing: no references
[2024-08-16T20:42:15.219+0800][1.229s][debug][gc,phases,ref  ] GC(4) Reference Processing: 0.1ms
[2024-08-16T20:42:15.219+0800][1.229s][debug][gc,phases,ref  ] GC(4)   Reconsider SoftReferences: 0.0ms
[2024-08-16T20:42:15.219+0800][1.229s][debug][gc,phases,ref  ] GC(4)     SoftRef: skipped
[2024-08-16T20:42:15.219+0800][1.229s][debug][gc,phases,ref  ] GC(4)   Notify Soft/WeakReferences: 0.1ms
[2024-08-16T20:42:15.219+0800][1.229s][debug][gc,phases,ref  ] GC(4)     SoftRef: 0.0ms
[2024-08-16T20:42:15.219+0800][1.229s][debug][gc,phases,ref  ] GC(4)     WeakRef: 0.0ms
[2024-08-16T20:42:15.219+0800][1.229s][debug][gc,phases,ref  ] GC(4)     FinalRef: 0.0ms
[2024-08-16T20:42:15.219+0800][1.229s][debug][gc,phases,ref  ] GC(4)     Total: 0.0ms
[2024-08-16T20:42:15.219+0800][1.229s][debug][gc,phases,ref  ] GC(4)   Notify and keep alive finalizable: 0.0ms
[2024-08-16T20:42:15.219+0800][1.229s][debug][gc,phases,ref  ] GC(4)     FinalRef: skipped
[2024-08-16T20:42:15.219+0800][1.229s][debug][gc,phases,ref  ] GC(4)   Notify PhantomReferences: 0.0ms
[2024-08-16T20:42:15.219+0800][1.229s][debug][gc,phases,ref  ] GC(4)     PhantomRef: skipped
[2024-08-16T20:42:15.219+0800][1.229s][debug][gc,phases,ref  ] GC(4)   SoftReference:
[2024-08-16T20:42:15.219+0800][1.229s][debug][gc,phases,ref  ] GC(4)     Discovered: 0
[2024-08-16T20:42:15.219+0800][1.229s][debug][gc,phases,ref  ] GC(4)     Cleared: 0
[2024-08-16T20:42:15.219+0800][1.229s][debug][gc,phases,ref  ] GC(4)   WeakReference:
[2024-08-16T20:42:15.219+0800][1.229s][debug][gc,phases,ref  ] GC(4)     Discovered: 2
[2024-08-16T20:42:15.219+0800][1.229s][debug][gc,phases,ref  ] GC(4)     Cleared: 2
[2024-08-16T20:42:15.219+0800][1.229s][debug][gc,phases,ref  ] GC(4)   FinalReference:
[2024-08-16T20:42:15.219+0800][1.229s][debug][gc,phases,ref  ] GC(4)     Discovered: 0
[2024-08-16T20:42:15.219+0800][1.229s][debug][gc,phases,ref  ] GC(4)     Cleared: 0
[2024-08-16T20:42:15.219+0800][1.229s][debug][gc,phases,ref  ] GC(4)   PhantomReference:
[2024-08-16T20:42:15.219+0800][1.229s][debug][gc,phases,ref  ] GC(4)     Discovered: 0
[2024-08-16T20:42:15.219+0800][1.229s][debug][gc,phases,ref  ] GC(4)     Cleared: 0
[2024-08-16T20:42:15.219+0800][1.229s][debug][gc,phases      ] GC(4) Reference Processing 0.252ms
[2024-08-16T20:42:15.219+0800][1.229s][debug][gc,phases,start] GC(4) Weak Processing
[2024-08-16T20:42:15.219+0800][1.229s][debug][gc,phases      ] GC(4) Weak Processing 0.028ms
[2024-08-16T20:42:15.219+0800][1.229s][debug][gc,phases,start] GC(4) Class Unloading
[2024-08-16T20:42:15.219+0800][1.229s][debug][gc,phases,start] GC(4) ClassLoaderData
[2024-08-16T20:42:15.219+0800][1.229s][debug][gc,phases      ] GC(4) ClassLoaderData 0.008ms
[2024-08-16T20:42:15.219+0800][1.229s][debug][gc,phases,start] GC(4) Trigger cleanups
[2024-08-16T20:42:15.219+0800][1.229s][debug][gc,phases      ] GC(4) Trigger cleanups 0.005ms
[2024-08-16T20:42:15.219+0800][1.230s][debug][gc,phases      ] GC(4) Class Unloading 0.474ms
[2024-08-16T20:42:15.219+0800][1.230s][debug][gc,phases,start] GC(4) Report Object Count
[2024-08-16T20:42:15.219+0800][1.230s][debug][gc,phases      ] GC(4) Report Object Count 0.007ms
[2024-08-16T20:42:15.219+0800][1.230s][info ][gc,phases      ] GC(4) Phase 1: Mark live objects 1.495ms
[2024-08-16T20:42:15.219+0800][1.230s][info ][gc,phases,start] GC(4) Phase 2: Compute new object addresses
[2024-08-16T20:42:15.220+0800][1.230s][info ][gc,phases      ] GC(4) Phase 2: Compute new object addresses 0.330ms
[2024-08-16T20:42:15.220+0800][1.230s][info ][gc,phases,start] GC(4) Phase 3: Adjust pointers
[2024-08-16T20:42:15.220+0800][1.231s][info ][gc,phases      ] GC(4) Phase 3: Adjust pointers 0.700ms
[2024-08-16T20:42:15.220+0800][1.231s][info ][gc,phases,start] GC(4) Phase 4: Move objects
[2024-08-16T20:42:15.249+0800][1.259s][info ][gc,phases      ] GC(4) Phase 4: Move objects 28.295ms
[2024-08-16T20:42:15.249+0800][1.259s][debug][gc,ergo,heap   ] GC(4) New generation size 174720K->237824K [eden=190336K,survivor=23744K]
[2024-08-16T20:42:15.249+0800][1.259s][info ][gc,heap        ] GC(4) DefNew: 156335K(157248K)->0K(214080K) Eden: 138926K(139776K)->0K(190336K) From: 17409K(17472K)->0K(23744K)
[2024-08-16T20:42:15.249+0800][1.259s][info ][gc,heap        ] GC(4) Tenured: 300734K(349568K)->285378K(475632K)
[2024-08-16T20:42:15.249+0800][1.259s][info ][gc,metaspace   ] GC(4) Metaspace: 839K(960K)->839K(960K) NonClass: 777K(832K)->777K(832K) Class: 62K(128K)->62K(128K)
[2024-08-16T20:42:15.249+0800][1.259s][debug][gc,heap        ] GC(4) Heap after GC invocations=4 (full 1):
[2024-08-16T20:42:15.249+0800][1.259s][debug][gc,heap        ] GC(4)  def new generation   total 214080K, used 0K [0x0000000700000000, 0x000000070e840000, 0x0000000755550000)
[2024-08-16T20:42:15.249+0800][1.259s][debug][gc,heap        ] GC(4)   eden space 190336K,   0% used [0x0000000700000000, 0x0000000700000000, 0x000000070b9e0000)
[2024-08-16T20:42:15.249+0800][1.259s][debug][gc,heap        ] GC(4)   from space 23744K,   0% used [0x000000070b9e0000, 0x000000070b9e0000, 0x000000070d110000)
[2024-08-16T20:42:15.249+0800][1.259s][debug][gc,heap        ] GC(4)   to   space 23744K,   0% used [0x000000070d110000, 0x000000070d110000, 0x000000070e840000)
[2024-08-16T20:42:15.249+0800][1.259s][debug][gc,heap        ] GC(4)  tenured generation   total 475632K, used 285378K [0x0000000755550000, 0x00000007725cc000, 0x0000000800000000)
[2024-08-16T20:42:15.249+0800][1.259s][debug][gc,heap        ] GC(4)    the space 475632K,  59% used [0x0000000755550000, 0x0000000766c00b08, 0x0000000766c00c00, 0x00000007725cc000)
[2024-08-16T20:42:15.249+0800][1.259s][debug][gc,heap        ] GC(4)  Metaspace       used 839K, committed 960K, reserved 1114112K
[2024-08-16T20:42:15.249+0800][1.259s][debug][gc,heap        ] GC(4)   class space    used 62K, committed 128K, reserved 1048576K
[2024-08-16T20:42:15.249+0800][1.259s][info ][gc             ] GC(4) Pause Full (Allocation Failure) 445M->278M(673M) 31.349ms
[2024-08-16T20:42:15.249+0800][1.259s][info ][gc,cpu         ] GC(4) User=0.03s Sys=0.00s Real=0.03s
[2024-08-16T20:42:15.492+0800][1.502s][info ][gc,start       ] GC(5) Pause Young (Allocation Failure)
[2024-08-16T20:42:15.492+0800][1.502s][debug][gc,heap        ] GC(5) Heap before GC invocations=4 (full 1):
[2024-08-16T20:42:15.492+0800][1.502s][debug][gc,heap        ] GC(5)  def new generation   total 214080K, used 189773K [0x0000000700000000, 0x000000070e840000, 0x0000000755550000)
[2024-08-16T20:42:15.492+0800][1.502s][debug][gc,heap        ] GC(5)   eden space 190336K,  99% used [0x0000000700000000, 0x000000070b9534f8, 0x000000070b9e0000)
[2024-08-16T20:42:15.492+0800][1.502s][debug][gc,heap        ] GC(5)   from space 23744K,   0% used [0x000000070b9e0000, 0x000000070b9e0000, 0x000000070d110000)
[2024-08-16T20:42:15.492+0800][1.502s][debug][gc,heap        ] GC(5)   to   space 23744K,   0% used [0x000000070d110000, 0x000000070d110000, 0x000000070e840000)
[2024-08-16T20:42:15.492+0800][1.502s][debug][gc,heap        ] GC(5)  tenured generation   total 475632K, used 285378K [0x0000000755550000, 0x00000007725cc000, 0x0000000800000000)
[2024-08-16T20:42:15.492+0800][1.502s][debug][gc,heap        ] GC(5)    the space 475632K,  59% used [0x0000000755550000, 0x0000000766c00b08, 0x0000000766c00c00, 0x00000007725cc000)
[2024-08-16T20:42:15.492+0800][1.502s][debug][gc,heap        ] GC(5)  Metaspace       used 839K, committed 960K, reserved 1114112K
[2024-08-16T20:42:15.492+0800][1.502s][debug][gc,heap        ] GC(5)   class space    used 62K, committed 128K, reserved 1048576K
[2024-08-16T20:42:15.492+0800][1.502s][debug][gc,tlab        ] GC(5) TLAB totals: thrds: 1  refills: 2 max: 2 slow allocs: 177 max 177 waste:  7.1% gc: 555840B max: 555840B slow: 61712B max: 61712B
[2024-08-16T20:42:15.537+0800][1.548s][debug][gc,ref         ] GC(5) Skipped phase 1 of Reference Processing: no references
[2024-08-16T20:42:15.537+0800][1.548s][debug][gc,ref         ] GC(5) Skipped phase 2 of Reference Processing: no references
[2024-08-16T20:42:15.537+0800][1.548s][debug][gc,ref         ] GC(5) Skipped phase 3 of Reference Processing: no references
[2024-08-16T20:42:15.537+0800][1.548s][debug][gc,ref         ] GC(5) Skipped phase 4 of Reference Processing: no references
[2024-08-16T20:42:15.537+0800][1.548s][debug][gc,phases,ref  ] GC(5) Reference Processing: 0.1ms
[2024-08-16T20:42:15.538+0800][1.548s][debug][gc,phases,ref  ] GC(5)   Reconsider SoftReferences: 0.1ms
[2024-08-16T20:42:15.538+0800][1.548s][debug][gc,phases,ref  ] GC(5)     SoftRef: skipped
[2024-08-16T20:42:15.538+0800][1.548s][debug][gc,phases,ref  ] GC(5)   Notify Soft/WeakReferences: 0.0ms
[2024-08-16T20:42:15.538+0800][1.548s][debug][gc,phases,ref  ] GC(5)     SoftRef: skipped
[2024-08-16T20:42:15.538+0800][1.548s][debug][gc,phases,ref  ] GC(5)     WeakRef: skipped
[2024-08-16T20:42:15.538+0800][1.548s][debug][gc,phases,ref  ] GC(5)     FinalRef: skipped
[2024-08-16T20:42:15.538+0800][1.548s][debug][gc,phases,ref  ] GC(5)     Total: skipped
[2024-08-16T20:42:15.538+0800][1.548s][debug][gc,phases,ref  ] GC(5)   Notify and keep alive finalizable: 0.0ms
[2024-08-16T20:42:15.538+0800][1.548s][debug][gc,phases,ref  ] GC(5)     FinalRef: skipped
[2024-08-16T20:42:15.538+0800][1.548s][debug][gc,phases,ref  ] GC(5)   Notify PhantomReferences: 0.0ms
[2024-08-16T20:42:15.538+0800][1.548s][debug][gc,phases,ref  ] GC(5)     PhantomRef: skipped
[2024-08-16T20:42:15.538+0800][1.548s][debug][gc,phases,ref  ] GC(5)   SoftReference:
[2024-08-16T20:42:15.538+0800][1.548s][debug][gc,phases,ref  ] GC(5)     Discovered: 0
[2024-08-16T20:42:15.538+0800][1.548s][debug][gc,phases,ref  ] GC(5)     Cleared: 0
[2024-08-16T20:42:15.538+0800][1.548s][debug][gc,phases,ref  ] GC(5)   WeakReference:
[2024-08-16T20:42:15.538+0800][1.548s][debug][gc,phases,ref  ] GC(5)     Discovered: 0
[2024-08-16T20:42:15.538+0800][1.548s][debug][gc,phases,ref  ] GC(5)     Cleared: 0
[2024-08-16T20:42:15.538+0800][1.548s][debug][gc,phases,ref  ] GC(5)   FinalReference:
[2024-08-16T20:42:15.538+0800][1.548s][debug][gc,phases,ref  ] GC(5)     Discovered: 0
[2024-08-16T20:42:15.538+0800][1.548s][debug][gc,phases,ref  ] GC(5)     Cleared: 0
[2024-08-16T20:42:15.538+0800][1.548s][debug][gc,phases,ref  ] GC(5)   PhantomReference:
[2024-08-16T20:42:15.538+0800][1.548s][debug][gc,phases,ref  ] GC(5)     Discovered: 0
[2024-08-16T20:42:15.538+0800][1.548s][debug][gc,phases,ref  ] GC(5)     Cleared: 0
[2024-08-16T20:42:15.538+0800][1.548s][debug][gc,age         ] GC(5) Desired survivor size 12156928 bytes, new threshold 1 (max threshold 15)
[2024-08-16T20:42:15.538+0800][1.548s][info ][gc,heap        ] GC(5) DefNew: 189773K(214080K)->23554K(214080K) Eden: 189773K(190336K)->0K(190336K) From: 0K(23744K)->23554K(23744K)
[2024-08-16T20:42:15.538+0800][1.548s][info ][gc,heap        ] GC(5) Tenured: 285378K(475632K)->450245K(475632K)
[2024-08-16T20:42:15.538+0800][1.548s][info ][gc,metaspace   ] GC(5) Metaspace: 839K(960K)->839K(960K) NonClass: 777K(832K)->777K(832K) Class: 62K(128K)->62K(128K)
[2024-08-16T20:42:15.538+0800][1.548s][debug][gc,heap        ] GC(5) Heap after GC invocations=5 (full 1):
[2024-08-16T20:42:15.538+0800][1.548s][debug][gc,heap        ] GC(5)  def new generation   total 214080K, used 23554K [0x0000000700000000, 0x000000070e840000, 0x0000000755550000)
[2024-08-16T20:42:15.538+0800][1.548s][debug][gc,heap        ] GC(5)   eden space 190336K,   0% used [0x0000000700000000, 0x0000000700000000, 0x000000070b9e0000)
[2024-08-16T20:42:15.538+0800][1.548s][debug][gc,heap        ] GC(5)   from space 23744K,  99% used [0x000000070d110000, 0x000000070e810a98, 0x000000070e840000)
[2024-08-16T20:42:15.538+0800][1.548s][debug][gc,heap        ] GC(5)   to   space 23744K,   0% used [0x000000070b9e0000, 0x000000070b9e0000, 0x000000070d110000)
[2024-08-16T20:42:15.538+0800][1.548s][debug][gc,heap        ] GC(5)  tenured generation   total 475632K, used 450245K [0x0000000755550000, 0x00000007725cc000, 0x0000000800000000)
[2024-08-16T20:42:15.538+0800][1.548s][debug][gc,heap        ] GC(5)    the space 475632K,  94% used [0x0000000755550000, 0x0000000770d01518, 0x0000000770d01600, 0x00000007725cc000)
[2024-08-16T20:42:15.538+0800][1.548s][debug][gc,heap        ] GC(5)  Metaspace       used 839K, committed 960K, reserved 1114112K
[2024-08-16T20:42:15.538+0800][1.548s][debug][gc,heap        ] GC(5)   class space    used 62K, committed 128K, reserved 1048576K
[2024-08-16T20:42:15.538+0800][1.548s][info ][gc             ] GC(5) Pause Young (Allocation Failure) 464M->462M(673M) 45.789ms
[2024-08-16T20:42:15.538+0800][1.548s][info ][gc,cpu         ] GC(5) User=0.04s Sys=0.01s Real=0.05s
[2024-08-16T20:42:15.765+0800][1.775s][info ][gc,start       ] GC(6) Pause Young (Allocation Failure)
[2024-08-16T20:42:15.765+0800][1.775s][debug][gc,heap        ] GC(6) Heap before GC invocations=5 (full 1):
[2024-08-16T20:42:15.765+0800][1.775s][debug][gc,heap        ] GC(6)  def new generation   total 214080K, used 213336K [0x0000000700000000, 0x000000070e840000, 0x0000000755550000)
[2024-08-16T20:42:15.765+0800][1.775s][debug][gc,heap        ] GC(6)   eden space 190336K,  99% used [0x0000000700000000, 0x000000070b955898, 0x000000070b9e0000)
[2024-08-16T20:42:15.765+0800][1.775s][debug][gc,heap        ] GC(6)   from space 23744K,  99% used [0x000000070d110000, 0x000000070e810a98, 0x000000070e840000)
[2024-08-16T20:42:15.765+0800][1.775s][debug][gc,heap        ] GC(6)   to   space 23744K,   0% used [0x000000070b9e0000, 0x000000070b9e0000, 0x000000070d110000)
[2024-08-16T20:42:15.765+0800][1.775s][debug][gc,heap        ] GC(6)  tenured generation   total 475632K, used 450245K [0x0000000755550000, 0x00000007725cc000, 0x0000000800000000)
[2024-08-16T20:42:15.765+0800][1.775s][debug][gc,heap        ] GC(6)    the space 475632K,  94% used [0x0000000755550000, 0x0000000770d01518, 0x0000000770d01600, 0x00000007725cc000)
[2024-08-16T20:42:15.765+0800][1.775s][debug][gc,heap        ] GC(6)  Metaspace       used 839K, committed 960K, reserved 1114112K
[2024-08-16T20:42:15.765+0800][1.775s][debug][gc,heap        ] GC(6)   class space    used 62K, committed 128K, reserved 1048576K
[2024-08-16T20:42:15.765+0800][1.775s][debug][gc,tlab        ] GC(6) TLAB totals: thrds: 1  refills: 2 max: 2 slow allocs: 177 max 177 waste:  7.2% gc: 564600B max: 564600B slow: 64448B max: 64448B
[2024-08-16T20:42:15.888+0800][1.898s][debug][gc,ref         ] GC(6) Skipped phase 1 of Reference Processing: no references
[2024-08-16T20:42:15.888+0800][1.898s][debug][gc,ref         ] GC(6) Skipped phase 2 of Reference Processing: no references
[2024-08-16T20:42:15.888+0800][1.898s][debug][gc,ref         ] GC(6) Skipped phase 3 of Reference Processing: no references
[2024-08-16T20:42:15.888+0800][1.898s][debug][gc,ref         ] GC(6) Skipped phase 4 of Reference Processing: no references
[2024-08-16T20:42:15.888+0800][1.898s][debug][gc,phases,ref  ] GC(6) Reference Processing: 0.1ms
[2024-08-16T20:42:15.888+0800][1.898s][debug][gc,phases,ref  ] GC(6)   Reconsider SoftReferences: 0.1ms
[2024-08-16T20:42:15.888+0800][1.898s][debug][gc,phases,ref  ] GC(6)     SoftRef: skipped
[2024-08-16T20:42:15.888+0800][1.898s][debug][gc,phases,ref  ] GC(6)   Notify Soft/WeakReferences: 0.0ms
[2024-08-16T20:42:15.888+0800][1.898s][debug][gc,phases,ref  ] GC(6)     SoftRef: skipped
[2024-08-16T20:42:15.888+0800][1.898s][debug][gc,phases,ref  ] GC(6)     WeakRef: skipped
[2024-08-16T20:42:15.888+0800][1.898s][debug][gc,phases,ref  ] GC(6)     FinalRef: skipped
[2024-08-16T20:42:15.888+0800][1.898s][debug][gc,phases,ref  ] GC(6)     Total: skipped
[2024-08-16T20:42:15.888+0800][1.898s][debug][gc,phases,ref  ] GC(6)   Notify and keep alive finalizable: 0.0ms
[2024-08-16T20:42:15.888+0800][1.898s][debug][gc,phases,ref  ] GC(6)     FinalRef: skipped
[2024-08-16T20:42:15.888+0800][1.898s][debug][gc,phases,ref  ] GC(6)   Notify PhantomReferences: 0.0ms
[2024-08-16T20:42:15.888+0800][1.898s][debug][gc,phases,ref  ] GC(6)     PhantomRef: skipped
[2024-08-16T20:42:15.888+0800][1.898s][debug][gc,phases,ref  ] GC(6)   SoftReference:
[2024-08-16T20:42:15.888+0800][1.898s][debug][gc,phases,ref  ] GC(6)     Discovered: 0
[2024-08-16T20:42:15.888+0800][1.898s][debug][gc,phases,ref  ] GC(6)     Cleared: 0
[2024-08-16T20:42:15.888+0800][1.898s][debug][gc,phases,ref  ] GC(6)   WeakReference:
[2024-08-16T20:42:15.888+0800][1.898s][debug][gc,phases,ref  ] GC(6)     Discovered: 0
[2024-08-16T20:42:15.888+0800][1.898s][debug][gc,phases,ref  ] GC(6)     Cleared: 0
[2024-08-16T20:42:15.888+0800][1.898s][debug][gc,phases,ref  ] GC(6)   FinalReference:
[2024-08-16T20:42:15.888+0800][1.898s][debug][gc,phases,ref  ] GC(6)     Discovered: 0
[2024-08-16T20:42:15.888+0800][1.898s][debug][gc,phases,ref  ] GC(6)     Cleared: 0
[2024-08-16T20:42:15.888+0800][1.898s][debug][gc,phases,ref  ] GC(6)   PhantomReference:
[2024-08-16T20:42:15.888+0800][1.898s][debug][gc,phases,ref  ] GC(6)     Discovered: 0
[2024-08-16T20:42:15.888+0800][1.898s][debug][gc,phases,ref  ] GC(6)     Cleared: 0
[2024-08-16T20:42:15.888+0800][1.898s][debug][gc,age         ] GC(6) Desired survivor size 12156928 bytes, new threshold 1 (max threshold 15)
[2024-08-16T20:42:15.888+0800][1.898s][debug][gc,heap        ] GC(6) Heap after GC invocations=6 (full 1):
[2024-08-16T20:42:15.888+0800][1.898s][debug][gc,heap        ] GC(6)  def new generation   total 214080K, used 23552K [0x0000000700000000, 0x000000070e840000, 0x0000000755550000)
[2024-08-16T20:42:15.888+0800][1.898s][debug][gc,heap        ] GC(6)   eden space 190336K,   0% used [0x0000000700000000, 0x0000000700000000, 0x000000070b9e0000)
[2024-08-16T20:42:15.888+0800][1.898s][debug][gc,heap        ] GC(6)   from space 23744K,  99% used [0x000000070b9e0000, 0x000000070d0e0170, 0x000000070d110000)
[2024-08-16T20:42:15.888+0800][1.898s][debug][gc,heap        ] GC(6)   to   space 23744K,   0% used [0x000000070d110000, 0x000000070d110000, 0x000000070e840000)
[2024-08-16T20:42:15.888+0800][1.898s][debug][gc,heap        ] GC(6)  tenured generation   total 639084K, used 638666K [0x0000000755550000, 0x000000077c56b000, 0x0000000800000000)
[2024-08-16T20:42:15.888+0800][1.898s][debug][gc,heap        ] GC(6)    the space 639084K,  99% used [0x0000000755550000, 0x000000077c5029c0, 0x000000077c502a00, 0x000000077c56b000)
[2024-08-16T20:42:15.888+0800][1.898s][debug][gc,heap        ] GC(6)  Metaspace       used 839K, committed 960K, reserved 1114112K
[2024-08-16T20:42:15.888+0800][1.898s][debug][gc,heap        ] GC(6)   class space    used 62K, committed 128K, reserved 1048576K
[2024-08-16T20:42:15.888+0800][1.898s][info ][gc             ] GC(6) Pause Young (Allocation Failure) 648M->646M(833M) 122.990ms
[2024-08-16T20:42:15.888+0800][1.898s][info ][gc,cpu         ] GC(6) User=0.04s Sys=0.09s Real=0.12s
[2024-08-16T20:42:15.888+0800][1.898s][info ][gc,start       ] GC(7) Pause Full (Allocation Failure)
[2024-08-16T20:42:15.888+0800][1.898s][debug][gc,heap        ] GC(7) Heap before GC invocations=6 (full 1):
[2024-08-16T20:42:15.888+0800][1.898s][debug][gc,heap        ] GC(7)  def new generation   total 214080K, used 23552K [0x0000000700000000, 0x000000070e840000, 0x0000000755550000)
[2024-08-16T20:42:15.888+0800][1.898s][debug][gc,heap        ] GC(7)   eden space 190336K,   0% used [0x0000000700000000, 0x0000000700000000, 0x000000070b9e0000)
[2024-08-16T20:42:15.888+0800][1.898s][debug][gc,heap        ] GC(7)   from space 23744K,  99% used [0x000000070b9e0000, 0x000000070d0e0170, 0x000000070d110000)
[2024-08-16T20:42:15.888+0800][1.898s][debug][gc,heap        ] GC(7)   to   space 23744K,   0% used [0x000000070d110000, 0x000000070d110000, 0x000000070e840000)
[2024-08-16T20:42:15.888+0800][1.898s][debug][gc,heap        ] GC(7)  tenured generation   total 639084K, used 638666K [0x0000000755550000, 0x000000077c56b000, 0x0000000800000000)
[2024-08-16T20:42:15.888+0800][1.898s][debug][gc,heap        ] GC(7)    the space 639084K,  99% used [0x0000000755550000, 0x000000077c5029c0, 0x000000077c502a00, 0x000000077c56b000)
[2024-08-16T20:42:15.888+0800][1.898s][debug][gc,heap        ] GC(7)  Metaspace       used 839K, committed 960K, reserved 1114112K
[2024-08-16T20:42:15.888+0800][1.898s][debug][gc,heap        ] GC(7)   class space    used 62K, committed 128K, reserved 1048576K
[2024-08-16T20:42:15.888+0800][1.898s][info ][gc,phases,start] GC(7) Phase 1: Mark live objects
[2024-08-16T20:42:15.889+0800][1.899s][debug][gc,phases,start] GC(7) Reference Processing
[2024-08-16T20:42:15.889+0800][1.899s][debug][gc,ref         ] GC(7) Skipped phase 1 of Reference Processing: no references
[2024-08-16T20:42:15.889+0800][1.899s][debug][gc,ref         ] GC(7) ReferenceProcessor::execute queues: 1, RefProcThreadModel::Single, marks_oops_alive: false
[2024-08-16T20:42:15.889+0800][1.899s][debug][gc,ref         ] GC(7) Skipped phase 3 of Reference Processing: no references
[2024-08-16T20:42:15.889+0800][1.899s][debug][gc,ref         ] GC(7) Skipped phase 4 of Reference Processing: no references
[2024-08-16T20:42:15.889+0800][1.899s][debug][gc,phases,ref  ] GC(7) Reference Processing: 0.1ms
[2024-08-16T20:42:15.889+0800][1.899s][debug][gc,phases,ref  ] GC(7)   Reconsider SoftReferences: 0.0ms
[2024-08-16T20:42:15.889+0800][1.899s][debug][gc,phases,ref  ] GC(7)     SoftRef: skipped
[2024-08-16T20:42:15.889+0800][1.899s][debug][gc,phases,ref  ] GC(7)   Notify Soft/WeakReferences: 0.1ms
[2024-08-16T20:42:15.889+0800][1.899s][debug][gc,phases,ref  ] GC(7)     SoftRef: 0.0ms
[2024-08-16T20:42:15.889+0800][1.899s][debug][gc,phases,ref  ] GC(7)     WeakRef: 0.0ms
[2024-08-16T20:42:15.889+0800][1.899s][debug][gc,phases,ref  ] GC(7)     FinalRef: 0.0ms
[2024-08-16T20:42:15.889+0800][1.899s][debug][gc,phases,ref  ] GC(7)     Total: 0.0ms
[2024-08-16T20:42:15.889+0800][1.899s][debug][gc,phases,ref  ] GC(7)   Notify and keep alive finalizable: 0.0ms
[2024-08-16T20:42:15.889+0800][1.899s][debug][gc,phases,ref  ] GC(7)     FinalRef: skipped
[2024-08-16T20:42:15.889+0800][1.899s][debug][gc,phases,ref  ] GC(7)   Notify PhantomReferences: 0.0ms
[2024-08-16T20:42:15.889+0800][1.899s][debug][gc,phases,ref  ] GC(7)     PhantomRef: skipped
[2024-08-16T20:42:15.889+0800][1.899s][debug][gc,phases,ref  ] GC(7)   SoftReference:
[2024-08-16T20:42:15.889+0800][1.899s][debug][gc,phases,ref  ] GC(7)     Discovered: 0
[2024-08-16T20:42:15.889+0800][1.899s][debug][gc,phases,ref  ] GC(7)     Cleared: 0
[2024-08-16T20:42:15.889+0800][1.899s][debug][gc,phases,ref  ] GC(7)   WeakReference:
[2024-08-16T20:42:15.889+0800][1.899s][debug][gc,phases,ref  ] GC(7)     Discovered: 2
[2024-08-16T20:42:15.889+0800][1.899s][debug][gc,phases,ref  ] GC(7)     Cleared: 2
[2024-08-16T20:42:15.889+0800][1.899s][debug][gc,phases,ref  ] GC(7)   FinalReference:
[2024-08-16T20:42:15.889+0800][1.899s][debug][gc,phases,ref  ] GC(7)     Discovered: 0
[2024-08-16T20:42:15.889+0800][1.899s][debug][gc,phases,ref  ] GC(7)     Cleared: 0
[2024-08-16T20:42:15.889+0800][1.899s][debug][gc,phases,ref  ] GC(7)   PhantomReference:
[2024-08-16T20:42:15.889+0800][1.899s][debug][gc,phases,ref  ] GC(7)     Discovered: 0
[2024-08-16T20:42:15.889+0800][1.899s][debug][gc,phases,ref  ] GC(7)     Cleared: 0
[2024-08-16T20:42:15.889+0800][1.899s][debug][gc,phases      ] GC(7) Reference Processing 0.267ms
[2024-08-16T20:42:15.889+0800][1.899s][debug][gc,phases,start] GC(7) Weak Processing
[2024-08-16T20:42:15.889+0800][1.899s][debug][gc,phases      ] GC(7) Weak Processing 0.028ms
[2024-08-16T20:42:15.889+0800][1.899s][debug][gc,phases,start] GC(7) Class Unloading
[2024-08-16T20:42:15.889+0800][1.899s][debug][gc,phases,start] GC(7) ClassLoaderData
[2024-08-16T20:42:15.889+0800][1.899s][debug][gc,phases      ] GC(7) ClassLoaderData 0.008ms
[2024-08-16T20:42:15.889+0800][1.899s][debug][gc,phases,start] GC(7) Trigger cleanups
[2024-08-16T20:42:15.889+0800][1.899s][debug][gc,phases      ] GC(7) Trigger cleanups 0.006ms
[2024-08-16T20:42:15.890+0800][1.900s][debug][gc,phases      ] GC(7) Class Unloading 0.519ms
[2024-08-16T20:42:15.890+0800][1.900s][debug][gc,phases,start] GC(7) Report Object Count
[2024-08-16T20:42:15.890+0800][1.900s][debug][gc,phases      ] GC(7) Report Object Count 0.007ms
[2024-08-16T20:42:15.890+0800][1.900s][info ][gc,phases      ] GC(7) Phase 1: Mark live objects 1.599ms
[2024-08-16T20:42:15.890+0800][1.900s][info ][gc,phases,start] GC(7) Phase 2: Compute new object addresses
[2024-08-16T20:42:15.890+0800][1.900s][info ][gc,phases      ] GC(7) Phase 2: Compute new object addresses 0.460ms
[2024-08-16T20:42:15.890+0800][1.900s][info ][gc,phases,start] GC(7) Phase 3: Adjust pointers
[2024-08-16T20:42:15.891+0800][1.901s][info ][gc,phases      ] GC(7) Phase 3: Adjust pointers 0.673ms
[2024-08-16T20:42:15.891+0800][1.901s][info ][gc,phases,start] GC(7) Phase 4: Move objects
[2024-08-16T20:42:15.942+0800][1.953s][info ][gc,phases      ] GC(7) Phase 4: Move objects 51.319ms
[2024-08-16T20:42:15.943+0800][1.953s][debug][gc,ergo,heap   ] GC(7) New generation size 237824K->430720K [eden=344576K,survivor=43072K]
[2024-08-16T20:42:15.943+0800][1.953s][info ][gc,heap        ] GC(7) DefNew: 213336K(214080K)->0K(387648K) Eden: 189782K(190336K)->0K(344576K) From: 23554K(23744K)->0K(43072K)
[2024-08-16T20:42:15.943+0800][1.953s][info ][gc,heap        ] GC(7) Tenured: 450245K(475632K)->516807K(861348K)
[2024-08-16T20:42:15.943+0800][1.953s][info ][gc,metaspace   ] GC(7) Metaspace: 839K(960K)->839K(960K) NonClass: 777K(832K)->777K(832K) Class: 62K(128K)->62K(128K)
[2024-08-16T20:42:15.943+0800][1.953s][debug][gc,heap        ] GC(7) Heap after GC invocations=6 (full 2):
[2024-08-16T20:42:15.943+0800][1.953s][debug][gc,heap        ] GC(7)  def new generation   total 387648K, used 0K [0x0000000700000000, 0x000000071a4a0000, 0x0000000755550000)
[2024-08-16T20:42:15.943+0800][1.953s][debug][gc,heap        ] GC(7)   eden space 344576K,   0% used [0x0000000700000000, 0x0000000700000000, 0x0000000715080000)
[2024-08-16T20:42:15.943+0800][1.953s][debug][gc,heap        ] GC(7)   from space 43072K,   0% used [0x0000000715080000, 0x0000000715080000, 0x0000000717a90000)
[2024-08-16T20:42:15.943+0800][1.953s][debug][gc,heap        ] GC(7)   to   space 43072K,   0% used [0x0000000717a90000, 0x0000000717a90000, 0x000000071a4a0000)
[2024-08-16T20:42:15.943+0800][1.953s][debug][gc,heap        ] GC(7)  tenured generation   total 861348K, used 516807K [0x0000000755550000, 0x0000000789e79000, 0x0000000800000000)
[2024-08-16T20:42:15.943+0800][1.953s][debug][gc,heap        ] GC(7)    the space 861348K,  59% used [0x0000000755550000, 0x0000000774e01c88, 0x0000000774e01e00, 0x0000000789e79000)
[2024-08-16T20:42:15.943+0800][1.953s][debug][gc,heap        ] GC(7)  Metaspace       used 839K, committed 960K, reserved 1114112K
[2024-08-16T20:42:15.943+0800][1.953s][debug][gc,heap        ] GC(7)   class space    used 62K, committed 128K, reserved 1048576K
[2024-08-16T20:42:15.943+0800][1.954s][info ][gc             ] GC(7) Pause Full (Allocation Failure) 646M->504M(1219M) 55.169ms
[2024-08-16T20:42:15.943+0800][1.954s][info ][gc,cpu         ] GC(7) User=0.05s Sys=0.00s Real=0.06s
[2024-08-16T20:42:16.455+0800][2.465s][info ][gc,start       ] GC(8) Pause Young (Allocation Failure)
[2024-08-16T20:42:16.455+0800][2.465s][debug][gc,heap        ] GC(8) Heap before GC invocations=6 (full 2):
[2024-08-16T20:42:16.455+0800][2.465s][debug][gc,heap        ] GC(8)  def new generation   total 387648K, used 344052K [0x0000000700000000, 0x000000071a4a0000, 0x0000000755550000)
[2024-08-16T20:42:16.455+0800][2.465s][debug][gc,heap        ] GC(8)   eden space 344576K,  99% used [0x0000000700000000, 0x0000000714ffd3f0, 0x0000000715080000)
[2024-08-16T20:42:16.455+0800][2.465s][debug][gc,heap        ] GC(8)   from space 43072K,   0% used [0x0000000715080000, 0x0000000715080000, 0x0000000717a90000)
[2024-08-16T20:42:16.455+0800][2.465s][debug][gc,heap        ] GC(8)   to   space 43072K,   0% used [0x0000000717a90000, 0x0000000717a90000, 0x000000071a4a0000)
[2024-08-16T20:42:16.455+0800][2.465s][debug][gc,heap        ] GC(8)  tenured generation   total 861348K, used 516807K [0x0000000755550000, 0x0000000789e79000, 0x0000000800000000)
[2024-08-16T20:42:16.455+0800][2.465s][debug][gc,heap        ] GC(8)    the space 861348K,  59% used [0x0000000755550000, 0x0000000774e01c88, 0x0000000774e01e00, 0x0000000789e79000)
[2024-08-16T20:42:16.455+0800][2.465s][debug][gc,heap        ] GC(8)  Metaspace       used 839K, committed 960K, reserved 1114112K
[2024-08-16T20:42:16.455+0800][2.465s][debug][gc,heap        ] GC(8)   class space    used 62K, committed 128K, reserved 1048576K
[2024-08-16T20:42:16.455+0800][2.465s][debug][gc,tlab        ] GC(8) TLAB totals: thrds: 1  refills: 3 max: 3 slow allocs: 314 max 314 waste:  3.0% gc: 464224B max: 464224B slow: 220752B max: 220752B
[2024-08-16T20:42:16.593+0800][2.604s][debug][gc,ref         ] GC(8) Skipped phase 1 of Reference Processing: no references
[2024-08-16T20:42:16.593+0800][2.604s][debug][gc,ref         ] GC(8) Skipped phase 2 of Reference Processing: no references
[2024-08-16T20:42:16.593+0800][2.604s][debug][gc,ref         ] GC(8) Skipped phase 3 of Reference Processing: no references
[2024-08-16T20:42:16.593+0800][2.604s][debug][gc,ref         ] GC(8) Skipped phase 4 of Reference Processing: no references
[2024-08-16T20:42:16.593+0800][2.604s][debug][gc,phases,ref  ] GC(8) Reference Processing: 0.1ms
[2024-08-16T20:42:16.593+0800][2.604s][debug][gc,phases,ref  ] GC(8)   Reconsider SoftReferences: 0.1ms
[2024-08-16T20:42:16.593+0800][2.604s][debug][gc,phases,ref  ] GC(8)     SoftRef: skipped
[2024-08-16T20:42:16.593+0800][2.604s][debug][gc,phases,ref  ] GC(8)   Notify Soft/WeakReferences: 0.0ms
[2024-08-16T20:42:16.593+0800][2.604s][debug][gc,phases,ref  ] GC(8)     SoftRef: skipped
[2024-08-16T20:42:16.593+0800][2.604s][debug][gc,phases,ref  ] GC(8)     WeakRef: skipped
[2024-08-16T20:42:16.593+0800][2.604s][debug][gc,phases,ref  ] GC(8)     FinalRef: skipped
[2024-08-16T20:42:16.593+0800][2.604s][debug][gc,phases,ref  ] GC(8)     Total: skipped
[2024-08-16T20:42:16.593+0800][2.604s][debug][gc,phases,ref  ] GC(8)   Notify and keep alive finalizable: 0.0ms
[2024-08-16T20:42:16.593+0800][2.604s][debug][gc,phases,ref  ] GC(8)     FinalRef: skipped
[2024-08-16T20:42:16.594+0800][2.604s][debug][gc,phases,ref  ] GC(8)   Notify PhantomReferences: 0.0ms
[2024-08-16T20:42:16.594+0800][2.604s][debug][gc,phases,ref  ] GC(8)     PhantomRef: skipped
[2024-08-16T20:42:16.594+0800][2.604s][debug][gc,phases,ref  ] GC(8)   SoftReference:
[2024-08-16T20:42:16.594+0800][2.604s][debug][gc,phases,ref  ] GC(8)     Discovered: 0
[2024-08-16T20:42:16.594+0800][2.604s][debug][gc,phases,ref  ] GC(8)     Cleared: 0
[2024-08-16T20:42:16.594+0800][2.604s][debug][gc,phases,ref  ] GC(8)   WeakReference:
[2024-08-16T20:42:16.594+0800][2.604s][debug][gc,phases,ref  ] GC(8)     Discovered: 0
[2024-08-16T20:42:16.594+0800][2.604s][debug][gc,phases,ref  ] GC(8)     Cleared: 0
[2024-08-16T20:42:16.594+0800][2.604s][debug][gc,phases,ref  ] GC(8)   FinalReference:
[2024-08-16T20:42:16.594+0800][2.604s][debug][gc,phases,ref  ] GC(8)     Discovered: 0
[2024-08-16T20:42:16.594+0800][2.604s][debug][gc,phases,ref  ] GC(8)     Cleared: 0
[2024-08-16T20:42:16.594+0800][2.604s][debug][gc,phases,ref  ] GC(8)   PhantomReference:
[2024-08-16T20:42:16.594+0800][2.604s][debug][gc,phases,ref  ] GC(8)     Discovered: 0
[2024-08-16T20:42:16.594+0800][2.604s][debug][gc,phases,ref  ] GC(8)     Cleared: 0
[2024-08-16T20:42:16.594+0800][2.604s][debug][gc,age         ] GC(8) Desired survivor size 22052864 bytes, new threshold 1 (max threshold 15)
[2024-08-16T20:42:16.594+0800][2.604s][info ][gc,heap        ] GC(8) DefNew: 344052K(387648K)->43011K(387648K) Eden: 344052K(344576K)->0K(344576K) From: 0K(43072K)->43011K(43072K)
[2024-08-16T20:42:16.594+0800][2.604s][info ][gc,heap        ] GC(8) Tenured: 516807K(861348K)->815819K(861348K)
[2024-08-16T20:42:16.594+0800][2.604s][info ][gc,metaspace   ] GC(8) Metaspace: 839K(960K)->839K(960K) NonClass: 777K(832K)->777K(832K) Class: 62K(128K)->62K(128K)
[2024-08-16T20:42:16.594+0800][2.604s][debug][gc,heap        ] GC(8) Heap after GC invocations=7 (full 2):
[2024-08-16T20:42:16.594+0800][2.604s][debug][gc,heap        ] GC(8)  def new generation   total 387648K, used 43011K [0x0000000700000000, 0x000000071a4a0000, 0x0000000755550000)
[2024-08-16T20:42:16.594+0800][2.604s][debug][gc,heap        ] GC(8)   eden space 344576K,   0% used [0x0000000700000000, 0x0000000700000000, 0x0000000715080000)
[2024-08-16T20:42:16.594+0800][2.604s][debug][gc,heap        ] GC(8)   from space 43072K,  99% used [0x0000000717a90000, 0x000000071a490f90, 0x000000071a4a0000)
[2024-08-16T20:42:16.594+0800][2.604s][debug][gc,heap        ] GC(8)   to   space 43072K,   0% used [0x0000000715080000, 0x0000000715080000, 0x0000000717a90000)
[2024-08-16T20:42:16.594+0800][2.604s][debug][gc,heap        ] GC(8)  tenured generation   total 861348K, used 815819K [0x0000000755550000, 0x0000000789e79000, 0x0000000800000000)
[2024-08-16T20:42:16.594+0800][2.604s][debug][gc,heap        ] GC(8)    the space 861348K,  94% used [0x0000000755550000, 0x0000000787202ec8, 0x0000000787203000, 0x0000000789e79000)
[2024-08-16T20:42:16.594+0800][2.604s][debug][gc,heap        ] GC(8)  Metaspace       used 839K, committed 960K, reserved 1114112K
[2024-08-16T20:42:16.594+0800][2.604s][debug][gc,heap        ] GC(8)   class space    used 62K, committed 128K, reserved 1048576K
[2024-08-16T20:42:16.594+0800][2.604s][info ][gc             ] GC(8) Pause Young (Allocation Failure) 840M->838M(1219M) 138.998ms
[2024-08-16T20:42:16.594+0800][2.604s][info ][gc,cpu         ] GC(8) User=0.05s Sys=0.08s Real=0.14s
[2024-08-16T20:42:17.027+0800][3.037s][info ][gc,start       ] GC(9) Pause Young (Allocation Failure)
[2024-08-16T20:42:17.027+0800][3.037s][debug][gc,heap        ] GC(9) Heap before GC invocations=7 (full 2):
[2024-08-16T20:42:17.027+0800][3.037s][debug][gc,heap        ] GC(9)  def new generation   total 387648K, used 387057K [0x0000000700000000, 0x000000071a4a0000, 0x0000000755550000)
[2024-08-16T20:42:17.027+0800][3.037s][debug][gc,heap        ] GC(9)   eden space 344576K,  99% used [0x0000000700000000, 0x0000000714ffb818, 0x0000000715080000)
[2024-08-16T20:42:17.027+0800][3.037s][debug][gc,heap        ] GC(9)   from space 43072K,  99% used [0x0000000717a90000, 0x000000071a490f90, 0x000000071a4a0000)
[2024-08-16T20:42:17.027+0800][3.037s][debug][gc,heap        ] GC(9)   to   space 43072K,   0% used [0x0000000715080000, 0x0000000715080000, 0x0000000717a90000)
[2024-08-16T20:42:17.027+0800][3.037s][debug][gc,heap        ] GC(9)  tenured generation   total 861348K, used 815819K [0x0000000755550000, 0x0000000789e79000, 0x0000000800000000)
[2024-08-16T20:42:17.027+0800][3.037s][debug][gc,heap        ] GC(9)    the space 861348K,  94% used [0x0000000755550000, 0x0000000787202ec8, 0x0000000787203000, 0x0000000789e79000)
[2024-08-16T20:42:17.027+0800][3.037s][debug][gc,heap        ] GC(9)  Metaspace       used 839K, committed 960K, reserved 1114112K
[2024-08-16T20:42:17.027+0800][3.037s][debug][gc,heap        ] GC(9)   class space    used 62K, committed 128K, reserved 1048576K
[2024-08-16T20:42:17.027+0800][3.037s][debug][gc,tlab        ] GC(9) TLAB totals: thrds: 1  refills: 3 max: 3 slow allocs: 314 max 314 waste:  3.0% gc: 457712B max: 457712B slow: 223480B max: 223480B
[2024-08-16T20:42:17.274+0800][3.284s][debug][gc,ref         ] GC(9) Skipped phase 1 of Reference Processing: no references
[2024-08-16T20:42:17.274+0800][3.284s][debug][gc,ref         ] GC(9) Skipped phase 2 of Reference Processing: no references
[2024-08-16T20:42:17.274+0800][3.284s][debug][gc,ref         ] GC(9) Skipped phase 3 of Reference Processing: no references
[2024-08-16T20:42:17.274+0800][3.284s][debug][gc,ref         ] GC(9) Skipped phase 4 of Reference Processing: no references
[2024-08-16T20:42:17.274+0800][3.284s][debug][gc,phases,ref  ] GC(9) Reference Processing: 0.1ms
[2024-08-16T20:42:17.274+0800][3.284s][debug][gc,phases,ref  ] GC(9)   Reconsider SoftReferences: 0.1ms
[2024-08-16T20:42:17.274+0800][3.284s][debug][gc,phases,ref  ] GC(9)     SoftRef: skipped
[2024-08-16T20:42:17.274+0800][3.284s][debug][gc,phases,ref  ] GC(9)   Notify Soft/WeakReferences: 0.0ms
[2024-08-16T20:42:17.274+0800][3.284s][debug][gc,phases,ref  ] GC(9)     SoftRef: skipped
[2024-08-16T20:42:17.274+0800][3.284s][debug][gc,phases,ref  ] GC(9)     WeakRef: skipped
[2024-08-16T20:42:17.274+0800][3.284s][debug][gc,phases,ref  ] GC(9)     FinalRef: skipped
[2024-08-16T20:42:17.274+0800][3.284s][debug][gc,phases,ref  ] GC(9)     Total: skipped
[2024-08-16T20:42:17.274+0800][3.284s][debug][gc,phases,ref  ] GC(9)   Notify and keep alive finalizable: 0.0ms
[2024-08-16T20:42:17.274+0800][3.284s][debug][gc,phases,ref  ] GC(9)     FinalRef: skipped
[2024-08-16T20:42:17.274+0800][3.284s][debug][gc,phases,ref  ] GC(9)   Notify PhantomReferences: 0.0ms
[2024-08-16T20:42:17.274+0800][3.284s][debug][gc,phases,ref  ] GC(9)     PhantomRef: skipped
[2024-08-16T20:42:17.274+0800][3.284s][debug][gc,phases,ref  ] GC(9)   SoftReference:
[2024-08-16T20:42:17.274+0800][3.284s][debug][gc,phases,ref  ] GC(9)     Discovered: 0
[2024-08-16T20:42:17.274+0800][3.284s][debug][gc,phases,ref  ] GC(9)     Cleared: 0
[2024-08-16T20:42:17.274+0800][3.284s][debug][gc,phases,ref  ] GC(9)   WeakReference:
[2024-08-16T20:42:17.274+0800][3.284s][debug][gc,phases,ref  ] GC(9)     Discovered: 0
[2024-08-16T20:42:17.274+0800][3.284s][debug][gc,phases,ref  ] GC(9)     Cleared: 0
[2024-08-16T20:42:17.274+0800][3.284s][debug][gc,phases,ref  ] GC(9)   FinalReference:
[2024-08-16T20:42:17.274+0800][3.284s][debug][gc,phases,ref  ] GC(9)     Discovered: 0
[2024-08-16T20:42:17.274+0800][3.284s][debug][gc,phases,ref  ] GC(9)     Cleared: 0
[2024-08-16T20:42:17.274+0800][3.284s][debug][gc,phases,ref  ] GC(9)   PhantomReference:
[2024-08-16T20:42:17.274+0800][3.284s][debug][gc,phases,ref  ] GC(9)     Discovered: 0
[2024-08-16T20:42:17.274+0800][3.284s][debug][gc,phases,ref  ] GC(9)     Cleared: 0
[2024-08-16T20:42:17.274+0800][3.284s][debug][gc,age         ] GC(9) Desired survivor size 22052864 bytes, new threshold 1 (max threshold 15)
[2024-08-16T20:42:17.274+0800][3.284s][debug][gc,heap        ] GC(9) Heap after GC invocations=8 (full 2):
[2024-08-16T20:42:17.274+0800][3.284s][debug][gc,heap        ] GC(9)  def new generation   total 387648K, used 43008K [0x0000000700000000, 0x000000071a4a0000, 0x0000000755550000)
[2024-08-16T20:42:17.274+0800][3.284s][debug][gc,heap        ] GC(9)   eden space 344576K,   0% used [0x0000000700000000, 0x0000000700000000, 0x0000000715080000)
[2024-08-16T20:42:17.274+0800][3.284s][debug][gc,heap        ] GC(9)   from space 43072K,  99% used [0x0000000715080000, 0x0000000717a802a0, 0x0000000717a90000)
[2024-08-16T20:42:17.274+0800][3.284s][debug][gc,heap        ] GC(9)   to   space 43072K,   0% used [0x0000000717a90000, 0x0000000717a90000, 0x000000071a4a0000)
[2024-08-16T20:42:17.274+0800][3.284s][debug][gc,heap        ] GC(9)  tenured generation   total 1158440K, used 1157844K [0x0000000755550000, 0x000000079c09a000, 0x0000000800000000)
[2024-08-16T20:42:17.274+0800][3.284s][debug][gc,heap        ] GC(9)    the space 1158440K,  99% used [0x0000000755550000, 0x000000079c005098, 0x000000079c005200, 0x000000079c09a000)
[2024-08-16T20:42:17.274+0800][3.284s][debug][gc,heap        ] GC(9)  Metaspace       used 839K, committed 960K, reserved 1114112K
[2024-08-16T20:42:17.274+0800][3.284s][debug][gc,heap        ] GC(9)   class space    used 62K, committed 128K, reserved 1048576K
[2024-08-16T20:42:17.274+0800][3.284s][info ][gc             ] GC(9) Pause Young (Allocation Failure) 1174M->1172M(1509M) 247.427ms
[2024-08-16T20:42:17.274+0800][3.284s][info ][gc,cpu         ] GC(9) User=0.10s Sys=0.14s Real=0.25s
[2024-08-16T20:42:17.274+0800][3.284s][info ][gc,start       ] GC(10) Pause Full (Allocation Failure)
[2024-08-16T20:42:17.274+0800][3.284s][debug][gc,heap        ] GC(10) Heap before GC invocations=8 (full 2):
[2024-08-16T20:42:17.274+0800][3.284s][debug][gc,heap        ] GC(10)  def new generation   total 387648K, used 43008K [0x0000000700000000, 0x000000071a4a0000, 0x0000000755550000)
[2024-08-16T20:42:17.274+0800][3.284s][debug][gc,heap        ] GC(10)   eden space 344576K,   0% used [0x0000000700000000, 0x0000000700000000, 0x0000000715080000)
[2024-08-16T20:42:17.274+0800][3.284s][debug][gc,heap        ] GC(10)   from space 43072K,  99% used [0x0000000715080000, 0x0000000717a802a0, 0x0000000717a90000)
[2024-08-16T20:42:17.274+0800][3.284s][debug][gc,heap        ] GC(10)   to   space 43072K,   0% used [0x0000000717a90000, 0x0000000717a90000, 0x000000071a4a0000)
[2024-08-16T20:42:17.274+0800][3.284s][debug][gc,heap        ] GC(10)  tenured generation   total 1158440K, used 1157844K [0x0000000755550000, 0x000000079c09a000, 0x0000000800000000)
[2024-08-16T20:42:17.274+0800][3.284s][debug][gc,heap        ] GC(10)    the space 1158440K,  99% used [0x0000000755550000, 0x000000079c005098, 0x000000079c005200, 0x000000079c09a000)
[2024-08-16T20:42:17.274+0800][3.284s][debug][gc,heap        ] GC(10)  Metaspace       used 839K, committed 960K, reserved 1114112K
[2024-08-16T20:42:17.274+0800][3.284s][debug][gc,heap        ] GC(10)   class space    used 62K, committed 128K, reserved 1048576K
[2024-08-16T20:42:17.274+0800][3.284s][info ][gc,phases,start] GC(10) Phase 1: Mark live objects
[2024-08-16T20:42:17.275+0800][3.285s][debug][gc,phases,start] GC(10) Reference Processing
[2024-08-16T20:42:17.275+0800][3.285s][debug][gc,ref         ] GC(10) Skipped phase 1 of Reference Processing: no references
[2024-08-16T20:42:17.275+0800][3.285s][debug][gc,ref         ] GC(10) ReferenceProcessor::execute queues: 1, RefProcThreadModel::Single, marks_oops_alive: false
[2024-08-16T20:42:17.275+0800][3.285s][debug][gc,ref         ] GC(10) Skipped phase 3 of Reference Processing: no references
[2024-08-16T20:42:17.275+0800][3.285s][debug][gc,ref         ] GC(10) Skipped phase 4 of Reference Processing: no references
[2024-08-16T20:42:17.275+0800][3.285s][debug][gc,phases,ref  ] GC(10) Reference Processing: 0.1ms
[2024-08-16T20:42:17.275+0800][3.285s][debug][gc,phases,ref  ] GC(10)   Reconsider SoftReferences: 0.0ms
[2024-08-16T20:42:17.275+0800][3.285s][debug][gc,phases,ref  ] GC(10)     SoftRef: skipped
[2024-08-16T20:42:17.275+0800][3.285s][debug][gc,phases,ref  ] GC(10)   Notify Soft/WeakReferences: 0.1ms
[2024-08-16T20:42:17.275+0800][3.285s][debug][gc,phases,ref  ] GC(10)     SoftRef: 0.0ms
[2024-08-16T20:42:17.275+0800][3.285s][debug][gc,phases,ref  ] GC(10)     WeakRef: 0.0ms
[2024-08-16T20:42:17.275+0800][3.285s][debug][gc,phases,ref  ] GC(10)     FinalRef: 0.0ms
[2024-08-16T20:42:17.275+0800][3.285s][debug][gc,phases,ref  ] GC(10)     Total: 0.0ms
[2024-08-16T20:42:17.275+0800][3.285s][debug][gc,phases,ref  ] GC(10)   Notify and keep alive finalizable: 0.0ms
[2024-08-16T20:42:17.275+0800][3.285s][debug][gc,phases,ref  ] GC(10)     FinalRef: skipped
[2024-08-16T20:42:17.275+0800][3.285s][debug][gc,phases,ref  ] GC(10)   Notify PhantomReferences: 0.0ms
[2024-08-16T20:42:17.275+0800][3.285s][debug][gc,phases,ref  ] GC(10)     PhantomRef: skipped
[2024-08-16T20:42:17.275+0800][3.285s][debug][gc,phases,ref  ] GC(10)   SoftReference:
[2024-08-16T20:42:17.275+0800][3.285s][debug][gc,phases,ref  ] GC(10)     Discovered: 0
[2024-08-16T20:42:17.275+0800][3.285s][debug][gc,phases,ref  ] GC(10)     Cleared: 0
[2024-08-16T20:42:17.275+0800][3.285s][debug][gc,phases,ref  ] GC(10)   WeakReference:
[2024-08-16T20:42:17.275+0800][3.285s][debug][gc,phases,ref  ] GC(10)     Discovered: 2
[2024-08-16T20:42:17.275+0800][3.285s][debug][gc,phases,ref  ] GC(10)     Cleared: 2
[2024-08-16T20:42:17.275+0800][3.285s][debug][gc,phases,ref  ] GC(10)   FinalReference:
[2024-08-16T20:42:17.275+0800][3.285s][debug][gc,phases,ref  ] GC(10)     Discovered: 0
[2024-08-16T20:42:17.275+0800][3.285s][debug][gc,phases,ref  ] GC(10)     Cleared: 0
[2024-08-16T20:42:17.275+0800][3.285s][debug][gc,phases,ref  ] GC(10)   PhantomReference:
[2024-08-16T20:42:17.275+0800][3.285s][debug][gc,phases,ref  ] GC(10)     Discovered: 0
[2024-08-16T20:42:17.275+0800][3.285s][debug][gc,phases,ref  ] GC(10)     Cleared: 0
[2024-08-16T20:42:17.275+0800][3.285s][debug][gc,phases      ] GC(10) Reference Processing 0.258ms
[2024-08-16T20:42:17.275+0800][3.285s][debug][gc,phases,start] GC(10) Weak Processing
[2024-08-16T20:42:17.275+0800][3.285s][debug][gc,phases      ] GC(10) Weak Processing 0.027ms
[2024-08-16T20:42:17.275+0800][3.285s][debug][gc,phases,start] GC(10) Class Unloading
[2024-08-16T20:42:17.275+0800][3.285s][debug][gc,phases,start] GC(10) ClassLoaderData
[2024-08-16T20:42:17.275+0800][3.285s][debug][gc,phases      ] GC(10) ClassLoaderData 0.007ms
[2024-08-16T20:42:17.275+0800][3.285s][debug][gc,phases,start] GC(10) Trigger cleanups
[2024-08-16T20:42:17.275+0800][3.285s][debug][gc,phases      ] GC(10) Trigger cleanups 0.005ms
[2024-08-16T20:42:17.276+0800][3.286s][debug][gc,phases      ] GC(10) Class Unloading 0.475ms
[2024-08-16T20:42:17.276+0800][3.286s][debug][gc,phases,start] GC(10) Report Object Count
[2024-08-16T20:42:17.276+0800][3.286s][debug][gc,phases      ] GC(10) Report Object Count 0.007ms
[2024-08-16T20:42:17.276+0800][3.286s][info ][gc,phases      ] GC(10) Phase 1: Mark live objects 1.528ms
[2024-08-16T20:42:17.276+0800][3.286s][info ][gc,phases,start] GC(10) Phase 2: Compute new object addresses
[2024-08-16T20:42:17.276+0800][3.287s][info ][gc,phases      ] GC(10) Phase 2: Compute new object addresses 0.666ms
[2024-08-16T20:42:17.276+0800][3.287s][info ][gc,phases,start] GC(10) Phase 3: Adjust pointers
[2024-08-16T20:42:17.277+0800][3.287s][info ][gc,phases      ] GC(10) Phase 3: Adjust pointers 0.686ms
[2024-08-16T20:42:17.277+0800][3.287s][info ][gc,phases,start] GC(10) Phase 4: Move objects
[2024-08-16T20:42:17.353+0800][3.363s][info ][gc,phases      ] GC(10) Phase 4: Move objects 75.967ms
[2024-08-16T20:42:17.354+0800][3.364s][debug][gc,ergo,heap   ] GC(10) New generation size 430720K->702080K [eden=561664K,survivor=70208K]
[2024-08-16T20:42:17.354+0800][3.364s][info ][gc,heap        ] GC(10) DefNew: 387057K(387648K)->0K(631872K) Eden: 344046K(344576K)->0K(561664K) From: 43011K(43072K)->0K(70208K)
[2024-08-16T20:42:17.354+0800][3.364s][info ][gc,heap        ] GC(10) Tenured: 815819K(861348K)->842445K(1404076K)
[2024-08-16T20:42:17.354+0800][3.364s][info ][gc,metaspace   ] GC(10) Metaspace: 839K(960K)->839K(960K) NonClass: 777K(832K)->777K(832K) Class: 62K(128K)->62K(128K)
[2024-08-16T20:42:17.354+0800][3.364s][debug][gc,heap        ] GC(10) Heap after GC invocations=8 (full 3):
[2024-08-16T20:42:17.354+0800][3.364s][debug][gc,heap        ] GC(10)  def new generation   total 631872K, used 0K [0x0000000700000000, 0x000000072ada0000, 0x0000000755550000)
[2024-08-16T20:42:17.354+0800][3.364s][debug][gc,heap        ] GC(10)   eden space 561664K,   0% used [0x0000000700000000, 0x0000000700000000, 0x0000000722480000)
[2024-08-16T20:42:17.354+0800][3.364s][debug][gc,heap        ] GC(10)   from space 70208K,   0% used [0x0000000722480000, 0x0000000722480000, 0x0000000726910000)
[2024-08-16T20:42:17.354+0800][3.364s][debug][gc,heap        ] GC(10)   to   space 70208K,   0% used [0x0000000726910000, 0x0000000726910000, 0x000000072ada0000)
[2024-08-16T20:42:17.354+0800][3.364s][debug][gc,heap        ] GC(10)  tenured generation   total 1404076K, used 842445K [0x0000000755550000, 0x00000007ab07b000, 0x0000000800000000)
[2024-08-16T20:42:17.354+0800][3.364s][debug][gc,heap        ] GC(10)    the space 1404076K,  59% used [0x0000000755550000, 0x0000000788c034b0, 0x0000000788c03600, 0x00000007ab07b000)
[2024-08-16T20:42:17.354+0800][3.364s][debug][gc,heap        ] GC(10)  Metaspace       used 839K, committed 960K, reserved 1114112K
[2024-08-16T20:42:17.354+0800][3.364s][debug][gc,heap        ] GC(10)   class space    used 62K, committed 128K, reserved 1048576K
[2024-08-16T20:42:17.354+0800][3.364s][info ][gc             ] GC(10) Pause Full (Allocation Failure) 1172M->822M(1988M) 79.858ms
[2024-08-16T20:42:17.354+0800][3.364s][info ][gc,cpu         ] GC(10) User=0.08s Sys=0.00s Real=0.08s
[2024-08-16T20:42:18.150+0800][4.161s][info ][gc,start       ] GC(11) Pause Young (Allocation Failure)
[2024-08-16T20:42:18.150+0800][4.161s][debug][gc,heap        ] GC(11) Heap before GC invocations=8 (full 3):
[2024-08-16T20:42:18.150+0800][4.161s][debug][gc,heap        ] GC(11)  def new generation   total 631872K, used 561664K [0x0000000700000000, 0x000000072ada0000, 0x0000000755550000)
[2024-08-16T20:42:18.150+0800][4.161s][debug][gc,heap        ] GC(11)   eden space 561664K, 100% used [0x0000000700000000, 0x0000000722480000, 0x0000000722480000)
[2024-08-16T20:42:18.150+0800][4.161s][debug][gc,heap        ] GC(11)   from space 70208K,   0% used [0x0000000722480000, 0x0000000722480000, 0x0000000726910000)
[2024-08-16T20:42:18.150+0800][4.161s][debug][gc,heap        ] GC(11)   to   space 70208K,   0% used [0x0000000726910000, 0x0000000726910000, 0x000000072ada0000)
[2024-08-16T20:42:18.150+0800][4.161s][debug][gc,heap        ] GC(11)  tenured generation   total 1404076K, used 842445K [0x0000000755550000, 0x00000007ab07b000, 0x0000000800000000)
[2024-08-16T20:42:18.150+0800][4.161s][debug][gc,heap        ] GC(11)    the space 1404076K,  59% used [0x0000000755550000, 0x0000000788c034b0, 0x0000000788c03600, 0x00000007ab07b000)
[2024-08-16T20:42:18.150+0800][4.161s][debug][gc,heap        ] GC(11)  Metaspace       used 839K, committed 960K, reserved 1114112K
[2024-08-16T20:42:18.150+0800][4.161s][debug][gc,heap        ] GC(11)   class space    used 62K, committed 128K, reserved 1048576K
[2024-08-16T20:42:18.150+0800][4.161s][debug][gc,tlab        ] GC(11) TLAB totals: thrds: 1  refills: 4 max: 4 slow allocs: 504 max 504 waste:  3.0% gc: 832352B max: 832352B slow: 551976B max: 551976B
[2024-08-16T20:42:18.338+0800][4.348s][debug][gc,ref         ] GC(11) Skipped phase 1 of Reference Processing: no references
[2024-08-16T20:42:18.338+0800][4.349s][debug][gc,ref         ] GC(11) Skipped phase 2 of Reference Processing: no references
[2024-08-16T20:42:18.338+0800][4.349s][debug][gc,ref         ] GC(11) Skipped phase 3 of Reference Processing: no references
[2024-08-16T20:42:18.338+0800][4.349s][debug][gc,ref         ] GC(11) Skipped phase 4 of Reference Processing: no references
[2024-08-16T20:42:18.338+0800][4.349s][debug][gc,phases,ref  ] GC(11) Reference Processing: 0.1ms
[2024-08-16T20:42:18.338+0800][4.349s][debug][gc,phases,ref  ] GC(11)   Reconsider SoftReferences: 0.1ms
[2024-08-16T20:42:18.338+0800][4.349s][debug][gc,phases,ref  ] GC(11)     SoftRef: skipped
[2024-08-16T20:42:18.338+0800][4.349s][debug][gc,phases,ref  ] GC(11)   Notify Soft/WeakReferences: 0.0ms
[2024-08-16T20:42:18.338+0800][4.349s][debug][gc,phases,ref  ] GC(11)     SoftRef: skipped
[2024-08-16T20:42:18.338+0800][4.349s][debug][gc,phases,ref  ] GC(11)     WeakRef: skipped
[2024-08-16T20:42:18.338+0800][4.349s][debug][gc,phases,ref  ] GC(11)     FinalRef: skipped
[2024-08-16T20:42:18.338+0800][4.349s][debug][gc,phases,ref  ] GC(11)     Total: skipped
[2024-08-16T20:42:18.338+0800][4.349s][debug][gc,phases,ref  ] GC(11)   Notify and keep alive finalizable: 0.0ms
[2024-08-16T20:42:18.338+0800][4.349s][debug][gc,phases,ref  ] GC(11)     FinalRef: skipped
[2024-08-16T20:42:18.338+0800][4.349s][debug][gc,phases,ref  ] GC(11)   Notify PhantomReferences: 0.0ms
[2024-08-16T20:42:18.338+0800][4.349s][debug][gc,phases,ref  ] GC(11)     PhantomRef: skipped
[2024-08-16T20:42:18.338+0800][4.349s][debug][gc,phases,ref  ] GC(11)   SoftReference:
[2024-08-16T20:42:18.338+0800][4.349s][debug][gc,phases,ref  ] GC(11)     Discovered: 0
[2024-08-16T20:42:18.338+0800][4.349s][debug][gc,phases,ref  ] GC(11)     Cleared: 0
[2024-08-16T20:42:18.338+0800][4.349s][debug][gc,phases,ref  ] GC(11)   WeakReference:
[2024-08-16T20:42:18.338+0800][4.349s][debug][gc,phases,ref  ] GC(11)     Discovered: 0
[2024-08-16T20:42:18.338+0800][4.349s][debug][gc,phases,ref  ] GC(11)     Cleared: 0
[2024-08-16T20:42:18.338+0800][4.349s][debug][gc,phases,ref  ] GC(11)   FinalReference:
[2024-08-16T20:42:18.338+0800][4.349s][debug][gc,phases,ref  ] GC(11)     Discovered: 0
[2024-08-16T20:42:18.338+0800][4.349s][debug][gc,phases,ref  ] GC(11)     Cleared: 0
[2024-08-16T20:42:18.338+0800][4.349s][debug][gc,phases,ref  ] GC(11)   PhantomReference:
[2024-08-16T20:42:18.338+0800][4.349s][debug][gc,phases,ref  ] GC(11)     Discovered: 0
[2024-08-16T20:42:18.338+0800][4.349s][debug][gc,phases,ref  ] GC(11)     Cleared: 0
[2024-08-16T20:42:18.339+0800][4.349s][debug][gc,age         ] GC(11) Desired survivor size 35946496 bytes, new threshold 1 (max threshold 15)
[2024-08-16T20:42:18.339+0800][4.349s][info ][gc,heap        ] GC(11) DefNew: 561664K(631872K)->69638K(631872K) Eden: 561664K(561664K)->0K(561664K) From: 0K(70208K)->69638K(70208K)
[2024-08-16T20:42:18.339+0800][4.349s][info ][gc,heap        ] GC(11) Tenured: 842445K(1404076K)->1330900K(1404076K)
[2024-08-16T20:42:18.339+0800][4.349s][info ][gc,metaspace   ] GC(11) Metaspace: 839K(960K)->839K(960K) NonClass: 777K(832K)->777K(832K) Class: 62K(128K)->62K(128K)
[2024-08-16T20:42:18.339+0800][4.349s][debug][gc,heap        ] GC(11) Heap after GC invocations=9 (full 3):
[2024-08-16T20:42:18.339+0800][4.349s][debug][gc,heap        ] GC(11)  def new generation   total 631872K, used 69638K [0x0000000700000000, 0x000000072ada0000, 0x0000000755550000)
[2024-08-16T20:42:18.339+0800][4.349s][debug][gc,heap        ] GC(11)   eden space 561664K,   0% used [0x0000000700000000, 0x0000000700000000, 0x0000000722480000)
[2024-08-16T20:42:18.339+0800][4.349s][debug][gc,heap        ] GC(11)   from space 70208K,  99% used [0x0000000726910000, 0x000000072ad118a0, 0x000000072ada0000)
[2024-08-16T20:42:18.339+0800][4.349s][debug][gc,heap        ] GC(11)   to   space 70208K,   0% used [0x0000000722480000, 0x0000000722480000, 0x0000000726910000)
[2024-08-16T20:42:18.339+0800][4.349s][debug][gc,heap        ] GC(11)  tenured generation   total 1404076K, used 1330900K [0x0000000755550000, 0x00000007ab07b000, 0x0000000800000000)
[2024-08-16T20:42:18.339+0800][4.349s][debug][gc,heap        ] GC(11)    the space 1404076K,  94% used [0x0000000755550000, 0x00000007a6905280, 0x00000007a6905400, 0x00000007ab07b000)
[2024-08-16T20:42:18.339+0800][4.349s][debug][gc,heap        ] GC(11)  Metaspace       used 839K, committed 960K, reserved 1114112K
[2024-08-16T20:42:18.339+0800][4.349s][debug][gc,heap        ] GC(11)   class space    used 62K, committed 128K, reserved 1048576K
[2024-08-16T20:42:18.339+0800][4.349s][info ][gc             ] GC(11) Pause Young (Allocation Failure) 1371M->1367M(1988M) 188.333ms
[2024-08-16T20:42:18.339+0800][4.349s][info ][gc,cpu         ] GC(11) User=0.09s Sys=0.11s Real=0.19s
[2024-08-16T20:42:19.034+0800][5.045s][info ][gc,start       ] GC(12) Pause Young (Allocation Failure)
[2024-08-16T20:42:19.034+0800][5.045s][debug][gc,heap        ] GC(12) Heap before GC invocations=9 (full 3):
[2024-08-16T20:42:19.034+0800][5.045s][debug][gc,heap        ] GC(12)  def new generation   total 631872K, used 631302K [0x0000000700000000, 0x000000072ada0000, 0x0000000755550000)
[2024-08-16T20:42:19.034+0800][5.045s][debug][gc,heap        ] GC(12)   eden space 561664K, 100% used [0x0000000700000000, 0x0000000722480000, 0x0000000722480000)
[2024-08-16T20:42:19.034+0800][5.045s][debug][gc,heap        ] GC(12)   from space 70208K,  99% used [0x0000000726910000, 0x000000072ad118a0, 0x000000072ada0000)
[2024-08-16T20:42:19.034+0800][5.045s][debug][gc,heap        ] GC(12)   to   space 70208K,   0% used [0x0000000722480000, 0x0000000722480000, 0x0000000726910000)
[2024-08-16T20:42:19.034+0800][5.045s][debug][gc,heap        ] GC(12)  tenured generation   total 1404076K, used 1330900K [0x0000000755550000, 0x00000007ab07b000, 0x0000000800000000)
[2024-08-16T20:42:19.034+0800][5.045s][debug][gc,heap        ] GC(12)    the space 1404076K,  94% used [0x0000000755550000, 0x00000007a6905280, 0x00000007a6905400, 0x00000007ab07b000)
[2024-08-16T20:42:19.034+0800][5.045s][debug][gc,heap        ] GC(12)  Metaspace       used 839K, committed 960K, reserved 1114112K
[2024-08-16T20:42:19.034+0800][5.045s][debug][gc,heap        ] GC(12)   class space    used 62K, committed 128K, reserved 1048576K
[2024-08-16T20:42:19.035+0800][5.045s][debug][gc,tlab        ] GC(12) TLAB totals: thrds: 1  refills: 4 max: 4 slow allocs: 509 max 509 waste:  3.3% gc: 831376B max: 831376B slow: 550384B max: 550384B
[2024-08-16T20:42:19.433+0800][5.444s][debug][gc,ref         ] GC(12) Skipped phase 1 of Reference Processing: no references
[2024-08-16T20:42:19.433+0800][5.444s][debug][gc,ref         ] GC(12) Skipped phase 2 of Reference Processing: no references
[2024-08-16T20:42:19.433+0800][5.444s][debug][gc,ref         ] GC(12) Skipped phase 3 of Reference Processing: no references
[2024-08-16T20:42:19.433+0800][5.444s][debug][gc,ref         ] GC(12) Skipped phase 4 of Reference Processing: no references
[2024-08-16T20:42:19.433+0800][5.444s][debug][gc,phases,ref  ] GC(12) Reference Processing: 0.1ms
[2024-08-16T20:42:19.433+0800][5.444s][debug][gc,phases,ref  ] GC(12)   Reconsider SoftReferences: 0.1ms
[2024-08-16T20:42:19.433+0800][5.444s][debug][gc,phases,ref  ] GC(12)     SoftRef: skipped
[2024-08-16T20:42:19.433+0800][5.444s][debug][gc,phases,ref  ] GC(12)   Notify Soft/WeakReferences: 0.0ms
[2024-08-16T20:42:19.433+0800][5.444s][debug][gc,phases,ref  ] GC(12)     SoftRef: skipped
[2024-08-16T20:42:19.433+0800][5.444s][debug][gc,phases,ref  ] GC(12)     WeakRef: skipped
[2024-08-16T20:42:19.433+0800][5.444s][debug][gc,phases,ref  ] GC(12)     FinalRef: skipped
[2024-08-16T20:42:19.434+0800][5.444s][debug][gc,phases,ref  ] GC(12)     Total: skipped
[2024-08-16T20:42:19.434+0800][5.444s][debug][gc,phases,ref  ] GC(12)   Notify and keep alive finalizable: 0.0ms
[2024-08-16T20:42:19.434+0800][5.444s][debug][gc,phases,ref  ] GC(12)     FinalRef: skipped
[2024-08-16T20:42:19.434+0800][5.444s][debug][gc,phases,ref  ] GC(12)   Notify PhantomReferences: 0.0ms
[2024-08-16T20:42:19.434+0800][5.444s][debug][gc,phases,ref  ] GC(12)     PhantomRef: skipped
[2024-08-16T20:42:19.434+0800][5.444s][debug][gc,phases,ref  ] GC(12)   SoftReference:
[2024-08-16T20:42:19.434+0800][5.444s][debug][gc,phases,ref  ] GC(12)     Discovered: 0
[2024-08-16T20:42:19.434+0800][5.444s][debug][gc,phases,ref  ] GC(12)     Cleared: 0
[2024-08-16T20:42:19.434+0800][5.444s][debug][gc,phases,ref  ] GC(12)   WeakReference:
[2024-08-16T20:42:19.434+0800][5.444s][debug][gc,phases,ref  ] GC(12)     Discovered: 0
[2024-08-16T20:42:19.434+0800][5.444s][debug][gc,phases,ref  ] GC(12)     Cleared: 0
[2024-08-16T20:42:19.434+0800][5.444s][debug][gc,phases,ref  ] GC(12)   FinalReference:
[2024-08-16T20:42:19.434+0800][5.444s][debug][gc,phases,ref  ] GC(12)     Discovered: 0
[2024-08-16T20:42:19.434+0800][5.444s][debug][gc,phases,ref  ] GC(12)     Cleared: 0
[2024-08-16T20:42:19.434+0800][5.444s][debug][gc,phases,ref  ] GC(12)   PhantomReference:
[2024-08-16T20:42:19.434+0800][5.444s][debug][gc,phases,ref  ] GC(12)     Discovered: 0
[2024-08-16T20:42:19.434+0800][5.444s][debug][gc,phases,ref  ] GC(12)     Cleared: 0
[2024-08-16T20:42:19.434+0800][5.444s][debug][gc,age         ] GC(12) Desired survivor size 35946496 bytes, new threshold 1 (max threshold 15)
[2024-08-16T20:42:19.434+0800][5.444s][debug][gc,heap        ] GC(12) Heap after GC invocations=10 (full 3):
[2024-08-16T20:42:19.434+0800][5.444s][debug][gc,heap        ] GC(12)  def new generation   total 631872K, used 69640K [0x0000000700000000, 0x000000072ada0000, 0x0000000755550000)
[2024-08-16T20:42:19.434+0800][5.444s][debug][gc,heap        ] GC(12)   eden space 561664K,   0% used [0x0000000700000000, 0x0000000700000000, 0x0000000722480000)
[2024-08-16T20:42:19.434+0800][5.444s][debug][gc,heap        ] GC(12)   from space 70208K,  99% used [0x0000000722480000, 0x00000007268822c8, 0x0000000726910000)
[2024-08-16T20:42:19.434+0800][5.444s][debug][gc,heap        ] GC(12)   to   space 70208K,   0% used [0x0000000726910000, 0x0000000726910000, 0x000000072ada0000)
[2024-08-16T20:42:19.434+0800][5.444s][debug][gc,heap        ] GC(12)  tenured generation   total 1889292K, used 1888989K [0x0000000755550000, 0x00000007c8a53000, 0x0000000800000000)
[2024-08-16T20:42:19.434+0800][5.444s][debug][gc,heap        ] GC(12)    the space 1889292K,  99% used [0x0000000755550000, 0x00000007c8a07598, 0x00000007c8a07600, 0x00000007c8a53000)
[2024-08-16T20:42:19.434+0800][5.444s][debug][gc,heap        ] GC(12)  Metaspace       used 839K, committed 960K, reserved 1114112K
[2024-08-16T20:42:19.434+0800][5.444s][debug][gc,heap        ] GC(12)   class space    used 62K, committed 128K, reserved 1048576K
[2024-08-16T20:42:19.434+0800][5.444s][info ][gc             ] GC(12) Pause Young (Allocation Failure) 1916M->1912M(2462M) 399.338ms
[2024-08-16T20:42:19.434+0800][5.444s][info ][gc,cpu         ] GC(12) User=0.12s Sys=0.28s Real=0.40s
[2024-08-16T20:42:19.434+0800][5.444s][info ][gc,start       ] GC(13) Pause Full (Allocation Failure)
[2024-08-16T20:42:19.434+0800][5.444s][debug][gc,heap        ] GC(13) Heap before GC invocations=10 (full 3):
[2024-08-16T20:42:19.434+0800][5.444s][debug][gc,heap        ] GC(13)  def new generation   total 631872K, used 69640K [0x0000000700000000, 0x000000072ada0000, 0x0000000755550000)
[2024-08-16T20:42:19.434+0800][5.444s][debug][gc,heap        ] GC(13)   eden space 561664K,   0% used [0x0000000700000000, 0x0000000700000000, 0x0000000722480000)
[2024-08-16T20:42:19.434+0800][5.444s][debug][gc,heap        ] GC(13)   from space 70208K,  99% used [0x0000000722480000, 0x00000007268822c8, 0x0000000726910000)
[2024-08-16T20:42:19.434+0800][5.444s][debug][gc,heap        ] GC(13)   to   space 70208K,   0% used [0x0000000726910000, 0x0000000726910000, 0x000000072ada0000)
[2024-08-16T20:42:19.434+0800][5.444s][debug][gc,heap        ] GC(13)  tenured generation   total 1889292K, used 1888989K [0x0000000755550000, 0x00000007c8a53000, 0x0000000800000000)
[2024-08-16T20:42:19.434+0800][5.444s][debug][gc,heap        ] GC(13)    the space 1889292K,  99% used [0x0000000755550000, 0x00000007c8a07598, 0x00000007c8a07600, 0x00000007c8a53000)
[2024-08-16T20:42:19.434+0800][5.444s][debug][gc,heap        ] GC(13)  Metaspace       used 839K, committed 960K, reserved 1114112K
[2024-08-16T20:42:19.434+0800][5.444s][debug][gc,heap        ] GC(13)   class space    used 62K, committed 128K, reserved 1048576K
[2024-08-16T20:42:19.434+0800][5.444s][info ][gc,phases,start] GC(13) Phase 1: Mark live objects
[2024-08-16T20:42:19.435+0800][5.445s][debug][gc,phases,start] GC(13) Reference Processing
[2024-08-16T20:42:19.435+0800][5.445s][debug][gc,ref         ] GC(13) Skipped phase 1 of Reference Processing: no references
[2024-08-16T20:42:19.435+0800][5.445s][debug][gc,ref         ] GC(13) ReferenceProcessor::execute queues: 1, RefProcThreadModel::Single, marks_oops_alive: false
[2024-08-16T20:42:19.435+0800][5.445s][debug][gc,ref         ] GC(13) Skipped phase 3 of Reference Processing: no references
[2024-08-16T20:42:19.435+0800][5.445s][debug][gc,ref         ] GC(13) Skipped phase 4 of Reference Processing: no references
[2024-08-16T20:42:19.435+0800][5.445s][debug][gc,phases,ref  ] GC(13) Reference Processing: 0.1ms
[2024-08-16T20:42:19.435+0800][5.445s][debug][gc,phases,ref  ] GC(13)   Reconsider SoftReferences: 0.0ms
[2024-08-16T20:42:19.435+0800][5.445s][debug][gc,phases,ref  ] GC(13)     SoftRef: skipped
[2024-08-16T20:42:19.435+0800][5.445s][debug][gc,phases,ref  ] GC(13)   Notify Soft/WeakReferences: 0.1ms
[2024-08-16T20:42:19.435+0800][5.445s][debug][gc,phases,ref  ] GC(13)     SoftRef: 0.0ms
[2024-08-16T20:42:19.435+0800][5.445s][debug][gc,phases,ref  ] GC(13)     WeakRef: 0.0ms
[2024-08-16T20:42:19.435+0800][5.445s][debug][gc,phases,ref  ] GC(13)     FinalRef: 0.0ms
[2024-08-16T20:42:19.435+0800][5.445s][debug][gc,phases,ref  ] GC(13)     Total: 0.0ms
[2024-08-16T20:42:19.435+0800][5.445s][debug][gc,phases,ref  ] GC(13)   Notify and keep alive finalizable: 0.0ms
[2024-08-16T20:42:19.435+0800][5.445s][debug][gc,phases,ref  ] GC(13)     FinalRef: skipped
[2024-08-16T20:42:19.435+0800][5.445s][debug][gc,phases,ref  ] GC(13)   Notify PhantomReferences: 0.0ms
[2024-08-16T20:42:19.435+0800][5.445s][debug][gc,phases,ref  ] GC(13)     PhantomRef: skipped
[2024-08-16T20:42:19.435+0800][5.445s][debug][gc,phases,ref  ] GC(13)   SoftReference:
[2024-08-16T20:42:19.435+0800][5.445s][debug][gc,phases,ref  ] GC(13)     Discovered: 0
[2024-08-16T20:42:19.435+0800][5.445s][debug][gc,phases,ref  ] GC(13)     Cleared: 0
[2024-08-16T20:42:19.435+0800][5.445s][debug][gc,phases,ref  ] GC(13)   WeakReference:
[2024-08-16T20:42:19.435+0800][5.445s][debug][gc,phases,ref  ] GC(13)     Discovered: 2
[2024-08-16T20:42:19.435+0800][5.445s][debug][gc,phases,ref  ] GC(13)     Cleared: 2
[2024-08-16T20:42:19.435+0800][5.445s][debug][gc,phases,ref  ] GC(13)   FinalReference:
[2024-08-16T20:42:19.435+0800][5.445s][debug][gc,phases,ref  ] GC(13)     Discovered: 0
[2024-08-16T20:42:19.435+0800][5.445s][debug][gc,phases,ref  ] GC(13)     Cleared: 0
[2024-08-16T20:42:19.435+0800][5.445s][debug][gc,phases,ref  ] GC(13)   PhantomReference:
[2024-08-16T20:42:19.435+0800][5.445s][debug][gc,phases,ref  ] GC(13)     Discovered: 0
[2024-08-16T20:42:19.435+0800][5.445s][debug][gc,phases,ref  ] GC(13)     Cleared: 0
[2024-08-16T20:42:19.435+0800][5.445s][debug][gc,phases      ] GC(13) Reference Processing 0.274ms
[2024-08-16T20:42:19.435+0800][5.445s][debug][gc,phases,start] GC(13) Weak Processing
[2024-08-16T20:42:19.435+0800][5.445s][debug][gc,phases      ] GC(13) Weak Processing 0.033ms
[2024-08-16T20:42:19.435+0800][5.445s][debug][gc,phases,start] GC(13) Class Unloading
[2024-08-16T20:42:19.435+0800][5.445s][debug][gc,phases,start] GC(13) ClassLoaderData
[2024-08-16T20:42:19.435+0800][5.445s][debug][gc,phases      ] GC(13) ClassLoaderData 0.008ms
[2024-08-16T20:42:19.435+0800][5.445s][debug][gc,phases,start] GC(13) Trigger cleanups
[2024-08-16T20:42:19.435+0800][5.445s][debug][gc,phases      ] GC(13) Trigger cleanups 0.005ms
[2024-08-16T20:42:19.436+0800][5.446s][debug][gc,phases      ] GC(13) Class Unloading 0.466ms
[2024-08-16T20:42:19.436+0800][5.446s][debug][gc,phases,start] GC(13) Report Object Count
[2024-08-16T20:42:19.436+0800][5.446s][debug][gc,phases      ] GC(13) Report Object Count 0.006ms
[2024-08-16T20:42:19.436+0800][5.446s][info ][gc,phases      ] GC(13) Phase 1: Mark live objects 1.700ms
[2024-08-16T20:42:19.436+0800][5.446s][info ][gc,phases,start] GC(13) Phase 2: Compute new object addresses
[2024-08-16T20:42:19.437+0800][5.447s][info ][gc,phases      ] GC(13) Phase 2: Compute new object addresses 0.958ms
[2024-08-16T20:42:19.437+0800][5.447s][info ][gc,phases,start] GC(13) Phase 3: Adjust pointers
[2024-08-16T20:42:19.437+0800][5.448s][info ][gc,phases      ] GC(13) Phase 3: Adjust pointers 0.807ms
[2024-08-16T20:42:19.437+0800][5.448s][info ][gc,phases,start] GC(13) Phase 4: Move objects
[2024-08-16T20:42:19.567+0800][5.577s][info ][gc,phases      ] GC(13) Phase 4: Move objects 129.438ms
[2024-08-16T20:42:19.568+0800][5.579s][debug][gc,ergo,heap   ] GC(13) New generation size 702080K->1156032K [eden=924864K,survivor=115584K]
[2024-08-16T20:42:19.568+0800][5.579s][info ][gc,heap        ] GC(13) DefNew: 631302K(631872K)->0K(1040448K) Eden: 561664K(561664K)->0K(924864K) From: 69638K(70208K)->0K(115584K)
[2024-08-16T20:42:19.568+0800][5.579s][info ][gc,heap        ] GC(13) Tenured: 1330900K(1404076K)->1387226K(2312044K)
[2024-08-16T20:42:19.568+0800][5.579s][info ][gc,metaspace   ] GC(13) Metaspace: 839K(960K)->839K(960K) NonClass: 777K(832K)->777K(832K) Class: 62K(128K)->62K(128K)
[2024-08-16T20:42:19.568+0800][5.579s][debug][gc,heap        ] GC(13) Heap after GC invocations=10 (full 4):
[2024-08-16T20:42:19.568+0800][5.579s][debug][gc,heap        ] GC(13)  def new generation   total 1040448K, used 0K [0x0000000700000000, 0x00000007468f0000, 0x0000000755550000)
[2024-08-16T20:42:19.568+0800][5.579s][debug][gc,heap        ] GC(13)   eden space 924864K,   0% used [0x0000000700000000, 0x0000000700000000, 0x0000000738730000)
[2024-08-16T20:42:19.568+0800][5.579s][debug][gc,heap        ] GC(13)   from space 115584K,   0% used [0x0000000738730000, 0x0000000738730000, 0x000000073f810000)
[2024-08-16T20:42:19.568+0800][5.579s][debug][gc,heap        ] GC(13)   to   space 115584K,   0% used [0x000000073f810000, 0x000000073f810000, 0x00000007468f0000)
[2024-08-16T20:42:19.568+0800][5.579s][debug][gc,heap        ] GC(13)  tenured generation   total 2312044K, used 1387226K [0x0000000755550000, 0x00000007e272b000, 0x0000000800000000)
[2024-08-16T20:42:19.568+0800][5.579s][debug][gc,heap        ] GC(13)    the space 2312044K,  59% used [0x0000000755550000, 0x00000007aa006890, 0x00000007aa006a00, 0x00000007e272b000)
[2024-08-16T20:42:19.568+0800][5.579s][debug][gc,heap        ] GC(13)  Metaspace       used 839K, committed 960K, reserved 1114112K
[2024-08-16T20:42:19.568+0800][5.579s][debug][gc,heap        ] GC(13)   class space    used 62K, committed 128K, reserved 1048576K
[2024-08-16T20:42:19.568+0800][5.579s][info ][gc             ] GC(13) Pause Full (Allocation Failure) 1912M->1354M(3273M) 134.658ms
[2024-08-16T20:42:19.568+0800][5.579s][info ][gc,cpu         ] GC(13) User=0.13s Sys=0.00s Real=0.13s
[2024-08-16T20:42:20.903+0800][6.913s][info ][gc,start       ] GC(14) Pause Young (Allocation Failure)
[2024-08-16T20:42:20.903+0800][6.913s][debug][gc,heap        ] GC(14) Heap before GC invocations=10 (full 4):
[2024-08-16T20:42:20.903+0800][6.913s][debug][gc,heap        ] GC(14)  def new generation   total 1040448K, used 924864K [0x0000000700000000, 0x00000007468f0000, 0x0000000755550000)
[2024-08-16T20:42:20.903+0800][6.913s][debug][gc,heap        ] GC(14)   eden space 924864K, 100% used [0x0000000700000000, 0x0000000738730000, 0x0000000738730000)
[2024-08-16T20:42:20.903+0800][6.913s][debug][gc,heap        ] GC(14)   from space 115584K,   0% used [0x0000000738730000, 0x0000000738730000, 0x000000073f810000)
[2024-08-16T20:42:20.903+0800][6.913s][debug][gc,heap        ] GC(14)   to   space 115584K,   0% used [0x000000073f810000, 0x000000073f810000, 0x00000007468f0000)
[2024-08-16T20:42:20.903+0800][6.913s][debug][gc,heap        ] GC(14)  tenured generation   total 2312044K, used 1387226K [0x0000000755550000, 0x00000007e272b000, 0x0000000800000000)
[2024-08-16T20:42:20.903+0800][6.913s][debug][gc,heap        ] GC(14)    the space 2312044K,  59% used [0x0000000755550000, 0x00000007aa006890, 0x00000007aa006a00, 0x00000007e272b000)
[2024-08-16T20:42:20.903+0800][6.913s][debug][gc,heap        ] GC(14)  Metaspace       used 839K, committed 960K, reserved 1114112K
[2024-08-16T20:42:20.903+0800][6.913s][debug][gc,heap        ] GC(14)   class space    used 62K, committed 128K, reserved 1048576K
[2024-08-16T20:42:20.903+0800][6.913s][debug][gc,tlab        ] GC(14) TLAB totals: thrds: 1  refills: 6 max: 6 slow allocs: 790 max 790 waste:  1.4% gc: 0B max: 0B slow: 1681880B max: 1681880B
[2024-08-16T20:42:21.279+0800][7.289s][debug][gc,ref         ] GC(14) Skipped phase 1 of Reference Processing: no references
[2024-08-16T20:42:21.279+0800][7.289s][debug][gc,ref         ] GC(14) Skipped phase 2 of Reference Processing: no references
[2024-08-16T20:42:21.279+0800][7.289s][debug][gc,ref         ] GC(14) Skipped phase 3 of Reference Processing: no references
[2024-08-16T20:42:21.279+0800][7.289s][debug][gc,ref         ] GC(14) Skipped phase 4 of Reference Processing: no references
[2024-08-16T20:42:21.279+0800][7.289s][debug][gc,phases,ref  ] GC(14) Reference Processing: 0.1ms
[2024-08-16T20:42:21.279+0800][7.289s][debug][gc,phases,ref  ] GC(14)   Reconsider SoftReferences: 0.1ms
[2024-08-16T20:42:21.279+0800][7.289s][debug][gc,phases,ref  ] GC(14)     SoftRef: skipped
[2024-08-16T20:42:21.279+0800][7.289s][debug][gc,phases,ref  ] GC(14)   Notify Soft/WeakReferences: 0.0ms
[2024-08-16T20:42:21.279+0800][7.289s][debug][gc,phases,ref  ] GC(14)     SoftRef: skipped
[2024-08-16T20:42:21.279+0800][7.289s][debug][gc,phases,ref  ] GC(14)     WeakRef: skipped
[2024-08-16T20:42:21.279+0800][7.289s][debug][gc,phases,ref  ] GC(14)     FinalRef: skipped
[2024-08-16T20:42:21.279+0800][7.289s][debug][gc,phases,ref  ] GC(14)     Total: skipped
[2024-08-16T20:42:21.279+0800][7.289s][debug][gc,phases,ref  ] GC(14)   Notify and keep alive finalizable: 0.0ms
[2024-08-16T20:42:21.279+0800][7.289s][debug][gc,phases,ref  ] GC(14)     FinalRef: skipped
[2024-08-16T20:42:21.279+0800][7.289s][debug][gc,phases,ref  ] GC(14)   Notify PhantomReferences: 0.0ms
[2024-08-16T20:42:21.279+0800][7.289s][debug][gc,phases,ref  ] GC(14)     PhantomRef: skipped
[2024-08-16T20:42:21.279+0800][7.289s][debug][gc,phases,ref  ] GC(14)   SoftReference:
[2024-08-16T20:42:21.279+0800][7.289s][debug][gc,phases,ref  ] GC(14)     Discovered: 0
[2024-08-16T20:42:21.279+0800][7.289s][debug][gc,phases,ref  ] GC(14)     Cleared: 0
[2024-08-16T20:42:21.279+0800][7.289s][debug][gc,phases,ref  ] GC(14)   WeakReference:
[2024-08-16T20:42:21.279+0800][7.289s][debug][gc,phases,ref  ] GC(14)     Discovered: 0
[2024-08-16T20:42:21.279+0800][7.289s][debug][gc,phases,ref  ] GC(14)     Cleared: 0
[2024-08-16T20:42:21.279+0800][7.289s][debug][gc,phases,ref  ] GC(14)   FinalReference:
[2024-08-16T20:42:21.279+0800][7.289s][debug][gc,phases,ref  ] GC(14)     Discovered: 0
[2024-08-16T20:42:21.279+0800][7.289s][debug][gc,phases,ref  ] GC(14)     Cleared: 0
[2024-08-16T20:42:21.279+0800][7.289s][debug][gc,phases,ref  ] GC(14)   PhantomReference:
[2024-08-16T20:42:21.279+0800][7.289s][debug][gc,phases,ref  ] GC(14)     Discovered: 0
[2024-08-16T20:42:21.279+0800][7.289s][debug][gc,phases,ref  ] GC(14)     Cleared: 0
[2024-08-16T20:42:21.279+0800][7.289s][debug][gc,age         ] GC(14) Desired survivor size 59179008 bytes, new threshold 1 (max threshold 15)
[2024-08-16T20:42:21.279+0800][7.289s][info ][gc,heap        ] GC(14) DefNew: 924864K(1040448K)->114689K(1040448K) Eden: 924864K(924864K)->0K(924864K) From: 0K(115584K)->114689K(115584K)
[2024-08-16T20:42:21.279+0800][7.289s][info ][gc,heap        ] GC(14) Tenured: 1387226K(2312044K)->2192102K(2312044K)
[2024-08-16T20:42:21.279+0800][7.289s][info ][gc,metaspace   ] GC(14) Metaspace: 839K(960K)->839K(960K) NonClass: 777K(832K)->777K(832K) Class: 62K(128K)->62K(128K)
[2024-08-16T20:42:21.279+0800][7.289s][debug][gc,heap        ] GC(14) Heap after GC invocations=11 (full 4):
[2024-08-16T20:42:21.279+0800][7.289s][debug][gc,heap        ] GC(14)  def new generation   total 1040448K, used 114689K [0x0000000700000000, 0x00000007468f0000, 0x0000000755550000)
[2024-08-16T20:42:21.279+0800][7.289s][debug][gc,heap        ] GC(14)   eden space 924864K,   0% used [0x0000000700000000, 0x0000000700000000, 0x0000000738730000)
[2024-08-16T20:42:21.279+0800][7.289s][debug][gc,heap        ] GC(14)   from space 115584K,  99% used [0x000000073f810000, 0x0000000746810758, 0x00000007468f0000)
[2024-08-16T20:42:21.279+0800][7.289s][debug][gc,heap        ] GC(14)   to   space 115584K,   0% used [0x0000000738730000, 0x0000000738730000, 0x000000073f810000)
[2024-08-16T20:42:21.279+0800][7.289s][debug][gc,heap        ] GC(14)  tenured generation   total 2312044K, used 2192102K [0x0000000755550000, 0x00000007e272b000, 0x0000000800000000)
[2024-08-16T20:42:21.279+0800][7.289s][debug][gc,heap        ] GC(14)    the space 2312044K,  94% used [0x0000000755550000, 0x00000007db2099b0, 0x00000007db209a00, 0x00000007e272b000)
[2024-08-16T20:42:21.279+0800][7.289s][debug][gc,heap        ] GC(14)  Metaspace       used 839K, committed 960K, reserved 1114112K
[2024-08-16T20:42:21.279+0800][7.289s][debug][gc,heap        ] GC(14)   class space    used 62K, committed 128K, reserved 1048576K
[2024-08-16T20:42:21.279+0800][7.289s][info ][gc             ] GC(14) Pause Young (Allocation Failure) 2257M->2252M(3273M) 376.185ms
[2024-08-16T20:42:21.279+0800][7.289s][info ][gc,cpu         ] GC(14) User=0.17s Sys=0.21s Real=0.37s
[2024-08-16T20:42:22.425+0800][8.435s][info ][gc,start       ] GC(15) Pause Young (Allocation Failure)
[2024-08-16T20:42:22.425+0800][8.435s][debug][gc,heap        ] GC(15) Heap before GC invocations=11 (full 4):
[2024-08-16T20:42:22.426+0800][8.436s][debug][gc,heap        ] GC(15)  def new generation   total 1040448K, used 1039431K [0x0000000700000000, 0x00000007468f0000, 0x0000000755550000)
[2024-08-16T20:42:22.426+0800][8.436s][debug][gc,heap        ] GC(15)   eden space 924864K,  99% used [0x0000000700000000, 0x0000000738711808, 0x0000000738730000)
[2024-08-16T20:42:22.426+0800][8.436s][debug][gc,heap        ] GC(15)   from space 115584K,  99% used [0x000000073f810000, 0x0000000746810758, 0x00000007468f0000)
[2024-08-16T20:42:22.426+0800][8.436s][debug][gc,heap        ] GC(15)   to   space 115584K,   0% used [0x0000000738730000, 0x0000000738730000, 0x000000073f810000)
[2024-08-16T20:42:22.426+0800][8.436s][debug][gc,heap        ] GC(15)  tenured generation   total 2312044K, used 2192102K [0x0000000755550000, 0x00000007e272b000, 0x0000000800000000)
[2024-08-16T20:42:22.426+0800][8.436s][debug][gc,heap        ] GC(15)    the space 2312044K,  94% used [0x0000000755550000, 0x00000007db2099b0, 0x00000007db209a00, 0x00000007e272b000)
[2024-08-16T20:42:22.426+0800][8.436s][debug][gc,heap        ] GC(15)  Metaspace       used 839K, committed 960K, reserved 1114112K
[2024-08-16T20:42:22.426+0800][8.436s][debug][gc,heap        ] GC(15)   class space    used 62K, committed 128K, reserved 1048576K
[2024-08-16T20:42:22.426+0800][8.436s][debug][gc,tlab        ] GC(15) TLAB totals: thrds: 1  refills: 5 max: 5 slow allocs: 809 max 809 waste:  1.6% gc: 355576B max: 355576B slow: 1190352B max: 1190352B
[2024-08-16T20:42:22.426+0800][8.436s][debug][gc,heap        ] GC(15) Heap after GC invocations=12 (full 4):
[2024-08-16T20:42:22.426+0800][8.436s][debug][gc,heap        ] GC(15)  def new generation   total 1040448K, used 1039431K [0x0000000700000000, 0x00000007468f0000, 0x0000000755550000)
[2024-08-16T20:42:22.426+0800][8.436s][debug][gc,heap        ] GC(15)   eden space 924864K,  99% used [0x0000000700000000, 0x0000000738711808, 0x0000000738730000)
[2024-08-16T20:42:22.426+0800][8.436s][debug][gc,heap        ] GC(15)   from space 115584K,  99% used [0x000000073f810000, 0x0000000746810758, 0x00000007468f0000)
[2024-08-16T20:42:22.426+0800][8.436s][debug][gc,heap        ] GC(15)   to   space 115584K,   0% used [0x0000000738730000, 0x0000000738730000, 0x000000073f810000)
[2024-08-16T20:42:22.426+0800][8.436s][debug][gc,heap        ] GC(15)  tenured generation   total 2312044K, used 2192102K [0x0000000755550000, 0x00000007e272b000, 0x0000000800000000)
[2024-08-16T20:42:22.426+0800][8.436s][debug][gc,heap        ] GC(15)    the space 2312044K,  94% used [0x0000000755550000, 0x00000007db2099b0, 0x00000007db209a00, 0x00000007e272b000)
[2024-08-16T20:42:22.426+0800][8.436s][debug][gc,heap        ] GC(15)  Metaspace       used 839K, committed 960K, reserved 1114112K
[2024-08-16T20:42:22.426+0800][8.436s][debug][gc,heap        ] GC(15)   class space    used 62K, committed 128K, reserved 1048576K
[2024-08-16T20:42:22.426+0800][8.436s][info ][gc             ] GC(15) Pause Young (Allocation Failure) 3155M->3155M(3273M) 1.532ms
[2024-08-16T20:42:22.426+0800][8.436s][info ][gc,cpu         ] GC(15) User=0.00s Sys=0.00s Real=0.00s
[2024-08-16T20:42:22.426+0800][8.436s][info ][gc,start       ] GC(16) Pause Full (Allocation Failure)
[2024-08-16T20:42:22.426+0800][8.436s][debug][gc,heap        ] GC(16) Heap before GC invocations=12 (full 4):
[2024-08-16T20:42:22.426+0800][8.437s][debug][gc,heap        ] GC(16)  def new generation   total 1040448K, used 1039431K [0x0000000700000000, 0x00000007468f0000, 0x0000000755550000)
[2024-08-16T20:42:22.426+0800][8.437s][debug][gc,heap        ] GC(16)   eden space 924864K,  99% used [0x0000000700000000, 0x0000000738711808, 0x0000000738730000)
[2024-08-16T20:42:22.426+0800][8.437s][debug][gc,heap        ] GC(16)   from space 115584K,  99% used [0x000000073f810000, 0x0000000746810758, 0x00000007468f0000)
[2024-08-16T20:42:22.426+0800][8.437s][debug][gc,heap        ] GC(16)   to   space 115584K,   0% used [0x0000000738730000, 0x0000000738730000, 0x000000073f810000)
[2024-08-16T20:42:22.426+0800][8.437s][debug][gc,heap        ] GC(16)  tenured generation   total 2312044K, used 2192102K [0x0000000755550000, 0x00000007e272b000, 0x0000000800000000)
[2024-08-16T20:42:22.426+0800][8.437s][debug][gc,heap        ] GC(16)    the space 2312044K,  94% used [0x0000000755550000, 0x00000007db2099b0, 0x00000007db209a00, 0x00000007e272b000)
[2024-08-16T20:42:22.426+0800][8.437s][debug][gc,heap        ] GC(16)  Metaspace       used 839K, committed 960K, reserved 1114112K
[2024-08-16T20:42:22.426+0800][8.437s][debug][gc,heap        ] GC(16)   class space    used 62K, committed 128K, reserved 1048576K
[2024-08-16T20:42:22.426+0800][8.437s][info ][gc,phases,start] GC(16) Phase 1: Mark live objects
[2024-08-16T20:42:22.428+0800][8.438s][debug][gc,phases,start] GC(16) Reference Processing
[2024-08-16T20:42:22.428+0800][8.438s][debug][gc,ref         ] GC(16) Skipped phase 1 of Reference Processing: no references
[2024-08-16T20:42:22.428+0800][8.439s][debug][gc,ref         ] GC(16) ReferenceProcessor::execute queues: 1, RefProcThreadModel::Single, marks_oops_alive: false
[2024-08-16T20:42:22.428+0800][8.439s][debug][gc,ref         ] GC(16) Skipped phase 3 of Reference Processing: no references
[2024-08-16T20:42:22.428+0800][8.439s][debug][gc,ref         ] GC(16) Skipped phase 4 of Reference Processing: no references
[2024-08-16T20:42:22.428+0800][8.439s][debug][gc,phases,ref  ] GC(16) Reference Processing: 0.3ms
[2024-08-16T20:42:22.428+0800][8.439s][debug][gc,phases,ref  ] GC(16)   Reconsider SoftReferences: 0.0ms
[2024-08-16T20:42:22.428+0800][8.439s][debug][gc,phases,ref  ] GC(16)     SoftRef: skipped
[2024-08-16T20:42:22.428+0800][8.439s][debug][gc,phases,ref  ] GC(16)   Notify Soft/WeakReferences: 0.2ms
[2024-08-16T20:42:22.428+0800][8.439s][debug][gc,phases,ref  ] GC(16)     SoftRef: 0.0ms
[2024-08-16T20:42:22.428+0800][8.439s][debug][gc,phases,ref  ] GC(16)     WeakRef: 0.0ms
[2024-08-16T20:42:22.428+0800][8.439s][debug][gc,phases,ref  ] GC(16)     FinalRef: 0.0ms
[2024-08-16T20:42:22.428+0800][8.439s][debug][gc,phases,ref  ] GC(16)     Total: 0.0ms
[2024-08-16T20:42:22.428+0800][8.439s][debug][gc,phases,ref  ] GC(16)   Notify and keep alive finalizable: 0.0ms
[2024-08-16T20:42:22.428+0800][8.439s][debug][gc,phases,ref  ] GC(16)     FinalRef: skipped
[2024-08-16T20:42:22.428+0800][8.439s][debug][gc,phases,ref  ] GC(16)   Notify PhantomReferences: 0.0ms
[2024-08-16T20:42:22.428+0800][8.439s][debug][gc,phases,ref  ] GC(16)     PhantomRef: skipped
[2024-08-16T20:42:22.428+0800][8.439s][debug][gc,phases,ref  ] GC(16)   SoftReference:
[2024-08-16T20:42:22.428+0800][8.439s][debug][gc,phases,ref  ] GC(16)     Discovered: 0
[2024-08-16T20:42:22.428+0800][8.439s][debug][gc,phases,ref  ] GC(16)     Cleared: 0
[2024-08-16T20:42:22.428+0800][8.439s][debug][gc,phases,ref  ] GC(16)   WeakReference:
[2024-08-16T20:42:22.428+0800][8.439s][debug][gc,phases,ref  ] GC(16)     Discovered: 2
[2024-08-16T20:42:22.428+0800][8.439s][debug][gc,phases,ref  ] GC(16)     Cleared: 2
[2024-08-16T20:42:22.429+0800][8.439s][debug][gc,phases,ref  ] GC(16)   FinalReference:
[2024-08-16T20:42:22.429+0800][8.439s][debug][gc,phases,ref  ] GC(16)     Discovered: 0
[2024-08-16T20:42:22.429+0800][8.439s][debug][gc,phases,ref  ] GC(16)     Cleared: 0
[2024-08-16T20:42:22.429+0800][8.439s][debug][gc,phases,ref  ] GC(16)   PhantomReference:
[2024-08-16T20:42:22.429+0800][8.439s][debug][gc,phases,ref  ] GC(16)     Discovered: 0
[2024-08-16T20:42:22.429+0800][8.439s][debug][gc,phases,ref  ] GC(16)     Cleared: 0
[2024-08-16T20:42:22.429+0800][8.439s][debug][gc,phases      ] GC(16) Reference Processing 0.560ms
[2024-08-16T20:42:22.429+0800][8.439s][debug][gc,phases,start] GC(16) Weak Processing
[2024-08-16T20:42:22.429+0800][8.439s][debug][gc,phases      ] GC(16) Weak Processing 0.052ms
[2024-08-16T20:42:22.429+0800][8.439s][debug][gc,phases,start] GC(16) Class Unloading
[2024-08-16T20:42:22.429+0800][8.439s][debug][gc,phases,start] GC(16) ClassLoaderData
[2024-08-16T20:42:22.429+0800][8.439s][debug][gc,phases      ] GC(16) ClassLoaderData 0.015ms
[2024-08-16T20:42:22.429+0800][8.439s][debug][gc,phases,start] GC(16) Trigger cleanups
[2024-08-16T20:42:22.429+0800][8.439s][debug][gc,phases      ] GC(16) Trigger cleanups 0.009ms
[2024-08-16T20:42:22.429+0800][8.440s][debug][gc,phases      ] GC(16) Class Unloading 0.758ms
[2024-08-16T20:42:22.429+0800][8.440s][debug][gc,phases,start] GC(16) Report Object Count
[2024-08-16T20:42:22.429+0800][8.440s][debug][gc,phases      ] GC(16) Report Object Count 0.008ms
[2024-08-16T20:42:22.429+0800][8.440s][info ][gc,phases      ] GC(16) Phase 1: Mark live objects 3.058ms
[2024-08-16T20:42:22.429+0800][8.440s][info ][gc,phases,start] GC(16) Phase 2: Compute new object addresses
[2024-08-16T20:42:22.433+0800][8.443s][info ][gc,phases      ] GC(16) Phase 2: Compute new object addresses 3.360ms
[2024-08-16T20:42:22.433+0800][8.443s][info ][gc,phases,start] GC(16) Phase 3: Adjust pointers
[2024-08-16T20:42:22.435+0800][8.445s][info ][gc,phases      ] GC(16) Phase 3: Adjust pointers 1.862ms
[2024-08-16T20:42:22.435+0800][8.445s][info ][gc,phases,start] GC(16) Phase 4: Move objects
[2024-08-16T20:42:22.733+0800][8.743s][info ][gc,phases      ] GC(16) Phase 4: Move objects 298.024ms
[2024-08-16T20:42:22.734+0800][8.744s][debug][gc,ergo,heap   ] GC(16) New generation size 1156032K->1398080K [eden=1118528K,survivor=139776K]
[2024-08-16T20:42:22.734+0800][8.744s][info ][gc,heap        ] GC(16) DefNew: 1039431K(1040448K)->0K(1258304K) Eden: 924742K(924864K)->0K(1118528K) From: 114689K(115584K)->0K(139776K)
[2024-08-16T20:42:22.734+0800][8.744s][info ][gc,heap        ] GC(16) Tenured: 2192102K(2312044K)->2304747K(2796224K)
[2024-08-16T20:42:22.734+0800][8.744s][info ][gc,metaspace   ] GC(16) Metaspace: 839K(960K)->839K(960K) NonClass: 777K(832K)->777K(832K) Class: 62K(128K)->62K(128K)
[2024-08-16T20:42:22.734+0800][8.744s][debug][gc,heap        ] GC(16) Heap after GC invocations=12 (full 5):
[2024-08-16T20:42:22.734+0800][8.744s][debug][gc,heap        ] GC(16)  def new generation   total 1258304K, used 0K [0x0000000700000000, 0x0000000755550000, 0x0000000755550000)
[2024-08-16T20:42:22.734+0800][8.744s][debug][gc,heap        ] GC(16)   eden space 1118528K,   0% used [0x0000000700000000, 0x0000000700000000, 0x0000000744450000)
[2024-08-16T20:42:22.734+0800][8.744s][debug][gc,heap        ] GC(16)   from space 139776K,   0% used [0x0000000744450000, 0x0000000744450000, 0x000000074ccd0000)
[2024-08-16T20:42:22.734+0800][8.744s][debug][gc,heap        ] GC(16)   to   space 139776K,   0% used [0x000000074ccd0000, 0x000000074ccd0000, 0x0000000755550000)
[2024-08-16T20:42:22.734+0800][8.744s][debug][gc,heap        ] GC(16)  tenured generation   total 2796224K, used 2304747K [0x0000000755550000, 0x0000000800000000, 0x0000000800000000)
[2024-08-16T20:42:22.734+0800][8.744s][debug][gc,heap        ] GC(16)    the space 2796224K,  82% used [0x0000000755550000, 0x00000007e200af58, 0x00000007e200b000, 0x0000000800000000)
[2024-08-16T20:42:22.734+0800][8.744s][debug][gc,heap        ] GC(16)  Metaspace       used 839K, committed 960K, reserved 1114112K
[2024-08-16T20:42:22.734+0800][8.744s][debug][gc,heap        ] GC(16)   class space    used 62K, committed 128K, reserved 1048576K
[2024-08-16T20:42:22.734+0800][8.744s][info ][gc             ] GC(16) Pause Full (Allocation Failure) 3155M->2250M(3959M) 307.934ms
[2024-08-16T20:42:22.734+0800][8.744s][info ][gc,cpu         ] GC(16) User=0.25s Sys=0.06s Real=0.31s
[2024-08-16T20:42:24.219+0800][10.229s][info ][gc,start       ] GC(17) Pause Young (Allocation Failure)
[2024-08-16T20:42:24.219+0800][10.230s][debug][gc,heap        ] GC(17) Heap before GC invocations=12 (full 5):
[2024-08-16T20:42:24.219+0800][10.230s][debug][gc,heap        ] GC(17)  def new generation   total 1258304K, used 1117723K [0x0000000700000000, 0x0000000755550000, 0x0000000755550000)
[2024-08-16T20:42:24.219+0800][10.230s][debug][gc,heap        ] GC(17)   eden space 1118528K,  99% used [0x0000000700000000, 0x0000000744386e50, 0x0000000744450000)
[2024-08-16T20:42:24.219+0800][10.230s][debug][gc,heap        ] GC(17)   from space 139776K,   0% used [0x0000000744450000, 0x0000000744450000, 0x000000074ccd0000)
[2024-08-16T20:42:24.219+0800][10.230s][debug][gc,heap        ] GC(17)   to   space 139776K,   0% used [0x000000074ccd0000, 0x000000074ccd0000, 0x0000000755550000)
[2024-08-16T20:42:24.219+0800][10.230s][debug][gc,heap        ] GC(17)  tenured generation   total 2796224K, used 2304747K [0x0000000755550000, 0x0000000800000000, 0x0000000800000000)
[2024-08-16T20:42:24.219+0800][10.230s][debug][gc,heap        ] GC(17)    the space 2796224K,  82% used [0x0000000755550000, 0x00000007e200af58, 0x00000007e200b000, 0x0000000800000000)
[2024-08-16T20:42:24.219+0800][10.230s][debug][gc,heap        ] GC(17)  Metaspace       used 840K, committed 960K, reserved 1114112K
[2024-08-16T20:42:24.219+0800][10.230s][debug][gc,heap        ] GC(17)   class space    used 62K, committed 128K, reserved 1048576K
[2024-08-16T20:42:24.219+0800][10.230s][debug][gc,tlab        ] GC(17) TLAB totals: thrds: 1  refills: 15 max: 15 slow allocs: 753 max 753 waste:  1.5% gc: 443888B max: 443888B slow: 4987808B max: 4987808B
[2024-08-16T20:42:24.219+0800][10.230s][debug][gc,heap        ] GC(17) Heap after GC invocations=13 (full 5):
[2024-08-16T20:42:24.219+0800][10.230s][debug][gc,heap        ] GC(17)  def new generation   total 1258304K, used 1117723K [0x0000000700000000, 0x0000000755550000, 0x0000000755550000)
[2024-08-16T20:42:24.219+0800][10.230s][debug][gc,heap        ] GC(17)   eden space 1118528K,  99% used [0x0000000700000000, 0x0000000744386e50, 0x0000000744450000)
[2024-08-16T20:42:24.219+0800][10.230s][debug][gc,heap        ] GC(17)   from space 139776K,   0% used [0x0000000744450000, 0x0000000744450000, 0x000000074ccd0000)
[2024-08-16T20:42:24.219+0800][10.230s][debug][gc,heap        ] GC(17)   to   space 139776K,   0% used [0x000000074ccd0000, 0x000000074ccd0000, 0x0000000755550000)
[2024-08-16T20:42:24.219+0800][10.230s][debug][gc,heap        ] GC(17)  tenured generation   total 2796224K, used 2304747K [0x0000000755550000, 0x0000000800000000, 0x0000000800000000)
[2024-08-16T20:42:24.219+0800][10.230s][debug][gc,heap        ] GC(17)    the space 2796224K,  82% used [0x0000000755550000, 0x00000007e200af58, 0x00000007e200b000, 0x0000000800000000)
[2024-08-16T20:42:24.219+0800][10.230s][debug][gc,heap        ] GC(17)  Metaspace       used 840K, committed 960K, reserved 1114112K
[2024-08-16T20:42:24.219+0800][10.230s][debug][gc,heap        ] GC(17)   class space    used 62K, committed 128K, reserved 1048576K
[2024-08-16T20:42:24.219+0800][10.230s][info ][gc             ] GC(17) Pause Young (Allocation Failure) 3342M->3342M(3959M) 0.157ms
[2024-08-16T20:42:24.219+0800][10.230s][info ][gc,cpu         ] GC(17) User=0.00s Sys=0.00s Real=0.00s
[2024-08-16T20:42:24.219+0800][10.230s][info ][gc,start       ] GC(18) Pause Full (Allocation Failure)
[2024-08-16T20:42:24.219+0800][10.230s][debug][gc,heap        ] GC(18) Heap before GC invocations=13 (full 5):
[2024-08-16T20:42:24.219+0800][10.230s][debug][gc,heap        ] GC(18)  def new generation   total 1258304K, used 1117723K [0x0000000700000000, 0x0000000755550000, 0x0000000755550000)
[2024-08-16T20:42:24.219+0800][10.230s][debug][gc,heap        ] GC(18)   eden space 1118528K,  99% used [0x0000000700000000, 0x0000000744386e50, 0x0000000744450000)
[2024-08-16T20:42:24.219+0800][10.230s][debug][gc,heap        ] GC(18)   from space 139776K,   0% used [0x0000000744450000, 0x0000000744450000, 0x000000074ccd0000)
[2024-08-16T20:42:24.219+0800][10.230s][debug][gc,heap        ] GC(18)   to   space 139776K,   0% used [0x000000074ccd0000, 0x000000074ccd0000, 0x0000000755550000)
[2024-08-16T20:42:24.219+0800][10.230s][debug][gc,heap        ] GC(18)  tenured generation   total 2796224K, used 2304747K [0x0000000755550000, 0x0000000800000000, 0x0000000800000000)
[2024-08-16T20:42:24.219+0800][10.230s][debug][gc,heap        ] GC(18)    the space 2796224K,  82% used [0x0000000755550000, 0x00000007e200af58, 0x00000007e200b000, 0x0000000800000000)
[2024-08-16T20:42:24.219+0800][10.230s][debug][gc,heap        ] GC(18)  Metaspace       used 840K, committed 960K, reserved 1114112K
[2024-08-16T20:42:24.219+0800][10.230s][debug][gc,heap        ] GC(18)   class space    used 62K, committed 128K, reserved 1048576K
[2024-08-16T20:42:24.219+0800][10.230s][info ][gc,phases,start] GC(18) Phase 1: Mark live objects
[2024-08-16T20:42:24.221+0800][10.231s][debug][gc,phases,start] GC(18) Reference Processing
[2024-08-16T20:42:24.221+0800][10.231s][debug][gc,ref         ] GC(18) Skipped phase 1 of Reference Processing: no references
[2024-08-16T20:42:24.221+0800][10.231s][debug][gc,ref         ] GC(18) ReferenceProcessor::execute queues: 1, RefProcThreadModel::Single, marks_oops_alive: false
[2024-08-16T20:42:24.221+0800][10.231s][debug][gc,ref         ] GC(18) Skipped phase 3 of Reference Processing: no references
[2024-08-16T20:42:24.221+0800][10.231s][debug][gc,ref         ] GC(18) ReferenceProcessor::execute queues: 1, RefProcThreadModel::Single, marks_oops_alive: false
[2024-08-16T20:42:24.221+0800][10.231s][debug][gc,phases,ref  ] GC(18) Reference Processing: 0.3ms
[2024-08-16T20:42:24.221+0800][10.231s][debug][gc,phases,ref  ] GC(18)   Reconsider SoftReferences: 0.0ms
[2024-08-16T20:42:24.221+0800][10.231s][debug][gc,phases,ref  ] GC(18)     SoftRef: skipped
[2024-08-16T20:42:24.221+0800][10.231s][debug][gc,phases,ref  ] GC(18)   Notify Soft/WeakReferences: 0.2ms
[2024-08-16T20:42:24.221+0800][10.231s][debug][gc,phases,ref  ] GC(18)     SoftRef: 0.0ms
[2024-08-16T20:42:24.221+0800][10.231s][debug][gc,phases,ref  ] GC(18)     WeakRef: 0.0ms
[2024-08-16T20:42:24.221+0800][10.231s][debug][gc,phases,ref  ] GC(18)     FinalRef: 0.0ms
[2024-08-16T20:42:24.221+0800][10.231s][debug][gc,phases,ref  ] GC(18)     Total: 0.0ms
[2024-08-16T20:42:24.221+0800][10.231s][debug][gc,phases,ref  ] GC(18)   Notify and keep alive finalizable: 0.0ms
[2024-08-16T20:42:24.221+0800][10.231s][debug][gc,phases,ref  ] GC(18)     FinalRef: skipped
[2024-08-16T20:42:24.221+0800][10.231s][debug][gc,phases,ref  ] GC(18)   Notify PhantomReferences: 0.0ms
[2024-08-16T20:42:24.221+0800][10.231s][debug][gc,phases,ref  ] GC(18)     PhantomRef: 0.0ms
[2024-08-16T20:42:24.221+0800][10.231s][debug][gc,phases,ref  ] GC(18)   SoftReference:
[2024-08-16T20:42:24.221+0800][10.231s][debug][gc,phases,ref  ] GC(18)     Discovered: 0
[2024-08-16T20:42:24.221+0800][10.231s][debug][gc,phases,ref  ] GC(18)     Cleared: 0
[2024-08-16T20:42:24.221+0800][10.232s][debug][gc,phases,ref  ] GC(18)   WeakReference:
[2024-08-16T20:42:24.221+0800][10.232s][debug][gc,phases,ref  ] GC(18)     Discovered: 5
[2024-08-16T20:42:24.221+0800][10.232s][debug][gc,phases,ref  ] GC(18)     Cleared: 2
[2024-08-16T20:42:24.221+0800][10.232s][debug][gc,phases,ref  ] GC(18)   FinalReference:
[2024-08-16T20:42:24.221+0800][10.232s][debug][gc,phases,ref  ] GC(18)     Discovered: 0
[2024-08-16T20:42:24.221+0800][10.232s][debug][gc,phases,ref  ] GC(18)     Cleared: 0
[2024-08-16T20:42:24.221+0800][10.232s][debug][gc,phases,ref  ] GC(18)   PhantomReference:
[2024-08-16T20:42:24.221+0800][10.232s][debug][gc,phases,ref  ] GC(18)     Discovered: 1
[2024-08-16T20:42:24.221+0800][10.232s][debug][gc,phases,ref  ] GC(18)     Cleared: 0
[2024-08-16T20:42:24.221+0800][10.232s][debug][gc,phases      ] GC(18) Reference Processing 0.899ms
[2024-08-16T20:42:24.221+0800][10.232s][debug][gc,phases,start] GC(18) Weak Processing
[2024-08-16T20:42:24.222+0800][10.232s][debug][gc,phases      ] GC(18) Weak Processing 0.066ms
[2024-08-16T20:42:24.222+0800][10.232s][debug][gc,phases,start] GC(18) Class Unloading
[2024-08-16T20:42:24.222+0800][10.232s][debug][gc,phases,start] GC(18) ClassLoaderData
[2024-08-16T20:42:24.222+0800][10.232s][debug][gc,phases      ] GC(18) ClassLoaderData 0.021ms
[2024-08-16T20:42:24.222+0800][10.232s][debug][gc,phases,start] GC(18) Trigger cleanups
[2024-08-16T20:42:24.222+0800][10.232s][debug][gc,phases      ] GC(18) Trigger cleanups 0.017ms
[2024-08-16T20:42:24.223+0800][10.233s][debug][gc,phases      ] GC(18) Class Unloading 1.267ms
[2024-08-16T20:42:24.223+0800][10.233s][debug][gc,phases,start] GC(18) Report Object Count
[2024-08-16T20:42:24.223+0800][10.233s][debug][gc,phases      ] GC(18) Report Object Count 0.021ms
[2024-08-16T20:42:24.223+0800][10.233s][info ][gc,phases      ] GC(18) Phase 1: Mark live objects 3.439ms
[2024-08-16T20:42:24.223+0800][10.233s][info ][gc,phases,start] GC(18) Phase 2: Compute new object addresses
[2024-08-16T20:42:24.227+0800][10.237s][info ][gc,phases      ] GC(18) Phase 2: Compute new object addresses 4.040ms
[2024-08-16T20:42:24.227+0800][10.237s][info ][gc,phases,start] GC(18) Phase 3: Adjust pointers
[2024-08-16T20:42:24.228+0800][10.238s][info ][gc,phases      ] GC(18) Phase 3: Adjust pointers 1.173ms
[2024-08-16T20:42:24.228+0800][10.238s][info ][gc,phases,start] GC(18) Phase 4: Move objects
[2024-08-16T20:42:24.772+0800][10.782s][info ][gc,phases      ] GC(18) Phase 4: Move objects 543.999ms
[2024-08-16T20:42:24.773+0800][10.783s][info ][gc,heap        ] GC(18) DefNew: 1117723K(1258304K)->54272K(1258304K) Eden: 1117723K(1118528K)->54272K(1118528K) From: 0K(139776K)->0K(139776K)
[2024-08-16T20:42:24.773+0800][10.783s][info ][gc,heap        ] GC(18) Tenured: 2304747K(2796224K)->2795257K(2796224K)
[2024-08-16T20:42:24.773+0800][10.783s][info ][gc,metaspace   ] GC(18) Metaspace: 840K(960K)->840K(960K) NonClass: 777K(832K)->777K(832K) Class: 62K(128K)->62K(128K)
[2024-08-16T20:42:24.773+0800][10.783s][debug][gc,heap        ] GC(18) Heap after GC invocations=13 (full 6):
[2024-08-16T20:42:24.773+0800][10.783s][debug][gc,heap        ] GC(18)  def new generation   total 1258304K, used 54272K [0x0000000700000000, 0x0000000755550000, 0x0000000755550000)
[2024-08-16T20:42:24.773+0800][10.783s][debug][gc,heap        ] GC(18)   eden space 1118528K,   4% used [0x0000000700000000, 0x0000000703500350, 0x0000000744450000)
[2024-08-16T20:42:24.773+0800][10.783s][debug][gc,heap        ] GC(18)   from space 139776K,   0% used [0x0000000744450000, 0x0000000744450000, 0x000000074ccd0000)
[2024-08-16T20:42:24.773+0800][10.783s][debug][gc,heap        ] GC(18)   to   space 139776K,   0% used [0x000000074ccd0000, 0x000000074ccd0000, 0x0000000755550000)
[2024-08-16T20:42:24.773+0800][10.783s][debug][gc,heap        ] GC(18)  tenured generation   total 2796224K, used 2795257K [0x0000000755550000, 0x0000000800000000, 0x0000000800000000)
[2024-08-16T20:42:24.773+0800][10.783s][debug][gc,heap        ] GC(18)    the space 2796224K,  99% used [0x0000000755550000, 0x00000007fff0e680, 0x00000007fff0e800, 0x0000000800000000)
[2024-08-16T20:42:24.773+0800][10.783s][debug][gc,heap        ] GC(18)  Metaspace       used 840K, committed 960K, reserved 1114112K
[2024-08-16T20:42:24.773+0800][10.783s][debug][gc,heap        ] GC(18)   class space    used 62K, committed 128K, reserved 1048576K
[2024-08-16T20:42:24.773+0800][10.783s][info ][gc             ] GC(18) Pause Full (Allocation Failure) 3342M->2782M(3959M) 553.239ms
[2024-08-16T20:42:24.773+0800][10.783s][info ][gc,cpu         ] GC(18) User=0.31s Sys=0.24s Real=0.56s
[2024-08-16T20:42:26.384+0800][12.394s][info ][gc,start       ] GC(19) Pause Full (Allocation Failure)
[2024-08-16T20:42:26.384+0800][12.394s][debug][gc,heap        ] GC(19) Heap before GC invocations=13 (full 6):
[2024-08-16T20:42:26.384+0800][12.394s][debug][gc,heap        ] GC(19)  def new generation   total 1258304K, used 1257855K [0x0000000700000000, 0x0000000755550000, 0x0000000755550000)
[2024-08-16T20:42:26.384+0800][12.394s][debug][gc,heap        ] GC(19)   eden space 1118528K, 100% used [0x0000000700000000, 0x0000000744450000, 0x0000000744450000)
[2024-08-16T20:42:26.384+0800][12.394s][debug][gc,heap        ] GC(19)   from space 139776K,  99% used [0x0000000744450000, 0x000000074cc5fcb8, 0x000000074ccd0000)
[2024-08-16T20:42:26.384+0800][12.394s][debug][gc,heap        ] GC(19)   to   space 139776K,   0% used [0x000000074ccd0000, 0x000000074ccd0000, 0x0000000755550000)
[2024-08-16T20:42:26.384+0800][12.394s][debug][gc,heap        ] GC(19)  tenured generation   total 2796224K, used 2795257K [0x0000000755550000, 0x0000000800000000, 0x0000000800000000)
[2024-08-16T20:42:26.384+0800][12.394s][debug][gc,heap        ] GC(19)    the space 2796224K,  99% used [0x0000000755550000, 0x00000007fff0e680, 0x00000007fff0e800, 0x0000000800000000)
[2024-08-16T20:42:26.384+0800][12.394s][debug][gc,heap        ] GC(19)  Metaspace       used 840K, committed 960K, reserved 1114112K
[2024-08-16T20:42:26.384+0800][12.394s][debug][gc,heap        ] GC(19)   class space    used 62K, committed 128K, reserved 1048576K
[2024-08-16T20:42:26.384+0800][12.394s][debug][gc,tlab        ] GC(19) TLAB totals: thrds: 1  refills: 14 max: 14 slow allocs: 849 max 849 waste:  1.5% gc: 0B max: 0B slow: 4949816B max: 4949816B
[2024-08-16T20:42:26.384+0800][12.394s][info ][gc,phases,start] GC(19) Phase 1: Mark live objects
[2024-08-16T20:42:26.387+0800][12.397s][debug][gc,phases,start] GC(19) Reference Processing
[2024-08-16T20:42:26.387+0800][12.397s][debug][gc,ref         ] GC(19) Skipped phase 1 of Reference Processing: no references
[2024-08-16T20:42:26.387+0800][12.397s][debug][gc,ref         ] GC(19) ReferenceProcessor::execute queues: 1, RefProcThreadModel::Single, marks_oops_alive: false
[2024-08-16T20:42:26.387+0800][12.397s][debug][gc,ref         ] GC(19) Skipped phase 3 of Reference Processing: no references
[2024-08-16T20:42:26.387+0800][12.397s][debug][gc,ref         ] GC(19) Skipped phase 4 of Reference Processing: no references
[2024-08-16T20:42:26.387+0800][12.397s][debug][gc,phases,ref  ] GC(19) Reference Processing: 0.2ms
[2024-08-16T20:42:26.387+0800][12.397s][debug][gc,phases,ref  ] GC(19)   Reconsider SoftReferences: 0.0ms
[2024-08-16T20:42:26.387+0800][12.397s][debug][gc,phases,ref  ] GC(19)     SoftRef: skipped
[2024-08-16T20:42:26.387+0800][12.397s][debug][gc,phases,ref  ] GC(19)   Notify Soft/WeakReferences: 0.1ms
[2024-08-16T20:42:26.387+0800][12.397s][debug][gc,phases,ref  ] GC(19)     SoftRef: 0.0ms
[2024-08-16T20:42:26.387+0800][12.397s][debug][gc,phases,ref  ] GC(19)     WeakRef: 0.0ms
[2024-08-16T20:42:26.387+0800][12.397s][debug][gc,phases,ref  ] GC(19)     FinalRef: 0.0ms
[2024-08-16T20:42:26.387+0800][12.397s][debug][gc,phases,ref  ] GC(19)     Total: 0.0ms
[2024-08-16T20:42:26.387+0800][12.397s][debug][gc,phases,ref  ] GC(19)   Notify and keep alive finalizable: 0.0ms
[2024-08-16T20:42:26.387+0800][12.397s][debug][gc,phases,ref  ] GC(19)     FinalRef: skipped
[2024-08-16T20:42:26.387+0800][12.397s][debug][gc,phases,ref  ] GC(19)   Notify PhantomReferences: 0.0ms
[2024-08-16T20:42:26.387+0800][12.397s][debug][gc,phases,ref  ] GC(19)     PhantomRef: skipped
[2024-08-16T20:42:26.387+0800][12.397s][debug][gc,phases,ref  ] GC(19)   SoftReference:
[2024-08-16T20:42:26.387+0800][12.397s][debug][gc,phases,ref  ] GC(19)     Discovered: 0
[2024-08-16T20:42:26.387+0800][12.397s][debug][gc,phases,ref  ] GC(19)     Cleared: 0
[2024-08-16T20:42:26.387+0800][12.397s][debug][gc,phases,ref  ] GC(19)   WeakReference:
[2024-08-16T20:42:26.387+0800][12.397s][debug][gc,phases,ref  ] GC(19)     Discovered: 2
[2024-08-16T20:42:26.387+0800][12.397s][debug][gc,phases,ref  ] GC(19)     Cleared: 2
[2024-08-16T20:42:26.387+0800][12.397s][debug][gc,phases,ref  ] GC(19)   FinalReference:
[2024-08-16T20:42:26.387+0800][12.397s][debug][gc,phases,ref  ] GC(19)     Discovered: 0
[2024-08-16T20:42:26.387+0800][12.397s][debug][gc,phases,ref  ] GC(19)     Cleared: 0
[2024-08-16T20:42:26.387+0800][12.397s][debug][gc,phases,ref  ] GC(19)   PhantomReference:
[2024-08-16T20:42:26.387+0800][12.397s][debug][gc,phases,ref  ] GC(19)     Discovered: 0
[2024-08-16T20:42:26.387+0800][12.397s][debug][gc,phases,ref  ] GC(19)     Cleared: 0
[2024-08-16T20:42:26.387+0800][12.397s][debug][gc,phases      ] GC(19) Reference Processing 0.586ms
[2024-08-16T20:42:26.387+0800][12.397s][debug][gc,phases,start] GC(19) Weak Processing
[2024-08-16T20:42:26.387+0800][12.398s][debug][gc,phases      ] GC(19) Weak Processing 0.104ms
[2024-08-16T20:42:26.387+0800][12.398s][debug][gc,phases,start] GC(19) Class Unloading
[2024-08-16T20:42:26.387+0800][12.398s][debug][gc,phases,start] GC(19) ClassLoaderData
[2024-08-16T20:42:26.387+0800][12.398s][debug][gc,phases      ] GC(19) ClassLoaderData 0.033ms
[2024-08-16T20:42:26.387+0800][12.398s][debug][gc,phases,start] GC(19) Trigger cleanups
[2024-08-16T20:42:26.387+0800][12.398s][debug][gc,phases      ] GC(19) Trigger cleanups 0.019ms
[2024-08-16T20:42:26.389+0800][12.399s][debug][gc,phases      ] GC(19) Class Unloading 1.303ms
[2024-08-16T20:42:26.389+0800][12.399s][debug][gc,phases,start] GC(19) Report Object Count
[2024-08-16T20:42:26.389+0800][12.399s][debug][gc,phases      ] GC(19) Report Object Count 0.016ms
[2024-08-16T20:42:26.389+0800][12.399s][info ][gc,phases      ] GC(19) Phase 1: Mark live objects 4.591ms
[2024-08-16T20:42:26.389+0800][12.399s][info ][gc,phases,start] GC(19) Phase 2: Compute new object addresses
[2024-08-16T20:42:26.393+0800][12.403s][info ][gc,phases      ] GC(19) Phase 2: Compute new object addresses 3.887ms
[2024-08-16T20:42:26.393+0800][12.403s][info ][gc,phases,start] GC(19) Phase 3: Adjust pointers
[2024-08-16T20:42:26.395+0800][12.405s][info ][gc,phases      ] GC(19) Phase 3: Adjust pointers 1.970ms
[2024-08-16T20:42:26.395+0800][12.405s][info ][gc,phases,start] GC(19) Phase 4: Move objects
[2024-08-16T20:42:26.714+0800][12.725s][info ][gc,phases      ] GC(19) Phase 4: Move objects 319.717ms
[2024-08-16T20:42:26.715+0800][12.725s][info ][gc,heap        ] GC(19) DefNew: 1257855K(1258304K)->685066K(1258304K) Eden: 1118528K(1118528K)->685066K(1118528K) From: 139327K(139776K)->0K(139776K)
[2024-08-16T20:42:26.715+0800][12.725s][info ][gc,heap        ] GC(19) Tenured: 2795257K(2796224K)->2795257K(2796224K)
[2024-08-16T20:42:26.715+0800][12.725s][info ][gc,metaspace   ] GC(19) Metaspace: 840K(960K)->840K(960K) NonClass: 777K(832K)->777K(832K) Class: 62K(128K)->62K(128K)
[2024-08-16T20:42:26.715+0800][12.725s][debug][gc,heap        ] GC(19) Heap after GC invocations=14 (full 7):
[2024-08-16T20:42:26.715+0800][12.725s][debug][gc,heap        ] GC(19)  def new generation   total 1258304K, used 685066K [0x0000000700000000, 0x0000000755550000, 0x0000000755550000)
[2024-08-16T20:42:26.715+0800][12.725s][debug][gc,heap        ] GC(19)   eden space 1118528K,  61% used [0x0000000700000000, 0x0000000729d029d0, 0x0000000744450000)
[2024-08-16T20:42:26.715+0800][12.725s][debug][gc,heap        ] GC(19)   from space 139776K,   0% used [0x0000000744450000, 0x0000000744450000, 0x000000074ccd0000)
[2024-08-16T20:42:26.715+0800][12.725s][debug][gc,heap        ] GC(19)   to   space 139776K,   0% used [0x000000074ccd0000, 0x000000074ccd0000, 0x0000000755550000)
[2024-08-16T20:42:26.715+0800][12.725s][debug][gc,heap        ] GC(19)  tenured generation   total 2796224K, used 2795257K [0x0000000755550000, 0x0000000800000000, 0x0000000800000000)
[2024-08-16T20:42:26.715+0800][12.725s][debug][gc,heap        ] GC(19)    the space 2796224K,  99% used [0x0000000755550000, 0x00000007fff0e630, 0x00000007fff0e800, 0x0000000800000000)
[2024-08-16T20:42:26.715+0800][12.725s][debug][gc,heap        ] GC(19)  Metaspace       used 840K, committed 960K, reserved 1114112K
[2024-08-16T20:42:26.715+0800][12.725s][debug][gc,heap        ] GC(19)   class space    used 62K, committed 128K, reserved 1048576K
[2024-08-16T20:42:26.715+0800][12.725s][info ][gc             ] GC(19) Pause Full (Allocation Failure) 3958M->3398M(3959M) 331.345ms
[2024-08-16T20:42:26.715+0800][12.725s][info ][gc,cpu         ] GC(19) User=0.33s Sys=0.00s Real=0.33s
[2024-08-16T20:42:27.424+0800][13.435s][info ][gc,start       ] GC(20) Pause Full (Allocation Failure)
[2024-08-16T20:42:27.424+0800][13.435s][debug][gc,heap        ] GC(20) Heap before GC invocations=14 (full 7):
[2024-08-16T20:42:27.424+0800][13.435s][debug][gc,heap        ] GC(20)  def new generation   total 1258304K, used 1257794K [0x0000000700000000, 0x0000000755550000, 0x0000000755550000)
[2024-08-16T20:42:27.424+0800][13.435s][debug][gc,heap        ] GC(20)   eden space 1118528K, 100% used [0x0000000700000000, 0x0000000744450000, 0x0000000744450000)
[2024-08-16T20:42:27.424+0800][13.435s][debug][gc,heap        ] GC(20)   from space 139776K,  99% used [0x0000000744450000, 0x000000074cc50880, 0x000000074ccd0000)
[2024-08-16T20:42:27.424+0800][13.435s][debug][gc,heap        ] GC(20)   to   space 139776K,   0% used [0x000000074ccd0000, 0x000000074ccd0000, 0x0000000755550000)
[2024-08-16T20:42:27.424+0800][13.435s][debug][gc,heap        ] GC(20)  tenured generation   total 2796224K, used 2795257K [0x0000000755550000, 0x0000000800000000, 0x0000000800000000)
[2024-08-16T20:42:27.424+0800][13.435s][debug][gc,heap        ] GC(20)    the space 2796224K,  99% used [0x0000000755550000, 0x00000007fff0e630, 0x00000007fff0e800, 0x0000000800000000)
[2024-08-16T20:42:27.424+0800][13.435s][debug][gc,heap        ] GC(20)  Metaspace       used 840K, committed 960K, reserved 1114112K
[2024-08-16T20:42:27.424+0800][13.435s][debug][gc,heap        ] GC(20)   class space    used 62K, committed 128K, reserved 1048576K
[2024-08-16T20:42:27.424+0800][13.435s][debug][gc,tlab        ] GC(20) TLAB totals: thrds: 1  refills: 6 max: 6 slow allocs: 445 max 445 waste:  1.8% gc: 413504B max: 413504B slow: 1777640B max: 1777640B
[2024-08-16T20:42:27.424+0800][13.435s][info ][gc,phases,start] GC(20) Phase 1: Mark live objects
[2024-08-16T20:42:27.425+0800][13.436s][debug][gc,phases,start] GC(20) Reference Processing
[2024-08-16T20:42:27.425+0800][13.436s][debug][gc,ref         ] GC(20) Skipped phase 1 of Reference Processing: no references
[2024-08-16T20:42:27.425+0800][13.436s][debug][gc,ref         ] GC(20) ReferenceProcessor::execute queues: 1, RefProcThreadModel::Single, marks_oops_alive: false
[2024-08-16T20:42:27.426+0800][13.436s][debug][gc,ref         ] GC(20) Skipped phase 3 of Reference Processing: no references
[2024-08-16T20:42:27.426+0800][13.436s][debug][gc,ref         ] GC(20) Skipped phase 4 of Reference Processing: no references
[2024-08-16T20:42:27.426+0800][13.436s][debug][gc,phases,ref  ] GC(20) Reference Processing: 0.1ms
[2024-08-16T20:42:27.426+0800][13.436s][debug][gc,phases,ref  ] GC(20)   Reconsider SoftReferences: 0.0ms
[2024-08-16T20:42:27.426+0800][13.436s][debug][gc,phases,ref  ] GC(20)     SoftRef: skipped
[2024-08-16T20:42:27.426+0800][13.436s][debug][gc,phases,ref  ] GC(20)   Notify Soft/WeakReferences: 0.1ms
[2024-08-16T20:42:27.426+0800][13.436s][debug][gc,phases,ref  ] GC(20)     SoftRef: 0.0ms
[2024-08-16T20:42:27.426+0800][13.436s][debug][gc,phases,ref  ] GC(20)     WeakRef: 0.0ms
[2024-08-16T20:42:27.426+0800][13.436s][debug][gc,phases,ref  ] GC(20)     FinalRef: 0.0ms
[2024-08-16T20:42:27.426+0800][13.436s][debug][gc,phases,ref  ] GC(20)     Total: 0.0ms
[2024-08-16T20:42:27.426+0800][13.436s][debug][gc,phases,ref  ] GC(20)   Notify and keep alive finalizable: 0.0ms
[2024-08-16T20:42:27.426+0800][13.436s][debug][gc,phases,ref  ] GC(20)     FinalRef: skipped
[2024-08-16T20:42:27.426+0800][13.436s][debug][gc,phases,ref  ] GC(20)   Notify PhantomReferences: 0.0ms
[2024-08-16T20:42:27.426+0800][13.436s][debug][gc,phases,ref  ] GC(20)     PhantomRef: skipped
[2024-08-16T20:42:27.426+0800][13.436s][debug][gc,phases,ref  ] GC(20)   SoftReference:
[2024-08-16T20:42:27.426+0800][13.436s][debug][gc,phases,ref  ] GC(20)     Discovered: 0
[2024-08-16T20:42:27.426+0800][13.436s][debug][gc,phases,ref  ] GC(20)     Cleared: 0
[2024-08-16T20:42:27.426+0800][13.436s][debug][gc,phases,ref  ] GC(20)   WeakReference:
[2024-08-16T20:42:27.426+0800][13.436s][debug][gc,phases,ref  ] GC(20)     Discovered: 2
[2024-08-16T20:42:27.426+0800][13.436s][debug][gc,phases,ref  ] GC(20)     Cleared: 2
[2024-08-16T20:42:27.426+0800][13.436s][debug][gc,phases,ref  ] GC(20)   FinalReference:
[2024-08-16T20:42:27.426+0800][13.436s][debug][gc,phases,ref  ] GC(20)     Discovered: 0
[2024-08-16T20:42:27.426+0800][13.436s][debug][gc,phases,ref  ] GC(20)     Cleared: 0
[2024-08-16T20:42:27.426+0800][13.436s][debug][gc,phases,ref  ] GC(20)   PhantomReference:
[2024-08-16T20:42:27.426+0800][13.436s][debug][gc,phases,ref  ] GC(20)     Discovered: 0
[2024-08-16T20:42:27.426+0800][13.436s][debug][gc,phases,ref  ] GC(20)     Cleared: 0
[2024-08-16T20:42:27.426+0800][13.436s][debug][gc,phases      ] GC(20) Reference Processing 0.189ms
[2024-08-16T20:42:27.426+0800][13.436s][debug][gc,phases,start] GC(20) Weak Processing
[2024-08-16T20:42:27.426+0800][13.436s][debug][gc,phases      ] GC(20) Weak Processing 0.023ms
[2024-08-16T20:42:27.426+0800][13.436s][debug][gc,phases,start] GC(20) Class Unloading
[2024-08-16T20:42:27.426+0800][13.436s][debug][gc,phases,start] GC(20) ClassLoaderData
[2024-08-16T20:42:27.426+0800][13.436s][debug][gc,phases      ] GC(20) ClassLoaderData 0.005ms
[2024-08-16T20:42:27.426+0800][13.436s][debug][gc,phases,start] GC(20) Trigger cleanups
[2024-08-16T20:42:27.426+0800][13.436s][debug][gc,phases      ] GC(20) Trigger cleanups 0.003ms
[2024-08-16T20:42:27.426+0800][13.436s][debug][gc,phases      ] GC(20) Class Unloading 0.463ms
[2024-08-16T20:42:27.426+0800][13.436s][debug][gc,phases,start] GC(20) Report Object Count
[2024-08-16T20:42:27.426+0800][13.436s][debug][gc,phases      ] GC(20) Report Object Count 0.005ms
[2024-08-16T20:42:27.426+0800][13.436s][info ][gc,phases      ] GC(20) Phase 1: Mark live objects 1.687ms
[2024-08-16T20:42:27.426+0800][13.436s][info ][gc,phases,start] GC(20) Phase 2: Compute new object addresses
[2024-08-16T20:42:27.428+0800][13.438s][info ][gc,phases      ] GC(20) Phase 2: Compute new object addresses 1.548ms
[2024-08-16T20:42:27.428+0800][13.438s][info ][gc,phases,start] GC(20) Phase 3: Adjust pointers
[2024-08-16T20:42:27.429+0800][13.439s][info ][gc,phases      ] GC(20) Phase 3: Adjust pointers 0.905ms
[2024-08-16T20:42:27.429+0800][13.439s][info ][gc,phases,start] GC(20) Phase 4: Move objects
[2024-08-16T20:42:27.774+0800][13.784s][info ][gc,phases      ] GC(20) Phase 4: Move objects 345.377ms
[2024-08-16T20:42:27.774+0800][13.785s][info ][gc,heap        ] GC(20) DefNew: 1257794K(1258304K)->946190K(1258304K) Eden: 1118528K(1118528K)->946190K(1118528K) From: 139266K(139776K)->0K(139776K)
[2024-08-16T20:42:27.774+0800][13.785s][info ][gc,heap        ] GC(20) Tenured: 2795257K(2796224K)->2795254K(2796224K)
[2024-08-16T20:42:27.774+0800][13.785s][info ][gc,metaspace   ] GC(20) Metaspace: 840K(960K)->840K(960K) NonClass: 777K(832K)->777K(832K) Class: 62K(128K)->62K(128K)
[2024-08-16T20:42:27.774+0800][13.785s][debug][gc,heap        ] GC(20) Heap after GC invocations=15 (full 8):
[2024-08-16T20:42:27.774+0800][13.785s][debug][gc,heap        ] GC(20)  def new generation   total 1258304K, used 946190K [0x0000000700000000, 0x0000000755550000, 0x0000000755550000)
[2024-08-16T20:42:27.774+0800][13.785s][debug][gc,heap        ] GC(20)   eden space 1118528K,  84% used [0x0000000700000000, 0x0000000739c039c0, 0x0000000744450000)
[2024-08-16T20:42:27.774+0800][13.785s][debug][gc,heap        ] GC(20)   from space 139776K,   0% used [0x0000000744450000, 0x0000000744450000, 0x000000074ccd0000)
[2024-08-16T20:42:27.774+0800][13.785s][debug][gc,heap        ] GC(20)   to   space 139776K,   0% used [0x000000074ccd0000, 0x000000074ccd0000, 0x0000000755550000)
[2024-08-16T20:42:27.774+0800][13.785s][debug][gc,heap        ] GC(20)  tenured generation   total 2796224K, used 2795254K [0x0000000755550000, 0x0000000800000000, 0x0000000800000000)
[2024-08-16T20:42:27.774+0800][13.785s][debug][gc,heap        ] GC(20)    the space 2796224K,  99% used [0x0000000755550000, 0x00000007fff0daf0, 0x00000007fff0dc00, 0x0000000800000000)
[2024-08-16T20:42:27.774+0800][13.785s][debug][gc,heap        ] GC(20)  Metaspace       used 840K, committed 960K, reserved 1114112K
[2024-08-16T20:42:27.775+0800][13.785s][debug][gc,heap        ] GC(20)   class space    used 62K, committed 128K, reserved 1048576K
[2024-08-16T20:42:27.775+0800][13.785s][info ][gc             ] GC(20) Pause Full (Allocation Failure) 3958M->3653M(3959M) 350.263ms
[2024-08-16T20:42:27.775+0800][13.785s][info ][gc,cpu         ] GC(20) User=0.35s Sys=0.00s Real=0.35s
[2024-08-16T20:42:28.165+0800][14.175s][info ][gc,start       ] GC(21) Pause Full (Allocation Failure)
[2024-08-16T20:42:28.165+0800][14.175s][debug][gc,heap        ] GC(21) Heap before GC invocations=15 (full 8):
[2024-08-16T20:42:28.165+0800][14.175s][debug][gc,heap        ] GC(21)  def new generation   total 1258304K, used 1258278K [0x0000000700000000, 0x0000000755550000, 0x0000000755550000)
[2024-08-16T20:42:28.165+0800][14.175s][debug][gc,heap        ] GC(21)   eden space 1118528K, 100% used [0x0000000700000000, 0x0000000744450000, 0x0000000744450000)
[2024-08-16T20:42:28.165+0800][14.175s][debug][gc,heap        ] GC(21)   from space 139776K,  99% used [0x0000000744450000, 0x000000074ccc9a18, 0x000000074ccd0000)
[2024-08-16T20:42:28.165+0800][14.175s][debug][gc,heap        ] GC(21)   to   space 139776K,   0% used [0x000000074ccd0000, 0x000000074ccd0000, 0x0000000755550000)
[2024-08-16T20:42:28.165+0800][14.175s][debug][gc,heap        ] GC(21)  tenured generation   total 2796224K, used 2795254K [0x0000000755550000, 0x0000000800000000, 0x0000000800000000)
[2024-08-16T20:42:28.165+0800][14.175s][debug][gc,heap        ] GC(21)    the space 2796224K,  99% used [0x0000000755550000, 0x00000007fff0daf0, 0x00000007fff0dc00, 0x0000000800000000)
[2024-08-16T20:42:28.165+0800][14.175s][debug][gc,heap        ] GC(21)  Metaspace       used 840K, committed 960K, reserved 1114112K
[2024-08-16T20:42:28.165+0800][14.175s][debug][gc,heap        ] GC(21)   class space    used 62K, committed 128K, reserved 1048576K
[2024-08-16T20:42:28.165+0800][14.175s][debug][gc,tlab        ] GC(21) TLAB totals: thrds: 1  refills: 2 max: 2 slow allocs: 165 max 165 waste:  3.1% gc: 0B max: 0B slow: 591824B max: 591824B
[2024-08-16T20:42:28.165+0800][14.175s][info ][gc,phases,start] GC(21) Phase 1: Mark live objects
[2024-08-16T20:42:28.166+0800][14.176s][debug][gc,phases,start] GC(21) Reference Processing
[2024-08-16T20:42:28.166+0800][14.176s][debug][gc,ref         ] GC(21) Skipped phase 1 of Reference Processing: no references
[2024-08-16T20:42:28.166+0800][14.176s][debug][gc,ref         ] GC(21) ReferenceProcessor::execute queues: 1, RefProcThreadModel::Single, marks_oops_alive: false
[2024-08-16T20:42:28.166+0800][14.176s][debug][gc,ref         ] GC(21) Skipped phase 3 of Reference Processing: no references
[2024-08-16T20:42:28.166+0800][14.176s][debug][gc,ref         ] GC(21) Skipped phase 4 of Reference Processing: no references
[2024-08-16T20:42:28.166+0800][14.176s][debug][gc,phases,ref  ] GC(21) Reference Processing: 0.1ms
[2024-08-16T20:42:28.166+0800][14.176s][debug][gc,phases,ref  ] GC(21)   Reconsider SoftReferences: 0.0ms
[2024-08-16T20:42:28.166+0800][14.176s][debug][gc,phases,ref  ] GC(21)     SoftRef: skipped
[2024-08-16T20:42:28.166+0800][14.176s][debug][gc,phases,ref  ] GC(21)   Notify Soft/WeakReferences: 0.1ms
[2024-08-16T20:42:28.166+0800][14.176s][debug][gc,phases,ref  ] GC(21)     SoftRef: 0.0ms
[2024-08-16T20:42:28.166+0800][14.176s][debug][gc,phases,ref  ] GC(21)     WeakRef: 0.0ms
[2024-08-16T20:42:28.166+0800][14.176s][debug][gc,phases,ref  ] GC(21)     FinalRef: 0.0ms
[2024-08-16T20:42:28.166+0800][14.176s][debug][gc,phases,ref  ] GC(21)     Total: 0.0ms
[2024-08-16T20:42:28.166+0800][14.176s][debug][gc,phases,ref  ] GC(21)   Notify and keep alive finalizable: 0.0ms
[2024-08-16T20:42:28.166+0800][14.176s][debug][gc,phases,ref  ] GC(21)     FinalRef: skipped
[2024-08-16T20:42:28.166+0800][14.176s][debug][gc,phases,ref  ] GC(21)   Notify PhantomReferences: 0.0ms
[2024-08-16T20:42:28.166+0800][14.176s][debug][gc,phases,ref  ] GC(21)     PhantomRef: skipped
[2024-08-16T20:42:28.166+0800][14.176s][debug][gc,phases,ref  ] GC(21)   SoftReference:
[2024-08-16T20:42:28.166+0800][14.176s][debug][gc,phases,ref  ] GC(21)     Discovered: 0
[2024-08-16T20:42:28.166+0800][14.176s][debug][gc,phases,ref  ] GC(21)     Cleared: 0
[2024-08-16T20:42:28.166+0800][14.176s][debug][gc,phases,ref  ] GC(21)   WeakReference:
[2024-08-16T20:42:28.166+0800][14.176s][debug][gc,phases,ref  ] GC(21)     Discovered: 2
[2024-08-16T20:42:28.166+0800][14.176s][debug][gc,phases,ref  ] GC(21)     Cleared: 2
[2024-08-16T20:42:28.166+0800][14.176s][debug][gc,phases,ref  ] GC(21)   FinalReference:
[2024-08-16T20:42:28.166+0800][14.176s][debug][gc,phases,ref  ] GC(21)     Discovered: 0
[2024-08-16T20:42:28.166+0800][14.176s][debug][gc,phases,ref  ] GC(21)     Cleared: 0
[2024-08-16T20:42:28.166+0800][14.176s][debug][gc,phases,ref  ] GC(21)   PhantomReference:
[2024-08-16T20:42:28.166+0800][14.176s][debug][gc,phases,ref  ] GC(21)     Discovered: 0
[2024-08-16T20:42:28.166+0800][14.176s][debug][gc,phases,ref  ] GC(21)     Cleared: 0
[2024-08-16T20:42:28.166+0800][14.176s][debug][gc,phases      ] GC(21) Reference Processing 0.208ms
[2024-08-16T20:42:28.166+0800][14.176s][debug][gc,phases,start] GC(21) Weak Processing
[2024-08-16T20:42:28.166+0800][14.176s][debug][gc,phases      ] GC(21) Weak Processing 0.029ms
[2024-08-16T20:42:28.166+0800][14.176s][debug][gc,phases,start] GC(21) Class Unloading
[2024-08-16T20:42:28.166+0800][14.176s][debug][gc,phases,start] GC(21) ClassLoaderData
[2024-08-16T20:42:28.166+0800][14.177s][debug][gc,phases      ] GC(21) ClassLoaderData 0.036ms
[2024-08-16T20:42:28.166+0800][14.177s][debug][gc,phases,start] GC(21) Trigger cleanups
[2024-08-16T20:42:28.166+0800][14.177s][debug][gc,phases      ] GC(21) Trigger cleanups 0.005ms
[2024-08-16T20:42:28.167+0800][14.177s][debug][gc,phases      ] GC(21) Class Unloading 0.447ms
[2024-08-16T20:42:28.167+0800][14.177s][debug][gc,phases,start] GC(21) Report Object Count
[2024-08-16T20:42:28.167+0800][14.177s][debug][gc,phases      ] GC(21) Report Object Count 0.006ms
[2024-08-16T20:42:28.167+0800][14.177s][info ][gc,phases      ] GC(21) Phase 1: Mark live objects 1.615ms
[2024-08-16T20:42:28.167+0800][14.177s][info ][gc,phases,start] GC(21) Phase 2: Compute new object addresses
[2024-08-16T20:42:28.168+0800][14.179s][info ][gc,phases      ] GC(21) Phase 2: Compute new object addresses 1.744ms
[2024-08-16T20:42:28.168+0800][14.179s][info ][gc,phases,start] GC(21) Phase 3: Adjust pointers
[2024-08-16T20:42:28.170+0800][14.180s][info ][gc,phases      ] GC(21) Phase 3: Adjust pointers 1.114ms
[2024-08-16T20:42:28.170+0800][14.180s][info ][gc,phases,start] GC(21) Phase 4: Move objects
[2024-08-16T20:42:28.523+0800][14.533s][info ][gc,phases      ] GC(21) Phase 4: Move objects 353.431ms
[2024-08-16T20:42:28.523+0800][14.534s][info ][gc,heap        ] GC(21) DefNew: 1258278K(1258304K)->1102864K(1258304K) Eden: 1118528K(1118528K)->1102864K(1118528K) From: 139750K(139776K)->0K(139776K)
[2024-08-16T20:42:28.523+0800][14.534s][info ][gc,heap        ] GC(21) Tenured: 2795254K(2796224K)->2795254K(2796224K)
[2024-08-16T20:42:28.523+0800][14.534s][info ][gc,metaspace   ] GC(21) Metaspace: 840K(960K)->840K(960K) NonClass: 777K(832K)->777K(832K) Class: 62K(128K)->62K(128K)
[2024-08-16T20:42:28.523+0800][14.534s][debug][gc,heap        ] GC(21) Heap after GC invocations=16 (full 9):
[2024-08-16T20:42:28.523+0800][14.534s][debug][gc,heap        ] GC(21)  def new generation   total 1258304K, used 1102864K [0x0000000700000000, 0x0000000755550000, 0x0000000755550000)
[2024-08-16T20:42:28.523+0800][14.534s][debug][gc,heap        ] GC(21)   eden space 1118528K,  98% used [0x0000000700000000, 0x0000000743504350, 0x0000000744450000)
[2024-08-16T20:42:28.523+0800][14.534s][debug][gc,heap        ] GC(21)   from space 139776K,   0% used [0x0000000744450000, 0x0000000744450000, 0x000000074ccd0000)
[2024-08-16T20:42:28.523+0800][14.534s][debug][gc,heap        ] GC(21)   to   space 139776K,   0% used [0x000000074ccd0000, 0x000000074ccd0000, 0x0000000755550000)
[2024-08-16T20:42:28.523+0800][14.534s][debug][gc,heap        ] GC(21)  tenured generation   total 2796224K, used 2795254K [0x0000000755550000, 0x0000000800000000, 0x0000000800000000)
[2024-08-16T20:42:28.523+0800][14.534s][debug][gc,heap        ] GC(21)    the space 2796224K,  99% used [0x0000000755550000, 0x00000007fff0daf0, 0x00000007fff0dc00, 0x0000000800000000)
[2024-08-16T20:42:28.523+0800][14.534s][debug][gc,heap        ] GC(21)  Metaspace       used 840K, committed 960K, reserved 1114112K
[2024-08-16T20:42:28.523+0800][14.534s][debug][gc,heap        ] GC(21)   class space    used 62K, committed 128K, reserved 1048576K
[2024-08-16T20:42:28.523+0800][14.534s][info ][gc             ] GC(21) Pause Full (Allocation Failure) 3958M->3806M(3959M) 358.504ms
[2024-08-16T20:42:28.523+0800][14.534s][info ][gc,cpu         ] GC(21) User=0.36s Sys=0.00s Real=0.36s
[2024-08-16T20:42:28.702+0800][14.712s][info ][gc,start       ] GC(22) Pause Full (Allocation Failure)
[2024-08-16T20:42:28.702+0800][14.712s][debug][gc,heap        ] GC(22) Heap before GC invocations=16 (full 9):
[2024-08-16T20:42:28.702+0800][14.712s][debug][gc,heap        ] GC(22)  def new generation   total 1258304K, used 1257328K [0x0000000700000000, 0x0000000755550000, 0x0000000755550000)
[2024-08-16T20:42:28.702+0800][14.712s][debug][gc,heap        ] GC(22)   eden space 1118528K,  99% used [0x0000000700000000, 0x00000007443db850, 0x0000000744450000)
[2024-08-16T20:42:28.702+0800][14.712s][debug][gc,heap        ] GC(22)   from space 139776K,  99% used [0x0000000744450000, 0x000000074cc50880, 0x000000074ccd0000)
[2024-08-16T20:42:28.702+0800][14.712s][debug][gc,heap        ] GC(22)   to   space 139776K,   0% used [0x000000074ccd0000, 0x000000074ccd0000, 0x0000000755550000)
[2024-08-16T20:42:28.702+0800][14.712s][debug][gc,heap        ] GC(22)  tenured generation   total 2796224K, used 2795254K [0x0000000755550000, 0x0000000800000000, 0x0000000800000000)
[2024-08-16T20:42:28.702+0800][14.712s][debug][gc,heap        ] GC(22)    the space 2796224K,  99% used [0x0000000755550000, 0x00000007fff0daf0, 0x00000007fff0dc00, 0x0000000800000000)
[2024-08-16T20:42:28.702+0800][14.712s][debug][gc,heap        ] GC(22)  Metaspace       used 840K, committed 960K, reserved 1114112K
[2024-08-16T20:42:28.702+0800][14.712s][debug][gc,heap        ] GC(22)   class space    used 62K, committed 128K, reserved 1048576K
[2024-08-16T20:42:28.702+0800][14.712s][debug][gc,tlab        ] GC(22) TLAB totals: thrds: 1  refills: 1 max: 1 slow allocs: 137 max 137 waste:  1.8% gc: 256432B max: 256432B slow: 0B max: 0B
[2024-08-16T20:42:28.702+0800][14.712s][info ][gc,phases,start] GC(22) Phase 1: Mark live objects
[2024-08-16T20:42:28.704+0800][14.714s][debug][gc,phases,start] GC(22) Reference Processing
[2024-08-16T20:42:28.704+0800][14.714s][debug][gc,ref         ] GC(22) Skipped phase 1 of Reference Processing: no references
[2024-08-16T20:42:28.704+0800][14.714s][debug][gc,ref         ] GC(22) ReferenceProcessor::execute queues: 1, RefProcThreadModel::Single, marks_oops_alive: false
[2024-08-16T20:42:28.704+0800][14.714s][debug][gc,ref         ] GC(22) Skipped phase 3 of Reference Processing: no references
[2024-08-16T20:42:28.704+0800][14.714s][debug][gc,ref         ] GC(22) Skipped phase 4 of Reference Processing: no references
[2024-08-16T20:42:28.704+0800][14.714s][debug][gc,phases,ref  ] GC(22) Reference Processing: 0.2ms
[2024-08-16T20:42:28.704+0800][14.714s][debug][gc,phases,ref  ] GC(22)   Reconsider SoftReferences: 0.0ms
[2024-08-16T20:42:28.704+0800][14.714s][debug][gc,phases,ref  ] GC(22)     SoftRef: skipped
[2024-08-16T20:42:28.704+0800][14.714s][debug][gc,phases,ref  ] GC(22)   Notify Soft/WeakReferences: 0.1ms
[2024-08-16T20:42:28.704+0800][14.714s][debug][gc,phases,ref  ] GC(22)     SoftRef: 0.0ms
[2024-08-16T20:42:28.704+0800][14.714s][debug][gc,phases,ref  ] GC(22)     WeakRef: 0.0ms
[2024-08-16T20:42:28.704+0800][14.714s][debug][gc,phases,ref  ] GC(22)     FinalRef: 0.0ms
[2024-08-16T20:42:28.704+0800][14.714s][debug][gc,phases,ref  ] GC(22)     Total: 0.0ms
[2024-08-16T20:42:28.704+0800][14.714s][debug][gc,phases,ref  ] GC(22)   Notify and keep alive finalizable: 0.0ms
[2024-08-16T20:42:28.704+0800][14.714s][debug][gc,phases,ref  ] GC(22)     FinalRef: skipped
[2024-08-16T20:42:28.704+0800][14.714s][debug][gc,phases,ref  ] GC(22)   Notify PhantomReferences: 0.0ms
[2024-08-16T20:42:28.704+0800][14.714s][debug][gc,phases,ref  ] GC(22)     PhantomRef: skipped
[2024-08-16T20:42:28.704+0800][14.714s][debug][gc,phases,ref  ] GC(22)   SoftReference:
[2024-08-16T20:42:28.704+0800][14.714s][debug][gc,phases,ref  ] GC(22)     Discovered: 0
[2024-08-16T20:42:28.704+0800][14.714s][debug][gc,phases,ref  ] GC(22)     Cleared: 0
[2024-08-16T20:42:28.704+0800][14.714s][debug][gc,phases,ref  ] GC(22)   WeakReference:
[2024-08-16T20:42:28.704+0800][14.714s][debug][gc,phases,ref  ] GC(22)     Discovered: 2
[2024-08-16T20:42:28.704+0800][14.714s][debug][gc,phases,ref  ] GC(22)     Cleared: 2
[2024-08-16T20:42:28.704+0800][14.714s][debug][gc,phases,ref  ] GC(22)   FinalReference:
[2024-08-16T20:42:28.704+0800][14.714s][debug][gc,phases,ref  ] GC(22)     Discovered: 0
[2024-08-16T20:42:28.704+0800][14.714s][debug][gc,phases,ref  ] GC(22)     Cleared: 0
[2024-08-16T20:42:28.704+0800][14.714s][debug][gc,phases,ref  ] GC(22)   PhantomReference:
[2024-08-16T20:42:28.704+0800][14.714s][debug][gc,phases,ref  ] GC(22)     Discovered: 0
[2024-08-16T20:42:28.704+0800][14.714s][debug][gc,phases,ref  ] GC(22)     Cleared: 0
[2024-08-16T20:42:28.704+0800][14.714s][debug][gc,phases      ] GC(22) Reference Processing 0.575ms
[2024-08-16T20:42:28.704+0800][14.715s][debug][gc,phases,start] GC(22) Weak Processing
[2024-08-16T20:42:28.704+0800][14.715s][debug][gc,phases      ] GC(22) Weak Processing 0.041ms
[2024-08-16T20:42:28.704+0800][14.715s][debug][gc,phases,start] GC(22) Class Unloading
[2024-08-16T20:42:28.704+0800][14.715s][debug][gc,phases,start] GC(22) ClassLoaderData
[2024-08-16T20:42:28.704+0800][14.715s][debug][gc,phases      ] GC(22) ClassLoaderData 0.012ms
[2024-08-16T20:42:28.704+0800][14.715s][debug][gc,phases,start] GC(22) Trigger cleanups
[2024-08-16T20:42:28.704+0800][14.715s][debug][gc,phases      ] GC(22) Trigger cleanups 0.008ms
[2024-08-16T20:42:28.705+0800][14.715s][debug][gc,phases      ] GC(22) Class Unloading 0.672ms
[2024-08-16T20:42:28.705+0800][14.715s][debug][gc,phases,start] GC(22) Report Object Count
[2024-08-16T20:42:28.705+0800][14.715s][debug][gc,phases      ] GC(22) Report Object Count 0.009ms
[2024-08-16T20:42:28.705+0800][14.715s][info ][gc,phases      ] GC(22) Phase 1: Mark live objects 3.009ms
[2024-08-16T20:42:28.705+0800][14.715s][info ][gc,phases,start] GC(22) Phase 2: Compute new object addresses
[2024-08-16T20:42:28.707+0800][14.717s][info ][gc,phases      ] GC(22) Phase 2: Compute new object addresses 2.184ms
[2024-08-16T20:42:28.707+0800][14.718s][info ][gc,phases,start] GC(22) Phase 3: Adjust pointers
[2024-08-16T20:42:28.709+0800][14.719s][info ][gc,phases      ] GC(22) Phase 3: Adjust pointers 1.545ms
[2024-08-16T20:42:28.709+0800][14.719s][info ][gc,phases,start] GC(22) Phase 4: Move objects
[2024-08-16T20:42:28.727+0800][14.737s][info ][gc,phases      ] GC(22) Phase 4: Move objects 17.954ms
[2024-08-16T20:42:28.727+0800][14.737s][info ][gc,heap        ] GC(22) DefNew: 1257328K(1258304K)->1256467K(1258304K) Eden: 1118062K(1118528K)->1118225K(1118528K) From: 139266K(139776K)->138242K(139776K)
[2024-08-16T20:42:28.727+0800][14.737s][info ][gc,heap        ] GC(22) Tenured: 2795254K(2796224K)->2795254K(2796224K)
[2024-08-16T20:42:28.727+0800][14.737s][info ][gc,metaspace   ] GC(22) Metaspace: 840K(960K)->840K(960K) NonClass: 777K(832K)->777K(832K) Class: 62K(128K)->62K(128K)
[2024-08-16T20:42:28.727+0800][14.737s][debug][gc,heap        ] GC(22) Heap after GC invocations=17 (full 10):
[2024-08-16T20:42:28.727+0800][14.737s][debug][gc,heap        ] GC(22)  def new generation   total 1258304K, used 1256467K [0x0000000700000000, 0x0000000755550000, 0x0000000755550000)
[2024-08-16T20:42:28.727+0800][14.737s][debug][gc,heap        ] GC(22)   eden space 1118528K,  99% used [0x0000000700000000, 0x0000000744404440, 0x0000000744450000)
[2024-08-16T20:42:28.727+0800][14.737s][debug][gc,heap        ] GC(22)   from space 139776K,  98% used [0x0000000744450000, 0x000000074cb50870, 0x000000074ccd0000)
[2024-08-16T20:42:28.727+0800][14.737s][debug][gc,heap        ] GC(22)   to   space 139776K,   0% used [0x000000074ccd0000, 0x000000074ccd0000, 0x0000000755550000)
[2024-08-16T20:42:28.727+0800][14.737s][debug][gc,heap        ] GC(22)  tenured generation   total 2796224K, used 2795254K [0x0000000755550000, 0x0000000800000000, 0x0000000800000000)
[2024-08-16T20:42:28.727+0800][14.737s][debug][gc,heap        ] GC(22)    the space 2796224K,  99% used [0x0000000755550000, 0x00000007fff0daf0, 0x00000007fff0dc00, 0x0000000800000000)
[2024-08-16T20:42:28.727+0800][14.737s][debug][gc,heap        ] GC(22)  Metaspace       used 840K, committed 960K, reserved 1114112K
[2024-08-16T20:42:28.727+0800][14.737s][debug][gc,heap        ] GC(22)   class space    used 62K, committed 128K, reserved 1048576K
[2024-08-16T20:42:28.727+0800][14.737s][info ][gc             ] GC(22) Pause Full (Allocation Failure) 3957M->3956M(3959M) 25.493ms
[2024-08-16T20:42:28.727+0800][14.737s][info ][gc,cpu         ] GC(22) User=0.02s Sys=0.00s Real=0.02s
[2024-08-16T20:42:28.729+0800][14.739s][info ][gc,start       ] GC(23) Pause Full (Allocation Failure)
[2024-08-16T20:42:28.729+0800][14.739s][debug][gc,heap        ] GC(23) Heap before GC invocations=17 (full 10):
[2024-08-16T20:42:28.729+0800][14.739s][debug][gc,heap        ] GC(23)  def new generation   total 1258304K, used 1257794K [0x0000000700000000, 0x0000000755550000, 0x0000000755550000)
[2024-08-16T20:42:28.729+0800][14.739s][debug][gc,heap        ] GC(23)   eden space 1118528K, 100% used [0x0000000700000000, 0x0000000744450000, 0x0000000744450000)
[2024-08-16T20:42:28.729+0800][14.739s][debug][gc,heap        ] GC(23)   from space 139776K,  99% used [0x0000000744450000, 0x000000074cc50880, 0x000000074ccd0000)
[2024-08-16T20:42:28.729+0800][14.739s][debug][gc,heap        ] GC(23)   to   space 139776K,   0% used [0x000000074ccd0000, 0x000000074ccd0000, 0x0000000755550000)
[2024-08-16T20:42:28.729+0800][14.739s][debug][gc,heap        ] GC(23)  tenured generation   total 2796224K, used 2795254K [0x0000000755550000, 0x0000000800000000, 0x0000000800000000)
[2024-08-16T20:42:28.729+0800][14.739s][debug][gc,heap        ] GC(23)    the space 2796224K,  99% used [0x0000000755550000, 0x00000007fff0daf0, 0x00000007fff0dc00, 0x0000000800000000)
[2024-08-16T20:42:28.729+0800][14.739s][debug][gc,heap        ] GC(23)  Metaspace       used 840K, committed 960K, reserved 1114112K
[2024-08-16T20:42:28.729+0800][14.739s][debug][gc,heap        ] GC(23)   class space    used 62K, committed 128K, reserved 1048576K
[2024-08-16T20:42:28.729+0800][14.739s][debug][gc,tlab        ] GC(23) TLAB totals: thrds: 1  refills: 1 max: 1 slow allocs: 1 max 1 waste: 98.7% gc: 306040B max: 306040B slow: 0B max: 0B
[2024-08-16T20:42:28.729+0800][14.739s][info ][gc,phases,start] GC(23) Phase 1: Mark live objects
[2024-08-16T20:42:28.729+0800][14.740s][debug][gc,phases,start] GC(23) Reference Processing
[2024-08-16T20:42:28.729+0800][14.740s][debug][gc,ref         ] GC(23) Skipped phase 1 of Reference Processing: no references
[2024-08-16T20:42:28.730+0800][14.740s][debug][gc,ref         ] GC(23) ReferenceProcessor::execute queues: 1, RefProcThreadModel::Single, marks_oops_alive: false
[2024-08-16T20:42:28.730+0800][14.740s][debug][gc,ref         ] GC(23) Skipped phase 3 of Reference Processing: no references
[2024-08-16T20:42:28.730+0800][14.740s][debug][gc,ref         ] GC(23) Skipped phase 4 of Reference Processing: no references
[2024-08-16T20:42:28.730+0800][14.740s][debug][gc,phases,ref  ] GC(23) Reference Processing: 0.1ms
[2024-08-16T20:42:28.730+0800][14.740s][debug][gc,phases,ref  ] GC(23)   Reconsider SoftReferences: 0.0ms
[2024-08-16T20:42:28.730+0800][14.740s][debug][gc,phases,ref  ] GC(23)     SoftRef: skipped
[2024-08-16T20:42:28.730+0800][14.740s][debug][gc,phases,ref  ] GC(23)   Notify Soft/WeakReferences: 0.1ms
[2024-08-16T20:42:28.730+0800][14.740s][debug][gc,phases,ref  ] GC(23)     SoftRef: 0.0ms
[2024-08-16T20:42:28.730+0800][14.740s][debug][gc,phases,ref  ] GC(23)     WeakRef: 0.0ms
[2024-08-16T20:42:28.730+0800][14.740s][debug][gc,phases,ref  ] GC(23)     FinalRef: 0.0ms
[2024-08-16T20:42:28.730+0800][14.740s][debug][gc,phases,ref  ] GC(23)     Total: 0.0ms
[2024-08-16T20:42:28.730+0800][14.740s][debug][gc,phases,ref  ] GC(23)   Notify and keep alive finalizable: 0.0ms
[2024-08-16T20:42:28.730+0800][14.740s][debug][gc,phases,ref  ] GC(23)     FinalRef: skipped
[2024-08-16T20:42:28.730+0800][14.740s][debug][gc,phases,ref  ] GC(23)   Notify PhantomReferences: 0.0ms
[2024-08-16T20:42:28.730+0800][14.740s][debug][gc,phases,ref  ] GC(23)     PhantomRef: skipped
[2024-08-16T20:42:28.730+0800][14.740s][debug][gc,phases,ref  ] GC(23)   SoftReference:
[2024-08-16T20:42:28.730+0800][14.740s][debug][gc,phases,ref  ] GC(23)     Discovered: 0
[2024-08-16T20:42:28.730+0800][14.740s][debug][gc,phases,ref  ] GC(23)     Cleared: 0
[2024-08-16T20:42:28.730+0800][14.740s][debug][gc,phases,ref  ] GC(23)   WeakReference:
[2024-08-16T20:42:28.730+0800][14.740s][debug][gc,phases,ref  ] GC(23)     Discovered: 2
[2024-08-16T20:42:28.730+0800][14.740s][debug][gc,phases,ref  ] GC(23)     Cleared: 2
[2024-08-16T20:42:28.730+0800][14.740s][debug][gc,phases,ref  ] GC(23)   FinalReference:
[2024-08-16T20:42:28.730+0800][14.740s][debug][gc,phases,ref  ] GC(23)     Discovered: 0
[2024-08-16T20:42:28.730+0800][14.740s][debug][gc,phases,ref  ] GC(23)     Cleared: 0
[2024-08-16T20:42:28.730+0800][14.740s][debug][gc,phases,ref  ] GC(23)   PhantomReference:
[2024-08-16T20:42:28.730+0800][14.740s][debug][gc,phases,ref  ] GC(23)     Discovered: 0
[2024-08-16T20:42:28.730+0800][14.740s][debug][gc,phases,ref  ] GC(23)     Cleared: 0
[2024-08-16T20:42:28.730+0800][14.740s][debug][gc,phases      ] GC(23) Reference Processing 0.241ms
[2024-08-16T20:42:28.730+0800][14.740s][debug][gc,phases,start] GC(23) Weak Processing
[2024-08-16T20:42:28.730+0800][14.740s][debug][gc,phases      ] GC(23) Weak Processing 0.026ms
[2024-08-16T20:42:28.730+0800][14.740s][debug][gc,phases,start] GC(23) Class Unloading
[2024-08-16T20:42:28.730+0800][14.740s][debug][gc,phases,start] GC(23) ClassLoaderData
[2024-08-16T20:42:28.730+0800][14.740s][debug][gc,phases      ] GC(23) ClassLoaderData 0.007ms
[2024-08-16T20:42:28.730+0800][14.740s][debug][gc,phases,start] GC(23) Trigger cleanups
[2024-08-16T20:42:28.730+0800][14.740s][debug][gc,phases      ] GC(23) Trigger cleanups 0.005ms
[2024-08-16T20:42:28.730+0800][14.740s][debug][gc,phases      ] GC(23) Class Unloading 0.419ms
[2024-08-16T20:42:28.730+0800][14.740s][debug][gc,phases,start] GC(23) Report Object Count
[2024-08-16T20:42:28.730+0800][14.740s][debug][gc,phases      ] GC(23) Report Object Count 0.006ms
[2024-08-16T20:42:28.730+0800][14.740s][info ][gc,phases      ] GC(23) Phase 1: Mark live objects 1.537ms
[2024-08-16T20:42:28.730+0800][14.740s][info ][gc,phases,start] GC(23) Phase 2: Compute new object addresses
[2024-08-16T20:42:28.732+0800][14.742s][info ][gc,phases      ] GC(23) Phase 2: Compute new object addresses 1.418ms
[2024-08-16T20:42:28.732+0800][14.742s][info ][gc,phases,start] GC(23) Phase 3: Adjust pointers
[2024-08-16T20:42:28.733+0800][14.743s][info ][gc,phases      ] GC(23) Phase 3: Adjust pointers 0.974ms
[2024-08-16T20:42:28.733+0800][14.743s][info ][gc,phases,start] GC(23) Phase 4: Move objects
[2024-08-16T20:42:28.733+0800][14.743s][info ][gc,phases      ] GC(23) Phase 4: Move objects 0.007ms
[2024-08-16T20:42:28.733+0800][14.743s][info ][gc,heap        ] GC(23) DefNew: 1257794K(1258304K)->1257491K(1258304K) Eden: 1118528K(1118528K)->1118225K(1118528K) From: 139266K(139776K)->139266K(139776K)
[2024-08-16T20:42:28.733+0800][14.743s][info ][gc,heap        ] GC(23) Tenured: 2795254K(2796224K)->2795254K(2796224K)
[2024-08-16T20:42:28.733+0800][14.743s][info ][gc,metaspace   ] GC(23) Metaspace: 840K(960K)->840K(960K) NonClass: 777K(832K)->777K(832K) Class: 62K(128K)->62K(128K)
[2024-08-16T20:42:28.733+0800][14.743s][debug][gc,heap        ] GC(23) Heap after GC invocations=18 (full 11):
[2024-08-16T20:42:28.733+0800][14.743s][debug][gc,heap        ] GC(23)  def new generation   total 1258304K, used 1257491K [0x0000000700000000, 0x0000000755550000, 0x0000000755550000)
[2024-08-16T20:42:28.733+0800][14.743s][debug][gc,heap        ] GC(23)   eden space 1118528K,  99% used [0x0000000700000000, 0x0000000744404440, 0x0000000744450000)
[2024-08-16T20:42:28.733+0800][14.743s][debug][gc,heap        ] GC(23)   from space 139776K,  99% used [0x0000000744450000, 0x000000074cc50880, 0x000000074ccd0000)
[2024-08-16T20:42:28.733+0800][14.743s][debug][gc,heap        ] GC(23)   to   space 139776K,   0% used [0x000000074ccd0000, 0x000000074ccd0000, 0x0000000755550000)
[2024-08-16T20:42:28.733+0800][14.743s][debug][gc,heap        ] GC(23)  tenured generation   total 2796224K, used 2795254K [0x0000000755550000, 0x0000000800000000, 0x0000000800000000)
[2024-08-16T20:42:28.733+0800][14.743s][debug][gc,heap        ] GC(23)    the space 2796224K,  99% used [0x0000000755550000, 0x00000007fff0daf0, 0x00000007fff0dc00, 0x0000000800000000)
[2024-08-16T20:42:28.733+0800][14.743s][debug][gc,heap        ] GC(23)  Metaspace       used 840K, committed 960K, reserved 1114112K
[2024-08-16T20:42:28.733+0800][14.743s][debug][gc,heap        ] GC(23)   class space    used 62K, committed 128K, reserved 1048576K
[2024-08-16T20:42:28.733+0800][14.743s][info ][gc             ] GC(23) Pause Full (Allocation Failure) 3958M->3957M(3959M) 4.394ms
[2024-08-16T20:42:28.733+0800][14.743s][info ][gc,cpu         ] GC(23) User=0.00s Sys=0.00s Real=0.01s
[2024-08-16T20:42:28.733+0800][14.743s][info ][gc,start       ] GC(24) Pause Full (Allocation Failure)
[2024-08-16T20:42:28.733+0800][14.743s][debug][gc,heap        ] GC(24) Heap before GC invocations=18 (full 11):
[2024-08-16T20:42:28.733+0800][14.743s][debug][gc,heap        ] GC(24)  def new generation   total 1258304K, used 1257491K [0x0000000700000000, 0x0000000755550000, 0x0000000755550000)
[2024-08-16T20:42:28.733+0800][14.743s][debug][gc,heap        ] GC(24)   eden space 1118528K,  99% used [0x0000000700000000, 0x0000000744404440, 0x0000000744450000)
[2024-08-16T20:42:28.733+0800][14.743s][debug][gc,heap        ] GC(24)   from space 139776K,  99% used [0x0000000744450000, 0x000000074cc50880, 0x000000074ccd0000)
[2024-08-16T20:42:28.733+0800][14.743s][debug][gc,heap        ] GC(24)   to   space 139776K,   0% used [0x000000074ccd0000, 0x000000074ccd0000, 0x0000000755550000)
[2024-08-16T20:42:28.733+0800][14.743s][debug][gc,heap        ] GC(24)  tenured generation   total 2796224K, used 2795254K [0x0000000755550000, 0x0000000800000000, 0x0000000800000000)
[2024-08-16T20:42:28.733+0800][14.743s][debug][gc,heap        ] GC(24)    the space 2796224K,  99% used [0x0000000755550000, 0x00000007fff0daf0, 0x00000007fff0dc00, 0x0000000800000000)
[2024-08-16T20:42:28.733+0800][14.743s][debug][gc,heap        ] GC(24)  Metaspace       used 840K, committed 960K, reserved 1114112K
[2024-08-16T20:42:28.733+0800][14.743s][debug][gc,heap        ] GC(24)   class space    used 62K, committed 128K, reserved 1048576K
[2024-08-16T20:42:28.733+0800][14.743s][info ][gc,phases,start] GC(24) Phase 1: Mark live objects
[2024-08-16T20:42:28.734+0800][14.744s][debug][gc,phases,start] GC(24) Reference Processing
[2024-08-16T20:42:28.734+0800][14.744s][debug][gc,ref         ] GC(24) ReferenceProcessor::execute queues: 1, RefProcThreadModel::Single, marks_oops_alive: true
[2024-08-16T20:42:28.734+0800][14.744s][debug][gc,ref         ] GC(24) ReferenceProcessor::execute queues: 1, RefProcThreadModel::Single, marks_oops_alive: false
[2024-08-16T20:42:28.734+0800][14.744s][debug][gc,ref         ] GC(24) Skipped phase 3 of Reference Processing: no references
[2024-08-16T20:42:28.734+0800][14.744s][debug][gc,ref         ] GC(24) Skipped phase 4 of Reference Processing: no references
[2024-08-16T20:42:28.734+0800][14.744s][debug][gc,phases,ref  ] GC(24) Reference Processing: 0.0ms
[2024-08-16T20:42:28.734+0800][14.744s][debug][gc,phases,ref  ] GC(24)   Reconsider SoftReferences: 0.0ms
[2024-08-16T20:42:28.734+0800][14.744s][debug][gc,phases,ref  ] GC(24)     SoftRef: 0.0ms
[2024-08-16T20:42:28.734+0800][14.744s][debug][gc,phases,ref  ] GC(24)   Notify Soft/WeakReferences: 0.0ms
[2024-08-16T20:42:28.734+0800][14.744s][debug][gc,phases,ref  ] GC(24)     SoftRef: 0.0ms
[2024-08-16T20:42:28.734+0800][14.744s][debug][gc,phases,ref  ] GC(24)     WeakRef: 0.0ms
[2024-08-16T20:42:28.734+0800][14.744s][debug][gc,phases,ref  ] GC(24)     FinalRef: 0.0ms
[2024-08-16T20:42:28.734+0800][14.744s][debug][gc,phases,ref  ] GC(24)     Total: 0.0ms
[2024-08-16T20:42:28.734+0800][14.744s][debug][gc,phases,ref  ] GC(24)   Notify and keep alive finalizable: 0.0ms
[2024-08-16T20:42:28.734+0800][14.744s][debug][gc,phases,ref  ] GC(24)     FinalRef: skipped
[2024-08-16T20:42:28.734+0800][14.744s][debug][gc,phases,ref  ] GC(24)   Notify PhantomReferences: 0.0ms
[2024-08-16T20:42:28.734+0800][14.744s][debug][gc,phases,ref  ] GC(24)     PhantomRef: skipped
[2024-08-16T20:42:28.734+0800][14.744s][debug][gc,phases,ref  ] GC(24)   SoftReference:
[2024-08-16T20:42:28.734+0800][14.744s][debug][gc,phases,ref  ] GC(24)     Discovered: 39
[2024-08-16T20:42:28.734+0800][14.744s][debug][gc,phases,ref  ] GC(24)     Cleared: 12
[2024-08-16T20:42:28.734+0800][14.744s][debug][gc,phases,ref  ] GC(24)   WeakReference:
[2024-08-16T20:42:28.734+0800][14.744s][debug][gc,phases,ref  ] GC(24)     Discovered: 15
[2024-08-16T20:42:28.734+0800][14.744s][debug][gc,phases,ref  ] GC(24)     Cleared: 11
[2024-08-16T20:42:28.734+0800][14.744s][debug][gc,phases,ref  ] GC(24)   FinalReference:
[2024-08-16T20:42:28.734+0800][14.744s][debug][gc,phases,ref  ] GC(24)     Discovered: 0
[2024-08-16T20:42:28.734+0800][14.744s][debug][gc,phases,ref  ] GC(24)     Cleared: 0
[2024-08-16T20:42:28.734+0800][14.744s][debug][gc,phases,ref  ] GC(24)   PhantomReference:
[2024-08-16T20:42:28.734+0800][14.744s][debug][gc,phases,ref  ] GC(24)     Discovered: 0
[2024-08-16T20:42:28.734+0800][14.744s][debug][gc,phases,ref  ] GC(24)     Cleared: 0
[2024-08-16T20:42:28.734+0800][14.744s][debug][gc,phases      ] GC(24) Reference Processing 0.188ms
[2024-08-16T20:42:28.734+0800][14.744s][debug][gc,phases,start] GC(24) Weak Processing
[2024-08-16T20:42:28.734+0800][14.744s][debug][gc,phases      ] GC(24) Weak Processing 0.020ms
[2024-08-16T20:42:28.734+0800][14.744s][debug][gc,phases,start] GC(24) Class Unloading
[2024-08-16T20:42:28.734+0800][14.744s][debug][gc,phases,start] GC(24) ClassLoaderData
[2024-08-16T20:42:28.734+0800][14.744s][debug][gc,phases      ] GC(24) ClassLoaderData 0.066ms
[2024-08-16T20:42:28.734+0800][14.744s][debug][gc,phases,start] GC(24) Trigger cleanups
[2024-08-16T20:42:28.734+0800][14.744s][debug][gc,phases      ] GC(24) Trigger cleanups 0.029ms
[2024-08-16T20:42:28.735+0800][14.745s][debug][gc,phases      ] GC(24) Class Unloading 0.855ms
[2024-08-16T20:42:28.735+0800][14.745s][debug][gc,phases,start] GC(24) Report Object Count
[2024-08-16T20:42:28.735+0800][14.745s][debug][gc,phases      ] GC(24) Report Object Count 0.007ms
[2024-08-16T20:42:28.735+0800][14.745s][info ][gc,phases      ] GC(24) Phase 1: Mark live objects 1.707ms
[2024-08-16T20:42:28.735+0800][14.745s][info ][gc,phases,start] GC(24) Phase 2: Compute new object addresses
[2024-08-16T20:42:28.736+0800][14.746s][info ][gc,phases      ] GC(24) Phase 2: Compute new object addresses 0.868ms
[2024-08-16T20:42:28.736+0800][14.746s][info ][gc,phases,start] GC(24) Phase 3: Adjust pointers
[2024-08-16T20:42:28.737+0800][14.747s][info ][gc,phases      ] GC(24) Phase 3: Adjust pointers 0.847ms
[2024-08-16T20:42:28.737+0800][14.747s][info ][gc,phases,start] GC(24) Phase 4: Move objects
[2024-08-16T20:42:29.112+0800][15.122s][info ][gc,phases      ] GC(24) Phase 4: Move objects 375.170ms
[2024-08-16T20:42:29.112+0800][15.122s][info ][gc,heap        ] GC(24) DefNew: 1257491K(1258304K)->1155089K(1258304K) Eden: 1118225K(1118528K)->1118225K(1118528K) From: 139266K(139776K)->36864K(139776K)
[2024-08-16T20:42:29.112+0800][15.123s][info ][gc,heap        ] GC(24) Tenured: 2795254K(2796224K)->2795239K(2796224K)
[2024-08-16T20:42:29.112+0800][15.123s][info ][gc,metaspace   ] GC(24) Metaspace: 840K(960K)->823K(960K) NonClass: 777K(832K)->764K(832K) Class: 62K(128K)->58K(128K)
[2024-08-16T20:42:29.112+0800][15.123s][debug][gc,heap        ] GC(24) Heap after GC invocations=19 (full 12):
[2024-08-16T20:42:29.112+0800][15.123s][debug][gc,heap        ] GC(24)  def new generation   total 1258304K, used 1155089K [0x0000000700000000, 0x0000000755550000, 0x0000000755550000)
[2024-08-16T20:42:29.112+0800][15.123s][debug][gc,heap        ] GC(24)   eden space 1118528K,  99% used [0x0000000700000000, 0x0000000744404440, 0x0000000744450000)
[2024-08-16T20:42:29.112+0800][15.123s][debug][gc,heap        ] GC(24)   from space 139776K,  26% used [0x0000000744450000, 0x0000000746850240, 0x000000074ccd0000)
[2024-08-16T20:42:29.112+0800][15.123s][debug][gc,heap        ] GC(24)   to   space 139776K,   0% used [0x000000074ccd0000, 0x000000074ccd0000, 0x0000000755550000)
[2024-08-16T20:42:29.112+0800][15.123s][debug][gc,heap        ] GC(24)  tenured generation   total 2796224K, used 2795239K [0x0000000755550000, 0x0000000800000000, 0x0000000800000000)
[2024-08-16T20:42:29.112+0800][15.123s][debug][gc,heap        ] GC(24)    the space 2796224K,  99% used [0x0000000755550000, 0x00000007fff09c38, 0x00000007fff09e00, 0x0000000800000000)
[2024-08-16T20:42:29.112+0800][15.123s][debug][gc,heap        ] GC(24)  Metaspace       used 823K, committed 960K, reserved 1114112K
[2024-08-16T20:42:29.112+0800][15.123s][debug][gc,heap        ] GC(24)   class space    used 58K, committed 128K, reserved 1048576K
[2024-08-16T20:42:29.112+0800][15.123s][info ][gc             ] GC(24) Pause Full (Allocation Failure) 3957M->3857M(3959M) 379.395ms
[2024-08-16T20:42:29.112+0800][15.123s][info ][gc,cpu         ] GC(24) User=0.38s Sys=0.00s Real=0.38s
[2024-08-16T20:42:29.241+0800][15.251s][info ][gc,start       ] GC(25) Pause Full (Allocation Failure)
[2024-08-16T20:42:29.241+0800][15.251s][debug][gc,heap        ] GC(25) Heap before GC invocations=19 (full 12):
[2024-08-16T20:42:29.241+0800][15.251s][debug][gc,heap        ] GC(25)  def new generation   total 1258304K, used 1258001K [0x0000000700000000, 0x0000000755550000, 0x0000000755550000)
[2024-08-16T20:42:29.241+0800][15.251s][debug][gc,heap        ] GC(25)   eden space 1118528K, 100% used [0x0000000700000000, 0x0000000744450000, 0x0000000744450000)
[2024-08-16T20:42:29.241+0800][15.251s][debug][gc,heap        ] GC(25)   from space 139776K,  99% used [0x0000000744450000, 0x000000074cc846f8, 0x000000074ccd0000)
[2024-08-16T20:42:29.241+0800][15.251s][debug][gc,heap        ] GC(25)   to   space 139776K,   0% used [0x000000074ccd0000, 0x000000074ccd0000, 0x0000000755550000)
[2024-08-16T20:42:29.241+0800][15.251s][debug][gc,heap        ] GC(25)  tenured generation   total 2796224K, used 2795239K [0x0000000755550000, 0x0000000800000000, 0x0000000800000000)
[2024-08-16T20:42:29.241+0800][15.251s][debug][gc,heap        ] GC(25)    the space 2796224K,  99% used [0x0000000755550000, 0x00000007fff09c38, 0x00000007fff09e00, 0x0000000800000000)
[2024-08-16T20:42:29.241+0800][15.251s][debug][gc,heap        ] GC(25)  Metaspace       used 823K, committed 960K, reserved 1114112K
[2024-08-16T20:42:29.241+0800][15.251s][debug][gc,heap        ] GC(25)   class space    used 58K, committed 128K, reserved 1048576K
[2024-08-16T20:42:29.241+0800][15.251s][debug][gc,tlab        ] GC(25) TLAB totals: thrds: 1  refills: 1 max: 1 slow allocs: 48 max 48 waste: 34.2% gc: 0B max: 0B slow: 105976B max: 105976B
[2024-08-16T20:42:29.241+0800][15.251s][info ][gc,phases,start] GC(25) Phase 1: Mark live objects
[2024-08-16T20:42:29.245+0800][15.255s][debug][gc,phases,start] GC(25) Reference Processing
[2024-08-16T20:42:29.245+0800][15.255s][debug][gc,ref         ] GC(25) Skipped phase 1 of Reference Processing: no references
[2024-08-16T20:42:29.245+0800][15.256s][debug][gc,ref         ] GC(25) ReferenceProcessor::execute queues: 1, RefProcThreadModel::Single, marks_oops_alive: false
[2024-08-16T20:42:29.245+0800][15.256s][debug][gc,ref         ] GC(25) Skipped phase 3 of Reference Processing: no references
[2024-08-16T20:42:29.246+0800][15.256s][debug][gc,ref         ] GC(25) Skipped phase 4 of Reference Processing: no references
[2024-08-16T20:42:29.246+0800][15.256s][debug][gc,phases,ref  ] GC(25) Reference Processing: 0.4ms
[2024-08-16T20:42:29.246+0800][15.256s][debug][gc,phases,ref  ] GC(25)   Reconsider SoftReferences: 0.1ms
[2024-08-16T20:42:29.246+0800][15.256s][debug][gc,phases,ref  ] GC(25)     SoftRef: skipped
[2024-08-16T20:42:29.246+0800][15.256s][debug][gc,phases,ref  ] GC(25)   Notify Soft/WeakReferences: 0.3ms
[2024-08-16T20:42:29.246+0800][15.256s][debug][gc,phases,ref  ] GC(25)     SoftRef: 0.0ms
[2024-08-16T20:42:29.246+0800][15.256s][debug][gc,phases,ref  ] GC(25)     WeakRef: 0.0ms
[2024-08-16T20:42:29.246+0800][15.256s][debug][gc,phases,ref  ] GC(25)     FinalRef: 0.0ms
[2024-08-16T20:42:29.246+0800][15.256s][debug][gc,phases,ref  ] GC(25)     Total: 0.0ms
[2024-08-16T20:42:29.246+0800][15.256s][debug][gc,phases,ref  ] GC(25)   Notify and keep alive finalizable: 0.0ms
[2024-08-16T20:42:29.246+0800][15.256s][debug][gc,phases,ref  ] GC(25)     FinalRef: skipped
[2024-08-16T20:42:29.246+0800][15.256s][debug][gc,phases,ref  ] GC(25)   Notify PhantomReferences: 0.0ms
[2024-08-16T20:42:29.246+0800][15.256s][debug][gc,phases,ref  ] GC(25)     PhantomRef: skipped
[2024-08-16T20:42:29.246+0800][15.256s][debug][gc,phases,ref  ] GC(25)   SoftReference:
[2024-08-16T20:42:29.246+0800][15.256s][debug][gc,phases,ref  ] GC(25)     Discovered: 0
[2024-08-16T20:42:29.246+0800][15.256s][debug][gc,phases,ref  ] GC(25)     Cleared: 0
[2024-08-16T20:42:29.246+0800][15.256s][debug][gc,phases,ref  ] GC(25)   WeakReference:
[2024-08-16T20:42:29.246+0800][15.256s][debug][gc,phases,ref  ] GC(25)     Discovered: 6
[2024-08-16T20:42:29.246+0800][15.256s][debug][gc,phases,ref  ] GC(25)     Cleared: 6
[2024-08-16T20:42:29.246+0800][15.256s][debug][gc,phases,ref  ] GC(25)   FinalReference:
[2024-08-16T20:42:29.246+0800][15.256s][debug][gc,phases,ref  ] GC(25)     Discovered: 0
[2024-08-16T20:42:29.246+0800][15.256s][debug][gc,phases,ref  ] GC(25)     Cleared: 0
[2024-08-16T20:42:29.246+0800][15.256s][debug][gc,phases,ref  ] GC(25)   PhantomReference:
[2024-08-16T20:42:29.246+0800][15.256s][debug][gc,phases,ref  ] GC(25)     Discovered: 0
[2024-08-16T20:42:29.246+0800][15.256s][debug][gc,phases,ref  ] GC(25)     Cleared: 0
[2024-08-16T20:42:29.246+0800][15.257s][debug][gc,phases      ] GC(25) Reference Processing 1.363ms
[2024-08-16T20:42:29.246+0800][15.257s][debug][gc,phases,start] GC(25) Weak Processing
[2024-08-16T20:42:29.246+0800][15.257s][debug][gc,phases      ] GC(25) Weak Processing 0.116ms
[2024-08-16T20:42:29.246+0800][15.257s][debug][gc,phases,start] GC(25) Class Unloading
[2024-08-16T20:42:29.246+0800][15.257s][debug][gc,phases,start] GC(25) ClassLoaderData
[2024-08-16T20:42:29.247+0800][15.257s][debug][gc,phases      ] GC(25) ClassLoaderData 0.036ms
[2024-08-16T20:42:29.247+0800][15.257s][debug][gc,phases,start] GC(25) Trigger cleanups
[2024-08-16T20:42:29.247+0800][15.257s][debug][gc,phases      ] GC(25) Trigger cleanups 0.030ms
[2024-08-16T20:42:29.249+0800][15.259s][debug][gc,phases      ] GC(25) Class Unloading 2.313ms
[2024-08-16T20:42:29.249+0800][15.259s][debug][gc,phases,start] GC(25) Report Object Count
[2024-08-16T20:42:29.249+0800][15.259s][debug][gc,phases      ] GC(25) Report Object Count 0.035ms
[2024-08-16T20:42:29.249+0800][15.259s][info ][gc,phases      ] GC(25) Phase 1: Mark live objects 7.748ms
[2024-08-16T20:42:29.249+0800][15.259s][info ][gc,phases,start] GC(25) Phase 2: Compute new object addresses
[2024-08-16T20:42:29.254+0800][15.264s][info ][gc,phases      ] GC(25) Phase 2: Compute new object addresses 4.691ms
[2024-08-16T20:42:29.254+0800][15.264s][info ][gc,phases,start] GC(25) Phase 3: Adjust pointers
[2024-08-16T20:42:29.257+0800][15.267s][info ][gc,phases      ] GC(25) Phase 3: Adjust pointers 3.378ms
[2024-08-16T20:42:29.257+0800][15.267s][info ][gc,phases,start] GC(25) Phase 4: Move objects
[2024-08-16T20:42:29.263+0800][15.273s][info ][gc,phases      ] GC(25) Phase 4: Move objects 5.324ms
[2024-08-16T20:42:29.263+0800][15.273s][info ][gc,heap        ] GC(25) DefNew: 1258001K(1258304K)->1257491K(1258304K) Eden: 1118528K(1118528K)->1118225K(1118528K) From: 139473K(139776K)->139266K(139776K)
[2024-08-16T20:42:29.263+0800][15.273s][info ][gc,heap        ] GC(25) Tenured: 2795239K(2796224K)->2795239K(2796224K)
[2024-08-16T20:42:29.263+0800][15.273s][info ][gc,metaspace   ] GC(25) Metaspace: 823K(960K)->823K(960K) NonClass: 764K(832K)->764K(832K) Class: 58K(128K)->58K(128K)
[2024-08-16T20:42:29.263+0800][15.273s][debug][gc,heap        ] GC(25) Heap after GC invocations=20 (full 13):
[2024-08-16T20:42:29.263+0800][15.273s][debug][gc,heap        ] GC(25)  def new generation   total 1258304K, used 1257491K [0x0000000700000000, 0x0000000755550000, 0x0000000755550000)
[2024-08-16T20:42:29.263+0800][15.273s][debug][gc,heap        ] GC(25)   eden space 1118528K,  99% used [0x0000000700000000, 0x0000000744404440, 0x0000000744450000)
[2024-08-16T20:42:29.263+0800][15.273s][debug][gc,heap        ] GC(25)   from space 139776K,  99% used [0x0000000744450000, 0x000000074cc50880, 0x000000074ccd0000)
[2024-08-16T20:42:29.263+0800][15.273s][debug][gc,heap        ] GC(25)   to   space 139776K,   0% used [0x000000074ccd0000, 0x000000074ccd0000, 0x0000000755550000)
[2024-08-16T20:42:29.263+0800][15.273s][debug][gc,heap        ] GC(25)  tenured generation   total 2796224K, used 2795239K [0x0000000755550000, 0x0000000800000000, 0x0000000800000000)
[2024-08-16T20:42:29.263+0800][15.274s][debug][gc,heap        ] GC(25)    the space 2796224K,  99% used [0x0000000755550000, 0x00000007fff09c38, 0x00000007fff09e00, 0x0000000800000000)
[2024-08-16T20:42:29.263+0800][15.274s][debug][gc,heap        ] GC(25)  Metaspace       used 823K, committed 960K, reserved 1114112K
[2024-08-16T20:42:29.263+0800][15.274s][debug][gc,heap        ] GC(25)   class space    used 58K, committed 128K, reserved 1048576K
[2024-08-16T20:42:29.263+0800][15.274s][info ][gc             ] GC(25) Pause Full (Allocation Failure) 3958M->3957M(3959M) 22.843ms
[2024-08-16T20:42:29.264+0800][15.274s][info ][gc,cpu         ] GC(25) User=0.02s Sys=0.00s Real=0.02s
[2024-08-16T20:42:29.264+0800][15.274s][info ][gc,start       ] GC(26) Pause Full (Allocation Failure)
[2024-08-16T20:42:29.264+0800][15.274s][debug][gc,heap        ] GC(26) Heap before GC invocations=20 (full 13):
[2024-08-16T20:42:29.264+0800][15.274s][debug][gc,heap        ] GC(26)  def new generation   total 1258304K, used 1257491K [0x0000000700000000, 0x0000000755550000, 0x0000000755550000)
[2024-08-16T20:42:29.264+0800][15.274s][debug][gc,heap        ] GC(26)   eden space 1118528K,  99% used [0x0000000700000000, 0x0000000744404440, 0x0000000744450000)
[2024-08-16T20:42:29.264+0800][15.274s][debug][gc,heap        ] GC(26)   from space 139776K,  99% used [0x0000000744450000, 0x000000074cc50880, 0x000000074ccd0000)
[2024-08-16T20:42:29.264+0800][15.274s][debug][gc,heap        ] GC(26)   to   space 139776K,   0% used [0x000000074ccd0000, 0x000000074ccd0000, 0x0000000755550000)
[2024-08-16T20:42:29.264+0800][15.274s][debug][gc,heap        ] GC(26)  tenured generation   total 2796224K, used 2795239K [0x0000000755550000, 0x0000000800000000, 0x0000000800000000)
[2024-08-16T20:42:29.264+0800][15.274s][debug][gc,heap        ] GC(26)    the space 2796224K,  99% used [0x0000000755550000, 0x00000007fff09c38, 0x00000007fff09e00, 0x0000000800000000)
[2024-08-16T20:42:29.264+0800][15.274s][debug][gc,heap        ] GC(26)  Metaspace       used 823K, committed 960K, reserved 1114112K
[2024-08-16T20:42:29.264+0800][15.274s][debug][gc,heap        ] GC(26)   class space    used 58K, committed 128K, reserved 1048576K
[2024-08-16T20:42:29.264+0800][15.274s][info ][gc,phases,start] GC(26) Phase 1: Mark live objects
[2024-08-16T20:42:29.267+0800][15.278s][debug][gc,phases,start] GC(26) Reference Processing
[2024-08-16T20:42:29.267+0800][15.278s][debug][gc,ref         ] GC(26) ReferenceProcessor::execute queues: 1, RefProcThreadModel::Single, marks_oops_alive: true
[2024-08-16T20:42:29.268+0800][15.278s][debug][gc,ref         ] GC(26) ReferenceProcessor::execute queues: 1, RefProcThreadModel::Single, marks_oops_alive: false
[2024-08-16T20:42:29.268+0800][15.278s][debug][gc,ref         ] GC(26) Skipped phase 3 of Reference Processing: no references
[2024-08-16T20:42:29.268+0800][15.278s][debug][gc,ref         ] GC(26) Skipped phase 4 of Reference Processing: no references
[2024-08-16T20:42:29.268+0800][15.278s][debug][gc,phases,ref  ] GC(26) Reference Processing: 0.3ms
[2024-08-16T20:42:29.268+0800][15.278s][debug][gc,phases,ref  ] GC(26)   Reconsider SoftReferences: 0.0ms
[2024-08-16T20:42:29.268+0800][15.278s][debug][gc,phases,ref  ] GC(26)     SoftRef: 0.0ms
[2024-08-16T20:42:29.268+0800][15.278s][debug][gc,phases,ref  ] GC(26)   Notify Soft/WeakReferences: 0.2ms
[2024-08-16T20:42:29.268+0800][15.278s][debug][gc,phases,ref  ] GC(26)     SoftRef: 0.0ms
[2024-08-16T20:42:29.268+0800][15.278s][debug][gc,phases,ref  ] GC(26)     WeakRef: 0.0ms
[2024-08-16T20:42:29.268+0800][15.278s][debug][gc,phases,ref  ] GC(26)     FinalRef: 0.0ms
[2024-08-16T20:42:29.268+0800][15.278s][debug][gc,phases,ref  ] GC(26)     Total: 0.0ms
[2024-08-16T20:42:29.268+0800][15.278s][debug][gc,phases,ref  ] GC(26)   Notify and keep alive finalizable: 0.0ms
[2024-08-16T20:42:29.268+0800][15.279s][debug][gc,phases,ref  ] GC(26)     FinalRef: skipped
[2024-08-16T20:42:29.268+0800][15.279s][debug][gc,phases,ref  ] GC(26)   Notify PhantomReferences: 0.0ms
[2024-08-16T20:42:29.268+0800][15.279s][debug][gc,phases,ref  ] GC(26)     PhantomRef: skipped
[2024-08-16T20:42:29.268+0800][15.279s][debug][gc,phases,ref  ] GC(26)   SoftReference:
[2024-08-16T20:42:29.268+0800][15.279s][debug][gc,phases,ref  ] GC(26)     Discovered: 12
[2024-08-16T20:42:29.268+0800][15.279s][debug][gc,phases,ref  ] GC(26)     Cleared: 12
[2024-08-16T20:42:29.268+0800][15.279s][debug][gc,phases,ref  ] GC(26)   WeakReference:
[2024-08-16T20:42:29.269+0800][15.279s][debug][gc,phases,ref  ] GC(26)     Discovered: 11
[2024-08-16T20:42:29.269+0800][15.279s][debug][gc,phases,ref  ] GC(26)     Cleared: 11
[2024-08-16T20:42:29.269+0800][15.279s][debug][gc,phases,ref  ] GC(26)   FinalReference:
[2024-08-16T20:42:29.269+0800][15.279s][debug][gc,phases,ref  ] GC(26)     Discovered: 0
[2024-08-16T20:42:29.269+0800][15.279s][debug][gc,phases,ref  ] GC(26)     Cleared: 0
[2024-08-16T20:42:29.269+0800][15.279s][debug][gc,phases,ref  ] GC(26)   PhantomReference:
[2024-08-16T20:42:29.269+0800][15.279s][debug][gc,phases,ref  ] GC(26)     Discovered: 0
[2024-08-16T20:42:29.269+0800][15.279s][debug][gc,phases,ref  ] GC(26)     Cleared: 0
[2024-08-16T20:42:29.269+0800][15.279s][debug][gc,phases      ] GC(26) Reference Processing 1.411ms
[2024-08-16T20:42:29.269+0800][15.279s][debug][gc,phases,start] GC(26) Weak Processing
[2024-08-16T20:42:29.269+0800][15.279s][debug][gc,phases      ] GC(26) Weak Processing 0.098ms
[2024-08-16T20:42:29.269+0800][15.279s][debug][gc,phases,start] GC(26) Class Unloading
[2024-08-16T20:42:29.269+0800][15.279s][debug][gc,phases,start] GC(26) ClassLoaderData
[2024-08-16T20:42:29.269+0800][15.279s][debug][gc,phases      ] GC(26) ClassLoaderData 0.078ms
[2024-08-16T20:42:29.269+0800][15.279s][debug][gc,phases,start] GC(26) Trigger cleanups
[2024-08-16T20:42:29.269+0800][15.279s][debug][gc,phases      ] GC(26) Trigger cleanups 0.031ms
[2024-08-16T20:42:29.271+0800][15.281s][debug][gc,phases      ] GC(26) Class Unloading 2.103ms
[2024-08-16T20:42:29.271+0800][15.281s][debug][gc,phases,start] GC(26) Report Object Count
[2024-08-16T20:42:29.271+0800][15.281s][debug][gc,phases      ] GC(26) Report Object Count 0.025ms
[2024-08-16T20:42:29.271+0800][15.281s][info ][gc,phases      ] GC(26) Phase 1: Mark live objects 6.986ms
[2024-08-16T20:42:29.271+0800][15.281s][info ][gc,phases,start] GC(26) Phase 2: Compute new object addresses
[2024-08-16T20:42:29.274+0800][15.285s][info ][gc,phases      ] GC(26) Phase 2: Compute new object addresses 3.172ms
[2024-08-16T20:42:29.274+0800][15.285s][info ][gc,phases,start] GC(26) Phase 3: Adjust pointers
[2024-08-16T20:42:29.277+0800][15.287s][info ][gc,phases      ] GC(26) Phase 3: Adjust pointers 2.595ms
[2024-08-16T20:42:29.277+0800][15.287s][info ][gc,phases,start] GC(26) Phase 4: Move objects
[2024-08-16T20:42:29.646+0800][15.657s][info ][gc,phases      ] GC(26) Phase 4: Move objects 369.329ms
[2024-08-16T20:42:29.647+0800][15.657s][info ][gc,heap        ] GC(26) DefNew: 1257491K(1258304K)->1206290K(1258304K) Eden: 1118225K(1118528K)->1118225K(1118528K) From: 139266K(139776K)->88065K(139776K)
[2024-08-16T20:42:29.647+0800][15.657s][info ][gc,heap        ] GC(26) Tenured: 2795239K(2796224K)->2795239K(2796224K)
[2024-08-16T20:42:29.647+0800][15.657s][info ][gc,metaspace   ] GC(26) Metaspace: 823K(960K)->823K(960K) NonClass: 764K(832K)->764K(832K) Class: 58K(128K)->58K(128K)
[2024-08-16T20:42:29.647+0800][15.657s][debug][gc,heap        ] GC(26) Heap after GC invocations=21 (full 14):
[2024-08-16T20:42:29.647+0800][15.657s][debug][gc,heap        ] GC(26)  def new generation   total 1258304K, used 1206290K [0x0000000700000000, 0x0000000755550000, 0x0000000755550000)
[2024-08-16T20:42:29.647+0800][15.657s][debug][gc,heap        ] GC(26)   eden space 1118528K,  99% used [0x0000000700000000, 0x0000000744404440, 0x0000000744450000)
[2024-08-16T20:42:29.647+0800][15.657s][debug][gc,heap        ] GC(26)   from space 139776K,  63% used [0x0000000744450000, 0x0000000749a50560, 0x000000074ccd0000)
[2024-08-16T20:42:29.647+0800][15.657s][debug][gc,heap        ] GC(26)   to   space 139776K,   0% used [0x000000074ccd0000, 0x000000074ccd0000, 0x0000000755550000)
[2024-08-16T20:42:29.647+0800][15.657s][debug][gc,heap        ] GC(26)  tenured generation   total 2796224K, used 2795239K [0x0000000755550000, 0x0000000800000000, 0x0000000800000000)
[2024-08-16T20:42:29.647+0800][15.657s][debug][gc,heap        ] GC(26)    the space 2796224K,  99% used [0x0000000755550000, 0x00000007fff09c38, 0x00000007fff09e00, 0x0000000800000000)
[2024-08-16T20:42:29.647+0800][15.657s][debug][gc,heap        ] GC(26)  Metaspace       used 823K, committed 960K, reserved 1114112K
[2024-08-16T20:42:29.647+0800][15.657s][debug][gc,heap        ] GC(26)   class space    used 58K, committed 128K, reserved 1048576K
[2024-08-16T20:42:29.647+0800][15.657s][info ][gc             ] GC(26) Pause Full (Allocation Failure) 3957M->3907M(3959M) 383.244ms
[2024-08-16T20:42:29.647+0800][15.657s][info ][gc,cpu         ] GC(26) User=0.38s Sys=0.00s Real=0.38s
[2024-08-16T20:42:29.707+0800][15.717s][info ][gc,start       ] GC(27) Pause Full (Allocation Failure)
[2024-08-16T20:42:29.707+0800][15.717s][debug][gc,heap        ] GC(27) Heap before GC invocations=21 (full 14):
[2024-08-16T20:42:29.707+0800][15.717s][debug][gc,heap        ] GC(27)  def new generation   total 1258304K, used 1257794K [0x0000000700000000, 0x0000000755550000, 0x0000000755550000)
[2024-08-16T20:42:29.707+0800][15.717s][debug][gc,heap        ] GC(27)   eden space 1118528K, 100% used [0x0000000700000000, 0x0000000744450000, 0x0000000744450000)
[2024-08-16T20:42:29.707+0800][15.717s][debug][gc,heap        ] GC(27)   from space 139776K,  99% used [0x0000000744450000, 0x000000074cc50880, 0x000000074ccd0000)
[2024-08-16T20:42:29.707+0800][15.717s][debug][gc,heap        ] GC(27)   to   space 139776K,   0% used [0x000000074ccd0000, 0x000000074ccd0000, 0x0000000755550000)
[2024-08-16T20:42:29.707+0800][15.717s][debug][gc,heap        ] GC(27)  tenured generation   total 2796224K, used 2795239K [0x0000000755550000, 0x0000000800000000, 0x0000000800000000)
[2024-08-16T20:42:29.707+0800][15.717s][debug][gc,heap        ] GC(27)    the space 2796224K,  99% used [0x0000000755550000, 0x00000007fff09c38, 0x00000007fff09e00, 0x0000000800000000)
[2024-08-16T20:42:29.707+0800][15.717s][debug][gc,heap        ] GC(27)  Metaspace       used 823K, committed 960K, reserved 1114112K
[2024-08-16T20:42:29.707+0800][15.717s][debug][gc,heap        ] GC(27)   class space    used 58K, committed 128K, reserved 1048576K
[2024-08-16T20:42:29.707+0800][15.717s][debug][gc,tlab        ] GC(27) TLAB totals: thrds: 1  refills: 1 max: 1 slow allocs: 50 max 50 waste: 32.8% gc: 101808B max: 101808B slow: 0B max: 0B
[2024-08-16T20:42:29.707+0800][15.717s][info ][gc,phases,start] GC(27) Phase 1: Mark live objects
[2024-08-16T20:42:29.708+0800][15.719s][debug][gc,phases,start] GC(27) Reference Processing
[2024-08-16T20:42:29.708+0800][15.719s][debug][gc,ref         ] GC(27) Skipped phase 1 of Reference Processing: no references
[2024-08-16T20:42:29.708+0800][15.719s][debug][gc,ref         ] GC(27) ReferenceProcessor::execute queues: 1, RefProcThreadModel::Single, marks_oops_alive: false
[2024-08-16T20:42:29.708+0800][15.719s][debug][gc,ref         ] GC(27) Skipped phase 3 of Reference Processing: no references
[2024-08-16T20:42:29.708+0800][15.719s][debug][gc,ref         ] GC(27) Skipped phase 4 of Reference Processing: no references
[2024-08-16T20:42:29.708+0800][15.719s][debug][gc,phases,ref  ] GC(27) Reference Processing: 0.1ms
[2024-08-16T20:42:29.708+0800][15.719s][debug][gc,phases,ref  ] GC(27)   Reconsider SoftReferences: 0.0ms
[2024-08-16T20:42:29.708+0800][15.719s][debug][gc,phases,ref  ] GC(27)     SoftRef: skipped
[2024-08-16T20:42:29.708+0800][15.719s][debug][gc,phases,ref  ] GC(27)   Notify Soft/WeakReferences: 0.1ms
[2024-08-16T20:42:29.708+0800][15.719s][debug][gc,phases,ref  ] GC(27)     SoftRef: 0.0ms
[2024-08-16T20:42:29.708+0800][15.719s][debug][gc,phases,ref  ] GC(27)     WeakRef: 0.0ms
[2024-08-16T20:42:29.708+0800][15.719s][debug][gc,phases,ref  ] GC(27)     FinalRef: 0.0ms
[2024-08-16T20:42:29.708+0800][15.719s][debug][gc,phases,ref  ] GC(27)     Total: 0.0ms
[2024-08-16T20:42:29.708+0800][15.719s][debug][gc,phases,ref  ] GC(27)   Notify and keep alive finalizable: 0.0ms
[2024-08-16T20:42:29.708+0800][15.719s][debug][gc,phases,ref  ] GC(27)     FinalRef: skipped
[2024-08-16T20:42:29.708+0800][15.719s][debug][gc,phases,ref  ] GC(27)   Notify PhantomReferences: 0.0ms
[2024-08-16T20:42:29.708+0800][15.719s][debug][gc,phases,ref  ] GC(27)     PhantomRef: skipped
[2024-08-16T20:42:29.708+0800][15.719s][debug][gc,phases,ref  ] GC(27)   SoftReference:
[2024-08-16T20:42:29.709+0800][15.719s][debug][gc,phases,ref  ] GC(27)     Discovered: 0
[2024-08-16T20:42:29.709+0800][15.719s][debug][gc,phases,ref  ] GC(27)     Cleared: 0
[2024-08-16T20:42:29.709+0800][15.719s][debug][gc,phases,ref  ] GC(27)   WeakReference:
[2024-08-16T20:42:29.709+0800][15.719s][debug][gc,phases,ref  ] GC(27)     Discovered: 6
[2024-08-16T20:42:29.709+0800][15.719s][debug][gc,phases,ref  ] GC(27)     Cleared: 6
[2024-08-16T20:42:29.709+0800][15.719s][debug][gc,phases,ref  ] GC(27)   FinalReference:
[2024-08-16T20:42:29.709+0800][15.719s][debug][gc,phases,ref  ] GC(27)     Discovered: 0
[2024-08-16T20:42:29.709+0800][15.719s][debug][gc,phases,ref  ] GC(27)     Cleared: 0
[2024-08-16T20:42:29.709+0800][15.719s][debug][gc,phases,ref  ] GC(27)   PhantomReference:
[2024-08-16T20:42:29.709+0800][15.719s][debug][gc,phases,ref  ] GC(27)     Discovered: 0
[2024-08-16T20:42:29.709+0800][15.719s][debug][gc,phases,ref  ] GC(27)     Cleared: 0
[2024-08-16T20:42:29.709+0800][15.719s][debug][gc,phases      ] GC(27) Reference Processing 0.281ms
[2024-08-16T20:42:29.709+0800][15.719s][debug][gc,phases,start] GC(27) Weak Processing
[2024-08-16T20:42:29.709+0800][15.719s][debug][gc,phases      ] GC(27) Weak Processing 0.033ms
[2024-08-16T20:42:29.709+0800][15.719s][debug][gc,phases,start] GC(27) Class Unloading
[2024-08-16T20:42:29.709+0800][15.719s][debug][gc,phases,start] GC(27) ClassLoaderData
[2024-08-16T20:42:29.709+0800][15.719s][debug][gc,phases      ] GC(27) ClassLoaderData 0.048ms
[2024-08-16T20:42:29.709+0800][15.719s][debug][gc,phases,start] GC(27) Trigger cleanups
[2024-08-16T20:42:29.709+0800][15.719s][debug][gc,phases      ] GC(27) Trigger cleanups 0.010ms
[2024-08-16T20:42:29.709+0800][15.720s][debug][gc,phases      ] GC(27) Class Unloading 0.738ms
[2024-08-16T20:42:29.709+0800][15.720s][debug][gc,phases,start] GC(27) Report Object Count
[2024-08-16T20:42:29.709+0800][15.720s][debug][gc,phases      ] GC(27) Report Object Count 0.010ms
[2024-08-16T20:42:29.709+0800][15.720s][info ][gc,phases      ] GC(27) Phase 1: Mark live objects 2.593ms
[2024-08-16T20:42:29.709+0800][15.720s][info ][gc,phases,start] GC(27) Phase 2: Compute new object addresses
[2024-08-16T20:42:29.711+0800][15.721s][info ][gc,phases      ] GC(27) Phase 2: Compute new object addresses 1.815ms
[2024-08-16T20:42:29.711+0800][15.721s][info ][gc,phases,start] GC(27) Phase 3: Adjust pointers
[2024-08-16T20:42:29.713+0800][15.723s][info ][gc,phases      ] GC(27) Phase 3: Adjust pointers 1.467ms
[2024-08-16T20:42:29.713+0800][15.723s][info ][gc,phases,start] GC(27) Phase 4: Move objects
[2024-08-16T20:42:29.713+0800][15.723s][info ][gc,phases      ] GC(27) Phase 4: Move objects 0.008ms
[2024-08-16T20:42:29.713+0800][15.723s][info ][gc,heap        ] GC(27) DefNew: 1257794K(1258304K)->1257491K(1258304K) Eden: 1118528K(1118528K)->1118225K(1118528K) From: 139266K(139776K)->139266K(139776K)
[2024-08-16T20:42:29.713+0800][15.723s][info ][gc,heap        ] GC(27) Tenured: 2795239K(2796224K)->2795239K(2796224K)
[2024-08-16T20:42:29.713+0800][15.723s][info ][gc,metaspace   ] GC(27) Metaspace: 823K(960K)->823K(960K) NonClass: 764K(832K)->764K(832K) Class: 58K(128K)->58K(128K)
[2024-08-16T20:42:29.713+0800][15.723s][debug][gc,heap        ] GC(27) Heap after GC invocations=22 (full 15):
[2024-08-16T20:42:29.713+0800][15.723s][debug][gc,heap        ] GC(27)  def new generation   total 1258304K, used 1257491K [0x0000000700000000, 0x0000000755550000, 0x0000000755550000)
[2024-08-16T20:42:29.713+0800][15.723s][debug][gc,heap        ] GC(27)   eden space 1118528K,  99% used [0x0000000700000000, 0x0000000744404440, 0x0000000744450000)
[2024-08-16T20:42:29.713+0800][15.723s][debug][gc,heap        ] GC(27)   from space 139776K,  99% used [0x0000000744450000, 0x000000074cc50880, 0x000000074ccd0000)
[2024-08-16T20:42:29.713+0800][15.723s][debug][gc,heap        ] GC(27)   to   space 139776K,   0% used [0x000000074ccd0000, 0x000000074ccd0000, 0x0000000755550000)
[2024-08-16T20:42:29.713+0800][15.723s][debug][gc,heap        ] GC(27)  tenured generation   total 2796224K, used 2795239K [0x0000000755550000, 0x0000000800000000, 0x0000000800000000)
[2024-08-16T20:42:29.713+0800][15.723s][debug][gc,heap        ] GC(27)    the space 2796224K,  99% used [0x0000000755550000, 0x00000007fff09c38, 0x00000007fff09e00, 0x0000000800000000)
[2024-08-16T20:42:29.713+0800][15.723s][debug][gc,heap        ] GC(27)  Metaspace       used 823K, committed 960K, reserved 1114112K
[2024-08-16T20:42:29.713+0800][15.723s][debug][gc,heap        ] GC(27)   class space    used 58K, committed 128K, reserved 1048576K
[2024-08-16T20:42:29.713+0800][15.723s][info ][gc             ] GC(27) Pause Full (Allocation Failure) 3958M->3957M(3959M) 6.525ms
[2024-08-16T20:42:29.713+0800][15.723s][info ][gc,cpu         ] GC(27) User=0.00s Sys=0.00s Real=0.01s
[2024-08-16T20:42:29.713+0800][15.723s][info ][gc,start       ] GC(28) Pause Full (Allocation Failure)
[2024-08-16T20:42:29.713+0800][15.723s][debug][gc,heap        ] GC(28) Heap before GC invocations=22 (full 15):
[2024-08-16T20:42:29.713+0800][15.723s][debug][gc,heap        ] GC(28)  def new generation   total 1258304K, used 1257491K [0x0000000700000000, 0x0000000755550000, 0x0000000755550000)
[2024-08-16T20:42:29.713+0800][15.723s][debug][gc,heap        ] GC(28)   eden space 1118528K,  99% used [0x0000000700000000, 0x0000000744404440, 0x0000000744450000)
[2024-08-16T20:42:29.713+0800][15.723s][debug][gc,heap        ] GC(28)   from space 139776K,  99% used [0x0000000744450000, 0x000000074cc50880, 0x000000074ccd0000)
[2024-08-16T20:42:29.713+0800][15.723s][debug][gc,heap        ] GC(28)   to   space 139776K,   0% used [0x000000074ccd0000, 0x000000074ccd0000, 0x0000000755550000)
[2024-08-16T20:42:29.713+0800][15.723s][debug][gc,heap        ] GC(28)  tenured generation   total 2796224K, used 2795239K [0x0000000755550000, 0x0000000800000000, 0x0000000800000000)
[2024-08-16T20:42:29.713+0800][15.723s][debug][gc,heap        ] GC(28)    the space 2796224K,  99% used [0x0000000755550000, 0x00000007fff09c38, 0x00000007fff09e00, 0x0000000800000000)
[2024-08-16T20:42:29.713+0800][15.723s][debug][gc,heap        ] GC(28)  Metaspace       used 823K, committed 960K, reserved 1114112K
[2024-08-16T20:42:29.713+0800][15.724s][debug][gc,heap        ] GC(28)   class space    used 58K, committed 128K, reserved 1048576K
[2024-08-16T20:42:29.713+0800][15.724s][info ][gc,phases,start] GC(28) Phase 1: Mark live objects
[2024-08-16T20:42:29.715+0800][15.725s][debug][gc,phases,start] GC(28) Reference Processing
[2024-08-16T20:42:29.715+0800][15.725s][debug][gc,ref         ] GC(28) ReferenceProcessor::execute queues: 1, RefProcThreadModel::Single, marks_oops_alive: true
[2024-08-16T20:42:29.715+0800][15.725s][debug][gc,ref         ] GC(28) ReferenceProcessor::execute queues: 1, RefProcThreadModel::Single, marks_oops_alive: false
[2024-08-16T20:42:29.715+0800][15.725s][debug][gc,ref         ] GC(28) Skipped phase 3 of Reference Processing: no references
[2024-08-16T20:42:29.715+0800][15.725s][debug][gc,ref         ] GC(28) Skipped phase 4 of Reference Processing: no references
[2024-08-16T20:42:29.715+0800][15.725s][debug][gc,phases,ref  ] GC(28) Reference Processing: 0.0ms
[2024-08-16T20:42:29.715+0800][15.725s][debug][gc,phases,ref  ] GC(28)   Reconsider SoftReferences: 0.0ms
[2024-08-16T20:42:29.715+0800][15.725s][debug][gc,phases,ref  ] GC(28)     SoftRef: 0.0ms
[2024-08-16T20:42:29.715+0800][15.725s][debug][gc,phases,ref  ] GC(28)   Notify Soft/WeakReferences: 0.0ms
[2024-08-16T20:42:29.715+0800][15.725s][debug][gc,phases,ref  ] GC(28)     SoftRef: 0.0ms
[2024-08-16T20:42:29.715+0800][15.725s][debug][gc,phases,ref  ] GC(28)     WeakRef: 0.0ms
[2024-08-16T20:42:29.715+0800][15.725s][debug][gc,phases,ref  ] GC(28)     FinalRef: 0.0ms
[2024-08-16T20:42:29.715+0800][15.725s][debug][gc,phases,ref  ] GC(28)     Total: 0.0ms
[2024-08-16T20:42:29.715+0800][15.725s][debug][gc,phases,ref  ] GC(28)   Notify and keep alive finalizable: 0.0ms
[2024-08-16T20:42:29.715+0800][15.725s][debug][gc,phases,ref  ] GC(28)     FinalRef: skipped
[2024-08-16T20:42:29.715+0800][15.725s][debug][gc,phases,ref  ] GC(28)   Notify PhantomReferences: 0.0ms
[2024-08-16T20:42:29.715+0800][15.725s][debug][gc,phases,ref  ] GC(28)     PhantomRef: skipped
[2024-08-16T20:42:29.715+0800][15.725s][debug][gc,phases,ref  ] GC(28)   SoftReference:
[2024-08-16T20:42:29.715+0800][15.725s][debug][gc,phases,ref  ] GC(28)     Discovered: 12
[2024-08-16T20:42:29.715+0800][15.725s][debug][gc,phases,ref  ] GC(28)     Cleared: 12
[2024-08-16T20:42:29.715+0800][15.725s][debug][gc,phases,ref  ] GC(28)   WeakReference:
[2024-08-16T20:42:29.715+0800][15.725s][debug][gc,phases,ref  ] GC(28)     Discovered: 11
[2024-08-16T20:42:29.715+0800][15.725s][debug][gc,phases,ref  ] GC(28)     Cleared: 11
[2024-08-16T20:42:29.715+0800][15.725s][debug][gc,phases,ref  ] GC(28)   FinalReference:
[2024-08-16T20:42:29.715+0800][15.725s][debug][gc,phases,ref  ] GC(28)     Discovered: 0
[2024-08-16T20:42:29.715+0800][15.725s][debug][gc,phases,ref  ] GC(28)     Cleared: 0
[2024-08-16T20:42:29.715+0800][15.725s][debug][gc,phases,ref  ] GC(28)   PhantomReference:
[2024-08-16T20:42:29.715+0800][15.725s][debug][gc,phases,ref  ] GC(28)     Discovered: 0
[2024-08-16T20:42:29.715+0800][15.725s][debug][gc,phases,ref  ] GC(28)     Cleared: 0
[2024-08-16T20:42:29.715+0800][15.725s][debug][gc,phases      ] GC(28) Reference Processing 0.191ms
[2024-08-16T20:42:29.715+0800][15.725s][debug][gc,phases,start] GC(28) Weak Processing
[2024-08-16T20:42:29.715+0800][15.725s][debug][gc,phases      ] GC(28) Weak Processing 0.084ms
[2024-08-16T20:42:29.715+0800][15.725s][debug][gc,phases,start] GC(28) Class Unloading
[2024-08-16T20:42:29.715+0800][15.725s][debug][gc,phases,start] GC(28) ClassLoaderData
[2024-08-16T20:42:29.715+0800][15.725s][debug][gc,phases      ] GC(28) ClassLoaderData 0.030ms
[2024-08-16T20:42:29.715+0800][15.725s][debug][gc,phases,start] GC(28) Trigger cleanups
[2024-08-16T20:42:29.715+0800][15.725s][debug][gc,phases      ] GC(28) Trigger cleanups 0.025ms
[2024-08-16T20:42:29.717+0800][15.727s][debug][gc,phases      ] GC(28) Class Unloading 1.901ms
[2024-08-16T20:42:29.717+0800][15.727s][debug][gc,phases,start] GC(28) Report Object Count
[2024-08-16T20:42:29.717+0800][15.727s][debug][gc,phases      ] GC(28) Report Object Count 0.032ms
[2024-08-16T20:42:29.717+0800][15.727s][info ][gc,phases      ] GC(28) Phase 1: Mark live objects 3.722ms
[2024-08-16T20:42:29.717+0800][15.727s][info ][gc,phases,start] GC(28) Phase 2: Compute new object addresses
[2024-08-16T20:42:29.719+0800][15.729s][info ][gc,phases      ] GC(28) Phase 2: Compute new object addresses 1.570ms
[2024-08-16T20:42:29.719+0800][15.729s][info ][gc,phases,start] GC(28) Phase 3: Adjust pointers
[2024-08-16T20:42:29.719+0800][15.730s][info ][gc,phases      ] GC(28) Phase 3: Adjust pointers 0.814ms
[2024-08-16T20:42:29.719+0800][15.730s][info ][gc,phases,start] GC(28) Phase 4: Move objects
[2024-08-16T20:42:29.719+0800][15.730s][info ][gc,phases      ] GC(28) Phase 4: Move objects 0.007ms
[2024-08-16T20:42:29.720+0800][15.730s][info ][gc,heap        ] GC(28) DefNew: 1257491K(1258304K)->1257491K(1258304K) Eden: 1118225K(1118528K)->1118225K(1118528K) From: 139266K(139776K)->139266K(139776K)
[2024-08-16T20:42:29.720+0800][15.730s][info ][gc,heap        ] GC(28) Tenured: 2795239K(2796224K)->2795239K(2796224K)
[2024-08-16T20:42:29.720+0800][15.730s][info ][gc,metaspace   ] GC(28) Metaspace: 823K(960K)->823K(960K) NonClass: 764K(832K)->764K(832K) Class: 58K(128K)->58K(128K)
[2024-08-16T20:42:29.720+0800][15.730s][debug][gc,heap        ] GC(28) Heap after GC invocations=23 (full 16):
[2024-08-16T20:42:29.720+0800][15.730s][debug][gc,heap        ] GC(28)  def new generation   total 1258304K, used 1257491K [0x0000000700000000, 0x0000000755550000, 0x0000000755550000)
[2024-08-16T20:42:29.720+0800][15.730s][debug][gc,heap        ] GC(28)   eden space 1118528K,  99% used [0x0000000700000000, 0x0000000744404440, 0x0000000744450000)
[2024-08-16T20:42:29.720+0800][15.730s][debug][gc,heap        ] GC(28)   from space 139776K,  99% used [0x0000000744450000, 0x000000074cc50880, 0x000000074ccd0000)
[2024-08-16T20:42:29.720+0800][15.730s][debug][gc,heap        ] GC(28)   to   space 139776K,   0% used [0x000000074ccd0000, 0x000000074ccd0000, 0x0000000755550000)
[2024-08-16T20:42:29.720+0800][15.730s][debug][gc,heap        ] GC(28)  tenured generation   total 2796224K, used 2795239K [0x0000000755550000, 0x0000000800000000, 0x0000000800000000)
[2024-08-16T20:42:29.720+0800][15.730s][debug][gc,heap        ] GC(28)    the space 2796224K,  99% used [0x0000000755550000, 0x00000007fff09c38, 0x00000007fff09e00, 0x0000000800000000)
[2024-08-16T20:42:29.720+0800][15.730s][debug][gc,heap        ] GC(28)  Metaspace       used 823K, committed 960K, reserved 1114112K
[2024-08-16T20:42:29.720+0800][15.730s][debug][gc,heap        ] GC(28)   class space    used 58K, committed 128K, reserved 1048576K
[2024-08-16T20:42:29.720+0800][15.730s][info ][gc             ] GC(28) Pause Full (Allocation Failure) 3957M->3957M(3959M) 6.616ms
[2024-08-16T20:42:29.720+0800][15.730s][info ][gc,cpu         ] GC(28) User=0.01s Sys=0.00s Real=0.00s
[2024-08-16T20:42:29.728+0800][15.738s][info ][gc,heap,exit   ] Heap
[2024-08-16T20:42:29.728+0800][15.738s][info ][gc,heap,exit   ]  def new generation   total 1258304K, used 1257847K [0x0000000700000000, 0x0000000755550000, 0x0000000755550000)
[2024-08-16T20:42:29.728+0800][15.738s][info ][gc,heap,exit   ]   eden space 1118528K, 100% used [0x0000000700000000, 0x0000000744450000, 0x0000000744450000)
[2024-08-16T20:42:29.728+0800][15.738s][info ][gc,heap,exit   ]   from space 139776K,  99% used [0x0000000744450000, 0x000000074cc5df70, 0x000000074ccd0000)
[2024-08-16T20:42:29.728+0800][15.738s][info ][gc,heap,exit   ]   to   space 139776K,   0% used [0x000000074ccd0000, 0x000000074ccd0000, 0x0000000755550000)
[2024-08-16T20:42:29.728+0800][15.738s][info ][gc,heap,exit   ]  tenured generation   total 2796224K, used 2795239K [0x0000000755550000, 0x0000000800000000, 0x0000000800000000)
[2024-08-16T20:42:29.728+0800][15.738s][info ][gc,heap,exit   ]    the space 2796224K,  99% used [0x0000000755550000, 0x00000007fff09c38, 0x00000007fff09e00, 0x0000000800000000)
[2024-08-16T20:42:29.728+0800][15.738s][info ][gc,heap,exit   ]  Metaspace       used 921K, committed 1024K, reserved 1114112K
[2024-08-16T20:42:29.728+0800][15.738s][info ][gc,heap,exit   ]   class space    used 71K, committed 128K, reserved 1048576K
[2024-08-16T20:42:29.728+0800][15.738s][debug][gc,heap,exit   ] Accumulated young generation GC time 1.8199625 secs, 13 GC's, avg GC time 0.1399971
[2024-08-16T20:42:29.728+0800][15.738s][debug][gc,heap,exit   ] Accumulated old generation GC time 3.0215575 secs, 16 GC's, avg GC time 0.1888473
