[367.161s][debug][gc,humongous      ] GC(32989) Humongous region 1856 (object size 1048592 @ 0x00000000f4000000) remset 1 code roots 0 marked 1 reclaim candidate 1 type array 1
[367.161s][debug][gc,humongous      ] GC(32989) Humongous region 1858 (object size 1048592 @ 0x00000000f4200000) remset 1 code roots 0 marked 1 reclaim candidate 1 type array 1
[367.161s][debug][gc,humongous      ] GC(32989) Humongous region 1860 (object size 1048592 @ 0x00000000f4400000) remset 1 code roots 0 marked 1 reclaim candidate 1 type array 1
[367.161s][debug][gc,humongous      ] GC(32989) Humongous region 1862 (object size 1048592 @ 0x00000000f4600000) remset 1 code roots 0 marked 1 reclaim candidate 1 type array 1
[367.157s][debug][gc,humongous      ] GC(32989) Humongous region 407 (object size 1048592 @ 0x0000000099700000) remset 1 code roots 0 marked 1 reclaim candidate 1 type array 1
[367.161s][debug][gc,humongous      ] GC(32989) Humongous region 409 (object size 1048592 @ 0x0000000099900000) remset 1 code roots 0 marked 1 reclaim candidate 1 type array 1
[367.157s][debug][gc,humongous      ] GC(32989) Humongous region 1513 (object size 1048592 @ 0x00000000de900000) remset 1 code roots 0 marked 0 reclaim candidate 1 type array 1
[367.161s][debug][gc,humongous      ] GC(32989) Humongous region 411 (object size 1048592 @ 0x0000000099b00000) remset 1 code roots 0 marked 1 reclaim candidate 1 type array 1
[367.157s][debug][gc,humongous      ] GC(32989) Humongous region 1669 (object size 1048592 @ 0x00000000e8500000) remset 1 code roots 0 marked 0 reclaim candidate 1 type array 1
[367.161s][debug][gc,humongous      ] GC(32989) Humongous region 413 (object size 1048592 @ 0x0000000099d00000) remset 1 code roots 0 marked 1 reclaim candidate 1 type array 1
[367.161s][debug][gc,humongous      ] GC(32989) Humongous region 1672 (object size 1048592 @ 0x00000000e8800000) remset 1 code roots 0 marked 1 reclaim candidate 1 type array 1
[367.161s][debug][gc,humongous      ] GC(32989) Humongous region 1674 (object size 1048592 @ 0x00000000e8a00000) remset 1 code roots 0 marked 1 reclaim candidate 1 type array 1
[367.157s][debug][gc,humongous      ] GC(32989) Humongous region 735 (object size 1048592 @ 0x00000000adf00000) remset 1 code roots 0 marked 0 reclaim candidate 1 type array 1
[367.161s][debug][gc,humongous      ] GC(32989) Humongous region 1676 (object size 1048592 @ 0x00000000e8c00000) remset 1 code roots 0 marked 1 reclaim candidate 1 type array 1
[367.161s][debug][gc,humongous      ] GC(32989) Humongous region 737 (object size 1048592 @ 0x00000000ae100000) remset 1 code roots 0 marked 0 reclaim candidate 1 type array 1
[367.161s][debug][gc,humongous      ] GC(32989) Humongous region 1678 (object size 1048592 @ 0x00000000e8e00000) remset 1 code roots 0 marked 1 reclaim candidate 1 type array 1
[367.157s][debug][gc,humongous      ] GC(32989) Humongous region 109 (object size 1048592 @ 0x0000000086d00000) remset 1 code roots 0 marked 0 reclaim candidate 1 type array 1
[367.161s][debug][gc,humongous      ] GC(32989) Humongous region 1864 (object size 1048592 @ 0x00000000f4800000) remset 1 code roots 0 marked 1 reclaim candidate 1 type array 1
[367.161s][debug][gc,humongous      ] GC(32989) Humongous region 111 (object size 1048592 @ 0x0000000086f00000) remset 1 code roots 0 marked 0 reclaim candidate 1 type array 1
[367.161s][debug][gc,humongous      ] GC(32989) Humongous region 1515 (object size 1048592 @ 0x00000000deb00000) remset 1 code roots 0 marked 0 reclaim candidate 1 type array 1
[367.161s][debug][gc,humongous      ] GC(32989) Humongous region 113 (object size 1048592 @ 0x0000000087100000) remset 1 code roots 0 marked 0 reclaim candidate 1 type array 1
[367.157s][debug][gc,humongous      ] GC(32989) Humongous region 242 (object size 1048592 @ 0x000000008f200000) remset 1 code roots 0 marked 0 reclaim candidate 1 type array 1
[367.161s][debug][gc,humongous      ] GC(32989) Humongous region 415 (object size 1048592 @ 0x0000000099f00000) remset 1 code roots 0 marked 1 reclaim candidate 1 type array 1
[367.161s][debug][gc,humongous      ] GC(32989) Humongous region 244 (object size 1048592 @ 0x000000008f400000) remset 1 code roots 0 marked 0 reclaim candidate 1 type array 1
[367.161s][debug][gc,humongous      ] GC(32989) Humongous region 417 (object size 1048592 @ 0x000000009a100000) remset 1 code roots 0 marked 1 reclaim candidate 1 type array 1
[367.157s][debug][gc,humongous      ] GC(32989) Humongous region 903 (object size 1048592 @ 0x00000000b8700000) remset 1 code roots 0 marked 0 reclaim candidate 1 type array 1
[367.161s][debug][gc,humongous      ] GC(32989) Humongous region 419 (object size 1048592 @ 0x000000009a300000) remset 1 code roots 0 marked 1 reclaim candidate 1 type array 1
[367.161s][debug][gc,humongous      ] GC(32989) Humongous region 739 (object size 1048592 @ 0x00000000ae300000) remset 1 code roots 0 marked 0 reclaim candidate 1 type array 1
[367.161s][debug][gc,humongous      ] GC(32989) Humongous region 1680 (object size 1048592 @ 0x00000000e9000000) remset 1 code roots 0 marked 1 reclaim candidate 1 type array 1
[367.161s][debug][gc,humongous      ] GC(32989) Humongous region 741 (object size 1048592 @ 0x00000000ae500000) remset 0 code roots 0 marked 0 reclaim candidate 1 type array 1
[367.161s][debug][gc,humongous      ] GC(32989) Humongous region 1682 (object size 1048592 @ 0x00000000e9200000) remset 1 code roots 0 marked 1 reclaim candidate 1 type array 1
[367.161s][debug][gc,humongous      ] GC(32989) Humongous region 743 (object size 1048592 @ 0x00000000ae700000) remset 1 code roots 0 marked 0 reclaim candidate 1 type array 1
[367.161s][debug][gc,humongous      ] GC(32989) Humongous region 1684 (object size 1048592 @ 0x00000000e9400000) remset 1 code roots 0 marked 1 reclaim candidate 1 type array 1
[367.161s][debug][gc,humongous      ] GC(32989) Humongous region 745 (object size 1048592 @ 0x00000000ae900000) remset 0 code roots 0 marked 0 reclaim candidate 1 type array 1
[367.161s][debug][gc,humongous      ] GC(32989) Humongous region 115 (object size 1048592 @ 0x0000000087300000) remset 1 code roots 0 marked 0 reclaim candidate 1 type array 1
[367.161s][debug][gc,humongous      ] GC(32989) Humongous region 1686 (object size 1048592 @ 0x00000000e9600000) remset 1 code roots 0 marked 1 reclaim candidate 1 type array 1
[367.161s][debug][gc,humongous      ] GC(32989) Humongous region 747 (object size 1048592 @ 0x00000000aeb00000) remset 1 code roots 0 marked 0 reclaim candidate 1 type array 1
[367.161s][debug][gc,humongous      ] GC(32989) Humongous region 246 (object size 1048592 @ 0x000000008f600000) remset 1 code roots 0 marked 0 reclaim candidate 1 type array 1
[367.161s][debug][gc,humongous      ] GC(32989) Humongous region 749 (object size 1048592 @ 0x00000000aed00000) remset 1 code roots 0 marked 0 reclaim candidate 1 type array 1
[367.161s][debug][gc,humongous      ] GC(32989) Humongous region 421 (object size 1048592 @ 0x000000009a500000) remset 1 code roots 0 marked 1 reclaim candidate 1 type array 1
[367.161s][debug][gc,humongous      ] GC(32989) Humongous region 1866 (object size 1048592 @ 0x00000000f4a00000) remset 1 code roots 0 marked 1 reclaim candidate 1 type array 1
[367.161s][debug][gc,humongous      ] GC(32989) Humongous region 423 (object size 1048592 @ 0x000000009a700000) remset 1 code roots 0 marked 1 reclaim candidate 1 type array 1
[367.161s][debug][gc,humongous      ] GC(32989) Humongous region 1868 (object size 1048592 @ 0x00000000f4c00000) remset 1 code roots 0 marked 1 reclaim candidate 1 type array 1
[367.161s][debug][gc,humongous      ] GC(32989) Humongous region 1517 (object size 1048592 @ 0x00000000ded00000) remset 1 code roots 0 marked 0 reclaim candidate 1 type array 1
[367.157s][debug][gc,humongous      ] GC(32989) Humongous region 556 (object size 1048592 @ 0x00000000a2c00000) remset 1 code roots 0 marked 1 reclaim candidate 1 type array 1
[367.161s][debug][gc,humongous      ] GC(32989) Humongous region 1519 (object size 1048592 @ 0x00000000def00000) remset 1 code roots 0 marked 0 reclaim candidate 1 type array 1
[367.161s][debug][gc,humongous      ] GC(32989) Humongous region 1688 (object size 1048592 @ 0x00000000e9800000) remset 1 code roots 0 marked 1 reclaim candidate 1 type array 1
[367.161s][debug][gc,humongous      ] GC(32989) Humongous region 1521 (object size 1048592 @ 0x00000000df100000) remset 1 code roots 0 marked 0 reclaim candidate 1 type array 1
[367.157s][debug][gc,humongous      ] GC(32989) Humongous region 1050 (object size 1048592 @ 0x00000000c1a00000) remset 1 code roots 0 marked 1 reclaim candidate 1 type array 1
[367.162s][debug][gc,humongous      ] GC(32989) Humongous region 1523 (object size 1048592 @ 0x00000000df300000) remset 1 code roots 0 marked 0 reclaim candidate 1 type array 1
[367.162s][debug][gc,humongous      ] GC(32989) Humongous region 1525 (object size 1048592 @ 0x00000000df500000) remset 1 code roots 0 marked 0 reclaim candidate 1 type array 1
[367.162s][debug][gc,humongous      ] GC(32989) Humongous region 1052 (object size 1048592 @ 0x00000000c1c00000) remset 1 code roots 0 marked 1 reclaim candidate 1 type array 1
[367.162s][debug][gc,humongous      ] GC(32989) Humongous region 1527 (object size 1048592 @ 0x00000000df700000) remset 1 code roots 0 marked 0 reclaim candidate 1 type array 1
[367.157s][debug][gc,humongous      ] GC(32989) Humongous region 1335 (object size 1048592 @ 0x00000000d3700000) remset 1 code roots 0 marked 1 reclaim candidate 1 type array 1
[367.162s][debug][gc,humongous      ] GC(32989) Humongous region 1529 (object size 1048592 @ 0x00000000df900000) remset 1 code roots 0 marked 0 reclaim candidate 1 type array 1
[367.162s][debug][gc,humongous      ] GC(32989) Humongous region 1337 (object size 1048592 @ 0x00000000d3900000) remset 1 code roots 0 marked 1 reclaim candidate 1 type array 1
[367.162s][debug][gc,humongous      ] GC(32989) Humongous region 1531 (object size 1048592 @ 0x00000000dfb00000) remset 1 code roots 0 marked 0 reclaim candidate 1 type array 1
[367.162s][debug][gc,humongous      ] GC(32989) Humongous region 1339 (object size 1048592 @ 0x00000000d3b00000) remset 1 code roots 0 marked 1 reclaim candidate 1 type array 1
[367.162s][debug][gc,humongous      ] GC(32989) Humongous region 1533 (object size 1048592 @ 0x00000000dfd00000) remset 1 code roots 0 marked 0 reclaim candidate 1 type array 1
[367.161s][debug][gc,humongous      ] GC(32989) Humongous region 905 (object size 1048592 @ 0x00000000b8900000) remset 1 code roots 0 marked 0 reclaim candidate 1 type array 1
[367.162s][debug][gc,humongous      ] GC(32989) Humongous region 1535 (object size 1048592 @ 0x00000000dff00000) remset 1 code roots 0 marked 0 reclaim candidate 1 type array 1
[367.161s][debug][gc,humongous      ] GC(32989) Humongous region 248 (object size 1048592 @ 0x000000008f800000) remset 1 code roots 0 marked 0 reclaim candidate 1 type array 1
[367.162s][debug][gc,humongous      ] GC(32989) Humongous region 1537 (object size 1048592 @ 0x00000000e0100000) remset 1 code roots 0 marked 0 reclaim candidate 1 type array 1
[367.162s][debug][gc,humongous      ] GC(32989) Humongous region 250 (object size 1048592 @ 0x000000008fa00000) remset 1 code roots 0 marked 0 reclaim candidate 1 type array 1
[367.162s][debug][gc,humongous      ] GC(32989) Humongous region 1539 (object size 1048592 @ 0x00000000e0300000) remset 1 code roots 0 marked 0 reclaim candidate 1 type array 1
[367.162s][debug][gc,humongous      ] GC(32989) Humongous region 252 (object size 1048592 @ 0x000000008fc00000) remset 1 code roots 0 marked 0 reclaim candidate 1 type array 1
[367.162s][debug][gc,humongous      ] GC(32989) Humongous region 1541 (object size 1048592 @ 0x00000000e0500000) remset 1 code roots 0 marked 0 reclaim candidate 1 type array 1
[367.157s][debug][gc,humongous      ] GC(32989) Humongous region 1993 (object size 1048592 @ 0x00000000fc900000) remset 1 code roots 0 marked 1 reclaim candidate 1 type array 1
[367.162s][debug][gc,humongous      ] GC(32989) Humongous region 1543 (object size 1048592 @ 0x00000000e0700000) remset 1 code roots 0 marked 0 reclaim candidate 1 type array 1
[367.162s][debug][gc,humongous      ] GC(32989) Humongous region 1995 (object size 1048592 @ 0x00000000fcb00000) remset 1 code roots 0 marked 1 reclaim candidate 1 type array 1
[367.162s][debug][gc,humongous      ] GC(32989) Humongous region 1341 (object size 1048592 @ 0x00000000d3d00000) remset 1 code roots 0 marked 1 reclaim candidate 1 type array 1
[367.162s][debug][gc,humongous      ] GC(32989) Humongous region 1997 (object size 1048592 @ 0x00000000fcd00000) remset 1 code roots 0 marked 1 reclaim candidate 1 type array 1
[367.162s][debug][gc,humongous      ] GC(32989) Humongous region 907 (object size 1048592 @ 0x00000000b8b00000) remset 1 code roots 0 marked 0 reclaim candidate 1 type array 1
[367.162s][debug][gc,humongous      ] GC(32989) Humongous region 1999 (object size 1048592 @ 0x00000000fcf00000) remset 1 code roots 0 marked 1 reclaim candidate 1 type array 1
[367.162s][debug][gc,humongous      ] GC(32989) Humongous region 909 (object size 1048592 @ 0x00000000b8d00000) remset 1 code roots 0 marked 0 reclaim candidate 1 type array 1
[367.162s][debug][gc,humongous      ] GC(32989) Humongous region 2001 (object size 1048592 @ 0x00000000fd100000) remset 1 code roots 0 marked 1 reclaim candidate 1 type array 1
[367.162s][debug][gc,humongous      ] GC(32989) Humongous region 911 (object size 1048592 @ 0x00000000b8f00000) remset 1 code roots 0 marked 0 reclaim candidate 1 type array 1
[367.162s][debug][gc,humongous      ] GC(32989) Humongous region 2003 (object size 1048592 @ 0x00000000fd300000) remset 1 code roots 0 marked 1 reclaim candidate 1 type array 1
[367.162s][debug][gc,humongous      ] GC(32989) Humongous region 254 (object size 1048592 @ 0x000000008fe00000) remset 1 code roots 0 marked 0 reclaim candidate 1 type array 1
[367.161s][debug][gc,humongous      ] GC(32989) Humongous region 558 (object size 1048592 @ 0x00000000a2e00000) remset 1 code roots 0 marked 1 reclaim candidate 1 type array 1
[367.161s][debug][gc,humongous      ] GC(32989) Humongous region 117 (object size 1048592 @ 0x0000000087500000) remset 0 code roots 0 marked 0 reclaim candidate 1 type array 1
[367.161s][debug][gc,humongous      ] GC(32989) Humongous region 1690 (object size 1048592 @ 0x00000000e9a00000) remset 1 code roots 0 marked 1 reclaim candidate 1 type array 1
[367.162s][debug][gc,humongous      ] GC(32989) Humongous region 1545 (object size 1048592 @ 0x00000000e0900000) remset 1 code roots 0 marked 0 reclaim candidate 1 type array 1
[367.162s][debug][gc,humongous      ] GC(32989) Humongous region 1692 (object size 1048592 @ 0x00000000e9c00000) remset 1 code roots 0 marked 1 reclaim candidate 1 type array 1
[367.162s][debug][gc,humongous      ] GC(32989) Humongous region 1547 (object size 1048592 @ 0x00000000e0b00000) remset 1 code roots 0 marked 0 reclaim candidate 1 type array 1
[367.162s][debug][gc,humongous      ] GC(32989) Humongous region 1054 (object size 1048592 @ 0x00000000c1e00000) remset 1 code roots 0 marked 1 reclaim candidate 1 type array 1
[367.161s][debug][gc,humongous      ] GC(32989) Humongous region 425 (object size 1048592 @ 0x000000009a900000) remset 1 code roots 0 marked 1 reclaim candidate 1 type array 1
[367.161s][debug][gc,humongous      ] GC(32989) Humongous region 1870 (object size 1048592 @ 0x00000000f4e00000) remset 1 code roots 0 marked 1 reclaim candidate 1 type array 1
[367.162s][debug][gc,humongous      ] GC(32989) Humongous region 913 (object size 1048592 @ 0x00000000b9100000) remset 1 code roots 0 marked 0 reclaim candidate 1 type array 1
[367.162s][debug][gc,humongous      ] GC(32989) Humongous region 2005 (object size 1048592 @ 0x00000000fd500000) remset 1 code roots 0 marked 1 reclaim candidate 1 type array 1
[367.162s][debug][gc,humongous      ] GC(32989) Humongous region 256 (object size 1048592 @ 0x0000000090000000) remset 1 code roots 0 marked 1 reclaim candidate 1 type array 1
[367.157s][debug][gc,humongous      ] GC(32989) Humongous region 1218 (object size 1048592 @ 0x00000000cc200000) remset 1 code roots 0 marked 1 reclaim candidate 1 type array 1
[367.162s][debug][gc,humongous      ] GC(32989) Humongous region 560 (object size 1048592 @ 0x00000000a3000000) remset 1 code roots 0 marked 1 reclaim candidate 1 type array 1
[367.162s][debug][gc,humongous      ] GC(32989) Humongous region 1220 (object size 1048592 @ 0x00000000cc400000) remset 1 code roots 0 marked 1 reclaim candidate 1 type array 1
[367.162s][debug][gc,humongous      ] GC(32989) Humongous region 1343 (object size 1048592 @ 0x00000000d3f00000) remset 1 code roots 0 marked 1 reclaim candidate 1 type array 1
[367.162s][debug][gc,humongous      ] GC(32989) Humongous region 1222 (object size 1048592 @ 0x00000000cc600000) remset 1 code roots 0 marked 1 reclaim candidate 1 type array 1
[367.162s][debug][gc,humongous      ] GC(32989) Humongous region 1345 (object size 1048592 @ 0x00000000d4100000) remset 1 code roots 0 marked 1 reclaim candidate 1 type array 1
[367.162s][debug][gc,humongous      ] GC(32989) Humongous region 1224 (object size 1048592 @ 0x00000000cc800000) remset 1 code roots 0 marked 1 reclaim candidate 1 type array 1
[367.162s][debug][gc,humongous      ] GC(32989) Humongous region 1056 (object size 1048592 @ 0x00000000c2000000) remset 1 code roots 0 marked 1 reclaim candidate 1 type array 1
[367.162s][debug][gc,humongous      ] GC(32989) Humongous region 427 (object size 1048592 @ 0x000000009ab00000) remset 1 code roots 0 marked 1 reclaim candidate 1 type array 1
[367.162s][debug][gc,humongous      ] GC(32989) Humongous region 1872 (object size 1048592 @ 0x00000000f5000000) remset 1 code roots 0 marked 1 reclaim candidate 1 type array 1
[367.162s][debug][gc,humongous      ] GC(32989) Humongous region 915 (object size 1048592 @ 0x00000000b9300000) remset 1 code roots 0 marked 0 reclaim candidate 1 type array 1
[367.162s][debug][gc,humongous      ] GC(32989) Humongous region 1874 (object size 1048592 @ 0x00000000f5200000) remset 1 code roots 0 marked 1 reclaim candidate 1 type array 1
[367.162s][debug][gc,humongous      ] GC(32989) Humongous region 258 (object size 1048592 @ 0x0000000090200000) remset 1 code roots 0 marked 1 reclaim candidate 1 type array 1
[367.162s][debug][gc,humongous      ] GC(32989) Humongous region 119 (object size 1048592 @ 0x0000000087700000) remset 1 code roots 0 marked 0 reclaim candidate 1 type array 1
[367.162s][debug][gc,humongous      ] GC(32989) Humongous region 562 (object size 1048592 @ 0x00000000a3200000) remset 1 code roots 0 marked 1 reclaim candidate 1 type array 1
[367.161s][debug][gc,humongous      ] GC(32989) Humongous region 751 (object size 1048592 @ 0x00000000aef00000) remset 1 code roots 0 marked 0 reclaim candidate 1 type array 1
[367.162s][debug][gc,humongous      ] GC(32989) Humongous region 1694 (object size 1048592 @ 0x00000000e9e00000) remset 1 code roots 0 marked 1 reclaim candidate 1 type array 1
[367.162s][debug][gc,humongous      ] GC(32989) Humongous region 1549 (object size 1048592 @ 0x00000000e0d00000) remset 0 code roots 0 marked 0 reclaim candidate 1 type array 1
[367.162s][debug][gc,humongous      ] GC(32989) Humongous region 1696 (object size 1048592 @ 0x00000000ea000000) remset 1 code roots 0 marked 0 reclaim candidate 1 type array 1
[367.162s][debug][gc,humongous      ] GC(32989) Humongous region 1551 (object size 1048592 @ 0x00000000e0f00000) remset 1 code roots 0 marked 0 reclaim candidate 1 type array 1
[367.162s][debug][gc,humongous      ] GC(32989) Humongous region 1698 (object size 1048592 @ 0x00000000ea200000) remset 1 code roots 0 marked 1 reclaim candidate 1 type array 1
[367.162s][debug][gc,humongous      ] GC(32989) Humongous region 429 (object size 1048592 @ 0x000000009ad00000) remset 1 code roots 0 marked 1 reclaim candidate 1 type array 1
[367.162s][debug][gc,humongous      ] GC(32989) Humongous region 1553 (object size 1048592 @ 0x00000000e1100000) remset 1 code roots 0 marked 0 reclaim candidate 1 type array 1
[367.162s][debug][gc,humongous      ] GC(32989) Humongous region 917 (object size 1048592 @ 0x00000000b9500000) remset 1 code roots 0 marked 0 reclaim candidate 1 type array 1
[367.162s][debug][gc,humongous      ] GC(32989) Humongous region 1555 (object size 1048592 @ 0x00000000e1300000) remset 1 code roots 0 marked 0 reclaim candidate 1 type array 1
[367.162s][debug][gc,humongous      ] GC(32989) Humongous region 121 (object size 1048592 @ 0x0000000087900000) remset 1 code roots 0 marked 0 reclaim candidate 1 type array 1
[367.162s][debug][gc,humongous      ] GC(32989) Humongous region 1557 (object size 1048592 @ 0x00000000e1500000) remset 1 code roots 0 marked 0 reclaim candidate 1 type array 1
[367.162s][debug][gc,humongous      ] GC(32989) Humongous region 123 (object size 1048592 @ 0x0000000087b00000) remset 1 code roots 0 marked 0 reclaim candidate 1 type array 1
[367.162s][debug][gc,humongous      ] GC(32989) Humongous region 1559 (object size 1048592 @ 0x00000000e1700000) remset 1 code roots 0 marked 0 reclaim candidate 1 type array 1
[367.162s][debug][gc,humongous      ] GC(32989) Humongous region 125 (object size 1048592 @ 0x0000000087d00000) remset 1 code roots 0 marked 0 reclaim candidate 1 type array 1
[367.162s][debug][gc,humongous      ] GC(32989) Humongous region 1561 (object size 1048592 @ 0x00000000e1900000) remset 1 code roots 0 marked 0 reclaim candidate 1 type array 1
[367.162s][debug][gc,humongous      ] GC(32989) Humongous region 1059 (object size 1048592 @ 0x00000000c2300000) remset 1 code roots 0 marked 1 reclaim candidate 1 type array 1
[367.162s][debug][gc,humongous      ] GC(32989) Humongous region 1563 (object size 1048592 @ 0x00000000e1b00000) remset 1 code roots 0 marked 0 reclaim candidate 1 type array 1
[367.162s][debug][gc,humongous      ] GC(32989) Humongous region 1061 (object size 1048592 @ 0x00000000c2500000) remset 1 code roots 0 marked 1 reclaim candidate 1 type array 1
[367.162s][debug][gc,humongous      ] GC(32989) Humongous region 1565 (object size 1048592 @ 0x00000000e1d00000) remset 1 code roots 0 marked 0 reclaim candidate 1 type array 1
[367.162s][debug][gc,humongous      ] GC(32989) Humongous region 1063 (object size 1048592 @ 0x00000000c2700000) remset 1 code roots 0 marked 1 reclaim candidate 1 type array 1
[367.162s][debug][gc,humongous      ] GC(32989) Humongous region 1567 (object size 1048592 @ 0x00000000e1f00000) remset 1 code roots 0 marked 0 reclaim candidate 1 type array 1
[367.162s][debug][gc,humongous      ] GC(32989) Humongous region 1876 (object size 1048592 @ 0x00000000f5400000) remset 1 code roots 0 marked 1 reclaim candidate 1 type array 1
[367.162s][debug][gc,humongous      ] GC(32989) Humongous region 1569 (object size 1048592 @ 0x00000000e2100000) remset 1 code roots 0 marked 0 reclaim candidate 1 type array 1
[367.162s][debug][gc,humongous      ] GC(32989) Humongous region 1878 (object size 1048592 @ 0x00000000f5600000) remset 1 code roots 0 marked 1 reclaim candidate 1 type array 1
[367.162s][debug][gc,humongous      ] GC(32989) Humongous region 1571 (object size 1048592 @ 0x00000000e2300000) remset 1 code roots 0 marked 0 reclaim candidate 1 type array 1
[367.162s][debug][gc,humongous      ] GC(32989) Humongous region 1880 (object size 1048592 @ 0x00000000f5800000) remset 0 code roots 0 marked 0 reclaim candidate 1 type array 1
[367.162s][debug][gc,humongous      ] GC(32989) Humongous region 1573 (object size 1048592 @ 0x00000000e2500000) remset 1 code roots 0 marked 0 reclaim candidate 1 type array 1
[367.162s][debug][gc,humongous      ] GC(32989) Humongous region 1882 (object size 1048592 @ 0x00000000f5a00000) remset 1 code roots 0 marked 1 reclaim candidate 1 type array 1
[367.162s][debug][gc,humongous      ] GC(32989) Humongous region 1702 (object size 1048592 @ 0x00000000ea600000) remset 1 code roots 0 marked 1 reclaim candidate 1 type array 1
[367.162s][debug][gc,humongous      ] GC(32989) Humongous region 431 (object size 1048592 @ 0x000000009af00000) remset 1 code roots 0 marked 1 reclaim candidate 1 type array 1
[367.162s][debug][gc,humongous      ] GC(32989) Humongous region 1704 (object size 1048592 @ 0x00000000ea800000) remset 1 code roots 0 marked 1 reclaim candidate 1 type array 1
[367.162s][debug][gc,humongous      ] GC(32989) Humongous region 919 (object size 1048592 @ 0x00000000b9700000) remset 1 code roots 0 marked 0 reclaim candidate 1 type array 1
[367.162s][debug][gc,humongous      ] GC(32989) Humongous region 1706 (object size 1048592 @ 0x00000000eaa00000) remset 1 code roots 0 marked 1 reclaim candidate 1 type array 1
[367.162s][debug][gc,humongous      ] GC(32989) Humongous region 754 (object size 1048592 @ 0x00000000af200000) remset 1 code roots 0 marked 0 reclaim candidate 1 type array 1
[367.162s][debug][gc,humongous      ] GC(32989) Humongous region 1708 (object size 1048592 @ 0x00000000eac00000) remset 1 code roots 0 marked 1 reclaim candidate 1 type array 1
[367.162s][debug][gc,humongous      ] GC(32989) Humongous region 756 (object size 1048592 @ 0x00000000af400000) remset 1 code roots 0 marked 0 reclaim candidate 1 type array 1
[367.163s][debug][gc,humongous      ] GC(32989) Humongous region 1710 (object size 1048592 @ 0x00000000eae00000) remset 1 code roots 0 marked 1 reclaim candidate 1 type array 1
[367.163s][debug][gc,humongous      ] GC(32989) Humongous region 758 (object size 1048592 @ 0x00000000af600000) remset 1 code roots 0 marked 0 reclaim candidate 1 type array 1
[367.162s][debug][gc,humongous      ] GC(32989) Humongous region 2007 (object size 1048592 @ 0x00000000fd700000) remset 1 code roots 0 marked 1 reclaim candidate 1 type array 1
[367.163s][debug][gc,humongous      ] GC(32989) Humongous region 2009 (object size 1048592 @ 0x00000000fd900000) remset 1 code roots 0 marked 1 reclaim candidate 1 type array 1
[367.163s][debug][gc,humongous      ] GC(32989) Humongous region 2011 (object size 1048592 @ 0x00000000fdb00000) remset 0 code roots 0 marked 0 reclaim candidate 1 type array 1
[367.162s][debug][gc,humongous      ] GC(32989) Humongous region 433 (object size 1048592 @ 0x000000009b100000) remset 1 code roots 0 marked 1 reclaim candidate 1 type array 1
[367.163s][debug][gc,humongous      ] GC(32989) Humongous region 2013 (object size 1048592 @ 0x00000000fdd00000) remset 1 code roots 0 marked 1 reclaim candidate 1 type array 1
[367.162s][debug][gc,humongous      ] GC(32989) Humongous region 1065 (object size 1048592 @ 0x00000000c2900000) remset 0 code roots 0 marked 1 reclaim candidate 1 type array 1
[367.163s][debug][gc,humongous      ] GC(32989) Humongous region 2015 (object size 1048592 @ 0x00000000fdf00000) remset 1 code roots 0 marked 1 reclaim candidate 1 type array 1
[367.162s][debug][gc,humongous      ] GC(32989) Humongous region 921 (object size 1048592 @ 0x00000000b9900000) remset 1 code roots 0 marked 0 reclaim candidate 1 type array 1
[367.162s][debug][gc,humongous      ] GC(32989) Humongous region 1347 (object size 1048592 @ 0x00000000d4300000) remset 1 code roots 0 marked 1 reclaim candidate 1 type array 1
[367.163s][debug][gc,humongous      ] GC(32989) Humongous region 923 (object size 1048592 @ 0x00000000b9b00000) remset 1 code roots 0 marked 0 reclaim candidate 1 type array 1
[367.162s][debug][gc,humongous      ] GC(32989) Humongous region 127 (object size 1048592 @ 0x0000000087f00000) remset 1 code roots 0 marked 0 reclaim candidate 1 type array 1
[367.162s][debug][gc,humongous      ] GC(32989) Humongous region 1700 (object size 1048592 @ 0x00000000ea400000) remset 1 code roots 0 marked 1 reclaim candidate 1 type array 1
[367.163s][debug][gc,humongous      ] GC(32989) Humongous region 1712 (object size 1048592 @ 0x00000000eb000000) remset 1 code roots 0 marked 1 reclaim candidate 1 type array 1
[367.163s][debug][gc,humongous      ] GC(32989) Humongous region 1714 (object size 1048592 @ 0x00000000eb200000) remset 1 code roots 0 marked 1 reclaim candidate 1 type array 1
[367.163s][debug][gc,humongous      ] GC(32989) Humongous region 1716 (object size 1048592 @ 0x00000000eb400000) remset 1 code roots 0 marked 1 reclaim candidate 1 type array 1
[367.163s][debug][gc,humongous      ] GC(32989) Humongous region 1718 (object size 1048592 @ 0x00000000eb600000) remset 1 code roots 0 marked 1 reclaim candidate 1 type array 1
[367.163s][debug][gc,humongous      ] GC(32989) Humongous region 1720 (object size 1048592 @ 0x00000000eb800000) remset 1 code roots 0 marked 1 reclaim candidate 1 type array 1
[367.163s][debug][gc,humongous      ] GC(32989) Humongous region 1067 (object size 1048592 @ 0x00000000c2b00000) remset 1 code roots 0 marked 1 reclaim candidate 1 type array 1
[367.163s][debug][gc,humongous      ] GC(32989) Humongous region 1724 (object size 1048592 @ 0x00000000ebc00000) remset 1 code roots 0 marked 1 reclaim candidate 1 type array 1
[367.162s][debug][gc,humongous      ] GC(32989) Humongous region 564 (object size 1048592 @ 0x00000000a3400000) remset 1 code roots 0 marked 1 reclaim candidate 1 type array 1
[367.163s][debug][gc,humongous      ] GC(32989) Humongous region 1069 (object size 1048592 @ 0x00000000c2d00000) remset 1 code roots 0 marked 1 reclaim candidate 1 type array 1
[367.163s][debug][gc,humongous      ] GC(32989) Humongous region 1349 (object size 1048592 @ 0x00000000d4500000) remset 1 code roots 0 marked 1 reclaim candidate 1 type array 1
[367.163s][debug][gc,humongous      ] GC(32989) Humongous region 1351 (object size 1048592 @ 0x00000000d4700000) remset 1 code roots 0 marked 1 reclaim candidate 1 type array 1
[367.163s][debug][gc,humongous      ] GC(32989) Humongous region 1071 (object size 1048592 @ 0x00000000c2f00000) remset 1 code roots 0 marked 1 reclaim candidate 1 type array 1
[367.163s][debug][gc,humongous      ] GC(32989) Humongous region 1353 (object size 1048592 @ 0x00000000d4900000) remset 1 code roots 0 marked 1 reclaim candidate 1 type array 1
[367.163s][debug][gc,humongous      ] GC(32989) Humongous region 1073 (object size 1048592 @ 0x00000000c3100000) remset 1 code roots 0 marked 1 reclaim candidate 1 type array 1
[367.162s][debug][gc,humongous      ] GC(32989) Humongous region 260 (object size 1048592 @ 0x0000000090400000) remset 1 code roots 0 marked 1 reclaim candidate 1 type array 1
[367.162s][debug][gc,humongous      ] GC(32989) Humongous region 1226 (object size 1048592 @ 0x00000000cca00000) remset 1 code roots 0 marked 0 reclaim candidate 1 type array 1
[367.163s][debug][gc,humongous      ] GC(32989) Humongous region 262 (object size 1048592 @ 0x0000000090600000) remset 1 code roots 0 marked 1 reclaim candidate 1 type array 1
[367.163s][debug][gc,humongous      ] GC(32989) Humongous region 264 (object size 1048592 @ 0x0000000090800000) remset 1 code roots 0 marked 1 reclaim candidate 1 type array 1
[367.163s][debug][gc,humongous      ] GC(32989) Humongous region 566 (object size 1048592 @ 0x00000000a3600000) remset 1 code roots 0 marked 1 reclaim candidate 1 type array 1
[367.163s][debug][gc,humongous      ] GC(32989) Humongous region 266 (object size 1048592 @ 0x0000000090a00000) remset 1 code roots 0 marked 1 reclaim candidate 1 type array 1
[367.163s][debug][gc,humongous      ] GC(32989) Humongous region 925 (object size 1048592 @ 0x00000000b9d00000) remset 1 code roots 0 marked 0 reclaim candidate 1 type array 1
[367.163s][debug][gc,humongous      ] GC(32989) Humongous region 268 (object size 1048592 @ 0x0000000090c00000) remset 1 code roots 0 marked 1 reclaim candidate 1 type array 1
[367.162s][debug][gc,humongous      ] GC(32989) Humongous region 1884 (object size 1048592 @ 0x00000000f5c00000) remset 1 code roots 0 marked 1 reclaim candidate 1 type array 1
[367.163s][debug][gc,humongous      ] GC(32989) Humongous region 927 (object size 1048592 @ 0x00000000b9f00000) remset 1 code roots 0 marked 0 reclaim candidate 1 type array 1
[367.163s][debug][gc,humongous      ] GC(32989) Humongous region 929 (object size 1048592 @ 0x00000000ba100000) remset 1 code roots 0 marked 0 reclaim candidate 1 type array 1
[367.163s][debug][gc,humongous      ] GC(32989) Humongous region 435 (object size 1048592 @ 0x000000009b300000) remset 1 code roots 0 marked 1 reclaim candidate 1 type array 1
[367.163s][debug][gc,humongous      ] GC(32989) Humongous region 931 (object size 1048592 @ 0x00000000ba300000) remset 1 code roots 0 marked 0 reclaim candidate 1 type array 1
[367.163s][debug][gc,humongous      ] GC(32989) Humongous region 1722 (object size 1048592 @ 0x00000000eba00000) remset 1 code roots 0 marked 1 reclaim candidate 1 type array 1
[367.163s][debug][gc,humongous      ] GC(32989) Humongous region 933 (object size 1048592 @ 0x00000000ba500000) remset 1 code roots 0 marked 0 reclaim candidate 1 type array 1
[367.163s][debug][gc,humongous      ] GC(32989) Humongous region 1726 (object size 1048592 @ 0x00000000ebe00000) remset 1 code roots 0 marked 1 reclaim candidate 1 type array 1
[367.163s][debug][gc,humongous      ] GC(32989) Humongous region 935 (object size 1048592 @ 0x00000000ba700000) remset 1 code roots 0 marked 0 reclaim candidate 1 type array 1
[367.163s][debug][gc,humongous      ] GC(32989) Humongous region 1730 (object size 1048592 @ 0x00000000ec200000) remset 1 code roots 0 marked 1 reclaim candidate 1 type array 1
[367.163s][debug][gc,humongous      ] GC(32989) Humongous region 1355 (object size 1048592 @ 0x00000000d4b00000) remset 1 code roots 0 marked 1 reclaim candidate 1 type array 1
[367.163s][debug][gc,humongous      ] GC(32989) Humongous region 1888 (object size 1048592 @ 0x00000000f6000000) remset 1 code roots 0 marked 1 reclaim candidate 1 type array 1
[367.163s][debug][gc,humongous      ] GC(32989) Humongous region 270 (object size 1048592 @ 0x0000000090e00000) remset 1 code roots 0 marked 1 reclaim candidate 1 type array 1
[367.163s][debug][gc,humongous      ] GC(32989) Humongous region 129 (object size 1048592 @ 0x0000000088100000) remset 1 code roots 0 marked 0 reclaim candidate 1 type array 1
[367.163s][debug][gc,humongous      ] GC(32989) Humongous region 1075 (object size 1048592 @ 0x00000000c3300000) remset 1 code roots 0 marked 0 reclaim candidate 1 type array 1
[367.163s][debug][gc,humongous      ] GC(32989) Humongous region 1886 (object size 1048592 @ 0x00000000f5e00000) remset 1 code roots 0 marked 1 reclaim candidate 1 type array 1
[367.163s][debug][gc,humongous      ] GC(32989) Humongous region 437 (object size 1048592 @ 0x000000009b500000) remset 1 code roots 0 marked 1 reclaim candidate 1 type array 1
[367.163s][debug][gc,humongous      ] GC(32989) Humongous region 2017 (object size 1048592 @ 0x00000000fe100000) remset 1 code roots 0 marked 1 reclaim candidate 1 type array 1
[367.163s][debug][gc,humongous      ] GC(32989) Humongous region 439 (object size 1048592 @ 0x000000009b700000) remset 1 code roots 0 marked 1 reclaim candidate 1 type array 1
[367.163s][debug][gc,humongous      ] GC(32989) Humongous region 2023 (object size 1048592 @ 0x00000000fe700000) remset 1 code roots 0 marked 1 reclaim candidate 1 type array 1
[367.163s][debug][gc,humongous      ] GC(32989) Humongous region 441 (object size 1048592 @ 0x000000009b900000) remset 1 code roots 0 marked 0 reclaim candidate 1 type array 1
[367.163s][debug][gc,humongous      ] GC(32989) Humongous region 2025 (object size 1048592 @ 0x00000000fe900000) remset 1 code roots 0 marked 1 reclaim candidate 1 type array 1
[367.163s][debug][gc,humongous      ] GC(32989) Humongous region 937 (object size 1048592 @ 0x00000000ba900000) remset 1 code roots 0 marked 0 reclaim candidate 1 type array 1
[367.163s][debug][gc,humongous      ] GC(32989) Humongous region 2027 (object size 1048592 @ 0x00000000feb00000) remset 1 code roots 0 marked 1 reclaim candidate 1 type array 1
[367.163s][debug][gc,humongous      ] GC(32989) Humongous region 939 (object size 1048592 @ 0x00000000bab00000) remset 1 code roots 0 marked 0 reclaim candidate 1 type array 1
[367.163s][debug][gc,humongous      ] GC(32989) Humongous region 941 (object size 1048592 @ 0x00000000bad00000) remset 0 code roots 0 marked 0 reclaim candidate 1 type array 1
[367.163s][debug][gc,humongous      ] GC(32989) Humongous region 131 (object size 1048592 @ 0x0000000088300000) remset 1 code roots 0 marked 0 reclaim candidate 1 type array 1
[367.163s][debug][gc,humongous      ] GC(32989) Humongous region 943 (object size 1048592 @ 0x00000000baf00000) remset 1 code roots 0 marked 0 reclaim candidate 1 type array 1
[367.163s][debug][gc,humongous      ] GC(32989) Humongous region 2021 (object size 1048592 @ 0x00000000fe500000) remset 1 code roots 0 marked 1 reclaim candidate 1 type array 1
[367.163s][debug][gc,humongous      ] GC(32989) Humongous region 1228 (object size 1048592 @ 0x00000000ccc00000) remset 1 code roots 0 marked 1 reclaim candidate 1 type array 1
[367.163s][debug][gc,humongous      ] GC(32989) Humongous region 2031 (object size 1048592 @ 0x00000000fef00000) remset 0 code roots 0 marked 0 reclaim candidate 1 type array 1
[367.163s][debug][gc,humongous      ] GC(32989) Humongous region 1230 (object size 1048592 @ 0x00000000cce00000) remset 1 code roots 0 marked 1 reclaim candidate 1 type array 1
[367.163s][debug][gc,humongous      ] GC(32989) Humongous region 760 (object size 1048592 @ 0x00000000af800000) remset 1 code roots 0 marked 0 reclaim candidate 1 type array 1
[367.163s][debug][gc,humongous      ] GC(32989) Humongous region 443 (object size 1048592 @ 0x000000009bb00000) remset 1 code roots 0 marked 1 reclaim candidate 1 type array 1
[367.163s][debug][gc,humongous      ] GC(32989) Humongous region 762 (object size 1048592 @ 0x00000000afa00000) remset 1 code roots 0 marked 0 reclaim candidate 1 type array 1
[367.163s][debug][gc,humongous      ] GC(32989) Humongous region 2019 (object size 1048592 @ 0x00000000fe300000) remset 1 code roots 0 marked 1 reclaim candidate 1 type array 1
[367.163s][debug][gc,humongous      ] GC(32989) Humongous region 764 (object size 1048592 @ 0x00000000afc00000) remset 1 code roots 0 marked 0 reclaim candidate 1 type array 1
[367.163s][debug][gc,humongous      ] GC(32989) Humongous region 2029 (object size 1048592 @ 0x00000000fed00000) remset 1 code roots 0 marked 1 reclaim candidate 1 type array 1
[367.163s][debug][gc,humongous      ] GC(32989) Humongous region 2036 (object size 1048592 @ 0x00000000ff400000) remset 1 code roots 0 marked 1 reclaim candidate 1 type array 1
[367.163s][debug][gc,humongous      ] GC(32989) Humongous region 1079 (object size 1048592 @ 0x00000000c3700000) remset 1 code roots 0 marked 1 reclaim candidate 1 type array 1
[367.163s][debug][gc,humongous      ] GC(32989) Humongous region 2040 (object size 1048592 @ 0x00000000ff800000) remset 1 code roots 0 marked 1 reclaim candidate 1 type array 1
[367.163s][debug][gc,humongous      ] GC(32989) Humongous region 1081 (object size 1048592 @ 0x00000000c3900000) remset 1 code roots 0 marked 1 reclaim candidate 1 type array 1
[367.163s][debug][gc,humongous      ] GC(32989) Humongous region 1728 (object size 1048592 @ 0x00000000ec000000) remset 0 code roots 0 marked 0 reclaim candidate 1 type array 1
[367.163s][debug][gc,humongous      ] GC(32989) Humongous region 1232 (object size 1048592 @ 0x00000000cd000000) remset 0 code roots 0 marked 1 reclaim candidate 1 type array 1
[367.163s][debug][gc,humongous      ] GC(32989) Humongous region 135 (object size 1048592 @ 0x0000000088700000) remset 1 code roots 0 marked 0 reclaim candidate 1 type array 1
[367.163s][debug][gc,humongous      ] GC(32989) Humongous region 445 (object size 1048592 @ 0x000000009bd00000) remset 1 code roots 0 marked 1 reclaim candidate 1 type array 1
[367.164s][debug][gc,humongous      ] GC(32989) Humongous region 137 (object size 1048592 @ 0x0000000088900000) remset 1 code roots 0 marked 0 reclaim candidate 1 type array 1
[367.163s][debug][gc,humongous      ] GC(32989) Humongous region 272 (object size 1048592 @ 0x0000000091000000) remset 1 code roots 0 marked 1 reclaim candidate 1 type array 1
[367.164s][debug][gc,humongous      ] GC(32989) Humongous region 447 (object size 1048592 @ 0x000000009bf00000) remset 1 code roots 0 marked 1 reclaim candidate 1 type array 1
[367.163s][debug][gc,humongous      ] GC(32989) Humongous region 766 (object size 1048592 @ 0x00000000afe00000) remset 1 code roots 0 marked 0 reclaim candidate 1 type array 1
[367.163s][debug][gc,humongous      ] GC(32989) Humongous region 1077 (object size 1048592 @ 0x00000000c3500000) remset 1 code roots 0 marked 1 reclaim candidate 1 type array 1
[367.164s][debug][gc,humongous      ] GC(32989) Humongous region 1085 (object size 1048592 @ 0x00000000c3d00000) remset 1 code roots 0 marked 1 reclaim candidate 1 type array 1
[367.163s][debug][gc,humongous      ] GC(32989) Humongous region 2042 (object size 1048592 @ 0x00000000ffa00000) remset 0 code roots 0 marked 0 reclaim candidate 1 type array 1
[367.163s][debug][gc,humongous      ] GC(32989) Humongous region 2033 (object size 1048592 @ 0x00000000ff100000) remset 0 code roots 0 marked 1 reclaim candidate 1 type array 1
[367.164s][debug][gc,humongous      ] GC(32989) Humongous region 141 (object size 1048592 @ 0x0000000088d00000) remset 1 code roots 0 marked 0 reclaim candidate 1 type array 1
[367.164s][debug][gc,humongous      ] GC(32989) Humongous region 143 (object size 1048592 @ 0x0000000088f00000) remset 1 code roots 0 marked 0 reclaim candidate 1 type array 1
[367.164s][debug][gc,humongous      ] GC(32989) Humongous region 145 (object size 1048592 @ 0x0000000089100000) remset 1 code roots 0 marked 0 reclaim candidate 1 type array 1
[367.163s][debug][gc,humongous      ] GC(32989) Humongous region 1357 (object size 1048592 @ 0x00000000d4d00000) remset 1 code roots 0 marked 1 reclaim candidate 1 type array 1
[367.164s][debug][gc,humongous      ] GC(32989) Humongous region 139 (object size 1048592 @ 0x0000000088b00000) remset 1 code roots 0 marked 0 reclaim candidate 1 type array 1
[367.164s][debug][gc,humongous      ] GC(32989) Humongous region 1359 (object size 1048592 @ 0x00000000d4f00000) remset 1 code roots 0 marked 1 reclaim candidate 1 type array 1
[367.164s][debug][gc,humongous      ] GC(32989) Humongous region 151 (object size 1048592 @ 0x0000000089700000) remset 1 code roots 0 marked 0 reclaim candidate 1 type array 1
[367.163s][debug][gc,humongous      ] GC(32989) Humongous region 2038 (object size 1048592 @ 0x00000000ff600000) remset 1 code roots 0 marked 1 reclaim candidate 1 type array 1
[367.164s][debug][gc,humongous      ] GC(32989) Humongous region 449 (object size 1048592 @ 0x000000009c100000) remset 1 code roots 0 marked 1 reclaim candidate 1 type array 1
[367.164s][debug][gc,humongous      ] GC(32989) Humongous region 768 (object size 1048592 @ 0x00000000b0000000) remset 1 code roots 0 marked 0 reclaim candidate 1 type array 1
[367.164s][debug][gc,humongous      ] GC(32989) Humongous region 451 (object size 1048592 @ 0x000000009c300000) remset 1 code roots 0 marked 1 reclaim candidate 1 type array 1
[367.164s][debug][gc,humongous      ] GC(32989) Humongous region 1087 (object size 1048592 @ 0x00000000c3f00000) remset 1 code roots 0 marked 1 reclaim candidate 1 type array 1
[367.163s][debug][gc,humongous      ] GC(32989) Humongous region 1083 (object size 1048592 @ 0x00000000c3b00000) remset 1 code roots 0 marked 1 reclaim candidate 1 type array 1
[367.164s][debug][gc,humongous      ] GC(32989) Humongous region 1089 (object size 1048592 @ 0x00000000c4100000) remset 1 code roots 0 marked 1 reclaim candidate 1 type array 1
[367.164s][debug][gc,humongous      ] GC(32989) Humongous region 147 (object size 1048592 @ 0x0000000089300000) remset 1 code roots 0 marked 0 reclaim candidate 1 type array 1
[367.164s][debug][gc,humongous      ] GC(32989) Humongous region 149 (object size 1048592 @ 0x0000000089500000) remset 1 code roots 0 marked 0 reclaim candidate 1 type array 1
[367.164s][debug][gc,humongous      ] GC(32989) Humongous region 276 (object size 1048592 @ 0x0000000091400000) remset 1 code roots 0 marked 1 reclaim candidate 1 type array 1
[367.164s][debug][gc,humongous      ] GC(32989) Humongous region 278 (object size 1048592 @ 0x0000000091600000) remset 1 code roots 0 marked 1 reclaim candidate 1 type array 1
[367.164s][debug][gc,humongous      ] GC(32989) Humongous region 280 (object size 1048592 @ 0x0000000091800000) remset 1 code roots 0 marked 1 reclaim candidate 1 type array 1
[367.164s][debug][gc,humongous      ] GC(32989) Humongous region 153 (object size 1048592 @ 0x0000000089900000) remset 1 code roots 0 marked 0 reclaim candidate 1 type array 1
[367.164s][debug][gc,humongous      ] GC(32989) Humongous region 284 (object size 1048592 @ 0x0000000091c00000) remset 1 code roots 0 marked 1 reclaim candidate 1 type array 1
[367.163s][debug][gc,humongous      ] GC(32989) Humongous region 568 (object size 1048592 @ 0x00000000a3800000) remset 1 code roots 0 marked 1 reclaim candidate 1 type array 1
[367.164s][debug][gc,humongous      ] GC(32989) Humongous region 288 (object size 1048592 @ 0x0000000092000000) remset 1 code roots 0 marked 1 reclaim candidate 1 type array 1
[367.163s][debug][gc,humongous      ] GC(32989) Humongous region 1234 (object size 1048592 @ 0x00000000cd200000) remset 0 code roots 0 marked 1 reclaim candidate 1 type array 1
[367.164s][debug][gc,humongous      ] GC(32989) Humongous region 290 (object size 1048592 @ 0x0000000092200000) remset 1 code roots 0 marked 1 reclaim candidate 1 type array 1
[367.164s][debug][gc,humongous      ] GC(32989) Humongous region 1093 (object size 1048592 @ 0x00000000c4500000) remset 1 code roots 0 marked 1 reclaim candidate 1 type array 1
[367.164s][debug][gc,humongous      ] GC(32989) Humongous region 1095 (object size 1048592 @ 0x00000000c4700000) remset 1 code roots 0 marked 1 reclaim candidate 1 type array 1
[367.164s][debug][gc,humongous      ] GC(32989) Humongous region 1097 (object size 1048592 @ 0x00000000c4900000) remset 1 code roots 0 marked 1 reclaim candidate 1 type array 1
[367.164s][debug][gc,humongous      ] GC(32989) Humongous region 1361 (object size 1048592 @ 0x00000000d5100000) remset 1 code roots 0 marked 1 reclaim candidate 1 type array 1
[367.164s][debug][gc,humongous      ] GC(32989) Humongous region 1099 (object size 1048592 @ 0x00000000c4b00000) remset 1 code roots 0 marked 1 reclaim candidate 1 type array 1
[367.164s][debug][gc,humongous      ] GC(32989) Humongous region 282 (object size 1048592 @ 0x0000000091a00000) remset 1 code roots 0 marked 1 reclaim candidate 1 type array 1
[367.164s][debug][gc,humongous      ] GC(32989) Humongous region 1101 (object size 1048592 @ 0x00000000c4d00000) remset 1 code roots 0 marked 1 reclaim candidate 1 type array 1
[367.164s][debug][gc,humongous      ] GC(32989) Humongous region 286 (object size 1048592 @ 0x0000000091e00000) remset 1 code roots 0 marked 1 reclaim candidate 1 type array 1
[367.164s][debug][gc,humongous      ] GC(32989) Humongous region 770 (object size 1048592 @ 0x00000000b0200000) remset 1 code roots 0 marked 0 reclaim candidate 1 type array 1
[367.164s][debug][gc,humongous      ] GC(32989) Humongous region 453 (object size 1048592 @ 0x000000009c500000) remset 1 code roots 0 marked 1 reclaim candidate 1 type array 1
[367.164s][debug][gc,humongous      ] GC(32989) Humongous region 570 (object size 1048592 @ 0x00000000a3a00000) remset 1 code roots 0 marked 1 reclaim candidate 1 type array 1
[367.164s][debug][gc,humongous      ] GC(32989) Humongous region 455 (object size 1048592 @ 0x000000009c700000) remset 1 code roots 0 marked 1 reclaim candidate 1 type array 1
[367.164s][debug][gc,humongous      ] GC(32989) Humongous region 572 (object size 1048592 @ 0x00000000a3c00000) remset 1 code roots 0 marked 1 reclaim candidate 1 type array 1
[367.164s][debug][gc,humongous      ] GC(32989) Humongous region 274 (object size 1048592 @ 0x0000000091200000) remset 1 code roots 0 marked 1 reclaim candidate 1 type array 1
[367.164s][debug][gc,humongous      ] GC(32989) Humongous region 574 (object size 1048592 @ 0x00000000a3e00000) remset 1 code roots 0 marked 1 reclaim candidate 1 type array 1
[367.164s][debug][gc,humongous      ] GC(32989) Humongous region 299 (object size 1048592 @ 0x0000000092b00000) remset 1 code roots 0 marked 1 reclaim candidate 1 type array 1
[367.164s][debug][gc,humongous      ] GC(32989) Humongous region 576 (object size 1048592 @ 0x00000000a4000000) remset 1 code roots 0 marked 1 reclaim candidate 1 type array 1
[367.164s][debug][gc,humongous      ] GC(32989) Humongous region 294 (object size 1048592 @ 0x0000000092600000) remset 1 code roots 0 marked 1 reclaim candidate 1 type array 1
[367.164s][debug][gc,humongous      ] GC(32989) Humongous region 1238 (object size 1048592 @ 0x00000000cd600000) remset 1 code roots 0 marked 1 reclaim candidate 1 type array 1
[367.163s][debug][gc,humongous      ] GC(32989) Humongous region 133 (object size 1048592 @ 0x0000000088500000) remset 1 code roots 0 marked 0 reclaim candidate 1 type array 1
[367.164s][debug][gc,humongous      ] GC(32989) Humongous region 305 (object size 1048592 @ 0x0000000093100000) remset 1 code roots 0 marked 1 reclaim candidate 1 type array 1
[367.164s][debug][gc,humongous      ] GC(32989) Humongous region 1236 (object size 1048592 @ 0x00000000cd400000) remset 1 code roots 0 marked 1 reclaim candidate 1 type array 1
[367.164s][debug][gc,humongous      ] GC(32989) Humongous region 307 (object size 1048592 @ 0x0000000093300000) remset 1 code roots 0 marked 0 reclaim candidate 1 type array 1
[367.164s][debug][gc,humongous      ] GC(32989) Humongous region 292 (object size 1048592 @ 0x0000000092400000) remset 1 code roots 0 marked 1 reclaim candidate 1 type array 1
[367.164s][debug][gc,humongous      ] GC(32989) Humongous region 309 (object size 1048592 @ 0x0000000093500000) remset 1 code roots 0 marked 1 reclaim candidate 1 type array 1
[367.164s][debug][gc,humongous      ] GC(32989) Humongous region 311 (object size 1048592 @ 0x0000000093700000) remset 1 code roots 0 marked 1 reclaim candidate 1 type array 1
[367.164s][debug][gc,humongous      ] GC(32989) Humongous region 155 (object size 1048592 @ 0x0000000089b00000) remset 1 code roots 0 marked 0 reclaim candidate 1 type array 1
[367.164s][debug][gc,humongous      ] GC(32989) Humongous region 459 (object size 1048592 @ 0x000000009cb00000) remset 1 code roots 0 marked 1 reclaim candidate 1 type array 1
[367.164s][debug][gc,humongous      ] GC(32989) Humongous region 461 (object size 1048592 @ 0x000000009cd00000) remset 1 code roots 0 marked 1 reclaim candidate 1 type array 1
[367.164s][debug][gc,humongous      ] GC(32989) Humongous region 463 (object size 1048592 @ 0x000000009cf00000) remset 1 code roots 0 marked 1 reclaim candidate 1 type array 1
[367.164s][debug][gc,humongous      ] GC(32989) Humongous region 465 (object size 1048592 @ 0x000000009d100000) remset 1 code roots 0 marked 1 reclaim candidate 1 type array 1
[367.164s][debug][gc,humongous      ] GC(32989) Humongous region 1240 (object size 1048592 @ 0x00000000cd800000) remset 1 code roots 0 marked 1 reclaim candidate 1 type array 1
[367.164s][debug][gc,humongous      ] GC(32989) Humongous region 297 (object size 1048592 @ 0x0000000092900000) remset 1 code roots 0 marked 1 reclaim candidate 1 type array 1
[367.164s][debug][gc,humongous      ] GC(32989) Humongous region 772 (object size 1048592 @ 0x00000000b0400000) remset 1 code roots 0 marked 0 reclaim candidate 1 type array 1
[367.164s][debug][gc,humongous      ] GC(32989) Humongous region 1242 (object size 1048592 @ 0x00000000cda00000) remset 1 code roots 0 marked 1 reclaim candidate 1 type array 1
[367.164s][debug][gc,humongous      ] GC(32989) Humongous region 774 (object size 1048592 @ 0x00000000b0600000) remset 1 code roots 0 marked 0 reclaim candidate 1 type array 1
[367.164s][debug][gc,humongous      ] GC(32989) Humongous region 457 (object size 1048592 @ 0x000000009c900000) remset 1 code roots 0 marked 1 reclaim candidate 1 type array 1
[367.164s][debug][gc,humongous      ] GC(32989) Humongous region 1363 (object size 1048592 @ 0x00000000d5300000) remset 1 code roots 0 marked 1 reclaim candidate 1 type array 1
[367.164s][debug][gc,humongous      ] GC(32989) Humongous region 313 (object size 1048592 @ 0x0000000093900000) remset 1 code roots 0 marked 1 reclaim candidate 1 type array 1
[367.164s][debug][gc,humongous      ] GC(32989) Humongous region 301 (object size 1048592 @ 0x0000000092d00000) remset 1 code roots 0 marked 1 reclaim candidate 1 type array 1
[367.164s][debug][gc,humongous      ] GC(32989) Humongous region 582 (object size 1048592 @ 0x00000000a4600000) remset 1 code roots 0 marked 1 reclaim candidate 1 type array 1
[367.164s][debug][gc,humongous      ] GC(32989) Humongous region 584 (object size 1048592 @ 0x00000000a4800000) remset 1 code roots 0 marked 1 reclaim candidate 1 type array 1
[367.164s][debug][gc,humongous      ] GC(32989) Humongous region 586 (object size 1048592 @ 0x00000000a4a00000) remset 1 code roots 0 marked 1 reclaim candidate 1 type array 1
[367.164s][debug][gc,humongous      ] GC(32989) Humongous region 469 (object size 1048592 @ 0x000000009d500000) remset 1 code roots 0 marked 1 reclaim candidate 1 type array 1
[367.164s][debug][gc,humongous      ] GC(32989) Humongous region 471 (object size 1048592 @ 0x000000009d700000) remset 1 code roots 0 marked 1 reclaim candidate 1 type array 1
[367.164s][debug][gc,humongous      ] GC(32989) Humongous region 594 (object size 1048592 @ 0x00000000a5200000) remset 1 code roots 0 marked 1 reclaim candidate 1 type array 1
[367.164s][debug][gc,humongous      ] GC(32989) Humongous region 596 (object size 1048592 @ 0x00000000a5400000) remset 1 code roots 0 marked 1 reclaim candidate 1 type array 1
[367.164s][debug][gc,humongous      ] GC(32989) Humongous region 776 (object size 1048592 @ 0x00000000b0800000) remset 1 code roots 0 marked 0 reclaim candidate 1 type array 1
[367.164s][debug][gc,humongous      ] GC(32989) Humongous region 598 (object size 1048592 @ 0x00000000a5600000) remset 1 code roots 0 marked 1 reclaim candidate 1 type array 1
[367.164s][debug][gc,humongous      ] GC(32989) Humongous region 580 (object size 1048592 @ 0x00000000a4400000) remset 1 code roots 0 marked 1 reclaim candidate 1 type array 1
[367.164s][debug][gc,humongous      ] GC(32989) Humongous region 778 (object size 1048592 @ 0x00000000b0a00000) remset 1 code roots 0 marked 0 reclaim candidate 1 type array 1
[367.164s][debug][gc,humongous      ] GC(32989) Humongous region 578 (object size 1048592 @ 0x00000000a4200000) remset 1 code roots 0 marked 1 reclaim candidate 1 type array 1
[367.164s][debug][gc,humongous      ] GC(32989) Humongous region 303 (object size 1048592 @ 0x0000000092f00000) remset 1 code roots 0 marked 1 reclaim candidate 1 type array 1
[367.164s][debug][gc,humongous      ] GC(32989) Humongous region 467 (object size 1048592 @ 0x000000009d300000) remset 1 code roots 0 marked 1 reclaim candidate 1 type array 1
[367.164s][debug][gc,humongous      ] GC(32989) Humongous region 588 (object size 1048592 @ 0x00000000a4c00000) remset 1 code roots 0 marked 1 reclaim candidate 1 type array 1
[367.165s][debug][gc,humongous      ] GC(32989) Humongous region 608 (object size 1048592 @ 0x00000000a6000000) remset 1 code roots 0 marked 1 reclaim candidate 1 type array 1
[367.165s][debug][gc,humongous      ] GC(32989) Humongous region 610 (object size 1048592 @ 0x00000000a6200000) remset 1 code roots 0 marked 1 reclaim candidate 1 type array 1
[367.164s][debug][gc,humongous      ] GC(32989) Humongous region 1091 (object size 1048592 @ 0x00000000c4300000) remset 1 code roots 0 marked 1 reclaim candidate 1 type array 1
[367.164s][debug][gc,humongous      ] GC(32989) Humongous region 592 (object size 1048592 @ 0x00000000a5000000) remset 1 code roots 0 marked 1 reclaim candidate 1 type array 1
[367.164s][debug][gc,humongous      ] GC(32989) Humongous region 1246 (object size 1048592 @ 0x00000000cde00000) remset 1 code roots 0 marked 1 reclaim candidate 1 type array 1
[367.164s][debug][gc,humongous      ] GC(32989) Humongous region 600 (object size 1048592 @ 0x00000000a5800000) remset 1 code roots 0 marked 1 reclaim candidate 1 type array 1
[367.164s][debug][gc,humongous      ] GC(32989) Humongous region 1365 (object size 1048592 @ 0x00000000d5500000) remset 1 code roots 0 marked 0 reclaim candidate 1 type array 1
[367.165s][debug][gc,humongous      ] GC(32989) Humongous region 602 (object size 1048592 @ 0x00000000a5a00000) remset 1 code roots 0 marked 1 reclaim candidate 1 type array 1
[367.165s][debug][gc,humongous      ] GC(32989) Humongous region 780 (object size 1048592 @ 0x00000000b0c00000) remset 1 code roots 0 marked 0 reclaim candidate 1 type array 1
[367.165s][debug][gc,humongous      ] GC(32989) Humongous region 620 (object size 1048592 @ 0x00000000a6c00000) remset 1 code roots 0 marked 1 reclaim candidate 1 type array 1
[367.165s][debug][gc,humongous      ] GC(32989) Humongous region 782 (object size 1048592 @ 0x00000000b0e00000) remset 1 code roots 0 marked 0 reclaim candidate 1 type array 1
[367.165s][debug][gc,humongous      ] GC(32989) Humongous region 606 (object size 1048592 @ 0x00000000a5e00000) remset 1 code roots 0 marked 1 reclaim candidate 1 type array 1
[367.165s][debug][gc,humongous      ] GC(32989) Humongous region 784 (object size 1048592 @ 0x00000000b1000000) remset 1 code roots 0 marked 0 reclaim candidate 1 type array 1
[367.165s][debug][gc,humongous      ] GC(32989) Humongous region 612 (object size 1048592 @ 0x00000000a6400000) remset 1 code roots 0 marked 1 reclaim candidate 1 type array 1
[367.165s][debug][gc,humongous      ] GC(32989) Humongous region 624 (object size 1048592 @ 0x00000000a7000000) remset 1 code roots 0 marked 1 reclaim candidate 1 type array 1
[367.165s][debug][gc,humongous      ] GC(32989) Humongous region 614 (object size 1048592 @ 0x00000000a6600000) remset 1 code roots 0 marked 1 reclaim candidate 1 type array 1
[367.165s][debug][gc,humongous      ] GC(32989) Humongous region 628 (object size 1048592 @ 0x00000000a7400000) remset 1 code roots 0 marked 1 reclaim candidate 1 type array 1
[367.165s][debug][gc,humongous      ] GC(32989) Humongous region 1250 (object size 1048592 @ 0x00000000ce200000) remset 1 code roots 0 marked 1 reclaim candidate 1 type array 1
[367.165s][debug][gc,humongous      ] GC(32989) Humongous region 616 (object size 1048592 @ 0x00000000a6800000) remset 1 code roots 0 marked 1 reclaim candidate 1 type array 1
[367.165s][debug][gc,humongous      ] GC(32989) Humongous region 1256 (object size 1048592 @ 0x00000000ce800000) remset 1 code roots 0 marked 1 reclaim candidate 1 type array 1
[367.165s][debug][gc,humongous      ] GC(32989) Humongous region 604 (object size 1048592 @ 0x00000000a5c00000) remset 1 code roots 0 marked 1 reclaim candidate 1 type array 1
[367.165s][debug][gc,humongous      ] GC(32989) Humongous region 1258 (object size 1048592 @ 0x00000000cea00000) remset 1 code roots 0 marked 1 reclaim candidate 1 type array 1
[367.165s][debug][gc,humongous      ] GC(32989) Humongous region 622 (object size 1048592 @ 0x00000000a6e00000) remset 1 code roots 0 marked 0 reclaim candidate 1 type array 1
[367.165s][debug][gc,humongous      ] GC(32989) Humongous region 1371 (object size 1048592 @ 0x00000000d5b00000) remset 1 code roots 0 marked 0 reclaim candidate 1 type array 1
[367.165s][debug][gc,humongous      ] GC(32989) Humongous region 1373 (object size 1048592 @ 0x00000000d5d00000) remset 0 code roots 0 marked 0 reclaim candidate 1 type array 1
[367.165s][debug][gc,humongous      ] GC(32989) Humongous region 1375 (object size 1048592 @ 0x00000000d5f00000) remset 1 code roots 0 marked 0 reclaim candidate 1 type array 1
[367.165s][debug][gc,humongous      ] GC(32989) Humongous region 1248 (object size 1048592 @ 0x00000000ce000000) remset 1 code roots 0 marked 1 reclaim candidate 1 type array 1
[367.165s][debug][gc,humongous      ] GC(32989) Humongous region 1379 (object size 1048592 @ 0x00000000d6300000) remset 1 code roots 0 marked 0 reclaim candidate 1 type array 1
[367.165s][debug][gc,humongous      ] GC(32989) Humongous region 1252 (object size 1048592 @ 0x00000000ce400000) remset 1 code roots 0 marked 1 reclaim candidate 1 type array 1
[367.165s][debug][gc,humongous      ] GC(32989) Humongous region 1254 (object size 1048592 @ 0x00000000ce600000) remset 1 code roots 0 marked 1 reclaim candidate 1 type array 1
[367.165s][debug][gc,humongous      ] GC(32989) Humongous region 1387 (object size 1048592 @ 0x00000000d6b00000) remset 1 code roots 0 marked 0 reclaim candidate 1 type array 1
[367.165s][debug][gc,humongous      ] GC(32989) Humongous region 1389 (object size 1048592 @ 0x00000000d6d00000) remset 1 code roots 0 marked 0 reclaim candidate 1 type array 1
[367.164s][debug][gc,humongous      ] GC(32989) Humongous region 590 (object size 1048592 @ 0x00000000a4e00000) remset 1 code roots 0 marked 1 reclaim candidate 1 type array 1
[367.164s][debug][gc,humongous      ] GC(32989) Humongous region 1244 (object size 1048592 @ 0x00000000cdc00000) remset 1 code roots 0 marked 1 reclaim candidate 1 type array 1
[367.165s][debug][gc,humongous      ] GC(32989) Humongous region 786 (object size 1048592 @ 0x00000000b1200000) remset 1 code roots 0 marked 0 reclaim candidate 1 type array 1
[367.165s][debug][gc,humongous      ] GC(32989) Humongous region 1395 (object size 1048592 @ 0x00000000d7300000) remset 1 code roots 0 marked 0 reclaim candidate 1 type array 1
[367.165s][debug][gc,humongous      ] GC(32989) Humongous region 1399 (object size 1048592 @ 0x00000000d7700000) remset 1 code roots 0 marked 0 reclaim candidate 1 type array 1
[367.165s][debug][gc,humongous      ] GC(32989) Humongous region 1401 (object size 1048592 @ 0x00000000d7900000) remset 1 code roots 0 marked 0 reclaim candidate 1 type array 1
[367.165s][debug][gc,humongous      ] GC(32989) Humongous region 1403 (object size 1048592 @ 0x00000000d7b00000) remset 1 code roots 0 marked 0 reclaim candidate 1 type array 1
[367.165s][debug][gc,humongous      ] GC(32989) Humongous region 1383 (object size 1048592 @ 0x00000000d6700000) remset 1 code roots 0 marked 0 reclaim candidate 1 type array 1
[367.165s][debug][gc,humongous      ] GC(32989) Humongous region 618 (object size 1048592 @ 0x00000000a6a00000) remset 1 code roots 0 marked 1 reclaim candidate 1 type array 1
[367.165s][debug][gc,humongous      ] GC(32989) Humongous region 1367 (object size 1048592 @ 0x00000000d5700000) remset 1 code roots 0 marked 0 reclaim candidate 1 type array 1
[367.165s][debug][gc,humongous      ] GC(32989) Humongous region 1369 (object size 1048592 @ 0x00000000d5900000) remset 1 code roots 0 marked 0 reclaim candidate 1 type array 1
[367.165s][debug][gc,humongous      ] GC(32989) Humongous region 1413 (object size 1048592 @ 0x00000000d8500000) remset 1 code roots 0 marked 0 reclaim candidate 1 type array 1
[367.165s][debug][gc,humongous      ] GC(32989) Humongous region 1393 (object size 1048592 @ 0x00000000d7100000) remset 1 code roots 0 marked 0 reclaim candidate 1 type array 1
[367.165s][debug][gc,humongous      ] GC(32989) Humongous region 1415 (object size 1048592 @ 0x00000000d8700000) remset 1 code roots 0 marked 0 reclaim candidate 1 type array 1
[367.165s][debug][gc,humongous      ] GC(32989) Humongous region 1397 (object size 1048592 @ 0x00000000d7500000) remset 1 code roots 0 marked 0 reclaim candidate 1 type array 1
[367.165s][debug][gc,humongous      ] GC(32989) Humongous region 1381 (object size 1048592 @ 0x00000000d6500000) remset 1 code roots 0 marked 0 reclaim candidate 1 type array 1
[367.165s][debug][gc,humongous      ] GC(32989) Humongous region 1405 (object size 1048592 @ 0x00000000d7d00000) remset 1 code roots 0 marked 0 reclaim candidate 1 type array 1
[367.165s][debug][gc,humongous      ] GC(32989) Humongous region 1385 (object size 1048592 @ 0x00000000d6900000) remset 1 code roots 0 marked 0 reclaim candidate 1 type array 1
[367.165s][debug][gc,humongous      ] GC(32989) Humongous region 1407 (object size 1048592 @ 0x00000000d7f00000) remset 1 code roots 0 marked 0 reclaim candidate 1 type array 1
[367.165s][debug][gc,humongous      ] GC(32989) Humongous region 1411 (object size 1048592 @ 0x00000000d8300000) remset 1 code roots 0 marked 0 reclaim candidate 1 type array 1
[367.165s][debug][gc,humongous      ] GC(32989) Humongous region 1391 (object size 1048592 @ 0x00000000d6f00000) remset 1 code roots 0 marked 0 reclaim candidate 1 type array 1
[367.165s][debug][gc,humongous      ] GC(32989) Humongous region 1377 (object size 1048592 @ 0x00000000d6100000) remset 1 code roots 0 marked 0 reclaim candidate 1 type array 1
[367.165s][debug][gc,humongous      ] GC(32989) Humongous region 626 (object size 1048592 @ 0x00000000a7200000) remset 1 code roots 0 marked 1 reclaim candidate 1 type array 1
[367.165s][debug][gc,humongous      ] GC(32989) Humongous region 1409 (object size 1048592 @ 0x00000000d8100000) remset 1 code roots 0 marked 0 reclaim candidate 1 type array 1
[367.165s][debug][gc,ergo           ] GC(32989) Running G1 Merge Heap Roots using 13 workers for 1 regions
[367.166s][debug][gc,remset         ] GC(32989) Visited cards 160 Total dirty 2048 (7.81%) Total old 4163584 (0.00%)
[367.166s][debug][gc,ref            ] GC(32989) Skipped phase 1 of Reference Processing: no references
[367.166s][debug][gc,ref            ] GC(32989) Skipped phase 2 of Reference Processing: no references
[367.166s][debug][gc,ref            ] GC(32989) Skipped phase 3 of Reference Processing: no references
[367.166s][debug][gc,ref            ] GC(32989) Skipped phase 4 of Reference Processing: no references
[367.166s][debug][gc,humongous      ] GC(32989) Reclaimed humongous region 0 (object size 1048592 @ 0x0000000080000000)
[367.166s][debug][gc,humongous      ] GC(32989) Reclaimed humongous region 17 (object size 1048592 @ 0x0000000081100000)
[367.166s][debug][gc,humongous      ] GC(32989) Reclaimed humongous region 29 (object size 1048592 @ 0x0000000081d00000)
[367.166s][debug][gc,humongous      ] GC(32989) Reclaimed humongous region 111 (object size 1048592 @ 0x0000000086f00000)
[367.166s][debug][gc,humongous      ] GC(32989) Reclaimed humongous region 117 (object size 1048592 @ 0x0000000087500000)
[367.166s][debug][gc,humongous      ] GC(32989) Reclaimed humongous region 167 (object size 1048592 @ 0x000000008a700000)
[367.166s][debug][gc,humongous      ] GC(32989) Reclaimed humongous region 193 (object size 1048592 @ 0x000000008c100000)
[367.166s][debug][gc,humongous      ] GC(32989) Reclaimed humongous region 483 (object size 1048592 @ 0x000000009e300000)
[367.166s][debug][gc,humongous      ] GC(32989) Reclaimed humongous region 530 (object size 1048592 @ 0x00000000a1200000)
[367.166s][debug][gc,humongous      ] GC(32989) Reclaimed humongous region 588 (object size 1048592 @ 0x00000000a4c00000)
[367.166s][debug][gc,humongous      ] GC(32989) Reclaimed humongous region 608 (object size 1048592 @ 0x00000000a6000000)
[367.166s][debug][gc,humongous      ] GC(32989) Reclaimed humongous region 632 (object size 1048592 @ 0x00000000a7800000)
[367.166s][debug][gc,humongous      ] GC(32989) Reclaimed humongous region 669 (object size 1048592 @ 0x00000000a9d00000)
[367.166s][debug][gc,humongous      ] GC(32989) Reclaimed humongous region 691 (object size 1048592 @ 0x00000000ab300000)
[367.166s][debug][gc,humongous      ] GC(32989) Reclaimed humongous region 741 (object size 1048592 @ 0x00000000ae500000)
[367.166s][debug][gc,humongous      ] GC(32989) Reclaimed humongous region 745 (object size 1048592 @ 0x00000000ae900000)
[367.166s][debug][gc,humongous      ] GC(32989) Reclaimed humongous region 751 (object size 1048592 @ 0x00000000aef00000)
[367.166s][debug][gc,humongous      ] GC(32989) Reclaimed humongous region 764 (object size 1048592 @ 0x00000000afc00000)
[367.166s][debug][gc,humongous      ] GC(32989) Reclaimed humongous region 893 (object size 1048592 @ 0x00000000b7d00000)
[367.166s][debug][gc,humongous      ] GC(32989) Reclaimed humongous region 941 (object size 1048592 @ 0x00000000bad00000)
[367.166s][debug][gc,humongous      ] GC(32989) Reclaimed humongous region 947 (object size 1048592 @ 0x00000000bb300000)
[367.166s][debug][gc,humongous      ] GC(32989) Reclaimed humongous region 953 (object size 1048592 @ 0x00000000bb900000)
[367.166s][debug][gc,humongous      ] GC(32989) Reclaimed humongous region 984 (object size 1048592 @ 0x00000000bd800000)
[367.166s][debug][gc,humongous      ] GC(32989) Reclaimed humongous region 990 (object size 1048592 @ 0x00000000bde00000)
[367.166s][debug][gc,humongous      ] GC(32989) Reclaimed humongous region 1065 (object size 1048592 @ 0x00000000c2900000)
[367.166s][debug][gc,humongous      ] GC(32989) Reclaimed humongous region 1232 (object size 1048592 @ 0x00000000cd000000)
[367.166s][debug][gc,humongous      ] GC(32989) Reclaimed humongous region 1234 (object size 1048592 @ 0x00000000cd200000)
[367.166s][debug][gc,humongous      ] GC(32989) Reclaimed humongous region 1302 (object size 1048592 @ 0x00000000d1600000)
[367.166s][debug][gc,humongous      ] GC(32989) Reclaimed humongous region 1305 (object size 1048592 @ 0x00000000d1900000)
[367.166s][debug][gc,humongous      ] GC(32989) Reclaimed humongous region 1321 (object size 1048592 @ 0x00000000d2900000)
[367.166s][debug][gc,humongous      ] GC(32989) Reclaimed humongous region 1329 (object size 1048592 @ 0x00000000d3100000)
[367.166s][debug][gc,humongous      ] GC(32989) Reclaimed humongous region 1373 (object size 1048592 @ 0x00000000d5d00000)
[367.167s][debug][gc,humongous      ] GC(32989) Reclaimed humongous region 1475 (object size 1048592 @ 0x00000000dc300000)
[367.167s][debug][gc,humongous      ] GC(32989) Reclaimed humongous region 1487 (object size 1048592 @ 0x00000000dcf00000)
[367.167s][debug][gc,humongous      ] GC(32989) Reclaimed humongous region 1549 (object size 1048592 @ 0x00000000e0d00000)
[367.167s][debug][gc,humongous      ] GC(32989) Reclaimed humongous region 1621 (object size 1048592 @ 0x00000000e5500000)
[367.167s][debug][gc,humongous      ] GC(32989) Reclaimed humongous region 1663 (object size 1048592 @ 0x00000000e7f00000)
[367.167s][debug][gc,humongous      ] GC(32989) Reclaimed humongous region 1744 (object size 1048592 @ 0x00000000ed000000)
[367.167s][debug][gc,humongous      ] GC(32989) Reclaimed humongous region 1776 (object size 1048592 @ 0x00000000ef000000)
[367.167s][debug][gc,humongous      ] GC(32989) Reclaimed humongous region 1834 (object size 1048592 @ 0x00000000f2a00000)
[367.167s][debug][gc,humongous      ] GC(32989) Reclaimed humongous region 1964 (object size 1048592 @ 0x00000000fac00000)
[367.167s][debug][gc,humongous      ] GC(32989) Reclaimed humongous region 1993 (object size 1048592 @ 0x00000000fc900000)
[367.167s][debug][gc,humongous      ] GC(32989) Reclaimed humongous region 1997 (object size 1048592 @ 0x00000000fcd00000)
[367.167s][debug][gc,humongous      ] GC(32989) Reclaimed humongous region 2013 (object size 1048592 @ 0x00000000fdd00000)
[367.167s][debug][gc,humongous      ] GC(32989) Reclaimed humongous region 2033 (object size 1048592 @ 0x00000000ff100000)
[367.167s][debug][gc,ergo           ] GC(32989) Running G1 Rebuild Free List Task using 13 workers for rebuilding free list of regions
[367.167s][debug][gc,plab           ] GC(32989) Young PLAB allocation: allocated: 0B, wasted: 0B, unused: 0B, used: 0B, undo waste: 0B, 
[367.167s][debug][gc,plab           ] GC(32989) Young other allocation: region end waste: 0B, regions filled: 0, direct allocated: 0B, failure used: 0B, failure wasted: 0B
[367.167s][debug][gc,plab           ] GC(32989) Young sizing: calculated: 0B, actual: 2064B
[367.167s][debug][gc,plab           ] GC(32989) Old PLAB allocation: allocated: 0B, wasted: 0B, unused: 0B, used: 0B, undo waste: 0B, 
[367.167s][debug][gc,plab           ] GC(32989) Old other allocation: region end waste: 0B, regions filled: 0, direct allocated: 0B, failure used: 0B, failure wasted: 0B
[367.167s][debug][gc,plab           ] GC(32989) Old sizing: calculated: 0B, actual: 2064B
[367.167s][debug][gc,ergo,heap      ] GC(32989) Heap expansion: short term pause time ratio 35.02% long term pause time ratio 76.05% threshold 7.69% pause time ratio 7.69% fully expanded true resize by 0B
[367.167s][debug][gc,mmu            ] GC(32989) MMU: 134.5ms (200.0ms/201.0ms)
[367.167s][debug][gc,alloc,stats    ] Old generation allocation in the last mutator period, old gen allocated: 0B, humongous allocated: 104857600B,old gen growth: 10485760B.
[367.167s][debug][gc,ihop           ] GC(32989) Basic information (value update), threshold: 1815203195B (84.53), target occupancy: 2147483648B, current occupancy: 2033243856B, recent allocation size: 104857600B, recent allocation duration: 7.43ms, recent old gen allocation rate: 14111178607.81B/s, recent marking phase length: 13.22ms
[367.167s][debug][gc,ihop           ] GC(32989) Adaptive IHOP information (value update), threshold: 1815203195B (99.44), internal target occupancy: 1825361100B, occupancy: 2033243856B, additional buffer size: 0B, predicted old gen allocation rate: 759063609.12B/s, predicted marking phase length: 13.38ms, prediction active: true
[367.167s][debug][gc,ergo,refine    ] GC(32989) Concurrent refinement times: Logged Cards Scan time goal: 20.00ms Logged Cards Scan time: 0.00ms HCC time: 0.00ms
[367.167s][debug][gc,ergo,refine    ] GC(32989) Updated Refinement Zones: green: 3328, yellow: 9984, red: 16640
[367.167s][info ][gc,phases         ] GC(32989)   Pre Evacuate Collection Set: 16.2ms
[367.167s][debug][gc,phases         ] GC(32989)     Prepare TLABs: 0.0ms
[367.167s][debug][gc,phases         ] GC(32989)     Concatenate Dirty Card Logs: 0.0ms
[367.167s][debug][gc,phases         ] GC(32989)     Choose Collection Set: 0.0ms
[367.167s][debug][gc,phases         ] GC(32989)     Region Register: 16.2ms
[367.167s][debug][gc,phases         ] GC(32989)     Prepare Heap Roots: 0.0ms
[367.167s][info ][gc,phases         ] GC(32989)   Merge Heap Roots: 0.4ms
[367.167s][debug][gc,phases         ] GC(32989)     Prepare Merge Heap Roots: 0.0ms
[367.167s][debug][gc,phases         ] GC(32989)     Eager Reclaim (ms):            Min:  0.3, Avg:  0.3, Max:  0.3, Diff:  0.0, Sum:  0.3, Workers: 1
[367.167s][debug][gc,phases         ] GC(32989)     Remembered Sets (ms):          Min:  0.0, Avg:  0.0, Max:  0.0, Diff:  0.0, Sum:  0.0, Workers: 13
[367.167s][debug][gc,phases         ] GC(32989)       Merged Sparse:                 Min: 0, Avg: 74.8, Max: 973, Diff: 973, Sum: 973, Workers: 13
[367.167s][debug][gc,phases         ] GC(32989)       Merged Fine:                   Min: 0, Avg:  0.0, Max: 0, Diff: 0, Sum: 0, Workers: 13
[367.167s][debug][gc,phases         ] GC(32989)       Merged Coarse:                 Min: 0, Avg:  0.0, Max: 0, Diff: 0, Sum: 0, Workers: 13
[367.167s][debug][gc,phases         ] GC(32989)       Dirty Cards:                   Min: 0, Avg:  0.0, Max: 0, Diff: 0, Sum: 0, Workers: 13
[367.167s][debug][gc,phases         ] GC(32989)     Hot Card Cache (ms):           Min:  0.0, Avg:  0.0, Max:  0.0, Diff:  0.0, Sum:  0.0, Workers: 13
[367.167s][debug][gc,phases         ] GC(32989)       Dirty Cards:                   Min: 0, Avg:  0.0, Max: 0, Diff: 0, Sum: 0, Workers: 13
[367.167s][debug][gc,phases         ] GC(32989)       Skipped Cards:                 Min: 0, Avg:  0.0, Max: 0, Diff: 0, Sum: 0, Workers: 13
[367.167s][debug][gc,phases         ] GC(32989)     Log Buffers (ms):              Min:  0.0, Avg:  0.0, Max:  0.0, Diff:  0.0, Sum:  0.0, Workers: 13
[367.167s][debug][gc,phases         ] GC(32989)       Dirty Cards:                   Min: 0, Avg:  0.9, Max: 12, Diff: 12, Sum: 12, Workers: 13
[367.167s][debug][gc,phases         ] GC(32989)       Skipped Cards:                 Min: 0, Avg:  0.0, Max: 0, Diff: 0, Sum: 0, Workers: 13
[367.167s][info ][gc,phases         ] GC(32989)   Evacuate Collection Set: 0.4ms
[367.167s][debug][gc,phases         ] GC(32989)     Ext Root Scanning (ms):        Min:  0.0, Avg:  0.0, Max:  0.0, Diff:  0.0, Sum:  0.1, Workers: 13
[367.167s][debug][gc,phases         ] GC(32989)     Scan Heap Roots (ms):          Min:  0.0, Avg:  0.0, Max:  0.0, Diff:  0.0, Sum:  0.0, Workers: 13
[367.167s][debug][gc,phases         ] GC(32989)       Scanned Cards:                 Min: 0, Avg:  1.5, Max: 11, Diff: 11, Sum: 20, Workers: 13
[367.167s][debug][gc,phases         ] GC(32989)       Scanned Blocks:                Min: 0, Avg:  0.8, Max: 3, Diff: 3, Sum: 10, Workers: 13
[367.167s][debug][gc,phases         ] GC(32989)       Claimed Chunks:                Min: 0, Avg:  0.4, Max: 2, Diff: 2, Sum: 5, Workers: 13
[367.167s][debug][gc,phases         ] GC(32989)     Code Root Scan (ms):           Min:  0.0, Avg:  0.0, Max:  0.0, Diff:  0.0, Sum:  0.0, Workers: 13
[367.167s][debug][gc,phases         ] GC(32989)     Object Copy (ms):              Min:  0.0, Avg:  0.0, Max:  0.0, Diff:  0.0, Sum:  0.0, Workers: 13
[367.167s][debug][gc,phases         ] GC(32989)     Termination (ms):              Min:  0.1, Avg:  0.2, Max:  0.3, Diff:  0.2, Sum:  3.2, Workers: 13
[367.167s][debug][gc,phases         ] GC(32989)       Termination Attempts:          Min: 1, Avg:  1.0, Max: 1, Diff: 0, Sum: 13, Workers: 13
[367.167s][debug][gc,phases         ] GC(32989)     GC Worker Other (ms):          Min:  0.0, Avg:  0.0, Max:  0.0, Diff:  0.0, Sum:  0.1, Workers: 13
[367.167s][debug][gc,phases         ] GC(32989)     GC Worker Total (ms):          Min:  0.1, Avg:  0.3, Max:  0.3, Diff:  0.2, Sum:  3.4, Workers: 13
[367.167s][info ][gc,phases         ] GC(32989)   Post Evacuate Collection Set: 0.7ms
[367.167s][debug][gc,phases         ] GC(32989)     Code Roots Fixup: 0.0ms
[367.167s][debug][gc,phases         ] GC(32989)     Reference Processing: 0.0ms
[367.167s][debug][gc,phases,ref     ] GC(32989)       Reconsider SoftReferences: 0.0ms
[367.167s][debug][gc,phases,ref     ] GC(32989)         SoftRef (ms):                  skipped
[367.167s][debug][gc,phases,ref     ] GC(32989)       Notify Soft/WeakReferences: 0.0ms
[367.167s][debug][gc,phases,ref     ] GC(32989)         SoftRef (ms):                  skipped
[367.167s][debug][gc,phases,ref     ] GC(32989)         WeakRef (ms):                  skipped
[367.167s][debug][gc,phases,ref     ] GC(32989)         FinalRef (ms):                 skipped
[367.167s][debug][gc,phases,ref     ] GC(32989)         Total (ms):                    skipped
[367.167s][debug][gc,phases,ref     ] GC(32989)       Notify and keep alive finalizable: 0.0ms
[367.167s][debug][gc,phases,ref     ] GC(32989)         FinalRef (ms):                 skipped
[367.167s][debug][gc,phases,ref     ] GC(32989)       Notify PhantomReferences: 0.0ms
[367.167s][debug][gc,phases,ref     ] GC(32989)         PhantomRef (ms):               skipped
[367.167s][debug][gc,phases,ref     ] GC(32989)       SoftReference:
[367.167s][debug][gc,phases,ref     ] GC(32989)         Discovered: 0
[367.167s][debug][gc,phases,ref     ] GC(32989)         Cleared: 0
[367.167s][debug][gc,phases,ref     ] GC(32989)       WeakReference:
[367.167s][debug][gc,phases,ref     ] GC(32989)         Discovered: 0
[367.167s][debug][gc,phases,ref     ] GC(32989)         Cleared: 0
[367.167s][debug][gc,phases,ref     ] GC(32989)       FinalReference:
[367.167s][debug][gc,phases,ref     ] GC(32989)         Discovered: 0
[367.167s][debug][gc,phases,ref     ] GC(32989)         Cleared: 0
[367.167s][debug][gc,phases,ref     ] GC(32989)       PhantomReference:
[367.167s][debug][gc,phases,ref     ] GC(32989)         Discovered: 0
[367.167s][debug][gc,phases,ref     ] GC(32989)         Cleared: 0
[367.167s][debug][gc,phases         ] GC(32989)     Weak Processing: 0.0ms
[367.167s][debug][gc,phases         ] GC(32989)       VM Weak                        Min:  0.0, Avg:  0.0, Max:  0.0, Diff:  0.0, Sum:  0.0, Workers: 1
[367.167s][debug][gc,phases         ] GC(32989)         Dead                           Min: 0, Avg:  0.0, Max: 0, Diff: 0, Sum: 0, Workers: 1
[367.167s][debug][gc,phases         ] GC(32989)         Total                          Min: 4, Avg:  4.0, Max: 4, Diff: 0, Sum: 4, Workers: 1
[367.167s][debug][gc,phases         ] GC(32989)       ObjectSynchronizer Weak        Min:  0.0, Avg:  0.0, Max:  0.0, Diff:  0.0, Sum:  0.0, Workers: 1
[367.167s][debug][gc,phases         ] GC(32989)         Dead                           Min: 0, Avg:  0.0, Max: 0, Diff: 0, Sum: 0, Workers: 1
[367.167s][debug][gc,phases         ] GC(32989)         Total                          Min: 3, Avg:  3.0, Max: 3, Diff: 0, Sum: 3, Workers: 1
[367.167s][debug][gc,phases         ] GC(32989)       JVMTI Tag Weak OopStorage      Min:  0.0, Avg:  0.0, Max:  0.0, Diff:  0.0, Sum:  0.0, Workers: 1
[367.167s][debug][gc,phases         ] GC(32989)         Dead                           Min: 0, Avg:  0.0, Max: 0, Diff: 0, Sum: 0, Workers: 1
[367.167s][debug][gc,phases         ] GC(32989)         Total                          Min: 0, Avg:  0.0, Max: 0, Diff: 0, Sum: 0, Workers: 1
[367.167s][debug][gc,phases         ] GC(32989)       StringTable Weak               Min:  0.0, Avg:  0.0, Max:  0.0, Diff:  0.0, Sum:  0.0, Workers: 1
[367.167s][debug][gc,phases         ] GC(32989)         Dead                           Min: 0, Avg:  0.0, Max: 0, Diff: 0, Sum: 0, Workers: 1
[367.167s][debug][gc,phases         ] GC(32989)         Total                          Min: 45, Avg: 45.0, Max: 45, Diff: 0, Sum: 45, Workers: 1
[367.167s][debug][gc,phases         ] GC(32989)       ResolvedMethodTable Weak       Min:  0.0, Avg:  0.0, Max:  0.0, Diff:  0.0, Sum:  0.0, Workers: 1
[367.167s][debug][gc,phases         ] GC(32989)         Dead                           Min: 0, Avg:  0.0, Max: 0, Diff: 0, Sum: 0, Workers: 1
[367.167s][debug][gc,phases         ] GC(32989)         Total                          Min: 22, Avg: 22.0, Max: 22, Diff: 0, Sum: 22, Workers: 1
[367.167s][debug][gc,phases         ] GC(32989)       JNI Weak                       Min:  0.0, Avg:  0.0, Max:  0.0, Diff:  0.0, Sum:  0.0, Workers: 1
[367.167s][debug][gc,phases         ] GC(32989)         Dead                           Min: 0, Avg:  0.0, Max: 0, Diff: 0, Sum: 0, Workers: 1
[367.167s][debug][gc,phases         ] GC(32989)         Total                          Min: 0, Avg:  0.0, Max: 0, Diff: 0, Sum: 0, Workers: 1
[367.167s][debug][gc,phases         ] GC(32989)       StringDedup Table Weak         Min:  0.0, Avg:  0.0, Max:  0.0, Diff:  0.0, Sum:  0.0, Workers: 1
[367.167s][debug][gc,phases         ] GC(32989)         Dead                           Min: 0, Avg:  0.0, Max: 0, Diff: 0, Sum: 0, Workers: 1
[367.167s][debug][gc,phases         ] GC(32989)         Total                          Min: 0, Avg:  0.0, Max: 0, Diff: 0, Sum: 0, Workers: 1
[367.167s][debug][gc,phases         ] GC(32989)       StringDedup Requests0 Weak     Min:  0.0, Avg:  0.0, Max:  0.0, Diff:  0.0, Sum:  0.0, Workers: 1
[367.167s][debug][gc,phases         ] GC(32989)         Dead                           Min: 0, Avg:  0.0, Max: 0, Diff: 0, Sum: 0, Workers: 1
[367.167s][debug][gc,phases         ] GC(32989)         Total                          Min: 0, Avg:  0.0, Max: 0, Diff: 0, Sum: 0, Workers: 1
[367.167s][debug][gc,phases         ] GC(32989)       StringDedup Requests1 Weak     Min:  0.0, Avg:  0.0, Max:  0.0, Diff:  0.0, Sum:  0.0, Workers: 1
[367.167s][debug][gc,phases         ] GC(32989)         Dead                           Min: 0, Avg:  0.0, Max: 0, Diff: 0, Sum: 0, Workers: 1
[367.167s][debug][gc,phases         ] GC(32989)         Total                          Min: 0, Avg:  0.0, Max: 0, Diff: 0, Sum: 0, Workers: 1
[367.167s][debug][gc,phases         ] GC(32989)       Weak JFR Old Object Samples    Min:  0.0, Avg:  0.0, Max:  0.0, Diff:  0.0, Sum:  0.0, Workers: 1
[367.167s][debug][gc,phases         ] GC(32989)         Dead                           Min: 0, Avg:  0.0, Max: 0, Diff: 0, Sum: 0, Workers: 1
[367.167s][debug][gc,phases         ] GC(32989)         Total                          Min: 0, Avg:  0.0, Max: 0, Diff: 0, Sum: 0, Workers: 1
[367.167s][debug][gc,phases         ] GC(32989)     Post Evacuate Cleanup 1: 0.1ms
[367.167s][debug][gc,phases         ] GC(32989)       Merge Per-Thread State (ms):   Min:  0.0, Avg:  0.0, Max:  0.0, Diff:  0.0, Sum:  0.0, Workers: 1
[367.167s][debug][gc,phases         ] GC(32989)         Copied Bytes                   Min: 0, Avg:  0.0, Max: 0, Diff: 0, Sum: 0, Workers: 13
[367.167s][debug][gc,phases         ] GC(32989)         LAB Waste                      Min: 0, Avg:  0.0, Max: 0, Diff: 0, Sum: 0, Workers: 13
[367.167s][debug][gc,phases         ] GC(32989)         LAB Undo Waste                 Min: 0, Avg:  0.0, Max: 0, Diff: 0, Sum: 0, Workers: 13
[367.167s][debug][gc,phases         ] GC(32989)       Clear Logged Cards (ms):       Min:  0.0, Avg:  0.0, Max:  0.0, Diff:  0.0, Sum:  0.0, Workers: 3
[367.167s][debug][gc,phases         ] GC(32989)       Recalculate Used Memory (ms):  Min:  0.0, Avg:  0.0, Max:  0.0, Diff:  0.0, Sum:  0.0, Workers: 1
[367.167s][debug][gc,phases         ] GC(32989)     Post Evacuate Cleanup 2: 0.3ms
[367.167s][debug][gc,phases         ] GC(32989)       Reset Hot Card Cache (ms):     Min:  0.0, Avg:  0.0, Max:  0.0, Diff:  0.0, Sum:  0.0, Workers: 1
[367.167s][debug][gc,phases         ] GC(32989)       Purge Code Roots (ms):         Min:  0.0, Avg:  0.0, Max:  0.0, Diff:  0.0, Sum:  0.0, Workers: 1
[367.167s][debug][gc,phases         ] GC(32989)       Update Derived Pointers (ms):  Min:  0.0, Avg:  0.0, Max:  0.0, Diff:  0.0, Sum:  0.0, Workers: 1
[367.167s][debug][gc,phases         ] GC(32989)       Eagerly Reclaim Humongous Objects (ms): Min:  0.3, Avg:  0.3, Max:  0.3, Diff:  0.0, Sum:  0.3, Workers: 1
[367.167s][debug][gc,phases         ] GC(32989)         Humongous Total                Min: 1014, Avg: 1014.0, Max: 1014, Diff: 0, Sum: 1014, Workers: 1
[367.167s][debug][gc,phases         ] GC(32989)         Humongous Candidates           Min: 1014, Avg: 1014.0, Max: 1014, Diff: 0, Sum: 1014, Workers: 1
[367.167s][debug][gc,phases         ] GC(32989)         Humongous Reclaimed            Min: 45, Avg: 45.0, Max: 45, Diff: 0, Sum: 45, Workers: 1
[367.167s][debug][gc,phases         ] GC(32989)       Redirty Logged Cards (ms):     Min:  0.0, Avg:  0.0, Max:  0.0, Diff:  0.0, Sum:  0.0, Workers: 13
[367.167s][debug][gc,phases         ] GC(32989)         Redirtied Cards:               Min: 0, Avg:  0.7, Max: 9, Diff: 9, Sum: 9, Workers: 13
[367.167s][debug][gc,phases         ] GC(32989)       Free Collection Set (ms):      Min:  0.0, Avg:  0.0, Max:  0.0, Diff:  0.0, Sum:  0.0, Workers: 13
[367.167s][debug][gc,phases         ] GC(32989)     Rebuild Free List: 0.2ms
[367.167s][debug][gc,phases         ] GC(32989)     Start New Collection Set: 0.0ms
[367.167s][debug][gc,phases         ] GC(32989)     Resize TLABs: 0.0ms
[367.167s][debug][gc,phases         ] GC(32989)     Expand Heap After Collection: 0.0ms
[367.167s][info ][gc,phases         ] GC(32989)   Other: 0.2ms
[367.167s][info ][gc,heap           ] GC(32989) Eden regions: 1->0(102)
[367.167s][info ][gc,heap           ] GC(32989) Survivor regions: 0->0(13)
[367.167s][info ][gc,heap           ] GC(32989) Old regions: 1->1
[367.167s][info ][gc,heap           ] GC(32989) Archive regions: 2->2
[367.167s][info ][gc,heap           ] GC(32989) Humongous regions: 2028->1938
[367.167s][info ][gc,metaspace      ] GC(32989) Metaspace: 198K(384K)->198K(384K) NonClass: 192K(256K)->192K(256K) Class: 5K(128K)->5K(128K)
[367.167s][debug][gc,heap           ] GC(32989) Heap after GC invocations=31570 (full 10207):
[367.167s][debug][gc,heap           ] GC(32989)  garbage-first heap   total 2097152K, used 1985589K [0x0000000080000000, 0x0000000100000000)
[367.167s][debug][gc,heap           ] GC(32989)   region size 1024K, 0 young (0K), 0 survivors (0K)
[367.167s][debug][gc,heap           ] GC(32989)  Metaspace       used 198K, committed 384K, reserved 1114112K
[367.167s][debug][gc,heap           ] GC(32989)   class space    used 5K, committed 128K, reserved 1048576K
[367.167s][info ][gc                ] GC(32989) Pause Young (Prepare Mixed) (G1 Humongous Allocation) 2029M->1939M(2048M) 18.367ms
[367.167s][info ][gc,cpu            ] GC(32989) User=0.02s Sys=0.03s Real=0.02s
[367.169s][info ][gc,marking        ] GC(32988) Concurrent Cleanup for Next Mark 21.059ms
[367.169s][info ][gc                ] GC(32988) Concurrent Mark Cycle 28.664ms
[367.169s][debug][gc,ergo,ihop      ] Do not request concurrent cycle initiation (still doing mixed collections) occupancy: 2056257536B allocation request: 1048592B threshold: 1815203195B (84.53) source: concurrent humongous allocation
[367.169s][debug][gc,ergo,ihop      ] Do not request concurrent cycle initiation (still doing mixed collections) occupancy: 2058354688B allocation request: 1048592B threshold: 1815203195B (84.53) source: concurrent humongous allocation
[367.169s][debug][gc,ergo,ihop      ] Do not request concurrent cycle initiation (still doing mixed collections) occupancy: 2058354688B allocation request: 1048592B threshold: 1815203195B (84.53) source: concurrent humongous allocation
[367.169s][debug][gc,ergo,ihop      ] Do not request concurrent cycle initiation (still doing mixed collections) occupancy: 2058354688B allocation request: 1048592B threshold: 1815203195B (84.53) source: concurrent humongous allocation
[367.169s][debug][gc,ergo,ihop      ] Do not request concurrent cycle initiation (still doing mixed collections) occupancy: 2064646144B allocation request: 1048592B threshold: 1815203195B (84.53) source: concurrent humongous allocation
[367.169s][debug][gc,ergo,ihop      ] Do not request concurrent cycle initiation (still doing mixed collections) occupancy: 2066743296B allocation request: 1048592B threshold: 1815203195B (84.53) source: concurrent humongous allocation
[367.169s][debug][gc,ergo,ihop      ] Do not request concurrent cycle initiation (still doing mixed collections) occupancy: 2068840448B allocation request: 1048592B threshold: 1815203195B (84.53) source: concurrent humongous allocation
[367.169s][debug][gc,ergo,ihop      ] Do not request concurrent cycle initiation (still doing mixed collections) occupancy: 2070937600B allocation request: 1048592B threshold: 1815203195B (84.53) source: concurrent humongous allocation
[367.169s][debug][gc,ergo,ihop      ] Do not request concurrent cycle initiation (still doing mixed collections) occupancy: 2073034752B allocation request: 1048592B threshold: 1815203195B (84.53) source: concurrent humongous allocation
[367.169s][debug][gc,ergo,ihop      ] Do not request concurrent cycle initiation (still doing mixed collections) occupancy: 2075131904B allocation request: 1048592B threshold: 1815203195B (84.53) source: concurrent humongous allocation
[367.170s][debug][gc,ergo,ihop      ] Do not request concurrent cycle initiation (still doing mixed collections) occupancy: 2077229056B allocation request: 1048592B threshold: 1815203195B (84.53) source: concurrent humongous allocation
[367.170s][debug][gc,ergo,ihop      ] Do not request concurrent cycle initiation (still doing mixed collections) occupancy: 2079326208B allocation request: 1048592B threshold: 1815203195B (84.53) source: concurrent humongous allocation
[367.170s][debug][gc,ergo,ihop      ] Do not request concurrent cycle initiation (still doing mixed collections) occupancy: 2079326208B allocation request: 1048592B threshold: 1815203195B (84.53) source: concurrent humongous allocation
[367.170s][debug][gc,ergo,ihop      ] Do not request concurrent cycle initiation (still doing mixed collections) occupancy: 2081423360B allocation request: 1048592B threshold: 1815203195B (84.53) source: concurrent humongous allocation
[367.170s][debug][gc,ergo,ihop      ] Do not request concurrent cycle initiation (still doing mixed collections) occupancy: 2085617664B allocation request: 1048592B threshold: 1815203195B (84.53) source: concurrent humongous allocation
[367.170s][debug][gc,ergo,ihop      ] Do not request concurrent cycle initiation (still doing mixed collections) occupancy: 2087714816B allocation request: 1048592B threshold: 1815203195B (84.53) source: concurrent humongous allocation
[367.170s][debug][gc,ergo,ihop      ] Do not request concurrent cycle initiation (still doing mixed collections) occupancy: 2089811968B allocation request: 1048592B threshold: 1815203195B (84.53) source: concurrent humongous allocation
[367.171s][debug][gc,ergo,ihop      ] Do not request concurrent cycle initiation (still doing mixed collections) occupancy: 2091909120B allocation request: 1048592B threshold: 1815203195B (84.53) source: concurrent humongous allocation
[367.171s][debug][gc,ergo,ihop      ] Do not request concurrent cycle initiation (still doing mixed collections) occupancy: 2094006272B allocation request: 1048592B threshold: 1815203195B (84.53) source: concurrent humongous allocation
[367.171s][debug][gc,ergo,ihop      ] Do not request concurrent cycle initiation (still doing mixed collections) occupancy: 2094006272B allocation request: 1048592B threshold: 1815203195B (84.53) source: concurrent humongous allocation
[367.171s][debug][gc,ergo,ihop      ] Do not request concurrent cycle initiation (still doing mixed collections) occupancy: 2098200576B allocation request: 1048592B threshold: 1815203195B (84.53) source: concurrent humongous allocation
[367.171s][debug][gc,ergo,ihop      ] Do not request concurrent cycle initiation (still doing mixed collections) occupancy: 2098200576B allocation request: 1048592B threshold: 1815203195B (84.53) source: concurrent humongous allocation
[367.171s][debug][gc,ergo,ihop      ] Do not request concurrent cycle initiation (still doing mixed collections) occupancy: 2098200576B allocation request: 1048592B threshold: 1815203195B (84.53) source: concurrent humongous allocation
[367.171s][debug][gc,ergo,ihop      ] Do not request concurrent cycle initiation (still doing mixed collections) occupancy: 2098200576B allocation request: 1048592B threshold: 1815203195B (84.53) source: concurrent humongous allocation
[367.171s][debug][gc,ergo,ihop      ] Do not request concurrent cycle initiation (still doing mixed collections) occupancy: 2104492032B allocation request: 1048592B threshold: 1815203195B (84.53) source: concurrent humongous allocation
[367.171s][debug][gc,ergo,ihop      ] Do not request concurrent cycle initiation (still doing mixed collections) occupancy: 2104492032B allocation request: 1048592B threshold: 1815203195B (84.53) source: concurrent humongous allocation
[367.171s][debug][gc,ergo,ihop      ] Do not request concurrent cycle initiation (still doing mixed collections) occupancy: 2108686336B allocation request: 1048592B threshold: 1815203195B (84.53) source: concurrent humongous allocation
[367.172s][debug][gc,ergo,ihop      ] Do not request concurrent cycle initiation (still doing mixed collections) occupancy: 2112880640B allocation request: 1048592B threshold: 1815203195B (84.53) source: concurrent humongous allocation
[367.172s][debug][gc,ergo,ihop      ] Do not request concurrent cycle initiation (still doing mixed collections) occupancy: 2112880640B allocation request: 1048592B threshold: 1815203195B (84.53) source: concurrent humongous allocation
[367.172s][debug][gc,ergo,ihop      ] Do not request concurrent cycle initiation (still doing mixed collections) occupancy: 2114977792B allocation request: 1048592B threshold: 1815203195B (84.53) source: concurrent humongous allocation
[367.172s][debug][gc,ergo,ihop      ] Do not request concurrent cycle initiation (still doing mixed collections) occupancy: 2119172096B allocation request: 1048592B threshold: 1815203195B (84.53) source: concurrent humongous allocation
[367.172s][debug][gc,ergo,ihop      ] Do not request concurrent cycle initiation (still doing mixed collections) occupancy: 2119172096B allocation request: 1048592B threshold: 1815203195B (84.53) source: concurrent humongous allocation
[367.172s][debug][gc,ergo,ihop      ] Do not request concurrent cycle initiation (still doing mixed collections) occupancy: 2119172096B allocation request: 1048592B threshold: 1815203195B (84.53) source: concurrent humongous allocation
[367.173s][debug][gc,ergo,ihop      ] Do not request concurrent cycle initiation (still doing mixed collections) occupancy: 2125463552B allocation request: 1048592B threshold: 1815203195B (84.53) source: concurrent humongous allocation
[367.173s][debug][gc,ergo,ihop      ] Do not request concurrent cycle initiation (still doing mixed collections) occupancy: 2125463552B allocation request: 1048592B threshold: 1815203195B (84.53) source: concurrent humongous allocation
[367.173s][debug][gc,ergo,ihop      ] Do not request concurrent cycle initiation (still doing mixed collections) occupancy: 2125463552B allocation request: 1048592B threshold: 1815203195B (84.53) source: concurrent humongous allocation
[367.173s][debug][gc,ergo,ihop      ] Do not request concurrent cycle initiation (still doing mixed collections) occupancy: 2125463552B allocation request: 1048592B threshold: 1815203195B (84.53) source: concurrent humongous allocation
[367.173s][debug][gc,heap           ] GC(32990) Heap before GC invocations=31570 (full 10207):
[367.173s][debug][gc,heap           ] GC(32990)  garbage-first heap   total 2097152K, used 2079797K [0x0000000080000000, 0x0000000100000000)
[367.173s][debug][gc,heap           ] GC(32990)   region size 1024K, 0 young (0K), 0 survivors (0K)
[367.173s][debug][gc,heap           ] GC(32990)  Metaspace       used 198K, committed 384K, reserved 1114112K
[367.173s][debug][gc,heap           ] GC(32990)   class space    used 5K, committed 128K, reserved 1048576K
[367.173s][info ][gc,start          ] GC(32990) Pause Young (Mixed) (G1 Humongous Allocation)
[367.173s][info ][gc,task           ] GC(32990) Using 13 workers of 13 for evacuation
[367.173s][debug][gc,age            ] GC(32990) Desired survivor size 6815744 bytes, new threshold 15 (max threshold 15)
[367.173s][debug][gc,refine,stats   ] GC(32990) Mutator refinement: 0.00ms, refined: 0, precleaned: 0, dirtied: 0
[367.173s][debug][gc,refine,stats   ] GC(32990) Concurrent refinement: 0.00ms, refined: 0, precleaned: 0, dirtied: 0
[367.173s][debug][gc,refine,stats   ] GC(32990) Total refinement: 0.00ms, refined: 0, precleaned: 0, dirtied: 0
[367.173s][debug][gc,refine,stats   ] GC(32990) Generate dirty cards rate: 0.00 cards/ms
[367.173s][debug][gc,alloc,region   ] GC(32990) Mutator Allocation stats, regions: 0, wasted size: 0B ( 0.0%)
[367.173s][debug][gc,ergo,cset      ] GC(32990) Start adding old regions to collection set. Min 1 regions, max 205 regions, time remaining 184.48ms, optional threshold 36.90ms
[367.173s][debug][gc,ergo,cset      ] GC(32990) Old candidate collection set empty.
[367.173s][debug][gc,ergo,cset      ] GC(32990) Finish choosing collection set old regions. Initial: 1, optional: 0, predicted old time: 0.00ms, predicted optional time: 0.00ms, time remaining: 184.28
[367.173s][debug][gc,humongous      ] GC(32990) Humongous region 0 (object size 1048592 @ 0x0000000080000000) remset 0 code roots 0 marked 0 reclaim candidate 1 type array 1
[367.173s][debug][gc,humongous      ] GC(32990) Humongous region 3 (object size 1048592 @ 0x0000000080300000) remset 0 code roots 0 marked 0 reclaim candidate 1 type array 1
[367.173s][debug][gc,humongous      ] GC(32990) Humongous region 5 (object size 1048592 @ 0x0000000080500000) remset 0 code roots 0 marked 0 reclaim candidate 1 type array 1
[367.173s][debug][gc,humongous      ] GC(32990) Humongous region 7 (object size 1048592 @ 0x0000000080700000) remset 0 code roots 0 marked 0 reclaim candidate 1 type array 1
[367.173s][debug][gc,humongous      ] GC(32990) Humongous region 315 (object size 1048592 @ 0x0000000093b00000) remset 0 code roots 0 marked 0 reclaim candidate 1 type array 1
[367.173s][debug][gc,humongous      ] GC(32990) Humongous region 9 (object size 1048592 @ 0x0000000080900000) remset 0 code roots 0 marked 0 reclaim candidate 1 type array 1
[367.173s][debug][gc,humongous      ] GC(32990) Humongous region 473 (object size 1048592 @ 0x000000009d900000) remset 0 code roots 0 marked 0 reclaim candidate 1 type array 1
[367.173s][debug][gc,humongous      ] GC(32990) Humongous region 945 (object size 1048592 @ 0x00000000bb100000) remset 0 code roots 0 marked 0 reclaim candidate 1 type array 1
[367.173s][debug][gc,humongous      ] GC(32990) Humongous region 947 (object size 1048592 @ 0x00000000bb300000) remset 0 code roots 0 marked 0 reclaim candidate 1 type array 1
[367.173s][debug][gc,humongous      ] GC(32990) Humongous region 157 (object size 1048592 @ 0x0000000089d00000) remset 0 code roots 0 marked 0 reclaim candidate 1 type array 1
[367.173s][debug][gc,humongous      ] GC(32990) Humongous region 1260 (object size 1048592 @ 0x00000000cec00000) remset 0 code roots 0 marked 0 reclaim candidate 1 type array 1
[367.173s][debug][gc,humongous      ] GC(32990) Humongous region 317 (object size 1048592 @ 0x0000000093d00000) remset 0 code roots 0 marked 0 reclaim candidate 1 type array 1
[367.173s][debug][gc,humongous      ] GC(32990) Humongous region 1890 (object size 1048592 @ 0x00000000f6200000) remset 0 code roots 0 marked 0 reclaim candidate 1 type array 1
[367.173s][debug][gc,humongous      ] GC(32990) Humongous region 1262 (object size 1048592 @ 0x00000000cee00000) remset 0 code roots 0 marked 0 reclaim candidate 1 type array 1
[367.173s][debug][gc,humongous      ] GC(32990) Humongous region 1892 (object size 1048592 @ 0x00000000f6400000) remset 0 code roots 0 marked 0 reclaim candidate 1 type array 1
[367.173s][debug][gc,humongous      ] GC(32990) Humongous region 1103 (object size 1048592 @ 0x00000000c4f00000) remset 0 code roots 0 marked 0 reclaim candidate 1 type array 1
[367.173s][debug][gc,humongous      ] GC(32990) Humongous region 1264 (object size 1048592 @ 0x00000000cf000000) remset 0 code roots 0 marked 0 reclaim candidate 1 type array 1
[367.173s][debug][gc,humongous      ] GC(32990) Humongous region 1105 (object size 1048592 @ 0x00000000c5100000) remset 0 code roots 0 marked 0 reclaim candidate 1 type array 1
[367.173s][debug][gc,humongous      ] GC(32990) Humongous region 1107 (object size 1048592 @ 0x00000000c5300000) remset 0 code roots 0 marked 0 reclaim candidate 1 type array 1
[367.173s][debug][gc,humongous      ] GC(32990) Humongous region 1109 (object size 1048592 @ 0x00000000c5500000) remset 0 code roots 0 marked 0 reclaim candidate 1 type array 1
[367.173s][debug][gc,humongous      ] GC(32990) Humongous region 1575 (object size 1048592 @ 0x00000000e2700000) remset 0 code roots 0 marked 0 reclaim candidate 1 type array 1
[367.173s][debug][gc,humongous      ] GC(32990) Humongous region 1111 (object size 1048592 @ 0x00000000c5700000) remset 0 code roots 0 marked 0 reclaim candidate 1 type array 1
[367.173s][debug][gc,humongous      ] GC(32990) Humongous region 11 (object size 1048592 @ 0x0000000080b00000) remset 0 code roots 0 marked 0 reclaim candidate 1 type array 1
[367.173s][debug][gc,humongous      ] GC(32990) Humongous region 1577 (object size 1048592 @ 0x00000000e2900000) remset 0 code roots 0 marked 0 reclaim candidate 1 type array 1
[367.173s][debug][gc,humongous      ] GC(32990) Humongous region 788 (object size 1048592 @ 0x00000000b1400000) remset 0 code roots 0 marked 0 reclaim candidate 1 type array 1
[367.173s][debug][gc,humongous      ] GC(32990) Humongous region 1579 (object size 1048592 @ 0x00000000e2b00000) remset 0 code roots 0 marked 0 reclaim candidate 1 type array 1
[367.173s][debug][gc,humongous      ] GC(32990) Humongous region 1894 (object size 1048592 @ 0x00000000f6600000) remset 0 code roots 0 marked 0 reclaim candidate 1 type array 1
[367.173s][debug][gc,humongous      ] GC(32990) Humongous region 949 (object size 1048592 @ 0x00000000bb500000) remset 0 code roots 0 marked 0 reclaim candidate 1 type array 1
[367.173s][debug][gc,humongous      ] GC(32990) Humongous region 1417 (object size 1048592 @ 0x00000000d8900000) remset 0 code roots 0 marked 0 reclaim candidate 1 type array 1
[367.173s][debug][gc,humongous      ] GC(32990) Humongous region 630 (object size 1048592 @ 0x00000000a7600000) remset 0 code roots 0 marked 0 reclaim candidate 1 type array 1
[367.173s][debug][gc,humongous      ] GC(32990) Humongous region 1419 (object size 1048592 @ 0x00000000d8b00000) remset 0 code roots 0 marked 0 reclaim candidate 1 type array 1
[367.173s][debug][gc,humongous      ] GC(32990) Humongous region 632 (object size 1048592 @ 0x00000000a7800000) remset 0 code roots 0 marked 0 reclaim candidate 1 type array 1
[367.173s][debug][gc,humongous      ] GC(32990) Humongous region 1266 (object size 1048592 @ 0x00000000cf200000) remset 0 code roots 0 marked 0 reclaim candidate 1 type array 1
[367.173s][debug][gc,humongous      ] GC(32990) Humongous region 634 (object size 1048592 @ 0x00000000a7a00000) remset 0 code roots 0 marked 0 reclaim candidate 1 type array 1
[367.173s][debug][gc,humongous      ] GC(32990) Humongous region 636 (object size 1048592 @ 0x00000000a7c00000) remset 0 code roots 0 marked 0 reclaim candidate 1 type array 1
[367.173s][debug][gc,humongous      ] GC(32990) Humongous region 319 (object size 1048592 @ 0x0000000093f00000) remset 0 code roots 0 marked 0 reclaim candidate 1 type array 1
[367.173s][debug][gc,humongous      ] GC(32990) Humongous region 638 (object size 1048592 @ 0x00000000a7e00000) remset 0 code roots 0 marked 0 reclaim candidate 1 type array 1
[367.173s][debug][gc,humongous      ] GC(32990) Humongous region 790 (object size 1048592 @ 0x00000000b1600000) remset 0 code roots 0 marked 0 reclaim candidate 1 type array 1
[367.173s][debug][gc,humongous      ] GC(32990) Humongous region 640 (object size 1048592 @ 0x00000000a8000000) remset 0 code roots 0 marked 0 reclaim candidate 1 type array 1
[367.173s][debug][gc,humongous      ] GC(32990) Humongous region 1896 (object size 1048592 @ 0x00000000f6800000) remset 0 code roots 0 marked 0 reclaim candidate 1 type array 1
[367.173s][debug][gc,humongous      ] GC(32990) Humongous region 1732 (object size 1048592 @ 0x00000000ec400000) remset 0 code roots 0 marked 0 reclaim candidate 1 type array 1
[367.173s][debug][gc,humongous      ] GC(32990) Humongous region 951 (object size 1048592 @ 0x00000000bb700000) remset 0 code roots 0 marked 0 reclaim candidate 1 type array 1
[367.173s][debug][gc,humongous      ] GC(32990) Humongous region 159 (object size 1048592 @ 0x0000000089f00000) remset 0 code roots 0 marked 0 reclaim candidate 1 type array 1
[367.173s][debug][gc,humongous      ] GC(32990) Humongous region 953 (object size 1048592 @ 0x00000000bb900000) remset 0 code roots 0 marked 0 reclaim candidate 1 type array 1
[367.173s][debug][gc,humongous      ] GC(32990) Humongous region 1113 (object size 1048592 @ 0x00000000c5900000) remset 0 code roots 0 marked 0 reclaim candidate 1 type array 1
[367.173s][debug][gc,humongous      ] GC(32990) Humongous region 955 (object size 1048592 @ 0x00000000bbb00000) remset 0 code roots 0 marked 0 reclaim candidate 1 type array 1
[367.173s][debug][gc,humongous      ] GC(32990) Humongous region 1115 (object size 1048592 @ 0x00000000c5b00000) remset 0 code roots 0 marked 0 reclaim candidate 1 type array 1
[367.173s][debug][gc,humongous      ] GC(32990) Humongous region 1268 (object size 1048592 @ 0x00000000cf400000) remset 0 code roots 0 marked 0 reclaim candidate 1 type array 1
[367.173s][debug][gc,humongous      ] GC(32990) Humongous region 1117 (object size 1048592 @ 0x00000000c5d00000) remset 0 code roots 0 marked 0 reclaim candidate 1 type array 1
[367.173s][debug][gc,humongous      ] GC(32990) Humongous region 1581 (object size 1048592 @ 0x00000000e2d00000) remset 0 code roots 0 marked 0 reclaim candidate 1 type array 1
[367.174s][debug][gc,humongous      ] GC(32990) Humongous region 1119 (object size 1048592 @ 0x00000000c5f00000) remset 0 code roots 0 marked 0 reclaim candidate 1 type array 1
[367.174s][debug][gc,humongous      ] GC(32990) Humongous region 1583 (object size 1048592 @ 0x00000000e2f00000) remset 0 code roots 0 marked 0 reclaim candidate 1 type array 1
[367.173s][debug][gc,humongous      ] GC(32990) Humongous region 1898 (object size 1048592 @ 0x00000000f6a00000) remset 0 code roots 0 marked 0 reclaim candidate 1 type array 1
[367.173s][debug][gc,humongous      ] GC(32990) Humongous region 1421 (object size 1048592 @ 0x00000000d8d00000) remset 0 code roots 0 marked 0 reclaim candidate 1 type array 1
[367.174s][debug][gc,humongous      ] GC(32990) Humongous region 1423 (object size 1048592 @ 0x00000000d8f00000) remset 0 code roots 0 marked 0 reclaim candidate 1 type array 1
[367.173s][debug][gc,humongous      ] GC(32990) Humongous region 161 (object size 1048592 @ 0x000000008a100000) remset 0 code roots 0 marked 0 reclaim candidate 1 type array 1
[367.174s][debug][gc,humongous      ] GC(32990) Humongous region 1425 (object size 1048592 @ 0x00000000d9100000) remset 0 code roots 0 marked 0 reclaim candidate 1 type array 1
[367.174s][debug][gc,humongous      ] GC(32990) Humongous region 163 (object size 1048592 @ 0x000000008a300000) remset 0 code roots 0 marked 0 reclaim candidate 1 type array 1
[367.173s][debug][gc,humongous      ] GC(32990) Humongous region 957 (object size 1048592 @ 0x00000000bbd00000) remset 0 code roots 0 marked 0 reclaim candidate 1 type array 1
[367.174s][debug][gc,humongous      ] GC(32990) Humongous region 165 (object size 1048592 @ 0x000000008a500000) remset 0 code roots 0 marked 0 reclaim candidate 1 type array 1
[367.173s][debug][gc,humongous      ] GC(32990) Humongous region 642 (object size 1048592 @ 0x00000000a8200000) remset 0 code roots 0 marked 0 reclaim candidate 1 type array 1
[367.174s][debug][gc,humongous      ] GC(32990) Humongous region 644 (object size 1048592 @ 0x00000000a8400000) remset 0 code roots 0 marked 0 reclaim candidate 1 type array 1
[367.174s][debug][gc,humongous      ] GC(32990) Humongous region 646 (object size 1048592 @ 0x00000000a8600000) remset 0 code roots 0 marked 0 reclaim candidate 1 type array 1
[367.173s][debug][gc,humongous      ] GC(32990) Humongous region 1734 (object size 1048592 @ 0x00000000ec600000) remset 0 code roots 0 marked 0 reclaim candidate 1 type array 1
[367.174s][debug][gc,humongous      ] GC(32990) Humongous region 1736 (object size 1048592 @ 0x00000000ec800000) remset 0 code roots 0 marked 0 reclaim candidate 1 type array 1
[367.174s][debug][gc,humongous      ] GC(32990) Humongous region 1900 (object size 1048592 @ 0x00000000f6c00000) remset 0 code roots 0 marked 0 reclaim candidate 1 type array 1
[367.173s][debug][gc,humongous      ] GC(32990) Humongous region 13 (object size 1048592 @ 0x0000000080d00000) remset 0 code roots 0 marked 0 reclaim candidate 1 type array 1
[367.174s][debug][gc,humongous      ] GC(32990) Humongous region 1427 (object size 1048592 @ 0x00000000d9300000) remset 0 code roots 0 marked 0 reclaim candidate 1 type array 1
[367.174s][debug][gc,humongous      ] GC(32990) Humongous region 1429 (object size 1048592 @ 0x00000000d9500000) remset 0 code roots 0 marked 0 reclaim candidate 1 type array 1
[367.174s][debug][gc,humongous      ] GC(32990) Humongous region 1431 (object size 1048592 @ 0x00000000d9700000) remset 0 code roots 0 marked 0 reclaim candidate 1 type array 1
[367.174s][debug][gc,humongous      ] GC(32990) Humongous region 1270 (object size 1048592 @ 0x00000000cf600000) remset 0 code roots 0 marked 0 reclaim candidate 1 type array 1
[367.174s][debug][gc,humongous      ] GC(32990) Humongous region 1433 (object size 1048592 @ 0x00000000d9900000) remset 0 code roots 0 marked 0 reclaim candidate 1 type array 1
[367.174s][debug][gc,humongous      ] GC(32990) Humongous region 167 (object size 1048592 @ 0x000000008a700000) remset 0 code roots 0 marked 0 reclaim candidate 1 type array 1
[367.174s][debug][gc,humongous      ] GC(32990) Humongous region 959 (object size 1048592 @ 0x00000000bbf00000) remset 0 code roots 0 marked 0 reclaim candidate 1 type array 1
[367.174s][debug][gc,humongous      ] GC(32990) Humongous region 169 (object size 1048592 @ 0x000000008a900000) remset 0 code roots 0 marked 0 reclaim candidate 1 type array 1
[367.174s][debug][gc,humongous      ] GC(32990) Humongous region 1121 (object size 1048592 @ 0x00000000c6100000) remset 0 code roots 0 marked 0 reclaim candidate 1 type array 1
[367.174s][debug][gc,humongous      ] GC(32990) Humongous region 171 (object size 1048592 @ 0x000000008ab00000) remset 0 code roots 0 marked 0 reclaim candidate 1 type array 1
[367.174s][debug][gc,humongous      ] GC(32990) Humongous region 1585 (object size 1048592 @ 0x00000000e3100000) remset 0 code roots 0 marked 0 reclaim candidate 1 type array 1
[367.174s][debug][gc,humongous      ] GC(32990) Humongous region 1738 (object size 1048592 @ 0x00000000eca00000) remset 0 code roots 0 marked 0 reclaim candidate 1 type array 1
[367.174s][debug][gc,humongous      ] GC(32990) Humongous region 1902 (object size 1048592 @ 0x00000000f6e00000) remset 0 code roots 0 marked 0 reclaim candidate 1 type array 1
[367.174s][debug][gc,humongous      ] GC(32990) Humongous region 1740 (object size 1048592 @ 0x00000000ecc00000) remset 0 code roots 0 marked 0 reclaim candidate 1 type array 1
[367.174s][debug][gc,humongous      ] GC(32990) Humongous region 1904 (object size 1048592 @ 0x00000000f7000000) remset 0 code roots 0 marked 0 reclaim candidate 1 type array 1
[367.173s][debug][gc,humongous      ] GC(32990) Humongous region 321 (object size 1048592 @ 0x0000000094100000) remset 0 code roots 0 marked 0 reclaim candidate 1 type array 1
[367.174s][debug][gc,humongous      ] GC(32990) Humongous region 1742 (object size 1048592 @ 0x00000000ece00000) remset 0 code roots 0 marked 0 reclaim candidate 1 type array 1
[367.174s][debug][gc,humongous      ] GC(32990) Humongous region 1435 (object size 1048592 @ 0x00000000d9b00000) remset 0 code roots 0 marked 0 reclaim candidate 1 type array 1
[367.173s][debug][gc,humongous      ] GC(32990) Humongous region 792 (object size 1048592 @ 0x00000000b1800000) remset 0 code roots 0 marked 0 reclaim candidate 1 type array 1
[367.174s][debug][gc,humongous      ] GC(32990) Humongous region 1437 (object size 1048592 @ 0x00000000d9d00000) remset 0 code roots 0 marked 0 reclaim candidate 1 type array 1
[367.174s][debug][gc,humongous      ] GC(32990) Humongous region 794 (object size 1048592 @ 0x00000000b1a00000) remset 0 code roots 0 marked 0 reclaim candidate 1 type array 1
[367.174s][debug][gc,humongous      ] GC(32990) Humongous region 1439 (object size 1048592 @ 0x00000000d9f00000) remset 0 code roots 0 marked 0 reclaim candidate 1 type array 1
[367.174s][debug][gc,humongous      ] GC(32990) Humongous region 796 (object size 1048592 @ 0x00000000b1c00000) remset 0 code roots 0 marked 0 reclaim candidate 1 type array 1
[367.174s][debug][gc,humongous      ] GC(32990) Humongous region 173 (object size 1048592 @ 0x000000008ad00000) remset 0 code roots 0 marked 0 reclaim candidate 1 type array 1
[367.174s][debug][gc,humongous      ] GC(32990) Humongous region 798 (object size 1048592 @ 0x00000000b1e00000) remset 0 code roots 0 marked 0 reclaim candidate 1 type array 1
[367.174s][debug][gc,humongous      ] GC(32990) Humongous region 175 (object size 1048592 @ 0x000000008af00000) remset 0 code roots 0 marked 0 reclaim candidate 1 type array 1
[367.174s][debug][gc,humongous      ] GC(32990) Humongous region 1906 (object size 1048592 @ 0x00000000f7200000) remset 0 code roots 0 marked 0 reclaim candidate 1 type array 1
[367.174s][debug][gc,humongous      ] GC(32990) Humongous region 177 (object size 1048592 @ 0x000000008b100000) remset 0 code roots 0 marked 0 reclaim candidate 1 type array 1
[367.174s][debug][gc,humongous      ] GC(32990) Humongous region 1908 (object size 1048592 @ 0x00000000f7400000) remset 0 code roots 0 marked 0 reclaim candidate 1 type array 1
[367.174s][debug][gc,humongous      ] GC(32990) Humongous region 179 (object size 1048592 @ 0x000000008b300000) remset 0 code roots 0 marked 0 reclaim candidate 1 type array 1
[367.174s][debug][gc,humongous      ] GC(32990) Humongous region 1910 (object size 1048592 @ 0x00000000f7600000) remset 0 code roots 0 marked 0 reclaim candidate 1 type array 1
[367.174s][debug][gc,humongous      ] GC(32990) Humongous region 181 (object size 1048592 @ 0x000000008b500000) remset 0 code roots 0 marked 0 reclaim candidate 1 type array 1
[367.174s][debug][gc,humongous      ] GC(32990) Humongous region 1123 (object size 1048592 @ 0x00000000c6300000) remset 0 code roots 0 marked 0 reclaim candidate 1 type array 1
[367.174s][debug][gc,humongous      ] GC(32990) Humongous region 1587 (object size 1048592 @ 0x00000000e3300000) remset 0 code roots 0 marked 0 reclaim candidate 1 type array 1
[367.174s][debug][gc,humongous      ] GC(32990) Humongous region 1125 (object size 1048592 @ 0x00000000c6500000) remset 0 code roots 0 marked 0 reclaim candidate 1 type array 1
[367.174s][debug][gc,humongous      ] GC(32990) Humongous region 1127 (object size 1048592 @ 0x00000000c6700000) remset 0 code roots 0 marked 0 reclaim candidate 1 type array 1
[367.174s][debug][gc,humongous      ] GC(32990) Humongous region 1129 (object size 1048592 @ 0x00000000c6900000) remset 0 code roots 0 marked 0 reclaim candidate 1 type array 1
[367.174s][debug][gc,humongous      ] GC(32990) Humongous region 1131 (object size 1048592 @ 0x00000000c6b00000) remset 0 code roots 0 marked 0 reclaim candidate 1 type array 1
[367.174s][debug][gc,humongous      ] GC(32990) Humongous region 1133 (object size 1048592 @ 0x00000000c6d00000) remset 0 code roots 0 marked 0 reclaim candidate 1 type array 1
[367.174s][debug][gc,humongous      ] GC(32990) Humongous region 1744 (object size 1048592 @ 0x00000000ed000000) remset 0 code roots 0 marked 0 reclaim candidate 1 type array 1
[367.174s][debug][gc,humongous      ] GC(32990) Humongous region 1135 (object size 1048592 @ 0x00000000c6f00000) remset 0 code roots 0 marked 0 reclaim candidate 1 type array 1
[367.174s][debug][gc,humongous      ] GC(32990) Humongous region 1746 (object size 1048592 @ 0x00000000ed200000) remset 0 code roots 0 marked 0 reclaim candidate 1 type array 1
[367.174s][debug][gc,humongous      ] GC(32990) Humongous region 1137 (object size 1048592 @ 0x00000000c7100000) remset 0 code roots 0 marked 0 reclaim candidate 1 type array 1
[367.174s][debug][gc,humongous      ] GC(32990) Humongous region 1912 (object size 1048592 @ 0x00000000f7800000) remset 0 code roots 0 marked 0 reclaim candidate 1 type array 1
[367.174s][debug][gc,humongous      ] GC(32990) Humongous region 1914 (object size 1048592 @ 0x00000000f7a00000) remset 0 code roots 0 marked 0 reclaim candidate 1 type array 1
[367.174s][debug][gc,humongous      ] GC(32990) Humongous region 1916 (object size 1048592 @ 0x00000000f7c00000) remset 0 code roots 0 marked 0 reclaim candidate 1 type array 1
[367.174s][debug][gc,humongous      ] GC(32990) Humongous region 1589 (object size 1048592 @ 0x00000000e3500000) remset 0 code roots 0 marked 0 reclaim candidate 1 type array 1
[367.174s][debug][gc,humongous      ] GC(32990) Humongous region 1918 (object size 1048592 @ 0x00000000f7e00000) remset 0 code roots 0 marked 0 reclaim candidate 1 type array 1
[367.174s][debug][gc,humongous      ] GC(32990) Humongous region 1591 (object size 1048592 @ 0x00000000e3700000) remset 0 code roots 0 marked 0 reclaim candidate 1 type array 1
[367.174s][debug][gc,humongous      ] GC(32990) Humongous region 323 (object size 1048592 @ 0x0000000094300000) remset 0 code roots 0 marked 0 reclaim candidate 1 type array 1
[367.174s][debug][gc,humongous      ] GC(32990) Humongous region 1593 (object size 1048592 @ 0x00000000e3900000) remset 0 code roots 0 marked 0 reclaim candidate 1 type array 1
[367.174s][debug][gc,humongous      ] GC(32990) Humongous region 1272 (object size 1048592 @ 0x00000000cf800000) remset 0 code roots 0 marked 0 reclaim candidate 1 type array 1
[367.174s][debug][gc,humongous      ] GC(32990) Humongous region 1595 (object size 1048592 @ 0x00000000e3b00000) remset 0 code roots 0 marked 0 reclaim candidate 1 type array 1
[367.174s][debug][gc,humongous      ] GC(32990) Humongous region 961 (object size 1048592 @ 0x00000000bc100000) remset 0 code roots 0 marked 0 reclaim candidate 1 type array 1
[367.174s][debug][gc,humongous      ] GC(32990) Humongous region 1441 (object size 1048592 @ 0x00000000da100000) remset 0 code roots 0 marked 0 reclaim candidate 1 type array 1
[367.175s][debug][gc,humongous      ] GC(32990) Humongous region 963 (object size 1048592 @ 0x00000000bc300000) remset 0 code roots 0 marked 0 reclaim candidate 1 type array 1
[367.175s][debug][gc,humongous      ] GC(32990) Humongous region 1443 (object size 1048592 @ 0x00000000da300000) remset 0 code roots 0 marked 0 reclaim candidate 1 type array 1
[367.174s][debug][gc,humongous      ] GC(32990) Humongous region 183 (object size 1048592 @ 0x000000008b700000) remset 0 code roots 0 marked 0 reclaim candidate 1 type array 1
[367.174s][debug][gc,humongous      ] GC(32990) Humongous region 15 (object size 1048592 @ 0x0000000080f00000) remset 0 code roots 0 marked 0 reclaim candidate 1 type array 1
[367.175s][debug][gc,humongous      ] GC(32990) Humongous region 185 (object size 1048592 @ 0x000000008b900000) remset 0 code roots 0 marked 0 reclaim candidate 1 type array 1
[367.174s][debug][gc,humongous      ] GC(32990) Humongous region 800 (object size 1048592 @ 0x00000000b2000000) remset 0 code roots 0 marked 0 reclaim candidate 1 type array 1
[367.175s][debug][gc,humongous      ] GC(32990) Humongous region 187 (object size 1048592 @ 0x000000008bb00000) remset 0 code roots 0 marked 0 reclaim candidate 1 type array 1
[367.175s][debug][gc,humongous      ] GC(32990) Humongous region 802 (object size 1048592 @ 0x00000000b2200000) remset 0 code roots 0 marked 0 reclaim candidate 1 type array 1
[367.174s][debug][gc,humongous      ] GC(32990) Humongous region 648 (object size 1048592 @ 0x00000000a8800000) remset 0 code roots 0 marked 0 reclaim candidate 1 type array 1
[367.175s][debug][gc,humongous      ] GC(32990) Humongous region 804 (object size 1048592 @ 0x00000000b2400000) remset 0 code roots 0 marked 0 reclaim candidate 1 type array 1
[367.174s][debug][gc,humongous      ] GC(32990) Humongous region 1748 (object size 1048592 @ 0x00000000ed400000) remset 0 code roots 0 marked 0 reclaim candidate 1 type array 1
[367.175s][debug][gc,humongous      ] GC(32990) Humongous region 806 (object size 1048592 @ 0x00000000b2600000) remset 0 code roots 0 marked 0 reclaim candidate 1 type array 1
[367.175s][debug][gc,humongous      ] GC(32990) Humongous region 1750 (object size 1048592 @ 0x00000000ed600000) remset 0 code roots 0 marked 0 reclaim candidate 1 type array 1
[367.175s][debug][gc,humongous      ] GC(32990) Humongous region 1752 (object size 1048592 @ 0x00000000ed800000) remset 0 code roots 0 marked 0 reclaim candidate 1 type array 1
[367.173s][debug][gc,humongous      ] GC(32990) Humongous region 475 (object size 1048592 @ 0x000000009db00000) remset 0 code roots 0 marked 0 reclaim candidate 1 type array 1
[367.175s][debug][gc,humongous      ] GC(32990) Humongous region 1754 (object size 1048592 @ 0x00000000eda00000) remset 0 code roots 0 marked 0 reclaim candidate 1 type array 1
[367.174s][debug][gc,humongous      ] GC(32990) Humongous region 1920 (object size 1048592 @ 0x00000000f8000000) remset 0 code roots 0 marked 0 reclaim candidate 1 type array 1
[367.175s][debug][gc,humongous      ] GC(32990) Humongous region 1756 (object size 1048592 @ 0x00000000edc00000) remset 0 code roots 0 marked 0 reclaim candidate 1 type array 1
[367.175s][debug][gc,humongous      ] GC(32990) Humongous region 1922 (object size 1048592 @ 0x00000000f8200000) remset 0 code roots 0 marked 0 reclaim candidate 1 type array 1
[367.175s][debug][gc,humongous      ] GC(32990) Humongous region 189 (object size 1048592 @ 0x000000008bd00000) remset 0 code roots 0 marked 0 reclaim candidate 1 type array 1
[367.175s][debug][gc,humongous      ] GC(32990) Humongous region 1924 (object size 1048592 @ 0x00000000f8400000) remset 0 code roots 0 marked 0 reclaim candidate 1 type array 1
[367.175s][debug][gc,humongous      ] GC(32990) Humongous region 650 (object size 1048592 @ 0x00000000a8a00000) remset 0 code roots 0 marked 0 reclaim candidate 1 type array 1
[367.175s][debug][gc,humongous      ] GC(32990) Humongous region 1926 (object size 1048592 @ 0x00000000f8600000) remset 0 code roots 0 marked 0 reclaim candidate 1 type array 1
[367.175s][debug][gc,humongous      ] GC(32990) Humongous region 652 (object size 1048592 @ 0x00000000a8c00000) remset 0 code roots 0 marked 0 reclaim candidate 1 type array 1
[367.175s][debug][gc,humongous      ] GC(32990) Humongous region 965 (object size 1048592 @ 0x00000000bc500000) remset 0 code roots 0 marked 0 reclaim candidate 1 type array 1
[367.175s][debug][gc,humongous      ] GC(32990) Humongous region 808 (object size 1048592 @ 0x00000000b2800000) remset 0 code roots 0 marked 0 reclaim candidate 1 type array 1
[367.175s][debug][gc,humongous      ] GC(32990) Humongous region 967 (object size 1048592 @ 0x00000000bc700000) remset 0 code roots 0 marked 0 reclaim candidate 1 type array 1
[367.175s][debug][gc,humongous      ] GC(32990) Humongous region 477 (object size 1048592 @ 0x000000009dd00000) remset 0 code roots 0 marked 0 reclaim candidate 1 type array 1
[367.175s][debug][gc,humongous      ] GC(32990) Humongous region 17 (object size 1048592 @ 0x0000000081100000) remset 0 code roots 0 marked 0 reclaim candidate 1 type array 1
[367.174s][debug][gc,humongous      ] GC(32990) Humongous region 325 (object size 1048592 @ 0x0000000094500000) remset 0 code roots 0 marked 0 reclaim candidate 1 type array 1
[367.175s][debug][gc,humongous      ] GC(32990) Humongous region 19 (object size 1048592 @ 0x0000000081300000) remset 0 code roots 0 marked 0 reclaim candidate 1 type array 1
[367.175s][debug][gc,humongous      ] GC(32990) Humongous region 327 (object size 1048592 @ 0x0000000094700000) remset 0 code roots 0 marked 0 reclaim candidate 1 type array 1
[367.175s][debug][gc,humongous      ] GC(32990) Humongous region 191 (object size 1048592 @ 0x000000008bf00000) remset 0 code roots 0 marked 0 reclaim candidate 1 type array 1
[367.175s][debug][gc,humongous      ] GC(32990) Humongous region 1597 (object size 1048592 @ 0x00000000e3d00000) remset 0 code roots 0 marked 0 reclaim candidate 1 type array 1
[367.175s][debug][gc,humongous      ] GC(32990) Humongous region 193 (object size 1048592 @ 0x000000008c100000) remset 0 code roots 0 marked 0 reclaim candidate 1 type array 1
[367.175s][debug][gc,humongous      ] GC(32990) Humongous region 1599 (object size 1048592 @ 0x00000000e3f00000) remset 0 code roots 0 marked 0 reclaim candidate 1 type array 1
[367.175s][debug][gc,humongous      ] GC(32990) Humongous region 1445 (object size 1048592 @ 0x00000000da500000) remset 0 code roots 0 marked 0 reclaim candidate 1 type array 1
[367.175s][debug][gc,humongous      ] GC(32990) Humongous region 1601 (object size 1048592 @ 0x00000000e4100000) remset 0 code roots 0 marked 0 reclaim candidate 1 type array 1
[367.175s][debug][gc,humongous      ] GC(32990) Humongous region 810 (object size 1048592 @ 0x00000000b2a00000) remset 0 code roots 0 marked 0 reclaim candidate 1 type array 1
[367.175s][debug][gc,humongous      ] GC(32990) Humongous region 1603 (object size 1048592 @ 0x00000000e4300000) remset 0 code roots 0 marked 0 reclaim candidate 1 type array 1
[367.175s][debug][gc,humongous      ] GC(32990) Humongous region 812 (object size 1048592 @ 0x00000000b2c00000) remset 0 code roots 0 marked 0 reclaim candidate 1 type array 1
[367.175s][debug][gc,humongous      ] GC(32990) Humongous region 479 (object size 1048592 @ 0x000000009df00000) remset 0 code roots 0 marked 0 reclaim candidate 1 type array 1
[367.174s][debug][gc,humongous      ] GC(32990) Humongous region 1274 (object size 1048592 @ 0x00000000cfa00000) remset 0 code roots 0 marked 0 reclaim candidate 1 type array 1
[367.175s][debug][gc,humongous      ] GC(32990) Humongous region 481 (object size 1048592 @ 0x000000009e100000) remset 0 code roots 0 marked 0 reclaim candidate 1 type array 1
[367.175s][debug][gc,humongous      ] GC(32990) Humongous region 329 (object size 1048592 @ 0x0000000094900000) remset 0 code roots 0 marked 0 reclaim candidate 1 type array 1
[367.174s][debug][gc,humongous      ] GC(32990) Humongous region 1139 (object size 1048592 @ 0x00000000c7300000) remset 0 code roots 0 marked 0 reclaim candidate 1 type array 1
[367.175s][debug][gc,humongous      ] GC(32990) Humongous region 1928 (object size 1048592 @ 0x00000000f8800000) remset 0 code roots 0 marked 0 reclaim candidate 1 type array 1
[367.175s][debug][gc,humongous      ] GC(32990) Humongous region 654 (object size 1048592 @ 0x00000000a8e00000) remset 0 code roots 0 marked 0 reclaim candidate 1 type array 1
[367.175s][debug][gc,humongous      ] GC(32990) Humongous region 195 (object size 1048592 @ 0x000000008c300000) remset 0 code roots 0 marked 0 reclaim candidate 1 type array 1
[367.175s][debug][gc,humongous      ] GC(32990) Humongous region 1447 (object size 1048592 @ 0x00000000da700000) remset 0 code roots 0 marked 0 reclaim candidate 1 type array 1
[367.175s][debug][gc,humongous      ] GC(32990) Humongous region 969 (object size 1048592 @ 0x00000000bc900000) remset 0 code roots 0 marked 0 reclaim candidate 1 type array 1
[367.175s][debug][gc,humongous      ] GC(32990) Humongous region 1758 (object size 1048592 @ 0x00000000ede00000) remset 0 code roots 0 marked 0 reclaim candidate 1 type array 1
[367.175s][debug][gc,humongous      ] GC(32990) Humongous region 1605 (object size 1048592 @ 0x00000000e4500000) remset 0 code roots 0 marked 0 reclaim candidate 1 type array 1
[367.175s][debug][gc,humongous      ] GC(32990) Humongous region 814 (object size 1048592 @ 0x00000000b2e00000) remset 0 code roots 0 marked 0 reclaim candidate 1 type array 1
[367.175s][debug][gc,humongous      ] GC(32990) Humongous region 21 (object size 1048592 @ 0x0000000081500000) remset 0 code roots 0 marked 0 reclaim candidate 1 type array 1
[367.175s][debug][gc,humongous      ] GC(32990) Humongous region 816 (object size 1048592 @ 0x00000000b3000000) remset 0 code roots 0 marked 0 reclaim candidate 1 type array 1
[367.175s][debug][gc,humongous      ] GC(32990) Humongous region 483 (object size 1048592 @ 0x000000009e300000) remset 0 code roots 0 marked 0 reclaim candidate 1 type array 1
[367.175s][debug][gc,humongous      ] GC(32990) Humongous region 331 (object size 1048592 @ 0x0000000094b00000) remset 0 code roots 0 marked 0 reclaim candidate 1 type array 1
[367.175s][debug][gc,humongous      ] GC(32990) Humongous region 485 (object size 1048592 @ 0x000000009e500000) remset 0 code roots 0 marked 0 reclaim candidate 1 type array 1
[367.175s][debug][gc,humongous      ] GC(32990) Humongous region 333 (object size 1048592 @ 0x0000000094d00000) remset 0 code roots 0 marked 0 reclaim candidate 1 type array 1
[367.175s][debug][gc,humongous      ] GC(32990) Humongous region 656 (object size 1048592 @ 0x00000000a9000000) remset 0 code roots 0 marked 0 reclaim candidate 1 type array 1
[367.175s][debug][gc,humongous      ] GC(32990) Humongous region 197 (object size 1048592 @ 0x000000008c500000) remset 0 code roots 0 marked 0 reclaim candidate 1 type array 1
[367.175s][debug][gc,humongous      ] GC(32990) Humongous region 658 (object size 1048592 @ 0x00000000a9200000) remset 0 code roots 0 marked 0 reclaim candidate 1 type array 1
[367.175s][debug][gc,humongous      ] GC(32990) Humongous region 199 (object size 1048592 @ 0x000000008c700000) remset 0 code roots 0 marked 0 reclaim candidate 1 type array 1
[367.175s][debug][gc,humongous      ] GC(32990) Humongous region 660 (object size 1048592 @ 0x00000000a9400000) remset 0 code roots 0 marked 0 reclaim candidate 1 type array 1
[367.175s][debug][gc,humongous      ] GC(32990) Humongous region 1760 (object size 1048592 @ 0x00000000ee000000) remset 0 code roots 0 marked 0 reclaim candidate 1 type array 1
[367.175s][debug][gc,humongous      ] GC(32990) Humongous region 662 (object size 1048592 @ 0x00000000a9600000) remset 0 code roots 0 marked 0 reclaim candidate 1 type array 1
[367.175s][debug][gc,humongous      ] GC(32990) Humongous region 1762 (object size 1048592 @ 0x00000000ee200000) remset 0 code roots 0 marked 0 reclaim candidate 1 type array 1
[367.175s][debug][gc,humongous      ] GC(32990) Humongous region 665 (object size 1048592 @ 0x00000000a9900000) remset 0 code roots 0 marked 0 reclaim candidate 1 type array 1
[367.175s][debug][gc,humongous      ] GC(32990) Humongous region 1276 (object size 1048592 @ 0x00000000cfc00000) remset 0 code roots 0 marked 0 reclaim candidate 1 type array 1
[367.175s][debug][gc,humongous      ] GC(32990) Humongous region 1930 (object size 1048592 @ 0x00000000f8a00000) remset 0 code roots 0 marked 0 reclaim candidate 1 type array 1
[367.175s][debug][gc,humongous      ] GC(32990) Humongous region 1278 (object size 1048592 @ 0x00000000cfe00000) remset 0 code roots 0 marked 0 reclaim candidate 1 type array 1
[367.175s][debug][gc,humongous      ] GC(32990) Humongous region 1932 (object size 1048592 @ 0x00000000f8c00000) remset 0 code roots 0 marked 0 reclaim candidate 1 type array 1
[367.175s][debug][gc,humongous      ] GC(32990) Humongous region 1280 (object size 1048592 @ 0x00000000d0000000) remset 0 code roots 0 marked 0 reclaim candidate 1 type array 1
[367.175s][debug][gc,humongous      ] GC(32990) Humongous region 971 (object size 1048592 @ 0x00000000bcb00000) remset 0 code roots 0 marked 0 reclaim candidate 1 type array 1
[367.175s][debug][gc,humongous      ] GC(32990) Humongous region 1282 (object size 1048592 @ 0x00000000d0200000) remset 0 code roots 0 marked 0 reclaim candidate 1 type array 1
[367.175s][debug][gc,humongous      ] GC(32990) Humongous region 201 (object size 1048592 @ 0x000000008c900000) remset 0 code roots 0 marked 0 reclaim candidate 1 type array 1
[367.175s][debug][gc,humongous      ] GC(32990) Humongous region 818 (object size 1048592 @ 0x00000000b3200000) remset 0 code roots 0 marked 0 reclaim candidate 1 type array 1
[367.175s][debug][gc,humongous      ] GC(32990) Humongous region 1141 (object size 1048592 @ 0x00000000c7500000) remset 0 code roots 0 marked 0 reclaim candidate 1 type array 1
[367.175s][debug][gc,humongous      ] GC(32990) Humongous region 1764 (object size 1048592 @ 0x00000000ee400000) remset 0 code roots 0 marked 0 reclaim candidate 1 type array 1
[367.175s][debug][gc,humongous      ] GC(32990) Humongous region 23 (object size 1048592 @ 0x0000000081700000) remset 0 code roots 0 marked 0 reclaim candidate 1 type array 1
[367.175s][debug][gc,humongous      ] GC(32990) Humongous region 1766 (object size 1048592 @ 0x00000000ee600000) remset 0 code roots 0 marked 0 reclaim candidate 1 type array 1
[367.175s][debug][gc,humongous      ] GC(32990) Humongous region 25 (object size 1048592 @ 0x0000000081900000) remset 0 code roots 0 marked 0 reclaim candidate 1 type array 1
[367.175s][debug][gc,humongous      ] GC(32990) Humongous region 1768 (object size 1048592 @ 0x00000000ee800000) remset 0 code roots 0 marked 0 reclaim candidate 1 type array 1
[367.175s][debug][gc,humongous      ] GC(32990) Humongous region 667 (object size 1048592 @ 0x00000000a9b00000) remset 0 code roots 0 marked 0 reclaim candidate 1 type array 1
[367.175s][debug][gc,humongous      ] GC(32990) Humongous region 1770 (object size 1048592 @ 0x00000000eea00000) remset 0 code roots 0 marked 0 reclaim candidate 1 type array 1
[367.175s][debug][gc,humongous      ] GC(32990) Humongous region 1607 (object size 1048592 @ 0x00000000e4700000) remset 0 code roots 0 marked 0 reclaim candidate 1 type array 1
[367.175s][debug][gc,humongous      ] GC(32990) Humongous region 1772 (object size 1048592 @ 0x00000000eec00000) remset 0 code roots 0 marked 0 reclaim candidate 1 type array 1
[367.175s][debug][gc,humongous      ] GC(32990) Humongous region 1284 (object size 1048592 @ 0x00000000d0400000) remset 0 code roots 0 marked 0 reclaim candidate 1 type array 1
[367.175s][debug][gc,humongous      ] GC(32990) Humongous region 1143 (object size 1048592 @ 0x00000000c7700000) remset 0 code roots 0 marked 0 reclaim candidate 1 type array 1
[367.175s][debug][gc,humongous      ] GC(32990) Humongous region 820 (object size 1048592 @ 0x00000000b3400000) remset 0 code roots 0 marked 0 reclaim candidate 1 type array 1
[367.176s][debug][gc,humongous      ] GC(32990) Humongous region 822 (object size 1048592 @ 0x00000000b3600000) remset 0 code roots 0 marked 0 reclaim candidate 1 type array 1
[367.176s][debug][gc,humongous      ] GC(32990) Humongous region 824 (object size 1048592 @ 0x00000000b3800000) remset 0 code roots 0 marked 0 reclaim candidate 1 type array 1
[367.176s][debug][gc,humongous      ] GC(32990) Humongous region 826 (object size 1048592 @ 0x00000000b3a00000) remset 0 code roots 0 marked 0 reclaim candidate 1 type array 1
[367.175s][debug][gc,humongous      ] GC(32990) Humongous region 1449 (object size 1048592 @ 0x00000000da900000) remset 0 code roots 0 marked 0 reclaim candidate 1 type array 1
[367.176s][debug][gc,humongous      ] GC(32990) Humongous region 828 (object size 1048592 @ 0x00000000b3c00000) remset 0 code roots 0 marked 0 reclaim candidate 1 type array 1
[367.175s][debug][gc,humongous      ] GC(32990) Humongous region 1934 (object size 1048592 @ 0x00000000f8e00000) remset 0 code roots 0 marked 0 reclaim candidate 1 type array 1
[367.176s][debug][gc,humongous      ] GC(32990) Humongous region 830 (object size 1048592 @ 0x00000000b3e00000) remset 0 code roots 0 marked 0 reclaim candidate 1 type array 1
[367.176s][debug][gc,humongous      ] GC(32990) Humongous region 1936 (object size 1048592 @ 0x00000000f9000000) remset 0 code roots 0 marked 0 reclaim candidate 1 type array 1
[367.175s][debug][gc,humongous      ] GC(32990) Humongous region 487 (object size 1048592 @ 0x000000009e700000) remset 0 code roots 0 marked 0 reclaim candidate 1 type array 1
[367.176s][debug][gc,humongous      ] GC(32990) Humongous region 1938 (object size 1048592 @ 0x00000000f9200000) remset 0 code roots 0 marked 0 reclaim candidate 1 type array 1
[367.176s][debug][gc,humongous      ] GC(32990) Humongous region 489 (object size 1048592 @ 0x000000009e900000) remset 0 code roots 0 marked 0 reclaim candidate 1 type array 1
[367.176s][debug][gc,humongous      ] GC(32990) Humongous region 1286 (object size 1048592 @ 0x00000000d0600000) remset 0 code roots 0 marked 0 reclaim candidate 1 type array 1
[367.176s][debug][gc,humongous      ] GC(32990) Humongous region 1940 (object size 1048592 @ 0x00000000f9400000) remset 0 code roots 0 marked 0 reclaim candidate 1 type array 1
[367.175s][debug][gc,humongous      ] GC(32990) Humongous region 335 (object size 1048592 @ 0x0000000094f00000) remset 0 code roots 0 marked 0 reclaim candidate 1 type array 1
[367.176s][debug][gc,humongous      ] GC(32990) Humongous region 1942 (object size 1048592 @ 0x00000000f9600000) remset 0 code roots 0 marked 0 reclaim candidate 1 type array 1
[367.176s][debug][gc,humongous      ] GC(32990) Humongous region 1944 (object size 1048592 @ 0x00000000f9800000) remset 0 code roots 0 marked 0 reclaim candidate 1 type array 1
[367.175s][debug][gc,humongous      ] GC(32990) Humongous region 27 (object size 1048592 @ 0x0000000081b00000) remset 0 code roots 0 marked 0 reclaim candidate 1 type array 1
[367.176s][debug][gc,humongous      ] GC(32990) Humongous region 1609 (object size 1048592 @ 0x00000000e4900000) remset 0 code roots 0 marked 0 reclaim candidate 1 type array 1
[367.176s][debug][gc,humongous      ] GC(32990) Humongous region 29 (object size 1048592 @ 0x0000000081d00000) remset 0 code roots 0 marked 0 reclaim candidate 1 type array 1
[367.175s][debug][gc,humongous      ] GC(32990) Humongous region 203 (object size 1048592 @ 0x000000008cb00000) remset 0 code roots 0 marked 0 reclaim candidate 1 type array 1
[367.176s][debug][gc,humongous      ] GC(32990) Humongous region 31 (object size 1048592 @ 0x0000000081f00000) remset 0 code roots 0 marked 0 reclaim candidate 1 type array 1
[367.176s][debug][gc,humongous      ] GC(32990) Humongous region 1774 (object size 1048592 @ 0x00000000eee00000) remset 0 code roots 0 marked 0 reclaim candidate 1 type array 1
[367.176s][debug][gc,humongous      ] GC(32990) Humongous region 491 (object size 1048592 @ 0x000000009eb00000) remset 0 code roots 0 marked 0 reclaim candidate 1 type array 1
[367.176s][debug][gc,humongous      ] GC(32990) Humongous region 1145 (object size 1048592 @ 0x00000000c7900000) remset 0 code roots 0 marked 0 reclaim candidate 1 type array 1
[367.176s][debug][gc,humongous      ] GC(32990) Humongous region 1288 (object size 1048592 @ 0x00000000d0800000) remset 0 code roots 0 marked 0 reclaim candidate 1 type array 1
[367.176s][debug][gc,humongous      ] GC(32990) Humongous region 1147 (object size 1048592 @ 0x00000000c7b00000) remset 0 code roots 0 marked 0 reclaim candidate 1 type array 1
[367.176s][debug][gc,humongous      ] GC(32990) Humongous region 1290 (object size 1048592 @ 0x00000000d0a00000) remset 0 code roots 0 marked 0 reclaim candidate 1 type array 1
[367.176s][debug][gc,humongous      ] GC(32990) Humongous region 1149 (object size 1048592 @ 0x00000000c7d00000) remset 0 code roots 0 marked 0 reclaim candidate 1 type array 1
[367.175s][debug][gc,humongous      ] GC(32990) Humongous region 973 (object size 1048592 @ 0x00000000bcd00000) remset 0 code roots 0 marked 0 reclaim candidate 1 type array 1
[367.176s][debug][gc,humongous      ] GC(32990) Humongous region 1151 (object size 1048592 @ 0x00000000c7f00000) remset 0 code roots 0 marked 0 reclaim candidate 1 type array 1
[367.176s][debug][gc,humongous      ] GC(32990) Humongous region 975 (object size 1048592 @ 0x00000000bcf00000) remset 0 code roots 0 marked 0 reclaim candidate 1 type array 1
[367.176s][debug][gc,humongous      ] GC(32990) Humongous region 832 (object size 1048592 @ 0x00000000b4000000) remset 0 code roots 0 marked 0 reclaim candidate 1 type array 1
[367.176s][debug][gc,humongous      ] GC(32990) Humongous region 978 (object size 1048592 @ 0x00000000bd200000) remset 0 code roots 0 marked 0 reclaim candidate 1 type array 1
[367.176s][debug][gc,humongous      ] GC(32990) Humongous region 834 (object size 1048592 @ 0x00000000b4200000) remset 0 code roots 0 marked 0 reclaim candidate 1 type array 1
[367.176s][debug][gc,humongous      ] GC(32990) Humongous region 1776 (object size 1048592 @ 0x00000000ef000000) remset 0 code roots 0 marked 0 reclaim candidate 1 type array 1
[367.176s][debug][gc,humongous      ] GC(32990) Humongous region 493 (object size 1048592 @ 0x000000009ed00000) remset 0 code roots 0 marked 0 reclaim candidate 1 type array 1
[367.176s][debug][gc,humongous      ] GC(32990) Humongous region 1778 (object size 1048592 @ 0x00000000ef200000) remset 0 code roots 0 marked 0 reclaim candidate 1 type array 1
[367.175s][debug][gc,humongous      ] GC(32990) Humongous region 669 (object size 1048592 @ 0x00000000a9d00000) remset 0 code roots 0 marked 0 reclaim candidate 1 type array 1
[367.176s][debug][gc,humongous      ] GC(32990) Humongous region 1780 (object size 1048592 @ 0x00000000ef400000) remset 0 code roots 0 marked 0 reclaim candidate 1 type array 1
[367.176s][debug][gc,humongous      ] GC(32990) Humongous region 1292 (object size 1048592 @ 0x00000000d0c00000) remset 0 code roots 0 marked 0 reclaim candidate 1 type array 1
[367.176s][debug][gc,humongous      ] GC(32990) Humongous region 671 (object size 1048592 @ 0x00000000a9f00000) remset 0 code roots 0 marked 0 reclaim candidate 1 type array 1
[367.176s][debug][gc,humongous      ] GC(32990) Humongous region 1611 (object size 1048592 @ 0x00000000e4b00000) remset 0 code roots 0 marked 0 reclaim candidate 1 type array 1
[367.176s][debug][gc,humongous      ] GC(32990) Humongous region 1153 (object size 1048592 @ 0x00000000c8100000) remset 0 code roots 0 marked 0 reclaim candidate 1 type array 1
[367.176s][debug][gc,humongous      ] GC(32990) Humongous region 205 (object size 1048592 @ 0x000000008cd00000) remset 0 code roots 0 marked 0 reclaim candidate 1 type array 1
[367.176s][debug][gc,humongous      ] GC(32990) Humongous region 1155 (object size 1048592 @ 0x00000000c8300000) remset 0 code roots 0 marked 0 reclaim candidate 1 type array 1
[367.176s][debug][gc,humongous      ] GC(32990) Humongous region 207 (object size 1048592 @ 0x000000008cf00000) remset 0 code roots 0 marked 0 reclaim candidate 1 type array 1
[367.176s][debug][gc,humongous      ] GC(32990) Humongous region 209 (object size 1048592 @ 0x000000008d100000) remset 0 code roots 0 marked 0 reclaim candidate 1 type array 1
[367.176s][debug][gc,humongous      ] GC(32990) Humongous region 211 (object size 1048592 @ 0x000000008d300000) remset 0 code roots 0 marked 0 reclaim candidate 1 type array 1
[367.176s][debug][gc,humongous      ] GC(32990) Humongous region 337 (object size 1048592 @ 0x0000000095100000) remset 0 code roots 0 marked 0 reclaim candidate 1 type array 1
[367.176s][debug][gc,humongous      ] GC(32990) Humongous region 213 (object size 1048592 @ 0x000000008d500000) remset 0 code roots 0 marked 0 reclaim candidate 1 type array 1
[367.176s][debug][gc,humongous      ] GC(32990) Humongous region 339 (object size 1048592 @ 0x0000000095300000) remset 0 code roots 0 marked 0 reclaim candidate 1 type array 1
[367.176s][debug][gc,humongous      ] GC(32990) Humongous region 215 (object size 1048592 @ 0x000000008d700000) remset 0 code roots 0 marked 0 reclaim candidate 1 type array 1
[367.176s][debug][gc,humongous      ] GC(32990) Humongous region 1294 (object size 1048592 @ 0x00000000d0e00000) remset 0 code roots 0 marked 0 reclaim candidate 1 type array 1
[367.176s][debug][gc,humongous      ] GC(32990) Humongous region 341 (object size 1048592 @ 0x0000000095500000) remset 0 code roots 0 marked 0 reclaim candidate 1 type array 1
[367.176s][debug][gc,humongous      ] GC(32990) Humongous region 1782 (object size 1048592 @ 0x00000000ef600000) remset 0 code roots 0 marked 0 reclaim candidate 1 type array 1
[367.176s][debug][gc,humongous      ] GC(32990) Humongous region 980 (object size 1048592 @ 0x00000000bd400000) remset 0 code roots 0 marked 0 reclaim candidate 1 type array 1
[367.176s][debug][gc,humongous      ] GC(32990) Humongous region 1784 (object size 1048592 @ 0x00000000ef800000) remset 0 code roots 0 marked 0 reclaim candidate 1 type array 1
[367.176s][debug][gc,humongous      ] GC(32990) Humongous region 982 (object size 1048592 @ 0x00000000bd600000) remset 0 code roots 0 marked 0 reclaim candidate 1 type array 1
[367.176s][debug][gc,humongous      ] GC(32990) Humongous region 1786 (object size 1048592 @ 0x00000000efa00000) remset 0 code roots 0 marked 0 reclaim candidate 1 type array 1
[367.176s][debug][gc,humongous      ] GC(32990) Humongous region 984 (object size 1048592 @ 0x00000000bd800000) remset 0 code roots 0 marked 0 reclaim candidate 1 type array 1
[367.176s][debug][gc,humongous      ] GC(32990) Humongous region 495 (object size 1048592 @ 0x000000009ef00000) remset 0 code roots 0 marked 0 reclaim candidate 1 type array 1
[367.176s][debug][gc,humongous      ] GC(32990) Humongous region 986 (object size 1048592 @ 0x00000000bda00000) remset 0 code roots 0 marked 0 reclaim candidate 1 type array 1
[367.176s][debug][gc,humongous      ] GC(32990) Humongous region 988 (object size 1048592 @ 0x00000000bdc00000) remset 0 code roots 0 marked 0 reclaim candidate 1 type array 1
[367.176s][debug][gc,humongous      ] GC(32990) Humongous region 673 (object size 1048592 @ 0x00000000aa100000) remset 0 code roots 0 marked 0 reclaim candidate 1 type array 1
[367.176s][debug][gc,humongous      ] GC(32990) Humongous region 217 (object size 1048592 @ 0x000000008d900000) remset 0 code roots 0 marked 0 reclaim candidate 1 type array 1
[367.176s][debug][gc,humongous      ] GC(32990) Humongous region 219 (object size 1048592 @ 0x000000008db00000) remset 0 code roots 0 marked 0 reclaim candidate 1 type array 1
[367.176s][debug][gc,humongous      ] GC(32990) Humongous region 221 (object size 1048592 @ 0x000000008dd00000) remset 0 code roots 0 marked 0 reclaim candidate 1 type array 1
[367.176s][debug][gc,humongous      ] GC(32990) Humongous region 223 (object size 1048592 @ 0x000000008df00000) remset 0 code roots 0 marked 0 reclaim candidate 1 type array 1
[367.176s][debug][gc,humongous      ] GC(32990) Humongous region 1451 (object size 1048592 @ 0x00000000dab00000) remset 0 code roots 0 marked 0 reclaim candidate 1 type array 1
[367.177s][debug][gc,humongous      ] GC(32990) Humongous region 225 (object size 1048592 @ 0x000000008e100000) remset 0 code roots 0 marked 0 reclaim candidate 1 type array 1
[367.176s][debug][gc,humongous      ] GC(32990) Humongous region 1157 (object size 1048592 @ 0x00000000c8500000) remset 0 code roots 0 marked 0 reclaim candidate 1 type array 1
[367.177s][debug][gc,humongous      ] GC(32990) Humongous region 1159 (object size 1048592 @ 0x00000000c8700000) remset 0 code roots 0 marked 0 reclaim candidate 1 type array 1
[367.177s][debug][gc,humongous      ] GC(32990) Humongous region 1161 (object size 1048592 @ 0x00000000c8900000) remset 0 code roots 0 marked 0 reclaim candidate 1 type array 1
[367.176s][debug][gc,humongous      ] GC(32990) Humongous region 1296 (object size 1048592 @ 0x00000000d1000000) remset 0 code roots 0 marked 0 reclaim candidate 1 type array 1
[367.177s][debug][gc,humongous      ] GC(32990) Humongous region 1163 (object size 1048592 @ 0x00000000c8b00000) remset 0 code roots 0 marked 0 reclaim candidate 1 type array 1
[367.177s][debug][gc,humongous      ] GC(32990) Humongous region 1298 (object size 1048592 @ 0x00000000d1200000) remset 0 code roots 0 marked 0 reclaim candidate 1 type array 1
[367.177s][debug][gc,humongous      ] GC(32990) Humongous region 1165 (object size 1048592 @ 0x00000000c8d00000) remset 0 code roots 0 marked 0 reclaim candidate 1 type array 1
[367.177s][debug][gc,humongous      ] GC(32990) Humongous region 1300 (object size 1048592 @ 0x00000000d1400000) remset 0 code roots 0 marked 0 reclaim candidate 1 type array 1
[367.177s][debug][gc,humongous      ] GC(32990) Humongous region 1167 (object size 1048592 @ 0x00000000c8f00000) remset 0 code roots 0 marked 0 reclaim candidate 1 type array 1
[367.177s][debug][gc,humongous      ] GC(32990) Humongous region 1302 (object size 1048592 @ 0x00000000d1600000) remset 0 code roots 0 marked 0 reclaim candidate 1 type array 1
[367.176s][debug][gc,humongous      ] GC(32990) Humongous region 836 (object size 1048592 @ 0x00000000b4400000) remset 0 code roots 0 marked 0 reclaim candidate 1 type array 1
[367.177s][debug][gc,humongous      ] GC(32990) Humongous region 1453 (object size 1048592 @ 0x00000000dad00000) remset 0 code roots 0 marked 0 reclaim candidate 1 type array 1
[367.177s][debug][gc,humongous      ] GC(32990) Humongous region 838 (object size 1048592 @ 0x00000000b4600000) remset 0 code roots 0 marked 0 reclaim candidate 1 type array 1
[367.177s][debug][gc,humongous      ] GC(32990) Humongous region 1455 (object size 1048592 @ 0x00000000daf00000) remset 0 code roots 0 marked 0 reclaim candidate 1 type array 1
[367.177s][debug][gc,humongous      ] GC(32990) Humongous region 840 (object size 1048592 @ 0x00000000b4800000) remset 0 code roots 0 marked 0 reclaim candidate 1 type array 1
[367.176s][debug][gc,humongous      ] GC(32990) Humongous region 497 (object size 1048592 @ 0x000000009f100000) remset 0 code roots 0 marked 0 reclaim candidate 1 type array 1
[367.177s][debug][gc,humongous      ] GC(32990) Humongous region 1457 (object size 1048592 @ 0x00000000db100000) remset 0 code roots 0 marked 0 reclaim candidate 1 type array 1
[367.176s][debug][gc,humongous      ] GC(32990) Humongous region 990 (object size 1048592 @ 0x00000000bde00000) remset 0 code roots 0 marked 0 reclaim candidate 1 type array 1
[367.177s][debug][gc,humongous      ] GC(32990) Humongous region 499 (object size 1048592 @ 0x000000009f300000) remset 0 code roots 0 marked 0 reclaim candidate 1 type array 1
[367.176s][debug][gc,humongous      ] GC(32990) Humongous region 33 (object size 1048592 @ 0x0000000082100000) remset 0 code roots 0 marked 0 reclaim candidate 1 type array 1
[367.177s][debug][gc,humongous      ] GC(32990) Humongous region 992 (object size 1048592 @ 0x00000000be000000) remset 0 code roots 0 marked 0 reclaim candidate 1 type array 1
[367.176s][debug][gc,humongous      ] GC(32990) Humongous region 343 (object size 1048592 @ 0x0000000095700000) remset 0 code roots 0 marked 0 reclaim candidate 1 type array 1
[367.177s][debug][gc,humongous      ] GC(32990) Humongous region 35 (object size 1048592 @ 0x0000000082300000) remset 0 code roots 0 marked 0 reclaim candidate 1 type array 1
[367.176s][debug][gc,humongous      ] GC(32990) Humongous region 1788 (object size 1048592 @ 0x00000000efc00000) remset 0 code roots 0 marked 0 reclaim candidate 1 type array 1
[367.177s][debug][gc,humongous      ] GC(32990) Humongous region 227 (object size 1048592 @ 0x000000008e300000) remset 0 code roots 0 marked 0 reclaim candidate 1 type array 1
[367.176s][debug][gc,humongous      ] GC(32990) Humongous region 1946 (object size 1048592 @ 0x00000000f9a00000) remset 0 code roots 0 marked 0 reclaim candidate 1 type array 1
[367.177s][debug][gc,humongous      ] GC(32990) Humongous region 842 (object size 1048592 @ 0x00000000b4a00000) remset 0 code roots 0 marked 0 reclaim candidate 1 type array 1
[367.177s][debug][gc,humongous      ] GC(32990) Humongous region 1948 (object size 1048592 @ 0x00000000f9c00000) remset 0 code roots 0 marked 0 reclaim candidate 1 type array 1
[367.177s][debug][gc,humongous      ] GC(32990) Humongous region 1459 (object size 1048592 @ 0x00000000db300000) remset 0 code roots 0 marked 0 reclaim candidate 1 type array 1
[367.176s][debug][gc,humongous      ] GC(32990) Humongous region 1613 (object size 1048592 @ 0x00000000e4d00000) remset 0 code roots 0 marked 0 reclaim candidate 1 type array 1
[367.177s][debug][gc,humongous      ] GC(32990) Humongous region 501 (object size 1048592 @ 0x000000009f500000) remset 0 code roots 0 marked 0 reclaim candidate 1 type array 1
[367.177s][debug][gc,humongous      ] GC(32990) Humongous region 1615 (object size 1048592 @ 0x00000000e4f00000) remset 0 code roots 0 marked 0 reclaim candidate 1 type array 1
[367.177s][debug][gc,humongous      ] GC(32990) Humongous region 994 (object size 1048592 @ 0x00000000be200000) remset 0 code roots 0 marked 0 reclaim candidate 1 type array 1
[367.177s][debug][gc,humongous      ] GC(32990) Humongous region 1304 (object size 1048592 @ 0x00000000d1800000) remset 0 code roots 0 marked 0 reclaim candidate 1 type array 1
[367.177s][debug][gc,humongous      ] GC(32990) Humongous region 996 (object size 1048592 @ 0x00000000be400000) remset 0 code roots 0 marked 0 reclaim candidate 1 type array 1
[367.177s][debug][gc,humongous      ] GC(32990) Humongous region 1307 (object size 1048592 @ 0x00000000d1b00000) remset 0 code roots 0 marked 0 reclaim candidate 1 type array 1
[367.177s][debug][gc,humongous      ] GC(32990) Humongous region 998 (object size 1048592 @ 0x00000000be600000) remset 0 code roots 0 marked 0 reclaim candidate 1 type array 1
[367.176s][debug][gc,humongous      ] GC(32990) Humongous region 675 (object size 1048592 @ 0x00000000aa300000) remset 0 code roots 0 marked 0 reclaim candidate 1 type array 1
[367.177s][debug][gc,humongous      ] GC(32990) Humongous region 1000 (object size 1048592 @ 0x00000000be800000) remset 0 code roots 0 marked 0 reclaim candidate 1 type array 1
[367.177s][debug][gc,humongous      ] GC(32990) Humongous region 844 (object size 1048592 @ 0x00000000b4c00000) remset 0 code roots 0 marked 0 reclaim candidate 1 type array 1
[367.177s][debug][gc,humongous      ] GC(32990) Humongous region 1950 (object size 1048592 @ 0x00000000f9e00000) remset 0 code roots 0 marked 0 reclaim candidate 1 type array 1
[367.177s][debug][gc,humongous      ] GC(32990) Humongous region 1169 (object size 1048592 @ 0x00000000c9100000) remset 0 code roots 0 marked 0 reclaim candidate 1 type array 1
[367.177s][debug][gc,humongous      ] GC(32990) Humongous region 1171 (object size 1048592 @ 0x00000000c9300000) remset 0 code roots 0 marked 0 reclaim candidate 1 type array 1
[367.177s][debug][gc,humongous      ] GC(32990) Humongous region 1173 (object size 1048592 @ 0x00000000c9500000) remset 0 code roots 0 marked 0 reclaim candidate 1 type array 1
[367.177s][debug][gc,humongous      ] GC(32990) Humongous region 345 (object size 1048592 @ 0x0000000095900000) remset 0 code roots 0 marked 0 reclaim candidate 1 type array 1
[367.177s][debug][gc,humongous      ] GC(32990) Humongous region 1175 (object size 1048592 @ 0x00000000c9700000) remset 0 code roots 0 marked 0 reclaim candidate 1 type array 1
[367.177s][debug][gc,humongous      ] GC(32990) Humongous region 37 (object size 1048592 @ 0x0000000082500000) remset 0 code roots 0 marked 0 reclaim candidate 1 type array 1
[367.177s][debug][gc,humongous      ] GC(32990) Humongous region 1177 (object size 1048592 @ 0x00000000c9900000) remset 0 code roots 0 marked 0 reclaim candidate 1 type array 1
[367.177s][debug][gc,humongous      ] GC(32990) Humongous region 39 (object size 1048592 @ 0x0000000082700000) remset 0 code roots 0 marked 0 reclaim candidate 1 type array 1
[367.177s][debug][gc,humongous      ] GC(32990) Humongous region 503 (object size 1048592 @ 0x000000009f700000) remset 0 code roots 0 marked 0 reclaim candidate 1 type array 1
[367.177s][debug][gc,humongous      ] GC(32990) Humongous region 677 (object size 1048592 @ 0x00000000aa500000) remset 0 code roots 0 marked 0 reclaim candidate 1 type array 1
[367.177s][debug][gc,humongous      ] GC(32990) Humongous region 1002 (object size 1048592 @ 0x00000000bea00000) remset 0 code roots 0 marked 0 reclaim candidate 1 type array 1
[367.177s][debug][gc,humongous      ] GC(32990) Humongous region 679 (object size 1048592 @ 0x00000000aa700000) remset 0 code roots 0 marked 0 reclaim candidate 1 type array 1
[367.177s][debug][gc,humongous      ] GC(32990) Humongous region 1004 (object size 1048592 @ 0x00000000bec00000) remset 0 code roots 0 marked 0 reclaim candidate 1 type array 1
[367.177s][debug][gc,humongous      ] GC(32990) Humongous region 681 (object size 1048592 @ 0x00000000aa900000) remset 0 code roots 0 marked 0 reclaim candidate 1 type array 1
[367.177s][debug][gc,humongous      ] GC(32990) Humongous region 1617 (object size 1048592 @ 0x00000000e5100000) remset 0 code roots 0 marked 0 reclaim candidate 1 type array 1
[367.177s][debug][gc,humongous      ] GC(32990) Humongous region 347 (object size 1048592 @ 0x0000000095b00000) remset 0 code roots 0 marked 0 reclaim candidate 1 type array 1
[367.177s][debug][gc,humongous      ] GC(32990) Humongous region 1790 (object size 1048592 @ 0x00000000efe00000) remset 0 code roots 0 marked 0 reclaim candidate 1 type array 1
[367.177s][debug][gc,humongous      ] GC(32990) Humongous region 1179 (object size 1048592 @ 0x00000000c9b00000) remset 0 code roots 0 marked 0 reclaim candidate 1 type array 1
[367.177s][debug][gc,humongous      ] GC(32990) Humongous region 229 (object size 1048592 @ 0x000000008e500000) remset 0 code roots 0 marked 0 reclaim candidate 1 type array 1
[367.177s][debug][gc,humongous      ] GC(32990) Humongous region 1181 (object size 1048592 @ 0x00000000c9d00000) remset 0 code roots 0 marked 0 reclaim candidate 1 type array 1
[367.177s][debug][gc,humongous      ] GC(32990) Humongous region 231 (object size 1048592 @ 0x000000008e700000) remset 0 code roots 0 marked 0 reclaim candidate 1 type array 1
[367.177s][debug][gc,humongous      ] GC(32990) Humongous region 1183 (object size 1048592 @ 0x00000000c9f00000) remset 0 code roots 0 marked 0 reclaim candidate 1 type array 1
[367.177s][debug][gc,humongous      ] GC(32990) Humongous region 1952 (object size 1048592 @ 0x00000000fa000000) remset 0 code roots 0 marked 0 reclaim candidate 1 type array 1
[367.177s][debug][gc,humongous      ] GC(32990) Humongous region 1185 (object size 1048592 @ 0x00000000ca100000) remset 0 code roots 0 marked 0 reclaim candidate 1 type array 1
[367.177s][debug][gc,humongous      ] GC(32990) Humongous region 1954 (object size 1048592 @ 0x00000000fa200000) remset 0 code roots 0 marked 0 reclaim candidate 1 type array 1
[367.177s][debug][gc,humongous      ] GC(32990) Humongous region 1187 (object size 1048592 @ 0x00000000ca300000) remset 0 code roots 0 marked 0 reclaim candidate 1 type array 1
[367.177s][debug][gc,humongous      ] GC(32990) Humongous region 683 (object size 1048592 @ 0x00000000aab00000) remset 0 code roots 0 marked 0 reclaim candidate 1 type array 1
[367.177s][debug][gc,humongous      ] GC(32990) Humongous region 1189 (object size 1048592 @ 0x00000000ca500000) remset 0 code roots 0 marked 0 reclaim candidate 1 type array 1
[367.177s][debug][gc,humongous      ] GC(32990) Humongous region 349 (object size 1048592 @ 0x0000000095d00000) remset 0 code roots 0 marked 0 reclaim candidate 1 type array 1
[367.177s][debug][gc,humongous      ] GC(32990) Humongous region 1792 (object size 1048592 @ 0x00000000f0000000) remset 0 code roots 0 marked 0 reclaim candidate 1 type array 1
[367.177s][debug][gc,humongous      ] GC(32990) Humongous region 351 (object size 1048592 @ 0x0000000095f00000) remset 0 code roots 0 marked 0 reclaim candidate 1 type array 1
[367.177s][debug][gc,humongous      ] GC(32990) Humongous region 41 (object size 1048592 @ 0x0000000082900000) remset 0 code roots 0 marked 0 reclaim candidate 1 type array 1
[367.177s][debug][gc,humongous      ] GC(32990) Humongous region 505 (object size 1048592 @ 0x000000009f900000) remset 0 code roots 0 marked 0 reclaim candidate 1 type array 1
[367.177s][debug][gc,humongous      ] GC(32990) Humongous region 233 (object size 1048592 @ 0x000000008e900000) remset 0 code roots 0 marked 0 reclaim candidate 1 type array 1
[367.177s][debug][gc,humongous      ] GC(32990) Humongous region 846 (object size 1048592 @ 0x00000000b4e00000) remset 0 code roots 0 marked 0 reclaim candidate 1 type array 1
[367.177s][debug][gc,humongous      ] GC(32990) Humongous region 235 (object size 1048592 @ 0x000000008eb00000) remset 0 code roots 0 marked 0 reclaim candidate 1 type array 1
[367.177s][debug][gc,humongous      ] GC(32990) Humongous region 1006 (object size 1048592 @ 0x00000000bee00000) remset 0 code roots 0 marked 0 reclaim candidate 1 type array 1
[367.177s][debug][gc,humongous      ] GC(32990) Humongous region 848 (object size 1048592 @ 0x00000000b5000000) remset 0 code roots 0 marked 0 reclaim candidate 1 type array 1
[367.177s][debug][gc,humongous      ] GC(32990) Humongous region 1619 (object size 1048592 @ 0x00000000e5300000) remset 0 code roots 0 marked 0 reclaim candidate 1 type array 1
[367.177s][debug][gc,humongous      ] GC(32990) Humongous region 685 (object size 1048592 @ 0x00000000aad00000) remset 0 code roots 0 marked 0 reclaim candidate 1 type array 1
[367.177s][debug][gc,humongous      ] GC(32990) Humongous region 1621 (object size 1048592 @ 0x00000000e5500000) remset 0 code roots 0 marked 0 reclaim candidate 1 type array 1
[367.177s][debug][gc,humongous      ] GC(32990) Humongous region 1309 (object size 1048592 @ 0x00000000d1d00000) remset 0 code roots 0 marked 0 reclaim candidate 1 type array 1
[367.177s][debug][gc,humongous      ] GC(32990) Humongous region 1794 (object size 1048592 @ 0x00000000f0200000) remset 0 code roots 0 marked 0 reclaim candidate 1 type array 1
[367.177s][debug][gc,humongous      ] GC(32990) Humongous region 353 (object size 1048592 @ 0x0000000096100000) remset 0 code roots 0 marked 0 reclaim candidate 1 type array 1
[367.177s][debug][gc,humongous      ] GC(32990) Humongous region 43 (object size 1048592 @ 0x0000000082b00000) remset 0 code roots 0 marked 0 reclaim candidate 1 type array 1
[367.177s][debug][gc,humongous      ] GC(32990) Humongous region 355 (object size 1048592 @ 0x0000000096300000) remset 0 code roots 0 marked 0 reclaim candidate 1 type array 1
[367.177s][debug][gc,humongous      ] GC(32990) Humongous region 1461 (object size 1048592 @ 0x00000000db500000) remset 0 code roots 0 marked 0 reclaim candidate 1 type array 1
[367.177s][debug][gc,humongous      ] GC(32990) Humongous region 237 (object size 1048592 @ 0x000000008ed00000) remset 0 code roots 0 marked 0 reclaim candidate 1 type array 1
[367.177s][debug][gc,humongous      ] GC(32990) Humongous region 1956 (object size 1048592 @ 0x00000000fa400000) remset 0 code roots 0 marked 0 reclaim candidate 1 type array 1
[367.177s][debug][gc,humongous      ] GC(32990) Humongous region 1008 (object size 1048592 @ 0x00000000bf000000) remset 0 code roots 0 marked 0 reclaim candidate 1 type array 1
[367.178s][debug][gc,humongous      ] GC(32990) Humongous region 1958 (object size 1048592 @ 0x00000000fa600000) remset 0 code roots 0 marked 0 reclaim candidate 1 type array 1
[367.178s][debug][gc,humongous      ] GC(32990) Humongous region 1010 (object size 1048592 @ 0x00000000bf200000) remset 0 code roots 0 marked 0 reclaim candidate 1 type array 1
[367.178s][debug][gc,humongous      ] GC(32990) Humongous region 1960 (object size 1048592 @ 0x00000000fa800000) remset 0 code roots 0 marked 0 reclaim candidate 1 type array 1
[367.177s][debug][gc,humongous      ] GC(32990) Humongous region 1623 (object size 1048592 @ 0x00000000e5700000) remset 0 code roots 0 marked 0 reclaim candidate 1 type array 1
[367.178s][debug][gc,humongous      ] GC(32990) Humongous region 1962 (object size 1048592 @ 0x00000000faa00000) remset 0 code roots 0 marked 0 reclaim candidate 1 type array 1
[367.177s][debug][gc,humongous      ] GC(32990) Humongous region 1796 (object size 1048592 @ 0x00000000f0400000) remset 0 code roots 0 marked 0 reclaim candidate 1 type array 1
[367.177s][debug][gc,humongous      ] GC(32990) Humongous region 507 (object size 1048592 @ 0x000000009fb00000) remset 0 code roots 0 marked 0 reclaim candidate 1 type array 1
[367.177s][debug][gc,humongous      ] GC(32990) Humongous region 45 (object size 1048592 @ 0x0000000082d00000) remset 0 code roots 0 marked 0 reclaim candidate 1 type array 1
[367.178s][debug][gc,humongous      ] GC(32990) Humongous region 357 (object size 1048592 @ 0x0000000096500000) remset 0 code roots 0 marked 0 reclaim candidate 1 type array 1
[367.178s][debug][gc,humongous      ] GC(32990) Humongous region 1463 (object size 1048592 @ 0x00000000db700000) remset 0 code roots 0 marked 0 reclaim candidate 1 type array 1
[367.178s][debug][gc,humongous      ] GC(32990) Humongous region 240 (object size 1048592 @ 0x000000008f000000) remset 0 code roots 0 marked 0 reclaim candidate 1 type array 1
[367.177s][debug][gc,humongous      ] GC(32990) Humongous region 850 (object size 1048592 @ 0x00000000b5200000) remset 0 code roots 0 marked 0 reclaim candidate 1 type array 1
[367.177s][debug][gc,humongous      ] GC(32990) Humongous region 1191 (object size 1048592 @ 0x00000000ca700000) remset 0 code roots 0 marked 0 reclaim candidate 1 type array 1
[367.177s][debug][gc,humongous      ] GC(32990) Humongous region 687 (object size 1048592 @ 0x00000000aaf00000) remset 0 code roots 0 marked 0 reclaim candidate 1 type array 1
[367.178s][debug][gc,humongous      ] GC(32990) Humongous region 1193 (object size 1048592 @ 0x00000000ca900000) remset 0 code roots 0 marked 0 reclaim candidate 1 type array 1
[367.178s][debug][gc,humongous      ] GC(32990) Humongous region 689 (object size 1048592 @ 0x00000000ab100000) remset 0 code roots 0 marked 0 reclaim candidate 1 type array 1
[367.178s][debug][gc,humongous      ] GC(32990) Humongous region 1195 (object size 1048592 @ 0x00000000cab00000) remset 0 code roots 0 marked 0 reclaim candidate 1 type array 1
[367.178s][debug][gc,humongous      ] GC(32990) Humongous region 691 (object size 1048592 @ 0x00000000ab300000) remset 0 code roots 0 marked 0 reclaim candidate 1 type array 1
[367.178s][debug][gc,humongous      ] GC(32990) Humongous region 1197 (object size 1048592 @ 0x00000000cad00000) remset 0 code roots 0 marked 0 reclaim candidate 1 type array 1
[367.178s][debug][gc,humongous      ] GC(32990) Humongous region 509 (object size 1048592 @ 0x000000009fd00000) remset 0 code roots 0 marked 0 reclaim candidate 1 type array 1
[367.178s][debug][gc,humongous      ] GC(32990) Humongous region 47 (object size 1048592 @ 0x0000000082f00000) remset 0 code roots 0 marked 0 reclaim candidate 1 type array 1
[367.178s][debug][gc,humongous      ] GC(32990) Humongous region 359 (object size 1048592 @ 0x0000000096700000) remset 0 code roots 0 marked 0 reclaim candidate 1 type array 1
[367.178s][debug][gc,humongous      ] GC(32990) Humongous region 49 (object size 1048592 @ 0x0000000083100000) remset 0 code roots 0 marked 0 reclaim candidate 1 type array 1
[367.178s][debug][gc,humongous      ] GC(32990) Humongous region 242 (object size 1048592 @ 0x000000008f200000) remset 0 code roots 0 marked 0 reclaim candidate 1 type array 1
[367.178s][debug][gc,humongous      ] GC(32990) Humongous region 51 (object size 1048592 @ 0x0000000083300000) remset 0 code roots 0 marked 0 reclaim candidate 1 type array 1
[367.178s][debug][gc,humongous      ] GC(32990) Humongous region 53 (object size 1048592 @ 0x0000000083500000) remset 0 code roots 0 marked 0 reclaim candidate 1 type array 1
[367.178s][debug][gc,humongous      ] GC(32990) Humongous region 1625 (object size 1048592 @ 0x00000000e5900000) remset 0 code roots 0 marked 0 reclaim candidate 1 type array 1
[367.178s][debug][gc,humongous      ] GC(32990) Humongous region 56 (object size 1048592 @ 0x0000000083800000) remset 0 code roots 0 marked 0 reclaim candidate 1 type array 1
[367.178s][debug][gc,humongous      ] GC(32990) Humongous region 1627 (object size 1048592 @ 0x00000000e5b00000) remset 0 code roots 0 marked 0 reclaim candidate 1 type array 1
[367.178s][debug][gc,humongous      ] GC(32990) Humongous region 1798 (object size 1048592 @ 0x00000000f0600000) remset 0 code roots 0 marked 0 reclaim candidate 1 type array 1
[367.178s][debug][gc,humongous      ] GC(32990) Humongous region 693 (object size 1048592 @ 0x00000000ab500000) remset 0 code roots 0 marked 0 reclaim candidate 1 type array 1
[367.178s][debug][gc,humongous      ] GC(32990) Humongous region 1199 (object size 1048592 @ 0x00000000caf00000) remset 0 code roots 0 marked 0 reclaim candidate 1 type array 1
[367.178s][debug][gc,humongous      ] GC(32990) Humongous region 511 (object size 1048592 @ 0x000000009ff00000) remset 0 code roots 0 marked 0 reclaim candidate 1 type array 1
[367.178s][debug][gc,humongous      ] GC(32990) Humongous region 1465 (object size 1048592 @ 0x00000000db900000) remset 0 code roots 0 marked 0 reclaim candidate 1 type array 1
[367.178s][debug][gc,humongous      ] GC(32990) Humongous region 852 (object size 1048592 @ 0x00000000b5400000) remset 0 code roots 0 marked 0 reclaim candidate 1 type array 1
[367.178s][debug][gc,humongous      ] GC(32990) Humongous region 1467 (object size 1048592 @ 0x00000000dbb00000) remset 0 code roots 0 marked 0 reclaim candidate 1 type array 1
[367.178s][debug][gc,humongous      ] GC(32990) Humongous region 1469 (object size 1048592 @ 0x00000000dbd00000) remset 0 code roots 0 marked 0 reclaim candidate 1 type array 1
[367.178s][debug][gc,humongous      ] GC(32990) Humongous region 244 (object size 1048592 @ 0x000000008f400000) remset 0 code roots 0 marked 0 reclaim candidate 1 type array 1
[367.178s][debug][gc,humongous      ] GC(32990) Humongous region 1471 (object size 1048592 @ 0x00000000dbf00000) remset 0 code roots 0 marked 0 reclaim candidate 1 type array 1
[367.178s][debug][gc,humongous      ] GC(32990) Humongous region 246 (object size 1048592 @ 0x000000008f600000) remset 0 code roots 0 marked 0 reclaim candidate 1 type array 1
[367.178s][debug][gc,humongous      ] GC(32990) Humongous region 58 (object size 1048592 @ 0x0000000083a00000) remset 0 code roots 0 marked 0 reclaim candidate 1 type array 1
[367.178s][debug][gc,humongous      ] GC(32990) Humongous region 248 (object size 1048592 @ 0x000000008f800000) remset 0 code roots 0 marked 0 reclaim candidate 1 type array 1
[367.178s][debug][gc,humongous      ] GC(32990) Humongous region 1800 (object size 1048592 @ 0x00000000f0800000) remset 0 code roots 0 marked 0 reclaim candidate 1 type array 1
[367.178s][debug][gc,humongous      ] GC(32990) Humongous region 250 (object size 1048592 @ 0x000000008fa00000) remset 0 code roots 0 marked 0 reclaim candidate 1 type array 1
[367.178s][debug][gc,humongous      ] GC(32990) Humongous region 1201 (object size 1048592 @ 0x00000000cb100000) remset 0 code roots 0 marked 0 reclaim candidate 1 type array 1
[367.178s][debug][gc,humongous      ] GC(32990) Humongous region 513 (object size 1048592 @ 0x00000000a0100000) remset 0 code roots 0 marked 0 reclaim candidate 1 type array 1
[367.178s][debug][gc,humongous      ] GC(32990) Humongous region 361 (object size 1048592 @ 0x0000000096900000) remset 0 code roots 0 marked 0 reclaim candidate 1 type array 1
[367.178s][debug][gc,humongous      ] GC(32990) Humongous region 515 (object size 1048592 @ 0x00000000a0300000) remset 0 code roots 0 marked 0 reclaim candidate 1 type array 1
[367.178s][debug][gc,humongous      ] GC(32990) Humongous region 1012 (object size 1048592 @ 0x00000000bf400000) remset 0 code roots 0 marked 0 reclaim candidate 1 type array 1
[367.178s][debug][gc,humongous      ] GC(32990) Humongous region 517 (object size 1048592 @ 0x00000000a0500000) remset 0 code roots 0 marked 0 reclaim candidate 1 type array 1
[367.178s][debug][gc,humongous      ] GC(32990) Humongous region 1014 (object size 1048592 @ 0x00000000bf600000) remset 0 code roots 0 marked 0 reclaim candidate 1 type array 1
[367.178s][debug][gc,humongous      ] GC(32990) Humongous region 520 (object size 1048592 @ 0x00000000a0800000) remset 0 code roots 0 marked 0 reclaim candidate 1 type array 1
[367.178s][debug][gc,humongous      ] GC(32990) Humongous region 60 (object size 1048592 @ 0x0000000083c00000) remset 0 code roots 0 marked 0 reclaim candidate 1 type array 1
[367.178s][debug][gc,humongous      ] GC(32990) Humongous region 1016 (object size 1048592 @ 0x00000000bf800000) remset 0 code roots 0 marked 0 reclaim candidate 1 type array 1
[367.178s][debug][gc,humongous      ] GC(32990) Humongous region 854 (object size 1048592 @ 0x00000000b5600000) remset 0 code roots 0 marked 0 reclaim candidate 1 type array 1
[367.178s][debug][gc,humongous      ] GC(32990) Humongous region 62 (object size 1048592 @ 0x0000000083e00000) remset 0 code roots 0 marked 0 reclaim candidate 1 type array 1
[367.178s][debug][gc,humongous      ] GC(32990) Humongous region 856 (object size 1048592 @ 0x00000000b5800000) remset 0 code roots 0 marked 0 reclaim candidate 1 type array 1
[367.178s][debug][gc,humongous      ] GC(32990) Humongous region 1203 (object size 1048592 @ 0x00000000cb300000) remset 0 code roots 0 marked 0 reclaim candidate 1 type array 1
[367.178s][debug][gc,humongous      ] GC(32990) Humongous region 858 (object size 1048592 @ 0x00000000b5a00000) remset 0 code roots 0 marked 0 reclaim candidate 1 type array 1
[367.177s][debug][gc,humongous      ] GC(32990) Humongous region 1311 (object size 1048592 @ 0x00000000d1f00000) remset 0 code roots 0 marked 0 reclaim candidate 1 type array 1
[367.178s][debug][gc,humongous      ] GC(32990) Humongous region 1964 (object size 1048592 @ 0x00000000fac00000) remset 0 code roots 0 marked 0 reclaim candidate 1 type array 1
[367.178s][debug][gc,humongous      ] GC(32990) Humongous region 1473 (object size 1048592 @ 0x00000000dc100000) remset 0 code roots 0 marked 0 reclaim candidate 1 type array 1
[367.178s][debug][gc,humongous      ] GC(32990) Humongous region 695 (object size 1048592 @ 0x00000000ab700000) remset 0 code roots 0 marked 0 reclaim candidate 1 type array 1
[367.178s][debug][gc,humongous      ] GC(32990) Humongous region 1475 (object size 1048592 @ 0x00000000dc300000) remset 0 code roots 0 marked 0 reclaim candidate 1 type array 1
[367.178s][debug][gc,humongous      ] GC(32990) Humongous region 697 (object size 1048592 @ 0x00000000ab900000) remset 0 code roots 0 marked 0 reclaim candidate 1 type array 1
[367.178s][debug][gc,humongous      ] GC(32990) Humongous region 1477 (object size 1048592 @ 0x00000000dc500000) remset 0 code roots 0 marked 0 reclaim candidate 1 type array 1
[367.178s][debug][gc,humongous      ] GC(32990) Humongous region 252 (object size 1048592 @ 0x000000008fc00000) remset 0 code roots 0 marked 0 reclaim candidate 1 type array 1
[367.178s][debug][gc,humongous      ] GC(32990) Humongous region 1802 (object size 1048592 @ 0x00000000f0a00000) remset 0 code roots 0 marked 0 reclaim candidate 1 type array 1
[367.178s][debug][gc,humongous      ] GC(32990) Humongous region 64 (object size 1048592 @ 0x0000000084000000) remset 0 code roots 0 marked 0 reclaim candidate 1 type array 1
[367.178s][debug][gc,humongous      ] GC(32990) Humongous region 1804 (object size 1048592 @ 0x00000000f0c00000) remset 0 code roots 0 marked 0 reclaim candidate 1 type array 1
[367.178s][debug][gc,humongous      ] GC(32990) Humongous region 66 (object size 1048592 @ 0x0000000084200000) remset 0 code roots 0 marked 0 reclaim candidate 1 type array 1
[367.178s][debug][gc,humongous      ] GC(32990) Humongous region 860 (object size 1048592 @ 0x00000000b5c00000) remset 0 code roots 0 marked 0 reclaim candidate 1 type array 1
[367.178s][debug][gc,humongous      ] GC(32990) Humongous region 1806 (object size 1048592 @ 0x00000000f0e00000) remset 0 code roots 0 marked 0 reclaim candidate 1 type array 1
[367.178s][debug][gc,humongous      ] GC(32990) Humongous region 1966 (object size 1048592 @ 0x00000000fae00000) remset 0 code roots 0 marked 0 reclaim candidate 1 type array 1
[367.178s][debug][gc,humongous      ] GC(32990) Humongous region 522 (object size 1048592 @ 0x00000000a0a00000) remset 0 code roots 0 marked 0 reclaim candidate 1 type array 1
[367.178s][debug][gc,humongous      ] GC(32990) Humongous region 1968 (object size 1048592 @ 0x00000000fb000000) remset 0 code roots 0 marked 0 reclaim candidate 1 type array 1
[367.178s][debug][gc,humongous      ] GC(32990) Humongous region 524 (object size 1048592 @ 0x00000000a0c00000) remset 0 code roots 0 marked 0 reclaim candidate 1 type array 1
[367.178s][debug][gc,humongous      ] GC(32990) Humongous region 1970 (object size 1048592 @ 0x00000000fb200000) remset 0 code roots 0 marked 0 reclaim candidate 1 type array 1
[367.178s][debug][gc,humongous      ] GC(32990) Humongous region 1479 (object size 1048592 @ 0x00000000dc700000) remset 0 code roots 0 marked 0 reclaim candidate 1 type array 1
[367.178s][debug][gc,humongous      ] GC(32990) Humongous region 254 (object size 1048592 @ 0x000000008fe00000) remset 0 code roots 0 marked 0 reclaim candidate 1 type array 1
[367.178s][debug][gc,humongous      ] GC(32990) Humongous region 363 (object size 1048592 @ 0x0000000096b00000) remset 0 code roots 0 marked 0 reclaim candidate 1 type array 1
[367.178s][debug][gc,humongous      ] GC(32990) Humongous region 256 (object size 1048592 @ 0x0000000090000000) remset 0 code roots 0 marked 0 reclaim candidate 1 type array 1
[367.178s][debug][gc,humongous      ] GC(32990) Humongous region 68 (object size 1048592 @ 0x0000000084400000) remset 0 code roots 0 marked 0 reclaim candidate 1 type array 1
[367.178s][debug][gc,humongous      ] GC(32990) Humongous region 1313 (object size 1048592 @ 0x00000000d2100000) remset 0 code roots 0 marked 0 reclaim candidate 1 type array 1
[367.178s][debug][gc,humongous      ] GC(32990) Humongous region 862 (object size 1048592 @ 0x00000000b5e00000) remset 0 code roots 0 marked 0 reclaim candidate 1 type array 1
[367.178s][debug][gc,humongous      ] GC(32990) Humongous region 1315 (object size 1048592 @ 0x00000000d2300000) remset 0 code roots 0 marked 0 reclaim candidate 1 type array 1
[367.178s][debug][gc,humongous      ] GC(32990) Humongous region 1629 (object size 1048592 @ 0x00000000e5d00000) remset 0 code roots 0 marked 0 reclaim candidate 1 type array 1
[367.178s][debug][gc,humongous      ] GC(32990) Humongous region 1317 (object size 1048592 @ 0x00000000d2500000) remset 0 code roots 0 marked 0 reclaim candidate 1 type array 1
[367.178s][debug][gc,humongous      ] GC(32990) Humongous region 699 (object size 1048592 @ 0x00000000abb00000) remset 0 code roots 0 marked 0 reclaim candidate 1 type array 1
[367.178s][debug][gc,humongous      ] GC(32990) Humongous region 526 (object size 1048592 @ 0x00000000a0e00000) remset 0 code roots 0 marked 0 reclaim candidate 1 type array 1
[367.178s][debug][gc,humongous      ] GC(32990) Humongous region 1972 (object size 1048592 @ 0x00000000fb400000) remset 0 code roots 0 marked 0 reclaim candidate 1 type array 1
[367.179s][debug][gc,humongous      ] GC(32990) Humongous region 528 (object size 1048592 @ 0x00000000a1000000) remset 0 code roots 0 marked 0 reclaim candidate 1 type array 1
[367.179s][debug][gc,humongous      ] GC(32990) Humongous region 1974 (object size 1048592 @ 0x00000000fb600000) remset 0 code roots 0 marked 0 reclaim candidate 1 type array 1
[367.178s][debug][gc,humongous      ] GC(32990) Humongous region 365 (object size 1048592 @ 0x0000000096d00000) remset 0 code roots 0 marked 0 reclaim candidate 1 type array 1
[367.179s][debug][gc,humongous      ] GC(32990) Humongous region 1976 (object size 1048592 @ 0x00000000fb800000) remset 0 code roots 0 marked 0 reclaim candidate 1 type array 1
[367.178s][debug][gc,humongous      ] GC(32990) Humongous region 70 (object size 1048592 @ 0x0000000084600000) remset 0 code roots 0 marked 0 reclaim candidate 1 type array 1
[367.178s][debug][gc,humongous      ] GC(32990) Humongous region 1808 (object size 1048592 @ 0x00000000f1000000) remset 0 code roots 0 marked 0 reclaim candidate 1 type array 1
[367.178s][debug][gc,humongous      ] GC(32990) Humongous region 1018 (object size 1048592 @ 0x00000000bfa00000) remset 0 code roots 0 marked 0 reclaim candidate 1 type array 1
[367.178s][debug][gc,humongous      ] GC(32990) Humongous region 865 (object size 1048592 @ 0x00000000b6100000) remset 0 code roots 0 marked 0 reclaim candidate 1 type array 1
[367.179s][debug][gc,humongous      ] GC(32990) Humongous region 1020 (object size 1048592 @ 0x00000000bfc00000) remset 0 code roots 0 marked 0 reclaim candidate 1 type array 1
[367.179s][debug][gc,humongous      ] GC(32990) Humongous region 867 (object size 1048592 @ 0x00000000b6300000) remset 0 code roots 0 marked 0 reclaim candidate 1 type array 1
[367.179s][debug][gc,humongous      ] GC(32990) Humongous region 1022 (object size 1048592 @ 0x00000000bfe00000) remset 0 code roots 0 marked 0 reclaim candidate 1 type array 1
[367.179s][debug][gc,humongous      ] GC(32990) Humongous region 1024 (object size 1048592 @ 0x00000000c0000000) remset 0 code roots 0 marked 0 reclaim candidate 1 type array 1
[367.178s][debug][gc,humongous      ] GC(32990) Humongous region 1481 (object size 1048592 @ 0x00000000dc900000) remset 0 code roots 0 marked 0 reclaim candidate 1 type array 1
[367.179s][debug][gc,humongous      ] GC(32990) Humongous region 1026 (object size 1048592 @ 0x00000000c0200000) remset 0 code roots 0 marked 0 reclaim candidate 1 type array 1
[367.179s][debug][gc,humongous      ] GC(32990) Humongous region 1483 (object size 1048592 @ 0x00000000dcb00000) remset 0 code roots 0 marked 0 reclaim candidate 1 type array 1
[367.179s][debug][gc,humongous      ] GC(32990) Humongous region 1028 (object size 1048592 @ 0x00000000c0400000) remset 0 code roots 0 marked 0 reclaim candidate 1 type array 1
[367.178s][debug][gc,humongous      ] GC(32990) Humongous region 258 (object size 1048592 @ 0x0000000090200000) remset 0 code roots 0 marked 0 reclaim candidate 1 type array 1
[367.179s][debug][gc,humongous      ] GC(32990) Humongous region 1810 (object size 1048592 @ 0x00000000f1200000) remset 0 code roots 0 marked 0 reclaim candidate 1 type array 1
[367.179s][debug][gc,humongous      ] GC(32990) Humongous region 1812 (object size 1048592 @ 0x00000000f1400000) remset 0 code roots 0 marked 0 reclaim candidate 1 type array 1
[367.179s][debug][gc,humongous      ] GC(32990) Humongous region 1814 (object size 1048592 @ 0x00000000f1600000) remset 0 code roots 0 marked 0 reclaim candidate 1 type array 1
[367.179s][debug][gc,humongous      ] GC(32990) Humongous region 701 (object size 1048592 @ 0x00000000abd00000) remset 0 code roots 0 marked 0 reclaim candidate 1 type array 1
[367.179s][debug][gc,humongous      ] GC(32990) Humongous region 1816 (object size 1048592 @ 0x00000000f1800000) remset 0 code roots 0 marked 0 reclaim candidate 1 type array 1
[367.179s][debug][gc,humongous      ] GC(32990) Humongous region 869 (object size 1048592 @ 0x00000000b6500000) remset 0 code roots 0 marked 0 reclaim candidate 1 type array 1
[367.179s][debug][gc,humongous      ] GC(32990) Humongous region 871 (object size 1048592 @ 0x00000000b6700000) remset 0 code roots 0 marked 0 reclaim candidate 1 type array 1
[367.179s][debug][gc,humongous      ] GC(32990) Humongous region 873 (object size 1048592 @ 0x00000000b6900000) remset 0 code roots 0 marked 0 reclaim candidate 1 type array 1
[367.179s][debug][gc,humongous      ] GC(32990) Humongous region 875 (object size 1048592 @ 0x00000000b6b00000) remset 0 code roots 0 marked 0 reclaim candidate 1 type array 1
[367.179s][debug][gc,humongous      ] GC(32990) Humongous region 877 (object size 1048592 @ 0x00000000b6d00000) remset 0 code roots 0 marked 0 reclaim candidate 1 type array 1
[367.179s][debug][gc,humongous      ] GC(32990) Humongous region 1978 (object size 1048592 @ 0x00000000fba00000) remset 0 code roots 0 marked 0 reclaim candidate 1 type array 1
[367.179s][debug][gc,humongous      ] GC(32990) Humongous region 1485 (object size 1048592 @ 0x00000000dcd00000) remset 0 code roots 0 marked 0 reclaim candidate 1 type array 1
[367.179s][debug][gc,humongous      ] GC(32990) Humongous region 260 (object size 1048592 @ 0x0000000090400000) remset 0 code roots 0 marked 0 reclaim candidate 1 type array 1
[367.179s][debug][gc,humongous      ] GC(32990) Humongous region 1980 (object size 1048592 @ 0x00000000fbc00000) remset 0 code roots 0 marked 0 reclaim candidate 1 type array 1
[367.179s][debug][gc,humongous      ] GC(32990) Humongous region 262 (object size 1048592 @ 0x0000000090600000) remset 0 code roots 0 marked 0 reclaim candidate 1 type array 1
[367.179s][debug][gc,humongous      ] GC(32990) Humongous region 264 (object size 1048592 @ 0x0000000090800000) remset 0 code roots 0 marked 0 reclaim candidate 1 type array 1
[367.179s][debug][gc,humongous      ] GC(32990) Humongous region 266 (object size 1048592 @ 0x0000000090a00000) remset 0 code roots 0 marked 0 reclaim candidate 1 type array 1
[367.179s][debug][gc,humongous      ] GC(32990) Humongous region 703 (object size 1048592 @ 0x00000000abf00000) remset 0 code roots 0 marked 0 reclaim candidate 1 type array 1
[367.178s][debug][gc,humongous      ] GC(32990) Humongous region 1631 (object size 1048592 @ 0x00000000e5f00000) remset 0 code roots 0 marked 0 reclaim candidate 1 type array 1
[367.179s][debug][gc,humongous      ] GC(32990) Humongous region 705 (object size 1048592 @ 0x00000000ac100000) remset 0 code roots 0 marked 0 reclaim candidate 1 type array 1
[367.179s][debug][gc,humongous      ] GC(32990) Humongous region 72 (object size 1048592 @ 0x0000000084800000) remset 0 code roots 0 marked 0 reclaim candidate 1 type array 1
[367.179s][debug][gc,humongous      ] GC(32990) Humongous region 707 (object size 1048592 @ 0x00000000ac300000) remset 0 code roots 0 marked 0 reclaim candidate 1 type array 1
[367.179s][debug][gc,humongous      ] GC(32990) Humongous region 1818 (object size 1048592 @ 0x00000000f1a00000) remset 0 code roots 0 marked 0 reclaim candidate 1 type array 1
[367.179s][debug][gc,humongous      ] GC(32990) Humongous region 74 (object size 1048592 @ 0x0000000084a00000) remset 0 code roots 0 marked 0 reclaim candidate 1 type array 1
[367.179s][debug][gc,humongous      ] GC(32990) Humongous region 1820 (object size 1048592 @ 0x00000000f1c00000) remset 0 code roots 0 marked 0 reclaim candidate 1 type array 1
[367.179s][debug][gc,humongous      ] GC(32990) Humongous region 1982 (object size 1048592 @ 0x00000000fbe00000) remset 0 code roots 0 marked 0 reclaim candidate 1 type array 1
[367.179s][debug][gc,humongous      ] GC(32990) Humongous region 367 (object size 1048592 @ 0x0000000096f00000) remset 0 code roots 0 marked 0 reclaim candidate 1 type array 1
[367.179s][debug][gc,humongous      ] GC(32990) Humongous region 369 (object size 1048592 @ 0x0000000097100000) remset 0 code roots 0 marked 0 reclaim candidate 1 type array 1
[367.179s][debug][gc,humongous      ] GC(32990) Humongous region 371 (object size 1048592 @ 0x0000000097300000) remset 0 code roots 0 marked 0 reclaim candidate 1 type array 1
[367.179s][debug][gc,humongous      ] GC(32990) Humongous region 373 (object size 1048592 @ 0x0000000097500000) remset 0 code roots 0 marked 0 reclaim candidate 1 type array 1
[367.179s][debug][gc,humongous      ] GC(32990) Humongous region 709 (object size 1048592 @ 0x00000000ac500000) remset 0 code roots 0 marked 0 reclaim candidate 1 type array 1
[367.179s][debug][gc,humongous      ] GC(32990) Humongous region 375 (object size 1048592 @ 0x0000000097700000) remset 0 code roots 0 marked 0 reclaim candidate 1 type array 1
[367.178s][debug][gc,humongous      ] GC(32990) Humongous region 1319 (object size 1048592 @ 0x00000000d2700000) remset 0 code roots 0 marked 0 reclaim candidate 1 type array 1
[367.179s][debug][gc,humongous      ] GC(32990) Humongous region 1321 (object size 1048592 @ 0x00000000d2900000) remset 0 code roots 0 marked 0 reclaim candidate 1 type array 1
[367.179s][debug][gc,humongous      ] GC(32990) Humongous region 1323 (object size 1048592 @ 0x00000000d2b00000) remset 0 code roots 0 marked 0 reclaim candidate 1 type array 1
[367.179s][debug][gc,humongous      ] GC(32990) Humongous region 1030 (object size 1048592 @ 0x00000000c0600000) remset 0 code roots 0 marked 0 reclaim candidate 1 type array 1
[367.179s][debug][gc,humongous      ] GC(32990) Humongous region 1325 (object size 1048592 @ 0x00000000d2d00000) remset 0 code roots 0 marked 0 reclaim candidate 1 type array 1
[367.179s][debug][gc,humongous      ] GC(32990) Humongous region 1822 (object size 1048592 @ 0x00000000f1e00000) remset 0 code roots 0 marked 0 reclaim candidate 1 type array 1
[367.178s][debug][gc,humongous      ] GC(32990) Humongous region 1205 (object size 1048592 @ 0x00000000cb500000) remset 0 code roots 0 marked 0 reclaim candidate 1 type array 1
[367.179s][debug][gc,humongous      ] GC(32990) Humongous region 1824 (object size 1048592 @ 0x00000000f2000000) remset 0 code roots 0 marked 0 reclaim candidate 1 type array 1
[367.179s][debug][gc,humongous      ] GC(32990) Humongous region 1207 (object size 1048592 @ 0x00000000cb700000) remset 0 code roots 0 marked 0 reclaim candidate 1 type array 1
[367.180s][debug][gc,humongous      ] GC(32990) Humongous region 1826 (object size 1048592 @ 0x00000000f2200000) remset 0 code roots 0 marked 0 reclaim candidate 1 type array 1
[367.180s][debug][gc,humongous      ] GC(32990) Humongous region 1210 (object size 1048592 @ 0x00000000cba00000) remset 0 code roots 0 marked 0 reclaim candidate 1 type array 1
[367.179s][debug][gc,humongous      ] GC(32990) Humongous region 711 (object size 1048592 @ 0x00000000ac700000) remset 0 code roots 0 marked 0 reclaim candidate 1 type array 1
[367.179s][debug][gc,humongous      ] GC(32990) Humongous region 377 (object size 1048592 @ 0x0000000097900000) remset 0 code roots 0 marked 0 reclaim candidate 1 type array 1
[367.179s][debug][gc,humongous      ] GC(32990) Humongous region 76 (object size 1048592 @ 0x0000000084c00000) remset 0 code roots 0 marked 0 reclaim candidate 1 type array 1
[367.179s][debug][gc,humongous      ] GC(32990) Humongous region 268 (object size 1048592 @ 0x0000000090c00000) remset 0 code roots 0 marked 0 reclaim candidate 1 type array 1
[367.180s][debug][gc,humongous      ] GC(32990) Humongous region 78 (object size 1048592 @ 0x0000000084e00000) remset 0 code roots 0 marked 0 reclaim candidate 1 type array 1
[367.180s][debug][gc,humongous      ] GC(32990) Humongous region 270 (object size 1048592 @ 0x0000000090e00000) remset 0 code roots 0 marked 0 reclaim candidate 1 type array 1
[367.179s][debug][gc,humongous      ] GC(32990) Humongous region 1984 (object size 1048592 @ 0x00000000fc000000) remset 0 code roots 0 marked 0 reclaim candidate 1 type array 1
[367.180s][debug][gc,humongous      ] GC(32990) Humongous region 272 (object size 1048592 @ 0x0000000091000000) remset 0 code roots 0 marked 0 reclaim candidate 1 type array 1
[367.180s][debug][gc,humongous      ] GC(32990) Humongous region 274 (object size 1048592 @ 0x0000000091200000) remset 0 code roots 0 marked 0 reclaim candidate 1 type array 1
[367.180s][debug][gc,humongous      ] GC(32990) Humongous region 1986 (object size 1048592 @ 0x00000000fc200000) remset 0 code roots 0 marked 0 reclaim candidate 1 type array 1
[367.180s][debug][gc,humongous      ] GC(32990) Humongous region 276 (object size 1048592 @ 0x0000000091400000) remset 0 code roots 0 marked 0 reclaim candidate 1 type array 1
[367.180s][debug][gc,humongous      ] GC(32990) Humongous region 1828 (object size 1048592 @ 0x00000000f2400000) remset 0 code roots 0 marked 0 reclaim candidate 1 type array 1
[367.180s][debug][gc,humongous      ] GC(32990) Humongous region 278 (object size 1048592 @ 0x0000000091600000) remset 0 code roots 0 marked 0 reclaim candidate 1 type array 1
[367.180s][debug][gc,humongous      ] GC(32990) Humongous region 1830 (object size 1048592 @ 0x00000000f2600000) remset 0 code roots 0 marked 0 reclaim candidate 1 type array 1
[367.180s][debug][gc,humongous      ] GC(32990) Humongous region 280 (object size 1048592 @ 0x0000000091800000) remset 0 code roots 0 marked 0 reclaim candidate 1 type array 1
[367.179s][debug][gc,humongous      ] GC(32990) Humongous region 1487 (object size 1048592 @ 0x00000000dcf00000) remset 0 code roots 0 marked 0 reclaim candidate 1 type array 1
[367.179s][debug][gc,humongous      ] GC(32990) Humongous region 1327 (object size 1048592 @ 0x00000000d2f00000) remset 0 code roots 0 marked 0 reclaim candidate 1 type array 1
[367.180s][debug][gc,humongous      ] GC(32990) Humongous region 1329 (object size 1048592 @ 0x00000000d3100000) remset 0 code roots 0 marked 0 reclaim candidate 1 type array 1
[367.180s][debug][gc,humongous      ] GC(32990) Humongous region 1331 (object size 1048592 @ 0x00000000d3300000) remset 0 code roots 0 marked 0 reclaim candidate 1 type array 1
[367.180s][debug][gc,humongous      ] GC(32990) Humongous region 1333 (object size 1048592 @ 0x00000000d3500000) remset 0 code roots 0 marked 0 reclaim candidate 1 type array 1
[367.180s][debug][gc,humongous      ] GC(32990) Humongous region 1335 (object size 1048592 @ 0x00000000d3700000) remset 0 code roots 0 marked 0 reclaim candidate 1 type array 1
[367.180s][debug][gc,humongous      ] GC(32990) Humongous region 1988 (object size 1048592 @ 0x00000000fc400000) remset 0 code roots 0 marked 0 reclaim candidate 1 type array 1
[367.180s][debug][gc,humongous      ] GC(32990) Humongous region 1337 (object size 1048592 @ 0x00000000d3900000) remset 0 code roots 0 marked 0 reclaim candidate 1 type array 1
[367.180s][debug][gc,humongous      ] GC(32990) Humongous region 1212 (object size 1048592 @ 0x00000000cbc00000) remset 0 code roots 0 marked 0 reclaim candidate 1 type array 1
[367.180s][debug][gc,humongous      ] GC(32990) Humongous region 1339 (object size 1048592 @ 0x00000000d3b00000) remset 0 code roots 0 marked 0 reclaim candidate 1 type array 1
[367.180s][debug][gc,humongous      ] GC(32990) Humongous region 713 (object size 1048592 @ 0x00000000ac900000) remset 0 code roots 0 marked 0 reclaim candidate 1 type array 1
[367.179s][debug][gc,humongous      ] GC(32990) Humongous region 1032 (object size 1048592 @ 0x00000000c0800000) remset 0 code roots 0 marked 0 reclaim candidate 1 type array 1
[367.180s][debug][gc,humongous      ] GC(32990) Humongous region 715 (object size 1048592 @ 0x00000000acb00000) remset 0 code roots 0 marked 0 reclaim candidate 1 type array 1
[367.180s][debug][gc,humongous      ] GC(32990) Humongous region 1034 (object size 1048592 @ 0x00000000c0a00000) remset 0 code roots 0 marked 0 reclaim candidate 1 type array 1
[367.180s][debug][gc,humongous      ] GC(32990) Humongous region 717 (object size 1048592 @ 0x00000000acd00000) remset 0 code roots 0 marked 0 reclaim candidate 1 type array 1
[367.180s][debug][gc,humongous      ] GC(32990) Humongous region 1036 (object size 1048592 @ 0x00000000c0c00000) remset 0 code roots 0 marked 0 reclaim candidate 1 type array 1
[367.179s][debug][gc,humongous      ] GC(32990) Humongous region 530 (object size 1048592 @ 0x00000000a1200000) remset 0 code roots 0 marked 0 reclaim candidate 1 type array 1
[367.180s][debug][gc,humongous      ] GC(32990) Humongous region 1038 (object size 1048592 @ 0x00000000c0e00000) remset 0 code roots 0 marked 0 reclaim candidate 1 type array 1
[367.179s][debug][gc,humongous      ] GC(32990) Humongous region 1633 (object size 1048592 @ 0x00000000e6100000) remset 0 code roots 0 marked 0 reclaim candidate 1 type array 1
[367.180s][debug][gc,humongous      ] GC(32990) Humongous region 1040 (object size 1048592 @ 0x00000000c1000000) remset 0 code roots 0 marked 0 reclaim candidate 1 type array 1
[367.180s][debug][gc,humongous      ] GC(32990) Humongous region 379 (object size 1048592 @ 0x0000000097b00000) remset 0 code roots 0 marked 0 reclaim candidate 1 type array 1
[367.180s][debug][gc,humongous      ] GC(32990) Humongous region 1635 (object size 1048592 @ 0x00000000e6300000) remset 0 code roots 0 marked 0 reclaim candidate 1 type array 1
[367.180s][debug][gc,humongous      ] GC(32990) Humongous region 1832 (object size 1048592 @ 0x00000000f2800000) remset 0 code roots 0 marked 0 reclaim candidate 1 type array 1
[367.180s][debug][gc,humongous      ] GC(32990) Humongous region 1341 (object size 1048592 @ 0x00000000d3d00000) remset 0 code roots 0 marked 0 reclaim candidate 1 type array 1
[367.180s][debug][gc,humongous      ] GC(32990) Humongous region 1834 (object size 1048592 @ 0x00000000f2a00000) remset 0 code roots 0 marked 0 reclaim candidate 1 type array 1
[367.180s][debug][gc,humongous      ] GC(32990) Humongous region 1489 (object size 1048592 @ 0x00000000dd100000) remset 0 code roots 0 marked 0 reclaim candidate 1 type array 1
[367.180s][debug][gc,humongous      ] GC(32990) Humongous region 80 (object size 1048592 @ 0x0000000085000000) remset 0 code roots 0 marked 0 reclaim candidate 1 type array 1
[367.180s][debug][gc,humongous      ] GC(32990) Humongous region 82 (object size 1048592 @ 0x0000000085200000) remset 0 code roots 0 marked 0 reclaim candidate 1 type array 1
[367.179s][debug][gc,humongous      ] GC(32990) Humongous region 879 (object size 1048592 @ 0x00000000b6f00000) remset 0 code roots 0 marked 0 reclaim candidate 1 type array 1
[367.180s][debug][gc,humongous      ] GC(32990) Humongous region 1990 (object size 1048592 @ 0x00000000fc600000) remset 0 code roots 0 marked 0 reclaim candidate 1 type array 1
[367.180s][debug][gc,humongous      ] GC(32990) Humongous region 1042 (object size 1048592 @ 0x00000000c1200000) remset 0 code roots 0 marked 0 reclaim candidate 1 type array 1
[367.180s][debug][gc,humongous      ] GC(32990) Humongous region 1992 (object size 1048592 @ 0x00000000fc800000) remset 0 code roots 0 marked 0 reclaim candidate 1 type array 1
[367.180s][debug][gc,humongous      ] GC(32990) Humongous region 1044 (object size 1048592 @ 0x00000000c1400000) remset 0 code roots 0 marked 0 reclaim candidate 1 type array 1
[367.180s][debug][gc,humongous      ] GC(32990) Humongous region 1995 (object size 1048592 @ 0x00000000fcb00000) remset 0 code roots 0 marked 0 reclaim candidate 1 type array 1
[367.180s][debug][gc,humongous      ] GC(32990) Humongous region 1046 (object size 1048592 @ 0x00000000c1600000) remset 0 code roots 0 marked 0 reclaim candidate 1 type array 1
[367.180s][debug][gc,humongous      ] GC(32990) Humongous region 282 (object size 1048592 @ 0x0000000091a00000) remset 0 code roots 0 marked 0 reclaim candidate 1 type array 1
[367.180s][debug][gc,humongous      ] GC(32990) Humongous region 1836 (object size 1048592 @ 0x00000000f2c00000) remset 0 code roots 0 marked 0 reclaim candidate 1 type array 1
[367.180s][debug][gc,humongous      ] GC(32990) Humongous region 284 (object size 1048592 @ 0x0000000091c00000) remset 0 code roots 0 marked 0 reclaim candidate 1 type array 1
[367.180s][debug][gc,humongous      ] GC(32990) Humongous region 719 (object size 1048592 @ 0x00000000acf00000) remset 0 code roots 0 marked 0 reclaim candidate 1 type array 1
[367.180s][debug][gc,humongous      ] GC(32990) Humongous region 286 (object size 1048592 @ 0x0000000091e00000) remset 0 code roots 0 marked 0 reclaim candidate 1 type array 1
[367.180s][debug][gc,humongous      ] GC(32990) Humongous region 1491 (object size 1048592 @ 0x00000000dd300000) remset 0 code roots 0 marked 0 reclaim candidate 1 type array 1
[367.180s][debug][gc,humongous      ] GC(32990) Humongous region 288 (object size 1048592 @ 0x0000000092000000) remset 0 code roots 0 marked 0 reclaim candidate 1 type array 1
[367.180s][debug][gc,humongous      ] GC(32990) Humongous region 1493 (object size 1048592 @ 0x00000000dd500000) remset 0 code roots 0 marked 0 reclaim candidate 1 type array 1
[367.180s][debug][gc,humongous      ] GC(32990) Humongous region 290 (object size 1048592 @ 0x0000000092200000) remset 0 code roots 0 marked 0 reclaim candidate 1 type array 1
[367.180s][debug][gc,humongous      ] GC(32990) Humongous region 1495 (object size 1048592 @ 0x00000000dd700000) remset 0 code roots 0 marked 0 reclaim candidate 1 type array 1
[367.180s][debug][gc,humongous      ] GC(32990) Humongous region 292 (object size 1048592 @ 0x0000000092400000) remset 0 code roots 0 marked 0 reclaim candidate 1 type array 1
[367.180s][debug][gc,humongous      ] GC(32990) Humongous region 1497 (object size 1048592 @ 0x00000000dd900000) remset 0 code roots 0 marked 0 reclaim candidate 1 type array 1
[367.180s][debug][gc,humongous      ] GC(32990) Humongous region 294 (object size 1048592 @ 0x0000000092600000) remset 0 code roots 0 marked 0 reclaim candidate 1 type array 1
[367.180s][debug][gc,humongous      ] GC(32990) Humongous region 1048 (object size 1048592 @ 0x00000000c1800000) remset 0 code roots 0 marked 0 reclaim candidate 1 type array 1
[367.180s][debug][gc,humongous      ] GC(32990) Humongous region 297 (object size 1048592 @ 0x0000000092900000) remset 0 code roots 0 marked 0 reclaim candidate 1 type array 1
[367.180s][debug][gc,humongous      ] GC(32990) Humongous region 532 (object size 1048592 @ 0x00000000a1400000) remset 0 code roots 0 marked 0 reclaim candidate 1 type array 1
[367.180s][debug][gc,humongous      ] GC(32990) Humongous region 299 (object size 1048592 @ 0x0000000092b00000) remset 0 code roots 0 marked 0 reclaim candidate 1 type array 1
[367.180s][debug][gc,humongous      ] GC(32990) Humongous region 301 (object size 1048592 @ 0x0000000092d00000) remset 0 code roots 0 marked 0 reclaim candidate 1 type array 1
[367.180s][debug][gc,humongous      ] GC(32990) Humongous region 534 (object size 1048592 @ 0x00000000a1600000) remset 0 code roots 0 marked 0 reclaim candidate 1 type array 1
[367.181s][debug][gc,humongous      ] GC(32990) Humongous region 303 (object size 1048592 @ 0x0000000092f00000) remset 0 code roots 0 marked 0 reclaim candidate 1 type array 1
[367.180s][debug][gc,humongous      ] GC(32990) Humongous region 881 (object size 1048592 @ 0x00000000b7100000) remset 0 code roots 0 marked 0 reclaim candidate 1 type array 1
[367.180s][debug][gc,humongous      ] GC(32990) Humongous region 1997 (object size 1048592 @ 0x00000000fcd00000) remset 0 code roots 0 marked 0 reclaim candidate 1 type array 1
[367.181s][debug][gc,humongous      ] GC(32990) Humongous region 883 (object size 1048592 @ 0x00000000b7300000) remset 0 code roots 0 marked 0 reclaim candidate 1 type array 1
[367.181s][debug][gc,humongous      ] GC(32990) Humongous region 1999 (object size 1048592 @ 0x00000000fcf00000) remset 0 code roots 0 marked 0 reclaim candidate 1 type array 1
[367.181s][debug][gc,humongous      ] GC(32990) Humongous region 885 (object size 1048592 @ 0x00000000b7500000) remset 0 code roots 0 marked 0 reclaim candidate 1 type array 1
[367.180s][debug][gc,humongous      ] GC(32990) Humongous region 1050 (object size 1048592 @ 0x00000000c1a00000) remset 0 code roots 0 marked 0 reclaim candidate 1 type array 1
[367.180s][debug][gc,humongous      ] GC(32990) Humongous region 85 (object size 1048592 @ 0x0000000085500000) remset 0 code roots 0 marked 0 reclaim candidate 1 type array 1
[367.181s][debug][gc,humongous      ] GC(32990) Humongous region 1052 (object size 1048592 @ 0x00000000c1c00000) remset 0 code roots 0 marked 0 reclaim candidate 1 type array 1
[367.180s][debug][gc,humongous      ] GC(32990) Humongous region 1214 (object size 1048592 @ 0x00000000cbe00000) remset 0 code roots 0 marked 0 reclaim candidate 1 type array 1
[367.181s][debug][gc,humongous      ] GC(32990) Humongous region 1054 (object size 1048592 @ 0x00000000c1e00000) remset 0 code roots 0 marked 0 reclaim candidate 1 type array 1
[367.181s][debug][gc,humongous      ] GC(32990) Humongous region 536 (object size 1048592 @ 0x00000000a1800000) remset 0 code roots 0 marked 0 reclaim candidate 1 type array 1
[367.181s][debug][gc,humongous      ] GC(32990) Humongous region 1056 (object size 1048592 @ 0x00000000c2000000) remset 0 code roots 0 marked 0 reclaim candidate 1 type array 1
[367.180s][debug][gc,humongous      ] GC(32990) Humongous region 1637 (object size 1048592 @ 0x00000000e6500000) remset 0 code roots 0 marked 0 reclaim candidate 1 type array 1
[367.181s][debug][gc,humongous      ] GC(32990) Humongous region 305 (object size 1048592 @ 0x0000000093100000) remset 0 code roots 0 marked 0 reclaim candidate 1 type array 1
[367.181s][debug][gc,humongous      ] GC(32990) Humongous region 1639 (object size 1048592 @ 0x00000000e6700000) remset 0 code roots 0 marked 0 reclaim candidate 1 type array 1
[367.180s][debug][gc,humongous      ] GC(32990) Humongous region 1838 (object size 1048592 @ 0x00000000f2e00000) remset 0 code roots 0 marked 0 reclaim candidate 1 type array 1
[367.181s][debug][gc,humongous      ] GC(32990) Humongous region 2001 (object size 1048592 @ 0x00000000fd100000) remset 0 code roots 0 marked 0 reclaim candidate 1 type array 1
[367.181s][debug][gc,humongous      ] GC(32990) Humongous region 1840 (object size 1048592 @ 0x00000000f3000000) remset 0 code roots 0 marked 0 reclaim candidate 1 type array 1
[367.181s][debug][gc,humongous      ] GC(32990) Humongous region 2003 (object size 1048592 @ 0x00000000fd300000) remset 0 code roots 0 marked 0 reclaim candidate 1 type array 1
[367.181s][debug][gc,humongous      ] GC(32990) Humongous region 87 (object size 1048592 @ 0x0000000085700000) remset 0 code roots 0 marked 0 reclaim candidate 1 type array 1
[367.180s][debug][gc,humongous      ] GC(32990) Humongous region 1343 (object size 1048592 @ 0x00000000d3f00000) remset 0 code roots 0 marked 0 reclaim candidate 1 type array 1
[367.181s][debug][gc,humongous      ] GC(32990) Humongous region 1216 (object size 1048592 @ 0x00000000cc000000) remset 0 code roots 0 marked 0 reclaim candidate 1 type array 1
[367.181s][debug][gc,humongous      ] GC(32990) Humongous region 1345 (object size 1048592 @ 0x00000000d4100000) remset 0 code roots 0 marked 0 reclaim candidate 1 type array 1
[367.181s][debug][gc,humongous      ] GC(32990) Humongous region 538 (object size 1048592 @ 0x00000000a1a00000) remset 0 code roots 0 marked 0 reclaim candidate 1 type array 1
[367.181s][debug][gc,humongous      ] GC(32990) Humongous region 1218 (object size 1048592 @ 0x00000000cc200000) remset 0 code roots 0 marked 0 reclaim candidate 1 type array 1
[367.180s][debug][gc,humongous      ] GC(32990) Humongous region 1499 (object size 1048592 @ 0x00000000ddb00000) remset 0 code roots 0 marked 0 reclaim candidate 1 type array 1
[367.181s][debug][gc,humongous      ] GC(32990) Humongous region 1220 (object size 1048592 @ 0x00000000cc400000) remset 0 code roots 0 marked 0 reclaim candidate 1 type array 1
[367.181s][debug][gc,humongous      ] GC(32990) Humongous region 1501 (object size 1048592 @ 0x00000000ddd00000) remset 0 code roots 0 marked 0 reclaim candidate 1 type array 1
[367.181s][debug][gc,humongous      ] GC(32990) Humongous region 887 (object size 1048592 @ 0x00000000b7700000) remset 0 code roots 0 marked 0 reclaim candidate 1 type array 1
[367.181s][debug][gc,humongous      ] GC(32990) Humongous region 1503 (object size 1048592 @ 0x00000000ddf00000) remset 0 code roots 0 marked 0 reclaim candidate 1 type array 1
[367.181s][debug][gc,humongous      ] GC(32990) Humongous region 1842 (object size 1048592 @ 0x00000000f3200000) remset 0 code roots 0 marked 0 reclaim candidate 1 type array 1
[367.181s][debug][gc,humongous      ] GC(32990) Humongous region 2005 (object size 1048592 @ 0x00000000fd500000) remset 0 code roots 0 marked 0 reclaim candidate 1 type array 1
[367.181s][debug][gc,humongous      ] GC(32990) Humongous region 1844 (object size 1048592 @ 0x00000000f3400000) remset 0 code roots 0 marked 0 reclaim candidate 1 type array 1
[367.180s][debug][gc,humongous      ] GC(32990) Humongous region 381 (object size 1048592 @ 0x0000000097d00000) remset 0 code roots 0 marked 0 reclaim candidate 1 type array 1
[367.181s][debug][gc,humongous      ] GC(32990) Humongous region 1846 (object size 1048592 @ 0x00000000f3600000) remset 0 code roots 0 marked 0 reclaim candidate 1 type array 1
[367.181s][debug][gc,humongous      ] GC(32990) Humongous region 1347 (object size 1048592 @ 0x00000000d4300000) remset 0 code roots 0 marked 0 reclaim candidate 1 type array 1
[367.181s][debug][gc,humongous      ] GC(32990) Humongous region 1848 (object size 1048592 @ 0x00000000f3800000) remset 0 code roots 0 marked 0 reclaim candidate 1 type array 1
[367.181s][debug][gc,humongous      ] GC(32990) Humongous region 1641 (object size 1048592 @ 0x00000000e6900000) remset 0 code roots 0 marked 0 reclaim candidate 1 type array 1
[367.181s][debug][gc,humongous      ] GC(32990) Humongous region 1850 (object size 1048592 @ 0x00000000f3a00000) remset 0 code roots 0 marked 0 reclaim candidate 1 type array 1
[367.181s][debug][gc,humongous      ] GC(32990) Humongous region 1222 (object size 1048592 @ 0x00000000cc600000) remset 0 code roots 0 marked 0 reclaim candidate 1 type array 1
[367.180s][debug][gc,humongous      ] GC(32990) Humongous region 721 (object size 1048592 @ 0x00000000ad100000) remset 0 code roots 0 marked 0 reclaim candidate 1 type array 1
[367.181s][debug][gc,humongous      ] GC(32990) Humongous region 1505 (object size 1048592 @ 0x00000000de100000) remset 0 code roots 0 marked 0 reclaim candidate 1 type array 1
[367.181s][debug][gc,humongous      ] GC(32990) Humongous region 889 (object size 1048592 @ 0x00000000b7900000) remset 0 code roots 0 marked 0 reclaim candidate 1 type array 1
[367.181s][debug][gc,humongous      ] GC(32990) Humongous region 2007 (object size 1048592 @ 0x00000000fd700000) remset 0 code roots 0 marked 0 reclaim candidate 1 type array 1
[367.181s][debug][gc,humongous      ] GC(32990) Humongous region 891 (object size 1048592 @ 0x00000000b7b00000) remset 0 code roots 0 marked 0 reclaim candidate 1 type array 1
[367.181s][debug][gc,humongous      ] GC(32990) Humongous region 2009 (object size 1048592 @ 0x00000000fd900000) remset 0 code roots 0 marked 0 reclaim candidate 1 type array 1
[367.181s][debug][gc,humongous      ] GC(32990) Humongous region 893 (object size 1048592 @ 0x00000000b7d00000) remset 0 code roots 0 marked 0 reclaim candidate 1 type array 1
[367.181s][debug][gc,humongous      ] GC(32990) Humongous region 540 (object size 1048592 @ 0x00000000a1c00000) remset 0 code roots 0 marked 0 reclaim candidate 1 type array 1
[367.181s][debug][gc,humongous      ] GC(32990) Humongous region 895 (object size 1048592 @ 0x00000000b7f00000) remset 0 code roots 0 marked 0 reclaim candidate 1 type array 1
[367.181s][debug][gc,humongous      ] GC(32990) Humongous region 307 (object size 1048592 @ 0x0000000093300000) remset 0 code roots 0 marked 0 reclaim candidate 1 type array 1
[367.181s][debug][gc,humongous      ] GC(32990) Humongous region 309 (object size 1048592 @ 0x0000000093500000) remset 0 code roots 0 marked 0 reclaim candidate 1 type array 1
[367.181s][debug][gc,humongous      ] GC(32990) Humongous region 1224 (object size 1048592 @ 0x00000000cc800000) remset 0 code roots 0 marked 0 reclaim candidate 1 type array 1
[367.181s][debug][gc,humongous      ] GC(32990) Humongous region 311 (object size 1048592 @ 0x0000000093700000) remset 0 code roots 0 marked 0 reclaim candidate 1 type array 1
[367.181s][debug][gc,humongous      ] GC(32990) Humongous region 723 (object size 1048592 @ 0x00000000ad300000) remset 0 code roots 0 marked 0 reclaim candidate 1 type array 1
[367.181s][debug][gc,humongous      ] GC(32990) Humongous region 313 (object size 1048592 @ 0x0000000093900000) remset 0 code roots 0 marked 0 reclaim candidate 1 type array 1
[367.181s][debug][gc,humongous      ] GC(32990) Humongous region 385 (object size 1048592 @ 0x0000000098100000) remset 0 code roots 0 marked 0 reclaim candidate 1 type array 1
[367.181s][debug][gc,humongous      ] GC(32990) Humongous region 725 (object size 1048592 @ 0x00000000ad500000) remset 0 code roots 0 marked 0 reclaim candidate 1 type array 1
[367.181s][debug][gc,humongous      ] GC(32990) Humongous region 387 (object size 1048592 @ 0x0000000098300000) remset 0 code roots 0 marked 0 reclaim candidate 1 type array 1
[367.181s][debug][gc,humongous      ] GC(32990) Humongous region 727 (object size 1048592 @ 0x00000000ad700000) remset 0 code roots 0 marked 0 reclaim candidate 1 type array 1
[367.181s][debug][gc,humongous      ] GC(32990) Humongous region 542 (object size 1048592 @ 0x00000000a1e00000) remset 0 code roots 0 marked 0 reclaim candidate 1 type array 1
[367.181s][debug][gc,humongous      ] GC(32990) Humongous region 544 (object size 1048592 @ 0x00000000a2000000) remset 0 code roots 0 marked 0 reclaim candidate 1 type array 1
[367.181s][debug][gc,humongous      ] GC(32990) Humongous region 546 (object size 1048592 @ 0x00000000a2200000) remset 0 code roots 0 marked 0 reclaim candidate 1 type array 1
[367.181s][debug][gc,humongous      ] GC(32990) Humongous region 1507 (object size 1048592 @ 0x00000000de300000) remset 0 code roots 0 marked 0 reclaim candidate 1 type array 1
[367.181s][debug][gc,humongous      ] GC(32990) Humongous region 548 (object size 1048592 @ 0x00000000a2400000) remset 0 code roots 0 marked 0 reclaim candidate 1 type array 1
[367.181s][debug][gc,humongous      ] GC(32990) Humongous region 1509 (object size 1048592 @ 0x00000000de500000) remset 0 code roots 0 marked 0 reclaim candidate 1 type array 1
[367.181s][debug][gc,humongous      ] GC(32990) Humongous region 550 (object size 1048592 @ 0x00000000a2600000) remset 0 code roots 0 marked 0 reclaim candidate 1 type array 1
[367.181s][debug][gc,humongous      ] GC(32990) Humongous region 89 (object size 1048592 @ 0x0000000085900000) remset 0 code roots 0 marked 0 reclaim candidate 1 type array 1
[367.181s][debug][gc,humongous      ] GC(32990) Humongous region 1059 (object size 1048592 @ 0x00000000c2300000) remset 0 code roots 0 marked 0 reclaim candidate 1 type array 1
[367.181s][debug][gc,humongous      ] GC(32990) Humongous region 91 (object size 1048592 @ 0x0000000085b00000) remset 0 code roots 0 marked 0 reclaim candidate 1 type array 1
[367.181s][debug][gc,humongous      ] GC(32990) Humongous region 1061 (object size 1048592 @ 0x00000000c2500000) remset 0 code roots 0 marked 0 reclaim candidate 1 type array 1
[367.181s][debug][gc,humongous      ] GC(32990) Humongous region 93 (object size 1048592 @ 0x0000000085d00000) remset 0 code roots 0 marked 0 reclaim candidate 1 type array 1
[367.181s][debug][gc,humongous      ] GC(32990) Humongous region 897 (object size 1048592 @ 0x00000000b8100000) remset 0 code roots 0 marked 0 reclaim candidate 1 type array 1
[367.182s][debug][gc,humongous      ] GC(32990) Humongous region 95 (object size 1048592 @ 0x0000000085f00000) remset 0 code roots 0 marked 0 reclaim candidate 1 type array 1
[367.181s][debug][gc,humongous      ] GC(32990) Humongous region 383 (object size 1048592 @ 0x0000000097f00000) remset 0 code roots 0 marked 0 reclaim candidate 1 type array 1
[367.181s][debug][gc,humongous      ] GC(32990) Humongous region 1852 (object size 1048592 @ 0x00000000f3c00000) remset 0 code roots 0 marked 0 reclaim candidate 1 type array 1
[367.182s][debug][gc,humongous      ] GC(32990) Humongous region 391 (object size 1048592 @ 0x0000000098700000) remset 0 code roots 0 marked 0 reclaim candidate 1 type array 1
[367.182s][debug][gc,humongous      ] GC(32990) Humongous region 1854 (object size 1048592 @ 0x00000000f3e00000) remset 0 code roots 0 marked 0 reclaim candidate 1 type array 1
[367.181s][debug][gc,humongous      ] GC(32990) Humongous region 1511 (object size 1048592 @ 0x00000000de700000) remset 0 code roots 0 marked 0 reclaim candidate 1 type array 1
[367.182s][debug][gc,humongous      ] GC(32990) Humongous region 1856 (object size 1048592 @ 0x00000000f4000000) remset 0 code roots 0 marked 0 reclaim candidate 1 type array 1
[367.181s][debug][gc,humongous      ] GC(32990) Humongous region 1349 (object size 1048592 @ 0x00000000d4500000) remset 0 code roots 0 marked 0 reclaim candidate 1 type array 1
[367.182s][debug][gc,humongous      ] GC(32990) Humongous region 1858 (object size 1048592 @ 0x00000000f4200000) remset 0 code roots 0 marked 0 reclaim candidate 1 type array 1
[367.182s][debug][gc,humongous      ] GC(32990) Humongous region 1063 (object size 1048592 @ 0x00000000c2700000) remset 0 code roots 0 marked 0 reclaim candidate 1 type array 1
[367.182s][debug][gc,humongous      ] GC(32990) Humongous region 899 (object size 1048592 @ 0x00000000b8300000) remset 0 code roots 0 marked 0 reclaim candidate 1 type array 1
[367.181s][debug][gc,humongous      ] GC(32990) Humongous region 1226 (object size 1048592 @ 0x00000000cca00000) remset 0 code roots 0 marked 0 reclaim candidate 1 type array 1
[367.181s][debug][gc,humongous      ] GC(32990) Humongous region 2011 (object size 1048592 @ 0x00000000fdb00000) remset 0 code roots 0 marked 0 reclaim candidate 1 type array 1
[367.182s][debug][gc,humongous      ] GC(32990) Humongous region 2013 (object size 1048592 @ 0x00000000fdd00000) remset 0 code roots 0 marked 0 reclaim candidate 1 type array 1
[367.182s][debug][gc,humongous      ] GC(32990) Humongous region 2015 (object size 1048592 @ 0x00000000fdf00000) remset 0 code roots 0 marked 0 reclaim candidate 1 type array 1
[367.182s][debug][gc,humongous      ] GC(32990) Humongous region 2017 (object size 1048592 @ 0x00000000fe100000) remset 0 code roots 0 marked 0 reclaim candidate 1 type array 1
[367.182s][debug][gc,humongous      ] GC(32990) Humongous region 1513 (object size 1048592 @ 0x00000000de900000) remset 0 code roots 0 marked 0 reclaim candidate 1 type array 1
[367.182s][debug][gc,humongous      ] GC(32990) Humongous region 2019 (object size 1048592 @ 0x00000000fe300000) remset 0 code roots 0 marked 0 reclaim candidate 1 type array 1
[367.182s][debug][gc,humongous      ] GC(32990) Humongous region 1351 (object size 1048592 @ 0x00000000d4700000) remset 0 code roots 0 marked 0 reclaim candidate 1 type array 1
[367.182s][debug][gc,humongous      ] GC(32990) Humongous region 393 (object size 1048592 @ 0x0000000098900000) remset 0 code roots 0 marked 0 reclaim candidate 1 type array 1
[367.182s][debug][gc,humongous      ] GC(32990) Humongous region 1353 (object size 1048592 @ 0x00000000d4900000) remset 0 code roots 0 marked 0 reclaim candidate 1 type array 1
[367.182s][debug][gc,humongous      ] GC(32990) Humongous region 395 (object size 1048592 @ 0x0000000098b00000) remset 0 code roots 0 marked 0 reclaim candidate 1 type array 1
[367.181s][debug][gc,humongous      ] GC(32990) Humongous region 552 (object size 1048592 @ 0x00000000a2800000) remset 0 code roots 0 marked 0 reclaim candidate 1 type array 1
[367.182s][debug][gc,humongous      ] GC(32990) Humongous region 397 (object size 1048592 @ 0x0000000098d00000) remset 0 code roots 0 marked 0 reclaim candidate 1 type array 1
[367.182s][debug][gc,humongous      ] GC(32990) Humongous region 399 (object size 1048592 @ 0x0000000098f00000) remset 0 code roots 0 marked 0 reclaim candidate 1 type array 1
[367.182s][debug][gc,humongous      ] GC(32990) Humongous region 401 (object size 1048592 @ 0x0000000099100000) remset 0 code roots 0 marked 0 reclaim candidate 1 type array 1
[367.182s][debug][gc,humongous      ] GC(32990) Humongous region 403 (object size 1048592 @ 0x0000000099300000) remset 0 code roots 0 marked 0 reclaim candidate 1 type array 1
[367.181s][debug][gc,humongous      ] GC(32990) Humongous region 729 (object size 1048592 @ 0x00000000ad900000) remset 0 code roots 0 marked 0 reclaim candidate 1 type array 1
[367.182s][debug][gc,humongous      ] GC(32990) Humongous region 97 (object size 1048592 @ 0x0000000086100000) remset 0 code roots 0 marked 0 reclaim candidate 1 type array 1
[367.182s][debug][gc,humongous      ] GC(32990) Humongous region 99 (object size 1048592 @ 0x0000000086300000) remset 0 code roots 0 marked 0 reclaim candidate 1 type array 1
[367.182s][debug][gc,humongous      ] GC(32990) Humongous region 1065 (object size 1048592 @ 0x00000000c2900000) remset 0 code roots 0 marked 0 reclaim candidate 1 type array 1
[367.182s][debug][gc,humongous      ] GC(32990) Humongous region 101 (object size 1048592 @ 0x0000000086500000) remset 0 code roots 0 marked 0 reclaim candidate 1 type array 1
[367.181s][debug][gc,humongous      ] GC(32990) Humongous region 389 (object size 1048592 @ 0x0000000098500000) remset 0 code roots 0 marked 0 reclaim candidate 1 type array 1
[367.182s][debug][gc,humongous      ] GC(32990) Humongous region 103 (object size 1048592 @ 0x0000000086700000) remset 0 code roots 0 marked 0 reclaim candidate 1 type array 1
[367.182s][debug][gc,humongous      ] GC(32990) Humongous region 407 (object size 1048592 @ 0x0000000099700000) remset 0 code roots 0 marked 0 reclaim candidate 1 type array 1
[367.182s][debug][gc,humongous      ] GC(32990) Humongous region 554 (object size 1048592 @ 0x00000000a2a00000) remset 0 code roots 0 marked 0 reclaim candidate 1 type array 1
[367.182s][debug][gc,humongous      ] GC(32990) Humongous region 556 (object size 1048592 @ 0x00000000a2c00000) remset 0 code roots 0 marked 0 reclaim candidate 1 type array 1
[367.182s][debug][gc,humongous      ] GC(32990) Humongous region 558 (object size 1048592 @ 0x00000000a2e00000) remset 0 code roots 0 marked 0 reclaim candidate 1 type array 1
[367.182s][debug][gc,humongous      ] GC(32990) Humongous region 1515 (object size 1048592 @ 0x00000000deb00000) remset 0 code roots 0 marked 0 reclaim candidate 1 type array 1
[367.182s][debug][gc,humongous      ] GC(32990) Humongous region 560 (object size 1048592 @ 0x00000000a3000000) remset 0 code roots 0 marked 0 reclaim candidate 1 type array 1
[367.182s][debug][gc,humongous      ] GC(32990) Humongous region 405 (object size 1048592 @ 0x0000000099500000) remset 0 code roots 0 marked 0 reclaim candidate 1 type array 1
[367.182s][debug][gc,humongous      ] GC(32990) Humongous region 562 (object size 1048592 @ 0x00000000a3200000) remset 0 code roots 0 marked 0 reclaim candidate 1 type array 1
[367.182s][debug][gc,humongous      ] GC(32990) Humongous region 411 (object size 1048592 @ 0x0000000099b00000) remset 0 code roots 0 marked 0 reclaim candidate 1 type array 1
[367.182s][debug][gc,humongous      ] GC(32990) Humongous region 564 (object size 1048592 @ 0x00000000a3400000) remset 0 code roots 0 marked 0 reclaim candidate 1 type array 1
[367.182s][debug][gc,humongous      ] GC(32990) Humongous region 1860 (object size 1048592 @ 0x00000000f4400000) remset 0 code roots 0 marked 0 reclaim candidate 1 type array 1
[367.182s][debug][gc,humongous      ] GC(32990) Humongous region 413 (object size 1048592 @ 0x0000000099d00000) remset 0 code roots 0 marked 0 reclaim candidate 1 type array 1
[367.182s][debug][gc,humongous      ] GC(32990) Humongous region 1355 (object size 1048592 @ 0x00000000d4b00000) remset 0 code roots 0 marked 0 reclaim candidate 1 type array 1
[367.182s][debug][gc,humongous      ] GC(32990) Humongous region 409 (object size 1048592 @ 0x0000000099900000) remset 0 code roots 0 marked 0 reclaim candidate 1 type array 1
[367.182s][debug][gc,humongous      ] GC(32990) Humongous region 1357 (object size 1048592 @ 0x00000000d4d00000) remset 0 code roots 0 marked 0 reclaim candidate 1 type array 1
[367.182s][debug][gc,humongous      ] GC(32990) Humongous region 417 (object size 1048592 @ 0x000000009a100000) remset 0 code roots 0 marked 0 reclaim candidate 1 type array 1
[367.182s][debug][gc,humongous      ] GC(32990) Humongous region 1359 (object size 1048592 @ 0x00000000d4f00000) remset 0 code roots 0 marked 0 reclaim candidate 1 type array 1
[367.182s][debug][gc,humongous      ] GC(32990) Humongous region 1517 (object size 1048592 @ 0x00000000ded00000) remset 0 code roots 0 marked 0 reclaim candidate 1 type array 1
[367.182s][debug][gc,humongous      ] GC(32990) Humongous region 2021 (object size 1048592 @ 0x00000000fe500000) remset 0 code roots 0 marked 0 reclaim candidate 1 type array 1
[367.182s][debug][gc,humongous      ] GC(32990) Humongous region 1519 (object size 1048592 @ 0x00000000def00000) remset 0 code roots 0 marked 0 reclaim candidate 1 type array 1
[367.182s][debug][gc,humongous      ] GC(32990) Humongous region 1521 (object size 1048592 @ 0x00000000df100000) remset 0 code roots 0 marked 0 reclaim candidate 1 type array 1
[367.182s][debug][gc,humongous      ] GC(32990) Humongous region 2023 (object size 1048592 @ 0x00000000fe700000) remset 0 code roots 0 marked 0 reclaim candidate 1 type array 1
[367.182s][debug][gc,humongous      ] GC(32990) Humongous region 1523 (object size 1048592 @ 0x00000000df300000) remset 0 code roots 0 marked 0 reclaim candidate 1 type array 1
[367.182s][debug][gc,humongous      ] GC(32990) Humongous region 1862 (object size 1048592 @ 0x00000000f4600000) remset 0 code roots 0 marked 0 reclaim candidate 1 type array 1
[367.182s][debug][gc,humongous      ] GC(32990) Humongous region 1525 (object size 1048592 @ 0x00000000df500000) remset 0 code roots 0 marked 0 reclaim candidate 1 type array 1
[367.182s][debug][gc,humongous      ] GC(32990) Humongous region 1228 (object size 1048592 @ 0x00000000ccc00000) remset 0 code roots 0 marked 0 reclaim candidate 1 type array 1
[367.182s][debug][gc,humongous      ] GC(32990) Humongous region 901 (object size 1048592 @ 0x00000000b8500000) remset 0 code roots 0 marked 0 reclaim candidate 1 type array 1
[367.181s][debug][gc,humongous      ] GC(32990) Humongous region 1643 (object size 1048592 @ 0x00000000e6b00000) remset 0 code roots 0 marked 0 reclaim candidate 1 type array 1
[367.182s][debug][gc,humongous      ] GC(32990) Humongous region 419 (object size 1048592 @ 0x000000009a300000) remset 0 code roots 0 marked 0 reclaim candidate 1 type array 1
[367.182s][debug][gc,humongous      ] GC(32990) Humongous region 1361 (object size 1048592 @ 0x00000000d5100000) remset 0 code roots 0 marked 0 reclaim candidate 1 type array 1
[367.182s][debug][gc,humongous      ] GC(32990) Humongous region 1067 (object size 1048592 @ 0x00000000c2b00000) remset 0 code roots 0 marked 0 reclaim candidate 1 type array 1
[367.183s][debug][gc,humongous      ] GC(32990) Humongous region 1363 (object size 1048592 @ 0x00000000d5300000) remset 0 code roots 0 marked 0 reclaim candidate 1 type array 1
[367.183s][debug][gc,humongous      ] GC(32990) Humongous region 1069 (object size 1048592 @ 0x00000000c2d00000) remset 0 code roots 0 marked 0 reclaim candidate 1 type array 1
[367.183s][debug][gc,humongous      ] GC(32990) Humongous region 1365 (object size 1048592 @ 0x00000000d5500000) remset 0 code roots 0 marked 0 reclaim candidate 1 type array 1
[367.183s][debug][gc,humongous      ] GC(32990) Humongous region 1071 (object size 1048592 @ 0x00000000c2f00000) remset 0 code roots 0 marked 0 reclaim candidate 1 type array 1
[367.182s][debug][gc,humongous      ] GC(32990) Humongous region 415 (object size 1048592 @ 0x0000000099f00000) remset 0 code roots 0 marked 0 reclaim candidate 1 type array 1
[367.183s][debug][gc,humongous      ] GC(32990) Humongous region 1367 (object size 1048592 @ 0x00000000d5700000) remset 0 code roots 0 marked 0 reclaim candidate 1 type array 1
[367.183s][debug][gc,humongous      ] GC(32990) Humongous region 423 (object size 1048592 @ 0x000000009a700000) remset 0 code roots 0 marked 0 reclaim candidate 1 type array 1
[367.183s][debug][gc,humongous      ] GC(32990) Humongous region 1369 (object size 1048592 @ 0x00000000d5900000) remset 0 code roots 0 marked 0 reclaim candidate 1 type array 1
[367.183s][debug][gc,humongous      ] GC(32990) Humongous region 903 (object size 1048592 @ 0x00000000b8700000) remset 0 code roots 0 marked 0 reclaim candidate 1 type array 1
[367.183s][debug][gc,humongous      ] GC(32990) Humongous region 1371 (object size 1048592 @ 0x00000000d5b00000) remset 0 code roots 0 marked 0 reclaim candidate 1 type array 1
[367.182s][debug][gc,humongous      ] GC(32990) Humongous region 731 (object size 1048592 @ 0x00000000adb00000) remset 0 code roots 0 marked 0 reclaim candidate 1 type array 1
[367.183s][debug][gc,humongous      ] GC(32990) Humongous region 1373 (object size 1048592 @ 0x00000000d5d00000) remset 0 code roots 0 marked 0 reclaim candidate 1 type array 1
[367.183s][debug][gc,humongous      ] GC(32990) Humongous region 733 (object size 1048592 @ 0x00000000add00000) remset 0 code roots 0 marked 0 reclaim candidate 1 type array 1
[367.183s][debug][gc,humongous      ] GC(32990) Humongous region 1375 (object size 1048592 @ 0x00000000d5f00000) remset 0 code roots 0 marked 0 reclaim candidate 1 type array 1
[367.182s][debug][gc,humongous      ] GC(32990) Humongous region 105 (object size 1048592 @ 0x0000000086900000) remset 0 code roots 0 marked 0 reclaim candidate 1 type array 1
[367.183s][debug][gc,humongous      ] GC(32990) Humongous region 1377 (object size 1048592 @ 0x00000000d6100000) remset 0 code roots 0 marked 0 reclaim candidate 1 type array 1
[367.182s][debug][gc,humongous      ] GC(32990) Humongous region 1864 (object size 1048592 @ 0x00000000f4800000) remset 0 code roots 0 marked 0 reclaim candidate 1 type array 1
[367.182s][debug][gc,humongous      ] GC(32990) Humongous region 1527 (object size 1048592 @ 0x00000000df700000) remset 0 code roots 0 marked 0 reclaim candidate 1 type array 1
[367.183s][debug][gc,humongous      ] GC(32990) Humongous region 425 (object size 1048592 @ 0x000000009a900000) remset 0 code roots 0 marked 0 reclaim candidate 1 type array 1
[367.183s][debug][gc,humongous      ] GC(32990) Humongous region 905 (object size 1048592 @ 0x00000000b8900000) remset 0 code roots 0 marked 0 reclaim candidate 1 type array 1
[367.183s][debug][gc,humongous      ] GC(32990) Humongous region 427 (object size 1048592 @ 0x000000009ab00000) remset 0 code roots 0 marked 0 reclaim candidate 1 type array 1
[367.182s][debug][gc,humongous      ] GC(32990) Humongous region 566 (object size 1048592 @ 0x00000000a3600000) remset 0 code roots 0 marked 0 reclaim candidate 1 type array 1
[367.183s][debug][gc,humongous      ] GC(32990) Humongous region 429 (object size 1048592 @ 0x000000009ad00000) remset 0 code roots 0 marked 0 reclaim candidate 1 type array 1
[367.183s][debug][gc,humongous      ] GC(32990) Humongous region 568 (object size 1048592 @ 0x00000000a3800000) remset 0 code roots 0 marked 0 reclaim candidate 1 type array 1
[367.182s][debug][gc,humongous      ] GC(32990) Humongous region 2025 (object size 1048592 @ 0x00000000fe900000) remset 0 code roots 0 marked 0 reclaim candidate 1 type array 1
[367.183s][debug][gc,humongous      ] GC(32990) Humongous region 735 (object size 1048592 @ 0x00000000adf00000) remset 0 code roots 0 marked 0 reclaim candidate 1 type array 1
[367.183s][debug][gc,humongous      ] GC(32990) Humongous region 2027 (object size 1048592 @ 0x00000000feb00000) remset 0 code roots 0 marked 0 reclaim candidate 1 type array 1
[367.183s][debug][gc,humongous      ] GC(32990) Humongous region 107 (object size 1048592 @ 0x0000000086b00000) remset 0 code roots 0 marked 0 reclaim candidate 1 type array 1
[367.183s][debug][gc,humongous      ] GC(32990) Humongous region 1379 (object size 1048592 @ 0x00000000d6300000) remset 0 code roots 0 marked 0 reclaim candidate 1 type array 1
[367.183s][debug][gc,humongous      ] GC(32990) Humongous region 109 (object size 1048592 @ 0x0000000086d00000) remset 0 code roots 0 marked 0 reclaim candidate 1 type array 1
[367.183s][debug][gc,humongous      ] GC(32990) Humongous region 1381 (object size 1048592 @ 0x00000000d6500000) remset 0 code roots 0 marked 0 reclaim candidate 1 type array 1
[367.183s][debug][gc,humongous      ] GC(32990) Humongous region 1529 (object size 1048592 @ 0x00000000df900000) remset 0 code roots 0 marked 0 reclaim candidate 1 type array 1
[367.183s][debug][gc,humongous      ] GC(32990) Humongous region 1383 (object size 1048592 @ 0x00000000d6700000) remset 0 code roots 0 marked 0 reclaim candidate 1 type array 1
[367.183s][debug][gc,humongous      ] GC(32990) Humongous region 907 (object size 1048592 @ 0x00000000b8b00000) remset 0 code roots 0 marked 0 reclaim candidate 1 type array 1
[367.183s][debug][gc,humongous      ] GC(32990) Humongous region 1230 (object size 1048592 @ 0x00000000cce00000) remset 0 code roots 0 marked 0 reclaim candidate 1 type array 1
[367.183s][debug][gc,humongous      ] GC(32990) Humongous region 1232 (object size 1048592 @ 0x00000000cd000000) remset 0 code roots 0 marked 0 reclaim candidate 1 type array 1
[367.183s][debug][gc,humongous      ] GC(32990) Humongous region 1234 (object size 1048592 @ 0x00000000cd200000) remset 0 code roots 0 marked 0 reclaim candidate 1 type array 1
[367.183s][debug][gc,humongous      ] GC(32990) Humongous region 737 (object size 1048592 @ 0x00000000ae100000) remset 0 code roots 0 marked 0 reclaim candidate 1 type array 1
[367.183s][debug][gc,humongous      ] GC(32990) Humongous region 1236 (object size 1048592 @ 0x00000000cd400000) remset 0 code roots 0 marked 0 reclaim candidate 1 type array 1
[367.183s][debug][gc,humongous      ] GC(32990) Humongous region 2029 (object size 1048592 @ 0x00000000fed00000) remset 0 code roots 0 marked 0 reclaim candidate 1 type array 1
[367.183s][debug][gc,humongous      ] GC(32990) Humongous region 1238 (object size 1048592 @ 0x00000000cd600000) remset 0 code roots 0 marked 0 reclaim candidate 1 type array 1
[367.183s][debug][gc,humongous      ] GC(32990) Humongous region 2031 (object size 1048592 @ 0x00000000fef00000) remset 0 code roots 0 marked 0 reclaim candidate 1 type array 1
[367.183s][debug][gc,humongous      ] GC(32990) Humongous region 570 (object size 1048592 @ 0x00000000a3a00000) remset 0 code roots 0 marked 0 reclaim candidate 1 type array 1
[367.183s][debug][gc,humongous      ] GC(32990) Humongous region 1531 (object size 1048592 @ 0x00000000dfb00000) remset 0 code roots 0 marked 0 reclaim candidate 1 type array 1
[367.183s][debug][gc,humongous      ] GC(32990) Humongous region 572 (object size 1048592 @ 0x00000000a3c00000) remset 0 code roots 0 marked 0 reclaim candidate 1 type array 1
[367.183s][debug][gc,humongous      ] GC(32990) Humongous region 1385 (object size 1048592 @ 0x00000000d6900000) remset 0 code roots 0 marked 0 reclaim candidate 1 type array 1
[367.183s][debug][gc,humongous      ] GC(32990) Humongous region 574 (object size 1048592 @ 0x00000000a3e00000) remset 0 code roots 0 marked 0 reclaim candidate 1 type array 1
[367.183s][debug][gc,humongous      ] GC(32990) Humongous region 431 (object size 1048592 @ 0x000000009af00000) remset 0 code roots 0 marked 0 reclaim candidate 1 type array 1
[367.183s][debug][gc,humongous      ] GC(32990) Humongous region 1073 (object size 1048592 @ 0x00000000c3100000) remset 0 code roots 0 marked 0 reclaim candidate 1 type array 1
[367.183s][debug][gc,humongous      ] GC(32990) Humongous region 433 (object size 1048592 @ 0x000000009b100000) remset 0 code roots 0 marked 0 reclaim candidate 1 type array 1
[367.183s][debug][gc,humongous      ] GC(32990) Humongous region 1075 (object size 1048592 @ 0x00000000c3300000) remset 0 code roots 0 marked 0 reclaim candidate 1 type array 1
[367.183s][debug][gc,humongous      ] GC(32990) Humongous region 435 (object size 1048592 @ 0x000000009b300000) remset 0 code roots 0 marked 0 reclaim candidate 1 type array 1
[367.183s][debug][gc,humongous      ] GC(32990) Humongous region 1240 (object size 1048592 @ 0x00000000cd800000) remset 0 code roots 0 marked 0 reclaim candidate 1 type array 1
[367.183s][debug][gc,humongous      ] GC(32990) Humongous region 2033 (object size 1048592 @ 0x00000000ff100000) remset 0 code roots 0 marked 0 reclaim candidate 1 type array 1
[367.183s][debug][gc,humongous      ] GC(32990) Humongous region 1242 (object size 1048592 @ 0x00000000cda00000) remset 0 code roots 0 marked 0 reclaim candidate 1 type array 1
[367.183s][debug][gc,humongous      ] GC(32990) Humongous region 1244 (object size 1048592 @ 0x00000000cdc00000) remset 0 code roots 0 marked 0 reclaim candidate 1 type array 1
[367.183s][debug][gc,humongous      ] GC(32990) Humongous region 909 (object size 1048592 @ 0x00000000b8d00000) remset 0 code roots 0 marked 0 reclaim candidate 1 type array 1
[367.183s][debug][gc,humongous      ] GC(32990) Humongous region 1246 (object size 1048592 @ 0x00000000cde00000) remset 0 code roots 0 marked 0 reclaim candidate 1 type array 1
[367.183s][debug][gc,humongous      ] GC(32990) Humongous region 1387 (object size 1048592 @ 0x00000000d6b00000) remset 0 code roots 0 marked 0 reclaim candidate 1 type array 1
[367.183s][debug][gc,humongous      ] GC(32990) Humongous region 1248 (object size 1048592 @ 0x00000000ce000000) remset 0 code roots 0 marked 0 reclaim candidate 1 type array 1
[367.183s][debug][gc,humongous      ] GC(32990) Humongous region 739 (object size 1048592 @ 0x00000000ae300000) remset 0 code roots 0 marked 0 reclaim candidate 1 type array 1
[367.183s][debug][gc,humongous      ] GC(32990) Humongous region 1866 (object size 1048592 @ 0x00000000f4a00000) remset 0 code roots 0 marked 0 reclaim candidate 1 type array 1
[367.183s][debug][gc,humongous      ] GC(32990) Humongous region 1645 (object size 1048592 @ 0x00000000e6d00000) remset 0 code roots 0 marked 0 reclaim candidate 1 type array 1
[367.183s][debug][gc,humongous      ] GC(32990) Humongous region 1077 (object size 1048592 @ 0x00000000c3500000) remset 0 code roots 0 marked 0 reclaim candidate 1 type array 1
[367.183s][debug][gc,humongous      ] GC(32990) Humongous region 421 (object size 1048592 @ 0x000000009a500000) remset 0 code roots 0 marked 0 reclaim candidate 1 type array 1
[367.183s][debug][gc,humongous      ] GC(32990) Humongous region 437 (object size 1048592 @ 0x000000009b500000) remset 0 code roots 0 marked 0 reclaim candidate 1 type array 1
[367.183s][debug][gc,humongous      ] GC(32990) Humongous region 2036 (object size 1048592 @ 0x00000000ff400000) remset 0 code roots 0 marked 0 reclaim candidate 1 type array 1
[367.183s][debug][gc,humongous      ] GC(32990) Humongous region 1533 (object size 1048592 @ 0x00000000dfd00000) remset 0 code roots 0 marked 0 reclaim candidate 1 type array 1
[367.183s][debug][gc,humongous      ] GC(32990) Humongous region 1535 (object size 1048592 @ 0x00000000dff00000) remset 0 code roots 0 marked 0 reclaim candidate 1 type array 1
[367.183s][debug][gc,humongous      ] GC(32990) Humongous region 1537 (object size 1048592 @ 0x00000000e0100000) remset 0 code roots 0 marked 0 reclaim candidate 1 type array 1
[367.183s][debug][gc,humongous      ] GC(32990) Humongous region 1250 (object size 1048592 @ 0x00000000ce200000) remset 0 code roots 0 marked 0 reclaim candidate 1 type array 1
[367.183s][debug][gc,humongous      ] GC(32990) Humongous region 1539 (object size 1048592 @ 0x00000000e0300000) remset 0 code roots 0 marked 0 reclaim candidate 1 type array 1
[367.183s][debug][gc,humongous      ] GC(32990) Humongous region 576 (object size 1048592 @ 0x00000000a4000000) remset 0 code roots 0 marked 0 reclaim candidate 1 type array 1
[367.183s][debug][gc,humongous      ] GC(32990) Humongous region 741 (object size 1048592 @ 0x00000000ae500000) remset 0 code roots 0 marked 0 reclaim candidate 1 type array 1
[367.183s][debug][gc,humongous      ] GC(32990) Humongous region 1868 (object size 1048592 @ 0x00000000f4c00000) remset 0 code roots 0 marked 0 reclaim candidate 1 type array 1
[367.184s][debug][gc,humongous      ] GC(32990) Humongous region 578 (object size 1048592 @ 0x00000000a4200000) remset 0 code roots 0 marked 0 reclaim candidate 1 type array 1
[367.184s][debug][gc,humongous      ] GC(32990) Humongous region 1870 (object size 1048592 @ 0x00000000f4e00000) remset 0 code roots 0 marked 0 reclaim candidate 1 type array 1
[367.183s][debug][gc,humongous      ] GC(32990) Humongous region 439 (object size 1048592 @ 0x000000009b700000) remset 0 code roots 0 marked 0 reclaim candidate 1 type array 1
[367.184s][debug][gc,humongous      ] GC(32990) Humongous region 1872 (object size 1048592 @ 0x00000000f5000000) remset 0 code roots 0 marked 0 reclaim candidate 1 type array 1
[367.184s][debug][gc,humongous      ] GC(32990) Humongous region 1874 (object size 1048592 @ 0x00000000f5200000) remset 0 code roots 0 marked 0 reclaim candidate 1 type array 1
[367.183s][debug][gc,humongous      ] GC(32990) Humongous region 1389 (object size 1048592 @ 0x00000000d6d00000) remset 0 code roots 0 marked 0 reclaim candidate 1 type array 1
[367.184s][debug][gc,humongous      ] GC(32990) Humongous region 1876 (object size 1048592 @ 0x00000000f5400000) remset 0 code roots 0 marked 0 reclaim candidate 1 type array 1
[367.183s][debug][gc,humongous      ] GC(32990) Humongous region 1252 (object size 1048592 @ 0x00000000ce400000) remset 0 code roots 0 marked 0 reclaim candidate 1 type array 1
[367.184s][debug][gc,humongous      ] GC(32990) Humongous region 1541 (object size 1048592 @ 0x00000000e0500000) remset 0 code roots 0 marked 0 reclaim candidate 1 type array 1
[367.184s][debug][gc,humongous      ] GC(32990) Humongous region 1254 (object size 1048592 @ 0x00000000ce600000) remset 0 code roots 0 marked 0 reclaim candidate 1 type array 1
[367.183s][debug][gc,humongous      ] GC(32990) Humongous region 1647 (object size 1048592 @ 0x00000000e6f00000) remset 0 code roots 0 marked 0 reclaim candidate 1 type array 1
[367.184s][debug][gc,humongous      ] GC(32990) Humongous region 1256 (object size 1048592 @ 0x00000000ce800000) remset 0 code roots 0 marked 0 reclaim candidate 1 type array 1
[367.183s][debug][gc,humongous      ] GC(32990) Humongous region 1079 (object size 1048592 @ 0x00000000c3700000) remset 0 code roots 0 marked 0 reclaim candidate 1 type array 1
[367.183s][debug][gc,humongous      ] GC(32990) Humongous region 441 (object size 1048592 @ 0x000000009b900000) remset 0 code roots 0 marked 0 reclaim candidate 1 type array 1
[367.184s][debug][gc,humongous      ] GC(32990) Humongous region 1081 (object size 1048592 @ 0x00000000c3900000) remset 0 code roots 0 marked 0 reclaim candidate 1 type array 1
[367.184s][debug][gc,humongous      ] GC(32990) Humongous region 443 (object size 1048592 @ 0x000000009bb00000) remset 0 code roots 0 marked 0 reclaim candidate 1 type array 1
[367.184s][debug][gc,humongous      ] GC(32990) Humongous region 1083 (object size 1048592 @ 0x00000000c3b00000) remset 0 code roots 0 marked 0 reclaim candidate 1 type array 1
[367.183s][debug][gc,humongous      ] GC(32990) Humongous region 2038 (object size 1048592 @ 0x00000000ff600000) remset 0 code roots 0 marked 0 reclaim candidate 1 type array 1
[367.184s][debug][gc,humongous      ] GC(32990) Humongous region 1391 (object size 1048592 @ 0x00000000d6f00000) remset 0 code roots 0 marked 0 reclaim candidate 1 type array 1
[367.184s][debug][gc,humongous      ] GC(32990) Humongous region 2040 (object size 1048592 @ 0x00000000ff800000) remset 0 code roots 0 marked 0 reclaim candidate 1 type array 1
[367.183s][debug][gc,humongous      ] GC(32990) Humongous region 111 (object size 1048592 @ 0x0000000086f00000) remset 0 code roots 0 marked 0 reclaim candidate 1 type array 1
[367.184s][debug][gc,humongous      ] GC(32990) Humongous region 743 (object size 1048592 @ 0x00000000ae700000) remset 0 code roots 0 marked 0 reclaim candidate 1 type array 1
[367.184s][debug][gc,humongous      ] GC(32990) Humongous region 113 (object size 1048592 @ 0x0000000087100000) remset 0 code roots 0 marked 0 reclaim candidate 1 type array 1
[367.184s][debug][gc,humongous      ] GC(32990) Humongous region 745 (object size 1048592 @ 0x00000000ae900000) remset 0 code roots 0 marked 0 reclaim candidate 1 type array 1
[367.184s][debug][gc,humongous      ] GC(32990) Humongous region 115 (object size 1048592 @ 0x0000000087300000) remset 0 code roots 0 marked 0 reclaim candidate 1 type array 1
[367.184s][debug][gc,humongous      ] GC(32990) Humongous region 747 (object size 1048592 @ 0x00000000aeb00000) remset 0 code roots 0 marked 0 reclaim candidate 1 type array 1
[367.184s][debug][gc,humongous      ] GC(32990) Humongous region 117 (object size 1048592 @ 0x0000000087500000) remset 0 code roots 0 marked 0 reclaim candidate 1 type array 1
[367.184s][debug][gc,humongous      ] GC(32990) Humongous region 445 (object size 1048592 @ 0x000000009bd00000) remset 0 code roots 0 marked 0 reclaim candidate 1 type array 1
[367.184s][debug][gc,humongous      ] GC(32990) Humongous region 447 (object size 1048592 @ 0x000000009bf00000) remset 0 code roots 0 marked 0 reclaim candidate 1 type array 1
[367.184s][debug][gc,humongous      ] GC(32990) Humongous region 449 (object size 1048592 @ 0x000000009c100000) remset 0 code roots 0 marked 0 reclaim candidate 1 type array 1
[367.184s][debug][gc,humongous      ] GC(32990) Humongous region 451 (object size 1048592 @ 0x000000009c300000) remset 0 code roots 0 marked 0 reclaim candidate 1 type array 1
[367.184s][debug][gc,humongous      ] GC(32990) Humongous region 1393 (object size 1048592 @ 0x00000000d7100000) remset 0 code roots 0 marked 0 reclaim candidate 1 type array 1
[367.184s][debug][gc,humongous      ] GC(32990) Humongous region 455 (object size 1048592 @ 0x000000009c700000) remset 0 code roots 0 marked 0 reclaim candidate 1 type array 1
[367.184s][debug][gc,humongous      ] GC(32990) Humongous region 1649 (object size 1048592 @ 0x00000000e7100000) remset 0 code roots 0 marked 0 reclaim candidate 1 type array 1
[367.184s][debug][gc,humongous      ] GC(32990) Humongous region 1395 (object size 1048592 @ 0x00000000d7300000) remset 0 code roots 0 marked 0 reclaim candidate 1 type array 1
[367.184s][debug][gc,humongous      ] GC(32990) Humongous region 580 (object size 1048592 @ 0x00000000a4400000) remset 0 code roots 0 marked 0 reclaim candidate 1 type array 1
[367.184s][debug][gc,humongous      ] GC(32990) Humongous region 749 (object size 1048592 @ 0x00000000aed00000) remset 0 code roots 0 marked 0 reclaim candidate 1 type array 1
[367.184s][debug][gc,humongous      ] GC(32990) Humongous region 582 (object size 1048592 @ 0x00000000a4600000) remset 0 code roots 0 marked 0 reclaim candidate 1 type array 1
[367.184s][debug][gc,humongous      ] GC(32990) Humongous region 119 (object size 1048592 @ 0x0000000087700000) remset 0 code roots 0 marked 0 reclaim candidate 1 type array 1
[367.184s][debug][gc,humongous      ] GC(32990) Humongous region 584 (object size 1048592 @ 0x00000000a4800000) remset 0 code roots 0 marked 0 reclaim candidate 1 type array 1
[367.184s][debug][gc,humongous      ] GC(32990) Humongous region 1085 (object size 1048592 @ 0x00000000c3d00000) remset 0 code roots 0 marked 0 reclaim candidate 1 type array 1
[367.184s][debug][gc,humongous      ] GC(32990) Humongous region 453 (object size 1048592 @ 0x000000009c500000) remset 0 code roots 0 marked 0 reclaim candidate 1 type array 1
[367.184s][debug][gc,humongous      ] GC(32990) Humongous region 1087 (object size 1048592 @ 0x00000000c3f00000) remset 0 code roots 0 marked 0 reclaim candidate 1 type array 1
[367.184s][debug][gc,humongous      ] GC(32990) Humongous region 459 (object size 1048592 @ 0x000000009cb00000) remset 0 code roots 0 marked 0 reclaim candidate 1 type array 1
[367.184s][debug][gc,humongous      ] GC(32990) Humongous region 1651 (object size 1048592 @ 0x00000000e7300000) remset 0 code roots 0 marked 0 reclaim candidate 1 type array 1
[367.184s][debug][gc,humongous      ] GC(32990) Humongous region 461 (object size 1048592 @ 0x000000009cd00000) remset 0 code roots 0 marked 0 reclaim candidate 1 type array 1
[367.184s][debug][gc,humongous      ] GC(32990) Humongous region 1258 (object size 1048592 @ 0x00000000cea00000) remset 0 code roots 0 marked 0 reclaim candidate 1 type array 1
[367.184s][debug][gc,humongous      ] GC(32990) Humongous region 1399 (object size 1048592 @ 0x00000000d7700000) remset 0 code roots 0 marked 0 reclaim candidate 1 type array 1
[367.184s][debug][gc,humongous      ] GC(32990) Humongous region 1401 (object size 1048592 @ 0x00000000d7900000) remset 0 code roots 0 marked 0 reclaim candidate 1 type array 1
[367.184s][debug][gc,humongous      ] GC(32990) Humongous region 121 (object size 1048592 @ 0x0000000087900000) remset 0 code roots 0 marked 0 reclaim candidate 1 type array 1
[367.184s][debug][gc,humongous      ] GC(32990) Humongous region 1403 (object size 1048592 @ 0x00000000d7b00000) remset 0 code roots 0 marked 0 reclaim candidate 1 type array 1
[367.184s][debug][gc,humongous      ] GC(32990) Humongous region 123 (object size 1048592 @ 0x0000000087b00000) remset 0 code roots 0 marked 0 reclaim candidate 1 type array 1
[367.184s][debug][gc,humongous      ] GC(32990) Humongous region 586 (object size 1048592 @ 0x00000000a4a00000) remset 0 code roots 0 marked 0 reclaim candidate 1 type array 1
[367.184s][debug][gc,humongous      ] GC(32990) Humongous region 1405 (object size 1048592 @ 0x00000000d7d00000) remset 0 code roots 0 marked 0 reclaim candidate 1 type array 1
[367.184s][debug][gc,humongous      ] GC(32990) Humongous region 125 (object size 1048592 @ 0x0000000087d00000) remset 0 code roots 0 marked 0 reclaim candidate 1 type array 1
[367.184s][debug][gc,humongous      ] GC(32990) Humongous region 2042 (object size 1048592 @ 0x00000000ffa00000) remset 0 code roots 0 marked 0 reclaim candidate 1 type array 1
[367.184s][debug][gc,humongous      ] GC(32990) Humongous region 1089 (object size 1048592 @ 0x00000000c4100000) remset 0 code roots 0 marked 0 reclaim candidate 1 type array 1
[367.184s][debug][gc,humongous      ] GC(32990) Humongous region 1653 (object size 1048592 @ 0x00000000e7500000) remset 0 code roots 0 marked 0 reclaim candidate 1 type array 1
[367.184s][debug][gc,humongous      ] GC(32990) Humongous region 1091 (object size 1048592 @ 0x00000000c4300000) remset 0 code roots 0 marked 0 reclaim candidate 1 type array 1
[367.184s][debug][gc,humongous      ] GC(32990) Humongous region 1655 (object size 1048592 @ 0x00000000e7700000) remset 0 code roots 0 marked 0 reclaim candidate 1 type array 1
[367.184s][debug][gc,humongous      ] GC(32990) Humongous region 1093 (object size 1048592 @ 0x00000000c4500000) remset 0 code roots 0 marked 0 reclaim candidate 1 type array 1
[367.184s][debug][gc,humongous      ] GC(32990) Humongous region 1543 (object size 1048592 @ 0x00000000e0700000) remset 0 code roots 0 marked 0 reclaim candidate 1 type array 1
[367.183s][debug][gc,humongous      ] GC(32990) Humongous region 911 (object size 1048592 @ 0x00000000b8f00000) remset 0 code roots 0 marked 0 reclaim candidate 1 type array 1
[367.184s][debug][gc,humongous      ] GC(32990) Humongous region 1545 (object size 1048592 @ 0x00000000e0900000) remset 0 code roots 0 marked 0 reclaim candidate 1 type array 1
[367.184s][debug][gc,humongous      ] GC(32990) Humongous region 588 (object size 1048592 @ 0x00000000a4c00000) remset 0 code roots 0 marked 0 reclaim candidate 1 type array 1
[367.184s][debug][gc,humongous      ] GC(32990) Humongous region 1547 (object size 1048592 @ 0x00000000e0b00000) remset 0 code roots 0 marked 0 reclaim candidate 1 type array 1
[367.184s][debug][gc,humongous      ] GC(32990) Humongous region 590 (object size 1048592 @ 0x00000000a4e00000) remset 0 code roots 0 marked 0 reclaim candidate 1 type array 1
[367.184s][debug][gc,humongous      ] GC(32990) Humongous region 1549 (object size 1048592 @ 0x00000000e0d00000) remset 0 code roots 0 marked 0 reclaim candidate 1 type array 1
[367.184s][debug][gc,humongous      ] GC(32990) Humongous region 592 (object size 1048592 @ 0x00000000a5000000) remset 0 code roots 0 marked 0 reclaim candidate 1 type array 1
[367.184s][debug][gc,humongous      ] GC(32990) Humongous region 1551 (object size 1048592 @ 0x00000000e0f00000) remset 0 code roots 0 marked 0 reclaim candidate 1 type array 1
[367.184s][debug][gc,humongous      ] GC(32990) Humongous region 594 (object size 1048592 @ 0x00000000a5200000) remset 0 code roots 0 marked 0 reclaim candidate 1 type array 1
[367.184s][debug][gc,humongous      ] GC(32990) Humongous region 463 (object size 1048592 @ 0x000000009cf00000) remset 0 code roots 0 marked 0 reclaim candidate 1 type array 1
[367.184s][debug][gc,humongous      ] GC(32990) Humongous region 596 (object size 1048592 @ 0x00000000a5400000) remset 0 code roots 0 marked 0 reclaim candidate 1 type array 1
[367.184s][debug][gc,humongous      ] GC(32990) Humongous region 1095 (object size 1048592 @ 0x00000000c4700000) remset 0 code roots 0 marked 0 reclaim candidate 1 type array 1
[367.184s][debug][gc,humongous      ] GC(32990) Humongous region 1878 (object size 1048592 @ 0x00000000f5600000) remset 0 code roots 0 marked 0 reclaim candidate 1 type array 1
[367.184s][debug][gc,humongous      ] GC(32990) Humongous region 913 (object size 1048592 @ 0x00000000b9100000) remset 0 code roots 0 marked 0 reclaim candidate 1 type array 1
[367.184s][debug][gc,humongous      ] GC(32990) Humongous region 457 (object size 1048592 @ 0x000000009c900000) remset 0 code roots 0 marked 0 reclaim candidate 1 type array 1
[367.184s][debug][gc,humongous      ] GC(32990) Humongous region 127 (object size 1048592 @ 0x0000000087f00000) remset 0 code roots 0 marked 0 reclaim candidate 1 type array 1
[367.184s][debug][gc,humongous      ] GC(32990) Humongous region 2044 (object size 1048592 @ 0x00000000ffc00000) remset 0 code roots 0 marked 0 reclaim candidate 1 type array 1
[367.185s][debug][gc,humongous      ] GC(32990) Humongous region 129 (object size 1048592 @ 0x0000000088100000) remset 0 code roots 0 marked 0 reclaim candidate 1 type array 1
[367.185s][debug][gc,humongous      ] GC(32990) Humongous region 131 (object size 1048592 @ 0x0000000088300000) remset 0 code roots 0 marked 0 reclaim candidate 1 type array 1
[367.185s][debug][gc,humongous      ] GC(32990) Humongous region 133 (object size 1048592 @ 0x0000000088500000) remset 0 code roots 0 marked 0 reclaim candidate 1 type array 1
[367.184s][debug][gc,humongous      ] GC(32990) Humongous region 1657 (object size 1048592 @ 0x00000000e7900000) remset 0 code roots 0 marked 0 reclaim candidate 1 type array 1
[367.185s][debug][gc,humongous      ] GC(32990) Humongous region 137 (object size 1048592 @ 0x0000000088900000) remset 0 code roots 0 marked 0 reclaim candidate 1 type array 1
[367.184s][debug][gc,humongous      ] GC(32990) Humongous region 598 (object size 1048592 @ 0x00000000a5600000) remset 0 code roots 0 marked 0 reclaim candidate 1 type array 1
[367.184s][debug][gc,humongous      ] GC(32990) Humongous region 1407 (object size 1048592 @ 0x00000000d7f00000) remset 0 code roots 0 marked 0 reclaim candidate 1 type array 1
[367.184s][debug][gc,humongous      ] GC(32990) Humongous region 1097 (object size 1048592 @ 0x00000000c4900000) remset 0 code roots 0 marked 0 reclaim candidate 1 type array 1
[367.185s][debug][gc,humongous      ] GC(32990) Humongous region 1099 (object size 1048592 @ 0x00000000c4b00000) remset 0 code roots 0 marked 0 reclaim candidate 1 type array 1
[367.184s][debug][gc,humongous      ] GC(32990) Humongous region 467 (object size 1048592 @ 0x000000009d300000) remset 0 code roots 0 marked 0 reclaim candidate 1 type array 1
[367.185s][debug][gc,humongous      ] GC(32990) Humongous region 1101 (object size 1048592 @ 0x00000000c4d00000) remset 0 code roots 0 marked 0 reclaim candidate 1 type array 1
[367.184s][debug][gc,humongous      ] GC(32990) Humongous region 1397 (object size 1048592 @ 0x00000000d7500000) remset 0 code roots 0 marked 0 reclaim candidate 1 type array 1
[367.185s][debug][gc,humongous      ] GC(32990) Humongous region 1411 (object size 1048592 @ 0x00000000d8300000) remset 0 code roots 0 marked 0 reclaim candidate 1 type array 1
[367.185s][debug][gc,humongous      ] GC(32990) Humongous region 135 (object size 1048592 @ 0x0000000088700000) remset 0 code roots 0 marked 0 reclaim candidate 1 type array 1
[367.185s][debug][gc,humongous      ] GC(32990) Humongous region 1413 (object size 1048592 @ 0x00000000d8500000) remset 0 code roots 0 marked 0 reclaim candidate 1 type array 1
[367.185s][debug][gc,humongous      ] GC(32990) Humongous region 141 (object size 1048592 @ 0x0000000088d00000) remset 0 code roots 0 marked 0 reclaim candidate 1 type array 1
[367.185s][debug][gc,humongous      ] GC(32990) Humongous region 1659 (object size 1048592 @ 0x00000000e7b00000) remset 0 code roots 0 marked 0 reclaim candidate 1 type array 1
[367.185s][debug][gc,humongous      ] GC(32990) Humongous region 139 (object size 1048592 @ 0x0000000088b00000) remset 0 code roots 0 marked 0 reclaim candidate 1 type array 1
[367.185s][debug][gc,humongous      ] GC(32990) Humongous region 1409 (object size 1048592 @ 0x00000000d8100000) remset 0 code roots 0 marked 0 reclaim candidate 1 type array 1
[367.185s][debug][gc,humongous      ] GC(32990) Humongous region 600 (object size 1048592 @ 0x00000000a5800000) remset 0 code roots 0 marked 0 reclaim candidate 1 type array 1
[367.185s][debug][gc,humongous      ] GC(32990) Humongous region 1557 (object size 1048592 @ 0x00000000e1500000) remset 0 code roots 0 marked 0 reclaim candidate 1 type array 1
[367.184s][debug][gc,humongous      ] GC(32990) Humongous region 1880 (object size 1048592 @ 0x00000000f5800000) remset 0 code roots 0 marked 0 reclaim candidate 1 type array 1
[367.185s][debug][gc,humongous      ] GC(32990) Humongous region 469 (object size 1048592 @ 0x000000009d500000) remset 0 code roots 0 marked 0 reclaim candidate 1 type array 1
[367.185s][debug][gc,humongous      ] GC(32990) Humongous region 1882 (object size 1048592 @ 0x00000000f5a00000) remset 0 code roots 0 marked 0 reclaim candidate 1 type array 1
[367.185s][debug][gc,humongous      ] GC(32990) Humongous region 471 (object size 1048592 @ 0x000000009d700000) remset 0 code roots 0 marked 0 reclaim candidate 1 type array 1
[367.184s][debug][gc,humongous      ] GC(32990) Humongous region 465 (object size 1048592 @ 0x000000009d100000) remset 0 code roots 0 marked 0 reclaim candidate 1 type array 1
[367.185s][debug][gc,humongous      ] GC(32990) Humongous region 604 (object size 1048592 @ 0x00000000a5c00000) remset 0 code roots 0 marked 0 reclaim candidate 1 type array 1
[367.185s][debug][gc,humongous      ] GC(32990) Humongous region 606 (object size 1048592 @ 0x00000000a5e00000) remset 0 code roots 0 marked 0 reclaim candidate 1 type array 1
[367.185s][debug][gc,humongous      ] GC(32990) Humongous region 608 (object size 1048592 @ 0x00000000a6000000) remset 0 code roots 0 marked 0 reclaim candidate 1 type array 1
[367.185s][debug][gc,humongous      ] GC(32990) Humongous region 610 (object size 1048592 @ 0x00000000a6200000) remset 0 code roots 0 marked 0 reclaim candidate 1 type array 1
[367.185s][debug][gc,humongous      ] GC(32990) Humongous region 612 (object size 1048592 @ 0x00000000a6400000) remset 0 code roots 0 marked 0 reclaim candidate 1 type array 1
[367.185s][debug][gc,humongous      ] GC(32990) Humongous region 614 (object size 1048592 @ 0x00000000a6600000) remset 0 code roots 0 marked 0 reclaim candidate 1 type array 1
[367.184s][debug][gc,humongous      ] GC(32990) Humongous region 915 (object size 1048592 @ 0x00000000b9300000) remset 0 code roots 0 marked 0 reclaim candidate 1 type array 1
[367.185s][debug][gc,humongous      ] GC(32990) Humongous region 618 (object size 1048592 @ 0x00000000a6a00000) remset 0 code roots 0 marked 0 reclaim candidate 1 type array 1
[367.185s][debug][gc,humongous      ] GC(32990) Humongous region 917 (object size 1048592 @ 0x00000000b9500000) remset 0 code roots 0 marked 0 reclaim candidate 1 type array 1
[367.185s][debug][gc,humongous      ] GC(32990) Humongous region 1884 (object size 1048592 @ 0x00000000f5c00000) remset 0 code roots 0 marked 0 reclaim candidate 1 type array 1
[367.185s][debug][gc,humongous      ] GC(32990) Humongous region 919 (object size 1048592 @ 0x00000000b9700000) remset 0 code roots 0 marked 0 reclaim candidate 1 type array 1
[367.185s][debug][gc,humongous      ] GC(32990) Humongous region 1415 (object size 1048592 @ 0x00000000d8700000) remset 0 code roots 0 marked 0 reclaim candidate 1 type array 1
[367.185s][debug][gc,humongous      ] GC(32990) Humongous region 143 (object size 1048592 @ 0x0000000088f00000) remset 0 code roots 0 marked 0 reclaim candidate 1 type array 1
[367.185s][debug][gc,humongous      ] GC(32990) Humongous region 1561 (object size 1048592 @ 0x00000000e1900000) remset 0 code roots 0 marked 0 reclaim candidate 1 type array 1
[367.185s][debug][gc,humongous      ] GC(32990) Humongous region 147 (object size 1048592 @ 0x0000000089300000) remset 0 code roots 0 marked 0 reclaim candidate 1 type array 1
[367.185s][debug][gc,humongous      ] GC(32990) Humongous region 1563 (object size 1048592 @ 0x00000000e1b00000) remset 0 code roots 0 marked 0 reclaim candidate 1 type array 1
[367.185s][debug][gc,humongous      ] GC(32990) Humongous region 616 (object size 1048592 @ 0x00000000a6800000) remset 0 code roots 0 marked 0 reclaim candidate 1 type array 1
[367.185s][debug][gc,humongous      ] GC(32990) Humongous region 1565 (object size 1048592 @ 0x00000000e1d00000) remset 0 code roots 0 marked 0 reclaim candidate 1 type array 1
[367.185s][debug][gc,humongous      ] GC(32990) Humongous region 622 (object size 1048592 @ 0x00000000a6e00000) remset 0 code roots 0 marked 0 reclaim candidate 1 type array 1
[367.185s][debug][gc,humongous      ] GC(32990) Humongous region 1567 (object size 1048592 @ 0x00000000e1f00000) remset 0 code roots 0 marked 0 reclaim candidate 1 type array 1
[367.185s][debug][gc,humongous      ] GC(32990) Humongous region 624 (object size 1048592 @ 0x00000000a7000000) remset 0 code roots 0 marked 0 reclaim candidate 1 type array 1
[367.185s][debug][gc,humongous      ] GC(32990) Humongous region 620 (object size 1048592 @ 0x00000000a6c00000) remset 0 code roots 0 marked 0 reclaim candidate 1 type array 1
[367.185s][debug][gc,humongous      ] GC(32990) Humongous region 626 (object size 1048592 @ 0x00000000a7200000) remset 0 code roots 0 marked 0 reclaim candidate 1 type array 1
[367.185s][debug][gc,humongous      ] GC(32990) Humongous region 921 (object size 1048592 @ 0x00000000b9900000) remset 0 code roots 0 marked 0 reclaim candidate 1 type array 1
[367.185s][debug][gc,humongous      ] GC(32990) Humongous region 1559 (object size 1048592 @ 0x00000000e1700000) remset 0 code roots 0 marked 0 reclaim candidate 1 type array 1
[367.185s][debug][gc,humongous      ] GC(32990) Humongous region 145 (object size 1048592 @ 0x0000000089100000) remset 0 code roots 0 marked 0 reclaim candidate 1 type array 1
[367.185s][debug][gc,humongous      ] GC(32990) Humongous region 1661 (object size 1048592 @ 0x00000000e7d00000) remset 0 code roots 0 marked 0 reclaim candidate 1 type array 1
[367.185s][debug][gc,humongous      ] GC(32990) Humongous region 151 (object size 1048592 @ 0x0000000089700000) remset 0 code roots 0 marked 0 reclaim candidate 1 type array 1
[367.185s][debug][gc,humongous      ] GC(32990) Humongous region 1663 (object size 1048592 @ 0x00000000e7f00000) remset 0 code roots 0 marked 0 reclaim candidate 1 type array 1
[367.185s][debug][gc,humongous      ] GC(32990) Humongous region 1665 (object size 1048592 @ 0x00000000e8100000) remset 0 code roots 0 marked 0 reclaim candidate 1 type array 1
[367.185s][debug][gc,humongous      ] GC(32990) Humongous region 1667 (object size 1048592 @ 0x00000000e8300000) remset 0 code roots 0 marked 0 reclaim candidate 1 type array 1
[367.185s][debug][gc,humongous      ] GC(32990) Humongous region 1569 (object size 1048592 @ 0x00000000e2100000) remset 0 code roots 0 marked 0 reclaim candidate 1 type array 1
[367.185s][debug][gc,humongous      ] GC(32990) Humongous region 1669 (object size 1048592 @ 0x00000000e8500000) remset 0 code roots 0 marked 0 reclaim candidate 1 type array 1
[367.185s][debug][gc,humongous      ] GC(32990) Humongous region 1573 (object size 1048592 @ 0x00000000e2500000) remset 0 code roots 0 marked 0 reclaim candidate 1 type array 1
[367.185s][debug][gc,humongous      ] GC(32990) Humongous region 1672 (object size 1048592 @ 0x00000000e8800000) remset 0 code roots 0 marked 0 reclaim candidate 1 type array 1
[367.185s][debug][gc,humongous      ] GC(32990) Humongous region 1571 (object size 1048592 @ 0x00000000e2300000) remset 0 code roots 0 marked 0 reclaim candidate 1 type array 1
[367.185s][debug][gc,humongous      ] GC(32990) Humongous region 1676 (object size 1048592 @ 0x00000000e8c00000) remset 0 code roots 0 marked 0 reclaim candidate 1 type array 1
[367.185s][debug][gc,humongous      ] GC(32990) Humongous region 1680 (object size 1048592 @ 0x00000000e9000000) remset 0 code roots 0 marked 0 reclaim candidate 1 type array 1
[367.185s][debug][gc,humongous      ] GC(32990) Humongous region 1682 (object size 1048592 @ 0x00000000e9200000) remset 0 code roots 0 marked 0 reclaim candidate 1 type array 1
[367.185s][debug][gc,humongous      ] GC(32990) Humongous region 1684 (object size 1048592 @ 0x00000000e9400000) remset 0 code roots 0 marked 0 reclaim candidate 1 type array 1
[367.185s][debug][gc,humongous      ] GC(32990) Humongous region 1686 (object size 1048592 @ 0x00000000e9600000) remset 0 code roots 0 marked 0 reclaim candidate 1 type array 1
[367.185s][debug][gc,humongous      ] GC(32990) Humongous region 1688 (object size 1048592 @ 0x00000000e9800000) remset 0 code roots 0 marked 0 reclaim candidate 1 type array 1
[367.185s][debug][gc,humongous      ] GC(32990) Humongous region 1690 (object size 1048592 @ 0x00000000e9a00000) remset 0 code roots 0 marked 0 reclaim candidate 1 type array 1
[367.185s][debug][gc,humongous      ] GC(32990) Humongous region 1555 (object size 1048592 @ 0x00000000e1300000) remset 0 code roots 0 marked 0 reclaim candidate 1 type array 1
[367.185s][debug][gc,humongous      ] GC(32990) Humongous region 1692 (object size 1048592 @ 0x00000000e9c00000) remset 0 code roots 0 marked 0 reclaim candidate 1 type array 1
[367.185s][debug][gc,humongous      ] GC(32990) Humongous region 628 (object size 1048592 @ 0x00000000a7400000) remset 0 code roots 0 marked 0 reclaim candidate 1 type array 1
[367.185s][debug][gc,humongous      ] GC(32990) Humongous region 1694 (object size 1048592 @ 0x00000000e9e00000) remset 0 code roots 0 marked 0 reclaim candidate 1 type array 1
[367.185s][debug][gc,humongous      ] GC(32990) Humongous region 756 (object size 1048592 @ 0x00000000af400000) remset 0 code roots 0 marked 0 reclaim candidate 1 type array 1
[367.185s][debug][gc,humongous      ] GC(32990) Humongous region 758 (object size 1048592 @ 0x00000000af600000) remset 0 code roots 0 marked 0 reclaim candidate 1 type array 1
[367.185s][debug][gc,humongous      ] GC(32990) Humongous region 760 (object size 1048592 @ 0x00000000af800000) remset 0 code roots 0 marked 0 reclaim candidate 1 type array 1
[367.185s][debug][gc,humongous      ] GC(32990) Humongous region 1678 (object size 1048592 @ 0x00000000e8e00000) remset 0 code roots 0 marked 0 reclaim candidate 1 type array 1
[367.185s][debug][gc,humongous      ] GC(32990) Humongous region 762 (object size 1048592 @ 0x00000000afa00000) remset 0 code roots 0 marked 0 reclaim candidate 1 type array 1
[367.185s][debug][gc,humongous      ] GC(32990) Humongous region 1700 (object size 1048592 @ 0x00000000ea400000) remset 0 code roots 0 marked 0 reclaim candidate 1 type array 1
[367.184s][debug][gc,humongous      ] GC(32990) Humongous region 751 (object size 1048592 @ 0x00000000aef00000) remset 0 code roots 0 marked 0 reclaim candidate 1 type array 1
[367.186s][debug][gc,humongous      ] GC(32990) Humongous region 1702 (object size 1048592 @ 0x00000000ea600000) remset 0 code roots 0 marked 0 reclaim candidate 1 type array 1
[367.185s][debug][gc,humongous      ] GC(32990) Humongous region 1886 (object size 1048592 @ 0x00000000f5e00000) remset 0 code roots 0 marked 0 reclaim candidate 1 type array 1
[367.186s][debug][gc,humongous      ] GC(32990) Humongous region 1704 (object size 1048592 @ 0x00000000ea800000) remset 0 code roots 0 marked 0 reclaim candidate 1 type array 1
[367.186s][debug][gc,humongous      ] GC(32990) Humongous region 1706 (object size 1048592 @ 0x00000000eaa00000) remset 0 code roots 0 marked 0 reclaim candidate 1 type array 1
[367.185s][debug][gc,humongous      ] GC(32990) Humongous region 923 (object size 1048592 @ 0x00000000b9b00000) remset 0 code roots 0 marked 0 reclaim candidate 1 type array 1
[367.186s][debug][gc,humongous      ] GC(32990) Humongous region 925 (object size 1048592 @ 0x00000000b9d00000) remset 0 code roots 0 marked 0 reclaim candidate 1 type array 1
[367.186s][debug][gc,humongous      ] GC(32990) Humongous region 927 (object size 1048592 @ 0x00000000b9f00000) remset 0 code roots 0 marked 0 reclaim candidate 1 type array 1
[367.186s][debug][gc,humongous      ] GC(32990) Humongous region 929 (object size 1048592 @ 0x00000000ba100000) remset 0 code roots 0 marked 0 reclaim candidate 1 type array 1
[367.185s][debug][gc,humongous      ] GC(32990) Humongous region 1674 (object size 1048592 @ 0x00000000e8a00000) remset 0 code roots 0 marked 0 reclaim candidate 1 type array 1
[367.186s][debug][gc,humongous      ] GC(32990) Humongous region 931 (object size 1048592 @ 0x00000000ba300000) remset 0 code roots 0 marked 0 reclaim candidate 1 type array 1
[367.186s][debug][gc,humongous      ] GC(32990) Humongous region 1710 (object size 1048592 @ 0x00000000eae00000) remset 0 code roots 0 marked 0 reclaim candidate 1 type array 1
[367.186s][debug][gc,humongous      ] GC(32990) Humongous region 766 (object size 1048592 @ 0x00000000afe00000) remset 0 code roots 0 marked 0 reclaim candidate 1 type array 1
[367.186s][debug][gc,humongous      ] GC(32990) Humongous region 1712 (object size 1048592 @ 0x00000000eb000000) remset 0 code roots 0 marked 0 reclaim candidate 1 type array 1
[367.185s][debug][gc,humongous      ] GC(32990) Humongous region 1696 (object size 1048592 @ 0x00000000ea000000) remset 0 code roots 0 marked 0 reclaim candidate 1 type array 1
[367.186s][debug][gc,humongous      ] GC(32990) Humongous region 1888 (object size 1048592 @ 0x00000000f6000000) remset 0 code roots 0 marked 0 reclaim candidate 1 type array 1
[367.185s][debug][gc,humongous      ] GC(32990) Humongous region 1698 (object size 1048592 @ 0x00000000ea200000) remset 0 code roots 0 marked 0 reclaim candidate 1 type array 1
[367.185s][debug][gc,humongous      ] GC(32990) Humongous region 602 (object size 1048592 @ 0x00000000a5a00000) remset 0 code roots 0 marked 0 reclaim candidate 1 type array 1
[367.186s][debug][gc,humongous      ] GC(32990) Humongous region 1718 (object size 1048592 @ 0x00000000eb600000) remset 0 code roots 0 marked 0 reclaim candidate 1 type array 1
[367.186s][debug][gc,humongous      ] GC(32990) Humongous region 770 (object size 1048592 @ 0x00000000b0200000) remset 0 code roots 0 marked 0 reclaim candidate 1 type array 1
[367.185s][debug][gc,humongous      ] GC(32990) Humongous region 153 (object size 1048592 @ 0x0000000089900000) remset 0 code roots 0 marked 0 reclaim candidate 1 type array 1
[367.186s][debug][gc,humongous      ] GC(32990) Humongous region 772 (object size 1048592 @ 0x00000000b0400000) remset 0 code roots 0 marked 0 reclaim candidate 1 type array 1
[367.184s][debug][gc,humongous      ] GC(32990) Humongous region 1553 (object size 1048592 @ 0x00000000e1100000) remset 0 code roots 0 marked 0 reclaim candidate 1 type array 1
[367.185s][debug][gc,humongous      ] GC(32990) Humongous region 764 (object size 1048592 @ 0x00000000afc00000) remset 0 code roots 0 marked 0 reclaim candidate 1 type array 1
[367.186s][debug][gc,humongous      ] GC(32990) Humongous region 1722 (object size 1048592 @ 0x00000000eba00000) remset 0 code roots 0 marked 0 reclaim candidate 1 type array 1
[367.186s][debug][gc,humongous      ] GC(32990) Humongous region 768 (object size 1048592 @ 0x00000000b0000000) remset 0 code roots 0 marked 0 reclaim candidate 1 type array 1
[367.186s][debug][gc,humongous      ] GC(32990) Humongous region 1724 (object size 1048592 @ 0x00000000ebc00000) remset 0 code roots 0 marked 0 reclaim candidate 1 type array 1
[367.186s][debug][gc,humongous      ] GC(32990) Humongous region 780 (object size 1048592 @ 0x00000000b0c00000) remset 0 code roots 0 marked 0 reclaim candidate 1 type array 1
[367.186s][debug][gc,humongous      ] GC(32990) Humongous region 155 (object size 1048592 @ 0x0000000089b00000) remset 0 code roots 0 marked 0 reclaim candidate 1 type array 1
[367.186s][debug][gc,humongous      ] GC(32990) Humongous region 782 (object size 1048592 @ 0x00000000b0e00000) remset 0 code roots 0 marked 0 reclaim candidate 1 type array 1
[367.185s][debug][gc,humongous      ] GC(32990) Humongous region 149 (object size 1048592 @ 0x0000000089500000) remset 0 code roots 0 marked 0 reclaim candidate 1 type array 1
[367.186s][debug][gc,humongous      ] GC(32990) Humongous region 786 (object size 1048592 @ 0x00000000b1200000) remset 0 code roots 0 marked 0 reclaim candidate 1 type array 1
[367.186s][debug][gc,humongous      ] GC(32990) Humongous region 1708 (object size 1048592 @ 0x00000000eac00000) remset 0 code roots 0 marked 0 reclaim candidate 1 type array 1
[367.186s][debug][gc,humongous      ] GC(32990) Humongous region 1728 (object size 1048592 @ 0x00000000ec000000) remset 0 code roots 0 marked 0 reclaim candidate 1 type array 1
[367.186s][debug][gc,humongous      ] GC(32990) Humongous region 778 (object size 1048592 @ 0x00000000b0a00000) remset 0 code roots 0 marked 0 reclaim candidate 1 type array 1
[367.186s][debug][gc,humongous      ] GC(32990) Humongous region 1730 (object size 1048592 @ 0x00000000ec200000) remset 0 code roots 0 marked 0 reclaim candidate 1 type array 1
[367.186s][debug][gc,humongous      ] GC(32990) Humongous region 1714 (object size 1048592 @ 0x00000000eb200000) remset 0 code roots 0 marked 0 reclaim candidate 1 type array 1
[367.186s][debug][gc,humongous      ] GC(32990) Humongous region 1716 (object size 1048592 @ 0x00000000eb400000) remset 0 code roots 0 marked 0 reclaim candidate 1 type array 1
[367.186s][debug][gc,humongous      ] GC(32990) Humongous region 784 (object size 1048592 @ 0x00000000b1000000) remset 0 code roots 0 marked 0 reclaim candidate 1 type array 1
[367.186s][debug][gc,humongous      ] GC(32990) Humongous region 1720 (object size 1048592 @ 0x00000000eb800000) remset 0 code roots 0 marked 0 reclaim candidate 1 type array 1
[367.185s][debug][gc,humongous      ] GC(32990) Humongous region 754 (object size 1048592 @ 0x00000000af200000) remset 0 code roots 0 marked 0 reclaim candidate 1 type array 1
[367.186s][debug][gc,humongous      ] GC(32990) Humongous region 774 (object size 1048592 @ 0x00000000b0600000) remset 0 code roots 0 marked 0 reclaim candidate 1 type array 1
[367.186s][debug][gc,humongous      ] GC(32990) Humongous region 935 (object size 1048592 @ 0x00000000ba700000) remset 0 code roots 0 marked 0 reclaim candidate 1 type array 1
[367.186s][debug][gc,humongous      ] GC(32990) Humongous region 776 (object size 1048592 @ 0x00000000b0800000) remset 0 code roots 0 marked 0 reclaim candidate 1 type array 1
[367.186s][debug][gc,humongous      ] GC(32990) Humongous region 937 (object size 1048592 @ 0x00000000ba900000) remset 0 code roots 0 marked 0 reclaim candidate 1 type array 1
[367.186s][debug][gc,humongous      ] GC(32990) Humongous region 939 (object size 1048592 @ 0x00000000bab00000) remset 0 code roots 0 marked 0 reclaim candidate 1 type array 1
[367.186s][debug][gc,humongous      ] GC(32990) Humongous region 943 (object size 1048592 @ 0x00000000baf00000) remset 0 code roots 0 marked 0 reclaim candidate 1 type array 1
[367.186s][debug][gc,humongous      ] GC(32990) Humongous region 941 (object size 1048592 @ 0x00000000bad00000) remset 0 code roots 0 marked 0 reclaim candidate 1 type array 1
[367.186s][debug][gc,humongous      ] GC(32990) Humongous region 1726 (object size 1048592 @ 0x00000000ebe00000) remset 0 code roots 0 marked 0 reclaim candidate 1 type array 1
[367.186s][debug][gc,humongous      ] GC(32990) Humongous region 933 (object size 1048592 @ 0x00000000ba500000) remset 0 code roots 0 marked 0 reclaim candidate 1 type array 1
[367.186s][debug][gc,ergo           ] GC(32990) Running G1 Merge Heap Roots using 13 workers for 1 regions
[367.187s][debug][gc,remset         ] GC(32990) Visited cards 480 Total dirty 2048 (23.44%) Total old 4165632 (0.01%)
[367.187s][debug][gc,ref            ] GC(32990) Skipped phase 1 of Reference Processing: no references
[367.187s][debug][gc,ref            ] GC(32990) Skipped phase 2 of Reference Processing: no references
[367.187s][debug][gc,ref            ] GC(32990) Skipped phase 3 of Reference Processing: no references
[367.187s][debug][gc,ref            ] GC(32990) Skipped phase 4 of Reference Processing: no references
[367.187s][debug][gc,humongous      ] GC(32990) Reclaimed humongous region 5 (object size 1048592 @ 0x0000000080500000)
[367.187s][debug][gc,humongous      ] GC(32990) Reclaimed humongous region 25 (object size 1048592 @ 0x0000000081900000)
[367.187s][debug][gc,humongous      ] GC(32990) Reclaimed humongous region 27 (object size 1048592 @ 0x0000000081b00000)
[367.187s][debug][gc,humongous      ] GC(32990) Reclaimed humongous region 64 (object size 1048592 @ 0x0000000084000000)
[367.187s][debug][gc,humongous      ] GC(32990) Reclaimed humongous region 70 (object size 1048592 @ 0x0000000084600000)
[367.187s][debug][gc,humongous      ] GC(32990) Reclaimed humongous region 157 (object size 1048592 @ 0x0000000089d00000)
[367.187s][debug][gc,humongous      ] GC(32990) Reclaimed humongous region 183 (object size 1048592 @ 0x000000008b700000)
[367.187s][debug][gc,humongous      ] GC(32990) Reclaimed humongous region 240 (object size 1048592 @ 0x000000008f000000)
[367.187s][debug][gc,humongous      ] GC(32990) Reclaimed humongous region 282 (object size 1048592 @ 0x0000000091a00000)
[367.187s][debug][gc,humongous      ] GC(32990) Reclaimed humongous region 286 (object size 1048592 @ 0x0000000091e00000)
[367.187s][debug][gc,humongous      ] GC(32990) Reclaimed humongous region 290 (object size 1048592 @ 0x0000000092200000)
[367.187s][debug][gc,humongous      ] GC(32990) Reclaimed humongous region 303 (object size 1048592 @ 0x0000000092f00000)
[367.187s][debug][gc,humongous      ] GC(32990) Reclaimed humongous region 503 (object size 1048592 @ 0x000000009f700000)
[367.187s][debug][gc,humongous      ] GC(32990) Reclaimed humongous region 552 (object size 1048592 @ 0x00000000a2800000)
[367.187s][debug][gc,humongous      ] GC(32990) Reclaimed humongous region 584 (object size 1048592 @ 0x00000000a4800000)
[367.187s][debug][gc,humongous      ] GC(32990) Reclaimed humongous region 715 (object size 1048592 @ 0x00000000acb00000)
[367.187s][debug][gc,humongous      ] GC(32990) Reclaimed humongous region 749 (object size 1048592 @ 0x00000000aed00000)
[367.187s][debug][gc,humongous      ] GC(32990) Reclaimed humongous region 766 (object size 1048592 @ 0x00000000afe00000)
[367.188s][debug][gc,humongous      ] GC(32990) Reclaimed humongous region 780 (object size 1048592 @ 0x00000000b0c00000)
[367.188s][debug][gc,humongous      ] GC(32990) Reclaimed humongous region 810 (object size 1048592 @ 0x00000000b2a00000)
[367.188s][debug][gc,humongous      ] GC(32990) Reclaimed humongous region 834 (object size 1048592 @ 0x00000000b4200000)
[367.188s][debug][gc,humongous      ] GC(32990) Reclaimed humongous region 931 (object size 1048592 @ 0x00000000ba300000)
[367.188s][debug][gc,humongous      ] GC(32990) Reclaimed humongous region 933 (object size 1048592 @ 0x00000000ba500000)
[367.188s][debug][gc,humongous      ] GC(32990) Reclaimed humongous region 935 (object size 1048592 @ 0x00000000ba700000)
[367.188s][debug][gc,humongous      ] GC(32990) Reclaimed humongous region 963 (object size 1048592 @ 0x00000000bc300000)
[367.188s][debug][gc,humongous      ] GC(32990) Reclaimed humongous region 1093 (object size 1048592 @ 0x00000000c4500000)
[367.188s][debug][gc,humongous      ] GC(32990) Reclaimed humongous region 1119 (object size 1048592 @ 0x00000000c5f00000)
[367.188s][debug][gc,humongous      ] GC(32990) Reclaimed humongous region 1240 (object size 1048592 @ 0x00000000cd800000)
[367.188s][debug][gc,humongous      ] GC(32990) Reclaimed humongous region 1345 (object size 1048592 @ 0x00000000d4100000)
[367.188s][debug][gc,humongous      ] GC(32990) Reclaimed humongous region 1413 (object size 1048592 @ 0x00000000d8500000)
[367.188s][debug][gc,humongous      ] GC(32990) Reclaimed humongous region 1421 (object size 1048592 @ 0x00000000d8d00000)
[367.188s][debug][gc,humongous      ] GC(32990) Reclaimed humongous region 1425 (object size 1048592 @ 0x00000000d9100000)
[367.188s][debug][gc,humongous      ] GC(32990) Reclaimed humongous region 1505 (object size 1048592 @ 0x00000000de100000)
[367.188s][debug][gc,humongous      ] GC(32990) Reclaimed humongous region 1531 (object size 1048592 @ 0x00000000dfb00000)
[367.188s][debug][gc,humongous      ] GC(32990) Reclaimed humongous region 1659 (object size 1048592 @ 0x00000000e7b00000)
[367.188s][debug][gc,humongous      ] GC(32990) Reclaimed humongous region 1754 (object size 1048592 @ 0x00000000eda00000)
[367.188s][debug][gc,humongous      ] GC(32990) Reclaimed humongous region 1864 (object size 1048592 @ 0x00000000f4800000)
[367.188s][debug][gc,humongous      ] GC(32990) Reclaimed humongous region 1896 (object size 1048592 @ 0x00000000f6800000)
[367.188s][debug][gc,humongous      ] GC(32990) Reclaimed humongous region 1900 (object size 1048592 @ 0x00000000f6c00000)
[367.188s][debug][gc,humongous      ] GC(32990) Reclaimed humongous region 1918 (object size 1048592 @ 0x00000000f7e00000)
[367.188s][debug][gc,humongous      ] GC(32990) Reclaimed humongous region 1944 (object size 1048592 @ 0x00000000f9800000)
[367.188s][debug][gc,humongous      ] GC(32990) Reclaimed humongous region 1990 (object size 1048592 @ 0x00000000fc600000)
[367.188s][debug][gc,humongous      ] GC(32990) Reclaimed humongous region 1999 (object size 1048592 @ 0x00000000fcf00000)
[367.188s][debug][gc,humongous      ] GC(32990) Reclaimed humongous region 2003 (object size 1048592 @ 0x00000000fd300000)
[367.188s][debug][gc,humongous      ] GC(32990) Reclaimed humongous region 2027 (object size 1048592 @ 0x00000000feb00000)
[367.188s][debug][gc,ergo           ] GC(32990) Running G1 Rebuild Free List Task using 13 workers for rebuilding free list of regions
[367.188s][debug][gc,plab           ] GC(32990) Young PLAB allocation: allocated: 0B, wasted: 0B, unused: 0B, used: 0B, undo waste: 0B, 
[367.188s][debug][gc,plab           ] GC(32990) Young other allocation: region end waste: 0B, regions filled: 0, direct allocated: 0B, failure used: 0B, failure wasted: 0B
[367.188s][debug][gc,plab           ] GC(32990) Young sizing: calculated: 0B, actual: 2064B
[367.188s][debug][gc,plab           ] GC(32990) Old PLAB allocation: allocated: 72240B, wasted: 856B, unused: 9088B, used: 62296B, undo waste: 0B, 
[367.188s][debug][gc,plab           ] GC(32990) Old other allocation: region end waste: 0B, regions filled: 1, direct allocated: 74616B, failure used: 0B, failure wasted: 0B
[367.188s][debug][gc,plab           ] GC(32990) Old sizing: calculated: 12456B, actual: 9488B
[367.188s][debug][gc,ergo,heap      ] GC(32990) Heap expansion: short term pause time ratio 92.48% long term pause time ratio 76.88% threshold 7.69% pause time ratio 7.69% fully expanded true resize by 0B
[367.188s][debug][gc,ergo,ihop      ] GC(32990) Do not request concurrent cycle initiation (still doing mixed collections) occupancy: 2037383168B allocation request: 0B threshold: 1815203195B (84.53) source: end of GC
[367.188s][debug][gc,mmu            ] GC(32990) MMU: 135.4ms (200.0ms/201.0ms)
[367.188s][debug][gc,ergo           ] GC(32990) do not continue mixed GCs (candidate old regions not available)
[367.188s][debug][gc,ergo,ihop      ] GC(32990) Request concurrent cycle initiation (occupancy higher than threshold) occupancy: 2037383168B allocation request: 0B threshold: 1815203195B (84.53) source: end of GC
[367.188s][debug][gc,alloc,stats    ] Old generation allocation in the last mutator period, old gen allocated: 72240B, humongous allocated: 94371840B,old gen growth: 72240B.
[367.188s][debug][gc,ihop           ] GC(32990) Basic information (value update), threshold: 1815187630B (84.53), target occupancy: 2147483648B, current occupancy: 2035351040B, recent allocation size: 94444080B, recent allocation duration: 7.43ms, recent old gen allocation rate: 12709782422.35B/s, recent marking phase length: 13.50ms
[367.188s][debug][gc,ihop           ] GC(32990) Adaptive IHOP information (value update), threshold: 1815187630B (99.44), internal target occupancy: 1825361100B, occupancy: 2035351040B, additional buffer size: 0B, predicted old gen allocation rate: 759063609.12B/s, predicted marking phase length: 13.40ms, prediction active: true
[367.188s][debug][gc,ergo,refine    ] GC(32990) Concurrent refinement times: Logged Cards Scan time goal: 20.00ms Logged Cards Scan time: 0.00ms HCC time: 0.00ms
[367.188s][debug][gc,ergo,refine    ] GC(32990) Updated Refinement Zones: green: 3328, yellow: 9984, red: 16640
[367.188s][info ][gc,phases         ] GC(32990)   Pre Evacuate Collection Set: 13.5ms
[367.188s][debug][gc,phases         ] GC(32990)     Prepare TLABs: 0.0ms
[367.188s][debug][gc,phases         ] GC(32990)     Concatenate Dirty Card Logs: 0.0ms
[367.188s][debug][gc,phases         ] GC(32990)     Choose Collection Set: 0.0ms
[367.188s][debug][gc,phases         ] GC(32990)     Region Register: 13.5ms
[367.188s][debug][gc,phases         ] GC(32990)     Prepare Heap Roots: 0.0ms
[367.188s][info ][gc,phases         ] GC(32990)   Merge Heap Roots: 0.3ms
[367.188s][debug][gc,phases         ] GC(32990)     Prepare Merge Heap Roots: 0.0ms
[367.188s][debug][gc,phases         ] GC(32990)     Eager Reclaim (ms):            Min:  0.1, Avg:  0.1, Max:  0.1, Diff:  0.0, Sum:  0.1, Workers: 1
[367.188s][debug][gc,phases         ] GC(32990)     Remembered Sets (ms):          Min:  0.0, Avg:  0.0, Max:  0.0, Diff:  0.0, Sum:  0.0, Workers: 13
[367.188s][debug][gc,phases         ] GC(32990)       Merged Sparse:                 Min: 0, Avg:  0.0, Max: 0, Diff: 0, Sum: 0, Workers: 13
[367.188s][debug][gc,phases         ] GC(32990)       Merged Fine:                   Min: 0, Avg:  0.1, Max: 1, Diff: 1, Sum: 1, Workers: 13
[367.188s][debug][gc,phases         ] GC(32990)       Merged Coarse:                 Min: 0, Avg:  0.0, Max: 0, Diff: 0, Sum: 0, Workers: 13
[367.188s][debug][gc,phases         ] GC(32990)       Dirty Cards:                   Min: 0, Avg: 12.5, Max: 162, Diff: 162, Sum: 162, Workers: 13
[367.188s][debug][gc,phases         ] GC(32990)     Hot Card Cache (ms):           Min:  0.0, Avg:  0.0, Max:  0.0, Diff:  0.0, Sum:  0.0, Workers: 13
[367.188s][debug][gc,phases         ] GC(32990)       Dirty Cards:                   Min: 0, Avg:  0.0, Max: 0, Diff: 0, Sum: 0, Workers: 13
[367.188s][debug][gc,phases         ] GC(32990)       Skipped Cards:                 Min: 0, Avg:  0.0, Max: 0, Diff: 0, Sum: 0, Workers: 13
[367.188s][debug][gc,phases         ] GC(32990)     Log Buffers (ms):              Min:  0.0, Avg:  0.0, Max:  0.0, Diff:  0.0, Sum:  0.0, Workers: 13
[367.188s][debug][gc,phases         ] GC(32990)       Dirty Cards:                   Min: 0, Avg:  0.0, Max: 0, Diff: 0, Sum: 0, Workers: 13
[367.188s][debug][gc,phases         ] GC(32990)       Skipped Cards:                 Min: 0, Avg:  0.7, Max: 9, Diff: 9, Sum: 9, Workers: 13
[367.188s][info ][gc,phases         ] GC(32990)   Evacuate Collection Set: 0.5ms
[367.188s][debug][gc,phases         ] GC(32990)     Ext Root Scanning (ms):        Min:  0.0, Avg:  0.0, Max:  0.1, Diff:  0.1, Sum:  0.2, Workers: 13
[367.188s][debug][gc,phases         ] GC(32990)     Scan Heap Roots (ms):          Min:  0.0, Avg:  0.0, Max:  0.0, Diff:  0.0, Sum:  0.1, Workers: 13
[367.188s][debug][gc,phases         ] GC(32990)       Scanned Cards:                 Min: 0, Avg: 13.1, Max: 47, Diff: 47, Sum: 170, Workers: 13
[367.188s][debug][gc,phases         ] GC(32990)       Scanned Blocks:                Min: 0, Avg:  5.2, Max: 18, Diff: 18, Sum: 67, Workers: 13
[367.188s][debug][gc,phases         ] GC(32990)       Claimed Chunks:                Min: 0, Avg:  1.2, Max: 5, Diff: 5, Sum: 15, Workers: 13
[367.188s][debug][gc,phases         ] GC(32990)     Code Root Scan (ms):           Min:  0.0, Avg:  0.0, Max:  0.0, Diff:  0.0, Sum:  0.0, Workers: 13
[367.188s][debug][gc,phases         ] GC(32990)     Object Copy (ms):              Min:  0.0, Avg:  0.0, Max:  0.1, Diff:  0.1, Sum:  0.3, Workers: 13
[367.188s][debug][gc,phases         ] GC(32990)     Termination (ms):              Min:  0.1, Avg:  0.2, Max:  0.3, Diff:  0.1, Sum:  2.7, Workers: 13
[367.188s][debug][gc,phases         ] GC(32990)       Termination Attempts:          Min: 1, Avg:  1.0, Max: 1, Diff: 0, Sum: 13, Workers: 13
[367.188s][debug][gc,phases         ] GC(32990)     GC Worker Other (ms):          Min:  0.0, Avg:  0.0, Max:  0.0, Diff:  0.0, Sum:  0.1, Workers: 13
[367.188s][debug][gc,phases         ] GC(32990)     GC Worker Total (ms):          Min:  0.2, Avg:  0.3, Max:  0.4, Diff:  0.2, Sum:  3.4, Workers: 13
[367.188s][info ][gc,phases         ] GC(32990)   Post Evacuate Collection Set: 0.7ms
[367.188s][debug][gc,phases         ] GC(32990)     Code Roots Fixup: 0.0ms
[367.188s][debug][gc,phases         ] GC(32990)     Reference Processing: 0.0ms
[367.188s][debug][gc,phases,ref     ] GC(32990)       Reconsider SoftReferences: 0.0ms
[367.188s][debug][gc,phases,ref     ] GC(32990)         SoftRef (ms):                  skipped
[367.188s][debug][gc,phases,ref     ] GC(32990)       Notify Soft/WeakReferences: 0.0ms
[367.188s][debug][gc,phases,ref     ] GC(32990)         SoftRef (ms):                  skipped
[367.188s][debug][gc,phases,ref     ] GC(32990)         WeakRef (ms):                  skipped
[367.188s][debug][gc,phases,ref     ] GC(32990)         FinalRef (ms):                 skipped
[367.188s][debug][gc,phases,ref     ] GC(32990)         Total (ms):                    skipped
[367.188s][debug][gc,phases,ref     ] GC(32990)       Notify and keep alive finalizable: 0.0ms
[367.188s][debug][gc,phases,ref     ] GC(32990)         FinalRef (ms):                 skipped
[367.188s][debug][gc,phases,ref     ] GC(32990)       Notify PhantomReferences: 0.0ms
[367.188s][debug][gc,phases,ref     ] GC(32990)         PhantomRef (ms):               skipped
[367.188s][debug][gc,phases,ref     ] GC(32990)       SoftReference:
[367.188s][debug][gc,phases,ref     ] GC(32990)         Discovered: 0
[367.188s][debug][gc,phases,ref     ] GC(32990)         Cleared: 0
[367.188s][debug][gc,phases,ref     ] GC(32990)       WeakReference:
[367.188s][debug][gc,phases,ref     ] GC(32990)         Discovered: 0
[367.188s][debug][gc,phases,ref     ] GC(32990)         Cleared: 0
[367.188s][debug][gc,phases,ref     ] GC(32990)       FinalReference:
[367.188s][debug][gc,phases,ref     ] GC(32990)         Discovered: 0
[367.188s][debug][gc,phases,ref     ] GC(32990)         Cleared: 0
[367.188s][debug][gc,phases,ref     ] GC(32990)       PhantomReference:
[367.188s][debug][gc,phases,ref     ] GC(32990)         Discovered: 0
[367.188s][debug][gc,phases,ref     ] GC(32990)         Cleared: 0
[367.188s][debug][gc,phases         ] GC(32990)     Weak Processing: 0.1ms
[367.188s][debug][gc,phases         ] GC(32990)       VM Weak                        Min:  0.0, Avg:  0.0, Max:  0.0, Diff:  0.0, Sum:  0.0, Workers: 1
[367.188s][debug][gc,phases         ] GC(32990)         Dead                           Min: 0, Avg:  0.0, Max: 0, Diff: 0, Sum: 0, Workers: 1
[367.188s][debug][gc,phases         ] GC(32990)         Total                          Min: 4, Avg:  4.0, Max: 4, Diff: 0, Sum: 4, Workers: 1
[367.188s][debug][gc,phases         ] GC(32990)       ObjectSynchronizer Weak        Min:  0.0, Avg:  0.0, Max:  0.0, Diff:  0.0, Sum:  0.0, Workers: 1
[367.188s][debug][gc,phases         ] GC(32990)         Dead                           Min: 0, Avg:  0.0, Max: 0, Diff: 0, Sum: 0, Workers: 1
[367.188s][debug][gc,phases         ] GC(32990)         Total                          Min: 3, Avg:  3.0, Max: 3, Diff: 0, Sum: 3, Workers: 1
[367.188s][debug][gc,phases         ] GC(32990)       JVMTI Tag Weak OopStorage      Min:  0.0, Avg:  0.0, Max:  0.0, Diff:  0.0, Sum:  0.0, Workers: 1
[367.188s][debug][gc,phases         ] GC(32990)         Dead                           Min: 0, Avg:  0.0, Max: 0, Diff: 0, Sum: 0, Workers: 1
[367.188s][debug][gc,phases         ] GC(32990)         Total                          Min: 0, Avg:  0.0, Max: 0, Diff: 0, Sum: 0, Workers: 1
[367.188s][debug][gc,phases         ] GC(32990)       StringTable Weak               Min:  0.0, Avg:  0.0, Max:  0.0, Diff:  0.0, Sum:  0.0, Workers: 1
[367.188s][debug][gc,phases         ] GC(32990)         Dead                           Min: 0, Avg:  0.0, Max: 0, Diff: 0, Sum: 0, Workers: 1
[367.188s][debug][gc,phases         ] GC(32990)         Total                          Min: 45, Avg: 45.0, Max: 45, Diff: 0, Sum: 45, Workers: 1
[367.188s][debug][gc,phases         ] GC(32990)       ResolvedMethodTable Weak       Min:  0.0, Avg:  0.0, Max:  0.0, Diff:  0.0, Sum:  0.0, Workers: 1
[367.188s][debug][gc,phases         ] GC(32990)         Dead                           Min: 0, Avg:  0.0, Max: 0, Diff: 0, Sum: 0, Workers: 1
[367.188s][debug][gc,phases         ] GC(32990)         Total                          Min: 22, Avg: 22.0, Max: 22, Diff: 0, Sum: 22, Workers: 1
[367.188s][debug][gc,phases         ] GC(32990)       JNI Weak                       Min:  0.0, Avg:  0.0, Max:  0.0, Diff:  0.0, Sum:  0.0, Workers: 1
[367.188s][debug][gc,phases         ] GC(32990)         Dead                           Min: 0, Avg:  0.0, Max: 0, Diff: 0, Sum: 0, Workers: 1
[367.188s][debug][gc,phases         ] GC(32990)         Total                          Min: 0, Avg:  0.0, Max: 0, Diff: 0, Sum: 0, Workers: 1
[367.188s][debug][gc,phases         ] GC(32990)       StringDedup Table Weak         Min:  0.0, Avg:  0.0, Max:  0.0, Diff:  0.0, Sum:  0.0, Workers: 1
[367.188s][debug][gc,phases         ] GC(32990)         Dead                           Min: 0, Avg:  0.0, Max: 0, Diff: 0, Sum: 0, Workers: 1
[367.188s][debug][gc,phases         ] GC(32990)         Total                          Min: 0, Avg:  0.0, Max: 0, Diff: 0, Sum: 0, Workers: 1
[367.189s][debug][gc,phases         ] GC(32990)       StringDedup Requests0 Weak     Min:  0.0, Avg:  0.0, Max:  0.0, Diff:  0.0, Sum:  0.0, Workers: 1
[367.189s][debug][gc,phases         ] GC(32990)         Dead                           Min: 0, Avg:  0.0, Max: 0, Diff: 0, Sum: 0, Workers: 1
[367.189s][debug][gc,phases         ] GC(32990)         Total                          Min: 0, Avg:  0.0, Max: 0, Diff: 0, Sum: 0, Workers: 1
[367.189s][debug][gc,phases         ] GC(32990)       StringDedup Requests1 Weak     Min:  0.0, Avg:  0.0, Max:  0.0, Diff:  0.0, Sum:  0.0, Workers: 1
[367.189s][debug][gc,phases         ] GC(32990)         Dead                           Min: 0, Avg:  0.0, Max: 0, Diff: 0, Sum: 0, Workers: 1
[367.189s][debug][gc,phases         ] GC(32990)         Total                          Min: 0, Avg:  0.0, Max: 0, Diff: 0, Sum: 0, Workers: 1
[367.189s][debug][gc,phases         ] GC(32990)       Weak JFR Old Object Samples    Min:  0.0, Avg:  0.0, Max:  0.0, Diff:  0.0, Sum:  0.0, Workers: 1
[367.189s][debug][gc,phases         ] GC(32990)         Dead                           Min: 0, Avg:  0.0, Max: 0, Diff: 0, Sum: 0, Workers: 1
[367.189s][debug][gc,phases         ] GC(32990)         Total                          Min: 0, Avg:  0.0, Max: 0, Diff: 0, Sum: 0, Workers: 1
[367.189s][debug][gc,phases         ] GC(32990)     Post Evacuate Cleanup 1: 0.1ms
[367.189s][debug][gc,phases         ] GC(32990)       Merge Per-Thread State (ms):   Min:  0.0, Avg:  0.0, Max:  0.0, Diff:  0.0, Sum:  0.0, Workers: 1
[367.189s][debug][gc,phases         ] GC(32990)         Copied Bytes                   Min: 0, Avg: 10531.7, Max: 36448, Diff: 36448, Sum: 136912, Workers: 13
[367.189s][debug][gc,phases         ] GC(32990)         LAB Waste                      Min: 0, Avg: 65.8, Max: 224, Diff: 224, Sum: 856, Workers: 13
[367.189s][debug][gc,phases         ] GC(32990)         LAB Undo Waste                 Min: 0, Avg:  0.0, Max: 0, Diff: 0, Sum: 0, Workers: 13
[367.189s][debug][gc,phases         ] GC(32990)       Clear Logged Cards (ms):       Min:  0.0, Avg:  0.0, Max:  0.0, Diff:  0.0, Sum:  0.0, Workers: 3
[367.189s][debug][gc,phases         ] GC(32990)       Recalculate Used Memory (ms):  Min:  0.0, Avg:  0.0, Max:  0.0, Diff:  0.0, Sum:  0.0, Workers: 1
[367.189s][debug][gc,phases         ] GC(32990)     Post Evacuate Cleanup 2: 0.3ms
[367.189s][debug][gc,phases         ] GC(32990)       Reset Hot Card Cache (ms):     Min:  0.0, Avg:  0.0, Max:  0.0, Diff:  0.0, Sum:  0.0, Workers: 1
[367.189s][debug][gc,phases         ] GC(32990)       Purge Code Roots (ms):         Min:  0.0, Avg:  0.0, Max:  0.0, Diff:  0.0, Sum:  0.0, Workers: 1
[367.189s][debug][gc,phases         ] GC(32990)       Update Derived Pointers (ms):  Min:  0.0, Avg:  0.0, Max:  0.0, Diff:  0.0, Sum:  0.0, Workers: 1
[367.189s][debug][gc,phases         ] GC(32990)       Eagerly Reclaim Humongous Objects (ms): Min:  0.3, Avg:  0.3, Max:  0.3, Diff:  0.0, Sum:  0.3, Workers: 1
[367.189s][debug][gc,phases         ] GC(32990)         Humongous Total                Min: 1015, Avg: 1015.0, Max: 1015, Diff: 0, Sum: 1015, Workers: 1
[367.189s][debug][gc,phases         ] GC(32990)         Humongous Candidates           Min: 1015, Avg: 1015.0, Max: 1015, Diff: 0, Sum: 1015, Workers: 1
[367.189s][debug][gc,phases         ] GC(32990)         Humongous Reclaimed            Min: 45, Avg: 45.0, Max: 45, Diff: 0, Sum: 45, Workers: 1
[367.189s][debug][gc,phases         ] GC(32990)       Redirty Logged Cards (ms):     Min:  0.0, Avg:  0.0, Max:  0.0, Diff:  0.0, Sum:  0.0, Workers: 13
[367.189s][debug][gc,phases         ] GC(32990)         Redirtied Cards:               Min: 0, Avg:  0.7, Max: 9, Diff: 9, Sum: 9, Workers: 13
[367.189s][debug][gc,phases         ] GC(32990)       Free Collection Set (ms):      Min:  0.0, Avg:  0.0, Max:  0.0, Diff:  0.0, Sum:  0.0, Workers: 13
[367.189s][debug][gc,phases         ] GC(32990)     Rebuild Free List: 0.2ms
[367.189s][debug][gc,phases         ] GC(32990)     Start New Collection Set: 0.0ms
[367.189s][debug][gc,phases         ] GC(32990)     Resize TLABs: 0.0ms
[367.189s][debug][gc,phases         ] GC(32990)     Expand Heap After Collection: 0.0ms
[367.189s][info ][gc,phases         ] GC(32990)   Other: 0.2ms
[367.189s][info ][gc,heap           ] GC(32990) Eden regions: 0->0(102)
[367.189s][info ][gc,heap           ] GC(32990) Survivor regions: 0->0(13)
[367.189s][info ][gc,heap           ] GC(32990) Old regions: 1->1
[367.189s][info ][gc,heap           ] GC(32990) Archive regions: 2->2
[367.189s][info ][gc,heap           ] GC(32990) Humongous regions: 2030->1940
[367.189s][info ][gc,metaspace      ] GC(32990) Metaspace: 198K(384K)->198K(384K) NonClass: 192K(256K)->192K(256K) Class: 5K(128K)->5K(128K)
[367.189s][debug][gc,heap           ] GC(32990) Heap after GC invocations=31571 (full 10207):
[367.189s][debug][gc,heap           ] GC(32990)  garbage-first heap   total 2097152K, used 1987647K [0x0000000080000000, 0x0000000100000000)
[367.189s][debug][gc,heap           ] GC(32990)   region size 1024K, 0 young (0K), 0 survivors (0K)
[367.189s][debug][gc,heap           ] GC(32990)  Metaspace       used 198K, committed 384K, reserved 1114112K
[367.189s][debug][gc,heap           ] GC(32990)   class space    used 5K, committed 128K, reserved 1048576K
[367.189s][info ][gc                ] GC(32990) Pause Young (Mixed) (G1 Humongous Allocation) 2031M->1941M(2048M) 15.877ms
[367.189s][info ][gc,cpu            ] GC(32990) User=0.02s Sys=0.01s Real=0.01s
[367.189s][debug][gc,ergo,ihop      ] Request concurrent cycle initiation (occupancy higher than threshold) occupancy: 2039480320B allocation request: 0B threshold: 1815187630B (84.53) source: STW humongous allocation
[367.189s][debug][gc,ergo,ihop      ] Request concurrent cycle initiation (occupancy higher than threshold) occupancy: 2039480320B allocation request: 1048592B threshold: 1815187630B (84.53) source: concurrent humongous allocation
[367.189s][debug][gc,ergo,ihop      ] Request concurrent cycle initiation (occupancy higher than threshold) occupancy: 2039480320B allocation request: 1048592B threshold: 1815187630B (84.53) source: concurrent humongous allocation
[367.189s][debug][gc,ergo,ihop      ] Request concurrent cycle initiation (occupancy higher than threshold) occupancy: 2039480320B allocation request: 1048592B threshold: 1815187630B (84.53) source: concurrent humongous allocation
[367.189s][debug][gc,ergo,ihop      ] Request concurrent cycle initiation (occupancy higher than threshold) occupancy: 2039480320B allocation request: 1048592B threshold: 1815187630B (84.53) source: concurrent humongous allocation
[367.189s][debug][gc,ergo,ihop      ] Request concurrent cycle initiation (occupancy higher than threshold) occupancy: 2039480320B allocation request: 1048592B threshold: 1815187630B (84.53) source: concurrent humongous allocation
[367.189s][debug][gc,ergo,ihop      ] Request concurrent cycle initiation (occupancy higher than threshold) occupancy: 2039480320B allocation request: 1048592B threshold: 1815187630B (84.53) source: concurrent humongous allocation
[367.189s][debug][gc,ergo,ihop      ] Request concurrent cycle initiation (occupancy higher than threshold) occupancy: 2039480320B allocation request: 10485776B threshold: 1815187630B (84.53) source: concurrent humongous allocation
[367.189s][debug][gc,ergo,ihop      ] Request concurrent cycle initiation (occupancy higher than threshold) occupancy: 2039480320B allocation request: 1048592B threshold: 1815187630B (84.53) source: concurrent humongous allocation
[367.189s][debug][gc,ergo,ihop      ] Request concurrent cycle initiation (occupancy higher than threshold) occupancy: 2039480320B allocation request: 1048592B threshold: 1815187630B (84.53) source: concurrent humongous allocation
[367.189s][debug][gc,ergo,ihop      ] Request concurrent cycle initiation (occupancy higher than threshold) occupancy: 2039480320B allocation request: 1048592B threshold: 1815187630B (84.53) source: concurrent humongous allocation
[367.189s][debug][gc,ergo           ] Request concurrent cycle initiation (requested by GC cause). GC cause: G1 Humongous Allocation
[367.189s][debug][gc,heap           ] GC(32991) Heap before GC invocations=31571 (full 10207):
[367.189s][debug][gc,heap           ] GC(32991)  garbage-first heap   total 2097152K, used 1989695K [0x0000000080000000, 0x0000000100000000)
[367.189s][debug][gc,heap           ] GC(32991)   region size 1024K, 0 young (0K), 0 survivors (0K)
[367.189s][debug][gc,heap           ] GC(32991)  Metaspace       used 198K, committed 384K, reserved 1114112K
[367.189s][debug][gc,heap           ] GC(32991)   class space    used 5K, committed 128K, reserved 1048576K
[367.189s][debug][gc,ergo           ] GC(32991) Initiate concurrent cycle (concurrent cycle initiation requested)
[367.189s][info ][gc,start          ] GC(32991) Pause Young (Concurrent Start) (G1 Humongous Allocation)
[367.189s][info ][gc,task           ] GC(32991) Using 13 workers of 13 for evacuation
[367.189s][debug][gc,age            ] GC(32991) Desired survivor size 6815744 bytes, new threshold 15 (max threshold 15)
[367.189s][debug][gc,refine,stats   ] GC(32991) Mutator refinement: 0.00ms, refined: 0, precleaned: 0, dirtied: 0
[367.189s][debug][gc,refine,stats   ] GC(32991) Concurrent refinement: 0.00ms, refined: 0, precleaned: 0, dirtied: 0
[367.189s][debug][gc,refine,stats   ] GC(32991) Total refinement: 0.00ms, refined: 0, precleaned: 0, dirtied: 0
[367.189s][debug][gc,refine,stats   ] GC(32991) Generate dirty cards rate: 0.00 cards/ms
[367.189s][debug][gc,alloc,region   ] GC(32991) Mutator Allocation stats, regions: 0, wasted size: 0B ( 0.0%)
[367.189s][debug][gc,humongous      ] GC(32991) Humongous region 0 (object size 1048592 @ 0x0000000080000000) remset 0 code roots 0 marked 0 reclaim candidate 1 type array 1
[367.189s][debug][gc,humongous      ] GC(32991) Humongous region 3 (object size 1048592 @ 0x0000000080300000) remset 0 code roots 0 marked 0 reclaim candidate 1 type array 1
[367.189s][debug][gc,humongous      ] GC(32991) Humongous region 5 (object size 1048592 @ 0x0000000080500000) remset 0 code roots 0 marked 0 reclaim candidate 1 type array 1
[367.189s][debug][gc,humongous      ] GC(32991) Humongous region 315 (object size 1048592 @ 0x0000000093b00000) remset 0 code roots 0 marked 0 reclaim candidate 1 type array 1
[367.189s][debug][gc,humongous      ] GC(32991) Humongous region 630 (object size 1048592 @ 0x00000000a7600000) remset 0 code roots 0 marked 0 reclaim candidate 1 type array 1
[367.189s][debug][gc,humongous      ] GC(32991) Humongous region 7 (object size 1048592 @ 0x0000000080700000) remset 0 code roots 0 marked 0 reclaim candidate 1 type array 1
[367.189s][debug][gc,humongous      ] GC(32991) Humongous region 632 (object size 1048592 @ 0x00000000a7800000) remset 0 code roots 0 marked 0 reclaim candidate 1 type array 1
[367.189s][debug][gc,humongous      ] GC(32991) Humongous region 9 (object size 1048592 @ 0x0000000080900000) remset 0 code roots 0 marked 0 reclaim candidate 1 type array 1
[367.189s][debug][gc,humongous      ] GC(32991) Humongous region 1417 (object size 1048592 @ 0x00000000d8900000) remset 0 code roots 0 marked 0 reclaim candidate 1 type array 1
[367.189s][debug][gc,humongous      ] GC(32991) Humongous region 788 (object size 1048592 @ 0x00000000b1400000) remset 0 code roots 0 marked 0 reclaim candidate 1 type array 1
[367.189s][debug][gc,humongous      ] GC(32991) Humongous region 945 (object size 1048592 @ 0x00000000bb100000) remset 0 code roots 0 marked 0 reclaim candidate 1 type array 1
[367.189s][debug][gc,humongous      ] GC(32991) Humongous region 790 (object size 1048592 @ 0x00000000b1600000) remset 0 code roots 0 marked 0 reclaim candidate 1 type array 1
[367.189s][debug][gc,humongous      ] GC(32991) Humongous region 1103 (object size 1048592 @ 0x00000000c4f00000) remset 0 code roots 0 marked 0 reclaim candidate 1 type array 1
[367.189s][debug][gc,humongous      ] GC(32991) Humongous region 947 (object size 1048592 @ 0x00000000bb300000) remset 0 code roots 0 marked 0 reclaim candidate 1 type array 1
[367.189s][debug][gc,humongous      ] GC(32991) Humongous region 1260 (object size 1048592 @ 0x00000000cec00000) remset 0 code roots 0 marked 0 reclaim candidate 1 type array 1
[367.189s][debug][gc,humongous      ] GC(32991) Humongous region 1105 (object size 1048592 @ 0x00000000c5100000) remset 0 code roots 0 marked 0 reclaim candidate 1 type array 1
[367.189s][debug][gc,humongous      ] GC(32991) Humongous region 473 (object size 1048592 @ 0x000000009d900000) remset 0 code roots 0 marked 0 reclaim candidate 1 type array 1
[367.189s][debug][gc,humongous      ] GC(32991) Humongous region 1107 (object size 1048592 @ 0x00000000c5300000) remset 0 code roots 0 marked 0 reclaim candidate 1 type array 1
[367.189s][debug][gc,humongous      ] GC(32991) Humongous region 1575 (object size 1048592 @ 0x00000000e2700000) remset 0 code roots 0 marked 0 reclaim candidate 1 type array 1
[367.189s][debug][gc,humongous      ] GC(32991) Humongous region 475 (object size 1048592 @ 0x000000009db00000) remset 0 code roots 0 marked 0 reclaim candidate 1 type array 1
[367.189s][debug][gc,humongous      ] GC(32991) Humongous region 1732 (object size 1048592 @ 0x00000000ec400000) remset 0 code roots 0 marked 0 reclaim candidate 1 type array 1
[367.189s][debug][gc,humongous      ] GC(32991) Humongous region 477 (object size 1048592 @ 0x000000009dd00000) remset 0 code roots 0 marked 0 reclaim candidate 1 type array 1
[367.189s][debug][gc,humongous      ] GC(32991) Humongous region 1890 (object size 1048592 @ 0x00000000f6200000) remset 0 code roots 0 marked 0 reclaim candidate 1 type array 1
[367.189s][debug][gc,humongous      ] GC(32991) Humongous region 792 (object size 1048592 @ 0x00000000b1800000) remset 0 code roots 0 marked 0 reclaim candidate 1 type array 1
[367.189s][debug][gc,humongous      ] GC(32991) Humongous region 159 (object size 1048592 @ 0x0000000089f00000) remset 0 code roots 0 marked 0 reclaim candidate 1 type array 1
[367.190s][debug][gc,humongous      ] GC(32991) Humongous region 794 (object size 1048592 @ 0x00000000b1a00000) remset 0 code roots 0 marked 0 reclaim candidate 1 type array 1
[367.189s][debug][gc,humongous      ] GC(32991) Humongous region 634 (object size 1048592 @ 0x00000000a7a00000) remset 0 code roots 0 marked 0 reclaim candidate 1 type array 1
[367.190s][debug][gc,humongous      ] GC(32991) Humongous region 796 (object size 1048592 @ 0x00000000b1c00000) remset 0 code roots 0 marked 0 reclaim candidate 1 type array 1
[367.190s][debug][gc,humongous      ] GC(32991) Humongous region 636 (object size 1048592 @ 0x00000000a7c00000) remset 0 code roots 0 marked 0 reclaim candidate 1 type array 1
[367.189s][debug][gc,humongous      ] GC(32991) Humongous region 1109 (object size 1048592 @ 0x00000000c5500000) remset 0 code roots 0 marked 0 reclaim candidate 1 type array 1
[367.190s][debug][gc,humongous      ] GC(32991) Humongous region 638 (object size 1048592 @ 0x00000000a7e00000) remset 0 code roots 0 marked 0 reclaim candidate 1 type array 1
[367.189s][debug][gc,humongous      ] GC(32991) Humongous region 1577 (object size 1048592 @ 0x00000000e2900000) remset 0 code roots 0 marked 0 reclaim candidate 1 type array 1
[367.189s][debug][gc,humongous      ] GC(32991) Humongous region 317 (object size 1048592 @ 0x0000000093d00000) remset 0 code roots 0 marked 0 reclaim candidate 1 type array 1
[367.190s][debug][gc,humongous      ] GC(32991) Humongous region 1734 (object size 1048592 @ 0x00000000ec600000) remset 0 code roots 0 marked 0 reclaim candidate 1 type array 1
[367.190s][debug][gc,humongous      ] GC(32991) Humongous region 479 (object size 1048592 @ 0x000000009df00000) remset 0 code roots 0 marked 0 reclaim candidate 1 type array 1
[367.190s][debug][gc,humongous      ] GC(32991) Humongous region 1892 (object size 1048592 @ 0x00000000f6400000) remset 0 code roots 0 marked 0 reclaim candidate 1 type array 1
[367.189s][debug][gc,humongous      ] GC(32991) Humongous region 949 (object size 1048592 @ 0x00000000bb500000) remset 0 code roots 0 marked 0 reclaim candidate 1 type array 1
[367.190s][debug][gc,humongous      ] GC(32991) Humongous region 1894 (object size 1048592 @ 0x00000000f6600000) remset 0 code roots 0 marked 0 reclaim candidate 1 type array 1
[367.189s][debug][gc,humongous      ] GC(32991) Humongous region 1262 (object size 1048592 @ 0x00000000cee00000) remset 0 code roots 0 marked 0 reclaim candidate 1 type array 1
[367.190s][debug][gc,humongous      ] GC(32991) Humongous region 1898 (object size 1048592 @ 0x00000000f6a00000) remset 0 code roots 0 marked 0 reclaim candidate 1 type array 1
[367.189s][debug][gc,humongous      ] GC(32991) Humongous region 1419 (object size 1048592 @ 0x00000000d8b00000) remset 0 code roots 0 marked 0 reclaim candidate 1 type array 1
[367.190s][debug][gc,humongous      ] GC(32991) Humongous region 1902 (object size 1048592 @ 0x00000000f6e00000) remset 0 code roots 0 marked 0 reclaim candidate 1 type array 1
[367.190s][debug][gc,humongous      ] GC(32991) Humongous region 1111 (object size 1048592 @ 0x00000000c5700000) remset 0 code roots 0 marked 0 reclaim candidate 1 type array 1
[367.190s][debug][gc,humongous      ] GC(32991) Humongous region 1904 (object size 1048592 @ 0x00000000f7000000) remset 0 code roots 0 marked 0 reclaim candidate 1 type array 1
[367.190s][debug][gc,humongous      ] GC(32991) Humongous region 1113 (object size 1048592 @ 0x00000000c5900000) remset 0 code roots 0 marked 0 reclaim candidate 1 type array 1
[367.190s][debug][gc,humongous      ] GC(32991) Humongous region 319 (object size 1048592 @ 0x0000000093f00000) remset 0 code roots 0 marked 0 reclaim candidate 1 type array 1
[367.190s][debug][gc,humongous      ] GC(32991) Humongous region 1906 (object size 1048592 @ 0x00000000f7200000) remset 0 code roots 0 marked 0 reclaim candidate 1 type array 1
[367.190s][debug][gc,humongous      ] GC(32991) Humongous region 1115 (object size 1048592 @ 0x00000000c5b00000) remset 0 code roots 0 marked 0 reclaim candidate 1 type array 1
[367.190s][debug][gc,humongous      ] GC(32991) Humongous region 481 (object size 1048592 @ 0x000000009e100000) remset 0 code roots 0 marked 0 reclaim candidate 1 type array 1
[367.190s][debug][gc,humongous      ] GC(32991) Humongous region 1908 (object size 1048592 @ 0x00000000f7400000) remset 0 code roots 0 marked 0 reclaim candidate 1 type array 1
[367.190s][debug][gc,humongous      ] GC(32991) Humongous region 483 (object size 1048592 @ 0x000000009e300000) remset 0 code roots 0 marked 0 reclaim candidate 1 type array 1
[367.189s][debug][gc,humongous      ] GC(32991) Humongous region 11 (object size 1048592 @ 0x0000000080b00000) remset 0 code roots 0 marked 0 reclaim candidate 1 type array 1
[367.190s][debug][gc,humongous      ] GC(32991) Humongous region 1423 (object size 1048592 @ 0x00000000d8f00000) remset 0 code roots 0 marked 0 reclaim candidate 1 type array 1
[367.190s][debug][gc,humongous      ] GC(32991) Humongous region 13 (object size 1048592 @ 0x0000000080d00000) remset 0 code roots 0 marked 0 reclaim candidate 1 type array 1
[367.190s][debug][gc,humongous      ] GC(32991) Humongous region 640 (object size 1048592 @ 0x00000000a8000000) remset 0 code roots 0 marked 0 reclaim candidate 1 type array 1
[367.190s][debug][gc,humongous      ] GC(32991) Humongous region 1579 (object size 1048592 @ 0x00000000e2b00000) remset 0 code roots 0 marked 0 reclaim candidate 1 type array 1
[367.190s][debug][gc,humongous      ] GC(32991) Humongous region 1736 (object size 1048592 @ 0x00000000ec800000) remset 0 code roots 0 marked 0 reclaim candidate 1 type array 1
[367.190s][debug][gc,humongous      ] GC(32991) Humongous region 321 (object size 1048592 @ 0x0000000094100000) remset 0 code roots 0 marked 0 reclaim candidate 1 type array 1
[367.190s][debug][gc,humongous      ] GC(32991) Humongous region 1117 (object size 1048592 @ 0x00000000c5d00000) remset 0 code roots 0 marked 0 reclaim candidate 1 type array 1
[367.190s][debug][gc,humongous      ] GC(32991) Humongous region 323 (object size 1048592 @ 0x0000000094300000) remset 0 code roots 0 marked 0 reclaim candidate 1 type array 1
[367.190s][debug][gc,humongous      ] GC(32991) Humongous region 1121 (object size 1048592 @ 0x00000000c6100000) remset 0 code roots 0 marked 0 reclaim candidate 1 type array 1
[367.190s][debug][gc,humongous      ] GC(32991) Humongous region 1264 (object size 1048592 @ 0x00000000cf000000) remset 0 code roots 0 marked 0 reclaim candidate 1 type array 1
[367.190s][debug][gc,humongous      ] GC(32991) Humongous region 1910 (object size 1048592 @ 0x00000000f7600000) remset 0 code roots 0 marked 0 reclaim candidate 1 type array 1
[367.190s][debug][gc,humongous      ] GC(32991) Humongous region 798 (object size 1048592 @ 0x00000000b1e00000) remset 0 code roots 0 marked 0 reclaim candidate 1 type array 1
[367.190s][debug][gc,humongous      ] GC(32991) Humongous region 485 (object size 1048592 @ 0x000000009e500000) remset 0 code roots 0 marked 0 reclaim candidate 1 type array 1
[367.190s][debug][gc,humongous      ] GC(32991) Humongous region 1427 (object size 1048592 @ 0x00000000d9300000) remset 0 code roots 0 marked 0 reclaim candidate 1 type array 1
[367.190s][debug][gc,humongous      ] GC(32991) Humongous region 800 (object size 1048592 @ 0x00000000b2000000) remset 0 code roots 0 marked 0 reclaim candidate 1 type array 1
[367.190s][debug][gc,humongous      ] GC(32991) Humongous region 487 (object size 1048592 @ 0x000000009e700000) remset 0 code roots 0 marked 0 reclaim candidate 1 type array 1
[367.190s][debug][gc,humongous      ] GC(32991) Humongous region 1429 (object size 1048592 @ 0x00000000d9500000) remset 0 code roots 0 marked 0 reclaim candidate 1 type array 1
[367.190s][debug][gc,humongous      ] GC(32991) Humongous region 802 (object size 1048592 @ 0x00000000b2200000) remset 0 code roots 0 marked 0 reclaim candidate 1 type array 1
[367.190s][debug][gc,humongous      ] GC(32991) Humongous region 951 (object size 1048592 @ 0x00000000bb700000) remset 0 code roots 0 marked 0 reclaim candidate 1 type array 1
[367.190s][debug][gc,humongous      ] GC(32991) Humongous region 804 (object size 1048592 @ 0x00000000b2400000) remset 0 code roots 0 marked 0 reclaim candidate 1 type array 1
[367.190s][debug][gc,humongous      ] GC(32991) Humongous region 953 (object size 1048592 @ 0x00000000bb900000) remset 0 code roots 0 marked 0 reclaim candidate 1 type array 1
[367.190s][debug][gc,humongous      ] GC(32991) Humongous region 806 (object size 1048592 @ 0x00000000b2600000) remset 0 code roots 0 marked 0 reclaim candidate 1 type array 1
[367.190s][debug][gc,humongous      ] GC(32991) Humongous region 955 (object size 1048592 @ 0x00000000bbb00000) remset 0 code roots 0 marked 0 reclaim candidate 1 type array 1
[367.190s][debug][gc,humongous      ] GC(32991) Humongous region 808 (object size 1048592 @ 0x00000000b2800000) remset 0 code roots 0 marked 0 reclaim candidate 1 type array 1
[367.190s][debug][gc,humongous      ] GC(32991) Humongous region 957 (object size 1048592 @ 0x00000000bbd00000) remset 0 code roots 0 marked 0 reclaim candidate 1 type array 1
[367.190s][debug][gc,humongous      ] GC(32991) Humongous region 812 (object size 1048592 @ 0x00000000b2c00000) remset 0 code roots 0 marked 0 reclaim candidate 1 type array 1
[367.190s][debug][gc,humongous      ] GC(32991) Humongous region 959 (object size 1048592 @ 0x00000000bbf00000) remset 0 code roots 0 marked 0 reclaim candidate 1 type array 1
[367.190s][debug][gc,humongous      ] GC(32991) Humongous region 814 (object size 1048592 @ 0x00000000b2e00000) remset 0 code roots 0 marked 0 reclaim candidate 1 type array 1
[367.190s][debug][gc,humongous      ] GC(32991) Humongous region 961 (object size 1048592 @ 0x00000000bc100000) remset 0 code roots 0 marked 0 reclaim candidate 1 type array 1
[367.190s][debug][gc,humongous      ] GC(32991) Humongous region 1431 (object size 1048592 @ 0x00000000d9700000) remset 0 code roots 0 marked 0 reclaim candidate 1 type array 1
[367.190s][debug][gc,humongous      ] GC(32991) Humongous region 161 (object size 1048592 @ 0x000000008a100000) remset 0 code roots 0 marked 0 reclaim candidate 1 type array 1
[367.190s][debug][gc,humongous      ] GC(32991) Humongous region 1433 (object size 1048592 @ 0x00000000d9900000) remset 0 code roots 0 marked 0 reclaim candidate 1 type array 1
[367.190s][debug][gc,humongous      ] GC(32991) Humongous region 1123 (object size 1048592 @ 0x00000000c6300000) remset 0 code roots 0 marked 0 reclaim candidate 1 type array 1
[367.190s][debug][gc,humongous      ] GC(32991) Humongous region 1266 (object size 1048592 @ 0x00000000cf200000) remset 0 code roots 0 marked 0 reclaim candidate 1 type array 1
[367.190s][debug][gc,humongous      ] GC(32991) Humongous region 1912 (object size 1048592 @ 0x00000000f7800000) remset 0 code roots 0 marked 0 reclaim candidate 1 type array 1
[367.190s][debug][gc,humongous      ] GC(32991) Humongous region 15 (object size 1048592 @ 0x0000000080f00000) remset 0 code roots 0 marked 0 reclaim candidate 1 type array 1
[367.190s][debug][gc,humongous      ] GC(32991) Humongous region 1914 (object size 1048592 @ 0x00000000f7a00000) remset 0 code roots 0 marked 0 reclaim candidate 1 type array 1
[367.190s][debug][gc,humongous      ] GC(32991) Humongous region 1581 (object size 1048592 @ 0x00000000e2d00000) remset 0 code roots 0 marked 0 reclaim candidate 1 type array 1
[367.190s][debug][gc,humongous      ] GC(32991) Humongous region 1738 (object size 1048592 @ 0x00000000eca00000) remset 0 code roots 0 marked 0 reclaim candidate 1 type array 1
[367.190s][debug][gc,humongous      ] GC(32991) Humongous region 489 (object size 1048592 @ 0x000000009e900000) remset 0 code roots 0 marked 0 reclaim candidate 1 type array 1
[367.190s][debug][gc,humongous      ] GC(32991) Humongous region 816 (object size 1048592 @ 0x00000000b3000000) remset 0 code roots 0 marked 0 reclaim candidate 1 type array 1
[367.190s][debug][gc,humongous      ] GC(32991) Humongous region 965 (object size 1048592 @ 0x00000000bc500000) remset 0 code roots 0 marked 0 reclaim candidate 1 type array 1
[367.190s][debug][gc,humongous      ] GC(32991) Humongous region 325 (object size 1048592 @ 0x0000000094500000) remset 0 code roots 0 marked 0 reclaim candidate 1 type array 1
[367.190s][debug][gc,humongous      ] GC(32991) Humongous region 163 (object size 1048592 @ 0x000000008a300000) remset 0 code roots 0 marked 0 reclaim candidate 1 type array 1
[367.190s][debug][gc,humongous      ] GC(32991) Humongous region 1435 (object size 1048592 @ 0x00000000d9b00000) remset 0 code roots 0 marked 0 reclaim candidate 1 type array 1
[367.190s][debug][gc,humongous      ] GC(32991) Humongous region 327 (object size 1048592 @ 0x0000000094700000) remset 0 code roots 0 marked 0 reclaim candidate 1 type array 1
[367.190s][debug][gc,humongous      ] GC(32991) Humongous region 642 (object size 1048592 @ 0x00000000a8200000) remset 0 code roots 0 marked 0 reclaim candidate 1 type array 1
[367.190s][debug][gc,humongous      ] GC(32991) Humongous region 329 (object size 1048592 @ 0x0000000094900000) remset 0 code roots 0 marked 0 reclaim candidate 1 type array 1
[367.190s][debug][gc,humongous      ] GC(32991) Humongous region 644 (object size 1048592 @ 0x00000000a8400000) remset 0 code roots 0 marked 0 reclaim candidate 1 type array 1
[367.190s][debug][gc,humongous      ] GC(32991) Humongous region 17 (object size 1048592 @ 0x0000000081100000) remset 0 code roots 0 marked 0 reclaim candidate 1 type array 1
[367.190s][debug][gc,humongous      ] GC(32991) Humongous region 1583 (object size 1048592 @ 0x00000000e2f00000) remset 0 code roots 0 marked 0 reclaim candidate 1 type array 1
[367.190s][debug][gc,humongous      ] GC(32991) Humongous region 1740 (object size 1048592 @ 0x00000000ecc00000) remset 0 code roots 0 marked 0 reclaim candidate 1 type array 1
[367.190s][debug][gc,humongous      ] GC(32991) Humongous region 491 (object size 1048592 @ 0x000000009eb00000) remset 0 code roots 0 marked 0 reclaim candidate 1 type array 1
[367.190s][debug][gc,humongous      ] GC(32991) Humongous region 818 (object size 1048592 @ 0x00000000b3200000) remset 0 code roots 0 marked 0 reclaim candidate 1 type array 1
[367.190s][debug][gc,humongous      ] GC(32991) Humongous region 967 (object size 1048592 @ 0x00000000bc700000) remset 0 code roots 0 marked 0 reclaim candidate 1 type array 1
[367.190s][debug][gc,humongous      ] GC(32991) Humongous region 820 (object size 1048592 @ 0x00000000b3400000) remset 0 code roots 0 marked 0 reclaim candidate 1 type array 1
[367.190s][debug][gc,humongous      ] GC(32991) Humongous region 165 (object size 1048592 @ 0x000000008a500000) remset 0 code roots 0 marked 0 reclaim candidate 1 type array 1
[367.190s][debug][gc,humongous      ] GC(32991) Humongous region 969 (object size 1048592 @ 0x00000000bc900000) remset 0 code roots 0 marked 0 reclaim candidate 1 type array 1
[367.190s][debug][gc,humongous      ] GC(32991) Humongous region 1916 (object size 1048592 @ 0x00000000f7c00000) remset 0 code roots 0 marked 0 reclaim candidate 1 type array 1
[367.190s][debug][gc,humongous      ] GC(32991) Humongous region 971 (object size 1048592 @ 0x00000000bcb00000) remset 0 code roots 0 marked 0 reclaim candidate 1 type array 1
[367.190s][debug][gc,humongous      ] GC(32991) Humongous region 331 (object size 1048592 @ 0x0000000094b00000) remset 0 code roots 0 marked 0 reclaim candidate 1 type array 1
[367.190s][debug][gc,humongous      ] GC(32991) Humongous region 646 (object size 1048592 @ 0x00000000a8600000) remset 0 code roots 0 marked 0 reclaim candidate 1 type array 1
[367.190s][debug][gc,humongous      ] GC(32991) Humongous region 19 (object size 1048592 @ 0x0000000081300000) remset 0 code roots 0 marked 0 reclaim candidate 1 type array 1
[367.190s][debug][gc,humongous      ] GC(32991) Humongous region 1585 (object size 1048592 @ 0x00000000e3100000) remset 0 code roots 0 marked 0 reclaim candidate 1 type array 1
[367.190s][debug][gc,humongous      ] GC(32991) Humongous region 1742 (object size 1048592 @ 0x00000000ece00000) remset 0 code roots 0 marked 0 reclaim candidate 1 type array 1
[367.190s][debug][gc,humongous      ] GC(32991) Humongous region 1587 (object size 1048592 @ 0x00000000e3300000) remset 0 code roots 0 marked 0 reclaim candidate 1 type array 1
[367.190s][debug][gc,humongous      ] GC(32991) Humongous region 1744 (object size 1048592 @ 0x00000000ed000000) remset 0 code roots 0 marked 0 reclaim candidate 1 type array 1
[367.191s][debug][gc,humongous      ] GC(32991) Humongous region 1589 (object size 1048592 @ 0x00000000e3500000) remset 0 code roots 0 marked 0 reclaim candidate 1 type array 1
[367.191s][debug][gc,humongous      ] GC(32991) Humongous region 1591 (object size 1048592 @ 0x00000000e3700000) remset 0 code roots 0 marked 0 reclaim candidate 1 type array 1
[367.191s][debug][gc,humongous      ] GC(32991) Humongous region 1593 (object size 1048592 @ 0x00000000e3900000) remset 0 code roots 0 marked 0 reclaim candidate 1 type array 1
[367.190s][debug][gc,humongous      ] GC(32991) Humongous region 1920 (object size 1048592 @ 0x00000000f8000000) remset 0 code roots 0 marked 0 reclaim candidate 1 type array 1
[367.191s][debug][gc,humongous      ] GC(32991) Humongous region 1595 (object size 1048592 @ 0x00000000e3b00000) remset 0 code roots 0 marked 0 reclaim candidate 1 type array 1
[367.190s][debug][gc,humongous      ] GC(32991) Humongous region 973 (object size 1048592 @ 0x00000000bcd00000) remset 0 code roots 0 marked 0 reclaim candidate 1 type array 1
[367.191s][debug][gc,humongous      ] GC(32991) Humongous region 1597 (object size 1048592 @ 0x00000000e3d00000) remset 0 code roots 0 marked 0 reclaim candidate 1 type array 1
[367.190s][debug][gc,humongous      ] GC(32991) Humongous region 648 (object size 1048592 @ 0x00000000a8800000) remset 0 code roots 0 marked 0 reclaim candidate 1 type array 1
[367.190s][debug][gc,humongous      ] GC(32991) Humongous region 21 (object size 1048592 @ 0x0000000081500000) remset 0 code roots 0 marked 0 reclaim candidate 1 type array 1
[367.191s][debug][gc,humongous      ] GC(32991) Humongous region 650 (object size 1048592 @ 0x00000000a8a00000) remset 0 code roots 0 marked 0 reclaim candidate 1 type array 1
[367.190s][debug][gc,humongous      ] GC(32991) Humongous region 1268 (object size 1048592 @ 0x00000000cf400000) remset 0 code roots 0 marked 0 reclaim candidate 1 type array 1
[367.190s][debug][gc,humongous      ] GC(32991) Humongous region 822 (object size 1048592 @ 0x00000000b3600000) remset 0 code roots 0 marked 0 reclaim candidate 1 type array 1
[367.191s][debug][gc,humongous      ] GC(32991) Humongous region 1746 (object size 1048592 @ 0x00000000ed200000) remset 0 code roots 0 marked 0 reclaim candidate 1 type array 1
[367.190s][debug][gc,humongous      ] GC(32991) Humongous region 1125 (object size 1048592 @ 0x00000000c6500000) remset 0 code roots 0 marked 0 reclaim candidate 1 type array 1
[367.191s][debug][gc,humongous      ] GC(32991) Humongous region 1127 (object size 1048592 @ 0x00000000c6700000) remset 0 code roots 0 marked 0 reclaim candidate 1 type array 1
[367.190s][debug][gc,humongous      ] GC(32991) Humongous region 333 (object size 1048592 @ 0x0000000094d00000) remset 0 code roots 0 marked 0 reclaim candidate 1 type array 1
[367.191s][debug][gc,humongous      ] GC(32991) Humongous region 1129 (object size 1048592 @ 0x00000000c6900000) remset 0 code roots 0 marked 0 reclaim candidate 1 type array 1
[367.191s][debug][gc,humongous      ] GC(32991) Humongous region 335 (object size 1048592 @ 0x0000000094f00000) remset 0 code roots 0 marked 0 reclaim candidate 1 type array 1
[367.191s][debug][gc,humongous      ] GC(32991) Humongous region 1131 (object size 1048592 @ 0x00000000c6b00000) remset 0 code roots 0 marked 0 reclaim candidate 1 type array 1
[367.190s][debug][gc,humongous      ] GC(32991) Humongous region 167 (object size 1048592 @ 0x000000008a700000) remset 0 code roots 0 marked 0 reclaim candidate 1 type array 1
[367.190s][debug][gc,humongous      ] GC(32991) Humongous region 493 (object size 1048592 @ 0x000000009ed00000) remset 0 code roots 0 marked 0 reclaim candidate 1 type array 1
[367.191s][debug][gc,humongous      ] GC(32991) Humongous region 169 (object size 1048592 @ 0x000000008a900000) remset 0 code roots 0 marked 0 reclaim candidate 1 type array 1
[367.191s][debug][gc,humongous      ] GC(32991) Humongous region 495 (object size 1048592 @ 0x000000009ef00000) remset 0 code roots 0 marked 0 reclaim candidate 1 type array 1
[367.191s][debug][gc,humongous      ] GC(32991) Humongous region 1270 (object size 1048592 @ 0x00000000cf600000) remset 0 code roots 0 marked 0 reclaim candidate 1 type array 1
[367.191s][debug][gc,humongous      ] GC(32991) Humongous region 1748 (object size 1048592 @ 0x00000000ed400000) remset 0 code roots 0 marked 0 reclaim candidate 1 type array 1
[367.191s][debug][gc,humongous      ] GC(32991) Humongous region 1922 (object size 1048592 @ 0x00000000f8200000) remset 0 code roots 0 marked 0 reclaim candidate 1 type array 1
[367.191s][debug][gc,humongous      ] GC(32991) Humongous region 1750 (object size 1048592 @ 0x00000000ed600000) remset 0 code roots 0 marked 0 reclaim candidate 1 type array 1
[367.191s][debug][gc,humongous      ] GC(32991) Humongous region 1924 (object size 1048592 @ 0x00000000f8400000) remset 0 code roots 0 marked 0 reclaim candidate 1 type array 1
[367.191s][debug][gc,humongous      ] GC(32991) Humongous region 975 (object size 1048592 @ 0x00000000bcf00000) remset 0 code roots 0 marked 0 reclaim candidate 1 type array 1
[367.191s][debug][gc,humongous      ] GC(32991) Humongous region 1599 (object size 1048592 @ 0x00000000e3f00000) remset 0 code roots 0 marked 0 reclaim candidate 1 type array 1
[367.191s][debug][gc,humongous      ] GC(32991) Humongous region 978 (object size 1048592 @ 0x00000000bd200000) remset 0 code roots 0 marked 0 reclaim candidate 1 type array 1
[367.191s][debug][gc,humongous      ] GC(32991) Humongous region 1601 (object size 1048592 @ 0x00000000e4100000) remset 0 code roots 0 marked 0 reclaim candidate 1 type array 1
[367.191s][debug][gc,humongous      ] GC(32991) Humongous region 23 (object size 1048592 @ 0x0000000081700000) remset 0 code roots 0 marked 0 reclaim candidate 1 type array 1
[367.191s][debug][gc,humongous      ] GC(32991) Humongous region 980 (object size 1048592 @ 0x00000000bd400000) remset 0 code roots 0 marked 0 reclaim candidate 1 type array 1
[367.191s][debug][gc,humongous      ] GC(32991) Humongous region 29 (object size 1048592 @ 0x0000000081d00000) remset 0 code roots 0 marked 0 reclaim candidate 1 type array 1
[367.191s][debug][gc,humongous      ] GC(32991) Humongous region 497 (object size 1048592 @ 0x000000009f100000) remset 0 code roots 0 marked 0 reclaim candidate 1 type array 1
[367.191s][debug][gc,humongous      ] GC(32991) Humongous region 1272 (object size 1048592 @ 0x00000000cf800000) remset 0 code roots 0 marked 0 reclaim candidate 1 type array 1
[367.191s][debug][gc,humongous      ] GC(32991) Humongous region 499 (object size 1048592 @ 0x000000009f300000) remset 0 code roots 0 marked 0 reclaim candidate 1 type array 1
[367.191s][debug][gc,humongous      ] GC(32991) Humongous region 1274 (object size 1048592 @ 0x00000000cfa00000) remset 0 code roots 0 marked 0 reclaim candidate 1 type array 1
[367.191s][debug][gc,humongous      ] GC(32991) Humongous region 1752 (object size 1048592 @ 0x00000000ed800000) remset 0 code roots 0 marked 0 reclaim candidate 1 type array 1
[367.191s][debug][gc,humongous      ] GC(32991) Humongous region 1276 (object size 1048592 @ 0x00000000cfc00000) remset 0 code roots 0 marked 0 reclaim candidate 1 type array 1
[367.191s][debug][gc,humongous      ] GC(32991) Humongous region 1756 (object size 1048592 @ 0x00000000edc00000) remset 0 code roots 0 marked 0 reclaim candidate 1 type array 1
[367.191s][debug][gc,humongous      ] GC(32991) Humongous region 652 (object size 1048592 @ 0x00000000a8c00000) remset 0 code roots 0 marked 0 reclaim candidate 1 type array 1
[367.191s][debug][gc,humongous      ] GC(32991) Humongous region 1758 (object size 1048592 @ 0x00000000ede00000) remset 0 code roots 0 marked 0 reclaim candidate 1 type array 1
[367.191s][debug][gc,humongous      ] GC(32991) Humongous region 171 (object size 1048592 @ 0x000000008ab00000) remset 0 code roots 0 marked 0 reclaim candidate 1 type array 1
[367.191s][debug][gc,humongous      ] GC(32991) Humongous region 1760 (object size 1048592 @ 0x00000000ee000000) remset 0 code roots 0 marked 0 reclaim candidate 1 type array 1
[367.191s][debug][gc,humongous      ] GC(32991) Humongous region 982 (object size 1048592 @ 0x00000000bd600000) remset 0 code roots 0 marked 0 reclaim candidate 1 type array 1
[367.191s][debug][gc,humongous      ] GC(32991) Humongous region 1762 (object size 1048592 @ 0x00000000ee200000) remset 0 code roots 0 marked 0 reclaim candidate 1 type array 1
[367.191s][debug][gc,humongous      ] GC(32991) Humongous region 824 (object size 1048592 @ 0x00000000b3800000) remset 0 code roots 0 marked 0 reclaim candidate 1 type array 1
[367.191s][debug][gc,humongous      ] GC(32991) Humongous region 1764 (object size 1048592 @ 0x00000000ee400000) remset 0 code roots 0 marked 0 reclaim candidate 1 type array 1
[367.191s][debug][gc,humongous      ] GC(32991) Humongous region 501 (object size 1048592 @ 0x000000009f500000) remset 0 code roots 0 marked 0 reclaim candidate 1 type array 1
[367.191s][debug][gc,humongous      ] GC(32991) Humongous region 826 (object size 1048592 @ 0x00000000b3a00000) remset 0 code roots 0 marked 0 reclaim candidate 1 type array 1
[367.191s][debug][gc,humongous      ] GC(32991) Humongous region 337 (object size 1048592 @ 0x0000000095100000) remset 0 code roots 0 marked 0 reclaim candidate 1 type array 1
[367.191s][debug][gc,humongous      ] GC(32991) Humongous region 828 (object size 1048592 @ 0x00000000b3c00000) remset 0 code roots 0 marked 0 reclaim candidate 1 type array 1
[367.191s][debug][gc,humongous      ] GC(32991) Humongous region 1278 (object size 1048592 @ 0x00000000cfe00000) remset 0 code roots 0 marked 0 reclaim candidate 1 type array 1
[367.191s][debug][gc,humongous      ] GC(32991) Humongous region 654 (object size 1048592 @ 0x00000000a8e00000) remset 0 code roots 0 marked 0 reclaim candidate 1 type array 1
[367.191s][debug][gc,humongous      ] GC(32991) Humongous region 1280 (object size 1048592 @ 0x00000000d0000000) remset 0 code roots 0 marked 0 reclaim candidate 1 type array 1
[367.191s][debug][gc,humongous      ] GC(32991) Humongous region 31 (object size 1048592 @ 0x0000000081f00000) remset 0 code roots 0 marked 0 reclaim candidate 1 type array 1
[367.191s][debug][gc,humongous      ] GC(32991) Humongous region 1603 (object size 1048592 @ 0x00000000e4300000) remset 0 code roots 0 marked 0 reclaim candidate 1 type array 1
[367.191s][debug][gc,humongous      ] GC(32991) Humongous region 984 (object size 1048592 @ 0x00000000bd800000) remset 0 code roots 0 marked 0 reclaim candidate 1 type array 1
[367.190s][debug][gc,humongous      ] GC(32991) Humongous region 1437 (object size 1048592 @ 0x00000000d9d00000) remset 0 code roots 0 marked 0 reclaim candidate 1 type array 1
[367.191s][debug][gc,humongous      ] GC(32991) Humongous region 1926 (object size 1048592 @ 0x00000000f8600000) remset 0 code roots 0 marked 0 reclaim candidate 1 type array 1
[367.191s][debug][gc,humongous      ] GC(32991) Humongous region 1766 (object size 1048592 @ 0x00000000ee600000) remset 0 code roots 0 marked 0 reclaim candidate 1 type array 1
[367.191s][debug][gc,humongous      ] GC(32991) Humongous region 1928 (object size 1048592 @ 0x00000000f8800000) remset 0 code roots 0 marked 0 reclaim candidate 1 type array 1
[367.191s][debug][gc,humongous      ] GC(32991) Humongous region 1768 (object size 1048592 @ 0x00000000ee800000) remset 0 code roots 0 marked 0 reclaim candidate 1 type array 1
[367.191s][debug][gc,humongous      ] GC(32991) Humongous region 1930 (object size 1048592 @ 0x00000000f8a00000) remset 0 code roots 0 marked 0 reclaim candidate 1 type array 1
[367.191s][debug][gc,humongous      ] GC(32991) Humongous region 1770 (object size 1048592 @ 0x00000000eea00000) remset 0 code roots 0 marked 0 reclaim candidate 1 type array 1
[367.191s][debug][gc,humongous      ] GC(32991) Humongous region 1932 (object size 1048592 @ 0x00000000f8c00000) remset 0 code roots 0 marked 0 reclaim candidate 1 type array 1
[367.191s][debug][gc,humongous      ] GC(32991) Humongous region 656 (object size 1048592 @ 0x00000000a9000000) remset 0 code roots 0 marked 0 reclaim candidate 1 type array 1
[367.191s][debug][gc,humongous      ] GC(32991) Humongous region 1934 (object size 1048592 @ 0x00000000f8e00000) remset 0 code roots 0 marked 0 reclaim candidate 1 type array 1
[367.191s][debug][gc,humongous      ] GC(32991) Humongous region 33 (object size 1048592 @ 0x0000000082100000) remset 0 code roots 0 marked 0 reclaim candidate 1 type array 1
[367.191s][debug][gc,humongous      ] GC(32991) Humongous region 1936 (object size 1048592 @ 0x00000000f9000000) remset 0 code roots 0 marked 0 reclaim candidate 1 type array 1
[367.191s][debug][gc,humongous      ] GC(32991) Humongous region 35 (object size 1048592 @ 0x0000000082300000) remset 0 code roots 0 marked 0 reclaim candidate 1 type array 1
[367.191s][debug][gc,humongous      ] GC(32991) Humongous region 1938 (object size 1048592 @ 0x00000000f9200000) remset 0 code roots 0 marked 0 reclaim candidate 1 type array 1
[367.191s][debug][gc,humongous      ] GC(32991) Humongous region 37 (object size 1048592 @ 0x0000000082500000) remset 0 code roots 0 marked 0 reclaim candidate 1 type array 1
[367.191s][debug][gc,humongous      ] GC(32991) Humongous region 1133 (object size 1048592 @ 0x00000000c6d00000) remset 0 code roots 0 marked 0 reclaim candidate 1 type array 1
[367.191s][debug][gc,humongous      ] GC(32991) Humongous region 339 (object size 1048592 @ 0x0000000095300000) remset 0 code roots 0 marked 0 reclaim candidate 1 type array 1
[367.191s][debug][gc,humongous      ] GC(32991) Humongous region 830 (object size 1048592 @ 0x00000000b3e00000) remset 0 code roots 0 marked 0 reclaim candidate 1 type array 1
[367.191s][debug][gc,humongous      ] GC(32991) Humongous region 341 (object size 1048592 @ 0x0000000095500000) remset 0 code roots 0 marked 0 reclaim candidate 1 type array 1
[367.191s][debug][gc,humongous      ] GC(32991) Humongous region 1772 (object size 1048592 @ 0x00000000eec00000) remset 0 code roots 0 marked 0 reclaim candidate 1 type array 1
[367.191s][debug][gc,humongous      ] GC(32991) Humongous region 343 (object size 1048592 @ 0x0000000095700000) remset 0 code roots 0 marked 0 reclaim candidate 1 type array 1
[367.191s][debug][gc,humongous      ] GC(32991) Humongous region 1282 (object size 1048592 @ 0x00000000d0200000) remset 0 code roots 0 marked 0 reclaim candidate 1 type array 1
[367.191s][debug][gc,humongous      ] GC(32991) Humongous region 1605 (object size 1048592 @ 0x00000000e4500000) remset 0 code roots 0 marked 0 reclaim candidate 1 type array 1
[367.191s][debug][gc,humongous      ] GC(32991) Humongous region 986 (object size 1048592 @ 0x00000000bda00000) remset 0 code roots 0 marked 0 reclaim candidate 1 type array 1
[367.191s][debug][gc,humongous      ] GC(32991) Humongous region 1284 (object size 1048592 @ 0x00000000d0400000) remset 0 code roots 0 marked 0 reclaim candidate 1 type array 1
[367.191s][debug][gc,humongous      ] GC(32991) Humongous region 1607 (object size 1048592 @ 0x00000000e4700000) remset 0 code roots 0 marked 0 reclaim candidate 1 type array 1
[367.191s][debug][gc,humongous      ] GC(32991) Humongous region 988 (object size 1048592 @ 0x00000000bdc00000) remset 0 code roots 0 marked 0 reclaim candidate 1 type array 1
[367.191s][debug][gc,humongous      ] GC(32991) Humongous region 1286 (object size 1048592 @ 0x00000000d0600000) remset 0 code roots 0 marked 0 reclaim candidate 1 type array 1
[367.191s][debug][gc,humongous      ] GC(32991) Humongous region 1609 (object size 1048592 @ 0x00000000e4900000) remset 0 code roots 0 marked 0 reclaim candidate 1 type array 1
[367.191s][debug][gc,humongous      ] GC(32991) Humongous region 1135 (object size 1048592 @ 0x00000000c6f00000) remset 0 code roots 0 marked 0 reclaim candidate 1 type array 1
[367.191s][debug][gc,humongous      ] GC(32991) Humongous region 173 (object size 1048592 @ 0x000000008ad00000) remset 0 code roots 0 marked 0 reclaim candidate 1 type array 1
[367.191s][debug][gc,humongous      ] GC(32991) Humongous region 1137 (object size 1048592 @ 0x00000000c7100000) remset 0 code roots 0 marked 0 reclaim candidate 1 type array 1
[367.191s][debug][gc,humongous      ] GC(32991) Humongous region 832 (object size 1048592 @ 0x00000000b4000000) remset 0 code roots 0 marked 0 reclaim candidate 1 type array 1
[367.191s][debug][gc,humongous      ] GC(32991) Humongous region 345 (object size 1048592 @ 0x0000000095900000) remset 0 code roots 0 marked 0 reclaim candidate 1 type array 1
[367.192s][debug][gc,humongous      ] GC(32991) Humongous region 836 (object size 1048592 @ 0x00000000b4400000) remset 0 code roots 0 marked 0 reclaim candidate 1 type array 1
[367.192s][debug][gc,humongous      ] GC(32991) Humongous region 838 (object size 1048592 @ 0x00000000b4600000) remset 0 code roots 0 marked 0 reclaim candidate 1 type array 1
[367.191s][debug][gc,humongous      ] GC(32991) Humongous region 1611 (object size 1048592 @ 0x00000000e4b00000) remset 0 code roots 0 marked 0 reclaim candidate 1 type array 1
[367.192s][debug][gc,humongous      ] GC(32991) Humongous region 840 (object size 1048592 @ 0x00000000b4800000) remset 0 code roots 0 marked 0 reclaim candidate 1 type array 1
[367.192s][debug][gc,humongous      ] GC(32991) Humongous region 1613 (object size 1048592 @ 0x00000000e4d00000) remset 0 code roots 0 marked 0 reclaim candidate 1 type array 1
[367.192s][debug][gc,humongous      ] GC(32991) Humongous region 1615 (object size 1048592 @ 0x00000000e4f00000) remset 0 code roots 0 marked 0 reclaim candidate 1 type array 1
[367.191s][debug][gc,humongous      ] GC(32991) Humongous region 1288 (object size 1048592 @ 0x00000000d0800000) remset 0 code roots 0 marked 0 reclaim candidate 1 type array 1
[367.192s][debug][gc,humongous      ] GC(32991) Humongous region 1290 (object size 1048592 @ 0x00000000d0a00000) remset 0 code roots 0 marked 0 reclaim candidate 1 type array 1
[367.191s][debug][gc,humongous      ] GC(32991) Humongous region 1774 (object size 1048592 @ 0x00000000eee00000) remset 0 code roots 0 marked 0 reclaim candidate 1 type array 1
[367.192s][debug][gc,humongous      ] GC(32991) Humongous region 1292 (object size 1048592 @ 0x00000000d0c00000) remset 0 code roots 0 marked 0 reclaim candidate 1 type array 1
[367.191s][debug][gc,humongous      ] GC(32991) Humongous region 1139 (object size 1048592 @ 0x00000000c7300000) remset 0 code roots 0 marked 0 reclaim candidate 1 type array 1
[367.191s][debug][gc,humongous      ] GC(32991) Humongous region 175 (object size 1048592 @ 0x000000008af00000) remset 0 code roots 0 marked 0 reclaim candidate 1 type array 1
[367.191s][debug][gc,humongous      ] GC(32991) Humongous region 505 (object size 1048592 @ 0x000000009f900000) remset 0 code roots 0 marked 0 reclaim candidate 1 type array 1
[367.192s][debug][gc,humongous      ] GC(32991) Humongous region 177 (object size 1048592 @ 0x000000008b100000) remset 0 code roots 0 marked 0 reclaim candidate 1 type array 1
[367.192s][debug][gc,humongous      ] GC(32991) Humongous region 507 (object size 1048592 @ 0x000000009fb00000) remset 0 code roots 0 marked 0 reclaim candidate 1 type array 1
[367.192s][debug][gc,humongous      ] GC(32991) Humongous region 179 (object size 1048592 @ 0x000000008b300000) remset 0 code roots 0 marked 0 reclaim candidate 1 type array 1
[367.191s][debug][gc,humongous      ] GC(32991) Humongous region 1940 (object size 1048592 @ 0x00000000f9400000) remset 0 code roots 0 marked 0 reclaim candidate 1 type array 1
[367.192s][debug][gc,humongous      ] GC(32991) Humongous region 181 (object size 1048592 @ 0x000000008b500000) remset 0 code roots 0 marked 0 reclaim candidate 1 type array 1
[367.192s][debug][gc,humongous      ] GC(32991) Humongous region 185 (object size 1048592 @ 0x000000008b900000) remset 0 code roots 0 marked 0 reclaim candidate 1 type array 1
[367.192s][debug][gc,humongous      ] GC(32991) Humongous region 1942 (object size 1048592 @ 0x00000000f9600000) remset 0 code roots 0 marked 0 reclaim candidate 1 type array 1
[367.192s][debug][gc,humongous      ] GC(32991) Humongous region 187 (object size 1048592 @ 0x000000008bb00000) remset 0 code roots 0 marked 0 reclaim candidate 1 type array 1
[367.192s][debug][gc,humongous      ] GC(32991) Humongous region 1946 (object size 1048592 @ 0x00000000f9a00000) remset 0 code roots 0 marked 0 reclaim candidate 1 type array 1
[367.192s][debug][gc,humongous      ] GC(32991) Humongous region 189 (object size 1048592 @ 0x000000008bd00000) remset 0 code roots 0 marked 0 reclaim candidate 1 type array 1
[367.192s][debug][gc,humongous      ] GC(32991) Humongous region 1141 (object size 1048592 @ 0x00000000c7500000) remset 0 code roots 0 marked 0 reclaim candidate 1 type array 1
[367.192s][debug][gc,humongous      ] GC(32991) Humongous region 191 (object size 1048592 @ 0x000000008bf00000) remset 0 code roots 0 marked 0 reclaim candidate 1 type array 1
[367.191s][debug][gc,humongous      ] GC(32991) Humongous region 990 (object size 1048592 @ 0x00000000bde00000) remset 0 code roots 0 marked 0 reclaim candidate 1 type array 1
[367.192s][debug][gc,humongous      ] GC(32991) Humongous region 193 (object size 1048592 @ 0x000000008c100000) remset 0 code roots 0 marked 0 reclaim candidate 1 type array 1
[367.192s][debug][gc,humongous      ] GC(32991) Humongous region 992 (object size 1048592 @ 0x00000000be000000) remset 0 code roots 0 marked 0 reclaim candidate 1 type array 1
[367.192s][debug][gc,humongous      ] GC(32991) Humongous region 195 (object size 1048592 @ 0x000000008c300000) remset 0 code roots 0 marked 0 reclaim candidate 1 type array 1
[367.191s][debug][gc,humongous      ] GC(32991) Humongous region 658 (object size 1048592 @ 0x00000000a9200000) remset 0 code roots 0 marked 0 reclaim candidate 1 type array 1
[367.192s][debug][gc,humongous      ] GC(32991) Humongous region 197 (object size 1048592 @ 0x000000008c500000) remset 0 code roots 0 marked 0 reclaim candidate 1 type array 1
[367.192s][debug][gc,humongous      ] GC(32991) Humongous region 199 (object size 1048592 @ 0x000000008c700000) remset 0 code roots 0 marked 0 reclaim candidate 1 type array 1
[367.192s][debug][gc,humongous      ] GC(32991) Humongous region 660 (object size 1048592 @ 0x00000000a9400000) remset 0 code roots 0 marked 0 reclaim candidate 1 type array 1
[367.192s][debug][gc,humongous      ] GC(32991) Humongous region 201 (object size 1048592 @ 0x000000008c900000) remset 0 code roots 0 marked 0 reclaim candidate 1 type array 1
[367.192s][debug][gc,humongous      ] GC(32991) Humongous region 662 (object size 1048592 @ 0x00000000a9600000) remset 0 code roots 0 marked 0 reclaim candidate 1 type array 1
[367.192s][debug][gc,humongous      ] GC(32991) Humongous region 203 (object size 1048592 @ 0x000000008cb00000) remset 0 code roots 0 marked 0 reclaim candidate 1 type array 1
[367.192s][debug][gc,humongous      ] GC(32991) Humongous region 665 (object size 1048592 @ 0x00000000a9900000) remset 0 code roots 0 marked 0 reclaim candidate 1 type array 1
[367.192s][debug][gc,humongous      ] GC(32991) Humongous region 667 (object size 1048592 @ 0x00000000a9b00000) remset 0 code roots 0 marked 0 reclaim candidate 1 type array 1
[367.192s][debug][gc,humongous      ] GC(32991) Humongous region 669 (object size 1048592 @ 0x00000000a9d00000) remset 0 code roots 0 marked 0 reclaim candidate 1 type array 1
[367.192s][debug][gc,humongous      ] GC(32991) Humongous region 671 (object size 1048592 @ 0x00000000a9f00000) remset 0 code roots 0 marked 0 reclaim candidate 1 type array 1
[367.191s][debug][gc,humongous      ] GC(32991) Humongous region 1439 (object size 1048592 @ 0x00000000d9f00000) remset 0 code roots 0 marked 0 reclaim candidate 1 type array 1
[367.192s][debug][gc,humongous      ] GC(32991) Humongous region 673 (object size 1048592 @ 0x00000000aa100000) remset 0 code roots 0 marked 0 reclaim candidate 1 type array 1
[367.192s][debug][gc,humongous      ] GC(32991) Humongous region 675 (object size 1048592 @ 0x00000000aa300000) remset 0 code roots 0 marked 0 reclaim candidate 1 type array 1
[367.192s][debug][gc,humongous      ] GC(32991) Humongous region 1948 (object size 1048592 @ 0x00000000f9c00000) remset 0 code roots 0 marked 0 reclaim candidate 1 type array 1
[367.192s][debug][gc,humongous      ] GC(32991) Humongous region 1950 (object size 1048592 @ 0x00000000f9e00000) remset 0 code roots 0 marked 0 reclaim candidate 1 type array 1
[367.192s][debug][gc,humongous      ] GC(32991) Humongous region 1952 (object size 1048592 @ 0x00000000fa000000) remset 0 code roots 0 marked 0 reclaim candidate 1 type array 1
[367.192s][debug][gc,humongous      ] GC(32991) Humongous region 509 (object size 1048592 @ 0x000000009fd00000) remset 0 code roots 0 marked 0 reclaim candidate 1 type array 1
[367.192s][debug][gc,humongous      ] GC(32991) Humongous region 205 (object size 1048592 @ 0x000000008cd00000) remset 0 code roots 0 marked 0 reclaim candidate 1 type array 1
[367.192s][debug][gc,humongous      ] GC(32991) Humongous region 511 (object size 1048592 @ 0x000000009ff00000) remset 0 code roots 0 marked 0 reclaim candidate 1 type array 1
[367.192s][debug][gc,humongous      ] GC(32991) Humongous region 207 (object size 1048592 @ 0x000000008cf00000) remset 0 code roots 0 marked 0 reclaim candidate 1 type array 1
[367.192s][debug][gc,humongous      ] GC(32991) Humongous region 513 (object size 1048592 @ 0x00000000a0100000) remset 0 code roots 0 marked 0 reclaim candidate 1 type array 1
[367.192s][debug][gc,humongous      ] GC(32991) Humongous region 209 (object size 1048592 @ 0x000000008d100000) remset 0 code roots 0 marked 0 reclaim candidate 1 type array 1
[367.192s][debug][gc,humongous      ] GC(32991) Humongous region 515 (object size 1048592 @ 0x00000000a0300000) remset 0 code roots 0 marked 0 reclaim candidate 1 type array 1
[367.192s][debug][gc,humongous      ] GC(32991) Humongous region 211 (object size 1048592 @ 0x000000008d300000) remset 0 code roots 0 marked 0 reclaim candidate 1 type array 1
[367.192s][debug][gc,humongous      ] GC(32991) Humongous region 517 (object size 1048592 @ 0x00000000a0500000) remset 0 code roots 0 marked 0 reclaim candidate 1 type array 1
[367.192s][debug][gc,humongous      ] GC(32991) Humongous region 213 (object size 1048592 @ 0x000000008d500000) remset 0 code roots 0 marked 0 reclaim candidate 1 type array 1
[367.191s][debug][gc,humongous      ] GC(32991) Humongous region 39 (object size 1048592 @ 0x0000000082700000) remset 0 code roots 0 marked 0 reclaim candidate 1 type array 1
[367.192s][debug][gc,humongous      ] GC(32991) Humongous region 215 (object size 1048592 @ 0x000000008d700000) remset 0 code roots 0 marked 0 reclaim candidate 1 type array 1
[367.192s][debug][gc,humongous      ] GC(32991) Humongous region 41 (object size 1048592 @ 0x0000000082900000) remset 0 code roots 0 marked 0 reclaim candidate 1 type array 1
[367.192s][debug][gc,humongous      ] GC(32991) Humongous region 217 (object size 1048592 @ 0x000000008d900000) remset 0 code roots 0 marked 0 reclaim candidate 1 type array 1
[367.192s][debug][gc,humongous      ] GC(32991) Humongous region 43 (object size 1048592 @ 0x0000000082b00000) remset 0 code roots 0 marked 0 reclaim candidate 1 type array 1
[367.192s][debug][gc,humongous      ] GC(32991) Humongous region 842 (object size 1048592 @ 0x00000000b4a00000) remset 0 code roots 0 marked 0 reclaim candidate 1 type array 1
[367.192s][debug][gc,humongous      ] GC(32991) Humongous region 45 (object size 1048592 @ 0x0000000082d00000) remset 0 code roots 0 marked 0 reclaim candidate 1 type array 1
[367.192s][debug][gc,humongous      ] GC(32991) Humongous region 1617 (object size 1048592 @ 0x00000000e5100000) remset 0 code roots 0 marked 0 reclaim candidate 1 type array 1
[367.192s][debug][gc,humongous      ] GC(32991) Humongous region 844 (object size 1048592 @ 0x00000000b4c00000) remset 0 code roots 0 marked 0 reclaim candidate 1 type array 1
[367.192s][debug][gc,humongous      ] GC(32991) Humongous region 1441 (object size 1048592 @ 0x00000000da100000) remset 0 code roots 0 marked 0 reclaim candidate 1 type array 1
[367.192s][debug][gc,humongous      ] GC(32991) Humongous region 347 (object size 1048592 @ 0x0000000095b00000) remset 0 code roots 0 marked 0 reclaim candidate 1 type array 1
[367.192s][debug][gc,humongous      ] GC(32991) Humongous region 520 (object size 1048592 @ 0x00000000a0800000) remset 0 code roots 0 marked 0 reclaim candidate 1 type array 1
[367.192s][debug][gc,humongous      ] GC(32991) Humongous region 1443 (object size 1048592 @ 0x00000000da300000) remset 0 code roots 0 marked 0 reclaim candidate 1 type array 1
[367.192s][debug][gc,humongous      ] GC(32991) Humongous region 349 (object size 1048592 @ 0x0000000095d00000) remset 0 code roots 0 marked 0 reclaim candidate 1 type array 1
[367.192s][debug][gc,humongous      ] GC(32991) Humongous region 522 (object size 1048592 @ 0x00000000a0a00000) remset 0 code roots 0 marked 0 reclaim candidate 1 type array 1
[367.192s][debug][gc,humongous      ] GC(32991) Humongous region 1776 (object size 1048592 @ 0x00000000ef000000) remset 0 code roots 0 marked 0 reclaim candidate 1 type array 1
[367.192s][debug][gc,humongous      ] GC(32991) Humongous region 524 (object size 1048592 @ 0x00000000a0c00000) remset 0 code roots 0 marked 0 reclaim candidate 1 type array 1
[367.192s][debug][gc,humongous      ] GC(32991) Humongous region 994 (object size 1048592 @ 0x00000000be200000) remset 0 code roots 0 marked 0 reclaim candidate 1 type array 1
[367.192s][debug][gc,humongous      ] GC(32991) Humongous region 47 (object size 1048592 @ 0x0000000082f00000) remset 0 code roots 0 marked 0 reclaim candidate 1 type array 1
[367.192s][debug][gc,humongous      ] GC(32991) Humongous region 996 (object size 1048592 @ 0x00000000be400000) remset 0 code roots 0 marked 0 reclaim candidate 1 type array 1
[367.192s][debug][gc,humongous      ] GC(32991) Humongous region 49 (object size 1048592 @ 0x0000000083100000) remset 0 code roots 0 marked 0 reclaim candidate 1 type array 1
[367.192s][debug][gc,humongous      ] GC(32991) Humongous region 998 (object size 1048592 @ 0x00000000be600000) remset 0 code roots 0 marked 0 reclaim candidate 1 type array 1
[367.192s][debug][gc,humongous      ] GC(32991) Humongous region 1143 (object size 1048592 @ 0x00000000c7700000) remset 0 code roots 0 marked 0 reclaim candidate 1 type array 1
[367.192s][debug][gc,humongous      ] GC(32991) Humongous region 51 (object size 1048592 @ 0x0000000083300000) remset 0 code roots 0 marked 0 reclaim candidate 1 type array 1
[367.192s][debug][gc,humongous      ] GC(32991) Humongous region 1294 (object size 1048592 @ 0x00000000d0e00000) remset 0 code roots 0 marked 0 reclaim candidate 1 type array 1
[367.192s][debug][gc,humongous      ] GC(32991) Humongous region 1445 (object size 1048592 @ 0x00000000da500000) remset 0 code roots 0 marked 0 reclaim candidate 1 type array 1
[367.192s][debug][gc,humongous      ] GC(32991) Humongous region 351 (object size 1048592 @ 0x0000000095f00000) remset 0 code roots 0 marked 0 reclaim candidate 1 type array 1
[367.192s][debug][gc,humongous      ] GC(32991) Humongous region 219 (object size 1048592 @ 0x000000008db00000) remset 0 code roots 0 marked 0 reclaim candidate 1 type array 1
[367.192s][debug][gc,humongous      ] GC(32991) Humongous region 1778 (object size 1048592 @ 0x00000000ef200000) remset 0 code roots 0 marked 0 reclaim candidate 1 type array 1
[367.193s][debug][gc,humongous      ] GC(32991) Humongous region 1780 (object size 1048592 @ 0x00000000ef400000) remset 0 code roots 0 marked 0 reclaim candidate 1 type array 1
[367.192s][debug][gc,humongous      ] GC(32991) Humongous region 677 (object size 1048592 @ 0x00000000aa500000) remset 0 code roots 0 marked 0 reclaim candidate 1 type array 1
[367.193s][debug][gc,humongous      ] GC(32991) Humongous region 1782 (object size 1048592 @ 0x00000000ef600000) remset 0 code roots 0 marked 0 reclaim candidate 1 type array 1
[367.192s][debug][gc,humongous      ] GC(32991) Humongous region 846 (object size 1048592 @ 0x00000000b4e00000) remset 0 code roots 0 marked 0 reclaim candidate 1 type array 1
[367.193s][debug][gc,humongous      ] GC(32991) Humongous region 1784 (object size 1048592 @ 0x00000000ef800000) remset 0 code roots 0 marked 0 reclaim candidate 1 type array 1
[367.193s][debug][gc,humongous      ] GC(32991) Humongous region 848 (object size 1048592 @ 0x00000000b5000000) remset 0 code roots 0 marked 0 reclaim candidate 1 type array 1
[367.192s][debug][gc,humongous      ] GC(32991) Humongous region 1954 (object size 1048592 @ 0x00000000fa200000) remset 0 code roots 0 marked 0 reclaim candidate 1 type array 1
[367.192s][debug][gc,humongous      ] GC(32991) Humongous region 53 (object size 1048592 @ 0x0000000083500000) remset 0 code roots 0 marked 0 reclaim candidate 1 type array 1
[367.192s][debug][gc,humongous      ] GC(32991) Humongous region 1296 (object size 1048592 @ 0x00000000d1000000) remset 0 code roots 0 marked 0 reclaim candidate 1 type array 1
[367.193s][debug][gc,humongous      ] GC(32991) Humongous region 56 (object size 1048592 @ 0x0000000083800000) remset 0 code roots 0 marked 0 reclaim candidate 1 type array 1
[367.193s][debug][gc,humongous      ] GC(32991) Humongous region 1298 (object size 1048592 @ 0x00000000d1200000) remset 0 code roots 0 marked 0 reclaim candidate 1 type array 1
[367.192s][debug][gc,humongous      ] GC(32991) Humongous region 526 (object size 1048592 @ 0x00000000a0e00000) remset 0 code roots 0 marked 0 reclaim candidate 1 type array 1
[367.193s][debug][gc,humongous      ] GC(32991) Humongous region 1300 (object size 1048592 @ 0x00000000d1400000) remset 0 code roots 0 marked 0 reclaim candidate 1 type array 1
[367.193s][debug][gc,humongous      ] GC(32991) Humongous region 679 (object size 1048592 @ 0x00000000aa700000) remset 0 code roots 0 marked 0 reclaim candidate 1 type array 1
[367.192s][debug][gc,humongous      ] GC(32991) Humongous region 1000 (object size 1048592 @ 0x00000000be800000) remset 0 code roots 0 marked 0 reclaim candidate 1 type array 1
[367.193s][debug][gc,humongous      ] GC(32991) Humongous region 681 (object size 1048592 @ 0x00000000aa900000) remset 0 code roots 0 marked 0 reclaim candidate 1 type array 1
[367.193s][debug][gc,humongous      ] GC(32991) Humongous region 1786 (object size 1048592 @ 0x00000000efa00000) remset 0 code roots 0 marked 0 reclaim candidate 1 type array 1
[367.192s][debug][gc,humongous      ] GC(32991) Humongous region 1619 (object size 1048592 @ 0x00000000e5300000) remset 0 code roots 0 marked 0 reclaim candidate 1 type array 1
[367.193s][debug][gc,humongous      ] GC(32991) Humongous region 1956 (object size 1048592 @ 0x00000000fa400000) remset 0 code roots 0 marked 0 reclaim candidate 1 type array 1
[367.193s][debug][gc,humongous      ] GC(32991) Humongous region 1621 (object size 1048592 @ 0x00000000e5500000) remset 0 code roots 0 marked 0 reclaim candidate 1 type array 1
[367.192s][debug][gc,humongous      ] GC(32991) Humongous region 353 (object size 1048592 @ 0x0000000096100000) remset 0 code roots 0 marked 0 reclaim candidate 1 type array 1
[367.193s][debug][gc,humongous      ] GC(32991) Humongous region 1623 (object size 1048592 @ 0x00000000e5700000) remset 0 code roots 0 marked 0 reclaim candidate 1 type array 1
[367.193s][debug][gc,humongous      ] GC(32991) Humongous region 355 (object size 1048592 @ 0x0000000096300000) remset 0 code roots 0 marked 0 reclaim candidate 1 type array 1
[367.193s][debug][gc,humongous      ] GC(32991) Humongous region 221 (object size 1048592 @ 0x000000008dd00000) remset 0 code roots 0 marked 0 reclaim candidate 1 type array 1
[367.193s][debug][gc,humongous      ] GC(32991) Humongous region 357 (object size 1048592 @ 0x0000000096500000) remset 0 code roots 0 marked 0 reclaim candidate 1 type array 1
[367.193s][debug][gc,humongous      ] GC(32991) Humongous region 528 (object size 1048592 @ 0x00000000a1000000) remset 0 code roots 0 marked 0 reclaim candidate 1 type array 1
[367.193s][debug][gc,humongous      ] GC(32991) Humongous region 530 (object size 1048592 @ 0x00000000a1200000) remset 0 code roots 0 marked 0 reclaim candidate 1 type array 1
[367.193s][debug][gc,humongous      ] GC(32991) Humongous region 683 (object size 1048592 @ 0x00000000aab00000) remset 0 code roots 0 marked 0 reclaim candidate 1 type array 1
[367.193s][debug][gc,humongous      ] GC(32991) Humongous region 532 (object size 1048592 @ 0x00000000a1400000) remset 0 code roots 0 marked 0 reclaim candidate 1 type array 1
[367.193s][debug][gc,humongous      ] GC(32991) Humongous region 1788 (object size 1048592 @ 0x00000000efc00000) remset 0 code roots 0 marked 0 reclaim candidate 1 type array 1
[367.193s][debug][gc,humongous      ] GC(32991) Humongous region 534 (object size 1048592 @ 0x00000000a1600000) remset 0 code roots 0 marked 0 reclaim candidate 1 type array 1
[367.192s][debug][gc,humongous      ] GC(32991) Humongous region 1447 (object size 1048592 @ 0x00000000da700000) remset 0 code roots 0 marked 0 reclaim candidate 1 type array 1
[367.193s][debug][gc,humongous      ] GC(32991) Humongous region 58 (object size 1048592 @ 0x0000000083a00000) remset 0 code roots 0 marked 0 reclaim candidate 1 type array 1
[367.193s][debug][gc,humongous      ] GC(32991) Humongous region 1449 (object size 1048592 @ 0x00000000da900000) remset 0 code roots 0 marked 0 reclaim candidate 1 type array 1
[367.193s][debug][gc,humongous      ] GC(32991) Humongous region 60 (object size 1048592 @ 0x0000000083c00000) remset 0 code roots 0 marked 0 reclaim candidate 1 type array 1
[367.193s][debug][gc,humongous      ] GC(32991) Humongous region 1451 (object size 1048592 @ 0x00000000dab00000) remset 0 code roots 0 marked 0 reclaim candidate 1 type array 1
[367.193s][debug][gc,humongous      ] GC(32991) Humongous region 1302 (object size 1048592 @ 0x00000000d1600000) remset 0 code roots 0 marked 0 reclaim candidate 1 type array 1
[367.192s][debug][gc,humongous      ] GC(32991) Humongous region 1145 (object size 1048592 @ 0x00000000c7900000) remset 0 code roots 0 marked 0 reclaim candidate 1 type array 1
[367.193s][debug][gc,humongous      ] GC(32991) Humongous region 359 (object size 1048592 @ 0x0000000096700000) remset 0 code roots 0 marked 0 reclaim candidate 1 type array 1
[367.193s][debug][gc,humongous      ] GC(32991) Humongous region 1002 (object size 1048592 @ 0x00000000bea00000) remset 0 code roots 0 marked 0 reclaim candidate 1 type array 1
[367.193s][debug][gc,humongous      ] GC(32991) Humongous region 685 (object size 1048592 @ 0x00000000aad00000) remset 0 code roots 0 marked 0 reclaim candidate 1 type array 1
[367.193s][debug][gc,humongous      ] GC(32991) Humongous region 850 (object size 1048592 @ 0x00000000b5200000) remset 0 code roots 0 marked 0 reclaim candidate 1 type array 1
[367.193s][debug][gc,humongous      ] GC(32991) Humongous region 1790 (object size 1048592 @ 0x00000000efe00000) remset 0 code roots 0 marked 0 reclaim candidate 1 type array 1
[367.193s][debug][gc,humongous      ] GC(32991) Humongous region 1958 (object size 1048592 @ 0x00000000fa600000) remset 0 code roots 0 marked 0 reclaim candidate 1 type array 1
[367.193s][debug][gc,humongous      ] GC(32991) Humongous region 536 (object size 1048592 @ 0x00000000a1800000) remset 0 code roots 0 marked 0 reclaim candidate 1 type array 1
[367.193s][debug][gc,humongous      ] GC(32991) Humongous region 1960 (object size 1048592 @ 0x00000000fa800000) remset 0 code roots 0 marked 0 reclaim candidate 1 type array 1
[367.193s][debug][gc,humongous      ] GC(32991) Humongous region 538 (object size 1048592 @ 0x00000000a1a00000) remset 0 code roots 0 marked 0 reclaim candidate 1 type array 1
[367.193s][debug][gc,humongous      ] GC(32991) Humongous region 1962 (object size 1048592 @ 0x00000000faa00000) remset 0 code roots 0 marked 0 reclaim candidate 1 type array 1
[367.193s][debug][gc,humongous      ] GC(32991) Humongous region 1453 (object size 1048592 @ 0x00000000dad00000) remset 0 code roots 0 marked 0 reclaim candidate 1 type array 1
[367.193s][debug][gc,humongous      ] GC(32991) Humongous region 1964 (object size 1048592 @ 0x00000000fac00000) remset 0 code roots 0 marked 0 reclaim candidate 1 type array 1
[367.193s][debug][gc,humongous      ] GC(32991) Humongous region 1455 (object size 1048592 @ 0x00000000daf00000) remset 0 code roots 0 marked 0 reclaim candidate 1 type array 1
[367.193s][debug][gc,humongous      ] GC(32991) Humongous region 1966 (object size 1048592 @ 0x00000000fae00000) remset 0 code roots 0 marked 0 reclaim candidate 1 type array 1
[367.193s][debug][gc,humongous      ] GC(32991) Humongous region 1457 (object size 1048592 @ 0x00000000db100000) remset 0 code roots 0 marked 0 reclaim candidate 1 type array 1
[367.193s][debug][gc,humongous      ] GC(32991) Humongous region 687 (object size 1048592 @ 0x00000000aaf00000) remset 0 code roots 0 marked 0 reclaim candidate 1 type array 1
[367.193s][debug][gc,humongous      ] GC(32991) Humongous region 852 (object size 1048592 @ 0x00000000b5400000) remset 0 code roots 0 marked 0 reclaim candidate 1 type array 1
[367.193s][debug][gc,humongous      ] GC(32991) Humongous region 1792 (object size 1048592 @ 0x00000000f0000000) remset 0 code roots 0 marked 0 reclaim candidate 1 type array 1
[367.193s][debug][gc,humongous      ] GC(32991) Humongous region 854 (object size 1048592 @ 0x00000000b5600000) remset 0 code roots 0 marked 0 reclaim candidate 1 type array 1
[367.193s][debug][gc,humongous      ] GC(32991) Humongous region 1794 (object size 1048592 @ 0x00000000f0200000) remset 0 code roots 0 marked 0 reclaim candidate 1 type array 1
[367.193s][debug][gc,humongous      ] GC(32991) Humongous region 540 (object size 1048592 @ 0x00000000a1c00000) remset 0 code roots 0 marked 0 reclaim candidate 1 type array 1
[367.193s][debug][gc,humongous      ] GC(32991) Humongous region 1796 (object size 1048592 @ 0x00000000f0400000) remset 0 code roots 0 marked 0 reclaim candidate 1 type array 1
[367.193s][debug][gc,humongous      ] GC(32991) Humongous region 542 (object size 1048592 @ 0x00000000a1e00000) remset 0 code roots 0 marked 0 reclaim candidate 1 type array 1
[367.193s][debug][gc,humongous      ] GC(32991) Humongous region 1798 (object size 1048592 @ 0x00000000f0600000) remset 0 code roots 0 marked 0 reclaim candidate 1 type array 1
[367.193s][debug][gc,humongous      ] GC(32991) Humongous region 1004 (object size 1048592 @ 0x00000000bec00000) remset 0 code roots 0 marked 0 reclaim candidate 1 type array 1
[367.193s][debug][gc,humongous      ] GC(32991) Humongous region 1625 (object size 1048592 @ 0x00000000e5900000) remset 0 code roots 0 marked 0 reclaim candidate 1 type array 1
[367.193s][debug][gc,humongous      ] GC(32991) Humongous region 1006 (object size 1048592 @ 0x00000000bee00000) remset 0 code roots 0 marked 0 reclaim candidate 1 type array 1
[367.193s][debug][gc,humongous      ] GC(32991) Humongous region 1459 (object size 1048592 @ 0x00000000db300000) remset 0 code roots 0 marked 0 reclaim candidate 1 type array 1
[367.193s][debug][gc,humongous      ] GC(32991) Humongous region 1968 (object size 1048592 @ 0x00000000fb000000) remset 0 code roots 0 marked 0 reclaim candidate 1 type array 1
[367.193s][debug][gc,humongous      ] GC(32991) Humongous region 223 (object size 1048592 @ 0x000000008df00000) remset 0 code roots 0 marked 0 reclaim candidate 1 type array 1
[367.193s][debug][gc,humongous      ] GC(32991) Humongous region 1970 (object size 1048592 @ 0x00000000fb200000) remset 0 code roots 0 marked 0 reclaim candidate 1 type array 1
[367.193s][debug][gc,humongous      ] GC(32991) Humongous region 225 (object size 1048592 @ 0x000000008e100000) remset 0 code roots 0 marked 0 reclaim candidate 1 type array 1
[367.193s][debug][gc,humongous      ] GC(32991) Humongous region 62 (object size 1048592 @ 0x0000000083e00000) remset 0 code roots 0 marked 0 reclaim candidate 1 type array 1
[367.193s][debug][gc,humongous      ] GC(32991) Humongous region 227 (object size 1048592 @ 0x000000008e300000) remset 0 code roots 0 marked 0 reclaim candidate 1 type array 1
[367.193s][debug][gc,humongous      ] GC(32991) Humongous region 66 (object size 1048592 @ 0x0000000084200000) remset 0 code roots 0 marked 0 reclaim candidate 1 type array 1
[367.193s][debug][gc,humongous      ] GC(32991) Humongous region 1800 (object size 1048592 @ 0x00000000f0800000) remset 0 code roots 0 marked 0 reclaim candidate 1 type array 1
[367.193s][debug][gc,humongous      ] GC(32991) Humongous region 544 (object size 1048592 @ 0x00000000a2000000) remset 0 code roots 0 marked 0 reclaim candidate 1 type array 1
[367.193s][debug][gc,humongous      ] GC(32991) Humongous region 1627 (object size 1048592 @ 0x00000000e5b00000) remset 0 code roots 0 marked 0 reclaim candidate 1 type array 1
[367.193s][debug][gc,humongous      ] GC(32991) Humongous region 1008 (object size 1048592 @ 0x00000000bf000000) remset 0 code roots 0 marked 0 reclaim candidate 1 type array 1
[367.193s][debug][gc,humongous      ] GC(32991) Humongous region 689 (object size 1048592 @ 0x00000000ab100000) remset 0 code roots 0 marked 0 reclaim candidate 1 type array 1
[367.193s][debug][gc,humongous      ] GC(32991) Humongous region 1461 (object size 1048592 @ 0x00000000db500000) remset 0 code roots 0 marked 0 reclaim candidate 1 type array 1
[367.193s][debug][gc,humongous      ] GC(32991) Humongous region 1304 (object size 1048592 @ 0x00000000d1800000) remset 0 code roots 0 marked 0 reclaim candidate 1 type array 1
[367.193s][debug][gc,humongous      ] GC(32991) Humongous region 1463 (object size 1048592 @ 0x00000000db700000) remset 0 code roots 0 marked 0 reclaim candidate 1 type array 1
[367.193s][debug][gc,humongous      ] GC(32991) Humongous region 1307 (object size 1048592 @ 0x00000000d1b00000) remset 0 code roots 0 marked 0 reclaim candidate 1 type array 1
[367.193s][debug][gc,humongous      ] GC(32991) Humongous region 1465 (object size 1048592 @ 0x00000000db900000) remset 0 code roots 0 marked 0 reclaim candidate 1 type array 1
[367.193s][debug][gc,humongous      ] GC(32991) Humongous region 1309 (object size 1048592 @ 0x00000000d1d00000) remset 0 code roots 0 marked 0 reclaim candidate 1 type array 1
[367.193s][debug][gc,humongous      ] GC(32991) Humongous region 1467 (object size 1048592 @ 0x00000000dbb00000) remset 0 code roots 0 marked 0 reclaim candidate 1 type array 1
[367.193s][debug][gc,humongous      ] GC(32991) Humongous region 1311 (object size 1048592 @ 0x00000000d1f00000) remset 0 code roots 0 marked 0 reclaim candidate 1 type array 1
[367.193s][debug][gc,humongous      ] GC(32991) Humongous region 1802 (object size 1048592 @ 0x00000000f0a00000) remset 0 code roots 0 marked 0 reclaim candidate 1 type array 1
[367.193s][debug][gc,humongous      ] GC(32991) Humongous region 1313 (object size 1048592 @ 0x00000000d2100000) remset 0 code roots 0 marked 0 reclaim candidate 1 type array 1
[367.193s][debug][gc,humongous      ] GC(32991) Humongous region 1804 (object size 1048592 @ 0x00000000f0c00000) remset 0 code roots 0 marked 0 reclaim candidate 1 type array 1
[367.193s][debug][gc,humongous      ] GC(32991) Humongous region 1315 (object size 1048592 @ 0x00000000d2300000) remset 0 code roots 0 marked 0 reclaim candidate 1 type array 1
[367.194s][debug][gc,humongous      ] GC(32991) Humongous region 1806 (object size 1048592 @ 0x00000000f0e00000) remset 0 code roots 0 marked 0 reclaim candidate 1 type array 1
[367.194s][debug][gc,humongous      ] GC(32991) Humongous region 1317 (object size 1048592 @ 0x00000000d2500000) remset 0 code roots 0 marked 0 reclaim candidate 1 type array 1
[367.193s][debug][gc,humongous      ] GC(32991) Humongous region 1972 (object size 1048592 @ 0x00000000fb400000) remset 0 code roots 0 marked 0 reclaim candidate 1 type array 1
[367.194s][debug][gc,humongous      ] GC(32991) Humongous region 1319 (object size 1048592 @ 0x00000000d2700000) remset 0 code roots 0 marked 0 reclaim candidate 1 type array 1
[367.194s][debug][gc,humongous      ] GC(32991) Humongous region 1974 (object size 1048592 @ 0x00000000fb600000) remset 0 code roots 0 marked 0 reclaim candidate 1 type array 1
[367.193s][debug][gc,humongous      ] GC(32991) Humongous region 68 (object size 1048592 @ 0x0000000084400000) remset 0 code roots 0 marked 0 reclaim candidate 1 type array 1
[367.194s][debug][gc,humongous      ] GC(32991) Humongous region 1321 (object size 1048592 @ 0x00000000d2900000) remset 0 code roots 0 marked 0 reclaim candidate 1 type array 1
[367.194s][debug][gc,humongous      ] GC(32991) Humongous region 1323 (object size 1048592 @ 0x00000000d2b00000) remset 0 code roots 0 marked 0 reclaim candidate 1 type array 1
[367.194s][debug][gc,humongous      ] GC(32991) Humongous region 72 (object size 1048592 @ 0x0000000084800000) remset 0 code roots 0 marked 0 reclaim candidate 1 type array 1
[367.194s][debug][gc,humongous      ] GC(32991) Humongous region 1325 (object size 1048592 @ 0x00000000d2d00000) remset 0 code roots 0 marked 0 reclaim candidate 1 type array 1
[367.194s][debug][gc,humongous      ] GC(32991) Humongous region 74 (object size 1048592 @ 0x0000000084a00000) remset 0 code roots 0 marked 0 reclaim candidate 1 type array 1
[367.194s][debug][gc,humongous      ] GC(32991) Humongous region 1327 (object size 1048592 @ 0x00000000d2f00000) remset 0 code roots 0 marked 0 reclaim candidate 1 type array 1
[367.194s][debug][gc,humongous      ] GC(32991) Humongous region 1329 (object size 1048592 @ 0x00000000d3100000) remset 0 code roots 0 marked 0 reclaim candidate 1 type array 1
[367.194s][debug][gc,humongous      ] GC(32991) Humongous region 1331 (object size 1048592 @ 0x00000000d3300000) remset 0 code roots 0 marked 0 reclaim candidate 1 type array 1
[367.194s][debug][gc,humongous      ] GC(32991) Humongous region 1333 (object size 1048592 @ 0x00000000d3500000) remset 0 code roots 0 marked 0 reclaim candidate 1 type array 1
[367.194s][debug][gc,humongous      ] GC(32991) Humongous region 1335 (object size 1048592 @ 0x00000000d3700000) remset 0 code roots 0 marked 0 reclaim candidate 1 type array 1
[367.194s][debug][gc,humongous      ] GC(32991) Humongous region 1337 (object size 1048592 @ 0x00000000d3900000) remset 0 code roots 0 marked 0 reclaim candidate 1 type array 1
[367.194s][debug][gc,humongous      ] GC(32991) Humongous region 1339 (object size 1048592 @ 0x00000000d3b00000) remset 0 code roots 0 marked 0 reclaim candidate 1 type array 1
[367.194s][debug][gc,humongous      ] GC(32991) Humongous region 1341 (object size 1048592 @ 0x00000000d3d00000) remset 0 code roots 0 marked 0 reclaim candidate 1 type array 1
[367.194s][debug][gc,humongous      ] GC(32991) Humongous region 1343 (object size 1048592 @ 0x00000000d3f00000) remset 0 code roots 0 marked 0 reclaim candidate 1 type array 1
[367.194s][debug][gc,humongous      ] GC(32991) Humongous region 1347 (object size 1048592 @ 0x00000000d4300000) remset 0 code roots 0 marked 0 reclaim candidate 1 type array 1
[367.194s][debug][gc,humongous      ] GC(32991) Humongous region 1349 (object size 1048592 @ 0x00000000d4500000) remset 0 code roots 0 marked 0 reclaim candidate 1 type array 1
[367.194s][debug][gc,humongous      ] GC(32991) Humongous region 1351 (object size 1048592 @ 0x00000000d4700000) remset 0 code roots 0 marked 0 reclaim candidate 1 type array 1
[367.194s][debug][gc,humongous      ] GC(32991) Humongous region 1353 (object size 1048592 @ 0x00000000d4900000) remset 0 code roots 0 marked 0 reclaim candidate 1 type array 1
[367.194s][debug][gc,humongous      ] GC(32991) Humongous region 1355 (object size 1048592 @ 0x00000000d4b00000) remset 0 code roots 0 marked 0 reclaim candidate 1 type array 1
[367.193s][debug][gc,humongous      ] GC(32991) Humongous region 1147 (object size 1048592 @ 0x00000000c7b00000) remset 0 code roots 0 marked 0 reclaim candidate 1 type array 1
[367.194s][debug][gc,humongous      ] GC(32991) Humongous region 1357 (object size 1048592 @ 0x00000000d4d00000) remset 0 code roots 0 marked 0 reclaim candidate 1 type array 1
[367.194s][debug][gc,humongous      ] GC(32991) Humongous region 1149 (object size 1048592 @ 0x00000000c7d00000) remset 0 code roots 0 marked 0 reclaim candidate 1 type array 1
[367.194s][debug][gc,humongous      ] GC(32991) Humongous region 1976 (object size 1048592 @ 0x00000000fb800000) remset 0 code roots 0 marked 0 reclaim candidate 1 type array 1
[367.193s][debug][gc,humongous      ] GC(32991) Humongous region 229 (object size 1048592 @ 0x000000008e500000) remset 0 code roots 0 marked 0 reclaim candidate 1 type array 1
[367.193s][debug][gc,humongous      ] GC(32991) Humongous region 1469 (object size 1048592 @ 0x00000000dbd00000) remset 0 code roots 0 marked 0 reclaim candidate 1 type array 1
[367.193s][debug][gc,humongous      ] GC(32991) Humongous region 1629 (object size 1048592 @ 0x00000000e5d00000) remset 0 code roots 0 marked 0 reclaim candidate 1 type array 1
[367.193s][debug][gc,humongous      ] GC(32991) Humongous region 546 (object size 1048592 @ 0x00000000a2200000) remset 0 code roots 0 marked 0 reclaim candidate 1 type array 1
[367.194s][debug][gc,humongous      ] GC(32991) Humongous region 1631 (object size 1048592 @ 0x00000000e5f00000) remset 0 code roots 0 marked 0 reclaim candidate 1 type array 1
[367.194s][debug][gc,humongous      ] GC(32991) Humongous region 548 (object size 1048592 @ 0x00000000a2400000) remset 0 code roots 0 marked 0 reclaim candidate 1 type array 1
[367.194s][debug][gc,humongous      ] GC(32991) Humongous region 550 (object size 1048592 @ 0x00000000a2600000) remset 0 code roots 0 marked 0 reclaim candidate 1 type array 1
[367.194s][debug][gc,humongous      ] GC(32991) Humongous region 554 (object size 1048592 @ 0x00000000a2a00000) remset 0 code roots 0 marked 0 reclaim candidate 1 type array 1
[367.194s][debug][gc,humongous      ] GC(32991) Humongous region 556 (object size 1048592 @ 0x00000000a2c00000) remset 0 code roots 0 marked 0 reclaim candidate 1 type array 1
[367.194s][debug][gc,humongous      ] GC(32991) Humongous region 558 (object size 1048592 @ 0x00000000a2e00000) remset 0 code roots 0 marked 0 reclaim candidate 1 type array 1
[367.194s][debug][gc,humongous      ] GC(32991) Humongous region 560 (object size 1048592 @ 0x00000000a3000000) remset 0 code roots 0 marked 0 reclaim candidate 1 type array 1
[367.194s][debug][gc,humongous      ] GC(32991) Humongous region 562 (object size 1048592 @ 0x00000000a3200000) remset 0 code roots 0 marked 0 reclaim candidate 1 type array 1
[367.194s][debug][gc,humongous      ] GC(32991) Humongous region 564 (object size 1048592 @ 0x00000000a3400000) remset 0 code roots 0 marked 0 reclaim candidate 1 type array 1
[367.194s][debug][gc,humongous      ] GC(32991) Humongous region 566 (object size 1048592 @ 0x00000000a3600000) remset 0 code roots 0 marked 0 reclaim candidate 1 type array 1
[367.194s][debug][gc,humongous      ] GC(32991) Humongous region 568 (object size 1048592 @ 0x00000000a3800000) remset 0 code roots 0 marked 0 reclaim candidate 1 type array 1
[367.194s][debug][gc,humongous      ] GC(32991) Humongous region 570 (object size 1048592 @ 0x00000000a3a00000) remset 0 code roots 0 marked 0 reclaim candidate 1 type array 1
[367.194s][debug][gc,humongous      ] GC(32991) Humongous region 572 (object size 1048592 @ 0x00000000a3c00000) remset 0 code roots 0 marked 0 reclaim candidate 1 type array 1
[367.194s][debug][gc,humongous      ] GC(32991) Humongous region 574 (object size 1048592 @ 0x00000000a3e00000) remset 0 code roots 0 marked 0 reclaim candidate 1 type array 1
[367.194s][debug][gc,humongous      ] GC(32991) Humongous region 576 (object size 1048592 @ 0x00000000a4000000) remset 0 code roots 0 marked 0 reclaim candidate 1 type array 1
[367.194s][debug][gc,humongous      ] GC(32991) Humongous region 578 (object size 1048592 @ 0x00000000a4200000) remset 0 code roots 0 marked 0 reclaim candidate 1 type array 1
[367.194s][debug][gc,humongous      ] GC(32991) Humongous region 580 (object size 1048592 @ 0x00000000a4400000) remset 0 code roots 0 marked 0 reclaim candidate 1 type array 1
[367.194s][debug][gc,humongous      ] GC(32991) Humongous region 582 (object size 1048592 @ 0x00000000a4600000) remset 0 code roots 0 marked 0 reclaim candidate 1 type array 1
[367.194s][debug][gc,humongous      ] GC(32991) Humongous region 586 (object size 1048592 @ 0x00000000a4a00000) remset 0 code roots 0 marked 0 reclaim candidate 1 type array 1
[367.194s][debug][gc,humongous      ] GC(32991) Humongous region 588 (object size 1048592 @ 0x00000000a4c00000) remset 0 code roots 0 marked 0 reclaim candidate 1 type array 1
[367.194s][debug][gc,humongous      ] GC(32991) Humongous region 590 (object size 1048592 @ 0x00000000a4e00000) remset 0 code roots 0 marked 0 reclaim candidate 1 type array 1
[367.194s][debug][gc,humongous      ] GC(32991) Humongous region 592 (object size 1048592 @ 0x00000000a5000000) remset 0 code roots 0 marked 0 reclaim candidate 1 type array 1
[367.194s][debug][gc,humongous      ] GC(32991) Humongous region 594 (object size 1048592 @ 0x00000000a5200000) remset 0 code roots 0 marked 0 reclaim candidate 1 type array 1
[367.194s][debug][gc,humongous      ] GC(32991) Humongous region 596 (object size 1048592 @ 0x00000000a5400000) remset 0 code roots 0 marked 0 reclaim candidate 1 type array 1
[367.195s][debug][gc,humongous      ] GC(32991) Humongous region 598 (object size 1048592 @ 0x00000000a5600000) remset 0 code roots 0 marked 0 reclaim candidate 1 type array 1
[367.195s][debug][gc,humongous      ] GC(32991) Humongous region 600 (object size 1048592 @ 0x00000000a5800000) remset 0 code roots 0 marked 0 reclaim candidate 1 type array 1
[367.195s][debug][gc,humongous      ] GC(32991) Humongous region 602 (object size 1048592 @ 0x00000000a5a00000) remset 0 code roots 0 marked 0 reclaim candidate 1 type array 1
[367.195s][debug][gc,humongous      ] GC(32991) Humongous region 604 (object size 1048592 @ 0x00000000a5c00000) remset 0 code roots 0 marked 0 reclaim candidate 1 type array 1
[367.195s][debug][gc,humongous      ] GC(32991) Humongous region 606 (object size 1048592 @ 0x00000000a5e00000) remset 0 code roots 0 marked 0 reclaim candidate 1 type array 1
[367.195s][debug][gc,humongous      ] GC(32991) Humongous region 608 (object size 1048592 @ 0x00000000a6000000) remset 0 code roots 0 marked 0 reclaim candidate 1 type array 1
[367.195s][debug][gc,humongous      ] GC(32991) Humongous region 610 (object size 1048592 @ 0x00000000a6200000) remset 0 code roots 0 marked 0 reclaim candidate 1 type array 1
[367.195s][debug][gc,humongous      ] GC(32991) Humongous region 612 (object size 1048592 @ 0x00000000a6400000) remset 0 code roots 0 marked 0 reclaim candidate 1 type array 1
[367.195s][debug][gc,humongous      ] GC(32991) Humongous region 614 (object size 1048592 @ 0x00000000a6600000) remset 0 code roots 0 marked 0 reclaim candidate 1 type array 1
[367.195s][debug][gc,humongous      ] GC(32991) Humongous region 616 (object size 1048592 @ 0x00000000a6800000) remset 0 code roots 0 marked 0 reclaim candidate 1 type array 1
[367.195s][debug][gc,humongous      ] GC(32991) Humongous region 618 (object size 1048592 @ 0x00000000a6a00000) remset 0 code roots 0 marked 0 reclaim candidate 1 type array 1
[367.195s][debug][gc,humongous      ] GC(32991) Humongous region 620 (object size 1048592 @ 0x00000000a6c00000) remset 0 code roots 0 marked 0 reclaim candidate 1 type array 1
[367.195s][debug][gc,humongous      ] GC(32991) Humongous region 622 (object size 1048592 @ 0x00000000a6e00000) remset 0 code roots 0 marked 0 reclaim candidate 1 type array 1
[367.195s][debug][gc,humongous      ] GC(32991) Humongous region 624 (object size 1048592 @ 0x00000000a7000000) remset 0 code roots 0 marked 0 reclaim candidate 1 type array 1
[367.195s][debug][gc,humongous      ] GC(32991) Humongous region 626 (object size 1048592 @ 0x00000000a7200000) remset 0 code roots 0 marked 0 reclaim candidate 1 type array 1
[367.195s][debug][gc,humongous      ] GC(32991) Humongous region 628 (object size 1048592 @ 0x00000000a7400000) remset 0 code roots 0 marked 0 reclaim candidate 1 type array 1
[367.195s][debug][gc,humongous      ] GC(32991) Humongous region 693 (object size 1048592 @ 0x00000000ab500000) remset 0 code roots 0 marked 0 reclaim candidate 1 type array 1
[367.195s][debug][gc,humongous      ] GC(32991) Humongous region 695 (object size 1048592 @ 0x00000000ab700000) remset 0 code roots 0 marked 0 reclaim candidate 1 type array 1
[367.195s][debug][gc,humongous      ] GC(32991) Humongous region 697 (object size 1048592 @ 0x00000000ab900000) remset 0 code roots 0 marked 0 reclaim candidate 1 type array 1
[367.195s][debug][gc,humongous      ] GC(32991) Humongous region 699 (object size 1048592 @ 0x00000000abb00000) remset 0 code roots 0 marked 0 reclaim candidate 1 type array 1
[367.195s][debug][gc,humongous      ] GC(32991) Humongous region 701 (object size 1048592 @ 0x00000000abd00000) remset 0 code roots 0 marked 0 reclaim candidate 1 type array 1
[367.195s][debug][gc,humongous      ] GC(32991) Humongous region 703 (object size 1048592 @ 0x00000000abf00000) remset 0 code roots 0 marked 0 reclaim candidate 1 type array 1
[367.195s][debug][gc,humongous      ] GC(32991) Humongous region 705 (object size 1048592 @ 0x00000000ac100000) remset 0 code roots 0 marked 0 reclaim candidate 1 type array 1
[367.195s][debug][gc,humongous      ] GC(32991) Humongous region 707 (object size 1048592 @ 0x00000000ac300000) remset 0 code roots 0 marked 0 reclaim candidate 1 type array 1
[367.195s][debug][gc,humongous      ] GC(32991) Humongous region 709 (object size 1048592 @ 0x00000000ac500000) remset 0 code roots 0 marked 0 reclaim candidate 1 type array 1
[367.195s][debug][gc,humongous      ] GC(32991) Humongous region 711 (object size 1048592 @ 0x00000000ac700000) remset 0 code roots 0 marked 0 reclaim candidate 1 type array 1
[367.195s][debug][gc,humongous      ] GC(32991) Humongous region 713 (object size 1048592 @ 0x00000000ac900000) remset 0 code roots 0 marked 0 reclaim candidate 1 type array 1
[367.195s][debug][gc,humongous      ] GC(32991) Humongous region 717 (object size 1048592 @ 0x00000000acd00000) remset 0 code roots 0 marked 0 reclaim candidate 1 type array 1
[367.195s][debug][gc,humongous      ] GC(32991) Humongous region 719 (object size 1048592 @ 0x00000000acf00000) remset 0 code roots 0 marked 0 reclaim candidate 1 type array 1
[367.195s][debug][gc,humongous      ] GC(32991) Humongous region 721 (object size 1048592 @ 0x00000000ad100000) remset 0 code roots 0 marked 0 reclaim candidate 1 type array 1
[367.195s][debug][gc,humongous      ] GC(32991) Humongous region 723 (object size 1048592 @ 0x00000000ad300000) remset 0 code roots 0 marked 0 reclaim candidate 1 type array 1
[367.195s][debug][gc,humongous      ] GC(32991) Humongous region 725 (object size 1048592 @ 0x00000000ad500000) remset 0 code roots 0 marked 0 reclaim candidate 1 type array 1
[367.195s][debug][gc,humongous      ] GC(32991) Humongous region 727 (object size 1048592 @ 0x00000000ad700000) remset 0 code roots 0 marked 0 reclaim candidate 1 type array 1
[367.195s][debug][gc,humongous      ] GC(32991) Humongous region 729 (object size 1048592 @ 0x00000000ad900000) remset 0 code roots 0 marked 0 reclaim candidate 1 type array 1
[367.195s][debug][gc,humongous      ] GC(32991) Humongous region 731 (object size 1048592 @ 0x00000000adb00000) remset 0 code roots 0 marked 0 reclaim candidate 1 type array 1
[367.195s][debug][gc,humongous      ] GC(32991) Humongous region 733 (object size 1048592 @ 0x00000000add00000) remset 0 code roots 0 marked 0 reclaim candidate 1 type array 1
[367.195s][debug][gc,humongous      ] GC(32991) Humongous region 735 (object size 1048592 @ 0x00000000adf00000) remset 0 code roots 0 marked 0 reclaim candidate 1 type array 1
[367.195s][debug][gc,humongous      ] GC(32991) Humongous region 737 (object size 1048592 @ 0x00000000ae100000) remset 0 code roots 0 marked 0 reclaim candidate 1 type array 1
[367.195s][debug][gc,humongous      ] GC(32991) Humongous region 739 (object size 1048592 @ 0x00000000ae300000) remset 0 code roots 0 marked 0 reclaim candidate 1 type array 1
[367.195s][debug][gc,humongous      ] GC(32991) Humongous region 741 (object size 1048592 @ 0x00000000ae500000) remset 0 code roots 0 marked 0 reclaim candidate 1 type array 1
[367.195s][debug][gc,humongous      ] GC(32991) Humongous region 743 (object size 1048592 @ 0x00000000ae700000) remset 0 code roots 0 marked 0 reclaim candidate 1 type array 1
[367.195s][debug][gc,humongous      ] GC(32991) Humongous region 745 (object size 1048592 @ 0x00000000ae900000) remset 0 code roots 0 marked 0 reclaim candidate 1 type array 1
[367.195s][debug][gc,humongous      ] GC(32991) Humongous region 747 (object size 1048592 @ 0x00000000aeb00000) remset 0 code roots 0 marked 0 reclaim candidate 1 type array 1
[367.195s][debug][gc,humongous      ] GC(32991) Humongous region 751 (object size 1048592 @ 0x00000000aef00000) remset 0 code roots 0 marked 0 reclaim candidate 1 type array 1
[367.195s][debug][gc,humongous      ] GC(32991) Humongous region 754 (object size 1048592 @ 0x00000000af200000) remset 0 code roots 0 marked 0 reclaim candidate 1 type array 1
[367.195s][debug][gc,humongous      ] GC(32991) Humongous region 756 (object size 1048592 @ 0x00000000af400000) remset 0 code roots 0 marked 0 reclaim candidate 1 type array 1
[367.196s][debug][gc,humongous      ] GC(32991) Humongous region 758 (object size 1048592 @ 0x00000000af600000) remset 0 code roots 0 marked 0 reclaim candidate 1 type array 1
[367.196s][debug][gc,humongous      ] GC(32991) Humongous region 760 (object size 1048592 @ 0x00000000af800000) remset 0 code roots 0 marked 0 reclaim candidate 1 type array 1
[367.196s][debug][gc,humongous      ] GC(32991) Humongous region 762 (object size 1048592 @ 0x00000000afa00000) remset 0 code roots 0 marked 0 reclaim candidate 1 type array 1
[367.196s][debug][gc,humongous      ] GC(32991) Humongous region 764 (object size 1048592 @ 0x00000000afc00000) remset 0 code roots 0 marked 0 reclaim candidate 1 type array 1
[367.196s][debug][gc,humongous      ] GC(32991) Humongous region 768 (object size 1048592 @ 0x00000000b0000000) remset 0 code roots 0 marked 0 reclaim candidate 1 type array 1
[367.196s][debug][gc,humongous      ] GC(32991) Humongous region 770 (object size 1048592 @ 0x00000000b0200000) remset 0 code roots 0 marked 0 reclaim candidate 1 type array 1
[367.196s][debug][gc,humongous      ] GC(32991) Humongous region 772 (object size 1048592 @ 0x00000000b0400000) remset 0 code roots 0 marked 0 reclaim candidate 1 type array 1
[367.196s][debug][gc,humongous      ] GC(32991) Humongous region 774 (object size 1048592 @ 0x00000000b0600000) remset 0 code roots 0 marked 0 reclaim candidate 1 type array 1
[367.196s][debug][gc,humongous      ] GC(32991) Humongous region 776 (object size 1048592 @ 0x00000000b0800000) remset 0 code roots 0 marked 0 reclaim candidate 1 type array 1
[367.196s][debug][gc,humongous      ] GC(32991) Humongous region 778 (object size 1048592 @ 0x00000000b0a00000) remset 0 code roots 0 marked 0 reclaim candidate 1 type array 1
[367.196s][debug][gc,humongous      ] GC(32991) Humongous region 782 (object size 1048592 @ 0x00000000b0e00000) remset 0 code roots 0 marked 0 reclaim candidate 1 type array 1
[367.196s][debug][gc,humongous      ] GC(32991) Humongous region 784 (object size 1048592 @ 0x00000000b1000000) remset 0 code roots 0 marked 0 reclaim candidate 1 type array 1
[367.196s][debug][gc,humongous      ] GC(32991) Humongous region 786 (object size 1048592 @ 0x00000000b1200000) remset 0 code roots 0 marked 0 reclaim candidate 1 type array 1
[367.196s][debug][gc,humongous      ] GC(32991) Humongous region 858 (object size 1048592 @ 0x00000000b5a00000) remset 0 code roots 0 marked 0 reclaim candidate 1 type array 1
[367.196s][debug][gc,humongous      ] GC(32991) Humongous region 860 (object size 1048592 @ 0x00000000b5c00000) remset 0 code roots 0 marked 0 reclaim candidate 1 type array 1
[367.196s][debug][gc,humongous      ] GC(32991) Humongous region 862 (object size 1048592 @ 0x00000000b5e00000) remset 0 code roots 0 marked 0 reclaim candidate 1 type array 1
[367.196s][debug][gc,humongous      ] GC(32991) Humongous region 865 (object size 1048592 @ 0x00000000b6100000) remset 0 code roots 0 marked 0 reclaim candidate 1 type array 1
[367.196s][debug][gc,humongous      ] GC(32991) Humongous region 867 (object size 1048592 @ 0x00000000b6300000) remset 0 code roots 0 marked 0 reclaim candidate 1 type array 1
[367.196s][debug][gc,humongous      ] GC(32991) Humongous region 869 (object size 1048592 @ 0x00000000b6500000) remset 0 code roots 0 marked 0 reclaim candidate 1 type array 1
[367.196s][debug][gc,humongous      ] GC(32991) Humongous region 871 (object size 1048592 @ 0x00000000b6700000) remset 0 code roots 0 marked 0 reclaim candidate 1 type array 1
[367.196s][debug][gc,humongous      ] GC(32991) Humongous region 873 (object size 1048592 @ 0x00000000b6900000) remset 0 code roots 0 marked 0 reclaim candidate 1 type array 1
[367.196s][debug][gc,humongous      ] GC(32991) Humongous region 875 (object size 1048592 @ 0x00000000b6b00000) remset 0 code roots 0 marked 0 reclaim candidate 1 type array 1
[367.196s][debug][gc,humongous      ] GC(32991) Humongous region 877 (object size 1048592 @ 0x00000000b6d00000) remset 0 code roots 0 marked 0 reclaim candidate 1 type array 1
[367.196s][debug][gc,humongous      ] GC(32991) Humongous region 879 (object size 1048592 @ 0x00000000b6f00000) remset 0 code roots 0 marked 0 reclaim candidate 1 type array 1
[367.196s][debug][gc,humongous      ] GC(32991) Humongous region 881 (object size 1048592 @ 0x00000000b7100000) remset 0 code roots 0 marked 0 reclaim candidate 1 type array 1
[367.196s][debug][gc,humongous      ] GC(32991) Humongous region 883 (object size 1048592 @ 0x00000000b7300000) remset 0 code roots 0 marked 0 reclaim candidate 1 type array 1
[367.196s][debug][gc,humongous      ] GC(32991) Humongous region 885 (object size 1048592 @ 0x00000000b7500000) remset 0 code roots 0 marked 0 reclaim candidate 1 type array 1
[367.196s][debug][gc,humongous      ] GC(32991) Humongous region 887 (object size 1048592 @ 0x00000000b7700000) remset 0 code roots 0 marked 0 reclaim candidate 1 type array 1
[367.194s][debug][gc,humongous      ] GC(32991) Humongous region 76 (object size 1048592 @ 0x0000000084c00000) remset 0 code roots 0 marked 0 reclaim candidate 1 type array 1
[367.196s][debug][gc,humongous      ] GC(32991) Humongous region 78 (object size 1048592 @ 0x0000000084e00000) remset 0 code roots 0 marked 0 reclaim candidate 1 type array 1
[367.196s][debug][gc,humongous      ] GC(32991) Humongous region 80 (object size 1048592 @ 0x0000000085000000) remset 0 code roots 0 marked 0 reclaim candidate 1 type array 1
[367.194s][debug][gc,humongous      ] GC(32991) Humongous region 1359 (object size 1048592 @ 0x00000000d4f00000) remset 0 code roots 0 marked 0 reclaim candidate 1 type array 1
[367.196s][debug][gc,humongous      ] GC(32991) Humongous region 82 (object size 1048592 @ 0x0000000085200000) remset 0 code roots 0 marked 0 reclaim candidate 1 type array 1
[367.194s][debug][gc,humongous      ] GC(32991) Humongous region 1151 (object size 1048592 @ 0x00000000c7f00000) remset 0 code roots 0 marked 0 reclaim candidate 1 type array 1
[367.196s][debug][gc,humongous      ] GC(32991) Humongous region 1361 (object size 1048592 @ 0x00000000d5100000) remset 0 code roots 0 marked 0 reclaim candidate 1 type array 1
[367.194s][debug][gc,humongous      ] GC(32991) Humongous region 231 (object size 1048592 @ 0x000000008e700000) remset 0 code roots 0 marked 0 reclaim candidate 1 type array 1
[367.194s][debug][gc,humongous      ] GC(32991) Humongous region 1471 (object size 1048592 @ 0x00000000dbf00000) remset 0 code roots 0 marked 0 reclaim candidate 1 type array 1
[367.196s][debug][gc,humongous      ] GC(32991) Humongous region 1473 (object size 1048592 @ 0x00000000dc100000) remset 0 code roots 0 marked 0 reclaim candidate 1 type array 1
[367.196s][debug][gc,humongous      ] GC(32991) Humongous region 1475 (object size 1048592 @ 0x00000000dc300000) remset 0 code roots 0 marked 0 reclaim candidate 1 type array 1
[367.194s][debug][gc,humongous      ] GC(32991) Humongous region 1633 (object size 1048592 @ 0x00000000e6100000) remset 0 code roots 0 marked 0 reclaim candidate 1 type array 1
[367.196s][debug][gc,humongous      ] GC(32991) Humongous region 1477 (object size 1048592 @ 0x00000000dc500000) remset 0 code roots 0 marked 0 reclaim candidate 1 type array 1
[367.196s][debug][gc,humongous      ] GC(32991) Humongous region 889 (object size 1048592 @ 0x00000000b7900000) remset 0 code roots 0 marked 0 reclaim candidate 1 type array 1
[367.196s][debug][gc,humongous      ] GC(32991) Humongous region 1635 (object size 1048592 @ 0x00000000e6300000) remset 0 code roots 0 marked 0 reclaim candidate 1 type array 1
[367.193s][debug][gc,humongous      ] GC(32991) Humongous region 361 (object size 1048592 @ 0x0000000096900000) remset 0 code roots 0 marked 0 reclaim candidate 1 type array 1
[367.196s][debug][gc,humongous      ] GC(32991) Humongous region 1637 (object size 1048592 @ 0x00000000e6500000) remset 0 code roots 0 marked 0 reclaim candidate 1 type array 1
[367.194s][debug][gc,humongous      ] GC(32991) Humongous region 1978 (object size 1048592 @ 0x00000000fba00000) remset 0 code roots 0 marked 0 reclaim candidate 1 type array 1
[367.196s][debug][gc,humongous      ] GC(32991) Humongous region 1153 (object size 1048592 @ 0x00000000c8100000) remset 0 code roots 0 marked 0 reclaim candidate 1 type array 1
[367.196s][debug][gc,humongous      ] GC(32991) Humongous region 1363 (object size 1048592 @ 0x00000000d5300000) remset 0 code roots 0 marked 0 reclaim candidate 1 type array 1
[367.196s][debug][gc,humongous      ] GC(32991) Humongous region 1155 (object size 1048592 @ 0x00000000c8300000) remset 0 code roots 0 marked 0 reclaim candidate 1 type array 1
[367.193s][debug][gc,humongous      ] GC(32991) Humongous region 856 (object size 1048592 @ 0x00000000b5800000) remset 0 code roots 0 marked 0 reclaim candidate 1 type array 1
[367.196s][debug][gc,humongous      ] GC(32991) Humongous region 1157 (object size 1048592 @ 0x00000000c8500000) remset 0 code roots 0 marked 0 reclaim candidate 1 type array 1
[367.194s][debug][gc,humongous      ] GC(32991) Humongous region 1808 (object size 1048592 @ 0x00000000f1000000) remset 0 code roots 0 marked 0 reclaim candidate 1 type array 1
[367.196s][debug][gc,humongous      ] GC(32991) Humongous region 1479 (object size 1048592 @ 0x00000000dc700000) remset 0 code roots 0 marked 0 reclaim candidate 1 type array 1
[367.193s][debug][gc,humongous      ] GC(32991) Humongous region 691 (object size 1048592 @ 0x00000000ab300000) remset 0 code roots 0 marked 0 reclaim candidate 1 type array 1
[367.196s][debug][gc,humongous      ] GC(32991) Humongous region 1481 (object size 1048592 @ 0x00000000dc900000) remset 0 code roots 0 marked 0 reclaim candidate 1 type array 1
[367.196s][debug][gc,humongous      ] GC(32991) Humongous region 895 (object size 1048592 @ 0x00000000b7f00000) remset 0 code roots 0 marked 0 reclaim candidate 1 type array 1
[367.196s][debug][gc,humongous      ] GC(32991) Humongous region 363 (object size 1048592 @ 0x0000000096b00000) remset 0 code roots 0 marked 0 reclaim candidate 1 type array 1
[367.196s][debug][gc,humongous      ] GC(32991) Humongous region 1483 (object size 1048592 @ 0x00000000dcb00000) remset 0 code roots 0 marked 0 reclaim candidate 1 type array 1
[367.196s][debug][gc,humongous      ] GC(32991) Humongous region 1980 (object size 1048592 @ 0x00000000fbc00000) remset 0 code roots 0 marked 0 reclaim candidate 1 type array 1
[367.196s][debug][gc,humongous      ] GC(32991) Humongous region 1365 (object size 1048592 @ 0x00000000d5500000) remset 0 code roots 0 marked 0 reclaim candidate 1 type array 1
[367.196s][debug][gc,humongous      ] GC(32991) Humongous region 1982 (object size 1048592 @ 0x00000000fbe00000) remset 0 code roots 0 marked 0 reclaim candidate 1 type array 1
[367.193s][debug][gc,humongous      ] GC(32991) Humongous region 1010 (object size 1048592 @ 0x00000000bf200000) remset 0 code roots 0 marked 0 reclaim candidate 1 type array 1
[367.197s][debug][gc,humongous      ] GC(32991) Humongous region 1984 (object size 1048592 @ 0x00000000fc000000) remset 0 code roots 0 marked 0 reclaim candidate 1 type array 1
[367.197s][debug][gc,humongous      ] GC(32991) Humongous region 1986 (object size 1048592 @ 0x00000000fc200000) remset 0 code roots 0 marked 0 reclaim candidate 1 type array 1
[367.196s][debug][gc,humongous      ] GC(32991) Humongous region 1810 (object size 1048592 @ 0x00000000f1200000) remset 0 code roots 0 marked 0 reclaim candidate 1 type array 1
[367.197s][debug][gc,humongous      ] GC(32991) Humongous region 1988 (object size 1048592 @ 0x00000000fc400000) remset 0 code roots 0 marked 0 reclaim candidate 1 type array 1
[367.196s][debug][gc,humongous      ] GC(32991) Humongous region 85 (object size 1048592 @ 0x0000000085500000) remset 0 code roots 0 marked 0 reclaim candidate 1 type array 1
[367.197s][debug][gc,humongous      ] GC(32991) Humongous region 1992 (object size 1048592 @ 0x00000000fc800000) remset 0 code roots 0 marked 0 reclaim candidate 1 type array 1
[367.197s][debug][gc,humongous      ] GC(32991) Humongous region 87 (object size 1048592 @ 0x0000000085700000) remset 0 code roots 0 marked 0 reclaim candidate 1 type array 1
[367.197s][debug][gc,humongous      ] GC(32991) Humongous region 1995 (object size 1048592 @ 0x00000000fcb00000) remset 0 code roots 0 marked 0 reclaim candidate 1 type array 1
[367.197s][debug][gc,humongous      ] GC(32991) Humongous region 89 (object size 1048592 @ 0x0000000085900000) remset 0 code roots 0 marked 0 reclaim candidate 1 type array 1
[367.196s][debug][gc,humongous      ] GC(32991) Humongous region 1367 (object size 1048592 @ 0x00000000d5700000) remset 0 code roots 0 marked 0 reclaim candidate 1 type array 1
[367.197s][debug][gc,humongous      ] GC(32991) Humongous region 91 (object size 1048592 @ 0x0000000085b00000) remset 0 code roots 0 marked 0 reclaim candidate 1 type array 1
[367.196s][debug][gc,humongous      ] GC(32991) Humongous region 233 (object size 1048592 @ 0x000000008e900000) remset 0 code roots 0 marked 0 reclaim candidate 1 type array 1
[367.196s][debug][gc,humongous      ] GC(32991) Humongous region 1159 (object size 1048592 @ 0x00000000c8700000) remset 0 code roots 0 marked 0 reclaim candidate 1 type array 1
[367.197s][debug][gc,humongous      ] GC(32991) Humongous region 1012 (object size 1048592 @ 0x00000000bf400000) remset 0 code roots 0 marked 0 reclaim candidate 1 type array 1
[367.197s][debug][gc,humongous      ] GC(32991) Humongous region 1812 (object size 1048592 @ 0x00000000f1400000) remset 0 code roots 0 marked 0 reclaim candidate 1 type array 1
[367.197s][debug][gc,humongous      ] GC(32991) Humongous region 1014 (object size 1048592 @ 0x00000000bf600000) remset 0 code roots 0 marked 0 reclaim candidate 1 type array 1
[367.197s][debug][gc,humongous      ] GC(32991) Humongous region 1814 (object size 1048592 @ 0x00000000f1600000) remset 0 code roots 0 marked 0 reclaim candidate 1 type array 1
[367.197s][debug][gc,humongous      ] GC(32991) Humongous region 1016 (object size 1048592 @ 0x00000000bf800000) remset 0 code roots 0 marked 0 reclaim candidate 1 type array 1
[367.196s][debug][gc,humongous      ] GC(32991) Humongous region 365 (object size 1048592 @ 0x0000000096d00000) remset 0 code roots 0 marked 0 reclaim candidate 1 type array 1
[367.197s][debug][gc,humongous      ] GC(32991) Humongous region 1018 (object size 1048592 @ 0x00000000bfa00000) remset 0 code roots 0 marked 0 reclaim candidate 1 type array 1
[367.197s][debug][gc,humongous      ] GC(32991) Humongous region 1997 (object size 1048592 @ 0x00000000fcd00000) remset 0 code roots 0 marked 0 reclaim candidate 1 type array 1
[367.197s][debug][gc,humongous      ] GC(32991) Humongous region 1020 (object size 1048592 @ 0x00000000bfc00000) remset 0 code roots 0 marked 0 reclaim candidate 1 type array 1
[367.197s][debug][gc,humongous      ] GC(32991) Humongous region 2001 (object size 1048592 @ 0x00000000fd100000) remset 0 code roots 0 marked 0 reclaim candidate 1 type array 1
[367.197s][debug][gc,humongous      ] GC(32991) Humongous region 1022 (object size 1048592 @ 0x00000000bfe00000) remset 0 code roots 0 marked 0 reclaim candidate 1 type array 1
[367.197s][debug][gc,humongous      ] GC(32991) Humongous region 2005 (object size 1048592 @ 0x00000000fd500000) remset 0 code roots 0 marked 0 reclaim candidate 1 type array 1
[367.197s][debug][gc,humongous      ] GC(32991) Humongous region 235 (object size 1048592 @ 0x000000008eb00000) remset 0 code roots 0 marked 0 reclaim candidate 1 type array 1
[367.197s][debug][gc,humongous      ] GC(32991) Humongous region 1024 (object size 1048592 @ 0x00000000c0000000) remset 0 code roots 0 marked 0 reclaim candidate 1 type array 1
[367.196s][debug][gc,humongous      ] GC(32991) Humongous region 897 (object size 1048592 @ 0x00000000b8100000) remset 0 code roots 0 marked 0 reclaim candidate 1 type array 1
[367.197s][debug][gc,humongous      ] GC(32991) Humongous region 1026 (object size 1048592 @ 0x00000000c0200000) remset 0 code roots 0 marked 0 reclaim candidate 1 type array 1
[367.197s][debug][gc,humongous      ] GC(32991) Humongous region 899 (object size 1048592 @ 0x00000000b8300000) remset 0 code roots 0 marked 0 reclaim candidate 1 type array 1
[367.196s][debug][gc,humongous      ] GC(32991) Humongous region 1485 (object size 1048592 @ 0x00000000dcd00000) remset 0 code roots 0 marked 0 reclaim candidate 1 type array 1
[367.197s][debug][gc,humongous      ] GC(32991) Humongous region 367 (object size 1048592 @ 0x0000000096f00000) remset 0 code roots 0 marked 0 reclaim candidate 1 type array 1
[367.196s][debug][gc,humongous      ] GC(32991) Humongous region 893 (object size 1048592 @ 0x00000000b7d00000) remset 0 code roots 0 marked 0 reclaim candidate 1 type array 1
[367.197s][debug][gc,humongous      ] GC(32991) Humongous region 1369 (object size 1048592 @ 0x00000000d5900000) remset 0 code roots 0 marked 0 reclaim candidate 1 type array 1
[367.197s][debug][gc,humongous      ] GC(32991) Humongous region 93 (object size 1048592 @ 0x0000000085d00000) remset 0 code roots 0 marked 0 reclaim candidate 1 type array 1
[367.197s][debug][gc,humongous      ] GC(32991) Humongous region 1161 (object size 1048592 @ 0x00000000c8900000) remset 0 code roots 0 marked 0 reclaim candidate 1 type array 1
[367.196s][debug][gc,humongous      ] GC(32991) Humongous region 891 (object size 1048592 @ 0x00000000b7b00000) remset 0 code roots 0 marked 0 reclaim candidate 1 type array 1
[367.197s][debug][gc,humongous      ] GC(32991) Humongous region 237 (object size 1048592 @ 0x000000008ed00000) remset 0 code roots 0 marked 0 reclaim candidate 1 type array 1
[367.197s][debug][gc,humongous      ] GC(32991) Humongous region 905 (object size 1048592 @ 0x00000000b8900000) remset 0 code roots 0 marked 0 reclaim candidate 1 type array 1
[367.197s][debug][gc,humongous      ] GC(32991) Humongous region 242 (object size 1048592 @ 0x000000008f200000) remset 0 code roots 0 marked 0 reclaim candidate 1 type array 1
[367.197s][debug][gc,humongous      ] GC(32991) Humongous region 907 (object size 1048592 @ 0x00000000b8b00000) remset 0 code roots 0 marked 0 reclaim candidate 1 type array 1
[367.197s][debug][gc,humongous      ] GC(32991) Humongous region 244 (object size 1048592 @ 0x000000008f400000) remset 0 code roots 0 marked 0 reclaim candidate 1 type array 1
[367.197s][debug][gc,humongous      ] GC(32991) Humongous region 1487 (object size 1048592 @ 0x00000000dcf00000) remset 0 code roots 0 marked 0 reclaim candidate 1 type array 1
[367.197s][debug][gc,humongous      ] GC(32991) Humongous region 246 (object size 1048592 @ 0x000000008f600000) remset 0 code roots 0 marked 0 reclaim candidate 1 type array 1
[367.197s][debug][gc,humongous      ] GC(32991) Humongous region 1489 (object size 1048592 @ 0x00000000dd100000) remset 0 code roots 0 marked 0 reclaim candidate 1 type array 1
[367.197s][debug][gc,humongous      ] GC(32991) Humongous region 248 (object size 1048592 @ 0x000000008f800000) remset 0 code roots 0 marked 0 reclaim candidate 1 type array 1
[367.197s][debug][gc,humongous      ] GC(32991) Humongous region 1491 (object size 1048592 @ 0x00000000dd300000) remset 0 code roots 0 marked 0 reclaim candidate 1 type array 1
[367.197s][debug][gc,humongous      ] GC(32991) Humongous region 250 (object size 1048592 @ 0x000000008fa00000) remset 0 code roots 0 marked 0 reclaim candidate 1 type array 1
[367.197s][debug][gc,humongous      ] GC(32991) Humongous region 2007 (object size 1048592 @ 0x00000000fd700000) remset 0 code roots 0 marked 0 reclaim candidate 1 type array 1
[367.197s][debug][gc,humongous      ] GC(32991) Humongous region 1163 (object size 1048592 @ 0x00000000c8b00000) remset 0 code roots 0 marked 0 reclaim candidate 1 type array 1
[367.197s][debug][gc,humongous      ] GC(32991) Humongous region 1816 (object size 1048592 @ 0x00000000f1800000) remset 0 code roots 0 marked 0 reclaim candidate 1 type array 1
[367.197s][debug][gc,humongous      ] GC(32991) Humongous region 1165 (object size 1048592 @ 0x00000000c8d00000) remset 0 code roots 0 marked 0 reclaim candidate 1 type array 1
[367.197s][debug][gc,humongous      ] GC(32991) Humongous region 1028 (object size 1048592 @ 0x00000000c0400000) remset 0 code roots 0 marked 0 reclaim candidate 1 type array 1
[367.197s][debug][gc,humongous      ] GC(32991) Humongous region 901 (object size 1048592 @ 0x00000000b8500000) remset 0 code roots 0 marked 0 reclaim candidate 1 type array 1
[367.197s][debug][gc,humongous      ] GC(32991) Humongous region 1030 (object size 1048592 @ 0x00000000c0600000) remset 0 code roots 0 marked 0 reclaim candidate 1 type array 1
[367.197s][debug][gc,humongous      ] GC(32991) Humongous region 911 (object size 1048592 @ 0x00000000b8f00000) remset 0 code roots 0 marked 0 reclaim candidate 1 type array 1
[367.197s][debug][gc,humongous      ] GC(32991) Humongous region 913 (object size 1048592 @ 0x00000000b9100000) remset 0 code roots 0 marked 0 reclaim candidate 1 type array 1
[367.197s][debug][gc,humongous      ] GC(32991) Humongous region 915 (object size 1048592 @ 0x00000000b9300000) remset 0 code roots 0 marked 0 reclaim candidate 1 type array 1
[367.197s][debug][gc,humongous      ] GC(32991) Humongous region 1493 (object size 1048592 @ 0x00000000dd500000) remset 0 code roots 0 marked 0 reclaim candidate 1 type array 1
[367.197s][debug][gc,humongous      ] GC(32991) Humongous region 917 (object size 1048592 @ 0x00000000b9500000) remset 0 code roots 0 marked 0 reclaim candidate 1 type array 1
[367.197s][debug][gc,humongous      ] GC(32991) Humongous region 1495 (object size 1048592 @ 0x00000000dd700000) remset 0 code roots 0 marked 0 reclaim candidate 1 type array 1
[367.196s][debug][gc,humongous      ] GC(32991) Humongous region 1639 (object size 1048592 @ 0x00000000e6700000) remset 0 code roots 0 marked 0 reclaim candidate 1 type array 1
[367.197s][debug][gc,humongous      ] GC(32991) Humongous region 1497 (object size 1048592 @ 0x00000000dd900000) remset 0 code roots 0 marked 0 reclaim candidate 1 type array 1
[367.197s][debug][gc,humongous      ] GC(32991) Humongous region 1167 (object size 1048592 @ 0x00000000c8f00000) remset 0 code roots 0 marked 0 reclaim candidate 1 type array 1
[367.197s][debug][gc,humongous      ] GC(32991) Humongous region 1169 (object size 1048592 @ 0x00000000c9100000) remset 0 code roots 0 marked 0 reclaim candidate 1 type array 1
[367.197s][debug][gc,humongous      ] GC(32991) Humongous region 369 (object size 1048592 @ 0x0000000097100000) remset 0 code roots 0 marked 0 reclaim candidate 1 type array 1
[367.197s][debug][gc,humongous      ] GC(32991) Humongous region 1171 (object size 1048592 @ 0x00000000c9300000) remset 0 code roots 0 marked 0 reclaim candidate 1 type array 1
[367.197s][debug][gc,humongous      ] GC(32991) Humongous region 903 (object size 1048592 @ 0x00000000b8700000) remset 0 code roots 0 marked 0 reclaim candidate 1 type array 1
[367.197s][debug][gc,humongous      ] GC(32991) Humongous region 371 (object size 1048592 @ 0x0000000097300000) remset 0 code roots 0 marked 0 reclaim candidate 1 type array 1
[367.197s][debug][gc,humongous      ] GC(32991) Humongous region 921 (object size 1048592 @ 0x00000000b9900000) remset 0 code roots 0 marked 0 reclaim candidate 1 type array 1
[367.197s][debug][gc,humongous      ] GC(32991) Humongous region 373 (object size 1048592 @ 0x0000000097500000) remset 0 code roots 0 marked 0 reclaim candidate 1 type array 1
[367.197s][debug][gc,humongous      ] GC(32991) Humongous region 923 (object size 1048592 @ 0x00000000b9b00000) remset 0 code roots 0 marked 0 reclaim candidate 1 type array 1
[367.197s][debug][gc,humongous      ] GC(32991) Humongous region 375 (object size 1048592 @ 0x0000000097700000) remset 0 code roots 0 marked 0 reclaim candidate 1 type array 1
[367.197s][debug][gc,humongous      ] GC(32991) Humongous region 925 (object size 1048592 @ 0x00000000b9d00000) remset 0 code roots 0 marked 0 reclaim candidate 1 type array 1
[367.197s][debug][gc,humongous      ] GC(32991) Humongous region 377 (object size 1048592 @ 0x0000000097900000) remset 0 code roots 0 marked 0 reclaim candidate 1 type array 1
[367.197s][debug][gc,humongous      ] GC(32991) Humongous region 927 (object size 1048592 @ 0x00000000b9f00000) remset 0 code roots 0 marked 0 reclaim candidate 1 type array 1
[367.197s][debug][gc,humongous      ] GC(32991) Humongous region 1818 (object size 1048592 @ 0x00000000f1a00000) remset 0 code roots 0 marked 0 reclaim candidate 1 type array 1
[367.197s][debug][gc,humongous      ] GC(32991) Humongous region 909 (object size 1048592 @ 0x00000000b8d00000) remset 0 code roots 0 marked 0 reclaim candidate 1 type array 1
[367.197s][debug][gc,humongous      ] GC(32991) Humongous region 1820 (object size 1048592 @ 0x00000000f1c00000) remset 0 code roots 0 marked 0 reclaim candidate 1 type array 1
[367.197s][debug][gc,humongous      ] GC(32991) Humongous region 1173 (object size 1048592 @ 0x00000000c9500000) remset 0 code roots 0 marked 0 reclaim candidate 1 type array 1
[367.197s][debug][gc,humongous      ] GC(32991) Humongous region 1822 (object size 1048592 @ 0x00000000f1e00000) remset 0 code roots 0 marked 0 reclaim candidate 1 type array 1
[367.197s][debug][gc,humongous      ] GC(32991) Humongous region 1175 (object size 1048592 @ 0x00000000c9700000) remset 0 code roots 0 marked 0 reclaim candidate 1 type array 1
[367.197s][debug][gc,humongous      ] GC(32991) Humongous region 1824 (object size 1048592 @ 0x00000000f2000000) remset 0 code roots 0 marked 0 reclaim candidate 1 type array 1
[367.197s][debug][gc,humongous      ] GC(32991) Humongous region 1177 (object size 1048592 @ 0x00000000c9900000) remset 0 code roots 0 marked 0 reclaim candidate 1 type array 1
[367.197s][debug][gc,humongous      ] GC(32991) Humongous region 919 (object size 1048592 @ 0x00000000b9700000) remset 0 code roots 0 marked 0 reclaim candidate 1 type array 1
[367.197s][debug][gc,humongous      ] GC(32991) Humongous region 1641 (object size 1048592 @ 0x00000000e6900000) remset 0 code roots 0 marked 0 reclaim candidate 1 type array 1
[367.197s][debug][gc,humongous      ] GC(32991) Humongous region 939 (object size 1048592 @ 0x00000000bab00000) remset 0 code roots 0 marked 0 reclaim candidate 1 type array 1
[367.197s][debug][gc,humongous      ] GC(32991) Humongous region 379 (object size 1048592 @ 0x0000000097b00000) remset 0 code roots 0 marked 0 reclaim candidate 1 type array 1
[367.197s][debug][gc,humongous      ] GC(32991) Humongous region 941 (object size 1048592 @ 0x00000000bad00000) remset 0 code roots 0 marked 0 reclaim candidate 1 type array 1
[367.197s][debug][gc,humongous      ] GC(32991) Humongous region 95 (object size 1048592 @ 0x0000000085f00000) remset 0 code roots 0 marked 0 reclaim candidate 1 type array 1
[367.197s][debug][gc,humongous      ] GC(32991) Humongous region 937 (object size 1048592 @ 0x00000000ba900000) remset 0 code roots 0 marked 0 reclaim candidate 1 type array 1
[367.197s][debug][gc,humongous      ] GC(32991) Humongous region 97 (object size 1048592 @ 0x0000000086100000) remset 0 code roots 0 marked 0 reclaim candidate 1 type array 1
[367.197s][debug][gc,humongous      ] GC(32991) Humongous region 1371 (object size 1048592 @ 0x00000000d5b00000) remset 0 code roots 0 marked 0 reclaim candidate 1 type array 1
[367.198s][debug][gc,humongous      ] GC(32991) Humongous region 99 (object size 1048592 @ 0x0000000086300000) remset 0 code roots 0 marked 0 reclaim candidate 1 type array 1
[367.198s][debug][gc,humongous      ] GC(32991) Humongous region 1373 (object size 1048592 @ 0x00000000d5d00000) remset 0 code roots 0 marked 0 reclaim candidate 1 type array 1
[367.198s][debug][gc,humongous      ] GC(32991) Humongous region 101 (object size 1048592 @ 0x0000000086500000) remset 0 code roots 0 marked 0 reclaim candidate 1 type array 1
[367.198s][debug][gc,humongous      ] GC(32991) Humongous region 1375 (object size 1048592 @ 0x00000000d5f00000) remset 0 code roots 0 marked 0 reclaim candidate 1 type array 1
[367.198s][debug][gc,humongous      ] GC(32991) Humongous region 103 (object size 1048592 @ 0x0000000086700000) remset 0 code roots 0 marked 0 reclaim candidate 1 type array 1
[367.197s][debug][gc,humongous      ] GC(32991) Humongous region 929 (object size 1048592 @ 0x00000000ba100000) remset 0 code roots 0 marked 0 reclaim candidate 1 type array 1
[367.198s][debug][gc,humongous      ] GC(32991) Humongous region 1377 (object size 1048592 @ 0x00000000d6100000) remset 0 code roots 0 marked 0 reclaim candidate 1 type array 1
[367.197s][debug][gc,humongous      ] GC(32991) Humongous region 943 (object size 1048592 @ 0x00000000baf00000) remset 0 code roots 0 marked 0 reclaim candidate 1 type array 1
[367.198s][debug][gc,humongous      ] GC(32991) Humongous region 1379 (object size 1048592 @ 0x00000000d6300000) remset 0 code roots 0 marked 0 reclaim candidate 1 type array 1
[367.198s][debug][gc,humongous      ] GC(32991) Humongous region 1034 (object size 1048592 @ 0x00000000c0a00000) remset 0 code roots 0 marked 0 reclaim candidate 1 type array 1
[367.198s][debug][gc,humongous      ] GC(32991) Humongous region 1381 (object size 1048592 @ 0x00000000d6500000) remset 0 code roots 0 marked 0 reclaim candidate 1 type array 1
[367.198s][debug][gc,humongous      ] GC(32991) Humongous region 1040 (object size 1048592 @ 0x00000000c1000000) remset 0 code roots 0 marked 0 reclaim candidate 1 type array 1
[367.198s][debug][gc,humongous      ] GC(32991) Humongous region 1042 (object size 1048592 @ 0x00000000c1200000) remset 0 code roots 0 marked 0 reclaim candidate 1 type array 1
[367.197s][debug][gc,humongous      ] GC(32991) Humongous region 1826 (object size 1048592 @ 0x00000000f2200000) remset 0 code roots 0 marked 0 reclaim candidate 1 type array 1
[367.198s][debug][gc,humongous      ] GC(32991) Humongous region 1044 (object size 1048592 @ 0x00000000c1400000) remset 0 code roots 0 marked 0 reclaim candidate 1 type array 1
[367.197s][debug][gc,humongous      ] GC(32991) Humongous region 1499 (object size 1048592 @ 0x00000000ddb00000) remset 0 code roots 0 marked 0 reclaim candidate 1 type array 1
[367.198s][debug][gc,humongous      ] GC(32991) Humongous region 1046 (object size 1048592 @ 0x00000000c1600000) remset 0 code roots 0 marked 0 reclaim candidate 1 type array 1
[367.198s][debug][gc,humongous      ] GC(32991) Humongous region 105 (object size 1048592 @ 0x0000000086900000) remset 0 code roots 0 marked 0 reclaim candidate 1 type array 1
[367.198s][debug][gc,humongous      ] GC(32991) Humongous region 1501 (object size 1048592 @ 0x00000000ddd00000) remset 0 code roots 0 marked 0 reclaim candidate 1 type array 1
[367.197s][debug][gc,humongous      ] GC(32991) Humongous region 1179 (object size 1048592 @ 0x00000000c9b00000) remset 0 code roots 0 marked 0 reclaim candidate 1 type array 1
[367.197s][debug][gc,humongous      ] GC(32991) Humongous region 381 (object size 1048592 @ 0x0000000097d00000) remset 0 code roots 0 marked 0 reclaim candidate 1 type array 1
[367.198s][debug][gc,humongous      ] GC(32991) Humongous region 1181 (object size 1048592 @ 0x00000000c9d00000) remset 0 code roots 0 marked 0 reclaim candidate 1 type array 1
[367.198s][debug][gc,humongous      ] GC(32991) Humongous region 1038 (object size 1048592 @ 0x00000000c0e00000) remset 0 code roots 0 marked 0 reclaim candidate 1 type array 1
[367.198s][debug][gc,humongous      ] GC(32991) Humongous region 1183 (object size 1048592 @ 0x00000000c9f00000) remset 0 code roots 0 marked 0 reclaim candidate 1 type array 1
[367.198s][debug][gc,humongous      ] GC(32991) Humongous region 1050 (object size 1048592 @ 0x00000000c1a00000) remset 0 code roots 0 marked 0 reclaim candidate 1 type array 1
[367.198s][debug][gc,humongous      ] GC(32991) Humongous region 1828 (object size 1048592 @ 0x00000000f2400000) remset 0 code roots 0 marked 0 reclaim candidate 1 type array 1
[367.198s][debug][gc,humongous      ] GC(32991) Humongous region 1052 (object size 1048592 @ 0x00000000c1c00000) remset 0 code roots 0 marked 0 reclaim candidate 1 type array 1
[367.198s][debug][gc,humongous      ] GC(32991) Humongous region 1830 (object size 1048592 @ 0x00000000f2600000) remset 0 code roots 0 marked 0 reclaim candidate 1 type array 1
[367.198s][debug][gc,humongous      ] GC(32991) Humongous region 1503 (object size 1048592 @ 0x00000000ddf00000) remset 0 code roots 0 marked 0 reclaim candidate 1 type array 1
[367.198s][debug][gc,humongous      ] GC(32991) Humongous region 1832 (object size 1048592 @ 0x00000000f2800000) remset 0 code roots 0 marked 0 reclaim candidate 1 type array 1
[367.198s][debug][gc,humongous      ] GC(32991) Humongous region 1507 (object size 1048592 @ 0x00000000de300000) remset 0 code roots 0 marked 0 reclaim candidate 1 type array 1
[367.198s][debug][gc,humongous      ] GC(32991) Humongous region 1834 (object size 1048592 @ 0x00000000f2a00000) remset 0 code roots 0 marked 0 reclaim candidate 1 type array 1
[367.198s][debug][gc,humongous      ] GC(32991) Humongous region 1509 (object size 1048592 @ 0x00000000de500000) remset 0 code roots 0 marked 0 reclaim candidate 1 type array 1
[367.198s][debug][gc,humongous      ] GC(32991) Humongous region 1836 (object size 1048592 @ 0x00000000f2c00000) remset 0 code roots 0 marked 0 reclaim candidate 1 type array 1
[367.198s][debug][gc,humongous      ] GC(32991) Humongous region 1511 (object size 1048592 @ 0x00000000de700000) remset 0 code roots 0 marked 0 reclaim candidate 1 type array 1
[367.198s][debug][gc,humongous      ] GC(32991) Humongous region 1838 (object size 1048592 @ 0x00000000f2e00000) remset 0 code roots 0 marked 0 reclaim candidate 1 type array 1
[367.197s][debug][gc,humongous      ] GC(32991) Humongous region 1643 (object size 1048592 @ 0x00000000e6b00000) remset 0 code roots 0 marked 0 reclaim candidate 1 type array 1
[367.198s][debug][gc,humongous      ] GC(32991) Humongous region 1840 (object size 1048592 @ 0x00000000f3000000) remset 0 code roots 0 marked 0 reclaim candidate 1 type array 1
[367.198s][debug][gc,humongous      ] GC(32991) Humongous region 1645 (object size 1048592 @ 0x00000000e6d00000) remset 0 code roots 0 marked 0 reclaim candidate 1 type array 1
[367.198s][debug][gc,humongous      ] GC(32991) Humongous region 1842 (object size 1048592 @ 0x00000000f3200000) remset 0 code roots 0 marked 0 reclaim candidate 1 type array 1
[367.198s][debug][gc,humongous      ] GC(32991) Humongous region 1647 (object size 1048592 @ 0x00000000e6f00000) remset 0 code roots 0 marked 0 reclaim candidate 1 type array 1
[367.198s][debug][gc,humongous      ] GC(32991) Humongous region 1844 (object size 1048592 @ 0x00000000f3400000) remset 0 code roots 0 marked 0 reclaim candidate 1 type array 1
[367.198s][debug][gc,humongous      ] GC(32991) Humongous region 1649 (object size 1048592 @ 0x00000000e7100000) remset 0 code roots 0 marked 0 reclaim candidate 1 type array 1
[367.197s][debug][gc,humongous      ] GC(32991) Humongous region 252 (object size 1048592 @ 0x000000008fc00000) remset 0 code roots 0 marked 0 reclaim candidate 1 type array 1
[367.198s][debug][gc,humongous      ] GC(32991) Humongous region 1846 (object size 1048592 @ 0x00000000f3600000) remset 0 code roots 0 marked 0 reclaim candidate 1 type array 1
[367.197s][debug][gc,humongous      ] GC(32991) Humongous region 2009 (object size 1048592 @ 0x00000000fd900000) remset 0 code roots 0 marked 0 reclaim candidate 1 type array 1
[367.198s][debug][gc,humongous      ] GC(32991) Humongous region 1848 (object size 1048592 @ 0x00000000f3800000) remset 0 code roots 0 marked 0 reclaim candidate 1 type array 1
[367.198s][debug][gc,humongous      ] GC(32991) Humongous region 2011 (object size 1048592 @ 0x00000000fdb00000) remset 0 code roots 0 marked 0 reclaim candidate 1 type array 1
[367.198s][debug][gc,humongous      ] GC(32991) Humongous region 1513 (object size 1048592 @ 0x00000000de900000) remset 0 code roots 0 marked 0 reclaim candidate 1 type array 1
[367.198s][debug][gc,humongous      ] GC(32991) Humongous region 1036 (object size 1048592 @ 0x00000000c0c00000) remset 0 code roots 0 marked 0 reclaim candidate 1 type array 1
[367.198s][debug][gc,humongous      ] GC(32991) Humongous region 1054 (object size 1048592 @ 0x00000000c1e00000) remset 0 code roots 0 marked 0 reclaim candidate 1 type array 1
[367.198s][debug][gc,humongous      ] GC(32991) Humongous region 1048 (object size 1048592 @ 0x00000000c1800000) remset 0 code roots 0 marked 0 reclaim candidate 1 type array 1
[367.198s][debug][gc,humongous      ] GC(32991) Humongous region 1059 (object size 1048592 @ 0x00000000c2300000) remset 0 code roots 0 marked 0 reclaim candidate 1 type array 1
[367.198s][debug][gc,humongous      ] GC(32991) Humongous region 1061 (object size 1048592 @ 0x00000000c2500000) remset 0 code roots 0 marked 0 reclaim candidate 1 type array 1
[367.198s][debug][gc,humongous      ] GC(32991) Humongous region 1651 (object size 1048592 @ 0x00000000e7300000) remset 0 code roots 0 marked 0 reclaim candidate 1 type array 1
[367.198s][debug][gc,humongous      ] GC(32991) Humongous region 1065 (object size 1048592 @ 0x00000000c2900000) remset 0 code roots 0 marked 0 reclaim candidate 1 type array 1
[367.198s][debug][gc,humongous      ] GC(32991) Humongous region 1653 (object size 1048592 @ 0x00000000e7500000) remset 0 code roots 0 marked 0 reclaim candidate 1 type array 1
[367.198s][debug][gc,humongous      ] GC(32991) Humongous region 1067 (object size 1048592 @ 0x00000000c2b00000) remset 0 code roots 0 marked 0 reclaim candidate 1 type array 1
[367.198s][debug][gc,humongous      ] GC(32991) Humongous region 1655 (object size 1048592 @ 0x00000000e7700000) remset 0 code roots 0 marked 0 reclaim candidate 1 type array 1
[367.198s][debug][gc,humongous      ] GC(32991) Humongous region 1069 (object size 1048592 @ 0x00000000c2d00000) remset 0 code roots 0 marked 0 reclaim candidate 1 type array 1
[367.198s][debug][gc,humongous      ] GC(32991) Humongous region 2013 (object size 1048592 @ 0x00000000fdd00000) remset 0 code roots 0 marked 0 reclaim candidate 1 type array 1
[367.198s][debug][gc,humongous      ] GC(32991) Humongous region 1071 (object size 1048592 @ 0x00000000c2f00000) remset 0 code roots 0 marked 0 reclaim candidate 1 type array 1
[367.198s][debug][gc,humongous      ] GC(32991) Humongous region 2015 (object size 1048592 @ 0x00000000fdf00000) remset 0 code roots 0 marked 0 reclaim candidate 1 type array 1
[367.198s][debug][gc,humongous      ] GC(32991) Humongous region 1073 (object size 1048592 @ 0x00000000c3100000) remset 0 code roots 0 marked 0 reclaim candidate 1 type array 1
[367.198s][debug][gc,humongous      ] GC(32991) Humongous region 2017 (object size 1048592 @ 0x00000000fe100000) remset 0 code roots 0 marked 0 reclaim candidate 1 type array 1
[367.198s][debug][gc,humongous      ] GC(32991) Humongous region 1075 (object size 1048592 @ 0x00000000c3300000) remset 0 code roots 0 marked 0 reclaim candidate 1 type array 1
[367.198s][debug][gc,humongous      ] GC(32991) Humongous region 383 (object size 1048592 @ 0x0000000097f00000) remset 0 code roots 0 marked 0 reclaim candidate 1 type array 1
[367.198s][debug][gc,humongous      ] GC(32991) Humongous region 1077 (object size 1048592 @ 0x00000000c3500000) remset 0 code roots 0 marked 0 reclaim candidate 1 type array 1
[367.198s][debug][gc,humongous      ] GC(32991) Humongous region 1185 (object size 1048592 @ 0x00000000ca100000) remset 0 code roots 0 marked 0 reclaim candidate 1 type array 1
[367.198s][debug][gc,humongous      ] GC(32991) Humongous region 1383 (object size 1048592 @ 0x00000000d6700000) remset 0 code roots 0 marked 0 reclaim candidate 1 type array 1
[367.198s][debug][gc,humongous      ] GC(32991) Humongous region 1187 (object size 1048592 @ 0x00000000ca300000) remset 0 code roots 0 marked 0 reclaim candidate 1 type array 1
[367.198s][debug][gc,humongous      ] GC(32991) Humongous region 1657 (object size 1048592 @ 0x00000000e7900000) remset 0 code roots 0 marked 0 reclaim candidate 1 type array 1
[367.198s][debug][gc,humongous      ] GC(32991) Humongous region 1189 (object size 1048592 @ 0x00000000ca500000) remset 0 code roots 0 marked 0 reclaim candidate 1 type array 1
[367.198s][debug][gc,humongous      ] GC(32991) Humongous region 1661 (object size 1048592 @ 0x00000000e7d00000) remset 0 code roots 0 marked 0 reclaim candidate 1 type array 1
[367.198s][debug][gc,humongous      ] GC(32991) Humongous region 1056 (object size 1048592 @ 0x00000000c2000000) remset 0 code roots 0 marked 0 reclaim candidate 1 type array 1
[367.198s][debug][gc,humongous      ] GC(32991) Humongous region 1663 (object size 1048592 @ 0x00000000e7f00000) remset 0 code roots 0 marked 0 reclaim candidate 1 type array 1
[367.198s][debug][gc,humongous      ] GC(32991) Humongous region 1081 (object size 1048592 @ 0x00000000c3900000) remset 0 code roots 0 marked 0 reclaim candidate 1 type array 1
[367.198s][debug][gc,humongous      ] GC(32991) Humongous region 1665 (object size 1048592 @ 0x00000000e8100000) remset 0 code roots 0 marked 0 reclaim candidate 1 type array 1
[367.198s][debug][gc,humongous      ] GC(32991) Humongous region 1083 (object size 1048592 @ 0x00000000c3b00000) remset 0 code roots 0 marked 0 reclaim candidate 1 type array 1
[367.198s][debug][gc,humongous      ] GC(32991) Humongous region 1667 (object size 1048592 @ 0x00000000e8300000) remset 0 code roots 0 marked 0 reclaim candidate 1 type array 1
[367.198s][debug][gc,humongous      ] GC(32991) Humongous region 1079 (object size 1048592 @ 0x00000000c3700000) remset 0 code roots 0 marked 0 reclaim candidate 1 type array 1
[367.198s][debug][gc,humongous      ] GC(32991) Humongous region 1385 (object size 1048592 @ 0x00000000d6900000) remset 0 code roots 0 marked 0 reclaim candidate 1 type array 1
[367.198s][debug][gc,humongous      ] GC(32991) Humongous region 1087 (object size 1048592 @ 0x00000000c3f00000) remset 0 code roots 0 marked 0 reclaim candidate 1 type array 1
[367.198s][debug][gc,humongous      ] GC(32991) Humongous region 1089 (object size 1048592 @ 0x00000000c4100000) remset 0 code roots 0 marked 0 reclaim candidate 1 type array 1
[367.198s][debug][gc,humongous      ] GC(32991) Humongous region 1850 (object size 1048592 @ 0x00000000f3a00000) remset 0 code roots 0 marked 0 reclaim candidate 1 type array 1
[367.198s][debug][gc,humongous      ] GC(32991) Humongous region 107 (object size 1048592 @ 0x0000000086b00000) remset 0 code roots 0 marked 0 reclaim candidate 1 type array 1
[367.198s][debug][gc,humongous      ] GC(32991) Humongous region 1852 (object size 1048592 @ 0x00000000f3c00000) remset 0 code roots 0 marked 0 reclaim candidate 1 type array 1
[367.198s][debug][gc,humongous      ] GC(32991) Humongous region 109 (object size 1048592 @ 0x0000000086d00000) remset 0 code roots 0 marked 0 reclaim candidate 1 type array 1
[367.198s][debug][gc,humongous      ] GC(32991) Humongous region 1854 (object size 1048592 @ 0x00000000f3e00000) remset 0 code roots 0 marked 0 reclaim candidate 1 type array 1
[367.198s][debug][gc,humongous      ] GC(32991) Humongous region 111 (object size 1048592 @ 0x0000000086f00000) remset 0 code roots 0 marked 0 reclaim candidate 1 type array 1
[367.198s][debug][gc,humongous      ] GC(32991) Humongous region 1856 (object size 1048592 @ 0x00000000f4000000) remset 0 code roots 0 marked 0 reclaim candidate 1 type array 1
[367.198s][debug][gc,humongous      ] GC(32991) Humongous region 113 (object size 1048592 @ 0x0000000087100000) remset 0 code roots 0 marked 0 reclaim candidate 1 type array 1
[367.198s][debug][gc,humongous      ] GC(32991) Humongous region 1669 (object size 1048592 @ 0x00000000e8500000) remset 0 code roots 0 marked 0 reclaim candidate 1 type array 1
[367.198s][debug][gc,humongous      ] GC(32991) Humongous region 1191 (object size 1048592 @ 0x00000000ca700000) remset 0 code roots 0 marked 0 reclaim candidate 1 type array 1
[367.197s][debug][gc,humongous      ] GC(32991) Humongous region 1032 (object size 1048592 @ 0x00000000c0800000) remset 0 code roots 0 marked 0 reclaim candidate 1 type array 1
[367.199s][debug][gc,humongous      ] GC(32991) Humongous region 1193 (object size 1048592 @ 0x00000000ca900000) remset 0 code roots 0 marked 0 reclaim candidate 1 type array 1
[367.198s][debug][gc,humongous      ] GC(32991) Humongous region 1091 (object size 1048592 @ 0x00000000c4300000) remset 0 code roots 0 marked 0 reclaim candidate 1 type array 1
[367.199s][debug][gc,humongous      ] GC(32991) Humongous region 1195 (object size 1048592 @ 0x00000000cab00000) remset 0 code roots 0 marked 0 reclaim candidate 1 type array 1
[367.199s][debug][gc,humongous      ] GC(32991) Humongous region 1097 (object size 1048592 @ 0x00000000c4900000) remset 0 code roots 0 marked 0 reclaim candidate 1 type array 1
[367.199s][debug][gc,humongous      ] GC(32991) Humongous region 1197 (object size 1048592 @ 0x00000000cad00000) remset 0 code roots 0 marked 0 reclaim candidate 1 type array 1
[367.199s][debug][gc,humongous      ] GC(32991) Humongous region 1099 (object size 1048592 @ 0x00000000c4b00000) remset 0 code roots 0 marked 0 reclaim candidate 1 type array 1
[367.198s][debug][gc,humongous      ] GC(32991) Humongous region 1858 (object size 1048592 @ 0x00000000f4200000) remset 0 code roots 0 marked 0 reclaim candidate 1 type array 1
[367.199s][debug][gc,humongous      ] GC(32991) Humongous region 1101 (object size 1048592 @ 0x00000000c4d00000) remset 0 code roots 0 marked 0 reclaim candidate 1 type array 1
[367.198s][debug][gc,humongous      ] GC(32991) Humongous region 1515 (object size 1048592 @ 0x00000000deb00000) remset 0 code roots 0 marked 0 reclaim candidate 1 type array 1
[367.199s][debug][gc,humongous      ] GC(32991) Humongous region 115 (object size 1048592 @ 0x0000000087300000) remset 0 code roots 0 marked 0 reclaim candidate 1 type array 1
[367.199s][debug][gc,humongous      ] GC(32991) Humongous region 1517 (object size 1048592 @ 0x00000000ded00000) remset 0 code roots 0 marked 0 reclaim candidate 1 type array 1
[367.199s][debug][gc,humongous      ] GC(32991) Humongous region 1095 (object size 1048592 @ 0x00000000c4700000) remset 0 code roots 0 marked 0 reclaim candidate 1 type array 1
[367.198s][debug][gc,humongous      ] GC(32991) Humongous region 1387 (object size 1048592 @ 0x00000000d6b00000) remset 0 code roots 0 marked 0 reclaim candidate 1 type array 1
[367.199s][debug][gc,humongous      ] GC(32991) Humongous region 1203 (object size 1048592 @ 0x00000000cb300000) remset 0 code roots 0 marked 0 reclaim candidate 1 type array 1
[367.198s][debug][gc,humongous      ] GC(32991) Humongous region 254 (object size 1048592 @ 0x000000008fe00000) remset 0 code roots 0 marked 0 reclaim candidate 1 type array 1
[367.199s][debug][gc,humongous      ] GC(32991) Humongous region 1205 (object size 1048592 @ 0x00000000cb500000) remset 0 code roots 0 marked 0 reclaim candidate 1 type array 1
[367.199s][debug][gc,humongous      ] GC(32991) Humongous region 256 (object size 1048592 @ 0x0000000090000000) remset 0 code roots 0 marked 0 reclaim candidate 1 type array 1
[367.199s][debug][gc,humongous      ] GC(32991) Humongous region 1207 (object size 1048592 @ 0x00000000cb700000) remset 0 code roots 0 marked 0 reclaim candidate 1 type array 1
[367.199s][debug][gc,humongous      ] GC(32991) Humongous region 258 (object size 1048592 @ 0x0000000090200000) remset 0 code roots 0 marked 0 reclaim candidate 1 type array 1
[367.199s][debug][gc,humongous      ] GC(32991) Humongous region 1210 (object size 1048592 @ 0x00000000cba00000) remset 0 code roots 0 marked 0 reclaim candidate 1 type array 1
[367.199s][debug][gc,humongous      ] GC(32991) Humongous region 260 (object size 1048592 @ 0x0000000090400000) remset 0 code roots 0 marked 0 reclaim candidate 1 type array 1
[367.199s][debug][gc,humongous      ] GC(32991) Humongous region 1672 (object size 1048592 @ 0x00000000e8800000) remset 0 code roots 0 marked 0 reclaim candidate 1 type array 1
[367.199s][debug][gc,humongous      ] GC(32991) Humongous region 1519 (object size 1048592 @ 0x00000000def00000) remset 0 code roots 0 marked 0 reclaim candidate 1 type array 1
[367.199s][debug][gc,humongous      ] GC(32991) Humongous region 117 (object size 1048592 @ 0x0000000087500000) remset 0 code roots 0 marked 0 reclaim candidate 1 type array 1
[367.198s][debug][gc,humongous      ] GC(32991) Humongous region 1063 (object size 1048592 @ 0x00000000c2700000) remset 0 code roots 0 marked 0 reclaim candidate 1 type array 1
[367.199s][debug][gc,humongous      ] GC(32991) Humongous region 1214 (object size 1048592 @ 0x00000000cbe00000) remset 0 code roots 0 marked 0 reclaim candidate 1 type array 1
[367.199s][debug][gc,humongous      ] GC(32991) Humongous region 1216 (object size 1048592 @ 0x00000000cc000000) remset 0 code roots 0 marked 0 reclaim candidate 1 type array 1
[367.199s][debug][gc,humongous      ] GC(32991) Humongous region 1218 (object size 1048592 @ 0x00000000cc200000) remset 0 code roots 0 marked 0 reclaim candidate 1 type array 1
[367.199s][debug][gc,humongous      ] GC(32991) Humongous region 1220 (object size 1048592 @ 0x00000000cc400000) remset 0 code roots 0 marked 0 reclaim candidate 1 type array 1
[367.199s][debug][gc,humongous      ] GC(32991) Humongous region 1222 (object size 1048592 @ 0x00000000cc600000) remset 0 code roots 0 marked 0 reclaim candidate 1 type array 1
[367.199s][debug][gc,humongous      ] GC(32991) Humongous region 1224 (object size 1048592 @ 0x00000000cc800000) remset 0 code roots 0 marked 0 reclaim candidate 1 type array 1
[367.199s][debug][gc,humongous      ] GC(32991) Humongous region 1226 (object size 1048592 @ 0x00000000cca00000) remset 0 code roots 0 marked 0 reclaim candidate 1 type array 1
[367.199s][debug][gc,humongous      ] GC(32991) Humongous region 1228 (object size 1048592 @ 0x00000000ccc00000) remset 0 code roots 0 marked 0 reclaim candidate 1 type array 1
[367.199s][debug][gc,humongous      ] GC(32991) Humongous region 1230 (object size 1048592 @ 0x00000000cce00000) remset 0 code roots 0 marked 0 reclaim candidate 1 type array 1
[367.199s][debug][gc,humongous      ] GC(32991) Humongous region 1232 (object size 1048592 @ 0x00000000cd000000) remset 0 code roots 0 marked 0 reclaim candidate 1 type array 1
[367.199s][debug][gc,humongous      ] GC(32991) Humongous region 1234 (object size 1048592 @ 0x00000000cd200000) remset 0 code roots 0 marked 0 reclaim candidate 1 type array 1
[367.199s][debug][gc,humongous      ] GC(32991) Humongous region 1236 (object size 1048592 @ 0x00000000cd400000) remset 0 code roots 0 marked 0 reclaim candidate 1 type array 1
[367.199s][debug][gc,humongous      ] GC(32991) Humongous region 1238 (object size 1048592 @ 0x00000000cd600000) remset 0 code roots 0 marked 0 reclaim candidate 1 type array 1
[367.199s][debug][gc,humongous      ] GC(32991) Humongous region 1242 (object size 1048592 @ 0x00000000cda00000) remset 0 code roots 0 marked 0 reclaim candidate 1 type array 1
[367.199s][debug][gc,humongous      ] GC(32991) Humongous region 1244 (object size 1048592 @ 0x00000000cdc00000) remset 0 code roots 0 marked 0 reclaim candidate 1 type array 1
[367.199s][debug][gc,humongous      ] GC(32991) Humongous region 1246 (object size 1048592 @ 0x00000000cde00000) remset 0 code roots 0 marked 0 reclaim candidate 1 type array 1
[367.199s][debug][gc,humongous      ] GC(32991) Humongous region 1248 (object size 1048592 @ 0x00000000ce000000) remset 0 code roots 0 marked 0 reclaim candidate 1 type array 1
[367.199s][debug][gc,humongous      ] GC(32991) Humongous region 1250 (object size 1048592 @ 0x00000000ce200000) remset 0 code roots 0 marked 0 reclaim candidate 1 type array 1
[367.199s][debug][gc,humongous      ] GC(32991) Humongous region 1252 (object size 1048592 @ 0x00000000ce400000) remset 0 code roots 0 marked 0 reclaim candidate 1 type array 1
[367.199s][debug][gc,humongous      ] GC(32991) Humongous region 1254 (object size 1048592 @ 0x00000000ce600000) remset 0 code roots 0 marked 0 reclaim candidate 1 type array 1
[367.199s][debug][gc,humongous      ] GC(32991) Humongous region 1256 (object size 1048592 @ 0x00000000ce800000) remset 0 code roots 0 marked 0 reclaim candidate 1 type array 1
[367.199s][debug][gc,humongous      ] GC(32991) Humongous region 1258 (object size 1048592 @ 0x00000000cea00000) remset 0 code roots 0 marked 0 reclaim candidate 1 type array 1
[367.199s][debug][gc,humongous      ] GC(32991) Humongous region 1391 (object size 1048592 @ 0x00000000d6f00000) remset 0 code roots 0 marked 0 reclaim candidate 1 type array 1
[367.199s][debug][gc,humongous      ] GC(32991) Humongous region 1393 (object size 1048592 @ 0x00000000d7100000) remset 0 code roots 0 marked 0 reclaim candidate 1 type array 1
[367.199s][debug][gc,humongous      ] GC(32991) Humongous region 1395 (object size 1048592 @ 0x00000000d7300000) remset 0 code roots 0 marked 0 reclaim candidate 1 type array 1
[367.199s][debug][gc,humongous      ] GC(32991) Humongous region 1397 (object size 1048592 @ 0x00000000d7500000) remset 0 code roots 0 marked 0 reclaim candidate 1 type array 1
[367.199s][debug][gc,humongous      ] GC(32991) Humongous region 1399 (object size 1048592 @ 0x00000000d7700000) remset 0 code roots 0 marked 0 reclaim candidate 1 type array 1
[367.199s][debug][gc,humongous      ] GC(32991) Humongous region 1401 (object size 1048592 @ 0x00000000d7900000) remset 0 code roots 0 marked 0 reclaim candidate 1 type array 1
[367.199s][debug][gc,humongous      ] GC(32991) Humongous region 1403 (object size 1048592 @ 0x00000000d7b00000) remset 0 code roots 0 marked 0 reclaim candidate 1 type array 1
[367.199s][debug][gc,humongous      ] GC(32991) Humongous region 1405 (object size 1048592 @ 0x00000000d7d00000) remset 0 code roots 0 marked 0 reclaim candidate 1 type array 1
[367.199s][debug][gc,humongous      ] GC(32991) Humongous region 1407 (object size 1048592 @ 0x00000000d7f00000) remset 0 code roots 0 marked 0 reclaim candidate 1 type array 1
[367.199s][debug][gc,humongous      ] GC(32991) Humongous region 1409 (object size 1048592 @ 0x00000000d8100000) remset 0 code roots 0 marked 0 reclaim candidate 1 type array 1
[367.199s][debug][gc,humongous      ] GC(32991) Humongous region 1411 (object size 1048592 @ 0x00000000d8300000) remset 0 code roots 0 marked 0 reclaim candidate 1 type array 1
[367.200s][debug][gc,humongous      ] GC(32991) Humongous region 1415 (object size 1048592 @ 0x00000000d8700000) remset 0 code roots 0 marked 0 reclaim candidate 1 type array 1
[367.200s][debug][gc,humongous      ] GC(32991) Humongous region 1523 (object size 1048592 @ 0x00000000df300000) remset 0 code roots 0 marked 0 reclaim candidate 1 type array 1
[367.200s][debug][gc,humongous      ] GC(32991) Humongous region 1525 (object size 1048592 @ 0x00000000df500000) remset 0 code roots 0 marked 0 reclaim candidate 1 type array 1
[367.200s][debug][gc,humongous      ] GC(32991) Humongous region 1527 (object size 1048592 @ 0x00000000df700000) remset 0 code roots 0 marked 0 reclaim candidate 1 type array 1
[367.200s][debug][gc,humongous      ] GC(32991) Humongous region 1529 (object size 1048592 @ 0x00000000df900000) remset 0 code roots 0 marked 0 reclaim candidate 1 type array 1
[367.200s][debug][gc,humongous      ] GC(32991) Humongous region 1533 (object size 1048592 @ 0x00000000dfd00000) remset 0 code roots 0 marked 0 reclaim candidate 1 type array 1
[367.200s][debug][gc,humongous      ] GC(32991) Humongous region 1535 (object size 1048592 @ 0x00000000dff00000) remset 0 code roots 0 marked 0 reclaim candidate 1 type array 1
[367.200s][debug][gc,humongous      ] GC(32991) Humongous region 1537 (object size 1048592 @ 0x00000000e0100000) remset 0 code roots 0 marked 0 reclaim candidate 1 type array 1
[367.200s][debug][gc,humongous      ] GC(32991) Humongous region 1539 (object size 1048592 @ 0x00000000e0300000) remset 0 code roots 0 marked 0 reclaim candidate 1 type array 1
[367.200s][debug][gc,humongous      ] GC(32991) Humongous region 1541 (object size 1048592 @ 0x00000000e0500000) remset 0 code roots 0 marked 0 reclaim candidate 1 type array 1
[367.200s][debug][gc,humongous      ] GC(32991) Humongous region 1543 (object size 1048592 @ 0x00000000e0700000) remset 0 code roots 0 marked 0 reclaim candidate 1 type array 1
[367.200s][debug][gc,humongous      ] GC(32991) Humongous region 1545 (object size 1048592 @ 0x00000000e0900000) remset 0 code roots 0 marked 0 reclaim candidate 1 type array 1
[367.200s][debug][gc,humongous      ] GC(32991) Humongous region 1547 (object size 1048592 @ 0x00000000e0b00000) remset 0 code roots 0 marked 0 reclaim candidate 1 type array 1
[367.200s][debug][gc,humongous      ] GC(32991) Humongous region 1549 (object size 1048592 @ 0x00000000e0d00000) remset 0 code roots 0 marked 0 reclaim candidate 1 type array 1
[367.200s][debug][gc,humongous      ] GC(32991) Humongous region 1551 (object size 1048592 @ 0x00000000e0f00000) remset 0 code roots 0 marked 0 reclaim candidate 1 type array 1
[367.200s][debug][gc,humongous      ] GC(32991) Humongous region 1553 (object size 1048592 @ 0x00000000e1100000) remset 0 code roots 0 marked 0 reclaim candidate 1 type array 1
[367.200s][debug][gc,humongous      ] GC(32991) Humongous region 1555 (object size 1048592 @ 0x00000000e1300000) remset 0 code roots 0 marked 0 reclaim candidate 1 type array 1
[367.199s][debug][gc,humongous      ] GC(32991) Humongous region 262 (object size 1048592 @ 0x0000000090600000) remset 0 code roots 0 marked 0 reclaim candidate 1 type array 1
[367.200s][debug][gc,humongous      ] GC(32991) Humongous region 264 (object size 1048592 @ 0x0000000090800000) remset 0 code roots 0 marked 0 reclaim candidate 1 type array 1
[367.200s][debug][gc,humongous      ] GC(32991) Humongous region 266 (object size 1048592 @ 0x0000000090a00000) remset 0 code roots 0 marked 0 reclaim candidate 1 type array 1
[367.199s][debug][gc,humongous      ] GC(32991) Humongous region 119 (object size 1048592 @ 0x0000000087700000) remset 0 code roots 0 marked 0 reclaim candidate 1 type array 1
[367.200s][debug][gc,humongous      ] GC(32991) Humongous region 268 (object size 1048592 @ 0x0000000090c00000) remset 0 code roots 0 marked 0 reclaim candidate 1 type array 1
[367.199s][debug][gc,humongous      ] GC(32991) Humongous region 1521 (object size 1048592 @ 0x00000000df100000) remset 0 code roots 0 marked 0 reclaim candidate 1 type array 1
[367.200s][debug][gc,humongous      ] GC(32991) Humongous region 121 (object size 1048592 @ 0x0000000087900000) remset 0 code roots 0 marked 0 reclaim candidate 1 type array 1
[367.200s][debug][gc,humongous      ] GC(32991) Humongous region 123 (object size 1048592 @ 0x0000000087b00000) remset 0 code roots 0 marked 0 reclaim candidate 1 type array 1
[367.200s][debug][gc,humongous      ] GC(32991) Humongous region 1559 (object size 1048592 @ 0x00000000e1700000) remset 0 code roots 0 marked 0 reclaim candidate 1 type array 1
[367.200s][debug][gc,humongous      ] GC(32991) Humongous region 125 (object size 1048592 @ 0x0000000087d00000) remset 0 code roots 0 marked 0 reclaim candidate 1 type array 1
[367.200s][debug][gc,humongous      ] GC(32991) Humongous region 1561 (object size 1048592 @ 0x00000000e1900000) remset 0 code roots 0 marked 0 reclaim candidate 1 type array 1
[367.200s][debug][gc,humongous      ] GC(32991) Humongous region 127 (object size 1048592 @ 0x0000000087f00000) remset 0 code roots 0 marked 0 reclaim candidate 1 type array 1
[367.200s][debug][gc,humongous      ] GC(32991) Humongous region 129 (object size 1048592 @ 0x0000000088100000) remset 0 code roots 0 marked 0 reclaim candidate 1 type array 1
[367.200s][debug][gc,humongous      ] GC(32991) Humongous region 131 (object size 1048592 @ 0x0000000088300000) remset 0 code roots 0 marked 0 reclaim candidate 1 type array 1
[367.200s][debug][gc,humongous      ] GC(32991) Humongous region 133 (object size 1048592 @ 0x0000000088500000) remset 0 code roots 0 marked 0 reclaim candidate 1 type array 1
[367.200s][debug][gc,humongous      ] GC(32991) Humongous region 135 (object size 1048592 @ 0x0000000088700000) remset 0 code roots 0 marked 0 reclaim candidate 1 type array 1
[367.200s][debug][gc,humongous      ] GC(32991) Humongous region 270 (object size 1048592 @ 0x0000000090e00000) remset 0 code roots 0 marked 0 reclaim candidate 1 type array 1
[367.198s][debug][gc,humongous      ] GC(32991) Humongous region 385 (object size 1048592 @ 0x0000000098100000) remset 0 code roots 0 marked 0 reclaim candidate 1 type array 1
[367.200s][debug][gc,humongous      ] GC(32991) Humongous region 387 (object size 1048592 @ 0x0000000098300000) remset 0 code roots 0 marked 0 reclaim candidate 1 type array 1
[367.200s][debug][gc,humongous      ] GC(32991) Humongous region 389 (object size 1048592 @ 0x0000000098500000) remset 0 code roots 0 marked 0 reclaim candidate 1 type array 1
[367.200s][debug][gc,humongous      ] GC(32991) Humongous region 391 (object size 1048592 @ 0x0000000098700000) remset 0 code roots 0 marked 0 reclaim candidate 1 type array 1
[367.199s][debug][gc,humongous      ] GC(32991) Humongous region 1201 (object size 1048592 @ 0x00000000cb100000) remset 0 code roots 0 marked 0 reclaim candidate 1 type array 1
[367.200s][debug][gc,humongous      ] GC(32991) Humongous region 393 (object size 1048592 @ 0x0000000098900000) remset 0 code roots 0 marked 0 reclaim candidate 1 type array 1
[367.199s][debug][gc,humongous      ] GC(32991) Humongous region 1212 (object size 1048592 @ 0x00000000cbc00000) remset 0 code roots 0 marked 0 reclaim candidate 1 type array 1
[367.199s][debug][gc,humongous      ] GC(32991) Humongous region 1389 (object size 1048592 @ 0x00000000d6d00000) remset 0 code roots 0 marked 0 reclaim candidate 1 type array 1
[367.200s][debug][gc,humongous      ] GC(32991) Humongous region 1567 (object size 1048592 @ 0x00000000e1f00000) remset 0 code roots 0 marked 0 reclaim candidate 1 type array 1
[367.200s][debug][gc,humongous      ] GC(32991) Humongous region 1569 (object size 1048592 @ 0x00000000e2100000) remset 0 code roots 0 marked 0 reclaim candidate 1 type array 1
[367.199s][debug][gc,humongous      ] GC(32991) Humongous region 1674 (object size 1048592 @ 0x00000000e8a00000) remset 0 code roots 0 marked 0 reclaim candidate 1 type array 1
[367.200s][debug][gc,humongous      ] GC(32991) Humongous region 1573 (object size 1048592 @ 0x00000000e2500000) remset 0 code roots 0 marked 0 reclaim candidate 1 type array 1
[367.200s][debug][gc,humongous      ] GC(32991) Humongous region 272 (object size 1048592 @ 0x0000000091000000) remset 0 code roots 0 marked 0 reclaim candidate 1 type array 1
[367.200s][debug][gc,humongous      ] GC(32991) Humongous region 137 (object size 1048592 @ 0x0000000088900000) remset 0 code roots 0 marked 0 reclaim candidate 1 type array 1
[367.198s][debug][gc,humongous      ] GC(32991) Humongous region 1085 (object size 1048592 @ 0x00000000c3d00000) remset 0 code roots 0 marked 0 reclaim candidate 1 type array 1
[367.199s][debug][gc,humongous      ] GC(32991) Humongous region 1860 (object size 1048592 @ 0x00000000f4400000) remset 0 code roots 0 marked 0 reclaim candidate 1 type array 1
[367.200s][debug][gc,humongous      ] GC(32991) Humongous region 1862 (object size 1048592 @ 0x00000000f4600000) remset 0 code roots 0 marked 0 reclaim candidate 1 type array 1
[367.200s][debug][gc,humongous      ] GC(32991) Humongous region 1563 (object size 1048592 @ 0x00000000e1b00000) remset 0 code roots 0 marked 0 reclaim candidate 1 type array 1
[367.200s][debug][gc,humongous      ] GC(32991) Humongous region 1866 (object size 1048592 @ 0x00000000f4a00000) remset 0 code roots 0 marked 0 reclaim candidate 1 type array 1
[367.200s][debug][gc,humongous      ] GC(32991) Humongous region 395 (object size 1048592 @ 0x0000000098b00000) remset 0 code roots 0 marked 0 reclaim candidate 1 type array 1
[367.200s][debug][gc,humongous      ] GC(32991) Humongous region 1868 (object size 1048592 @ 0x00000000f4c00000) remset 0 code roots 0 marked 0 reclaim candidate 1 type array 1
[367.200s][debug][gc,humongous      ] GC(32991) Humongous region 1571 (object size 1048592 @ 0x00000000e2300000) remset 0 code roots 0 marked 0 reclaim candidate 1 type array 1
[367.198s][debug][gc,humongous      ] GC(32991) Humongous region 2019 (object size 1048592 @ 0x00000000fe300000) remset 0 code roots 0 marked 0 reclaim candidate 1 type array 1
[367.200s][debug][gc,humongous      ] GC(32991) Humongous region 1676 (object size 1048592 @ 0x00000000e8c00000) remset 0 code roots 0 marked 0 reclaim candidate 1 type array 1
[367.200s][debug][gc,humongous      ] GC(32991) Humongous region 1678 (object size 1048592 @ 0x00000000e8e00000) remset 0 code roots 0 marked 0 reclaim candidate 1 type array 1
[367.200s][debug][gc,humongous      ] GC(32991) Humongous region 274 (object size 1048592 @ 0x0000000091200000) remset 0 code roots 0 marked 0 reclaim candidate 1 type array 1
[367.200s][debug][gc,humongous      ] GC(32991) Humongous region 1688 (object size 1048592 @ 0x00000000e9800000) remset 0 code roots 0 marked 0 reclaim candidate 1 type array 1
[367.200s][debug][gc,humongous      ] GC(32991) Humongous region 1680 (object size 1048592 @ 0x00000000e9000000) remset 0 code roots 0 marked 0 reclaim candidate 1 type array 1
[367.200s][debug][gc,humongous      ] GC(32991) Humongous region 276 (object size 1048592 @ 0x0000000091400000) remset 0 code roots 0 marked 0 reclaim candidate 1 type array 1
[367.200s][debug][gc,humongous      ] GC(32991) Humongous region 1692 (object size 1048592 @ 0x00000000e9c00000) remset 0 code roots 0 marked 0 reclaim candidate 1 type array 1
[367.200s][debug][gc,humongous      ] GC(32991) Humongous region 1694 (object size 1048592 @ 0x00000000e9e00000) remset 0 code roots 0 marked 0 reclaim candidate 1 type array 1
[367.201s][debug][gc,humongous      ] GC(32991) Humongous region 1696 (object size 1048592 @ 0x00000000ea000000) remset 0 code roots 0 marked 0 reclaim candidate 1 type array 1
[367.201s][debug][gc,humongous      ] GC(32991) Humongous region 1698 (object size 1048592 @ 0x00000000ea200000) remset 0 code roots 0 marked 0 reclaim candidate 1 type array 1
[367.200s][debug][gc,humongous      ] GC(32991) Humongous region 1684 (object size 1048592 @ 0x00000000e9400000) remset 0 code roots 0 marked 0 reclaim candidate 1 type array 1
[367.200s][debug][gc,humongous      ] GC(32991) Humongous region 1557 (object size 1048592 @ 0x00000000e1500000) remset 0 code roots 0 marked 0 reclaim candidate 1 type array 1
[367.201s][debug][gc,humongous      ] GC(32991) Humongous region 1702 (object size 1048592 @ 0x00000000ea600000) remset 0 code roots 0 marked 0 reclaim candidate 1 type array 1
[367.200s][debug][gc,humongous      ] GC(32991) Humongous region 139 (object size 1048592 @ 0x0000000088b00000) remset 0 code roots 0 marked 0 reclaim candidate 1 type array 1
[367.201s][debug][gc,humongous      ] GC(32991) Humongous region 1706 (object size 1048592 @ 0x00000000eaa00000) remset 0 code roots 0 marked 0 reclaim candidate 1 type array 1
[367.200s][debug][gc,humongous      ] GC(32991) Humongous region 1690 (object size 1048592 @ 0x00000000e9a00000) remset 0 code roots 0 marked 0 reclaim candidate 1 type array 1
[367.201s][debug][gc,humongous      ] GC(32991) Humongous region 1710 (object size 1048592 @ 0x00000000eae00000) remset 0 code roots 0 marked 0 reclaim candidate 1 type array 1
[367.201s][debug][gc,humongous      ] GC(32991) Humongous region 1712 (object size 1048592 @ 0x00000000eb000000) remset 0 code roots 0 marked 0 reclaim candidate 1 type array 1
[367.199s][debug][gc,humongous      ] GC(32991) Humongous region 1199 (object size 1048592 @ 0x00000000caf00000) remset 0 code roots 0 marked 0 reclaim candidate 1 type array 1
[367.201s][debug][gc,humongous      ] GC(32991) Humongous region 1714 (object size 1048592 @ 0x00000000eb200000) remset 0 code roots 0 marked 0 reclaim candidate 1 type array 1
[367.200s][debug][gc,humongous      ] GC(32991) Humongous region 1565 (object size 1048592 @ 0x00000000e1d00000) remset 0 code roots 0 marked 0 reclaim candidate 1 type array 1
[367.201s][debug][gc,humongous      ] GC(32991) Humongous region 1718 (object size 1048592 @ 0x00000000eb600000) remset 0 code roots 0 marked 0 reclaim candidate 1 type array 1
[367.201s][debug][gc,humongous      ] GC(32991) Humongous region 1700 (object size 1048592 @ 0x00000000ea400000) remset 0 code roots 0 marked 0 reclaim candidate 1 type array 1
[367.201s][debug][gc,humongous      ] GC(32991) Humongous region 1720 (object size 1048592 @ 0x00000000eb800000) remset 0 code roots 0 marked 0 reclaim candidate 1 type array 1
[367.201s][debug][gc,humongous      ] GC(32991) Humongous region 1722 (object size 1048592 @ 0x00000000eba00000) remset 0 code roots 0 marked 0 reclaim candidate 1 type array 1
[367.201s][debug][gc,humongous      ] GC(32991) Humongous region 1724 (object size 1048592 @ 0x00000000ebc00000) remset 0 code roots 0 marked 0 reclaim candidate 1 type array 1
[367.201s][debug][gc,humongous      ] GC(32991) Humongous region 1726 (object size 1048592 @ 0x00000000ebe00000) remset 0 code roots 0 marked 0 reclaim candidate 1 type array 1
[367.201s][debug][gc,humongous      ] GC(32991) Humongous region 1708 (object size 1048592 @ 0x00000000eac00000) remset 0 code roots 0 marked 0 reclaim candidate 1 type array 1
[367.201s][debug][gc,humongous      ] GC(32991) Humongous region 1872 (object size 1048592 @ 0x00000000f5000000) remset 0 code roots 0 marked 0 reclaim candidate 1 type array 1
[367.201s][debug][gc,humongous      ] GC(32991) Humongous region 1874 (object size 1048592 @ 0x00000000f5200000) remset 0 code roots 0 marked 0 reclaim candidate 1 type array 1
[367.200s][debug][gc,humongous      ] GC(32991) Humongous region 2021 (object size 1048592 @ 0x00000000fe500000) remset 0 code roots 0 marked 0 reclaim candidate 1 type array 1
[367.200s][debug][gc,humongous      ] GC(32991) Humongous region 1686 (object size 1048592 @ 0x00000000e9600000) remset 0 code roots 0 marked 0 reclaim candidate 1 type array 1
[367.201s][debug][gc,humongous      ] GC(32991) Humongous region 2023 (object size 1048592 @ 0x00000000fe700000) remset 0 code roots 0 marked 0 reclaim candidate 1 type array 1
[367.201s][debug][gc,humongous      ] GC(32991) Humongous region 1880 (object size 1048592 @ 0x00000000f5800000) remset 0 code roots 0 marked 0 reclaim candidate 1 type array 1
[367.201s][debug][gc,humongous      ] GC(32991) Humongous region 2025 (object size 1048592 @ 0x00000000fe900000) remset 0 code roots 0 marked 0 reclaim candidate 1 type array 1
[367.201s][debug][gc,humongous      ] GC(32991) Humongous region 1730 (object size 1048592 @ 0x00000000ec200000) remset 0 code roots 0 marked 0 reclaim candidate 1 type array 1
[367.200s][debug][gc,humongous      ] GC(32991) Humongous region 1870 (object size 1048592 @ 0x00000000f4e00000) remset 0 code roots 0 marked 0 reclaim candidate 1 type array 1
[367.201s][debug][gc,humongous      ] GC(32991) Humongous region 1884 (object size 1048592 @ 0x00000000f5c00000) remset 0 code roots 0 marked 0 reclaim candidate 1 type array 1
[367.201s][debug][gc,humongous      ] GC(32991) Humongous region 141 (object size 1048592 @ 0x0000000088d00000) remset 0 code roots 0 marked 0 reclaim candidate 1 type array 1
[367.201s][debug][gc,humongous      ] GC(32991) Humongous region 1888 (object size 1048592 @ 0x00000000f6000000) remset 0 code roots 0 marked 0 reclaim candidate 1 type array 1
[367.200s][debug][gc,humongous      ] GC(32991) Humongous region 278 (object size 1048592 @ 0x0000000091600000) remset 0 code roots 0 marked 0 reclaim candidate 1 type array 1
[367.201s][debug][gc,humongous      ] GC(32991) Humongous region 143 (object size 1048592 @ 0x0000000088f00000) remset 0 code roots 0 marked 0 reclaim candidate 1 type array 1
[367.201s][debug][gc,humongous      ] GC(32991) Humongous region 280 (object size 1048592 @ 0x0000000091800000) remset 0 code roots 0 marked 0 reclaim candidate 1 type array 1
[367.201s][debug][gc,humongous      ] GC(32991) Humongous region 284 (object size 1048592 @ 0x0000000091c00000) remset 0 code roots 0 marked 0 reclaim candidate 1 type array 1
[367.201s][debug][gc,humongous      ] GC(32991) Humongous region 1728 (object size 1048592 @ 0x00000000ec000000) remset 0 code roots 0 marked 0 reclaim candidate 1 type array 1
[367.201s][debug][gc,humongous      ] GC(32991) Humongous region 288 (object size 1048592 @ 0x0000000092000000) remset 0 code roots 0 marked 0 reclaim candidate 1 type array 1
[367.201s][debug][gc,humongous      ] GC(32991) Humongous region 1882 (object size 1048592 @ 0x00000000f5a00000) remset 0 code roots 0 marked 0 reclaim candidate 1 type array 1
[367.201s][debug][gc,humongous      ] GC(32991) Humongous region 2033 (object size 1048592 @ 0x00000000ff100000) remset 0 code roots 0 marked 0 reclaim candidate 1 type array 1
[367.200s][debug][gc,humongous      ] GC(32991) Humongous region 397 (object size 1048592 @ 0x0000000098d00000) remset 0 code roots 0 marked 0 reclaim candidate 1 type array 1
[367.201s][debug][gc,humongous      ] GC(32991) Humongous region 2036 (object size 1048592 @ 0x00000000ff400000) remset 0 code roots 0 marked 0 reclaim candidate 1 type array 1
[367.200s][debug][gc,humongous      ] GC(32991) Humongous region 1682 (object size 1048592 @ 0x00000000e9200000) remset 0 code roots 0 marked 0 reclaim candidate 1 type array 1
[367.201s][debug][gc,humongous      ] GC(32991) Humongous region 1716 (object size 1048592 @ 0x00000000eb400000) remset 0 code roots 0 marked 0 reclaim candidate 1 type array 1
[367.201s][debug][gc,humongous      ] GC(32991) Humongous region 1876 (object size 1048592 @ 0x00000000f5400000) remset 0 code roots 0 marked 0 reclaim candidate 1 type array 1
[367.201s][debug][gc,humongous      ] GC(32991) Humongous region 2031 (object size 1048592 @ 0x00000000fef00000) remset 0 code roots 0 marked 0 reclaim candidate 1 type array 1
[367.201s][debug][gc,humongous      ] GC(32991) Humongous region 147 (object size 1048592 @ 0x0000000089300000) remset 0 code roots 0 marked 0 reclaim candidate 1 type array 1
[367.201s][debug][gc,humongous      ] GC(32991) Humongous region 149 (object size 1048592 @ 0x0000000089500000) remset 0 code roots 0 marked 0 reclaim candidate 1 type array 1
[367.201s][debug][gc,humongous      ] GC(32991) Humongous region 2029 (object size 1048592 @ 0x00000000fed00000) remset 0 code roots 0 marked 0 reclaim candidate 1 type array 1
[367.201s][debug][gc,humongous      ] GC(32991) Humongous region 155 (object size 1048592 @ 0x0000000089b00000) remset 0 code roots 0 marked 0 reclaim candidate 1 type array 1
[367.201s][debug][gc,humongous      ] GC(32991) Humongous region 294 (object size 1048592 @ 0x0000000092600000) remset 0 code roots 0 marked 0 reclaim candidate 1 type array 1
[367.201s][debug][gc,humongous      ] GC(32991) Humongous region 297 (object size 1048592 @ 0x0000000092900000) remset 0 code roots 0 marked 0 reclaim candidate 1 type array 1
[367.201s][debug][gc,humongous      ] GC(32991) Humongous region 299 (object size 1048592 @ 0x0000000092b00000) remset 0 code roots 0 marked 0 reclaim candidate 1 type array 1
[367.201s][debug][gc,humongous      ] GC(32991) Humongous region 301 (object size 1048592 @ 0x0000000092d00000) remset 0 code roots 0 marked 0 reclaim candidate 1 type array 1
[367.201s][debug][gc,humongous      ] GC(32991) Humongous region 305 (object size 1048592 @ 0x0000000093100000) remset 0 code roots 0 marked 0 reclaim candidate 1 type array 1
[367.201s][debug][gc,humongous      ] GC(32991) Humongous region 307 (object size 1048592 @ 0x0000000093300000) remset 0 code roots 0 marked 0 reclaim candidate 1 type array 1
[367.201s][debug][gc,humongous      ] GC(32991) Humongous region 309 (object size 1048592 @ 0x0000000093500000) remset 0 code roots 0 marked 0 reclaim candidate 1 type array 1
[367.201s][debug][gc,humongous      ] GC(32991) Humongous region 145 (object size 1048592 @ 0x0000000089100000) remset 0 code roots 0 marked 0 reclaim candidate 1 type array 1
[367.201s][debug][gc,humongous      ] GC(32991) Humongous region 311 (object size 1048592 @ 0x0000000093700000) remset 0 code roots 0 marked 0 reclaim candidate 1 type array 1
[367.201s][debug][gc,humongous      ] GC(32991) Humongous region 313 (object size 1048592 @ 0x0000000093900000) remset 0 code roots 0 marked 0 reclaim candidate 1 type array 1
[367.201s][debug][gc,humongous      ] GC(32991) Humongous region 401 (object size 1048592 @ 0x0000000099100000) remset 0 code roots 0 marked 0 reclaim candidate 1 type array 1
[367.201s][debug][gc,humongous      ] GC(32991) Humongous region 403 (object size 1048592 @ 0x0000000099300000) remset 0 code roots 0 marked 0 reclaim candidate 1 type array 1
[367.201s][debug][gc,humongous      ] GC(32991) Humongous region 405 (object size 1048592 @ 0x0000000099500000) remset 0 code roots 0 marked 0 reclaim candidate 1 type array 1
[367.201s][debug][gc,humongous      ] GC(32991) Humongous region 407 (object size 1048592 @ 0x0000000099700000) remset 0 code roots 0 marked 0 reclaim candidate 1 type array 1
[367.201s][debug][gc,humongous      ] GC(32991) Humongous region 2038 (object size 1048592 @ 0x00000000ff600000) remset 0 code roots 0 marked 0 reclaim candidate 1 type array 1
[367.201s][debug][gc,humongous      ] GC(32991) Humongous region 399 (object size 1048592 @ 0x0000000098f00000) remset 0 code roots 0 marked 0 reclaim candidate 1 type array 1
[367.201s][debug][gc,humongous      ] GC(32991) Humongous region 2040 (object size 1048592 @ 0x00000000ff800000) remset 0 code roots 0 marked 0 reclaim candidate 1 type array 1
[367.201s][debug][gc,humongous      ] GC(32991) Humongous region 2042 (object size 1048592 @ 0x00000000ffa00000) remset 0 code roots 0 marked 0 reclaim candidate 1 type array 1
[367.201s][debug][gc,humongous      ] GC(32991) Humongous region 417 (object size 1048592 @ 0x000000009a100000) remset 0 code roots 0 marked 0 reclaim candidate 1 type array 1
[367.201s][debug][gc,humongous      ] GC(32991) Humongous region 419 (object size 1048592 @ 0x000000009a300000) remset 0 code roots 0 marked 0 reclaim candidate 1 type array 1
[367.201s][debug][gc,humongous      ] GC(32991) Humongous region 423 (object size 1048592 @ 0x000000009a700000) remset 0 code roots 0 marked 0 reclaim candidate 1 type array 1
[367.201s][debug][gc,humongous      ] GC(32991) Humongous region 153 (object size 1048592 @ 0x0000000089900000) remset 0 code roots 0 marked 0 reclaim candidate 1 type array 1
[367.201s][debug][gc,humongous      ] GC(32991) Humongous region 425 (object size 1048592 @ 0x000000009a900000) remset 0 code roots 0 marked 0 reclaim candidate 1 type array 1
[367.201s][debug][gc,humongous      ] GC(32991) Humongous region 292 (object size 1048592 @ 0x0000000092400000) remset 0 code roots 0 marked 0 reclaim candidate 1 type array 1
[367.201s][debug][gc,humongous      ] GC(32991) Humongous region 429 (object size 1048592 @ 0x000000009ad00000) remset 0 code roots 0 marked 0 reclaim candidate 1 type array 1
[367.201s][debug][gc,humongous      ] GC(32991) Humongous region 409 (object size 1048592 @ 0x0000000099900000) remset 0 code roots 0 marked 0 reclaim candidate 1 type array 1
[367.201s][debug][gc,humongous      ] GC(32991) Humongous region 431 (object size 1048592 @ 0x000000009af00000) remset 0 code roots 0 marked 0 reclaim candidate 1 type array 1
[367.201s][debug][gc,humongous      ] GC(32991) Humongous region 413 (object size 1048592 @ 0x0000000099d00000) remset 0 code roots 0 marked 0 reclaim candidate 1 type array 1
[367.201s][debug][gc,humongous      ] GC(32991) Humongous region 437 (object size 1048592 @ 0x000000009b500000) remset 0 code roots 0 marked 0 reclaim candidate 1 type array 1
[367.201s][debug][gc,humongous      ] GC(32991) Humongous region 439 (object size 1048592 @ 0x000000009b700000) remset 0 code roots 0 marked 0 reclaim candidate 1 type array 1
[367.202s][debug][gc,humongous      ] GC(32991) Humongous region 441 (object size 1048592 @ 0x000000009b900000) remset 0 code roots 0 marked 0 reclaim candidate 1 type array 1
[367.202s][debug][gc,humongous      ] GC(32991) Humongous region 443 (object size 1048592 @ 0x000000009bb00000) remset 0 code roots 0 marked 0 reclaim candidate 1 type array 1
[367.201s][debug][gc,humongous      ] GC(32991) Humongous region 151 (object size 1048592 @ 0x0000000089700000) remset 0 code roots 0 marked 0 reclaim candidate 1 type array 1
[367.202s][debug][gc,humongous      ] GC(32991) Humongous region 447 (object size 1048592 @ 0x000000009bf00000) remset 0 code roots 0 marked 0 reclaim candidate 1 type array 1
[367.201s][debug][gc,humongous      ] GC(32991) Humongous region 427 (object size 1048592 @ 0x000000009ab00000) remset 0 code roots 0 marked 0 reclaim candidate 1 type array 1
[367.202s][debug][gc,humongous      ] GC(32991) Humongous region 451 (object size 1048592 @ 0x000000009c300000) remset 0 code roots 0 marked 0 reclaim candidate 1 type array 1
[367.202s][debug][gc,humongous      ] GC(32991) Humongous region 453 (object size 1048592 @ 0x000000009c500000) remset 0 code roots 0 marked 0 reclaim candidate 1 type array 1
[367.202s][debug][gc,humongous      ] GC(32991) Humongous region 455 (object size 1048592 @ 0x000000009c700000) remset 0 code roots 0 marked 0 reclaim candidate 1 type array 1
[367.201s][debug][gc,humongous      ] GC(32991) Humongous region 435 (object size 1048592 @ 0x000000009b300000) remset 0 code roots 0 marked 0 reclaim candidate 1 type array 1
[367.202s][debug][gc,humongous      ] GC(32991) Humongous region 457 (object size 1048592 @ 0x000000009c900000) remset 0 code roots 0 marked 0 reclaim candidate 1 type array 1
[367.202s][debug][gc,humongous      ] GC(32991) Humongous region 445 (object size 1048592 @ 0x000000009bd00000) remset 0 code roots 0 marked 0 reclaim candidate 1 type array 1
[367.202s][debug][gc,humongous      ] GC(32991) Humongous region 463 (object size 1048592 @ 0x000000009cf00000) remset 0 code roots 0 marked 0 reclaim candidate 1 type array 1
[367.202s][debug][gc,humongous      ] GC(32991) Humongous region 465 (object size 1048592 @ 0x000000009d100000) remset 0 code roots 0 marked 0 reclaim candidate 1 type array 1
[367.202s][debug][gc,humongous      ] GC(32991) Humongous region 469 (object size 1048592 @ 0x000000009d500000) remset 0 code roots 0 marked 0 reclaim candidate 1 type array 1
[367.201s][debug][gc,humongous      ] GC(32991) Humongous region 421 (object size 1048592 @ 0x000000009a500000) remset 0 code roots 0 marked 0 reclaim candidate 1 type array 1
[367.202s][debug][gc,humongous      ] GC(32991) Humongous region 471 (object size 1048592 @ 0x000000009d700000) remset 0 code roots 0 marked 0 reclaim candidate 1 type array 1
[367.201s][debug][gc,humongous      ] GC(32991) Humongous region 1886 (object size 1048592 @ 0x00000000f5e00000) remset 0 code roots 0 marked 0 reclaim candidate 1 type array 1
[367.201s][debug][gc,humongous      ] GC(32991) Humongous region 411 (object size 1048592 @ 0x0000000099b00000) remset 0 code roots 0 marked 0 reclaim candidate 1 type array 1
[367.201s][debug][gc,humongous      ] GC(32991) Humongous region 2044 (object size 1048592 @ 0x00000000ffc00000) remset 0 code roots 0 marked 0 reclaim candidate 1 type array 1
[367.202s][debug][gc,humongous      ] GC(32991) Humongous region 459 (object size 1048592 @ 0x000000009cb00000) remset 0 code roots 0 marked 0 reclaim candidate 1 type array 1
[367.202s][debug][gc,humongous      ] GC(32991) Humongous region 461 (object size 1048592 @ 0x000000009cd00000) remset 0 code roots 0 marked 0 reclaim candidate 1 type array 1
[367.201s][debug][gc,humongous      ] GC(32991) Humongous region 1704 (object size 1048592 @ 0x00000000ea800000) remset 0 code roots 0 marked 0 reclaim candidate 1 type array 1
[367.201s][debug][gc,humongous      ] GC(32991) Humongous region 415 (object size 1048592 @ 0x0000000099f00000) remset 0 code roots 0 marked 0 reclaim candidate 1 type array 1
[367.202s][debug][gc,humongous      ] GC(32991) Humongous region 467 (object size 1048592 @ 0x000000009d300000) remset 0 code roots 0 marked 0 reclaim candidate 1 type array 1
[367.202s][debug][gc,humongous      ] GC(32991) Humongous region 449 (object size 1048592 @ 0x000000009c100000) remset 0 code roots 0 marked 0 reclaim candidate 1 type array 1
[367.201s][debug][gc,humongous      ] GC(32991) Humongous region 433 (object size 1048592 @ 0x000000009b100000) remset 0 code roots 0 marked 0 reclaim candidate 1 type array 1
[367.201s][debug][gc,humongous      ] GC(32991) Humongous region 1878 (object size 1048592 @ 0x00000000f5600000) remset 0 code roots 0 marked 0 reclaim candidate 1 type array 1
[367.202s][debug][gc,ergo           ] GC(32991) Running G1 Merge Heap Roots using 13 workers for 0 regions
[367.202s][debug][gc,remset         ] GC(32991) Visited cards 64 Total dirty 2048 (3.12%) Total old 3983360 (0.00%)
[367.203s][debug][gc,ref            ] GC(32991) Skipped phase 1 of Reference Processing: no references
[367.203s][debug][gc,ref            ] GC(32991) Skipped phase 2 of Reference Processing: no references
[367.203s][debug][gc,ref            ] GC(32991) Skipped phase 3 of Reference Processing: no references
[367.203s][debug][gc,ref            ] GC(32991) Skipped phase 4 of Reference Processing: no references
[367.203s][debug][gc,ergo           ] GC(32991) Running G1 Rebuild Free List Task using 13 workers for rebuilding free list of regions
[367.203s][debug][gc,plab           ] GC(32991) Young PLAB allocation: allocated: 0B, wasted: 0B, unused: 0B, used: 0B, undo waste: 0B, 
[367.203s][debug][gc,plab           ] GC(32991) Young other allocation: region end waste: 0B, regions filled: 0, direct allocated: 0B, failure used: 0B, failure wasted: 0B
[367.203s][debug][gc,plab           ] GC(32991) Young sizing: calculated: 0B, actual: 2064B
[367.203s][debug][gc,plab           ] GC(32991) Old PLAB allocation: allocated: 0B, wasted: 0B, unused: 0B, used: 0B, undo waste: 0B, 
[367.203s][debug][gc,plab           ] GC(32991) Old other allocation: region end waste: 0B, regions filled: 1, direct allocated: 0B, failure used: 0B, failure wasted: 0B
[367.203s][debug][gc,plab           ] GC(32991) Old sizing: calculated: 0B, actual: 2368B
[367.203s][debug][gc,ergo,heap      ] GC(32991) Heap expansion: short term pause time ratio 71.26% long term pause time ratio 78.88% threshold 7.69% pause time ratio 7.69% fully expanded true resize by 0B
[367.203s][debug][gc,ergo,ihop      ] GC(32991) Request concurrent cycle initiation (occupancy higher than threshold) occupancy: 2039480320B allocation request: 0B threshold: 1815187630B (84.53) source: Revise IHOP
[367.203s][debug][gc,mmu            ] GC(32991) MMU: 138.9ms (200.0ms/201.0ms)
[367.203s][debug][gc,alloc,stats    ] Old generation allocation in the last mutator period, old gen allocated: 0B, humongous allocated: 0B,old gen growth: 0B.
[367.203s][debug][gc,ihop           ] GC(32991) Basic information (value update), threshold: 1708577720B (79.56), target occupancy: 2147483648B, current occupancy: 2037448192B, recent allocation size: 0B, recent allocation duration: 1.25ms, recent old gen allocation rate: 0.00B/s, recent marking phase length: 13.50ms
[367.203s][debug][gc,ihop           ] GC(32991) Adaptive IHOP information (value update), threshold: 1708577720B (93.60), internal target occupancy: 1825361100B, occupancy: 2037448192B, additional buffer size: 106954752B, predicted old gen allocation rate: 733334236.88B/s, predicted marking phase length: 13.40ms, prediction active: true
[367.203s][debug][gc,ergo,refine    ] GC(32991) Concurrent refinement times: Logged Cards Scan time goal: 20.00ms Logged Cards Scan time: 0.00ms HCC time: 0.00ms
[367.203s][debug][gc,ergo,refine    ] GC(32991) Updated Refinement Zones: green: 3328, yellow: 9984, red: 16640
[367.203s][info ][gc,phases         ] GC(32991)   Pre Evacuate Collection Set: 12.7ms
[367.203s][debug][gc,phases         ] GC(32991)     Prepare TLABs: 0.0ms
[367.203s][debug][gc,phases         ] GC(32991)     Concatenate Dirty Card Logs: 0.0ms
[367.203s][debug][gc,phases         ] GC(32991)     Choose Collection Set: 0.0ms
[367.203s][debug][gc,phases         ] GC(32991)     Region Register: 12.7ms
[367.203s][debug][gc,phases         ] GC(32991)     Prepare Heap Roots: 0.0ms
[367.203s][debug][gc,phases         ] GC(32991)     Clear Claimed Marks: 0.0ms
[367.203s][info ][gc,phases         ] GC(32991)   Merge Heap Roots: 0.3ms
[367.203s][debug][gc,phases         ] GC(32991)     Prepare Merge Heap Roots: 0.0ms
[367.203s][debug][gc,phases         ] GC(32991)     Eager Reclaim (ms):            Min:  0.1, Avg:  0.1, Max:  0.1, Diff:  0.0, Sum:  0.1, Workers: 1
[367.203s][debug][gc,phases         ] GC(32991)     Remembered Sets (ms):          Min:  0.0, Avg:  0.0, Max:  0.0, Diff:  0.0, Sum:  0.0, Workers: 13
[367.203s][debug][gc,phases         ] GC(32991)       Merged Sparse:                 Min: 0, Avg:  0.0, Max: 0, Diff: 0, Sum: 0, Workers: 13
[367.203s][debug][gc,phases         ] GC(32991)       Merged Fine:                   Min: 0, Avg:  0.0, Max: 0, Diff: 0, Sum: 0, Workers: 13
[367.203s][debug][gc,phases         ] GC(32991)       Merged Coarse:                 Min: 0, Avg:  0.0, Max: 0, Diff: 0, Sum: 0, Workers: 13
[367.203s][debug][gc,phases         ] GC(32991)       Dirty Cards:                   Min: 0, Avg:  0.0, Max: 0, Diff: 0, Sum: 0, Workers: 13
[367.203s][debug][gc,phases         ] GC(32991)     Hot Card Cache (ms):           Min:  0.0, Avg:  0.0, Max:  0.0, Diff:  0.0, Sum:  0.0, Workers: 13
[367.203s][debug][gc,phases         ] GC(32991)       Dirty Cards:                   Min: 0, Avg:  0.0, Max: 0, Diff: 0, Sum: 0, Workers: 13
[367.203s][debug][gc,phases         ] GC(32991)       Skipped Cards:                 Min: 0, Avg:  0.0, Max: 0, Diff: 0, Sum: 0, Workers: 13
[367.203s][debug][gc,phases         ] GC(32991)     Log Buffers (ms):              Min:  0.0, Avg:  0.0, Max:  0.0, Diff:  0.0, Sum:  0.0, Workers: 13
[367.203s][debug][gc,phases         ] GC(32991)       Dirty Cards:                   Min: 0, Avg:  0.1, Max: 1, Diff: 1, Sum: 1, Workers: 13
[367.203s][debug][gc,phases         ] GC(32991)       Skipped Cards:                 Min: 0, Avg:  0.0, Max: 0, Diff: 0, Sum: 0, Workers: 13
[367.203s][info ][gc,phases         ] GC(32991)   Evacuate Collection Set: 0.4ms
[367.203s][debug][gc,phases         ] GC(32991)     Ext Root Scanning (ms):        Min:  0.0, Avg:  0.0, Max:  0.0, Diff:  0.0, Sum:  0.2, Workers: 13
[367.203s][debug][gc,phases         ] GC(32991)     Scan Heap Roots (ms):          Min:  0.0, Avg:  0.0, Max:  0.0, Diff:  0.0, Sum:  0.0, Workers: 13
[367.203s][debug][gc,phases         ] GC(32991)       Scanned Cards:                 Min: 0, Avg:  0.7, Max: 6, Diff: 6, Sum: 9, Workers: 13
[367.203s][debug][gc,phases         ] GC(32991)       Scanned Blocks:                Min: 0, Avg:  0.2, Max: 1, Diff: 1, Sum: 2, Workers: 13
[367.203s][debug][gc,phases         ] GC(32991)       Claimed Chunks:                Min: 0, Avg:  0.2, Max: 1, Diff: 1, Sum: 2, Workers: 13
[367.203s][debug][gc,phases         ] GC(32991)     Code Root Scan (ms):           Min:  0.0, Avg:  0.0, Max:  0.0, Diff:  0.0, Sum:  0.0, Workers: 13
[367.203s][debug][gc,phases         ] GC(32991)     Object Copy (ms):              Min:  0.0, Avg:  0.0, Max:  0.0, Diff:  0.0, Sum:  0.0, Workers: 13
[367.204s][debug][gc,phases         ] GC(32991)     Termination (ms):              Min:  0.1, Avg:  0.2, Max:  0.3, Diff:  0.2, Sum:  3.1, Workers: 13
[367.204s][debug][gc,phases         ] GC(32991)       Termination Attempts:          Min: 1, Avg:  1.0, Max: 1, Diff: 0, Sum: 13, Workers: 13
[367.204s][debug][gc,phases         ] GC(32991)     GC Worker Other (ms):          Min:  0.0, Avg:  0.0, Max:  0.0, Diff:  0.0, Sum:  0.0, Workers: 13
[367.204s][debug][gc,phases         ] GC(32991)     GC Worker Total (ms):          Min:  0.1, Avg:  0.3, Max:  0.3, Diff:  0.2, Sum:  3.3, Workers: 13
[367.204s][info ][gc,phases         ] GC(32991)   Post Evacuate Collection Set: 0.5ms
[367.204s][debug][gc,phases         ] GC(32991)     Code Roots Fixup: 0.0ms
[367.204s][debug][gc,phases         ] GC(32991)     Reference Processing: 0.0ms
[367.204s][debug][gc,phases,ref     ] GC(32991)       Reconsider SoftReferences: 0.0ms
[367.204s][debug][gc,phases,ref     ] GC(32991)         SoftRef (ms):                  skipped
[367.204s][debug][gc,phases,ref     ] GC(32991)       Notify Soft/WeakReferences: 0.0ms
[367.204s][debug][gc,phases,ref     ] GC(32991)         SoftRef (ms):                  skipped
[367.204s][debug][gc,phases,ref     ] GC(32991)         WeakRef (ms):                  skipped
[367.204s][debug][gc,phases,ref     ] GC(32991)         FinalRef (ms):                 skipped
[367.204s][debug][gc,phases,ref     ] GC(32991)         Total (ms):                    skipped
[367.204s][debug][gc,phases,ref     ] GC(32991)       Notify and keep alive finalizable: 0.0ms
[367.204s][debug][gc,phases,ref     ] GC(32991)         FinalRef (ms):                 skipped
[367.204s][debug][gc,phases,ref     ] GC(32991)       Notify PhantomReferences: 0.0ms
[367.204s][debug][gc,phases,ref     ] GC(32991)         PhantomRef (ms):               skipped
[367.204s][debug][gc,phases,ref     ] GC(32991)       SoftReference:
[367.204s][debug][gc,phases,ref     ] GC(32991)         Discovered: 0
[367.204s][debug][gc,phases,ref     ] GC(32991)         Cleared: 0
[367.204s][debug][gc,phases,ref     ] GC(32991)       WeakReference:
[367.204s][debug][gc,phases,ref     ] GC(32991)         Discovered: 0
[367.204s][debug][gc,phases,ref     ] GC(32991)         Cleared: 0
[367.204s][debug][gc,phases,ref     ] GC(32991)       FinalReference:
[367.204s][debug][gc,phases,ref     ] GC(32991)         Discovered: 0
[367.204s][debug][gc,phases,ref     ] GC(32991)         Cleared: 0
[367.204s][debug][gc,phases,ref     ] GC(32991)       PhantomReference:
[367.204s][debug][gc,phases,ref     ] GC(32991)         Discovered: 0
[367.204s][debug][gc,phases,ref     ] GC(32991)         Cleared: 0
[367.204s][debug][gc,phases         ] GC(32991)     Weak Processing: 0.1ms
[367.204s][debug][gc,phases         ] GC(32991)       VM Weak                        Min:  0.0, Avg:  0.0, Max:  0.0, Diff:  0.0, Sum:  0.0, Workers: 1
[367.204s][debug][gc,phases         ] GC(32991)         Dead                           Min: 0, Avg:  0.0, Max: 0, Diff: 0, Sum: 0, Workers: 1
[367.204s][debug][gc,phases         ] GC(32991)         Total                          Min: 4, Avg:  4.0, Max: 4, Diff: 0, Sum: 4, Workers: 1
[367.204s][debug][gc,phases         ] GC(32991)       ObjectSynchronizer Weak        Min:  0.0, Avg:  0.0, Max:  0.0, Diff:  0.0, Sum:  0.0, Workers: 1
[367.204s][debug][gc,phases         ] GC(32991)         Dead                           Min: 0, Avg:  0.0, Max: 0, Diff: 0, Sum: 0, Workers: 1
[367.204s][debug][gc,phases         ] GC(32991)         Total                          Min: 3, Avg:  3.0, Max: 3, Diff: 0, Sum: 3, Workers: 1
[367.204s][debug][gc,phases         ] GC(32991)       JVMTI Tag Weak OopStorage      Min:  0.0, Avg:  0.0, Max:  0.0, Diff:  0.0, Sum:  0.0, Workers: 1
[367.204s][debug][gc,phases         ] GC(32991)         Dead                           Min: 0, Avg:  0.0, Max: 0, Diff: 0, Sum: 0, Workers: 1
[367.204s][debug][gc,phases         ] GC(32991)         Total                          Min: 0, Avg:  0.0, Max: 0, Diff: 0, Sum: 0, Workers: 1
[367.204s][debug][gc,phases         ] GC(32991)       StringTable Weak               Min:  0.0, Avg:  0.0, Max:  0.0, Diff:  0.0, Sum:  0.0, Workers: 1
[367.204s][debug][gc,phases         ] GC(32991)         Dead                           Min: 0, Avg:  0.0, Max: 0, Diff: 0, Sum: 0, Workers: 1
[367.204s][debug][gc,phases         ] GC(32991)         Total                          Min: 45, Avg: 45.0, Max: 45, Diff: 0, Sum: 45, Workers: 1
[367.204s][debug][gc,phases         ] GC(32991)       ResolvedMethodTable Weak       Min:  0.0, Avg:  0.0, Max:  0.0, Diff:  0.0, Sum:  0.0, Workers: 1
[367.204s][debug][gc,phases         ] GC(32991)         Dead                           Min: 0, Avg:  0.0, Max: 0, Diff: 0, Sum: 0, Workers: 1
[367.204s][debug][gc,phases         ] GC(32991)         Total                          Min: 22, Avg: 22.0, Max: 22, Diff: 0, Sum: 22, Workers: 1
[367.204s][debug][gc,phases         ] GC(32991)       JNI Weak                       Min:  0.0, Avg:  0.0, Max:  0.0, Diff:  0.0, Sum:  0.0, Workers: 1
[367.204s][debug][gc,phases         ] GC(32991)         Dead                           Min: 0, Avg:  0.0, Max: 0, Diff: 0, Sum: 0, Workers: 1
[367.204s][debug][gc,phases         ] GC(32991)         Total                          Min: 0, Avg:  0.0, Max: 0, Diff: 0, Sum: 0, Workers: 1
[367.204s][debug][gc,phases         ] GC(32991)       StringDedup Table Weak         Min:  0.0, Avg:  0.0, Max:  0.0, Diff:  0.0, Sum:  0.0, Workers: 1
[367.204s][debug][gc,phases         ] GC(32991)         Dead                           Min: 0, Avg:  0.0, Max: 0, Diff: 0, Sum: 0, Workers: 1
[367.204s][debug][gc,phases         ] GC(32991)         Total                          Min: 0, Avg:  0.0, Max: 0, Diff: 0, Sum: 0, Workers: 1
[367.204s][debug][gc,phases         ] GC(32991)       StringDedup Requests0 Weak     Min:  0.0, Avg:  0.0, Max:  0.0, Diff:  0.0, Sum:  0.0, Workers: 1
[367.204s][debug][gc,phases         ] GC(32991)         Dead                           Min: 0, Avg:  0.0, Max: 0, Diff: 0, Sum: 0, Workers: 1
[367.204s][debug][gc,phases         ] GC(32991)         Total                          Min: 0, Avg:  0.0, Max: 0, Diff: 0, Sum: 0, Workers: 1
[367.204s][debug][gc,phases         ] GC(32991)       StringDedup Requests1 Weak     Min:  0.0, Avg:  0.0, Max:  0.0, Diff:  0.0, Sum:  0.0, Workers: 1
[367.204s][debug][gc,phases         ] GC(32991)         Dead                           Min: 0, Avg:  0.0, Max: 0, Diff: 0, Sum: 0, Workers: 1
[367.204s][debug][gc,phases         ] GC(32991)         Total                          Min: 0, Avg:  0.0, Max: 0, Diff: 0, Sum: 0, Workers: 1
[367.204s][debug][gc,phases         ] GC(32991)       Weak JFR Old Object Samples    Min:  0.0, Avg:  0.0, Max:  0.0, Diff:  0.0, Sum:  0.0, Workers: 1
[367.204s][debug][gc,phases         ] GC(32991)         Dead                           Min: 0, Avg:  0.0, Max: 0, Diff: 0, Sum: 0, Workers: 1
[367.204s][debug][gc,phases         ] GC(32991)         Total                          Min: 0, Avg:  0.0, Max: 0, Diff: 0, Sum: 0, Workers: 1
[367.204s][debug][gc,phases         ] GC(32991)     Post Evacuate Cleanup 1: 0.1ms
[367.204s][debug][gc,phases         ] GC(32991)       Merge Per-Thread State (ms):   Min:  0.0, Avg:  0.0, Max:  0.0, Diff:  0.0, Sum:  0.0, Workers: 1
[367.204s][debug][gc,phases         ] GC(32991)         Copied Bytes                   Min: 0, Avg:  0.0, Max: 0, Diff: 0, Sum: 0, Workers: 13
[367.204s][debug][gc,phases         ] GC(32991)         LAB Waste                      Min: 0, Avg:  0.0, Max: 0, Diff: 0, Sum: 0, Workers: 13
[367.204s][debug][gc,phases         ] GC(32991)         LAB Undo Waste                 Min: 0, Avg:  0.0, Max: 0, Diff: 0, Sum: 0, Workers: 13
[367.204s][debug][gc,phases         ] GC(32991)       Clear Logged Cards (ms):       Min:  0.0, Avg:  0.0, Max:  0.0, Diff:  0.0, Sum:  0.0, Workers: 2
[367.204s][debug][gc,phases         ] GC(32991)       Recalculate Used Memory (ms):  Min:  0.0, Avg:  0.0, Max:  0.0, Diff:  0.0, Sum:  0.0, Workers: 1
[367.204s][debug][gc,phases         ] GC(32991)     Post Evacuate Cleanup 2: 0.2ms
[367.204s][debug][gc,phases         ] GC(32991)       Reset Hot Card Cache (ms):     Min:  0.0, Avg:  0.0, Max:  0.0, Diff:  0.0, Sum:  0.0, Workers: 1
[367.204s][debug][gc,phases         ] GC(32991)       Purge Code Roots (ms):         Min:  0.0, Avg:  0.0, Max:  0.0, Diff:  0.0, Sum:  0.0, Workers: 1
[367.204s][debug][gc,phases         ] GC(32991)       Update Derived Pointers (ms):  Min:  0.0, Avg:  0.0, Max:  0.0, Diff:  0.0, Sum:  0.0, Workers: 1
[367.204s][debug][gc,phases         ] GC(32991)       Eagerly Reclaim Humongous Objects (ms): Min:  0.0, Avg:  0.0, Max:  0.0, Diff:  0.0, Sum:  0.0, Workers: 1
[367.204s][debug][gc,phases         ] GC(32991)         Humongous Total                Min: 971, Avg: 971.0, Max: 971, Diff: 0, Sum: 971, Workers: 1
[367.204s][debug][gc,phases         ] GC(32991)         Humongous Candidates           Min: 971, Avg: 971.0, Max: 971, Diff: 0, Sum: 971, Workers: 1
[367.204s][debug][gc,phases         ] GC(32991)         Humongous Reclaimed            Min: 0, Avg:  0.0, Max: 0, Diff: 0, Sum: 0, Workers: 1
[367.204s][debug][gc,phases         ] GC(32991)       Redirty Logged Cards (ms):     Min:  0.0, Avg:  0.0, Max:  0.0, Diff:  0.0, Sum:  0.0, Workers: 13
[367.204s][debug][gc,phases         ] GC(32991)         Redirtied Cards:               Min: 0, Avg:  0.7, Max: 9, Diff: 9, Sum: 9, Workers: 13
[367.204s][debug][gc,phases         ] GC(32991)       Free Collection Set (ms):      Min:  0.0, Avg:  0.0, Max:  0.0, Diff:  0.0, Sum:  0.0, Workers: 13
[367.204s][debug][gc,phases         ] GC(32991)     Rebuild Free List: 0.2ms
[367.204s][debug][gc,phases         ] GC(32991)     Start New Collection Set: 0.0ms
[367.204s][debug][gc,phases         ] GC(32991)     Resize TLABs: 0.0ms
[367.204s][debug][gc,phases         ] GC(32991)     Expand Heap After Collection: 0.0ms
[367.204s][info ][gc,phases         ] GC(32991)   Other: 0.3ms
[367.204s][info ][gc,heap           ] GC(32991) Eden regions: 0->0(102)
[367.204s][info ][gc,heap           ] GC(32991) Survivor regions: 0->0(13)
[367.204s][info ][gc,heap           ] GC(32991) Old regions: 1->1
[367.204s][info ][gc,heap           ] GC(32991) Archive regions: 2->2
[367.204s][info ][gc,heap           ] GC(32991) Humongous regions: 1942->1942
[367.204s][info ][gc,metaspace      ] GC(32991) Metaspace: 198K(384K)->198K(384K) NonClass: 192K(256K)->192K(256K) Class: 5K(128K)->5K(128K)
[367.204s][debug][gc,heap           ] GC(32991) Heap after GC invocations=31572 (full 10207):
[367.204s][debug][gc,heap           ] GC(32991)  garbage-first heap   total 2097152K, used 1989695K [0x0000000080000000, 0x0000000100000000)
[367.204s][debug][gc,heap           ] GC(32991)   region size 1024K, 0 young (0K), 0 survivors (0K)
[367.204s][debug][gc,heap           ] GC(32991)  Metaspace       used 198K, committed 384K, reserved 1114112K
[367.204s][debug][gc,heap           ] GC(32991)   class space    used 5K, committed 128K, reserved 1048576K
[367.204s][info ][gc                ] GC(32991) Pause Young (Concurrent Start) (G1 Humongous Allocation) 1943M->1943M(2048M) 14.879ms
[367.204s][info ][gc,cpu            ] GC(32991) User=0.01s Sys=0.02s Real=0.01s
[367.204s][info ][gc                ] GC(32992) Concurrent Mark Cycle
[367.204s][info ][gc,marking        ] GC(32992) Concurrent Clear Claimed Marks
[367.204s][info ][gc,marking        ] GC(32992) Concurrent Clear Claimed Marks 0.006ms
[367.204s][info ][gc,marking        ] GC(32992) Concurrent Scan Root Regions
[367.204s][info ][gc,marking        ] GC(32992) Concurrent Scan Root Regions 0.004ms
[367.204s][info ][gc,marking        ] GC(32992) Concurrent Mark
[367.204s][info ][gc,marking        ] GC(32992) Concurrent Mark From Roots
[367.204s][info ][gc,task           ] GC(32992) Using 3 workers of 3 for marking
[367.204s][debug][gc,ergo           ] Do not request concurrent cycle initiation (concurrent cycle already in progress). GC cause: G1 Humongous Allocation
[367.205s][debug][gc,ergo           ] Do not request concurrent cycle initiation (concurrent cycle already in progress). GC cause: G1 Humongous Allocation
[367.205s][debug][gc,ergo           ] Do not request concurrent cycle initiation (concurrent cycle already in progress). GC cause: G1 Humongous Allocation
[367.205s][debug][gc,ergo           ] Do not request concurrent cycle initiation (concurrent cycle already in progress). GC cause: G1 Humongous Allocation
[367.205s][debug][gc,ergo           ] Do not request concurrent cycle initiation (concurrent cycle already in progress). GC cause: G1 Humongous Allocation
[367.206s][debug][gc,ergo           ] Do not request concurrent cycle initiation (concurrent cycle already in progress). GC cause: G1 Humongous Allocation
[367.206s][debug][gc,ergo           ] Do not request concurrent cycle initiation (concurrent cycle already in progress). GC cause: G1 Humongous Allocation
[367.206s][debug][gc,ergo           ] Do not request concurrent cycle initiation (concurrent cycle already in progress). GC cause: G1 Humongous Allocation
[367.206s][debug][gc,ergo           ] Do not request concurrent cycle initiation (concurrent cycle already in progress). GC cause: G1 Humongous Allocation
[367.207s][debug][gc,heap           ] GC(32993) Heap before GC invocations=31572 (full 10207):
[367.207s][debug][gc,heap           ] GC(32993)  garbage-first heap   total 2097152K, used 2014271K [0x0000000080000000, 0x0000000100000000)
[367.207s][debug][gc,heap           ] GC(32993)   region size 1024K, 0 young (0K), 0 survivors (0K)
[367.207s][debug][gc,heap           ] GC(32993)  Metaspace       used 198K, committed 384K, reserved 1114112K
[367.207s][debug][gc,heap           ] GC(32993)   class space    used 5K, committed 128K, reserved 1048576K
[367.207s][info ][gc,start          ] GC(32993) Pause Young (Normal) (G1 Humongous Allocation)
[367.207s][info ][gc,task           ] GC(32993) Using 13 workers of 13 for evacuation
[367.207s][debug][gc,age            ] GC(32993) Desired survivor size 6815744 bytes, new threshold 15 (max threshold 15)
[367.207s][debug][gc,refine,stats   ] GC(32993) Mutator refinement: 0.00ms, refined: 0, precleaned: 0, dirtied: 2
[367.207s][debug][gc,refine,stats   ] GC(32993) Concurrent refinement: 0.00ms, refined: 0, precleaned: 0, dirtied: 0
[367.207s][debug][gc,refine,stats   ] GC(32993) Total refinement: 0.00ms, refined: 0, precleaned: 0, dirtied: 2
[367.207s][debug][gc,refine,stats   ] GC(32993) Generate dirty cards rate: 0.61 cards/ms
[367.207s][debug][gc,alloc,region   ] GC(32993) Mutator Allocation stats, regions: 0, wasted size: 0B ( 0.0%)
[367.207s][debug][gc,humongous      ] GC(32993) Humongous region 0 (object size 1048592 @ 0x0000000080000000) remset 0 code roots 0 marked 1 reclaim candidate 1 type array 1
[367.207s][debug][gc,humongous      ] GC(32993) Humongous region 3 (object size 1048592 @ 0x0000000080300000) remset 0 code roots 0 marked 1 reclaim candidate 1 type array 1
[367.207s][debug][gc,humongous      ] GC(32993) Humongous region 5 (object size 1048592 @ 0x0000000080500000) remset 0 code roots 0 marked 1 reclaim candidate 1 type array 1
[367.207s][debug][gc,humongous      ] GC(32993) Humongous region 315 (object size 1048592 @ 0x0000000093b00000) remset 0 code roots 0 marked 1 reclaim candidate 1 type array 1
[367.207s][debug][gc,humongous      ] GC(32993) Humongous region 317 (object size 1048592 @ 0x0000000093d00000) remset 0 code roots 0 marked 1 reclaim candidate 1 type array 1
[367.207s][debug][gc,humongous      ] GC(32993) Humongous region 630 (object size 1048592 @ 0x00000000a7600000) remset 0 code roots 0 marked 1 reclaim candidate 1 type array 1
[367.207s][debug][gc,humongous      ] GC(32993) Humongous region 1103 (object size 1048592 @ 0x00000000c4f00000) remset 0 code roots 0 marked 1 reclaim candidate 1 type array 1
[367.207s][debug][gc,humongous      ] GC(32993) Humongous region 473 (object size 1048592 @ 0x000000009d900000) remset 0 code roots 0 marked 1 reclaim candidate 1 type array 1
[367.207s][debug][gc,humongous      ] GC(32993) Humongous region 1417 (object size 1048592 @ 0x00000000d8900000) remset 0 code roots 0 marked 1 reclaim candidate 1 type array 1
[367.207s][debug][gc,humongous      ] GC(32993) Humongous region 7 (object size 1048592 @ 0x0000000080700000) remset 0 code roots 0 marked 1 reclaim candidate 1 type array 1
[367.207s][debug][gc,humongous      ] GC(32993) Humongous region 319 (object size 1048592 @ 0x0000000093f00000) remset 0 code roots 0 marked 1 reclaim candidate 1 type array 1
[367.207s][debug][gc,humongous      ] GC(32993) Humongous region 788 (object size 1048592 @ 0x00000000b1400000) remset 0 code roots 0 marked 1 reclaim candidate 1 type array 1
[367.207s][debug][gc,humongous      ] GC(32993) Humongous region 945 (object size 1048592 @ 0x00000000bb100000) remset 0 code roots 0 marked 1 reclaim candidate 1 type array 1
[367.207s][debug][gc,humongous      ] GC(32993) Humongous region 790 (object size 1048592 @ 0x00000000b1600000) remset 0 code roots 0 marked 1 reclaim candidate 1 type array 1
[367.207s][debug][gc,humongous      ] GC(32993) Humongous region 632 (object size 1048592 @ 0x00000000a7800000) remset 0 code roots 0 marked 1 reclaim candidate 1 type array 1
[367.207s][debug][gc,humongous      ] GC(32993) Humongous region 792 (object size 1048592 @ 0x00000000b1800000) remset 0 code roots 0 marked 1 reclaim candidate 1 type array 1
[367.207s][debug][gc,humongous      ] GC(32993) Humongous region 1105 (object size 1048592 @ 0x00000000c5100000) remset 0 code roots 0 marked 1 reclaim candidate 1 type array 1
[367.207s][debug][gc,humongous      ] GC(32993) Humongous region 634 (object size 1048592 @ 0x00000000a7a00000) remset 0 code roots 0 marked 1 reclaim candidate 1 type array 1
[367.207s][debug][gc,humongous      ] GC(32993) Humongous region 1575 (object size 1048592 @ 0x00000000e2700000) remset 0 code roots 0 marked 1 reclaim candidate 1 type array 1
[367.207s][debug][gc,humongous      ] GC(32993) Humongous region 1419 (object size 1048592 @ 0x00000000d8b00000) remset 0 code roots 0 marked 1 reclaim candidate 1 type array 1
[367.207s][debug][gc,humongous      ] GC(32993) Humongous region 1577 (object size 1048592 @ 0x00000000e2900000) remset 0 code roots 0 marked 1 reclaim candidate 1 type array 1
[367.207s][debug][gc,humongous      ] GC(32993) Humongous region 1423 (object size 1048592 @ 0x00000000d8f00000) remset 0 code roots 0 marked 1 reclaim candidate 1 type array 1
[367.207s][debug][gc,humongous      ] GC(32993) Humongous region 1579 (object size 1048592 @ 0x00000000e2b00000) remset 0 code roots 0 marked 1 reclaim candidate 1 type array 1
[367.207s][debug][gc,humongous      ] GC(32993) Humongous region 1427 (object size 1048592 @ 0x00000000d9300000) remset 0 code roots 0 marked 1 reclaim candidate 1 type array 1
[367.207s][debug][gc,humongous      ] GC(32993) Humongous region 947 (object size 1048592 @ 0x00000000bb300000) remset 0 code roots 0 marked 1 reclaim candidate 1 type array 1
[367.207s][debug][gc,humongous      ] GC(32993) Humongous region 1429 (object size 1048592 @ 0x00000000d9500000) remset 0 code roots 0 marked 1 reclaim candidate 1 type array 1
[367.207s][debug][gc,humongous      ] GC(32993) Humongous region 1260 (object size 1048592 @ 0x00000000cec00000) remset 0 code roots 0 marked 1 reclaim candidate 1 type array 1
[367.207s][debug][gc,humongous      ] GC(32993) Humongous region 475 (object size 1048592 @ 0x000000009db00000) remset 0 code roots 0 marked 1 reclaim candidate 1 type array 1
[367.207s][debug][gc,humongous      ] GC(32993) Humongous region 1262 (object size 1048592 @ 0x00000000cee00000) remset 0 code roots 0 marked 1 reclaim candidate 1 type array 1
[367.207s][debug][gc,humongous      ] GC(32993) Humongous region 477 (object size 1048592 @ 0x000000009dd00000) remset 0 code roots 0 marked 1 reclaim candidate 1 type array 1
[367.207s][debug][gc,humongous      ] GC(32993) Humongous region 1264 (object size 1048592 @ 0x00000000cf000000) remset 0 code roots 0 marked 1 reclaim candidate 1 type array 1
[367.207s][debug][gc,humongous      ] GC(32993) Humongous region 479 (object size 1048592 @ 0x000000009df00000) remset 0 code roots 0 marked 1 reclaim candidate 1 type array 1
[367.207s][debug][gc,humongous      ] GC(32993) Humongous region 9 (object size 1048592 @ 0x0000000080900000) remset 0 code roots 0 marked 1 reclaim candidate 1 type array 1
[367.207s][debug][gc,humongous      ] GC(32993) Humongous region 1732 (object size 1048592 @ 0x00000000ec400000) remset 0 code roots 0 marked 1 reclaim candidate 1 type array 1
[367.207s][debug][gc,humongous      ] GC(32993) Humongous region 1890 (object size 1048592 @ 0x00000000f6200000) remset 0 code roots 0 marked 1 reclaim candidate 1 type array 1
[367.207s][debug][gc,humongous      ] GC(32993) Humongous region 1581 (object size 1048592 @ 0x00000000e2d00000) remset 0 code roots 0 marked 1 reclaim candidate 1 type array 1
[367.207s][debug][gc,humongous      ] GC(32993) Humongous region 1892 (object size 1048592 @ 0x00000000f6400000) remset 0 code roots 0 marked 1 reclaim candidate 1 type array 1
[367.207s][debug][gc,humongous      ] GC(32993) Humongous region 1583 (object size 1048592 @ 0x00000000e2f00000) remset 0 code roots 0 marked 1 reclaim candidate 1 type array 1
[367.207s][debug][gc,humongous      ] GC(32993) Humongous region 1894 (object size 1048592 @ 0x00000000f6600000) remset 0 code roots 0 marked 1 reclaim candidate 1 type array 1
[367.207s][debug][gc,humongous      ] GC(32993) Humongous region 1585 (object size 1048592 @ 0x00000000e3100000) remset 0 code roots 0 marked 1 reclaim candidate 1 type array 1
[367.207s][debug][gc,humongous      ] GC(32993) Humongous region 1898 (object size 1048592 @ 0x00000000f6a00000) remset 0 code roots 0 marked 1 reclaim candidate 1 type array 1
[367.207s][debug][gc,humongous      ] GC(32993) Humongous region 1587 (object size 1048592 @ 0x00000000e3300000) remset 0 code roots 0 marked 1 reclaim candidate 1 type array 1
[367.207s][debug][gc,humongous      ] GC(32993) Humongous region 321 (object size 1048592 @ 0x0000000094100000) remset 0 code roots 0 marked 1 reclaim candidate 1 type array 1
[367.207s][debug][gc,humongous      ] GC(32993) Humongous region 1902 (object size 1048592 @ 0x00000000f6e00000) remset 0 code roots 0 marked 1 reclaim candidate 1 type array 1
[367.207s][debug][gc,humongous      ] GC(32993) Humongous region 481 (object size 1048592 @ 0x000000009e100000) remset 0 code roots 0 marked 1 reclaim candidate 1 type array 1
[367.207s][debug][gc,humongous      ] GC(32993) Humongous region 1904 (object size 1048592 @ 0x00000000f7000000) remset 0 code roots 0 marked 1 reclaim candidate 1 type array 1
[367.207s][debug][gc,humongous      ] GC(32993) Humongous region 1734 (object size 1048592 @ 0x00000000ec600000) remset 0 code roots 0 marked 1 reclaim candidate 1 type array 1
[367.207s][debug][gc,humongous      ] GC(32993) Humongous region 157 (object size 1048592 @ 0x0000000089d00000) remset 0 code roots 0 marked 0 reclaim candidate 1 type array 1
[367.207s][debug][gc,humongous      ] GC(32993) Humongous region 949 (object size 1048592 @ 0x00000000bb500000) remset 0 code roots 0 marked 1 reclaim candidate 1 type array 1
[367.207s][debug][gc,humongous      ] GC(32993) Humongous region 1431 (object size 1048592 @ 0x00000000d9700000) remset 0 code roots 0 marked 1 reclaim candidate 1 type array 1
[367.207s][debug][gc,humongous      ] GC(32993) Humongous region 951 (object size 1048592 @ 0x00000000bb700000) remset 0 code roots 0 marked 1 reclaim candidate 1 type array 1
[367.207s][debug][gc,humongous      ] GC(32993) Humongous region 1433 (object size 1048592 @ 0x00000000d9900000) remset 0 code roots 0 marked 1 reclaim candidate 1 type array 1
[367.207s][debug][gc,humongous      ] GC(32993) Humongous region 953 (object size 1048592 @ 0x00000000bb900000) remset 0 code roots 0 marked 1 reclaim candidate 1 type array 1
[367.207s][debug][gc,humongous      ] GC(32993) Humongous region 1589 (object size 1048592 @ 0x00000000e3500000) remset 0 code roots 0 marked 1 reclaim candidate 1 type array 1
[367.207s][debug][gc,humongous      ] GC(32993) Humongous region 955 (object size 1048592 @ 0x00000000bbb00000) remset 0 code roots 0 marked 1 reclaim candidate 1 type array 1
[367.207s][debug][gc,humongous      ] GC(32993) Humongous region 1591 (object size 1048592 @ 0x00000000e3700000) remset 0 code roots 0 marked 1 reclaim candidate 1 type array 1
[367.207s][debug][gc,humongous      ] GC(32993) Humongous region 483 (object size 1048592 @ 0x000000009e300000) remset 0 code roots 0 marked 1 reclaim candidate 1 type array 1
[367.207s][debug][gc,humongous      ] GC(32993) Humongous region 1593 (object size 1048592 @ 0x00000000e3900000) remset 0 code roots 0 marked 1 reclaim candidate 1 type array 1
[367.207s][debug][gc,humongous      ] GC(32993) Humongous region 1906 (object size 1048592 @ 0x00000000f7200000) remset 0 code roots 0 marked 1 reclaim candidate 1 type array 1
[367.207s][debug][gc,humongous      ] GC(32993) Humongous region 1736 (object size 1048592 @ 0x00000000ec800000) remset 0 code roots 0 marked 1 reclaim candidate 1 type array 1
[367.207s][debug][gc,humongous      ] GC(32993) Humongous region 159 (object size 1048592 @ 0x0000000089f00000) remset 0 code roots 0 marked 1 reclaim candidate 1 type array 1
[367.207s][debug][gc,humongous      ] GC(32993) Humongous region 1738 (object size 1048592 @ 0x00000000eca00000) remset 0 code roots 0 marked 1 reclaim candidate 1 type array 1
[367.207s][debug][gc,humongous      ] GC(32993) Humongous region 1107 (object size 1048592 @ 0x00000000c5300000) remset 0 code roots 0 marked 1 reclaim candidate 1 type array 1
[367.207s][debug][gc,humongous      ] GC(32993) Humongous region 636 (object size 1048592 @ 0x00000000a7c00000) remset 0 code roots 0 marked 1 reclaim candidate 1 type array 1
[367.207s][debug][gc,humongous      ] GC(32993) Humongous region 1435 (object size 1048592 @ 0x00000000d9b00000) remset 0 code roots 0 marked 1 reclaim candidate 1 type array 1
[367.207s][debug][gc,humongous      ] GC(32993) Humongous region 1266 (object size 1048592 @ 0x00000000cf200000) remset 0 code roots 0 marked 1 reclaim candidate 1 type array 1
[367.207s][debug][gc,humongous      ] GC(32993) Humongous region 323 (object size 1048592 @ 0x0000000094300000) remset 0 code roots 0 marked 1 reclaim candidate 1 type array 1
[367.207s][debug][gc,humongous      ] GC(32993) Humongous region 11 (object size 1048592 @ 0x0000000080b00000) remset 0 code roots 0 marked 1 reclaim candidate 1 type array 1
[367.207s][debug][gc,humongous      ] GC(32993) Humongous region 957 (object size 1048592 @ 0x00000000bbd00000) remset 0 code roots 0 marked 1 reclaim candidate 1 type array 1
[367.207s][debug][gc,humongous      ] GC(32993) Humongous region 1595 (object size 1048592 @ 0x00000000e3b00000) remset 0 code roots 0 marked 1 reclaim candidate 1 type array 1
[367.207s][debug][gc,humongous      ] GC(32993) Humongous region 1908 (object size 1048592 @ 0x00000000f7400000) remset 0 code roots 0 marked 1 reclaim candidate 1 type array 1
[367.207s][debug][gc,humongous      ] GC(32993) Humongous region 1910 (object size 1048592 @ 0x00000000f7600000) remset 0 code roots 0 marked 1 reclaim candidate 1 type array 1
[367.207s][debug][gc,humongous      ] GC(32993) Humongous region 1912 (object size 1048592 @ 0x00000000f7800000) remset 0 code roots 0 marked 1 reclaim candidate 1 type array 1
[367.208s][debug][gc,humongous      ] GC(32993) Humongous region 1914 (object size 1048592 @ 0x00000000f7a00000) remset 0 code roots 0 marked 1 reclaim candidate 1 type array 1
[367.207s][debug][gc,humongous      ] GC(32993) Humongous region 1109 (object size 1048592 @ 0x00000000c5500000) remset 0 code roots 0 marked 1 reclaim candidate 1 type array 1
[367.208s][debug][gc,humongous      ] GC(32993) Humongous region 1916 (object size 1048592 @ 0x00000000f7c00000) remset 0 code roots 0 marked 1 reclaim candidate 1 type array 1
[367.207s][debug][gc,humongous      ] GC(32993) Humongous region 638 (object size 1048592 @ 0x00000000a7e00000) remset 0 code roots 0 marked 1 reclaim candidate 1 type array 1
[367.208s][debug][gc,humongous      ] GC(32993) Humongous region 1920 (object size 1048592 @ 0x00000000f8000000) remset 0 code roots 0 marked 1 reclaim candidate 1 type array 1
[367.207s][debug][gc,humongous      ] GC(32993) Humongous region 1268 (object size 1048592 @ 0x00000000cf400000) remset 0 code roots 0 marked 1 reclaim candidate 1 type array 1
[367.208s][debug][gc,humongous      ] GC(32993) Humongous region 1922 (object size 1048592 @ 0x00000000f8200000) remset 0 code roots 0 marked 1 reclaim candidate 1 type array 1
[367.207s][debug][gc,humongous      ] GC(32993) Humongous region 485 (object size 1048592 @ 0x000000009e500000) remset 0 code roots 0 marked 1 reclaim candidate 1 type array 1
[367.207s][debug][gc,humongous      ] GC(32993) Humongous region 13 (object size 1048592 @ 0x0000000080d00000) remset 0 code roots 0 marked 1 reclaim candidate 1 type array 1
[367.208s][debug][gc,humongous      ] GC(32993) Humongous region 487 (object size 1048592 @ 0x000000009e700000) remset 0 code roots 0 marked 1 reclaim candidate 1 type array 1
[367.207s][debug][gc,humongous      ] GC(32993) Humongous region 1597 (object size 1048592 @ 0x00000000e3d00000) remset 0 code roots 0 marked 1 reclaim candidate 1 type array 1
[367.207s][debug][gc,humongous      ] GC(32993) Humongous region 794 (object size 1048592 @ 0x00000000b1a00000) remset 0 code roots 0 marked 1 reclaim candidate 1 type array 1
[367.207s][debug][gc,humongous      ] GC(32993) Humongous region 161 (object size 1048592 @ 0x000000008a100000) remset 0 code roots 0 marked 1 reclaim candidate 1 type array 1
[367.207s][debug][gc,humongous      ] GC(32993) Humongous region 1740 (object size 1048592 @ 0x00000000ecc00000) remset 0 code roots 0 marked 1 reclaim candidate 1 type array 1
[367.208s][debug][gc,humongous      ] GC(32993) Humongous region 1111 (object size 1048592 @ 0x00000000c5700000) remset 0 code roots 0 marked 1 reclaim candidate 1 type array 1
[367.208s][debug][gc,humongous      ] GC(32993) Humongous region 640 (object size 1048592 @ 0x00000000a8000000) remset 0 code roots 0 marked 1 reclaim candidate 1 type array 1
[367.207s][debug][gc,humongous      ] GC(32993) Humongous region 1437 (object size 1048592 @ 0x00000000d9d00000) remset 0 code roots 0 marked 1 reclaim candidate 1 type array 1
[367.207s][debug][gc,humongous      ] GC(32993) Humongous region 325 (object size 1048592 @ 0x0000000094500000) remset 0 code roots 0 marked 1 reclaim candidate 1 type array 1
[367.208s][debug][gc,humongous      ] GC(32993) Humongous region 1924 (object size 1048592 @ 0x00000000f8400000) remset 0 code roots 0 marked 1 reclaim candidate 1 type array 1
[367.208s][debug][gc,humongous      ] GC(32993) Humongous region 327 (object size 1048592 @ 0x0000000094700000) remset 0 code roots 0 marked 1 reclaim candidate 1 type array 1
[367.208s][debug][gc,humongous      ] GC(32993) Humongous region 1926 (object size 1048592 @ 0x00000000f8600000) remset 0 code roots 0 marked 1 reclaim candidate 1 type array 1
[367.208s][debug][gc,humongous      ] GC(32993) Humongous region 15 (object size 1048592 @ 0x0000000080f00000) remset 0 code roots 0 marked 1 reclaim candidate 1 type array 1
[367.208s][debug][gc,humongous      ] GC(32993) Humongous region 489 (object size 1048592 @ 0x000000009e900000) remset 0 code roots 0 marked 1 reclaim candidate 1 type array 1
[367.208s][debug][gc,humongous      ] GC(32993) Humongous region 17 (object size 1048592 @ 0x0000000081100000) remset 0 code roots 0 marked 1 reclaim candidate 1 type array 1
[367.208s][debug][gc,humongous      ] GC(32993) Humongous region 491 (object size 1048592 @ 0x000000009eb00000) remset 0 code roots 0 marked 1 reclaim candidate 1 type array 1
[367.208s][debug][gc,humongous      ] GC(32993) Humongous region 163 (object size 1048592 @ 0x000000008a300000) remset 0 code roots 0 marked 1 reclaim candidate 1 type array 1
[367.208s][debug][gc,humongous      ] GC(32993) Humongous region 1742 (object size 1048592 @ 0x00000000ece00000) remset 0 code roots 0 marked 1 reclaim candidate 1 type array 1
[367.208s][debug][gc,humongous      ] GC(32993) Humongous region 1113 (object size 1048592 @ 0x00000000c5900000) remset 0 code roots 0 marked 1 reclaim candidate 1 type array 1
[367.208s][debug][gc,humongous      ] GC(32993) Humongous region 1439 (object size 1048592 @ 0x00000000d9f00000) remset 0 code roots 0 marked 1 reclaim candidate 1 type array 1
[367.208s][debug][gc,humongous      ] GC(32993) Humongous region 1115 (object size 1048592 @ 0x00000000c5b00000) remset 0 code roots 0 marked 1 reclaim candidate 1 type array 1
[367.208s][debug][gc,humongous      ] GC(32993) Humongous region 1270 (object size 1048592 @ 0x00000000cf600000) remset 0 code roots 0 marked 1 reclaim candidate 1 type array 1
[367.208s][debug][gc,humongous      ] GC(32993) Humongous region 1441 (object size 1048592 @ 0x00000000da100000) remset 0 code roots 0 marked 1 reclaim candidate 1 type array 1
[367.208s][debug][gc,humongous      ] GC(32993) Humongous region 329 (object size 1048592 @ 0x0000000094900000) remset 0 code roots 0 marked 1 reclaim candidate 1 type array 1
[367.208s][debug][gc,humongous      ] GC(32993) Humongous region 1928 (object size 1048592 @ 0x00000000f8800000) remset 0 code roots 0 marked 1 reclaim candidate 1 type array 1
[367.208s][debug][gc,humongous      ] GC(32993) Humongous region 331 (object size 1048592 @ 0x0000000094b00000) remset 0 code roots 0 marked 1 reclaim candidate 1 type array 1
[367.208s][debug][gc,humongous      ] GC(32993) Humongous region 796 (object size 1048592 @ 0x00000000b1c00000) remset 0 code roots 0 marked 1 reclaim candidate 1 type array 1
[367.208s][debug][gc,humongous      ] GC(32993) Humongous region 19 (object size 1048592 @ 0x0000000081300000) remset 0 code roots 0 marked 1 reclaim candidate 1 type array 1
[367.208s][debug][gc,humongous      ] GC(32993) Humongous region 493 (object size 1048592 @ 0x000000009ed00000) remset 0 code roots 0 marked 1 reclaim candidate 1 type array 1
[367.208s][debug][gc,humongous      ] GC(32993) Humongous region 21 (object size 1048592 @ 0x0000000081500000) remset 0 code roots 0 marked 1 reclaim candidate 1 type array 1
[367.208s][debug][gc,humongous      ] GC(32993) Humongous region 495 (object size 1048592 @ 0x000000009ef00000) remset 0 code roots 0 marked 1 reclaim candidate 1 type array 1
[367.208s][debug][gc,humongous      ] GC(32993) Humongous region 23 (object size 1048592 @ 0x0000000081700000) remset 0 code roots 0 marked 1 reclaim candidate 1 type array 1
[367.208s][debug][gc,humongous      ] GC(32993) Humongous region 1117 (object size 1048592 @ 0x00000000c5d00000) remset 0 code roots 0 marked 1 reclaim candidate 1 type array 1
[367.207s][debug][gc,humongous      ] GC(32993) Humongous region 959 (object size 1048592 @ 0x00000000bbf00000) remset 0 code roots 0 marked 1 reclaim candidate 1 type array 1
[367.208s][debug][gc,humongous      ] GC(32993) Humongous region 1272 (object size 1048592 @ 0x00000000cf800000) remset 0 code roots 0 marked 1 reclaim candidate 1 type array 1
[367.208s][debug][gc,humongous      ] GC(32993) Humongous region 1443 (object size 1048592 @ 0x00000000da300000) remset 0 code roots 0 marked 1 reclaim candidate 1 type array 1
[367.208s][debug][gc,humongous      ] GC(32993) Humongous region 1599 (object size 1048592 @ 0x00000000e3f00000) remset 0 code roots 0 marked 1 reclaim candidate 1 type array 1
[367.208s][debug][gc,humongous      ] GC(32993) Humongous region 1930 (object size 1048592 @ 0x00000000f8a00000) remset 0 code roots 0 marked 1 reclaim candidate 1 type array 1
[367.208s][debug][gc,humongous      ] GC(32993) Humongous region 1601 (object size 1048592 @ 0x00000000e4100000) remset 0 code roots 0 marked 1 reclaim candidate 1 type array 1
[367.208s][debug][gc,humongous      ] GC(32993) Humongous region 1932 (object size 1048592 @ 0x00000000f8c00000) remset 0 code roots 0 marked 1 reclaim candidate 1 type array 1
[367.208s][debug][gc,humongous      ] GC(32993) Humongous region 165 (object size 1048592 @ 0x000000008a500000) remset 0 code roots 0 marked 1 reclaim candidate 1 type array 1
[367.208s][debug][gc,humongous      ] GC(32993) Humongous region 1934 (object size 1048592 @ 0x00000000f8e00000) remset 0 code roots 0 marked 1 reclaim candidate 1 type array 1
[367.208s][debug][gc,humongous      ] GC(32993) Humongous region 642 (object size 1048592 @ 0x00000000a8200000) remset 0 code roots 0 marked 1 reclaim candidate 1 type array 1
[367.208s][debug][gc,humongous      ] GC(32993) Humongous region 497 (object size 1048592 @ 0x000000009f100000) remset 0 code roots 0 marked 1 reclaim candidate 1 type array 1
[367.208s][debug][gc,humongous      ] GC(32993) Humongous region 25 (object size 1048592 @ 0x0000000081900000) remset 0 code roots 0 marked 0 reclaim candidate 1 type array 1
[367.208s][debug][gc,humongous      ] GC(32993) Humongous region 499 (object size 1048592 @ 0x000000009f300000) remset 0 code roots 0 marked 1 reclaim candidate 1 type array 1
[367.208s][debug][gc,humongous      ] GC(32993) Humongous region 27 (object size 1048592 @ 0x0000000081b00000) remset 0 code roots 0 marked 0 reclaim candidate 1 type array 1
[367.208s][debug][gc,humongous      ] GC(32993) Humongous region 501 (object size 1048592 @ 0x000000009f500000) remset 0 code roots 0 marked 1 reclaim candidate 1 type array 1
[367.208s][debug][gc,humongous      ] GC(32993) Humongous region 29 (object size 1048592 @ 0x0000000081d00000) remset 0 code roots 0 marked 1 reclaim candidate 1 type array 1
[367.208s][debug][gc,humongous      ] GC(32993) Humongous region 31 (object size 1048592 @ 0x0000000081f00000) remset 0 code roots 0 marked 1 reclaim candidate 1 type array 1
[367.208s][debug][gc,humongous      ] GC(32993) Humongous region 1603 (object size 1048592 @ 0x00000000e4300000) remset 0 code roots 0 marked 1 reclaim candidate 1 type array 1
[367.208s][debug][gc,humongous      ] GC(32993) Humongous region 33 (object size 1048592 @ 0x0000000082100000) remset 0 code roots 0 marked 1 reclaim candidate 1 type array 1
[367.208s][debug][gc,humongous      ] GC(32993) Humongous region 1605 (object size 1048592 @ 0x00000000e4500000) remset 0 code roots 0 marked 1 reclaim candidate 1 type array 1
[367.208s][debug][gc,humongous      ] GC(32993) Humongous region 1936 (object size 1048592 @ 0x00000000f9000000) remset 0 code roots 0 marked 1 reclaim candidate 1 type array 1
[367.208s][debug][gc,humongous      ] GC(32993) Humongous region 1607 (object size 1048592 @ 0x00000000e4700000) remset 0 code roots 0 marked 1 reclaim candidate 1 type array 1
[367.208s][debug][gc,humongous      ] GC(32993) Humongous region 644 (object size 1048592 @ 0x00000000a8400000) remset 0 code roots 0 marked 1 reclaim candidate 1 type array 1
[367.208s][debug][gc,humongous      ] GC(32993) Humongous region 1938 (object size 1048592 @ 0x00000000f9200000) remset 0 code roots 0 marked 1 reclaim candidate 1 type array 1
[367.208s][debug][gc,humongous      ] GC(32993) Humongous region 1940 (object size 1048592 @ 0x00000000f9400000) remset 0 code roots 0 marked 1 reclaim candidate 1 type array 1
[367.208s][debug][gc,humongous      ] GC(32993) Humongous region 646 (object size 1048592 @ 0x00000000a8600000) remset 0 code roots 0 marked 1 reclaim candidate 1 type array 1
[367.208s][debug][gc,humongous      ] GC(32993) Humongous region 648 (object size 1048592 @ 0x00000000a8800000) remset 0 code roots 0 marked 1 reclaim candidate 1 type array 1
[367.208s][debug][gc,humongous      ] GC(32993) Humongous region 1942 (object size 1048592 @ 0x00000000f9600000) remset 0 code roots 0 marked 1 reclaim candidate 1 type array 1
[367.208s][debug][gc,humongous      ] GC(32993) Humongous region 650 (object size 1048592 @ 0x00000000a8a00000) remset 0 code roots 0 marked 1 reclaim candidate 1 type array 1
[367.208s][debug][gc,humongous      ] GC(32993) Humongous region 503 (object size 1048592 @ 0x000000009f700000) remset 0 code roots 0 marked 0 reclaim candidate 1 type array 1
[367.208s][debug][gc,humongous      ] GC(32993) Humongous region 1744 (object size 1048592 @ 0x00000000ed000000) remset 0 code roots 0 marked 1 reclaim candidate 1 type array 1
[367.208s][debug][gc,humongous      ] GC(32993) Humongous region 167 (object size 1048592 @ 0x000000008a700000) remset 0 code roots 0 marked 1 reclaim candidate 1 type array 1
[367.208s][debug][gc,humongous      ] GC(32993) Humongous region 1746 (object size 1048592 @ 0x00000000ed200000) remset 0 code roots 0 marked 1 reclaim candidate 1 type array 1
[367.208s][debug][gc,humongous      ] GC(32993) Humongous region 1121 (object size 1048592 @ 0x00000000c6100000) remset 0 code roots 0 marked 1 reclaim candidate 1 type array 1
[367.208s][debug][gc,humongous      ] GC(32993) Humongous region 1609 (object size 1048592 @ 0x00000000e4900000) remset 0 code roots 0 marked 1 reclaim candidate 1 type array 1
[367.208s][debug][gc,humongous      ] GC(32993) Humongous region 961 (object size 1048592 @ 0x00000000bc100000) remset 0 code roots 0 marked 1 reclaim candidate 1 type array 1
[367.208s][debug][gc,humongous      ] GC(32993) Humongous region 1274 (object size 1048592 @ 0x00000000cfa00000) remset 0 code roots 0 marked 1 reclaim candidate 1 type array 1
[367.208s][debug][gc,humongous      ] GC(32993) Humongous region 965 (object size 1048592 @ 0x00000000bc500000) remset 0 code roots 0 marked 1 reclaim candidate 1 type array 1
[367.208s][debug][gc,humongous      ] GC(32993) Humongous region 333 (object size 1048592 @ 0x0000000094d00000) remset 0 code roots 0 marked 1 reclaim candidate 1 type array 1
[367.208s][debug][gc,humongous      ] GC(32993) Humongous region 1276 (object size 1048592 @ 0x00000000cfc00000) remset 0 code roots 0 marked 1 reclaim candidate 1 type array 1
[367.208s][debug][gc,humongous      ] GC(32993) Humongous region 1445 (object size 1048592 @ 0x00000000da500000) remset 0 code roots 0 marked 1 reclaim candidate 1 type array 1
[367.208s][debug][gc,humongous      ] GC(32993) Humongous region 1278 (object size 1048592 @ 0x00000000cfe00000) remset 0 code roots 0 marked 1 reclaim candidate 1 type array 1
[367.208s][debug][gc,humongous      ] GC(32993) Humongous region 505 (object size 1048592 @ 0x000000009f900000) remset 0 code roots 0 marked 1 reclaim candidate 1 type array 1
[367.208s][debug][gc,humongous      ] GC(32993) Humongous region 1280 (object size 1048592 @ 0x00000000d0000000) remset 0 code roots 0 marked 1 reclaim candidate 1 type array 1
[367.208s][debug][gc,humongous      ] GC(32993) Humongous region 507 (object size 1048592 @ 0x000000009fb00000) remset 0 code roots 0 marked 1 reclaim candidate 1 type array 1
[367.208s][debug][gc,humongous      ] GC(32993) Humongous region 1282 (object size 1048592 @ 0x00000000d0200000) remset 0 code roots 0 marked 1 reclaim candidate 1 type array 1
[367.208s][debug][gc,humongous      ] GC(32993) Humongous region 509 (object size 1048592 @ 0x000000009fd00000) remset 0 code roots 0 marked 1 reclaim candidate 1 type array 1
[367.208s][debug][gc,humongous      ] GC(32993) Humongous region 1284 (object size 1048592 @ 0x00000000d0400000) remset 0 code roots 0 marked 1 reclaim candidate 1 type array 1
[367.208s][debug][gc,humongous      ] GC(32993) Humongous region 511 (object size 1048592 @ 0x000000009ff00000) remset 0 code roots 0 marked 1 reclaim candidate 1 type array 1
[367.208s][debug][gc,humongous      ] GC(32993) Humongous region 335 (object size 1048592 @ 0x0000000094f00000) remset 0 code roots 0 marked 1 reclaim candidate 1 type array 1
[367.208s][debug][gc,humongous      ] GC(32993) Humongous region 1611 (object size 1048592 @ 0x00000000e4b00000) remset 0 code roots 0 marked 1 reclaim candidate 1 type array 1
[367.208s][debug][gc,humongous      ] GC(32993) Humongous region 1447 (object size 1048592 @ 0x00000000da700000) remset 0 code roots 0 marked 1 reclaim candidate 1 type array 1
[367.209s][debug][gc,humongous      ] GC(32993) Humongous region 1613 (object size 1048592 @ 0x00000000e4d00000) remset 0 code roots 0 marked 1 reclaim candidate 1 type array 1
[367.209s][debug][gc,humongous      ] GC(32993) Humongous region 1449 (object size 1048592 @ 0x00000000da900000) remset 0 code roots 0 marked 1 reclaim candidate 1 type array 1
[367.209s][debug][gc,humongous      ] GC(32993) Humongous region 1615 (object size 1048592 @ 0x00000000e4f00000) remset 0 code roots 0 marked 1 reclaim candidate 1 type array 1
[367.208s][debug][gc,humongous      ] GC(32993) Humongous region 169 (object size 1048592 @ 0x000000008a900000) remset 0 code roots 0 marked 1 reclaim candidate 1 type array 1
[367.209s][debug][gc,humongous      ] GC(32993) Humongous region 1617 (object size 1048592 @ 0x00000000e5100000) remset 0 code roots 0 marked 1 reclaim candidate 1 type array 1
[367.208s][debug][gc,humongous      ] GC(32993) Humongous region 1123 (object size 1048592 @ 0x00000000c6300000) remset 0 code roots 0 marked 1 reclaim candidate 1 type array 1
[367.209s][debug][gc,humongous      ] GC(32993) Humongous region 1619 (object size 1048592 @ 0x00000000e5300000) remset 0 code roots 0 marked 1 reclaim candidate 1 type array 1
[367.208s][debug][gc,humongous      ] GC(32993) Humongous region 798 (object size 1048592 @ 0x00000000b1e00000) remset 0 code roots 0 marked 1 reclaim candidate 1 type array 1
[367.209s][debug][gc,humongous      ] GC(32993) Humongous region 513 (object size 1048592 @ 0x00000000a0100000) remset 0 code roots 0 marked 1 reclaim candidate 1 type array 1
[367.208s][debug][gc,humongous      ] GC(32993) Humongous region 967 (object size 1048592 @ 0x00000000bc700000) remset 0 code roots 0 marked 1 reclaim candidate 1 type array 1
[367.208s][debug][gc,humongous      ] GC(32993) Humongous region 652 (object size 1048592 @ 0x00000000a8c00000) remset 0 code roots 0 marked 1 reclaim candidate 1 type array 1
[367.209s][debug][gc,humongous      ] GC(32993) Humongous region 654 (object size 1048592 @ 0x00000000a8e00000) remset 0 code roots 0 marked 1 reclaim candidate 1 type array 1
[367.208s][debug][gc,humongous      ] GC(32993) Humongous region 35 (object size 1048592 @ 0x0000000082300000) remset 0 code roots 0 marked 1 reclaim candidate 1 type array 1
[367.209s][debug][gc,humongous      ] GC(32993) Humongous region 656 (object size 1048592 @ 0x00000000a9000000) remset 0 code roots 0 marked 1 reclaim candidate 1 type array 1
[367.209s][debug][gc,humongous      ] GC(32993) Humongous region 1451 (object size 1048592 @ 0x00000000dab00000) remset 0 code roots 0 marked 1 reclaim candidate 1 type array 1
[367.209s][debug][gc,humongous      ] GC(32993) Humongous region 658 (object size 1048592 @ 0x00000000a9200000) remset 0 code roots 0 marked 1 reclaim candidate 1 type array 1
[367.209s][debug][gc,humongous      ] GC(32993) Humongous region 171 (object size 1048592 @ 0x000000008ab00000) remset 0 code roots 0 marked 1 reclaim candidate 1 type array 1
[367.209s][debug][gc,humongous      ] GC(32993) Humongous region 660 (object size 1048592 @ 0x00000000a9400000) remset 0 code roots 0 marked 1 reclaim candidate 1 type array 1
[367.209s][debug][gc,humongous      ] GC(32993) Humongous region 1125 (object size 1048592 @ 0x00000000c6500000) remset 0 code roots 0 marked 1 reclaim candidate 1 type array 1
[367.209s][debug][gc,humongous      ] GC(32993) Humongous region 1621 (object size 1048592 @ 0x00000000e5500000) remset 0 code roots 0 marked 1 reclaim candidate 1 type array 1
[367.209s][debug][gc,humongous      ] GC(32993) Humongous region 800 (object size 1048592 @ 0x00000000b2000000) remset 0 code roots 0 marked 1 reclaim candidate 1 type array 1
[367.208s][debug][gc,humongous      ] GC(32993) Humongous region 1946 (object size 1048592 @ 0x00000000f9a00000) remset 0 code roots 0 marked 1 reclaim candidate 1 type array 1
[367.209s][debug][gc,humongous      ] GC(32993) Humongous region 802 (object size 1048592 @ 0x00000000b2200000) remset 0 code roots 0 marked 1 reclaim candidate 1 type array 1
[367.209s][debug][gc,humongous      ] GC(32993) Humongous region 1948 (object size 1048592 @ 0x00000000f9c00000) remset 0 code roots 0 marked 1 reclaim candidate 1 type array 1
[367.209s][debug][gc,humongous      ] GC(32993) Humongous region 804 (object size 1048592 @ 0x00000000b2400000) remset 0 code roots 0 marked 1 reclaim candidate 1 type array 1
[367.209s][debug][gc,humongous      ] GC(32993) Humongous region 37 (object size 1048592 @ 0x0000000082500000) remset 0 code roots 0 marked 1 reclaim candidate 1 type array 1
[367.209s][debug][gc,humongous      ] GC(32993) Humongous region 39 (object size 1048592 @ 0x0000000082700000) remset 0 code roots 0 marked 1 reclaim candidate 1 type array 1
[367.209s][debug][gc,humongous      ] GC(32993) Humongous region 1453 (object size 1048592 @ 0x00000000dad00000) remset 0 code roots 0 marked 1 reclaim candidate 1 type array 1
[367.209s][debug][gc,humongous      ] GC(32993) Humongous region 41 (object size 1048592 @ 0x0000000082900000) remset 0 code roots 0 marked 1 reclaim candidate 1 type array 1
[367.209s][debug][gc,humongous      ] GC(32993) Humongous region 173 (object size 1048592 @ 0x000000008ad00000) remset 0 code roots 0 marked 1 reclaim candidate 1 type array 1
[367.209s][debug][gc,humongous      ] GC(32993) Humongous region 662 (object size 1048592 @ 0x00000000a9600000) remset 0 code roots 0 marked 1 reclaim candidate 1 type array 1
[367.209s][debug][gc,humongous      ] GC(32993) Humongous region 1127 (object size 1048592 @ 0x00000000c6700000) remset 0 code roots 0 marked 1 reclaim candidate 1 type array 1
[367.209s][debug][gc,humongous      ] GC(32993) Humongous region 1623 (object size 1048592 @ 0x00000000e5700000) remset 0 code roots 0 marked 1 reclaim candidate 1 type array 1
[367.209s][debug][gc,humongous      ] GC(32993) Humongous region 1129 (object size 1048592 @ 0x00000000c6900000) remset 0 code roots 0 marked 1 reclaim candidate 1 type array 1
[367.209s][debug][gc,humongous      ] GC(32993) Humongous region 1625 (object size 1048592 @ 0x00000000e5900000) remset 0 code roots 0 marked 1 reclaim candidate 1 type array 1
[367.209s][debug][gc,humongous      ] GC(32993) Humongous region 337 (object size 1048592 @ 0x0000000095100000) remset 0 code roots 0 marked 1 reclaim candidate 1 type array 1
[367.209s][debug][gc,humongous      ] GC(32993) Humongous region 1950 (object size 1048592 @ 0x00000000f9e00000) remset 0 code roots 0 marked 1 reclaim candidate 1 type array 1
[367.209s][debug][gc,humongous      ] GC(32993) Humongous region 339 (object size 1048592 @ 0x0000000095300000) remset 0 code roots 0 marked 1 reclaim candidate 1 type array 1
[367.209s][debug][gc,humongous      ] GC(32993) Humongous region 806 (object size 1048592 @ 0x00000000b2600000) remset 0 code roots 0 marked 1 reclaim candidate 1 type array 1
[367.209s][debug][gc,humongous      ] GC(32993) Humongous region 808 (object size 1048592 @ 0x00000000b2800000) remset 0 code roots 0 marked 1 reclaim candidate 1 type array 1
[367.209s][debug][gc,humongous      ] GC(32993) Humongous region 1286 (object size 1048592 @ 0x00000000d0600000) remset 0 code roots 0 marked 1 reclaim candidate 1 type array 1
[367.209s][debug][gc,humongous      ] GC(32993) Humongous region 812 (object size 1048592 @ 0x00000000b2c00000) remset 0 code roots 0 marked 1 reclaim candidate 1 type array 1
[367.209s][debug][gc,humongous      ] GC(32993) Humongous region 175 (object size 1048592 @ 0x000000008af00000) remset 0 code roots 0 marked 1 reclaim candidate 1 type array 1
[367.209s][debug][gc,humongous      ] GC(32993) Humongous region 814 (object size 1048592 @ 0x00000000b2e00000) remset 0 code roots 0 marked 1 reclaim candidate 1 type array 1
[367.209s][debug][gc,humongous      ] GC(32993) Humongous region 177 (object size 1048592 @ 0x000000008b100000) remset 0 code roots 0 marked 1 reclaim candidate 1 type array 1
[367.209s][debug][gc,humongous      ] GC(32993) Humongous region 816 (object size 1048592 @ 0x00000000b3000000) remset 0 code roots 0 marked 1 reclaim candidate 1 type array 1
[367.209s][debug][gc,humongous      ] GC(32993) Humongous region 179 (object size 1048592 @ 0x000000008b300000) remset 0 code roots 0 marked 1 reclaim candidate 1 type array 1
[367.209s][debug][gc,humongous      ] GC(32993) Humongous region 1627 (object size 1048592 @ 0x00000000e5b00000) remset 0 code roots 0 marked 1 reclaim candidate 1 type array 1
[367.209s][debug][gc,humongous      ] GC(32993) Humongous region 181 (object size 1048592 @ 0x000000008b500000) remset 0 code roots 0 marked 1 reclaim candidate 1 type array 1
[367.209s][debug][gc,humongous      ] GC(32993) Humongous region 1952 (object size 1048592 @ 0x00000000fa000000) remset 0 code roots 0 marked 1 reclaim candidate 1 type array 1
[367.209s][debug][gc,humongous      ] GC(32993) Humongous region 1455 (object size 1048592 @ 0x00000000daf00000) remset 0 code roots 0 marked 1 reclaim candidate 1 type array 1
[367.209s][debug][gc,humongous      ] GC(32993) Humongous region 341 (object size 1048592 @ 0x0000000095500000) remset 0 code roots 0 marked 1 reclaim candidate 1 type array 1
[367.209s][debug][gc,humongous      ] GC(32993) Humongous region 1457 (object size 1048592 @ 0x00000000db100000) remset 0 code roots 0 marked 1 reclaim candidate 1 type array 1
[367.209s][debug][gc,humongous      ] GC(32993) Humongous region 43 (object size 1048592 @ 0x0000000082b00000) remset 0 code roots 0 marked 1 reclaim candidate 1 type array 1
[367.209s][debug][gc,humongous      ] GC(32993) Humongous region 1459 (object size 1048592 @ 0x00000000db300000) remset 0 code roots 0 marked 1 reclaim candidate 1 type array 1
[367.209s][debug][gc,humongous      ] GC(32993) Humongous region 1461 (object size 1048592 @ 0x00000000db500000) remset 0 code roots 0 marked 1 reclaim candidate 1 type array 1
[367.209s][debug][gc,humongous      ] GC(32993) Humongous region 1131 (object size 1048592 @ 0x00000000c6b00000) remset 0 code roots 0 marked 1 reclaim candidate 1 type array 1
[367.209s][debug][gc,humongous      ] GC(32993) Humongous region 1463 (object size 1048592 @ 0x00000000db700000) remset 0 code roots 0 marked 1 reclaim candidate 1 type array 1
[367.209s][debug][gc,humongous      ] GC(32993) Humongous region 818 (object size 1048592 @ 0x00000000b3200000) remset 0 code roots 0 marked 1 reclaim candidate 1 type array 1
[367.209s][debug][gc,humongous      ] GC(32993) Humongous region 1133 (object size 1048592 @ 0x00000000c6d00000) remset 0 code roots 0 marked 1 reclaim candidate 1 type array 1
[367.209s][debug][gc,humongous      ] GC(32993) Humongous region 1629 (object size 1048592 @ 0x00000000e5d00000) remset 0 code roots 0 marked 1 reclaim candidate 1 type array 1
[367.209s][debug][gc,humongous      ] GC(32993) Humongous region 1135 (object size 1048592 @ 0x00000000c6f00000) remset 0 code roots 0 marked 1 reclaim candidate 1 type array 1
[367.209s][debug][gc,humongous      ] GC(32993) Humongous region 1631 (object size 1048592 @ 0x00000000e5f00000) remset 0 code roots 0 marked 1 reclaim candidate 1 type array 1
[367.209s][debug][gc,humongous      ] GC(32993) Humongous region 1288 (object size 1048592 @ 0x00000000d0800000) remset 0 code roots 0 marked 1 reclaim candidate 1 type array 1
[367.209s][debug][gc,humongous      ] GC(32993) Humongous region 343 (object size 1048592 @ 0x0000000095700000) remset 0 code roots 0 marked 1 reclaim candidate 1 type array 1
[367.209s][debug][gc,humongous      ] GC(32993) Humongous region 515 (object size 1048592 @ 0x00000000a0300000) remset 0 code roots 0 marked 1 reclaim candidate 1 type array 1
[367.209s][debug][gc,humongous      ] GC(32993) Humongous region 45 (object size 1048592 @ 0x0000000082d00000) remset 0 code roots 0 marked 1 reclaim candidate 1 type array 1
[367.209s][debug][gc,humongous      ] GC(32993) Humongous region 969 (object size 1048592 @ 0x00000000bc900000) remset 0 code roots 0 marked 1 reclaim candidate 1 type array 1
[367.209s][debug][gc,humongous      ] GC(32993) Humongous region 47 (object size 1048592 @ 0x0000000082f00000) remset 0 code roots 0 marked 1 reclaim candidate 1 type array 1
[367.209s][debug][gc,humongous      ] GC(32993) Humongous region 1465 (object size 1048592 @ 0x00000000db900000) remset 0 code roots 0 marked 1 reclaim candidate 1 type array 1
[367.209s][debug][gc,humongous      ] GC(32993) Humongous region 49 (object size 1048592 @ 0x0000000083100000) remset 0 code roots 0 marked 1 reclaim candidate 1 type array 1
[367.209s][debug][gc,humongous      ] GC(32993) Humongous region 1467 (object size 1048592 @ 0x00000000dbb00000) remset 0 code roots 0 marked 1 reclaim candidate 1 type array 1
[367.209s][debug][gc,humongous      ] GC(32993) Humongous region 820 (object size 1048592 @ 0x00000000b3400000) remset 0 code roots 0 marked 1 reclaim candidate 1 type array 1
[367.209s][debug][gc,humongous      ] GC(32993) Humongous region 1954 (object size 1048592 @ 0x00000000fa200000) remset 0 code roots 0 marked 1 reclaim candidate 1 type array 1
[367.209s][debug][gc,humongous      ] GC(32993) Humongous region 822 (object size 1048592 @ 0x00000000b3600000) remset 0 code roots 0 marked 1 reclaim candidate 1 type array 1
[367.209s][debug][gc,humongous      ] GC(32993) Humongous region 1633 (object size 1048592 @ 0x00000000e6100000) remset 0 code roots 0 marked 1 reclaim candidate 1 type array 1
[367.209s][debug][gc,humongous      ] GC(32993) Humongous region 1290 (object size 1048592 @ 0x00000000d0a00000) remset 0 code roots 0 marked 1 reclaim candidate 1 type array 1
[367.209s][debug][gc,humongous      ] GC(32993) Humongous region 345 (object size 1048592 @ 0x0000000095900000) remset 0 code roots 0 marked 1 reclaim candidate 1 type array 1
[367.209s][debug][gc,humongous      ] GC(32993) Humongous region 1635 (object size 1048592 @ 0x00000000e6300000) remset 0 code roots 0 marked 1 reclaim candidate 1 type array 1
[367.209s][debug][gc,humongous      ] GC(32993) Humongous region 665 (object size 1048592 @ 0x00000000a9900000) remset 0 code roots 0 marked 1 reclaim candidate 1 type array 1
[367.208s][debug][gc,humongous      ] GC(32993) Humongous region 1748 (object size 1048592 @ 0x00000000ed400000) remset 0 code roots 0 marked 1 reclaim candidate 1 type array 1
[367.209s][debug][gc,humongous      ] GC(32993) Humongous region 971 (object size 1048592 @ 0x00000000bcb00000) remset 0 code roots 0 marked 1 reclaim candidate 1 type array 1
[367.209s][debug][gc,humongous      ] GC(32993) Humongous region 183 (object size 1048592 @ 0x000000008b700000) remset 0 code roots 0 marked 0 reclaim candidate 1 type array 1
[367.209s][debug][gc,humongous      ] GC(32993) Humongous region 51 (object size 1048592 @ 0x0000000083300000) remset 0 code roots 0 marked 1 reclaim candidate 1 type array 1
[367.209s][debug][gc,humongous      ] GC(32993) Humongous region 185 (object size 1048592 @ 0x000000008b900000) remset 0 code roots 0 marked 1 reclaim candidate 1 type array 1
[367.209s][debug][gc,humongous      ] GC(32993) Humongous region 53 (object size 1048592 @ 0x0000000083500000) remset 0 code roots 0 marked 1 reclaim candidate 1 type array 1
[367.209s][debug][gc,humongous      ] GC(32993) Humongous region 187 (object size 1048592 @ 0x000000008bb00000) remset 0 code roots 0 marked 1 reclaim candidate 1 type array 1
[367.209s][debug][gc,humongous      ] GC(32993) Humongous region 824 (object size 1048592 @ 0x00000000b3800000) remset 0 code roots 0 marked 1 reclaim candidate 1 type array 1
[367.209s][debug][gc,humongous      ] GC(32993) Humongous region 517 (object size 1048592 @ 0x00000000a0500000) remset 0 code roots 0 marked 1 reclaim candidate 1 type array 1
[367.209s][debug][gc,humongous      ] GC(32993) Humongous region 826 (object size 1048592 @ 0x00000000b3a00000) remset 0 code roots 0 marked 1 reclaim candidate 1 type array 1
[367.209s][debug][gc,humongous      ] GC(32993) Humongous region 347 (object size 1048592 @ 0x0000000095b00000) remset 0 code roots 0 marked 1 reclaim candidate 1 type array 1
[367.209s][debug][gc,humongous      ] GC(32993) Humongous region 1637 (object size 1048592 @ 0x00000000e6500000) remset 0 code roots 0 marked 1 reclaim candidate 1 type array 1
[367.209s][debug][gc,humongous      ] GC(32993) Humongous region 1750 (object size 1048592 @ 0x00000000ed600000) remset 0 code roots 0 marked 1 reclaim candidate 1 type array 1
[367.210s][debug][gc,humongous      ] GC(32993) Humongous region 1752 (object size 1048592 @ 0x00000000ed800000) remset 0 code roots 0 marked 1 reclaim candidate 1 type array 1
[367.209s][debug][gc,humongous      ] GC(32993) Humongous region 1469 (object size 1048592 @ 0x00000000dbd00000) remset 0 code roots 0 marked 1 reclaim candidate 1 type array 1
[367.210s][debug][gc,humongous      ] GC(32993) Humongous region 1756 (object size 1048592 @ 0x00000000edc00000) remset 0 code roots 0 marked 1 reclaim candidate 1 type array 1
[367.209s][debug][gc,humongous      ] GC(32993) Humongous region 1137 (object size 1048592 @ 0x00000000c7100000) remset 0 code roots 0 marked 1 reclaim candidate 1 type array 1
[367.210s][debug][gc,humongous      ] GC(32993) Humongous region 1758 (object size 1048592 @ 0x00000000ede00000) remset 0 code roots 0 marked 1 reclaim candidate 1 type array 1
[367.209s][debug][gc,humongous      ] GC(32993) Humongous region 56 (object size 1048592 @ 0x0000000083800000) remset 0 code roots 0 marked 1 reclaim candidate 1 type array 1
[367.209s][debug][gc,humongous      ] GC(32993) Humongous region 189 (object size 1048592 @ 0x000000008bd00000) remset 0 code roots 0 marked 1 reclaim candidate 1 type array 1
[367.209s][debug][gc,humongous      ] GC(32993) Humongous region 1292 (object size 1048592 @ 0x00000000d0c00000) remset 0 code roots 0 marked 1 reclaim candidate 1 type array 1
[367.210s][debug][gc,humongous      ] GC(32993) Humongous region 520 (object size 1048592 @ 0x00000000a0800000) remset 0 code roots 0 marked 1 reclaim candidate 1 type array 1
[367.210s][debug][gc,humongous      ] GC(32993) Humongous region 1294 (object size 1048592 @ 0x00000000d0e00000) remset 0 code roots 0 marked 1 reclaim candidate 1 type array 1
[367.210s][debug][gc,humongous      ] GC(32993) Humongous region 522 (object size 1048592 @ 0x00000000a0a00000) remset 0 code roots 0 marked 1 reclaim candidate 1 type array 1
[367.210s][debug][gc,humongous      ] GC(32993) Humongous region 1296 (object size 1048592 @ 0x00000000d1000000) remset 0 code roots 0 marked 1 reclaim candidate 1 type array 1
[367.210s][debug][gc,humongous      ] GC(32993) Humongous region 524 (object size 1048592 @ 0x00000000a0c00000) remset 0 code roots 0 marked 1 reclaim candidate 1 type array 1
[367.210s][debug][gc,humongous      ] GC(32993) Humongous region 1298 (object size 1048592 @ 0x00000000d1200000) remset 0 code roots 0 marked 1 reclaim candidate 1 type array 1
[367.209s][debug][gc,humongous      ] GC(32993) Humongous region 1956 (object size 1048592 @ 0x00000000fa400000) remset 0 code roots 0 marked 1 reclaim candidate 1 type array 1
[367.210s][debug][gc,humongous      ] GC(32993) Humongous region 1300 (object size 1048592 @ 0x00000000d1400000) remset 0 code roots 0 marked 1 reclaim candidate 1 type array 1
[367.210s][debug][gc,humongous      ] GC(32993) Humongous region 1139 (object size 1048592 @ 0x00000000c7300000) remset 0 code roots 0 marked 1 reclaim candidate 1 type array 1
[367.210s][debug][gc,humongous      ] GC(32993) Humongous region 1760 (object size 1048592 @ 0x00000000ee000000) remset 0 code roots 0 marked 1 reclaim candidate 1 type array 1
[367.210s][debug][gc,humongous      ] GC(32993) Humongous region 58 (object size 1048592 @ 0x0000000083a00000) remset 0 code roots 0 marked 1 reclaim candidate 1 type array 1
[367.210s][debug][gc,humongous      ] GC(32993) Humongous region 191 (object size 1048592 @ 0x000000008bf00000) remset 0 code roots 0 marked 1 reclaim candidate 1 type array 1
[367.210s][debug][gc,humongous      ] GC(32993) Humongous region 828 (object size 1048592 @ 0x00000000b3c00000) remset 0 code roots 0 marked 1 reclaim candidate 1 type array 1
[367.209s][debug][gc,humongous      ] GC(32993) Humongous region 667 (object size 1048592 @ 0x00000000a9b00000) remset 0 code roots 0 marked 1 reclaim candidate 1 type array 1
[367.210s][debug][gc,humongous      ] GC(32993) Humongous region 1639 (object size 1048592 @ 0x00000000e6700000) remset 0 code roots 0 marked 1 reclaim candidate 1 type array 1
[367.210s][debug][gc,humongous      ] GC(32993) Humongous region 669 (object size 1048592 @ 0x00000000a9d00000) remset 0 code roots 0 marked 1 reclaim candidate 1 type array 1
[367.210s][debug][gc,humongous      ] GC(32993) Humongous region 1641 (object size 1048592 @ 0x00000000e6900000) remset 0 code roots 0 marked 1 reclaim candidate 1 type array 1
[367.210s][debug][gc,humongous      ] GC(32993) Humongous region 671 (object size 1048592 @ 0x00000000a9f00000) remset 0 code roots 0 marked 1 reclaim candidate 1 type array 1
[367.210s][debug][gc,humongous      ] GC(32993) Humongous region 1471 (object size 1048592 @ 0x00000000dbf00000) remset 0 code roots 0 marked 1 reclaim candidate 1 type array 1
[367.210s][debug][gc,humongous      ] GC(32993) Humongous region 1473 (object size 1048592 @ 0x00000000dc100000) remset 0 code roots 0 marked 1 reclaim candidate 1 type array 1
[367.210s][debug][gc,humongous      ] GC(32993) Humongous region 1141 (object size 1048592 @ 0x00000000c7500000) remset 0 code roots 0 marked 1 reclaim candidate 1 type array 1
[367.210s][debug][gc,humongous      ] GC(32993) Humongous region 1475 (object size 1048592 @ 0x00000000dc300000) remset 0 code roots 0 marked 1 reclaim candidate 1 type array 1
[367.210s][debug][gc,humongous      ] GC(32993) Humongous region 1762 (object size 1048592 @ 0x00000000ee200000) remset 0 code roots 0 marked 1 reclaim candidate 1 type array 1
[367.210s][debug][gc,humongous      ] GC(32993) Humongous region 1764 (object size 1048592 @ 0x00000000ee400000) remset 0 code roots 0 marked 1 reclaim candidate 1 type array 1
[367.210s][debug][gc,humongous      ] GC(32993) Humongous region 349 (object size 1048592 @ 0x0000000095d00000) remset 0 code roots 0 marked 1 reclaim candidate 1 type array 1
[367.210s][debug][gc,humongous      ] GC(32993) Humongous region 830 (object size 1048592 @ 0x00000000b3e00000) remset 0 code roots 0 marked 1 reclaim candidate 1 type array 1
[367.210s][debug][gc,humongous      ] GC(32993) Humongous region 351 (object size 1048592 @ 0x0000000095f00000) remset 0 code roots 0 marked 1 reclaim candidate 1 type array 1
[367.209s][debug][gc,humongous      ] GC(32993) Humongous region 973 (object size 1048592 @ 0x00000000bcd00000) remset 0 code roots 0 marked 1 reclaim candidate 1 type array 1
[367.210s][debug][gc,humongous      ] GC(32993) Humongous region 832 (object size 1048592 @ 0x00000000b4000000) remset 0 code roots 0 marked 1 reclaim candidate 1 type array 1
[367.210s][debug][gc,humongous      ] GC(32993) Humongous region 1643 (object size 1048592 @ 0x00000000e6b00000) remset 0 code roots 0 marked 1 reclaim candidate 1 type array 1
[367.210s][debug][gc,humongous      ] GC(32993) Humongous region 1958 (object size 1048592 @ 0x00000000fa600000) remset 0 code roots 0 marked 1 reclaim candidate 1 type array 1
[367.210s][debug][gc,humongous      ] GC(32993) Humongous region 1960 (object size 1048592 @ 0x00000000fa800000) remset 0 code roots 0 marked 1 reclaim candidate 1 type array 1
[367.210s][debug][gc,humongous      ] GC(32993) Humongous region 60 (object size 1048592 @ 0x0000000083c00000) remset 0 code roots 0 marked 1 reclaim candidate 1 type array 1
[367.210s][debug][gc,humongous      ] GC(32993) Humongous region 1962 (object size 1048592 @ 0x00000000faa00000) remset 0 code roots 0 marked 1 reclaim candidate 1 type array 1
[367.210s][debug][gc,humongous      ] GC(32993) Humongous region 1477 (object size 1048592 @ 0x00000000dc500000) remset 0 code roots 0 marked 1 reclaim candidate 1 type array 1
[367.210s][debug][gc,humongous      ] GC(32993) Humongous region 1964 (object size 1048592 @ 0x00000000fac00000) remset 0 code roots 0 marked 1 reclaim candidate 1 type array 1
[367.210s][debug][gc,humongous      ] GC(32993) Humongous region 1479 (object size 1048592 @ 0x00000000dc700000) remset 0 code roots 0 marked 1 reclaim candidate 1 type array 1
[367.210s][debug][gc,humongous      ] GC(32993) Humongous region 1966 (object size 1048592 @ 0x00000000fae00000) remset 0 code roots 0 marked 1 reclaim candidate 1 type array 1
[367.210s][debug][gc,humongous      ] GC(32993) Humongous region 1481 (object size 1048592 @ 0x00000000dc900000) remset 0 code roots 0 marked 1 reclaim candidate 1 type array 1
[367.210s][debug][gc,humongous      ] GC(32993) Humongous region 1968 (object size 1048592 @ 0x00000000fb000000) remset 0 code roots 0 marked 1 reclaim candidate 1 type array 1
[367.210s][debug][gc,humongous      ] GC(32993) Humongous region 975 (object size 1048592 @ 0x00000000bcf00000) remset 0 code roots 0 marked 1 reclaim candidate 1 type array 1
[367.210s][debug][gc,humongous      ] GC(32993) Humongous region 836 (object size 1048592 @ 0x00000000b4400000) remset 0 code roots 0 marked 1 reclaim candidate 1 type array 1
[367.210s][debug][gc,humongous      ] GC(32993) Humongous region 673 (object size 1048592 @ 0x00000000aa100000) remset 0 code roots 0 marked 1 reclaim candidate 1 type array 1
[367.210s][debug][gc,humongous      ] GC(32993) Humongous region 838 (object size 1048592 @ 0x00000000b4600000) remset 0 code roots 0 marked 1 reclaim candidate 1 type array 1
[367.210s][debug][gc,humongous      ] GC(32993) Humongous region 62 (object size 1048592 @ 0x0000000083e00000) remset 0 code roots 0 marked 1 reclaim candidate 1 type array 1
[367.210s][debug][gc,humongous      ] GC(32993) Humongous region 675 (object size 1048592 @ 0x00000000aa300000) remset 0 code roots 0 marked 1 reclaim candidate 1 type array 1
[367.210s][debug][gc,humongous      ] GC(32993) Humongous region 193 (object size 1048592 @ 0x000000008c100000) remset 0 code roots 0 marked 1 reclaim candidate 1 type array 1
[367.210s][debug][gc,humongous      ] GC(32993) Humongous region 677 (object size 1048592 @ 0x00000000aa500000) remset 0 code roots 0 marked 1 reclaim candidate 1 type array 1
[367.210s][debug][gc,humongous      ] GC(32993) Humongous region 195 (object size 1048592 @ 0x000000008c300000) remset 0 code roots 0 marked 1 reclaim candidate 1 type array 1
[367.210s][debug][gc,humongous      ] GC(32993) Humongous region 679 (object size 1048592 @ 0x00000000aa700000) remset 0 code roots 0 marked 1 reclaim candidate 1 type array 1
[367.210s][debug][gc,humongous      ] GC(32993) Humongous region 1483 (object size 1048592 @ 0x00000000dcb00000) remset 0 code roots 0 marked 1 reclaim candidate 1 type array 1
[367.210s][debug][gc,humongous      ] GC(32993) Humongous region 681 (object size 1048592 @ 0x00000000aa900000) remset 0 code roots 0 marked 1 reclaim candidate 1 type array 1
[367.210s][debug][gc,humongous      ] GC(32993) Humongous region 1143 (object size 1048592 @ 0x00000000c7700000) remset 0 code roots 0 marked 1 reclaim candidate 1 type array 1
[367.210s][debug][gc,humongous      ] GC(32993) Humongous region 683 (object size 1048592 @ 0x00000000aab00000) remset 0 code roots 0 marked 1 reclaim candidate 1 type array 1
[367.210s][debug][gc,humongous      ] GC(32993) Humongous region 1145 (object size 1048592 @ 0x00000000c7900000) remset 0 code roots 0 marked 1 reclaim candidate 1 type array 1
[367.210s][debug][gc,humongous      ] GC(32993) Humongous region 840 (object size 1048592 @ 0x00000000b4800000) remset 0 code roots 0 marked 1 reclaim candidate 1 type array 1
[367.210s][debug][gc,humongous      ] GC(32993) Humongous region 1147 (object size 1048592 @ 0x00000000c7b00000) remset 0 code roots 0 marked 1 reclaim candidate 1 type array 1
[367.210s][debug][gc,humongous      ] GC(32993) Humongous region 842 (object size 1048592 @ 0x00000000b4a00000) remset 0 code roots 0 marked 1 reclaim candidate 1 type array 1
[367.210s][debug][gc,humongous      ] GC(32993) Humongous region 1149 (object size 1048592 @ 0x00000000c7d00000) remset 0 code roots 0 marked 1 reclaim candidate 1 type array 1
[367.210s][debug][gc,humongous      ] GC(32993) Humongous region 844 (object size 1048592 @ 0x00000000b4c00000) remset 0 code roots 0 marked 1 reclaim candidate 1 type array 1
[367.210s][debug][gc,humongous      ] GC(32993) Humongous region 1151 (object size 1048592 @ 0x00000000c7f00000) remset 0 code roots 0 marked 1 reclaim candidate 1 type array 1
[367.210s][debug][gc,humongous      ] GC(32993) Humongous region 846 (object size 1048592 @ 0x00000000b4e00000) remset 0 code roots 0 marked 1 reclaim candidate 1 type array 1
[367.210s][debug][gc,humongous      ] GC(32993) Humongous region 1970 (object size 1048592 @ 0x00000000fb200000) remset 0 code roots 0 marked 1 reclaim candidate 1 type array 1
[367.210s][debug][gc,humongous      ] GC(32993) Humongous region 848 (object size 1048592 @ 0x00000000b5000000) remset 0 code roots 0 marked 1 reclaim candidate 1 type array 1
[367.210s][debug][gc,humongous      ] GC(32993) Humongous region 1972 (object size 1048592 @ 0x00000000fb400000) remset 0 code roots 0 marked 1 reclaim candidate 1 type array 1
[367.210s][debug][gc,humongous      ] GC(32993) Humongous region 850 (object size 1048592 @ 0x00000000b5200000) remset 0 code roots 0 marked 1 reclaim candidate 1 type array 1
[367.210s][debug][gc,humongous      ] GC(32993) Humongous region 1974 (object size 1048592 @ 0x00000000fb600000) remset 0 code roots 0 marked 1 reclaim candidate 1 type array 1
[367.210s][debug][gc,humongous      ] GC(32993) Humongous region 1302 (object size 1048592 @ 0x00000000d1600000) remset 0 code roots 0 marked 1 reclaim candidate 1 type array 1
[367.210s][debug][gc,humongous      ] GC(32993) Humongous region 1976 (object size 1048592 @ 0x00000000fb800000) remset 0 code roots 0 marked 1 reclaim candidate 1 type array 1
[367.210s][debug][gc,humongous      ] GC(32993) Humongous region 1304 (object size 1048592 @ 0x00000000d1800000) remset 0 code roots 0 marked 1 reclaim candidate 1 type array 1
[367.210s][debug][gc,humongous      ] GC(32993) Humongous region 353 (object size 1048592 @ 0x0000000096100000) remset 0 code roots 0 marked 1 reclaim candidate 1 type array 1
[367.210s][debug][gc,humongous      ] GC(32993) Humongous region 526 (object size 1048592 @ 0x00000000a0e00000) remset 0 code roots 0 marked 1 reclaim candidate 1 type array 1
[367.210s][debug][gc,humongous      ] GC(32993) Humongous region 197 (object size 1048592 @ 0x000000008c500000) remset 0 code roots 0 marked 1 reclaim candidate 1 type array 1
[367.210s][debug][gc,humongous      ] GC(32993) Humongous region 355 (object size 1048592 @ 0x0000000096300000) remset 0 code roots 0 marked 1 reclaim candidate 1 type array 1
[367.210s][debug][gc,humongous      ] GC(32993) Humongous region 978 (object size 1048592 @ 0x00000000bd200000) remset 0 code roots 0 marked 1 reclaim candidate 1 type array 1
[367.210s][debug][gc,humongous      ] GC(32993) Humongous region 1485 (object size 1048592 @ 0x00000000dcd00000) remset 0 code roots 0 marked 1 reclaim candidate 1 type array 1
[367.210s][debug][gc,humongous      ] GC(32993) Humongous region 357 (object size 1048592 @ 0x0000000096500000) remset 0 code roots 0 marked 1 reclaim candidate 1 type array 1
[367.210s][debug][gc,humongous      ] GC(32993) Humongous region 685 (object size 1048592 @ 0x00000000aad00000) remset 0 code roots 0 marked 1 reclaim candidate 1 type array 1
[367.211s][debug][gc,humongous      ] GC(32993) Humongous region 359 (object size 1048592 @ 0x0000000096700000) remset 0 code roots 0 marked 1 reclaim candidate 1 type array 1
[367.210s][debug][gc,humongous      ] GC(32993) Humongous region 64 (object size 1048592 @ 0x0000000084000000) remset 0 code roots 0 marked 0 reclaim candidate 1 type array 1
[367.210s][debug][gc,humongous      ] GC(32993) Humongous region 1766 (object size 1048592 @ 0x00000000ee600000) remset 0 code roots 0 marked 1 reclaim candidate 1 type array 1
[367.210s][debug][gc,humongous      ] GC(32993) Humongous region 1978 (object size 1048592 @ 0x00000000fba00000) remset 0 code roots 0 marked 1 reclaim candidate 1 type array 1
[367.210s][debug][gc,humongous      ] GC(32993) Humongous region 1307 (object size 1048592 @ 0x00000000d1b00000) remset 0 code roots 0 marked 1 reclaim candidate 1 type array 1
[367.211s][debug][gc,humongous      ] GC(32993) Humongous region 1980 (object size 1048592 @ 0x00000000fbc00000) remset 0 code roots 0 marked 1 reclaim candidate 1 type array 1
[367.211s][debug][gc,humongous      ] GC(32993) Humongous region 1309 (object size 1048592 @ 0x00000000d1d00000) remset 0 code roots 0 marked 1 reclaim candidate 1 type array 1
[367.210s][debug][gc,humongous      ] GC(32993) Humongous region 528 (object size 1048592 @ 0x00000000a1000000) remset 0 code roots 0 marked 1 reclaim candidate 1 type array 1
[367.210s][debug][gc,humongous      ] GC(32993) Humongous region 980 (object size 1048592 @ 0x00000000bd400000) remset 0 code roots 0 marked 1 reclaim candidate 1 type array 1
[367.211s][debug][gc,humongous      ] GC(32993) Humongous region 530 (object size 1048592 @ 0x00000000a1200000) remset 0 code roots 0 marked 1 reclaim candidate 1 type array 1
[367.211s][debug][gc,humongous      ] GC(32993) Humongous region 982 (object size 1048592 @ 0x00000000bd600000) remset 0 code roots 0 marked 1 reclaim candidate 1 type array 1
[367.211s][debug][gc,humongous      ] GC(32993) Humongous region 532 (object size 1048592 @ 0x00000000a1400000) remset 0 code roots 0 marked 1 reclaim candidate 1 type array 1
[367.210s][debug][gc,humongous      ] GC(32993) Humongous region 852 (object size 1048592 @ 0x00000000b5400000) remset 0 code roots 0 marked 1 reclaim candidate 1 type array 1
[367.211s][debug][gc,humongous      ] GC(32993) Humongous region 361 (object size 1048592 @ 0x0000000096900000) remset 0 code roots 0 marked 1 reclaim candidate 1 type array 1
[367.211s][debug][gc,humongous      ] GC(32993) Humongous region 854 (object size 1048592 @ 0x00000000b5600000) remset 0 code roots 0 marked 1 reclaim candidate 1 type array 1
[367.211s][debug][gc,humongous      ] GC(32993) Humongous region 363 (object size 1048592 @ 0x0000000096b00000) remset 0 code roots 0 marked 1 reclaim candidate 1 type array 1
[367.210s][debug][gc,humongous      ] GC(32993) Humongous region 199 (object size 1048592 @ 0x000000008c700000) remset 0 code roots 0 marked 1 reclaim candidate 1 type array 1
[367.210s][debug][gc,humongous      ] GC(32993) Humongous region 1153 (object size 1048592 @ 0x00000000c8100000) remset 0 code roots 0 marked 1 reclaim candidate 1 type array 1
[367.211s][debug][gc,humongous      ] GC(32993) Humongous region 1982 (object size 1048592 @ 0x00000000fbe00000) remset 0 code roots 0 marked 1 reclaim candidate 1 type array 1
[367.210s][debug][gc,humongous      ] GC(32993) Humongous region 1645 (object size 1048592 @ 0x00000000e6d00000) remset 0 code roots 0 marked 1 reclaim candidate 1 type array 1
[367.211s][debug][gc,humongous      ] GC(32993) Humongous region 1984 (object size 1048592 @ 0x00000000fc000000) remset 0 code roots 0 marked 1 reclaim candidate 1 type array 1
[367.211s][debug][gc,humongous      ] GC(32993) Humongous region 1487 (object size 1048592 @ 0x00000000dcf00000) remset 0 code roots 0 marked 1 reclaim candidate 1 type array 1
[367.211s][debug][gc,humongous      ] GC(32993) Humongous region 1986 (object size 1048592 @ 0x00000000fc200000) remset 0 code roots 0 marked 1 reclaim candidate 1 type array 1
[367.211s][debug][gc,humongous      ] GC(32993) Humongous region 984 (object size 1048592 @ 0x00000000bd800000) remset 0 code roots 0 marked 1 reclaim candidate 1 type array 1
[367.211s][debug][gc,humongous      ] GC(32993) Humongous region 66 (object size 1048592 @ 0x0000000084200000) remset 0 code roots 0 marked 1 reclaim candidate 1 type array 1
[367.211s][debug][gc,humongous      ] GC(32993) Humongous region 986 (object size 1048592 @ 0x00000000bda00000) remset 0 code roots 0 marked 1 reclaim candidate 1 type array 1
[367.211s][debug][gc,humongous      ] GC(32993) Humongous region 1768 (object size 1048592 @ 0x00000000ee800000) remset 0 code roots 0 marked 1 reclaim candidate 1 type array 1
[367.211s][debug][gc,humongous      ] GC(32993) Humongous region 856 (object size 1048592 @ 0x00000000b5800000) remset 0 code roots 0 marked 1 reclaim candidate 1 type array 1
[367.211s][debug][gc,humongous      ] GC(32993) Humongous region 365 (object size 1048592 @ 0x0000000096d00000) remset 0 code roots 0 marked 1 reclaim candidate 1 type array 1
[367.211s][debug][gc,humongous      ] GC(32993) Humongous region 1155 (object size 1048592 @ 0x00000000c8300000) remset 0 code roots 0 marked 1 reclaim candidate 1 type array 1
[367.211s][debug][gc,humongous      ] GC(32993) Humongous region 367 (object size 1048592 @ 0x0000000096f00000) remset 0 code roots 0 marked 1 reclaim candidate 1 type array 1
[367.211s][debug][gc,humongous      ] GC(32993) Humongous region 1311 (object size 1048592 @ 0x00000000d1f00000) remset 0 code roots 0 marked 1 reclaim candidate 1 type array 1
[367.211s][debug][gc,humongous      ] GC(32993) Humongous region 1157 (object size 1048592 @ 0x00000000c8500000) remset 0 code roots 0 marked 1 reclaim candidate 1 type array 1
[367.211s][debug][gc,humongous      ] GC(32993) Humongous region 1647 (object size 1048592 @ 0x00000000e6f00000) remset 0 code roots 0 marked 1 reclaim candidate 1 type array 1
[367.211s][debug][gc,humongous      ] GC(32993) Humongous region 1649 (object size 1048592 @ 0x00000000e7100000) remset 0 code roots 0 marked 1 reclaim candidate 1 type array 1
[367.211s][debug][gc,humongous      ] GC(32993) Humongous region 534 (object size 1048592 @ 0x00000000a1600000) remset 0 code roots 0 marked 1 reclaim candidate 1 type array 1
[367.211s][debug][gc,humongous      ] GC(32993) Humongous region 1651 (object size 1048592 @ 0x00000000e7300000) remset 0 code roots 0 marked 1 reclaim candidate 1 type array 1
[367.211s][debug][gc,humongous      ] GC(32993) Humongous region 1653 (object size 1048592 @ 0x00000000e7500000) remset 0 code roots 0 marked 1 reclaim candidate 1 type array 1
[367.211s][debug][gc,humongous      ] GC(32993) Humongous region 1655 (object size 1048592 @ 0x00000000e7700000) remset 0 code roots 0 marked 1 reclaim candidate 1 type array 1
[367.211s][debug][gc,humongous      ] GC(32993) Humongous region 858 (object size 1048592 @ 0x00000000b5a00000) remset 0 code roots 0 marked 1 reclaim candidate 1 type array 1
[367.211s][debug][gc,humongous      ] GC(32993) Humongous region 1657 (object size 1048592 @ 0x00000000e7900000) remset 0 code roots 0 marked 1 reclaim candidate 1 type array 1
[367.211s][debug][gc,humongous      ] GC(32993) Humongous region 860 (object size 1048592 @ 0x00000000b5c00000) remset 0 code roots 0 marked 1 reclaim candidate 1 type array 1
[367.211s][debug][gc,humongous      ] GC(32993) Humongous region 1661 (object size 1048592 @ 0x00000000e7d00000) remset 0 code roots 0 marked 1 reclaim candidate 1 type array 1
[367.211s][debug][gc,humongous      ] GC(32993) Humongous region 862 (object size 1048592 @ 0x00000000b5e00000) remset 0 code roots 0 marked 1 reclaim candidate 1 type array 1
[367.211s][debug][gc,humongous      ] GC(32993) Humongous region 1663 (object size 1048592 @ 0x00000000e7f00000) remset 0 code roots 0 marked 1 reclaim candidate 1 type array 1
[367.211s][debug][gc,humongous      ] GC(32993) Humongous region 865 (object size 1048592 @ 0x00000000b6100000) remset 0 code roots 0 marked 1 reclaim candidate 1 type array 1
[367.211s][debug][gc,humongous      ] GC(32993) Humongous region 1665 (object size 1048592 @ 0x00000000e8100000) remset 0 code roots 0 marked 1 reclaim candidate 1 type array 1
[367.211s][debug][gc,humongous      ] GC(32993) Humongous region 867 (object size 1048592 @ 0x00000000b6300000) remset 0 code roots 0 marked 1 reclaim candidate 1 type array 1
[367.211s][debug][gc,humongous      ] GC(32993) Humongous region 1667 (object size 1048592 @ 0x00000000e8300000) remset 0 code roots 0 marked 1 reclaim candidate 1 type array 1
[367.211s][debug][gc,humongous      ] GC(32993) Humongous region 869 (object size 1048592 @ 0x00000000b6500000) remset 0 code roots 0 marked 1 reclaim candidate 1 type array 1
[367.211s][debug][gc,humongous      ] GC(32993) Humongous region 1669 (object size 1048592 @ 0x00000000e8500000) remset 0 code roots 0 marked 1 reclaim candidate 1 type array 1
[367.211s][debug][gc,humongous      ] GC(32993) Humongous region 871 (object size 1048592 @ 0x00000000b6700000) remset 0 code roots 0 marked 1 reclaim candidate 1 type array 1
[367.211s][debug][gc,humongous      ] GC(32993) Humongous region 369 (object size 1048592 @ 0x0000000097100000) remset 0 code roots 0 marked 1 reclaim candidate 1 type array 1
[367.211s][debug][gc,humongous      ] GC(32993) Humongous region 873 (object size 1048592 @ 0x00000000b6900000) remset 0 code roots 0 marked 1 reclaim candidate 1 type array 1
[367.211s][debug][gc,humongous      ] GC(32993) Humongous region 371 (object size 1048592 @ 0x0000000097300000) remset 0 code roots 0 marked 1 reclaim candidate 1 type array 1
[367.211s][debug][gc,humongous      ] GC(32993) Humongous region 875 (object size 1048592 @ 0x00000000b6b00000) remset 0 code roots 0 marked 1 reclaim candidate 1 type array 1
[367.211s][debug][gc,humongous      ] GC(32993) Humongous region 1489 (object size 1048592 @ 0x00000000dd100000) remset 0 code roots 0 marked 1 reclaim candidate 1 type array 1
[367.211s][debug][gc,humongous      ] GC(32993) Humongous region 877 (object size 1048592 @ 0x00000000b6d00000) remset 0 code roots 0 marked 1 reclaim candidate 1 type array 1
[367.211s][debug][gc,humongous      ] GC(32993) Humongous region 536 (object size 1048592 @ 0x00000000a1800000) remset 0 code roots 0 marked 1 reclaim candidate 1 type array 1
[367.211s][debug][gc,humongous      ] GC(32993) Humongous region 988 (object size 1048592 @ 0x00000000bdc00000) remset 0 code roots 0 marked 1 reclaim candidate 1 type array 1
[367.211s][debug][gc,humongous      ] GC(32993) Humongous region 1770 (object size 1048592 @ 0x00000000eea00000) remset 0 code roots 0 marked 1 reclaim candidate 1 type array 1
[367.211s][debug][gc,humongous      ] GC(32993) Humongous region 201 (object size 1048592 @ 0x000000008c900000) remset 0 code roots 0 marked 1 reclaim candidate 1 type array 1
[367.211s][debug][gc,humongous      ] GC(32993) Humongous region 1772 (object size 1048592 @ 0x00000000eec00000) remset 0 code roots 0 marked 1 reclaim candidate 1 type array 1
[367.211s][debug][gc,humongous      ] GC(32993) Humongous region 1774 (object size 1048592 @ 0x00000000eee00000) remset 0 code roots 0 marked 1 reclaim candidate 1 type array 1
[367.211s][debug][gc,humongous      ] GC(32993) Humongous region 203 (object size 1048592 @ 0x000000008cb00000) remset 0 code roots 0 marked 1 reclaim candidate 1 type array 1
[367.211s][debug][gc,humongous      ] GC(32993) Humongous region 1776 (object size 1048592 @ 0x00000000ef000000) remset 0 code roots 0 marked 1 reclaim candidate 1 type array 1
[367.211s][debug][gc,humongous      ] GC(32993) Humongous region 687 (object size 1048592 @ 0x00000000aaf00000) remset 0 code roots 0 marked 1 reclaim candidate 1 type array 1
[367.211s][debug][gc,humongous      ] GC(32993) Humongous region 68 (object size 1048592 @ 0x0000000084400000) remset 0 code roots 0 marked 1 reclaim candidate 1 type array 1
[367.211s][debug][gc,humongous      ] GC(32993) Humongous region 689 (object size 1048592 @ 0x00000000ab100000) remset 0 code roots 0 marked 1 reclaim candidate 1 type array 1
[367.211s][debug][gc,humongous      ] GC(32993) Humongous region 1491 (object size 1048592 @ 0x00000000dd300000) remset 0 code roots 0 marked 1 reclaim candidate 1 type array 1
[367.211s][debug][gc,humongous      ] GC(32993) Humongous region 691 (object size 1048592 @ 0x00000000ab300000) remset 0 code roots 0 marked 1 reclaim candidate 1 type array 1
[367.211s][debug][gc,humongous      ] GC(32993) Humongous region 538 (object size 1048592 @ 0x00000000a1a00000) remset 0 code roots 0 marked 1 reclaim candidate 1 type array 1
[367.211s][debug][gc,humongous      ] GC(32993) Humongous region 540 (object size 1048592 @ 0x00000000a1c00000) remset 0 code roots 0 marked 1 reclaim candidate 1 type array 1
[367.211s][debug][gc,humongous      ] GC(32993) Humongous region 1672 (object size 1048592 @ 0x00000000e8800000) remset 0 code roots 0 marked 1 reclaim candidate 1 type array 1
[367.211s][debug][gc,humongous      ] GC(32993) Humongous region 542 (object size 1048592 @ 0x00000000a1e00000) remset 0 code roots 0 marked 1 reclaim candidate 1 type array 1
[367.211s][debug][gc,humongous      ] GC(32993) Humongous region 1674 (object size 1048592 @ 0x00000000e8a00000) remset 0 code roots 0 marked 1 reclaim candidate 1 type array 1
[367.211s][debug][gc,humongous      ] GC(32993) Humongous region 544 (object size 1048592 @ 0x00000000a2000000) remset 0 code roots 0 marked 1 reclaim candidate 1 type array 1
[367.211s][debug][gc,humongous      ] GC(32993) Humongous region 1778 (object size 1048592 @ 0x00000000ef200000) remset 0 code roots 0 marked 1 reclaim candidate 1 type array 1
[367.211s][debug][gc,humongous      ] GC(32993) Humongous region 546 (object size 1048592 @ 0x00000000a2200000) remset 0 code roots 0 marked 1 reclaim candidate 1 type array 1
[367.211s][debug][gc,humongous      ] GC(32993) Humongous region 70 (object size 1048592 @ 0x0000000084600000) remset 0 code roots 0 marked 0 reclaim candidate 1 type array 1
[367.211s][debug][gc,humongous      ] GC(32993) Humongous region 879 (object size 1048592 @ 0x00000000b6f00000) remset 0 code roots 0 marked 1 reclaim candidate 1 type array 1
[367.211s][debug][gc,humongous      ] GC(32993) Humongous region 693 (object size 1048592 @ 0x00000000ab500000) remset 0 code roots 0 marked 1 reclaim candidate 1 type array 1
[367.211s][debug][gc,humongous      ] GC(32993) Humongous region 72 (object size 1048592 @ 0x0000000084800000) remset 0 code roots 0 marked 1 reclaim candidate 1 type array 1
[367.211s][debug][gc,humongous      ] GC(32993) Humongous region 1313 (object size 1048592 @ 0x00000000d2100000) remset 0 code roots 0 marked 1 reclaim candidate 1 type array 1
[367.211s][debug][gc,humongous      ] GC(32993) Humongous region 74 (object size 1048592 @ 0x0000000084a00000) remset 0 code roots 0 marked 1 reclaim candidate 1 type array 1
[367.211s][debug][gc,humongous      ] GC(32993) Humongous region 1315 (object size 1048592 @ 0x00000000d2300000) remset 0 code roots 0 marked 1 reclaim candidate 1 type array 1
[367.211s][debug][gc,humongous      ] GC(32993) Humongous region 1159 (object size 1048592 @ 0x00000000c8700000) remset 0 code roots 0 marked 1 reclaim candidate 1 type array 1
[367.211s][debug][gc,humongous      ] GC(32993) Humongous region 1317 (object size 1048592 @ 0x00000000d2500000) remset 0 code roots 0 marked 1 reclaim candidate 1 type array 1
[367.211s][debug][gc,humongous      ] GC(32993) Humongous region 1161 (object size 1048592 @ 0x00000000c8900000) remset 0 code roots 0 marked 1 reclaim candidate 1 type array 1
[367.211s][debug][gc,humongous      ] GC(32993) Humongous region 1163 (object size 1048592 @ 0x00000000c8b00000) remset 0 code roots 0 marked 1 reclaim candidate 1 type array 1
[367.211s][debug][gc,humongous      ] GC(32993) Humongous region 1319 (object size 1048592 @ 0x00000000d2700000) remset 0 code roots 0 marked 1 reclaim candidate 1 type array 1
[367.211s][debug][gc,humongous      ] GC(32993) Humongous region 548 (object size 1048592 @ 0x00000000a2400000) remset 0 code roots 0 marked 1 reclaim candidate 1 type array 1
[367.211s][debug][gc,humongous      ] GC(32993) Humongous region 1165 (object size 1048592 @ 0x00000000c8d00000) remset 0 code roots 0 marked 1 reclaim candidate 1 type array 1
[367.211s][debug][gc,humongous      ] GC(32993) Humongous region 1321 (object size 1048592 @ 0x00000000d2900000) remset 0 code roots 0 marked 1 reclaim candidate 1 type array 1
[367.211s][debug][gc,humongous      ] GC(32993) Humongous region 550 (object size 1048592 @ 0x00000000a2600000) remset 0 code roots 0 marked 1 reclaim candidate 1 type array 1
[367.211s][debug][gc,humongous      ] GC(32993) Humongous region 990 (object size 1048592 @ 0x00000000bde00000) remset 0 code roots 0 marked 1 reclaim candidate 1 type array 1
[367.211s][debug][gc,humongous      ] GC(32993) Humongous region 1988 (object size 1048592 @ 0x00000000fc400000) remset 0 code roots 0 marked 1 reclaim candidate 1 type array 1
[367.212s][debug][gc,humongous      ] GC(32993) Humongous region 1992 (object size 1048592 @ 0x00000000fc800000) remset 0 code roots 0 marked 1 reclaim candidate 1 type array 1
[367.211s][debug][gc,humongous      ] GC(32993) Humongous region 373 (object size 1048592 @ 0x0000000097500000) remset 0 code roots 0 marked 1 reclaim candidate 1 type array 1
[367.212s][debug][gc,humongous      ] GC(32993) Humongous region 1995 (object size 1048592 @ 0x00000000fcb00000) remset 0 code roots 0 marked 1 reclaim candidate 1 type array 1
[367.212s][debug][gc,humongous      ] GC(32993) Humongous region 375 (object size 1048592 @ 0x0000000097700000) remset 0 code roots 0 marked 1 reclaim candidate 1 type array 1
[367.212s][debug][gc,humongous      ] GC(32993) Humongous region 1997 (object size 1048592 @ 0x00000000fcd00000) remset 0 code roots 0 marked 1 reclaim candidate 1 type array 1
[367.211s][debug][gc,humongous      ] GC(32993) Humongous region 881 (object size 1048592 @ 0x00000000b7100000) remset 0 code roots 0 marked 1 reclaim candidate 1 type array 1
[367.212s][debug][gc,humongous      ] GC(32993) Humongous region 1167 (object size 1048592 @ 0x00000000c8f00000) remset 0 code roots 0 marked 1 reclaim candidate 1 type array 1
[367.212s][debug][gc,humongous      ] GC(32993) Humongous region 1323 (object size 1048592 @ 0x00000000d2b00000) remset 0 code roots 0 marked 1 reclaim candidate 1 type array 1
[367.212s][debug][gc,humongous      ] GC(32993) Humongous region 1169 (object size 1048592 @ 0x00000000c9100000) remset 0 code roots 0 marked 1 reclaim candidate 1 type array 1
[367.212s][debug][gc,humongous      ] GC(32993) Humongous region 554 (object size 1048592 @ 0x00000000a2a00000) remset 0 code roots 0 marked 1 reclaim candidate 1 type array 1
[367.212s][debug][gc,humongous      ] GC(32993) Humongous region 1325 (object size 1048592 @ 0x00000000d2d00000) remset 0 code roots 0 marked 1 reclaim candidate 1 type array 1
[367.212s][debug][gc,humongous      ] GC(32993) Humongous region 556 (object size 1048592 @ 0x00000000a2c00000) remset 0 code roots 0 marked 1 reclaim candidate 1 type array 1
[367.212s][debug][gc,humongous      ] GC(32993) Humongous region 558 (object size 1048592 @ 0x00000000a2e00000) remset 0 code roots 0 marked 1 reclaim candidate 1 type array 1
[367.211s][debug][gc,humongous      ] GC(32993) Humongous region 1780 (object size 1048592 @ 0x00000000ef400000) remset 0 code roots 0 marked 1 reclaim candidate 1 type array 1
[367.212s][debug][gc,humongous      ] GC(32993) Humongous region 560 (object size 1048592 @ 0x00000000a3000000) remset 0 code roots 0 marked 1 reclaim candidate 1 type array 1
[367.212s][debug][gc,humongous      ] GC(32993) Humongous region 377 (object size 1048592 @ 0x0000000097900000) remset 0 code roots 0 marked 1 reclaim candidate 1 type array 1
[367.211s][debug][gc,humongous      ] GC(32993) Humongous region 695 (object size 1048592 @ 0x00000000ab700000) remset 0 code roots 0 marked 1 reclaim candidate 1 type array 1
[367.212s][debug][gc,humongous      ] GC(32993) Humongous region 883 (object size 1048592 @ 0x00000000b7300000) remset 0 code roots 0 marked 1 reclaim candidate 1 type array 1
[367.212s][debug][gc,humongous      ] GC(32993) Humongous region 379 (object size 1048592 @ 0x0000000097b00000) remset 0 code roots 0 marked 1 reclaim candidate 1 type array 1
[367.211s][debug][gc,humongous      ] GC(32993) Humongous region 205 (object size 1048592 @ 0x000000008cd00000) remset 0 code roots 0 marked 1 reclaim candidate 1 type array 1
[367.212s][debug][gc,humongous      ] GC(32993) Humongous region 1171 (object size 1048592 @ 0x00000000c9300000) remset 0 code roots 0 marked 1 reclaim candidate 1 type array 1
[367.212s][debug][gc,humongous      ] GC(32993) Humongous region 1173 (object size 1048592 @ 0x00000000c9500000) remset 0 code roots 0 marked 1 reclaim candidate 1 type array 1
[367.212s][debug][gc,humongous      ] GC(32993) Humongous region 1175 (object size 1048592 @ 0x00000000c9700000) remset 0 code roots 0 marked 1 reclaim candidate 1 type array 1
[367.211s][debug][gc,humongous      ] GC(32993) Humongous region 1676 (object size 1048592 @ 0x00000000e8c00000) remset 0 code roots 0 marked 1 reclaim candidate 1 type array 1
[367.212s][debug][gc,humongous      ] GC(32993) Humongous region 1177 (object size 1048592 @ 0x00000000c9900000) remset 0 code roots 0 marked 1 reclaim candidate 1 type array 1
[367.212s][debug][gc,humongous      ] GC(32993) Humongous region 1678 (object size 1048592 @ 0x00000000e8e00000) remset 0 code roots 0 marked 1 reclaim candidate 1 type array 1
[367.212s][debug][gc,humongous      ] GC(32993) Humongous region 1179 (object size 1048592 @ 0x00000000c9b00000) remset 0 code roots 0 marked 1 reclaim candidate 1 type array 1
[367.212s][debug][gc,humongous      ] GC(32993) Humongous region 1680 (object size 1048592 @ 0x00000000e9000000) remset 0 code roots 0 marked 1 reclaim candidate 1 type array 1
[367.212s][debug][gc,humongous      ] GC(32993) Humongous region 1181 (object size 1048592 @ 0x00000000c9d00000) remset 0 code roots 0 marked 1 reclaim candidate 1 type array 1
[367.212s][debug][gc,humongous      ] GC(32993) Humongous region 1682 (object size 1048592 @ 0x00000000e9200000) remset 0 code roots 0 marked 1 reclaim candidate 1 type array 1
[367.212s][debug][gc,humongous      ] GC(32993) Humongous region 1183 (object size 1048592 @ 0x00000000c9f00000) remset 0 code roots 0 marked 1 reclaim candidate 1 type array 1
[367.212s][debug][gc,humongous      ] GC(32993) Humongous region 381 (object size 1048592 @ 0x0000000097d00000) remset 0 code roots 0 marked 1 reclaim candidate 1 type array 1
[367.212s][debug][gc,humongous      ] GC(32993) Humongous region 1684 (object size 1048592 @ 0x00000000e9400000) remset 0 code roots 0 marked 1 reclaim candidate 1 type array 1
[367.212s][debug][gc,humongous      ] GC(32993) Humongous region 992 (object size 1048592 @ 0x00000000be000000) remset 0 code roots 0 marked 1 reclaim candidate 1 type array 1
[367.212s][debug][gc,humongous      ] GC(32993) Humongous region 994 (object size 1048592 @ 0x00000000be200000) remset 0 code roots 0 marked 1 reclaim candidate 1 type array 1
[367.212s][debug][gc,humongous      ] GC(32993) Humongous region 1686 (object size 1048592 @ 0x00000000e9600000) remset 0 code roots 0 marked 1 reclaim candidate 1 type array 1
[367.212s][debug][gc,humongous      ] GC(32993) Humongous region 1782 (object size 1048592 @ 0x00000000ef600000) remset 0 code roots 0 marked 1 reclaim candidate 1 type array 1
[367.212s][debug][gc,humongous      ] GC(32993) Humongous region 1688 (object size 1048592 @ 0x00000000e9800000) remset 0 code roots 0 marked 1 reclaim candidate 1 type array 1
[367.212s][debug][gc,humongous      ] GC(32993) Humongous region 1327 (object size 1048592 @ 0x00000000d2f00000) remset 0 code roots 0 marked 1 reclaim candidate 1 type array 1
[367.212s][debug][gc,humongous      ] GC(32993) Humongous region 1690 (object size 1048592 @ 0x00000000e9a00000) remset 0 code roots 0 marked 1 reclaim candidate 1 type array 1
[367.212s][debug][gc,humongous      ] GC(32993) Humongous region 1329 (object size 1048592 @ 0x00000000d3100000) remset 0 code roots 0 marked 1 reclaim candidate 1 type array 1
[367.212s][debug][gc,humongous      ] GC(32993) Humongous region 207 (object size 1048592 @ 0x000000008cf00000) remset 0 code roots 0 marked 1 reclaim candidate 1 type array 1
[367.212s][debug][gc,humongous      ] GC(32993) Humongous region 1331 (object size 1048592 @ 0x00000000d3300000) remset 0 code roots 0 marked 1 reclaim candidate 1 type array 1
[367.212s][debug][gc,humongous      ] GC(32993) Humongous region 1185 (object size 1048592 @ 0x00000000ca100000) remset 0 code roots 0 marked 1 reclaim candidate 1 type array 1
[367.212s][debug][gc,humongous      ] GC(32993) Humongous region 383 (object size 1048592 @ 0x0000000097f00000) remset 0 code roots 0 marked 1 reclaim candidate 1 type array 1
[367.212s][debug][gc,humongous      ] GC(32993) Humongous region 697 (object size 1048592 @ 0x00000000ab900000) remset 0 code roots 0 marked 1 reclaim candidate 1 type array 1
[367.212s][debug][gc,humongous      ] GC(32993) Humongous region 996 (object size 1048592 @ 0x00000000be400000) remset 0 code roots 0 marked 1 reclaim candidate 1 type array 1
[367.212s][debug][gc,humongous      ] GC(32993) Humongous region 2001 (object size 1048592 @ 0x00000000fd100000) remset 0 code roots 0 marked 1 reclaim candidate 1 type array 1
[367.212s][debug][gc,humongous      ] GC(32993) Humongous region 998 (object size 1048592 @ 0x00000000be600000) remset 0 code roots 0 marked 1 reclaim candidate 1 type array 1
[367.212s][debug][gc,humongous      ] GC(32993) Humongous region 1784 (object size 1048592 @ 0x00000000ef800000) remset 0 code roots 0 marked 1 reclaim candidate 1 type array 1
[367.212s][debug][gc,humongous      ] GC(32993) Humongous region 1000 (object size 1048592 @ 0x00000000be800000) remset 0 code roots 0 marked 1 reclaim candidate 1 type array 1
[367.212s][debug][gc,humongous      ] GC(32993) Humongous region 2005 (object size 1048592 @ 0x00000000fd500000) remset 0 code roots 0 marked 1 reclaim candidate 1 type array 1
[367.211s][debug][gc,humongous      ] GC(32993) Humongous region 1493 (object size 1048592 @ 0x00000000dd500000) remset 0 code roots 0 marked 1 reclaim candidate 1 type array 1
[367.212s][debug][gc,humongous      ] GC(32993) Humongous region 2007 (object size 1048592 @ 0x00000000fd700000) remset 0 code roots 0 marked 1 reclaim candidate 1 type array 1
[367.211s][debug][gc,humongous      ] GC(32993) Humongous region 76 (object size 1048592 @ 0x0000000084c00000) remset 0 code roots 0 marked 1 reclaim candidate 1 type array 1
[367.212s][debug][gc,humongous      ] GC(32993) Humongous region 1333 (object size 1048592 @ 0x00000000d3500000) remset 0 code roots 0 marked 1 reclaim candidate 1 type array 1
[367.212s][debug][gc,humongous      ] GC(32993) Humongous region 78 (object size 1048592 @ 0x0000000084e00000) remset 0 code roots 0 marked 1 reclaim candidate 1 type array 1
[367.212s][debug][gc,humongous      ] GC(32993) Humongous region 385 (object size 1048592 @ 0x0000000098100000) remset 0 code roots 0 marked 1 reclaim candidate 1 type array 1
[367.212s][debug][gc,humongous      ] GC(32993) Humongous region 699 (object size 1048592 @ 0x00000000abb00000) remset 0 code roots 0 marked 1 reclaim candidate 1 type array 1
[367.212s][debug][gc,humongous      ] GC(32993) Humongous region 387 (object size 1048592 @ 0x0000000098300000) remset 0 code roots 0 marked 1 reclaim candidate 1 type array 1
[367.212s][debug][gc,humongous      ] GC(32993) Humongous region 1786 (object size 1048592 @ 0x00000000efa00000) remset 0 code roots 0 marked 1 reclaim candidate 1 type array 1
[367.212s][debug][gc,humongous      ] GC(32993) Humongous region 1788 (object size 1048592 @ 0x00000000efc00000) remset 0 code roots 0 marked 1 reclaim candidate 1 type array 1
[367.212s][debug][gc,humongous      ] GC(32993) Humongous region 1790 (object size 1048592 @ 0x00000000efe00000) remset 0 code roots 0 marked 1 reclaim candidate 1 type array 1
[367.212s][debug][gc,humongous      ] GC(32993) Humongous region 1792 (object size 1048592 @ 0x00000000f0000000) remset 0 code roots 0 marked 1 reclaim candidate 1 type array 1
[367.212s][debug][gc,humongous      ] GC(32993) Humongous region 1187 (object size 1048592 @ 0x00000000ca300000) remset 0 code roots 0 marked 1 reclaim candidate 1 type array 1
[367.212s][debug][gc,humongous      ] GC(32993) Humongous region 1794 (object size 1048592 @ 0x00000000f0200000) remset 0 code roots 0 marked 1 reclaim candidate 1 type array 1
[367.212s][debug][gc,humongous      ] GC(32993) Humongous region 1495 (object size 1048592 @ 0x00000000dd700000) remset 0 code roots 0 marked 1 reclaim candidate 1 type array 1
[367.212s][debug][gc,humongous      ] GC(32993) Humongous region 1692 (object size 1048592 @ 0x00000000e9c00000) remset 0 code roots 0 marked 1 reclaim candidate 1 type array 1
[367.212s][debug][gc,humongous      ] GC(32993) Humongous region 1796 (object size 1048592 @ 0x00000000f0400000) remset 0 code roots 0 marked 1 reclaim candidate 1 type array 1
[367.212s][debug][gc,humongous      ] GC(32993) Humongous region 1694 (object size 1048592 @ 0x00000000e9e00000) remset 0 code roots 0 marked 1 reclaim candidate 1 type array 1
[367.212s][debug][gc,humongous      ] GC(32993) Humongous region 562 (object size 1048592 @ 0x00000000a3200000) remset 0 code roots 0 marked 1 reclaim candidate 1 type array 1
[367.212s][debug][gc,humongous      ] GC(32993) Humongous region 1696 (object size 1048592 @ 0x00000000ea000000) remset 0 code roots 0 marked 1 reclaim candidate 1 type array 1
[367.212s][debug][gc,humongous      ] GC(32993) Humongous region 389 (object size 1048592 @ 0x0000000098500000) remset 0 code roots 0 marked 1 reclaim candidate 1 type array 1
[367.212s][debug][gc,humongous      ] GC(32993) Humongous region 564 (object size 1048592 @ 0x00000000a3400000) remset 0 code roots 0 marked 1 reclaim candidate 1 type array 1
[367.212s][debug][gc,humongous      ] GC(32993) Humongous region 1002 (object size 1048592 @ 0x00000000bea00000) remset 0 code roots 0 marked 1 reclaim candidate 1 type array 1
[367.212s][debug][gc,humongous      ] GC(32993) Humongous region 566 (object size 1048592 @ 0x00000000a3600000) remset 0 code roots 0 marked 1 reclaim candidate 1 type array 1
[367.212s][debug][gc,humongous      ] GC(32993) Humongous region 2009 (object size 1048592 @ 0x00000000fd900000) remset 0 code roots 0 marked 1 reclaim candidate 1 type array 1
[367.212s][debug][gc,humongous      ] GC(32993) Humongous region 1189 (object size 1048592 @ 0x00000000ca500000) remset 0 code roots 0 marked 1 reclaim candidate 1 type array 1
[367.212s][debug][gc,humongous      ] GC(32993) Humongous region 2011 (object size 1048592 @ 0x00000000fdb00000) remset 0 code roots 0 marked 1 reclaim candidate 1 type array 1
[367.212s][debug][gc,humongous      ] GC(32993) Humongous region 80 (object size 1048592 @ 0x0000000085000000) remset 0 code roots 0 marked 1 reclaim candidate 1 type array 1
[367.212s][debug][gc,humongous      ] GC(32993) Humongous region 1335 (object size 1048592 @ 0x00000000d3700000) remset 0 code roots 0 marked 1 reclaim candidate 1 type array 1
[367.212s][debug][gc,humongous      ] GC(32993) Humongous region 701 (object size 1048592 @ 0x00000000abd00000) remset 0 code roots 0 marked 1 reclaim candidate 1 type array 1
[367.212s][debug][gc,humongous      ] GC(32993) Humongous region 1337 (object size 1048592 @ 0x00000000d3900000) remset 0 code roots 0 marked 1 reclaim candidate 1 type array 1
[367.212s][debug][gc,humongous      ] GC(32993) Humongous region 391 (object size 1048592 @ 0x0000000098700000) remset 0 code roots 0 marked 1 reclaim candidate 1 type array 1
[367.213s][debug][gc,humongous      ] GC(32993) Humongous region 703 (object size 1048592 @ 0x00000000abf00000) remset 0 code roots 0 marked 1 reclaim candidate 1 type array 1
[367.213s][debug][gc,humongous      ] GC(32993) Humongous region 705 (object size 1048592 @ 0x00000000ac100000) remset 0 code roots 0 marked 1 reclaim candidate 1 type array 1
[367.213s][debug][gc,humongous      ] GC(32993) Humongous region 393 (object size 1048592 @ 0x0000000098900000) remset 0 code roots 0 marked 1 reclaim candidate 1 type array 1
[367.212s][debug][gc,humongous      ] GC(32993) Humongous region 885 (object size 1048592 @ 0x00000000b7500000) remset 0 code roots 0 marked 1 reclaim candidate 1 type array 1
[367.212s][debug][gc,humongous      ] GC(32993) Humongous region 1798 (object size 1048592 @ 0x00000000f0600000) remset 0 code roots 0 marked 1 reclaim candidate 1 type array 1
[367.212s][debug][gc,humongous      ] GC(32993) Humongous region 1497 (object size 1048592 @ 0x00000000dd900000) remset 0 code roots 0 marked 1 reclaim candidate 1 type array 1
[367.213s][debug][gc,humongous      ] GC(32993) Humongous region 1800 (object size 1048592 @ 0x00000000f0800000) remset 0 code roots 0 marked 1 reclaim candidate 1 type array 1
[367.213s][debug][gc,humongous      ] GC(32993) Humongous region 1499 (object size 1048592 @ 0x00000000ddb00000) remset 0 code roots 0 marked 1 reclaim candidate 1 type array 1
[367.212s][debug][gc,humongous      ] GC(32993) Humongous region 82 (object size 1048592 @ 0x0000000085200000) remset 0 code roots 0 marked 1 reclaim candidate 1 type array 1
[367.213s][debug][gc,humongous      ] GC(32993) Humongous region 1501 (object size 1048592 @ 0x00000000ddd00000) remset 0 code roots 0 marked 1 reclaim candidate 1 type array 1
[367.213s][debug][gc,humongous      ] GC(32993) Humongous region 85 (object size 1048592 @ 0x0000000085500000) remset 0 code roots 0 marked 1 reclaim candidate 1 type array 1
[367.212s][debug][gc,humongous      ] GC(32993) Humongous region 209 (object size 1048592 @ 0x000000008d100000) remset 0 code roots 0 marked 1 reclaim candidate 1 type array 1
[367.212s][debug][gc,humongous      ] GC(32993) Humongous region 1004 (object size 1048592 @ 0x00000000bec00000) remset 0 code roots 0 marked 1 reclaim candidate 1 type array 1
[367.213s][debug][gc,humongous      ] GC(32993) Humongous region 707 (object size 1048592 @ 0x00000000ac300000) remset 0 code roots 0 marked 1 reclaim candidate 1 type array 1
[367.213s][debug][gc,humongous      ] GC(32993) Humongous region 709 (object size 1048592 @ 0x00000000ac500000) remset 0 code roots 0 marked 1 reclaim candidate 1 type array 1
[367.213s][debug][gc,humongous      ] GC(32993) Humongous region 711 (object size 1048592 @ 0x00000000ac700000) remset 0 code roots 0 marked 1 reclaim candidate 1 type array 1
[367.213s][debug][gc,humongous      ] GC(32993) Humongous region 713 (object size 1048592 @ 0x00000000ac900000) remset 0 code roots 0 marked 1 reclaim candidate 1 type array 1
[367.213s][debug][gc,humongous      ] GC(32993) Humongous region 717 (object size 1048592 @ 0x00000000acd00000) remset 0 code roots 0 marked 1 reclaim candidate 1 type array 1
[367.213s][debug][gc,humongous      ] GC(32993) Humongous region 719 (object size 1048592 @ 0x00000000acf00000) remset 0 code roots 0 marked 1 reclaim candidate 1 type array 1
[367.213s][debug][gc,humongous      ] GC(32993) Humongous region 721 (object size 1048592 @ 0x00000000ad100000) remset 0 code roots 0 marked 1 reclaim candidate 1 type array 1
[367.213s][debug][gc,humongous      ] GC(32993) Humongous region 723 (object size 1048592 @ 0x00000000ad300000) remset 0 code roots 0 marked 1 reclaim candidate 1 type array 1
[367.213s][debug][gc,humongous      ] GC(32993) Humongous region 725 (object size 1048592 @ 0x00000000ad500000) remset 0 code roots 0 marked 1 reclaim candidate 1 type array 1
[367.213s][debug][gc,humongous      ] GC(32993) Humongous region 87 (object size 1048592 @ 0x0000000085700000) remset 0 code roots 0 marked 1 reclaim candidate 1 type array 1
[367.213s][debug][gc,humongous      ] GC(32993) Humongous region 727 (object size 1048592 @ 0x00000000ad700000) remset 0 code roots 0 marked 1 reclaim candidate 1 type array 1
[367.213s][debug][gc,humongous      ] GC(32993) Humongous region 729 (object size 1048592 @ 0x00000000ad900000) remset 0 code roots 0 marked 1 reclaim candidate 1 type array 1
[367.213s][debug][gc,humongous      ] GC(32993) Humongous region 731 (object size 1048592 @ 0x00000000adb00000) remset 0 code roots 0 marked 1 reclaim candidate 1 type array 1
[367.212s][debug][gc,humongous      ] GC(32993) Humongous region 568 (object size 1048592 @ 0x00000000a3800000) remset 0 code roots 0 marked 1 reclaim candidate 1 type array 1
[367.213s][debug][gc,humongous      ] GC(32993) Humongous region 733 (object size 1048592 @ 0x00000000add00000) remset 0 code roots 0 marked 1 reclaim candidate 1 type array 1
[367.212s][debug][gc,humongous      ] GC(32993) Humongous region 1191 (object size 1048592 @ 0x00000000ca700000) remset 0 code roots 0 marked 1 reclaim candidate 1 type array 1
[367.213s][debug][gc,humongous      ] GC(32993) Humongous region 735 (object size 1048592 @ 0x00000000adf00000) remset 0 code roots 0 marked 1 reclaim candidate 1 type array 1
[367.212s][debug][gc,humongous      ] GC(32993) Humongous region 2013 (object size 1048592 @ 0x00000000fdd00000) remset 0 code roots 0 marked 1 reclaim candidate 1 type array 1
[367.213s][debug][gc,humongous      ] GC(32993) Humongous region 737 (object size 1048592 @ 0x00000000ae100000) remset 0 code roots 0 marked 1 reclaim candidate 1 type array 1
[367.213s][debug][gc,humongous      ] GC(32993) Humongous region 739 (object size 1048592 @ 0x00000000ae300000) remset 0 code roots 0 marked 1 reclaim candidate 1 type array 1
[367.213s][debug][gc,humongous      ] GC(32993) Humongous region 741 (object size 1048592 @ 0x00000000ae500000) remset 0 code roots 0 marked 1 reclaim candidate 1 type array 1
[367.213s][debug][gc,humongous      ] GC(32993) Humongous region 89 (object size 1048592 @ 0x0000000085900000) remset 0 code roots 0 marked 1 reclaim candidate 1 type array 1
[367.213s][debug][gc,humongous      ] GC(32993) Humongous region 743 (object size 1048592 @ 0x00000000ae700000) remset 0 code roots 0 marked 1 reclaim candidate 1 type array 1
[367.213s][debug][gc,humongous      ] GC(32993) Humongous region 887 (object size 1048592 @ 0x00000000b7700000) remset 0 code roots 0 marked 1 reclaim candidate 1 type array 1
[367.213s][debug][gc,humongous      ] GC(32993) Humongous region 745 (object size 1048592 @ 0x00000000ae900000) remset 0 code roots 0 marked 1 reclaim candidate 1 type array 1
[367.213s][debug][gc,humongous      ] GC(32993) Humongous region 211 (object size 1048592 @ 0x000000008d300000) remset 0 code roots 0 marked 1 reclaim candidate 1 type array 1
[367.213s][debug][gc,humongous      ] GC(32993) Humongous region 395 (object size 1048592 @ 0x0000000098b00000) remset 0 code roots 0 marked 1 reclaim candidate 1 type array 1
[367.213s][debug][gc,humongous      ] GC(32993) Humongous region 213 (object size 1048592 @ 0x000000008d500000) remset 0 code roots 0 marked 1 reclaim candidate 1 type array 1
[367.213s][debug][gc,humongous      ] GC(32993) Humongous region 397 (object size 1048592 @ 0x0000000098d00000) remset 0 code roots 0 marked 1 reclaim candidate 1 type array 1
[367.213s][debug][gc,humongous      ] GC(32993) Humongous region 215 (object size 1048592 @ 0x000000008d700000) remset 0 code roots 0 marked 1 reclaim candidate 1 type array 1
[367.213s][debug][gc,humongous      ] GC(32993) Humongous region 1006 (object size 1048592 @ 0x00000000bee00000) remset 0 code roots 0 marked 1 reclaim candidate 1 type array 1
[367.213s][debug][gc,humongous      ] GC(32993) Humongous region 217 (object size 1048592 @ 0x000000008d900000) remset 0 code roots 0 marked 1 reclaim candidate 1 type array 1
[367.213s][debug][gc,humongous      ] GC(32993) Humongous region 1503 (object size 1048592 @ 0x00000000ddf00000) remset 0 code roots 0 marked 1 reclaim candidate 1 type array 1
[367.213s][debug][gc,humongous      ] GC(32993) Humongous region 219 (object size 1048592 @ 0x000000008db00000) remset 0 code roots 0 marked 1 reclaim candidate 1 type array 1
[367.212s][debug][gc,humongous      ] GC(32993) Humongous region 1698 (object size 1048592 @ 0x00000000ea200000) remset 0 code roots 0 marked 1 reclaim candidate 1 type array 1
[367.213s][debug][gc,humongous      ] GC(32993) Humongous region 570 (object size 1048592 @ 0x00000000a3a00000) remset 0 code roots 0 marked 1 reclaim candidate 1 type array 1
[367.213s][debug][gc,humongous      ] GC(32993) Humongous region 747 (object size 1048592 @ 0x00000000aeb00000) remset 0 code roots 0 marked 1 reclaim candidate 1 type array 1
[367.213s][debug][gc,humongous      ] GC(32993) Humongous region 889 (object size 1048592 @ 0x00000000b7900000) remset 0 code roots 0 marked 1 reclaim candidate 1 type array 1
[367.213s][debug][gc,humongous      ] GC(32993) Humongous region 399 (object size 1048592 @ 0x0000000098f00000) remset 0 code roots 0 marked 1 reclaim candidate 1 type array 1
[367.213s][debug][gc,humongous      ] GC(32993) Humongous region 891 (object size 1048592 @ 0x00000000b7b00000) remset 0 code roots 0 marked 1 reclaim candidate 1 type array 1
[367.213s][debug][gc,humongous      ] GC(32993) Humongous region 893 (object size 1048592 @ 0x00000000b7d00000) remset 0 code roots 0 marked 1 reclaim candidate 1 type array 1
[367.213s][debug][gc,humongous      ] GC(32993) Humongous region 1008 (object size 1048592 @ 0x00000000bf000000) remset 0 code roots 0 marked 1 reclaim candidate 1 type array 1
[367.213s][debug][gc,humongous      ] GC(32993) Humongous region 895 (object size 1048592 @ 0x00000000b7f00000) remset 0 code roots 0 marked 1 reclaim candidate 1 type array 1
[367.213s][debug][gc,humongous      ] GC(32993) Humongous region 1010 (object size 1048592 @ 0x00000000bf200000) remset 0 code roots 0 marked 1 reclaim candidate 1 type array 1
[367.213s][debug][gc,humongous      ] GC(32993) Humongous region 1802 (object size 1048592 @ 0x00000000f0a00000) remset 0 code roots 0 marked 1 reclaim candidate 1 type array 1
[367.213s][debug][gc,humongous      ] GC(32993) Humongous region 1012 (object size 1048592 @ 0x00000000bf400000) remset 0 code roots 0 marked 1 reclaim candidate 1 type array 1
[367.213s][debug][gc,humongous      ] GC(32993) Humongous region 1193 (object size 1048592 @ 0x00000000ca900000) remset 0 code roots 0 marked 1 reclaim candidate 1 type array 1
[367.213s][debug][gc,humongous      ] GC(32993) Humongous region 1700 (object size 1048592 @ 0x00000000ea400000) remset 0 code roots 0 marked 1 reclaim candidate 1 type array 1
[367.213s][debug][gc,humongous      ] GC(32993) Humongous region 1195 (object size 1048592 @ 0x00000000cab00000) remset 0 code roots 0 marked 1 reclaim candidate 1 type array 1
[367.213s][debug][gc,humongous      ] GC(32993) Humongous region 1702 (object size 1048592 @ 0x00000000ea600000) remset 0 code roots 0 marked 1 reclaim candidate 1 type array 1
[367.213s][debug][gc,humongous      ] GC(32993) Humongous region 2015 (object size 1048592 @ 0x00000000fdf00000) remset 0 code roots 0 marked 1 reclaim candidate 1 type array 1
[367.213s][debug][gc,humongous      ] GC(32993) Humongous region 221 (object size 1048592 @ 0x000000008dd00000) remset 0 code roots 0 marked 1 reclaim candidate 1 type array 1
[367.213s][debug][gc,humongous      ] GC(32993) Humongous region 2017 (object size 1048592 @ 0x00000000fe100000) remset 0 code roots 0 marked 1 reclaim candidate 1 type array 1
[367.213s][debug][gc,humongous      ] GC(32993) Humongous region 223 (object size 1048592 @ 0x000000008df00000) remset 0 code roots 0 marked 1 reclaim candidate 1 type array 1
[367.213s][debug][gc,humongous      ] GC(32993) Humongous region 2019 (object size 1048592 @ 0x00000000fe300000) remset 0 code roots 0 marked 1 reclaim candidate 1 type array 1
[367.213s][debug][gc,humongous      ] GC(32993) Humongous region 1339 (object size 1048592 @ 0x00000000d3b00000) remset 0 code roots 0 marked 1 reclaim candidate 1 type array 1
[367.213s][debug][gc,humongous      ] GC(32993) Humongous region 2021 (object size 1048592 @ 0x00000000fe500000) remset 0 code roots 0 marked 1 reclaim candidate 1 type array 1
[367.213s][debug][gc,humongous      ] GC(32993) Humongous region 91 (object size 1048592 @ 0x0000000085b00000) remset 0 code roots 0 marked 1 reclaim candidate 1 type array 1
[367.213s][debug][gc,humongous      ] GC(32993) Humongous region 1014 (object size 1048592 @ 0x00000000bf600000) remset 0 code roots 0 marked 1 reclaim candidate 1 type array 1
[367.213s][debug][gc,humongous      ] GC(32993) Humongous region 572 (object size 1048592 @ 0x00000000a3c00000) remset 0 code roots 0 marked 1 reclaim candidate 1 type array 1
[367.213s][debug][gc,humongous      ] GC(32993) Humongous region 751 (object size 1048592 @ 0x00000000aef00000) remset 0 code roots 0 marked 1 reclaim candidate 1 type array 1
[367.213s][debug][gc,humongous      ] GC(32993) Humongous region 1197 (object size 1048592 @ 0x00000000cad00000) remset 0 code roots 0 marked 1 reclaim candidate 1 type array 1
[367.213s][debug][gc,humongous      ] GC(32993) Humongous region 401 (object size 1048592 @ 0x0000000099100000) remset 0 code roots 0 marked 1 reclaim candidate 1 type array 1
[367.213s][debug][gc,humongous      ] GC(32993) Humongous region 1704 (object size 1048592 @ 0x00000000ea800000) remset 0 code roots 0 marked 1 reclaim candidate 1 type array 1
[367.213s][debug][gc,humongous      ] GC(32993) Humongous region 897 (object size 1048592 @ 0x00000000b8100000) remset 0 code roots 0 marked 1 reclaim candidate 1 type array 1
[367.213s][debug][gc,humongous      ] GC(32993) Humongous region 1507 (object size 1048592 @ 0x00000000de300000) remset 0 code roots 0 marked 1 reclaim candidate 1 type array 1
[367.213s][debug][gc,humongous      ] GC(32993) Humongous region 225 (object size 1048592 @ 0x000000008e100000) remset 0 code roots 0 marked 1 reclaim candidate 1 type array 1
[367.214s][debug][gc,humongous      ] GC(32993) Humongous region 1509 (object size 1048592 @ 0x00000000de500000) remset 0 code roots 0 marked 1 reclaim candidate 1 type array 1
[367.214s][debug][gc,humongous      ] GC(32993) Humongous region 227 (object size 1048592 @ 0x000000008e300000) remset 0 code roots 0 marked 1 reclaim candidate 1 type array 1
[367.213s][debug][gc,humongous      ] GC(32993) Humongous region 2023 (object size 1048592 @ 0x00000000fe700000) remset 0 code roots 0 marked 1 reclaim candidate 1 type array 1
[367.214s][debug][gc,humongous      ] GC(32993) Humongous region 229 (object size 1048592 @ 0x000000008e500000) remset 0 code roots 0 marked 1 reclaim candidate 1 type array 1
[367.214s][debug][gc,humongous      ] GC(32993) Humongous region 2025 (object size 1048592 @ 0x00000000fe900000) remset 0 code roots 0 marked 1 reclaim candidate 1 type array 1
[367.213s][debug][gc,humongous      ] GC(32993) Humongous region 574 (object size 1048592 @ 0x00000000a3e00000) remset 0 code roots 0 marked 1 reclaim candidate 1 type array 1
[367.214s][debug][gc,humongous      ] GC(32993) Humongous region 754 (object size 1048592 @ 0x00000000af200000) remset 0 code roots 0 marked 1 reclaim candidate 1 type array 1
[367.214s][debug][gc,humongous      ] GC(32993) Humongous region 576 (object size 1048592 @ 0x00000000a4000000) remset 0 code roots 0 marked 1 reclaim candidate 1 type array 1
[367.214s][debug][gc,humongous      ] GC(32993) Humongous region 756 (object size 1048592 @ 0x00000000af400000) remset 0 code roots 0 marked 1 reclaim candidate 1 type array 1
[367.214s][debug][gc,humongous      ] GC(32993) Humongous region 1706 (object size 1048592 @ 0x00000000eaa00000) remset 0 code roots 0 marked 1 reclaim candidate 1 type array 1
[367.214s][debug][gc,humongous      ] GC(32993) Humongous region 899 (object size 1048592 @ 0x00000000b8300000) remset 0 code roots 0 marked 1 reclaim candidate 1 type array 1
[367.214s][debug][gc,humongous      ] GC(32993) Humongous region 1708 (object size 1048592 @ 0x00000000eac00000) remset 0 code roots 0 marked 1 reclaim candidate 1 type array 1
[367.213s][debug][gc,humongous      ] GC(32993) Humongous region 1341 (object size 1048592 @ 0x00000000d3d00000) remset 0 code roots 0 marked 1 reclaim candidate 1 type array 1
[367.213s][debug][gc,humongous      ] GC(32993) Humongous region 93 (object size 1048592 @ 0x0000000085d00000) remset 0 code roots 0 marked 1 reclaim candidate 1 type array 1
[367.214s][debug][gc,humongous      ] GC(32993) Humongous region 1343 (object size 1048592 @ 0x00000000d3f00000) remset 0 code roots 0 marked 1 reclaim candidate 1 type array 1
[367.213s][debug][gc,humongous      ] GC(32993) Humongous region 1016 (object size 1048592 @ 0x00000000bf800000) remset 0 code roots 0 marked 1 reclaim candidate 1 type array 1
[367.214s][debug][gc,humongous      ] GC(32993) Humongous region 1347 (object size 1048592 @ 0x00000000d4300000) remset 0 code roots 0 marked 1 reclaim candidate 1 type array 1
[367.214s][debug][gc,humongous      ] GC(32993) Humongous region 2029 (object size 1048592 @ 0x00000000fed00000) remset 0 code roots 0 marked 1 reclaim candidate 1 type array 1
[367.214s][debug][gc,humongous      ] GC(32993) Humongous region 1349 (object size 1048592 @ 0x00000000d4500000) remset 0 code roots 0 marked 1 reclaim candidate 1 type array 1
[367.214s][debug][gc,humongous      ] GC(32993) Humongous region 2031 (object size 1048592 @ 0x00000000fef00000) remset 0 code roots 0 marked 1 reclaim candidate 1 type array 1
[367.214s][debug][gc,humongous      ] GC(32993) Humongous region 578 (object size 1048592 @ 0x00000000a4200000) remset 0 code roots 0 marked 1 reclaim candidate 1 type array 1
[367.214s][debug][gc,humongous      ] GC(32993) Humongous region 758 (object size 1048592 @ 0x00000000af600000) remset 0 code roots 0 marked 1 reclaim candidate 1 type array 1
[367.213s][debug][gc,humongous      ] GC(32993) Humongous region 1804 (object size 1048592 @ 0x00000000f0c00000) remset 0 code roots 0 marked 1 reclaim candidate 1 type array 1
[367.214s][debug][gc,humongous      ] GC(32993) Humongous region 760 (object size 1048592 @ 0x00000000af800000) remset 0 code roots 0 marked 1 reclaim candidate 1 type array 1
[367.214s][debug][gc,humongous      ] GC(32993) Humongous region 762 (object size 1048592 @ 0x00000000afa00000) remset 0 code roots 0 marked 1 reclaim candidate 1 type array 1
[367.214s][debug][gc,humongous      ] GC(32993) Humongous region 1806 (object size 1048592 @ 0x00000000f0e00000) remset 0 code roots 0 marked 1 reclaim candidate 1 type array 1
[367.214s][debug][gc,humongous      ] GC(32993) Humongous region 1511 (object size 1048592 @ 0x00000000de700000) remset 0 code roots 0 marked 1 reclaim candidate 1 type array 1
[367.214s][debug][gc,humongous      ] GC(32993) Humongous region 231 (object size 1048592 @ 0x000000008e700000) remset 0 code roots 0 marked 1 reclaim candidate 1 type array 1
[367.214s][debug][gc,humongous      ] GC(32993) Humongous region 403 (object size 1048592 @ 0x0000000099300000) remset 0 code roots 0 marked 1 reclaim candidate 1 type array 1
[367.214s][debug][gc,humongous      ] GC(32993) Humongous region 405 (object size 1048592 @ 0x0000000099500000) remset 0 code roots 0 marked 1 reclaim candidate 1 type array 1
[367.214s][debug][gc,humongous      ] GC(32993) Humongous region 1351 (object size 1048592 @ 0x00000000d4700000) remset 0 code roots 0 marked 1 reclaim candidate 1 type array 1
[367.214s][debug][gc,humongous      ] GC(32993) Humongous region 2033 (object size 1048592 @ 0x00000000ff100000) remset 0 code roots 0 marked 1 reclaim candidate 1 type array 1
[367.214s][debug][gc,humongous      ] GC(32993) Humongous region 1353 (object size 1048592 @ 0x00000000d4900000) remset 0 code roots 0 marked 1 reclaim candidate 1 type array 1
[367.214s][debug][gc,humongous      ] GC(32993) Humongous region 2036 (object size 1048592 @ 0x00000000ff400000) remset 0 code roots 0 marked 1 reclaim candidate 1 type array 1
[367.214s][debug][gc,humongous      ] GC(32993) Humongous region 2038 (object size 1048592 @ 0x00000000ff600000) remset 0 code roots 0 marked 1 reclaim candidate 1 type array 1
[367.214s][debug][gc,humongous      ] GC(32993) Humongous region 95 (object size 1048592 @ 0x0000000085f00000) remset 0 code roots 0 marked 1 reclaim candidate 1 type array 1
[367.214s][debug][gc,humongous      ] GC(32993) Humongous region 2040 (object size 1048592 @ 0x00000000ff800000) remset 0 code roots 0 marked 1 reclaim candidate 1 type array 1
[367.214s][debug][gc,humongous      ] GC(32993) Humongous region 764 (object size 1048592 @ 0x00000000afc00000) remset 0 code roots 0 marked 1 reclaim candidate 1 type array 1
[367.214s][debug][gc,humongous      ] GC(32993) Humongous region 97 (object size 1048592 @ 0x0000000086100000) remset 0 code roots 0 marked 1 reclaim candidate 1 type array 1
[367.214s][debug][gc,humongous      ] GC(32993) Humongous region 1018 (object size 1048592 @ 0x00000000bfa00000) remset 0 code roots 0 marked 1 reclaim candidate 1 type array 1
[367.214s][debug][gc,humongous      ] GC(32993) Humongous region 99 (object size 1048592 @ 0x0000000086300000) remset 0 code roots 0 marked 1 reclaim candidate 1 type array 1
[367.214s][debug][gc,humongous      ] GC(32993) Humongous region 1513 (object size 1048592 @ 0x00000000de900000) remset 0 code roots 0 marked 1 reclaim candidate 1 type array 1
[367.214s][debug][gc,humongous      ] GC(32993) Humongous region 1199 (object size 1048592 @ 0x00000000caf00000) remset 0 code roots 0 marked 1 reclaim candidate 1 type array 1
[367.214s][debug][gc,humongous      ] GC(32993) Humongous region 407 (object size 1048592 @ 0x0000000099700000) remset 0 code roots 0 marked 1 reclaim candidate 1 type array 1
[367.214s][debug][gc,humongous      ] GC(32993) Humongous region 1710 (object size 1048592 @ 0x00000000eae00000) remset 0 code roots 0 marked 1 reclaim candidate 1 type array 1
[367.214s][debug][gc,humongous      ] GC(32993) Humongous region 409 (object size 1048592 @ 0x0000000099900000) remset 0 code roots 0 marked 1 reclaim candidate 1 type array 1
[367.214s][debug][gc,humongous      ] GC(32993) Humongous region 1355 (object size 1048592 @ 0x00000000d4b00000) remset 0 code roots 0 marked 1 reclaim candidate 1 type array 1
[367.214s][debug][gc,humongous      ] GC(32993) Humongous region 411 (object size 1048592 @ 0x0000000099b00000) remset 0 code roots 0 marked 1 reclaim candidate 1 type array 1
[367.214s][debug][gc,humongous      ] GC(32993) Humongous region 2042 (object size 1048592 @ 0x00000000ffa00000) remset 0 code roots 0 marked 1 reclaim candidate 1 type array 1
[367.214s][debug][gc,humongous      ] GC(32993) Humongous region 2044 (object size 1048592 @ 0x00000000ffc00000) remset 0 code roots 0 marked 1 reclaim candidate 1 type array 1
[367.214s][debug][gc,humongous      ] GC(32993) Humongous region 1020 (object size 1048592 @ 0x00000000bfc00000) remset 0 code roots 0 marked 1 reclaim candidate 1 type array 1
[367.214s][debug][gc,humongous      ] GC(32993) Humongous region 103 (object size 1048592 @ 0x0000000086700000) remset 0 code roots 0 marked 1 reclaim candidate 1 type array 1
[367.214s][debug][gc,humongous      ] GC(32993) Humongous region 101 (object size 1048592 @ 0x0000000086500000) remset 0 code roots 0 marked 1 reclaim candidate 1 type array 1
[367.214s][debug][gc,humongous      ] GC(32993) Humongous region 1022 (object size 1048592 @ 0x00000000bfe00000) remset 0 code roots 0 marked 1 reclaim candidate 1 type array 1
[367.214s][debug][gc,humongous      ] GC(32993) Humongous region 1201 (object size 1048592 @ 0x00000000cb100000) remset 0 code roots 0 marked 1 reclaim candidate 1 type array 1
[367.214s][debug][gc,humongous      ] GC(32993) Humongous region 1024 (object size 1048592 @ 0x00000000c0000000) remset 0 code roots 0 marked 1 reclaim candidate 1 type array 1
[367.214s][debug][gc,humongous      ] GC(32993) Humongous region 580 (object size 1048592 @ 0x00000000a4400000) remset 0 code roots 0 marked 1 reclaim candidate 1 type array 1
[367.214s][debug][gc,humongous      ] GC(32993) Humongous region 1515 (object size 1048592 @ 0x00000000deb00000) remset 0 code roots 0 marked 1 reclaim candidate 1 type array 1
[367.214s][debug][gc,humongous      ] GC(32993) Humongous region 1517 (object size 1048592 @ 0x00000000ded00000) remset 0 code roots 0 marked 1 reclaim candidate 1 type array 1
[367.214s][debug][gc,humongous      ] GC(32993) Humongous region 768 (object size 1048592 @ 0x00000000b0000000) remset 0 code roots 0 marked 1 reclaim candidate 1 type array 1
[367.214s][debug][gc,humongous      ] GC(32993) Humongous region 1519 (object size 1048592 @ 0x00000000def00000) remset 0 code roots 0 marked 1 reclaim candidate 1 type array 1
[367.214s][debug][gc,humongous      ] GC(32993) Humongous region 413 (object size 1048592 @ 0x0000000099d00000) remset 0 code roots 0 marked 1 reclaim candidate 1 type array 1
[367.214s][debug][gc,humongous      ] GC(32993) Humongous region 770 (object size 1048592 @ 0x00000000b0200000) remset 0 code roots 0 marked 1 reclaim candidate 1 type array 1
[367.214s][debug][gc,humongous      ] GC(32993) Humongous region 415 (object size 1048592 @ 0x0000000099f00000) remset 0 code roots 0 marked 1 reclaim candidate 1 type array 1
[367.214s][debug][gc,humongous      ] GC(32993) Humongous region 772 (object size 1048592 @ 0x00000000b0400000) remset 0 code roots 0 marked 1 reclaim candidate 1 type array 1
[367.214s][debug][gc,humongous      ] GC(32993) Humongous region 417 (object size 1048592 @ 0x000000009a100000) remset 0 code roots 0 marked 1 reclaim candidate 1 type array 1
[367.214s][debug][gc,humongous      ] GC(32993) Humongous region 419 (object size 1048592 @ 0x000000009a300000) remset 0 code roots 0 marked 1 reclaim candidate 1 type array 1
[367.214s][debug][gc,humongous      ] GC(32993) Humongous region 107 (object size 1048592 @ 0x0000000086b00000) remset 0 code roots 0 marked 1 reclaim candidate 1 type array 1
[367.214s][debug][gc,humongous      ] GC(32993) Humongous region 1808 (object size 1048592 @ 0x00000000f1000000) remset 0 code roots 0 marked 1 reclaim candidate 1 type array 1
[367.214s][debug][gc,humongous      ] GC(32993) Humongous region 109 (object size 1048592 @ 0x0000000086d00000) remset 0 code roots 0 marked 1 reclaim candidate 1 type array 1
[367.214s][debug][gc,humongous      ] GC(32993) Humongous region 111 (object size 1048592 @ 0x0000000086f00000) remset 0 code roots 0 marked 1 reclaim candidate 1 type array 1
[367.214s][debug][gc,humongous      ] GC(32993) Humongous region 105 (object size 1048592 @ 0x0000000086900000) remset 0 code roots 0 marked 1 reclaim candidate 1 type array 1
[367.214s][debug][gc,humongous      ] GC(32993) Humongous region 113 (object size 1048592 @ 0x0000000087100000) remset 0 code roots 0 marked 1 reclaim candidate 1 type array 1
[367.214s][debug][gc,humongous      ] GC(32993) Humongous region 1521 (object size 1048592 @ 0x00000000df100000) remset 0 code roots 0 marked 1 reclaim candidate 1 type array 1
[367.214s][debug][gc,humongous      ] GC(32993) Humongous region 1203 (object size 1048592 @ 0x00000000cb300000) remset 0 code roots 0 marked 1 reclaim candidate 1 type array 1
[367.214s][debug][gc,humongous      ] GC(32993) Humongous region 774 (object size 1048592 @ 0x00000000b0600000) remset 0 code roots 0 marked 1 reclaim candidate 1 type array 1
[367.214s][debug][gc,humongous      ] GC(32993) Humongous region 1205 (object size 1048592 @ 0x00000000cb500000) remset 0 code roots 0 marked 1 reclaim candidate 1 type array 1
[367.214s][debug][gc,humongous      ] GC(32993) Humongous region 233 (object size 1048592 @ 0x000000008e900000) remset 0 code roots 0 marked 1 reclaim candidate 1 type array 1
[367.214s][debug][gc,humongous      ] GC(32993) Humongous region 1026 (object size 1048592 @ 0x00000000c0200000) remset 0 code roots 0 marked 1 reclaim candidate 1 type array 1
[367.214s][debug][gc,humongous      ] GC(32993) Humongous region 1712 (object size 1048592 @ 0x00000000eb000000) remset 0 code roots 0 marked 1 reclaim candidate 1 type array 1
[367.214s][debug][gc,humongous      ] GC(32993) Humongous region 1028 (object size 1048592 @ 0x00000000c0400000) remset 0 code roots 0 marked 1 reclaim candidate 1 type array 1
[367.214s][debug][gc,humongous      ] GC(32993) Humongous region 1810 (object size 1048592 @ 0x00000000f1200000) remset 0 code roots 0 marked 1 reclaim candidate 1 type array 1
[367.214s][debug][gc,humongous      ] GC(32993) Humongous region 1030 (object size 1048592 @ 0x00000000c0600000) remset 0 code roots 0 marked 1 reclaim candidate 1 type array 1
[367.215s][debug][gc,humongous      ] GC(32993) Humongous region 1812 (object size 1048592 @ 0x00000000f1400000) remset 0 code roots 0 marked 1 reclaim candidate 1 type array 1
[367.215s][debug][gc,humongous      ] GC(32993) Humongous region 1032 (object size 1048592 @ 0x00000000c0800000) remset 0 code roots 0 marked 1 reclaim candidate 1 type array 1
[367.215s][debug][gc,humongous      ] GC(32993) Humongous region 1814 (object size 1048592 @ 0x00000000f1600000) remset 0 code roots 0 marked 1 reclaim candidate 1 type array 1
[367.215s][debug][gc,humongous      ] GC(32993) Humongous region 1034 (object size 1048592 @ 0x00000000c0a00000) remset 0 code roots 0 marked 1 reclaim candidate 1 type array 1
[367.215s][debug][gc,humongous      ] GC(32993) Humongous region 1816 (object size 1048592 @ 0x00000000f1800000) remset 0 code roots 0 marked 1 reclaim candidate 1 type array 1
[367.214s][debug][gc,humongous      ] GC(32993) Humongous region 776 (object size 1048592 @ 0x00000000b0800000) remset 0 code roots 0 marked 1 reclaim candidate 1 type array 1
[367.215s][debug][gc,humongous      ] GC(32993) Humongous region 1036 (object size 1048592 @ 0x00000000c0c00000) remset 0 code roots 0 marked 1 reclaim candidate 1 type array 1
[367.214s][debug][gc,humongous      ] GC(32993) Humongous region 1207 (object size 1048592 @ 0x00000000cb700000) remset 0 code roots 0 marked 1 reclaim candidate 1 type array 1
[367.214s][debug][gc,humongous      ] GC(32993) Humongous region 1714 (object size 1048592 @ 0x00000000eb200000) remset 0 code roots 0 marked 1 reclaim candidate 1 type array 1
[367.214s][debug][gc,humongous      ] GC(32993) Humongous region 1357 (object size 1048592 @ 0x00000000d4d00000) remset 0 code roots 0 marked 1 reclaim candidate 1 type array 1
[367.214s][debug][gc,humongous      ] GC(32993) Humongous region 115 (object size 1048592 @ 0x0000000087300000) remset 0 code roots 0 marked 1 reclaim candidate 1 type array 1
[367.215s][debug][gc,humongous      ] GC(32993) Humongous region 1359 (object size 1048592 @ 0x00000000d4f00000) remset 0 code roots 0 marked 1 reclaim candidate 1 type array 1
[367.214s][debug][gc,humongous      ] GC(32993) Humongous region 117 (object size 1048592 @ 0x0000000087500000) remset 0 code roots 0 marked 1 reclaim candidate 1 type array 1
[367.214s][debug][gc,humongous      ] GC(32993) Humongous region 1523 (object size 1048592 @ 0x00000000df300000) remset 0 code roots 0 marked 1 reclaim candidate 1 type array 1
[367.215s][debug][gc,humongous      ] GC(32993) Humongous region 121 (object size 1048592 @ 0x0000000087900000) remset 0 code roots 0 marked 1 reclaim candidate 1 type array 1
[367.215s][debug][gc,humongous      ] GC(32993) Humongous region 123 (object size 1048592 @ 0x0000000087b00000) remset 0 code roots 0 marked 1 reclaim candidate 1 type array 1
[367.215s][debug][gc,humongous      ] GC(32993) Humongous region 125 (object size 1048592 @ 0x0000000087d00000) remset 0 code roots 0 marked 1 reclaim candidate 1 type array 1
[367.215s][debug][gc,humongous      ] GC(32993) Humongous region 127 (object size 1048592 @ 0x0000000087f00000) remset 0 code roots 0 marked 1 reclaim candidate 1 type array 1
[367.215s][debug][gc,humongous      ] GC(32993) Humongous region 778 (object size 1048592 @ 0x00000000b0a00000) remset 0 code roots 0 marked 1 reclaim candidate 1 type array 1
[367.215s][debug][gc,humongous      ] GC(32993) Humongous region 782 (object size 1048592 @ 0x00000000b0e00000) remset 0 code roots 0 marked 1 reclaim candidate 1 type array 1
[367.215s][debug][gc,humongous      ] GC(32993) Humongous region 784 (object size 1048592 @ 0x00000000b1000000) remset 0 code roots 0 marked 1 reclaim candidate 1 type array 1
[367.215s][debug][gc,humongous      ] GC(32993) Humongous region 1716 (object size 1048592 @ 0x00000000eb400000) remset 0 code roots 0 marked 1 reclaim candidate 1 type array 1
[367.215s][debug][gc,humongous      ] GC(32993) Humongous region 786 (object size 1048592 @ 0x00000000b1200000) remset 0 code roots 0 marked 1 reclaim candidate 1 type array 1
[367.215s][debug][gc,humongous      ] GC(32993) Humongous region 1361 (object size 1048592 @ 0x00000000d5100000) remset 0 code roots 0 marked 1 reclaim candidate 1 type array 1
[367.215s][debug][gc,humongous      ] GC(32993) Humongous region 1363 (object size 1048592 @ 0x00000000d5300000) remset 0 code roots 0 marked 1 reclaim candidate 1 type array 1
[367.214s][debug][gc,humongous      ] GC(32993) Humongous region 901 (object size 1048592 @ 0x00000000b8500000) remset 0 code roots 0 marked 1 reclaim candidate 1 type array 1
[367.215s][debug][gc,humongous      ] GC(32993) Humongous region 1365 (object size 1048592 @ 0x00000000d5500000) remset 0 code roots 0 marked 1 reclaim candidate 1 type array 1
[367.215s][debug][gc,humongous      ] GC(32993) Humongous region 905 (object size 1048592 @ 0x00000000b8900000) remset 0 code roots 0 marked 1 reclaim candidate 1 type array 1
[367.215s][debug][gc,humongous      ] GC(32993) Humongous region 1367 (object size 1048592 @ 0x00000000d5700000) remset 0 code roots 0 marked 1 reclaim candidate 1 type array 1
[367.215s][debug][gc,humongous      ] GC(32993) Humongous region 907 (object size 1048592 @ 0x00000000b8b00000) remset 0 code roots 0 marked 1 reclaim candidate 1 type array 1
[367.215s][debug][gc,humongous      ] GC(32993) Humongous region 1369 (object size 1048592 @ 0x00000000d5900000) remset 0 code roots 0 marked 1 reclaim candidate 1 type array 1
[367.215s][debug][gc,humongous      ] GC(32993) Humongous region 909 (object size 1048592 @ 0x00000000b8d00000) remset 0 code roots 0 marked 1 reclaim candidate 1 type array 1
[367.215s][debug][gc,humongous      ] GC(32993) Humongous region 911 (object size 1048592 @ 0x00000000b8f00000) remset 0 code roots 0 marked 1 reclaim candidate 1 type array 1
[367.215s][debug][gc,humongous      ] GC(32993) Humongous region 1210 (object size 1048592 @ 0x00000000cba00000) remset 0 code roots 0 marked 1 reclaim candidate 1 type array 1
[367.215s][debug][gc,humongous      ] GC(32993) Humongous region 1212 (object size 1048592 @ 0x00000000cbc00000) remset 0 code roots 0 marked 1 reclaim candidate 1 type array 1
[367.215s][debug][gc,humongous      ] GC(32993) Humongous region 1214 (object size 1048592 @ 0x00000000cbe00000) remset 0 code roots 0 marked 1 reclaim candidate 1 type array 1
[367.215s][debug][gc,humongous      ] GC(32993) Humongous region 1216 (object size 1048592 @ 0x00000000cc000000) remset 0 code roots 0 marked 1 reclaim candidate 1 type array 1
[367.214s][debug][gc,humongous      ] GC(32993) Humongous region 235 (object size 1048592 @ 0x000000008eb00000) remset 0 code roots 0 marked 1 reclaim candidate 1 type array 1
[367.215s][debug][gc,humongous      ] GC(32993) Humongous region 1218 (object size 1048592 @ 0x00000000cc200000) remset 0 code roots 0 marked 1 reclaim candidate 1 type array 1
[367.214s][debug][gc,humongous      ] GC(32993) Humongous region 421 (object size 1048592 @ 0x000000009a500000) remset 0 code roots 0 marked 1 reclaim candidate 1 type array 1
[367.215s][debug][gc,humongous      ] GC(32993) Humongous region 1371 (object size 1048592 @ 0x00000000d5b00000) remset 0 code roots 0 marked 1 reclaim candidate 1 type array 1
[367.215s][debug][gc,humongous      ] GC(32993) Humongous region 129 (object size 1048592 @ 0x0000000088100000) remset 0 code roots 0 marked 1 reclaim candidate 1 type array 1
[367.215s][debug][gc,humongous      ] GC(32993) Humongous region 1373 (object size 1048592 @ 0x00000000d5d00000) remset 0 code roots 0 marked 1 reclaim candidate 1 type array 1
[367.214s][debug][gc,humongous      ] GC(32993) Humongous region 582 (object size 1048592 @ 0x00000000a4600000) remset 0 code roots 0 marked 1 reclaim candidate 1 type array 1
[367.215s][debug][gc,humongous      ] GC(32993) Humongous region 1375 (object size 1048592 @ 0x00000000d5f00000) remset 0 code roots 0 marked 1 reclaim candidate 1 type array 1
[367.215s][debug][gc,humongous      ] GC(32993) Humongous region 1718 (object size 1048592 @ 0x00000000eb600000) remset 0 code roots 0 marked 1 reclaim candidate 1 type array 1
[367.215s][debug][gc,humongous      ] GC(32993) Humongous region 1818 (object size 1048592 @ 0x00000000f1a00000) remset 0 code roots 0 marked 1 reclaim candidate 1 type array 1
[367.215s][debug][gc,humongous      ] GC(32993) Humongous region 119 (object size 1048592 @ 0x0000000087700000) remset 0 code roots 0 marked 1 reclaim candidate 1 type array 1
[367.215s][debug][gc,humongous      ] GC(32993) Humongous region 1820 (object size 1048592 @ 0x00000000f1c00000) remset 0 code roots 0 marked 1 reclaim candidate 1 type array 1
[367.215s][debug][gc,humongous      ] GC(32993) Humongous region 133 (object size 1048592 @ 0x0000000088500000) remset 0 code roots 0 marked 1 reclaim candidate 1 type array 1
[367.215s][debug][gc,humongous      ] GC(32993) Humongous region 237 (object size 1048592 @ 0x000000008ed00000) remset 0 code roots 0 marked 1 reclaim candidate 1 type array 1
[367.215s][debug][gc,humongous      ] GC(32993) Humongous region 423 (object size 1048592 @ 0x000000009a700000) remset 0 code roots 0 marked 1 reclaim candidate 1 type array 1
[367.215s][debug][gc,humongous      ] GC(32993) Humongous region 239 (object size 1048592 @ 0x000000008ef00000) remset 0 code roots 0 marked 0 reclaim candidate 1 type array 1
[367.215s][debug][gc,humongous      ] GC(32993) Humongous region 1220 (object size 1048592 @ 0x00000000cc400000) remset 0 code roots 0 marked 1 reclaim candidate 1 type array 1
[367.215s][debug][gc,humongous      ] GC(32993) Humongous region 1038 (object size 1048592 @ 0x00000000c0e00000) remset 0 code roots 0 marked 1 reclaim candidate 1 type array 1
[367.215s][debug][gc,humongous      ] GC(32993) Humongous region 1222 (object size 1048592 @ 0x00000000cc600000) remset 0 code roots 0 marked 1 reclaim candidate 1 type array 1
[367.215s][debug][gc,humongous      ] GC(32993) Humongous region 913 (object size 1048592 @ 0x00000000b9100000) remset 0 code roots 0 marked 1 reclaim candidate 1 type array 1
[367.215s][debug][gc,humongous      ] GC(32993) Humongous region 1224 (object size 1048592 @ 0x00000000cc800000) remset 0 code roots 0 marked 1 reclaim candidate 1 type array 1
[367.215s][debug][gc,humongous      ] GC(32993) Humongous region 1720 (object size 1048592 @ 0x00000000eb800000) remset 0 code roots 0 marked 1 reclaim candidate 1 type array 1
[367.215s][debug][gc,humongous      ] GC(32993) Humongous region 903 (object size 1048592 @ 0x00000000b8700000) remset 0 code roots 0 marked 1 reclaim candidate 1 type array 1
[367.215s][debug][gc,humongous      ] GC(32993) Humongous region 1722 (object size 1048592 @ 0x00000000eba00000) remset 0 code roots 0 marked 1 reclaim candidate 1 type array 1
[367.215s][debug][gc,humongous      ] GC(32993) Humongous region 1822 (object size 1048592 @ 0x00000000f1e00000) remset 0 code roots 0 marked 1 reclaim candidate 1 type array 1
[367.215s][debug][gc,humongous      ] GC(32993) Humongous region 135 (object size 1048592 @ 0x0000000088700000) remset 0 code roots 0 marked 1 reclaim candidate 1 type array 1
[367.215s][debug][gc,humongous      ] GC(32993) Humongous region 425 (object size 1048592 @ 0x000000009a900000) remset 0 code roots 0 marked 1 reclaim candidate 1 type array 1
[367.215s][debug][gc,humongous      ] GC(32993) Humongous region 131 (object size 1048592 @ 0x0000000088300000) remset 0 code roots 0 marked 1 reclaim candidate 1 type array 1
[367.215s][debug][gc,humongous      ] GC(32993) Humongous region 242 (object size 1048592 @ 0x000000008f200000) remset 0 code roots 0 marked 1 reclaim candidate 1 type array 1
[367.215s][debug][gc,humongous      ] GC(32993) Humongous region 139 (object size 1048592 @ 0x0000000088b00000) remset 0 code roots 0 marked 1 reclaim candidate 1 type array 1
[367.215s][debug][gc,humongous      ] GC(32993) Humongous region 244 (object size 1048592 @ 0x000000008f400000) remset 0 code roots 0 marked 1 reclaim candidate 1 type array 1
[367.215s][debug][gc,humongous      ] GC(32993) Humongous region 141 (object size 1048592 @ 0x0000000088d00000) remset 0 code roots 0 marked 1 reclaim candidate 1 type array 1
[367.215s][debug][gc,humongous      ] GC(32993) Humongous region 1226 (object size 1048592 @ 0x00000000cca00000) remset 0 code roots 0 marked 1 reclaim candidate 1 type array 1
[367.215s][debug][gc,humongous      ] GC(32993) Humongous region 143 (object size 1048592 @ 0x0000000088f00000) remset 0 code roots 0 marked 1 reclaim candidate 1 type array 1
[367.215s][debug][gc,humongous      ] GC(32993) Humongous region 1525 (object size 1048592 @ 0x00000000df500000) remset 0 code roots 0 marked 1 reclaim candidate 1 type array 1
[367.215s][debug][gc,humongous      ] GC(32993) Humongous region 917 (object size 1048592 @ 0x00000000b9500000) remset 0 code roots 0 marked 1 reclaim candidate 1 type array 1
[367.215s][debug][gc,humongous      ] GC(32993) Humongous region 1724 (object size 1048592 @ 0x00000000ebc00000) remset 0 code roots 0 marked 1 reclaim candidate 1 type array 1
[367.215s][debug][gc,humongous      ] GC(32993) Humongous region 1824 (object size 1048592 @ 0x00000000f2000000) remset 0 code roots 0 marked 1 reclaim candidate 1 type array 1
[367.215s][debug][gc,humongous      ] GC(32993) Humongous region 427 (object size 1048592 @ 0x000000009ab00000) remset 0 code roots 0 marked 1 reclaim candidate 1 type array 1
[367.215s][debug][gc,humongous      ] GC(32993) Humongous region 137 (object size 1048592 @ 0x0000000088900000) remset 0 code roots 0 marked 1 reclaim candidate 1 type array 1
[367.215s][debug][gc,humongous      ] GC(32993) Humongous region 1040 (object size 1048592 @ 0x00000000c1000000) remset 0 code roots 0 marked 1 reclaim candidate 1 type array 1
[367.215s][debug][gc,humongous      ] GC(32993) Humongous region 586 (object size 1048592 @ 0x00000000a4a00000) remset 0 code roots 0 marked 1 reclaim candidate 1 type array 1
[367.215s][debug][gc,humongous      ] GC(32993) Humongous region 1377 (object size 1048592 @ 0x00000000d6100000) remset 0 code roots 0 marked 1 reclaim candidate 1 type array 1
[367.216s][debug][gc,humongous      ] GC(32993) Humongous region 588 (object size 1048592 @ 0x00000000a4c00000) remset 0 code roots 0 marked 1 reclaim candidate 1 type array 1
[367.215s][debug][gc,humongous      ] GC(32993) Humongous region 246 (object size 1048592 @ 0x000000008f600000) remset 0 code roots 0 marked 1 reclaim candidate 1 type array 1
[367.216s][debug][gc,humongous      ] GC(32993) Humongous region 590 (object size 1048592 @ 0x00000000a4e00000) remset 0 code roots 0 marked 1 reclaim candidate 1 type array 1
[367.215s][debug][gc,humongous      ] GC(32993) Humongous region 145 (object size 1048592 @ 0x0000000089100000) remset 0 code roots 0 marked 1 reclaim candidate 1 type array 1
[367.216s][debug][gc,humongous      ] GC(32993) Humongous region 592 (object size 1048592 @ 0x00000000a5000000) remset 0 code roots 0 marked 1 reclaim candidate 1 type array 1
[367.215s][debug][gc,humongous      ] GC(32993) Humongous region 919 (object size 1048592 @ 0x00000000b9700000) remset 0 code roots 0 marked 1 reclaim candidate 1 type array 1
[367.215s][debug][gc,humongous      ] GC(32993) Humongous region 1726 (object size 1048592 @ 0x00000000ebe00000) remset 0 code roots 0 marked 1 reclaim candidate 1 type array 1
[367.215s][debug][gc,humongous      ] GC(32993) Humongous region 1826 (object size 1048592 @ 0x00000000f2200000) remset 0 code roots 0 marked 1 reclaim candidate 1 type array 1
[367.216s][debug][gc,humongous      ] GC(32993) Humongous region 429 (object size 1048592 @ 0x000000009ad00000) remset 0 code roots 0 marked 1 reclaim candidate 1 type array 1
[367.216s][debug][gc,humongous      ] GC(32993) Humongous region 147 (object size 1048592 @ 0x0000000089300000) remset 0 code roots 0 marked 1 reclaim candidate 1 type array 1
[367.216s][debug][gc,humongous      ] GC(32993) Humongous region 1042 (object size 1048592 @ 0x00000000c1200000) remset 0 code roots 0 marked 1 reclaim candidate 1 type array 1
[367.215s][debug][gc,humongous      ] GC(32993) Humongous region 915 (object size 1048592 @ 0x00000000b9300000) remset 0 code roots 0 marked 1 reclaim candidate 1 type array 1
[367.216s][debug][gc,humongous      ] GC(32993) Humongous region 1379 (object size 1048592 @ 0x00000000d6300000) remset 0 code roots 0 marked 1 reclaim candidate 1 type array 1
[367.215s][debug][gc,humongous      ] GC(32993) Humongous region 1228 (object size 1048592 @ 0x00000000ccc00000) remset 0 code roots 0 marked 1 reclaim candidate 1 type array 1
[367.216s][debug][gc,humongous      ] GC(32993) Humongous region 248 (object size 1048592 @ 0x000000008f800000) remset 0 code roots 0 marked 1 reclaim candidate 1 type array 1
[367.215s][debug][gc,humongous      ] GC(32993) Humongous region 1527 (object size 1048592 @ 0x00000000df700000) remset 0 code roots 0 marked 1 reclaim candidate 1 type array 1
[367.216s][debug][gc,humongous      ] GC(32993) Humongous region 149 (object size 1048592 @ 0x0000000089500000) remset 0 code roots 0 marked 1 reclaim candidate 1 type array 1
[367.216s][debug][gc,humongous      ] GC(32993) Humongous region 594 (object size 1048592 @ 0x00000000a5200000) remset 0 code roots 0 marked 1 reclaim candidate 1 type array 1
[367.216s][debug][gc,humongous      ] GC(32993) Humongous region 921 (object size 1048592 @ 0x00000000b9900000) remset 0 code roots 0 marked 1 reclaim candidate 1 type array 1
[367.216s][debug][gc,humongous      ] GC(32993) Humongous region 1728 (object size 1048592 @ 0x00000000ec000000) remset 0 code roots 0 marked 1 reclaim candidate 1 type array 1
[367.216s][debug][gc,humongous      ] GC(32993) Humongous region 1828 (object size 1048592 @ 0x00000000f2400000) remset 0 code roots 0 marked 1 reclaim candidate 1 type array 1
[367.216s][debug][gc,humongous      ] GC(32993) Humongous region 431 (object size 1048592 @ 0x000000009af00000) remset 0 code roots 0 marked 1 reclaim candidate 1 type array 1
[367.216s][debug][gc,humongous      ] GC(32993) Humongous region 151 (object size 1048592 @ 0x0000000089700000) remset 0 code roots 0 marked 1 reclaim candidate 1 type array 1
[367.216s][debug][gc,humongous      ] GC(32993) Humongous region 923 (object size 1048592 @ 0x00000000b9b00000) remset 0 code roots 0 marked 1 reclaim candidate 1 type array 1
[367.216s][debug][gc,humongous      ] GC(32993) Humongous region 155 (object size 1048592 @ 0x0000000089b00000) remset 0 code roots 0 marked 1 reclaim candidate 1 type array 1
[367.216s][debug][gc,humongous      ] GC(32993) Humongous region 927 (object size 1048592 @ 0x00000000b9f00000) remset 0 code roots 0 marked 1 reclaim candidate 1 type array 1
[367.216s][debug][gc,humongous      ] GC(32993) Humongous region 1230 (object size 1048592 @ 0x00000000cce00000) remset 0 code roots 0 marked 1 reclaim candidate 1 type array 1
[367.216s][debug][gc,humongous      ] GC(32993) Humongous region 250 (object size 1048592 @ 0x000000008fa00000) remset 0 code roots 0 marked 1 reclaim candidate 1 type array 1
[367.216s][debug][gc,humongous      ] GC(32993) Humongous region 1529 (object size 1048592 @ 0x00000000df900000) remset 0 code roots 0 marked 1 reclaim candidate 1 type array 1
[367.216s][debug][gc,humongous      ] GC(32993) Humongous region 153 (object size 1048592 @ 0x0000000089900000) remset 0 code roots 0 marked 1 reclaim candidate 1 type array 1
[367.216s][debug][gc,humongous      ] GC(32993) Humongous region 596 (object size 1048592 @ 0x00000000a5400000) remset 0 code roots 0 marked 1 reclaim candidate 1 type array 1
[367.216s][debug][gc,humongous      ] GC(32993) Humongous region 925 (object size 1048592 @ 0x00000000b9d00000) remset 0 code roots 0 marked 1 reclaim candidate 1 type array 1
[367.216s][debug][gc,humongous      ] GC(32993) Humongous region 1730 (object size 1048592 @ 0x00000000ec200000) remset 0 code roots 0 marked 1 reclaim candidate 1 type array 1
[367.216s][debug][gc,humongous      ] GC(32993) Humongous region 1830 (object size 1048592 @ 0x00000000f2600000) remset 0 code roots 0 marked 1 reclaim candidate 1 type array 1
[367.216s][debug][gc,humongous      ] GC(32993) Humongous region 1044 (object size 1048592 @ 0x00000000c1400000) remset 0 code roots 0 marked 1 reclaim candidate 1 type array 1
[367.216s][debug][gc,humongous      ] GC(32993) Humongous region 433 (object size 1048592 @ 0x000000009b100000) remset 0 code roots 0 marked 1 reclaim candidate 1 type array 1
[367.216s][debug][gc,humongous      ] GC(32993) Humongous region 1381 (object size 1048592 @ 0x00000000d6500000) remset 0 code roots 0 marked 1 reclaim candidate 1 type array 1
[367.216s][debug][gc,humongous      ] GC(32993) Humongous region 252 (object size 1048592 @ 0x000000008fc00000) remset 0 code roots 0 marked 1 reclaim candidate 1 type array 1
[367.216s][debug][gc,humongous      ] GC(32993) Humongous region 1383 (object size 1048592 @ 0x00000000d6700000) remset 0 code roots 0 marked 1 reclaim candidate 1 type array 1
[367.216s][debug][gc,humongous      ] GC(32993) Humongous region 1385 (object size 1048592 @ 0x00000000d6900000) remset 0 code roots 0 marked 1 reclaim candidate 1 type array 1
[367.216s][debug][gc,humongous      ] GC(32993) Humongous region 1533 (object size 1048592 @ 0x00000000dfd00000) remset 0 code roots 0 marked 1 reclaim candidate 1 type array 1
[367.216s][debug][gc,humongous      ] GC(32993) Humongous region 1387 (object size 1048592 @ 0x00000000d6b00000) remset 0 code roots 0 marked 1 reclaim candidate 1 type array 1
[367.216s][debug][gc,humongous      ] GC(32993) Humongous region 256 (object size 1048592 @ 0x0000000090000000) remset 0 code roots 0 marked 1 reclaim candidate 1 type array 1
[367.216s][debug][gc,humongous      ] GC(32993) Humongous region 1389 (object size 1048592 @ 0x00000000d6d00000) remset 0 code roots 0 marked 1 reclaim candidate 1 type array 1
[367.216s][debug][gc,humongous      ] GC(32993) Humongous region 260 (object size 1048592 @ 0x0000000090400000) remset 0 code roots 0 marked 1 reclaim candidate 1 type array 1
[367.216s][debug][gc,humongous      ] GC(32993) Humongous region 1832 (object size 1048592 @ 0x00000000f2800000) remset 0 code roots 0 marked 1 reclaim candidate 1 type array 1
[367.216s][debug][gc,humongous      ] GC(32993) Humongous region 1834 (object size 1048592 @ 0x00000000f2a00000) remset 0 code roots 0 marked 1 reclaim candidate 1 type array 1
[367.216s][debug][gc,humongous      ] GC(32993) Humongous region 1836 (object size 1048592 @ 0x00000000f2c00000) remset 0 code roots 0 marked 1 reclaim candidate 1 type array 1
[367.216s][debug][gc,humongous      ] GC(32993) Humongous region 435 (object size 1048592 @ 0x000000009b300000) remset 0 code roots 0 marked 1 reclaim candidate 1 type array 1
[367.216s][debug][gc,humongous      ] GC(32993) Humongous region 929 (object size 1048592 @ 0x00000000ba100000) remset 0 code roots 0 marked 1 reclaim candidate 1 type array 1
[367.216s][debug][gc,humongous      ] GC(32993) Humongous region 1232 (object size 1048592 @ 0x00000000cd000000) remset 0 code roots 0 marked 1 reclaim candidate 1 type array 1
[367.216s][debug][gc,humongous      ] GC(32993) Humongous region 254 (object size 1048592 @ 0x000000008fe00000) remset 0 code roots 0 marked 1 reclaim candidate 1 type array 1
[367.216s][debug][gc,humongous      ] GC(32993) Humongous region 1234 (object size 1048592 @ 0x00000000cd200000) remset 0 code roots 0 marked 1 reclaim candidate 1 type array 1
[367.216s][debug][gc,humongous      ] GC(32993) Humongous region 1535 (object size 1048592 @ 0x00000000dff00000) remset 0 code roots 0 marked 1 reclaim candidate 1 type array 1
[367.216s][debug][gc,humongous      ] GC(32993) Humongous region 937 (object size 1048592 @ 0x00000000ba900000) remset 0 code roots 0 marked 1 reclaim candidate 1 type array 1
[367.216s][debug][gc,humongous      ] GC(32993) Humongous region 1537 (object size 1048592 @ 0x00000000e0100000) remset 0 code roots 0 marked 1 reclaim candidate 1 type array 1
[367.216s][debug][gc,humongous      ] GC(32993) Humongous region 262 (object size 1048592 @ 0x0000000090600000) remset 0 code roots 0 marked 1 reclaim candidate 1 type array 1
[367.216s][debug][gc,humongous      ] GC(32993) Humongous region 1539 (object size 1048592 @ 0x00000000e0300000) remset 0 code roots 0 marked 1 reclaim candidate 1 type array 1
[367.216s][debug][gc,humongous      ] GC(32993) Humongous region 1046 (object size 1048592 @ 0x00000000c1600000) remset 0 code roots 0 marked 1 reclaim candidate 1 type array 1
[367.216s][debug][gc,humongous      ] GC(32993) Humongous region 1541 (object size 1048592 @ 0x00000000e0500000) remset 0 code roots 0 marked 1 reclaim candidate 1 type array 1
[367.216s][debug][gc,humongous      ] GC(32993) Humongous region 1840 (object size 1048592 @ 0x00000000f3000000) remset 0 code roots 0 marked 1 reclaim candidate 1 type array 1
[367.216s][debug][gc,humongous      ] GC(32993) Humongous region 1543 (object size 1048592 @ 0x00000000e0700000) remset 0 code roots 0 marked 1 reclaim candidate 1 type array 1
[367.216s][debug][gc,humongous      ] GC(32993) Humongous region 939 (object size 1048592 @ 0x00000000bab00000) remset 0 code roots 0 marked 1 reclaim candidate 1 type array 1
[367.216s][debug][gc,humongous      ] GC(32993) Humongous region 1545 (object size 1048592 @ 0x00000000e0900000) remset 0 code roots 0 marked 1 reclaim candidate 1 type array 1
[367.216s][debug][gc,humongous      ] GC(32993) Humongous region 943 (object size 1048592 @ 0x00000000baf00000) remset 0 code roots 0 marked 1 reclaim candidate 1 type array 1
[367.216s][debug][gc,humongous      ] GC(32993) Humongous region 1547 (object size 1048592 @ 0x00000000e0b00000) remset 0 code roots 0 marked 1 reclaim candidate 1 type array 1
[367.216s][debug][gc,humongous      ] GC(32993) Humongous region 1050 (object size 1048592 @ 0x00000000c1a00000) remset 0 code roots 0 marked 1 reclaim candidate 1 type array 1
[367.216s][debug][gc,humongous      ] GC(32993) Humongous region 941 (object size 1048592 @ 0x00000000bad00000) remset 0 code roots 0 marked 1 reclaim candidate 1 type array 1
[367.216s][debug][gc,humongous      ] GC(32993) Humongous region 266 (object size 1048592 @ 0x0000000090a00000) remset 0 code roots 0 marked 1 reclaim candidate 1 type array 1
[367.216s][debug][gc,humongous      ] GC(32993) Humongous region 1054 (object size 1048592 @ 0x00000000c1e00000) remset 0 code roots 0 marked 1 reclaim candidate 1 type array 1
[367.216s][debug][gc,humongous      ] GC(32993) Humongous region 1391 (object size 1048592 @ 0x00000000d6f00000) remset 0 code roots 0 marked 1 reclaim candidate 1 type array 1
[367.216s][debug][gc,humongous      ] GC(32993) Humongous region 268 (object size 1048592 @ 0x0000000090c00000) remset 0 code roots 0 marked 1 reclaim candidate 1 type array 1
[367.216s][debug][gc,humongous      ] GC(32993) Humongous region 1048 (object size 1048592 @ 0x00000000c1800000) remset 0 code roots 0 marked 1 reclaim candidate 1 type array 1
[367.216s][debug][gc,humongous      ] GC(32993) Humongous region 1393 (object size 1048592 @ 0x00000000d7100000) remset 0 code roots 0 marked 1 reclaim candidate 1 type array 1
[367.216s][debug][gc,humongous      ] GC(32993) Humongous region 258 (object size 1048592 @ 0x0000000090200000) remset 0 code roots 0 marked 1 reclaim candidate 1 type array 1
[367.216s][debug][gc,humongous      ] GC(32993) Humongous region 264 (object size 1048592 @ 0x0000000090800000) remset 0 code roots 0 marked 1 reclaim candidate 1 type array 1
[367.216s][debug][gc,humongous      ] GC(32993) Humongous region 272 (object size 1048592 @ 0x0000000091000000) remset 0 code roots 0 marked 1 reclaim candidate 1 type array 1
[367.216s][debug][gc,humongous      ] GC(32993) Humongous region 1236 (object size 1048592 @ 0x00000000cd400000) remset 0 code roots 0 marked 1 reclaim candidate 1 type array 1
[367.216s][debug][gc,humongous      ] GC(32993) Humongous region 1549 (object size 1048592 @ 0x00000000e0d00000) remset 0 code roots 0 marked 1 reclaim candidate 1 type array 1
[367.216s][debug][gc,humongous      ] GC(32993) Humongous region 1238 (object size 1048592 @ 0x00000000cd600000) remset 0 code roots 0 marked 1 reclaim candidate 1 type array 1
[367.216s][debug][gc,humongous      ] GC(32993) Humongous region 1056 (object size 1048592 @ 0x00000000c2000000) remset 0 code roots 0 marked 1 reclaim candidate 1 type array 1
[367.216s][debug][gc,humongous      ] GC(32993) Humongous region 1242 (object size 1048592 @ 0x00000000cda00000) remset 0 code roots 0 marked 1 reclaim candidate 1 type array 1
[367.216s][debug][gc,humongous      ] GC(32993) Humongous region 437 (object size 1048592 @ 0x000000009b500000) remset 0 code roots 0 marked 1 reclaim candidate 1 type array 1
[367.216s][debug][gc,humongous      ] GC(32993) Humongous region 1842 (object size 1048592 @ 0x00000000f3200000) remset 0 code roots 0 marked 1 reclaim candidate 1 type array 1
[367.216s][debug][gc,humongous      ] GC(32993) Humongous region 270 (object size 1048592 @ 0x0000000090e00000) remset 0 code roots 0 marked 1 reclaim candidate 1 type array 1
[367.216s][debug][gc,humongous      ] GC(32993) Humongous region 1844 (object size 1048592 @ 0x00000000f3400000) remset 0 code roots 0 marked 1 reclaim candidate 1 type array 1
[367.216s][debug][gc,humongous      ] GC(32993) Humongous region 278 (object size 1048592 @ 0x0000000091600000) remset 0 code roots 0 marked 1 reclaim candidate 1 type array 1
[367.216s][debug][gc,humongous      ] GC(32993) Humongous region 1846 (object size 1048592 @ 0x00000000f3600000) remset 0 code roots 0 marked 1 reclaim candidate 1 type array 1
[367.216s][debug][gc,humongous      ] GC(32993) Humongous region 274 (object size 1048592 @ 0x0000000091200000) remset 0 code roots 0 marked 1 reclaim candidate 1 type array 1
[367.216s][debug][gc,humongous      ] GC(32993) Humongous region 280 (object size 1048592 @ 0x0000000091800000) remset 0 code roots 0 marked 1 reclaim candidate 1 type array 1
[367.216s][debug][gc,humongous      ] GC(32993) Humongous region 1052 (object size 1048592 @ 0x00000000c1c00000) remset 0 code roots 0 marked 1 reclaim candidate 1 type array 1
[367.216s][debug][gc,humongous      ] GC(32993) Humongous region 284 (object size 1048592 @ 0x0000000091c00000) remset 0 code roots 0 marked 1 reclaim candidate 1 type array 1
[367.216s][debug][gc,humongous      ] GC(32993) Humongous region 1551 (object size 1048592 @ 0x00000000e0f00000) remset 0 code roots 0 marked 1 reclaim candidate 1 type array 1
[367.217s][debug][gc,humongous      ] GC(32993) Humongous region 286 (object size 1048592 @ 0x0000000091e00000) remset 0 code roots 0 marked 0 reclaim candidate 1 type array 1
[367.217s][debug][gc,humongous      ] GC(32993) Humongous region 1553 (object size 1048592 @ 0x00000000e1100000) remset 0 code roots 0 marked 1 reclaim candidate 1 type array 1
[367.216s][debug][gc,humongous      ] GC(32993) Humongous region 439 (object size 1048592 @ 0x000000009b700000) remset 0 code roots 0 marked 1 reclaim candidate 1 type array 1
[367.217s][debug][gc,humongous      ] GC(32993) Humongous region 1555 (object size 1048592 @ 0x00000000e1300000) remset 0 code roots 0 marked 1 reclaim candidate 1 type array 1
[367.216s][debug][gc,humongous      ] GC(32993) Humongous region 1395 (object size 1048592 @ 0x00000000d7300000) remset 0 code roots 0 marked 1 reclaim candidate 1 type array 1
[367.217s][debug][gc,humongous      ] GC(32993) Humongous region 441 (object size 1048592 @ 0x000000009b900000) remset 0 code roots 0 marked 1 reclaim candidate 1 type array 1
[367.216s][debug][gc,humongous      ] GC(32993) Humongous region 276 (object size 1048592 @ 0x0000000091400000) remset 0 code roots 0 marked 1 reclaim candidate 1 type array 1
[367.216s][debug][gc,humongous      ] GC(32993) Humongous region 1848 (object size 1048592 @ 0x00000000f3800000) remset 0 code roots 0 marked 1 reclaim candidate 1 type array 1
[367.216s][debug][gc,humongous      ] GC(32993) Humongous region 282 (object size 1048592 @ 0x0000000091a00000) remset 0 code roots 0 marked 0 reclaim candidate 1 type array 1
[367.216s][debug][gc,humongous      ] GC(32993) Humongous region 1063 (object size 1048592 @ 0x00000000c2700000) remset 0 code roots 0 marked 1 reclaim candidate 1 type array 1
[367.216s][debug][gc,humongous      ] GC(32993) Humongous region 1061 (object size 1048592 @ 0x00000000c2500000) remset 0 code roots 0 marked 1 reclaim candidate 1 type array 1
[367.217s][debug][gc,humongous      ] GC(32993) Humongous region 1065 (object size 1048592 @ 0x00000000c2900000) remset 0 code roots 0 marked 1 reclaim candidate 1 type array 1
[367.216s][debug][gc,humongous      ] GC(32993) Humongous region 1244 (object size 1048592 @ 0x00000000cdc00000) remset 0 code roots 0 marked 1 reclaim candidate 1 type array 1
[367.217s][debug][gc,humongous      ] GC(32993) Humongous region 1069 (object size 1048592 @ 0x00000000c2d00000) remset 0 code roots 0 marked 1 reclaim candidate 1 type array 1
[367.216s][debug][gc,humongous      ] GC(32993) Humongous region 1059 (object size 1048592 @ 0x00000000c2300000) remset 0 code roots 0 marked 1 reclaim candidate 1 type array 1
[367.217s][debug][gc,humongous      ] GC(32993) Humongous region 1557 (object size 1048592 @ 0x00000000e1500000) remset 0 code roots 0 marked 1 reclaim candidate 1 type array 1
[367.216s][debug][gc,humongous      ] GC(32993) Humongous region 598 (object size 1048592 @ 0x00000000a5600000) remset 0 code roots 0 marked 1 reclaim candidate 1 type array 1
[367.217s][debug][gc,humongous      ] GC(32993) Humongous region 1397 (object size 1048592 @ 0x00000000d7500000) remset 0 code roots 0 marked 1 reclaim candidate 1 type array 1
[367.217s][debug][gc,humongous      ] GC(32993) Humongous region 443 (object size 1048592 @ 0x000000009bb00000) remset 0 code roots 0 marked 1 reclaim candidate 1 type array 1
[367.217s][debug][gc,humongous      ] GC(32993) Humongous region 290 (object size 1048592 @ 0x0000000092200000) remset 0 code roots 0 marked 0 reclaim candidate 1 type array 1
[367.217s][debug][gc,humongous      ] GC(32993) Humongous region 445 (object size 1048592 @ 0x000000009bd00000) remset 0 code roots 0 marked 1 reclaim candidate 1 type array 1
[367.217s][debug][gc,humongous      ] GC(32993) Humongous region 294 (object size 1048592 @ 0x0000000092600000) remset 0 code roots 0 marked 1 reclaim candidate 1 type array 1
[367.217s][debug][gc,humongous      ] GC(32993) Humongous region 447 (object size 1048592 @ 0x000000009bf00000) remset 0 code roots 0 marked 1 reclaim candidate 1 type array 1
[367.217s][debug][gc,humongous      ] GC(32993) Humongous region 297 (object size 1048592 @ 0x0000000092900000) remset 0 code roots 0 marked 1 reclaim candidate 1 type array 1
[367.217s][debug][gc,humongous      ] GC(32993) Humongous region 288 (object size 1048592 @ 0x0000000092000000) remset 0 code roots 0 marked 1 reclaim candidate 1 type array 1
[367.217s][debug][gc,humongous      ] GC(32993) Humongous region 1246 (object size 1048592 @ 0x00000000cde00000) remset 0 code roots 0 marked 1 reclaim candidate 1 type array 1
[367.217s][debug][gc,humongous      ] GC(32993) Humongous region 301 (object size 1048592 @ 0x0000000092d00000) remset 0 code roots 0 marked 1 reclaim candidate 1 type array 1
[367.217s][debug][gc,humongous      ] GC(32993) Humongous region 1248 (object size 1048592 @ 0x00000000ce000000) remset 0 code roots 0 marked 1 reclaim candidate 1 type array 1
[367.217s][debug][gc,humongous      ] GC(32993) Humongous region 1559 (object size 1048592 @ 0x00000000e1700000) remset 0 code roots 0 marked 1 reclaim candidate 1 type array 1
[367.217s][debug][gc,humongous      ] GC(32993) Humongous region 600 (object size 1048592 @ 0x00000000a5800000) remset 0 code roots 0 marked 1 reclaim candidate 1 type array 1
[367.217s][debug][gc,humongous      ] GC(32993) Humongous region 1399 (object size 1048592 @ 0x00000000d7700000) remset 0 code roots 0 marked 1 reclaim candidate 1 type array 1
[367.217s][debug][gc,humongous      ] GC(32993) Humongous region 602 (object size 1048592 @ 0x00000000a5a00000) remset 0 code roots 0 marked 1 reclaim candidate 1 type array 1
[367.217s][debug][gc,humongous      ] GC(32993) Humongous region 1401 (object size 1048592 @ 0x00000000d7900000) remset 0 code roots 0 marked 1 reclaim candidate 1 type array 1
[367.217s][debug][gc,humongous      ] GC(32993) Humongous region 604 (object size 1048592 @ 0x00000000a5c00000) remset 0 code roots 0 marked 1 reclaim candidate 1 type array 1
[367.217s][debug][gc,humongous      ] GC(32993) Humongous region 1403 (object size 1048592 @ 0x00000000d7b00000) remset 0 code roots 0 marked 1 reclaim candidate 1 type array 1
[367.217s][debug][gc,humongous      ] GC(32993) Humongous region 606 (object size 1048592 @ 0x00000000a5e00000) remset 0 code roots 0 marked 1 reclaim candidate 1 type array 1
[367.217s][debug][gc,humongous      ] GC(32993) Humongous region 299 (object size 1048592 @ 0x0000000092b00000) remset 0 code roots 0 marked 1 reclaim candidate 1 type array 1
[367.217s][debug][gc,humongous      ] GC(32993) Humongous region 608 (object size 1048592 @ 0x00000000a6000000) remset 0 code roots 0 marked 1 reclaim candidate 1 type array 1
[367.217s][debug][gc,humongous      ] GC(32993) Humongous region 305 (object size 1048592 @ 0x0000000093100000) remset 0 code roots 0 marked 1 reclaim candidate 1 type array 1
[367.217s][debug][gc,humongous      ] GC(32993) Humongous region 1250 (object size 1048592 @ 0x00000000ce200000) remset 0 code roots 0 marked 1 reclaim candidate 1 type array 1
[367.217s][debug][gc,humongous      ] GC(32993) Humongous region 307 (object size 1048592 @ 0x0000000093300000) remset 0 code roots 0 marked 1 reclaim candidate 1 type array 1
[367.217s][debug][gc,humongous      ] GC(32993) Humongous region 1252 (object size 1048592 @ 0x00000000ce400000) remset 0 code roots 0 marked 1 reclaim candidate 1 type array 1
[367.217s][debug][gc,humongous      ] GC(32993) Humongous region 292 (object size 1048592 @ 0x0000000092400000) remset 0 code roots 0 marked 1 reclaim candidate 1 type array 1
[367.217s][debug][gc,humongous      ] GC(32993) Humongous region 1254 (object size 1048592 @ 0x00000000ce600000) remset 0 code roots 0 marked 1 reclaim candidate 1 type array 1
[367.217s][debug][gc,humongous      ] GC(32993) Humongous region 1067 (object size 1048592 @ 0x00000000c2b00000) remset 0 code roots 0 marked 1 reclaim candidate 1 type array 1
[367.217s][debug][gc,humongous      ] GC(32993) Humongous region 1256 (object size 1048592 @ 0x00000000ce800000) remset 0 code roots 0 marked 1 reclaim candidate 1 type array 1
[367.217s][debug][gc,humongous      ] GC(32993) Humongous region 1075 (object size 1048592 @ 0x00000000c3300000) remset 0 code roots 0 marked 1 reclaim candidate 1 type array 1
[367.217s][debug][gc,humongous      ] GC(32993) Humongous region 1258 (object size 1048592 @ 0x00000000cea00000) remset 0 code roots 0 marked 1 reclaim candidate 1 type array 1
[367.217s][debug][gc,humongous      ] GC(32993) Humongous region 1077 (object size 1048592 @ 0x00000000c3500000) remset 0 code roots 0 marked 1 reclaim candidate 1 type array 1
[367.217s][debug][gc,humongous      ] GC(32993) Humongous region 1407 (object size 1048592 @ 0x00000000d7f00000) remset 0 code roots 0 marked 1 reclaim candidate 1 type array 1
[367.217s][debug][gc,humongous      ] GC(32993) Humongous region 303 (object size 1048592 @ 0x0000000092f00000) remset 0 code roots 0 marked 0 reclaim candidate 1 type array 1
[367.217s][debug][gc,humongous      ] GC(32993) Humongous region 1409 (object size 1048592 @ 0x00000000d8100000) remset 0 code roots 0 marked 1 reclaim candidate 1 type array 1
[367.217s][debug][gc,humongous      ] GC(32993) Humongous region 1561 (object size 1048592 @ 0x00000000e1900000) remset 0 code roots 0 marked 1 reclaim candidate 1 type array 1
[367.217s][debug][gc,humongous      ] GC(32993) Humongous region 309 (object size 1048592 @ 0x0000000093500000) remset 0 code roots 0 marked 1 reclaim candidate 1 type array 1
[367.217s][debug][gc,humongous      ] GC(32993) Humongous region 1850 (object size 1048592 @ 0x00000000f3a00000) remset 0 code roots 0 marked 1 reclaim candidate 1 type array 1
[367.217s][debug][gc,humongous      ] GC(32993) Humongous region 451 (object size 1048592 @ 0x000000009c300000) remset 0 code roots 0 marked 1 reclaim candidate 1 type array 1
[367.217s][debug][gc,humongous      ] GC(32993) Humongous region 1852 (object size 1048592 @ 0x00000000f3c00000) remset 0 code roots 0 marked 1 reclaim candidate 1 type array 1
[367.217s][debug][gc,humongous      ] GC(32993) Humongous region 449 (object size 1048592 @ 0x000000009c100000) remset 0 code roots 0 marked 1 reclaim candidate 1 type array 1
[367.217s][debug][gc,humongous      ] GC(32993) Humongous region 1854 (object size 1048592 @ 0x00000000f3e00000) remset 0 code roots 0 marked 1 reclaim candidate 1 type array 1
[367.217s][debug][gc,humongous      ] GC(32993) Humongous region 1071 (object size 1048592 @ 0x00000000c2f00000) remset 0 code roots 0 marked 1 reclaim candidate 1 type array 1
[367.217s][debug][gc,humongous      ] GC(32993) Humongous region 1073 (object size 1048592 @ 0x00000000c3100000) remset 0 code roots 0 marked 1 reclaim candidate 1 type array 1
[367.217s][debug][gc,humongous      ] GC(32993) Humongous region 1081 (object size 1048592 @ 0x00000000c3900000) remset 0 code roots 0 marked 1 reclaim candidate 1 type array 1
[367.217s][debug][gc,humongous      ] GC(32993) Humongous region 1085 (object size 1048592 @ 0x00000000c3d00000) remset 0 code roots 0 marked 1 reclaim candidate 1 type array 1
[367.217s][debug][gc,humongous      ] GC(32993) Humongous region 313 (object size 1048592 @ 0x0000000093900000) remset 0 code roots 0 marked 1 reclaim candidate 1 type array 1
[367.217s][debug][gc,humongous      ] GC(32993) Humongous region 1087 (object size 1048592 @ 0x00000000c3f00000) remset 0 code roots 0 marked 1 reclaim candidate 1 type array 1
[367.217s][debug][gc,humongous      ] GC(32993) Humongous region 1563 (object size 1048592 @ 0x00000000e1b00000) remset 0 code roots 0 marked 1 reclaim candidate 1 type array 1
[367.217s][debug][gc,humongous      ] GC(32993) Humongous region 311 (object size 1048592 @ 0x0000000093700000) remset 0 code roots 0 marked 1 reclaim candidate 1 type array 1
[367.216s][debug][gc,humongous      ] GC(32993) Humongous region 1838 (object size 1048592 @ 0x00000000f2e00000) remset 0 code roots 0 marked 1 reclaim candidate 1 type array 1
[367.217s][debug][gc,humongous      ] GC(32993) Humongous region 453 (object size 1048592 @ 0x000000009c500000) remset 0 code roots 0 marked 1 reclaim candidate 1 type array 1
[367.217s][debug][gc,humongous      ] GC(32993) Humongous region 1858 (object size 1048592 @ 0x00000000f4200000) remset 0 code roots 0 marked 1 reclaim candidate 1 type array 1
[367.217s][debug][gc,humongous      ] GC(32993) Humongous region 455 (object size 1048592 @ 0x000000009c700000) remset 0 code roots 0 marked 1 reclaim candidate 1 type array 1
[367.217s][debug][gc,humongous      ] GC(32993) Humongous region 1860 (object size 1048592 @ 0x00000000f4400000) remset 0 code roots 0 marked 1 reclaim candidate 1 type array 1
[367.217s][debug][gc,humongous      ] GC(32993) Humongous region 1079 (object size 1048592 @ 0x00000000c3700000) remset 0 code roots 0 marked 1 reclaim candidate 1 type array 1
[367.217s][debug][gc,humongous      ] GC(32993) Humongous region 610 (object size 1048592 @ 0x00000000a6200000) remset 0 code roots 0 marked 1 reclaim candidate 1 type array 1
[367.217s][debug][gc,humongous      ] GC(32993) Humongous region 1091 (object size 1048592 @ 0x00000000c4300000) remset 0 code roots 0 marked 1 reclaim candidate 1 type array 1
[367.217s][debug][gc,humongous      ] GC(32993) Humongous region 1083 (object size 1048592 @ 0x00000000c3b00000) remset 0 code roots 0 marked 1 reclaim candidate 1 type array 1
[367.217s][debug][gc,humongous      ] GC(32993) Humongous region 457 (object size 1048592 @ 0x000000009c900000) remset 0 code roots 0 marked 1 reclaim candidate 1 type array 1
[367.217s][debug][gc,humongous      ] GC(32993) Humongous region 1097 (object size 1048592 @ 0x00000000c4900000) remset 0 code roots 0 marked 1 reclaim candidate 1 type array 1
[367.217s][debug][gc,humongous      ] GC(32993) Humongous region 465 (object size 1048592 @ 0x000000009d100000) remset 0 code roots 0 marked 1 reclaim candidate 1 type array 1
[367.217s][debug][gc,humongous      ] GC(32993) Humongous region 1099 (object size 1048592 @ 0x00000000c4b00000) remset 0 code roots 0 marked 1 reclaim candidate 1 type array 1
[367.217s][debug][gc,humongous      ] GC(32993) Humongous region 467 (object size 1048592 @ 0x000000009d300000) remset 0 code roots 0 marked 1 reclaim candidate 1 type array 1
[367.217s][debug][gc,humongous      ] GC(32993) Humongous region 461 (object size 1048592 @ 0x000000009cd00000) remset 0 code roots 0 marked 1 reclaim candidate 1 type array 1
[367.217s][debug][gc,humongous      ] GC(32993) Humongous region 1856 (object size 1048592 @ 0x00000000f4000000) remset 0 code roots 0 marked 1 reclaim candidate 1 type array 1
[367.217s][debug][gc,humongous      ] GC(32993) Humongous region 463 (object size 1048592 @ 0x000000009cf00000) remset 0 code roots 0 marked 1 reclaim candidate 1 type array 1
[367.217s][debug][gc,humongous      ] GC(32993) Humongous region 614 (object size 1048592 @ 0x00000000a6600000) remset 0 code roots 0 marked 1 reclaim candidate 1 type array 1
[367.217s][debug][gc,humongous      ] GC(32993) Humongous region 1866 (object size 1048592 @ 0x00000000f4a00000) remset 0 code roots 0 marked 1 reclaim candidate 1 type array 1
[367.217s][debug][gc,humongous      ] GC(32993) Humongous region 612 (object size 1048592 @ 0x00000000a6400000) remset 0 code roots 0 marked 1 reclaim candidate 1 type array 1
[367.217s][debug][gc,humongous      ] GC(32993) Humongous region 1095 (object size 1048592 @ 0x00000000c4700000) remset 0 code roots 0 marked 1 reclaim candidate 1 type array 1
[367.217s][debug][gc,humongous      ] GC(32993) Humongous region 618 (object size 1048592 @ 0x00000000a6a00000) remset 0 code roots 0 marked 1 reclaim candidate 1 type array 1
[367.217s][debug][gc,humongous      ] GC(32993) Humongous region 1415 (object size 1048592 @ 0x00000000d8700000) remset 0 code roots 0 marked 1 reclaim candidate 1 type array 1
[367.217s][debug][gc,humongous      ] GC(32993) Humongous region 620 (object size 1048592 @ 0x00000000a6c00000) remset 0 code roots 0 marked 1 reclaim candidate 1 type array 1
[367.217s][debug][gc,humongous      ] GC(32993) Humongous region 1567 (object size 1048592 @ 0x00000000e1f00000) remset 0 code roots 0 marked 1 reclaim candidate 1 type array 1
[367.217s][debug][gc,humongous      ] GC(32993) Humongous region 469 (object size 1048592 @ 0x000000009d500000) remset 0 code roots 0 marked 1 reclaim candidate 1 type array 1
[367.217s][debug][gc,humongous      ] GC(32993) Humongous region 1569 (object size 1048592 @ 0x00000000e2100000) remset 0 code roots 0 marked 1 reclaim candidate 1 type array 1
[367.217s][debug][gc,humongous      ] GC(32993) Humongous region 471 (object size 1048592 @ 0x000000009d700000) remset 0 code roots 0 marked 1 reclaim candidate 1 type array 1
[367.217s][debug][gc,humongous      ] GC(32993) Humongous region 1862 (object size 1048592 @ 0x00000000f4600000) remset 0 code roots 0 marked 1 reclaim candidate 1 type array 1
[367.217s][debug][gc,humongous      ] GC(32993) Humongous region 626 (object size 1048592 @ 0x00000000a7200000) remset 0 code roots 0 marked 1 reclaim candidate 1 type array 1
[367.218s][debug][gc,humongous      ] GC(32993) Humongous region 1870 (object size 1048592 @ 0x00000000f4e00000) remset 0 code roots 0 marked 1 reclaim candidate 1 type array 1
[367.218s][debug][gc,humongous      ] GC(32993) Humongous region 628 (object size 1048592 @ 0x00000000a7400000) remset 0 code roots 0 marked 1 reclaim candidate 1 type array 1
[367.217s][debug][gc,humongous      ] GC(32993) Humongous region 1089 (object size 1048592 @ 0x00000000c4100000) remset 0 code roots 0 marked 1 reclaim candidate 1 type array 1
[367.217s][debug][gc,humongous      ] GC(32993) Humongous region 459 (object size 1048592 @ 0x000000009cb00000) remset 0 code roots 0 marked 1 reclaim candidate 1 type array 1
[367.218s][debug][gc,humongous      ] GC(32993) Humongous region 1874 (object size 1048592 @ 0x00000000f5200000) remset 0 code roots 0 marked 1 reclaim candidate 1 type array 1
[367.218s][debug][gc,humongous      ] GC(32993) Humongous region 1876 (object size 1048592 @ 0x00000000f5400000) remset 0 code roots 0 marked 1 reclaim candidate 1 type array 1
[367.218s][debug][gc,humongous      ] GC(32993) Humongous region 1878 (object size 1048592 @ 0x00000000f5600000) remset 0 code roots 0 marked 1 reclaim candidate 1 type array 1
[367.217s][debug][gc,humongous      ] GC(32993) Humongous region 622 (object size 1048592 @ 0x00000000a6e00000) remset 0 code roots 0 marked 1 reclaim candidate 1 type array 1
[367.217s][debug][gc,humongous      ] GC(32993) Humongous region 624 (object size 1048592 @ 0x00000000a7000000) remset 0 code roots 0 marked 1 reclaim candidate 1 type array 1
[367.217s][debug][gc,humongous      ] GC(32993) Humongous region 1571 (object size 1048592 @ 0x00000000e2300000) remset 0 code roots 0 marked 1 reclaim candidate 1 type array 1
[367.217s][debug][gc,humongous      ] GC(32993) Humongous region 1868 (object size 1048592 @ 0x00000000f4c00000) remset 0 code roots 0 marked 1 reclaim candidate 1 type array 1
[367.217s][debug][gc,humongous      ] GC(32993) Humongous region 1411 (object size 1048592 @ 0x00000000d8300000) remset 0 code roots 0 marked 1 reclaim candidate 1 type array 1
[367.218s][debug][gc,humongous      ] GC(32993) Humongous region 1872 (object size 1048592 @ 0x00000000f5000000) remset 0 code roots 0 marked 1 reclaim candidate 1 type array 1
[367.218s][debug][gc,humongous      ] GC(32993) Humongous region 1573 (object size 1048592 @ 0x00000000e2500000) remset 0 code roots 0 marked 1 reclaim candidate 1 type array 1
[367.217s][debug][gc,humongous      ] GC(32993) Humongous region 1565 (object size 1048592 @ 0x00000000e1d00000) remset 0 code roots 0 marked 1 reclaim candidate 1 type array 1
[367.217s][debug][gc,humongous      ] GC(32993) Humongous region 1405 (object size 1048592 @ 0x00000000d7d00000) remset 0 code roots 0 marked 1 reclaim candidate 1 type array 1
[367.217s][debug][gc,humongous      ] GC(32993) Humongous region 1101 (object size 1048592 @ 0x00000000c4d00000) remset 0 code roots 0 marked 1 reclaim candidate 1 type array 1
[367.218s][debug][gc,humongous      ] GC(32993) Humongous region 1880 (object size 1048592 @ 0x00000000f5800000) remset 0 code roots 0 marked 1 reclaim candidate 1 type array 1
[367.218s][debug][gc,humongous      ] GC(32993) Humongous region 1882 (object size 1048592 @ 0x00000000f5a00000) remset 0 code roots 0 marked 1 reclaim candidate 1 type array 1
[367.218s][debug][gc,humongous      ] GC(32993) Humongous region 1884 (object size 1048592 @ 0x00000000f5c00000) remset 0 code roots 0 marked 1 reclaim candidate 1 type array 1
[367.217s][debug][gc,humongous      ] GC(32993) Humongous region 616 (object size 1048592 @ 0x00000000a6800000) remset 0 code roots 0 marked 1 reclaim candidate 1 type array 1
[367.218s][debug][gc,humongous      ] GC(32993) Humongous region 1886 (object size 1048592 @ 0x00000000f5e00000) remset 0 code roots 0 marked 1 reclaim candidate 1 type array 1
[367.218s][debug][gc,humongous      ] GC(32993) Humongous region 1888 (object size 1048592 @ 0x00000000f6000000) remset 0 code roots 0 marked 1 reclaim candidate 1 type array 1
[367.218s][debug][gc,ergo           ] GC(32993) Running G1 Merge Heap Roots using 13 workers for 0 regions
[367.218s][debug][gc,remset         ] GC(32993) Visited cards 96 Total dirty 2048 (4.69%) Total old 4032512 (0.00%)
[367.218s][debug][gc,ref            ] GC(32993) Skipped phase 1 of Reference Processing: no references
[367.218s][debug][gc,ref            ] GC(32993) Skipped phase 2 of Reference Processing: no references
[367.218s][debug][gc,ref            ] GC(32993) Skipped phase 3 of Reference Processing: no references
[367.218s][debug][gc,ref            ] GC(32993) Skipped phase 4 of Reference Processing: no references
[367.219s][debug][gc,ergo           ] GC(32993) Running G1 Rebuild Free List Task using 13 workers for rebuilding free list of regions
[367.219s][debug][gc,plab           ] GC(32993) Young PLAB allocation: allocated: 0B, wasted: 0B, unused: 0B, used: 0B, undo waste: 0B, 
[367.219s][debug][gc,plab           ] GC(32993) Young other allocation: region end waste: 0B, regions filled: 0, direct allocated: 0B, failure used: 0B, failure wasted: 0B
[367.219s][debug][gc,plab           ] GC(32993) Young sizing: calculated: 0B, actual: 2064B
[367.219s][debug][gc,plab           ] GC(32993) Old PLAB allocation: allocated: 0B, wasted: 0B, unused: 0B, used: 0B, undo waste: 0B, 
[367.219s][debug][gc,plab           ] GC(32993) Old other allocation: region end waste: 0B, regions filled: 1, direct allocated: 0B, failure used: 0B, failure wasted: 0B
[367.219s][debug][gc,plab           ] GC(32993) Old sizing: calculated: 0B, actual: 2064B
[367.219s][debug][gc,ergo,heap      ] GC(32993) Heap expansion: short term pause time ratio 91.87% long term pause time ratio 80.99% threshold 7.69% pause time ratio 7.69% fully expanded true resize by 0B
[367.219s][debug][gc,mmu            ] GC(32993) MMU: 143.0ms (200.0ms/201.0ms)
[367.219s][debug][gc,alloc,stats    ] Old generation allocation in the last mutator period, old gen allocated: 0B, humongous allocated: 25165824B,old gen growth: 25165824B.
[367.219s][debug][gc,ihop           ] GC(32993) Basic information (value update), threshold: 1697325950B (79.04), target occupancy: 2147483648B, current occupancy: 2062614016B, recent allocation size: 25165824B, recent allocation duration: 3.30ms, recent old gen allocation rate: 7631812075.18B/s, recent marking phase length: 13.50ms
[367.219s][debug][gc,ihop           ] GC(32993) Adaptive IHOP information (value update), threshold: 1697325950B (92.99), internal target occupancy: 1825361100B, occupancy: 2062614016B, additional buffer size: 106954752B, predicted old gen allocation rate: 1572851958.18B/s, predicted marking phase length: 13.40ms, prediction active: true
[367.219s][debug][gc,ergo,refine    ] GC(32993) Concurrent refinement times: Logged Cards Scan time goal: 20.00ms Logged Cards Scan time: 0.00ms HCC time: 0.00ms
[367.219s][debug][gc,ergo,refine    ] GC(32993) Updated Refinement Zones: green: 3328, yellow: 9984, red: 16640
[367.219s][info ][gc,phases         ] GC(32993)   Pre Evacuate Collection Set: 11.2ms
[367.219s][debug][gc,phases         ] GC(32993)     Prepare TLABs: 0.0ms
[367.219s][debug][gc,phases         ] GC(32993)     Concatenate Dirty Card Logs: 0.0ms
[367.219s][debug][gc,phases         ] GC(32993)     Choose Collection Set: 0.0ms
[367.219s][debug][gc,phases         ] GC(32993)     Region Register: 11.2ms
[367.219s][debug][gc,phases         ] GC(32993)     Prepare Heap Roots: 0.0ms
[367.219s][info ][gc,phases         ] GC(32993)   Merge Heap Roots: 0.2ms
[367.219s][debug][gc,phases         ] GC(32993)     Prepare Merge Heap Roots: 0.0ms
[367.219s][debug][gc,phases         ] GC(32993)     Eager Reclaim (ms):            Min:  0.1, Avg:  0.1, Max:  0.1, Diff:  0.0, Sum:  0.1, Workers: 1
[367.219s][debug][gc,phases         ] GC(32993)     Remembered Sets (ms):          Min:  0.0, Avg:  0.0, Max:  0.0, Diff:  0.0, Sum:  0.0, Workers: 13
[367.219s][debug][gc,phases         ] GC(32993)       Merged Sparse:                 Min: 0, Avg:  0.0, Max: 0, Diff: 0, Sum: 0, Workers: 13
[367.219s][debug][gc,phases         ] GC(32993)       Merged Fine:                   Min: 0, Avg:  0.0, Max: 0, Diff: 0, Sum: 0, Workers: 13
[367.219s][debug][gc,phases         ] GC(32993)       Merged Coarse:                 Min: 0, Avg:  0.0, Max: 0, Diff: 0, Sum: 0, Workers: 13
[367.219s][debug][gc,phases         ] GC(32993)       Dirty Cards:                   Min: 0, Avg:  0.0, Max: 0, Diff: 0, Sum: 0, Workers: 13
[367.219s][debug][gc,phases         ] GC(32993)     Hot Card Cache (ms):           Min:  0.0, Avg:  0.0, Max:  0.0, Diff:  0.0, Sum:  0.0, Workers: 13
[367.219s][debug][gc,phases         ] GC(32993)       Dirty Cards:                   Min: 0, Avg:  0.0, Max: 0, Diff: 0, Sum: 0, Workers: 13
[367.219s][debug][gc,phases         ] GC(32993)       Skipped Cards:                 Min: 0, Avg:  0.0, Max: 0, Diff: 0, Sum: 0, Workers: 13
[367.219s][debug][gc,phases         ] GC(32993)     Log Buffers (ms):              Min:  0.0, Avg:  0.0, Max:  0.0, Diff:  0.0, Sum:  0.0, Workers: 13
[367.219s][debug][gc,phases         ] GC(32993)       Dirty Cards:                   Min: 0, Avg:  0.2, Max: 3, Diff: 3, Sum: 3, Workers: 13
[367.219s][debug][gc,phases         ] GC(32993)       Skipped Cards:                 Min: 0, Avg:  0.0, Max: 0, Diff: 0, Sum: 0, Workers: 13
[367.219s][info ][gc,phases         ] GC(32993)   Evacuate Collection Set: 0.4ms
[367.219s][debug][gc,phases         ] GC(32993)     Ext Root Scanning (ms):        Min:  0.0, Avg:  0.0, Max:  0.0, Diff:  0.0, Sum:  0.1, Workers: 13
[367.219s][debug][gc,phases         ] GC(32993)     Scan Heap Roots (ms):          Min:  0.0, Avg:  0.0, Max:  0.0, Diff:  0.0, Sum:  0.0, Workers: 13
[367.219s][debug][gc,phases         ] GC(32993)       Scanned Cards:                 Min: 0, Avg:  0.8, Max: 7, Diff: 7, Sum: 11, Workers: 13
[367.219s][debug][gc,phases         ] GC(32993)       Scanned Blocks:                Min: 0, Avg:  0.3, Max: 2, Diff: 2, Sum: 4, Workers: 13
[367.219s][debug][gc,phases         ] GC(32993)       Claimed Chunks:                Min: 0, Avg:  0.2, Max: 1, Diff: 1, Sum: 3, Workers: 13
[367.219s][debug][gc,phases         ] GC(32993)     Code Root Scan (ms):           Min:  0.0, Avg:  0.0, Max:  0.0, Diff:  0.0, Sum:  0.0, Workers: 13
[367.219s][debug][gc,phases         ] GC(32993)     Object Copy (ms):              Min:  0.0, Avg:  0.0, Max:  0.0, Diff:  0.0, Sum:  0.0, Workers: 13
[367.219s][debug][gc,phases         ] GC(32993)     Termination (ms):              Min:  0.1, Avg:  0.2, Max:  0.3, Diff:  0.1, Sum:  2.7, Workers: 13
[367.219s][debug][gc,phases         ] GC(32993)       Termination Attempts:          Min: 1, Avg:  1.0, Max: 1, Diff: 0, Sum: 13, Workers: 13
[367.219s][debug][gc,phases         ] GC(32993)     GC Worker Other (ms):          Min:  0.0, Avg:  0.0, Max:  0.0, Diff:  0.0, Sum:  0.0, Workers: 13
[367.219s][debug][gc,phases         ] GC(32993)     GC Worker Total (ms):          Min:  0.1, Avg:  0.2, Max:  0.3, Diff:  0.2, Sum:  2.8, Workers: 13
[367.219s][info ][gc,phases         ] GC(32993)   Post Evacuate Collection Set: 0.4ms
[367.219s][debug][gc,phases         ] GC(32993)     Code Roots Fixup: 0.0ms
[367.219s][debug][gc,phases         ] GC(32993)     Reference Processing: 0.0ms
[367.219s][debug][gc,phases,ref     ] GC(32993)       Reconsider SoftReferences: 0.0ms
[367.219s][debug][gc,phases,ref     ] GC(32993)         SoftRef (ms):                  skipped
[367.219s][debug][gc,phases,ref     ] GC(32993)       Notify Soft/WeakReferences: 0.0ms
[367.219s][debug][gc,phases,ref     ] GC(32993)         SoftRef (ms):                  skipped
[367.219s][debug][gc,phases,ref     ] GC(32993)         WeakRef (ms):                  skipped
[367.219s][debug][gc,phases,ref     ] GC(32993)         FinalRef (ms):                 skipped
[367.219s][debug][gc,phases,ref     ] GC(32993)         Total (ms):                    skipped
[367.219s][debug][gc,phases,ref     ] GC(32993)       Notify and keep alive finalizable: 0.0ms
[367.219s][debug][gc,phases,ref     ] GC(32993)         FinalRef (ms):                 skipped
[367.219s][debug][gc,phases,ref     ] GC(32993)       Notify PhantomReferences: 0.0ms
[367.219s][debug][gc,phases,ref     ] GC(32993)         PhantomRef (ms):               skipped
[367.219s][debug][gc,phases,ref     ] GC(32993)       SoftReference:
[367.219s][debug][gc,phases,ref     ] GC(32993)         Discovered: 0
[367.219s][debug][gc,phases,ref     ] GC(32993)         Cleared: 0
[367.219s][debug][gc,phases,ref     ] GC(32993)       WeakReference:
[367.219s][debug][gc,phases,ref     ] GC(32993)         Discovered: 0
[367.219s][debug][gc,phases,ref     ] GC(32993)         Cleared: 0
[367.219s][debug][gc,phases,ref     ] GC(32993)       FinalReference:
[367.219s][debug][gc,phases,ref     ] GC(32993)         Discovered: 0
[367.219s][debug][gc,phases,ref     ] GC(32993)         Cleared: 0
[367.219s][debug][gc,phases,ref     ] GC(32993)       PhantomReference:
[367.219s][debug][gc,phases,ref     ] GC(32993)         Discovered: 0
[367.219s][debug][gc,phases,ref     ] GC(32993)         Cleared: 0
[367.219s][debug][gc,phases         ] GC(32993)     Weak Processing: 0.0ms
[367.219s][debug][gc,phases         ] GC(32993)       VM Weak                        Min:  0.0, Avg:  0.0, Max:  0.0, Diff:  0.0, Sum:  0.0, Workers: 1
[367.219s][debug][gc,phases         ] GC(32993)         Dead                           Min: 0, Avg:  0.0, Max: 0, Diff: 0, Sum: 0, Workers: 1
[367.219s][debug][gc,phases         ] GC(32993)         Total                          Min: 4, Avg:  4.0, Max: 4, Diff: 0, Sum: 4, Workers: 1
[367.219s][debug][gc,phases         ] GC(32993)       ObjectSynchronizer Weak        Min:  0.0, Avg:  0.0, Max:  0.0, Diff:  0.0, Sum:  0.0, Workers: 1
[367.219s][debug][gc,phases         ] GC(32993)         Dead                           Min: 0, Avg:  0.0, Max: 0, Diff: 0, Sum: 0, Workers: 1
[367.219s][debug][gc,phases         ] GC(32993)         Total                          Min: 3, Avg:  3.0, Max: 3, Diff: 0, Sum: 3, Workers: 1
[367.219s][debug][gc,phases         ] GC(32993)       JVMTI Tag Weak OopStorage      Min:  0.0, Avg:  0.0, Max:  0.0, Diff:  0.0, Sum:  0.0, Workers: 1
[367.219s][debug][gc,phases         ] GC(32993)         Dead                           Min: 0, Avg:  0.0, Max: 0, Diff: 0, Sum: 0, Workers: 1
[367.219s][debug][gc,phases         ] GC(32993)         Total                          Min: 0, Avg:  0.0, Max: 0, Diff: 0, Sum: 0, Workers: 1
[367.219s][debug][gc,phases         ] GC(32993)       StringTable Weak               Min:  0.0, Avg:  0.0, Max:  0.0, Diff:  0.0, Sum:  0.0, Workers: 1
[367.219s][debug][gc,phases         ] GC(32993)         Dead                           Min: 0, Avg:  0.0, Max: 0, Diff: 0, Sum: 0, Workers: 1
[367.219s][debug][gc,phases         ] GC(32993)         Total                          Min: 45, Avg: 45.0, Max: 45, Diff: 0, Sum: 45, Workers: 1
[367.219s][debug][gc,phases         ] GC(32993)       ResolvedMethodTable Weak       Min:  0.0, Avg:  0.0, Max:  0.0, Diff:  0.0, Sum:  0.0, Workers: 1
[367.219s][debug][gc,phases         ] GC(32993)         Dead                           Min: 0, Avg:  0.0, Max: 0, Diff: 0, Sum: 0, Workers: 1
[367.219s][debug][gc,phases         ] GC(32993)         Total                          Min: 22, Avg: 22.0, Max: 22, Diff: 0, Sum: 22, Workers: 1
[367.219s][debug][gc,phases         ] GC(32993)       JNI Weak                       Min:  0.0, Avg:  0.0, Max:  0.0, Diff:  0.0, Sum:  0.0, Workers: 1
[367.219s][debug][gc,phases         ] GC(32993)         Dead                           Min: 0, Avg:  0.0, Max: 0, Diff: 0, Sum: 0, Workers: 1
[367.219s][debug][gc,phases         ] GC(32993)         Total                          Min: 0, Avg:  0.0, Max: 0, Diff: 0, Sum: 0, Workers: 1
[367.219s][debug][gc,phases         ] GC(32993)       StringDedup Table Weak         Min:  0.0, Avg:  0.0, Max:  0.0, Diff:  0.0, Sum:  0.0, Workers: 1
[367.219s][debug][gc,phases         ] GC(32993)         Dead                           Min: 0, Avg:  0.0, Max: 0, Diff: 0, Sum: 0, Workers: 1
[367.219s][debug][gc,phases         ] GC(32993)         Total                          Min: 0, Avg:  0.0, Max: 0, Diff: 0, Sum: 0, Workers: 1
[367.219s][debug][gc,phases         ] GC(32993)       StringDedup Requests0 Weak     Min:  0.0, Avg:  0.0, Max:  0.0, Diff:  0.0, Sum:  0.0, Workers: 1
[367.219s][debug][gc,phases         ] GC(32993)         Dead                           Min: 0, Avg:  0.0, Max: 0, Diff: 0, Sum: 0, Workers: 1
[367.219s][debug][gc,phases         ] GC(32993)         Total                          Min: 0, Avg:  0.0, Max: 0, Diff: 0, Sum: 0, Workers: 1
[367.219s][debug][gc,phases         ] GC(32993)       StringDedup Requests1 Weak     Min:  0.0, Avg:  0.0, Max:  0.0, Diff:  0.0, Sum:  0.0, Workers: 1
[367.219s][debug][gc,phases         ] GC(32993)         Dead                           Min: 0, Avg:  0.0, Max: 0, Diff: 0, Sum: 0, Workers: 1
[367.219s][debug][gc,phases         ] GC(32993)         Total                          Min: 0, Avg:  0.0, Max: 0, Diff: 0, Sum: 0, Workers: 1
[367.219s][debug][gc,phases         ] GC(32993)       Weak JFR Old Object Samples    Min:  0.0, Avg:  0.0, Max:  0.0, Diff:  0.0, Sum:  0.0, Workers: 1
[367.219s][debug][gc,phases         ] GC(32993)         Dead                           Min: 0, Avg:  0.0, Max: 0, Diff: 0, Sum: 0, Workers: 1
[367.219s][debug][gc,phases         ] GC(32993)         Total                          Min: 0, Avg:  0.0, Max: 0, Diff: 0, Sum: 0, Workers: 1
[367.219s][debug][gc,phases         ] GC(32993)     Post Evacuate Cleanup 1: 0.1ms
[367.219s][debug][gc,phases         ] GC(32993)       Merge Per-Thread State (ms):   Min:  0.0, Avg:  0.0, Max:  0.0, Diff:  0.0, Sum:  0.0, Workers: 1
[367.219s][debug][gc,phases         ] GC(32993)         Copied Bytes                   Min: 0, Avg:  0.0, Max: 0, Diff: 0, Sum: 0, Workers: 13
[367.219s][debug][gc,phases         ] GC(32993)         LAB Waste                      Min: 0, Avg:  0.0, Max: 0, Diff: 0, Sum: 0, Workers: 13
[367.219s][debug][gc,phases         ] GC(32993)         LAB Undo Waste                 Min: 0, Avg:  0.0, Max: 0, Diff: 0, Sum: 0, Workers: 13
[367.219s][debug][gc,phases         ] GC(32993)       Clear Logged Cards (ms):       Min:  0.0, Avg:  0.0, Max:  0.0, Diff:  0.0, Sum:  0.0, Workers: 2
[367.219s][debug][gc,phases         ] GC(32993)       Recalculate Used Memory (ms):  Min:  0.0, Avg:  0.0, Max:  0.0, Diff:  0.0, Sum:  0.0, Workers: 1
[367.219s][debug][gc,phases         ] GC(32993)     Post Evacuate Cleanup 2: 0.2ms
[367.219s][debug][gc,phases         ] GC(32993)       Reset Hot Card Cache (ms):     Min:  0.0, Avg:  0.0, Max:  0.0, Diff:  0.0, Sum:  0.0, Workers: 1
[367.219s][debug][gc,phases         ] GC(32993)       Purge Code Roots (ms):         Min:  0.0, Avg:  0.0, Max:  0.0, Diff:  0.0, Sum:  0.0, Workers: 1
[367.219s][debug][gc,phases         ] GC(32993)       Update Derived Pointers (ms):  Min:  0.0, Avg:  0.0, Max:  0.0, Diff:  0.0, Sum:  0.0, Workers: 1
[367.219s][debug][gc,phases         ] GC(32993)       Eagerly Reclaim Humongous Objects (ms): Min:  0.0, Avg:  0.0, Max:  0.0, Diff:  0.0, Sum:  0.0, Workers: 1
[367.219s][debug][gc,phases         ] GC(32993)         Humongous Total                Min: 983, Avg: 983.0, Max: 983, Diff: 0, Sum: 983, Workers: 1
[367.219s][debug][gc,phases         ] GC(32993)         Humongous Candidates           Min: 983, Avg: 983.0, Max: 983, Diff: 0, Sum: 983, Workers: 1
[367.219s][debug][gc,phases         ] GC(32993)         Humongous Reclaimed            Min: 0, Avg:  0.0, Max: 0, Diff: 0, Sum: 0, Workers: 1
[367.219s][debug][gc,phases         ] GC(32993)       Redirty Logged Cards (ms):     Min:  0.0, Avg:  0.0, Max:  0.0, Diff:  0.0, Sum:  0.0, Workers: 13
[367.219s][debug][gc,phases         ] GC(32993)         Redirtied Cards:               Min: 0, Avg:  0.7, Max: 9, Diff: 9, Sum: 9, Workers: 13
[367.219s][debug][gc,phases         ] GC(32993)       Free Collection Set (ms):      Min:  0.0, Avg:  0.0, Max:  0.0, Diff:  0.0, Sum:  0.0, Workers: 13
[367.219s][debug][gc,phases         ] GC(32993)     Rebuild Free List: 0.2ms
[367.219s][debug][gc,phases         ] GC(32993)     Start New Collection Set: 0.0ms
[367.219s][debug][gc,phases         ] GC(32993)     Resize TLABs: 0.0ms
[367.219s][debug][gc,phases         ] GC(32993)     Expand Heap After Collection: 0.0ms
[367.219s][info ][gc,phases         ] GC(32993)   Other: 0.2ms
[367.219s][info ][gc,heap           ] GC(32993) Eden regions: 0->0(102)
[367.219s][info ][gc,heap           ] GC(32993) Survivor regions: 0->0(13)
[367.219s][info ][gc,heap           ] GC(32993) Old regions: 1->1
[367.219s][info ][gc,heap           ] GC(32993) Archive regions: 2->2
[367.219s][info ][gc,heap           ] GC(32993) Humongous regions: 1966->1966
[367.219s][info ][gc,metaspace      ] GC(32993) Metaspace: 198K(384K)->198K(384K) NonClass: 192K(256K)->192K(256K) Class: 5K(128K)->5K(128K)
[367.219s][debug][gc,heap           ] GC(32993) Heap after GC invocations=31573 (full 10207):
[367.219s][debug][gc,heap           ] GC(32993)  garbage-first heap   total 2097152K, used 2014271K [0x0000000080000000, 0x0000000100000000)
[367.219s][debug][gc,heap           ] GC(32993)   region size 1024K, 0 young (0K), 0 survivors (0K)
[367.219s][debug][gc,heap           ] GC(32993)  Metaspace       used 198K, committed 384K, reserved 1114112K
[367.219s][debug][gc,heap           ] GC(32993)   class space    used 5K, committed 128K, reserved 1048576K
[367.219s][info ][gc                ] GC(32993) Pause Young (Normal) (G1 Humongous Allocation) 1967M->1967M(2048M) 12.818ms
[367.219s][info ][gc,cpu            ] GC(32993) User=0.01s Sys=0.02s Real=0.01s
[367.219s][debug][gc,ergo,heap      ] Attempt heap expansion (allocation request failed). Allocation request: 10485776B
[367.219s][debug][gc,ergo,heap      ] Expand the heap. requested expansion amount: 10485776B expansion amount: 11534336B
[367.219s][debug][gc,ergo,heap      ] Did not expand the heap (heap already fully expanded)
[367.219s][info ][gc,ergo           ] Attempting full compaction
[367.219s][debug][gc,task           ] GC(32994) Requesting 13 active workers for full compaction (waste limited workers: 13, adaptive workers: 13, used limited workers: 1969)
[367.219s][info ][gc,task           ] GC(32994) Using 13 workers of 13 for full compaction
[367.219s][info ][gc,start          ] GC(32994) Pause Full (G1 Compaction Pause)
[367.219s][debug][gc,heap           ] GC(32994) Heap before GC invocations=31573 (full 10207):
[367.219s][debug][gc,heap           ] GC(32994)  garbage-first heap   total 2097152K, used 2014271K [0x0000000080000000, 0x0000000100000000)
[367.219s][debug][gc,heap           ] GC(32994)   region size 1024K, 0 young (0K), 0 survivors (0K)
[367.219s][debug][gc,heap           ] GC(32994)  Metaspace       used 198K, committed 384K, reserved 1114112K
[367.219s][debug][gc,heap           ] GC(32994)   class space    used 5K, committed 128K, reserved 1048576K
[367.219s][debug][gc,start          ] GC(32994) Clear Next Bitmap
[367.219s][debug][gc,ergo           ] GC(32994) Running G1 Clear Bitmap with 13 workers for 32 work units.
[367.221s][debug][gc                ] GC(32994) Clear Next Bitmap 1.307ms
[367.221s][debug][gc,alloc,region   ] GC(32994) Mutator Allocation stats, regions: 0, wasted size: 0B ( 0.0%)
[367.221s][info ][gc,phases,start   ] GC(32994) Phase 1: Mark live objects
[367.222s][debug][gc,phases,start   ] GC(32994) Phase 1: Reference Processing
[367.222s][debug][gc,ref            ] GC(32994) ReferenceProcessor::execute queues: 13, RefProcThreadModel::Multi, marks_oops_alive: true
[367.222s][debug][gc,ref            ] GC(32994) ReferenceProcessor::execute queues: 1, RefProcThreadModel::Single, marks_oops_alive: false
[367.222s][debug][gc,ref            ] GC(32994) Skipped phase 3 of Reference Processing: no references
[367.222s][debug][gc,ref            ] GC(32994) Skipped phase 4 of Reference Processing: no references
[367.222s][debug][gc,phases,ref     ] GC(32994) Reference Processing: 0.3ms
[367.222s][debug][gc,phases,ref     ] GC(32994)   Reconsider SoftReferences: 0.2ms
[367.222s][debug][gc,phases,ref     ] GC(32994)     Balance queues: 0.0ms
[367.222s][debug][gc,phases,ref     ] GC(32994)     SoftRef (ms):                  Min:  0.0, Avg:  0.0, Max:  0.0, Diff:  0.0, Sum:  0.0, Workers: 13
[367.222s][debug][gc,phases,ref     ] GC(32994)   Notify Soft/WeakReferences: 0.1ms
[367.222s][debug][gc,phases,ref     ] GC(32994)     SoftRef (ms):                  Min:  0.0, Avg:  0.0, Max:  0.0, Diff:  0.0, Sum:  0.0, Workers: 13
[367.222s][debug][gc,phases,ref     ] GC(32994)     WeakRef (ms):                  Min:  0.0, Avg:  0.0, Max:  0.0, Diff:  0.0, Sum:  0.0, Workers: 13
[367.222s][debug][gc,phases,ref     ] GC(32994)     FinalRef (ms):                 Min:  0.0, Avg:  0.0, Max:  0.0, Diff:  0.0, Sum:  0.0, Workers: 13
[367.222s][debug][gc,phases,ref     ] GC(32994)     Total (ms):                    Min:  0.0, Avg:  0.0, Max:  0.0, Diff:  0.0, Sum:  0.0, Workers: 13
[367.222s][debug][gc,phases,ref     ] GC(32994)   Notify and keep alive finalizable: 0.0ms
[367.222s][debug][gc,phases,ref     ] GC(32994)     FinalRef (ms):                 skipped
[367.222s][debug][gc,phases,ref     ] GC(32994)   Notify PhantomReferences: 0.0ms
[367.222s][debug][gc,phases,ref     ] GC(32994)     PhantomRef (ms):               skipped
[367.222s][debug][gc,phases,ref     ] GC(32994)   SoftReference:
[367.222s][debug][gc,phases,ref     ] GC(32994)     Discovered: 4
[367.222s][debug][gc,phases,ref     ] GC(32994)     Cleared: 4
[367.222s][debug][gc,phases,ref     ] GC(32994)   WeakReference:
[367.222s][debug][gc,phases,ref     ] GC(32994)     Discovered: 19
[367.222s][debug][gc,phases,ref     ] GC(32994)     Cleared: 19
[367.222s][debug][gc,phases,ref     ] GC(32994)   FinalReference:
[367.222s][debug][gc,phases,ref     ] GC(32994)     Discovered: 0
[367.222s][debug][gc,phases,ref     ] GC(32994)     Cleared: 0
[367.222s][debug][gc,phases,ref     ] GC(32994)   PhantomReference:
[367.222s][debug][gc,phases,ref     ] GC(32994)     Discovered: 0
[367.222s][debug][gc,phases,ref     ] GC(32994)     Cleared: 0
[367.222s][debug][gc,phases         ] GC(32994) Phase 1: Reference Processing 0.427ms
[367.222s][debug][gc,phases,start   ] GC(32994) Phase 1: Weak Processing
[367.222s][debug][gc,phases         ] GC(32994)   VM Weak                        Min:  0.0, Avg:  0.0, Max:  0.0, Diff:  0.0, Sum:  0.0, Workers: 1
[367.222s][debug][gc,phases         ] GC(32994)     Dead                           Min: 0, Avg:  0.0, Max: 0, Diff: 0, Sum: 0, Workers: 1
[367.222s][debug][gc,phases         ] GC(32994)     Total                          Min: 4, Avg:  4.0, Max: 4, Diff: 0, Sum: 4, Workers: 1
[367.222s][debug][gc,phases         ] GC(32994)   ObjectSynchronizer Weak        Min:  0.0, Avg:  0.0, Max:  0.0, Diff:  0.0, Sum:  0.0, Workers: 1
[367.222s][debug][gc,phases         ] GC(32994)     Dead                           Min: 0, Avg:  0.0, Max: 0, Diff: 0, Sum: 0, Workers: 1
[367.222s][debug][gc,phases         ] GC(32994)     Total                          Min: 3, Avg:  3.0, Max: 3, Diff: 0, Sum: 3, Workers: 1
[367.222s][debug][gc,phases         ] GC(32994)   JVMTI Tag Weak OopStorage      Min:  0.0, Avg:  0.0, Max:  0.0, Diff:  0.0, Sum:  0.0, Workers: 1
[367.222s][debug][gc,phases         ] GC(32994)     Dead                           Min: 0, Avg:  0.0, Max: 0, Diff: 0, Sum: 0, Workers: 1
[367.222s][debug][gc,phases         ] GC(32994)     Total                          Min: 0, Avg:  0.0, Max: 0, Diff: 0, Sum: 0, Workers: 1
[367.222s][debug][gc,phases         ] GC(32994)   StringTable Weak               Min:  0.0, Avg:  0.0, Max:  0.0, Diff:  0.0, Sum:  0.0, Workers: 1
[367.222s][debug][gc,phases         ] GC(32994)     Dead                           Min: 0, Avg:  0.0, Max: 0, Diff: 0, Sum: 0, Workers: 1
[367.222s][debug][gc,phases         ] GC(32994)     Total                          Min: 45, Avg: 45.0, Max: 45, Diff: 0, Sum: 45, Workers: 1
[367.222s][debug][gc,phases         ] GC(32994)   ResolvedMethodTable Weak       Min:  0.0, Avg:  0.0, Max:  0.0, Diff:  0.0, Sum:  0.0, Workers: 1
[367.222s][debug][gc,phases         ] GC(32994)     Dead                           Min: 0, Avg:  0.0, Max: 0, Diff: 0, Sum: 0, Workers: 1
[367.222s][debug][gc,phases         ] GC(32994)     Total                          Min: 22, Avg: 22.0, Max: 22, Diff: 0, Sum: 22, Workers: 1
[367.222s][debug][gc,phases         ] GC(32994)   JNI Weak                       Min:  0.0, Avg:  0.0, Max:  0.0, Diff:  0.0, Sum:  0.0, Workers: 1
[367.222s][debug][gc,phases         ] GC(32994)     Dead                           Min: 0, Avg:  0.0, Max: 0, Diff: 0, Sum: 0, Workers: 1
[367.222s][debug][gc,phases         ] GC(32994)     Total                          Min: 0, Avg:  0.0, Max: 0, Diff: 0, Sum: 0, Workers: 1
[367.222s][debug][gc,phases         ] GC(32994)   StringDedup Table Weak         Min:  0.0, Avg:  0.0, Max:  0.0, Diff:  0.0, Sum:  0.0, Workers: 1
[367.222s][debug][gc,phases         ] GC(32994)     Dead                           Min: 0, Avg:  0.0, Max: 0, Diff: 0, Sum: 0, Workers: 1
[367.222s][debug][gc,phases         ] GC(32994)     Total                          Min: 0, Avg:  0.0, Max: 0, Diff: 0, Sum: 0, Workers: 1
[367.222s][debug][gc,phases         ] GC(32994)   StringDedup Requests0 Weak     Min:  0.0, Avg:  0.0, Max:  0.0, Diff:  0.0, Sum:  0.0, Workers: 1
[367.222s][debug][gc,phases         ] GC(32994)     Dead                           Min: 0, Avg:  0.0, Max: 0, Diff: 0, Sum: 0, Workers: 1
[367.222s][debug][gc,phases         ] GC(32994)     Total                          Min: 0, Avg:  0.0, Max: 0, Diff: 0, Sum: 0, Workers: 1
[367.222s][debug][gc,phases         ] GC(32994)   StringDedup Requests1 Weak     Min:  0.0, Avg:  0.0, Max:  0.0, Diff:  0.0, Sum:  0.0, Workers: 1
[367.222s][debug][gc,phases         ] GC(32994)     Dead                           Min: 0, Avg:  0.0, Max: 0, Diff: 0, Sum: 0, Workers: 1
[367.222s][debug][gc,phases         ] GC(32994)     Total                          Min: 0, Avg:  0.0, Max: 0, Diff: 0, Sum: 0, Workers: 1
[367.222s][debug][gc,phases         ] GC(32994)   Weak JFR Old Object Samples    Min:  0.0, Avg:  0.0, Max:  0.0, Diff:  0.0, Sum:  0.0, Workers: 1
[367.222s][debug][gc,phases         ] GC(32994)     Dead                           Min: 0, Avg:  0.0, Max: 0, Diff: 0, Sum: 0, Workers: 1
[367.222s][debug][gc,phases         ] GC(32994)     Total                          Min: 0, Avg:  0.0, Max: 0, Diff: 0, Sum: 0, Workers: 1
[367.222s][debug][gc,phases         ] GC(32994) Phase 1: Weak Processing 0.259ms
[367.222s][debug][gc,phases,start   ] GC(32994) Phase 1: Class Unloading and Cleanup
[367.222s][debug][gc,phases,start   ] GC(32994) ClassLoaderData
[367.222s][debug][gc,phases         ] GC(32994) ClassLoaderData 0.006ms
[367.222s][debug][gc,phases,start   ] GC(32994) Trigger cleanups
[367.223s][debug][gc,phases         ] GC(32994) Trigger cleanups 0.005ms
[367.223s][debug][gc,phases         ] GC(32994) Phase 1: Class Unloading and Cleanup 0.198ms
[367.223s][debug][gc,phases,start   ] GC(32994) Report Object Count
[367.223s][debug][gc,phases         ] GC(32994) Report Object Count 0.005ms
[367.223s][info ][gc,phases         ] GC(32994) Phase 1: Mark live objects 1.834ms
[367.223s][info ][gc,phases,start   ] GC(32994) Phase 2: Prepare for compaction
[367.223s][info ][gc,phases         ] GC(32994) Phase 2: Prepare for compaction 0.642ms
[367.223s][info ][gc,phases,start   ] GC(32994) Phase 3: Adjust pointers
[367.224s][info ][gc,phases         ] GC(32994) Phase 3: Adjust pointers 0.401ms
[367.224s][info ][gc,phases,start   ] GC(32994) Phase 4: Compact heap
[367.224s][info ][gc,phases         ] GC(32994) Phase 4: Compact heap 0.195ms
[367.224s][debug][gc,ergo           ] GC(32994) Running G1 Clear Bitmap with 13 workers for 32 work units.
[367.226s][debug][gc,alloc,stats    ] Old generation allocation in the last mutator period, old gen allocated: 0B, humongous allocated: 0B,old gen growth: 0B.
[367.226s][info ][gc,heap           ] GC(32994) Eden regions: 0->0(102)
[367.226s][info ][gc,heap           ] GC(32994) Survivor regions: 0->0(13)
[367.226s][info ][gc,heap           ] GC(32994) Old regions: 1->1
[367.226s][info ][gc,heap           ] GC(32994) Archive regions: 2->2
[367.226s][info ][gc,heap           ] GC(32994) Humongous regions: 1966->1966
[367.226s][info ][gc,metaspace      ] GC(32994) Metaspace: 198K(384K)->198K(384K) NonClass: 192K(256K)->192K(256K) Class: 5K(128K)->5K(128K)
[367.226s][debug][gc,heap           ] GC(32994) Heap after GC invocations=31574 (full 10208):
[367.226s][debug][gc,heap           ] GC(32994)  garbage-first heap   total 2097152K, used 2014261K [0x0000000080000000, 0x0000000100000000)
[367.226s][debug][gc,heap           ] GC(32994)   region size 1024K, 0 young (0K), 0 survivors (0K)
[367.226s][debug][gc,heap           ] GC(32994)  Metaspace       used 198K, committed 384K, reserved 1114112K
[367.226s][debug][gc,heap           ] GC(32994)   class space    used 5K, committed 128K, reserved 1048576K
[367.226s][info ][gc                ] GC(32994) Pause Full (G1 Compaction Pause) 1967M->1967M(2048M) 6.164ms
[367.226s][info ][gc,cpu            ] GC(32994) User=0.04s Sys=0.00s Real=0.01s
[367.226s][debug][gc,ergo,heap      ] Attempt heap expansion (allocation request failed). Allocation request: 10485776B
[367.226s][debug][gc,ergo,heap      ] Expand the heap. requested expansion amount: 10485776B expansion amount: 11534336B
[367.226s][debug][gc,ergo,heap      ] Did not expand the heap (heap already fully expanded)
[367.226s][info ][gc,ergo           ] Attempting maximum full compaction clearing soft references
[367.226s][debug][gc,task           ] GC(32995) Requesting 13 active workers for full compaction (waste limited workers: 13, adaptive workers: 13, used limited workers: 1969)
[367.226s][info ][gc,task           ] GC(32995) Using 13 workers of 13 for full compaction
[367.226s][info ][gc,start          ] GC(32995) Pause Full (G1 Compaction Pause)
[367.226s][debug][gc,heap           ] GC(32995) Heap before GC invocations=31574 (full 10208):
[367.226s][debug][gc,heap           ] GC(32995)  garbage-first heap   total 2097152K, used 2014261K [0x0000000080000000, 0x0000000100000000)
[367.226s][debug][gc,heap           ] GC(32995)   region size 1024K, 0 young (0K), 0 survivors (0K)
[367.226s][debug][gc,heap           ] GC(32995)  Metaspace       used 198K, committed 384K, reserved 1114112K
[367.226s][debug][gc,heap           ] GC(32995)   class space    used 5K, committed 128K, reserved 1048576K
[367.226s][debug][gc,alloc,region   ] GC(32995) Mutator Allocation stats, regions: 0, wasted size: 0B ( 0.0%)
[367.226s][info ][gc,phases,start   ] GC(32995) Phase 1: Mark live objects
[367.227s][debug][gc,phases,start   ] GC(32995) Phase 1: Reference Processing
[367.227s][debug][gc,ref            ] GC(32995) ReferenceProcessor::execute queues: 13, RefProcThreadModel::Multi, marks_oops_alive: true
[367.227s][debug][gc,ref            ] GC(32995) ReferenceProcessor::execute queues: 1, RefProcThreadModel::Single, marks_oops_alive: false
[367.227s][debug][gc,ref            ] GC(32995) Skipped phase 3 of Reference Processing: no references
[367.227s][debug][gc,ref            ] GC(32995) Skipped phase 4 of Reference Processing: no references
[367.227s][debug][gc,phases,ref     ] GC(32995) Reference Processing: 0.2ms
[367.227s][debug][gc,phases,ref     ] GC(32995)   Reconsider SoftReferences: 0.2ms
[367.227s][debug][gc,phases,ref     ] GC(32995)     Balance queues: 0.0ms
[367.227s][debug][gc,phases,ref     ] GC(32995)     SoftRef (ms):                  Min:  0.0, Avg:  0.0, Max:  0.0, Diff:  0.0, Sum:  0.0, Workers: 13
[367.227s][debug][gc,phases,ref     ] GC(32995)   Notify Soft/WeakReferences: 0.0ms
[367.227s][debug][gc,phases,ref     ] GC(32995)     SoftRef (ms):                  Min:  0.0, Avg:  0.0, Max:  0.0, Diff:  0.0, Sum:  0.0, Workers: 13
[367.227s][debug][gc,phases,ref     ] GC(32995)     WeakRef (ms):                  Min:  0.0, Avg:  0.0, Max:  0.0, Diff:  0.0, Sum:  0.0, Workers: 13
[367.227s][debug][gc,phases,ref     ] GC(32995)     FinalRef (ms):                 Min:  0.0, Avg:  0.0, Max:  0.0, Diff:  0.0, Sum:  0.0, Workers: 13
[367.227s][debug][gc,phases,ref     ] GC(32995)     Total (ms):                    Min:  0.0, Avg:  0.0, Max:  0.0, Diff:  0.0, Sum:  0.0, Workers: 13
[367.227s][debug][gc,phases,ref     ] GC(32995)   Notify and keep alive finalizable: 0.0ms
[367.227s][debug][gc,phases,ref     ] GC(32995)     FinalRef (ms):                 skipped
[367.227s][debug][gc,phases,ref     ] GC(32995)   Notify PhantomReferences: 0.0ms
[367.227s][debug][gc,phases,ref     ] GC(32995)     PhantomRef (ms):               skipped
[367.227s][debug][gc,phases,ref     ] GC(32995)   SoftReference:
[367.227s][debug][gc,phases,ref     ] GC(32995)     Discovered: 4
[367.227s][debug][gc,phases,ref     ] GC(32995)     Cleared: 4
[367.227s][debug][gc,phases,ref     ] GC(32995)   WeakReference:
[367.227s][debug][gc,phases,ref     ] GC(32995)     Discovered: 15
[367.227s][debug][gc,phases,ref     ] GC(32995)     Cleared: 15
[367.227s][debug][gc,phases,ref     ] GC(32995)   FinalReference:
[367.227s][debug][gc,phases,ref     ] GC(32995)     Discovered: 0
[367.227s][debug][gc,phases,ref     ] GC(32995)     Cleared: 0
[367.227s][debug][gc,phases,ref     ] GC(32995)   PhantomReference:
[367.227s][debug][gc,phases,ref     ] GC(32995)     Discovered: 0
[367.227s][debug][gc,phases,ref     ] GC(32995)     Cleared: 0
[367.227s][debug][gc,phases         ] GC(32995) Phase 1: Reference Processing 0.296ms
[367.227s][debug][gc,phases,start   ] GC(32995) Phase 1: Weak Processing
[367.227s][debug][gc,phases         ] GC(32995)   VM Weak                        Min:  0.0, Avg:  0.0, Max:  0.0, Diff:  0.0, Sum:  0.0, Workers: 1
[367.227s][debug][gc,phases         ] GC(32995)     Dead                           Min: 0, Avg:  0.0, Max: 0, Diff: 0, Sum: 0, Workers: 1
[367.227s][debug][gc,phases         ] GC(32995)     Total                          Min: 4, Avg:  4.0, Max: 4, Diff: 0, Sum: 4, Workers: 1
[367.227s][debug][gc,phases         ] GC(32995)   ObjectSynchronizer Weak        Min:  0.0, Avg:  0.0, Max:  0.0, Diff:  0.0, Sum:  0.0, Workers: 1
[367.227s][debug][gc,phases         ] GC(32995)     Dead                           Min: 0, Avg:  0.0, Max: 0, Diff: 0, Sum: 0, Workers: 1
[367.227s][debug][gc,phases         ] GC(32995)     Total                          Min: 3, Avg:  3.0, Max: 3, Diff: 0, Sum: 3, Workers: 1
[367.227s][debug][gc,phases         ] GC(32995)   JVMTI Tag Weak OopStorage      Min:  0.0, Avg:  0.0, Max:  0.0, Diff:  0.0, Sum:  0.0, Workers: 1
[367.227s][debug][gc,phases         ] GC(32995)     Dead                           Min: 0, Avg:  0.0, Max: 0, Diff: 0, Sum: 0, Workers: 1
[367.227s][debug][gc,phases         ] GC(32995)     Total                          Min: 0, Avg:  0.0, Max: 0, Diff: 0, Sum: 0, Workers: 1
[367.227s][debug][gc,phases         ] GC(32995)   StringTable Weak               Min:  0.0, Avg:  0.0, Max:  0.0, Diff:  0.0, Sum:  0.0, Workers: 1
[367.227s][debug][gc,phases         ] GC(32995)     Dead                           Min: 0, Avg:  0.0, Max: 0, Diff: 0, Sum: 0, Workers: 1
[367.227s][debug][gc,phases         ] GC(32995)     Total                          Min: 45, Avg: 45.0, Max: 45, Diff: 0, Sum: 45, Workers: 1
[367.227s][debug][gc,phases         ] GC(32995)   ResolvedMethodTable Weak       Min:  0.0, Avg:  0.0, Max:  0.0, Diff:  0.0, Sum:  0.0, Workers: 1
[367.227s][debug][gc,phases         ] GC(32995)     Dead                           Min: 0, Avg:  0.0, Max: 0, Diff: 0, Sum: 0, Workers: 1
[367.227s][debug][gc,phases         ] GC(32995)     Total                          Min: 22, Avg: 22.0, Max: 22, Diff: 0, Sum: 22, Workers: 1
[367.227s][debug][gc,phases         ] GC(32995)   JNI Weak                       Min:  0.0, Avg:  0.0, Max:  0.0, Diff:  0.0, Sum:  0.0, Workers: 1
[367.227s][debug][gc,phases         ] GC(32995)     Dead                           Min: 0, Avg:  0.0, Max: 0, Diff: 0, Sum: 0, Workers: 1
[367.227s][debug][gc,phases         ] GC(32995)     Total                          Min: 0, Avg:  0.0, Max: 0, Diff: 0, Sum: 0, Workers: 1
[367.227s][debug][gc,phases         ] GC(32995)   StringDedup Table Weak         Min:  0.0, Avg:  0.0, Max:  0.0, Diff:  0.0, Sum:  0.0, Workers: 1
[367.227s][debug][gc,phases         ] GC(32995)     Dead                           Min: 0, Avg:  0.0, Max: 0, Diff: 0, Sum: 0, Workers: 1
[367.227s][debug][gc,phases         ] GC(32995)     Total                          Min: 0, Avg:  0.0, Max: 0, Diff: 0, Sum: 0, Workers: 1
[367.227s][debug][gc,phases         ] GC(32995)   StringDedup Requests0 Weak     Min:  0.0, Avg:  0.0, Max:  0.0, Diff:  0.0, Sum:  0.0, Workers: 1
[367.227s][debug][gc,phases         ] GC(32995)     Dead                           Min: 0, Avg:  0.0, Max: 0, Diff: 0, Sum: 0, Workers: 1
[367.227s][debug][gc,phases         ] GC(32995)     Total                          Min: 0, Avg:  0.0, Max: 0, Diff: 0, Sum: 0, Workers: 1
[367.227s][debug][gc,phases         ] GC(32995)   StringDedup Requests1 Weak     Min:  0.0, Avg:  0.0, Max:  0.0, Diff:  0.0, Sum:  0.0, Workers: 1
[367.227s][debug][gc,phases         ] GC(32995)     Dead                           Min: 0, Avg:  0.0, Max: 0, Diff: 0, Sum: 0, Workers: 1
[367.227s][debug][gc,phases         ] GC(32995)     Total                          Min: 0, Avg:  0.0, Max: 0, Diff: 0, Sum: 0, Workers: 1
[367.227s][debug][gc,phases         ] GC(32995)   Weak JFR Old Object Samples    Min:  0.0, Avg:  0.0, Max:  0.0, Diff:  0.0, Sum:  0.0, Workers: 1
[367.227s][debug][gc,phases         ] GC(32995)     Dead                           Min: 0, Avg:  0.0, Max: 0, Diff: 0, Sum: 0, Workers: 1
[367.227s][debug][gc,phases         ] GC(32995)     Total                          Min: 0, Avg:  0.0, Max: 0, Diff: 0, Sum: 0, Workers: 1
[367.227s][debug][gc,phases         ] GC(32995) Phase 1: Weak Processing 0.167ms
[367.227s][debug][gc,phases,start   ] GC(32995) Phase 1: Class Unloading and Cleanup
[367.227s][debug][gc,phases,start   ] GC(32995) ClassLoaderData
[367.227s][debug][gc,phases         ] GC(32995) ClassLoaderData 0.005ms
[367.227s][debug][gc,phases,start   ] GC(32995) Trigger cleanups
[367.227s][debug][gc,phases         ] GC(32995) Trigger cleanups 0.003ms
[367.227s][debug][gc,phases         ] GC(32995) Phase 1: Class Unloading and Cleanup 0.173ms
[367.227s][debug][gc,phases,start   ] GC(32995) Report Object Count
[367.227s][debug][gc,phases         ] GC(32995) Report Object Count 0.005ms
[367.227s][info ][gc,phases         ] GC(32995) Phase 1: Mark live objects 1.471ms
[367.227s][info ][gc,phases,start   ] GC(32995) Phase 2: Prepare for compaction
[367.228s][info ][gc,phases         ] GC(32995) Phase 2: Prepare for compaction 0.468ms
[367.228s][info ][gc,phases,start   ] GC(32995) Phase 3: Adjust pointers
[367.228s][info ][gc,phases         ] GC(32995) Phase 3: Adjust pointers 0.420ms
[367.228s][info ][gc,phases,start   ] GC(32995) Phase 4: Compact heap
[367.228s][info ][gc,phases         ] GC(32995) Phase 4: Compact heap 0.219ms
[367.229s][debug][gc,ergo           ] GC(32995) Running G1 Clear Bitmap with 13 workers for 32 work units.
[367.230s][debug][gc,alloc,stats    ] Old generation allocation in the last mutator period, old gen allocated: 0B, humongous allocated: 0B,old gen growth: 0B.
[367.230s][info ][gc,heap           ] GC(32995) Eden regions: 0->0(102)
[367.230s][info ][gc,heap           ] GC(32995) Survivor regions: 0->0(13)
[367.230s][info ][gc,heap           ] GC(32995) Old regions: 1->1
[367.230s][info ][gc,heap           ] GC(32995) Archive regions: 2->2
[367.230s][info ][gc,heap           ] GC(32995) Humongous regions: 1966->1966
[367.230s][info ][gc,metaspace      ] GC(32995) Metaspace: 198K(384K)->198K(384K) NonClass: 192K(256K)->192K(256K) Class: 5K(128K)->5K(128K)
[367.230s][debug][gc,heap           ] GC(32995) Heap after GC invocations=31575 (full 10209):
[367.230s][debug][gc,heap           ] GC(32995)  garbage-first heap   total 2097152K, used 2014261K [0x0000000080000000, 0x0000000100000000)
[367.230s][debug][gc,heap           ] GC(32995)   region size 1024K, 0 young (0K), 0 survivors (0K)
[367.230s][debug][gc,heap           ] GC(32995)  Metaspace       used 198K, committed 384K, reserved 1114112K
[367.230s][debug][gc,heap           ] GC(32995)   class space    used 5K, committed 128K, reserved 1048576K
[367.230s][info ][gc                ] GC(32995) Pause Full (G1 Compaction Pause) 1967M->1967M(2048M) 4.479ms
[367.230s][info ][gc,cpu            ] GC(32995) User=0.02s Sys=0.01s Real=0.00s
[367.230s][debug][gc,ergo,heap      ] Attempt heap expansion (allocation request failed). Allocation request: 10485776B
[367.230s][debug][gc,ergo,heap      ] Expand the heap. requested expansion amount: 10485776B expansion amount: 11534336B
[367.230s][debug][gc,ergo,heap      ] Did not expand the heap (heap already fully expanded)
[367.230s][debug][gc,stats          ] ---------------------------------------------------------------------
[367.230s][debug][gc,stats          ] Marking Stats, task = 0, calls = 10
[367.230s][debug][gc,stats          ]   Elapsed time = 26.21ms, Termination time = 0.00ms
[367.230s][debug][gc,stats          ]   Step Times (cum): num = 328978, avg = 0.02ms, sd = 0.16ms max = 9.42ms, total = 7084.72ms
[367.230s][debug][gc,stats          ]   Mark Stats Cache: hits 55 misses 2 ratio 96.491
[367.230s][debug][gc,stats          ] ---------------------------------------------------------------------
[367.230s][debug][gc,stats          ] Marking Stats, task = 1, calls = 10
[367.230s][debug][gc,stats          ]   Elapsed time = 26.21ms, Termination time = 0.00ms
[367.230s][debug][gc,stats          ]   Step Times (cum): num = 65899, avg = 0.10ms, sd = 0.34ms max = 5.86ms, total = 6869.77ms
[367.230s][debug][gc,stats          ]   Mark Stats Cache: hits 707 misses 626 ratio 53.038
[367.230s][debug][gc,stats          ] ---------------------------------------------------------------------
[367.230s][debug][gc,stats          ] Marking Stats, task = 2, calls = 10
[367.230s][debug][gc,stats          ]   Elapsed time = 26.19ms, Termination time = 0.00ms
[367.230s][debug][gc,stats          ]   Step Times (cum): num = 64843, avg = 0.10ms, sd = 0.35ms max = 5.99ms, total = 6581.43ms
[367.231s][debug][gc,stats          ]   Mark Stats Cache: hits 856 misses 1 ratio 99.883
[367.231s][debug][gc,stats          ] ---------------------------------------------------------------------
[367.231s][info ][gc,marking        ] GC(32992) Concurrent Mark From Roots 26.373ms
[367.231s][info ][gc,marking        ] GC(32992) Concurrent Mark Abort
[367.231s][info ][gc                ] GC(32992) Concurrent Mark Cycle 26.439ms
[367.231s][debug][gc,ergo,ihop      ] Request concurrent cycle initiation (occupancy higher than threshold) occupancy: 2083520512B allocation request: 1048592B threshold: 1697325950B (79.04) source: concurrent humongous allocation
[367.231s][debug][gc,ergo           ] Request concurrent cycle initiation (requested by GC cause). GC cause: G1 Humongous Allocation
[367.231s][debug][gc,heap           ] GC(32996) Heap before GC invocations=31575 (full 10209):
[367.232s][debug][gc,heap           ] GC(32996)  garbage-first heap   total 2097152K, used 2032693K [0x0000000080000000, 0x0000000100000000)
[367.232s][debug][gc,heap           ] GC(32996)   region size 1024K, 1 young (1024K), 0 survivors (0K)
[367.232s][debug][gc,heap           ] GC(32996)  Metaspace       used 198K, committed 384K, reserved 1114112K
[367.232s][debug][gc,heap           ] GC(32996)   class space    used 5K, committed 128K, reserved 1048576K
[367.232s][debug][gc,ergo           ] GC(32996) Initiate concurrent cycle (concurrent cycle initiation requested)
[367.232s][info ][gc,start          ] GC(32996) Pause Young (Concurrent Start) (G1 Humongous Allocation)
[367.232s][info ][gc,task           ] GC(32996) Using 13 workers of 13 for evacuation
[367.232s][debug][gc,tlab           ] GC(32996) TLAB totals: thrds: 1  refills: 1 max: 1 slow allocs: 0 max 0 waste: 100.0% gc: 524232B max: 524232B slow: 0B max: 0B
[367.232s][debug][gc,age            ] GC(32996) Desired survivor size 6815744 bytes, new threshold 15 (max threshold 15)
[367.232s][debug][gc,refine,stats   ] GC(32996) Mutator refinement: 0.00ms, refined: 0, precleaned: 0, dirtied: 8
[367.232s][debug][gc,refine,stats   ] GC(32996) Concurrent refinement: 0.00ms, refined: 0, precleaned: 0, dirtied: 0
[367.232s][debug][gc,refine,stats   ] GC(32996) Total refinement: 0.00ms, refined: 0, precleaned: 0, dirtied: 8
[367.232s][debug][gc,refine,stats   ] GC(32996) Generate dirty cards rate: 5.46 cards/ms
[367.232s][debug][gc,alloc,region   ] GC(32996) Mutator Allocation stats, regions: 1, wasted size: 0B ( 0.0%)
[367.232s][debug][gc,humongous      ] GC(32996) Humongous region 0 (object size 1048592 @ 0x0000000080000000) remset 0 code roots 0 marked 0 reclaim candidate 0 type array 1
[367.232s][debug][gc,humongous      ] GC(32996) Humongous region 3 (object size 1048592 @ 0x0000000080300000) remset 0 code roots 0 marked 0 reclaim candidate 0 type array 1
[367.232s][debug][gc,humongous      ] GC(32996) Humongous region 5 (object size 1048592 @ 0x0000000080500000) remset 0 code roots 0 marked 0 reclaim candidate 0 type array 1
[367.232s][debug][gc,humongous      ] GC(32996) Humongous region 7 (object size 1048592 @ 0x0000000080700000) remset 0 code roots 0 marked 0 reclaim candidate 0 type array 1
[367.232s][debug][gc,humongous      ] GC(32996) Humongous region 315 (object size 1048592 @ 0x0000000093b00000) remset 0 code roots 0 marked 0 reclaim candidate 0 type array 1
[367.232s][debug][gc,humongous      ] GC(32996) Humongous region 630 (object size 1048592 @ 0x00000000a7600000) remset 0 code roots 0 marked 0 reclaim candidate 0 type array 1
[367.232s][debug][gc,humongous      ] GC(32996) Humongous region 317 (object size 1048592 @ 0x0000000093d00000) remset 0 code roots 0 marked 0 reclaim candidate 0 type array 1
[367.232s][debug][gc,humongous      ] GC(32996) Humongous region 319 (object size 1048592 @ 0x0000000093f00000) remset 0 code roots 0 marked 0 reclaim candidate 0 type array 1
[367.232s][debug][gc,humongous      ] GC(32996) Humongous region 632 (object size 1048592 @ 0x00000000a7800000) remset 0 code roots 0 marked 0 reclaim candidate 0 type array 1
[367.232s][debug][gc,humongous      ] GC(32996) Humongous region 945 (object size 1048592 @ 0x00000000bb100000) remset 0 code roots 0 marked 0 reclaim candidate 0 type array 1
[367.232s][debug][gc,humongous      ] GC(32996) Humongous region 9 (object size 1048592 @ 0x0000000080900000) remset 0 code roots 0 marked 0 reclaim candidate 0 type array 1
[367.232s][debug][gc,humongous      ] GC(32996) Humongous region 947 (object size 1048592 @ 0x00000000bb300000) remset 0 code roots 0 marked 0 reclaim candidate 0 type array 1
[367.232s][debug][gc,humongous      ] GC(32996) Humongous region 1103 (object size 1048592 @ 0x00000000c4f00000) remset 0 code roots 0 marked 0 reclaim candidate 0 type array 1
[367.232s][debug][gc,humongous      ] GC(32996) Humongous region 1575 (object size 1048592 @ 0x00000000e2700000) remset 0 code roots 0 marked 0 reclaim candidate 0 type array 1
[367.232s][debug][gc,humongous      ] GC(32996) Humongous region 634 (object size 1048592 @ 0x00000000a7a00000) remset 0 code roots 0 marked 0 reclaim candidate 0 type array 1
[367.232s][debug][gc,humongous      ] GC(32996) Humongous region 1890 (object size 1048592 @ 0x00000000f6200000) remset 0 code roots 0 marked 0 reclaim candidate 0 type array 1
[367.232s][debug][gc,humongous      ] GC(32996) Humongous region 473 (object size 1048592 @ 0x000000009d900000) remset 0 code roots 0 marked 0 reclaim candidate 0 type array 1
[367.232s][debug][gc,humongous      ] GC(32996) Humongous region 1892 (object size 1048592 @ 0x00000000f6400000) remset 0 code roots 0 marked 0 reclaim candidate 0 type array 1
[367.232s][debug][gc,humongous      ] GC(32996) Humongous region 11 (object size 1048592 @ 0x0000000080b00000) remset 0 code roots 0 marked 0 reclaim candidate 0 type array 1
[367.232s][debug][gc,humongous      ] GC(32996) Humongous region 13 (object size 1048592 @ 0x0000000080d00000) remset 0 code roots 0 marked 0 reclaim candidate 0 type array 1
[367.232s][debug][gc,humongous      ] GC(32996) Humongous region 157 (object size 1048592 @ 0x0000000089d00000) remset 0 code roots 0 marked 0 reclaim candidate 0 type array 1
[367.232s][debug][gc,humongous      ] GC(32996) Humongous region 15 (object size 1048592 @ 0x0000000080f00000) remset 0 code roots 0 marked 0 reclaim candidate 0 type array 1
[367.232s][debug][gc,humongous      ] GC(32996) Humongous region 321 (object size 1048592 @ 0x0000000094100000) remset 0 code roots 0 marked 0 reclaim candidate 0 type array 1
[367.232s][debug][gc,humongous      ] GC(32996) Humongous region 788 (object size 1048592 @ 0x00000000b1400000) remset 0 code roots 0 marked 0 reclaim candidate 0 type array 1
[367.232s][debug][gc,humongous      ] GC(32996) Humongous region 323 (object size 1048592 @ 0x0000000094300000) remset 0 code roots 0 marked 0 reclaim candidate 0 type array 1
[367.232s][debug][gc,humongous      ] GC(32996) Humongous region 1732 (object size 1048592 @ 0x00000000ec400000) remset 0 code roots 0 marked 0 reclaim candidate 0 type array 1
[367.232s][debug][gc,humongous      ] GC(32996) Humongous region 790 (object size 1048592 @ 0x00000000b1600000) remset 0 code roots 0 marked 0 reclaim candidate 0 type array 1
[367.232s][debug][gc,humongous      ] GC(32996) Humongous region 1577 (object size 1048592 @ 0x00000000e2900000) remset 0 code roots 0 marked 0 reclaim candidate 0 type array 1
[367.232s][debug][gc,humongous      ] GC(32996) Humongous region 1734 (object size 1048592 @ 0x00000000ec600000) remset 0 code roots 0 marked 0 reclaim candidate 0 type array 1
[367.232s][debug][gc,humongous      ] GC(32996) Humongous region 1260 (object size 1048592 @ 0x00000000cec00000) remset 0 code roots 0 marked 0 reclaim candidate 0 type array 1
[367.232s][debug][gc,humongous      ] GC(32996) Humongous region 1579 (object size 1048592 @ 0x00000000e2b00000) remset 0 code roots 0 marked 0 reclaim candidate 0 type array 1
[367.232s][debug][gc,humongous      ] GC(32996) Humongous region 1417 (object size 1048592 @ 0x00000000d8900000) remset 0 code roots 0 marked 0 reclaim candidate 0 type array 1
[367.232s][debug][gc,humongous      ] GC(32996) Humongous region 1419 (object size 1048592 @ 0x00000000d8b00000) remset 0 code roots 0 marked 0 reclaim candidate 0 type array 1
[367.232s][debug][gc,humongous      ] GC(32996) Humongous region 17 (object size 1048592 @ 0x0000000081100000) remset 0 code roots 0 marked 0 reclaim candidate 0 type array 1
[367.232s][debug][gc,humongous      ] GC(32996) Humongous region 19 (object size 1048592 @ 0x0000000081300000) remset 0 code roots 0 marked 0 reclaim candidate 0 type array 1
[367.232s][debug][gc,humongous      ] GC(32996) Humongous region 1423 (object size 1048592 @ 0x00000000d8f00000) remset 0 code roots 0 marked 0 reclaim candidate 0 type array 1
[367.232s][debug][gc,humongous      ] GC(32996) Humongous region 21 (object size 1048592 @ 0x0000000081500000) remset 0 code roots 0 marked 0 reclaim candidate 0 type array 1
[367.232s][debug][gc,humongous      ] GC(32996) Humongous region 23 (object size 1048592 @ 0x0000000081700000) remset 0 code roots 0 marked 0 reclaim candidate 0 type array 1
[367.232s][debug][gc,humongous      ] GC(32996) Humongous region 475 (object size 1048592 @ 0x000000009db00000) remset 0 code roots 0 marked 0 reclaim candidate 0 type array 1
[367.232s][debug][gc,humongous      ] GC(32996) Humongous region 1736 (object size 1048592 @ 0x00000000ec800000) remset 0 code roots 0 marked 0 reclaim candidate 0 type array 1
[367.232s][debug][gc,humongous      ] GC(32996) Humongous region 477 (object size 1048592 @ 0x000000009dd00000) remset 0 code roots 0 marked 0 reclaim candidate 0 type array 1
[367.232s][debug][gc,humongous      ] GC(32996) Humongous region 1262 (object size 1048592 @ 0x00000000cee00000) remset 0 code roots 0 marked 0 reclaim candidate 0 type array 1
[367.232s][debug][gc,humongous      ] GC(32996) Humongous region 949 (object size 1048592 @ 0x00000000bb500000) remset 0 code roots 0 marked 0 reclaim candidate 0 type array 1
[367.232s][debug][gc,humongous      ] GC(32996) Humongous region 1264 (object size 1048592 @ 0x00000000cf000000) remset 0 code roots 0 marked 0 reclaim candidate 0 type array 1
[367.232s][debug][gc,humongous      ] GC(32996) Humongous region 1581 (object size 1048592 @ 0x00000000e2d00000) remset 0 code roots 0 marked 0 reclaim candidate 0 type array 1
[367.232s][debug][gc,humongous      ] GC(32996) Humongous region 159 (object size 1048592 @ 0x0000000089f00000) remset 0 code roots 0 marked 0 reclaim candidate 0 type array 1
[367.232s][debug][gc,humongous      ] GC(32996) Humongous region 1105 (object size 1048592 @ 0x00000000c5100000) remset 0 code roots 0 marked 0 reclaim candidate 0 type array 1
[367.232s][debug][gc,humongous      ] GC(32996) Humongous region 161 (object size 1048592 @ 0x000000008a100000) remset 0 code roots 0 marked 0 reclaim candidate 0 type array 1
[367.232s][debug][gc,humongous      ] GC(32996) Humongous region 1427 (object size 1048592 @ 0x00000000d9300000) remset 0 code roots 0 marked 0 reclaim candidate 0 type array 1
[367.232s][debug][gc,humongous      ] GC(32996) Humongous region 163 (object size 1048592 @ 0x000000008a300000) remset 0 code roots 0 marked 0 reclaim candidate 0 type array 1
[367.232s][debug][gc,humongous      ] GC(32996) Humongous region 1429 (object size 1048592 @ 0x00000000d9500000) remset 0 code roots 0 marked 0 reclaim candidate 0 type array 1
[367.232s][debug][gc,humongous      ] GC(32996) Humongous region 165 (object size 1048592 @ 0x000000008a500000) remset 0 code roots 0 marked 0 reclaim candidate 0 type array 1
[367.232s][debug][gc,humongous      ] GC(32996) Humongous region 1738 (object size 1048592 @ 0x00000000eca00000) remset 0 code roots 0 marked 0 reclaim candidate 0 type array 1
[367.232s][debug][gc,humongous      ] GC(32996) Humongous region 325 (object size 1048592 @ 0x0000000094500000) remset 0 code roots 0 marked 0 reclaim candidate 0 type array 1
[367.232s][debug][gc,humongous      ] GC(32996) Humongous region 479 (object size 1048592 @ 0x000000009df00000) remset 0 code roots 0 marked 0 reclaim candidate 0 type array 1
[367.232s][debug][gc,humongous      ] GC(32996) Humongous region 327 (object size 1048592 @ 0x0000000094700000) remset 0 code roots 0 marked 0 reclaim candidate 0 type array 1
[367.232s][debug][gc,humongous      ] GC(32996) Humongous region 1266 (object size 1048592 @ 0x00000000cf200000) remset 0 code roots 0 marked 0 reclaim candidate 0 type array 1
[367.232s][debug][gc,humongous      ] GC(32996) Humongous region 329 (object size 1048592 @ 0x0000000094900000) remset 0 code roots 0 marked 0 reclaim candidate 0 type array 1
[367.232s][debug][gc,humongous      ] GC(32996) Humongous region 636 (object size 1048592 @ 0x00000000a7c00000) remset 0 code roots 0 marked 0 reclaim candidate 0 type array 1
[367.232s][debug][gc,humongous      ] GC(32996) Humongous region 1107 (object size 1048592 @ 0x00000000c5300000) remset 0 code roots 0 marked 0 reclaim candidate 0 type array 1
[367.232s][debug][gc,humongous      ] GC(32996) Humongous region 792 (object size 1048592 @ 0x00000000b1800000) remset 0 code roots 0 marked 0 reclaim candidate 0 type array 1
[367.232s][debug][gc,humongous      ] GC(32996) Humongous region 1109 (object size 1048592 @ 0x00000000c5500000) remset 0 code roots 0 marked 0 reclaim candidate 0 type array 1
[367.232s][debug][gc,humongous      ] GC(32996) Humongous region 794 (object size 1048592 @ 0x00000000b1a00000) remset 0 code roots 0 marked 0 reclaim candidate 0 type array 1
[367.232s][debug][gc,humongous      ] GC(32996) Humongous region 1111 (object size 1048592 @ 0x00000000c5700000) remset 0 code roots 0 marked 0 reclaim candidate 0 type array 1
[367.232s][debug][gc,humongous      ] GC(32996) Humongous region 167 (object size 1048592 @ 0x000000008a700000) remset 0 code roots 0 marked 0 reclaim candidate 0 type array 1
[367.232s][debug][gc,humongous      ] GC(32996) Humongous region 1740 (object size 1048592 @ 0x00000000ecc00000) remset 0 code roots 0 marked 0 reclaim candidate 0 type array 1
[367.232s][debug][gc,humongous      ] GC(32996) Humongous region 169 (object size 1048592 @ 0x000000008a900000) remset 0 code roots 0 marked 0 reclaim candidate 0 type array 1
[367.232s][debug][gc,humongous      ] GC(32996) Humongous region 481 (object size 1048592 @ 0x000000009e100000) remset 0 code roots 0 marked 0 reclaim candidate 0 type array 1
[367.232s][debug][gc,humongous      ] GC(32996) Humongous region 171 (object size 1048592 @ 0x000000008ab00000) remset 0 code roots 0 marked 0 reclaim candidate 0 type array 1
[367.232s][debug][gc,humongous      ] GC(32996) Humongous region 1268 (object size 1048592 @ 0x00000000cf400000) remset 0 code roots 0 marked 0 reclaim candidate 0 type array 1
[367.232s][debug][gc,humongous      ] GC(32996) Humongous region 331 (object size 1048592 @ 0x0000000094b00000) remset 0 code roots 0 marked 0 reclaim candidate 0 type array 1
[367.233s][debug][gc,humongous      ] GC(32996) Humongous region 1270 (object size 1048592 @ 0x00000000cf600000) remset 0 code roots 0 marked 0 reclaim candidate 0 type array 1
[367.232s][debug][gc,humongous      ] GC(32996) Humongous region 25 (object size 1048592 @ 0x0000000081900000) remset 0 code roots 0 marked 0 reclaim candidate 0 type array 1
[367.233s][debug][gc,humongous      ] GC(32996) Humongous region 1272 (object size 1048592 @ 0x00000000cf800000) remset 0 code roots 0 marked 0 reclaim candidate 0 type array 1
[367.232s][debug][gc,humongous      ] GC(32996) Humongous region 1894 (object size 1048592 @ 0x00000000f6600000) remset 0 code roots 0 marked 0 reclaim candidate 0 type array 1
[367.233s][debug][gc,humongous      ] GC(32996) Humongous region 1274 (object size 1048592 @ 0x00000000cfa00000) remset 0 code roots 0 marked 0 reclaim candidate 0 type array 1
[367.232s][debug][gc,humongous      ] GC(32996) Humongous region 1113 (object size 1048592 @ 0x00000000c5900000) remset 0 code roots 0 marked 0 reclaim candidate 0 type array 1
[367.233s][debug][gc,humongous      ] GC(32996) Humongous region 1276 (object size 1048592 @ 0x00000000cfc00000) remset 0 code roots 0 marked 0 reclaim candidate 0 type array 1
[367.232s][debug][gc,humongous      ] GC(32996) Humongous region 1742 (object size 1048592 @ 0x00000000ece00000) remset 0 code roots 0 marked 0 reclaim candidate 0 type array 1
[367.233s][debug][gc,humongous      ] GC(32996) Humongous region 1278 (object size 1048592 @ 0x00000000cfe00000) remset 0 code roots 0 marked 0 reclaim candidate 0 type array 1
[367.233s][debug][gc,humongous      ] GC(32996) Humongous region 483 (object size 1048592 @ 0x000000009e300000) remset 0 code roots 0 marked 0 reclaim candidate 0 type array 1
[367.233s][debug][gc,humongous      ] GC(32996) Humongous region 173 (object size 1048592 @ 0x000000008ad00000) remset 0 code roots 0 marked 0 reclaim candidate 0 type array 1
[367.232s][debug][gc,humongous      ] GC(32996) Humongous region 638 (object size 1048592 @ 0x00000000a7e00000) remset 0 code roots 0 marked 0 reclaim candidate 0 type array 1
[367.233s][debug][gc,humongous      ] GC(32996) Humongous region 333 (object size 1048592 @ 0x0000000094d00000) remset 0 code roots 0 marked 0 reclaim candidate 0 type array 1
[367.233s][debug][gc,humongous      ] GC(32996) Humongous region 640 (object size 1048592 @ 0x00000000a8000000) remset 0 code roots 0 marked 0 reclaim candidate 0 type array 1
[367.233s][debug][gc,humongous      ] GC(32996) Humongous region 27 (object size 1048592 @ 0x0000000081b00000) remset 0 code roots 0 marked 0 reclaim candidate 0 type array 1
[367.232s][debug][gc,humongous      ] GC(32996) Humongous region 796 (object size 1048592 @ 0x00000000b1c00000) remset 0 code roots 0 marked 0 reclaim candidate 0 type array 1
[367.233s][debug][gc,humongous      ] GC(32996) Humongous region 29 (object size 1048592 @ 0x0000000081d00000) remset 0 code roots 0 marked 0 reclaim candidate 0 type array 1
[367.233s][debug][gc,humongous      ] GC(32996) Humongous region 1115 (object size 1048592 @ 0x00000000c5b00000) remset 0 code roots 0 marked 0 reclaim candidate 0 type array 1
[367.233s][debug][gc,humongous      ] GC(32996) Humongous region 31 (object size 1048592 @ 0x0000000081f00000) remset 0 code roots 0 marked 0 reclaim candidate 0 type array 1
[367.232s][debug][gc,humongous      ] GC(32996) Humongous region 1583 (object size 1048592 @ 0x00000000e2f00000) remset 0 code roots 0 marked 0 reclaim candidate 0 type array 1
[367.233s][debug][gc,humongous      ] GC(32996) Humongous region 1744 (object size 1048592 @ 0x00000000ed000000) remset 0 code roots 0 marked 0 reclaim candidate 0 type array 1
[367.233s][debug][gc,humongous      ] GC(32996) Humongous region 1280 (object size 1048592 @ 0x00000000d0000000) remset 0 code roots 0 marked 0 reclaim candidate 0 type array 1
[367.233s][debug][gc,humongous      ] GC(32996) Humongous region 1746 (object size 1048592 @ 0x00000000ed200000) remset 0 code roots 0 marked 0 reclaim candidate 0 type array 1
[367.233s][debug][gc,humongous      ] GC(32996) Humongous region 175 (object size 1048592 @ 0x000000008af00000) remset 0 code roots 0 marked 0 reclaim candidate 0 type array 1
[367.232s][debug][gc,humongous      ] GC(32996) Humongous region 1431 (object size 1048592 @ 0x00000000d9700000) remset 0 code roots 0 marked 0 reclaim candidate 0 type array 1
[367.233s][debug][gc,humongous      ] GC(32996) Humongous region 335 (object size 1048592 @ 0x0000000094f00000) remset 0 code roots 0 marked 0 reclaim candidate 0 type array 1
[367.233s][debug][gc,humongous      ] GC(32996) Humongous region 642 (object size 1048592 @ 0x00000000a8200000) remset 0 code roots 0 marked 0 reclaim candidate 0 type array 1
[367.233s][debug][gc,humongous      ] GC(32996) Humongous region 1898 (object size 1048592 @ 0x00000000f6a00000) remset 0 code roots 0 marked 0 reclaim candidate 0 type array 1
[367.233s][debug][gc,humongous      ] GC(32996) Humongous region 644 (object size 1048592 @ 0x00000000a8400000) remset 0 code roots 0 marked 0 reclaim candidate 0 type array 1
[367.233s][debug][gc,humongous      ] GC(32996) Humongous region 798 (object size 1048592 @ 0x00000000b1e00000) remset 0 code roots 0 marked 0 reclaim candidate 0 type array 1
[367.233s][debug][gc,humongous      ] GC(32996) Humongous region 1117 (object size 1048592 @ 0x00000000c5d00000) remset 0 code roots 0 marked 0 reclaim candidate 0 type array 1
[367.233s][debug][gc,humongous      ] GC(32996) Humongous region 33 (object size 1048592 @ 0x0000000082100000) remset 0 code roots 0 marked 0 reclaim candidate 0 type array 1
[367.233s][debug][gc,humongous      ] GC(32996) Humongous region 1121 (object size 1048592 @ 0x00000000c6100000) remset 0 code roots 0 marked 0 reclaim candidate 0 type array 1
[367.233s][debug][gc,humongous      ] GC(32996) Humongous region 485 (object size 1048592 @ 0x000000009e500000) remset 0 code roots 0 marked 0 reclaim candidate 0 type array 1
[367.233s][debug][gc,humongous      ] GC(32996) Humongous region 35 (object size 1048592 @ 0x0000000082300000) remset 0 code roots 0 marked 0 reclaim candidate 0 type array 1
[367.233s][debug][gc,humongous      ] GC(32996) Humongous region 1282 (object size 1048592 @ 0x00000000d0200000) remset 0 code roots 0 marked 0 reclaim candidate 0 type array 1
[367.233s][debug][gc,humongous      ] GC(32996) Humongous region 487 (object size 1048592 @ 0x000000009e700000) remset 0 code roots 0 marked 0 reclaim candidate 0 type array 1
[367.233s][debug][gc,humongous      ] GC(32996) Humongous region 1284 (object size 1048592 @ 0x00000000d0400000) remset 0 code roots 0 marked 0 reclaim candidate 0 type array 1
[367.233s][debug][gc,humongous      ] GC(32996) Humongous region 337 (object size 1048592 @ 0x0000000095100000) remset 0 code roots 0 marked 0 reclaim candidate 0 type array 1
[367.233s][debug][gc,humongous      ] GC(32996) Humongous region 1286 (object size 1048592 @ 0x00000000d0600000) remset 0 code roots 0 marked 0 reclaim candidate 0 type array 1
[367.233s][debug][gc,humongous      ] GC(32996) Humongous region 1902 (object size 1048592 @ 0x00000000f6e00000) remset 0 code roots 0 marked 0 reclaim candidate 0 type array 1
[367.233s][debug][gc,humongous      ] GC(32996) Humongous region 800 (object size 1048592 @ 0x00000000b2000000) remset 0 code roots 0 marked 0 reclaim candidate 0 type array 1
[367.233s][debug][gc,humongous      ] GC(32996) Humongous region 1904 (object size 1048592 @ 0x00000000f7000000) remset 0 code roots 0 marked 0 reclaim candidate 0 type array 1
[367.233s][debug][gc,humongous      ] GC(32996) Humongous region 802 (object size 1048592 @ 0x00000000b2200000) remset 0 code roots 0 marked 0 reclaim candidate 0 type array 1
[367.233s][debug][gc,humongous      ] GC(32996) Humongous region 1906 (object size 1048592 @ 0x00000000f7200000) remset 0 code roots 0 marked 0 reclaim candidate 0 type array 1
[367.233s][debug][gc,humongous      ] GC(32996) Humongous region 804 (object size 1048592 @ 0x00000000b2400000) remset 0 code roots 0 marked 0 reclaim candidate 0 type array 1
[367.233s][debug][gc,humongous      ] GC(32996) Humongous region 1908 (object size 1048592 @ 0x00000000f7400000) remset 0 code roots 0 marked 0 reclaim candidate 0 type array 1
[367.233s][debug][gc,humongous      ] GC(32996) Humongous region 1433 (object size 1048592 @ 0x00000000d9900000) remset 0 code roots 0 marked 0 reclaim candidate 0 type array 1
[367.233s][debug][gc,humongous      ] GC(32996) Humongous region 1910 (object size 1048592 @ 0x00000000f7600000) remset 0 code roots 0 marked 0 reclaim candidate 0 type array 1
[367.233s][debug][gc,humongous      ] GC(32996) Humongous region 489 (object size 1048592 @ 0x000000009e900000) remset 0 code roots 0 marked 0 reclaim candidate 0 type array 1
[367.233s][debug][gc,humongous      ] GC(32996) Humongous region 1748 (object size 1048592 @ 0x00000000ed400000) remset 0 code roots 0 marked 0 reclaim candidate 0 type array 1
[367.233s][debug][gc,humongous      ] GC(32996) Humongous region 491 (object size 1048592 @ 0x000000009eb00000) remset 0 code roots 0 marked 0 reclaim candidate 0 type array 1
[367.233s][debug][gc,humongous      ] GC(32996) Humongous region 646 (object size 1048592 @ 0x00000000a8600000) remset 0 code roots 0 marked 0 reclaim candidate 0 type array 1
[367.233s][debug][gc,humongous      ] GC(32996) Humongous region 1288 (object size 1048592 @ 0x00000000d0800000) remset 0 code roots 0 marked 0 reclaim candidate 0 type array 1
[367.233s][debug][gc,humongous      ] GC(32996) Humongous region 1585 (object size 1048592 @ 0x00000000e3100000) remset 0 code roots 0 marked 0 reclaim candidate 0 type array 1
[367.233s][debug][gc,humongous      ] GC(32996) Humongous region 1290 (object size 1048592 @ 0x00000000d0a00000) remset 0 code roots 0 marked 0 reclaim candidate 0 type array 1
[367.233s][debug][gc,humongous      ] GC(32996) Humongous region 37 (object size 1048592 @ 0x0000000082500000) remset 0 code roots 0 marked 0 reclaim candidate 0 type array 1
[367.233s][debug][gc,humongous      ] GC(32996) Humongous region 1292 (object size 1048592 @ 0x00000000d0c00000) remset 0 code roots 0 marked 0 reclaim candidate 0 type array 1
[367.233s][debug][gc,humongous      ] GC(32996) Humongous region 39 (object size 1048592 @ 0x0000000082700000) remset 0 code roots 0 marked 0 reclaim candidate 0 type array 1
[367.233s][debug][gc,humongous      ] GC(32996) Humongous region 1435 (object size 1048592 @ 0x00000000d9b00000) remset 0 code roots 0 marked 0 reclaim candidate 0 type array 1
[367.233s][debug][gc,humongous      ] GC(32996) Humongous region 41 (object size 1048592 @ 0x0000000082900000) remset 0 code roots 0 marked 0 reclaim candidate 0 type array 1
[367.233s][debug][gc,humongous      ] GC(32996) Humongous region 1437 (object size 1048592 @ 0x00000000d9d00000) remset 0 code roots 0 marked 0 reclaim candidate 0 type array 1
[367.233s][debug][gc,humongous      ] GC(32996) Humongous region 43 (object size 1048592 @ 0x0000000082b00000) remset 0 code roots 0 marked 0 reclaim candidate 0 type array 1
[367.233s][debug][gc,humongous      ] GC(32996) Humongous region 1439 (object size 1048592 @ 0x00000000d9f00000) remset 0 code roots 0 marked 0 reclaim candidate 0 type array 1
[367.233s][debug][gc,humongous      ] GC(32996) Humongous region 1441 (object size 1048592 @ 0x00000000da100000) remset 0 code roots 0 marked 0 reclaim candidate 0 type array 1
[367.233s][debug][gc,humongous      ] GC(32996) Humongous region 648 (object size 1048592 @ 0x00000000a8800000) remset 0 code roots 0 marked 0 reclaim candidate 0 type array 1
[367.233s][debug][gc,humongous      ] GC(32996) Humongous region 1443 (object size 1048592 @ 0x00000000da300000) remset 0 code roots 0 marked 0 reclaim candidate 0 type array 1
[367.233s][debug][gc,humongous      ] GC(32996) Humongous region 650 (object size 1048592 @ 0x00000000a8a00000) remset 0 code roots 0 marked 0 reclaim candidate 0 type array 1
[367.233s][debug][gc,humongous      ] GC(32996) Humongous region 1445 (object size 1048592 @ 0x00000000da500000) remset 0 code roots 0 marked 0 reclaim candidate 0 type array 1
[367.233s][debug][gc,humongous      ] GC(32996) Humongous region 652 (object size 1048592 @ 0x00000000a8c00000) remset 0 code roots 0 marked 0 reclaim candidate 0 type array 1
[367.233s][debug][gc,humongous      ] GC(32996) Humongous region 177 (object size 1048592 @ 0x000000008b100000) remset 0 code roots 0 marked 0 reclaim candidate 0 type array 1
[367.232s][debug][gc,humongous      ] GC(32996) Humongous region 951 (object size 1048592 @ 0x00000000bb700000) remset 0 code roots 0 marked 0 reclaim candidate 0 type array 1
[367.233s][debug][gc,humongous      ] GC(32996) Humongous region 339 (object size 1048592 @ 0x0000000095300000) remset 0 code roots 0 marked 0 reclaim candidate 0 type array 1
[367.233s][debug][gc,humongous      ] GC(32996) Humongous region 1912 (object size 1048592 @ 0x00000000f7800000) remset 0 code roots 0 marked 0 reclaim candidate 0 type array 1
[367.233s][debug][gc,humongous      ] GC(32996) Humongous region 341 (object size 1048592 @ 0x0000000095500000) remset 0 code roots 0 marked 0 reclaim candidate 0 type array 1
[367.233s][debug][gc,humongous      ] GC(32996) Humongous region 1750 (object size 1048592 @ 0x00000000ed600000) remset 0 code roots 0 marked 0 reclaim candidate 0 type array 1
[367.233s][debug][gc,humongous      ] GC(32996) Humongous region 1914 (object size 1048592 @ 0x00000000f7a00000) remset 0 code roots 0 marked 0 reclaim candidate 0 type array 1
[367.233s][debug][gc,humongous      ] GC(32996) Humongous region 1123 (object size 1048592 @ 0x00000000c6300000) remset 0 code roots 0 marked 0 reclaim candidate 0 type array 1
[367.233s][debug][gc,humongous      ] GC(32996) Humongous region 1916 (object size 1048592 @ 0x00000000f7c00000) remset 0 code roots 0 marked 0 reclaim candidate 0 type array 1
[367.233s][debug][gc,humongous      ] GC(32996) Humongous region 1125 (object size 1048592 @ 0x00000000c6500000) remset 0 code roots 0 marked 0 reclaim candidate 0 type array 1
[367.233s][debug][gc,humongous      ] GC(32996) Humongous region 1294 (object size 1048592 @ 0x00000000d0e00000) remset 0 code roots 0 marked 0 reclaim candidate 0 type array 1
[367.233s][debug][gc,humongous      ] GC(32996) Humongous region 1447 (object size 1048592 @ 0x00000000da700000) remset 0 code roots 0 marked 0 reclaim candidate 0 type array 1
[367.233s][debug][gc,humongous      ] GC(32996) Humongous region 1296 (object size 1048592 @ 0x00000000d1000000) remset 0 code roots 0 marked 0 reclaim candidate 0 type array 1
[367.233s][debug][gc,humongous      ] GC(32996) Humongous region 179 (object size 1048592 @ 0x000000008b300000) remset 0 code roots 0 marked 0 reclaim candidate 0 type array 1
[367.233s][debug][gc,humongous      ] GC(32996) Humongous region 1298 (object size 1048592 @ 0x00000000d1200000) remset 0 code roots 0 marked 0 reclaim candidate 0 type array 1
[367.233s][debug][gc,humongous      ] GC(32996) Humongous region 493 (object size 1048592 @ 0x000000009ed00000) remset 0 code roots 0 marked 0 reclaim candidate 0 type array 1
[367.233s][debug][gc,humongous      ] GC(32996) Humongous region 45 (object size 1048592 @ 0x0000000082d00000) remset 0 code roots 0 marked 0 reclaim candidate 0 type array 1
[367.233s][debug][gc,humongous      ] GC(32996) Humongous region 1752 (object size 1048592 @ 0x00000000ed800000) remset 0 code roots 0 marked 0 reclaim candidate 0 type array 1
[367.233s][debug][gc,humongous      ] GC(32996) Humongous region 47 (object size 1048592 @ 0x0000000082f00000) remset 0 code roots 0 marked 0 reclaim candidate 0 type array 1
[367.234s][debug][gc,humongous      ] GC(32996) Humongous region 1756 (object size 1048592 @ 0x00000000edc00000) remset 0 code roots 0 marked 0 reclaim candidate 0 type array 1
[367.234s][debug][gc,humongous      ] GC(32996) Humongous region 49 (object size 1048592 @ 0x0000000083100000) remset 0 code roots 0 marked 0 reclaim candidate 0 type array 1
[367.233s][debug][gc,humongous      ] GC(32996) Humongous region 1920 (object size 1048592 @ 0x00000000f8000000) remset 0 code roots 0 marked 0 reclaim candidate 0 type array 1
[367.233s][debug][gc,humongous      ] GC(32996) Humongous region 1127 (object size 1048592 @ 0x00000000c6700000) remset 0 code roots 0 marked 0 reclaim candidate 0 type array 1
[367.233s][debug][gc,humongous      ] GC(32996) Humongous region 654 (object size 1048592 @ 0x00000000a8e00000) remset 0 code roots 0 marked 0 reclaim candidate 0 type array 1
[367.233s][debug][gc,humongous      ] GC(32996) Humongous region 1449 (object size 1048592 @ 0x00000000da900000) remset 0 code roots 0 marked 0 reclaim candidate 0 type array 1
[367.233s][debug][gc,humongous      ] GC(32996) Humongous region 953 (object size 1048592 @ 0x00000000bb900000) remset 0 code roots 0 marked 0 reclaim candidate 0 type array 1
[367.233s][debug][gc,humongous      ] GC(32996) Humongous region 181 (object size 1048592 @ 0x000000008b500000) remset 0 code roots 0 marked 0 reclaim candidate 0 type array 1
[367.233s][debug][gc,humongous      ] GC(32996) Humongous region 1300 (object size 1048592 @ 0x00000000d1400000) remset 0 code roots 0 marked 0 reclaim candidate 0 type array 1
[367.234s][debug][gc,humongous      ] GC(32996) Humongous region 183 (object size 1048592 @ 0x000000008b700000) remset 0 code roots 0 marked 0 reclaim candidate 0 type array 1
[367.233s][debug][gc,humongous      ] GC(32996) Humongous region 495 (object size 1048592 @ 0x000000009ef00000) remset 0 code roots 0 marked 0 reclaim candidate 0 type array 1
[367.234s][debug][gc,humongous      ] GC(32996) Humongous region 185 (object size 1048592 @ 0x000000008b900000) remset 0 code roots 0 marked 0 reclaim candidate 0 type array 1
[367.234s][debug][gc,humongous      ] GC(32996) Humongous region 497 (object size 1048592 @ 0x000000009f100000) remset 0 code roots 0 marked 0 reclaim candidate 0 type array 1
[367.234s][debug][gc,humongous      ] GC(32996) Humongous region 187 (object size 1048592 @ 0x000000008bb00000) remset 0 code roots 0 marked 0 reclaim candidate 0 type array 1
[367.234s][debug][gc,humongous      ] GC(32996) Humongous region 499 (object size 1048592 @ 0x000000009f300000) remset 0 code roots 0 marked 0 reclaim candidate 0 type array 1
[367.234s][debug][gc,humongous      ] GC(32996) Humongous region 189 (object size 1048592 @ 0x000000008bd00000) remset 0 code roots 0 marked 0 reclaim candidate 0 type array 1
[367.234s][debug][gc,humongous      ] GC(32996) Humongous region 501 (object size 1048592 @ 0x000000009f500000) remset 0 code roots 0 marked 0 reclaim candidate 0 type array 1
[367.234s][debug][gc,humongous      ] GC(32996) Humongous region 955 (object size 1048592 @ 0x00000000bbb00000) remset 0 code roots 0 marked 0 reclaim candidate 0 type array 1
[367.234s][debug][gc,humongous      ] GC(32996) Humongous region 503 (object size 1048592 @ 0x000000009f700000) remset 0 code roots 0 marked 0 reclaim candidate 0 type array 1
[367.234s][debug][gc,humongous      ] GC(32996) Humongous region 1451 (object size 1048592 @ 0x00000000dab00000) remset 0 code roots 0 marked 0 reclaim candidate 0 type array 1
[367.233s][debug][gc,humongous      ] GC(32996) Humongous region 343 (object size 1048592 @ 0x0000000095700000) remset 0 code roots 0 marked 0 reclaim candidate 0 type array 1
[367.234s][debug][gc,humongous      ] GC(32996) Humongous region 345 (object size 1048592 @ 0x0000000095900000) remset 0 code roots 0 marked 0 reclaim candidate 0 type array 1
[367.234s][debug][gc,humongous      ] GC(32996) Humongous region 347 (object size 1048592 @ 0x0000000095b00000) remset 0 code roots 0 marked 0 reclaim candidate 0 type array 1
[367.234s][debug][gc,humongous      ] GC(32996) Humongous region 1758 (object size 1048592 @ 0x00000000ede00000) remset 0 code roots 0 marked 0 reclaim candidate 0 type array 1
[367.234s][debug][gc,humongous      ] GC(32996) Humongous region 349 (object size 1048592 @ 0x0000000095d00000) remset 0 code roots 0 marked 0 reclaim candidate 0 type array 1
[367.234s][debug][gc,humongous      ] GC(32996) Humongous region 51 (object size 1048592 @ 0x0000000083300000) remset 0 code roots 0 marked 0 reclaim candidate 0 type array 1
[367.234s][debug][gc,humongous      ] GC(32996) Humongous region 1760 (object size 1048592 @ 0x00000000ee000000) remset 0 code roots 0 marked 0 reclaim candidate 0 type array 1
[367.234s][debug][gc,humongous      ] GC(32996) Humongous region 1302 (object size 1048592 @ 0x00000000d1600000) remset 0 code roots 0 marked 0 reclaim candidate 0 type array 1
[367.234s][debug][gc,humongous      ] GC(32996) Humongous region 53 (object size 1048592 @ 0x0000000083500000) remset 0 code roots 0 marked 0 reclaim candidate 0 type array 1
[367.234s][debug][gc,humongous      ] GC(32996) Humongous region 1762 (object size 1048592 @ 0x00000000ee200000) remset 0 code roots 0 marked 0 reclaim candidate 0 type array 1
[367.234s][debug][gc,humongous      ] GC(32996) Humongous region 1304 (object size 1048592 @ 0x00000000d1800000) remset 0 code roots 0 marked 0 reclaim candidate 0 type array 1
[367.234s][debug][gc,humongous      ] GC(32996) Humongous region 505 (object size 1048592 @ 0x000000009f900000) remset 0 code roots 0 marked 0 reclaim candidate 0 type array 1
[367.234s][debug][gc,humongous      ] GC(32996) Humongous region 1453 (object size 1048592 @ 0x00000000dad00000) remset 0 code roots 0 marked 0 reclaim candidate 0 type array 1
[367.234s][debug][gc,humongous      ] GC(32996) Humongous region 507 (object size 1048592 @ 0x000000009fb00000) remset 0 code roots 0 marked 0 reclaim candidate 0 type array 1
[367.233s][debug][gc,humongous      ] GC(32996) Humongous region 1587 (object size 1048592 @ 0x00000000e3300000) remset 0 code roots 0 marked 0 reclaim candidate 0 type array 1
[367.234s][debug][gc,humongous      ] GC(32996) Humongous region 351 (object size 1048592 @ 0x0000000095f00000) remset 0 code roots 0 marked 0 reclaim candidate 0 type array 1
[367.234s][debug][gc,humongous      ] GC(32996) Humongous region 1589 (object size 1048592 @ 0x00000000e3500000) remset 0 code roots 0 marked 0 reclaim candidate 0 type array 1
[367.234s][debug][gc,humongous      ] GC(32996) Humongous region 353 (object size 1048592 @ 0x0000000096100000) remset 0 code roots 0 marked 0 reclaim candidate 0 type array 1
[367.234s][debug][gc,humongous      ] GC(32996) Humongous region 56 (object size 1048592 @ 0x0000000083800000) remset 0 code roots 0 marked 0 reclaim candidate 0 type array 1
[367.234s][debug][gc,humongous      ] GC(32996) Humongous region 1591 (object size 1048592 @ 0x00000000e3700000) remset 0 code roots 0 marked 0 reclaim candidate 0 type array 1
[367.234s][debug][gc,humongous      ] GC(32996) Humongous region 191 (object size 1048592 @ 0x000000008bf00000) remset 0 code roots 0 marked 0 reclaim candidate 0 type array 1
[367.234s][debug][gc,humongous      ] GC(32996) Humongous region 656 (object size 1048592 @ 0x00000000a9000000) remset 0 code roots 0 marked 0 reclaim candidate 0 type array 1
[367.234s][debug][gc,humongous      ] GC(32996) Humongous region 193 (object size 1048592 @ 0x000000008c100000) remset 0 code roots 0 marked 0 reclaim candidate 0 type array 1
[367.234s][debug][gc,humongous      ] GC(32996) Humongous region 1307 (object size 1048592 @ 0x00000000d1b00000) remset 0 code roots 0 marked 0 reclaim candidate 0 type array 1
[367.234s][debug][gc,humongous      ] GC(32996) Humongous region 195 (object size 1048592 @ 0x000000008c300000) remset 0 code roots 0 marked 0 reclaim candidate 0 type array 1
[367.234s][debug][gc,humongous      ] GC(32996) Humongous region 1309 (object size 1048592 @ 0x00000000d1d00000) remset 0 code roots 0 marked 0 reclaim candidate 0 type array 1
[367.234s][debug][gc,humongous      ] GC(32996) Humongous region 509 (object size 1048592 @ 0x000000009fd00000) remset 0 code roots 0 marked 0 reclaim candidate 0 type array 1
[367.234s][debug][gc,humongous      ] GC(32996) Humongous region 1455 (object size 1048592 @ 0x00000000daf00000) remset 0 code roots 0 marked 0 reclaim candidate 0 type array 1
[367.234s][debug][gc,humongous      ] GC(32996) Humongous region 1129 (object size 1048592 @ 0x00000000c6900000) remset 0 code roots 0 marked 0 reclaim candidate 0 type array 1
[367.234s][debug][gc,humongous      ] GC(32996) Humongous region 355 (object size 1048592 @ 0x0000000096300000) remset 0 code roots 0 marked 0 reclaim candidate 0 type array 1
[367.234s][debug][gc,humongous      ] GC(32996) Humongous region 957 (object size 1048592 @ 0x00000000bbd00000) remset 0 code roots 0 marked 0 reclaim candidate 0 type array 1
[367.234s][debug][gc,humongous      ] GC(32996) Humongous region 58 (object size 1048592 @ 0x0000000083a00000) remset 0 code roots 0 marked 0 reclaim candidate 0 type array 1
[367.234s][debug][gc,humongous      ] GC(32996) Humongous region 1593 (object size 1048592 @ 0x00000000e3900000) remset 0 code roots 0 marked 0 reclaim candidate 0 type array 1
[367.234s][debug][gc,humongous      ] GC(32996) Humongous region 1764 (object size 1048592 @ 0x00000000ee400000) remset 0 code roots 0 marked 0 reclaim candidate 0 type array 1
[367.234s][debug][gc,humongous      ] GC(32996) Humongous region 658 (object size 1048592 @ 0x00000000a9200000) remset 0 code roots 0 marked 0 reclaim candidate 0 type array 1
[367.233s][debug][gc,humongous      ] GC(32996) Humongous region 806 (object size 1048592 @ 0x00000000b2600000) remset 0 code roots 0 marked 0 reclaim candidate 0 type array 1
[367.234s][debug][gc,humongous      ] GC(32996) Humongous region 1922 (object size 1048592 @ 0x00000000f8200000) remset 0 code roots 0 marked 0 reclaim candidate 0 type array 1
[367.234s][debug][gc,humongous      ] GC(32996) Humongous region 197 (object size 1048592 @ 0x000000008c500000) remset 0 code roots 0 marked 0 reclaim candidate 0 type array 1
[367.234s][debug][gc,humongous      ] GC(32996) Humongous region 1924 (object size 1048592 @ 0x00000000f8400000) remset 0 code roots 0 marked 0 reclaim candidate 0 type array 1
[367.234s][debug][gc,humongous      ] GC(32996) Humongous region 511 (object size 1048592 @ 0x000000009ff00000) remset 0 code roots 0 marked 0 reclaim candidate 0 type array 1
[367.234s][debug][gc,humongous      ] GC(32996) Humongous region 1457 (object size 1048592 @ 0x00000000db100000) remset 0 code roots 0 marked 0 reclaim candidate 0 type array 1
[367.234s][debug][gc,humongous      ] GC(32996) Humongous region 1131 (object size 1048592 @ 0x00000000c6b00000) remset 0 code roots 0 marked 0 reclaim candidate 0 type array 1
[367.234s][debug][gc,humongous      ] GC(32996) Humongous region 357 (object size 1048592 @ 0x0000000096500000) remset 0 code roots 0 marked 0 reclaim candidate 0 type array 1
[367.234s][debug][gc,humongous      ] GC(32996) Humongous region 959 (object size 1048592 @ 0x00000000bbf00000) remset 0 code roots 0 marked 0 reclaim candidate 0 type array 1
[367.234s][debug][gc,humongous      ] GC(32996) Humongous region 60 (object size 1048592 @ 0x0000000083c00000) remset 0 code roots 0 marked 0 reclaim candidate 0 type array 1
[367.234s][debug][gc,humongous      ] GC(32996) Humongous region 961 (object size 1048592 @ 0x00000000bc100000) remset 0 code roots 0 marked 0 reclaim candidate 0 type array 1
[367.234s][debug][gc,humongous      ] GC(32996) Humongous region 62 (object size 1048592 @ 0x0000000083e00000) remset 0 code roots 0 marked 0 reclaim candidate 0 type array 1
[367.234s][debug][gc,humongous      ] GC(32996) Humongous region 965 (object size 1048592 @ 0x00000000bc500000) remset 0 code roots 0 marked 0 reclaim candidate 0 type array 1
[367.234s][debug][gc,humongous      ] GC(32996) Humongous region 64 (object size 1048592 @ 0x0000000084000000) remset 0 code roots 0 marked 0 reclaim candidate 0 type array 1
[367.234s][debug][gc,humongous      ] GC(32996) Humongous region 967 (object size 1048592 @ 0x00000000bc700000) remset 0 code roots 0 marked 0 reclaim candidate 0 type array 1
[367.234s][debug][gc,humongous      ] GC(32996) Humongous region 199 (object size 1048592 @ 0x000000008c700000) remset 0 code roots 0 marked 0 reclaim candidate 0 type array 1
[367.234s][debug][gc,humongous      ] GC(32996) Humongous region 1926 (object size 1048592 @ 0x00000000f8600000) remset 0 code roots 0 marked 0 reclaim candidate 0 type array 1
[367.234s][debug][gc,humongous      ] GC(32996) Humongous region 513 (object size 1048592 @ 0x00000000a0100000) remset 0 code roots 0 marked 0 reclaim candidate 0 type array 1
[367.234s][debug][gc,humongous      ] GC(32996) Humongous region 1459 (object size 1048592 @ 0x00000000db300000) remset 0 code roots 0 marked 0 reclaim candidate 0 type array 1
[367.234s][debug][gc,humongous      ] GC(32996) Humongous region 1133 (object size 1048592 @ 0x00000000c6d00000) remset 0 code roots 0 marked 0 reclaim candidate 0 type array 1
[367.234s][debug][gc,humongous      ] GC(32996) Humongous region 359 (object size 1048592 @ 0x0000000096700000) remset 0 code roots 0 marked 0 reclaim candidate 0 type array 1
[367.234s][debug][gc,humongous      ] GC(32996) Humongous region 1595 (object size 1048592 @ 0x00000000e3b00000) remset 0 code roots 0 marked 0 reclaim candidate 0 type array 1
[367.234s][debug][gc,humongous      ] GC(32996) Humongous region 1766 (object size 1048592 @ 0x00000000ee600000) remset 0 code roots 0 marked 0 reclaim candidate 0 type array 1
[367.234s][debug][gc,humongous      ] GC(32996) Humongous region 660 (object size 1048592 @ 0x00000000a9400000) remset 0 code roots 0 marked 0 reclaim candidate 0 type array 1
[367.234s][debug][gc,humongous      ] GC(32996) Humongous region 808 (object size 1048592 @ 0x00000000b2800000) remset 0 code roots 0 marked 0 reclaim candidate 0 type array 1
[367.234s][debug][gc,humongous      ] GC(32996) Humongous region 662 (object size 1048592 @ 0x00000000a9600000) remset 0 code roots 0 marked 0 reclaim candidate 0 type array 1
[367.234s][debug][gc,humongous      ] GC(32996) Humongous region 810 (object size 1048592 @ 0x00000000b2a00000) remset 0 code roots 0 marked 0 reclaim candidate 1 type array 1
[367.234s][debug][gc,humongous      ] GC(32996) Humongous region 665 (object size 1048592 @ 0x00000000a9900000) remset 0 code roots 0 marked 0 reclaim candidate 0 type array 1
[367.234s][debug][gc,humongous      ] GC(32996) Humongous region 812 (object size 1048592 @ 0x00000000b2c00000) remset 0 code roots 0 marked 0 reclaim candidate 0 type array 1
[367.234s][debug][gc,humongous      ] GC(32996) Humongous region 667 (object size 1048592 @ 0x00000000a9b00000) remset 0 code roots 0 marked 0 reclaim candidate 0 type array 1
[367.234s][debug][gc,humongous      ] GC(32996) Humongous region 814 (object size 1048592 @ 0x00000000b2e00000) remset 0 code roots 0 marked 0 reclaim candidate 0 type array 1
[367.234s][debug][gc,humongous      ] GC(32996) Humongous region 669 (object size 1048592 @ 0x00000000a9d00000) remset 0 code roots 0 marked 0 reclaim candidate 0 type array 1
[367.234s][debug][gc,humongous      ] GC(32996) Humongous region 816 (object size 1048592 @ 0x00000000b3000000) remset 0 code roots 0 marked 0 reclaim candidate 0 type array 1
[367.234s][debug][gc,humongous      ] GC(32996) Humongous region 671 (object size 1048592 @ 0x00000000a9f00000) remset 0 code roots 0 marked 0 reclaim candidate 0 type array 1
[367.234s][debug][gc,humongous      ] GC(32996) Humongous region 818 (object size 1048592 @ 0x00000000b3200000) remset 0 code roots 0 marked 0 reclaim candidate 0 type array 1
[367.234s][debug][gc,humongous      ] GC(32996) Humongous region 673 (object size 1048592 @ 0x00000000aa100000) remset 0 code roots 0 marked 0 reclaim candidate 0 type array 1
[367.234s][debug][gc,humongous      ] GC(32996) Humongous region 675 (object size 1048592 @ 0x00000000aa300000) remset 0 code roots 0 marked 0 reclaim candidate 0 type array 1
[367.235s][debug][gc,humongous      ] GC(32996) Humongous region 677 (object size 1048592 @ 0x00000000aa500000) remset 0 code roots 0 marked 0 reclaim candidate 0 type array 1
[367.235s][debug][gc,humongous      ] GC(32996) Humongous region 679 (object size 1048592 @ 0x00000000aa700000) remset 0 code roots 0 marked 0 reclaim candidate 0 type array 1
[367.235s][debug][gc,humongous      ] GC(32996) Humongous region 681 (object size 1048592 @ 0x00000000aa900000) remset 0 code roots 0 marked 0 reclaim candidate 0 type array 1
[367.235s][debug][gc,humongous      ] GC(32996) Humongous region 683 (object size 1048592 @ 0x00000000aab00000) remset 0 code roots 0 marked 0 reclaim candidate 0 type array 1
[367.235s][debug][gc,humongous      ] GC(32996) Humongous region 685 (object size 1048592 @ 0x00000000aad00000) remset 0 code roots 0 marked 0 reclaim candidate 0 type array 1
[367.235s][debug][gc,humongous      ] GC(32996) Humongous region 687 (object size 1048592 @ 0x00000000aaf00000) remset 0 code roots 0 marked 0 reclaim candidate 0 type array 1
[367.235s][debug][gc,humongous      ] GC(32996) Humongous region 689 (object size 1048592 @ 0x00000000ab100000) remset 0 code roots 0 marked 0 reclaim candidate 0 type array 1
[367.235s][debug][gc,humongous      ] GC(32996) Humongous region 691 (object size 1048592 @ 0x00000000ab300000) remset 0 code roots 0 marked 0 reclaim candidate 0 type array 1
[367.235s][debug][gc,humongous      ] GC(32996) Humongous region 693 (object size 1048592 @ 0x00000000ab500000) remset 0 code roots 0 marked 0 reclaim candidate 0 type array 1
[367.235s][debug][gc,humongous      ] GC(32996) Humongous region 695 (object size 1048592 @ 0x00000000ab700000) remset 0 code roots 0 marked 0 reclaim candidate 0 type array 1
[367.235s][debug][gc,humongous      ] GC(32996) Humongous region 697 (object size 1048592 @ 0x00000000ab900000) remset 0 code roots 0 marked 0 reclaim candidate 0 type array 1
[367.235s][debug][gc,humongous      ] GC(32996) Humongous region 699 (object size 1048592 @ 0x00000000abb00000) remset 0 code roots 0 marked 0 reclaim candidate 0 type array 1
[367.235s][debug][gc,humongous      ] GC(32996) Humongous region 701 (object size 1048592 @ 0x00000000abd00000) remset 0 code roots 0 marked 0 reclaim candidate 0 type array 1
[367.235s][debug][gc,humongous      ] GC(32996) Humongous region 703 (object size 1048592 @ 0x00000000abf00000) remset 0 code roots 0 marked 0 reclaim candidate 0 type array 1
[367.235s][debug][gc,humongous      ] GC(32996) Humongous region 705 (object size 1048592 @ 0x00000000ac100000) remset 0 code roots 0 marked 0 reclaim candidate 0 type array 1
[367.235s][debug][gc,humongous      ] GC(32996) Humongous region 707 (object size 1048592 @ 0x00000000ac300000) remset 0 code roots 0 marked 0 reclaim candidate 0 type array 1
[367.235s][debug][gc,humongous      ] GC(32996) Humongous region 709 (object size 1048592 @ 0x00000000ac500000) remset 0 code roots 0 marked 0 reclaim candidate 0 type array 1
[367.235s][debug][gc,humongous      ] GC(32996) Humongous region 711 (object size 1048592 @ 0x00000000ac700000) remset 0 code roots 0 marked 0 reclaim candidate 0 type array 1
[367.235s][debug][gc,humongous      ] GC(32996) Humongous region 713 (object size 1048592 @ 0x00000000ac900000) remset 0 code roots 0 marked 0 reclaim candidate 0 type array 1
[367.235s][debug][gc,humongous      ] GC(32996) Humongous region 715 (object size 1048592 @ 0x00000000acb00000) remset 0 code roots 0 marked 0 reclaim candidate 1 type array 1
[367.235s][debug][gc,humongous      ] GC(32996) Humongous region 717 (object size 1048592 @ 0x00000000acd00000) remset 0 code roots 0 marked 0 reclaim candidate 0 type array 1
[367.235s][debug][gc,humongous      ] GC(32996) Humongous region 719 (object size 1048592 @ 0x00000000acf00000) remset 0 code roots 0 marked 0 reclaim candidate 0 type array 1
[367.235s][debug][gc,humongous      ] GC(32996) Humongous region 721 (object size 1048592 @ 0x00000000ad100000) remset 0 code roots 0 marked 0 reclaim candidate 0 type array 1
[367.235s][debug][gc,humongous      ] GC(32996) Humongous region 723 (object size 1048592 @ 0x00000000ad300000) remset 0 code roots 0 marked 0 reclaim candidate 0 type array 1
[367.235s][debug][gc,humongous      ] GC(32996) Humongous region 725 (object size 1048592 @ 0x00000000ad500000) remset 0 code roots 0 marked 0 reclaim candidate 0 type array 1
[367.235s][debug][gc,humongous      ] GC(32996) Humongous region 727 (object size 1048592 @ 0x00000000ad700000) remset 0 code roots 0 marked 0 reclaim candidate 0 type array 1
[367.235s][debug][gc,humongous      ] GC(32996) Humongous region 729 (object size 1048592 @ 0x00000000ad900000) remset 0 code roots 0 marked 0 reclaim candidate 0 type array 1
[367.235s][debug][gc,humongous      ] GC(32996) Humongous region 731 (object size 1048592 @ 0x00000000adb00000) remset 0 code roots 0 marked 0 reclaim candidate 0 type array 1
[367.235s][debug][gc,humongous      ] GC(32996) Humongous region 733 (object size 1048592 @ 0x00000000add00000) remset 0 code roots 0 marked 0 reclaim candidate 0 type array 1
[367.235s][debug][gc,humongous      ] GC(32996) Humongous region 735 (object size 1048592 @ 0x00000000adf00000) remset 0 code roots 0 marked 0 reclaim candidate 0 type array 1
[367.235s][debug][gc,humongous      ] GC(32996) Humongous region 737 (object size 1048592 @ 0x00000000ae100000) remset 0 code roots 0 marked 0 reclaim candidate 0 type array 1
[367.235s][debug][gc,humongous      ] GC(32996) Humongous region 739 (object size 1048592 @ 0x00000000ae300000) remset 0 code roots 0 marked 0 reclaim candidate 0 type array 1
[367.235s][debug][gc,humongous      ] GC(32996) Humongous region 741 (object size 1048592 @ 0x00000000ae500000) remset 0 code roots 0 marked 0 reclaim candidate 0 type array 1
[367.235s][debug][gc,humongous      ] GC(32996) Humongous region 743 (object size 1048592 @ 0x00000000ae700000) remset 0 code roots 0 marked 0 reclaim candidate 0 type array 1
[367.235s][debug][gc,humongous      ] GC(32996) Humongous region 745 (object size 1048592 @ 0x00000000ae900000) remset 0 code roots 0 marked 0 reclaim candidate 0 type array 1
[367.235s][debug][gc,humongous      ] GC(32996) Humongous region 747 (object size 1048592 @ 0x00000000aeb00000) remset 0 code roots 0 marked 0 reclaim candidate 0 type array 1
[367.235s][debug][gc,humongous      ] GC(32996) Humongous region 749 (object size 1048592 @ 0x00000000aed00000) remset 0 code roots 0 marked 0 reclaim candidate 1 type array 1
[367.235s][debug][gc,humongous      ] GC(32996) Humongous region 751 (object size 1048592 @ 0x00000000aef00000) remset 0 code roots 0 marked 0 reclaim candidate 0 type array 1
[367.235s][debug][gc,humongous      ] GC(32996) Humongous region 754 (object size 1048592 @ 0x00000000af200000) remset 0 code roots 0 marked 0 reclaim candidate 0 type array 1
[367.235s][debug][gc,humongous      ] GC(32996) Humongous region 756 (object size 1048592 @ 0x00000000af400000) remset 0 code roots 0 marked 0 reclaim candidate 0 type array 1
[367.235s][debug][gc,humongous      ] GC(32996) Humongous region 758 (object size 1048592 @ 0x00000000af600000) remset 0 code roots 0 marked 0 reclaim candidate 0 type array 1
[367.235s][debug][gc,humongous      ] GC(32996) Humongous region 760 (object size 1048592 @ 0x00000000af800000) remset 0 code roots 0 marked 0 reclaim candidate 0 type array 1
[367.235s][debug][gc,humongous      ] GC(32996) Humongous region 762 (object size 1048592 @ 0x00000000afa00000) remset 0 code roots 0 marked 0 reclaim candidate 0 type array 1
[367.235s][debug][gc,humongous      ] GC(32996) Humongous region 764 (object size 1048592 @ 0x00000000afc00000) remset 0 code roots 0 marked 0 reclaim candidate 0 type array 1
[367.235s][debug][gc,humongous      ] GC(32996) Humongous region 766 (object size 1048592 @ 0x00000000afe00000) remset 0 code roots 0 marked 0 reclaim candidate 1 type array 1
[367.235s][debug][gc,humongous      ] GC(32996) Humongous region 768 (object size 1048592 @ 0x00000000b0000000) remset 0 code roots 0 marked 0 reclaim candidate 0 type array 1
[367.235s][debug][gc,humongous      ] GC(32996) Humongous region 770 (object size 1048592 @ 0x00000000b0200000) remset 0 code roots 0 marked 0 reclaim candidate 0 type array 1
[367.236s][debug][gc,humongous      ] GC(32996) Humongous region 772 (object size 1048592 @ 0x00000000b0400000) remset 0 code roots 0 marked 0 reclaim candidate 0 type array 1
[367.236s][debug][gc,humongous      ] GC(32996) Humongous region 774 (object size 1048592 @ 0x00000000b0600000) remset 0 code roots 0 marked 0 reclaim candidate 0 type array 1
[367.236s][debug][gc,humongous      ] GC(32996) Humongous region 776 (object size 1048592 @ 0x00000000b0800000) remset 0 code roots 0 marked 0 reclaim candidate 0 type array 1
[367.236s][debug][gc,humongous      ] GC(32996) Humongous region 778 (object size 1048592 @ 0x00000000b0a00000) remset 0 code roots 0 marked 0 reclaim candidate 0 type array 1
[367.236s][debug][gc,humongous      ] GC(32996) Humongous region 780 (object size 1048592 @ 0x00000000b0c00000) remset 0 code roots 0 marked 0 reclaim candidate 1 type array 1
[367.236s][debug][gc,humongous      ] GC(32996) Humongous region 782 (object size 1048592 @ 0x00000000b0e00000) remset 0 code roots 0 marked 0 reclaim candidate 0 type array 1
[367.236s][debug][gc,humongous      ] GC(32996) Humongous region 784 (object size 1048592 @ 0x00000000b1000000) remset 0 code roots 0 marked 0 reclaim candidate 0 type array 1
[367.236s][debug][gc,humongous      ] GC(32996) Humongous region 786 (object size 1048592 @ 0x00000000b1200000) remset 0 code roots 0 marked 0 reclaim candidate 0 type array 1
[367.236s][debug][gc,humongous      ] GC(32996) Humongous region 822 (object size 1048592 @ 0x00000000b3600000) remset 0 code roots 0 marked 0 reclaim candidate 0 type array 1
[367.236s][debug][gc,humongous      ] GC(32996) Humongous region 824 (object size 1048592 @ 0x00000000b3800000) remset 0 code roots 0 marked 0 reclaim candidate 0 type array 1
[367.236s][debug][gc,humongous      ] GC(32996) Humongous region 826 (object size 1048592 @ 0x00000000b3a00000) remset 0 code roots 0 marked 0 reclaim candidate 0 type array 1
[367.236s][debug][gc,humongous      ] GC(32996) Humongous region 828 (object size 1048592 @ 0x00000000b3c00000) remset 0 code roots 0 marked 0 reclaim candidate 0 type array 1
[367.236s][debug][gc,humongous      ] GC(32996) Humongous region 830 (object size 1048592 @ 0x00000000b3e00000) remset 0 code roots 0 marked 0 reclaim candidate 0 type array 1
[367.236s][debug][gc,humongous      ] GC(32996) Humongous region 832 (object size 1048592 @ 0x00000000b4000000) remset 0 code roots 0 marked 0 reclaim candidate 0 type array 1
[367.236s][debug][gc,humongous      ] GC(32996) Humongous region 834 (object size 1048592 @ 0x00000000b4200000) remset 0 code roots 0 marked 0 reclaim candidate 1 type array 1
[367.236s][debug][gc,humongous      ] GC(32996) Humongous region 836 (object size 1048592 @ 0x00000000b4400000) remset 0 code roots 0 marked 0 reclaim candidate 0 type array 1
[367.236s][debug][gc,humongous      ] GC(32996) Humongous region 838 (object size 1048592 @ 0x00000000b4600000) remset 0 code roots 0 marked 0 reclaim candidate 0 type array 1
[367.236s][debug][gc,humongous      ] GC(32996) Humongous region 840 (object size 1048592 @ 0x00000000b4800000) remset 0 code roots 0 marked 0 reclaim candidate 0 type array 1
[367.236s][debug][gc,humongous      ] GC(32996) Humongous region 842 (object size 1048592 @ 0x00000000b4a00000) remset 0 code roots 0 marked 0 reclaim candidate 0 type array 1
[367.236s][debug][gc,humongous      ] GC(32996) Humongous region 844 (object size 1048592 @ 0x00000000b4c00000) remset 0 code roots 0 marked 0 reclaim candidate 0 type array 1
[367.236s][debug][gc,humongous      ] GC(32996) Humongous region 846 (object size 1048592 @ 0x00000000b4e00000) remset 0 code roots 0 marked 0 reclaim candidate 0 type array 1
[367.236s][debug][gc,humongous      ] GC(32996) Humongous region 848 (object size 1048592 @ 0x00000000b5000000) remset 0 code roots 0 marked 0 reclaim candidate 0 type array 1
[367.236s][debug][gc,humongous      ] GC(32996) Humongous region 850 (object size 1048592 @ 0x00000000b5200000) remset 0 code roots 0 marked 0 reclaim candidate 0 type array 1
[367.236s][debug][gc,humongous      ] GC(32996) Humongous region 852 (object size 1048592 @ 0x00000000b5400000) remset 0 code roots 0 marked 0 reclaim candidate 0 type array 1
[367.236s][debug][gc,humongous      ] GC(32996) Humongous region 854 (object size 1048592 @ 0x00000000b5600000) remset 0 code roots 0 marked 0 reclaim candidate 0 type array 1
[367.236s][debug][gc,humongous      ] GC(32996) Humongous region 856 (object size 1048592 @ 0x00000000b5800000) remset 0 code roots 0 marked 0 reclaim candidate 0 type array 1
[367.236s][debug][gc,humongous      ] GC(32996) Humongous region 858 (object size 1048592 @ 0x00000000b5a00000) remset 0 code roots 0 marked 0 reclaim candidate 0 type array 1
[367.236s][debug][gc,humongous      ] GC(32996) Humongous region 860 (object size 1048592 @ 0x00000000b5c00000) remset 0 code roots 0 marked 0 reclaim candidate 0 type array 1
[367.234s][debug][gc,humongous      ] GC(32996) Humongous region 1461 (object size 1048592 @ 0x00000000db500000) remset 0 code roots 0 marked 0 reclaim candidate 0 type array 1
[367.236s][debug][gc,humongous      ] GC(32996) Humongous region 862 (object size 1048592 @ 0x00000000b5e00000) remset 0 code roots 0 marked 0 reclaim candidate 0 type array 1
[367.236s][debug][gc,humongous      ] GC(32996) Humongous region 1463 (object size 1048592 @ 0x00000000db700000) remset 0 code roots 0 marked 0 reclaim candidate 0 type array 1
[367.236s][debug][gc,humongous      ] GC(32996) Humongous region 865 (object size 1048592 @ 0x00000000b6100000) remset 0 code roots 0 marked 0 reclaim candidate 0 type array 1
[367.234s][debug][gc,humongous      ] GC(32996) Humongous region 361 (object size 1048592 @ 0x0000000096900000) remset 0 code roots 0 marked 0 reclaim candidate 0 type array 1
[367.236s][debug][gc,humongous      ] GC(32996) Humongous region 867 (object size 1048592 @ 0x00000000b6300000) remset 0 code roots 0 marked 0 reclaim candidate 0 type array 1
[367.234s][debug][gc,humongous      ] GC(32996) Humongous region 1768 (object size 1048592 @ 0x00000000ee800000) remset 0 code roots 0 marked 0 reclaim candidate 0 type array 1
[367.234s][debug][gc,humongous      ] GC(32996) Humongous region 1311 (object size 1048592 @ 0x00000000d1f00000) remset 0 code roots 0 marked 0 reclaim candidate 0 type array 1
[367.234s][debug][gc,humongous      ] GC(32996) Humongous region 820 (object size 1048592 @ 0x00000000b3400000) remset 0 code roots 0 marked 0 reclaim candidate 0 type array 1
[367.234s][debug][gc,humongous      ] GC(32996) Humongous region 66 (object size 1048592 @ 0x0000000084200000) remset 0 code roots 0 marked 0 reclaim candidate 0 type array 1
[367.236s][debug][gc,humongous      ] GC(32996) Humongous region 871 (object size 1048592 @ 0x00000000b6700000) remset 0 code roots 0 marked 0 reclaim candidate 0 type array 1
[367.234s][debug][gc,humongous      ] GC(32996) Humongous region 201 (object size 1048592 @ 0x000000008c900000) remset 0 code roots 0 marked 0 reclaim candidate 0 type array 1
[367.234s][debug][gc,humongous      ] GC(32996) Humongous region 1928 (object size 1048592 @ 0x00000000f8800000) remset 0 code roots 0 marked 0 reclaim candidate 0 type array 1
[367.236s][debug][gc,humongous      ] GC(32996) Humongous region 203 (object size 1048592 @ 0x000000008cb00000) remset 0 code roots 0 marked 0 reclaim candidate 0 type array 1
[367.234s][debug][gc,humongous      ] GC(32996) Humongous region 1135 (object size 1048592 @ 0x00000000c6f00000) remset 0 code roots 0 marked 0 reclaim candidate 0 type array 1
[367.236s][debug][gc,humongous      ] GC(32996) Humongous region 1465 (object size 1048592 @ 0x00000000db900000) remset 0 code roots 0 marked 0 reclaim candidate 0 type array 1
[367.234s][debug][gc,humongous      ] GC(32996) Humongous region 1597 (object size 1048592 @ 0x00000000e3d00000) remset 0 code roots 0 marked 0 reclaim candidate 0 type array 1
[367.236s][debug][gc,humongous      ] GC(32996) Humongous region 869 (object size 1048592 @ 0x00000000b6500000) remset 0 code roots 0 marked 0 reclaim candidate 0 type array 1
[367.236s][debug][gc,humongous      ] GC(32996) Humongous region 1599 (object size 1048592 @ 0x00000000e3f00000) remset 0 code roots 0 marked 0 reclaim candidate 0 type array 1
[367.236s][debug][gc,humongous      ] GC(32996) Humongous region 1770 (object size 1048592 @ 0x00000000eea00000) remset 0 code roots 0 marked 0 reclaim candidate 0 type array 1
[367.236s][debug][gc,humongous      ] GC(32996) Humongous region 1601 (object size 1048592 @ 0x00000000e4100000) remset 0 code roots 0 marked 0 reclaim candidate 0 type array 1
[367.234s][debug][gc,humongous      ] GC(32996) Humongous region 969 (object size 1048592 @ 0x00000000bc900000) remset 0 code roots 0 marked 0 reclaim candidate 0 type array 1
[367.236s][debug][gc,humongous      ] GC(32996) Humongous region 68 (object size 1048592 @ 0x0000000084400000) remset 0 code roots 0 marked 0 reclaim candidate 0 type array 1
[367.236s][debug][gc,humongous      ] GC(32996) Humongous region 873 (object size 1048592 @ 0x00000000b6900000) remset 0 code roots 0 marked 0 reclaim candidate 0 type array 1
[367.234s][debug][gc,humongous      ] GC(32996) Humongous region 515 (object size 1048592 @ 0x00000000a0300000) remset 0 code roots 0 marked 0 reclaim candidate 0 type array 1
[367.236s][debug][gc,humongous      ] GC(32996) Humongous region 1930 (object size 1048592 @ 0x00000000f8a00000) remset 0 code roots 0 marked 0 reclaim candidate 0 type array 1
[367.236s][debug][gc,humongous      ] GC(32996) Humongous region 205 (object size 1048592 @ 0x000000008cd00000) remset 0 code roots 0 marked 0 reclaim candidate 0 type array 1
[367.236s][debug][gc,humongous      ] GC(32996) Humongous region 1137 (object size 1048592 @ 0x00000000c7100000) remset 0 code roots 0 marked 0 reclaim candidate 0 type array 1
[367.236s][debug][gc,humongous      ] GC(32996) Humongous region 363 (object size 1048592 @ 0x0000000096b00000) remset 0 code roots 0 marked 0 reclaim candidate 0 type array 1
[367.236s][debug][gc,humongous      ] GC(32996) Humongous region 1467 (object size 1048592 @ 0x00000000dbb00000) remset 0 code roots 0 marked 0 reclaim candidate 0 type array 1
[367.236s][debug][gc,humongous      ] GC(32996) Humongous region 875 (object size 1048592 @ 0x00000000b6b00000) remset 0 code roots 0 marked 0 reclaim candidate 0 type array 1
[367.236s][debug][gc,humongous      ] GC(32996) Humongous region 1469 (object size 1048592 @ 0x00000000dbd00000) remset 0 code roots 0 marked 0 reclaim candidate 0 type array 1
[367.236s][debug][gc,humongous      ] GC(32996) Humongous region 1772 (object size 1048592 @ 0x00000000eec00000) remset 0 code roots 0 marked 0 reclaim candidate 0 type array 1
[367.236s][debug][gc,humongous      ] GC(32996) Humongous region 1603 (object size 1048592 @ 0x00000000e4300000) remset 0 code roots 0 marked 0 reclaim candidate 0 type array 1
[367.236s][debug][gc,humongous      ] GC(32996) Humongous region 971 (object size 1048592 @ 0x00000000bcb00000) remset 0 code roots 0 marked 0 reclaim candidate 0 type array 1
[367.236s][debug][gc,humongous      ] GC(32996) Humongous region 70 (object size 1048592 @ 0x0000000084600000) remset 0 code roots 0 marked 0 reclaim candidate 0 type array 1
[367.237s][debug][gc,humongous      ] GC(32996) Humongous region 973 (object size 1048592 @ 0x00000000bcd00000) remset 0 code roots 0 marked 0 reclaim candidate 0 type array 1
[367.237s][debug][gc,humongous      ] GC(32996) Humongous region 72 (object size 1048592 @ 0x0000000084800000) remset 0 code roots 0 marked 0 reclaim candidate 0 type array 1
[367.237s][debug][gc,humongous      ] GC(32996) Humongous region 975 (object size 1048592 @ 0x00000000bcf00000) remset 0 code roots 0 marked 0 reclaim candidate 0 type array 1
[367.237s][debug][gc,humongous      ] GC(32996) Humongous region 74 (object size 1048592 @ 0x0000000084a00000) remset 0 code roots 0 marked 0 reclaim candidate 0 type array 1
[367.236s][debug][gc,humongous      ] GC(32996) Humongous region 207 (object size 1048592 @ 0x000000008cf00000) remset 0 code roots 0 marked 0 reclaim candidate 0 type array 1
[367.237s][debug][gc,humongous      ] GC(32996) Humongous region 76 (object size 1048592 @ 0x0000000084c00000) remset 0 code roots 0 marked 0 reclaim candidate 0 type array 1
[367.236s][debug][gc,humongous      ] GC(32996) Humongous region 1313 (object size 1048592 @ 0x00000000d2100000) remset 0 code roots 0 marked 0 reclaim candidate 0 type array 1
[367.236s][debug][gc,humongous      ] GC(32996) Humongous region 879 (object size 1048592 @ 0x00000000b6f00000) remset 0 code roots 0 marked 0 reclaim candidate 0 type array 1
[367.236s][debug][gc,humongous      ] GC(32996) Humongous region 1471 (object size 1048592 @ 0x00000000dbf00000) remset 0 code roots 0 marked 0 reclaim candidate 0 type array 1
[367.236s][debug][gc,humongous      ] GC(32996) Humongous region 1774 (object size 1048592 @ 0x00000000eee00000) remset 0 code roots 0 marked 0 reclaim candidate 0 type array 1
[367.237s][debug][gc,humongous      ] GC(32996) Humongous region 1605 (object size 1048592 @ 0x00000000e4500000) remset 0 code roots 0 marked 0 reclaim candidate 0 type array 1
[367.236s][debug][gc,humongous      ] GC(32996) Humongous region 877 (object size 1048592 @ 0x00000000b6d00000) remset 0 code roots 0 marked 0 reclaim candidate 0 type array 1
[367.237s][debug][gc,humongous      ] GC(32996) Humongous region 1607 (object size 1048592 @ 0x00000000e4700000) remset 0 code roots 0 marked 0 reclaim candidate 0 type array 1
[367.237s][debug][gc,humongous      ] GC(32996) Humongous region 978 (object size 1048592 @ 0x00000000bd200000) remset 0 code roots 0 marked 0 reclaim candidate 0 type array 1
[367.237s][debug][gc,humongous      ] GC(32996) Humongous region 1609 (object size 1048592 @ 0x00000000e4900000) remset 0 code roots 0 marked 0 reclaim candidate 0 type array 1
[367.236s][debug][gc,humongous      ] GC(32996) Humongous region 1932 (object size 1048592 @ 0x00000000f8c00000) remset 0 code roots 0 marked 0 reclaim candidate 0 type array 1
[367.237s][debug][gc,humongous      ] GC(32996) Humongous region 1611 (object size 1048592 @ 0x00000000e4b00000) remset 0 code roots 0 marked 0 reclaim candidate 0 type array 1
[367.237s][debug][gc,humongous      ] GC(32996) Humongous region 209 (object size 1048592 @ 0x000000008d100000) remset 0 code roots 0 marked 0 reclaim candidate 0 type array 1
[367.237s][debug][gc,humongous      ] GC(32996) Humongous region 78 (object size 1048592 @ 0x0000000084e00000) remset 0 code roots 0 marked 0 reclaim candidate 0 type array 1
[367.237s][debug][gc,humongous      ] GC(32996) Humongous region 1315 (object size 1048592 @ 0x00000000d2300000) remset 0 code roots 0 marked 0 reclaim candidate 0 type array 1
[367.237s][debug][gc,humongous      ] GC(32996) Humongous region 80 (object size 1048592 @ 0x0000000085000000) remset 0 code roots 0 marked 0 reclaim candidate 0 type array 1
[367.237s][debug][gc,humongous      ] GC(32996) Humongous region 1473 (object size 1048592 @ 0x00000000dc100000) remset 0 code roots 0 marked 0 reclaim candidate 0 type array 1
[367.237s][debug][gc,humongous      ] GC(32996) Humongous region 1776 (object size 1048592 @ 0x00000000ef000000) remset 0 code roots 0 marked 0 reclaim candidate 0 type array 1
[367.237s][debug][gc,humongous      ] GC(32996) Humongous region 1475 (object size 1048592 @ 0x00000000dc300000) remset 0 code roots 0 marked 0 reclaim candidate 0 type array 1
[367.237s][debug][gc,humongous      ] GC(32996) Humongous region 883 (object size 1048592 @ 0x00000000b7300000) remset 0 code roots 0 marked 0 reclaim candidate 0 type array 1
[367.237s][debug][gc,humongous      ] GC(32996) Humongous region 1477 (object size 1048592 @ 0x00000000dc500000) remset 0 code roots 0 marked 0 reclaim candidate 0 type array 1
[367.237s][debug][gc,humongous      ] GC(32996) Humongous region 885 (object size 1048592 @ 0x00000000b7500000) remset 0 code roots 0 marked 0 reclaim candidate 0 type array 1
[367.237s][debug][gc,humongous      ] GC(32996) Humongous region 1479 (object size 1048592 @ 0x00000000dc700000) remset 0 code roots 0 marked 0 reclaim candidate 0 type array 1
[367.237s][debug][gc,humongous      ] GC(32996) Humongous region 1613 (object size 1048592 @ 0x00000000e4d00000) remset 0 code roots 0 marked 0 reclaim candidate 0 type array 1
[367.237s][debug][gc,humongous      ] GC(32996) Humongous region 1481 (object size 1048592 @ 0x00000000dc900000) remset 0 code roots 0 marked 0 reclaim candidate 0 type array 1
[367.237s][debug][gc,humongous      ] GC(32996) Humongous region 211 (object size 1048592 @ 0x000000008d300000) remset 0 code roots 0 marked 0 reclaim candidate 0 type array 1
[367.237s][debug][gc,humongous      ] GC(32996) Humongous region 1483 (object size 1048592 @ 0x00000000dcb00000) remset 0 code roots 0 marked 0 reclaim candidate 0 type array 1
[367.237s][debug][gc,humongous      ] GC(32996) Humongous region 213 (object size 1048592 @ 0x000000008d500000) remset 0 code roots 0 marked 0 reclaim candidate 0 type array 1
[367.237s][debug][gc,humongous      ] GC(32996) Humongous region 1485 (object size 1048592 @ 0x00000000dcd00000) remset 0 code roots 0 marked 0 reclaim candidate 0 type array 1
[367.237s][debug][gc,humongous      ] GC(32996) Humongous region 1778 (object size 1048592 @ 0x00000000ef200000) remset 0 code roots 0 marked 0 reclaim candidate 0 type array 1
[367.237s][debug][gc,humongous      ] GC(32996) Humongous region 1487 (object size 1048592 @ 0x00000000dcf00000) remset 0 code roots 0 marked 0 reclaim candidate 0 type array 1
[367.236s][debug][gc,humongous      ] GC(32996) Humongous region 1139 (object size 1048592 @ 0x00000000c7300000) remset 0 code roots 0 marked 0 reclaim candidate 0 type array 1
[367.237s][debug][gc,humongous      ] GC(32996) Humongous region 1489 (object size 1048592 @ 0x00000000dd100000) remset 0 code roots 0 marked 0 reclaim candidate 0 type array 1
[367.237s][debug][gc,humongous      ] GC(32996) Humongous region 1141 (object size 1048592 @ 0x00000000c7500000) remset 0 code roots 0 marked 0 reclaim candidate 0 type array 1
[367.237s][debug][gc,humongous      ] GC(32996) Humongous region 1491 (object size 1048592 @ 0x00000000dd300000) remset 0 code roots 0 marked 0 reclaim candidate 0 type array 1
[367.237s][debug][gc,humongous      ] GC(32996) Humongous region 1143 (object size 1048592 @ 0x00000000c7700000) remset 0 code roots 0 marked 0 reclaim candidate 0 type array 1
[367.237s][debug][gc,humongous      ] GC(32996) Humongous region 1493 (object size 1048592 @ 0x00000000dd500000) remset 0 code roots 0 marked 0 reclaim candidate 0 type array 1
[367.237s][debug][gc,humongous      ] GC(32996) Humongous region 1145 (object size 1048592 @ 0x00000000c7900000) remset 0 code roots 0 marked 0 reclaim candidate 0 type array 1
[367.237s][debug][gc,humongous      ] GC(32996) Humongous region 1495 (object size 1048592 @ 0x00000000dd700000) remset 0 code roots 0 marked 0 reclaim candidate 0 type array 1
[367.237s][debug][gc,humongous      ] GC(32996) Humongous region 82 (object size 1048592 @ 0x0000000085200000) remset 0 code roots 0 marked 0 reclaim candidate 0 type array 1
[367.237s][debug][gc,humongous      ] GC(32996) Humongous region 1497 (object size 1048592 @ 0x00000000dd900000) remset 0 code roots 0 marked 0 reclaim candidate 0 type array 1
[367.237s][debug][gc,humongous      ] GC(32996) Humongous region 215 (object size 1048592 @ 0x000000008d700000) remset 0 code roots 0 marked 0 reclaim candidate 0 type array 1
[367.237s][debug][gc,humongous      ] GC(32996) Humongous region 1499 (object size 1048592 @ 0x00000000ddb00000) remset 0 code roots 0 marked 0 reclaim candidate 0 type array 1
[367.237s][debug][gc,humongous      ] GC(32996) Humongous region 217 (object size 1048592 @ 0x000000008d900000) remset 0 code roots 0 marked 0 reclaim candidate 0 type array 1
[367.237s][debug][gc,humongous      ] GC(32996) Humongous region 1501 (object size 1048592 @ 0x00000000ddd00000) remset 0 code roots 0 marked 0 reclaim candidate 0 type array 1
[367.237s][debug][gc,humongous      ] GC(32996) Humongous region 219 (object size 1048592 @ 0x000000008db00000) remset 0 code roots 0 marked 0 reclaim candidate 0 type array 1
[367.237s][debug][gc,humongous      ] GC(32996) Humongous region 1503 (object size 1048592 @ 0x00000000ddf00000) remset 0 code roots 0 marked 0 reclaim candidate 0 type array 1
[367.237s][debug][gc,humongous      ] GC(32996) Humongous region 221 (object size 1048592 @ 0x000000008dd00000) remset 0 code roots 0 marked 0 reclaim candidate 0 type array 1
[367.237s][debug][gc,humongous      ] GC(32996) Humongous region 1507 (object size 1048592 @ 0x00000000de300000) remset 0 code roots 0 marked 0 reclaim candidate 0 type array 1
[367.237s][debug][gc,humongous      ] GC(32996) Humongous region 223 (object size 1048592 @ 0x000000008df00000) remset 0 code roots 0 marked 0 reclaim candidate 0 type array 1
[367.237s][debug][gc,humongous      ] GC(32996) Humongous region 1147 (object size 1048592 @ 0x00000000c7b00000) remset 0 code roots 0 marked 0 reclaim candidate 0 type array 1
[367.237s][debug][gc,humongous      ] GC(32996) Humongous region 225 (object size 1048592 @ 0x000000008e100000) remset 0 code roots 0 marked 0 reclaim candidate 0 type array 1
[367.237s][debug][gc,humongous      ] GC(32996) Humongous region 85 (object size 1048592 @ 0x0000000085500000) remset 0 code roots 0 marked 0 reclaim candidate 0 type array 1
[367.237s][debug][gc,humongous      ] GC(32996) Humongous region 1780 (object size 1048592 @ 0x00000000ef400000) remset 0 code roots 0 marked 0 reclaim candidate 0 type array 1
[367.237s][debug][gc,humongous      ] GC(32996) Humongous region 87 (object size 1048592 @ 0x0000000085700000) remset 0 code roots 0 marked 0 reclaim candidate 0 type array 1
[367.236s][debug][gc,humongous      ] GC(32996) Humongous region 365 (object size 1048592 @ 0x0000000096d00000) remset 0 code roots 0 marked 0 reclaim candidate 0 type array 1
[367.237s][debug][gc,humongous      ] GC(32996) Humongous region 1934 (object size 1048592 @ 0x00000000f8e00000) remset 0 code roots 0 marked 0 reclaim candidate 0 type array 1
[367.237s][debug][gc,humongous      ] GC(32996) Humongous region 887 (object size 1048592 @ 0x00000000b7700000) remset 0 code roots 0 marked 0 reclaim candidate 0 type array 1
[367.237s][debug][gc,humongous      ] GC(32996) Humongous region 1615 (object size 1048592 @ 0x00000000e4f00000) remset 0 code roots 0 marked 0 reclaim candidate 0 type array 1
[367.237s][debug][gc,humongous      ] GC(32996) Humongous region 889 (object size 1048592 @ 0x00000000b7900000) remset 0 code roots 0 marked 0 reclaim candidate 0 type array 1
[367.237s][debug][gc,humongous      ] GC(32996) Humongous region 1317 (object size 1048592 @ 0x00000000d2500000) remset 0 code roots 0 marked 0 reclaim candidate 0 type array 1
[367.237s][debug][gc,humongous      ] GC(32996) Humongous region 1509 (object size 1048592 @ 0x00000000de500000) remset 0 code roots 0 marked 0 reclaim candidate 0 type array 1
[367.236s][debug][gc,humongous      ] GC(32996) Humongous region 517 (object size 1048592 @ 0x00000000a0500000) remset 0 code roots 0 marked 0 reclaim candidate 0 type array 1
[367.237s][debug][gc,humongous      ] GC(32996) Humongous region 1149 (object size 1048592 @ 0x00000000c7d00000) remset 0 code roots 0 marked 0 reclaim candidate 0 type array 1
[367.237s][debug][gc,humongous      ] GC(32996) Humongous region 227 (object size 1048592 @ 0x000000008e300000) remset 0 code roots 0 marked 0 reclaim candidate 0 type array 1
[367.237s][debug][gc,humongous      ] GC(32996) Humongous region 1151 (object size 1048592 @ 0x00000000c7f00000) remset 0 code roots 0 marked 0 reclaim candidate 0 type array 1
[367.237s][debug][gc,humongous      ] GC(32996) Humongous region 229 (object size 1048592 @ 0x000000008e500000) remset 0 code roots 0 marked 0 reclaim candidate 0 type array 1
[367.237s][debug][gc,humongous      ] GC(32996) Humongous region 89 (object size 1048592 @ 0x0000000085900000) remset 0 code roots 0 marked 0 reclaim candidate 0 type array 1
[367.237s][debug][gc,humongous      ] GC(32996) Humongous region 1153 (object size 1048592 @ 0x00000000c8100000) remset 0 code roots 0 marked 0 reclaim candidate 0 type array 1
[367.237s][debug][gc,humongous      ] GC(32996) Humongous region 91 (object size 1048592 @ 0x0000000085b00000) remset 0 code roots 0 marked 0 reclaim candidate 0 type array 1
[367.237s][debug][gc,humongous      ] GC(32996) Humongous region 1155 (object size 1048592 @ 0x00000000c8300000) remset 0 code roots 0 marked 0 reclaim candidate 0 type array 1
[367.237s][debug][gc,humongous      ] GC(32996) Humongous region 1617 (object size 1048592 @ 0x00000000e5100000) remset 0 code roots 0 marked 0 reclaim candidate 0 type array 1
[367.237s][debug][gc,humongous      ] GC(32996) Humongous region 881 (object size 1048592 @ 0x00000000b7100000) remset 0 code roots 0 marked 0 reclaim candidate 0 type array 1
[367.237s][debug][gc,humongous      ] GC(32996) Humongous region 1319 (object size 1048592 @ 0x00000000d2700000) remset 0 code roots 0 marked 0 reclaim candidate 0 type array 1
[367.237s][debug][gc,humongous      ] GC(32996) Humongous region 520 (object size 1048592 @ 0x00000000a0800000) remset 0 code roots 0 marked 0 reclaim candidate 0 type array 1
[367.237s][debug][gc,humongous      ] GC(32996) Humongous region 1321 (object size 1048592 @ 0x00000000d2900000) remset 0 code roots 0 marked 0 reclaim candidate 0 type array 1
[367.237s][debug][gc,humongous      ] GC(32996) Humongous region 522 (object size 1048592 @ 0x00000000a0a00000) remset 0 code roots 0 marked 0 reclaim candidate 0 type array 1
[367.237s][debug][gc,humongous      ] GC(32996) Humongous region 231 (object size 1048592 @ 0x000000008e700000) remset 0 code roots 0 marked 0 reclaim candidate 0 type array 1
[367.237s][debug][gc,humongous      ] GC(32996) Humongous region 524 (object size 1048592 @ 0x00000000a0c00000) remset 0 code roots 0 marked 0 reclaim candidate 0 type array 1
[367.237s][debug][gc,humongous      ] GC(32996) Humongous region 367 (object size 1048592 @ 0x0000000096f00000) remset 0 code roots 0 marked 0 reclaim candidate 0 type array 1
[367.237s][debug][gc,humongous      ] GC(32996) Humongous region 1936 (object size 1048592 @ 0x00000000f9000000) remset 0 code roots 0 marked 0 reclaim candidate 0 type array 1
[367.237s][debug][gc,humongous      ] GC(32996) Humongous region 93 (object size 1048592 @ 0x0000000085d00000) remset 0 code roots 0 marked 0 reclaim candidate 0 type array 1
[367.237s][debug][gc,humongous      ] GC(32996) Humongous region 1157 (object size 1048592 @ 0x00000000c8500000) remset 0 code roots 0 marked 0 reclaim candidate 0 type array 1
[367.237s][debug][gc,humongous      ] GC(32996) Humongous region 1619 (object size 1048592 @ 0x00000000e5300000) remset 0 code roots 0 marked 0 reclaim candidate 0 type array 1
[367.238s][debug][gc,humongous      ] GC(32996) Humongous region 1159 (object size 1048592 @ 0x00000000c8700000) remset 0 code roots 0 marked 0 reclaim candidate 0 type array 1
[367.238s][debug][gc,humongous      ] GC(32996) Humongous region 1621 (object size 1048592 @ 0x00000000e5500000) remset 0 code roots 0 marked 0 reclaim candidate 0 type array 1
[367.238s][debug][gc,humongous      ] GC(32996) Humongous region 1161 (object size 1048592 @ 0x00000000c8900000) remset 0 code roots 0 marked 0 reclaim candidate 0 type array 1
[367.237s][debug][gc,humongous      ] GC(32996) Humongous region 980 (object size 1048592 @ 0x00000000bd400000) remset 0 code roots 0 marked 0 reclaim candidate 0 type array 1
[367.237s][debug][gc,humongous      ] GC(32996) Humongous region 1323 (object size 1048592 @ 0x00000000d2b00000) remset 0 code roots 0 marked 0 reclaim candidate 0 type array 1
[367.237s][debug][gc,humongous      ] GC(32996) Humongous region 1782 (object size 1048592 @ 0x00000000ef600000) remset 0 code roots 0 marked 0 reclaim candidate 0 type array 1
[367.237s][debug][gc,humongous      ] GC(32996) Humongous region 233 (object size 1048592 @ 0x000000008e900000) remset 0 code roots 0 marked 0 reclaim candidate 0 type array 1
[367.238s][debug][gc,humongous      ] GC(32996) Humongous region 1784 (object size 1048592 @ 0x00000000ef800000) remset 0 code roots 0 marked 0 reclaim candidate 0 type array 1
[367.238s][debug][gc,humongous      ] GC(32996) Humongous region 235 (object size 1048592 @ 0x000000008eb00000) remset 0 code roots 0 marked 0 reclaim candidate 0 type array 1
[367.238s][debug][gc,humongous      ] GC(32996) Humongous region 1786 (object size 1048592 @ 0x00000000efa00000) remset 0 code roots 0 marked 0 reclaim candidate 0 type array 1
[367.238s][debug][gc,humongous      ] GC(32996) Humongous region 95 (object size 1048592 @ 0x0000000085f00000) remset 0 code roots 0 marked 0 reclaim candidate 0 type array 1
[367.237s][debug][gc,humongous      ] GC(32996) Humongous region 891 (object size 1048592 @ 0x00000000b7b00000) remset 0 code roots 0 marked 0 reclaim candidate 0 type array 1
[367.238s][debug][gc,humongous      ] GC(32996) Humongous region 97 (object size 1048592 @ 0x0000000086100000) remset 0 code roots 0 marked 0 reclaim candidate 0 type array 1
[367.237s][debug][gc,humongous      ] GC(32996) Humongous region 893 (object size 1048592 @ 0x00000000b7d00000) remset 0 code roots 0 marked 0 reclaim candidate 0 type array 1
[367.238s][debug][gc,humongous      ] GC(32996) Humongous region 99 (object size 1048592 @ 0x0000000086300000) remset 0 code roots 0 marked 0 reclaim candidate 0 type array 1
[367.238s][debug][gc,humongous      ] GC(32996) Humongous region 897 (object size 1048592 @ 0x00000000b8100000) remset 0 code roots 0 marked 0 reclaim candidate 0 type array 1
[367.238s][debug][gc,humongous      ] GC(32996) Humongous region 101 (object size 1048592 @ 0x0000000086500000) remset 0 code roots 0 marked 0 reclaim candidate 0 type array 1
[367.238s][debug][gc,humongous      ] GC(32996) Humongous region 1163 (object size 1048592 @ 0x00000000c8b00000) remset 0 code roots 0 marked 0 reclaim candidate 0 type array 1
[367.238s][debug][gc,humongous      ] GC(32996) Humongous region 103 (object size 1048592 @ 0x0000000086700000) remset 0 code roots 0 marked 0 reclaim candidate 0 type array 1
[367.237s][debug][gc,humongous      ] GC(32996) Humongous region 369 (object size 1048592 @ 0x0000000097100000) remset 0 code roots 0 marked 0 reclaim candidate 0 type array 1
[367.238s][debug][gc,humongous      ] GC(32996) Humongous region 105 (object size 1048592 @ 0x0000000086900000) remset 0 code roots 0 marked 0 reclaim candidate 0 type array 1
[367.238s][debug][gc,humongous      ] GC(32996) Humongous region 237 (object size 1048592 @ 0x000000008ed00000) remset 0 code roots 0 marked 0 reclaim candidate 0 type array 1
[367.238s][debug][gc,humongous      ] GC(32996) Humongous region 107 (object size 1048592 @ 0x0000000086b00000) remset 0 code roots 0 marked 0 reclaim candidate 0 type array 1
[367.237s][debug][gc,humongous      ] GC(32996) Humongous region 1511 (object size 1048592 @ 0x00000000de700000) remset 0 code roots 0 marked 0 reclaim candidate 0 type array 1
[367.238s][debug][gc,humongous      ] GC(32996) Humongous region 895 (object size 1048592 @ 0x00000000b7f00000) remset 0 code roots 0 marked 0 reclaim candidate 0 type array 1
[367.238s][debug][gc,humongous      ] GC(32996) Humongous region 1623 (object size 1048592 @ 0x00000000e5700000) remset 0 code roots 0 marked 0 reclaim candidate 0 type array 1
[367.238s][debug][gc,humongous      ] GC(32996) Humongous region 901 (object size 1048592 @ 0x00000000b8500000) remset 0 code roots 0 marked 0 reclaim candidate 0 type array 1
[367.238s][debug][gc,humongous      ] GC(32996) Humongous region 1625 (object size 1048592 @ 0x00000000e5900000) remset 0 code roots 0 marked 0 reclaim candidate 0 type array 1
[367.238s][debug][gc,humongous      ] GC(32996) Humongous region 903 (object size 1048592 @ 0x00000000b8700000) remset 0 code roots 0 marked 0 reclaim candidate 0 type array 1
[367.238s][debug][gc,humongous      ] GC(32996) Humongous region 1627 (object size 1048592 @ 0x00000000e5b00000) remset 0 code roots 0 marked 0 reclaim candidate 0 type array 1
[367.238s][debug][gc,humongous      ] GC(32996) Humongous region 905 (object size 1048592 @ 0x00000000b8900000) remset 0 code roots 0 marked 0 reclaim candidate 0 type array 1
[367.238s][debug][gc,humongous      ] GC(32996) Humongous region 371 (object size 1048592 @ 0x0000000097300000) remset 0 code roots 0 marked 0 reclaim candidate 0 type array 1
[367.238s][debug][gc,humongous      ] GC(32996) Humongous region 907 (object size 1048592 @ 0x00000000b8b00000) remset 0 code roots 0 marked 0 reclaim candidate 0 type array 1
[367.238s][debug][gc,humongous      ] GC(32996) Humongous region 1788 (object size 1048592 @ 0x00000000efc00000) remset 0 code roots 0 marked 0 reclaim candidate 0 type array 1
[367.238s][debug][gc,humongous      ] GC(32996) Humongous region 909 (object size 1048592 @ 0x00000000b8d00000) remset 0 code roots 0 marked 0 reclaim candidate 0 type array 1
[367.238s][debug][gc,humongous      ] GC(32996) Humongous region 1513 (object size 1048592 @ 0x00000000de900000) remset 0 code roots 0 marked 0 reclaim candidate 0 type array 1
[367.238s][debug][gc,humongous      ] GC(32996) Humongous region 911 (object size 1048592 @ 0x00000000b8f00000) remset 0 code roots 0 marked 0 reclaim candidate 0 type array 1
[367.238s][debug][gc,humongous      ] GC(32996) Humongous region 1515 (object size 1048592 @ 0x00000000deb00000) remset 0 code roots 0 marked 0 reclaim candidate 0 type array 1
[367.238s][debug][gc,humongous      ] GC(32996) Humongous region 913 (object size 1048592 @ 0x00000000b9100000) remset 0 code roots 0 marked 0 reclaim candidate 0 type array 1
[367.238s][debug][gc,humongous      ] GC(32996) Humongous region 1517 (object size 1048592 @ 0x00000000ded00000) remset 0 code roots 0 marked 0 reclaim candidate 0 type array 1
[367.238s][debug][gc,humongous      ] GC(32996) Humongous region 915 (object size 1048592 @ 0x00000000b9300000) remset 0 code roots 0 marked 0 reclaim candidate 0 type array 1
[367.237s][debug][gc,humongous      ] GC(32996) Humongous region 1938 (object size 1048592 @ 0x00000000f9200000) remset 0 code roots 0 marked 0 reclaim candidate 0 type array 1
[367.238s][debug][gc,humongous      ] GC(32996) Humongous region 917 (object size 1048592 @ 0x00000000b9500000) remset 0 code roots 0 marked 0 reclaim candidate 0 type array 1
[367.238s][debug][gc,humongous      ] GC(32996) Humongous region 1940 (object size 1048592 @ 0x00000000f9400000) remset 0 code roots 0 marked 0 reclaim candidate 0 type array 1
[367.238s][debug][gc,humongous      ] GC(32996) Humongous region 919 (object size 1048592 @ 0x00000000b9700000) remset 0 code roots 0 marked 0 reclaim candidate 0 type array 1
[367.238s][debug][gc,humongous      ] GC(32996) Humongous region 1942 (object size 1048592 @ 0x00000000f9600000) remset 0 code roots 0 marked 0 reclaim candidate 0 type array 1
[367.238s][debug][gc,humongous      ] GC(32996) Humongous region 921 (object size 1048592 @ 0x00000000b9900000) remset 0 code roots 0 marked 0 reclaim candidate 0 type array 1
[367.238s][debug][gc,humongous      ] GC(32996) Humongous region 1790 (object size 1048592 @ 0x00000000efe00000) remset 0 code roots 0 marked 0 reclaim candidate 0 type array 1
[367.238s][debug][gc,humongous      ] GC(32996) Humongous region 982 (object size 1048592 @ 0x00000000bd600000) remset 0 code roots 0 marked 0 reclaim candidate 0 type array 1
[367.238s][debug][gc,humongous      ] GC(32996) Humongous region 1325 (object size 1048592 @ 0x00000000d2d00000) remset 0 code roots 0 marked 0 reclaim candidate 0 type array 1
[367.238s][debug][gc,humongous      ] GC(32996) Humongous region 899 (object size 1048592 @ 0x00000000b8300000) remset 0 code roots 0 marked 0 reclaim candidate 0 type array 1
[367.237s][debug][gc,humongous      ] GC(32996) Humongous region 526 (object size 1048592 @ 0x00000000a0e00000) remset 0 code roots 0 marked 0 reclaim candidate 0 type array 1
[367.238s][debug][gc,humongous      ] GC(32996) Humongous region 1165 (object size 1048592 @ 0x00000000c8d00000) remset 0 code roots 0 marked 0 reclaim candidate 0 type array 1
[367.238s][debug][gc,humongous      ] GC(32996) Humongous region 1519 (object size 1048592 @ 0x00000000def00000) remset 0 code roots 0 marked 0 reclaim candidate 0 type array 1
[367.238s][debug][gc,humongous      ] GC(32996) Humongous region 1629 (object size 1048592 @ 0x00000000e5d00000) remset 0 code roots 0 marked 0 reclaim candidate 0 type array 1
[367.238s][debug][gc,humongous      ] GC(32996) Humongous region 1521 (object size 1048592 @ 0x00000000df100000) remset 0 code roots 0 marked 0 reclaim candidate 0 type array 1
[367.238s][debug][gc,humongous      ] GC(32996) Humongous region 239 (object size 1048592 @ 0x000000008ef00000) remset 0 code roots 0 marked 0 reclaim candidate 0 type array 1
[367.238s][debug][gc,humongous      ] GC(32996) Humongous region 1631 (object size 1048592 @ 0x00000000e5f00000) remset 0 code roots 0 marked 0 reclaim candidate 0 type array 1
[367.238s][debug][gc,humongous      ] GC(32996) Humongous region 1946 (object size 1048592 @ 0x00000000f9a00000) remset 0 code roots 0 marked 0 reclaim candidate 0 type array 1
[367.238s][debug][gc,humongous      ] GC(32996) Humongous region 1633 (object size 1048592 @ 0x00000000e6100000) remset 0 code roots 0 marked 0 reclaim candidate 0 type array 1
[367.238s][debug][gc,humongous      ] GC(32996) Humongous region 1948 (object size 1048592 @ 0x00000000f9c00000) remset 0 code roots 0 marked 0 reclaim candidate 0 type array 1
[367.238s][debug][gc,humongous      ] GC(32996) Humongous region 1635 (object size 1048592 @ 0x00000000e6300000) remset 0 code roots 0 marked 0 reclaim candidate 0 type array 1
[367.238s][debug][gc,humongous      ] GC(32996) Humongous region 1327 (object size 1048592 @ 0x00000000d2f00000) remset 0 code roots 0 marked 0 reclaim candidate 0 type array 1
[367.238s][debug][gc,humongous      ] GC(32996) Humongous region 925 (object size 1048592 @ 0x00000000b9d00000) remset 0 code roots 0 marked 0 reclaim candidate 0 type array 1
[367.238s][debug][gc,humongous      ] GC(32996) Humongous region 1329 (object size 1048592 @ 0x00000000d3100000) remset 0 code roots 0 marked 0 reclaim candidate 0 type array 1
[367.238s][debug][gc,humongous      ] GC(32996) Humongous region 927 (object size 1048592 @ 0x00000000b9f00000) remset 0 code roots 0 marked 0 reclaim candidate 0 type array 1
[367.238s][debug][gc,humongous      ] GC(32996) Humongous region 1331 (object size 1048592 @ 0x00000000d3300000) remset 0 code roots 0 marked 0 reclaim candidate 0 type array 1
[367.238s][debug][gc,humongous      ] GC(32996) Humongous region 929 (object size 1048592 @ 0x00000000ba100000) remset 0 code roots 0 marked 0 reclaim candidate 0 type array 1
[367.238s][debug][gc,humongous      ] GC(32996) Humongous region 1333 (object size 1048592 @ 0x00000000d3500000) remset 0 code roots 0 marked 0 reclaim candidate 0 type array 1
[367.238s][debug][gc,humongous      ] GC(32996) Humongous region 931 (object size 1048592 @ 0x00000000ba300000) remset 0 code roots 0 marked 0 reclaim candidate 1 type array 1
[367.238s][debug][gc,humongous      ] GC(32996) Humongous region 1335 (object size 1048592 @ 0x00000000d3700000) remset 0 code roots 0 marked 0 reclaim candidate 0 type array 1
[367.238s][debug][gc,humongous      ] GC(32996) Humongous region 937 (object size 1048592 @ 0x00000000ba900000) remset 0 code roots 0 marked 0 reclaim candidate 0 type array 1
[367.238s][debug][gc,humongous      ] GC(32996) Humongous region 1337 (object size 1048592 @ 0x00000000d3900000) remset 0 code roots 0 marked 0 reclaim candidate 0 type array 1
[367.238s][debug][gc,humongous      ] GC(32996) Humongous region 1637 (object size 1048592 @ 0x00000000e6500000) remset 0 code roots 0 marked 0 reclaim candidate 0 type array 1
[367.238s][debug][gc,humongous      ] GC(32996) Humongous region 1339 (object size 1048592 @ 0x00000000d3b00000) remset 0 code roots 0 marked 0 reclaim candidate 0 type array 1
[367.238s][debug][gc,humongous      ] GC(32996) Humongous region 528 (object size 1048592 @ 0x00000000a1000000) remset 0 code roots 0 marked 0 reclaim candidate 0 type array 1
[367.238s][debug][gc,humongous      ] GC(32996) Humongous region 1167 (object size 1048592 @ 0x00000000c8f00000) remset 0 code roots 0 marked 0 reclaim candidate 0 type array 1
[367.238s][debug][gc,humongous      ] GC(32996) Humongous region 373 (object size 1048592 @ 0x0000000097500000) remset 0 code roots 0 marked 0 reclaim candidate 0 type array 1
[367.238s][debug][gc,humongous      ] GC(32996) Humongous region 1169 (object size 1048592 @ 0x00000000c9100000) remset 0 code roots 0 marked 0 reclaim candidate 0 type array 1
[367.238s][debug][gc,humongous      ] GC(32996) Humongous region 109 (object size 1048592 @ 0x0000000086d00000) remset 0 code roots 0 marked 0 reclaim candidate 0 type array 1
[367.238s][debug][gc,humongous      ] GC(32996) Humongous region 375 (object size 1048592 @ 0x0000000097700000) remset 0 code roots 0 marked 0 reclaim candidate 0 type array 1
[367.238s][debug][gc,humongous      ] GC(32996) Humongous region 1792 (object size 1048592 @ 0x00000000f0000000) remset 0 code roots 0 marked 0 reclaim candidate 0 type array 1
[367.238s][debug][gc,humongous      ] GC(32996) Humongous region 111 (object size 1048592 @ 0x0000000086f00000) remset 0 code roots 0 marked 0 reclaim candidate 0 type array 1
[367.238s][debug][gc,humongous      ] GC(32996) Humongous region 923 (object size 1048592 @ 0x00000000b9b00000) remset 0 code roots 0 marked 0 reclaim candidate 0 type array 1
[367.238s][debug][gc,humongous      ] GC(32996) Humongous region 1950 (object size 1048592 @ 0x00000000f9e00000) remset 0 code roots 0 marked 0 reclaim candidate 0 type array 1
[367.238s][debug][gc,humongous      ] GC(32996) Humongous region 939 (object size 1048592 @ 0x00000000bab00000) remset 0 code roots 0 marked 0 reclaim candidate 0 type array 1
[367.238s][debug][gc,humongous      ] GC(32996) Humongous region 1639 (object size 1048592 @ 0x00000000e6700000) remset 0 code roots 0 marked 0 reclaim candidate 0 type array 1
[367.238s][debug][gc,humongous      ] GC(32996) Humongous region 1341 (object size 1048592 @ 0x00000000d3d00000) remset 0 code roots 0 marked 0 reclaim candidate 0 type array 1
[367.238s][debug][gc,humongous      ] GC(32996) Humongous region 1641 (object size 1048592 @ 0x00000000e6900000) remset 0 code roots 0 marked 0 reclaim candidate 0 type array 1
[367.238s][debug][gc,humongous      ] GC(32996) Humongous region 1343 (object size 1048592 @ 0x00000000d3f00000) remset 0 code roots 0 marked 0 reclaim candidate 0 type array 1
[367.238s][debug][gc,humongous      ] GC(32996) Humongous region 1643 (object size 1048592 @ 0x00000000e6b00000) remset 0 code roots 0 marked 0 reclaim candidate 0 type array 1
[367.238s][debug][gc,humongous      ] GC(32996) Humongous region 1347 (object size 1048592 @ 0x00000000d4300000) remset 0 code roots 0 marked 0 reclaim candidate 0 type array 1
[367.238s][debug][gc,humongous      ] GC(32996) Humongous region 377 (object size 1048592 @ 0x0000000097900000) remset 0 code roots 0 marked 0 reclaim candidate 0 type array 1
[367.238s][debug][gc,humongous      ] GC(32996) Humongous region 1349 (object size 1048592 @ 0x00000000d4500000) remset 0 code roots 0 marked 0 reclaim candidate 0 type array 1
[367.238s][debug][gc,humongous      ] GC(32996) Humongous region 1794 (object size 1048592 @ 0x00000000f0200000) remset 0 code roots 0 marked 0 reclaim candidate 0 type array 1
[367.238s][debug][gc,humongous      ] GC(32996) Humongous region 113 (object size 1048592 @ 0x0000000087100000) remset 0 code roots 0 marked 0 reclaim candidate 0 type array 1
[367.238s][debug][gc,humongous      ] GC(32996) Humongous region 941 (object size 1048592 @ 0x00000000bad00000) remset 0 code roots 0 marked 0 reclaim candidate 0 type array 1
[367.238s][debug][gc,humongous      ] GC(32996) Humongous region 1952 (object size 1048592 @ 0x00000000fa000000) remset 0 code roots 0 marked 0 reclaim candidate 0 type array 1
[367.238s][debug][gc,humongous      ] GC(32996) Humongous region 943 (object size 1048592 @ 0x00000000baf00000) remset 0 code roots 0 marked 0 reclaim candidate 0 type array 1
[367.239s][debug][gc,humongous      ] GC(32996) Humongous region 1954 (object size 1048592 @ 0x00000000fa200000) remset 0 code roots 0 marked 0 reclaim candidate 0 type array 1
[367.239s][debug][gc,humongous      ] GC(32996) Humongous region 988 (object size 1048592 @ 0x00000000bdc00000) remset 0 code roots 0 marked 0 reclaim candidate 0 type array 1
[367.239s][debug][gc,humongous      ] GC(32996) Humongous region 990 (object size 1048592 @ 0x00000000bde00000) remset 0 code roots 0 marked 0 reclaim candidate 0 type array 1
[367.239s][debug][gc,humongous      ] GC(32996) Humongous region 992 (object size 1048592 @ 0x00000000be000000) remset 0 code roots 0 marked 0 reclaim candidate 0 type array 1
[367.239s][debug][gc,humongous      ] GC(32996) Humongous region 994 (object size 1048592 @ 0x00000000be200000) remset 0 code roots 0 marked 0 reclaim candidate 0 type array 1
[367.239s][debug][gc,humongous      ] GC(32996) Humongous region 996 (object size 1048592 @ 0x00000000be400000) remset 0 code roots 0 marked 0 reclaim candidate 0 type array 1
[367.239s][debug][gc,humongous      ] GC(32996) Humongous region 998 (object size 1048592 @ 0x00000000be600000) remset 0 code roots 0 marked 0 reclaim candidate 0 type array 1
[367.239s][debug][gc,humongous      ] GC(32996) Humongous region 1000 (object size 1048592 @ 0x00000000be800000) remset 0 code roots 0 marked 0 reclaim candidate 0 type array 1
[367.239s][debug][gc,humongous      ] GC(32996) Humongous region 1002 (object size 1048592 @ 0x00000000bea00000) remset 0 code roots 0 marked 0 reclaim candidate 0 type array 1
[367.239s][debug][gc,humongous      ] GC(32996) Humongous region 1004 (object size 1048592 @ 0x00000000bec00000) remset 0 code roots 0 marked 0 reclaim candidate 0 type array 1
[367.239s][debug][gc,humongous      ] GC(32996) Humongous region 1006 (object size 1048592 @ 0x00000000bee00000) remset 0 code roots 0 marked 0 reclaim candidate 0 type array 1
[367.239s][debug][gc,humongous      ] GC(32996) Humongous region 1008 (object size 1048592 @ 0x00000000bf000000) remset 0 code roots 0 marked 0 reclaim candidate 0 type array 1
[367.239s][debug][gc,humongous      ] GC(32996) Humongous region 1010 (object size 1048592 @ 0x00000000bf200000) remset 0 code roots 0 marked 0 reclaim candidate 0 type array 1
[367.239s][debug][gc,humongous      ] GC(32996) Humongous region 1012 (object size 1048592 @ 0x00000000bf400000) remset 0 code roots 0 marked 0 reclaim candidate 0 type array 1
[367.239s][debug][gc,humongous      ] GC(32996) Humongous region 1014 (object size 1048592 @ 0x00000000bf600000) remset 0 code roots 0 marked 0 reclaim candidate 0 type array 1
[367.239s][debug][gc,humongous      ] GC(32996) Humongous region 1016 (object size 1048592 @ 0x00000000bf800000) remset 0 code roots 0 marked 0 reclaim candidate 0 type array 1
[367.239s][debug][gc,humongous      ] GC(32996) Humongous region 1018 (object size 1048592 @ 0x00000000bfa00000) remset 0 code roots 0 marked 0 reclaim candidate 0 type array 1
[367.239s][debug][gc,humongous      ] GC(32996) Humongous region 1020 (object size 1048592 @ 0x00000000bfc00000) remset 0 code roots 0 marked 0 reclaim candidate 0 type array 1
[367.239s][debug][gc,humongous      ] GC(32996) Humongous region 1022 (object size 1048592 @ 0x00000000bfe00000) remset 0 code roots 0 marked 0 reclaim candidate 0 type array 1
[367.239s][debug][gc,humongous      ] GC(32996) Humongous region 1024 (object size 1048592 @ 0x00000000c0000000) remset 0 code roots 0 marked 0 reclaim candidate 0 type array 1
[367.239s][debug][gc,humongous      ] GC(32996) Humongous region 1026 (object size 1048592 @ 0x00000000c0200000) remset 0 code roots 0 marked 0 reclaim candidate 0 type array 1
[367.239s][debug][gc,humongous      ] GC(32996) Humongous region 1028 (object size 1048592 @ 0x00000000c0400000) remset 0 code roots 0 marked 0 reclaim candidate 0 type array 1
[367.239s][debug][gc,humongous      ] GC(32996) Humongous region 1030 (object size 1048592 @ 0x00000000c0600000) remset 0 code roots 0 marked 0 reclaim candidate 0 type array 1
[367.239s][debug][gc,humongous      ] GC(32996) Humongous region 1032 (object size 1048592 @ 0x00000000c0800000) remset 0 code roots 0 marked 0 reclaim candidate 0 type array 1
[367.239s][debug][gc,humongous      ] GC(32996) Humongous region 1034 (object size 1048592 @ 0x00000000c0a00000) remset 0 code roots 0 marked 0 reclaim candidate 0 type array 1
[367.239s][debug][gc,humongous      ] GC(32996) Humongous region 1036 (object size 1048592 @ 0x00000000c0c00000) remset 0 code roots 0 marked 0 reclaim candidate 0 type array 1
[367.239s][debug][gc,humongous      ] GC(32996) Humongous region 1038 (object size 1048592 @ 0x00000000c0e00000) remset 0 code roots 0 marked 0 reclaim candidate 0 type array 1
[367.239s][debug][gc,humongous      ] GC(32996) Humongous region 1040 (object size 1048592 @ 0x00000000c1000000) remset 0 code roots 0 marked 0 reclaim candidate 0 type array 1
[367.239s][debug][gc,humongous      ] GC(32996) Humongous region 1042 (object size 1048592 @ 0x00000000c1200000) remset 0 code roots 0 marked 0 reclaim candidate 0 type array 1
[367.239s][debug][gc,humongous      ] GC(32996) Humongous region 1044 (object size 1048592 @ 0x00000000c1400000) remset 0 code roots 0 marked 0 reclaim candidate 0 type array 1
[367.239s][debug][gc,humongous      ] GC(32996) Humongous region 1046 (object size 1048592 @ 0x00000000c1600000) remset 0 code roots 0 marked 0 reclaim candidate 0 type array 1
[367.239s][debug][gc,humongous      ] GC(32996) Humongous region 1048 (object size 1048592 @ 0x00000000c1800000) remset 0 code roots 0 marked 0 reclaim candidate 0 type array 1
[367.239s][debug][gc,humongous      ] GC(32996) Humongous region 1050 (object size 1048592 @ 0x00000000c1a00000) remset 0 code roots 0 marked 0 reclaim candidate 0 type array 1
[367.239s][debug][gc,humongous      ] GC(32996) Humongous region 1052 (object size 1048592 @ 0x00000000c1c00000) remset 0 code roots 0 marked 0 reclaim candidate 0 type array 1
[367.239s][debug][gc,humongous      ] GC(32996) Humongous region 1054 (object size 1048592 @ 0x00000000c1e00000) remset 0 code roots 0 marked 0 reclaim candidate 0 type array 1
[367.239s][debug][gc,humongous      ] GC(32996) Humongous region 1056 (object size 1048592 @ 0x00000000c2000000) remset 0 code roots 0 marked 0 reclaim candidate 0 type array 1
[367.239s][debug][gc,humongous      ] GC(32996) Humongous region 1059 (object size 1048592 @ 0x00000000c2300000) remset 0 code roots 0 marked 0 reclaim candidate 0 type array 1
[367.239s][debug][gc,humongous      ] GC(32996) Humongous region 1061 (object size 1048592 @ 0x00000000c2500000) remset 0 code roots 0 marked 0 reclaim candidate 0 type array 1
[367.239s][debug][gc,humongous      ] GC(32996) Humongous region 1063 (object size 1048592 @ 0x00000000c2700000) remset 0 code roots 0 marked 0 reclaim candidate 0 type array 1
[367.239s][debug][gc,humongous      ] GC(32996) Humongous region 1065 (object size 1048592 @ 0x00000000c2900000) remset 0 code roots 0 marked 0 reclaim candidate 0 type array 1
[367.239s][debug][gc,humongous      ] GC(32996) Humongous region 1067 (object size 1048592 @ 0x00000000c2b00000) remset 0 code roots 0 marked 0 reclaim candidate 0 type array 1
[367.239s][debug][gc,humongous      ] GC(32996) Humongous region 1069 (object size 1048592 @ 0x00000000c2d00000) remset 0 code roots 0 marked 0 reclaim candidate 0 type array 1
[367.239s][debug][gc,humongous      ] GC(32996) Humongous region 1071 (object size 1048592 @ 0x00000000c2f00000) remset 0 code roots 0 marked 0 reclaim candidate 0 type array 1
[367.239s][debug][gc,humongous      ] GC(32996) Humongous region 1073 (object size 1048592 @ 0x00000000c3100000) remset 0 code roots 0 marked 0 reclaim candidate 0 type array 1
[367.240s][debug][gc,humongous      ] GC(32996) Humongous region 1075 (object size 1048592 @ 0x00000000c3300000) remset 0 code roots 0 marked 0 reclaim candidate 0 type array 1
[367.240s][debug][gc,humongous      ] GC(32996) Humongous region 1077 (object size 1048592 @ 0x00000000c3500000) remset 0 code roots 0 marked 0 reclaim candidate 0 type array 1
[367.240s][debug][gc,humongous      ] GC(32996) Humongous region 1079 (object size 1048592 @ 0x00000000c3700000) remset 0 code roots 0 marked 0 reclaim candidate 0 type array 1
[367.240s][debug][gc,humongous      ] GC(32996) Humongous region 1081 (object size 1048592 @ 0x00000000c3900000) remset 0 code roots 0 marked 0 reclaim candidate 0 type array 1
[367.240s][debug][gc,humongous      ] GC(32996) Humongous region 1083 (object size 1048592 @ 0x00000000c3b00000) remset 0 code roots 0 marked 0 reclaim candidate 0 type array 1
[367.240s][debug][gc,humongous      ] GC(32996) Humongous region 1085 (object size 1048592 @ 0x00000000c3d00000) remset 0 code roots 0 marked 0 reclaim candidate 0 type array 1
[367.240s][debug][gc,humongous      ] GC(32996) Humongous region 1087 (object size 1048592 @ 0x00000000c3f00000) remset 0 code roots 0 marked 0 reclaim candidate 0 type array 1
[367.240s][debug][gc,humongous      ] GC(32996) Humongous region 1089 (object size 1048592 @ 0x00000000c4100000) remset 0 code roots 0 marked 0 reclaim candidate 0 type array 1
[367.240s][debug][gc,humongous      ] GC(32996) Humongous region 1091 (object size 1048592 @ 0x00000000c4300000) remset 0 code roots 0 marked 0 reclaim candidate 0 type array 1
[367.240s][debug][gc,humongous      ] GC(32996) Humongous region 1095 (object size 1048592 @ 0x00000000c4700000) remset 0 code roots 0 marked 0 reclaim candidate 0 type array 1
[367.240s][debug][gc,humongous      ] GC(32996) Humongous region 1097 (object size 1048592 @ 0x00000000c4900000) remset 0 code roots 0 marked 0 reclaim candidate 0 type array 1
[367.240s][debug][gc,humongous      ] GC(32996) Humongous region 1099 (object size 1048592 @ 0x00000000c4b00000) remset 0 code roots 0 marked 0 reclaim candidate 0 type array 1
[367.240s][debug][gc,humongous      ] GC(32996) Humongous region 1101 (object size 1048592 @ 0x00000000c4d00000) remset 0 code roots 0 marked 0 reclaim candidate 0 type array 1
[367.240s][debug][gc,humongous      ] GC(32996) Humongous region 1173 (object size 1048592 @ 0x00000000c9500000) remset 0 code roots 0 marked 0 reclaim candidate 0 type array 1
[367.240s][debug][gc,humongous      ] GC(32996) Humongous region 1175 (object size 1048592 @ 0x00000000c9700000) remset 0 code roots 0 marked 0 reclaim candidate 0 type array 1
[367.240s][debug][gc,humongous      ] GC(32996) Humongous region 1177 (object size 1048592 @ 0x00000000c9900000) remset 0 code roots 0 marked 0 reclaim candidate 0 type array 1
[367.240s][debug][gc,humongous      ] GC(32996) Humongous region 1179 (object size 1048592 @ 0x00000000c9b00000) remset 0 code roots 0 marked 0 reclaim candidate 0 type array 1
[367.240s][debug][gc,humongous      ] GC(32996) Humongous region 1181 (object size 1048592 @ 0x00000000c9d00000) remset 0 code roots 0 marked 0 reclaim candidate 0 type array 1
[367.238s][debug][gc,humongous      ] GC(32996) Humongous region 984 (object size 1048592 @ 0x00000000bd800000) remset 0 code roots 0 marked 0 reclaim candidate 0 type array 1
[367.240s][debug][gc,humongous      ] GC(32996) Humongous region 1185 (object size 1048592 @ 0x00000000ca100000) remset 0 code roots 0 marked 0 reclaim candidate 0 type array 1
[367.238s][debug][gc,humongous      ] GC(32996) Humongous region 1645 (object size 1048592 @ 0x00000000e6d00000) remset 0 code roots 0 marked 0 reclaim candidate 0 type array 1
[367.240s][debug][gc,humongous      ] GC(32996) Humongous region 1187 (object size 1048592 @ 0x00000000ca300000) remset 0 code roots 0 marked 0 reclaim candidate 0 type array 1
[367.240s][debug][gc,humongous      ] GC(32996) Humongous region 1647 (object size 1048592 @ 0x00000000e6f00000) remset 0 code roots 0 marked 0 reclaim candidate 0 type array 1
[367.239s][debug][gc,humongous      ] GC(32996) Humongous region 1796 (object size 1048592 @ 0x00000000f0400000) remset 0 code roots 0 marked 0 reclaim candidate 0 type array 1
[367.240s][debug][gc,humongous      ] GC(32996) Humongous region 1649 (object size 1048592 @ 0x00000000e7100000) remset 0 code roots 0 marked 0 reclaim candidate 0 type array 1
[367.240s][debug][gc,humongous      ] GC(32996) Humongous region 1798 (object size 1048592 @ 0x00000000f0600000) remset 0 code roots 0 marked 0 reclaim candidate 0 type array 1
[367.240s][debug][gc,humongous      ] GC(32996) Humongous region 1651 (object size 1048592 @ 0x00000000e7300000) remset 0 code roots 0 marked 0 reclaim candidate 0 type array 1
[367.238s][debug][gc,humongous      ] GC(32996) Humongous region 1523 (object size 1048592 @ 0x00000000df300000) remset 0 code roots 0 marked 0 reclaim candidate 0 type array 1
[367.240s][debug][gc,humongous      ] GC(32996) Humongous region 1653 (object size 1048592 @ 0x00000000e7500000) remset 0 code roots 0 marked 0 reclaim candidate 0 type array 1
[367.240s][debug][gc,humongous      ] GC(32996) Humongous region 1525 (object size 1048592 @ 0x00000000df500000) remset 0 code roots 0 marked 0 reclaim candidate 0 type array 1
[367.240s][debug][gc,humongous      ] GC(32996) Humongous region 1655 (object size 1048592 @ 0x00000000e7700000) remset 0 code roots 0 marked 0 reclaim candidate 0 type array 1
[367.240s][debug][gc,humongous      ] GC(32996) Humongous region 1527 (object size 1048592 @ 0x00000000df700000) remset 0 code roots 0 marked 0 reclaim candidate 0 type array 1
[367.240s][debug][gc,humongous      ] GC(32996) Humongous region 1657 (object size 1048592 @ 0x00000000e7900000) remset 0 code roots 0 marked 0 reclaim candidate 0 type array 1
[367.240s][debug][gc,humongous      ] GC(32996) Humongous region 1529 (object size 1048592 @ 0x00000000df900000) remset 0 code roots 0 marked 0 reclaim candidate 0 type array 1
[367.240s][debug][gc,humongous      ] GC(32996) Humongous region 1661 (object size 1048592 @ 0x00000000e7d00000) remset 0 code roots 0 marked 0 reclaim candidate 0 type array 1
[367.239s][debug][gc,humongous      ] GC(32996) Humongous region 115 (object size 1048592 @ 0x0000000087300000) remset 0 code roots 0 marked 0 reclaim candidate 0 type array 1
[367.239s][debug][gc,humongous      ] GC(32996) Humongous region 986 (object size 1048592 @ 0x00000000bda00000) remset 0 code roots 0 marked 0 reclaim candidate 0 type array 1
[367.240s][debug][gc,humongous      ] GC(32996) Humongous region 1191 (object size 1048592 @ 0x00000000ca700000) remset 0 code roots 0 marked 0 reclaim candidate 0 type array 1
[367.238s][debug][gc,humongous      ] GC(32996) Humongous region 530 (object size 1048592 @ 0x00000000a1200000) remset 0 code roots 0 marked 0 reclaim candidate 0 type array 1
[367.240s][debug][gc,humongous      ] GC(32996) Humongous region 1193 (object size 1048592 @ 0x00000000ca900000) remset 0 code roots 0 marked 0 reclaim candidate 0 type array 1
[367.239s][debug][gc,humongous      ] GC(32996) Humongous region 1956 (object size 1048592 @ 0x00000000fa400000) remset 0 code roots 0 marked 0 reclaim candidate 0 type array 1
[367.238s][debug][gc,humongous      ] GC(32996) Humongous region 1171 (object size 1048592 @ 0x00000000c9300000) remset 0 code roots 0 marked 0 reclaim candidate 0 type array 1
[367.238s][debug][gc,humongous      ] GC(32996) Humongous region 242 (object size 1048592 @ 0x000000008f200000) remset 0 code roots 0 marked 0 reclaim candidate 0 type array 1
[367.240s][debug][gc,humongous      ] GC(32996) Humongous region 1183 (object size 1048592 @ 0x00000000c9f00000) remset 0 code roots 0 marked 0 reclaim candidate 0 type array 1
[367.239s][debug][gc,humongous      ] GC(32996) Humongous region 379 (object size 1048592 @ 0x0000000097b00000) remset 0 code roots 0 marked 0 reclaim candidate 0 type array 1
[367.239s][debug][gc,humongous      ] GC(32996) Humongous region 1351 (object size 1048592 @ 0x00000000d4700000) remset 0 code roots 0 marked 0 reclaim candidate 0 type array 1
[367.240s][debug][gc,humongous      ] GC(32996) Humongous region 1189 (object size 1048592 @ 0x00000000ca500000) remset 0 code roots 0 marked 0 reclaim candidate 0 type array 1
[367.240s][debug][gc,humongous      ] GC(32996) Humongous region 1533 (object size 1048592 @ 0x00000000dfd00000) remset 0 code roots 0 marked 0 reclaim candidate 0 type array 1
[367.240s][debug][gc,humongous      ] GC(32996) Humongous region 117 (object size 1048592 @ 0x0000000087500000) remset 0 code roots 0 marked 0 reclaim candidate 0 type array 1
[367.240s][debug][gc,humongous      ] GC(32996) Humongous region 1663 (object size 1048592 @ 0x00000000e7f00000) remset 0 code roots 0 marked 0 reclaim candidate 0 type array 1
[367.240s][debug][gc,humongous      ] GC(32996) Humongous region 1800 (object size 1048592 @ 0x00000000f0800000) remset 0 code roots 0 marked 0 reclaim candidate 0 type array 1
[367.240s][debug][gc,humongous      ] GC(32996) Humongous region 1665 (object size 1048592 @ 0x00000000e8100000) remset 0 code roots 0 marked 0 reclaim candidate 0 type array 1
[367.240s][debug][gc,humongous      ] GC(32996) Humongous region 1195 (object size 1048592 @ 0x00000000cab00000) remset 0 code roots 0 marked 0 reclaim candidate 0 type array 1
[367.240s][debug][gc,humongous      ] GC(32996) Humongous region 1958 (object size 1048592 @ 0x00000000fa600000) remset 0 code roots 0 marked 0 reclaim candidate 0 type array 1
[367.240s][debug][gc,humongous      ] GC(32996) Humongous region 1197 (object size 1048592 @ 0x00000000cad00000) remset 0 code roots 0 marked 0 reclaim candidate 0 type array 1
[367.240s][debug][gc,humongous      ] GC(32996) Humongous region 244 (object size 1048592 @ 0x000000008f400000) remset 0 code roots 0 marked 0 reclaim candidate 0 type array 1
[367.240s][debug][gc,humongous      ] GC(32996) Humongous region 1205 (object size 1048592 @ 0x00000000cb500000) remset 0 code roots 0 marked 0 reclaim candidate 0 type array 1
[367.240s][debug][gc,humongous      ] GC(32996) Humongous region 246 (object size 1048592 @ 0x000000008f600000) remset 0 code roots 0 marked 0 reclaim candidate 0 type array 1
[367.240s][debug][gc,humongous      ] GC(32996) Humongous region 1353 (object size 1048592 @ 0x00000000d4900000) remset 0 code roots 0 marked 0 reclaim candidate 0 type array 1
[367.240s][debug][gc,humongous      ] GC(32996) Humongous region 1201 (object size 1048592 @ 0x00000000cb100000) remset 0 code roots 0 marked 0 reclaim candidate 0 type array 1
[367.240s][debug][gc,humongous      ] GC(32996) Humongous region 1355 (object size 1048592 @ 0x00000000d4b00000) remset 0 code roots 0 marked 0 reclaim candidate 0 type array 1
[367.240s][debug][gc,humongous      ] GC(32996) Humongous region 119 (object size 1048592 @ 0x0000000087700000) remset 0 code roots 0 marked 0 reclaim candidate 0 type array 1
[367.240s][debug][gc,humongous      ] GC(32996) Humongous region 1357 (object size 1048592 @ 0x00000000d4d00000) remset 0 code roots 0 marked 0 reclaim candidate 0 type array 1
[367.240s][debug][gc,humongous      ] GC(32996) Humongous region 1802 (object size 1048592 @ 0x00000000f0a00000) remset 0 code roots 0 marked 0 reclaim candidate 0 type array 1
[367.240s][debug][gc,humongous      ] GC(32996) Humongous region 1667 (object size 1048592 @ 0x00000000e8300000) remset 0 code roots 0 marked 0 reclaim candidate 0 type array 1
[367.240s][debug][gc,humongous      ] GC(32996) Humongous region 1203 (object size 1048592 @ 0x00000000cb300000) remset 0 code roots 0 marked 0 reclaim candidate 0 type array 1
[367.240s][debug][gc,humongous      ] GC(32996) Humongous region 1960 (object size 1048592 @ 0x00000000fa800000) remset 0 code roots 0 marked 0 reclaim candidate 0 type array 1
[367.240s][debug][gc,humongous      ] GC(32996) Humongous region 1199 (object size 1048592 @ 0x00000000caf00000) remset 0 code roots 0 marked 0 reclaim candidate 0 type array 1
[367.240s][debug][gc,humongous      ] GC(32996) Humongous region 1962 (object size 1048592 @ 0x00000000faa00000) remset 0 code roots 0 marked 0 reclaim candidate 0 type array 1
[367.240s][debug][gc,humongous      ] GC(32996) Humongous region 1207 (object size 1048592 @ 0x00000000cb700000) remset 0 code roots 0 marked 0 reclaim candidate 0 type array 1
[367.240s][debug][gc,humongous      ] GC(32996) Humongous region 248 (object size 1048592 @ 0x000000008f800000) remset 0 code roots 0 marked 0 reclaim candidate 0 type array 1
[367.240s][debug][gc,humongous      ] GC(32996) Humongous region 1535 (object size 1048592 @ 0x00000000dff00000) remset 0 code roots 0 marked 0 reclaim candidate 0 type array 1
[367.240s][debug][gc,humongous      ] GC(32996) Humongous region 1210 (object size 1048592 @ 0x00000000cba00000) remset 0 code roots 0 marked 0 reclaim candidate 0 type array 1
[367.240s][debug][gc,humongous      ] GC(32996) Humongous region 532 (object size 1048592 @ 0x00000000a1400000) remset 0 code roots 0 marked 0 reclaim candidate 0 type array 1
[367.241s][debug][gc,humongous      ] GC(32996) Humongous region 1218 (object size 1048592 @ 0x00000000cc200000) remset 0 code roots 0 marked 0 reclaim candidate 0 type array 1
[367.240s][debug][gc,humongous      ] GC(32996) Humongous region 1359 (object size 1048592 @ 0x00000000d4f00000) remset 0 code roots 0 marked 0 reclaim candidate 0 type array 1
[367.241s][debug][gc,humongous      ] GC(32996) Humongous region 534 (object size 1048592 @ 0x00000000a1600000) remset 0 code roots 0 marked 0 reclaim candidate 0 type array 1
[367.240s][debug][gc,humongous      ] GC(32996) Humongous region 1804 (object size 1048592 @ 0x00000000f0c00000) remset 0 code roots 0 marked 0 reclaim candidate 0 type array 1
[367.241s][debug][gc,humongous      ] GC(32996) Humongous region 1806 (object size 1048592 @ 0x00000000f0e00000) remset 0 code roots 0 marked 0 reclaim candidate 0 type array 1
[367.240s][debug][gc,humongous      ] GC(32996) Humongous region 1214 (object size 1048592 @ 0x00000000cbe00000) remset 0 code roots 0 marked 0 reclaim candidate 0 type array 1
[367.240s][debug][gc,humongous      ] GC(32996) Humongous region 1212 (object size 1048592 @ 0x00000000cbc00000) remset 0 code roots 0 marked 0 reclaim candidate 0 type array 1
[367.241s][debug][gc,humongous      ] GC(32996) Humongous region 1222 (object size 1048592 @ 0x00000000cc600000) remset 0 code roots 0 marked 0 reclaim candidate 0 type array 1
[367.241s][debug][gc,humongous      ] GC(32996) Humongous region 1216 (object size 1048592 @ 0x00000000cc000000) remset 0 code roots 0 marked 0 reclaim candidate 0 type array 1
[367.241s][debug][gc,humongous      ] GC(32996) Humongous region 1224 (object size 1048592 @ 0x00000000cc800000) remset 0 code roots 0 marked 0 reclaim candidate 0 type array 1
[367.241s][debug][gc,humongous      ] GC(32996) Humongous region 250 (object size 1048592 @ 0x000000008fa00000) remset 0 code roots 0 marked 0 reclaim candidate 0 type array 1
[367.241s][debug][gc,humongous      ] GC(32996) Humongous region 1228 (object size 1048592 @ 0x00000000ccc00000) remset 0 code roots 0 marked 0 reclaim candidate 0 type array 1
[367.241s][debug][gc,humongous      ] GC(32996) Humongous region 1220 (object size 1048592 @ 0x00000000cc400000) remset 0 code roots 0 marked 0 reclaim candidate 0 type array 1
[367.241s][debug][gc,humongous      ] GC(32996) Humongous region 1232 (object size 1048592 @ 0x00000000cd000000) remset 0 code roots 0 marked 0 reclaim candidate 0 type array 1
[367.241s][debug][gc,humongous      ] GC(32996) Humongous region 536 (object size 1048592 @ 0x00000000a1800000) remset 0 code roots 0 marked 0 reclaim candidate 0 type array 1
[367.240s][debug][gc,humongous      ] GC(32996) Humongous region 381 (object size 1048592 @ 0x0000000097d00000) remset 0 code roots 0 marked 0 reclaim candidate 0 type array 1
[367.241s][debug][gc,humongous      ] GC(32996) Humongous region 538 (object size 1048592 @ 0x00000000a1a00000) remset 0 code roots 0 marked 0 reclaim candidate 0 type array 1
[367.241s][debug][gc,humongous      ] GC(32996) Humongous region 1808 (object size 1048592 @ 0x00000000f1000000) remset 0 code roots 0 marked 0 reclaim candidate 0 type array 1
[367.241s][debug][gc,humongous      ] GC(32996) Humongous region 1964 (object size 1048592 @ 0x00000000fac00000) remset 0 code roots 0 marked 0 reclaim candidate 0 type array 1
[367.241s][debug][gc,humongous      ] GC(32996) Humongous region 1226 (object size 1048592 @ 0x00000000cca00000) remset 0 code roots 0 marked 0 reclaim candidate 0 type array 1
[367.241s][debug][gc,humongous      ] GC(32996) Humongous region 1537 (object size 1048592 @ 0x00000000e0100000) remset 0 code roots 0 marked 0 reclaim candidate 0 type array 1
[367.241s][debug][gc,humongous      ] GC(32996) Humongous region 1230 (object size 1048592 @ 0x00000000cce00000) remset 0 code roots 0 marked 0 reclaim candidate 0 type array 1
[367.240s][debug][gc,humongous      ] GC(32996) Humongous region 121 (object size 1048592 @ 0x0000000087900000) remset 0 code roots 0 marked 0 reclaim candidate 0 type array 1
[367.241s][debug][gc,humongous      ] GC(32996) Humongous region 1242 (object size 1048592 @ 0x00000000cda00000) remset 0 code roots 0 marked 0 reclaim candidate 0 type array 1
[367.240s][debug][gc,humongous      ] GC(32996) Humongous region 1669 (object size 1048592 @ 0x00000000e8500000) remset 0 code roots 0 marked 0 reclaim candidate 0 type array 1
[367.241s][debug][gc,humongous      ] GC(32996) Humongous region 1234 (object size 1048592 @ 0x00000000cd200000) remset 0 code roots 0 marked 0 reclaim candidate 0 type array 1
[367.241s][debug][gc,humongous      ] GC(32996) Humongous region 1672 (object size 1048592 @ 0x00000000e8800000) remset 0 code roots 0 marked 0 reclaim candidate 0 type array 1
[367.241s][debug][gc,humongous      ] GC(32996) Humongous region 1246 (object size 1048592 @ 0x00000000cde00000) remset 0 code roots 0 marked 0 reclaim candidate 0 type array 1
[367.241s][debug][gc,humongous      ] GC(32996) Humongous region 1674 (object size 1048592 @ 0x00000000e8a00000) remset 0 code roots 0 marked 0 reclaim candidate 0 type array 1
[367.241s][debug][gc,humongous      ] GC(32996) Humongous region 1248 (object size 1048592 @ 0x00000000ce000000) remset 0 code roots 0 marked 0 reclaim candidate 0 type array 1
[367.241s][debug][gc,humongous      ] GC(32996) Humongous region 1676 (object size 1048592 @ 0x00000000e8c00000) remset 0 code roots 0 marked 0 reclaim candidate 0 type array 1
[367.241s][debug][gc,humongous      ] GC(32996) Humongous region 1250 (object size 1048592 @ 0x00000000ce200000) remset 0 code roots 0 marked 0 reclaim candidate 0 type array 1
[367.241s][debug][gc,humongous      ] GC(32996) Humongous region 1238 (object size 1048592 @ 0x00000000cd600000) remset 0 code roots 0 marked 0 reclaim candidate 0 type array 1
[367.241s][debug][gc,humongous      ] GC(32996) Humongous region 1678 (object size 1048592 @ 0x00000000e8e00000) remset 0 code roots 0 marked 0 reclaim candidate 0 type array 1
[367.241s][debug][gc,humongous      ] GC(32996) Humongous region 1254 (object size 1048592 @ 0x00000000ce600000) remset 0 code roots 0 marked 0 reclaim candidate 0 type array 1
[367.241s][debug][gc,humongous      ] GC(32996) Humongous region 1680 (object size 1048592 @ 0x00000000e9000000) remset 0 code roots 0 marked 0 reclaim candidate 0 type array 1
[367.241s][debug][gc,humongous      ] GC(32996) Humongous region 1256 (object size 1048592 @ 0x00000000ce800000) remset 0 code roots 0 marked 0 reclaim candidate 0 type array 1
[367.241s][debug][gc,humongous      ] GC(32996) Humongous region 1682 (object size 1048592 @ 0x00000000e9200000) remset 0 code roots 0 marked 0 reclaim candidate 0 type array 1
[367.241s][debug][gc,humongous      ] GC(32996) Humongous region 1361 (object size 1048592 @ 0x00000000d5100000) remset 0 code roots 0 marked 0 reclaim candidate 0 type array 1
[367.241s][debug][gc,humongous      ] GC(32996) Humongous region 1684 (object size 1048592 @ 0x00000000e9400000) remset 0 code roots 0 marked 0 reclaim candidate 0 type array 1
[367.241s][debug][gc,humongous      ] GC(32996) Humongous region 1363 (object size 1048592 @ 0x00000000d5300000) remset 0 code roots 0 marked 0 reclaim candidate 0 type array 1
[367.241s][debug][gc,humongous      ] GC(32996) Humongous region 1686 (object size 1048592 @ 0x00000000e9600000) remset 0 code roots 0 marked 0 reclaim candidate 0 type array 1
[367.241s][debug][gc,humongous      ] GC(32996) Humongous region 1365 (object size 1048592 @ 0x00000000d5500000) remset 0 code roots 0 marked 0 reclaim candidate 0 type array 1
[367.241s][debug][gc,humongous      ] GC(32996) Humongous region 1688 (object size 1048592 @ 0x00000000e9800000) remset 0 code roots 0 marked 0 reclaim candidate 0 type array 1
[367.241s][debug][gc,humongous      ] GC(32996) Humongous region 1367 (object size 1048592 @ 0x00000000d5700000) remset 0 code roots 0 marked 0 reclaim candidate 0 type array 1
[367.241s][debug][gc,humongous      ] GC(32996) Humongous region 252 (object size 1048592 @ 0x000000008fc00000) remset 0 code roots 0 marked 0 reclaim candidate 0 type array 1
[367.241s][debug][gc,humongous      ] GC(32996) Humongous region 1369 (object size 1048592 @ 0x00000000d5900000) remset 0 code roots 0 marked 0 reclaim candidate 0 type array 1
[367.241s][debug][gc,humongous      ] GC(32996) Humongous region 254 (object size 1048592 @ 0x000000008fe00000) remset 0 code roots 0 marked 0 reclaim candidate 0 type array 1
[367.241s][debug][gc,humongous      ] GC(32996) Humongous region 1236 (object size 1048592 @ 0x00000000cd400000) remset 0 code roots 0 marked 0 reclaim candidate 0 type array 1
[367.241s][debug][gc,humongous      ] GC(32996) Humongous region 256 (object size 1048592 @ 0x0000000090000000) remset 0 code roots 0 marked 0 reclaim candidate 0 type array 1
[367.241s][debug][gc,humongous      ] GC(32996) Humongous region 1373 (object size 1048592 @ 0x00000000d5d00000) remset 0 code roots 0 marked 0 reclaim candidate 0 type array 1
[367.241s][debug][gc,humongous      ] GC(32996) Humongous region 258 (object size 1048592 @ 0x0000000090200000) remset 0 code roots 0 marked 0 reclaim candidate 0 type array 1
[367.241s][debug][gc,humongous      ] GC(32996) Humongous region 1810 (object size 1048592 @ 0x00000000f1200000) remset 0 code roots 0 marked 0 reclaim candidate 0 type array 1
[367.241s][debug][gc,humongous      ] GC(32996) Humongous region 1375 (object size 1048592 @ 0x00000000d5f00000) remset 0 code roots 0 marked 0 reclaim candidate 0 type array 1
[367.241s][debug][gc,humongous      ] GC(32996) Humongous region 1252 (object size 1048592 @ 0x00000000ce400000) remset 0 code roots 0 marked 0 reclaim candidate 0 type array 1
[367.241s][debug][gc,humongous      ] GC(32996) Humongous region 1377 (object size 1048592 @ 0x00000000d6100000) remset 0 code roots 0 marked 0 reclaim candidate 0 type array 1
[367.241s][debug][gc,humongous      ] GC(32996) Humongous region 1379 (object size 1048592 @ 0x00000000d6300000) remset 0 code roots 0 marked 0 reclaim candidate 0 type array 1
[367.241s][debug][gc,humongous      ] GC(32996) Humongous region 1381 (object size 1048592 @ 0x00000000d6500000) remset 0 code roots 0 marked 0 reclaim candidate 0 type array 1
[367.241s][debug][gc,humongous      ] GC(32996) Humongous region 1383 (object size 1048592 @ 0x00000000d6700000) remset 0 code roots 0 marked 0 reclaim candidate 0 type array 1
[367.241s][debug][gc,humongous      ] GC(32996) Humongous region 1371 (object size 1048592 @ 0x00000000d5b00000) remset 0 code roots 0 marked 0 reclaim candidate 0 type array 1
[367.241s][debug][gc,humongous      ] GC(32996) Humongous region 1387 (object size 1048592 @ 0x00000000d6b00000) remset 0 code roots 0 marked 0 reclaim candidate 0 type array 1
[367.241s][debug][gc,humongous      ] GC(32996) Humongous region 1389 (object size 1048592 @ 0x00000000d6d00000) remset 0 code roots 0 marked 0 reclaim candidate 0 type array 1
[367.241s][debug][gc,humongous      ] GC(32996) Humongous region 1391 (object size 1048592 @ 0x00000000d6f00000) remset 0 code roots 0 marked 0 reclaim candidate 0 type array 1
[367.241s][debug][gc,humongous      ] GC(32996) Humongous region 260 (object size 1048592 @ 0x0000000090400000) remset 0 code roots 0 marked 0 reclaim candidate 0 type array 1
[367.241s][debug][gc,humongous      ] GC(32996) Humongous region 1395 (object size 1048592 @ 0x00000000d7300000) remset 0 code roots 0 marked 0 reclaim candidate 0 type array 1
[367.241s][debug][gc,humongous      ] GC(32996) Humongous region 1966 (object size 1048592 @ 0x00000000fae00000) remset 0 code roots 0 marked 0 reclaim candidate 0 type array 1
[367.241s][debug][gc,humongous      ] GC(32996) Humongous region 123 (object size 1048592 @ 0x0000000087b00000) remset 0 code roots 0 marked 0 reclaim candidate 0 type array 1
[367.241s][debug][gc,humongous      ] GC(32996) Humongous region 1968 (object size 1048592 @ 0x00000000fb000000) remset 0 code roots 0 marked 0 reclaim candidate 0 type array 1
[367.241s][debug][gc,humongous      ] GC(32996) Humongous region 1539 (object size 1048592 @ 0x00000000e0300000) remset 0 code roots 0 marked 0 reclaim candidate 0 type array 1
[367.241s][debug][gc,humongous      ] GC(32996) Humongous region 1385 (object size 1048592 @ 0x00000000d6900000) remset 0 code roots 0 marked 0 reclaim candidate 0 type array 1
[367.241s][debug][gc,humongous      ] GC(32996) Humongous region 1541 (object size 1048592 @ 0x00000000e0500000) remset 0 code roots 0 marked 0 reclaim candidate 0 type array 1
[367.241s][debug][gc,humongous      ] GC(32996) Humongous region 1399 (object size 1048592 @ 0x00000000d7700000) remset 0 code roots 0 marked 0 reclaim candidate 0 type array 1
[367.241s][debug][gc,humongous      ] GC(32996) Humongous region 383 (object size 1048592 @ 0x0000000097f00000) remset 0 code roots 0 marked 0 reclaim candidate 0 type array 1
[367.241s][debug][gc,humongous      ] GC(32996) Humongous region 1393 (object size 1048592 @ 0x00000000d7100000) remset 0 code roots 0 marked 0 reclaim candidate 0 type array 1
[367.241s][debug][gc,humongous      ] GC(32996) Humongous region 385 (object size 1048592 @ 0x0000000098100000) remset 0 code roots 0 marked 0 reclaim candidate 0 type array 1
[367.241s][debug][gc,humongous      ] GC(32996) Humongous region 262 (object size 1048592 @ 0x0000000090600000) remset 0 code roots 0 marked 0 reclaim candidate 0 type array 1
[367.241s][debug][gc,humongous      ] GC(32996) Humongous region 387 (object size 1048592 @ 0x0000000098300000) remset 0 code roots 0 marked 0 reclaim candidate 0 type array 1
[367.241s][debug][gc,humongous      ] GC(32996) Humongous region 264 (object size 1048592 @ 0x0000000090800000) remset 0 code roots 0 marked 0 reclaim candidate 0 type array 1
[367.241s][debug][gc,humongous      ] GC(32996) Humongous region 389 (object size 1048592 @ 0x0000000098500000) remset 0 code roots 0 marked 0 reclaim candidate 0 type array 1
[367.241s][debug][gc,humongous      ] GC(32996) Humongous region 1970 (object size 1048592 @ 0x00000000fb200000) remset 0 code roots 0 marked 0 reclaim candidate 0 type array 1
[367.241s][debug][gc,humongous      ] GC(32996) Humongous region 1244 (object size 1048592 @ 0x00000000cdc00000) remset 0 code roots 0 marked 0 reclaim candidate 0 type array 1
[367.241s][debug][gc,humongous      ] GC(32996) Humongous region 1972 (object size 1048592 @ 0x00000000fb400000) remset 0 code roots 0 marked 0 reclaim candidate 0 type array 1
[367.241s][debug][gc,humongous      ] GC(32996) Humongous region 1543 (object size 1048592 @ 0x00000000e0700000) remset 0 code roots 0 marked 0 reclaim candidate 0 type array 1
[367.241s][debug][gc,humongous      ] GC(32996) Humongous region 1258 (object size 1048592 @ 0x00000000cea00000) remset 0 code roots 0 marked 0 reclaim candidate 0 type array 1
[367.241s][debug][gc,humongous      ] GC(32996) Humongous region 540 (object size 1048592 @ 0x00000000a1c00000) remset 0 code roots 0 marked 0 reclaim candidate 0 type array 1
[367.241s][debug][gc,humongous      ] GC(32996) Humongous region 1403 (object size 1048592 @ 0x00000000d7b00000) remset 0 code roots 0 marked 0 reclaim candidate 0 type array 1
[367.241s][debug][gc,humongous      ] GC(32996) Humongous region 1812 (object size 1048592 @ 0x00000000f1400000) remset 0 code roots 0 marked 0 reclaim candidate 0 type array 1
[367.241s][debug][gc,humongous      ] GC(32996) Humongous region 1397 (object size 1048592 @ 0x00000000d7500000) remset 0 code roots 0 marked 0 reclaim candidate 0 type array 1
[367.241s][debug][gc,humongous      ] GC(32996) Humongous region 1814 (object size 1048592 @ 0x00000000f1600000) remset 0 code roots 0 marked 0 reclaim candidate 0 type array 1
[367.241s][debug][gc,humongous      ] GC(32996) Humongous region 1411 (object size 1048592 @ 0x00000000d8300000) remset 0 code roots 0 marked 0 reclaim candidate 0 type array 1
[367.241s][debug][gc,humongous      ] GC(32996) Humongous region 1816 (object size 1048592 @ 0x00000000f1800000) remset 0 code roots 0 marked 0 reclaim candidate 0 type array 1
[367.241s][debug][gc,humongous      ] GC(32996) Humongous region 266 (object size 1048592 @ 0x0000000090a00000) remset 0 code roots 0 marked 0 reclaim candidate 0 type array 1
[367.242s][debug][gc,humongous      ] GC(32996) Humongous region 1818 (object size 1048592 @ 0x00000000f1a00000) remset 0 code roots 0 marked 0 reclaim candidate 0 type array 1
[367.242s][debug][gc,humongous      ] GC(32996) Humongous region 268 (object size 1048592 @ 0x0000000090c00000) remset 0 code roots 0 marked 0 reclaim candidate 0 type array 1
[367.241s][debug][gc,humongous      ] GC(32996) Humongous region 1545 (object size 1048592 @ 0x00000000e0900000) remset 0 code roots 0 marked 0 reclaim candidate 0 type array 1
[367.242s][debug][gc,humongous      ] GC(32996) Humongous region 270 (object size 1048592 @ 0x0000000090e00000) remset 0 code roots 0 marked 0 reclaim candidate 0 type array 1
[367.241s][debug][gc,humongous      ] GC(32996) Humongous region 542 (object size 1048592 @ 0x00000000a1e00000) remset 0 code roots 0 marked 0 reclaim candidate 0 type array 1
[367.242s][debug][gc,humongous      ] GC(32996) Humongous region 272 (object size 1048592 @ 0x0000000091000000) remset 0 code roots 0 marked 0 reclaim candidate 0 type array 1
[367.242s][debug][gc,humongous      ] GC(32996) Humongous region 274 (object size 1048592 @ 0x0000000091200000) remset 0 code roots 0 marked 0 reclaim candidate 0 type array 1
[367.242s][debug][gc,humongous      ] GC(32996) Humongous region 544 (object size 1048592 @ 0x00000000a2000000) remset 0 code roots 0 marked 0 reclaim candidate 0 type array 1
[367.241s][debug][gc,humongous      ] GC(32996) Humongous region 391 (object size 1048592 @ 0x0000000098700000) remset 0 code roots 0 marked 0 reclaim candidate 0 type array 1
[367.242s][debug][gc,humongous      ] GC(32996) Humongous region 1415 (object size 1048592 @ 0x00000000d8700000) remset 0 code roots 0 marked 0 reclaim candidate 0 type array 1
[367.241s][debug][gc,humongous      ] GC(32996) Humongous region 1401 (object size 1048592 @ 0x00000000d7900000) remset 0 code roots 0 marked 0 reclaim candidate 0 type array 1
[367.241s][debug][gc,humongous      ] GC(32996) Humongous region 1974 (object size 1048592 @ 0x00000000fb600000) remset 0 code roots 0 marked 0 reclaim candidate 0 type array 1
[367.242s][debug][gc,humongous      ] GC(32996) Humongous region 1820 (object size 1048592 @ 0x00000000f1c00000) remset 0 code roots 0 marked 0 reclaim candidate 0 type array 1
[367.242s][debug][gc,humongous      ] GC(32996) Humongous region 1976 (object size 1048592 @ 0x00000000fb800000) remset 0 code roots 0 marked 0 reclaim candidate 0 type array 1
[367.242s][debug][gc,humongous      ] GC(32996) Humongous region 1547 (object size 1048592 @ 0x00000000e0b00000) remset 0 code roots 0 marked 0 reclaim candidate 0 type array 1
[367.242s][debug][gc,humongous      ] GC(32996) Humongous region 1978 (object size 1048592 @ 0x00000000fba00000) remset 0 code roots 0 marked 0 reclaim candidate 0 type array 1
[367.241s][debug][gc,humongous      ] GC(32996) Humongous region 125 (object size 1048592 @ 0x0000000087d00000) remset 0 code roots 0 marked 0 reclaim candidate 0 type array 1
[367.242s][debug][gc,humongous      ] GC(32996) Humongous region 1980 (object size 1048592 @ 0x00000000fbc00000) remset 0 code roots 0 marked 0 reclaim candidate 0 type array 1
[367.242s][debug][gc,humongous      ] GC(32996) Humongous region 1982 (object size 1048592 @ 0x00000000fbe00000) remset 0 code roots 0 marked 0 reclaim candidate 0 type array 1
[367.242s][debug][gc,humongous      ] GC(32996) Humongous region 127 (object size 1048592 @ 0x0000000087f00000) remset 0 code roots 0 marked 0 reclaim candidate 0 type array 1
[367.242s][debug][gc,humongous      ] GC(32996) Humongous region 393 (object size 1048592 @ 0x0000000098900000) remset 0 code roots 0 marked 0 reclaim candidate 0 type array 1
[367.242s][debug][gc,humongous      ] GC(32996) Humongous region 129 (object size 1048592 @ 0x0000000088100000) remset 0 code roots 0 marked 0 reclaim candidate 0 type array 1
[367.242s][debug][gc,humongous      ] GC(32996) Humongous region 1551 (object size 1048592 @ 0x00000000e0f00000) remset 0 code roots 0 marked 0 reclaim candidate 0 type array 1
[367.242s][debug][gc,humongous      ] GC(32996) Humongous region 131 (object size 1048592 @ 0x0000000088300000) remset 0 code roots 0 marked 0 reclaim candidate 0 type array 1
[367.241s][debug][gc,humongous      ] GC(32996) Humongous region 1409 (object size 1048592 @ 0x00000000d8100000) remset 0 code roots 0 marked 0 reclaim candidate 0 type array 1
[367.242s][debug][gc,humongous      ] GC(32996) Humongous region 133 (object size 1048592 @ 0x0000000088500000) remset 0 code roots 0 marked 0 reclaim candidate 0 type array 1
[367.242s][debug][gc,humongous      ] GC(32996) Humongous region 1557 (object size 1048592 @ 0x00000000e1500000) remset 0 code roots 0 marked 0 reclaim candidate 0 type array 1
[367.242s][debug][gc,humongous      ] GC(32996) Humongous region 276 (object size 1048592 @ 0x0000000091400000) remset 0 code roots 0 marked 0 reclaim candidate 0 type array 1
[367.242s][debug][gc,humongous      ] GC(32996) Humongous region 546 (object size 1048592 @ 0x00000000a2200000) remset 0 code roots 0 marked 0 reclaim candidate 0 type array 1
[367.241s][debug][gc,humongous      ] GC(32996) Humongous region 1405 (object size 1048592 @ 0x00000000d7d00000) remset 0 code roots 0 marked 0 reclaim candidate 0 type array 1
[367.242s][debug][gc,humongous      ] GC(32996) Humongous region 1549 (object size 1048592 @ 0x00000000e0d00000) remset 0 code roots 0 marked 0 reclaim candidate 0 type array 1
[367.241s][debug][gc,humongous      ] GC(32996) Humongous region 1690 (object size 1048592 @ 0x00000000e9a00000) remset 0 code roots 0 marked 0 reclaim candidate 0 type array 1
[367.241s][debug][gc,humongous      ] GC(32996) Humongous region 1407 (object size 1048592 @ 0x00000000d7f00000) remset 0 code roots 0 marked 0 reclaim candidate 0 type array 1
[367.242s][debug][gc,humongous      ] GC(32996) Humongous region 1692 (object size 1048592 @ 0x00000000e9c00000) remset 0 code roots 0 marked 0 reclaim candidate 0 type array 1
[367.242s][debug][gc,humongous      ] GC(32996) Humongous region 1555 (object size 1048592 @ 0x00000000e1300000) remset 0 code roots 0 marked 0 reclaim candidate 0 type array 1
[367.242s][debug][gc,humongous      ] GC(32996) Humongous region 1694 (object size 1048592 @ 0x00000000e9e00000) remset 0 code roots 0 marked 0 reclaim candidate 0 type array 1
[367.242s][debug][gc,humongous      ] GC(32996) Humongous region 1696 (object size 1048592 @ 0x00000000ea000000) remset 0 code roots 0 marked 0 reclaim candidate 0 type array 1
[367.242s][debug][gc,humongous      ] GC(32996) Humongous region 1559 (object size 1048592 @ 0x00000000e1700000) remset 0 code roots 0 marked 0 reclaim candidate 0 type array 1
[367.242s][debug][gc,humongous      ] GC(32996) Humongous region 1698 (object size 1048592 @ 0x00000000ea200000) remset 0 code roots 0 marked 0 reclaim candidate 0 type array 1
[367.242s][debug][gc,humongous      ] GC(32996) Humongous region 278 (object size 1048592 @ 0x0000000091600000) remset 0 code roots 0 marked 0 reclaim candidate 0 type array 1
[367.242s][debug][gc,humongous      ] GC(32996) Humongous region 1700 (object size 1048592 @ 0x00000000ea400000) remset 0 code roots 0 marked 0 reclaim candidate 0 type array 1
[367.242s][debug][gc,humongous      ] GC(32996) Humongous region 280 (object size 1048592 @ 0x0000000091800000) remset 0 code roots 0 marked 0 reclaim candidate 0 type array 1
[367.242s][debug][gc,humongous      ] GC(32996) Humongous region 548 (object size 1048592 @ 0x00000000a2400000) remset 0 code roots 0 marked 0 reclaim candidate 0 type array 1
[367.242s][debug][gc,humongous      ] GC(32996) Humongous region 550 (object size 1048592 @ 0x00000000a2600000) remset 0 code roots 0 marked 0 reclaim candidate 0 type array 1
[367.242s][debug][gc,humongous      ] GC(32996) Humongous region 552 (object size 1048592 @ 0x00000000a2800000) remset 0 code roots 0 marked 0 reclaim candidate 1 type array 1
[367.242s][debug][gc,humongous      ] GC(32996) Humongous region 1822 (object size 1048592 @ 0x00000000f1e00000) remset 0 code roots 0 marked 0 reclaim candidate 0 type array 1
[367.242s][debug][gc,humongous      ] GC(32996) Humongous region 554 (object size 1048592 @ 0x00000000a2a00000) remset 0 code roots 0 marked 0 reclaim candidate 0 type array 1
[367.242s][debug][gc,humongous      ] GC(32996) Humongous region 1553 (object size 1048592 @ 0x00000000e1100000) remset 0 code roots 0 marked 0 reclaim candidate 0 type array 1
[367.242s][debug][gc,humongous      ] GC(32996) Humongous region 556 (object size 1048592 @ 0x00000000a2c00000) remset 0 code roots 0 marked 0 reclaim candidate 0 type array 1
[367.242s][debug][gc,humongous      ] GC(32996) Humongous region 135 (object size 1048592 @ 0x0000000088700000) remset 0 code roots 0 marked 0 reclaim candidate 0 type array 1
[367.242s][debug][gc,humongous      ] GC(32996) Humongous region 558 (object size 1048592 @ 0x00000000a2e00000) remset 0 code roots 0 marked 0 reclaim candidate 0 type array 1
[367.242s][debug][gc,humongous      ] GC(32996) Humongous region 1984 (object size 1048592 @ 0x00000000fc000000) remset 0 code roots 0 marked 0 reclaim candidate 0 type array 1
[367.242s][debug][gc,humongous      ] GC(32996) Humongous region 1561 (object size 1048592 @ 0x00000000e1900000) remset 0 code roots 0 marked 0 reclaim candidate 0 type array 1
[367.242s][debug][gc,humongous      ] GC(32996) Humongous region 282 (object size 1048592 @ 0x0000000091a00000) remset 0 code roots 0 marked 0 reclaim candidate 0 type array 1
[367.242s][debug][gc,humongous      ] GC(32996) Humongous region 1563 (object size 1048592 @ 0x00000000e1b00000) remset 0 code roots 0 marked 0 reclaim candidate 0 type array 1
[367.242s][debug][gc,humongous      ] GC(32996) Humongous region 284 (object size 1048592 @ 0x0000000091c00000) remset 0 code roots 0 marked 0 reclaim candidate 0 type array 1
[367.242s][debug][gc,humongous      ] GC(32996) Humongous region 1567 (object size 1048592 @ 0x00000000e1f00000) remset 0 code roots 0 marked 0 reclaim candidate 0 type array 1
[367.242s][debug][gc,humongous      ] GC(32996) Humongous region 286 (object size 1048592 @ 0x0000000091e00000) remset 0 code roots 0 marked 0 reclaim candidate 0 type array 1
[367.242s][debug][gc,humongous      ] GC(32996) Humongous region 1571 (object size 1048592 @ 0x00000000e2300000) remset 0 code roots 0 marked 0 reclaim candidate 0 type array 1
[367.242s][debug][gc,humongous      ] GC(32996) Humongous region 288 (object size 1048592 @ 0x0000000092000000) remset 0 code roots 0 marked 0 reclaim candidate 0 type array 1
[367.242s][debug][gc,humongous      ] GC(32996) Humongous region 1708 (object size 1048592 @ 0x00000000eac00000) remset 0 code roots 0 marked 0 reclaim candidate 0 type array 1
[367.242s][debug][gc,humongous      ] GC(32996) Humongous region 290 (object size 1048592 @ 0x0000000092200000) remset 0 code roots 0 marked 0 reclaim candidate 0 type array 1
[367.242s][debug][gc,humongous      ] GC(32996) Humongous region 1710 (object size 1048592 @ 0x00000000eae00000) remset 0 code roots 0 marked 0 reclaim candidate 0 type array 1
[367.242s][debug][gc,humongous      ] GC(32996) Humongous region 395 (object size 1048592 @ 0x0000000098b00000) remset 0 code roots 0 marked 0 reclaim candidate 0 type array 1
[367.242s][debug][gc,humongous      ] GC(32996) Humongous region 292 (object size 1048592 @ 0x0000000092400000) remset 0 code roots 0 marked 0 reclaim candidate 0 type array 1
[367.242s][debug][gc,humongous      ] GC(32996) Humongous region 1712 (object size 1048592 @ 0x00000000eb000000) remset 0 code roots 0 marked 0 reclaim candidate 0 type array 1
[367.242s][debug][gc,humongous      ] GC(32996) Humongous region 1702 (object size 1048592 @ 0x00000000ea600000) remset 0 code roots 0 marked 0 reclaim candidate 0 type array 1
[367.242s][debug][gc,humongous      ] GC(32996) Humongous region 1704 (object size 1048592 @ 0x00000000ea800000) remset 0 code roots 0 marked 0 reclaim candidate 0 type array 1
[367.242s][debug][gc,humongous      ] GC(32996) Humongous region 1716 (object size 1048592 @ 0x00000000eb400000) remset 0 code roots 0 marked 0 reclaim candidate 0 type array 1
[367.242s][debug][gc,humongous      ] GC(32996) Humongous region 560 (object size 1048592 @ 0x00000000a3000000) remset 0 code roots 0 marked 0 reclaim candidate 0 type array 1
[367.242s][debug][gc,humongous      ] GC(32996) Humongous region 562 (object size 1048592 @ 0x00000000a3200000) remset 0 code roots 0 marked 0 reclaim candidate 0 type array 1
[367.242s][debug][gc,humongous      ] GC(32996) Humongous region 564 (object size 1048592 @ 0x00000000a3400000) remset 0 code roots 0 marked 0 reclaim candidate 0 type array 1
[367.242s][debug][gc,humongous      ] GC(32996) Humongous region 397 (object size 1048592 @ 0x0000000098d00000) remset 0 code roots 0 marked 0 reclaim candidate 0 type array 1
[367.242s][debug][gc,humongous      ] GC(32996) Humongous region 566 (object size 1048592 @ 0x00000000a3600000) remset 0 code roots 0 marked 0 reclaim candidate 0 type array 1
[367.242s][debug][gc,humongous      ] GC(32996) Humongous region 1573 (object size 1048592 @ 0x00000000e2500000) remset 0 code roots 0 marked 0 reclaim candidate 0 type array 1
[367.242s][debug][gc,humongous      ] GC(32996) Humongous region 568 (object size 1048592 @ 0x00000000a3800000) remset 0 code roots 0 marked 0 reclaim candidate 0 type array 1
[367.242s][debug][gc,humongous      ] GC(32996) Humongous region 1722 (object size 1048592 @ 0x00000000eba00000) remset 0 code roots 0 marked 0 reclaim candidate 0 type array 1
[367.242s][debug][gc,humongous      ] GC(32996) Humongous region 1714 (object size 1048592 @ 0x00000000eb200000) remset 0 code roots 0 marked 0 reclaim candidate 0 type array 1
[367.242s][debug][gc,humongous      ] GC(32996) Humongous region 1724 (object size 1048592 @ 0x00000000ebc00000) remset 0 code roots 0 marked 0 reclaim candidate 0 type array 1
[367.242s][debug][gc,humongous      ] GC(32996) Humongous region 1718 (object size 1048592 @ 0x00000000eb600000) remset 0 code roots 0 marked 0 reclaim candidate 0 type array 1
[367.242s][debug][gc,humongous      ] GC(32996) Humongous region 1726 (object size 1048592 @ 0x00000000ebe00000) remset 0 code roots 0 marked 0 reclaim candidate 0 type array 1
[367.242s][debug][gc,humongous      ] GC(32996) Humongous region 1730 (object size 1048592 @ 0x00000000ec200000) remset 0 code roots 0 marked 0 reclaim candidate 0 type array 1
[367.242s][debug][gc,humongous      ] GC(32996) Humongous region 1826 (object size 1048592 @ 0x00000000f2200000) remset 0 code roots 0 marked 0 reclaim candidate 0 type array 1
[367.242s][debug][gc,humongous      ] GC(32996) Humongous region 1828 (object size 1048592 @ 0x00000000f2400000) remset 0 code roots 0 marked 0 reclaim candidate 0 type array 1
[367.242s][debug][gc,humongous      ] GC(32996) Humongous region 399 (object size 1048592 @ 0x0000000098f00000) remset 0 code roots 0 marked 0 reclaim candidate 0 type array 1
[367.242s][debug][gc,humongous      ] GC(32996) Humongous region 1824 (object size 1048592 @ 0x00000000f2000000) remset 0 code roots 0 marked 0 reclaim candidate 0 type array 1
[367.243s][debug][gc,humongous      ] GC(32996) Humongous region 1834 (object size 1048592 @ 0x00000000f2a00000) remset 0 code roots 0 marked 0 reclaim candidate 0 type array 1
[367.243s][debug][gc,humongous      ] GC(32996) Humongous region 1836 (object size 1048592 @ 0x00000000f2c00000) remset 0 code roots 0 marked 0 reclaim candidate 0 type array 1
[367.242s][debug][gc,humongous      ] GC(32996) Humongous region 1565 (object size 1048592 @ 0x00000000e1d00000) remset 0 code roots 0 marked 0 reclaim candidate 0 type array 1
[367.243s][debug][gc,humongous      ] GC(32996) Humongous region 1838 (object size 1048592 @ 0x00000000f2e00000) remset 0 code roots 0 marked 0 reclaim candidate 0 type array 1
[367.242s][debug][gc,humongous      ] GC(32996) Humongous region 1728 (object size 1048592 @ 0x00000000ec000000) remset 0 code roots 0 marked 0 reclaim candidate 0 type array 1
[367.242s][debug][gc,humongous      ] GC(32996) Humongous region 1706 (object size 1048592 @ 0x00000000eaa00000) remset 0 code roots 0 marked 0 reclaim candidate 0 type array 1
[367.242s][debug][gc,humongous      ] GC(32996) Humongous region 1720 (object size 1048592 @ 0x00000000eb800000) remset 0 code roots 0 marked 0 reclaim candidate 0 type array 1
[367.243s][debug][gc,humongous      ] GC(32996) Humongous region 1846 (object size 1048592 @ 0x00000000f3600000) remset 0 code roots 0 marked 0 reclaim candidate 0 type array 1
[367.243s][debug][gc,humongous      ] GC(32996) Humongous region 1848 (object size 1048592 @ 0x00000000f3800000) remset 0 code roots 0 marked 0 reclaim candidate 0 type array 1
[367.243s][debug][gc,humongous      ] GC(32996) Humongous region 1850 (object size 1048592 @ 0x00000000f3a00000) remset 0 code roots 0 marked 0 reclaim candidate 0 type array 1
[367.243s][debug][gc,humongous      ] GC(32996) Humongous region 1832 (object size 1048592 @ 0x00000000f2800000) remset 0 code roots 0 marked 0 reclaim candidate 0 type array 1
[367.243s][debug][gc,humongous      ] GC(32996) Humongous region 1852 (object size 1048592 @ 0x00000000f3c00000) remset 0 code roots 0 marked 0 reclaim candidate 0 type array 1
[367.242s][debug][gc,humongous      ] GC(32996) Humongous region 1986 (object size 1048592 @ 0x00000000fc200000) remset 0 code roots 0 marked 0 reclaim candidate 0 type array 1
[367.243s][debug][gc,humongous      ] GC(32996) Humongous region 1856 (object size 1048592 @ 0x00000000f4000000) remset 0 code roots 0 marked 0 reclaim candidate 0 type array 1
[367.242s][debug][gc,humongous      ] GC(32996) Humongous region 570 (object size 1048592 @ 0x00000000a3a00000) remset 0 code roots 0 marked 0 reclaim candidate 0 type array 1
[367.243s][debug][gc,humongous      ] GC(32996) Humongous region 1860 (object size 1048592 @ 0x00000000f4400000) remset 0 code roots 0 marked 0 reclaim candidate 0 type array 1
[367.243s][debug][gc,humongous      ] GC(32996) Humongous region 572 (object size 1048592 @ 0x00000000a3c00000) remset 0 code roots 0 marked 0 reclaim candidate 0 type array 1
[367.243s][debug][gc,humongous      ] GC(32996) Humongous region 1844 (object size 1048592 @ 0x00000000f3400000) remset 0 code roots 0 marked 0 reclaim candidate 0 type array 1
[367.242s][debug][gc,humongous      ] GC(32996) Humongous region 1569 (object size 1048592 @ 0x00000000e2100000) remset 0 code roots 0 marked 0 reclaim candidate 0 type array 1
[367.242s][debug][gc,humongous      ] GC(32996) Humongous region 137 (object size 1048592 @ 0x0000000088900000) remset 0 code roots 0 marked 0 reclaim candidate 0 type array 1
[367.243s][debug][gc,humongous      ] GC(32996) Humongous region 1830 (object size 1048592 @ 0x00000000f2600000) remset 0 code roots 0 marked 0 reclaim candidate 0 type array 1
[367.243s][debug][gc,humongous      ] GC(32996) Humongous region 1854 (object size 1048592 @ 0x00000000f3e00000) remset 0 code roots 0 marked 0 reclaim candidate 0 type array 1
[367.243s][debug][gc,humongous      ] GC(32996) Humongous region 1870 (object size 1048592 @ 0x00000000f4e00000) remset 0 code roots 0 marked 0 reclaim candidate 0 type array 1
[367.242s][debug][gc,humongous      ] GC(32996) Humongous region 294 (object size 1048592 @ 0x0000000092600000) remset 0 code roots 0 marked 0 reclaim candidate 0 type array 1
[367.243s][debug][gc,humongous      ] GC(32996) Humongous region 1858 (object size 1048592 @ 0x00000000f4200000) remset 0 code roots 0 marked 0 reclaim candidate 0 type array 1
[367.243s][debug][gc,humongous      ] GC(32996) Humongous region 297 (object size 1048592 @ 0x0000000092900000) remset 0 code roots 0 marked 0 reclaim candidate 0 type array 1
[367.243s][debug][gc,humongous      ] GC(32996) Humongous region 1876 (object size 1048592 @ 0x00000000f5400000) remset 0 code roots 0 marked 0 reclaim candidate 0 type array 1
[367.243s][debug][gc,humongous      ] GC(32996) Humongous region 299 (object size 1048592 @ 0x0000000092b00000) remset 0 code roots 0 marked 0 reclaim candidate 0 type array 1
[367.243s][debug][gc,humongous      ] GC(32996) Humongous region 1878 (object size 1048592 @ 0x00000000f5600000) remset 0 code roots 0 marked 0 reclaim candidate 0 type array 1
[367.243s][debug][gc,humongous      ] GC(32996) Humongous region 1866 (object size 1048592 @ 0x00000000f4a00000) remset 0 code roots 0 marked 0 reclaim candidate 0 type array 1
[367.243s][debug][gc,humongous      ] GC(32996) Humongous region 1880 (object size 1048592 @ 0x00000000f5800000) remset 0 code roots 0 marked 0 reclaim candidate 0 type array 1
[367.243s][debug][gc,humongous      ] GC(32996) Humongous region 1882 (object size 1048592 @ 0x00000000f5a00000) remset 0 code roots 0 marked 0 reclaim candidate 0 type array 1
[367.243s][debug][gc,humongous      ] GC(32996) Humongous region 139 (object size 1048592 @ 0x0000000088b00000) remset 0 code roots 0 marked 0 reclaim candidate 0 type array 1
[367.243s][debug][gc,humongous      ] GC(32996) Humongous region 1868 (object size 1048592 @ 0x00000000f4c00000) remset 0 code roots 0 marked 0 reclaim candidate 0 type array 1
[367.243s][debug][gc,humongous      ] GC(32996) Humongous region 1872 (object size 1048592 @ 0x00000000f5000000) remset 0 code roots 0 marked 0 reclaim candidate 0 type array 1
[367.243s][debug][gc,humongous      ] GC(32996) Humongous region 1874 (object size 1048592 @ 0x00000000f5200000) remset 0 code roots 0 marked 0 reclaim candidate 0 type array 1
[367.243s][debug][gc,humongous      ] GC(32996) Humongous region 1988 (object size 1048592 @ 0x00000000fc400000) remset 0 code roots 0 marked 0 reclaim candidate 0 type array 1
[367.243s][debug][gc,humongous      ] GC(32996) Humongous region 1995 (object size 1048592 @ 0x00000000fcb00000) remset 0 code roots 0 marked 0 reclaim candidate 0 type array 1
[367.243s][debug][gc,humongous      ] GC(32996) Humongous region 1997 (object size 1048592 @ 0x00000000fcd00000) remset 0 code roots 0 marked 0 reclaim candidate 0 type array 1
[367.243s][debug][gc,humongous      ] GC(32996) Humongous region 1862 (object size 1048592 @ 0x00000000f4600000) remset 0 code roots 0 marked 0 reclaim candidate 0 type array 1
[367.243s][debug][gc,humongous      ] GC(32996) Humongous region 301 (object size 1048592 @ 0x0000000092d00000) remset 0 code roots 0 marked 0 reclaim candidate 0 type array 1
[367.243s][debug][gc,humongous      ] GC(32996) Humongous region 574 (object size 1048592 @ 0x00000000a3e00000) remset 0 code roots 0 marked 0 reclaim candidate 0 type array 1
[367.243s][debug][gc,humongous      ] GC(32996) Humongous region 576 (object size 1048592 @ 0x00000000a4000000) remset 0 code roots 0 marked 0 reclaim candidate 0 type array 1
[367.243s][debug][gc,humongous      ] GC(32996) Humongous region 1884 (object size 1048592 @ 0x00000000f5c00000) remset 0 code roots 0 marked 0 reclaim candidate 0 type array 1
[367.243s][debug][gc,humongous      ] GC(32996) Humongous region 578 (object size 1048592 @ 0x00000000a4200000) remset 0 code roots 0 marked 0 reclaim candidate 0 type array 1
[367.243s][debug][gc,humongous      ] GC(32996) Humongous region 2009 (object size 1048592 @ 0x00000000fd900000) remset 0 code roots 0 marked 0 reclaim candidate 0 type array 1
[367.243s][debug][gc,humongous      ] GC(32996) Humongous region 1888 (object size 1048592 @ 0x00000000f6000000) remset 0 code roots 0 marked 0 reclaim candidate 0 type array 1
[367.243s][debug][gc,humongous      ] GC(32996) Humongous region 1992 (object size 1048592 @ 0x00000000fc800000) remset 0 code roots 0 marked 0 reclaim candidate 0 type array 1
[367.243s][debug][gc,humongous      ] GC(32996) Humongous region 1840 (object size 1048592 @ 0x00000000f3000000) remset 0 code roots 0 marked 0 reclaim candidate 0 type array 1
[367.243s][debug][gc,humongous      ] GC(32996) Humongous region 2015 (object size 1048592 @ 0x00000000fdf00000) remset 0 code roots 0 marked 0 reclaim candidate 0 type array 1
[367.243s][debug][gc,humongous      ] GC(32996) Humongous region 2017 (object size 1048592 @ 0x00000000fe100000) remset 0 code roots 0 marked 0 reclaim candidate 0 type array 1
[367.243s][debug][gc,humongous      ] GC(32996) Humongous region 2005 (object size 1048592 @ 0x00000000fd500000) remset 0 code roots 0 marked 0 reclaim candidate 0 type array 1
[367.243s][debug][gc,humongous      ] GC(32996) Humongous region 2007 (object size 1048592 @ 0x00000000fd700000) remset 0 code roots 0 marked 0 reclaim candidate 0 type array 1
[367.243s][debug][gc,humongous      ] GC(32996) Humongous region 2025 (object size 1048592 @ 0x00000000fe900000) remset 0 code roots 0 marked 0 reclaim candidate 0 type array 1
[367.243s][debug][gc,humongous      ] GC(32996) Humongous region 1886 (object size 1048592 @ 0x00000000f5e00000) remset 0 code roots 0 marked 0 reclaim candidate 0 type array 1
[367.243s][debug][gc,humongous      ] GC(32996) Humongous region 2029 (object size 1048592 @ 0x00000000fed00000) remset 0 code roots 0 marked 0 reclaim candidate 0 type array 1
[367.243s][debug][gc,humongous      ] GC(32996) Humongous region 2031 (object size 1048592 @ 0x00000000fef00000) remset 0 code roots 0 marked 0 reclaim candidate 0 type array 1
[367.243s][debug][gc,humongous      ] GC(32996) Humongous region 580 (object size 1048592 @ 0x00000000a4400000) remset 0 code roots 0 marked 0 reclaim candidate 0 type array 1
[367.243s][debug][gc,humongous      ] GC(32996) Humongous region 2011 (object size 1048592 @ 0x00000000fdb00000) remset 0 code roots 0 marked 0 reclaim candidate 0 type array 1
[367.243s][debug][gc,humongous      ] GC(32996) Humongous region 2013 (object size 1048592 @ 0x00000000fdd00000) remset 0 code roots 0 marked 0 reclaim candidate 0 type array 1
[367.243s][debug][gc,humongous      ] GC(32996) Humongous region 1842 (object size 1048592 @ 0x00000000f3200000) remset 0 code roots 0 marked 0 reclaim candidate 0 type array 1
[367.243s][debug][gc,humongous      ] GC(32996) Humongous region 2040 (object size 1048592 @ 0x00000000ff800000) remset 0 code roots 0 marked 0 reclaim candidate 0 type array 1
[367.243s][debug][gc,humongous      ] GC(32996) Humongous region 2019 (object size 1048592 @ 0x00000000fe300000) remset 0 code roots 0 marked 0 reclaim candidate 0 type array 1
[367.243s][debug][gc,humongous      ] GC(32996) Humongous region 2044 (object size 1048592 @ 0x00000000ffc00000) remset 0 code roots 0 marked 0 reclaim candidate 0 type array 1
[367.243s][debug][gc,humongous      ] GC(32996) Humongous region 401 (object size 1048592 @ 0x0000000099100000) remset 0 code roots 0 marked 0 reclaim candidate 0 type array 1
[367.243s][debug][gc,humongous      ] GC(32996) Humongous region 143 (object size 1048592 @ 0x0000000088f00000) remset 0 code roots 0 marked 0 reclaim candidate 0 type array 1
[367.243s][debug][gc,humongous      ] GC(32996) Humongous region 145 (object size 1048592 @ 0x0000000089100000) remset 0 code roots 0 marked 0 reclaim candidate 0 type array 1
[367.243s][debug][gc,humongous      ] GC(32996) Humongous region 403 (object size 1048592 @ 0x0000000099300000) remset 0 code roots 0 marked 0 reclaim candidate 0 type array 1
[367.243s][debug][gc,humongous      ] GC(32996) Humongous region 147 (object size 1048592 @ 0x0000000089300000) remset 0 code roots 0 marked 0 reclaim candidate 0 type array 1
[367.243s][debug][gc,humongous      ] GC(32996) Humongous region 149 (object size 1048592 @ 0x0000000089500000) remset 0 code roots 0 marked 0 reclaim candidate 0 type array 1
[367.243s][debug][gc,humongous      ] GC(32996) Humongous region 2036 (object size 1048592 @ 0x00000000ff400000) remset 0 code roots 0 marked 0 reclaim candidate 0 type array 1
[367.243s][debug][gc,humongous      ] GC(32996) Humongous region 2038 (object size 1048592 @ 0x00000000ff600000) remset 0 code roots 0 marked 0 reclaim candidate 0 type array 1
[367.243s][debug][gc,humongous      ] GC(32996) Humongous region 155 (object size 1048592 @ 0x0000000089b00000) remset 0 code roots 0 marked 0 reclaim candidate 0 type array 1
[367.243s][debug][gc,humongous      ] GC(32996) Humongous region 2042 (object size 1048592 @ 0x00000000ffa00000) remset 0 code roots 0 marked 0 reclaim candidate 0 type array 1
[367.243s][debug][gc,humongous      ] GC(32996) Humongous region 307 (object size 1048592 @ 0x0000000093300000) remset 0 code roots 0 marked 0 reclaim candidate 0 type array 1
[367.243s][debug][gc,humongous      ] GC(32996) Humongous region 309 (object size 1048592 @ 0x0000000093500000) remset 0 code roots 0 marked 0 reclaim candidate 0 type array 1
[367.243s][debug][gc,humongous      ] GC(32996) Humongous region 311 (object size 1048592 @ 0x0000000093700000) remset 0 code roots 0 marked 0 reclaim candidate 0 type array 1
[367.243s][debug][gc,humongous      ] GC(32996) Humongous region 313 (object size 1048592 @ 0x0000000093900000) remset 0 code roots 0 marked 0 reclaim candidate 0 type array 1
[367.243s][debug][gc,humongous      ] GC(32996) Humongous region 407 (object size 1048592 @ 0x0000000099700000) remset 0 code roots 0 marked 0 reclaim candidate 0 type array 1
[367.243s][debug][gc,humongous      ] GC(32996) Humongous region 141 (object size 1048592 @ 0x0000000088d00000) remset 0 code roots 0 marked 0 reclaim candidate 0 type array 1
[367.243s][debug][gc,humongous      ] GC(32996) Humongous region 151 (object size 1048592 @ 0x0000000089700000) remset 0 code roots 0 marked 0 reclaim candidate 0 type array 1
[367.243s][debug][gc,humongous      ] GC(32996) Humongous region 153 (object size 1048592 @ 0x0000000089900000) remset 0 code roots 0 marked 0 reclaim candidate 0 type array 1
[367.243s][debug][gc,humongous      ] GC(32996) Humongous region 2001 (object size 1048592 @ 0x00000000fd100000) remset 0 code roots 0 marked 0 reclaim candidate 0 type array 1
[367.243s][debug][gc,humongous      ] GC(32996) Humongous region 305 (object size 1048592 @ 0x0000000093100000) remset 0 code roots 0 marked 0 reclaim candidate 0 type array 1
[367.243s][debug][gc,humongous      ] GC(32996) Humongous region 2021 (object size 1048592 @ 0x00000000fe500000) remset 0 code roots 0 marked 0 reclaim candidate 0 type array 1
[367.243s][debug][gc,humongous      ] GC(32996) Humongous region 419 (object size 1048592 @ 0x000000009a300000) remset 0 code roots 0 marked 0 reclaim candidate 0 type array 1
[367.243s][debug][gc,humongous      ] GC(32996) Humongous region 303 (object size 1048592 @ 0x0000000092f00000) remset 0 code roots 0 marked 0 reclaim candidate 0 type array 1
[367.243s][debug][gc,humongous      ] GC(32996) Humongous region 425 (object size 1048592 @ 0x000000009a900000) remset 0 code roots 0 marked 0 reclaim candidate 0 type array 1
[367.243s][debug][gc,humongous      ] GC(32996) Humongous region 427 (object size 1048592 @ 0x000000009ab00000) remset 0 code roots 0 marked 0 reclaim candidate 0 type array 1
[367.243s][debug][gc,humongous      ] GC(32996) Humongous region 429 (object size 1048592 @ 0x000000009ad00000) remset 0 code roots 0 marked 0 reclaim candidate 0 type array 1
[367.243s][debug][gc,humongous      ] GC(32996) Humongous region 582 (object size 1048592 @ 0x00000000a4600000) remset 0 code roots 0 marked 0 reclaim candidate 0 type array 1
[367.244s][debug][gc,humongous      ] GC(32996) Humongous region 433 (object size 1048592 @ 0x000000009b100000) remset 0 code roots 0 marked 0 reclaim candidate 0 type array 1
[367.244s][debug][gc,humongous      ] GC(32996) Humongous region 584 (object size 1048592 @ 0x00000000a4800000) remset 0 code roots 0 marked 0 reclaim candidate 1 type array 1
[367.244s][debug][gc,humongous      ] GC(32996) Humongous region 435 (object size 1048592 @ 0x000000009b300000) remset 0 code roots 0 marked 0 reclaim candidate 0 type array 1
[367.243s][debug][gc,humongous      ] GC(32996) Humongous region 405 (object size 1048592 @ 0x0000000099500000) remset 0 code roots 0 marked 0 reclaim candidate 0 type array 1
[367.244s][debug][gc,humongous      ] GC(32996) Humongous region 437 (object size 1048592 @ 0x000000009b500000) remset 0 code roots 0 marked 0 reclaim candidate 0 type array 1
[367.244s][debug][gc,humongous      ] GC(32996) Humongous region 441 (object size 1048592 @ 0x000000009b900000) remset 0 code roots 0 marked 0 reclaim candidate 0 type array 1
[367.244s][debug][gc,humongous      ] GC(32996) Humongous region 443 (object size 1048592 @ 0x000000009bb00000) remset 0 code roots 0 marked 0 reclaim candidate 0 type array 1
[367.243s][debug][gc,humongous      ] GC(32996) Humongous region 409 (object size 1048592 @ 0x0000000099900000) remset 0 code roots 0 marked 0 reclaim candidate 0 type array 1
[367.244s][debug][gc,humongous      ] GC(32996) Humongous region 445 (object size 1048592 @ 0x000000009bd00000) remset 0 code roots 0 marked 0 reclaim candidate 0 type array 1
[367.244s][debug][gc,humongous      ] GC(32996) Humongous region 447 (object size 1048592 @ 0x000000009bf00000) remset 0 code roots 0 marked 0 reclaim candidate 0 type array 1
[367.244s][debug][gc,humongous      ] GC(32996) Humongous region 449 (object size 1048592 @ 0x000000009c100000) remset 0 code roots 0 marked 0 reclaim candidate 0 type array 1
[367.244s][debug][gc,humongous      ] GC(32996) Humongous region 451 (object size 1048592 @ 0x000000009c300000) remset 0 code roots 0 marked 0 reclaim candidate 0 type array 1
[367.244s][debug][gc,humongous      ] GC(32996) Humongous region 453 (object size 1048592 @ 0x000000009c500000) remset 0 code roots 0 marked 0 reclaim candidate 0 type array 1
[367.244s][debug][gc,humongous      ] GC(32996) Humongous region 455 (object size 1048592 @ 0x000000009c700000) remset 0 code roots 0 marked 0 reclaim candidate 0 type array 1
[367.244s][debug][gc,humongous      ] GC(32996) Humongous region 457 (object size 1048592 @ 0x000000009c900000) remset 0 code roots 0 marked 0 reclaim candidate 0 type array 1
[367.244s][debug][gc,humongous      ] GC(32996) Humongous region 459 (object size 1048592 @ 0x000000009cb00000) remset 0 code roots 0 marked 0 reclaim candidate 0 type array 1
[367.244s][debug][gc,humongous      ] GC(32996) Humongous region 461 (object size 1048592 @ 0x000000009cd00000) remset 0 code roots 0 marked 0 reclaim candidate 0 type array 1
[367.244s][debug][gc,humongous      ] GC(32996) Humongous region 463 (object size 1048592 @ 0x000000009cf00000) remset 0 code roots 0 marked 0 reclaim candidate 0 type array 1
[367.243s][debug][gc,humongous      ] GC(32996) Humongous region 2033 (object size 1048592 @ 0x00000000ff100000) remset 0 code roots 0 marked 0 reclaim candidate 0 type array 1
[367.244s][debug][gc,humongous      ] GC(32996) Humongous region 467 (object size 1048592 @ 0x000000009d300000) remset 0 code roots 0 marked 0 reclaim candidate 0 type array 1
[367.244s][debug][gc,humongous      ] GC(32996) Humongous region 469 (object size 1048592 @ 0x000000009d500000) remset 0 code roots 0 marked 0 reclaim candidate 0 type array 1
[367.244s][debug][gc,humongous      ] GC(32996) Humongous region 471 (object size 1048592 @ 0x000000009d700000) remset 0 code roots 0 marked 0 reclaim candidate 0 type array 1
[367.243s][debug][gc,humongous      ] GC(32996) Humongous region 413 (object size 1048592 @ 0x0000000099d00000) remset 0 code roots 0 marked 0 reclaim candidate 0 type array 1
[367.244s][debug][gc,humongous      ] GC(32996) Humongous region 590 (object size 1048592 @ 0x00000000a4e00000) remset 0 code roots 0 marked 0 reclaim candidate 0 type array 1
[367.243s][debug][gc,humongous      ] GC(32996) Humongous region 415 (object size 1048592 @ 0x0000000099f00000) remset 0 code roots 0 marked 0 reclaim candidate 0 type array 1
[367.243s][debug][gc,humongous      ] GC(32996) Humongous region 417 (object size 1048592 @ 0x000000009a100000) remset 0 code roots 0 marked 0 reclaim candidate 0 type array 1
[367.244s][debug][gc,humongous      ] GC(32996) Humongous region 596 (object size 1048592 @ 0x00000000a5400000) remset 0 code roots 0 marked 0 reclaim candidate 0 type array 1
[367.244s][debug][gc,humongous      ] GC(32996) Humongous region 598 (object size 1048592 @ 0x00000000a5600000) remset 0 code roots 0 marked 0 reclaim candidate 0 type array 1
[367.244s][debug][gc,humongous      ] GC(32996) Humongous region 439 (object size 1048592 @ 0x000000009b700000) remset 0 code roots 0 marked 0 reclaim candidate 0 type array 1
[367.244s][debug][gc,humongous      ] GC(32996) Humongous region 602 (object size 1048592 @ 0x00000000a5a00000) remset 0 code roots 0 marked 0 reclaim candidate 0 type array 1
[367.243s][debug][gc,humongous      ] GC(32996) Humongous region 423 (object size 1048592 @ 0x000000009a700000) remset 0 code roots 0 marked 0 reclaim candidate 0 type array 1
[367.243s][debug][gc,humongous      ] GC(32996) Humongous region 431 (object size 1048592 @ 0x000000009af00000) remset 0 code roots 0 marked 0 reclaim candidate 0 type array 1
[367.244s][debug][gc,humongous      ] GC(32996) Humongous region 608 (object size 1048592 @ 0x00000000a6000000) remset 0 code roots 0 marked 0 reclaim candidate 0 type array 1
[367.244s][debug][gc,humongous      ] GC(32996) Humongous region 610 (object size 1048592 @ 0x00000000a6200000) remset 0 code roots 0 marked 0 reclaim candidate 0 type array 1
[367.244s][debug][gc,humongous      ] GC(32996) Humongous region 592 (object size 1048592 @ 0x00000000a5000000) remset 0 code roots 0 marked 0 reclaim candidate 0 type array 1
[367.244s][debug][gc,humongous      ] GC(32996) Humongous region 594 (object size 1048592 @ 0x00000000a5200000) remset 0 code roots 0 marked 0 reclaim candidate 0 type array 1
[367.244s][debug][gc,humongous      ] GC(32996) Humongous region 616 (object size 1048592 @ 0x00000000a6800000) remset 0 code roots 0 marked 0 reclaim candidate 0 type array 1
[367.243s][debug][gc,humongous      ] GC(32996) Humongous region 2023 (object size 1048592 @ 0x00000000fe700000) remset 0 code roots 0 marked 0 reclaim candidate 0 type array 1
[367.243s][debug][gc,humongous      ] GC(32996) Humongous region 421 (object size 1048592 @ 0x000000009a500000) remset 0 code roots 0 marked 0 reclaim candidate 0 type array 1
[367.244s][debug][gc,humongous      ] GC(32996) Humongous region 622 (object size 1048592 @ 0x00000000a6e00000) remset 0 code roots 0 marked 0 reclaim candidate 0 type array 1
[367.244s][debug][gc,humongous      ] GC(32996) Humongous region 624 (object size 1048592 @ 0x00000000a7000000) remset 0 code roots 0 marked 0 reclaim candidate 0 type array 1
[367.244s][debug][gc,humongous      ] GC(32996) Humongous region 626 (object size 1048592 @ 0x00000000a7200000) remset 0 code roots 0 marked 0 reclaim candidate 0 type array 1
[367.244s][debug][gc,humongous      ] GC(32996) Humongous region 606 (object size 1048592 @ 0x00000000a5e00000) remset 0 code roots 0 marked 0 reclaim candidate 0 type array 1
[367.243s][debug][gc,humongous      ] GC(32996) Humongous region 411 (object size 1048592 @ 0x0000000099b00000) remset 0 code roots 0 marked 0 reclaim candidate 0 type array 1
[367.244s][debug][gc,humongous      ] GC(32996) Humongous region 612 (object size 1048592 @ 0x00000000a6400000) remset 0 code roots 0 marked 0 reclaim candidate 0 type array 1
[367.244s][debug][gc,humongous      ] GC(32996) Humongous region 586 (object size 1048592 @ 0x00000000a4a00000) remset 0 code roots 0 marked 0 reclaim candidate 0 type array 1
[367.244s][debug][gc,humongous      ] GC(32996) Humongous region 614 (object size 1048592 @ 0x00000000a6600000) remset 0 code roots 0 marked 0 reclaim candidate 0 type array 1
[367.244s][debug][gc,humongous      ] GC(32996) Humongous region 618 (object size 1048592 @ 0x00000000a6a00000) remset 0 code roots 0 marked 0 reclaim candidate 0 type array 1
[367.244s][debug][gc,humongous      ] GC(32996) Humongous region 620 (object size 1048592 @ 0x00000000a6c00000) remset 0 code roots 0 marked 0 reclaim candidate 0 type array 1
[367.244s][debug][gc,humongous      ] GC(32996) Humongous region 600 (object size 1048592 @ 0x00000000a5800000) remset 0 code roots 0 marked 0 reclaim candidate 0 type array 1
[367.244s][debug][gc,humongous      ] GC(32996) Humongous region 465 (object size 1048592 @ 0x000000009d100000) remset 0 code roots 0 marked 0 reclaim candidate 0 type array 1
[367.244s][debug][gc,humongous      ] GC(32996) Humongous region 628 (object size 1048592 @ 0x00000000a7400000) remset 0 code roots 0 marked 0 reclaim candidate 0 type array 1
[367.244s][debug][gc,humongous      ] GC(32996) Humongous region 588 (object size 1048592 @ 0x00000000a4c00000) remset 0 code roots 0 marked 0 reclaim candidate 0 type array 1
[367.244s][debug][gc,humongous      ] GC(32996) Humongous region 604 (object size 1048592 @ 0x00000000a5c00000) remset 0 code roots 0 marked 0 reclaim candidate 0 type array 1
[367.244s][debug][gc,ergo           ] GC(32996) Running G1 Merge Heap Roots using 13 workers for 1 regions
[367.245s][debug][gc,remset         ] GC(32996) Visited cards 64 Total dirty 2048 (3.12%) Total old 4073472 (0.00%)
[367.245s][debug][gc,ref            ] GC(32996) Skipped phase 1 of Reference Processing: no references
[367.245s][debug][gc,ref            ] GC(32996) Skipped phase 2 of Reference Processing: no references
[367.245s][debug][gc,ref            ] GC(32996) Skipped phase 3 of Reference Processing: no references
[367.245s][debug][gc,ref            ] GC(32996) Skipped phase 4 of Reference Processing: no references
[367.245s][debug][gc,ergo           ] GC(32996) Running G1 Rebuild Free List Task using 13 workers for rebuilding free list of regions
[367.246s][debug][gc,plab           ] GC(32996) Young PLAB allocation: allocated: 0B, wasted: 0B, unused: 0B, used: 0B, undo waste: 0B, 
[367.246s][debug][gc,plab           ] GC(32996) Young other allocation: region end waste: 0B, regions filled: 0, direct allocated: 0B, failure used: 0B, failure wasted: 0B
[367.246s][debug][gc,plab           ] GC(32996) Young sizing: calculated: 0B, actual: 2064B
[367.246s][debug][gc,plab           ] GC(32996) Old PLAB allocation: allocated: 0B, wasted: 0B, unused: 0B, used: 0B, undo waste: 0B, 
[367.246s][debug][gc,plab           ] GC(32996) Old other allocation: region end waste: 0B, regions filled: 0, direct allocated: 0B, failure used: 0B, failure wasted: 0B
[367.246s][debug][gc,plab           ] GC(32996) Old sizing: calculated: 0B, actual: 2064B
[367.246s][debug][gc,ergo,heap      ] GC(32996) Heap expansion: short term pause time ratio 96.71% long term pause time ratio 82.04% threshold 7.69% pause time ratio 7.69% fully expanded true resize by 0B
[367.246s][debug][gc,ergo,ihop      ] GC(32996) Request concurrent cycle initiation (occupancy higher than threshold) occupancy: 2083520512B allocation request: 0B threshold: 1697325950B (79.04) source: Revise IHOP
[367.246s][debug][gc,mmu            ] GC(32996) MMU: 135.6ms (200.0ms/201.0ms)
[367.246s][debug][gc,alloc,stats    ] Old generation allocation in the last mutator period, old gen allocated: 0B, humongous allocated: 18874368B,old gen growth: 18874368B.
[367.246s][debug][gc,ihop           ] GC(32996) Basic information (value update), threshold: 1679864846B (78.22), target occupancy: 2147483648B, current occupancy: 2081478352B, recent allocation size: 18874368B, recent allocation duration: 1.47ms, recent old gen allocation rate: 12873606619.81B/s, recent marking phase length: 13.50ms
[367.246s][debug][gc,ihop           ] GC(32996) Adaptive IHOP information (value update), threshold: 1679864846B (92.03), internal target occupancy: 1825361100B, occupancy: 2081478352B, additional buffer size: 106954752B, predicted old gen allocation rate: 2875660909.05B/s, predicted marking phase length: 13.40ms, prediction active: true
[367.246s][debug][gc,ergo,refine    ] GC(32996) Concurrent refinement times: Logged Cards Scan time goal: 20.00ms Logged Cards Scan time: 0.00ms HCC time: 0.00ms
[367.246s][debug][gc,ergo,refine    ] GC(32996) Updated Refinement Zones: green: 3328, yellow: 9984, red: 16640
[367.246s][info ][gc,phases         ] GC(32996)   Pre Evacuate Collection Set: 12.7ms
[367.246s][debug][gc,phases         ] GC(32996)     Prepare TLABs: 0.0ms
[367.246s][debug][gc,phases         ] GC(32996)     Concatenate Dirty Card Logs: 0.0ms
[367.246s][debug][gc,phases         ] GC(32996)     Choose Collection Set: 0.0ms
[367.246s][debug][gc,phases         ] GC(32996)     Region Register: 12.7ms
[367.246s][debug][gc,phases         ] GC(32996)     Prepare Heap Roots: 0.0ms
[367.246s][debug][gc,phases         ] GC(32996)     Clear Claimed Marks: 0.0ms
[367.246s][info ][gc,phases         ] GC(32996)   Merge Heap Roots: 0.3ms
[367.246s][debug][gc,phases         ] GC(32996)     Prepare Merge Heap Roots: 0.0ms
[367.246s][debug][gc,phases         ] GC(32996)     Eager Reclaim (ms):            Min:  0.0, Avg:  0.0, Max:  0.0, Diff:  0.0, Sum:  0.0, Workers: 1
[367.246s][debug][gc,phases         ] GC(32996)     Remembered Sets (ms):          Min:  0.0, Avg:  0.0, Max:  0.0, Diff:  0.0, Sum:  0.0, Workers: 13
[367.246s][debug][gc,phases         ] GC(32996)       Merged Sparse:                 Min: 0, Avg:  0.0, Max: 0, Diff: 0, Sum: 0, Workers: 13
[367.246s][debug][gc,phases         ] GC(32996)       Merged Fine:                   Min: 0, Avg:  0.0, Max: 0, Diff: 0, Sum: 0, Workers: 13
[367.246s][debug][gc,phases         ] GC(32996)       Merged Coarse:                 Min: 0, Avg:  0.0, Max: 0, Diff: 0, Sum: 0, Workers: 13
[367.246s][debug][gc,phases         ] GC(32996)       Dirty Cards:                   Min: 0, Avg:  0.0, Max: 0, Diff: 0, Sum: 0, Workers: 13
[367.246s][debug][gc,phases         ] GC(32996)     Hot Card Cache (ms):           Min:  0.0, Avg:  0.0, Max:  0.0, Diff:  0.0, Sum:  0.0, Workers: 13
[367.246s][debug][gc,phases         ] GC(32996)       Dirty Cards:                   Min: 0, Avg:  0.0, Max: 0, Diff: 0, Sum: 0, Workers: 13
[367.246s][debug][gc,phases         ] GC(32996)       Skipped Cards:                 Min: 0, Avg:  0.0, Max: 0, Diff: 0, Sum: 0, Workers: 13
[367.246s][debug][gc,phases         ] GC(32996)     Log Buffers (ms):              Min:  0.0, Avg:  0.0, Max:  0.0, Diff:  0.0, Sum:  0.0, Workers: 13
[367.246s][debug][gc,phases         ] GC(32996)       Dirty Cards:                   Min: 0, Avg:  0.0, Max: 0, Diff: 0, Sum: 0, Workers: 13
[367.246s][debug][gc,phases         ] GC(32996)       Skipped Cards:                 Min: 0, Avg:  0.0, Max: 0, Diff: 0, Sum: 0, Workers: 13
[367.246s][info ][gc,phases         ] GC(32996)   Evacuate Collection Set: 0.4ms
[367.246s][debug][gc,phases         ] GC(32996)     Ext Root Scanning (ms):        Min:  0.0, Avg:  0.0, Max:  0.1, Diff:  0.1, Sum:  0.2, Workers: 13
[367.246s][debug][gc,phases         ] GC(32996)     Scan Heap Roots (ms):          Min:  0.0, Avg:  0.0, Max:  0.0, Diff:  0.0, Sum:  0.0, Workers: 13
[367.246s][debug][gc,phases         ] GC(32996)       Scanned Cards:                 Min: 0, Avg:  0.6, Max: 5, Diff: 5, Sum: 8, Workers: 13
[367.246s][debug][gc,phases         ] GC(32996)       Scanned Blocks:                Min: 0, Avg:  0.2, Max: 1, Diff: 1, Sum: 2, Workers: 13
[367.246s][debug][gc,phases         ] GC(32996)       Claimed Chunks:                Min: 0, Avg:  0.2, Max: 1, Diff: 1, Sum: 2, Workers: 13
[367.246s][debug][gc,phases         ] GC(32996)     Code Root Scan (ms):           Min:  0.0, Avg:  0.0, Max:  0.0, Diff:  0.0, Sum:  0.0, Workers: 13
[367.246s][debug][gc,phases         ] GC(32996)     Object Copy (ms):              Min:  0.0, Avg:  0.0, Max:  0.0, Diff:  0.0, Sum:  0.0, Workers: 13
[367.246s][debug][gc,phases         ] GC(32996)     Termination (ms):              Min:  0.1, Avg:  0.2, Max:  0.3, Diff:  0.1, Sum:  3.2, Workers: 13
[367.246s][debug][gc,phases         ] GC(32996)       Termination Attempts:          Min: 1, Avg:  1.0, Max: 1, Diff: 0, Sum: 13, Workers: 13
[367.246s][debug][gc,phases         ] GC(32996)     GC Worker Other (ms):          Min:  0.0, Avg:  0.0, Max:  0.0, Diff:  0.0, Sum:  0.1, Workers: 13
[367.246s][debug][gc,phases         ] GC(32996)     GC Worker Total (ms):          Min:  0.2, Avg:  0.3, Max:  0.4, Diff:  0.2, Sum:  3.5, Workers: 13
[367.246s][info ][gc,phases         ] GC(32996)   Post Evacuate Collection Set: 0.5ms
[367.246s][debug][gc,phases         ] GC(32996)     Code Roots Fixup: 0.0ms
[367.246s][debug][gc,phases         ] GC(32996)     Reference Processing: 0.0ms
[367.246s][debug][gc,phases,ref     ] GC(32996)       Reconsider SoftReferences: 0.0ms
[367.246s][debug][gc,phases,ref     ] GC(32996)         SoftRef (ms):                  skipped
[367.246s][debug][gc,phases,ref     ] GC(32996)       Notify Soft/WeakReferences: 0.0ms
[367.246s][debug][gc,phases,ref     ] GC(32996)         SoftRef (ms):                  skipped
[367.246s][debug][gc,phases,ref     ] GC(32996)         WeakRef (ms):                  skipped
[367.246s][debug][gc,phases,ref     ] GC(32996)         FinalRef (ms):                 skipped
[367.246s][debug][gc,phases,ref     ] GC(32996)         Total (ms):                    skipped
[367.246s][debug][gc,phases,ref     ] GC(32996)       Notify and keep alive finalizable: 0.0ms
[367.246s][debug][gc,phases,ref     ] GC(32996)         FinalRef (ms):                 skipped
[367.246s][debug][gc,phases,ref     ] GC(32996)       Notify PhantomReferences: 0.0ms
[367.246s][debug][gc,phases,ref     ] GC(32996)         PhantomRef (ms):               skipped
[367.246s][debug][gc,phases,ref     ] GC(32996)       SoftReference:
[367.246s][debug][gc,phases,ref     ] GC(32996)         Discovered: 0
[367.246s][debug][gc,phases,ref     ] GC(32996)         Cleared: 0
[367.246s][debug][gc,phases,ref     ] GC(32996)       WeakReference:
[367.246s][debug][gc,phases,ref     ] GC(32996)         Discovered: 0
[367.246s][debug][gc,phases,ref     ] GC(32996)         Cleared: 0
[367.246s][debug][gc,phases,ref     ] GC(32996)       FinalReference:
[367.246s][debug][gc,phases,ref     ] GC(32996)         Discovered: 0
[367.246s][debug][gc,phases,ref     ] GC(32996)         Cleared: 0
[367.246s][debug][gc,phases,ref     ] GC(32996)       PhantomReference:
[367.246s][debug][gc,phases,ref     ] GC(32996)         Discovered: 0
[367.246s][debug][gc,phases,ref     ] GC(32996)         Cleared: 0
[367.246s][debug][gc,phases         ] GC(32996)     Weak Processing: 0.0ms
[367.246s][debug][gc,phases         ] GC(32996)       VM Weak                        Min:  0.0, Avg:  0.0, Max:  0.0, Diff:  0.0, Sum:  0.0, Workers: 1
[367.246s][debug][gc,phases         ] GC(32996)         Dead                           Min: 0, Avg:  0.0, Max: 0, Diff: 0, Sum: 0, Workers: 1
[367.246s][debug][gc,phases         ] GC(32996)         Total                          Min: 4, Avg:  4.0, Max: 4, Diff: 0, Sum: 4, Workers: 1
[367.246s][debug][gc,phases         ] GC(32996)       ObjectSynchronizer Weak        Min:  0.0, Avg:  0.0, Max:  0.0, Diff:  0.0, Sum:  0.0, Workers: 1
[367.246s][debug][gc,phases         ] GC(32996)         Dead                           Min: 0, Avg:  0.0, Max: 0, Diff: 0, Sum: 0, Workers: 1
[367.246s][debug][gc,phases         ] GC(32996)         Total                          Min: 3, Avg:  3.0, Max: 3, Diff: 0, Sum: 3, Workers: 1
[367.246s][debug][gc,phases         ] GC(32996)       JVMTI Tag Weak OopStorage      Min:  0.0, Avg:  0.0, Max:  0.0, Diff:  0.0, Sum:  0.0, Workers: 1
[367.246s][debug][gc,phases         ] GC(32996)         Dead                           Min: 0, Avg:  0.0, Max: 0, Diff: 0, Sum: 0, Workers: 1
[367.246s][debug][gc,phases         ] GC(32996)         Total                          Min: 0, Avg:  0.0, Max: 0, Diff: 0, Sum: 0, Workers: 1
[367.246s][debug][gc,phases         ] GC(32996)       StringTable Weak               Min:  0.0, Avg:  0.0, Max:  0.0, Diff:  0.0, Sum:  0.0, Workers: 1
[367.246s][debug][gc,phases         ] GC(32996)         Dead                           Min: 0, Avg:  0.0, Max: 0, Diff: 0, Sum: 0, Workers: 1
[367.246s][debug][gc,phases         ] GC(32996)         Total                          Min: 45, Avg: 45.0, Max: 45, Diff: 0, Sum: 45, Workers: 1
[367.246s][debug][gc,phases         ] GC(32996)       ResolvedMethodTable Weak       Min:  0.0, Avg:  0.0, Max:  0.0, Diff:  0.0, Sum:  0.0, Workers: 1
[367.246s][debug][gc,phases         ] GC(32996)         Dead                           Min: 0, Avg:  0.0, Max: 0, Diff: 0, Sum: 0, Workers: 1
[367.246s][debug][gc,phases         ] GC(32996)         Total                          Min: 22, Avg: 22.0, Max: 22, Diff: 0, Sum: 22, Workers: 1
[367.246s][debug][gc,phases         ] GC(32996)       JNI Weak                       Min:  0.0, Avg:  0.0, Max:  0.0, Diff:  0.0, Sum:  0.0, Workers: 1
[367.246s][debug][gc,phases         ] GC(32996)         Dead                           Min: 0, Avg:  0.0, Max: 0, Diff: 0, Sum: 0, Workers: 1
[367.246s][debug][gc,phases         ] GC(32996)         Total                          Min: 0, Avg:  0.0, Max: 0, Diff: 0, Sum: 0, Workers: 1
[367.246s][debug][gc,phases         ] GC(32996)       StringDedup Table Weak         Min:  0.0, Avg:  0.0, Max:  0.0, Diff:  0.0, Sum:  0.0, Workers: 1
[367.246s][debug][gc,phases         ] GC(32996)         Dead                           Min: 0, Avg:  0.0, Max: 0, Diff: 0, Sum: 0, Workers: 1
[367.246s][debug][gc,phases         ] GC(32996)         Total                          Min: 0, Avg:  0.0, Max: 0, Diff: 0, Sum: 0, Workers: 1
[367.246s][debug][gc,phases         ] GC(32996)       StringDedup Requests0 Weak     Min:  0.0, Avg:  0.0, Max:  0.0, Diff:  0.0, Sum:  0.0, Workers: 1
[367.246s][debug][gc,phases         ] GC(32996)         Dead                           Min: 0, Avg:  0.0, Max: 0, Diff: 0, Sum: 0, Workers: 1
[367.246s][debug][gc,phases         ] GC(32996)         Total                          Min: 0, Avg:  0.0, Max: 0, Diff: 0, Sum: 0, Workers: 1
[367.246s][debug][gc,phases         ] GC(32996)       StringDedup Requests1 Weak     Min:  0.0, Avg:  0.0, Max:  0.0, Diff:  0.0, Sum:  0.0, Workers: 1
[367.246s][debug][gc,phases         ] GC(32996)         Dead                           Min: 0, Avg:  0.0, Max: 0, Diff: 0, Sum: 0, Workers: 1
[367.246s][debug][gc,phases         ] GC(32996)         Total                          Min: 0, Avg:  0.0, Max: 0, Diff: 0, Sum: 0, Workers: 1
[367.246s][debug][gc,phases         ] GC(32996)       Weak JFR Old Object Samples    Min:  0.0, Avg:  0.0, Max:  0.0, Diff:  0.0, Sum:  0.0, Workers: 1
[367.246s][debug][gc,phases         ] GC(32996)         Dead                           Min: 0, Avg:  0.0, Max: 0, Diff: 0, Sum: 0, Workers: 1
[367.246s][debug][gc,phases         ] GC(32996)         Total                          Min: 0, Avg:  0.0, Max: 0, Diff: 0, Sum: 0, Workers: 1
[367.246s][debug][gc,phases         ] GC(32996)     Post Evacuate Cleanup 1: 0.1ms
[367.246s][debug][gc,phases         ] GC(32996)       Merge Per-Thread State (ms):   Min:  0.0, Avg:  0.0, Max:  0.0, Diff:  0.0, Sum:  0.0, Workers: 1
[367.246s][debug][gc,phases         ] GC(32996)         Copied Bytes                   Min: 0, Avg:  0.0, Max: 0, Diff: 0, Sum: 0, Workers: 13
[367.246s][debug][gc,phases         ] GC(32996)         LAB Waste                      Min: 0, Avg:  0.0, Max: 0, Diff: 0, Sum: 0, Workers: 13
[367.246s][debug][gc,phases         ] GC(32996)         LAB Undo Waste                 Min: 0, Avg:  0.0, Max: 0, Diff: 0, Sum: 0, Workers: 13
[367.246s][debug][gc,phases         ] GC(32996)       Clear Logged Cards (ms):       Min:  0.0, Avg:  0.0, Max:  0.0, Diff:  0.0, Sum:  0.0, Workers: 3
[367.246s][debug][gc,phases         ] GC(32996)       Recalculate Used Memory (ms):  Min:  0.0, Avg:  0.0, Max:  0.0, Diff:  0.0, Sum:  0.0, Workers: 1
[367.246s][debug][gc,phases         ] GC(32996)     Post Evacuate Cleanup 2: 0.2ms
[367.246s][debug][gc,phases         ] GC(32996)       Reset Hot Card Cache (ms):     Min:  0.0, Avg:  0.0, Max:  0.0, Diff:  0.0, Sum:  0.0, Workers: 1
[367.246s][debug][gc,phases         ] GC(32996)       Purge Code Roots (ms):         Min:  0.0, Avg:  0.0, Max:  0.0, Diff:  0.0, Sum:  0.0, Workers: 1
[367.246s][debug][gc,phases         ] GC(32996)       Update Derived Pointers (ms):  Min:  0.0, Avg:  0.0, Max:  0.0, Diff:  0.0, Sum:  0.0, Workers: 1
[367.246s][debug][gc,phases         ] GC(32996)       Eagerly Reclaim Humongous Objects (ms): Min:  0.0, Avg:  0.0, Max:  0.0, Diff:  0.0, Sum:  0.0, Workers: 1
[367.246s][debug][gc,phases         ] GC(32996)         Humongous Total                Min: 992, Avg: 992.0, Max: 992, Diff: 0, Sum: 992, Workers: 1
[367.246s][debug][gc,phases         ] GC(32996)         Humongous Candidates           Min: 9, Avg:  9.0, Max: 9, Diff: 0, Sum: 9, Workers: 1
[367.246s][debug][gc,phases         ] GC(32996)         Humongous Reclaimed            Min: 0, Avg:  0.0, Max: 0, Diff: 0, Sum: 0, Workers: 1
[367.246s][debug][gc,phases         ] GC(32996)       Redirty Logged Cards (ms):     Min:  0.0, Avg:  0.0, Max:  0.0, Diff:  0.0, Sum:  0.0, Workers: 13
[367.246s][debug][gc,phases         ] GC(32996)         Redirtied Cards:               Min: 0, Avg:  0.1, Max: 1, Diff: 1, Sum: 1, Workers: 13
[367.246s][debug][gc,phases         ] GC(32996)       Free Collection Set (ms):      Min:  0.0, Avg:  0.0, Max:  0.0, Diff:  0.0, Sum:  0.0, Workers: 13
[367.246s][debug][gc,phases         ] GC(32996)     Rebuild Free List: 0.1ms
[367.246s][debug][gc,phases         ] GC(32996)     Start New Collection Set: 0.0ms
[367.246s][debug][gc,phases         ] GC(32996)     Resize TLABs: 0.0ms
[367.246s][debug][gc,phases         ] GC(32996)     Expand Heap After Collection: 0.0ms
[367.246s][info ][gc,phases         ] GC(32996)   Other: 0.2ms
[367.246s][info ][gc,heap           ] GC(32996) Eden regions: 1->0(102)
[367.246s][info ][gc,heap           ] GC(32996) Survivor regions: 0->0(13)
[367.246s][info ][gc,heap           ] GC(32996) Old regions: 1->1
[367.246s][info ][gc,heap           ] GC(32996) Archive regions: 2->2
[367.246s][info ][gc,heap           ] GC(32996) Humongous regions: 1984->1984
[367.246s][info ][gc,metaspace      ] GC(32996) Metaspace: 198K(384K)->198K(384K) NonClass: 192K(256K)->192K(256K) Class: 5K(128K)->5K(128K)
[367.246s][debug][gc,heap           ] GC(32996) Heap after GC invocations=31576 (full 10209):
[367.246s][debug][gc,heap           ] GC(32996)  garbage-first heap   total 2097152K, used 2032693K [0x0000000080000000, 0x0000000100000000)
[367.246s][debug][gc,heap           ] GC(32996)   region size 1024K, 0 young (0K), 0 survivors (0K)
[367.246s][debug][gc,heap           ] GC(32996)  Metaspace       used 198K, committed 384K, reserved 1114112K
[367.246s][debug][gc,heap           ] GC(32996)   class space    used 5K, committed 128K, reserved 1048576K
[367.246s][info ][gc                ] GC(32996) Pause Young (Concurrent Start) (G1 Humongous Allocation) 1985M->1985M(2048M) 14.691ms
[367.246s][info ][gc,cpu            ] GC(32996) User=0.01s Sys=0.03s Real=0.02s
[367.246s][info ][gc                ] GC(32997) Concurrent Mark Cycle
[367.246s][info ][gc,marking        ] GC(32997) Concurrent Clear Claimed Marks
[367.246s][info ][gc,marking        ] GC(32997) Concurrent Clear Claimed Marks 0.006ms
[367.246s][info ][gc,marking        ] GC(32997) Concurrent Scan Root Regions
[367.246s][info ][gc,marking        ] GC(32997) Concurrent Scan Root Regions 0.004ms
[367.246s][info ][gc,marking        ] GC(32997) Concurrent Mark
[367.246s][info ][gc,marking        ] GC(32997) Concurrent Mark From Roots
[367.246s][info ][gc,task           ] GC(32997) Using 3 workers of 3 for marking
[367.249s][debug][gc,heap           ] GC(32998) Heap before GC invocations=31576 (full 10209):
[367.249s][debug][gc,heap           ] GC(32998)  garbage-first heap   total 2097152K, used 2079797K [0x0000000080000000, 0x0000000100000000)
[367.249s][debug][gc,heap           ] GC(32998)   region size 1024K, 0 young (0K), 0 survivors (0K)
[367.249s][debug][gc,heap           ] GC(32998)  Metaspace       used 198K, committed 384K, reserved 1114112K
[367.249s][debug][gc,heap           ] GC(32998)   class space    used 5K, committed 128K, reserved 1048576K
[367.249s][info ][gc,start          ] GC(32998) Pause Young (Normal) (G1 Humongous Allocation)
[367.249s][info ][gc,task           ] GC(32998) Using 13 workers of 13 for evacuation
[367.249s][debug][gc,age            ] GC(32998) Desired survivor size 6815744 bytes, new threshold 15 (max threshold 15)
[367.249s][debug][gc,refine,stats   ] GC(32998) Mutator refinement: 0.00ms, refined: 0, precleaned: 0, dirtied: 17
[367.249s][debug][gc,refine,stats   ] GC(32998) Concurrent refinement: 0.00ms, refined: 0, precleaned: 0, dirtied: 0
[367.249s][debug][gc,refine,stats   ] GC(32998) Total refinement: 0.00ms, refined: 0, precleaned: 0, dirtied: 17
[367.249s][debug][gc,refine,stats   ] GC(32998) Generate dirty cards rate: 4.59 cards/ms
[367.249s][debug][gc,alloc,region   ] GC(32998) Mutator Allocation stats, regions: 0, wasted size: 0B ( 0.0%)
[367.249s][debug][gc,humongous      ] GC(32998) Humongous region 0 (object size 1048592 @ 0x0000000080000000) remset 0 code roots 0 marked 1 reclaim candidate 0 type array 1
[367.249s][debug][gc,humongous      ] GC(32998) Humongous region 3 (object size 1048592 @ 0x0000000080300000) remset 0 code roots 0 marked 1 reclaim candidate 0 type array 1
[367.249s][debug][gc,humongous      ] GC(32998) Humongous region 157 (object size 1048592 @ 0x0000000089d00000) remset 0 code roots 0 marked 1 reclaim candidate 0 type array 1
[367.249s][debug][gc,humongous      ] GC(32998) Humongous region 159 (object size 1048592 @ 0x0000000089f00000) remset 0 code roots 0 marked 1 reclaim candidate 0 type array 1
[367.249s][debug][gc,humongous      ] GC(32998) Humongous region 630 (object size 1048592 @ 0x00000000a7600000) remset 0 code roots 0 marked 1 reclaim candidate 0 type array 1
[367.249s][debug][gc,humongous      ] GC(32998) Humongous region 632 (object size 1048592 @ 0x00000000a7800000) remset 0 code roots 0 marked 1 reclaim candidate 0 type array 1
[367.249s][debug][gc,humongous      ] GC(32998) Humongous region 473 (object size 1048592 @ 0x000000009d900000) remset 0 code roots 0 marked 1 reclaim candidate 0 type array 1
[367.249s][debug][gc,humongous      ] GC(32998) Humongous region 945 (object size 1048592 @ 0x00000000bb100000) remset 0 code roots 0 marked 1 reclaim candidate 0 type array 1
[367.249s][debug][gc,humongous      ] GC(32998) Humongous region 1103 (object size 1048592 @ 0x00000000c4f00000) remset 0 code roots 0 marked 1 reclaim candidate 0 type array 1
[367.250s][debug][gc,humongous      ] GC(32998) Humongous region 1105 (object size 1048592 @ 0x00000000c5100000) remset 0 code roots 0 marked 1 reclaim candidate 0 type array 1
[367.249s][debug][gc,humongous      ] GC(32998) Humongous region 5 (object size 1048592 @ 0x0000000080500000) remset 0 code roots 0 marked 1 reclaim candidate 0 type array 1
[367.250s][debug][gc,humongous      ] GC(32998) Humongous region 1107 (object size 1048592 @ 0x00000000c5300000) remset 0 code roots 0 marked 1 reclaim candidate 0 type array 1
[367.249s][debug][gc,humongous      ] GC(32998) Humongous region 634 (object size 1048592 @ 0x00000000a7a00000) remset 0 code roots 0 marked 1 reclaim candidate 0 type array 1
[367.250s][debug][gc,humongous      ] GC(32998) Humongous region 1890 (object size 1048592 @ 0x00000000f6200000) remset 0 code roots 0 marked 1 reclaim candidate 0 type array 1
[367.249s][debug][gc,humongous      ] GC(32998) Humongous region 788 (object size 1048592 @ 0x00000000b1400000) remset 0 code roots 0 marked 1 reclaim candidate 0 type array 1
[367.250s][debug][gc,humongous      ] GC(32998) Humongous region 1892 (object size 1048592 @ 0x00000000f6400000) remset 0 code roots 0 marked 1 reclaim candidate 0 type array 1
[367.250s][debug][gc,humongous      ] GC(32998) Humongous region 1417 (object size 1048592 @ 0x00000000d8900000) remset 0 code roots 0 marked 1 reclaim candidate 0 type array 1
[367.250s][debug][gc,humongous      ] GC(32998) Humongous region 1260 (object size 1048592 @ 0x00000000cec00000) remset 0 code roots 0 marked 1 reclaim candidate 0 type array 1
[367.249s][debug][gc,humongous      ] GC(32998) Humongous region 161 (object size 1048592 @ 0x000000008a100000) remset 0 code roots 0 marked 1 reclaim candidate 0 type array 1
[367.250s][debug][gc,humongous      ] GC(32998) Humongous region 1262 (object size 1048592 @ 0x00000000cee00000) remset 0 code roots 0 marked 1 reclaim candidate 0 type array 1
[367.250s][debug][gc,humongous      ] GC(32998) Humongous region 7 (object size 1048592 @ 0x0000000080700000) remset 0 code roots 0 marked 1 reclaim candidate 0 type array 1
[367.250s][debug][gc,humongous      ] GC(32998) Humongous region 1264 (object size 1048592 @ 0x00000000cf000000) remset 0 code roots 0 marked 1 reclaim candidate 0 type array 1
[367.250s][debug][gc,humongous      ] GC(32998) Humongous region 1732 (object size 1048592 @ 0x00000000ec400000) remset 0 code roots 0 marked 1 reclaim candidate 0 type array 1
[367.250s][debug][gc,humongous      ] GC(32998) Humongous region 1109 (object size 1048592 @ 0x00000000c5500000) remset 0 code roots 0 marked 1 reclaim candidate 0 type array 1
[367.250s][debug][gc,humongous      ] GC(32998) Humongous region 1734 (object size 1048592 @ 0x00000000ec600000) remset 0 code roots 0 marked 1 reclaim candidate 0 type array 1
[367.249s][debug][gc,humongous      ] GC(32998) Humongous region 947 (object size 1048592 @ 0x00000000bb300000) remset 0 code roots 0 marked 1 reclaim candidate 0 type array 1
[367.250s][debug][gc,humongous      ] GC(32998) Humongous region 636 (object size 1048592 @ 0x00000000a7c00000) remset 0 code roots 0 marked 1 reclaim candidate 0 type array 1
[367.250s][debug][gc,humongous      ] GC(32998) Humongous region 949 (object size 1048592 @ 0x00000000bb500000) remset 0 code roots 0 marked 1 reclaim candidate 0 type array 1
[367.250s][debug][gc,humongous      ] GC(32998) Humongous region 638 (object size 1048592 @ 0x00000000a7e00000) remset 0 code roots 0 marked 1 reclaim candidate 0 type array 1
[367.250s][debug][gc,humongous      ] GC(32998) Humongous region 951 (object size 1048592 @ 0x00000000bb700000) remset 0 code roots 0 marked 1 reclaim candidate 0 type array 1
[367.250s][debug][gc,humongous      ] GC(32998) Humongous region 1419 (object size 1048592 @ 0x00000000d8b00000) remset 0 code roots 0 marked 1 reclaim candidate 0 type array 1
[367.250s][debug][gc,humongous      ] GC(32998) Humongous region 163 (object size 1048592 @ 0x000000008a300000) remset 0 code roots 0 marked 1 reclaim candidate 0 type array 1
[367.249s][debug][gc,humongous      ] GC(32998) Humongous region 475 (object size 1048592 @ 0x000000009db00000) remset 0 code roots 0 marked 1 reclaim candidate 0 type array 1
[367.250s][debug][gc,humongous      ] GC(32998) Humongous region 165 (object size 1048592 @ 0x000000008a500000) remset 0 code roots 0 marked 1 reclaim candidate 0 type array 1
[367.250s][debug][gc,humongous      ] GC(32998) Humongous region 9 (object size 1048592 @ 0x0000000080900000) remset 0 code roots 0 marked 1 reclaim candidate 0 type array 1
[367.250s][debug][gc,humongous      ] GC(32998) Humongous region 11 (object size 1048592 @ 0x0000000080b00000) remset 0 code roots 0 marked 0 reclaim candidate 0 type array 1
[367.250s][debug][gc,humongous      ] GC(32998) Humongous region 13 (object size 1048592 @ 0x0000000080d00000) remset 0 code roots 0 marked 1 reclaim candidate 0 type array 1
[367.250s][debug][gc,humongous      ] GC(32998) Humongous region 1736 (object size 1048592 @ 0x00000000ec800000) remset 0 code roots 0 marked 1 reclaim candidate 0 type array 1
[367.250s][debug][gc,humongous      ] GC(32998) Humongous region 15 (object size 1048592 @ 0x0000000080f00000) remset 0 code roots 0 marked 1 reclaim candidate 0 type array 1
[367.250s][debug][gc,humongous      ] GC(32998) Humongous region 1738 (object size 1048592 @ 0x00000000eca00000) remset 0 code roots 0 marked 1 reclaim candidate 0 type array 1
[367.250s][debug][gc,humongous      ] GC(32998) Humongous region 790 (object size 1048592 @ 0x00000000b1600000) remset 0 code roots 0 marked 1 reclaim candidate 0 type array 1
[367.250s][debug][gc,humongous      ] GC(32998) Humongous region 953 (object size 1048592 @ 0x00000000bb900000) remset 0 code roots 0 marked 1 reclaim candidate 0 type array 1
[367.250s][debug][gc,humongous      ] GC(32998) Humongous region 792 (object size 1048592 @ 0x00000000b1800000) remset 0 code roots 0 marked 1 reclaim candidate 0 type array 1
[367.250s][debug][gc,humongous      ] GC(32998) Humongous region 1421 (object size 1048592 @ 0x00000000d8d00000) remset 0 code roots 0 marked 0 reclaim candidate 1 type array 1
[367.250s][debug][gc,humongous      ] GC(32998) Humongous region 1266 (object size 1048592 @ 0x00000000cf200000) remset 0 code roots 0 marked 1 reclaim candidate 0 type array 1
[367.250s][debug][gc,humongous      ] GC(32998) Humongous region 1268 (object size 1048592 @ 0x00000000cf400000) remset 0 code roots 0 marked 1 reclaim candidate 0 type array 1
[367.250s][debug][gc,humongous      ] GC(32998) Humongous region 1111 (object size 1048592 @ 0x00000000c5700000) remset 0 code roots 0 marked 1 reclaim candidate 0 type array 1
[367.250s][debug][gc,humongous      ] GC(32998) Humongous region 1113 (object size 1048592 @ 0x00000000c5900000) remset 0 code roots 0 marked 1 reclaim candidate 0 type array 1
[367.250s][debug][gc,humongous      ] GC(32998) Humongous region 1115 (object size 1048592 @ 0x00000000c5b00000) remset 0 code roots 0 marked 1 reclaim candidate 0 type array 1
[367.250s][debug][gc,humongous      ] GC(32998) Humongous region 17 (object size 1048592 @ 0x0000000081100000) remset 0 code roots 0 marked 1 reclaim candidate 0 type array 1
[367.250s][debug][gc,humongous      ] GC(32998) Humongous region 1894 (object size 1048592 @ 0x00000000f6600000) remset 0 code roots 0 marked 1 reclaim candidate 0 type array 1
[367.250s][debug][gc,humongous      ] GC(32998) Humongous region 19 (object size 1048592 @ 0x0000000081300000) remset 0 code roots 0 marked 1 reclaim candidate 0 type array 1
[367.250s][debug][gc,humongous      ] GC(32998) Humongous region 640 (object size 1048592 @ 0x00000000a8000000) remset 0 code roots 0 marked 1 reclaim candidate 0 type array 1
[367.250s][debug][gc,humongous      ] GC(32998) Humongous region 21 (object size 1048592 @ 0x0000000081500000) remset 0 code roots 0 marked 1 reclaim candidate 0 type array 1
[367.250s][debug][gc,humongous      ] GC(32998) Humongous region 642 (object size 1048592 @ 0x00000000a8200000) remset 0 code roots 0 marked 1 reclaim candidate 0 type array 1
[367.250s][debug][gc,humongous      ] GC(32998) Humongous region 23 (object size 1048592 @ 0x0000000081700000) remset 0 code roots 0 marked 1 reclaim candidate 0 type array 1
[367.250s][debug][gc,humongous      ] GC(32998) Humongous region 477 (object size 1048592 @ 0x000000009dd00000) remset 0 code roots 0 marked 1 reclaim candidate 0 type array 1
[367.250s][debug][gc,humongous      ] GC(32998) Humongous region 1270 (object size 1048592 @ 0x00000000cf600000) remset 0 code roots 0 marked 1 reclaim candidate 0 type array 1
[367.250s][debug][gc,humongous      ] GC(32998) Humongous region 25 (object size 1048592 @ 0x0000000081900000) remset 0 code roots 0 marked 1 reclaim candidate 0 type array 1
[367.250s][debug][gc,humongous      ] GC(32998) Humongous region 1272 (object size 1048592 @ 0x00000000cf800000) remset 0 code roots 0 marked 1 reclaim candidate 0 type array 1
[367.250s][debug][gc,humongous      ] GC(32998) Humongous region 1274 (object size 1048592 @ 0x00000000cfa00000) remset 0 code roots 0 marked 1 reclaim candidate 0 type array 1
[367.250s][debug][gc,humongous      ] GC(32998) Humongous region 1117 (object size 1048592 @ 0x00000000c5d00000) remset 0 code roots 0 marked 1 reclaim candidate 0 type array 1
[367.250s][debug][gc,humongous      ] GC(32998) Humongous region 1276 (object size 1048592 @ 0x00000000cfc00000) remset 0 code roots 0 marked 1 reclaim candidate 0 type array 1
[367.250s][debug][gc,humongous      ] GC(32998) Humongous region 1896 (object size 1048592 @ 0x00000000f6800000) remset 0 code roots 0 marked 0 reclaim candidate 1 type array 1
[367.250s][debug][gc,humongous      ] GC(32998) Humongous region 1278 (object size 1048592 @ 0x00000000cfe00000) remset 0 code roots 0 marked 1 reclaim candidate 0 type array 1
[367.250s][debug][gc,humongous      ] GC(32998) Humongous region 1740 (object size 1048592 @ 0x00000000ecc00000) remset 0 code roots 0 marked 1 reclaim candidate 0 type array 1
[367.250s][debug][gc,humongous      ] GC(32998) Humongous region 1280 (object size 1048592 @ 0x00000000d0000000) remset 0 code roots 0 marked 1 reclaim candidate 0 type array 1
[367.250s][debug][gc,humongous      ] GC(32998) Humongous region 955 (object size 1048592 @ 0x00000000bbb00000) remset 0 code roots 0 marked 1 reclaim candidate 0 type array 1
[367.250s][debug][gc,humongous      ] GC(32998) Humongous region 1282 (object size 1048592 @ 0x00000000d0200000) remset 0 code roots 0 marked 1 reclaim candidate 0 type array 1
[367.250s][debug][gc,humongous      ] GC(32998) Humongous region 479 (object size 1048592 @ 0x000000009df00000) remset 0 code roots 0 marked 1 reclaim candidate 0 type array 1
[367.250s][debug][gc,humongous      ] GC(32998) Humongous region 1284 (object size 1048592 @ 0x00000000d0400000) remset 0 code roots 0 marked 1 reclaim candidate 0 type array 1
[367.249s][debug][gc,humongous      ] GC(32998) Humongous region 315 (object size 1048592 @ 0x0000000093b00000) remset 0 code roots 0 marked 1 reclaim candidate 0 type array 1
[367.250s][debug][gc,humongous      ] GC(32998) Humongous region 317 (object size 1048592 @ 0x0000000093d00000) remset 0 code roots 0 marked 1 reclaim candidate 0 type array 1
[367.250s][debug][gc,humongous      ] GC(32998) Humongous region 319 (object size 1048592 @ 0x0000000093f00000) remset 0 code roots 0 marked 1 reclaim candidate 0 type array 1
[367.250s][debug][gc,humongous      ] GC(32998) Humongous region 644 (object size 1048592 @ 0x00000000a8400000) remset 0 code roots 0 marked 1 reclaim candidate 0 type array 1
[367.250s][debug][gc,humongous      ] GC(32998) Humongous region 1742 (object size 1048592 @ 0x00000000ece00000) remset 0 code roots 0 marked 1 reclaim candidate 0 type array 1
[367.250s][debug][gc,humongous      ] GC(32998) Humongous region 646 (object size 1048592 @ 0x00000000a8600000) remset 0 code roots 0 marked 1 reclaim candidate 0 type array 1
[367.250s][debug][gc,humongous      ] GC(32998) Humongous region 648 (object size 1048592 @ 0x00000000a8800000) remset 0 code roots 0 marked 1 reclaim candidate 0 type array 1
[367.250s][debug][gc,humongous      ] GC(32998) Humongous region 1575 (object size 1048592 @ 0x00000000e2700000) remset 0 code roots 0 marked 1 reclaim candidate 0 type array 1
[367.250s][debug][gc,humongous      ] GC(32998) Humongous region 650 (object size 1048592 @ 0x00000000a8a00000) remset 0 code roots 0 marked 1 reclaim candidate 0 type array 1
[367.250s][debug][gc,humongous      ] GC(32998) Humongous region 1286 (object size 1048592 @ 0x00000000d0600000) remset 0 code roots 0 marked 1 reclaim candidate 0 type array 1
[367.250s][debug][gc,humongous      ] GC(32998) Humongous region 481 (object size 1048592 @ 0x000000009e100000) remset 0 code roots 0 marked 1 reclaim candidate 0 type array 1
[367.250s][debug][gc,humongous      ] GC(32998) Humongous region 1288 (object size 1048592 @ 0x00000000d0800000) remset 0 code roots 0 marked 1 reclaim candidate 0 type array 1
[367.250s][debug][gc,humongous      ] GC(32998) Humongous region 167 (object size 1048592 @ 0x000000008a700000) remset 0 code roots 0 marked 1 reclaim candidate 0 type array 1
[367.250s][debug][gc,humongous      ] GC(32998) Humongous region 1898 (object size 1048592 @ 0x00000000f6a00000) remset 0 code roots 0 marked 1 reclaim candidate 0 type array 1
[367.250s][debug][gc,humongous      ] GC(32998) Humongous region 169 (object size 1048592 @ 0x000000008a900000) remset 0 code roots 0 marked 1 reclaim candidate 0 type array 1
[367.250s][debug][gc,humongous      ] GC(32998) Humongous region 794 (object size 1048592 @ 0x00000000b1a00000) remset 0 code roots 0 marked 1 reclaim candidate 0 type array 1
[367.250s][debug][gc,humongous      ] GC(32998) Humongous region 321 (object size 1048592 @ 0x0000000094100000) remset 0 code roots 0 marked 1 reclaim candidate 0 type array 1
[367.250s][debug][gc,humongous      ] GC(32998) Humongous region 1744 (object size 1048592 @ 0x00000000ed000000) remset 0 code roots 0 marked 1 reclaim candidate 0 type array 1
[367.250s][debug][gc,humongous      ] GC(32998) Humongous region 1423 (object size 1048592 @ 0x00000000d8f00000) remset 0 code roots 0 marked 1 reclaim candidate 0 type array 1
[367.250s][debug][gc,humongous      ] GC(32998) Humongous region 957 (object size 1048592 @ 0x00000000bbd00000) remset 0 code roots 0 marked 1 reclaim candidate 0 type array 1
[367.250s][debug][gc,humongous      ] GC(32998) Humongous region 1577 (object size 1048592 @ 0x00000000e2900000) remset 0 code roots 0 marked 1 reclaim candidate 0 type array 1
[367.251s][debug][gc,humongous      ] GC(32998) Humongous region 959 (object size 1048592 @ 0x00000000bbf00000) remset 0 code roots 0 marked 1 reclaim candidate 0 type array 1
[367.251s][debug][gc,humongous      ] GC(32998) Humongous region 1579 (object size 1048592 @ 0x00000000e2b00000) remset 0 code roots 0 marked 1 reclaim candidate 0 type array 1
[367.251s][debug][gc,humongous      ] GC(32998) Humongous region 961 (object size 1048592 @ 0x00000000bc100000) remset 0 code roots 0 marked 1 reclaim candidate 0 type array 1
[367.250s][debug][gc,humongous      ] GC(32998) Humongous region 1290 (object size 1048592 @ 0x00000000d0a00000) remset 0 code roots 0 marked 1 reclaim candidate 0 type array 1
[367.250s][debug][gc,humongous      ] GC(32998) Humongous region 1119 (object size 1048592 @ 0x00000000c5f00000) remset 0 code roots 0 marked 0 reclaim candidate 1 type array 1
[367.251s][debug][gc,humongous      ] GC(32998) Humongous region 1292 (object size 1048592 @ 0x00000000d0c00000) remset 0 code roots 0 marked 1 reclaim candidate 0 type array 1
[367.251s][debug][gc,humongous      ] GC(32998) Humongous region 171 (object size 1048592 @ 0x000000008ab00000) remset 0 code roots 0 marked 1 reclaim candidate 0 type array 1
[367.251s][debug][gc,humongous      ] GC(32998) Humongous region 1121 (object size 1048592 @ 0x00000000c6100000) remset 0 code roots 0 marked 1 reclaim candidate 0 type array 1
[367.251s][debug][gc,humongous      ] GC(32998) Humongous region 796 (object size 1048592 @ 0x00000000b1c00000) remset 0 code roots 0 marked 0 reclaim candidate 0 type array 1
[367.251s][debug][gc,humongous      ] GC(32998) Humongous region 1746 (object size 1048592 @ 0x00000000ed200000) remset 0 code roots 0 marked 1 reclaim candidate 0 type array 1
[367.251s][debug][gc,humongous      ] GC(32998) Humongous region 1425 (object size 1048592 @ 0x00000000d9100000) remset 0 code roots 0 marked 0 reclaim candidate 1 type array 1
[367.250s][debug][gc,humongous      ] GC(32998) Humongous region 652 (object size 1048592 @ 0x00000000a8c00000) remset 0 code roots 0 marked 1 reclaim candidate 0 type array 1
[367.250s][debug][gc,humongous      ] GC(32998) Humongous region 27 (object size 1048592 @ 0x0000000081b00000) remset 0 code roots 0 marked 1 reclaim candidate 0 type array 1
[367.250s][debug][gc,humongous      ] GC(32998) Humongous region 483 (object size 1048592 @ 0x000000009e300000) remset 0 code roots 0 marked 1 reclaim candidate 0 type array 1
[367.251s][debug][gc,humongous      ] GC(32998) Humongous region 1581 (object size 1048592 @ 0x00000000e2d00000) remset 0 code roots 0 marked 1 reclaim candidate 0 type array 1
[367.251s][debug][gc,humongous      ] GC(32998) Humongous region 963 (object size 1048592 @ 0x00000000bc300000) remset 0 code roots 0 marked 0 reclaim candidate 1 type array 1
[367.250s][debug][gc,humongous      ] GC(32998) Humongous region 1900 (object size 1048592 @ 0x00000000f6c00000) remset 0 code roots 0 marked 0 reclaim candidate 1 type array 1
[367.251s][debug][gc,humongous      ] GC(32998) Humongous region 173 (object size 1048592 @ 0x000000008ad00000) remset 0 code roots 0 marked 1 reclaim candidate 0 type array 1
[367.251s][debug][gc,humongous      ] GC(32998) Humongous region 175 (object size 1048592 @ 0x000000008af00000) remset 0 code roots 0 marked 1 reclaim candidate 0 type array 1
[367.251s][debug][gc,humongous      ] GC(32998) Humongous region 177 (object size 1048592 @ 0x000000008b100000) remset 0 code roots 0 marked 1 reclaim candidate 0 type array 1
[367.251s][debug][gc,humongous      ] GC(32998) Humongous region 179 (object size 1048592 @ 0x000000008b300000) remset 0 code roots 0 marked 1 reclaim candidate 0 type array 1
[367.251s][debug][gc,humongous      ] GC(32998) Humongous region 181 (object size 1048592 @ 0x000000008b500000) remset 0 code roots 0 marked 1 reclaim candidate 0 type array 1
[367.251s][debug][gc,humongous      ] GC(32998) Humongous region 1748 (object size 1048592 @ 0x00000000ed400000) remset 0 code roots 0 marked 1 reclaim candidate 0 type array 1
[367.251s][debug][gc,humongous      ] GC(32998) Humongous region 183 (object size 1048592 @ 0x000000008b700000) remset 0 code roots 0 marked 1 reclaim candidate 0 type array 1
[367.251s][debug][gc,humongous      ] GC(32998) Humongous region 1750 (object size 1048592 @ 0x00000000ed600000) remset 0 code roots 0 marked 1 reclaim candidate 0 type array 1
[367.251s][debug][gc,humongous      ] GC(32998) Humongous region 185 (object size 1048592 @ 0x000000008b900000) remset 0 code roots 0 marked 1 reclaim candidate 0 type array 1
[367.251s][debug][gc,humongous      ] GC(32998) Humongous region 485 (object size 1048592 @ 0x000000009e500000) remset 0 code roots 0 marked 1 reclaim candidate 0 type array 1
[367.251s][debug][gc,humongous      ] GC(32998) Humongous region 1294 (object size 1048592 @ 0x00000000d0e00000) remset 0 code roots 0 marked 1 reclaim candidate 0 type array 1
[367.251s][debug][gc,humongous      ] GC(32998) Humongous region 965 (object size 1048592 @ 0x00000000bc500000) remset 0 code roots 0 marked 1 reclaim candidate 0 type array 1
[367.251s][debug][gc,humongous      ] GC(32998) Humongous region 1296 (object size 1048592 @ 0x00000000d1000000) remset 0 code roots 0 marked 1 reclaim candidate 0 type array 1
[367.251s][debug][gc,humongous      ] GC(32998) Humongous region 1902 (object size 1048592 @ 0x00000000f6e00000) remset 0 code roots 0 marked 1 reclaim candidate 0 type array 1
[367.251s][debug][gc,humongous      ] GC(32998) Humongous region 1298 (object size 1048592 @ 0x00000000d1200000) remset 0 code roots 0 marked 1 reclaim candidate 0 type array 1
[367.251s][debug][gc,humongous      ] GC(32998) Humongous region 798 (object size 1048592 @ 0x00000000b1e00000) remset 0 code roots 0 marked 1 reclaim candidate 0 type array 1
[367.251s][debug][gc,humongous      ] GC(32998) Humongous region 1123 (object size 1048592 @ 0x00000000c6300000) remset 0 code roots 0 marked 1 reclaim candidate 0 type array 1
[367.251s][debug][gc,humongous      ] GC(32998) Humongous region 1427 (object size 1048592 @ 0x00000000d9300000) remset 0 code roots 0 marked 1 reclaim candidate 0 type array 1
[367.251s][debug][gc,humongous      ] GC(32998) Humongous region 654 (object size 1048592 @ 0x00000000a8e00000) remset 0 code roots 0 marked 1 reclaim candidate 0 type array 1
[367.251s][debug][gc,humongous      ] GC(32998) Humongous region 29 (object size 1048592 @ 0x0000000081d00000) remset 0 code roots 0 marked 1 reclaim candidate 0 type array 1
[367.251s][debug][gc,humongous      ] GC(32998) Humongous region 1752 (object size 1048592 @ 0x00000000ed800000) remset 0 code roots 0 marked 1 reclaim candidate 0 type array 1
[367.251s][debug][gc,humongous      ] GC(32998) Humongous region 1583 (object size 1048592 @ 0x00000000e2f00000) remset 0 code roots 0 marked 1 reclaim candidate 0 type array 1
[367.251s][debug][gc,humongous      ] GC(32998) Humongous region 187 (object size 1048592 @ 0x000000008bb00000) remset 0 code roots 0 marked 1 reclaim candidate 0 type array 1
[367.251s][debug][gc,humongous      ] GC(32998) Humongous region 487 (object size 1048592 @ 0x000000009e700000) remset 0 code roots 0 marked 1 reclaim candidate 0 type array 1
[367.251s][debug][gc,humongous      ] GC(32998) Humongous region 967 (object size 1048592 @ 0x00000000bc700000) remset 0 code roots 0 marked 1 reclaim candidate 0 type array 1
[367.251s][debug][gc,humongous      ] GC(32998) Humongous region 489 (object size 1048592 @ 0x000000009e900000) remset 0 code roots 0 marked 1 reclaim candidate 0 type array 1
[367.251s][debug][gc,humongous      ] GC(32998) Humongous region 1904 (object size 1048592 @ 0x00000000f7000000) remset 0 code roots 0 marked 1 reclaim candidate 0 type array 1
[367.251s][debug][gc,humongous      ] GC(32998) Humongous region 491 (object size 1048592 @ 0x000000009eb00000) remset 0 code roots 0 marked 1 reclaim candidate 0 type array 1
[367.251s][debug][gc,humongous      ] GC(32998) Humongous region 800 (object size 1048592 @ 0x00000000b2000000) remset 0 code roots 0 marked 1 reclaim candidate 0 type array 1
[367.251s][debug][gc,humongous      ] GC(32998) Humongous region 493 (object size 1048592 @ 0x000000009ed00000) remset 0 code roots 0 marked 1 reclaim candidate 0 type array 1
[367.251s][debug][gc,humongous      ] GC(32998) Humongous region 1429 (object size 1048592 @ 0x00000000d9500000) remset 0 code roots 0 marked 1 reclaim candidate 0 type array 1
[367.251s][debug][gc,humongous      ] GC(32998) Humongous region 495 (object size 1048592 @ 0x000000009ef00000) remset 0 code roots 0 marked 1 reclaim candidate 0 type array 1
[367.251s][debug][gc,humongous      ] GC(32998) Humongous region 31 (object size 1048592 @ 0x0000000081f00000) remset 0 code roots 0 marked 1 reclaim candidate 0 type array 1
[367.251s][debug][gc,humongous      ] GC(32998) Humongous region 1431 (object size 1048592 @ 0x00000000d9700000) remset 0 code roots 0 marked 1 reclaim candidate 0 type array 1
[367.251s][debug][gc,humongous      ] GC(32998) Humongous region 33 (object size 1048592 @ 0x0000000082100000) remset 0 code roots 0 marked 1 reclaim candidate 0 type array 1
[367.251s][debug][gc,humongous      ] GC(32998) Humongous region 189 (object size 1048592 @ 0x000000008bd00000) remset 0 code roots 0 marked 1 reclaim candidate 0 type array 1
[367.251s][debug][gc,humongous      ] GC(32998) Humongous region 323 (object size 1048592 @ 0x0000000094300000) remset 0 code roots 0 marked 1 reclaim candidate 0 type array 1
[367.251s][debug][gc,humongous      ] GC(32998) Humongous region 969 (object size 1048592 @ 0x00000000bc900000) remset 0 code roots 0 marked 1 reclaim candidate 0 type array 1
[367.251s][debug][gc,humongous      ] GC(32998) Humongous region 1300 (object size 1048592 @ 0x00000000d1400000) remset 0 code roots 0 marked 1 reclaim candidate 0 type array 1
[367.251s][debug][gc,humongous      ] GC(32998) Humongous region 1906 (object size 1048592 @ 0x00000000f7200000) remset 0 code roots 0 marked 1 reclaim candidate 0 type array 1
[367.251s][debug][gc,humongous      ] GC(32998) Humongous region 1302 (object size 1048592 @ 0x00000000d1600000) remset 0 code roots 0 marked 1 reclaim candidate 0 type array 1
[367.251s][debug][gc,humongous      ] GC(32998) Humongous region 1908 (object size 1048592 @ 0x00000000f7400000) remset 0 code roots 0 marked 1 reclaim candidate 0 type array 1
[367.251s][debug][gc,humongous      ] GC(32998) Humongous region 656 (object size 1048592 @ 0x00000000a9000000) remset 0 code roots 0 marked 1 reclaim candidate 0 type array 1
[367.251s][debug][gc,humongous      ] GC(32998) Humongous region 1304 (object size 1048592 @ 0x00000000d1800000) remset 0 code roots 0 marked 1 reclaim candidate 0 type array 1
[367.251s][debug][gc,humongous      ] GC(32998) Humongous region 497 (object size 1048592 @ 0x000000009f100000) remset 0 code roots 0 marked 1 reclaim candidate 0 type array 1
[367.251s][debug][gc,humongous      ] GC(32998) Humongous region 1307 (object size 1048592 @ 0x00000000d1b00000) remset 0 code roots 0 marked 1 reclaim candidate 0 type array 1
[367.251s][debug][gc,humongous      ] GC(32998) Humongous region 1433 (object size 1048592 @ 0x00000000d9900000) remset 0 code roots 0 marked 1 reclaim candidate 0 type array 1
[367.251s][debug][gc,humongous      ] GC(32998) Humongous region 1309 (object size 1048592 @ 0x00000000d1d00000) remset 0 code roots 0 marked 1 reclaim candidate 0 type array 1
[367.251s][debug][gc,humongous      ] GC(32998) Humongous region 1435 (object size 1048592 @ 0x00000000d9b00000) remset 0 code roots 0 marked 1 reclaim candidate 0 type array 1
[367.251s][debug][gc,humongous      ] GC(32998) Humongous region 35 (object size 1048592 @ 0x0000000082300000) remset 0 code roots 0 marked 1 reclaim candidate 0 type array 1
[367.251s][debug][gc,humongous      ] GC(32998) Humongous region 37 (object size 1048592 @ 0x0000000082500000) remset 0 code roots 0 marked 1 reclaim candidate 0 type array 1
[367.251s][debug][gc,humongous      ] GC(32998) Humongous region 39 (object size 1048592 @ 0x0000000082700000) remset 0 code roots 0 marked 1 reclaim candidate 0 type array 1
[367.251s][debug][gc,humongous      ] GC(32998) Humongous region 1910 (object size 1048592 @ 0x00000000f7600000) remset 0 code roots 0 marked 1 reclaim candidate 0 type array 1
[367.251s][debug][gc,humongous      ] GC(32998) Humongous region 41 (object size 1048592 @ 0x0000000082900000) remset 0 code roots 0 marked 1 reclaim candidate 0 type array 1
[367.251s][debug][gc,humongous      ] GC(32998) Humongous region 1754 (object size 1048592 @ 0x00000000eda00000) remset 0 code roots 0 marked 0 reclaim candidate 1 type array 1
[367.251s][debug][gc,humongous      ] GC(32998) Humongous region 1912 (object size 1048592 @ 0x00000000f7800000) remset 0 code roots 0 marked 1 reclaim candidate 0 type array 1
[367.251s][debug][gc,humongous      ] GC(32998) Humongous region 499 (object size 1048592 @ 0x000000009f300000) remset 0 code roots 0 marked 1 reclaim candidate 0 type array 1
[367.251s][debug][gc,humongous      ] GC(32998) Humongous region 971 (object size 1048592 @ 0x00000000bcb00000) remset 0 code roots 0 marked 1 reclaim candidate 0 type array 1
[367.251s][debug][gc,humongous      ] GC(32998) Humongous region 501 (object size 1048592 @ 0x000000009f500000) remset 0 code roots 0 marked 1 reclaim candidate 0 type array 1
[367.251s][debug][gc,humongous      ] GC(32998) Humongous region 191 (object size 1048592 @ 0x000000008bf00000) remset 0 code roots 0 marked 1 reclaim candidate 0 type array 1
[367.252s][debug][gc,humongous      ] GC(32998) Humongous region 503 (object size 1048592 @ 0x000000009f700000) remset 0 code roots 0 marked 1 reclaim candidate 0 type array 1
[367.252s][debug][gc,humongous      ] GC(32998) Humongous region 193 (object size 1048592 @ 0x000000008c100000) remset 0 code roots 0 marked 1 reclaim candidate 0 type array 1
[367.251s][debug][gc,humongous      ] GC(32998) Humongous region 1125 (object size 1048592 @ 0x00000000c6500000) remset 0 code roots 0 marked 1 reclaim candidate 0 type array 1
[367.252s][debug][gc,humongous      ] GC(32998) Humongous region 195 (object size 1048592 @ 0x000000008c300000) remset 0 code roots 0 marked 1 reclaim candidate 0 type array 1
[367.251s][debug][gc,humongous      ] GC(32998) Humongous region 802 (object size 1048592 @ 0x00000000b2200000) remset 0 code roots 0 marked 1 reclaim candidate 0 type array 1
[367.251s][debug][gc,humongous      ] GC(32998) Humongous region 1311 (object size 1048592 @ 0x00000000d1f00000) remset 0 code roots 0 marked 1 reclaim candidate 0 type array 1
[367.251s][debug][gc,humongous      ] GC(32998) Humongous region 1756 (object size 1048592 @ 0x00000000edc00000) remset 0 code roots 0 marked 1 reclaim candidate 0 type array 1
[367.252s][debug][gc,humongous      ] GC(32998) Humongous region 1758 (object size 1048592 @ 0x00000000ede00000) remset 0 code roots 0 marked 1 reclaim candidate 0 type array 1
[367.251s][debug][gc,humongous      ] GC(32998) Humongous region 1914 (object size 1048592 @ 0x00000000f7a00000) remset 0 code roots 0 marked 1 reclaim candidate 0 type array 1
[367.252s][debug][gc,humongous      ] GC(32998) Humongous region 1760 (object size 1048592 @ 0x00000000ee000000) remset 0 code roots 0 marked 1 reclaim candidate 0 type array 1
[367.252s][debug][gc,humongous      ] GC(32998) Humongous region 1916 (object size 1048592 @ 0x00000000f7c00000) remset 0 code roots 0 marked 1 reclaim candidate 0 type array 1
[367.252s][debug][gc,humongous      ] GC(32998) Humongous region 505 (object size 1048592 @ 0x000000009f900000) remset 0 code roots 0 marked 1 reclaim candidate 0 type array 1
[367.252s][debug][gc,humongous      ] GC(32998) Humongous region 507 (object size 1048592 @ 0x000000009fb00000) remset 0 code roots 0 marked 1 reclaim candidate 0 type array 1
[367.251s][debug][gc,humongous      ] GC(32998) Humongous region 658 (object size 1048592 @ 0x00000000a9200000) remset 0 code roots 0 marked 1 reclaim candidate 0 type array 1
[367.252s][debug][gc,humongous      ] GC(32998) Humongous region 509 (object size 1048592 @ 0x000000009fd00000) remset 0 code roots 0 marked 1 reclaim candidate 0 type array 1
[367.252s][debug][gc,humongous      ] GC(32998) Humongous region 660 (object size 1048592 @ 0x00000000a9400000) remset 0 code roots 0 marked 1 reclaim candidate 0 type array 1
[367.252s][debug][gc,humongous      ] GC(32998) Humongous region 511 (object size 1048592 @ 0x000000009ff00000) remset 0 code roots 0 marked 1 reclaim candidate 0 type array 1
[367.251s][debug][gc,humongous      ] GC(32998) Humongous region 43 (object size 1048592 @ 0x0000000082b00000) remset 0 code roots 0 marked 1 reclaim candidate 0 type array 1
[367.252s][debug][gc,humongous      ] GC(32998) Humongous region 804 (object size 1048592 @ 0x00000000b2400000) remset 0 code roots 0 marked 1 reclaim candidate 0 type array 1
[367.252s][debug][gc,humongous      ] GC(32998) Humongous region 1313 (object size 1048592 @ 0x00000000d2100000) remset 0 code roots 0 marked 1 reclaim candidate 0 type array 1
[367.251s][debug][gc,humongous      ] GC(32998) Humongous region 325 (object size 1048592 @ 0x0000000094500000) remset 0 code roots 0 marked 1 reclaim candidate 0 type array 1
[367.252s][debug][gc,humongous      ] GC(32998) Humongous region 1315 (object size 1048592 @ 0x00000000d2300000) remset 0 code roots 0 marked 1 reclaim candidate 0 type array 1
[367.252s][debug][gc,humongous      ] GC(32998) Humongous region 1762 (object size 1048592 @ 0x00000000ee200000) remset 0 code roots 0 marked 1 reclaim candidate 0 type array 1
[367.252s][debug][gc,humongous      ] GC(32998) Humongous region 327 (object size 1048592 @ 0x0000000094700000) remset 0 code roots 0 marked 1 reclaim candidate 0 type array 1
[367.252s][debug][gc,humongous      ] GC(32998) Humongous region 1918 (object size 1048592 @ 0x00000000f7e00000) remset 0 code roots 0 marked 0 reclaim candidate 1 type array 1
[367.252s][debug][gc,humongous      ] GC(32998) Humongous region 1127 (object size 1048592 @ 0x00000000c6700000) remset 0 code roots 0 marked 1 reclaim candidate 0 type array 1
[367.251s][debug][gc,humongous      ] GC(32998) Humongous region 1585 (object size 1048592 @ 0x00000000e3100000) remset 0 code roots 0 marked 1 reclaim candidate 0 type array 1
[367.252s][debug][gc,humongous      ] GC(32998) Humongous region 197 (object size 1048592 @ 0x000000008c500000) remset 0 code roots 0 marked 1 reclaim candidate 0 type array 1
[367.252s][debug][gc,humongous      ] GC(32998) Humongous region 662 (object size 1048592 @ 0x00000000a9600000) remset 0 code roots 0 marked 1 reclaim candidate 0 type array 1
[367.252s][debug][gc,humongous      ] GC(32998) Humongous region 513 (object size 1048592 @ 0x00000000a0100000) remset 0 code roots 0 marked 1 reclaim candidate 0 type array 1
[367.252s][debug][gc,humongous      ] GC(32998) Humongous region 45 (object size 1048592 @ 0x0000000082d00000) remset 0 code roots 0 marked 1 reclaim candidate 0 type array 1
[367.252s][debug][gc,humongous      ] GC(32998) Humongous region 515 (object size 1048592 @ 0x00000000a0300000) remset 0 code roots 0 marked 1 reclaim candidate 0 type array 1
[367.251s][debug][gc,humongous      ] GC(32998) Humongous region 973 (object size 1048592 @ 0x00000000bcd00000) remset 0 code roots 0 marked 1 reclaim candidate 0 type array 1
[367.252s][debug][gc,humongous      ] GC(32998) Humongous region 517 (object size 1048592 @ 0x00000000a0500000) remset 0 code roots 0 marked 1 reclaim candidate 0 type array 1
[367.251s][debug][gc,humongous      ] GC(32998) Humongous region 1437 (object size 1048592 @ 0x00000000d9d00000) remset 0 code roots 0 marked 1 reclaim candidate 0 type array 1
[367.252s][debug][gc,humongous      ] GC(32998) Humongous region 1764 (object size 1048592 @ 0x00000000ee400000) remset 0 code roots 0 marked 1 reclaim candidate 0 type array 1
[367.252s][debug][gc,humongous      ] GC(32998) Humongous region 1439 (object size 1048592 @ 0x00000000d9f00000) remset 0 code roots 0 marked 1 reclaim candidate 0 type array 1
[367.252s][debug][gc,humongous      ] GC(32998) Humongous region 1766 (object size 1048592 @ 0x00000000ee600000) remset 0 code roots 0 marked 1 reclaim candidate 0 type array 1
[367.252s][debug][gc,humongous      ] GC(32998) Humongous region 1441 (object size 1048592 @ 0x00000000da100000) remset 0 code roots 0 marked 1 reclaim candidate 0 type array 1
[367.252s][debug][gc,humongous      ] GC(32998) Humongous region 1768 (object size 1048592 @ 0x00000000ee800000) remset 0 code roots 0 marked 1 reclaim candidate 0 type array 1
[367.252s][debug][gc,humongous      ] GC(32998) Humongous region 1443 (object size 1048592 @ 0x00000000da300000) remset 0 code roots 0 marked 1 reclaim candidate 0 type array 1
[367.252s][debug][gc,humongous      ] GC(32998) Humongous region 665 (object size 1048592 @ 0x00000000a9900000) remset 0 code roots 0 marked 1 reclaim candidate 0 type array 1
[367.252s][debug][gc,humongous      ] GC(32998) Humongous region 1445 (object size 1048592 @ 0x00000000da500000) remset 0 code roots 0 marked 1 reclaim candidate 0 type array 1
[367.252s][debug][gc,humongous      ] GC(32998) Humongous region 667 (object size 1048592 @ 0x00000000a9b00000) remset 0 code roots 0 marked 1 reclaim candidate 0 type array 1
[367.252s][debug][gc,humongous      ] GC(32998) Humongous region 975 (object size 1048592 @ 0x00000000bcf00000) remset 0 code roots 0 marked 1 reclaim candidate 0 type array 1
[367.252s][debug][gc,humongous      ] GC(32998) Humongous region 520 (object size 1048592 @ 0x00000000a0800000) remset 0 code roots 0 marked 1 reclaim candidate 0 type array 1
[367.252s][debug][gc,humongous      ] GC(32998) Humongous region 806 (object size 1048592 @ 0x00000000b2600000) remset 0 code roots 0 marked 1 reclaim candidate 0 type array 1
[367.252s][debug][gc,humongous      ] GC(32998) Humongous region 1920 (object size 1048592 @ 0x00000000f8000000) remset 0 code roots 0 marked 1 reclaim candidate 0 type array 1
[367.252s][debug][gc,humongous      ] GC(32998) Humongous region 1922 (object size 1048592 @ 0x00000000f8200000) remset 0 code roots 0 marked 1 reclaim candidate 0 type array 1
[367.252s][debug][gc,humongous      ] GC(32998) Humongous region 1587 (object size 1048592 @ 0x00000000e3300000) remset 0 code roots 0 marked 1 reclaim candidate 0 type array 1
[367.252s][debug][gc,humongous      ] GC(32998) Humongous region 1924 (object size 1048592 @ 0x00000000f8400000) remset 0 code roots 0 marked 1 reclaim candidate 0 type array 1
[367.252s][debug][gc,humongous      ] GC(32998) Humongous region 199 (object size 1048592 @ 0x000000008c700000) remset 0 code roots 0 marked 1 reclaim candidate 0 type array 1
[367.252s][debug][gc,humongous      ] GC(32998) Humongous region 201 (object size 1048592 @ 0x000000008c900000) remset 0 code roots 0 marked 1 reclaim candidate 0 type array 1
[367.252s][debug][gc,humongous      ] GC(32998) Humongous region 47 (object size 1048592 @ 0x0000000082f00000) remset 0 code roots 0 marked 1 reclaim candidate 0 type array 1
[367.252s][debug][gc,humongous      ] GC(32998) Humongous region 203 (object size 1048592 @ 0x000000008cb00000) remset 0 code roots 0 marked 1 reclaim candidate 0 type array 1
[367.252s][debug][gc,humongous      ] GC(32998) Humongous region 49 (object size 1048592 @ 0x0000000083100000) remset 0 code roots 0 marked 1 reclaim candidate 0 type array 1
[367.252s][debug][gc,humongous      ] GC(32998) Humongous region 205 (object size 1048592 @ 0x000000008cd00000) remset 0 code roots 0 marked 1 reclaim candidate 0 type array 1
[367.252s][debug][gc,humongous      ] GC(32998) Humongous region 978 (object size 1048592 @ 0x00000000bd200000) remset 0 code roots 0 marked 1 reclaim candidate 0 type array 1
[367.252s][debug][gc,humongous      ] GC(32998) Humongous region 207 (object size 1048592 @ 0x000000008cf00000) remset 0 code roots 0 marked 1 reclaim candidate 0 type array 1
[367.252s][debug][gc,humongous      ] GC(32998) Humongous region 522 (object size 1048592 @ 0x00000000a0a00000) remset 0 code roots 0 marked 1 reclaim candidate 0 type array 1
[367.252s][debug][gc,humongous      ] GC(32998) Humongous region 1129 (object size 1048592 @ 0x00000000c6900000) remset 0 code roots 0 marked 1 reclaim candidate 0 type array 1
[367.252s][debug][gc,humongous      ] GC(32998) Humongous region 1317 (object size 1048592 @ 0x00000000d2500000) remset 0 code roots 0 marked 1 reclaim candidate 0 type array 1
[367.252s][debug][gc,humongous      ] GC(32998) Humongous region 1770 (object size 1048592 @ 0x00000000eea00000) remset 0 code roots 0 marked 1 reclaim candidate 0 type array 1
[367.252s][debug][gc,humongous      ] GC(32998) Humongous region 1319 (object size 1048592 @ 0x00000000d2700000) remset 0 code roots 0 marked 1 reclaim candidate 0 type array 1
[367.252s][debug][gc,humongous      ] GC(32998) Humongous region 1321 (object size 1048592 @ 0x00000000d2900000) remset 0 code roots 0 marked 1 reclaim candidate 0 type array 1
[367.252s][debug][gc,humongous      ] GC(32998) Humongous region 1323 (object size 1048592 @ 0x00000000d2b00000) remset 0 code roots 0 marked 1 reclaim candidate 0 type array 1
[367.252s][debug][gc,humongous      ] GC(32998) Humongous region 1447 (object size 1048592 @ 0x00000000da700000) remset 0 code roots 0 marked 1 reclaim candidate 0 type array 1
[367.252s][debug][gc,humongous      ] GC(32998) Humongous region 980 (object size 1048592 @ 0x00000000bd400000) remset 0 code roots 0 marked 1 reclaim candidate 0 type array 1
[367.252s][debug][gc,humongous      ] GC(32998) Humongous region 209 (object size 1048592 @ 0x000000008d100000) remset 0 code roots 0 marked 1 reclaim candidate 0 type array 1
[367.252s][debug][gc,humongous      ] GC(32998) Humongous region 982 (object size 1048592 @ 0x00000000bd600000) remset 0 code roots 0 marked 1 reclaim candidate 0 type array 1
[367.252s][debug][gc,humongous      ] GC(32998) Humongous region 808 (object size 1048592 @ 0x00000000b2800000) remset 0 code roots 0 marked 1 reclaim candidate 0 type array 1
[367.252s][debug][gc,humongous      ] GC(32998) Humongous region 329 (object size 1048592 @ 0x0000000094900000) remset 0 code roots 0 marked 1 reclaim candidate 0 type array 1
[367.252s][debug][gc,humongous      ] GC(32998) Humongous region 984 (object size 1048592 @ 0x00000000bd800000) remset 0 code roots 0 marked 1 reclaim candidate 0 type array 1
[367.252s][debug][gc,humongous      ] GC(32998) Humongous region 524 (object size 1048592 @ 0x00000000a0c00000) remset 0 code roots 0 marked 1 reclaim candidate 0 type array 1
[367.252s][debug][gc,humongous      ] GC(32998) Humongous region 331 (object size 1048592 @ 0x0000000094b00000) remset 0 code roots 0 marked 1 reclaim candidate 0 type array 1
[367.252s][debug][gc,humongous      ] GC(32998) Humongous region 1589 (object size 1048592 @ 0x00000000e3500000) remset 0 code roots 0 marked 1 reclaim candidate 0 type array 1
[367.252s][debug][gc,humongous      ] GC(32998) Humongous region 1772 (object size 1048592 @ 0x00000000eec00000) remset 0 code roots 0 marked 1 reclaim candidate 0 type array 1
[367.253s][debug][gc,humongous      ] GC(32998) Humongous region 1591 (object size 1048592 @ 0x00000000e3700000) remset 0 code roots 0 marked 1 reclaim candidate 0 type array 1
[367.253s][debug][gc,humongous      ] GC(32998) Humongous region 1593 (object size 1048592 @ 0x00000000e3900000) remset 0 code roots 0 marked 1 reclaim candidate 0 type array 1
[367.252s][debug][gc,humongous      ] GC(32998) Humongous region 1926 (object size 1048592 @ 0x00000000f8600000) remset 0 code roots 0 marked 1 reclaim candidate 0 type array 1
[367.253s][debug][gc,humongous      ] GC(32998) Humongous region 1595 (object size 1048592 @ 0x00000000e3b00000) remset 0 code roots 0 marked 1 reclaim candidate 0 type array 1
[367.252s][debug][gc,humongous      ] GC(32998) Humongous region 211 (object size 1048592 @ 0x000000008d300000) remset 0 code roots 0 marked 1 reclaim candidate 0 type array 1
[367.252s][debug][gc,humongous      ] GC(32998) Humongous region 810 (object size 1048592 @ 0x00000000b2a00000) remset 0 code roots 0 marked 1 reclaim candidate 1 type array 1
[367.253s][debug][gc,humongous      ] GC(32998) Humongous region 986 (object size 1048592 @ 0x00000000bda00000) remset 0 code roots 0 marked 1 reclaim candidate 0 type array 1
[367.253s][debug][gc,humongous      ] GC(32998) Humongous region 812 (object size 1048592 @ 0x00000000b2c00000) remset 0 code roots 0 marked 1 reclaim candidate 0 type array 1
[367.253s][debug][gc,humongous      ] GC(32998) Humongous region 526 (object size 1048592 @ 0x00000000a0e00000) remset 0 code roots 0 marked 1 reclaim candidate 0 type array 1
[367.253s][debug][gc,humongous      ] GC(32998) Humongous region 814 (object size 1048592 @ 0x00000000b2e00000) remset 0 code roots 0 marked 1 reclaim candidate 0 type array 1
[367.252s][debug][gc,humongous      ] GC(32998) Humongous region 1325 (object size 1048592 @ 0x00000000d2d00000) remset 0 code roots 0 marked 1 reclaim candidate 0 type array 1
[367.253s][debug][gc,humongous      ] GC(32998) Humongous region 816 (object size 1048592 @ 0x00000000b3000000) remset 0 code roots 0 marked 1 reclaim candidate 0 type array 1
[367.253s][debug][gc,humongous      ] GC(32998) Humongous region 1327 (object size 1048592 @ 0x00000000d2f00000) remset 0 code roots 0 marked 1 reclaim candidate 0 type array 1
[367.253s][debug][gc,humongous      ] GC(32998) Humongous region 818 (object size 1048592 @ 0x00000000b3200000) remset 0 code roots 0 marked 1 reclaim candidate 0 type array 1
[367.253s][debug][gc,humongous      ] GC(32998) Humongous region 1329 (object size 1048592 @ 0x00000000d3100000) remset 0 code roots 0 marked 1 reclaim candidate 0 type array 1
[367.253s][debug][gc,humongous      ] GC(32998) Humongous region 820 (object size 1048592 @ 0x00000000b3400000) remset 0 code roots 0 marked 1 reclaim candidate 0 type array 1
[367.253s][debug][gc,humongous      ] GC(32998) Humongous region 1331 (object size 1048592 @ 0x00000000d3300000) remset 0 code roots 0 marked 1 reclaim candidate 0 type array 1
[367.253s][debug][gc,humongous      ] GC(32998) Humongous region 213 (object size 1048592 @ 0x000000008d500000) remset 0 code roots 0 marked 1 reclaim candidate 0 type array 1
[367.253s][debug][gc,humongous      ] GC(32998) Humongous region 822 (object size 1048592 @ 0x00000000b3600000) remset 0 code roots 0 marked 1 reclaim candidate 0 type array 1
[367.253s][debug][gc,humongous      ] GC(32998) Humongous region 988 (object size 1048592 @ 0x00000000bdc00000) remset 0 code roots 0 marked 1 reclaim candidate 0 type array 1
[367.253s][debug][gc,humongous      ] GC(32998) Humongous region 824 (object size 1048592 @ 0x00000000b3800000) remset 0 code roots 0 marked 1 reclaim candidate 0 type array 1
[367.253s][debug][gc,humongous      ] GC(32998) Humongous region 528 (object size 1048592 @ 0x00000000a1000000) remset 0 code roots 0 marked 1 reclaim candidate 0 type array 1
[367.253s][debug][gc,humongous      ] GC(32998) Humongous region 990 (object size 1048592 @ 0x00000000bde00000) remset 0 code roots 0 marked 1 reclaim candidate 0 type array 1
[367.252s][debug][gc,humongous      ] GC(32998) Humongous region 51 (object size 1048592 @ 0x0000000083300000) remset 0 code roots 0 marked 1 reclaim candidate 0 type array 1
[367.252s][debug][gc,humongous      ] GC(32998) Humongous region 669 (object size 1048592 @ 0x00000000a9d00000) remset 0 code roots 0 marked 1 reclaim candidate 0 type array 1
[367.252s][debug][gc,humongous      ] GC(32998) Humongous region 1449 (object size 1048592 @ 0x00000000da900000) remset 0 code roots 0 marked 1 reclaim candidate 0 type array 1
[367.253s][debug][gc,humongous      ] GC(32998) Humongous region 671 (object size 1048592 @ 0x00000000a9f00000) remset 0 code roots 0 marked 1 reclaim candidate 0 type array 1
[367.253s][debug][gc,humongous      ] GC(32998) Humongous region 1451 (object size 1048592 @ 0x00000000dab00000) remset 0 code roots 0 marked 1 reclaim candidate 0 type array 1
[367.253s][debug][gc,humongous      ] GC(32998) Humongous region 673 (object size 1048592 @ 0x00000000aa100000) remset 0 code roots 0 marked 1 reclaim candidate 0 type array 1
[367.252s][debug][gc,humongous      ] GC(32998) Humongous region 1131 (object size 1048592 @ 0x00000000c6b00000) remset 0 code roots 0 marked 1 reclaim candidate 0 type array 1
[367.253s][debug][gc,humongous      ] GC(32998) Humongous region 1133 (object size 1048592 @ 0x00000000c6d00000) remset 0 code roots 0 marked 1 reclaim candidate 0 type array 1
[367.253s][debug][gc,humongous      ] GC(32998) Humongous region 1774 (object size 1048592 @ 0x00000000eee00000) remset 0 code roots 0 marked 1 reclaim candidate 0 type array 1
[367.253s][debug][gc,humongous      ] GC(32998) Humongous region 1135 (object size 1048592 @ 0x00000000c6f00000) remset 0 code roots 0 marked 1 reclaim candidate 0 type array 1
[367.253s][debug][gc,humongous      ] GC(32998) Humongous region 826 (object size 1048592 @ 0x00000000b3a00000) remset 0 code roots 0 marked 1 reclaim candidate 0 type array 1
[367.253s][debug][gc,humongous      ] GC(32998) Humongous region 992 (object size 1048592 @ 0x00000000be000000) remset 0 code roots 0 marked 1 reclaim candidate 0 type array 1
[367.253s][debug][gc,humongous      ] GC(32998) Humongous region 828 (object size 1048592 @ 0x00000000b3c00000) remset 0 code roots 0 marked 1 reclaim candidate 0 type array 1
[367.253s][debug][gc,humongous      ] GC(32998) Humongous region 53 (object size 1048592 @ 0x0000000083500000) remset 0 code roots 0 marked 1 reclaim candidate 0 type array 1
[367.253s][debug][gc,humongous      ] GC(32998) Humongous region 1597 (object size 1048592 @ 0x00000000e3d00000) remset 0 code roots 0 marked 1 reclaim candidate 0 type array 1
[367.253s][debug][gc,humongous      ] GC(32998) Humongous region 56 (object size 1048592 @ 0x0000000083800000) remset 0 code roots 0 marked 1 reclaim candidate 0 type array 1
[367.253s][debug][gc,humongous      ] GC(32998) Humongous region 1599 (object size 1048592 @ 0x00000000e3f00000) remset 0 code roots 0 marked 1 reclaim candidate 0 type array 1
[367.253s][debug][gc,humongous      ] GC(32998) Humongous region 58 (object size 1048592 @ 0x0000000083a00000) remset 0 code roots 0 marked 1 reclaim candidate 0 type array 1
[367.253s][debug][gc,humongous      ] GC(32998) Humongous region 1601 (object size 1048592 @ 0x00000000e4100000) remset 0 code roots 0 marked 1 reclaim candidate 0 type array 1
[367.253s][debug][gc,humongous      ] GC(32998) Humongous region 60 (object size 1048592 @ 0x0000000083c00000) remset 0 code roots 0 marked 1 reclaim candidate 0 type array 1
[367.253s][debug][gc,humongous      ] GC(32998) Humongous region 1603 (object size 1048592 @ 0x00000000e4300000) remset 0 code roots 0 marked 1 reclaim candidate 0 type array 1
[367.253s][debug][gc,humongous      ] GC(32998) Humongous region 62 (object size 1048592 @ 0x0000000083e00000) remset 0 code roots 0 marked 1 reclaim candidate 0 type array 1
[367.253s][debug][gc,humongous      ] GC(32998) Humongous region 1605 (object size 1048592 @ 0x00000000e4500000) remset 0 code roots 0 marked 1 reclaim candidate 0 type array 1
[367.253s][debug][gc,humongous      ] GC(32998) Humongous region 1776 (object size 1048592 @ 0x00000000ef000000) remset 0 code roots 0 marked 1 reclaim candidate 0 type array 1
[367.253s][debug][gc,humongous      ] GC(32998) Humongous region 1607 (object size 1048592 @ 0x00000000e4700000) remset 0 code roots 0 marked 1 reclaim candidate 0 type array 1
[367.253s][debug][gc,humongous      ] GC(32998) Humongous region 1778 (object size 1048592 @ 0x00000000ef200000) remset 0 code roots 0 marked 1 reclaim candidate 0 type array 1
[367.253s][debug][gc,humongous      ] GC(32998) Humongous region 1609 (object size 1048592 @ 0x00000000e4900000) remset 0 code roots 0 marked 1 reclaim candidate 0 type array 1
[367.253s][debug][gc,humongous      ] GC(32998) Humongous region 1780 (object size 1048592 @ 0x00000000ef400000) remset 0 code roots 0 marked 1 reclaim candidate 0 type array 1
[367.253s][debug][gc,humongous      ] GC(32998) Humongous region 1611 (object size 1048592 @ 0x00000000e4b00000) remset 0 code roots 0 marked 1 reclaim candidate 0 type array 1
[367.253s][debug][gc,humongous      ] GC(32998) Humongous region 1782 (object size 1048592 @ 0x00000000ef600000) remset 0 code roots 0 marked 1 reclaim candidate 0 type array 1
[367.253s][debug][gc,humongous      ] GC(32998) Humongous region 1613 (object size 1048592 @ 0x00000000e4d00000) remset 0 code roots 0 marked 1 reclaim candidate 0 type array 1
[367.253s][debug][gc,humongous      ] GC(32998) Humongous region 333 (object size 1048592 @ 0x0000000094d00000) remset 0 code roots 0 marked 1 reclaim candidate 0 type array 1
[367.253s][debug][gc,humongous      ] GC(32998) Humongous region 530 (object size 1048592 @ 0x00000000a1200000) remset 0 code roots 0 marked 1 reclaim candidate 0 type array 1
[367.253s][debug][gc,humongous      ] GC(32998) Humongous region 1137 (object size 1048592 @ 0x00000000c7100000) remset 0 code roots 0 marked 1 reclaim candidate 0 type array 1
[367.253s][debug][gc,humongous      ] GC(32998) Humongous region 64 (object size 1048592 @ 0x0000000084000000) remset 0 code roots 0 marked 1 reclaim candidate 0 type array 1
[367.253s][debug][gc,humongous      ] GC(32998) Humongous region 994 (object size 1048592 @ 0x00000000be200000) remset 0 code roots 0 marked 1 reclaim candidate 0 type array 1
[367.253s][debug][gc,humongous      ] GC(32998) Humongous region 1139 (object size 1048592 @ 0x00000000c7300000) remset 0 code roots 0 marked 1 reclaim candidate 0 type array 1
[367.253s][debug][gc,humongous      ] GC(32998) Humongous region 996 (object size 1048592 @ 0x00000000be400000) remset 0 code roots 0 marked 1 reclaim candidate 0 type array 1
[367.253s][debug][gc,humongous      ] GC(32998) Humongous region 1141 (object size 1048592 @ 0x00000000c7500000) remset 0 code roots 0 marked 1 reclaim candidate 0 type array 1
[367.253s][debug][gc,humongous      ] GC(32998) Humongous region 998 (object size 1048592 @ 0x00000000be600000) remset 0 code roots 0 marked 1 reclaim candidate 0 type array 1
[367.253s][debug][gc,humongous      ] GC(32998) Humongous region 1143 (object size 1048592 @ 0x00000000c7700000) remset 0 code roots 0 marked 1 reclaim candidate 0 type array 1
[367.253s][debug][gc,humongous      ] GC(32998) Humongous region 1000 (object size 1048592 @ 0x00000000be800000) remset 0 code roots 0 marked 1 reclaim candidate 0 type array 1
[367.253s][debug][gc,humongous      ] GC(32998) Humongous region 1002 (object size 1048592 @ 0x00000000bea00000) remset 0 code roots 0 marked 1 reclaim candidate 0 type array 1
[367.253s][debug][gc,humongous      ] GC(32998) Humongous region 1145 (object size 1048592 @ 0x00000000c7900000) remset 0 code roots 0 marked 1 reclaim candidate 0 type array 1
[367.253s][debug][gc,humongous      ] GC(32998) Humongous region 1615 (object size 1048592 @ 0x00000000e4f00000) remset 0 code roots 0 marked 1 reclaim candidate 0 type array 1
[367.253s][debug][gc,humongous      ] GC(32998) Humongous region 1147 (object size 1048592 @ 0x00000000c7b00000) remset 0 code roots 0 marked 1 reclaim candidate 0 type array 1
[367.253s][debug][gc,humongous      ] GC(32998) Humongous region 1453 (object size 1048592 @ 0x00000000dad00000) remset 0 code roots 0 marked 1 reclaim candidate 0 type array 1
[367.253s][debug][gc,humongous      ] GC(32998) Humongous region 1455 (object size 1048592 @ 0x00000000daf00000) remset 0 code roots 0 marked 1 reclaim candidate 0 type array 1
[367.253s][debug][gc,humongous      ] GC(32998) Humongous region 1457 (object size 1048592 @ 0x00000000db100000) remset 0 code roots 0 marked 1 reclaim candidate 0 type array 1
[367.253s][debug][gc,humongous      ] GC(32998) Humongous region 215 (object size 1048592 @ 0x000000008d700000) remset 0 code roots 0 marked 1 reclaim candidate 0 type array 1
[367.253s][debug][gc,humongous      ] GC(32998) Humongous region 1459 (object size 1048592 @ 0x00000000db300000) remset 0 code roots 0 marked 1 reclaim candidate 0 type array 1
[367.253s][debug][gc,humongous      ] GC(32998) Humongous region 1784 (object size 1048592 @ 0x00000000ef800000) remset 0 code roots 0 marked 1 reclaim candidate 0 type array 1
[367.253s][debug][gc,humongous      ] GC(32998) Humongous region 1461 (object size 1048592 @ 0x00000000db500000) remset 0 code roots 0 marked 1 reclaim candidate 0 type array 1
[367.253s][debug][gc,humongous      ] GC(32998) Humongous region 1333 (object size 1048592 @ 0x00000000d3500000) remset 0 code roots 0 marked 1 reclaim candidate 0 type array 1
[367.253s][debug][gc,humongous      ] GC(32998) Humongous region 1786 (object size 1048592 @ 0x00000000efa00000) remset 0 code roots 0 marked 1 reclaim candidate 0 type array 1
[367.253s][debug][gc,humongous      ] GC(32998) Humongous region 1617 (object size 1048592 @ 0x00000000e5100000) remset 0 code roots 0 marked 1 reclaim candidate 0 type array 1
[367.253s][debug][gc,humongous      ] GC(32998) Humongous region 532 (object size 1048592 @ 0x00000000a1400000) remset 0 code roots 0 marked 1 reclaim candidate 0 type array 1
[367.253s][debug][gc,humongous      ] GC(32998) Humongous region 66 (object size 1048592 @ 0x0000000084200000) remset 0 code roots 0 marked 1 reclaim candidate 0 type array 1
[367.253s][debug][gc,humongous      ] GC(32998) Humongous region 1928 (object size 1048592 @ 0x00000000f8800000) remset 0 code roots 0 marked 1 reclaim candidate 0 type array 1
[367.253s][debug][gc,humongous      ] GC(32998) Humongous region 1149 (object size 1048592 @ 0x00000000c7d00000) remset 0 code roots 0 marked 1 reclaim candidate 0 type array 1
[367.253s][debug][gc,humongous      ] GC(32998) Humongous region 1930 (object size 1048592 @ 0x00000000f8a00000) remset 0 code roots 0 marked 1 reclaim candidate 0 type array 1
[367.253s][debug][gc,humongous      ] GC(32998) Humongous region 1151 (object size 1048592 @ 0x00000000c7f00000) remset 0 code roots 0 marked 1 reclaim candidate 0 type array 1
[367.253s][debug][gc,humongous      ] GC(32998) Humongous region 1932 (object size 1048592 @ 0x00000000f8c00000) remset 0 code roots 0 marked 1 reclaim candidate 0 type array 1
[367.253s][debug][gc,humongous      ] GC(32998) Humongous region 1153 (object size 1048592 @ 0x00000000c8100000) remset 0 code roots 0 marked 1 reclaim candidate 0 type array 1
[367.253s][debug][gc,humongous      ] GC(32998) Humongous region 1934 (object size 1048592 @ 0x00000000f8e00000) remset 0 code roots 0 marked 1 reclaim candidate 0 type array 1
[367.254s][debug][gc,humongous      ] GC(32998) Humongous region 1155 (object size 1048592 @ 0x00000000c8300000) remset 0 code roots 0 marked 1 reclaim candidate 0 type array 1
[367.253s][debug][gc,humongous      ] GC(32998) Humongous region 1335 (object size 1048592 @ 0x00000000d3700000) remset 0 code roots 0 marked 1 reclaim candidate 0 type array 1
[367.254s][debug][gc,humongous      ] GC(32998) Humongous region 1157 (object size 1048592 @ 0x00000000c8500000) remset 0 code roots 0 marked 1 reclaim candidate 0 type array 1
[367.254s][debug][gc,humongous      ] GC(32998) Humongous region 1337 (object size 1048592 @ 0x00000000d3900000) remset 0 code roots 0 marked 1 reclaim candidate 0 type array 1
[367.253s][debug][gc,humongous      ] GC(32998) Humongous region 534 (object size 1048592 @ 0x00000000a1600000) remset 0 code roots 0 marked 1 reclaim candidate 0 type array 1
[367.253s][debug][gc,humongous      ] GC(32998) Humongous region 68 (object size 1048592 @ 0x0000000084400000) remset 0 code roots 0 marked 1 reclaim candidate 0 type array 1
[367.253s][debug][gc,humongous      ] GC(32998) Humongous region 830 (object size 1048592 @ 0x00000000b3e00000) remset 0 code roots 0 marked 1 reclaim candidate 0 type array 1
[367.253s][debug][gc,humongous      ] GC(32998) Humongous region 675 (object size 1048592 @ 0x00000000aa300000) remset 0 code roots 0 marked 1 reclaim candidate 0 type array 1
[367.254s][debug][gc,humongous      ] GC(32998) Humongous region 832 (object size 1048592 @ 0x00000000b4000000) remset 0 code roots 0 marked 1 reclaim candidate 0 type array 1
[367.253s][debug][gc,humongous      ] GC(32998) Humongous region 1004 (object size 1048592 @ 0x00000000bec00000) remset 0 code roots 0 marked 1 reclaim candidate 0 type array 1
[367.253s][debug][gc,humongous      ] GC(32998) Humongous region 1463 (object size 1048592 @ 0x00000000db700000) remset 0 code roots 0 marked 1 reclaim candidate 0 type array 1
[367.253s][debug][gc,humongous      ] GC(32998) Humongous region 335 (object size 1048592 @ 0x0000000094f00000) remset 0 code roots 0 marked 1 reclaim candidate 0 type array 1
[367.254s][debug][gc,humongous      ] GC(32998) Humongous region 1936 (object size 1048592 @ 0x00000000f9000000) remset 0 code roots 0 marked 1 reclaim candidate 0 type array 1
[367.253s][debug][gc,humongous      ] GC(32998) Humongous region 1788 (object size 1048592 @ 0x00000000efc00000) remset 0 code roots 0 marked 1 reclaim candidate 0 type array 1
[367.254s][debug][gc,humongous      ] GC(32998) Humongous region 1938 (object size 1048592 @ 0x00000000f9200000) remset 0 code roots 0 marked 1 reclaim candidate 0 type array 1
[367.254s][debug][gc,humongous      ] GC(32998) Humongous region 1790 (object size 1048592 @ 0x00000000efe00000) remset 0 code roots 0 marked 1 reclaim candidate 0 type array 1
[367.254s][debug][gc,humongous      ] GC(32998) Humongous region 1940 (object size 1048592 @ 0x00000000f9400000) remset 0 code roots 0 marked 1 reclaim candidate 0 type array 1
[367.254s][debug][gc,humongous      ] GC(32998) Humongous region 1792 (object size 1048592 @ 0x00000000f0000000) remset 0 code roots 0 marked 1 reclaim candidate 0 type array 1
[367.254s][debug][gc,humongous      ] GC(32998) Humongous region 1942 (object size 1048592 @ 0x00000000f9600000) remset 0 code roots 0 marked 1 reclaim candidate 0 type array 1
[367.254s][debug][gc,humongous      ] GC(32998) Humongous region 1794 (object size 1048592 @ 0x00000000f0200000) remset 0 code roots 0 marked 1 reclaim candidate 0 type array 1
[367.254s][debug][gc,humongous      ] GC(32998) Humongous region 677 (object size 1048592 @ 0x00000000aa500000) remset 0 code roots 0 marked 1 reclaim candidate 0 type array 1
[367.254s][debug][gc,humongous      ] GC(32998) Humongous region 1796 (object size 1048592 @ 0x00000000f0400000) remset 0 code roots 0 marked 1 reclaim candidate 0 type array 1
[367.254s][debug][gc,humongous      ] GC(32998) Humongous region 679 (object size 1048592 @ 0x00000000aa700000) remset 0 code roots 0 marked 1 reclaim candidate 0 type array 1
[367.254s][debug][gc,humongous      ] GC(32998) Humongous region 1465 (object size 1048592 @ 0x00000000db900000) remset 0 code roots 0 marked 1 reclaim candidate 0 type array 1
[367.254s][debug][gc,humongous      ] GC(32998) Humongous region 337 (object size 1048592 @ 0x0000000095100000) remset 0 code roots 0 marked 1 reclaim candidate 0 type array 1
[367.253s][debug][gc,humongous      ] GC(32998) Humongous region 1619 (object size 1048592 @ 0x00000000e5300000) remset 0 code roots 0 marked 1 reclaim candidate 0 type array 1
[367.254s][debug][gc,humongous      ] GC(32998) Humongous region 1159 (object size 1048592 @ 0x00000000c8700000) remset 0 code roots 0 marked 1 reclaim candidate 0 type array 1
[367.254s][debug][gc,humongous      ] GC(32998) Humongous region 1339 (object size 1048592 @ 0x00000000d3b00000) remset 0 code roots 0 marked 1 reclaim candidate 0 type array 1
[367.254s][debug][gc,humongous      ] GC(32998) Humongous region 536 (object size 1048592 @ 0x00000000a1800000) remset 0 code roots 0 marked 1 reclaim candidate 0 type array 1
[367.254s][debug][gc,humongous      ] GC(32998) Humongous region 1341 (object size 1048592 @ 0x00000000d3d00000) remset 0 code roots 0 marked 1 reclaim candidate 0 type array 1
[367.253s][debug][gc,humongous      ] GC(32998) Humongous region 217 (object size 1048592 @ 0x000000008d900000) remset 0 code roots 0 marked 1 reclaim candidate 0 type array 1
[367.254s][debug][gc,humongous      ] GC(32998) Humongous region 1944 (object size 1048592 @ 0x00000000f9800000) remset 0 code roots 0 marked 0 reclaim candidate 1 type array 1
[367.254s][debug][gc,humongous      ] GC(32998) Humongous region 834 (object size 1048592 @ 0x00000000b4200000) remset 0 code roots 0 marked 1 reclaim candidate 1 type array 1
[367.254s][debug][gc,humongous      ] GC(32998) Humongous region 1006 (object size 1048592 @ 0x00000000bee00000) remset 0 code roots 0 marked 1 reclaim candidate 0 type array 1
[367.254s][debug][gc,humongous      ] GC(32998) Humongous region 1798 (object size 1048592 @ 0x00000000f0600000) remset 0 code roots 0 marked 1 reclaim candidate 0 type array 1
[367.254s][debug][gc,humongous      ] GC(32998) Humongous region 681 (object size 1048592 @ 0x00000000aa900000) remset 0 code roots 0 marked 1 reclaim candidate 0 type array 1
[367.254s][debug][gc,humongous      ] GC(32998) Humongous region 1467 (object size 1048592 @ 0x00000000dbb00000) remset 0 code roots 0 marked 1 reclaim candidate 0 type array 1
[367.254s][debug][gc,humongous      ] GC(32998) Humongous region 1621 (object size 1048592 @ 0x00000000e5500000) remset 0 code roots 0 marked 1 reclaim candidate 0 type array 1
[367.254s][debug][gc,humongous      ] GC(32998) Humongous region 1469 (object size 1048592 @ 0x00000000dbd00000) remset 0 code roots 0 marked 1 reclaim candidate 0 type array 1
[367.254s][debug][gc,humongous      ] GC(32998) Humongous region 1623 (object size 1048592 @ 0x00000000e5700000) remset 0 code roots 0 marked 1 reclaim candidate 0 type array 1
[367.254s][debug][gc,humongous      ] GC(32998) Humongous region 1471 (object size 1048592 @ 0x00000000dbf00000) remset 0 code roots 0 marked 1 reclaim candidate 0 type array 1
[367.254s][debug][gc,humongous      ] GC(32998) Humongous region 219 (object size 1048592 @ 0x000000008db00000) remset 0 code roots 0 marked 1 reclaim candidate 0 type array 1
[367.254s][debug][gc,humongous      ] GC(32998) Humongous region 1473 (object size 1048592 @ 0x00000000dc100000) remset 0 code roots 0 marked 1 reclaim candidate 0 type array 1
[367.254s][debug][gc,humongous      ] GC(32998) Humongous region 1343 (object size 1048592 @ 0x00000000d3f00000) remset 0 code roots 0 marked 1 reclaim candidate 0 type array 1
[367.254s][debug][gc,humongous      ] GC(32998) Humongous region 1946 (object size 1048592 @ 0x00000000f9a00000) remset 0 code roots 0 marked 1 reclaim candidate 0 type array 1
[367.254s][debug][gc,humongous      ] GC(32998) Humongous region 836 (object size 1048592 @ 0x00000000b4400000) remset 0 code roots 0 marked 1 reclaim candidate 0 type array 1
[367.254s][debug][gc,humongous      ] GC(32998) Humongous region 1008 (object size 1048592 @ 0x00000000bf000000) remset 0 code roots 0 marked 1 reclaim candidate 0 type array 1
[367.254s][debug][gc,humongous      ] GC(32998) Humongous region 1800 (object size 1048592 @ 0x00000000f0800000) remset 0 code roots 0 marked 1 reclaim candidate 0 type array 1
[367.254s][debug][gc,humongous      ] GC(32998) Humongous region 683 (object size 1048592 @ 0x00000000aab00000) remset 0 code roots 0 marked 1 reclaim candidate 0 type array 1
[367.254s][debug][gc,humongous      ] GC(32998) Humongous region 339 (object size 1048592 @ 0x0000000095300000) remset 0 code roots 0 marked 1 reclaim candidate 0 type array 1
[367.254s][debug][gc,humongous      ] GC(32998) Humongous region 685 (object size 1048592 @ 0x00000000aad00000) remset 0 code roots 0 marked 1 reclaim candidate 0 type array 1
[367.254s][debug][gc,humongous      ] GC(32998) Humongous region 70 (object size 1048592 @ 0x0000000084600000) remset 0 code roots 0 marked 1 reclaim candidate 0 type array 1
[367.254s][debug][gc,humongous      ] GC(32998) Humongous region 538 (object size 1048592 @ 0x00000000a1a00000) remset 0 code roots 0 marked 1 reclaim candidate 0 type array 1
[367.254s][debug][gc,humongous      ] GC(32998) Humongous region 1625 (object size 1048592 @ 0x00000000e5900000) remset 0 code roots 0 marked 1 reclaim candidate 0 type array 1
[367.254s][debug][gc,humongous      ] GC(32998) Humongous region 221 (object size 1048592 @ 0x000000008dd00000) remset 0 code roots 0 marked 1 reclaim candidate 0 type array 1
[367.254s][debug][gc,humongous      ] GC(32998) Humongous region 1627 (object size 1048592 @ 0x00000000e5b00000) remset 0 code roots 0 marked 1 reclaim candidate 0 type array 1
[367.254s][debug][gc,humongous      ] GC(32998) Humongous region 223 (object size 1048592 @ 0x000000008df00000) remset 0 code roots 0 marked 1 reclaim candidate 0 type array 1
[367.254s][debug][gc,humongous      ] GC(32998) Humongous region 1629 (object size 1048592 @ 0x00000000e5d00000) remset 0 code roots 0 marked 1 reclaim candidate 0 type array 1
[367.254s][debug][gc,humongous      ] GC(32998) Humongous region 225 (object size 1048592 @ 0x000000008e100000) remset 0 code roots 0 marked 1 reclaim candidate 0 type array 1
[367.254s][debug][gc,humongous      ] GC(32998) Humongous region 1631 (object size 1048592 @ 0x00000000e5f00000) remset 0 code roots 0 marked 1 reclaim candidate 0 type array 1
[367.254s][debug][gc,humongous      ] GC(32998) Humongous region 1802 (object size 1048592 @ 0x00000000f0a00000) remset 0 code roots 0 marked 1 reclaim candidate 0 type array 1
[367.254s][debug][gc,humongous      ] GC(32998) Humongous region 1633 (object size 1048592 @ 0x00000000e6100000) remset 0 code roots 0 marked 1 reclaim candidate 0 type array 1
[367.254s][debug][gc,humongous      ] GC(32998) Humongous region 1804 (object size 1048592 @ 0x00000000f0c00000) remset 0 code roots 0 marked 1 reclaim candidate 0 type array 1
[367.254s][debug][gc,humongous      ] GC(32998) Humongous region 687 (object size 1048592 @ 0x00000000aaf00000) remset 0 code roots 0 marked 1 reclaim candidate 0 type array 1
[367.254s][debug][gc,humongous      ] GC(32998) Humongous region 1806 (object size 1048592 @ 0x00000000f0e00000) remset 0 code roots 0 marked 1 reclaim candidate 0 type array 1
[367.254s][debug][gc,humongous      ] GC(32998) Humongous region 689 (object size 1048592 @ 0x00000000ab100000) remset 0 code roots 0 marked 1 reclaim candidate 0 type array 1
[367.254s][debug][gc,humongous      ] GC(32998) Humongous region 1808 (object size 1048592 @ 0x00000000f1000000) remset 0 code roots 0 marked 1 reclaim candidate 0 type array 1
[367.254s][debug][gc,humongous      ] GC(32998) Humongous region 1345 (object size 1048592 @ 0x00000000d4100000) remset 0 code roots 0 marked 0 reclaim candidate 1 type array 1
[367.254s][debug][gc,humongous      ] GC(32998) Humongous region 1810 (object size 1048592 @ 0x00000000f1200000) remset 0 code roots 0 marked 1 reclaim candidate 0 type array 1
[367.254s][debug][gc,humongous      ] GC(32998) Humongous region 1347 (object size 1048592 @ 0x00000000d4300000) remset 0 code roots 0 marked 1 reclaim candidate 0 type array 1
[367.254s][debug][gc,humongous      ] GC(32998) Humongous region 1010 (object size 1048592 @ 0x00000000bf200000) remset 0 code roots 0 marked 1 reclaim candidate 0 type array 1
[367.254s][debug][gc,humongous      ] GC(32998) Humongous region 227 (object size 1048592 @ 0x000000008e300000) remset 0 code roots 0 marked 1 reclaim candidate 0 type array 1
[367.254s][debug][gc,humongous      ] GC(32998) Humongous region 1161 (object size 1048592 @ 0x00000000c8900000) remset 0 code roots 0 marked 1 reclaim candidate 0 type array 1
[367.254s][debug][gc,humongous      ] GC(32998) Humongous region 1163 (object size 1048592 @ 0x00000000c8b00000) remset 0 code roots 0 marked 1 reclaim candidate 0 type array 1
[367.254s][debug][gc,humongous      ] GC(32998) Humongous region 72 (object size 1048592 @ 0x0000000084800000) remset 0 code roots 0 marked 1 reclaim candidate 0 type array 1
[367.254s][debug][gc,humongous      ] GC(32998) Humongous region 1165 (object size 1048592 @ 0x00000000c8d00000) remset 0 code roots 0 marked 1 reclaim candidate 0 type array 1
[367.254s][debug][gc,humongous      ] GC(32998) Humongous region 540 (object size 1048592 @ 0x00000000a1c00000) remset 0 code roots 0 marked 1 reclaim candidate 0 type array 1
[367.254s][debug][gc,humongous      ] GC(32998) Humongous region 1475 (object size 1048592 @ 0x00000000dc300000) remset 0 code roots 0 marked 1 reclaim candidate 0 type array 1
[367.254s][debug][gc,humongous      ] GC(32998) Humongous region 542 (object size 1048592 @ 0x00000000a1e00000) remset 0 code roots 0 marked 1 reclaim candidate 0 type array 1
[367.254s][debug][gc,humongous      ] GC(32998) Humongous region 1948 (object size 1048592 @ 0x00000000f9c00000) remset 0 code roots 0 marked 1 reclaim candidate 0 type array 1
[367.254s][debug][gc,humongous      ] GC(32998) Humongous region 544 (object size 1048592 @ 0x00000000a2000000) remset 0 code roots 0 marked 1 reclaim candidate 0 type array 1
[367.254s][debug][gc,humongous      ] GC(32998) Humongous region 1812 (object size 1048592 @ 0x00000000f1400000) remset 0 code roots 0 marked 1 reclaim candidate 0 type array 1
[367.254s][debug][gc,humongous      ] GC(32998) Humongous region 1349 (object size 1048592 @ 0x00000000d4500000) remset 0 code roots 0 marked 1 reclaim candidate 0 type array 1
[367.254s][debug][gc,humongous      ] GC(32998) Humongous region 229 (object size 1048592 @ 0x000000008e500000) remset 0 code roots 0 marked 1 reclaim candidate 0 type array 1
[367.254s][debug][gc,humongous      ] GC(32998) Humongous region 1012 (object size 1048592 @ 0x00000000bf400000) remset 0 code roots 0 marked 1 reclaim candidate 0 type array 1
[367.254s][debug][gc,humongous      ] GC(32998) Humongous region 1635 (object size 1048592 @ 0x00000000e6300000) remset 0 code roots 0 marked 1 reclaim candidate 0 type array 1
[367.254s][debug][gc,humongous      ] GC(32998) Humongous region 1014 (object size 1048592 @ 0x00000000bf600000) remset 0 code roots 0 marked 1 reclaim candidate 0 type array 1
[367.254s][debug][gc,humongous      ] GC(32998) Humongous region 1637 (object size 1048592 @ 0x00000000e6500000) remset 0 code roots 0 marked 1 reclaim candidate 0 type array 1
[367.254s][debug][gc,humongous      ] GC(32998) Humongous region 1016 (object size 1048592 @ 0x00000000bf800000) remset 0 code roots 0 marked 1 reclaim candidate 0 type array 1
[367.254s][debug][gc,humongous      ] GC(32998) Humongous region 1639 (object size 1048592 @ 0x00000000e6700000) remset 0 code roots 0 marked 1 reclaim candidate 0 type array 1
[367.254s][debug][gc,humongous      ] GC(32998) Humongous region 1018 (object size 1048592 @ 0x00000000bfa00000) remset 0 code roots 0 marked 1 reclaim candidate 0 type array 1
[367.254s][debug][gc,humongous      ] GC(32998) Humongous region 1641 (object size 1048592 @ 0x00000000e6900000) remset 0 code roots 0 marked 1 reclaim candidate 0 type array 1
[367.254s][debug][gc,humongous      ] GC(32998) Humongous region 1950 (object size 1048592 @ 0x00000000f9e00000) remset 0 code roots 0 marked 1 reclaim candidate 0 type array 1
[367.254s][debug][gc,humongous      ] GC(32998) Humongous region 546 (object size 1048592 @ 0x00000000a2200000) remset 0 code roots 0 marked 1 reclaim candidate 0 type array 1
[367.254s][debug][gc,humongous      ] GC(32998) Humongous region 1814 (object size 1048592 @ 0x00000000f1600000) remset 0 code roots 0 marked 1 reclaim candidate 0 type array 1
[367.254s][debug][gc,humongous      ] GC(32998) Humongous region 231 (object size 1048592 @ 0x000000008e700000) remset 0 code roots 0 marked 1 reclaim candidate 0 type array 1
[367.254s][debug][gc,humongous      ] GC(32998) Humongous region 1351 (object size 1048592 @ 0x00000000d4700000) remset 0 code roots 0 marked 1 reclaim candidate 0 type array 1
[367.254s][debug][gc,humongous      ] GC(32998) Humongous region 74 (object size 1048592 @ 0x0000000084a00000) remset 0 code roots 0 marked 1 reclaim candidate 0 type array 1
[367.254s][debug][gc,humongous      ] GC(32998) Humongous region 1167 (object size 1048592 @ 0x00000000c8f00000) remset 0 code roots 0 marked 1 reclaim candidate 0 type array 1
[367.254s][debug][gc,humongous      ] GC(32998) Humongous region 691 (object size 1048592 @ 0x00000000ab300000) remset 0 code roots 0 marked 1 reclaim candidate 0 type array 1
[367.254s][debug][gc,humongous      ] GC(32998) Humongous region 1477 (object size 1048592 @ 0x00000000dc500000) remset 0 code roots 0 marked 1 reclaim candidate 0 type array 1
[367.254s][debug][gc,humongous      ] GC(32998) Humongous region 838 (object size 1048592 @ 0x00000000b4600000) remset 0 code roots 0 marked 1 reclaim candidate 0 type array 1
[367.254s][debug][gc,humongous      ] GC(32998) Humongous region 1020 (object size 1048592 @ 0x00000000bfc00000) remset 0 code roots 0 marked 1 reclaim candidate 0 type array 1
[367.254s][debug][gc,humongous      ] GC(32998) Humongous region 341 (object size 1048592 @ 0x0000000095500000) remset 0 code roots 0 marked 1 reclaim candidate 0 type array 1
[367.255s][debug][gc,humongous      ] GC(32998) Humongous region 1022 (object size 1048592 @ 0x00000000bfe00000) remset 0 code roots 0 marked 1 reclaim candidate 0 type array 1
[367.255s][debug][gc,humongous      ] GC(32998) Humongous region 1952 (object size 1048592 @ 0x00000000fa000000) remset 0 code roots 0 marked 1 reclaim candidate 0 type array 1
[367.255s][debug][gc,humongous      ] GC(32998) Humongous region 548 (object size 1048592 @ 0x00000000a2400000) remset 0 code roots 0 marked 1 reclaim candidate 0 type array 1
[367.255s][debug][gc,humongous      ] GC(32998) Humongous region 1954 (object size 1048592 @ 0x00000000fa200000) remset 0 code roots 0 marked 1 reclaim candidate 0 type array 1
[367.255s][debug][gc,humongous      ] GC(32998) Humongous region 233 (object size 1048592 @ 0x000000008e900000) remset 0 code roots 0 marked 1 reclaim candidate 0 type array 1
[367.255s][debug][gc,humongous      ] GC(32998) Humongous region 1956 (object size 1048592 @ 0x00000000fa400000) remset 0 code roots 0 marked 1 reclaim candidate 0 type array 1
[367.255s][debug][gc,humongous      ] GC(32998) Humongous region 235 (object size 1048592 @ 0x000000008eb00000) remset 0 code roots 0 marked 1 reclaim candidate 0 type array 1
[367.255s][debug][gc,humongous      ] GC(32998) Humongous region 1958 (object size 1048592 @ 0x00000000fa600000) remset 0 code roots 0 marked 1 reclaim candidate 0 type array 1
[367.255s][debug][gc,humongous      ] GC(32998) Humongous region 237 (object size 1048592 @ 0x000000008ed00000) remset 0 code roots 0 marked 1 reclaim candidate 0 type array 1
[367.255s][debug][gc,humongous      ] GC(32998) Humongous region 1960 (object size 1048592 @ 0x00000000fa800000) remset 0 code roots 0 marked 1 reclaim candidate 0 type array 1
[367.255s][debug][gc,humongous      ] GC(32998) Humongous region 239 (object size 1048592 @ 0x000000008ef00000) remset 0 code roots 0 marked 1 reclaim candidate 0 type array 1
[367.255s][debug][gc,humongous      ] GC(32998) Humongous region 343 (object size 1048592 @ 0x0000000095700000) remset 0 code roots 0 marked 1 reclaim candidate 0 type array 1
[367.255s][debug][gc,humongous      ] GC(32998) Humongous region 242 (object size 1048592 @ 0x000000008f200000) remset 0 code roots 0 marked 1 reclaim candidate 0 type array 1
[367.255s][debug][gc,humongous      ] GC(32998) Humongous region 1024 (object size 1048592 @ 0x00000000c0000000) remset 0 code roots 0 marked 1 reclaim candidate 0 type array 1
[367.255s][debug][gc,humongous      ] GC(32998) Humongous region 244 (object size 1048592 @ 0x000000008f400000) remset 0 code roots 0 marked 1 reclaim candidate 0 type array 1
[367.255s][debug][gc,humongous      ] GC(32998) Humongous region 550 (object size 1048592 @ 0x00000000a2600000) remset 0 code roots 0 marked 1 reclaim candidate 0 type array 1
[367.255s][debug][gc,humongous      ] GC(32998) Humongous region 1026 (object size 1048592 @ 0x00000000c0200000) remset 0 code roots 0 marked 1 reclaim candidate 0 type array 1
[367.255s][debug][gc,humongous      ] GC(32998) Humongous region 246 (object size 1048592 @ 0x000000008f600000) remset 0 code roots 0 marked 1 reclaim candidate 0 type array 1
[367.255s][debug][gc,humongous      ] GC(32998) Humongous region 76 (object size 1048592 @ 0x0000000084c00000) remset 0 code roots 0 marked 1 reclaim candidate 0 type array 1
[367.255s][debug][gc,humongous      ] GC(32998) Humongous region 693 (object size 1048592 @ 0x00000000ab500000) remset 0 code roots 0 marked 1 reclaim candidate 0 type array 1
[367.255s][debug][gc,humongous      ] GC(32998) Humongous region 78 (object size 1048592 @ 0x0000000084e00000) remset 0 code roots 0 marked 1 reclaim candidate 0 type array 1
[367.255s][debug][gc,humongous      ] GC(32998) Humongous region 1479 (object size 1048592 @ 0x00000000dc700000) remset 0 code roots 0 marked 1 reclaim candidate 0 type array 1
[367.255s][debug][gc,humongous      ] GC(32998) Humongous region 80 (object size 1048592 @ 0x0000000085000000) remset 0 code roots 0 marked 1 reclaim candidate 0 type array 1
[367.255s][debug][gc,humongous      ] GC(32998) Humongous region 345 (object size 1048592 @ 0x0000000095900000) remset 0 code roots 0 marked 1 reclaim candidate 0 type array 1
[367.254s][debug][gc,humongous      ] GC(32998) Humongous region 1643 (object size 1048592 @ 0x00000000e6b00000) remset 0 code roots 0 marked 1 reclaim candidate 0 type array 1
[367.255s][debug][gc,humongous      ] GC(32998) Humongous region 347 (object size 1048592 @ 0x0000000095b00000) remset 0 code roots 0 marked 1 reclaim candidate 0 type array 1
[367.255s][debug][gc,humongous      ] GC(32998) Humongous region 1353 (object size 1048592 @ 0x00000000d4900000) remset 0 code roots 0 marked 1 reclaim candidate 0 type array 1
[367.255s][debug][gc,humongous      ] GC(32998) Humongous region 552 (object size 1048592 @ 0x00000000a2800000) remset 0 code roots 0 marked 1 reclaim candidate 1 type array 1
[367.255s][debug][gc,humongous      ] GC(32998) Humongous region 1355 (object size 1048592 @ 0x00000000d4b00000) remset 0 code roots 0 marked 1 reclaim candidate 0 type array 1
[367.255s][debug][gc,humongous      ] GC(32998) Humongous region 1357 (object size 1048592 @ 0x00000000d4d00000) remset 0 code roots 0 marked 1 reclaim candidate 0 type array 1
[367.255s][debug][gc,humongous      ] GC(32998) Humongous region 1359 (object size 1048592 @ 0x00000000d4f00000) remset 0 code roots 0 marked 1 reclaim candidate 0 type array 1
[367.255s][debug][gc,humongous      ] GC(32998) Humongous region 1361 (object size 1048592 @ 0x00000000d5100000) remset 0 code roots 0 marked 1 reclaim candidate 0 type array 1
[367.255s][debug][gc,humongous      ] GC(32998) Humongous region 1363 (object size 1048592 @ 0x00000000d5300000) remset 0 code roots 0 marked 1 reclaim candidate 0 type array 1
[367.255s][debug][gc,humongous      ] GC(32998) Humongous region 1365 (object size 1048592 @ 0x00000000d5500000) remset 0 code roots 0 marked 1 reclaim candidate 0 type array 1
[367.255s][debug][gc,humongous      ] GC(32998) Humongous region 1367 (object size 1048592 @ 0x00000000d5700000) remset 0 code roots 0 marked 1 reclaim candidate 0 type array 1
[367.255s][debug][gc,humongous      ] GC(32998) Humongous region 1369 (object size 1048592 @ 0x00000000d5900000) remset 0 code roots 0 marked 1 reclaim candidate 0 type array 1
[367.255s][debug][gc,humongous      ] GC(32998) Humongous region 1371 (object size 1048592 @ 0x00000000d5b00000) remset 0 code roots 0 marked 1 reclaim candidate 0 type array 1
[367.255s][debug][gc,humongous      ] GC(32998) Humongous region 1373 (object size 1048592 @ 0x00000000d5d00000) remset 0 code roots 0 marked 1 reclaim candidate 0 type array 1
[367.255s][debug][gc,humongous      ] GC(32998) Humongous region 1375 (object size 1048592 @ 0x00000000d5f00000) remset 0 code roots 0 marked 1 reclaim candidate 0 type array 1
[367.255s][debug][gc,humongous      ] GC(32998) Humongous region 1377 (object size 1048592 @ 0x00000000d6100000) remset 0 code roots 0 marked 1 reclaim candidate 0 type array 1
[367.255s][debug][gc,humongous      ] GC(32998) Humongous region 1379 (object size 1048592 @ 0x00000000d6300000) remset 0 code roots 0 marked 1 reclaim candidate 0 type array 1
[367.255s][debug][gc,humongous      ] GC(32998) Humongous region 1381 (object size 1048592 @ 0x00000000d6500000) remset 0 code roots 0 marked 1 reclaim candidate 0 type array 1
[367.255s][debug][gc,humongous      ] GC(32998) Humongous region 1383 (object size 1048592 @ 0x00000000d6700000) remset 0 code roots 0 marked 1 reclaim candidate 0 type array 1
[367.255s][debug][gc,humongous      ] GC(32998) Humongous region 1385 (object size 1048592 @ 0x00000000d6900000) remset 0 code roots 0 marked 1 reclaim candidate 0 type array 1
[367.255s][debug][gc,humongous      ] GC(32998) Humongous region 1387 (object size 1048592 @ 0x00000000d6b00000) remset 0 code roots 0 marked 1 reclaim candidate 0 type array 1
[367.255s][debug][gc,humongous      ] GC(32998) Humongous region 1389 (object size 1048592 @ 0x00000000d6d00000) remset 0 code roots 0 marked 1 reclaim candidate 0 type array 1
[367.255s][debug][gc,humongous      ] GC(32998) Humongous region 1391 (object size 1048592 @ 0x00000000d6f00000) remset 0 code roots 0 marked 1 reclaim candidate 0 type array 1
[367.255s][debug][gc,humongous      ] GC(32998) Humongous region 1393 (object size 1048592 @ 0x00000000d7100000) remset 0 code roots 0 marked 1 reclaim candidate 0 type array 1
[367.255s][debug][gc,humongous      ] GC(32998) Humongous region 1395 (object size 1048592 @ 0x00000000d7300000) remset 0 code roots 0 marked 1 reclaim candidate 0 type array 1
[367.255s][debug][gc,humongous      ] GC(32998) Humongous region 1397 (object size 1048592 @ 0x00000000d7500000) remset 0 code roots 0 marked 1 reclaim candidate 0 type array 1
[367.255s][debug][gc,humongous      ] GC(32998) Humongous region 1399 (object size 1048592 @ 0x00000000d7700000) remset 0 code roots 0 marked 1 reclaim candidate 0 type array 1
[367.255s][debug][gc,humongous      ] GC(32998) Humongous region 1401 (object size 1048592 @ 0x00000000d7900000) remset 0 code roots 0 marked 1 reclaim candidate 0 type array 1
[367.255s][debug][gc,humongous      ] GC(32998) Humongous region 1403 (object size 1048592 @ 0x00000000d7b00000) remset 0 code roots 0 marked 1 reclaim candidate 0 type array 1
[367.255s][debug][gc,humongous      ] GC(32998) Humongous region 1405 (object size 1048592 @ 0x00000000d7d00000) remset 0 code roots 0 marked 1 reclaim candidate 0 type array 1
[367.255s][debug][gc,humongous      ] GC(32998) Humongous region 1407 (object size 1048592 @ 0x00000000d7f00000) remset 0 code roots 0 marked 1 reclaim candidate 0 type array 1
[367.255s][debug][gc,humongous      ] GC(32998) Humongous region 1409 (object size 1048592 @ 0x00000000d8100000) remset 0 code roots 0 marked 1 reclaim candidate 0 type array 1
[367.255s][debug][gc,humongous      ] GC(32998) Humongous region 1411 (object size 1048592 @ 0x00000000d8300000) remset 0 code roots 0 marked 1 reclaim candidate 0 type array 1
[367.256s][debug][gc,humongous      ] GC(32998) Humongous region 1413 (object size 1048592 @ 0x00000000d8500000) remset 0 code roots 0 marked 0 reclaim candidate 1 type array 1
[367.256s][debug][gc,humongous      ] GC(32998) Humongous region 1415 (object size 1048592 @ 0x00000000d8700000) remset 0 code roots 0 marked 1 reclaim candidate 0 type array 1
[367.256s][debug][gc,humongous      ] GC(32998) Humongous region 1483 (object size 1048592 @ 0x00000000dcb00000) remset 0 code roots 0 marked 1 reclaim candidate 0 type array 1
[367.256s][debug][gc,humongous      ] GC(32998) Humongous region 1485 (object size 1048592 @ 0x00000000dcd00000) remset 0 code roots 0 marked 1 reclaim candidate 0 type array 1
[367.256s][debug][gc,humongous      ] GC(32998) Humongous region 1487 (object size 1048592 @ 0x00000000dcf00000) remset 0 code roots 0 marked 1 reclaim candidate 0 type array 1
[367.256s][debug][gc,humongous      ] GC(32998) Humongous region 1489 (object size 1048592 @ 0x00000000dd100000) remset 0 code roots 0 marked 1 reclaim candidate 0 type array 1
[367.256s][debug][gc,humongous      ] GC(32998) Humongous region 1491 (object size 1048592 @ 0x00000000dd300000) remset 0 code roots 0 marked 1 reclaim candidate 0 type array 1
[367.256s][debug][gc,humongous      ] GC(32998) Humongous region 1493 (object size 1048592 @ 0x00000000dd500000) remset 0 code roots 0 marked 1 reclaim candidate 0 type array 1
[367.256s][debug][gc,humongous      ] GC(32998) Humongous region 1495 (object size 1048592 @ 0x00000000dd700000) remset 0 code roots 0 marked 1 reclaim candidate 0 type array 1
[367.256s][debug][gc,humongous      ] GC(32998) Humongous region 1497 (object size 1048592 @ 0x00000000dd900000) remset 0 code roots 0 marked 1 reclaim candidate 0 type array 1
[367.256s][debug][gc,humongous      ] GC(32998) Humongous region 1499 (object size 1048592 @ 0x00000000ddb00000) remset 0 code roots 0 marked 1 reclaim candidate 0 type array 1
[367.256s][debug][gc,humongous      ] GC(32998) Humongous region 1501 (object size 1048592 @ 0x00000000ddd00000) remset 0 code roots 0 marked 1 reclaim candidate 0 type array 1
[367.256s][debug][gc,humongous      ] GC(32998) Humongous region 1503 (object size 1048592 @ 0x00000000ddf00000) remset 0 code roots 0 marked 1 reclaim candidate 0 type array 1
[367.256s][debug][gc,humongous      ] GC(32998) Humongous region 1505 (object size 1048592 @ 0x00000000de100000) remset 0 code roots 0 marked 0 reclaim candidate 1 type array 1
[367.256s][debug][gc,humongous      ] GC(32998) Humongous region 1507 (object size 1048592 @ 0x00000000de300000) remset 0 code roots 0 marked 1 reclaim candidate 0 type array 1
[367.256s][debug][gc,humongous      ] GC(32998) Humongous region 1509 (object size 1048592 @ 0x00000000de500000) remset 0 code roots 0 marked 1 reclaim candidate 0 type array 1
[367.256s][debug][gc,humongous      ] GC(32998) Humongous region 1511 (object size 1048592 @ 0x00000000de700000) remset 0 code roots 0 marked 1 reclaim candidate 0 type array 1
[367.256s][debug][gc,humongous      ] GC(32998) Humongous region 1513 (object size 1048592 @ 0x00000000de900000) remset 0 code roots 0 marked 1 reclaim candidate 0 type array 1
[367.255s][debug][gc,humongous      ] GC(32998) Humongous region 1028 (object size 1048592 @ 0x00000000c0400000) remset 0 code roots 0 marked 1 reclaim candidate 0 type array 1
[367.256s][debug][gc,humongous      ] GC(32998) Humongous region 1030 (object size 1048592 @ 0x00000000c0600000) remset 0 code roots 0 marked 1 reclaim candidate 0 type array 1
[367.256s][debug][gc,humongous      ] GC(32998) Humongous region 1032 (object size 1048592 @ 0x00000000c0800000) remset 0 code roots 0 marked 1 reclaim candidate 0 type array 1
[367.255s][debug][gc,humongous      ] GC(32998) Humongous region 840 (object size 1048592 @ 0x00000000b4800000) remset 0 code roots 0 marked 1 reclaim candidate 0 type array 1
[367.255s][debug][gc,humongous      ] GC(32998) Humongous region 695 (object size 1048592 @ 0x00000000ab700000) remset 0 code roots 0 marked 1 reclaim candidate 0 type array 1
[367.256s][debug][gc,humongous      ] GC(32998) Humongous region 842 (object size 1048592 @ 0x00000000b4a00000) remset 0 code roots 0 marked 1 reclaim candidate 0 type array 1
[367.256s][debug][gc,humongous      ] GC(32998) Humongous region 697 (object size 1048592 @ 0x00000000ab900000) remset 0 code roots 0 marked 1 reclaim candidate 0 type array 1
[367.256s][debug][gc,humongous      ] GC(32998) Humongous region 844 (object size 1048592 @ 0x00000000b4c00000) remset 0 code roots 0 marked 1 reclaim candidate 0 type array 1
[367.256s][debug][gc,humongous      ] GC(32998) Humongous region 699 (object size 1048592 @ 0x00000000abb00000) remset 0 code roots 0 marked 1 reclaim candidate 0 type array 1
[367.256s][debug][gc,humongous      ] GC(32998) Humongous region 846 (object size 1048592 @ 0x00000000b4e00000) remset 0 code roots 0 marked 1 reclaim candidate 0 type array 1
[367.256s][debug][gc,humongous      ] GC(32998) Humongous region 701 (object size 1048592 @ 0x00000000abd00000) remset 0 code roots 0 marked 1 reclaim candidate 0 type array 1
[367.256s][debug][gc,humongous      ] GC(32998) Humongous region 848 (object size 1048592 @ 0x00000000b5000000) remset 0 code roots 0 marked 1 reclaim candidate 0 type array 1
[367.255s][debug][gc,humongous      ] GC(32998) Humongous region 1169 (object size 1048592 @ 0x00000000c9100000) remset 0 code roots 0 marked 1 reclaim candidate 0 type array 1
[367.256s][debug][gc,humongous      ] GC(32998) Humongous region 850 (object size 1048592 @ 0x00000000b5200000) remset 0 code roots 0 marked 1 reclaim candidate 0 type array 1
[367.256s][debug][gc,humongous      ] GC(32998) Humongous region 1171 (object size 1048592 @ 0x00000000c9300000) remset 0 code roots 0 marked 1 reclaim candidate 0 type array 1
[367.256s][debug][gc,humongous      ] GC(32998) Humongous region 852 (object size 1048592 @ 0x00000000b5400000) remset 0 code roots 0 marked 1 reclaim candidate 0 type array 1
[367.256s][debug][gc,humongous      ] GC(32998) Humongous region 1173 (object size 1048592 @ 0x00000000c9500000) remset 0 code roots 0 marked 1 reclaim candidate 0 type array 1
[367.256s][debug][gc,humongous      ] GC(32998) Humongous region 854 (object size 1048592 @ 0x00000000b5600000) remset 0 code roots 0 marked 1 reclaim candidate 0 type array 1
[367.256s][debug][gc,humongous      ] GC(32998) Humongous region 1175 (object size 1048592 @ 0x00000000c9700000) remset 0 code roots 0 marked 1 reclaim candidate 0 type array 1
[367.255s][debug][gc,humongous      ] GC(32998) Humongous region 82 (object size 1048592 @ 0x0000000085200000) remset 0 code roots 0 marked 1 reclaim candidate 0 type array 1
[367.256s][debug][gc,humongous      ] GC(32998) Humongous region 1177 (object size 1048592 @ 0x00000000c9900000) remset 0 code roots 0 marked 1 reclaim candidate 0 type array 1
[367.255s][debug][gc,humongous      ] GC(32998) Humongous region 349 (object size 1048592 @ 0x0000000095d00000) remset 0 code roots 0 marked 1 reclaim candidate 0 type array 1
[367.256s][debug][gc,humongous      ] GC(32998) Humongous region 1179 (object size 1048592 @ 0x00000000c9b00000) remset 0 code roots 0 marked 1 reclaim candidate 0 type array 1
[367.256s][debug][gc,humongous      ] GC(32998) Humongous region 703 (object size 1048592 @ 0x00000000abf00000) remset 0 code roots 0 marked 1 reclaim candidate 0 type array 1
[367.256s][debug][gc,humongous      ] GC(32998) Humongous region 1181 (object size 1048592 @ 0x00000000c9d00000) remset 0 code roots 0 marked 0 reclaim candidate 0 type array 1
[367.256s][debug][gc,humongous      ] GC(32998) Humongous region 705 (object size 1048592 @ 0x00000000ac100000) remset 0 code roots 0 marked 1 reclaim candidate 0 type array 1
[367.255s][debug][gc,humongous      ] GC(32998) Humongous region 248 (object size 1048592 @ 0x000000008f800000) remset 0 code roots 0 marked 1 reclaim candidate 0 type array 1
[367.256s][debug][gc,humongous      ] GC(32998) Humongous region 1034 (object size 1048592 @ 0x00000000c0a00000) remset 0 code roots 0 marked 1 reclaim candidate 0 type array 1
[367.255s][debug][gc,humongous      ] GC(32998) Humongous region 1962 (object size 1048592 @ 0x00000000faa00000) remset 0 code roots 0 marked 1 reclaim candidate 0 type array 1
[367.256s][debug][gc,humongous      ] GC(32998) Humongous region 1036 (object size 1048592 @ 0x00000000c0c00000) remset 0 code roots 0 marked 1 reclaim candidate 0 type array 1
[367.256s][debug][gc,humongous      ] GC(32998) Humongous region 1964 (object size 1048592 @ 0x00000000fac00000) remset 0 code roots 0 marked 1 reclaim candidate 0 type array 1
[367.256s][debug][gc,humongous      ] GC(32998) Humongous region 85 (object size 1048592 @ 0x0000000085500000) remset 0 code roots 0 marked 1 reclaim candidate 0 type array 1
[367.256s][debug][gc,humongous      ] GC(32998) Humongous region 87 (object size 1048592 @ 0x0000000085700000) remset 0 code roots 0 marked 1 reclaim candidate 0 type array 1
[367.255s][debug][gc,humongous      ] GC(32998) Humongous region 1816 (object size 1048592 @ 0x00000000f1800000) remset 0 code roots 0 marked 1 reclaim candidate 0 type array 1
[367.256s][debug][gc,humongous      ] GC(32998) Humongous region 1515 (object size 1048592 @ 0x00000000deb00000) remset 0 code roots 0 marked 1 reclaim candidate 0 type array 1
[367.256s][debug][gc,humongous      ] GC(32998) Humongous region 1818 (object size 1048592 @ 0x00000000f1a00000) remset 0 code roots 0 marked 1 reclaim candidate 0 type array 1
[367.255s][debug][gc,humongous      ] GC(32998) Humongous region 554 (object size 1048592 @ 0x00000000a2a00000) remset 0 code roots 0 marked 1 reclaim candidate 0 type array 1
[367.256s][debug][gc,humongous      ] GC(32998) Humongous region 1183 (object size 1048592 @ 0x00000000c9f00000) remset 0 code roots 0 marked 1 reclaim candidate 0 type array 1
[367.256s][debug][gc,humongous      ] GC(32998) Humongous region 707 (object size 1048592 @ 0x00000000ac300000) remset 0 code roots 0 marked 1 reclaim candidate 0 type array 1
[367.256s][debug][gc,humongous      ] GC(32998) Humongous region 250 (object size 1048592 @ 0x000000008fa00000) remset 0 code roots 0 marked 1 reclaim candidate 0 type array 1
[367.256s][debug][gc,humongous      ] GC(32998) Humongous region 709 (object size 1048592 @ 0x00000000ac500000) remset 0 code roots 0 marked 1 reclaim candidate 0 type array 1
[367.256s][debug][gc,humongous      ] GC(32998) Humongous region 856 (object size 1048592 @ 0x00000000b5800000) remset 0 code roots 0 marked 1 reclaim candidate 0 type array 1
[367.256s][debug][gc,humongous      ] GC(32998) Humongous region 1038 (object size 1048592 @ 0x00000000c0e00000) remset 0 code roots 0 marked 1 reclaim candidate 0 type array 1
[367.255s][debug][gc,humongous      ] GC(32998) Humongous region 1645 (object size 1048592 @ 0x00000000e6d00000) remset 0 code roots 0 marked 1 reclaim candidate 0 type array 1
[367.256s][debug][gc,humongous      ] GC(32998) Humongous region 1966 (object size 1048592 @ 0x00000000fae00000) remset 0 code roots 0 marked 1 reclaim candidate 0 type array 1
[367.256s][debug][gc,humongous      ] GC(32998) Humongous region 1647 (object size 1048592 @ 0x00000000e6f00000) remset 0 code roots 0 marked 1 reclaim candidate 0 type array 1
[367.256s][debug][gc,humongous      ] GC(32998) Humongous region 89 (object size 1048592 @ 0x0000000085900000) remset 0 code roots 0 marked 1 reclaim candidate 0 type array 1
[367.256s][debug][gc,humongous      ] GC(32998) Humongous region 1649 (object size 1048592 @ 0x00000000e7100000) remset 0 code roots 0 marked 1 reclaim candidate 0 type array 1
[367.256s][debug][gc,humongous      ] GC(32998) Humongous region 91 (object size 1048592 @ 0x0000000085b00000) remset 0 code roots 0 marked 1 reclaim candidate 0 type array 1
[367.256s][debug][gc,humongous      ] GC(32998) Humongous region 556 (object size 1048592 @ 0x00000000a2c00000) remset 0 code roots 0 marked 1 reclaim candidate 0 type array 1
[367.256s][debug][gc,humongous      ] GC(32998) Humongous region 93 (object size 1048592 @ 0x0000000085d00000) remset 0 code roots 0 marked 1 reclaim candidate 0 type array 1
[367.255s][debug][gc,humongous      ] GC(32998) Humongous region 1481 (object size 1048592 @ 0x00000000dc900000) remset 0 code roots 0 marked 1 reclaim candidate 0 type array 1
[367.256s][debug][gc,humongous      ] GC(32998) Humongous region 252 (object size 1048592 @ 0x000000008fc00000) remset 0 code roots 0 marked 1 reclaim candidate 0 type array 1
[367.256s][debug][gc,humongous      ] GC(32998) Humongous region 711 (object size 1048592 @ 0x00000000ac700000) remset 0 code roots 0 marked 1 reclaim candidate 0 type array 1
[367.257s][debug][gc,humongous      ] GC(32998) Humongous region 254 (object size 1048592 @ 0x000000008fe00000) remset 0 code roots 0 marked 1 reclaim candidate 0 type array 1
[367.257s][debug][gc,humongous      ] GC(32998) Humongous region 713 (object size 1048592 @ 0x00000000ac900000) remset 0 code roots 0 marked 1 reclaim candidate 0 type array 1
[367.256s][debug][gc,humongous      ] GC(32998) Humongous region 351 (object size 1048592 @ 0x0000000095f00000) remset 0 code roots 0 marked 1 reclaim candidate 0 type array 1
[367.257s][debug][gc,humongous      ] GC(32998) Humongous region 353 (object size 1048592 @ 0x0000000096100000) remset 0 code roots 0 marked 1 reclaim candidate 0 type array 1
[367.257s][debug][gc,humongous      ] GC(32998) Humongous region 355 (object size 1048592 @ 0x0000000096300000) remset 0 code roots 0 marked 1 reclaim candidate 0 type array 1
[367.256s][debug][gc,humongous      ] GC(32998) Humongous region 1517 (object size 1048592 @ 0x00000000ded00000) remset 0 code roots 0 marked 1 reclaim candidate 0 type array 1
[367.257s][debug][gc,humongous      ] GC(32998) Humongous region 357 (object size 1048592 @ 0x0000000096500000) remset 0 code roots 0 marked 1 reclaim candidate 0 type array 1
[367.256s][debug][gc,humongous      ] GC(32998) Humongous region 1820 (object size 1048592 @ 0x00000000f1c00000) remset 0 code roots 0 marked 1 reclaim candidate 0 type array 1
[367.256s][debug][gc,humongous      ] GC(32998) Humongous region 558 (object size 1048592 @ 0x00000000a2e00000) remset 0 code roots 0 marked 1 reclaim candidate 0 type array 1
[367.257s][debug][gc,humongous      ] GC(32998) Humongous region 560 (object size 1048592 @ 0x00000000a3000000) remset 0 code roots 0 marked 1 reclaim candidate 0 type array 1
[367.256s][debug][gc,humongous      ] GC(32998) Humongous region 95 (object size 1048592 @ 0x0000000085f00000) remset 0 code roots 0 marked 1 reclaim candidate 0 type array 1
[367.256s][debug][gc,humongous      ] GC(32998) Humongous region 1040 (object size 1048592 @ 0x00000000c1000000) remset 0 code roots 0 marked 1 reclaim candidate 0 type array 1
[367.257s][debug][gc,humongous      ] GC(32998) Humongous region 97 (object size 1048592 @ 0x0000000086100000) remset 0 code roots 0 marked 1 reclaim candidate 0 type array 1
[367.257s][debug][gc,humongous      ] GC(32998) Humongous region 256 (object size 1048592 @ 0x0000000090000000) remset 0 code roots 0 marked 1 reclaim candidate 0 type array 1
[367.257s][debug][gc,humongous      ] GC(32998) Humongous region 99 (object size 1048592 @ 0x0000000086300000) remset 0 code roots 0 marked 1 reclaim candidate 0 type array 1
[367.256s][debug][gc,humongous      ] GC(32998) Humongous region 1968 (object size 1048592 @ 0x00000000fb000000) remset 0 code roots 0 marked 1 reclaim candidate 0 type array 1
[367.257s][debug][gc,humongous      ] GC(32998) Humongous region 101 (object size 1048592 @ 0x0000000086500000) remset 0 code roots 0 marked 1 reclaim candidate 0 type array 1
[367.256s][debug][gc,humongous      ] GC(32998) Humongous region 1185 (object size 1048592 @ 0x00000000ca100000) remset 0 code roots 0 marked 1 reclaim candidate 0 type array 1
[367.257s][debug][gc,humongous      ] GC(32998) Humongous region 1521 (object size 1048592 @ 0x00000000df100000) remset 0 code roots 0 marked 1 reclaim candidate 0 type array 1
[367.257s][debug][gc,humongous      ] GC(32998) Humongous region 359 (object size 1048592 @ 0x0000000096700000) remset 0 code roots 0 marked 1 reclaim candidate 0 type array 1
[367.257s][debug][gc,humongous      ] GC(32998) Humongous region 1822 (object size 1048592 @ 0x00000000f1e00000) remset 0 code roots 0 marked 1 reclaim candidate 0 type array 1
[367.257s][debug][gc,humongous      ] GC(32998) Humongous region 361 (object size 1048592 @ 0x0000000096900000) remset 0 code roots 0 marked 1 reclaim candidate 0 type array 1
[367.257s][debug][gc,humongous      ] GC(32998) Humongous region 1824 (object size 1048592 @ 0x00000000f2000000) remset 0 code roots 0 marked 1 reclaim candidate 0 type array 1
[367.257s][debug][gc,humongous      ] GC(32998) Humongous region 363 (object size 1048592 @ 0x0000000096b00000) remset 0 code roots 0 marked 1 reclaim candidate 0 type array 1
[367.257s][debug][gc,humongous      ] GC(32998) Humongous region 715 (object size 1048592 @ 0x00000000acb00000) remset 0 code roots 0 marked 1 reclaim candidate 1 type array 1
[367.257s][debug][gc,humongous      ] GC(32998) Humongous region 258 (object size 1048592 @ 0x0000000090200000) remset 0 code roots 0 marked 1 reclaim candidate 0 type array 1
[367.256s][debug][gc,humongous      ] GC(32998) Humongous region 1651 (object size 1048592 @ 0x00000000e7300000) remset 0 code roots 0 marked 1 reclaim candidate 0 type array 1
[367.257s][debug][gc,humongous      ] GC(32998) Humongous region 1970 (object size 1048592 @ 0x00000000fb200000) remset 0 code roots 0 marked 1 reclaim candidate 0 type array 1
[367.257s][debug][gc,humongous      ] GC(32998) Humongous region 1653 (object size 1048592 @ 0x00000000e7500000) remset 0 code roots 0 marked 1 reclaim candidate 0 type array 1
[367.257s][debug][gc,humongous      ] GC(32998) Humongous region 1972 (object size 1048592 @ 0x00000000fb400000) remset 0 code roots 0 marked 1 reclaim candidate 0 type array 1
[367.257s][debug][gc,humongous      ] GC(32998) Humongous region 1655 (object size 1048592 @ 0x00000000e7700000) remset 0 code roots 0 marked 1 reclaim candidate 0 type array 1
[367.257s][debug][gc,humongous      ] GC(32998) Humongous region 1519 (object size 1048592 @ 0x00000000def00000) remset 0 code roots 0 marked 1 reclaim candidate 0 type array 1
[367.257s][debug][gc,humongous      ] GC(32998) Humongous region 103 (object size 1048592 @ 0x0000000086700000) remset 0 code roots 0 marked 1 reclaim candidate 0 type array 1
[367.257s][debug][gc,humongous      ] GC(32998) Humongous region 1042 (object size 1048592 @ 0x00000000c1200000) remset 0 code roots 0 marked 1 reclaim candidate 0 type array 1
[367.257s][debug][gc,humongous      ] GC(32998) Humongous region 1826 (object size 1048592 @ 0x00000000f2200000) remset 0 code roots 0 marked 1 reclaim candidate 0 type array 1
[367.257s][debug][gc,humongous      ] GC(32998) Humongous region 1044 (object size 1048592 @ 0x00000000c1400000) remset 0 code roots 0 marked 1 reclaim candidate 0 type array 1
[367.257s][debug][gc,humongous      ] GC(32998) Humongous region 1828 (object size 1048592 @ 0x00000000f2400000) remset 0 code roots 0 marked 1 reclaim candidate 0 type array 1
[367.257s][debug][gc,humongous      ] GC(32998) Humongous region 1046 (object size 1048592 @ 0x00000000c1600000) remset 0 code roots 0 marked 1 reclaim candidate 0 type array 1
[367.257s][debug][gc,humongous      ] GC(32998) Humongous region 1523 (object size 1048592 @ 0x00000000df300000) remset 0 code roots 0 marked 1 reclaim candidate 0 type array 1
[367.257s][debug][gc,humongous      ] GC(32998) Humongous region 1048 (object size 1048592 @ 0x00000000c1800000) remset 0 code roots 0 marked 1 reclaim candidate 0 type array 1
[367.257s][debug][gc,humongous      ] GC(32998) Humongous region 1527 (object size 1048592 @ 0x00000000df700000) remset 0 code roots 0 marked 1 reclaim candidate 0 type array 1
[367.257s][debug][gc,humongous      ] GC(32998) Humongous region 1050 (object size 1048592 @ 0x00000000c1a00000) remset 0 code roots 0 marked 1 reclaim candidate 0 type array 1
[367.257s][debug][gc,humongous      ] GC(32998) Humongous region 1525 (object size 1048592 @ 0x00000000df500000) remset 0 code roots 0 marked 1 reclaim candidate 0 type array 1
[367.257s][debug][gc,humongous      ] GC(32998) Humongous region 562 (object size 1048592 @ 0x00000000a3200000) remset 0 code roots 0 marked 1 reclaim candidate 0 type array 1
[367.257s][debug][gc,humongous      ] GC(32998) Humongous region 105 (object size 1048592 @ 0x0000000086900000) remset 0 code roots 0 marked 1 reclaim candidate 0 type array 1
[367.257s][debug][gc,humongous      ] GC(32998) Humongous region 365 (object size 1048592 @ 0x0000000096d00000) remset 0 code roots 0 marked 1 reclaim candidate 0 type array 1
[367.257s][debug][gc,humongous      ] GC(32998) Humongous region 260 (object size 1048592 @ 0x0000000090400000) remset 0 code roots 0 marked 1 reclaim candidate 0 type array 1
[367.256s][debug][gc,humongous      ] GC(32998) Humongous region 858 (object size 1048592 @ 0x00000000b5a00000) remset 0 code roots 0 marked 1 reclaim candidate 0 type array 1
[367.257s][debug][gc,humongous      ] GC(32998) Humongous region 1830 (object size 1048592 @ 0x00000000f2600000) remset 0 code roots 0 marked 1 reclaim candidate 0 type array 1
[367.257s][debug][gc,humongous      ] GC(32998) Humongous region 1187 (object size 1048592 @ 0x00000000ca300000) remset 0 code roots 0 marked 1 reclaim candidate 0 type array 1
[367.257s][debug][gc,humongous      ] GC(32998) Humongous region 1974 (object size 1048592 @ 0x00000000fb600000) remset 0 code roots 0 marked 1 reclaim candidate 0 type array 1
[367.257s][debug][gc,humongous      ] GC(32998) Humongous region 1189 (object size 1048592 @ 0x00000000ca500000) remset 0 code roots 0 marked 1 reclaim candidate 0 type array 1
[367.257s][debug][gc,humongous      ] GC(32998) Humongous region 1976 (object size 1048592 @ 0x00000000fb800000) remset 0 code roots 0 marked 1 reclaim candidate 0 type array 1
[367.257s][debug][gc,humongous      ] GC(32998) Humongous region 1531 (object size 1048592 @ 0x00000000dfb00000) remset 0 code roots 0 marked 0 reclaim candidate 1 type array 1
[367.257s][debug][gc,humongous      ] GC(32998) Humongous region 1978 (object size 1048592 @ 0x00000000fba00000) remset 0 code roots 0 marked 1 reclaim candidate 0 type array 1
[367.257s][debug][gc,humongous      ] GC(32998) Humongous region 564 (object size 1048592 @ 0x00000000a3400000) remset 0 code roots 0 marked 1 reclaim candidate 0 type array 1
[367.257s][debug][gc,humongous      ] GC(32998) Humongous region 1980 (object size 1048592 @ 0x00000000fbc00000) remset 0 code roots 0 marked 1 reclaim candidate 0 type array 1
[367.257s][debug][gc,humongous      ] GC(32998) Humongous region 107 (object size 1048592 @ 0x0000000086b00000) remset 0 code roots 0 marked 1 reclaim candidate 0 type array 1
[367.257s][debug][gc,humongous      ] GC(32998) Humongous region 262 (object size 1048592 @ 0x0000000090600000) remset 0 code roots 0 marked 1 reclaim candidate 0 type array 1
[367.257s][debug][gc,humongous      ] GC(32998) Humongous region 264 (object size 1048592 @ 0x0000000090800000) remset 0 code roots 0 marked 1 reclaim candidate 0 type array 1
[367.257s][debug][gc,humongous      ] GC(32998) Humongous region 860 (object size 1048592 @ 0x00000000b5c00000) remset 0 code roots 0 marked 1 reclaim candidate 0 type array 1
[367.257s][debug][gc,humongous      ] GC(32998) Humongous region 862 (object size 1048592 @ 0x00000000b5e00000) remset 0 code roots 0 marked 1 reclaim candidate 0 type array 1
[367.257s][debug][gc,humongous      ] GC(32998) Humongous region 1529 (object size 1048592 @ 0x00000000df900000) remset 0 code roots 0 marked 1 reclaim candidate 0 type array 1
[367.257s][debug][gc,humongous      ] GC(32998) Humongous region 1191 (object size 1048592 @ 0x00000000ca700000) remset 0 code roots 0 marked 1 reclaim candidate 0 type array 1
[367.257s][debug][gc,humongous      ] GC(32998) Humongous region 1193 (object size 1048592 @ 0x00000000ca900000) remset 0 code roots 0 marked 1 reclaim candidate 0 type array 1
[367.257s][debug][gc,humongous      ] GC(32998) Humongous region 1533 (object size 1048592 @ 0x00000000dfd00000) remset 0 code roots 0 marked 1 reclaim candidate 0 type array 1
[367.257s][debug][gc,humongous      ] GC(32998) Humongous region 717 (object size 1048592 @ 0x00000000acd00000) remset 0 code roots 0 marked 1 reclaim candidate 0 type array 1
[367.257s][debug][gc,humongous      ] GC(32998) Humongous region 1537 (object size 1048592 @ 0x00000000e0100000) remset 0 code roots 0 marked 1 reclaim candidate 0 type array 1
[367.257s][debug][gc,humongous      ] GC(32998) Humongous region 719 (object size 1048592 @ 0x00000000acf00000) remset 0 code roots 0 marked 1 reclaim candidate 0 type array 1
[367.257s][debug][gc,humongous      ] GC(32998) Humongous region 1539 (object size 1048592 @ 0x00000000e0300000) remset 0 code roots 0 marked 1 reclaim candidate 0 type array 1
[367.257s][debug][gc,humongous      ] GC(32998) Humongous region 721 (object size 1048592 @ 0x00000000ad100000) remset 0 code roots 0 marked 1 reclaim candidate 0 type array 1
[367.257s][debug][gc,humongous      ] GC(32998) Humongous region 109 (object size 1048592 @ 0x0000000086d00000) remset 0 code roots 0 marked 1 reclaim candidate 0 type array 1
[367.257s][debug][gc,humongous      ] GC(32998) Humongous region 1541 (object size 1048592 @ 0x00000000e0500000) remset 0 code roots 0 marked 1 reclaim candidate 0 type array 1
[367.257s][debug][gc,humongous      ] GC(32998) Humongous region 266 (object size 1048592 @ 0x0000000090a00000) remset 0 code roots 0 marked 1 reclaim candidate 0 type array 1
[367.257s][debug][gc,humongous      ] GC(32998) Humongous region 1657 (object size 1048592 @ 0x00000000e7900000) remset 0 code roots 0 marked 1 reclaim candidate 0 type array 1
[367.257s][debug][gc,humongous      ] GC(32998) Humongous region 865 (object size 1048592 @ 0x00000000b6100000) remset 0 code roots 0 marked 1 reclaim candidate 0 type array 1
[367.257s][debug][gc,humongous      ] GC(32998) Humongous region 268 (object size 1048592 @ 0x0000000090c00000) remset 0 code roots 0 marked 1 reclaim candidate 0 type array 1
[367.257s][debug][gc,humongous      ] GC(32998) Humongous region 1659 (object size 1048592 @ 0x00000000e7b00000) remset 0 code roots 0 marked 0 reclaim candidate 1 type array 1
[367.257s][debug][gc,humongous      ] GC(32998) Humongous region 1052 (object size 1048592 @ 0x00000000c1c00000) remset 0 code roots 0 marked 1 reclaim candidate 0 type array 1
[367.257s][debug][gc,humongous      ] GC(32998) Humongous region 1661 (object size 1048592 @ 0x00000000e7d00000) remset 0 code roots 0 marked 1 reclaim candidate 0 type array 1
[367.257s][debug][gc,humongous      ] GC(32998) Humongous region 1982 (object size 1048592 @ 0x00000000fbe00000) remset 0 code roots 0 marked 1 reclaim candidate 0 type array 1
[367.257s][debug][gc,humongous      ] GC(32998) Humongous region 1663 (object size 1048592 @ 0x00000000e7f00000) remset 0 code roots 0 marked 1 reclaim candidate 0 type array 1
[367.257s][debug][gc,humongous      ] GC(32998) Humongous region 1832 (object size 1048592 @ 0x00000000f2800000) remset 0 code roots 0 marked 1 reclaim candidate 0 type array 1
[367.258s][debug][gc,humongous      ] GC(32998) Humongous region 1665 (object size 1048592 @ 0x00000000e8100000) remset 0 code roots 0 marked 1 reclaim candidate 0 type array 1
[367.257s][debug][gc,humongous      ] GC(32998) Humongous region 111 (object size 1048592 @ 0x0000000086f00000) remset 0 code roots 0 marked 1 reclaim candidate 0 type array 1
[367.257s][debug][gc,humongous      ] GC(32998) Humongous region 1543 (object size 1048592 @ 0x00000000e0700000) remset 0 code roots 0 marked 1 reclaim candidate 0 type array 1
[367.258s][debug][gc,humongous      ] GC(32998) Humongous region 113 (object size 1048592 @ 0x0000000087100000) remset 0 code roots 0 marked 1 reclaim candidate 0 type array 1
[367.258s][debug][gc,humongous      ] GC(32998) Humongous region 1545 (object size 1048592 @ 0x00000000e0900000) remset 0 code roots 0 marked 1 reclaim candidate 0 type array 1
[367.257s][debug][gc,humongous      ] GC(32998) Humongous region 1195 (object size 1048592 @ 0x00000000cab00000) remset 0 code roots 0 marked 1 reclaim candidate 0 type array 1
[367.257s][debug][gc,humongous      ] GC(32998) Humongous region 566 (object size 1048592 @ 0x00000000a3600000) remset 0 code roots 0 marked 1 reclaim candidate 0 type array 1
[367.258s][debug][gc,humongous      ] GC(32998) Humongous region 568 (object size 1048592 @ 0x00000000a3800000) remset 0 code roots 0 marked 1 reclaim candidate 0 type array 1
[367.258s][debug][gc,humongous      ] GC(32998) Humongous region 1197 (object size 1048592 @ 0x00000000cad00000) remset 0 code roots 0 marked 1 reclaim candidate 0 type array 1
[367.258s][debug][gc,humongous      ] GC(32998) Humongous region 570 (object size 1048592 @ 0x00000000a3a00000) remset 0 code roots 0 marked 0 reclaim candidate 0 type array 1
[367.257s][debug][gc,humongous      ] GC(32998) Humongous region 723 (object size 1048592 @ 0x00000000ad300000) remset 0 code roots 0 marked 1 reclaim candidate 0 type array 1
[367.257s][debug][gc,humongous      ] GC(32998) Humongous region 1535 (object size 1048592 @ 0x00000000dff00000) remset 0 code roots 0 marked 1 reclaim candidate 0 type array 1
[367.258s][debug][gc,humongous      ] GC(32998) Humongous region 1834 (object size 1048592 @ 0x00000000f2a00000) remset 0 code roots 0 marked 1 reclaim candidate 0 type array 1
[367.258s][debug][gc,humongous      ] GC(32998) Humongous region 1667 (object size 1048592 @ 0x00000000e8300000) remset 0 code roots 0 marked 1 reclaim candidate 0 type array 1
[367.258s][debug][gc,humongous      ] GC(32998) Humongous region 1836 (object size 1048592 @ 0x00000000f2c00000) remset 0 code roots 0 marked 1 reclaim candidate 0 type array 1
[367.258s][debug][gc,humongous      ] GC(32998) Humongous region 1669 (object size 1048592 @ 0x00000000e8500000) remset 0 code roots 0 marked 1 reclaim candidate 0 type array 1
[367.258s][debug][gc,humongous      ] GC(32998) Humongous region 115 (object size 1048592 @ 0x0000000087300000) remset 0 code roots 0 marked 1 reclaim candidate 0 type array 1
[367.258s][debug][gc,humongous      ] GC(32998) Humongous region 1672 (object size 1048592 @ 0x00000000e8800000) remset 0 code roots 0 marked 1 reclaim candidate 0 type array 1
[367.258s][debug][gc,humongous      ] GC(32998) Humongous region 1674 (object size 1048592 @ 0x00000000e8a00000) remset 0 code roots 0 marked 1 reclaim candidate 0 type array 1
[367.257s][debug][gc,humongous      ] GC(32998) Humongous region 1054 (object size 1048592 @ 0x00000000c1e00000) remset 0 code roots 0 marked 0 reclaim candidate 0 type array 1
[367.258s][debug][gc,humongous      ] GC(32998) Humongous region 1199 (object size 1048592 @ 0x00000000caf00000) remset 0 code roots 0 marked 1 reclaim candidate 0 type array 1
[367.258s][debug][gc,humongous      ] GC(32998) Humongous region 1056 (object size 1048592 @ 0x00000000c2000000) remset 0 code roots 0 marked 1 reclaim candidate 0 type array 1
[367.258s][debug][gc,humongous      ] GC(32998) Humongous region 572 (object size 1048592 @ 0x00000000a3c00000) remset 0 code roots 0 marked 1 reclaim candidate 0 type array 1
[367.258s][debug][gc,humongous      ] GC(32998) Humongous region 725 (object size 1048592 @ 0x00000000ad500000) remset 0 code roots 0 marked 1 reclaim candidate 0 type array 1
[367.258s][debug][gc,humongous      ] GC(32998) Humongous region 574 (object size 1048592 @ 0x00000000a3e00000) remset 0 code roots 0 marked 1 reclaim candidate 0 type array 1
[367.258s][debug][gc,humongous      ] GC(32998) Humongous region 727 (object size 1048592 @ 0x00000000ad700000) remset 0 code roots 0 marked 1 reclaim candidate 0 type array 1
[367.257s][debug][gc,humongous      ] GC(32998) Humongous region 270 (object size 1048592 @ 0x0000000090e00000) remset 0 code roots 0 marked 1 reclaim candidate 0 type array 1
[367.258s][debug][gc,humongous      ] GC(32998) Humongous region 729 (object size 1048592 @ 0x00000000ad900000) remset 0 code roots 0 marked 1 reclaim candidate 0 type array 1
[367.258s][debug][gc,humongous      ] GC(32998) Humongous region 1547 (object size 1048592 @ 0x00000000e0b00000) remset 0 code roots 0 marked 1 reclaim candidate 0 type array 1
[367.258s][debug][gc,humongous      ] GC(32998) Humongous region 117 (object size 1048592 @ 0x0000000087500000) remset 0 code roots 0 marked 1 reclaim candidate 0 type array 1
[367.258s][debug][gc,humongous      ] GC(32998) Humongous region 1551 (object size 1048592 @ 0x00000000e0f00000) remset 0 code roots 0 marked 1 reclaim candidate 0 type array 1
[367.257s][debug][gc,humongous      ] GC(32998) Humongous region 1984 (object size 1048592 @ 0x00000000fc000000) remset 0 code roots 0 marked 1 reclaim candidate 0 type array 1
[367.258s][debug][gc,humongous      ] GC(32998) Humongous region 119 (object size 1048592 @ 0x0000000087700000) remset 0 code roots 0 marked 1 reclaim candidate 0 type array 1
[367.257s][debug][gc,humongous      ] GC(32998) Humongous region 367 (object size 1048592 @ 0x0000000096f00000) remset 0 code roots 0 marked 1 reclaim candidate 0 type array 1
[367.258s][debug][gc,humongous      ] GC(32998) Humongous region 121 (object size 1048592 @ 0x0000000087900000) remset 0 code roots 0 marked 1 reclaim candidate 0 type array 1
[367.258s][debug][gc,humongous      ] GC(32998) Humongous region 1549 (object size 1048592 @ 0x00000000e0d00000) remset 0 code roots 0 marked 1 reclaim candidate 0 type array 1
[367.258s][debug][gc,humongous      ] GC(32998) Humongous region 576 (object size 1048592 @ 0x00000000a4000000) remset 0 code roots 0 marked 1 reclaim candidate 0 type array 1
[367.258s][debug][gc,humongous      ] GC(32998) Humongous region 1838 (object size 1048592 @ 0x00000000f2e00000) remset 0 code roots 0 marked 1 reclaim candidate 0 type array 1
[367.258s][debug][gc,humongous      ] GC(32998) Humongous region 578 (object size 1048592 @ 0x00000000a4200000) remset 0 code roots 0 marked 1 reclaim candidate 0 type array 1
[367.258s][debug][gc,humongous      ] GC(32998) Humongous region 1840 (object size 1048592 @ 0x00000000f3000000) remset 0 code roots 0 marked 1 reclaim candidate 0 type array 1
[367.258s][debug][gc,humongous      ] GC(32998) Humongous region 731 (object size 1048592 @ 0x00000000adb00000) remset 0 code roots 0 marked 1 reclaim candidate 0 type array 1
[367.258s][debug][gc,humongous      ] GC(32998) Humongous region 1842 (object size 1048592 @ 0x00000000f3200000) remset 0 code roots 0 marked 1 reclaim candidate 0 type array 1
[367.258s][debug][gc,humongous      ] GC(32998) Humongous region 1553 (object size 1048592 @ 0x00000000e1100000) remset 0 code roots 0 marked 1 reclaim candidate 0 type array 1
[367.258s][debug][gc,humongous      ] GC(32998) Humongous region 1986 (object size 1048592 @ 0x00000000fc200000) remset 0 code roots 0 marked 1 reclaim candidate 0 type array 1
[367.258s][debug][gc,humongous      ] GC(32998) Humongous region 1557 (object size 1048592 @ 0x00000000e1500000) remset 0 code roots 0 marked 1 reclaim candidate 0 type array 1
[367.258s][debug][gc,humongous      ] GC(32998) Humongous region 1201 (object size 1048592 @ 0x00000000cb100000) remset 0 code roots 0 marked 1 reclaim candidate 0 type array 1
[367.258s][debug][gc,humongous      ] GC(32998) Humongous region 1059 (object size 1048592 @ 0x00000000c2300000) remset 0 code roots 0 marked 0 reclaim candidate 0 type array 1
[367.258s][debug][gc,humongous      ] GC(32998) Humongous region 123 (object size 1048592 @ 0x0000000087b00000) remset 0 code roots 0 marked 1 reclaim candidate 0 type array 1
[367.258s][debug][gc,humongous      ] GC(32998) Humongous region 1555 (object size 1048592 @ 0x00000000e1300000) remset 0 code roots 0 marked 1 reclaim candidate 0 type array 1
[367.258s][debug][gc,humongous      ] GC(32998) Humongous region 125 (object size 1048592 @ 0x0000000087d00000) remset 0 code roots 0 marked 1 reclaim candidate 0 type array 1
[367.258s][debug][gc,humongous      ] GC(32998) Humongous region 1561 (object size 1048592 @ 0x00000000e1900000) remset 0 code roots 0 marked 1 reclaim candidate 0 type array 1
[367.258s][debug][gc,humongous      ] GC(32998) Humongous region 127 (object size 1048592 @ 0x0000000087f00000) remset 0 code roots 0 marked 1 reclaim candidate 0 type array 1
[367.258s][debug][gc,humongous      ] GC(32998) Humongous region 272 (object size 1048592 @ 0x0000000091000000) remset 0 code roots 0 marked 1 reclaim candidate 0 type array 1
[367.258s][debug][gc,humongous      ] GC(32998) Humongous region 129 (object size 1048592 @ 0x0000000088100000) remset 0 code roots 0 marked 1 reclaim candidate 0 type array 1
[367.258s][debug][gc,humongous      ] GC(32998) Humongous region 1844 (object size 1048592 @ 0x00000000f3400000) remset 0 code roots 0 marked 1 reclaim candidate 0 type array 1
[367.258s][debug][gc,humongous      ] GC(32998) Humongous region 131 (object size 1048592 @ 0x0000000088300000) remset 0 code roots 0 marked 1 reclaim candidate 0 type array 1
[367.258s][debug][gc,humongous      ] GC(32998) Humongous region 1846 (object size 1048592 @ 0x00000000f3600000) remset 0 code roots 0 marked 1 reclaim candidate 0 type array 1
[367.258s][debug][gc,humongous      ] GC(32998) Humongous region 133 (object size 1048592 @ 0x0000000088500000) remset 0 code roots 0 marked 1 reclaim candidate 0 type array 1
[367.258s][debug][gc,humongous      ] GC(32998) Humongous region 1848 (object size 1048592 @ 0x00000000f3800000) remset 0 code roots 0 marked 1 reclaim candidate 0 type array 1
[367.258s][debug][gc,humongous      ] GC(32998) Humongous region 1061 (object size 1048592 @ 0x00000000c2500000) remset 0 code roots 0 marked 1 reclaim candidate 0 type array 1
[367.258s][debug][gc,humongous      ] GC(32998) Humongous region 369 (object size 1048592 @ 0x0000000097100000) remset 0 code roots 0 marked 1 reclaim candidate 0 type array 1
[367.258s][debug][gc,humongous      ] GC(32998) Humongous region 1063 (object size 1048592 @ 0x00000000c2700000) remset 0 code roots 0 marked 1 reclaim candidate 0 type array 1
[367.258s][debug][gc,humongous      ] GC(32998) Humongous region 1676 (object size 1048592 @ 0x00000000e8c00000) remset 0 code roots 0 marked 1 reclaim candidate 0 type array 1
[367.258s][debug][gc,humongous      ] GC(32998) Humongous region 1678 (object size 1048592 @ 0x00000000e8e00000) remset 0 code roots 0 marked 1 reclaim candidate 0 type array 1
[367.258s][debug][gc,humongous      ] GC(32998) Humongous region 1680 (object size 1048592 @ 0x00000000e9000000) remset 0 code roots 0 marked 1 reclaim candidate 0 type array 1
[367.258s][debug][gc,humongous      ] GC(32998) Humongous region 1988 (object size 1048592 @ 0x00000000fc400000) remset 0 code roots 0 marked 1 reclaim candidate 0 type array 1
[367.258s][debug][gc,humongous      ] GC(32998) Humongous region 1682 (object size 1048592 @ 0x00000000e9200000) remset 0 code roots 0 marked 1 reclaim candidate 0 type array 1
[367.258s][debug][gc,humongous      ] GC(32998) Humongous region 1559 (object size 1048592 @ 0x00000000e1700000) remset 0 code roots 0 marked 1 reclaim candidate 0 type array 1
[367.258s][debug][gc,humongous      ] GC(32998) Humongous region 1203 (object size 1048592 @ 0x00000000cb300000) remset 0 code roots 0 marked 1 reclaim candidate 0 type array 1
[367.258s][debug][gc,humongous      ] GC(32998) Humongous region 1565 (object size 1048592 @ 0x00000000e1d00000) remset 0 code roots 0 marked 1 reclaim candidate 0 type array 1
[367.258s][debug][gc,humongous      ] GC(32998) Humongous region 1205 (object size 1048592 @ 0x00000000cb500000) remset 0 code roots 0 marked 1 reclaim candidate 0 type array 1
[367.258s][debug][gc,humongous      ] GC(32998) Humongous region 1567 (object size 1048592 @ 0x00000000e1f00000) remset 0 code roots 0 marked 1 reclaim candidate 0 type array 1
[367.258s][debug][gc,humongous      ] GC(32998) Humongous region 1207 (object size 1048592 @ 0x00000000cb700000) remset 0 code roots 0 marked 1 reclaim candidate 0 type array 1
[367.258s][debug][gc,humongous      ] GC(32998) Humongous region 1065 (object size 1048592 @ 0x00000000c2900000) remset 0 code roots 0 marked 1 reclaim candidate 0 type array 1
[367.258s][debug][gc,humongous      ] GC(32998) Humongous region 1210 (object size 1048592 @ 0x00000000cba00000) remset 0 code roots 0 marked 1 reclaim candidate 0 type array 1
[367.258s][debug][gc,humongous      ] GC(32998) Humongous region 1563 (object size 1048592 @ 0x00000000e1b00000) remset 0 code roots 0 marked 1 reclaim candidate 0 type array 1
[367.258s][debug][gc,humongous      ] GC(32998) Humongous region 1212 (object size 1048592 @ 0x00000000cbc00000) remset 0 code roots 0 marked 1 reclaim candidate 0 type array 1
[367.258s][debug][gc,humongous      ] GC(32998) Humongous region 274 (object size 1048592 @ 0x0000000091200000) remset 0 code roots 0 marked 1 reclaim candidate 0 type array 1
[367.258s][debug][gc,humongous      ] GC(32998) Humongous region 1214 (object size 1048592 @ 0x00000000cbe00000) remset 0 code roots 0 marked 1 reclaim candidate 0 type array 1
[367.258s][debug][gc,humongous      ] GC(32998) Humongous region 1684 (object size 1048592 @ 0x00000000e9400000) remset 0 code roots 0 marked 1 reclaim candidate 0 type array 1
[367.258s][debug][gc,humongous      ] GC(32998) Humongous region 1216 (object size 1048592 @ 0x00000000cc000000) remset 0 code roots 0 marked 1 reclaim candidate 0 type array 1
[367.258s][debug][gc,humongous      ] GC(32998) Humongous region 135 (object size 1048592 @ 0x0000000088700000) remset 0 code roots 0 marked 1 reclaim candidate 0 type array 1
[367.259s][debug][gc,humongous      ] GC(32998) Humongous region 137 (object size 1048592 @ 0x0000000088900000) remset 0 code roots 0 marked 1 reclaim candidate 0 type array 1
[367.259s][debug][gc,humongous      ] GC(32998) Humongous region 139 (object size 1048592 @ 0x0000000088b00000) remset 0 code roots 0 marked 1 reclaim candidate 0 type array 1
[367.259s][debug][gc,humongous      ] GC(32998) Humongous region 141 (object size 1048592 @ 0x0000000088d00000) remset 0 code roots 0 marked 1 reclaim candidate 0 type array 1
[367.258s][debug][gc,humongous      ] GC(32998) Humongous region 733 (object size 1048592 @ 0x00000000add00000) remset 0 code roots 0 marked 1 reclaim candidate 0 type array 1
[367.259s][debug][gc,humongous      ] GC(32998) Humongous region 735 (object size 1048592 @ 0x00000000adf00000) remset 0 code roots 0 marked 1 reclaim candidate 0 type array 1
[367.259s][debug][gc,humongous      ] GC(32998) Humongous region 737 (object size 1048592 @ 0x00000000ae100000) remset 0 code roots 0 marked 1 reclaim candidate 0 type array 1
[367.258s][debug][gc,humongous      ] GC(32998) Humongous region 1990 (object size 1048592 @ 0x00000000fc600000) remset 0 code roots 0 marked 0 reclaim candidate 1 type array 1
[367.259s][debug][gc,humongous      ] GC(32998) Humongous region 739 (object size 1048592 @ 0x00000000ae300000) remset 0 code roots 0 marked 1 reclaim candidate 0 type array 1
[367.258s][debug][gc,humongous      ] GC(32998) Humongous region 276 (object size 1048592 @ 0x0000000091400000) remset 0 code roots 0 marked 1 reclaim candidate 0 type array 1
[367.259s][debug][gc,humongous      ] GC(32998) Humongous region 741 (object size 1048592 @ 0x00000000ae500000) remset 0 code roots 0 marked 1 reclaim candidate 0 type array 1
[367.259s][debug][gc,humongous      ] GC(32998) Humongous region 1686 (object size 1048592 @ 0x00000000e9600000) remset 0 code roots 0 marked 1 reclaim candidate 0 type array 1
[367.259s][debug][gc,humongous      ] GC(32998) Humongous region 278 (object size 1048592 @ 0x0000000091600000) remset 0 code roots 0 marked 1 reclaim candidate 0 type array 1
[367.259s][debug][gc,humongous      ] GC(32998) Humongous region 1218 (object size 1048592 @ 0x00000000cc200000) remset 0 code roots 0 marked 1 reclaim candidate 0 type array 1
[367.259s][debug][gc,humongous      ] GC(32998) Humongous region 280 (object size 1048592 @ 0x0000000091800000) remset 0 code roots 0 marked 1 reclaim candidate 0 type array 1
[367.259s][debug][gc,humongous      ] GC(32998) Humongous region 1220 (object size 1048592 @ 0x00000000cc400000) remset 0 code roots 0 marked 1 reclaim candidate 0 type array 1
[367.258s][debug][gc,humongous      ] GC(32998) Humongous region 1569 (object size 1048592 @ 0x00000000e2100000) remset 0 code roots 0 marked 1 reclaim candidate 0 type array 1
[367.258s][debug][gc,humongous      ] GC(32998) Humongous region 1067 (object size 1048592 @ 0x00000000c2b00000) remset 0 code roots 0 marked 1 reclaim candidate 0 type array 1
[367.259s][debug][gc,humongous      ] GC(32998) Humongous region 1573 (object size 1048592 @ 0x00000000e2500000) remset 0 code roots 0 marked 1 reclaim candidate 0 type array 1
[367.259s][debug][gc,humongous      ] GC(32998) Humongous region 143 (object size 1048592 @ 0x0000000088f00000) remset 0 code roots 0 marked 1 reclaim candidate 0 type array 1
[367.259s][debug][gc,humongous      ] GC(32998) Humongous region 1690 (object size 1048592 @ 0x00000000e9a00000) remset 0 code roots 0 marked 1 reclaim candidate 0 type array 1
[367.259s][debug][gc,humongous      ] GC(32998) Humongous region 1692 (object size 1048592 @ 0x00000000e9c00000) remset 0 code roots 0 marked 1 reclaim candidate 0 type array 1
[367.258s][debug][gc,humongous      ] GC(32998) Humongous region 1850 (object size 1048592 @ 0x00000000f3a00000) remset 0 code roots 0 marked 1 reclaim candidate 0 type array 1
[367.259s][debug][gc,humongous      ] GC(32998) Humongous region 1992 (object size 1048592 @ 0x00000000fc800000) remset 0 code roots 0 marked 1 reclaim candidate 0 type array 1
[367.259s][debug][gc,humongous      ] GC(32998) Humongous region 1852 (object size 1048592 @ 0x00000000f3c00000) remset 0 code roots 0 marked 1 reclaim candidate 0 type array 1
[367.258s][debug][gc,humongous      ] GC(32998) Humongous region 580 (object size 1048592 @ 0x00000000a4400000) remset 0 code roots 0 marked 1 reclaim candidate 0 type array 1
[367.258s][debug][gc,humongous      ] GC(32998) Humongous region 371 (object size 1048592 @ 0x0000000097300000) remset 0 code roots 0 marked 1 reclaim candidate 0 type array 1
[367.259s][debug][gc,humongous      ] GC(32998) Humongous region 373 (object size 1048592 @ 0x0000000097500000) remset 0 code roots 0 marked 1 reclaim candidate 0 type array 1
[367.258s][debug][gc,humongous      ] GC(32998) Humongous region 1571 (object size 1048592 @ 0x00000000e2300000) remset 0 code roots 0 marked 1 reclaim candidate 0 type array 1
[367.259s][debug][gc,humongous      ] GC(32998) Humongous region 375 (object size 1048592 @ 0x0000000097700000) remset 0 code roots 0 marked 1 reclaim candidate 0 type array 1
[367.259s][debug][gc,humongous      ] GC(32998) Humongous region 1069 (object size 1048592 @ 0x00000000c2d00000) remset 0 code roots 0 marked 1 reclaim candidate 0 type array 1
[367.259s][debug][gc,humongous      ] GC(32998) Humongous region 377 (object size 1048592 @ 0x0000000097900000) remset 0 code roots 0 marked 1 reclaim candidate 0 type array 1
[367.257s][debug][gc,humongous      ] GC(32998) Humongous region 867 (object size 1048592 @ 0x00000000b6300000) remset 0 code roots 0 marked 1 reclaim candidate 0 type array 1
[367.259s][debug][gc,humongous      ] GC(32998) Humongous region 379 (object size 1048592 @ 0x0000000097b00000) remset 0 code roots 0 marked 1 reclaim candidate 0 type array 1
[367.259s][debug][gc,humongous      ] GC(32998) Humongous region 1694 (object size 1048592 @ 0x00000000e9e00000) remset 0 code roots 0 marked 1 reclaim candidate 0 type array 1
[367.259s][debug][gc,humongous      ] GC(32998) Humongous region 381 (object size 1048592 @ 0x0000000097d00000) remset 0 code roots 0 marked 1 reclaim candidate 0 type array 1
[367.259s][debug][gc,humongous      ] GC(32998) Humongous region 1854 (object size 1048592 @ 0x00000000f3e00000) remset 0 code roots 0 marked 1 reclaim candidate 0 type array 1
[367.259s][debug][gc,humongous      ] GC(32998) Humongous region 1698 (object size 1048592 @ 0x00000000ea200000) remset 0 code roots 0 marked 1 reclaim candidate 0 type array 1
[367.259s][debug][gc,humongous      ] GC(32998) Humongous region 1856 (object size 1048592 @ 0x00000000f4000000) remset 0 code roots 0 marked 1 reclaim candidate 0 type array 1
[367.259s][debug][gc,humongous      ] GC(32998) Humongous region 1222 (object size 1048592 @ 0x00000000cc600000) remset 0 code roots 0 marked 1 reclaim candidate 0 type array 1
[367.259s][debug][gc,humongous      ] GC(32998) Humongous region 1858 (object size 1048592 @ 0x00000000f4200000) remset 0 code roots 0 marked 1 reclaim candidate 0 type array 1
[367.259s][debug][gc,humongous      ] GC(32998) Humongous region 1696 (object size 1048592 @ 0x00000000ea000000) remset 0 code roots 0 marked 1 reclaim candidate 0 type array 1
[367.259s][debug][gc,humongous      ] GC(32998) Humongous region 1860 (object size 1048592 @ 0x00000000f4400000) remset 0 code roots 0 marked 1 reclaim candidate 0 type array 1
[367.259s][debug][gc,humongous      ] GC(32998) Humongous region 145 (object size 1048592 @ 0x0000000089100000) remset 0 code roots 0 marked 1 reclaim candidate 0 type array 1
[367.259s][debug][gc,humongous      ] GC(32998) Humongous region 1862 (object size 1048592 @ 0x00000000f4600000) remset 0 code roots 0 marked 1 reclaim candidate 0 type array 1
[367.259s][debug][gc,humongous      ] GC(32998) Humongous region 1864 (object size 1048592 @ 0x00000000f4800000) remset 0 code roots 0 marked 0 reclaim candidate 1 type array 1
[367.259s][debug][gc,humongous      ] GC(32998) Humongous region 147 (object size 1048592 @ 0x0000000089300000) remset 0 code roots 0 marked 1 reclaim candidate 0 type array 1
[367.259s][debug][gc,humongous      ] GC(32998) Humongous region 1866 (object size 1048592 @ 0x00000000f4a00000) remset 0 code roots 0 marked 1 reclaim candidate 0 type array 1
[367.259s][debug][gc,humongous      ] GC(32998) Humongous region 383 (object size 1048592 @ 0x0000000097f00000) remset 0 code roots 0 marked 1 reclaim candidate 0 type array 1
[367.259s][debug][gc,humongous      ] GC(32998) Humongous region 1868 (object size 1048592 @ 0x00000000f4c00000) remset 0 code roots 0 marked 1 reclaim candidate 0 type array 1
[367.259s][debug][gc,humongous      ] GC(32998) Humongous region 582 (object size 1048592 @ 0x00000000a4600000) remset 0 code roots 0 marked 1 reclaim candidate 0 type array 1
[367.259s][debug][gc,humongous      ] GC(32998) Humongous region 282 (object size 1048592 @ 0x0000000091a00000) remset 0 code roots 0 marked 1 reclaim candidate 0 type array 1
[367.259s][debug][gc,humongous      ] GC(32998) Humongous region 584 (object size 1048592 @ 0x00000000a4800000) remset 0 code roots 0 marked 1 reclaim candidate 1 type array 1
[367.259s][debug][gc,humongous      ] GC(32998) Humongous region 1071 (object size 1048592 @ 0x00000000c2f00000) remset 0 code roots 0 marked 1 reclaim candidate 0 type array 1
[367.259s][debug][gc,humongous      ] GC(32998) Humongous region 586 (object size 1048592 @ 0x00000000a4a00000) remset 0 code roots 0 marked 1 reclaim candidate 0 type array 1
[367.259s][debug][gc,humongous      ] GC(32998) Humongous region 1073 (object size 1048592 @ 0x00000000c3100000) remset 0 code roots 0 marked 1 reclaim candidate 0 type array 1
[367.259s][debug][gc,humongous      ] GC(32998) Humongous region 588 (object size 1048592 @ 0x00000000a4c00000) remset 0 code roots 0 marked 1 reclaim candidate 0 type array 1
[367.259s][debug][gc,humongous      ] GC(32998) Humongous region 1075 (object size 1048592 @ 0x00000000c3300000) remset 0 code roots 0 marked 1 reclaim candidate 0 type array 1
[367.259s][debug][gc,humongous      ] GC(32998) Humongous region 869 (object size 1048592 @ 0x00000000b6500000) remset 0 code roots 0 marked 1 reclaim candidate 0 type array 1
[367.259s][debug][gc,humongous      ] GC(32998) Humongous region 1077 (object size 1048592 @ 0x00000000c3500000) remset 0 code roots 0 marked 1 reclaim candidate 0 type array 1
[367.259s][debug][gc,humongous      ] GC(32998) Humongous region 1700 (object size 1048592 @ 0x00000000ea400000) remset 0 code roots 0 marked 1 reclaim candidate 0 type array 1
[367.259s][debug][gc,humongous      ] GC(32998) Humongous region 871 (object size 1048592 @ 0x00000000b6700000) remset 0 code roots 0 marked 1 reclaim candidate 0 type array 1
[367.259s][debug][gc,humongous      ] GC(32998) Humongous region 385 (object size 1048592 @ 0x0000000098100000) remset 0 code roots 0 marked 1 reclaim candidate 0 type array 1
[367.259s][debug][gc,humongous      ] GC(32998) Humongous region 284 (object size 1048592 @ 0x0000000091c00000) remset 0 code roots 0 marked 1 reclaim candidate 0 type array 1
[367.260s][debug][gc,humongous      ] GC(32998) Humongous region 286 (object size 1048592 @ 0x0000000091e00000) remset 0 code roots 0 marked 1 reclaim candidate 0 type array 1
[367.259s][debug][gc,humongous      ] GC(32998) Humongous region 743 (object size 1048592 @ 0x00000000ae700000) remset 0 code roots 0 marked 1 reclaim candidate 0 type array 1
[367.260s][debug][gc,humongous      ] GC(32998) Humongous region 745 (object size 1048592 @ 0x00000000ae900000) remset 0 code roots 0 marked 1 reclaim candidate 0 type array 1
[367.259s][debug][gc,humongous      ] GC(32998) Humongous region 1688 (object size 1048592 @ 0x00000000e9800000) remset 0 code roots 0 marked 1 reclaim candidate 0 type array 1
[367.260s][debug][gc,humongous      ] GC(32998) Humongous region 747 (object size 1048592 @ 0x00000000aeb00000) remset 0 code roots 0 marked 1 reclaim candidate 0 type array 1
[367.260s][debug][gc,humongous      ] GC(32998) Humongous region 1706 (object size 1048592 @ 0x00000000eaa00000) remset 0 code roots 0 marked 1 reclaim candidate 0 type array 1
[367.260s][debug][gc,humongous      ] GC(32998) Humongous region 749 (object size 1048592 @ 0x00000000aed00000) remset 0 code roots 0 marked 1 reclaim candidate 1 type array 1
[367.259s][debug][gc,humongous      ] GC(32998) Humongous region 1079 (object size 1048592 @ 0x00000000c3700000) remset 0 code roots 0 marked 1 reclaim candidate 0 type array 1
[367.259s][debug][gc,humongous      ] GC(32998) Humongous region 1870 (object size 1048592 @ 0x00000000f4e00000) remset 0 code roots 0 marked 1 reclaim candidate 0 type array 1
[367.260s][debug][gc,humongous      ] GC(32998) Humongous region 1081 (object size 1048592 @ 0x00000000c3900000) remset 0 code roots 0 marked 1 reclaim candidate 0 type array 1
[367.259s][debug][gc,humongous      ] GC(32998) Humongous region 1224 (object size 1048592 @ 0x00000000cc800000) remset 0 code roots 0 marked 1 reclaim candidate 0 type array 1
[367.259s][debug][gc,humongous      ] GC(32998) Humongous region 873 (object size 1048592 @ 0x00000000b6900000) remset 0 code roots 0 marked 1 reclaim candidate 0 type array 1
[367.259s][debug][gc,humongous      ] GC(32998) Humongous region 1704 (object size 1048592 @ 0x00000000ea800000) remset 0 code roots 0 marked 1 reclaim candidate 0 type array 1
[367.260s][debug][gc,humongous      ] GC(32998) Humongous region 288 (object size 1048592 @ 0x0000000092000000) remset 0 code roots 0 marked 1 reclaim candidate 0 type array 1
[367.260s][debug][gc,humongous      ] GC(32998) Humongous region 290 (object size 1048592 @ 0x0000000092200000) remset 0 code roots 0 marked 1 reclaim candidate 0 type array 1
[367.259s][debug][gc,humongous      ] GC(32998) Humongous region 1995 (object size 1048592 @ 0x00000000fcb00000) remset 0 code roots 0 marked 1 reclaim candidate 0 type array 1
[367.260s][debug][gc,humongous      ] GC(32998) Humongous region 292 (object size 1048592 @ 0x0000000092400000) remset 0 code roots 0 marked 1 reclaim candidate 0 type array 1
[367.260s][debug][gc,humongous      ] GC(32998) Humongous region 1997 (object size 1048592 @ 0x00000000fcd00000) remset 0 code roots 0 marked 1 reclaim candidate 0 type array 1
[367.260s][debug][gc,humongous      ] GC(32998) Humongous region 294 (object size 1048592 @ 0x0000000092600000) remset 0 code roots 0 marked 1 reclaim candidate 0 type array 1
[367.260s][debug][gc,humongous      ] GC(32998) Humongous region 1999 (object size 1048592 @ 0x00000000fcf00000) remset 0 code roots 0 marked 0 reclaim candidate 1 type array 1
[367.260s][debug][gc,humongous      ] GC(32998) Humongous region 1083 (object size 1048592 @ 0x00000000c3b00000) remset 0 code roots 0 marked 1 reclaim candidate 0 type array 1
[367.260s][debug][gc,humongous      ] GC(32998) Humongous region 1085 (object size 1048592 @ 0x00000000c3d00000) remset 0 code roots 0 marked 1 reclaim candidate 0 type array 1
[367.260s][debug][gc,humongous      ] GC(32998) Humongous region 1087 (object size 1048592 @ 0x00000000c3f00000) remset 0 code roots 0 marked 1 reclaim candidate 0 type array 1
[367.260s][debug][gc,humongous      ] GC(32998) Humongous region 1089 (object size 1048592 @ 0x00000000c4100000) remset 0 code roots 0 marked 1 reclaim candidate 0 type array 1
[367.260s][debug][gc,humongous      ] GC(32998) Humongous region 387 (object size 1048592 @ 0x0000000098300000) remset 0 code roots 0 marked 1 reclaim candidate 0 type array 1
[367.260s][debug][gc,humongous      ] GC(32998) Humongous region 1710 (object size 1048592 @ 0x00000000eae00000) remset 0 code roots 0 marked 1 reclaim candidate 0 type array 1
[367.260s][debug][gc,humongous      ] GC(32998) Humongous region 389 (object size 1048592 @ 0x0000000098500000) remset 0 code roots 0 marked 1 reclaim candidate 0 type array 1
[367.260s][debug][gc,humongous      ] GC(32998) Humongous region 1712 (object size 1048592 @ 0x00000000eb000000) remset 0 code roots 0 marked 1 reclaim candidate 0 type array 1
[367.259s][debug][gc,humongous      ] GC(32998) Humongous region 149 (object size 1048592 @ 0x0000000089500000) remset 0 code roots 0 marked 1 reclaim candidate 0 type array 1
[367.260s][debug][gc,humongous      ] GC(32998) Humongous region 151 (object size 1048592 @ 0x0000000089700000) remset 0 code roots 0 marked 1 reclaim candidate 0 type array 1
[367.260s][debug][gc,humongous      ] GC(32998) Humongous region 153 (object size 1048592 @ 0x0000000089900000) remset 0 code roots 0 marked 1 reclaim candidate 0 type array 1
[367.260s][debug][gc,humongous      ] GC(32998) Humongous region 1872 (object size 1048592 @ 0x00000000f5000000) remset 0 code roots 0 marked 1 reclaim candidate 0 type array 1
[367.260s][debug][gc,humongous      ] GC(32998) Humongous region 155 (object size 1048592 @ 0x0000000089b00000) remset 0 code roots 0 marked 1 reclaim candidate 0 type array 1
[367.260s][debug][gc,humongous      ] GC(32998) Humongous region 2001 (object size 1048592 @ 0x00000000fd100000) remset 0 code roots 0 marked 1 reclaim candidate 0 type array 1
[367.259s][debug][gc,humongous      ] GC(32998) Humongous region 1702 (object size 1048592 @ 0x00000000ea600000) remset 0 code roots 0 marked 1 reclaim candidate 0 type array 1
[367.260s][debug][gc,humongous      ] GC(32998) Humongous region 2003 (object size 1048592 @ 0x00000000fd300000) remset 0 code roots 0 marked 0 reclaim candidate 1 type array 1
[367.260s][debug][gc,humongous      ] GC(32998) Humongous region 875 (object size 1048592 @ 0x00000000b6b00000) remset 0 code roots 0 marked 1 reclaim candidate 0 type array 1
[367.260s][debug][gc,humongous      ] GC(32998) Humongous region 1091 (object size 1048592 @ 0x00000000c4300000) remset 0 code roots 0 marked 1 reclaim candidate 0 type array 1
[367.260s][debug][gc,humongous      ] GC(32998) Humongous region 877 (object size 1048592 @ 0x00000000b6d00000) remset 0 code roots 0 marked 1 reclaim candidate 0 type array 1
[367.260s][debug][gc,humongous      ] GC(32998) Humongous region 1093 (object size 1048592 @ 0x00000000c4500000) remset 0 code roots 0 marked 0 reclaim candidate 1 type array 1
[367.260s][debug][gc,humongous      ] GC(32998) Humongous region 1708 (object size 1048592 @ 0x00000000eac00000) remset 0 code roots 0 marked 1 reclaim candidate 0 type array 1
[367.260s][debug][gc,humongous      ] GC(32998) Humongous region 1095 (object size 1048592 @ 0x00000000c4700000) remset 0 code roots 0 marked 1 reclaim candidate 0 type array 1
[367.260s][debug][gc,humongous      ] GC(32998) Humongous region 751 (object size 1048592 @ 0x00000000aef00000) remset 0 code roots 0 marked 1 reclaim candidate 0 type array 1
[367.260s][debug][gc,humongous      ] GC(32998) Humongous region 1718 (object size 1048592 @ 0x00000000eb600000) remset 0 code roots 0 marked 1 reclaim candidate 0 type array 1
[367.260s][debug][gc,humongous      ] GC(32998) Humongous region 754 (object size 1048592 @ 0x00000000af200000) remset 0 code roots 0 marked 1 reclaim candidate 0 type array 1
[367.260s][debug][gc,humongous      ] GC(32998) Humongous region 756 (object size 1048592 @ 0x00000000af400000) remset 0 code roots 0 marked 1 reclaim candidate 0 type array 1
[367.260s][debug][gc,humongous      ] GC(32998) Humongous region 1720 (object size 1048592 @ 0x00000000eb800000) remset 0 code roots 0 marked 1 reclaim candidate 0 type array 1
[367.260s][debug][gc,humongous      ] GC(32998) Humongous region 1716 (object size 1048592 @ 0x00000000eb400000) remset 0 code roots 0 marked 1 reclaim candidate 0 type array 1
[367.260s][debug][gc,humongous      ] GC(32998) Humongous region 1722 (object size 1048592 @ 0x00000000eba00000) remset 0 code roots 0 marked 1 reclaim candidate 0 type array 1
[367.260s][debug][gc,humongous      ] GC(32998) Humongous region 1724 (object size 1048592 @ 0x00000000ebc00000) remset 0 code roots 0 marked 1 reclaim candidate 0 type array 1
[367.260s][debug][gc,humongous      ] GC(32998) Humongous region 1726 (object size 1048592 @ 0x00000000ebe00000) remset 0 code roots 0 marked 1 reclaim candidate 0 type array 1
[367.260s][debug][gc,humongous      ] GC(32998) Humongous region 1728 (object size 1048592 @ 0x00000000ec000000) remset 0 code roots 0 marked 1 reclaim candidate 0 type array 1
[367.260s][debug][gc,humongous      ] GC(32998) Humongous region 1730 (object size 1048592 @ 0x00000000ec200000) remset 0 code roots 0 marked 1 reclaim candidate 0 type array 1
[367.260s][debug][gc,humongous      ] GC(32998) Humongous region 297 (object size 1048592 @ 0x0000000092900000) remset 0 code roots 0 marked 1 reclaim candidate 0 type array 1
[367.260s][debug][gc,humongous      ] GC(32998) Humongous region 1878 (object size 1048592 @ 0x00000000f5600000) remset 0 code roots 0 marked 1 reclaim candidate 0 type array 1
[367.260s][debug][gc,humongous      ] GC(32998) Humongous region 299 (object size 1048592 @ 0x0000000092b00000) remset 0 code roots 0 marked 1 reclaim candidate 0 type array 1
[367.260s][debug][gc,humongous      ] GC(32998) Humongous region 1874 (object size 1048592 @ 0x00000000f5200000) remset 0 code roots 0 marked 1 reclaim candidate 0 type array 1
[367.260s][debug][gc,humongous      ] GC(32998) Humongous region 758 (object size 1048592 @ 0x00000000af600000) remset 0 code roots 0 marked 1 reclaim candidate 0 type array 1
[367.260s][debug][gc,humongous      ] GC(32998) Humongous region 2005 (object size 1048592 @ 0x00000000fd500000) remset 0 code roots 0 marked 1 reclaim candidate 0 type array 1
[367.260s][debug][gc,humongous      ] GC(32998) Humongous region 760 (object size 1048592 @ 0x00000000af800000) remset 0 code roots 0 marked 1 reclaim candidate 0 type array 1
[367.260s][debug][gc,humongous      ] GC(32998) Humongous region 2007 (object size 1048592 @ 0x00000000fd700000) remset 0 code roots 0 marked 1 reclaim candidate 0 type array 1
[367.260s][debug][gc,humongous      ] GC(32998) Humongous region 1714 (object size 1048592 @ 0x00000000eb200000) remset 0 code roots 0 marked 1 reclaim candidate 0 type array 1
[367.260s][debug][gc,humongous      ] GC(32998) Humongous region 2009 (object size 1048592 @ 0x00000000fd900000) remset 0 code roots 0 marked 1 reclaim candidate 0 type array 1
[367.260s][debug][gc,humongous      ] GC(32998) Humongous region 1876 (object size 1048592 @ 0x00000000f5400000) remset 0 code roots 0 marked 1 reclaim candidate 0 type array 1
[367.260s][debug][gc,humongous      ] GC(32998) Humongous region 2011 (object size 1048592 @ 0x00000000fdb00000) remset 0 code roots 0 marked 1 reclaim candidate 0 type array 1
[367.260s][debug][gc,humongous      ] GC(32998) Humongous region 1886 (object size 1048592 @ 0x00000000f5e00000) remset 0 code roots 0 marked 1 reclaim candidate 0 type array 1
[367.259s][debug][gc,humongous      ] GC(32998) Humongous region 590 (object size 1048592 @ 0x00000000a4e00000) remset 0 code roots 0 marked 1 reclaim candidate 0 type array 1
[367.260s][debug][gc,humongous      ] GC(32998) Humongous region 303 (object size 1048592 @ 0x0000000092f00000) remset 0 code roots 0 marked 1 reclaim candidate 0 type array 1
[367.261s][debug][gc,humongous      ] GC(32998) Humongous region 305 (object size 1048592 @ 0x0000000093100000) remset 0 code roots 0 marked 1 reclaim candidate 0 type array 1
[367.261s][debug][gc,humongous      ] GC(32998) Humongous region 307 (object size 1048592 @ 0x0000000093300000) remset 0 code roots 0 marked 1 reclaim candidate 0 type array 1
[367.261s][debug][gc,humongous      ] GC(32998) Humongous region 309 (object size 1048592 @ 0x0000000093500000) remset 0 code roots 0 marked 1 reclaim candidate 0 type array 1
[367.261s][debug][gc,humongous      ] GC(32998) Humongous region 311 (object size 1048592 @ 0x0000000093700000) remset 0 code roots 0 marked 1 reclaim candidate 0 type array 1
[367.261s][debug][gc,humongous      ] GC(32998) Humongous region 313 (object size 1048592 @ 0x0000000093900000) remset 0 code roots 0 marked 1 reclaim candidate 0 type array 1
[367.261s][debug][gc,humongous      ] GC(32998) Humongous region 393 (object size 1048592 @ 0x0000000098900000) remset 0 code roots 0 marked 1 reclaim candidate 0 type array 1
[367.261s][debug][gc,humongous      ] GC(32998) Humongous region 395 (object size 1048592 @ 0x0000000098b00000) remset 0 code roots 0 marked 1 reclaim candidate 0 type array 1
[367.261s][debug][gc,humongous      ] GC(32998) Humongous region 397 (object size 1048592 @ 0x0000000098d00000) remset 0 code roots 0 marked 1 reclaim candidate 0 type array 1
[367.261s][debug][gc,humongous      ] GC(32998) Humongous region 399 (object size 1048592 @ 0x0000000098f00000) remset 0 code roots 0 marked 1 reclaim candidate 0 type array 1
[367.261s][debug][gc,humongous      ] GC(32998) Humongous region 401 (object size 1048592 @ 0x0000000099100000) remset 0 code roots 0 marked 1 reclaim candidate 0 type array 1
[367.261s][debug][gc,humongous      ] GC(32998) Humongous region 403 (object size 1048592 @ 0x0000000099300000) remset 0 code roots 0 marked 1 reclaim candidate 0 type array 1
[367.261s][debug][gc,humongous      ] GC(32998) Humongous region 405 (object size 1048592 @ 0x0000000099500000) remset 0 code roots 0 marked 1 reclaim candidate 0 type array 1
[367.261s][debug][gc,humongous      ] GC(32998) Humongous region 407 (object size 1048592 @ 0x0000000099700000) remset 0 code roots 0 marked 1 reclaim candidate 0 type array 1
[367.261s][debug][gc,humongous      ] GC(32998) Humongous region 409 (object size 1048592 @ 0x0000000099900000) remset 0 code roots 0 marked 1 reclaim candidate 0 type array 1
[367.261s][debug][gc,humongous      ] GC(32998) Humongous region 411 (object size 1048592 @ 0x0000000099b00000) remset 0 code roots 0 marked 1 reclaim candidate 0 type array 1
[367.261s][debug][gc,humongous      ] GC(32998) Humongous region 413 (object size 1048592 @ 0x0000000099d00000) remset 0 code roots 0 marked 1 reclaim candidate 0 type array 1
[367.261s][debug][gc,humongous      ] GC(32998) Humongous region 415 (object size 1048592 @ 0x0000000099f00000) remset 0 code roots 0 marked 1 reclaim candidate 0 type array 1
[367.261s][debug][gc,humongous      ] GC(32998) Humongous region 417 (object size 1048592 @ 0x000000009a100000) remset 0 code roots 0 marked 1 reclaim candidate 0 type array 1
[367.261s][debug][gc,humongous      ] GC(32998) Humongous region 419 (object size 1048592 @ 0x000000009a300000) remset 0 code roots 0 marked 1 reclaim candidate 0 type array 1
[367.261s][debug][gc,humongous      ] GC(32998) Humongous region 421 (object size 1048592 @ 0x000000009a500000) remset 0 code roots 0 marked 1 reclaim candidate 0 type array 1
[367.261s][debug][gc,humongous      ] GC(32998) Humongous region 423 (object size 1048592 @ 0x000000009a700000) remset 0 code roots 0 marked 0 reclaim candidate 0 type array 1
[367.261s][debug][gc,humongous      ] GC(32998) Humongous region 425 (object size 1048592 @ 0x000000009a900000) remset 0 code roots 0 marked 1 reclaim candidate 0 type array 1
[367.261s][debug][gc,humongous      ] GC(32998) Humongous region 427 (object size 1048592 @ 0x000000009ab00000) remset 0 code roots 0 marked 1 reclaim candidate 0 type array 1
[367.261s][debug][gc,humongous      ] GC(32998) Humongous region 429 (object size 1048592 @ 0x000000009ad00000) remset 0 code roots 0 marked 1 reclaim candidate 0 type array 1
[367.261s][debug][gc,humongous      ] GC(32998) Humongous region 431 (object size 1048592 @ 0x000000009af00000) remset 0 code roots 0 marked 1 reclaim candidate 0 type array 1
[367.261s][debug][gc,humongous      ] GC(32998) Humongous region 433 (object size 1048592 @ 0x000000009b100000) remset 0 code roots 0 marked 1 reclaim candidate 0 type array 1
[367.261s][debug][gc,humongous      ] GC(32998) Humongous region 435 (object size 1048592 @ 0x000000009b300000) remset 0 code roots 0 marked 1 reclaim candidate 0 type array 1
[367.261s][debug][gc,humongous      ] GC(32998) Humongous region 437 (object size 1048592 @ 0x000000009b500000) remset 0 code roots 0 marked 1 reclaim candidate 0 type array 1
[367.262s][debug][gc,humongous      ] GC(32998) Humongous region 439 (object size 1048592 @ 0x000000009b700000) remset 0 code roots 0 marked 1 reclaim candidate 0 type array 1
[367.262s][debug][gc,humongous      ] GC(32998) Humongous region 441 (object size 1048592 @ 0x000000009b900000) remset 0 code roots 0 marked 1 reclaim candidate 0 type array 1
[367.262s][debug][gc,humongous      ] GC(32998) Humongous region 443 (object size 1048592 @ 0x000000009bb00000) remset 0 code roots 0 marked 1 reclaim candidate 0 type array 1
[367.262s][debug][gc,humongous      ] GC(32998) Humongous region 445 (object size 1048592 @ 0x000000009bd00000) remset 0 code roots 0 marked 1 reclaim candidate 0 type array 1
[367.260s][debug][gc,humongous      ] GC(32998) Humongous region 1888 (object size 1048592 @ 0x00000000f6000000) remset 0 code roots 0 marked 1 reclaim candidate 0 type array 1
[367.262s][debug][gc,humongous      ] GC(32998) Humongous region 2015 (object size 1048592 @ 0x00000000fdf00000) remset 0 code roots 0 marked 1 reclaim candidate 0 type array 1
[367.262s][debug][gc,humongous      ] GC(32998) Humongous region 2017 (object size 1048592 @ 0x00000000fe100000) remset 0 code roots 0 marked 1 reclaim candidate 0 type array 1
[367.260s][debug][gc,humongous      ] GC(32998) Humongous region 1882 (object size 1048592 @ 0x00000000f5a00000) remset 0 code roots 0 marked 1 reclaim candidate 0 type array 1
[367.260s][debug][gc,humongous      ] GC(32998) Humongous region 592 (object size 1048592 @ 0x00000000a5000000) remset 0 code roots 0 marked 1 reclaim candidate 0 type array 1
[367.260s][debug][gc,humongous      ] GC(32998) Humongous region 762 (object size 1048592 @ 0x00000000afa00000) remset 0 code roots 0 marked 1 reclaim candidate 0 type array 1
[367.262s][debug][gc,humongous      ] GC(32998) Humongous region 764 (object size 1048592 @ 0x00000000afc00000) remset 0 code roots 0 marked 1 reclaim candidate 0 type array 1
[367.260s][debug][gc,humongous      ] GC(32998) Humongous region 879 (object size 1048592 @ 0x00000000b6f00000) remset 0 code roots 0 marked 1 reclaim candidate 0 type array 1
[367.262s][debug][gc,humongous      ] GC(32998) Humongous region 881 (object size 1048592 @ 0x00000000b7100000) remset 0 code roots 0 marked 1 reclaim candidate 0 type array 1
[367.262s][debug][gc,humongous      ] GC(32998) Humongous region 883 (object size 1048592 @ 0x00000000b7300000) remset 0 code roots 0 marked 1 reclaim candidate 0 type array 1
[367.262s][debug][gc,humongous      ] GC(32998) Humongous region 885 (object size 1048592 @ 0x00000000b7500000) remset 0 code roots 0 marked 1 reclaim candidate 0 type array 1
[367.262s][debug][gc,humongous      ] GC(32998) Humongous region 887 (object size 1048592 @ 0x00000000b7700000) remset 0 code roots 0 marked 1 reclaim candidate 0 type array 1
[367.262s][debug][gc,humongous      ] GC(32998) Humongous region 889 (object size 1048592 @ 0x00000000b7900000) remset 0 code roots 0 marked 1 reclaim candidate 0 type array 1
[367.262s][debug][gc,humongous      ] GC(32998) Humongous region 891 (object size 1048592 @ 0x00000000b7b00000) remset 0 code roots 0 marked 1 reclaim candidate 0 type array 1
[367.262s][debug][gc,humongous      ] GC(32998) Humongous region 893 (object size 1048592 @ 0x00000000b7d00000) remset 0 code roots 0 marked 1 reclaim candidate 0 type array 1
[367.260s][debug][gc,humongous      ] GC(32998) Humongous region 301 (object size 1048592 @ 0x0000000092d00000) remset 0 code roots 0 marked 1 reclaim candidate 0 type array 1
[367.262s][debug][gc,humongous      ] GC(32998) Humongous region 2021 (object size 1048592 @ 0x00000000fe500000) remset 0 code roots 0 marked 1 reclaim candidate 0 type array 1
[367.262s][debug][gc,humongous      ] GC(32998) Humongous region 449 (object size 1048592 @ 0x000000009c100000) remset 0 code roots 0 marked 1 reclaim candidate 0 type array 1
[367.262s][debug][gc,humongous      ] GC(32998) Humongous region 594 (object size 1048592 @ 0x00000000a5200000) remset 0 code roots 0 marked 1 reclaim candidate 0 type array 1
[367.262s][debug][gc,humongous      ] GC(32998) Humongous region 766 (object size 1048592 @ 0x00000000afe00000) remset 0 code roots 0 marked 1 reclaim candidate 1 type array 1
[367.262s][debug][gc,humongous      ] GC(32998) Humongous region 596 (object size 1048592 @ 0x00000000a5400000) remset 0 code roots 0 marked 1 reclaim candidate 0 type array 1
[367.262s][debug][gc,humongous      ] GC(32998) Humongous region 598 (object size 1048592 @ 0x00000000a5600000) remset 0 code roots 0 marked 1 reclaim candidate 0 type array 1
[367.260s][debug][gc,humongous      ] GC(32998) Humongous region 1880 (object size 1048592 @ 0x00000000f5800000) remset 0 code roots 0 marked 1 reclaim candidate 0 type array 1
[367.262s][debug][gc,humongous      ] GC(32998) Humongous region 600 (object size 1048592 @ 0x00000000a5800000) remset 0 code roots 0 marked 1 reclaim candidate 0 type array 1
[367.262s][debug][gc,humongous      ] GC(32998) Humongous region 2025 (object size 1048592 @ 0x00000000fe900000) remset 0 code roots 0 marked 1 reclaim candidate 0 type array 1
[367.262s][debug][gc,humongous      ] GC(32998) Humongous region 447 (object size 1048592 @ 0x000000009bf00000) remset 0 code roots 0 marked 1 reclaim candidate 0 type array 1
[367.262s][debug][gc,humongous      ] GC(32998) Humongous region 2019 (object size 1048592 @ 0x00000000fe300000) remset 0 code roots 0 marked 1 reclaim candidate 0 type array 1
[367.262s][debug][gc,humongous      ] GC(32998) Humongous region 453 (object size 1048592 @ 0x000000009c500000) remset 0 code roots 0 marked 1 reclaim candidate 0 type array 1
[367.262s][debug][gc,humongous      ] GC(32998) Humongous region 895 (object size 1048592 @ 0x00000000b7f00000) remset 0 code roots 0 marked 1 reclaim candidate 0 type array 1
[367.262s][debug][gc,humongous      ] GC(32998) Humongous region 455 (object size 1048592 @ 0x000000009c700000) remset 0 code roots 0 marked 1 reclaim candidate 0 type array 1
[367.262s][debug][gc,humongous      ] GC(32998) Humongous region 457 (object size 1048592 @ 0x000000009c900000) remset 0 code roots 0 marked 1 reclaim candidate 0 type array 1
[367.262s][debug][gc,humongous      ] GC(32998) Humongous region 768 (object size 1048592 @ 0x00000000b0000000) remset 0 code roots 0 marked 1 reclaim candidate 0 type array 1
[367.262s][debug][gc,humongous      ] GC(32998) Humongous region 459 (object size 1048592 @ 0x000000009cb00000) remset 0 code roots 0 marked 1 reclaim candidate 0 type array 1
[367.262s][debug][gc,humongous      ] GC(32998) Humongous region 770 (object size 1048592 @ 0x00000000b0200000) remset 0 code roots 0 marked 1 reclaim candidate 0 type array 1
[367.260s][debug][gc,humongous      ] GC(32998) Humongous region 1097 (object size 1048592 @ 0x00000000c4900000) remset 0 code roots 0 marked 1 reclaim candidate 0 type array 1
[367.260s][debug][gc,humongous      ] GC(32998) Humongous region 391 (object size 1048592 @ 0x0000000098700000) remset 0 code roots 0 marked 1 reclaim candidate 0 type array 1
[367.260s][debug][gc,humongous      ] GC(32998) Humongous region 2013 (object size 1048592 @ 0x00000000fdd00000) remset 0 code roots 0 marked 1 reclaim candidate 0 type array 1
[367.262s][debug][gc,humongous      ] GC(32998) Humongous region 463 (object size 1048592 @ 0x000000009cf00000) remset 0 code roots 0 marked 1 reclaim candidate 0 type array 1
[367.262s][debug][gc,humongous      ] GC(32998) Humongous region 465 (object size 1048592 @ 0x000000009d100000) remset 0 code roots 0 marked 1 reclaim candidate 0 type array 1
[367.262s][debug][gc,humongous      ] GC(32998) Humongous region 451 (object size 1048592 @ 0x000000009c300000) remset 0 code roots 0 marked 1 reclaim candidate 0 type array 1
[367.262s][debug][gc,humongous      ] GC(32998) Humongous region 467 (object size 1048592 @ 0x000000009d300000) remset 0 code roots 0 marked 1 reclaim candidate 0 type array 1
[367.262s][debug][gc,humongous      ] GC(32998) Humongous region 897 (object size 1048592 @ 0x00000000b8100000) remset 0 code roots 0 marked 1 reclaim candidate 0 type array 1
[367.262s][debug][gc,humongous      ] GC(32998) Humongous region 471 (object size 1048592 @ 0x000000009d700000) remset 0 code roots 0 marked 1 reclaim candidate 0 type array 1
[367.262s][debug][gc,humongous      ] GC(32998) Humongous region 2023 (object size 1048592 @ 0x00000000fe700000) remset 0 code roots 0 marked 1 reclaim candidate 0 type array 1
[367.260s][debug][gc,humongous      ] GC(32998) Humongous region 1884 (object size 1048592 @ 0x00000000f5c00000) remset 0 code roots 0 marked 1 reclaim candidate 0 type array 1
[367.262s][debug][gc,humongous      ] GC(32998) Humongous region 772 (object size 1048592 @ 0x00000000b0400000) remset 0 code roots 0 marked 1 reclaim candidate 0 type array 1
[367.263s][debug][gc,humongous      ] GC(32998) Humongous region 2036 (object size 1048592 @ 0x00000000ff400000) remset 0 code roots 0 marked 1 reclaim candidate 0 type array 1
[367.263s][debug][gc,humongous      ] GC(32998) Humongous region 774 (object size 1048592 @ 0x00000000b0600000) remset 0 code roots 0 marked 1 reclaim candidate 0 type array 1
[367.263s][debug][gc,humongous      ] GC(32998) Humongous region 2038 (object size 1048592 @ 0x00000000ff600000) remset 0 code roots 0 marked 1 reclaim candidate 0 type array 1
[367.262s][debug][gc,humongous      ] GC(32998) Humongous region 2027 (object size 1048592 @ 0x00000000feb00000) remset 0 code roots 0 marked 0 reclaim candidate 1 type array 1
[367.263s][debug][gc,humongous      ] GC(32998) Humongous region 2040 (object size 1048592 @ 0x00000000ff800000) remset 0 code roots 0 marked 1 reclaim candidate 0 type array 1
[367.263s][debug][gc,humongous      ] GC(32998) Humongous region 2042 (object size 1048592 @ 0x00000000ffa00000) remset 0 code roots 0 marked 1 reclaim candidate 0 type array 1
[367.263s][debug][gc,humongous      ] GC(32998) Humongous region 2044 (object size 1048592 @ 0x00000000ffc00000) remset 0 code roots 0 marked 1 reclaim candidate 0 type array 1
[367.263s][debug][gc,humongous      ] GC(32998) Humongous region 606 (object size 1048592 @ 0x00000000a5e00000) remset 0 code roots 0 marked 1 reclaim candidate 0 type array 1
[367.263s][debug][gc,humongous      ] GC(32998) Humongous region 608 (object size 1048592 @ 0x00000000a6000000) remset 0 code roots 0 marked 0 reclaim candidate 0 type array 1
[367.263s][debug][gc,humongous      ] GC(32998) Humongous region 610 (object size 1048592 @ 0x00000000a6200000) remset 0 code roots 0 marked 1 reclaim candidate 0 type array 1
[367.263s][debug][gc,humongous      ] GC(32998) Humongous region 612 (object size 1048592 @ 0x00000000a6400000) remset 0 code roots 0 marked 1 reclaim candidate 0 type array 1
[367.263s][debug][gc,humongous      ] GC(32998) Humongous region 2033 (object size 1048592 @ 0x00000000ff100000) remset 0 code roots 0 marked 1 reclaim candidate 0 type array 1
[367.262s][debug][gc,humongous      ] GC(32998) Humongous region 602 (object size 1048592 @ 0x00000000a5a00000) remset 0 code roots 0 marked 1 reclaim candidate 0 type array 1
[367.262s][debug][gc,humongous      ] GC(32998) Humongous region 1099 (object size 1048592 @ 0x00000000c4b00000) remset 0 code roots 0 marked 1 reclaim candidate 0 type array 1
[367.263s][debug][gc,humongous      ] GC(32998) Humongous region 1101 (object size 1048592 @ 0x00000000c4d00000) remset 0 code roots 0 marked 1 reclaim candidate 0 type array 1
[367.263s][debug][gc,humongous      ] GC(32998) Humongous region 1228 (object size 1048592 @ 0x00000000ccc00000) remset 0 code roots 0 marked 1 reclaim candidate 0 type array 1
[367.263s][debug][gc,humongous      ] GC(32998) Humongous region 1230 (object size 1048592 @ 0x00000000cce00000) remset 0 code roots 0 marked 1 reclaim candidate 0 type array 1
[367.260s][debug][gc,humongous      ] GC(32998) Humongous region 1226 (object size 1048592 @ 0x00000000cca00000) remset 0 code roots 0 marked 1 reclaim candidate 0 type array 1
[367.263s][debug][gc,humongous      ] GC(32998) Humongous region 604 (object size 1048592 @ 0x00000000a5c00000) remset 0 code roots 0 marked 0 reclaim candidate 0 type array 1
[367.263s][debug][gc,humongous      ] GC(32998) Humongous region 622 (object size 1048592 @ 0x00000000a6e00000) remset 0 code roots 0 marked 1 reclaim candidate 0 type array 1
[367.262s][debug][gc,humongous      ] GC(32998) Humongous region 461 (object size 1048592 @ 0x000000009cd00000) remset 0 code roots 0 marked 1 reclaim candidate 0 type array 1
[367.263s][debug][gc,humongous      ] GC(32998) Humongous region 624 (object size 1048592 @ 0x00000000a7000000) remset 0 code roots 0 marked 1 reclaim candidate 0 type array 1
[367.263s][debug][gc,humongous      ] GC(32998) Humongous region 614 (object size 1048592 @ 0x00000000a6600000) remset 0 code roots 0 marked 1 reclaim candidate 0 type array 1
[367.263s][debug][gc,humongous      ] GC(32998) Humongous region 626 (object size 1048592 @ 0x00000000a7200000) remset 0 code roots 0 marked 1 reclaim candidate 0 type array 1
[367.263s][debug][gc,humongous      ] GC(32998) Humongous region 618 (object size 1048592 @ 0x00000000a6a00000) remset 0 code roots 0 marked 1 reclaim candidate 0 type array 1
[367.263s][debug][gc,humongous      ] GC(32998) Humongous region 778 (object size 1048592 @ 0x00000000b0a00000) remset 0 code roots 0 marked 1 reclaim candidate 0 type array 1
[367.263s][debug][gc,humongous      ] GC(32998) Humongous region 780 (object size 1048592 @ 0x00000000b0c00000) remset 0 code roots 0 marked 1 reclaim candidate 1 type array 1
[367.263s][debug][gc,humongous      ] GC(32998) Humongous region 782 (object size 1048592 @ 0x00000000b0e00000) remset 0 code roots 0 marked 1 reclaim candidate 0 type array 1
[367.263s][debug][gc,humongous      ] GC(32998) Humongous region 786 (object size 1048592 @ 0x00000000b1200000) remset 0 code roots 0 marked 1 reclaim candidate 0 type array 1
[367.263s][debug][gc,humongous      ] GC(32998) Humongous region 901 (object size 1048592 @ 0x00000000b8500000) remset 0 code roots 0 marked 1 reclaim candidate 0 type array 1
[367.263s][debug][gc,humongous      ] GC(32998) Humongous region 903 (object size 1048592 @ 0x00000000b8700000) remset 0 code roots 0 marked 1 reclaim candidate 0 type array 1
[367.263s][debug][gc,humongous      ] GC(32998) Humongous region 905 (object size 1048592 @ 0x00000000b8900000) remset 0 code roots 0 marked 1 reclaim candidate 0 type array 1
[367.263s][debug][gc,humongous      ] GC(32998) Humongous region 907 (object size 1048592 @ 0x00000000b8b00000) remset 0 code roots 0 marked 1 reclaim candidate 0 type array 1
[367.263s][debug][gc,humongous      ] GC(32998) Humongous region 616 (object size 1048592 @ 0x00000000a6800000) remset 0 code roots 0 marked 1 reclaim candidate 0 type array 1
[367.263s][debug][gc,humongous      ] GC(32998) Humongous region 628 (object size 1048592 @ 0x00000000a7400000) remset 0 code roots 0 marked 1 reclaim candidate 0 type array 1
[367.263s][debug][gc,humongous      ] GC(32998) Humongous region 913 (object size 1048592 @ 0x00000000b9100000) remset 0 code roots 0 marked 1 reclaim candidate 0 type array 1
[367.263s][debug][gc,humongous      ] GC(32998) Humongous region 915 (object size 1048592 @ 0x00000000b9300000) remset 0 code roots 0 marked 1 reclaim candidate 0 type array 1
[367.263s][debug][gc,humongous      ] GC(32998) Humongous region 917 (object size 1048592 @ 0x00000000b9500000) remset 0 code roots 0 marked 1 reclaim candidate 0 type array 1
[367.263s][debug][gc,humongous      ] GC(32998) Humongous region 919 (object size 1048592 @ 0x00000000b9700000) remset 0 code roots 0 marked 1 reclaim candidate 0 type array 1
[367.262s][debug][gc,humongous      ] GC(32998) Humongous region 2029 (object size 1048592 @ 0x00000000fed00000) remset 0 code roots 0 marked 1 reclaim candidate 0 type array 1
[367.263s][debug][gc,humongous      ] GC(32998) Humongous region 921 (object size 1048592 @ 0x00000000b9900000) remset 0 code roots 0 marked 1 reclaim candidate 0 type array 1
[367.263s][debug][gc,humongous      ] GC(32998) Humongous region 923 (object size 1048592 @ 0x00000000b9b00000) remset 0 code roots 0 marked 1 reclaim candidate 0 type array 1
[367.263s][debug][gc,humongous      ] GC(32998) Humongous region 925 (object size 1048592 @ 0x00000000b9d00000) remset 0 code roots 0 marked 1 reclaim candidate 0 type array 1
[367.263s][debug][gc,humongous      ] GC(32998) Humongous region 927 (object size 1048592 @ 0x00000000b9f00000) remset 0 code roots 0 marked 1 reclaim candidate 0 type array 1
[367.263s][debug][gc,humongous      ] GC(32998) Humongous region 931 (object size 1048592 @ 0x00000000ba300000) remset 0 code roots 0 marked 1 reclaim candidate 1 type array 1
[367.263s][debug][gc,humongous      ] GC(32998) Humongous region 911 (object size 1048592 @ 0x00000000b8f00000) remset 0 code roots 0 marked 1 reclaim candidate 0 type array 1
[367.263s][debug][gc,humongous      ] GC(32998) Humongous region 935 (object size 1048592 @ 0x00000000ba700000) remset 0 code roots 0 marked 0 reclaim candidate 1 type array 1
[367.263s][debug][gc,humongous      ] GC(32998) Humongous region 620 (object size 1048592 @ 0x00000000a6c00000) remset 0 code roots 0 marked 1 reclaim candidate 0 type array 1
[367.263s][debug][gc,humongous      ] GC(32998) Humongous region 937 (object size 1048592 @ 0x00000000ba900000) remset 0 code roots 0 marked 1 reclaim candidate 0 type array 1
[367.262s][debug][gc,humongous      ] GC(32998) Humongous region 469 (object size 1048592 @ 0x000000009d500000) remset 0 code roots 0 marked 1 reclaim candidate 0 type array 1
[367.263s][debug][gc,humongous      ] GC(32998) Humongous region 943 (object size 1048592 @ 0x00000000baf00000) remset 0 code roots 0 marked 1 reclaim candidate 0 type array 1
[367.263s][debug][gc,humongous      ] GC(32998) Humongous region 1232 (object size 1048592 @ 0x00000000cd000000) remset 0 code roots 0 marked 1 reclaim candidate 0 type array 1
[367.263s][debug][gc,humongous      ] GC(32998) Humongous region 1238 (object size 1048592 @ 0x00000000cd600000) remset 0 code roots 0 marked 1 reclaim candidate 0 type array 1
[367.263s][debug][gc,humongous      ] GC(32998) Humongous region 1240 (object size 1048592 @ 0x00000000cd800000) remset 0 code roots 0 marked 0 reclaim candidate 1 type array 1
[367.263s][debug][gc,humongous      ] GC(32998) Humongous region 1242 (object size 1048592 @ 0x00000000cda00000) remset 0 code roots 0 marked 1 reclaim candidate 0 type array 1
[367.263s][debug][gc,humongous      ] GC(32998) Humongous region 909 (object size 1048592 @ 0x00000000b8d00000) remset 0 code roots 0 marked 1 reclaim candidate 0 type array 1
[367.263s][debug][gc,humongous      ] GC(32998) Humongous region 933 (object size 1048592 @ 0x00000000ba500000) remset 0 code roots 0 marked 0 reclaim candidate 1 type array 1
[367.263s][debug][gc,humongous      ] GC(32998) Humongous region 1248 (object size 1048592 @ 0x00000000ce000000) remset 0 code roots 0 marked 1 reclaim candidate 0 type array 1
[367.263s][debug][gc,humongous      ] GC(32998) Humongous region 1250 (object size 1048592 @ 0x00000000ce200000) remset 0 code roots 0 marked 1 reclaim candidate 0 type array 1
[367.263s][debug][gc,humongous      ] GC(32998) Humongous region 941 (object size 1048592 @ 0x00000000bad00000) remset 0 code roots 0 marked 1 reclaim candidate 0 type array 1
[367.263s][debug][gc,humongous      ] GC(32998) Humongous region 784 (object size 1048592 @ 0x00000000b1000000) remset 0 code roots 0 marked 1 reclaim candidate 0 type array 1
[367.263s][debug][gc,humongous      ] GC(32998) Humongous region 1256 (object size 1048592 @ 0x00000000ce800000) remset 0 code roots 0 marked 1 reclaim candidate 0 type array 1
[367.263s][debug][gc,humongous      ] GC(32998) Humongous region 1258 (object size 1048592 @ 0x00000000cea00000) remset 0 code roots 0 marked 1 reclaim candidate 0 type array 1
[367.263s][debug][gc,humongous      ] GC(32998) Humongous region 1234 (object size 1048592 @ 0x00000000cd200000) remset 0 code roots 0 marked 1 reclaim candidate 0 type array 1
[367.263s][debug][gc,humongous      ] GC(32998) Humongous region 929 (object size 1048592 @ 0x00000000ba100000) remset 0 code roots 0 marked 1 reclaim candidate 0 type array 1
[367.263s][debug][gc,humongous      ] GC(32998) Humongous region 1244 (object size 1048592 @ 0x00000000cdc00000) remset 0 code roots 0 marked 1 reclaim candidate 0 type array 1
[367.263s][debug][gc,humongous      ] GC(32998) Humongous region 1246 (object size 1048592 @ 0x00000000cde00000) remset 0 code roots 0 marked 1 reclaim candidate 0 type array 1
[367.263s][debug][gc,humongous      ] GC(32998) Humongous region 776 (object size 1048592 @ 0x00000000b0800000) remset 0 code roots 0 marked 1 reclaim candidate 0 type array 1
[367.263s][debug][gc,humongous      ] GC(32998) Humongous region 939 (object size 1048592 @ 0x00000000bab00000) remset 0 code roots 0 marked 1 reclaim candidate 0 type array 1
[367.263s][debug][gc,humongous      ] GC(32998) Humongous region 1252 (object size 1048592 @ 0x00000000ce400000) remset 0 code roots 0 marked 1 reclaim candidate 0 type array 1
[367.263s][debug][gc,humongous      ] GC(32998) Humongous region 1254 (object size 1048592 @ 0x00000000ce600000) remset 0 code roots 0 marked 1 reclaim candidate 0 type array 1
[367.263s][debug][gc,humongous      ] GC(32998) Humongous region 1236 (object size 1048592 @ 0x00000000cd400000) remset 0 code roots 0 marked 1 reclaim candidate 0 type array 1
[367.262s][debug][gc,humongous      ] GC(32998) Humongous region 2031 (object size 1048592 @ 0x00000000fef00000) remset 0 code roots 0 marked 1 reclaim candidate 0 type array 1
[367.262s][debug][gc,humongous      ] GC(32998) Humongous region 899 (object size 1048592 @ 0x00000000b8300000) remset 0 code roots 0 marked 1 reclaim candidate 0 type array 1
[367.263s][debug][gc,ergo           ] GC(32998) Running G1 Merge Heap Roots using 13 workers for 0 regions
[367.264s][debug][gc,remset         ] GC(32998) Visited cards 128 Total dirty 2048 (6.25%) Total old 4163584 (0.00%)
[367.264s][debug][gc,ref            ] GC(32998) Skipped phase 1 of Reference Processing: no references
[367.264s][debug][gc,ref            ] GC(32998) Skipped phase 2 of Reference Processing: no references
[367.264s][debug][gc,ref            ] GC(32998) Skipped phase 3 of Reference Processing: no references
[367.264s][debug][gc,ref            ] GC(32998) Skipped phase 4 of Reference Processing: no references
[367.264s][debug][gc,ergo           ] GC(32998) Running G1 Rebuild Free List Task using 13 workers for rebuilding free list of regions
[367.265s][debug][gc,plab           ] GC(32998) Young PLAB allocation: allocated: 0B, wasted: 0B, unused: 0B, used: 0B, undo waste: 0B, 
[367.265s][debug][gc,plab           ] GC(32998) Young other allocation: region end waste: 0B, regions filled: 0, direct allocated: 0B, failure used: 0B, failure wasted: 0B
[367.265s][debug][gc,plab           ] GC(32998) Young sizing: calculated: 0B, actual: 2064B
[367.265s][debug][gc,plab           ] GC(32998) Old PLAB allocation: allocated: 0B, wasted: 0B, unused: 0B, used: 0B, undo waste: 0B, 
[367.265s][debug][gc,plab           ] GC(32998) Old other allocation: region end waste: 0B, regions filled: 0, direct allocated: 0B, failure used: 0B, failure wasted: 0B
[367.265s][debug][gc,plab           ] GC(32998) Old sizing: calculated: 0B, actual: 2064B
[367.265s][debug][gc,ergo,heap      ] GC(32998) Heap expansion: short term pause time ratio 90.52% long term pause time ratio 82.60% threshold 7.69% pause time ratio 7.69% fully expanded true resize by 0B
[367.265s][debug][gc,mmu            ] GC(32998) MMU: 143.0ms (200.0ms/201.0ms)
[367.265s][debug][gc,alloc,stats    ] Old generation allocation in the last mutator period, old gen allocated: 0B, humongous allocated: 48234496B,old gen growth: 48234496B.
[367.265s][debug][gc,ihop           ] GC(32998) Basic information (value update), threshold: 1666375807B (77.60), target occupancy: 2147483648B, current occupancy: 2129712848B, recent allocation size: 48234496B, recent allocation duration: 3.70ms, recent old gen allocation rate: 13027822328.19B/s, recent marking phase length: 13.50ms
[367.265s][debug][gc,ihop           ] GC(32998) Adaptive IHOP information (value update), threshold: 1666375807B (91.29), internal target occupancy: 1825361100B, occupancy: 2129712848B, additional buffer size: 106954752B, predicted old gen allocation rate: 3882105885.98B/s, predicted marking phase length: 13.40ms, prediction active: true
[367.265s][debug][gc,ergo,refine    ] GC(32998) Concurrent refinement times: Logged Cards Scan time goal: 20.00ms Logged Cards Scan time: 0.00ms HCC time: 0.00ms
[367.265s][debug][gc,ergo,refine    ] GC(32998) Updated Refinement Zones: green: 3328, yellow: 9984, red: 16640
[367.265s][info ][gc,phases         ] GC(32998)   Pre Evacuate Collection Set: 14.2ms
[367.265s][debug][gc,phases         ] GC(32998)     Prepare TLABs: 0.0ms
[367.265s][debug][gc,phases         ] GC(32998)     Concatenate Dirty Card Logs: 0.0ms
[367.265s][debug][gc,phases         ] GC(32998)     Choose Collection Set: 0.0ms
[367.265s][debug][gc,phases         ] GC(32998)     Region Register: 14.1ms
[367.265s][debug][gc,phases         ] GC(32998)     Prepare Heap Roots: 0.0ms
[367.265s][info ][gc,phases         ] GC(32998)   Merge Heap Roots: 0.2ms
[367.265s][debug][gc,phases         ] GC(32998)     Prepare Merge Heap Roots: 0.0ms
[367.265s][debug][gc,phases         ] GC(32998)     Eager Reclaim (ms):            Min:  0.1, Avg:  0.1, Max:  0.1, Diff:  0.0, Sum:  0.1, Workers: 1
[367.265s][debug][gc,phases         ] GC(32998)     Remembered Sets (ms):          Min:  0.0, Avg:  0.0, Max:  0.0, Diff:  0.0, Sum:  0.0, Workers: 13
[367.265s][debug][gc,phases         ] GC(32998)       Merged Sparse:                 Min: 0, Avg:  0.0, Max: 0, Diff: 0, Sum: 0, Workers: 13
[367.265s][debug][gc,phases         ] GC(32998)       Merged Fine:                   Min: 0, Avg:  0.0, Max: 0, Diff: 0, Sum: 0, Workers: 13
[367.265s][debug][gc,phases         ] GC(32998)       Merged Coarse:                 Min: 0, Avg:  0.0, Max: 0, Diff: 0, Sum: 0, Workers: 13
[367.265s][debug][gc,phases         ] GC(32998)       Dirty Cards:                   Min: 0, Avg:  0.0, Max: 0, Diff: 0, Sum: 0, Workers: 13
[367.265s][debug][gc,phases         ] GC(32998)     Hot Card Cache (ms):           Min:  0.0, Avg:  0.0, Max:  0.0, Diff:  0.0, Sum:  0.0, Workers: 13
[367.265s][debug][gc,phases         ] GC(32998)       Dirty Cards:                   Min: 0, Avg:  0.0, Max: 0, Diff: 0, Sum: 0, Workers: 13
[367.265s][debug][gc,phases         ] GC(32998)       Skipped Cards:                 Min: 0, Avg:  0.0, Max: 0, Diff: 0, Sum: 0, Workers: 13
[367.265s][debug][gc,phases         ] GC(32998)     Log Buffers (ms):              Min:  0.0, Avg:  0.0, Max:  0.0, Diff:  0.0, Sum:  0.0, Workers: 13
[367.265s][debug][gc,phases         ] GC(32998)       Dirty Cards:                   Min: 0, Avg:  0.8, Max: 10, Diff: 10, Sum: 10, Workers: 13
[367.265s][debug][gc,phases         ] GC(32998)       Skipped Cards:                 Min: 0, Avg:  0.0, Max: 0, Diff: 0, Sum: 0, Workers: 13
[367.265s][info ][gc,phases         ] GC(32998)   Evacuate Collection Set: 0.4ms
[367.265s][debug][gc,phases         ] GC(32998)     Ext Root Scanning (ms):        Min:  0.0, Avg:  0.0, Max:  0.0, Diff:  0.0, Sum:  0.1, Workers: 13
[367.265s][debug][gc,phases         ] GC(32998)     Scan Heap Roots (ms):          Min:  0.0, Avg:  0.0, Max:  0.0, Diff:  0.0, Sum:  0.0, Workers: 13
[367.265s][debug][gc,phases         ] GC(32998)       Scanned Cards:                 Min: 0, Avg:  1.4, Max: 9, Diff: 9, Sum: 18, Workers: 13
[367.265s][debug][gc,phases         ] GC(32998)       Scanned Blocks:                Min: 0, Avg:  0.7, Max: 4, Diff: 4, Sum: 9, Workers: 13
[367.265s][debug][gc,phases         ] GC(32998)       Claimed Chunks:                Min: 0, Avg:  0.3, Max: 1, Diff: 1, Sum: 4, Workers: 13
[367.265s][debug][gc,phases         ] GC(32998)     Code Root Scan (ms):           Min:  0.0, Avg:  0.0, Max:  0.0, Diff:  0.0, Sum:  0.0, Workers: 13
[367.265s][debug][gc,phases         ] GC(32998)     Object Copy (ms):              Min:  0.0, Avg:  0.0, Max:  0.0, Diff:  0.0, Sum:  0.0, Workers: 13
[367.265s][debug][gc,phases         ] GC(32998)     Termination (ms):              Min:  0.1, Avg:  0.2, Max:  0.3, Diff:  0.1, Sum:  2.9, Workers: 13
[367.265s][debug][gc,phases         ] GC(32998)       Termination Attempts:          Min: 1, Avg:  1.0, Max: 1, Diff: 0, Sum: 13, Workers: 13
[367.265s][debug][gc,phases         ] GC(32998)     GC Worker Other (ms):          Min:  0.0, Avg:  0.0, Max:  0.0, Diff:  0.0, Sum:  0.1, Workers: 13
[367.265s][debug][gc,phases         ] GC(32998)     GC Worker Total (ms):          Min:  0.1, Avg:  0.2, Max:  0.3, Diff:  0.2, Sum:  3.2, Workers: 13
[367.265s][info ][gc,phases         ] GC(32998)   Post Evacuate Collection Set: 0.6ms
[367.265s][debug][gc,phases         ] GC(32998)     Code Roots Fixup: 0.0ms
[367.265s][debug][gc,phases         ] GC(32998)     Reference Processing: 0.1ms
[367.265s][debug][gc,phases,ref     ] GC(32998)       Reconsider SoftReferences: 0.0ms
[367.265s][debug][gc,phases,ref     ] GC(32998)         SoftRef (ms):                  skipped
[367.265s][debug][gc,phases,ref     ] GC(32998)       Notify Soft/WeakReferences: 0.0ms
[367.265s][debug][gc,phases,ref     ] GC(32998)         SoftRef (ms):                  skipped
[367.265s][debug][gc,phases,ref     ] GC(32998)         WeakRef (ms):                  skipped
[367.265s][debug][gc,phases,ref     ] GC(32998)         FinalRef (ms):                 skipped
[367.265s][debug][gc,phases,ref     ] GC(32998)         Total (ms):                    skipped
[367.265s][debug][gc,phases,ref     ] GC(32998)       Notify and keep alive finalizable: 0.0ms
[367.265s][debug][gc,phases,ref     ] GC(32998)         FinalRef (ms):                 skipped
[367.265s][debug][gc,phases,ref     ] GC(32998)       Notify PhantomReferences: 0.0ms
[367.265s][debug][gc,phases,ref     ] GC(32998)         PhantomRef (ms):               skipped
[367.265s][debug][gc,phases,ref     ] GC(32998)       SoftReference:
[367.265s][debug][gc,phases,ref     ] GC(32998)         Discovered: 0
[367.265s][debug][gc,phases,ref     ] GC(32998)         Cleared: 0
[367.265s][debug][gc,phases,ref     ] GC(32998)       WeakReference:
[367.265s][debug][gc,phases,ref     ] GC(32998)         Discovered: 0
[367.265s][debug][gc,phases,ref     ] GC(32998)         Cleared: 0
[367.265s][debug][gc,phases,ref     ] GC(32998)       FinalReference:
[367.265s][debug][gc,phases,ref     ] GC(32998)         Discovered: 0
[367.265s][debug][gc,phases,ref     ] GC(32998)         Cleared: 0
[367.265s][debug][gc,phases,ref     ] GC(32998)       PhantomReference:
[367.265s][debug][gc,phases,ref     ] GC(32998)         Discovered: 0
[367.265s][debug][gc,phases,ref     ] GC(32998)         Cleared: 0
[367.265s][debug][gc,phases         ] GC(32998)     Weak Processing: 0.1ms
[367.265s][debug][gc,phases         ] GC(32998)       VM Weak                        Min:  0.0, Avg:  0.0, Max:  0.0, Diff:  0.0, Sum:  0.0, Workers: 1
[367.265s][debug][gc,phases         ] GC(32998)         Dead                           Min: 0, Avg:  0.0, Max: 0, Diff: 0, Sum: 0, Workers: 1
[367.265s][debug][gc,phases         ] GC(32998)         Total                          Min: 4, Avg:  4.0, Max: 4, Diff: 0, Sum: 4, Workers: 1
[367.265s][debug][gc,phases         ] GC(32998)       ObjectSynchronizer Weak        Min:  0.0, Avg:  0.0, Max:  0.0, Diff:  0.0, Sum:  0.0, Workers: 1
[367.265s][debug][gc,phases         ] GC(32998)         Dead                           Min: 0, Avg:  0.0, Max: 0, Diff: 0, Sum: 0, Workers: 1
[367.265s][debug][gc,phases         ] GC(32998)         Total                          Min: 3, Avg:  3.0, Max: 3, Diff: 0, Sum: 3, Workers: 1
[367.265s][debug][gc,phases         ] GC(32998)       JVMTI Tag Weak OopStorage      Min:  0.0, Avg:  0.0, Max:  0.0, Diff:  0.0, Sum:  0.0, Workers: 1
[367.265s][debug][gc,phases         ] GC(32998)         Dead                           Min: 0, Avg:  0.0, Max: 0, Diff: 0, Sum: 0, Workers: 1
[367.265s][debug][gc,phases         ] GC(32998)         Total                          Min: 0, Avg:  0.0, Max: 0, Diff: 0, Sum: 0, Workers: 1
[367.265s][debug][gc,phases         ] GC(32998)       StringTable Weak               Min:  0.0, Avg:  0.0, Max:  0.0, Diff:  0.0, Sum:  0.0, Workers: 1
[367.265s][debug][gc,phases         ] GC(32998)         Dead                           Min: 0, Avg:  0.0, Max: 0, Diff: 0, Sum: 0, Workers: 1
[367.265s][debug][gc,phases         ] GC(32998)         Total                          Min: 45, Avg: 45.0, Max: 45, Diff: 0, Sum: 45, Workers: 1
[367.265s][debug][gc,phases         ] GC(32998)       ResolvedMethodTable Weak       Min:  0.0, Avg:  0.0, Max:  0.0, Diff:  0.0, Sum:  0.0, Workers: 1
[367.265s][debug][gc,phases         ] GC(32998)         Dead                           Min: 0, Avg:  0.0, Max: 0, Diff: 0, Sum: 0, Workers: 1
[367.265s][debug][gc,phases         ] GC(32998)         Total                          Min: 22, Avg: 22.0, Max: 22, Diff: 0, Sum: 22, Workers: 1
[367.265s][debug][gc,phases         ] GC(32998)       JNI Weak                       Min:  0.0, Avg:  0.0, Max:  0.0, Diff:  0.0, Sum:  0.0, Workers: 1
[367.265s][debug][gc,phases         ] GC(32998)         Dead                           Min: 0, Avg:  0.0, Max: 0, Diff: 0, Sum: 0, Workers: 1
[367.265s][debug][gc,phases         ] GC(32998)         Total                          Min: 0, Avg:  0.0, Max: 0, Diff: 0, Sum: 0, Workers: 1
[367.265s][debug][gc,phases         ] GC(32998)       StringDedup Table Weak         Min:  0.0, Avg:  0.0, Max:  0.0, Diff:  0.0, Sum:  0.0, Workers: 1
[367.265s][debug][gc,phases         ] GC(32998)         Dead                           Min: 0, Avg:  0.0, Max: 0, Diff: 0, Sum: 0, Workers: 1
[367.265s][debug][gc,phases         ] GC(32998)         Total                          Min: 0, Avg:  0.0, Max: 0, Diff: 0, Sum: 0, Workers: 1
[367.265s][debug][gc,phases         ] GC(32998)       StringDedup Requests0 Weak     Min:  0.0, Avg:  0.0, Max:  0.0, Diff:  0.0, Sum:  0.0, Workers: 1
[367.265s][debug][gc,phases         ] GC(32998)         Dead                           Min: 0, Avg:  0.0, Max: 0, Diff: 0, Sum: 0, Workers: 1
[367.265s][debug][gc,phases         ] GC(32998)         Total                          Min: 0, Avg:  0.0, Max: 0, Diff: 0, Sum: 0, Workers: 1
[367.265s][debug][gc,phases         ] GC(32998)       StringDedup Requests1 Weak     Min:  0.0, Avg:  0.0, Max:  0.0, Diff:  0.0, Sum:  0.0, Workers: 1
[367.265s][debug][gc,phases         ] GC(32998)         Dead                           Min: 0, Avg:  0.0, Max: 0, Diff: 0, Sum: 0, Workers: 1
[367.265s][debug][gc,phases         ] GC(32998)         Total                          Min: 0, Avg:  0.0, Max: 0, Diff: 0, Sum: 0, Workers: 1
[367.265s][debug][gc,phases         ] GC(32998)       Weak JFR Old Object Samples    Min:  0.0, Avg:  0.0, Max:  0.0, Diff:  0.0, Sum:  0.0, Workers: 1
[367.265s][debug][gc,phases         ] GC(32998)         Dead                           Min: 0, Avg:  0.0, Max: 0, Diff: 0, Sum: 0, Workers: 1
[367.265s][debug][gc,phases         ] GC(32998)         Total                          Min: 0, Avg:  0.0, Max: 0, Diff: 0, Sum: 0, Workers: 1
[367.265s][debug][gc,phases         ] GC(32998)     Post Evacuate Cleanup 1: 0.1ms
[367.265s][debug][gc,phases         ] GC(32998)       Merge Per-Thread State (ms):   Min:  0.0, Avg:  0.0, Max:  0.0, Diff:  0.0, Sum:  0.0, Workers: 1
[367.265s][debug][gc,phases         ] GC(32998)         Copied Bytes                   Min: 0, Avg:  0.0, Max: 0, Diff: 0, Sum: 0, Workers: 13
[367.265s][debug][gc,phases         ] GC(32998)         LAB Waste                      Min: 0, Avg:  0.0, Max: 0, Diff: 0, Sum: 0, Workers: 13
[367.265s][debug][gc,phases         ] GC(32998)         LAB Undo Waste                 Min: 0, Avg:  0.0, Max: 0, Diff: 0, Sum: 0, Workers: 13
[367.265s][debug][gc,phases         ] GC(32998)       Clear Logged Cards (ms):       Min:  0.0, Avg:  0.0, Max:  0.0, Diff:  0.0, Sum:  0.0, Workers: 2
[367.265s][debug][gc,phases         ] GC(32998)       Recalculate Used Memory (ms):  Min:  0.0, Avg:  0.0, Max:  0.0, Diff:  0.0, Sum:  0.0, Workers: 1
[367.265s][debug][gc,phases         ] GC(32998)     Post Evacuate Cleanup 2: 0.2ms
[367.265s][debug][gc,phases         ] GC(32998)       Reset Hot Card Cache (ms):     Min:  0.0, Avg:  0.0, Max:  0.0, Diff:  0.0, Sum:  0.0, Workers: 1
[367.265s][debug][gc,phases         ] GC(32998)       Purge Code Roots (ms):         Min:  0.0, Avg:  0.0, Max:  0.0, Diff:  0.0, Sum:  0.0, Workers: 1
[367.265s][debug][gc,phases         ] GC(32998)       Update Derived Pointers (ms):  Min:  0.0, Avg:  0.0, Max:  0.0, Diff:  0.0, Sum:  0.0, Workers: 1
[367.265s][debug][gc,phases         ] GC(32998)       Eagerly Reclaim Humongous Objects (ms): Min:  0.0, Avg:  0.0, Max:  0.0, Diff:  0.0, Sum:  0.0, Workers: 1
[367.265s][debug][gc,phases         ] GC(32998)         Humongous Total                Min: 1015, Avg: 1015.0, Max: 1015, Diff: 0, Sum: 1015, Workers: 1
[367.265s][debug][gc,phases         ] GC(32998)         Humongous Candidates           Min: 32, Avg: 32.0, Max: 32, Diff: 0, Sum: 32, Workers: 1
[367.265s][debug][gc,phases         ] GC(32998)         Humongous Reclaimed            Min: 0, Avg:  0.0, Max: 0, Diff: 0, Sum: 0, Workers: 1
[367.265s][debug][gc,phases         ] GC(32998)       Redirty Logged Cards (ms):     Min:  0.0, Avg:  0.0, Max:  0.0, Diff:  0.0, Sum:  0.0, Workers: 13
[367.265s][debug][gc,phases         ] GC(32998)         Redirtied Cards:               Min: 0, Avg:  0.1, Max: 1, Diff: 1, Sum: 1, Workers: 13
[367.265s][debug][gc,phases         ] GC(32998)       Free Collection Set (ms):      Min:  0.0, Avg:  0.0, Max:  0.0, Diff:  0.0, Sum:  0.0, Workers: 13
[367.265s][debug][gc,phases         ] GC(32998)     Rebuild Free List: 0.2ms
[367.265s][debug][gc,phases         ] GC(32998)     Start New Collection Set: 0.0ms
[367.265s][debug][gc,phases         ] GC(32998)     Resize TLABs: 0.0ms
[367.265s][debug][gc,phases         ] GC(32998)     Expand Heap After Collection: 0.0ms
[367.265s][info ][gc,phases         ] GC(32998)   Other: 0.2ms
[367.265s][info ][gc,heap           ] GC(32998) Eden regions: 0->0(102)
[367.265s][info ][gc,heap           ] GC(32998) Survivor regions: 0->0(13)
[367.265s][info ][gc,heap           ] GC(32998) Old regions: 1->1
[367.265s][info ][gc,heap           ] GC(32998) Archive regions: 2->2
[367.265s][info ][gc,heap           ] GC(32998) Humongous regions: 2030->2030
[367.265s][info ][gc,metaspace      ] GC(32998) Metaspace: 198K(384K)->198K(384K) NonClass: 192K(256K)->192K(256K) Class: 5K(128K)->5K(128K)
[367.265s][debug][gc,heap           ] GC(32998) Heap after GC invocations=31577 (full 10209):
[367.265s][debug][gc,heap           ] GC(32998)  garbage-first heap   total 2097152K, used 2079797K [0x0000000080000000, 0x0000000100000000)
[367.265s][debug][gc,heap           ] GC(32998)   region size 1024K, 0 young (0K), 0 survivors (0K)
[367.265s][debug][gc,heap           ] GC(32998)  Metaspace       used 198K, committed 384K, reserved 1114112K
[367.265s][debug][gc,heap           ] GC(32998)   class space    used 5K, committed 128K, reserved 1048576K
[367.265s][info ][gc                ] GC(32998) Pause Young (Normal) (G1 Humongous Allocation) 2031M->2031M(2048M) 16.013ms
[367.265s][info ][gc,cpu            ] GC(32998) User=0.01s Sys=0.02s Real=0.02s
[367.265s][debug][gc,ergo,heap      ] Attempt heap expansion (allocation request failed). Allocation request: 1048592B
[367.265s][debug][gc,ergo,heap      ] Expand the heap. requested expansion amount: 1048592B expansion amount: 2097152B
[367.265s][debug][gc,ergo,heap      ] Did not expand the heap (heap already fully expanded)
[367.265s][info ][gc,ergo           ] Attempting full compaction
[367.265s][debug][gc,task           ] GC(32999) Requesting 13 active workers for full compaction (waste limited workers: 13, adaptive workers: 13, used limited workers: 2033)
[367.265s][info ][gc,task           ] GC(32999) Using 13 workers of 13 for full compaction
[367.265s][info ][gc,start          ] GC(32999) Pause Full (G1 Compaction Pause)
[367.265s][debug][gc,heap           ] GC(32999) Heap before GC invocations=31577 (full 10209):
[367.265s][debug][gc,heap           ] GC(32999)  garbage-first heap   total 2097152K, used 2079797K [0x0000000080000000, 0x0000000100000000)
[367.265s][debug][gc,heap           ] GC(32999)   region size 1024K, 0 young (0K), 0 survivors (0K)
[367.265s][debug][gc,heap           ] GC(32999)  Metaspace       used 198K, committed 384K, reserved 1114112K
[367.265s][debug][gc,heap           ] GC(32999)   class space    used 5K, committed 128K, reserved 1048576K
[367.265s][debug][gc,start          ] GC(32999) Clear Next Bitmap
[367.265s][debug][gc,ergo           ] GC(32999) Running G1 Clear Bitmap with 13 workers for 32 work units.
[367.267s][debug][gc                ] GC(32999) Clear Next Bitmap 1.954ms
[367.267s][debug][gc,alloc,region   ] GC(32999) Mutator Allocation stats, regions: 0, wasted size: 0B ( 0.0%)
[367.268s][info ][gc,phases,start   ] GC(32999) Phase 1: Mark live objects
[367.269s][debug][gc,phases,start   ] GC(32999) Phase 1: Reference Processing
[367.269s][debug][gc,ref            ] GC(32999) ReferenceProcessor::execute queues: 13, RefProcThreadModel::Multi, marks_oops_alive: true
[367.269s][debug][gc,ref            ] GC(32999) ReferenceProcessor::execute queues: 1, RefProcThreadModel::Single, marks_oops_alive: false
[367.269s][debug][gc,ref            ] GC(32999) Skipped phase 3 of Reference Processing: no references
[367.269s][debug][gc,ref            ] GC(32999) ReferenceProcessor::execute queues: 1, RefProcThreadModel::Single, marks_oops_alive: false
[367.269s][debug][gc,phases,ref     ] GC(32999) Reference Processing: 0.3ms
[367.269s][debug][gc,phases,ref     ] GC(32999)   Reconsider SoftReferences: 0.2ms
[367.269s][debug][gc,phases,ref     ] GC(32999)     Balance queues: 0.0ms
[367.269s][debug][gc,phases,ref     ] GC(32999)     SoftRef (ms):                  Min:  0.0, Avg:  0.0, Max:  0.0, Diff:  0.0, Sum:  0.0, Workers: 13
[367.269s][debug][gc,phases,ref     ] GC(32999)   Notify Soft/WeakReferences: 0.1ms
[367.269s][debug][gc,phases,ref     ] GC(32999)     SoftRef (ms):                  Min:  0.0, Avg:  0.0, Max:  0.0, Diff:  0.0, Sum:  0.0, Workers: 13
[367.269s][debug][gc,phases,ref     ] GC(32999)     WeakRef (ms):                  Min:  0.0, Avg:  0.0, Max:  0.0, Diff:  0.0, Sum:  0.0, Workers: 13
[367.269s][debug][gc,phases,ref     ] GC(32999)     FinalRef (ms):                 Min:  0.0, Avg:  0.0, Max:  0.0, Diff:  0.0, Sum:  0.0, Workers: 13
[367.269s][debug][gc,phases,ref     ] GC(32999)     Total (ms):                    Min:  0.0, Avg:  0.0, Max:  0.0, Diff:  0.0, Sum:  0.0, Workers: 13
[367.269s][debug][gc,phases,ref     ] GC(32999)   Notify and keep alive finalizable: 0.0ms
[367.269s][debug][gc,phases,ref     ] GC(32999)     FinalRef (ms):                 skipped
[367.269s][debug][gc,phases,ref     ] GC(32999)   Notify PhantomReferences: 0.0ms
[367.269s][debug][gc,phases,ref     ] GC(32999)     PhantomRef (ms):               Min:  0.0, Avg:  0.0, Max:  0.0, Diff:  0.0, Sum:  0.0, Workers: 13
[367.269s][debug][gc,phases,ref     ] GC(32999)   SoftReference:
[367.269s][debug][gc,phases,ref     ] GC(32999)     Discovered: 4
[367.269s][debug][gc,phases,ref     ] GC(32999)     Cleared: 4
[367.269s][debug][gc,phases,ref     ] GC(32999)   WeakReference:
[367.269s][debug][gc,phases,ref     ] GC(32999)     Discovered: 15
[367.269s][debug][gc,phases,ref     ] GC(32999)     Cleared: 15
[367.269s][debug][gc,phases,ref     ] GC(32999)   FinalReference:
[367.269s][debug][gc,phases,ref     ] GC(32999)     Discovered: 0
[367.269s][debug][gc,phases,ref     ] GC(32999)     Cleared: 0
[367.269s][debug][gc,phases,ref     ] GC(32999)   PhantomReference:
[367.269s][debug][gc,phases,ref     ] GC(32999)     Discovered: 1
[367.269s][debug][gc,phases,ref     ] GC(32999)     Cleared: 1
[367.269s][debug][gc,phases         ] GC(32999) Phase 1: Reference Processing 0.428ms
[367.269s][debug][gc,phases,start   ] GC(32999) Phase 1: Weak Processing
[367.269s][debug][gc,phases         ] GC(32999)   VM Weak                        Min:  0.0, Avg:  0.0, Max:  0.0, Diff:  0.0, Sum:  0.0, Workers: 1
[367.269s][debug][gc,phases         ] GC(32999)     Dead                           Min: 0, Avg:  0.0, Max: 0, Diff: 0, Sum: 0, Workers: 1
[367.269s][debug][gc,phases         ] GC(32999)     Total                          Min: 4, Avg:  4.0, Max: 4, Diff: 0, Sum: 4, Workers: 1
[367.269s][debug][gc,phases         ] GC(32999)   ObjectSynchronizer Weak        Min:  0.0, Avg:  0.0, Max:  0.0, Diff:  0.0, Sum:  0.0, Workers: 1
[367.269s][debug][gc,phases         ] GC(32999)     Dead                           Min: 0, Avg:  0.0, Max: 0, Diff: 0, Sum: 0, Workers: 1
[367.269s][debug][gc,phases         ] GC(32999)     Total                          Min: 3, Avg:  3.0, Max: 3, Diff: 0, Sum: 3, Workers: 1
[367.269s][debug][gc,phases         ] GC(32999)   JVMTI Tag Weak OopStorage      Min:  0.0, Avg:  0.0, Max:  0.0, Diff:  0.0, Sum:  0.0, Workers: 1
[367.269s][debug][gc,phases         ] GC(32999)     Dead                           Min: 0, Avg:  0.0, Max: 0, Diff: 0, Sum: 0, Workers: 1
[367.269s][debug][gc,phases         ] GC(32999)     Total                          Min: 0, Avg:  0.0, Max: 0, Diff: 0, Sum: 0, Workers: 1
[367.269s][debug][gc,phases         ] GC(32999)   StringTable Weak               Min:  0.0, Avg:  0.0, Max:  0.0, Diff:  0.0, Sum:  0.0, Workers: 1
[367.269s][debug][gc,phases         ] GC(32999)     Dead                           Min: 0, Avg:  0.0, Max: 0, Diff: 0, Sum: 0, Workers: 1
[367.269s][debug][gc,phases         ] GC(32999)     Total                          Min: 45, Avg: 45.0, Max: 45, Diff: 0, Sum: 45, Workers: 1
[367.269s][debug][gc,phases         ] GC(32999)   ResolvedMethodTable Weak       Min:  0.0, Avg:  0.0, Max:  0.0, Diff:  0.0, Sum:  0.0, Workers: 1
[367.269s][debug][gc,phases         ] GC(32999)     Dead                           Min: 0, Avg:  0.0, Max: 0, Diff: 0, Sum: 0, Workers: 1
[367.269s][debug][gc,phases         ] GC(32999)     Total                          Min: 22, Avg: 22.0, Max: 22, Diff: 0, Sum: 22, Workers: 1
[367.269s][debug][gc,phases         ] GC(32999)   JNI Weak                       Min:  0.0, Avg:  0.0, Max:  0.0, Diff:  0.0, Sum:  0.0, Workers: 1
[367.269s][debug][gc,phases         ] GC(32999)     Dead                           Min: 0, Avg:  0.0, Max: 0, Diff: 0, Sum: 0, Workers: 1
[367.269s][debug][gc,phases         ] GC(32999)     Total                          Min: 0, Avg:  0.0, Max: 0, Diff: 0, Sum: 0, Workers: 1
[367.269s][debug][gc,phases         ] GC(32999)   StringDedup Table Weak         Min:  0.0, Avg:  0.0, Max:  0.0, Diff:  0.0, Sum:  0.0, Workers: 1
[367.269s][debug][gc,phases         ] GC(32999)     Dead                           Min: 0, Avg:  0.0, Max: 0, Diff: 0, Sum: 0, Workers: 1
[367.269s][debug][gc,phases         ] GC(32999)     Total                          Min: 0, Avg:  0.0, Max: 0, Diff: 0, Sum: 0, Workers: 1
[367.269s][debug][gc,phases         ] GC(32999)   StringDedup Requests0 Weak     Min:  0.0, Avg:  0.0, Max:  0.0, Diff:  0.0, Sum:  0.0, Workers: 1
[367.269s][debug][gc,phases         ] GC(32999)     Dead                           Min: 0, Avg:  0.0, Max: 0, Diff: 0, Sum: 0, Workers: 1
[367.269s][debug][gc,phases         ] GC(32999)     Total                          Min: 0, Avg:  0.0, Max: 0, Diff: 0, Sum: 0, Workers: 1
[367.269s][debug][gc,phases         ] GC(32999)   StringDedup Requests1 Weak     Min:  0.0, Avg:  0.0, Max:  0.0, Diff:  0.0, Sum:  0.0, Workers: 1
[367.269s][debug][gc,phases         ] GC(32999)     Dead                           Min: 0, Avg:  0.0, Max: 0, Diff: 0, Sum: 0, Workers: 1
[367.269s][debug][gc,phases         ] GC(32999)     Total                          Min: 0, Avg:  0.0, Max: 0, Diff: 0, Sum: 0, Workers: 1
[367.269s][debug][gc,phases         ] GC(32999)   Weak JFR Old Object Samples    Min:  0.0, Avg:  0.0, Max:  0.0, Diff:  0.0, Sum:  0.0, Workers: 1
[367.269s][debug][gc,phases         ] GC(32999)     Dead                           Min: 0, Avg:  0.0, Max: 0, Diff: 0, Sum: 0, Workers: 1
[367.269s][debug][gc,phases         ] GC(32999)     Total                          Min: 0, Avg:  0.0, Max: 0, Diff: 0, Sum: 0, Workers: 1
[367.269s][debug][gc,phases         ] GC(32999) Phase 1: Weak Processing 0.259ms
[367.269s][debug][gc,phases,start   ] GC(32999) Phase 1: Class Unloading and Cleanup
[367.269s][debug][gc,phases,start   ] GC(32999) ClassLoaderData
[367.269s][debug][gc,phases         ] GC(32999) ClassLoaderData 0.006ms
[367.269s][debug][gc,phases,start   ] GC(32999) Trigger cleanups
[367.269s][debug][gc,phases         ] GC(32999) Trigger cleanups 0.005ms
[367.270s][debug][gc,phases         ] GC(32999) Phase 1: Class Unloading and Cleanup 0.210ms
[367.270s][debug][gc,phases,start   ] GC(32999) Report Object Count
[367.270s][debug][gc,phases         ] GC(32999) Report Object Count 0.006ms
[367.270s][info ][gc,phases         ] GC(32999) Phase 1: Mark live objects 2.060ms
[367.270s][info ][gc,phases,start   ] GC(32999) Phase 2: Prepare for compaction
[367.270s][info ][gc,phases         ] GC(32999) Phase 2: Prepare for compaction 0.619ms
[367.270s][info ][gc,phases,start   ] GC(32999) Phase 3: Adjust pointers
[367.271s][info ][gc,phases         ] GC(32999) Phase 3: Adjust pointers 0.406ms
[367.271s][info ][gc,phases,start   ] GC(32999) Phase 4: Compact heap
[367.271s][info ][gc,phases         ] GC(32999) Phase 4: Compact heap 0.177ms
[367.271s][debug][gc,ergo           ] GC(32999) Running G1 Clear Bitmap with 13 workers for 32 work units.
[367.273s][debug][gc,alloc,stats    ] Old generation allocation in the last mutator period, old gen allocated: 0B, humongous allocated: 0B,old gen growth: 0B.
[367.273s][info ][gc,heap           ] GC(32999) Eden regions: 0->0(102)
[367.273s][info ][gc,heap           ] GC(32999) Survivor regions: 0->0(13)
[367.273s][info ][gc,heap           ] GC(32999) Old regions: 1->1
[367.273s][info ][gc,heap           ] GC(32999) Archive regions: 2->2
[367.273s][info ][gc,heap           ] GC(32999) Humongous regions: 2030->1958
[367.273s][info ][gc,metaspace      ] GC(32999) Metaspace: 198K(384K)->198K(384K) NonClass: 192K(256K)->192K(256K) Class: 5K(128K)->5K(128K)
[367.273s][debug][gc,heap           ] GC(32999) Heap after GC invocations=31578 (full 10210):
[367.273s][debug][gc,heap           ] GC(32999)  garbage-first heap   total 2097152K, used 2006069K [0x0000000080000000, 0x0000000100000000)
[367.273s][debug][gc,heap           ] GC(32999)   region size 1024K, 0 young (0K), 0 survivors (0K)
[367.273s][debug][gc,heap           ] GC(32999)  Metaspace       used 198K, committed 384K, reserved 1114112K
[367.273s][debug][gc,heap           ] GC(32999)   class space    used 5K, committed 128K, reserved 1048576K
[367.273s][info ][gc                ] GC(32999) Pause Full (G1 Compaction Pause) 2031M->1959M(2048M) 7.259ms
[367.273s][info ][gc,cpu            ] GC(32999) User=0.05s Sys=0.00s Real=0.01s
[367.273s][debug][gc,stats          ] ---------------------------------------------------------------------
[367.273s][debug][gc,stats          ] Marking Stats, task = 0, calls = 7
[367.273s][debug][gc,stats          ]   Elapsed time = 26.42ms, Termination time = 0.00ms
[367.273s][debug][gc,stats          ]   Step Times (cum): num = 328985, avg = 0.02ms, sd = 0.16ms max = 9.42ms, total = 7086.42ms
[367.273s][debug][gc,stats          ]   Mark Stats Cache: hits 6515 misses 631 ratio 91.170
[367.273s][debug][gc,stats          ] ---------------------------------------------------------------------
[367.273s][debug][gc,stats          ] Marking Stats, task = 1, calls = 1
[367.273s][debug][gc,stats          ]   Elapsed time = 26.43ms, Termination time = 0.00ms
[367.273s][debug][gc,stats          ]   Step Times (cum): num = 65900, avg = 0.10ms, sd = 0.34ms max = 5.86ms, total = 6871.46ms
[367.273s][debug][gc,stats          ]   Mark Stats Cache: hits 10604 misses 2 ratio 99.981
[367.273s][debug][gc,stats          ] ---------------------------------------------------------------------
[367.273s][debug][gc,stats          ] Marking Stats, task = 2, calls = 6
[367.273s][debug][gc,stats          ]   Elapsed time = 26.40ms, Termination time = 0.72ms
[367.273s][debug][gc,stats          ]   Step Times (cum): num = 64849, avg = 0.10ms, sd = 0.35ms max = 5.99ms, total = 6583.85ms
[367.273s][debug][gc,stats          ]   Mark Stats Cache: hits 3736 misses 2 ratio 99.946
[367.273s][debug][gc,stats          ] ---------------------------------------------------------------------
[367.273s][info ][gc,marking        ] GC(32997) Concurrent Mark From Roots 26.627ms
[367.273s][info ][gc,marking        ] GC(32997) Concurrent Mark Abort
[367.273s][info ][gc                ] GC(32997) Concurrent Mark Cycle 26.686ms
[367.274s][debug][gc,ergo,ihop      ] Request concurrent cycle initiation (occupancy higher than threshold) occupancy: 2077229056B allocation request: 1048592B threshold: 1666375807B (77.60) source: concurrent humongous allocation
[367.274s][debug][gc,ergo,ihop      ] Request concurrent cycle initiation (occupancy higher than threshold) occupancy: 2077229056B allocation request: 1048592B threshold: 1666375807B (77.60) source: concurrent humongous allocation
[367.274s][debug][gc,ergo           ] Request concurrent cycle initiation (requested by GC cause). GC cause: G1 Humongous Allocation
[367.274s][debug][gc,heap           ] GC(33000) Heap before GC invocations=31578 (full 10210):
[367.274s][debug][gc,heap           ] GC(33000)  garbage-first heap   total 2097152K, used 2026549K [0x0000000080000000, 0x0000000100000000)
[367.274s][debug][gc,heap           ] GC(33000)   region size 1024K, 0 young (0K), 0 survivors (0K)
[367.274s][debug][gc,heap           ] GC(33000)  Metaspace       used 198K, committed 384K, reserved 1114112K
[367.274s][debug][gc,heap           ] GC(33000)   class space    used 5K, committed 128K, reserved 1048576K
[367.274s][debug][gc,ergo           ] GC(33000) Initiate concurrent cycle (concurrent cycle initiation requested)
[367.274s][info ][gc,start          ] GC(33000) Pause Young (Concurrent Start) (G1 Humongous Allocation)
[367.274s][info ][gc,task           ] GC(33000) Using 13 workers of 13 for evacuation
[367.274s][debug][gc,age            ] GC(33000) Desired survivor size 6815744 bytes, new threshold 15 (max threshold 15)
[367.274s][debug][gc,refine,stats   ] GC(33000) Mutator refinement: 0.00ms, refined: 0, precleaned: 0, dirtied: 8
[367.274s][debug][gc,refine,stats   ] GC(33000) Concurrent refinement: 0.00ms, refined: 0, precleaned: 0, dirtied: 0
[367.274s][debug][gc,refine,stats   ] GC(33000) Total refinement: 0.00ms, refined: 0, precleaned: 0, dirtied: 8
[367.274s][debug][gc,refine,stats   ] GC(33000) Generate dirty cards rate: 4.63 cards/ms
[367.274s][debug][gc,alloc,region   ] GC(33000) Mutator Allocation stats, regions: 0, wasted size: 0B ( 0.0%)
[367.274s][debug][gc,humongous      ] GC(33000) Humongous region 0 (object size 1048592 @ 0x0000000080000000) remset 0 code roots 0 marked 0 reclaim candidate 0 type array 1
[367.274s][debug][gc,humongous      ] GC(33000) Humongous region 315 (object size 1048592 @ 0x0000000093b00000) remset 0 code roots 0 marked 0 reclaim candidate 0 type array 1
[367.274s][debug][gc,humongous      ] GC(33000) Humongous region 3 (object size 1048592 @ 0x0000000080300000) remset 0 code roots 0 marked 0 reclaim candidate 0 type array 1
[367.274s][debug][gc,humongous      ] GC(33000) Humongous region 473 (object size 1048592 @ 0x000000009d900000) remset 0 code roots 0 marked 0 reclaim candidate 0 type array 1
[367.274s][debug][gc,humongous      ] GC(33000) Humongous region 5 (object size 1048592 @ 0x0000000080500000) remset 0 code roots 0 marked 0 reclaim candidate 0 type array 1
[367.274s][debug][gc,humongous      ] GC(33000) Humongous region 475 (object size 1048592 @ 0x000000009db00000) remset 0 code roots 0 marked 0 reclaim candidate 0 type array 1
[367.274s][debug][gc,humongous      ] GC(33000) Humongous region 1260 (object size 1048592 @ 0x00000000cec00000) remset 0 code roots 0 marked 0 reclaim candidate 0 type array 1
[367.274s][debug][gc,humongous      ] GC(33000) Humongous region 477 (object size 1048592 @ 0x000000009dd00000) remset 0 code roots 0 marked 0 reclaim candidate 1 type array 1
[367.274s][debug][gc,humongous      ] GC(33000) Humongous region 788 (object size 1048592 @ 0x00000000b1400000) remset 0 code roots 0 marked 0 reclaim candidate 0 type array 1
[367.274s][debug][gc,humongous      ] GC(33000) Humongous region 7 (object size 1048592 @ 0x0000000080700000) remset 0 code roots 0 marked 0 reclaim candidate 0 type array 1
[367.275s][debug][gc,humongous      ] GC(33000) Humongous region 1890 (object size 1048592 @ 0x00000000f6200000) remset 0 code roots 0 marked 0 reclaim candidate 0 type array 1
[367.274s][debug][gc,humongous      ] GC(33000) Humongous region 317 (object size 1048592 @ 0x0000000093d00000) remset 0 code roots 0 marked 0 reclaim candidate 0 type array 1
[367.275s][debug][gc,humongous      ] GC(33000) Humongous region 1892 (object size 1048592 @ 0x00000000f6400000) remset 0 code roots 0 marked 0 reclaim candidate 0 type array 1
[367.275s][debug][gc,humongous      ] GC(33000) Humongous region 319 (object size 1048592 @ 0x0000000093f00000) remset 0 code roots 0 marked 0 reclaim candidate 0 type array 1
[367.275s][debug][gc,humongous      ] GC(33000) Humongous region 1894 (object size 1048592 @ 0x00000000f6600000) remset 0 code roots 0 marked 0 reclaim candidate 0 type array 1
[367.275s][debug][gc,humongous      ] GC(33000) Humongous region 321 (object size 1048592 @ 0x0000000094100000) remset 0 code roots 0 marked 0 reclaim candidate 0 type array 1
[367.274s][debug][gc,humongous      ] GC(33000) Humongous region 1417 (object size 1048592 @ 0x00000000d8900000) remset 0 code roots 0 marked 0 reclaim candidate 0 type array 1
[367.274s][debug][gc,humongous      ] GC(33000) Humongous region 1262 (object size 1048592 @ 0x00000000cee00000) remset 0 code roots 0 marked 0 reclaim candidate 0 type array 1
[367.274s][debug][gc,humongous      ] GC(33000) Humongous region 1732 (object size 1048592 @ 0x00000000ec400000) remset 0 code roots 0 marked 0 reclaim candidate 0 type array 1
[367.274s][debug][gc,humongous      ] GC(33000) Humongous region 479 (object size 1048592 @ 0x000000009df00000) remset 0 code roots 0 marked 0 reclaim candidate 0 type array 1
[367.275s][debug][gc,humongous      ] GC(33000) Humongous region 1734 (object size 1048592 @ 0x00000000ec600000) remset 0 code roots 0 marked 0 reclaim candidate 0 type array 1
[367.275s][debug][gc,humongous      ] GC(33000) Humongous region 790 (object size 1048592 @ 0x00000000b1600000) remset 0 code roots 0 marked 0 reclaim candidate 0 type array 1
[367.275s][debug][gc,humongous      ] GC(33000) Humongous region 9 (object size 1048592 @ 0x0000000080900000) remset 0 code roots 0 marked 0 reclaim candidate 0 type array 1
[367.275s][debug][gc,humongous      ] GC(33000) Humongous region 792 (object size 1048592 @ 0x00000000b1800000) remset 0 code roots 0 marked 0 reclaim candidate 0 type array 1
[367.275s][debug][gc,humongous      ] GC(33000) Humongous region 11 (object size 1048592 @ 0x0000000080b00000) remset 0 code roots 0 marked 0 reclaim candidate 1 type array 1
[367.275s][debug][gc,humongous      ] GC(33000) Humongous region 794 (object size 1048592 @ 0x00000000b1a00000) remset 0 code roots 0 marked 0 reclaim candidate 0 type array 1
[367.275s][debug][gc,humongous      ] GC(33000) Humongous region 13 (object size 1048592 @ 0x0000000080d00000) remset 0 code roots 0 marked 0 reclaim candidate 0 type array 1
[367.275s][debug][gc,humongous      ] GC(33000) Humongous region 323 (object size 1048592 @ 0x0000000094300000) remset 0 code roots 0 marked 0 reclaim candidate 0 type array 1
[367.275s][debug][gc,humongous      ] GC(33000) Humongous region 800 (object size 1048592 @ 0x00000000b2000000) remset 0 code roots 0 marked 0 reclaim candidate 0 type array 1
[367.274s][debug][gc,humongous      ] GC(33000) Humongous region 1575 (object size 1048592 @ 0x00000000e2700000) remset 0 code roots 0 marked 0 reclaim candidate 0 type array 1
[367.275s][debug][gc,humongous      ] GC(33000) Humongous region 802 (object size 1048592 @ 0x00000000b2200000) remset 0 code roots 0 marked 0 reclaim candidate 0 type array 1
[367.274s][debug][gc,humongous      ] GC(33000) Humongous region 945 (object size 1048592 @ 0x00000000bb100000) remset 0 code roots 0 marked 0 reclaim candidate 0 type array 1
[367.275s][debug][gc,humongous      ] GC(33000) Humongous region 481 (object size 1048592 @ 0x000000009e100000) remset 0 code roots 0 marked 0 reclaim candidate 1 type array 1
[367.275s][debug][gc,humongous      ] GC(33000) Humongous region 1736 (object size 1048592 @ 0x00000000ec800000) remset 0 code roots 0 marked 0 reclaim candidate 0 type array 1
[367.275s][debug][gc,humongous      ] GC(33000) Humongous region 483 (object size 1048592 @ 0x000000009e300000) remset 0 code roots 0 marked 0 reclaim candidate 0 type array 1
[367.274s][debug][gc,humongous      ] GC(33000) Humongous region 1103 (object size 1048592 @ 0x00000000c4f00000) remset 0 code roots 0 marked 0 reclaim candidate 0 type array 1
[367.275s][debug][gc,humongous      ] GC(33000) Humongous region 485 (object size 1048592 @ 0x000000009e500000) remset 0 code roots 0 marked 0 reclaim candidate 0 type array 1
[367.275s][debug][gc,humongous      ] GC(33000) Humongous region 1896 (object size 1048592 @ 0x00000000f6800000) remset 0 code roots 0 marked 0 reclaim candidate 0 type array 1
[367.275s][debug][gc,humongous      ] GC(33000) Humongous region 15 (object size 1048592 @ 0x0000000080f00000) remset 0 code roots 0 marked 0 reclaim candidate 0 type array 1
[367.275s][debug][gc,humongous      ] GC(33000) Humongous region 1898 (object size 1048592 @ 0x00000000f6a00000) remset 0 code roots 0 marked 0 reclaim candidate 0 type array 1
[367.275s][debug][gc,humongous      ] GC(33000) Humongous region 17 (object size 1048592 @ 0x0000000081100000) remset 0 code roots 0 marked 0 reclaim candidate 0 type array 1
[367.275s][debug][gc,humongous      ] GC(33000) Humongous region 1264 (object size 1048592 @ 0x00000000cf000000) remset 0 code roots 0 marked 0 reclaim candidate 0 type array 1
[367.275s][debug][gc,humongous      ] GC(33000) Humongous region 19 (object size 1048592 @ 0x0000000081300000) remset 0 code roots 0 marked 0 reclaim candidate 0 type array 1
[367.275s][debug][gc,humongous      ] GC(33000) Humongous region 804 (object size 1048592 @ 0x00000000b2400000) remset 0 code roots 0 marked 0 reclaim candidate 0 type array 1
[367.275s][debug][gc,humongous      ] GC(33000) Humongous region 947 (object size 1048592 @ 0x00000000bb300000) remset 0 code roots 0 marked 0 reclaim candidate 0 type array 1
[367.275s][debug][gc,humongous      ] GC(33000) Humongous region 806 (object size 1048592 @ 0x00000000b2600000) remset 0 code roots 0 marked 0 reclaim candidate 0 type array 1
[367.275s][debug][gc,humongous      ] GC(33000) Humongous region 1738 (object size 1048592 @ 0x00000000eca00000) remset 0 code roots 0 marked 0 reclaim candidate 0 type array 1
[367.274s][debug][gc,humongous      ] GC(33000) Humongous region 630 (object size 1048592 @ 0x00000000a7600000) remset 0 code roots 0 marked 0 reclaim candidate 0 type array 1
[367.275s][debug][gc,humongous      ] GC(33000) Humongous region 1105 (object size 1048592 @ 0x00000000c5100000) remset 0 code roots 0 marked 0 reclaim candidate 0 type array 1
[367.275s][debug][gc,humongous      ] GC(33000) Humongous region 487 (object size 1048592 @ 0x000000009e700000) remset 0 code roots 0 marked 0 reclaim candidate 0 type array 1
[367.275s][debug][gc,humongous      ] GC(33000) Humongous region 1419 (object size 1048592 @ 0x00000000d8b00000) remset 0 code roots 0 marked 0 reclaim candidate 0 type array 1
[367.275s][debug][gc,humongous      ] GC(33000) Humongous region 325 (object size 1048592 @ 0x0000000094500000) remset 0 code roots 0 marked 0 reclaim candidate 1 type array 1
[367.275s][debug][gc,humongous      ] GC(33000) Humongous region 1900 (object size 1048592 @ 0x00000000f6c00000) remset 0 code roots 0 marked 0 reclaim candidate 0 type array 1
[367.275s][debug][gc,humongous      ] GC(33000) Humongous region 327 (object size 1048592 @ 0x0000000094700000) remset 0 code roots 0 marked 0 reclaim candidate 0 type array 1
[367.275s][debug][gc,humongous      ] GC(33000) Humongous region 1902 (object size 1048592 @ 0x00000000f6e00000) remset 0 code roots 0 marked 0 reclaim candidate 0 type array 1
[367.275s][debug][gc,humongous      ] GC(33000) Humongous region 21 (object size 1048592 @ 0x0000000081500000) remset 0 code roots 0 marked 0 reclaim candidate 0 type array 1
[367.275s][debug][gc,humongous      ] GC(33000) Humongous region 1904 (object size 1048592 @ 0x00000000f7000000) remset 0 code roots 0 marked 0 reclaim candidate 0 type array 1
[367.275s][debug][gc,humongous      ] GC(33000) Humongous region 949 (object size 1048592 @ 0x00000000bb500000) remset 0 code roots 0 marked 0 reclaim candidate 0 type array 1
[367.275s][debug][gc,humongous      ] GC(33000) Humongous region 808 (object size 1048592 @ 0x00000000b2800000) remset 0 code roots 0 marked 0 reclaim candidate 0 type array 1
[367.275s][debug][gc,humongous      ] GC(33000) Humongous region 1740 (object size 1048592 @ 0x00000000ecc00000) remset 0 code roots 0 marked 0 reclaim candidate 0 type array 1
[367.275s][debug][gc,humongous      ] GC(33000) Humongous region 953 (object size 1048592 @ 0x00000000bb900000) remset 0 code roots 0 marked 0 reclaim candidate 0 type array 1
[367.275s][debug][gc,humongous      ] GC(33000) Humongous region 1107 (object size 1048592 @ 0x00000000c5300000) remset 0 code roots 0 marked 0 reclaim candidate 0 type array 1
[367.275s][debug][gc,humongous      ] GC(33000) Humongous region 632 (object size 1048592 @ 0x00000000a7800000) remset 0 code roots 0 marked 0 reclaim candidate 0 type array 1
[367.275s][debug][gc,humongous      ] GC(33000) Humongous region 1421 (object size 1048592 @ 0x00000000d8d00000) remset 0 code roots 0 marked 0 reclaim candidate 0 type array 1
[367.275s][debug][gc,humongous      ] GC(33000) Humongous region 1577 (object size 1048592 @ 0x00000000e2900000) remset 0 code roots 0 marked 0 reclaim candidate 0 type array 1
[367.275s][debug][gc,humongous      ] GC(33000) Humongous region 1423 (object size 1048592 @ 0x00000000d8f00000) remset 0 code roots 0 marked 0 reclaim candidate 0 type array 1
[367.275s][debug][gc,humongous      ] GC(33000) Humongous region 329 (object size 1048592 @ 0x0000000094900000) remset 0 code roots 0 marked 0 reclaim candidate 0 type array 1
[367.274s][debug][gc,humongous      ] GC(33000) Humongous region 157 (object size 1048592 @ 0x0000000089d00000) remset 0 code roots 0 marked 0 reclaim candidate 0 type array 1
[367.275s][debug][gc,humongous      ] GC(33000) Humongous region 23 (object size 1048592 @ 0x0000000081700000) remset 0 code roots 0 marked 0 reclaim candidate 0 type array 1
[367.275s][debug][gc,humongous      ] GC(33000) Humongous region 159 (object size 1048592 @ 0x0000000089f00000) remset 0 code roots 0 marked 0 reclaim candidate 0 type array 1
[367.275s][debug][gc,humongous      ] GC(33000) Humongous region 810 (object size 1048592 @ 0x00000000b2a00000) remset 0 code roots 0 marked 0 reclaim candidate 0 type array 1
[367.275s][debug][gc,humongous      ] GC(33000) Humongous region 161 (object size 1048592 @ 0x000000008a100000) remset 0 code roots 0 marked 0 reclaim candidate 0 type array 1
[367.275s][debug][gc,humongous      ] GC(33000) Humongous region 489 (object size 1048592 @ 0x000000009e900000) remset 0 code roots 0 marked 0 reclaim candidate 0 type array 1
[367.275s][debug][gc,humongous      ] GC(33000) Humongous region 955 (object size 1048592 @ 0x00000000bbb00000) remset 0 code roots 0 marked 0 reclaim candidate 0 type array 1
[367.275s][debug][gc,humongous      ] GC(33000) Humongous region 1109 (object size 1048592 @ 0x00000000c5500000) remset 0 code roots 0 marked 0 reclaim candidate 0 type array 1
[367.275s][debug][gc,humongous      ] GC(33000) Humongous region 634 (object size 1048592 @ 0x00000000a7a00000) remset 0 code roots 0 marked 0 reclaim candidate 0 type array 1
[367.275s][debug][gc,humongous      ] GC(33000) Humongous region 1111 (object size 1048592 @ 0x00000000c5700000) remset 0 code roots 0 marked 0 reclaim candidate 0 type array 1
[367.275s][debug][gc,humongous      ] GC(33000) Humongous region 1579 (object size 1048592 @ 0x00000000e2b00000) remset 0 code roots 0 marked 0 reclaim candidate 0 type array 1
[367.275s][debug][gc,humongous      ] GC(33000) Humongous region 1113 (object size 1048592 @ 0x00000000c5900000) remset 0 code roots 0 marked 0 reclaim candidate 0 type array 1
[367.275s][debug][gc,humongous      ] GC(33000) Humongous region 331 (object size 1048592 @ 0x0000000094b00000) remset 0 code roots 0 marked 0 reclaim candidate 0 type array 1
[367.275s][debug][gc,humongous      ] GC(33000) Humongous region 1906 (object size 1048592 @ 0x00000000f7200000) remset 0 code roots 0 marked 0 reclaim candidate 0 type array 1
[367.275s][debug][gc,humongous      ] GC(33000) Humongous region 333 (object size 1048592 @ 0x0000000094d00000) remset 0 code roots 0 marked 0 reclaim candidate 0 type array 1
[367.275s][debug][gc,humongous      ] GC(33000) Humongous region 1908 (object size 1048592 @ 0x00000000f7400000) remset 0 code roots 0 marked 0 reclaim candidate 0 type array 1
[367.275s][debug][gc,humongous      ] GC(33000) Humongous region 335 (object size 1048592 @ 0x0000000094f00000) remset 0 code roots 0 marked 0 reclaim candidate 0 type array 1
[367.275s][debug][gc,humongous      ] GC(33000) Humongous region 1910 (object size 1048592 @ 0x00000000f7600000) remset 0 code roots 0 marked 0 reclaim candidate 0 type array 1
[367.275s][debug][gc,humongous      ] GC(33000) Humongous region 491 (object size 1048592 @ 0x000000009eb00000) remset 0 code roots 0 marked 0 reclaim candidate 0 type array 1
[367.275s][debug][gc,humongous      ] GC(33000) Humongous region 1912 (object size 1048592 @ 0x00000000f7800000) remset 0 code roots 0 marked 0 reclaim candidate 0 type array 1
[367.275s][debug][gc,humongous      ] GC(33000) Humongous region 1266 (object size 1048592 @ 0x00000000cf200000) remset 0 code roots 0 marked 0 reclaim candidate 0 type array 1
[367.275s][debug][gc,humongous      ] GC(33000) Humongous region 1914 (object size 1048592 @ 0x00000000f7a00000) remset 0 code roots 0 marked 0 reclaim candidate 0 type array 1
[367.275s][debug][gc,humongous      ] GC(33000) Humongous region 1425 (object size 1048592 @ 0x00000000d9100000) remset 0 code roots 0 marked 0 reclaim candidate 0 type array 1
[367.275s][debug][gc,humongous      ] GC(33000) Humongous region 1916 (object size 1048592 @ 0x00000000f7c00000) remset 0 code roots 0 marked 0 reclaim candidate 0 type array 1
[367.275s][debug][gc,humongous      ] GC(33000) Humongous region 1115 (object size 1048592 @ 0x00000000c5b00000) remset 0 code roots 0 marked 0 reclaim candidate 0 type array 1
[367.275s][debug][gc,humongous      ] GC(33000) Humongous region 25 (object size 1048592 @ 0x0000000081900000) remset 0 code roots 0 marked 0 reclaim candidate 0 type array 1
[367.275s][debug][gc,humongous      ] GC(33000) Humongous region 1117 (object size 1048592 @ 0x00000000c5d00000) remset 0 code roots 0 marked 0 reclaim candidate 0 type array 1
[367.275s][debug][gc,humongous      ] GC(33000) Humongous region 27 (object size 1048592 @ 0x0000000081b00000) remset 0 code roots 0 marked 0 reclaim candidate 0 type array 1
[367.275s][debug][gc,humongous      ] GC(33000) Humongous region 1119 (object size 1048592 @ 0x00000000c5f00000) remset 0 code roots 0 marked 0 reclaim candidate 0 type array 1
[367.275s][debug][gc,humongous      ] GC(33000) Humongous region 337 (object size 1048592 @ 0x0000000095100000) remset 0 code roots 0 marked 0 reclaim candidate 0 type array 1
[367.275s][debug][gc,humongous      ] GC(33000) Humongous region 1121 (object size 1048592 @ 0x00000000c6100000) remset 0 code roots 0 marked 0 reclaim candidate 0 type array 1
[367.275s][debug][gc,humongous      ] GC(33000) Humongous region 339 (object size 1048592 @ 0x0000000095300000) remset 0 code roots 0 marked 0 reclaim candidate 0 type array 1
[367.275s][debug][gc,humongous      ] GC(33000) Humongous region 1123 (object size 1048592 @ 0x00000000c6300000) remset 0 code roots 0 marked 0 reclaim candidate 0 type array 1
[367.275s][debug][gc,humongous      ] GC(33000) Humongous region 341 (object size 1048592 @ 0x0000000095500000) remset 0 code roots 0 marked 0 reclaim candidate 0 type array 1
[367.275s][debug][gc,humongous      ] GC(33000) Humongous region 1581 (object size 1048592 @ 0x00000000e2d00000) remset 0 code roots 0 marked 0 reclaim candidate 0 type array 1
[367.275s][debug][gc,humongous      ] GC(33000) Humongous region 1427 (object size 1048592 @ 0x00000000d9300000) remset 0 code roots 0 marked 0 reclaim candidate 0 type array 1
[367.275s][debug][gc,humongous      ] GC(33000) Humongous region 1918 (object size 1048592 @ 0x00000000f7e00000) remset 0 code roots 0 marked 0 reclaim candidate 0 type array 1
[367.275s][debug][gc,humongous      ] GC(33000) Humongous region 1742 (object size 1048592 @ 0x00000000ece00000) remset 0 code roots 0 marked 0 reclaim candidate 0 type array 1
[367.276s][debug][gc,humongous      ] GC(33000) Humongous region 1920 (object size 1048592 @ 0x00000000f8000000) remset 0 code roots 0 marked 0 reclaim candidate 0 type array 1
[367.276s][debug][gc,humongous      ] GC(33000) Humongous region 1744 (object size 1048592 @ 0x00000000ed000000) remset 0 code roots 0 marked 0 reclaim candidate 0 type array 1
[367.276s][debug][gc,humongous      ] GC(33000) Humongous region 1922 (object size 1048592 @ 0x00000000f8200000) remset 0 code roots 0 marked 0 reclaim candidate 0 type array 1
[367.276s][debug][gc,humongous      ] GC(33000) Humongous region 1746 (object size 1048592 @ 0x00000000ed200000) remset 0 code roots 0 marked 0 reclaim candidate 0 type array 1
[367.276s][debug][gc,humongous      ] GC(33000) Humongous region 1748 (object size 1048592 @ 0x00000000ed400000) remset 0 code roots 0 marked 0 reclaim candidate 0 type array 1
[367.276s][debug][gc,humongous      ] GC(33000) Humongous region 1752 (object size 1048592 @ 0x00000000ed800000) remset 0 code roots 0 marked 0 reclaim candidate 0 type array 1
[367.276s][debug][gc,humongous      ] GC(33000) Humongous region 1754 (object size 1048592 @ 0x00000000eda00000) remset 0 code roots 0 marked 0 reclaim candidate 0 type array 1
[367.276s][debug][gc,humongous      ] GC(33000) Humongous region 1756 (object size 1048592 @ 0x00000000edc00000) remset 0 code roots 0 marked 0 reclaim candidate 0 type array 1
[367.276s][debug][gc,humongous      ] GC(33000) Humongous region 1758 (object size 1048592 @ 0x00000000ede00000) remset 0 code roots 0 marked 0 reclaim candidate 0 type array 1
[367.276s][debug][gc,humongous      ] GC(33000) Humongous region 1760 (object size 1048592 @ 0x00000000ee000000) remset 0 code roots 0 marked 0 reclaim candidate 0 type array 1
[367.276s][debug][gc,humongous      ] GC(33000) Humongous region 1762 (object size 1048592 @ 0x00000000ee200000) remset 0 code roots 0 marked 0 reclaim candidate 0 type array 1
[367.276s][debug][gc,humongous      ] GC(33000) Humongous region 1764 (object size 1048592 @ 0x00000000ee400000) remset 0 code roots 0 marked 0 reclaim candidate 0 type array 1
[367.276s][debug][gc,humongous      ] GC(33000) Humongous region 1766 (object size 1048592 @ 0x00000000ee600000) remset 0 code roots 0 marked 0 reclaim candidate 0 type array 1
[367.276s][debug][gc,humongous      ] GC(33000) Humongous region 1768 (object size 1048592 @ 0x00000000ee800000) remset 0 code roots 0 marked 0 reclaim candidate 0 type array 1
[367.276s][debug][gc,humongous      ] GC(33000) Humongous region 1770 (object size 1048592 @ 0x00000000eea00000) remset 0 code roots 0 marked 0 reclaim candidate 0 type array 1
[367.276s][debug][gc,humongous      ] GC(33000) Humongous region 1772 (object size 1048592 @ 0x00000000eec00000) remset 0 code roots 0 marked 0 reclaim candidate 0 type array 1
[367.276s][debug][gc,humongous      ] GC(33000) Humongous region 1774 (object size 1048592 @ 0x00000000eee00000) remset 0 code roots 0 marked 0 reclaim candidate 0 type array 1
[367.276s][debug][gc,humongous      ] GC(33000) Humongous region 1776 (object size 1048592 @ 0x00000000ef000000) remset 0 code roots 0 marked 0 reclaim candidate 0 type array 1
[367.276s][debug][gc,humongous      ] GC(33000) Humongous region 1778 (object size 1048592 @ 0x00000000ef200000) remset 0 code roots 0 marked 0 reclaim candidate 0 type array 1
[367.276s][debug][gc,humongous      ] GC(33000) Humongous region 1780 (object size 1048592 @ 0x00000000ef400000) remset 0 code roots 0 marked 0 reclaim candidate 0 type array 1
[367.276s][debug][gc,humongous      ] GC(33000) Humongous region 1782 (object size 1048592 @ 0x00000000ef600000) remset 0 code roots 0 marked 0 reclaim candidate 0 type array 1
[367.276s][debug][gc,humongous      ] GC(33000) Humongous region 1784 (object size 1048592 @ 0x00000000ef800000) remset 0 code roots 0 marked 0 reclaim candidate 0 type array 1
[367.276s][debug][gc,humongous      ] GC(33000) Humongous region 1786 (object size 1048592 @ 0x00000000efa00000) remset 0 code roots 0 marked 0 reclaim candidate 0 type array 1
[367.276s][debug][gc,humongous      ] GC(33000) Humongous region 1788 (object size 1048592 @ 0x00000000efc00000) remset 0 code roots 0 marked 0 reclaim candidate 0 type array 1
[367.276s][debug][gc,humongous      ] GC(33000) Humongous region 1790 (object size 1048592 @ 0x00000000efe00000) remset 0 code roots 0 marked 0 reclaim candidate 0 type array 1
[367.276s][debug][gc,humongous      ] GC(33000) Humongous region 1792 (object size 1048592 @ 0x00000000f0000000) remset 0 code roots 0 marked 0 reclaim candidate 0 type array 1
[367.276s][debug][gc,humongous      ] GC(33000) Humongous region 1794 (object size 1048592 @ 0x00000000f0200000) remset 0 code roots 0 marked 0 reclaim candidate 0 type array 1
[367.276s][debug][gc,humongous      ] GC(33000) Humongous region 1796 (object size 1048592 @ 0x00000000f0400000) remset 0 code roots 0 marked 0 reclaim candidate 0 type array 1
[367.276s][debug][gc,humongous      ] GC(33000) Humongous region 1798 (object size 1048592 @ 0x00000000f0600000) remset 0 code roots 0 marked 0 reclaim candidate 0 type array 1
[367.276s][debug][gc,humongous      ] GC(33000) Humongous region 1583 (object size 1048592 @ 0x00000000e2f00000) remset 0 code roots 0 marked 0 reclaim candidate 0 type array 1
[367.276s][debug][gc,humongous      ] GC(33000) Humongous region 1800 (object size 1048592 @ 0x00000000f0800000) remset 0 code roots 0 marked 0 reclaim candidate 0 type array 1
[367.276s][debug][gc,humongous      ] GC(33000) Humongous region 1802 (object size 1048592 @ 0x00000000f0a00000) remset 0 code roots 0 marked 0 reclaim candidate 0 type array 1
[367.275s][debug][gc,humongous      ] GC(33000) Humongous region 812 (object size 1048592 @ 0x00000000b2c00000) remset 0 code roots 0 marked 0 reclaim candidate 0 type array 1
[367.276s][debug][gc,humongous      ] GC(33000) Humongous region 814 (object size 1048592 @ 0x00000000b2e00000) remset 0 code roots 0 marked 0 reclaim candidate 0 type array 1
[367.276s][debug][gc,humongous      ] GC(33000) Humongous region 816 (object size 1048592 @ 0x00000000b3000000) remset 0 code roots 0 marked 0 reclaim candidate 0 type array 1
[367.275s][debug][gc,humongous      ] GC(33000) Humongous region 957 (object size 1048592 @ 0x00000000bbd00000) remset 0 code roots 0 marked 0 reclaim candidate 0 type array 1
[367.276s][debug][gc,humongous      ] GC(33000) Humongous region 1924 (object size 1048592 @ 0x00000000f8400000) remset 0 code roots 0 marked 0 reclaim candidate 0 type array 1
[367.276s][debug][gc,humongous      ] GC(33000) Humongous region 959 (object size 1048592 @ 0x00000000bbf00000) remset 0 code roots 0 marked 0 reclaim candidate 0 type array 1
[367.275s][debug][gc,humongous      ] GC(33000) Humongous region 493 (object size 1048592 @ 0x000000009ed00000) remset 0 code roots 0 marked 0 reclaim candidate 0 type array 1
[367.276s][debug][gc,humongous      ] GC(33000) Humongous region 961 (object size 1048592 @ 0x00000000bc100000) remset 0 code roots 0 marked 0 reclaim candidate 0 type array 1
[367.275s][debug][gc,humongous      ] GC(33000) Humongous region 1125 (object size 1048592 @ 0x00000000c6500000) remset 0 code roots 0 marked 0 reclaim candidate 0 type array 1
[367.275s][debug][gc,humongous      ] GC(33000) Humongous region 1268 (object size 1048592 @ 0x00000000cf400000) remset 0 code roots 0 marked 0 reclaim candidate 0 type array 1
[367.276s][debug][gc,humongous      ] GC(33000) Humongous region 1127 (object size 1048592 @ 0x00000000c6700000) remset 0 code roots 0 marked 0 reclaim candidate 0 type array 1
[367.276s][debug][gc,humongous      ] GC(33000) Humongous region 1585 (object size 1048592 @ 0x00000000e3100000) remset 0 code roots 0 marked 0 reclaim candidate 0 type array 1
[367.276s][debug][gc,humongous      ] GC(33000) Humongous region 1270 (object size 1048592 @ 0x00000000cf600000) remset 0 code roots 0 marked 0 reclaim candidate 0 type array 1
[367.276s][debug][gc,humongous      ] GC(33000) Humongous region 1429 (object size 1048592 @ 0x00000000d9500000) remset 0 code roots 0 marked 0 reclaim candidate 0 type array 1
[367.275s][debug][gc,humongous      ] GC(33000) Humongous region 29 (object size 1048592 @ 0x0000000081d00000) remset 0 code roots 0 marked 0 reclaim candidate 0 type array 1
[367.276s][debug][gc,humongous      ] GC(33000) Humongous region 1431 (object size 1048592 @ 0x00000000d9700000) remset 0 code roots 0 marked 0 reclaim candidate 0 type array 1
[367.276s][debug][gc,humongous      ] GC(33000) Humongous region 31 (object size 1048592 @ 0x0000000081f00000) remset 0 code roots 0 marked 0 reclaim candidate 0 type array 1
[367.276s][debug][gc,humongous      ] GC(33000) Humongous region 1433 (object size 1048592 @ 0x00000000d9900000) remset 0 code roots 0 marked 0 reclaim candidate 0 type array 1
[367.275s][debug][gc,humongous      ] GC(33000) Humongous region 636 (object size 1048592 @ 0x00000000a7c00000) remset 0 code roots 0 marked 0 reclaim candidate 0 type array 1
[367.276s][debug][gc,humongous      ] GC(33000) Humongous region 495 (object size 1048592 @ 0x000000009ef00000) remset 0 code roots 0 marked 0 reclaim candidate 0 type array 1
[367.275s][debug][gc,humongous      ] GC(33000) Humongous region 343 (object size 1048592 @ 0x0000000095700000) remset 0 code roots 0 marked 0 reclaim candidate 0 type array 1
[367.276s][debug][gc,humongous      ] GC(33000) Humongous region 497 (object size 1048592 @ 0x000000009f100000) remset 0 code roots 0 marked 0 reclaim candidate 0 type array 1
[367.276s][debug][gc,humongous      ] GC(33000) Humongous region 1129 (object size 1048592 @ 0x00000000c6900000) remset 0 code roots 0 marked 0 reclaim candidate 0 type array 1
[367.276s][debug][gc,humongous      ] GC(33000) Humongous region 499 (object size 1048592 @ 0x000000009f300000) remset 0 code roots 0 marked 0 reclaim candidate 0 type array 1
[367.276s][debug][gc,humongous      ] GC(33000) Humongous region 1587 (object size 1048592 @ 0x00000000e3300000) remset 0 code roots 0 marked 0 reclaim candidate 0 type array 1
[367.277s][debug][gc,humongous      ] GC(33000) Humongous region 501 (object size 1048592 @ 0x000000009f500000) remset 0 code roots 0 marked 0 reclaim candidate 0 type array 1
[367.276s][debug][gc,humongous      ] GC(33000) Humongous region 1272 (object size 1048592 @ 0x00000000cf800000) remset 0 code roots 0 marked 0 reclaim candidate 0 type array 1
[367.277s][debug][gc,humongous      ] GC(33000) Humongous region 503 (object size 1048592 @ 0x000000009f700000) remset 0 code roots 0 marked 0 reclaim candidate 0 type array 1
[367.276s][debug][gc,humongous      ] GC(33000) Humongous region 1926 (object size 1048592 @ 0x00000000f8600000) remset 0 code roots 0 marked 0 reclaim candidate 0 type array 1
[367.276s][debug][gc,humongous      ] GC(33000) Humongous region 33 (object size 1048592 @ 0x0000000082100000) remset 0 code roots 0 marked 0 reclaim candidate 0 type array 1
[367.277s][debug][gc,humongous      ] GC(33000) Humongous region 1928 (object size 1048592 @ 0x00000000f8800000) remset 0 code roots 0 marked 0 reclaim candidate 0 type array 1
[367.276s][debug][gc,humongous      ] GC(33000) Humongous region 638 (object size 1048592 @ 0x00000000a7e00000) remset 0 code roots 0 marked 0 reclaim candidate 0 type array 1
[367.276s][debug][gc,humongous      ] GC(33000) Humongous region 345 (object size 1048592 @ 0x0000000095900000) remset 0 code roots 0 marked 0 reclaim candidate 0 type array 1
[367.277s][debug][gc,humongous      ] GC(33000) Humongous region 640 (object size 1048592 @ 0x00000000a8000000) remset 0 code roots 0 marked 0 reclaim candidate 0 type array 1
[367.277s][debug][gc,humongous      ] GC(33000) Humongous region 347 (object size 1048592 @ 0x0000000095b00000) remset 0 code roots 0 marked 0 reclaim candidate 0 type array 1
[367.277s][debug][gc,humongous      ] GC(33000) Humongous region 642 (object size 1048592 @ 0x00000000a8200000) remset 0 code roots 0 marked 0 reclaim candidate 0 type array 1
[367.275s][debug][gc,humongous      ] GC(33000) Humongous region 163 (object size 1048592 @ 0x000000008a300000) remset 0 code roots 0 marked 0 reclaim candidate 0 type array 1
[367.277s][debug][gc,humongous      ] GC(33000) Humongous region 1589 (object size 1048592 @ 0x00000000e3500000) remset 0 code roots 0 marked 0 reclaim candidate 0 type array 1
[367.276s][debug][gc,humongous      ] GC(33000) Humongous region 820 (object size 1048592 @ 0x00000000b3400000) remset 0 code roots 0 marked 0 reclaim candidate 0 type array 1
[367.277s][debug][gc,humongous      ] GC(33000) Humongous region 1274 (object size 1048592 @ 0x00000000cfa00000) remset 0 code roots 0 marked 0 reclaim candidate 0 type array 1
[367.277s][debug][gc,humongous      ] GC(33000) Humongous region 822 (object size 1048592 @ 0x00000000b3600000) remset 0 code roots 0 marked 0 reclaim candidate 0 type array 1
[367.276s][debug][gc,humongous      ] GC(33000) Humongous region 1435 (object size 1048592 @ 0x00000000d9b00000) remset 0 code roots 0 marked 0 reclaim candidate 0 type array 1
[367.277s][debug][gc,humongous      ] GC(33000) Humongous region 35 (object size 1048592 @ 0x0000000082300000) remset 0 code roots 0 marked 0 reclaim candidate 0 type array 1
[367.276s][debug][gc,humongous      ] GC(33000) Humongous region 963 (object size 1048592 @ 0x00000000bc300000) remset 0 code roots 0 marked 0 reclaim candidate 0 type array 1
[367.277s][debug][gc,humongous      ] GC(33000) Humongous region 37 (object size 1048592 @ 0x0000000082500000) remset 0 code roots 0 marked 0 reclaim candidate 0 type array 1
[367.276s][debug][gc,humongous      ] GC(33000) Humongous region 1804 (object size 1048592 @ 0x00000000f0c00000) remset 0 code roots 0 marked 0 reclaim candidate 0 type array 1
[367.276s][debug][gc,humongous      ] GC(33000) Humongous region 1131 (object size 1048592 @ 0x00000000c6b00000) remset 0 code roots 0 marked 0 reclaim candidate 0 type array 1
[367.277s][debug][gc,humongous      ] GC(33000) Humongous region 349 (object size 1048592 @ 0x0000000095d00000) remset 0 code roots 0 marked 0 reclaim candidate 0 type array 1
[367.277s][debug][gc,humongous      ] GC(33000) Humongous region 644 (object size 1048592 @ 0x00000000a8400000) remset 0 code roots 0 marked 0 reclaim candidate 0 type array 1
[367.277s][debug][gc,humongous      ] GC(33000) Humongous region 351 (object size 1048592 @ 0x0000000095f00000) remset 0 code roots 0 marked 0 reclaim candidate 0 type array 1
[367.277s][debug][gc,humongous      ] GC(33000) Humongous region 646 (object size 1048592 @ 0x00000000a8600000) remset 0 code roots 0 marked 0 reclaim candidate 0 type array 1
[367.277s][debug][gc,humongous      ] GC(33000) Humongous region 353 (object size 1048592 @ 0x0000000096100000) remset 0 code roots 0 marked 0 reclaim candidate 0 type array 1
[367.277s][debug][gc,humongous      ] GC(33000) Humongous region 355 (object size 1048592 @ 0x0000000096300000) remset 0 code roots 0 marked 0 reclaim candidate 0 type array 1
[367.277s][debug][gc,humongous      ] GC(33000) Humongous region 648 (object size 1048592 @ 0x00000000a8800000) remset 0 code roots 0 marked 0 reclaim candidate 0 type array 1
[367.277s][debug][gc,humongous      ] GC(33000) Humongous region 824 (object size 1048592 @ 0x00000000b3800000) remset 0 code roots 0 marked 0 reclaim candidate 0 type array 1
[367.277s][debug][gc,humongous      ] GC(33000) Humongous region 965 (object size 1048592 @ 0x00000000bc500000) remset 0 code roots 0 marked 0 reclaim candidate 0 type array 1
[367.277s][debug][gc,humongous      ] GC(33000) Humongous region 826 (object size 1048592 @ 0x00000000b3a00000) remset 0 code roots 0 marked 0 reclaim candidate 0 type array 1
[367.277s][debug][gc,humongous      ] GC(33000) Humongous region 39 (object size 1048592 @ 0x0000000082700000) remset 0 code roots 0 marked 0 reclaim candidate 0 type array 1
[367.277s][debug][gc,humongous      ] GC(33000) Humongous region 828 (object size 1048592 @ 0x00000000b3c00000) remset 0 code roots 0 marked 0 reclaim candidate 0 type array 1
[367.277s][debug][gc,humongous      ] GC(33000) Humongous region 1133 (object size 1048592 @ 0x00000000c6d00000) remset 0 code roots 0 marked 0 reclaim candidate 0 type array 1
[367.277s][debug][gc,humongous      ] GC(33000) Humongous region 165 (object size 1048592 @ 0x000000008a500000) remset 0 code roots 0 marked 0 reclaim candidate 0 type array 1
[367.277s][debug][gc,humongous      ] GC(33000) Humongous region 1591 (object size 1048592 @ 0x00000000e3700000) remset 0 code roots 0 marked 0 reclaim candidate 0 type array 1
[367.277s][debug][gc,humongous      ] GC(33000) Humongous region 1276 (object size 1048592 @ 0x00000000cfc00000) remset 0 code roots 0 marked 0 reclaim candidate 0 type array 1
[367.277s][debug][gc,humongous      ] GC(33000) Humongous region 1437 (object size 1048592 @ 0x00000000d9d00000) remset 0 code roots 0 marked 0 reclaim candidate 0 type array 1
[367.277s][debug][gc,humongous      ] GC(33000) Humongous region 505 (object size 1048592 @ 0x000000009f900000) remset 0 code roots 0 marked 0 reclaim candidate 0 type array 1
[367.277s][debug][gc,humongous      ] GC(33000) Humongous region 1439 (object size 1048592 @ 0x00000000d9f00000) remset 0 code roots 0 marked 0 reclaim candidate 0 type array 1
[367.277s][debug][gc,humongous      ] GC(33000) Humongous region 1930 (object size 1048592 @ 0x00000000f8a00000) remset 0 code roots 0 marked 0 reclaim candidate 0 type array 1
[367.277s][debug][gc,humongous      ] GC(33000) Humongous region 650 (object size 1048592 @ 0x00000000a8a00000) remset 0 code roots 0 marked 0 reclaim candidate 0 type array 1
[367.277s][debug][gc,humongous      ] GC(33000) Humongous region 1932 (object size 1048592 @ 0x00000000f8c00000) remset 0 code roots 0 marked 0 reclaim candidate 0 type array 1
[367.277s][debug][gc,humongous      ] GC(33000) Humongous region 652 (object size 1048592 @ 0x00000000a8c00000) remset 0 code roots 0 marked 0 reclaim candidate 0 type array 1
[367.277s][debug][gc,humongous      ] GC(33000) Humongous region 1934 (object size 1048592 @ 0x00000000f8e00000) remset 0 code roots 0 marked 0 reclaim candidate 0 type array 1
[367.277s][debug][gc,humongous      ] GC(33000) Humongous region 830 (object size 1048592 @ 0x00000000b3e00000) remset 0 code roots 0 marked 0 reclaim candidate 0 type array 1
[367.277s][debug][gc,humongous      ] GC(33000) Humongous region 1135 (object size 1048592 @ 0x00000000c6f00000) remset 0 code roots 0 marked 0 reclaim candidate 0 type array 1
[367.277s][debug][gc,humongous      ] GC(33000) Humongous region 167 (object size 1048592 @ 0x000000008a700000) remset 0 code roots 0 marked 0 reclaim candidate 0 type array 1
[367.277s][debug][gc,humongous      ] GC(33000) Humongous region 1593 (object size 1048592 @ 0x00000000e3900000) remset 0 code roots 0 marked 0 reclaim candidate 0 type array 1
[367.277s][debug][gc,humongous      ] GC(33000) Humongous region 1278 (object size 1048592 @ 0x00000000cfe00000) remset 0 code roots 0 marked 0 reclaim candidate 0 type array 1
[367.277s][debug][gc,humongous      ] GC(33000) Humongous region 507 (object size 1048592 @ 0x000000009fb00000) remset 0 code roots 0 marked 0 reclaim candidate 0 type array 1
[367.277s][debug][gc,humongous      ] GC(33000) Humongous region 357 (object size 1048592 @ 0x0000000096500000) remset 0 code roots 0 marked 0 reclaim candidate 0 type array 1
[367.277s][debug][gc,humongous      ] GC(33000) Humongous region 967 (object size 1048592 @ 0x00000000bc700000) remset 0 code roots 0 marked 0 reclaim candidate 0 type array 1
[367.277s][debug][gc,humongous      ] GC(33000) Humongous region 359 (object size 1048592 @ 0x0000000096700000) remset 0 code roots 0 marked 0 reclaim candidate 0 type array 1
[367.277s][debug][gc,humongous      ] GC(33000) Humongous region 1806 (object size 1048592 @ 0x00000000f0e00000) remset 0 code roots 0 marked 0 reclaim candidate 0 type array 1
[367.277s][debug][gc,humongous      ] GC(33000) Humongous region 361 (object size 1048592 @ 0x0000000096900000) remset 0 code roots 0 marked 0 reclaim candidate 0 type array 1
[367.277s][debug][gc,humongous      ] GC(33000) Humongous region 1808 (object size 1048592 @ 0x00000000f1000000) remset 0 code roots 0 marked 0 reclaim candidate 0 type array 1
[367.277s][debug][gc,humongous      ] GC(33000) Humongous region 1936 (object size 1048592 @ 0x00000000f9000000) remset 0 code roots 0 marked 0 reclaim candidate 0 type array 1
[367.277s][debug][gc,humongous      ] GC(33000) Humongous region 1810 (object size 1048592 @ 0x00000000f1200000) remset 0 code roots 0 marked 0 reclaim candidate 0 type array 1
[367.277s][debug][gc,humongous      ] GC(33000) Humongous region 1938 (object size 1048592 @ 0x00000000f9200000) remset 0 code roots 0 marked 0 reclaim candidate 0 type array 1
[367.277s][debug][gc,humongous      ] GC(33000) Humongous region 1812 (object size 1048592 @ 0x00000000f1400000) remset 0 code roots 0 marked 0 reclaim candidate 0 type array 1
[367.277s][debug][gc,humongous      ] GC(33000) Humongous region 1940 (object size 1048592 @ 0x00000000f9400000) remset 0 code roots 0 marked 0 reclaim candidate 0 type array 1
[367.277s][debug][gc,humongous      ] GC(33000) Humongous region 1814 (object size 1048592 @ 0x00000000f1600000) remset 0 code roots 0 marked 0 reclaim candidate 0 type array 1
[367.277s][debug][gc,humongous      ] GC(33000) Humongous region 1942 (object size 1048592 @ 0x00000000f9600000) remset 0 code roots 0 marked 0 reclaim candidate 0 type array 1
[367.277s][debug][gc,humongous      ] GC(33000) Humongous region 969 (object size 1048592 @ 0x00000000bc900000) remset 0 code roots 0 marked 0 reclaim candidate 0 type array 1
[367.277s][debug][gc,humongous      ] GC(33000) Humongous region 41 (object size 1048592 @ 0x0000000082900000) remset 0 code roots 0 marked 0 reclaim candidate 0 type array 1
[367.277s][debug][gc,humongous      ] GC(33000) Humongous region 654 (object size 1048592 @ 0x00000000a8e00000) remset 0 code roots 0 marked 0 reclaim candidate 0 type array 1
[367.277s][debug][gc,humongous      ] GC(33000) Humongous region 363 (object size 1048592 @ 0x0000000096b00000) remset 0 code roots 0 marked 0 reclaim candidate 0 type array 1
[367.277s][debug][gc,humongous      ] GC(33000) Humongous region 1441 (object size 1048592 @ 0x00000000da100000) remset 0 code roots 0 marked 0 reclaim candidate 0 type array 1
[367.277s][debug][gc,humongous      ] GC(33000) Humongous region 832 (object size 1048592 @ 0x00000000b4000000) remset 0 code roots 0 marked 0 reclaim candidate 0 type array 1
[367.277s][debug][gc,humongous      ] GC(33000) Humongous region 1137 (object size 1048592 @ 0x00000000c7100000) remset 0 code roots 0 marked 0 reclaim candidate 0 type array 1
[367.277s][debug][gc,humongous      ] GC(33000) Humongous region 834 (object size 1048592 @ 0x00000000b4200000) remset 0 code roots 0 marked 0 reclaim candidate 0 type array 1
[367.277s][debug][gc,humongous      ] GC(33000) Humongous region 1280 (object size 1048592 @ 0x00000000d0000000) remset 0 code roots 0 marked 0 reclaim candidate 0 type array 1
[367.277s][debug][gc,humongous      ] GC(33000) Humongous region 1595 (object size 1048592 @ 0x00000000e3b00000) remset 0 code roots 0 marked 0 reclaim candidate 0 type array 1
[367.277s][debug][gc,humongous      ] GC(33000) Humongous region 509 (object size 1048592 @ 0x000000009fd00000) remset 0 code roots 0 marked 0 reclaim candidate 0 type array 1
[367.277s][debug][gc,humongous      ] GC(33000) Humongous region 1597 (object size 1048592 @ 0x00000000e3d00000) remset 0 code roots 0 marked 0 reclaim candidate 0 type array 1
[367.277s][debug][gc,humongous      ] GC(33000) Humongous region 511 (object size 1048592 @ 0x000000009ff00000) remset 0 code roots 0 marked 0 reclaim candidate 0 type array 1
[367.277s][debug][gc,humongous      ] GC(33000) Humongous region 1599 (object size 1048592 @ 0x00000000e3f00000) remset 0 code roots 0 marked 0 reclaim candidate 0 type array 1
[367.277s][debug][gc,humongous      ] GC(33000) Humongous region 43 (object size 1048592 @ 0x0000000082b00000) remset 0 code roots 0 marked 0 reclaim candidate 0 type array 1
[367.277s][debug][gc,humongous      ] GC(33000) Humongous region 1601 (object size 1048592 @ 0x00000000e4100000) remset 0 code roots 0 marked 0 reclaim candidate 0 type array 1
[367.277s][debug][gc,humongous      ] GC(33000) Humongous region 365 (object size 1048592 @ 0x0000000096d00000) remset 0 code roots 0 marked 0 reclaim candidate 0 type array 1
[367.277s][debug][gc,humongous      ] GC(33000) Humongous region 1443 (object size 1048592 @ 0x00000000da300000) remset 0 code roots 0 marked 0 reclaim candidate 0 type array 1
[367.277s][debug][gc,humongous      ] GC(33000) Humongous region 367 (object size 1048592 @ 0x0000000096f00000) remset 0 code roots 0 marked 0 reclaim candidate 0 type array 1
[367.277s][debug][gc,humongous      ] GC(33000) Humongous region 1139 (object size 1048592 @ 0x00000000c7300000) remset 0 code roots 0 marked 0 reclaim candidate 0 type array 1
[367.277s][debug][gc,humongous      ] GC(33000) Humongous region 836 (object size 1048592 @ 0x00000000b4400000) remset 0 code roots 0 marked 0 reclaim candidate 0 type array 1
[367.277s][debug][gc,humongous      ] GC(33000) Humongous region 1282 (object size 1048592 @ 0x00000000d0200000) remset 0 code roots 0 marked 0 reclaim candidate 0 type array 1
[367.277s][debug][gc,humongous      ] GC(33000) Humongous region 1816 (object size 1048592 @ 0x00000000f1800000) remset 0 code roots 0 marked 0 reclaim candidate 0 type array 1
[367.277s][debug][gc,humongous      ] GC(33000) Humongous region 1284 (object size 1048592 @ 0x00000000d0400000) remset 0 code roots 0 marked 0 reclaim candidate 0 type array 1
[367.277s][debug][gc,humongous      ] GC(33000) Humongous region 971 (object size 1048592 @ 0x00000000bcb00000) remset 0 code roots 0 marked 0 reclaim candidate 0 type array 1
[367.277s][debug][gc,humongous      ] GC(33000) Humongous region 1288 (object size 1048592 @ 0x00000000d0800000) remset 0 code roots 0 marked 0 reclaim candidate 0 type array 1
[367.277s][debug][gc,humongous      ] GC(33000) Humongous region 656 (object size 1048592 @ 0x00000000a9000000) remset 0 code roots 0 marked 0 reclaim candidate 0 type array 1
[367.277s][debug][gc,humongous      ] GC(33000) Humongous region 1290 (object size 1048592 @ 0x00000000d0a00000) remset 0 code roots 0 marked 0 reclaim candidate 0 type array 1
[367.277s][debug][gc,humongous      ] GC(33000) Humongous region 1603 (object size 1048592 @ 0x00000000e4300000) remset 0 code roots 0 marked 0 reclaim candidate 0 type array 1
[367.277s][debug][gc,humongous      ] GC(33000) Humongous region 169 (object size 1048592 @ 0x000000008a900000) remset 0 code roots 0 marked 0 reclaim candidate 0 type array 1
[367.277s][debug][gc,humongous      ] GC(33000) Humongous region 1445 (object size 1048592 @ 0x00000000da500000) remset 0 code roots 0 marked 0 reclaim candidate 0 type array 1
[367.277s][debug][gc,humongous      ] GC(33000) Humongous region 369 (object size 1048592 @ 0x0000000097100000) remset 0 code roots 0 marked 0 reclaim candidate 0 type array 1
[367.277s][debug][gc,humongous      ] GC(33000) Humongous region 838 (object size 1048592 @ 0x00000000b4600000) remset 0 code roots 0 marked 0 reclaim candidate 0 type array 1
[367.277s][debug][gc,humongous      ] GC(33000) Humongous region 1141 (object size 1048592 @ 0x00000000c7500000) remset 0 code roots 0 marked 0 reclaim candidate 0 type array 1
[367.277s][debug][gc,humongous      ] GC(33000) Humongous region 1944 (object size 1048592 @ 0x00000000f9800000) remset 0 code roots 0 marked 0 reclaim candidate 0 type array 1
[367.277s][debug][gc,humongous      ] GC(33000) Humongous region 513 (object size 1048592 @ 0x00000000a0100000) remset 0 code roots 0 marked 0 reclaim candidate 0 type array 1
[367.278s][debug][gc,humongous      ] GC(33000) Humongous region 1946 (object size 1048592 @ 0x00000000f9a00000) remset 0 code roots 0 marked 0 reclaim candidate 0 type array 1
[367.277s][debug][gc,humongous      ] GC(33000) Humongous region 973 (object size 1048592 @ 0x00000000bcd00000) remset 0 code roots 0 marked 0 reclaim candidate 0 type array 1
[367.278s][debug][gc,humongous      ] GC(33000) Humongous region 1948 (object size 1048592 @ 0x00000000f9c00000) remset 0 code roots 0 marked 0 reclaim candidate 0 type array 1
[367.277s][debug][gc,humongous      ] GC(33000) Humongous region 658 (object size 1048592 @ 0x00000000a9200000) remset 0 code roots 0 marked 0 reclaim candidate 0 type array 1
[367.277s][debug][gc,humongous      ] GC(33000) Humongous region 45 (object size 1048592 @ 0x0000000082d00000) remset 0 code roots 0 marked 0 reclaim candidate 0 type array 1
[367.278s][debug][gc,humongous      ] GC(33000) Humongous region 662 (object size 1048592 @ 0x00000000a9600000) remset 0 code roots 0 marked 0 reclaim candidate 0 type array 1
[367.278s][debug][gc,humongous      ] GC(33000) Humongous region 47 (object size 1048592 @ 0x0000000082f00000) remset 0 code roots 0 marked 0 reclaim candidate 0 type array 1
[367.278s][debug][gc,humongous      ] GC(33000) Humongous region 1449 (object size 1048592 @ 0x00000000da900000) remset 0 code roots 0 marked 0 reclaim candidate 0 type array 1
[367.278s][debug][gc,humongous      ] GC(33000) Humongous region 371 (object size 1048592 @ 0x0000000097300000) remset 0 code roots 0 marked 0 reclaim candidate 0 type array 1
[367.278s][debug][gc,humongous      ] GC(33000) Humongous region 1451 (object size 1048592 @ 0x00000000dab00000) remset 0 code roots 0 marked 0 reclaim candidate 0 type array 1
[367.277s][debug][gc,humongous      ] GC(33000) Humongous region 1818 (object size 1048592 @ 0x00000000f1a00000) remset 0 code roots 0 marked 0 reclaim candidate 0 type array 1
[367.278s][debug][gc,humongous      ] GC(33000) Humongous region 1453 (object size 1048592 @ 0x00000000dad00000) remset 0 code roots 0 marked 0 reclaim candidate 0 type array 1
[367.278s][debug][gc,humongous      ] GC(33000) Humongous region 1820 (object size 1048592 @ 0x00000000f1c00000) remset 0 code roots 0 marked 0 reclaim candidate 0 type array 1
[367.278s][debug][gc,humongous      ] GC(33000) Humongous region 1455 (object size 1048592 @ 0x00000000daf00000) remset 0 code roots 0 marked 0 reclaim candidate 0 type array 1
[367.278s][debug][gc,humongous      ] GC(33000) Humongous region 1822 (object size 1048592 @ 0x00000000f1e00000) remset 0 code roots 0 marked 0 reclaim candidate 0 type array 1
[367.278s][debug][gc,humongous      ] GC(33000) Humongous region 1457 (object size 1048592 @ 0x00000000db100000) remset 0 code roots 0 marked 0 reclaim candidate 0 type array 1
[367.278s][debug][gc,humongous      ] GC(33000) Humongous region 1824 (object size 1048592 @ 0x00000000f2000000) remset 0 code roots 0 marked 0 reclaim candidate 0 type array 1
[367.278s][debug][gc,humongous      ] GC(33000) Humongous region 665 (object size 1048592 @ 0x00000000a9900000) remset 0 code roots 0 marked 0 reclaim candidate 0 type array 1
[367.278s][debug][gc,humongous      ] GC(33000) Humongous region 1826 (object size 1048592 @ 0x00000000f2200000) remset 0 code roots 0 marked 0 reclaim candidate 0 type array 1
[367.278s][debug][gc,humongous      ] GC(33000) Humongous region 49 (object size 1048592 @ 0x0000000083100000) remset 0 code roots 0 marked 0 reclaim candidate 0 type array 1
[367.278s][debug][gc,humongous      ] GC(33000) Humongous region 667 (object size 1048592 @ 0x00000000a9b00000) remset 0 code roots 0 marked 0 reclaim candidate 0 type array 1
[367.278s][debug][gc,humongous      ] GC(33000) Humongous region 373 (object size 1048592 @ 0x0000000097500000) remset 0 code roots 0 marked 0 reclaim candidate 0 type array 1
[367.278s][debug][gc,humongous      ] GC(33000) Humongous region 515 (object size 1048592 @ 0x00000000a0300000) remset 0 code roots 0 marked 0 reclaim candidate 0 type array 1
[367.278s][debug][gc,humongous      ] GC(33000) Humongous region 375 (object size 1048592 @ 0x0000000097700000) remset 0 code roots 0 marked 0 reclaim candidate 0 type array 1
[367.278s][debug][gc,humongous      ] GC(33000) Humongous region 517 (object size 1048592 @ 0x00000000a0500000) remset 0 code roots 0 marked 0 reclaim candidate 0 type array 1
[367.278s][debug][gc,humongous      ] GC(33000) Humongous region 377 (object size 1048592 @ 0x0000000097900000) remset 0 code roots 0 marked 0 reclaim candidate 0 type array 1
[367.278s][debug][gc,humongous      ] GC(33000) Humongous region 520 (object size 1048592 @ 0x00000000a0800000) remset 0 code roots 0 marked 0 reclaim candidate 0 type array 1
[367.278s][debug][gc,humongous      ] GC(33000) Humongous region 379 (object size 1048592 @ 0x0000000097b00000) remset 0 code roots 0 marked 0 reclaim candidate 0 type array 1
[367.278s][debug][gc,humongous      ] GC(33000) Humongous region 1459 (object size 1048592 @ 0x00000000db300000) remset 0 code roots 0 marked 0 reclaim candidate 0 type array 1
[367.278s][debug][gc,humongous      ] GC(33000) Humongous region 171 (object size 1048592 @ 0x000000008ab00000) remset 0 code roots 0 marked 0 reclaim candidate 0 type array 1
[367.278s][debug][gc,humongous      ] GC(33000) Humongous region 1461 (object size 1048592 @ 0x00000000db500000) remset 0 code roots 0 marked 0 reclaim candidate 0 type array 1
[367.278s][debug][gc,humongous      ] GC(33000) Humongous region 1828 (object size 1048592 @ 0x00000000f2400000) remset 0 code roots 0 marked 0 reclaim candidate 0 type array 1
[367.278s][debug][gc,humongous      ] GC(33000) Humongous region 51 (object size 1048592 @ 0x0000000083300000) remset 0 code roots 0 marked 0 reclaim candidate 0 type array 1
[367.278s][debug][gc,humongous      ] GC(33000) Humongous region 669 (object size 1048592 @ 0x00000000a9d00000) remset 0 code roots 0 marked 0 reclaim candidate 0 type array 1
[367.278s][debug][gc,humongous      ] GC(33000) Humongous region 1143 (object size 1048592 @ 0x00000000c7700000) remset 0 code roots 0 marked 0 reclaim candidate 0 type array 1
[367.278s][debug][gc,humongous      ] GC(33000) Humongous region 671 (object size 1048592 @ 0x00000000a9f00000) remset 0 code roots 0 marked 0 reclaim candidate 0 type array 1
[367.278s][debug][gc,humongous      ] GC(33000) Humongous region 1950 (object size 1048592 @ 0x00000000f9e00000) remset 0 code roots 0 marked 0 reclaim candidate 0 type array 1
[367.278s][debug][gc,humongous      ] GC(33000) Humongous region 673 (object size 1048592 @ 0x00000000aa100000) remset 0 code roots 0 marked 0 reclaim candidate 0 type array 1
[367.278s][debug][gc,humongous      ] GC(33000) Humongous region 1605 (object size 1048592 @ 0x00000000e4500000) remset 0 code roots 0 marked 0 reclaim candidate 0 type array 1
[367.278s][debug][gc,humongous      ] GC(33000) Humongous region 522 (object size 1048592 @ 0x00000000a0a00000) remset 0 code roots 0 marked 0 reclaim candidate 0 type array 1
[367.278s][debug][gc,humongous      ] GC(33000) Humongous region 381 (object size 1048592 @ 0x0000000097d00000) remset 0 code roots 0 marked 0 reclaim candidate 0 type array 1
[367.278s][debug][gc,humongous      ] GC(33000) Humongous region 840 (object size 1048592 @ 0x00000000b4800000) remset 0 code roots 0 marked 0 reclaim candidate 0 type array 1
[367.278s][debug][gc,humongous      ] GC(33000) Humongous region 383 (object size 1048592 @ 0x0000000097f00000) remset 0 code roots 0 marked 0 reclaim candidate 0 type array 1
[367.278s][debug][gc,humongous      ] GC(33000) Humongous region 842 (object size 1048592 @ 0x00000000b4a00000) remset 0 code roots 0 marked 0 reclaim candidate 0 type array 1
[367.278s][debug][gc,humongous      ] GC(33000) Humongous region 53 (object size 1048592 @ 0x0000000083500000) remset 0 code roots 0 marked 0 reclaim candidate 0 type array 1
[367.278s][debug][gc,humongous      ] GC(33000) Humongous region 975 (object size 1048592 @ 0x00000000bcf00000) remset 0 code roots 0 marked 0 reclaim candidate 0 type array 1
[367.278s][debug][gc,humongous      ] GC(33000) Humongous region 56 (object size 1048592 @ 0x0000000083800000) remset 0 code roots 0 marked 0 reclaim candidate 0 type array 1
[367.278s][debug][gc,humongous      ] GC(33000) Humongous region 1145 (object size 1048592 @ 0x00000000c7900000) remset 0 code roots 0 marked 0 reclaim candidate 0 type array 1
[367.277s][debug][gc,humongous      ] GC(33000) Humongous region 1292 (object size 1048592 @ 0x00000000d0c00000) remset 0 code roots 0 marked 0 reclaim candidate 0 type array 1
[367.278s][debug][gc,humongous      ] GC(33000) Humongous region 1952 (object size 1048592 @ 0x00000000fa000000) remset 0 code roots 0 marked 0 reclaim candidate 0 type array 1
[367.278s][debug][gc,humongous      ] GC(33000) Humongous region 675 (object size 1048592 @ 0x00000000aa300000) remset 0 code roots 0 marked 0 reclaim candidate 0 type array 1
[367.278s][debug][gc,humongous      ] GC(33000) Humongous region 1607 (object size 1048592 @ 0x00000000e4700000) remset 0 code roots 0 marked 0 reclaim candidate 0 type array 1
[367.278s][debug][gc,humongous      ] GC(33000) Humongous region 524 (object size 1048592 @ 0x00000000a0c00000) remset 0 code roots 0 marked 0 reclaim candidate 0 type array 1
[367.278s][debug][gc,humongous      ] GC(33000) Humongous region 1609 (object size 1048592 @ 0x00000000e4900000) remset 0 code roots 0 marked 0 reclaim candidate 0 type array 1
[367.278s][debug][gc,humongous      ] GC(33000) Humongous region 1463 (object size 1048592 @ 0x00000000db700000) remset 0 code roots 0 marked 0 reclaim candidate 0 type array 1
[367.278s][debug][gc,humongous      ] GC(33000) Humongous region 526 (object size 1048592 @ 0x00000000a0e00000) remset 0 code roots 0 marked 0 reclaim candidate 0 type array 1
[367.278s][debug][gc,humongous      ] GC(33000) Humongous region 385 (object size 1048592 @ 0x0000000098100000) remset 0 code roots 0 marked 0 reclaim candidate 0 type array 1
[367.278s][debug][gc,humongous      ] GC(33000) Humongous region 528 (object size 1048592 @ 0x00000000a1000000) remset 0 code roots 0 marked 0 reclaim candidate 0 type array 1
[367.278s][debug][gc,humongous      ] GC(33000) Humongous region 844 (object size 1048592 @ 0x00000000b4c00000) remset 0 code roots 0 marked 0 reclaim candidate 0 type array 1
[367.278s][debug][gc,humongous      ] GC(33000) Humongous region 58 (object size 1048592 @ 0x0000000083a00000) remset 0 code roots 0 marked 0 reclaim candidate 0 type array 1
[367.278s][debug][gc,humongous      ] GC(33000) Humongous region 60 (object size 1048592 @ 0x0000000083c00000) remset 0 code roots 0 marked 0 reclaim candidate 0 type array 1
[367.278s][debug][gc,humongous      ] GC(33000) Humongous region 1147 (object size 1048592 @ 0x00000000c7b00000) remset 0 code roots 0 marked 0 reclaim candidate 0 type array 1
[367.278s][debug][gc,humongous      ] GC(33000) Humongous region 677 (object size 1048592 @ 0x00000000aa500000) remset 0 code roots 0 marked 0 reclaim candidate 0 type array 1
[367.278s][debug][gc,humongous      ] GC(33000) Humongous region 1149 (object size 1048592 @ 0x00000000c7d00000) remset 0 code roots 0 marked 0 reclaim candidate 0 type array 1
[367.278s][debug][gc,humongous      ] GC(33000) Humongous region 679 (object size 1048592 @ 0x00000000aa700000) remset 0 code roots 0 marked 0 reclaim candidate 0 type array 1
[367.278s][debug][gc,humongous      ] GC(33000) Humongous region 1151 (object size 1048592 @ 0x00000000c7f00000) remset 0 code roots 0 marked 0 reclaim candidate 0 type array 1
[367.278s][debug][gc,humongous      ] GC(33000) Humongous region 1830 (object size 1048592 @ 0x00000000f2600000) remset 0 code roots 0 marked 0 reclaim candidate 0 type array 1
[367.278s][debug][gc,humongous      ] GC(33000) Humongous region 1465 (object size 1048592 @ 0x00000000db900000) remset 0 code roots 0 marked 0 reclaim candidate 0 type array 1
[367.278s][debug][gc,humongous      ] GC(33000) Humongous region 387 (object size 1048592 @ 0x0000000098300000) remset 0 code roots 0 marked 0 reclaim candidate 0 type array 1
[367.278s][debug][gc,humongous      ] GC(33000) Humongous region 1467 (object size 1048592 @ 0x00000000dbb00000) remset 0 code roots 0 marked 0 reclaim candidate 0 type array 1
[367.278s][debug][gc,humongous      ] GC(33000) Humongous region 389 (object size 1048592 @ 0x0000000098500000) remset 0 code roots 0 marked 0 reclaim candidate 1 type array 1
[367.278s][debug][gc,humongous      ] GC(33000) Humongous region 1469 (object size 1048592 @ 0x00000000dbd00000) remset 0 code roots 0 marked 0 reclaim candidate 0 type array 1
[367.278s][debug][gc,humongous      ] GC(33000) Humongous region 391 (object size 1048592 @ 0x0000000098700000) remset 0 code roots 0 marked 0 reclaim candidate 0 type array 1
[367.278s][debug][gc,humongous      ] GC(33000) Humongous region 1471 (object size 1048592 @ 0x00000000dbf00000) remset 0 code roots 0 marked 0 reclaim candidate 0 type array 1
[367.278s][debug][gc,humongous      ] GC(33000) Humongous region 1954 (object size 1048592 @ 0x00000000fa200000) remset 0 code roots 0 marked 0 reclaim candidate 0 type array 1
[367.278s][debug][gc,humongous      ] GC(33000) Humongous region 393 (object size 1048592 @ 0x0000000098900000) remset 0 code roots 0 marked 0 reclaim candidate 0 type array 1
[367.278s][debug][gc,humongous      ] GC(33000) Humongous region 173 (object size 1048592 @ 0x000000008ad00000) remset 0 code roots 0 marked 0 reclaim candidate 0 type array 1
[367.278s][debug][gc,humongous      ] GC(33000) Humongous region 1956 (object size 1048592 @ 0x00000000fa400000) remset 0 code roots 0 marked 0 reclaim candidate 0 type array 1
[367.278s][debug][gc,humongous      ] GC(33000) Humongous region 1153 (object size 1048592 @ 0x00000000c8100000) remset 0 code roots 0 marked 0 reclaim candidate 0 type array 1
[367.278s][debug][gc,humongous      ] GC(33000) Humongous region 1958 (object size 1048592 @ 0x00000000fa600000) remset 0 code roots 0 marked 0 reclaim candidate 0 type array 1
[367.278s][debug][gc,humongous      ] GC(33000) Humongous region 1832 (object size 1048592 @ 0x00000000f2800000) remset 0 code roots 0 marked 0 reclaim candidate 0 type array 1
[367.278s][debug][gc,humongous      ] GC(33000) Humongous region 530 (object size 1048592 @ 0x00000000a1200000) remset 0 code roots 0 marked 0 reclaim candidate 0 type array 1
[367.278s][debug][gc,humongous      ] GC(33000) Humongous region 846 (object size 1048592 @ 0x00000000b4e00000) remset 0 code roots 0 marked 0 reclaim candidate 0 type array 1
[367.278s][debug][gc,humongous      ] GC(33000) Humongous region 62 (object size 1048592 @ 0x0000000083e00000) remset 0 code roots 0 marked 0 reclaim candidate 0 type array 1
[367.278s][debug][gc,humongous      ] GC(33000) Humongous region 1294 (object size 1048592 @ 0x00000000d0e00000) remset 0 code roots 0 marked 0 reclaim candidate 0 type array 1
[367.278s][debug][gc,humongous      ] GC(33000) Humongous region 848 (object size 1048592 @ 0x00000000b5000000) remset 0 code roots 0 marked 0 reclaim candidate 0 type array 1
[367.278s][debug][gc,humongous      ] GC(33000) Humongous region 64 (object size 1048592 @ 0x0000000084000000) remset 0 code roots 0 marked 0 reclaim candidate 0 type array 1
[367.278s][debug][gc,humongous      ] GC(33000) Humongous region 1296 (object size 1048592 @ 0x00000000d1000000) remset 0 code roots 0 marked 0 reclaim candidate 0 type array 1
[367.278s][debug][gc,humongous      ] GC(33000) Humongous region 850 (object size 1048592 @ 0x00000000b5200000) remset 0 code roots 0 marked 0 reclaim candidate 0 type array 1
[367.278s][debug][gc,humongous      ] GC(33000) Humongous region 395 (object size 1048592 @ 0x0000000098b00000) remset 0 code roots 0 marked 0 reclaim candidate 0 type array 1
[367.278s][debug][gc,humongous      ] GC(33000) Humongous region 978 (object size 1048592 @ 0x00000000bd200000) remset 0 code roots 0 marked 0 reclaim candidate 0 type array 1
[367.279s][debug][gc,humongous      ] GC(33000) Humongous region 397 (object size 1048592 @ 0x0000000098d00000) remset 0 code roots 0 marked 0 reclaim candidate 0 type array 1
[367.279s][debug][gc,humongous      ] GC(33000) Humongous region 980 (object size 1048592 @ 0x00000000bd400000) remset 0 code roots 0 marked 0 reclaim candidate 0 type array 1
[367.278s][debug][gc,humongous      ] GC(33000) Humongous region 1834 (object size 1048592 @ 0x00000000f2a00000) remset 0 code roots 0 marked 0 reclaim candidate 0 type array 1
[367.279s][debug][gc,humongous      ] GC(33000) Humongous region 982 (object size 1048592 @ 0x00000000bd600000) remset 0 code roots 0 marked 0 reclaim candidate 0 type array 1
[367.278s][debug][gc,humongous      ] GC(33000) Humongous region 1473 (object size 1048592 @ 0x00000000dc100000) remset 0 code roots 0 marked 0 reclaim candidate 0 type array 1
[367.278s][debug][gc,humongous      ] GC(33000) Humongous region 1611 (object size 1048592 @ 0x00000000e4b00000) remset 0 code roots 0 marked 0 reclaim candidate 0 type array 1
[367.279s][debug][gc,humongous      ] GC(33000) Humongous region 1475 (object size 1048592 @ 0x00000000dc300000) remset 0 code roots 0 marked 0 reclaim candidate 0 type array 1
[367.278s][debug][gc,humongous      ] GC(33000) Humongous region 66 (object size 1048592 @ 0x0000000084200000) remset 0 code roots 0 marked 0 reclaim candidate 0 type array 1
[367.279s][debug][gc,humongous      ] GC(33000) Humongous region 1477 (object size 1048592 @ 0x00000000dc500000) remset 0 code roots 0 marked 0 reclaim candidate 0 type array 1
[367.279s][debug][gc,humongous      ] GC(33000) Humongous region 1298 (object size 1048592 @ 0x00000000d1200000) remset 0 code roots 0 marked 0 reclaim candidate 0 type array 1
[367.279s][debug][gc,humongous      ] GC(33000) Humongous region 852 (object size 1048592 @ 0x00000000b5400000) remset 0 code roots 0 marked 0 reclaim candidate 0 type array 1
[367.279s][debug][gc,humongous      ] GC(33000) Humongous region 1300 (object size 1048592 @ 0x00000000d1400000) remset 0 code roots 0 marked 0 reclaim candidate 0 type array 1
[367.278s][debug][gc,humongous      ] GC(33000) Humongous region 1155 (object size 1048592 @ 0x00000000c8300000) remset 0 code roots 0 marked 0 reclaim candidate 0 type array 1
[367.279s][debug][gc,humongous      ] GC(33000) Humongous region 399 (object size 1048592 @ 0x0000000098f00000) remset 0 code roots 0 marked 0 reclaim candidate 0 type array 1
[367.279s][debug][gc,humongous      ] GC(33000) Humongous region 1157 (object size 1048592 @ 0x00000000c8500000) remset 0 code roots 0 marked 0 reclaim candidate 0 type array 1
[367.279s][debug][gc,humongous      ] GC(33000) Humongous region 401 (object size 1048592 @ 0x0000000099100000) remset 0 code roots 0 marked 0 reclaim candidate 0 type array 1
[367.279s][debug][gc,humongous      ] GC(33000) Humongous region 1159 (object size 1048592 @ 0x00000000c8700000) remset 0 code roots 0 marked 0 reclaim candidate 0 type array 1
[367.279s][debug][gc,humongous      ] GC(33000) Humongous region 403 (object size 1048592 @ 0x0000000099300000) remset 0 code roots 0 marked 0 reclaim candidate 0 type array 1
[367.279s][debug][gc,humongous      ] GC(33000) Humongous region 1161 (object size 1048592 @ 0x00000000c8900000) remset 0 code roots 0 marked 0 reclaim candidate 0 type array 1
[367.278s][debug][gc,humongous      ] GC(33000) Humongous region 175 (object size 1048592 @ 0x000000008af00000) remset 0 code roots 0 marked 0 reclaim candidate 0 type array 1
[367.279s][debug][gc,humongous      ] GC(33000) Humongous region 1479 (object size 1048592 @ 0x00000000dc700000) remset 0 code roots 0 marked 0 reclaim candidate 0 type array 1
[367.279s][debug][gc,humongous      ] GC(33000) Humongous region 177 (object size 1048592 @ 0x000000008b100000) remset 0 code roots 0 marked 0 reclaim candidate 0 type array 1
[367.279s][debug][gc,humongous      ] GC(33000) Humongous region 854 (object size 1048592 @ 0x00000000b5600000) remset 0 code roots 0 marked 0 reclaim candidate 0 type array 1
[367.278s][debug][gc,humongous      ] GC(33000) Humongous region 1960 (object size 1048592 @ 0x00000000fa800000) remset 0 code roots 0 marked 0 reclaim candidate 0 type array 1
[367.279s][debug][gc,humongous      ] GC(33000) Humongous region 856 (object size 1048592 @ 0x00000000b5800000) remset 0 code roots 0 marked 0 reclaim candidate 0 type array 1
[367.278s][debug][gc,humongous      ] GC(33000) Humongous region 532 (object size 1048592 @ 0x00000000a1400000) remset 0 code roots 0 marked 0 reclaim candidate 0 type array 1
[367.279s][debug][gc,humongous      ] GC(33000) Humongous region 1836 (object size 1048592 @ 0x00000000f2c00000) remset 0 code roots 0 marked 0 reclaim candidate 0 type array 1
[367.279s][debug][gc,humongous      ] GC(33000) Humongous region 984 (object size 1048592 @ 0x00000000bd800000) remset 0 code roots 0 marked 0 reclaim candidate 0 type array 1
[367.279s][debug][gc,humongous      ] GC(33000) Humongous region 1838 (object size 1048592 @ 0x00000000f2e00000) remset 0 code roots 0 marked 0 reclaim candidate 0 type array 1
[367.279s][debug][gc,humongous      ] GC(33000) Humongous region 1613 (object size 1048592 @ 0x00000000e4d00000) remset 0 code roots 0 marked 0 reclaim candidate 0 type array 1
[367.279s][debug][gc,humongous      ] GC(33000) Humongous region 1840 (object size 1048592 @ 0x00000000f3000000) remset 0 code roots 0 marked 0 reclaim candidate 0 type array 1
[367.279s][debug][gc,humongous      ] GC(33000) Humongous region 1615 (object size 1048592 @ 0x00000000e4f00000) remset 0 code roots 0 marked 0 reclaim candidate 0 type array 1
[367.279s][debug][gc,humongous      ] GC(33000) Humongous region 1842 (object size 1048592 @ 0x00000000f3200000) remset 0 code roots 0 marked 0 reclaim candidate 0 type array 1
[367.279s][debug][gc,humongous      ] GC(33000) Humongous region 1617 (object size 1048592 @ 0x00000000e5100000) remset 0 code roots 0 marked 0 reclaim candidate 0 type array 1
[367.279s][debug][gc,humongous      ] GC(33000) Humongous region 179 (object size 1048592 @ 0x000000008b300000) remset 0 code roots 0 marked 0 reclaim candidate 0 type array 1
[367.279s][debug][gc,humongous      ] GC(33000) Humongous region 181 (object size 1048592 @ 0x000000008b500000) remset 0 code roots 0 marked 0 reclaim candidate 0 type array 1
[367.279s][debug][gc,humongous      ] GC(33000) Humongous region 183 (object size 1048592 @ 0x000000008b700000) remset 0 code roots 0 marked 0 reclaim candidate 0 type array 1
[367.279s][debug][gc,humongous      ] GC(33000) Humongous region 185 (object size 1048592 @ 0x000000008b900000) remset 0 code roots 0 marked 0 reclaim candidate 0 type array 1
[367.278s][debug][gc,humongous      ] GC(33000) Humongous region 681 (object size 1048592 @ 0x00000000aa900000) remset 0 code roots 0 marked 0 reclaim candidate 0 type array 1
[367.279s][debug][gc,humongous      ] GC(33000) Humongous region 986 (object size 1048592 @ 0x00000000bda00000) remset 0 code roots 0 marked 0 reclaim candidate 0 type array 1
[367.279s][debug][gc,humongous      ] GC(33000) Humongous region 187 (object size 1048592 @ 0x000000008bb00000) remset 0 code roots 0 marked 0 reclaim candidate 0 type array 1
[367.279s][debug][gc,humongous      ] GC(33000) Humongous region 988 (object size 1048592 @ 0x00000000bdc00000) remset 0 code roots 0 marked 0 reclaim candidate 0 type array 1
[367.279s][debug][gc,humongous      ] GC(33000) Humongous region 405 (object size 1048592 @ 0x0000000099500000) remset 0 code roots 0 marked 0 reclaim candidate 0 type array 1
[367.279s][debug][gc,humongous      ] GC(33000) Humongous region 1163 (object size 1048592 @ 0x00000000c8b00000) remset 0 code roots 0 marked 0 reclaim candidate 0 type array 1
[367.279s][debug][gc,humongous      ] GC(33000) Humongous region 1844 (object size 1048592 @ 0x00000000f3400000) remset 0 code roots 0 marked 0 reclaim candidate 0 type array 1
[367.279s][debug][gc,humongous      ] GC(33000) Humongous region 1619 (object size 1048592 @ 0x00000000e5300000) remset 0 code roots 0 marked 0 reclaim candidate 0 type array 1
[367.279s][debug][gc,humongous      ] GC(33000) Humongous region 1621 (object size 1048592 @ 0x00000000e5500000) remset 0 code roots 0 marked 0 reclaim candidate 0 type array 1
[367.279s][debug][gc,humongous      ] GC(33000) Humongous region 1623 (object size 1048592 @ 0x00000000e5700000) remset 0 code roots 0 marked 0 reclaim candidate 0 type array 1
[367.279s][debug][gc,humongous      ] GC(33000) Humongous region 1625 (object size 1048592 @ 0x00000000e5900000) remset 0 code roots 0 marked 0 reclaim candidate 0 type array 1
[367.279s][debug][gc,humongous      ] GC(33000) Humongous region 1627 (object size 1048592 @ 0x00000000e5b00000) remset 0 code roots 0 marked 0 reclaim candidate 0 type array 1
[367.279s][debug][gc,humongous      ] GC(33000) Humongous region 1629 (object size 1048592 @ 0x00000000e5d00000) remset 0 code roots 0 marked 0 reclaim candidate 0 type array 1
[367.279s][debug][gc,humongous      ] GC(33000) Humongous region 68 (object size 1048592 @ 0x0000000084400000) remset 0 code roots 0 marked 0 reclaim candidate 0 type array 1
[367.279s][debug][gc,humongous      ] GC(33000) Humongous region 1631 (object size 1048592 @ 0x00000000e5f00000) remset 0 code roots 0 marked 0 reclaim candidate 0 type array 1
[367.279s][debug][gc,humongous      ] GC(33000) Humongous region 189 (object size 1048592 @ 0x000000008bd00000) remset 0 code roots 0 marked 0 reclaim candidate 0 type array 1
[367.279s][debug][gc,humongous      ] GC(33000) Humongous region 1633 (object size 1048592 @ 0x00000000e6100000) remset 0 code roots 0 marked 0 reclaim candidate 0 type array 1
[367.279s][debug][gc,humongous      ] GC(33000) Humongous region 191 (object size 1048592 @ 0x000000008bf00000) remset 0 code roots 0 marked 0 reclaim candidate 0 type array 1
[367.279s][debug][gc,humongous      ] GC(33000) Humongous region 1165 (object size 1048592 @ 0x00000000c8d00000) remset 0 code roots 0 marked 0 reclaim candidate 0 type array 1
[367.279s][debug][gc,humongous      ] GC(33000) Humongous region 193 (object size 1048592 @ 0x000000008c100000) remset 0 code roots 0 marked 0 reclaim candidate 0 type array 1
[367.279s][debug][gc,humongous      ] GC(33000) Humongous region 1167 (object size 1048592 @ 0x00000000c8f00000) remset 0 code roots 0 marked 0 reclaim candidate 0 type array 1
[367.279s][debug][gc,humongous      ] GC(33000) Humongous region 1169 (object size 1048592 @ 0x00000000c9100000) remset 0 code roots 0 marked 0 reclaim candidate 0 type array 1
[367.279s][debug][gc,humongous      ] GC(33000) Humongous region 1846 (object size 1048592 @ 0x00000000f3600000) remset 0 code roots 0 marked 0 reclaim candidate 0 type array 1
[367.279s][debug][gc,humongous      ] GC(33000) Humongous region 1171 (object size 1048592 @ 0x00000000c9300000) remset 0 code roots 0 marked 0 reclaim candidate 0 type array 1
[367.279s][debug][gc,humongous      ] GC(33000) Humongous region 534 (object size 1048592 @ 0x00000000a1600000) remset 0 code roots 0 marked 0 reclaim candidate 0 type array 1
[367.279s][debug][gc,humongous      ] GC(33000) Humongous region 683 (object size 1048592 @ 0x00000000aab00000) remset 0 code roots 0 marked 0 reclaim candidate 0 type array 1
[367.279s][debug][gc,humongous      ] GC(33000) Humongous region 70 (object size 1048592 @ 0x0000000084600000) remset 0 code roots 0 marked 0 reclaim candidate 0 type array 1
[367.279s][debug][gc,humongous      ] GC(33000) Humongous region 407 (object size 1048592 @ 0x0000000099700000) remset 0 code roots 0 marked 0 reclaim candidate 0 type array 1
[367.279s][debug][gc,humongous      ] GC(33000) Humongous region 990 (object size 1048592 @ 0x00000000bde00000) remset 0 code roots 0 marked 0 reclaim candidate 0 type array 1
[367.279s][debug][gc,humongous      ] GC(33000) Humongous region 1635 (object size 1048592 @ 0x00000000e6300000) remset 0 code roots 0 marked 0 reclaim candidate 0 type array 1
[367.279s][debug][gc,humongous      ] GC(33000) Humongous region 1302 (object size 1048592 @ 0x00000000d1600000) remset 0 code roots 0 marked 0 reclaim candidate 0 type array 1
[367.279s][debug][gc,humongous      ] GC(33000) Humongous region 1962 (object size 1048592 @ 0x00000000faa00000) remset 0 code roots 0 marked 0 reclaim candidate 0 type array 1
[367.279s][debug][gc,humongous      ] GC(33000) Humongous region 1304 (object size 1048592 @ 0x00000000d1800000) remset 0 code roots 0 marked 0 reclaim candidate 0 type array 1
[367.279s][debug][gc,humongous      ] GC(33000) Humongous region 195 (object size 1048592 @ 0x000000008c300000) remset 0 code roots 0 marked 0 reclaim candidate 0 type array 1
[367.279s][debug][gc,humongous      ] GC(33000) Humongous region 858 (object size 1048592 @ 0x00000000b5a00000) remset 0 code roots 0 marked 0 reclaim candidate 0 type array 1
[367.279s][debug][gc,humongous      ] GC(33000) Humongous region 1848 (object size 1048592 @ 0x00000000f3800000) remset 0 code roots 0 marked 0 reclaim candidate 0 type array 1
[367.279s][debug][gc,humongous      ] GC(33000) Humongous region 1173 (object size 1048592 @ 0x00000000c9500000) remset 0 code roots 0 marked 0 reclaim candidate 0 type array 1
[367.279s][debug][gc,humongous      ] GC(33000) Humongous region 1850 (object size 1048592 @ 0x00000000f3a00000) remset 0 code roots 0 marked 0 reclaim candidate 0 type array 1
[367.279s][debug][gc,humongous      ] GC(33000) Humongous region 1175 (object size 1048592 @ 0x00000000c9700000) remset 0 code roots 0 marked 0 reclaim candidate 0 type array 1
[367.279s][debug][gc,humongous      ] GC(33000) Humongous region 72 (object size 1048592 @ 0x0000000084800000) remset 0 code roots 0 marked 0 reclaim candidate 0 type array 1
[367.279s][debug][gc,humongous      ] GC(33000) Humongous region 1177 (object size 1048592 @ 0x00000000c9900000) remset 0 code roots 0 marked 0 reclaim candidate 0 type array 1
[367.279s][debug][gc,humongous      ] GC(33000) Humongous region 1637 (object size 1048592 @ 0x00000000e6500000) remset 0 code roots 0 marked 0 reclaim candidate 0 type array 1
[367.279s][debug][gc,humongous      ] GC(33000) Humongous region 992 (object size 1048592 @ 0x00000000be000000) remset 0 code roots 0 marked 0 reclaim candidate 0 type array 1
[367.279s][debug][gc,humongous      ] GC(33000) Humongous region 1639 (object size 1048592 @ 0x00000000e6700000) remset 0 code roots 0 marked 0 reclaim candidate 0 type array 1
[367.279s][debug][gc,humongous      ] GC(33000) Humongous region 1481 (object size 1048592 @ 0x00000000dc900000) remset 0 code roots 0 marked 0 reclaim candidate 0 type array 1
[367.279s][debug][gc,humongous      ] GC(33000) Humongous region 1307 (object size 1048592 @ 0x00000000d1b00000) remset 0 code roots 0 marked 0 reclaim candidate 0 type array 1
[367.279s][debug][gc,humongous      ] GC(33000) Humongous region 1483 (object size 1048592 @ 0x00000000dcb00000) remset 0 code roots 0 marked 0 reclaim candidate 0 type array 1
[367.279s][debug][gc,humongous      ] GC(33000) Humongous region 860 (object size 1048592 @ 0x00000000b5c00000) remset 0 code roots 0 marked 0 reclaim candidate 0 type array 1
[367.279s][debug][gc,humongous      ] GC(33000) Humongous region 1485 (object size 1048592 @ 0x00000000dcd00000) remset 0 code roots 0 marked 0 reclaim candidate 0 type array 1
[367.279s][debug][gc,humongous      ] GC(33000) Humongous region 685 (object size 1048592 @ 0x00000000aad00000) remset 0 code roots 0 marked 0 reclaim candidate 0 type array 1
[367.280s][debug][gc,humongous      ] GC(33000) Humongous region 1487 (object size 1048592 @ 0x00000000dcf00000) remset 0 code roots 0 marked 0 reclaim candidate 0 type array 1
[367.279s][debug][gc,humongous      ] GC(33000) Humongous region 409 (object size 1048592 @ 0x0000000099900000) remset 0 code roots 0 marked 0 reclaim candidate 0 type array 1
[367.280s][debug][gc,humongous      ] GC(33000) Humongous region 1489 (object size 1048592 @ 0x00000000dd100000) remset 0 code roots 0 marked 0 reclaim candidate 0 type array 1
[367.279s][debug][gc,humongous      ] GC(33000) Humongous region 1179 (object size 1048592 @ 0x00000000c9b00000) remset 0 code roots 0 marked 0 reclaim candidate 0 type array 1
[367.280s][debug][gc,humongous      ] GC(33000) Humongous region 1491 (object size 1048592 @ 0x00000000dd300000) remset 0 code roots 0 marked 0 reclaim candidate 0 type array 1
[367.280s][debug][gc,humongous      ] GC(33000) Humongous region 1183 (object size 1048592 @ 0x00000000c9f00000) remset 0 code roots 0 marked 0 reclaim candidate 0 type array 1
[367.279s][debug][gc,humongous      ] GC(33000) Humongous region 197 (object size 1048592 @ 0x000000008c500000) remset 0 code roots 0 marked 0 reclaim candidate 0 type array 1
[367.280s][debug][gc,humongous      ] GC(33000) Humongous region 1185 (object size 1048592 @ 0x00000000ca100000) remset 0 code roots 0 marked 0 reclaim candidate 0 type array 1
[367.279s][debug][gc,humongous      ] GC(33000) Humongous region 1309 (object size 1048592 @ 0x00000000d1d00000) remset 0 code roots 0 marked 0 reclaim candidate 0 type array 1
[367.280s][debug][gc,humongous      ] GC(33000) Humongous region 199 (object size 1048592 @ 0x000000008c700000) remset 0 code roots 0 marked 0 reclaim candidate 0 type array 1
[367.280s][debug][gc,humongous      ] GC(33000) Humongous region 862 (object size 1048592 @ 0x00000000b5e00000) remset 0 code roots 0 marked 0 reclaim candidate 0 type array 1
[367.279s][debug][gc,humongous      ] GC(33000) Humongous region 1852 (object size 1048592 @ 0x00000000f3c00000) remset 0 code roots 0 marked 0 reclaim candidate 0 type array 1
[367.280s][debug][gc,humongous      ] GC(33000) Humongous region 865 (object size 1048592 @ 0x00000000b6100000) remset 0 code roots 0 marked 0 reclaim candidate 0 type array 1
[367.279s][debug][gc,humongous      ] GC(33000) Humongous region 74 (object size 1048592 @ 0x0000000084a00000) remset 0 code roots 0 marked 0 reclaim candidate 0 type array 1
[367.280s][debug][gc,humongous      ] GC(33000) Humongous region 411 (object size 1048592 @ 0x0000000099b00000) remset 0 code roots 0 marked 0 reclaim candidate 0 type array 1
[367.279s][debug][gc,humongous      ] GC(33000) Humongous region 1964 (object size 1048592 @ 0x00000000fac00000) remset 0 code roots 0 marked 0 reclaim candidate 0 type array 1
[367.279s][debug][gc,humongous      ] GC(33000) Humongous region 994 (object size 1048592 @ 0x00000000be200000) remset 0 code roots 0 marked 0 reclaim candidate 0 type array 1
[367.280s][debug][gc,humongous      ] GC(33000) Humongous region 1966 (object size 1048592 @ 0x00000000fae00000) remset 0 code roots 0 marked 0 reclaim candidate 0 type array 1
[367.280s][debug][gc,humongous      ] GC(33000) Humongous region 1493 (object size 1048592 @ 0x00000000dd500000) remset 0 code roots 0 marked 0 reclaim candidate 0 type array 1
[367.280s][debug][gc,humongous      ] GC(33000) Humongous region 1968 (object size 1048592 @ 0x00000000fb000000) remset 0 code roots 0 marked 0 reclaim candidate 0 type array 1
[367.280s][debug][gc,humongous      ] GC(33000) Humongous region 1187 (object size 1048592 @ 0x00000000ca300000) remset 0 code roots 0 marked 0 reclaim candidate 0 type array 1
[367.280s][debug][gc,humongous      ] GC(33000) Humongous region 1311 (object size 1048592 @ 0x00000000d1f00000) remset 0 code roots 0 marked 0 reclaim candidate 0 type array 1
[367.280s][debug][gc,humongous      ] GC(33000) Humongous region 201 (object size 1048592 @ 0x000000008c900000) remset 0 code roots 0 marked 0 reclaim candidate 0 type array 1
[367.280s][debug][gc,humongous      ] GC(33000) Humongous region 687 (object size 1048592 @ 0x00000000aaf00000) remset 0 code roots 0 marked 0 reclaim candidate 0 type array 1
[367.280s][debug][gc,humongous      ] GC(33000) Humongous region 1854 (object size 1048592 @ 0x00000000f3e00000) remset 0 code roots 0 marked 0 reclaim candidate 0 type array 1
[367.280s][debug][gc,humongous      ] GC(33000) Humongous region 867 (object size 1048592 @ 0x00000000b6300000) remset 0 code roots 0 marked 0 reclaim candidate 0 type array 1
[367.280s][debug][gc,humongous      ] GC(33000) Humongous region 1856 (object size 1048592 @ 0x00000000f4000000) remset 0 code roots 0 marked 0 reclaim candidate 0 type array 1
[367.280s][debug][gc,humongous      ] GC(33000) Humongous region 413 (object size 1048592 @ 0x0000000099d00000) remset 0 code roots 0 marked 0 reclaim candidate 0 type array 1
[367.279s][debug][gc,humongous      ] GC(33000) Humongous region 1641 (object size 1048592 @ 0x00000000e6900000) remset 0 code roots 0 marked 0 reclaim candidate 0 type array 1
[367.280s][debug][gc,humongous      ] GC(33000) Humongous region 415 (object size 1048592 @ 0x0000000099f00000) remset 0 code roots 0 marked 0 reclaim candidate 0 type array 1
[367.280s][debug][gc,humongous      ] GC(33000) Humongous region 1643 (object size 1048592 @ 0x00000000e6b00000) remset 0 code roots 0 marked 0 reclaim candidate 0 type array 1
[367.280s][debug][gc,humongous      ] GC(33000) Humongous region 417 (object size 1048592 @ 0x000000009a100000) remset 0 code roots 0 marked 0 reclaim candidate 0 type array 1
[367.280s][debug][gc,humongous      ] GC(33000) Humongous region 1970 (object size 1048592 @ 0x00000000fb200000) remset 0 code roots 0 marked 0 reclaim candidate 0 type array 1
[367.280s][debug][gc,humongous      ] GC(33000) Humongous region 1189 (object size 1048592 @ 0x00000000ca500000) remset 0 code roots 0 marked 0 reclaim candidate 0 type array 1
[367.280s][debug][gc,humongous      ] GC(33000) Humongous region 1313 (object size 1048592 @ 0x00000000d2100000) remset 0 code roots 0 marked 0 reclaim candidate 0 type array 1
[367.280s][debug][gc,humongous      ] GC(33000) Humongous region 203 (object size 1048592 @ 0x000000008cb00000) remset 0 code roots 0 marked 0 reclaim candidate 0 type array 1
[367.280s][debug][gc,humongous      ] GC(33000) Humongous region 689 (object size 1048592 @ 0x00000000ab100000) remset 0 code roots 0 marked 0 reclaim candidate 0 type array 1
[367.280s][debug][gc,humongous      ] GC(33000) Humongous region 205 (object size 1048592 @ 0x000000008cd00000) remset 0 code roots 0 marked 0 reclaim candidate 0 type array 1
[367.280s][debug][gc,humongous      ] GC(33000) Humongous region 691 (object size 1048592 @ 0x00000000ab300000) remset 0 code roots 0 marked 0 reclaim candidate 0 type array 1
[367.280s][debug][gc,humongous      ] GC(33000) Humongous region 207 (object size 1048592 @ 0x000000008cf00000) remset 0 code roots 0 marked 0 reclaim candidate 0 type array 1
[367.280s][debug][gc,humongous      ] GC(33000) Humongous region 996 (object size 1048592 @ 0x00000000be400000) remset 0 code roots 0 marked 0 reclaim candidate 0 type array 1
[367.279s][debug][gc,humongous      ] GC(33000) Humongous region 536 (object size 1048592 @ 0x00000000a1800000) remset 0 code roots 0 marked 0 reclaim candidate 0 type array 1
[367.280s][debug][gc,humongous      ] GC(33000) Humongous region 1495 (object size 1048592 @ 0x00000000dd700000) remset 0 code roots 0 marked 0 reclaim candidate 0 type array 1
[367.280s][debug][gc,humongous      ] GC(33000) Humongous region 1645 (object size 1048592 @ 0x00000000e6d00000) remset 0 code roots 0 marked 0 reclaim candidate 0 type array 1
[367.280s][debug][gc,humongous      ] GC(33000) Humongous region 1497 (object size 1048592 @ 0x00000000dd900000) remset 0 code roots 0 marked 0 reclaim candidate 0 type array 1
[367.280s][debug][gc,humongous      ] GC(33000) Humongous region 1972 (object size 1048592 @ 0x00000000fb400000) remset 0 code roots 0 marked 0 reclaim candidate 0 type array 1
[367.280s][debug][gc,humongous      ] GC(33000) Humongous region 1191 (object size 1048592 @ 0x00000000ca700000) remset 0 code roots 0 marked 0 reclaim candidate 0 type array 1
[367.280s][debug][gc,humongous      ] GC(33000) Humongous region 1315 (object size 1048592 @ 0x00000000d2300000) remset 0 code roots 0 marked 0 reclaim candidate 0 type array 1
[367.280s][debug][gc,humongous      ] GC(33000) Humongous region 1974 (object size 1048592 @ 0x00000000fb600000) remset 0 code roots 0 marked 0 reclaim candidate 0 type array 1
[367.280s][debug][gc,humongous      ] GC(33000) Humongous region 1319 (object size 1048592 @ 0x00000000d2700000) remset 0 code roots 0 marked 0 reclaim candidate 0 type array 1
[367.280s][debug][gc,humongous      ] GC(33000) Humongous region 869 (object size 1048592 @ 0x00000000b6500000) remset 0 code roots 0 marked 0 reclaim candidate 0 type array 1
[367.280s][debug][gc,humongous      ] GC(33000) Humongous region 693 (object size 1048592 @ 0x00000000ab500000) remset 0 code roots 0 marked 0 reclaim candidate 0 type array 1
[367.280s][debug][gc,humongous      ] GC(33000) Humongous region 998 (object size 1048592 @ 0x00000000be600000) remset 0 code roots 0 marked 0 reclaim candidate 0 type array 1
[367.280s][debug][gc,humongous      ] GC(33000) Humongous region 695 (object size 1048592 @ 0x00000000ab700000) remset 0 code roots 0 marked 0 reclaim candidate 0 type array 1
[367.280s][debug][gc,humongous      ] GC(33000) Humongous region 1000 (object size 1048592 @ 0x00000000be800000) remset 0 code roots 0 marked 0 reclaim candidate 0 type array 1
[367.280s][debug][gc,humongous      ] GC(33000) Humongous region 697 (object size 1048592 @ 0x00000000ab900000) remset 0 code roots 0 marked 0 reclaim candidate 0 type array 1
[367.280s][debug][gc,humongous      ] GC(33000) Humongous region 1647 (object size 1048592 @ 0x00000000e6f00000) remset 0 code roots 0 marked 0 reclaim candidate 0 type array 1
[367.280s][debug][gc,humongous      ] GC(33000) Humongous region 699 (object size 1048592 @ 0x00000000abb00000) remset 0 code roots 0 marked 0 reclaim candidate 0 type array 1
[367.280s][debug][gc,humongous      ] GC(33000) Humongous region 1649 (object size 1048592 @ 0x00000000e7100000) remset 0 code roots 0 marked 0 reclaim candidate 0 type array 1
[367.280s][debug][gc,humongous      ] GC(33000) Humongous region 1976 (object size 1048592 @ 0x00000000fb800000) remset 0 code roots 0 marked 0 reclaim candidate 0 type array 1
[367.280s][debug][gc,humongous      ] GC(33000) Humongous region 1651 (object size 1048592 @ 0x00000000e7300000) remset 0 code roots 0 marked 0 reclaim candidate 0 type array 1
[367.280s][debug][gc,humongous      ] GC(33000) Humongous region 1321 (object size 1048592 @ 0x00000000d2900000) remset 0 code roots 0 marked 0 reclaim candidate 0 type array 1
[367.280s][debug][gc,humongous      ] GC(33000) Humongous region 1858 (object size 1048592 @ 0x00000000f4200000) remset 0 code roots 0 marked 0 reclaim candidate 0 type array 1
[367.280s][debug][gc,humongous      ] GC(33000) Humongous region 1860 (object size 1048592 @ 0x00000000f4400000) remset 0 code roots 0 marked 0 reclaim candidate 0 type array 1
[367.280s][debug][gc,humongous      ] GC(33000) Humongous region 1862 (object size 1048592 @ 0x00000000f4600000) remset 0 code roots 0 marked 0 reclaim candidate 0 type array 1
[367.280s][debug][gc,humongous      ] GC(33000) Humongous region 419 (object size 1048592 @ 0x000000009a300000) remset 0 code roots 0 marked 0 reclaim candidate 0 type array 1
[367.280s][debug][gc,humongous      ] GC(33000) Humongous region 1864 (object size 1048592 @ 0x00000000f4800000) remset 0 code roots 0 marked 0 reclaim candidate 0 type array 1
[367.280s][debug][gc,humongous      ] GC(33000) Humongous region 421 (object size 1048592 @ 0x000000009a500000) remset 0 code roots 0 marked 0 reclaim candidate 0 type array 1
[367.280s][debug][gc,humongous      ] GC(33000) Humongous region 1193 (object size 1048592 @ 0x00000000ca900000) remset 0 code roots 0 marked 0 reclaim candidate 0 type array 1
[367.280s][debug][gc,humongous      ] GC(33000) Humongous region 423 (object size 1048592 @ 0x000000009a700000) remset 0 code roots 0 marked 0 reclaim candidate 1 type array 1
[367.280s][debug][gc,humongous      ] GC(33000) Humongous region 1195 (object size 1048592 @ 0x00000000cab00000) remset 0 code roots 0 marked 0 reclaim candidate 0 type array 1
[367.280s][debug][gc,humongous      ] GC(33000) Humongous region 425 (object size 1048592 @ 0x000000009a900000) remset 0 code roots 0 marked 0 reclaim candidate 0 type array 1
[367.280s][debug][gc,humongous      ] GC(33000) Humongous region 1978 (object size 1048592 @ 0x00000000fba00000) remset 0 code roots 0 marked 0 reclaim candidate 0 type array 1
[367.280s][debug][gc,humongous      ] GC(33000) Humongous region 871 (object size 1048592 @ 0x00000000b6700000) remset 0 code roots 0 marked 0 reclaim candidate 0 type array 1
[367.280s][debug][gc,humongous      ] GC(33000) Humongous region 1653 (object size 1048592 @ 0x00000000e7500000) remset 0 code roots 0 marked 0 reclaim candidate 0 type array 1
[367.280s][debug][gc,humongous      ] GC(33000) Humongous region 873 (object size 1048592 @ 0x00000000b6900000) remset 0 code roots 0 marked 0 reclaim candidate 0 type array 1
[367.280s][debug][gc,humongous      ] GC(33000) Humongous region 209 (object size 1048592 @ 0x000000008d100000) remset 0 code roots 0 marked 0 reclaim candidate 0 type array 1
[367.280s][debug][gc,humongous      ] GC(33000) Humongous region 538 (object size 1048592 @ 0x00000000a1a00000) remset 0 code roots 0 marked 0 reclaim candidate 0 type array 1
[367.280s][debug][gc,humongous      ] GC(33000) Humongous region 1002 (object size 1048592 @ 0x00000000bea00000) remset 0 code roots 0 marked 0 reclaim candidate 0 type array 1
[367.280s][debug][gc,humongous      ] GC(33000) Humongous region 540 (object size 1048592 @ 0x00000000a1c00000) remset 0 code roots 0 marked 0 reclaim candidate 0 type array 1
[367.280s][debug][gc,humongous      ] GC(33000) Humongous region 1004 (object size 1048592 @ 0x00000000bec00000) remset 0 code roots 0 marked 0 reclaim candidate 0 type array 1
[367.280s][debug][gc,humongous      ] GC(33000) Humongous region 542 (object size 1048592 @ 0x00000000a1e00000) remset 0 code roots 0 marked 0 reclaim candidate 0 type array 1
[367.280s][debug][gc,humongous      ] GC(33000) Humongous region 1006 (object size 1048592 @ 0x00000000bee00000) remset 0 code roots 0 marked 0 reclaim candidate 0 type array 1
[367.280s][debug][gc,humongous      ] GC(33000) Humongous region 544 (object size 1048592 @ 0x00000000a2000000) remset 0 code roots 0 marked 0 reclaim candidate 0 type array 1
[367.280s][debug][gc,humongous      ] GC(33000) Humongous region 427 (object size 1048592 @ 0x000000009ab00000) remset 0 code roots 0 marked 0 reclaim candidate 0 type array 1
[367.280s][debug][gc,humongous      ] GC(33000) Humongous region 546 (object size 1048592 @ 0x00000000a2200000) remset 0 code roots 0 marked 0 reclaim candidate 0 type array 1
[367.280s][debug][gc,humongous      ] GC(33000) Humongous region 1655 (object size 1048592 @ 0x00000000e7700000) remset 0 code roots 0 marked 0 reclaim candidate 0 type array 1
[367.280s][debug][gc,humongous      ] GC(33000) Humongous region 875 (object size 1048592 @ 0x00000000b6b00000) remset 0 code roots 0 marked 0 reclaim candidate 0 type array 1
[367.280s][debug][gc,humongous      ] GC(33000) Humongous region 1657 (object size 1048592 @ 0x00000000e7900000) remset 0 code roots 0 marked 0 reclaim candidate 0 type array 1
[367.280s][debug][gc,humongous      ] GC(33000) Humongous region 877 (object size 1048592 @ 0x00000000b6d00000) remset 0 code roots 0 marked 0 reclaim candidate 0 type array 1
[367.281s][debug][gc,humongous      ] GC(33000) Humongous region 1659 (object size 1048592 @ 0x00000000e7b00000) remset 0 code roots 0 marked 0 reclaim candidate 0 type array 1
[367.281s][debug][gc,humongous      ] GC(33000) Humongous region 879 (object size 1048592 @ 0x00000000b6f00000) remset 0 code roots 0 marked 0 reclaim candidate 0 type array 1
[367.281s][debug][gc,humongous      ] GC(33000) Humongous region 1661 (object size 1048592 @ 0x00000000e7d00000) remset 0 code roots 0 marked 0 reclaim candidate 0 type array 1
[367.280s][debug][gc,humongous      ] GC(33000) Humongous region 701 (object size 1048592 @ 0x00000000abd00000) remset 0 code roots 0 marked 0 reclaim candidate 0 type array 1
[367.281s][debug][gc,humongous      ] GC(33000) Humongous region 881 (object size 1048592 @ 0x00000000b7100000) remset 0 code roots 0 marked 0 reclaim candidate 0 type array 1
[367.280s][debug][gc,humongous      ] GC(33000) Humongous region 1197 (object size 1048592 @ 0x00000000cad00000) remset 0 code roots 0 marked 0 reclaim candidate 0 type array 1
[367.281s][debug][gc,humongous      ] GC(33000) Humongous region 883 (object size 1048592 @ 0x00000000b7300000) remset 0 code roots 0 marked 0 reclaim candidate 0 type array 1
[367.280s][debug][gc,humongous      ] GC(33000) Humongous region 429 (object size 1048592 @ 0x000000009ad00000) remset 0 code roots 0 marked 0 reclaim candidate 0 type array 1
[367.280s][debug][gc,humongous      ] GC(33000) Humongous region 1323 (object size 1048592 @ 0x00000000d2b00000) remset 0 code roots 0 marked 0 reclaim candidate 0 type array 1
[367.281s][debug][gc,humongous      ] GC(33000) Humongous region 431 (object size 1048592 @ 0x000000009af00000) remset 0 code roots 0 marked 0 reclaim candidate 0 type array 1
[367.281s][debug][gc,humongous      ] GC(33000) Humongous region 1325 (object size 1048592 @ 0x00000000d2d00000) remset 0 code roots 0 marked 0 reclaim candidate 0 type array 1
[367.280s][debug][gc,humongous      ] GC(33000) Humongous region 1866 (object size 1048592 @ 0x00000000f4a00000) remset 0 code roots 0 marked 0 reclaim candidate 0 type array 1
[367.281s][debug][gc,humongous      ] GC(33000) Humongous region 1327 (object size 1048592 @ 0x00000000d2f00000) remset 0 code roots 0 marked 0 reclaim candidate 0 type array 1
[367.280s][debug][gc,humongous      ] GC(33000) Humongous region 76 (object size 1048592 @ 0x0000000084c00000) remset 0 code roots 0 marked 0 reclaim candidate 0 type array 1
[367.281s][debug][gc,humongous      ] GC(33000) Humongous region 1329 (object size 1048592 @ 0x00000000d3100000) remset 0 code roots 0 marked 0 reclaim candidate 0 type array 1
[367.281s][debug][gc,humongous      ] GC(33000) Humongous region 78 (object size 1048592 @ 0x0000000084e00000) remset 0 code roots 0 marked 0 reclaim candidate 0 type array 1
[367.281s][debug][gc,humongous      ] GC(33000) Humongous region 1663 (object size 1048592 @ 0x00000000e7f00000) remset 0 code roots 0 marked 0 reclaim candidate 0 type array 1
[367.281s][debug][gc,humongous      ] GC(33000) Humongous region 80 (object size 1048592 @ 0x0000000085000000) remset 0 code roots 0 marked 0 reclaim candidate 0 type array 1
[367.281s][debug][gc,humongous      ] GC(33000) Humongous region 885 (object size 1048592 @ 0x00000000b7500000) remset 0 code roots 0 marked 0 reclaim candidate 0 type array 1
[367.281s][debug][gc,humongous      ] GC(33000) Humongous region 82 (object size 1048592 @ 0x0000000085200000) remset 0 code roots 0 marked 0 reclaim candidate 0 type array 1
[367.281s][debug][gc,humongous      ] GC(33000) Humongous region 887 (object size 1048592 @ 0x00000000b7700000) remset 0 code roots 0 marked 0 reclaim candidate 0 type array 1
[367.280s][debug][gc,humongous      ] GC(33000) Humongous region 211 (object size 1048592 @ 0x000000008d300000) remset 0 code roots 0 marked 0 reclaim candidate 0 type array 1
[367.281s][debug][gc,humongous      ] GC(33000) Humongous region 889 (object size 1048592 @ 0x00000000b7900000) remset 0 code roots 0 marked 0 reclaim candidate 0 type array 1
[367.281s][debug][gc,humongous      ] GC(33000) Humongous region 213 (object size 1048592 @ 0x000000008d500000) remset 0 code roots 0 marked 0 reclaim candidate 0 type array 1
[367.281s][debug][gc,humongous      ] GC(33000) Humongous region 891 (object size 1048592 @ 0x00000000b7b00000) remset 0 code roots 0 marked 0 reclaim candidate 0 type array 1
[367.281s][debug][gc,humongous      ] GC(33000) Humongous region 215 (object size 1048592 @ 0x000000008d700000) remset 0 code roots 0 marked 0 reclaim candidate 0 type array 1
[367.280s][debug][gc,humongous      ] GC(33000) Humongous region 1008 (object size 1048592 @ 0x00000000bf000000) remset 0 code roots 0 marked 0 reclaim candidate 0 type array 1
[367.281s][debug][gc,humongous      ] GC(33000) Humongous region 1331 (object size 1048592 @ 0x00000000d3300000) remset 0 code roots 0 marked 0 reclaim candidate 0 type array 1
[367.281s][debug][gc,humongous      ] GC(33000) Humongous region 1199 (object size 1048592 @ 0x00000000caf00000) remset 0 code roots 0 marked 0 reclaim candidate 0 type array 1
[367.281s][debug][gc,humongous      ] GC(33000) Humongous region 1665 (object size 1048592 @ 0x00000000e8100000) remset 0 code roots 0 marked 0 reclaim candidate 0 type array 1
[367.280s][debug][gc,humongous      ] GC(33000) Humongous region 1980 (object size 1048592 @ 0x00000000fbc00000) remset 0 code roots 0 marked 0 reclaim candidate 0 type array 1
[367.281s][debug][gc,humongous      ] GC(33000) Humongous region 1667 (object size 1048592 @ 0x00000000e8300000) remset 0 code roots 0 marked 0 reclaim candidate 0 type array 1
[367.281s][debug][gc,humongous      ] GC(33000) Humongous region 1982 (object size 1048592 @ 0x00000000fbe00000) remset 0 code roots 0 marked 0 reclaim candidate 0 type array 1
[367.281s][debug][gc,humongous      ] GC(33000) Humongous region 433 (object size 1048592 @ 0x000000009b100000) remset 0 code roots 0 marked 0 reclaim candidate 0 type array 1
[367.281s][debug][gc,humongous      ] GC(33000) Humongous region 1984 (object size 1048592 @ 0x00000000fc000000) remset 0 code roots 0 marked 0 reclaim candidate 0 type array 1
[367.281s][debug][gc,humongous      ] GC(33000) Humongous region 435 (object size 1048592 @ 0x000000009b300000) remset 0 code roots 0 marked 0 reclaim candidate 0 type array 1
[367.281s][debug][gc,humongous      ] GC(33000) Humongous region 1986 (object size 1048592 @ 0x00000000fc200000) remset 0 code roots 0 marked 0 reclaim candidate 0 type array 1
[367.281s][debug][gc,humongous      ] GC(33000) Humongous region 893 (object size 1048592 @ 0x00000000b7d00000) remset 0 code roots 0 marked 0 reclaim candidate 0 type array 1
[367.281s][debug][gc,humongous      ] GC(33000) Humongous region 217 (object size 1048592 @ 0x000000008d900000) remset 0 code roots 0 marked 0 reclaim candidate 0 type array 1
[367.281s][debug][gc,humongous      ] GC(33000) Humongous region 219 (object size 1048592 @ 0x000000008db00000) remset 0 code roots 0 marked 0 reclaim candidate 0 type array 1
[367.281s][debug][gc,humongous      ] GC(33000) Humongous region 1201 (object size 1048592 @ 0x00000000cb100000) remset 0 code roots 0 marked 0 reclaim candidate 0 type array 1
[367.281s][debug][gc,humongous      ] GC(33000) Humongous region 221 (object size 1048592 @ 0x000000008dd00000) remset 0 code roots 0 marked 0 reclaim candidate 0 type array 1
[367.281s][debug][gc,humongous      ] GC(33000) Humongous region 1203 (object size 1048592 @ 0x00000000cb300000) remset 0 code roots 0 marked 0 reclaim candidate 0 type array 1
[367.281s][debug][gc,humongous      ] GC(33000) Humongous region 1669 (object size 1048592 @ 0x00000000e8500000) remset 0 code roots 0 marked 0 reclaim candidate 0 type array 1
[367.281s][debug][gc,humongous      ] GC(33000) Humongous region 1205 (object size 1048592 @ 0x00000000cb500000) remset 0 code roots 0 marked 0 reclaim candidate 0 type array 1
[367.280s][debug][gc,humongous      ] GC(33000) Humongous region 1499 (object size 1048592 @ 0x00000000ddb00000) remset 0 code roots 0 marked 0 reclaim candidate 0 type array 1
[367.281s][debug][gc,humongous      ] GC(33000) Humongous region 1868 (object size 1048592 @ 0x00000000f4c00000) remset 0 code roots 0 marked 0 reclaim candidate 0 type array 1
[367.281s][debug][gc,humongous      ] GC(33000) Humongous region 703 (object size 1048592 @ 0x00000000abf00000) remset 0 code roots 0 marked 0 reclaim candidate 0 type array 1
[367.281s][debug][gc,humongous      ] GC(33000) Humongous region 437 (object size 1048592 @ 0x000000009b500000) remset 0 code roots 0 marked 0 reclaim candidate 0 type array 1
[367.281s][debug][gc,humongous      ] GC(33000) Humongous region 1988 (object size 1048592 @ 0x00000000fc400000) remset 0 code roots 0 marked 0 reclaim candidate 0 type array 1
[367.281s][debug][gc,humongous      ] GC(33000) Humongous region 895 (object size 1048592 @ 0x00000000b7f00000) remset 0 code roots 0 marked 0 reclaim candidate 0 type array 1
[367.281s][debug][gc,humongous      ] GC(33000) Humongous region 897 (object size 1048592 @ 0x00000000b8100000) remset 0 code roots 0 marked 0 reclaim candidate 0 type array 1
[367.281s][debug][gc,humongous      ] GC(33000) Humongous region 899 (object size 1048592 @ 0x00000000b8300000) remset 0 code roots 0 marked 0 reclaim candidate 0 type array 1
[367.281s][debug][gc,humongous      ] GC(33000) Humongous region 85 (object size 1048592 @ 0x0000000085500000) remset 0 code roots 0 marked 0 reclaim candidate 0 type array 1
[367.281s][debug][gc,humongous      ] GC(33000) Humongous region 901 (object size 1048592 @ 0x00000000b8500000) remset 0 code roots 0 marked 0 reclaim candidate 0 type array 1
[367.281s][debug][gc,humongous      ] GC(33000) Humongous region 87 (object size 1048592 @ 0x0000000085700000) remset 0 code roots 0 marked 0 reclaim candidate 1 type array 1
[367.281s][debug][gc,humongous      ] GC(33000) Humongous region 903 (object size 1048592 @ 0x00000000b8700000) remset 0 code roots 0 marked 0 reclaim candidate 0 type array 1
[367.281s][debug][gc,humongous      ] GC(33000) Humongous region 1207 (object size 1048592 @ 0x00000000cb700000) remset 0 code roots 0 marked 0 reclaim candidate 0 type array 1
[367.281s][debug][gc,humongous      ] GC(33000) Humongous region 1501 (object size 1048592 @ 0x00000000ddd00000) remset 0 code roots 0 marked 0 reclaim candidate 0 type array 1
[367.281s][debug][gc,humongous      ] GC(33000) Humongous region 1870 (object size 1048592 @ 0x00000000f4e00000) remset 0 code roots 0 marked 0 reclaim candidate 0 type array 1
[367.281s][debug][gc,humongous      ] GC(33000) Humongous region 705 (object size 1048592 @ 0x00000000ac100000) remset 0 code roots 0 marked 0 reclaim candidate 0 type array 1
[367.281s][debug][gc,humongous      ] GC(33000) Humongous region 439 (object size 1048592 @ 0x000000009b700000) remset 0 code roots 0 marked 0 reclaim candidate 0 type array 1
[367.281s][debug][gc,humongous      ] GC(33000) Humongous region 441 (object size 1048592 @ 0x000000009b900000) remset 0 code roots 0 marked 0 reclaim candidate 0 type array 1
[367.281s][debug][gc,humongous      ] GC(33000) Humongous region 443 (object size 1048592 @ 0x000000009bb00000) remset 0 code roots 0 marked 0 reclaim candidate 0 type array 1
[367.281s][debug][gc,humongous      ] GC(33000) Humongous region 445 (object size 1048592 @ 0x000000009bd00000) remset 0 code roots 0 marked 0 reclaim candidate 0 type array 1
[367.281s][debug][gc,humongous      ] GC(33000) Humongous region 447 (object size 1048592 @ 0x000000009bf00000) remset 0 code roots 0 marked 0 reclaim candidate 0 type array 1
[367.281s][debug][gc,humongous      ] GC(33000) Humongous region 449 (object size 1048592 @ 0x000000009c100000) remset 0 code roots 0 marked 0 reclaim candidate 0 type array 1
[367.281s][debug][gc,humongous      ] GC(33000) Humongous region 451 (object size 1048592 @ 0x000000009c300000) remset 0 code roots 0 marked 0 reclaim candidate 0 type array 1
[367.281s][debug][gc,humongous      ] GC(33000) Humongous region 453 (object size 1048592 @ 0x000000009c500000) remset 0 code roots 0 marked 0 reclaim candidate 0 type array 1
[367.281s][debug][gc,humongous      ] GC(33000) Humongous region 455 (object size 1048592 @ 0x000000009c700000) remset 0 code roots 0 marked 0 reclaim candidate 0 type array 1
[367.281s][debug][gc,humongous      ] GC(33000) Humongous region 457 (object size 1048592 @ 0x000000009c900000) remset 0 code roots 0 marked 0 reclaim candidate 0 type array 1
[367.281s][debug][gc,humongous      ] GC(33000) Humongous region 459 (object size 1048592 @ 0x000000009cb00000) remset 0 code roots 0 marked 0 reclaim candidate 0 type array 1
[367.281s][debug][gc,humongous      ] GC(33000) Humongous region 461 (object size 1048592 @ 0x000000009cd00000) remset 0 code roots 0 marked 0 reclaim candidate 0 type array 1
[367.281s][debug][gc,humongous      ] GC(33000) Humongous region 463 (object size 1048592 @ 0x000000009cf00000) remset 0 code roots 0 marked 0 reclaim candidate 0 type array 1
[367.281s][debug][gc,humongous      ] GC(33000) Humongous region 465 (object size 1048592 @ 0x000000009d100000) remset 0 code roots 0 marked 0 reclaim candidate 0 type array 1
[367.281s][debug][gc,humongous      ] GC(33000) Humongous region 467 (object size 1048592 @ 0x000000009d300000) remset 0 code roots 0 marked 0 reclaim candidate 0 type array 1
[367.281s][debug][gc,humongous      ] GC(33000) Humongous region 469 (object size 1048592 @ 0x000000009d500000) remset 0 code roots 0 marked 0 reclaim candidate 0 type array 1
[367.282s][debug][gc,humongous      ] GC(33000) Humongous region 471 (object size 1048592 @ 0x000000009d700000) remset 0 code roots 0 marked 0 reclaim candidate 0 type array 1
[367.282s][debug][gc,humongous      ] GC(33000) Humongous region 552 (object size 1048592 @ 0x00000000a2800000) remset 0 code roots 0 marked 0 reclaim candidate 0 type array 1
[367.282s][debug][gc,humongous      ] GC(33000) Humongous region 554 (object size 1048592 @ 0x00000000a2a00000) remset 0 code roots 0 marked 0 reclaim candidate 0 type array 1
[367.282s][debug][gc,humongous      ] GC(33000) Humongous region 556 (object size 1048592 @ 0x00000000a2c00000) remset 0 code roots 0 marked 0 reclaim candidate 0 type array 1
[367.282s][debug][gc,humongous      ] GC(33000) Humongous region 558 (object size 1048592 @ 0x00000000a2e00000) remset 0 code roots 0 marked 0 reclaim candidate 0 type array 1
[367.282s][debug][gc,humongous      ] GC(33000) Humongous region 560 (object size 1048592 @ 0x00000000a3000000) remset 0 code roots 0 marked 0 reclaim candidate 0 type array 1
[367.282s][debug][gc,humongous      ] GC(33000) Humongous region 562 (object size 1048592 @ 0x00000000a3200000) remset 0 code roots 0 marked 0 reclaim candidate 0 type array 1
[367.282s][debug][gc,humongous      ] GC(33000) Humongous region 564 (object size 1048592 @ 0x00000000a3400000) remset 0 code roots 0 marked 0 reclaim candidate 0 type array 1
[367.282s][debug][gc,humongous      ] GC(33000) Humongous region 566 (object size 1048592 @ 0x00000000a3600000) remset 0 code roots 0 marked 0 reclaim candidate 0 type array 1
[367.282s][debug][gc,humongous      ] GC(33000) Humongous region 568 (object size 1048592 @ 0x00000000a3800000) remset 0 code roots 0 marked 0 reclaim candidate 0 type array 1
[367.282s][debug][gc,humongous      ] GC(33000) Humongous region 572 (object size 1048592 @ 0x00000000a3c00000) remset 0 code roots 0 marked 0 reclaim candidate 0 type array 1
[367.282s][debug][gc,humongous      ] GC(33000) Humongous region 574 (object size 1048592 @ 0x00000000a3e00000) remset 0 code roots 0 marked 0 reclaim candidate 0 type array 1
[367.282s][debug][gc,humongous      ] GC(33000) Humongous region 576 (object size 1048592 @ 0x00000000a4000000) remset 0 code roots 0 marked 0 reclaim candidate 0 type array 1
[367.282s][debug][gc,humongous      ] GC(33000) Humongous region 578 (object size 1048592 @ 0x00000000a4200000) remset 0 code roots 0 marked 0 reclaim candidate 0 type array 1
[367.282s][debug][gc,humongous      ] GC(33000) Humongous region 580 (object size 1048592 @ 0x00000000a4400000) remset 0 code roots 0 marked 0 reclaim candidate 0 type array 1
[367.282s][debug][gc,humongous      ] GC(33000) Humongous region 582 (object size 1048592 @ 0x00000000a4600000) remset 0 code roots 0 marked 0 reclaim candidate 0 type array 1
[367.282s][debug][gc,humongous      ] GC(33000) Humongous region 584 (object size 1048592 @ 0x00000000a4800000) remset 0 code roots 0 marked 0 reclaim candidate 0 type array 1
[367.282s][debug][gc,humongous      ] GC(33000) Humongous region 588 (object size 1048592 @ 0x00000000a4c00000) remset 0 code roots 0 marked 0 reclaim candidate 0 type array 1
[367.282s][debug][gc,humongous      ] GC(33000) Humongous region 590 (object size 1048592 @ 0x00000000a4e00000) remset 0 code roots 0 marked 0 reclaim candidate 0 type array 1
[367.282s][debug][gc,humongous      ] GC(33000) Humongous region 592 (object size 1048592 @ 0x00000000a5000000) remset 0 code roots 0 marked 0 reclaim candidate 0 type array 1
[367.282s][debug][gc,humongous      ] GC(33000) Humongous region 594 (object size 1048592 @ 0x00000000a5200000) remset 0 code roots 0 marked 0 reclaim candidate 0 type array 1
[367.282s][debug][gc,humongous      ] GC(33000) Humongous region 596 (object size 1048592 @ 0x00000000a5400000) remset 0 code roots 0 marked 0 reclaim candidate 0 type array 1
[367.282s][debug][gc,humongous      ] GC(33000) Humongous region 598 (object size 1048592 @ 0x00000000a5600000) remset 0 code roots 0 marked 0 reclaim candidate 0 type array 1
[367.282s][debug][gc,humongous      ] GC(33000) Humongous region 600 (object size 1048592 @ 0x00000000a5800000) remset 0 code roots 0 marked 0 reclaim candidate 0 type array 1
[367.282s][debug][gc,humongous      ] GC(33000) Humongous region 602 (object size 1048592 @ 0x00000000a5a00000) remset 0 code roots 0 marked 0 reclaim candidate 0 type array 1
[367.282s][debug][gc,humongous      ] GC(33000) Humongous region 606 (object size 1048592 @ 0x00000000a5e00000) remset 0 code roots 0 marked 0 reclaim candidate 0 type array 1
[367.282s][debug][gc,humongous      ] GC(33000) Humongous region 610 (object size 1048592 @ 0x00000000a6200000) remset 0 code roots 0 marked 0 reclaim candidate 0 type array 1
[367.282s][debug][gc,humongous      ] GC(33000) Humongous region 612 (object size 1048592 @ 0x00000000a6400000) remset 0 code roots 0 marked 0 reclaim candidate 0 type array 1
[367.282s][debug][gc,humongous      ] GC(33000) Humongous region 614 (object size 1048592 @ 0x00000000a6600000) remset 0 code roots 0 marked 0 reclaim candidate 0 type array 1
[367.282s][debug][gc,humongous      ] GC(33000) Humongous region 616 (object size 1048592 @ 0x00000000a6800000) remset 0 code roots 0 marked 0 reclaim candidate 0 type array 1
[367.282s][debug][gc,humongous      ] GC(33000) Humongous region 618 (object size 1048592 @ 0x00000000a6a00000) remset 0 code roots 0 marked 0 reclaim candidate 0 type array 1
[367.282s][debug][gc,humongous      ] GC(33000) Humongous region 622 (object size 1048592 @ 0x00000000a6e00000) remset 0 code roots 0 marked 0 reclaim candidate 0 type array 1
[367.282s][debug][gc,humongous      ] GC(33000) Humongous region 624 (object size 1048592 @ 0x00000000a7000000) remset 0 code roots 0 marked 0 reclaim candidate 0 type array 1
[367.282s][debug][gc,humongous      ] GC(33000) Humongous region 626 (object size 1048592 @ 0x00000000a7200000) remset 0 code roots 0 marked 0 reclaim candidate 0 type array 1
[367.282s][debug][gc,humongous      ] GC(33000) Humongous region 628 (object size 1048592 @ 0x00000000a7400000) remset 0 code roots 0 marked 0 reclaim candidate 0 type array 1
[367.282s][debug][gc,humongous      ] GC(33000) Humongous region 709 (object size 1048592 @ 0x00000000ac500000) remset 0 code roots 0 marked 0 reclaim candidate 0 type array 1
[367.282s][debug][gc,humongous      ] GC(33000) Humongous region 711 (object size 1048592 @ 0x00000000ac700000) remset 0 code roots 0 marked 0 reclaim candidate 0 type array 1
[367.282s][debug][gc,humongous      ] GC(33000) Humongous region 713 (object size 1048592 @ 0x00000000ac900000) remset 0 code roots 0 marked 0 reclaim candidate 0 type array 1
[367.282s][debug][gc,humongous      ] GC(33000) Humongous region 715 (object size 1048592 @ 0x00000000acb00000) remset 0 code roots 0 marked 0 reclaim candidate 0 type array 1
[367.282s][debug][gc,humongous      ] GC(33000) Humongous region 719 (object size 1048592 @ 0x00000000acf00000) remset 0 code roots 0 marked 0 reclaim candidate 0 type array 1
[367.282s][debug][gc,humongous      ] GC(33000) Humongous region 721 (object size 1048592 @ 0x00000000ad100000) remset 0 code roots 0 marked 0 reclaim candidate 0 type array 1
[367.282s][debug][gc,humongous      ] GC(33000) Humongous region 723 (object size 1048592 @ 0x00000000ad300000) remset 0 code roots 0 marked 0 reclaim candidate 0 type array 1
[367.282s][debug][gc,humongous      ] GC(33000) Humongous region 725 (object size 1048592 @ 0x00000000ad500000) remset 0 code roots 0 marked 0 reclaim candidate 0 type array 1
[367.282s][debug][gc,humongous      ] GC(33000) Humongous region 727 (object size 1048592 @ 0x00000000ad700000) remset 0 code roots 0 marked 0 reclaim candidate 0 type array 1
[367.282s][debug][gc,humongous      ] GC(33000) Humongous region 729 (object size 1048592 @ 0x00000000ad900000) remset 0 code roots 0 marked 0 reclaim candidate 0 type array 1
[367.282s][debug][gc,humongous      ] GC(33000) Humongous region 731 (object size 1048592 @ 0x00000000adb00000) remset 0 code roots 0 marked 0 reclaim candidate 0 type array 1
[367.283s][debug][gc,humongous      ] GC(33000) Humongous region 733 (object size 1048592 @ 0x00000000add00000) remset 0 code roots 0 marked 0 reclaim candidate 0 type array 1
[367.283s][debug][gc,humongous      ] GC(33000) Humongous region 735 (object size 1048592 @ 0x00000000adf00000) remset 0 code roots 0 marked 0 reclaim candidate 0 type array 1
[367.283s][debug][gc,humongous      ] GC(33000) Humongous region 737 (object size 1048592 @ 0x00000000ae100000) remset 0 code roots 0 marked 0 reclaim candidate 0 type array 1
[367.283s][debug][gc,humongous      ] GC(33000) Humongous region 739 (object size 1048592 @ 0x00000000ae300000) remset 0 code roots 0 marked 0 reclaim candidate 0 type array 1
[367.283s][debug][gc,humongous      ] GC(33000) Humongous region 741 (object size 1048592 @ 0x00000000ae500000) remset 0 code roots 0 marked 0 reclaim candidate 0 type array 1
[367.283s][debug][gc,humongous      ] GC(33000) Humongous region 743 (object size 1048592 @ 0x00000000ae700000) remset 0 code roots 0 marked 0 reclaim candidate 0 type array 1
[367.283s][debug][gc,humongous      ] GC(33000) Humongous region 745 (object size 1048592 @ 0x00000000ae900000) remset 0 code roots 0 marked 0 reclaim candidate 0 type array 1
[367.283s][debug][gc,humongous      ] GC(33000) Humongous region 747 (object size 1048592 @ 0x00000000aeb00000) remset 0 code roots 0 marked 0 reclaim candidate 0 type array 1
[367.283s][debug][gc,humongous      ] GC(33000) Humongous region 749 (object size 1048592 @ 0x00000000aed00000) remset 0 code roots 0 marked 0 reclaim candidate 0 type array 1
[367.283s][debug][gc,humongous      ] GC(33000) Humongous region 751 (object size 1048592 @ 0x00000000aef00000) remset 0 code roots 0 marked 0 reclaim candidate 0 type array 1
[367.283s][debug][gc,humongous      ] GC(33000) Humongous region 754 (object size 1048592 @ 0x00000000af200000) remset 0 code roots 0 marked 0 reclaim candidate 0 type array 1
[367.283s][debug][gc,humongous      ] GC(33000) Humongous region 756 (object size 1048592 @ 0x00000000af400000) remset 0 code roots 0 marked 0 reclaim candidate 0 type array 1
[367.283s][debug][gc,humongous      ] GC(33000) Humongous region 758 (object size 1048592 @ 0x00000000af600000) remset 0 code roots 0 marked 0 reclaim candidate 0 type array 1
[367.283s][debug][gc,humongous      ] GC(33000) Humongous region 760 (object size 1048592 @ 0x00000000af800000) remset 0 code roots 0 marked 0 reclaim candidate 0 type array 1
[367.283s][debug][gc,humongous      ] GC(33000) Humongous region 762 (object size 1048592 @ 0x00000000afa00000) remset 0 code roots 0 marked 0 reclaim candidate 0 type array 1
[367.283s][debug][gc,humongous      ] GC(33000) Humongous region 766 (object size 1048592 @ 0x00000000afe00000) remset 0 code roots 0 marked 0 reclaim candidate 0 type array 1
[367.283s][debug][gc,humongous      ] GC(33000) Humongous region 768 (object size 1048592 @ 0x00000000b0000000) remset 0 code roots 0 marked 0 reclaim candidate 0 type array 1
[367.283s][debug][gc,humongous      ] GC(33000) Humongous region 770 (object size 1048592 @ 0x00000000b0200000) remset 0 code roots 0 marked 0 reclaim candidate 0 type array 1
[367.283s][debug][gc,humongous      ] GC(33000) Humongous region 772 (object size 1048592 @ 0x00000000b0400000) remset 0 code roots 0 marked 0 reclaim candidate 0 type array 1
[367.283s][debug][gc,humongous      ] GC(33000) Humongous region 774 (object size 1048592 @ 0x00000000b0600000) remset 0 code roots 0 marked 0 reclaim candidate 0 type array 1
[367.283s][debug][gc,humongous      ] GC(33000) Humongous region 776 (object size 1048592 @ 0x00000000b0800000) remset 0 code roots 0 marked 0 reclaim candidate 0 type array 1
[367.283s][debug][gc,humongous      ] GC(33000) Humongous region 778 (object size 1048592 @ 0x00000000b0a00000) remset 0 code roots 0 marked 0 reclaim candidate 0 type array 1
[367.283s][debug][gc,humongous      ] GC(33000) Humongous region 780 (object size 1048592 @ 0x00000000b0c00000) remset 0 code roots 0 marked 0 reclaim candidate 0 type array 1
[367.283s][debug][gc,humongous      ] GC(33000) Humongous region 782 (object size 1048592 @ 0x00000000b0e00000) remset 0 code roots 0 marked 0 reclaim candidate 0 type array 1
[367.283s][debug][gc,humongous      ] GC(33000) Humongous region 784 (object size 1048592 @ 0x00000000b1000000) remset 0 code roots 0 marked 0 reclaim candidate 0 type array 1
[367.283s][debug][gc,humongous      ] GC(33000) Humongous region 786 (object size 1048592 @ 0x00000000b1200000) remset 0 code roots 0 marked 0 reclaim candidate 0 type array 1
[367.283s][debug][gc,humongous      ] GC(33000) Humongous region 907 (object size 1048592 @ 0x00000000b8b00000) remset 0 code roots 0 marked 0 reclaim candidate 0 type array 1
[367.283s][debug][gc,humongous      ] GC(33000) Humongous region 909 (object size 1048592 @ 0x00000000b8d00000) remset 0 code roots 0 marked 0 reclaim candidate 0 type array 1
[367.283s][debug][gc,humongous      ] GC(33000) Humongous region 911 (object size 1048592 @ 0x00000000b8f00000) remset 0 code roots 0 marked 0 reclaim candidate 0 type array 1
[367.283s][debug][gc,humongous      ] GC(33000) Humongous region 913 (object size 1048592 @ 0x00000000b9100000) remset 0 code roots 0 marked 0 reclaim candidate 0 type array 1
[367.283s][debug][gc,humongous      ] GC(33000) Humongous region 915 (object size 1048592 @ 0x00000000b9300000) remset 0 code roots 0 marked 0 reclaim candidate 0 type array 1
[367.283s][debug][gc,humongous      ] GC(33000) Humongous region 917 (object size 1048592 @ 0x00000000b9500000) remset 0 code roots 0 marked 0 reclaim candidate 0 type array 1
[367.283s][debug][gc,humongous      ] GC(33000) Humongous region 919 (object size 1048592 @ 0x00000000b9700000) remset 0 code roots 0 marked 0 reclaim candidate 0 type array 1
[367.283s][debug][gc,humongous      ] GC(33000) Humongous region 921 (object size 1048592 @ 0x00000000b9900000) remset 0 code roots 0 marked 0 reclaim candidate 0 type array 1
[367.283s][debug][gc,humongous      ] GC(33000) Humongous region 923 (object size 1048592 @ 0x00000000b9b00000) remset 0 code roots 0 marked 0 reclaim candidate 0 type array 1
[367.283s][debug][gc,humongous      ] GC(33000) Humongous region 925 (object size 1048592 @ 0x00000000b9d00000) remset 0 code roots 0 marked 0 reclaim candidate 0 type array 1
[367.283s][debug][gc,humongous      ] GC(33000) Humongous region 927 (object size 1048592 @ 0x00000000b9f00000) remset 0 code roots 0 marked 0 reclaim candidate 0 type array 1
[367.283s][debug][gc,humongous      ] GC(33000) Humongous region 929 (object size 1048592 @ 0x00000000ba100000) remset 0 code roots 0 marked 0 reclaim candidate 0 type array 1
[367.283s][debug][gc,humongous      ] GC(33000) Humongous region 931 (object size 1048592 @ 0x00000000ba300000) remset 0 code roots 0 marked 0 reclaim candidate 0 type array 1
[367.283s][debug][gc,humongous      ] GC(33000) Humongous region 933 (object size 1048592 @ 0x00000000ba500000) remset 0 code roots 0 marked 0 reclaim candidate 0 type array 1
[367.283s][debug][gc,humongous      ] GC(33000) Humongous region 935 (object size 1048592 @ 0x00000000ba700000) remset 0 code roots 0 marked 0 reclaim candidate 0 type array 1
[367.283s][debug][gc,humongous      ] GC(33000) Humongous region 937 (object size 1048592 @ 0x00000000ba900000) remset 0 code roots 0 marked 0 reclaim candidate 0 type array 1
[367.283s][debug][gc,humongous      ] GC(33000) Humongous region 939 (object size 1048592 @ 0x00000000bab00000) remset 0 code roots 0 marked 0 reclaim candidate 0 type array 1
[367.283s][debug][gc,humongous      ] GC(33000) Humongous region 941 (object size 1048592 @ 0x00000000bad00000) remset 0 code roots 0 marked 0 reclaim candidate 0 type array 1
[367.283s][debug][gc,humongous      ] GC(33000) Humongous region 943 (object size 1048592 @ 0x00000000baf00000) remset 0 code roots 0 marked 0 reclaim candidate 0 type array 1
[367.283s][debug][gc,humongous      ] GC(33000) Humongous region 1012 (object size 1048592 @ 0x00000000bf400000) remset 0 code roots 0 marked 0 reclaim candidate 0 type array 1
[367.283s][debug][gc,humongous      ] GC(33000) Humongous region 1014 (object size 1048592 @ 0x00000000bf600000) remset 0 code roots 0 marked 0 reclaim candidate 0 type array 1
[367.284s][debug][gc,humongous      ] GC(33000) Humongous region 1016 (object size 1048592 @ 0x00000000bf800000) remset 0 code roots 0 marked 0 reclaim candidate 0 type array 1
[367.284s][debug][gc,humongous      ] GC(33000) Humongous region 1018 (object size 1048592 @ 0x00000000bfa00000) remset 0 code roots 0 marked 0 reclaim candidate 0 type array 1
[367.281s][debug][gc,humongous      ] GC(33000) Humongous region 1010 (object size 1048592 @ 0x00000000bf200000) remset 0 code roots 0 marked 0 reclaim candidate 0 type array 1
[367.284s][debug][gc,humongous      ] GC(33000) Humongous region 1020 (object size 1048592 @ 0x00000000bfc00000) remset 0 code roots 0 marked 0 reclaim candidate 0 type array 1
[367.284s][debug][gc,humongous      ] GC(33000) Humongous region 1022 (object size 1048592 @ 0x00000000bfe00000) remset 0 code roots 0 marked 0 reclaim candidate 0 type array 1
[367.284s][debug][gc,humongous      ] GC(33000) Humongous region 1024 (object size 1048592 @ 0x00000000c0000000) remset 0 code roots 0 marked 0 reclaim candidate 0 type array 1
[367.284s][debug][gc,humongous      ] GC(33000) Humongous region 1026 (object size 1048592 @ 0x00000000c0200000) remset 0 code roots 0 marked 0 reclaim candidate 0 type array 1
[367.281s][debug][gc,humongous      ] GC(33000) Humongous region 905 (object size 1048592 @ 0x00000000b8900000) remset 0 code roots 0 marked 0 reclaim candidate 0 type array 1
[367.284s][debug][gc,humongous      ] GC(33000) Humongous region 1030 (object size 1048592 @ 0x00000000c0600000) remset 0 code roots 0 marked 0 reclaim candidate 0 type array 1
[367.281s][debug][gc,humongous      ] GC(33000) Humongous region 1503 (object size 1048592 @ 0x00000000ddf00000) remset 0 code roots 0 marked 0 reclaim candidate 0 type array 1
[367.284s][debug][gc,humongous      ] GC(33000) Humongous region 1034 (object size 1048592 @ 0x00000000c0a00000) remset 0 code roots 0 marked 0 reclaim candidate 0 type array 1
[367.281s][debug][gc,humongous      ] GC(33000) Humongous region 1872 (object size 1048592 @ 0x00000000f5000000) remset 0 code roots 0 marked 0 reclaim candidate 0 type array 1
[367.281s][debug][gc,humongous      ] GC(33000) Humongous region 1333 (object size 1048592 @ 0x00000000d3500000) remset 0 code roots 0 marked 0 reclaim candidate 0 type array 1
[367.284s][debug][gc,humongous      ] GC(33000) Humongous region 1874 (object size 1048592 @ 0x00000000f5200000) remset 0 code roots 0 marked 0 reclaim candidate 0 type array 1
[367.284s][debug][gc,humongous      ] GC(33000) Humongous region 1335 (object size 1048592 @ 0x00000000d3700000) remset 0 code roots 0 marked 0 reclaim candidate 0 type array 1
[367.284s][debug][gc,humongous      ] GC(33000) Humongous region 1876 (object size 1048592 @ 0x00000000f5400000) remset 0 code roots 0 marked 0 reclaim candidate 0 type array 1
[367.281s][debug][gc,humongous      ] GC(33000) Humongous region 89 (object size 1048592 @ 0x0000000085900000) remset 0 code roots 0 marked 0 reclaim candidate 0 type array 1
[367.284s][debug][gc,humongous      ] GC(33000) Humongous region 1878 (object size 1048592 @ 0x00000000f5600000) remset 0 code roots 0 marked 0 reclaim candidate 0 type array 1
[367.284s][debug][gc,humongous      ] GC(33000) Humongous region 91 (object size 1048592 @ 0x0000000085b00000) remset 0 code roots 0 marked 0 reclaim candidate 0 type array 1
[367.284s][debug][gc,humongous      ] GC(33000) Humongous region 1880 (object size 1048592 @ 0x00000000f5800000) remset 0 code roots 0 marked 0 reclaim candidate 0 type array 1
[367.284s][debug][gc,humongous      ] GC(33000) Humongous region 93 (object size 1048592 @ 0x0000000085d00000) remset 0 code roots 0 marked 0 reclaim candidate 0 type array 1
[367.284s][debug][gc,humongous      ] GC(33000) Humongous region 1884 (object size 1048592 @ 0x00000000f5c00000) remset 0 code roots 0 marked 0 reclaim candidate 0 type array 1
[367.284s][debug][gc,humongous      ] GC(33000) Humongous region 95 (object size 1048592 @ 0x0000000085f00000) remset 0 code roots 0 marked 0 reclaim candidate 0 type array 1
[367.284s][debug][gc,humongous      ] GC(33000) Humongous region 1038 (object size 1048592 @ 0x00000000c0e00000) remset 0 code roots 0 marked 0 reclaim candidate 0 type array 1
[367.284s][debug][gc,humongous      ] GC(33000) Humongous region 97 (object size 1048592 @ 0x0000000086100000) remset 0 code roots 0 marked 0 reclaim candidate 0 type array 1
[367.280s][debug][gc,humongous      ] GC(33000) Humongous region 548 (object size 1048592 @ 0x00000000a2400000) remset 0 code roots 0 marked 0 reclaim candidate 0 type array 1
[367.281s][debug][gc,humongous      ] GC(33000) Humongous region 223 (object size 1048592 @ 0x000000008df00000) remset 0 code roots 0 marked 0 reclaim candidate 0 type array 1
[367.284s][debug][gc,humongous      ] GC(33000) Humongous region 1337 (object size 1048592 @ 0x00000000d3900000) remset 0 code roots 0 marked 0 reclaim candidate 0 type array 1
[367.281s][debug][gc,humongous      ] GC(33000) Humongous region 1672 (object size 1048592 @ 0x00000000e8800000) remset 0 code roots 0 marked 0 reclaim candidate 0 type array 1
[367.284s][debug][gc,humongous      ] GC(33000) Humongous region 1028 (object size 1048592 @ 0x00000000c0400000) remset 0 code roots 0 marked 0 reclaim candidate 0 type array 1
[367.281s][debug][gc,humongous      ] GC(33000) Humongous region 1210 (object size 1048592 @ 0x00000000cba00000) remset 0 code roots 0 marked 0 reclaim candidate 0 type array 1
[367.284s][debug][gc,humongous      ] GC(33000) Humongous region 1044 (object size 1048592 @ 0x00000000c1400000) remset 0 code roots 0 marked 0 reclaim candidate 0 type array 1
[367.281s][debug][gc,humongous      ] GC(33000) Humongous region 1990 (object size 1048592 @ 0x00000000fc600000) remset 0 code roots 0 marked 0 reclaim candidate 0 type array 1
[367.284s][debug][gc,humongous      ] GC(33000) Humongous region 1505 (object size 1048592 @ 0x00000000de100000) remset 0 code roots 0 marked 0 reclaim candidate 0 type array 1
[367.284s][debug][gc,humongous      ] GC(33000) Humongous region 1886 (object size 1048592 @ 0x00000000f5e00000) remset 0 code roots 0 marked 0 reclaim candidate 0 type array 1
[367.281s][debug][gc,humongous      ] GC(33000) Humongous region 707 (object size 1048592 @ 0x00000000ac300000) remset 0 code roots 0 marked 0 reclaim candidate 0 type array 1
[367.284s][debug][gc,humongous      ] GC(33000) Humongous region 1888 (object size 1048592 @ 0x00000000f6000000) remset 0 code roots 0 marked 0 reclaim candidate 0 type array 1
[367.284s][debug][gc,humongous      ] GC(33000) Humongous region 99 (object size 1048592 @ 0x0000000086300000) remset 0 code roots 0 marked 0 reclaim candidate 0 type array 1
[367.284s][debug][gc,humongous      ] GC(33000) Humongous region 1995 (object size 1048592 @ 0x00000000fcb00000) remset 0 code roots 0 marked 0 reclaim candidate 0 type array 1
[367.284s][debug][gc,humongous      ] GC(33000) Humongous region 225 (object size 1048592 @ 0x000000008e100000) remset 0 code roots 0 marked 0 reclaim candidate 0 type array 1
[367.284s][debug][gc,humongous      ] GC(33000) Humongous region 1339 (object size 1048592 @ 0x00000000d3b00000) remset 0 code roots 0 marked 0 reclaim candidate 0 type array 1
[367.284s][debug][gc,humongous      ] GC(33000) Humongous region 1674 (object size 1048592 @ 0x00000000e8a00000) remset 0 code roots 0 marked 0 reclaim candidate 0 type array 1
[367.284s][debug][gc,humongous      ] GC(33000) Humongous region 1036 (object size 1048592 @ 0x00000000c0c00000) remset 0 code roots 0 marked 0 reclaim candidate 0 type array 1
[367.284s][debug][gc,humongous      ] GC(33000) Humongous region 1676 (object size 1048592 @ 0x00000000e8c00000) remset 0 code roots 0 marked 0 reclaim candidate 0 type array 1
[367.284s][debug][gc,humongous      ] GC(33000) Humongous region 1050 (object size 1048592 @ 0x00000000c1a00000) remset 0 code roots 0 marked 0 reclaim candidate 0 type array 1
[367.284s][debug][gc,humongous      ] GC(33000) Humongous region 1678 (object size 1048592 @ 0x00000000e8e00000) remset 0 code roots 0 marked 0 reclaim candidate 0 type array 1
[367.284s][debug][gc,humongous      ] GC(33000) Humongous region 1507 (object size 1048592 @ 0x00000000de300000) remset 0 code roots 0 marked 0 reclaim candidate 0 type array 1
[367.284s][debug][gc,humongous      ] GC(33000) Humongous region 1680 (object size 1048592 @ 0x00000000e9000000) remset 0 code roots 0 marked 0 reclaim candidate 0 type array 1
[367.284s][debug][gc,humongous      ] GC(33000) Humongous region 1048 (object size 1048592 @ 0x00000000c1800000) remset 0 code roots 0 marked 0 reclaim candidate 0 type array 1
[367.284s][debug][gc,humongous      ] GC(33000) Humongous region 1509 (object size 1048592 @ 0x00000000de500000) remset 0 code roots 0 marked 0 reclaim candidate 0 type array 1
[367.284s][debug][gc,humongous      ] GC(33000) Humongous region 101 (object size 1048592 @ 0x0000000086500000) remset 0 code roots 0 marked 0 reclaim candidate 0 type array 1
[367.284s][debug][gc,humongous      ] GC(33000) Humongous region 227 (object size 1048592 @ 0x000000008e300000) remset 0 code roots 0 marked 0 reclaim candidate 0 type array 1
[367.284s][debug][gc,humongous      ] GC(33000) Humongous region 103 (object size 1048592 @ 0x0000000086700000) remset 0 code roots 0 marked 0 reclaim candidate 0 type array 1
[367.284s][debug][gc,humongous      ] GC(33000) Humongous region 229 (object size 1048592 @ 0x000000008e500000) remset 0 code roots 0 marked 0 reclaim candidate 0 type array 1
[367.284s][debug][gc,humongous      ] GC(33000) Humongous region 105 (object size 1048592 @ 0x0000000086900000) remset 0 code roots 0 marked 0 reclaim candidate 0 type array 1
[367.284s][debug][gc,humongous      ] GC(33000) Humongous region 231 (object size 1048592 @ 0x000000008e700000) remset 0 code roots 0 marked 0 reclaim candidate 1 type array 1
[367.284s][debug][gc,humongous      ] GC(33000) Humongous region 233 (object size 1048592 @ 0x000000008e900000) remset 0 code roots 0 marked 0 reclaim candidate 0 type array 1
[367.284s][debug][gc,humongous      ] GC(33000) Humongous region 235 (object size 1048592 @ 0x000000008eb00000) remset 0 code roots 0 marked 0 reclaim candidate 0 type array 1
[367.284s][debug][gc,humongous      ] GC(33000) Humongous region 237 (object size 1048592 @ 0x000000008ed00000) remset 0 code roots 0 marked 0 reclaim candidate 0 type array 1
[367.284s][debug][gc,humongous      ] GC(33000) Humongous region 1682 (object size 1048592 @ 0x00000000e9200000) remset 0 code roots 0 marked 0 reclaim candidate 0 type array 1
[367.284s][debug][gc,humongous      ] GC(33000) Humongous region 1042 (object size 1048592 @ 0x00000000c1200000) remset 0 code roots 0 marked 0 reclaim candidate 0 type array 1
[367.284s][debug][gc,humongous      ] GC(33000) Humongous region 1684 (object size 1048592 @ 0x00000000e9400000) remset 0 code roots 0 marked 0 reclaim candidate 0 type array 1
[367.284s][debug][gc,humongous      ] GC(33000) Humongous region 1063 (object size 1048592 @ 0x00000000c2700000) remset 0 code roots 0 marked 0 reclaim candidate 0 type array 1
[367.284s][debug][gc,humongous      ] GC(33000) Humongous region 1686 (object size 1048592 @ 0x00000000e9600000) remset 0 code roots 0 marked 0 reclaim candidate 0 type array 1
[367.284s][debug][gc,humongous      ] GC(33000) Humongous region 1341 (object size 1048592 @ 0x00000000d3d00000) remset 0 code roots 0 marked 0 reclaim candidate 0 type array 1
[367.284s][debug][gc,humongous      ] GC(33000) Humongous region 1212 (object size 1048592 @ 0x00000000cbc00000) remset 0 code roots 0 marked 0 reclaim candidate 0 type array 1
[367.284s][debug][gc,humongous      ] GC(33000) Humongous region 1214 (object size 1048592 @ 0x00000000cbe00000) remset 0 code roots 0 marked 0 reclaim candidate 0 type array 1
[367.284s][debug][gc,humongous      ] GC(33000) Humongous region 1992 (object size 1048592 @ 0x00000000fc800000) remset 0 code roots 0 marked 0 reclaim candidate 0 type array 1
[367.284s][debug][gc,humongous      ] GC(33000) Humongous region 1216 (object size 1048592 @ 0x00000000cc000000) remset 0 code roots 0 marked 0 reclaim candidate 0 type array 1
[367.284s][debug][gc,humongous      ] GC(33000) Humongous region 1052 (object size 1048592 @ 0x00000000c1c00000) remset 0 code roots 0 marked 0 reclaim candidate 0 type array 1
[367.284s][debug][gc,humongous      ] GC(33000) Humongous region 1040 (object size 1048592 @ 0x00000000c1000000) remset 0 code roots 0 marked 0 reclaim candidate 0 type array 1
[367.284s][debug][gc,humongous      ] GC(33000) Humongous region 1067 (object size 1048592 @ 0x00000000c2b00000) remset 0 code roots 0 marked 0 reclaim candidate 0 type array 1
[367.284s][debug][gc,humongous      ] GC(33000) Humongous region 1056 (object size 1048592 @ 0x00000000c2000000) remset 0 code roots 0 marked 0 reclaim candidate 0 type array 1
[367.284s][debug][gc,humongous      ] GC(33000) Humongous region 1511 (object size 1048592 @ 0x00000000de700000) remset 0 code roots 0 marked 0 reclaim candidate 0 type array 1
[367.284s][debug][gc,humongous      ] GC(33000) Humongous region 1997 (object size 1048592 @ 0x00000000fcd00000) remset 0 code roots 0 marked 0 reclaim candidate 0 type array 1
[367.284s][debug][gc,humongous      ] GC(33000) Humongous region 1513 (object size 1048592 @ 0x00000000de900000) remset 0 code roots 0 marked 0 reclaim candidate 0 type array 1
[367.284s][debug][gc,humongous      ] GC(33000) Humongous region 1688 (object size 1048592 @ 0x00000000e9800000) remset 0 code roots 0 marked 0 reclaim candidate 0 type array 1
[367.284s][debug][gc,humongous      ] GC(33000) Humongous region 1046 (object size 1048592 @ 0x00000000c1600000) remset 0 code roots 0 marked 0 reclaim candidate 0 type array 1
[367.284s][debug][gc,humongous      ] GC(33000) Humongous region 1690 (object size 1048592 @ 0x00000000e9a00000) remset 0 code roots 0 marked 0 reclaim candidate 0 type array 1
[367.284s][debug][gc,humongous      ] GC(33000) Humongous region 1075 (object size 1048592 @ 0x00000000c3300000) remset 0 code roots 0 marked 0 reclaim candidate 0 type array 1
[367.284s][debug][gc,humongous      ] GC(33000) Humongous region 1692 (object size 1048592 @ 0x00000000e9c00000) remset 0 code roots 0 marked 0 reclaim candidate 0 type array 1
[367.284s][debug][gc,humongous      ] GC(33000) Humongous region 107 (object size 1048592 @ 0x0000000086b00000) remset 0 code roots 0 marked 0 reclaim candidate 0 type array 1
[367.284s][debug][gc,humongous      ] GC(33000) Humongous region 239 (object size 1048592 @ 0x000000008ef00000) remset 0 code roots 0 marked 0 reclaim candidate 0 type array 1
[367.284s][debug][gc,humongous      ] GC(33000) Humongous region 109 (object size 1048592 @ 0x0000000086d00000) remset 0 code roots 0 marked 0 reclaim candidate 0 type array 1
[367.284s][debug][gc,humongous      ] GC(33000) Humongous region 242 (object size 1048592 @ 0x000000008f200000) remset 0 code roots 0 marked 0 reclaim candidate 0 type array 1
[367.284s][debug][gc,humongous      ] GC(33000) Humongous region 111 (object size 1048592 @ 0x0000000086f00000) remset 0 code roots 0 marked 0 reclaim candidate 0 type array 1
[367.284s][debug][gc,humongous      ] GC(33000) Humongous region 1065 (object size 1048592 @ 0x00000000c2900000) remset 0 code roots 0 marked 0 reclaim candidate 0 type array 1
[367.284s][debug][gc,humongous      ] GC(33000) Humongous region 113 (object size 1048592 @ 0x0000000087100000) remset 0 code roots 0 marked 0 reclaim candidate 0 type array 1
[367.284s][debug][gc,humongous      ] GC(33000) Humongous region 1515 (object size 1048592 @ 0x00000000deb00000) remset 0 code roots 0 marked 0 reclaim candidate 0 type array 1
[367.284s][debug][gc,humongous      ] GC(33000) Humongous region 115 (object size 1048592 @ 0x0000000087300000) remset 0 code roots 0 marked 0 reclaim candidate 0 type array 1
[367.284s][debug][gc,humongous      ] GC(33000) Humongous region 1999 (object size 1048592 @ 0x00000000fcf00000) remset 0 code roots 0 marked 0 reclaim candidate 0 type array 1
[367.284s][debug][gc,humongous      ] GC(33000) Humongous region 1218 (object size 1048592 @ 0x00000000cc200000) remset 0 code roots 0 marked 0 reclaim candidate 0 type array 1
[367.284s][debug][gc,humongous      ] GC(33000) Humongous region 1077 (object size 1048592 @ 0x00000000c3500000) remset 0 code roots 0 marked 0 reclaim candidate 0 type array 1
[367.284s][debug][gc,humongous      ] GC(33000) Humongous region 1694 (object size 1048592 @ 0x00000000e9e00000) remset 0 code roots 0 marked 0 reclaim candidate 0 type array 1
[367.284s][debug][gc,humongous      ] GC(33000) Humongous region 1071 (object size 1048592 @ 0x00000000c2f00000) remset 0 code roots 0 marked 0 reclaim candidate 0 type array 1
[367.285s][debug][gc,humongous      ] GC(33000) Humongous region 1696 (object size 1048592 @ 0x00000000ea000000) remset 0 code roots 0 marked 0 reclaim candidate 0 type array 1
[367.284s][debug][gc,humongous      ] GC(33000) Humongous region 1073 (object size 1048592 @ 0x00000000c3100000) remset 0 code roots 0 marked 0 reclaim candidate 0 type array 1
[367.285s][debug][gc,humongous      ] GC(33000) Humongous region 1698 (object size 1048592 @ 0x00000000ea200000) remset 0 code roots 0 marked 0 reclaim candidate 0 type array 1
[367.284s][debug][gc,humongous      ] GC(33000) Humongous region 2003 (object size 1048592 @ 0x00000000fd300000) remset 0 code roots 0 marked 0 reclaim candidate 0 type array 1
[367.285s][debug][gc,humongous      ] GC(33000) Humongous region 1700 (object size 1048592 @ 0x00000000ea400000) remset 0 code roots 0 marked 0 reclaim candidate 0 type array 1
[367.285s][debug][gc,humongous      ] GC(33000) Humongous region 2007 (object size 1048592 @ 0x00000000fd700000) remset 0 code roots 0 marked 0 reclaim candidate 0 type array 1
[367.284s][debug][gc,humongous      ] GC(33000) Humongous region 1517 (object size 1048592 @ 0x00000000ded00000) remset 0 code roots 0 marked 0 reclaim candidate 0 type array 1
[367.285s][debug][gc,humongous      ] GC(33000) Humongous region 2009 (object size 1048592 @ 0x00000000fd900000) remset 0 code roots 0 marked 0 reclaim candidate 0 type array 1
[367.285s][debug][gc,humongous      ] GC(33000) Humongous region 2005 (object size 1048592 @ 0x00000000fd500000) remset 0 code roots 0 marked 0 reclaim candidate 0 type array 1
[367.285s][debug][gc,humongous      ] GC(33000) Humongous region 1220 (object size 1048592 @ 0x00000000cc400000) remset 0 code roots 0 marked 0 reclaim candidate 0 type array 1
[367.285s][debug][gc,humongous      ] GC(33000) Humongous region 2013 (object size 1048592 @ 0x00000000fdd00000) remset 0 code roots 0 marked 0 reclaim candidate 0 type array 1
[367.285s][debug][gc,humongous      ] GC(33000) Humongous region 1222 (object size 1048592 @ 0x00000000cc600000) remset 0 code roots 0 marked 0 reclaim candidate 0 type array 1
[367.285s][debug][gc,humongous      ] GC(33000) Humongous region 2015 (object size 1048592 @ 0x00000000fdf00000) remset 0 code roots 0 marked 0 reclaim candidate 0 type array 1
[367.285s][debug][gc,humongous      ] GC(33000) Humongous region 1224 (object size 1048592 @ 0x00000000cc800000) remset 0 code roots 0 marked 0 reclaim candidate 0 type array 1
[367.285s][debug][gc,humongous      ] GC(33000) Humongous region 1085 (object size 1048592 @ 0x00000000c3d00000) remset 0 code roots 0 marked 0 reclaim candidate 0 type array 1
[367.285s][debug][gc,humongous      ] GC(33000) Humongous region 1226 (object size 1048592 @ 0x00000000cca00000) remset 0 code roots 0 marked 0 reclaim candidate 0 type array 1
[367.284s][debug][gc,humongous      ] GC(33000) Humongous region 1343 (object size 1048592 @ 0x00000000d3f00000) remset 0 code roots 0 marked 0 reclaim candidate 0 type array 1
[367.285s][debug][gc,humongous      ] GC(33000) Humongous region 1228 (object size 1048592 @ 0x00000000ccc00000) remset 0 code roots 0 marked 0 reclaim candidate 0 type array 1
[367.285s][debug][gc,humongous      ] GC(33000) Humongous region 117 (object size 1048592 @ 0x0000000087500000) remset 0 code roots 0 marked 0 reclaim candidate 0 type array 1
[367.285s][debug][gc,humongous      ] GC(33000) Humongous region 1519 (object size 1048592 @ 0x00000000def00000) remset 0 code roots 0 marked 0 reclaim candidate 0 type array 1
[367.285s][debug][gc,humongous      ] GC(33000) Humongous region 2011 (object size 1048592 @ 0x00000000fdb00000) remset 0 code roots 0 marked 0 reclaim candidate 0 type array 1
[367.285s][debug][gc,humongous      ] GC(33000) Humongous region 1521 (object size 1048592 @ 0x00000000df100000) remset 0 code roots 0 marked 0 reclaim candidate 0 type array 1
[367.285s][debug][gc,humongous      ] GC(33000) Humongous region 1523 (object size 1048592 @ 0x00000000df300000) remset 0 code roots 0 marked 0 reclaim candidate 0 type array 1
[367.285s][debug][gc,humongous      ] GC(33000) Humongous region 1525 (object size 1048592 @ 0x00000000df500000) remset 0 code roots 0 marked 0 reclaim candidate 0 type array 1
[367.285s][debug][gc,humongous      ] GC(33000) Humongous region 2017 (object size 1048592 @ 0x00000000fe100000) remset 0 code roots 0 marked 0 reclaim candidate 0 type array 1
[367.284s][debug][gc,humongous      ] GC(33000) Humongous region 1079 (object size 1048592 @ 0x00000000c3700000) remset 0 code roots 0 marked 0 reclaim candidate 0 type array 1
[367.285s][debug][gc,humongous      ] GC(33000) Humongous region 2021 (object size 1048592 @ 0x00000000fe500000) remset 0 code roots 0 marked 0 reclaim candidate 0 type array 1
[367.285s][debug][gc,humongous      ] GC(33000) Humongous region 1089 (object size 1048592 @ 0x00000000c4100000) remset 0 code roots 0 marked 0 reclaim candidate 0 type array 1
[367.285s][debug][gc,humongous      ] GC(33000) Humongous region 2023 (object size 1048592 @ 0x00000000fe700000) remset 0 code roots 0 marked 0 reclaim candidate 0 type array 1
[367.285s][debug][gc,humongous      ] GC(33000) Humongous region 1091 (object size 1048592 @ 0x00000000c4300000) remset 0 code roots 0 marked 0 reclaim candidate 0 type array 1
[367.285s][debug][gc,humongous      ] GC(33000) Humongous region 1093 (object size 1048592 @ 0x00000000c4500000) remset 0 code roots 0 marked 0 reclaim candidate 0 type array 1
[367.285s][debug][gc,humongous      ] GC(33000) Humongous region 2025 (object size 1048592 @ 0x00000000fe900000) remset 0 code roots 0 marked 0 reclaim candidate 0 type array 1
[367.285s][debug][gc,humongous      ] GC(33000) Humongous region 1097 (object size 1048592 @ 0x00000000c4900000) remset 0 code roots 0 marked 0 reclaim candidate 0 type array 1
[367.285s][debug][gc,humongous      ] GC(33000) Humongous region 2027 (object size 1048592 @ 0x00000000feb00000) remset 0 code roots 0 marked 0 reclaim candidate 0 type array 1
[367.285s][debug][gc,humongous      ] GC(33000) Humongous region 1099 (object size 1048592 @ 0x00000000c4b00000) remset 0 code roots 0 marked 0 reclaim candidate 0 type array 1
[367.285s][debug][gc,humongous      ] GC(33000) Humongous region 1083 (object size 1048592 @ 0x00000000c3b00000) remset 0 code roots 0 marked 0 reclaim candidate 0 type array 1
[367.285s][debug][gc,humongous      ] GC(33000) Humongous region 1101 (object size 1048592 @ 0x00000000c4d00000) remset 0 code roots 0 marked 0 reclaim candidate 0 type array 1
[367.285s][debug][gc,humongous      ] GC(33000) Humongous region 1527 (object size 1048592 @ 0x00000000df700000) remset 0 code roots 0 marked 0 reclaim candidate 0 type array 1
[367.285s][debug][gc,humongous      ] GC(33000) Humongous region 1087 (object size 1048592 @ 0x00000000c3f00000) remset 0 code roots 0 marked 0 reclaim candidate 0 type array 1
[367.285s][debug][gc,humongous      ] GC(33000) Humongous region 1702 (object size 1048592 @ 0x00000000ea600000) remset 0 code roots 0 marked 0 reclaim candidate 0 type array 1
[367.285s][debug][gc,humongous      ] GC(33000) Humongous region 1236 (object size 1048592 @ 0x00000000cd400000) remset 0 code roots 0 marked 0 reclaim candidate 0 type array 1
[367.285s][debug][gc,humongous      ] GC(33000) Humongous region 1704 (object size 1048592 @ 0x00000000ea800000) remset 0 code roots 0 marked 0 reclaim candidate 0 type array 1
[367.284s][debug][gc,humongous      ] GC(33000) Humongous region 1069 (object size 1048592 @ 0x00000000c2d00000) remset 0 code roots 0 marked 0 reclaim candidate 0 type array 1
[367.285s][debug][gc,humongous      ] GC(33000) Humongous region 1238 (object size 1048592 @ 0x00000000cd600000) remset 0 code roots 0 marked 0 reclaim candidate 0 type array 1
[367.285s][debug][gc,humongous      ] GC(33000) Humongous region 1081 (object size 1048592 @ 0x00000000c3900000) remset 0 code roots 0 marked 0 reclaim candidate 0 type array 1
[367.285s][debug][gc,humongous      ] GC(33000) Humongous region 1242 (object size 1048592 @ 0x00000000cda00000) remset 0 code roots 0 marked 0 reclaim candidate 0 type array 1
[367.285s][debug][gc,humongous      ] GC(33000) Humongous region 2029 (object size 1048592 @ 0x00000000fed00000) remset 0 code roots 0 marked 0 reclaim candidate 0 type array 1
[367.285s][debug][gc,humongous      ] GC(33000) Humongous region 1244 (object size 1048592 @ 0x00000000cdc00000) remset 0 code roots 0 marked 0 reclaim candidate 0 type array 1
[367.285s][debug][gc,humongous      ] GC(33000) Humongous region 1246 (object size 1048592 @ 0x00000000cde00000) remset 0 code roots 0 marked 0 reclaim candidate 0 type array 1
[367.285s][debug][gc,humongous      ] GC(33000) Humongous region 1232 (object size 1048592 @ 0x00000000cd000000) remset 0 code roots 0 marked 0 reclaim candidate 0 type array 1
[367.285s][debug][gc,humongous      ] GC(33000) Humongous region 1529 (object size 1048592 @ 0x00000000df900000) remset 0 code roots 0 marked 0 reclaim candidate 0 type array 1
[367.285s][debug][gc,humongous      ] GC(33000) Humongous region 1252 (object size 1048592 @ 0x00000000ce400000) remset 0 code roots 0 marked 0 reclaim candidate 0 type array 1
[367.285s][debug][gc,humongous      ] GC(33000) Humongous region 119 (object size 1048592 @ 0x0000000087700000) remset 0 code roots 0 marked 0 reclaim candidate 0 type array 1
[367.285s][debug][gc,humongous      ] GC(33000) Humongous region 1531 (object size 1048592 @ 0x00000000dfb00000) remset 0 code roots 0 marked 0 reclaim candidate 0 type array 1
[367.285s][debug][gc,humongous      ] GC(33000) Humongous region 1706 (object size 1048592 @ 0x00000000eaa00000) remset 0 code roots 0 marked 0 reclaim candidate 0 type array 1
[367.285s][debug][gc,humongous      ] GC(33000) Humongous region 1533 (object size 1048592 @ 0x00000000dfd00000) remset 0 code roots 0 marked 0 reclaim candidate 0 type array 1
[367.285s][debug][gc,humongous      ] GC(33000) Humongous region 2019 (object size 1048592 @ 0x00000000fe300000) remset 0 code roots 0 marked 0 reclaim candidate 0 type array 1
[367.285s][debug][gc,humongous      ] GC(33000) Humongous region 1708 (object size 1048592 @ 0x00000000eac00000) remset 0 code roots 0 marked 0 reclaim candidate 0 type array 1
[367.285s][debug][gc,humongous      ] GC(33000) Humongous region 1535 (object size 1048592 @ 0x00000000dff00000) remset 0 code roots 0 marked 0 reclaim candidate 0 type array 1
[367.285s][debug][gc,humongous      ] GC(33000) Humongous region 2033 (object size 1048592 @ 0x00000000ff100000) remset 0 code roots 0 marked 0 reclaim candidate 0 type array 1
[367.285s][debug][gc,humongous      ] GC(33000) Humongous region 1710 (object size 1048592 @ 0x00000000eae00000) remset 0 code roots 0 marked 0 reclaim candidate 0 type array 1
[367.285s][debug][gc,humongous      ] GC(33000) Humongous region 1248 (object size 1048592 @ 0x00000000ce000000) remset 0 code roots 0 marked 0 reclaim candidate 0 type array 1
[367.285s][debug][gc,humongous      ] GC(33000) Humongous region 1712 (object size 1048592 @ 0x00000000eb000000) remset 0 code roots 0 marked 0 reclaim candidate 0 type array 1
[367.285s][debug][gc,humongous      ] GC(33000) Humongous region 1256 (object size 1048592 @ 0x00000000ce800000) remset 0 code roots 0 marked 0 reclaim candidate 0 type array 1
[367.285s][debug][gc,humongous      ] GC(33000) Humongous region 1714 (object size 1048592 @ 0x00000000eb200000) remset 0 code roots 0 marked 0 reclaim candidate 0 type array 1
[367.285s][debug][gc,humongous      ] GC(33000) Humongous region 1230 (object size 1048592 @ 0x00000000cce00000) remset 0 code roots 0 marked 0 reclaim candidate 0 type array 1
[367.285s][debug][gc,humongous      ] GC(33000) Humongous region 1716 (object size 1048592 @ 0x00000000eb400000) remset 0 code roots 0 marked 0 reclaim candidate 0 type array 1
[367.284s][debug][gc,humongous      ] GC(33000) Humongous region 244 (object size 1048592 @ 0x000000008f400000) remset 0 code roots 0 marked 0 reclaim candidate 0 type array 1
[367.285s][debug][gc,humongous      ] GC(33000) Humongous region 1718 (object size 1048592 @ 0x00000000eb600000) remset 0 code roots 0 marked 0 reclaim candidate 0 type array 1
[367.285s][debug][gc,humongous      ] GC(33000) Humongous region 246 (object size 1048592 @ 0x000000008f600000) remset 0 code roots 0 marked 0 reclaim candidate 0 type array 1
[367.285s][debug][gc,humongous      ] GC(33000) Humongous region 1720 (object size 1048592 @ 0x00000000eb800000) remset 0 code roots 0 marked 0 reclaim candidate 0 type array 1
[367.285s][debug][gc,humongous      ] GC(33000) Humongous region 248 (object size 1048592 @ 0x000000008f800000) remset 0 code roots 0 marked 0 reclaim candidate 0 type array 1
[367.285s][debug][gc,humongous      ] GC(33000) Humongous region 1722 (object size 1048592 @ 0x00000000eba00000) remset 0 code roots 0 marked 0 reclaim candidate 0 type array 1
[367.285s][debug][gc,humongous      ] GC(33000) Humongous region 250 (object size 1048592 @ 0x000000008fa00000) remset 0 code roots 0 marked 0 reclaim candidate 0 type array 1
[367.285s][debug][gc,humongous      ] GC(33000) Humongous region 1724 (object size 1048592 @ 0x00000000ebc00000) remset 0 code roots 0 marked 0 reclaim candidate 0 type array 1
[367.285s][debug][gc,humongous      ] GC(33000) Humongous region 252 (object size 1048592 @ 0x000000008fc00000) remset 0 code roots 0 marked 0 reclaim candidate 0 type array 1
[367.285s][debug][gc,humongous      ] GC(33000) Humongous region 1726 (object size 1048592 @ 0x00000000ebe00000) remset 0 code roots 0 marked 0 reclaim candidate 0 type array 1
[367.285s][debug][gc,humongous      ] GC(33000) Humongous region 254 (object size 1048592 @ 0x000000008fe00000) remset 0 code roots 0 marked 0 reclaim candidate 0 type array 1
[367.285s][debug][gc,humongous      ] GC(33000) Humongous region 1347 (object size 1048592 @ 0x00000000d4300000) remset 0 code roots 0 marked 0 reclaim candidate 0 type array 1
[367.285s][debug][gc,humongous      ] GC(33000) Humongous region 1728 (object size 1048592 @ 0x00000000ec000000) remset 0 code roots 0 marked 0 reclaim candidate 0 type array 1
[367.285s][debug][gc,humongous      ] GC(33000) Humongous region 256 (object size 1048592 @ 0x0000000090000000) remset 0 code roots 0 marked 0 reclaim candidate 0 type array 1
[367.285s][debug][gc,humongous      ] GC(33000) Humongous region 1234 (object size 1048592 @ 0x00000000cd200000) remset 0 code roots 0 marked 0 reclaim candidate 0 type array 1
[367.285s][debug][gc,humongous      ] GC(33000) Humongous region 1730 (object size 1048592 @ 0x00000000ec200000) remset 0 code roots 0 marked 0 reclaim candidate 0 type array 1
[367.285s][debug][gc,humongous      ] GC(33000) Humongous region 2036 (object size 1048592 @ 0x00000000ff400000) remset 0 code roots 0 marked 0 reclaim candidate 0 type array 1
[367.285s][debug][gc,humongous      ] GC(33000) Humongous region 1345 (object size 1048592 @ 0x00000000d4100000) remset 0 code roots 0 marked 0 reclaim candidate 0 type array 1
[367.285s][debug][gc,humongous      ] GC(33000) Humongous region 2040 (object size 1048592 @ 0x00000000ff800000) remset 0 code roots 0 marked 0 reclaim candidate 0 type array 1
[367.285s][debug][gc,humongous      ] GC(33000) Humongous region 1254 (object size 1048592 @ 0x00000000ce600000) remset 0 code roots 0 marked 0 reclaim candidate 0 type array 1
[367.285s][debug][gc,humongous      ] GC(33000) Humongous region 1258 (object size 1048592 @ 0x00000000cea00000) remset 0 code roots 0 marked 0 reclaim candidate 0 type array 1
[367.285s][debug][gc,humongous      ] GC(33000) Humongous region 1240 (object size 1048592 @ 0x00000000cd800000) remset 0 code roots 0 marked 0 reclaim candidate 0 type array 1
[367.285s][debug][gc,humongous      ] GC(33000) Humongous region 1357 (object size 1048592 @ 0x00000000d4d00000) remset 0 code roots 0 marked 0 reclaim candidate 0 type array 1
[367.285s][debug][gc,humongous      ] GC(33000) Humongous region 1349 (object size 1048592 @ 0x00000000d4500000) remset 0 code roots 0 marked 0 reclaim candidate 0 type array 1
[367.285s][debug][gc,humongous      ] GC(33000) Humongous region 1250 (object size 1048592 @ 0x00000000ce200000) remset 0 code roots 0 marked 0 reclaim candidate 0 type array 1
[367.285s][debug][gc,humongous      ] GC(33000) Humongous region 1363 (object size 1048592 @ 0x00000000d5300000) remset 0 code roots 0 marked 0 reclaim candidate 0 type array 1
[367.285s][debug][gc,humongous      ] GC(33000) Humongous region 1537 (object size 1048592 @ 0x00000000e0100000) remset 0 code roots 0 marked 0 reclaim candidate 0 type array 1
[367.286s][debug][gc,humongous      ] GC(33000) Humongous region 1369 (object size 1048592 @ 0x00000000d5900000) remset 0 code roots 0 marked 0 reclaim candidate 0 type array 1
[367.285s][debug][gc,humongous      ] GC(33000) Humongous region 2038 (object size 1048592 @ 0x00000000ff600000) remset 0 code roots 0 marked 0 reclaim candidate 0 type array 1
[367.285s][debug][gc,humongous      ] GC(33000) Humongous region 121 (object size 1048592 @ 0x0000000087900000) remset 0 code roots 0 marked 0 reclaim candidate 0 type array 1
[367.286s][debug][gc,humongous      ] GC(33000) Humongous region 2044 (object size 1048592 @ 0x00000000ffc00000) remset 0 code roots 0 marked 0 reclaim candidate 0 type array 1
[367.286s][debug][gc,humongous      ] GC(33000) Humongous region 123 (object size 1048592 @ 0x0000000087b00000) remset 0 code roots 0 marked 0 reclaim candidate 0 type array 1
[367.286s][debug][gc,humongous      ] GC(33000) Humongous region 125 (object size 1048592 @ 0x0000000087d00000) remset 0 code roots 0 marked 0 reclaim candidate 0 type array 1
[367.285s][debug][gc,humongous      ] GC(33000) Humongous region 1359 (object size 1048592 @ 0x00000000d4f00000) remset 0 code roots 0 marked 0 reclaim candidate 0 type array 1
[367.286s][debug][gc,humongous      ] GC(33000) Humongous region 129 (object size 1048592 @ 0x0000000088100000) remset 0 code roots 0 marked 0 reclaim candidate 0 type array 1
[367.286s][debug][gc,humongous      ] GC(33000) Humongous region 1373 (object size 1048592 @ 0x00000000d5d00000) remset 0 code roots 0 marked 0 reclaim candidate 0 type array 1
[367.286s][debug][gc,humongous      ] GC(33000) Humongous region 131 (object size 1048592 @ 0x0000000088300000) remset 0 code roots 0 marked 0 reclaim candidate 0 type array 1
[367.286s][debug][gc,humongous      ] GC(33000) Humongous region 1375 (object size 1048592 @ 0x00000000d5f00000) remset 0 code roots 0 marked 0 reclaim candidate 0 type array 1
[367.285s][debug][gc,humongous      ] GC(33000) Humongous region 1351 (object size 1048592 @ 0x00000000d4700000) remset 0 code roots 0 marked 0 reclaim candidate 0 type array 1
[367.286s][debug][gc,humongous      ] GC(33000) Humongous region 1539 (object size 1048592 @ 0x00000000e0300000) remset 0 code roots 0 marked 0 reclaim candidate 0 type array 1
[367.286s][debug][gc,humongous      ] GC(33000) Humongous region 1379 (object size 1048592 @ 0x00000000d6300000) remset 0 code roots 0 marked 0 reclaim candidate 0 type array 1
[367.285s][debug][gc,humongous      ] GC(33000) Humongous region 1353 (object size 1048592 @ 0x00000000d4900000) remset 0 code roots 0 marked 0 reclaim candidate 0 type array 1
[367.285s][debug][gc,humongous      ] GC(33000) Humongous region 2042 (object size 1048592 @ 0x00000000ffa00000) remset 0 code roots 0 marked 0 reclaim candidate 0 type array 1
[367.285s][debug][gc,humongous      ] GC(33000) Humongous region 1355 (object size 1048592 @ 0x00000000d4b00000) remset 0 code roots 0 marked 0 reclaim candidate 0 type array 1
[367.285s][debug][gc,humongous      ] GC(33000) Humongous region 2031 (object size 1048592 @ 0x00000000fef00000) remset 0 code roots 0 marked 0 reclaim candidate 0 type array 1
[367.286s][debug][gc,humongous      ] GC(33000) Humongous region 1385 (object size 1048592 @ 0x00000000d6900000) remset 0 code roots 0 marked 0 reclaim candidate 0 type array 1
[367.285s][debug][gc,humongous      ] GC(33000) Humongous region 1361 (object size 1048592 @ 0x00000000d5100000) remset 0 code roots 0 marked 0 reclaim candidate 0 type array 1
[367.286s][debug][gc,humongous      ] GC(33000) Humongous region 1387 (object size 1048592 @ 0x00000000d6b00000) remset 0 code roots 0 marked 0 reclaim candidate 0 type array 1
[367.286s][debug][gc,humongous      ] GC(33000) Humongous region 1389 (object size 1048592 @ 0x00000000d6d00000) remset 0 code roots 0 marked 0 reclaim candidate 0 type array 1
[367.286s][debug][gc,humongous      ] GC(33000) Humongous region 1391 (object size 1048592 @ 0x00000000d6f00000) remset 0 code roots 0 marked 0 reclaim candidate 0 type array 1
[367.286s][debug][gc,humongous      ] GC(33000) Humongous region 1393 (object size 1048592 @ 0x00000000d7100000) remset 0 code roots 0 marked 0 reclaim candidate 0 type array 1
[367.286s][debug][gc,humongous      ] GC(33000) Humongous region 1371 (object size 1048592 @ 0x00000000d5b00000) remset 0 code roots 0 marked 0 reclaim candidate 0 type array 1
[367.286s][debug][gc,humongous      ] GC(33000) Humongous region 1541 (object size 1048592 @ 0x00000000e0500000) remset 0 code roots 0 marked 0 reclaim candidate 0 type array 1
[367.286s][debug][gc,humongous      ] GC(33000) Humongous region 1381 (object size 1048592 @ 0x00000000d6500000) remset 0 code roots 0 marked 0 reclaim candidate 0 type array 1
[367.286s][debug][gc,humongous      ] GC(33000) Humongous region 1383 (object size 1048592 @ 0x00000000d6700000) remset 0 code roots 0 marked 0 reclaim candidate 0 type array 1
[367.286s][debug][gc,humongous      ] GC(33000) Humongous region 135 (object size 1048592 @ 0x0000000088700000) remset 0 code roots 0 marked 0 reclaim candidate 0 type array 1
[367.286s][debug][gc,humongous      ] GC(33000) Humongous region 127 (object size 1048592 @ 0x0000000087f00000) remset 0 code roots 0 marked 0 reclaim candidate 1 type array 1
[367.286s][debug][gc,humongous      ] GC(33000) Humongous region 1403 (object size 1048592 @ 0x00000000d7b00000) remset 0 code roots 0 marked 0 reclaim candidate 0 type array 1
[367.286s][debug][gc,humongous      ] GC(33000) Humongous region 139 (object size 1048592 @ 0x0000000088b00000) remset 0 code roots 0 marked 0 reclaim candidate 0 type array 1
[367.285s][debug][gc,humongous      ] GC(33000) Humongous region 258 (object size 1048592 @ 0x0000000090200000) remset 0 code roots 0 marked 0 reclaim candidate 0 type array 1
[367.286s][debug][gc,humongous      ] GC(33000) Humongous region 133 (object size 1048592 @ 0x0000000088500000) remset 0 code roots 0 marked 0 reclaim candidate 0 type array 1
[367.286s][debug][gc,humongous      ] GC(33000) Humongous region 1377 (object size 1048592 @ 0x00000000d6100000) remset 0 code roots 0 marked 0 reclaim candidate 0 type array 1
[367.286s][debug][gc,humongous      ] GC(33000) Humongous region 1395 (object size 1048592 @ 0x00000000d7300000) remset 0 code roots 0 marked 0 reclaim candidate 0 type array 1
[367.286s][debug][gc,humongous      ] GC(33000) Humongous region 1397 (object size 1048592 @ 0x00000000d7500000) remset 0 code roots 0 marked 0 reclaim candidate 0 type array 1
[367.286s][debug][gc,humongous      ] GC(33000) Humongous region 1399 (object size 1048592 @ 0x00000000d7700000) remset 0 code roots 0 marked 0 reclaim candidate 0 type array 1
[367.286s][debug][gc,humongous      ] GC(33000) Humongous region 1543 (object size 1048592 @ 0x00000000e0700000) remset 0 code roots 0 marked 0 reclaim candidate 0 type array 1
[367.286s][debug][gc,humongous      ] GC(33000) Humongous region 1401 (object size 1048592 @ 0x00000000d7900000) remset 0 code roots 0 marked 0 reclaim candidate 0 type array 1
[367.286s][debug][gc,humongous      ] GC(33000) Humongous region 1545 (object size 1048592 @ 0x00000000e0900000) remset 0 code roots 0 marked 0 reclaim candidate 0 type array 1
[367.286s][debug][gc,humongous      ] GC(33000) Humongous region 141 (object size 1048592 @ 0x0000000088d00000) remset 0 code roots 0 marked 0 reclaim candidate 0 type array 1
[367.286s][debug][gc,humongous      ] GC(33000) Humongous region 1365 (object size 1048592 @ 0x00000000d5500000) remset 0 code roots 0 marked 0 reclaim candidate 0 type array 1
[367.286s][debug][gc,humongous      ] GC(33000) Humongous region 1405 (object size 1048592 @ 0x00000000d7d00000) remset 0 code roots 0 marked 0 reclaim candidate 0 type array 1
[367.286s][debug][gc,humongous      ] GC(33000) Humongous region 143 (object size 1048592 @ 0x0000000088f00000) remset 0 code roots 0 marked 0 reclaim candidate 0 type array 1
[367.286s][debug][gc,humongous      ] GC(33000) Humongous region 1551 (object size 1048592 @ 0x00000000e0f00000) remset 0 code roots 0 marked 0 reclaim candidate 0 type array 1
[367.286s][debug][gc,humongous      ] GC(33000) Humongous region 145 (object size 1048592 @ 0x0000000089100000) remset 0 code roots 0 marked 0 reclaim candidate 0 type array 1
[367.286s][debug][gc,humongous      ] GC(33000) Humongous region 1553 (object size 1048592 @ 0x00000000e1100000) remset 0 code roots 0 marked 0 reclaim candidate 0 type array 1
[367.286s][debug][gc,humongous      ] GC(33000) Humongous region 1409 (object size 1048592 @ 0x00000000d8100000) remset 0 code roots 0 marked 0 reclaim candidate 0 type array 1
[367.286s][debug][gc,humongous      ] GC(33000) Humongous region 1411 (object size 1048592 @ 0x00000000d8300000) remset 0 code roots 0 marked 0 reclaim candidate 0 type array 1
[367.286s][debug][gc,humongous      ] GC(33000) Humongous region 1413 (object size 1048592 @ 0x00000000d8500000) remset 0 code roots 0 marked 0 reclaim candidate 0 type array 1
[367.286s][debug][gc,humongous      ] GC(33000) Humongous region 137 (object size 1048592 @ 0x0000000088900000) remset 0 code roots 0 marked 0 reclaim candidate 0 type array 1
[367.286s][debug][gc,humongous      ] GC(33000) Humongous region 1561 (object size 1048592 @ 0x00000000e1900000) remset 0 code roots 0 marked 0 reclaim candidate 0 type array 1
[367.286s][debug][gc,humongous      ] GC(33000) Humongous region 153 (object size 1048592 @ 0x0000000089900000) remset 0 code roots 0 marked 0 reclaim candidate 0 type array 1
[367.286s][debug][gc,humongous      ] GC(33000) Humongous region 1563 (object size 1048592 @ 0x00000000e1b00000) remset 0 code roots 0 marked 0 reclaim candidate 0 type array 1
[367.286s][debug][gc,humongous      ] GC(33000) Humongous region 155 (object size 1048592 @ 0x0000000089b00000) remset 0 code roots 0 marked 0 reclaim candidate 0 type array 1
[367.286s][debug][gc,humongous      ] GC(33000) Humongous region 260 (object size 1048592 @ 0x0000000090400000) remset 0 code roots 0 marked 0 reclaim candidate 0 type array 1
[367.286s][debug][gc,humongous      ] GC(33000) Humongous region 262 (object size 1048592 @ 0x0000000090600000) remset 0 code roots 0 marked 0 reclaim candidate 0 type array 1
[367.286s][debug][gc,humongous      ] GC(33000) Humongous region 264 (object size 1048592 @ 0x0000000090800000) remset 0 code roots 0 marked 0 reclaim candidate 0 type array 1
[367.286s][debug][gc,humongous      ] GC(33000) Humongous region 266 (object size 1048592 @ 0x0000000090a00000) remset 0 code roots 0 marked 0 reclaim candidate 0 type array 1
[367.286s][debug][gc,humongous      ] GC(33000) Humongous region 268 (object size 1048592 @ 0x0000000090c00000) remset 0 code roots 0 marked 0 reclaim candidate 0 type array 1
[367.286s][debug][gc,humongous      ] GC(33000) Humongous region 1557 (object size 1048592 @ 0x00000000e1500000) remset 0 code roots 0 marked 0 reclaim candidate 0 type array 1
[367.286s][debug][gc,humongous      ] GC(33000) Humongous region 270 (object size 1048592 @ 0x0000000090e00000) remset 0 code roots 0 marked 0 reclaim candidate 0 type array 1
[367.286s][debug][gc,humongous      ] GC(33000) Humongous region 1559 (object size 1048592 @ 0x00000000e1700000) remset 0 code roots 0 marked 0 reclaim candidate 0 type array 1
[367.286s][debug][gc,humongous      ] GC(33000) Humongous region 1547 (object size 1048592 @ 0x00000000e0b00000) remset 0 code roots 0 marked 0 reclaim candidate 0 type array 1
[367.286s][debug][gc,humongous      ] GC(33000) Humongous region 1569 (object size 1048592 @ 0x00000000e2100000) remset 0 code roots 0 marked 0 reclaim candidate 0 type array 1
[367.286s][debug][gc,humongous      ] GC(33000) Humongous region 1549 (object size 1048592 @ 0x00000000e0d00000) remset 0 code roots 0 marked 0 reclaim candidate 0 type array 1
[367.286s][debug][gc,humongous      ] GC(33000) Humongous region 1565 (object size 1048592 @ 0x00000000e1d00000) remset 0 code roots 0 marked 0 reclaim candidate 0 type array 1
[367.286s][debug][gc,humongous      ] GC(33000) Humongous region 149 (object size 1048592 @ 0x0000000089500000) remset 0 code roots 0 marked 0 reclaim candidate 0 type array 1
[367.286s][debug][gc,humongous      ] GC(33000) Humongous region 1407 (object size 1048592 @ 0x00000000d7f00000) remset 0 code roots 0 marked 0 reclaim candidate 0 type array 1
[367.286s][debug][gc,humongous      ] GC(33000) Humongous region 151 (object size 1048592 @ 0x0000000089700000) remset 0 code roots 0 marked 0 reclaim candidate 0 type array 1
[367.286s][debug][gc,humongous      ] GC(33000) Humongous region 1555 (object size 1048592 @ 0x00000000e1300000) remset 0 code roots 0 marked 0 reclaim candidate 0 type array 1
[367.286s][debug][gc,humongous      ] GC(33000) Humongous region 272 (object size 1048592 @ 0x0000000091000000) remset 0 code roots 0 marked 0 reclaim candidate 1 type array 1
[367.286s][debug][gc,humongous      ] GC(33000) Humongous region 1415 (object size 1048592 @ 0x00000000d8700000) remset 0 code roots 0 marked 0 reclaim candidate 0 type array 1
[367.286s][debug][gc,humongous      ] GC(33000) Humongous region 274 (object size 1048592 @ 0x0000000091200000) remset 0 code roots 0 marked 0 reclaim candidate 0 type array 1
[367.286s][debug][gc,humongous      ] GC(33000) Humongous region 1567 (object size 1048592 @ 0x00000000e1f00000) remset 0 code roots 0 marked 0 reclaim candidate 0 type array 1
[367.286s][debug][gc,humongous      ] GC(33000) Humongous region 290 (object size 1048592 @ 0x0000000092200000) remset 0 code roots 0 marked 0 reclaim candidate 0 type array 1
[367.286s][debug][gc,humongous      ] GC(33000) Humongous region 147 (object size 1048592 @ 0x0000000089300000) remset 0 code roots 0 marked 0 reclaim candidate 0 type array 1
[367.286s][debug][gc,humongous      ] GC(33000) Humongous region 297 (object size 1048592 @ 0x0000000092900000) remset 0 code roots 0 marked 0 reclaim candidate 0 type array 1
[367.286s][debug][gc,humongous      ] GC(33000) Humongous region 276 (object size 1048592 @ 0x0000000091400000) remset 0 code roots 0 marked 0 reclaim candidate 0 type array 1
[367.286s][debug][gc,humongous      ] GC(33000) Humongous region 1573 (object size 1048592 @ 0x00000000e2500000) remset 0 code roots 0 marked 0 reclaim candidate 0 type array 1
[367.286s][debug][gc,humongous      ] GC(33000) Humongous region 301 (object size 1048592 @ 0x0000000092d00000) remset 0 code roots 0 marked 0 reclaim candidate 0 type array 1
[367.286s][debug][gc,humongous      ] GC(33000) Humongous region 307 (object size 1048592 @ 0x0000000093300000) remset 0 code roots 0 marked 0 reclaim candidate 0 type array 1
[367.286s][debug][gc,humongous      ] GC(33000) Humongous region 286 (object size 1048592 @ 0x0000000091e00000) remset 0 code roots 0 marked 0 reclaim candidate 0 type array 1
[367.286s][debug][gc,humongous      ] GC(33000) Humongous region 309 (object size 1048592 @ 0x0000000093500000) remset 0 code roots 0 marked 0 reclaim candidate 0 type array 1
[367.286s][debug][gc,humongous      ] GC(33000) Humongous region 311 (object size 1048592 @ 0x0000000093700000) remset 0 code roots 0 marked 0 reclaim candidate 0 type array 1
[367.286s][debug][gc,humongous      ] GC(33000) Humongous region 313 (object size 1048592 @ 0x0000000093900000) remset 0 code roots 0 marked 0 reclaim candidate 0 type array 1
[367.286s][debug][gc,humongous      ] GC(33000) Humongous region 294 (object size 1048592 @ 0x0000000092600000) remset 0 code roots 0 marked 0 reclaim candidate 0 type array 1
[367.286s][debug][gc,humongous      ] GC(33000) Humongous region 278 (object size 1048592 @ 0x0000000091600000) remset 0 code roots 0 marked 0 reclaim candidate 0 type array 1
[367.286s][debug][gc,humongous      ] GC(33000) Humongous region 280 (object size 1048592 @ 0x0000000091800000) remset 0 code roots 0 marked 0 reclaim candidate 0 type array 1
[367.286s][debug][gc,humongous      ] GC(33000) Humongous region 303 (object size 1048592 @ 0x0000000092f00000) remset 0 code roots 0 marked 0 reclaim candidate 0 type array 1
[367.286s][debug][gc,humongous      ] GC(33000) Humongous region 305 (object size 1048592 @ 0x0000000093100000) remset 0 code roots 0 marked 0 reclaim candidate 0 type array 1
[367.286s][debug][gc,humongous      ] GC(33000) Humongous region 282 (object size 1048592 @ 0x0000000091a00000) remset 0 code roots 0 marked 0 reclaim candidate 0 type array 1
[367.286s][debug][gc,humongous      ] GC(33000) Humongous region 284 (object size 1048592 @ 0x0000000091c00000) remset 0 code roots 0 marked 0 reclaim candidate 0 type array 1
[367.286s][debug][gc,humongous      ] GC(33000) Humongous region 288 (object size 1048592 @ 0x0000000092000000) remset 0 code roots 0 marked 0 reclaim candidate 0 type array 1
[367.286s][debug][gc,humongous      ] GC(33000) Humongous region 1571 (object size 1048592 @ 0x00000000e2300000) remset 0 code roots 0 marked 0 reclaim candidate 0 type array 1
[367.286s][debug][gc,humongous      ] GC(33000) Humongous region 292 (object size 1048592 @ 0x0000000092400000) remset 0 code roots 0 marked 0 reclaim candidate 0 type array 1
[367.286s][debug][gc,humongous      ] GC(33000) Humongous region 299 (object size 1048592 @ 0x0000000092b00000) remset 0 code roots 0 marked 0 reclaim candidate 0 type array 1
[367.287s][debug][gc,ergo           ] GC(33000) Running G1 Merge Heap Roots using 13 workers for 0 regions
[367.287s][debug][gc,remset         ] GC(33000) Visited cards 64 Total dirty 2048 (3.12%) Total old 4057088 (0.00%)
[367.288s][debug][gc,ref            ] GC(33000) Skipped phase 1 of Reference Processing: no references
[367.288s][debug][gc,ref            ] GC(33000) Skipped phase 2 of Reference Processing: no references
[367.288s][debug][gc,ref            ] GC(33000) Skipped phase 3 of Reference Processing: no references
[367.288s][debug][gc,ref            ] GC(33000) Skipped phase 4 of Reference Processing: no references
[367.288s][debug][gc,ergo           ] GC(33000) Running G1 Rebuild Free List Task using 13 workers for rebuilding free list of regions
[367.288s][debug][gc,plab           ] GC(33000) Young PLAB allocation: allocated: 0B, wasted: 0B, unused: 0B, used: 0B, undo waste: 0B, 
[367.288s][debug][gc,plab           ] GC(33000) Young other allocation: region end waste: 0B, regions filled: 0, direct allocated: 0B, failure used: 0B, failure wasted: 0B
[367.288s][debug][gc,plab           ] GC(33000) Young sizing: calculated: 0B, actual: 2064B
[367.288s][debug][gc,plab           ] GC(33000) Old PLAB allocation: allocated: 0B, wasted: 0B, unused: 0B, used: 0B, undo waste: 0B, 
[367.288s][debug][gc,plab           ] GC(33000) Old other allocation: region end waste: 0B, regions filled: 0, direct allocated: 0B, failure used: 0B, failure wasted: 0B
[367.288s][debug][gc,plab           ] GC(33000) Old sizing: calculated: 0B, actual: 2064B
[367.288s][debug][gc,ergo,heap      ] GC(33000) Heap expansion: short term pause time ratio 91.16% long term pause time ratio 84.58% threshold 7.69% pause time ratio 7.69% fully expanded true resize by 0B
[367.288s][debug][gc,ergo,ihop      ] GC(33000) Request concurrent cycle initiation (occupancy higher than threshold) occupancy: 2077229056B allocation request: 0B threshold: 1666375807B (77.60) source: Revise IHOP
[367.288s][debug][gc,mmu            ] GC(33000) MMU: 141.1ms (200.0ms/201.0ms)
[367.288s][debug][gc,alloc,stats    ] Old generation allocation in the last mutator period, old gen allocated: 0B, humongous allocated: 18874368B,old gen growth: 18874368B.
[367.288s][debug][gc,ihop           ] GC(33000) Basic information (value update), threshold: 1657854186B (77.20), target occupancy: 2147483648B, current occupancy: 2075186896B, recent allocation size: 18874368B, recent allocation duration: 1.73ms, recent old gen allocation rate: 10922660345.98B/s, recent marking phase length: 13.50ms
[367.288s][debug][gc,ihop           ] GC(33000) Adaptive IHOP information (value update), threshold: 1657854186B (90.82), internal target occupancy: 1825361100B, occupancy: 2075186896B, additional buffer size: 106954752B, predicted old gen allocation rate: 4517921566.44B/s, predicted marking phase length: 13.40ms, prediction active: true
[367.288s][debug][gc,ergo,refine    ] GC(33000) Concurrent refinement times: Logged Cards Scan time goal: 20.00ms Logged Cards Scan time: 0.00ms HCC time: 0.00ms
[367.288s][debug][gc,ergo,refine    ] GC(33000) Updated Refinement Zones: green: 3328, yellow: 9984, red: 16640
[367.288s][info ][gc,phases         ] GC(33000)   Pre Evacuate Collection Set: 12.5ms
[367.288s][debug][gc,phases         ] GC(33000)     Prepare TLABs: 0.0ms
[367.288s][debug][gc,phases         ] GC(33000)     Concatenate Dirty Card Logs: 0.0ms
[367.288s][debug][gc,phases         ] GC(33000)     Choose Collection Set: 0.0ms
[367.288s][debug][gc,phases         ] GC(33000)     Region Register: 12.5ms
[367.288s][debug][gc,phases         ] GC(33000)     Prepare Heap Roots: 0.0ms
[367.288s][debug][gc,phases         ] GC(33000)     Clear Claimed Marks: 0.0ms
[367.288s][info ][gc,phases         ] GC(33000)   Merge Heap Roots: 0.3ms
[367.288s][debug][gc,phases         ] GC(33000)     Prepare Merge Heap Roots: 0.0ms
[367.288s][debug][gc,phases         ] GC(33000)     Eager Reclaim (ms):            Min:  0.0, Avg:  0.0, Max:  0.0, Diff:  0.0, Sum:  0.0, Workers: 1
[367.288s][debug][gc,phases         ] GC(33000)     Remembered Sets (ms):          Min:  0.0, Avg:  0.0, Max:  0.0, Diff:  0.0, Sum:  0.0, Workers: 13
[367.288s][debug][gc,phases         ] GC(33000)       Merged Sparse:                 Min: 0, Avg:  0.0, Max: 0, Diff: 0, Sum: 0, Workers: 13
[367.288s][debug][gc,phases         ] GC(33000)       Merged Fine:                   Min: 0, Avg:  0.0, Max: 0, Diff: 0, Sum: 0, Workers: 13
[367.288s][debug][gc,phases         ] GC(33000)       Merged Coarse:                 Min: 0, Avg:  0.0, Max: 0, Diff: 0, Sum: 0, Workers: 13
[367.288s][debug][gc,phases         ] GC(33000)       Dirty Cards:                   Min: 0, Avg:  0.0, Max: 0, Diff: 0, Sum: 0, Workers: 13
[367.288s][debug][gc,phases         ] GC(33000)     Hot Card Cache (ms):           Min:  0.0, Avg:  0.0, Max:  0.0, Diff:  0.0, Sum:  0.0, Workers: 13
[367.288s][debug][gc,phases         ] GC(33000)       Dirty Cards:                   Min: 0, Avg:  0.0, Max: 0, Diff: 0, Sum: 0, Workers: 13
[367.288s][debug][gc,phases         ] GC(33000)       Skipped Cards:                 Min: 0, Avg:  0.0, Max: 0, Diff: 0, Sum: 0, Workers: 13
[367.288s][debug][gc,phases         ] GC(33000)     Log Buffers (ms):              Min:  0.0, Avg:  0.0, Max:  0.0, Diff:  0.0, Sum:  0.0, Workers: 13
[367.288s][debug][gc,phases         ] GC(33000)       Dirty Cards:                   Min: 0, Avg:  0.0, Max: 0, Diff: 0, Sum: 0, Workers: 13
[367.288s][debug][gc,phases         ] GC(33000)       Skipped Cards:                 Min: 0, Avg:  0.0, Max: 0, Diff: 0, Sum: 0, Workers: 13
[367.288s][info ][gc,phases         ] GC(33000)   Evacuate Collection Set: 0.4ms
[367.288s][debug][gc,phases         ] GC(33000)     Ext Root Scanning (ms):        Min:  0.0, Avg:  0.0, Max:  0.1, Diff:  0.1, Sum:  0.1, Workers: 13
[367.288s][debug][gc,phases         ] GC(33000)     Scan Heap Roots (ms):          Min:  0.0, Avg:  0.0, Max:  0.0, Diff:  0.0, Sum:  0.0, Workers: 13
[367.288s][debug][gc,phases         ] GC(33000)       Scanned Cards:                 Min: 0, Avg:  0.6, Max: 5, Diff: 5, Sum: 8, Workers: 13
[367.288s][debug][gc,phases         ] GC(33000)       Scanned Blocks:                Min: 0, Avg:  0.2, Max: 1, Diff: 1, Sum: 2, Workers: 13
[367.288s][debug][gc,phases         ] GC(33000)       Claimed Chunks:                Min: 0, Avg:  0.2, Max: 1, Diff: 1, Sum: 2, Workers: 13
[367.288s][debug][gc,phases         ] GC(33000)     Code Root Scan (ms):           Min:  0.0, Avg:  0.0, Max:  0.0, Diff:  0.0, Sum:  0.0, Workers: 13
[367.288s][debug][gc,phases         ] GC(33000)     Object Copy (ms):              Min:  0.0, Avg:  0.0, Max:  0.0, Diff:  0.0, Sum:  0.0, Workers: 13
[367.288s][debug][gc,phases         ] GC(33000)     Termination (ms):              Min:  0.1, Avg:  0.2, Max:  0.3, Diff:  0.2, Sum:  3.0, Workers: 13
[367.288s][debug][gc,phases         ] GC(33000)       Termination Attempts:          Min: 1, Avg:  1.0, Max: 1, Diff: 0, Sum: 13, Workers: 13
[367.288s][debug][gc,phases         ] GC(33000)     GC Worker Other (ms):          Min:  0.0, Avg:  0.0, Max:  0.0, Diff:  0.0, Sum:  0.1, Workers: 13
[367.288s][debug][gc,phases         ] GC(33000)     GC Worker Total (ms):          Min:  0.1, Avg:  0.2, Max:  0.3, Diff:  0.2, Sum:  3.2, Workers: 13
[367.288s][info ][gc,phases         ] GC(33000)   Post Evacuate Collection Set: 0.5ms
[367.288s][debug][gc,phases         ] GC(33000)     Code Roots Fixup: 0.0ms
[367.288s][debug][gc,phases         ] GC(33000)     Reference Processing: 0.0ms
[367.288s][debug][gc,phases,ref     ] GC(33000)       Reconsider SoftReferences: 0.0ms
[367.288s][debug][gc,phases,ref     ] GC(33000)         SoftRef (ms):                  skipped
[367.288s][debug][gc,phases,ref     ] GC(33000)       Notify Soft/WeakReferences: 0.0ms
[367.288s][debug][gc,phases,ref     ] GC(33000)         SoftRef (ms):                  skipped
[367.288s][debug][gc,phases,ref     ] GC(33000)         WeakRef (ms):                  skipped
[367.288s][debug][gc,phases,ref     ] GC(33000)         FinalRef (ms):                 skipped
[367.288s][debug][gc,phases,ref     ] GC(33000)         Total (ms):                    skipped
[367.288s][debug][gc,phases,ref     ] GC(33000)       Notify and keep alive finalizable: 0.0ms
[367.288s][debug][gc,phases,ref     ] GC(33000)         FinalRef (ms):                 skipped
[367.288s][debug][gc,phases,ref     ] GC(33000)       Notify PhantomReferences: 0.0ms
[367.288s][debug][gc,phases,ref     ] GC(33000)         PhantomRef (ms):               skipped
[367.289s][debug][gc,phases,ref     ] GC(33000)       SoftReference:
[367.289s][debug][gc,phases,ref     ] GC(33000)         Discovered: 0
[367.289s][debug][gc,phases,ref     ] GC(33000)         Cleared: 0
[367.289s][debug][gc,phases,ref     ] GC(33000)       WeakReference:
[367.289s][debug][gc,phases,ref     ] GC(33000)         Discovered: 0
[367.289s][debug][gc,phases,ref     ] GC(33000)         Cleared: 0
[367.289s][debug][gc,phases,ref     ] GC(33000)       FinalReference:
[367.289s][debug][gc,phases,ref     ] GC(33000)         Discovered: 0
[367.289s][debug][gc,phases,ref     ] GC(33000)         Cleared: 0
[367.289s][debug][gc,phases,ref     ] GC(33000)       PhantomReference:
[367.289s][debug][gc,phases,ref     ] GC(33000)         Discovered: 0
[367.289s][debug][gc,phases,ref     ] GC(33000)         Cleared: 0
[367.289s][debug][gc,phases         ] GC(33000)     Weak Processing: 0.1ms
[367.289s][debug][gc,phases         ] GC(33000)       VM Weak                        Min:  0.0, Avg:  0.0, Max:  0.0, Diff:  0.0, Sum:  0.0, Workers: 1
[367.289s][debug][gc,phases         ] GC(33000)         Dead                           Min: 0, Avg:  0.0, Max: 0, Diff: 0, Sum: 0, Workers: 1
[367.289s][debug][gc,phases         ] GC(33000)         Total                          Min: 4, Avg:  4.0, Max: 4, Diff: 0, Sum: 4, Workers: 1
[367.289s][debug][gc,phases         ] GC(33000)       ObjectSynchronizer Weak        Min:  0.0, Avg:  0.0, Max:  0.0, Diff:  0.0, Sum:  0.0, Workers: 1
[367.289s][debug][gc,phases         ] GC(33000)         Dead                           Min: 0, Avg:  0.0, Max: 0, Diff: 0, Sum: 0, Workers: 1
[367.289s][debug][gc,phases         ] GC(33000)         Total                          Min: 3, Avg:  3.0, Max: 3, Diff: 0, Sum: 3, Workers: 1
[367.289s][debug][gc,phases         ] GC(33000)       JVMTI Tag Weak OopStorage      Min:  0.0, Avg:  0.0, Max:  0.0, Diff:  0.0, Sum:  0.0, Workers: 1
[367.289s][debug][gc,phases         ] GC(33000)         Dead                           Min: 0, Avg:  0.0, Max: 0, Diff: 0, Sum: 0, Workers: 1
[367.289s][debug][gc,phases         ] GC(33000)         Total                          Min: 0, Avg:  0.0, Max: 0, Diff: 0, Sum: 0, Workers: 1
[367.289s][debug][gc,phases         ] GC(33000)       StringTable Weak               Min:  0.0, Avg:  0.0, Max:  0.0, Diff:  0.0, Sum:  0.0, Workers: 1
[367.289s][debug][gc,phases         ] GC(33000)         Dead                           Min: 0, Avg:  0.0, Max: 0, Diff: 0, Sum: 0, Workers: 1
[367.289s][debug][gc,phases         ] GC(33000)         Total                          Min: 45, Avg: 45.0, Max: 45, Diff: 0, Sum: 45, Workers: 1
[367.289s][debug][gc,phases         ] GC(33000)       ResolvedMethodTable Weak       Min:  0.0, Avg:  0.0, Max:  0.0, Diff:  0.0, Sum:  0.0, Workers: 1
[367.289s][debug][gc,phases         ] GC(33000)         Dead                           Min: 0, Avg:  0.0, Max: 0, Diff: 0, Sum: 0, Workers: 1
[367.289s][debug][gc,phases         ] GC(33000)         Total                          Min: 22, Avg: 22.0, Max: 22, Diff: 0, Sum: 22, Workers: 1
[367.289s][debug][gc,phases         ] GC(33000)       JNI Weak                       Min:  0.0, Avg:  0.0, Max:  0.0, Diff:  0.0, Sum:  0.0, Workers: 1
[367.289s][debug][gc,phases         ] GC(33000)         Dead                           Min: 0, Avg:  0.0, Max: 0, Diff: 0, Sum: 0, Workers: 1
[367.289s][debug][gc,phases         ] GC(33000)         Total                          Min: 0, Avg:  0.0, Max: 0, Diff: 0, Sum: 0, Workers: 1
[367.289s][debug][gc,phases         ] GC(33000)       StringDedup Table Weak         Min:  0.0, Avg:  0.0, Max:  0.0, Diff:  0.0, Sum:  0.0, Workers: 1
[367.289s][debug][gc,phases         ] GC(33000)         Dead                           Min: 0, Avg:  0.0, Max: 0, Diff: 0, Sum: 0, Workers: 1
[367.289s][debug][gc,phases         ] GC(33000)         Total                          Min: 0, Avg:  0.0, Max: 0, Diff: 0, Sum: 0, Workers: 1
[367.289s][debug][gc,phases         ] GC(33000)       StringDedup Requests0 Weak     Min:  0.0, Avg:  0.0, Max:  0.0, Diff:  0.0, Sum:  0.0, Workers: 1
[367.289s][debug][gc,phases         ] GC(33000)         Dead                           Min: 0, Avg:  0.0, Max: 0, Diff: 0, Sum: 0, Workers: 1
[367.289s][debug][gc,phases         ] GC(33000)         Total                          Min: 0, Avg:  0.0, Max: 0, Diff: 0, Sum: 0, Workers: 1
[367.289s][debug][gc,phases         ] GC(33000)       StringDedup Requests1 Weak     Min:  0.0, Avg:  0.0, Max:  0.0, Diff:  0.0, Sum:  0.0, Workers: 1
[367.289s][debug][gc,phases         ] GC(33000)         Dead                           Min: 0, Avg:  0.0, Max: 0, Diff: 0, Sum: 0, Workers: 1
[367.289s][debug][gc,phases         ] GC(33000)         Total                          Min: 0, Avg:  0.0, Max: 0, Diff: 0, Sum: 0, Workers: 1
[367.289s][debug][gc,phases         ] GC(33000)       Weak JFR Old Object Samples    Min:  0.0, Avg:  0.0, Max:  0.0, Diff:  0.0, Sum:  0.0, Workers: 1
[367.289s][debug][gc,phases         ] GC(33000)         Dead                           Min: 0, Avg:  0.0, Max: 0, Diff: 0, Sum: 0, Workers: 1
[367.289s][debug][gc,phases         ] GC(33000)         Total                          Min: 0, Avg:  0.0, Max: 0, Diff: 0, Sum: 0, Workers: 1
[367.289s][debug][gc,phases         ] GC(33000)     Post Evacuate Cleanup 1: 0.1ms
[367.289s][debug][gc,phases         ] GC(33000)       Merge Per-Thread State (ms):   Min:  0.0, Avg:  0.0, Max:  0.0, Diff:  0.0, Sum:  0.0, Workers: 1
[367.289s][debug][gc,phases         ] GC(33000)         Copied Bytes                   Min: 0, Avg:  0.0, Max: 0, Diff: 0, Sum: 0, Workers: 13
[367.289s][debug][gc,phases         ] GC(33000)         LAB Waste                      Min: 0, Avg:  0.0, Max: 0, Diff: 0, Sum: 0, Workers: 13
[367.289s][debug][gc,phases         ] GC(33000)         LAB Undo Waste                 Min: 0, Avg:  0.0, Max: 0, Diff: 0, Sum: 0, Workers: 13
[367.289s][debug][gc,phases         ] GC(33000)       Clear Logged Cards (ms):       Min:  0.0, Avg:  0.0, Max:  0.0, Diff:  0.0, Sum:  0.0, Workers: 2
[367.289s][debug][gc,phases         ] GC(33000)       Recalculate Used Memory (ms):  Min:  0.0, Avg:  0.0, Max:  0.0, Diff:  0.0, Sum:  0.0, Workers: 1
[367.289s][debug][gc,phases         ] GC(33000)     Post Evacuate Cleanup 2: 0.2ms
[367.289s][debug][gc,phases         ] GC(33000)       Reset Hot Card Cache (ms):     Min:  0.0, Avg:  0.0, Max:  0.0, Diff:  0.0, Sum:  0.0, Workers: 1
[367.289s][debug][gc,phases         ] GC(33000)       Purge Code Roots (ms):         Min:  0.0, Avg:  0.0, Max:  0.0, Diff:  0.0, Sum:  0.0, Workers: 1
[367.289s][debug][gc,phases         ] GC(33000)       Update Derived Pointers (ms):  Min:  0.0, Avg:  0.0, Max:  0.0, Diff:  0.0, Sum:  0.0, Workers: 1
[367.289s][debug][gc,phases         ] GC(33000)       Eagerly Reclaim Humongous Objects (ms): Min:  0.0, Avg:  0.0, Max:  0.0, Diff:  0.0, Sum:  0.0, Workers: 1
[367.289s][debug][gc,phases         ] GC(33000)         Humongous Total                Min: 989, Avg: 989.0, Max: 989, Diff: 0, Sum: 989, Workers: 1
[367.289s][debug][gc,phases         ] GC(33000)         Humongous Candidates           Min: 10, Avg: 10.0, Max: 10, Diff: 0, Sum: 10, Workers: 1
[367.289s][debug][gc,phases         ] GC(33000)         Humongous Reclaimed            Min: 0, Avg:  0.0, Max: 0, Diff: 0, Sum: 0, Workers: 1
[367.289s][debug][gc,phases         ] GC(33000)       Redirty Logged Cards (ms):     Min:  0.0, Avg:  0.0, Max:  0.0, Diff:  0.0, Sum:  0.0, Workers: 13
[367.289s][debug][gc,phases         ] GC(33000)         Redirtied Cards:               Min: 0, Avg:  0.1, Max: 1, Diff: 1, Sum: 1, Workers: 13
[367.289s][debug][gc,phases         ] GC(33000)       Free Collection Set (ms):      Min:  0.0, Avg:  0.0, Max:  0.0, Diff:  0.0, Sum:  0.0, Workers: 13
[367.289s][debug][gc,phases         ] GC(33000)     Rebuild Free List: 0.2ms
[367.289s][debug][gc,phases         ] GC(33000)     Start New Collection Set: 0.0ms
[367.289s][debug][gc,phases         ] GC(33000)     Resize TLABs: 0.0ms
[367.289s][debug][gc,phases         ] GC(33000)     Expand Heap After Collection: 0.0ms
[367.289s][info ][gc,phases         ] GC(33000)   Other: 0.3ms
[367.289s][info ][gc,heap           ] GC(33000) Eden regions: 0->0(102)
[367.289s][info ][gc,heap           ] GC(33000) Survivor regions: 0->0(13)
[367.289s][info ][gc,heap           ] GC(33000) Old regions: 1->1
[367.289s][info ][gc,heap           ] GC(33000) Archive regions: 2->2
[367.289s][info ][gc,heap           ] GC(33000) Humongous regions: 1978->1978
[367.289s][info ][gc,metaspace      ] GC(33000) Metaspace: 198K(384K)->198K(384K) NonClass: 192K(256K)->192K(256K) Class: 5K(128K)->5K(128K)
[367.289s][debug][gc,heap           ] GC(33000) Heap after GC invocations=31579 (full 10210):
[367.289s][debug][gc,heap           ] GC(33000)  garbage-first heap   total 2097152K, used 2026549K [0x0000000080000000, 0x0000000100000000)
[367.289s][debug][gc,heap           ] GC(33000)   region size 1024K, 0 young (0K), 0 survivors (0K)
[367.289s][debug][gc,heap           ] GC(33000)  Metaspace       used 198K, committed 384K, reserved 1114112K
[367.289s][debug][gc,heap           ] GC(33000)   class space    used 5K, committed 128K, reserved 1048576K
[367.289s][info ][gc                ] GC(33000) Pause Young (Concurrent Start) (G1 Humongous Allocation) 1979M->1979M(2048M) 14.647ms
[367.289s][info ][gc,cpu            ] GC(33000) User=0.00s Sys=0.03s Real=0.01s
[367.289s][info ][gc                ] GC(33001) Concurrent Mark Cycle
[367.289s][info ][gc,marking        ] GC(33001) Concurrent Clear Claimed Marks
[367.289s][info ][gc,marking        ] GC(33001) Concurrent Clear Claimed Marks 0.007ms
[367.289s][info ][gc,marking        ] GC(33001) Concurrent Scan Root Regions
[367.289s][info ][gc,marking        ] GC(33001) Concurrent Scan Root Regions 0.004ms
[367.289s][info ][gc,marking        ] GC(33001) Concurrent Mark
[367.289s][info ][gc,marking        ] GC(33001) Concurrent Mark From Roots
[367.289s][info ][gc,task           ] GC(33001) Using 3 workers of 3 for marking
[367.289s][debug][gc,ergo           ] Do not request concurrent cycle initiation (concurrent cycle already in progress). GC cause: G1 Humongous Allocation
[367.292s][debug][gc,heap           ] GC(33002) Heap before GC invocations=31579 (full 10210):
[367.292s][debug][gc,heap           ] GC(33002)  garbage-first heap   total 2097152K, used 2079797K [0x0000000080000000, 0x0000000100000000)
[367.292s][debug][gc,heap           ] GC(33002)   region size 1024K, 0 young (0K), 0 survivors (0K)
[367.292s][debug][gc,heap           ] GC(33002)  Metaspace       used 198K, committed 384K, reserved 1114112K
[367.292s][debug][gc,heap           ] GC(33002)   class space    used 5K, committed 128K, reserved 1048576K
[367.292s][info ][gc,start          ] GC(33002) Pause Young (Normal) (G1 Humongous Allocation)
[367.292s][info ][gc,task           ] GC(33002) Using 13 workers of 13 for evacuation
[367.292s][debug][gc,age            ] GC(33002) Desired survivor size 6815744 bytes, new threshold 15 (max threshold 15)
[367.292s][debug][gc,refine,stats   ] GC(33002) Mutator refinement: 0.00ms, refined: 0, precleaned: 0, dirtied: 16
[367.292s][debug][gc,refine,stats   ] GC(33002) Concurrent refinement: 0.00ms, refined: 0, precleaned: 0, dirtied: 0
[367.292s][debug][gc,refine,stats   ] GC(33002) Total refinement: 0.00ms, refined: 0, precleaned: 0, dirtied: 16
[367.292s][debug][gc,refine,stats   ] GC(33002) Generate dirty cards rate: 3.92 cards/ms
[367.292s][debug][gc,alloc,region   ] GC(33002) Mutator Allocation stats, regions: 0, wasted size: 0B ( 0.0%)
[367.292s][debug][gc,humongous      ] GC(33002) Humongous region 0 (object size 1048592 @ 0x0000000080000000) remset 0 code roots 0 marked 1 reclaim candidate 0 type array 1
[367.292s][debug][gc,humongous      ] GC(33002) Humongous region 3 (object size 1048592 @ 0x0000000080300000) remset 0 code roots 0 marked 1 reclaim candidate 0 type array 1
[367.292s][debug][gc,humongous      ] GC(33002) Humongous region 315 (object size 1048592 @ 0x0000000093b00000) remset 0 code roots 0 marked 1 reclaim candidate 0 type array 1
[367.292s][debug][gc,humongous      ] GC(33002) Humongous region 473 (object size 1048592 @ 0x000000009d900000) remset 0 code roots 0 marked 1 reclaim candidate 0 type array 1
[367.292s][debug][gc,humongous      ] GC(33002) Humongous region 317 (object size 1048592 @ 0x0000000093d00000) remset 0 code roots 0 marked 1 reclaim candidate 0 type array 1
[367.292s][debug][gc,humongous      ] GC(33002) Humongous region 788 (object size 1048592 @ 0x00000000b1400000) remset 0 code roots 0 marked 1 reclaim candidate 0 type array 1
[367.292s][debug][gc,humongous      ] GC(33002) Humongous region 945 (object size 1048592 @ 0x00000000bb100000) remset 0 code roots 0 marked 1 reclaim candidate 0 type array 1
[367.292s][debug][gc,humongous      ] GC(33002) Humongous region 630 (object size 1048592 @ 0x00000000a7600000) remset 0 code roots 0 marked 1 reclaim candidate 0 type array 1
[367.292s][debug][gc,humongous      ] GC(33002) Humongous region 5 (object size 1048592 @ 0x0000000080500000) remset 0 code roots 0 marked 1 reclaim candidate 0 type array 1
[367.292s][debug][gc,humongous      ] GC(33002) Humongous region 1260 (object size 1048592 @ 0x00000000cec00000) remset 0 code roots 0 marked 1 reclaim candidate 0 type array 1
[367.292s][debug][gc,humongous      ] GC(33002) Humongous region 319 (object size 1048592 @ 0x0000000093f00000) remset 0 code roots 0 marked 1 reclaim candidate 0 type array 1
[367.292s][debug][gc,humongous      ] GC(33002) Humongous region 1417 (object size 1048592 @ 0x00000000d8900000) remset 0 code roots 0 marked 1 reclaim candidate 0 type array 1
[367.293s][debug][gc,humongous      ] GC(33002) Humongous region 1732 (object size 1048592 @ 0x00000000ec400000) remset 0 code roots 0 marked 1 reclaim candidate 0 type array 1
[367.293s][debug][gc,humongous      ] GC(33002) Humongous region 1734 (object size 1048592 @ 0x00000000ec600000) remset 0 code roots 0 marked 1 reclaim candidate 0 type array 1
[367.293s][debug][gc,humongous      ] GC(33002) Humongous region 1419 (object size 1048592 @ 0x00000000d8b00000) remset 0 code roots 0 marked 1 reclaim candidate 0 type array 1
[367.293s][debug][gc,humongous      ] GC(33002) Humongous region 1421 (object size 1048592 @ 0x00000000d8d00000) remset 0 code roots 0 marked 1 reclaim candidate 0 type array 1
[367.292s][debug][gc,humongous      ] GC(33002) Humongous region 157 (object size 1048592 @ 0x0000000089d00000) remset 0 code roots 0 marked 1 reclaim candidate 0 type array 1
[367.293s][debug][gc,humongous      ] GC(33002) Humongous region 1262 (object size 1048592 @ 0x00000000cee00000) remset 0 code roots 0 marked 1 reclaim candidate 0 type array 1
[367.293s][debug][gc,humongous      ] GC(33002) Humongous region 159 (object size 1048592 @ 0x0000000089f00000) remset 0 code roots 0 marked 1 reclaim candidate 0 type array 1
[367.293s][debug][gc,humongous      ] GC(33002) Humongous region 1575 (object size 1048592 @ 0x00000000e2700000) remset 0 code roots 0 marked 1 reclaim candidate 0 type array 1
[367.293s][debug][gc,humongous      ] GC(33002) Humongous region 161 (object size 1048592 @ 0x000000008a100000) remset 0 code roots 0 marked 1 reclaim candidate 0 type array 1
[367.292s][debug][gc,humongous      ] GC(33002) Humongous region 790 (object size 1048592 @ 0x00000000b1600000) remset 0 code roots 0 marked 1 reclaim candidate 0 type array 1
[367.293s][debug][gc,humongous      ] GC(33002) Humongous region 321 (object size 1048592 @ 0x0000000094100000) remset 0 code roots 0 marked 1 reclaim candidate 0 type array 1
[367.293s][debug][gc,humongous      ] GC(33002) Humongous region 792 (object size 1048592 @ 0x00000000b1800000) remset 0 code roots 0 marked 1 reclaim candidate 0 type array 1
[367.293s][debug][gc,humongous      ] GC(33002) Humongous region 1736 (object size 1048592 @ 0x00000000ec800000) remset 0 code roots 0 marked 1 reclaim candidate 0 type array 1
[367.292s][debug][gc,humongous      ] GC(33002) Humongous region 7 (object size 1048592 @ 0x0000000080700000) remset 0 code roots 0 marked 1 reclaim candidate 0 type array 1
[367.293s][debug][gc,humongous      ] GC(33002) Humongous region 1738 (object size 1048592 @ 0x00000000eca00000) remset 0 code roots 0 marked 1 reclaim candidate 0 type array 1
[367.292s][debug][gc,humongous      ] GC(33002) Humongous region 1103 (object size 1048592 @ 0x00000000c4f00000) remset 0 code roots 0 marked 1 reclaim candidate 0 type array 1
[367.293s][debug][gc,humongous      ] GC(33002) Humongous region 1740 (object size 1048592 @ 0x00000000ecc00000) remset 0 code roots 0 marked 1 reclaim candidate 0 type array 1
[367.293s][debug][gc,humongous      ] GC(33002) Humongous region 1423 (object size 1048592 @ 0x00000000d8f00000) remset 0 code roots 0 marked 1 reclaim candidate 0 type array 1
[367.293s][debug][gc,humongous      ] GC(33002) Humongous region 1264 (object size 1048592 @ 0x00000000cf000000) remset 0 code roots 0 marked 1 reclaim candidate 0 type array 1
[367.293s][debug][gc,humongous      ] GC(33002) Humongous region 1425 (object size 1048592 @ 0x00000000d9100000) remset 0 code roots 0 marked 1 reclaim candidate 0 type array 1
[367.293s][debug][gc,humongous      ] GC(33002) Humongous region 1266 (object size 1048592 @ 0x00000000cf200000) remset 0 code roots 0 marked 1 reclaim candidate 0 type array 1
[367.293s][debug][gc,humongous      ] GC(33002) Humongous region 163 (object size 1048592 @ 0x000000008a300000) remset 0 code roots 0 marked 1 reclaim candidate 0 type array 1
[367.293s][debug][gc,humongous      ] GC(33002) Humongous region 1268 (object size 1048592 @ 0x00000000cf400000) remset 0 code roots 0 marked 1 reclaim candidate 0 type array 1
[367.293s][debug][gc,humongous      ] GC(33002) Humongous region 323 (object size 1048592 @ 0x0000000094300000) remset 0 code roots 0 marked 1 reclaim candidate 0 type array 1
[367.293s][debug][gc,humongous      ] GC(33002) Humongous region 794 (object size 1048592 @ 0x00000000b1a00000) remset 0 code roots 0 marked 1 reclaim candidate 0 type array 1
[367.292s][debug][gc,humongous      ] GC(33002) Humongous region 632 (object size 1048592 @ 0x00000000a7800000) remset 0 code roots 0 marked 1 reclaim candidate 0 type array 1
[367.293s][debug][gc,humongous      ] GC(33002) Humongous region 9 (object size 1048592 @ 0x0000000080900000) remset 0 code roots 0 marked 1 reclaim candidate 0 type array 1
[367.293s][debug][gc,humongous      ] GC(33002) Humongous region 634 (object size 1048592 @ 0x00000000a7a00000) remset 0 code roots 0 marked 1 reclaim candidate 0 type array 1
[367.293s][debug][gc,humongous      ] GC(33002) Humongous region 11 (object size 1048592 @ 0x0000000080b00000) remset 0 code roots 0 marked 1 reclaim candidate 1 type array 1
[367.293s][debug][gc,humongous      ] GC(33002) Humongous region 1742 (object size 1048592 @ 0x00000000ece00000) remset 0 code roots 0 marked 1 reclaim candidate 0 type array 1
[367.293s][debug][gc,humongous      ] GC(33002) Humongous region 13 (object size 1048592 @ 0x0000000080d00000) remset 0 code roots 0 marked 1 reclaim candidate 0 type array 1
[367.293s][debug][gc,humongous      ] GC(33002) Humongous region 1577 (object size 1048592 @ 0x00000000e2900000) remset 0 code roots 0 marked 1 reclaim candidate 0 type array 1
[367.293s][debug][gc,humongous      ] GC(33002) Humongous region 15 (object size 1048592 @ 0x0000000080f00000) remset 0 code roots 0 marked 1 reclaim candidate 0 type array 1
[367.293s][debug][gc,humongous      ] GC(33002) Humongous region 1890 (object size 1048592 @ 0x00000000f6200000) remset 0 code roots 0 marked 1 reclaim candidate 0 type array 1
[367.293s][debug][gc,humongous      ] GC(33002) Humongous region 165 (object size 1048592 @ 0x000000008a500000) remset 0 code roots 0 marked 1 reclaim candidate 0 type array 1
[367.293s][debug][gc,humongous      ] GC(33002) Humongous region 1892 (object size 1048592 @ 0x00000000f6400000) remset 0 code roots 0 marked 1 reclaim candidate 0 type array 1
[367.293s][debug][gc,humongous      ] GC(33002) Humongous region 325 (object size 1048592 @ 0x0000000094500000) remset 0 code roots 0 marked 1 reclaim candidate 1 type array 1
[367.293s][debug][gc,humongous      ] GC(33002) Humongous region 796 (object size 1048592 @ 0x00000000b1c00000) remset 0 code roots 0 marked 0 reclaim candidate 1 type array 1
[367.293s][debug][gc,humongous      ] GC(33002) Humongous region 327 (object size 1048592 @ 0x0000000094700000) remset 0 code roots 0 marked 1 reclaim candidate 0 type array 1
[367.293s][debug][gc,humongous      ] GC(33002) Humongous region 798 (object size 1048592 @ 0x00000000b1e00000) remset 0 code roots 0 marked 0 reclaim candidate 1 type array 1
[367.293s][debug][gc,humongous      ] GC(33002) Humongous region 636 (object size 1048592 @ 0x00000000a7c00000) remset 0 code roots 0 marked 1 reclaim candidate 0 type array 1
[367.293s][debug][gc,humongous      ] GC(33002) Humongous region 800 (object size 1048592 @ 0x00000000b2000000) remset 0 code roots 0 marked 1 reclaim candidate 0 type array 1
[367.293s][debug][gc,humongous      ] GC(33002) Humongous region 1744 (object size 1048592 @ 0x00000000ed000000) remset 0 code roots 0 marked 1 reclaim candidate 0 type array 1
[367.293s][debug][gc,humongous      ] GC(33002) Humongous region 802 (object size 1048592 @ 0x00000000b2200000) remset 0 code roots 0 marked 1 reclaim candidate 0 type array 1
[367.293s][debug][gc,humongous      ] GC(33002) Humongous region 17 (object size 1048592 @ 0x0000000081100000) remset 0 code roots 0 marked 1 reclaim candidate 0 type array 1
[367.293s][debug][gc,humongous      ] GC(33002) Humongous region 1270 (object size 1048592 @ 0x00000000cf600000) remset 0 code roots 0 marked 1 reclaim candidate 0 type array 1
[367.293s][debug][gc,humongous      ] GC(33002) Humongous region 1579 (object size 1048592 @ 0x00000000e2b00000) remset 0 code roots 0 marked 1 reclaim candidate 0 type array 1
[367.293s][debug][gc,humongous      ] GC(33002) Humongous region 1272 (object size 1048592 @ 0x00000000cf800000) remset 0 code roots 0 marked 1 reclaim candidate 0 type array 1
[367.293s][debug][gc,humongous      ] GC(33002) Humongous region 1581 (object size 1048592 @ 0x00000000e2d00000) remset 0 code roots 0 marked 1 reclaim candidate 0 type array 1
[367.293s][debug][gc,humongous      ] GC(33002) Humongous region 1274 (object size 1048592 @ 0x00000000cfa00000) remset 0 code roots 0 marked 1 reclaim candidate 0 type array 1
[367.293s][debug][gc,humongous      ] GC(33002) Humongous region 1583 (object size 1048592 @ 0x00000000e2f00000) remset 0 code roots 0 marked 1 reclaim candidate 0 type array 1
[367.293s][debug][gc,humongous      ] GC(33002) Humongous region 1585 (object size 1048592 @ 0x00000000e3100000) remset 0 code roots 0 marked 1 reclaim candidate 0 type array 1
[367.293s][debug][gc,humongous      ] GC(33002) Humongous region 1587 (object size 1048592 @ 0x00000000e3300000) remset 0 code roots 0 marked 1 reclaim candidate 0 type array 1
[367.293s][debug][gc,humongous      ] GC(33002) Humongous region 1427 (object size 1048592 @ 0x00000000d9300000) remset 0 code roots 0 marked 1 reclaim candidate 0 type array 1
[367.293s][debug][gc,humongous      ] GC(33002) Humongous region 1589 (object size 1048592 @ 0x00000000e3500000) remset 0 code roots 0 marked 1 reclaim candidate 0 type array 1
[367.293s][debug][gc,humongous      ] GC(33002) Humongous region 1746 (object size 1048592 @ 0x00000000ed200000) remset 0 code roots 0 marked 1 reclaim candidate 0 type array 1
[367.293s][debug][gc,humongous      ] GC(33002) Humongous region 1591 (object size 1048592 @ 0x00000000e3700000) remset 0 code roots 0 marked 1 reclaim candidate 0 type array 1
[367.293s][debug][gc,humongous      ] GC(33002) Humongous region 1748 (object size 1048592 @ 0x00000000ed400000) remset 0 code roots 0 marked 1 reclaim candidate 0 type array 1
[367.293s][debug][gc,humongous      ] GC(33002) Humongous region 167 (object size 1048592 @ 0x000000008a700000) remset 0 code roots 0 marked 1 reclaim candidate 0 type array 1
[367.293s][debug][gc,humongous      ] GC(33002) Humongous region 1750 (object size 1048592 @ 0x00000000ed600000) remset 0 code roots 0 marked 0 reclaim candidate 1 type array 1
[367.293s][debug][gc,humongous      ] GC(33002) Humongous region 169 (object size 1048592 @ 0x000000008a900000) remset 0 code roots 0 marked 1 reclaim candidate 0 type array 1
[367.293s][debug][gc,humongous      ] GC(33002) Humongous region 1752 (object size 1048592 @ 0x00000000ed800000) remset 0 code roots 0 marked 1 reclaim candidate 0 type array 1
[367.293s][debug][gc,humongous      ] GC(33002) Humongous region 1105 (object size 1048592 @ 0x00000000c5100000) remset 0 code roots 0 marked 1 reclaim candidate 0 type array 1
[367.293s][debug][gc,humongous      ] GC(33002) Humongous region 1754 (object size 1048592 @ 0x00000000eda00000) remset 0 code roots 0 marked 1 reclaim candidate 0 type array 1
[367.293s][debug][gc,humongous      ] GC(33002) Humongous region 1756 (object size 1048592 @ 0x00000000edc00000) remset 0 code roots 0 marked 1 reclaim candidate 0 type array 1
[367.293s][debug][gc,humongous      ] GC(33002) Humongous region 1429 (object size 1048592 @ 0x00000000d9500000) remset 0 code roots 0 marked 1 reclaim candidate 0 type array 1
[367.293s][debug][gc,humongous      ] GC(33002) Humongous region 1758 (object size 1048592 @ 0x00000000ede00000) remset 0 code roots 0 marked 1 reclaim candidate 0 type array 1
[367.293s][debug][gc,humongous      ] GC(33002) Humongous region 638 (object size 1048592 @ 0x00000000a7e00000) remset 0 code roots 0 marked 1 reclaim candidate 0 type array 1
[367.292s][debug][gc,humongous      ] GC(33002) Humongous region 475 (object size 1048592 @ 0x000000009db00000) remset 0 code roots 0 marked 1 reclaim candidate 0 type array 1
[367.293s][debug][gc,humongous      ] GC(33002) Humongous region 640 (object size 1048592 @ 0x00000000a8000000) remset 0 code roots 0 marked 1 reclaim candidate 0 type array 1
[367.293s][debug][gc,humongous      ] GC(33002) Humongous region 477 (object size 1048592 @ 0x000000009dd00000) remset 0 code roots 0 marked 1 reclaim candidate 1 type array 1
[367.293s][debug][gc,humongous      ] GC(33002) Humongous region 329 (object size 1048592 @ 0x0000000094900000) remset 0 code roots 0 marked 1 reclaim candidate 0 type array 1
[367.292s][debug][gc,humongous      ] GC(33002) Humongous region 947 (object size 1048592 @ 0x00000000bb300000) remset 0 code roots 0 marked 0 reclaim candidate 0 type array 1
[367.293s][debug][gc,humongous      ] GC(33002) Humongous region 331 (object size 1048592 @ 0x0000000094b00000) remset 0 code roots 0 marked 1 reclaim candidate 0 type array 1
[367.293s][debug][gc,humongous      ] GC(33002) Humongous region 1276 (object size 1048592 @ 0x00000000cfc00000) remset 0 code roots 0 marked 1 reclaim candidate 0 type array 1
[367.293s][debug][gc,humongous      ] GC(33002) Humongous region 333 (object size 1048592 @ 0x0000000094d00000) remset 0 code roots 0 marked 1 reclaim candidate 0 type array 1
[367.293s][debug][gc,humongous      ] GC(33002) Humongous region 804 (object size 1048592 @ 0x00000000b2400000) remset 0 code roots 0 marked 1 reclaim candidate 0 type array 1
[367.294s][debug][gc,humongous      ] GC(33002) Humongous region 1278 (object size 1048592 @ 0x00000000cfe00000) remset 0 code roots 0 marked 1 reclaim candidate 0 type array 1
[367.294s][debug][gc,humongous      ] GC(33002) Humongous region 335 (object size 1048592 @ 0x0000000094f00000) remset 0 code roots 0 marked 1 reclaim candidate 0 type array 1
[367.293s][debug][gc,humongous      ] GC(33002) Humongous region 1760 (object size 1048592 @ 0x00000000ee000000) remset 0 code roots 0 marked 1 reclaim candidate 0 type array 1
[367.293s][debug][gc,humongous      ] GC(33002) Humongous region 1593 (object size 1048592 @ 0x00000000e3900000) remset 0 code roots 0 marked 1 reclaim candidate 0 type array 1
[367.294s][debug][gc,humongous      ] GC(33002) Humongous region 1762 (object size 1048592 @ 0x00000000ee200000) remset 0 code roots 0 marked 1 reclaim candidate 0 type array 1
[367.293s][debug][gc,humongous      ] GC(33002) Humongous region 479 (object size 1048592 @ 0x000000009df00000) remset 0 code roots 0 marked 1 reclaim candidate 0 type array 1
[367.293s][debug][gc,humongous      ] GC(33002) Humongous region 1894 (object size 1048592 @ 0x00000000f6600000) remset 0 code roots 0 marked 1 reclaim candidate 0 type array 1
[367.293s][debug][gc,humongous      ] GC(33002) Humongous region 949 (object size 1048592 @ 0x00000000bb500000) remset 0 code roots 0 marked 1 reclaim candidate 0 type array 1
[367.294s][debug][gc,humongous      ] GC(33002) Humongous region 1896 (object size 1048592 @ 0x00000000f6800000) remset 0 code roots 0 marked 1 reclaim candidate 0 type array 1
[367.294s][debug][gc,humongous      ] GC(33002) Humongous region 806 (object size 1048592 @ 0x00000000b2600000) remset 0 code roots 0 marked 1 reclaim candidate 0 type array 1
[367.294s][debug][gc,humongous      ] GC(33002) Humongous region 1898 (object size 1048592 @ 0x00000000f6a00000) remset 0 code roots 0 marked 1 reclaim candidate 0 type array 1
[367.293s][debug][gc,humongous      ] GC(33002) Humongous region 19 (object size 1048592 @ 0x0000000081300000) remset 0 code roots 0 marked 1 reclaim candidate 0 type array 1
[367.294s][debug][gc,humongous      ] GC(33002) Humongous region 1900 (object size 1048592 @ 0x00000000f6c00000) remset 0 code roots 0 marked 1 reclaim candidate 0 type array 1
[367.294s][debug][gc,humongous      ] GC(33002) Humongous region 21 (object size 1048592 @ 0x0000000081500000) remset 0 code roots 0 marked 1 reclaim candidate 0 type array 1
[367.294s][debug][gc,humongous      ] GC(33002) Humongous region 1902 (object size 1048592 @ 0x00000000f6e00000) remset 0 code roots 0 marked 1 reclaim candidate 0 type array 1
[367.294s][debug][gc,humongous      ] GC(33002) Humongous region 1595 (object size 1048592 @ 0x00000000e3b00000) remset 0 code roots 0 marked 1 reclaim candidate 0 type array 1
[367.294s][debug][gc,humongous      ] GC(33002) Humongous region 1764 (object size 1048592 @ 0x00000000ee400000) remset 0 code roots 0 marked 1 reclaim candidate 0 type array 1
[367.294s][debug][gc,humongous      ] GC(33002) Humongous region 1597 (object size 1048592 @ 0x00000000e3d00000) remset 0 code roots 0 marked 1 reclaim candidate 0 type array 1
[367.294s][debug][gc,humongous      ] GC(33002) Humongous region 1766 (object size 1048592 @ 0x00000000ee600000) remset 0 code roots 0 marked 1 reclaim candidate 0 type array 1
[367.294s][debug][gc,humongous      ] GC(33002) Humongous region 1599 (object size 1048592 @ 0x00000000e3f00000) remset 0 code roots 0 marked 1 reclaim candidate 0 type array 1
[367.294s][debug][gc,humongous      ] GC(33002) Humongous region 951 (object size 1048592 @ 0x00000000bb700000) remset 0 code roots 0 marked 0 reclaim candidate 1 type array 1
[367.294s][debug][gc,humongous      ] GC(33002) Humongous region 1601 (object size 1048592 @ 0x00000000e4100000) remset 0 code roots 0 marked 1 reclaim candidate 0 type array 1
[367.294s][debug][gc,humongous      ] GC(33002) Humongous region 808 (object size 1048592 @ 0x00000000b2800000) remset 0 code roots 0 marked 1 reclaim candidate 0 type array 1
[367.294s][debug][gc,humongous      ] GC(33002) Humongous region 953 (object size 1048592 @ 0x00000000bb900000) remset 0 code roots 0 marked 1 reclaim candidate 0 type array 1
[367.293s][debug][gc,humongous      ] GC(33002) Humongous region 1107 (object size 1048592 @ 0x00000000c5300000) remset 0 code roots 0 marked 1 reclaim candidate 0 type array 1
[367.294s][debug][gc,humongous      ] GC(33002) Humongous region 955 (object size 1048592 @ 0x00000000bbb00000) remset 0 code roots 0 marked 1 reclaim candidate 0 type array 1
[367.294s][debug][gc,humongous      ] GC(33002) Humongous region 1109 (object size 1048592 @ 0x00000000c5500000) remset 0 code roots 0 marked 1 reclaim candidate 0 type array 1
[367.294s][debug][gc,humongous      ] GC(33002) Humongous region 1904 (object size 1048592 @ 0x00000000f7000000) remset 0 code roots 0 marked 1 reclaim candidate 0 type array 1
[367.294s][debug][gc,humongous      ] GC(33002) Humongous region 1111 (object size 1048592 @ 0x00000000c5700000) remset 0 code roots 0 marked 1 reclaim candidate 0 type array 1
[367.293s][debug][gc,humongous      ] GC(33002) Humongous region 171 (object size 1048592 @ 0x000000008ab00000) remset 0 code roots 0 marked 1 reclaim candidate 0 type array 1
[367.294s][debug][gc,humongous      ] GC(33002) Humongous region 481 (object size 1048592 @ 0x000000009e100000) remset 0 code roots 0 marked 1 reclaim candidate 1 type array 1
[367.294s][debug][gc,humongous      ] GC(33002) Humongous region 173 (object size 1048592 @ 0x000000008ad00000) remset 0 code roots 0 marked 1 reclaim candidate 0 type array 1
[367.293s][debug][gc,humongous      ] GC(33002) Humongous region 1431 (object size 1048592 @ 0x00000000d9700000) remset 0 code roots 0 marked 1 reclaim candidate 0 type array 1
[367.294s][debug][gc,humongous      ] GC(33002) Humongous region 1603 (object size 1048592 @ 0x00000000e4300000) remset 0 code roots 0 marked 1 reclaim candidate 0 type array 1
[367.294s][debug][gc,humongous      ] GC(33002) Humongous region 1605 (object size 1048592 @ 0x00000000e4500000) remset 0 code roots 0 marked 1 reclaim candidate 0 type array 1
[367.294s][debug][gc,humongous      ] GC(33002) Humongous region 1607 (object size 1048592 @ 0x00000000e4700000) remset 0 code roots 0 marked 1 reclaim candidate 0 type array 1
[367.294s][debug][gc,humongous      ] GC(33002) Humongous region 1906 (object size 1048592 @ 0x00000000f7200000) remset 0 code roots 0 marked 1 reclaim candidate 0 type array 1
[367.294s][debug][gc,humongous      ] GC(33002) Humongous region 1609 (object size 1048592 @ 0x00000000e4900000) remset 0 code roots 0 marked 1 reclaim candidate 0 type array 1
[367.294s][debug][gc,humongous      ] GC(33002) Humongous region 1113 (object size 1048592 @ 0x00000000c5900000) remset 0 code roots 0 marked 1 reclaim candidate 0 type array 1
[367.294s][debug][gc,humongous      ] GC(33002) Humongous region 337 (object size 1048592 @ 0x0000000095100000) remset 0 code roots 0 marked 1 reclaim candidate 0 type array 1
[367.294s][debug][gc,humongous      ] GC(33002) Humongous region 1115 (object size 1048592 @ 0x00000000c5b00000) remset 0 code roots 0 marked 1 reclaim candidate 0 type array 1
[367.294s][debug][gc,humongous      ] GC(33002) Humongous region 339 (object size 1048592 @ 0x0000000095300000) remset 0 code roots 0 marked 1 reclaim candidate 0 type array 1
[367.294s][debug][gc,humongous      ] GC(33002) Humongous region 483 (object size 1048592 @ 0x000000009e300000) remset 0 code roots 0 marked 1 reclaim candidate 0 type array 1
[367.294s][debug][gc,humongous      ] GC(33002) Humongous region 341 (object size 1048592 @ 0x0000000095500000) remset 0 code roots 0 marked 1 reclaim candidate 0 type array 1
[367.294s][debug][gc,humongous      ] GC(33002) Humongous region 485 (object size 1048592 @ 0x000000009e500000) remset 0 code roots 0 marked 1 reclaim candidate 0 type array 1
[367.294s][debug][gc,humongous      ] GC(33002) Humongous region 343 (object size 1048592 @ 0x0000000095700000) remset 0 code roots 0 marked 1 reclaim candidate 0 type array 1
[367.294s][debug][gc,humongous      ] GC(33002) Humongous region 487 (object size 1048592 @ 0x000000009e700000) remset 0 code roots 0 marked 1 reclaim candidate 0 type array 1
[367.294s][debug][gc,humongous      ] GC(33002) Humongous region 345 (object size 1048592 @ 0x0000000095900000) remset 0 code roots 0 marked 1 reclaim candidate 0 type array 1
[367.294s][debug][gc,humongous      ] GC(33002) Humongous region 957 (object size 1048592 @ 0x00000000bbd00000) remset 0 code roots 0 marked 1 reclaim candidate 0 type array 1
[367.294s][debug][gc,humongous      ] GC(33002) Humongous region 347 (object size 1048592 @ 0x0000000095b00000) remset 0 code roots 0 marked 1 reclaim candidate 0 type array 1
[367.294s][debug][gc,humongous      ] GC(33002) Humongous region 959 (object size 1048592 @ 0x00000000bbf00000) remset 0 code roots 0 marked 1 reclaim candidate 0 type array 1
[367.294s][debug][gc,humongous      ] GC(33002) Humongous region 961 (object size 1048592 @ 0x00000000bc100000) remset 0 code roots 0 marked 1 reclaim candidate 0 type array 1
[367.293s][debug][gc,humongous      ] GC(33002) Humongous region 642 (object size 1048592 @ 0x00000000a8200000) remset 0 code roots 0 marked 1 reclaim candidate 0 type array 1
[367.294s][debug][gc,humongous      ] GC(33002) Humongous region 963 (object size 1048592 @ 0x00000000bc300000) remset 0 code roots 0 marked 1 reclaim candidate 0 type array 1
[367.294s][debug][gc,humongous      ] GC(33002) Humongous region 1768 (object size 1048592 @ 0x00000000ee800000) remset 0 code roots 0 marked 1 reclaim candidate 0 type array 1
[367.294s][debug][gc,humongous      ] GC(33002) Humongous region 1117 (object size 1048592 @ 0x00000000c5d00000) remset 0 code roots 0 marked 1 reclaim candidate 0 type array 1
[367.294s][debug][gc,humongous      ] GC(33002) Humongous region 1770 (object size 1048592 @ 0x00000000eea00000) remset 0 code roots 0 marked 1 reclaim candidate 0 type array 1
[367.294s][debug][gc,humongous      ] GC(33002) Humongous region 1119 (object size 1048592 @ 0x00000000c5f00000) remset 0 code roots 0 marked 1 reclaim candidate 0 type array 1
[367.294s][debug][gc,humongous      ] GC(33002) Humongous region 1121 (object size 1048592 @ 0x00000000c6100000) remset 0 code roots 0 marked 1 reclaim candidate 0 type array 1
[367.294s][debug][gc,humongous      ] GC(33002) Humongous region 1908 (object size 1048592 @ 0x00000000f7400000) remset 0 code roots 0 marked 1 reclaim candidate 0 type array 1
[367.294s][debug][gc,humongous      ] GC(33002) Humongous region 1123 (object size 1048592 @ 0x00000000c6300000) remset 0 code roots 0 marked 1 reclaim candidate 0 type array 1
[367.294s][debug][gc,humongous      ] GC(33002) Humongous region 1433 (object size 1048592 @ 0x00000000d9900000) remset 0 code roots 0 marked 1 reclaim candidate 0 type array 1
[367.294s][debug][gc,humongous      ] GC(33002) Humongous region 349 (object size 1048592 @ 0x0000000095d00000) remset 0 code roots 0 marked 1 reclaim candidate 0 type array 1
[367.294s][debug][gc,humongous      ] GC(33002) Humongous region 1435 (object size 1048592 @ 0x00000000d9b00000) remset 0 code roots 0 marked 1 reclaim candidate 0 type array 1
[367.294s][debug][gc,humongous      ] GC(33002) Humongous region 965 (object size 1048592 @ 0x00000000bc500000) remset 0 code roots 0 marked 1 reclaim candidate 0 type array 1
[367.294s][debug][gc,humongous      ] GC(33002) Humongous region 1437 (object size 1048592 @ 0x00000000d9d00000) remset 0 code roots 0 marked 1 reclaim candidate 0 type array 1
[367.294s][debug][gc,humongous      ] GC(33002) Humongous region 175 (object size 1048592 @ 0x000000008af00000) remset 0 code roots 0 marked 1 reclaim candidate 0 type array 1
[367.294s][debug][gc,humongous      ] GC(33002) Humongous region 1439 (object size 1048592 @ 0x00000000d9f00000) remset 0 code roots 0 marked 1 reclaim candidate 0 type array 1
[367.294s][debug][gc,humongous      ] GC(33002) Humongous region 177 (object size 1048592 @ 0x000000008b100000) remset 0 code roots 0 marked 1 reclaim candidate 0 type array 1
[367.294s][debug][gc,humongous      ] GC(33002) Humongous region 179 (object size 1048592 @ 0x000000008b300000) remset 0 code roots 0 marked 1 reclaim candidate 0 type array 1
[367.294s][debug][gc,humongous      ] GC(33002) Humongous region 1280 (object size 1048592 @ 0x00000000d0000000) remset 0 code roots 0 marked 0 reclaim candidate 0 type array 1
[367.294s][debug][gc,humongous      ] GC(33002) Humongous region 181 (object size 1048592 @ 0x000000008b500000) remset 0 code roots 0 marked 1 reclaim candidate 0 type array 1
[367.294s][debug][gc,humongous      ] GC(33002) Humongous region 1910 (object size 1048592 @ 0x00000000f7600000) remset 0 code roots 0 marked 1 reclaim candidate 0 type array 1
[367.294s][debug][gc,humongous      ] GC(33002) Humongous region 183 (object size 1048592 @ 0x000000008b700000) remset 0 code roots 0 marked 1 reclaim candidate 0 type array 1
[367.294s][debug][gc,humongous      ] GC(33002) Humongous region 1912 (object size 1048592 @ 0x00000000f7800000) remset 0 code roots 0 marked 1 reclaim candidate 0 type array 1
[367.294s][debug][gc,humongous      ] GC(33002) Humongous region 644 (object size 1048592 @ 0x00000000a8400000) remset 0 code roots 0 marked 1 reclaim candidate 0 type array 1
[367.294s][debug][gc,humongous      ] GC(33002) Humongous region 1914 (object size 1048592 @ 0x00000000f7a00000) remset 0 code roots 0 marked 1 reclaim candidate 0 type array 1
[367.294s][debug][gc,humongous      ] GC(33002) Humongous region 967 (object size 1048592 @ 0x00000000bc700000) remset 0 code roots 0 marked 1 reclaim candidate 0 type array 1
[367.294s][debug][gc,humongous      ] GC(33002) Humongous region 1772 (object size 1048592 @ 0x00000000eec00000) remset 0 code roots 0 marked 1 reclaim candidate 0 type array 1
[367.295s][debug][gc,humongous      ] GC(33002) Humongous region 969 (object size 1048592 @ 0x00000000bc900000) remset 0 code roots 0 marked 1 reclaim candidate 0 type array 1
[367.295s][debug][gc,humongous      ] GC(33002) Humongous region 1774 (object size 1048592 @ 0x00000000eee00000) remset 0 code roots 0 marked 1 reclaim candidate 0 type array 1
[367.295s][debug][gc,humongous      ] GC(33002) Humongous region 971 (object size 1048592 @ 0x00000000bcb00000) remset 0 code roots 0 marked 1 reclaim candidate 0 type array 1
[367.295s][debug][gc,humongous      ] GC(33002) Humongous region 1776 (object size 1048592 @ 0x00000000ef000000) remset 0 code roots 0 marked 1 reclaim candidate 0 type array 1
[367.294s][debug][gc,humongous      ] GC(33002) Humongous region 1282 (object size 1048592 @ 0x00000000d0200000) remset 0 code roots 0 marked 1 reclaim candidate 0 type array 1
[367.295s][debug][gc,humongous      ] GC(33002) Humongous region 973 (object size 1048592 @ 0x00000000bcd00000) remset 0 code roots 0 marked 1 reclaim candidate 0 type array 1
[367.295s][debug][gc,humongous      ] GC(33002) Humongous region 1778 (object size 1048592 @ 0x00000000ef200000) remset 0 code roots 0 marked 1 reclaim candidate 0 type array 1
[367.294s][debug][gc,humongous      ] GC(33002) Humongous region 646 (object size 1048592 @ 0x00000000a8600000) remset 0 code roots 0 marked 1 reclaim candidate 0 type array 1
[367.294s][debug][gc,humongous      ] GC(33002) Humongous region 810 (object size 1048592 @ 0x00000000b2a00000) remset 0 code roots 0 marked 1 reclaim candidate 0 type array 1
[367.295s][debug][gc,humongous      ] GC(33002) Humongous region 648 (object size 1048592 @ 0x00000000a8800000) remset 0 code roots 0 marked 1 reclaim candidate 0 type array 1
[367.295s][debug][gc,humongous      ] GC(33002) Humongous region 812 (object size 1048592 @ 0x00000000b2c00000) remset 0 code roots 0 marked 1 reclaim candidate 0 type array 1
[367.295s][debug][gc,humongous      ] GC(33002) Humongous region 650 (object size 1048592 @ 0x00000000a8a00000) remset 0 code roots 0 marked 1 reclaim candidate 0 type array 1
[367.294s][debug][gc,humongous      ] GC(33002) Humongous region 1441 (object size 1048592 @ 0x00000000da100000) remset 0 code roots 0 marked 1 reclaim candidate 0 type array 1
[367.294s][debug][gc,humongous      ] GC(33002) Humongous region 489 (object size 1048592 @ 0x000000009e900000) remset 0 code roots 0 marked 1 reclaim candidate 0 type array 1
[367.295s][debug][gc,humongous      ] GC(33002) Humongous region 1443 (object size 1048592 @ 0x00000000da300000) remset 0 code roots 0 marked 1 reclaim candidate 0 type array 1
[367.295s][debug][gc,humongous      ] GC(33002) Humongous region 491 (object size 1048592 @ 0x000000009eb00000) remset 0 code roots 0 marked 1 reclaim candidate 0 type array 1
[367.295s][debug][gc,humongous      ] GC(33002) Humongous region 1445 (object size 1048592 @ 0x00000000da500000) remset 0 code roots 0 marked 1 reclaim candidate 0 type array 1
[367.295s][debug][gc,humongous      ] GC(33002) Humongous region 975 (object size 1048592 @ 0x00000000bcf00000) remset 0 code roots 0 marked 1 reclaim candidate 0 type array 1
[367.294s][debug][gc,humongous      ] GC(33002) Humongous region 351 (object size 1048592 @ 0x0000000095f00000) remset 0 code roots 0 marked 1 reclaim candidate 0 type array 1
[367.295s][debug][gc,humongous      ] GC(33002) Humongous region 1780 (object size 1048592 @ 0x00000000ef400000) remset 0 code roots 0 marked 1 reclaim candidate 0 type array 1
[367.294s][debug][gc,humongous      ] GC(33002) Humongous region 1916 (object size 1048592 @ 0x00000000f7c00000) remset 0 code roots 0 marked 1 reclaim candidate 0 type array 1
[367.294s][debug][gc,humongous      ] GC(33002) Humongous region 1611 (object size 1048592 @ 0x00000000e4b00000) remset 0 code roots 0 marked 1 reclaim candidate 0 type array 1
[367.295s][debug][gc,humongous      ] GC(33002) Humongous region 1918 (object size 1048592 @ 0x00000000f7e00000) remset 0 code roots 0 marked 1 reclaim candidate 0 type array 1
[367.295s][debug][gc,humongous      ] GC(33002) Humongous region 652 (object size 1048592 @ 0x00000000a8c00000) remset 0 code roots 0 marked 1 reclaim candidate 0 type array 1
[367.294s][debug][gc,humongous      ] GC(33002) Humongous region 1125 (object size 1048592 @ 0x00000000c6500000) remset 0 code roots 0 marked 1 reclaim candidate 0 type array 1
[367.294s][debug][gc,humongous      ] GC(33002) Humongous region 23 (object size 1048592 @ 0x0000000081700000) remset 0 code roots 0 marked 1 reclaim candidate 0 type array 1
[367.295s][debug][gc,humongous      ] GC(33002) Humongous region 25 (object size 1048592 @ 0x0000000081900000) remset 0 code roots 0 marked 1 reclaim candidate 0 type array 1
[367.295s][debug][gc,humongous      ] GC(33002) Humongous region 493 (object size 1048592 @ 0x000000009ed00000) remset 0 code roots 0 marked 1 reclaim candidate 0 type array 1
[367.295s][debug][gc,humongous      ] GC(33002) Humongous region 27 (object size 1048592 @ 0x0000000081b00000) remset 0 code roots 0 marked 1 reclaim candidate 0 type array 1
[367.295s][debug][gc,humongous      ] GC(33002) Humongous region 1447 (object size 1048592 @ 0x00000000da700000) remset 0 code roots 0 marked 0 reclaim candidate 1 type array 1
[367.295s][debug][gc,humongous      ] GC(33002) Humongous region 978 (object size 1048592 @ 0x00000000bd200000) remset 0 code roots 0 marked 1 reclaim candidate 0 type array 1
[367.295s][debug][gc,humongous      ] GC(33002) Humongous region 1284 (object size 1048592 @ 0x00000000d0400000) remset 0 code roots 0 marked 1 reclaim candidate 0 type array 1
[367.295s][debug][gc,humongous      ] GC(33002) Humongous region 1782 (object size 1048592 @ 0x00000000ef600000) remset 0 code roots 0 marked 1 reclaim candidate 0 type array 1
[367.295s][debug][gc,humongous      ] GC(33002) Humongous region 1286 (object size 1048592 @ 0x00000000d0600000) remset 0 code roots 0 marked 0 reclaim candidate 1 type array 1
[367.295s][debug][gc,humongous      ] GC(33002) Humongous region 1784 (object size 1048592 @ 0x00000000ef800000) remset 0 code roots 0 marked 1 reclaim candidate 0 type array 1
[367.295s][debug][gc,humongous      ] GC(33002) Humongous region 1288 (object size 1048592 @ 0x00000000d0800000) remset 0 code roots 0 marked 1 reclaim candidate 0 type array 1
[367.295s][debug][gc,humongous      ] GC(33002) Humongous region 654 (object size 1048592 @ 0x00000000a8e00000) remset 0 code roots 0 marked 1 reclaim candidate 0 type array 1
[367.295s][debug][gc,humongous      ] GC(33002) Humongous region 1127 (object size 1048592 @ 0x00000000c6700000) remset 0 code roots 0 marked 1 reclaim candidate 0 type array 1
[367.294s][debug][gc,humongous      ] GC(33002) Humongous region 185 (object size 1048592 @ 0x000000008b900000) remset 0 code roots 0 marked 1 reclaim candidate 0 type array 1
[367.295s][debug][gc,humongous      ] GC(33002) Humongous region 1129 (object size 1048592 @ 0x00000000c6900000) remset 0 code roots 0 marked 1 reclaim candidate 0 type array 1
[367.295s][debug][gc,humongous      ] GC(33002) Humongous region 29 (object size 1048592 @ 0x0000000081d00000) remset 0 code roots 0 marked 1 reclaim candidate 0 type array 1
[367.295s][debug][gc,humongous      ] GC(33002) Humongous region 187 (object size 1048592 @ 0x000000008bb00000) remset 0 code roots 0 marked 1 reclaim candidate 0 type array 1
[367.295s][debug][gc,humongous      ] GC(33002) Humongous region 1449 (object size 1048592 @ 0x00000000da900000) remset 0 code roots 0 marked 1 reclaim candidate 0 type array 1
[367.295s][debug][gc,humongous      ] GC(33002) Humongous region 980 (object size 1048592 @ 0x00000000bd400000) remset 0 code roots 0 marked 1 reclaim candidate 0 type array 1
[367.295s][debug][gc,humongous      ] GC(33002) Humongous region 1451 (object size 1048592 @ 0x00000000dab00000) remset 0 code roots 0 marked 1 reclaim candidate 0 type array 1
[367.295s][debug][gc,humongous      ] GC(33002) Humongous region 982 (object size 1048592 @ 0x00000000bd600000) remset 0 code roots 0 marked 1 reclaim candidate 0 type array 1
[367.295s][debug][gc,humongous      ] GC(33002) Humongous region 1920 (object size 1048592 @ 0x00000000f8000000) remset 0 code roots 0 marked 1 reclaim candidate 0 type array 1
[367.295s][debug][gc,humongous      ] GC(33002) Humongous region 1453 (object size 1048592 @ 0x00000000dad00000) remset 0 code roots 0 marked 1 reclaim candidate 0 type array 1
[367.295s][debug][gc,humongous      ] GC(33002) Humongous region 1786 (object size 1048592 @ 0x00000000efa00000) remset 0 code roots 0 marked 1 reclaim candidate 0 type array 1
[367.295s][debug][gc,humongous      ] GC(33002) Humongous region 1922 (object size 1048592 @ 0x00000000f8200000) remset 0 code roots 0 marked 1 reclaim candidate 0 type array 1
[367.295s][debug][gc,humongous      ] GC(33002) Humongous region 1131 (object size 1048592 @ 0x00000000c6b00000) remset 0 code roots 0 marked 1 reclaim candidate 0 type array 1
[367.295s][debug][gc,humongous      ] GC(33002) Humongous region 1924 (object size 1048592 @ 0x00000000f8400000) remset 0 code roots 0 marked 1 reclaim candidate 0 type array 1
[367.295s][debug][gc,humongous      ] GC(33002) Humongous region 31 (object size 1048592 @ 0x0000000081f00000) remset 0 code roots 0 marked 1 reclaim candidate 0 type array 1
[367.295s][debug][gc,humongous      ] GC(33002) Humongous region 189 (object size 1048592 @ 0x000000008bd00000) remset 0 code roots 0 marked 1 reclaim candidate 0 type array 1
[367.295s][debug][gc,humongous      ] GC(33002) Humongous region 33 (object size 1048592 @ 0x0000000082100000) remset 0 code roots 0 marked 1 reclaim candidate 0 type array 1
[367.295s][debug][gc,humongous      ] GC(33002) Humongous region 191 (object size 1048592 @ 0x000000008bf00000) remset 0 code roots 0 marked 1 reclaim candidate 0 type array 1
[367.295s][debug][gc,humongous      ] GC(33002) Humongous region 1613 (object size 1048592 @ 0x00000000e4d00000) remset 0 code roots 0 marked 1 reclaim candidate 0 type array 1
[367.295s][debug][gc,humongous      ] GC(33002) Humongous region 193 (object size 1048592 @ 0x000000008c100000) remset 0 code roots 0 marked 1 reclaim candidate 0 type array 1
[367.295s][debug][gc,humongous      ] GC(33002) Humongous region 1615 (object size 1048592 @ 0x00000000e4f00000) remset 0 code roots 0 marked 1 reclaim candidate 0 type array 1
[367.295s][debug][gc,humongous      ] GC(33002) Humongous region 195 (object size 1048592 @ 0x000000008c300000) remset 0 code roots 0 marked 1 reclaim candidate 0 type array 1
[367.295s][debug][gc,humongous      ] GC(33002) Humongous region 495 (object size 1048592 @ 0x000000009ef00000) remset 0 code roots 0 marked 1 reclaim candidate 0 type array 1
[367.295s][debug][gc,humongous      ] GC(33002) Humongous region 1617 (object size 1048592 @ 0x00000000e5100000) remset 0 code roots 0 marked 1 reclaim candidate 0 type array 1
[367.295s][debug][gc,humongous      ] GC(33002) Humongous region 656 (object size 1048592 @ 0x00000000a9000000) remset 0 code roots 0 marked 1 reclaim candidate 0 type array 1
[367.295s][debug][gc,humongous      ] GC(33002) Humongous region 353 (object size 1048592 @ 0x0000000096100000) remset 0 code roots 0 marked 1 reclaim candidate 0 type array 1
[367.295s][debug][gc,humongous      ] GC(33002) Humongous region 658 (object size 1048592 @ 0x00000000a9200000) remset 0 code roots 0 marked 1 reclaim candidate 0 type array 1
[367.295s][debug][gc,humongous      ] GC(33002) Humongous region 1926 (object size 1048592 @ 0x00000000f8600000) remset 0 code roots 0 marked 1 reclaim candidate 0 type array 1
[367.295s][debug][gc,humongous      ] GC(33002) Humongous region 660 (object size 1048592 @ 0x00000000a9400000) remset 0 code roots 0 marked 0 reclaim candidate 1 type array 1
[367.295s][debug][gc,humongous      ] GC(33002) Humongous region 1928 (object size 1048592 @ 0x00000000f8800000) remset 0 code roots 0 marked 1 reclaim candidate 0 type array 1
[367.295s][debug][gc,humongous      ] GC(33002) Humongous region 662 (object size 1048592 @ 0x00000000a9600000) remset 0 code roots 0 marked 1 reclaim candidate 0 type array 1
[367.295s][debug][gc,humongous      ] GC(33002) Humongous region 1930 (object size 1048592 @ 0x00000000f8a00000) remset 0 code roots 0 marked 1 reclaim candidate 0 type array 1
[367.295s][debug][gc,humongous      ] GC(33002) Humongous region 665 (object size 1048592 @ 0x00000000a9900000) remset 0 code roots 0 marked 1 reclaim candidate 0 type array 1
[367.295s][debug][gc,humongous      ] GC(33002) Humongous region 1932 (object size 1048592 @ 0x00000000f8c00000) remset 0 code roots 0 marked 1 reclaim candidate 0 type array 1
[367.295s][debug][gc,humongous      ] GC(33002) Humongous region 667 (object size 1048592 @ 0x00000000a9b00000) remset 0 code roots 0 marked 1 reclaim candidate 0 type array 1
[367.295s][debug][gc,humongous      ] GC(33002) Humongous region 1619 (object size 1048592 @ 0x00000000e5300000) remset 0 code roots 0 marked 1 reclaim candidate 0 type array 1
[367.295s][debug][gc,humongous      ] GC(33002) Humongous region 1934 (object size 1048592 @ 0x00000000f8e00000) remset 0 code roots 0 marked 1 reclaim candidate 0 type array 1
[367.295s][debug][gc,humongous      ] GC(33002) Humongous region 1133 (object size 1048592 @ 0x00000000c6d00000) remset 0 code roots 0 marked 1 reclaim candidate 0 type array 1
[367.295s][debug][gc,humongous      ] GC(33002) Humongous region 1936 (object size 1048592 @ 0x00000000f9000000) remset 0 code roots 0 marked 1 reclaim candidate 0 type array 1
[367.295s][debug][gc,humongous      ] GC(33002) Humongous region 1135 (object size 1048592 @ 0x00000000c6f00000) remset 0 code roots 0 marked 1 reclaim candidate 0 type array 1
[367.295s][debug][gc,humongous      ] GC(33002) Humongous region 35 (object size 1048592 @ 0x0000000082300000) remset 0 code roots 0 marked 1 reclaim candidate 0 type array 1
[367.295s][debug][gc,humongous      ] GC(33002) Humongous region 1137 (object size 1048592 @ 0x00000000c7100000) remset 0 code roots 0 marked 1 reclaim candidate 0 type array 1
[367.295s][debug][gc,humongous      ] GC(33002) Humongous region 1455 (object size 1048592 @ 0x00000000daf00000) remset 0 code roots 0 marked 1 reclaim candidate 0 type array 1
[367.295s][debug][gc,humongous      ] GC(33002) Humongous region 197 (object size 1048592 @ 0x000000008c500000) remset 0 code roots 0 marked 1 reclaim candidate 0 type array 1
[367.295s][debug][gc,humongous      ] GC(33002) Humongous region 199 (object size 1048592 @ 0x000000008c700000) remset 0 code roots 0 marked 1 reclaim candidate 0 type array 1
[367.295s][debug][gc,humongous      ] GC(33002) Humongous region 1788 (object size 1048592 @ 0x00000000efc00000) remset 0 code roots 0 marked 1 reclaim candidate 0 type array 1
[367.295s][debug][gc,humongous      ] GC(33002) Humongous region 201 (object size 1048592 @ 0x000000008c900000) remset 0 code roots 0 marked 1 reclaim candidate 0 type array 1
[367.295s][debug][gc,humongous      ] GC(33002) Humongous region 1790 (object size 1048592 @ 0x00000000efe00000) remset 0 code roots 0 marked 1 reclaim candidate 0 type array 1
[367.295s][debug][gc,humongous      ] GC(33002) Humongous region 203 (object size 1048592 @ 0x000000008cb00000) remset 0 code roots 0 marked 1 reclaim candidate 0 type array 1
[367.295s][debug][gc,humongous      ] GC(33002) Humongous region 814 (object size 1048592 @ 0x00000000b2e00000) remset 0 code roots 0 marked 1 reclaim candidate 0 type array 1
[367.295s][debug][gc,humongous      ] GC(33002) Humongous region 205 (object size 1048592 @ 0x000000008cd00000) remset 0 code roots 0 marked 1 reclaim candidate 0 type array 1
[367.295s][debug][gc,humongous      ] GC(33002) Humongous region 816 (object size 1048592 @ 0x00000000b3000000) remset 0 code roots 0 marked 1 reclaim candidate 0 type array 1
[367.295s][debug][gc,humongous      ] GC(33002) Humongous region 207 (object size 1048592 @ 0x000000008cf00000) remset 0 code roots 0 marked 1 reclaim candidate 0 type array 1
[367.296s][debug][gc,humongous      ] GC(33002) Humongous region 818 (object size 1048592 @ 0x00000000b3200000) remset 0 code roots 0 marked 0 reclaim candidate 1 type array 1
[367.295s][debug][gc,humongous      ] GC(33002) Humongous region 1290 (object size 1048592 @ 0x00000000d0a00000) remset 0 code roots 0 marked 1 reclaim candidate 0 type array 1
[367.296s][debug][gc,humongous      ] GC(33002) Humongous region 820 (object size 1048592 @ 0x00000000b3400000) remset 0 code roots 0 marked 1 reclaim candidate 0 type array 1
[367.296s][debug][gc,humongous      ] GC(33002) Humongous region 1292 (object size 1048592 @ 0x00000000d0c00000) remset 0 code roots 0 marked 1 reclaim candidate 0 type array 1
[367.296s][debug][gc,humongous      ] GC(33002) Humongous region 822 (object size 1048592 @ 0x00000000b3600000) remset 0 code roots 0 marked 1 reclaim candidate 0 type array 1
[367.295s][debug][gc,humongous      ] GC(33002) Humongous region 669 (object size 1048592 @ 0x00000000a9d00000) remset 0 code roots 0 marked 1 reclaim candidate 0 type array 1
[367.295s][debug][gc,humongous      ] GC(33002) Humongous region 1792 (object size 1048592 @ 0x00000000f0000000) remset 0 code roots 0 marked 1 reclaim candidate 0 type array 1
[367.296s][debug][gc,humongous      ] GC(33002) Humongous region 671 (object size 1048592 @ 0x00000000a9f00000) remset 0 code roots 0 marked 1 reclaim candidate 0 type array 1
[367.295s][debug][gc,humongous      ] GC(33002) Humongous region 1938 (object size 1048592 @ 0x00000000f9200000) remset 0 code roots 0 marked 1 reclaim candidate 0 type array 1
[367.295s][debug][gc,humongous      ] GC(33002) Humongous region 1139 (object size 1048592 @ 0x00000000c7300000) remset 0 code roots 0 marked 1 reclaim candidate 0 type array 1
[367.296s][debug][gc,humongous      ] GC(33002) Humongous region 1940 (object size 1048592 @ 0x00000000f9400000) remset 0 code roots 0 marked 1 reclaim candidate 0 type array 1
[367.296s][debug][gc,humongous      ] GC(33002) Humongous region 1141 (object size 1048592 @ 0x00000000c7500000) remset 0 code roots 0 marked 1 reclaim candidate 0 type array 1
[367.296s][debug][gc,humongous      ] GC(33002) Humongous region 1942 (object size 1048592 @ 0x00000000f9600000) remset 0 code roots 0 marked 1 reclaim candidate 0 type array 1
[367.296s][debug][gc,humongous      ] GC(33002) Humongous region 1944 (object size 1048592 @ 0x00000000f9800000) remset 0 code roots 0 marked 1 reclaim candidate 0 type array 1
[367.295s][debug][gc,humongous      ] GC(33002) Humongous region 497 (object size 1048592 @ 0x000000009f100000) remset 0 code roots 0 marked 1 reclaim candidate 0 type array 1
[367.296s][debug][gc,humongous      ] GC(33002) Humongous region 1946 (object size 1048592 @ 0x00000000f9a00000) remset 0 code roots 0 marked 1 reclaim candidate 0 type array 1
[367.296s][debug][gc,humongous      ] GC(33002) Humongous region 499 (object size 1048592 @ 0x000000009f300000) remset 0 code roots 0 marked 1 reclaim candidate 0 type array 1
[367.296s][debug][gc,humongous      ] GC(33002) Humongous region 1948 (object size 1048592 @ 0x00000000f9c00000) remset 0 code roots 0 marked 1 reclaim candidate 0 type array 1
[367.296s][debug][gc,humongous      ] GC(33002) Humongous region 501 (object size 1048592 @ 0x000000009f500000) remset 0 code roots 0 marked 1 reclaim candidate 0 type array 1
[367.296s][debug][gc,humongous      ] GC(33002) Humongous region 1794 (object size 1048592 @ 0x00000000f0200000) remset 0 code roots 0 marked 1 reclaim candidate 0 type array 1
[367.296s][debug][gc,humongous      ] GC(33002) Humongous region 673 (object size 1048592 @ 0x00000000aa100000) remset 0 code roots 0 marked 1 reclaim candidate 0 type array 1
[367.295s][debug][gc,humongous      ] GC(33002) Humongous region 355 (object size 1048592 @ 0x0000000096300000) remset 0 code roots 0 marked 1 reclaim candidate 0 type array 1
[367.296s][debug][gc,humongous      ] GC(33002) Humongous region 675 (object size 1048592 @ 0x00000000aa300000) remset 0 code roots 0 marked 1 reclaim candidate 0 type array 1
[367.296s][debug][gc,humongous      ] GC(33002) Humongous region 357 (object size 1048592 @ 0x0000000096500000) remset 0 code roots 0 marked 1 reclaim candidate 0 type array 1
[367.296s][debug][gc,humongous      ] GC(33002) Humongous region 1143 (object size 1048592 @ 0x00000000c7700000) remset 0 code roots 0 marked 1 reclaim candidate 0 type array 1
[367.296s][debug][gc,humongous      ] GC(33002) Humongous region 359 (object size 1048592 @ 0x0000000096700000) remset 0 code roots 0 marked 1 reclaim candidate 0 type array 1
[367.296s][debug][gc,humongous      ] GC(33002) Humongous region 1145 (object size 1048592 @ 0x00000000c7900000) remset 0 code roots 0 marked 1 reclaim candidate 0 type array 1
[367.295s][debug][gc,humongous      ] GC(33002) Humongous region 1457 (object size 1048592 @ 0x00000000db100000) remset 0 code roots 0 marked 1 reclaim candidate 0 type array 1
[367.295s][debug][gc,humongous      ] GC(33002) Humongous region 1621 (object size 1048592 @ 0x00000000e5500000) remset 0 code roots 0 marked 1 reclaim candidate 0 type array 1
[367.296s][debug][gc,humongous      ] GC(33002) Humongous region 1294 (object size 1048592 @ 0x00000000d0e00000) remset 0 code roots 0 marked 1 reclaim candidate 0 type array 1
[367.296s][debug][gc,humongous      ] GC(33002) Humongous region 1459 (object size 1048592 @ 0x00000000db300000) remset 0 code roots 0 marked 1 reclaim candidate 0 type array 1
[367.296s][debug][gc,humongous      ] GC(33002) Humongous region 503 (object size 1048592 @ 0x000000009f700000) remset 0 code roots 0 marked 1 reclaim candidate 0 type array 1
[367.296s][debug][gc,humongous      ] GC(33002) Humongous region 1461 (object size 1048592 @ 0x00000000db500000) remset 0 code roots 0 marked 1 reclaim candidate 0 type array 1
[367.295s][debug][gc,humongous      ] GC(33002) Humongous region 37 (object size 1048592 @ 0x0000000082500000) remset 0 code roots 0 marked 1 reclaim candidate 0 type array 1
[367.296s][debug][gc,humongous      ] GC(33002) Humongous region 209 (object size 1048592 @ 0x000000008d100000) remset 0 code roots 0 marked 1 reclaim candidate 0 type array 1
[367.296s][debug][gc,humongous      ] GC(33002) Humongous region 39 (object size 1048592 @ 0x0000000082700000) remset 0 code roots 0 marked 1 reclaim candidate 0 type array 1
[367.296s][debug][gc,humongous      ] GC(33002) Humongous region 211 (object size 1048592 @ 0x000000008d300000) remset 0 code roots 0 marked 1 reclaim candidate 0 type array 1
[367.296s][debug][gc,humongous      ] GC(33002) Humongous region 41 (object size 1048592 @ 0x0000000082900000) remset 0 code roots 0 marked 1 reclaim candidate 0 type array 1
[367.296s][debug][gc,humongous      ] GC(33002) Humongous region 43 (object size 1048592 @ 0x0000000082b00000) remset 0 code roots 0 marked 1 reclaim candidate 0 type array 1
[367.296s][debug][gc,humongous      ] GC(33002) Humongous region 213 (object size 1048592 @ 0x000000008d500000) remset 0 code roots 0 marked 1 reclaim candidate 0 type array 1
[367.296s][debug][gc,humongous      ] GC(33002) Humongous region 45 (object size 1048592 @ 0x0000000082d00000) remset 0 code roots 0 marked 1 reclaim candidate 0 type array 1
[367.296s][debug][gc,humongous      ] GC(33002) Humongous region 215 (object size 1048592 @ 0x000000008d700000) remset 0 code roots 0 marked 1 reclaim candidate 0 type array 1
[367.296s][debug][gc,humongous      ] GC(33002) Humongous region 1950 (object size 1048592 @ 0x00000000f9e00000) remset 0 code roots 0 marked 1 reclaim candidate 0 type array 1
[367.296s][debug][gc,humongous      ] GC(33002) Humongous region 1623 (object size 1048592 @ 0x00000000e5700000) remset 0 code roots 0 marked 1 reclaim candidate 0 type array 1
[367.296s][debug][gc,humongous      ] GC(33002) Humongous region 1463 (object size 1048592 @ 0x00000000db700000) remset 0 code roots 0 marked 1 reclaim candidate 0 type array 1
[367.296s][debug][gc,humongous      ] GC(33002) Humongous region 1465 (object size 1048592 @ 0x00000000db900000) remset 0 code roots 0 marked 1 reclaim candidate 0 type array 1
[367.295s][debug][gc,humongous      ] GC(33002) Humongous region 984 (object size 1048592 @ 0x00000000bd800000) remset 0 code roots 0 marked 1 reclaim candidate 0 type array 1
[367.296s][debug][gc,humongous      ] GC(33002) Humongous region 1467 (object size 1048592 @ 0x00000000dbb00000) remset 0 code roots 0 marked 1 reclaim candidate 0 type array 1
[367.296s][debug][gc,humongous      ] GC(33002) Humongous region 361 (object size 1048592 @ 0x0000000096900000) remset 0 code roots 0 marked 1 reclaim candidate 0 type array 1
[367.296s][debug][gc,humongous      ] GC(33002) Humongous region 1469 (object size 1048592 @ 0x00000000dbd00000) remset 0 code roots 0 marked 1 reclaim candidate 0 type array 1
[367.296s][debug][gc,humongous      ] GC(33002) Humongous region 824 (object size 1048592 @ 0x00000000b3800000) remset 0 code roots 0 marked 1 reclaim candidate 0 type array 1
[367.296s][debug][gc,humongous      ] GC(33002) Humongous region 363 (object size 1048592 @ 0x0000000096b00000) remset 0 code roots 0 marked 1 reclaim candidate 0 type array 1
[367.296s][debug][gc,humongous      ] GC(33002) Humongous region 1796 (object size 1048592 @ 0x00000000f0400000) remset 0 code roots 0 marked 1 reclaim candidate 0 type array 1
[367.296s][debug][gc,humongous      ] GC(33002) Humongous region 1296 (object size 1048592 @ 0x00000000d1000000) remset 0 code roots 0 marked 1 reclaim candidate 0 type array 1
[367.296s][debug][gc,humongous      ] GC(33002) Humongous region 1798 (object size 1048592 @ 0x00000000f0600000) remset 0 code roots 0 marked 1 reclaim candidate 0 type array 1
[367.296s][debug][gc,humongous      ] GC(33002) Humongous region 1625 (object size 1048592 @ 0x00000000e5900000) remset 0 code roots 0 marked 1 reclaim candidate 0 type array 1
[367.296s][debug][gc,humongous      ] GC(33002) Humongous region 217 (object size 1048592 @ 0x000000008d900000) remset 0 code roots 0 marked 1 reclaim candidate 0 type array 1
[367.296s][debug][gc,humongous      ] GC(33002) Humongous region 1627 (object size 1048592 @ 0x00000000e5b00000) remset 0 code roots 0 marked 1 reclaim candidate 0 type array 1
[367.296s][debug][gc,humongous      ] GC(33002) Humongous region 505 (object size 1048592 @ 0x000000009f900000) remset 0 code roots 0 marked 1 reclaim candidate 0 type array 1
[367.296s][debug][gc,humongous      ] GC(33002) Humongous region 1629 (object size 1048592 @ 0x00000000e5d00000) remset 0 code roots 0 marked 1 reclaim candidate 0 type array 1
[367.296s][debug][gc,humongous      ] GC(33002) Humongous region 507 (object size 1048592 @ 0x000000009fb00000) remset 0 code roots 0 marked 1 reclaim candidate 0 type array 1
[367.296s][debug][gc,humongous      ] GC(33002) Humongous region 1631 (object size 1048592 @ 0x00000000e5f00000) remset 0 code roots 0 marked 1 reclaim candidate 0 type array 1
[367.296s][debug][gc,humongous      ] GC(33002) Humongous region 47 (object size 1048592 @ 0x0000000082f00000) remset 0 code roots 0 marked 1 reclaim candidate 0 type array 1
[367.296s][debug][gc,humongous      ] GC(33002) Humongous region 1952 (object size 1048592 @ 0x00000000fa000000) remset 0 code roots 0 marked 1 reclaim candidate 0 type array 1
[367.296s][debug][gc,humongous      ] GC(33002) Humongous region 49 (object size 1048592 @ 0x0000000083100000) remset 0 code roots 0 marked 1 reclaim candidate 0 type array 1
[367.296s][debug][gc,humongous      ] GC(33002) Humongous region 1954 (object size 1048592 @ 0x00000000fa200000) remset 0 code roots 0 marked 1 reclaim candidate 0 type array 1
[367.296s][debug][gc,humongous      ] GC(33002) Humongous region 51 (object size 1048592 @ 0x0000000083300000) remset 0 code roots 0 marked 1 reclaim candidate 0 type array 1
[367.296s][debug][gc,humongous      ] GC(33002) Humongous region 1800 (object size 1048592 @ 0x00000000f0800000) remset 0 code roots 0 marked 1 reclaim candidate 0 type array 1
[367.296s][debug][gc,humongous      ] GC(33002) Humongous region 219 (object size 1048592 @ 0x000000008db00000) remset 0 code roots 0 marked 1 reclaim candidate 0 type array 1
[367.296s][debug][gc,humongous      ] GC(33002) Humongous region 1802 (object size 1048592 @ 0x00000000f0a00000) remset 0 code roots 0 marked 1 reclaim candidate 0 type array 1
[367.296s][debug][gc,humongous      ] GC(33002) Humongous region 1147 (object size 1048592 @ 0x00000000c7b00000) remset 0 code roots 0 marked 1 reclaim candidate 0 type array 1
[367.296s][debug][gc,humongous      ] GC(33002) Humongous region 1149 (object size 1048592 @ 0x00000000c7d00000) remset 0 code roots 0 marked 1 reclaim candidate 0 type array 1
[367.296s][debug][gc,humongous      ] GC(33002) Humongous region 1471 (object size 1048592 @ 0x00000000dbf00000) remset 0 code roots 0 marked 1 reclaim candidate 0 type array 1
[367.296s][debug][gc,humongous      ] GC(33002) Humongous region 1473 (object size 1048592 @ 0x00000000dc100000) remset 0 code roots 0 marked 1 reclaim candidate 0 type array 1
[367.296s][debug][gc,humongous      ] GC(33002) Humongous region 1633 (object size 1048592 @ 0x00000000e6100000) remset 0 code roots 0 marked 1 reclaim candidate 0 type array 1
[367.296s][debug][gc,humongous      ] GC(33002) Humongous region 1475 (object size 1048592 @ 0x00000000dc300000) remset 0 code roots 0 marked 1 reclaim candidate 0 type array 1
[367.296s][debug][gc,humongous      ] GC(33002) Humongous region 1635 (object size 1048592 @ 0x00000000e6300000) remset 0 code roots 0 marked 1 reclaim candidate 0 type array 1
[367.296s][debug][gc,humongous      ] GC(33002) Humongous region 677 (object size 1048592 @ 0x00000000aa500000) remset 0 code roots 0 marked 1 reclaim candidate 0 type array 1
[367.296s][debug][gc,humongous      ] GC(33002) Humongous region 1956 (object size 1048592 @ 0x00000000fa400000) remset 0 code roots 0 marked 1 reclaim candidate 0 type array 1
[367.296s][debug][gc,humongous      ] GC(33002) Humongous region 53 (object size 1048592 @ 0x0000000083500000) remset 0 code roots 0 marked 1 reclaim candidate 0 type array 1
[367.296s][debug][gc,humongous      ] GC(33002) Humongous region 986 (object size 1048592 @ 0x00000000bda00000) remset 0 code roots 0 marked 1 reclaim candidate 0 type array 1
[367.296s][debug][gc,humongous      ] GC(33002) Humongous region 221 (object size 1048592 @ 0x000000008dd00000) remset 0 code roots 0 marked 1 reclaim candidate 0 type array 1
[367.296s][debug][gc,humongous      ] GC(33002) Humongous region 826 (object size 1048592 @ 0x00000000b3a00000) remset 0 code roots 0 marked 1 reclaim candidate 0 type array 1
[367.296s][debug][gc,humongous      ] GC(33002) Humongous region 223 (object size 1048592 @ 0x000000008df00000) remset 0 code roots 0 marked 1 reclaim candidate 0 type array 1
[367.296s][debug][gc,humongous      ] GC(33002) Humongous region 1151 (object size 1048592 @ 0x00000000c7f00000) remset 0 code roots 0 marked 1 reclaim candidate 0 type array 1
[367.296s][debug][gc,humongous      ] GC(33002) Humongous region 365 (object size 1048592 @ 0x0000000096d00000) remset 0 code roots 0 marked 1 reclaim candidate 0 type array 1
[367.296s][debug][gc,humongous      ] GC(33002) Humongous region 1153 (object size 1048592 @ 0x00000000c8100000) remset 0 code roots 0 marked 1 reclaim candidate 0 type array 1
[367.296s][debug][gc,humongous      ] GC(33002) Humongous region 1477 (object size 1048592 @ 0x00000000dc500000) remset 0 code roots 0 marked 1 reclaim candidate 0 type array 1
[367.296s][debug][gc,humongous      ] GC(33002) Humongous region 509 (object size 1048592 @ 0x000000009fd00000) remset 0 code roots 0 marked 1 reclaim candidate 0 type array 1
[367.296s][debug][gc,humongous      ] GC(33002) Humongous region 1479 (object size 1048592 @ 0x00000000dc700000) remset 0 code roots 0 marked 1 reclaim candidate 0 type array 1
[367.296s][debug][gc,humongous      ] GC(33002) Humongous region 511 (object size 1048592 @ 0x000000009ff00000) remset 0 code roots 0 marked 1 reclaim candidate 0 type array 1
[367.296s][debug][gc,humongous      ] GC(33002) Humongous region 1958 (object size 1048592 @ 0x00000000fa600000) remset 0 code roots 0 marked 1 reclaim candidate 0 type array 1
[367.297s][debug][gc,humongous      ] GC(33002) Humongous region 513 (object size 1048592 @ 0x00000000a0100000) remset 0 code roots 0 marked 1 reclaim candidate 0 type array 1
[367.297s][debug][gc,humongous      ] GC(33002) Humongous region 1960 (object size 1048592 @ 0x00000000fa800000) remset 0 code roots 0 marked 1 reclaim candidate 0 type array 1
[367.296s][debug][gc,humongous      ] GC(33002) Humongous region 1804 (object size 1048592 @ 0x00000000f0c00000) remset 0 code roots 0 marked 0 reclaim candidate 0 type array 1
[367.296s][debug][gc,humongous      ] GC(33002) Humongous region 225 (object size 1048592 @ 0x000000008e100000) remset 0 code roots 0 marked 1 reclaim candidate 0 type array 1
[367.296s][debug][gc,humongous      ] GC(33002) Humongous region 1298 (object size 1048592 @ 0x00000000d1200000) remset 0 code roots 0 marked 1 reclaim candidate 0 type array 1
[367.296s][debug][gc,humongous      ] GC(33002) Humongous region 828 (object size 1048592 @ 0x00000000b3c00000) remset 0 code roots 0 marked 1 reclaim candidate 0 type array 1
[367.296s][debug][gc,humongous      ] GC(33002) Humongous region 367 (object size 1048592 @ 0x0000000096f00000) remset 0 code roots 0 marked 1 reclaim candidate 0 type array 1
[367.297s][debug][gc,humongous      ] GC(33002) Humongous region 830 (object size 1048592 @ 0x00000000b3e00000) remset 0 code roots 0 marked 1 reclaim candidate 0 type array 1
[367.297s][debug][gc,humongous      ] GC(33002) Humongous region 832 (object size 1048592 @ 0x00000000b4000000) remset 0 code roots 0 marked 1 reclaim candidate 0 type array 1
[367.297s][debug][gc,humongous      ] GC(33002) Humongous region 1481 (object size 1048592 @ 0x00000000dc900000) remset 0 code roots 0 marked 1 reclaim candidate 0 type array 1
[367.297s][debug][gc,humongous      ] GC(33002) Humongous region 834 (object size 1048592 @ 0x00000000b4200000) remset 0 code roots 0 marked 1 reclaim candidate 0 type array 1
[367.297s][debug][gc,humongous      ] GC(33002) Humongous region 1483 (object size 1048592 @ 0x00000000dcb00000) remset 0 code roots 0 marked 1 reclaim candidate 0 type array 1
[367.297s][debug][gc,humongous      ] GC(33002) Humongous region 836 (object size 1048592 @ 0x00000000b4400000) remset 0 code roots 0 marked 1 reclaim candidate 0 type array 1
[367.297s][debug][gc,humongous      ] GC(33002) Humongous region 1962 (object size 1048592 @ 0x00000000faa00000) remset 0 code roots 0 marked 1 reclaim candidate 0 type array 1
[367.297s][debug][gc,humongous      ] GC(33002) Humongous region 838 (object size 1048592 @ 0x00000000b4600000) remset 0 code roots 0 marked 1 reclaim candidate 0 type array 1
[367.297s][debug][gc,humongous      ] GC(33002) Humongous region 1964 (object size 1048592 @ 0x00000000fac00000) remset 0 code roots 0 marked 1 reclaim candidate 0 type array 1
[367.296s][debug][gc,humongous      ] GC(33002) Humongous region 1155 (object size 1048592 @ 0x00000000c8300000) remset 0 code roots 0 marked 1 reclaim candidate 0 type array 1
[367.297s][debug][gc,humongous      ] GC(33002) Humongous region 1966 (object size 1048592 @ 0x00000000fae00000) remset 0 code roots 0 marked 1 reclaim candidate 0 type array 1
[367.297s][debug][gc,humongous      ] GC(33002) Humongous region 1300 (object size 1048592 @ 0x00000000d1400000) remset 0 code roots 0 marked 1 reclaim candidate 0 type array 1
[367.297s][debug][gc,humongous      ] GC(33002) Humongous region 1157 (object size 1048592 @ 0x00000000c8500000) remset 0 code roots 0 marked 1 reclaim candidate 0 type array 1
[367.297s][debug][gc,humongous      ] GC(33002) Humongous region 1159 (object size 1048592 @ 0x00000000c8700000) remset 0 code roots 0 marked 1 reclaim candidate 0 type array 1
[367.296s][debug][gc,humongous      ] GC(33002) Humongous region 56 (object size 1048592 @ 0x0000000083800000) remset 0 code roots 0 marked 1 reclaim candidate 0 type array 1
[367.297s][debug][gc,humongous      ] GC(33002) Humongous region 1161 (object size 1048592 @ 0x00000000c8900000) remset 0 code roots 0 marked 1 reclaim candidate 0 type array 1
[367.297s][debug][gc,humongous      ] GC(33002) Humongous region 515 (object size 1048592 @ 0x00000000a0300000) remset 0 code roots 0 marked 1 reclaim candidate 0 type array 1
[367.297s][debug][gc,humongous      ] GC(33002) Humongous region 1806 (object size 1048592 @ 0x00000000f0e00000) remset 0 code roots 0 marked 1 reclaim candidate 0 type array 1
[367.297s][debug][gc,humongous      ] GC(33002) Humongous region 517 (object size 1048592 @ 0x00000000a0500000) remset 0 code roots 0 marked 1 reclaim candidate 0 type array 1
[367.297s][debug][gc,humongous      ] GC(33002) Humongous region 1808 (object size 1048592 @ 0x00000000f1000000) remset 0 code roots 0 marked 1 reclaim candidate 0 type array 1
[367.296s][debug][gc,humongous      ] GC(33002) Humongous region 988 (object size 1048592 @ 0x00000000bdc00000) remset 0 code roots 0 marked 1 reclaim candidate 0 type array 1
[367.297s][debug][gc,humongous      ] GC(33002) Humongous region 1810 (object size 1048592 @ 0x00000000f1200000) remset 0 code roots 0 marked 1 reclaim candidate 0 type array 1
[367.297s][debug][gc,humongous      ] GC(33002) Humongous region 1968 (object size 1048592 @ 0x00000000fb000000) remset 0 code roots 0 marked 1 reclaim candidate 0 type array 1
[367.297s][debug][gc,humongous      ] GC(33002) Humongous region 990 (object size 1048592 @ 0x00000000bde00000) remset 0 code roots 0 marked 1 reclaim candidate 0 type array 1
[367.297s][debug][gc,humongous      ] GC(33002) Humongous region 369 (object size 1048592 @ 0x0000000097100000) remset 0 code roots 0 marked 1 reclaim candidate 0 type array 1
[367.296s][debug][gc,humongous      ] GC(33002) Humongous region 679 (object size 1048592 @ 0x00000000aa700000) remset 0 code roots 0 marked 1 reclaim candidate 0 type array 1
[367.296s][debug][gc,humongous      ] GC(33002) Humongous region 1637 (object size 1048592 @ 0x00000000e6500000) remset 0 code roots 0 marked 1 reclaim candidate 0 type array 1
[367.297s][debug][gc,humongous      ] GC(33002) Humongous region 1639 (object size 1048592 @ 0x00000000e6700000) remset 0 code roots 0 marked 1 reclaim candidate 0 type array 1
[367.297s][debug][gc,humongous      ] GC(33002) Humongous region 1641 (object size 1048592 @ 0x00000000e6900000) remset 0 code roots 0 marked 1 reclaim candidate 0 type array 1
[367.297s][debug][gc,humongous      ] GC(33002) Humongous region 520 (object size 1048592 @ 0x00000000a0800000) remset 0 code roots 0 marked 0 reclaim candidate 0 type array 1
[367.297s][debug][gc,humongous      ] GC(33002) Humongous region 1643 (object size 1048592 @ 0x00000000e6b00000) remset 0 code roots 0 marked 1 reclaim candidate 0 type array 1
[367.297s][debug][gc,humongous      ] GC(33002) Humongous region 1645 (object size 1048592 @ 0x00000000e6d00000) remset 0 code roots 0 marked 1 reclaim candidate 0 type array 1
[367.297s][debug][gc,humongous      ] GC(33002) Humongous region 522 (object size 1048592 @ 0x00000000a0a00000) remset 0 code roots 0 marked 1 reclaim candidate 0 type array 1
[367.297s][debug][gc,humongous      ] GC(33002) Humongous region 1485 (object size 1048592 @ 0x00000000dcd00000) remset 0 code roots 0 marked 1 reclaim candidate 0 type array 1
[367.297s][debug][gc,humongous      ] GC(33002) Humongous region 1302 (object size 1048592 @ 0x00000000d1600000) remset 0 code roots 0 marked 1 reclaim candidate 0 type array 1
[367.297s][debug][gc,humongous      ] GC(33002) Humongous region 1487 (object size 1048592 @ 0x00000000dcf00000) remset 0 code roots 0 marked 1 reclaim candidate 0 type array 1
[367.297s][debug][gc,humongous      ] GC(33002) Humongous region 992 (object size 1048592 @ 0x00000000be000000) remset 0 code roots 0 marked 1 reclaim candidate 0 type array 1
[367.297s][debug][gc,humongous      ] GC(33002) Humongous region 1970 (object size 1048592 @ 0x00000000fb200000) remset 0 code roots 0 marked 1 reclaim candidate 0 type array 1
[367.297s][debug][gc,humongous      ] GC(33002) Humongous region 1812 (object size 1048592 @ 0x00000000f1400000) remset 0 code roots 0 marked 1 reclaim candidate 0 type array 1
[367.297s][debug][gc,humongous      ] GC(33002) Humongous region 371 (object size 1048592 @ 0x0000000097300000) remset 0 code roots 0 marked 1 reclaim candidate 0 type array 1
[367.297s][debug][gc,humongous      ] GC(33002) Humongous region 58 (object size 1048592 @ 0x0000000083a00000) remset 0 code roots 0 marked 1 reclaim candidate 0 type array 1
[367.297s][debug][gc,humongous      ] GC(33002) Humongous region 373 (object size 1048592 @ 0x0000000097500000) remset 0 code roots 0 marked 1 reclaim candidate 0 type array 1
[367.297s][debug][gc,humongous      ] GC(33002) Humongous region 227 (object size 1048592 @ 0x000000008e300000) remset 0 code roots 0 marked 1 reclaim candidate 0 type array 1
[367.297s][debug][gc,humongous      ] GC(33002) Humongous region 375 (object size 1048592 @ 0x0000000097700000) remset 0 code roots 0 marked 1 reclaim candidate 0 type array 1
[367.297s][debug][gc,humongous      ] GC(33002) Humongous region 524 (object size 1048592 @ 0x00000000a0c00000) remset 0 code roots 0 marked 1 reclaim candidate 0 type array 1
[367.297s][debug][gc,humongous      ] GC(33002) Humongous region 1304 (object size 1048592 @ 0x00000000d1800000) remset 0 code roots 0 marked 1 reclaim candidate 0 type array 1
[367.297s][debug][gc,humongous      ] GC(33002) Humongous region 526 (object size 1048592 @ 0x00000000a0e00000) remset 0 code roots 0 marked 1 reclaim candidate 0 type array 1
[367.297s][debug][gc,humongous      ] GC(33002) Humongous region 1307 (object size 1048592 @ 0x00000000d1b00000) remset 0 code roots 0 marked 1 reclaim candidate 0 type array 1
[367.297s][debug][gc,humongous      ] GC(33002) Humongous region 681 (object size 1048592 @ 0x00000000aa900000) remset 0 code roots 0 marked 1 reclaim candidate 0 type array 1
[367.297s][debug][gc,humongous      ] GC(33002) Humongous region 994 (object size 1048592 @ 0x00000000be200000) remset 0 code roots 0 marked 1 reclaim candidate 0 type array 1
[367.297s][debug][gc,humongous      ] GC(33002) Humongous region 1972 (object size 1048592 @ 0x00000000fb400000) remset 0 code roots 0 marked 1 reclaim candidate 0 type array 1
[367.297s][debug][gc,humongous      ] GC(33002) Humongous region 996 (object size 1048592 @ 0x00000000be400000) remset 0 code roots 0 marked 1 reclaim candidate 0 type array 1
[367.297s][debug][gc,humongous      ] GC(33002) Humongous region 998 (object size 1048592 @ 0x00000000be600000) remset 0 code roots 0 marked 1 reclaim candidate 0 type array 1
[367.297s][debug][gc,humongous      ] GC(33002) Humongous region 1000 (object size 1048592 @ 0x00000000be800000) remset 0 code roots 0 marked 1 reclaim candidate 0 type array 1
[367.297s][debug][gc,humongous      ] GC(33002) Humongous region 1002 (object size 1048592 @ 0x00000000bea00000) remset 0 code roots 0 marked 1 reclaim candidate 0 type array 1
[367.297s][debug][gc,humongous      ] GC(33002) Humongous region 1004 (object size 1048592 @ 0x00000000bec00000) remset 0 code roots 0 marked 1 reclaim candidate 0 type array 1
[367.297s][debug][gc,humongous      ] GC(33002) Humongous region 1006 (object size 1048592 @ 0x00000000bee00000) remset 0 code roots 0 marked 1 reclaim candidate 0 type array 1
[367.297s][debug][gc,humongous      ] GC(33002) Humongous region 1008 (object size 1048592 @ 0x00000000bf000000) remset 0 code roots 0 marked 1 reclaim candidate 0 type array 1
[367.297s][debug][gc,humongous      ] GC(33002) Humongous region 1010 (object size 1048592 @ 0x00000000bf200000) remset 0 code roots 0 marked 1 reclaim candidate 0 type array 1
[367.297s][debug][gc,humongous      ] GC(33002) Humongous region 1309 (object size 1048592 @ 0x00000000d1d00000) remset 0 code roots 0 marked 1 reclaim candidate 0 type array 1
[367.297s][debug][gc,humongous      ] GC(33002) Humongous region 1012 (object size 1048592 @ 0x00000000bf400000) remset 0 code roots 0 marked 1 reclaim candidate 0 type array 1
[367.297s][debug][gc,humongous      ] GC(33002) Humongous region 1311 (object size 1048592 @ 0x00000000d1f00000) remset 0 code roots 0 marked 1 reclaim candidate 0 type array 1
[367.297s][debug][gc,humongous      ] GC(33002) Humongous region 1014 (object size 1048592 @ 0x00000000bf600000) remset 0 code roots 0 marked 1 reclaim candidate 0 type array 1
[367.297s][debug][gc,humongous      ] GC(33002) Humongous region 683 (object size 1048592 @ 0x00000000aab00000) remset 0 code roots 0 marked 1 reclaim candidate 0 type array 1
[367.297s][debug][gc,humongous      ] GC(33002) Humongous region 1016 (object size 1048592 @ 0x00000000bf800000) remset 0 code roots 0 marked 1 reclaim candidate 0 type array 1
[367.297s][debug][gc,humongous      ] GC(33002) Humongous region 377 (object size 1048592 @ 0x0000000097900000) remset 0 code roots 0 marked 1 reclaim candidate 0 type array 1
[367.297s][debug][gc,humongous      ] GC(33002) Humongous region 229 (object size 1048592 @ 0x000000008e500000) remset 0 code roots 0 marked 0 reclaim candidate 0 type array 1
[367.297s][debug][gc,humongous      ] GC(33002) Humongous region 1489 (object size 1048592 @ 0x00000000dd100000) remset 0 code roots 0 marked 1 reclaim candidate 0 type array 1
[367.297s][debug][gc,humongous      ] GC(33002) Humongous region 231 (object size 1048592 @ 0x000000008e700000) remset 0 code roots 0 marked 1 reclaim candidate 1 type array 1
[367.297s][debug][gc,humongous      ] GC(33002) Humongous region 1491 (object size 1048592 @ 0x00000000dd300000) remset 0 code roots 0 marked 1 reclaim candidate 0 type array 1
[367.297s][debug][gc,humongous      ] GC(33002) Humongous region 233 (object size 1048592 @ 0x000000008e900000) remset 0 code roots 0 marked 1 reclaim candidate 0 type array 1
[367.297s][debug][gc,humongous      ] GC(33002) Humongous region 1814 (object size 1048592 @ 0x00000000f1600000) remset 0 code roots 0 marked 1 reclaim candidate 0 type array 1
[367.297s][debug][gc,humongous      ] GC(33002) Humongous region 1816 (object size 1048592 @ 0x00000000f1800000) remset 0 code roots 0 marked 1 reclaim candidate 0 type array 1
[367.297s][debug][gc,humongous      ] GC(33002) Humongous region 235 (object size 1048592 @ 0x000000008eb00000) remset 0 code roots 0 marked 1 reclaim candidate 0 type array 1
[367.297s][debug][gc,humongous      ] GC(33002) Humongous region 1313 (object size 1048592 @ 0x00000000d2100000) remset 0 code roots 0 marked 1 reclaim candidate 0 type array 1
[367.297s][debug][gc,humongous      ] GC(33002) Humongous region 1974 (object size 1048592 @ 0x00000000fb600000) remset 0 code roots 0 marked 0 reclaim candidate 0 type array 1
[367.298s][debug][gc,humongous      ] GC(33002) Humongous region 1315 (object size 1048592 @ 0x00000000d2300000) remset 0 code roots 0 marked 1 reclaim candidate 0 type array 1
[367.298s][debug][gc,humongous      ] GC(33002) Humongous region 1317 (object size 1048592 @ 0x00000000d2500000) remset 0 code roots 0 marked 0 reclaim candidate 1 type array 1
[367.297s][debug][gc,humongous      ] GC(33002) Humongous region 1647 (object size 1048592 @ 0x00000000e6f00000) remset 0 code roots 0 marked 1 reclaim candidate 0 type array 1
[367.298s][debug][gc,humongous      ] GC(33002) Humongous region 1319 (object size 1048592 @ 0x00000000d2700000) remset 0 code roots 0 marked 0 reclaim candidate 0 type array 1
[367.298s][debug][gc,humongous      ] GC(33002) Humongous region 1649 (object size 1048592 @ 0x00000000e7100000) remset 0 code roots 0 marked 1 reclaim candidate 0 type array 1
[367.297s][debug][gc,humongous      ] GC(33002) Humongous region 528 (object size 1048592 @ 0x00000000a1000000) remset 0 code roots 0 marked 1 reclaim candidate 0 type array 1
[367.298s][debug][gc,humongous      ] GC(33002) Humongous region 1651 (object size 1048592 @ 0x00000000e7300000) remset 0 code roots 0 marked 1 reclaim candidate 0 type array 1
[367.297s][debug][gc,humongous      ] GC(33002) Humongous region 1163 (object size 1048592 @ 0x00000000c8b00000) remset 0 code roots 0 marked 1 reclaim candidate 0 type array 1
[367.297s][debug][gc,humongous      ] GC(33002) Humongous region 840 (object size 1048592 @ 0x00000000b4800000) remset 0 code roots 0 marked 1 reclaim candidate 0 type array 1
[367.298s][debug][gc,humongous      ] GC(33002) Humongous region 1165 (object size 1048592 @ 0x00000000c8d00000) remset 0 code roots 0 marked 1 reclaim candidate 0 type array 1
[367.298s][debug][gc,humongous      ] GC(33002) Humongous region 842 (object size 1048592 @ 0x00000000b4a00000) remset 0 code roots 0 marked 1 reclaim candidate 0 type array 1
[367.298s][debug][gc,humongous      ] GC(33002) Humongous region 1167 (object size 1048592 @ 0x00000000c8f00000) remset 0 code roots 0 marked 1 reclaim candidate 0 type array 1
[367.298s][debug][gc,humongous      ] GC(33002) Humongous region 1976 (object size 1048592 @ 0x00000000fb800000) remset 0 code roots 0 marked 1 reclaim candidate 0 type array 1
[367.297s][debug][gc,humongous      ] GC(33002) Humongous region 379 (object size 1048592 @ 0x0000000097b00000) remset 0 code roots 0 marked 1 reclaim candidate 0 type array 1
[367.297s][debug][gc,humongous      ] GC(33002) Humongous region 1493 (object size 1048592 @ 0x00000000dd500000) remset 0 code roots 0 marked 1 reclaim candidate 0 type array 1
[367.298s][debug][gc,humongous      ] GC(33002) Humongous region 1321 (object size 1048592 @ 0x00000000d2900000) remset 0 code roots 0 marked 1 reclaim candidate 0 type array 1
[367.297s][debug][gc,humongous      ] GC(33002) Humongous region 60 (object size 1048592 @ 0x0000000083c00000) remset 0 code roots 0 marked 1 reclaim candidate 0 type array 1
[367.298s][debug][gc,humongous      ] GC(33002) Humongous region 1818 (object size 1048592 @ 0x00000000f1a00000) remset 0 code roots 0 marked 1 reclaim candidate 0 type array 1
[367.298s][debug][gc,humongous      ] GC(33002) Humongous region 62 (object size 1048592 @ 0x0000000083e00000) remset 0 code roots 0 marked 1 reclaim candidate 0 type array 1
[367.298s][debug][gc,humongous      ] GC(33002) Humongous region 1820 (object size 1048592 @ 0x00000000f1c00000) remset 0 code roots 0 marked 1 reclaim candidate 0 type array 1
[367.298s][debug][gc,humongous      ] GC(33002) Humongous region 64 (object size 1048592 @ 0x0000000084000000) remset 0 code roots 0 marked 1 reclaim candidate 0 type array 1
[367.298s][debug][gc,humongous      ] GC(33002) Humongous region 1822 (object size 1048592 @ 0x00000000f1e00000) remset 0 code roots 0 marked 1 reclaim candidate 0 type array 1
[367.298s][debug][gc,humongous      ] GC(33002) Humongous region 66 (object size 1048592 @ 0x0000000084200000) remset 0 code roots 0 marked 1 reclaim candidate 0 type array 1
[367.298s][debug][gc,humongous      ] GC(33002) Humongous region 1824 (object size 1048592 @ 0x00000000f2000000) remset 0 code roots 0 marked 1 reclaim candidate 0 type array 1
[367.298s][debug][gc,humongous      ] GC(33002) Humongous region 68 (object size 1048592 @ 0x0000000084400000) remset 0 code roots 0 marked 1 reclaim candidate 0 type array 1
[367.298s][debug][gc,humongous      ] GC(33002) Humongous region 1826 (object size 1048592 @ 0x00000000f2200000) remset 0 code roots 0 marked 1 reclaim candidate 0 type array 1
[367.298s][debug][gc,humongous      ] GC(33002) Humongous region 70 (object size 1048592 @ 0x0000000084600000) remset 0 code roots 0 marked 1 reclaim candidate 0 type array 1
[367.298s][debug][gc,humongous      ] GC(33002) Humongous region 1828 (object size 1048592 @ 0x00000000f2400000) remset 0 code roots 0 marked 1 reclaim candidate 0 type array 1
[367.298s][debug][gc,humongous      ] GC(33002) Humongous region 72 (object size 1048592 @ 0x0000000084800000) remset 0 code roots 0 marked 1 reclaim candidate 0 type array 1
[367.298s][debug][gc,humongous      ] GC(33002) Humongous region 1653 (object size 1048592 @ 0x00000000e7500000) remset 0 code roots 0 marked 1 reclaim candidate 0 type array 1
[367.298s][debug][gc,humongous      ] GC(33002) Humongous region 1830 (object size 1048592 @ 0x00000000f2600000) remset 0 code roots 0 marked 1 reclaim candidate 0 type array 1
[367.298s][debug][gc,humongous      ] GC(33002) Humongous region 74 (object size 1048592 @ 0x0000000084a00000) remset 0 code roots 0 marked 1 reclaim candidate 0 type array 1
[367.298s][debug][gc,humongous      ] GC(33002) Humongous region 76 (object size 1048592 @ 0x0000000084c00000) remset 0 code roots 0 marked 1 reclaim candidate 0 type array 1
[367.298s][debug][gc,humongous      ] GC(33002) Humongous region 1832 (object size 1048592 @ 0x00000000f2800000) remset 0 code roots 0 marked 1 reclaim candidate 0 type array 1
[367.298s][debug][gc,humongous      ] GC(33002) Humongous region 1978 (object size 1048592 @ 0x00000000fba00000) remset 0 code roots 0 marked 1 reclaim candidate 0 type array 1
[367.298s][debug][gc,humongous      ] GC(33002) Humongous region 1323 (object size 1048592 @ 0x00000000d2b00000) remset 0 code roots 0 marked 1 reclaim candidate 0 type array 1
[367.298s][debug][gc,humongous      ] GC(33002) Humongous region 1980 (object size 1048592 @ 0x00000000fbc00000) remset 0 code roots 0 marked 1 reclaim candidate 0 type array 1
[367.298s][debug][gc,humongous      ] GC(33002) Humongous region 1325 (object size 1048592 @ 0x00000000d2d00000) remset 0 code roots 0 marked 1 reclaim candidate 0 type array 1
[367.298s][debug][gc,humongous      ] GC(33002) Humongous region 1982 (object size 1048592 @ 0x00000000fbe00000) remset 0 code roots 0 marked 1 reclaim candidate 0 type array 1
[367.298s][debug][gc,humongous      ] GC(33002) Humongous region 1327 (object size 1048592 @ 0x00000000d2f00000) remset 0 code roots 0 marked 1 reclaim candidate 0 type array 1
[367.297s][debug][gc,humongous      ] GC(33002) Humongous region 685 (object size 1048592 @ 0x00000000aad00000) remset 0 code roots 0 marked 1 reclaim candidate 0 type array 1
[367.298s][debug][gc,humongous      ] GC(33002) Humongous region 1655 (object size 1048592 @ 0x00000000e7700000) remset 0 code roots 0 marked 1 reclaim candidate 0 type array 1
[367.298s][debug][gc,humongous      ] GC(33002) Humongous region 1657 (object size 1048592 @ 0x00000000e7900000) remset 0 code roots 0 marked 1 reclaim candidate 0 type array 1
[367.298s][debug][gc,humongous      ] GC(33002) Humongous region 1659 (object size 1048592 @ 0x00000000e7b00000) remset 0 code roots 0 marked 1 reclaim candidate 0 type array 1
[367.298s][debug][gc,humongous      ] GC(33002) Humongous region 1661 (object size 1048592 @ 0x00000000e7d00000) remset 0 code roots 0 marked 1 reclaim candidate 0 type array 1
[367.298s][debug][gc,humongous      ] GC(33002) Humongous region 1663 (object size 1048592 @ 0x00000000e7f00000) remset 0 code roots 0 marked 1 reclaim candidate 0 type array 1
[367.298s][debug][gc,humongous      ] GC(33002) Humongous region 1665 (object size 1048592 @ 0x00000000e8100000) remset 0 code roots 0 marked 1 reclaim candidate 0 type array 1
[367.298s][debug][gc,humongous      ] GC(33002) Humongous region 1667 (object size 1048592 @ 0x00000000e8300000) remset 0 code roots 0 marked 1 reclaim candidate 0 type array 1
[367.298s][debug][gc,humongous      ] GC(33002) Humongous region 1984 (object size 1048592 @ 0x00000000fc000000) remset 0 code roots 0 marked 1 reclaim candidate 0 type array 1
[367.298s][debug][gc,humongous      ] GC(33002) Humongous region 1669 (object size 1048592 @ 0x00000000e8500000) remset 0 code roots 0 marked 1 reclaim candidate 0 type array 1
[367.298s][debug][gc,humongous      ] GC(33002) Humongous region 1986 (object size 1048592 @ 0x00000000fc200000) remset 0 code roots 0 marked 0 reclaim candidate 0 type array 1
[367.298s][debug][gc,humongous      ] GC(33002) Humongous region 1672 (object size 1048592 @ 0x00000000e8800000) remset 0 code roots 0 marked 1 reclaim candidate 0 type array 1
[367.298s][debug][gc,humongous      ] GC(33002) Humongous region 687 (object size 1048592 @ 0x00000000aaf00000) remset 0 code roots 0 marked 1 reclaim candidate 0 type array 1
[367.298s][debug][gc,humongous      ] GC(33002) Humongous region 1674 (object size 1048592 @ 0x00000000e8a00000) remset 0 code roots 0 marked 1 reclaim candidate 0 type array 1
[367.297s][debug][gc,humongous      ] GC(33002) Humongous region 1018 (object size 1048592 @ 0x00000000bfa00000) remset 0 code roots 0 marked 1 reclaim candidate 0 type array 1
[367.298s][debug][gc,humongous      ] GC(33002) Humongous region 78 (object size 1048592 @ 0x0000000084e00000) remset 0 code roots 0 marked 1 reclaim candidate 0 type array 1
[367.298s][debug][gc,humongous      ] GC(33002) Humongous region 1169 (object size 1048592 @ 0x00000000c9100000) remset 0 code roots 0 marked 1 reclaim candidate 0 type array 1
[367.298s][debug][gc,humongous      ] GC(33002) Humongous region 1171 (object size 1048592 @ 0x00000000c9300000) remset 0 code roots 0 marked 1 reclaim candidate 0 type array 1
[367.298s][debug][gc,humongous      ] GC(33002) Humongous region 1173 (object size 1048592 @ 0x00000000c9500000) remset 0 code roots 0 marked 1 reclaim candidate 0 type array 1
[367.298s][debug][gc,humongous      ] GC(33002) Humongous region 1175 (object size 1048592 @ 0x00000000c9700000) remset 0 code roots 0 marked 1 reclaim candidate 0 type array 1
[367.298s][debug][gc,humongous      ] GC(33002) Humongous region 1988 (object size 1048592 @ 0x00000000fc400000) remset 0 code roots 0 marked 1 reclaim candidate 0 type array 1
[367.298s][debug][gc,humongous      ] GC(33002) Humongous region 1177 (object size 1048592 @ 0x00000000c9900000) remset 0 code roots 0 marked 1 reclaim candidate 0 type array 1
[367.298s][debug][gc,humongous      ] GC(33002) Humongous region 1676 (object size 1048592 @ 0x00000000e8c00000) remset 0 code roots 0 marked 1 reclaim candidate 0 type array 1
[367.298s][debug][gc,humongous      ] GC(33002) Humongous region 1179 (object size 1048592 @ 0x00000000c9b00000) remset 0 code roots 0 marked 1 reclaim candidate 0 type array 1
[367.298s][debug][gc,humongous      ] GC(33002) Humongous region 1834 (object size 1048592 @ 0x00000000f2a00000) remset 0 code roots 0 marked 1 reclaim candidate 0 type array 1
[367.298s][debug][gc,humongous      ] GC(33002) Humongous region 689 (object size 1048592 @ 0x00000000ab100000) remset 0 code roots 0 marked 1 reclaim candidate 0 type array 1
[367.298s][debug][gc,humongous      ] GC(33002) Humongous region 1836 (object size 1048592 @ 0x00000000f2c00000) remset 0 code roots 0 marked 1 reclaim candidate 0 type array 1
[367.298s][debug][gc,humongous      ] GC(33002) Humongous region 691 (object size 1048592 @ 0x00000000ab300000) remset 0 code roots 0 marked 1 reclaim candidate 0 type array 1
[367.298s][debug][gc,humongous      ] GC(33002) Humongous region 530 (object size 1048592 @ 0x00000000a1200000) remset 0 code roots 0 marked 1 reclaim candidate 0 type array 1
[367.298s][debug][gc,humongous      ] GC(33002) Humongous region 693 (object size 1048592 @ 0x00000000ab500000) remset 0 code roots 0 marked 1 reclaim candidate 0 type array 1
[367.298s][debug][gc,humongous      ] GC(33002) Humongous region 237 (object size 1048592 @ 0x000000008ed00000) remset 0 code roots 0 marked 1 reclaim candidate 0 type array 1
[367.298s][debug][gc,humongous      ] GC(33002) Humongous region 695 (object size 1048592 @ 0x00000000ab700000) remset 0 code roots 0 marked 1 reclaim candidate 0 type array 1
[367.298s][debug][gc,humongous      ] GC(33002) Humongous region 1329 (object size 1048592 @ 0x00000000d3100000) remset 0 code roots 0 marked 1 reclaim candidate 0 type array 1
[367.298s][debug][gc,humongous      ] GC(33002) Humongous region 697 (object size 1048592 @ 0x00000000ab900000) remset 0 code roots 0 marked 1 reclaim candidate 0 type array 1
[367.298s][debug][gc,humongous      ] GC(33002) Humongous region 1331 (object size 1048592 @ 0x00000000d3300000) remset 0 code roots 0 marked 1 reclaim candidate 0 type array 1
[367.298s][debug][gc,humongous      ] GC(33002) Humongous region 699 (object size 1048592 @ 0x00000000abb00000) remset 0 code roots 0 marked 1 reclaim candidate 0 type array 1
[367.298s][debug][gc,humongous      ] GC(33002) Humongous region 1181 (object size 1048592 @ 0x00000000c9d00000) remset 0 code roots 0 marked 0 reclaim candidate 1 type array 1
[367.298s][debug][gc,humongous      ] GC(33002) Humongous region 1495 (object size 1048592 @ 0x00000000dd700000) remset 0 code roots 0 marked 1 reclaim candidate 0 type array 1
[367.298s][debug][gc,humongous      ] GC(33002) Humongous region 1183 (object size 1048592 @ 0x00000000c9f00000) remset 0 code roots 0 marked 1 reclaim candidate 0 type array 1
[367.298s][debug][gc,humongous      ] GC(33002) Humongous region 1838 (object size 1048592 @ 0x00000000f2e00000) remset 0 code roots 0 marked 1 reclaim candidate 0 type array 1
[367.298s][debug][gc,humongous      ] GC(33002) Humongous region 80 (object size 1048592 @ 0x0000000085000000) remset 0 code roots 0 marked 1 reclaim candidate 0 type array 1
[367.298s][debug][gc,humongous      ] GC(33002) Humongous region 844 (object size 1048592 @ 0x00000000b4c00000) remset 0 code roots 0 marked 1 reclaim candidate 0 type array 1
[367.299s][debug][gc,humongous      ] GC(33002) Humongous region 846 (object size 1048592 @ 0x00000000b4e00000) remset 0 code roots 0 marked 1 reclaim candidate 0 type array 1
[367.298s][debug][gc,humongous      ] GC(33002) Humongous region 239 (object size 1048592 @ 0x000000008ef00000) remset 0 code roots 0 marked 1 reclaim candidate 0 type array 1
[367.299s][debug][gc,humongous      ] GC(33002) Humongous region 848 (object size 1048592 @ 0x00000000b5000000) remset 0 code roots 0 marked 1 reclaim candidate 0 type array 1
[367.298s][debug][gc,humongous      ] GC(33002) Humongous region 381 (object size 1048592 @ 0x0000000097d00000) remset 0 code roots 0 marked 1 reclaim candidate 0 type array 1
[367.299s][debug][gc,humongous      ] GC(33002) Humongous region 850 (object size 1048592 @ 0x00000000b5200000) remset 0 code roots 0 marked 1 reclaim candidate 0 type array 1
[367.298s][debug][gc,humongous      ] GC(33002) Humongous region 701 (object size 1048592 @ 0x00000000abd00000) remset 0 code roots 0 marked 1 reclaim candidate 0 type array 1
[367.298s][debug][gc,humongous      ] GC(33002) Humongous region 1497 (object size 1048592 @ 0x00000000dd900000) remset 0 code roots 0 marked 1 reclaim candidate 0 type array 1
[367.298s][debug][gc,humongous      ] GC(33002) Humongous region 1020 (object size 1048592 @ 0x00000000bfc00000) remset 0 code roots 0 marked 1 reclaim candidate 0 type array 1
[367.299s][debug][gc,humongous      ] GC(33002) Humongous region 1022 (object size 1048592 @ 0x00000000bfe00000) remset 0 code roots 0 marked 1 reclaim candidate 0 type array 1
[367.299s][debug][gc,humongous      ] GC(33002) Humongous region 1024 (object size 1048592 @ 0x00000000c0000000) remset 0 code roots 0 marked 1 reclaim candidate 0 type array 1
[367.299s][debug][gc,humongous      ] GC(33002) Humongous region 1026 (object size 1048592 @ 0x00000000c0200000) remset 0 code roots 0 marked 1 reclaim candidate 0 type array 1
[367.299s][debug][gc,humongous      ] GC(33002) Humongous region 1028 (object size 1048592 @ 0x00000000c0400000) remset 0 code roots 0 marked 1 reclaim candidate 0 type array 1
[367.299s][debug][gc,humongous      ] GC(33002) Humongous region 1030 (object size 1048592 @ 0x00000000c0600000) remset 0 code roots 0 marked 1 reclaim candidate 0 type array 1
[367.299s][debug][gc,humongous      ] GC(33002) Humongous region 1032 (object size 1048592 @ 0x00000000c0800000) remset 0 code roots 0 marked 0 reclaim candidate 1 type array 1
[367.299s][debug][gc,humongous      ] GC(33002) Humongous region 1034 (object size 1048592 @ 0x00000000c0a00000) remset 0 code roots 0 marked 1 reclaim candidate 0 type array 1
[367.299s][debug][gc,humongous      ] GC(33002) Humongous region 1036 (object size 1048592 @ 0x00000000c0c00000) remset 0 code roots 0 marked 1 reclaim candidate 0 type array 1
[367.298s][debug][gc,humongous      ] GC(33002) Humongous region 1990 (object size 1048592 @ 0x00000000fc600000) remset 0 code roots 0 marked 1 reclaim candidate 0 type array 1
[367.299s][debug][gc,humongous      ] GC(33002) Humongous region 1992 (object size 1048592 @ 0x00000000fc800000) remset 0 code roots 0 marked 1 reclaim candidate 0 type array 1
[367.299s][debug][gc,humongous      ] GC(33002) Humongous region 703 (object size 1048592 @ 0x00000000abf00000) remset 0 code roots 0 marked 1 reclaim candidate 0 type array 1
[367.299s][debug][gc,humongous      ] GC(33002) Humongous region 1499 (object size 1048592 @ 0x00000000ddb00000) remset 0 code roots 0 marked 1 reclaim candidate 0 type array 1
[367.299s][debug][gc,humongous      ] GC(33002) Humongous region 705 (object size 1048592 @ 0x00000000ac100000) remset 0 code roots 0 marked 1 reclaim candidate 0 type array 1
[367.299s][debug][gc,humongous      ] GC(33002) Humongous region 1840 (object size 1048592 @ 0x00000000f3000000) remset 0 code roots 0 marked 1 reclaim candidate 0 type array 1
[367.298s][debug][gc,humongous      ] GC(33002) Humongous region 532 (object size 1048592 @ 0x00000000a1400000) remset 0 code roots 0 marked 1 reclaim candidate 0 type array 1
[367.299s][debug][gc,humongous      ] GC(33002) Humongous region 82 (object size 1048592 @ 0x0000000085200000) remset 0 code roots 0 marked 1 reclaim candidate 0 type array 1
[367.299s][debug][gc,humongous      ] GC(33002) Humongous region 534 (object size 1048592 @ 0x00000000a1600000) remset 0 code roots 0 marked 1 reclaim candidate 0 type array 1
[367.299s][debug][gc,humongous      ] GC(33002) Humongous region 85 (object size 1048592 @ 0x0000000085500000) remset 0 code roots 0 marked 1 reclaim candidate 0 type array 1
[367.298s][debug][gc,humongous      ] GC(33002) Humongous region 1678 (object size 1048592 @ 0x00000000e8e00000) remset 0 code roots 0 marked 1 reclaim candidate 0 type array 1
[367.299s][debug][gc,humongous      ] GC(33002) Humongous region 87 (object size 1048592 @ 0x0000000085700000) remset 0 code roots 0 marked 1 reclaim candidate 1 type array 1
[367.299s][debug][gc,humongous      ] GC(33002) Humongous region 1680 (object size 1048592 @ 0x00000000e9000000) remset 0 code roots 0 marked 1 reclaim candidate 0 type array 1
[367.299s][debug][gc,humongous      ] GC(33002) Humongous region 89 (object size 1048592 @ 0x0000000085900000) remset 0 code roots 0 marked 1 reclaim candidate 0 type array 1
[367.299s][debug][gc,humongous      ] GC(33002) Humongous region 1682 (object size 1048592 @ 0x00000000e9200000) remset 0 code roots 0 marked 1 reclaim candidate 0 type array 1
[367.299s][debug][gc,humongous      ] GC(33002) Humongous region 1995 (object size 1048592 @ 0x00000000fcb00000) remset 0 code roots 0 marked 1 reclaim candidate 0 type array 1
[367.299s][debug][gc,humongous      ] GC(33002) Humongous region 1684 (object size 1048592 @ 0x00000000e9400000) remset 0 code roots 0 marked 1 reclaim candidate 0 type array 1
[367.299s][debug][gc,humongous      ] GC(33002) Humongous region 1501 (object size 1048592 @ 0x00000000ddd00000) remset 0 code roots 0 marked 1 reclaim candidate 0 type array 1
[367.299s][debug][gc,humongous      ] GC(33002) Humongous region 707 (object size 1048592 @ 0x00000000ac300000) remset 0 code roots 0 marked 1 reclaim candidate 0 type array 1
[367.299s][debug][gc,humongous      ] GC(33002) Humongous region 1503 (object size 1048592 @ 0x00000000ddf00000) remset 0 code roots 0 marked 1 reclaim candidate 0 type array 1
[367.299s][debug][gc,humongous      ] GC(33002) Humongous region 1842 (object size 1048592 @ 0x00000000f3200000) remset 0 code roots 0 marked 1 reclaim candidate 0 type array 1
[367.299s][debug][gc,humongous      ] GC(33002) Humongous region 1505 (object size 1048592 @ 0x00000000de100000) remset 0 code roots 0 marked 1 reclaim candidate 0 type array 1
[367.299s][debug][gc,humongous      ] GC(33002) Humongous region 1507 (object size 1048592 @ 0x00000000de300000) remset 0 code roots 0 marked 1 reclaim candidate 0 type array 1
[367.299s][debug][gc,humongous      ] GC(33002) Humongous region 1844 (object size 1048592 @ 0x00000000f3400000) remset 0 code roots 0 marked 1 reclaim candidate 0 type array 1
[367.299s][debug][gc,humongous      ] GC(33002) Humongous region 1509 (object size 1048592 @ 0x00000000de500000) remset 0 code roots 0 marked 1 reclaim candidate 0 type array 1
[367.299s][debug][gc,humongous      ] GC(33002) Humongous region 1038 (object size 1048592 @ 0x00000000c0e00000) remset 0 code roots 0 marked 1 reclaim candidate 0 type array 1
[367.299s][debug][gc,humongous      ] GC(33002) Humongous region 1511 (object size 1048592 @ 0x00000000de700000) remset 0 code roots 0 marked 1 reclaim candidate 0 type array 1
[367.299s][debug][gc,humongous      ] GC(33002) Humongous region 1040 (object size 1048592 @ 0x00000000c1000000) remset 0 code roots 0 marked 1 reclaim candidate 0 type array 1
[367.299s][debug][gc,humongous      ] GC(33002) Humongous region 1997 (object size 1048592 @ 0x00000000fcd00000) remset 0 code roots 0 marked 1 reclaim candidate 0 type array 1
[367.299s][debug][gc,humongous      ] GC(33002) Humongous region 1686 (object size 1048592 @ 0x00000000e9600000) remset 0 code roots 0 marked 1 reclaim candidate 0 type array 1
[367.299s][debug][gc,humongous      ] GC(33002) Humongous region 1999 (object size 1048592 @ 0x00000000fcf00000) remset 0 code roots 0 marked 1 reclaim candidate 0 type array 1
[367.299s][debug][gc,humongous      ] GC(33002) Humongous region 709 (object size 1048592 @ 0x00000000ac500000) remset 0 code roots 0 marked 1 reclaim candidate 0 type array 1
[367.299s][debug][gc,humongous      ] GC(33002) Humongous region 2001 (object size 1048592 @ 0x00000000fd100000) remset 0 code roots 0 marked 0 reclaim candidate 1 type array 1
[367.299s][debug][gc,humongous      ] GC(33002) Humongous region 711 (object size 1048592 @ 0x00000000ac700000) remset 0 code roots 0 marked 1 reclaim candidate 0 type array 1
[367.299s][debug][gc,humongous      ] GC(33002) Humongous region 2003 (object size 1048592 @ 0x00000000fd300000) remset 0 code roots 0 marked 1 reclaim candidate 0 type array 1
[367.299s][debug][gc,humongous      ] GC(33002) Humongous region 713 (object size 1048592 @ 0x00000000ac900000) remset 0 code roots 0 marked 1 reclaim candidate 0 type array 1
[367.299s][debug][gc,humongous      ] GC(33002) Humongous region 2005 (object size 1048592 @ 0x00000000fd500000) remset 0 code roots 0 marked 1 reclaim candidate 0 type array 1
[367.299s][debug][gc,humongous      ] GC(33002) Humongous region 715 (object size 1048592 @ 0x00000000acb00000) remset 0 code roots 0 marked 1 reclaim candidate 0 type array 1
[367.298s][debug][gc,humongous      ] GC(33002) Humongous region 1185 (object size 1048592 @ 0x00000000ca100000) remset 0 code roots 0 marked 1 reclaim candidate 0 type array 1
[367.299s][debug][gc,humongous      ] GC(33002) Humongous region 717 (object size 1048592 @ 0x00000000acd00000) remset 0 code roots 0 marked 0 reclaim candidate 1 type array 1
[367.299s][debug][gc,humongous      ] GC(33002) Humongous region 1187 (object size 1048592 @ 0x00000000ca300000) remset 0 code roots 0 marked 1 reclaim candidate 0 type array 1
[367.299s][debug][gc,humongous      ] GC(33002) Humongous region 1189 (object size 1048592 @ 0x00000000ca500000) remset 0 code roots 0 marked 1 reclaim candidate 0 type array 1
[367.299s][debug][gc,humongous      ] GC(33002) Humongous region 536 (object size 1048592 @ 0x00000000a1800000) remset 0 code roots 0 marked 1 reclaim candidate 0 type array 1
[367.299s][debug][gc,humongous      ] GC(33002) Humongous region 1191 (object size 1048592 @ 0x00000000ca700000) remset 0 code roots 0 marked 1 reclaim candidate 0 type array 1
[367.298s][debug][gc,humongous      ] GC(33002) Humongous region 1333 (object size 1048592 @ 0x00000000d3500000) remset 0 code roots 0 marked 1 reclaim candidate 0 type array 1
[367.299s][debug][gc,humongous      ] GC(33002) Humongous region 1193 (object size 1048592 @ 0x00000000ca900000) remset 0 code roots 0 marked 1 reclaim candidate 0 type array 1
[367.299s][debug][gc,humongous      ] GC(33002) Humongous region 383 (object size 1048592 @ 0x0000000097f00000) remset 0 code roots 0 marked 1 reclaim candidate 0 type array 1
[367.300s][debug][gc,humongous      ] GC(33002) Humongous region 1335 (object size 1048592 @ 0x00000000d3700000) remset 0 code roots 0 marked 1 reclaim candidate 0 type array 1
[367.299s][debug][gc,humongous      ] GC(33002) Humongous region 91 (object size 1048592 @ 0x0000000085b00000) remset 0 code roots 0 marked 1 reclaim candidate 0 type array 1
[367.300s][debug][gc,humongous      ] GC(33002) Humongous region 1337 (object size 1048592 @ 0x00000000d3900000) remset 0 code roots 0 marked 0 reclaim candidate 0 type array 1
[367.300s][debug][gc,humongous      ] GC(33002) Humongous region 93 (object size 1048592 @ 0x0000000085d00000) remset 0 code roots 0 marked 1 reclaim candidate 0 type array 1
[367.300s][debug][gc,humongous      ] GC(33002) Humongous region 1339 (object size 1048592 @ 0x00000000d3b00000) remset 0 code roots 0 marked 1 reclaim candidate 0 type array 1
[367.299s][debug][gc,humongous      ] GC(33002) Humongous region 719 (object size 1048592 @ 0x00000000acf00000) remset 0 code roots 0 marked 1 reclaim candidate 0 type array 1
[367.300s][debug][gc,humongous      ] GC(33002) Humongous region 1341 (object size 1048592 @ 0x00000000d3d00000) remset 0 code roots 0 marked 1 reclaim candidate 0 type array 1
[367.300s][debug][gc,humongous      ] GC(33002) Humongous region 721 (object size 1048592 @ 0x00000000ad100000) remset 0 code roots 0 marked 0 reclaim candidate 0 type array 1
[367.300s][debug][gc,humongous      ] GC(33002) Humongous region 1343 (object size 1048592 @ 0x00000000d3f00000) remset 0 code roots 0 marked 1 reclaim candidate 0 type array 1
[367.300s][debug][gc,humongous      ] GC(33002) Humongous region 723 (object size 1048592 @ 0x00000000ad300000) remset 0 code roots 0 marked 1 reclaim candidate 0 type array 1
[367.300s][debug][gc,humongous      ] GC(33002) Humongous region 1345 (object size 1048592 @ 0x00000000d4100000) remset 0 code roots 0 marked 1 reclaim candidate 0 type array 1
[367.300s][debug][gc,humongous      ] GC(33002) Humongous region 725 (object size 1048592 @ 0x00000000ad500000) remset 0 code roots 0 marked 1 reclaim candidate 0 type array 1
[367.300s][debug][gc,humongous      ] GC(33002) Humongous region 385 (object size 1048592 @ 0x0000000098100000) remset 0 code roots 0 marked 1 reclaim candidate 0 type array 1
[367.299s][debug][gc,humongous      ] GC(33002) Humongous region 1513 (object size 1048592 @ 0x00000000de900000) remset 0 code roots 0 marked 1 reclaim candidate 0 type array 1
[367.300s][debug][gc,humongous      ] GC(33002) Humongous region 387 (object size 1048592 @ 0x0000000098300000) remset 0 code roots 0 marked 1 reclaim candidate 0 type array 1
[367.299s][debug][gc,humongous      ] GC(33002) Humongous region 2007 (object size 1048592 @ 0x00000000fd700000) remset 0 code roots 0 marked 1 reclaim candidate 0 type array 1
[367.300s][debug][gc,humongous      ] GC(33002) Humongous region 95 (object size 1048592 @ 0x0000000085f00000) remset 0 code roots 0 marked 1 reclaim candidate 0 type array 1
[367.300s][debug][gc,humongous      ] GC(33002) Humongous region 97 (object size 1048592 @ 0x0000000086100000) remset 0 code roots 0 marked 1 reclaim candidate 0 type array 1
[367.300s][debug][gc,humongous      ] GC(33002) Humongous region 99 (object size 1048592 @ 0x0000000086300000) remset 0 code roots 0 marked 1 reclaim candidate 0 type array 1
[367.300s][debug][gc,humongous      ] GC(33002) Humongous region 538 (object size 1048592 @ 0x00000000a1a00000) remset 0 code roots 0 marked 1 reclaim candidate 0 type array 1
[367.300s][debug][gc,humongous      ] GC(33002) Humongous region 540 (object size 1048592 @ 0x00000000a1c00000) remset 0 code roots 0 marked 1 reclaim candidate 0 type array 1
[367.300s][debug][gc,humongous      ] GC(33002) Humongous region 542 (object size 1048592 @ 0x00000000a1e00000) remset 0 code roots 0 marked 1 reclaim candidate 0 type array 1
[367.300s][debug][gc,humongous      ] GC(33002) Humongous region 544 (object size 1048592 @ 0x00000000a2000000) remset 0 code roots 0 marked 1 reclaim candidate 0 type array 1
[367.300s][debug][gc,humongous      ] GC(33002) Humongous region 546 (object size 1048592 @ 0x00000000a2200000) remset 0 code roots 0 marked 1 reclaim candidate 0 type array 1
[367.300s][debug][gc,humongous      ] GC(33002) Humongous region 548 (object size 1048592 @ 0x00000000a2400000) remset 0 code roots 0 marked 1 reclaim candidate 0 type array 1
[367.300s][debug][gc,humongous      ] GC(33002) Humongous region 550 (object size 1048592 @ 0x00000000a2600000) remset 0 code roots 0 marked 0 reclaim candidate 1 type array 1
[367.300s][debug][gc,humongous      ] GC(33002) Humongous region 552 (object size 1048592 @ 0x00000000a2800000) remset 0 code roots 0 marked 1 reclaim candidate 0 type array 1
[367.300s][debug][gc,humongous      ] GC(33002) Humongous region 554 (object size 1048592 @ 0x00000000a2a00000) remset 0 code roots 0 marked 1 reclaim candidate 0 type array 1
[367.300s][debug][gc,humongous      ] GC(33002) Humongous region 556 (object size 1048592 @ 0x00000000a2c00000) remset 0 code roots 0 marked 1 reclaim candidate 0 type array 1
[367.299s][debug][gc,humongous      ] GC(33002) Humongous region 852 (object size 1048592 @ 0x00000000b5400000) remset 0 code roots 0 marked 1 reclaim candidate 0 type array 1
[367.299s][debug][gc,humongous      ] GC(33002) Humongous region 1688 (object size 1048592 @ 0x00000000e9800000) remset 0 code roots 0 marked 1 reclaim candidate 0 type array 1
[367.300s][debug][gc,humongous      ] GC(33002) Humongous region 1690 (object size 1048592 @ 0x00000000e9a00000) remset 0 code roots 0 marked 1 reclaim candidate 0 type array 1
[367.300s][debug][gc,humongous      ] GC(33002) Humongous region 1692 (object size 1048592 @ 0x00000000e9c00000) remset 0 code roots 0 marked 1 reclaim candidate 0 type array 1
[367.299s][debug][gc,humongous      ] GC(33002) Humongous region 1846 (object size 1048592 @ 0x00000000f3600000) remset 0 code roots 0 marked 1 reclaim candidate 0 type array 1
[367.300s][debug][gc,humongous      ] GC(33002) Humongous region 1694 (object size 1048592 @ 0x00000000e9e00000) remset 0 code roots 0 marked 1 reclaim candidate 0 type array 1
[367.300s][debug][gc,humongous      ] GC(33002) Humongous region 1347 (object size 1048592 @ 0x00000000d4300000) remset 0 code roots 0 marked 1 reclaim candidate 0 type array 1
[367.300s][debug][gc,humongous      ] GC(33002) Humongous region 1696 (object size 1048592 @ 0x00000000ea000000) remset 0 code roots 0 marked 1 reclaim candidate 0 type array 1
[367.299s][debug][gc,humongous      ] GC(33002) Humongous region 242 (object size 1048592 @ 0x000000008f200000) remset 0 code roots 0 marked 1 reclaim candidate 0 type array 1
[367.300s][debug][gc,humongous      ] GC(33002) Humongous region 1515 (object size 1048592 @ 0x00000000deb00000) remset 0 code roots 0 marked 1 reclaim candidate 0 type array 1
[367.300s][debug][gc,humongous      ] GC(33002) Humongous region 244 (object size 1048592 @ 0x000000008f400000) remset 0 code roots 0 marked 1 reclaim candidate 0 type array 1
[367.300s][debug][gc,humongous      ] GC(33002) Humongous region 246 (object size 1048592 @ 0x000000008f600000) remset 0 code roots 0 marked 1 reclaim candidate 0 type array 1
[367.300s][debug][gc,humongous      ] GC(33002) Humongous region 248 (object size 1048592 @ 0x000000008f800000) remset 0 code roots 0 marked 1 reclaim candidate 0 type array 1
[367.300s][debug][gc,humongous      ] GC(33002) Humongous region 558 (object size 1048592 @ 0x00000000a2e00000) remset 0 code roots 0 marked 1 reclaim candidate 0 type array 1
[367.300s][debug][gc,humongous      ] GC(33002) Humongous region 560 (object size 1048592 @ 0x00000000a3000000) remset 0 code roots 0 marked 1 reclaim candidate 0 type array 1
[367.300s][debug][gc,humongous      ] GC(33002) Humongous region 562 (object size 1048592 @ 0x00000000a3200000) remset 0 code roots 0 marked 1 reclaim candidate 0 type array 1
[367.300s][debug][gc,humongous      ] GC(33002) Humongous region 727 (object size 1048592 @ 0x00000000ad700000) remset 0 code roots 0 marked 1 reclaim candidate 0 type array 1
[367.300s][debug][gc,humongous      ] GC(33002) Humongous region 729 (object size 1048592 @ 0x00000000ad900000) remset 0 code roots 0 marked 1 reclaim candidate 0 type array 1
[367.300s][debug][gc,humongous      ] GC(33002) Humongous region 731 (object size 1048592 @ 0x00000000adb00000) remset 0 code roots 0 marked 1 reclaim candidate 0 type array 1
[367.300s][debug][gc,humongous      ] GC(33002) Humongous region 1698 (object size 1048592 @ 0x00000000ea200000) remset 0 code roots 0 marked 1 reclaim candidate 0 type array 1
[367.300s][debug][gc,humongous      ] GC(33002) Humongous region 733 (object size 1048592 @ 0x00000000add00000) remset 0 code roots 0 marked 1 reclaim candidate 0 type array 1
[367.300s][debug][gc,humongous      ] GC(33002) Humongous region 1700 (object size 1048592 @ 0x00000000ea400000) remset 0 code roots 0 marked 1 reclaim candidate 0 type array 1
[367.300s][debug][gc,humongous      ] GC(33002) Humongous region 735 (object size 1048592 @ 0x00000000adf00000) remset 0 code roots 0 marked 1 reclaim candidate 0 type array 1
[367.299s][debug][gc,humongous      ] GC(33002) Humongous region 1042 (object size 1048592 @ 0x00000000c1200000) remset 0 code roots 0 marked 1 reclaim candidate 0 type array 1
[367.301s][debug][gc,humongous      ] GC(33002) Humongous region 737 (object size 1048592 @ 0x00000000ae100000) remset 0 code roots 0 marked 1 reclaim candidate 0 type array 1
[367.300s][debug][gc,humongous      ] GC(33002) Humongous region 250 (object size 1048592 @ 0x000000008fa00000) remset 0 code roots 0 marked 1 reclaim candidate 0 type array 1
[367.301s][debug][gc,humongous      ] GC(33002) Humongous region 1044 (object size 1048592 @ 0x00000000c1400000) remset 0 code roots 0 marked 1 reclaim candidate 0 type array 1
[367.301s][debug][gc,humongous      ] GC(33002) Humongous region 252 (object size 1048592 @ 0x000000008fc00000) remset 0 code roots 0 marked 1 reclaim candidate 0 type array 1
[367.300s][debug][gc,humongous      ] GC(33002) Humongous region 1195 (object size 1048592 @ 0x00000000cab00000) remset 0 code roots 0 marked 1 reclaim candidate 0 type array 1
[367.300s][debug][gc,humongous      ] GC(33002) Humongous region 564 (object size 1048592 @ 0x00000000a3400000) remset 0 code roots 0 marked 1 reclaim candidate 0 type array 1
[367.300s][debug][gc,humongous      ] GC(33002) Humongous region 1349 (object size 1048592 @ 0x00000000d4500000) remset 0 code roots 0 marked 1 reclaim candidate 0 type array 1
[367.301s][debug][gc,humongous      ] GC(33002) Humongous region 1702 (object size 1048592 @ 0x00000000ea600000) remset 0 code roots 0 marked 1 reclaim candidate 0 type array 1
[367.301s][debug][gc,humongous      ] GC(33002) Humongous region 1704 (object size 1048592 @ 0x00000000ea800000) remset 0 code roots 0 marked 1 reclaim candidate 0 type array 1
[367.301s][debug][gc,humongous      ] GC(33002) Humongous region 1706 (object size 1048592 @ 0x00000000eaa00000) remset 0 code roots 0 marked 1 reclaim candidate 0 type array 1
[367.300s][debug][gc,humongous      ] GC(33002) Humongous region 1517 (object size 1048592 @ 0x00000000ded00000) remset 0 code roots 0 marked 1 reclaim candidate 0 type array 1
[367.300s][debug][gc,humongous      ] GC(33002) Humongous region 854 (object size 1048592 @ 0x00000000b5600000) remset 0 code roots 0 marked 1 reclaim candidate 0 type array 1
[367.301s][debug][gc,humongous      ] GC(33002) Humongous region 856 (object size 1048592 @ 0x00000000b5800000) remset 0 code roots 0 marked 1 reclaim candidate 0 type array 1
[367.301s][debug][gc,humongous      ] GC(33002) Humongous region 1046 (object size 1048592 @ 0x00000000c1600000) remset 0 code roots 0 marked 1 reclaim candidate 0 type array 1
[367.300s][debug][gc,humongous      ] GC(33002) Humongous region 101 (object size 1048592 @ 0x0000000086500000) remset 0 code roots 0 marked 1 reclaim candidate 0 type array 1
[367.301s][debug][gc,humongous      ] GC(33002) Humongous region 1048 (object size 1048592 @ 0x00000000c1800000) remset 0 code roots 0 marked 1 reclaim candidate 0 type array 1
[367.301s][debug][gc,humongous      ] GC(33002) Humongous region 103 (object size 1048592 @ 0x0000000086700000) remset 0 code roots 0 marked 1 reclaim candidate 0 type array 1
[367.301s][debug][gc,humongous      ] GC(33002) Humongous region 254 (object size 1048592 @ 0x000000008fe00000) remset 0 code roots 0 marked 1 reclaim candidate 0 type array 1
[367.301s][debug][gc,humongous      ] GC(33002) Humongous region 1050 (object size 1048592 @ 0x00000000c1a00000) remset 0 code roots 0 marked 1 reclaim candidate 0 type array 1
[367.301s][debug][gc,humongous      ] GC(33002) Humongous region 256 (object size 1048592 @ 0x0000000090000000) remset 0 code roots 0 marked 1 reclaim candidate 0 type array 1
[367.301s][debug][gc,humongous      ] GC(33002) Humongous region 258 (object size 1048592 @ 0x0000000090200000) remset 0 code roots 0 marked 1 reclaim candidate 0 type array 1
[367.300s][debug][gc,humongous      ] GC(33002) Humongous region 2009 (object size 1048592 @ 0x00000000fd900000) remset 0 code roots 0 marked 1 reclaim candidate 0 type array 1
[367.301s][debug][gc,humongous      ] GC(33002) Humongous region 260 (object size 1048592 @ 0x0000000090400000) remset 0 code roots 0 marked 1 reclaim candidate 0 type array 1
[367.301s][debug][gc,humongous      ] GC(33002) Humongous region 2011 (object size 1048592 @ 0x00000000fdb00000) remset 0 code roots 0 marked 1 reclaim candidate 0 type array 1
[367.301s][debug][gc,humongous      ] GC(33002) Humongous region 2013 (object size 1048592 @ 0x00000000fdd00000) remset 0 code roots 0 marked 1 reclaim candidate 0 type array 1
[367.301s][debug][gc,humongous      ] GC(33002) Humongous region 1519 (object size 1048592 @ 0x00000000def00000) remset 0 code roots 0 marked 1 reclaim candidate 0 type array 1
[367.301s][debug][gc,humongous      ] GC(33002) Humongous region 2015 (object size 1048592 @ 0x00000000fdf00000) remset 0 code roots 0 marked 1 reclaim candidate 0 type array 1
[367.300s][debug][gc,humongous      ] GC(33002) Humongous region 1848 (object size 1048592 @ 0x00000000f3800000) remset 0 code roots 0 marked 1 reclaim candidate 0 type array 1
[367.301s][debug][gc,humongous      ] GC(33002) Humongous region 2017 (object size 1048592 @ 0x00000000fe100000) remset 0 code roots 0 marked 1 reclaim candidate 0 type array 1
[367.301s][debug][gc,humongous      ] GC(33002) Humongous region 105 (object size 1048592 @ 0x0000000086900000) remset 0 code roots 0 marked 1 reclaim candidate 0 type array 1
[367.301s][debug][gc,humongous      ] GC(33002) Humongous region 2019 (object size 1048592 @ 0x00000000fe300000) remset 0 code roots 0 marked 1 reclaim candidate 0 type array 1
[367.300s][debug][gc,humongous      ] GC(33002) Humongous region 389 (object size 1048592 @ 0x0000000098500000) remset 0 code roots 0 marked 1 reclaim candidate 1 type array 1
[367.301s][debug][gc,humongous      ] GC(33002) Humongous region 2021 (object size 1048592 @ 0x00000000fe500000) remset 0 code roots 0 marked 1 reclaim candidate 0 type array 1
[367.301s][debug][gc,humongous      ] GC(33002) Humongous region 1351 (object size 1048592 @ 0x00000000d4700000) remset 0 code roots 0 marked 1 reclaim candidate 0 type array 1
[367.301s][debug][gc,humongous      ] GC(33002) Humongous region 2023 (object size 1048592 @ 0x00000000fe700000) remset 0 code roots 0 marked 1 reclaim candidate 0 type array 1
[367.301s][debug][gc,humongous      ] GC(33002) Humongous region 1353 (object size 1048592 @ 0x00000000d4900000) remset 0 code roots 0 marked 1 reclaim candidate 0 type array 1
[367.301s][debug][gc,humongous      ] GC(33002) Humongous region 1708 (object size 1048592 @ 0x00000000eac00000) remset 0 code roots 0 marked 1 reclaim candidate 0 type array 1
[367.301s][debug][gc,humongous      ] GC(33002) Humongous region 1521 (object size 1048592 @ 0x00000000df100000) remset 0 code roots 0 marked 1 reclaim candidate 0 type array 1
[367.301s][debug][gc,humongous      ] GC(33002) Humongous region 1197 (object size 1048592 @ 0x00000000cad00000) remset 0 code roots 0 marked 1 reclaim candidate 0 type array 1
[367.301s][debug][gc,humongous      ] GC(33002) Humongous region 1523 (object size 1048592 @ 0x00000000df300000) remset 0 code roots 0 marked 1 reclaim candidate 0 type array 1
[367.301s][debug][gc,humongous      ] GC(33002) Humongous region 1199 (object size 1048592 @ 0x00000000caf00000) remset 0 code roots 0 marked 1 reclaim candidate 0 type array 1
[367.301s][debug][gc,humongous      ] GC(33002) Humongous region 1525 (object size 1048592 @ 0x00000000df500000) remset 0 code roots 0 marked 1 reclaim candidate 0 type array 1
[367.301s][debug][gc,humongous      ] GC(33002) Humongous region 1052 (object size 1048592 @ 0x00000000c1c00000) remset 0 code roots 0 marked 1 reclaim candidate 0 type array 1
[367.301s][debug][gc,humongous      ] GC(33002) Humongous region 391 (object size 1048592 @ 0x0000000098700000) remset 0 code roots 0 marked 1 reclaim candidate 0 type array 1
[367.301s][debug][gc,humongous      ] GC(33002) Humongous region 393 (object size 1048592 @ 0x0000000098900000) remset 0 code roots 0 marked 1 reclaim candidate 0 type array 1
[367.301s][debug][gc,humongous      ] GC(33002) Humongous region 858 (object size 1048592 @ 0x00000000b5a00000) remset 0 code roots 0 marked 1 reclaim candidate 0 type array 1
[367.301s][debug][gc,humongous      ] GC(33002) Humongous region 860 (object size 1048592 @ 0x00000000b5c00000) remset 0 code roots 0 marked 1 reclaim candidate 0 type array 1
[367.301s][debug][gc,humongous      ] GC(33002) Humongous region 1355 (object size 1048592 @ 0x00000000d4b00000) remset 0 code roots 0 marked 1 reclaim candidate 0 type array 1
[367.301s][debug][gc,humongous      ] GC(33002) Humongous region 1710 (object size 1048592 @ 0x00000000eae00000) remset 0 code roots 0 marked 1 reclaim candidate 0 type array 1
[367.301s][debug][gc,humongous      ] GC(33002) Humongous region 1712 (object size 1048592 @ 0x00000000eb000000) remset 0 code roots 0 marked 1 reclaim candidate 0 type array 1
[367.301s][debug][gc,humongous      ] GC(33002) Humongous region 1714 (object size 1048592 @ 0x00000000eb200000) remset 0 code roots 0 marked 1 reclaim candidate 0 type array 1
[367.301s][debug][gc,humongous      ] GC(33002) Humongous region 107 (object size 1048592 @ 0x0000000086b00000) remset 0 code roots 0 marked 1 reclaim candidate 0 type array 1
[367.301s][debug][gc,humongous      ] GC(33002) Humongous region 1201 (object size 1048592 @ 0x00000000cb100000) remset 0 code roots 0 marked 1 reclaim candidate 0 type array 1
[367.301s][debug][gc,humongous      ] GC(33002) Humongous region 1203 (object size 1048592 @ 0x00000000cb300000) remset 0 code roots 0 marked 1 reclaim candidate 0 type array 1
[367.301s][debug][gc,humongous      ] GC(33002) Humongous region 1205 (object size 1048592 @ 0x00000000cb500000) remset 0 code roots 0 marked 1 reclaim candidate 0 type array 1
[367.301s][debug][gc,humongous      ] GC(33002) Humongous region 1054 (object size 1048592 @ 0x00000000c1e00000) remset 0 code roots 0 marked 0 reclaim candidate 1 type array 1
[367.301s][debug][gc,humongous      ] GC(33002) Humongous region 2025 (object size 1048592 @ 0x00000000fe900000) remset 0 code roots 0 marked 1 reclaim candidate 0 type array 1
[367.301s][debug][gc,humongous      ] GC(33002) Humongous region 2027 (object size 1048592 @ 0x00000000feb00000) remset 0 code roots 0 marked 1 reclaim candidate 0 type array 1
[367.301s][debug][gc,humongous      ] GC(33002) Humongous region 395 (object size 1048592 @ 0x0000000098b00000) remset 0 code roots 0 marked 1 reclaim candidate 0 type array 1
[367.301s][debug][gc,humongous      ] GC(33002) Humongous region 2029 (object size 1048592 @ 0x00000000fed00000) remset 0 code roots 0 marked 1 reclaim candidate 0 type array 1
[367.301s][debug][gc,humongous      ] GC(33002) Humongous region 2031 (object size 1048592 @ 0x00000000fef00000) remset 0 code roots 0 marked 0 reclaim candidate 0 type array 1
[367.301s][debug][gc,humongous      ] GC(33002) Humongous region 397 (object size 1048592 @ 0x0000000098d00000) remset 0 code roots 0 marked 1 reclaim candidate 0 type array 1
[367.301s][debug][gc,humongous      ] GC(33002) Humongous region 2033 (object size 1048592 @ 0x00000000ff100000) remset 0 code roots 0 marked 1 reclaim candidate 0 type array 1
[367.301s][debug][gc,humongous      ] GC(33002) Humongous region 1357 (object size 1048592 @ 0x00000000d4d00000) remset 0 code roots 0 marked 1 reclaim candidate 0 type array 1
[367.301s][debug][gc,humongous      ] GC(33002) Humongous region 399 (object size 1048592 @ 0x0000000098f00000) remset 0 code roots 0 marked 1 reclaim candidate 0 type array 1
[367.301s][debug][gc,humongous      ] GC(33002) Humongous region 1527 (object size 1048592 @ 0x00000000df700000) remset 0 code roots 0 marked 1 reclaim candidate 0 type array 1
[367.302s][debug][gc,humongous      ] GC(33002) Humongous region 401 (object size 1048592 @ 0x0000000099100000) remset 0 code roots 0 marked 1 reclaim candidate 0 type array 1
[367.302s][debug][gc,humongous      ] GC(33002) Humongous region 403 (object size 1048592 @ 0x0000000099300000) remset 0 code roots 0 marked 1 reclaim candidate 0 type array 1
[367.302s][debug][gc,humongous      ] GC(33002) Humongous region 405 (object size 1048592 @ 0x0000000099500000) remset 0 code roots 0 marked 1 reclaim candidate 0 type array 1
[367.302s][debug][gc,humongous      ] GC(33002) Humongous region 407 (object size 1048592 @ 0x0000000099700000) remset 0 code roots 0 marked 1 reclaim candidate 0 type array 1
[367.302s][debug][gc,humongous      ] GC(33002) Humongous region 409 (object size 1048592 @ 0x0000000099900000) remset 0 code roots 0 marked 1 reclaim candidate 0 type array 1
[367.302s][debug][gc,humongous      ] GC(33002) Humongous region 411 (object size 1048592 @ 0x0000000099b00000) remset 0 code roots 0 marked 1 reclaim candidate 0 type array 1
[367.302s][debug][gc,humongous      ] GC(33002) Humongous region 413 (object size 1048592 @ 0x0000000099d00000) remset 0 code roots 0 marked 1 reclaim candidate 0 type array 1
[367.302s][debug][gc,humongous      ] GC(33002) Humongous region 415 (object size 1048592 @ 0x0000000099f00000) remset 0 code roots 0 marked 1 reclaim candidate 0 type array 1
[367.302s][debug][gc,humongous      ] GC(33002) Humongous region 417 (object size 1048592 @ 0x000000009a100000) remset 0 code roots 0 marked 1 reclaim candidate 0 type array 1
[367.302s][debug][gc,humongous      ] GC(33002) Humongous region 419 (object size 1048592 @ 0x000000009a300000) remset 0 code roots 0 marked 1 reclaim candidate 0 type array 1
[367.302s][debug][gc,humongous      ] GC(33002) Humongous region 421 (object size 1048592 @ 0x000000009a500000) remset 0 code roots 0 marked 1 reclaim candidate 0 type array 1
[367.302s][debug][gc,humongous      ] GC(33002) Humongous region 423 (object size 1048592 @ 0x000000009a700000) remset 0 code roots 0 marked 1 reclaim candidate 1 type array 1
[367.302s][debug][gc,humongous      ] GC(33002) Humongous region 425 (object size 1048592 @ 0x000000009a900000) remset 0 code roots 0 marked 1 reclaim candidate 0 type array 1
[367.302s][debug][gc,humongous      ] GC(33002) Humongous region 427 (object size 1048592 @ 0x000000009ab00000) remset 0 code roots 0 marked 1 reclaim candidate 0 type array 1
[367.302s][debug][gc,humongous      ] GC(33002) Humongous region 429 (object size 1048592 @ 0x000000009ad00000) remset 0 code roots 0 marked 1 reclaim candidate 0 type array 1
[367.302s][debug][gc,humongous      ] GC(33002) Humongous region 431 (object size 1048592 @ 0x000000009af00000) remset 0 code roots 0 marked 1 reclaim candidate 0 type array 1
[367.302s][debug][gc,humongous      ] GC(33002) Humongous region 433 (object size 1048592 @ 0x000000009b100000) remset 0 code roots 0 marked 1 reclaim candidate 0 type array 1
[367.302s][debug][gc,humongous      ] GC(33002) Humongous region 435 (object size 1048592 @ 0x000000009b300000) remset 0 code roots 0 marked 1 reclaim candidate 0 type array 1
[367.302s][debug][gc,humongous      ] GC(33002) Humongous region 437 (object size 1048592 @ 0x000000009b500000) remset 0 code roots 0 marked 1 reclaim candidate 0 type array 1
[367.302s][debug][gc,humongous      ] GC(33002) Humongous region 439 (object size 1048592 @ 0x000000009b700000) remset 0 code roots 0 marked 1 reclaim candidate 0 type array 1
[367.302s][debug][gc,humongous      ] GC(33002) Humongous region 441 (object size 1048592 @ 0x000000009b900000) remset 0 code roots 0 marked 1 reclaim candidate 0 type array 1
[367.302s][debug][gc,humongous      ] GC(33002) Humongous region 443 (object size 1048592 @ 0x000000009bb00000) remset 0 code roots 0 marked 1 reclaim candidate 0 type array 1
[367.302s][debug][gc,humongous      ] GC(33002) Humongous region 445 (object size 1048592 @ 0x000000009bd00000) remset 0 code roots 0 marked 1 reclaim candidate 0 type array 1
[367.302s][debug][gc,humongous      ] GC(33002) Humongous region 447 (object size 1048592 @ 0x000000009bf00000) remset 0 code roots 0 marked 1 reclaim candidate 0 type array 1
[367.302s][debug][gc,humongous      ] GC(33002) Humongous region 449 (object size 1048592 @ 0x000000009c100000) remset 0 code roots 0 marked 1 reclaim candidate 0 type array 1
[367.302s][debug][gc,humongous      ] GC(33002) Humongous region 451 (object size 1048592 @ 0x000000009c300000) remset 0 code roots 0 marked 1 reclaim candidate 0 type array 1
[367.302s][debug][gc,humongous      ] GC(33002) Humongous region 453 (object size 1048592 @ 0x000000009c500000) remset 0 code roots 0 marked 1 reclaim candidate 0 type array 1
[367.302s][debug][gc,humongous      ] GC(33002) Humongous region 455 (object size 1048592 @ 0x000000009c700000) remset 0 code roots 0 marked 1 reclaim candidate 0 type array 1
[367.302s][debug][gc,humongous      ] GC(33002) Humongous region 457 (object size 1048592 @ 0x000000009c900000) remset 0 code roots 0 marked 1 reclaim candidate 0 type array 1
[367.303s][debug][gc,humongous      ] GC(33002) Humongous region 459 (object size 1048592 @ 0x000000009cb00000) remset 0 code roots 0 marked 1 reclaim candidate 0 type array 1
[367.303s][debug][gc,humongous      ] GC(33002) Humongous region 461 (object size 1048592 @ 0x000000009cd00000) remset 0 code roots 0 marked 1 reclaim candidate 0 type array 1
[367.301s][debug][gc,humongous      ] GC(33002) Humongous region 2036 (object size 1048592 @ 0x00000000ff400000) remset 0 code roots 0 marked 1 reclaim candidate 0 type array 1
[367.303s][debug][gc,humongous      ] GC(33002) Humongous region 2038 (object size 1048592 @ 0x00000000ff600000) remset 0 code roots 0 marked 1 reclaim candidate 0 type array 1
[367.303s][debug][gc,humongous      ] GC(33002) Humongous region 2040 (object size 1048592 @ 0x00000000ff800000) remset 0 code roots 0 marked 1 reclaim candidate 0 type array 1
[367.301s][debug][gc,humongous      ] GC(33002) Humongous region 1359 (object size 1048592 @ 0x00000000d4f00000) remset 0 code roots 0 marked 1 reclaim candidate 0 type array 1
[367.303s][debug][gc,humongous      ] GC(33002) Humongous region 2042 (object size 1048592 @ 0x00000000ffa00000) remset 0 code roots 0 marked 1 reclaim candidate 0 type array 1
[367.303s][debug][gc,humongous      ] GC(33002) Humongous region 1361 (object size 1048592 @ 0x00000000d5100000) remset 0 code roots 0 marked 1 reclaim candidate 0 type array 1
[367.302s][debug][gc,humongous      ] GC(33002) Humongous region 1529 (object size 1048592 @ 0x00000000df900000) remset 0 code roots 0 marked 1 reclaim candidate 0 type array 1
[367.303s][debug][gc,humongous      ] GC(33002) Humongous region 1531 (object size 1048592 @ 0x00000000dfb00000) remset 0 code roots 0 marked 0 reclaim candidate 0 type array 1
[367.301s][debug][gc,humongous      ] GC(33002) Humongous region 1056 (object size 1048592 @ 0x00000000c2000000) remset 0 code roots 0 marked 1 reclaim candidate 0 type array 1
[367.303s][debug][gc,humongous      ] GC(33002) Humongous region 1533 (object size 1048592 @ 0x00000000dfd00000) remset 0 code roots 0 marked 1 reclaim candidate 0 type array 1
[367.301s][debug][gc,humongous      ] GC(33002) Humongous region 862 (object size 1048592 @ 0x00000000b5e00000) remset 0 code roots 0 marked 1 reclaim candidate 0 type array 1
[367.303s][debug][gc,humongous      ] GC(33002) Humongous region 1058 (object size 1048592 @ 0x00000000c2200000) remset 0 code roots 0 marked 0 reclaim candidate 1 type array 1
[367.301s][debug][gc,humongous      ] GC(33002) Humongous region 566 (object size 1048592 @ 0x00000000a3600000) remset 0 code roots 0 marked 1 reclaim candidate 0 type array 1
[367.303s][debug][gc,humongous      ] GC(33002) Humongous region 1060 (object size 1048592 @ 0x00000000c2400000) remset 0 code roots 0 marked 0 reclaim candidate 1 type array 1
[367.303s][debug][gc,humongous      ] GC(33002) Humongous region 463 (object size 1048592 @ 0x000000009cf00000) remset 0 code roots 0 marked 1 reclaim candidate 0 type array 1
[367.301s][debug][gc,humongous      ] GC(33002) Humongous region 109 (object size 1048592 @ 0x0000000086d00000) remset 0 code roots 0 marked 1 reclaim candidate 0 type array 1
[367.303s][debug][gc,humongous      ] GC(33002) Humongous region 2044 (object size 1048592 @ 0x00000000ffc00000) remset 0 code roots 0 marked 1 reclaim candidate 0 type array 1
[367.301s][debug][gc,humongous      ] GC(33002) Humongous region 739 (object size 1048592 @ 0x00000000ae300000) remset 0 code roots 0 marked 1 reclaim candidate 0 type array 1
[367.303s][debug][gc,humongous      ] GC(33002) Humongous region 741 (object size 1048592 @ 0x00000000ae500000) remset 0 code roots 0 marked 1 reclaim candidate 0 type array 1
[367.303s][debug][gc,humongous      ] GC(33002) Humongous region 743 (object size 1048592 @ 0x00000000ae700000) remset 0 code roots 0 marked 1 reclaim candidate 0 type array 1
[367.303s][debug][gc,humongous      ] GC(33002) Humongous region 1535 (object size 1048592 @ 0x00000000dff00000) remset 0 code roots 0 marked 1 reclaim candidate 0 type array 1
[367.303s][debug][gc,humongous      ] GC(33002) Humongous region 745 (object size 1048592 @ 0x00000000ae900000) remset 0 code roots 0 marked 1 reclaim candidate 0 type array 1
[367.301s][debug][gc,humongous      ] GC(33002) Humongous region 1850 (object size 1048592 @ 0x00000000f3a00000) remset 0 code roots 0 marked 1 reclaim candidate 0 type array 1
[367.303s][debug][gc,humongous      ] GC(33002) Humongous region 747 (object size 1048592 @ 0x00000000aeb00000) remset 0 code roots 0 marked 1 reclaim candidate 0 type array 1
[367.303s][debug][gc,humongous      ] GC(33002) Humongous region 1852 (object size 1048592 @ 0x00000000f3c00000) remset 0 code roots 0 marked 1 reclaim candidate 0 type array 1
[367.303s][debug][gc,humongous      ] GC(33002) Humongous region 568 (object size 1048592 @ 0x00000000a3800000) remset 0 code roots 0 marked 1 reclaim candidate 0 type array 1
[367.303s][debug][gc,humongous      ] GC(33002) Humongous region 1063 (object size 1048592 @ 0x00000000c2700000) remset 0 code roots 0 marked 1 reclaim candidate 0 type array 1
[367.303s][debug][gc,humongous      ] GC(33002) Humongous region 465 (object size 1048592 @ 0x000000009d100000) remset 0 code roots 0 marked 1 reclaim candidate 0 type array 1
[367.303s][debug][gc,humongous      ] GC(33002) Humongous region 111 (object size 1048592 @ 0x0000000086f00000) remset 0 code roots 0 marked 1 reclaim candidate 0 type array 1
[367.303s][debug][gc,humongous      ] GC(33002) Humongous region 113 (object size 1048592 @ 0x0000000087100000) remset 0 code roots 0 marked 1 reclaim candidate 0 type array 1
[367.303s][debug][gc,humongous      ] GC(33002) Humongous region 117 (object size 1048592 @ 0x0000000087500000) remset 0 code roots 0 marked 1 reclaim candidate 0 type array 1
[367.301s][debug][gc,humongous      ] GC(33002) Humongous region 1207 (object size 1048592 @ 0x00000000cb700000) remset 0 code roots 0 marked 1 reclaim candidate 0 type array 1
[367.303s][debug][gc,humongous      ] GC(33002) Humongous region 119 (object size 1048592 @ 0x0000000087700000) remset 0 code roots 0 marked 1 reclaim candidate 0 type array 1
[367.303s][debug][gc,humongous      ] GC(33002) Humongous region 1210 (object size 1048592 @ 0x00000000cba00000) remset 0 code roots 0 marked 1 reclaim candidate 0 type array 1
[367.303s][debug][gc,humongous      ] GC(33002) Humongous region 865 (object size 1048592 @ 0x00000000b6100000) remset 0 code roots 0 marked 1 reclaim candidate 0 type array 1
[367.303s][debug][gc,humongous      ] GC(33002) Humongous region 1363 (object size 1048592 @ 0x00000000d5300000) remset 0 code roots 0 marked 1 reclaim candidate 0 type array 1
[367.303s][debug][gc,humongous      ] GC(33002) Humongous region 867 (object size 1048592 @ 0x00000000b6300000) remset 0 code roots 0 marked 1 reclaim candidate 0 type array 1
[367.303s][debug][gc,humongous      ] GC(33002) Humongous region 570 (object size 1048592 @ 0x00000000a3a00000) remset 0 code roots 0 marked 0 reclaim candidate 1 type array 1
[367.303s][debug][gc,humongous      ] GC(33002) Humongous region 869 (object size 1048592 @ 0x00000000b6500000) remset 0 code roots 0 marked 1 reclaim candidate 0 type array 1
[367.303s][debug][gc,humongous      ] GC(33002) Humongous region 1065 (object size 1048592 @ 0x00000000c2900000) remset 0 code roots 0 marked 1 reclaim candidate 0 type array 1
[367.303s][debug][gc,humongous      ] GC(33002) Humongous region 115 (object size 1048592 @ 0x0000000087300000) remset 0 code roots 0 marked 1 reclaim candidate 0 type array 1
[367.303s][debug][gc,humongous      ] GC(33002) Humongous region 1067 (object size 1048592 @ 0x00000000c2b00000) remset 0 code roots 0 marked 1 reclaim candidate 0 type array 1
[367.303s][debug][gc,humongous      ] GC(33002) Humongous region 123 (object size 1048592 @ 0x0000000087b00000) remset 0 code roots 0 marked 1 reclaim candidate 0 type array 1
[367.303s][debug][gc,humongous      ] GC(33002) Humongous region 121 (object size 1048592 @ 0x0000000087900000) remset 0 code roots 0 marked 1 reclaim candidate 0 type array 1
[367.303s][debug][gc,humongous      ] GC(33002) Humongous region 125 (object size 1048592 @ 0x0000000087d00000) remset 0 code roots 0 marked 1 reclaim candidate 0 type array 1
[367.303s][debug][gc,humongous      ] GC(33002) Humongous region 127 (object size 1048592 @ 0x0000000087f00000) remset 0 code roots 0 marked 1 reclaim candidate 1 type array 1
[367.303s][debug][gc,humongous      ] GC(33002) Humongous region 129 (object size 1048592 @ 0x0000000088100000) remset 0 code roots 0 marked 1 reclaim candidate 0 type array 1
[367.303s][debug][gc,humongous      ] GC(33002) Humongous region 1365 (object size 1048592 @ 0x00000000d5500000) remset 0 code roots 0 marked 1 reclaim candidate 0 type array 1
[367.303s][debug][gc,humongous      ] GC(33002) Humongous region 133 (object size 1048592 @ 0x0000000088500000) remset 0 code roots 0 marked 1 reclaim candidate 0 type array 1
[367.303s][debug][gc,humongous      ] GC(33002) Humongous region 1367 (object size 1048592 @ 0x00000000d5700000) remset 0 code roots 0 marked 0 reclaim candidate 1 type array 1
[367.303s][debug][gc,humongous      ] GC(33002) Humongous region 1369 (object size 1048592 @ 0x00000000d5900000) remset 0 code roots 0 marked 1 reclaim candidate 0 type array 1
[367.303s][debug][gc,humongous      ] GC(33002) Humongous region 1371 (object size 1048592 @ 0x00000000d5b00000) remset 0 code roots 0 marked 1 reclaim candidate 0 type array 1
[367.303s][debug][gc,humongous      ] GC(33002) Humongous region 1373 (object size 1048592 @ 0x00000000d5d00000) remset 0 code roots 0 marked 1 reclaim candidate 0 type array 1
[367.303s][debug][gc,humongous      ] GC(33002) Humongous region 1537 (object size 1048592 @ 0x00000000e0100000) remset 0 code roots 0 marked 1 reclaim candidate 0 type array 1
[367.303s][debug][gc,humongous      ] GC(33002) Humongous region 1539 (object size 1048592 @ 0x00000000e0300000) remset 0 code roots 0 marked 1 reclaim candidate 0 type array 1
[367.303s][debug][gc,humongous      ] GC(33002) Humongous region 1541 (object size 1048592 @ 0x00000000e0500000) remset 0 code roots 0 marked 1 reclaim candidate 0 type array 1
[367.301s][debug][gc,humongous      ] GC(33002) Humongous region 1716 (object size 1048592 @ 0x00000000eb400000) remset 0 code roots 0 marked 1 reclaim candidate 0 type array 1
[367.303s][debug][gc,humongous      ] GC(33002) Humongous region 1543 (object size 1048592 @ 0x00000000e0700000) remset 0 code roots 0 marked 1 reclaim candidate 0 type array 1
[367.303s][debug][gc,humongous      ] GC(33002) Humongous region 1069 (object size 1048592 @ 0x00000000c2d00000) remset 0 code roots 0 marked 1 reclaim candidate 0 type array 1
[367.303s][debug][gc,humongous      ] GC(33002) Humongous region 749 (object size 1048592 @ 0x00000000aed00000) remset 0 code roots 0 marked 1 reclaim candidate 0 type array 1
[367.303s][debug][gc,humongous      ] GC(33002) Humongous region 1071 (object size 1048592 @ 0x00000000c2f00000) remset 0 code roots 0 marked 1 reclaim candidate 0 type array 1
[367.303s][debug][gc,humongous      ] GC(33002) Humongous region 751 (object size 1048592 @ 0x00000000aef00000) remset 0 code roots 0 marked 1 reclaim candidate 0 type array 1
[367.303s][debug][gc,humongous      ] GC(33002) Humongous region 135 (object size 1048592 @ 0x0000000088700000) remset 0 code roots 0 marked 1 reclaim candidate 0 type array 1
[367.303s][debug][gc,humongous      ] GC(33002) Humongous region 754 (object size 1048592 @ 0x00000000af200000) remset 0 code roots 0 marked 1 reclaim candidate 0 type array 1
[367.303s][debug][gc,humongous      ] GC(33002) Humongous region 467 (object size 1048592 @ 0x000000009d300000) remset 0 code roots 0 marked 1 reclaim candidate 0 type array 1
[367.303s][debug][gc,humongous      ] GC(33002) Humongous region 137 (object size 1048592 @ 0x0000000088900000) remset 0 code roots 0 marked 1 reclaim candidate 0 type array 1
[367.301s][debug][gc,humongous      ] GC(33002) Humongous region 262 (object size 1048592 @ 0x0000000090600000) remset 0 code roots 0 marked 1 reclaim candidate 0 type array 1
[367.304s][debug][gc,humongous      ] GC(33002) Humongous region 139 (object size 1048592 @ 0x0000000088b00000) remset 0 code roots 0 marked 1 reclaim candidate 0 type array 1
[367.304s][debug][gc,humongous      ] GC(33002) Humongous region 264 (object size 1048592 @ 0x0000000090800000) remset 0 code roots 0 marked 0 reclaim candidate 0 type array 1
[367.304s][debug][gc,humongous      ] GC(33002) Humongous region 141 (object size 1048592 @ 0x0000000088d00000) remset 0 code roots 0 marked 1 reclaim candidate 0 type array 1
[367.303s][debug][gc,humongous      ] GC(33002) Humongous region 1854 (object size 1048592 @ 0x00000000f3e00000) remset 0 code roots 0 marked 1 reclaim candidate 0 type array 1
[367.304s][debug][gc,humongous      ] GC(33002) Humongous region 1856 (object size 1048592 @ 0x00000000f4000000) remset 0 code roots 0 marked 1 reclaim candidate 0 type array 1
[367.303s][debug][gc,humongous      ] GC(33002) Humongous region 871 (object size 1048592 @ 0x00000000b6700000) remset 0 code roots 0 marked 1 reclaim candidate 0 type array 1
[367.304s][debug][gc,humongous      ] GC(33002) Humongous region 873 (object size 1048592 @ 0x00000000b6900000) remset 0 code roots 0 marked 1 reclaim candidate 0 type array 1
[367.304s][debug][gc,humongous      ] GC(33002) Humongous region 469 (object size 1048592 @ 0x000000009d500000) remset 0 code roots 0 marked 1 reclaim candidate 0 type array 1
[367.304s][debug][gc,humongous      ] GC(33002) Humongous region 875 (object size 1048592 @ 0x00000000b6b00000) remset 0 code roots 0 marked 1 reclaim candidate 0 type array 1
[367.304s][debug][gc,humongous      ] GC(33002) Humongous region 756 (object size 1048592 @ 0x00000000af400000) remset 0 code roots 0 marked 1 reclaim candidate 0 type array 1
[367.304s][debug][gc,humongous      ] GC(33002) Humongous region 758 (object size 1048592 @ 0x00000000af600000) remset 0 code roots 0 marked 1 reclaim candidate 0 type array 1
[367.304s][debug][gc,humongous      ] GC(33002) Humongous region 760 (object size 1048592 @ 0x00000000af800000) remset 0 code roots 0 marked 1 reclaim candidate 0 type array 1
[367.304s][debug][gc,humongous      ] GC(33002) Humongous region 762 (object size 1048592 @ 0x00000000afa00000) remset 0 code roots 0 marked 1 reclaim candidate 0 type array 1
[367.304s][debug][gc,humongous      ] GC(33002) Humongous region 764 (object size 1048592 @ 0x00000000afc00000) remset 0 code roots 0 marked 0 reclaim candidate 1 type array 1
[367.304s][debug][gc,humongous      ] GC(33002) Humongous region 766 (object size 1048592 @ 0x00000000afe00000) remset 0 code roots 0 marked 0 reclaim candidate 0 type array 1
[367.304s][debug][gc,humongous      ] GC(33002) Humongous region 768 (object size 1048592 @ 0x00000000b0000000) remset 0 code roots 0 marked 1 reclaim candidate 0 type array 1
[367.304s][debug][gc,humongous      ] GC(33002) Humongous region 770 (object size 1048592 @ 0x00000000b0200000) remset 0 code roots 0 marked 0 reclaim candidate 0 type array 1
[367.304s][debug][gc,humongous      ] GC(33002) Humongous region 772 (object size 1048592 @ 0x00000000b0400000) remset 0 code roots 0 marked 1 reclaim candidate 0 type array 1
[367.304s][debug][gc,humongous      ] GC(33002) Humongous region 774 (object size 1048592 @ 0x00000000b0600000) remset 0 code roots 0 marked 1 reclaim candidate 0 type array 1
[367.304s][debug][gc,humongous      ] GC(33002) Humongous region 266 (object size 1048592 @ 0x0000000090a00000) remset 0 code roots 0 marked 1 reclaim candidate 0 type array 1
[367.303s][debug][gc,humongous      ] GC(33002) Humongous region 1212 (object size 1048592 @ 0x00000000cbc00000) remset 0 code roots 0 marked 1 reclaim candidate 0 type array 1
[367.304s][debug][gc,humongous      ] GC(33002) Humongous region 877 (object size 1048592 @ 0x00000000b6d00000) remset 0 code roots 0 marked 1 reclaim candidate 0 type array 1
[367.304s][debug][gc,humongous      ] GC(33002) Humongous region 1214 (object size 1048592 @ 0x00000000cbe00000) remset 0 code roots 0 marked 1 reclaim candidate 0 type array 1
[367.303s][debug][gc,humongous      ] GC(33002) Humongous region 131 (object size 1048592 @ 0x0000000088300000) remset 0 code roots 0 marked 1 reclaim candidate 0 type array 1
[367.304s][debug][gc,humongous      ] GC(33002) Humongous region 1216 (object size 1048592 @ 0x00000000cc000000) remset 0 code roots 0 marked 1 reclaim candidate 0 type array 1
[367.304s][debug][gc,humongous      ] GC(33002) Humongous region 145 (object size 1048592 @ 0x0000000089100000) remset 0 code roots 0 marked 1 reclaim candidate 0 type array 1
[367.303s][debug][gc,humongous      ] GC(33002) Humongous region 1545 (object size 1048592 @ 0x00000000e0900000) remset 0 code roots 0 marked 1 reclaim candidate 0 type array 1
[367.304s][debug][gc,humongous      ] GC(33002) Humongous region 147 (object size 1048592 @ 0x0000000089300000) remset 0 code roots 0 marked 1 reclaim candidate 0 type array 1
[367.304s][debug][gc,humongous      ] GC(33002) Humongous region 143 (object size 1048592 @ 0x0000000088f00000) remset 0 code roots 0 marked 1 reclaim candidate 0 type array 1
[367.304s][debug][gc,humongous      ] GC(33002) Humongous region 149 (object size 1048592 @ 0x0000000089500000) remset 0 code roots 0 marked 1 reclaim candidate 0 type array 1
[367.304s][debug][gc,humongous      ] GC(33002) Humongous region 151 (object size 1048592 @ 0x0000000089700000) remset 0 code roots 0 marked 1 reclaim candidate 0 type array 1
[367.304s][debug][gc,humongous      ] GC(33002) Humongous region 153 (object size 1048592 @ 0x0000000089900000) remset 0 code roots 0 marked 1 reclaim candidate 0 type array 1
[367.304s][debug][gc,humongous      ] GC(33002) Humongous region 270 (object size 1048592 @ 0x0000000090e00000) remset 0 code roots 0 marked 1 reclaim candidate 0 type array 1
[367.303s][debug][gc,humongous      ] GC(33002) Humongous region 1375 (object size 1048592 @ 0x00000000d5f00000) remset 0 code roots 0 marked 1 reclaim candidate 0 type array 1
[367.304s][debug][gc,humongous      ] GC(33002) Humongous region 272 (object size 1048592 @ 0x0000000091000000) remset 0 code roots 0 marked 1 reclaim candidate 1 type array 1
[367.304s][debug][gc,humongous      ] GC(33002) Humongous region 1377 (object size 1048592 @ 0x00000000d6100000) remset 0 code roots 0 marked 1 reclaim candidate 0 type array 1
[367.304s][debug][gc,humongous      ] GC(33002) Humongous region 274 (object size 1048592 @ 0x0000000091200000) remset 0 code roots 0 marked 1 reclaim candidate 0 type array 1
[367.304s][debug][gc,humongous      ] GC(33002) Humongous region 1218 (object size 1048592 @ 0x00000000cc200000) remset 0 code roots 0 marked 1 reclaim candidate 0 type array 1
[367.303s][debug][gc,humongous      ] GC(33002) Humongous region 572 (object size 1048592 @ 0x00000000a3c00000) remset 0 code roots 0 marked 1 reclaim candidate 0 type array 1
[367.304s][debug][gc,humongous      ] GC(33002) Humongous region 1547 (object size 1048592 @ 0x00000000e0b00000) remset 0 code roots 0 marked 1 reclaim candidate 0 type array 1
[367.304s][debug][gc,humongous      ] GC(33002) Humongous region 471 (object size 1048592 @ 0x000000009d700000) remset 0 code roots 0 marked 1 reclaim candidate 0 type array 1
[367.304s][debug][gc,humongous      ] GC(33002) Humongous region 1549 (object size 1048592 @ 0x00000000e0d00000) remset 0 code roots 0 marked 1 reclaim candidate 0 type array 1
[367.304s][debug][gc,humongous      ] GC(33002) Humongous region 155 (object size 1048592 @ 0x0000000089b00000) remset 0 code roots 0 marked 1 reclaim candidate 0 type array 1
[367.303s][debug][gc,humongous      ] GC(33002) Humongous region 1073 (object size 1048592 @ 0x00000000c3100000) remset 0 code roots 0 marked 1 reclaim candidate 0 type array 1
[367.304s][debug][gc,humongous      ] GC(33002) Humongous region 278 (object size 1048592 @ 0x0000000091600000) remset 0 code roots 0 marked 1 reclaim candidate 0 type array 1
[367.304s][debug][gc,humongous      ] GC(33002) Humongous region 1075 (object size 1048592 @ 0x00000000c3300000) remset 0 code roots 0 marked 1 reclaim candidate 0 type array 1
[367.304s][debug][gc,humongous      ] GC(33002) Humongous region 280 (object size 1048592 @ 0x0000000091800000) remset 0 code roots 0 marked 1 reclaim candidate 0 type array 1
[367.303s][debug][gc,humongous      ] GC(33002) Humongous region 1718 (object size 1048592 @ 0x00000000eb600000) remset 0 code roots 0 marked 1 reclaim candidate 0 type array 1
[367.304s][debug][gc,humongous      ] GC(33002) Humongous region 282 (object size 1048592 @ 0x0000000091a00000) remset 0 code roots 0 marked 1 reclaim candidate 0 type array 1
[367.304s][debug][gc,humongous      ] GC(33002) Humongous region 276 (object size 1048592 @ 0x0000000091400000) remset 0 code roots 0 marked 1 reclaim candidate 0 type array 1
[367.304s][debug][gc,humongous      ] GC(33002) Humongous region 284 (object size 1048592 @ 0x0000000091c00000) remset 0 code roots 0 marked 1 reclaim candidate 0 type array 1
[367.304s][debug][gc,humongous      ] GC(33002) Humongous region 286 (object size 1048592 @ 0x0000000091e00000) remset 0 code roots 0 marked 1 reclaim candidate 0 type array 1
[367.304s][debug][gc,humongous      ] GC(33002) Humongous region 1858 (object size 1048592 @ 0x00000000f4200000) remset 0 code roots 0 marked 1 reclaim candidate 0 type array 1
[367.304s][debug][gc,humongous      ] GC(33002) Humongous region 576 (object size 1048592 @ 0x00000000a4000000) remset 0 code roots 0 marked 1 reclaim candidate 0 type array 1
[367.304s][debug][gc,humongous      ] GC(33002) Humongous region 1551 (object size 1048592 @ 0x00000000e0f00000) remset 0 code roots 0 marked 1 reclaim candidate 0 type array 1
[367.304s][debug][gc,humongous      ] GC(33002) Humongous region 578 (object size 1048592 @ 0x00000000a4200000) remset 0 code roots 0 marked 1 reclaim candidate 0 type array 1
[367.304s][debug][gc,humongous      ] GC(33002) Humongous region 1553 (object size 1048592 @ 0x00000000e1100000) remset 0 code roots 0 marked 1 reclaim candidate 0 type array 1
[367.304s][debug][gc,humongous      ] GC(33002) Humongous region 580 (object size 1048592 @ 0x00000000a4400000) remset 0 code roots 0 marked 1 reclaim candidate 0 type array 1
[367.304s][debug][gc,humongous      ] GC(33002) Humongous region 1555 (object size 1048592 @ 0x00000000e1300000) remset 0 code roots 0 marked 1 reclaim candidate 0 type array 1
[367.304s][debug][gc,humongous      ] GC(33002) Humongous region 1720 (object size 1048592 @ 0x00000000eb800000) remset 0 code roots 0 marked 1 reclaim candidate 0 type array 1
[367.304s][debug][gc,humongous      ] GC(33002) Humongous region 582 (object size 1048592 @ 0x00000000a4600000) remset 0 code roots 0 marked 1 reclaim candidate 0 type array 1
[367.304s][debug][gc,humongous      ] GC(33002) Humongous region 574 (object size 1048592 @ 0x00000000a3e00000) remset 0 code roots 0 marked 1 reclaim candidate 0 type array 1
[367.304s][debug][gc,humongous      ] GC(33002) Humongous region 1220 (object size 1048592 @ 0x00000000cc400000) remset 0 code roots 0 marked 1 reclaim candidate 0 type array 1
[367.304s][debug][gc,humongous      ] GC(33002) Humongous region 586 (object size 1048592 @ 0x00000000a4a00000) remset 0 code roots 0 marked 0 reclaim candidate 1 type array 1
[367.304s][debug][gc,humongous      ] GC(33002) Humongous region 1222 (object size 1048592 @ 0x00000000cc600000) remset 0 code roots 0 marked 1 reclaim candidate 0 type array 1
[367.304s][debug][gc,humongous      ] GC(33002) Humongous region 1860 (object size 1048592 @ 0x00000000f4400000) remset 0 code roots 0 marked 1 reclaim candidate 0 type array 1
[367.304s][debug][gc,humongous      ] GC(33002) Humongous region 268 (object size 1048592 @ 0x0000000090c00000) remset 0 code roots 0 marked 1 reclaim candidate 0 type array 1
[367.304s][debug][gc,humongous      ] GC(33002) Humongous region 292 (object size 1048592 @ 0x0000000092400000) remset 0 code roots 0 marked 1 reclaim candidate 0 type array 1
[367.304s][debug][gc,humongous      ] GC(33002) Humongous region 879 (object size 1048592 @ 0x00000000b6f00000) remset 0 code roots 0 marked 1 reclaim candidate 0 type array 1
[367.304s][debug][gc,humongous      ] GC(33002) Humongous region 1557 (object size 1048592 @ 0x00000000e1500000) remset 0 code roots 0 marked 1 reclaim candidate 0 type array 1
[367.304s][debug][gc,humongous      ] GC(33002) Humongous region 1722 (object size 1048592 @ 0x00000000eba00000) remset 0 code roots 0 marked 1 reclaim candidate 0 type array 1
[367.305s][debug][gc,humongous      ] GC(33002) Humongous region 1559 (object size 1048592 @ 0x00000000e1700000) remset 0 code roots 0 marked 1 reclaim candidate 0 type array 1
[367.304s][debug][gc,humongous      ] GC(33002) Humongous region 1379 (object size 1048592 @ 0x00000000d6300000) remset 0 code roots 0 marked 1 reclaim candidate 0 type array 1
[367.305s][debug][gc,humongous      ] GC(33002) Humongous region 1561 (object size 1048592 @ 0x00000000e1900000) remset 0 code roots 0 marked 1 reclaim candidate 0 type array 1
[367.305s][debug][gc,humongous      ] GC(33002) Humongous region 1381 (object size 1048592 @ 0x00000000d6500000) remset 0 code roots 0 marked 1 reclaim candidate 0 type array 1
[367.305s][debug][gc,humongous      ] GC(33002) Humongous region 1563 (object size 1048592 @ 0x00000000e1b00000) remset 0 code roots 0 marked 1 reclaim candidate 0 type array 1
[367.304s][debug][gc,humongous      ] GC(33002) Humongous region 288 (object size 1048592 @ 0x0000000092000000) remset 0 code roots 0 marked 1 reclaim candidate 0 type array 1
[367.305s][debug][gc,humongous      ] GC(33002) Humongous region 1565 (object size 1048592 @ 0x00000000e1d00000) remset 0 code roots 0 marked 1 reclaim candidate 0 type array 1
[367.305s][debug][gc,humongous      ] GC(33002) Humongous region 297 (object size 1048592 @ 0x0000000092900000) remset 0 code roots 0 marked 1 reclaim candidate 0 type array 1
[367.304s][debug][gc,humongous      ] GC(33002) Humongous region 1077 (object size 1048592 @ 0x00000000c3500000) remset 0 code roots 0 marked 1 reclaim candidate 0 type array 1
[367.304s][debug][gc,humongous      ] GC(33002) Humongous region 776 (object size 1048592 @ 0x00000000b0800000) remset 0 code roots 0 marked 1 reclaim candidate 0 type array 1
[367.305s][debug][gc,humongous      ] GC(33002) Humongous region 1079 (object size 1048592 @ 0x00000000c3700000) remset 0 code roots 0 marked 1 reclaim candidate 0 type array 1
[367.305s][debug][gc,humongous      ] GC(33002) Humongous region 881 (object size 1048592 @ 0x00000000b7100000) remset 0 code roots 0 marked 1 reclaim candidate 0 type array 1
[367.304s][debug][gc,humongous      ] GC(33002) Humongous region 294 (object size 1048592 @ 0x0000000092600000) remset 0 code roots 0 marked 1 reclaim candidate 0 type array 1
[367.304s][debug][gc,humongous      ] GC(33002) Humongous region 588 (object size 1048592 @ 0x00000000a4c00000) remset 0 code roots 0 marked 1 reclaim candidate 0 type array 1
[367.305s][debug][gc,humongous      ] GC(33002) Humongous region 301 (object size 1048592 @ 0x0000000092d00000) remset 0 code roots 0 marked 1 reclaim candidate 0 type array 1
[367.305s][debug][gc,humongous      ] GC(33002) Humongous region 1383 (object size 1048592 @ 0x00000000d6700000) remset 0 code roots 0 marked 1 reclaim candidate 0 type array 1
[367.304s][debug][gc,humongous      ] GC(33002) Humongous region 1862 (object size 1048592 @ 0x00000000f4600000) remset 0 code roots 0 marked 1 reclaim candidate 0 type array 1
[367.305s][debug][gc,humongous      ] GC(33002) Humongous region 1864 (object size 1048592 @ 0x00000000f4800000) remset 0 code roots 0 marked 1 reclaim candidate 0 type array 1
[367.305s][debug][gc,humongous      ] GC(33002) Humongous region 299 (object size 1048592 @ 0x0000000092b00000) remset 0 code roots 0 marked 1 reclaim candidate 0 type array 1
[367.305s][debug][gc,humongous      ] GC(33002) Humongous region 1866 (object size 1048592 @ 0x00000000f4a00000) remset 0 code roots 0 marked 1 reclaim candidate 0 type array 1
[367.305s][debug][gc,humongous      ] GC(33002) Humongous region 1567 (object size 1048592 @ 0x00000000e1f00000) remset 0 code roots 0 marked 1 reclaim candidate 0 type array 1
[367.305s][debug][gc,humongous      ] GC(33002) Humongous region 305 (object size 1048592 @ 0x0000000093100000) remset 0 code roots 0 marked 1 reclaim candidate 0 type array 1
[367.305s][debug][gc,humongous      ] GC(33002) Humongous region 1724 (object size 1048592 @ 0x00000000ebc00000) remset 0 code roots 0 marked 1 reclaim candidate 0 type array 1
[367.305s][debug][gc,humongous      ] GC(33002) Humongous region 307 (object size 1048592 @ 0x0000000093300000) remset 0 code roots 0 marked 1 reclaim candidate 0 type array 1
[367.305s][debug][gc,humongous      ] GC(33002) Humongous region 883 (object size 1048592 @ 0x00000000b7300000) remset 0 code roots 0 marked 1 reclaim candidate 0 type array 1
[367.305s][debug][gc,humongous      ] GC(33002) Humongous region 1726 (object size 1048592 @ 0x00000000ebe00000) remset 0 code roots 0 marked 1 reclaim candidate 0 type array 1
[367.305s][debug][gc,humongous      ] GC(33002) Humongous region 590 (object size 1048592 @ 0x00000000a4e00000) remset 0 code roots 0 marked 1 reclaim candidate 0 type array 1
[367.305s][debug][gc,humongous      ] GC(33002) Humongous region 885 (object size 1048592 @ 0x00000000b7500000) remset 0 code roots 0 marked 1 reclaim candidate 0 type array 1
[367.304s][debug][gc,humongous      ] GC(33002) Humongous region 584 (object size 1048592 @ 0x00000000a4800000) remset 0 code roots 0 marked 1 reclaim candidate 0 type array 1
[367.304s][debug][gc,humongous      ] GC(33002) Humongous region 290 (object size 1048592 @ 0x0000000092200000) remset 0 code roots 0 marked 1 reclaim candidate 0 type array 1
[367.305s][debug][gc,humongous      ] GC(33002) Humongous region 1868 (object size 1048592 @ 0x00000000f4c00000) remset 0 code roots 0 marked 0 reclaim candidate 0 type array 1
[367.305s][debug][gc,humongous      ] GC(33002) Humongous region 311 (object size 1048592 @ 0x0000000093700000) remset 0 code roots 0 marked 1 reclaim candidate 0 type array 1
[367.305s][debug][gc,humongous      ] GC(33002) Humongous region 1081 (object size 1048592 @ 0x00000000c3900000) remset 0 code roots 0 marked 1 reclaim candidate 0 type array 1
[367.305s][debug][gc,humongous      ] GC(33002) Humongous region 313 (object size 1048592 @ 0x0000000093900000) remset 0 code roots 0 marked 1 reclaim candidate 0 type array 1
[367.305s][debug][gc,humongous      ] GC(33002) Humongous region 1083 (object size 1048592 @ 0x00000000c3b00000) remset 0 code roots 0 marked 1 reclaim candidate 0 type array 1
[367.305s][debug][gc,humongous      ] GC(33002) Humongous region 596 (object size 1048592 @ 0x00000000a5400000) remset 0 code roots 0 marked 1 reclaim candidate 0 type array 1
[367.305s][debug][gc,humongous      ] GC(33002) Humongous region 1085 (object size 1048592 @ 0x00000000c3d00000) remset 0 code roots 0 marked 1 reclaim candidate 0 type array 1
[367.305s][debug][gc,humongous      ] GC(33002) Humongous region 1728 (object size 1048592 @ 0x00000000ec000000) remset 0 code roots 0 marked 1 reclaim candidate 0 type array 1
[367.305s][debug][gc,humongous      ] GC(33002) Humongous region 1087 (object size 1048592 @ 0x00000000c3f00000) remset 0 code roots 0 marked 1 reclaim candidate 0 type array 1
[367.305s][debug][gc,humongous      ] GC(33002) Humongous region 1385 (object size 1048592 @ 0x00000000d6900000) remset 0 code roots 0 marked 1 reclaim candidate 0 type array 1
[367.305s][debug][gc,humongous      ] GC(33002) Humongous region 1089 (object size 1048592 @ 0x00000000c4100000) remset 0 code roots 0 marked 1 reclaim candidate 0 type array 1
[367.305s][debug][gc,humongous      ] GC(33002) Humongous region 1387 (object size 1048592 @ 0x00000000d6b00000) remset 0 code roots 0 marked 1 reclaim candidate 0 type array 1
[367.305s][debug][gc,humongous      ] GC(33002) Humongous region 1091 (object size 1048592 @ 0x00000000c4300000) remset 0 code roots 0 marked 1 reclaim candidate 0 type array 1
[367.305s][debug][gc,humongous      ] GC(33002) Humongous region 1569 (object size 1048592 @ 0x00000000e2100000) remset 0 code roots 0 marked 1 reclaim candidate 0 type array 1
[367.305s][debug][gc,humongous      ] GC(33002) Humongous region 309 (object size 1048592 @ 0x0000000093500000) remset 0 code roots 0 marked 1 reclaim candidate 0 type array 1
[367.305s][debug][gc,humongous      ] GC(33002) Humongous region 1571 (object size 1048592 @ 0x00000000e2300000) remset 0 code roots 0 marked 1 reclaim candidate 0 type array 1
[367.305s][debug][gc,humongous      ] GC(33002) Humongous region 600 (object size 1048592 @ 0x00000000a5800000) remset 0 code roots 0 marked 1 reclaim candidate 0 type array 1
[367.305s][debug][gc,humongous      ] GC(33002) Humongous region 1573 (object size 1048592 @ 0x00000000e2500000) remset 0 code roots 0 marked 1 reclaim candidate 0 type array 1
[367.305s][debug][gc,humongous      ] GC(33002) Humongous region 598 (object size 1048592 @ 0x00000000a5600000) remset 0 code roots 0 marked 1 reclaim candidate 0 type array 1
[367.305s][debug][gc,humongous      ] GC(33002) Humongous region 592 (object size 1048592 @ 0x00000000a5000000) remset 0 code roots 0 marked 1 reclaim candidate 0 type array 1
[367.305s][debug][gc,humongous      ] GC(33002) Humongous region 1730 (object size 1048592 @ 0x00000000ec200000) remset 0 code roots 0 marked 1 reclaim candidate 0 type array 1
[367.305s][debug][gc,humongous      ] GC(33002) Humongous region 887 (object size 1048592 @ 0x00000000b7700000) remset 0 code roots 0 marked 1 reclaim candidate 0 type array 1
[367.305s][debug][gc,humongous      ] GC(33002) Humongous region 1874 (object size 1048592 @ 0x00000000f5200000) remset 0 code roots 0 marked 1 reclaim candidate 0 type array 1
[367.305s][debug][gc,humongous      ] GC(33002) Humongous region 889 (object size 1048592 @ 0x00000000b7900000) remset 0 code roots 0 marked 1 reclaim candidate 0 type array 1
[367.305s][debug][gc,humongous      ] GC(33002) Humongous region 1389 (object size 1048592 @ 0x00000000d6d00000) remset 0 code roots 0 marked 1 reclaim candidate 0 type array 1
[367.305s][debug][gc,humongous      ] GC(33002) Humongous region 1870 (object size 1048592 @ 0x00000000f4e00000) remset 0 code roots 0 marked 1 reclaim candidate 0 type array 1
[367.305s][debug][gc,humongous      ] GC(33002) Humongous region 1391 (object size 1048592 @ 0x00000000d6f00000) remset 0 code roots 0 marked 1 reclaim candidate 0 type array 1
[367.305s][debug][gc,humongous      ] GC(33002) Humongous region 1878 (object size 1048592 @ 0x00000000f5600000) remset 0 code roots 0 marked 1 reclaim candidate 0 type array 1
[367.304s][debug][gc,humongous      ] GC(33002) Humongous region 1224 (object size 1048592 @ 0x00000000cc800000) remset 0 code roots 0 marked 1 reclaim candidate 0 type array 1
[367.305s][debug][gc,humongous      ] GC(33002) Humongous region 1880 (object size 1048592 @ 0x00000000f5800000) remset 0 code roots 0 marked 1 reclaim candidate 0 type array 1
[367.305s][debug][gc,humongous      ] GC(33002) Humongous region 1872 (object size 1048592 @ 0x00000000f5000000) remset 0 code roots 0 marked 1 reclaim candidate 0 type array 1
[367.305s][debug][gc,humongous      ] GC(33002) Humongous region 1882 (object size 1048592 @ 0x00000000f5a00000) remset 0 code roots 0 marked 0 reclaim candidate 1 type array 1
[367.305s][debug][gc,humongous      ] GC(33002) Humongous region 1884 (object size 1048592 @ 0x00000000f5c00000) remset 0 code roots 0 marked 1 reclaim candidate 0 type array 1
[367.305s][debug][gc,humongous      ] GC(33002) Humongous region 1886 (object size 1048592 @ 0x00000000f5e00000) remset 0 code roots 0 marked 1 reclaim candidate 0 type array 1
[367.305s][debug][gc,humongous      ] GC(33002) Humongous region 1888 (object size 1048592 @ 0x00000000f6000000) remset 0 code roots 0 marked 1 reclaim candidate 0 type array 1
[367.305s][debug][gc,humongous      ] GC(33002) Humongous region 608 (object size 1048592 @ 0x00000000a6000000) remset 0 code roots 0 marked 0 reclaim candidate 1 type array 1
[367.305s][debug][gc,humongous      ] GC(33002) Humongous region 610 (object size 1048592 @ 0x00000000a6200000) remset 0 code roots 0 marked 1 reclaim candidate 0 type array 1
[367.305s][debug][gc,humongous      ] GC(33002) Humongous region 303 (object size 1048592 @ 0x0000000092f00000) remset 0 code roots 0 marked 1 reclaim candidate 0 type array 1
[367.305s][debug][gc,humongous      ] GC(33002) Humongous region 614 (object size 1048592 @ 0x00000000a6600000) remset 0 code roots 0 marked 1 reclaim candidate 0 type array 1
[367.305s][debug][gc,humongous      ] GC(33002) Humongous region 1393 (object size 1048592 @ 0x00000000d7100000) remset 0 code roots 0 marked 1 reclaim candidate 0 type array 1
[367.305s][debug][gc,humongous      ] GC(33002) Humongous region 1226 (object size 1048592 @ 0x00000000cca00000) remset 0 code roots 0 marked 1 reclaim candidate 0 type array 1
[367.305s][debug][gc,humongous      ] GC(33002) Humongous region 604 (object size 1048592 @ 0x00000000a5c00000) remset 0 code roots 0 marked 0 reclaim candidate 1 type array 1
[367.305s][debug][gc,humongous      ] GC(33002) Humongous region 1228 (object size 1048592 @ 0x00000000ccc00000) remset 0 code roots 0 marked 1 reclaim candidate 0 type array 1
[367.305s][debug][gc,humongous      ] GC(33002) Humongous region 606 (object size 1048592 @ 0x00000000a5e00000) remset 0 code roots 0 marked 1 reclaim candidate 0 type array 1
[367.305s][debug][gc,humongous      ] GC(33002) Humongous region 1230 (object size 1048592 @ 0x00000000cce00000) remset 0 code roots 0 marked 1 reclaim candidate 0 type array 1
[367.305s][debug][gc,humongous      ] GC(33002) Humongous region 594 (object size 1048592 @ 0x00000000a5200000) remset 0 code roots 0 marked 1 reclaim candidate 0 type array 1
[367.305s][debug][gc,humongous      ] GC(33002) Humongous region 1876 (object size 1048592 @ 0x00000000f5400000) remset 0 code roots 0 marked 1 reclaim candidate 0 type array 1
[367.305s][debug][gc,humongous      ] GC(33002) Humongous region 624 (object size 1048592 @ 0x00000000a7000000) remset 0 code roots 0 marked 1 reclaim candidate 0 type array 1
[367.305s][debug][gc,humongous      ] GC(33002) Humongous region 626 (object size 1048592 @ 0x00000000a7200000) remset 0 code roots 0 marked 1 reclaim candidate 0 type array 1
[367.305s][debug][gc,humongous      ] GC(33002) Humongous region 628 (object size 1048592 @ 0x00000000a7400000) remset 0 code roots 0 marked 1 reclaim candidate 0 type array 1
[367.305s][debug][gc,humongous      ] GC(33002) Humongous region 616 (object size 1048592 @ 0x00000000a6800000) remset 0 code roots 0 marked 1 reclaim candidate 0 type array 1
[367.305s][debug][gc,humongous      ] GC(33002) Humongous region 782 (object size 1048592 @ 0x00000000b0e00000) remset 0 code roots 0 marked 1 reclaim candidate 0 type array 1
[367.305s][debug][gc,humongous      ] GC(33002) Humongous region 1395 (object size 1048592 @ 0x00000000d7300000) remset 0 code roots 0 marked 1 reclaim candidate 0 type array 1
[367.305s][debug][gc,humongous      ] GC(33002) Humongous region 784 (object size 1048592 @ 0x00000000b1000000) remset 0 code roots 0 marked 1 reclaim candidate 0 type array 1
[367.305s][debug][gc,humongous      ] GC(33002) Humongous region 786 (object size 1048592 @ 0x00000000b1200000) remset 0 code roots 0 marked 1 reclaim candidate 0 type array 1
[367.305s][debug][gc,humongous      ] GC(33002) Humongous region 778 (object size 1048592 @ 0x00000000b0a00000) remset 0 code roots 0 marked 1 reclaim candidate 0 type array 1
[367.305s][debug][gc,humongous      ] GC(33002) Humongous region 897 (object size 1048592 @ 0x00000000b8100000) remset 0 code roots 0 marked 1 reclaim candidate 0 type array 1
[367.306s][debug][gc,humongous      ] GC(33002) Humongous region 899 (object size 1048592 @ 0x00000000b8300000) remset 0 code roots 0 marked 1 reclaim candidate 0 type array 1
[367.305s][debug][gc,humongous      ] GC(33002) Humongous region 1232 (object size 1048592 @ 0x00000000cd000000) remset 0 code roots 0 marked 1 reclaim candidate 0 type array 1
[367.305s][debug][gc,humongous      ] GC(33002) Humongous region 612 (object size 1048592 @ 0x00000000a6400000) remset 0 code roots 0 marked 1 reclaim candidate 0 type array 1
[367.306s][debug][gc,humongous      ] GC(33002) Humongous region 1234 (object size 1048592 @ 0x00000000cd200000) remset 0 code roots 0 marked 1 reclaim candidate 0 type array 1
[367.305s][debug][gc,humongous      ] GC(33002) Humongous region 618 (object size 1048592 @ 0x00000000a6a00000) remset 0 code roots 0 marked 1 reclaim candidate 0 type array 1
[367.306s][debug][gc,humongous      ] GC(33002) Humongous region 905 (object size 1048592 @ 0x00000000b8900000) remset 0 code roots 0 marked 1 reclaim candidate 0 type array 1
[367.306s][debug][gc,humongous      ] GC(33002) Humongous region 907 (object size 1048592 @ 0x00000000b8b00000) remset 0 code roots 0 marked 1 reclaim candidate 0 type array 1
[367.305s][debug][gc,humongous      ] GC(33002) Humongous region 893 (object size 1048592 @ 0x00000000b7d00000) remset 0 code roots 0 marked 1 reclaim candidate 0 type array 1
[367.306s][debug][gc,humongous      ] GC(33002) Humongous region 909 (object size 1048592 @ 0x00000000b8d00000) remset 0 code roots 0 marked 1 reclaim candidate 0 type array 1
[367.305s][debug][gc,humongous      ] GC(33002) Humongous region 895 (object size 1048592 @ 0x00000000b7f00000) remset 0 code roots 0 marked 1 reclaim candidate 0 type array 1
[367.306s][debug][gc,humongous      ] GC(33002) Humongous region 913 (object size 1048592 @ 0x00000000b9100000) remset 0 code roots 0 marked 1 reclaim candidate 0 type array 1
[367.306s][debug][gc,humongous      ] GC(33002) Humongous region 915 (object size 1048592 @ 0x00000000b9300000) remset 0 code roots 0 marked 1 reclaim candidate 0 type array 1
[367.306s][debug][gc,humongous      ] GC(33002) Humongous region 919 (object size 1048592 @ 0x00000000b9700000) remset 0 code roots 0 marked 1 reclaim candidate 0 type array 1
[367.305s][debug][gc,humongous      ] GC(33002) Humongous region 891 (object size 1048592 @ 0x00000000b7b00000) remset 0 code roots 0 marked 1 reclaim candidate 0 type array 1
[367.306s][debug][gc,humongous      ] GC(33002) Humongous region 923 (object size 1048592 @ 0x00000000b9b00000) remset 0 code roots 0 marked 1 reclaim candidate 0 type array 1
[367.306s][debug][gc,humongous      ] GC(33002) Humongous region 925 (object size 1048592 @ 0x00000000b9d00000) remset 0 code roots 0 marked 1 reclaim candidate 0 type array 1
[367.306s][debug][gc,humongous      ] GC(33002) Humongous region 927 (object size 1048592 @ 0x00000000b9f00000) remset 0 code roots 0 marked 1 reclaim candidate 0 type array 1
[367.305s][debug][gc,humongous      ] GC(33002) Humongous region 620 (object size 1048592 @ 0x00000000a6c00000) remset 0 code roots 0 marked 0 reclaim candidate 1 type array 1
[367.306s][debug][gc,humongous      ] GC(33002) Humongous region 929 (object size 1048592 @ 0x00000000ba100000) remset 0 code roots 0 marked 1 reclaim candidate 0 type array 1
[367.305s][debug][gc,humongous      ] GC(33002) Humongous region 1397 (object size 1048592 @ 0x00000000d7500000) remset 0 code roots 0 marked 1 reclaim candidate 0 type array 1
[367.306s][debug][gc,humongous      ] GC(33002) Humongous region 911 (object size 1048592 @ 0x00000000b8f00000) remset 0 code roots 0 marked 1 reclaim candidate 0 type array 1
[367.305s][debug][gc,humongous      ] GC(33002) Humongous region 622 (object size 1048592 @ 0x00000000a6e00000) remset 0 code roots 0 marked 1 reclaim candidate 0 type array 1
[367.306s][debug][gc,humongous      ] GC(33002) Humongous region 917 (object size 1048592 @ 0x00000000b9500000) remset 0 code roots 0 marked 1 reclaim candidate 0 type array 1
[367.305s][debug][gc,humongous      ] GC(33002) Humongous region 1093 (object size 1048592 @ 0x00000000c4500000) remset 0 code roots 0 marked 1 reclaim candidate 0 type array 1
[367.306s][debug][gc,humongous      ] GC(33002) Humongous region 901 (object size 1048592 @ 0x00000000b8500000) remset 0 code roots 0 marked 1 reclaim candidate 0 type array 1
[367.306s][debug][gc,humongous      ] GC(33002) Humongous region 941 (object size 1048592 @ 0x00000000bad00000) remset 0 code roots 0 marked 1 reclaim candidate 0 type array 1
[367.306s][debug][gc,humongous      ] GC(33002) Humongous region 943 (object size 1048592 @ 0x00000000baf00000) remset 0 code roots 0 marked 1 reclaim candidate 0 type array 1
[367.306s][debug][gc,humongous      ] GC(33002) Humongous region 1097 (object size 1048592 @ 0x00000000c4900000) remset 0 code roots 0 marked 1 reclaim candidate 0 type array 1
[367.306s][debug][gc,humongous      ] GC(33002) Humongous region 1099 (object size 1048592 @ 0x00000000c4b00000) remset 0 code roots 0 marked 1 reclaim candidate 0 type array 1
[367.306s][debug][gc,humongous      ] GC(33002) Humongous region 1236 (object size 1048592 @ 0x00000000cd400000) remset 0 code roots 0 marked 1 reclaim candidate 0 type array 1
[367.306s][debug][gc,humongous      ] GC(33002) Humongous region 1238 (object size 1048592 @ 0x00000000cd600000) remset 0 code roots 0 marked 1 reclaim candidate 0 type array 1
[367.306s][debug][gc,humongous      ] GC(33002) Humongous region 1240 (object size 1048592 @ 0x00000000cd800000) remset 0 code roots 0 marked 1 reclaim candidate 0 type array 1
[367.306s][debug][gc,humongous      ] GC(33002) Humongous region 935 (object size 1048592 @ 0x00000000ba700000) remset 0 code roots 0 marked 1 reclaim candidate 0 type array 1
[367.306s][debug][gc,humongous      ] GC(33002) Humongous region 1242 (object size 1048592 @ 0x00000000cda00000) remset 0 code roots 0 marked 1 reclaim candidate 0 type array 1
[367.306s][debug][gc,humongous      ] GC(33002) Humongous region 937 (object size 1048592 @ 0x00000000ba900000) remset 0 code roots 0 marked 1 reclaim candidate 0 type array 1
[367.306s][debug][gc,humongous      ] GC(33002) Humongous region 1244 (object size 1048592 @ 0x00000000cdc00000) remset 0 code roots 0 marked 1 reclaim candidate 0 type array 1
[367.306s][debug][gc,humongous      ] GC(33002) Humongous region 1095 (object size 1048592 @ 0x00000000c4700000) remset 0 code roots 0 marked 0 reclaim candidate 1 type array 1
[367.305s][debug][gc,humongous      ] GC(33002) Humongous region 602 (object size 1048592 @ 0x00000000a5a00000) remset 0 code roots 0 marked 1 reclaim candidate 0 type array 1
[367.306s][debug][gc,humongous      ] GC(33002) Humongous region 1252 (object size 1048592 @ 0x00000000ce400000) remset 0 code roots 0 marked 1 reclaim candidate 0 type array 1
[367.306s][debug][gc,humongous      ] GC(33002) Humongous region 931 (object size 1048592 @ 0x00000000ba300000) remset 0 code roots 0 marked 1 reclaim candidate 0 type array 1
[367.305s][debug][gc,humongous      ] GC(33002) Humongous region 780 (object size 1048592 @ 0x00000000b0c00000) remset 0 code roots 0 marked 1 reclaim candidate 0 type array 1
[367.306s][debug][gc,humongous      ] GC(33002) Humongous region 1101 (object size 1048592 @ 0x00000000c4d00000) remset 0 code roots 0 marked 1 reclaim candidate 0 type array 1
[367.306s][debug][gc,humongous      ] GC(33002) Humongous region 933 (object size 1048592 @ 0x00000000ba500000) remset 0 code roots 0 marked 0 reclaim candidate 0 type array 1
[367.306s][debug][gc,humongous      ] GC(33002) Humongous region 921 (object size 1048592 @ 0x00000000b9900000) remset 0 code roots 0 marked 1 reclaim candidate 0 type array 1
[367.306s][debug][gc,humongous      ] GC(33002) Humongous region 1405 (object size 1048592 @ 0x00000000d7d00000) remset 0 code roots 0 marked 1 reclaim candidate 0 type array 1
[367.306s][debug][gc,humongous      ] GC(33002) Humongous region 939 (object size 1048592 @ 0x00000000bab00000) remset 0 code roots 0 marked 1 reclaim candidate 0 type array 1
[367.306s][debug][gc,humongous      ] GC(33002) Humongous region 1246 (object size 1048592 @ 0x00000000cde00000) remset 0 code roots 0 marked 1 reclaim candidate 0 type array 1
[367.306s][debug][gc,humongous      ] GC(33002) Humongous region 1248 (object size 1048592 @ 0x00000000ce000000) remset 0 code roots 0 marked 1 reclaim candidate 0 type array 1
[367.306s][debug][gc,humongous      ] GC(33002) Humongous region 1250 (object size 1048592 @ 0x00000000ce200000) remset 0 code roots 0 marked 1 reclaim candidate 0 type array 1
[367.306s][debug][gc,humongous      ] GC(33002) Humongous region 903 (object size 1048592 @ 0x00000000b8700000) remset 0 code roots 0 marked 1 reclaim candidate 0 type array 1
[367.306s][debug][gc,humongous      ] GC(33002) Humongous region 1256 (object size 1048592 @ 0x00000000ce800000) remset 0 code roots 0 marked 1 reclaim candidate 0 type array 1
[367.306s][debug][gc,humongous      ] GC(33002) Humongous region 1258 (object size 1048592 @ 0x00000000cea00000) remset 0 code roots 0 marked 1 reclaim candidate 0 type array 1
[367.306s][debug][gc,humongous      ] GC(33002) Humongous region 1401 (object size 1048592 @ 0x00000000d7900000) remset 0 code roots 0 marked 1 reclaim candidate 0 type array 1
[367.306s][debug][gc,humongous      ] GC(33002) Humongous region 1403 (object size 1048592 @ 0x00000000d7b00000) remset 0 code roots 0 marked 1 reclaim candidate 0 type array 1
[367.306s][debug][gc,humongous      ] GC(33002) Humongous region 1399 (object size 1048592 @ 0x00000000d7700000) remset 0 code roots 0 marked 1 reclaim candidate 0 type array 1
[367.306s][debug][gc,humongous      ] GC(33002) Humongous region 1409 (object size 1048592 @ 0x00000000d8100000) remset 0 code roots 0 marked 1 reclaim candidate 0 type array 1
[367.306s][debug][gc,humongous      ] GC(33002) Humongous region 1411 (object size 1048592 @ 0x00000000d8300000) remset 0 code roots 0 marked 1 reclaim candidate 0 type array 1
[367.306s][debug][gc,humongous      ] GC(33002) Humongous region 1413 (object size 1048592 @ 0x00000000d8500000) remset 0 code roots 0 marked 1 reclaim candidate 0 type array 1
[367.306s][debug][gc,humongous      ] GC(33002) Humongous region 1415 (object size 1048592 @ 0x00000000d8700000) remset 0 code roots 0 marked 0 reclaim candidate 0 type array 1
[367.306s][debug][gc,humongous      ] GC(33002) Humongous region 1254 (object size 1048592 @ 0x00000000ce600000) remset 0 code roots 0 marked 1 reclaim candidate 0 type array 1
[367.306s][debug][gc,humongous      ] GC(33002) Humongous region 1407 (object size 1048592 @ 0x00000000d7f00000) remset 0 code roots 0 marked 1 reclaim candidate 0 type array 1
[367.307s][debug][gc,ergo           ] GC(33002) Running G1 Merge Heap Roots using 13 workers for 0 regions
[367.307s][debug][gc,remset         ] GC(33002) Visited cards 128 Total dirty 2048 (6.25%) Total old 4163584 (0.00%)
[367.307s][debug][gc,task,start     ] G1 Service Thread (Remembered Set Sampling Task) (run)
[367.307s][debug][gc,ref            ] GC(33002) Skipped phase 1 of Reference Processing: no references
[367.307s][debug][gc,ref            ] GC(33002) Skipped phase 2 of Reference Processing: no references
[367.307s][debug][gc,ref            ] GC(33002) Skipped phase 3 of Reference Processing: no references
[367.307s][debug][gc,ref            ] GC(33002) Skipped phase 4 of Reference Processing: no references
[367.308s][debug][gc,humongous      ] GC(33002) Reclaimed humongous region 11 (object size 1048592 @ 0x0000000080b00000)
[367.308s][debug][gc,humongous      ] GC(33002) Reclaimed humongous region 717 (object size 1048592 @ 0x00000000acd00000)
[367.308s][debug][gc,ergo           ] GC(33002) Running G1 Rebuild Free List Task using 13 workers for rebuilding free list of regions
[367.308s][debug][gc,plab           ] GC(33002) Young PLAB allocation: allocated: 0B, wasted: 0B, unused: 0B, used: 0B, undo waste: 0B, 
[367.308s][debug][gc,plab           ] GC(33002) Young other allocation: region end waste: 0B, regions filled: 0, direct allocated: 0B, failure used: 0B, failure wasted: 0B
[367.308s][debug][gc,plab           ] GC(33002) Young sizing: calculated: 0B, actual: 2064B
[367.308s][debug][gc,plab           ] GC(33002) Old PLAB allocation: allocated: 0B, wasted: 0B, unused: 0B, used: 0B, undo waste: 0B, 
[367.308s][debug][gc,plab           ] GC(33002) Old other allocation: region end waste: 0B, regions filled: 0, direct allocated: 0B, failure used: 0B, failure wasted: 0B
[367.308s][debug][gc,plab           ] GC(33002) Old sizing: calculated: 0B, actual: 2064B
[367.308s][debug][gc,ergo,heap      ] GC(33002) Heap expansion: short term pause time ratio 88.93% long term pause time ratio 85.53% threshold 7.69% pause time ratio 7.69% fully expanded true resize by 0B
[367.308s][debug][gc,mmu            ] GC(33002) MMU: 142.6ms (200.0ms/201.0ms)
[367.308s][debug][gc,alloc,stats    ] Old generation allocation in the last mutator period, old gen allocated: 0B, humongous allocated: 54525952B,old gen growth: 50331648B.
[367.308s][debug][gc,ihop           ] GC(33002) Basic information (value update), threshold: 1648388396B (76.76), target occupancy: 2147483648B, current occupancy: 2125518544B, recent allocation size: 54525952B, recent allocation duration: 4.08ms, recent old gen allocation rate: 13353223513.67B/s, recent marking phase length: 13.50ms
[367.308s][debug][gc,ihop           ] GC(33002) Adaptive IHOP information (value update), threshold: 1648388396B (90.30), internal target occupancy: 1825361100B, occupancy: 2125518544B, additional buffer size: 106954752B, predicted old gen allocation rate: 5224183644.88B/s, predicted marking phase length: 13.40ms, prediction active: true
[367.308s][debug][gc,ergo,refine    ] GC(33002) Concurrent refinement times: Logged Cards Scan time goal: 20.00ms Logged Cards Scan time: 0.00ms HCC time: 0.00ms
[367.308s][debug][gc,ergo,refine    ] GC(33002) Updated Refinement Zones: green: 3328, yellow: 9984, red: 16640
[367.308s][info ][gc,phases         ] GC(33002)   Pre Evacuate Collection Set: 14.4ms
[367.308s][debug][gc,phases         ] GC(33002)     Prepare TLABs: 0.0ms
[367.308s][debug][gc,phases         ] GC(33002)     Concatenate Dirty Card Logs: 0.0ms
[367.308s][debug][gc,phases         ] GC(33002)     Choose Collection Set: 0.0ms
[367.308s][debug][gc,phases         ] GC(33002)     Region Register: 14.4ms
[367.308s][debug][gc,phases         ] GC(33002)     Prepare Heap Roots: 0.0ms
[367.308s][info ][gc,phases         ] GC(33002)   Merge Heap Roots: 0.2ms
[367.308s][debug][gc,phases         ] GC(33002)     Prepare Merge Heap Roots: 0.0ms
[367.308s][debug][gc,phases         ] GC(33002)     Eager Reclaim (ms):            Min:  0.1, Avg:  0.1, Max:  0.1, Diff:  0.0, Sum:  0.1, Workers: 1
[367.308s][debug][gc,phases         ] GC(33002)     Remembered Sets (ms):          Min:  0.0, Avg:  0.0, Max:  0.0, Diff:  0.0, Sum:  0.0, Workers: 13
[367.308s][debug][gc,phases         ] GC(33002)       Merged Sparse:                 Min: 0, Avg:  0.0, Max: 0, Diff: 0, Sum: 0, Workers: 13
[367.308s][debug][gc,phases         ] GC(33002)       Merged Fine:                   Min: 0, Avg:  0.0, Max: 0, Diff: 0, Sum: 0, Workers: 13
[367.308s][debug][gc,phases         ] GC(33002)       Merged Coarse:                 Min: 0, Avg:  0.0, Max: 0, Diff: 0, Sum: 0, Workers: 13
[367.308s][debug][gc,phases         ] GC(33002)       Dirty Cards:                   Min: 0, Avg:  0.0, Max: 0, Diff: 0, Sum: 0, Workers: 13
[367.308s][debug][gc,phases         ] GC(33002)     Hot Card Cache (ms):           Min:  0.0, Avg:  0.0, Max:  0.0, Diff:  0.0, Sum:  0.0, Workers: 13
[367.308s][debug][gc,phases         ] GC(33002)       Dirty Cards:                   Min: 0, Avg:  0.0, Max: 0, Diff: 0, Sum: 0, Workers: 13
[367.308s][debug][gc,phases         ] GC(33002)       Skipped Cards:                 Min: 0, Avg:  0.0, Max: 0, Diff: 0, Sum: 0, Workers: 13
[367.308s][debug][gc,phases         ] GC(33002)     Log Buffers (ms):              Min:  0.0, Avg:  0.0, Max:  0.0, Diff:  0.0, Sum:  0.0, Workers: 13
[367.308s][debug][gc,phases         ] GC(33002)       Dirty Cards:                   Min: 0, Avg:  0.7, Max: 9, Diff: 9, Sum: 9, Workers: 13
[367.308s][debug][gc,phases         ] GC(33002)       Skipped Cards:                 Min: 0, Avg:  0.0, Max: 0, Diff: 0, Sum: 0, Workers: 13
[367.308s][info ][gc,phases         ] GC(33002)   Evacuate Collection Set: 0.4ms
[367.308s][debug][gc,phases         ] GC(33002)     Ext Root Scanning (ms):        Min:  0.0, Avg:  0.0, Max:  0.0, Diff:  0.0, Sum:  0.1, Workers: 13
[367.308s][debug][gc,phases         ] GC(33002)     Scan Heap Roots (ms):          Min:  0.0, Avg:  0.0, Max:  0.0, Diff:  0.0, Sum:  0.0, Workers: 13
[367.308s][debug][gc,phases         ] GC(33002)       Scanned Cards:                 Min: 0, Avg:  1.3, Max: 9, Diff: 9, Sum: 17, Workers: 13
[367.308s][debug][gc,phases         ] GC(33002)       Scanned Blocks:                Min: 0, Avg:  0.6, Max: 4, Diff: 4, Sum: 8, Workers: 13
[367.308s][debug][gc,phases         ] GC(33002)       Claimed Chunks:                Min: 0, Avg:  0.3, Max: 1, Diff: 1, Sum: 4, Workers: 13
[367.308s][debug][gc,phases         ] GC(33002)     Code Root Scan (ms):           Min:  0.0, Avg:  0.0, Max:  0.0, Diff:  0.0, Sum:  0.0, Workers: 13
[367.308s][debug][gc,phases         ] GC(33002)     Object Copy (ms):              Min:  0.0, Avg:  0.0, Max:  0.0, Diff:  0.0, Sum:  0.0, Workers: 13
[367.308s][debug][gc,phases         ] GC(33002)     Termination (ms):              Min:  0.1, Avg:  0.2, Max:  0.3, Diff:  0.2, Sum:  3.1, Workers: 13
[367.308s][debug][gc,phases         ] GC(33002)       Termination Attempts:          Min: 1, Avg:  1.0, Max: 1, Diff: 0, Sum: 13, Workers: 13
[367.308s][debug][gc,phases         ] GC(33002)     GC Worker Other (ms):          Min:  0.0, Avg:  0.0, Max:  0.0, Diff:  0.0, Sum:  0.1, Workers: 13
[367.308s][debug][gc,phases         ] GC(33002)     GC Worker Total (ms):          Min:  0.1, Avg:  0.3, Max:  0.3, Diff:  0.2, Sum:  3.3, Workers: 13
[367.308s][info ][gc,phases         ] GC(33002)   Post Evacuate Collection Set: 0.5ms
[367.308s][debug][gc,phases         ] GC(33002)     Code Roots Fixup: 0.0ms
[367.308s][debug][gc,phases         ] GC(33002)     Reference Processing: 0.0ms
[367.308s][debug][gc,phases,ref     ] GC(33002)       Reconsider SoftReferences: 0.0ms
[367.308s][debug][gc,phases,ref     ] GC(33002)         SoftRef (ms):                  skipped
[367.308s][debug][gc,phases,ref     ] GC(33002)       Notify Soft/WeakReferences: 0.0ms
[367.308s][debug][gc,phases,ref     ] GC(33002)         SoftRef (ms):                  skipped
[367.308s][debug][gc,phases,ref     ] GC(33002)         WeakRef (ms):                  skipped
[367.308s][debug][gc,phases,ref     ] GC(33002)         FinalRef (ms):                 skipped
[367.308s][debug][gc,phases,ref     ] GC(33002)         Total (ms):                    skipped
[367.308s][debug][gc,phases,ref     ] GC(33002)       Notify and keep alive finalizable: 0.0ms
[367.308s][debug][gc,phases,ref     ] GC(33002)         FinalRef (ms):                 skipped
[367.308s][debug][gc,phases,ref     ] GC(33002)       Notify PhantomReferences: 0.0ms
[367.308s][debug][gc,phases,ref     ] GC(33002)         PhantomRef (ms):               skipped
[367.308s][debug][gc,phases,ref     ] GC(33002)       SoftReference:
[367.308s][debug][gc,phases,ref     ] GC(33002)         Discovered: 0
[367.308s][debug][gc,phases,ref     ] GC(33002)         Cleared: 0
[367.308s][debug][gc,phases,ref     ] GC(33002)       WeakReference:
[367.308s][debug][gc,phases,ref     ] GC(33002)         Discovered: 0
[367.308s][debug][gc,phases,ref     ] GC(33002)         Cleared: 0
[367.308s][debug][gc,phases,ref     ] GC(33002)       FinalReference:
[367.308s][debug][gc,phases,ref     ] GC(33002)         Discovered: 0
[367.308s][debug][gc,phases,ref     ] GC(33002)         Cleared: 0
[367.308s][debug][gc,phases,ref     ] GC(33002)       PhantomReference:
[367.308s][debug][gc,phases,ref     ] GC(33002)         Discovered: 0
[367.308s][debug][gc,phases,ref     ] GC(33002)         Cleared: 0
[367.308s][debug][gc,phases         ] GC(33002)     Weak Processing: 0.0ms
[367.308s][debug][gc,phases         ] GC(33002)       VM Weak                        Min:  0.0, Avg:  0.0, Max:  0.0, Diff:  0.0, Sum:  0.0, Workers: 1
[367.308s][debug][gc,phases         ] GC(33002)         Dead                           Min: 0, Avg:  0.0, Max: 0, Diff: 0, Sum: 0, Workers: 1
[367.308s][debug][gc,phases         ] GC(33002)         Total                          Min: 4, Avg:  4.0, Max: 4, Diff: 0, Sum: 4, Workers: 1
[367.308s][debug][gc,phases         ] GC(33002)       ObjectSynchronizer Weak        Min:  0.0, Avg:  0.0, Max:  0.0, Diff:  0.0, Sum:  0.0, Workers: 1
[367.308s][debug][gc,phases         ] GC(33002)         Dead                           Min: 0, Avg:  0.0, Max: 0, Diff: 0, Sum: 0, Workers: 1
[367.308s][debug][gc,phases         ] GC(33002)         Total                          Min: 3, Avg:  3.0, Max: 3, Diff: 0, Sum: 3, Workers: 1
[367.308s][debug][gc,phases         ] GC(33002)       JVMTI Tag Weak OopStorage      Min:  0.0, Avg:  0.0, Max:  0.0, Diff:  0.0, Sum:  0.0, Workers: 1
[367.308s][debug][gc,phases         ] GC(33002)         Dead                           Min: 0, Avg:  0.0, Max: 0, Diff: 0, Sum: 0, Workers: 1
[367.308s][debug][gc,phases         ] GC(33002)         Total                          Min: 0, Avg:  0.0, Max: 0, Diff: 0, Sum: 0, Workers: 1
[367.308s][debug][gc,phases         ] GC(33002)       StringTable Weak               Min:  0.0, Avg:  0.0, Max:  0.0, Diff:  0.0, Sum:  0.0, Workers: 1
[367.308s][debug][gc,phases         ] GC(33002)         Dead                           Min: 0, Avg:  0.0, Max: 0, Diff: 0, Sum: 0, Workers: 1
[367.308s][debug][gc,phases         ] GC(33002)         Total                          Min: 45, Avg: 45.0, Max: 45, Diff: 0, Sum: 45, Workers: 1
[367.308s][debug][gc,phases         ] GC(33002)       ResolvedMethodTable Weak       Min:  0.0, Avg:  0.0, Max:  0.0, Diff:  0.0, Sum:  0.0, Workers: 1
[367.308s][debug][gc,phases         ] GC(33002)         Dead                           Min: 0, Avg:  0.0, Max: 0, Diff: 0, Sum: 0, Workers: 1
[367.308s][debug][gc,phases         ] GC(33002)         Total                          Min: 22, Avg: 22.0, Max: 22, Diff: 0, Sum: 22, Workers: 1
[367.308s][debug][gc,phases         ] GC(33002)       JNI Weak                       Min:  0.0, Avg:  0.0, Max:  0.0, Diff:  0.0, Sum:  0.0, Workers: 1
[367.308s][debug][gc,phases         ] GC(33002)         Dead                           Min: 0, Avg:  0.0, Max: 0, Diff: 0, Sum: 0, Workers: 1
[367.308s][debug][gc,phases         ] GC(33002)         Total                          Min: 0, Avg:  0.0, Max: 0, Diff: 0, Sum: 0, Workers: 1
[367.308s][debug][gc,phases         ] GC(33002)       StringDedup Table Weak         Min:  0.0, Avg:  0.0, Max:  0.0, Diff:  0.0, Sum:  0.0, Workers: 1
[367.308s][debug][gc,phases         ] GC(33002)         Dead                           Min: 0, Avg:  0.0, Max: 0, Diff: 0, Sum: 0, Workers: 1
[367.308s][debug][gc,phases         ] GC(33002)         Total                          Min: 0, Avg:  0.0, Max: 0, Diff: 0, Sum: 0, Workers: 1
[367.308s][debug][gc,phases         ] GC(33002)       StringDedup Requests0 Weak     Min:  0.0, Avg:  0.0, Max:  0.0, Diff:  0.0, Sum:  0.0, Workers: 1
[367.308s][debug][gc,phases         ] GC(33002)         Dead                           Min: 0, Avg:  0.0, Max: 0, Diff: 0, Sum: 0, Workers: 1
[367.308s][debug][gc,phases         ] GC(33002)         Total                          Min: 0, Avg:  0.0, Max: 0, Diff: 0, Sum: 0, Workers: 1
[367.308s][debug][gc,phases         ] GC(33002)       StringDedup Requests1 Weak     Min:  0.0, Avg:  0.0, Max:  0.0, Diff:  0.0, Sum:  0.0, Workers: 1
[367.308s][debug][gc,phases         ] GC(33002)         Dead                           Min: 0, Avg:  0.0, Max: 0, Diff: 0, Sum: 0, Workers: 1
[367.308s][debug][gc,phases         ] GC(33002)         Total                          Min: 0, Avg:  0.0, Max: 0, Diff: 0, Sum: 0, Workers: 1
[367.308s][debug][gc,phases         ] GC(33002)       Weak JFR Old Object Samples    Min:  0.0, Avg:  0.0, Max:  0.0, Diff:  0.0, Sum:  0.0, Workers: 1
[367.308s][debug][gc,phases         ] GC(33002)         Dead                           Min: 0, Avg:  0.0, Max: 0, Diff: 0, Sum: 0, Workers: 1
[367.309s][debug][gc,phases         ] GC(33002)         Total                          Min: 0, Avg:  0.0, Max: 0, Diff: 0, Sum: 0, Workers: 1
[367.309s][debug][gc,phases         ] GC(33002)     Post Evacuate Cleanup 1: 0.1ms
[367.309s][debug][gc,phases         ] GC(33002)       Merge Per-Thread State (ms):   Min:  0.0, Avg:  0.0, Max:  0.0, Diff:  0.0, Sum:  0.0, Workers: 1
[367.309s][debug][gc,phases         ] GC(33002)         Copied Bytes                   Min: 0, Avg:  0.0, Max: 0, Diff: 0, Sum: 0, Workers: 13
[367.309s][debug][gc,phases         ] GC(33002)         LAB Waste                      Min: 0, Avg:  0.0, Max: 0, Diff: 0, Sum: 0, Workers: 13
[367.309s][debug][gc,phases         ] GC(33002)         LAB Undo Waste                 Min: 0, Avg:  0.0, Max: 0, Diff: 0, Sum: 0, Workers: 13
[367.309s][debug][gc,phases         ] GC(33002)       Clear Logged Cards (ms):       Min:  0.0, Avg:  0.0, Max:  0.0, Diff:  0.0, Sum:  0.0, Workers: 2
[367.309s][debug][gc,phases         ] GC(33002)       Recalculate Used Memory (ms):  Min:  0.0, Avg:  0.0, Max:  0.0, Diff:  0.0, Sum:  0.0, Workers: 1
[367.309s][debug][gc,phases         ] GC(33002)     Post Evacuate Cleanup 2: 0.2ms
[367.309s][debug][gc,phases         ] GC(33002)       Reset Hot Card Cache (ms):     Min:  0.0, Avg:  0.0, Max:  0.0, Diff:  0.0, Sum:  0.0, Workers: 1
[367.309s][debug][gc,phases         ] GC(33002)       Purge Code Roots (ms):         Min:  0.0, Avg:  0.0, Max:  0.0, Diff:  0.0, Sum:  0.0, Workers: 1
[367.309s][debug][gc,phases         ] GC(33002)       Update Derived Pointers (ms):  Min:  0.0, Avg:  0.0, Max:  0.0, Diff:  0.0, Sum:  0.0, Workers: 1
[367.309s][debug][gc,phases         ] GC(33002)       Eagerly Reclaim Humongous Objects (ms): Min:  0.1, Avg:  0.1, Max:  0.1, Diff:  0.0, Sum:  0.1, Workers: 1
[367.309s][debug][gc,phases         ] GC(33002)         Humongous Total                Min: 1015, Avg: 1015.0, Max: 1015, Diff: 0, Sum: 1015, Workers: 1
[367.309s][debug][gc,phases         ] GC(33002)         Humongous Candidates           Min: 36, Avg: 36.0, Max: 36, Diff: 0, Sum: 36, Workers: 1
[367.309s][debug][gc,phases         ] GC(33002)         Humongous Reclaimed            Min: 2, Avg:  2.0, Max: 2, Diff: 0, Sum: 2, Workers: 1
[367.309s][debug][gc,phases         ] GC(33002)       Redirty Logged Cards (ms):     Min:  0.0, Avg:  0.0, Max:  0.0, Diff:  0.0, Sum:  0.0, Workers: 13
[367.309s][debug][gc,phases         ] GC(33002)         Redirtied Cards:               Min: 0, Avg:  0.1, Max: 1, Diff: 1, Sum: 1, Workers: 13
[367.309s][debug][gc,phases         ] GC(33002)       Free Collection Set (ms):      Min:  0.0, Avg:  0.0, Max:  0.0, Diff:  0.0, Sum:  0.0, Workers: 13
[367.309s][debug][gc,phases         ] GC(33002)     Rebuild Free List: 0.2ms
[367.309s][debug][gc,phases         ] GC(33002)     Start New Collection Set: 0.0ms
[367.309s][debug][gc,phases         ] GC(33002)     Resize TLABs: 0.0ms
[367.309s][debug][gc,phases         ] GC(33002)     Expand Heap After Collection: 0.0ms
[367.309s][info ][gc,phases         ] GC(33002)   Other: 0.3ms
[367.309s][info ][gc,heap           ] GC(33002) Eden regions: 0->0(102)
[367.309s][info ][gc,heap           ] GC(33002) Survivor regions: 0->0(13)
[367.309s][info ][gc,heap           ] GC(33002) Old regions: 1->1
[367.309s][info ][gc,heap           ] GC(33002) Archive regions: 2->2
[367.309s][info ][gc,heap           ] GC(33002) Humongous regions: 2030->2026
[367.309s][info ][gc,metaspace      ] GC(33002) Metaspace: 198K(384K)->198K(384K) NonClass: 192K(256K)->192K(256K) Class: 5K(128K)->5K(128K)
[367.309s][debug][gc,heap           ] GC(33002) Heap after GC invocations=31580 (full 10210):
[367.309s][debug][gc,heap           ] GC(33002)  garbage-first heap   total 2097152K, used 2075701K [0x0000000080000000, 0x0000000100000000)
[367.309s][debug][gc,heap           ] GC(33002)   region size 1024K, 0 young (0K), 0 survivors (0K)
[367.309s][debug][gc,heap           ] GC(33002)  Metaspace       used 198K, committed 384K, reserved 1114112K
[367.309s][debug][gc,heap           ] GC(33002)   class space    used 5K, committed 128K, reserved 1048576K
[367.309s][info ][gc                ] GC(33002) Pause Young (Normal) (G1 Humongous Allocation) 2031M->2027M(2048M) 16.472ms
[367.309s][info ][gc,cpu            ] GC(33002) User=0.02s Sys=0.02s Real=0.01s
[367.309s][debug][gc,task           ] G1 Service Thread (Remembered Set Sampling Task) (run) 1.855ms (cpu: 0.030ms)
[367.309s][debug][gc,heap           ] GC(33003) Heap before GC invocations=31580 (full 10210):
[367.309s][debug][gc,heap           ] GC(33003)  garbage-first heap   total 2097152K, used 2079797K [0x0000000080000000, 0x0000000100000000)
[367.309s][debug][gc,heap           ] GC(33003)   region size 1024K, 0 young (0K), 0 survivors (0K)
[367.309s][debug][gc,heap           ] GC(33003)  Metaspace       used 198K, committed 384K, reserved 1114112K
[367.309s][debug][gc,heap           ] GC(33003)   class space    used 5K, committed 128K, reserved 1048576K
[367.309s][info ][gc,start          ] GC(33003) Pause Young (Normal) (G1 Humongous Allocation)
[367.309s][info ][gc,task           ] GC(33003) Using 13 workers of 13 for evacuation
[367.309s][debug][gc,age            ] GC(33003) Desired survivor size 6815744 bytes, new threshold 15 (max threshold 15)
[367.309s][debug][gc,refine,stats   ] GC(33003) Mutator refinement: 0.00ms, refined: 0, precleaned: 0, dirtied: 7
[367.309s][debug][gc,refine,stats   ] GC(33003) Concurrent refinement: 0.00ms, refined: 0, precleaned: 0, dirtied: 0
[367.309s][debug][gc,refine,stats   ] GC(33003) Total refinement: 0.00ms, refined: 0, precleaned: 0, dirtied: 7
[367.309s][debug][gc,refine,stats   ] GC(33003) Generate dirty cards rate: 5.36 cards/ms
[367.309s][debug][gc,alloc,region   ] GC(33003) Mutator Allocation stats, regions: 0, wasted size: 0B ( 0.0%)
[367.309s][debug][gc,humongous      ] GC(33003) Humongous region 0 (object size 1048592 @ 0x0000000080000000) remset 0 code roots 0 marked 1 reclaim candidate 0 type array 1
[367.309s][debug][gc,humongous      ] GC(33003) Humongous region 157 (object size 1048592 @ 0x0000000089d00000) remset 0 code roots 0 marked 1 reclaim candidate 0 type array 1
[367.309s][debug][gc,humongous      ] GC(33003) Humongous region 315 (object size 1048592 @ 0x0000000093b00000) remset 0 code roots 0 marked 1 reclaim candidate 0 type array 1
[367.309s][debug][gc,humongous      ] GC(33003) Humongous region 3 (object size 1048592 @ 0x0000000080300000) remset 0 code roots 0 marked 1 reclaim candidate 0 type array 1
[367.309s][debug][gc,humongous      ] GC(33003) Humongous region 5 (object size 1048592 @ 0x0000000080500000) remset 0 code roots 0 marked 1 reclaim candidate 0 type array 1
[367.309s][debug][gc,humongous      ] GC(33003) Humongous region 630 (object size 1048592 @ 0x00000000a7600000) remset 0 code roots 0 marked 1 reclaim candidate 0 type array 1
[367.309s][debug][gc,humongous      ] GC(33003) Humongous region 945 (object size 1048592 @ 0x00000000bb100000) remset 0 code roots 0 marked 1 reclaim candidate 0 type array 1
[367.309s][debug][gc,humongous      ] GC(33003) Humongous region 632 (object size 1048592 @ 0x00000000a7800000) remset 0 code roots 0 marked 1 reclaim candidate 0 type array 1
[367.309s][debug][gc,humongous      ] GC(33003) Humongous region 159 (object size 1048592 @ 0x0000000089f00000) remset 0 code roots 0 marked 1 reclaim candidate 0 type array 1
[367.309s][debug][gc,humongous      ] GC(33003) Humongous region 317 (object size 1048592 @ 0x0000000093d00000) remset 0 code roots 0 marked 1 reclaim candidate 0 type array 1
[367.309s][debug][gc,humongous      ] GC(33003) Humongous region 161 (object size 1048592 @ 0x000000008a100000) remset 0 code roots 0 marked 1 reclaim candidate 0 type array 1
[367.309s][debug][gc,humongous      ] GC(33003) Humongous region 1417 (object size 1048592 @ 0x00000000d8900000) remset 0 code roots 0 marked 1 reclaim candidate 0 type array 1
[367.309s][debug][gc,humongous      ] GC(33003) Humongous region 1732 (object size 1048592 @ 0x00000000ec400000) remset 0 code roots 0 marked 1 reclaim candidate 0 type array 1
[367.309s][debug][gc,humongous      ] GC(33003) Humongous region 1890 (object size 1048592 @ 0x00000000f6200000) remset 0 code roots 0 marked 1 reclaim candidate 0 type array 1
[367.309s][debug][gc,humongous      ] GC(33003) Humongous region 1734 (object size 1048592 @ 0x00000000ec600000) remset 0 code roots 0 marked 1 reclaim candidate 0 type array 1
[367.309s][debug][gc,humongous      ] GC(33003) Humongous region 634 (object size 1048592 @ 0x00000000a7a00000) remset 0 code roots 0 marked 1 reclaim candidate 0 type array 1
[367.309s][debug][gc,humongous      ] GC(33003) Humongous region 1736 (object size 1048592 @ 0x00000000ec800000) remset 0 code roots 0 marked 1 reclaim candidate 0 type array 1
[367.309s][debug][gc,humongous      ] GC(33003) Humongous region 7 (object size 1048592 @ 0x0000000080700000) remset 0 code roots 0 marked 1 reclaim candidate 0 type array 1
[367.309s][debug][gc,humongous      ] GC(33003) Humongous region 636 (object size 1048592 @ 0x00000000a7c00000) remset 0 code roots 0 marked 1 reclaim candidate 0 type array 1
[367.309s][debug][gc,humongous      ] GC(33003) Humongous region 319 (object size 1048592 @ 0x0000000093f00000) remset 0 code roots 0 marked 1 reclaim candidate 0 type array 1
[367.309s][debug][gc,humongous      ] GC(33003) Humongous region 788 (object size 1048592 @ 0x00000000b1400000) remset 0 code roots 0 marked 1 reclaim candidate 0 type array 1
[367.309s][debug][gc,humongous      ] GC(33003) Humongous region 473 (object size 1048592 @ 0x000000009d900000) remset 0 code roots 0 marked 1 reclaim candidate 0 type array 1
[367.309s][debug][gc,humongous      ] GC(33003) Humongous region 1575 (object size 1048592 @ 0x00000000e2700000) remset 0 code roots 0 marked 1 reclaim candidate 0 type array 1
[367.309s][debug][gc,humongous      ] GC(33003) Humongous region 1419 (object size 1048592 @ 0x00000000d8b00000) remset 0 code roots 0 marked 1 reclaim candidate 0 type array 1
[367.309s][debug][gc,humongous      ] GC(33003) Humongous region 1103 (object size 1048592 @ 0x00000000c4f00000) remset 0 code roots 0 marked 1 reclaim candidate 0 type array 1
[367.310s][debug][gc,humongous      ] GC(33003) Humongous region 1105 (object size 1048592 @ 0x00000000c5100000) remset 0 code roots 0 marked 1 reclaim candidate 0 type array 1
[367.309s][debug][gc,humongous      ] GC(33003) Humongous region 1892 (object size 1048592 @ 0x00000000f6400000) remset 0 code roots 0 marked 1 reclaim candidate 0 type array 1
[367.310s][debug][gc,humongous      ] GC(33003) Humongous region 1107 (object size 1048592 @ 0x00000000c5300000) remset 0 code roots 0 marked 1 reclaim candidate 0 type array 1
[367.309s][debug][gc,humongous      ] GC(33003) Humongous region 163 (object size 1048592 @ 0x000000008a300000) remset 0 code roots 0 marked 1 reclaim candidate 0 type array 1
[367.310s][debug][gc,humongous      ] GC(33003) Humongous region 1109 (object size 1048592 @ 0x00000000c5500000) remset 0 code roots 0 marked 1 reclaim candidate 0 type array 1
[367.310s][debug][gc,humongous      ] GC(33003) Humongous region 9 (object size 1048592 @ 0x0000000080900000) remset 0 code roots 0 marked 1 reclaim candidate 0 type array 1
[367.310s][debug][gc,humongous      ] GC(33003) Humongous region 638 (object size 1048592 @ 0x00000000a7e00000) remset 0 code roots 0 marked 1 reclaim candidate 0 type array 1
[367.310s][debug][gc,humongous      ] GC(33003) Humongous region 321 (object size 1048592 @ 0x0000000094100000) remset 0 code roots 0 marked 1 reclaim candidate 0 type array 1
[367.310s][debug][gc,humongous      ] GC(33003) Humongous region 323 (object size 1048592 @ 0x0000000094300000) remset 0 code roots 0 marked 1 reclaim candidate 0 type array 1
[367.310s][debug][gc,humongous      ] GC(33003) Humongous region 325 (object size 1048592 @ 0x0000000094500000) remset 0 code roots 0 marked 1 reclaim candidate 1 type array 1
[367.310s][debug][gc,humongous      ] GC(33003) Humongous region 327 (object size 1048592 @ 0x0000000094700000) remset 0 code roots 0 marked 1 reclaim candidate 0 type array 1
[367.310s][debug][gc,humongous      ] GC(33003) Humongous region 329 (object size 1048592 @ 0x0000000094900000) remset 0 code roots 0 marked 1 reclaim candidate 0 type array 1
[367.310s][debug][gc,humongous      ] GC(33003) Humongous region 331 (object size 1048592 @ 0x0000000094b00000) remset 0 code roots 0 marked 1 reclaim candidate 0 type array 1
[367.310s][debug][gc,humongous      ] GC(33003) Humongous region 333 (object size 1048592 @ 0x0000000094d00000) remset 0 code roots 0 marked 1 reclaim candidate 0 type array 1
[367.310s][debug][gc,humongous      ] GC(33003) Humongous region 335 (object size 1048592 @ 0x0000000094f00000) remset 0 code roots 0 marked 1 reclaim candidate 0 type array 1
[367.310s][debug][gc,humongous      ] GC(33003) Humongous region 337 (object size 1048592 @ 0x0000000095100000) remset 0 code roots 0 marked 1 reclaim candidate 0 type array 1
[367.310s][debug][gc,humongous      ] GC(33003) Humongous region 339 (object size 1048592 @ 0x0000000095300000) remset 0 code roots 0 marked 1 reclaim candidate 0 type array 1
[367.310s][debug][gc,humongous      ] GC(33003) Humongous region 341 (object size 1048592 @ 0x0000000095500000) remset 0 code roots 0 marked 1 reclaim candidate 0 type array 1
[367.310s][debug][gc,humongous      ] GC(33003) Humongous region 343 (object size 1048592 @ 0x0000000095700000) remset 0 code roots 0 marked 1 reclaim candidate 0 type array 1
[367.310s][debug][gc,humongous      ] GC(33003) Humongous region 345 (object size 1048592 @ 0x0000000095900000) remset 0 code roots 0 marked 1 reclaim candidate 0 type array 1
[367.310s][debug][gc,humongous      ] GC(33003) Humongous region 347 (object size 1048592 @ 0x0000000095b00000) remset 0 code roots 0 marked 1 reclaim candidate 0 type array 1
[367.310s][debug][gc,humongous      ] GC(33003) Humongous region 349 (object size 1048592 @ 0x0000000095d00000) remset 0 code roots 0 marked 1 reclaim candidate 0 type array 1
[367.310s][debug][gc,humongous      ] GC(33003) Humongous region 351 (object size 1048592 @ 0x0000000095f00000) remset 0 code roots 0 marked 1 reclaim candidate 0 type array 1
[367.310s][debug][gc,humongous      ] GC(33003) Humongous region 353 (object size 1048592 @ 0x0000000096100000) remset 0 code roots 0 marked 1 reclaim candidate 0 type array 1
[367.309s][debug][gc,humongous      ] GC(33003) Humongous region 1260 (object size 1048592 @ 0x00000000cec00000) remset 0 code roots 0 marked 1 reclaim candidate 0 type array 1
[367.310s][debug][gc,humongous      ] GC(33003) Humongous region 355 (object size 1048592 @ 0x0000000096300000) remset 0 code roots 0 marked 1 reclaim candidate 0 type array 1
[367.310s][debug][gc,humongous      ] GC(33003) Humongous region 1262 (object size 1048592 @ 0x00000000cee00000) remset 0 code roots 0 marked 1 reclaim candidate 0 type array 1
[367.310s][debug][gc,humongous      ] GC(33003) Humongous region 357 (object size 1048592 @ 0x0000000096500000) remset 0 code roots 0 marked 1 reclaim candidate 0 type array 1
[367.310s][debug][gc,humongous      ] GC(33003) Humongous region 1264 (object size 1048592 @ 0x00000000cf000000) remset 0 code roots 0 marked 1 reclaim candidate 0 type array 1
[367.310s][debug][gc,humongous      ] GC(33003) Humongous region 359 (object size 1048592 @ 0x0000000096700000) remset 0 code roots 0 marked 1 reclaim candidate 0 type array 1
[367.310s][debug][gc,humongous      ] GC(33003) Humongous region 640 (object size 1048592 @ 0x00000000a8000000) remset 0 code roots 0 marked 1 reclaim candidate 0 type array 1
[367.310s][debug][gc,humongous      ] GC(33003) Humongous region 1577 (object size 1048592 @ 0x00000000e2900000) remset 0 code roots 0 marked 1 reclaim candidate 0 type array 1
[367.310s][debug][gc,humongous      ] GC(33003) Humongous region 1579 (object size 1048592 @ 0x00000000e2b00000) remset 0 code roots 0 marked 1 reclaim candidate 0 type array 1
[367.310s][debug][gc,humongous      ] GC(33003) Humongous region 475 (object size 1048592 @ 0x000000009db00000) remset 0 code roots 0 marked 1 reclaim candidate 0 type array 1
[367.310s][debug][gc,humongous      ] GC(33003) Humongous region 1581 (object size 1048592 @ 0x00000000e2d00000) remset 0 code roots 0 marked 1 reclaim candidate 0 type array 1
[367.309s][debug][gc,humongous      ] GC(33003) Humongous region 947 (object size 1048592 @ 0x00000000bb300000) remset 0 code roots 0 marked 0 reclaim candidate 0 type array 1
[367.310s][debug][gc,humongous      ] GC(33003) Humongous region 1421 (object size 1048592 @ 0x00000000d8d00000) remset 0 code roots 0 marked 1 reclaim candidate 0 type array 1
[367.310s][debug][gc,humongous      ] GC(33003) Humongous region 949 (object size 1048592 @ 0x00000000bb500000) remset 0 code roots 0 marked 1 reclaim candidate 0 type array 1
[367.310s][debug][gc,humongous      ] GC(33003) Humongous region 951 (object size 1048592 @ 0x00000000bb700000) remset 0 code roots 0 marked 0 reclaim candidate 1 type array 1
[367.310s][debug][gc,humongous      ] GC(33003) Humongous region 1423 (object size 1048592 @ 0x00000000d8f00000) remset 0 code roots 0 marked 1 reclaim candidate 0 type array 1
[367.310s][debug][gc,humongous      ] GC(33003) Humongous region 165 (object size 1048592 @ 0x000000008a500000) remset 0 code roots 0 marked 1 reclaim candidate 0 type array 1
[367.310s][debug][gc,humongous      ] GC(33003) Humongous region 1266 (object size 1048592 @ 0x00000000cf200000) remset 0 code roots 0 marked 1 reclaim candidate 0 type array 1
[367.310s][debug][gc,humongous      ] GC(33003) Humongous region 167 (object size 1048592 @ 0x000000008a700000) remset 0 code roots 0 marked 1 reclaim candidate 0 type array 1
[367.310s][debug][gc,humongous      ] GC(33003) Humongous region 361 (object size 1048592 @ 0x0000000096900000) remset 0 code roots 0 marked 1 reclaim candidate 0 type array 1
[367.310s][debug][gc,humongous      ] GC(33003) Humongous region 790 (object size 1048592 @ 0x00000000b1600000) remset 0 code roots 0 marked 1 reclaim candidate 0 type array 1
[367.310s][debug][gc,humongous      ] GC(33003) Humongous region 363 (object size 1048592 @ 0x0000000096b00000) remset 0 code roots 0 marked 1 reclaim candidate 0 type array 1
[367.310s][debug][gc,humongous      ] GC(33003) Humongous region 1583 (object size 1048592 @ 0x00000000e2f00000) remset 0 code roots 0 marked 1 reclaim candidate 0 type array 1
[367.310s][debug][gc,humongous      ] GC(33003) Humongous region 365 (object size 1048592 @ 0x0000000096d00000) remset 0 code roots 0 marked 1 reclaim candidate 0 type array 1
[367.310s][debug][gc,humongous      ] GC(33003) Humongous region 953 (object size 1048592 @ 0x00000000bb900000) remset 0 code roots 0 marked 1 reclaim candidate 0 type array 1
[367.310s][debug][gc,humongous      ] GC(33003) Humongous region 367 (object size 1048592 @ 0x0000000096f00000) remset 0 code roots 0 marked 1 reclaim candidate 0 type array 1
[367.310s][debug][gc,humongous      ] GC(33003) Humongous region 1425 (object size 1048592 @ 0x00000000d9100000) remset 0 code roots 0 marked 1 reclaim candidate 0 type array 1
[367.310s][debug][gc,humongous      ] GC(33003) Humongous region 955 (object size 1048592 @ 0x00000000bbb00000) remset 0 code roots 0 marked 1 reclaim candidate 0 type array 1
[367.310s][debug][gc,humongous      ] GC(33003) Humongous region 1268 (object size 1048592 @ 0x00000000cf400000) remset 0 code roots 0 marked 1 reclaim candidate 0 type array 1
[367.310s][debug][gc,humongous      ] GC(33003) Humongous region 957 (object size 1048592 @ 0x00000000bbd00000) remset 0 code roots 0 marked 1 reclaim candidate 0 type array 1
[367.310s][debug][gc,humongous      ] GC(33003) Humongous region 1270 (object size 1048592 @ 0x00000000cf600000) remset 0 code roots 0 marked 1 reclaim candidate 0 type array 1
[367.309s][debug][gc,humongous      ] GC(33003) Humongous region 1738 (object size 1048592 @ 0x00000000eca00000) remset 0 code roots 0 marked 1 reclaim candidate 0 type array 1
[367.310s][debug][gc,humongous      ] GC(33003) Humongous region 1272 (object size 1048592 @ 0x00000000cf800000) remset 0 code roots 0 marked 1 reclaim candidate 0 type array 1
[367.310s][debug][gc,humongous      ] GC(33003) Humongous region 169 (object size 1048592 @ 0x000000008a900000) remset 0 code roots 0 marked 1 reclaim candidate 0 type array 1
[367.310s][debug][gc,humongous      ] GC(33003) Humongous region 11 (object size 1048592 @ 0x0000000080b00000) remset 0 code roots 0 marked 0 reclaim candidate 1 type array 1
[367.310s][debug][gc,humongous      ] GC(33003) Humongous region 13 (object size 1048592 @ 0x0000000080d00000) remset 0 code roots 0 marked 1 reclaim candidate 0 type array 1
[367.310s][debug][gc,humongous      ] GC(33003) Humongous region 369 (object size 1048592 @ 0x0000000097100000) remset 0 code roots 0 marked 1 reclaim candidate 0 type array 1
[367.310s][debug][gc,humongous      ] GC(33003) Humongous region 15 (object size 1048592 @ 0x0000000080f00000) remset 0 code roots 0 marked 1 reclaim candidate 0 type array 1
[367.310s][debug][gc,humongous      ] GC(33003) Humongous region 642 (object size 1048592 @ 0x00000000a8200000) remset 0 code roots 0 marked 1 reclaim candidate 0 type array 1
[367.311s][debug][gc,humongous      ] GC(33003) Humongous region 371 (object size 1048592 @ 0x0000000097300000) remset 0 code roots 0 marked 1 reclaim candidate 0 type array 1
[367.310s][debug][gc,humongous      ] GC(33003) Humongous region 477 (object size 1048592 @ 0x000000009dd00000) remset 0 code roots 0 marked 1 reclaim candidate 1 type array 1
[367.310s][debug][gc,humongous      ] GC(33003) Humongous region 959 (object size 1048592 @ 0x00000000bbf00000) remset 0 code roots 0 marked 1 reclaim candidate 0 type array 1
[367.310s][debug][gc,humongous      ] GC(33003) Humongous region 1740 (object size 1048592 @ 0x00000000ecc00000) remset 0 code roots 0 marked 1 reclaim candidate 0 type array 1
[367.310s][debug][gc,humongous      ] GC(33003) Humongous region 792 (object size 1048592 @ 0x00000000b1800000) remset 0 code roots 0 marked 1 reclaim candidate 0 type array 1
[367.311s][debug][gc,humongous      ] GC(33003) Humongous region 794 (object size 1048592 @ 0x00000000b1a00000) remset 0 code roots 0 marked 1 reclaim candidate 0 type array 1
[367.310s][debug][gc,humongous      ] GC(33003) Humongous region 1274 (object size 1048592 @ 0x00000000cfa00000) remset 0 code roots 0 marked 1 reclaim candidate 0 type array 1
[367.311s][debug][gc,humongous      ] GC(33003) Humongous region 796 (object size 1048592 @ 0x00000000b1c00000) remset 0 code roots 0 marked 0 reclaim candidate 1 type array 1
[367.310s][debug][gc,humongous      ] GC(33003) Humongous region 171 (object size 1048592 @ 0x000000008ab00000) remset 0 code roots 0 marked 1 reclaim candidate 0 type array 1
[367.310s][debug][gc,humongous      ] GC(33003) Humongous region 1894 (object size 1048592 @ 0x00000000f6600000) remset 0 code roots 0 marked 1 reclaim candidate 0 type array 1
[367.311s][debug][gc,humongous      ] GC(33003) Humongous region 1896 (object size 1048592 @ 0x00000000f6800000) remset 0 code roots 0 marked 1 reclaim candidate 0 type array 1
[367.311s][debug][gc,humongous      ] GC(33003) Humongous region 1898 (object size 1048592 @ 0x00000000f6a00000) remset 0 code roots 0 marked 1 reclaim candidate 0 type array 1
[367.311s][debug][gc,humongous      ] GC(33003) Humongous region 479 (object size 1048592 @ 0x000000009df00000) remset 0 code roots 0 marked 1 reclaim candidate 0 type array 1
[367.311s][debug][gc,humongous      ] GC(33003) Humongous region 1900 (object size 1048592 @ 0x00000000f6c00000) remset 0 code roots 0 marked 1 reclaim candidate 0 type array 1
[367.310s][debug][gc,humongous      ] GC(33003) Humongous region 1585 (object size 1048592 @ 0x00000000e3100000) remset 0 code roots 0 marked 1 reclaim candidate 0 type array 1
[367.311s][debug][gc,humongous      ] GC(33003) Humongous region 1902 (object size 1048592 @ 0x00000000f6e00000) remset 0 code roots 0 marked 1 reclaim candidate 0 type array 1
[367.310s][debug][gc,humongous      ] GC(33003) Humongous region 1111 (object size 1048592 @ 0x00000000c5700000) remset 0 code roots 0 marked 1 reclaim candidate 0 type array 1
[367.311s][debug][gc,humongous      ] GC(33003) Humongous region 1904 (object size 1048592 @ 0x00000000f7000000) remset 0 code roots 0 marked 1 reclaim candidate 0 type array 1
[367.311s][debug][gc,humongous      ] GC(33003) Humongous region 1742 (object size 1048592 @ 0x00000000ece00000) remset 0 code roots 0 marked 1 reclaim candidate 0 type array 1
[367.311s][debug][gc,humongous      ] GC(33003) Humongous region 1906 (object size 1048592 @ 0x00000000f7200000) remset 0 code roots 0 marked 1 reclaim candidate 0 type array 1
[367.311s][debug][gc,humongous      ] GC(33003) Humongous region 798 (object size 1048592 @ 0x00000000b1e00000) remset 0 code roots 0 marked 0 reclaim candidate 1 type array 1
[367.311s][debug][gc,humongous      ] GC(33003) Humongous region 1744 (object size 1048592 @ 0x00000000ed000000) remset 0 code roots 0 marked 1 reclaim candidate 0 type array 1
[367.311s][debug][gc,humongous      ] GC(33003) Humongous region 173 (object size 1048592 @ 0x000000008ad00000) remset 0 code roots 0 marked 1 reclaim candidate 0 type array 1
[367.310s][debug][gc,humongous      ] GC(33003) Humongous region 1427 (object size 1048592 @ 0x00000000d9300000) remset 0 code roots 0 marked 1 reclaim candidate 0 type array 1
[367.311s][debug][gc,humongous      ] GC(33003) Humongous region 175 (object size 1048592 @ 0x000000008af00000) remset 0 code roots 0 marked 1 reclaim candidate 0 type array 1
[367.311s][debug][gc,humongous      ] GC(33003) Humongous region 1429 (object size 1048592 @ 0x00000000d9500000) remset 0 code roots 0 marked 1 reclaim candidate 0 type array 1
[367.311s][debug][gc,humongous      ] GC(33003) Humongous region 177 (object size 1048592 @ 0x000000008b100000) remset 0 code roots 0 marked 1 reclaim candidate 0 type array 1
[367.311s][debug][gc,humongous      ] GC(33003) Humongous region 179 (object size 1048592 @ 0x000000008b300000) remset 0 code roots 0 marked 1 reclaim candidate 0 type array 1
[367.311s][debug][gc,humongous      ] GC(33003) Humongous region 181 (object size 1048592 @ 0x000000008b500000) remset 0 code roots 0 marked 1 reclaim candidate 0 type array 1
[367.311s][debug][gc,humongous      ] GC(33003) Humongous region 1276 (object size 1048592 @ 0x00000000cfc00000) remset 0 code roots 0 marked 1 reclaim candidate 0 type array 1
[367.311s][debug][gc,humongous      ] GC(33003) Humongous region 183 (object size 1048592 @ 0x000000008b700000) remset 0 code roots 0 marked 1 reclaim candidate 0 type array 1
[367.311s][debug][gc,humongous      ] GC(33003) Humongous region 1908 (object size 1048592 @ 0x00000000f7400000) remset 0 code roots 0 marked 1 reclaim candidate 0 type array 1
[367.311s][debug][gc,humongous      ] GC(33003) Humongous region 185 (object size 1048592 @ 0x000000008b900000) remset 0 code roots 0 marked 1 reclaim candidate 0 type array 1
[367.311s][debug][gc,humongous      ] GC(33003) Humongous region 1910 (object size 1048592 @ 0x00000000f7600000) remset 0 code roots 0 marked 1 reclaim candidate 0 type array 1
[367.311s][debug][gc,humongous      ] GC(33003) Humongous region 1746 (object size 1048592 @ 0x00000000ed200000) remset 0 code roots 0 marked 1 reclaim candidate 0 type array 1
[367.311s][debug][gc,humongous      ] GC(33003) Humongous region 1912 (object size 1048592 @ 0x00000000f7800000) remset 0 code roots 0 marked 1 reclaim candidate 0 type array 1
[367.311s][debug][gc,humongous      ] GC(33003) Humongous region 1748 (object size 1048592 @ 0x00000000ed400000) remset 0 code roots 0 marked 1 reclaim candidate 0 type array 1
[367.311s][debug][gc,humongous      ] GC(33003) Humongous region 1914 (object size 1048592 @ 0x00000000f7a00000) remset 0 code roots 0 marked 1 reclaim candidate 0 type array 1
[367.311s][debug][gc,humongous      ] GC(33003) Humongous region 1916 (object size 1048592 @ 0x00000000f7c00000) remset 0 code roots 0 marked 1 reclaim candidate 0 type array 1
[367.311s][debug][gc,humongous      ] GC(33003) Humongous region 1750 (object size 1048592 @ 0x00000000ed600000) remset 0 code roots 0 marked 0 reclaim candidate 1 type array 1
[367.311s][debug][gc,humongous      ] GC(33003) Humongous region 1431 (object size 1048592 @ 0x00000000d9700000) remset 0 code roots 0 marked 1 reclaim candidate 0 type array 1
[367.311s][debug][gc,humongous      ] GC(33003) Humongous region 961 (object size 1048592 @ 0x00000000bc100000) remset 0 code roots 0 marked 1 reclaim candidate 0 type array 1
[367.311s][debug][gc,humongous      ] GC(33003) Humongous region 1433 (object size 1048592 @ 0x00000000d9900000) remset 0 code roots 0 marked 1 reclaim candidate 0 type array 1
[367.311s][debug][gc,humongous      ] GC(33003) Humongous region 17 (object size 1048592 @ 0x0000000081100000) remset 0 code roots 0 marked 1 reclaim candidate 0 type array 1
[367.311s][debug][gc,humongous      ] GC(33003) Humongous region 800 (object size 1048592 @ 0x00000000b2000000) remset 0 code roots 0 marked 1 reclaim candidate 0 type array 1
[367.311s][debug][gc,humongous      ] GC(33003) Humongous region 187 (object size 1048592 @ 0x000000008bb00000) remset 0 code roots 0 marked 1 reclaim candidate 0 type array 1
[367.311s][debug][gc,humongous      ] GC(33003) Humongous region 644 (object size 1048592 @ 0x00000000a8400000) remset 0 code roots 0 marked 1 reclaim candidate 0 type array 1
[367.311s][debug][gc,humongous      ] GC(33003) Humongous region 481 (object size 1048592 @ 0x000000009e100000) remset 0 code roots 0 marked 1 reclaim candidate 1 type array 1
[367.311s][debug][gc,humongous      ] GC(33003) Humongous region 373 (object size 1048592 @ 0x0000000097500000) remset 0 code roots 0 marked 1 reclaim candidate 0 type array 1
[367.311s][debug][gc,humongous      ] GC(33003) Humongous region 1587 (object size 1048592 @ 0x00000000e3300000) remset 0 code roots 0 marked 1 reclaim candidate 0 type array 1
[367.311s][debug][gc,humongous      ] GC(33003) Humongous region 1113 (object size 1048592 @ 0x00000000c5900000) remset 0 code roots 0 marked 1 reclaim candidate 0 type array 1
[367.311s][debug][gc,humongous      ] GC(33003) Humongous region 1918 (object size 1048592 @ 0x00000000f7e00000) remset 0 code roots 0 marked 1 reclaim candidate 0 type array 1
[367.311s][debug][gc,humongous      ] GC(33003) Humongous region 1115 (object size 1048592 @ 0x00000000c5b00000) remset 0 code roots 0 marked 1 reclaim candidate 0 type array 1
[367.311s][debug][gc,humongous      ] GC(33003) Humongous region 963 (object size 1048592 @ 0x00000000bc300000) remset 0 code roots 0 marked 1 reclaim candidate 0 type array 1
[367.311s][debug][gc,humongous      ] GC(33003) Humongous region 1278 (object size 1048592 @ 0x00000000cfe00000) remset 0 code roots 0 marked 1 reclaim candidate 0 type array 1
[367.311s][debug][gc,humongous      ] GC(33003) Humongous region 1435 (object size 1048592 @ 0x00000000d9b00000) remset 0 code roots 0 marked 1 reclaim candidate 0 type array 1
[367.311s][debug][gc,humongous      ] GC(33003) Humongous region 1280 (object size 1048592 @ 0x00000000d0000000) remset 0 code roots 0 marked 0 reclaim candidate 0 type array 1
[367.311s][debug][gc,humongous      ] GC(33003) Humongous region 1437 (object size 1048592 @ 0x00000000d9d00000) remset 0 code roots 0 marked 1 reclaim candidate 0 type array 1
[367.311s][debug][gc,humongous      ] GC(33003) Humongous region 189 (object size 1048592 @ 0x000000008bd00000) remset 0 code roots 0 marked 1 reclaim candidate 0 type array 1
[367.311s][debug][gc,humongous      ] GC(33003) Humongous region 1439 (object size 1048592 @ 0x00000000d9f00000) remset 0 code roots 0 marked 1 reclaim candidate 0 type array 1
[367.311s][debug][gc,humongous      ] GC(33003) Humongous region 483 (object size 1048592 @ 0x000000009e300000) remset 0 code roots 0 marked 1 reclaim candidate 0 type array 1
[367.311s][debug][gc,humongous      ] GC(33003) Humongous region 375 (object size 1048592 @ 0x0000000097700000) remset 0 code roots 0 marked 1 reclaim candidate 0 type array 1
[367.311s][debug][gc,humongous      ] GC(33003) Humongous region 485 (object size 1048592 @ 0x000000009e500000) remset 0 code roots 0 marked 1 reclaim candidate 0 type array 1
[367.311s][debug][gc,humongous      ] GC(33003) Humongous region 377 (object size 1048592 @ 0x0000000097900000) remset 0 code roots 0 marked 1 reclaim candidate 0 type array 1
[367.311s][debug][gc,humongous      ] GC(33003) Humongous region 1117 (object size 1048592 @ 0x00000000c5d00000) remset 0 code roots 0 marked 1 reclaim candidate 0 type array 1
[367.311s][debug][gc,humongous      ] GC(33003) Humongous region 379 (object size 1048592 @ 0x0000000097b00000) remset 0 code roots 0 marked 1 reclaim candidate 0 type array 1
[367.311s][debug][gc,humongous      ] GC(33003) Humongous region 1119 (object size 1048592 @ 0x00000000c5f00000) remset 0 code roots 0 marked 1 reclaim candidate 0 type array 1
[367.311s][debug][gc,humongous      ] GC(33003) Humongous region 381 (object size 1048592 @ 0x0000000097d00000) remset 0 code roots 0 marked 1 reclaim candidate 0 type array 1
[367.311s][debug][gc,humongous      ] GC(33003) Humongous region 802 (object size 1048592 @ 0x00000000b2200000) remset 0 code roots 0 marked 1 reclaim candidate 0 type array 1
[367.311s][debug][gc,humongous      ] GC(33003) Humongous region 1282 (object size 1048592 @ 0x00000000d0200000) remset 0 code roots 0 marked 1 reclaim candidate 0 type array 1
[367.311s][debug][gc,humongous      ] GC(33003) Humongous region 191 (object size 1048592 @ 0x000000008bf00000) remset 0 code roots 0 marked 1 reclaim candidate 0 type array 1
[367.311s][debug][gc,humongous      ] GC(33003) Humongous region 1284 (object size 1048592 @ 0x00000000d0400000) remset 0 code roots 0 marked 1 reclaim candidate 0 type array 1
[367.311s][debug][gc,humongous      ] GC(33003) Humongous region 1441 (object size 1048592 @ 0x00000000da100000) remset 0 code roots 0 marked 1 reclaim candidate 0 type array 1
[367.311s][debug][gc,humongous      ] GC(33003) Humongous region 1589 (object size 1048592 @ 0x00000000e3500000) remset 0 code roots 0 marked 1 reclaim candidate 0 type array 1
[367.311s][debug][gc,humongous      ] GC(33003) Humongous region 1752 (object size 1048592 @ 0x00000000ed800000) remset 0 code roots 0 marked 1 reclaim candidate 0 type array 1
[367.311s][debug][gc,humongous      ] GC(33003) Humongous region 1920 (object size 1048592 @ 0x00000000f8000000) remset 0 code roots 0 marked 1 reclaim candidate 0 type array 1
[367.311s][debug][gc,humongous      ] GC(33003) Humongous region 487 (object size 1048592 @ 0x000000009e700000) remset 0 code roots 0 marked 1 reclaim candidate 0 type array 1
[367.311s][debug][gc,humongous      ] GC(33003) Humongous region 965 (object size 1048592 @ 0x00000000bc500000) remset 0 code roots 0 marked 1 reclaim candidate 0 type array 1
[367.311s][debug][gc,humongous      ] GC(33003) Humongous region 489 (object size 1048592 @ 0x000000009e900000) remset 0 code roots 0 marked 1 reclaim candidate 0 type array 1
[367.311s][debug][gc,humongous      ] GC(33003) Humongous region 967 (object size 1048592 @ 0x00000000bc700000) remset 0 code roots 0 marked 1 reclaim candidate 0 type array 1
[367.311s][debug][gc,humongous      ] GC(33003) Humongous region 491 (object size 1048592 @ 0x000000009eb00000) remset 0 code roots 0 marked 1 reclaim candidate 0 type array 1
[367.311s][debug][gc,humongous      ] GC(33003) Humongous region 804 (object size 1048592 @ 0x00000000b2400000) remset 0 code roots 0 marked 1 reclaim candidate 0 type array 1
[367.311s][debug][gc,humongous      ] GC(33003) Humongous region 646 (object size 1048592 @ 0x00000000a8600000) remset 0 code roots 0 marked 1 reclaim candidate 0 type array 1
[367.311s][debug][gc,humongous      ] GC(33003) Humongous region 806 (object size 1048592 @ 0x00000000b2600000) remset 0 code roots 0 marked 1 reclaim candidate 0 type array 1
[367.311s][debug][gc,humongous      ] GC(33003) Humongous region 1286 (object size 1048592 @ 0x00000000d0600000) remset 0 code roots 0 marked 0 reclaim candidate 1 type array 1
[367.311s][debug][gc,humongous      ] GC(33003) Humongous region 1443 (object size 1048592 @ 0x00000000da300000) remset 0 code roots 0 marked 1 reclaim candidate 0 type array 1
[367.311s][debug][gc,humongous      ] GC(33003) Humongous region 1591 (object size 1048592 @ 0x00000000e3700000) remset 0 code roots 0 marked 1 reclaim candidate 0 type array 1
[367.311s][debug][gc,humongous      ] GC(33003) Humongous region 1922 (object size 1048592 @ 0x00000000f8200000) remset 0 code roots 0 marked 1 reclaim candidate 0 type array 1
[367.311s][debug][gc,humongous      ] GC(33003) Humongous region 1924 (object size 1048592 @ 0x00000000f8400000) remset 0 code roots 0 marked 1 reclaim candidate 0 type array 1
[367.311s][debug][gc,humongous      ] GC(33003) Humongous region 1926 (object size 1048592 @ 0x00000000f8600000) remset 0 code roots 0 marked 1 reclaim candidate 0 type array 1
[367.311s][debug][gc,humongous      ] GC(33003) Humongous region 383 (object size 1048592 @ 0x0000000097f00000) remset 0 code roots 0 marked 1 reclaim candidate 0 type array 1
[367.312s][debug][gc,humongous      ] GC(33003) Humongous region 1928 (object size 1048592 @ 0x00000000f8800000) remset 0 code roots 0 marked 1 reclaim candidate 0 type array 1
[367.311s][debug][gc,humongous      ] GC(33003) Humongous region 969 (object size 1048592 @ 0x00000000bc900000) remset 0 code roots 0 marked 1 reclaim candidate 0 type array 1
[367.311s][debug][gc,humongous      ] GC(33003) Humongous region 493 (object size 1048592 @ 0x000000009ed00000) remset 0 code roots 0 marked 1 reclaim candidate 0 type array 1
[367.312s][debug][gc,humongous      ] GC(33003) Humongous region 971 (object size 1048592 @ 0x00000000bcb00000) remset 0 code roots 0 marked 1 reclaim candidate 0 type array 1
[367.311s][debug][gc,humongous      ] GC(33003) Humongous region 808 (object size 1048592 @ 0x00000000b2800000) remset 0 code roots 0 marked 1 reclaim candidate 0 type array 1
[367.312s][debug][gc,humongous      ] GC(33003) Humongous region 973 (object size 1048592 @ 0x00000000bcd00000) remset 0 code roots 0 marked 1 reclaim candidate 0 type array 1
[367.311s][debug][gc,humongous      ] GC(33003) Humongous region 1288 (object size 1048592 @ 0x00000000d0800000) remset 0 code roots 0 marked 1 reclaim candidate 0 type array 1
[367.312s][debug][gc,humongous      ] GC(33003) Humongous region 810 (object size 1048592 @ 0x00000000b2a00000) remset 0 code roots 0 marked 1 reclaim candidate 0 type array 1
[367.311s][debug][gc,humongous      ] GC(33003) Humongous region 1754 (object size 1048592 @ 0x00000000eda00000) remset 0 code roots 0 marked 1 reclaim candidate 0 type array 1
[367.311s][debug][gc,humongous      ] GC(33003) Humongous region 1445 (object size 1048592 @ 0x00000000da500000) remset 0 code roots 0 marked 1 reclaim candidate 0 type array 1
[367.311s][debug][gc,humongous      ] GC(33003) Humongous region 19 (object size 1048592 @ 0x0000000081300000) remset 0 code roots 0 marked 1 reclaim candidate 0 type array 1
[367.312s][debug][gc,humongous      ] GC(33003) Humongous region 1930 (object size 1048592 @ 0x00000000f8a00000) remset 0 code roots 0 marked 1 reclaim candidate 0 type array 1
[367.312s][debug][gc,humongous      ] GC(33003) Humongous region 21 (object size 1048592 @ 0x0000000081500000) remset 0 code roots 0 marked 1 reclaim candidate 0 type array 1
[367.311s][debug][gc,humongous      ] GC(33003) Humongous region 193 (object size 1048592 @ 0x000000008c100000) remset 0 code roots 0 marked 1 reclaim candidate 0 type array 1
[367.312s][debug][gc,humongous      ] GC(33003) Humongous region 23 (object size 1048592 @ 0x0000000081700000) remset 0 code roots 0 marked 1 reclaim candidate 0 type array 1
[367.311s][debug][gc,humongous      ] GC(33003) Humongous region 648 (object size 1048592 @ 0x00000000a8800000) remset 0 code roots 0 marked 1 reclaim candidate 0 type array 1
[367.312s][debug][gc,humongous      ] GC(33003) Humongous region 385 (object size 1048592 @ 0x0000000098100000) remset 0 code roots 0 marked 1 reclaim candidate 0 type array 1
[367.311s][debug][gc,humongous      ] GC(33003) Humongous region 1593 (object size 1048592 @ 0x00000000e3900000) remset 0 code roots 0 marked 1 reclaim candidate 0 type array 1
[367.312s][debug][gc,humongous      ] GC(33003) Humongous region 387 (object size 1048592 @ 0x0000000098300000) remset 0 code roots 0 marked 1 reclaim candidate 0 type array 1
[367.312s][debug][gc,humongous      ] GC(33003) Humongous region 812 (object size 1048592 @ 0x00000000b2c00000) remset 0 code roots 0 marked 1 reclaim candidate 0 type array 1
[367.312s][debug][gc,humongous      ] GC(33003) Humongous region 389 (object size 1048592 @ 0x0000000098500000) remset 0 code roots 0 marked 1 reclaim candidate 1 type array 1
[367.312s][debug][gc,humongous      ] GC(33003) Humongous region 814 (object size 1048592 @ 0x00000000b2e00000) remset 0 code roots 0 marked 1 reclaim candidate 0 type array 1
[367.312s][debug][gc,humongous      ] GC(33003) Humongous region 391 (object size 1048592 @ 0x0000000098700000) remset 0 code roots 0 marked 1 reclaim candidate 0 type array 1
[367.312s][debug][gc,humongous      ] GC(33003) Humongous region 1447 (object size 1048592 @ 0x00000000da700000) remset 0 code roots 0 marked 0 reclaim candidate 1 type array 1
[367.312s][debug][gc,humongous      ] GC(33003) Humongous region 1449 (object size 1048592 @ 0x00000000da900000) remset 0 code roots 0 marked 1 reclaim candidate 0 type array 1
[367.312s][debug][gc,humongous      ] GC(33003) Humongous region 495 (object size 1048592 @ 0x000000009ef00000) remset 0 code roots 0 marked 1 reclaim candidate 0 type array 1
[367.312s][debug][gc,humongous      ] GC(33003) Humongous region 1451 (object size 1048592 @ 0x00000000dab00000) remset 0 code roots 0 marked 1 reclaim candidate 0 type array 1
[367.312s][debug][gc,humongous      ] GC(33003) Humongous region 497 (object size 1048592 @ 0x000000009f100000) remset 0 code roots 0 marked 1 reclaim candidate 0 type array 1
[367.312s][debug][gc,humongous      ] GC(33003) Humongous region 1453 (object size 1048592 @ 0x00000000dad00000) remset 0 code roots 0 marked 1 reclaim candidate 0 type array 1
[367.312s][debug][gc,humongous      ] GC(33003) Humongous region 499 (object size 1048592 @ 0x000000009f300000) remset 0 code roots 0 marked 1 reclaim candidate 0 type array 1
[367.312s][debug][gc,humongous      ] GC(33003) Humongous region 1455 (object size 1048592 @ 0x00000000daf00000) remset 0 code roots 0 marked 1 reclaim candidate 0 type array 1
[367.312s][debug][gc,humongous      ] GC(33003) Humongous region 1756 (object size 1048592 @ 0x00000000edc00000) remset 0 code roots 0 marked 1 reclaim candidate 0 type array 1
[367.312s][debug][gc,humongous      ] GC(33003) Humongous region 1457 (object size 1048592 @ 0x00000000db100000) remset 0 code roots 0 marked 1 reclaim candidate 0 type array 1
[367.311s][debug][gc,humongous      ] GC(33003) Humongous region 1121 (object size 1048592 @ 0x00000000c6100000) remset 0 code roots 0 marked 1 reclaim candidate 0 type array 1
[367.312s][debug][gc,humongous      ] GC(33003) Humongous region 1459 (object size 1048592 @ 0x00000000db300000) remset 0 code roots 0 marked 1 reclaim candidate 0 type array 1
[367.312s][debug][gc,humongous      ] GC(33003) Humongous region 1123 (object size 1048592 @ 0x00000000c6300000) remset 0 code roots 0 marked 1 reclaim candidate 0 type array 1
[367.312s][debug][gc,humongous      ] GC(33003) Humongous region 1932 (object size 1048592 @ 0x00000000f8c00000) remset 0 code roots 0 marked 1 reclaim candidate 0 type array 1
[367.312s][debug][gc,humongous      ] GC(33003) Humongous region 1125 (object size 1048592 @ 0x00000000c6500000) remset 0 code roots 0 marked 1 reclaim candidate 0 type array 1
[367.312s][debug][gc,humongous      ] GC(33003) Humongous region 1934 (object size 1048592 @ 0x00000000f8e00000) remset 0 code roots 0 marked 1 reclaim candidate 0 type array 1
[367.312s][debug][gc,humongous      ] GC(33003) Humongous region 1127 (object size 1048592 @ 0x00000000c6700000) remset 0 code roots 0 marked 1 reclaim candidate 0 type array 1
[367.312s][debug][gc,humongous      ] GC(33003) Humongous region 975 (object size 1048592 @ 0x00000000bcf00000) remset 0 code roots 0 marked 1 reclaim candidate 0 type array 1
[367.312s][debug][gc,humongous      ] GC(33003) Humongous region 1129 (object size 1048592 @ 0x00000000c6900000) remset 0 code roots 0 marked 1 reclaim candidate 0 type array 1
[367.312s][debug][gc,humongous      ] GC(33003) Humongous region 501 (object size 1048592 @ 0x000000009f500000) remset 0 code roots 0 marked 1 reclaim candidate 0 type array 1
[367.312s][debug][gc,humongous      ] GC(33003) Humongous region 503 (object size 1048592 @ 0x000000009f700000) remset 0 code roots 0 marked 1 reclaim candidate 0 type array 1
[367.312s][debug][gc,humongous      ] GC(33003) Humongous region 505 (object size 1048592 @ 0x000000009f900000) remset 0 code roots 0 marked 1 reclaim candidate 0 type array 1
[367.312s][debug][gc,humongous      ] GC(33003) Humongous region 393 (object size 1048592 @ 0x0000000098900000) remset 0 code roots 0 marked 1 reclaim candidate 0 type array 1
[367.312s][debug][gc,humongous      ] GC(33003) Humongous region 507 (object size 1048592 @ 0x000000009fb00000) remset 0 code roots 0 marked 1 reclaim candidate 0 type array 1
[367.312s][debug][gc,humongous      ] GC(33003) Humongous region 395 (object size 1048592 @ 0x0000000098b00000) remset 0 code roots 0 marked 1 reclaim candidate 0 type array 1
[367.312s][debug][gc,humongous      ] GC(33003) Humongous region 509 (object size 1048592 @ 0x000000009fd00000) remset 0 code roots 0 marked 1 reclaim candidate 0 type array 1
[367.312s][debug][gc,humongous      ] GC(33003) Humongous region 25 (object size 1048592 @ 0x0000000081900000) remset 0 code roots 0 marked 1 reclaim candidate 0 type array 1
[367.312s][debug][gc,humongous      ] GC(33003) Humongous region 650 (object size 1048592 @ 0x00000000a8a00000) remset 0 code roots 0 marked 1 reclaim candidate 0 type array 1
[367.312s][debug][gc,humongous      ] GC(33003) Humongous region 1758 (object size 1048592 @ 0x00000000ede00000) remset 0 code roots 0 marked 1 reclaim candidate 0 type array 1
[367.312s][debug][gc,humongous      ] GC(33003) Humongous region 652 (object size 1048592 @ 0x00000000a8c00000) remset 0 code roots 0 marked 1 reclaim candidate 0 type array 1
[367.312s][debug][gc,humongous      ] GC(33003) Humongous region 1760 (object size 1048592 @ 0x00000000ee000000) remset 0 code roots 0 marked 1 reclaim candidate 0 type array 1
[367.312s][debug][gc,humongous      ] GC(33003) Humongous region 654 (object size 1048592 @ 0x00000000a8e00000) remset 0 code roots 0 marked 1 reclaim candidate 0 type array 1
[367.312s][debug][gc,humongous      ] GC(33003) Humongous region 1290 (object size 1048592 @ 0x00000000d0a00000) remset 0 code roots 0 marked 1 reclaim candidate 0 type array 1
[367.312s][debug][gc,humongous      ] GC(33003) Humongous region 1595 (object size 1048592 @ 0x00000000e3b00000) remset 0 code roots 0 marked 1 reclaim candidate 0 type array 1
[367.312s][debug][gc,humongous      ] GC(33003) Humongous region 1292 (object size 1048592 @ 0x00000000d0c00000) remset 0 code roots 0 marked 1 reclaim candidate 0 type array 1
[367.312s][debug][gc,humongous      ] GC(33003) Humongous region 397 (object size 1048592 @ 0x0000000098d00000) remset 0 code roots 0 marked 1 reclaim candidate 0 type array 1
[367.312s][debug][gc,humongous      ] GC(33003) Humongous region 1294 (object size 1048592 @ 0x00000000d0e00000) remset 0 code roots 0 marked 1 reclaim candidate 0 type array 1
[367.312s][debug][gc,humongous      ] GC(33003) Humongous region 27 (object size 1048592 @ 0x0000000081b00000) remset 0 code roots 0 marked 1 reclaim candidate 0 type array 1
[367.312s][debug][gc,humongous      ] GC(33003) Humongous region 511 (object size 1048592 @ 0x000000009ff00000) remset 0 code roots 0 marked 1 reclaim candidate 0 type array 1
[367.312s][debug][gc,humongous      ] GC(33003) Humongous region 1936 (object size 1048592 @ 0x00000000f9000000) remset 0 code roots 0 marked 1 reclaim candidate 0 type array 1
[367.312s][debug][gc,humongous      ] GC(33003) Humongous region 978 (object size 1048592 @ 0x00000000bd200000) remset 0 code roots 0 marked 1 reclaim candidate 0 type array 1
[367.312s][debug][gc,humongous      ] GC(33003) Humongous region 1131 (object size 1048592 @ 0x00000000c6b00000) remset 0 code roots 0 marked 1 reclaim candidate 0 type array 1
[367.312s][debug][gc,humongous      ] GC(33003) Humongous region 1762 (object size 1048592 @ 0x00000000ee200000) remset 0 code roots 0 marked 1 reclaim candidate 0 type array 1
[367.312s][debug][gc,humongous      ] GC(33003) Humongous region 816 (object size 1048592 @ 0x00000000b3000000) remset 0 code roots 0 marked 1 reclaim candidate 0 type array 1
[367.312s][debug][gc,humongous      ] GC(33003) Humongous region 656 (object size 1048592 @ 0x00000000a9000000) remset 0 code roots 0 marked 1 reclaim candidate 0 type array 1
[367.312s][debug][gc,humongous      ] GC(33003) Humongous region 818 (object size 1048592 @ 0x00000000b3200000) remset 0 code roots 0 marked 0 reclaim candidate 1 type array 1
[367.312s][debug][gc,humongous      ] GC(33003) Humongous region 1597 (object size 1048592 @ 0x00000000e3d00000) remset 0 code roots 0 marked 1 reclaim candidate 0 type array 1
[367.312s][debug][gc,humongous      ] GC(33003) Humongous region 1461 (object size 1048592 @ 0x00000000db500000) remset 0 code roots 0 marked 1 reclaim candidate 0 type array 1
[367.312s][debug][gc,humongous      ] GC(33003) Humongous region 399 (object size 1048592 @ 0x0000000098f00000) remset 0 code roots 0 marked 1 reclaim candidate 0 type array 1
[367.312s][debug][gc,humongous      ] GC(33003) Humongous region 1296 (object size 1048592 @ 0x00000000d1000000) remset 0 code roots 0 marked 1 reclaim candidate 0 type array 1
[367.312s][debug][gc,humongous      ] GC(33003) Humongous region 29 (object size 1048592 @ 0x0000000081d00000) remset 0 code roots 0 marked 1 reclaim candidate 0 type array 1
[367.312s][debug][gc,humongous      ] GC(33003) Humongous region 513 (object size 1048592 @ 0x00000000a0100000) remset 0 code roots 0 marked 1 reclaim candidate 0 type array 1
[367.312s][debug][gc,humongous      ] GC(33003) Humongous region 1938 (object size 1048592 @ 0x00000000f9200000) remset 0 code roots 0 marked 1 reclaim candidate 0 type array 1
[367.312s][debug][gc,humongous      ] GC(33003) Humongous region 515 (object size 1048592 @ 0x00000000a0300000) remset 0 code roots 0 marked 1 reclaim candidate 0 type array 1
[367.312s][debug][gc,humongous      ] GC(33003) Humongous region 1940 (object size 1048592 @ 0x00000000f9400000) remset 0 code roots 0 marked 1 reclaim candidate 0 type array 1
[367.312s][debug][gc,humongous      ] GC(33003) Humongous region 1764 (object size 1048592 @ 0x00000000ee400000) remset 0 code roots 0 marked 1 reclaim candidate 0 type array 1
[367.312s][debug][gc,humongous      ] GC(33003) Humongous region 1942 (object size 1048592 @ 0x00000000f9600000) remset 0 code roots 0 marked 1 reclaim candidate 0 type array 1
[367.312s][debug][gc,humongous      ] GC(33003) Humongous region 195 (object size 1048592 @ 0x000000008c300000) remset 0 code roots 0 marked 1 reclaim candidate 0 type array 1
[367.312s][debug][gc,humongous      ] GC(33003) Humongous region 1944 (object size 1048592 @ 0x00000000f9800000) remset 0 code roots 0 marked 1 reclaim candidate 0 type array 1
[367.312s][debug][gc,humongous      ] GC(33003) Humongous region 1599 (object size 1048592 @ 0x00000000e3f00000) remset 0 code roots 0 marked 1 reclaim candidate 0 type array 1
[367.312s][debug][gc,humongous      ] GC(33003) Humongous region 1463 (object size 1048592 @ 0x00000000db700000) remset 0 code roots 0 marked 1 reclaim candidate 0 type array 1
[367.312s][debug][gc,humongous      ] GC(33003) Humongous region 401 (object size 1048592 @ 0x0000000099100000) remset 0 code roots 0 marked 1 reclaim candidate 0 type array 1
[367.312s][debug][gc,humongous      ] GC(33003) Humongous region 1465 (object size 1048592 @ 0x00000000db900000) remset 0 code roots 0 marked 1 reclaim candidate 0 type array 1
[367.312s][debug][gc,humongous      ] GC(33003) Humongous region 403 (object size 1048592 @ 0x0000000099300000) remset 0 code roots 0 marked 1 reclaim candidate 0 type array 1
[367.312s][debug][gc,humongous      ] GC(33003) Humongous region 980 (object size 1048592 @ 0x00000000bd400000) remset 0 code roots 0 marked 1 reclaim candidate 0 type array 1
[367.312s][debug][gc,humongous      ] GC(33003) Humongous region 1133 (object size 1048592 @ 0x00000000c6d00000) remset 0 code roots 0 marked 1 reclaim candidate 0 type array 1
[367.313s][debug][gc,humongous      ] GC(33003) Humongous region 982 (object size 1048592 @ 0x00000000bd600000) remset 0 code roots 0 marked 1 reclaim candidate 0 type array 1
[367.312s][debug][gc,humongous      ] GC(33003) Humongous region 658 (object size 1048592 @ 0x00000000a9200000) remset 0 code roots 0 marked 1 reclaim candidate 0 type array 1
[367.312s][debug][gc,humongous      ] GC(33003) Humongous region 1766 (object size 1048592 @ 0x00000000ee600000) remset 0 code roots 0 marked 1 reclaim candidate 0 type array 1
[367.313s][debug][gc,humongous      ] GC(33003) Humongous region 1768 (object size 1048592 @ 0x00000000ee800000) remset 0 code roots 0 marked 1 reclaim candidate 0 type array 1
[367.312s][debug][gc,humongous      ] GC(33003) Humongous region 1946 (object size 1048592 @ 0x00000000f9a00000) remset 0 code roots 0 marked 1 reclaim candidate 0 type array 1
[367.313s][debug][gc,humongous      ] GC(33003) Humongous region 1770 (object size 1048592 @ 0x00000000eea00000) remset 0 code roots 0 marked 1 reclaim candidate 0 type array 1
[367.313s][debug][gc,humongous      ] GC(33003) Humongous region 1948 (object size 1048592 @ 0x00000000f9c00000) remset 0 code roots 0 marked 1 reclaim candidate 0 type array 1
[367.312s][debug][gc,humongous      ] GC(33003) Humongous region 1298 (object size 1048592 @ 0x00000000d1200000) remset 0 code roots 0 marked 1 reclaim candidate 0 type array 1
[367.313s][debug][gc,humongous      ] GC(33003) Humongous region 1950 (object size 1048592 @ 0x00000000f9e00000) remset 0 code roots 0 marked 1 reclaim candidate 0 type array 1
[367.313s][debug][gc,humongous      ] GC(33003) Humongous region 1467 (object size 1048592 @ 0x00000000dbb00000) remset 0 code roots 0 marked 1 reclaim candidate 0 type array 1
[367.313s][debug][gc,humongous      ] GC(33003) Humongous region 1469 (object size 1048592 @ 0x00000000dbd00000) remset 0 code roots 0 marked 1 reclaim candidate 0 type array 1
[367.313s][debug][gc,humongous      ] GC(33003) Humongous region 1471 (object size 1048592 @ 0x00000000dbf00000) remset 0 code roots 0 marked 1 reclaim candidate 0 type array 1
[367.313s][debug][gc,humongous      ] GC(33003) Humongous region 984 (object size 1048592 @ 0x00000000bd800000) remset 0 code roots 0 marked 1 reclaim candidate 0 type array 1
[367.313s][debug][gc,humongous      ] GC(33003) Humongous region 1473 (object size 1048592 @ 0x00000000dc100000) remset 0 code roots 0 marked 1 reclaim candidate 0 type array 1
[367.313s][debug][gc,humongous      ] GC(33003) Humongous region 660 (object size 1048592 @ 0x00000000a9400000) remset 0 code roots 0 marked 0 reclaim candidate 1 type array 1
[367.312s][debug][gc,humongous      ] GC(33003) Humongous region 820 (object size 1048592 @ 0x00000000b3400000) remset 0 code roots 0 marked 1 reclaim candidate 0 type array 1
[367.312s][debug][gc,humongous      ] GC(33003) Humongous region 1601 (object size 1048592 @ 0x00000000e4100000) remset 0 code roots 0 marked 1 reclaim candidate 0 type array 1
[367.313s][debug][gc,humongous      ] GC(33003) Humongous region 822 (object size 1048592 @ 0x00000000b3600000) remset 0 code roots 0 marked 1 reclaim candidate 0 type array 1
[367.313s][debug][gc,humongous      ] GC(33003) Humongous region 1603 (object size 1048592 @ 0x00000000e4300000) remset 0 code roots 0 marked 1 reclaim candidate 0 type array 1
[367.312s][debug][gc,humongous      ] GC(33003) Humongous region 31 (object size 1048592 @ 0x0000000081f00000) remset 0 code roots 0 marked 1 reclaim candidate 0 type array 1
[367.313s][debug][gc,humongous      ] GC(33003) Humongous region 1300 (object size 1048592 @ 0x00000000d1400000) remset 0 code roots 0 marked 1 reclaim candidate 0 type array 1
[367.313s][debug][gc,humongous      ] GC(33003) Humongous region 1952 (object size 1048592 @ 0x00000000fa000000) remset 0 code roots 0 marked 1 reclaim candidate 0 type array 1
[367.313s][debug][gc,humongous      ] GC(33003) Humongous region 1135 (object size 1048592 @ 0x00000000c6f00000) remset 0 code roots 0 marked 1 reclaim candidate 0 type array 1
[367.313s][debug][gc,humongous      ] GC(33003) Humongous region 405 (object size 1048592 @ 0x0000000099500000) remset 0 code roots 0 marked 1 reclaim candidate 0 type array 1
[367.312s][debug][gc,humongous      ] GC(33003) Humongous region 517 (object size 1048592 @ 0x00000000a0500000) remset 0 code roots 0 marked 1 reclaim candidate 0 type array 1
[367.313s][debug][gc,humongous      ] GC(33003) Humongous region 986 (object size 1048592 @ 0x00000000bda00000) remset 0 code roots 0 marked 1 reclaim candidate 0 type array 1
[367.313s][debug][gc,humongous      ] GC(33003) Humongous region 520 (object size 1048592 @ 0x00000000a0800000) remset 0 code roots 0 marked 0 reclaim candidate 0 type array 1
[367.313s][debug][gc,humongous      ] GC(33003) Humongous region 988 (object size 1048592 @ 0x00000000bdc00000) remset 0 code roots 0 marked 1 reclaim candidate 0 type array 1
[367.313s][debug][gc,humongous      ] GC(33003) Humongous region 522 (object size 1048592 @ 0x00000000a0a00000) remset 0 code roots 0 marked 1 reclaim candidate 0 type array 1
[367.313s][debug][gc,humongous      ] GC(33003) Humongous region 990 (object size 1048592 @ 0x00000000bde00000) remset 0 code roots 0 marked 1 reclaim candidate 0 type array 1
[367.313s][debug][gc,humongous      ] GC(33003) Humongous region 524 (object size 1048592 @ 0x00000000a0c00000) remset 0 code roots 0 marked 1 reclaim candidate 0 type array 1
[367.313s][debug][gc,humongous      ] GC(33003) Humongous region 1605 (object size 1048592 @ 0x00000000e4500000) remset 0 code roots 0 marked 1 reclaim candidate 0 type array 1
[367.313s][debug][gc,humongous      ] GC(33003) Humongous region 526 (object size 1048592 @ 0x00000000a0e00000) remset 0 code roots 0 marked 1 reclaim candidate 0 type array 1
[367.313s][debug][gc,humongous      ] GC(33003) Humongous region 1302 (object size 1048592 @ 0x00000000d1600000) remset 0 code roots 0 marked 1 reclaim candidate 0 type array 1
[367.313s][debug][gc,humongous      ] GC(33003) Humongous region 528 (object size 1048592 @ 0x00000000a1000000) remset 0 code roots 0 marked 1 reclaim candidate 0 type array 1
[367.313s][debug][gc,humongous      ] GC(33003) Humongous region 1137 (object size 1048592 @ 0x00000000c7100000) remset 0 code roots 0 marked 1 reclaim candidate 0 type array 1
[367.313s][debug][gc,humongous      ] GC(33003) Humongous region 530 (object size 1048592 @ 0x00000000a1200000) remset 0 code roots 0 marked 1 reclaim candidate 0 type array 1
[367.313s][debug][gc,humongous      ] GC(33003) Humongous region 1139 (object size 1048592 @ 0x00000000c7300000) remset 0 code roots 0 marked 1 reclaim candidate 0 type array 1
[367.313s][debug][gc,humongous      ] GC(33003) Humongous region 1141 (object size 1048592 @ 0x00000000c7500000) remset 0 code roots 0 marked 1 reclaim candidate 0 type array 1
[367.313s][debug][gc,humongous      ] GC(33003) Humongous region 1772 (object size 1048592 @ 0x00000000eec00000) remset 0 code roots 0 marked 1 reclaim candidate 0 type array 1
[367.313s][debug][gc,humongous      ] GC(33003) Humongous region 1143 (object size 1048592 @ 0x00000000c7700000) remset 0 code roots 0 marked 1 reclaim candidate 0 type array 1
[367.313s][debug][gc,humongous      ] GC(33003) Humongous region 1774 (object size 1048592 @ 0x00000000eee00000) remset 0 code roots 0 marked 1 reclaim candidate 0 type array 1
[367.313s][debug][gc,humongous      ] GC(33003) Humongous region 1145 (object size 1048592 @ 0x00000000c7900000) remset 0 code roots 0 marked 1 reclaim candidate 0 type array 1
[367.313s][debug][gc,humongous      ] GC(33003) Humongous region 1776 (object size 1048592 @ 0x00000000ef000000) remset 0 code roots 0 marked 1 reclaim candidate 0 type array 1
[367.313s][debug][gc,humongous      ] GC(33003) Humongous region 1607 (object size 1048592 @ 0x00000000e4700000) remset 0 code roots 0 marked 1 reclaim candidate 0 type array 1
[367.313s][debug][gc,humongous      ] GC(33003) Humongous region 1954 (object size 1048592 @ 0x00000000fa200000) remset 0 code roots 0 marked 1 reclaim candidate 0 type array 1
[367.313s][debug][gc,humongous      ] GC(33003) Humongous region 1609 (object size 1048592 @ 0x00000000e4900000) remset 0 code roots 0 marked 1 reclaim candidate 0 type array 1
[367.313s][debug][gc,humongous      ] GC(33003) Humongous region 407 (object size 1048592 @ 0x0000000099700000) remset 0 code roots 0 marked 1 reclaim candidate 0 type array 1
[367.312s][debug][gc,humongous      ] GC(33003) Humongous region 197 (object size 1048592 @ 0x000000008c500000) remset 0 code roots 0 marked 1 reclaim candidate 0 type array 1
[367.313s][debug][gc,humongous      ] GC(33003) Humongous region 1475 (object size 1048592 @ 0x00000000dc300000) remset 0 code roots 0 marked 1 reclaim candidate 0 type array 1
[367.313s][debug][gc,humongous      ] GC(33003) Humongous region 199 (object size 1048592 @ 0x000000008c700000) remset 0 code roots 0 marked 1 reclaim candidate 0 type array 1
[367.313s][debug][gc,humongous      ] GC(33003) Humongous region 1477 (object size 1048592 @ 0x00000000dc500000) remset 0 code roots 0 marked 1 reclaim candidate 0 type array 1
[367.313s][debug][gc,humongous      ] GC(33003) Humongous region 992 (object size 1048592 @ 0x00000000be000000) remset 0 code roots 0 marked 1 reclaim candidate 0 type array 1
[367.313s][debug][gc,humongous      ] GC(33003) Humongous region 824 (object size 1048592 @ 0x00000000b3800000) remset 0 code roots 0 marked 1 reclaim candidate 0 type array 1
[367.313s][debug][gc,humongous      ] GC(33003) Humongous region 1147 (object size 1048592 @ 0x00000000c7b00000) remset 0 code roots 0 marked 1 reclaim candidate 0 type array 1
[367.313s][debug][gc,humongous      ] GC(33003) Humongous region 33 (object size 1048592 @ 0x0000000082100000) remset 0 code roots 0 marked 1 reclaim candidate 0 type array 1
[367.313s][debug][gc,humongous      ] GC(33003) Humongous region 1149 (object size 1048592 @ 0x00000000c7d00000) remset 0 code roots 0 marked 1 reclaim candidate 0 type array 1
[367.313s][debug][gc,humongous      ] GC(33003) Humongous region 35 (object size 1048592 @ 0x0000000082300000) remset 0 code roots 0 marked 1 reclaim candidate 0 type array 1
[367.313s][debug][gc,humongous      ] GC(33003) Humongous region 1611 (object size 1048592 @ 0x00000000e4b00000) remset 0 code roots 0 marked 1 reclaim candidate 0 type array 1
[367.313s][debug][gc,humongous      ] GC(33003) Humongous region 37 (object size 1048592 @ 0x0000000082500000) remset 0 code roots 0 marked 1 reclaim candidate 0 type array 1
[367.313s][debug][gc,humongous      ] GC(33003) Humongous region 409 (object size 1048592 @ 0x0000000099900000) remset 0 code roots 0 marked 1 reclaim candidate 0 type array 1
[367.313s][debug][gc,humongous      ] GC(33003) Humongous region 532 (object size 1048592 @ 0x00000000a1400000) remset 0 code roots 0 marked 1 reclaim candidate 0 type array 1
[367.313s][debug][gc,humongous      ] GC(33003) Humongous region 411 (object size 1048592 @ 0x0000000099b00000) remset 0 code roots 0 marked 1 reclaim candidate 0 type array 1
[367.313s][debug][gc,humongous      ] GC(33003) Humongous region 534 (object size 1048592 @ 0x00000000a1600000) remset 0 code roots 0 marked 1 reclaim candidate 0 type array 1
[367.313s][debug][gc,humongous      ] GC(33003) Humongous region 1479 (object size 1048592 @ 0x00000000dc700000) remset 0 code roots 0 marked 1 reclaim candidate 0 type array 1
[367.313s][debug][gc,humongous      ] GC(33003) Humongous region 536 (object size 1048592 @ 0x00000000a1800000) remset 0 code roots 0 marked 1 reclaim candidate 0 type array 1
[367.313s][debug][gc,humongous      ] GC(33003) Humongous region 826 (object size 1048592 @ 0x00000000b3a00000) remset 0 code roots 0 marked 1 reclaim candidate 0 type array 1
[367.313s][debug][gc,humongous      ] GC(33003) Humongous region 1778 (object size 1048592 @ 0x00000000ef200000) remset 0 code roots 0 marked 1 reclaim candidate 0 type array 1
[367.313s][debug][gc,humongous      ] GC(33003) Humongous region 1956 (object size 1048592 @ 0x00000000fa400000) remset 0 code roots 0 marked 1 reclaim candidate 0 type array 1
[367.313s][debug][gc,humongous      ] GC(33003) Humongous region 1151 (object size 1048592 @ 0x00000000c7f00000) remset 0 code roots 0 marked 1 reclaim candidate 0 type array 1
[367.313s][debug][gc,humongous      ] GC(33003) Humongous region 1958 (object size 1048592 @ 0x00000000fa600000) remset 0 code roots 0 marked 1 reclaim candidate 0 type array 1
[367.313s][debug][gc,humongous      ] GC(33003) Humongous region 39 (object size 1048592 @ 0x0000000082700000) remset 0 code roots 0 marked 1 reclaim candidate 0 type array 1
[367.313s][debug][gc,humongous      ] GC(33003) Humongous region 662 (object size 1048592 @ 0x00000000a9600000) remset 0 code roots 0 marked 1 reclaim candidate 0 type array 1
[367.313s][debug][gc,humongous      ] GC(33003) Humongous region 41 (object size 1048592 @ 0x0000000082900000) remset 0 code roots 0 marked 1 reclaim candidate 0 type array 1
[367.313s][debug][gc,humongous      ] GC(33003) Humongous region 665 (object size 1048592 @ 0x00000000a9900000) remset 0 code roots 0 marked 1 reclaim candidate 0 type array 1
[367.313s][debug][gc,humongous      ] GC(33003) Humongous region 43 (object size 1048592 @ 0x0000000082b00000) remset 0 code roots 0 marked 1 reclaim candidate 0 type array 1
[367.313s][debug][gc,humongous      ] GC(33003) Humongous region 994 (object size 1048592 @ 0x00000000be200000) remset 0 code roots 0 marked 1 reclaim candidate 0 type array 1
[367.313s][debug][gc,humongous      ] GC(33003) Humongous region 667 (object size 1048592 @ 0x00000000a9b00000) remset 0 code roots 0 marked 1 reclaim candidate 0 type array 1
[367.313s][debug][gc,humongous      ] GC(33003) Humongous region 538 (object size 1048592 @ 0x00000000a1a00000) remset 0 code roots 0 marked 1 reclaim candidate 0 type array 1
[367.313s][debug][gc,humongous      ] GC(33003) Humongous region 669 (object size 1048592 @ 0x00000000a9d00000) remset 0 code roots 0 marked 1 reclaim candidate 0 type array 1
[367.313s][debug][gc,humongous      ] GC(33003) Humongous region 1780 (object size 1048592 @ 0x00000000ef400000) remset 0 code roots 0 marked 1 reclaim candidate 0 type array 1
[367.314s][debug][gc,humongous      ] GC(33003) Humongous region 671 (object size 1048592 @ 0x00000000a9f00000) remset 0 code roots 0 marked 1 reclaim candidate 0 type array 1
[367.314s][debug][gc,humongous      ] GC(33003) Humongous region 1782 (object size 1048592 @ 0x00000000ef600000) remset 0 code roots 0 marked 1 reclaim candidate 0 type array 1
[367.314s][debug][gc,humongous      ] GC(33003) Humongous region 673 (object size 1048592 @ 0x00000000aa100000) remset 0 code roots 0 marked 1 reclaim candidate 0 type array 1
[367.313s][debug][gc,humongous      ] GC(33003) Humongous region 413 (object size 1048592 @ 0x0000000099d00000) remset 0 code roots 0 marked 1 reclaim candidate 0 type array 1
[367.313s][debug][gc,humongous      ] GC(33003) Humongous region 1613 (object size 1048592 @ 0x00000000e4d00000) remset 0 code roots 0 marked 1 reclaim candidate 0 type array 1
[367.314s][debug][gc,humongous      ] GC(33003) Humongous region 415 (object size 1048592 @ 0x0000000099f00000) remset 0 code roots 0 marked 1 reclaim candidate 0 type array 1
[367.313s][debug][gc,humongous      ] GC(33003) Humongous region 45 (object size 1048592 @ 0x0000000082d00000) remset 0 code roots 0 marked 1 reclaim candidate 0 type array 1
[367.314s][debug][gc,humongous      ] GC(33003) Humongous region 417 (object size 1048592 @ 0x000000009a100000) remset 0 code roots 0 marked 1 reclaim candidate 0 type array 1
[367.313s][debug][gc,humongous      ] GC(33003) Humongous region 828 (object size 1048592 @ 0x00000000b3c00000) remset 0 code roots 0 marked 1 reclaim candidate 0 type array 1
[367.313s][debug][gc,humongous      ] GC(33003) Humongous region 540 (object size 1048592 @ 0x00000000a1c00000) remset 0 code roots 0 marked 1 reclaim candidate 0 type array 1
[367.313s][debug][gc,humongous      ] GC(33003) Humongous region 1304 (object size 1048592 @ 0x00000000d1800000) remset 0 code roots 0 marked 1 reclaim candidate 0 type array 1
[367.313s][debug][gc,humongous      ] GC(33003) Humongous region 1960 (object size 1048592 @ 0x00000000fa800000) remset 0 code roots 0 marked 1 reclaim candidate 0 type array 1
[367.314s][debug][gc,humongous      ] GC(33003) Humongous region 1307 (object size 1048592 @ 0x00000000d1b00000) remset 0 code roots 0 marked 1 reclaim candidate 0 type array 1
[367.314s][debug][gc,humongous      ] GC(33003) Humongous region 1962 (object size 1048592 @ 0x00000000faa00000) remset 0 code roots 0 marked 1 reclaim candidate 0 type array 1
[367.314s][debug][gc,humongous      ] GC(33003) Humongous region 1309 (object size 1048592 @ 0x00000000d1d00000) remset 0 code roots 0 marked 1 reclaim candidate 0 type array 1
[367.314s][debug][gc,humongous      ] GC(33003) Humongous region 675 (object size 1048592 @ 0x00000000aa300000) remset 0 code roots 0 marked 1 reclaim candidate 0 type array 1
[367.313s][debug][gc,humongous      ] GC(33003) Humongous region 1481 (object size 1048592 @ 0x00000000dc900000) remset 0 code roots 0 marked 1 reclaim candidate 0 type array 1
[367.314s][debug][gc,humongous      ] GC(33003) Humongous region 1615 (object size 1048592 @ 0x00000000e4f00000) remset 0 code roots 0 marked 1 reclaim candidate 0 type array 1
[367.314s][debug][gc,humongous      ] GC(33003) Humongous region 1617 (object size 1048592 @ 0x00000000e5100000) remset 0 code roots 0 marked 1 reclaim candidate 0 type array 1
[367.314s][debug][gc,humongous      ] GC(33003) Humongous region 419 (object size 1048592 @ 0x000000009a300000) remset 0 code roots 0 marked 1 reclaim candidate 0 type array 1
[367.314s][debug][gc,humongous      ] GC(33003) Humongous region 1619 (object size 1048592 @ 0x00000000e5300000) remset 0 code roots 0 marked 1 reclaim candidate 0 type array 1
[367.314s][debug][gc,humongous      ] GC(33003) Humongous region 830 (object size 1048592 @ 0x00000000b3e00000) remset 0 code roots 0 marked 1 reclaim candidate 0 type array 1
[367.314s][debug][gc,humongous      ] GC(33003) Humongous region 1621 (object size 1048592 @ 0x00000000e5500000) remset 0 code roots 0 marked 1 reclaim candidate 0 type array 1
[367.314s][debug][gc,humongous      ] GC(33003) Humongous region 832 (object size 1048592 @ 0x00000000b4000000) remset 0 code roots 0 marked 1 reclaim candidate 0 type array 1
[367.314s][debug][gc,humongous      ] GC(33003) Humongous region 47 (object size 1048592 @ 0x0000000082f00000) remset 0 code roots 0 marked 1 reclaim candidate 0 type array 1
[367.314s][debug][gc,humongous      ] GC(33003) Humongous region 834 (object size 1048592 @ 0x00000000b4200000) remset 0 code roots 0 marked 1 reclaim candidate 0 type array 1
[367.314s][debug][gc,humongous      ] GC(33003) Humongous region 49 (object size 1048592 @ 0x0000000083100000) remset 0 code roots 0 marked 1 reclaim candidate 0 type array 1
[367.314s][debug][gc,humongous      ] GC(33003) Humongous region 836 (object size 1048592 @ 0x00000000b4400000) remset 0 code roots 0 marked 1 reclaim candidate 0 type array 1
[367.314s][debug][gc,humongous      ] GC(33003) Humongous region 51 (object size 1048592 @ 0x0000000083300000) remset 0 code roots 0 marked 1 reclaim candidate 0 type array 1
[367.314s][debug][gc,humongous      ] GC(33003) Humongous region 677 (object size 1048592 @ 0x00000000aa500000) remset 0 code roots 0 marked 1 reclaim candidate 0 type array 1
[367.313s][debug][gc,humongous      ] GC(33003) Humongous region 996 (object size 1048592 @ 0x00000000be400000) remset 0 code roots 0 marked 1 reclaim candidate 0 type array 1
[367.314s][debug][gc,humongous      ] GC(33003) Humongous region 421 (object size 1048592 @ 0x000000009a500000) remset 0 code roots 0 marked 1 reclaim candidate 0 type array 1
[367.314s][debug][gc,humongous      ] GC(33003) Humongous region 542 (object size 1048592 @ 0x00000000a1e00000) remset 0 code roots 0 marked 1 reclaim candidate 0 type array 1
[367.314s][debug][gc,humongous      ] GC(33003) Humongous region 423 (object size 1048592 @ 0x000000009a700000) remset 0 code roots 0 marked 1 reclaim candidate 1 type array 1
[367.314s][debug][gc,humongous      ] GC(33003) Humongous region 544 (object size 1048592 @ 0x00000000a2000000) remset 0 code roots 0 marked 1 reclaim candidate 0 type array 1
[367.314s][debug][gc,humongous      ] GC(33003) Humongous region 425 (object size 1048592 @ 0x000000009a900000) remset 0 code roots 0 marked 1 reclaim candidate 0 type array 1
[367.314s][debug][gc,humongous      ] GC(33003) Humongous region 427 (object size 1048592 @ 0x000000009ab00000) remset 0 code roots 0 marked 1 reclaim candidate 0 type array 1
[367.314s][debug][gc,humongous      ] GC(33003) Humongous region 1964 (object size 1048592 @ 0x00000000fac00000) remset 0 code roots 0 marked 1 reclaim candidate 0 type array 1
[367.314s][debug][gc,humongous      ] GC(33003) Humongous region 429 (object size 1048592 @ 0x000000009ad00000) remset 0 code roots 0 marked 1 reclaim candidate 0 type array 1
[367.314s][debug][gc,humongous      ] GC(33003) Humongous region 1483 (object size 1048592 @ 0x00000000dcb00000) remset 0 code roots 0 marked 1 reclaim candidate 0 type array 1
[367.314s][debug][gc,humongous      ] GC(33003) Humongous region 431 (object size 1048592 @ 0x000000009af00000) remset 0 code roots 0 marked 1 reclaim candidate 0 type array 1
[367.314s][debug][gc,humongous      ] GC(33003) Humongous region 1485 (object size 1048592 @ 0x00000000dcd00000) remset 0 code roots 0 marked 1 reclaim candidate 0 type array 1
[367.314s][debug][gc,humongous      ] GC(33003) Humongous region 433 (object size 1048592 @ 0x000000009b100000) remset 0 code roots 0 marked 1 reclaim candidate 0 type array 1
[367.314s][debug][gc,humongous      ] GC(33003) Humongous region 998 (object size 1048592 @ 0x00000000be600000) remset 0 code roots 0 marked 1 reclaim candidate 0 type array 1
[367.313s][debug][gc,humongous      ] GC(33003) Humongous region 1153 (object size 1048592 @ 0x00000000c8100000) remset 0 code roots 0 marked 1 reclaim candidate 0 type array 1
[367.314s][debug][gc,humongous      ] GC(33003) Humongous region 1000 (object size 1048592 @ 0x00000000be800000) remset 0 code roots 0 marked 1 reclaim candidate 0 type array 1
[367.313s][debug][gc,humongous      ] GC(33003) Humongous region 201 (object size 1048592 @ 0x000000008c900000) remset 0 code roots 0 marked 1 reclaim candidate 0 type array 1
[367.314s][debug][gc,humongous      ] GC(33003) Humongous region 1784 (object size 1048592 @ 0x00000000ef800000) remset 0 code roots 0 marked 1 reclaim candidate 0 type array 1
[367.314s][debug][gc,humongous      ] GC(33003) Humongous region 546 (object size 1048592 @ 0x00000000a2200000) remset 0 code roots 0 marked 1 reclaim candidate 0 type array 1
[367.314s][debug][gc,humongous      ] GC(33003) Humongous region 1786 (object size 1048592 @ 0x00000000efa00000) remset 0 code roots 0 marked 1 reclaim candidate 0 type array 1
[367.314s][debug][gc,humongous      ] GC(33003) Humongous region 1788 (object size 1048592 @ 0x00000000efc00000) remset 0 code roots 0 marked 1 reclaim candidate 0 type array 1
[367.314s][debug][gc,humongous      ] GC(33003) Humongous region 53 (object size 1048592 @ 0x0000000083500000) remset 0 code roots 0 marked 1 reclaim candidate 0 type array 1
[367.314s][debug][gc,humongous      ] GC(33003) Humongous region 1790 (object size 1048592 @ 0x00000000efe00000) remset 0 code roots 0 marked 1 reclaim candidate 0 type array 1
[367.314s][debug][gc,humongous      ] GC(33003) Humongous region 56 (object size 1048592 @ 0x0000000083800000) remset 0 code roots 0 marked 1 reclaim candidate 0 type array 1
[367.314s][debug][gc,humongous      ] GC(33003) Humongous region 1792 (object size 1048592 @ 0x00000000f0000000) remset 0 code roots 0 marked 1 reclaim candidate 0 type array 1
[367.314s][debug][gc,humongous      ] GC(33003) Humongous region 435 (object size 1048592 @ 0x000000009b300000) remset 0 code roots 0 marked 1 reclaim candidate 0 type array 1
[367.314s][debug][gc,humongous      ] GC(33003) Humongous region 1794 (object size 1048592 @ 0x00000000f0200000) remset 0 code roots 0 marked 1 reclaim candidate 0 type array 1
[367.314s][debug][gc,humongous      ] GC(33003) Humongous region 437 (object size 1048592 @ 0x000000009b500000) remset 0 code roots 0 marked 1 reclaim candidate 0 type array 1
[367.314s][debug][gc,humongous      ] GC(33003) Humongous region 1002 (object size 1048592 @ 0x00000000bea00000) remset 0 code roots 0 marked 1 reclaim candidate 0 type array 1
[367.314s][debug][gc,humongous      ] GC(33003) Humongous region 439 (object size 1048592 @ 0x000000009b700000) remset 0 code roots 0 marked 1 reclaim candidate 0 type array 1
[367.314s][debug][gc,humongous      ] GC(33003) Humongous region 1311 (object size 1048592 @ 0x00000000d1f00000) remset 0 code roots 0 marked 1 reclaim candidate 0 type array 1
[367.314s][debug][gc,humongous      ] GC(33003) Humongous region 548 (object size 1048592 @ 0x00000000a2400000) remset 0 code roots 0 marked 1 reclaim candidate 0 type array 1
[367.314s][debug][gc,humongous      ] GC(33003) Humongous region 1966 (object size 1048592 @ 0x00000000fae00000) remset 0 code roots 0 marked 1 reclaim candidate 0 type array 1
[367.314s][debug][gc,humongous      ] GC(33003) Humongous region 838 (object size 1048592 @ 0x00000000b4600000) remset 0 code roots 0 marked 1 reclaim candidate 0 type array 1
[367.314s][debug][gc,humongous      ] GC(33003) Humongous region 679 (object size 1048592 @ 0x00000000aa700000) remset 0 code roots 0 marked 1 reclaim candidate 0 type array 1
[367.314s][debug][gc,humongous      ] GC(33003) Humongous region 1487 (object size 1048592 @ 0x00000000dcf00000) remset 0 code roots 0 marked 1 reclaim candidate 0 type array 1
[367.314s][debug][gc,humongous      ] GC(33003) Humongous region 58 (object size 1048592 @ 0x0000000083a00000) remset 0 code roots 0 marked 1 reclaim candidate 0 type array 1
[367.314s][debug][gc,humongous      ] GC(33003) Humongous region 1489 (object size 1048592 @ 0x00000000dd100000) remset 0 code roots 0 marked 1 reclaim candidate 0 type array 1
[367.314s][debug][gc,humongous      ] GC(33003) Humongous region 60 (object size 1048592 @ 0x0000000083c00000) remset 0 code roots 0 marked 1 reclaim candidate 0 type array 1
[367.314s][debug][gc,humongous      ] GC(33003) Humongous region 1796 (object size 1048592 @ 0x00000000f0400000) remset 0 code roots 0 marked 1 reclaim candidate 0 type array 1
[367.314s][debug][gc,humongous      ] GC(33003) Humongous region 203 (object size 1048592 @ 0x000000008cb00000) remset 0 code roots 0 marked 1 reclaim candidate 0 type array 1
[367.314s][debug][gc,humongous      ] GC(33003) Humongous region 1798 (object size 1048592 @ 0x00000000f0600000) remset 0 code roots 0 marked 1 reclaim candidate 0 type array 1
[367.314s][debug][gc,humongous      ] GC(33003) Humongous region 441 (object size 1048592 @ 0x000000009b900000) remset 0 code roots 0 marked 1 reclaim candidate 0 type array 1
[367.314s][debug][gc,humongous      ] GC(33003) Humongous region 443 (object size 1048592 @ 0x000000009bb00000) remset 0 code roots 0 marked 1 reclaim candidate 0 type array 1
[367.314s][debug][gc,humongous      ] GC(33003) Humongous region 445 (object size 1048592 @ 0x000000009bd00000) remset 0 code roots 0 marked 1 reclaim candidate 0 type array 1
[367.314s][debug][gc,humongous      ] GC(33003) Humongous region 447 (object size 1048592 @ 0x000000009bf00000) remset 0 code roots 0 marked 1 reclaim candidate 0 type array 1
[367.314s][debug][gc,humongous      ] GC(33003) Humongous region 681 (object size 1048592 @ 0x00000000aa900000) remset 0 code roots 0 marked 1 reclaim candidate 0 type array 1
[367.314s][debug][gc,humongous      ] GC(33003) Humongous region 449 (object size 1048592 @ 0x000000009c100000) remset 0 code roots 0 marked 1 reclaim candidate 0 type array 1
[367.314s][debug][gc,humongous      ] GC(33003) Humongous region 683 (object size 1048592 @ 0x00000000aab00000) remset 0 code roots 0 marked 1 reclaim candidate 0 type array 1
[367.314s][debug][gc,humongous      ] GC(33003) Humongous region 451 (object size 1048592 @ 0x000000009c300000) remset 0 code roots 0 marked 1 reclaim candidate 0 type array 1
[367.314s][debug][gc,humongous      ] GC(33003) Humongous region 685 (object size 1048592 @ 0x00000000aad00000) remset 0 code roots 0 marked 1 reclaim candidate 0 type array 1
[367.314s][debug][gc,humongous      ] GC(33003) Humongous region 62 (object size 1048592 @ 0x0000000083e00000) remset 0 code roots 0 marked 1 reclaim candidate 0 type array 1
[367.314s][debug][gc,humongous      ] GC(33003) Humongous region 1004 (object size 1048592 @ 0x00000000bec00000) remset 0 code roots 0 marked 1 reclaim candidate 0 type array 1
[367.314s][debug][gc,humongous      ] GC(33003) Humongous region 205 (object size 1048592 @ 0x000000008cd00000) remset 0 code roots 0 marked 1 reclaim candidate 0 type array 1
[367.314s][debug][gc,humongous      ] GC(33003) Humongous region 1800 (object size 1048592 @ 0x00000000f0800000) remset 0 code roots 0 marked 1 reclaim candidate 0 type array 1
[367.315s][debug][gc,humongous      ] GC(33003) Humongous region 1802 (object size 1048592 @ 0x00000000f0a00000) remset 0 code roots 0 marked 1 reclaim candidate 0 type array 1
[367.314s][debug][gc,humongous      ] GC(33003) Humongous region 1968 (object size 1048592 @ 0x00000000fb000000) remset 0 code roots 0 marked 1 reclaim candidate 0 type array 1
[367.315s][debug][gc,humongous      ] GC(33003) Humongous region 1804 (object size 1048592 @ 0x00000000f0c00000) remset 0 code roots 0 marked 0 reclaim candidate 0 type array 1
[367.314s][debug][gc,humongous      ] GC(33003) Humongous region 840 (object size 1048592 @ 0x00000000b4800000) remset 0 code roots 0 marked 1 reclaim candidate 0 type array 1
[367.315s][debug][gc,humongous      ] GC(33003) Humongous region 1806 (object size 1048592 @ 0x00000000f0e00000) remset 0 code roots 0 marked 1 reclaim candidate 0 type array 1
[367.315s][debug][gc,humongous      ] GC(33003) Humongous region 842 (object size 1048592 @ 0x00000000b4a00000) remset 0 code roots 0 marked 1 reclaim candidate 0 type array 1
[367.314s][debug][gc,humongous      ] GC(33003) Humongous region 1491 (object size 1048592 @ 0x00000000dd300000) remset 0 code roots 0 marked 1 reclaim candidate 0 type array 1
[367.314s][debug][gc,humongous      ] GC(33003) Humongous region 453 (object size 1048592 @ 0x000000009c500000) remset 0 code roots 0 marked 1 reclaim candidate 0 type array 1
[367.314s][debug][gc,humongous      ] GC(33003) Humongous region 687 (object size 1048592 @ 0x00000000aaf00000) remset 0 code roots 0 marked 1 reclaim candidate 0 type array 1
[367.315s][debug][gc,humongous      ] GC(33003) Humongous region 1493 (object size 1048592 @ 0x00000000dd500000) remset 0 code roots 0 marked 1 reclaim candidate 0 type array 1
[367.314s][debug][gc,humongous      ] GC(33003) Humongous region 1006 (object size 1048592 @ 0x00000000bee00000) remset 0 code roots 0 marked 1 reclaim candidate 0 type array 1
[367.314s][debug][gc,humongous      ] GC(33003) Humongous region 1313 (object size 1048592 @ 0x00000000d2100000) remset 0 code roots 0 marked 1 reclaim candidate 0 type array 1
[367.315s][debug][gc,humongous      ] GC(33003) Humongous region 1315 (object size 1048592 @ 0x00000000d2300000) remset 0 code roots 0 marked 1 reclaim candidate 0 type array 1
[367.314s][debug][gc,humongous      ] GC(33003) Humongous region 1623 (object size 1048592 @ 0x00000000e5700000) remset 0 code roots 0 marked 1 reclaim candidate 0 type array 1
[367.315s][debug][gc,humongous      ] GC(33003) Humongous region 1317 (object size 1048592 @ 0x00000000d2500000) remset 0 code roots 0 marked 0 reclaim candidate 1 type array 1
[367.315s][debug][gc,humongous      ] GC(33003) Humongous region 1319 (object size 1048592 @ 0x00000000d2700000) remset 0 code roots 0 marked 0 reclaim candidate 0 type array 1
[367.315s][debug][gc,humongous      ] GC(33003) Humongous region 1625 (object size 1048592 @ 0x00000000e5900000) remset 0 code roots 0 marked 1 reclaim candidate 0 type array 1
[367.314s][debug][gc,humongous      ] GC(33003) Humongous region 550 (object size 1048592 @ 0x00000000a2600000) remset 0 code roots 0 marked 0 reclaim candidate 1 type array 1
[367.315s][debug][gc,humongous      ] GC(33003) Humongous region 844 (object size 1048592 @ 0x00000000b4c00000) remset 0 code roots 0 marked 1 reclaim candidate 0 type array 1
[367.314s][debug][gc,humongous      ] GC(33003) Humongous region 64 (object size 1048592 @ 0x0000000084000000) remset 0 code roots 0 marked 1 reclaim candidate 0 type array 1
[367.315s][debug][gc,humongous      ] GC(33003) Humongous region 552 (object size 1048592 @ 0x00000000a2800000) remset 0 code roots 0 marked 1 reclaim candidate 0 type array 1
[367.315s][debug][gc,humongous      ] GC(33003) Humongous region 846 (object size 1048592 @ 0x00000000b4e00000) remset 0 code roots 0 marked 1 reclaim candidate 0 type array 1
[367.315s][debug][gc,humongous      ] GC(33003) Humongous region 66 (object size 1048592 @ 0x0000000084200000) remset 0 code roots 0 marked 1 reclaim candidate 0 type array 1
[367.315s][debug][gc,humongous      ] GC(33003) Humongous region 554 (object size 1048592 @ 0x00000000a2a00000) remset 0 code roots 0 marked 1 reclaim candidate 0 type array 1
[367.315s][debug][gc,humongous      ] GC(33003) Humongous region 1495 (object size 1048592 @ 0x00000000dd700000) remset 0 code roots 0 marked 1 reclaim candidate 0 type array 1
[367.315s][debug][gc,humongous      ] GC(33003) Humongous region 1970 (object size 1048592 @ 0x00000000fb200000) remset 0 code roots 0 marked 1 reclaim candidate 0 type array 1
[367.315s][debug][gc,humongous      ] GC(33003) Humongous region 1497 (object size 1048592 @ 0x00000000dd900000) remset 0 code roots 0 marked 1 reclaim candidate 0 type array 1
[367.315s][debug][gc,humongous      ] GC(33003) Humongous region 1321 (object size 1048592 @ 0x00000000d2900000) remset 0 code roots 0 marked 1 reclaim candidate 0 type array 1
[367.315s][debug][gc,humongous      ] GC(33003) Humongous region 1499 (object size 1048592 @ 0x00000000ddb00000) remset 0 code roots 0 marked 1 reclaim candidate 0 type array 1
[367.315s][debug][gc,humongous      ] GC(33003) Humongous region 455 (object size 1048592 @ 0x000000009c700000) remset 0 code roots 0 marked 1 reclaim candidate 0 type array 1
[367.315s][debug][gc,humongous      ] GC(33003) Humongous region 689 (object size 1048592 @ 0x00000000ab100000) remset 0 code roots 0 marked 1 reclaim candidate 0 type array 1
[367.315s][debug][gc,humongous      ] GC(33003) Humongous region 457 (object size 1048592 @ 0x000000009c900000) remset 0 code roots 0 marked 1 reclaim candidate 0 type array 1
[367.315s][debug][gc,humongous      ] GC(33003) Humongous region 691 (object size 1048592 @ 0x00000000ab300000) remset 0 code roots 0 marked 1 reclaim candidate 0 type array 1
[367.315s][debug][gc,humongous      ] GC(33003) Humongous region 459 (object size 1048592 @ 0x000000009cb00000) remset 0 code roots 0 marked 1 reclaim candidate 0 type array 1
[367.315s][debug][gc,humongous      ] GC(33003) Humongous region 693 (object size 1048592 @ 0x00000000ab500000) remset 0 code roots 0 marked 1 reclaim candidate 0 type array 1
[367.315s][debug][gc,humongous      ] GC(33003) Humongous region 1008 (object size 1048592 @ 0x00000000bf000000) remset 0 code roots 0 marked 1 reclaim candidate 0 type array 1
[367.315s][debug][gc,humongous      ] GC(33003) Humongous region 695 (object size 1048592 @ 0x00000000ab700000) remset 0 code roots 0 marked 1 reclaim candidate 0 type array 1
[367.315s][debug][gc,humongous      ] GC(33003) Humongous region 1972 (object size 1048592 @ 0x00000000fb400000) remset 0 code roots 0 marked 1 reclaim candidate 0 type array 1
[367.315s][debug][gc,humongous      ] GC(33003) Humongous region 1010 (object size 1048592 @ 0x00000000bf200000) remset 0 code roots 0 marked 1 reclaim candidate 0 type array 1
[367.314s][debug][gc,humongous      ] GC(33003) Humongous region 1155 (object size 1048592 @ 0x00000000c8300000) remset 0 code roots 0 marked 1 reclaim candidate 0 type array 1
[367.315s][debug][gc,humongous      ] GC(33003) Humongous region 1323 (object size 1048592 @ 0x00000000d2b00000) remset 0 code roots 0 marked 1 reclaim candidate 0 type array 1
[367.315s][debug][gc,humongous      ] GC(33003) Humongous region 1157 (object size 1048592 @ 0x00000000c8500000) remset 0 code roots 0 marked 1 reclaim candidate 0 type array 1
[367.314s][debug][gc,humongous      ] GC(33003) Humongous region 207 (object size 1048592 @ 0x000000008cf00000) remset 0 code roots 0 marked 1 reclaim candidate 0 type array 1
[367.315s][debug][gc,humongous      ] GC(33003) Humongous region 1159 (object size 1048592 @ 0x00000000c8700000) remset 0 code roots 0 marked 1 reclaim candidate 0 type array 1
[367.315s][debug][gc,humongous      ] GC(33003) Humongous region 209 (object size 1048592 @ 0x000000008d100000) remset 0 code roots 0 marked 1 reclaim candidate 0 type array 1
[367.315s][debug][gc,humongous      ] GC(33003) Humongous region 1808 (object size 1048592 @ 0x00000000f1000000) remset 0 code roots 0 marked 1 reclaim candidate 0 type array 1
[367.315s][debug][gc,humongous      ] GC(33003) Humongous region 1161 (object size 1048592 @ 0x00000000c8900000) remset 0 code roots 0 marked 1 reclaim candidate 0 type array 1
[367.315s][debug][gc,humongous      ] GC(33003) Humongous region 461 (object size 1048592 @ 0x000000009cd00000) remset 0 code roots 0 marked 1 reclaim candidate 0 type array 1
[367.315s][debug][gc,humongous      ] GC(33003) Humongous region 697 (object size 1048592 @ 0x00000000ab900000) remset 0 code roots 0 marked 1 reclaim candidate 0 type array 1
[367.315s][debug][gc,humongous      ] GC(33003) Humongous region 463 (object size 1048592 @ 0x000000009cf00000) remset 0 code roots 0 marked 1 reclaim candidate 0 type array 1
[367.315s][debug][gc,humongous      ] GC(33003) Humongous region 699 (object size 1048592 @ 0x00000000abb00000) remset 0 code roots 0 marked 1 reclaim candidate 0 type array 1
[367.315s][debug][gc,humongous      ] GC(33003) Humongous region 465 (object size 1048592 @ 0x000000009d100000) remset 0 code roots 0 marked 1 reclaim candidate 0 type array 1
[367.315s][debug][gc,humongous      ] GC(33003) Humongous region 701 (object size 1048592 @ 0x00000000abd00000) remset 0 code roots 0 marked 1 reclaim candidate 0 type array 1
[367.315s][debug][gc,humongous      ] GC(33003) Humongous region 467 (object size 1048592 @ 0x000000009d300000) remset 0 code roots 0 marked 1 reclaim candidate 0 type array 1
[367.315s][debug][gc,humongous      ] GC(33003) Humongous region 556 (object size 1048592 @ 0x00000000a2c00000) remset 0 code roots 0 marked 1 reclaim candidate 0 type array 1
[367.315s][debug][gc,humongous      ] GC(33003) Humongous region 469 (object size 1048592 @ 0x000000009d500000) remset 0 code roots 0 marked 1 reclaim candidate 0 type array 1
[367.315s][debug][gc,humongous      ] GC(33003) Humongous region 68 (object size 1048592 @ 0x0000000084400000) remset 0 code roots 0 marked 1 reclaim candidate 0 type array 1
[367.315s][debug][gc,humongous      ] GC(33003) Humongous region 471 (object size 1048592 @ 0x000000009d700000) remset 0 code roots 0 marked 1 reclaim candidate 0 type array 1
[367.315s][debug][gc,humongous      ] GC(33003) Humongous region 70 (object size 1048592 @ 0x0000000084600000) remset 0 code roots 0 marked 1 reclaim candidate 0 type array 1
[367.315s][debug][gc,humongous      ] GC(33003) Humongous region 560 (object size 1048592 @ 0x00000000a3000000) remset 0 code roots 0 marked 1 reclaim candidate 0 type array 1
[367.315s][debug][gc,humongous      ] GC(33003) Humongous region 1810 (object size 1048592 @ 0x00000000f1200000) remset 0 code roots 0 marked 1 reclaim candidate 0 type array 1
[367.315s][debug][gc,humongous      ] GC(33003) Humongous region 562 (object size 1048592 @ 0x00000000a3200000) remset 0 code roots 0 marked 1 reclaim candidate 0 type array 1
[367.315s][debug][gc,humongous      ] GC(33003) Humongous region 1974 (object size 1048592 @ 0x00000000fb600000) remset 0 code roots 0 marked 0 reclaim candidate 0 type array 1
[367.315s][debug][gc,humongous      ] GC(33003) Humongous region 1325 (object size 1048592 @ 0x00000000d2d00000) remset 0 code roots 0 marked 1 reclaim candidate 0 type array 1
[367.315s][debug][gc,humongous      ] GC(33003) Humongous region 848 (object size 1048592 @ 0x00000000b5000000) remset 0 code roots 0 marked 1 reclaim candidate 0 type array 1
[367.315s][debug][gc,humongous      ] GC(33003) Humongous region 1327 (object size 1048592 @ 0x00000000d2f00000) remset 0 code roots 0 marked 1 reclaim candidate 0 type array 1
[367.315s][debug][gc,humongous      ] GC(33003) Humongous region 850 (object size 1048592 @ 0x00000000b5200000) remset 0 code roots 0 marked 1 reclaim candidate 0 type array 1
[367.315s][debug][gc,humongous      ] GC(33003) Humongous region 1329 (object size 1048592 @ 0x00000000d3100000) remset 0 code roots 0 marked 1 reclaim candidate 0 type array 1
[367.315s][debug][gc,humongous      ] GC(33003) Humongous region 1331 (object size 1048592 @ 0x00000000d3300000) remset 0 code roots 0 marked 1 reclaim candidate 0 type array 1
[367.315s][debug][gc,humongous      ] GC(33003) Humongous region 1627 (object size 1048592 @ 0x00000000e5b00000) remset 0 code roots 0 marked 1 reclaim candidate 0 type array 1
[367.315s][debug][gc,humongous      ] GC(33003) Humongous region 1333 (object size 1048592 @ 0x00000000d3500000) remset 0 code roots 0 marked 1 reclaim candidate 0 type array 1
[367.315s][debug][gc,humongous      ] GC(33003) Humongous region 72 (object size 1048592 @ 0x0000000084800000) remset 0 code roots 0 marked 1 reclaim candidate 0 type array 1
[367.315s][debug][gc,humongous      ] GC(33003) Humongous region 1012 (object size 1048592 @ 0x00000000bf400000) remset 0 code roots 0 marked 1 reclaim candidate 0 type array 1
[367.315s][debug][gc,humongous      ] GC(33003) Humongous region 1812 (object size 1048592 @ 0x00000000f1400000) remset 0 code roots 0 marked 1 reclaim candidate 0 type array 1
[367.315s][debug][gc,humongous      ] GC(33003) Humongous region 564 (object size 1048592 @ 0x00000000a3400000) remset 0 code roots 0 marked 1 reclaim candidate 0 type array 1
[367.315s][debug][gc,humongous      ] GC(33003) Humongous region 1976 (object size 1048592 @ 0x00000000fb800000) remset 0 code roots 0 marked 1 reclaim candidate 0 type array 1
[367.315s][debug][gc,humongous      ] GC(33003) Humongous region 703 (object size 1048592 @ 0x00000000abf00000) remset 0 code roots 0 marked 1 reclaim candidate 0 type array 1
[367.315s][debug][gc,humongous      ] GC(33003) Humongous region 1978 (object size 1048592 @ 0x00000000fba00000) remset 0 code roots 0 marked 1 reclaim candidate 0 type array 1
[367.315s][debug][gc,humongous      ] GC(33003) Humongous region 705 (object size 1048592 @ 0x00000000ac100000) remset 0 code roots 0 marked 1 reclaim candidate 0 type array 1
[367.315s][debug][gc,humongous      ] GC(33003) Humongous region 1163 (object size 1048592 @ 0x00000000c8b00000) remset 0 code roots 0 marked 1 reclaim candidate 0 type array 1
[367.315s][debug][gc,humongous      ] GC(33003) Humongous region 852 (object size 1048592 @ 0x00000000b5400000) remset 0 code roots 0 marked 1 reclaim candidate 0 type array 1
[367.315s][debug][gc,humongous      ] GC(33003) Humongous region 1165 (object size 1048592 @ 0x00000000c8d00000) remset 0 code roots 0 marked 1 reclaim candidate 0 type array 1
[367.315s][debug][gc,humongous      ] GC(33003) Humongous region 854 (object size 1048592 @ 0x00000000b5600000) remset 0 code roots 0 marked 1 reclaim candidate 0 type array 1
[367.315s][debug][gc,humongous      ] GC(33003) Humongous region 1167 (object size 1048592 @ 0x00000000c8f00000) remset 0 code roots 0 marked 1 reclaim candidate 0 type array 1
[367.315s][debug][gc,humongous      ] GC(33003) Humongous region 856 (object size 1048592 @ 0x00000000b5800000) remset 0 code roots 0 marked 1 reclaim candidate 0 type array 1
[367.315s][debug][gc,humongous      ] GC(33003) Humongous region 1014 (object size 1048592 @ 0x00000000bf600000) remset 0 code roots 0 marked 1 reclaim candidate 0 type array 1
[367.315s][debug][gc,humongous      ] GC(33003) Humongous region 1501 (object size 1048592 @ 0x00000000ddd00000) remset 0 code roots 0 marked 1 reclaim candidate 0 type array 1
[367.315s][debug][gc,humongous      ] GC(33003) Humongous region 566 (object size 1048592 @ 0x00000000a3600000) remset 0 code roots 0 marked 1 reclaim candidate 0 type array 1
[367.315s][debug][gc,humongous      ] GC(33003) Humongous region 568 (object size 1048592 @ 0x00000000a3800000) remset 0 code roots 0 marked 1 reclaim candidate 0 type array 1
[367.315s][debug][gc,humongous      ] GC(33003) Humongous region 570 (object size 1048592 @ 0x00000000a3a00000) remset 0 code roots 0 marked 0 reclaim candidate 1 type array 1
[367.315s][debug][gc,humongous      ] GC(33003) Humongous region 572 (object size 1048592 @ 0x00000000a3c00000) remset 0 code roots 0 marked 1 reclaim candidate 0 type array 1
[367.315s][debug][gc,humongous      ] GC(33003) Humongous region 574 (object size 1048592 @ 0x00000000a3e00000) remset 0 code roots 0 marked 1 reclaim candidate 0 type array 1
[367.315s][debug][gc,humongous      ] GC(33003) Humongous region 576 (object size 1048592 @ 0x00000000a4000000) remset 0 code roots 0 marked 1 reclaim candidate 0 type array 1
[367.316s][debug][gc,humongous      ] GC(33003) Humongous region 578 (object size 1048592 @ 0x00000000a4200000) remset 0 code roots 0 marked 1 reclaim candidate 0 type array 1
[367.315s][debug][gc,humongous      ] GC(33003) Humongous region 1169 (object size 1048592 @ 0x00000000c9100000) remset 0 code roots 0 marked 1 reclaim candidate 0 type array 1
[367.316s][debug][gc,humongous      ] GC(33003) Humongous region 580 (object size 1048592 @ 0x00000000a4400000) remset 0 code roots 0 marked 1 reclaim candidate 0 type array 1
[367.315s][debug][gc,humongous      ] GC(33003) Humongous region 858 (object size 1048592 @ 0x00000000b5a00000) remset 0 code roots 0 marked 1 reclaim candidate 0 type array 1
[367.316s][debug][gc,humongous      ] GC(33003) Humongous region 1171 (object size 1048592 @ 0x00000000c9300000) remset 0 code roots 0 marked 1 reclaim candidate 0 type array 1
[367.315s][debug][gc,humongous      ] GC(33003) Humongous region 558 (object size 1048592 @ 0x00000000a2e00000) remset 0 code roots 0 marked 1 reclaim candidate 0 type array 1
[367.316s][debug][gc,humongous      ] GC(33003) Humongous region 1173 (object size 1048592 @ 0x00000000c9500000) remset 0 code roots 0 marked 1 reclaim candidate 0 type array 1
[367.315s][debug][gc,humongous      ] GC(33003) Humongous region 1016 (object size 1048592 @ 0x00000000bf800000) remset 0 code roots 0 marked 1 reclaim candidate 0 type array 1
[367.316s][debug][gc,humongous      ] GC(33003) Humongous region 1175 (object size 1048592 @ 0x00000000c9700000) remset 0 code roots 0 marked 1 reclaim candidate 0 type array 1
[367.316s][debug][gc,humongous      ] GC(33003) Humongous region 1018 (object size 1048592 @ 0x00000000bfa00000) remset 0 code roots 0 marked 1 reclaim candidate 0 type array 1
[367.316s][debug][gc,humongous      ] GC(33003) Humongous region 1177 (object size 1048592 @ 0x00000000c9900000) remset 0 code roots 0 marked 1 reclaim candidate 0 type array 1
[367.315s][debug][gc,humongous      ] GC(33003) Humongous region 1629 (object size 1048592 @ 0x00000000e5d00000) remset 0 code roots 0 marked 1 reclaim candidate 0 type array 1
[367.316s][debug][gc,humongous      ] GC(33003) Humongous region 1179 (object size 1048592 @ 0x00000000c9b00000) remset 0 code roots 0 marked 1 reclaim candidate 0 type array 1
[367.316s][debug][gc,humongous      ] GC(33003) Humongous region 1631 (object size 1048592 @ 0x00000000e5f00000) remset 0 code roots 0 marked 1 reclaim candidate 0 type array 1
[367.316s][debug][gc,humongous      ] GC(33003) Humongous region 582 (object size 1048592 @ 0x00000000a4600000) remset 0 code roots 0 marked 1 reclaim candidate 0 type array 1
[367.316s][debug][gc,humongous      ] GC(33003) Humongous region 1633 (object size 1048592 @ 0x00000000e6100000) remset 0 code roots 0 marked 1 reclaim candidate 0 type array 1
[367.316s][debug][gc,humongous      ] GC(33003) Humongous region 586 (object size 1048592 @ 0x00000000a4a00000) remset 0 code roots 0 marked 0 reclaim candidate 1 type array 1
[367.316s][debug][gc,humongous      ] GC(33003) Humongous region 584 (object size 1048592 @ 0x00000000a4800000) remset 0 code roots 0 marked 1 reclaim candidate 0 type array 1
[367.315s][debug][gc,humongous      ] GC(33003) Humongous region 1814 (object size 1048592 @ 0x00000000f1600000) remset 0 code roots 0 marked 1 reclaim candidate 0 type array 1
[367.316s][debug][gc,humongous      ] GC(33003) Humongous region 590 (object size 1048592 @ 0x00000000a4e00000) remset 0 code roots 0 marked 1 reclaim candidate 0 type array 1
[367.316s][debug][gc,humongous      ] GC(33003) Humongous region 1816 (object size 1048592 @ 0x00000000f1800000) remset 0 code roots 0 marked 1 reclaim candidate 0 type array 1
[367.316s][debug][gc,humongous      ] GC(33003) Humongous region 1818 (object size 1048592 @ 0x00000000f1a00000) remset 0 code roots 0 marked 1 reclaim candidate 0 type array 1
[367.316s][debug][gc,humongous      ] GC(33003) Humongous region 592 (object size 1048592 @ 0x00000000a5000000) remset 0 code roots 0 marked 1 reclaim candidate 0 type array 1
[367.316s][debug][gc,humongous      ] GC(33003) Humongous region 1820 (object size 1048592 @ 0x00000000f1c00000) remset 0 code roots 0 marked 1 reclaim candidate 0 type array 1
[367.316s][debug][gc,humongous      ] GC(33003) Humongous region 594 (object size 1048592 @ 0x00000000a5200000) remset 0 code roots 0 marked 1 reclaim candidate 0 type array 1
[367.315s][debug][gc,humongous      ] GC(33003) Humongous region 1503 (object size 1048592 @ 0x00000000ddf00000) remset 0 code roots 0 marked 1 reclaim candidate 0 type array 1
[367.316s][debug][gc,humongous      ] GC(33003) Humongous region 1181 (object size 1048592 @ 0x00000000c9d00000) remset 0 code roots 0 marked 0 reclaim candidate 1 type array 1
[367.316s][debug][gc,humongous      ] GC(33003) Humongous region 860 (object size 1048592 @ 0x00000000b5c00000) remset 0 code roots 0 marked 1 reclaim candidate 0 type array 1
[367.316s][debug][gc,humongous      ] GC(33003) Humongous region 1635 (object size 1048592 @ 0x00000000e6300000) remset 0 code roots 0 marked 1 reclaim candidate 0 type array 1
[367.316s][debug][gc,humongous      ] GC(33003) Humongous region 862 (object size 1048592 @ 0x00000000b5e00000) remset 0 code roots 0 marked 1 reclaim candidate 0 type array 1
[367.316s][debug][gc,humongous      ] GC(33003) Humongous region 1637 (object size 1048592 @ 0x00000000e6500000) remset 0 code roots 0 marked 1 reclaim candidate 0 type array 1
[367.316s][debug][gc,humongous      ] GC(33003) Humongous region 865 (object size 1048592 @ 0x00000000b6100000) remset 0 code roots 0 marked 1 reclaim candidate 0 type array 1
[367.316s][debug][gc,humongous      ] GC(33003) Humongous region 1639 (object size 1048592 @ 0x00000000e6700000) remset 0 code roots 0 marked 1 reclaim candidate 0 type array 1
[367.316s][debug][gc,humongous      ] GC(33003) Humongous region 867 (object size 1048592 @ 0x00000000b6300000) remset 0 code roots 0 marked 1 reclaim candidate 0 type array 1
[367.316s][debug][gc,humongous      ] GC(33003) Humongous region 1641 (object size 1048592 @ 0x00000000e6900000) remset 0 code roots 0 marked 1 reclaim candidate 0 type array 1
[367.315s][debug][gc,humongous      ] GC(33003) Humongous region 1335 (object size 1048592 @ 0x00000000d3700000) remset 0 code roots 0 marked 1 reclaim candidate 0 type array 1
[367.316s][debug][gc,humongous      ] GC(33003) Humongous region 1643 (object size 1048592 @ 0x00000000e6b00000) remset 0 code roots 0 marked 1 reclaim candidate 0 type array 1
[367.316s][debug][gc,humongous      ] GC(33003) Humongous region 596 (object size 1048592 @ 0x00000000a5400000) remset 0 code roots 0 marked 1 reclaim candidate 0 type array 1
[367.316s][debug][gc,humongous      ] GC(33003) Humongous region 1645 (object size 1048592 @ 0x00000000e6d00000) remset 0 code roots 0 marked 1 reclaim candidate 0 type array 1
[367.316s][debug][gc,humongous      ] GC(33003) Humongous region 1183 (object size 1048592 @ 0x00000000c9f00000) remset 0 code roots 0 marked 1 reclaim candidate 0 type array 1
[367.316s][debug][gc,humongous      ] GC(33003) Humongous region 588 (object size 1048592 @ 0x00000000a4c00000) remset 0 code roots 0 marked 1 reclaim candidate 0 type array 1
[367.316s][debug][gc,humongous      ] GC(33003) Humongous region 1185 (object size 1048592 @ 0x00000000ca100000) remset 0 code roots 0 marked 1 reclaim candidate 0 type array 1
[367.316s][debug][gc,humongous      ] GC(33003) Humongous region 600 (object size 1048592 @ 0x00000000a5800000) remset 0 code roots 0 marked 1 reclaim candidate 0 type array 1
[367.315s][debug][gc,humongous      ] GC(33003) Humongous region 1980 (object size 1048592 @ 0x00000000fbc00000) remset 0 code roots 0 marked 1 reclaim candidate 0 type array 1
[367.316s][debug][gc,humongous      ] GC(33003) Humongous region 1982 (object size 1048592 @ 0x00000000fbe00000) remset 0 code roots 0 marked 1 reclaim candidate 0 type array 1
[367.316s][debug][gc,humongous      ] GC(33003) Humongous region 1984 (object size 1048592 @ 0x00000000fc000000) remset 0 code roots 0 marked 1 reclaim candidate 0 type array 1
[367.316s][debug][gc,humongous      ] GC(33003) Humongous region 869 (object size 1048592 @ 0x00000000b6500000) remset 0 code roots 0 marked 1 reclaim candidate 0 type array 1
[367.316s][debug][gc,humongous      ] GC(33003) Humongous region 1986 (object size 1048592 @ 0x00000000fc200000) remset 0 code roots 0 marked 0 reclaim candidate 0 type array 1
[367.316s][debug][gc,humongous      ] GC(33003) Humongous region 871 (object size 1048592 @ 0x00000000b6700000) remset 0 code roots 0 marked 1 reclaim candidate 0 type array 1
[367.316s][debug][gc,humongous      ] GC(33003) Humongous region 1988 (object size 1048592 @ 0x00000000fc400000) remset 0 code roots 0 marked 1 reclaim candidate 0 type array 1
[367.316s][debug][gc,humongous      ] GC(33003) Humongous region 1990 (object size 1048592 @ 0x00000000fc600000) remset 0 code roots 0 marked 1 reclaim candidate 0 type array 1
[367.316s][debug][gc,humongous      ] GC(33003) Humongous region 1992 (object size 1048592 @ 0x00000000fc800000) remset 0 code roots 0 marked 1 reclaim candidate 0 type array 1
[367.316s][debug][gc,humongous      ] GC(33003) Humongous region 1995 (object size 1048592 @ 0x00000000fcb00000) remset 0 code roots 0 marked 1 reclaim candidate 0 type array 1
[367.316s][debug][gc,humongous      ] GC(33003) Humongous region 1997 (object size 1048592 @ 0x00000000fcd00000) remset 0 code roots 0 marked 1 reclaim candidate 0 type array 1
[367.316s][debug][gc,humongous      ] GC(33003) Humongous region 1999 (object size 1048592 @ 0x00000000fcf00000) remset 0 code roots 0 marked 1 reclaim candidate 0 type array 1
[367.316s][debug][gc,humongous      ] GC(33003) Humongous region 2001 (object size 1048592 @ 0x00000000fd100000) remset 0 code roots 0 marked 0 reclaim candidate 1 type array 1
[367.316s][debug][gc,humongous      ] GC(33003) Humongous region 2003 (object size 1048592 @ 0x00000000fd300000) remset 0 code roots 0 marked 1 reclaim candidate 0 type array 1
[367.316s][debug][gc,humongous      ] GC(33003) Humongous region 2005 (object size 1048592 @ 0x00000000fd500000) remset 0 code roots 0 marked 1 reclaim candidate 0 type array 1
[367.316s][debug][gc,humongous      ] GC(33003) Humongous region 2007 (object size 1048592 @ 0x00000000fd700000) remset 0 code roots 0 marked 1 reclaim candidate 0 type array 1
[367.316s][debug][gc,humongous      ] GC(33003) Humongous region 2009 (object size 1048592 @ 0x00000000fd900000) remset 0 code roots 0 marked 1 reclaim candidate 0 type array 1
[367.316s][debug][gc,humongous      ] GC(33003) Humongous region 2011 (object size 1048592 @ 0x00000000fdb00000) remset 0 code roots 0 marked 1 reclaim candidate 0 type array 1
[367.317s][debug][gc,humongous      ] GC(33003) Humongous region 2013 (object size 1048592 @ 0x00000000fdd00000) remset 0 code roots 0 marked 1 reclaim candidate 0 type array 1
[367.317s][debug][gc,humongous      ] GC(33003) Humongous region 2015 (object size 1048592 @ 0x00000000fdf00000) remset 0 code roots 0 marked 1 reclaim candidate 0 type array 1
[367.317s][debug][gc,humongous      ] GC(33003) Humongous region 2017 (object size 1048592 @ 0x00000000fe100000) remset 0 code roots 0 marked 1 reclaim candidate 0 type array 1
[367.317s][debug][gc,humongous      ] GC(33003) Humongous region 2019 (object size 1048592 @ 0x00000000fe300000) remset 0 code roots 0 marked 1 reclaim candidate 0 type array 1
[367.317s][debug][gc,humongous      ] GC(33003) Humongous region 2021 (object size 1048592 @ 0x00000000fe500000) remset 0 code roots 0 marked 1 reclaim candidate 0 type array 1
[367.317s][debug][gc,humongous      ] GC(33003) Humongous region 2023 (object size 1048592 @ 0x00000000fe700000) remset 0 code roots 0 marked 1 reclaim candidate 0 type array 1
[367.317s][debug][gc,humongous      ] GC(33003) Humongous region 2025 (object size 1048592 @ 0x00000000fe900000) remset 0 code roots 0 marked 1 reclaim candidate 0 type array 1
[367.317s][debug][gc,humongous      ] GC(33003) Humongous region 2027 (object size 1048592 @ 0x00000000feb00000) remset 0 code roots 0 marked 1 reclaim candidate 0 type array 1
[367.317s][debug][gc,humongous      ] GC(33003) Humongous region 2029 (object size 1048592 @ 0x00000000fed00000) remset 0 code roots 0 marked 1 reclaim candidate 0 type array 1
[367.317s][debug][gc,humongous      ] GC(33003) Humongous region 2031 (object size 1048592 @ 0x00000000fef00000) remset 0 code roots 0 marked 0 reclaim candidate 0 type array 1
[367.316s][debug][gc,humongous      ] GC(33003) Humongous region 1505 (object size 1048592 @ 0x00000000de100000) remset 0 code roots 0 marked 1 reclaim candidate 0 type array 1
[367.316s][debug][gc,humongous      ] GC(33003) Humongous region 598 (object size 1048592 @ 0x00000000a5600000) remset 0 code roots 0 marked 1 reclaim candidate 0 type array 1
[367.317s][debug][gc,humongous      ] GC(33003) Humongous region 1507 (object size 1048592 @ 0x00000000de300000) remset 0 code roots 0 marked 1 reclaim candidate 0 type array 1
[367.317s][debug][gc,humongous      ] GC(33003) Humongous region 604 (object size 1048592 @ 0x00000000a5c00000) remset 0 code roots 0 marked 0 reclaim candidate 1 type array 1
[367.317s][debug][gc,humongous      ] GC(33003) Humongous region 1509 (object size 1048592 @ 0x00000000de500000) remset 0 code roots 0 marked 1 reclaim candidate 0 type array 1
[367.317s][debug][gc,humongous      ] GC(33003) Humongous region 606 (object size 1048592 @ 0x00000000a5e00000) remset 0 code roots 0 marked 1 reclaim candidate 0 type array 1
[367.317s][debug][gc,humongous      ] GC(33003) Humongous region 1511 (object size 1048592 @ 0x00000000de700000) remset 0 code roots 0 marked 1 reclaim candidate 0 type array 1
[367.316s][debug][gc,humongous      ] GC(33003) Humongous region 1187 (object size 1048592 @ 0x00000000ca300000) remset 0 code roots 0 marked 1 reclaim candidate 0 type array 1
[367.315s][debug][gc,humongous      ] GC(33003) Humongous region 74 (object size 1048592 @ 0x0000000084a00000) remset 0 code roots 0 marked 1 reclaim candidate 0 type array 1
[367.316s][debug][gc,humongous      ] GC(33003) Humongous region 602 (object size 1048592 @ 0x00000000a5a00000) remset 0 code roots 0 marked 1 reclaim candidate 0 type array 1
[367.316s][debug][gc,humongous      ] GC(33003) Humongous region 1822 (object size 1048592 @ 0x00000000f1e00000) remset 0 code roots 0 marked 1 reclaim candidate 0 type array 1
[367.317s][debug][gc,humongous      ] GC(33003) Humongous region 2033 (object size 1048592 @ 0x00000000ff100000) remset 0 code roots 0 marked 1 reclaim candidate 0 type array 1
[367.317s][debug][gc,humongous      ] GC(33003) Humongous region 2036 (object size 1048592 @ 0x00000000ff400000) remset 0 code roots 0 marked 1 reclaim candidate 0 type array 1
[367.316s][debug][gc,humongous      ] GC(33003) Humongous region 873 (object size 1048592 @ 0x00000000b6900000) remset 0 code roots 0 marked 1 reclaim candidate 0 type array 1
[367.317s][debug][gc,humongous      ] GC(33003) Humongous region 2038 (object size 1048592 @ 0x00000000ff600000) remset 0 code roots 0 marked 1 reclaim candidate 0 type array 1
[367.317s][debug][gc,humongous      ] GC(33003) Humongous region 875 (object size 1048592 @ 0x00000000b6b00000) remset 0 code roots 0 marked 1 reclaim candidate 0 type array 1
[367.315s][debug][gc,humongous      ] GC(33003) Humongous region 211 (object size 1048592 @ 0x000000008d300000) remset 0 code roots 0 marked 1 reclaim candidate 0 type array 1
[367.317s][debug][gc,humongous      ] GC(33003) Humongous region 608 (object size 1048592 @ 0x00000000a6000000) remset 0 code roots 0 marked 0 reclaim candidate 1 type array 1
[367.317s][debug][gc,humongous      ] GC(33003) Humongous region 213 (object size 1048592 @ 0x000000008d500000) remset 0 code roots 0 marked 1 reclaim candidate 0 type array 1
[367.317s][debug][gc,humongous      ] GC(33003) Humongous region 612 (object size 1048592 @ 0x00000000a6400000) remset 0 code roots 0 marked 1 reclaim candidate 0 type array 1
[367.317s][debug][gc,humongous      ] GC(33003) Humongous region 1513 (object size 1048592 @ 0x00000000de900000) remset 0 code roots 0 marked 1 reclaim candidate 0 type array 1
[367.317s][debug][gc,humongous      ] GC(33003) Humongous region 1189 (object size 1048592 @ 0x00000000ca500000) remset 0 code roots 0 marked 1 reclaim candidate 0 type array 1
[367.317s][debug][gc,humongous      ] GC(33003) Humongous region 1515 (object size 1048592 @ 0x00000000deb00000) remset 0 code roots 0 marked 1 reclaim candidate 0 type array 1
[367.317s][debug][gc,humongous      ] GC(33003) Humongous region 610 (object size 1048592 @ 0x00000000a6200000) remset 0 code roots 0 marked 1 reclaim candidate 0 type array 1
[367.316s][debug][gc,humongous      ] GC(33003) Humongous region 1337 (object size 1048592 @ 0x00000000d3900000) remset 0 code roots 0 marked 0 reclaim candidate 0 type array 1
[367.317s][debug][gc,humongous      ] GC(33003) Humongous region 616 (object size 1048592 @ 0x00000000a6800000) remset 0 code roots 0 marked 1 reclaim candidate 0 type array 1
[367.317s][debug][gc,humongous      ] GC(33003) Humongous region 1339 (object size 1048592 @ 0x00000000d3b00000) remset 0 code roots 0 marked 1 reclaim candidate 0 type array 1
[367.317s][debug][gc,humongous      ] GC(33003) Humongous region 618 (object size 1048592 @ 0x00000000a6a00000) remset 0 code roots 0 marked 1 reclaim candidate 0 type array 1
[367.317s][debug][gc,humongous      ] GC(33003) Humongous region 877 (object size 1048592 @ 0x00000000b6d00000) remset 0 code roots 0 marked 1 reclaim candidate 0 type array 1
[367.315s][debug][gc,humongous      ] GC(33003) Humongous region 707 (object size 1048592 @ 0x00000000ac300000) remset 0 code roots 0 marked 1 reclaim candidate 0 type array 1
[367.317s][debug][gc,humongous      ] GC(33003) Humongous region 879 (object size 1048592 @ 0x00000000b6f00000) remset 0 code roots 0 marked 1 reclaim candidate 0 type array 1
[367.317s][debug][gc,humongous      ] GC(33003) Humongous region 215 (object size 1048592 @ 0x000000008d700000) remset 0 code roots 0 marked 1 reclaim candidate 0 type array 1
[367.317s][debug][gc,humongous      ] GC(33003) Humongous region 614 (object size 1048592 @ 0x00000000a6600000) remset 0 code roots 0 marked 1 reclaim candidate 0 type array 1
[367.317s][debug][gc,humongous      ] GC(33003) Humongous region 217 (object size 1048592 @ 0x000000008d900000) remset 0 code roots 0 marked 1 reclaim candidate 0 type array 1
[367.317s][debug][gc,humongous      ] GC(33003) Humongous region 622 (object size 1048592 @ 0x00000000a6e00000) remset 0 code roots 0 marked 1 reclaim candidate 0 type array 1
[367.317s][debug][gc,humongous      ] GC(33003) Humongous region 1517 (object size 1048592 @ 0x00000000ded00000) remset 0 code roots 0 marked 1 reclaim candidate 0 type array 1
[367.317s][debug][gc,humongous      ] GC(33003) Humongous region 219 (object size 1048592 @ 0x000000008db00000) remset 0 code roots 0 marked 1 reclaim candidate 0 type array 1
[367.317s][debug][gc,humongous      ] GC(33003) Humongous region 221 (object size 1048592 @ 0x000000008dd00000) remset 0 code roots 0 marked 1 reclaim candidate 0 type array 1
[367.317s][debug][gc,humongous      ] GC(33003) Humongous region 1519 (object size 1048592 @ 0x00000000def00000) remset 0 code roots 0 marked 1 reclaim candidate 0 type array 1
[367.317s][debug][gc,humongous      ] GC(33003) Humongous region 1824 (object size 1048592 @ 0x00000000f2000000) remset 0 code roots 0 marked 1 reclaim candidate 0 type array 1
[367.316s][debug][gc,humongous      ] GC(33003) Humongous region 1647 (object size 1048592 @ 0x00000000e6f00000) remset 0 code roots 0 marked 1 reclaim candidate 0 type array 1
[367.317s][debug][gc,humongous      ] GC(33003) Humongous region 1649 (object size 1048592 @ 0x00000000e7100000) remset 0 code roots 0 marked 1 reclaim candidate 0 type array 1
[367.317s][debug][gc,humongous      ] GC(33003) Humongous region 881 (object size 1048592 @ 0x00000000b7100000) remset 0 code roots 0 marked 1 reclaim candidate 0 type array 1
[367.317s][debug][gc,humongous      ] GC(33003) Humongous region 883 (object size 1048592 @ 0x00000000b7300000) remset 0 code roots 0 marked 1 reclaim candidate 0 type array 1
[367.317s][debug][gc,humongous      ] GC(33003) Humongous region 885 (object size 1048592 @ 0x00000000b7500000) remset 0 code roots 0 marked 1 reclaim candidate 0 type array 1
[367.317s][debug][gc,humongous      ] GC(33003) Humongous region 887 (object size 1048592 @ 0x00000000b7700000) remset 0 code roots 0 marked 1 reclaim candidate 0 type array 1
[367.317s][debug][gc,humongous      ] GC(33003) Humongous region 889 (object size 1048592 @ 0x00000000b7900000) remset 0 code roots 0 marked 1 reclaim candidate 0 type array 1
[367.317s][debug][gc,humongous      ] GC(33003) Humongous region 891 (object size 1048592 @ 0x00000000b7b00000) remset 0 code roots 0 marked 1 reclaim candidate 0 type array 1
[367.317s][debug][gc,humongous      ] GC(33003) Humongous region 223 (object size 1048592 @ 0x000000008df00000) remset 0 code roots 0 marked 1 reclaim candidate 0 type array 1
[367.317s][debug][gc,humongous      ] GC(33003) Humongous region 893 (object size 1048592 @ 0x00000000b7d00000) remset 0 code roots 0 marked 1 reclaim candidate 0 type array 1
[367.317s][debug][gc,humongous      ] GC(33003) Humongous region 225 (object size 1048592 @ 0x000000008e100000) remset 0 code roots 0 marked 1 reclaim candidate 0 type array 1
[367.317s][debug][gc,humongous      ] GC(33003) Humongous region 1521 (object size 1048592 @ 0x00000000df100000) remset 0 code roots 0 marked 1 reclaim candidate 0 type array 1
[367.318s][debug][gc,humongous      ] GC(33003) Humongous region 227 (object size 1048592 @ 0x000000008e300000) remset 0 code roots 0 marked 1 reclaim candidate 0 type array 1
[367.318s][debug][gc,humongous      ] GC(33003) Humongous region 1523 (object size 1048592 @ 0x00000000df300000) remset 0 code roots 0 marked 1 reclaim candidate 0 type array 1
[367.317s][debug][gc,humongous      ] GC(33003) Humongous region 709 (object size 1048592 @ 0x00000000ac500000) remset 0 code roots 0 marked 1 reclaim candidate 0 type array 1
[367.317s][debug][gc,humongous      ] GC(33003) Humongous region 76 (object size 1048592 @ 0x0000000084c00000) remset 0 code roots 0 marked 1 reclaim candidate 0 type array 1
[367.317s][debug][gc,humongous      ] GC(33003) Humongous region 1191 (object size 1048592 @ 0x00000000ca700000) remset 0 code roots 0 marked 1 reclaim candidate 0 type array 1
[367.318s][debug][gc,humongous      ] GC(33003) Humongous region 78 (object size 1048592 @ 0x0000000084e00000) remset 0 code roots 0 marked 1 reclaim candidate 0 type array 1
[367.317s][debug][gc,humongous      ] GC(33003) Humongous region 2040 (object size 1048592 @ 0x00000000ff800000) remset 0 code roots 0 marked 1 reclaim candidate 0 type array 1
[367.318s][debug][gc,humongous      ] GC(33003) Humongous region 80 (object size 1048592 @ 0x0000000085000000) remset 0 code roots 0 marked 1 reclaim candidate 0 type array 1
[367.318s][debug][gc,humongous      ] GC(33003) Humongous region 2042 (object size 1048592 @ 0x00000000ffa00000) remset 0 code roots 0 marked 1 reclaim candidate 0 type array 1
[367.318s][debug][gc,humongous      ] GC(33003) Humongous region 82 (object size 1048592 @ 0x0000000085200000) remset 0 code roots 0 marked 1 reclaim candidate 0 type array 1
[367.318s][debug][gc,humongous      ] GC(33003) Humongous region 2044 (object size 1048592 @ 0x00000000ffc00000) remset 0 code roots 0 marked 1 reclaim candidate 0 type array 1
[367.318s][debug][gc,humongous      ] GC(33003) Humongous region 85 (object size 1048592 @ 0x0000000085500000) remset 0 code roots 0 marked 1 reclaim candidate 0 type array 1
[367.317s][debug][gc,humongous      ] GC(33003) Humongous region 1826 (object size 1048592 @ 0x00000000f2200000) remset 0 code roots 0 marked 1 reclaim candidate 0 type array 1
[367.318s][debug][gc,humongous      ] GC(33003) Humongous region 1828 (object size 1048592 @ 0x00000000f2400000) remset 0 code roots 0 marked 1 reclaim candidate 0 type array 1
[367.318s][debug][gc,humongous      ] GC(33003) Humongous region 1830 (object size 1048592 @ 0x00000000f2600000) remset 0 code roots 0 marked 1 reclaim candidate 0 type array 1
[367.318s][debug][gc,humongous      ] GC(33003) Humongous region 1832 (object size 1048592 @ 0x00000000f2800000) remset 0 code roots 0 marked 1 reclaim candidate 0 type array 1
[367.318s][debug][gc,humongous      ] GC(33003) Humongous region 1834 (object size 1048592 @ 0x00000000f2a00000) remset 0 code roots 0 marked 1 reclaim candidate 0 type array 1
[367.318s][debug][gc,humongous      ] GC(33003) Humongous region 1836 (object size 1048592 @ 0x00000000f2c00000) remset 0 code roots 0 marked 1 reclaim candidate 0 type array 1
[367.318s][debug][gc,humongous      ] GC(33003) Humongous region 1838 (object size 1048592 @ 0x00000000f2e00000) remset 0 code roots 0 marked 1 reclaim candidate 0 type array 1
[367.318s][debug][gc,humongous      ] GC(33003) Humongous region 1840 (object size 1048592 @ 0x00000000f3000000) remset 0 code roots 0 marked 1 reclaim candidate 0 type array 1
[367.318s][debug][gc,humongous      ] GC(33003) Humongous region 1842 (object size 1048592 @ 0x00000000f3200000) remset 0 code roots 0 marked 1 reclaim candidate 0 type array 1
[367.318s][debug][gc,humongous      ] GC(33003) Humongous region 1844 (object size 1048592 @ 0x00000000f3400000) remset 0 code roots 0 marked 1 reclaim candidate 0 type array 1
[367.318s][debug][gc,humongous      ] GC(33003) Humongous region 1846 (object size 1048592 @ 0x00000000f3600000) remset 0 code roots 0 marked 1 reclaim candidate 0 type array 1
[367.318s][debug][gc,humongous      ] GC(33003) Humongous region 1848 (object size 1048592 @ 0x00000000f3800000) remset 0 code roots 0 marked 1 reclaim candidate 0 type array 1
[367.318s][debug][gc,humongous      ] GC(33003) Humongous region 1850 (object size 1048592 @ 0x00000000f3a00000) remset 0 code roots 0 marked 1 reclaim candidate 0 type array 1
[367.318s][debug][gc,humongous      ] GC(33003) Humongous region 1852 (object size 1048592 @ 0x00000000f3c00000) remset 0 code roots 0 marked 1 reclaim candidate 0 type array 1
[367.318s][debug][gc,humongous      ] GC(33003) Humongous region 1854 (object size 1048592 @ 0x00000000f3e00000) remset 0 code roots 0 marked 1 reclaim candidate 0 type array 1
[367.318s][debug][gc,humongous      ] GC(33003) Humongous region 1856 (object size 1048592 @ 0x00000000f4000000) remset 0 code roots 0 marked 1 reclaim candidate 0 type array 1
[367.318s][debug][gc,humongous      ] GC(33003) Humongous region 1858 (object size 1048592 @ 0x00000000f4200000) remset 0 code roots 0 marked 1 reclaim candidate 0 type array 1
[367.318s][debug][gc,humongous      ] GC(33003) Humongous region 1860 (object size 1048592 @ 0x00000000f4400000) remset 0 code roots 0 marked 1 reclaim candidate 0 type array 1
[367.318s][debug][gc,humongous      ] GC(33003) Humongous region 1862 (object size 1048592 @ 0x00000000f4600000) remset 0 code roots 0 marked 1 reclaim candidate 0 type array 1
[367.318s][debug][gc,humongous      ] GC(33003) Humongous region 1864 (object size 1048592 @ 0x00000000f4800000) remset 0 code roots 0 marked 1 reclaim candidate 0 type array 1
[367.318s][debug][gc,humongous      ] GC(33003) Humongous region 1866 (object size 1048592 @ 0x00000000f4a00000) remset 0 code roots 0 marked 1 reclaim candidate 0 type array 1
[367.318s][debug][gc,humongous      ] GC(33003) Humongous region 1868 (object size 1048592 @ 0x00000000f4c00000) remset 0 code roots 0 marked 0 reclaim candidate 0 type array 1
[367.318s][debug][gc,humongous      ] GC(33003) Humongous region 1870 (object size 1048592 @ 0x00000000f4e00000) remset 0 code roots 0 marked 1 reclaim candidate 0 type array 1
[367.317s][debug][gc,humongous      ] GC(33003) Humongous region 1651 (object size 1048592 @ 0x00000000e7300000) remset 0 code roots 0 marked 1 reclaim candidate 0 type array 1
[367.318s][debug][gc,humongous      ] GC(33003) Humongous region 1653 (object size 1048592 @ 0x00000000e7500000) remset 0 code roots 0 marked 1 reclaim candidate 0 type array 1
[367.318s][debug][gc,humongous      ] GC(33003) Humongous region 229 (object size 1048592 @ 0x000000008e500000) remset 0 code roots 0 marked 0 reclaim candidate 0 type array 1
[367.318s][debug][gc,humongous      ] GC(33003) Humongous region 711 (object size 1048592 @ 0x00000000ac700000) remset 0 code roots 0 marked 1 reclaim candidate 0 type array 1
[367.318s][debug][gc,humongous      ] GC(33003) Humongous region 1193 (object size 1048592 @ 0x00000000ca900000) remset 0 code roots 0 marked 1 reclaim candidate 0 type array 1
[367.319s][debug][gc,humongous      ] GC(33003) Humongous region 713 (object size 1048592 @ 0x00000000ac900000) remset 0 code roots 0 marked 1 reclaim candidate 0 type array 1
[367.319s][debug][gc,humongous      ] GC(33003) Humongous region 1195 (object size 1048592 @ 0x00000000cab00000) remset 0 code roots 0 marked 1 reclaim candidate 0 type array 1
[367.317s][debug][gc,humongous      ] GC(33003) Humongous region 620 (object size 1048592 @ 0x00000000a6c00000) remset 0 code roots 0 marked 0 reclaim candidate 1 type array 1
[367.319s][debug][gc,humongous      ] GC(33003) Humongous region 1197 (object size 1048592 @ 0x00000000cad00000) remset 0 code roots 0 marked 1 reclaim candidate 0 type array 1
[367.319s][debug][gc,humongous      ] GC(33003) Humongous region 626 (object size 1048592 @ 0x00000000a7200000) remset 0 code roots 0 marked 1 reclaim candidate 0 type array 1
[367.319s][debug][gc,humongous      ] GC(33003) Humongous region 1199 (object size 1048592 @ 0x00000000caf00000) remset 0 code roots 0 marked 1 reclaim candidate 0 type array 1
[367.319s][debug][gc,humongous      ] GC(33003) Humongous region 1201 (object size 1048592 @ 0x00000000cb100000) remset 0 code roots 0 marked 1 reclaim candidate 0 type array 1
[367.319s][debug][gc,humongous      ] GC(33003) Humongous region 1203 (object size 1048592 @ 0x00000000cb300000) remset 0 code roots 0 marked 1 reclaim candidate 0 type array 1
[367.318s][debug][gc,humongous      ] GC(33003) Humongous region 1872 (object size 1048592 @ 0x00000000f5000000) remset 0 code roots 0 marked 1 reclaim candidate 0 type array 1
[367.319s][debug][gc,humongous      ] GC(33003) Humongous region 1874 (object size 1048592 @ 0x00000000f5200000) remset 0 code roots 0 marked 1 reclaim candidate 0 type array 1
[367.319s][debug][gc,humongous      ] GC(33003) Humongous region 1876 (object size 1048592 @ 0x00000000f5400000) remset 0 code roots 0 marked 1 reclaim candidate 0 type array 1
[367.319s][debug][gc,humongous      ] GC(33003) Humongous region 1878 (object size 1048592 @ 0x00000000f5600000) remset 0 code roots 0 marked 1 reclaim candidate 0 type array 1
[367.319s][debug][gc,humongous      ] GC(33003) Humongous region 1880 (object size 1048592 @ 0x00000000f5800000) remset 0 code roots 0 marked 1 reclaim candidate 0 type array 1
[367.319s][debug][gc,humongous      ] GC(33003) Humongous region 1882 (object size 1048592 @ 0x00000000f5a00000) remset 0 code roots 0 marked 0 reclaim candidate 1 type array 1
[367.319s][debug][gc,humongous      ] GC(33003) Humongous region 1884 (object size 1048592 @ 0x00000000f5c00000) remset 0 code roots 0 marked 1 reclaim candidate 0 type array 1
[367.319s][debug][gc,humongous      ] GC(33003) Humongous region 1886 (object size 1048592 @ 0x00000000f5e00000) remset 0 code roots 0 marked 1 reclaim candidate 0 type array 1
[367.319s][debug][gc,humongous      ] GC(33003) Humongous region 1888 (object size 1048592 @ 0x00000000f6000000) remset 0 code roots 0 marked 1 reclaim candidate 0 type array 1
[367.319s][debug][gc,humongous      ] GC(33003) Humongous region 91 (object size 1048592 @ 0x0000000085b00000) remset 0 code roots 0 marked 1 reclaim candidate 0 type array 1
[367.319s][debug][gc,humongous      ] GC(33003) Humongous region 93 (object size 1048592 @ 0x0000000085d00000) remset 0 code roots 0 marked 1 reclaim candidate 0 type array 1
[367.319s][debug][gc,humongous      ] GC(33003) Humongous region 95 (object size 1048592 @ 0x0000000085f00000) remset 0 code roots 0 marked 1 reclaim candidate 0 type array 1
[367.319s][debug][gc,humongous      ] GC(33003) Humongous region 97 (object size 1048592 @ 0x0000000086100000) remset 0 code roots 0 marked 1 reclaim candidate 0 type array 1
[367.319s][debug][gc,humongous      ] GC(33003) Humongous region 99 (object size 1048592 @ 0x0000000086300000) remset 0 code roots 0 marked 1 reclaim candidate 0 type array 1
[367.319s][debug][gc,humongous      ] GC(33003) Humongous region 101 (object size 1048592 @ 0x0000000086500000) remset 0 code roots 0 marked 1 reclaim candidate 0 type array 1
[367.319s][debug][gc,humongous      ] GC(33003) Humongous region 103 (object size 1048592 @ 0x0000000086700000) remset 0 code roots 0 marked 1 reclaim candidate 0 type array 1
[367.319s][debug][gc,humongous      ] GC(33003) Humongous region 105 (object size 1048592 @ 0x0000000086900000) remset 0 code roots 0 marked 1 reclaim candidate 0 type array 1
[367.319s][debug][gc,humongous      ] GC(33003) Humongous region 107 (object size 1048592 @ 0x0000000086b00000) remset 0 code roots 0 marked 1 reclaim candidate 0 type array 1
[367.319s][debug][gc,humongous      ] GC(33003) Humongous region 109 (object size 1048592 @ 0x0000000086d00000) remset 0 code roots 0 marked 1 reclaim candidate 0 type array 1
[367.319s][debug][gc,humongous      ] GC(33003) Humongous region 111 (object size 1048592 @ 0x0000000086f00000) remset 0 code roots 0 marked 1 reclaim candidate 0 type array 1
[367.319s][debug][gc,humongous      ] GC(33003) Humongous region 113 (object size 1048592 @ 0x0000000087100000) remset 0 code roots 0 marked 1 reclaim candidate 0 type array 1
[367.319s][debug][gc,humongous      ] GC(33003) Humongous region 115 (object size 1048592 @ 0x0000000087300000) remset 0 code roots 0 marked 1 reclaim candidate 0 type array 1
[367.319s][debug][gc,humongous      ] GC(33003) Humongous region 117 (object size 1048592 @ 0x0000000087500000) remset 0 code roots 0 marked 1 reclaim candidate 0 type array 1
[367.319s][debug][gc,humongous      ] GC(33003) Humongous region 119 (object size 1048592 @ 0x0000000087700000) remset 0 code roots 0 marked 1 reclaim candidate 0 type array 1
[367.319s][debug][gc,humongous      ] GC(33003) Humongous region 121 (object size 1048592 @ 0x0000000087900000) remset 0 code roots 0 marked 1 reclaim candidate 0 type array 1
[367.320s][debug][gc,humongous      ] GC(33003) Humongous region 123 (object size 1048592 @ 0x0000000087b00000) remset 0 code roots 0 marked 1 reclaim candidate 0 type array 1
[367.317s][debug][gc,humongous      ] GC(33003) Humongous region 1341 (object size 1048592 @ 0x00000000d3d00000) remset 0 code roots 0 marked 1 reclaim candidate 0 type array 1
[367.320s][debug][gc,humongous      ] GC(33003) Humongous region 1343 (object size 1048592 @ 0x00000000d3f00000) remset 0 code roots 0 marked 1 reclaim candidate 0 type array 1
[367.320s][debug][gc,humongous      ] GC(33003) Humongous region 1345 (object size 1048592 @ 0x00000000d4100000) remset 0 code roots 0 marked 1 reclaim candidate 0 type array 1
[367.320s][debug][gc,humongous      ] GC(33003) Humongous region 1347 (object size 1048592 @ 0x00000000d4300000) remset 0 code roots 0 marked 1 reclaim candidate 0 type array 1
[367.316s][debug][gc,humongous      ] GC(33003) Humongous region 1020 (object size 1048592 @ 0x00000000bfc00000) remset 0 code roots 0 marked 1 reclaim candidate 0 type array 1
[367.320s][debug][gc,humongous      ] GC(33003) Humongous region 1349 (object size 1048592 @ 0x00000000d4500000) remset 0 code roots 0 marked 1 reclaim candidate 0 type array 1
[367.319s][debug][gc,humongous      ] GC(33003) Humongous region 628 (object size 1048592 @ 0x00000000a7400000) remset 0 code roots 0 marked 1 reclaim candidate 0 type array 1
[367.320s][debug][gc,humongous      ] GC(33003) Humongous region 1351 (object size 1048592 @ 0x00000000d4700000) remset 0 code roots 0 marked 1 reclaim candidate 0 type array 1
[367.318s][debug][gc,humongous      ] GC(33003) Humongous region 895 (object size 1048592 @ 0x00000000b7f00000) remset 0 code roots 0 marked 1 reclaim candidate 0 type array 1
[367.320s][debug][gc,humongous      ] GC(33003) Humongous region 1353 (object size 1048592 @ 0x00000000d4900000) remset 0 code roots 0 marked 1 reclaim candidate 0 type array 1
[367.320s][debug][gc,humongous      ] GC(33003) Humongous region 1355 (object size 1048592 @ 0x00000000d4b00000) remset 0 code roots 0 marked 1 reclaim candidate 0 type array 1
[367.320s][debug][gc,humongous      ] GC(33003) Humongous region 897 (object size 1048592 @ 0x00000000b8100000) remset 0 code roots 0 marked 1 reclaim candidate 0 type array 1
[367.320s][debug][gc,humongous      ] GC(33003) Humongous region 1357 (object size 1048592 @ 0x00000000d4d00000) remset 0 code roots 0 marked 1 reclaim candidate 0 type array 1
[367.320s][debug][gc,humongous      ] GC(33003) Humongous region 125 (object size 1048592 @ 0x0000000087d00000) remset 0 code roots 0 marked 1 reclaim candidate 0 type array 1
[367.319s][debug][gc,humongous      ] GC(33003) Humongous region 715 (object size 1048592 @ 0x00000000acb00000) remset 0 code roots 0 marked 1 reclaim candidate 0 type array 1
[367.320s][debug][gc,humongous      ] GC(33003) Humongous region 127 (object size 1048592 @ 0x0000000087f00000) remset 0 code roots 0 marked 1 reclaim candidate 1 type array 1
[367.320s][debug][gc,humongous      ] GC(33003) Humongous region 719 (object size 1048592 @ 0x00000000acf00000) remset 0 code roots 0 marked 1 reclaim candidate 0 type array 1
[367.320s][debug][gc,humongous      ] GC(33003) Humongous region 129 (object size 1048592 @ 0x0000000088100000) remset 0 code roots 0 marked 1 reclaim candidate 0 type array 1
[367.320s][debug][gc,humongous      ] GC(33003) Humongous region 717 (object size 1048592 @ 0x00000000acd00000) remset 0 code roots 0 marked 0 reclaim candidate 1 type array 1
[367.320s][debug][gc,humongous      ] GC(33003) Humongous region 131 (object size 1048592 @ 0x0000000088300000) remset 0 code roots 0 marked 1 reclaim candidate 0 type array 1
[367.320s][debug][gc,humongous      ] GC(33003) Humongous region 133 (object size 1048592 @ 0x0000000088500000) remset 0 code roots 0 marked 1 reclaim candidate 0 type array 1
[367.320s][debug][gc,humongous      ] GC(33003) Humongous region 723 (object size 1048592 @ 0x00000000ad300000) remset 0 code roots 0 marked 1 reclaim candidate 0 type array 1
[367.318s][debug][gc,humongous      ] GC(33003) Humongous region 89 (object size 1048592 @ 0x0000000085900000) remset 0 code roots 0 marked 1 reclaim candidate 0 type array 1
[367.320s][debug][gc,humongous      ] GC(33003) Humongous region 725 (object size 1048592 @ 0x00000000ad500000) remset 0 code roots 0 marked 1 reclaim candidate 0 type array 1
[367.320s][debug][gc,humongous      ] GC(33003) Humongous region 899 (object size 1048592 @ 0x00000000b8300000) remset 0 code roots 0 marked 1 reclaim candidate 0 type array 1
[367.320s][debug][gc,humongous      ] GC(33003) Humongous region 727 (object size 1048592 @ 0x00000000ad700000) remset 0 code roots 0 marked 1 reclaim candidate 0 type array 1
[367.320s][debug][gc,humongous      ] GC(33003) Humongous region 1359 (object size 1048592 @ 0x00000000d4f00000) remset 0 code roots 0 marked 1 reclaim candidate 0 type array 1
[367.320s][debug][gc,humongous      ] GC(33003) Humongous region 729 (object size 1048592 @ 0x00000000ad900000) remset 0 code roots 0 marked 1 reclaim candidate 0 type array 1
[367.320s][debug][gc,humongous      ] GC(33003) Humongous region 1361 (object size 1048592 @ 0x00000000d5100000) remset 0 code roots 0 marked 1 reclaim candidate 0 type array 1
[367.320s][debug][gc,humongous      ] GC(33003) Humongous region 731 (object size 1048592 @ 0x00000000adb00000) remset 0 code roots 0 marked 1 reclaim candidate 0 type array 1
[367.320s][debug][gc,humongous      ] GC(33003) Humongous region 1363 (object size 1048592 @ 0x00000000d5300000) remset 0 code roots 0 marked 1 reclaim candidate 0 type array 1
[367.320s][debug][gc,humongous      ] GC(33003) Humongous region 733 (object size 1048592 @ 0x00000000add00000) remset 0 code roots 0 marked 1 reclaim candidate 0 type array 1
[367.320s][debug][gc,humongous      ] GC(33003) Humongous region 1365 (object size 1048592 @ 0x00000000d5500000) remset 0 code roots 0 marked 1 reclaim candidate 0 type array 1
[367.318s][debug][gc,humongous      ] GC(33003) Humongous region 1655 (object size 1048592 @ 0x00000000e7700000) remset 0 code roots 0 marked 1 reclaim candidate 0 type array 1
[367.320s][debug][gc,humongous      ] GC(33003) Humongous region 137 (object size 1048592 @ 0x0000000088900000) remset 0 code roots 0 marked 1 reclaim candidate 0 type array 1
[367.320s][debug][gc,humongous      ] GC(33003) Humongous region 139 (object size 1048592 @ 0x0000000088b00000) remset 0 code roots 0 marked 1 reclaim candidate 0 type array 1
[367.320s][debug][gc,humongous      ] GC(33003) Humongous region 141 (object size 1048592 @ 0x0000000088d00000) remset 0 code roots 0 marked 1 reclaim candidate 0 type array 1
[367.317s][debug][gc,humongous      ] GC(33003) Humongous region 624 (object size 1048592 @ 0x00000000a7000000) remset 0 code roots 0 marked 1 reclaim candidate 0 type array 1
[367.320s][debug][gc,humongous      ] GC(33003) Humongous region 143 (object size 1048592 @ 0x0000000088f00000) remset 0 code roots 0 marked 1 reclaim candidate 0 type array 1
[367.320s][debug][gc,humongous      ] GC(33003) Humongous region 721 (object size 1048592 @ 0x00000000ad100000) remset 0 code roots 0 marked 0 reclaim candidate 0 type array 1
[367.320s][debug][gc,humongous      ] GC(33003) Humongous region 737 (object size 1048592 @ 0x00000000ae100000) remset 0 code roots 0 marked 1 reclaim candidate 0 type array 1
[367.320s][debug][gc,humongous      ] GC(33003) Humongous region 145 (object size 1048592 @ 0x0000000089100000) remset 0 code roots 0 marked 1 reclaim candidate 0 type array 1
[367.320s][debug][gc,humongous      ] GC(33003) Humongous region 739 (object size 1048592 @ 0x00000000ae300000) remset 0 code roots 0 marked 1 reclaim candidate 0 type array 1
[367.320s][debug][gc,humongous      ] GC(33003) Humongous region 741 (object size 1048592 @ 0x00000000ae500000) remset 0 code roots 0 marked 1 reclaim candidate 0 type array 1
[367.320s][debug][gc,humongous      ] GC(33003) Humongous region 743 (object size 1048592 @ 0x00000000ae700000) remset 0 code roots 0 marked 1 reclaim candidate 0 type array 1
[367.320s][debug][gc,humongous      ] GC(33003) Humongous region 135 (object size 1048592 @ 0x0000000088700000) remset 0 code roots 0 marked 1 reclaim candidate 0 type array 1
[367.320s][debug][gc,humongous      ] GC(33003) Humongous region 1657 (object size 1048592 @ 0x00000000e7900000) remset 0 code roots 0 marked 1 reclaim candidate 0 type array 1
[367.318s][debug][gc,humongous      ] GC(33003) Humongous region 87 (object size 1048592 @ 0x0000000085700000) remset 0 code roots 0 marked 1 reclaim candidate 1 type array 1
[367.320s][debug][gc,humongous      ] GC(33003) Humongous region 1659 (object size 1048592 @ 0x00000000e7b00000) remset 0 code roots 0 marked 1 reclaim candidate 0 type array 1
[367.320s][debug][gc,humongous      ] GC(33003) Humongous region 901 (object size 1048592 @ 0x00000000b8500000) remset 0 code roots 0 marked 1 reclaim candidate 0 type array 1
[367.320s][debug][gc,humongous      ] GC(33003) Humongous region 1661 (object size 1048592 @ 0x00000000e7d00000) remset 0 code roots 0 marked 1 reclaim candidate 0 type array 1
[367.320s][debug][gc,humongous      ] GC(33003) Humongous region 903 (object size 1048592 @ 0x00000000b8700000) remset 0 code roots 0 marked 1 reclaim candidate 0 type array 1
[367.320s][debug][gc,humongous      ] GC(33003) Humongous region 1022 (object size 1048592 @ 0x00000000bfe00000) remset 0 code roots 0 marked 1 reclaim candidate 0 type array 1
[367.320s][debug][gc,humongous      ] GC(33003) Humongous region 745 (object size 1048592 @ 0x00000000ae900000) remset 0 code roots 0 marked 1 reclaim candidate 0 type array 1
[367.320s][debug][gc,humongous      ] GC(33003) Humongous region 749 (object size 1048592 @ 0x00000000aed00000) remset 0 code roots 0 marked 1 reclaim candidate 0 type array 1
[367.320s][debug][gc,humongous      ] GC(33003) Humongous region 149 (object size 1048592 @ 0x0000000089500000) remset 0 code roots 0 marked 1 reclaim candidate 0 type array 1
[367.320s][debug][gc,humongous      ] GC(33003) Humongous region 751 (object size 1048592 @ 0x00000000aef00000) remset 0 code roots 0 marked 1 reclaim candidate 0 type array 1
[367.320s][debug][gc,humongous      ] GC(33003) Humongous region 153 (object size 1048592 @ 0x0000000089900000) remset 0 code roots 0 marked 1 reclaim candidate 0 type array 1
[367.318s][debug][gc,humongous      ] GC(33003) Humongous region 1525 (object size 1048592 @ 0x00000000df500000) remset 0 code roots 0 marked 1 reclaim candidate 0 type array 1
[367.320s][debug][gc,humongous      ] GC(33003) Humongous region 151 (object size 1048592 @ 0x0000000089700000) remset 0 code roots 0 marked 1 reclaim candidate 0 type array 1
[367.320s][debug][gc,humongous      ] GC(33003) Humongous region 735 (object size 1048592 @ 0x00000000adf00000) remset 0 code roots 0 marked 1 reclaim candidate 0 type array 1
[367.320s][debug][gc,humongous      ] GC(33003) Humongous region 147 (object size 1048592 @ 0x0000000089300000) remset 0 code roots 0 marked 1 reclaim candidate 0 type array 1
[367.320s][debug][gc,humongous      ] GC(33003) Humongous region 756 (object size 1048592 @ 0x00000000af400000) remset 0 code roots 0 marked 1 reclaim candidate 0 type array 1
[367.320s][debug][gc,humongous      ] GC(33003) Humongous region 235 (object size 1048592 @ 0x000000008eb00000) remset 0 code roots 0 marked 1 reclaim candidate 0 type array 1
[367.319s][debug][gc,humongous      ] GC(33003) Humongous region 231 (object size 1048592 @ 0x000000008e700000) remset 0 code roots 0 marked 1 reclaim candidate 1 type array 1
[367.320s][debug][gc,humongous      ] GC(33003) Humongous region 747 (object size 1048592 @ 0x00000000aeb00000) remset 0 code roots 0 marked 1 reclaim candidate 0 type array 1
[367.320s][debug][gc,humongous      ] GC(33003) Humongous region 760 (object size 1048592 @ 0x00000000af800000) remset 0 code roots 0 marked 1 reclaim candidate 0 type array 1
[367.320s][debug][gc,humongous      ] GC(33003) Humongous region 754 (object size 1048592 @ 0x00000000af200000) remset 0 code roots 0 marked 1 reclaim candidate 0 type array 1
[367.320s][debug][gc,humongous      ] GC(33003) Humongous region 762 (object size 1048592 @ 0x00000000afa00000) remset 0 code roots 0 marked 1 reclaim candidate 0 type array 1
[367.320s][debug][gc,humongous      ] GC(33003) Humongous region 1367 (object size 1048592 @ 0x00000000d5700000) remset 0 code roots 0 marked 0 reclaim candidate 1 type array 1
[367.320s][debug][gc,humongous      ] GC(33003) Humongous region 766 (object size 1048592 @ 0x00000000afe00000) remset 0 code roots 0 marked 0 reclaim candidate 0 type array 1
[367.320s][debug][gc,humongous      ] GC(33003) Humongous region 1527 (object size 1048592 @ 0x00000000df700000) remset 0 code roots 0 marked 1 reclaim candidate 0 type array 1
[367.320s][debug][gc,humongous      ] GC(33003) Humongous region 155 (object size 1048592 @ 0x0000000089b00000) remset 0 code roots 0 marked 1 reclaim candidate 0 type array 1
[367.319s][debug][gc,humongous      ] GC(33003) Humongous region 1205 (object size 1048592 @ 0x00000000cb500000) remset 0 code roots 0 marked 1 reclaim candidate 0 type array 1
[367.321s][debug][gc,humongous      ] GC(33003) Humongous region 1207 (object size 1048592 @ 0x00000000cb700000) remset 0 code roots 0 marked 1 reclaim candidate 0 type array 1
[367.321s][debug][gc,humongous      ] GC(33003) Humongous region 1210 (object size 1048592 @ 0x00000000cba00000) remset 0 code roots 0 marked 1 reclaim candidate 0 type array 1
[367.321s][debug][gc,humongous      ] GC(33003) Humongous region 1212 (object size 1048592 @ 0x00000000cbc00000) remset 0 code roots 0 marked 1 reclaim candidate 0 type array 1
[367.321s][debug][gc,humongous      ] GC(33003) Humongous region 1214 (object size 1048592 @ 0x00000000cbe00000) remset 0 code roots 0 marked 1 reclaim candidate 0 type array 1
[367.321s][debug][gc,humongous      ] GC(33003) Humongous region 1216 (object size 1048592 @ 0x00000000cc000000) remset 0 code roots 0 marked 1 reclaim candidate 0 type array 1
[367.321s][debug][gc,humongous      ] GC(33003) Humongous region 1218 (object size 1048592 @ 0x00000000cc200000) remset 0 code roots 0 marked 1 reclaim candidate 0 type array 1
[367.321s][debug][gc,humongous      ] GC(33003) Humongous region 1220 (object size 1048592 @ 0x00000000cc400000) remset 0 code roots 0 marked 1 reclaim candidate 0 type array 1
[367.321s][debug][gc,humongous      ] GC(33003) Humongous region 1222 (object size 1048592 @ 0x00000000cc600000) remset 0 code roots 0 marked 1 reclaim candidate 0 type array 1
[367.321s][debug][gc,humongous      ] GC(33003) Humongous region 1529 (object size 1048592 @ 0x00000000df900000) remset 0 code roots 0 marked 1 reclaim candidate 0 type array 1
[367.321s][debug][gc,humongous      ] GC(33003) Humongous region 1224 (object size 1048592 @ 0x00000000cc800000) remset 0 code roots 0 marked 1 reclaim candidate 0 type array 1
[367.321s][debug][gc,humongous      ] GC(33003) Humongous region 1531 (object size 1048592 @ 0x00000000dfb00000) remset 0 code roots 0 marked 0 reclaim candidate 0 type array 1
[367.321s][debug][gc,humongous      ] GC(33003) Humongous region 1226 (object size 1048592 @ 0x00000000cca00000) remset 0 code roots 0 marked 1 reclaim candidate 0 type array 1
[367.321s][debug][gc,humongous      ] GC(33003) Humongous region 1533 (object size 1048592 @ 0x00000000dfd00000) remset 0 code roots 0 marked 1 reclaim candidate 0 type array 1
[367.321s][debug][gc,humongous      ] GC(33003) Humongous region 1228 (object size 1048592 @ 0x00000000ccc00000) remset 0 code roots 0 marked 1 reclaim candidate 0 type array 1
[367.321s][debug][gc,humongous      ] GC(33003) Humongous region 1535 (object size 1048592 @ 0x00000000dff00000) remset 0 code roots 0 marked 1 reclaim candidate 0 type array 1
[367.320s][debug][gc,humongous      ] GC(33003) Humongous region 758 (object size 1048592 @ 0x00000000af600000) remset 0 code roots 0 marked 1 reclaim candidate 0 type array 1
[367.320s][debug][gc,humongous      ] GC(33003) Humongous region 233 (object size 1048592 @ 0x000000008e900000) remset 0 code roots 0 marked 1 reclaim candidate 0 type array 1
[367.321s][debug][gc,humongous      ] GC(33003) Humongous region 1537 (object size 1048592 @ 0x00000000e0100000) remset 0 code roots 0 marked 1 reclaim candidate 0 type array 1
[367.321s][debug][gc,humongous      ] GC(33003) Humongous region 770 (object size 1048592 @ 0x00000000b0200000) remset 0 code roots 0 marked 0 reclaim candidate 0 type array 1
[367.321s][debug][gc,humongous      ] GC(33003) Humongous region 768 (object size 1048592 @ 0x00000000b0000000) remset 0 code roots 0 marked 1 reclaim candidate 0 type array 1
[367.321s][debug][gc,humongous      ] GC(33003) Humongous region 774 (object size 1048592 @ 0x00000000b0600000) remset 0 code roots 0 marked 1 reclaim candidate 0 type array 1
[367.320s][debug][gc,humongous      ] GC(33003) Humongous region 905 (object size 1048592 @ 0x00000000b8900000) remset 0 code roots 0 marked 1 reclaim candidate 0 type array 1
[367.321s][debug][gc,humongous      ] GC(33003) Humongous region 776 (object size 1048592 @ 0x00000000b0800000) remset 0 code roots 0 marked 1 reclaim candidate 0 type array 1
[367.321s][debug][gc,humongous      ] GC(33003) Humongous region 907 (object size 1048592 @ 0x00000000b8b00000) remset 0 code roots 0 marked 1 reclaim candidate 0 type array 1
[367.321s][debug][gc,humongous      ] GC(33003) Humongous region 778 (object size 1048592 @ 0x00000000b0a00000) remset 0 code roots 0 marked 1 reclaim candidate 0 type array 1
[367.321s][debug][gc,humongous      ] GC(33003) Humongous region 1230 (object size 1048592 @ 0x00000000cce00000) remset 0 code roots 0 marked 1 reclaim candidate 0 type array 1
[367.321s][debug][gc,humongous      ] GC(33003) Humongous region 1232 (object size 1048592 @ 0x00000000cd000000) remset 0 code roots 0 marked 1 reclaim candidate 0 type array 1
[367.320s][debug][gc,humongous      ] GC(33003) Humongous region 237 (object size 1048592 @ 0x000000008ed00000) remset 0 code roots 0 marked 1 reclaim candidate 0 type array 1
[367.321s][debug][gc,humongous      ] GC(33003) Humongous region 1539 (object size 1048592 @ 0x00000000e0300000) remset 0 code roots 0 marked 1 reclaim candidate 0 type array 1
[367.321s][debug][gc,humongous      ] GC(33003) Humongous region 1541 (object size 1048592 @ 0x00000000e0500000) remset 0 code roots 0 marked 1 reclaim candidate 0 type array 1
[367.321s][debug][gc,humongous      ] GC(33003) Humongous region 772 (object size 1048592 @ 0x00000000b0400000) remset 0 code roots 0 marked 1 reclaim candidate 0 type array 1
[367.321s][debug][gc,humongous      ] GC(33003) Humongous region 1543 (object size 1048592 @ 0x00000000e0700000) remset 0 code roots 0 marked 1 reclaim candidate 0 type array 1
[367.321s][debug][gc,humongous      ] GC(33003) Humongous region 782 (object size 1048592 @ 0x00000000b0e00000) remset 0 code roots 0 marked 1 reclaim candidate 0 type array 1
[367.321s][debug][gc,humongous      ] GC(33003) Humongous region 242 (object size 1048592 @ 0x000000008f200000) remset 0 code roots 0 marked 1 reclaim candidate 0 type array 1
[367.321s][debug][gc,humongous      ] GC(33003) Humongous region 1545 (object size 1048592 @ 0x00000000e0900000) remset 0 code roots 0 marked 1 reclaim candidate 0 type array 1
[367.321s][debug][gc,humongous      ] GC(33003) Humongous region 780 (object size 1048592 @ 0x00000000b0c00000) remset 0 code roots 0 marked 1 reclaim candidate 0 type array 1
[367.321s][debug][gc,humongous      ] GC(33003) Humongous region 909 (object size 1048592 @ 0x00000000b8d00000) remset 0 code roots 0 marked 1 reclaim candidate 0 type array 1
[367.321s][debug][gc,humongous      ] GC(33003) Humongous region 786 (object size 1048592 @ 0x00000000b1200000) remset 0 code roots 0 marked 1 reclaim candidate 0 type array 1
[367.321s][debug][gc,humongous      ] GC(33003) Humongous region 911 (object size 1048592 @ 0x00000000b8f00000) remset 0 code roots 0 marked 1 reclaim candidate 0 type array 1
[367.320s][debug][gc,humongous      ] GC(33003) Humongous region 239 (object size 1048592 @ 0x000000008ef00000) remset 0 code roots 0 marked 1 reclaim candidate 0 type array 1
[367.321s][debug][gc,humongous      ] GC(33003) Humongous region 913 (object size 1048592 @ 0x00000000b9100000) remset 0 code roots 0 marked 1 reclaim candidate 0 type array 1
[367.321s][debug][gc,humongous      ] GC(33003) Humongous region 246 (object size 1048592 @ 0x000000008f600000) remset 0 code roots 0 marked 1 reclaim candidate 0 type array 1
[367.321s][debug][gc,humongous      ] GC(33003) Humongous region 917 (object size 1048592 @ 0x00000000b9500000) remset 0 code roots 0 marked 1 reclaim candidate 0 type array 1
[367.321s][debug][gc,humongous      ] GC(33003) Humongous region 919 (object size 1048592 @ 0x00000000b9700000) remset 0 code roots 0 marked 1 reclaim candidate 0 type array 1
[367.321s][debug][gc,humongous      ] GC(33003) Humongous region 244 (object size 1048592 @ 0x000000008f400000) remset 0 code roots 0 marked 1 reclaim candidate 0 type array 1
[367.321s][debug][gc,humongous      ] GC(33003) Humongous region 784 (object size 1048592 @ 0x00000000b1000000) remset 0 code roots 0 marked 1 reclaim candidate 0 type array 1
[367.321s][debug][gc,humongous      ] GC(33003) Humongous region 1547 (object size 1048592 @ 0x00000000e0b00000) remset 0 code roots 0 marked 1 reclaim candidate 0 type array 1
[367.320s][debug][gc,humongous      ] GC(33003) Humongous region 764 (object size 1048592 @ 0x00000000afc00000) remset 0 code roots 0 marked 0 reclaim candidate 1 type array 1
[367.321s][debug][gc,humongous      ] GC(33003) Humongous region 925 (object size 1048592 @ 0x00000000b9d00000) remset 0 code roots 0 marked 1 reclaim candidate 0 type array 1
[367.321s][debug][gc,humongous      ] GC(33003) Humongous region 915 (object size 1048592 @ 0x00000000b9300000) remset 0 code roots 0 marked 1 reclaim candidate 0 type array 1
[367.321s][debug][gc,humongous      ] GC(33003) Humongous region 929 (object size 1048592 @ 0x00000000ba100000) remset 0 code roots 0 marked 1 reclaim candidate 0 type array 1
[367.321s][debug][gc,humongous      ] GC(33003) Humongous region 931 (object size 1048592 @ 0x00000000ba300000) remset 0 code roots 0 marked 1 reclaim candidate 0 type array 1
[367.321s][debug][gc,humongous      ] GC(33003) Humongous region 1369 (object size 1048592 @ 0x00000000d5900000) remset 0 code roots 0 marked 1 reclaim candidate 0 type array 1
[367.321s][debug][gc,humongous      ] GC(33003) Humongous region 933 (object size 1048592 @ 0x00000000ba500000) remset 0 code roots 0 marked 0 reclaim candidate 0 type array 1
[367.321s][debug][gc,humongous      ] GC(33003) Humongous region 1371 (object size 1048592 @ 0x00000000d5b00000) remset 0 code roots 0 marked 1 reclaim candidate 0 type array 1
[367.321s][debug][gc,humongous      ] GC(33003) Humongous region 935 (object size 1048592 @ 0x00000000ba700000) remset 0 code roots 0 marked 1 reclaim candidate 0 type array 1
[367.322s][debug][gc,humongous      ] GC(33003) Humongous region 1373 (object size 1048592 @ 0x00000000d5d00000) remset 0 code roots 0 marked 1 reclaim candidate 0 type array 1
[367.321s][debug][gc,humongous      ] GC(33003) Humongous region 248 (object size 1048592 @ 0x000000008f800000) remset 0 code roots 0 marked 1 reclaim candidate 0 type array 1
[367.321s][debug][gc,humongous      ] GC(33003) Humongous region 254 (object size 1048592 @ 0x000000008fe00000) remset 0 code roots 0 marked 1 reclaim candidate 0 type array 1
[367.321s][debug][gc,humongous      ] GC(33003) Humongous region 923 (object size 1048592 @ 0x00000000b9b00000) remset 0 code roots 0 marked 1 reclaim candidate 0 type array 1
[367.322s][debug][gc,humongous      ] GC(33003) Humongous region 939 (object size 1048592 @ 0x00000000bab00000) remset 0 code roots 0 marked 1 reclaim candidate 0 type array 1
[367.321s][debug][gc,humongous      ] GC(33003) Humongous region 927 (object size 1048592 @ 0x00000000b9f00000) remset 0 code roots 0 marked 1 reclaim candidate 0 type array 1
[367.322s][debug][gc,humongous      ] GC(33003) Humongous region 941 (object size 1048592 @ 0x00000000bad00000) remset 0 code roots 0 marked 1 reclaim candidate 0 type array 1
[367.321s][debug][gc,humongous      ] GC(33003) Humongous region 250 (object size 1048592 @ 0x000000008fa00000) remset 0 code roots 0 marked 1 reclaim candidate 0 type array 1
[367.321s][debug][gc,humongous      ] GC(33003) Humongous region 1234 (object size 1048592 @ 0x00000000cd200000) remset 0 code roots 0 marked 1 reclaim candidate 0 type array 1
[367.321s][debug][gc,humongous      ] GC(33003) Humongous region 252 (object size 1048592 @ 0x000000008fc00000) remset 0 code roots 0 marked 1 reclaim candidate 0 type array 1
[367.321s][debug][gc,humongous      ] GC(33003) Humongous region 921 (object size 1048592 @ 0x00000000b9900000) remset 0 code roots 0 marked 1 reclaim candidate 0 type array 1
[367.320s][debug][gc,humongous      ] GC(33003) Humongous region 1663 (object size 1048592 @ 0x00000000e7f00000) remset 0 code roots 0 marked 1 reclaim candidate 0 type array 1
[367.322s][debug][gc,humongous      ] GC(33003) Humongous region 937 (object size 1048592 @ 0x00000000ba900000) remset 0 code roots 0 marked 1 reclaim candidate 0 type array 1
[367.322s][debug][gc,humongous      ] GC(33003) Humongous region 1665 (object size 1048592 @ 0x00000000e8100000) remset 0 code roots 0 marked 1 reclaim candidate 0 type array 1
[367.322s][debug][gc,humongous      ] GC(33003) Humongous region 1030 (object size 1048592 @ 0x00000000c0600000) remset 0 code roots 0 marked 1 reclaim candidate 0 type array 1
[367.322s][debug][gc,humongous      ] GC(33003) Humongous region 1667 (object size 1048592 @ 0x00000000e8300000) remset 0 code roots 0 marked 1 reclaim candidate 0 type array 1
[367.321s][debug][gc,humongous      ] GC(33003) Humongous region 1549 (object size 1048592 @ 0x00000000e0d00000) remset 0 code roots 0 marked 1 reclaim candidate 0 type array 1
[367.320s][debug][gc,humongous      ] GC(33003) Humongous region 1024 (object size 1048592 @ 0x00000000c0000000) remset 0 code roots 0 marked 1 reclaim candidate 0 type array 1
[367.322s][debug][gc,humongous      ] GC(33003) Humongous region 943 (object size 1048592 @ 0x00000000baf00000) remset 0 code roots 0 marked 1 reclaim candidate 0 type array 1
[367.322s][debug][gc,humongous      ] GC(33003) Humongous region 1026 (object size 1048592 @ 0x00000000c0200000) remset 0 code roots 0 marked 1 reclaim candidate 0 type array 1
[367.322s][debug][gc,humongous      ] GC(33003) Humongous region 260 (object size 1048592 @ 0x0000000090400000) remset 0 code roots 0 marked 1 reclaim candidate 0 type array 1
[367.322s][debug][gc,humongous      ] GC(33003) Humongous region 1038 (object size 1048592 @ 0x00000000c0e00000) remset 0 code roots 0 marked 1 reclaim candidate 0 type array 1
[367.322s][debug][gc,humongous      ] GC(33003) Humongous region 262 (object size 1048592 @ 0x0000000090600000) remset 0 code roots 0 marked 1 reclaim candidate 0 type array 1
[367.322s][debug][gc,humongous      ] GC(33003) Humongous region 1040 (object size 1048592 @ 0x00000000c1000000) remset 0 code roots 0 marked 1 reclaim candidate 0 type array 1
[367.322s][debug][gc,humongous      ] GC(33003) Humongous region 1375 (object size 1048592 @ 0x00000000d5f00000) remset 0 code roots 0 marked 1 reclaim candidate 0 type array 1
[367.322s][debug][gc,humongous      ] GC(33003) Humongous region 256 (object size 1048592 @ 0x0000000090000000) remset 0 code roots 0 marked 1 reclaim candidate 0 type array 1
[367.322s][debug][gc,humongous      ] GC(33003) Humongous region 258 (object size 1048592 @ 0x0000000090200000) remset 0 code roots 0 marked 1 reclaim candidate 0 type array 1
[367.322s][debug][gc,humongous      ] GC(33003) Humongous region 1032 (object size 1048592 @ 0x00000000c0800000) remset 0 code roots 0 marked 0 reclaim candidate 1 type array 1
[367.322s][debug][gc,humongous      ] GC(33003) Humongous region 1669 (object size 1048592 @ 0x00000000e8500000) remset 0 code roots 0 marked 1 reclaim candidate 0 type array 1
[367.322s][debug][gc,humongous      ] GC(33003) Humongous region 1236 (object size 1048592 @ 0x00000000cd400000) remset 0 code roots 0 marked 1 reclaim candidate 0 type array 1
[367.322s][debug][gc,humongous      ] GC(33003) Humongous region 1672 (object size 1048592 @ 0x00000000e8800000) remset 0 code roots 0 marked 1 reclaim candidate 0 type array 1
[367.322s][debug][gc,humongous      ] GC(33003) Humongous region 1034 (object size 1048592 @ 0x00000000c0a00000) remset 0 code roots 0 marked 1 reclaim candidate 0 type array 1
[367.322s][debug][gc,humongous      ] GC(33003) Humongous region 1674 (object size 1048592 @ 0x00000000e8a00000) remset 0 code roots 0 marked 1 reclaim candidate 0 type array 1
[367.322s][debug][gc,humongous      ] GC(33003) Humongous region 1046 (object size 1048592 @ 0x00000000c1600000) remset 0 code roots 0 marked 1 reclaim candidate 0 type array 1
[367.322s][debug][gc,humongous      ] GC(33003) Humongous region 1676 (object size 1048592 @ 0x00000000e8c00000) remset 0 code roots 0 marked 1 reclaim candidate 0 type array 1
[367.322s][debug][gc,humongous      ] GC(33003) Humongous region 266 (object size 1048592 @ 0x0000000090a00000) remset 0 code roots 0 marked 1 reclaim candidate 0 type array 1
[367.322s][debug][gc,humongous      ] GC(33003) Humongous region 1042 (object size 1048592 @ 0x00000000c1200000) remset 0 code roots 0 marked 1 reclaim candidate 0 type array 1
[367.322s][debug][gc,humongous      ] GC(33003) Humongous region 1377 (object size 1048592 @ 0x00000000d6100000) remset 0 code roots 0 marked 1 reclaim candidate 0 type array 1
[367.322s][debug][gc,humongous      ] GC(33003) Humongous region 1050 (object size 1048592 @ 0x00000000c1a00000) remset 0 code roots 0 marked 1 reclaim candidate 0 type array 1
[367.322s][debug][gc,humongous      ] GC(33003) Humongous region 1044 (object size 1048592 @ 0x00000000c1400000) remset 0 code roots 0 marked 1 reclaim candidate 0 type array 1
[367.322s][debug][gc,humongous      ] GC(33003) Humongous region 270 (object size 1048592 @ 0x0000000090e00000) remset 0 code roots 0 marked 1 reclaim candidate 0 type array 1
[367.322s][debug][gc,humongous      ] GC(33003) Humongous region 1238 (object size 1048592 @ 0x00000000cd600000) remset 0 code roots 0 marked 1 reclaim candidate 0 type array 1
[367.322s][debug][gc,humongous      ] GC(33003) Humongous region 1551 (object size 1048592 @ 0x00000000e0f00000) remset 0 code roots 0 marked 1 reclaim candidate 0 type array 1
[367.322s][debug][gc,humongous      ] GC(33003) Humongous region 1036 (object size 1048592 @ 0x00000000c0c00000) remset 0 code roots 0 marked 1 reclaim candidate 0 type array 1
[367.322s][debug][gc,humongous      ] GC(33003) Humongous region 264 (object size 1048592 @ 0x0000000090800000) remset 0 code roots 0 marked 0 reclaim candidate 0 type array 1
[367.322s][debug][gc,humongous      ] GC(33003) Humongous region 1028 (object size 1048592 @ 0x00000000c0400000) remset 0 code roots 0 marked 1 reclaim candidate 0 type array 1
[367.322s][debug][gc,humongous      ] GC(33003) Humongous region 1056 (object size 1048592 @ 0x00000000c2000000) remset 0 code roots 0 marked 1 reclaim candidate 0 type array 1
[367.322s][debug][gc,humongous      ] GC(33003) Humongous region 276 (object size 1048592 @ 0x0000000091400000) remset 0 code roots 0 marked 1 reclaim candidate 0 type array 1
[367.322s][debug][gc,humongous      ] GC(33003) Humongous region 1060 (object size 1048592 @ 0x00000000c2400000) remset 0 code roots 0 marked 0 reclaim candidate 1 type array 1
[367.322s][debug][gc,humongous      ] GC(33003) Humongous region 278 (object size 1048592 @ 0x0000000091600000) remset 0 code roots 0 marked 1 reclaim candidate 0 type array 1
[367.322s][debug][gc,humongous      ] GC(33003) Humongous region 1379 (object size 1048592 @ 0x00000000d6300000) remset 0 code roots 0 marked 1 reclaim candidate 0 type array 1
[367.322s][debug][gc,humongous      ] GC(33003) Humongous region 280 (object size 1048592 @ 0x0000000091800000) remset 0 code roots 0 marked 1 reclaim candidate 0 type array 1
[367.322s][debug][gc,humongous      ] GC(33003) Humongous region 1054 (object size 1048592 @ 0x00000000c1e00000) remset 0 code roots 0 marked 0 reclaim candidate 1 type array 1
[367.322s][debug][gc,humongous      ] GC(33003) Humongous region 274 (object size 1048592 @ 0x0000000091200000) remset 0 code roots 0 marked 1 reclaim candidate 0 type array 1
[367.322s][debug][gc,humongous      ] GC(33003) Humongous region 1240 (object size 1048592 @ 0x00000000cd800000) remset 0 code roots 0 marked 1 reclaim candidate 0 type array 1
[367.322s][debug][gc,humongous      ] GC(33003) Humongous region 1553 (object size 1048592 @ 0x00000000e1100000) remset 0 code roots 0 marked 1 reclaim candidate 0 type array 1
[367.322s][debug][gc,humongous      ] GC(33003) Humongous region 1242 (object size 1048592 @ 0x00000000cda00000) remset 0 code roots 0 marked 1 reclaim candidate 0 type array 1
[367.322s][debug][gc,humongous      ] GC(33003) Humongous region 1678 (object size 1048592 @ 0x00000000e8e00000) remset 0 code roots 0 marked 1 reclaim candidate 0 type array 1
[367.322s][debug][gc,humongous      ] GC(33003) Humongous region 1244 (object size 1048592 @ 0x00000000cdc00000) remset 0 code roots 0 marked 1 reclaim candidate 0 type array 1
[367.322s][debug][gc,humongous      ] GC(33003) Humongous region 268 (object size 1048592 @ 0x0000000090c00000) remset 0 code roots 0 marked 1 reclaim candidate 0 type array 1
[367.322s][debug][gc,humongous      ] GC(33003) Humongous region 1246 (object size 1048592 @ 0x00000000cde00000) remset 0 code roots 0 marked 1 reclaim candidate 0 type array 1
[367.322s][debug][gc,humongous      ] GC(33003) Humongous region 1052 (object size 1048592 @ 0x00000000c1c00000) remset 0 code roots 0 marked 1 reclaim candidate 0 type array 1
[367.322s][debug][gc,humongous      ] GC(33003) Humongous region 272 (object size 1048592 @ 0x0000000091000000) remset 0 code roots 0 marked 1 reclaim candidate 1 type array 1
[367.322s][debug][gc,humongous      ] GC(33003) Humongous region 1381 (object size 1048592 @ 0x00000000d6500000) remset 0 code roots 0 marked 1 reclaim candidate 0 type array 1
[367.322s][debug][gc,humongous      ] GC(33003) Humongous region 288 (object size 1048592 @ 0x0000000092000000) remset 0 code roots 0 marked 1 reclaim candidate 0 type array 1
[367.322s][debug][gc,humongous      ] GC(33003) Humongous region 1383 (object size 1048592 @ 0x00000000d6700000) remset 0 code roots 0 marked 1 reclaim candidate 0 type array 1
[367.322s][debug][gc,humongous      ] GC(33003) Humongous region 284 (object size 1048592 @ 0x0000000091c00000) remset 0 code roots 0 marked 1 reclaim candidate 0 type array 1
[367.322s][debug][gc,humongous      ] GC(33003) Humongous region 1048 (object size 1048592 @ 0x00000000c1800000) remset 0 code roots 0 marked 1 reclaim candidate 0 type array 1
[367.322s][debug][gc,humongous      ] GC(33003) Humongous region 1555 (object size 1048592 @ 0x00000000e1300000) remset 0 code roots 0 marked 1 reclaim candidate 0 type array 1
[367.322s][debug][gc,humongous      ] GC(33003) Humongous region 292 (object size 1048592 @ 0x0000000092400000) remset 0 code roots 0 marked 1 reclaim candidate 0 type array 1
[367.322s][debug][gc,humongous      ] GC(33003) Humongous region 1069 (object size 1048592 @ 0x00000000c2d00000) remset 0 code roots 0 marked 1 reclaim candidate 0 type array 1
[367.322s][debug][gc,humongous      ] GC(33003) Humongous region 1680 (object size 1048592 @ 0x00000000e9000000) remset 0 code roots 0 marked 1 reclaim candidate 0 type array 1
[367.322s][debug][gc,humongous      ] GC(33003) Humongous region 286 (object size 1048592 @ 0x0000000091e00000) remset 0 code roots 0 marked 1 reclaim candidate 0 type array 1
[367.322s][debug][gc,humongous      ] GC(33003) Humongous region 1682 (object size 1048592 @ 0x00000000e9200000) remset 0 code roots 0 marked 1 reclaim candidate 0 type array 1
[367.322s][debug][gc,humongous      ] GC(33003) Humongous region 1067 (object size 1048592 @ 0x00000000c2b00000) remset 0 code roots 0 marked 1 reclaim candidate 0 type array 1
[367.322s][debug][gc,humongous      ] GC(33003) Humongous region 282 (object size 1048592 @ 0x0000000091a00000) remset 0 code roots 0 marked 1 reclaim candidate 0 type array 1
[367.322s][debug][gc,humongous      ] GC(33003) Humongous region 1065 (object size 1048592 @ 0x00000000c2900000) remset 0 code roots 0 marked 1 reclaim candidate 0 type array 1
[367.322s][debug][gc,humongous      ] GC(33003) Humongous region 290 (object size 1048592 @ 0x0000000092200000) remset 0 code roots 0 marked 1 reclaim candidate 0 type array 1
[367.322s][debug][gc,humongous      ] GC(33003) Humongous region 1385 (object size 1048592 @ 0x00000000d6900000) remset 0 code roots 0 marked 1 reclaim candidate 0 type array 1
[367.322s][debug][gc,humongous      ] GC(33003) Humongous region 1557 (object size 1048592 @ 0x00000000e1500000) remset 0 code roots 0 marked 1 reclaim candidate 0 type array 1
[367.322s][debug][gc,humongous      ] GC(33003) Humongous region 1387 (object size 1048592 @ 0x00000000d6b00000) remset 0 code roots 0 marked 1 reclaim candidate 0 type array 1
[367.322s][debug][gc,humongous      ] GC(33003) Humongous region 1071 (object size 1048592 @ 0x00000000c2f00000) remset 0 code roots 0 marked 1 reclaim candidate 0 type array 1
[367.322s][debug][gc,humongous      ] GC(33003) Humongous region 1559 (object size 1048592 @ 0x00000000e1700000) remset 0 code roots 0 marked 1 reclaim candidate 0 type array 1
[367.322s][debug][gc,humongous      ] GC(33003) Humongous region 297 (object size 1048592 @ 0x0000000092900000) remset 0 code roots 0 marked 1 reclaim candidate 0 type array 1
[367.322s][debug][gc,humongous      ] GC(33003) Humongous region 303 (object size 1048592 @ 0x0000000092f00000) remset 0 code roots 0 marked 1 reclaim candidate 0 type array 1
[367.322s][debug][gc,humongous      ] GC(33003) Humongous region 1561 (object size 1048592 @ 0x00000000e1900000) remset 0 code roots 0 marked 1 reclaim candidate 0 type array 1
[367.322s][debug][gc,humongous      ] GC(33003) Humongous region 1684 (object size 1048592 @ 0x00000000e9400000) remset 0 code roots 0 marked 1 reclaim candidate 0 type array 1
[367.322s][debug][gc,humongous      ] GC(33003) Humongous region 1073 (object size 1048592 @ 0x00000000c3100000) remset 0 code roots 0 marked 1 reclaim candidate 0 type array 1
[367.322s][debug][gc,humongous      ] GC(33003) Humongous region 299 (object size 1048592 @ 0x0000000092b00000) remset 0 code roots 0 marked 1 reclaim candidate 0 type array 1
[367.322s][debug][gc,humongous      ] GC(33003) Humongous region 1075 (object size 1048592 @ 0x00000000c3300000) remset 0 code roots 0 marked 1 reclaim candidate 0 type array 1
[367.322s][debug][gc,humongous      ] GC(33003) Humongous region 1058 (object size 1048592 @ 0x00000000c2200000) remset 0 code roots 0 marked 0 reclaim candidate 1 type array 1
[367.322s][debug][gc,humongous      ] GC(33003) Humongous region 1081 (object size 1048592 @ 0x00000000c3900000) remset 0 code roots 0 marked 1 reclaim candidate 0 type array 1
[367.322s][debug][gc,humongous      ] GC(33003) Humongous region 1083 (object size 1048592 @ 0x00000000c3b00000) remset 0 code roots 0 marked 1 reclaim candidate 0 type array 1
[367.322s][debug][gc,humongous      ] GC(33003) Humongous region 1085 (object size 1048592 @ 0x00000000c3d00000) remset 0 code roots 0 marked 1 reclaim candidate 0 type array 1
[367.322s][debug][gc,humongous      ] GC(33003) Humongous region 1389 (object size 1048592 @ 0x00000000d6d00000) remset 0 code roots 0 marked 1 reclaim candidate 0 type array 1
[367.322s][debug][gc,humongous      ] GC(33003) Humongous region 1089 (object size 1048592 @ 0x00000000c4100000) remset 0 code roots 0 marked 1 reclaim candidate 0 type array 1
[367.322s][debug][gc,humongous      ] GC(33003) Humongous region 1248 (object size 1048592 @ 0x00000000ce000000) remset 0 code roots 0 marked 1 reclaim candidate 0 type array 1
[367.322s][debug][gc,humongous      ] GC(33003) Humongous region 305 (object size 1048592 @ 0x0000000093100000) remset 0 code roots 0 marked 1 reclaim candidate 0 type array 1
[367.322s][debug][gc,humongous      ] GC(33003) Humongous region 1563 (object size 1048592 @ 0x00000000e1b00000) remset 0 code roots 0 marked 1 reclaim candidate 0 type array 1
[367.323s][debug][gc,humongous      ] GC(33003) Humongous region 309 (object size 1048592 @ 0x0000000093500000) remset 0 code roots 0 marked 1 reclaim candidate 0 type array 1
[367.323s][debug][gc,humongous      ] GC(33003) Humongous region 1565 (object size 1048592 @ 0x00000000e1d00000) remset 0 code roots 0 marked 1 reclaim candidate 0 type array 1
[367.323s][debug][gc,humongous      ] GC(33003) Humongous region 311 (object size 1048592 @ 0x0000000093700000) remset 0 code roots 0 marked 1 reclaim candidate 0 type array 1
[367.323s][debug][gc,humongous      ] GC(33003) Humongous region 313 (object size 1048592 @ 0x0000000093900000) remset 0 code roots 0 marked 1 reclaim candidate 0 type array 1
[367.322s][debug][gc,humongous      ] GC(33003) Humongous region 1077 (object size 1048592 @ 0x00000000c3500000) remset 0 code roots 0 marked 1 reclaim candidate 0 type array 1
[367.323s][debug][gc,humongous      ] GC(33003) Humongous region 1093 (object size 1048592 @ 0x00000000c4500000) remset 0 code roots 0 marked 1 reclaim candidate 0 type array 1
[367.322s][debug][gc,humongous      ] GC(33003) Humongous region 1087 (object size 1048592 @ 0x00000000c3f00000) remset 0 code roots 0 marked 1 reclaim candidate 0 type array 1
[367.323s][debug][gc,humongous      ] GC(33003) Humongous region 1099 (object size 1048592 @ 0x00000000c4b00000) remset 0 code roots 0 marked 1 reclaim candidate 0 type array 1
[367.323s][debug][gc,humongous      ] GC(33003) Humongous region 1101 (object size 1048592 @ 0x00000000c4d00000) remset 0 code roots 0 marked 1 reclaim candidate 0 type array 1
[367.323s][debug][gc,humongous      ] GC(33003) Humongous region 1252 (object size 1048592 @ 0x00000000ce400000) remset 0 code roots 0 marked 1 reclaim candidate 0 type array 1
[367.323s][debug][gc,humongous      ] GC(33003) Humongous region 1254 (object size 1048592 @ 0x00000000ce600000) remset 0 code roots 0 marked 1 reclaim candidate 0 type array 1
[367.323s][debug][gc,humongous      ] GC(33003) Humongous region 1256 (object size 1048592 @ 0x00000000ce800000) remset 0 code roots 0 marked 1 reclaim candidate 0 type array 1
[367.323s][debug][gc,humongous      ] GC(33003) Humongous region 1258 (object size 1048592 @ 0x00000000cea00000) remset 0 code roots 0 marked 1 reclaim candidate 0 type array 1
[367.323s][debug][gc,humongous      ] GC(33003) Humongous region 1393 (object size 1048592 @ 0x00000000d7100000) remset 0 code roots 0 marked 1 reclaim candidate 0 type array 1
[367.323s][debug][gc,humongous      ] GC(33003) Humongous region 1395 (object size 1048592 @ 0x00000000d7300000) remset 0 code roots 0 marked 1 reclaim candidate 0 type array 1
[367.323s][debug][gc,humongous      ] GC(33003) Humongous region 1397 (object size 1048592 @ 0x00000000d7500000) remset 0 code roots 0 marked 1 reclaim candidate 0 type array 1
[367.323s][debug][gc,humongous      ] GC(33003) Humongous region 1399 (object size 1048592 @ 0x00000000d7700000) remset 0 code roots 0 marked 1 reclaim candidate 0 type array 1
[367.323s][debug][gc,humongous      ] GC(33003) Humongous region 1401 (object size 1048592 @ 0x00000000d7900000) remset 0 code roots 0 marked 1 reclaim candidate 0 type array 1
[367.323s][debug][gc,humongous      ] GC(33003) Humongous region 1403 (object size 1048592 @ 0x00000000d7b00000) remset 0 code roots 0 marked 1 reclaim candidate 0 type array 1
[367.323s][debug][gc,humongous      ] GC(33003) Humongous region 1405 (object size 1048592 @ 0x00000000d7d00000) remset 0 code roots 0 marked 1 reclaim candidate 0 type array 1
[367.323s][debug][gc,humongous      ] GC(33003) Humongous region 1407 (object size 1048592 @ 0x00000000d7f00000) remset 0 code roots 0 marked 1 reclaim candidate 0 type array 1
[367.323s][debug][gc,humongous      ] GC(33003) Humongous region 1409 (object size 1048592 @ 0x00000000d8100000) remset 0 code roots 0 marked 1 reclaim candidate 0 type array 1
[367.323s][debug][gc,humongous      ] GC(33003) Humongous region 1411 (object size 1048592 @ 0x00000000d8300000) remset 0 code roots 0 marked 1 reclaim candidate 0 type array 1
[367.323s][debug][gc,humongous      ] GC(33003) Humongous region 1413 (object size 1048592 @ 0x00000000d8500000) remset 0 code roots 0 marked 1 reclaim candidate 0 type array 1
[367.323s][debug][gc,humongous      ] GC(33003) Humongous region 1415 (object size 1048592 @ 0x00000000d8700000) remset 0 code roots 0 marked 0 reclaim candidate 0 type array 1
[367.323s][debug][gc,humongous      ] GC(33003) Humongous region 1569 (object size 1048592 @ 0x00000000e2100000) remset 0 code roots 0 marked 1 reclaim candidate 0 type array 1
[367.323s][debug][gc,humongous      ] GC(33003) Humongous region 1571 (object size 1048592 @ 0x00000000e2300000) remset 0 code roots 0 marked 1 reclaim candidate 0 type array 1
[367.323s][debug][gc,humongous      ] GC(33003) Humongous region 1573 (object size 1048592 @ 0x00000000e2500000) remset 0 code roots 0 marked 1 reclaim candidate 0 type array 1
[367.323s][debug][gc,humongous      ] GC(33003) Humongous region 1688 (object size 1048592 @ 0x00000000e9800000) remset 0 code roots 0 marked 1 reclaim candidate 0 type array 1
[367.323s][debug][gc,humongous      ] GC(33003) Humongous region 1690 (object size 1048592 @ 0x00000000e9a00000) remset 0 code roots 0 marked 1 reclaim candidate 0 type array 1
[367.323s][debug][gc,humongous      ] GC(33003) Humongous region 1692 (object size 1048592 @ 0x00000000e9c00000) remset 0 code roots 0 marked 1 reclaim candidate 0 type array 1
[367.323s][debug][gc,humongous      ] GC(33003) Humongous region 1694 (object size 1048592 @ 0x00000000e9e00000) remset 0 code roots 0 marked 1 reclaim candidate 0 type array 1
[367.323s][debug][gc,humongous      ] GC(33003) Humongous region 1696 (object size 1048592 @ 0x00000000ea000000) remset 0 code roots 0 marked 1 reclaim candidate 0 type array 1
[367.323s][debug][gc,humongous      ] GC(33003) Humongous region 1698 (object size 1048592 @ 0x00000000ea200000) remset 0 code roots 0 marked 1 reclaim candidate 0 type array 1
[367.323s][debug][gc,humongous      ] GC(33003) Humongous region 1700 (object size 1048592 @ 0x00000000ea400000) remset 0 code roots 0 marked 1 reclaim candidate 0 type array 1
[367.323s][debug][gc,humongous      ] GC(33003) Humongous region 1702 (object size 1048592 @ 0x00000000ea600000) remset 0 code roots 0 marked 1 reclaim candidate 0 type array 1
[367.323s][debug][gc,humongous      ] GC(33003) Humongous region 1704 (object size 1048592 @ 0x00000000ea800000) remset 0 code roots 0 marked 1 reclaim candidate 0 type array 1
[367.323s][debug][gc,humongous      ] GC(33003) Humongous region 1706 (object size 1048592 @ 0x00000000eaa00000) remset 0 code roots 0 marked 1 reclaim candidate 0 type array 1
[367.323s][debug][gc,humongous      ] GC(33003) Humongous region 1708 (object size 1048592 @ 0x00000000eac00000) remset 0 code roots 0 marked 1 reclaim candidate 0 type array 1
[367.323s][debug][gc,humongous      ] GC(33003) Humongous region 1710 (object size 1048592 @ 0x00000000eae00000) remset 0 code roots 0 marked 1 reclaim candidate 0 type array 1
[367.323s][debug][gc,humongous      ] GC(33003) Humongous region 1712 (object size 1048592 @ 0x00000000eb000000) remset 0 code roots 0 marked 1 reclaim candidate 0 type array 1
[367.323s][debug][gc,humongous      ] GC(33003) Humongous region 1714 (object size 1048592 @ 0x00000000eb200000) remset 0 code roots 0 marked 1 reclaim candidate 0 type array 1
[367.323s][debug][gc,humongous      ] GC(33003) Humongous region 1716 (object size 1048592 @ 0x00000000eb400000) remset 0 code roots 0 marked 1 reclaim candidate 0 type array 1
[367.323s][debug][gc,humongous      ] GC(33003) Humongous region 1718 (object size 1048592 @ 0x00000000eb600000) remset 0 code roots 0 marked 1 reclaim candidate 0 type array 1
[367.323s][debug][gc,humongous      ] GC(33003) Humongous region 1720 (object size 1048592 @ 0x00000000eb800000) remset 0 code roots 0 marked 1 reclaim candidate 0 type array 1
[367.323s][debug][gc,humongous      ] GC(33003) Humongous region 1722 (object size 1048592 @ 0x00000000eba00000) remset 0 code roots 0 marked 1 reclaim candidate 0 type array 1
[367.323s][debug][gc,humongous      ] GC(33003) Humongous region 1724 (object size 1048592 @ 0x00000000ebc00000) remset 0 code roots 0 marked 1 reclaim candidate 0 type array 1
[367.323s][debug][gc,humongous      ] GC(33003) Humongous region 1726 (object size 1048592 @ 0x00000000ebe00000) remset 0 code roots 0 marked 1 reclaim candidate 0 type array 1
[367.324s][debug][gc,humongous      ] GC(33003) Humongous region 1728 (object size 1048592 @ 0x00000000ec000000) remset 0 code roots 0 marked 1 reclaim candidate 0 type array 1
[367.324s][debug][gc,humongous      ] GC(33003) Humongous region 1730 (object size 1048592 @ 0x00000000ec200000) remset 0 code roots 0 marked 1 reclaim candidate 0 type array 1
[367.322s][debug][gc,humongous      ] GC(33003) Humongous region 1063 (object size 1048592 @ 0x00000000c2700000) remset 0 code roots 0 marked 1 reclaim candidate 0 type array 1
[367.323s][debug][gc,humongous      ] GC(33003) Humongous region 1095 (object size 1048592 @ 0x00000000c4700000) remset 0 code roots 0 marked 0 reclaim candidate 1 type array 1
[367.323s][debug][gc,humongous      ] GC(33003) Humongous region 1097 (object size 1048592 @ 0x00000000c4900000) remset 0 code roots 0 marked 1 reclaim candidate 0 type array 1
[367.322s][debug][gc,humongous      ] GC(33003) Humongous region 1391 (object size 1048592 @ 0x00000000d6f00000) remset 0 code roots 0 marked 1 reclaim candidate 0 type array 1
[367.322s][debug][gc,humongous      ] GC(33003) Humongous region 294 (object size 1048592 @ 0x0000000092600000) remset 0 code roots 0 marked 1 reclaim candidate 0 type array 1
[367.322s][debug][gc,humongous      ] GC(33003) Humongous region 1091 (object size 1048592 @ 0x00000000c4300000) remset 0 code roots 0 marked 1 reclaim candidate 0 type array 1
[367.322s][debug][gc,humongous      ] GC(33003) Humongous region 1250 (object size 1048592 @ 0x00000000ce200000) remset 0 code roots 0 marked 1 reclaim candidate 0 type array 1
[367.322s][debug][gc,humongous      ] GC(33003) Humongous region 1686 (object size 1048592 @ 0x00000000e9600000) remset 0 code roots 0 marked 1 reclaim candidate 0 type array 1
[367.322s][debug][gc,humongous      ] GC(33003) Humongous region 1079 (object size 1048592 @ 0x00000000c3700000) remset 0 code roots 0 marked 1 reclaim candidate 0 type array 1
[367.322s][debug][gc,humongous      ] GC(33003) Humongous region 307 (object size 1048592 @ 0x0000000093300000) remset 0 code roots 0 marked 1 reclaim candidate 0 type array 1
[367.323s][debug][gc,humongous      ] GC(33003) Humongous region 1567 (object size 1048592 @ 0x00000000e1f00000) remset 0 code roots 0 marked 1 reclaim candidate 0 type array 1
[367.322s][debug][gc,humongous      ] GC(33003) Humongous region 301 (object size 1048592 @ 0x0000000092d00000) remset 0 code roots 0 marked 1 reclaim candidate 0 type array 1
[367.324s][debug][gc,ergo           ] GC(33003) Running G1 Merge Heap Roots using 13 workers for 0 regions
[367.324s][debug][gc,remset         ] GC(33003) Visited cards 64 Total dirty 2048 (3.12%) Total old 4163584 (0.00%)
[367.325s][debug][gc,ref            ] GC(33003) Skipped phase 1 of Reference Processing: no references
[367.325s][debug][gc,ref            ] GC(33003) Skipped phase 2 of Reference Processing: no references
[367.325s][debug][gc,ref            ] GC(33003) Skipped phase 3 of Reference Processing: no references
[367.325s][debug][gc,ref            ] GC(33003) Skipped phase 4 of Reference Processing: no references
[367.325s][debug][gc,ergo           ] GC(33003) Running G1 Rebuild Free List Task using 13 workers for rebuilding free list of regions
[367.325s][debug][gc,plab           ] GC(33003) Young PLAB allocation: allocated: 0B, wasted: 0B, unused: 0B, used: 0B, undo waste: 0B, 
[367.325s][debug][gc,plab           ] GC(33003) Young other allocation: region end waste: 0B, regions filled: 0, direct allocated: 0B, failure used: 0B, failure wasted: 0B
[367.325s][debug][gc,plab           ] GC(33003) Young sizing: calculated: 0B, actual: 2064B
[367.325s][debug][gc,plab           ] GC(33003) Old PLAB allocation: allocated: 0B, wasted: 0B, unused: 0B, used: 0B, undo waste: 0B, 
[367.325s][debug][gc,plab           ] GC(33003) Old other allocation: region end waste: 0B, regions filled: 0, direct allocated: 0B, failure used: 0B, failure wasted: 0B
[367.325s][debug][gc,plab           ] GC(33003) Old sizing: calculated: 0B, actual: 2064B
[367.325s][debug][gc,ergo,heap      ] GC(33003) Heap expansion: short term pause time ratio 79.28% long term pause time ratio 83.71% threshold 7.69% pause time ratio 7.69% fully expanded true resize by 0B
[367.325s][debug][gc,mmu            ] GC(33003) MMU: 148.8ms (200.0ms/201.0ms)
[367.325s][debug][gc,alloc,stats    ] Old generation allocation in the last mutator period, old gen allocated: 0B, humongous allocated: 2097152B,old gen growth: 2097152B.
[367.325s][debug][gc,ihop           ] GC(33003) Basic information (value update), threshold: 1649968461B (76.83), target occupancy: 2147483648B, current occupancy: 2129712848B, recent allocation size: 2097152B, recent allocation duration: 1.31ms, recent old gen allocation rate: 1605955926.31B/s, recent marking phase length: 13.50ms
[367.325s][debug][gc,ihop           ] GC(33003) Adaptive IHOP information (value update), threshold: 1649968461B (90.39), internal target occupancy: 1825361100B, occupancy: 2129712848B, additional buffer size: 106954752B, predicted old gen allocation rate: 5106291778.64B/s, predicted marking phase length: 13.40ms, prediction active: true
[367.325s][debug][gc,ergo,refine    ] GC(33003) Concurrent refinement times: Logged Cards Scan time goal: 20.00ms Logged Cards Scan time: 0.00ms HCC time: 0.00ms
[367.325s][debug][gc,ergo,refine    ] GC(33003) Updated Refinement Zones: green: 3328, yellow: 9984, red: 16640
[367.325s][info ][gc,phases         ] GC(33003)   Pre Evacuate Collection Set: 14.7ms
[367.325s][debug][gc,phases         ] GC(33003)     Prepare TLABs: 0.0ms
[367.325s][debug][gc,phases         ] GC(33003)     Concatenate Dirty Card Logs: 0.0ms
[367.325s][debug][gc,phases         ] GC(33003)     Choose Collection Set: 0.0ms
[367.325s][debug][gc,phases         ] GC(33003)     Region Register: 14.7ms
[367.325s][debug][gc,phases         ] GC(33003)     Prepare Heap Roots: 0.0ms
[367.325s][info ][gc,phases         ] GC(33003)   Merge Heap Roots: 0.3ms
[367.325s][debug][gc,phases         ] GC(33003)     Prepare Merge Heap Roots: 0.0ms
[367.325s][debug][gc,phases         ] GC(33003)     Eager Reclaim (ms):            Min:  0.0, Avg:  0.0, Max:  0.0, Diff:  0.0, Sum:  0.0, Workers: 1
[367.325s][debug][gc,phases         ] GC(33003)     Remembered Sets (ms):          Min:  0.0, Avg:  0.0, Max:  0.0, Diff:  0.0, Sum:  0.0, Workers: 13
[367.325s][debug][gc,phases         ] GC(33003)       Merged Sparse:                 Min: 0, Avg:  0.0, Max: 0, Diff: 0, Sum: 0, Workers: 13
[367.325s][debug][gc,phases         ] GC(33003)       Merged Fine:                   Min: 0, Avg:  0.0, Max: 0, Diff: 0, Sum: 0, Workers: 13
[367.325s][debug][gc,phases         ] GC(33003)       Merged Coarse:                 Min: 0, Avg:  0.0, Max: 0, Diff: 0, Sum: 0, Workers: 13
[367.325s][debug][gc,phases         ] GC(33003)       Dirty Cards:                   Min: 0, Avg:  0.0, Max: 0, Diff: 0, Sum: 0, Workers: 13
[367.325s][debug][gc,phases         ] GC(33003)     Hot Card Cache (ms):           Min:  0.0, Avg:  0.0, Max:  0.0, Diff:  0.0, Sum:  0.0, Workers: 13
[367.325s][debug][gc,phases         ] GC(33003)       Dirty Cards:                   Min: 0, Avg:  0.0, Max: 0, Diff: 0, Sum: 0, Workers: 13
[367.325s][debug][gc,phases         ] GC(33003)       Skipped Cards:                 Min: 0, Avg:  0.0, Max: 0, Diff: 0, Sum: 0, Workers: 13
[367.325s][debug][gc,phases         ] GC(33003)     Log Buffers (ms):              Min:  0.0, Avg:  0.0, Max:  0.0, Diff:  0.0, Sum:  0.0, Workers: 13
[367.325s][debug][gc,phases         ] GC(33003)       Dirty Cards:                   Min: 0, Avg:  0.0, Max: 0, Diff: 0, Sum: 0, Workers: 13
[367.325s][debug][gc,phases         ] GC(33003)       Skipped Cards:                 Min: 0, Avg:  0.0, Max: 0, Diff: 0, Sum: 0, Workers: 13
[367.325s][info ][gc,phases         ] GC(33003)   Evacuate Collection Set: 0.4ms
[367.325s][debug][gc,phases         ] GC(33003)     Ext Root Scanning (ms):        Min:  0.0, Avg:  0.0, Max:  0.0, Diff:  0.0, Sum:  0.1, Workers: 13
[367.325s][debug][gc,phases         ] GC(33003)     Scan Heap Roots (ms):          Min:  0.0, Avg:  0.0, Max:  0.0, Diff:  0.0, Sum:  0.0, Workers: 13
[367.325s][debug][gc,phases         ] GC(33003)       Scanned Cards:                 Min: 0, Avg:  0.6, Max: 5, Diff: 5, Sum: 8, Workers: 13
[367.325s][debug][gc,phases         ] GC(33003)       Scanned Blocks:                Min: 0, Avg:  0.2, Max: 1, Diff: 1, Sum: 2, Workers: 13
[367.325s][debug][gc,phases         ] GC(33003)       Claimed Chunks:                Min: 0, Avg:  0.2, Max: 1, Diff: 1, Sum: 2, Workers: 13
[367.325s][debug][gc,phases         ] GC(33003)     Code Root Scan (ms):           Min:  0.0, Avg:  0.0, Max:  0.0, Diff:  0.0, Sum:  0.0, Workers: 13
[367.325s][debug][gc,phases         ] GC(33003)     Object Copy (ms):              Min:  0.0, Avg:  0.0, Max:  0.0, Diff:  0.0, Sum:  0.0, Workers: 13
[367.325s][debug][gc,phases         ] GC(33003)     Termination (ms):              Min:  0.1, Avg:  0.2, Max:  0.3, Diff:  0.2, Sum:  3.1, Workers: 13
[367.325s][debug][gc,phases         ] GC(33003)       Termination Attempts:          Min: 1, Avg:  1.0, Max: 1, Diff: 0, Sum: 13, Workers: 13
[367.325s][debug][gc,phases         ] GC(33003)     GC Worker Other (ms):          Min:  0.0, Avg:  0.0, Max:  0.0, Diff:  0.0, Sum:  0.1, Workers: 13
[367.325s][debug][gc,phases         ] GC(33003)     GC Worker Total (ms):          Min:  0.1, Avg:  0.3, Max:  0.3, Diff:  0.2, Sum:  3.3, Workers: 13
[367.325s][info ][gc,phases         ] GC(33003)   Post Evacuate Collection Set: 0.5ms
[367.325s][debug][gc,phases         ] GC(33003)     Code Roots Fixup: 0.0ms
[367.325s][debug][gc,phases         ] GC(33003)     Reference Processing: 0.0ms
[367.325s][debug][gc,phases,ref     ] GC(33003)       Reconsider SoftReferences: 0.0ms
[367.325s][debug][gc,phases,ref     ] GC(33003)         SoftRef (ms):                  skipped
[367.325s][debug][gc,phases,ref     ] GC(33003)       Notify Soft/WeakReferences: 0.0ms
[367.325s][debug][gc,phases,ref     ] GC(33003)         SoftRef (ms):                  skipped
[367.325s][debug][gc,phases,ref     ] GC(33003)         WeakRef (ms):                  skipped
[367.325s][debug][gc,phases,ref     ] GC(33003)         FinalRef (ms):                 skipped
[367.325s][debug][gc,phases,ref     ] GC(33003)         Total (ms):                    skipped
[367.325s][debug][gc,phases,ref     ] GC(33003)       Notify and keep alive finalizable: 0.0ms
[367.325s][debug][gc,phases,ref     ] GC(33003)         FinalRef (ms):                 skipped
[367.325s][debug][gc,phases,ref     ] GC(33003)       Notify PhantomReferences: 0.0ms
[367.325s][debug][gc,phases,ref     ] GC(33003)         PhantomRef (ms):               skipped
[367.325s][debug][gc,phases,ref     ] GC(33003)       SoftReference:
[367.325s][debug][gc,phases,ref     ] GC(33003)         Discovered: 0
[367.325s][debug][gc,phases,ref     ] GC(33003)         Cleared: 0
[367.325s][debug][gc,phases,ref     ] GC(33003)       WeakReference:
[367.325s][debug][gc,phases,ref     ] GC(33003)         Discovered: 0
[367.325s][debug][gc,phases,ref     ] GC(33003)         Cleared: 0
[367.325s][debug][gc,phases,ref     ] GC(33003)       FinalReference:
[367.325s][debug][gc,phases,ref     ] GC(33003)         Discovered: 0
[367.325s][debug][gc,phases,ref     ] GC(33003)         Cleared: 0
[367.325s][debug][gc,phases,ref     ] GC(33003)       PhantomReference:
[367.325s][debug][gc,phases,ref     ] GC(33003)         Discovered: 0
[367.325s][debug][gc,phases,ref     ] GC(33003)         Cleared: 0
[367.325s][debug][gc,phases         ] GC(33003)     Weak Processing: 0.1ms
[367.325s][debug][gc,phases         ] GC(33003)       VM Weak                        Min:  0.0, Avg:  0.0, Max:  0.0, Diff:  0.0, Sum:  0.0, Workers: 1
[367.325s][debug][gc,phases         ] GC(33003)         Dead                           Min: 0, Avg:  0.0, Max: 0, Diff: 0, Sum: 0, Workers: 1
[367.325s][debug][gc,phases         ] GC(33003)         Total                          Min: 4, Avg:  4.0, Max: 4, Diff: 0, Sum: 4, Workers: 1
[367.325s][debug][gc,phases         ] GC(33003)       ObjectSynchronizer Weak        Min:  0.0, Avg:  0.0, Max:  0.0, Diff:  0.0, Sum:  0.0, Workers: 1
[367.325s][debug][gc,phases         ] GC(33003)         Dead                           Min: 0, Avg:  0.0, Max: 0, Diff: 0, Sum: 0, Workers: 1
[367.325s][debug][gc,phases         ] GC(33003)         Total                          Min: 3, Avg:  3.0, Max: 3, Diff: 0, Sum: 3, Workers: 1
[367.325s][debug][gc,phases         ] GC(33003)       JVMTI Tag Weak OopStorage      Min:  0.0, Avg:  0.0, Max:  0.0, Diff:  0.0, Sum:  0.0, Workers: 1
[367.325s][debug][gc,phases         ] GC(33003)         Dead                           Min: 0, Avg:  0.0, Max: 0, Diff: 0, Sum: 0, Workers: 1
[367.325s][debug][gc,phases         ] GC(33003)         Total                          Min: 0, Avg:  0.0, Max: 0, Diff: 0, Sum: 0, Workers: 1
[367.325s][debug][gc,phases         ] GC(33003)       StringTable Weak               Min:  0.0, Avg:  0.0, Max:  0.0, Diff:  0.0, Sum:  0.0, Workers: 1
[367.325s][debug][gc,phases         ] GC(33003)         Dead                           Min: 0, Avg:  0.0, Max: 0, Diff: 0, Sum: 0, Workers: 1
[367.325s][debug][gc,phases         ] GC(33003)         Total                          Min: 45, Avg: 45.0, Max: 45, Diff: 0, Sum: 45, Workers: 1
[367.325s][debug][gc,phases         ] GC(33003)       ResolvedMethodTable Weak       Min:  0.0, Avg:  0.0, Max:  0.0, Diff:  0.0, Sum:  0.0, Workers: 1
[367.325s][debug][gc,phases         ] GC(33003)         Dead                           Min: 0, Avg:  0.0, Max: 0, Diff: 0, Sum: 0, Workers: 1
[367.325s][debug][gc,phases         ] GC(33003)         Total                          Min: 22, Avg: 22.0, Max: 22, Diff: 0, Sum: 22, Workers: 1
[367.325s][debug][gc,phases         ] GC(33003)       JNI Weak                       Min:  0.0, Avg:  0.0, Max:  0.0, Diff:  0.0, Sum:  0.0, Workers: 1
[367.325s][debug][gc,phases         ] GC(33003)         Dead                           Min: 0, Avg:  0.0, Max: 0, Diff: 0, Sum: 0, Workers: 1
[367.325s][debug][gc,phases         ] GC(33003)         Total                          Min: 0, Avg:  0.0, Max: 0, Diff: 0, Sum: 0, Workers: 1
[367.325s][debug][gc,phases         ] GC(33003)       StringDedup Table Weak         Min:  0.0, Avg:  0.0, Max:  0.0, Diff:  0.0, Sum:  0.0, Workers: 1
[367.325s][debug][gc,phases         ] GC(33003)         Dead                           Min: 0, Avg:  0.0, Max: 0, Diff: 0, Sum: 0, Workers: 1
[367.325s][debug][gc,phases         ] GC(33003)         Total                          Min: 0, Avg:  0.0, Max: 0, Diff: 0, Sum: 0, Workers: 1
[367.325s][debug][gc,phases         ] GC(33003)       StringDedup Requests0 Weak     Min:  0.0, Avg:  0.0, Max:  0.0, Diff:  0.0, Sum:  0.0, Workers: 1
[367.325s][debug][gc,phases         ] GC(33003)         Dead                           Min: 0, Avg:  0.0, Max: 0, Diff: 0, Sum: 0, Workers: 1
[367.325s][debug][gc,phases         ] GC(33003)         Total                          Min: 0, Avg:  0.0, Max: 0, Diff: 0, Sum: 0, Workers: 1
[367.325s][debug][gc,phases         ] GC(33003)       StringDedup Requests1 Weak     Min:  0.0, Avg:  0.0, Max:  0.0, Diff:  0.0, Sum:  0.0, Workers: 1
[367.325s][debug][gc,phases         ] GC(33003)         Dead                           Min: 0, Avg:  0.0, Max: 0, Diff: 0, Sum: 0, Workers: 1
[367.325s][debug][gc,phases         ] GC(33003)         Total                          Min: 0, Avg:  0.0, Max: 0, Diff: 0, Sum: 0, Workers: 1
[367.325s][debug][gc,phases         ] GC(33003)       Weak JFR Old Object Samples    Min:  0.0, Avg:  0.0, Max:  0.0, Diff:  0.0, Sum:  0.0, Workers: 1
[367.326s][debug][gc,phases         ] GC(33003)         Dead                           Min: 0, Avg:  0.0, Max: 0, Diff: 0, Sum: 0, Workers: 1
[367.326s][debug][gc,phases         ] GC(33003)         Total                          Min: 0, Avg:  0.0, Max: 0, Diff: 0, Sum: 0, Workers: 1
[367.326s][debug][gc,phases         ] GC(33003)     Post Evacuate Cleanup 1: 0.1ms
[367.326s][debug][gc,phases         ] GC(33003)       Merge Per-Thread State (ms):   Min:  0.0, Avg:  0.0, Max:  0.0, Diff:  0.0, Sum:  0.0, Workers: 1
[367.326s][debug][gc,phases         ] GC(33003)         Copied Bytes                   Min: 0, Avg:  0.0, Max: 0, Diff: 0, Sum: 0, Workers: 13
[367.326s][debug][gc,phases         ] GC(33003)         LAB Waste                      Min: 0, Avg:  0.0, Max: 0, Diff: 0, Sum: 0, Workers: 13
[367.326s][debug][gc,phases         ] GC(33003)         LAB Undo Waste                 Min: 0, Avg:  0.0, Max: 0, Diff: 0, Sum: 0, Workers: 13
[367.326s][debug][gc,phases         ] GC(33003)       Clear Logged Cards (ms):       Min:  0.0, Avg:  0.0, Max:  0.0, Diff:  0.0, Sum:  0.0, Workers: 2
[367.326s][debug][gc,phases         ] GC(33003)       Recalculate Used Memory (ms):  Min:  0.0, Avg:  0.0, Max:  0.0, Diff:  0.0, Sum:  0.0, Workers: 1
[367.326s][debug][gc,phases         ] GC(33003)     Post Evacuate Cleanup 2: 0.2ms
[367.326s][debug][gc,phases         ] GC(33003)       Reset Hot Card Cache (ms):     Min:  0.0, Avg:  0.0, Max:  0.0, Diff:  0.0, Sum:  0.0, Workers: 1
[367.326s][debug][gc,phases         ] GC(33003)       Purge Code Roots (ms):         Min:  0.0, Avg:  0.0, Max:  0.0, Diff:  0.0, Sum:  0.0, Workers: 1
[367.326s][debug][gc,phases         ] GC(33003)       Update Derived Pointers (ms):  Min:  0.0, Avg:  0.0, Max:  0.0, Diff:  0.0, Sum:  0.0, Workers: 1
[367.326s][debug][gc,phases         ] GC(33003)       Eagerly Reclaim Humongous Objects (ms): Min:  0.0, Avg:  0.0, Max:  0.0, Diff:  0.0, Sum:  0.0, Workers: 1
[367.326s][debug][gc,phases         ] GC(33003)         Humongous Total                Min: 1015, Avg: 1015.0, Max: 1015, Diff: 0, Sum: 1015, Workers: 1
[367.326s][debug][gc,phases         ] GC(33003)         Humongous Candidates           Min: 36, Avg: 36.0, Max: 36, Diff: 0, Sum: 36, Workers: 1
[367.326s][debug][gc,phases         ] GC(33003)         Humongous Reclaimed            Min: 0, Avg:  0.0, Max: 0, Diff: 0, Sum: 0, Workers: 1
[367.326s][debug][gc,phases         ] GC(33003)       Redirty Logged Cards (ms):     Min:  0.0, Avg:  0.0, Max:  0.0, Diff:  0.0, Sum:  0.0, Workers: 13
[367.326s][debug][gc,phases         ] GC(33003)         Redirtied Cards:               Min: 0, Avg:  0.1, Max: 1, Diff: 1, Sum: 1, Workers: 13
[367.326s][debug][gc,phases         ] GC(33003)       Free Collection Set (ms):      Min:  0.0, Avg:  0.0, Max:  0.0, Diff:  0.0, Sum:  0.0, Workers: 13
[367.326s][debug][gc,phases         ] GC(33003)     Rebuild Free List: 0.2ms
[367.326s][debug][gc,phases         ] GC(33003)     Start New Collection Set: 0.0ms
[367.326s][debug][gc,phases         ] GC(33003)     Resize TLABs: 0.0ms
[367.326s][debug][gc,phases         ] GC(33003)     Expand Heap After Collection: 0.0ms
[367.326s][info ][gc,phases         ] GC(33003)   Other: 0.2ms
[367.326s][info ][gc,heap           ] GC(33003) Eden regions: 0->0(102)
[367.326s][info ][gc,heap           ] GC(33003) Survivor regions: 0->0(13)
[367.326s][info ][gc,heap           ] GC(33003) Old regions: 1->1
[367.326s][info ][gc,heap           ] GC(33003) Archive regions: 2->2
[367.326s][info ][gc,heap           ] GC(33003) Humongous regions: 2030->2030
[367.326s][info ][gc,metaspace      ] GC(33003) Metaspace: 198K(384K)->198K(384K) NonClass: 192K(256K)->192K(256K) Class: 5K(128K)->5K(128K)
[367.326s][debug][gc,heap           ] GC(33003) Heap after GC invocations=31581 (full 10210):
[367.326s][debug][gc,heap           ] GC(33003)  garbage-first heap   total 2097152K, used 2079797K [0x0000000080000000, 0x0000000100000000)
[367.326s][debug][gc,heap           ] GC(33003)   region size 1024K, 0 young (0K), 0 survivors (0K)
[367.326s][debug][gc,heap           ] GC(33003)  Metaspace       used 198K, committed 384K, reserved 1114112K
[367.326s][debug][gc,heap           ] GC(33003)   class space    used 5K, committed 128K, reserved 1048576K
[367.326s][info ][gc                ] GC(33003) Pause Young (Normal) (G1 Humongous Allocation) 2031M->2031M(2048M) 16.521ms
[367.326s][info ][gc,cpu            ] GC(33003) User=0.01s Sys=0.02s Real=0.02s
[367.326s][debug][gc,ergo,heap      ] Attempt heap expansion (allocation request failed). Allocation request: 1048592B
[367.326s][debug][gc,ergo,heap      ] Expand the heap. requested expansion amount: 1048592B expansion amount: 2097152B
[367.326s][debug][gc,ergo,heap      ] Did not expand the heap (heap already fully expanded)
[367.326s][info ][gc,ergo           ] Attempting full compaction
[367.326s][debug][gc,task           ] GC(33004) Requesting 13 active workers for full compaction (waste limited workers: 13, adaptive workers: 13, used limited workers: 2033)
[367.326s][info ][gc,task           ] GC(33004) Using 13 workers of 13 for full compaction
[367.326s][info ][gc,start          ] GC(33004) Pause Full (G1 Compaction Pause)
[367.326s][debug][gc,heap           ] GC(33004) Heap before GC invocations=31581 (full 10210):
[367.326s][debug][gc,heap           ] GC(33004)  garbage-first heap   total 2097152K, used 2079797K [0x0000000080000000, 0x0000000100000000)
[367.326s][debug][gc,heap           ] GC(33004)   region size 1024K, 0 young (0K), 0 survivors (0K)
[367.326s][debug][gc,heap           ] GC(33004)  Metaspace       used 198K, committed 384K, reserved 1114112K
[367.326s][debug][gc,heap           ] GC(33004)   class space    used 5K, committed 128K, reserved 1048576K
[367.326s][debug][gc,start          ] GC(33004) Clear Next Bitmap
[367.326s][debug][gc,ergo           ] GC(33004) Running G1 Clear Bitmap with 13 workers for 32 work units.
[367.327s][debug][gc                ] GC(33004) Clear Next Bitmap 1.337ms
[367.327s][debug][gc,alloc,region   ] GC(33004) Mutator Allocation stats, regions: 0, wasted size: 0B ( 0.0%)
[367.327s][info ][gc,phases,start   ] GC(33004) Phase 1: Mark live objects
[367.328s][debug][gc,phases,start   ] GC(33004) Phase 1: Reference Processing
[367.328s][debug][gc,ref            ] GC(33004) ReferenceProcessor::execute queues: 13, RefProcThreadModel::Multi, marks_oops_alive: true
[367.329s][debug][gc,ref            ] GC(33004) ReferenceProcessor::execute queues: 1, RefProcThreadModel::Single, marks_oops_alive: false
[367.329s][debug][gc,ref            ] GC(33004) Skipped phase 3 of Reference Processing: no references
[367.329s][debug][gc,ref            ] GC(33004) Skipped phase 4 of Reference Processing: no references
[367.329s][debug][gc,phases,ref     ] GC(33004) Reference Processing: 0.3ms
[367.329s][debug][gc,phases,ref     ] GC(33004)   Reconsider SoftReferences: 0.2ms
[367.329s][debug][gc,phases,ref     ] GC(33004)     Balance queues: 0.0ms
[367.329s][debug][gc,phases,ref     ] GC(33004)     SoftRef (ms):                  Min:  0.0, Avg:  0.0, Max:  0.0, Diff:  0.0, Sum:  0.0, Workers: 13
[367.329s][debug][gc,phases,ref     ] GC(33004)   Notify Soft/WeakReferences: 0.1ms
[367.329s][debug][gc,phases,ref     ] GC(33004)     SoftRef (ms):                  Min:  0.0, Avg:  0.0, Max:  0.0, Diff:  0.0, Sum:  0.0, Workers: 13
[367.329s][debug][gc,phases,ref     ] GC(33004)     WeakRef (ms):                  Min:  0.0, Avg:  0.0, Max:  0.0, Diff:  0.0, Sum:  0.0, Workers: 13
[367.329s][debug][gc,phases,ref     ] GC(33004)     FinalRef (ms):                 Min:  0.0, Avg:  0.0, Max:  0.0, Diff:  0.0, Sum:  0.0, Workers: 13
[367.329s][debug][gc,phases,ref     ] GC(33004)     Total (ms):                    Min:  0.0, Avg:  0.0, Max:  0.0, Diff:  0.0, Sum:  0.0, Workers: 13
[367.329s][debug][gc,phases,ref     ] GC(33004)   Notify and keep alive finalizable: 0.0ms
[367.329s][debug][gc,phases,ref     ] GC(33004)     FinalRef (ms):                 skipped
[367.329s][debug][gc,phases,ref     ] GC(33004)   Notify PhantomReferences: 0.0ms
[367.329s][debug][gc,phases,ref     ] GC(33004)     PhantomRef (ms):               skipped
[367.329s][debug][gc,phases,ref     ] GC(33004)   SoftReference:
[367.329s][debug][gc,phases,ref     ] GC(33004)     Discovered: 3
[367.329s][debug][gc,phases,ref     ] GC(33004)     Cleared: 3
[367.329s][debug][gc,phases,ref     ] GC(33004)   WeakReference:
[367.329s][debug][gc,phases,ref     ] GC(33004)     Discovered: 19
[367.329s][debug][gc,phases,ref     ] GC(33004)     Cleared: 19
[367.329s][debug][gc,phases,ref     ] GC(33004)   FinalReference:
[367.329s][debug][gc,phases,ref     ] GC(33004)     Discovered: 0
[367.329s][debug][gc,phases,ref     ] GC(33004)     Cleared: 0
[367.329s][debug][gc,phases,ref     ] GC(33004)   PhantomReference:
[367.329s][debug][gc,phases,ref     ] GC(33004)     Discovered: 0
[367.329s][debug][gc,phases,ref     ] GC(33004)     Cleared: 0
[367.329s][debug][gc,phases         ] GC(33004) Phase 1: Reference Processing 0.406ms
[367.329s][debug][gc,phases,start   ] GC(33004) Phase 1: Weak Processing
[367.329s][debug][gc,phases         ] GC(33004)   VM Weak                        Min:  0.0, Avg:  0.0, Max:  0.0, Diff:  0.0, Sum:  0.0, Workers: 1
[367.329s][debug][gc,phases         ] GC(33004)     Dead                           Min: 0, Avg:  0.0, Max: 0, Diff: 0, Sum: 0, Workers: 1
[367.329s][debug][gc,phases         ] GC(33004)     Total                          Min: 4, Avg:  4.0, Max: 4, Diff: 0, Sum: 4, Workers: 1
[367.329s][debug][gc,phases         ] GC(33004)   ObjectSynchronizer Weak        Min:  0.0, Avg:  0.0, Max:  0.0, Diff:  0.0, Sum:  0.0, Workers: 1
[367.329s][debug][gc,phases         ] GC(33004)     Dead                           Min: 0, Avg:  0.0, Max: 0, Diff: 0, Sum: 0, Workers: 1
[367.329s][debug][gc,phases         ] GC(33004)     Total                          Min: 3, Avg:  3.0, Max: 3, Diff: 0, Sum: 3, Workers: 1
[367.329s][debug][gc,phases         ] GC(33004)   JVMTI Tag Weak OopStorage      Min:  0.0, Avg:  0.0, Max:  0.0, Diff:  0.0, Sum:  0.0, Workers: 1
[367.329s][debug][gc,phases         ] GC(33004)     Dead                           Min: 0, Avg:  0.0, Max: 0, Diff: 0, Sum: 0, Workers: 1
[367.329s][debug][gc,phases         ] GC(33004)     Total                          Min: 0, Avg:  0.0, Max: 0, Diff: 0, Sum: 0, Workers: 1
[367.329s][debug][gc,phases         ] GC(33004)   StringTable Weak               Min:  0.0, Avg:  0.0, Max:  0.0, Diff:  0.0, Sum:  0.0, Workers: 1
[367.329s][debug][gc,phases         ] GC(33004)     Dead                           Min: 0, Avg:  0.0, Max: 0, Diff: 0, Sum: 0, Workers: 1
[367.329s][debug][gc,phases         ] GC(33004)     Total                          Min: 45, Avg: 45.0, Max: 45, Diff: 0, Sum: 45, Workers: 1
[367.329s][debug][gc,phases         ] GC(33004)   ResolvedMethodTable Weak       Min:  0.0, Avg:  0.0, Max:  0.0, Diff:  0.0, Sum:  0.0, Workers: 1
[367.329s][debug][gc,phases         ] GC(33004)     Dead                           Min: 0, Avg:  0.0, Max: 0, Diff: 0, Sum: 0, Workers: 1
[367.329s][debug][gc,phases         ] GC(33004)     Total                          Min: 22, Avg: 22.0, Max: 22, Diff: 0, Sum: 22, Workers: 1
[367.329s][debug][gc,phases         ] GC(33004)   JNI Weak                       Min:  0.0, Avg:  0.0, Max:  0.0, Diff:  0.0, Sum:  0.0, Workers: 1
[367.329s][debug][gc,phases         ] GC(33004)     Dead                           Min: 0, Avg:  0.0, Max: 0, Diff: 0, Sum: 0, Workers: 1
[367.329s][debug][gc,phases         ] GC(33004)     Total                          Min: 0, Avg:  0.0, Max: 0, Diff: 0, Sum: 0, Workers: 1
[367.329s][debug][gc,phases         ] GC(33004)   StringDedup Table Weak         Min:  0.0, Avg:  0.0, Max:  0.0, Diff:  0.0, Sum:  0.0, Workers: 1
[367.329s][debug][gc,phases         ] GC(33004)     Dead                           Min: 0, Avg:  0.0, Max: 0, Diff: 0, Sum: 0, Workers: 1
[367.329s][debug][gc,phases         ] GC(33004)     Total                          Min: 0, Avg:  0.0, Max: 0, Diff: 0, Sum: 0, Workers: 1
[367.329s][debug][gc,phases         ] GC(33004)   StringDedup Requests0 Weak     Min:  0.0, Avg:  0.0, Max:  0.0, Diff:  0.0, Sum:  0.0, Workers: 1
[367.329s][debug][gc,phases         ] GC(33004)     Dead                           Min: 0, Avg:  0.0, Max: 0, Diff: 0, Sum: 0, Workers: 1
[367.329s][debug][gc,phases         ] GC(33004)     Total                          Min: 0, Avg:  0.0, Max: 0, Diff: 0, Sum: 0, Workers: 1
[367.329s][debug][gc,phases         ] GC(33004)   StringDedup Requests1 Weak     Min:  0.0, Avg:  0.0, Max:  0.0, Diff:  0.0, Sum:  0.0, Workers: 1
[367.329s][debug][gc,phases         ] GC(33004)     Dead                           Min: 0, Avg:  0.0, Max: 0, Diff: 0, Sum: 0, Workers: 1
[367.329s][debug][gc,phases         ] GC(33004)     Total                          Min: 0, Avg:  0.0, Max: 0, Diff: 0, Sum: 0, Workers: 1
[367.329s][debug][gc,phases         ] GC(33004)   Weak JFR Old Object Samples    Min:  0.0, Avg:  0.0, Max:  0.0, Diff:  0.0, Sum:  0.0, Workers: 1
[367.329s][debug][gc,phases         ] GC(33004)     Dead                           Min: 0, Avg:  0.0, Max: 0, Diff: 0, Sum: 0, Workers: 1
[367.329s][debug][gc,phases         ] GC(33004)     Total                          Min: 0, Avg:  0.0, Max: 0, Diff: 0, Sum: 0, Workers: 1
[367.329s][debug][gc,phases         ] GC(33004) Phase 1: Weak Processing 0.189ms
[367.329s][debug][gc,phases,start   ] GC(33004) Phase 1: Class Unloading and Cleanup
[367.329s][debug][gc,phases,start   ] GC(33004) ClassLoaderData
[367.329s][debug][gc,phases         ] GC(33004) ClassLoaderData 0.004ms
[367.329s][debug][gc,phases,start   ] GC(33004) Trigger cleanups
[367.329s][debug][gc,phases         ] GC(33004) Trigger cleanups 0.003ms
[367.329s][debug][gc,phases         ] GC(33004) Phase 1: Class Unloading and Cleanup 0.200ms
[367.329s][debug][gc,phases,start   ] GC(33004) Report Object Count
[367.329s][debug][gc,phases         ] GC(33004) Report Object Count 0.004ms
[367.329s][info ][gc,phases         ] GC(33004) Phase 1: Mark live objects 1.802ms
[367.329s][info ][gc,phases,start   ] GC(33004) Phase 2: Prepare for compaction
[367.330s][info ][gc,phases         ] GC(33004) Phase 2: Prepare for compaction 0.746ms
[367.330s][info ][gc,phases,start   ] GC(33004) Phase 3: Adjust pointers
[367.330s][info ][gc,phases         ] GC(33004) Phase 3: Adjust pointers 0.473ms
[367.330s][info ][gc,phases,start   ] GC(33004) Phase 4: Compact heap
[367.331s][info ][gc,phases         ] GC(33004) Phase 4: Compact heap 0.189ms
[367.331s][debug][gc,ergo           ] GC(33004) Running G1 Clear Bitmap with 13 workers for 32 work units.
[367.333s][debug][gc,alloc,stats    ] Old generation allocation in the last mutator period, old gen allocated: 0B, humongous allocated: 0B,old gen growth: 0B.
[367.333s][info ][gc,heap           ] GC(33004) Eden regions: 0->0(102)
[367.333s][info ][gc,heap           ] GC(33004) Survivor regions: 0->0(13)
[367.333s][info ][gc,heap           ] GC(33004) Old regions: 1->1
[367.333s][info ][gc,heap           ] GC(33004) Archive regions: 2->2
[367.333s][info ][gc,heap           ] GC(33004) Humongous regions: 2030->1926
[367.333s][info ][gc,metaspace      ] GC(33004) Metaspace: 198K(384K)->198K(384K) NonClass: 192K(256K)->192K(256K) Class: 5K(128K)->5K(128K)
[367.333s][debug][gc,heap           ] GC(33004) Heap after GC invocations=31582 (full 10211):
[367.333s][debug][gc,heap           ] GC(33004)  garbage-first heap   total 2097152K, used 1973301K [0x0000000080000000, 0x0000000100000000)
[367.333s][debug][gc,heap           ] GC(33004)   region size 1024K, 0 young (0K), 0 survivors (0K)
[367.333s][debug][gc,heap           ] GC(33004)  Metaspace       used 198K, committed 384K, reserved 1114112K
[367.333s][debug][gc,heap           ] GC(33004)   class space    used 5K, committed 128K, reserved 1048576K
[367.333s][info ][gc                ] GC(33004) Pause Full (G1 Compaction Pause) 2031M->1927M(2048M) 6.859ms
[367.333s][info ][gc,cpu            ] GC(33004) User=0.04s Sys=0.01s Real=0.01s
[367.333s][debug][gc,stats          ] ---------------------------------------------------------------------
[367.333s][debug][gc,stats          ] Marking Stats, task = 0, calls = 7
[367.333s][debug][gc,stats          ]   Elapsed time = 43.72ms, Termination time = 0.00ms
[367.333s][debug][gc,stats          ]   Step Times (cum): num = 328992, avg = 0.02ms, sd = 0.16ms max = 9.42ms, total = 7086.42ms
[367.333s][debug][gc,stats          ]   Mark Stats Cache: hits 5416 misses 53 ratio 99.031
[367.333s][debug][gc,stats          ] ---------------------------------------------------------------------
[367.333s][debug][gc,stats          ] Marking Stats, task = 1, calls = 3
[367.333s][debug][gc,stats          ]   Elapsed time = 43.73ms, Termination time = 0.00ms
[367.333s][debug][gc,stats          ]   Step Times (cum): num = 65903, avg = 0.10ms, sd = 0.34ms max = 5.86ms, total = 6871.46ms
[367.333s][debug][gc,stats          ]   Mark Stats Cache: hits 12145 misses 196 ratio 98.412
[367.333s][debug][gc,stats          ] ---------------------------------------------------------------------
[367.333s][debug][gc,stats          ] Marking Stats, task = 2, calls = 6
[367.333s][debug][gc,stats          ]   Elapsed time = 43.73ms, Termination time = 2.44ms
[367.333s][debug][gc,stats          ]   Step Times (cum): num = 64855, avg = 0.10ms, sd = 0.35ms max = 5.99ms, total = 6586.29ms
[367.333s][debug][gc,stats          ]   Mark Stats Cache: hits 4999 misses 283 ratio 94.642
[367.333s][debug][gc,stats          ] ---------------------------------------------------------------------
[367.333s][info ][gc,marking        ] GC(33001) Concurrent Mark From Roots 43.924ms
[367.333s][info ][gc,marking        ] GC(33001) Concurrent Mark Abort
[367.333s][info ][gc                ] GC(33001) Concurrent Mark Cycle 43.984ms
[367.334s][debug][gc,heap           ] GC(33005) Heap before GC invocations=31582 (full 10211):
[367.334s][debug][gc,heap           ] GC(33005)  garbage-first heap   total 2097152K, used 1991733K [0x0000000080000000, 0x0000000100000000)
[367.334s][debug][gc,heap           ] GC(33005)   region size 1024K, 0 young (0K), 0 survivors (0K)
[367.334s][debug][gc,heap           ] GC(33005)  Metaspace       used 198K, committed 384K, reserved 1114112K
[367.334s][debug][gc,heap           ] GC(33005)   class space    used 5K, committed 128K, reserved 1048576K
[367.334s][info ][gc,start          ] GC(33005) Pause Young (Normal) (G1 Humongous Allocation)
[367.334s][info ][gc,task           ] GC(33005) Using 13 workers of 13 for evacuation
[367.334s][debug][gc,age            ] GC(33005) Desired survivor size 6815744 bytes, new threshold 15 (max threshold 15)
[367.334s][debug][gc,refine,stats   ] GC(33005) Mutator refinement: 0.00ms, refined: 0, precleaned: 0, dirtied: 1
[367.334s][debug][gc,refine,stats   ] GC(33005) Concurrent refinement: 0.00ms, refined: 0, precleaned: 0, dirtied: 0
[367.334s][debug][gc,refine,stats   ] GC(33005) Total refinement: 0.00ms, refined: 0, precleaned: 0, dirtied: 1
[367.334s][debug][gc,refine,stats   ] GC(33005) Generate dirty cards rate: 0.97 cards/ms
[367.334s][debug][gc,alloc,region   ] GC(33005) Mutator Allocation stats, regions: 0, wasted size: 0B ( 0.0%)
[367.334s][debug][gc,humongous      ] GC(33005) Humongous region 0 (object size 1048592 @ 0x0000000080000000) remset 0 code roots 0 marked 0 reclaim candidate 0 type array 1
[367.334s][debug][gc,humongous      ] GC(33005) Humongous region 157 (object size 1048592 @ 0x0000000089d00000) remset 0 code roots 0 marked 0 reclaim candidate 1 type array 1
[367.334s][debug][gc,humongous      ] GC(33005) Humongous region 315 (object size 1048592 @ 0x0000000093b00000) remset 0 code roots 0 marked 0 reclaim candidate 0 type array 1
[367.334s][debug][gc,humongous      ] GC(33005) Humongous region 319 (object size 1048592 @ 0x0000000093f00000) remset 0 code roots 0 marked 0 reclaim candidate 0 type array 1
[367.334s][debug][gc,humongous      ] GC(33005) Humongous region 945 (object size 1048592 @ 0x00000000bb100000) remset 0 code roots 0 marked 0 reclaim candidate 0 type array 1
[367.334s][debug][gc,humongous      ] GC(33005) Humongous region 1260 (object size 1048592 @ 0x00000000cec00000) remset 0 code roots 0 marked 0 reclaim candidate 0 type array 1
[367.334s][debug][gc,humongous      ] GC(33005) Humongous region 949 (object size 1048592 @ 0x00000000bb500000) remset 0 code roots 0 marked 0 reclaim candidate 0 type array 1
[367.334s][debug][gc,humongous      ] GC(33005) Humongous region 1262 (object size 1048592 @ 0x00000000cee00000) remset 0 code roots 0 marked 0 reclaim candidate 0 type array 1
[367.334s][debug][gc,humongous      ] GC(33005) Humongous region 1732 (object size 1048592 @ 0x00000000ec400000) remset 0 code roots 0 marked 0 reclaim candidate 0 type array 1
[367.334s][debug][gc,humongous      ] GC(33005) Humongous region 3 (object size 1048592 @ 0x0000000080300000) remset 0 code roots 0 marked 0 reclaim candidate 0 type array 1
[367.334s][debug][gc,humongous      ] GC(33005) Humongous region 159 (object size 1048592 @ 0x0000000089f00000) remset 0 code roots 0 marked 0 reclaim candidate 0 type array 1
[367.334s][debug][gc,humongous      ] GC(33005) Humongous region 5 (object size 1048592 @ 0x0000000080500000) remset 0 code roots 0 marked 0 reclaim candidate 0 type array 1
[367.334s][debug][gc,humongous      ] GC(33005) Humongous region 161 (object size 1048592 @ 0x000000008a100000) remset 0 code roots 0 marked 0 reclaim candidate 0 type array 1
[367.334s][debug][gc,humongous      ] GC(33005) Humongous region 7 (object size 1048592 @ 0x0000000080700000) remset 0 code roots 0 marked 0 reclaim candidate 0 type array 1
[367.334s][debug][gc,humongous      ] GC(33005) Humongous region 1417 (object size 1048592 @ 0x00000000d8900000) remset 0 code roots 0 marked 0 reclaim candidate 0 type array 1
[367.334s][debug][gc,humongous      ] GC(33005) Humongous region 9 (object size 1048592 @ 0x0000000080900000) remset 0 code roots 0 marked 0 reclaim candidate 0 type array 1
[367.334s][debug][gc,humongous      ] GC(33005) Humongous region 630 (object size 1048592 @ 0x00000000a7600000) remset 0 code roots 0 marked 0 reclaim candidate 0 type array 1
[367.334s][debug][gc,humongous      ] GC(33005) Humongous region 788 (object size 1048592 @ 0x00000000b1400000) remset 0 code roots 0 marked 0 reclaim candidate 0 type array 1
[367.334s][debug][gc,humongous      ] GC(33005) Humongous region 632 (object size 1048592 @ 0x00000000a7800000) remset 0 code roots 0 marked 0 reclaim candidate 0 type array 1
[367.334s][debug][gc,humongous      ] GC(33005) Humongous region 790 (object size 1048592 @ 0x00000000b1600000) remset 0 code roots 0 marked 0 reclaim candidate 0 type array 1
[367.334s][debug][gc,humongous      ] GC(33005) Humongous region 634 (object size 1048592 @ 0x00000000a7a00000) remset 0 code roots 0 marked 0 reclaim candidate 0 type array 1
[367.334s][debug][gc,humongous      ] GC(33005) Humongous region 1103 (object size 1048592 @ 0x00000000c4f00000) remset 0 code roots 0 marked 0 reclaim candidate 0 type array 1
[367.334s][debug][gc,humongous      ] GC(33005) Humongous region 636 (object size 1048592 @ 0x00000000a7c00000) remset 0 code roots 0 marked 0 reclaim candidate 0 type array 1
[367.334s][debug][gc,humongous      ] GC(33005) Humongous region 1105 (object size 1048592 @ 0x00000000c5100000) remset 0 code roots 0 marked 0 reclaim candidate 0 type array 1
[367.334s][debug][gc,humongous      ] GC(33005) Humongous region 638 (object size 1048592 @ 0x00000000a7e00000) remset 0 code roots 0 marked 0 reclaim candidate 0 type array 1
[367.334s][debug][gc,humongous      ] GC(33005) Humongous region 163 (object size 1048592 @ 0x000000008a300000) remset 0 code roots 0 marked 0 reclaim candidate 0 type array 1
[367.334s][debug][gc,humongous      ] GC(33005) Humongous region 1575 (object size 1048592 @ 0x00000000e2700000) remset 0 code roots 0 marked 0 reclaim candidate 0 type array 1
[367.334s][debug][gc,humongous      ] GC(33005) Humongous region 165 (object size 1048592 @ 0x000000008a500000) remset 0 code roots 0 marked 0 reclaim candidate 0 type array 1
[367.334s][debug][gc,humongous      ] GC(33005) Humongous region 1419 (object size 1048592 @ 0x00000000d8b00000) remset 0 code roots 0 marked 0 reclaim candidate 0 type array 1
[367.334s][debug][gc,humongous      ] GC(33005) Humongous region 1421 (object size 1048592 @ 0x00000000d8d00000) remset 0 code roots 0 marked 0 reclaim candidate 0 type array 1
[367.334s][debug][gc,humongous      ] GC(33005) Humongous region 1734 (object size 1048592 @ 0x00000000ec600000) remset 0 code roots 0 marked 0 reclaim candidate 0 type array 1
[367.334s][debug][gc,humongous      ] GC(33005) Humongous region 1423 (object size 1048592 @ 0x00000000d8f00000) remset 0 code roots 0 marked 0 reclaim candidate 0 type array 1
[367.334s][debug][gc,humongous      ] GC(33005) Humongous region 792 (object size 1048592 @ 0x00000000b1800000) remset 0 code roots 0 marked 0 reclaim candidate 0 type array 1
[367.334s][debug][gc,humongous      ] GC(33005) Humongous region 1738 (object size 1048592 @ 0x00000000eca00000) remset 0 code roots 0 marked 0 reclaim candidate 0 type array 1
[367.334s][debug][gc,humongous      ] GC(33005) Humongous region 1890 (object size 1048592 @ 0x00000000f6200000) remset 0 code roots 0 marked 0 reclaim candidate 0 type array 1
[367.334s][debug][gc,humongous      ] GC(33005) Humongous region 473 (object size 1048592 @ 0x000000009d900000) remset 0 code roots 0 marked 0 reclaim candidate 0 type array 1
[367.334s][debug][gc,humongous      ] GC(33005) Humongous region 1892 (object size 1048592 @ 0x00000000f6400000) remset 0 code roots 0 marked 0 reclaim candidate 0 type array 1
[367.334s][debug][gc,humongous      ] GC(33005) Humongous region 640 (object size 1048592 @ 0x00000000a8000000) remset 0 code roots 0 marked 0 reclaim candidate 0 type array 1
[367.334s][debug][gc,humongous      ] GC(33005) Humongous region 11 (object size 1048592 @ 0x0000000080b00000) remset 0 code roots 0 marked 0 reclaim candidate 0 type array 1
[367.334s][debug][gc,humongous      ] GC(33005) Humongous region 1577 (object size 1048592 @ 0x00000000e2900000) remset 0 code roots 0 marked 0 reclaim candidate 0 type array 1
[367.334s][debug][gc,humongous      ] GC(33005) Humongous region 13 (object size 1048592 @ 0x0000000080d00000) remset 0 code roots 0 marked 0 reclaim candidate 0 type array 1
[367.334s][debug][gc,humongous      ] GC(33005) Humongous region 167 (object size 1048592 @ 0x000000008a700000) remset 0 code roots 0 marked 0 reclaim candidate 0 type array 1
[367.334s][debug][gc,humongous      ] GC(33005) Humongous region 1579 (object size 1048592 @ 0x00000000e2b00000) remset 0 code roots 0 marked 0 reclaim candidate 0 type array 1
[367.334s][debug][gc,humongous      ] GC(33005) Humongous region 1425 (object size 1048592 @ 0x00000000d9100000) remset 0 code roots 0 marked 0 reclaim candidate 0 type array 1
[367.334s][debug][gc,humongous      ] GC(33005) Humongous region 321 (object size 1048592 @ 0x0000000094100000) remset 0 code roots 0 marked 0 reclaim candidate 0 type array 1
[367.334s][debug][gc,humongous      ] GC(33005) Humongous region 323 (object size 1048592 @ 0x0000000094300000) remset 0 code roots 0 marked 0 reclaim candidate 0 type array 1
[367.334s][debug][gc,humongous      ] GC(33005) Humongous region 1107 (object size 1048592 @ 0x00000000c5300000) remset 0 code roots 0 marked 0 reclaim candidate 0 type array 1
[367.334s][debug][gc,humongous      ] GC(33005) Humongous region 325 (object size 1048592 @ 0x0000000094500000) remset 0 code roots 0 marked 0 reclaim candidate 0 type array 1
[367.334s][debug][gc,humongous      ] GC(33005) Humongous region 475 (object size 1048592 @ 0x000000009db00000) remset 0 code roots 0 marked 0 reclaim candidate 0 type array 1
[367.334s][debug][gc,humongous      ] GC(33005) Humongous region 1109 (object size 1048592 @ 0x00000000c5500000) remset 0 code roots 0 marked 0 reclaim candidate 0 type array 1
[367.334s][debug][gc,humongous      ] GC(33005) Humongous region 642 (object size 1048592 @ 0x00000000a8200000) remset 0 code roots 0 marked 0 reclaim candidate 0 type array 1
[367.334s][debug][gc,humongous      ] GC(33005) Humongous region 951 (object size 1048592 @ 0x00000000bb700000) remset 0 code roots 0 marked 0 reclaim candidate 0 type array 1
[367.334s][debug][gc,humongous      ] GC(33005) Humongous region 1264 (object size 1048592 @ 0x00000000cf000000) remset 0 code roots 0 marked 0 reclaim candidate 0 type array 1
[367.334s][debug][gc,humongous      ] GC(33005) Humongous region 15 (object size 1048592 @ 0x0000000080f00000) remset 0 code roots 0 marked 0 reclaim candidate 1 type array 1
[367.334s][debug][gc,humongous      ] GC(33005) Humongous region 169 (object size 1048592 @ 0x000000008a900000) remset 0 code roots 0 marked 0 reclaim candidate 0 type array 1
[367.334s][debug][gc,humongous      ] GC(33005) Humongous region 1740 (object size 1048592 @ 0x00000000ecc00000) remset 0 code roots 0 marked 0 reclaim candidate 0 type array 1
[367.334s][debug][gc,humongous      ] GC(33005) Humongous region 171 (object size 1048592 @ 0x000000008ab00000) remset 0 code roots 0 marked 0 reclaim candidate 0 type array 1
[367.334s][debug][gc,humongous      ] GC(33005) Humongous region 1742 (object size 1048592 @ 0x00000000ece00000) remset 0 code roots 0 marked 0 reclaim candidate 0 type array 1
[367.334s][debug][gc,humongous      ] GC(33005) Humongous region 173 (object size 1048592 @ 0x000000008ad00000) remset 0 code roots 0 marked 0 reclaim candidate 0 type array 1
[367.334s][debug][gc,humongous      ] GC(33005) Humongous region 327 (object size 1048592 @ 0x0000000094700000) remset 0 code roots 0 marked 0 reclaim candidate 0 type array 1
[367.334s][debug][gc,humongous      ] GC(33005) Humongous region 1894 (object size 1048592 @ 0x00000000f6600000) remset 0 code roots 0 marked 0 reclaim candidate 0 type array 1
[367.334s][debug][gc,humongous      ] GC(33005) Humongous region 477 (object size 1048592 @ 0x000000009dd00000) remset 0 code roots 0 marked 0 reclaim candidate 0 type array 1
[367.334s][debug][gc,humongous      ] GC(33005) Humongous region 1111 (object size 1048592 @ 0x00000000c5700000) remset 0 code roots 0 marked 0 reclaim candidate 0 type array 1
[367.334s][debug][gc,humongous      ] GC(33005) Humongous region 953 (object size 1048592 @ 0x00000000bb900000) remset 0 code roots 0 marked 0 reclaim candidate 0 type array 1
[367.334s][debug][gc,humongous      ] GC(33005) Humongous region 1113 (object size 1048592 @ 0x00000000c5900000) remset 0 code roots 0 marked 0 reclaim candidate 0 type array 1
[367.334s][debug][gc,humongous      ] GC(33005) Humongous region 17 (object size 1048592 @ 0x0000000081100000) remset 0 code roots 0 marked 0 reclaim candidate 0 type array 1
[367.334s][debug][gc,humongous      ] GC(33005) Humongous region 1115 (object size 1048592 @ 0x00000000c5b00000) remset 0 code roots 0 marked 0 reclaim candidate 0 type array 1
[367.334s][debug][gc,humongous      ] GC(33005) Humongous region 1427 (object size 1048592 @ 0x00000000d9300000) remset 0 code roots 0 marked 0 reclaim candidate 0 type array 1
[367.334s][debug][gc,humongous      ] GC(33005) Humongous region 1117 (object size 1048592 @ 0x00000000c5d00000) remset 0 code roots 0 marked 0 reclaim candidate 0 type array 1
[367.334s][debug][gc,humongous      ] GC(33005) Humongous region 794 (object size 1048592 @ 0x00000000b1a00000) remset 0 code roots 0 marked 0 reclaim candidate 0 type array 1
[367.335s][debug][gc,humongous      ] GC(33005) Humongous region 1429 (object size 1048592 @ 0x00000000d9500000) remset 0 code roots 0 marked 0 reclaim candidate 0 type array 1
[367.334s][debug][gc,humongous      ] GC(33005) Humongous region 175 (object size 1048592 @ 0x000000008af00000) remset 0 code roots 0 marked 0 reclaim candidate 0 type array 1
[367.334s][debug][gc,humongous      ] GC(33005) Humongous region 329 (object size 1048592 @ 0x0000000094900000) remset 0 code roots 0 marked 0 reclaim candidate 0 type array 1
[367.334s][debug][gc,humongous      ] GC(33005) Humongous region 1896 (object size 1048592 @ 0x00000000f6800000) remset 0 code roots 0 marked 0 reclaim candidate 0 type array 1
[367.334s][debug][gc,humongous      ] GC(33005) Humongous region 479 (object size 1048592 @ 0x000000009df00000) remset 0 code roots 0 marked 0 reclaim candidate 0 type array 1
[367.335s][debug][gc,humongous      ] GC(33005) Humongous region 331 (object size 1048592 @ 0x0000000094b00000) remset 0 code roots 0 marked 0 reclaim candidate 0 type array 1
[367.335s][debug][gc,humongous      ] GC(33005) Humongous region 1898 (object size 1048592 @ 0x00000000f6a00000) remset 0 code roots 0 marked 0 reclaim candidate 0 type array 1
[367.334s][debug][gc,humongous      ] GC(33005) Humongous region 955 (object size 1048592 @ 0x00000000bbb00000) remset 0 code roots 0 marked 0 reclaim candidate 0 type array 1
[367.335s][debug][gc,humongous      ] GC(33005) Humongous region 1900 (object size 1048592 @ 0x00000000f6c00000) remset 0 code roots 0 marked 0 reclaim candidate 0 type array 1
[367.334s][debug][gc,humongous      ] GC(33005) Humongous region 1581 (object size 1048592 @ 0x00000000e2d00000) remset 0 code roots 0 marked 0 reclaim candidate 0 type array 1
[367.335s][debug][gc,humongous      ] GC(33005) Humongous region 1902 (object size 1048592 @ 0x00000000f6e00000) remset 0 code roots 0 marked 0 reclaim candidate 0 type array 1
[367.335s][debug][gc,humongous      ] GC(33005) Humongous region 1583 (object size 1048592 @ 0x00000000e2f00000) remset 0 code roots 0 marked 0 reclaim candidate 0 type array 1
[367.335s][debug][gc,humongous      ] GC(33005) Humongous region 796 (object size 1048592 @ 0x00000000b1c00000) remset 0 code roots 0 marked 0 reclaim candidate 0 type array 1
[367.335s][debug][gc,humongous      ] GC(33005) Humongous region 1904 (object size 1048592 @ 0x00000000f7000000) remset 0 code roots 0 marked 0 reclaim candidate 0 type array 1
[367.335s][debug][gc,humongous      ] GC(33005) Humongous region 1585 (object size 1048592 @ 0x00000000e3100000) remset 0 code roots 0 marked 0 reclaim candidate 0 type array 1
[367.335s][debug][gc,humongous      ] GC(33005) Humongous region 1906 (object size 1048592 @ 0x00000000f7200000) remset 0 code roots 0 marked 0 reclaim candidate 0 type array 1
[367.335s][debug][gc,humongous      ] GC(33005) Humongous region 1587 (object size 1048592 @ 0x00000000e3300000) remset 0 code roots 0 marked 0 reclaim candidate 0 type array 1
[367.334s][debug][gc,humongous      ] GC(33005) Humongous region 1266 (object size 1048592 @ 0x00000000cf200000) remset 0 code roots 0 marked 0 reclaim candidate 0 type array 1
[367.335s][debug][gc,humongous      ] GC(33005) Humongous region 333 (object size 1048592 @ 0x0000000094d00000) remset 0 code roots 0 marked 0 reclaim candidate 0 type array 1
[367.335s][debug][gc,humongous      ] GC(33005) Humongous region 1268 (object size 1048592 @ 0x00000000cf400000) remset 0 code roots 0 marked 0 reclaim candidate 0 type array 1
[367.335s][debug][gc,humongous      ] GC(33005) Humongous region 335 (object size 1048592 @ 0x0000000094f00000) remset 0 code roots 0 marked 0 reclaim candidate 0 type array 1
[367.335s][debug][gc,humongous      ] GC(33005) Humongous region 1270 (object size 1048592 @ 0x00000000cf600000) remset 0 code roots 0 marked 0 reclaim candidate 0 type array 1
[367.334s][debug][gc,humongous      ] GC(33005) Humongous region 1744 (object size 1048592 @ 0x00000000ed000000) remset 0 code roots 0 marked 0 reclaim candidate 0 type array 1
[367.335s][debug][gc,humongous      ] GC(33005) Humongous region 1431 (object size 1048592 @ 0x00000000d9700000) remset 0 code roots 0 marked 0 reclaim candidate 0 type array 1
[367.335s][debug][gc,humongous      ] GC(33005) Humongous region 1746 (object size 1048592 @ 0x00000000ed200000) remset 0 code roots 0 marked 0 reclaim candidate 0 type array 1
[367.335s][debug][gc,humongous      ] GC(33005) Humongous region 798 (object size 1048592 @ 0x00000000b1e00000) remset 0 code roots 0 marked 0 reclaim candidate 0 type array 1
[367.335s][debug][gc,humongous      ] GC(33005) Humongous region 481 (object size 1048592 @ 0x000000009e100000) remset 0 code roots 0 marked 0 reclaim candidate 0 type array 1
[367.335s][debug][gc,humongous      ] GC(33005) Humongous region 483 (object size 1048592 @ 0x000000009e300000) remset 0 code roots 0 marked 0 reclaim candidate 0 type array 1
[367.334s][debug][gc,humongous      ] GC(33005) Humongous region 19 (object size 1048592 @ 0x0000000081300000) remset 0 code roots 0 marked 0 reclaim candidate 0 type array 1
[367.335s][debug][gc,humongous      ] GC(33005) Humongous region 485 (object size 1048592 @ 0x000000009e500000) remset 0 code roots 0 marked 0 reclaim candidate 0 type array 1
[367.335s][debug][gc,humongous      ] GC(33005) Humongous region 21 (object size 1048592 @ 0x0000000081500000) remset 0 code roots 0 marked 0 reclaim candidate 0 type array 1
[367.335s][debug][gc,humongous      ] GC(33005) Humongous region 23 (object size 1048592 @ 0x0000000081700000) remset 0 code roots 0 marked 0 reclaim candidate 0 type array 1
[367.335s][debug][gc,humongous      ] GC(33005) Humongous region 25 (object size 1048592 @ 0x0000000081900000) remset 0 code roots 0 marked 0 reclaim candidate 0 type array 1
[367.335s][debug][gc,humongous      ] GC(33005) Humongous region 487 (object size 1048592 @ 0x000000009e700000) remset 0 code roots 0 marked 0 reclaim candidate 0 type array 1
[367.335s][debug][gc,humongous      ] GC(33005) Humongous region 27 (object size 1048592 @ 0x0000000081b00000) remset 0 code roots 0 marked 0 reclaim candidate 0 type array 1
[367.335s][debug][gc,humongous      ] GC(33005) Humongous region 1589 (object size 1048592 @ 0x00000000e3500000) remset 0 code roots 0 marked 0 reclaim candidate 0 type array 1
[367.335s][debug][gc,humongous      ] GC(33005) Humongous region 29 (object size 1048592 @ 0x0000000081d00000) remset 0 code roots 0 marked 0 reclaim candidate 0 type array 1
[367.335s][debug][gc,humongous      ] GC(33005) Humongous region 1591 (object size 1048592 @ 0x00000000e3700000) remset 0 code roots 0 marked 0 reclaim candidate 0 type array 1
[367.335s][debug][gc,humongous      ] GC(33005) Humongous region 800 (object size 1048592 @ 0x00000000b2000000) remset 0 code roots 0 marked 0 reclaim candidate 0 type array 1
[367.335s][debug][gc,humongous      ] GC(33005) Humongous region 1908 (object size 1048592 @ 0x00000000f7400000) remset 0 code roots 0 marked 0 reclaim candidate 0 type array 1
[367.335s][debug][gc,humongous      ] GC(33005) Humongous region 802 (object size 1048592 @ 0x00000000b2200000) remset 0 code roots 0 marked 0 reclaim candidate 0 type array 1
[367.334s][debug][gc,humongous      ] GC(33005) Humongous region 644 (object size 1048592 @ 0x00000000a8400000) remset 0 code roots 0 marked 0 reclaim candidate 0 type array 1
[367.335s][debug][gc,humongous      ] GC(33005) Humongous region 804 (object size 1048592 @ 0x00000000b2400000) remset 0 code roots 0 marked 0 reclaim candidate 0 type array 1
[367.335s][debug][gc,humongous      ] GC(33005) Humongous region 646 (object size 1048592 @ 0x00000000a8600000) remset 0 code roots 0 marked 0 reclaim candidate 0 type array 1
[367.335s][debug][gc,humongous      ] GC(33005) Humongous region 806 (object size 1048592 @ 0x00000000b2600000) remset 0 code roots 0 marked 0 reclaim candidate 0 type array 1
[367.335s][debug][gc,humongous      ] GC(33005) Humongous region 177 (object size 1048592 @ 0x000000008b100000) remset 0 code roots 0 marked 0 reclaim candidate 0 type array 1
[367.335s][debug][gc,humongous      ] GC(33005) Humongous region 489 (object size 1048592 @ 0x000000009e900000) remset 0 code roots 0 marked 0 reclaim candidate 0 type array 1
[367.335s][debug][gc,humongous      ] GC(33005) Humongous region 179 (object size 1048592 @ 0x000000008b300000) remset 0 code roots 0 marked 0 reclaim candidate 0 type array 1
[367.335s][debug][gc,humongous      ] GC(33005) Humongous region 1748 (object size 1048592 @ 0x00000000ed400000) remset 0 code roots 0 marked 0 reclaim candidate 0 type array 1
[367.335s][debug][gc,humongous      ] GC(33005) Humongous region 181 (object size 1048592 @ 0x000000008b500000) remset 0 code roots 0 marked 0 reclaim candidate 0 type array 1
[367.335s][debug][gc,humongous      ] GC(33005) Humongous region 1750 (object size 1048592 @ 0x00000000ed600000) remset 0 code roots 0 marked 0 reclaim candidate 0 type array 1
[367.335s][debug][gc,humongous      ] GC(33005) Humongous region 183 (object size 1048592 @ 0x000000008b700000) remset 0 code roots 0 marked 0 reclaim candidate 0 type array 1
[367.335s][debug][gc,humongous      ] GC(33005) Humongous region 1910 (object size 1048592 @ 0x00000000f7600000) remset 0 code roots 0 marked 0 reclaim candidate 0 type array 1
[367.335s][debug][gc,humongous      ] GC(33005) Humongous region 337 (object size 1048592 @ 0x0000000095100000) remset 0 code roots 0 marked 0 reclaim candidate 0 type array 1
[367.335s][debug][gc,humongous      ] GC(33005) Humongous region 1272 (object size 1048592 @ 0x00000000cf800000) remset 0 code roots 0 marked 0 reclaim candidate 0 type array 1
[367.335s][debug][gc,humongous      ] GC(33005) Humongous region 1119 (object size 1048592 @ 0x00000000c5f00000) remset 0 code roots 0 marked 0 reclaim candidate 0 type array 1
[367.335s][debug][gc,humongous      ] GC(33005) Humongous region 1274 (object size 1048592 @ 0x00000000cfa00000) remset 0 code roots 0 marked 0 reclaim candidate 0 type array 1
[367.335s][debug][gc,humongous      ] GC(33005) Humongous region 808 (object size 1048592 @ 0x00000000b2800000) remset 0 code roots 0 marked 0 reclaim candidate 0 type array 1
[367.335s][debug][gc,humongous      ] GC(33005) Humongous region 1433 (object size 1048592 @ 0x00000000d9900000) remset 0 code roots 0 marked 0 reclaim candidate 0 type array 1
[367.335s][debug][gc,humongous      ] GC(33005) Humongous region 810 (object size 1048592 @ 0x00000000b2a00000) remset 0 code roots 0 marked 0 reclaim candidate 0 type array 1
[367.335s][debug][gc,humongous      ] GC(33005) Humongous region 31 (object size 1048592 @ 0x0000000081f00000) remset 0 code roots 0 marked 0 reclaim candidate 0 type array 1
[367.335s][debug][gc,humongous      ] GC(33005) Humongous region 1593 (object size 1048592 @ 0x00000000e3900000) remset 0 code roots 0 marked 0 reclaim candidate 0 type array 1
[367.335s][debug][gc,humongous      ] GC(33005) Humongous region 33 (object size 1048592 @ 0x0000000082100000) remset 0 code roots 0 marked 0 reclaim candidate 0 type array 1
[367.335s][debug][gc,humongous      ] GC(33005) Humongous region 1595 (object size 1048592 @ 0x00000000e3b00000) remset 0 code roots 0 marked 0 reclaim candidate 0 type array 1
[367.335s][debug][gc,humongous      ] GC(33005) Humongous region 35 (object size 1048592 @ 0x0000000082300000) remset 0 code roots 0 marked 0 reclaim candidate 0 type array 1
[367.335s][debug][gc,humongous      ] GC(33005) Humongous region 1597 (object size 1048592 @ 0x00000000e3d00000) remset 0 code roots 0 marked 0 reclaim candidate 0 type array 1
[367.335s][debug][gc,humongous      ] GC(33005) Humongous region 37 (object size 1048592 @ 0x0000000082500000) remset 0 code roots 0 marked 0 reclaim candidate 0 type array 1
[367.335s][debug][gc,humongous      ] GC(33005) Humongous region 1599 (object size 1048592 @ 0x00000000e3f00000) remset 0 code roots 0 marked 0 reclaim candidate 0 type array 1
[367.335s][debug][gc,humongous      ] GC(33005) Humongous region 1121 (object size 1048592 @ 0x00000000c6100000) remset 0 code roots 0 marked 0 reclaim candidate 0 type array 1
[367.335s][debug][gc,humongous      ] GC(33005) Humongous region 1123 (object size 1048592 @ 0x00000000c6300000) remset 0 code roots 0 marked 0 reclaim candidate 0 type array 1
[367.335s][debug][gc,humongous      ] GC(33005) Humongous region 1125 (object size 1048592 @ 0x00000000c6500000) remset 0 code roots 0 marked 0 reclaim candidate 0 type array 1
[367.335s][debug][gc,humongous      ] GC(33005) Humongous region 491 (object size 1048592 @ 0x000000009eb00000) remset 0 code roots 0 marked 0 reclaim candidate 0 type array 1
[367.335s][debug][gc,humongous      ] GC(33005) Humongous region 1127 (object size 1048592 @ 0x00000000c6700000) remset 0 code roots 0 marked 0 reclaim candidate 0 type array 1
[367.335s][debug][gc,humongous      ] GC(33005) Humongous region 957 (object size 1048592 @ 0x00000000bbd00000) remset 0 code roots 0 marked 0 reclaim candidate 0 type array 1
[367.335s][debug][gc,humongous      ] GC(33005) Humongous region 1752 (object size 1048592 @ 0x00000000ed800000) remset 0 code roots 0 marked 0 reclaim candidate 0 type array 1
[367.335s][debug][gc,humongous      ] GC(33005) Humongous region 959 (object size 1048592 @ 0x00000000bbf00000) remset 0 code roots 0 marked 0 reclaim candidate 0 type array 1
[367.335s][debug][gc,humongous      ] GC(33005) Humongous region 1754 (object size 1048592 @ 0x00000000eda00000) remset 0 code roots 0 marked 0 reclaim candidate 0 type array 1
[367.335s][debug][gc,humongous      ] GC(33005) Humongous region 339 (object size 1048592 @ 0x0000000095300000) remset 0 code roots 0 marked 0 reclaim candidate 0 type array 1
[367.335s][debug][gc,humongous      ] GC(33005) Humongous region 1756 (object size 1048592 @ 0x00000000edc00000) remset 0 code roots 0 marked 0 reclaim candidate 0 type array 1
[367.335s][debug][gc,humongous      ] GC(33005) Humongous region 341 (object size 1048592 @ 0x0000000095500000) remset 0 code roots 0 marked 0 reclaim candidate 0 type array 1
[367.335s][debug][gc,humongous      ] GC(33005) Humongous region 1758 (object size 1048592 @ 0x00000000ede00000) remset 0 code roots 0 marked 0 reclaim candidate 0 type array 1
[367.335s][debug][gc,humongous      ] GC(33005) Humongous region 812 (object size 1048592 @ 0x00000000b2c00000) remset 0 code roots 0 marked 0 reclaim candidate 0 type array 1
[367.335s][debug][gc,humongous      ] GC(33005) Humongous region 1760 (object size 1048592 @ 0x00000000ee000000) remset 0 code roots 0 marked 0 reclaim candidate 0 type array 1
[367.335s][debug][gc,humongous      ] GC(33005) Humongous region 493 (object size 1048592 @ 0x000000009ed00000) remset 0 code roots 0 marked 0 reclaim candidate 0 type array 1
[367.335s][debug][gc,humongous      ] GC(33005) Humongous region 1762 (object size 1048592 @ 0x00000000ee200000) remset 0 code roots 0 marked 0 reclaim candidate 0 type array 1
[367.335s][debug][gc,humongous      ] GC(33005) Humongous region 495 (object size 1048592 @ 0x000000009ef00000) remset 0 code roots 0 marked 0 reclaim candidate 0 type array 1
[367.335s][debug][gc,humongous      ] GC(33005) Humongous region 1764 (object size 1048592 @ 0x00000000ee400000) remset 0 code roots 0 marked 0 reclaim candidate 0 type array 1
[367.335s][debug][gc,humongous      ] GC(33005) Humongous region 1912 (object size 1048592 @ 0x00000000f7800000) remset 0 code roots 0 marked 0 reclaim candidate 0 type array 1
[367.335s][debug][gc,humongous      ] GC(33005) Humongous region 961 (object size 1048592 @ 0x00000000bc100000) remset 0 code roots 0 marked 0 reclaim candidate 0 type array 1
[367.335s][debug][gc,humongous      ] GC(33005) Humongous region 648 (object size 1048592 @ 0x00000000a8800000) remset 0 code roots 0 marked 0 reclaim candidate 0 type array 1
[367.335s][debug][gc,humongous      ] GC(33005) Humongous region 39 (object size 1048592 @ 0x0000000082700000) remset 0 code roots 0 marked 0 reclaim candidate 0 type array 1
[367.335s][debug][gc,humongous      ] GC(33005) Humongous region 1276 (object size 1048592 @ 0x00000000cfc00000) remset 0 code roots 0 marked 0 reclaim candidate 0 type array 1
[367.335s][debug][gc,humongous      ] GC(33005) Humongous region 1601 (object size 1048592 @ 0x00000000e4100000) remset 0 code roots 0 marked 0 reclaim candidate 0 type array 1
[367.335s][debug][gc,humongous      ] GC(33005) Humongous region 343 (object size 1048592 @ 0x0000000095700000) remset 0 code roots 0 marked 0 reclaim candidate 0 type array 1
[367.335s][debug][gc,humongous      ] GC(33005) Humongous region 816 (object size 1048592 @ 0x00000000b3000000) remset 0 code roots 0 marked 0 reclaim candidate 0 type array 1
[367.335s][debug][gc,humongous      ] GC(33005) Humongous region 1435 (object size 1048592 @ 0x00000000d9b00000) remset 0 code roots 0 marked 0 reclaim candidate 0 type array 1
[367.336s][debug][gc,humongous      ] GC(33005) Humongous region 818 (object size 1048592 @ 0x00000000b3200000) remset 0 code roots 0 marked 0 reclaim candidate 0 type array 1
[367.336s][debug][gc,humongous      ] GC(33005) Humongous region 820 (object size 1048592 @ 0x00000000b3400000) remset 0 code roots 0 marked 0 reclaim candidate 0 type array 1
[367.336s][debug][gc,humongous      ] GC(33005) Humongous region 822 (object size 1048592 @ 0x00000000b3600000) remset 0 code roots 0 marked 0 reclaim candidate 0 type array 1
[367.336s][debug][gc,humongous      ] GC(33005) Humongous region 1914 (object size 1048592 @ 0x00000000f7a00000) remset 0 code roots 0 marked 0 reclaim candidate 0 type array 1
[367.336s][debug][gc,humongous      ] GC(33005) Humongous region 824 (object size 1048592 @ 0x00000000b3800000) remset 0 code roots 0 marked 0 reclaim candidate 0 type array 1
[367.336s][debug][gc,humongous      ] GC(33005) Humongous region 963 (object size 1048592 @ 0x00000000bc300000) remset 0 code roots 0 marked 0 reclaim candidate 0 type array 1
[367.336s][debug][gc,humongous      ] GC(33005) Humongous region 826 (object size 1048592 @ 0x00000000b3a00000) remset 0 code roots 0 marked 0 reclaim candidate 0 type array 1
[367.336s][debug][gc,humongous      ] GC(33005) Humongous region 41 (object size 1048592 @ 0x0000000082900000) remset 0 code roots 0 marked 0 reclaim candidate 0 type array 1
[367.335s][debug][gc,humongous      ] GC(33005) Humongous region 1129 (object size 1048592 @ 0x00000000c6900000) remset 0 code roots 0 marked 0 reclaim candidate 0 type array 1
[367.336s][debug][gc,humongous      ] GC(33005) Humongous region 43 (object size 1048592 @ 0x0000000082b00000) remset 0 code roots 0 marked 0 reclaim candidate 0 type array 1
[367.336s][debug][gc,humongous      ] GC(33005) Humongous region 345 (object size 1048592 @ 0x0000000095900000) remset 0 code roots 0 marked 0 reclaim candidate 0 type array 1
[367.336s][debug][gc,humongous      ] GC(33005) Humongous region 1603 (object size 1048592 @ 0x00000000e4300000) remset 0 code roots 0 marked 0 reclaim candidate 0 type array 1
[367.336s][debug][gc,humongous      ] GC(33005) Humongous region 349 (object size 1048592 @ 0x0000000095d00000) remset 0 code roots 0 marked 0 reclaim candidate 0 type array 1
[367.336s][debug][gc,humongous      ] GC(33005) Humongous region 1605 (object size 1048592 @ 0x00000000e4500000) remset 0 code roots 0 marked 0 reclaim candidate 0 type array 1
[367.336s][debug][gc,humongous      ] GC(33005) Humongous region 497 (object size 1048592 @ 0x000000009f100000) remset 0 code roots 0 marked 0 reclaim candidate 0 type array 1
[367.336s][debug][gc,humongous      ] GC(33005) Humongous region 1916 (object size 1048592 @ 0x00000000f7c00000) remset 0 code roots 0 marked 0 reclaim candidate 0 type array 1
[367.336s][debug][gc,humongous      ] GC(33005) Humongous region 499 (object size 1048592 @ 0x000000009f300000) remset 0 code roots 0 marked 0 reclaim candidate 0 type array 1
[367.336s][debug][gc,humongous      ] GC(33005) Humongous region 650 (object size 1048592 @ 0x00000000a8a00000) remset 0 code roots 0 marked 0 reclaim candidate 0 type array 1
[367.336s][debug][gc,humongous      ] GC(33005) Humongous region 501 (object size 1048592 @ 0x000000009f500000) remset 0 code roots 0 marked 0 reclaim candidate 0 type array 1
[367.336s][debug][gc,humongous      ] GC(33005) Humongous region 828 (object size 1048592 @ 0x00000000b3c00000) remset 0 code roots 0 marked 0 reclaim candidate 0 type array 1
[367.336s][debug][gc,humongous      ] GC(33005) Humongous region 503 (object size 1048592 @ 0x000000009f700000) remset 0 code roots 0 marked 0 reclaim candidate 0 type array 1
[367.336s][debug][gc,humongous      ] GC(33005) Humongous region 830 (object size 1048592 @ 0x00000000b3e00000) remset 0 code roots 0 marked 0 reclaim candidate 0 type array 1
[367.335s][debug][gc,humongous      ] GC(33005) Humongous region 185 (object size 1048592 @ 0x000000008b900000) remset 0 code roots 0 marked 0 reclaim candidate 0 type array 1
[367.336s][debug][gc,humongous      ] GC(33005) Humongous region 832 (object size 1048592 @ 0x00000000b4000000) remset 0 code roots 0 marked 0 reclaim candidate 0 type array 1
[367.336s][debug][gc,humongous      ] GC(33005) Humongous region 1437 (object size 1048592 @ 0x00000000d9d00000) remset 0 code roots 0 marked 0 reclaim candidate 0 type array 1
[367.336s][debug][gc,humongous      ] GC(33005) Humongous region 1766 (object size 1048592 @ 0x00000000ee600000) remset 0 code roots 0 marked 0 reclaim candidate 0 type array 1
[367.336s][debug][gc,humongous      ] GC(33005) Humongous region 353 (object size 1048592 @ 0x0000000096100000) remset 0 code roots 0 marked 0 reclaim candidate 0 type array 1
[367.336s][debug][gc,humongous      ] GC(33005) Humongous region 1607 (object size 1048592 @ 0x00000000e4700000) remset 0 code roots 0 marked 0 reclaim candidate 0 type array 1
[367.336s][debug][gc,humongous      ] GC(33005) Humongous region 1918 (object size 1048592 @ 0x00000000f7e00000) remset 0 code roots 0 marked 0 reclaim candidate 0 type array 1
[367.336s][debug][gc,humongous      ] GC(33005) Humongous region 965 (object size 1048592 @ 0x00000000bc500000) remset 0 code roots 0 marked 0 reclaim candidate 0 type array 1
[367.336s][debug][gc,humongous      ] GC(33005) Humongous region 652 (object size 1048592 @ 0x00000000a8c00000) remset 0 code roots 0 marked 0 reclaim candidate 0 type array 1
[367.336s][debug][gc,humongous      ] GC(33005) Humongous region 1278 (object size 1048592 @ 0x00000000cfe00000) remset 0 code roots 0 marked 0 reclaim candidate 0 type array 1
[367.336s][debug][gc,humongous      ] GC(33005) Humongous region 45 (object size 1048592 @ 0x0000000082d00000) remset 0 code roots 0 marked 0 reclaim candidate 0 type array 1
[367.336s][debug][gc,humongous      ] GC(33005) Humongous region 1282 (object size 1048592 @ 0x00000000d0200000) remset 0 code roots 0 marked 0 reclaim candidate 0 type array 1
[367.336s][debug][gc,humongous      ] GC(33005) Humongous region 47 (object size 1048592 @ 0x0000000082f00000) remset 0 code roots 0 marked 0 reclaim candidate 0 type array 1
[367.336s][debug][gc,humongous      ] GC(33005) Humongous region 1284 (object size 1048592 @ 0x00000000d0400000) remset 0 code roots 0 marked 0 reclaim candidate 0 type array 1
[367.336s][debug][gc,humongous      ] GC(33005) Humongous region 49 (object size 1048592 @ 0x0000000083100000) remset 0 code roots 0 marked 0 reclaim candidate 0 type array 1
[367.336s][debug][gc,humongous      ] GC(33005) Humongous region 1768 (object size 1048592 @ 0x00000000ee800000) remset 0 code roots 0 marked 0 reclaim candidate 0 type array 1
[367.336s][debug][gc,humongous      ] GC(33005) Humongous region 51 (object size 1048592 @ 0x0000000083300000) remset 0 code roots 0 marked 0 reclaim candidate 0 type array 1
[367.336s][debug][gc,humongous      ] GC(33005) Humongous region 1770 (object size 1048592 @ 0x00000000eea00000) remset 0 code roots 0 marked 0 reclaim candidate 0 type array 1
[367.336s][debug][gc,humongous      ] GC(33005) Humongous region 53 (object size 1048592 @ 0x0000000083500000) remset 0 code roots 0 marked 0 reclaim candidate 0 type array 1
[367.336s][debug][gc,humongous      ] GC(33005) Humongous region 1920 (object size 1048592 @ 0x00000000f8000000) remset 0 code roots 0 marked 0 reclaim candidate 0 type array 1
[367.336s][debug][gc,humongous      ] GC(33005) Humongous region 967 (object size 1048592 @ 0x00000000bc700000) remset 0 code roots 0 marked 0 reclaim candidate 0 type array 1
[367.336s][debug][gc,humongous      ] GC(33005) Humongous region 1131 (object size 1048592 @ 0x00000000c6b00000) remset 0 code roots 0 marked 0 reclaim candidate 0 type array 1
[367.336s][debug][gc,humongous      ] GC(33005) Humongous region 505 (object size 1048592 @ 0x000000009f900000) remset 0 code roots 0 marked 0 reclaim candidate 0 type array 1
[367.336s][debug][gc,humongous      ] GC(33005) Humongous region 1133 (object size 1048592 @ 0x00000000c6d00000) remset 0 code roots 0 marked 0 reclaim candidate 0 type array 1
[367.336s][debug][gc,humongous      ] GC(33005) Humongous region 834 (object size 1048592 @ 0x00000000b4200000) remset 0 code roots 0 marked 0 reclaim candidate 0 type array 1
[367.336s][debug][gc,humongous      ] GC(33005) Humongous region 836 (object size 1048592 @ 0x00000000b4400000) remset 0 code roots 0 marked 0 reclaim candidate 0 type array 1
[367.336s][debug][gc,humongous      ] GC(33005) Humongous region 838 (object size 1048592 @ 0x00000000b4600000) remset 0 code roots 0 marked 0 reclaim candidate 0 type array 1
[367.336s][debug][gc,humongous      ] GC(33005) Humongous region 355 (object size 1048592 @ 0x0000000096300000) remset 0 code roots 0 marked 0 reclaim candidate 0 type array 1
[367.336s][debug][gc,humongous      ] GC(33005) Humongous region 840 (object size 1048592 @ 0x00000000b4800000) remset 0 code roots 0 marked 0 reclaim candidate 0 type array 1
[367.336s][debug][gc,humongous      ] GC(33005) Humongous region 842 (object size 1048592 @ 0x00000000b4a00000) remset 0 code roots 0 marked 0 reclaim candidate 0 type array 1
[367.336s][debug][gc,humongous      ] GC(33005) Humongous region 1772 (object size 1048592 @ 0x00000000eec00000) remset 0 code roots 0 marked 0 reclaim candidate 0 type array 1
[367.336s][debug][gc,humongous      ] GC(33005) Humongous region 1774 (object size 1048592 @ 0x00000000eee00000) remset 0 code roots 0 marked 0 reclaim candidate 0 type array 1
[367.336s][debug][gc,humongous      ] GC(33005) Humongous region 1776 (object size 1048592 @ 0x00000000ef000000) remset 0 code roots 0 marked 0 reclaim candidate 0 type array 1
[367.336s][debug][gc,humongous      ] GC(33005) Humongous region 1778 (object size 1048592 @ 0x00000000ef200000) remset 0 code roots 0 marked 0 reclaim candidate 0 type array 1
[367.336s][debug][gc,humongous      ] GC(33005) Humongous region 507 (object size 1048592 @ 0x000000009fb00000) remset 0 code roots 0 marked 0 reclaim candidate 0 type array 1
[367.336s][debug][gc,humongous      ] GC(33005) Humongous region 1780 (object size 1048592 @ 0x00000000ef400000) remset 0 code roots 0 marked 0 reclaim candidate 0 type array 1
[367.336s][debug][gc,humongous      ] GC(33005) Humongous region 1135 (object size 1048592 @ 0x00000000c6f00000) remset 0 code roots 0 marked 0 reclaim candidate 0 type array 1
[367.336s][debug][gc,humongous      ] GC(33005) Humongous region 1439 (object size 1048592 @ 0x00000000d9f00000) remset 0 code roots 0 marked 0 reclaim candidate 0 type array 1
[367.336s][debug][gc,humongous      ] GC(33005) Humongous region 1137 (object size 1048592 @ 0x00000000c7100000) remset 0 code roots 0 marked 0 reclaim candidate 0 type array 1
[367.336s][debug][gc,humongous      ] GC(33005) Humongous region 187 (object size 1048592 @ 0x000000008bb00000) remset 0 code roots 0 marked 0 reclaim candidate 1 type array 1
[367.336s][debug][gc,humongous      ] GC(33005) Humongous region 1139 (object size 1048592 @ 0x00000000c7300000) remset 0 code roots 0 marked 0 reclaim candidate 0 type array 1
[367.336s][debug][gc,humongous      ] GC(33005) Humongous region 357 (object size 1048592 @ 0x0000000096500000) remset 0 code roots 0 marked 0 reclaim candidate 0 type array 1
[367.336s][debug][gc,humongous      ] GC(33005) Humongous region 1141 (object size 1048592 @ 0x00000000c7500000) remset 0 code roots 0 marked 0 reclaim candidate 0 type array 1
[367.336s][debug][gc,humongous      ] GC(33005) Humongous region 1922 (object size 1048592 @ 0x00000000f8200000) remset 0 code roots 0 marked 0 reclaim candidate 0 type array 1
[367.336s][debug][gc,humongous      ] GC(33005) Humongous region 359 (object size 1048592 @ 0x0000000096700000) remset 0 code roots 0 marked 0 reclaim candidate 0 type array 1
[367.336s][debug][gc,humongous      ] GC(33005) Humongous region 654 (object size 1048592 @ 0x00000000a8e00000) remset 0 code roots 0 marked 0 reclaim candidate 0 type array 1
[367.336s][debug][gc,humongous      ] GC(33005) Humongous region 1924 (object size 1048592 @ 0x00000000f8400000) remset 0 code roots 0 marked 0 reclaim candidate 0 type array 1
[367.336s][debug][gc,humongous      ] GC(33005) Humongous region 509 (object size 1048592 @ 0x000000009fd00000) remset 0 code roots 0 marked 0 reclaim candidate 0 type array 1
[367.336s][debug][gc,humongous      ] GC(33005) Humongous region 1926 (object size 1048592 @ 0x00000000f8600000) remset 0 code roots 0 marked 0 reclaim candidate 0 type array 1
[367.336s][debug][gc,humongous      ] GC(33005) Humongous region 511 (object size 1048592 @ 0x000000009ff00000) remset 0 code roots 0 marked 0 reclaim candidate 0 type array 1
[367.336s][debug][gc,humongous      ] GC(33005) Humongous region 1928 (object size 1048592 @ 0x00000000f8800000) remset 0 code roots 0 marked 0 reclaim candidate 0 type array 1
[367.336s][debug][gc,humongous      ] GC(33005) Humongous region 513 (object size 1048592 @ 0x00000000a0100000) remset 0 code roots 0 marked 0 reclaim candidate 0 type array 1
[367.336s][debug][gc,humongous      ] GC(33005) Humongous region 1930 (object size 1048592 @ 0x00000000f8a00000) remset 0 code roots 0 marked 0 reclaim candidate 0 type array 1
[367.336s][debug][gc,humongous      ] GC(33005) Humongous region 844 (object size 1048592 @ 0x00000000b4c00000) remset 0 code roots 0 marked 0 reclaim candidate 0 type array 1
[367.337s][debug][gc,humongous      ] GC(33005) Humongous region 515 (object size 1048592 @ 0x00000000a0300000) remset 0 code roots 0 marked 0 reclaim candidate 0 type array 1
[367.337s][debug][gc,humongous      ] GC(33005) Humongous region 517 (object size 1048592 @ 0x00000000a0500000) remset 0 code roots 0 marked 0 reclaim candidate 0 type array 1
[367.336s][debug][gc,humongous      ] GC(33005) Humongous region 361 (object size 1048592 @ 0x0000000096900000) remset 0 code roots 0 marked 0 reclaim candidate 0 type array 1
[367.337s][debug][gc,humongous      ] GC(33005) Humongous region 522 (object size 1048592 @ 0x00000000a0a00000) remset 0 code roots 0 marked 0 reclaim candidate 0 type array 1
[367.336s][debug][gc,humongous      ] GC(33005) Humongous region 656 (object size 1048592 @ 0x00000000a9000000) remset 0 code roots 0 marked 0 reclaim candidate 0 type array 1
[367.337s][debug][gc,humongous      ] GC(33005) Humongous region 363 (object size 1048592 @ 0x0000000096b00000) remset 0 code roots 0 marked 0 reclaim candidate 0 type array 1
[367.336s][debug][gc,humongous      ] GC(33005) Humongous region 1286 (object size 1048592 @ 0x00000000d0600000) remset 0 code roots 0 marked 0 reclaim candidate 0 type array 1
[367.336s][debug][gc,humongous      ] GC(33005) Humongous region 1782 (object size 1048592 @ 0x00000000ef600000) remset 0 code roots 0 marked 0 reclaim candidate 0 type array 1
[367.337s][debug][gc,humongous      ] GC(33005) Humongous region 1288 (object size 1048592 @ 0x00000000d0800000) remset 0 code roots 0 marked 0 reclaim candidate 0 type array 1
[367.337s][debug][gc,humongous      ] GC(33005) Humongous region 1784 (object size 1048592 @ 0x00000000ef800000) remset 0 code roots 0 marked 0 reclaim candidate 0 type array 1
[367.337s][debug][gc,humongous      ] GC(33005) Humongous region 1290 (object size 1048592 @ 0x00000000d0a00000) remset 0 code roots 0 marked 0 reclaim candidate 0 type array 1
[367.336s][debug][gc,humongous      ] GC(33005) Humongous region 1143 (object size 1048592 @ 0x00000000c7700000) remset 0 code roots 0 marked 0 reclaim candidate 0 type array 1
[367.336s][debug][gc,humongous      ] GC(33005) Humongous region 969 (object size 1048592 @ 0x00000000bc900000) remset 0 code roots 0 marked 0 reclaim candidate 0 type array 1
[367.337s][debug][gc,humongous      ] GC(33005) Humongous region 846 (object size 1048592 @ 0x00000000b4e00000) remset 0 code roots 0 marked 0 reclaim candidate 0 type array 1
[367.337s][debug][gc,humongous      ] GC(33005) Humongous region 973 (object size 1048592 @ 0x00000000bcd00000) remset 0 code roots 0 marked 0 reclaim candidate 0 type array 1
[367.337s][debug][gc,humongous      ] GC(33005) Humongous region 848 (object size 1048592 @ 0x00000000b5000000) remset 0 code roots 0 marked 0 reclaim candidate 0 type array 1
[367.337s][debug][gc,humongous      ] GC(33005) Humongous region 365 (object size 1048592 @ 0x0000000096d00000) remset 0 code roots 0 marked 0 reclaim candidate 0 type array 1
[367.337s][debug][gc,humongous      ] GC(33005) Humongous region 850 (object size 1048592 @ 0x00000000b5200000) remset 0 code roots 0 marked 0 reclaim candidate 0 type array 1
[367.336s][debug][gc,humongous      ] GC(33005) Humongous region 1441 (object size 1048592 @ 0x00000000da100000) remset 0 code roots 0 marked 0 reclaim candidate 0 type array 1
[367.336s][debug][gc,humongous      ] GC(33005) Humongous region 1609 (object size 1048592 @ 0x00000000e4900000) remset 0 code roots 0 marked 0 reclaim candidate 0 type array 1
[367.336s][debug][gc,humongous      ] GC(33005) Humongous region 189 (object size 1048592 @ 0x000000008bd00000) remset 0 code roots 0 marked 0 reclaim candidate 0 type array 1
[367.337s][debug][gc,humongous      ] GC(33005) Humongous region 1932 (object size 1048592 @ 0x00000000f8c00000) remset 0 code roots 0 marked 0 reclaim candidate 0 type array 1
[367.337s][debug][gc,humongous      ] GC(33005) Humongous region 1786 (object size 1048592 @ 0x00000000efa00000) remset 0 code roots 0 marked 0 reclaim candidate 0 type array 1
[367.337s][debug][gc,humongous      ] GC(33005) Humongous region 1934 (object size 1048592 @ 0x00000000f8e00000) remset 0 code roots 0 marked 0 reclaim candidate 0 type array 1
[367.337s][debug][gc,humongous      ] GC(33005) Humongous region 1145 (object size 1048592 @ 0x00000000c7900000) remset 0 code roots 0 marked 0 reclaim candidate 0 type array 1
[367.337s][debug][gc,humongous      ] GC(33005) Humongous region 975 (object size 1048592 @ 0x00000000bcf00000) remset 0 code roots 0 marked 0 reclaim candidate 0 type array 1
[367.337s][debug][gc,humongous      ] GC(33005) Humongous region 978 (object size 1048592 @ 0x00000000bd200000) remset 0 code roots 0 marked 0 reclaim candidate 0 type array 1
[367.337s][debug][gc,humongous      ] GC(33005) Humongous region 980 (object size 1048592 @ 0x00000000bd400000) remset 0 code roots 0 marked 0 reclaim candidate 0 type array 1
[367.337s][debug][gc,humongous      ] GC(33005) Humongous region 367 (object size 1048592 @ 0x0000000096f00000) remset 0 code roots 0 marked 0 reclaim candidate 0 type array 1
[367.337s][debug][gc,humongous      ] GC(33005) Humongous region 852 (object size 1048592 @ 0x00000000b5400000) remset 0 code roots 0 marked 0 reclaim candidate 0 type array 1
[367.337s][debug][gc,humongous      ] GC(33005) Humongous region 369 (object size 1048592 @ 0x0000000097100000) remset 0 code roots 0 marked 0 reclaim candidate 0 type array 1
[367.337s][debug][gc,humongous      ] GC(33005) Humongous region 371 (object size 1048592 @ 0x0000000097300000) remset 0 code roots 0 marked 0 reclaim candidate 0 type array 1
[367.337s][debug][gc,humongous      ] GC(33005) Humongous region 191 (object size 1048592 @ 0x000000008bf00000) remset 0 code roots 0 marked 0 reclaim candidate 0 type array 1
[367.337s][debug][gc,humongous      ] GC(33005) Humongous region 373 (object size 1048592 @ 0x0000000097500000) remset 0 code roots 0 marked 0 reclaim candidate 0 type array 1
[367.337s][debug][gc,humongous      ] GC(33005) Humongous region 1292 (object size 1048592 @ 0x00000000d0c00000) remset 0 code roots 0 marked 0 reclaim candidate 0 type array 1
[367.337s][debug][gc,humongous      ] GC(33005) Humongous region 1788 (object size 1048592 @ 0x00000000efc00000) remset 0 code roots 0 marked 0 reclaim candidate 0 type array 1
[367.336s][debug][gc,humongous      ] GC(33005) Humongous region 56 (object size 1048592 @ 0x0000000083800000) remset 0 code roots 0 marked 0 reclaim candidate 0 type array 1
[367.337s][debug][gc,humongous      ] GC(33005) Humongous region 1936 (object size 1048592 @ 0x00000000f9000000) remset 0 code roots 0 marked 0 reclaim candidate 0 type array 1
[367.337s][debug][gc,humongous      ] GC(33005) Humongous region 58 (object size 1048592 @ 0x0000000083a00000) remset 0 code roots 0 marked 0 reclaim candidate 0 type array 1
[367.337s][debug][gc,humongous      ] GC(33005) Humongous region 1147 (object size 1048592 @ 0x00000000c7b00000) remset 0 code roots 0 marked 0 reclaim candidate 0 type array 1
[367.337s][debug][gc,humongous      ] GC(33005) Humongous region 658 (object size 1048592 @ 0x00000000a9200000) remset 0 code roots 0 marked 0 reclaim candidate 0 type array 1
[367.337s][debug][gc,humongous      ] GC(33005) Humongous region 1149 (object size 1048592 @ 0x00000000c7d00000) remset 0 code roots 0 marked 0 reclaim candidate 0 type array 1
[367.337s][debug][gc,humongous      ] GC(33005) Humongous region 1443 (object size 1048592 @ 0x00000000da300000) remset 0 code roots 0 marked 0 reclaim candidate 0 type array 1
[367.337s][debug][gc,humongous      ] GC(33005) Humongous region 854 (object size 1048592 @ 0x00000000b5600000) remset 0 code roots 0 marked 0 reclaim candidate 0 type array 1
[367.337s][debug][gc,humongous      ] GC(33005) Humongous region 1445 (object size 1048592 @ 0x00000000da500000) remset 0 code roots 0 marked 0 reclaim candidate 0 type array 1
[367.337s][debug][gc,humongous      ] GC(33005) Humongous region 856 (object size 1048592 @ 0x00000000b5800000) remset 0 code roots 0 marked 0 reclaim candidate 0 type array 1
[367.337s][debug][gc,humongous      ] GC(33005) Humongous region 1447 (object size 1048592 @ 0x00000000da700000) remset 0 code roots 0 marked 0 reclaim candidate 0 type array 1
[367.337s][debug][gc,humongous      ] GC(33005) Humongous region 858 (object size 1048592 @ 0x00000000b5a00000) remset 0 code roots 0 marked 0 reclaim candidate 0 type array 1
[367.337s][debug][gc,humongous      ] GC(33005) Humongous region 1449 (object size 1048592 @ 0x00000000da900000) remset 0 code roots 0 marked 0 reclaim candidate 0 type array 1
[367.337s][debug][gc,humongous      ] GC(33005) Humongous region 860 (object size 1048592 @ 0x00000000b5c00000) remset 0 code roots 0 marked 0 reclaim candidate 0 type array 1
[367.337s][debug][gc,humongous      ] GC(33005) Humongous region 1938 (object size 1048592 @ 0x00000000f9200000) remset 0 code roots 0 marked 0 reclaim candidate 0 type array 1
[367.337s][debug][gc,humongous      ] GC(33005) Humongous region 60 (object size 1048592 @ 0x0000000083c00000) remset 0 code roots 0 marked 0 reclaim candidate 0 type array 1
[367.337s][debug][gc,humongous      ] GC(33005) Humongous region 1940 (object size 1048592 @ 0x00000000f9400000) remset 0 code roots 0 marked 0 reclaim candidate 0 type array 1
[367.337s][debug][gc,humongous      ] GC(33005) Humongous region 1151 (object size 1048592 @ 0x00000000c7f00000) remset 0 code roots 0 marked 0 reclaim candidate 0 type array 1
[367.337s][debug][gc,humongous      ] GC(33005) Humongous region 1611 (object size 1048592 @ 0x00000000e4b00000) remset 0 code roots 0 marked 0 reclaim candidate 0 type array 1
[367.337s][debug][gc,humongous      ] GC(33005) Humongous region 660 (object size 1048592 @ 0x00000000a9400000) remset 0 code roots 0 marked 0 reclaim candidate 0 type array 1
[367.337s][debug][gc,humongous      ] GC(33005) Humongous region 193 (object size 1048592 @ 0x000000008c100000) remset 0 code roots 0 marked 0 reclaim candidate 0 type array 1
[367.337s][debug][gc,humongous      ] GC(33005) Humongous region 375 (object size 1048592 @ 0x0000000097700000) remset 0 code roots 0 marked 0 reclaim candidate 0 type array 1
[367.337s][debug][gc,humongous      ] GC(33005) Humongous region 1294 (object size 1048592 @ 0x00000000d0e00000) remset 0 code roots 0 marked 0 reclaim candidate 0 type array 1
[367.337s][debug][gc,humongous      ] GC(33005) Humongous region 1790 (object size 1048592 @ 0x00000000efe00000) remset 0 code roots 0 marked 0 reclaim candidate 0 type array 1
[367.337s][debug][gc,humongous      ] GC(33005) Humongous region 1296 (object size 1048592 @ 0x00000000d1000000) remset 0 code roots 0 marked 0 reclaim candidate 0 type array 1
[367.337s][debug][gc,humongous      ] GC(33005) Humongous region 1792 (object size 1048592 @ 0x00000000f0000000) remset 0 code roots 0 marked 0 reclaim candidate 0 type array 1
[367.337s][debug][gc,humongous      ] GC(33005) Humongous region 862 (object size 1048592 @ 0x00000000b5e00000) remset 0 code roots 0 marked 0 reclaim candidate 0 type array 1
[367.337s][debug][gc,humongous      ] GC(33005) Humongous region 1298 (object size 1048592 @ 0x00000000d1200000) remset 0 code roots 0 marked 0 reclaim candidate 0 type array 1
[367.337s][debug][gc,humongous      ] GC(33005) Humongous region 62 (object size 1048592 @ 0x0000000083e00000) remset 0 code roots 0 marked 0 reclaim candidate 0 type array 1
[367.337s][debug][gc,humongous      ] GC(33005) Humongous region 1942 (object size 1048592 @ 0x00000000f9600000) remset 0 code roots 0 marked 0 reclaim candidate 0 type array 1
[367.337s][debug][gc,humongous      ] GC(33005) Humongous region 1153 (object size 1048592 @ 0x00000000c8100000) remset 0 code roots 0 marked 0 reclaim candidate 0 type array 1
[367.337s][debug][gc,humongous      ] GC(33005) Humongous region 1613 (object size 1048592 @ 0x00000000e4d00000) remset 0 code roots 0 marked 0 reclaim candidate 0 type array 1
[367.337s][debug][gc,humongous      ] GC(33005) Humongous region 662 (object size 1048592 @ 0x00000000a9600000) remset 0 code roots 0 marked 0 reclaim candidate 0 type array 1
[367.337s][debug][gc,humongous      ] GC(33005) Humongous region 1615 (object size 1048592 @ 0x00000000e4f00000) remset 0 code roots 0 marked 0 reclaim candidate 0 type array 1
[367.337s][debug][gc,humongous      ] GC(33005) Humongous region 665 (object size 1048592 @ 0x00000000a9900000) remset 0 code roots 0 marked 0 reclaim candidate 0 type array 1
[367.337s][debug][gc,humongous      ] GC(33005) Humongous region 1617 (object size 1048592 @ 0x00000000e5100000) remset 0 code roots 0 marked 0 reclaim candidate 0 type array 1
[367.337s][debug][gc,humongous      ] GC(33005) Humongous region 667 (object size 1048592 @ 0x00000000a9b00000) remset 0 code roots 0 marked 0 reclaim candidate 0 type array 1
[367.337s][debug][gc,humongous      ] GC(33005) Humongous region 1619 (object size 1048592 @ 0x00000000e5300000) remset 0 code roots 0 marked 0 reclaim candidate 0 type array 1
[367.337s][debug][gc,humongous      ] GC(33005) Humongous region 982 (object size 1048592 @ 0x00000000bd600000) remset 0 code roots 0 marked 0 reclaim candidate 0 type array 1
[367.337s][debug][gc,humongous      ] GC(33005) Humongous region 867 (object size 1048592 @ 0x00000000b6300000) remset 0 code roots 0 marked 0 reclaim candidate 0 type array 1
[367.337s][debug][gc,humongous      ] GC(33005) Humongous region 1300 (object size 1048592 @ 0x00000000d1400000) remset 0 code roots 0 marked 0 reclaim candidate 0 type array 1
[367.337s][debug][gc,humongous      ] GC(33005) Humongous region 64 (object size 1048592 @ 0x0000000084000000) remset 0 code roots 0 marked 0 reclaim candidate 0 type array 1
[367.337s][debug][gc,humongous      ] GC(33005) Humongous region 1944 (object size 1048592 @ 0x00000000f9800000) remset 0 code roots 0 marked 0 reclaim candidate 0 type array 1
[367.337s][debug][gc,humongous      ] GC(33005) Humongous region 1155 (object size 1048592 @ 0x00000000c8300000) remset 0 code roots 0 marked 0 reclaim candidate 0 type array 1
[367.337s][debug][gc,humongous      ] GC(33005) Humongous region 195 (object size 1048592 @ 0x000000008c300000) remset 0 code roots 0 marked 0 reclaim candidate 1 type array 1
[367.337s][debug][gc,humongous      ] GC(33005) Humongous region 377 (object size 1048592 @ 0x0000000097900000) remset 0 code roots 0 marked 0 reclaim candidate 0 type array 1
[367.337s][debug][gc,humongous      ] GC(33005) Humongous region 524 (object size 1048592 @ 0x00000000a0c00000) remset 0 code roots 0 marked 0 reclaim candidate 0 type array 1
[367.338s][debug][gc,humongous      ] GC(33005) Humongous region 379 (object size 1048592 @ 0x0000000097b00000) remset 0 code roots 0 marked 0 reclaim candidate 0 type array 1
[367.338s][debug][gc,humongous      ] GC(33005) Humongous region 526 (object size 1048592 @ 0x00000000a0e00000) remset 0 code roots 0 marked 0 reclaim candidate 0 type array 1
[367.338s][debug][gc,humongous      ] GC(33005) Humongous region 381 (object size 1048592 @ 0x0000000097d00000) remset 0 code roots 0 marked 0 reclaim candidate 0 type array 1
[367.337s][debug][gc,humongous      ] GC(33005) Humongous region 1621 (object size 1048592 @ 0x00000000e5500000) remset 0 code roots 0 marked 0 reclaim candidate 0 type array 1
[367.337s][debug][gc,humongous      ] GC(33005) Humongous region 984 (object size 1048592 @ 0x00000000bd800000) remset 0 code roots 0 marked 0 reclaim candidate 0 type array 1
[367.338s][debug][gc,humongous      ] GC(33005) Humongous region 1623 (object size 1048592 @ 0x00000000e5700000) remset 0 code roots 0 marked 0 reclaim candidate 0 type array 1
[367.337s][debug][gc,humongous      ] GC(33005) Humongous region 1302 (object size 1048592 @ 0x00000000d1600000) remset 0 code roots 0 marked 0 reclaim candidate 0 type array 1
[367.337s][debug][gc,humongous      ] GC(33005) Humongous region 66 (object size 1048592 @ 0x0000000084200000) remset 0 code roots 0 marked 0 reclaim candidate 0 type array 1
[367.337s][debug][gc,humongous      ] GC(33005) Humongous region 1946 (object size 1048592 @ 0x00000000f9a00000) remset 0 code roots 0 marked 0 reclaim candidate 0 type array 1
[367.338s][debug][gc,humongous      ] GC(33005) Humongous region 68 (object size 1048592 @ 0x0000000084400000) remset 0 code roots 0 marked 0 reclaim candidate 0 type array 1
[367.338s][debug][gc,humongous      ] GC(33005) Humongous region 1948 (object size 1048592 @ 0x00000000f9c00000) remset 0 code roots 0 marked 0 reclaim candidate 0 type array 1
[367.338s][debug][gc,humongous      ] GC(33005) Humongous region 70 (object size 1048592 @ 0x0000000084600000) remset 0 code roots 0 marked 0 reclaim candidate 0 type array 1
[367.338s][debug][gc,humongous      ] GC(33005) Humongous region 1950 (object size 1048592 @ 0x00000000f9e00000) remset 0 code roots 0 marked 0 reclaim candidate 0 type array 1
[367.338s][debug][gc,humongous      ] GC(33005) Humongous region 72 (object size 1048592 @ 0x0000000084800000) remset 0 code roots 0 marked 0 reclaim candidate 1 type array 1
[367.337s][debug][gc,humongous      ] GC(33005) Humongous region 669 (object size 1048592 @ 0x00000000a9d00000) remset 0 code roots 0 marked 0 reclaim candidate 0 type array 1
[367.338s][debug][gc,humongous      ] GC(33005) Humongous region 74 (object size 1048592 @ 0x0000000084a00000) remset 0 code roots 0 marked 0 reclaim candidate 0 type array 1
[367.338s][debug][gc,humongous      ] GC(33005) Humongous region 671 (object size 1048592 @ 0x00000000a9f00000) remset 0 code roots 0 marked 0 reclaim candidate 0 type array 1
[367.338s][debug][gc,humongous      ] GC(33005) Humongous region 986 (object size 1048592 @ 0x00000000bda00000) remset 0 code roots 0 marked 0 reclaim candidate 0 type array 1
[367.338s][debug][gc,humongous      ] GC(33005) Humongous region 673 (object size 1048592 @ 0x00000000aa100000) remset 0 code roots 0 marked 0 reclaim candidate 0 type array 1
[367.338s][debug][gc,humongous      ] GC(33005) Humongous region 1304 (object size 1048592 @ 0x00000000d1800000) remset 0 code roots 0 marked 0 reclaim candidate 0 type array 1
[367.338s][debug][gc,humongous      ] GC(33005) Humongous region 675 (object size 1048592 @ 0x00000000aa300000) remset 0 code roots 0 marked 0 reclaim candidate 0 type array 1
[367.338s][debug][gc,humongous      ] GC(33005) Humongous region 197 (object size 1048592 @ 0x000000008c500000) remset 0 code roots 0 marked 0 reclaim candidate 0 type array 1
[367.337s][debug][gc,humongous      ] GC(33005) Humongous region 1451 (object size 1048592 @ 0x00000000dab00000) remset 0 code roots 0 marked 0 reclaim candidate 0 type array 1
[367.337s][debug][gc,humongous      ] GC(33005) Humongous region 1794 (object size 1048592 @ 0x00000000f0200000) remset 0 code roots 0 marked 0 reclaim candidate 0 type array 1
[367.338s][debug][gc,humongous      ] GC(33005) Humongous region 1453 (object size 1048592 @ 0x00000000dad00000) remset 0 code roots 0 marked 0 reclaim candidate 0 type array 1
[367.338s][debug][gc,humongous      ] GC(33005) Humongous region 383 (object size 1048592 @ 0x0000000097f00000) remset 0 code roots 0 marked 0 reclaim candidate 0 type array 1
[367.338s][debug][gc,humongous      ] GC(33005) Humongous region 1455 (object size 1048592 @ 0x00000000daf00000) remset 0 code roots 0 marked 0 reclaim candidate 0 type array 1
[367.337s][debug][gc,humongous      ] GC(33005) Humongous region 869 (object size 1048592 @ 0x00000000b6500000) remset 0 code roots 0 marked 0 reclaim candidate 0 type array 1
[367.338s][debug][gc,humongous      ] GC(33005) Humongous region 76 (object size 1048592 @ 0x0000000084c00000) remset 0 code roots 0 marked 0 reclaim candidate 0 type array 1
[367.338s][debug][gc,humongous      ] GC(33005) Humongous region 871 (object size 1048592 @ 0x00000000b6700000) remset 0 code roots 0 marked 0 reclaim candidate 0 type array 1
[367.338s][debug][gc,humongous      ] GC(33005) Humongous region 78 (object size 1048592 @ 0x0000000084e00000) remset 0 code roots 0 marked 0 reclaim candidate 0 type array 1
[367.338s][debug][gc,humongous      ] GC(33005) Humongous region 873 (object size 1048592 @ 0x00000000b6900000) remset 0 code roots 0 marked 0 reclaim candidate 0 type array 1
[367.338s][debug][gc,humongous      ] GC(33005) Humongous region 80 (object size 1048592 @ 0x0000000085000000) remset 0 code roots 0 marked 0 reclaim candidate 0 type array 1
[367.338s][debug][gc,humongous      ] GC(33005) Humongous region 875 (object size 1048592 @ 0x00000000b6b00000) remset 0 code roots 0 marked 0 reclaim candidate 0 type array 1
[367.338s][debug][gc,humongous      ] GC(33005) Humongous region 82 (object size 1048592 @ 0x0000000085200000) remset 0 code roots 0 marked 0 reclaim candidate 0 type array 1
[367.338s][debug][gc,humongous      ] GC(33005) Humongous region 1952 (object size 1048592 @ 0x00000000fa000000) remset 0 code roots 0 marked 0 reclaim candidate 0 type array 1
[367.338s][debug][gc,humongous      ] GC(33005) Humongous region 84 (object size 1048592 @ 0x0000000085400000) remset 0 code roots 0 marked 0 reclaim candidate 1 type array 1
[367.338s][debug][gc,humongous      ] GC(33005) Humongous region 1954 (object size 1048592 @ 0x00000000fa200000) remset 0 code roots 0 marked 0 reclaim candidate 0 type array 1
[367.338s][debug][gc,humongous      ] GC(33005) Humongous region 87 (object size 1048592 @ 0x0000000085700000) remset 0 code roots 0 marked 0 reclaim candidate 0 type array 1
[367.338s][debug][gc,humongous      ] GC(33005) Humongous region 1958 (object size 1048592 @ 0x00000000fa600000) remset 0 code roots 0 marked 0 reclaim candidate 0 type array 1
[367.338s][debug][gc,humongous      ] GC(33005) Humongous region 89 (object size 1048592 @ 0x0000000085900000) remset 0 code roots 0 marked 0 reclaim candidate 0 type array 1
[367.338s][debug][gc,humongous      ] GC(33005) Humongous region 1960 (object size 1048592 @ 0x00000000fa800000) remset 0 code roots 0 marked 0 reclaim candidate 0 type array 1
[367.338s][debug][gc,humongous      ] GC(33005) Humongous region 1157 (object size 1048592 @ 0x00000000c8500000) remset 0 code roots 0 marked 0 reclaim candidate 0 type array 1
[367.338s][debug][gc,humongous      ] GC(33005) Humongous region 1307 (object size 1048592 @ 0x00000000d1b00000) remset 0 code roots 0 marked 0 reclaim candidate 0 type array 1
[367.338s][debug][gc,humongous      ] GC(33005) Humongous region 1161 (object size 1048592 @ 0x00000000c8900000) remset 0 code roots 0 marked 0 reclaim candidate 0 type array 1
[367.338s][debug][gc,humongous      ] GC(33005) Humongous region 199 (object size 1048592 @ 0x000000008c700000) remset 0 code roots 0 marked 0 reclaim candidate 0 type array 1
[367.338s][debug][gc,humongous      ] GC(33005) Humongous region 528 (object size 1048592 @ 0x00000000a1000000) remset 0 code roots 0 marked 0 reclaim candidate 0 type array 1
[367.338s][debug][gc,humongous      ] GC(33005) Humongous region 877 (object size 1048592 @ 0x00000000b6d00000) remset 0 code roots 0 marked 0 reclaim candidate 0 type array 1
[367.338s][debug][gc,humongous      ] GC(33005) Humongous region 1796 (object size 1048592 @ 0x00000000f0400000) remset 0 code roots 0 marked 0 reclaim candidate 0 type array 1
[367.338s][debug][gc,humongous      ] GC(33005) Humongous region 879 (object size 1048592 @ 0x00000000b6f00000) remset 0 code roots 0 marked 0 reclaim candidate 0 type array 1
[367.338s][debug][gc,humongous      ] GC(33005) Humongous region 1457 (object size 1048592 @ 0x00000000db100000) remset 0 code roots 0 marked 0 reclaim candidate 0 type array 1
[367.338s][debug][gc,humongous      ] GC(33005) Humongous region 988 (object size 1048592 @ 0x00000000bdc00000) remset 0 code roots 0 marked 0 reclaim candidate 0 type array 1
[367.338s][debug][gc,humongous      ] GC(33005) Humongous region 1625 (object size 1048592 @ 0x00000000e5900000) remset 0 code roots 0 marked 0 reclaim candidate 0 type array 1
[367.338s][debug][gc,humongous      ] GC(33005) Humongous region 91 (object size 1048592 @ 0x0000000085b00000) remset 0 code roots 0 marked 0 reclaim candidate 0 type array 1
[367.338s][debug][gc,humongous      ] GC(33005) Humongous region 1962 (object size 1048592 @ 0x00000000faa00000) remset 0 code roots 0 marked 0 reclaim candidate 0 type array 1
[367.338s][debug][gc,humongous      ] GC(33005) Humongous region 1309 (object size 1048592 @ 0x00000000d1d00000) remset 0 code roots 0 marked 0 reclaim candidate 0 type array 1
[367.338s][debug][gc,humongous      ] GC(33005) Humongous region 1964 (object size 1048592 @ 0x00000000fac00000) remset 0 code roots 0 marked 0 reclaim candidate 0 type array 1
[367.338s][debug][gc,humongous      ] GC(33005) Humongous region 1311 (object size 1048592 @ 0x00000000d1f00000) remset 0 code roots 0 marked 0 reclaim candidate 0 type array 1
[367.338s][debug][gc,humongous      ] GC(33005) Humongous region 530 (object size 1048592 @ 0x00000000a1200000) remset 0 code roots 0 marked 0 reclaim candidate 0 type array 1
[367.338s][debug][gc,humongous      ] GC(33005) Humongous region 1313 (object size 1048592 @ 0x00000000d2100000) remset 0 code roots 0 marked 0 reclaim candidate 0 type array 1
[367.338s][debug][gc,humongous      ] GC(33005) Humongous region 1315 (object size 1048592 @ 0x00000000d2300000) remset 0 code roots 0 marked 0 reclaim candidate 0 type array 1
[367.338s][debug][gc,humongous      ] GC(33005) Humongous region 532 (object size 1048592 @ 0x00000000a1400000) remset 0 code roots 0 marked 0 reclaim candidate 0 type array 1
[367.338s][debug][gc,humongous      ] GC(33005) Humongous region 1798 (object size 1048592 @ 0x00000000f0600000) remset 0 code roots 0 marked 0 reclaim candidate 0 type array 1
[367.338s][debug][gc,humongous      ] GC(33005) Humongous region 534 (object size 1048592 @ 0x00000000a1600000) remset 0 code roots 0 marked 0 reclaim candidate 0 type array 1
[367.338s][debug][gc,humongous      ] GC(33005) Humongous region 990 (object size 1048592 @ 0x00000000bde00000) remset 0 code roots 0 marked 0 reclaim candidate 0 type array 1
[367.338s][debug][gc,humongous      ] GC(33005) Humongous region 1627 (object size 1048592 @ 0x00000000e5b00000) remset 0 code roots 0 marked 0 reclaim candidate 0 type array 1
[367.338s][debug][gc,humongous      ] GC(33005) Humongous region 93 (object size 1048592 @ 0x0000000085d00000) remset 0 code roots 0 marked 0 reclaim candidate 0 type array 1
[367.338s][debug][gc,humongous      ] GC(33005) Humongous region 677 (object size 1048592 @ 0x00000000aa500000) remset 0 code roots 0 marked 0 reclaim candidate 0 type array 1
[367.338s][debug][gc,humongous      ] GC(33005) Humongous region 1629 (object size 1048592 @ 0x00000000e5d00000) remset 0 code roots 0 marked 0 reclaim candidate 0 type array 1
[367.338s][debug][gc,humongous      ] GC(33005) Humongous region 201 (object size 1048592 @ 0x000000008c900000) remset 0 code roots 0 marked 0 reclaim candidate 0 type array 1
[367.338s][debug][gc,humongous      ] GC(33005) Humongous region 1966 (object size 1048592 @ 0x00000000fae00000) remset 0 code roots 0 marked 0 reclaim candidate 0 type array 1
[367.338s][debug][gc,humongous      ] GC(33005) Humongous region 385 (object size 1048592 @ 0x0000000098100000) remset 0 code roots 0 marked 0 reclaim candidate 0 type array 1
[367.338s][debug][gc,humongous      ] GC(33005) Humongous region 881 (object size 1048592 @ 0x00000000b7100000) remset 0 code roots 0 marked 0 reclaim candidate 0 type array 1
[367.338s][debug][gc,humongous      ] GC(33005) Humongous region 1317 (object size 1048592 @ 0x00000000d2500000) remset 0 code roots 0 marked 0 reclaim candidate 0 type array 1
[367.338s][debug][gc,humongous      ] GC(33005) Humongous region 1459 (object size 1048592 @ 0x00000000db300000) remset 0 code roots 0 marked 0 reclaim candidate 0 type array 1
[367.338s][debug][gc,humongous      ] GC(33005) Humongous region 1321 (object size 1048592 @ 0x00000000d2900000) remset 0 code roots 0 marked 0 reclaim candidate 0 type array 1
[367.338s][debug][gc,humongous      ] GC(33005) Humongous region 1461 (object size 1048592 @ 0x00000000db500000) remset 0 code roots 0 marked 0 reclaim candidate 0 type array 1
[367.338s][debug][gc,humongous      ] GC(33005) Humongous region 536 (object size 1048592 @ 0x00000000a1800000) remset 0 code roots 0 marked 0 reclaim candidate 0 type array 1
[367.338s][debug][gc,humongous      ] GC(33005) Humongous region 95 (object size 1048592 @ 0x0000000085f00000) remset 0 code roots 0 marked 0 reclaim candidate 0 type array 1
[367.338s][debug][gc,humongous      ] GC(33005) Humongous region 1163 (object size 1048592 @ 0x00000000c8b00000) remset 0 code roots 0 marked 0 reclaim candidate 0 type array 1
[367.338s][debug][gc,humongous      ] GC(33005) Humongous region 679 (object size 1048592 @ 0x00000000aa700000) remset 0 code roots 0 marked 0 reclaim candidate 0 type array 1
[367.338s][debug][gc,humongous      ] GC(33005) Humongous region 1165 (object size 1048592 @ 0x00000000c8d00000) remset 0 code roots 0 marked 0 reclaim candidate 0 type array 1
[367.338s][debug][gc,humongous      ] GC(33005) Humongous region 1970 (object size 1048592 @ 0x00000000fb200000) remset 0 code roots 0 marked 0 reclaim candidate 0 type array 1
[367.338s][debug][gc,humongous      ] GC(33005) Humongous region 1167 (object size 1048592 @ 0x00000000c8f00000) remset 0 code roots 0 marked 0 reclaim candidate 0 type array 1
[367.338s][debug][gc,humongous      ] GC(33005) Humongous region 1972 (object size 1048592 @ 0x00000000fb400000) remset 0 code roots 0 marked 0 reclaim candidate 0 type array 1
[367.338s][debug][gc,humongous      ] GC(33005) Humongous region 883 (object size 1048592 @ 0x00000000b7300000) remset 0 code roots 0 marked 0 reclaim candidate 0 type array 1
[367.338s][debug][gc,humongous      ] GC(33005) Humongous region 1976 (object size 1048592 @ 0x00000000fb800000) remset 0 code roots 0 marked 0 reclaim candidate 0 type array 1
[367.338s][debug][gc,humongous      ] GC(33005) Humongous region 885 (object size 1048592 @ 0x00000000b7500000) remset 0 code roots 0 marked 0 reclaim candidate 0 type array 1
[367.338s][debug][gc,humongous      ] GC(33005) Humongous region 1980 (object size 1048592 @ 0x00000000fbc00000) remset 0 code roots 0 marked 0 reclaim candidate 0 type array 1
[367.338s][debug][gc,humongous      ] GC(33005) Humongous region 887 (object size 1048592 @ 0x00000000b7700000) remset 0 code roots 0 marked 0 reclaim candidate 0 type array 1
[367.338s][debug][gc,humongous      ] GC(33005) Humongous region 1982 (object size 1048592 @ 0x00000000fbe00000) remset 0 code roots 0 marked 0 reclaim candidate 0 type array 1
[367.338s][debug][gc,humongous      ] GC(33005) Humongous region 97 (object size 1048592 @ 0x0000000086100000) remset 0 code roots 0 marked 0 reclaim candidate 0 type array 1
[367.339s][debug][gc,humongous      ] GC(33005) Humongous region 1984 (object size 1048592 @ 0x00000000fc000000) remset 0 code roots 0 marked 0 reclaim candidate 0 type array 1
[367.339s][debug][gc,humongous      ] GC(33005) Humongous region 99 (object size 1048592 @ 0x0000000086300000) remset 0 code roots 0 marked 0 reclaim candidate 0 type array 1
[367.339s][debug][gc,humongous      ] GC(33005) Humongous region 1988 (object size 1048592 @ 0x00000000fc400000) remset 0 code roots 0 marked 0 reclaim candidate 0 type array 1
[367.338s][debug][gc,humongous      ] GC(33005) Humongous region 387 (object size 1048592 @ 0x0000000098300000) remset 0 code roots 0 marked 0 reclaim candidate 0 type array 1
[367.339s][debug][gc,humongous      ] GC(33005) Humongous region 1990 (object size 1048592 @ 0x00000000fc600000) remset 0 code roots 0 marked 0 reclaim candidate 0 type array 1
[367.338s][debug][gc,humongous      ] GC(33005) Humongous region 1800 (object size 1048592 @ 0x00000000f0800000) remset 0 code roots 0 marked 0 reclaim candidate 0 type array 1
[367.338s][debug][gc,humongous      ] GC(33005) Humongous region 992 (object size 1048592 @ 0x00000000be000000) remset 0 code roots 0 marked 0 reclaim candidate 0 type array 1
[367.339s][debug][gc,humongous      ] GC(33005) Humongous region 1802 (object size 1048592 @ 0x00000000f0a00000) remset 0 code roots 0 marked 0 reclaim candidate 0 type array 1
[367.338s][debug][gc,humongous      ] GC(33005) Humongous region 1463 (object size 1048592 @ 0x00000000db700000) remset 0 code roots 0 marked 0 reclaim candidate 0 type array 1
[367.338s][debug][gc,humongous      ] GC(33005) Humongous region 538 (object size 1048592 @ 0x00000000a1a00000) remset 0 code roots 0 marked 0 reclaim candidate 0 type array 1
[367.338s][debug][gc,humongous      ] GC(33005) Humongous region 889 (object size 1048592 @ 0x00000000b7900000) remset 0 code roots 0 marked 0 reclaim candidate 0 type array 1
[367.338s][debug][gc,humongous      ] GC(33005) Humongous region 1631 (object size 1048592 @ 0x00000000e5f00000) remset 0 code roots 0 marked 0 reclaim candidate 0 type array 1
[367.339s][debug][gc,humongous      ] GC(33005) Humongous region 891 (object size 1048592 @ 0x00000000b7b00000) remset 0 code roots 0 marked 0 reclaim candidate 0 type array 1
[367.339s][debug][gc,humongous      ] GC(33005) Humongous region 1633 (object size 1048592 @ 0x00000000e6100000) remset 0 code roots 0 marked 0 reclaim candidate 0 type array 1
[367.339s][debug][gc,humongous      ] GC(33005) Humongous region 893 (object size 1048592 @ 0x00000000b7d00000) remset 0 code roots 0 marked 0 reclaim candidate 0 type array 1
[367.339s][debug][gc,humongous      ] GC(33005) Humongous region 1635 (object size 1048592 @ 0x00000000e6300000) remset 0 code roots 0 marked 0 reclaim candidate 0 type array 1
[367.339s][debug][gc,humongous      ] GC(33005) Humongous region 389 (object size 1048592 @ 0x0000000098500000) remset 0 code roots 0 marked 0 reclaim candidate 0 type array 1
[367.339s][debug][gc,humongous      ] GC(33005) Humongous region 895 (object size 1048592 @ 0x00000000b7f00000) remset 0 code roots 0 marked 0 reclaim candidate 0 type array 1
[367.339s][debug][gc,humongous      ] GC(33005) Humongous region 1637 (object size 1048592 @ 0x00000000e6500000) remset 0 code roots 0 marked 0 reclaim candidate 0 type array 1
[367.339s][debug][gc,humongous      ] GC(33005) Humongous region 391 (object size 1048592 @ 0x0000000098700000) remset 0 code roots 0 marked 0 reclaim candidate 0 type array 1
[367.339s][debug][gc,humongous      ] GC(33005) Humongous region 897 (object size 1048592 @ 0x00000000b8100000) remset 0 code roots 0 marked 0 reclaim candidate 0 type array 1
[367.339s][debug][gc,humongous      ] GC(33005) Humongous region 1639 (object size 1048592 @ 0x00000000e6700000) remset 0 code roots 0 marked 0 reclaim candidate 0 type array 1
[367.339s][debug][gc,humongous      ] GC(33005) Humongous region 899 (object size 1048592 @ 0x00000000b8300000) remset 0 code roots 0 marked 0 reclaim candidate 0 type array 1
[367.339s][debug][gc,humongous      ] GC(33005) Humongous region 1641 (object size 1048592 @ 0x00000000e6900000) remset 0 code roots 0 marked 0 reclaim candidate 0 type array 1
[367.339s][debug][gc,humongous      ] GC(33005) Humongous region 901 (object size 1048592 @ 0x00000000b8500000) remset 0 code roots 0 marked 0 reclaim candidate 0 type array 1
[367.339s][debug][gc,humongous      ] GC(33005) Humongous region 101 (object size 1048592 @ 0x0000000086500000) remset 0 code roots 0 marked 0 reclaim candidate 0 type array 1
[367.339s][debug][gc,humongous      ] GC(33005) Humongous region 903 (object size 1048592 @ 0x00000000b8700000) remset 0 code roots 0 marked 0 reclaim candidate 0 type array 1
[367.339s][debug][gc,humongous      ] GC(33005) Humongous region 1992 (object size 1048592 @ 0x00000000fc800000) remset 0 code roots 0 marked 0 reclaim candidate 0 type array 1
[367.338s][debug][gc,humongous      ] GC(33005) Humongous region 1323 (object size 1048592 @ 0x00000000d2b00000) remset 0 code roots 0 marked 0 reclaim candidate 0 type array 1
[367.339s][debug][gc,humongous      ] GC(33005) Humongous region 994 (object size 1048592 @ 0x00000000be200000) remset 0 code roots 0 marked 0 reclaim candidate 0 type array 1
[367.339s][debug][gc,humongous      ] GC(33005) Humongous region 540 (object size 1048592 @ 0x00000000a1c00000) remset 0 code roots 0 marked 0 reclaim candidate 0 type array 1
[367.339s][debug][gc,humongous      ] GC(33005) Humongous region 542 (object size 1048592 @ 0x00000000a1e00000) remset 0 code roots 0 marked 0 reclaim candidate 0 type array 1
[367.339s][debug][gc,humongous      ] GC(33005) Humongous region 544 (object size 1048592 @ 0x00000000a2000000) remset 0 code roots 0 marked 0 reclaim candidate 0 type array 1
[367.339s][debug][gc,humongous      ] GC(33005) Humongous region 546 (object size 1048592 @ 0x00000000a2200000) remset 0 code roots 0 marked 0 reclaim candidate 0 type array 1
[367.339s][debug][gc,humongous      ] GC(33005) Humongous region 548 (object size 1048592 @ 0x00000000a2400000) remset 0 code roots 0 marked 0 reclaim candidate 0 type array 1
[367.339s][debug][gc,humongous      ] GC(33005) Humongous region 550 (object size 1048592 @ 0x00000000a2600000) remset 0 code roots 0 marked 0 reclaim candidate 0 type array 1
[367.339s][debug][gc,humongous      ] GC(33005) Humongous region 552 (object size 1048592 @ 0x00000000a2800000) remset 0 code roots 0 marked 0 reclaim candidate 0 type array 1
[367.339s][debug][gc,humongous      ] GC(33005) Humongous region 554 (object size 1048592 @ 0x00000000a2a00000) remset 0 code roots 0 marked 0 reclaim candidate 0 type array 1
[367.339s][debug][gc,humongous      ] GC(33005) Humongous region 556 (object size 1048592 @ 0x00000000a2c00000) remset 0 code roots 0 marked 0 reclaim candidate 0 type array 1
[367.339s][debug][gc,humongous      ] GC(33005) Humongous region 558 (object size 1048592 @ 0x00000000a2e00000) remset 0 code roots 0 marked 0 reclaim candidate 0 type array 1
[367.339s][debug][gc,humongous      ] GC(33005) Humongous region 560 (object size 1048592 @ 0x00000000a3000000) remset 0 code roots 0 marked 0 reclaim candidate 0 type array 1
[367.339s][debug][gc,humongous      ] GC(33005) Humongous region 562 (object size 1048592 @ 0x00000000a3200000) remset 0 code roots 0 marked 0 reclaim candidate 0 type array 1
[367.339s][debug][gc,humongous      ] GC(33005) Humongous region 564 (object size 1048592 @ 0x00000000a3400000) remset 0 code roots 0 marked 0 reclaim candidate 0 type array 1
[367.339s][debug][gc,humongous      ] GC(33005) Humongous region 566 (object size 1048592 @ 0x00000000a3600000) remset 0 code roots 0 marked 0 reclaim candidate 0 type array 1
[367.339s][debug][gc,humongous      ] GC(33005) Humongous region 568 (object size 1048592 @ 0x00000000a3800000) remset 0 code roots 0 marked 0 reclaim candidate 0 type array 1
[367.339s][debug][gc,humongous      ] GC(33005) Humongous region 570 (object size 1048592 @ 0x00000000a3a00000) remset 0 code roots 0 marked 0 reclaim candidate 0 type array 1
[367.339s][debug][gc,humongous      ] GC(33005) Humongous region 572 (object size 1048592 @ 0x00000000a3c00000) remset 0 code roots 0 marked 0 reclaim candidate 0 type array 1
[367.339s][debug][gc,humongous      ] GC(33005) Humongous region 574 (object size 1048592 @ 0x00000000a3e00000) remset 0 code roots 0 marked 0 reclaim candidate 0 type array 1
[367.339s][debug][gc,humongous      ] GC(33005) Humongous region 576 (object size 1048592 @ 0x00000000a4000000) remset 0 code roots 0 marked 0 reclaim candidate 0 type array 1
[367.339s][debug][gc,humongous      ] GC(33005) Humongous region 578 (object size 1048592 @ 0x00000000a4200000) remset 0 code roots 0 marked 0 reclaim candidate 0 type array 1
[367.339s][debug][gc,humongous      ] GC(33005) Humongous region 580 (object size 1048592 @ 0x00000000a4400000) remset 0 code roots 0 marked 0 reclaim candidate 0 type array 1
[367.339s][debug][gc,humongous      ] GC(33005) Humongous region 582 (object size 1048592 @ 0x00000000a4600000) remset 0 code roots 0 marked 0 reclaim candidate 0 type array 1
[367.339s][debug][gc,humongous      ] GC(33005) Humongous region 584 (object size 1048592 @ 0x00000000a4800000) remset 0 code roots 0 marked 0 reclaim candidate 0 type array 1
[367.339s][debug][gc,humongous      ] GC(33005) Humongous region 586 (object size 1048592 @ 0x00000000a4a00000) remset 0 code roots 0 marked 0 reclaim candidate 0 type array 1
[367.339s][debug][gc,humongous      ] GC(33005) Humongous region 588 (object size 1048592 @ 0x00000000a4c00000) remset 0 code roots 0 marked 0 reclaim candidate 0 type array 1
[367.339s][debug][gc,humongous      ] GC(33005) Humongous region 590 (object size 1048592 @ 0x00000000a4e00000) remset 0 code roots 0 marked 0 reclaim candidate 0 type array 1
[367.339s][debug][gc,humongous      ] GC(33005) Humongous region 592 (object size 1048592 @ 0x00000000a5000000) remset 0 code roots 0 marked 0 reclaim candidate 0 type array 1
[367.339s][debug][gc,humongous      ] GC(33005) Humongous region 594 (object size 1048592 @ 0x00000000a5200000) remset 0 code roots 0 marked 0 reclaim candidate 0 type array 1
[367.339s][debug][gc,humongous      ] GC(33005) Humongous region 596 (object size 1048592 @ 0x00000000a5400000) remset 0 code roots 0 marked 0 reclaim candidate 0 type array 1
[367.339s][debug][gc,humongous      ] GC(33005) Humongous region 598 (object size 1048592 @ 0x00000000a5600000) remset 0 code roots 0 marked 0 reclaim candidate 0 type array 1
[367.339s][debug][gc,humongous      ] GC(33005) Humongous region 600 (object size 1048592 @ 0x00000000a5800000) remset 0 code roots 0 marked 0 reclaim candidate 0 type array 1
[367.339s][debug][gc,humongous      ] GC(33005) Humongous region 602 (object size 1048592 @ 0x00000000a5a00000) remset 0 code roots 0 marked 0 reclaim candidate 0 type array 1
[367.339s][debug][gc,humongous      ] GC(33005) Humongous region 604 (object size 1048592 @ 0x00000000a5c00000) remset 0 code roots 0 marked 0 reclaim candidate 0 type array 1
[367.339s][debug][gc,humongous      ] GC(33005) Humongous region 606 (object size 1048592 @ 0x00000000a5e00000) remset 0 code roots 0 marked 0 reclaim candidate 0 type array 1
[367.340s][debug][gc,humongous      ] GC(33005) Humongous region 608 (object size 1048592 @ 0x00000000a6000000) remset 0 code roots 0 marked 0 reclaim candidate 0 type array 1
[367.340s][debug][gc,humongous      ] GC(33005) Humongous region 610 (object size 1048592 @ 0x00000000a6200000) remset 0 code roots 0 marked 0 reclaim candidate 0 type array 1
[367.340s][debug][gc,humongous      ] GC(33005) Humongous region 612 (object size 1048592 @ 0x00000000a6400000) remset 0 code roots 0 marked 0 reclaim candidate 0 type array 1
[367.340s][debug][gc,humongous      ] GC(33005) Humongous region 614 (object size 1048592 @ 0x00000000a6600000) remset 0 code roots 0 marked 0 reclaim candidate 0 type array 1
[367.340s][debug][gc,humongous      ] GC(33005) Humongous region 616 (object size 1048592 @ 0x00000000a6800000) remset 0 code roots 0 marked 0 reclaim candidate 0 type array 1
[367.340s][debug][gc,humongous      ] GC(33005) Humongous region 618 (object size 1048592 @ 0x00000000a6a00000) remset 0 code roots 0 marked 0 reclaim candidate 0 type array 1
[367.340s][debug][gc,humongous      ] GC(33005) Humongous region 620 (object size 1048592 @ 0x00000000a6c00000) remset 0 code roots 0 marked 0 reclaim candidate 0 type array 1
[367.340s][debug][gc,humongous      ] GC(33005) Humongous region 622 (object size 1048592 @ 0x00000000a6e00000) remset 0 code roots 0 marked 0 reclaim candidate 0 type array 1
[367.338s][debug][gc,humongous      ] GC(33005) Humongous region 1169 (object size 1048592 @ 0x00000000c9100000) remset 0 code roots 0 marked 0 reclaim candidate 0 type array 1
[367.340s][debug][gc,humongous      ] GC(33005) Humongous region 624 (object size 1048592 @ 0x00000000a7000000) remset 0 code roots 0 marked 0 reclaim candidate 0 type array 1
[367.339s][debug][gc,humongous      ] GC(33005) Humongous region 103 (object size 1048592 @ 0x0000000086700000) remset 0 code roots 0 marked 0 reclaim candidate 0 type array 1
[367.340s][debug][gc,humongous      ] GC(33005) Humongous region 626 (object size 1048592 @ 0x00000000a7200000) remset 0 code roots 0 marked 0 reclaim candidate 0 type array 1
[367.339s][debug][gc,humongous      ] GC(33005) Humongous region 393 (object size 1048592 @ 0x0000000098900000) remset 0 code roots 0 marked 0 reclaim candidate 0 type array 1
[367.340s][debug][gc,humongous      ] GC(33005) Humongous region 628 (object size 1048592 @ 0x00000000a7400000) remset 0 code roots 0 marked 0 reclaim candidate 0 type array 1
[367.339s][debug][gc,humongous      ] GC(33005) Humongous region 996 (object size 1048592 @ 0x00000000be400000) remset 0 code roots 0 marked 0 reclaim candidate 0 type array 1
[367.340s][debug][gc,humongous      ] GC(33005) Humongous region 683 (object size 1048592 @ 0x00000000aab00000) remset 0 code roots 0 marked 0 reclaim candidate 0 type array 1
[367.340s][debug][gc,humongous      ] GC(33005) Humongous region 998 (object size 1048592 @ 0x00000000be600000) remset 0 code roots 0 marked 0 reclaim candidate 0 type array 1
[367.340s][debug][gc,humongous      ] GC(33005) Humongous region 685 (object size 1048592 @ 0x00000000aad00000) remset 0 code roots 0 marked 0 reclaim candidate 0 type array 1
[367.338s][debug][gc,humongous      ] GC(33005) Humongous region 681 (object size 1048592 @ 0x00000000aa900000) remset 0 code roots 0 marked 0 reclaim candidate 0 type array 1
[367.338s][debug][gc,humongous      ] GC(33005) Humongous region 203 (object size 1048592 @ 0x000000008cb00000) remset 0 code roots 0 marked 0 reclaim candidate 0 type array 1
[367.340s][debug][gc,humongous      ] GC(33005) Humongous region 689 (object size 1048592 @ 0x00000000ab100000) remset 0 code roots 0 marked 0 reclaim candidate 0 type array 1
[367.340s][debug][gc,humongous      ] GC(33005) Humongous region 1171 (object size 1048592 @ 0x00000000c9300000) remset 0 code roots 0 marked 0 reclaim candidate 0 type array 1
[367.340s][debug][gc,humongous      ] GC(33005) Humongous region 691 (object size 1048592 @ 0x00000000ab300000) remset 0 code roots 0 marked 0 reclaim candidate 0 type array 1
[367.340s][debug][gc,humongous      ] GC(33005) Humongous region 1173 (object size 1048592 @ 0x00000000c9500000) remset 0 code roots 0 marked 0 reclaim candidate 0 type array 1
[367.340s][debug][gc,humongous      ] GC(33005) Humongous region 693 (object size 1048592 @ 0x00000000ab500000) remset 0 code roots 0 marked 0 reclaim candidate 0 type array 1
[367.340s][debug][gc,humongous      ] GC(33005) Humongous region 1175 (object size 1048592 @ 0x00000000c9700000) remset 0 code roots 0 marked 0 reclaim candidate 0 type array 1
[367.340s][debug][gc,humongous      ] GC(33005) Humongous region 695 (object size 1048592 @ 0x00000000ab700000) remset 0 code roots 0 marked 0 reclaim candidate 0 type array 1
[367.340s][debug][gc,humongous      ] GC(33005) Humongous region 1177 (object size 1048592 @ 0x00000000c9900000) remset 0 code roots 0 marked 0 reclaim candidate 0 type array 1
[367.339s][debug][gc,humongous      ] GC(33005) Humongous region 1465 (object size 1048592 @ 0x00000000db900000) remset 0 code roots 0 marked 0 reclaim candidate 0 type array 1
[367.340s][debug][gc,humongous      ] GC(33005) Humongous region 1179 (object size 1048592 @ 0x00000000c9b00000) remset 0 code roots 0 marked 0 reclaim candidate 0 type array 1
[367.340s][debug][gc,humongous      ] GC(33005) Humongous region 1467 (object size 1048592 @ 0x00000000dbb00000) remset 0 code roots 0 marked 0 reclaim candidate 0 type array 1
[367.340s][debug][gc,humongous      ] GC(33005) Humongous region 1181 (object size 1048592 @ 0x00000000c9d00000) remset 0 code roots 0 marked 0 reclaim candidate 0 type array 1
[367.340s][debug][gc,humongous      ] GC(33005) Humongous region 1469 (object size 1048592 @ 0x00000000dbd00000) remset 0 code roots 0 marked 0 reclaim candidate 0 type array 1
[367.340s][debug][gc,humongous      ] GC(33005) Humongous region 1183 (object size 1048592 @ 0x00000000c9f00000) remset 0 code roots 0 marked 0 reclaim candidate 0 type array 1
[367.339s][debug][gc,humongous      ] GC(33005) Humongous region 1995 (object size 1048592 @ 0x00000000fcb00000) remset 0 code roots 0 marked 0 reclaim candidate 0 type array 1
[367.340s][debug][gc,humongous      ] GC(33005) Humongous region 1185 (object size 1048592 @ 0x00000000ca100000) remset 0 code roots 0 marked 0 reclaim candidate 0 type array 1
[367.340s][debug][gc,humongous      ] GC(33005) Humongous region 1997 (object size 1048592 @ 0x00000000fcd00000) remset 0 code roots 0 marked 0 reclaim candidate 0 type array 1
[367.339s][debug][gc,humongous      ] GC(33005) Humongous region 1325 (object size 1048592 @ 0x00000000d2d00000) remset 0 code roots 0 marked 0 reclaim candidate 0 type array 1
[367.340s][debug][gc,humongous      ] GC(33005) Humongous region 1187 (object size 1048592 @ 0x00000000ca300000) remset 0 code roots 0 marked 0 reclaim candidate 0 type array 1
[367.340s][debug][gc,humongous      ] GC(33005) Humongous region 697 (object size 1048592 @ 0x00000000ab900000) remset 0 code roots 0 marked 0 reclaim candidate 0 type array 1
[367.340s][debug][gc,humongous      ] GC(33005) Humongous region 1000 (object size 1048592 @ 0x00000000be800000) remset 0 code roots 0 marked 0 reclaim candidate 0 type array 1
[367.340s][debug][gc,humongous      ] GC(33005) Humongous region 687 (object size 1048592 @ 0x00000000aaf00000) remset 0 code roots 0 marked 0 reclaim candidate 0 type array 1
[367.340s][debug][gc,humongous      ] GC(33005) Humongous region 1002 (object size 1048592 @ 0x00000000bea00000) remset 0 code roots 0 marked 0 reclaim candidate 0 type array 1
[367.340s][debug][gc,humongous      ] GC(33005) Humongous region 205 (object size 1048592 @ 0x000000008cd00000) remset 0 code roots 0 marked 0 reclaim candidate 0 type array 1
[367.339s][debug][gc,humongous      ] GC(33005) Humongous region 905 (object size 1048592 @ 0x00000000b8900000) remset 0 code roots 0 marked 0 reclaim candidate 0 type array 1
[367.340s][debug][gc,humongous      ] GC(33005) Humongous region 207 (object size 1048592 @ 0x000000008cf00000) remset 0 code roots 0 marked 0 reclaim candidate 0 type array 1
[367.340s][debug][gc,humongous      ] GC(33005) Humongous region 907 (object size 1048592 @ 0x00000000b8b00000) remset 0 code roots 0 marked 0 reclaim candidate 0 type array 1
[367.340s][debug][gc,humongous      ] GC(33005) Humongous region 209 (object size 1048592 @ 0x000000008d100000) remset 0 code roots 0 marked 0 reclaim candidate 0 type array 1
[367.340s][debug][gc,humongous      ] GC(33005) Humongous region 909 (object size 1048592 @ 0x00000000b8d00000) remset 0 code roots 0 marked 0 reclaim candidate 0 type array 1
[367.340s][debug][gc,humongous      ] GC(33005) Humongous region 211 (object size 1048592 @ 0x000000008d300000) remset 0 code roots 0 marked 0 reclaim candidate 0 type array 1
[367.340s][debug][gc,humongous      ] GC(33005) Humongous region 911 (object size 1048592 @ 0x00000000b8f00000) remset 0 code roots 0 marked 0 reclaim candidate 0 type array 1
[367.340s][debug][gc,humongous      ] GC(33005) Humongous region 213 (object size 1048592 @ 0x000000008d500000) remset 0 code roots 0 marked 0 reclaim candidate 0 type array 1
[367.340s][debug][gc,humongous      ] GC(33005) Humongous region 1191 (object size 1048592 @ 0x00000000ca700000) remset 0 code roots 0 marked 0 reclaim candidate 0 type array 1
[367.340s][debug][gc,humongous      ] GC(33005) Humongous region 215 (object size 1048592 @ 0x000000008d700000) remset 0 code roots 0 marked 0 reclaim candidate 0 type array 1
[367.340s][debug][gc,humongous      ] GC(33005) Humongous region 1193 (object size 1048592 @ 0x00000000ca900000) remset 0 code roots 0 marked 0 reclaim candidate 0 type array 1
[367.340s][debug][gc,humongous      ] GC(33005) Humongous region 1004 (object size 1048592 @ 0x00000000bec00000) remset 0 code roots 0 marked 0 reclaim candidate 0 type array 1
[367.340s][debug][gc,humongous      ] GC(33005) Humongous region 1195 (object size 1048592 @ 0x00000000cab00000) remset 0 code roots 0 marked 0 reclaim candidate 0 type array 1
[367.340s][debug][gc,humongous      ] GC(33005) Humongous region 1197 (object size 1048592 @ 0x00000000cad00000) remset 0 code roots 0 marked 0 reclaim candidate 0 type array 1
[367.340s][debug][gc,humongous      ] GC(33005) Humongous region 1999 (object size 1048592 @ 0x00000000fcf00000) remset 0 code roots 0 marked 0 reclaim candidate 0 type array 1
[367.340s][debug][gc,humongous      ] GC(33005) Humongous region 1201 (object size 1048592 @ 0x00000000cb100000) remset 0 code roots 0 marked 0 reclaim candidate 0 type array 1
[367.340s][debug][gc,humongous      ] GC(33005) Humongous region 701 (object size 1048592 @ 0x00000000abd00000) remset 0 code roots 0 marked 0 reclaim candidate 0 type array 1
[367.340s][debug][gc,humongous      ] GC(33005) Humongous region 703 (object size 1048592 @ 0x00000000abf00000) remset 0 code roots 0 marked 0 reclaim candidate 0 type array 1
[367.340s][debug][gc,humongous      ] GC(33005) Humongous region 705 (object size 1048592 @ 0x00000000ac100000) remset 0 code roots 0 marked 0 reclaim candidate 0 type array 1
[367.340s][debug][gc,humongous      ] GC(33005) Humongous region 217 (object size 1048592 @ 0x000000008d900000) remset 0 code roots 0 marked 0 reclaim candidate 0 type array 1
[367.340s][debug][gc,humongous      ] GC(33005) Humongous region 707 (object size 1048592 @ 0x00000000ac300000) remset 0 code roots 0 marked 0 reclaim candidate 0 type array 1
[367.340s][debug][gc,humongous      ] GC(33005) Humongous region 219 (object size 1048592 @ 0x000000008db00000) remset 0 code roots 0 marked 0 reclaim candidate 0 type array 1
[367.340s][debug][gc,humongous      ] GC(33005) Humongous region 1006 (object size 1048592 @ 0x00000000bee00000) remset 0 code roots 0 marked 0 reclaim candidate 0 type array 1
[367.340s][debug][gc,humongous      ] GC(33005) Humongous region 221 (object size 1048592 @ 0x000000008dd00000) remset 0 code roots 0 marked 0 reclaim candidate 0 type array 1
[367.340s][debug][gc,humongous      ] GC(33005) Humongous region 699 (object size 1048592 @ 0x00000000abb00000) remset 0 code roots 0 marked 0 reclaim candidate 0 type array 1
[367.339s][debug][gc,humongous      ] GC(33005) Humongous region 1806 (object size 1048592 @ 0x00000000f0e00000) remset 0 code roots 0 marked 0 reclaim candidate 0 type array 1
[367.340s][debug][gc,humongous      ] GC(33005) Humongous region 2001 (object size 1048592 @ 0x00000000fd100000) remset 0 code roots 0 marked 0 reclaim candidate 0 type array 1
[367.340s][debug][gc,humongous      ] GC(33005) Humongous region 1203 (object size 1048592 @ 0x00000000cb300000) remset 0 code roots 0 marked 0 reclaim candidate 0 type array 1
[367.340s][debug][gc,humongous      ] GC(33005) Humongous region 395 (object size 1048592 @ 0x0000000098b00000) remset 0 code roots 0 marked 0 reclaim candidate 0 type array 1
[367.340s][debug][gc,humongous      ] GC(33005) Humongous region 913 (object size 1048592 @ 0x00000000b9100000) remset 0 code roots 0 marked 0 reclaim candidate 0 type array 1
[367.340s][debug][gc,humongous      ] GC(33005) Humongous region 1327 (object size 1048592 @ 0x00000000d2f00000) remset 0 code roots 0 marked 0 reclaim candidate 0 type array 1
[367.339s][debug][gc,humongous      ] GC(33005) Humongous region 1643 (object size 1048592 @ 0x00000000e6b00000) remset 0 code roots 0 marked 0 reclaim candidate 0 type array 1
[367.340s][debug][gc,humongous      ] GC(33005) Humongous region 1471 (object size 1048592 @ 0x00000000dbf00000) remset 0 code roots 0 marked 0 reclaim candidate 0 type array 1
[367.340s][debug][gc,humongous      ] GC(33005) Humongous region 1645 (object size 1048592 @ 0x00000000e6d00000) remset 0 code roots 0 marked 0 reclaim candidate 0 type array 1
[367.340s][debug][gc,humongous      ] GC(33005) Humongous region 105 (object size 1048592 @ 0x0000000086900000) remset 0 code roots 0 marked 0 reclaim candidate 0 type array 1
[367.340s][debug][gc,humongous      ] GC(33005) Humongous region 1647 (object size 1048592 @ 0x00000000e6f00000) remset 0 code roots 0 marked 0 reclaim candidate 0 type array 1
[367.341s][debug][gc,humongous      ] GC(33005) Humongous region 107 (object size 1048592 @ 0x0000000086b00000) remset 0 code roots 0 marked 0 reclaim candidate 0 type array 1
[367.341s][debug][gc,humongous      ] GC(33005) Humongous region 1649 (object size 1048592 @ 0x00000000e7100000) remset 0 code roots 0 marked 0 reclaim candidate 0 type array 1
[367.340s][debug][gc,humongous      ] GC(33005) Humongous region 1808 (object size 1048592 @ 0x00000000f1000000) remset 0 code roots 0 marked 0 reclaim candidate 0 type array 1
[367.341s][debug][gc,humongous      ] GC(33005) Humongous region 1651 (object size 1048592 @ 0x00000000e7300000) remset 0 code roots 0 marked 0 reclaim candidate 0 type array 1
[367.340s][debug][gc,humongous      ] GC(33005) Humongous region 1207 (object size 1048592 @ 0x00000000cb700000) remset 0 code roots 0 marked 0 reclaim candidate 0 type array 1
[367.340s][debug][gc,humongous      ] GC(33005) Humongous region 397 (object size 1048592 @ 0x0000000098d00000) remset 0 code roots 0 marked 0 reclaim candidate 0 type array 1
[367.340s][debug][gc,humongous      ] GC(33005) Humongous region 915 (object size 1048592 @ 0x00000000b9300000) remset 0 code roots 0 marked 0 reclaim candidate 0 type array 1
[367.340s][debug][gc,humongous      ] GC(33005) Humongous region 1329 (object size 1048592 @ 0x00000000d3100000) remset 0 code roots 0 marked 0 reclaim candidate 0 type array 1
[367.341s][debug][gc,humongous      ] GC(33005) Humongous region 917 (object size 1048592 @ 0x00000000b9500000) remset 0 code roots 0 marked 0 reclaim candidate 0 type array 1
[367.340s][debug][gc,humongous      ] GC(33005) Humongous region 1473 (object size 1048592 @ 0x00000000dc100000) remset 0 code roots 0 marked 0 reclaim candidate 0 type array 1
[367.340s][debug][gc,humongous      ] GC(33005) Humongous region 1008 (object size 1048592 @ 0x00000000bf000000) remset 0 code roots 0 marked 0 reclaim candidate 0 type array 1
[367.341s][debug][gc,humongous      ] GC(33005) Humongous region 1475 (object size 1048592 @ 0x00000000dc300000) remset 0 code roots 0 marked 0 reclaim candidate 0 type array 1
[367.340s][debug][gc,humongous      ] GC(33005) Humongous region 711 (object size 1048592 @ 0x00000000ac700000) remset 0 code roots 0 marked 0 reclaim candidate 0 type array 1
[367.341s][debug][gc,humongous      ] GC(33005) Humongous region 1477 (object size 1048592 @ 0x00000000dc500000) remset 0 code roots 0 marked 0 reclaim candidate 0 type array 1
[367.341s][debug][gc,humongous      ] GC(33005) Humongous region 713 (object size 1048592 @ 0x00000000ac900000) remset 0 code roots 0 marked 0 reclaim candidate 0 type array 1
[367.341s][debug][gc,humongous      ] GC(33005) Humongous region 715 (object size 1048592 @ 0x00000000acb00000) remset 0 code roots 0 marked 0 reclaim candidate 0 type array 1
[367.341s][debug][gc,humongous      ] GC(33005) Humongous region 1653 (object size 1048592 @ 0x00000000e7500000) remset 0 code roots 0 marked 0 reclaim candidate 0 type array 1
[367.341s][debug][gc,humongous      ] GC(33005) Humongous region 717 (object size 1048592 @ 0x00000000acd00000) remset 0 code roots 0 marked 0 reclaim candidate 0 type array 1
[367.341s][debug][gc,humongous      ] GC(33005) Humongous region 719 (object size 1048592 @ 0x00000000acf00000) remset 0 code roots 0 marked 0 reclaim candidate 0 type array 1
[367.340s][debug][gc,humongous      ] GC(33005) Humongous region 709 (object size 1048592 @ 0x00000000ac500000) remset 0 code roots 0 marked 0 reclaim candidate 0 type array 1
[367.341s][debug][gc,humongous      ] GC(33005) Humongous region 919 (object size 1048592 @ 0x00000000b9700000) remset 0 code roots 0 marked 0 reclaim candidate 0 type array 1
[367.341s][debug][gc,humongous      ] GC(33005) Humongous region 725 (object size 1048592 @ 0x00000000ad500000) remset 0 code roots 0 marked 0 reclaim candidate 0 type array 1
[367.340s][debug][gc,humongous      ] GC(33005) Humongous region 223 (object size 1048592 @ 0x000000008df00000) remset 0 code roots 0 marked 0 reclaim candidate 0 type array 1
[367.341s][debug][gc,humongous      ] GC(33005) Humongous region 1010 (object size 1048592 @ 0x00000000bf200000) remset 0 code roots 0 marked 0 reclaim candidate 0 type array 1
[367.341s][debug][gc,humongous      ] GC(33005) Humongous region 109 (object size 1048592 @ 0x0000000086d00000) remset 0 code roots 0 marked 0 reclaim candidate 0 type array 1
[367.340s][debug][gc,humongous      ] GC(33005) Humongous region 2003 (object size 1048592 @ 0x00000000fd300000) remset 0 code roots 0 marked 0 reclaim candidate 0 type array 1
[367.341s][debug][gc,humongous      ] GC(33005) Humongous region 1810 (object size 1048592 @ 0x00000000f1200000) remset 0 code roots 0 marked 0 reclaim candidate 0 type array 1
[367.341s][debug][gc,humongous      ] GC(33005) Humongous region 1479 (object size 1048592 @ 0x00000000dc700000) remset 0 code roots 0 marked 0 reclaim candidate 0 type array 1
[367.341s][debug][gc,humongous      ] GC(33005) Humongous region 1812 (object size 1048592 @ 0x00000000f1400000) remset 0 code roots 0 marked 0 reclaim candidate 0 type array 1
[367.341s][debug][gc,humongous      ] GC(33005) Humongous region 1481 (object size 1048592 @ 0x00000000dc900000) remset 0 code roots 0 marked 0 reclaim candidate 0 type array 1
[367.341s][debug][gc,humongous      ] GC(33005) Humongous region 1655 (object size 1048592 @ 0x00000000e7700000) remset 0 code roots 0 marked 0 reclaim candidate 0 type array 1
[367.341s][debug][gc,humongous      ] GC(33005) Humongous region 723 (object size 1048592 @ 0x00000000ad300000) remset 0 code roots 0 marked 0 reclaim candidate 0 type array 1
[367.341s][debug][gc,humongous      ] GC(33005) Humongous region 729 (object size 1048592 @ 0x00000000ad900000) remset 0 code roots 0 marked 0 reclaim candidate 0 type array 1
[367.341s][debug][gc,humongous      ] GC(33005) Humongous region 727 (object size 1048592 @ 0x00000000ad700000) remset 0 code roots 0 marked 0 reclaim candidate 0 type array 1
[367.341s][debug][gc,humongous      ] GC(33005) Humongous region 731 (object size 1048592 @ 0x00000000adb00000) remset 0 code roots 0 marked 0 reclaim candidate 0 type array 1
[367.341s][debug][gc,humongous      ] GC(33005) Humongous region 225 (object size 1048592 @ 0x000000008e100000) remset 0 code roots 0 marked 0 reclaim candidate 0 type array 1
[367.341s][debug][gc,humongous      ] GC(33005) Humongous region 735 (object size 1048592 @ 0x00000000adf00000) remset 0 code roots 0 marked 0 reclaim candidate 0 type array 1
[367.341s][debug][gc,humongous      ] GC(33005) Humongous region 111 (object size 1048592 @ 0x0000000086f00000) remset 0 code roots 0 marked 0 reclaim candidate 0 type array 1
[367.341s][debug][gc,humongous      ] GC(33005) Humongous region 2005 (object size 1048592 @ 0x00000000fd500000) remset 0 code roots 0 marked 0 reclaim candidate 0 type array 1
[367.341s][debug][gc,humongous      ] GC(33005) Humongous region 1210 (object size 1048592 @ 0x00000000cba00000) remset 0 code roots 0 marked 0 reclaim candidate 0 type array 1
[367.341s][debug][gc,humongous      ] GC(33005) Humongous region 399 (object size 1048592 @ 0x0000000098f00000) remset 0 code roots 0 marked 0 reclaim candidate 0 type array 1
[367.341s][debug][gc,humongous      ] GC(33005) Humongous region 1816 (object size 1048592 @ 0x00000000f1800000) remset 0 code roots 0 marked 0 reclaim candidate 0 type array 1
[367.341s][debug][gc,humongous      ] GC(33005) Humongous region 401 (object size 1048592 @ 0x0000000099100000) remset 0 code roots 0 marked 0 reclaim candidate 0 type array 1
[367.341s][debug][gc,humongous      ] GC(33005) Humongous region 1818 (object size 1048592 @ 0x00000000f1a00000) remset 0 code roots 0 marked 0 reclaim candidate 0 type array 1
[367.341s][debug][gc,humongous      ] GC(33005) Humongous region 1657 (object size 1048592 @ 0x00000000e7900000) remset 0 code roots 0 marked 0 reclaim candidate 0 type array 1
[367.341s][debug][gc,humongous      ] GC(33005) Humongous region 403 (object size 1048592 @ 0x0000000099300000) remset 0 code roots 0 marked 0 reclaim candidate 0 type array 1
[367.341s][debug][gc,humongous      ] GC(33005) Humongous region 1012 (object size 1048592 @ 0x00000000bf400000) remset 0 code roots 0 marked 0 reclaim candidate 0 type array 1
[367.341s][debug][gc,humongous      ] GC(33005) Humongous region 405 (object size 1048592 @ 0x0000000099500000) remset 0 code roots 0 marked 0 reclaim candidate 0 type array 1
[367.341s][debug][gc,humongous      ] GC(33005) Humongous region 1014 (object size 1048592 @ 0x00000000bf600000) remset 0 code roots 0 marked 0 reclaim candidate 0 type array 1
[367.341s][debug][gc,humongous      ] GC(33005) Humongous region 737 (object size 1048592 @ 0x00000000ae100000) remset 0 code roots 0 marked 0 reclaim candidate 0 type array 1
[367.341s][debug][gc,humongous      ] GC(33005) Humongous region 1016 (object size 1048592 @ 0x00000000bf800000) remset 0 code roots 0 marked 0 reclaim candidate 0 type array 1
[367.341s][debug][gc,humongous      ] GC(33005) Humongous region 739 (object size 1048592 @ 0x00000000ae300000) remset 0 code roots 0 marked 0 reclaim candidate 0 type array 1
[367.341s][debug][gc,humongous      ] GC(33005) Humongous region 1212 (object size 1048592 @ 0x00000000cbc00000) remset 0 code roots 0 marked 0 reclaim candidate 0 type array 1
[367.341s][debug][gc,humongous      ] GC(33005) Humongous region 741 (object size 1048592 @ 0x00000000ae500000) remset 0 code roots 0 marked 0 reclaim candidate 0 type array 1
[367.341s][debug][gc,humongous      ] GC(33005) Humongous region 923 (object size 1048592 @ 0x00000000b9b00000) remset 0 code roots 0 marked 0 reclaim candidate 0 type array 1
[367.341s][debug][gc,humongous      ] GC(33005) Humongous region 743 (object size 1048592 @ 0x00000000ae700000) remset 0 code roots 0 marked 0 reclaim candidate 0 type array 1
[367.341s][debug][gc,humongous      ] GC(33005) Humongous region 733 (object size 1048592 @ 0x00000000add00000) remset 0 code roots 0 marked 0 reclaim candidate 0 type array 1
[367.341s][debug][gc,humongous      ] GC(33005) Humongous region 925 (object size 1048592 @ 0x00000000b9d00000) remset 0 code roots 0 marked 0 reclaim candidate 0 type array 1
[367.341s][debug][gc,humongous      ] GC(33005) Humongous region 1331 (object size 1048592 @ 0x00000000d3300000) remset 0 code roots 0 marked 0 reclaim candidate 0 type array 1
[367.341s][debug][gc,humongous      ] GC(33005) Humongous region 227 (object size 1048592 @ 0x000000008e300000) remset 0 code roots 0 marked 0 reclaim candidate 0 type array 1
[367.341s][debug][gc,humongous      ] GC(33005) Humongous region 927 (object size 1048592 @ 0x00000000b9f00000) remset 0 code roots 0 marked 0 reclaim candidate 0 type array 1
[367.341s][debug][gc,humongous      ] GC(33005) Humongous region 113 (object size 1048592 @ 0x0000000087100000) remset 0 code roots 0 marked 0 reclaim candidate 0 type array 1
[367.341s][debug][gc,humongous      ] GC(33005) Humongous region 929 (object size 1048592 @ 0x00000000ba100000) remset 0 code roots 0 marked 0 reclaim candidate 0 type array 1
[367.341s][debug][gc,humongous      ] GC(33005) Humongous region 1018 (object size 1048592 @ 0x00000000bfa00000) remset 0 code roots 0 marked 0 reclaim candidate 0 type array 1
[367.341s][debug][gc,humongous      ] GC(33005) Humongous region 115 (object size 1048592 @ 0x0000000087300000) remset 0 code roots 0 marked 0 reclaim candidate 0 type array 1
[367.341s][debug][gc,humongous      ] GC(33005) Humongous region 1214 (object size 1048592 @ 0x00000000cbe00000) remset 0 code roots 0 marked 0 reclaim candidate 0 type array 1
[367.341s][debug][gc,humongous      ] GC(33005) Humongous region 117 (object size 1048592 @ 0x0000000087500000) remset 0 code roots 0 marked 0 reclaim candidate 0 type array 1
[367.341s][debug][gc,humongous      ] GC(33005) Humongous region 1216 (object size 1048592 @ 0x00000000cc000000) remset 0 code roots 0 marked 0 reclaim candidate 0 type array 1
[367.341s][debug][gc,humongous      ] GC(33005) Humongous region 119 (object size 1048592 @ 0x0000000087700000) remset 0 code roots 0 marked 0 reclaim candidate 0 type array 1
[367.341s][debug][gc,humongous      ] GC(33005) Humongous region 1218 (object size 1048592 @ 0x00000000cc200000) remset 0 code roots 0 marked 0 reclaim candidate 0 type array 1
[367.341s][debug][gc,humongous      ] GC(33005) Humongous region 407 (object size 1048592 @ 0x0000000099700000) remset 0 code roots 0 marked 0 reclaim candidate 0 type array 1
[367.341s][debug][gc,humongous      ] GC(33005) Humongous region 1333 (object size 1048592 @ 0x00000000d3500000) remset 0 code roots 0 marked 0 reclaim candidate 0 type array 1
[367.341s][debug][gc,humongous      ] GC(33005) Humongous region 409 (object size 1048592 @ 0x0000000099900000) remset 0 code roots 0 marked 0 reclaim candidate 0 type array 1
[367.341s][debug][gc,humongous      ] GC(33005) Humongous region 2007 (object size 1048592 @ 0x00000000fd700000) remset 0 code roots 0 marked 0 reclaim candidate 0 type array 1
[367.341s][debug][gc,humongous      ] GC(33005) Humongous region 931 (object size 1048592 @ 0x00000000ba300000) remset 0 code roots 0 marked 0 reclaim candidate 0 type array 1
[367.341s][debug][gc,humongous      ] GC(33005) Humongous region 1483 (object size 1048592 @ 0x00000000dcb00000) remset 0 code roots 0 marked 0 reclaim candidate 0 type array 1
[367.341s][debug][gc,humongous      ] GC(33005) Humongous region 1020 (object size 1048592 @ 0x00000000bfc00000) remset 0 code roots 0 marked 0 reclaim candidate 0 type array 1
[367.341s][debug][gc,humongous      ] GC(33005) Humongous region 1820 (object size 1048592 @ 0x00000000f1c00000) remset 0 code roots 0 marked 0 reclaim candidate 0 type array 1
[367.341s][debug][gc,humongous      ] GC(33005) Humongous region 1022 (object size 1048592 @ 0x00000000bfe00000) remset 0 code roots 0 marked 0 reclaim candidate 0 type array 1
[367.341s][debug][gc,humongous      ] GC(33005) Humongous region 747 (object size 1048592 @ 0x00000000aeb00000) remset 0 code roots 0 marked 0 reclaim candidate 0 type array 1
[367.341s][debug][gc,humongous      ] GC(33005) Humongous region 1659 (object size 1048592 @ 0x00000000e7b00000) remset 0 code roots 0 marked 0 reclaim candidate 0 type array 1
[367.341s][debug][gc,humongous      ] GC(33005) Humongous region 749 (object size 1048592 @ 0x00000000aed00000) remset 0 code roots 0 marked 0 reclaim candidate 0 type array 1
[367.341s][debug][gc,humongous      ] GC(33005) Humongous region 1661 (object size 1048592 @ 0x00000000e7d00000) remset 0 code roots 0 marked 0 reclaim candidate 0 type array 1
[367.341s][debug][gc,humongous      ] GC(33005) Humongous region 751 (object size 1048592 @ 0x00000000aef00000) remset 0 code roots 0 marked 0 reclaim candidate 0 type array 1
[367.341s][debug][gc,humongous      ] GC(33005) Humongous region 1335 (object size 1048592 @ 0x00000000d3700000) remset 0 code roots 0 marked 0 reclaim candidate 0 type array 1
[367.341s][debug][gc,humongous      ] GC(33005) Humongous region 411 (object size 1048592 @ 0x0000000099b00000) remset 0 code roots 0 marked 0 reclaim candidate 0 type array 1
[367.341s][debug][gc,humongous      ] GC(33005) Humongous region 2009 (object size 1048592 @ 0x00000000fd900000) remset 0 code roots 0 marked 0 reclaim candidate 0 type array 1
[367.341s][debug][gc,humongous      ] GC(33005) Humongous region 935 (object size 1048592 @ 0x00000000ba700000) remset 0 code roots 0 marked 0 reclaim candidate 0 type array 1
[367.341s][debug][gc,humongous      ] GC(33005) Humongous region 1485 (object size 1048592 @ 0x00000000dcd00000) remset 0 code roots 0 marked 0 reclaim candidate 0 type array 1
[367.341s][debug][gc,humongous      ] GC(33005) Humongous region 937 (object size 1048592 @ 0x00000000ba900000) remset 0 code roots 0 marked 0 reclaim candidate 0 type array 1
[367.341s][debug][gc,humongous      ] GC(33005) Humongous region 1487 (object size 1048592 @ 0x00000000dcf00000) remset 0 code roots 0 marked 0 reclaim candidate 0 type array 1
[367.341s][debug][gc,humongous      ] GC(33005) Humongous region 939 (object size 1048592 @ 0x00000000bab00000) remset 0 code roots 0 marked 0 reclaim candidate 0 type array 1
[367.341s][debug][gc,humongous      ] GC(33005) Humongous region 1489 (object size 1048592 @ 0x00000000dd100000) remset 0 code roots 0 marked 0 reclaim candidate 0 type array 1
[367.341s][debug][gc,humongous      ] GC(33005) Humongous region 941 (object size 1048592 @ 0x00000000bad00000) remset 0 code roots 0 marked 0 reclaim candidate 0 type array 1
[367.341s][debug][gc,humongous      ] GC(33005) Humongous region 1491 (object size 1048592 @ 0x00000000dd300000) remset 0 code roots 0 marked 0 reclaim candidate 0 type array 1
[367.341s][debug][gc,humongous      ] GC(33005) Humongous region 943 (object size 1048592 @ 0x00000000baf00000) remset 0 code roots 0 marked 0 reclaim candidate 0 type array 1
[367.341s][debug][gc,humongous      ] GC(33005) Humongous region 1493 (object size 1048592 @ 0x00000000dd500000) remset 0 code roots 0 marked 0 reclaim candidate 0 type array 1
[367.341s][debug][gc,humongous      ] GC(33005) Humongous region 1339 (object size 1048592 @ 0x00000000d3b00000) remset 0 code roots 0 marked 0 reclaim candidate 0 type array 1
[367.341s][debug][gc,humongous      ] GC(33005) Humongous region 1026 (object size 1048592 @ 0x00000000c0200000) remset 0 code roots 0 marked 0 reclaim candidate 0 type array 1
[367.341s][debug][gc,humongous      ] GC(33005) Humongous region 2011 (object size 1048592 @ 0x00000000fdb00000) remset 0 code roots 0 marked 0 reclaim candidate 0 type array 1
[367.341s][debug][gc,humongous      ] GC(33005) Humongous region 1028 (object size 1048592 @ 0x00000000c0400000) remset 0 code roots 0 marked 0 reclaim candidate 0 type array 1
[367.342s][debug][gc,humongous      ] GC(33005) Humongous region 2013 (object size 1048592 @ 0x00000000fdd00000) remset 0 code roots 0 marked 0 reclaim candidate 0 type array 1
[367.342s][debug][gc,humongous      ] GC(33005) Humongous region 1030 (object size 1048592 @ 0x00000000c0600000) remset 0 code roots 0 marked 0 reclaim candidate 0 type array 1
[367.342s][debug][gc,humongous      ] GC(33005) Humongous region 2015 (object size 1048592 @ 0x00000000fdf00000) remset 0 code roots 0 marked 0 reclaim candidate 0 type array 1
[367.341s][debug][gc,humongous      ] GC(33005) Humongous region 1220 (object size 1048592 @ 0x00000000cc400000) remset 0 code roots 0 marked 0 reclaim candidate 0 type array 1
[367.342s][debug][gc,humongous      ] GC(33005) Humongous region 2017 (object size 1048592 @ 0x00000000fe100000) remset 0 code roots 0 marked 0 reclaim candidate 0 type array 1
[367.341s][debug][gc,humongous      ] GC(33005) Humongous region 1663 (object size 1048592 @ 0x00000000e7f00000) remset 0 code roots 0 marked 0 reclaim candidate 0 type array 1
[367.341s][debug][gc,humongous      ] GC(33005) Humongous region 754 (object size 1048592 @ 0x00000000af200000) remset 0 code roots 0 marked 0 reclaim candidate 0 type array 1
[367.342s][debug][gc,humongous      ] GC(33005) Humongous region 1665 (object size 1048592 @ 0x00000000e8100000) remset 0 code roots 0 marked 0 reclaim candidate 0 type array 1
[367.341s][debug][gc,humongous      ] GC(33005) Humongous region 1341 (object size 1048592 @ 0x00000000d3d00000) remset 0 code roots 0 marked 0 reclaim candidate 0 type array 1
[367.342s][debug][gc,humongous      ] GC(33005) Humongous region 1343 (object size 1048592 @ 0x00000000d3f00000) remset 0 code roots 0 marked 0 reclaim candidate 0 type array 1
[367.341s][debug][gc,humongous      ] GC(33005) Humongous region 1822 (object size 1048592 @ 0x00000000f1e00000) remset 0 code roots 0 marked 0 reclaim candidate 0 type array 1
[367.342s][debug][gc,humongous      ] GC(33005) Humongous region 1347 (object size 1048592 @ 0x00000000d4300000) remset 0 code roots 0 marked 0 reclaim candidate 0 type array 1
[367.341s][debug][gc,humongous      ] GC(33005) Humongous region 1024 (object size 1048592 @ 0x00000000c0000000) remset 0 code roots 0 marked 0 reclaim candidate 0 type array 1
[367.342s][debug][gc,humongous      ] GC(33005) Humongous region 1032 (object size 1048592 @ 0x00000000c0800000) remset 0 code roots 0 marked 0 reclaim candidate 0 type array 1
[367.342s][debug][gc,humongous      ] GC(33005) Humongous region 1034 (object size 1048592 @ 0x00000000c0a00000) remset 0 code roots 0 marked 0 reclaim candidate 0 type array 1
[367.342s][debug][gc,humongous      ] GC(33005) Humongous region 1036 (object size 1048592 @ 0x00000000c0c00000) remset 0 code roots 0 marked 0 reclaim candidate 0 type array 1
[367.342s][debug][gc,humongous      ] GC(33005) Humongous region 1038 (object size 1048592 @ 0x00000000c0e00000) remset 0 code roots 0 marked 0 reclaim candidate 0 type array 1
[367.342s][debug][gc,humongous      ] GC(33005) Humongous region 2019 (object size 1048592 @ 0x00000000fe300000) remset 0 code roots 0 marked 0 reclaim candidate 0 type array 1
[367.342s][debug][gc,humongous      ] GC(33005) Humongous region 1042 (object size 1048592 @ 0x00000000c1200000) remset 0 code roots 0 marked 0 reclaim candidate 0 type array 1
[367.342s][debug][gc,humongous      ] GC(33005) Humongous region 2021 (object size 1048592 @ 0x00000000fe500000) remset 0 code roots 0 marked 0 reclaim candidate 0 type array 1
[367.342s][debug][gc,humongous      ] GC(33005) Humongous region 1667 (object size 1048592 @ 0x00000000e8300000) remset 0 code roots 0 marked 0 reclaim candidate 0 type array 1
[367.342s][debug][gc,humongous      ] GC(33005) Humongous region 756 (object size 1048592 @ 0x00000000af400000) remset 0 code roots 0 marked 0 reclaim candidate 0 type array 1
[367.342s][debug][gc,humongous      ] GC(33005) Humongous region 1669 (object size 1048592 @ 0x00000000e8500000) remset 0 code roots 0 marked 0 reclaim candidate 0 type array 1
[367.342s][debug][gc,humongous      ] GC(33005) Humongous region 758 (object size 1048592 @ 0x00000000af600000) remset 0 code roots 0 marked 0 reclaim candidate 0 type array 1
[367.342s][debug][gc,humongous      ] GC(33005) Humongous region 1672 (object size 1048592 @ 0x00000000e8800000) remset 0 code roots 0 marked 0 reclaim candidate 0 type array 1
[367.342s][debug][gc,humongous      ] GC(33005) Humongous region 1349 (object size 1048592 @ 0x00000000d4500000) remset 0 code roots 0 marked 0 reclaim candidate 0 type array 1
[367.341s][debug][gc,humongous      ] GC(33005) Humongous region 229 (object size 1048592 @ 0x000000008e500000) remset 0 code roots 0 marked 0 reclaim candidate 1 type array 1
[367.342s][debug][gc,humongous      ] GC(33005) Humongous region 1351 (object size 1048592 @ 0x00000000d4700000) remset 0 code roots 0 marked 0 reclaim candidate 0 type array 1
[367.342s][debug][gc,humongous      ] GC(33005) Humongous region 231 (object size 1048592 @ 0x000000008e700000) remset 0 code roots 0 marked 0 reclaim candidate 0 type array 1
[367.341s][debug][gc,humongous      ] GC(33005) Humongous region 413 (object size 1048592 @ 0x0000000099d00000) remset 0 code roots 0 marked 0 reclaim candidate 0 type array 1
[367.342s][debug][gc,humongous      ] GC(33005) Humongous region 233 (object size 1048592 @ 0x000000008e900000) remset 0 code roots 0 marked 0 reclaim candidate 0 type array 1
[367.342s][debug][gc,humongous      ] GC(33005) Humongous region 415 (object size 1048592 @ 0x0000000099f00000) remset 0 code roots 0 marked 0 reclaim candidate 0 type array 1
[367.342s][debug][gc,humongous      ] GC(33005) Humongous region 235 (object size 1048592 @ 0x000000008eb00000) remset 0 code roots 0 marked 0 reclaim candidate 1 type array 1
[367.342s][debug][gc,humongous      ] GC(33005) Humongous region 417 (object size 1048592 @ 0x000000009a100000) remset 0 code roots 0 marked 0 reclaim candidate 0 type array 1
[367.341s][debug][gc,humongous      ] GC(33005) Humongous region 121 (object size 1048592 @ 0x0000000087900000) remset 0 code roots 0 marked 0 reclaim candidate 0 type array 1
[367.342s][debug][gc,humongous      ] GC(33005) Humongous region 1824 (object size 1048592 @ 0x00000000f2000000) remset 0 code roots 0 marked 0 reclaim candidate 0 type array 1
[367.342s][debug][gc,humongous      ] GC(33005) Humongous region 760 (object size 1048592 @ 0x00000000af800000) remset 0 code roots 0 marked 0 reclaim candidate 0 type array 1
[367.342s][debug][gc,humongous      ] GC(33005) Humongous region 123 (object size 1048592 @ 0x0000000087b00000) remset 0 code roots 0 marked 0 reclaim candidate 0 type array 1
[367.342s][debug][gc,humongous      ] GC(33005) Humongous region 1674 (object size 1048592 @ 0x00000000e8a00000) remset 0 code roots 0 marked 0 reclaim candidate 0 type array 1
[367.342s][debug][gc,humongous      ] GC(33005) Humongous region 1040 (object size 1048592 @ 0x00000000c1000000) remset 0 code roots 0 marked 0 reclaim candidate 0 type array 1
[367.342s][debug][gc,humongous      ] GC(33005) Humongous region 1676 (object size 1048592 @ 0x00000000e8c00000) remset 0 code roots 0 marked 0 reclaim candidate 0 type array 1
[367.342s][debug][gc,humongous      ] GC(33005) Humongous region 1048 (object size 1048592 @ 0x00000000c1800000) remset 0 code roots 0 marked 0 reclaim candidate 0 type array 1
[367.342s][debug][gc,humongous      ] GC(33005) Humongous region 1678 (object size 1048592 @ 0x00000000e8e00000) remset 0 code roots 0 marked 0 reclaim candidate 0 type array 1
[367.342s][debug][gc,humongous      ] GC(33005) Humongous region 1050 (object size 1048592 @ 0x00000000c1a00000) remset 0 code roots 0 marked 0 reclaim candidate 0 type array 1
[367.341s][debug][gc,humongous      ] GC(33005) Humongous region 745 (object size 1048592 @ 0x00000000ae900000) remset 0 code roots 0 marked 0 reclaim candidate 0 type array 1
[367.342s][debug][gc,humongous      ] GC(33005) Humongous region 237 (object size 1048592 @ 0x000000008ed00000) remset 0 code roots 0 marked 0 reclaim candidate 0 type array 1
[367.342s][debug][gc,humongous      ] GC(33005) Humongous region 764 (object size 1048592 @ 0x00000000afc00000) remset 0 code roots 0 marked 0 reclaim candidate 0 type array 1
[367.342s][debug][gc,humongous      ] GC(33005) Humongous region 239 (object size 1048592 @ 0x000000008ef00000) remset 0 code roots 0 marked 0 reclaim candidate 0 type array 1
[367.342s][debug][gc,humongous      ] GC(33005) Humongous region 1222 (object size 1048592 @ 0x00000000cc600000) remset 0 code roots 0 marked 0 reclaim candidate 0 type array 1
[367.342s][debug][gc,humongous      ] GC(33005) Humongous region 242 (object size 1048592 @ 0x000000008f200000) remset 0 code roots 0 marked 0 reclaim candidate 0 type array 1
[367.342s][debug][gc,humongous      ] GC(33005) Humongous region 125 (object size 1048592 @ 0x0000000087d00000) remset 0 code roots 0 marked 0 reclaim candidate 0 type array 1
[367.341s][debug][gc,humongous      ] GC(33005) Humongous region 1495 (object size 1048592 @ 0x00000000dd700000) remset 0 code roots 0 marked 0 reclaim candidate 0 type array 1
[367.342s][debug][gc,humongous      ] GC(33005) Humongous region 1353 (object size 1048592 @ 0x00000000d4900000) remset 0 code roots 0 marked 0 reclaim candidate 0 type array 1
[367.342s][debug][gc,humongous      ] GC(33005) Humongous region 1044 (object size 1048592 @ 0x00000000c1400000) remset 0 code roots 0 marked 0 reclaim candidate 0 type array 1
[367.342s][debug][gc,humongous      ] GC(33005) Humongous region 2023 (object size 1048592 @ 0x00000000fe700000) remset 0 code roots 0 marked 0 reclaim candidate 0 type array 1
[367.342s][debug][gc,humongous      ] GC(33005) Humongous region 1680 (object size 1048592 @ 0x00000000e9000000) remset 0 code roots 0 marked 0 reclaim candidate 0 type array 1
[367.342s][debug][gc,humongous      ] GC(33005) Humongous region 1052 (object size 1048592 @ 0x00000000c1c00000) remset 0 code roots 0 marked 0 reclaim candidate 0 type array 1
[367.342s][debug][gc,humongous      ] GC(33005) Humongous region 1682 (object size 1048592 @ 0x00000000e9200000) remset 0 code roots 0 marked 0 reclaim candidate 0 type array 1
[367.342s][debug][gc,humongous      ] GC(33005) Humongous region 1826 (object size 1048592 @ 0x00000000f2200000) remset 0 code roots 0 marked 0 reclaim candidate 0 type array 1
[367.342s][debug][gc,humongous      ] GC(33005) Humongous region 768 (object size 1048592 @ 0x00000000b0000000) remset 0 code roots 0 marked 0 reclaim candidate 0 type array 1
[367.342s][debug][gc,humongous      ] GC(33005) Humongous region 762 (object size 1048592 @ 0x00000000afa00000) remset 0 code roots 0 marked 0 reclaim candidate 0 type array 1
[367.342s][debug][gc,humongous      ] GC(33005) Humongous region 1224 (object size 1048592 @ 0x00000000cc800000) remset 0 code roots 0 marked 0 reclaim candidate 0 type array 1
[367.342s][debug][gc,humongous      ] GC(33005) Humongous region 774 (object size 1048592 @ 0x00000000b0600000) remset 0 code roots 0 marked 0 reclaim candidate 0 type array 1
[367.342s][debug][gc,humongous      ] GC(33005) Humongous region 127 (object size 1048592 @ 0x0000000087f00000) remset 0 code roots 0 marked 0 reclaim candidate 0 type array 1
[367.342s][debug][gc,humongous      ] GC(33005) Humongous region 1497 (object size 1048592 @ 0x00000000dd900000) remset 0 code roots 0 marked 0 reclaim candidate 0 type array 1
[367.342s][debug][gc,humongous      ] GC(33005) Humongous region 1355 (object size 1048592 @ 0x00000000d4b00000) remset 0 code roots 0 marked 0 reclaim candidate 0 type array 1
[367.342s][debug][gc,humongous      ] GC(33005) Humongous region 1054 (object size 1048592 @ 0x00000000c1e00000) remset 0 code roots 0 marked 0 reclaim candidate 0 type array 1
[367.342s][debug][gc,humongous      ] GC(33005) Humongous region 2025 (object size 1048592 @ 0x00000000fe900000) remset 0 code roots 0 marked 0 reclaim candidate 0 type array 1
[367.342s][debug][gc,humongous      ] GC(33005) Humongous region 419 (object size 1048592 @ 0x000000009a300000) remset 0 code roots 0 marked 0 reclaim candidate 0 type array 1
[367.342s][debug][gc,humongous      ] GC(33005) Humongous region 1056 (object size 1048592 @ 0x00000000c2000000) remset 0 code roots 0 marked 0 reclaim candidate 0 type array 1
[367.342s][debug][gc,humongous      ] GC(33005) Humongous region 421 (object size 1048592 @ 0x000000009a500000) remset 0 code roots 0 marked 0 reclaim candidate 0 type array 1
[367.342s][debug][gc,humongous      ] GC(33005) Humongous region 1060 (object size 1048592 @ 0x00000000c2400000) remset 0 code roots 0 marked 0 reclaim candidate 0 type array 1
[367.342s][debug][gc,humongous      ] GC(33005) Humongous region 423 (object size 1048592 @ 0x000000009a700000) remset 0 code roots 0 marked 0 reclaim candidate 0 type array 1
[367.342s][debug][gc,humongous      ] GC(33005) Humongous region 1063 (object size 1048592 @ 0x00000000c2700000) remset 0 code roots 0 marked 0 reclaim candidate 0 type array 1
[367.342s][debug][gc,humongous      ] GC(33005) Humongous region 1226 (object size 1048592 @ 0x00000000cca00000) remset 0 code roots 0 marked 0 reclaim candidate 0 type array 1
[367.342s][debug][gc,humongous      ] GC(33005) Humongous region 776 (object size 1048592 @ 0x00000000b0800000) remset 0 code roots 0 marked 0 reclaim candidate 0 type array 1
[367.342s][debug][gc,humongous      ] GC(33005) Humongous region 129 (object size 1048592 @ 0x0000000088100000) remset 0 code roots 0 marked 0 reclaim candidate 0 type array 1
[367.342s][debug][gc,humongous      ] GC(33005) Humongous region 1499 (object size 1048592 @ 0x00000000ddb00000) remset 0 code roots 0 marked 0 reclaim candidate 0 type array 1
[367.342s][debug][gc,humongous      ] GC(33005) Humongous region 131 (object size 1048592 @ 0x0000000088300000) remset 0 code roots 0 marked 0 reclaim candidate 0 type array 1
[367.342s][debug][gc,humongous      ] GC(33005) Humongous region 1501 (object size 1048592 @ 0x00000000ddd00000) remset 0 code roots 0 marked 0 reclaim candidate 0 type array 1
[367.342s][debug][gc,humongous      ] GC(33005) Humongous region 133 (object size 1048592 @ 0x0000000088500000) remset 0 code roots 0 marked 0 reclaim candidate 0 type array 1
[367.342s][debug][gc,humongous      ] GC(33005) Humongous region 1503 (object size 1048592 @ 0x00000000ddf00000) remset 0 code roots 0 marked 0 reclaim candidate 0 type array 1
[367.342s][debug][gc,humongous      ] GC(33005) Humongous region 135 (object size 1048592 @ 0x0000000088700000) remset 0 code roots 0 marked 0 reclaim candidate 0 type array 1
[367.342s][debug][gc,humongous      ] GC(33005) Humongous region 772 (object size 1048592 @ 0x00000000b0400000) remset 0 code roots 0 marked 0 reclaim candidate 0 type array 1
[367.342s][debug][gc,humongous      ] GC(33005) Humongous region 244 (object size 1048592 @ 0x000000008f400000) remset 0 code roots 0 marked 0 reclaim candidate 0 type array 1
[367.342s][debug][gc,humongous      ] GC(33005) Humongous region 425 (object size 1048592 @ 0x000000009a900000) remset 0 code roots 0 marked 0 reclaim candidate 0 type array 1
[367.342s][debug][gc,humongous      ] GC(33005) Humongous region 246 (object size 1048592 @ 0x000000008f600000) remset 0 code roots 0 marked 0 reclaim candidate 0 type array 1
[367.342s][debug][gc,humongous      ] GC(33005) Humongous region 427 (object size 1048592 @ 0x000000009ab00000) remset 0 code roots 0 marked 0 reclaim candidate 0 type array 1
[367.342s][debug][gc,humongous      ] GC(33005) Humongous region 248 (object size 1048592 @ 0x000000008f800000) remset 0 code roots 0 marked 0 reclaim candidate 0 type array 1
[367.342s][debug][gc,humongous      ] GC(33005) Humongous region 1357 (object size 1048592 @ 0x00000000d4d00000) remset 0 code roots 0 marked 0 reclaim candidate 0 type array 1
[367.342s][debug][gc,humongous      ] GC(33005) Humongous region 250 (object size 1048592 @ 0x000000008fa00000) remset 0 code roots 0 marked 0 reclaim candidate 0 type array 1
[367.342s][debug][gc,humongous      ] GC(33005) Humongous region 2027 (object size 1048592 @ 0x00000000feb00000) remset 0 code roots 0 marked 0 reclaim candidate 0 type array 1
[367.342s][debug][gc,humongous      ] GC(33005) Humongous region 1359 (object size 1048592 @ 0x00000000d4f00000) remset 0 code roots 0 marked 0 reclaim candidate 0 type array 1
[367.342s][debug][gc,humongous      ] GC(33005) Humongous region 2029 (object size 1048592 @ 0x00000000fed00000) remset 0 code roots 0 marked 0 reclaim candidate 0 type array 1
[367.342s][debug][gc,humongous      ] GC(33005) Humongous region 1361 (object size 1048592 @ 0x00000000d5100000) remset 0 code roots 0 marked 0 reclaim candidate 0 type array 1
[367.342s][debug][gc,humongous      ] GC(33005) Humongous region 2033 (object size 1048592 @ 0x00000000ff100000) remset 0 code roots 0 marked 0 reclaim candidate 0 type array 1
[367.343s][debug][gc,humongous      ] GC(33005) Humongous region 1365 (object size 1048592 @ 0x00000000d5500000) remset 0 code roots 0 marked 0 reclaim candidate 0 type array 1
[367.342s][debug][gc,humongous      ] GC(33005) Humongous region 1065 (object size 1048592 @ 0x00000000c2900000) remset 0 code roots 0 marked 0 reclaim candidate 0 type array 1
[367.343s][debug][gc,humongous      ] GC(33005) Humongous region 1367 (object size 1048592 @ 0x00000000d5700000) remset 0 code roots 0 marked 0 reclaim candidate 0 type array 1
[367.343s][debug][gc,humongous      ] GC(33005) Humongous region 1067 (object size 1048592 @ 0x00000000c2b00000) remset 0 code roots 0 marked 0 reclaim candidate 0 type array 1
[367.343s][debug][gc,humongous      ] GC(33005) Humongous region 1369 (object size 1048592 @ 0x00000000d5900000) remset 0 code roots 0 marked 0 reclaim candidate 0 type array 1
[367.343s][debug][gc,humongous      ] GC(33005) Humongous region 1069 (object size 1048592 @ 0x00000000c2d00000) remset 0 code roots 0 marked 0 reclaim candidate 0 type array 1
[367.343s][debug][gc,humongous      ] GC(33005) Humongous region 1371 (object size 1048592 @ 0x00000000d5b00000) remset 0 code roots 0 marked 0 reclaim candidate 0 type array 1
[367.343s][debug][gc,humongous      ] GC(33005) Humongous region 1071 (object size 1048592 @ 0x00000000c2f00000) remset 0 code roots 0 marked 0 reclaim candidate 0 type array 1
[367.342s][debug][gc,humongous      ] GC(33005) Humongous region 1828 (object size 1048592 @ 0x00000000f2400000) remset 0 code roots 0 marked 0 reclaim candidate 0 type array 1
[367.343s][debug][gc,humongous      ] GC(33005) Humongous region 1073 (object size 1048592 @ 0x00000000c3100000) remset 0 code roots 0 marked 0 reclaim candidate 0 type array 1
[367.342s][debug][gc,humongous      ] GC(33005) Humongous region 1505 (object size 1048592 @ 0x00000000de100000) remset 0 code roots 0 marked 0 reclaim candidate 0 type array 1
[367.342s][debug][gc,humongous      ] GC(33005) Humongous region 784 (object size 1048592 @ 0x00000000b1000000) remset 0 code roots 0 marked 0 reclaim candidate 0 type array 1
[367.343s][debug][gc,humongous      ] GC(33005) Humongous region 1507 (object size 1048592 @ 0x00000000de300000) remset 0 code roots 0 marked 0 reclaim candidate 0 type array 1
[367.342s][debug][gc,humongous      ] GC(33005) Humongous region 1228 (object size 1048592 @ 0x00000000ccc00000) remset 0 code roots 0 marked 0 reclaim candidate 0 type array 1
[367.343s][debug][gc,humongous      ] GC(33005) Humongous region 1509 (object size 1048592 @ 0x00000000de500000) remset 0 code roots 0 marked 0 reclaim candidate 0 type array 1
[367.343s][debug][gc,humongous      ] GC(33005) Humongous region 1230 (object size 1048592 @ 0x00000000cce00000) remset 0 code roots 0 marked 0 reclaim candidate 0 type array 1
[367.342s][debug][gc,humongous      ] GC(33005) Humongous region 1058 (object size 1048592 @ 0x00000000c2200000) remset 0 code roots 0 marked 0 reclaim candidate 0 type array 1
[367.342s][debug][gc,humongous      ] GC(33005) Humongous region 1684 (object size 1048592 @ 0x00000000e9400000) remset 0 code roots 0 marked 0 reclaim candidate 0 type array 1
[367.343s][debug][gc,humongous      ] GC(33005) Humongous region 1077 (object size 1048592 @ 0x00000000c3500000) remset 0 code roots 0 marked 0 reclaim candidate 0 type array 1
[367.343s][debug][gc,humongous      ] GC(33005) Humongous region 1686 (object size 1048592 @ 0x00000000e9600000) remset 0 code roots 0 marked 0 reclaim candidate 0 type array 1
[367.343s][debug][gc,humongous      ] GC(33005) Humongous region 1081 (object size 1048592 @ 0x00000000c3900000) remset 0 code roots 0 marked 0 reclaim candidate 0 type array 1
[367.343s][debug][gc,humongous      ] GC(33005) Humongous region 1688 (object size 1048592 @ 0x00000000e9800000) remset 0 code roots 0 marked 0 reclaim candidate 0 type array 1
[367.343s][debug][gc,humongous      ] GC(33005) Humongous region 1083 (object size 1048592 @ 0x00000000c3b00000) remset 0 code roots 0 marked 0 reclaim candidate 0 type array 1
[367.343s][debug][gc,humongous      ] GC(33005) Humongous region 1690 (object size 1048592 @ 0x00000000e9a00000) remset 0 code roots 0 marked 0 reclaim candidate 0 type array 1
[367.343s][debug][gc,humongous      ] GC(33005) Humongous region 786 (object size 1048592 @ 0x00000000b1200000) remset 0 code roots 0 marked 0 reclaim candidate 0 type array 1
[367.343s][debug][gc,humongous      ] GC(33005) Humongous region 1692 (object size 1048592 @ 0x00000000e9c00000) remset 0 code roots 0 marked 0 reclaim candidate 0 type array 1
[367.342s][debug][gc,humongous      ] GC(33005) Humongous region 429 (object size 1048592 @ 0x000000009ad00000) remset 0 code roots 0 marked 0 reclaim candidate 0 type array 1
[367.343s][debug][gc,humongous      ] GC(33005) Humongous region 1511 (object size 1048592 @ 0x00000000de700000) remset 0 code roots 0 marked 0 reclaim candidate 0 type array 1
[367.343s][debug][gc,humongous      ] GC(33005) Humongous region 1232 (object size 1048592 @ 0x00000000cd000000) remset 0 code roots 0 marked 0 reclaim candidate 0 type array 1
[367.343s][debug][gc,humongous      ] GC(33005) Humongous region 1513 (object size 1048592 @ 0x00000000de900000) remset 0 code roots 0 marked 0 reclaim candidate 0 type array 1
[367.343s][debug][gc,humongous      ] GC(33005) Humongous region 1234 (object size 1048592 @ 0x00000000cd200000) remset 0 code roots 0 marked 0 reclaim candidate 0 type array 1
[367.343s][debug][gc,humongous      ] GC(33005) Humongous region 1515 (object size 1048592 @ 0x00000000deb00000) remset 0 code roots 0 marked 0 reclaim candidate 0 type array 1
[367.343s][debug][gc,humongous      ] GC(33005) Humongous region 1236 (object size 1048592 @ 0x00000000cd400000) remset 0 code roots 0 marked 0 reclaim candidate 0 type array 1
[367.343s][debug][gc,humongous      ] GC(33005) Humongous region 1075 (object size 1048592 @ 0x00000000c3300000) remset 0 code roots 0 marked 0 reclaim candidate 0 type array 1
[367.343s][debug][gc,humongous      ] GC(33005) Humongous region 1517 (object size 1048592 @ 0x00000000ded00000) remset 0 code roots 0 marked 0 reclaim candidate 0 type array 1
[367.343s][debug][gc,humongous      ] GC(33005) Humongous region 1085 (object size 1048592 @ 0x00000000c3d00000) remset 0 code roots 0 marked 0 reclaim candidate 0 type array 1
[367.343s][debug][gc,humongous      ] GC(33005) Humongous region 1519 (object size 1048592 @ 0x00000000def00000) remset 0 code roots 0 marked 0 reclaim candidate 0 type array 1
[367.343s][debug][gc,humongous      ] GC(33005) Humongous region 1091 (object size 1048592 @ 0x00000000c4300000) remset 0 code roots 0 marked 0 reclaim candidate 0 type array 1
[367.343s][debug][gc,humongous      ] GC(33005) Humongous region 1694 (object size 1048592 @ 0x00000000e9e00000) remset 0 code roots 0 marked 0 reclaim candidate 0 type array 1
[367.343s][debug][gc,humongous      ] GC(33005) Humongous region 1093 (object size 1048592 @ 0x00000000c4500000) remset 0 code roots 0 marked 0 reclaim candidate 0 type array 1
[367.343s][debug][gc,humongous      ] GC(33005) Humongous region 1696 (object size 1048592 @ 0x00000000ea000000) remset 0 code roots 0 marked 0 reclaim candidate 0 type array 1
[367.343s][debug][gc,humongous      ] GC(33005) Humongous region 1373 (object size 1048592 @ 0x00000000d5d00000) remset 0 code roots 0 marked 0 reclaim candidate 0 type array 1
[367.343s][debug][gc,humongous      ] GC(33005) Humongous region 1700 (object size 1048592 @ 0x00000000ea400000) remset 0 code roots 0 marked 0 reclaim candidate 0 type array 1
[367.343s][debug][gc,humongous      ] GC(33005) Humongous region 1375 (object size 1048592 @ 0x00000000d5f00000) remset 0 code roots 0 marked 0 reclaim candidate 0 type array 1
[367.343s][debug][gc,humongous      ] GC(33005) Humongous region 1702 (object size 1048592 @ 0x00000000ea600000) remset 0 code roots 0 marked 0 reclaim candidate 0 type array 1
[367.343s][debug][gc,humongous      ] GC(33005) Humongous region 1377 (object size 1048592 @ 0x00000000d6100000) remset 0 code roots 0 marked 0 reclaim candidate 0 type array 1
[367.343s][debug][gc,humongous      ] GC(33005) Humongous region 1704 (object size 1048592 @ 0x00000000ea800000) remset 0 code roots 0 marked 0 reclaim candidate 0 type array 1
[367.342s][debug][gc,humongous      ] GC(33005) Humongous region 780 (object size 1048592 @ 0x00000000b0c00000) remset 0 code roots 0 marked 0 reclaim candidate 0 type array 1
[367.343s][debug][gc,humongous      ] GC(33005) Humongous region 1087 (object size 1048592 @ 0x00000000c3f00000) remset 0 code roots 0 marked 0 reclaim candidate 0 type array 1
[367.343s][debug][gc,humongous      ] GC(33005) Humongous region 1097 (object size 1048592 @ 0x00000000c4900000) remset 0 code roots 0 marked 0 reclaim candidate 0 type array 1
[367.343s][debug][gc,humongous      ] GC(33005) Humongous region 1099 (object size 1048592 @ 0x00000000c4b00000) remset 0 code roots 0 marked 0 reclaim candidate 0 type array 1
[367.343s][debug][gc,humongous      ] GC(33005) Humongous region 1101 (object size 1048592 @ 0x00000000c4d00000) remset 0 code roots 0 marked 0 reclaim candidate 0 type array 1
[367.343s][debug][gc,humongous      ] GC(33005) Humongous region 1240 (object size 1048592 @ 0x00000000cd800000) remset 0 code roots 0 marked 0 reclaim candidate 0 type array 1
[367.342s][debug][gc,humongous      ] GC(33005) Humongous region 137 (object size 1048592 @ 0x0000000088900000) remset 0 code roots 0 marked 0 reclaim candidate 0 type array 1
[367.343s][debug][gc,humongous      ] GC(33005) Humongous region 1244 (object size 1048592 @ 0x00000000cdc00000) remset 0 code roots 0 marked 0 reclaim candidate 0 type array 1
[367.343s][debug][gc,humongous      ] GC(33005) Humongous region 1238 (object size 1048592 @ 0x00000000cd600000) remset 0 code roots 0 marked 0 reclaim candidate 0 type array 1
[367.343s][debug][gc,humongous      ] GC(33005) Humongous region 139 (object size 1048592 @ 0x0000000088b00000) remset 0 code roots 0 marked 0 reclaim candidate 0 type array 1
[367.343s][debug][gc,humongous      ] GC(33005) Humongous region 1089 (object size 1048592 @ 0x00000000c4100000) remset 0 code roots 0 marked 0 reclaim candidate 0 type array 1
[367.343s][debug][gc,humongous      ] GC(33005) Humongous region 141 (object size 1048592 @ 0x0000000088d00000) remset 0 code roots 0 marked 0 reclaim candidate 0 type array 1
[367.343s][debug][gc,humongous      ] GC(33005) Humongous region 1250 (object size 1048592 @ 0x00000000ce200000) remset 0 code roots 0 marked 0 reclaim candidate 0 type array 1
[367.343s][debug][gc,humongous      ] GC(33005) Humongous region 1521 (object size 1048592 @ 0x00000000df100000) remset 0 code roots 0 marked 0 reclaim candidate 0 type array 1
[367.343s][debug][gc,humongous      ] GC(33005) Humongous region 431 (object size 1048592 @ 0x000000009af00000) remset 0 code roots 0 marked 0 reclaim candidate 0 type array 1
[367.343s][debug][gc,humongous      ] GC(33005) Humongous region 1523 (object size 1048592 @ 0x00000000df300000) remset 0 code roots 0 marked 0 reclaim candidate 0 type array 1
[367.343s][debug][gc,humongous      ] GC(33005) Humongous region 1095 (object size 1048592 @ 0x00000000c4700000) remset 0 code roots 0 marked 0 reclaim candidate 0 type array 1
[367.343s][debug][gc,humongous      ] GC(33005) Humongous region 1525 (object size 1048592 @ 0x00000000df500000) remset 0 code roots 0 marked 0 reclaim candidate 0 type array 1
[367.343s][debug][gc,humongous      ] GC(33005) Humongous region 1830 (object size 1048592 @ 0x00000000f2600000) remset 0 code roots 0 marked 0 reclaim candidate 0 type array 1
[367.343s][debug][gc,humongous      ] GC(33005) Humongous region 1527 (object size 1048592 @ 0x00000000df700000) remset 0 code roots 0 marked 0 reclaim candidate 0 type array 1
[367.343s][debug][gc,humongous      ] GC(33005) Humongous region 1246 (object size 1048592 @ 0x00000000cde00000) remset 0 code roots 0 marked 0 reclaim candidate 0 type array 1
[367.343s][debug][gc,humongous      ] GC(33005) Humongous region 1529 (object size 1048592 @ 0x00000000df900000) remset 0 code roots 0 marked 0 reclaim candidate 0 type array 1
[367.343s][debug][gc,humongous      ] GC(33005) Humongous region 1256 (object size 1048592 @ 0x00000000ce800000) remset 0 code roots 0 marked 0 reclaim candidate 0 type array 1
[367.343s][debug][gc,humongous      ] GC(33005) Humongous region 1533 (object size 1048592 @ 0x00000000dfd00000) remset 0 code roots 0 marked 0 reclaim candidate 0 type array 1
[367.343s][debug][gc,humongous      ] GC(33005) Humongous region 1379 (object size 1048592 @ 0x00000000d6300000) remset 0 code roots 0 marked 0 reclaim candidate 0 type array 1
[367.343s][debug][gc,humongous      ] GC(33005) Humongous region 1252 (object size 1048592 @ 0x00000000ce400000) remset 0 code roots 0 marked 0 reclaim candidate 0 type array 1
[367.343s][debug][gc,humongous      ] GC(33005) Humongous region 1381 (object size 1048592 @ 0x00000000d6500000) remset 0 code roots 0 marked 0 reclaim candidate 0 type array 1
[367.343s][debug][gc,humongous      ] GC(33005) Humongous region 1385 (object size 1048592 @ 0x00000000d6900000) remset 0 code roots 0 marked 0 reclaim candidate 0 type array 1
[367.343s][debug][gc,humongous      ] GC(33005) Humongous region 1242 (object size 1048592 @ 0x00000000cda00000) remset 0 code roots 0 marked 0 reclaim candidate 0 type array 1
[367.343s][debug][gc,humongous      ] GC(33005) Humongous region 1254 (object size 1048592 @ 0x00000000ce600000) remset 0 code roots 0 marked 0 reclaim candidate 0 type array 1
[367.343s][debug][gc,humongous      ] GC(33005) Humongous region 1391 (object size 1048592 @ 0x00000000d6f00000) remset 0 code roots 0 marked 0 reclaim candidate 0 type array 1
[367.343s][debug][gc,humongous      ] GC(33005) Humongous region 1832 (object size 1048592 @ 0x00000000f2800000) remset 0 code roots 0 marked 0 reclaim candidate 0 type array 1
[367.343s][debug][gc,humongous      ] GC(33005) Humongous region 1248 (object size 1048592 @ 0x00000000ce000000) remset 0 code roots 0 marked 0 reclaim candidate 0 type array 1
[367.343s][debug][gc,humongous      ] GC(33005) Humongous region 1706 (object size 1048592 @ 0x00000000eaa00000) remset 0 code roots 0 marked 0 reclaim candidate 0 type array 1
[367.343s][debug][gc,humongous      ] GC(33005) Humongous region 143 (object size 1048592 @ 0x0000000088f00000) remset 0 code roots 0 marked 0 reclaim candidate 0 type array 1
[367.343s][debug][gc,humongous      ] GC(33005) Humongous region 1258 (object size 1048592 @ 0x00000000cea00000) remset 0 code roots 0 marked 0 reclaim candidate 0 type array 1
[367.343s][debug][gc,humongous      ] GC(33005) Humongous region 1535 (object size 1048592 @ 0x00000000dff00000) remset 0 code roots 0 marked 0 reclaim candidate 0 type array 1
[367.342s][debug][gc,humongous      ] GC(33005) Humongous region 252 (object size 1048592 @ 0x000000008fc00000) remset 0 code roots 0 marked 0 reclaim candidate 0 type array 1
[367.343s][debug][gc,humongous      ] GC(33005) Humongous region 433 (object size 1048592 @ 0x000000009b100000) remset 0 code roots 0 marked 0 reclaim candidate 0 type array 1
[367.343s][debug][gc,humongous      ] GC(33005) Humongous region 1387 (object size 1048592 @ 0x00000000d6b00000) remset 0 code roots 0 marked 0 reclaim candidate 0 type array 1
[367.343s][debug][gc,humongous      ] GC(33005) Humongous region 1389 (object size 1048592 @ 0x00000000d6d00000) remset 0 code roots 0 marked 0 reclaim candidate 0 type array 1
[367.343s][debug][gc,humongous      ] GC(33005) Humongous region 2036 (object size 1048592 @ 0x00000000ff400000) remset 0 code roots 0 marked 0 reclaim candidate 0 type array 1
[367.343s][debug][gc,humongous      ] GC(33005) Humongous region 1395 (object size 1048592 @ 0x00000000d7300000) remset 0 code roots 0 marked 0 reclaim candidate 0 type array 1
[367.343s][debug][gc,humongous      ] GC(33005) Humongous region 2038 (object size 1048592 @ 0x00000000ff600000) remset 0 code roots 0 marked 0 reclaim candidate 0 type array 1
[367.343s][debug][gc,humongous      ] GC(33005) Humongous region 1407 (object size 1048592 @ 0x00000000d7f00000) remset 0 code roots 0 marked 0 reclaim candidate 0 type array 1
[367.343s][debug][gc,humongous      ] GC(33005) Humongous region 2040 (object size 1048592 @ 0x00000000ff800000) remset 0 code roots 0 marked 0 reclaim candidate 0 type array 1
[367.343s][debug][gc,humongous      ] GC(33005) Humongous region 1708 (object size 1048592 @ 0x00000000eac00000) remset 0 code roots 0 marked 0 reclaim candidate 0 type array 1
[367.343s][debug][gc,humongous      ] GC(33005) Humongous region 2042 (object size 1048592 @ 0x00000000ffa00000) remset 0 code roots 0 marked 0 reclaim candidate 0 type array 1
[367.343s][debug][gc,humongous      ] GC(33005) Humongous region 1710 (object size 1048592 @ 0x00000000eae00000) remset 0 code roots 0 marked 0 reclaim candidate 0 type array 1
[367.343s][debug][gc,humongous      ] GC(33005) Humongous region 2044 (object size 1048592 @ 0x00000000ffc00000) remset 0 code roots 0 marked 0 reclaim candidate 0 type array 1
[367.343s][debug][gc,humongous      ] GC(33005) Humongous region 1712 (object size 1048592 @ 0x00000000eb000000) remset 0 code roots 0 marked 0 reclaim candidate 0 type array 1
[367.343s][debug][gc,humongous      ] GC(33005) Humongous region 147 (object size 1048592 @ 0x0000000089300000) remset 0 code roots 0 marked 0 reclaim candidate 0 type array 1
[367.343s][debug][gc,humongous      ] GC(33005) Humongous region 1393 (object size 1048592 @ 0x00000000d7100000) remset 0 code roots 0 marked 0 reclaim candidate 0 type array 1
[367.344s][debug][gc,humongous      ] GC(33005) Humongous region 149 (object size 1048592 @ 0x0000000089500000) remset 0 code roots 0 marked 0 reclaim candidate 0 type array 1
[367.344s][debug][gc,humongous      ] GC(33005) Humongous region 1411 (object size 1048592 @ 0x00000000d8300000) remset 0 code roots 0 marked 0 reclaim candidate 0 type array 1
[367.344s][debug][gc,humongous      ] GC(33005) Humongous region 151 (object size 1048592 @ 0x0000000089700000) remset 0 code roots 0 marked 0 reclaim candidate 0 type array 1
[367.344s][debug][gc,humongous      ] GC(33005) Humongous region 1413 (object size 1048592 @ 0x00000000d8500000) remset 0 code roots 0 marked 0 reclaim candidate 0 type array 1
[367.343s][debug][gc,humongous      ] GC(33005) Humongous region 1409 (object size 1048592 @ 0x00000000d8100000) remset 0 code roots 0 marked 0 reclaim candidate 0 type array 1
[367.343s][debug][gc,humongous      ] GC(33005) Humongous region 145 (object size 1048592 @ 0x0000000089100000) remset 0 code roots 0 marked 0 reclaim candidate 0 type array 1
[367.343s][debug][gc,humongous      ] GC(33005) Humongous region 1399 (object size 1048592 @ 0x00000000d7700000) remset 0 code roots 0 marked 0 reclaim candidate 0 type array 1
[367.343s][debug][gc,humongous      ] GC(33005) Humongous region 1537 (object size 1048592 @ 0x00000000e0100000) remset 0 code roots 0 marked 0 reclaim candidate 0 type array 1
[367.343s][debug][gc,humongous      ] GC(33005) Humongous region 254 (object size 1048592 @ 0x000000008fe00000) remset 0 code roots 0 marked 0 reclaim candidate 0 type array 1
[367.343s][debug][gc,humongous      ] GC(33005) Humongous region 435 (object size 1048592 @ 0x000000009b300000) remset 0 code roots 0 marked 0 reclaim candidate 0 type array 1
[367.343s][debug][gc,humongous      ] GC(33005) Humongous region 1401 (object size 1048592 @ 0x00000000d7900000) remset 0 code roots 0 marked 0 reclaim candidate 0 type array 1
[367.343s][debug][gc,humongous      ] GC(33005) Humongous region 1714 (object size 1048592 @ 0x00000000eb200000) remset 0 code roots 0 marked 0 reclaim candidate 0 type array 1
[367.343s][debug][gc,humongous      ] GC(33005) Humongous region 1405 (object size 1048592 @ 0x00000000d7d00000) remset 0 code roots 0 marked 0 reclaim candidate 0 type array 1
[367.344s][debug][gc,humongous      ] GC(33005) Humongous region 1716 (object size 1048592 @ 0x00000000eb400000) remset 0 code roots 0 marked 0 reclaim candidate 0 type array 1
[367.343s][debug][gc,humongous      ] GC(33005) Humongous region 1397 (object size 1048592 @ 0x00000000d7500000) remset 0 code roots 0 marked 0 reclaim candidate 0 type array 1
[367.344s][debug][gc,humongous      ] GC(33005) Humongous region 1718 (object size 1048592 @ 0x00000000eb600000) remset 0 code roots 0 marked 0 reclaim candidate 0 type array 1
[367.344s][debug][gc,humongous      ] GC(33005) Humongous region 1539 (object size 1048592 @ 0x00000000e0300000) remset 0 code roots 0 marked 0 reclaim candidate 0 type array 1
[367.344s][debug][gc,humongous      ] GC(33005) Humongous region 1541 (object size 1048592 @ 0x00000000e0500000) remset 0 code roots 0 marked 0 reclaim candidate 0 type array 1
[367.344s][debug][gc,humongous      ] GC(33005) Humongous region 1545 (object size 1048592 @ 0x00000000e0900000) remset 0 code roots 0 marked 0 reclaim candidate 0 type array 1
[367.344s][debug][gc,humongous      ] GC(33005) Humongous region 1557 (object size 1048592 @ 0x00000000e1500000) remset 0 code roots 0 marked 0 reclaim candidate 0 type array 1
[367.344s][debug][gc,humongous      ] GC(33005) Humongous region 256 (object size 1048592 @ 0x0000000090000000) remset 0 code roots 0 marked 0 reclaim candidate 0 type array 1
[367.344s][debug][gc,humongous      ] GC(33005) Humongous region 1561 (object size 1048592 @ 0x00000000e1900000) remset 0 code roots 0 marked 0 reclaim candidate 0 type array 1
[367.344s][debug][gc,humongous      ] GC(33005) Humongous region 437 (object size 1048592 @ 0x000000009b500000) remset 0 code roots 0 marked 0 reclaim candidate 0 type array 1
[367.344s][debug][gc,humongous      ] GC(33005) Humongous region 1549 (object size 1048592 @ 0x00000000e0d00000) remset 0 code roots 0 marked 0 reclaim candidate 0 type array 1
[367.344s][debug][gc,humongous      ] GC(33005) Humongous region 439 (object size 1048592 @ 0x000000009b700000) remset 0 code roots 0 marked 0 reclaim candidate 0 type array 1
[367.344s][debug][gc,humongous      ] GC(33005) Humongous region 1565 (object size 1048592 @ 0x00000000e1d00000) remset 0 code roots 0 marked 0 reclaim candidate 0 type array 1
[367.344s][debug][gc,humongous      ] GC(33005) Humongous region 441 (object size 1048592 @ 0x000000009b900000) remset 0 code roots 0 marked 0 reclaim candidate 0 type array 1
[367.344s][debug][gc,humongous      ] GC(33005) Humongous region 1553 (object size 1048592 @ 0x00000000e1100000) remset 0 code roots 0 marked 0 reclaim candidate 0 type array 1
[367.344s][debug][gc,humongous      ] GC(33005) Humongous region 1720 (object size 1048592 @ 0x00000000eb800000) remset 0 code roots 0 marked 0 reclaim candidate 0 type array 1
[367.344s][debug][gc,humongous      ] GC(33005) Humongous region 155 (object size 1048592 @ 0x0000000089b00000) remset 0 code roots 0 marked 0 reclaim candidate 0 type array 1
[367.344s][debug][gc,humongous      ] GC(33005) Humongous region 1555 (object size 1048592 @ 0x00000000e1300000) remset 0 code roots 0 marked 0 reclaim candidate 0 type array 1
[367.344s][debug][gc,humongous      ] GC(33005) Humongous region 260 (object size 1048592 @ 0x0000000090400000) remset 0 code roots 0 marked 0 reclaim candidate 0 type array 1
[367.344s][debug][gc,humongous      ] GC(33005) Humongous region 1547 (object size 1048592 @ 0x00000000e0b00000) remset 0 code roots 0 marked 0 reclaim candidate 0 type array 1
[367.344s][debug][gc,humongous      ] GC(33005) Humongous region 258 (object size 1048592 @ 0x0000000090200000) remset 0 code roots 0 marked 0 reclaim candidate 0 type array 1
[367.344s][debug][gc,humongous      ] GC(33005) Humongous region 1563 (object size 1048592 @ 0x00000000e1b00000) remset 0 code roots 0 marked 0 reclaim candidate 0 type array 1
[367.343s][debug][gc,humongous      ] GC(33005) Humongous region 1834 (object size 1048592 @ 0x00000000f2a00000) remset 0 code roots 0 marked 0 reclaim candidate 0 type array 1
[367.344s][debug][gc,humongous      ] GC(33005) Humongous region 1726 (object size 1048592 @ 0x00000000ebe00000) remset 0 code roots 0 marked 0 reclaim candidate 0 type array 1
[367.344s][debug][gc,humongous      ] GC(33005) Humongous region 1836 (object size 1048592 @ 0x00000000f2c00000) remset 0 code roots 0 marked 0 reclaim candidate 0 type array 1
[367.344s][debug][gc,humongous      ] GC(33005) Humongous region 1728 (object size 1048592 @ 0x00000000ec000000) remset 0 code roots 0 marked 0 reclaim candidate 0 type array 1
[367.344s][debug][gc,humongous      ] GC(33005) Humongous region 1838 (object size 1048592 @ 0x00000000f2e00000) remset 0 code roots 0 marked 0 reclaim candidate 0 type array 1
[367.344s][debug][gc,humongous      ] GC(33005) Humongous region 1722 (object size 1048592 @ 0x00000000eba00000) remset 0 code roots 0 marked 0 reclaim candidate 0 type array 1
[367.344s][debug][gc,humongous      ] GC(33005) Humongous region 1840 (object size 1048592 @ 0x00000000f3000000) remset 0 code roots 0 marked 0 reclaim candidate 0 type array 1
[367.344s][debug][gc,humongous      ] GC(33005) Humongous region 1842 (object size 1048592 @ 0x00000000f3200000) remset 0 code roots 0 marked 0 reclaim candidate 0 type array 1
[367.344s][debug][gc,humongous      ] GC(33005) Humongous region 1844 (object size 1048592 @ 0x00000000f3400000) remset 0 code roots 0 marked 0 reclaim candidate 0 type array 1
[367.344s][debug][gc,humongous      ] GC(33005) Humongous region 1846 (object size 1048592 @ 0x00000000f3600000) remset 0 code roots 0 marked 0 reclaim candidate 0 type array 1
[367.344s][debug][gc,humongous      ] GC(33005) Humongous region 1848 (object size 1048592 @ 0x00000000f3800000) remset 0 code roots 0 marked 0 reclaim candidate 0 type array 1
[367.344s][debug][gc,humongous      ] GC(33005) Humongous region 1850 (object size 1048592 @ 0x00000000f3a00000) remset 0 code roots 0 marked 0 reclaim candidate 0 type array 1
[367.344s][debug][gc,humongous      ] GC(33005) Humongous region 1852 (object size 1048592 @ 0x00000000f3c00000) remset 0 code roots 0 marked 0 reclaim candidate 0 type array 1
[367.344s][debug][gc,humongous      ] GC(33005) Humongous region 1854 (object size 1048592 @ 0x00000000f3e00000) remset 0 code roots 0 marked 0 reclaim candidate 0 type array 1
[367.344s][debug][gc,humongous      ] GC(33005) Humongous region 1567 (object size 1048592 @ 0x00000000e1f00000) remset 0 code roots 0 marked 0 reclaim candidate 0 type array 1
[367.344s][debug][gc,humongous      ] GC(33005) Humongous region 443 (object size 1048592 @ 0x000000009bb00000) remset 0 code roots 0 marked 0 reclaim candidate 0 type array 1
[367.344s][debug][gc,humongous      ] GC(33005) Humongous region 1730 (object size 1048592 @ 0x00000000ec200000) remset 0 code roots 0 marked 0 reclaim candidate 0 type array 1
[367.344s][debug][gc,humongous      ] GC(33005) Humongous region 1571 (object size 1048592 @ 0x00000000e2300000) remset 0 code roots 0 marked 0 reclaim candidate 0 type array 1
[367.344s][debug][gc,humongous      ] GC(33005) Humongous region 1862 (object size 1048592 @ 0x00000000f4600000) remset 0 code roots 0 marked 0 reclaim candidate 0 type array 1
[367.344s][debug][gc,humongous      ] GC(33005) Humongous region 1864 (object size 1048592 @ 0x00000000f4800000) remset 0 code roots 0 marked 0 reclaim candidate 0 type array 1
[367.344s][debug][gc,humongous      ] GC(33005) Humongous region 1866 (object size 1048592 @ 0x00000000f4a00000) remset 0 code roots 0 marked 0 reclaim candidate 0 type array 1
[367.344s][debug][gc,humongous      ] GC(33005) Humongous region 1724 (object size 1048592 @ 0x00000000ebc00000) remset 0 code roots 0 marked 0 reclaim candidate 0 type array 1
[367.344s][debug][gc,humongous      ] GC(33005) Humongous region 1870 (object size 1048592 @ 0x00000000f4e00000) remset 0 code roots 0 marked 0 reclaim candidate 0 type array 1
[367.344s][debug][gc,humongous      ] GC(33005) Humongous region 1551 (object size 1048592 @ 0x00000000e0f00000) remset 0 code roots 0 marked 0 reclaim candidate 0 type array 1
[367.344s][debug][gc,humongous      ] GC(33005) Humongous region 1876 (object size 1048592 @ 0x00000000f5400000) remset 0 code roots 0 marked 0 reclaim candidate 0 type array 1
[367.344s][debug][gc,humongous      ] GC(33005) Humongous region 1880 (object size 1048592 @ 0x00000000f5800000) remset 0 code roots 0 marked 0 reclaim candidate 0 type array 1
[367.344s][debug][gc,humongous      ] GC(33005) Humongous region 1882 (object size 1048592 @ 0x00000000f5a00000) remset 0 code roots 0 marked 0 reclaim candidate 0 type array 1
[367.344s][debug][gc,humongous      ] GC(33005) Humongous region 1884 (object size 1048592 @ 0x00000000f5c00000) remset 0 code roots 0 marked 0 reclaim candidate 0 type array 1
[367.344s][debug][gc,humongous      ] GC(33005) Humongous region 1886 (object size 1048592 @ 0x00000000f5e00000) remset 0 code roots 0 marked 0 reclaim candidate 0 type array 1
[367.344s][debug][gc,humongous      ] GC(33005) Humongous region 153 (object size 1048592 @ 0x0000000089900000) remset 0 code roots 0 marked 0 reclaim candidate 0 type array 1
[367.344s][debug][gc,humongous      ] GC(33005) Humongous region 445 (object size 1048592 @ 0x000000009bd00000) remset 0 code roots 0 marked 0 reclaim candidate 0 type array 1
[367.344s][debug][gc,humongous      ] GC(33005) Humongous region 266 (object size 1048592 @ 0x0000000090a00000) remset 0 code roots 0 marked 0 reclaim candidate 0 type array 1
[367.344s][debug][gc,humongous      ] GC(33005) Humongous region 447 (object size 1048592 @ 0x000000009bf00000) remset 0 code roots 0 marked 0 reclaim candidate 0 type array 1
[367.344s][debug][gc,humongous      ] GC(33005) Humongous region 264 (object size 1048592 @ 0x0000000090800000) remset 0 code roots 0 marked 0 reclaim candidate 1 type array 1
[367.344s][debug][gc,humongous      ] GC(33005) Humongous region 268 (object size 1048592 @ 0x0000000090c00000) remset 0 code roots 0 marked 0 reclaim candidate 0 type array 1
[367.344s][debug][gc,humongous      ] GC(33005) Humongous region 1858 (object size 1048592 @ 0x00000000f4200000) remset 0 code roots 0 marked 0 reclaim candidate 0 type array 1
[367.344s][debug][gc,humongous      ] GC(33005) Humongous region 272 (object size 1048592 @ 0x0000000091000000) remset 0 code roots 0 marked 0 reclaim candidate 0 type array 1
[367.344s][debug][gc,humongous      ] GC(33005) Humongous region 1878 (object size 1048592 @ 0x00000000f5600000) remset 0 code roots 0 marked 0 reclaim candidate 0 type array 1
[367.344s][debug][gc,humongous      ] GC(33005) Humongous region 274 (object size 1048592 @ 0x0000000091200000) remset 0 code roots 0 marked 0 reclaim candidate 0 type array 1
[367.344s][debug][gc,humongous      ] GC(33005) Humongous region 1559 (object size 1048592 @ 0x00000000e1700000) remset 0 code roots 0 marked 0 reclaim candidate 0 type array 1
[367.344s][debug][gc,humongous      ] GC(33005) Humongous region 280 (object size 1048592 @ 0x0000000091800000) remset 0 code roots 0 marked 0 reclaim candidate 0 type array 1
[367.344s][debug][gc,humongous      ] GC(33005) Humongous region 1888 (object size 1048592 @ 0x00000000f6000000) remset 0 code roots 0 marked 0 reclaim candidate 0 type array 1
[367.344s][debug][gc,humongous      ] GC(33005) Humongous region 282 (object size 1048592 @ 0x0000000091a00000) remset 0 code roots 0 marked 0 reclaim candidate 0 type array 1
[367.344s][debug][gc,humongous      ] GC(33005) Humongous region 1872 (object size 1048592 @ 0x00000000f5000000) remset 0 code roots 0 marked 0 reclaim candidate 0 type array 1
[367.344s][debug][gc,humongous      ] GC(33005) Humongous region 286 (object size 1048592 @ 0x0000000091e00000) remset 0 code roots 0 marked 0 reclaim candidate 0 type array 1
[367.344s][debug][gc,humongous      ] GC(33005) Humongous region 449 (object size 1048592 @ 0x000000009c100000) remset 0 code roots 0 marked 0 reclaim candidate 0 type array 1
[367.344s][debug][gc,humongous      ] GC(33005) Humongous region 270 (object size 1048592 @ 0x0000000090e00000) remset 0 code roots 0 marked 0 reclaim candidate 0 type array 1
[367.344s][debug][gc,humongous      ] GC(33005) Humongous region 276 (object size 1048592 @ 0x0000000091400000) remset 0 code roots 0 marked 0 reclaim candidate 0 type array 1
[367.344s][debug][gc,humongous      ] GC(33005) Humongous region 294 (object size 1048592 @ 0x0000000092600000) remset 0 code roots 0 marked 0 reclaim candidate 0 type array 1
[367.344s][debug][gc,humongous      ] GC(33005) Humongous region 1860 (object size 1048592 @ 0x00000000f4400000) remset 0 code roots 0 marked 0 reclaim candidate 0 type array 1
[367.344s][debug][gc,humongous      ] GC(33005) Humongous region 299 (object size 1048592 @ 0x0000000092b00000) remset 0 code roots 0 marked 0 reclaim candidate 0 type array 1
[367.344s][debug][gc,humongous      ] GC(33005) Humongous region 301 (object size 1048592 @ 0x0000000092d00000) remset 0 code roots 0 marked 0 reclaim candidate 0 type array 1
[367.344s][debug][gc,humongous      ] GC(33005) Humongous region 284 (object size 1048592 @ 0x0000000091c00000) remset 0 code roots 0 marked 0 reclaim candidate 0 type array 1
[367.344s][debug][gc,humongous      ] GC(33005) Humongous region 262 (object size 1048592 @ 0x0000000090600000) remset 0 code roots 0 marked 0 reclaim candidate 0 type array 1
[367.344s][debug][gc,humongous      ] GC(33005) Humongous region 288 (object size 1048592 @ 0x0000000092000000) remset 0 code roots 0 marked 0 reclaim candidate 0 type array 1
[367.344s][debug][gc,humongous      ] GC(33005) Humongous region 1874 (object size 1048592 @ 0x00000000f5200000) remset 0 code roots 0 marked 0 reclaim candidate 0 type array 1
[367.344s][debug][gc,humongous      ] GC(33005) Humongous region 290 (object size 1048592 @ 0x0000000092200000) remset 0 code roots 0 marked 0 reclaim candidate 0 type array 1
[367.344s][debug][gc,humongous      ] GC(33005) Humongous region 292 (object size 1048592 @ 0x0000000092400000) remset 0 code roots 0 marked 0 reclaim candidate 0 type array 1
[367.344s][debug][gc,humongous      ] GC(33005) Humongous region 1856 (object size 1048592 @ 0x00000000f4000000) remset 0 code roots 0 marked 0 reclaim candidate 0 type array 1
[367.344s][debug][gc,humongous      ] GC(33005) Humongous region 451 (object size 1048592 @ 0x000000009c300000) remset 0 code roots 0 marked 0 reclaim candidate 0 type array 1
[367.344s][debug][gc,humongous      ] GC(33005) Humongous region 297 (object size 1048592 @ 0x0000000092900000) remset 0 code roots 0 marked 0 reclaim candidate 0 type array 1
[367.344s][debug][gc,humongous      ] GC(33005) Humongous region 303 (object size 1048592 @ 0x0000000092f00000) remset 0 code roots 0 marked 0 reclaim candidate 0 type array 1
[367.344s][debug][gc,humongous      ] GC(33005) Humongous region 278 (object size 1048592 @ 0x0000000091600000) remset 0 code roots 0 marked 0 reclaim candidate 0 type array 1
[367.345s][debug][gc,humongous      ] GC(33005) Humongous region 463 (object size 1048592 @ 0x000000009cf00000) remset 0 code roots 0 marked 0 reclaim candidate 0 type array 1
[367.344s][debug][gc,humongous      ] GC(33005) Humongous region 1573 (object size 1048592 @ 0x00000000e2500000) remset 0 code roots 0 marked 0 reclaim candidate 0 type array 1
[367.345s][debug][gc,humongous      ] GC(33005) Humongous region 307 (object size 1048592 @ 0x0000000093300000) remset 0 code roots 0 marked 0 reclaim candidate 0 type array 1
[367.345s][debug][gc,humongous      ] GC(33005) Humongous region 309 (object size 1048592 @ 0x0000000093500000) remset 0 code roots 0 marked 0 reclaim candidate 0 type array 1
[367.345s][debug][gc,humongous      ] GC(33005) Humongous region 471 (object size 1048592 @ 0x000000009d700000) remset 0 code roots 0 marked 0 reclaim candidate 0 type array 1
[367.345s][debug][gc,humongous      ] GC(33005) Humongous region 453 (object size 1048592 @ 0x000000009c500000) remset 0 code roots 0 marked 0 reclaim candidate 0 type array 1
[367.345s][debug][gc,humongous      ] GC(33005) Humongous region 457 (object size 1048592 @ 0x000000009c900000) remset 0 code roots 0 marked 0 reclaim candidate 0 type array 1
[367.345s][debug][gc,humongous      ] GC(33005) Humongous region 459 (object size 1048592 @ 0x000000009cb00000) remset 0 code roots 0 marked 0 reclaim candidate 0 type array 1
[367.345s][debug][gc,humongous      ] GC(33005) Humongous region 461 (object size 1048592 @ 0x000000009cd00000) remset 0 code roots 0 marked 0 reclaim candidate 0 type array 1
[367.344s][debug][gc,humongous      ] GC(33005) Humongous region 305 (object size 1048592 @ 0x0000000093100000) remset 0 code roots 0 marked 0 reclaim candidate 0 type array 1
[367.345s][debug][gc,humongous      ] GC(33005) Humongous region 465 (object size 1048592 @ 0x000000009d100000) remset 0 code roots 0 marked 0 reclaim candidate 0 type array 1
[367.345s][debug][gc,humongous      ] GC(33005) Humongous region 467 (object size 1048592 @ 0x000000009d300000) remset 0 code roots 0 marked 0 reclaim candidate 0 type array 1
[367.345s][debug][gc,humongous      ] GC(33005) Humongous region 469 (object size 1048592 @ 0x000000009d500000) remset 0 code roots 0 marked 0 reclaim candidate 0 type array 1
[367.345s][debug][gc,humongous      ] GC(33005) Humongous region 311 (object size 1048592 @ 0x0000000093700000) remset 0 code roots 0 marked 0 reclaim candidate 0 type array 1
[367.345s][debug][gc,humongous      ] GC(33005) Humongous region 313 (object size 1048592 @ 0x0000000093900000) remset 0 code roots 0 marked 0 reclaim candidate 0 type array 1
[367.345s][debug][gc,humongous      ] GC(33005) Humongous region 455 (object size 1048592 @ 0x000000009c700000) remset 0 code roots 0 marked 0 reclaim candidate 0 type array 1
[367.345s][debug][gc,ergo           ] GC(33005) Running G1 Merge Heap Roots using 13 workers for 0 regions
[367.345s][debug][gc,remset         ] GC(33005) Visited cards 32 Total dirty 2048 (1.56%) Total old 3987456 (0.00%)
[367.346s][debug][gc,ref            ] GC(33005) Skipped phase 1 of Reference Processing: no references
[367.346s][debug][gc,ref            ] GC(33005) Skipped phase 2 of Reference Processing: no references
[367.346s][debug][gc,ref            ] GC(33005) Skipped phase 3 of Reference Processing: no references
[367.346s][debug][gc,ref            ] GC(33005) Skipped phase 4 of Reference Processing: no references
[367.346s][debug][gc,ergo           ] GC(33005) Running G1 Rebuild Free List Task using 13 workers for rebuilding free list of regions
[367.346s][debug][gc,plab           ] GC(33005) Young PLAB allocation: allocated: 0B, wasted: 0B, unused: 0B, used: 0B, undo waste: 0B, 
[367.346s][debug][gc,plab           ] GC(33005) Young other allocation: region end waste: 0B, regions filled: 0, direct allocated: 0B, failure used: 0B, failure wasted: 0B
[367.346s][debug][gc,plab           ] GC(33005) Young sizing: calculated: 0B, actual: 2064B
[367.346s][debug][gc,plab           ] GC(33005) Old PLAB allocation: allocated: 0B, wasted: 0B, unused: 0B, used: 0B, undo waste: 0B, 
[367.346s][debug][gc,plab           ] GC(33005) Old other allocation: region end waste: 0B, regions filled: 0, direct allocated: 0B, failure used: 0B, failure wasted: 0B
[367.346s][debug][gc,plab           ] GC(33005) Old sizing: calculated: 0B, actual: 2064B
[367.346s][debug][gc,ergo,heap      ] GC(33005) Heap expansion: short term pause time ratio 90.96% long term pause time ratio 86.35% threshold 7.69% pause time ratio 7.69% fully expanded true resize by 0B
[367.346s][debug][gc,ergo,ihop      ] GC(33005) Request concurrent cycle initiation (occupancy higher than threshold) occupancy: 2041577472B allocation request: 0B threshold: 1649968461B (76.83) source: end of GC
[367.346s][debug][gc,mmu            ] GC(33005) MMU: 148.3ms (200.0ms/201.0ms)
[367.346s][debug][gc,alloc,stats    ] Old generation allocation in the last mutator period, old gen allocated: 0B, humongous allocated: 16777216B,old gen growth: 16777216B.
[367.346s][debug][gc,ihop           ] GC(33005) Basic information (value update), threshold: 1635812275B (76.17), target occupancy: 2147483648B, current occupancy: 2039535312B, recent allocation size: 16777216B, recent allocation duration: 1.03ms, recent old gen allocation rate: 16334979110.00B/s, recent marking phase length: 13.50ms
[367.346s][debug][gc,ihop           ] GC(33005) Adaptive IHOP information (value update), threshold: 1635812275B (89.62), internal target occupancy: 1825361100B, occupancy: 2039535312B, additional buffer size: 106954752B, predicted old gen allocation rate: 6162513981.23B/s, predicted marking phase length: 13.40ms, prediction active: true
[367.346s][debug][gc,ergo,refine    ] GC(33005) Concurrent refinement times: Logged Cards Scan time goal: 20.00ms Logged Cards Scan time: 0.00ms HCC time: 0.00ms
[367.346s][debug][gc,ergo,refine    ] GC(33005) Updated Refinement Zones: green: 3328, yellow: 9984, red: 16640
[367.346s][info ][gc,phases         ] GC(33005)   Pre Evacuate Collection Set: 11.4ms
[367.346s][debug][gc,phases         ] GC(33005)     Prepare TLABs: 0.0ms
[367.346s][debug][gc,phases         ] GC(33005)     Concatenate Dirty Card Logs: 0.0ms
[367.346s][debug][gc,phases         ] GC(33005)     Choose Collection Set: 0.0ms
[367.346s][debug][gc,phases         ] GC(33005)     Region Register: 11.4ms
[367.346s][debug][gc,phases         ] GC(33005)     Prepare Heap Roots: 0.0ms
[367.346s][info ][gc,phases         ] GC(33005)   Merge Heap Roots: 0.2ms
[367.346s][debug][gc,phases         ] GC(33005)     Prepare Merge Heap Roots: 0.0ms
[367.346s][debug][gc,phases         ] GC(33005)     Eager Reclaim (ms):            Min:  0.0, Avg:  0.0, Max:  0.0, Diff:  0.0, Sum:  0.0, Workers: 1
[367.346s][debug][gc,phases         ] GC(33005)     Remembered Sets (ms):          Min:  0.0, Avg:  0.0, Max:  0.0, Diff:  0.0, Sum:  0.0, Workers: 13
[367.346s][debug][gc,phases         ] GC(33005)       Merged Sparse:                 Min: 0, Avg:  0.0, Max: 0, Diff: 0, Sum: 0, Workers: 13
[367.346s][debug][gc,phases         ] GC(33005)       Merged Fine:                   Min: 0, Avg:  0.0, Max: 0, Diff: 0, Sum: 0, Workers: 13
[367.346s][debug][gc,phases         ] GC(33005)       Merged Coarse:                 Min: 0, Avg:  0.0, Max: 0, Diff: 0, Sum: 0, Workers: 13
[367.346s][debug][gc,phases         ] GC(33005)       Dirty Cards:                   Min: 0, Avg:  0.0, Max: 0, Diff: 0, Sum: 0, Workers: 13
[367.346s][debug][gc,phases         ] GC(33005)     Hot Card Cache (ms):           Min:  0.0, Avg:  0.0, Max:  0.0, Diff:  0.0, Sum:  0.0, Workers: 13
[367.346s][debug][gc,phases         ] GC(33005)       Dirty Cards:                   Min: 0, Avg:  0.0, Max: 0, Diff: 0, Sum: 0, Workers: 13
[367.346s][debug][gc,phases         ] GC(33005)       Skipped Cards:                 Min: 0, Avg:  0.0, Max: 0, Diff: 0, Sum: 0, Workers: 13
[367.346s][debug][gc,phases         ] GC(33005)     Log Buffers (ms):              Min:  0.0, Avg:  0.0, Max:  0.0, Diff:  0.0, Sum:  0.0, Workers: 13
[367.346s][debug][gc,phases         ] GC(33005)       Dirty Cards:                   Min: 0, Avg:  0.0, Max: 0, Diff: 0, Sum: 0, Workers: 13
[367.346s][debug][gc,phases         ] GC(33005)       Skipped Cards:                 Min: 0, Avg:  0.0, Max: 0, Diff: 0, Sum: 0, Workers: 13
[367.346s][info ][gc,phases         ] GC(33005)   Evacuate Collection Set: 0.4ms
[367.346s][debug][gc,phases         ] GC(33005)     Ext Root Scanning (ms):        Min:  0.0, Avg:  0.0, Max:  0.0, Diff:  0.0, Sum:  0.1, Workers: 13
[367.346s][debug][gc,phases         ] GC(33005)     Scan Heap Roots (ms):          Min:  0.0, Avg:  0.0, Max:  0.0, Diff:  0.0, Sum:  0.0, Workers: 13
[367.346s][debug][gc,phases         ] GC(33005)       Scanned Cards:                 Min: 0, Avg:  0.1, Max: 1, Diff: 1, Sum: 1, Workers: 13
[367.346s][debug][gc,phases         ] GC(33005)       Scanned Blocks:                Min: 0, Avg:  0.1, Max: 1, Diff: 1, Sum: 1, Workers: 13
[367.346s][debug][gc,phases         ] GC(33005)       Claimed Chunks:                Min: 0, Avg:  0.1, Max: 1, Diff: 1, Sum: 1, Workers: 13
[367.346s][debug][gc,phases         ] GC(33005)     Code Root Scan (ms):           Min:  0.0, Avg:  0.0, Max:  0.0, Diff:  0.0, Sum:  0.0, Workers: 13
[367.346s][debug][gc,phases         ] GC(33005)     Object Copy (ms):              Min:  0.0, Avg:  0.0, Max:  0.0, Diff:  0.0, Sum:  0.0, Workers: 13
[367.346s][debug][gc,phases         ] GC(33005)     Termination (ms):              Min:  0.1, Avg:  0.2, Max:  0.3, Diff:  0.2, Sum:  3.1, Workers: 13
[367.346s][debug][gc,phases         ] GC(33005)       Termination Attempts:          Min: 1, Avg:  1.0, Max: 1, Diff: 0, Sum: 13, Workers: 13
[367.346s][debug][gc,phases         ] GC(33005)     GC Worker Other (ms):          Min:  0.0, Avg:  0.0, Max:  0.0, Diff:  0.0, Sum:  0.1, Workers: 13
[367.346s][debug][gc,phases         ] GC(33005)     GC Worker Total (ms):          Min:  0.1, Avg:  0.3, Max:  0.3, Diff:  0.2, Sum:  3.3, Workers: 13
[367.346s][info ][gc,phases         ] GC(33005)   Post Evacuate Collection Set: 0.6ms
[367.346s][debug][gc,phases         ] GC(33005)     Code Roots Fixup: 0.0ms
[367.346s][debug][gc,phases         ] GC(33005)     Reference Processing: 0.0ms
[367.346s][debug][gc,phases,ref     ] GC(33005)       Reconsider SoftReferences: 0.0ms
[367.346s][debug][gc,phases,ref     ] GC(33005)         SoftRef (ms):                  skipped
[367.346s][debug][gc,phases,ref     ] GC(33005)       Notify Soft/WeakReferences: 0.0ms
[367.346s][debug][gc,phases,ref     ] GC(33005)         SoftRef (ms):                  skipped
[367.346s][debug][gc,phases,ref     ] GC(33005)         WeakRef (ms):                  skipped
[367.346s][debug][gc,phases,ref     ] GC(33005)         FinalRef (ms):                 skipped
[367.346s][debug][gc,phases,ref     ] GC(33005)         Total (ms):                    skipped
[367.347s][debug][gc,phases,ref     ] GC(33005)       Notify and keep alive finalizable: 0.0ms
[367.347s][debug][gc,phases,ref     ] GC(33005)         FinalRef (ms):                 skipped
[367.347s][debug][gc,phases,ref     ] GC(33005)       Notify PhantomReferences: 0.0ms
[367.347s][debug][gc,phases,ref     ] GC(33005)         PhantomRef (ms):               skipped
[367.347s][debug][gc,phases,ref     ] GC(33005)       SoftReference:
[367.347s][debug][gc,phases,ref     ] GC(33005)         Discovered: 0
[367.347s][debug][gc,phases,ref     ] GC(33005)         Cleared: 0
[367.347s][debug][gc,phases,ref     ] GC(33005)       WeakReference:
[367.347s][debug][gc,phases,ref     ] GC(33005)         Discovered: 0
[367.347s][debug][gc,phases,ref     ] GC(33005)         Cleared: 0
[367.347s][debug][gc,phases,ref     ] GC(33005)       FinalReference:
[367.347s][debug][gc,phases,ref     ] GC(33005)         Discovered: 0
[367.347s][debug][gc,phases,ref     ] GC(33005)         Cleared: 0
[367.347s][debug][gc,phases,ref     ] GC(33005)       PhantomReference:
[367.347s][debug][gc,phases,ref     ] GC(33005)         Discovered: 0
[367.347s][debug][gc,phases,ref     ] GC(33005)         Cleared: 0
[367.347s][debug][gc,phases         ] GC(33005)     Weak Processing: 0.0ms
[367.347s][debug][gc,phases         ] GC(33005)       VM Weak                        Min:  0.0, Avg:  0.0, Max:  0.0, Diff:  0.0, Sum:  0.0, Workers: 1
[367.347s][debug][gc,phases         ] GC(33005)         Dead                           Min: 0, Avg:  0.0, Max: 0, Diff: 0, Sum: 0, Workers: 1
[367.347s][debug][gc,phases         ] GC(33005)         Total                          Min: 4, Avg:  4.0, Max: 4, Diff: 0, Sum: 4, Workers: 1
[367.347s][debug][gc,phases         ] GC(33005)       ObjectSynchronizer Weak        Min:  0.0, Avg:  0.0, Max:  0.0, Diff:  0.0, Sum:  0.0, Workers: 1
[367.347s][debug][gc,phases         ] GC(33005)         Dead                           Min: 0, Avg:  0.0, Max: 0, Diff: 0, Sum: 0, Workers: 1
[367.347s][debug][gc,phases         ] GC(33005)         Total                          Min: 3, Avg:  3.0, Max: 3, Diff: 0, Sum: 3, Workers: 1
[367.347s][debug][gc,phases         ] GC(33005)       JVMTI Tag Weak OopStorage      Min:  0.0, Avg:  0.0, Max:  0.0, Diff:  0.0, Sum:  0.0, Workers: 1
[367.347s][debug][gc,phases         ] GC(33005)         Dead                           Min: 0, Avg:  0.0, Max: 0, Diff: 0, Sum: 0, Workers: 1
[367.347s][debug][gc,phases         ] GC(33005)         Total                          Min: 0, Avg:  0.0, Max: 0, Diff: 0, Sum: 0, Workers: 1
[367.347s][debug][gc,phases         ] GC(33005)       StringTable Weak               Min:  0.0, Avg:  0.0, Max:  0.0, Diff:  0.0, Sum:  0.0, Workers: 1
[367.347s][debug][gc,phases         ] GC(33005)         Dead                           Min: 0, Avg:  0.0, Max: 0, Diff: 0, Sum: 0, Workers: 1
[367.347s][debug][gc,phases         ] GC(33005)         Total                          Min: 45, Avg: 45.0, Max: 45, Diff: 0, Sum: 45, Workers: 1
[367.347s][debug][gc,phases         ] GC(33005)       ResolvedMethodTable Weak       Min:  0.0, Avg:  0.0, Max:  0.0, Diff:  0.0, Sum:  0.0, Workers: 1
[367.347s][debug][gc,phases         ] GC(33005)         Dead                           Min: 0, Avg:  0.0, Max: 0, Diff: 0, Sum: 0, Workers: 1
[367.347s][debug][gc,phases         ] GC(33005)         Total                          Min: 22, Avg: 22.0, Max: 22, Diff: 0, Sum: 22, Workers: 1
[367.347s][debug][gc,phases         ] GC(33005)       JNI Weak                       Min:  0.0, Avg:  0.0, Max:  0.0, Diff:  0.0, Sum:  0.0, Workers: 1
[367.347s][debug][gc,phases         ] GC(33005)         Dead                           Min: 0, Avg:  0.0, Max: 0, Diff: 0, Sum: 0, Workers: 1
[367.347s][debug][gc,phases         ] GC(33005)         Total                          Min: 0, Avg:  0.0, Max: 0, Diff: 0, Sum: 0, Workers: 1
[367.347s][debug][gc,phases         ] GC(33005)       StringDedup Table Weak         Min:  0.0, Avg:  0.0, Max:  0.0, Diff:  0.0, Sum:  0.0, Workers: 1
[367.347s][debug][gc,phases         ] GC(33005)         Dead                           Min: 0, Avg:  0.0, Max: 0, Diff: 0, Sum: 0, Workers: 1
[367.347s][debug][gc,phases         ] GC(33005)         Total                          Min: 0, Avg:  0.0, Max: 0, Diff: 0, Sum: 0, Workers: 1
[367.347s][debug][gc,phases         ] GC(33005)       StringDedup Requests0 Weak     Min:  0.0, Avg:  0.0, Max:  0.0, Diff:  0.0, Sum:  0.0, Workers: 1
[367.347s][debug][gc,phases         ] GC(33005)         Dead                           Min: 0, Avg:  0.0, Max: 0, Diff: 0, Sum: 0, Workers: 1
[367.347s][debug][gc,phases         ] GC(33005)         Total                          Min: 0, Avg:  0.0, Max: 0, Diff: 0, Sum: 0, Workers: 1
[367.347s][debug][gc,phases         ] GC(33005)       StringDedup Requests1 Weak     Min:  0.0, Avg:  0.0, Max:  0.0, Diff:  0.0, Sum:  0.0, Workers: 1
[367.347s][debug][gc,phases         ] GC(33005)         Dead                           Min: 0, Avg:  0.0, Max: 0, Diff: 0, Sum: 0, Workers: 1
[367.347s][debug][gc,phases         ] GC(33005)         Total                          Min: 0, Avg:  0.0, Max: 0, Diff: 0, Sum: 0, Workers: 1
[367.347s][debug][gc,phases         ] GC(33005)       Weak JFR Old Object Samples    Min:  0.0, Avg:  0.0, Max:  0.0, Diff:  0.0, Sum:  0.0, Workers: 1
[367.347s][debug][gc,phases         ] GC(33005)         Dead                           Min: 0, Avg:  0.0, Max: 0, Diff: 0, Sum: 0, Workers: 1
[367.347s][debug][gc,phases         ] GC(33005)         Total                          Min: 0, Avg:  0.0, Max: 0, Diff: 0, Sum: 0, Workers: 1
[367.347s][debug][gc,phases         ] GC(33005)     Post Evacuate Cleanup 1: 0.1ms
[367.347s][debug][gc,phases         ] GC(33005)       Merge Per-Thread State (ms):   Min:  0.0, Avg:  0.0, Max:  0.0, Diff:  0.0, Sum:  0.0, Workers: 1
[367.347s][debug][gc,phases         ] GC(33005)         Copied Bytes                   Min: 0, Avg:  0.0, Max: 0, Diff: 0, Sum: 0, Workers: 13
[367.347s][debug][gc,phases         ] GC(33005)         LAB Waste                      Min: 0, Avg:  0.0, Max: 0, Diff: 0, Sum: 0, Workers: 13
[367.347s][debug][gc,phases         ] GC(33005)         LAB Undo Waste                 Min: 0, Avg:  0.0, Max: 0, Diff: 0, Sum: 0, Workers: 13
[367.347s][debug][gc,phases         ] GC(33005)       Clear Logged Cards (ms):       Min:  0.0, Avg:  0.0, Max:  0.0, Diff:  0.0, Sum:  0.0, Workers: 2
[367.347s][debug][gc,phases         ] GC(33005)       Recalculate Used Memory (ms):  Min:  0.0, Avg:  0.0, Max:  0.0, Diff:  0.0, Sum:  0.0, Workers: 1
[367.347s][debug][gc,phases         ] GC(33005)     Post Evacuate Cleanup 2: 0.3ms
[367.347s][debug][gc,phases         ] GC(33005)       Reset Hot Card Cache (ms):     Min:  0.0, Avg:  0.0, Max:  0.0, Diff:  0.0, Sum:  0.0, Workers: 1
[367.347s][debug][gc,phases         ] GC(33005)       Purge Code Roots (ms):         Min:  0.0, Avg:  0.0, Max:  0.0, Diff:  0.0, Sum:  0.0, Workers: 1
[367.347s][debug][gc,phases         ] GC(33005)       Update Derived Pointers (ms):  Min:  0.0, Avg:  0.0, Max:  0.0, Diff:  0.0, Sum:  0.0, Workers: 1
[367.347s][debug][gc,phases         ] GC(33005)       Eagerly Reclaim Humongous Objects (ms): Min:  0.0, Avg:  0.0, Max:  0.0, Diff:  0.0, Sum:  0.0, Workers: 1
[367.347s][debug][gc,phases         ] GC(33005)         Humongous Total                Min: 972, Avg: 972.0, Max: 972, Diff: 0, Sum: 972, Workers: 1
[367.347s][debug][gc,phases         ] GC(33005)         Humongous Candidates           Min: 9, Avg:  9.0, Max: 9, Diff: 0, Sum: 9, Workers: 1
[367.347s][debug][gc,phases         ] GC(33005)         Humongous Reclaimed            Min: 0, Avg:  0.0, Max: 0, Diff: 0, Sum: 0, Workers: 1
[367.347s][debug][gc,phases         ] GC(33005)       Redirty Logged Cards (ms):     Min:  0.0, Avg:  0.0, Max:  0.0, Diff:  0.0, Sum:  0.0, Workers: 13
[367.347s][debug][gc,phases         ] GC(33005)         Redirtied Cards:               Min: 0, Avg:  0.1, Max: 1, Diff: 1, Sum: 1, Workers: 13
[367.347s][debug][gc,phases         ] GC(33005)       Free Collection Set (ms):      Min:  0.0, Avg:  0.0, Max:  0.0, Diff:  0.0, Sum:  0.0, Workers: 13
[367.347s][debug][gc,phases         ] GC(33005)     Rebuild Free List: 0.2ms
[367.347s][debug][gc,phases         ] GC(33005)     Start New Collection Set: 0.0ms
[367.347s][debug][gc,phases         ] GC(33005)     Resize TLABs: 0.0ms
[367.347s][debug][gc,phases         ] GC(33005)     Expand Heap After Collection: 0.0ms
[367.347s][info ][gc,phases         ] GC(33005)   Other: 0.2ms
[367.347s][info ][gc,heap           ] GC(33005) Eden regions: 0->0(102)
[367.347s][info ][gc,heap           ] GC(33005) Survivor regions: 0->0(13)
[367.347s][info ][gc,heap           ] GC(33005) Old regions: 1->1
[367.347s][info ][gc,heap           ] GC(33005) Archive regions: 2->2
[367.347s][info ][gc,heap           ] GC(33005) Humongous regions: 1944->1944
[367.347s][info ][gc,metaspace      ] GC(33005) Metaspace: 198K(384K)->198K(384K) NonClass: 192K(256K)->192K(256K) Class: 5K(128K)->5K(128K)
[367.347s][debug][gc,heap           ] GC(33005) Heap after GC invocations=31583 (full 10211):
[367.347s][debug][gc,heap           ] GC(33005)  garbage-first heap   total 2097152K, used 1991733K [0x0000000080000000, 0x0000000100000000)
[367.347s][debug][gc,heap           ] GC(33005)   region size 1024K, 0 young (0K), 0 survivors (0K)
[367.347s][debug][gc,heap           ] GC(33005)  Metaspace       used 198K, committed 384K, reserved 1114112K
[367.347s][debug][gc,heap           ] GC(33005)   class space    used 5K, committed 128K, reserved 1048576K
[367.347s][info ][gc                ] GC(33005) Pause Young (Normal) (G1 Humongous Allocation) 1945M->1945M(2048M) 13.220ms
[367.347s][info ][gc,cpu            ] GC(33005) User=0.01s Sys=0.01s Real=0.01s
[367.347s][debug][gc,ergo,heap      ] Attempt heap expansion (allocation request failed). Allocation request: 10485776B
[367.347s][debug][gc,ergo,heap      ] Expand the heap. requested expansion amount: 10485776B expansion amount: 11534336B
[367.347s][debug][gc,ergo,heap      ] Did not expand the heap (heap already fully expanded)
[367.347s][info ][gc,ergo           ] Attempting full compaction
[367.347s][debug][gc,task           ] GC(33006) Requesting 13 active workers for full compaction (waste limited workers: 13, adaptive workers: 13, used limited workers: 1947)
[367.347s][info ][gc,task           ] GC(33006) Using 13 workers of 13 for full compaction
[367.347s][info ][gc,start          ] GC(33006) Pause Full (G1 Compaction Pause)
[367.347s][debug][gc,heap           ] GC(33006) Heap before GC invocations=31583 (full 10211):
[367.347s][debug][gc,heap           ] GC(33006)  garbage-first heap   total 2097152K, used 1991733K [0x0000000080000000, 0x0000000100000000)
[367.347s][debug][gc,heap           ] GC(33006)   region size 1024K, 0 young (0K), 0 survivors (0K)
[367.347s][debug][gc,heap           ] GC(33006)  Metaspace       used 198K, committed 384K, reserved 1114112K
[367.347s][debug][gc,heap           ] GC(33006)   class space    used 5K, committed 128K, reserved 1048576K
[367.347s][debug][gc,alloc,region   ] GC(33006) Mutator Allocation stats, regions: 0, wasted size: 0B ( 0.0%)
[367.347s][info ][gc,phases,start   ] GC(33006) Phase 1: Mark live objects
[367.347s][debug][gc,phases,start   ] GC(33006) Phase 1: Reference Processing
[367.348s][debug][gc,ref            ] GC(33006) ReferenceProcessor::execute queues: 13, RefProcThreadModel::Multi, marks_oops_alive: true
[367.348s][debug][gc,ref            ] GC(33006) ReferenceProcessor::execute queues: 1, RefProcThreadModel::Single, marks_oops_alive: false
[367.348s][debug][gc,ref            ] GC(33006) Skipped phase 3 of Reference Processing: no references
[367.348s][debug][gc,ref            ] GC(33006) Skipped phase 4 of Reference Processing: no references
[367.348s][debug][gc,phases,ref     ] GC(33006) Reference Processing: 0.2ms
[367.348s][debug][gc,phases,ref     ] GC(33006)   Reconsider SoftReferences: 0.2ms
[367.348s][debug][gc,phases,ref     ] GC(33006)     Balance queues: 0.0ms
[367.348s][debug][gc,phases,ref     ] GC(33006)     SoftRef (ms):                  Min:  0.0, Avg:  0.0, Max:  0.0, Diff:  0.0, Sum:  0.0, Workers: 13
[367.348s][debug][gc,phases,ref     ] GC(33006)   Notify Soft/WeakReferences: 0.0ms
[367.348s][debug][gc,phases,ref     ] GC(33006)     SoftRef (ms):                  Min:  0.0, Avg:  0.0, Max:  0.0, Diff:  0.0, Sum:  0.0, Workers: 13
[367.348s][debug][gc,phases,ref     ] GC(33006)     WeakRef (ms):                  Min:  0.0, Avg:  0.0, Max:  0.0, Diff:  0.0, Sum:  0.0, Workers: 13
[367.348s][debug][gc,phases,ref     ] GC(33006)     FinalRef (ms):                 Min:  0.0, Avg:  0.0, Max:  0.0, Diff:  0.0, Sum:  0.0, Workers: 13
[367.348s][debug][gc,phases,ref     ] GC(33006)     Total (ms):                    Min:  0.0, Avg:  0.0, Max:  0.0, Diff:  0.0, Sum:  0.0, Workers: 13
[367.348s][debug][gc,phases,ref     ] GC(33006)   Notify and keep alive finalizable: 0.0ms
[367.348s][debug][gc,phases,ref     ] GC(33006)     FinalRef (ms):                 skipped
[367.348s][debug][gc,phases,ref     ] GC(33006)   Notify PhantomReferences: 0.0ms
[367.348s][debug][gc,phases,ref     ] GC(33006)     PhantomRef (ms):               skipped
[367.348s][debug][gc,phases,ref     ] GC(33006)   SoftReference:
[367.348s][debug][gc,phases,ref     ] GC(33006)     Discovered: 4
[367.348s][debug][gc,phases,ref     ] GC(33006)     Cleared: 4
[367.348s][debug][gc,phases,ref     ] GC(33006)   WeakReference:
[367.348s][debug][gc,phases,ref     ] GC(33006)     Discovered: 16
[367.348s][debug][gc,phases,ref     ] GC(33006)     Cleared: 16
[367.348s][debug][gc,phases,ref     ] GC(33006)   FinalReference:
[367.348s][debug][gc,phases,ref     ] GC(33006)     Discovered: 0
[367.348s][debug][gc,phases,ref     ] GC(33006)     Cleared: 0
[367.348s][debug][gc,phases,ref     ] GC(33006)   PhantomReference:
[367.348s][debug][gc,phases,ref     ] GC(33006)     Discovered: 0
[367.348s][debug][gc,phases,ref     ] GC(33006)     Cleared: 0
[367.348s][debug][gc,phases         ] GC(33006) Phase 1: Reference Processing 0.323ms
[367.348s][debug][gc,phases,start   ] GC(33006) Phase 1: Weak Processing
[367.348s][debug][gc,phases         ] GC(33006)   VM Weak                        Min:  0.0, Avg:  0.0, Max:  0.0, Diff:  0.0, Sum:  0.0, Workers: 1
[367.348s][debug][gc,phases         ] GC(33006)     Dead                           Min: 0, Avg:  0.0, Max: 0, Diff: 0, Sum: 0, Workers: 1
[367.348s][debug][gc,phases         ] GC(33006)     Total                          Min: 4, Avg:  4.0, Max: 4, Diff: 0, Sum: 4, Workers: 1
[367.348s][debug][gc,phases         ] GC(33006)   ObjectSynchronizer Weak        Min:  0.0, Avg:  0.0, Max:  0.0, Diff:  0.0, Sum:  0.0, Workers: 1
[367.348s][debug][gc,phases         ] GC(33006)     Dead                           Min: 0, Avg:  0.0, Max: 0, Diff: 0, Sum: 0, Workers: 1
[367.348s][debug][gc,phases         ] GC(33006)     Total                          Min: 3, Avg:  3.0, Max: 3, Diff: 0, Sum: 3, Workers: 1
[367.348s][debug][gc,phases         ] GC(33006)   JVMTI Tag Weak OopStorage      Min:  0.0, Avg:  0.0, Max:  0.0, Diff:  0.0, Sum:  0.0, Workers: 1
[367.348s][debug][gc,phases         ] GC(33006)     Dead                           Min: 0, Avg:  0.0, Max: 0, Diff: 0, Sum: 0, Workers: 1
[367.348s][debug][gc,phases         ] GC(33006)     Total                          Min: 0, Avg:  0.0, Max: 0, Diff: 0, Sum: 0, Workers: 1
[367.348s][debug][gc,phases         ] GC(33006)   StringTable Weak               Min:  0.0, Avg:  0.0, Max:  0.0, Diff:  0.0, Sum:  0.0, Workers: 1
[367.348s][debug][gc,phases         ] GC(33006)     Dead                           Min: 0, Avg:  0.0, Max: 0, Diff: 0, Sum: 0, Workers: 1
[367.348s][debug][gc,phases         ] GC(33006)     Total                          Min: 45, Avg: 45.0, Max: 45, Diff: 0, Sum: 45, Workers: 1
[367.348s][debug][gc,phases         ] GC(33006)   ResolvedMethodTable Weak       Min:  0.0, Avg:  0.0, Max:  0.0, Diff:  0.0, Sum:  0.0, Workers: 1
[367.348s][debug][gc,phases         ] GC(33006)     Dead                           Min: 0, Avg:  0.0, Max: 0, Diff: 0, Sum: 0, Workers: 1
[367.348s][debug][gc,phases         ] GC(33006)     Total                          Min: 22, Avg: 22.0, Max: 22, Diff: 0, Sum: 22, Workers: 1
[367.348s][debug][gc,phases         ] GC(33006)   JNI Weak                       Min:  0.0, Avg:  0.0, Max:  0.0, Diff:  0.0, Sum:  0.0, Workers: 1
[367.348s][debug][gc,phases         ] GC(33006)     Dead                           Min: 0, Avg:  0.0, Max: 0, Diff: 0, Sum: 0, Workers: 1
[367.348s][debug][gc,phases         ] GC(33006)     Total                          Min: 0, Avg:  0.0, Max: 0, Diff: 0, Sum: 0, Workers: 1
[367.348s][debug][gc,phases         ] GC(33006)   StringDedup Table Weak         Min:  0.0, Avg:  0.0, Max:  0.0, Diff:  0.0, Sum:  0.0, Workers: 1
[367.348s][debug][gc,phases         ] GC(33006)     Dead                           Min: 0, Avg:  0.0, Max: 0, Diff: 0, Sum: 0, Workers: 1
[367.348s][debug][gc,phases         ] GC(33006)     Total                          Min: 0, Avg:  0.0, Max: 0, Diff: 0, Sum: 0, Workers: 1
[367.348s][debug][gc,phases         ] GC(33006)   StringDedup Requests0 Weak     Min:  0.0, Avg:  0.0, Max:  0.0, Diff:  0.0, Sum:  0.0, Workers: 1
[367.348s][debug][gc,phases         ] GC(33006)     Dead                           Min: 0, Avg:  0.0, Max: 0, Diff: 0, Sum: 0, Workers: 1
[367.348s][debug][gc,phases         ] GC(33006)     Total                          Min: 0, Avg:  0.0, Max: 0, Diff: 0, Sum: 0, Workers: 1
[367.348s][debug][gc,phases         ] GC(33006)   StringDedup Requests1 Weak     Min:  0.0, Avg:  0.0, Max:  0.0, Diff:  0.0, Sum:  0.0, Workers: 1
[367.348s][debug][gc,phases         ] GC(33006)     Dead                           Min: 0, Avg:  0.0, Max: 0, Diff: 0, Sum: 0, Workers: 1
[367.348s][debug][gc,phases         ] GC(33006)     Total                          Min: 0, Avg:  0.0, Max: 0, Diff: 0, Sum: 0, Workers: 1
[367.348s][debug][gc,phases         ] GC(33006)   Weak JFR Old Object Samples    Min:  0.0, Avg:  0.0, Max:  0.0, Diff:  0.0, Sum:  0.0, Workers: 1
[367.348s][debug][gc,phases         ] GC(33006)     Dead                           Min: 0, Avg:  0.0, Max: 0, Diff: 0, Sum: 0, Workers: 1
[367.348s][debug][gc,phases         ] GC(33006)     Total                          Min: 0, Avg:  0.0, Max: 0, Diff: 0, Sum: 0, Workers: 1
[367.348s][debug][gc,phases         ] GC(33006) Phase 1: Weak Processing 0.169ms
[367.348s][debug][gc,phases,start   ] GC(33006) Phase 1: Class Unloading and Cleanup
[367.348s][debug][gc,phases,start   ] GC(33006) ClassLoaderData
[367.348s][debug][gc,phases         ] GC(33006) ClassLoaderData 0.004ms
[367.348s][debug][gc,phases,start   ] GC(33006) Trigger cleanups
[367.348s][debug][gc,phases         ] GC(33006) Trigger cleanups 0.003ms
[367.348s][debug][gc,phases         ] GC(33006) Phase 1: Class Unloading and Cleanup 0.186ms
[367.348s][debug][gc,phases,start   ] GC(33006) Report Object Count
[367.348s][debug][gc,phases         ] GC(33006) Report Object Count 0.004ms
[367.348s][info ][gc,phases         ] GC(33006) Phase 1: Mark live objects 1.246ms
[367.348s][info ][gc,phases,start   ] GC(33006) Phase 2: Prepare for compaction
[367.349s][info ][gc,phases         ] GC(33006) Phase 2: Prepare for compaction 0.582ms
[367.349s][info ][gc,phases,start   ] GC(33006) Phase 3: Adjust pointers
[367.349s][info ][gc,phases         ] GC(33006) Phase 3: Adjust pointers 0.383ms
[367.349s][info ][gc,phases,start   ] GC(33006) Phase 4: Compact heap
[367.349s][info ][gc,phases         ] GC(33006) Phase 4: Compact heap 0.239ms
[367.350s][debug][gc,ergo           ] GC(33006) Running G1 Clear Bitmap with 13 workers for 32 work units.
[367.351s][debug][gc,ergo,ihop      ] GC(33006) Request concurrent cycle initiation (occupancy higher than threshold) occupancy: 2041577472B allocation request: 0B threshold: 1635812275B (76.17) source: end of Full GC
[367.351s][debug][gc,alloc,stats    ] Old generation allocation in the last mutator period, old gen allocated: 0B, humongous allocated: 0B,old gen growth: 0B.
[367.351s][info ][gc,heap           ] GC(33006) Eden regions: 0->0(102)
[367.351s][info ][gc,heap           ] GC(33006) Survivor regions: 0->0(13)
[367.351s][info ][gc,heap           ] GC(33006) Old regions: 1->1
[367.351s][info ][gc,heap           ] GC(33006) Archive regions: 2->2
[367.351s][info ][gc,heap           ] GC(33006) Humongous regions: 1944->1944
[367.351s][info ][gc,metaspace      ] GC(33006) Metaspace: 198K(384K)->198K(384K) NonClass: 192K(256K)->192K(256K) Class: 5K(128K)->5K(128K)
[367.351s][debug][gc,heap           ] GC(33006) Heap after GC invocations=31584 (full 10212):
[367.351s][debug][gc,heap           ] GC(33006)  garbage-first heap   total 2097152K, used 1991733K [0x0000000080000000, 0x0000000100000000)
[367.351s][debug][gc,heap           ] GC(33006)   region size 1024K, 0 young (0K), 0 survivors (0K)
[367.351s][debug][gc,heap           ] GC(33006)  Metaspace       used 198K, committed 384K, reserved 1114112K
[367.351s][debug][gc,heap           ] GC(33006)   class space    used 5K, committed 128K, reserved 1048576K
[367.351s][info ][gc                ] GC(33006) Pause Full (G1 Compaction Pause) 1945M->1945M(2048M) 4.264ms
[367.351s][info ][gc,cpu            ] GC(33006) User=0.02s Sys=0.02s Real=0.00s
[367.351s][debug][gc,ergo,heap      ] Attempt heap expansion (allocation request failed). Allocation request: 10485776B
[367.351s][debug][gc,ergo,heap      ] Expand the heap. requested expansion amount: 10485776B expansion amount: 11534336B
[367.351s][debug][gc,ergo,heap      ] Did not expand the heap (heap already fully expanded)
[367.351s][info ][gc,ergo           ] Attempting maximum full compaction clearing soft references
[367.351s][debug][gc,task           ] GC(33007) Requesting 13 active workers for full compaction (waste limited workers: 13, adaptive workers: 13, used limited workers: 1947)
[367.351s][info ][gc,task           ] GC(33007) Using 13 workers of 13 for full compaction
[367.351s][info ][gc,start          ] GC(33007) Pause Full (G1 Compaction Pause)
[367.351s][debug][gc,heap           ] GC(33007) Heap before GC invocations=31584 (full 10212):
[367.351s][debug][gc,heap           ] GC(33007)  garbage-first heap   total 2097152K, used 1991733K [0x0000000080000000, 0x0000000100000000)
[367.351s][debug][gc,heap           ] GC(33007)   region size 1024K, 0 young (0K), 0 survivors (0K)
[367.351s][debug][gc,heap           ] GC(33007)  Metaspace       used 198K, committed 384K, reserved 1114112K
[367.351s][debug][gc,heap           ] GC(33007)   class space    used 5K, committed 128K, reserved 1048576K
[367.351s][debug][gc,alloc,region   ] GC(33007) Mutator Allocation stats, regions: 0, wasted size: 0B ( 0.0%)
[367.351s][info ][gc,phases,start   ] GC(33007) Phase 1: Mark live objects
[367.352s][debug][gc,phases,start   ] GC(33007) Phase 1: Reference Processing
[367.352s][debug][gc,ref            ] GC(33007) ReferenceProcessor::execute queues: 13, RefProcThreadModel::Multi, marks_oops_alive: true
[367.352s][debug][gc,ref            ] GC(33007) ReferenceProcessor::execute queues: 1, RefProcThreadModel::Single, marks_oops_alive: false
[367.352s][debug][gc,ref            ] GC(33007) Skipped phase 3 of Reference Processing: no references
[367.352s][debug][gc,ref            ] GC(33007) Skipped phase 4 of Reference Processing: no references
[367.352s][debug][gc,phases,ref     ] GC(33007) Reference Processing: 0.3ms
[367.352s][debug][gc,phases,ref     ] GC(33007)   Reconsider SoftReferences: 0.2ms
[367.352s][debug][gc,phases,ref     ] GC(33007)     Balance queues: 0.0ms
[367.352s][debug][gc,phases,ref     ] GC(33007)     SoftRef (ms):                  Min:  0.0, Avg:  0.0, Max:  0.0, Diff:  0.0, Sum:  0.0, Workers: 13
[367.352s][debug][gc,phases,ref     ] GC(33007)   Notify Soft/WeakReferences: 0.1ms
[367.352s][debug][gc,phases,ref     ] GC(33007)     SoftRef (ms):                  Min:  0.0, Avg:  0.0, Max:  0.0, Diff:  0.0, Sum:  0.0, Workers: 13
[367.352s][debug][gc,phases,ref     ] GC(33007)     WeakRef (ms):                  Min:  0.0, Avg:  0.0, Max:  0.0, Diff:  0.0, Sum:  0.0, Workers: 13
[367.352s][debug][gc,phases,ref     ] GC(33007)     FinalRef (ms):                 Min:  0.0, Avg:  0.0, Max:  0.0, Diff:  0.0, Sum:  0.0, Workers: 13
[367.352s][debug][gc,phases,ref     ] GC(33007)     Total (ms):                    Min:  0.0, Avg:  0.0, Max:  0.0, Diff:  0.0, Sum:  0.0, Workers: 13
[367.352s][debug][gc,phases,ref     ] GC(33007)   Notify and keep alive finalizable: 0.0ms
[367.352s][debug][gc,phases,ref     ] GC(33007)     FinalRef (ms):                 skipped
[367.353s][debug][gc,phases,ref     ] GC(33007)   Notify PhantomReferences: 0.0ms
[367.353s][debug][gc,phases,ref     ] GC(33007)     PhantomRef (ms):               skipped
[367.353s][debug][gc,phases,ref     ] GC(33007)   SoftReference:
[367.353s][debug][gc,phases,ref     ] GC(33007)     Discovered: 4
[367.353s][debug][gc,phases,ref     ] GC(33007)     Cleared: 4
[367.353s][debug][gc,phases,ref     ] GC(33007)   WeakReference:
[367.353s][debug][gc,phases,ref     ] GC(33007)     Discovered: 16
[367.353s][debug][gc,phases,ref     ] GC(33007)     Cleared: 16
[367.353s][debug][gc,phases,ref     ] GC(33007)   FinalReference:
[367.353s][debug][gc,phases,ref     ] GC(33007)     Discovered: 0
[367.353s][debug][gc,phases,ref     ] GC(33007)     Cleared: 0
[367.353s][debug][gc,phases,ref     ] GC(33007)   PhantomReference:
[367.353s][debug][gc,phases,ref     ] GC(33007)     Discovered: 0
[367.353s][debug][gc,phases,ref     ] GC(33007)     Cleared: 0
[367.353s][debug][gc,phases         ] GC(33007) Phase 1: Reference Processing 0.445ms
[367.353s][debug][gc,phases,start   ] GC(33007) Phase 1: Weak Processing
[367.353s][debug][gc,phases         ] GC(33007)   VM Weak                        Min:  0.0, Avg:  0.0, Max:  0.0, Diff:  0.0, Sum:  0.0, Workers: 1
[367.353s][debug][gc,phases         ] GC(33007)     Dead                           Min: 0, Avg:  0.0, Max: 0, Diff: 0, Sum: 0, Workers: 1
[367.353s][debug][gc,phases         ] GC(33007)     Total                          Min: 4, Avg:  4.0, Max: 4, Diff: 0, Sum: 4, Workers: 1
[367.353s][debug][gc,phases         ] GC(33007)   ObjectSynchronizer Weak        Min:  0.0, Avg:  0.0, Max:  0.0, Diff:  0.0, Sum:  0.0, Workers: 1
[367.353s][debug][gc,phases         ] GC(33007)     Dead                           Min: 0, Avg:  0.0, Max: 0, Diff: 0, Sum: 0, Workers: 1
[367.353s][debug][gc,phases         ] GC(33007)     Total                          Min: 3, Avg:  3.0, Max: 3, Diff: 0, Sum: 3, Workers: 1
[367.353s][debug][gc,phases         ] GC(33007)   JVMTI Tag Weak OopStorage      Min:  0.0, Avg:  0.0, Max:  0.0, Diff:  0.0, Sum:  0.0, Workers: 1
[367.353s][debug][gc,phases         ] GC(33007)     Dead                           Min: 0, Avg:  0.0, Max: 0, Diff: 0, Sum: 0, Workers: 1
[367.353s][debug][gc,phases         ] GC(33007)     Total                          Min: 0, Avg:  0.0, Max: 0, Diff: 0, Sum: 0, Workers: 1
[367.353s][debug][gc,phases         ] GC(33007)   StringTable Weak               Min:  0.0, Avg:  0.0, Max:  0.0, Diff:  0.0, Sum:  0.0, Workers: 1
[367.353s][debug][gc,phases         ] GC(33007)     Dead                           Min: 0, Avg:  0.0, Max: 0, Diff: 0, Sum: 0, Workers: 1
[367.353s][debug][gc,phases         ] GC(33007)     Total                          Min: 45, Avg: 45.0, Max: 45, Diff: 0, Sum: 45, Workers: 1
[367.353s][debug][gc,phases         ] GC(33007)   ResolvedMethodTable Weak       Min:  0.0, Avg:  0.0, Max:  0.0, Diff:  0.0, Sum:  0.0, Workers: 1
[367.353s][debug][gc,phases         ] GC(33007)     Dead                           Min: 0, Avg:  0.0, Max: 0, Diff: 0, Sum: 0, Workers: 1
[367.353s][debug][gc,phases         ] GC(33007)     Total                          Min: 22, Avg: 22.0, Max: 22, Diff: 0, Sum: 22, Workers: 1
[367.353s][debug][gc,phases         ] GC(33007)   JNI Weak                       Min:  0.0, Avg:  0.0, Max:  0.0, Diff:  0.0, Sum:  0.0, Workers: 1
[367.353s][debug][gc,phases         ] GC(33007)     Dead                           Min: 0, Avg:  0.0, Max: 0, Diff: 0, Sum: 0, Workers: 1
[367.353s][debug][gc,phases         ] GC(33007)     Total                          Min: 0, Avg:  0.0, Max: 0, Diff: 0, Sum: 0, Workers: 1
[367.353s][debug][gc,phases         ] GC(33007)   StringDedup Table Weak         Min:  0.0, Avg:  0.0, Max:  0.0, Diff:  0.0, Sum:  0.0, Workers: 1
[367.353s][debug][gc,phases         ] GC(33007)     Dead                           Min: 0, Avg:  0.0, Max: 0, Diff: 0, Sum: 0, Workers: 1
[367.353s][debug][gc,phases         ] GC(33007)     Total                          Min: 0, Avg:  0.0, Max: 0, Diff: 0, Sum: 0, Workers: 1
[367.353s][debug][gc,phases         ] GC(33007)   StringDedup Requests0 Weak     Min:  0.0, Avg:  0.0, Max:  0.0, Diff:  0.0, Sum:  0.0, Workers: 1
[367.353s][debug][gc,phases         ] GC(33007)     Dead                           Min: 0, Avg:  0.0, Max: 0, Diff: 0, Sum: 0, Workers: 1
[367.353s][debug][gc,phases         ] GC(33007)     Total                          Min: 0, Avg:  0.0, Max: 0, Diff: 0, Sum: 0, Workers: 1
[367.353s][debug][gc,phases         ] GC(33007)   StringDedup Requests1 Weak     Min:  0.0, Avg:  0.0, Max:  0.0, Diff:  0.0, Sum:  0.0, Workers: 1
[367.353s][debug][gc,phases         ] GC(33007)     Dead                           Min: 0, Avg:  0.0, Max: 0, Diff: 0, Sum: 0, Workers: 1
[367.353s][debug][gc,phases         ] GC(33007)     Total                          Min: 0, Avg:  0.0, Max: 0, Diff: 0, Sum: 0, Workers: 1
[367.353s][debug][gc,phases         ] GC(33007)   Weak JFR Old Object Samples    Min:  0.0, Avg:  0.0, Max:  0.0, Diff:  0.0, Sum:  0.0, Workers: 1
[367.353s][debug][gc,phases         ] GC(33007)     Dead                           Min: 0, Avg:  0.0, Max: 0, Diff: 0, Sum: 0, Workers: 1
[367.353s][debug][gc,phases         ] GC(33007)     Total                          Min: 0, Avg:  0.0, Max: 0, Diff: 0, Sum: 0, Workers: 1
[367.353s][debug][gc,phases         ] GC(33007) Phase 1: Weak Processing 0.269ms
[367.353s][debug][gc,phases,start   ] GC(33007) Phase 1: Class Unloading and Cleanup
[367.353s][debug][gc,phases,start   ] GC(33007) ClassLoaderData
[367.353s][debug][gc,phases         ] GC(33007) ClassLoaderData 0.006ms
[367.353s][debug][gc,phases,start   ] GC(33007) Trigger cleanups
[367.353s][debug][gc,phases         ] GC(33007) Trigger cleanups 0.005ms
[367.353s][debug][gc,phases         ] GC(33007) Phase 1: Class Unloading and Cleanup 0.210ms
[367.353s][debug][gc,phases,start   ] GC(33007) Report Object Count
[367.353s][debug][gc,phases         ] GC(33007) Report Object Count 0.013ms
[367.353s][info ][gc,phases         ] GC(33007) Phase 1: Mark live objects 1.817ms
[367.353s][info ][gc,phases,start   ] GC(33007) Phase 2: Prepare for compaction
[367.354s][info ][gc,phases         ] GC(33007) Phase 2: Prepare for compaction 0.499ms
[367.354s][info ][gc,phases,start   ] GC(33007) Phase 3: Adjust pointers
[367.354s][info ][gc,phases         ] GC(33007) Phase 3: Adjust pointers 0.435ms
[367.354s][info ][gc,phases,start   ] GC(33007) Phase 4: Compact heap
[367.354s][info ][gc,phases         ] GC(33007) Phase 4: Compact heap 0.227ms
[367.355s][debug][gc,ergo           ] GC(33007) Running G1 Clear Bitmap with 13 workers for 32 work units.
[367.356s][debug][gc,ergo,ihop      ] GC(33007) Request concurrent cycle initiation (occupancy higher than threshold) occupancy: 2041577472B allocation request: 0B threshold: 1635812275B (76.17) source: end of Full GC
[367.356s][debug][gc,alloc,stats    ] Old generation allocation in the last mutator period, old gen allocated: 0B, humongous allocated: 0B,old gen growth: 0B.
[367.356s][info ][gc,heap           ] GC(33007) Eden regions: 0->0(102)
[367.356s][info ][gc,heap           ] GC(33007) Survivor regions: 0->0(13)
[367.356s][info ][gc,heap           ] GC(33007) Old regions: 1->1
[367.356s][info ][gc,heap           ] GC(33007) Archive regions: 2->2
[367.356s][info ][gc,heap           ] GC(33007) Humongous regions: 1944->1944
[367.356s][info ][gc,metaspace      ] GC(33007) Metaspace: 198K(384K)->198K(384K) NonClass: 192K(256K)->192K(256K) Class: 5K(128K)->5K(128K)
[367.356s][debug][gc,heap           ] GC(33007) Heap after GC invocations=31585 (full 10213):
[367.356s][debug][gc,heap           ] GC(33007)  garbage-first heap   total 2097152K, used 1991733K [0x0000000080000000, 0x0000000100000000)
[367.356s][debug][gc,heap           ] GC(33007)   region size 1024K, 0 young (0K), 0 survivors (0K)
[367.356s][debug][gc,heap           ] GC(33007)  Metaspace       used 198K, committed 384K, reserved 1114112K
[367.356s][debug][gc,heap           ] GC(33007)   class space    used 5K, committed 128K, reserved 1048576K
[367.356s][info ][gc                ] GC(33007) Pause Full (G1 Compaction Pause) 1945M->1945M(2048M) 4.819ms
[367.356s][info ][gc,cpu            ] GC(33007) User=0.01s Sys=0.01s Real=0.01s
[367.356s][debug][gc,ergo,heap      ] Attempt heap expansion (allocation request failed). Allocation request: 10485776B
[367.356s][debug][gc,ergo,heap      ] Expand the heap. requested expansion amount: 10485776B expansion amount: 11534336B
[367.356s][debug][gc,ergo,heap      ] Did not expand the heap (heap already fully expanded)
[367.356s][debug][gc,ergo,ihop      ] Request concurrent cycle initiation (occupancy higher than threshold) occupancy: 2041577472B allocation request: 1048592B threshold: 1635812275B (76.17) source: concurrent humongous allocation
[367.356s][debug][gc,ergo,ihop      ] Request concurrent cycle initiation (occupancy higher than threshold) occupancy: 2041577472B allocation request: 1048592B threshold: 1635812275B (76.17) source: concurrent humongous allocation
[367.356s][debug][gc,ergo,ihop      ] Request concurrent cycle initiation (occupancy higher than threshold) occupancy: 2041577472B allocation request: 1048592B threshold: 1635812275B (76.17) source: concurrent humongous allocation
[367.356s][debug][gc,ergo,ihop      ] Request concurrent cycle initiation (occupancy higher than threshold) occupancy: 2041577472B allocation request: 1048592B threshold: 1635812275B (76.17) source: concurrent humongous allocation
[367.356s][debug][gc,ergo,ihop      ] Request concurrent cycle initiation (occupancy higher than threshold) occupancy: 2041577472B allocation request: 1048592B threshold: 1635812275B (76.17) source: concurrent humongous allocation
[367.356s][debug][gc,ergo,ihop      ] Request concurrent cycle initiation (occupancy higher than threshold) occupancy: 2041577472B allocation request: 1048592B threshold: 1635812275B (76.17) source: concurrent humongous allocation
[367.356s][debug][gc,ergo,ihop      ] Request concurrent cycle initiation (occupancy higher than threshold) occupancy: 2041577472B allocation request: 1048592B threshold: 1635812275B (76.17) source: concurrent humongous allocation
[367.356s][debug][gc,ergo,ihop      ] Request concurrent cycle initiation (occupancy higher than threshold) occupancy: 2041577472B allocation request: 1048592B threshold: 1635812275B (76.17) source: concurrent humongous allocation
[367.356s][debug][gc,ergo,ihop      ] Request concurrent cycle initiation (occupancy higher than threshold) occupancy: 2041577472B allocation request: 1048592B threshold: 1635812275B (76.17) source: concurrent humongous allocation
[367.356s][debug][gc,ergo           ] Request concurrent cycle initiation (requested by GC cause). GC cause: G1 Humongous Allocation
[367.356s][debug][gc,heap           ] GC(33008) Heap before GC invocations=31585 (full 10213):
[367.356s][debug][gc,heap           ] GC(33008)  garbage-first heap   total 2097152K, used 1991733K [0x0000000080000000, 0x0000000100000000)
[367.356s][debug][gc,heap           ] GC(33008)   region size 1024K, 0 young (0K), 0 survivors (0K)
[367.356s][debug][gc,heap           ] GC(33008)  Metaspace       used 198K, committed 384K, reserved 1114112K
[367.356s][debug][gc,heap           ] GC(33008)   class space    used 5K, committed 128K, reserved 1048576K
[367.357s][debug][gc,ergo           ] GC(33008) Initiate concurrent cycle (concurrent cycle initiation requested)
[367.357s][info ][gc,start          ] GC(33008) Pause Young (Concurrent Start) (G1 Humongous Allocation)
[367.357s][info ][gc,task           ] GC(33008) Using 13 workers of 13 for evacuation
[367.357s][debug][gc,age            ] GC(33008) Desired survivor size 6815744 bytes, new threshold 15 (max threshold 15)
[367.357s][debug][gc,refine,stats   ] GC(33008) Mutator refinement: 0.00ms, refined: 0, precleaned: 0, dirtied: 0
[367.357s][debug][gc,refine,stats   ] GC(33008) Concurrent refinement: 0.00ms, refined: 0, precleaned: 0, dirtied: 0
[367.357s][debug][gc,refine,stats   ] GC(33008) Total refinement: 0.00ms, refined: 0, precleaned: 0, dirtied: 0
[367.357s][debug][gc,alloc,region   ] GC(33008) Mutator Allocation stats, regions: 0, wasted size: 0B ( 0.0%)
[367.357s][debug][gc,humongous      ] GC(33008) Humongous region 0 (object size 1048592 @ 0x0000000080000000) remset 0 code roots 0 marked 0 reclaim candidate 0 type array 1
[367.357s][debug][gc,humongous      ] GC(33008) Humongous region 3 (object size 1048592 @ 0x0000000080300000) remset 0 code roots 0 marked 0 reclaim candidate 0 type array 1
[367.357s][debug][gc,humongous      ] GC(33008) Humongous region 5 (object size 1048592 @ 0x0000000080500000) remset 0 code roots 0 marked 0 reclaim candidate 0 type array 1
[367.357s][debug][gc,humongous      ] GC(33008) Humongous region 157 (object size 1048592 @ 0x0000000089d00000) remset 0 code roots 0 marked 0 reclaim candidate 0 type array 1
[367.357s][debug][gc,humongous      ] GC(33008) Humongous region 1103 (object size 1048592 @ 0x00000000c4f00000) remset 0 code roots 0 marked 0 reclaim candidate 0 type array 1
[367.357s][debug][gc,humongous      ] GC(33008) Humongous region 1260 (object size 1048592 @ 0x00000000cec00000) remset 0 code roots 0 marked 0 reclaim candidate 0 type array 1
[367.357s][debug][gc,humongous      ] GC(33008) Humongous region 1105 (object size 1048592 @ 0x00000000c5100000) remset 0 code roots 0 marked 0 reclaim candidate 0 type array 1
[367.357s][debug][gc,humongous      ] GC(33008) Humongous region 7 (object size 1048592 @ 0x0000000080700000) remset 0 code roots 0 marked 0 reclaim candidate 0 type array 1
[367.357s][debug][gc,humongous      ] GC(33008) Humongous region 473 (object size 1048592 @ 0x000000009d900000) remset 0 code roots 0 marked 0 reclaim candidate 0 type array 1
[367.357s][debug][gc,humongous      ] GC(33008) Humongous region 9 (object size 1048592 @ 0x0000000080900000) remset 0 code roots 0 marked 0 reclaim candidate 0 type array 1
[367.357s][debug][gc,humongous      ] GC(33008) Humongous region 788 (object size 1048592 @ 0x00000000b1400000) remset 0 code roots 0 marked 0 reclaim candidate 0 type array 1
[367.357s][debug][gc,humongous      ] GC(33008) Humongous region 11 (object size 1048592 @ 0x0000000080b00000) remset 0 code roots 0 marked 0 reclaim candidate 0 type array 1
[367.357s][debug][gc,humongous      ] GC(33008) Humongous region 790 (object size 1048592 @ 0x00000000b1600000) remset 0 code roots 0 marked 0 reclaim candidate 0 type array 1
[367.357s][debug][gc,humongous      ] GC(33008) Humongous region 159 (object size 1048592 @ 0x0000000089f00000) remset 0 code roots 0 marked 0 reclaim candidate 0 type array 1
[367.357s][debug][gc,humongous      ] GC(33008) Humongous region 792 (object size 1048592 @ 0x00000000b1800000) remset 0 code roots 0 marked 0 reclaim candidate 0 type array 1
[367.357s][debug][gc,humongous      ] GC(33008) Humongous region 1262 (object size 1048592 @ 0x00000000cee00000) remset 0 code roots 0 marked 0 reclaim candidate 0 type array 1
[367.357s][debug][gc,humongous      ] GC(33008) Humongous region 161 (object size 1048592 @ 0x000000008a100000) remset 0 code roots 0 marked 0 reclaim candidate 0 type array 1
[367.357s][debug][gc,humongous      ] GC(33008) Humongous region 1107 (object size 1048592 @ 0x00000000c5300000) remset 0 code roots 0 marked 0 reclaim candidate 0 type array 1
[367.357s][debug][gc,humongous      ] GC(33008) Humongous region 1575 (object size 1048592 @ 0x00000000e2700000) remset 0 code roots 0 marked 0 reclaim candidate 0 type array 1
[367.357s][debug][gc,humongous      ] GC(33008) Humongous region 1577 (object size 1048592 @ 0x00000000e2900000) remset 0 code roots 0 marked 0 reclaim candidate 0 type array 1
[367.357s][debug][gc,humongous      ] GC(33008) Humongous region 630 (object size 1048592 @ 0x00000000a7600000) remset 0 code roots 0 marked 0 reclaim candidate 0 type array 1
[367.357s][debug][gc,humongous      ] GC(33008) Humongous region 1579 (object size 1048592 @ 0x00000000e2b00000) remset 0 code roots 0 marked 0 reclaim candidate 0 type array 1
[367.357s][debug][gc,humongous      ] GC(33008) Humongous region 315 (object size 1048592 @ 0x0000000093b00000) remset 0 code roots 0 marked 0 reclaim candidate 0 type array 1
[367.357s][debug][gc,humongous      ] GC(33008) Humongous region 1581 (object size 1048592 @ 0x00000000e2d00000) remset 0 code roots 0 marked 0 reclaim candidate 0 type array 1
[367.357s][debug][gc,humongous      ] GC(33008) Humongous region 1417 (object size 1048592 @ 0x00000000d8900000) remset 0 code roots 0 marked 0 reclaim candidate 0 type array 1
[367.357s][debug][gc,humongous      ] GC(33008) Humongous region 1583 (object size 1048592 @ 0x00000000e2f00000) remset 0 code roots 0 marked 0 reclaim candidate 0 type array 1
[367.357s][debug][gc,humongous      ] GC(33008) Humongous region 794 (object size 1048592 @ 0x00000000b1a00000) remset 0 code roots 0 marked 0 reclaim candidate 0 type array 1
[367.357s][debug][gc,humongous      ] GC(33008) Humongous region 1419 (object size 1048592 @ 0x00000000d8b00000) remset 0 code roots 0 marked 0 reclaim candidate 0 type array 1
[367.357s][debug][gc,humongous      ] GC(33008) Humongous region 1264 (object size 1048592 @ 0x00000000cf000000) remset 0 code roots 0 marked 0 reclaim candidate 0 type array 1
[367.357s][debug][gc,humongous      ] GC(33008) Humongous region 1109 (object size 1048592 @ 0x00000000c5500000) remset 0 code roots 0 marked 0 reclaim candidate 0 type array 1
[367.357s][debug][gc,humongous      ] GC(33008) Humongous region 1732 (object size 1048592 @ 0x00000000ec400000) remset 0 code roots 0 marked 0 reclaim candidate 0 type array 1
[367.357s][debug][gc,humongous      ] GC(33008) Humongous region 13 (object size 1048592 @ 0x0000000080d00000) remset 0 code roots 0 marked 0 reclaim candidate 0 type array 1
[367.357s][debug][gc,humongous      ] GC(33008) Humongous region 1734 (object size 1048592 @ 0x00000000ec600000) remset 0 code roots 0 marked 0 reclaim candidate 0 type array 1
[367.357s][debug][gc,humongous      ] GC(33008) Humongous region 632 (object size 1048592 @ 0x00000000a7800000) remset 0 code roots 0 marked 0 reclaim candidate 0 type array 1
[367.357s][debug][gc,humongous      ] GC(33008) Humongous region 945 (object size 1048592 @ 0x00000000bb100000) remset 0 code roots 0 marked 0 reclaim candidate 0 type array 1
[367.357s][debug][gc,humongous      ] GC(33008) Humongous region 319 (object size 1048592 @ 0x0000000093f00000) remset 0 code roots 0 marked 0 reclaim candidate 0 type array 1
[367.357s][debug][gc,humongous      ] GC(33008) Humongous region 1890 (object size 1048592 @ 0x00000000f6200000) remset 0 code roots 0 marked 0 reclaim candidate 0 type array 1
[367.357s][debug][gc,humongous      ] GC(33008) Humongous region 163 (object size 1048592 @ 0x000000008a300000) remset 0 code roots 0 marked 0 reclaim candidate 0 type array 1
[367.357s][debug][gc,humongous      ] GC(33008) Humongous region 1892 (object size 1048592 @ 0x00000000f6400000) remset 0 code roots 0 marked 0 reclaim candidate 0 type array 1
[367.357s][debug][gc,humongous      ] GC(33008) Humongous region 165 (object size 1048592 @ 0x000000008a500000) remset 0 code roots 0 marked 0 reclaim candidate 0 type array 1
[367.357s][debug][gc,humongous      ] GC(33008) Humongous region 1894 (object size 1048592 @ 0x00000000f6600000) remset 0 code roots 0 marked 0 reclaim candidate 0 type array 1
[367.357s][debug][gc,humongous      ] GC(33008) Humongous region 1266 (object size 1048592 @ 0x00000000cf200000) remset 0 code roots 0 marked 0 reclaim candidate 0 type array 1
[367.357s][debug][gc,humongous      ] GC(33008) Humongous region 1111 (object size 1048592 @ 0x00000000c5700000) remset 0 code roots 0 marked 0 reclaim candidate 0 type array 1
[367.357s][debug][gc,humongous      ] GC(33008) Humongous region 475 (object size 1048592 @ 0x000000009db00000) remset 0 code roots 0 marked 0 reclaim candidate 0 type array 1
[367.357s][debug][gc,humongous      ] GC(33008) Humongous region 15 (object size 1048592 @ 0x0000000080f00000) remset 0 code roots 0 marked 0 reclaim candidate 0 type array 1
[367.357s][debug][gc,humongous      ] GC(33008) Humongous region 477 (object size 1048592 @ 0x000000009dd00000) remset 0 code roots 0 marked 0 reclaim candidate 0 type array 1
[367.357s][debug][gc,humongous      ] GC(33008) Humongous region 634 (object size 1048592 @ 0x00000000a7a00000) remset 0 code roots 0 marked 0 reclaim candidate 0 type array 1
[367.357s][debug][gc,humongous      ] GC(33008) Humongous region 479 (object size 1048592 @ 0x000000009df00000) remset 0 code roots 0 marked 0 reclaim candidate 0 type array 1
[367.357s][debug][gc,humongous      ] GC(33008) Humongous region 1585 (object size 1048592 @ 0x00000000e3100000) remset 0 code roots 0 marked 0 reclaim candidate 0 type array 1
[367.357s][debug][gc,humongous      ] GC(33008) Humongous region 321 (object size 1048592 @ 0x0000000094100000) remset 0 code roots 0 marked 0 reclaim candidate 0 type array 1
[367.357s][debug][gc,humongous      ] GC(33008) Humongous region 1587 (object size 1048592 @ 0x00000000e3300000) remset 0 code roots 0 marked 0 reclaim candidate 0 type array 1
[367.357s][debug][gc,humongous      ] GC(33008) Humongous region 1421 (object size 1048592 @ 0x00000000d8d00000) remset 0 code roots 0 marked 0 reclaim candidate 0 type array 1
[367.357s][debug][gc,humongous      ] GC(33008) Humongous region 1589 (object size 1048592 @ 0x00000000e3500000) remset 0 code roots 0 marked 0 reclaim candidate 0 type array 1
[367.357s][debug][gc,humongous      ] GC(33008) Humongous region 1896 (object size 1048592 @ 0x00000000f6800000) remset 0 code roots 0 marked 0 reclaim candidate 0 type array 1
[367.357s][debug][gc,humongous      ] GC(33008) Humongous region 1268 (object size 1048592 @ 0x00000000cf400000) remset 0 code roots 0 marked 0 reclaim candidate 0 type array 1
[367.357s][debug][gc,humongous      ] GC(33008) Humongous region 1113 (object size 1048592 @ 0x00000000c5900000) remset 0 code roots 0 marked 0 reclaim candidate 0 type array 1
[367.357s][debug][gc,humongous      ] GC(33008) Humongous region 1738 (object size 1048592 @ 0x00000000eca00000) remset 0 code roots 0 marked 0 reclaim candidate 0 type array 1
[367.357s][debug][gc,humongous      ] GC(33008) Humongous region 17 (object size 1048592 @ 0x0000000081100000) remset 0 code roots 0 marked 0 reclaim candidate 0 type array 1
[367.357s][debug][gc,humongous      ] GC(33008) Humongous region 949 (object size 1048592 @ 0x00000000bb500000) remset 0 code roots 0 marked 0 reclaim candidate 0 type array 1
[367.357s][debug][gc,humongous      ] GC(33008) Humongous region 636 (object size 1048592 @ 0x00000000a7c00000) remset 0 code roots 0 marked 0 reclaim candidate 0 type array 1
[367.357s][debug][gc,humongous      ] GC(33008) Humongous region 951 (object size 1048592 @ 0x00000000bb700000) remset 0 code roots 0 marked 0 reclaim candidate 0 type array 1
[367.357s][debug][gc,humongous      ] GC(33008) Humongous region 796 (object size 1048592 @ 0x00000000b1c00000) remset 0 code roots 0 marked 0 reclaim candidate 0 type array 1
[367.357s][debug][gc,humongous      ] GC(33008) Humongous region 638 (object size 1048592 @ 0x00000000a7e00000) remset 0 code roots 0 marked 0 reclaim candidate 0 type array 1
[367.357s][debug][gc,humongous      ] GC(33008) Humongous region 167 (object size 1048592 @ 0x000000008a700000) remset 0 code roots 0 marked 0 reclaim candidate 0 type array 1
[367.357s][debug][gc,humongous      ] GC(33008) Humongous region 640 (object size 1048592 @ 0x00000000a8000000) remset 0 code roots 0 marked 0 reclaim candidate 0 type array 1
[367.357s][debug][gc,humongous      ] GC(33008) Humongous region 169 (object size 1048592 @ 0x000000008a900000) remset 0 code roots 0 marked 0 reclaim candidate 0 type array 1
[367.357s][debug][gc,humongous      ] GC(33008) Humongous region 642 (object size 1048592 @ 0x00000000a8200000) remset 0 code roots 0 marked 0 reclaim candidate 0 type array 1
[367.357s][debug][gc,humongous      ] GC(33008) Humongous region 1270 (object size 1048592 @ 0x00000000cf600000) remset 0 code roots 0 marked 0 reclaim candidate 0 type array 1
[367.357s][debug][gc,humongous      ] GC(33008) Humongous region 644 (object size 1048592 @ 0x00000000a8400000) remset 0 code roots 0 marked 0 reclaim candidate 0 type array 1
[367.357s][debug][gc,humongous      ] GC(33008) Humongous region 1272 (object size 1048592 @ 0x00000000cf800000) remset 0 code roots 0 marked 0 reclaim candidate 0 type array 1
[367.357s][debug][gc,humongous      ] GC(33008) Humongous region 646 (object size 1048592 @ 0x00000000a8600000) remset 0 code roots 0 marked 0 reclaim candidate 0 type array 1
[367.357s][debug][gc,humongous      ] GC(33008) Humongous region 1274 (object size 1048592 @ 0x00000000cfa00000) remset 0 code roots 0 marked 0 reclaim candidate 0 type array 1
[367.357s][debug][gc,humongous      ] GC(33008) Humongous region 1898 (object size 1048592 @ 0x00000000f6a00000) remset 0 code roots 0 marked 0 reclaim candidate 0 type array 1
[367.357s][debug][gc,humongous      ] GC(33008) Humongous region 798 (object size 1048592 @ 0x00000000b1e00000) remset 0 code roots 0 marked 0 reclaim candidate 0 type array 1
[367.357s][debug][gc,humongous      ] GC(33008) Humongous region 1900 (object size 1048592 @ 0x00000000f6c00000) remset 0 code roots 0 marked 0 reclaim candidate 0 type array 1
[367.357s][debug][gc,humongous      ] GC(33008) Humongous region 1902 (object size 1048592 @ 0x00000000f6e00000) remset 0 code roots 0 marked 0 reclaim candidate 0 type array 1
[367.357s][debug][gc,humongous      ] GC(33008) Humongous region 19 (object size 1048592 @ 0x0000000081300000) remset 0 code roots 0 marked 0 reclaim candidate 0 type array 1
[367.357s][debug][gc,humongous      ] GC(33008) Humongous region 1115 (object size 1048592 @ 0x00000000c5b00000) remset 0 code roots 0 marked 0 reclaim candidate 0 type array 1
[367.358s][debug][gc,humongous      ] GC(33008) Humongous region 21 (object size 1048592 @ 0x0000000081500000) remset 0 code roots 0 marked 0 reclaim candidate 0 type array 1
[367.357s][debug][gc,humongous      ] GC(33008) Humongous region 1740 (object size 1048592 @ 0x00000000ecc00000) remset 0 code roots 0 marked 0 reclaim candidate 0 type array 1
[367.357s][debug][gc,humongous      ] GC(33008) Humongous region 481 (object size 1048592 @ 0x000000009e100000) remset 0 code roots 0 marked 0 reclaim candidate 0 type array 1
[367.358s][debug][gc,humongous      ] GC(33008) Humongous region 1742 (object size 1048592 @ 0x00000000ece00000) remset 0 code roots 0 marked 0 reclaim candidate 0 type array 1
[367.357s][debug][gc,humongous      ] GC(33008) Humongous region 1423 (object size 1048592 @ 0x00000000d8f00000) remset 0 code roots 0 marked 0 reclaim candidate 0 type array 1
[367.357s][debug][gc,humongous      ] GC(33008) Humongous region 1276 (object size 1048592 @ 0x00000000cfc00000) remset 0 code roots 0 marked 0 reclaim candidate 0 type array 1
[367.358s][debug][gc,humongous      ] GC(33008) Humongous region 1425 (object size 1048592 @ 0x00000000d9100000) remset 0 code roots 0 marked 0 reclaim candidate 0 type array 1
[367.357s][debug][gc,humongous      ] GC(33008) Humongous region 323 (object size 1048592 @ 0x0000000094300000) remset 0 code roots 0 marked 0 reclaim candidate 0 type array 1
[367.357s][debug][gc,humongous      ] GC(33008) Humongous region 800 (object size 1048592 @ 0x00000000b2000000) remset 0 code roots 0 marked 0 reclaim candidate 0 type array 1
[367.357s][debug][gc,humongous      ] GC(33008) Humongous region 1591 (object size 1048592 @ 0x00000000e3700000) remset 0 code roots 0 marked 0 reclaim candidate 0 type array 1
[367.357s][debug][gc,humongous      ] GC(33008) Humongous region 171 (object size 1048592 @ 0x000000008ab00000) remset 0 code roots 0 marked 0 reclaim candidate 0 type array 1
[367.358s][debug][gc,humongous      ] GC(33008) Humongous region 1593 (object size 1048592 @ 0x00000000e3900000) remset 0 code roots 0 marked 0 reclaim candidate 0 type array 1
[367.358s][debug][gc,humongous      ] GC(33008) Humongous region 1117 (object size 1048592 @ 0x00000000c5d00000) remset 0 code roots 0 marked 0 reclaim candidate 0 type array 1
[367.358s][debug][gc,humongous      ] GC(33008) Humongous region 23 (object size 1048592 @ 0x0000000081700000) remset 0 code roots 0 marked 0 reclaim candidate 0 type array 1
[367.358s][debug][gc,humongous      ] GC(33008) Humongous region 1119 (object size 1048592 @ 0x00000000c5f00000) remset 0 code roots 0 marked 0 reclaim candidate 0 type array 1
[367.358s][debug][gc,humongous      ] GC(33008) Humongous region 1121 (object size 1048592 @ 0x00000000c6100000) remset 0 code roots 0 marked 0 reclaim candidate 0 type array 1
[367.358s][debug][gc,humongous      ] GC(33008) Humongous region 1744 (object size 1048592 @ 0x00000000ed000000) remset 0 code roots 0 marked 0 reclaim candidate 0 type array 1
[367.358s][debug][gc,humongous      ] GC(33008) Humongous region 1123 (object size 1048592 @ 0x00000000c6300000) remset 0 code roots 0 marked 0 reclaim candidate 0 type array 1
[367.358s][debug][gc,humongous      ] GC(33008) Humongous region 1278 (object size 1048592 @ 0x00000000cfe00000) remset 0 code roots 0 marked 0 reclaim candidate 0 type array 1
[367.358s][debug][gc,humongous      ] GC(33008) Humongous region 1125 (object size 1048592 @ 0x00000000c6500000) remset 0 code roots 0 marked 0 reclaim candidate 0 type array 1
[367.358s][debug][gc,humongous      ] GC(33008) Humongous region 1282 (object size 1048592 @ 0x00000000d0200000) remset 0 code roots 0 marked 0 reclaim candidate 0 type array 1
[367.358s][debug][gc,humongous      ] GC(33008) Humongous region 802 (object size 1048592 @ 0x00000000b2200000) remset 0 code roots 0 marked 0 reclaim candidate 0 type array 1
[367.358s][debug][gc,humongous      ] GC(33008) Humongous region 1284 (object size 1048592 @ 0x00000000d0400000) remset 0 code roots 0 marked 0 reclaim candidate 0 type array 1
[367.358s][debug][gc,humongous      ] GC(33008) Humongous region 173 (object size 1048592 @ 0x000000008ad00000) remset 0 code roots 0 marked 0 reclaim candidate 0 type array 1
[367.358s][debug][gc,humongous      ] GC(33008) Humongous region 1595 (object size 1048592 @ 0x00000000e3b00000) remset 0 code roots 0 marked 0 reclaim candidate 0 type array 1
[367.357s][debug][gc,humongous      ] GC(33008) Humongous region 953 (object size 1048592 @ 0x00000000bb900000) remset 0 code roots 0 marked 0 reclaim candidate 0 type array 1
[367.358s][debug][gc,humongous      ] GC(33008) Humongous region 25 (object size 1048592 @ 0x0000000081900000) remset 0 code roots 0 marked 0 reclaim candidate 0 type array 1
[367.358s][debug][gc,humongous      ] GC(33008) Humongous region 483 (object size 1048592 @ 0x000000009e300000) remset 0 code roots 0 marked 0 reclaim candidate 0 type array 1
[367.357s][debug][gc,humongous      ] GC(33008) Humongous region 648 (object size 1048592 @ 0x00000000a8800000) remset 0 code roots 0 marked 0 reclaim candidate 0 type array 1
[367.358s][debug][gc,humongous      ] GC(33008) Humongous region 1427 (object size 1048592 @ 0x00000000d9300000) remset 0 code roots 0 marked 0 reclaim candidate 0 type array 1
[367.358s][debug][gc,humongous      ] GC(33008) Humongous region 650 (object size 1048592 @ 0x00000000a8a00000) remset 0 code roots 0 marked 0 reclaim candidate 0 type array 1
[367.358s][debug][gc,humongous      ] GC(33008) Humongous region 1127 (object size 1048592 @ 0x00000000c6700000) remset 0 code roots 0 marked 0 reclaim candidate 0 type array 1
[367.358s][debug][gc,humongous      ] GC(33008) Humongous region 325 (object size 1048592 @ 0x0000000094500000) remset 0 code roots 0 marked 0 reclaim candidate 0 type array 1
[367.358s][debug][gc,humongous      ] GC(33008) Humongous region 1129 (object size 1048592 @ 0x00000000c6900000) remset 0 code roots 0 marked 0 reclaim candidate 0 type array 1
[367.358s][debug][gc,humongous      ] GC(33008) Humongous region 327 (object size 1048592 @ 0x0000000094700000) remset 0 code roots 0 marked 0 reclaim candidate 0 type array 1
[367.358s][debug][gc,humongous      ] GC(33008) Humongous region 1131 (object size 1048592 @ 0x00000000c6b00000) remset 0 code roots 0 marked 0 reclaim candidate 0 type array 1
[367.358s][debug][gc,humongous      ] GC(33008) Humongous region 329 (object size 1048592 @ 0x0000000094900000) remset 0 code roots 0 marked 0 reclaim candidate 0 type array 1
[367.358s][debug][gc,humongous      ] GC(33008) Humongous region 1597 (object size 1048592 @ 0x00000000e3d00000) remset 0 code roots 0 marked 0 reclaim candidate 0 type array 1
[367.358s][debug][gc,humongous      ] GC(33008) Humongous region 331 (object size 1048592 @ 0x0000000094b00000) remset 0 code roots 0 marked 0 reclaim candidate 0 type array 1
[367.358s][debug][gc,humongous      ] GC(33008) Humongous region 27 (object size 1048592 @ 0x0000000081b00000) remset 0 code roots 0 marked 0 reclaim candidate 0 type array 1
[367.358s][debug][gc,humongous      ] GC(33008) Humongous region 333 (object size 1048592 @ 0x0000000094d00000) remset 0 code roots 0 marked 0 reclaim candidate 0 type array 1
[367.358s][debug][gc,humongous      ] GC(33008) Humongous region 485 (object size 1048592 @ 0x000000009e500000) remset 0 code roots 0 marked 0 reclaim candidate 0 type array 1
[367.358s][debug][gc,humongous      ] GC(33008) Humongous region 335 (object size 1048592 @ 0x0000000094f00000) remset 0 code roots 0 marked 0 reclaim candidate 0 type array 1
[367.358s][debug][gc,humongous      ] GC(33008) Humongous region 487 (object size 1048592 @ 0x000000009e700000) remset 0 code roots 0 marked 0 reclaim candidate 0 type array 1
[367.358s][debug][gc,humongous      ] GC(33008) Humongous region 804 (object size 1048592 @ 0x00000000b2400000) remset 0 code roots 0 marked 0 reclaim candidate 0 type array 1
[367.358s][debug][gc,humongous      ] GC(33008) Humongous region 489 (object size 1048592 @ 0x000000009e900000) remset 0 code roots 0 marked 0 reclaim candidate 0 type array 1
[367.358s][debug][gc,humongous      ] GC(33008) Humongous region 652 (object size 1048592 @ 0x00000000a8c00000) remset 0 code roots 0 marked 0 reclaim candidate 0 type array 1
[367.358s][debug][gc,humongous      ] GC(33008) Humongous region 175 (object size 1048592 @ 0x000000008af00000) remset 0 code roots 0 marked 0 reclaim candidate 0 type array 1
[367.358s][debug][gc,humongous      ] GC(33008) Humongous region 654 (object size 1048592 @ 0x00000000a8e00000) remset 0 code roots 0 marked 0 reclaim candidate 0 type array 1
[367.358s][debug][gc,humongous      ] GC(33008) Humongous region 656 (object size 1048592 @ 0x00000000a9000000) remset 0 code roots 0 marked 0 reclaim candidate 0 type array 1
[367.358s][debug][gc,humongous      ] GC(33008) Humongous region 1746 (object size 1048592 @ 0x00000000ed200000) remset 0 code roots 0 marked 0 reclaim candidate 0 type array 1
[367.358s][debug][gc,humongous      ] GC(33008) Humongous region 29 (object size 1048592 @ 0x0000000081d00000) remset 0 code roots 0 marked 0 reclaim candidate 0 type array 1
[367.358s][debug][gc,humongous      ] GC(33008) Humongous region 337 (object size 1048592 @ 0x0000000095100000) remset 0 code roots 0 marked 0 reclaim candidate 0 type array 1
[367.358s][debug][gc,humongous      ] GC(33008) Humongous region 31 (object size 1048592 @ 0x0000000081f00000) remset 0 code roots 0 marked 0 reclaim candidate 0 type array 1
[367.358s][debug][gc,humongous      ] GC(33008) Humongous region 1904 (object size 1048592 @ 0x00000000f7000000) remset 0 code roots 0 marked 0 reclaim candidate 0 type array 1
[367.358s][debug][gc,humongous      ] GC(33008) Humongous region 1133 (object size 1048592 @ 0x00000000c6d00000) remset 0 code roots 0 marked 0 reclaim candidate 0 type array 1
[367.358s][debug][gc,humongous      ] GC(33008) Humongous region 1429 (object size 1048592 @ 0x00000000d9500000) remset 0 code roots 0 marked 0 reclaim candidate 0 type array 1
[367.358s][debug][gc,humongous      ] GC(33008) Humongous region 806 (object size 1048592 @ 0x00000000b2600000) remset 0 code roots 0 marked 0 reclaim candidate 0 type array 1
[367.358s][debug][gc,humongous      ] GC(33008) Humongous region 1286 (object size 1048592 @ 0x00000000d0600000) remset 0 code roots 0 marked 0 reclaim candidate 0 type array 1
[367.358s][debug][gc,humongous      ] GC(33008) Humongous region 491 (object size 1048592 @ 0x000000009eb00000) remset 0 code roots 0 marked 0 reclaim candidate 0 type array 1
[367.358s][debug][gc,humongous      ] GC(33008) Humongous region 1288 (object size 1048592 @ 0x00000000d0800000) remset 0 code roots 0 marked 0 reclaim candidate 0 type array 1
[367.358s][debug][gc,humongous      ] GC(33008) Humongous region 493 (object size 1048592 @ 0x000000009ed00000) remset 0 code roots 0 marked 0 reclaim candidate 0 type array 1
[367.358s][debug][gc,humongous      ] GC(33008) Humongous region 955 (object size 1048592 @ 0x00000000bbb00000) remset 0 code roots 0 marked 0 reclaim candidate 0 type array 1
[367.358s][debug][gc,humongous      ] GC(33008) Humongous region 495 (object size 1048592 @ 0x000000009ef00000) remset 0 code roots 0 marked 0 reclaim candidate 0 type array 1
[367.358s][debug][gc,humongous      ] GC(33008) Humongous region 957 (object size 1048592 @ 0x00000000bbd00000) remset 0 code roots 0 marked 0 reclaim candidate 0 type array 1
[367.358s][debug][gc,humongous      ] GC(33008) Humongous region 658 (object size 1048592 @ 0x00000000a9200000) remset 0 code roots 0 marked 0 reclaim candidate 0 type array 1
[367.358s][debug][gc,humongous      ] GC(33008) Humongous region 33 (object size 1048592 @ 0x0000000082100000) remset 0 code roots 0 marked 0 reclaim candidate 0 type array 1
[367.358s][debug][gc,humongous      ] GC(33008) Humongous region 1906 (object size 1048592 @ 0x00000000f7200000) remset 0 code roots 0 marked 0 reclaim candidate 0 type array 1
[367.358s][debug][gc,humongous      ] GC(33008) Humongous region 1135 (object size 1048592 @ 0x00000000c6f00000) remset 0 code roots 0 marked 0 reclaim candidate 0 type array 1
[367.358s][debug][gc,humongous      ] GC(33008) Humongous region 1431 (object size 1048592 @ 0x00000000d9700000) remset 0 code roots 0 marked 0 reclaim candidate 0 type array 1
[367.358s][debug][gc,humongous      ] GC(33008) Humongous region 808 (object size 1048592 @ 0x00000000b2800000) remset 0 code roots 0 marked 0 reclaim candidate 0 type array 1
[367.358s][debug][gc,humongous      ] GC(33008) Humongous region 177 (object size 1048592 @ 0x000000008b100000) remset 0 code roots 0 marked 0 reclaim candidate 0 type array 1
[367.358s][debug][gc,humongous      ] GC(33008) Humongous region 1599 (object size 1048592 @ 0x00000000e3f00000) remset 0 code roots 0 marked 0 reclaim candidate 0 type array 1
[367.358s][debug][gc,humongous      ] GC(33008) Humongous region 1290 (object size 1048592 @ 0x00000000d0a00000) remset 0 code roots 0 marked 0 reclaim candidate 0 type array 1
[367.358s][debug][gc,humongous      ] GC(33008) Humongous region 339 (object size 1048592 @ 0x0000000095300000) remset 0 code roots 0 marked 0 reclaim candidate 0 type array 1
[367.358s][debug][gc,humongous      ] GC(33008) Humongous region 497 (object size 1048592 @ 0x000000009f100000) remset 0 code roots 0 marked 0 reclaim candidate 0 type array 1
[367.358s][debug][gc,humongous      ] GC(33008) Humongous region 341 (object size 1048592 @ 0x0000000095500000) remset 0 code roots 0 marked 0 reclaim candidate 0 type array 1
[367.358s][debug][gc,humongous      ] GC(33008) Humongous region 499 (object size 1048592 @ 0x000000009f300000) remset 0 code roots 0 marked 0 reclaim candidate 0 type array 1
[367.358s][debug][gc,humongous      ] GC(33008) Humongous region 660 (object size 1048592 @ 0x00000000a9400000) remset 0 code roots 0 marked 0 reclaim candidate 0 type array 1
[367.358s][debug][gc,humongous      ] GC(33008) Humongous region 35 (object size 1048592 @ 0x0000000082300000) remset 0 code roots 0 marked 0 reclaim candidate 0 type array 1
[367.358s][debug][gc,humongous      ] GC(33008) Humongous region 662 (object size 1048592 @ 0x00000000a9600000) remset 0 code roots 0 marked 0 reclaim candidate 0 type array 1
[367.358s][debug][gc,humongous      ] GC(33008) Humongous region 37 (object size 1048592 @ 0x0000000082500000) remset 0 code roots 0 marked 0 reclaim candidate 0 type array 1
[367.358s][debug][gc,humongous      ] GC(33008) Humongous region 1433 (object size 1048592 @ 0x00000000d9900000) remset 0 code roots 0 marked 0 reclaim candidate 0 type array 1
[367.358s][debug][gc,humongous      ] GC(33008) Humongous region 39 (object size 1048592 @ 0x0000000082700000) remset 0 code roots 0 marked 0 reclaim candidate 0 type array 1
[367.359s][debug][gc,humongous      ] GC(33008) Humongous region 41 (object size 1048592 @ 0x0000000082900000) remset 0 code roots 0 marked 0 reclaim candidate 0 type array 1
[367.358s][debug][gc,humongous      ] GC(33008) Humongous region 1601 (object size 1048592 @ 0x00000000e4100000) remset 0 code roots 0 marked 0 reclaim candidate 0 type array 1
[367.359s][debug][gc,humongous      ] GC(33008) Humongous region 43 (object size 1048592 @ 0x0000000082b00000) remset 0 code roots 0 marked 0 reclaim candidate 0 type array 1
[367.359s][debug][gc,humongous      ] GC(33008) Humongous region 1603 (object size 1048592 @ 0x00000000e4300000) remset 0 code roots 0 marked 0 reclaim candidate 0 type array 1
[367.358s][debug][gc,humongous      ] GC(33008) Humongous region 343 (object size 1048592 @ 0x0000000095700000) remset 0 code roots 0 marked 0 reclaim candidate 0 type array 1
[367.359s][debug][gc,humongous      ] GC(33008) Humongous region 1605 (object size 1048592 @ 0x00000000e4500000) remset 0 code roots 0 marked 0 reclaim candidate 0 type array 1
[367.359s][debug][gc,humongous      ] GC(33008) Humongous region 345 (object size 1048592 @ 0x0000000095900000) remset 0 code roots 0 marked 0 reclaim candidate 0 type array 1
[367.358s][debug][gc,humongous      ] GC(33008) Humongous region 1908 (object size 1048592 @ 0x00000000f7400000) remset 0 code roots 0 marked 0 reclaim candidate 0 type array 1
[367.359s][debug][gc,humongous      ] GC(33008) Humongous region 349 (object size 1048592 @ 0x0000000095d00000) remset 0 code roots 0 marked 0 reclaim candidate 0 type array 1
[367.359s][debug][gc,humongous      ] GC(33008) Humongous region 1910 (object size 1048592 @ 0x00000000f7600000) remset 0 code roots 0 marked 0 reclaim candidate 0 type array 1
[367.359s][debug][gc,humongous      ] GC(33008) Humongous region 353 (object size 1048592 @ 0x0000000096100000) remset 0 code roots 0 marked 0 reclaim candidate 0 type array 1
[367.359s][debug][gc,humongous      ] GC(33008) Humongous region 1435 (object size 1048592 @ 0x00000000d9b00000) remset 0 code roots 0 marked 0 reclaim candidate 0 type array 1
[367.358s][debug][gc,humongous      ] GC(33008) Humongous region 1292 (object size 1048592 @ 0x00000000d0c00000) remset 0 code roots 0 marked 0 reclaim candidate 0 type array 1
[367.358s][debug][gc,humongous      ] GC(33008) Humongous region 810 (object size 1048592 @ 0x00000000b2a00000) remset 0 code roots 0 marked 0 reclaim candidate 0 type array 1
[367.359s][debug][gc,humongous      ] GC(33008) Humongous region 812 (object size 1048592 @ 0x00000000b2c00000) remset 0 code roots 0 marked 0 reclaim candidate 0 type array 1
[367.359s][debug][gc,humongous      ] GC(33008) Humongous region 816 (object size 1048592 @ 0x00000000b3000000) remset 0 code roots 0 marked 0 reclaim candidate 0 type array 1
[367.359s][debug][gc,humongous      ] GC(33008) Humongous region 1607 (object size 1048592 @ 0x00000000e4700000) remset 0 code roots 0 marked 0 reclaim candidate 0 type array 1
[367.359s][debug][gc,humongous      ] GC(33008) Humongous region 818 (object size 1048592 @ 0x00000000b3200000) remset 0 code roots 0 marked 0 reclaim candidate 0 type array 1
[367.359s][debug][gc,humongous      ] GC(33008) Humongous region 1609 (object size 1048592 @ 0x00000000e4900000) remset 0 code roots 0 marked 0 reclaim candidate 0 type array 1
[367.359s][debug][gc,humongous      ] GC(33008) Humongous region 820 (object size 1048592 @ 0x00000000b3400000) remset 0 code roots 0 marked 0 reclaim candidate 0 type array 1
[367.358s][debug][gc,humongous      ] GC(33008) Humongous region 179 (object size 1048592 @ 0x000000008b300000) remset 0 code roots 0 marked 0 reclaim candidate 0 type array 1
[367.359s][debug][gc,humongous      ] GC(33008) Humongous region 1912 (object size 1048592 @ 0x00000000f7800000) remset 0 code roots 0 marked 0 reclaim candidate 0 type array 1
[367.359s][debug][gc,humongous      ] GC(33008) Humongous region 181 (object size 1048592 @ 0x000000008b500000) remset 0 code roots 0 marked 0 reclaim candidate 0 type array 1
[367.358s][debug][gc,humongous      ] GC(33008) Humongous region 665 (object size 1048592 @ 0x00000000a9900000) remset 0 code roots 0 marked 0 reclaim candidate 0 type array 1
[367.359s][debug][gc,humongous      ] GC(33008) Humongous region 183 (object size 1048592 @ 0x000000008b700000) remset 0 code roots 0 marked 0 reclaim candidate 0 type array 1
[367.358s][debug][gc,humongous      ] GC(33008) Humongous region 959 (object size 1048592 @ 0x00000000bbf00000) remset 0 code roots 0 marked 0 reclaim candidate 0 type array 1
[367.359s][debug][gc,humongous      ] GC(33008) Humongous region 1294 (object size 1048592 @ 0x00000000d0e00000) remset 0 code roots 0 marked 0 reclaim candidate 0 type array 1
[367.359s][debug][gc,humongous      ] GC(33008) Humongous region 45 (object size 1048592 @ 0x0000000082d00000) remset 0 code roots 0 marked 0 reclaim candidate 0 type array 1
[367.358s][debug][gc,humongous      ] GC(33008) Humongous region 501 (object size 1048592 @ 0x000000009f500000) remset 0 code roots 0 marked 0 reclaim candidate 0 type array 1
[367.359s][debug][gc,humongous      ] GC(33008) Humongous region 47 (object size 1048592 @ 0x0000000082f00000) remset 0 code roots 0 marked 0 reclaim candidate 0 type array 1
[367.359s][debug][gc,humongous      ] GC(33008) Humongous region 503 (object size 1048592 @ 0x000000009f700000) remset 0 code roots 0 marked 0 reclaim candidate 0 type array 1
[367.359s][debug][gc,humongous      ] GC(33008) Humongous region 1611 (object size 1048592 @ 0x00000000e4b00000) remset 0 code roots 0 marked 0 reclaim candidate 0 type array 1
[367.359s][debug][gc,humongous      ] GC(33008) Humongous region 822 (object size 1048592 @ 0x00000000b3600000) remset 0 code roots 0 marked 0 reclaim candidate 0 type array 1
[367.359s][debug][gc,humongous      ] GC(33008) Humongous region 1613 (object size 1048592 @ 0x00000000e4d00000) remset 0 code roots 0 marked 0 reclaim candidate 0 type array 1
[367.359s][debug][gc,humongous      ] GC(33008) Humongous region 1914 (object size 1048592 @ 0x00000000f7a00000) remset 0 code roots 0 marked 0 reclaim candidate 0 type array 1
[367.359s][debug][gc,humongous      ] GC(33008) Humongous region 1437 (object size 1048592 @ 0x00000000d9d00000) remset 0 code roots 0 marked 0 reclaim candidate 0 type array 1
[367.359s][debug][gc,humongous      ] GC(33008) Humongous region 667 (object size 1048592 @ 0x00000000a9b00000) remset 0 code roots 0 marked 0 reclaim candidate 0 type array 1
[367.359s][debug][gc,humongous      ] GC(33008) Humongous region 185 (object size 1048592 @ 0x000000008b900000) remset 0 code roots 0 marked 0 reclaim candidate 0 type array 1
[367.359s][debug][gc,humongous      ] GC(33008) Humongous region 1296 (object size 1048592 @ 0x00000000d1000000) remset 0 code roots 0 marked 0 reclaim candidate 0 type array 1
[367.359s][debug][gc,humongous      ] GC(33008) Humongous region 187 (object size 1048592 @ 0x000000008bb00000) remset 0 code roots 0 marked 0 reclaim candidate 0 type array 1
[367.358s][debug][gc,humongous      ] GC(33008) Humongous region 1748 (object size 1048592 @ 0x00000000ed400000) remset 0 code roots 0 marked 0 reclaim candidate 0 type array 1
[367.358s][debug][gc,humongous      ] GC(33008) Humongous region 1137 (object size 1048592 @ 0x00000000c7100000) remset 0 code roots 0 marked 0 reclaim candidate 0 type array 1
[367.359s][debug][gc,humongous      ] GC(33008) Humongous region 189 (object size 1048592 @ 0x000000008bd00000) remset 0 code roots 0 marked 0 reclaim candidate 0 type array 1
[367.359s][debug][gc,humongous      ] GC(33008) Humongous region 505 (object size 1048592 @ 0x000000009f900000) remset 0 code roots 0 marked 0 reclaim candidate 0 type array 1
[367.359s][debug][gc,humongous      ] GC(33008) Humongous region 355 (object size 1048592 @ 0x0000000096300000) remset 0 code roots 0 marked 0 reclaim candidate 0 type array 1
[367.359s][debug][gc,humongous      ] GC(33008) Humongous region 824 (object size 1048592 @ 0x00000000b3800000) remset 0 code roots 0 marked 0 reclaim candidate 0 type array 1
[367.359s][debug][gc,humongous      ] GC(33008) Humongous region 1615 (object size 1048592 @ 0x00000000e4f00000) remset 0 code roots 0 marked 0 reclaim candidate 0 type array 1
[367.359s][debug][gc,humongous      ] GC(33008) Humongous region 1916 (object size 1048592 @ 0x00000000f7c00000) remset 0 code roots 0 marked 0 reclaim candidate 0 type array 1
[367.359s][debug][gc,humongous      ] GC(33008) Humongous region 1439 (object size 1048592 @ 0x00000000d9f00000) remset 0 code roots 0 marked 0 reclaim candidate 0 type array 1
[367.359s][debug][gc,humongous      ] GC(33008) Humongous region 961 (object size 1048592 @ 0x00000000bc100000) remset 0 code roots 0 marked 0 reclaim candidate 0 type array 1
[367.359s][debug][gc,humongous      ] GC(33008) Humongous region 669 (object size 1048592 @ 0x00000000a9d00000) remset 0 code roots 0 marked 0 reclaim candidate 0 type array 1
[367.359s][debug][gc,humongous      ] GC(33008) Humongous region 1298 (object size 1048592 @ 0x00000000d1200000) remset 0 code roots 0 marked 0 reclaim candidate 0 type array 1
[367.359s][debug][gc,humongous      ] GC(33008) Humongous region 671 (object size 1048592 @ 0x00000000a9f00000) remset 0 code roots 0 marked 0 reclaim candidate 0 type array 1
[367.359s][debug][gc,humongous      ] GC(33008) Humongous region 1300 (object size 1048592 @ 0x00000000d1400000) remset 0 code roots 0 marked 0 reclaim candidate 0 type array 1
[367.359s][debug][gc,humongous      ] GC(33008) Humongous region 673 (object size 1048592 @ 0x00000000aa100000) remset 0 code roots 0 marked 0 reclaim candidate 0 type array 1
[367.359s][debug][gc,humongous      ] GC(33008) Humongous region 191 (object size 1048592 @ 0x000000008bf00000) remset 0 code roots 0 marked 0 reclaim candidate 0 type array 1
[367.359s][debug][gc,humongous      ] GC(33008) Humongous region 507 (object size 1048592 @ 0x000000009fb00000) remset 0 code roots 0 marked 0 reclaim candidate 0 type array 1
[367.359s][debug][gc,humongous      ] GC(33008) Humongous region 357 (object size 1048592 @ 0x0000000096500000) remset 0 code roots 0 marked 0 reclaim candidate 0 type array 1
[367.359s][debug][gc,humongous      ] GC(33008) Humongous region 826 (object size 1048592 @ 0x00000000b3a00000) remset 0 code roots 0 marked 0 reclaim candidate 0 type array 1
[367.359s][debug][gc,humongous      ] GC(33008) Humongous region 1617 (object size 1048592 @ 0x00000000e5100000) remset 0 code roots 0 marked 0 reclaim candidate 0 type array 1
[367.359s][debug][gc,humongous      ] GC(33008) Humongous region 828 (object size 1048592 @ 0x00000000b3c00000) remset 0 code roots 0 marked 0 reclaim candidate 0 type array 1
[367.359s][debug][gc,humongous      ] GC(33008) Humongous region 830 (object size 1048592 @ 0x00000000b3e00000) remset 0 code roots 0 marked 0 reclaim candidate 0 type array 1
[367.359s][debug][gc,humongous      ] GC(33008) Humongous region 832 (object size 1048592 @ 0x00000000b4000000) remset 0 code roots 0 marked 0 reclaim candidate 0 type array 1
[367.359s][debug][gc,humongous      ] GC(33008) Humongous region 49 (object size 1048592 @ 0x0000000083100000) remset 0 code roots 0 marked 0 reclaim candidate 0 type array 1
[367.359s][debug][gc,humongous      ] GC(33008) Humongous region 51 (object size 1048592 @ 0x0000000083300000) remset 0 code roots 0 marked 0 reclaim candidate 0 type array 1
[367.359s][debug][gc,humongous      ] GC(33008) Humongous region 53 (object size 1048592 @ 0x0000000083500000) remset 0 code roots 0 marked 0 reclaim candidate 0 type array 1
[367.359s][debug][gc,humongous      ] GC(33008) Humongous region 675 (object size 1048592 @ 0x00000000aa300000) remset 0 code roots 0 marked 0 reclaim candidate 0 type array 1
[367.359s][debug][gc,humongous      ] GC(33008) Humongous region 56 (object size 1048592 @ 0x0000000083800000) remset 0 code roots 0 marked 0 reclaim candidate 0 type array 1
[367.359s][debug][gc,humongous      ] GC(33008) Humongous region 677 (object size 1048592 @ 0x00000000aa500000) remset 0 code roots 0 marked 0 reclaim candidate 0 type array 1
[367.359s][debug][gc,humongous      ] GC(33008) Humongous region 509 (object size 1048592 @ 0x000000009fd00000) remset 0 code roots 0 marked 0 reclaim candidate 0 type array 1
[367.359s][debug][gc,humongous      ] GC(33008) Humongous region 1918 (object size 1048592 @ 0x00000000f7e00000) remset 0 code roots 0 marked 0 reclaim candidate 0 type array 1
[367.359s][debug][gc,humongous      ] GC(33008) Humongous region 511 (object size 1048592 @ 0x000000009ff00000) remset 0 code roots 0 marked 0 reclaim candidate 0 type array 1
[367.359s][debug][gc,humongous      ] GC(33008) Humongous region 1920 (object size 1048592 @ 0x00000000f8000000) remset 0 code roots 0 marked 0 reclaim candidate 0 type array 1
[367.359s][debug][gc,humongous      ] GC(33008) Humongous region 513 (object size 1048592 @ 0x00000000a0100000) remset 0 code roots 0 marked 0 reclaim candidate 0 type array 1
[367.359s][debug][gc,humongous      ] GC(33008) Humongous region 963 (object size 1048592 @ 0x00000000bc300000) remset 0 code roots 0 marked 0 reclaim candidate 0 type array 1
[367.359s][debug][gc,humongous      ] GC(33008) Humongous region 515 (object size 1048592 @ 0x00000000a0300000) remset 0 code roots 0 marked 0 reclaim candidate 0 type array 1
[367.359s][debug][gc,humongous      ] GC(33008) Humongous region 834 (object size 1048592 @ 0x00000000b4200000) remset 0 code roots 0 marked 0 reclaim candidate 0 type array 1
[367.359s][debug][gc,humongous      ] GC(33008) Humongous region 1302 (object size 1048592 @ 0x00000000d1600000) remset 0 code roots 0 marked 0 reclaim candidate 0 type array 1
[367.359s][debug][gc,humongous      ] GC(33008) Humongous region 1139 (object size 1048592 @ 0x00000000c7300000) remset 0 code roots 0 marked 0 reclaim candidate 0 type array 1
[367.359s][debug][gc,humongous      ] GC(33008) Humongous region 193 (object size 1048592 @ 0x000000008c100000) remset 0 code roots 0 marked 0 reclaim candidate 0 type array 1
[367.359s][debug][gc,humongous      ] GC(33008) Humongous region 58 (object size 1048592 @ 0x0000000083a00000) remset 0 code roots 0 marked 0 reclaim candidate 0 type array 1
[367.360s][debug][gc,humongous      ] GC(33008) Humongous region 195 (object size 1048592 @ 0x000000008c300000) remset 0 code roots 0 marked 0 reclaim candidate 0 type array 1
[367.359s][debug][gc,humongous      ] GC(33008) Humongous region 679 (object size 1048592 @ 0x00000000aa700000) remset 0 code roots 0 marked 0 reclaim candidate 0 type array 1
[367.359s][debug][gc,humongous      ] GC(33008) Humongous region 1441 (object size 1048592 @ 0x00000000da100000) remset 0 code roots 0 marked 0 reclaim candidate 0 type array 1
[367.359s][debug][gc,humongous      ] GC(33008) Humongous region 1922 (object size 1048592 @ 0x00000000f8200000) remset 0 code roots 0 marked 0 reclaim candidate 0 type array 1
[367.360s][debug][gc,humongous      ] GC(33008) Humongous region 1443 (object size 1048592 @ 0x00000000da300000) remset 0 code roots 0 marked 0 reclaim candidate 0 type array 1
[367.359s][debug][gc,humongous      ] GC(33008) Humongous region 1750 (object size 1048592 @ 0x00000000ed600000) remset 0 code roots 0 marked 0 reclaim candidate 0 type array 1
[367.360s][debug][gc,humongous      ] GC(33008) Humongous region 1445 (object size 1048592 @ 0x00000000da500000) remset 0 code roots 0 marked 0 reclaim candidate 0 type array 1
[367.359s][debug][gc,humongous      ] GC(33008) Humongous region 517 (object size 1048592 @ 0x00000000a0500000) remset 0 code roots 0 marked 0 reclaim candidate 0 type array 1
[367.360s][debug][gc,humongous      ] GC(33008) Humongous region 1447 (object size 1048592 @ 0x00000000da700000) remset 0 code roots 0 marked 0 reclaim candidate 0 type array 1
[367.359s][debug][gc,humongous      ] GC(33008) Humongous region 1304 (object size 1048592 @ 0x00000000d1800000) remset 0 code roots 0 marked 0 reclaim candidate 0 type array 1
[367.359s][debug][gc,humongous      ] GC(33008) Humongous region 1141 (object size 1048592 @ 0x00000000c7500000) remset 0 code roots 0 marked 0 reclaim candidate 0 type array 1
[367.359s][debug][gc,humongous      ] GC(33008) Humongous region 359 (object size 1048592 @ 0x0000000096700000) remset 0 code roots 0 marked 0 reclaim candidate 0 type array 1
[367.360s][debug][gc,humongous      ] GC(33008) Humongous region 60 (object size 1048592 @ 0x0000000083c00000) remset 0 code roots 0 marked 0 reclaim candidate 0 type array 1
[367.360s][debug][gc,humongous      ] GC(33008) Humongous region 197 (object size 1048592 @ 0x000000008c500000) remset 0 code roots 0 marked 0 reclaim candidate 0 type array 1
[367.360s][debug][gc,humongous      ] GC(33008) Humongous region 681 (object size 1048592 @ 0x00000000aa900000) remset 0 code roots 0 marked 0 reclaim candidate 0 type array 1
[367.360s][debug][gc,humongous      ] GC(33008) Humongous region 199 (object size 1048592 @ 0x000000008c700000) remset 0 code roots 0 marked 0 reclaim candidate 0 type array 1
[367.360s][debug][gc,humongous      ] GC(33008) Humongous region 1924 (object size 1048592 @ 0x00000000f8400000) remset 0 code roots 0 marked 0 reclaim candidate 0 type array 1
[367.359s][debug][gc,humongous      ] GC(33008) Humongous region 965 (object size 1048592 @ 0x00000000bc500000) remset 0 code roots 0 marked 0 reclaim candidate 0 type array 1
[367.360s][debug][gc,humongous      ] GC(33008) Humongous region 1752 (object size 1048592 @ 0x00000000ed800000) remset 0 code roots 0 marked 0 reclaim candidate 0 type array 1
[367.359s][debug][gc,humongous      ] GC(33008) Humongous region 836 (object size 1048592 @ 0x00000000b4400000) remset 0 code roots 0 marked 0 reclaim candidate 0 type array 1
[367.360s][debug][gc,humongous      ] GC(33008) Humongous region 522 (object size 1048592 @ 0x00000000a0a00000) remset 0 code roots 0 marked 0 reclaim candidate 0 type array 1
[367.360s][debug][gc,humongous      ] GC(33008) Humongous region 838 (object size 1048592 @ 0x00000000b4600000) remset 0 code roots 0 marked 0 reclaim candidate 0 type array 1
[367.360s][debug][gc,humongous      ] GC(33008) Humongous region 1307 (object size 1048592 @ 0x00000000d1b00000) remset 0 code roots 0 marked 0 reclaim candidate 0 type array 1
[367.360s][debug][gc,humongous      ] GC(33008) Humongous region 840 (object size 1048592 @ 0x00000000b4800000) remset 0 code roots 0 marked 0 reclaim candidate 0 type array 1
[367.359s][debug][gc,humongous      ] GC(33008) Humongous region 1619 (object size 1048592 @ 0x00000000e5300000) remset 0 code roots 0 marked 0 reclaim candidate 0 type array 1
[367.360s][debug][gc,humongous      ] GC(33008) Humongous region 361 (object size 1048592 @ 0x0000000096900000) remset 0 code roots 0 marked 0 reclaim candidate 0 type array 1
[367.360s][debug][gc,humongous      ] GC(33008) Humongous region 683 (object size 1048592 @ 0x00000000aab00000) remset 0 code roots 0 marked 0 reclaim candidate 0 type array 1
[367.360s][debug][gc,humongous      ] GC(33008) Humongous region 363 (object size 1048592 @ 0x0000000096b00000) remset 0 code roots 0 marked 0 reclaim candidate 0 type array 1
[367.360s][debug][gc,humongous      ] GC(33008) Humongous region 201 (object size 1048592 @ 0x000000008c900000) remset 0 code roots 0 marked 0 reclaim candidate 0 type array 1
[367.360s][debug][gc,humongous      ] GC(33008) Humongous region 685 (object size 1048592 @ 0x00000000aad00000) remset 0 code roots 0 marked 0 reclaim candidate 0 type array 1
[367.360s][debug][gc,humongous      ] GC(33008) Humongous region 967 (object size 1048592 @ 0x00000000bc700000) remset 0 code roots 0 marked 0 reclaim candidate 0 type array 1
[367.360s][debug][gc,humongous      ] GC(33008) Humongous region 1754 (object size 1048592 @ 0x00000000eda00000) remset 0 code roots 0 marked 0 reclaim candidate 0 type array 1
[367.360s][debug][gc,humongous      ] GC(33008) Humongous region 524 (object size 1048592 @ 0x00000000a0c00000) remset 0 code roots 0 marked 0 reclaim candidate 0 type array 1
[367.360s][debug][gc,humongous      ] GC(33008) Humongous region 1756 (object size 1048592 @ 0x00000000edc00000) remset 0 code roots 0 marked 0 reclaim candidate 0 type array 1
[367.360s][debug][gc,humongous      ] GC(33008) Humongous region 1309 (object size 1048592 @ 0x00000000d1d00000) remset 0 code roots 0 marked 0 reclaim candidate 0 type array 1
[367.360s][debug][gc,humongous      ] GC(33008) Humongous region 1311 (object size 1048592 @ 0x00000000d1f00000) remset 0 code roots 0 marked 0 reclaim candidate 0 type array 1
[367.360s][debug][gc,humongous      ] GC(33008) Humongous region 1313 (object size 1048592 @ 0x00000000d2100000) remset 0 code roots 0 marked 0 reclaim candidate 0 type array 1
[367.360s][debug][gc,humongous      ] GC(33008) Humongous region 1449 (object size 1048592 @ 0x00000000da900000) remset 0 code roots 0 marked 0 reclaim candidate 0 type array 1
[367.360s][debug][gc,humongous      ] GC(33008) Humongous region 1451 (object size 1048592 @ 0x00000000dab00000) remset 0 code roots 0 marked 0 reclaim candidate 0 type array 1
[367.360s][debug][gc,humongous      ] GC(33008) Humongous region 1453 (object size 1048592 @ 0x00000000dad00000) remset 0 code roots 0 marked 0 reclaim candidate 0 type array 1
[367.360s][debug][gc,humongous      ] GC(33008) Humongous region 1455 (object size 1048592 @ 0x00000000daf00000) remset 0 code roots 0 marked 0 reclaim candidate 0 type array 1
[367.360s][debug][gc,humongous      ] GC(33008) Humongous region 687 (object size 1048592 @ 0x00000000aaf00000) remset 0 code roots 0 marked 0 reclaim candidate 0 type array 1
[367.360s][debug][gc,humongous      ] GC(33008) Humongous region 1457 (object size 1048592 @ 0x00000000db100000) remset 0 code roots 0 marked 0 reclaim candidate 0 type array 1
[367.360s][debug][gc,humongous      ] GC(33008) Humongous region 969 (object size 1048592 @ 0x00000000bc900000) remset 0 code roots 0 marked 0 reclaim candidate 0 type array 1
[367.360s][debug][gc,humongous      ] GC(33008) Humongous region 1143 (object size 1048592 @ 0x00000000c7700000) remset 0 code roots 0 marked 0 reclaim candidate 0 type array 1
[367.360s][debug][gc,humongous      ] GC(33008) Humongous region 526 (object size 1048592 @ 0x00000000a0e00000) remset 0 code roots 0 marked 0 reclaim candidate 0 type array 1
[367.360s][debug][gc,humongous      ] GC(33008) Humongous region 1758 (object size 1048592 @ 0x00000000ede00000) remset 0 code roots 0 marked 0 reclaim candidate 0 type array 1
[367.360s][debug][gc,humongous      ] GC(33008) Humongous region 1621 (object size 1048592 @ 0x00000000e5500000) remset 0 code roots 0 marked 0 reclaim candidate 0 type array 1
[367.360s][debug][gc,humongous      ] GC(33008) Humongous region 528 (object size 1048592 @ 0x00000000a1000000) remset 0 code roots 0 marked 0 reclaim candidate 0 type array 1
[367.360s][debug][gc,humongous      ] GC(33008) Humongous region 1623 (object size 1048592 @ 0x00000000e5700000) remset 0 code roots 0 marked 0 reclaim candidate 0 type array 1
[367.360s][debug][gc,humongous      ] GC(33008) Humongous region 1926 (object size 1048592 @ 0x00000000f8600000) remset 0 code roots 0 marked 0 reclaim candidate 0 type array 1
[367.360s][debug][gc,humongous      ] GC(33008) Humongous region 1625 (object size 1048592 @ 0x00000000e5900000) remset 0 code roots 0 marked 0 reclaim candidate 0 type array 1
[367.360s][debug][gc,humongous      ] GC(33008) Humongous region 203 (object size 1048592 @ 0x000000008cb00000) remset 0 code roots 0 marked 0 reclaim candidate 0 type array 1
[367.360s][debug][gc,humongous      ] GC(33008) Humongous region 689 (object size 1048592 @ 0x00000000ab100000) remset 0 code roots 0 marked 0 reclaim candidate 0 type array 1
[367.360s][debug][gc,humongous      ] GC(33008) Humongous region 1627 (object size 1048592 @ 0x00000000e5b00000) remset 0 code roots 0 marked 0 reclaim candidate 0 type array 1
