[454.769s][info ][gc,stats       ] 
[454.769s][info ][gc,stats       ] All times are wall-clock times, except per-root-class counters, that are sum over
[454.769s][info ][gc,stats       ] all workers. Dividing the <total> over the root stage time estimates parallelism.
[454.769s][info ][gc,stats       ] 
[454.769s][info ][gc,stats       ] Pause Degenerated GC (G)           1753 us
[454.769s][info ][gc,stats       ] Pause Degenerated GC (N)           1647 us
[454.769s][info ][gc,stats       ]   Degen STW Mark                    541 us, parallelism: 4.88x
[454.769s][info ][gc,stats       ]     DSM: <total>                   2639 us
[454.769s][info ][gc,stats       ]     DSM: Thread Roots               119 us, workers (us):  55,  44,   8,   7,   1,   1,   1,   1, 
[454.769s][info ][gc,stats       ]     DSM: VM Strong Roots              9 us, workers (us):   0,   0,   8,   0,   0,   0,   0,   0, 
[454.769s][info ][gc,stats       ]     DSM: CLDG Roots                  35 us, workers (us):  12,  20,   1,   0,   0,   1,   0,   0, 
[454.769s][info ][gc,stats       ]     DSM: Parallel Mark             2475 us, workers (us): 325, 338, 317, 328, 389, 308, 275, 197, 
[454.769s][info ][gc,stats       ]     System Purge                    398 us
[454.769s][info ][gc,stats       ]       Weak References               131 us, parallelism: 0.01x
[454.769s][info ][gc,stats       ]         WRP: <total>                  2 us
[454.769s][info ][gc,stats       ]         WRP: Weak References          2 us, workers (us):   1,   0,   0,   0,   0,   0,   0,   0, 
[454.769s][info ][gc,stats       ]       Unload Classes                133 us, parallelism: 1.21x
[454.769s][info ][gc,stats       ]         DCU: <total>                161 us
[454.769s][info ][gc,stats       ]         DCU: Unload Code Caches      161 us, workers (us):  60,  46,  27,  21,   7,   0,   0,   0, 
[454.769s][info ][gc,stats       ]       Weak Roots                    116 us, parallelism: 0.18x
[454.769s][info ][gc,stats       ]         DWR: <total>                 21 us
[454.769s][info ][gc,stats       ]         DWR: VM Weak Roots           21 us, workers (us):  14,   3,   0,   1,   0,   1,   0,   1, 
[454.769s][info ][gc,stats       ]       CLDG                           17 us
[454.769s][info ][gc,stats       ]   Update Region States              120 us
[454.769s][info ][gc,stats       ]   Manage GC/TLABs                     2 us
[454.769s][info ][gc,stats       ]   Choose Collection Set              26 us
[454.769s][info ][gc,stats       ]   Rebuild Free Set                   18 us
[454.769s][info ][gc,stats       ]   Cleanup                            92 us
[454.769s][info ][gc,stats       ] 
[454.769s][info ][gc,stats       ] Allocation pacing accrued:
[454.769s][info ][gc,stats       ]       0 of     5 ms (  0.0%): <total>
[454.769s][info ][gc,stats       ]       0 of     5 ms (  0.0%): <average total>
[454.769s][info ][gc,stats       ] 
[454.770s][info ][gc,metaspace   ] Metaspace: 253K(448K)->253K(448K) NonClass: 247K(320K)->247K(320K) Class: 5K(128K)->5K(128K)
[454.770s][info ][gc,ergo        ] Pacer for Idle. Initial: 41943K, Alloc Tax Rate: 1.0x
[454.771s][info ][gc             ] Trigger: Free (9712K) is below minimum threshold (204M)
[454.771s][info ][gc,ergo        ] Free: 9712K, Max: 1024K regular, 8192K humongous, Frag: 12% external, 5% internal; Reserve: 103M, Max: 1024K
[454.771s][info ][gc,start       ] GC(28348) Concurrent reset
[454.771s][info ][gc,task        ] GC(28348) Using 4 of 8 workers for concurrent reset
[454.771s][info ][gc,ergo        ] GC(28348) Pacer for Reset. Non-Taxable: 2048M
[454.771s][info ][gc             ] Failed to allocate Shared, 1024K
[454.771s][info ][gc             ] Cancelling GC: Allocation Failure
[454.773s][info ][gc             ] GC(28348) Concurrent reset 1.928ms
[454.773s][info ][gc,start       ] GC(28348) Pause Init Mark (unload classes)
[454.773s][info ][gc,task        ] GC(28348) Using 8 of 8 workers for init marking
[454.773s][info ][gc,ergo        ] GC(28348) Pacer for Mark. Expected Live: 1834M, Free: 1520K, Non-Taxable: 152K, Alloc Tax Rate: 1510.5x
[454.773s][info ][gc             ] GC(28348) Pause Init Mark (unload classes) 0.150ms
[454.773s][info ][gc,start       ] GC(28348) Concurrent marking roots
[454.773s][info ][gc,task        ] GC(28348) Using 4 of 8 workers for concurrent marking roots
[454.773s][info ][gc             ] GC(28348) Concurrent marking roots 0.159ms
[454.773s][info ][gc,ergo        ] Free: 1520K, Max: 1024K regular, 1024K humongous, Frag: 0% external, 25% internal; Reserve: 103M, Max: 1024K
[454.773s][info ][gc,stats       ] 
[454.773s][info ][gc,stats       ] All times are wall-clock times, except per-root-class counters, that are sum over
[454.773s][info ][gc,stats       ] all workers. Dividing the <total> over the root stage time estimates parallelism.
[454.773s][info ][gc,stats       ] 
[454.773s][info ][gc,stats       ] Concurrent Reset                   1946 us
[454.773s][info ][gc,stats       ] Pause Init Mark (G)                 231 us
[454.773s][info ][gc,stats       ] Pause Init Mark (N)                 157 us
[454.773s][info ][gc,stats       ]   Update Region States              103 us
[454.773s][info ][gc,stats       ] Concurrent Mark Roots               173 us, parallelism: 1.25x
[454.773s][info ][gc,stats       ]   CMR: <total>                      217 us
[454.773s][info ][gc,stats       ]   CMR: Thread Roots                 194 us, workers (us):  63,  69,  62,   0, ---, ---, ---, ---, 
[454.773s][info ][gc,stats       ]   CMR: VM Strong Roots                3 us, workers (us):   2,   0,   0,   0, ---, ---, ---, ---, 
[454.773s][info ][gc,stats       ]   CMR: CLDG Roots                    20 us, workers (us):  20,   1, ---, ---, ---, ---, ---, ---, 
[454.773s][info ][gc,stats       ] 
[454.773s][info ][gc,stats       ] Allocation pacing accrued:
[454.773s][info ][gc,stats       ]       0 of     4 ms (  0.0%): <total>
[454.773s][info ][gc,stats       ]       0 of     4 ms (  0.0%): <average total>
[454.773s][info ][gc,stats       ] 
[454.773s][info ][gc,metaspace   ] Metaspace: 253K(448K)->253K(448K) NonClass: 247K(320K)->247K(320K) Class: 5K(128K)->5K(128K)
[454.773s][info ][gc,ergo        ] Pacer for Idle. Initial: 41943K, Alloc Tax Rate: 1.0x
[454.774s][info ][gc             ] Trigger: Handle Allocation Failure
[454.774s][info ][gc,ergo        ] Free: 1520K, Max: 1024K regular, 1024K humongous, Frag: 0% external, 25% internal; Reserve: 103M, Max: 1024K
[454.774s][info ][gc,start       ] GC(28349) Pause Degenerated GC (Outside of Cycle)
[454.774s][info ][gc,task        ] GC(28349) Using 8 of 8 workers for stw degenerated gc
[454.776s][info ][gc,ref         ] GC(28349) Clearing All SoftReferences
[454.777s][info ][gc,ref         ] GC(28349) Encountered references: Soft: 7, Weak: 34, Final: 0, Phantom: 1
[454.777s][info ][gc,ref         ] GC(28349) Discovered  references: Soft: 4, Weak: 1, Final: 0, Phantom: 1
[454.777s][info ][gc,ref         ] GC(28349) Enqueued    references: Soft: 0, Weak: 0, Final: 0, Phantom: 0
[454.777s][debug][gc,phases,start] GC(28349) ClassLoaderData
[454.777s][debug][gc,phases      ] GC(28349) ClassLoaderData 0.010ms
[454.777s][debug][gc,phases,start] GC(28349) Trigger cleanups
[454.777s][debug][gc,phases      ] GC(28349) Trigger cleanups 0.005ms
[454.777s][info ][gc,ergo        ] GC(28349) Collectable Garbage: 55296K (100%), Immediate: 55296K (100%), CSet: 0B (0%)
[454.778s][info ][gc,ergo        ] GC(28349) Good progress for free space: 109M, need 20971K
[454.778s][info ][gc,ergo        ] GC(28349) Good progress for used space: 55296K, need 1024K
[454.778s][info ][gc             ] GC(28349) Pause Degenerated GC (Outside of Cycle) 1111M->1057M(2048M) 3.263ms
[454.778s][debug][gc,ergo        ] GC(28349) Margin of error now 3.29
[454.778s][debug][gc,ergo        ] GC(28349) Spike threshold now: 0.32
[454.778s][info ][gc,ergo        ] Free: 109M, Max: 1024K regular, 74752K humongous, Frag: 34% external, 0% internal; Reserve: 103M, Max: 1024K
[454.778s][info ][gc,stats       ] 
[454.778s][info ][gc,stats       ] All times are wall-clock times, except per-root-class counters, that are sum over
[454.778s][info ][gc,stats       ] all workers. Dividing the <total> over the root stage time estimates parallelism.
[454.778s][info ][gc,stats       ] 
[454.778s][info ][gc,stats       ] Pause Degenerated GC (G)           3349 us
[454.778s][info ][gc,stats       ] Pause Degenerated GC (N)           3269 us
[454.778s][info ][gc,stats       ]   Degen STW Mark                    525 us, parallelism: 5.30x
[454.778s][info ][gc,stats       ]     DSM: <total>                   2784 us
[454.778s][info ][gc,stats       ]     DSM: Thread Roots                81 us, workers (us):  33,  28,  12,   4,   0,   1,   1,   1, 
[454.778s][info ][gc,stats       ]     DSM: VM Strong Roots              4 us, workers (us):   3,   0,   0,   0,   0,   0,   0,   0, 
[454.778s][info ][gc,stats       ]     DSM: CLDG Roots                  33 us, workers (us):   0,  30,   0,   0,   0,   1,   1,   0, 
[454.778s][info ][gc,stats       ]     DSM: Parallel Mark             2665 us, workers (us): 383, 342, 380, 357, 340, 327, 325, 210, 
[454.778s][info ][gc,stats       ]     System Purge                    459 us
[454.778s][info ][gc,stats       ]       Weak References               138 us, parallelism: 0.01x
[454.778s][info ][gc,stats       ]         WRP: <total>                  2 us
[454.778s][info ][gc,stats       ]         WRP: Weak References          2 us, workers (us):   1,   0,   0,   0,   0,   0,   0,   0, 
[454.778s][info ][gc,stats       ]       Unload Classes                200 us, parallelism: 1.25x
[454.778s][info ][gc,stats       ]         DCU: <total>                250 us
[454.778s][info ][gc,stats       ]         DCU: Unload Code Caches      250 us, workers (us):  61,  61,  53,  45,  30,   0,   0,   0, 
[454.778s][info ][gc,stats       ]       Weak Roots                    119 us, parallelism: 0.33x
[454.778s][info ][gc,stats       ]         DWR: <total>                 40 us
[454.778s][info ][gc,stats       ]         DWR: VM Weak Roots           40 us, workers (us):  32,   3,   1,   1,   0,   0,   1,   1, 
[454.778s][info ][gc,stats       ]       CLDG                            0 us
[454.778s][info ][gc,stats       ]   Update Region States              133 us
[454.778s][info ][gc,stats       ]   Manage GC/TLABs                     2 us
[454.778s][info ][gc,stats       ]   Choose Collection Set              48 us
[454.778s][info ][gc,stats       ]   Rebuild Free Set                   11 us
[454.778s][info ][gc,stats       ]   Cleanup                            88 us
[454.778s][info ][gc,stats       ] 
[454.778s][info ][gc,stats       ] Allocation pacing accrued:
[454.778s][info ][gc,stats       ]       0 of     5 ms (  0.0%): <total>
[454.778s][info ][gc,stats       ]       0 of     5 ms (  0.0%): <average total>
[454.778s][info ][gc,stats       ] 
[454.778s][info ][gc,metaspace   ] Metaspace: 253K(448K)->253K(448K) NonClass: 247K(320K)->247K(320K) Class: 5K(128K)->5K(128K)
[454.778s][info ][gc,ergo        ] Pacer for Idle. Initial: 41943K, Alloc Tax Rate: 1.0x
[454.779s][info ][gc             ] Trigger: Free (74224K) is below minimum threshold (204M)
[454.779s][info ][gc,ergo        ] Free: 72176K, Max: 1024K regular, 47104K humongous, Frag: 35% external, 0% internal; Reserve: 103M, Max: 1024K
[454.779s][info ][gc,start       ] GC(28350) Concurrent reset
[454.779s][info ][gc,task        ] GC(28350) Using 4 of 8 workers for concurrent reset
[454.779s][info ][gc,ergo        ] GC(28350) Pacer for Reset. Non-Taxable: 2048M
[454.782s][info ][gc             ] GC(28350) Concurrent reset 2.721ms
[454.782s][info ][gc,start       ] GC(28350) Pause Init Mark (unload classes)
[454.782s][info ][gc,task        ] GC(28350) Using 8 of 8 workers for init marking
[454.782s][info ][gc,ergo        ] GC(28350) Pacer for Mark. Expected Live: 1855M, Free: 25072K, Non-Taxable: 2507K, Alloc Tax Rate: 92.6x
[454.782s][info ][gc             ] GC(28350) Pause Init Mark (unload classes) 0.153ms
[454.782s][info ][gc,start       ] GC(28350) Concurrent marking roots
[454.782s][info ][gc,task        ] GC(28350) Using 4 of 8 workers for concurrent marking roots
[454.783s][info ][gc             ] GC(28350) Concurrent marking roots 0.172ms
[454.783s][info ][gc,start       ] GC(28350) Concurrent marking (unload classes)
[454.783s][info ][gc,task        ] GC(28350) Using 4 of 8 workers for concurrent marking
[454.783s][info ][gc             ] GC(28350) Concurrent marking (unload classes) 0.569ms
[454.783s][info ][gc,start       ] GC(28350) Pause Final Mark (unload classes)
[454.783s][info ][gc,task        ] GC(28350) Using 8 of 8 workers for final marking
[454.784s][info ][gc,ergo        ] GC(28350) Collectable Garbage: 47104K (100%), Immediate: 47104K (100%), CSet: 0B (0%)
[454.784s][info ][gc             ] GC(28350) Pause Final Mark (unload classes) 0.622ms
[454.784s][info ][gc,start       ] GC(28350) Concurrent weak references
[454.784s][info ][gc,task        ] GC(28350) Using 4 of 8 workers for concurrent weak references
[454.784s][info ][gc,ref         ] GC(28350) Encountered references: Soft: 7, Weak: 34, Final: 0, Phantom: 1
[454.784s][info ][gc,ref         ] GC(28350) Discovered  references: Soft: 0, Weak: 6, Final: 0, Phantom: 1
[454.784s][info ][gc,ref         ] GC(28350) Enqueued    references: Soft: 0, Weak: 0, Final: 0, Phantom: 0
[454.784s][info ][gc             ] GC(28350) Concurrent weak references 0.106ms
[454.784s][info ][gc,start       ] GC(28350) Concurrent weak roots
[454.784s][info ][gc,task        ] GC(28350) Using 4 of 8 workers for concurrent weak root
[454.784s][info ][gc             ] GC(28350) Concurrent weak roots 0.185ms
[454.784s][info ][gc,start       ] GC(28350) Concurrent cleanup
[454.784s][info ][gc             ] GC(28350) Concurrent cleanup 1110M->1064M(2048M) 0.101ms
[454.784s][info ][gc,ergo        ] GC(28350) Free: 88560K, Max: 1024K regular, 11264K humongous, Frag: 88% external, 0% internal; Reserve: 103M, Max: 1024K
[454.784s][info ][gc,start       ] GC(28350) Concurrent class unloading
[454.784s][info ][gc,task        ] GC(28350) Using 4 of 8 workers for concurrent class unloading
[454.784s][debug][gc,phases,start] GC(28350) ClassLoaderData
[454.784s][debug][gc,phases      ] GC(28350) ClassLoaderData 0.006ms
[454.784s][debug][gc,phases,start] GC(28350) Trigger cleanups
[454.784s][debug][gc,phases      ] GC(28350) Trigger cleanups 0.005ms
[454.785s][info ][gc             ] GC(28350) Concurrent class unloading 0.357ms
[454.785s][info ][gc,start       ] GC(28350) Pause Final Roots
[454.785s][info ][gc             ] GC(28350) Pause Final Roots 0.016ms
[454.785s][debug][gc,ergo        ] GC(28350) Available: 88560 KB, z-score=-1.266. Average available: 137.9 MB +/- 41580.5 KB.
[454.785s][info ][gc,ergo        ] Free: 88560K, Max: 1024K regular, 11264K humongous, Frag: 88% external, 0% internal; Reserve: 103M, Max: 1024K
[454.785s][info ][gc,stats       ] 
[454.785s][info ][gc,stats       ] All times are wall-clock times, except per-root-class counters, that are sum over
[454.785s][info ][gc,stats       ] all workers. Dividing the <total> over the root stage time estimates parallelism.
[454.785s][info ][gc,stats       ] 
[454.785s][info ][gc,stats       ] Concurrent Reset                   2754 us
[454.785s][info ][gc,stats       ] Pause Init Mark (G)                 523 us
[454.785s][info ][gc,stats       ] Pause Init Mark (N)                 159 us
[454.785s][info ][gc,stats       ]   Update Region States              116 us
[454.785s][info ][gc,stats       ] Concurrent Mark Roots               185 us, parallelism: 0.98x
[454.785s][info ][gc,stats       ]   CMR: <total>                      181 us
[454.785s][info ][gc,stats       ]   CMR: Thread Roots                 164 us, workers (us):  50,  60,  54,   0, ---, ---, ---, ---, 
[454.785s][info ][gc,stats       ]   CMR: VM Strong Roots                3 us, workers (us):   3,   0,   0,   0, ---, ---, ---, ---, 
[454.785s][info ][gc,stats       ]   CMR: CLDG Roots                    14 us, workers (us):  14,   0, ---, ---, ---, ---, ---, ---, 
[454.785s][info ][gc,stats       ] Concurrent Marking                  591 us
[454.785s][info ][gc,stats       ] Pause Final Mark (G)                745 us
[454.785s][info ][gc,stats       ] Pause Final Mark (N)                645 us
[454.785s][info ][gc,stats       ]   Finish Mark                       403 us
[454.785s][info ][gc,stats       ]   Update Region States              148 us
[454.785s][info ][gc,stats       ]   Choose Collection Set              34 us
[454.785s][info ][gc,stats       ]   Rebuild Free Set                   10 us
[454.785s][info ][gc,stats       ] Concurrent Weak References          110 us, parallelism: 0.02x
[454.785s][info ][gc,stats       ]   CWRF: <total>                       2 us
[454.785s][info ][gc,stats       ]   CWRF: Weak References               2 us, workers (us):   2,   0,   0,   0, ---, ---, ---, ---, 
[454.785s][info ][gc,stats       ] Concurrent Weak Roots               201 us
[454.785s][info ][gc,stats       ]   Roots                             115 us, parallelism: 0.45x
[454.785s][info ][gc,stats       ]     CWR: <total>                     52 us
[454.785s][info ][gc,stats       ]     CWR: Code Cache Roots            31 us, workers (us):   0,  31,   0,   0, ---, ---, ---, ---, 
[454.785s][info ][gc,stats       ]     CWR: VM Weak Roots               20 us, workers (us):  14,   6,   0,   0, ---, ---, ---, ---, 
[454.785s][info ][gc,stats       ]     CWR: CLDG Roots                   1 us, workers (us):   1, ---, ---, ---, ---, ---, ---, ---, 
[454.785s][info ][gc,stats       ]   Rendezvous                         59 us
[454.785s][info ][gc,stats       ] Concurrent Cleanup                  106 us
[454.785s][info ][gc,stats       ] Concurrent Class Unloading          367 us
[454.785s][info ][gc,stats       ]   Unlink Stale                      220 us
[454.785s][info ][gc,stats       ]     System Dictionary                32 us
[454.785s][info ][gc,stats       ]     Weak Class Links                  0 us
[454.785s][info ][gc,stats       ]     Code Roots                      188 us
[454.785s][info ][gc,stats       ]   Rendezvous                         59 us
[454.785s][info ][gc,stats       ]   Purge Unlinked                     66 us
[454.785s][info ][gc,stats       ]     Code Roots                       51 us
[454.785s][info ][gc,stats       ]     CLDG                             15 us
[454.785s][info ][gc,stats       ]     Exception Caches                  0 us
[454.785s][info ][gc,stats       ] Pause Final Roots (G)                79 us
[454.785s][info ][gc,stats       ] Pause Final Roots (N)                22 us
[454.785s][info ][gc,stats       ] 
[454.785s][info ][gc,stats       ] Allocation pacing accrued:
[454.785s][info ][gc,stats       ]       0 of     7 ms (  0.0%): <total>
[454.785s][info ][gc,stats       ]       0 of     7 ms (  0.0%): <average total>
[454.785s][info ][gc,stats       ] 
[454.785s][info ][gc,metaspace   ] Metaspace: 253K(448K)->253K(448K) NonClass: 247K(320K)->247K(320K) Class: 5K(128K)->5K(128K)
[454.785s][info ][gc,ergo        ] Pacer for Idle. Initial: 41943K, Alloc Tax Rate: 1.0x
[454.786s][info ][gc             ] Trigger: Free (88560K) is below minimum threshold (204M)
[454.786s][info ][gc,ergo        ] Free: 88560K, Max: 1024K regular, 11264K humongous, Frag: 88% external, 0% internal; Reserve: 103M, Max: 1024K
[454.786s][info ][gc,start       ] GC(28351) Concurrent reset
[454.786s][info ][gc,task        ] GC(28351) Using 4 of 8 workers for concurrent reset
[454.786s][info ][gc,ergo        ] GC(28351) Pacer for Reset. Non-Taxable: 2048M
[454.788s][info ][gc             ] GC(28351) Concurrent reset 1.252ms
[454.788s][info ][gc,start       ] GC(28351) Pause Init Mark (unload classes)
[454.788s][info ][gc,task        ] GC(28351) Using 8 of 8 workers for init marking
[454.788s][info ][gc,ergo        ] GC(28351) Pacer for Mark. Expected Live: 1875M, Free: 88560K, Non-Taxable: 8856K, Alloc Tax Rate: 26.5x
[454.788s][info ][gc             ] GC(28351) Pause Init Mark (unload classes) 0.162ms
[454.788s][info ][gc,start       ] GC(28351) Concurrent marking roots
[454.788s][info ][gc,task        ] GC(28351) Using 4 of 8 workers for concurrent marking roots
[454.788s][info ][gc             ] GC(28351) Concurrent marking roots 0.238ms
[454.788s][info ][gc,start       ] GC(28351) Concurrent marking (unload classes)
[454.788s][info ][gc,task        ] GC(28351) Using 4 of 8 workers for concurrent marking
[454.789s][info ][gc             ] GC(28351) Concurrent marking (unload classes) 0.427ms
[454.789s][info ][gc,start       ] GC(28351) Pause Final Mark (unload classes)
[454.789s][info ][gc,task        ] GC(28351) Using 8 of 8 workers for final marking
[454.789s][info ][gc,ergo        ] GC(28351) Collectable Garbage: 35840K (100%), Immediate: 35840K (100%), CSet: 0B (0%)
[454.789s][info ][gc             ] GC(28351) Pause Final Mark (unload classes) 0.517ms
[454.789s][info ][gc,start       ] GC(28351) Concurrent weak references
[454.789s][info ][gc,task        ] GC(28351) Using 4 of 8 workers for concurrent weak references
[454.789s][info ][gc,ref         ] GC(28351) Encountered references: Soft: 7, Weak: 34, Final: 0, Phantom: 1
[454.789s][info ][gc,ref         ] GC(28351) Discovered  references: Soft: 0, Weak: 1, Final: 0, Phantom: 1
[454.789s][info ][gc,ref         ] GC(28351) Enqueued    references: Soft: 0, Weak: 0, Final: 0, Phantom: 0
[454.789s][info ][gc             ] GC(28351) Concurrent weak references 0.137ms
[454.789s][info ][gc,start       ] GC(28351) Concurrent weak roots
[454.789s][info ][gc,task        ] GC(28351) Using 4 of 8 workers for concurrent weak root
[454.789s][info ][gc             ] GC(28351) Concurrent weak roots 0.190ms
[454.789s][info ][gc,start       ] GC(28351) Concurrent cleanup
[454.790s][info ][gc             ] GC(28351) Concurrent cleanup 1064M->1029M(2048M) 0.098ms
[454.790s][info ][gc,ergo        ] GC(28351) Free: 156M, Max: 1024K regular, 11264K humongous, Frag: 93% external, 0% internal; Reserve: 103M, Max: 1024K
[454.790s][info ][gc,start       ] GC(28351) Concurrent class unloading
[454.790s][info ][gc,task        ] GC(28351) Using 4 of 8 workers for concurrent class unloading
[454.790s][debug][gc,phases,start] GC(28351) ClassLoaderData
[454.790s][debug][gc,phases      ] GC(28351) ClassLoaderData 0.006ms
[454.790s][debug][gc,phases,start] GC(28351) Trigger cleanups
[454.790s][debug][gc,phases      ] GC(28351) Trigger cleanups 0.015ms
[454.790s][info ][gc             ] GC(28351) Concurrent class unloading 0.330ms
[454.790s][info ][gc,start       ] GC(28351) Pause Final Roots
[454.790s][info ][gc             ] GC(28351) Pause Final Roots 0.016ms
[454.790s][debug][gc,ergo        ] GC(28351) Available: 156 MB, z-score=0.405. Average available: 139.9 MB +/- 41962.0 KB.
[454.790s][info ][gc,ergo        ] Free: 156M, Max: 1024K regular, 11264K humongous, Frag: 93% external, 0% internal; Reserve: 103M, Max: 1024K
[454.790s][info ][gc,stats       ] 
[454.790s][info ][gc,stats       ] All times are wall-clock times, except per-root-class counters, that are sum over
[454.790s][info ][gc,stats       ] all workers. Dividing the <total> over the root stage time estimates parallelism.
[454.790s][info ][gc,stats       ] 
[454.790s][info ][gc,stats       ] Concurrent Reset                   1271 us
[454.790s][info ][gc,stats       ] Pause Init Mark (G)                 232 us
[454.790s][info ][gc,stats       ] Pause Init Mark (N)                 168 us
[454.790s][info ][gc,stats       ]   Update Region States              117 us
[454.790s][info ][gc,stats       ] Concurrent Mark Roots               278 us, parallelism: 1.31x
[454.790s][info ][gc,stats       ]   CMR: <total>                      365 us
[454.790s][info ][gc,stats       ]   CMR: Thread Roots                 348 us, workers (us): 107, 112, 106,  24, ---, ---, ---, ---, 
[454.790s][info ][gc,stats       ]   CMR: VM Strong Roots                3 us, workers (us):   2,   0,   0,   0, ---, ---, ---, ---, 
[454.790s][info ][gc,stats       ]   CMR: CLDG Roots                    14 us, workers (us):  13,   1, ---, ---, ---, ---, ---, ---, 
[454.790s][info ][gc,stats       ] Concurrent Marking                  441 us
[454.790s][info ][gc,stats       ] Pause Final Mark (G)                591 us
[454.790s][info ][gc,stats       ] Pause Final Mark (N)                525 us
[454.790s][info ][gc,stats       ]   Finish Mark                       305 us
[454.790s][info ][gc,stats       ]   Update Region States              119 us
[454.790s][info ][gc,stats       ]   Choose Collection Set              48 us
[454.790s][info ][gc,stats       ]   Rebuild Free Set                   19 us
[454.790s][info ][gc,stats       ] Concurrent Weak References          143 us, parallelism: 0.01x
[454.790s][info ][gc,stats       ]   CWRF: <total>                       1 us
[454.790s][info ][gc,stats       ]   CWRF: Weak References               1 us, workers (us):   1,   0,   0,   0, ---, ---, ---, ---, 
[454.790s][info ][gc,stats       ] Concurrent Weak Roots               200 us
[454.790s][info ][gc,stats       ]   Roots                             120 us, parallelism: 0.43x
[454.790s][info ][gc,stats       ]     CWR: <total>                     51 us
[454.790s][info ][gc,stats       ]     CWR: Code Cache Roots            32 us, workers (us):  32,   0,   0,   0, ---, ---, ---, ---, 
[454.790s][info ][gc,stats       ]     CWR: VM Weak Roots               18 us, workers (us):  18,   0,   0,   0, ---, ---, ---, ---, 
[454.790s][info ][gc,stats       ]     CWR: CLDG Roots                   1 us, workers (us):   1, ---, ---, ---, ---, ---, ---, ---, 
[454.790s][info ][gc,stats       ]   Rendezvous                         59 us
[454.790s][info ][gc,stats       ] Concurrent Cleanup                  104 us
[454.790s][info ][gc,stats       ] Concurrent Class Unloading          340 us
[454.790s][info ][gc,stats       ]   Unlink Stale                      202 us
[454.790s][info ][gc,stats       ]     System Dictionary                31 us
[454.790s][info ][gc,stats       ]     Weak Class Links                  0 us
[454.790s][info ][gc,stats       ]     Code Roots                      169 us
[454.790s][info ][gc,stats       ]   Rendezvous                         55 us
[454.790s][info ][gc,stats       ]   Purge Unlinked                     62 us
[454.790s][info ][gc,stats       ]     Code Roots                       49 us
[454.790s][info ][gc,stats       ]     CLDG                             12 us
[454.790s][info ][gc,stats       ]     Exception Caches                  0 us
[454.790s][info ][gc,stats       ] Pause Final Roots (G)                93 us
[454.790s][info ][gc,stats       ] Pause Final Roots (N)                22 us
[454.790s][info ][gc,stats       ] 
[454.790s][info ][gc,stats       ] Allocation pacing accrued:
[454.790s][info ][gc,stats       ]       0 of     5 ms (  0.0%): <total>
[454.790s][info ][gc,stats       ]       0 of     5 ms (  0.0%): <average total>
[454.790s][info ][gc,stats       ] 
[454.790s][info ][gc,metaspace   ] Metaspace: 253K(448K)->253K(448K) NonClass: 247K(320K)->247K(320K) Class: 5K(128K)->5K(128K)
[454.790s][info ][gc,ergo        ] Pacer for Idle. Initial: 41943K, Alloc Tax Rate: 1.0x
[454.792s][info ][gc             ] Trigger: Free (111M) is below minimum threshold (204M)
[454.792s][info ][gc,ergo        ] Free: 109M, Max: 1024K regular, 6144K humongous, Frag: 95% external, 0% internal; Reserve: 103M, Max: 1024K
[454.792s][info ][gc,start       ] GC(28352) Concurrent reset
[454.793s][info ][gc,task        ] GC(28352) Using 4 of 8 workers for concurrent reset
[454.793s][info ][gc,ergo        ] GC(28352) Pacer for Reset. Non-Taxable: 2048M
[454.794s][info ][gc             ] GC(28352) Concurrent reset 1.948ms
[454.795s][info ][gc,start       ] GC(28352) Pause Init Mark (unload classes)
[454.795s][info ][gc,task        ] GC(28352) Using 8 of 8 workers for init marking
[454.795s][info ][gc,ergo        ] GC(28352) Pacer for Mark. Expected Live: 1886M, Free: 83440K, Non-Taxable: 8344K, Alloc Tax Rate: 28.3x
[454.795s][info ][gc             ] GC(28352) Pause Init Mark (unload classes) 0.145ms
[454.795s][info ][gc,start       ] GC(28352) Concurrent marking roots
[454.795s][info ][gc,task        ] GC(28352) Using 4 of 8 workers for concurrent marking roots
[454.795s][info ][gc             ] GC(28352) Concurrent marking roots 0.299ms
[454.795s][info ][gc,start       ] GC(28352) Concurrent marking (unload classes)
[454.795s][info ][gc,task        ] GC(28352) Using 4 of 8 workers for concurrent marking
[454.796s][info ][gc             ] GC(28352) Concurrent marking (unload classes) 0.360ms
[454.796s][info ][gc,start       ] GC(28352) Pause Final Mark (unload classes)
[454.796s][info ][gc,task        ] GC(28352) Using 8 of 8 workers for final marking
[454.796s][info ][gc,ergo        ] GC(28352) Collectable Garbage: 35840K (100%), Immediate: 35840K (100%), CSet: 0B (0%)
[454.796s][info ][gc             ] GC(28352) Pause Final Mark (unload classes) 0.486ms
[454.796s][info ][gc,start       ] GC(28352) Concurrent weak references
[454.796s][info ][gc,task        ] GC(28352) Using 4 of 8 workers for concurrent weak references
[454.797s][info ][gc,ref         ] GC(28352) Encountered references: Soft: 7, Weak: 34, Final: 0, Phantom: 1
[454.797s][info ][gc,ref         ] GC(28352) Discovered  references: Soft: 0, Weak: 1, Final: 0, Phantom: 1
[454.797s][info ][gc,ref         ] GC(28352) Enqueued    references: Soft: 0, Weak: 0, Final: 0, Phantom: 0
[454.797s][info ][gc             ] GC(28352) Concurrent weak references 0.171ms
[454.797s][info ][gc,start       ] GC(28352) Concurrent weak roots
[454.797s][info ][gc,task        ] GC(28352) Using 4 of 8 workers for concurrent weak root
[454.797s][info ][gc             ] GC(28352) Concurrent weak roots 0.180ms
[454.797s][info ][gc,start       ] GC(28352) Concurrent cleanup
[454.797s][info ][gc             ] GC(28352) Concurrent cleanup 1081M->1046M(2048M) 0.097ms
[454.797s][info ][gc,ergo        ] GC(28352) Free: 131M, Max: 1024K regular, 6144K humongous, Frag: 96% external, 0% internal; Reserve: 103M, Max: 1024K
[454.797s][info ][gc,start       ] GC(28352) Concurrent class unloading
[454.797s][info ][gc,task        ] GC(28352) Using 4 of 8 workers for concurrent class unloading
[454.797s][debug][gc,phases,start] GC(28352) ClassLoaderData
[454.797s][debug][gc,phases      ] GC(28352) ClassLoaderData 0.005ms
[454.797s][debug][gc,phases,start] GC(28352) Trigger cleanups
[454.797s][debug][gc,phases      ] GC(28352) Trigger cleanups 0.003ms
[454.797s][info ][gc             ] GC(28352) Concurrent class unloading 0.302ms
[454.797s][info ][gc,start       ] GC(28352) Pause Final Roots
[454.797s][info ][gc             ] GC(28352) Pause Final Roots 0.010ms
[454.797s][debug][gc,ergo        ] GC(28352) Available: 131 MB, z-score=-0.215. Average available: 140.3 MB +/- 41855.9 KB.
[454.797s][info ][gc,ergo        ] Free: 131M, Max: 1024K regular, 6144K humongous, Frag: 96% external, 0% internal; Reserve: 103M, Max: 1024K
[454.797s][info ][gc,stats       ] 
[454.797s][info ][gc,stats       ] All times are wall-clock times, except per-root-class counters, that are sum over
[454.797s][info ][gc,stats       ] all workers. Dividing the <total> over the root stage time estimates parallelism.
[454.797s][info ][gc,stats       ] 
[454.797s][info ][gc,stats       ] Concurrent Reset                   1969 us
[454.797s][info ][gc,stats       ] Pause Init Mark (G)                 390 us
[454.797s][info ][gc,stats       ] Pause Init Mark (N)                 151 us
[454.797s][info ][gc,stats       ]   Update Region States              114 us
[454.797s][info ][gc,stats       ] Concurrent Mark Roots               320 us, parallelism: 0.95x
[454.797s][info ][gc,stats       ]   CMR: <total>                      303 us
[454.797s][info ][gc,stats       ]   CMR: Thread Roots                 272 us, workers (us): 175,  66,  31,   0, ---, ---, ---, ---, 
[454.797s][info ][gc,stats       ]   CMR: VM Strong Roots                2 us, workers (us):   2,   0,   0,   0, ---, ---, ---, ---, 
[454.797s][info ][gc,stats       ]   CMR: CLDG Roots                    29 us, workers (us):  29, ---, ---, ---, ---, ---, ---, ---, 
[454.797s][info ][gc,stats       ] Concurrent Marking                  372 us
[454.797s][info ][gc,stats       ] Pause Final Mark (G)                843 us
[454.797s][info ][gc,stats       ] Pause Final Mark (N)                492 us
[454.797s][info ][gc,stats       ]   Finish Mark                       319 us
[454.797s][info ][gc,stats       ]   Update Region States               99 us
[454.797s][info ][gc,stats       ]   Choose Collection Set              35 us
[454.797s][info ][gc,stats       ]   Rebuild Free Set                    7 us
[454.797s][info ][gc,stats       ] Concurrent Weak References          175 us, parallelism: 0.01x
[454.797s][info ][gc,stats       ]   CWRF: <total>                       2 us
[454.797s][info ][gc,stats       ]   CWRF: Weak References               2 us, workers (us):   1,   0,   0,   0, ---, ---, ---, ---, 
[454.797s][info ][gc,stats       ] Concurrent Weak Roots               196 us
[454.797s][info ][gc,stats       ]   Roots                             113 us, parallelism: 0.57x
[454.797s][info ][gc,stats       ]     CWR: <total>                     64 us
[454.797s][info ][gc,stats       ]     CWR: Code Cache Roots            43 us, workers (us):  42,   0,   0,   0, ---, ---, ---, ---, 
[454.797s][info ][gc,stats       ]     CWR: VM Weak Roots               20 us, workers (us):  14,   6,   0,   0, ---, ---, ---, ---, 
[454.797s][info ][gc,stats       ]     CWR: CLDG Roots                   1 us, workers (us): ---,   1, ---, ---, ---, ---, ---, ---, 
[454.797s][info ][gc,stats       ]   Rendezvous                         58 us
[454.797s][info ][gc,stats       ] Concurrent Cleanup                  101 us
[454.797s][info ][gc,stats       ] Concurrent Class Unloading          312 us
[454.797s][info ][gc,stats       ]   Unlink Stale                      184 us
[454.797s][info ][gc,stats       ]     System Dictionary                15 us
[454.797s][info ][gc,stats       ]     Weak Class Links                  0 us
[454.797s][info ][gc,stats       ]     Code Roots                      168 us
[454.797s][info ][gc,stats       ]   Rendezvous                         48 us
[454.797s][info ][gc,stats       ]   Purge Unlinked                     62 us
[454.797s][info ][gc,stats       ]     Code Roots                       49 us
[454.797s][info ][gc,stats       ]     CLDG                             12 us
[454.797s][info ][gc,stats       ]     Exception Caches                  0 us
[454.797s][info ][gc,stats       ] Pause Final Roots (G)                59 us
[454.797s][info ][gc,stats       ] Pause Final Roots (N)                14 us
[454.797s][info ][gc,stats       ] Pacing                            71741 us
[454.797s][info ][gc,stats       ] 
[454.797s][info ][gc,stats       ] Allocation pacing accrued:
[454.797s][info ][gc,stats       ]       7 of     7 ms ( 91.6%): Thread-0
[454.797s][info ][gc,stats       ]       7 of     7 ms ( 94.2%): Thread-1
[454.797s][info ][gc,stats       ]       7 of     7 ms (101.0%): Thread-2
[454.797s][info ][gc,stats       ]       7 of     7 ms (102.1%): Thread-3
[454.797s][info ][gc,stats       ]       8 of     7 ms (116.7%): Thread-4
[454.797s][info ][gc,stats       ]       7 of     7 ms ( 95.5%): Thread-5
[454.797s][info ][gc,stats       ]       7 of     7 ms (102.1%): Thread-6
[454.797s][info ][gc,stats       ]       7 of     7 ms ( 96.5%): Thread-7
[454.797s][info ][gc,stats       ]       6 of     7 ms ( 83.1%): Thread-8
[454.797s][info ][gc,stats       ]       9 of     7 ms (120.6%): Thread-9
[454.797s][info ][gc,stats       ]      72 of     7 ms (1003.3%): <total>
[454.797s][info ][gc,stats       ]       3 of     7 ms ( 47.8%): <average total>
[454.797s][info ][gc,stats       ]       7 of     7 ms (100.3%): <average non-zero>
[454.797s][info ][gc,stats       ] 
[454.798s][info ][gc,metaspace   ] Metaspace: 253K(448K)->253K(448K) NonClass: 247K(320K)->247K(320K) Class: 5K(128K)->5K(128K)
[454.798s][info ][gc,ergo        ] Pacer for Idle. Initial: 41943K, Alloc Tax Rate: 1.0x
[454.799s][info ][gc             ] Trigger: Free (115M) is below minimum threshold (204M)
[454.799s][info ][gc,ergo        ] Free: 115M, Max: 1024K regular, 6144K humongous, Frag: 95% external, 0% internal; Reserve: 103M, Max: 1024K
[454.799s][info ][gc,start       ] GC(28353) Concurrent reset
[454.799s][info ][gc,task        ] GC(28353) Using 4 of 8 workers for concurrent reset
[454.799s][info ][gc,ergo        ] GC(28353) Pacer for Reset. Non-Taxable: 2048M
[454.800s][info ][gc             ] GC(28353) Concurrent reset 1.574ms
[454.800s][info ][gc,start       ] GC(28353) Pause Init Mark (unload classes)
[454.800s][info ][gc,task        ] GC(28353) Using 8 of 8 workers for init marking
[454.800s][info ][gc,ergo        ] GC(28353) Pacer for Mark. Expected Live: 1897M, Free: 97776K, Non-Taxable: 9777K, Alloc Tax Rate: 24.3x
[454.800s][info ][gc             ] GC(28353) Pause Init Mark (unload classes) 0.124ms
[454.800s][info ][gc,start       ] GC(28353) Concurrent marking roots
[454.800s][info ][gc,task        ] GC(28353) Using 4 of 8 workers for concurrent marking roots
[454.801s][info ][gc             ] GC(28353) Concurrent marking roots 0.150ms
[454.801s][info ][gc,start       ] GC(28353) Concurrent marking (unload classes)
[454.801s][info ][gc,task        ] GC(28353) Using 4 of 8 workers for concurrent marking
[454.801s][info ][gc             ] GC(28353) Concurrent marking (unload classes) 0.524ms
[454.801s][info ][gc,start       ] GC(28353) Pause Final Mark (unload classes)
[454.801s][info ][gc,task        ] GC(28353) Using 8 of 8 workers for final marking
[454.802s][info ][gc,ergo        ] GC(28353) Collectable Garbage: 45056K (100%), Immediate: 45056K (100%), CSet: 0B (0%)
[454.802s][info ][gc             ] GC(28353) Pause Final Mark (unload classes) 0.436ms
[454.802s][info ][gc,start       ] GC(28353) Concurrent weak references
[454.802s][info ][gc,task        ] GC(28353) Using 4 of 8 workers for concurrent weak references
[454.802s][info ][gc,ref         ] GC(28353) Encountered references: Soft: 7, Weak: 34, Final: 0, Phantom: 1
[454.802s][info ][gc,ref         ] GC(28353) Discovered  references: Soft: 0, Weak: 1, Final: 0, Phantom: 1
[454.802s][info ][gc,ref         ] GC(28353) Enqueued    references: Soft: 0, Weak: 0, Final: 0, Phantom: 0
[454.802s][info ][gc             ] GC(28353) Concurrent weak references 0.079ms
[454.802s][info ][gc,start       ] GC(28353) Concurrent weak roots
[454.802s][info ][gc,task        ] GC(28353) Using 4 of 8 workers for concurrent weak root
[454.802s][info ][gc             ] GC(28353) Concurrent weak roots 0.125ms
[454.802s][info ][gc,start       ] GC(28353) Concurrent cleanup
[454.802s][info ][gc             ] GC(28353) Concurrent cleanup 1074M->1030M(2048M) 0.094ms
[454.802s][info ][gc,ergo        ] GC(28353) Free: 152M, Max: 1024K regular, 8192K humongous, Frag: 95% external, 0% internal; Reserve: 103M, Max: 1024K
[454.802s][info ][gc,start       ] GC(28353) Concurrent class unloading
[454.802s][info ][gc,task        ] GC(28353) Using 4 of 8 workers for concurrent class unloading
[454.802s][debug][gc,phases,start] GC(28353) ClassLoaderData
[454.802s][debug][gc,phases      ] GC(28353) ClassLoaderData 0.006ms
[454.802s][debug][gc,phases,start] GC(28353) Trigger cleanups
[454.802s][debug][gc,phases      ] GC(28353) Trigger cleanups 0.003ms
[454.802s][info ][gc             ] GC(28353) Concurrent class unloading 0.294ms
[454.803s][info ][gc,start       ] GC(28353) Pause Final Roots
[454.803s][info ][gc             ] GC(28353) Pause Final Roots 0.010ms
[454.803s][debug][gc,ergo        ] GC(28353) Available: 144 MB, z-score=-0.219. Average available: 150.2 MB +/- 26620.3 KB.
[454.803s][info ][gc,ergo        ] Free: 144M, Max: 1024K regular, 8192K humongous, Frag: 95% external, 0% internal; Reserve: 103M, Max: 1024K
[454.803s][info ][gc,stats       ] 
[454.803s][info ][gc,stats       ] All times are wall-clock times, except per-root-class counters, that are sum over
[454.803s][info ][gc,stats       ] all workers. Dividing the <total> over the root stage time estimates parallelism.
[454.803s][info ][gc,stats       ] 
[454.803s][info ][gc,stats       ] Concurrent Reset                   1588 us
[454.803s][info ][gc,stats       ] Pause Init Mark (G)                 180 us
[454.803s][info ][gc,stats       ] Pause Init Mark (N)                 128 us
[454.803s][info ][gc,stats       ]   Update Region States               97 us
[454.803s][info ][gc,stats       ] Concurrent Mark Roots               166 us, parallelism: 1.45x
[454.803s][info ][gc,stats       ]   CMR: <total>                      241 us
[454.803s][info ][gc,stats       ]   CMR: Thread Roots                 224 us, workers (us):  69,  72,  59,  25, ---, ---, ---, ---, 
[454.803s][info ][gc,stats       ]   CMR: VM Strong Roots                3 us, workers (us):   2,   0,   0,   0, ---, ---, ---, ---, 
[454.803s][info ][gc,stats       ]   CMR: CLDG Roots                    14 us, workers (us):  13,   1, ---, ---, ---, ---, ---, ---, 
[454.803s][info ][gc,stats       ] Concurrent Marking                  540 us
[454.803s][info ][gc,stats       ] Pause Final Mark (G)                685 us
[454.803s][info ][gc,stats       ] Pause Final Mark (N)                441 us
[454.803s][info ][gc,stats       ]   Finish Mark                       263 us
[454.803s][info ][gc,stats       ]   Update Region States              110 us
[454.803s][info ][gc,stats       ]   Choose Collection Set              34 us
[454.803s][info ][gc,stats       ]   Rebuild Free Set                    8 us
[454.803s][info ][gc,stats       ] Concurrent Weak References           83 us, parallelism: 0.01x
[454.803s][info ][gc,stats       ]   CWRF: <total>                       1 us
[454.803s][info ][gc,stats       ]   CWRF: Weak References               1 us, workers (us):   1,   0,   0,   0, ---, ---, ---, ---, 
[454.803s][info ][gc,stats       ] Concurrent Weak Roots               138 us
[454.803s][info ][gc,stats       ]   Roots                              62 us, parallelism: 0.71x
[454.803s][info ][gc,stats       ]     CWR: <total>                     44 us
[454.803s][info ][gc,stats       ]     CWR: Code Cache Roots            26 us, workers (us):  26,   0,   0,   0, ---, ---, ---, ---, 
[454.803s][info ][gc,stats       ]     CWR: VM Weak Roots               17 us, workers (us):  16,   0,   0,   1, ---, ---, ---, ---, 
[454.803s][info ][gc,stats       ]     CWR: CLDG Roots                   1 us, workers (us):   1, ---, ---, ---, ---, ---, ---, ---, 
[454.803s][info ][gc,stats       ]   Rendezvous                         54 us
[454.803s][info ][gc,stats       ] Concurrent Cleanup                  101 us
[454.803s][info ][gc,stats       ] Concurrent Class Unloading          307 us
[454.803s][info ][gc,stats       ]   Unlink Stale                      177 us
[454.803s][info ][gc,stats       ]     System Dictionary                17 us
[454.803s][info ][gc,stats       ]     Weak Class Links                  0 us
[454.803s][info ][gc,stats       ]     Code Roots                      160 us
[454.803s][info ][gc,stats       ]   Rendezvous                         46 us
[454.803s][info ][gc,stats       ]   Purge Unlinked                     58 us
[454.803s][info ][gc,stats       ]     Code Roots                       46 us
[454.803s][info ][gc,stats       ]     CLDG                             12 us
[454.803s][info ][gc,stats       ]     Exception Caches                  0 us
[454.803s][info ][gc,stats       ] Pause Final Roots (G)                64 us
[454.803s][info ][gc,stats       ] Pause Final Roots (N)                13 us
[454.803s][info ][gc,stats       ] Pacing                            23882 us
[454.803s][info ][gc,stats       ] 
[454.803s][info ][gc,stats       ] Allocation pacing accrued:
[454.803s][info ][gc,stats       ]       6 of     5 ms (111.1%): Thread-2
[454.803s][info ][gc,stats       ]       6 of     5 ms (112.4%): Thread-3
[454.803s][info ][gc,stats       ]       6 of     5 ms (113.6%): Thread-6
[454.803s][info ][gc,stats       ]       6 of     5 ms (109.7%): Thread-8
[454.803s][info ][gc,stats       ]      24 of     5 ms (446.9%): <total>
[454.803s][info ][gc,stats       ]       1 of     5 ms ( 21.3%): <average total>
[454.803s][info ][gc,stats       ]       6 of     5 ms (111.7%): <average non-zero>
[454.803s][info ][gc,stats       ] 
[454.803s][info ][gc,metaspace   ] Metaspace: 253K(448K)->253K(448K) NonClass: 247K(320K)->247K(320K) Class: 5K(128K)->5K(128K)
[454.803s][info ][gc,ergo        ] Pacer for Idle. Initial: 41943K, Alloc Tax Rate: 1.0x
[454.803s][info ][gc             ] Failed to allocate Shared, 10240K
[454.803s][info ][gc             ] Cancelling GC: Allocation Failure
[454.804s][info ][gc             ] Trigger: Handle Allocation Failure
[454.804s][info ][gc,ergo        ] Free: 124M, Max: 1024K regular, 8192K humongous, Frag: 94% external, 0% internal; Reserve: 103M, Max: 1024K
[454.804s][info ][gc,start       ] GC(28354) Pause Degenerated GC (Outside of Cycle)
[454.804s][info ][gc,task        ] GC(28354) Using 8 of 8 workers for stw degenerated gc
[454.806s][info ][gc,ref         ] GC(28354) Clearing All SoftReferences
[454.806s][info ][gc,ref         ] GC(28354) Encountered references: Soft: 7, Weak: 34, Final: 0, Phantom: 1
[454.806s][info ][gc,ref         ] GC(28354) Discovered  references: Soft: 4, Weak: 9, Final: 0, Phantom: 1
[454.806s][info ][gc,ref         ] GC(28354) Enqueued    references: Soft: 0, Weak: 0, Final: 0, Phantom: 0
[454.806s][debug][gc,phases,start] GC(28354) ClassLoaderData
[454.806s][debug][gc,phases      ] GC(28354) ClassLoaderData 0.009ms
[454.806s][debug][gc,phases,start] GC(28354) Trigger cleanups
[454.806s][debug][gc,phases      ] GC(28354) Trigger cleanups 0.005ms
[454.807s][info ][gc,ergo        ] GC(28354) Collectable Garbage: 14336K (100%), Immediate: 14336K (100%), CSet: 0B (0%)
[454.807s][info ][gc,ergo        ] GC(28354) Good progress for free space: 152M, need 20971K
[454.807s][info ][gc,ergo        ] GC(28354) Good progress for used space: 14336K, need 1024K
[454.807s][info ][gc             ] GC(28354) Pause Degenerated GC (Outside of Cycle) 1045M->1031M(2048M) 2.883ms
[454.807s][debug][gc,ergo        ] GC(28354) Margin of error now 3.29
[454.807s][debug][gc,ergo        ] GC(28354) Spike threshold now: 0.32
[454.807s][info ][gc,ergo        ] Free: 132M, Max: 1024K regular, 8192K humongous, Frag: 94% external, 0% internal; Reserve: 103M, Max: 1024K
[454.807s][info ][gc,stats       ] 
[454.807s][info ][gc,stats       ] All times are wall-clock times, except per-root-class counters, that are sum over
[454.807s][info ][gc,stats       ] all workers. Dividing the <total> over the root stage time estimates parallelism.
[454.807s][info ][gc,stats       ] 
[454.807s][info ][gc,stats       ] Pause Degenerated GC (G)           3064 us
[454.807s][info ][gc,stats       ] Pause Degenerated GC (N)           2890 us
[454.807s][info ][gc,stats       ]   Degen STW Mark                    489 us, parallelism: 5.06x
[454.807s][info ][gc,stats       ]     DSM: <total>                   2473 us
[454.807s][info ][gc             ] Failed to allocate Shared, 10240K
[454.807s][info ][gc             ] Cancelling GC: Allocation Failure
[454.807s][info ][gc,stats       ]     DSM: Thread Roots                65 us, workers (us):  31,  20,  10,   0,   0,   1,   1,   1, 
[454.807s][info ][gc,stats       ]     DSM: VM Strong Roots              3 us, workers (us):   1,   1,   0,   0,   0,   0,   0,   0, 
[454.807s][info ][gc,stats       ]     DSM: CLDG Roots                  18 us, workers (us):   0,   1,  15,   0,   0,   1,   0,   0, 
[454.807s][info ][gc,stats       ]     DSM: Parallel Mark             2388 us, workers (us): 308, 281, 278, 349, 324, 286, 293, 269, 
[454.807s][info ][gc,stats       ]     System Purge                    370 us
[454.807s][info ][gc,stats       ]       Weak References               134 us, parallelism: 0.02x
[454.807s][info ][gc,stats       ]         WRP: <total>                  2 us
[454.807s][info ][gc,stats       ]         WRP: Weak References          2 us, workers (us):   2,   0,   0,   0,   0,   0,   0,   0, 
[454.807s][info ][gc,stats       ]       Unload Classes                129 us, parallelism: 1.05x
[454.807s][info ][gc,stats       ]         DCU: <total>                136 us
[454.807s][info ][gc,stats       ]         DCU: Unload Code Caches      136 us, workers (us):  48,  45,  25,  17,   0,   0,   0,   0, 
[454.807s][info ][gc,stats       ]       Weak Roots                    105 us, parallelism: 0.20x
[454.807s][info ][gc,stats       ]         DWR: <total>                 21 us
[454.807s][info ][gc,stats       ]         DWR: VM Weak Roots           21 us, workers (us):  13,   4,   1,   1,   1,   1,   1,   1, 
[454.807s][info ][gc,stats       ]       CLDG                            0 us
[454.807s][info ][gc,stats       ]   Update Region States              103 us
[454.807s][info ][gc,stats       ]   Manage GC/TLABs                     2 us
[454.807s][info ][gc,stats       ]   Choose Collection Set              26 us
[454.807s][info ][gc,stats       ]   Rebuild Free Set                   10 us
[454.807s][info ][gc,stats       ]   Cleanup                            88 us
[454.807s][info ][gc,stats       ] 
[454.807s][info ][gc,stats       ] Allocation pacing accrued:
[454.807s][info ][gc,stats       ]       0 of     5 ms (  0.0%): <total>
[454.807s][info ][gc,stats       ]       0 of     5 ms (  0.0%): <average total>
[454.807s][info ][gc,stats       ] 
[454.808s][info ][gc,metaspace   ] Metaspace: 253K(448K)->253K(448K) NonClass: 247K(320K)->247K(320K) Class: 5K(128K)->5K(128K)
[454.808s][info ][gc,ergo        ] Pacer for Idle. Initial: 41943K, Alloc Tax Rate: 1.0x
[454.809s][info ][gc             ] Trigger: Handle Allocation Failure
[454.809s][info ][gc,ergo        ] Free: 112M, Max: 1024K regular, 8192K humongous, Frag: 93% external, 0% internal; Reserve: 103M, Max: 1024K
[454.809s][info ][gc,start       ] GC(28355) Pause Degenerated GC (Outside of Cycle)
[454.809s][info ][gc,task        ] GC(28355) Using 8 of 8 workers for stw degenerated gc
[454.811s][info ][gc,ref         ] GC(28355) Clearing All SoftReferences
[454.811s][info ][gc,ref         ] GC(28355) Encountered references: Soft: 7, Weak: 34, Final: 0, Phantom: 1
[454.811s][info ][gc,ref         ] GC(28355) Discovered  references: Soft: 4, Weak: 9, Final: 0, Phantom: 1
[454.811s][info ][gc,ref         ] GC(28355) Enqueued    references: Soft: 0, Weak: 0, Final: 0, Phantom: 0
[454.811s][debug][gc,phases,start] GC(28355) ClassLoaderData
[454.811s][debug][gc,phases      ] GC(28355) ClassLoaderData 0.009ms
[454.811s][debug][gc,phases,start] GC(28355) Trigger cleanups
[454.811s][debug][gc,phases      ] GC(28355) Trigger cleanups 0.003ms
[454.811s][info ][gc,ergo        ] GC(28355) Adaptive CSet Selection. Target Free: 290M, Actual Free: 215M, Max CSet: 87381K, Min Garbage: 76936K
[454.811s][info ][gc,ergo        ] GC(28355) Collectable Garbage: 0B (0%), Immediate: 0B (0%), CSet: 0B (0%)
[454.814s][info ][gc,ergo        ] GC(28355) Good progress for free space: 112M, need 20971K
[454.814s][info ][gc,ergo        ] GC(28355) Bad progress for used space: 0B, need 1024K
[454.814s][info ][gc,ergo        ] GC(28355) Bad progress for internal fragmentation: -nan%, need 1.0%
[454.814s][info ][gc,ergo        ] GC(28355) Bad progress for external fragmentation: 0.0%, need 1.0%
[454.814s][info ][gc             ] GC(28355) Cancelling GC: Upgrade To Full GC
[454.815s][info ][gc,phases,start] GC(28355) Phase 1: Mark live objects
[454.815s][info ][gc,ref         ] GC(28355) Clearing All SoftReferences
[454.815s][info ][gc,ref         ] GC(28355) Clearing All SoftReferences
[454.815s][info ][gc,ref         ] GC(28355) Encountered references: Soft: 7, Weak: 34, Final: 0, Phantom: 1
[454.815s][info ][gc,ref         ] GC(28355) Discovered  references: Soft: 4, Weak: 4, Final: 0, Phantom: 1
[454.815s][info ][gc,ref         ] GC(28355) Enqueued    references: Soft: 0, Weak: 0, Final: 0, Phantom: 0
[454.815s][debug][gc,phases,start] GC(28355) ClassLoaderData
[454.815s][debug][gc,phases      ] GC(28355) ClassLoaderData 0.010ms
[454.815s][debug][gc,phases,start] GC(28355) Trigger cleanups
[454.815s][debug][gc,phases      ] GC(28355) Trigger cleanups 0.003ms
[454.816s][info ][gc,phases      ] GC(28355) Phase 1: Mark live objects 0.832ms
[454.816s][info ][gc,phases,start] GC(28355) Phase 2: Compute new object addresses
[454.816s][info ][gc,phases      ] GC(28355) Phase 2: Compute new object addresses 0.348ms
[454.816s][info ][gc,phases,start] GC(28355) Phase 3: Adjust pointers
[454.817s][info ][gc,phases      ] GC(28355) Phase 3: Adjust pointers 1.118ms
[454.817s][info ][gc,phases,start] GC(28355) Phase 4: Move objects
[454.928s][info ][gc,phases      ] GC(28355) Phase 4: Move objects 110.874ms
[454.928s][info ][gc,ergo        ] GC(28355) Good progress for free space: 112M, need 20971K
[454.928s][info ][gc,ergo        ] GC(28355) Bad progress for used space: 496K, need 1024K
[454.928s][info ][gc,ergo        ] GC(28355) Bad progress for internal fragmentation: -nan%, need 1.0%
[454.928s][info ][gc,ergo        ] GC(28355) Good progress for external fragmentation: 87.5%, need 1.0%
[454.928s][info ][gc             ] GC(28355) Pause Degenerated GC (Outside of Cycle) 1051M->1051M(2048M) 119.482ms
[454.928s][debug][gc,ergo        ] GC(28355) Margin of error now 3.29
[454.929s][debug][gc,ergo        ] GC(28355) Spike threshold now: 0.32
[454.929s][info ][gc,ergo        ] Free: 94704K, Max: 1024K regular, 94208K humongous, Frag: 0% external, 0% internal; Reserve: 103M, Max: 1024K
[454.929s][info ][gc,stats       ] 
[454.929s][info ][gc,stats       ] All times are wall-clock times, except per-root-class counters, that are sum over
[454.929s][info ][gc,stats       ] all workers. Dividing the <total> over the root stage time estimates parallelism.
[454.929s][info ][gc,stats       ] 
[454.929s][info ][gc,stats       ] Pause Degenerated GC (G)         119809 us
[454.929s][info ][gc,stats       ] Pause Degenerated GC (N)         119489 us
[454.929s][info ][gc,stats       ]   Degen STW Mark                    410 us, parallelism: 5.40x
[454.929s][info ][gc,stats       ]     DSM: <total>                   2214 us
[454.929s][info ][gc,stats       ]     DSM: Thread Roots                54 us, workers (us):  27,  17,   7,   1,   0,   1,   0,   1, 
[454.929s][info ][gc,stats       ]     DSM: VM Strong Roots              3 us, workers (us):   0,   1,   1,   0,   0,   0,   0,   0, 
[454.929s][info ][gc,stats       ]     DSM: CLDG Roots                  16 us, workers (us):  14,   0,   0,   0,   0,   1,   0,   1, 
[454.929s][info ][gc,stats       ]     DSM: Parallel Mark             2141 us, workers (us): 297, 301, 260, 309, 259, 237, 248, 230, 
[454.929s][info ][gc,stats       ]     System Purge                    330 us
[454.929s][info ][gc,stats       ]       Weak References               121 us, parallelism: 0.02x
[454.929s][info ][gc,stats       ]         WRP: <total>                  2 us
[454.929s][info ][gc,stats       ]         WRP: Weak References          2 us, workers (us):   1,   0,   0,   0,   0,   0,   0,   0, 
[454.929s][info ][gc,stats       ]       Unload Classes                113 us, parallelism: 1.13x
[454.929s][info ][gc,stats       ]         DCU: <total>                128 us
[454.929s][info ][gc,stats       ]         DCU: Unload Code Caches      128 us, workers (us):  46,  42,  23,  16,   0,   0,   0,   0, 
[454.929s][info ][gc,stats       ]       Weak Roots                     94 us, parallelism: 0.20x
[454.929s][info ][gc,stats       ]         DWR: <total>                 19 us
[454.929s][info ][gc,stats       ]         DWR: VM Weak Roots           19 us, workers (us):  11,   3,   1,   1,   1,   1,   1,   1, 
[454.929s][info ][gc,stats       ]       CLDG                            0 us
[454.929s][info ][gc,stats       ]   Update Region States               90 us
[454.929s][info ][gc,stats       ]   Manage GC/TLABs                     1 us
[454.929s][info ][gc,stats       ]   Choose Collection Set              24 us
[454.929s][info ][gc,stats       ]   Rebuild Free Set                    6 us
[454.929s][info ][gc,stats       ]   Evacuation                        375 us
[454.929s][info ][gc,stats       ]   Manage GCLABs                       3 us
[454.929s][info ][gc,stats       ]   Update References                1302 us
[454.929s][info ][gc,stats       ]   Update Region States               98 us
[454.929s][info ][gc,stats       ]   Trash Collection Set                2 us
[454.929s][info ][gc,stats       ]   Rebuild Free Set                   10 us
[454.929s][info ][gc,stats       ]   Degen Update Roots                208 us, parallelism: 1.15x
[454.929s][info ][gc,stats       ]     DU: <total>                     238 us
[454.929s][info ][gc,stats       ]     DU: Thread Roots                 72 us, workers (us):  30,   0,  32,   2,   8,   0,   0,   0, 
[454.929s][info ][gc,stats       ]     DU: Code Cache Roots            122 us, workers (us):   0, 121,   0,   0,   0,   0,   0,   0, 
[454.929s][info ][gc,stats       ]     DU: VM Strong Roots               4 us, workers (us):   3,   0,   0,   0,   0,   0,   0,   0, 
[454.929s][info ][gc,stats       ]     DU: VM Weak Roots                24 us, workers (us):  14,   8,   1,   1,   0,   0,   0,   0, 
[454.929s][info ][gc,stats       ]     DU: CLDG Roots                   17 us, workers (us):  13,   2,   1,   0,   0,   0,   0,   0, 
[454.929s][info ][gc,stats       ]   Cleanup                           107 us
[454.929s][info ][gc,stats       ]   Pre Heap Dump                       1 us
[454.929s][info ][gc,stats       ]   Prepare                           966 us
[454.929s][info ][gc,stats       ]   Mark                              803 us, parallelism: 3.03x
[454.929s][info ][gc,stats       ]     FM: <total>                    2430 us
[454.929s][info ][gc,stats       ]     FM: Thread Roots                 62 us, workers (us):  33,  19,   6,   1,   1,   1,   0,   1, 
[454.929s][info ][gc,stats       ]     FM: VM Strong Roots               4 us, workers (us):   1,   0,   2,   0,   0,   0,   0,   0, 
[454.929s][info ][gc,stats       ]     FM: CLDG Roots                   17 us, workers (us):   0,  14,   0,   0,   0,   1,   0,   1, 
[454.929s][info ][gc,stats       ]     FM: Parallel Mark              2348 us, workers (us): 334, 313, 302, 338, 297, 260, 242, 262, 
[454.929s][info ][gc,stats       ]     System Purge                    341 us
[454.929s][info ][gc,stats       ]       Weak References               109 us, parallelism: 0.02x
[454.929s][info ][gc,stats       ]         WRP: <total>                  2 us
[454.929s][info ][gc,stats       ]         WRP: Weak References          2 us, workers (us):   1,   0,   0,   0,   0,   0,   0,   0, 
[454.929s][info ][gc,stats       ]       Unload Classes                140 us, parallelism: 0.97x
[454.929s][info ][gc,stats       ]         CU: <total>                 136 us
[454.929s][info ][gc,stats       ]         CU: Unload Code Caches      136 us, workers (us):  59,  43,  33,   0,   0,   0,   0,   0, 
[454.929s][info ][gc,stats       ]       Weak Roots                     90 us, parallelism: 0.22x
[454.929s][info ][gc,stats       ]         WR: <total>                  19 us
[454.929s][info ][gc,stats       ]         WR: VM Weak Roots            19 us, workers (us):  13,   2,   1,   1,   1,   1,   1,   1, 
[454.929s][info ][gc,stats       ]       CLDG                            0 us
[454.929s][info ][gc,stats       ]   Calculate Addresses               344 us
[454.929s][info ][gc,stats       ]     Regular Objects                 249 us
[454.929s][info ][gc,stats       ]     Humongous Objects                53 us
[454.929s][info ][gc,stats       ]   Adjust Pointers                  1113 us
[454.929s][info ][gc,stats       ]     FA: <total>                     163 us
[454.929s][info ][gc,stats       ]     FA: Thread Roots                 35 us, workers (us):   0,  18,  15,   0,   0,   0,   1,   0, 
[454.929s][info ][gc,stats       ]     FA: Code Cache Roots            103 us, workers (us): 102,   0,   0,   0,   0,   0,   0,   0, 
[454.929s][info ][gc,stats       ]     FA: VM Strong Roots               2 us, workers (us):   1,   0,   0,   0,   0,   0,   0,   0, 
[454.929s][info ][gc,stats       ]     FA: VM Weak Roots                15 us, workers (us):  10,   4,   0,   0,   0,   0,   0,   0, 
[454.929s][info ][gc,stats       ]     FA: CLDG Roots                    8 us, workers (us):   1,   7,   0,   0,   0,   0,   0,   0, 
[454.929s][info ][gc,stats       ]   Copy Objects                   110869 us
[454.929s][info ][gc,stats       ]     Regular Objects                 345 us
[454.929s][info ][gc,stats       ]     Humongous Objects            109118 us
[454.929s][info ][gc,stats       ]     Reset Complete Bitmap          1346 us
[454.929s][info ][gc,stats       ]     Rebuild Region Sets              58 us
[454.929s][info ][gc,stats       ]   Post Heap Dump                      1 us
[454.929s][info ][gc,stats       ] 
[454.929s][info ][gc,stats       ] Allocation pacing accrued:
[454.929s][info ][gc,stats       ]       0 of   122 ms (  0.0%): <total>
[454.929s][info ][gc,stats       ]       0 of   122 ms (  0.0%): <average total>
[454.929s][info ][gc,stats       ] 
[454.929s][info ][gc,metaspace   ] Metaspace: 253K(448K)->253K(448K) NonClass: 247K(320K)->247K(320K) Class: 5K(128K)->5K(128K)
[454.929s][info ][gc,ergo        ] Pacer for Idle. Initial: 41943K, Alloc Tax Rate: 1.0x
[454.930s][info ][gc             ] Trigger: Free (62960K) is below minimum threshold (204M)
[454.930s][info ][gc,ergo        ] Free: 62960K, Max: 1024K regular, 62464K humongous, Frag: 0% external, 0% internal; Reserve: 103M, Max: 1024K
[454.930s][info ][gc,start       ] GC(28356) Concurrent reset
[454.930s][info ][gc,task        ] GC(28356) Using 4 of 8 workers for concurrent reset
[454.930s][info ][gc,ergo        ] GC(28356) Pacer for Reset. Non-Taxable: 2048M
[454.930s][info ][gc             ] GC(28356) Concurrent reset 0.249ms
[454.930s][info ][gc,start       ] GC(28356) Pause Init Mark (unload classes)
[454.930s][info ][gc,task        ] GC(28356) Using 8 of 8 workers for init marking
[454.931s][info ][gc,ergo        ] GC(28356) Pacer for Mark. Expected Live: 1667M, Free: 62960K, Non-Taxable: 6296K, Alloc Tax Rate: 33.1x
[454.931s][info ][gc             ] GC(28356) Pause Init Mark (unload classes) 0.161ms
[454.931s][info ][gc,start       ] GC(28356) Concurrent marking roots
[454.931s][info ][gc,task        ] GC(28356) Using 4 of 8 workers for concurrent marking roots
[454.931s][info ][gc             ] GC(28356) Concurrent marking roots 0.246ms
[454.931s][info ][gc,start       ] GC(28356) Concurrent marking (unload classes)
[454.931s][info ][gc,task        ] GC(28356) Using 4 of 8 workers for concurrent marking
[454.932s][info ][gc             ] GC(28356) Concurrent marking (unload classes) 0.657ms
[454.932s][info ][gc,start       ] GC(28356) Pause Final Mark (unload classes)
[454.932s][info ][gc,task        ] GC(28356) Using 8 of 8 workers for final marking
[454.932s][info ][gc,ergo        ] GC(28356) Collectable Garbage: 14336K (100%), Immediate: 14336K (100%), CSet: 0B (0%)
[454.932s][info ][gc             ] GC(28356) Pause Final Mark (unload classes) 0.558ms
[454.932s][info ][gc,start       ] GC(28356) Concurrent weak references
[454.932s][info ][gc,task        ] GC(28356) Using 4 of 8 workers for concurrent weak references
[454.932s][info ][gc,ref         ] GC(28356) Encountered references: Soft: 7, Weak: 34, Final: 0, Phantom: 1
[454.932s][info ][gc,ref         ] GC(28356) Discovered  references: Soft: 0, Weak: 1, Final: 0, Phantom: 1
[454.932s][info ][gc,ref         ] GC(28356) Enqueued    references: Soft: 0, Weak: 0, Final: 0, Phantom: 0
[454.932s][info ][gc             ] GC(28356) Concurrent weak references 0.108ms
[454.932s][info ][gc,start       ] GC(28356) Concurrent weak roots
[454.932s][info ][gc,task        ] GC(28356) Using 4 of 8 workers for concurrent weak root
[454.933s][info ][gc             ] GC(28356) Concurrent weak roots 0.296ms
[454.933s][info ][gc,start       ] GC(28356) Concurrent cleanup
[454.933s][info ][gc             ] GC(28356) Concurrent cleanup 1097M->1085M(2048M) 0.094ms
[454.933s][info ][gc,ergo        ] GC(28356) Free: 54768K, Max: 1024K regular, 41984K humongous, Frag: 23% external, 0% internal; Reserve: 103M, Max: 1024K
[454.933s][info ][gc,start       ] GC(28356) Concurrent class unloading
[454.933s][info ][gc,task        ] GC(28356) Using 4 of 8 workers for concurrent class unloading
[454.933s][debug][gc,phases,start] GC(28356) ClassLoaderData
[454.933s][debug][gc,phases      ] GC(28356) ClassLoaderData 0.007ms
[454.933s][debug][gc,phases,start] GC(28356) Trigger cleanups
[454.933s][debug][gc,phases      ] GC(28356) Trigger cleanups 0.005ms
[454.933s][info ][gc             ] GC(28356) Concurrent class unloading 0.435ms
[454.933s][info ][gc,start       ] GC(28356) Pause Final Roots
[454.933s][info ][gc             ] GC(28356) Pause Final Roots 0.017ms
[454.933s][debug][gc,ergo        ] GC(28356) Available: 52720 KB, z-score=-2.269. Average available: 138.2 MB +/- 39135.2 KB.
[454.933s][info ][gc,ergo        ] Free: 52720K, Max: 1024K regular, 41984K humongous, Frag: 20% external, 0% internal; Reserve: 103M, Max: 1024K
[454.933s][info ][gc,stats       ] 
[454.933s][info ][gc,stats       ] All times are wall-clock times, except per-root-class counters, that are sum over
[454.933s][info ][gc,stats       ] all workers. Dividing the <total> over the root stage time estimates parallelism.
[454.933s][info ][gc,stats       ] 
[454.933s][info ][gc,stats       ] Concurrent Reset                    264 us
[454.933s][info ][gc,stats       ] Pause Init Mark (G)                 240 us
[454.933s][info ][gc,stats       ] Pause Init Mark (N)                 168 us
[454.933s][info ][gc,stats       ]   Update Region States              105 us
[454.933s][info ][gc,stats       ] Concurrent Mark Roots               261 us, parallelism: 1.60x
[454.933s][info ][gc,stats       ]   CMR: <total>                      419 us
[454.933s][info ][gc,stats       ]   CMR: Thread Roots                 396 us, workers (us): 111, 105,  85,  95, ---, ---, ---, ---, 
[454.934s][info ][gc,stats       ]   CMR: VM Strong Roots                5 us, workers (us):   4,   0,   0,   0, ---, ---, ---, ---, 
[454.934s][info ][gc,stats       ]   CMR: CLDG Roots                    18 us, workers (us):  18,   1, ---, ---, ---, ---, ---, ---, 
[454.934s][info ][gc,stats       ] Concurrent Marking                  672 us
[454.934s][info ][gc,stats       ] Pause Final Mark (G)                698 us
[454.934s][info ][gc,stats       ] Pause Final Mark (N)                565 us
[454.934s][info ][gc,stats       ]   Finish Mark                       367 us
[454.934s][info ][gc,stats       ]   Update Region States              122 us
[454.934s][info ][gc,stats       ]   Choose Collection Set              34 us
[454.934s][info ][gc,stats       ]   Rebuild Free Set                    9 us
[454.934s][info ][gc,stats       ] Concurrent Weak References          114 us, parallelism: 0.02x
[454.934s][info ][gc,stats       ]   CWRF: <total>                       2 us
[454.934s][info ][gc,stats       ]   CWRF: Weak References               2 us, workers (us):   2,   0,   0,   0, ---, ---, ---, ---, 
[454.934s][info ][gc,stats       ] Concurrent Weak Roots               310 us
[454.934s][info ][gc,stats       ]   Roots                             208 us, parallelism: 0.71x
[454.934s][info ][gc,stats       ]     CWR: <total>                    147 us
[454.934s][info ][gc,stats       ]     CWR: Code Cache Roots           109 us, workers (us):   0, 109,   0,   0, ---, ---, ---, ---, 
[454.934s][info ][gc,stats       ]     CWR: VM Weak Roots               35 us, workers (us):  26,   6,   3,   0, ---, ---, ---, ---, 
[454.934s][info ][gc,stats       ]     CWR: CLDG Roots                   3 us, workers (us): ---, ---,   3, ---, ---, ---, ---, ---, 
[454.934s][info ][gc,stats       ]   Rendezvous                         77 us
[454.934s][info ][gc,stats       ] Concurrent Cleanup                   99 us
[454.934s][info ][gc,stats       ] Concurrent Class Unloading          454 us
[454.934s][info ][gc,stats       ]   Unlink Stale                      240 us
[454.934s][info ][gc,stats       ]     System Dictionary                23 us
[454.934s][info ][gc,stats       ]     Weak Class Links                  0 us
[454.934s][info ][gc,stats       ]     Code Roots                      217 us
[454.934s][info ][gc,stats       ]   Rendezvous                         61 us
[454.934s][info ][gc,stats       ]   Purge Unlinked                    119 us
[454.934s][info ][gc,stats       ]     Code Roots                      104 us
[454.934s][info ][gc,stats       ]     CLDG                             15 us
[454.934s][info ][gc,stats       ]     Exception Caches                  0 us
[454.934s][info ][gc,stats       ] Pause Final Roots (G)               106 us
[454.934s][info ][gc,stats       ] Pause Final Roots (N)                22 us
[454.934s][info ][gc,stats       ] Pacing                             3495 us
[454.934s][info ][gc,stats       ] 
[454.934s][info ][gc,stats       ] Allocation pacing accrued:
[454.934s][info ][gc,stats       ]       2 of     5 ms ( 39.2%): Thread-2
[454.934s][info ][gc,stats       ]       2 of     5 ms ( 34.8%): Thread-3
[454.934s][info ][gc,stats       ]       3 of     5 ms ( 73.9%): <total>
[454.934s][info ][gc,stats       ]       0 of     5 ms (  3.5%): <average total>
[454.934s][info ][gc,stats       ]       2 of     5 ms ( 37.0%): <average non-zero>
[454.934s][info ][gc,stats       ] 
[454.934s][info ][gc,metaspace   ] Metaspace: 253K(448K)->253K(448K) NonClass: 247K(320K)->247K(320K) Class: 5K(128K)->5K(128K)
[454.934s][info ][gc,ergo        ] Pacer for Idle. Initial: 41943K, Alloc Tax Rate: 1.0x
[454.935s][info ][gc             ] Trigger: Free (46576K) is below minimum threshold (204M)
[454.935s][info ][gc,ergo        ] Free: 46576K, Max: 1024K regular, 41984K humongous, Frag: 9% external, 1% internal; Reserve: 103M, Max: 1024K
[454.935s][info ][gc,start       ] GC(28357) Concurrent reset
[454.935s][info ][gc,task        ] GC(28357) Using 4 of 8 workers for concurrent reset
[454.935s][info ][gc,ergo        ] GC(28357) Pacer for Reset. Non-Taxable: 2048M
[454.937s][info ][gc             ] GC(28357) Concurrent reset 2.203ms
[454.937s][info ][gc,start       ] GC(28357) Pause Init Mark (unload classes)
[454.937s][info ][gc,task        ] GC(28357) Using 8 of 8 workers for init marking
[454.937s][info ][gc,ergo        ] GC(28357) Pacer for Mark. Expected Live: 1669M, Free: 34288K, Non-Taxable: 3428K, Alloc Tax Rate: 60.9x
[454.937s][info ][gc             ] GC(28357) Pause Init Mark (unload classes) 0.140ms
[454.937s][info ][gc,start       ] GC(28357) Concurrent marking roots
[454.937s][info ][gc,task        ] GC(28357) Using 4 of 8 workers for concurrent marking roots
[454.938s][info ][gc             ] GC(28357) Concurrent marking roots 0.286ms
[454.938s][info ][gc,start       ] GC(28357) Concurrent marking (unload classes)
[454.938s][info ][gc,task        ] GC(28357) Using 4 of 8 workers for concurrent marking
[454.938s][info ][gc             ] GC(28357) Concurrent marking (unload classes) 0.593ms
[454.938s][info ][gc,start       ] GC(28357) Pause Final Mark (unload classes)
[454.938s][info ][gc,task        ] GC(28357) Using 8 of 8 workers for final marking
[454.939s][info ][gc,ergo        ] GC(28357) Collectable Garbage: 43008K (100%), Immediate: 43008K (100%), CSet: 0B (0%)
[454.939s][info ][gc             ] GC(28357) Pause Final Mark (unload classes) 0.669ms
[454.939s][info ][gc,start       ] GC(28357) Concurrent weak references
[454.939s][info ][gc,task        ] GC(28357) Using 4 of 8 workers for concurrent weak references
[454.939s][info ][gc,ref         ] GC(28357) Encountered references: Soft: 7, Weak: 34, Final: 0, Phantom: 1
[454.939s][info ][gc,ref         ] GC(28357) Discovered  references: Soft: 0, Weak: 1, Final: 0, Phantom: 0
[454.939s][info ][gc,ref         ] GC(28357) Enqueued    references: Soft: 0, Weak: 0, Final: 0, Phantom: 0
[454.939s][info ][gc             ] GC(28357) Concurrent weak references 0.102ms
[454.939s][info ][gc,start       ] GC(28357) Concurrent weak roots
[454.939s][info ][gc,task        ] GC(28357) Using 4 of 8 workers for concurrent weak root
[454.939s][info ][gc             ] GC(28357) Concurrent weak roots 0.198ms
[454.939s][info ][gc,start       ] GC(28357) Concurrent cleanup
[454.940s][info ][gc             ] GC(28357) Concurrent cleanup 1100M->1058M(2048M) 0.098ms
[454.940s][info ][gc,ergo        ] GC(28357) Free: 107M, Max: 1024K regular, 56320K humongous, Frag: 49% external, 0% internal; Reserve: 103M, Max: 1024K
[454.940s][info ][gc,start       ] GC(28357) Concurrent class unloading
[454.940s][info ][gc,task        ] GC(28357) Using 4 of 8 workers for concurrent class unloading
[454.940s][debug][gc,phases,start] GC(28357) ClassLoaderData
[454.940s][debug][gc,phases      ] GC(28357) ClassLoaderData 0.017ms
[454.940s][debug][gc,phases,start] GC(28357) Trigger cleanups
[454.940s][debug][gc,phases      ] GC(28357) Trigger cleanups 0.005ms
[454.940s][info ][gc             ] GC(28357) Concurrent class unloading 0.421ms
[454.940s][info ][gc,start       ] GC(28357) Pause Final Roots
[454.940s][info ][gc             ] GC(28357) Pause Final Roots 0.011ms
[454.940s][debug][gc,ergo        ] GC(28357) Available: 107 MB, z-score=-0.657. Average available: 132.6 MB +/- 39120.2 KB.
[454.940s][info ][gc,ergo        ] Free: 107M, Max: 1024K regular, 56320K humongous, Frag: 49% external, 0% internal; Reserve: 103M, Max: 1024K
[454.940s][info ][gc,stats       ] 
[454.940s][info ][gc,stats       ] All times are wall-clock times, except per-root-class counters, that are sum over
[454.940s][info ][gc,stats       ] all workers. Dividing the <total> over the root stage time estimates parallelism.
[454.940s][info ][gc,stats       ] 
[454.940s][info ][gc,stats       ] Concurrent Reset                   2222 us
[454.940s][info ][gc,stats       ] Pause Init Mark (G)                 341 us
[454.940s][info ][gc,stats       ] Pause Init Mark (N)                 146 us
[454.940s][info ][gc,stats       ]   Update Region States              104 us
[454.940s][info ][gc,stats       ] Concurrent Mark Roots               303 us, parallelism: 1.17x
[454.940s][info ][gc,stats       ]   CMR: <total>                      354 us
[454.940s][info ][gc,stats       ]   CMR: Thread Roots                 335 us, workers (us): 115, 118, 102,   0, ---, ---, ---, ---, 
[454.940s][info ][gc,stats       ]   CMR: VM Strong Roots                3 us, workers (us):   3,   0,   0,   0, ---, ---, ---, ---, 
[454.940s][info ][gc,stats       ]   CMR: CLDG Roots                    16 us, workers (us):  16,   1, ---, ---, ---, ---, ---, ---, 
[454.940s][info ][gc,stats       ] Concurrent Marking                  607 us
[454.940s][info ][gc,stats       ] Pause Final Mark (G)                763 us
[454.940s][info ][gc,stats       ] Pause Final Mark (N)                675 us
[454.940s][info ][gc,stats       ]   Finish Mark                       473 us
[454.940s][info ][gc,stats       ]   Update Region States              124 us
[454.940s][info ][gc,stats       ]   Choose Collection Set              39 us
[454.940s][info ][gc,stats       ]   Rebuild Free Set                    9 us
[454.940s][info ][gc,stats       ] Concurrent Weak References          106 us, parallelism: 0.01x
[454.940s][info ][gc,stats       ]   CWRF: <total>                       1 us
[454.940s][info ][gc,stats       ]   CWRF: Weak References               1 us, workers (us):   1,   0,   0,   0, ---, ---, ---, ---, 
[454.940s][info ][gc,stats       ] Concurrent Weak Roots               210 us
[454.940s][info ][gc,stats       ]   Roots                             123 us, parallelism: 0.63x
[454.940s][info ][gc,stats       ]     CWR: <total>                     77 us
[454.940s][info ][gc,stats       ]     CWR: Code Cache Roots            54 us, workers (us):  54,   0,   0,   0, ---, ---, ---, ---, 
[454.940s][info ][gc,stats       ]     CWR: VM Weak Roots               22 us, workers (us):  20,   1,   1,   0, ---, ---, ---, ---, 
[454.940s][info ][gc,stats       ]     CWR: CLDG Roots                   1 us, workers (us):   1, ---, ---, ---, ---, ---, ---, ---, 
[454.940s][info ][gc,stats       ]   Rendezvous                         67 us
[454.940s][info ][gc,stats       ] Concurrent Cleanup                  104 us
[454.940s][info ][gc,stats       ] Concurrent Class Unloading          430 us
[454.940s][info ][gc,stats       ]   Unlink Stale                      247 us
[454.940s][info ][gc,stats       ]     System Dictionary                33 us
[454.940s][info ][gc,stats       ]     Weak Class Links                  0 us
[454.940s][info ][gc,stats       ]     Code Roots                      214 us
[454.940s][info ][gc,stats       ]   Rendezvous                         55 us
[454.940s][info ][gc,stats       ]   Purge Unlinked                    107 us
[454.940s][info ][gc,stats       ]     Code Roots                       93 us
[454.940s][info ][gc,stats       ]     CLDG                             14 us
[454.940s][info ][gc,stats       ]     Exception Caches                  0 us
[454.940s][info ][gc,stats       ] Pause Final Roots (G)                67 us
[454.940s][info ][gc,stats       ] Pause Final Roots (N)                15 us
[454.940s][info ][gc,stats       ] 
[454.940s][info ][gc,stats       ] Allocation pacing accrued:
[454.940s][info ][gc,stats       ]       0 of     7 ms (  0.0%): <total>
[454.940s][info ][gc,stats       ]       0 of     7 ms (  0.0%): <average total>
[454.940s][info ][gc,stats       ] 
[454.940s][info ][gc,metaspace   ] Metaspace: 253K(448K)->253K(448K) NonClass: 247K(320K)->247K(320K) Class: 5K(128K)->5K(128K)
[454.940s][info ][gc,ergo        ] Pacer for Idle. Initial: 41943K, Alloc Tax Rate: 1.0x
[454.941s][info ][gc             ] Trigger: Free (99824K) is below minimum threshold (204M)
[454.942s][info ][gc,ergo        ] Free: 99824K, Max: 1024K regular, 56320K humongous, Frag: 44% external, 0% internal; Reserve: 103M, Max: 1024K
[454.942s][info ][gc,start       ] GC(28358) Concurrent reset
[454.942s][info ][gc,task        ] GC(28358) Using 4 of 8 workers for concurrent reset
[454.942s][info ][gc,ergo        ] GC(28358) Pacer for Reset. Non-Taxable: 2048M
[454.943s][info ][gc             ] GC(28358) Concurrent reset 1.917ms
[454.944s][info ][gc,start       ] GC(28358) Pause Init Mark (unload classes)
[454.944s][info ][gc,task        ] GC(28358) Using 8 of 8 workers for init marking
[454.944s][info ][gc,ergo        ] GC(28358) Pacer for Mark. Expected Live: 1668M, Free: 72176K, Non-Taxable: 7217K, Alloc Tax Rate: 28.9x
[454.944s][info ][gc             ] GC(28358) Pause Init Mark (unload classes) 0.145ms
[454.944s][info ][gc,start       ] GC(28358) Concurrent marking roots
[454.944s][info ][gc,task        ] GC(28358) Using 4 of 8 workers for concurrent marking roots
[454.944s][info ][gc             ] GC(28358) Concurrent marking roots 0.176ms
[454.944s][info ][gc,start       ] GC(28358) Concurrent marking (unload classes)
[454.945s][info ][gc,task        ] GC(28358) Using 4 of 8 workers for concurrent marking
[454.945s][info ][gc             ] GC(28358) Concurrent marking (unload classes) 0.526ms
[454.945s][info ][gc,start       ] GC(28358) Pause Final Mark (unload classes)
[454.945s][info ][gc,task        ] GC(28358) Using 8 of 8 workers for final marking
[454.946s][info ][gc,ergo        ] GC(28358) Collectable Garbage: 14336K (100%), Immediate: 14336K (100%), CSet: 0B (0%)
[454.946s][info ][gc             ] GC(28358) Pause Final Mark (unload classes) 0.667ms
[454.946s][info ][gc,start       ] GC(28358) Concurrent weak references
[454.946s][info ][gc,task        ] GC(28358) Using 4 of 8 workers for concurrent weak references
[454.946s][info ][gc,ref         ] GC(28358) Encountered references: Soft: 7, Weak: 34, Final: 0, Phantom: 1
[454.946s][info ][gc,ref         ] GC(28358) Discovered  references: Soft: 0, Weak: 1, Final: 0, Phantom: 1
[454.946s][info ][gc,ref         ] GC(28358) Enqueued    references: Soft: 0, Weak: 0, Final: 0, Phantom: 0
[454.946s][info ][gc             ] GC(28358) Concurrent weak references 0.112ms
[454.946s][info ][gc,start       ] GC(28358) Concurrent weak roots
[454.946s][info ][gc,task        ] GC(28358) Using 4 of 8 workers for concurrent weak root
[454.946s][info ][gc             ] GC(28358) Concurrent weak roots 0.238ms
[454.946s][info ][gc,start       ] GC(28358) Concurrent cleanup
[454.946s][info ][gc             ] GC(28358) Concurrent cleanup 1094M->1080M(2048M) 0.121ms
[454.946s][info ][gc,ergo        ] GC(28358) Free: 74224K, Max: 1024K regular, 53248K humongous, Frag: 28% external, 0% internal; Reserve: 103M, Max: 1024K
[454.946s][info ][gc,start       ] GC(28358) Concurrent class unloading
[454.946s][info ][gc,task        ] GC(28358) Using 4 of 8 workers for concurrent class unloading
[454.946s][debug][gc,phases,start] GC(28358) ClassLoaderData
[454.947s][debug][gc,phases      ] GC(28358) ClassLoaderData 0.007ms
[454.947s][debug][gc,phases,start] GC(28358) Trigger cleanups
[454.947s][debug][gc,phases      ] GC(28358) Trigger cleanups 0.005ms
[454.947s][info ][gc             ] GC(28358) Concurrent class unloading 0.368ms
[454.947s][info ][gc,start       ] GC(28358) Pause Final Roots
[454.947s][info ][gc             ] GC(28358) Pause Final Roots 0.015ms
[454.947s][debug][gc,ergo        ] GC(28358) Available: 74224 KB, z-score=-1.295. Average available: 121.4 MB +/- 38667.2 KB.
[454.947s][info ][gc,ergo        ] Free: 74224K, Max: 1024K regular, 53248K humongous, Frag: 28% external, 0% internal; Reserve: 103M, Max: 1024K
[454.947s][info ][gc,stats       ] 
[454.947s][info ][gc,stats       ] All times are wall-clock times, except per-root-class counters, that are sum over
[454.947s][info ][gc,stats       ] all workers. Dividing the <total> over the root stage time estimates parallelism.
[454.947s][info ][gc,stats       ] 
[454.947s][info ][gc,stats       ] Concurrent Reset                   1949 us
[454.947s][info ][gc,stats       ] Pause Init Mark (G)                 828 us
[454.947s][info ][gc,stats       ] Pause Init Mark (N)                 151 us
[454.947s][info ][gc,stats       ]   Update Region States              111 us
[454.947s][info ][gc,stats       ] Concurrent Mark Roots               199 us, parallelism: 0.81x
[454.947s][info ][gc,stats       ]   CMR: <total>                      160 us
[454.947s][info ][gc,stats       ]   CMR: Thread Roots                 130 us, workers (us):  36,  47,  32,  14, ---, ---, ---, ---, 
[454.947s][info ][gc,stats       ]   CMR: VM Strong Roots                5 us, workers (us):   4,   1,   0,   0, ---, ---, ---, ---, 
[454.947s][info ][gc,stats       ]   CMR: CLDG Roots                    26 us, workers (us):  25,   0, ---, ---, ---, ---, ---, ---, 
[454.947s][info ][gc,stats       ] Concurrent Marking                  541 us
[454.947s][info ][gc,stats       ] Pause Final Mark (G)                933 us
[454.947s][info ][gc,stats       ] Pause Final Mark (N)                675 us
[454.947s][info ][gc,stats       ]   Finish Mark                       414 us
[454.947s][info ][gc,stats       ]   Update Region States              157 us
[454.947s][info ][gc,stats       ]   Choose Collection Set              56 us
[454.947s][info ][gc,stats       ]   Rebuild Free Set                   14 us
[454.947s][info ][gc,stats       ] Concurrent Weak References          121 us, parallelism: 0.01x
[454.947s][info ][gc,stats       ]   CWRF: <total>                       1 us
[454.947s][info ][gc,stats       ]   CWRF: Weak References               1 us, workers (us):   1,   0,   0,   0, ---, ---, ---, ---, 
[454.947s][info ][gc,stats       ] Concurrent Weak Roots               250 us
[454.947s][info ][gc,stats       ]   Roots                             162 us, parallelism: 0.56x
[454.947s][info ][gc,stats       ]     CWR: <total>                     91 us
[454.947s][info ][gc,stats       ]     CWR: Code Cache Roots            40 us, workers (us):   0,  40,   0,   0, ---, ---, ---, ---, 
[454.947s][info ][gc,stats       ]     CWR: VM Weak Roots               50 us, workers (us):  48,   1,   0,   0, ---, ---, ---, ---, 
[454.947s][info ][gc,stats       ]     CWR: CLDG Roots                   1 us, workers (us):   1, ---, ---, ---, ---, ---, ---, ---, 
[454.947s][info ][gc,stats       ]   Rendezvous                         60 us
[454.947s][info ][gc,stats       ] Concurrent Cleanup                  126 us
[454.947s][info ][gc,stats       ] Concurrent Class Unloading          379 us
[454.947s][info ][gc,stats       ]   Unlink Stale                      205 us
[454.947s][info ][gc,stats       ]     System Dictionary                36 us
[454.947s][info ][gc,stats       ]     Weak Class Links                  0 us
[454.947s][info ][gc,stats       ]     Code Roots                      168 us
[454.947s][info ][gc,stats       ]   Rendezvous                         60 us
[454.947s][info ][gc,stats       ]   Purge Unlinked                     74 us
[454.947s][info ][gc,stats       ]     Code Roots                       50 us
[454.947s][info ][gc,stats       ]     CLDG                             14 us
[454.947s][info ][gc,stats       ]     Exception Caches                  0 us
[454.947s][info ][gc,stats       ] Pause Final Roots (G)                84 us
[454.947s][info ][gc,stats       ] Pause Final Roots (N)                29 us
[454.947s][info ][gc,stats       ] Pacing                            74017 us
[454.947s][info ][gc,stats       ] 
[454.947s][info ][gc,stats       ] Allocation pacing accrued:
[454.947s][info ][gc,stats       ]       3 of     7 ms ( 41.6%): main
[454.947s][info ][gc,stats       ]      10 of     7 ms (145.3%): Thread-0
[454.947s][info ][gc,stats       ]      10 of     7 ms (142.9%): Thread-1
[454.947s][info ][gc,stats       ]      10 of     7 ms (143.5%): Thread-4
[454.947s][info ][gc,stats       ]      10 of     7 ms (152.7%): Thread-5
[454.947s][info ][gc,stats       ]      10 of     7 ms (143.2%): Thread-6
[454.947s][info ][gc,stats       ]      11 of     7 ms (153.1%): Thread-7
[454.947s][info ][gc,stats       ]      11 of     7 ms (156.6%): Thread-8
[454.947s][info ][gc,stats       ]      74 of     7 ms (1078.9%): <total>
[454.947s][info ][gc,stats       ]       4 of     7 ms ( 51.4%): <average total>
[454.947s][info ][gc,stats       ]       9 of     7 ms (134.9%): <average non-zero>
[454.947s][info ][gc,stats       ] 
[454.947s][info ][gc,metaspace   ] Metaspace: 253K(448K)->253K(448K) NonClass: 247K(320K)->247K(320K) Class: 5K(128K)->5K(128K)
[454.947s][info ][gc,ergo        ] Pacer for Idle. Initial: 41943K, Alloc Tax Rate: 1.0x
[454.948s][info ][gc             ] Trigger: Free (41456K) is below minimum threshold (204M)
[454.948s][info ][gc,ergo        ] Free: 41456K, Max: 1024K regular, 40960K humongous, Frag: 0% external, 1% internal; Reserve: 103M, Max: 1024K
[454.948s][info ][gc,start       ] GC(28359) Concurrent reset
[454.948s][info ][gc,task        ] GC(28359) Using 4 of 8 workers for concurrent reset
[454.948s][info ][gc,ergo        ] GC(28359) Pacer for Reset. Non-Taxable: 2048M
[454.950s][info ][gc             ] GC(28359) Concurrent reset 1.853ms
[454.950s][info ][gc,start       ] GC(28359) Pause Init Mark (unload classes)
[454.950s][info ][gc,task        ] GC(28359) Using 8 of 8 workers for init marking
[454.951s][info ][gc,ergo        ] GC(28359) Pacer for Mark. Expected Live: 1676M, Free: 25072K, Non-Taxable: 2507K, Alloc Tax Rate: 83.7x
[454.951s][info ][gc             ] GC(28359) Pause Init Mark (unload classes) 0.203ms
[454.951s][info ][gc,start       ] GC(28359) Concurrent marking roots
[454.951s][info ][gc,task        ] GC(28359) Using 4 of 8 workers for concurrent marking roots
[454.951s][info ][gc             ] GC(28359) Concurrent marking roots 0.240ms
[454.951s][info ][gc,start       ] GC(28359) Concurrent marking (unload classes)
[454.951s][info ][gc,task        ] GC(28359) Using 4 of 8 workers for concurrent marking
[454.951s][info ][gc             ] GC(28359) Concurrent marking (unload classes) 0.498ms
[454.951s][info ][gc,start       ] GC(28359) Pause Final Mark (unload classes)
[454.951s][info ][gc,task        ] GC(28359) Using 8 of 8 workers for final marking
[454.952s][info ][gc,ergo        ] GC(28359) Collectable Garbage: 43008K (100%), Immediate: 43008K (100%), CSet: 0B (0%)
[454.952s][info ][gc             ] GC(28359) Pause Final Mark (unload classes) 0.477ms
[454.952s][info ][gc,start       ] GC(28359) Concurrent weak references
[454.952s][info ][gc,task        ] GC(28359) Using 4 of 8 workers for concurrent weak references
[454.952s][info ][gc,ref         ] GC(28359) Encountered references: Soft: 7, Weak: 34, Final: 0, Phantom: 1
[454.952s][info ][gc,ref         ] GC(28359) Discovered  references: Soft: 0, Weak: 0, Final: 0, Phantom: 1
[454.952s][info ][gc,ref         ] GC(28359) Enqueued    references: Soft: 0, Weak: 0, Final: 0, Phantom: 0
[454.952s][info ][gc             ] GC(28359) Concurrent weak references 0.090ms
[454.952s][info ][gc,start       ] GC(28359) Concurrent weak roots
[454.952s][info ][gc,task        ] GC(28359) Using 4 of 8 workers for concurrent weak root
[454.952s][info ][gc             ] GC(28359) Concurrent weak roots 0.224ms
[454.952s][info ][gc,start       ] GC(28359) Concurrent cleanup
[454.952s][info ][gc             ] GC(28359) Concurrent cleanup 1106M->1064M(2048M) 0.094ms
[454.952s][info ][gc,ergo        ] GC(28359) Free: 104M, Max: 1024K regular, 57344K humongous, Frag: 47% external, 0% internal; Reserve: 103M, Max: 1024K
[454.952s][info ][gc,start       ] GC(28359) Concurrent class unloading
[454.952s][info ][gc,task        ] GC(28359) Using 4 of 8 workers for concurrent class unloading
[454.952s][debug][gc,phases,start] GC(28359) ClassLoaderData
[454.952s][debug][gc,phases      ] GC(28359) ClassLoaderData 0.006ms
[454.952s][debug][gc,phases,start] GC(28359) Trigger cleanups
[454.952s][debug][gc,phases      ] GC(28359) Trigger cleanups 0.004ms
[454.953s][info ][gc             ] GC(28359) Concurrent class unloading 0.302ms
[454.953s][info ][gc,start       ] GC(28359) Pause Final Roots
[454.953s][info ][gc             ] GC(28359) Pause Final Roots 0.011ms
[454.953s][debug][gc,ergo        ] GC(28359) Available: 104 MB, z-score=-0.307. Average available: 115.2 MB +/- 35658.3 KB.
[454.953s][info ][gc,ergo        ] Free: 104M, Max: 1024K regular, 57344K humongous, Frag: 47% external, 0% internal; Reserve: 103M, Max: 1024K
[454.953s][info ][gc,stats       ] 
[454.953s][info ][gc,stats       ] All times are wall-clock times, except per-root-class counters, that are sum over
[454.953s][info ][gc,stats       ] all workers. Dividing the <total> over the root stage time estimates parallelism.
[454.953s][info ][gc,stats       ] 
[454.953s][info ][gc,stats       ] Concurrent Reset                   1871 us
[454.953s][info ][gc,stats       ] Pause Init Mark (G)                 277 us
[454.953s][info ][gc,stats       ] Pause Init Mark (N)                 210 us
[454.953s][info ][gc,stats       ]   Update Region States              158 us
[454.953s][info ][gc,stats       ] Concurrent Mark Roots               267 us, parallelism: 1.11x
[454.953s][info ][gc,stats       ]   CMR: <total>                      296 us
[454.953s][info ][gc,stats       ]   CMR: Thread Roots                 279 us, workers (us): 125,  65,  55,  34, ---, ---, ---, ---, 
[454.953s][info ][gc,stats       ]   CMR: VM Strong Roots                3 us, workers (us):   2,   0,   0,   0, ---, ---, ---, ---, 
[454.953s][info ][gc,stats       ]   CMR: CLDG Roots                    14 us, workers (us):  14, ---, ---, ---, ---, ---, ---, ---, 
[454.953s][info ][gc,stats       ] Concurrent Marking                  509 us
[454.953s][info ][gc,stats       ] Pause Final Mark (G)                567 us
[454.953s][info ][gc,stats       ] Pause Final Mark (N)                483 us
[454.953s][info ][gc,stats       ]   Finish Mark                       285 us
[454.953s][info ][gc,stats       ]   Update Region States              108 us
[454.953s][info ][gc,stats       ]   Choose Collection Set              35 us
[454.953s][info ][gc,stats       ]   Rebuild Free Set                   10 us
[454.953s][info ][gc,stats       ] Concurrent Weak References           94 us, parallelism: 0.01x
[454.953s][info ][gc,stats       ]   CWRF: <total>                       1 us
[454.953s][info ][gc,stats       ]   CWRF: Weak References               1 us, workers (us):   1,   0,   0,   0, ---, ---, ---, ---, 
[454.953s][info ][gc,stats       ] Concurrent Weak Roots               239 us
[454.953s][info ][gc,stats       ]   Roots                              87 us, parallelism: 0.49x
[454.953s][info ][gc,stats       ]     CWR: <total>                     43 us
[454.953s][info ][gc,stats       ]     CWR: Code Cache Roots            24 us, workers (us):   0,  24,   0,   0, ---, ---, ---, ---, 
[454.953s][info ][gc,stats       ]     CWR: VM Weak Roots               18 us, workers (us):  15,   3,   0,   0, ---, ---, ---, ---, 
[454.953s][info ][gc,stats       ]     CWR: CLDG Roots                   1 us, workers (us):   1, ---, ---, ---, ---, ---, ---, ---, 
[454.953s][info ][gc,stats       ]   Rendezvous                        121 us
[454.953s][info ][gc,stats       ] Concurrent Cleanup                  101 us
[454.953s][info ][gc,stats       ] Concurrent Class Unloading          316 us
[454.953s][info ][gc,stats       ]   Unlink Stale                      174 us
[454.953s][info ][gc,stats       ]     System Dictionary                19 us
[454.953s][info ][gc,stats       ]     Weak Class Links                  0 us
[454.953s][info ][gc,stats       ]     Code Roots                      154 us
[454.953s][info ][gc,stats       ]   Rendezvous                         54 us
[454.953s][info ][gc,stats       ]   Purge Unlinked                     63 us
[454.953s][info ][gc,stats       ]     Code Roots                       50 us
[454.953s][info ][gc,stats       ]     CLDG                             12 us
[454.953s][info ][gc,stats       ]     Exception Caches                  0 us
[454.953s][info ][gc,stats       ] Pause Final Roots (G)                69 us
[454.953s][info ][gc,stats       ] Pause Final Roots (N)                15 us
[454.953s][info ][gc,stats       ] 
[454.953s][info ][gc,stats       ] Allocation pacing accrued:
[454.953s][info ][gc,stats       ]       0 of     6 ms (  0.0%): <total>
[454.953s][info ][gc,stats       ]       0 of     6 ms (  0.0%): <average total>
[454.953s][info ][gc,stats       ] 
[454.953s][info ][gc,metaspace   ] Metaspace: 253K(448K)->253K(448K) NonClass: 247K(320K)->247K(320K) Class: 5K(128K)->5K(128K)
[454.953s][info ][gc,ergo        ] Pacer for Idle. Initial: 41943K, Alloc Tax Rate: 1.0x
[454.954s][info ][gc             ] Trigger: Free (86512K) is below minimum threshold (204M)
[454.954s][info ][gc,ergo        ] Free: 86512K, Max: 1024K regular, 57344K humongous, Frag: 34% external, 0% internal; Reserve: 103M, Max: 1024K
[454.954s][info ][gc,start       ] GC(28360) Concurrent reset
[454.954s][info ][gc,task        ] GC(28360) Using 4 of 8 workers for concurrent reset
[454.954s][info ][gc,ergo        ] GC(28360) Pacer for Reset. Non-Taxable: 2048M
[454.957s][info ][gc             ] GC(28360) Concurrent reset 2.397ms
[454.957s][info ][gc,start       ] GC(28360) Pause Init Mark (unload classes)
[454.957s][info ][gc,task        ] GC(28360) Using 8 of 8 workers for init marking
[454.957s][info ][gc,ergo        ] GC(28360) Pacer for Mark. Expected Live: 1681M, Free: 36336K, Non-Taxable: 3633K, Alloc Tax Rate: 57.9x
[454.957s][info ][gc             ] GC(28360) Pause Init Mark (unload classes) 0.143ms
[454.957s][info ][gc,start       ] GC(28360) Concurrent marking roots
[454.957s][info ][gc,task        ] GC(28360) Using 4 of 8 workers for concurrent marking roots
[454.957s][info ][gc             ] GC(28360) Concurrent marking roots 0.146ms
[454.957s][info ][gc,start       ] GC(28360) Concurrent marking (unload classes)
[454.957s][info ][gc,task        ] GC(28360) Using 4 of 8 workers for concurrent marking
[454.958s][info ][gc             ] GC(28360) Concurrent marking (unload classes) 0.649ms
[454.958s][info ][gc,start       ] GC(28360) Pause Final Mark (unload classes)
[454.958s][info ][gc,task        ] GC(28360) Using 8 of 8 workers for final marking
[454.959s][info ][gc,ergo        ] GC(28360) Collectable Garbage: 28672K (100%), Immediate: 28672K (100%), CSet: 0B (0%)
[454.959s][info ][gc             ] GC(28360) Pause Final Mark (unload classes) 0.528ms
[454.959s][info ][gc,start       ] GC(28360) Concurrent weak references
[454.959s][info ][gc,task        ] GC(28360) Using 4 of 8 workers for concurrent weak references
[454.959s][info ][gc,ref         ] GC(28360) Encountered references: Soft: 7, Weak: 34, Final: 0, Phantom: 1
[454.959s][info ][gc,ref         ] GC(28360) Discovered  references: Soft: 0, Weak: 0, Final: 0, Phantom: 0
[454.959s][info ][gc,ref         ] GC(28360) Enqueued    references: Soft: 0, Weak: 0, Final: 0, Phantom: 0
[454.959s][info ][gc             ] GC(28360) Concurrent weak references 0.129ms
[454.959s][info ][gc,start       ] GC(28360) Concurrent weak roots
[454.959s][info ][gc,task        ] GC(28360) Using 4 of 8 workers for concurrent weak root
[454.959s][info ][gc             ] GC(28360) Concurrent weak roots 0.198ms
[454.959s][info ][gc,start       ] GC(28360) Concurrent cleanup
[454.959s][info ][gc             ] GC(28360) Concurrent cleanup 1114M->1086M(2048M) 0.091ms
[454.959s][info ][gc,ergo        ] GC(28360) Free: 71152K, Max: 1024K regular, 28672K humongous, Frag: 60% external, 0% internal; Reserve: 103M, Max: 1024K
[454.959s][info ][gc,start       ] GC(28360) Concurrent class unloading
[454.959s][info ][gc,task        ] GC(28360) Using 4 of 8 workers for concurrent class unloading
[454.959s][debug][gc,phases,start] GC(28360) ClassLoaderData
[454.959s][debug][gc,phases      ] GC(28360) ClassLoaderData 0.005ms
[454.959s][debug][gc,phases,start] GC(28360) Trigger cleanups
[454.959s][debug][gc,phases      ] GC(28360) Trigger cleanups 0.003ms
[454.959s][info ][gc             ] GC(28360) Concurrent class unloading 0.272ms
[454.960s][info ][gc,start       ] GC(28360) Pause Final Roots
[454.960s][info ][gc             ] GC(28360) Pause Final Roots 0.015ms
[454.960s][debug][gc,ergo        ] GC(28360) Available: 71152 KB, z-score=-1.068. Average available: 108.3 MB +/- 37197.6 KB.
[454.960s][info ][gc,ergo        ] Free: 71152K, Max: 1024K regular, 28672K humongous, Frag: 60% external, 0% internal; Reserve: 103M, Max: 1024K
[454.960s][info ][gc,stats       ] 
[454.960s][info ][gc,stats       ] All times are wall-clock times, except per-root-class counters, that are sum over
[454.960s][info ][gc,stats       ] all workers. Dividing the <total> over the root stage time estimates parallelism.
[454.960s][info ][gc,stats       ] 
[454.960s][info ][gc,stats       ] Concurrent Reset                   2423 us
[454.960s][info ][gc,stats       ] Pause Init Mark (G)                 623 us
[454.960s][info ][gc,stats       ] Pause Init Mark (N)                 148 us
[454.960s][info ][gc,stats       ]   Update Region States              109 us
[454.960s][info ][gc,stats       ] Concurrent Mark Roots               157 us, parallelism: 1.32x
[454.960s][info ][gc,stats       ]   CMR: <total>                      207 us
[454.960s][info ][gc,stats       ]   CMR: Thread Roots                 188 us, workers (us):  44,  58,  49,  37, ---, ---, ---, ---, 
[454.960s][info ][gc,stats       ]   CMR: VM Strong Roots                3 us, workers (us):   3,   0,   0,   0, ---, ---, ---, ---, 
[454.960s][info ][gc,stats       ]   CMR: CLDG Roots                    16 us, workers (us):  15,   0, ---, ---, ---, ---, ---, ---, 
[454.960s][info ][gc,stats       ] Concurrent Marking                  664 us
[454.960s][info ][gc,stats       ] Pause Final Mark (G)                642 us
[454.960s][info ][gc,stats       ] Pause Final Mark (N)                534 us
[454.960s][info ][gc,stats       ]   Finish Mark                       332 us
[454.960s][info ][gc,stats       ]   Update Region States              127 us
[454.960s][info ][gc,stats       ]   Choose Collection Set              35 us
[454.960s][info ][gc,stats       ]   Rebuild Free Set                    9 us
[454.960s][info ][gc,stats       ] Concurrent Weak References          133 us, parallelism: 0.01x
[454.960s][info ][gc,stats       ]   CWRF: <total>                       1 us
[454.960s][info ][gc,stats       ]   CWRF: Weak References               1 us, workers (us):   0,   0,   0,   0, ---, ---, ---, ---, 
[454.960s][info ][gc,stats       ] Concurrent Weak Roots               214 us
[454.960s][info ][gc,stats       ]   Roots                             123 us, parallelism: 0.61x
[454.960s][info ][gc,stats       ]     CWR: <total>                     75 us
[454.960s][info ][gc,stats       ]     CWR: Code Cache Roots            51 us, workers (us):   0,  51,   0,   0, ---, ---, ---, ---, 
[454.960s][info ][gc,stats       ]     CWR: VM Weak Roots               23 us, workers (us):  17,   6,   0,   0, ---, ---, ---, ---, 
[454.960s][info ][gc,stats       ]     CWR: CLDG Roots                   1 us, workers (us):   1, ---, ---, ---, ---, ---, ---, ---, 
[454.960s][info ][gc,stats       ]   Rendezvous                         66 us
[454.960s][info ][gc,stats       ] Concurrent Cleanup                   96 us
[454.960s][info ][gc,stats       ] Concurrent Class Unloading          284 us
[454.960s][info ][gc,stats       ]   Unlink Stale                      157 us
[454.960s][info ][gc,stats       ]     System Dictionary                15 us
[454.960s][info ][gc,stats       ]     Weak Class Links                  0 us
[454.960s][info ][gc,stats       ]     Code Roots                      141 us
[454.960s][info ][gc,stats       ]   Rendezvous                         46 us
[454.960s][info ][gc,stats       ]   Purge Unlinked                     60 us
[454.960s][info ][gc,stats       ]     Code Roots                       47 us
[454.960s][info ][gc,stats       ]     CLDG                             12 us
[454.960s][info ][gc,stats       ]     Exception Caches                  0 us
[454.960s][info ][gc,stats       ] Pause Final Roots (G)                73 us
[454.960s][info ][gc,stats       ] Pause Final Roots (N)                20 us
[454.960s][info ][gc,stats       ] Pacing                            36914 us
[454.960s][info ][gc,stats       ] 
[454.960s][info ][gc,stats       ] Allocation pacing accrued:
[454.960s][info ][gc,stats       ]       3 of     7 ms ( 40.5%): Thread-0
[454.960s][info ][gc,stats       ]       2 of     7 ms ( 36.1%): Thread-1
[454.960s][info ][gc,stats       ]       3 of     7 ms ( 42.5%): Thread-2
[454.960s][info ][gc,stats       ]       3 of     7 ms ( 38.9%): Thread-3
[454.960s][info ][gc,stats       ]       9 of     7 ms (135.5%): Thread-4
[454.960s][info ][gc,stats       ]       3 of     7 ms ( 39.8%): Thread-5
[454.960s][info ][gc,stats       ]       3 of     7 ms ( 42.3%): Thread-6
[454.960s][info ][gc,stats       ]       3 of     7 ms ( 39.3%): Thread-8
[454.960s][info ][gc,stats       ]       9 of     7 ms (137.8%): Thread-9
[454.960s][info ][gc,stats       ]      37 of     7 ms (552.7%): <total>
[454.960s][info ][gc,stats       ]       2 of     7 ms ( 26.3%): <average total>
[454.960s][info ][gc,stats       ]       4 of     7 ms ( 61.4%): <average non-zero>
[454.960s][info ][gc,stats       ] 
[454.960s][info ][gc,metaspace   ] Metaspace: 253K(448K)->253K(448K) NonClass: 247K(320K)->247K(320K) Class: 5K(128K)->5K(128K)
[454.960s][info ][gc,ergo        ] Pacer for Idle. Initial: 41943K, Alloc Tax Rate: 1.0x
[454.961s][info ][gc             ] Trigger: Free (69104K) is below minimum threshold (204M)
[454.961s][info ][gc,ergo        ] Free: 69104K, Max: 1024K regular, 28672K humongous, Frag: 59% external, 0% internal; Reserve: 103M, Max: 1024K
[454.961s][info ][gc,start       ] GC(28361) Concurrent reset
[454.961s][info ][gc,task        ] GC(28361) Using 4 of 8 workers for concurrent reset
[454.961s][info ][gc,ergo        ] GC(28361) Pacer for Reset. Non-Taxable: 2048M
[454.962s][info ][gc             ] GC(28361) Concurrent reset 1.262ms
[454.962s][info ][gc,start       ] GC(28361) Pause Init Mark (unload classes)
[454.962s][info ][gc,task        ] GC(28361) Using 8 of 8 workers for init marking
[454.962s][info ][gc,ergo        ] GC(28361) Pacer for Mark. Expected Live: 1065M, Free: 67056K, Non-Taxable: 6705K, Alloc Tax Rate: 19.9x
[454.962s][info ][gc             ] GC(28361) Pause Init Mark (unload classes) 0.128ms
[454.962s][info ][gc,start       ] GC(28361) Concurrent marking roots
[454.962s][info ][gc,task        ] GC(28361) Using 4 of 8 workers for concurrent marking roots
[454.963s][info ][gc             ] GC(28361) Concurrent marking roots 0.147ms
[454.963s][info ][gc,start       ] GC(28361) Concurrent marking (unload classes)
[454.963s][info ][gc,task        ] GC(28361) Using 4 of 8 workers for concurrent marking
[454.963s][info ][gc             ] GC(28361) Concurrent marking (unload classes) 0.413ms
[454.963s][info ][gc,start       ] GC(28361) Pause Final Mark (unload classes)
[454.963s][info ][gc,task        ] GC(28361) Using 8 of 8 workers for final marking
[454.964s][info ][gc,ergo        ] GC(28361) Collectable Garbage: 35840K (100%), Immediate: 35840K (100%), CSet: 0B (0%)
[454.964s][info ][gc             ] GC(28361) Pause Final Mark (unload classes) 0.516ms
[454.964s][info ][gc,start       ] GC(28361) Concurrent weak references
[454.964s][info ][gc,task        ] GC(28361) Using 4 of 8 workers for concurrent weak references
[454.964s][info ][gc,ref         ] GC(28361) Encountered references: Soft: 7, Weak: 34, Final: 0, Phantom: 1
[454.964s][info ][gc,ref         ] GC(28361) Discovered  references: Soft: 0, Weak: 0, Final: 0, Phantom: 1
[454.964s][info ][gc,ref         ] GC(28361) Enqueued    references: Soft: 0, Weak: 0, Final: 0, Phantom: 0
[454.964s][info ][gc             ] GC(28361) Concurrent weak references 0.106ms
[454.964s][info ][gc,start       ] GC(28361) Concurrent weak roots
[454.964s][info ][gc,task        ] GC(28361) Using 4 of 8 workers for concurrent weak root
[454.964s][info ][gc             ] GC(28361) Concurrent weak roots 0.229ms
[454.964s][info ][gc,start       ] GC(28361) Concurrent cleanup
[454.964s][info ][gc             ] GC(28361) Concurrent cleanup 1095M->1063M(2048M) 0.107ms
[454.964s][info ][gc,ergo        ] GC(28361) Free: 113M, Max: 1024K regular, 28672K humongous, Frag: 76% external, 0% internal; Reserve: 103M, Max: 1024K
[454.964s][info ][gc,start       ] GC(28361) Concurrent class unloading
[454.964s][info ][gc,task        ] GC(28361) Using 4 of 8 workers for concurrent class unloading
[454.964s][debug][gc,phases,start] GC(28361) ClassLoaderData
[454.964s][debug][gc,phases      ] GC(28361) ClassLoaderData 0.007ms
[454.964s][debug][gc,phases,start] GC(28361) Trigger cleanups
[454.964s][debug][gc,phases      ] GC(28361) Trigger cleanups 0.004ms
[454.964s][info ][gc             ] GC(28361) Concurrent class unloading 0.338ms
[454.965s][info ][gc,start       ] GC(28361) Pause Final Roots
[454.965s][info ][gc             ] GC(28361) Pause Final Roots 0.014ms
[454.965s][debug][gc,ergo        ] GC(28361) Available: 113 MB, z-score=0.299. Average available: 103.8 MB +/- 33181.6 KB.
[454.965s][info ][gc,ergo        ] Free: 113M, Max: 1024K regular, 28672K humongous, Frag: 76% external, 0% internal; Reserve: 103M, Max: 1024K
[454.965s][info ][gc,stats       ] 
[454.965s][info ][gc,stats       ] All times are wall-clock times, except per-root-class counters, that are sum over
[454.965s][info ][gc,stats       ] all workers. Dividing the <total> over the root stage time estimates parallelism.
[454.965s][info ][gc,stats       ] 
[454.965s][info ][gc,stats       ] Concurrent Reset                   1295 us
[454.965s][info ][gc,stats       ] Pause Init Mark (G)                 206 us
[454.965s][info ][gc,stats       ] Pause Init Mark (N)                 133 us
[454.965s][info ][gc,stats       ]   Update Region States               95 us
[454.965s][info ][gc,stats       ] Concurrent Mark Roots               160 us, parallelism: 1.35x
[454.965s][info ][gc,stats       ]   CMR: <total>                      216 us
[454.965s][info ][gc,stats       ]   CMR: Thread Roots                 199 us, workers (us):  55,  59,  50,  35, ---, ---, ---, ---, 
[454.965s][info ][gc,stats       ]   CMR: VM Strong Roots                3 us, workers (us):   2,   0,   0,   0, ---, ---, ---, ---, 
[454.965s][info ][gc,stats       ]   CMR: CLDG Roots                    14 us, workers (us):  13,   1, ---, ---, ---, ---, ---, ---, 
[454.965s][info ][gc,stats       ] Concurrent Marking                  428 us
[454.965s][info ][gc,stats       ] Pause Final Mark (G)                628 us
[454.965s][info ][gc,stats       ] Pause Final Mark (N)                527 us
[454.965s][info ][gc,stats       ]   Finish Mark                       338 us
[454.965s][info ][gc,stats       ]   Update Region States              106 us
[454.965s][info ][gc,stats       ]   Choose Collection Set              34 us
[454.965s][info ][gc,stats       ]   Rebuild Free Set                    7 us
[454.965s][info ][gc,stats       ] Concurrent Weak References          112 us, parallelism: 0.01x
[454.965s][info ][gc,stats       ]   CWRF: <total>                       1 us
[454.965s][info ][gc,stats       ]   CWRF: Weak References               1 us, workers (us):   1,   0,   0,   0, ---, ---, ---, ---, 
[454.965s][info ][gc,stats       ] Concurrent Weak Roots               249 us
[454.965s][info ][gc,stats       ]   Roots                              73 us, parallelism: 0.54x
[454.965s][info ][gc,stats       ]     CWR: <total>                     40 us
[454.965s][info ][gc,stats       ]     CWR: Code Cache Roots            22 us, workers (us):   0,  21,   0,   0, ---, ---, ---, ---, 
[454.965s][info ][gc,stats       ]     CWR: VM Weak Roots               18 us, workers (us):  13,   4,   0,   0, ---, ---, ---, ---, 
[454.965s][info ][gc,stats       ]     CWR: CLDG Roots                   1 us, workers (us):   1, ---, ---, ---, ---, ---, ---, ---, 
[454.965s][info ][gc,stats       ]   Rendezvous                        144 us
[454.965s][info ][gc,stats       ] Concurrent Cleanup                  120 us
[454.965s][info ][gc,stats       ] Concurrent Class Unloading          349 us
[454.965s][info ][gc,stats       ]   Unlink Stale                      173 us
[454.965s][info ][gc,stats       ]     System Dictionary                22 us
[454.965s][info ][gc,stats       ]     Weak Class Links                  0 us
[454.965s][info ][gc,stats       ]     Code Roots                      151 us
[454.965s][info ][gc,stats       ]   Rendezvous                         54 us
[454.965s][info ][gc,stats       ]   Purge Unlinked                     94 us
[454.965s][info ][gc,stats       ]     Code Roots                       82 us
[454.965s][info ][gc,stats       ]     CLDG                             12 us
[454.965s][info ][gc,stats       ]     Exception Caches                  0 us
[454.965s][info ][gc,stats       ] Pause Final Roots (G)                80 us
[454.965s][info ][gc,stats       ] Pause Final Roots (N)                18 us
[454.965s][info ][gc,stats       ] Pacing                            45371 us
[454.965s][info ][gc,stats       ] 
[454.965s][info ][gc,stats       ] Allocation pacing accrued:
[454.965s][info ][gc,stats       ]       5 of     5 ms ( 94.6%): Thread-0
[454.965s][info ][gc,stats       ]       5 of     5 ms (100.9%): Thread-1
[454.965s][info ][gc,stats       ]       5 of     5 ms (100.1%): Thread-2
[454.965s][info ][gc,stats       ]       5 of     5 ms (106.7%): Thread-3
[454.965s][info ][gc,stats       ]       5 of     5 ms ( 98.6%): Thread-4
[454.965s][info ][gc,stats       ]       5 of     5 ms (100.2%): Thread-6
[454.965s][info ][gc,stats       ]       5 of     5 ms (101.3%): Thread-7
[454.965s][info ][gc,stats       ]       5 of     5 ms ( 99.8%): Thread-8
[454.965s][info ][gc,stats       ]       5 of     5 ms (101.2%): Thread-9
[454.965s][info ][gc,stats       ]      45 of     5 ms (903.3%): <total>
[454.965s][info ][gc,stats       ]       2 of     5 ms ( 43.0%): <average total>
[454.965s][info ][gc,stats       ]       5 of     5 ms (100.4%): <average non-zero>
[454.965s][info ][gc,stats       ] 
[454.965s][info ][gc,metaspace   ] Metaspace: 253K(448K)->253K(448K) NonClass: 247K(320K)->247K(320K) Class: 5K(128K)->5K(128K)
[454.965s][info ][gc,ergo        ] Pacer for Idle. Initial: 41943K, Alloc Tax Rate: 1.0x
[454.966s][info ][gc             ] Trigger: Free (95728K) is below minimum threshold (204M)
[454.966s][info ][gc,ergo        ] Free: 95728K, Max: 1024K regular, 28672K humongous, Frag: 70% external, 0% internal; Reserve: 103M, Max: 1024K
[454.966s][info ][gc,start       ] GC(28362) Concurrent reset
[454.966s][info ][gc,task        ] GC(28362) Using 4 of 8 workers for concurrent reset
[454.966s][info ][gc,ergo        ] GC(28362) Pacer for Reset. Non-Taxable: 2048M
[454.969s][info ][gc             ] GC(28362) Concurrent reset 2.672ms
[454.969s][info ][gc,start       ] GC(28362) Pause Init Mark (unload classes)
[454.969s][info ][gc,task        ] GC(28362) Using 8 of 8 workers for init marking
[454.969s][info ][gc,ergo        ] GC(28362) Pacer for Mark. Expected Live: 1062M, Free: 52720K, Non-Taxable: 5272K, Alloc Tax Rate: 25.2x
[454.969s][info ][gc             ] GC(28362) Pause Init Mark (unload classes) 0.171ms
[454.969s][info ][gc,start       ] GC(28362) Concurrent marking roots
[454.969s][info ][gc,task        ] GC(28362) Using 4 of 8 workers for concurrent marking roots
[454.969s][info ][gc             ] GC(28362) Concurrent marking roots 0.215ms
[454.969s][info ][gc,start       ] GC(28362) Concurrent marking (unload classes)
[454.969s][info ][gc,task        ] GC(28362) Using 4 of 8 workers for concurrent marking
[454.970s][info ][gc             ] GC(28362) Concurrent marking (unload classes) 0.490ms
[454.970s][info ][gc,start       ] GC(28362) Pause Final Mark (unload classes)
[454.970s][info ][gc,task        ] GC(28362) Using 8 of 8 workers for final marking
[454.970s][info ][gc,ergo        ] GC(28362) Collectable Garbage: 45056K (100%), Immediate: 45056K (100%), CSet: 0B (0%)
[454.970s][info ][gc             ] GC(28362) Pause Final Mark (unload classes) 0.503ms
[454.970s][info ][gc,start       ] GC(28362) Concurrent weak references
[454.970s][info ][gc,task        ] GC(28362) Using 4 of 8 workers for concurrent weak references
[454.971s][info ][gc,ref         ] GC(28362) Encountered references: Soft: 7, Weak: 34, Final: 0, Phantom: 1
[454.971s][info ][gc,ref         ] GC(28362) Discovered  references: Soft: 0, Weak: 1, Final: 0, Phantom: 1
[454.971s][info ][gc,ref         ] GC(28362) Enqueued    references: Soft: 0, Weak: 0, Final: 0, Phantom: 0
[454.971s][info ][gc             ] GC(28362) Concurrent weak references 0.124ms
[454.971s][info ][gc,start       ] GC(28362) Concurrent weak roots
[454.971s][info ][gc,task        ] GC(28362) Using 4 of 8 workers for concurrent weak root
[454.971s][info ][gc             ] GC(28362) Concurrent weak roots 0.140ms
[454.971s][info ][gc,start       ] GC(28362) Concurrent cleanup
[454.971s][info ][gc             ] GC(28362) Concurrent cleanup 1103M->1060M(2048M) 0.096ms
[454.971s][info ][gc,ergo        ] GC(28362) Free: 112M, Max: 1024K regular, 11264K humongous, Frag: 91% external, 0% internal; Reserve: 103M, Max: 1024K
[454.971s][info ][gc,start       ] GC(28362) Concurrent class unloading
[454.971s][info ][gc,task        ] GC(28362) Using 4 of 8 workers for concurrent class unloading
[454.971s][debug][gc,phases,start] GC(28362) ClassLoaderData
[454.971s][debug][gc,phases      ] GC(28362) ClassLoaderData 0.006ms
[454.971s][debug][gc,phases,start] GC(28362) Trigger cleanups
[454.971s][debug][gc,phases      ] GC(28362) Trigger cleanups 0.003ms
[454.971s][info ][gc             ] GC(28362) Concurrent class unloading 0.298ms
[454.971s][info ][gc,start       ] GC(28362) Pause Final Roots
[454.971s][info ][gc             ] GC(28362) Pause Final Roots 0.020ms
[454.971s][debug][gc,ergo        ] GC(28362) Available: 112 MB, z-score=0.191. Average available: 106.4 MB +/- 32718.2 KB.
[454.972s][info ][gc,ergo        ] Free: 112M, Max: 1024K regular, 11264K humongous, Frag: 91% external, 0% internal; Reserve: 103M, Max: 1024K
[454.972s][info ][gc,stats       ] 
[454.972s][info ][gc,stats       ] All times are wall-clock times, except per-root-class counters, that are sum over
[454.972s][info ][gc,stats       ] all workers. Dividing the <total> over the root stage time estimates parallelism.
[454.972s][info ][gc,stats       ] 
[454.972s][info ][gc,stats       ] Concurrent Reset                   2710 us
[454.972s][info ][gc,stats       ] Pause Init Mark (G)                 417 us
[454.972s][info ][gc,stats       ] Pause Init Mark (N)                 177 us
[454.972s][info ][gc,stats       ]   Update Region States              122 us
[454.972s][info ][gc,stats       ] Concurrent Mark Roots               230 us, parallelism: 1.42x
[454.972s][info ][gc,stats       ]   CMR: <total>                      327 us
[454.972s][info ][gc,stats       ]   CMR: Thread Roots                 283 us, workers (us): 104, 105,  74,   0, ---, ---, ---, ---, 
[454.972s][info ][gc,stats       ]   CMR: VM Strong Roots               15 us, workers (us):   2,  12,   0,   0, ---, ---, ---, ---, 
[454.972s][info ][gc,stats       ]   CMR: CLDG Roots                    28 us, workers (us):  28,   1, ---, ---, ---, ---, ---, ---, 
[454.972s][info ][gc,stats       ] Concurrent Marking                  513 us
[454.972s][info ][gc,stats       ] Pause Final Mark (G)                608 us
[454.972s][info ][gc,stats       ] Pause Final Mark (N)                509 us
[454.972s][info ][gc,stats       ]   Finish Mark                       336 us
[454.972s][info ][gc,stats       ]   Update Region States              104 us
[454.972s][info ][gc,stats       ]   Choose Collection Set              37 us
[454.972s][info ][gc,stats       ]   Rebuild Free Set                    7 us
[454.972s][info ][gc,stats       ] Concurrent Weak References          128 us, parallelism: 0.02x
[454.972s][info ][gc,stats       ]   CWRF: <total>                       3 us
[454.972s][info ][gc,stats       ]   CWRF: Weak References               3 us, workers (us):   2,   0,   0,   0, ---, ---, ---, ---, 
[454.972s][info ][gc,stats       ] Concurrent Weak Roots               149 us
[454.972s][info ][gc,stats       ]   Roots                              87 us, parallelism: 0.56x
[454.972s][info ][gc,stats       ]     CWR: <total>                     49 us
[454.972s][info ][gc,stats       ]     CWR: Code Cache Roots            29 us, workers (us):  29,   0,   0,   0, ---, ---, ---, ---, 
[454.972s][info ][gc,stats       ]     CWR: VM Weak Roots               19 us, workers (us):  16,   3,   0,   0, ---, ---, ---, ---, 
[454.972s][info ][gc,stats       ]     CWR: CLDG Roots                   1 us, workers (us): ---,   1, ---, ---, ---, ---, ---, ---, 
[454.972s][info ][gc,stats       ]   Rendezvous                         44 us
[454.972s][info ][gc,stats       ] Concurrent Cleanup                  105 us
[454.972s][info ][gc,stats       ] Concurrent Class Unloading          308 us
[454.972s][info ][gc,stats       ]   Unlink Stale                      159 us
[454.972s][info ][gc,stats       ]     System Dictionary                19 us
[454.972s][info ][gc,stats       ]     Weak Class Links                  0 us
[454.972s][info ][gc,stats       ]     Code Roots                      140 us
[454.972s][info ][gc,stats       ]   Rendezvous                         43 us
[454.972s][info ][gc,stats       ]   Purge Unlinked                     83 us
[454.972s][info ][gc,stats       ]     Code Roots                       71 us
[454.972s][info ][gc,stats       ]     CLDG                             12 us
[454.972s][info ][gc,stats       ]     Exception Caches                  0 us
[454.972s][info ][gc,stats       ] Pause Final Roots (G)               310 us
[454.972s][info ][gc,stats       ] Pause Final Roots (N)                26 us
[454.972s][info ][gc,stats       ] 
[454.972s][info ][gc,stats       ] Allocation pacing accrued:
[454.972s][info ][gc,stats       ]       0 of     7 ms (  0.0%): <total>
[454.972s][info ][gc,stats       ]       0 of     7 ms (  0.0%): <average total>
[454.972s][info ][gc,stats       ] 
[454.972s][info ][gc,metaspace   ] Metaspace: 253K(448K)->253K(448K) NonClass: 247K(320K)->247K(320K) Class: 5K(128K)->5K(128K)
[454.972s][info ][gc,ergo        ] Pacer for Idle. Initial: 41943K, Alloc Tax Rate: 1.0x
[454.973s][info ][gc             ] Trigger: Free (96752K) is below minimum threshold (204M)
[454.973s][info ][gc,ergo        ] Free: 96752K, Max: 1024K regular, 11264K humongous, Frag: 89% external, 0% internal; Reserve: 103M, Max: 1024K
[454.973s][info ][gc,start       ] GC(28363) Concurrent reset
[454.973s][info ][gc,task        ] GC(28363) Using 4 of 8 workers for concurrent reset
[454.973s][info ][gc,ergo        ] GC(28363) Pacer for Reset. Non-Taxable: 2048M
[454.975s][info ][gc             ] GC(28363) Concurrent reset 2.102ms
[454.976s][info ][gc,start       ] GC(28363) Pause Init Mark (unload classes)
[454.976s][info ][gc,task        ] GC(28363) Using 8 of 8 workers for init marking
[454.976s][info ][gc,ergo        ] GC(28363) Pacer for Mark. Expected Live: 1062M, Free: 60912K, Non-Taxable: 6091K, Alloc Tax Rate: 21.8x
[454.976s][info ][gc             ] GC(28363) Pause Init Mark (unload classes) 0.201ms
[454.976s][info ][gc,start       ] GC(28363) Concurrent marking roots
[454.976s][info ][gc,task        ] GC(28363) Using 4 of 8 workers for concurrent marking roots
[454.976s][info ][gc             ] GC(28363) Concurrent marking roots 0.277ms
[454.976s][info ][gc,start       ] GC(28363) Concurrent marking (unload classes)
[454.976s][info ][gc,task        ] GC(28363) Using 4 of 8 workers for concurrent marking
[454.977s][info ][gc             ] GC(28363) Concurrent marking (unload classes) 0.718ms
[454.977s][info ][gc,start       ] GC(28363) Pause Final Mark (unload classes)
[454.977s][info ][gc,task        ] GC(28363) Using 8 of 8 workers for final marking
[454.977s][info ][gc,ergo        ] GC(28363) Adaptive CSet Selection. Target Free: 290M, Actual Free: 156M, Max CSet: 87381K, Min Garbage: 134M
[454.977s][info ][gc,ergo        ] GC(28363) Collectable Garbage: 0B (0%), Immediate: 0B (0%), CSet: 0B (0%)
[454.977s][info ][gc,ergo        ] GC(28363) Pacer for Evacuation. Used CSet: 527K, Free: 54272K, Non-Taxable: 5427K, Alloc Tax Rate: 1.1x
[454.977s][info ][gc             ] GC(28363) Pause Final Mark (unload classes) 0.447ms
[454.977s][info ][gc,start       ] GC(28363) Concurrent thread roots
[454.977s][info ][gc,task        ] GC(28363) Using 4 of 8 workers for Concurrent thread roots
[454.978s][info ][gc             ] GC(28363) Concurrent thread roots 0.161ms
[454.978s][info ][gc,start       ] GC(28363) Concurrent weak references
[454.978s][info ][gc,task        ] GC(28363) Using 4 of 8 workers for concurrent weak references
[454.978s][info ][gc,ref         ] GC(28363) Encountered references: Soft: 7, Weak: 34, Final: 0, Phantom: 1
[454.978s][info ][gc,ref         ] GC(28363) Discovered  references: Soft: 0, Weak: 1, Final: 0, Phantom: 1
[454.978s][info ][gc,ref         ] GC(28363) Enqueued    references: Soft: 0, Weak: 0, Final: 0, Phantom: 0
[454.978s][info ][gc             ] GC(28363) Concurrent weak references 0.128ms
[454.978s][info ][gc,start       ] GC(28363) Concurrent weak roots
[454.978s][info ][gc,task        ] GC(28363) Using 4 of 8 workers for concurrent weak root
[454.978s][info ][gc             ] GC(28363) Concurrent weak roots 0.205ms
[454.978s][info ][gc,start       ] GC(28363) Concurrent cleanup
[454.978s][info ][gc             ] GC(28363) Concurrent cleanup 1097M->1097M(2048M) 0.094ms
[454.978s][info ][gc,ergo        ] GC(28363) Free: 48128K, Max: 1024K regular, 8192K humongous, Frag: 83% external, 0% internal; Reserve: 102M, Max: 1024K
[454.978s][info ][gc,start       ] GC(28363) Concurrent class unloading
[454.978s][info ][gc,task        ] GC(28363) Using 4 of 8 workers for concurrent class unloading
[454.978s][debug][gc,phases,start] GC(28363) ClassLoaderData
[454.978s][debug][gc,phases      ] GC(28363) ClassLoaderData 0.006ms
[454.978s][debug][gc,phases,start] GC(28363) Trigger cleanups
[454.978s][debug][gc,phases      ] GC(28363) Trigger cleanups 0.005ms
[454.978s][info ][gc             ] GC(28363) Concurrent class unloading 0.360ms
[454.978s][info ][gc,start       ] GC(28363) Concurrent strong roots
[454.978s][info ][gc,task        ] GC(28363) Using 4 of 8 workers for concurrent strong root
[454.979s][info ][gc             ] GC(28363) Concurrent strong roots 0.121ms
[454.979s][info ][gc,start       ] GC(28363) Concurrent evacuation
[454.979s][info ][gc,task        ] GC(28363) Using 4 of 8 workers for concurrent evacuation
[454.979s][info ][gc             ] GC(28363) Concurrent evacuation 0.395ms
[454.979s][info ][gc,start       ] GC(28363) Pause Init Update Refs
[454.979s][info ][gc,ergo        ] GC(28363) Pacer for Update Refs. Used: 1098M, Free: 48128K, Non-Taxable: 4812K, Alloc Tax Rate: 28.6x
[454.979s][info ][gc             ] GC(28363) Pause Init Update Refs 0.028ms
[454.979s][info ][gc,start       ] GC(28363) Concurrent update references
[454.979s][info ][gc,task        ] GC(28363) Using 4 of 8 workers for concurrent reference update
[454.981s][info ][gc             ] GC(28363) Concurrent update references 2.266ms
[454.981s][info ][gc,start       ] GC(28363) Concurrent update thread roots
[454.982s][info ][gc             ] GC(28363) Concurrent update thread roots 0.337ms
[454.982s][info ][gc,start       ] GC(28363) Pause Final Update Refs
[454.982s][info ][gc,task        ] GC(28363) Using 8 of 8 workers for final reference update
[454.982s][info ][gc             ] GC(28363) Pause Final Update Refs 0.202ms
[454.982s][info ][gc,start       ] GC(28363) Concurrent cleanup
[454.982s][info ][gc             ] GC(28363) Concurrent cleanup 1098M->1097M(2048M) 0.098ms
[454.982s][debug][gc,ergo        ] GC(28363) Available: 48445 KB, z-score=-1.523. Average available: 97758.2 KB +/- 32376.5 KB.
[454.982s][info ][gc,ergo        ] Free: 48445K, Max: 1024K regular, 8192K humongous, Frag: 83% external, 1% internal; Reserve: 103M, Max: 1024K
[454.982s][info ][gc,stats       ] 
[454.982s][info ][gc,stats       ] All times are wall-clock times, except per-root-class counters, that are sum over
[454.982s][info ][gc,stats       ] all workers. Dividing the <total> over the root stage time estimates parallelism.
[454.982s][info ][gc,stats       ] 
[454.982s][info ][gc,stats       ] Concurrent Reset                   2131 us
[454.982s][info ][gc,stats       ] Pause Init Mark (G)                 823 us
[454.982s][info ][gc,stats       ] Pause Init Mark (N)                 208 us
[454.982s][info ][gc,stats       ]   Update Region States              152 us
[454.982s][info ][gc,stats       ] Concurrent Mark Roots               296 us, parallelism: 0.76x
[454.982s][info ][gc,stats       ]   CMR: <total>                      224 us
[454.982s][info ][gc,stats       ]   CMR: Thread Roots                 196 us, workers (us):  65,  49,  50,  31, ---, ---, ---, ---, 
[454.982s][info ][gc,stats       ]   CMR: VM Strong Roots                4 us, workers (us):   3,   0,   0,   0, ---, ---, ---, ---, 
[454.982s][info ][gc,stats       ]   CMR: CLDG Roots                    24 us, workers (us):  24,   1, ---, ---, ---, ---, ---, ---, 
[454.982s][info ][gc,stats       ] Concurrent Marking                  734 us
[454.982s][info ][gc,stats       ] Pause Final Mark (G)                557 us
[454.982s][info ][gc,stats       ] Pause Final Mark (N)                453 us
[454.982s][info ][gc,stats       ]   Finish Mark                       272 us
[454.982s][info ][gc,stats       ]   Update Region States               98 us
[454.982s][info ][gc,stats       ]   Choose Collection Set              35 us
[454.982s][info ][gc,stats       ]   Rebuild Free Set                   11 us
[454.982s][info ][gc,stats       ] Concurrent Thread Roots             176 us, parallelism: 1.13x
[454.982s][info ][gc,stats       ]   CTR: <total>                      198 us
[454.982s][info ][gc,stats       ]   CTR: Thread Roots                 198 us, workers (us):  66,  53,  37,  41, ---, ---, ---, ---, 
[454.982s][info ][gc,stats       ] Concurrent Weak References          134 us, parallelism: 0.02x
[454.982s][info ][gc,stats       ]   CWRF: <total>                       2 us
[454.982s][info ][gc,stats       ]   CWRF: Weak References               2 us, workers (us):   0,   2,   0,   0, ---, ---, ---, ---, 
[454.982s][info ][gc,stats       ] Concurrent Weak Roots               217 us
[454.982s][info ][gc,stats       ]   Roots                             132 us, parallelism: 0.97x
[454.982s][info ][gc,stats       ]     CWR: <total>                    127 us
[454.982s][info ][gc,stats       ]     CWR: Code Cache Roots            25 us, workers (us):   0,   0,   0,  25, ---, ---, ---, ---, 
[454.982s][info ][gc,stats       ]     CWR: VM Weak Roots              101 us, workers (us):  42,  32,  21,   6, ---, ---, ---, ---, 
[454.982s][info ][gc,stats       ]     CWR: CLDG Roots                   1 us, workers (us): ---, ---,   1, ---, ---, ---, ---, ---, 
[454.982s][info ][gc,stats       ]   Rendezvous                         61 us
[454.982s][info ][gc,stats       ] Concurrent Cleanup                  102 us
[454.982s][info ][gc,stats       ] Concurrent Class Unloading          375 us
[454.982s][info ][gc,stats       ]   Unlink Stale                      215 us
[454.982s][info ][gc,stats       ]     System Dictionary                22 us
[454.982s][info ][gc,stats       ]     Weak Class Links                  0 us
[454.982s][info ][gc,stats       ]     Code Roots                      193 us
[454.982s][info ][gc,stats       ]   Rendezvous                         58 us
[454.982s][info ][gc,stats       ]   Purge Unlinked                     73 us
[454.982s][info ][gc,stats       ]     Code Roots                       60 us
[454.982s][info ][gc,stats       ]     CLDG                             13 us
[454.982s][info ][gc,stats       ]     Exception Caches                  0 us
[454.982s][info ][gc,stats       ] Concurrent Strong Roots             130 us, parallelism: 0.41x
[454.982s][info ][gc,stats       ]   CSR: <total>                       54 us
[454.982s][info ][gc,stats       ]   CSR: VM Strong Roots                7 us, workers (us):   6,   0,   0,   0, ---, ---, ---, ---, 
[454.982s][info ][gc,stats       ]   CSR: CLDG Roots                    47 us, workers (us):  47,   1, ---, ---, ---, ---, ---, ---, 
[454.982s][info ][gc,stats       ] Concurrent Evacuation               410 us
[454.982s][info ][gc,stats       ] Pause Init Update Refs (G)          106 us
[454.982s][info ][gc,stats       ] Pause Init Update Refs (N)           34 us
[454.982s][info ][gc,stats       ]   Manage GCLABs                       3 us
[454.982s][info ][gc,stats       ] Concurrent Update Refs             2315 us
[454.982s][info ][gc,stats       ] Concurrent Update Thread Roots      370 us
[454.982s][info ][gc,stats       ] Pause Final Update Refs (G)         295 us
[454.982s][info ][gc,stats       ] Pause Final Update Refs (N)         211 us
[454.982s][info ][gc,stats       ]   Update Region States              121 us
[454.982s][info ][gc,stats       ]   Trash Collection Set                2 us
[454.982s][info ][gc,stats       ]   Rebuild Free Set                   14 us
[454.982s][info ][gc,stats       ] Concurrent Cleanup                  104 us
[454.982s][info ][gc,stats       ] Pacing                            30501 us
[454.982s][info ][gc,stats       ] 
[454.982s][info ][gc,stats       ] Allocation pacing accrued:
[454.982s][info ][gc,stats       ]       5 of    11 ms ( 45.2%): main
[454.982s][info ][gc,stats       ]       5 of    11 ms ( 47.9%): Thread-0
[454.982s][info ][gc,stats       ]       5 of    11 ms ( 51.1%): Thread-1
[454.982s][info ][gc,stats       ]       5 of    11 ms ( 45.1%): Thread-3
[454.982s][info ][gc,stats       ]       5 of    11 ms ( 49.3%): Thread-4
[454.982s][info ][gc,stats       ]       5 of    11 ms ( 46.6%): Thread-8
[454.982s][info ][gc,stats       ]      31 of    11 ms (285.3%): <total>
[454.982s][info ][gc,stats       ]       1 of    11 ms ( 13.6%): <average total>
[454.982s][info ][gc,stats       ]       5 of    11 ms ( 47.5%): <average non-zero>
[454.982s][info ][gc,stats       ] 
[454.982s][info ][gc,metaspace   ] Metaspace: 253K(448K)->253K(448K) NonClass: 247K(320K)->247K(320K) Class: 5K(128K)->5K(128K)
[454.982s][info ][gc,ergo        ] Pacer for Idle. Initial: 41943K, Alloc Tax Rate: 1.0x
[454.984s][info ][gc             ] Trigger: Free (48445K) is below minimum threshold (204M)
[454.984s][info ][gc,ergo        ] Free: 48445K, Max: 1024K regular, 8192K humongous, Frag: 83% external, 1% internal; Reserve: 103M, Max: 1024K
[454.984s][info ][gc,start       ] GC(28364) Concurrent reset
[454.984s][info ][gc,task        ] GC(28364) Using 4 of 8 workers for concurrent reset
[454.984s][info ][gc,ergo        ] GC(28364) Pacer for Reset. Non-Taxable: 2048M
[454.986s][info ][gc             ] GC(28364) Concurrent reset 2.488ms
[454.986s][info ][gc,start       ] GC(28364) Pause Init Mark (unload classes)
[454.986s][info ][gc,task        ] GC(28364) Using 8 of 8 workers for init marking
[454.986s][info ][gc,ergo        ] GC(28364) Pacer for Mark. Expected Live: 1066M, Free: 23869K, Non-Taxable: 2386K, Alloc Tax Rate: 55.9x
[454.986s][info ][gc             ] GC(28364) Pause Init Mark (unload classes) 0.159ms
[454.987s][info ][gc,start       ] GC(28364) Concurrent marking roots
[454.987s][info ][gc,task        ] GC(28364) Using 4 of 8 workers for concurrent marking roots
[454.987s][info ][gc             ] GC(28364) Concurrent marking roots 0.197ms
[454.987s][info ][gc,start       ] GC(28364) Concurrent marking (unload classes)
[454.987s][info ][gc,task        ] GC(28364) Using 4 of 8 workers for concurrent marking
[454.987s][info ][gc             ] GC(28364) Concurrent marking (unload classes) 0.468ms
[454.987s][info ][gc,start       ] GC(28364) Pause Final Mark (unload classes)
[454.987s][info ][gc,task        ] GC(28364) Using 8 of 8 workers for final marking
[454.988s][info ][gc,ergo        ] GC(28364) Collectable Garbage: 73728K (99%), Immediate: 73728K (99%), CSet: 0B (0%)
[454.988s][info ][gc             ] GC(28364) Pause Final Mark (unload classes) 0.446ms
[454.988s][info ][gc,start       ] GC(28364) Concurrent weak references
[454.988s][info ][gc,task        ] GC(28364) Using 4 of 8 workers for concurrent weak references
[454.988s][info ][gc,ref         ] GC(28364) Encountered references: Soft: 7, Weak: 34, Final: 0, Phantom: 1
[454.988s][info ][gc,ref         ] GC(28364) Discovered  references: Soft: 0, Weak: 0, Final: 0, Phantom: 1
[454.988s][info ][gc,ref         ] GC(28364) Enqueued    references: Soft: 0, Weak: 0, Final: 0, Phantom: 0
[454.988s][info ][gc             ] GC(28364) Concurrent weak references 0.108ms
[454.988s][info ][gc,start       ] GC(28364) Concurrent weak roots
[454.988s][info ][gc,task        ] GC(28364) Using 4 of 8 workers for concurrent weak root
[454.988s][info ][gc             ] GC(28364) Concurrent weak roots 0.270ms
[454.988s][info ][gc,start       ] GC(28364) Concurrent cleanup
[454.988s][info ][gc             ] GC(28364) Concurrent cleanup 1118M->1046M(2048M) 0.123ms
[454.988s][info ][gc,ergo        ] GC(28364) Free: 140M, Max: 1024K regular, 11264K humongous, Frag: 93% external, 0% internal; Reserve: 103M, Max: 1024K
[454.988s][info ][gc,start       ] GC(28364) Concurrent class unloading
[454.988s][info ][gc,task        ] GC(28364) Using 4 of 8 workers for concurrent class unloading
[454.988s][debug][gc,phases,start] GC(28364) ClassLoaderData
[454.989s][debug][gc,phases      ] GC(28364) ClassLoaderData 0.007ms
[454.989s][debug][gc,phases,start] GC(28364) Trigger cleanups
[454.989s][debug][gc,phases      ] GC(28364) Trigger cleanups 0.005ms
[454.989s][info ][gc             ] GC(28364) Concurrent class unloading 0.389ms
[454.989s][info ][gc,start       ] GC(28364) Pause Final Roots
[454.989s][info ][gc             ] GC(28364) Pause Final Roots 0.016ms
[454.989s][debug][gc,ergo        ] GC(28364) Available: 140 MB, z-score=1.344. Average available: 98662.0 KB +/- 33500.0 KB.
[454.989s][info ][gc,ergo        ] Free: 140M, Max: 1024K regular, 11264K humongous, Frag: 93% external, 0% internal; Reserve: 103M, Max: 1024K
[454.989s][info ][gc,stats       ] 
[454.989s][info ][gc,stats       ] All times are wall-clock times, except per-root-class counters, that are sum over
[454.989s][info ][gc,stats       ] all workers. Dividing the <total> over the root stage time estimates parallelism.
[454.989s][info ][gc,stats       ] 
[454.989s][info ][gc,stats       ] Concurrent Reset                   2529 us
[454.989s][info ][gc,stats       ] Pause Init Mark (G)                 390 us
[454.989s][info ][gc,stats       ] Pause Init Mark (N)                 165 us
[454.989s][info ][gc,stats       ]   Update Region States              122 us
[454.989s][info ][gc,stats       ] Concurrent Mark Roots               220 us, parallelism: 1.22x
[454.989s][info ][gc,stats       ]   CMR: <total>                      268 us
[454.989s][info ][gc,stats       ]   CMR: Thread Roots                 246 us, workers (us):  72,  66,  60,  48, ---, ---, ---, ---, 
[454.989s][info ][gc,stats       ]   CMR: VM Strong Roots                5 us, workers (us):   4,   0,   0,   0, ---, ---, ---, ---, 
[454.989s][info ][gc,stats       ]   CMR: CLDG Roots                    18 us, workers (us):  18, ---, ---, ---, ---, ---, ---, ---, 
[454.989s][info ][gc,stats       ] Concurrent Marking                  484 us
[454.989s][info ][gc,stats       ] Pause Final Mark (G)                724 us
[454.989s][info ][gc,stats       ] Pause Final Mark (N)                464 us
[454.989s][info ][gc,stats       ]   Finish Mark                       253 us
[454.989s][info ][gc,stats       ]   Update Region States              104 us
[454.989s][info ][gc,stats       ]   Choose Collection Set              50 us
[454.989s][info ][gc,stats       ]   Rebuild Free Set                   11 us
[454.989s][info ][gc,stats       ] Concurrent Weak References          114 us, parallelism: 0.02x
[454.989s][info ][gc,stats       ]   CWRF: <total>                       3 us
[454.989s][info ][gc,stats       ]   CWRF: Weak References               3 us, workers (us):   2,   0,   0,   0, ---, ---, ---, ---, 
[454.989s][info ][gc,stats       ] Concurrent Weak Roots               287 us
[454.989s][info ][gc,stats       ]   Roots                             193 us, parallelism: 0.73x
[454.989s][info ][gc,stats       ]     CWR: <total>                    141 us
[454.989s][info ][gc,stats       ]     CWR: Code Cache Roots           102 us, workers (us):   0, 102,   0,   0, ---, ---, ---, ---, 
[454.989s][info ][gc,stats       ]     CWR: VM Weak Roots               36 us, workers (us):  25,  11,   0,   0, ---, ---, ---, ---, 
[454.989s][info ][gc,stats       ]     CWR: CLDG Roots                   3 us, workers (us):   3, ---, ---, ---, ---, ---, ---, ---, 
[454.989s][info ][gc,stats       ]   Rendezvous                         64 us
[454.989s][info ][gc,stats       ] Concurrent Cleanup                  129 us
[454.989s][info ][gc,stats       ] Concurrent Class Unloading          409 us
[454.989s][info ][gc,stats       ]   Unlink Stale                      215 us
[454.989s][info ][gc,stats       ]     System Dictionary                23 us
[454.989s][info ][gc,stats       ]     Weak Class Links                  0 us
[454.989s][info ][gc,stats       ]     Code Roots                      191 us
[454.989s][info ][gc,stats       ]   Rendezvous                         59 us
[454.989s][info ][gc,stats       ]   Purge Unlinked                    103 us
[454.989s][info ][gc,stats       ]     Code Roots                       87 us
[454.989s][info ][gc,stats       ]     CLDG                             15 us
[454.989s][info ][gc,stats       ]     Exception Caches                  0 us
[454.989s][info ][gc,stats       ] Pause Final Roots (G)               106 us
[454.989s][info ][gc,stats       ] Pause Final Roots (N)                22 us
[454.989s][info ][gc,stats       ] Pacing                            84307 us
[454.989s][info ][gc,stats       ] 
[454.989s][info ][gc,stats       ] Allocation pacing accrued:
[454.989s][info ][gc,stats       ]       9 of     7 ms (131.7%): Thread-0
[454.989s][info ][gc,stats       ]      10 of     7 ms (138.4%): Thread-1
[454.989s][info ][gc,stats       ]       9 of     7 ms (126.1%): Thread-2
[454.989s][info ][gc,stats       ]      10 of     7 ms (140.0%): Thread-3
[454.989s][info ][gc,stats       ]       9 of     7 ms (134.6%): Thread-4
[454.989s][info ][gc,stats       ]       9 of     7 ms (131.7%): Thread-5
[454.989s][info ][gc,stats       ]       7 of     7 ms (106.4%): Thread-6
[454.989s][info ][gc,stats       ]       6 of     7 ms ( 85.4%): Thread-7
[454.989s][info ][gc,stats       ]       7 of     7 ms (104.9%): Thread-8
[454.989s][info ][gc,stats       ]       9 of     7 ms (127.2%): Thread-9
[454.989s][info ][gc,stats       ]      84 of     7 ms (1226.5%): <total>
[454.989s][info ][gc,stats       ]       4 of     7 ms ( 58.4%): <average total>
[454.989s][info ][gc,stats       ]       8 of     7 ms (122.6%): <average non-zero>
[454.989s][info ][gc,stats       ] 
[454.989s][info ][gc,metaspace   ] Metaspace: 253K(448K)->253K(448K) NonClass: 247K(320K)->247K(320K) Class: 5K(128K)->5K(128K)
[454.989s][info ][gc,ergo        ] Pacer for Idle. Initial: 41943K, Alloc Tax Rate: 1.0x
[454.991s][info ][gc             ] Trigger: Free (140M) is below minimum threshold (204M)
[454.991s][info ][gc,ergo        ] Free: 140M, Max: 1024K regular, 11264K humongous, Frag: 93% external, 0% internal; Reserve: 103M, Max: 1024K
[454.991s][info ][gc,start       ] GC(28365) Concurrent reset
[454.991s][info ][gc,task        ] GC(28365) Using 4 of 8 workers for concurrent reset
[454.991s][info ][gc,ergo        ] GC(28365) Pacer for Reset. Non-Taxable: 2048M
[454.992s][info ][gc             ] GC(28365) Concurrent reset 1.310ms
[454.992s][info ][gc,start       ] GC(28365) Pause Init Mark (unload classes)
[454.992s][info ][gc,task        ] GC(28365) Using 8 of 8 workers for init marking
[454.992s][info ][gc,ergo        ] GC(28365) Pacer for Mark. Expected Live: 1061M, Free: 140M, Non-Taxable: 14367K, Alloc Tax Rate: 9.3x
[454.992s][info ][gc             ] GC(28365) Pause Init Mark (unload classes) 0.130ms
[454.992s][info ][gc,start       ] GC(28365) Concurrent marking roots
[454.992s][info ][gc,task        ] GC(28365) Using 4 of 8 workers for concurrent marking roots
[454.992s][info ][gc             ] GC(28365) Concurrent marking roots 0.188ms
[454.992s][info ][gc,start       ] GC(28365) Concurrent marking (unload classes)
[454.992s][info ][gc,task        ] GC(28365) Using 4 of 8 workers for concurrent marking
[454.993s][info ][gc             ] GC(28365) Concurrent marking (unload classes) 0.454ms
[454.993s][info ][gc,start       ] GC(28365) Pause Final Mark (unload classes)
[454.993s][info ][gc,task        ] GC(28365) Using 8 of 8 workers for final marking
[454.993s][info ][gc,ergo        ] GC(28365) Collectable Garbage: 7168K (97%), Immediate: 7168K (97%), CSet: 0B (0%)
[454.993s][info ][gc             ] GC(28365) Pause Final Mark (unload classes) 0.631ms
[454.994s][info ][gc,start       ] GC(28365) Concurrent weak references
[454.994s][info ][gc,task        ] GC(28365) Using 4 of 8 workers for concurrent weak references
[454.994s][info ][gc,ref         ] GC(28365) Encountered references: Soft: 7, Weak: 34, Final: 0, Phantom: 1
[454.994s][info ][gc,ref         ] GC(28365) Discovered  references: Soft: 0, Weak: 1, Final: 0, Phantom: 1
[454.994s][info ][gc,ref         ] GC(28365) Enqueued    references: Soft: 0, Weak: 0, Final: 0, Phantom: 0
[454.994s][info ][gc             ] GC(28365) Concurrent weak references 0.102ms
[454.994s][info ][gc,start       ] GC(28365) Concurrent weak roots
[454.994s][info ][gc,task        ] GC(28365) Using 4 of 8 workers for concurrent weak root
[454.994s][info ][gc             ] GC(28365) Concurrent weak roots 0.183ms
[454.994s][info ][gc,start       ] GC(28365) Concurrent cleanup
[454.994s][info ][gc             ] GC(28365) Concurrent cleanup 1046M->1039M(2048M) 0.107ms
[454.994s][info ][gc,ergo        ] GC(28365) Free: 154M, Max: 1024K regular, 11264K humongous, Frag: 93% external, 0% internal; Reserve: 103M, Max: 1024K
[454.994s][info ][gc,start       ] GC(28365) Concurrent class unloading
[454.994s][info ][gc,task        ] GC(28365) Using 4 of 8 workers for concurrent class unloading
[454.994s][debug][gc,phases,start] GC(28365) ClassLoaderData
[454.994s][debug][gc,phases      ] GC(28365) ClassLoaderData 0.006ms
[454.994s][debug][gc,phases,start] GC(28365) Trigger cleanups
[454.994s][debug][gc,phases      ] GC(28365) Trigger cleanups 0.005ms
[454.994s][info ][gc             ] GC(28365) Concurrent class unloading 0.353ms
[454.994s][info ][gc,start       ] GC(28365) Pause Final Roots
[454.994s][info ][gc             ] GC(28365) Pause Final Roots 0.016ms
[454.994s][debug][gc,ergo        ] GC(28365) Available: 154 MB, z-score=1.663. Average available: 99668.1 KB +/- 35079.2 KB.
[454.994s][info ][gc,ergo        ] Free: 154M, Max: 1024K regular, 11264K humongous, Frag: 93% external, 0% internal; Reserve: 103M, Max: 1024K
[454.994s][info ][gc,stats       ] 
[454.994s][info ][gc,stats       ] All times are wall-clock times, except per-root-class counters, that are sum over
[454.994s][info ][gc,stats       ] all workers. Dividing the <total> over the root stage time estimates parallelism.
[454.994s][info ][gc,stats       ] 
[454.994s][info ][gc,stats       ] Concurrent Reset                   1322 us
[454.994s][info ][gc,stats       ] Pause Init Mark (G)                 199 us
[454.994s][info ][gc,stats       ] Pause Init Mark (N)                 134 us
[454.994s][info ][gc,stats       ]   Update Region States               97 us
[454.994s][info ][gc,stats       ] Concurrent Mark Roots               202 us, parallelism: 1.53x
[454.994s][info ][gc,stats       ]   CMR: <total>                      309 us
[454.994s][info ][gc,stats       ]   CMR: Thread Roots                 291 us, workers (us):  95, 103,  93,   0, ---, ---, ---, ---, 
[454.994s][info ][gc,stats       ]   CMR: VM Strong Roots                3 us, workers (us):   2,   0,   0,   0, ---, ---, ---, ---, 
[454.994s][info ][gc,stats       ]   CMR: CLDG Roots                    15 us, workers (us):  15,   1, ---, ---, ---, ---, ---, ---, 
[454.994s][info ][gc,stats       ] Concurrent Marking                  469 us
[454.994s][info ][gc,stats       ] Pause Final Mark (G)                708 us
[454.995s][info ][gc,stats       ] Pause Final Mark (N)                636 us
[454.995s][info ][gc,stats       ]   Finish Mark                       453 us
[454.995s][info ][gc,stats       ]   Update Region States               96 us
[454.995s][info ][gc,stats       ]   Choose Collection Set              30 us
[454.995s][info ][gc,stats       ]   Rebuild Free Set                    9 us
[454.995s][info ][gc,stats       ] Concurrent Weak References          108 us, parallelism: 0.01x
[454.995s][info ][gc,stats       ]   CWRF: <total>                       1 us
[454.995s][info ][gc,stats       ]   CWRF: Weak References               1 us, workers (us):   1,   0,   0,   0, ---, ---, ---, ---, 
[454.995s][info ][gc,stats       ] Concurrent Weak Roots               199 us
[454.995s][info ][gc,stats       ]   Roots                             112 us, parallelism: 0.48x
[454.995s][info ][gc,stats       ]     CWR: <total>                     54 us
[454.995s][info ][gc,stats       ]     CWR: Code Cache Roots            37 us, workers (us):   0,  37,   0,   0, ---, ---, ---, ---, 
[454.995s][info ][gc,stats       ]     CWR: VM Weak Roots               17 us, workers (us):   9,   7,   0,   0, ---, ---, ---, ---, 
[454.995s][info ][gc,stats       ]     CWR: CLDG Roots                   1 us, workers (us):   1, ---, ---, ---, ---, ---, ---, ---, 
[454.995s][info ][gc,stats       ]   Rendezvous                         60 us
[454.995s][info ][gc,stats       ] Concurrent Cleanup                  115 us
[454.995s][info ][gc,stats       ] Concurrent Class Unloading          364 us
[454.995s][info ][gc,stats       ]   Unlink Stale                      213 us
[454.995s][info ][gc,stats       ]     System Dictionary                22 us
[454.995s][info ][gc,stats       ]     Weak Class Links                  0 us
[454.995s][info ][gc,stats       ]     Code Roots                      190 us
[454.995s][info ][gc,stats       ]   Rendezvous                         58 us
[454.995s][info ][gc,stats       ]   Purge Unlinked                     70 us
[454.995s][info ][gc,stats       ]     Code Roots                       57 us
[454.995s][info ][gc,stats       ]     CLDG                             13 us
[454.995s][info ][gc,stats       ]     Exception Caches                  0 us
[454.995s][info ][gc,stats       ] Pause Final Roots (G)               112 us
[454.995s][info ][gc,stats       ] Pause Final Roots (N)                21 us
[454.995s][info ][gc,stats       ] 
[454.995s][info ][gc,stats       ] Allocation pacing accrued:
[454.995s][info ][gc,stats       ]       0 of     5 ms (  0.0%): <total>
[454.995s][info ][gc,stats       ]       0 of     5 ms (  0.0%): <average total>
[454.995s][info ][gc,stats       ] 
[454.995s][info ][gc,metaspace   ] Metaspace: 253K(448K)->253K(448K) NonClass: 247K(320K)->247K(320K) Class: 5K(128K)->5K(128K)
[454.995s][info ][gc,ergo        ] Pacer for Idle. Initial: 41943K, Alloc Tax Rate: 1.0x
[454.996s][info ][gc             ] Trigger: Free (123M) is below minimum threshold (204M)
[454.996s][info ][gc,ergo        ] Free: 123M, Max: 1024K regular, 6144K humongous, Frag: 96% external, 0% internal; Reserve: 103M, Max: 1024K
[454.996s][info ][gc,start       ] GC(28366) Concurrent reset
[454.996s][info ][gc,task        ] GC(28366) Using 4 of 8 workers for concurrent reset
[454.996s][info ][gc,ergo        ] GC(28366) Pacer for Reset. Non-Taxable: 2048M
[454.998s][info ][gc             ] GC(28366) Concurrent reset 2.387ms
[454.998s][info ][gc,start       ] GC(28366) Pause Init Mark (unload classes)
[454.998s][info ][gc,task        ] GC(28366) Using 8 of 8 workers for init marking
[454.998s][info ][gc,ergo        ] GC(28366) Pacer for Mark. Expected Live: 1054M, Free: 87357K, Non-Taxable: 8735K, Alloc Tax Rate: 15.1x
[454.998s][info ][gc             ] GC(28366) Pause Init Mark (unload classes) 0.142ms
[454.999s][info ][gc,start       ] GC(28366) Concurrent marking roots
[454.999s][info ][gc,task        ] GC(28366) Using 4 of 8 workers for concurrent marking roots
[454.999s][info ][gc             ] GC(28366) Concurrent marking roots 0.152ms
[454.999s][info ][gc,start       ] GC(28366) Concurrent marking (unload classes)
[454.999s][info ][gc,task        ] GC(28366) Using 4 of 8 workers for concurrent marking
[455.000s][info ][gc             ] GC(28366) Concurrent marking (unload classes) 0.793ms
[455.000s][info ][gc,start       ] GC(28366) Pause Final Mark (unload classes)
[455.000s][info ][gc,task        ] GC(28366) Using 8 of 8 workers for final marking
[455.000s][info ][gc,ergo        ] GC(28366) Collectable Garbage: 21504K (99%), Immediate: 21504K (99%), CSet: 0B (0%)
[455.001s][info ][gc             ] GC(28366) Pause Final Mark (unload classes) 0.891ms
[455.001s][info ][gc,start       ] GC(28366) Concurrent weak references
[455.001s][info ][gc,task        ] GC(28366) Using 4 of 8 workers for concurrent weak references
[455.001s][info ][gc,ref         ] GC(28366) Encountered references: Soft: 7, Weak: 34, Final: 0, Phantom: 1
[455.001s][info ][gc,ref         ] GC(28366) Discovered  references: Soft: 0, Weak: 4, Final: 0, Phantom: 1
[455.001s][info ][gc,ref         ] GC(28366) Enqueued    references: Soft: 0, Weak: 0, Final: 0, Phantom: 0
[455.001s][info ][gc             ] GC(28366) Concurrent weak references 0.132ms
[455.001s][info ][gc,start       ] GC(28366) Concurrent weak roots
[455.001s][info ][gc,task        ] GC(28366) Using 4 of 8 workers for concurrent weak root
[455.001s][info ][gc             ] GC(28366) Concurrent weak roots 0.365ms
[455.001s][info ][gc,start       ] GC(28366) Concurrent cleanup
[455.001s][info ][gc             ] GC(28366) Concurrent cleanup 1096M->1075M(2048M) 0.097ms
[455.001s][info ][gc,ergo        ] GC(28366) Free: 93501K, Max: 1024K regular, 6144K humongous, Frag: 94% external, 0% internal; Reserve: 103M, Max: 1024K
[455.001s][info ][gc,start       ] GC(28366) Concurrent class unloading
[455.001s][info ][gc,task        ] GC(28366) Using 4 of 8 workers for concurrent class unloading
[455.001s][debug][gc,phases,start] GC(28366) ClassLoaderData
[455.001s][debug][gc,phases      ] GC(28366) ClassLoaderData 0.007ms
[455.001s][debug][gc,phases,start] GC(28366) Trigger cleanups
[455.001s][debug][gc,phases      ] GC(28366) Trigger cleanups 0.005ms
[455.002s][info ][gc             ] GC(28366) Concurrent class unloading 0.720ms
[455.002s][info ][gc,start       ] GC(28366) Pause Final Roots
[455.002s][info ][gc             ] GC(28366) Pause Final Roots 0.017ms
[455.002s][debug][gc,ergo        ] GC(28366) Available: 77117 KB, z-score=-0.769. Average available: 102107.9 KB +/- 32481.3 KB.
[455.002s][info ][gc,ergo        ] Free: 77117K, Max: 1024K regular, 6144K humongous, Frag: 92% external, 0% internal; Reserve: 103M, Max: 1024K
[455.002s][info ][gc,stats       ] 
[455.002s][info ][gc,stats       ] All times are wall-clock times, except per-root-class counters, that are sum over
[455.002s][info ][gc,stats       ] all workers. Dividing the <total> over the root stage time estimates parallelism.
[455.002s][info ][gc,stats       ] 
[455.002s][info ][gc,stats       ] Concurrent Reset                   2414 us
[455.002s][info ][gc,stats       ] Pause Init Mark (G)                 415 us
[455.002s][info ][gc,stats       ] Pause Init Mark (N)                 148 us
[455.002s][info ][gc,stats       ]   Update Region States              104 us
[455.002s][info ][gc,stats       ] Concurrent Mark Roots               164 us, parallelism: 1.34x
[455.002s][info ][gc,stats       ]   CMR: <total>                      219 us
[455.002s][info ][gc,stats       ]   CMR: Thread Roots                 199 us, workers (us):  46,  64,  46,  44, ---, ---, ---, ---, 
[455.002s][info ][gc,stats       ]   CMR: VM Strong Roots                4 us, workers (us):   3,   0,   0,   0, ---, ---, ---, ---, 
[455.002s][info ][gc,stats       ]   CMR: CLDG Roots                    16 us, workers (us):  15,   0, ---, ---, ---, ---, ---, ---, 
[455.002s][info ][gc,stats       ] Concurrent Marking                  827 us
[455.002s][info ][gc,stats       ] Pause Final Mark (G)               1101 us
[455.002s][info ][gc,stats       ] Pause Final Mark (N)                897 us
[455.002s][info ][gc,stats       ]   Finish Mark                       536 us
[455.002s][info ][gc,stats       ]   Update Region States              221 us
[455.002s][info ][gc,stats       ]   Choose Collection Set              46 us
[455.002s][info ][gc,stats       ]   Rebuild Free Set                   13 us
[455.002s][info ][gc,stats       ] Concurrent Weak References          143 us, parallelism: 0.03x
[455.002s][info ][gc,stats       ]   CWRF: <total>                       4 us
[455.003s][info ][gc,stats       ]   CWRF: Weak References               4 us, workers (us):   3,   0,   0,   0, ---, ---, ---, ---, 
[455.003s][info ][gc,stats       ] Concurrent Weak Roots               381 us
[455.003s][info ][gc,stats       ]   Roots                             258 us, parallelism: 0.62x
[455.003s][info ][gc,stats       ]     CWR: <total>                    161 us
[455.003s][info ][gc,stats       ]     CWR: Code Cache Roots           106 us, workers (us): 105,   0,   0,   0, ---, ---, ---, ---, 
[455.003s][info ][gc,stats       ]     CWR: VM Weak Roots               53 us, workers (us):  28,  25,   0,   0, ---, ---, ---, ---, 
[455.003s][info ][gc,stats       ]     CWR: CLDG Roots                   3 us, workers (us): ---,   3, ---, ---, ---, ---, ---, ---, 
[455.003s][info ][gc,stats       ]   Rendezvous                         88 us
[455.003s][info ][gc,stats       ] Concurrent Cleanup                  103 us
[455.003s][info ][gc,stats       ] Concurrent Class Unloading          737 us
[455.003s][info ][gc,stats       ]   Unlink Stale                      258 us
[455.003s][info ][gc,stats       ]     System Dictionary                22 us
[455.003s][info ][gc,stats       ]     Weak Class Links                  0 us
[455.003s][info ][gc,stats       ]     Code Roots                      235 us
[455.003s][info ][gc,stats       ]   Rendezvous                        309 us
[455.003s][info ][gc,stats       ]   Purge Unlinked                    139 us
[455.003s][info ][gc,stats       ]     Code Roots                      123 us
[455.003s][info ][gc,stats       ]     CLDG                             16 us
[455.003s][info ][gc,stats       ]     Exception Caches                  0 us
[455.003s][info ][gc,stats       ] Pause Final Roots (G)               336 us
[455.003s][info ][gc,stats       ] Pause Final Roots (N)                23 us
[455.003s][info ][gc,stats       ] Pacing                            75376 us
[455.003s][info ][gc,stats       ] 
[455.003s][info ][gc,stats       ] Allocation pacing accrued:
[455.003s][info ][gc,stats       ]       7 of     8 ms ( 87.2%): main
[455.003s][info ][gc,stats       ]       6 of     8 ms ( 77.2%): Thread-0
[455.003s][info ][gc,stats       ]       7 of     8 ms ( 86.2%): Thread-1
[455.003s][info ][gc,stats       ]       8 of     8 ms (104.7%): Thread-2
[455.003s][info ][gc,stats       ]       7 of     8 ms ( 87.2%): Thread-3
[455.003s][info ][gc,stats       ]       9 of     8 ms (110.9%): Thread-4
[455.003s][info ][gc,stats       ]       7 of     8 ms ( 86.2%): Thread-5
[455.003s][info ][gc,stats       ]       6 of     8 ms ( 76.9%): Thread-6
[455.003s][info ][gc,stats       ]       6 of     8 ms ( 76.0%): Thread-7
[455.003s][info ][gc,stats       ]       6 of     8 ms ( 78.3%): Thread-8
[455.003s][info ][gc,stats       ]       6 of     8 ms ( 72.5%): Thread-9
[455.003s][info ][gc,stats       ]      75 of     8 ms (943.2%): <total>
[455.003s][info ][gc,stats       ]       4 of     8 ms ( 44.9%): <average total>
[455.003s][info ][gc,stats       ]       7 of     8 ms ( 85.7%): <average non-zero>
[455.003s][info ][gc,stats       ] 
[455.003s][info ][gc,metaspace   ] Metaspace: 253K(448K)->253K(448K) NonClass: 247K(320K)->247K(320K) Class: 5K(128K)->5K(128K)
[455.003s][info ][gc,ergo        ] Pacer for Idle. Initial: 41943K, Alloc Tax Rate: 1.0x
[455.004s][info ][gc             ] Trigger: Free (52541K) is below minimum threshold (204M)
[455.004s][info ][gc,ergo        ] Free: 52541K, Max: 1024K regular, 6144K humongous, Frag: 89% external, 1% internal; Reserve: 103M, Max: 1024K
[455.004s][info ][gc,start       ] GC(28367) Concurrent reset
[455.004s][info ][gc,task        ] GC(28367) Using 4 of 8 workers for concurrent reset
[455.004s][info ][gc,ergo        ] GC(28367) Pacer for Reset. Non-Taxable: 2048M
[455.007s][info ][gc             ] GC(28367) Concurrent reset 2.926ms
[455.007s][info ][gc,start       ] GC(28367) Pause Init Mark (unload classes)
[455.007s][info ][gc,task        ] GC(28367) Using 8 of 8 workers for init marking
[455.007s][info ][gc,ergo        ] GC(28367) Pacer for Mark. Expected Live: 1055M, Free: 11581K, Non-Taxable: 1158K, Alloc Tax Rate: 114.1x
[455.007s][info ][gc             ] GC(28367) Pause Init Mark (unload classes) 0.127ms
[455.007s][info ][gc,start       ] GC(28367) Concurrent marking roots
[455.007s][info ][gc,task        ] GC(28367) Using 4 of 8 workers for concurrent marking roots
[455.007s][info ][gc             ] GC(28367) Concurrent marking roots 0.188ms
[455.007s][info ][gc,start       ] GC(28367) Concurrent marking (unload classes)
[455.007s][info ][gc,task        ] GC(28367) Using 4 of 8 workers for concurrent marking
[455.008s][info ][gc             ] GC(28367) Concurrent marking (unload classes) 0.848ms
[455.008s][info ][gc,start       ] GC(28367) Pause Final Mark (unload classes)
[455.008s][info ][gc,task        ] GC(28367) Using 8 of 8 workers for final marking
[455.009s][info ][gc,ergo        ] GC(28367) Collectable Garbage: 49152K (99%), Immediate: 49152K (99%), CSet: 0B (0%)
[455.009s][info ][gc             ] GC(28367) Pause Final Mark (unload classes) 0.578ms
[455.009s][info ][gc,start       ] GC(28367) Concurrent weak references
[455.009s][info ][gc,task        ] GC(28367) Using 4 of 8 workers for concurrent weak references
[455.009s][info ][gc,ref         ] GC(28367) Encountered references: Soft: 7, Weak: 34, Final: 0, Phantom: 1
[455.009s][info ][gc,ref         ] GC(28367) Discovered  references: Soft: 0, Weak: 1, Final: 0, Phantom: 1
[455.009s][info ][gc,ref         ] GC(28367) Enqueued    references: Soft: 0, Weak: 0, Final: 0, Phantom: 0
[455.009s][info ][gc             ] GC(28367) Concurrent weak references 0.148ms
[455.009s][info ][gc,start       ] GC(28367) Concurrent weak roots
[455.009s][info ][gc,task        ] GC(28367) Using 4 of 8 workers for concurrent weak root
[455.009s][info ][gc             ] GC(28367) Concurrent weak roots 0.191ms
[455.009s][info ][gc,start       ] GC(28367) Concurrent cleanup
[455.009s][info ][gc             ] GC(28367) Concurrent cleanup 1116M->1068M(2048M) 0.103ms
[455.009s][info ][gc,ergo        ] GC(28367) Free: 105M, Max: 1024K regular, 6144K humongous, Frag: 95% external, 0% internal; Reserve: 103M, Max: 1024K
[455.009s][info ][gc,start       ] GC(28367) Concurrent class unloading
[455.009s][info ][gc,task        ] GC(28367) Using 4 of 8 workers for concurrent class unloading
[455.009s][debug][gc,phases,start] GC(28367) ClassLoaderData
[455.009s][debug][gc,phases      ] GC(28367) ClassLoaderData 0.006ms
[455.009s][debug][gc,phases,start] GC(28367) Trigger cleanups
[455.009s][debug][gc,phases      ] GC(28367) Trigger cleanups 0.005ms
[455.010s][info ][gc             ] GC(28367) Concurrent class unloading 0.474ms
[455.010s][info ][gc,start       ] GC(28367) Pause Final Roots
[455.010s][info ][gc             ] GC(28367) Pause Final Roots 0.014ms
[455.010s][debug][gc,ergo        ] GC(28367) Available: 105 MB, z-score=0.184. Average available: 101885.2 KB +/- 32433.6 KB.
[455.010s][info ][gc,ergo        ] Free: 105M, Max: 1024K regular, 6144K humongous, Frag: 95% external, 0% internal; Reserve: 103M, Max: 1024K
[455.010s][info ][gc,stats       ] 
[455.010s][info ][gc,stats       ] All times are wall-clock times, except per-root-class counters, that are sum over
[455.010s][info ][gc,stats       ] all workers. Dividing the <total> over the root stage time estimates parallelism.
[455.010s][info ][gc,stats       ] 
[455.010s][info ][gc,stats       ] Concurrent Reset                   2954 us
[455.010s][info ][gc,stats       ] Pause Init Mark (G)                 204 us
[455.010s][info ][gc,stats       ] Pause Init Mark (N)                 133 us
[455.010s][info ][gc,stats       ]   Update Region States               95 us
[455.010s][info ][gc,stats       ] Concurrent Mark Roots               206 us, parallelism: 1.49x
[455.010s][info ][gc,stats       ]   CMR: <total>                      306 us
[455.010s][info ][gc,stats       ]   CMR: Thread Roots                 286 us, workers (us):  99,  85,  71,  32, ---, ---, ---, ---, 
[455.010s][info ][gc,stats       ]   CMR: VM Strong Roots                3 us, workers (us):   3,   0,   0,   0, ---, ---, ---, ---, 
[455.010s][info ][gc,stats       ]   CMR: CLDG Roots                    17 us, workers (us):  16,   0, ---, ---, ---, ---, ---, ---, 
[455.010s][info ][gc,stats       ] Concurrent Marking                  863 us
[455.010s][info ][gc,stats       ] Pause Final Mark (G)                676 us
[455.010s][info ][gc,stats       ] Pause Final Mark (N)                583 us
[455.010s][info ][gc,stats       ]   Finish Mark                       407 us
[455.010s][info ][gc,stats       ]   Update Region States               97 us
[455.010s][info ][gc,stats       ]   Choose Collection Set              41 us
[455.010s][info ][gc,stats       ]   Rebuild Free Set                    6 us
[455.010s][info ][gc,stats       ] Concurrent Weak References          153 us, parallelism: 0.01x
[455.010s][info ][gc,stats       ]   CWRF: <total>                       2 us
[455.010s][info ][gc,stats       ]   CWRF: Weak References               2 us, workers (us):   1,   0,   0,   0, ---, ---, ---, ---, 
[455.010s][info ][gc,stats       ] Concurrent Weak Roots               201 us
[455.010s][info ][gc,stats       ]   Roots                             129 us, parallelism: 0.61x
[455.010s][info ][gc,stats       ]     CWR: <total>                     79 us
[455.010s][info ][gc,stats       ]     CWR: Code Cache Roots            39 us, workers (us):  39,   0,   0,   0, ---, ---, ---, ---, 
[455.010s][info ][gc,stats       ]     CWR: VM Weak Roots               39 us, workers (us):  38,   1,   0,   0, ---, ---, ---, ---, 
[455.010s][info ][gc,stats       ]     CWR: CLDG Roots                   1 us, workers (us):   1, ---, ---, ---, ---, ---, ---, ---, 
[455.010s][info ][gc,stats       ]   Rendezvous                         49 us
[455.010s][info ][gc,stats       ] Concurrent Cleanup                  114 us
[455.010s][info ][gc,stats       ] Concurrent Class Unloading          514 us
[455.010s][info ][gc,stats       ]   Unlink Stale                      263 us
[455.010s][info ][gc,stats       ]     System Dictionary                22 us
[455.010s][info ][gc,stats       ]     Weak Class Links                  0 us
[455.010s][info ][gc,stats       ]     Code Roots                      241 us
[455.010s][info ][gc,stats       ]   Rendezvous                        120 us
[455.010s][info ][gc,stats       ]   Purge Unlinked                     79 us
[455.010s][info ][gc,stats       ]     Code Roots                       66 us
[455.010s][info ][gc,stats       ]     CLDG                             13 us
[455.010s][info ][gc,stats       ]     Exception Caches                  0 us
[455.010s][info ][gc,stats       ] Pause Final Roots (G)                73 us
[455.010s][info ][gc,stats       ] Pause Final Roots (N)                19 us
[455.010s][info ][gc,stats       ] 
[455.010s][info ][gc,stats       ] Allocation pacing accrued:
[455.010s][info ][gc,stats       ]       0 of     7 ms (  0.0%): <total>
[455.010s][info ][gc,stats       ]       0 of     7 ms (  0.0%): <average total>
[455.010s][info ][gc,stats       ] 
[455.010s][info ][gc,metaspace   ] Metaspace: 253K(448K)->253K(448K) NonClass: 247K(320K)->247K(320K) Class: 5K(128K)->5K(128K)
[455.010s][info ][gc,ergo        ] Pacer for Idle. Initial: 41943K, Alloc Tax Rate: 1.0x
[455.011s][info ][gc             ] Trigger: Free (105M) is below minimum threshold (204M)
[455.011s][info ][gc,ergo        ] Free: 105M, Max: 1024K regular, 6144K humongous, Frag: 95% external, 0% internal; Reserve: 103M, Max: 1024K
[455.011s][info ][gc,start       ] GC(28368) Concurrent reset
[455.011s][info ][gc,task        ] GC(28368) Using 4 of 8 workers for concurrent reset
[455.011s][info ][gc,ergo        ] GC(28368) Pacer for Reset. Non-Taxable: 2048M
[455.013s][info ][gc             ] GC(28368) Concurrent reset 1.316ms
[455.013s][info ][gc,start       ] GC(28368) Pause Init Mark (unload classes)
[455.013s][info ][gc,task        ] GC(28368) Using 8 of 8 workers for init marking
[455.013s][info ][gc,ergo        ] GC(28368) Pacer for Mark. Expected Live: 1058M, Free: 105M, Non-Taxable: 10783K, Alloc Tax Rate: 12.3x
[455.013s][info ][gc             ] GC(28368) Pause Init Mark (unload classes) 0.179ms
[455.013s][info ][gc,start       ] GC(28368) Concurrent marking roots
[455.013s][info ][gc,task        ] GC(28368) Using 4 of 8 workers for concurrent marking roots
[455.013s][info ][gc             ] GC(28368) Concurrent marking roots 0.197ms
[455.013s][info ][gc,start       ] GC(28368) Concurrent marking (unload classes)
[455.013s][info ][gc,task        ] GC(28368) Using 4 of 8 workers for concurrent marking
[455.014s][info ][gc             ] GC(28368) Concurrent marking (unload classes) 0.661ms
[455.014s][info ][gc,start       ] GC(28368) Pause Final Mark (unload classes)
[455.014s][info ][gc,task        ] GC(28368) Using 8 of 8 workers for final marking
[455.014s][info ][gc,ergo        ] GC(28368) Adaptive CSet Selection. Target Free: 290M, Actual Free: 209M, Max CSet: 87381K, Min Garbage: 83080K
[455.014s][info ][gc,ergo        ] GC(28368) Collectable Garbage: 1202K (100%), Immediate: 1024K (85%), CSet: 178K (14%)
[455.014s][info ][gc,ergo        ] GC(28368) Pacer for Evacuation. Used CSet: 706K, Free: 107M, Non-Taxable: 10956K, Alloc Tax Rate: 1.1x
[455.014s][info ][gc             ] GC(28368) Pause Final Mark (unload classes) 0.411ms
[455.014s][info ][gc,start       ] GC(28368) Concurrent thread roots
[455.014s][info ][gc,task        ] GC(28368) Using 4 of 8 workers for Concurrent thread roots
[455.014s][info ][gc             ] GC(28368) Concurrent thread roots 0.137ms
[455.014s][info ][gc,start       ] GC(28368) Concurrent weak references
[455.014s][info ][gc,task        ] GC(28368) Using 4 of 8 workers for concurrent weak references
[455.014s][info ][gc,ref         ] GC(28368) Encountered references: Soft: 7, Weak: 34, Final: 0, Phantom: 1
[455.014s][info ][gc,ref         ] GC(28368) Discovered  references: Soft: 0, Weak: 0, Final: 0, Phantom: 1
[455.014s][info ][gc,ref         ] GC(28368) Enqueued    references: Soft: 0, Weak: 0, Final: 0, Phantom: 0
[455.014s][info ][gc             ] GC(28368) Concurrent weak references 0.078ms
[455.014s][info ][gc,start       ] GC(28368) Concurrent weak roots
[455.014s][info ][gc,task        ] GC(28368) Using 4 of 8 workers for concurrent weak root
[455.015s][info ][gc             ] GC(28368) Concurrent weak roots 0.182ms
[455.015s][info ][gc,start       ] GC(28368) Concurrent cleanup
[455.015s][info ][gc             ] GC(28368) Concurrent cleanup 1068M->1067M(2048M) 0.091ms
[455.015s][info ][gc,ergo        ] GC(28368) Free: 107M, Max: 1024K regular, 6144K humongous, Frag: 95% external, 0% internal; Reserve: 102M, Max: 1024K
[455.015s][info ][gc,start       ] GC(28368) Concurrent class unloading
[455.015s][info ][gc,task        ] GC(28368) Using 4 of 8 workers for concurrent class unloading
[455.015s][debug][gc,phases,start] GC(28368) ClassLoaderData
[455.015s][debug][gc,phases      ] GC(28368) ClassLoaderData 0.014ms
[455.015s][debug][gc,phases,start] GC(28368) Trigger cleanups
[455.015s][debug][gc,phases      ] GC(28368) Trigger cleanups 0.005ms
[455.015s][info ][gc             ] GC(28368) Concurrent class unloading 0.452ms
[455.015s][info ][gc,start       ] GC(28368) Concurrent strong roots
[455.015s][info ][gc,task        ] GC(28368) Using 4 of 8 workers for concurrent strong root
[455.015s][info ][gc             ] GC(28368) Concurrent strong roots 0.065ms
[455.015s][info ][gc,start       ] GC(28368) Concurrent evacuation
[455.015s][info ][gc,task        ] GC(28368) Using 4 of 8 workers for concurrent evacuation
[455.015s][info ][gc             ] Failed to allocate Shared, 10240K
[455.015s][info ][gc             ] Cancelling GC: Allocation Failure
[455.016s][info ][gc             ] GC(28368) Concurrent evacuation 0.439ms
[455.016s][info ][gc,ergo        ] Free: 95232K, Max: 1024K regular, 6144K humongous, Frag: 94% external, 0% internal; Reserve: 102M, Max: 1024K
[455.016s][info ][gc,stats       ] 
[455.016s][info ][gc,stats       ] All times are wall-clock times, except per-root-class counters, that are sum over
[455.016s][info ][gc,stats       ] all workers. Dividing the <total> over the root stage time estimates parallelism.
[455.016s][info ][gc,stats       ] 
[455.016s][info ][gc,stats       ] Concurrent Reset                   1328 us
[455.016s][info ][gc,stats       ] Pause Init Mark (G)                 269 us
[455.016s][info ][gc,stats       ] Pause Init Mark (N)                 183 us
[455.016s][info ][gc,stats       ]   Update Region States              140 us
[455.016s][info ][gc,stats       ] Concurrent Mark Roots               206 us, parallelism: 1.28x
[455.016s][info ][gc,stats       ]   CMR: <total>                      263 us
[455.016s][info ][gc,stats       ]   CMR: Thread Roots                 229 us, workers (us):  73,  55,  52,  50, ---, ---, ---, ---, 
[455.016s][info ][gc,stats       ]   CMR: VM Strong Roots                3 us, workers (us):   2,   0,   0,   0, ---, ---, ---, ---, 
[455.016s][info ][gc,stats       ]   CMR: CLDG Roots                    31 us, workers (us):  31, ---, ---, ---, ---, ---, ---, ---, 
[455.016s][info ][gc,stats       ] Concurrent Marking                  695 us
[455.016s][info ][gc,stats       ] Pause Final Mark (G)                475 us
[455.016s][info ][gc,stats       ] Pause Final Mark (N)                415 us
[455.016s][info ][gc,stats       ]   Finish Mark                       266 us
[455.016s][info ][gc,stats       ]   Update Region States               87 us
[455.016s][info ][gc,stats       ]   Choose Collection Set              24 us
[455.016s][info ][gc,stats       ]   Rebuild Free Set                    6 us
[455.016s][info ][gc,stats       ] Concurrent Thread Roots             150 us, parallelism: 1.55x
[455.016s][info ][gc,stats       ]   CTR: <total>                      233 us
[455.016s][info ][gc,stats       ]   CTR: Thread Roots                 233 us, workers (us):  74,  66,  49,  43, ---, ---, ---, ---, 
[455.016s][info ][gc,stats       ] Concurrent Weak References           83 us, parallelism: 0.02x
[455.016s][info ][gc,stats       ]   CWRF: <total>                       2 us
[455.016s][info ][gc,stats       ]   CWRF: Weak References               2 us, workers (us):   2,   0,   0,   0, ---, ---, ---, ---, 
[455.016s][info ][gc,stats       ] Concurrent Weak Roots               192 us
[455.016s][info ][gc,stats       ]   Roots                             111 us, parallelism: 0.91x
[455.016s][info ][gc,stats       ]     CWR: <total>                    101 us
[455.016s][info ][gc,stats       ]     CWR: Code Cache Roots            26 us, workers (us):  25,   0,   0,   0, ---, ---, ---, ---, 
[455.016s][info ][gc,stats       ]     CWR: VM Weak Roots               75 us, workers (us):  36,  26,  13,   1, ---, ---, ---, ---, 
[455.016s][info ][gc,stats       ]     CWR: CLDG Roots                   1 us, workers (us): ---, ---, ---,   1, ---, ---, ---, ---, 
[455.016s][info ][gc,stats       ]   Rendezvous                         60 us
[455.016s][info ][gc,stats       ] Concurrent Cleanup                  150 us
[455.016s][info ][gc,stats       ] Concurrent Class Unloading          463 us
[455.016s][info ][gc,stats       ]   Unlink Stale                      279 us
[455.016s][info ][gc,stats       ]     System Dictionary                29 us
[455.016s][info ][gc,stats       ]     Weak Class Links                  0 us
[455.016s][info ][gc,stats       ]     Code Roots                      249 us
[455.016s][info ][gc,stats       ]   Rendezvous                         77 us
[455.016s][info ][gc,stats       ]   Purge Unlinked                     83 us
[455.016s][info ][gc,stats       ]     Code Roots                       52 us
[455.016s][info ][gc,stats       ]     CLDG                             31 us
[455.016s][info ][gc,stats       ]     Exception Caches                  0 us
[455.016s][info ][gc,stats       ] Concurrent Strong Roots              72 us, parallelism: 0.44x
[455.016s][info ][gc,stats       ]   CSR: <total>                       32 us
[455.016s][info ][gc,stats       ]   CSR: VM Strong Roots                6 us, workers (us):   5,   0,   0,   0, ---, ---, ---, ---, 
[455.016s][info ][gc,stats       ]   CSR: CLDG Roots                    26 us, workers (us):  26,   0, ---, ---, ---, ---, ---, ---, 
[455.016s][info ][gc,stats       ] Concurrent Evacuation               457 us
[455.016s][info ][gc,stats       ] Pacing                            71368 us
[455.016s][info ][gc,stats       ] 
[455.016s][info ][gc,stats       ] Allocation pacing accrued:
[455.016s][info ][gc,stats       ]       8 of     6 ms (132.4%): main
[455.016s][info ][gc,stats       ]       9 of     6 ms (146.0%): Thread-0
[455.016s][info ][gc,stats       ]       7 of     6 ms (120.2%): Thread-1
[455.016s][info ][gc,stats       ]       7 of     6 ms (126.4%): Thread-2
[455.016s][info ][gc,stats       ]       8 of     6 ms (139.1%): Thread-3
[455.016s][info ][gc,stats       ]       8 of     6 ms (132.8%): Thread-4
[455.016s][info ][gc,stats       ]       8 of     6 ms (132.5%): Thread-5
[455.016s][info ][gc,stats       ]       8 of     6 ms (136.3%): Thread-6
[455.016s][info ][gc,stats       ]       8 of     6 ms (138.5%): Thread-7
[455.016s][info ][gc,stats       ]       8 of     6 ms (133.5%): Thread-8
[455.016s][info ][gc,stats       ]       8 of     6 ms (133.9%): Thread-9
[455.016s][info ][gc,stats       ]      87 of     6 ms (1471.4%): <total>
[455.016s][info ][gc,stats       ]       4 of     6 ms ( 70.1%): <average total>
[455.016s][info ][gc,stats       ]       8 of     6 ms (133.8%): <average non-zero>
[455.016s][info ][gc,stats       ] 
[455.016s][info ][gc,metaspace   ] Metaspace: 253K(448K)->253K(448K) NonClass: 247K(320K)->247K(320K) Class: 5K(128K)->5K(128K)
[455.016s][info ][gc,ergo        ] Pacer for Idle. Initial: 41943K, Alloc Tax Rate: 1.0x
[455.017s][info ][gc             ] Trigger: Handle Allocation Failure
[455.017s][info ][gc,ergo        ] Free: 68608K, Max: 1024K regular, 6144K humongous, Frag: 92% external, 0% internal; Reserve: 102M, Max: 1024K
[455.017s][info ][gc,start       ] GC(28369) Pause Degenerated GC (Evacuation)
[455.017s][info ][gc,task        ] GC(28369) Using 8 of 8 workers for stw degenerated gc
[455.019s][info ][gc,ergo        ] GC(28369) Good progress for free space: 68909K, need 20971K
[455.020s][info ][gc,ergo        ] GC(28369) Bad progress for used space: 706K, need 1024K
[455.020s][info ][gc,ergo        ] GC(28369) Bad progress for internal fragmentation: -nan%, need 1.0%
[455.020s][info ][gc,ergo        ] GC(28369) Bad progress for external fragmentation: 0.0%, need 1.0%
[455.020s][info ][gc             ] GC(28369) Cancelling GC: Upgrade To Full GC
[455.020s][info ][gc,phases,start] GC(28369) Phase 1: Mark live objects
[455.020s][info ][gc,ref         ] GC(28369) Clearing All SoftReferences
[455.020s][info ][gc,ref         ] GC(28369) Clearing All SoftReferences
[455.021s][info ][gc,ref         ] GC(28369) Encountered references: Soft: 7, Weak: 34, Final: 0, Phantom: 1
[455.021s][info ][gc,ref         ] GC(28369) Discovered  references: Soft: 4, Weak: 9, Final: 0, Phantom: 1
[455.021s][info ][gc,ref         ] GC(28369) Enqueued    references: Soft: 0, Weak: 0, Final: 0, Phantom: 0
[455.021s][debug][gc,phases,start] GC(28369) ClassLoaderData
[455.021s][debug][gc,phases      ] GC(28369) ClassLoaderData 0.012ms
[455.021s][debug][gc,phases,start] GC(28369) Trigger cleanups
[455.021s][debug][gc,phases      ] GC(28369) Trigger cleanups 0.005ms
[455.021s][info ][gc,phases      ] GC(28369) Phase 1: Mark live objects 0.962ms
[455.021s][info ][gc,phases,start] GC(28369) Phase 2: Compute new object addresses
[455.022s][info ][gc,phases      ] GC(28369) Phase 2: Compute new object addresses 0.389ms
[455.022s][info ][gc,phases,start] GC(28369) Phase 3: Adjust pointers
[455.023s][info ][gc,phases      ] GC(28369) Phase 3: Adjust pointers 1.283ms
[455.023s][info ][gc,phases,start] GC(28369) Phase 4: Move objects
[455.183s][info ][gc,phases      ] GC(28369) Phase 4: Move objects 160.272ms
[455.184s][info ][gc,ergo        ] GC(28369) Good progress for free space: 69104K, need 20971K
[455.184s][info ][gc,ergo        ] GC(28369) Bad progress for used space: 194K, need 1024K
[455.184s][info ][gc,ergo        ] GC(28369) Bad progress for internal fragmentation: -19.0%, need 1.0%
[455.184s][info ][gc,ergo        ] GC(28369) Good progress for external fragmentation: 89.6%, need 1.0%
[455.184s][info ][gc             ] GC(28369) Pause Degenerated GC (Evacuation) 1088M->1087M(2048M) 166.444ms
[455.184s][debug][gc,ergo        ] GC(28369) Margin of error now 3.29
[455.184s][debug][gc,ergo        ] GC(28369) Spike threshold now: 0.32
[455.184s][info ][gc,ergo        ] Free: 48624K, Max: 1024K regular, 47104K humongous, Frag: 3% external, 1% internal; Reserve: 103M, Max: 1024K
[455.184s][info ][gc,stats       ] 
[455.184s][info ][gc,stats       ] All times are wall-clock times, except per-root-class counters, that are sum over
[455.184s][info ][gc,stats       ] all workers. Dividing the <total> over the root stage time estimates parallelism.
[455.184s][info ][gc,stats       ] 
[455.184s][info ][gc,stats       ] Pause Degenerated GC (G)         167110 us
[455.184s][info ][gc,stats       ] Pause Degenerated GC (N)         166449 us
[455.184s][info ][gc,stats       ]   Evacuation                        188 us
[455.184s][info ][gc,stats       ]   Manage GCLABs                       2 us
[455.184s][info ][gc,stats       ]   Update References                1430 us
[455.185s][info ][gc,stats       ]   Update Region States              110 us
[455.185s][info ][gc,stats       ]   Trash Collection Set                3 us
[455.185s][info ][gc,stats       ]   Rebuild Free Set                   16 us
[455.185s][info ][gc,stats       ]   Degen Update Roots                255 us, parallelism: 1.21x
[455.185s][info ][gc,stats       ]     DU: <total>                     307 us
[455.185s][info ][gc,stats       ]     DU: Thread Roots                108 us, workers (us):  51,  56,   0,   0,   0,   0,   0,   0, 
[455.185s][info ][gc,stats       ]     DU: Code Cache Roots            159 us, workers (us):   0,   0, 158,   0,   0,   0,   0,   0, 
[455.185s][info ][gc,stats       ]     DU: VM Strong Roots               3 us, workers (us):   2,   0,   0,   0,   0,   0,   0,   0, 
[455.185s][info ][gc,stats       ]     DU: VM Weak Roots                25 us, workers (us):  14,   9,   0,   0,   0,   0,   0,   0, 
[455.185s][info ][gc,stats       ]     DU: CLDG Roots                   12 us, workers (us):   8,   2,   2,   0,   0,   0,   0,   0, 
[455.185s][info ][gc,stats       ]   Cleanup                           105 us
[455.185s][info ][gc,stats       ]   Pre Heap Dump                       1 us
[455.185s][info ][gc,stats       ]   Prepare                           845 us
[455.185s][info ][gc,stats       ]   Mark                              924 us, parallelism: 2.85x
[455.185s][info ][gc,stats       ]     FM: <total>                    2628 us
[455.185s][info ][gc,stats       ]     FM: Thread Roots                 66 us, workers (us):  31,  20,  10,   1,   1,   0,   0,   1, 
[455.185s][info ][gc,stats       ]     FM: VM Strong Roots               4 us, workers (us):   0,   2,   1,   0,   0,   0,   0,   0, 
[455.185s][info ][gc,stats       ]     FM: CLDG Roots                   35 us, workers (us):  33,   0,   0,   0,   1,   0,   0,   0, 
[455.185s][info ][gc,stats       ]     FM: Parallel Mark              2524 us, workers (us): 329, 360, 387, 295, 324, 318, 264, 247, 
[455.185s][info ][gc,stats       ]     System Purge                    408 us
[455.185s][info ][gc,stats       ]       Weak References               164 us, parallelism: 0.01x
[455.185s][info ][gc,stats       ]         WRP: <total>                  2 us
[455.185s][info ][gc,stats       ]         WRP: Weak References          2 us, workers (us):   2,   0,   0,   0,   0,   0,   0,   0, 
[455.185s][info ][gc,stats       ]       Unload Classes                133 us, parallelism: 1.55x
[455.185s][info ][gc,stats       ]         CU: <total>                 207 us
[455.185s][info ][gc,stats       ]         CU: Unload Code Caches      207 us, workers (us):  59,  62,  37,  27,  21,   0,   0,   0, 
[455.185s][info ][gc,stats       ]       Weak Roots                    108 us, parallelism: 0.21x
[455.185s][info ][gc,stats       ]         WR: <total>                  22 us
[455.185s][info ][gc,stats       ]         WR: VM Weak Roots            22 us, workers (us):  14,   4,   1,   1,   1,   1,   1,   1, 
[455.185s][info ][gc,stats       ]       CLDG                            1 us
[455.185s][info ][gc,stats       ]   Calculate Addresses               382 us
[455.185s][info ][gc,stats       ]     Regular Objects                 258 us
[455.185s][info ][gc,stats       ]     Humongous Objects                70 us
[455.185s][info ][gc,stats       ]   Adjust Pointers                  1278 us
[455.185s][info ][gc,stats       ]     FA: <total>                     192 us
[455.185s][info ][gc,stats       ]     FA: Thread Roots                 51 us, workers (us):  22,   1,  16,   4,   6,   0,   0,   1, 
[455.185s][info ][gc,stats       ]     FA: Code Cache Roots            112 us, workers (us):   0, 111,   0,   0,   0,   0,   0,   0, 
[455.185s][info ][gc,stats       ]     FA: VM Strong Roots               3 us, workers (us):   2,   0,   0,   0,   0,   0,   0,   0, 
[455.185s][info ][gc,stats       ]     FA: VM Weak Roots                17 us, workers (us):  15,   0,   0,   0,   0,   0,   0,   1, 
[455.185s][info ][gc,stats       ]     FA: CLDG Roots                   10 us, workers (us):   8,   0,   0,   0,   0,   0,   0,   0, 
[455.185s][info ][gc,stats       ]   Copy Objects                   160267 us
[455.185s][info ][gc,stats       ]     Regular Objects                 280 us
[455.185s][info ][gc,stats       ]     Humongous Objects            158238 us
[455.185s][info ][gc,stats       ]     Reset Complete Bitmap          1700 us
[455.185s][info ][gc,stats       ]     Rebuild Region Sets              47 us
[455.185s][info ][gc,stats       ]   Post Heap Dump                      1 us
[455.185s][info ][gc,stats       ] 
[455.185s][info ][gc,stats       ] Allocation pacing accrued:
[455.185s][info ][gc,stats       ]       0 of   169 ms (  0.0%): <total>
[455.185s][info ][gc,stats       ]       0 of   169 ms (  0.0%): <average total>
[455.185s][info ][gc,stats       ] 
[455.185s][info ][gc,metaspace   ] Metaspace: 253K(448K)->253K(448K) NonClass: 247K(320K)->247K(320K) Class: 5K(128K)->5K(128K)
[455.185s][info ][gc,ergo        ] Pacer for Idle. Initial: 41943K, Alloc Tax Rate: 1.0x
[455.186s][info ][gc             ] Trigger: Free (16880K) is below minimum threshold (204M)
[455.186s][info ][gc,ergo        ] Free: 12784K, Max: 1024K regular, 11264K humongous, Frag: 9% external, 3% internal; Reserve: 103M, Max: 1024K
[455.186s][info ][gc,start       ] GC(28370) Concurrent reset
[455.186s][info ][gc,task        ] GC(28370) Using 4 of 8 workers for concurrent reset
[455.186s][info ][gc,ergo        ] GC(28370) Pacer for Reset. Non-Taxable: 2048M
[455.187s][info ][gc             ] GC(28370) Concurrent reset 0.315ms
[455.187s][info ][gc             ] Failed to allocate Shared, 1024K
[455.187s][info ][gc             ] Cancelling GC: Allocation Failure
[455.187s][info ][gc,start       ] GC(28370) Pause Init Mark (unload classes)
[455.187s][info ][gc,task        ] GC(28370) Using 8 of 8 workers for init marking
[455.187s][info ][gc,ergo        ] GC(28370) Pacer for Mark. Expected Live: 1271M, Free: 2544K, Non-Taxable: 254K, Alloc Tax Rate: 625.5x
[455.187s][info ][gc             ] GC(28370) Pause Init Mark (unload classes) 0.322ms
[455.187s][info ][gc,start       ] GC(28370) Concurrent marking roots
[455.187s][info ][gc,task        ] GC(28370) Using 4 of 8 workers for concurrent marking roots
[455.188s][info ][gc             ] GC(28370) Concurrent marking roots 0.394ms
[455.188s][info ][gc,ergo        ] Free: 2544K, Max: 1024K regular, 1024K humongous, Frag: 50% external, 17% internal; Reserve: 103M, Max: 1024K
[455.188s][info ][gc,stats       ] 
[455.188s][info ][gc,stats       ] All times are wall-clock times, except per-root-class counters, that are sum over
[455.188s][info ][gc,stats       ] all workers. Dividing the <total> over the root stage time estimates parallelism.
[455.188s][info ][gc,stats       ] 
[455.188s][info ][gc,stats       ] Concurrent Reset                    366 us
[455.188s][info ][gc,stats       ] Pause Init Mark (G)                 671 us
[455.188s][info ][gc,stats       ] Pause Init Mark (N)                 333 us
[455.188s][info ][gc,stats       ]   Update Region States              227 us
[455.188s][info ][gc,stats       ] Concurrent Mark Roots               432 us, parallelism: 0.68x
[455.188s][info ][gc,stats       ]   CMR: <total>                      295 us
[455.188s][info ][gc,stats       ]   CMR: Thread Roots                 254 us, workers (us):  73,  91,  90,   0, ---, ---, ---, ---, 
[455.188s][info ][gc,stats       ]   CMR: VM Strong Roots               13 us, workers (us):   4,   0,   8,   0, ---, ---, ---, ---, 
[455.188s][info ][gc,stats       ]   CMR: CLDG Roots                    28 us, workers (us):  27,   1, ---, ---, ---, ---, ---, ---, 
[455.188s][info ][gc,stats       ] 
[455.188s][info ][gc,stats       ] Allocation pacing accrued:
[455.188s][info ][gc,stats       ]       0 of     3 ms (  0.0%): <total>
[455.188s][info ][gc,stats       ]       0 of     3 ms (  0.0%): <average total>
[455.188s][info ][gc,stats       ] 
[455.188s][info ][gc,metaspace   ] Metaspace: 253K(448K)->253K(448K) NonClass: 247K(320K)->247K(320K) Class: 5K(128K)->5K(128K)
[455.188s][info ][gc,ergo        ] Pacer for Idle. Initial: 41943K, Alloc Tax Rate: 1.0x
[455.189s][info ][gc             ] Trigger: Handle Allocation Failure
[455.189s][info ][gc,ergo        ] Free: 2544K, Max: 1024K regular, 1024K humongous, Frag: 50% external, 17% internal; Reserve: 103M, Max: 1024K
[455.189s][info ][gc,start       ] GC(28371) Pause Degenerated GC (Outside of Cycle)
[455.189s][info ][gc,task        ] GC(28371) Using 8 of 8 workers for stw degenerated gc
[455.191s][info ][gc,ref         ] GC(28371) Clearing All SoftReferences
[455.192s][info ][gc,ref         ] GC(28371) Encountered references: Soft: 7, Weak: 34, Final: 0, Phantom: 1
[455.192s][info ][gc,ref         ] GC(28371) Discovered  references: Soft: 4, Weak: 2, Final: 0, Phantom: 1
[455.192s][info ][gc,ref         ] GC(28371) Enqueued    references: Soft: 0, Weak: 0, Final: 0, Phantom: 0
[455.192s][debug][gc,phases,start] GC(28371) ClassLoaderData
[455.192s][debug][gc,phases      ] GC(28371) ClassLoaderData 0.028ms
[455.192s][debug][gc,phases,start] GC(28371) Trigger cleanups
[455.192s][debug][gc,phases      ] GC(28371) Trigger cleanups 0.008ms
[455.192s][info ][gc,ergo        ] GC(28371) Collectable Garbage: 31744K (100%), Immediate: 31744K (100%), CSet: 0B (0%)
[455.192s][info ][gc,ergo        ] GC(28371) Good progress for free space: 66032K, need 20971K
[455.192s][info ][gc,ergo        ] GC(28371) Good progress for used space: 31744K, need 1024K
[455.192s][info ][gc             ] GC(28371) Pause Degenerated GC (Outside of Cycle) 1124M->1093M(2048M) 3.387ms
[455.193s][debug][gc,ergo        ] GC(28371) Margin of error now 3.29
[455.193s][debug][gc,ergo        ] GC(28371) Spike threshold now: 0.32
[455.193s][info ][gc,ergo        ] Free: 55792K, Max: 1024K regular, 35840K humongous, Frag: 36% external, 0% internal; Reserve: 103M, Max: 1024K
[455.193s][info ][gc,stats       ] 
[455.193s][info ][gc,stats       ] All times are wall-clock times, except per-root-class counters, that are sum over
[455.193s][info ][gc,stats       ] all workers. Dividing the <total> over the root stage time estimates parallelism.
[455.193s][info ][gc,stats       ] 
[455.193s][info ][gc,stats       ] Pause Degenerated GC (G)           3670 us
[455.193s][info ][gc,stats       ] Pause Degenerated GC (N)           3396 us
[455.193s][info ][gc,stats       ]   Degen STW Mark                    507 us, parallelism: 5.51x
[455.193s][info ][gc,stats       ]     DSM: <total>                   2793 us
[455.193s][info ][gc,stats       ]     DSM: Thread Roots                66 us, workers (us):  31,  23,   8,   1,   0,   1,   1,   0, 
[455.193s][info ][gc,stats       ]     DSM: VM Strong Roots              3 us, workers (us):   0,   0,   2,   0,   0,   0,   0,   0, 
[455.193s][info ][gc,stats       ]     DSM: CLDG Roots                  20 us, workers (us):  18,   0,   1,   1,   0,   0,   1,   0, 
[455.193s][info ][gc,stats       ]     DSM: Parallel Mark             2704 us, workers (us): 352, 362, 347, 339, 349, 294, 344, 316, 
[455.193s][info ][gc,stats       ]     System Purge                    455 us
[455.193s][info ][gc,stats       ]       Weak References               153 us, parallelism: 0.02x
[455.193s][info ][gc,stats       ]         WRP: <total>                  3 us
[455.193s][info ][gc,stats       ]         WRP: Weak References          3 us, workers (us):   2,   0,   0,   0,   0,   0,   0,   0, 
[455.193s][info ][gc,stats       ]       Unload Classes                189 us, parallelism: 1.15x
[455.193s][info ][gc,stats       ]         DCU: <total>                218 us
[455.193s][info ][gc,stats       ]         DCU: Unload Code Caches      218 us, workers (us):  79,  59,  53,  27,   0,   0,   0,   0, 
[455.193s][info ][gc,stats       ]       Weak Roots                    110 us, parallelism: 0.23x
[455.193s][info ][gc,stats       ]         DWR: <total>                 26 us
[455.193s][info ][gc,stats       ]         DWR: VM Weak Roots           26 us, workers (us):  14,   6,   1,   1,   1,   1,   0,   1, 
[455.193s][info ][gc,stats       ]       CLDG                            1 us
[455.193s][info ][gc,stats       ]   Update Region States              103 us
[455.193s][info ][gc,stats       ]   Manage GC/TLABs                     2 us
[455.193s][info ][gc,stats       ]   Choose Collection Set              42 us
[455.193s][info ][gc,stats       ]   Rebuild Free Set                   12 us
[455.193s][info ][gc,stats       ]   Cleanup                            98 us
[455.193s][info ][gc,stats       ] Pacing                            24845 us
[455.193s][info ][gc,stats       ] 
[455.193s][info ][gc,stats       ] Allocation pacing accrued:
[455.193s][info ][gc,stats       ]       5 of     5 ms ( 94.7%): Thread-2
[455.193s][info ][gc,stats       ]       5 of     5 ms ( 90.5%): Thread-3
[455.193s][info ][gc,stats       ]       5 of     5 ms ( 91.1%): Thread-4
[455.193s][info ][gc,stats       ]       5 of     5 ms ( 94.4%): Thread-5
[455.193s][info ][gc,stats       ]       5 of     5 ms ( 96.7%): Thread-7
[455.193s][info ][gc,stats       ]      25 of     5 ms (467.4%): <total>
[455.193s][info ][gc,stats       ]       1 of     5 ms ( 22.3%): <average total>
[455.193s][info ][gc,stats       ]       5 of     5 ms ( 93.5%): <average non-zero>
[455.193s][info ][gc,stats       ] 
[455.194s][info ][gc,metaspace   ] Metaspace: 253K(448K)->253K(448K) NonClass: 247K(320K)->247K(320K) Class: 5K(128K)->5K(128K)
[455.194s][info ][gc,ergo        ] Pacer for Idle. Initial: 41943K, Alloc Tax Rate: 1.0x
[455.195s][info ][gc             ] Trigger: Free (29168K) is below minimum threshold (204M)
[455.195s][info ][gc,ergo        ] Free: 29168K, Max: 1024K regular, 27648K humongous, Frag: 4% external, 1% internal; Reserve: 103M, Max: 1024K
[455.195s][info ][gc,start       ] GC(28372) Concurrent reset
[455.195s][info ][gc,task        ] GC(28372) Using 4 of 8 workers for concurrent reset
[455.195s][info ][gc,ergo        ] GC(28372) Pacer for Reset. Non-Taxable: 2048M
[455.196s][info ][gc             ] Failed to allocate Shared, 1024K
[455.196s][info ][gc             ] Cancelling GC: Allocation Failure
[455.198s][info ][gc             ] GC(28372) Concurrent reset 2.622ms
[455.198s][info ][gc,start       ] GC(28372) Pause Init Mark (unload classes)
[455.198s][info ][gc,task        ] GC(28372) Using 8 of 8 workers for init marking
[455.198s][info ][gc,ergo        ] GC(28372) Pacer for Mark. Expected Live: 1282M, Free: 2544K, Non-Taxable: 254K, Alloc Tax Rate: 631.0x
[455.198s][info ][gc             ] GC(28372) Pause Init Mark (unload classes) 0.216ms
[455.198s][info ][gc,start       ] GC(28372) Concurrent marking roots
[455.198s][info ][gc,task        ] GC(28372) Using 4 of 8 workers for concurrent marking roots
[455.198s][info ][gc             ] GC(28372) Concurrent marking roots 0.218ms
[455.198s][info ][gc,ergo        ] Free: 2544K, Max: 1024K regular, 1024K humongous, Frag: 50% external, 17% internal; Reserve: 103M, Max: 1024K
[455.198s][info ][gc,stats       ] 
[455.198s][info ][gc,stats       ] All times are wall-clock times, except per-root-class counters, that are sum over
[455.198s][info ][gc,stats       ] all workers. Dividing the <total> over the root stage time estimates parallelism.
[455.198s][info ][gc,stats       ] 
[455.198s][info ][gc,stats       ] Concurrent Reset                   2662 us
[455.198s][info ][gc,stats       ] Pause Init Mark (G)                 417 us
[455.198s][info ][gc,stats       ] Pause Init Mark (N)                 224 us
[455.198s][info ][gc,stats       ]   Update Region States              162 us
[455.198s][info ][gc,stats       ] Concurrent Mark Roots               233 us, parallelism: 1.51x
[455.198s][info ][gc,stats       ]   CMR: <total>                      352 us
[455.198s][info ][gc,stats       ]   CMR: Thread Roots                 328 us, workers (us):  84,  94,  76,  73, ---, ---, ---, ---, 
[455.198s][info ][gc,stats       ]   CMR: VM Strong Roots                4 us, workers (us):   3,   0,   0,   0, ---, ---, ---, ---, 
[455.198s][info ][gc,stats       ]   CMR: CLDG Roots                    20 us, workers (us):  19,   1, ---, ---, ---, ---, ---, ---, 
[455.198s][info ][gc,stats       ] 
[455.198s][info ][gc,stats       ] Allocation pacing accrued:
[455.198s][info ][gc,stats       ]       0 of     5 ms (  0.0%): <total>
[455.198s][info ][gc,stats       ]       0 of     5 ms (  0.0%): <average total>
[455.198s][info ][gc,stats       ] 
[455.198s][info ][gc,metaspace   ] Metaspace: 253K(448K)->253K(448K) NonClass: 247K(320K)->247K(320K) Class: 5K(128K)->5K(128K)
[455.198s][info ][gc,ergo        ] Pacer for Idle. Initial: 41943K, Alloc Tax Rate: 1.0x
[455.199s][info ][gc             ] Trigger: Handle Allocation Failure
[455.199s][info ][gc,ergo        ] Free: 2544K, Max: 1024K regular, 1024K humongous, Frag: 50% external, 17% internal; Reserve: 103M, Max: 1024K
[455.200s][info ][gc,start       ] GC(28373) Pause Degenerated GC (Outside of Cycle)
[455.200s][info ][gc,task        ] GC(28373) Using 8 of 8 workers for stw degenerated gc
[455.201s][info ][gc,ref         ] GC(28373) Clearing All SoftReferences
[455.202s][info ][gc,ref         ] GC(28373) Encountered references: Soft: 7, Weak: 34, Final: 0, Phantom: 1
[455.202s][info ][gc,ref         ] GC(28373) Discovered  references: Soft: 4, Weak: 1, Final: 0, Phantom: 1
[455.202s][info ][gc,ref         ] GC(28373) Enqueued    references: Soft: 0, Weak: 0, Final: 0, Phantom: 0
[455.203s][debug][gc,phases,start] GC(28373) ClassLoaderData
[455.203s][debug][gc,phases      ] GC(28373) ClassLoaderData 0.024ms
[455.203s][debug][gc,phases,start] GC(28373) Trigger cleanups
[455.203s][debug][gc,phases      ] GC(28373) Trigger cleanups 0.005ms
[455.203s][info ][gc,ergo        ] GC(28373) Collectable Garbage: 52224K (100%), Immediate: 52224K (100%), CSet: 0B (0%)
[455.204s][info ][gc,ergo        ] GC(28373) Good progress for free space: 97776K, need 20971K
[455.204s][info ][gc,ergo        ] GC(28373) Good progress for used space: 52224K, need 1024K
[455.204s][info ][gc             ] GC(28373) Pause Degenerated GC (Outside of Cycle) 1124M->1073M(2048M) 4.136ms
[455.204s][debug][gc,ergo        ] GC(28373) Margin of error now 3.29
[455.204s][debug][gc,ergo        ] GC(28373) Spike threshold now: 0.32
[455.204s][info ][gc,ergo        ] Free: 84464K, Max: 1024K regular, 52224K humongous, Frag: 38% external, 0% internal; Reserve: 103M, Max: 1024K
[455.204s][info ][gc,stats       ] 
[455.204s][info ][gc,stats       ] All times are wall-clock times, except per-root-class counters, that are sum over
[455.204s][info ][gc,stats       ] all workers. Dividing the <total> over the root stage time estimates parallelism.
[455.204s][info ][gc,stats       ] 
[455.204s][info ][gc,stats       ] Pause Degenerated GC (G)           4294 us
[455.204s][info ][gc,stats       ] Pause Degenerated GC (N)           4143 us
[455.204s][info ][gc,stats       ]   Degen STW Mark                   1030 us, parallelism: 3.54x
[455.204s][info ][gc,stats       ]     DSM: <total>                   3649 us
[455.204s][info ][gc,stats       ]     DSM: Thread Roots               148 us, workers (us):  59,  48,  27,   9,   3,   1,   1,   0, 
[455.204s][info ][gc,stats       ]     DSM: VM Strong Roots              6 us, workers (us):   2,   2,   2,   0,   1,   0,   0,   0, 
[455.204s][info ][gc,stats       ]     DSM: CLDG Roots                  27 us, workers (us):   1,   1,   1,  22,   2,   1,   0,   0, 
[455.204s][info ][gc,stats       ]     DSM: Parallel Mark             3467 us, workers (us): 477, 486, 509, 481, 478, 424, 462, 150, 
[455.204s][info ][gc,stats       ]     System Purge                    871 us
[455.204s][info ][gc,stats       ]       Weak References               184 us, parallelism: 0.01x
[455.204s][info ][gc,stats       ]         WRP: <total>                  2 us
[455.204s][info ][gc,stats       ]         WRP: Weak References          2 us, workers (us):   2,   0,   0,   0,   0,   0,   0,   0, 
[455.204s][info ][gc,stats       ]       Unload Classes                532 us, parallelism: 1.01x
[455.204s][info ][gc,stats       ]         DCU: <total>                540 us
[455.204s][info ][gc,stats       ]         DCU: Unload Code Caches      540 us, workers (us): 120, 188,  71, 160,   0,   1,   0,   0, 
[455.204s][info ][gc,stats       ]       Weak Roots                    151 us, parallelism: 0.17x
[455.204s][info ][gc,stats       ]         DWR: <total>                 26 us
[455.204s][info ][gc,stats       ]         DWR: VM Weak Roots           26 us, workers (us):  21,   0,   0,   0,   1,   1,   1,   0, 
[455.204s][info ][gc,stats       ]       CLDG                            1 us
[455.204s][info ][gc,stats       ]   Update Region States               81 us
[455.204s][info ][gc,stats       ]   Manage GC/TLABs                     4 us
[455.204s][info ][gc,stats       ]   Choose Collection Set              98 us
[455.204s][info ][gc,stats       ]   Rebuild Free Set                   10 us
[455.204s][info ][gc,stats       ]   Cleanup                            91 us
[455.204s][info ][gc,stats       ] Pacing                             5830 us
[455.204s][info ][gc,stats       ] 
[455.204s][info ][gc,stats       ] Allocation pacing accrued:
[455.204s][info ][gc,stats       ]       6 of     6 ms ( 99.9%): Thread-5
[455.204s][info ][gc,stats       ]       6 of     6 ms ( 99.9%): <total>
[455.204s][info ][gc,stats       ]       0 of     6 ms (  4.8%): <average total>
[455.204s][info ][gc,stats       ]       6 of     6 ms ( 99.9%): <average non-zero>
[455.204s][info ][gc,stats       ] 
[455.204s][info ][gc,metaspace   ] Metaspace: 253K(448K)->253K(448K) NonClass: 247K(320K)->247K(320K) Class: 5K(128K)->5K(128K)
[455.204s][info ][gc,ergo        ] Pacer for Idle. Initial: 41943K, Alloc Tax Rate: 1.0x
[455.205s][info ][gc             ] Trigger: Free (59888K) is below minimum threshold (204M)
[455.205s][info ][gc,ergo        ] Free: 57840K, Max: 1024K regular, 52224K humongous, Frag: 9% external, 0% internal; Reserve: 103M, Max: 1024K
[455.205s][info ][gc,start       ] GC(28374) Concurrent reset
[455.205s][info ][gc,task        ] GC(28374) Using 4 of 8 workers for concurrent reset
[455.205s][info ][gc,ergo        ] GC(28374) Pacer for Reset. Non-Taxable: 2048M
[455.209s][info ][gc             ] GC(28374) Concurrent reset 3.408ms
[455.209s][info ][gc,start       ] GC(28374) Pause Init Mark (unload classes)
[455.209s][info ][gc,task        ] GC(28374) Using 8 of 8 workers for init marking
[455.209s][info ][gc,ergo        ] GC(28374) Pacer for Mark. Expected Live: 1289M, Free: 6640K, Non-Taxable: 664K, Alloc Tax Rate: 243.0x
[455.209s][info ][gc             ] GC(28374) Pause Init Mark (unload classes) 0.151ms
[455.209s][info ][gc,start       ] GC(28374) Concurrent marking roots
[455.209s][info ][gc,task        ] GC(28374) Using 4 of 8 workers for concurrent marking roots
[455.210s][info ][gc             ] GC(28374) Concurrent marking roots 0.286ms
[455.210s][info ][gc,start       ] GC(28374) Concurrent marking (unload classes)
[455.210s][info ][gc,task        ] GC(28374) Using 4 of 8 workers for concurrent marking
[455.210s][info ][gc             ] GC(28374) Concurrent marking (unload classes) 0.697ms
[455.210s][info ][gc,start       ] GC(28374) Pause Final Mark (unload classes)
[455.210s][info ][gc,task        ] GC(28374) Using 8 of 8 workers for final marking
[455.211s][info ][gc,ergo        ] GC(28374) Collectable Garbage: 28672K (100%), Immediate: 28672K (100%), CSet: 0B (0%)
[455.211s][info ][gc             ] GC(28374) Pause Final Mark (unload classes) 1.190ms
[455.212s][info ][gc,start       ] GC(28374) Concurrent weak references
[455.212s][info ][gc,task        ] GC(28374) Using 4 of 8 workers for concurrent weak references
[455.212s][info ][gc,ref         ] GC(28374) Encountered references: Soft: 7, Weak: 34, Final: 0, Phantom: 1
[455.212s][info ][gc,ref         ] GC(28374) Discovered  references: Soft: 0, Weak: 0, Final: 0, Phantom: 0
[455.212s][info ][gc,ref         ] GC(28374) Enqueued    references: Soft: 0, Weak: 0, Final: 0, Phantom: 0
[455.212s][info ][gc             ] GC(28374) Concurrent weak references 0.118ms
[455.212s][info ][gc,start       ] GC(28374) Concurrent weak roots
[455.212s][info ][gc,task        ] GC(28374) Using 4 of 8 workers for concurrent weak root
[455.212s][info ][gc             ] GC(28374) Concurrent weak roots 0.308ms
[455.212s][info ][gc,start       ] GC(28374) Concurrent cleanup
[455.212s][info ][gc             ] GC(28374) Concurrent cleanup 1122M->1094M(2048M) 0.114ms
[455.212s][info ][gc,ergo        ] GC(28374) Free: 63984K, Max: 1024K regular, 13312K humongous, Frag: 80% external, 0% internal; Reserve: 103M, Max: 1024K
[455.212s][info ][gc,start       ] GC(28374) Concurrent class unloading
[455.212s][info ][gc,task        ] GC(28374) Using 4 of 8 workers for concurrent class unloading
[455.212s][debug][gc,phases,start] GC(28374) ClassLoaderData
[455.212s][debug][gc,phases      ] GC(28374) ClassLoaderData 0.010ms
[455.212s][debug][gc,phases,start] GC(28374) Trigger cleanups
[455.212s][debug][gc,phases      ] GC(28374) Trigger cleanups 0.007ms
[455.213s][info ][gc             ] GC(28374) Concurrent class unloading 0.583ms
[455.213s][info ][gc,start       ] GC(28374) Pause Final Roots
[455.213s][info ][gc             ] GC(28374) Pause Final Roots 0.023ms
[455.213s][debug][gc,ergo        ] GC(28374) Available: 63984 KB, z-score=-1.103. Average available: 100861.2 KB +/- 33436.9 KB.
[455.213s][info ][gc,ergo        ] Free: 63984K, Max: 1024K regular, 13312K humongous, Frag: 80% external, 0% internal; Reserve: 103M, Max: 1024K
[455.213s][info ][gc,stats       ] 
[455.213s][info ][gc,stats       ] All times are wall-clock times, except per-root-class counters, that are sum over
[455.213s][info ][gc,stats       ] all workers. Dividing the <total> over the root stage time estimates parallelism.
[455.213s][info ][gc,stats       ] 
[455.213s][info ][gc,stats       ] Concurrent Reset                   3457 us
[455.213s][info ][gc,stats       ] Pause Init Mark (G)                 304 us
[455.213s][info ][gc,stats       ] Pause Init Mark (N)                 159 us
[455.213s][info ][gc,stats       ]   Update Region States              100 us
[455.213s][info ][gc,stats       ] Concurrent Mark Roots               303 us, parallelism: 1.15x
[455.213s][info ][gc,stats       ]   CMR: <total>                      349 us
[455.213s][info ][gc,stats       ]   CMR: Thread Roots                 325 us, workers (us): 146,  80,  74,  25, ---, ---, ---, ---, 
[455.213s][info ][gc,stats       ]   CMR: VM Strong Roots                5 us, workers (us):   4,   0,   0,   0, ---, ---, ---, ---, 
[455.213s][info ][gc,stats       ]   CMR: CLDG Roots                    19 us, workers (us):  19, ---, ---, ---, ---, ---, ---, ---, 
[455.213s][info ][gc,stats       ] Concurrent Marking                  732 us
[455.213s][info ][gc,stats       ] Pause Final Mark (G)               1295 us
[455.213s][info ][gc,stats       ] Pause Final Mark (N)               1197 us
[455.213s][info ][gc,stats       ]   Finish Mark                       507 us
[455.213s][info ][gc,stats       ]   Update Region States              544 us
[455.213s][info ][gc,stats       ]   Choose Collection Set              95 us
[455.213s][info ][gc,stats       ]   Rebuild Free Set                   10 us
[455.213s][info ][gc,stats       ] Concurrent Weak References          122 us, parallelism: 0.01x
[455.213s][info ][gc,stats       ]   CWRF: <total>                       1 us
[455.213s][info ][gc,stats       ]   CWRF: Weak References               1 us, workers (us):   1,   0,   0,   0, ---, ---, ---, ---, 
[455.213s][info ][gc,stats       ] Concurrent Weak Roots               365 us
[455.213s][info ][gc,stats       ]   Roots                             141 us, parallelism: 0.63x
[455.213s][info ][gc,stats       ]     CWR: <total>                     89 us
[455.213s][info ][gc,stats       ]     CWR: Code Cache Roots            65 us, workers (us):   0,  64,   0,   0, ---, ---, ---, ---, 
[455.213s][info ][gc,stats       ]     CWR: VM Weak Roots               23 us, workers (us):  16,   6,   1,   0, ---, ---, ---, ---, 
[455.213s][info ][gc,stats       ]     CWR: CLDG Roots                   2 us, workers (us):   2, ---, ---, ---, ---, ---, ---, ---, 
[455.213s][info ][gc,stats       ]   Rendezvous                        156 us
[455.213s][info ][gc,stats       ] Concurrent Cleanup                  135 us
[455.213s][info ][gc,stats       ] Concurrent Class Unloading          638 us
[455.213s][info ][gc,stats       ]   Unlink Stale                      381 us
[455.213s][info ][gc,stats       ]     System Dictionary                31 us
[455.213s][info ][gc,stats       ]     Weak Class Links                  1 us
[455.213s][info ][gc,stats       ]     Code Roots                      348 us
[455.213s][info ][gc,stats       ]   Rendezvous                        111 us
[455.213s][info ][gc,stats       ]   Purge Unlinked                     67 us
[455.213s][info ][gc,stats       ]     Code Roots                       55 us
[455.213s][info ][gc,stats       ]     CLDG                             12 us
[455.213s][info ][gc,stats       ]     Exception Caches                  0 us
[455.213s][info ][gc,stats       ] Pause Final Roots (G)               103 us
[455.213s][info ][gc,stats       ] Pause Final Roots (N)                30 us
[455.213s][info ][gc,stats       ] 
[455.213s][info ][gc,stats       ] Allocation pacing accrued:
[455.213s][info ][gc,stats       ]       0 of     9 ms (  0.0%): <total>
[455.213s][info ][gc,stats       ]       0 of     9 ms (  0.0%): <average total>
[455.213s][info ][gc,stats       ] 
[455.213s][info ][gc,metaspace   ] Metaspace: 253K(448K)->253K(448K) NonClass: 247K(320K)->247K(320K) Class: 5K(128K)->5K(128K)
[455.213s][info ][gc,ergo        ] Pacer for Idle. Initial: 41943K, Alloc Tax Rate: 1.0x
[455.214s][info ][gc             ] Trigger: Free (63984K) is below minimum threshold (204M)
[455.215s][info ][gc,ergo        ] Free: 63984K, Max: 1024K regular, 13312K humongous, Frag: 80% external, 0% internal; Reserve: 103M, Max: 1024K
[455.215s][info ][gc,start       ] GC(28375) Concurrent reset
[455.215s][info ][gc,task        ] GC(28375) Using 4 of 8 workers for concurrent reset
[455.215s][info ][gc,ergo        ] GC(28375) Pacer for Reset. Non-Taxable: 2048M
[455.216s][info ][gc             ] GC(28375) Concurrent reset 1.155ms
[455.216s][info ][gc,start       ] GC(28375) Pause Init Mark (unload classes)
[455.216s][info ][gc,task        ] GC(28375) Using 8 of 8 workers for init marking
[455.216s][info ][gc,ergo        ] GC(28375) Pacer for Mark. Expected Live: 1296M, Free: 63984K, Non-Taxable: 6398K, Alloc Tax Rate: 25.4x
[455.216s][info ][gc             ] GC(28375) Pause Init Mark (unload classes) 0.130ms
[455.216s][info ][gc,start       ] GC(28375) Concurrent marking roots
[455.216s][info ][gc,task        ] GC(28375) Using 4 of 8 workers for concurrent marking roots
[455.216s][info ][gc             ] GC(28375) Concurrent marking roots 0.182ms
[455.216s][info ][gc,start       ] GC(28375) Concurrent marking (unload classes)
[455.216s][info ][gc,task        ] GC(28375) Using 4 of 8 workers for concurrent marking
[455.217s][info ][gc             ] GC(28375) Concurrent marking (unload classes) 0.564ms
[455.217s][info ][gc,start       ] GC(28375) Pause Final Mark (unload classes)
[455.217s][info ][gc,task        ] GC(28375) Using 8 of 8 workers for final marking
[455.217s][info ][gc,ergo        ] GC(28375) Collectable Garbage: 45056K (100%), Immediate: 45056K (100%), CSet: 0B (0%)
[455.217s][info ][gc             ] GC(28375) Pause Final Mark (unload classes) 0.514ms
[455.217s][info ][gc,start       ] GC(28375) Concurrent weak references
[455.217s][info ][gc,task        ] GC(28375) Using 4 of 8 workers for concurrent weak references
[455.217s][info ][gc,ref         ] GC(28375) Encountered references: Soft: 7, Weak: 34, Final: 0, Phantom: 1
[455.217s][info ][gc,ref         ] GC(28375) Discovered  references: Soft: 0, Weak: 0, Final: 0, Phantom: 1
[455.217s][info ][gc,ref         ] GC(28375) Enqueued    references: Soft: 0, Weak: 0, Final: 0, Phantom: 0
[455.218s][info ][gc             ] GC(28375) Concurrent weak references 0.172ms
[455.218s][info ][gc,start       ] GC(28375) Concurrent weak roots
[455.218s][info ][gc,task        ] GC(28375) Using 4 of 8 workers for concurrent weak root
[455.218s][info ][gc             ] GC(28375) Concurrent weak roots 0.576ms
[455.218s][info ][gc,start       ] GC(28375) Concurrent cleanup
[455.218s][info ][gc             ] GC(28375) Concurrent cleanup 1094M->1050M(2048M) 0.108ms
[455.218s][info ][gc,ergo        ] GC(28375) Free: 141M, Max: 1024K regular, 13312K humongous, Frag: 91% external, 0% internal; Reserve: 103M, Max: 1024K
[455.218s][info ][gc,start       ] GC(28375) Concurrent class unloading
[455.218s][info ][gc,task        ] GC(28375) Using 4 of 8 workers for concurrent class unloading
[455.218s][debug][gc,phases,start] GC(28375) ClassLoaderData
[455.218s][debug][gc,phases      ] GC(28375) ClassLoaderData 0.006ms
[455.218s][debug][gc,phases,start] GC(28375) Trigger cleanups
[455.218s][debug][gc,phases      ] GC(28375) Trigger cleanups 0.003ms
[455.219s][info ][gc             ] GC(28375) Concurrent class unloading 0.334ms
[455.219s][info ][gc,start       ] GC(28375) Pause Final Roots
[455.219s][info ][gc             ] GC(28375) Pause Final Roots 0.019ms
[455.219s][debug][gc,ergo        ] GC(28375) Available: 141 MB, z-score=1.119. Average available: 102.2 MB +/- 35967.8 KB.
[455.219s][info ][gc,ergo        ] Free: 141M, Max: 1024K regular, 13312K humongous, Frag: 91% external, 0% internal; Reserve: 103M, Max: 1024K
[455.219s][info ][gc,stats       ] 
[455.219s][info ][gc,stats       ] All times are wall-clock times, except per-root-class counters, that are sum over
[455.219s][info ][gc,stats       ] all workers. Dividing the <total> over the root stage time estimates parallelism.
[455.219s][info ][gc,stats       ] 
[455.219s][info ][gc,stats       ] Concurrent Reset                   1173 us
[455.219s][info ][gc,stats       ] Pause Init Mark (G)                 195 us
[455.219s][info ][gc,stats       ] Pause Init Mark (N)                 136 us
[455.219s][info ][gc,stats       ]   Update Region States               97 us
[455.219s][info ][gc,stats       ] Concurrent Mark Roots               198 us, parallelism: 1.75x
[455.219s][info ][gc,stats       ]   CMR: <total>                      346 us
[455.219s][info ][gc,stats       ]   CMR: Thread Roots                 326 us, workers (us):  88,  83,  87,  68, ---, ---, ---, ---, 
[455.219s][info ][gc,stats       ]   CMR: VM Strong Roots                3 us, workers (us):   2,   0,   0,   0, ---, ---, ---, ---, 
[455.219s][info ][gc,stats       ]   CMR: CLDG Roots                    16 us, workers (us):  16, ---, ---, ---, ---, ---, ---, ---, 
[455.219s][info ][gc,stats       ] Concurrent Marking                  577 us
[455.219s][info ][gc,stats       ] Pause Final Mark (G)                628 us
[455.219s][info ][gc,stats       ] Pause Final Mark (N)                529 us
[455.219s][info ][gc,stats       ]   Finish Mark                       255 us
[455.219s][info ][gc,stats       ]   Update Region States              116 us
[455.219s][info ][gc,stats       ]   Choose Collection Set             106 us
[455.219s][info ][gc,stats       ]   Rebuild Free Set                   15 us
[455.219s][info ][gc,stats       ] Concurrent Weak References          180 us, parallelism: 0.03x
[455.219s][info ][gc,stats       ]   CWRF: <total>                       5 us
[455.219s][info ][gc,stats       ]   CWRF: Weak References               5 us, workers (us):   5,   0,   0,   0, ---, ---, ---, ---, 
[455.219s][info ][gc,stats       ] Concurrent Weak Roots               591 us
[455.219s][info ][gc,stats       ]   Roots                             134 us, parallelism: 0.69x
[455.219s][info ][gc,stats       ]     CWR: <total>                     93 us
[455.219s][info ][gc,stats       ]     CWR: Code Cache Roots            61 us, workers (us):   0,   0,   0,  61, ---, ---, ---, ---, 
[455.219s][info ][gc,stats       ]     CWR: VM Weak Roots               28 us, workers (us):   7,   8,   8,   5, ---, ---, ---, ---, 
[455.219s][info ][gc,stats       ]     CWR: CLDG Roots                   3 us, workers (us): ---,   3, ---, ---, ---, ---, ---, ---, 
[455.219s][info ][gc,stats       ]   Rendezvous                        100 us
[455.219s][info ][gc,stats       ] Concurrent Cleanup                  112 us
[455.219s][info ][gc,stats       ] Concurrent Class Unloading          353 us
[455.219s][info ][gc,stats       ]   Unlink Stale                      188 us
[455.219s][info ][gc,stats       ]     System Dictionary                16 us
[455.219s][info ][gc,stats       ]     Weak Class Links                  0 us
[455.219s][info ][gc,stats       ]     Code Roots                      170 us
[455.219s][info ][gc,stats       ]   Rendezvous                         62 us
[455.219s][info ][gc,stats       ]   Purge Unlinked                     74 us
[455.219s][info ][gc,stats       ]     Code Roots                       58 us
[455.219s][info ][gc,stats       ]     CLDG                             15 us
[455.219s][info ][gc,stats       ]     Exception Caches                  0 us
[455.219s][info ][gc,stats       ] Pause Final Roots (G)                89 us
[455.219s][info ][gc,stats       ] Pause Final Roots (N)                24 us
[455.219s][info ][gc,stats       ] 
[455.219s][info ][gc,stats       ] Allocation pacing accrued:
[455.219s][info ][gc,stats       ]       0 of     6 ms (  0.0%): <total>
[455.219s][info ][gc,stats       ]       0 of     6 ms (  0.0%): <average total>
[455.219s][info ][gc,stats       ] 
[455.219s][info ][gc,metaspace   ] Metaspace: 253K(448K)->253K(448K) NonClass: 247K(320K)->247K(320K) Class: 5K(128K)->5K(128K)
[455.219s][info ][gc,ergo        ] Pacer for Idle. Initial: 41943K, Alloc Tax Rate: 1.0x
[455.220s][info ][gc             ] Trigger: Free (137M) is below minimum threshold (204M)
[455.220s][info ][gc,ergo        ] Free: 135M, Max: 1024K regular, 13312K humongous, Frag: 91% external, 0% internal; Reserve: 103M, Max: 1024K
[455.220s][info ][gc,start       ] GC(28376) Concurrent reset
[455.220s][info ][gc,task        ] GC(28376) Using 4 of 8 workers for concurrent reset
[455.220s][info ][gc,ergo        ] GC(28376) Pacer for Reset. Non-Taxable: 2048M
[455.223s][info ][gc             ] Failed to allocate Shared, 100M
[455.223s][info ][gc             ] Cancelling GC: Allocation Failure
[455.224s][info ][gc             ] GC(28376) Concurrent reset 3.435ms
[455.224s][info ][gc,start       ] GC(28376) Pause Init Mark (unload classes)
[455.224s][info ][gc,task        ] GC(28376) Using 8 of 8 workers for init marking
[455.224s][info ][gc,ergo        ] GC(28376) Pacer for Mark. Expected Live: 1293M, Free: 81392K, Non-Taxable: 8139K, Alloc Tax Rate: 19.9x
[455.225s][info ][gc             ] GC(28376) Pause Init Mark (unload classes) 0.315ms
[455.225s][info ][gc,start       ] GC(28376) Concurrent marking roots
[455.225s][info ][gc,task        ] GC(28376) Using 4 of 8 workers for concurrent marking roots
[455.225s][info ][gc             ] GC(28376) Concurrent marking roots 0.385ms
[455.225s][info ][gc,ergo        ] Free: 73200K, Max: 1024K regular, 13312K humongous, Frag: 82% external, 0% internal; Reserve: 103M, Max: 1024K
[455.225s][info ][gc,stats       ] 
[455.225s][info ][gc,stats       ] All times are wall-clock times, except per-root-class counters, that are sum over
[455.225s][info ][gc,stats       ] all workers. Dividing the <total> over the root stage time estimates parallelism.
[455.225s][info ][gc,stats       ] 
[455.225s][info ][gc,stats       ] Concurrent Reset                   3571 us
[455.225s][info ][gc,stats       ] Pause Init Mark (G)                 754 us
[455.225s][info ][gc,stats       ] Pause Init Mark (N)                 321 us
[455.225s][info ][gc,stats       ]   Update Region States              196 us
[455.225s][info ][gc,stats       ] Concurrent Mark Roots               441 us, parallelism: 0.87x
[455.225s][info ][gc,stats       ]   CMR: <total>                      385 us
[455.225s][info ][gc,stats       ]   CMR: Thread Roots                 356 us, workers (us):  76, 146,  70,  63, ---, ---, ---, ---, 
[455.225s][info ][gc,stats       ]   CMR: VM Strong Roots                7 us, workers (us):   6,   0,   0,   0, ---, ---, ---, ---, 
[455.225s][info ][gc,stats       ]   CMR: CLDG Roots                    23 us, workers (us):  22,   1, ---, ---, ---, ---, ---, ---, 
[455.225s][info ][gc,stats       ] Pacing                           112614 us
[455.225s][info ][gc,stats       ] 
[455.225s][info ][gc,stats       ] Allocation pacing accrued:
[455.225s][info ][gc,stats       ]       5 of     6 ms ( 84.4%): main
[455.225s][info ][gc,stats       ]      11 of     6 ms (175.3%): Thread-0
[455.225s][info ][gc,stats       ]      11 of     6 ms (176.2%): Thread-1
[455.225s][info ][gc,stats       ]      11 of     6 ms (173.6%): Thread-2
[455.225s][info ][gc,stats       ]      11 of     6 ms (176.4%): Thread-3
[455.225s][info ][gc,stats       ]      11 of     6 ms (174.6%): Thread-4
[455.225s][info ][gc,stats       ]      11 of     6 ms (176.4%): Thread-5
[455.225s][info ][gc,stats       ]      11 of     6 ms (173.8%): Thread-6
[455.225s][info ][gc,stats       ]      10 of     6 ms (164.3%): Thread-7
[455.225s][info ][gc,stats       ]      10 of     6 ms (166.3%): Thread-8
[455.225s][info ][gc,stats       ]      11 of     6 ms (172.4%): Thread-9
[455.225s][info ][gc,stats       ]     113 of     6 ms (1813.7%): <total>
[455.225s][info ][gc,stats       ]       5 of     6 ms ( 86.4%): <average total>
[455.225s][info ][gc,stats       ]      10 of     6 ms (164.9%): <average non-zero>
[455.225s][info ][gc,stats       ] 
[455.225s][info ][gc,metaspace   ] Metaspace: 253K(448K)->253K(448K) NonClass: 247K(320K)->247K(320K) Class: 5K(128K)->5K(128K)
[455.225s][info ][gc,ergo        ] Pacer for Idle. Initial: 41943K, Alloc Tax Rate: 1.0x
[455.226s][info ][gc             ] Trigger: Handle Allocation Failure
[455.226s][info ][gc,ergo        ] Free: 60912K, Max: 1024K regular, 5120K humongous, Frag: 92% external, 0% internal; Reserve: 103M, Max: 1024K
[455.227s][info ][gc,start       ] GC(28377) Pause Degenerated GC (Outside of Cycle)
[455.227s][info ][gc,task        ] GC(28377) Using 8 of 8 workers for stw degenerated gc
[455.229s][info ][gc,ref         ] GC(28377) Clearing All SoftReferences
[455.229s][info ][gc,ref         ] GC(28377) Encountered references: Soft: 7, Weak: 34, Final: 0, Phantom: 1
[455.229s][info ][gc,ref         ] GC(28377) Discovered  references: Soft: 4, Weak: 9, Final: 0, Phantom: 1
[455.229s][info ][gc,ref         ] GC(28377) Enqueued    references: Soft: 0, Weak: 0, Final: 0, Phantom: 0
[455.230s][debug][gc,phases,start] GC(28377) ClassLoaderData
[455.230s][debug][gc,phases      ] GC(28377) ClassLoaderData 0.012ms
[455.230s][debug][gc,phases,start] GC(28377) Trigger cleanups
[455.230s][debug][gc,phases      ] GC(28377) Trigger cleanups 0.004ms
[455.230s][info ][gc,ergo        ] GC(28377) Collectable Garbage: 7168K (100%), Immediate: 7168K (100%), CSet: 0B (0%)
[455.230s][info ][gc,ergo        ] GC(28377) Good progress for free space: 75248K, need 20971K
[455.230s][info ][gc,ergo        ] GC(28377) Good progress for used space: 7168K, need 1024K
[455.230s][info ][gc             ] GC(28377) Pause Degenerated GC (Outside of Cycle) 1091M->1084M(2048M) 3.695ms
[455.230s][debug][gc,ergo        ] GC(28377) Margin of error now 3.29
[455.230s][debug][gc,ergo        ] GC(28377) Spike threshold now: 0.32
[455.231s][info ][gc,ergo        ] Free: 62960K, Max: 1024K regular, 4096K humongous, Frag: 94% external, 0% internal; Reserve: 103M, Max: 1024K
[455.231s][info ][gc,stats       ] 
[455.231s][info ][gc,stats       ] All times are wall-clock times, except per-root-class counters, that are sum over
[455.231s][info ][gc,stats       ] all workers. Dividing the <total> over the root stage time estimates parallelism.
[455.231s][info ][gc,stats       ] 
[455.231s][info ][gc,stats       ] Pause Degenerated GC (G)           3919 us
[455.231s][info ][gc             ] Failed to allocate Shared, 100M
[455.231s][info ][gc             ] Cancelling GC: Allocation Failure
[455.231s][info ][gc,stats       ] Pause Degenerated GC (N)           3703 us
[455.231s][info ][gc,stats       ]   Degen STW Mark                    572 us, parallelism: 5.55x
[455.231s][info ][gc,stats       ]     DSM: <total>                   3176 us
[455.231s][info ][gc,stats       ]     DSM: Thread Roots               109 us, workers (us):  57,  27,  20,   0,   1,   1,   0,   1, 
[455.231s][info ][gc,stats       ]     DSM: VM Strong Roots              6 us, workers (us):   0,   2,   2,   2,   0,   0,   0,   0, 
[455.231s][info ][gc,stats       ]     DSM: CLDG Roots                  23 us, workers (us):  20,   0,   0,   0,   0,   1,   0,   0, 
[455.231s][info ][gc,stats       ]     DSM: Parallel Mark             3038 us, workers (us): 373, 383, 393, 406, 358, 362, 382, 381, 
[455.231s][info ][gc,stats       ]     System Purge                    528 us
[455.231s][info ][gc,stats       ]       Weak References               171 us, parallelism: 0.02x
[455.231s][info ][gc,stats       ]         WRP: <total>                  3 us
[455.231s][info ][gc,stats       ]         WRP: Weak References          3 us, workers (us):   2,   0,   0,   0,   0,   0,   0,   0, 
[455.231s][info ][gc,stats       ]       Unload Classes                201 us, parallelism: 1.15x
[455.231s][info ][gc,stats       ]         DCU: <total>                230 us
[455.231s][info ][gc,stats       ]         DCU: Unload Code Caches      230 us, workers (us):  56,  85,  51,  26,  11,   1,   0,   0, 
[455.231s][info ][gc,stats       ]       Weak Roots                    145 us, parallelism: 0.18x
[455.231s][info ][gc,stats       ]         DWR: <total>                 26 us
[455.231s][info ][gc,stats       ]         DWR: VM Weak Roots           26 us, workers (us):  20,   1,   1,   1,   1,   1,   1,   1, 
[455.231s][info ][gc,stats       ]       CLDG                           10 us
[455.231s][info ][gc,stats       ]   Update Region States              127 us
[455.231s][info ][gc,stats       ]   Manage GC/TLABs                     1 us
[455.231s][info ][gc,stats       ]   Choose Collection Set              31 us
[455.231s][info ][gc,stats       ]   Rebuild Free Set                    7 us
[455.231s][info ][gc,stats       ]   Cleanup                            98 us
[455.231s][info ][gc,stats       ] 
[455.231s][info ][gc,stats       ] Allocation pacing accrued:
[455.231s][info ][gc,stats       ]       0 of     6 ms (  0.0%): <total>
[455.231s][info ][gc,stats       ]       0 of     6 ms (  0.0%): <average total>
[455.231s][info ][gc,stats       ] 
[455.231s][info ][gc,metaspace   ] Metaspace: 253K(448K)->253K(448K) NonClass: 247K(320K)->247K(320K) Class: 5K(128K)->5K(128K)
[455.231s][info ][gc,ergo        ] Pacer for Idle. Initial: 41943K, Alloc Tax Rate: 1.0x
[455.232s][info ][gc             ] Trigger: Handle Allocation Failure
[455.232s][info ][gc,ergo        ] Free: 50672K, Max: 1024K regular, 4096K humongous, Frag: 92% external, 1% internal; Reserve: 103M, Max: 1024K
[455.232s][info ][gc,start       ] GC(28378) Pause Degenerated GC (Outside of Cycle)
[455.232s][info ][gc,task        ] GC(28378) Using 8 of 8 workers for stw degenerated gc
[455.234s][info ][gc,ref         ] GC(28378) Clearing All SoftReferences
[455.235s][info ][gc,ref         ] GC(28378) Encountered references: Soft: 7, Weak: 34, Final: 0, Phantom: 1
[455.235s][info ][gc,ref         ] GC(28378) Discovered  references: Soft: 4, Weak: 9, Final: 0, Phantom: 1
[455.235s][info ][gc,ref         ] GC(28378) Enqueued    references: Soft: 0, Weak: 0, Final: 0, Phantom: 0
[455.235s][debug][gc,phases,start] GC(28378) ClassLoaderData
[455.235s][debug][gc,phases      ] GC(28378) ClassLoaderData 0.015ms
[455.235s][debug][gc,phases,start] GC(28378) Trigger cleanups
[455.235s][debug][gc,phases      ] GC(28378) Trigger cleanups 0.004ms
[455.236s][info ][gc,ergo        ] GC(28378) Adaptive CSet Selection. Target Free: 290M, Actual Free: 152M, Max CSet: 87381K, Min Garbage: 138M
[455.236s][info ][gc,ergo        ] GC(28378) Collectable Garbage: 0B (0%), Immediate: 0B (0%), CSet: 0B (0%)
[455.239s][info ][gc,ergo        ] GC(28378) Good progress for free space: 50176K, need 20971K
[455.239s][info ][gc,ergo        ] GC(28378) Bad progress for used space: 0B, need 1024K
[455.239s][info ][gc,ergo        ] GC(28378) Bad progress for internal fragmentation: -nan%, need 1.0%
[455.239s][info ][gc,ergo        ] GC(28378) Bad progress for external fragmentation: 0.0%, need 1.0%
[455.239s][info ][gc             ] GC(28378) Cancelling GC: Upgrade To Full GC
[455.241s][info ][gc,phases,start] GC(28378) Phase 1: Mark live objects
[455.241s][info ][gc,ref         ] GC(28378) Clearing All SoftReferences
[455.241s][info ][gc,ref         ] GC(28378) Clearing All SoftReferences
[455.242s][info ][gc,ref         ] GC(28378) Encountered references: Soft: 7, Weak: 34, Final: 0, Phantom: 1
[455.242s][info ][gc,ref         ] GC(28378) Discovered  references: Soft: 4, Weak: 4, Final: 0, Phantom: 1
[455.242s][info ][gc,ref         ] GC(28378) Enqueued    references: Soft: 0, Weak: 0, Final: 0, Phantom: 0
[455.242s][debug][gc,phases,start] GC(28378) ClassLoaderData
[455.242s][debug][gc,phases      ] GC(28378) ClassLoaderData 0.018ms
[455.242s][debug][gc,phases,start] GC(28378) Trigger cleanups
[455.242s][debug][gc,phases      ] GC(28378) Trigger cleanups 0.011ms
[455.242s][info ][gc,phases      ] GC(28378) Phase 1: Mark live objects 1.424ms
[455.242s][info ][gc,phases,start] GC(28378) Phase 2: Compute new object addresses
[455.243s][info ][gc,phases      ] GC(28378) Phase 2: Compute new object addresses 0.689ms
[455.243s][info ][gc,phases,start] GC(28378) Phase 3: Adjust pointers
[455.247s][info ][gc,phases      ] GC(28378) Phase 3: Adjust pointers 3.648ms
[455.247s][info ][gc,phases,start] GC(28378) Phase 4: Move objects
[455.386s][info ][gc,phases      ] GC(28378) Phase 4: Move objects 138.909ms
[455.386s][info ][gc,ergo        ] GC(28378) Good progress for free space: 50672K, need 20971K
[455.386s][info ][gc,ergo        ] GC(28378) Bad progress for used space: 496K, need 1024K
[455.386s][info ][gc,ergo        ] GC(28378) Bad progress for internal fragmentation: -nan%, need 1.0%
[455.386s][info ][gc,ergo        ] GC(28378) Good progress for external fragmentation: 77.6%, need 1.0%
[455.386s][info ][gc             ] GC(28378) Pause Degenerated GC (Outside of Cycle) 1096M->1096M(2048M) 153.928ms
[455.386s][debug][gc,ergo        ] GC(28378) Margin of error now 3.29
[455.386s][debug][gc,ergo        ] GC(28378) Spike threshold now: 0.32
[455.387s][info ][gc,ergo        ] Free: 32240K, Max: 1024K regular, 30720K humongous, Frag: 4% external, 1% internal; Reserve: 103M, Max: 1024K
[455.387s][info ][gc,stats       ] 
[455.387s][info ][gc,stats       ] All times are wall-clock times, except per-root-class counters, that are sum over
[455.387s][info ][gc,stats       ] all workers. Dividing the <total> over the root stage time estimates parallelism.
[455.387s][info ][gc,stats       ] 
[455.387s][info ][gc,stats       ] Pause Degenerated GC (G)         154264 us
[455.387s][info ][gc,stats       ] Pause Degenerated GC (N)         153936 us
[455.387s][info ][gc,stats       ]   Degen STW Mark                    948 us, parallelism: 4.04x
[455.387s][info ][gc,stats       ]     DSM: <total>                   3828 us
[455.387s][info ][gc,stats       ]     DSM: Thread Roots               291 us, workers (us): 158,  87,  35,   2,   2,   5,   1,   1, 
[455.387s][info ][gc,stats       ]     DSM: VM Strong Roots              6 us, workers (us):   2,   0,   2,   2,   0,   0,   0,   0, 
[455.387s][info ][gc,stats       ]     DSM: CLDG Roots                  37 us, workers (us):   3,  28,   2,   1,   1,   1,   1,   1, 
[455.387s][info ][gc,stats       ]     DSM: Parallel Mark             3494 us, workers (us): 543, 485, 550, 512, 540, 375, 259, 228, 
[455.387s][info ][gc,stats       ]     System Purge                    599 us
[455.387s][info ][gc,stats       ]       Weak References               231 us, parallelism: 0.01x
[455.387s][info ][gc,stats       ]         WRP: <total>                  3 us
[455.387s][info ][gc,stats       ]         WRP: Weak References          3 us, workers (us):   2,   0,   0,   0,   0,   0,   1,   0, 
[455.387s][info ][gc,stats       ]       Unload Classes                236 us, parallelism: 1.09x
[455.387s][info ][gc,stats       ]         DCU: <total>                258 us
[455.387s][info ][gc,stats       ]         DCU: Unload Code Caches      258 us, workers (us):  79,  64,  38,  25,  51,   0,   0,   0, 
[455.387s][info ][gc,stats       ]       Weak Roots                    128 us, parallelism: 0.34x
[455.387s][info ][gc,stats       ]         DWR: <total>                 43 us
[455.387s][info ][gc,stats       ]         DWR: VM Weak Roots           43 us, workers (us):  36,   3,   1,   1,   1,   1,   0,   1, 
[455.387s][info ][gc             ] Failed to allocate Shared, 100M
[455.387s][info ][gc             ] Cancelling GC: Allocation Failure
[455.387s][info ][gc,stats       ]       CLDG                            1 us
[455.387s][info ][gc,stats       ]   Update Region States              119 us
[455.387s][info ][gc,stats       ]   Manage GC/TLABs                     3 us
[455.387s][info ][gc,stats       ]   Choose Collection Set              49 us
[455.387s][info ][gc,stats       ]   Rebuild Free Set                   10 us
[455.387s][info ][gc,stats       ]   Evacuation                        461 us
[455.387s][info ][gc,stats       ]   Manage GCLABs                       5 us
[455.387s][info ][gc,stats       ]   Update References                2021 us
[455.387s][info ][gc,stats       ]   Update Region States              118 us
[455.387s][info ][gc,stats       ]   Trash Collection Set                3 us
[455.387s][info ][gc,stats       ]   Rebuild Free Set                   18 us
[455.387s][info ][gc,stats       ]   Degen Update Roots                400 us, parallelism: 0.89x
[455.387s][info ][gc,stats       ]     DU: <total>                     355 us
[455.387s][info ][gc,stats       ]     DU: Thread Roots                104 us, workers (us):  40,   1,  43,  12,   7,   0,   0,   0, 
[455.387s][info ][gc,stats       ]     DU: Code Cache Roots            185 us, workers (us):   0, 184,   0,   0,   0,   0,   0,   0, 
[455.387s][info ][gc,stats       ]     DU: VM Strong Roots               5 us, workers (us):   4,   0,   0,   0,   0,   0,   0,   0, 
[455.387s][info ][gc,stats       ]     DU: VM Weak Roots                25 us, workers (us):  22,   1,   1,   1,   0,   0,   0,   0, 
[455.387s][info ][gc,stats       ]     DU: CLDG Roots                   35 us, workers (us):  33,   1,   1,   1,   0,   0,   0,   0, 
[455.387s][info ][gc,stats       ]   Cleanup                            90 us
[455.387s][info ][gc,stats       ]   Pre Heap Dump                       1 us
[455.387s][info ][gc,stats       ]   Prepare                          1994 us
[455.387s][info ][gc,stats       ]   Mark                             1367 us, parallelism: 2.21x
[455.387s][info ][gc,stats       ]     FM: <total>                    3017 us
[455.387s][info ][gc,stats       ]     FM: Thread Roots                100 us, workers (us):  56,  25,  10,   5,   1,   1,   1,   1, 
[455.387s][info ][gc,stats       ]     FM: VM Strong Roots               4 us, workers (us):   1,   0,   1,   1,   0,   0,   0,   0, 
[455.387s][info ][gc,stats       ]     FM: CLDG Roots                   19 us, workers (us):   0,  16,   1,   0,   0,   0,   1,   1, 
[455.387s][info ][gc,stats       ]     FM: Parallel Mark              2895 us, workers (us): 403, 364, 335, 363, 421, 316, 344, 347, 
[455.387s][info ][gc,stats       ]     System Purge                    787 us
[455.387s][info ][gc,stats       ]       Weak References               287 us, parallelism: 0.01x
[455.387s][info ][gc,stats       ]         WRP: <total>                  3 us
[455.387s][info ][gc,stats       ]         WRP: Weak References          3 us, workers (us):   2,   0,   0,   0,   0,   0,   0,   0, 
[455.387s][info ][gc,stats       ]       Unload Classes                282 us, parallelism: 0.81x
[455.387s][info ][gc,stats       ]         CU: <total>                 228 us
[455.387s][info ][gc,stats       ]         CU: Unload Code Caches      228 us, workers (us): 110,  96,  22,   0,   0,   0,   0,   0, 
[455.387s][info ][gc,stats       ]       Weak Roots                    215 us, parallelism: 0.13x
[455.387s][info ][gc,stats       ]         WR: <total>                  29 us
[455.387s][info ][gc,stats       ]         WR: VM Weak Roots            29 us, workers (us):  20,   4,   1,   1,   1,   1,   1,   1, 
[455.387s][info ][gc,stats       ]       CLDG                            1 us
[455.387s][info ][gc,stats       ]   Calculate Addresses               679 us
[455.387s][info ][gc,stats       ]     Regular Objects                 454 us
[455.387s][info ][gc,stats       ]     Humongous Objects               156 us
[455.387s][info ][gc,stats       ]   Adjust Pointers                  3636 us
[455.387s][info ][gc,stats       ]     FA: <total>                     219 us
[455.387s][info ][gc,stats       ]     FA: Thread Roots                 55 us, workers (us):  32,   1,  20,   1,   0,   1,   0,   0, 
[455.387s][info ][gc,stats       ]     FA: Code Cache Roots            128 us, workers (us):   0, 127,   0,   0,   0,   0,   0,   0, 
[455.387s][info ][gc,stats       ]     FA: VM Strong Roots               4 us, workers (us):   3,   0,   0,   0,   0,   0,   0,   0, 
[455.387s][info ][gc,stats       ]     FA: VM Weak Roots                18 us, workers (us):  15,   1,   1,   0,   0,   1,   0,   0, 
[455.387s][info ][gc,stats       ]     FA: CLDG Roots                   13 us, workers (us):  11,   0,   0,   0,   0,   0,   0,   0, 
[455.387s][info ][gc,stats       ]   Copy Objects                   138901 us
[455.387s][info ][gc,stats       ]     Regular Objects                 503 us
[455.387s][info ][gc,stats       ]     Humongous Objects            136498 us
[455.387s][info ][gc,stats       ]     Reset Complete Bitmap          1850 us
[455.387s][info ][gc,stats       ]     Rebuild Region Sets              47 us
[455.387s][info ][gc,stats       ]   Post Heap Dump                      1 us
[455.387s][info ][gc,stats       ] Pacing                           483699 us
[455.387s][info ][gc,stats       ] 
[455.387s][info ][gc,stats       ] Allocation pacing accrued:
[455.387s][info ][gc,stats       ]     161 of   156 ms (103.2%): Thread-0
[455.387s][info ][gc,stats       ]     161 of   156 ms (103.1%): Thread-1
[455.387s][info ][gc,stats       ]     162 of   156 ms (103.4%): Thread-2
[455.387s][info ][gc,stats       ]     161 of   156 ms (103.2%): Thread-7
[455.387s][info ][gc,stats       ]     645 of   156 ms (412.9%): <total>
[455.387s][info ][gc,stats       ]      31 of   156 ms ( 19.7%): <average total>
[455.387s][info ][gc,stats       ]     161 of   156 ms (103.2%): <average non-zero>
[455.387s][info ][gc,stats       ] 
[455.387s][info ][gc,metaspace   ] Metaspace: 253K(448K)->253K(448K) NonClass: 247K(320K)->247K(320K) Class: 5K(128K)->5K(128K)
[455.387s][info ][gc,ergo        ] Pacer for Idle. Initial: 41943K, Alloc Tax Rate: 1.0x
[455.388s][info ][gc             ] Trigger: Handle Allocation Failure
[455.388s][info ][gc,ergo        ] Free: 9712K, Max: 1024K regular, 8192K humongous, Frag: 12% external, 5% internal; Reserve: 103M, Max: 1024K
[455.388s][info ][gc,start       ] GC(28379) Pause Degenerated GC (Outside of Cycle)
[455.388s][info ][gc,task        ] GC(28379) Using 8 of 8 workers for stw degenerated gc
[455.389s][info ][gc,ref         ] GC(28379) Clearing All SoftReferences
[455.389s][info ][gc,ref         ] GC(28379) Encountered references: Soft: 7, Weak: 34, Final: 0, Phantom: 1
[455.389s][info ][gc,ref         ] GC(28379) Discovered  references: Soft: 4, Weak: 1, Final: 0, Phantom: 1
[455.389s][info ][gc,ref         ] GC(28379) Enqueued    references: Soft: 0, Weak: 0, Final: 0, Phantom: 0
[455.390s][debug][gc,phases,start] GC(28379) ClassLoaderData
[455.390s][debug][gc,phases      ] GC(28379) ClassLoaderData 0.018ms
[455.390s][debug][gc,phases,start] GC(28379) Trigger cleanups
[455.390s][debug][gc,phases      ] GC(28379) Trigger cleanups 0.011ms
[455.390s][info ][gc,ergo        ] GC(28379) Adaptive CSet Selection. Target Free: 290M, Actual Free: 112M, Max CSet: 87381K, Min Garbage: 178M
[455.390s][info ][gc,ergo        ] GC(28379) Collectable Garbage: 0B (0%), Immediate: 0B (0%), CSet: 0B (0%)
[455.393s][info ][gc,ergo        ] GC(28379) Bad progress for free space: 9216K, need 20971K
[455.393s][info ][gc             ] GC(28379) Cancelling GC: Upgrade To Full GC
[455.394s][info ][gc,phases,start] GC(28379) Phase 1: Mark live objects
[455.394s][info ][gc,ref         ] GC(28379) Clearing All SoftReferences
[455.394s][info ][gc,ref         ] GC(28379) Clearing All SoftReferences
[455.395s][info ][gc,ref         ] GC(28379) Encountered references: Soft: 7, Weak: 34, Final: 0, Phantom: 1
[455.395s][info ][gc,ref         ] GC(28379) Discovered  references: Soft: 4, Weak: 9, Final: 0, Phantom: 1
[455.395s][info ][gc,ref         ] GC(28379) Enqueued    references: Soft: 0, Weak: 0, Final: 0, Phantom: 0
[455.395s][debug][gc,phases,start] GC(28379) ClassLoaderData
[455.395s][debug][gc,phases      ] GC(28379) ClassLoaderData 0.010ms
[455.395s][debug][gc,phases,start] GC(28379) Trigger cleanups
[455.395s][debug][gc,phases      ] GC(28379) Trigger cleanups 0.003ms
[455.395s][info ][gc,phases      ] GC(28379) Phase 1: Mark live objects 0.997ms
[455.395s][info ][gc,phases,start] GC(28379) Phase 2: Compute new object addresses
[455.396s][info ][gc,phases      ] GC(28379) Phase 2: Compute new object addresses 0.605ms
[455.396s][info ][gc,phases,start] GC(28379) Phase 3: Adjust pointers
[455.397s][info ][gc,phases      ] GC(28379) Phase 3: Adjust pointers 1.543ms
[455.397s][info ][gc,phases,start] GC(28379) Phase 4: Move objects
[455.467s][info ][gc,phases      ] GC(28379) Phase 4: Move objects 69.526ms
[455.467s][info ][gc,ergo        ] GC(28379) Bad progress for free space: 9712K, need 20971K
[455.467s][info ][gc             ] GC(28379) Pause Degenerated GC (Outside of Cycle) 1116M->1116M(2048M) 78.681ms
[455.467s][debug][gc,ergo        ] GC(28379) Margin of error now 3.29
[455.467s][debug][gc,ergo        ] GC(28379) Spike threshold now: 0.32
[455.467s][info ][gc             ] Failed to allocate Shared, 1024K
[455.467s][info ][gc             ] Cancelling GC: Allocation Failure
[455.468s][info ][gc,ergo        ] Free: 1520K, Max: 1024K regular, 1024K humongous, Frag: 0% external, 25% internal; Reserve: 103M, Max: 1024K
[455.468s][info ][gc,stats       ] 
[455.468s][info ][gc,stats       ] All times are wall-clock times, except per-root-class counters, that are sum over
[455.468s][info ][gc,stats       ] all workers. Dividing the <total> over the root stage time estimates parallelism.
[455.468s][info ][gc,stats       ] 
[455.468s][info ][gc,stats       ] Pause Degenerated GC (G)          79051 us
[455.468s][info ][gc,stats       ] Pause Degenerated GC (N)          78698 us
[455.468s][info ][gc,stats       ]   Degen STW Mark                    612 us, parallelism: 5.68x
[455.468s][info ][gc,stats       ]     DSM: <total>                   3475 us
[455.468s][info ][gc,stats       ]     DSM: Thread Roots               107 us, workers (us):  42,  39,  16,   5,   1,   1,   1,   1, 
[455.468s][info ][gc,stats       ]     DSM: VM Strong Roots              4 us, workers (us):   0,   0,   2,   1,   0,   0,   0,   0, 
[455.468s][info ][gc,stats       ]     DSM: CLDG Roots                  21 us, workers (us):   1,  18,   0,   0,   1,   1,   0,   1, 
[455.468s][info ][gc,stats       ]     DSM: Parallel Mark             3343 us, workers (us): 444, 444, 420, 472, 381, 409, 362, 412, 
[455.468s][info ][gc,stats       ]     System Purge                    647 us
[455.468s][info ][gc,stats       ]       Weak References               227 us, parallelism: 0.01x
[455.468s][info ][gc,stats       ]         WRP: <total>                  2 us
[455.468s][info ][gc,stats       ]         WRP: Weak References          2 us, workers (us):   1,   0,   0,   0,   0,   0,   0,   0, 
[455.468s][info ][gc,stats       ]       Unload Classes                243 us, parallelism: 0.74x
[455.468s][info ][gc,stats       ]         DCU: <total>                179 us
[455.468s][info ][gc,stats       ]         DCU: Unload Code Caches      179 us, workers (us):  72,  57,  34,  17,   0,   0,   0,   0, 
[455.468s][info ][gc,stats       ]       Weak Roots                    174 us, parallelism: 0.13x
[455.468s][info ][gc,stats       ]         DWR: <total>                 23 us
[455.468s][info ][gc,stats       ]         DWR: VM Weak Roots           23 us, workers (us):  17,   1,   0,   1,   0,   1,   1,   1, 
[455.468s][info ][gc,stats       ]       CLDG                            1 us
[455.468s][info ][gc,stats       ]   Update Region States              171 us
[455.468s][info ][gc,stats       ]   Manage GC/TLABs                     3 us
[455.468s][info ][gc,stats       ]   Choose Collection Set              48 us
[455.468s][info ][gc,stats       ]   Rebuild Free Set                   16 us
[455.468s][info ][gc,stats       ]   Evacuation                        562 us
[455.468s][info ][gc,stats       ]   Manage GCLABs                       6 us
[455.468s][info ][gc,stats       ]   Update References                1257 us
[455.468s][info ][gc,stats       ]   Update Region States              112 us
[455.468s][info ][gc,stats       ]   Trash Collection Set                3 us
[455.468s][info ][gc,stats       ]   Rebuild Free Set                   15 us
[455.468s][info ][gc,stats       ]   Degen Update Roots                272 us, parallelism: 1.37x
[455.468s][info ][gc,stats       ]     DU: <total>                     373 us
[455.468s][info ][gc,stats       ]     DU: Thread Roots                137 us, workers (us):  15,  42,   0,  39,  24,  16,   1,   0, 
[455.468s][info ][gc,stats       ]     DU: Code Cache Roots            156 us, workers (us):   0,   0, 155,   0,   0,   0,   0,   0, 
[455.468s][info ][gc,stats       ]     DU: VM Strong Roots               6 us, workers (us):   5,   0,   0,   0,   0,   0,   0,   0, 
[455.468s][info ][gc,stats       ]     DU: VM Weak Roots                35 us, workers (us):  19,  12,   2,   1,   0,   0,   1,   0, 
[455.468s][info ][gc,stats       ]     DU: CLDG Roots                   38 us, workers (us):  30,   4,   3,   1,   0,   0,   1,   0, 
[455.468s][info ][gc,stats       ]   Cleanup                            90 us
[455.468s][info ][gc,stats       ]   Pre Heap Dump                       1 us
[455.468s][info ][gc,stats       ]   Prepare                          1217 us
[455.468s][info ][gc,stats       ]   Mark                              973 us, parallelism: 3.54x
[455.468s][info ][gc,stats       ]     FM: <total>                    3442 us
[455.468s][info ][gc,stats       ]     FM: Thread Roots                 77 us, workers (us):  36,  21,  16,   0,   1,   0,   1,   1, 
[455.468s][info ][gc,stats       ]     FM: VM Strong Roots               3 us, workers (us):   1,   2,   0,   0,   0,   0,   0,   0, 
[455.468s][info ][gc,stats       ]     FM: CLDG Roots                   19 us, workers (us):   1,   0,  16,   0,   1,   0,   1,   0, 
[455.468s][info ][gc,stats       ]     FM: Parallel Mark              3342 us, workers (us): 468, 419, 461, 425, 458, 421, 365, 325, 
[455.468s][info ][gc,stats       ]     System Purge                    341 us
[455.468s][info ][gc,stats       ]       Weak References               122 us, parallelism: 0.03x
[455.468s][info ][gc,stats       ]         WRP: <total>                  3 us
[455.468s][info ][gc,stats       ]         WRP: Weak References          3 us, workers (us):   2,   0,   0,   0,   0,   1,   0,   0, 
[455.468s][info ][gc,stats       ]       Unload Classes                124 us, parallelism: 1.49x
[455.468s][info ][gc,stats       ]         CU: <total>                 185 us
[455.468s][info ][gc,stats       ]         CU: Unload Code Caches      185 us, workers (us):  46,  53,  43,  30,  13,   0,   0,   0, 
[455.468s][info ][gc,stats       ]       Weak Roots                     92 us, parallelism: 0.55x
[455.468s][info ][gc,stats       ]         WR: <total>                  51 us
[455.468s][info ][gc,stats       ]         WR: VM Weak Roots            51 us, workers (us):  35,   9,   0,   2,   1,   2,   1,   1, 
[455.468s][info ][gc,stats       ]       CLDG                            1 us
[455.468s][info ][gc,stats       ]   Calculate Addresses               600 us
[455.468s][info ][gc,stats       ]     Regular Objects                 401 us
[455.468s][info ][gc,stats       ]     Humongous Objects               154 us
[455.468s][info ][gc,stats       ]   Adjust Pointers                  1526 us
[455.468s][info ][gc,stats       ]     FA: <total>                     190 us
[455.468s][info ][gc,stats       ]     FA: Thread Roots                 57 us, workers (us):   0,  32,  22,   0,   0,   0,   1,   1, 
[455.468s][info ][gc,stats       ]     FA: Code Cache Roots             99 us, workers (us):  98,   0,   0,   0,   0,   0,   0,   0, 
[455.468s][info ][gc,stats       ]     FA: VM Strong Roots               4 us, workers (us):   2,   0,   0,   0,   0,   0,   0,   0, 
[455.468s][info ][gc,stats       ]     FA: VM Weak Roots                16 us, workers (us):  13,   1,   1,   0,   0,   0,   0,   0, 
[455.468s][info ][gc,stats       ]     FA: CLDG Roots                   14 us, workers (us):  11,   1,   0,   0,   0,   0,   0,   0, 
[455.468s][info ][gc,stats       ]   Copy Objects                    69520 us
[455.468s][info ][gc,stats       ]     Regular Objects                 326 us
[455.468s][info ][gc,stats       ]     Humongous Objects             67407 us
[455.468s][info ][gc,stats       ]     Reset Complete Bitmap          1732 us
[455.468s][info ][gc,stats       ]     Rebuild Region Sets              53 us
[455.468s][info ][gc,stats       ]   Post Heap Dump                      1 us
[455.468s][info ][gc,stats       ] 
[455.468s][info ][gc,stats       ] Allocation pacing accrued:
[455.468s][info ][gc,stats       ]       0 of    81 ms (  0.0%): <total>
[455.468s][info ][gc,stats       ]       0 of    81 ms (  0.0%): <average total>
[455.468s][info ][gc,stats       ] 
[455.468s][info ][gc,metaspace   ] Metaspace: 253K(448K)->253K(448K) NonClass: 247K(320K)->247K(320K) Class: 5K(128K)->5K(128K)
[455.468s][info ][gc,ergo        ] Pacer for Idle. Initial: 41943K, Alloc Tax Rate: 1.0x
[455.469s][info ][gc             ] Trigger: Handle Allocation Failure
[455.469s][info ][gc,ergo        ] Free: 1520K, Max: 1024K regular, 1024K humongous, Frag: 0% external, 25% internal; Reserve: 103M, Max: 1024K
[455.469s][info ][gc,start       ] GC(28380) Pause Degenerated GC (Outside of Cycle)
[455.469s][info ][gc,task        ] GC(28380) Using 8 of 8 workers for stw degenerated gc
[455.469s][info ][gc,ref         ] GC(28380) Clearing All SoftReferences
[455.470s][info ][gc,ref         ] GC(28380) Encountered references: Soft: 7, Weak: 34, Final: 0, Phantom: 1
[455.470s][info ][gc,ref         ] GC(28380) Discovered  references: Soft: 4, Weak: 2, Final: 0, Phantom: 1
[455.470s][info ][gc,ref         ] GC(28380) Enqueued    references: Soft: 0, Weak: 0, Final: 0, Phantom: 0
[455.470s][debug][gc,phases,start] GC(28380) ClassLoaderData
[455.470s][debug][gc,phases      ] GC(28380) ClassLoaderData 0.011ms
[455.470s][debug][gc,phases,start] GC(28380) Trigger cleanups
[455.470s][debug][gc,phases      ] GC(28380) Trigger cleanups 0.005ms
[455.471s][info ][gc,ergo        ] GC(28380) Adaptive CSet Selection. Target Free: 290M, Actual Free: 104M, Max CSet: 87381K, Min Garbage: 186M
[455.471s][info ][gc,ergo        ] GC(28380) Collectable Garbage: 0B (0%), Immediate: 0B (0%), CSet: 0B (0%)
[455.473s][info ][gc,ergo        ] GC(28380) Bad progress for free space: 1024K, need 20971K
[455.473s][info ][gc             ] GC(28380) Cancelling GC: Upgrade To Full GC
[455.474s][info ][gc,phases,start] GC(28380) Phase 1: Mark live objects
[455.474s][info ][gc,ref         ] GC(28380) Clearing All SoftReferences
[455.474s][info ][gc,ref         ] GC(28380) Clearing All SoftReferences
[455.475s][info ][gc,ref         ] GC(28380) Encountered references: Soft: 7, Weak: 34, Final: 0, Phantom: 1
[455.475s][info ][gc,ref         ] GC(28380) Discovered  references: Soft: 4, Weak: 9, Final: 0, Phantom: 1
[455.475s][info ][gc,ref         ] GC(28380) Enqueued    references: Soft: 0, Weak: 0, Final: 0, Phantom: 0
[455.475s][debug][gc,phases,start] GC(28380) ClassLoaderData
[455.475s][debug][gc,phases      ] GC(28380) ClassLoaderData 0.012ms
[455.475s][debug][gc,phases,start] GC(28380) Trigger cleanups
[455.475s][debug][gc,phases      ] GC(28380) Trigger cleanups 0.005ms
[455.475s][info ][gc,phases      ] GC(28380) Phase 1: Mark live objects 0.914ms
[455.475s][info ][gc,phases,start] GC(28380) Phase 2: Compute new object addresses
[455.476s][info ][gc,phases      ] GC(28380) Phase 2: Compute new object addresses 0.426ms
[455.476s][info ][gc,phases,start] GC(28380) Phase 3: Adjust pointers
[455.477s][info ][gc,phases      ] GC(28380) Phase 3: Adjust pointers 1.050ms
[455.477s][info ][gc,phases,start] GC(28380) Phase 4: Move objects
[455.546s][info ][gc,phases      ] GC(28380) Phase 4: Move objects 68.689ms
[455.546s][info ][gc,ergo        ] GC(28380) Bad progress for free space: 1520K, need 20971K
[455.546s][info ][gc             ] GC(28380) Pause Degenerated GC (Outside of Cycle) 1120M->1120M(2048M) 76.548ms
[455.546s][debug][gc,ergo        ] GC(28380) Margin of error now 3.29
[455.546s][debug][gc,ergo        ] GC(28380) Spike threshold now: 0.32
[455.546s][info ][gc,ergo        ] Free: 1520K, Max: 1024K regular, 1024K humongous, Frag: 0% external, 25% internal; Reserve: 103M, Max: 1024K
[455.546s][info ][gc,stats       ] 
[455.546s][info ][gc,stats       ] All times are wall-clock times, except per-root-class counters, that are sum over
[455.546s][info ][gc,stats       ] all workers. Dividing the <total> over the root stage time estimates parallelism.
[455.546s][info ][gc,stats       ] 
[455.546s][info ][gc             ] Failed to allocate Shared, 1024K
[455.546s][info ][gc             ] Cancelling GC: Allocation Failure
[455.546s][info ][gc,stats       ] Pause Degenerated GC (G)          76723 us
[455.546s][info ][gc,stats       ] Pause Degenerated GC (N)          76554 us
[455.546s][info ][gc,stats       ]   Degen STW Mark                    558 us, parallelism: 5.37x
[455.546s][info ][gc,stats       ]     DSM: <total>                   2997 us
[455.546s][info ][gc,stats       ]     DSM: Thread Roots                95 us, workers (us):  44,  30,  15,   1,   1,   1,   1,   1, 
[455.546s][info ][gc,stats       ]     DSM: VM Strong Roots              3 us, workers (us):   2,   0,   0,   0,   0,   0,   0,   0, 
[455.546s][info ][gc,stats       ]     DSM: CLDG Roots                  39 us, workers (us):   0,   0,  35,   0,   1,   1,   1,   0, 
[455.546s][info ][gc,stats       ]     DSM: Parallel Mark             2860 us, workers (us): 405, 431, 349, 387, 310, 340, 344, 294, 
[455.546s][info ][gc,stats       ]     System Purge                    439 us
[455.546s][info ][gc,stats       ]       Weak References               149 us, parallelism: 0.01x
[455.546s][info ][gc,stats       ]         WRP: <total>                  2 us
[455.546s][info ][gc,stats       ]         WRP: Weak References          2 us, workers (us):   1,   0,   0,   0,   0,   0,   0,   0, 
[455.546s][info ][gc,stats       ]       Unload Classes                159 us, parallelism: 1.48x
[455.546s][info ][gc,stats       ]         DCU: <total>                236 us
[455.546s][info ][gc,stats       ]         DCU: Unload Code Caches      236 us, workers (us):  95,  77,  63,   0,   0,   0,   0,   0, 
[455.546s][info ][gc,stats       ]       Weak Roots                    130 us, parallelism: 0.18x
[455.546s][info ][gc,stats       ]         DWR: <total>                 23 us
[455.546s][info ][gc,stats       ]         DWR: VM Weak Roots           23 us, workers (us):  16,   4,   1,   0,   1,   1,   1,   1, 
[455.546s][info ][gc,stats       ]       CLDG                            1 us
[455.546s][info ][gc,stats       ]   Update Region States              119 us
[455.546s][info ][gc,stats       ]   Manage GC/TLABs                     2 us
[455.546s][info ][gc,stats       ]   Choose Collection Set              42 us
[455.546s][info ][gc,stats       ]   Rebuild Free Set                   10 us
[455.546s][info ][gc,stats       ]   Evacuation                        479 us
[455.546s][info ][gc,stats       ]   Manage GCLABs                       4 us
[455.546s][info ][gc,stats       ]   Update References                1510 us
[455.546s][info ][gc,stats       ]   Update Region States              106 us
[455.546s][info ][gc,stats       ]   Trash Collection Set                3 us
[455.546s][info ][gc,stats       ]   Rebuild Free Set                   16 us
[455.546s][info ][gc,stats       ]   Degen Update Roots                265 us, parallelism: 1.12x
[455.546s][info ][gc,stats       ]     DU: <total>                     298 us
[455.546s][info ][gc,stats       ]     DU: Thread Roots                 86 us, workers (us):  23,   1,  32,  21,   9,   0,   0,   0, 
[455.546s][info ][gc,stats       ]     DU: Code Cache Roots            163 us, workers (us):   0, 162,   0,   0,   0,   0,   0,   0, 
[455.546s][info ][gc,stats       ]     DU: VM Strong Roots               5 us, workers (us):   4,   0,   0,   0,   0,   0,   0,   0, 
[455.546s][info ][gc,stats       ]     DU: VM Weak Roots                27 us, workers (us):  19,   6,   1,   0,   1,   0,   0,   0, 
[455.546s][info ][gc,stats       ]     DU: CLDG Roots                   17 us, workers (us):  13,   2,   1,   0,   1,   0,   0,   0, 
[455.546s][info ][gc,stats       ]   Cleanup                            87 us
[455.546s][info ][gc,stats       ]   Pre Heap Dump                       1 us
[455.546s][info ][gc,stats       ]   Prepare                          1014 us
[455.546s][info ][gc,stats       ]   Mark                              896 us, parallelism: 3.10x
[455.546s][info ][gc,stats       ]     FM: <total>                    2776 us
[455.546s][info ][gc,stats       ]     FM: Thread Roots                 72 us, workers (us):  33,  23,  13,   1,   1,   1,   0,   1, 
[455.546s][info ][gc,stats       ]     FM: VM Strong Roots               3 us, workers (us):   0,   1,   1,   0,   0,   0,   0,   0, 
[455.546s][info ][gc,stats       ]     FM: CLDG Roots                   22 us, workers (us):  20,   0,   0,   1,   0,   1,   0,   0, 
[455.546s][info ][gc,stats       ]     FM: Parallel Mark              2679 us, workers (us): 351, 349, 343, 374, 355, 353, 310, 245, 
[455.546s][info ][gc,stats       ]     System Purge                    386 us
[455.546s][info ][gc,stats       ]       Weak References               141 us, parallelism: 0.02x
[455.546s][info ][gc,stats       ]         WRP: <total>                  2 us
[455.546s][info ][gc,stats       ]         WRP: Weak References          2 us, workers (us):   2,   0,   0,   0,   0,   0,   0,   0, 
[455.546s][info ][gc,stats       ]       Unload Classes                135 us, parallelism: 1.19x
[455.546s][info ][gc,stats       ]         CU: <total>                 162 us
[455.546s][info ][gc,stats       ]         CU: Unload Code Caches      162 us, workers (us):  65,  52,  44,   0,   0,   0,   0,   0, 
[455.546s][info ][gc,stats       ]       Weak Roots                    106 us, parallelism: 0.19x
[455.546s][info ][gc,stats       ]         WR: <total>                  21 us
[455.546s][info ][gc,stats       ]         WR: VM Weak Roots            21 us, workers (us):  12,   4,   1,   1,   1,   1,   1,   1, 
[455.546s][info ][gc,stats       ]       CLDG                            1 us
[455.546s][info ][gc,stats       ]   Calculate Addresses               421 us
[455.546s][info ][gc,stats       ]     Regular Objects                 300 us
[455.546s][info ][gc,stats       ]     Humongous Objects                68 us
[455.546s][info ][gc,stats       ]   Adjust Pointers                  1046 us
[455.546s][info ][gc,stats       ]     FA: <total>                     195 us
[455.546s][info ][gc,stats       ]     FA: Thread Roots                 45 us, workers (us):   1,  22,  12,   9,   1,   0,   0,   0, 
[455.546s][info ][gc,stats       ]     FA: Code Cache Roots            118 us, workers (us): 117,   0,   0,   0,   0,   0,   0,   0, 
[455.546s][info ][gc,stats       ]     FA: VM Strong Roots               3 us, workers (us):   2,   0,   0,   0,   0,   0,   0,   0, 
[455.546s][info ][gc,stats       ]     FA: VM Weak Roots                17 us, workers (us):  12,   2,   1,   0,   1,   0,   0,   0, 
[455.546s][info ][gc,stats       ]     FA: CLDG Roots                   12 us, workers (us):   1,  10,   0,   0,   0,   0,   0,   0, 
[455.546s][info ][gc,stats       ]   Copy Objects                    68683 us
[455.546s][info ][gc,stats       ]     Regular Objects                 307 us
[455.546s][info ][gc,stats       ]     Humongous Objects             66648 us
[455.546s][info ][gc,stats       ]     Reset Complete Bitmap          1694 us
[455.546s][info ][gc,stats       ]     Rebuild Region Sets              32 us
[455.546s][info ][gc,stats       ]   Post Heap Dump                      1 us
[455.546s][info ][gc,stats       ] 
[455.546s][info ][gc,stats       ] Allocation pacing accrued:
[455.546s][info ][gc,stats       ]       0 of    79 ms (  0.0%): <total>
[455.546s][info ][gc,stats       ]       0 of    79 ms (  0.0%): <average total>
[455.546s][info ][gc,stats       ] 
[455.546s][info ][gc,metaspace   ] Metaspace: 253K(448K)->253K(448K) NonClass: 247K(320K)->247K(320K) Class: 5K(128K)->5K(128K)
[455.546s][info ][gc,ergo        ] Pacer for Idle. Initial: 41943K, Alloc Tax Rate: 1.0x
[455.548s][info ][gc             ] Trigger: Handle Allocation Failure
[455.548s][info ][gc,ergo        ] Free: 1520K, Max: 1024K regular, 1024K humongous, Frag: 0% external, 25% internal; Reserve: 103M, Max: 1024K
[455.548s][info ][gc,start       ] GC(28381) Pause Full
[455.548s][info ][gc,task        ] GC(28381) Using 8 of 8 workers for full gc
[455.548s][info ][gc,phases,start] GC(28381) Phase 1: Mark live objects
[455.548s][info ][gc,ref         ] GC(28381) Clearing All SoftReferences
[455.548s][info ][gc,ref         ] GC(28381) Clearing All SoftReferences
[455.549s][info ][gc,ref         ] GC(28381) Encountered references: Soft: 7, Weak: 34, Final: 0, Phantom: 1
[455.549s][info ][gc,ref         ] GC(28381) Discovered  references: Soft: 4, Weak: 6, Final: 0, Phantom: 1
[455.549s][info ][gc,ref         ] GC(28381) Enqueued    references: Soft: 0, Weak: 0, Final: 0, Phantom: 0
[455.549s][debug][gc,phases,start] GC(28381) ClassLoaderData
[455.549s][debug][gc,phases      ] GC(28381) ClassLoaderData 0.014ms
[455.549s][debug][gc,phases,start] GC(28381) Trigger cleanups
[455.549s][debug][gc,phases      ] GC(28381) Trigger cleanups 0.004ms
[455.549s][info ][gc,phases      ] GC(28381) Phase 1: Mark live objects 0.985ms
[455.549s][info ][gc,phases,start] GC(28381) Phase 2: Compute new object addresses
[455.549s][info ][gc,phases      ] GC(28381) Phase 2: Compute new object addresses 0.521ms
[455.549s][info ][gc,phases,start] GC(28381) Phase 3: Adjust pointers
[455.551s][info ][gc,phases      ] GC(28381) Phase 3: Adjust pointers 1.177ms
[455.551s][info ][gc,phases,start] GC(28381) Phase 4: Move objects
[455.618s][info ][gc,phases      ] GC(28381) Phase 4: Move objects 67.638ms
[455.619s][info ][gc,ergo        ] GC(28381) Bad progress for free space: 1520K, need 20971K
[455.619s][info ][gc             ] GC(28381) Pause Full 1120M->1120M(2048M) 70.866ms
[455.619s][debug][gc,ergo        ] GC(28381) Margin of error now 3.29
[455.619s][debug][gc,ergo        ] GC(28381) Spike threshold now: 0.32
[455.619s][info ][gc,ergo        ] Free: 1520K, Max: 1024K regular, 1024K humongous, Frag: 0% external, 25% internal; Reserve: 103M, Max: 1024K
[455.619s][info ][gc,stats       ] 
[455.619s][info ][gc             ] Failed to allocate Shared, 1024K
[455.619s][info ][gc             ] Cancelling GC: Allocation Failure
[455.619s][info ][gc,stats       ] All times are wall-clock times, except per-root-class counters, that are sum over
[455.619s][info ][gc,stats       ] all workers. Dividing the <total> over the root stage time estimates parallelism.
[455.619s][info ][gc,stats       ] 
[455.619s][info ][gc,stats       ] Pause Full GC (G)                 70995 us
[455.619s][info ][gc,stats       ] Pause Full GC (N)                 70893 us
[455.619s][info ][gc,stats       ]   Pre Heap Dump                       0 us
[455.619s][info ][gc,stats       ]   Prepare                           143 us
[455.619s][info ][gc,stats       ]   Mark                              975 us, parallelism: 3.21x
[455.619s][info ][gc,stats       ]     FM: <total>                    3133 us
[455.619s][info ][gc,stats       ]     FM: Thread Roots                124 us, workers (us):  50,  37,  23,  10,   1,   1,   1,   1, 
[455.619s][info ][gc,stats       ]     FM: VM Strong Roots               4 us, workers (us):   0,   0,   0,   2,   1,   0,   0,   0, 
[455.619s][info ][gc,stats       ]     FM: CLDG Roots                   37 us, workers (us):   0,  34,   0,   1,   0,   1,   0,   0, 
[455.619s][info ][gc,stats       ]     FM: Parallel Mark              2968 us, workers (us): 424, 366, 386, 412, 405, 314, 327, 334, 
[455.619s][info ][gc,stats       ]     System Purge                    390 us
[455.619s][info ][gc,stats       ]       Weak References               132 us, parallelism: 0.02x
[455.619s][info ][gc,stats       ]         WRP: <total>                  2 us
[455.619s][info ][gc,stats       ]         WRP: Weak References          2 us, workers (us):   2,   0,   0,   0,   0,   0,   0,   0, 
[455.619s][info ][gc,stats       ]       Unload Classes                134 us, parallelism: 1.43x
[455.619s][info ][gc,stats       ]         CU: <total>                 192 us
[455.619s][info ][gc,stats       ]         CU: Unload Code Caches      192 us, workers (us):  74,  56,  22,  17,  22,   0,   0,   0, 
[455.619s][info ][gc,stats       ]       Weak Roots                    122 us, parallelism: 0.20x
[455.619s][info ][gc,stats       ]         WR: <total>                  24 us
[455.619s][info ][gc,stats       ]         WR: VM Weak Roots            24 us, workers (us):  17,   3,   1,   1,   1,   0,   1,   1, 
[455.619s][info ][gc,stats       ]       CLDG                            1 us
[455.619s][info ][gc,stats       ]   Calculate Addresses               516 us
[455.619s][info ][gc,stats       ]     Regular Objects                 316 us
[455.619s][info ][gc,stats       ]     Humongous Objects               133 us
[455.619s][info ][gc,stats       ]   Adjust Pointers                  1171 us
[455.619s][info ][gc,stats       ]     FA: <total>                     214 us
[455.619s][info ][gc,stats       ]     FA: Thread Roots                 52 us, workers (us):   1,  30,  12,   9,   0,   0,   0,   1, 
[455.619s][info ][gc,stats       ]     FA: Code Cache Roots            133 us, workers (us): 132,   0,   0,   0,   0,   0,   0,   0, 
[455.619s][info ][gc,stats       ]     FA: VM Strong Roots               3 us, workers (us):   2,   0,   0,   0,   0,   0,   0,   0, 
[455.619s][info ][gc,stats       ]     FA: VM Weak Roots                15 us, workers (us):   9,   4,   1,   0,   0,   0,   0,   0, 
[455.619s][info ][gc,stats       ]     FA: CLDG Roots                   10 us, workers (us):   1,   8,   0,   0,   0,   0,   0,   0, 
[455.619s][info ][gc,stats       ]   Copy Objects                    67632 us
[455.619s][info ][gc,stats       ]     Regular Objects                 413 us
[455.619s][info ][gc,stats       ]     Humongous Objects             65317 us
[455.619s][info ][gc,stats       ]     Reset Complete Bitmap          1824 us
[455.619s][info ][gc,stats       ]     Rebuild Region Sets              70 us
[455.619s][info ][gc,stats       ]   Post Heap Dump                      1 us
[455.619s][info ][gc,stats       ] 
[455.619s][info ][gc,stats       ] Allocation pacing accrued:
[455.619s][info ][gc,stats       ]       0 of    73 ms (  0.0%): <total>
[455.619s][info ][gc,stats       ]       0 of    73 ms (  0.0%): <average total>
[455.619s][info ][gc,stats       ] 
[455.619s][info ][gc,metaspace   ] Metaspace: 253K(448K)->253K(448K) NonClass: 247K(320K)->247K(320K) Class: 5K(128K)->5K(128K)
[455.619s][info ][gc,ergo        ] Pacer for Idle. Initial: 41943K, Alloc Tax Rate: 1.0x
[455.620s][info ][gc             ] Trigger: Handle Allocation Failure
[455.620s][info ][gc,ergo        ] Free: 1520K, Max: 1024K regular, 1024K humongous, Frag: 0% external, 25% internal; Reserve: 103M, Max: 1024K
[455.621s][info ][gc,start       ] GC(28382) Pause Degenerated GC (Outside of Cycle)
[455.621s][info ][gc,task        ] GC(28382) Using 8 of 8 workers for stw degenerated gc
[455.621s][info ][gc,ref         ] GC(28382) Clearing All SoftReferences
[455.622s][info ][gc,ref         ] GC(28382) Encountered references: Soft: 7, Weak: 34, Final: 0, Phantom: 1
[455.622s][info ][gc,ref         ] GC(28382) Discovered  references: Soft: 4, Weak: 9, Final: 0, Phantom: 1
[455.622s][info ][gc,ref         ] GC(28382) Enqueued    references: Soft: 0, Weak: 0, Final: 0, Phantom: 0
[455.622s][debug][gc,phases,start] GC(28382) ClassLoaderData
[455.622s][debug][gc,phases      ] GC(28382) ClassLoaderData 0.046ms
[455.622s][debug][gc,phases,start] GC(28382) Trigger cleanups
[455.623s][debug][gc,phases      ] GC(28382) Trigger cleanups 0.024ms
[455.623s][info ][gc,ergo        ] GC(28382) Adaptive CSet Selection. Target Free: 290M, Actual Free: 104M, Max CSet: 87381K, Min Garbage: 186M
[455.623s][info ][gc,ergo        ] GC(28382) Collectable Garbage: 0B (0%), Immediate: 0B (0%), CSet: 0B (0%)
[455.626s][info ][gc,ergo        ] GC(28382) Bad progress for free space: 1024K, need 20971K
[455.626s][info ][gc             ] GC(28382) Cancelling GC: Upgrade To Full GC
[455.627s][info ][gc,phases,start] GC(28382) Phase 1: Mark live objects
[455.627s][info ][gc,ref         ] GC(28382) Clearing All SoftReferences
[455.627s][info ][gc,ref         ] GC(28382) Clearing All SoftReferences
[455.628s][info ][gc,ref         ] GC(28382) Encountered references: Soft: 7, Weak: 34, Final: 0, Phantom: 1
[455.628s][info ][gc,ref         ] GC(28382) Discovered  references: Soft: 4, Weak: 9, Final: 0, Phantom: 1
[455.628s][info ][gc,ref         ] GC(28382) Enqueued    references: Soft: 0, Weak: 0, Final: 0, Phantom: 0
[455.628s][debug][gc,phases,start] GC(28382) ClassLoaderData
[455.628s][debug][gc,phases      ] GC(28382) ClassLoaderData 0.012ms
[455.628s][debug][gc,phases,start] GC(28382) Trigger cleanups
[455.628s][debug][gc,phases      ] GC(28382) Trigger cleanups 0.018ms
[455.628s][info ][gc,phases      ] GC(28382) Phase 1: Mark live objects 1.160ms
[455.628s][info ][gc,phases,start] GC(28382) Phase 2: Compute new object addresses
[455.629s][info ][gc,phases      ] GC(28382) Phase 2: Compute new object addresses 0.455ms
[455.629s][info ][gc,phases,start] GC(28382) Phase 3: Adjust pointers
[455.630s][info ][gc,phases      ] GC(28382) Phase 3: Adjust pointers 1.151ms
[455.630s][info ][gc,phases,start] GC(28382) Phase 4: Move objects
[455.632s][info ][gc,phases      ] GC(28382) Phase 4: Move objects 1.677ms
[455.632s][info ][gc,ergo        ] GC(28382) Bad progress for free space: 1520K, need 20971K
[455.632s][info ][gc             ] GC(28382) Pause Degenerated GC (Outside of Cycle) 1120M->1120M(2048M) 11.401ms
[455.632s][debug][gc,ergo        ] GC(28382) Margin of error now 3.29
[455.632s][debug][gc,ergo        ] GC(28382) Spike threshold now: 0.32
[455.632s][info ][gc,ergo        ] Free: 1520K, Max: 1024K regular, 1024K humongous, Frag: 0% external, 25% internal; Reserve: 103M, Max: 1024K
[455.632s][info ][gc,stats       ] 
[455.632s][info ][gc,stats       ] All times are wall-clock times, except per-root-class counters, that are sum over
[455.632s][info ][gc,stats       ] all workers. Dividing the <total> over the root stage time estimates parallelism.
[455.632s][info ][gc,stats       ] 
[455.632s][info ][gc,stats       ] Pause Degenerated GC (G)          11494 us
[455.632s][info ][gc,stats       ] Pause Degenerated GC (N)          11408 us
[455.632s][info ][gc             ] Failed to allocate Shared, 1024K
[455.632s][info ][gc             ] Cancelling GC: Allocation Failure
[455.632s][info ][gc,stats       ]   Degen STW Mark                    601 us, parallelism: 4.60x
[455.632s][info ][gc,stats       ]     DSM: <total>                   2766 us
[455.632s][info ][gc,stats       ]     DSM: Thread Roots                94 us, workers (us):  48,  29,   6,   1,   1,   1,   4,   4, 
[455.632s][info ][gc,stats       ]     DSM: VM Strong Roots              6 us, workers (us):   2,   1,   0,   0,   0,   0,   1,   1, 
[455.632s][info ][gc,stats       ]     DSM: CLDG Roots                  23 us, workers (us):   1,   1,  16,   1,   1,   1,   2,   2, 
[455.632s][info ][gc,stats       ]     DSM: Parallel Mark             2643 us, workers (us): 376, 376, 360, 286, 357, 310, 306, 272, 
[455.632s][info ][gc,stats       ]     System Purge                   1543 us
[455.632s][info ][gc,stats       ]       Weak References               585 us, parallelism: 0.01x
[455.632s][info ][gc,stats       ]         WRP: <total>                  3 us
[455.632s][info ][gc,stats       ]         WRP: Weak References          3 us, workers (us):   2,   0,   0,   0,   0,   0,   1,   0, 
[455.632s][info ][gc,stats       ]       Unload Classes                549 us, parallelism: 0.32x
[455.632s][info ][gc,stats       ]         DCU: <total>                175 us
[455.632s][info ][gc,stats       ]         DCU: Unload Code Caches      175 us, workers (us): 127,  47,   0,   0,   0,   0,   0,   0, 
[455.632s][info ][gc,stats       ]       Weak Roots                    403 us, parallelism: 0.07x
[455.632s][info ][gc,stats       ]         DWR: <total>                 29 us
[455.632s][info ][gc,stats       ]         DWR: VM Weak Roots           29 us, workers (us):  19,   1,   1,   4,   2,   1,   1,   1, 
[455.632s][info ][gc,stats       ]       CLDG                            2 us
[455.632s][info ][gc,stats       ]   Update Region States              420 us
[455.632s][info ][gc,stats       ]   Manage GC/TLABs                     4 us
[455.632s][info ][gc,stats       ]   Choose Collection Set              86 us
[455.632s][info ][gc,stats       ]   Rebuild Free Set                   39 us
[455.632s][info ][gc,stats       ]   Evacuation                        334 us
[455.632s][info ][gc,stats       ]   Manage GCLABs                       4 us
[455.632s][info ][gc,stats       ]   Update References                1241 us
[455.632s][info ][gc,stats       ]   Update Region States              125 us
[455.632s][info ][gc,stats       ]   Trash Collection Set                3 us
[455.632s][info ][gc,stats       ]   Rebuild Free Set                   13 us
[455.632s][info ][gc,stats       ]   Degen Update Roots                396 us, parallelism: 1.17x
[455.632s][info ][gc,stats       ]     DU: <total>                     465 us
[455.632s][info ][gc,stats       ]     DU: Thread Roots                163 us, workers (us):  94,   0,  57,   2,   7,   1,   1,   0, 
[455.632s][info ][gc,stats       ]     DU: Code Cache Roots            217 us, workers (us):   0, 216,   0,   0,   0,   0,   0,   0, 
[455.632s][info ][gc,stats       ]     DU: VM Strong Roots               6 us, workers (us):   5,   0,   0,   0,   0,   0,   0,   0, 
[455.632s][info ][gc,stats       ]     DU: VM Weak Roots                34 us, workers (us):  16,  15,   0,   1,   1,   1,   0,   0, 
[455.632s][info ][gc,stats       ]     DU: CLDG Roots                   44 us, workers (us):   2,   2,  37,   1,   1,   0,   0,   0, 
[455.632s][info ][gc,stats       ]   Cleanup                            91 us
[455.632s][info ][gc,stats       ]   Pre Heap Dump                       1 us
[455.632s][info ][gc,stats       ]   Prepare                          1093 us
[455.632s][info ][gc,stats       ]   Mark                             1108 us, parallelism: 3.26x
[455.632s][info ][gc,stats       ]     FM: <total>                    3616 us
[455.633s][info ][gc,stats       ]     FM: Thread Roots                 83 us, workers (us):  68,   9,   1,   1,   2,   1,   1,   1, 
[455.633s][info ][gc,stats       ]     FM: VM Strong Roots               4 us, workers (us):   0,   0,   3,   0,   0,   0,   0,   0, 
[455.633s][info ][gc,stats       ]     FM: CLDG Roots                   23 us, workers (us):  19,   0,   0,   1,   1,   1,   0,   0, 
[455.633s][info ][gc,stats       ]     FM: Parallel Mark              3506 us, workers (us): 471, 496, 449, 482, 454, 411, 375, 369, 
[455.633s][info ][gc,stats       ]     System Purge                    443 us
[455.633s][info ][gc,stats       ]       Weak References               158 us, parallelism: 0.02x
[455.633s][info ][gc,stats       ]         WRP: <total>                  3 us
[455.633s][info ][gc,stats       ]         WRP: Weak References          3 us, workers (us):   2,   0,   0,   0,   0,   0,   0,   0, 
[455.633s][info ][gc,stats       ]       Unload Classes                169 us, parallelism: 0.83x
[455.633s][info ][gc,stats       ]         CU: <total>                 140 us
[455.633s][info ][gc,stats       ]         CU: Unload Code Caches      140 us, workers (us):  55,  36,  29,  20,   0,   0,   0,   0, 
[455.633s][info ][gc,stats       ]       Weak Roots                    112 us, parallelism: 0.27x
[455.633s][info ][gc,stats       ]         WR: <total>                  30 us
[455.633s][info ][gc,stats       ]         WR: VM Weak Roots            30 us, workers (us):  24,   2,   0,   1,   1,   1,   1,   1, 
[455.633s][info ][gc,stats       ]       CLDG                            1 us
[455.633s][info ][gc,stats       ]   Calculate Addresses               450 us
[455.633s][info ][gc,stats       ]     Regular Objects                 279 us
[455.633s][info ][gc,stats       ]     Humongous Objects               127 us
[455.633s][info ][gc,stats       ]   Adjust Pointers                  1133 us
[455.633s][info ][gc,stats       ]     FA: <total>                     216 us
[455.633s][info ][gc,stats       ]     FA: Thread Roots                 27 us, workers (us):  24,   0,   0,   0,   0,   0,   1,   1, 
[455.633s][info ][gc,stats       ]     FA: Code Cache Roots            139 us, workers (us):   0, 138,   0,   0,   0,   0,   0,   0, 
[455.633s][info ][gc,stats       ]     FA: VM Strong Roots               4 us, workers (us):   2,   0,   0,   0,   0,   0,   1,   1, 
[455.633s][info ][gc,stats       ]     FA: VM Weak Roots                39 us, workers (us):  20,   0,   0,   0,   0,   0,   9,   9, 
[455.633s][info ][gc,stats       ]     FA: CLDG Roots                    7 us, workers (us):   5,   0,   0,   0,   0,   0,   0,   0, 
[455.633s][info ][gc,stats       ]   Copy Objects                     1662 us
[455.633s][info ][gc,stats       ]     Regular Objects                 341 us
[455.633s][info ][gc,stats       ]     Humongous Objects                46 us
[455.633s][info ][gc,stats       ]     Reset Complete Bitmap          1167 us
[455.633s][info ][gc,stats       ]     Rebuild Region Sets             107 us
[455.633s][info ][gc,stats       ]   Post Heap Dump                      1 us
[455.633s][info ][gc,stats       ] 
[455.633s][info ][gc,stats       ] Allocation pacing accrued:
[455.633s][info ][gc,stats       ]       0 of    13 ms (  0.0%): <total>
[455.633s][info ][gc,stats       ]       0 of    13 ms (  0.0%): <average total>
[455.633s][info ][gc,stats       ] 
[455.633s][info ][gc,metaspace   ] Metaspace: 253K(448K)->253K(448K) NonClass: 247K(320K)->247K(320K) Class: 5K(128K)->5K(128K)
[455.633s][info ][gc,ergo        ] Pacer for Idle. Initial: 41943K, Alloc Tax Rate: 1.0x
[455.634s][info ][gc             ] Trigger: Handle Allocation Failure
[455.634s][info ][gc,ergo        ] Free: 1520K, Max: 1024K regular, 1024K humongous, Frag: 0% external, 25% internal; Reserve: 103M, Max: 1024K
[455.634s][info ][gc,start       ] GC(28383) Pause Degenerated GC (Outside of Cycle)
[455.634s][info ][gc,task        ] GC(28383) Using 8 of 8 workers for stw degenerated gc
[455.634s][info ][gc,ref         ] GC(28383) Clearing All SoftReferences
[455.635s][info ][gc,ref         ] GC(28383) Encountered references: Soft: 7, Weak: 34, Final: 0, Phantom: 1
[455.635s][info ][gc,ref         ] GC(28383) Discovered  references: Soft: 4, Weak: 4, Final: 0, Phantom: 1
[455.635s][info ][gc,ref         ] GC(28383) Enqueued    references: Soft: 0, Weak: 0, Final: 0, Phantom: 0
[455.635s][debug][gc,phases,start] GC(28383) ClassLoaderData
[455.635s][debug][gc,phases      ] GC(28383) ClassLoaderData 0.009ms
[455.635s][debug][gc,phases,start] GC(28383) Trigger cleanups
[455.635s][debug][gc,phases      ] GC(28383) Trigger cleanups 0.003ms
[455.635s][info ][gc,ergo        ] GC(28383) Adaptive CSet Selection. Target Free: 290M, Actual Free: 104M, Max CSet: 87381K, Min Garbage: 186M
[455.635s][info ][gc,ergo        ] GC(28383) Collectable Garbage: 0B (0%), Immediate: 0B (0%), CSet: 0B (0%)
[455.637s][info ][gc,ergo        ] GC(28383) Bad progress for free space: 1024K, need 20971K
[455.638s][info ][gc             ] GC(28383) Cancelling GC: Upgrade To Full GC
[455.639s][info ][gc,phases,start] GC(28383) Phase 1: Mark live objects
[455.639s][info ][gc,ref         ] GC(28383) Clearing All SoftReferences
[455.639s][info ][gc,ref         ] GC(28383) Clearing All SoftReferences
[455.639s][info ][gc,ref         ] GC(28383) Encountered references: Soft: 7, Weak: 34, Final: 0, Phantom: 1
[455.640s][info ][gc,ref         ] GC(28383) Discovered  references: Soft: 4, Weak: 1, Final: 0, Phantom: 0
[455.640s][info ][gc,ref         ] GC(28383) Enqueued    references: Soft: 0, Weak: 0, Final: 0, Phantom: 0
[455.640s][debug][gc,phases,start] GC(28383) ClassLoaderData
[455.640s][debug][gc,phases      ] GC(28383) ClassLoaderData 0.012ms
[455.640s][debug][gc,phases,start] GC(28383) Trigger cleanups
[455.640s][debug][gc,phases      ] GC(28383) Trigger cleanups 0.005ms
[455.640s][info ][gc,phases      ] GC(28383) Phase 1: Mark live objects 1.185ms
[455.640s][info ][gc,phases,start] GC(28383) Phase 2: Compute new object addresses
[455.640s][info ][gc,phases      ] GC(28383) Phase 2: Compute new object addresses 0.447ms
[455.640s][info ][gc,phases,start] GC(28383) Phase 3: Adjust pointers
[455.641s][info ][gc,phases      ] GC(28383) Phase 3: Adjust pointers 0.984ms
[455.641s][info ][gc,phases,start] GC(28383) Phase 4: Move objects
[455.644s][info ][gc,phases      ] GC(28383) Phase 4: Move objects 2.113ms
[455.644s][info ][gc,ergo        ] GC(28383) Bad progress for free space: 1520K, need 20971K
[455.644s][info ][gc             ] GC(28383) Pause Degenerated GC (Outside of Cycle) 1120M->1120M(2048M) 9.818ms
[455.644s][debug][gc,ergo        ] GC(28383) Margin of error now 3.29
[455.644s][debug][gc,ergo        ] GC(28383) Spike threshold now: 0.32
[455.644s][info ][gc,ergo        ] Free: 1520K, Max: 1024K regular, 1024K humongous, Frag: 0% external, 25% internal; Reserve: 103M, Max: 1024K
[455.644s][info ][gc,stats       ] 
[455.644s][info ][gc,stats       ] All times are wall-clock times, except per-root-class counters, that are sum over
[455.644s][info ][gc,stats       ] all workers. Dividing the <total> over the root stage time estimates parallelism.
[455.644s][info ][gc,stats       ] 
[455.644s][info ][gc             ] Failed to allocate Shared, 1024K
[455.644s][info ][gc             ] Cancelling GC: Allocation Failure
[455.644s][info ][gc,stats       ] Pause Degenerated GC (G)           9923 us
[455.644s][info ][gc,stats       ] Pause Degenerated GC (N)           9824 us
[455.644s][info ][gc,stats       ]   Degen STW Mark                    525 us, parallelism: 5.66x
[455.644s][info ][gc,stats       ]     DSM: <total>                   2973 us
[455.644s][info ][gc,stats       ]     DSM: Thread Roots                65 us, workers (us):  28,  20,  13,   1,   1,   1,   1,   1, 
[455.644s][info ][gc,stats       ]     DSM: VM Strong Roots              3 us, workers (us):   2,   0,   0,   0,   0,   0,   0,   0, 
[455.644s][info ][gc,stats       ]     DSM: CLDG Roots                  21 us, workers (us):   1,  16,   0,   0,   2,   1,   0,   0, 
[455.644s][info ][gc,stats       ]     DSM: Parallel Mark             2884 us, workers (us): 405, 369, 429, 409, 320, 337, 293, 322, 
[455.644s][info ][gc,stats       ]     System Purge                    397 us
[455.644s][info ][gc,stats       ]       Weak References               142 us, parallelism: 0.02x
[455.644s][info ][gc,stats       ]         WRP: <total>                  3 us
[455.644s][info ][gc,stats       ]         WRP: Weak References          3 us, workers (us):   1,   0,   0,   0,   1,   0,   0,   0, 
[455.644s][info ][gc,stats       ]       Unload Classes                126 us, parallelism: 1.29x
[455.644s][info ][gc,stats       ]         DCU: <total>                162 us
[455.644s][info ][gc,stats       ]         DCU: Unload Code Caches      162 us, workers (us):  49,  42,  41,  28,   2,   0,   0,   0, 
[455.644s][info ][gc,stats       ]       Weak Roots                    128 us, parallelism: 0.26x
[455.644s][info ][gc,stats       ]         DWR: <total>                 33 us
[455.644s][info ][gc,stats       ]         DWR: VM Weak Roots           33 us, workers (us):  23,   5,   1,   1,   1,   1,   1,   1, 
[455.644s][info ][gc,stats       ]       CLDG                            0 us
[455.644s][info ][gc,stats       ]   Update Region States               96 us
[455.644s][info ][gc,stats       ]   Manage GC/TLABs                     2 us
[455.644s][info ][gc,stats       ]   Choose Collection Set              24 us
[455.644s][info ][gc,stats       ]   Rebuild Free Set                    7 us
[455.644s][info ][gc,stats       ]   Evacuation                        379 us
[455.644s][info ][gc,stats       ]   Manage GCLABs                       4 us
[455.644s][info ][gc,stats       ]   Update References                1259 us
[455.644s][info ][gc,stats       ]   Update Region States              110 us
[455.644s][info ][gc,stats       ]   Trash Collection Set                2 us
[455.644s][info ][gc,stats       ]   Rebuild Free Set                   17 us
[455.644s][info ][gc,stats       ]   Degen Update Roots                273 us, parallelism: 1.07x
[455.644s][info ][gc,stats       ]     DU: <total>                     292 us
[455.644s][info ][gc,stats       ]     DU: Thread Roots                 83 us, workers (us):  27,   0,  30,  18,   7,   0,   0,   0, 
[455.644s][info ][gc,stats       ]     DU: Code Cache Roots            163 us, workers (us):   0, 162,   0,   0,   0,   0,   0,   0, 
[455.644s][info ][gc,stats       ]     DU: VM Strong Roots               5 us, workers (us):   4,   0,   0,   0,   0,   0,   0,   0, 
[455.644s][info ][gc,stats       ]     DU: VM Weak Roots                23 us, workers (us):  16,   5,   1,   1,   0,   0,   0,   0, 
[455.644s][info ][gc,stats       ]     DU: CLDG Roots                   18 us, workers (us):  14,   2,   1,   0,   0,   0,   0,   0, 
[455.644s][info ][gc,stats       ]   Cleanup                            86 us
[455.644s][info ][gc,stats       ]   Pre Heap Dump                       1 us
[455.644s][info ][gc,stats       ]   Prepare                          1159 us
[455.644s][info ][gc,stats       ]   Mark                             1140 us, parallelism: 2.95x
[455.644s][info ][gc,stats       ]     FM: <total>                    3368 us
[455.644s][info ][gc,stats       ]     FM: Thread Roots                143 us, workers (us):  56,  47,  21,  17,   1,   0,   1,   1, 
[455.644s][info ][gc,stats       ]     FM: VM Strong Roots               6 us, workers (us):   2,   2,   0,   0,   0,   0,   0,   0, 
[455.644s][info ][gc,stats       ]     FM: CLDG Roots                   32 us, workers (us):   1,   1,   0,  28,   0,   0,   0,   1, 
[455.644s][info ][gc,stats       ]     FM: Parallel Mark              3187 us, workers (us): 426, 448, 391, 378, 369, 403, 399, 373, 
[455.644s][info ][gc,stats       ]     System Purge                    537 us
[455.644s][info ][gc,stats       ]       Weak References               170 us, parallelism: 0.01x
[455.644s][info ][gc,stats       ]         WRP: <total>                  2 us
[455.644s][info ][gc,stats       ]         WRP: Weak References          2 us, workers (us):   1,   0,   0,   0,   0,   0,   0,   0, 
[455.644s][info ][gc,stats       ]       Unload Classes                201 us, parallelism: 0.81x
[455.644s][info ][gc,stats       ]         CU: <total>                 163 us
[455.644s][info ][gc,stats       ]         CU: Unload Code Caches      163 us, workers (us):  73,  52,  38,   0,   0,   0,   0,   0, 
[455.644s][info ][gc,stats       ]       Weak Roots                    163 us, parallelism: 0.17x
[455.644s][info ][gc,stats       ]         WR: <total>                  27 us
[455.644s][info ][gc,stats       ]         WR: VM Weak Roots            27 us, workers (us):  18,   5,   1,   1,   1,   1,   1,   1, 
[455.644s][info ][gc,stats       ]       CLDG                            1 us
[455.644s][info ][gc,stats       ]   Calculate Addresses               441 us
[455.644s][info ][gc,stats       ]     Regular Objects                 312 us
[455.644s][info ][gc,stats       ]     Humongous Objects                76 us
[455.644s][info ][gc,stats       ]   Adjust Pointers                   978 us
[455.644s][info ][gc,stats       ]     FA: <total>                     188 us
[455.644s][info ][gc,stats       ]     FA: Thread Roots                 34 us, workers (us):   1,  16,  16,   0,   0,   0,   0,   0, 
[455.644s][info ][gc,stats       ]     FA: Code Cache Roots            132 us, workers (us): 132,   0,   0,   0,   0,   0,   0,   0, 
[455.644s][info ][gc,stats       ]     FA: VM Strong Roots               2 us, workers (us):   2,   0,   0,   0,   0,   0,   0,   0, 
[455.644s][info ][gc,stats       ]     FA: VM Weak Roots                11 us, workers (us):  10,   1,   0,   0,   0,   0,   0,   0, 
[455.644s][info ][gc,stats       ]     FA: CLDG Roots                    8 us, workers (us):   7,   0,   0,   0,   0,   0,   0,   0, 
[455.644s][info ][gc,stats       ]   Copy Objects                     2105 us
[455.644s][info ][gc,stats       ]     Regular Objects                 373 us
[455.644s][info ][gc,stats       ]     Humongous Objects                31 us
[455.644s][info ][gc,stats       ]     Reset Complete Bitmap          1656 us
[455.644s][info ][gc,stats       ]     Rebuild Region Sets              43 us
[455.644s][info ][gc,stats       ]   Post Heap Dump                      9 us
[455.644s][info ][gc,stats       ] 
[455.644s][info ][gc,stats       ] Allocation pacing accrued:
[455.644s][info ][gc,stats       ]       0 of    12 ms (  0.0%): <total>
[455.644s][info ][gc,stats       ]       0 of    12 ms (  0.0%): <average total>
[455.644s][info ][gc,stats       ] 
[455.644s][info ][gc,metaspace   ] Metaspace: 253K(448K)->253K(448K) NonClass: 247K(320K)->247K(320K) Class: 5K(128K)->5K(128K)
[455.644s][info ][gc,ergo        ] Pacer for Idle. Initial: 41943K, Alloc Tax Rate: 1.0x
[455.646s][info ][gc             ] Trigger: Handle Allocation Failure
[455.646s][info ][gc,ergo        ] Free: 1520K, Max: 1024K regular, 1024K humongous, Frag: 0% external, 25% internal; Reserve: 103M, Max: 1024K
[455.646s][info ][gc,start       ] GC(28384) Pause Degenerated GC (Outside of Cycle)
[455.646s][info ][gc,task        ] GC(28384) Using 8 of 8 workers for stw degenerated gc
[455.646s][info ][gc,ref         ] GC(28384) Clearing All SoftReferences
[455.647s][info ][gc,ref         ] GC(28384) Encountered references: Soft: 7, Weak: 34, Final: 0, Phantom: 1
[455.647s][info ][gc,ref         ] GC(28384) Discovered  references: Soft: 4, Weak: 9, Final: 0, Phantom: 1
[455.647s][info ][gc,ref         ] GC(28384) Enqueued    references: Soft: 0, Weak: 0, Final: 0, Phantom: 0
[455.647s][debug][gc,phases,start] GC(28384) ClassLoaderData
[455.647s][debug][gc,phases      ] GC(28384) ClassLoaderData 0.011ms
[455.647s][debug][gc,phases,start] GC(28384) Trigger cleanups
[455.647s][debug][gc,phases      ] GC(28384) Trigger cleanups 0.005ms
[455.647s][info ][gc,ergo        ] GC(28384) Adaptive CSet Selection. Target Free: 290M, Actual Free: 104M, Max CSet: 87381K, Min Garbage: 186M
[455.647s][info ][gc,ergo        ] GC(28384) Collectable Garbage: 0B (0%), Immediate: 0B (0%), CSet: 0B (0%)
[455.649s][info ][gc,ergo        ] GC(28384) Bad progress for free space: 1024K, need 20971K
[455.649s][info ][gc             ] GC(28384) Cancelling GC: Upgrade To Full GC
[455.650s][info ][gc,phases,start] GC(28384) Phase 1: Mark live objects
[455.651s][info ][gc,ref         ] GC(28384) Clearing All SoftReferences
[455.651s][info ][gc,ref         ] GC(28384) Clearing All SoftReferences
[455.651s][info ][gc,ref         ] GC(28384) Encountered references: Soft: 7, Weak: 34, Final: 0, Phantom: 1
[455.651s][info ][gc,ref         ] GC(28384) Discovered  references: Soft: 4, Weak: 1, Final: 0, Phantom: 1
[455.651s][info ][gc,ref         ] GC(28384) Enqueued    references: Soft: 0, Weak: 0, Final: 0, Phantom: 0
[455.651s][debug][gc,phases,start] GC(28384) ClassLoaderData
[455.651s][debug][gc,phases      ] GC(28384) ClassLoaderData 0.010ms
[455.651s][debug][gc,phases,start] GC(28384) Trigger cleanups
[455.651s][debug][gc,phases      ] GC(28384) Trigger cleanups 0.003ms
[455.652s][info ][gc,phases      ] GC(28384) Phase 1: Mark live objects 1.058ms
[455.652s][info ][gc,phases,start] GC(28384) Phase 2: Compute new object addresses
[455.652s][info ][gc,phases      ] GC(28384) Phase 2: Compute new object addresses 0.441ms
[455.652s][info ][gc,phases,start] GC(28384) Phase 3: Adjust pointers
[455.653s][info ][gc,phases      ] GC(28384) Phase 3: Adjust pointers 1.016ms
[455.653s][info ][gc,phases,start] GC(28384) Phase 4: Move objects
[455.655s][info ][gc,phases      ] GC(28384) Phase 4: Move objects 1.772ms
[455.655s][info ][gc,ergo        ] GC(28384) Bad progress for free space: 1520K, need 20971K
[455.655s][info ][gc             ] GC(28384) Pause Degenerated GC (Outside of Cycle) 1120M->1120M(2048M) 9.435ms
[455.655s][debug][gc,ergo        ] GC(28384) Margin of error now 3.29
[455.655s][debug][gc,ergo        ] GC(28384) Spike threshold now: 0.32
[455.655s][info ][gc,ergo        ] Free: 1520K, Max: 1024K regular, 1024K humongous, Frag: 0% external, 25% internal; Reserve: 103M, Max: 1024K
[455.655s][info ][gc,stats       ] 
[455.655s][info ][gc,stats       ] All times are wall-clock times, except per-root-class counters, that are sum over
[455.655s][info ][gc,stats       ] all workers. Dividing the <total> over the root stage time estimates parallelism.
[455.655s][info ][gc,stats       ] 
[455.655s][info ][gc,stats       ] Pause Degenerated GC (G)           9537 us
[455.655s][info ][gc,stats       ] Pause Degenerated GC (N)           9443 us
[455.655s][info ][gc,stats       ]   Degen STW Mark                    505 us, parallelism: 5.33x
[455.655s][info ][gc,stats       ]     DSM: <total>                   2690 us
[455.655s][info ][gc,stats       ]     DSM: Thread Roots                57 us, workers (us):  29,  19,   4,   0,   1,   1,   1,   1, 
[455.655s][info ][gc,stats       ]     DSM: VM Strong Roots              4 us, workers (us):   0,   1,   1,   0,   0,   0,   0,   0, 
[455.655s][info ][gc             ] Failed to allocate Shared, 1024K
[455.656s][info ][gc             ] Cancelling GC: Allocation Failure
[455.655s][info ][gc,stats       ]     DSM: CLDG Roots                  18 us, workers (us):  15,   0,   0,   0,   0,   1,   0,   1, 
[455.656s][info ][gc,stats       ]     DSM: Parallel Mark             2612 us, workers (us): 300, 362, 389, 334, 315, 322, 317, 271, 
[455.656s][info ][gc,stats       ]     System Purge                    440 us
[455.656s][info ][gc,stats       ]       Weak References               163 us, parallelism: 0.01x
[455.656s][info ][gc,stats       ]         WRP: <total>                  2 us
[455.656s][info ][gc,stats       ]         WRP: Weak References          2 us, workers (us):   1,   0,   0,   0,   0,   0,   0,   0, 
[455.656s][info ][gc,stats       ]       Unload Classes                134 us, parallelism: 1.16x
[455.656s][info ][gc,stats       ]         DCU: <total>                155 us
[455.656s][info ][gc,stats       ]         DCU: Unload Code Caches      155 us, workers (us):  56,  52,  30,  17,   0,   0,   0,   0, 
[455.656s][info ][gc,stats       ]       Weak Roots                    141 us, parallelism: 0.24x
[455.656s][info ][gc,stats       ]         DWR: <total>                 33 us
[455.656s][info ][gc,stats       ]         DWR: VM Weak Roots           33 us, workers (us):  22,   2,   0,   5,   1,   1,   1,   1, 
[455.656s][info ][gc,stats       ]       CLDG                            1 us
[455.656s][info ][gc,stats       ]   Update Region States              129 us
[455.656s][info ][gc,stats       ]   Manage GC/TLABs                     8 us
[455.656s][info ][gc,stats       ]   Choose Collection Set              31 us
[455.656s][info ][gc,stats       ]   Rebuild Free Set                   12 us
[455.656s][info ][gc,stats       ]   Evacuation                        474 us
[455.656s][info ][gc,stats       ]   Manage GCLABs                       2 us
[455.656s][info ][gc,stats       ]   Update References                1272 us
[455.656s][info ][gc,stats       ]   Update Region States              114 us
[455.656s][info ][gc,stats       ]   Trash Collection Set                3 us
[455.656s][info ][gc,stats       ]   Rebuild Free Set                   18 us
[455.656s][info ][gc,stats       ]   Degen Update Roots                237 us, parallelism: 1.17x
[455.656s][info ][gc,stats       ]     DU: <total>                     279 us
[455.656s][info ][gc,stats       ]     DU: Thread Roots                 91 us, workers (us):  23,  36,   0,  25,   7,   0,   0,   0, 
[455.656s][info ][gc,stats       ]     DU: Code Cache Roots            133 us, workers (us):   0,   1, 131,   0,   0,   0,   0,   0, 
[455.656s][info ][gc,stats       ]     DU: VM Strong Roots               5 us, workers (us):   4,   0,   0,   0,   0,   0,   0,   0, 
[455.656s][info ][gc,stats       ]     DU: VM Weak Roots                29 us, workers (us):  15,  10,   2,   0,   1,   0,   0,   0, 
[455.656s][info ][gc,stats       ]     DU: CLDG Roots                   21 us, workers (us):  16,   2,   2,   0,   1,   0,   0,   0, 
[455.656s][info ][gc,stats       ]   Cleanup                            90 us
[455.656s][info ][gc,stats       ]   Pre Heap Dump                       1 us
[455.656s][info ][gc,stats       ]   Prepare                           940 us
[455.656s][info ][gc,stats       ]   Mark                             1018 us, parallelism: 3.55x
[455.656s][info ][gc,stats       ]     FM: <total>                    3611 us
[455.656s][info ][gc,stats       ]     FM: Thread Roots                119 us, workers (us):  56,  38,  18,   1,   0,   2,   0,   2, 
[455.656s][info ][gc,stats       ]     FM: VM Strong Roots               4 us, workers (us):   2,   1,   0,   0,   0,   0,   0,   0, 
[455.656s][info ][gc,stats       ]     FM: CLDG Roots                   61 us, workers (us):   0,   1,  57,   1,   0,   0,   0,   1, 
[455.656s][info ][gc,stats       ]     FM: Parallel Mark              3427 us, workers (us): 425, 467, 451, 468, 441, 383, 394, 398, 
[455.656s][info ][gc,stats       ]     System Purge                    343 us
[455.656s][info ][gc,stats       ]       Weak References               127 us, parallelism: 0.02x
[455.656s][info ][gc,stats       ]         WRP: <total>                  3 us
[455.656s][info ][gc,stats       ]         WRP: Weak References          3 us, workers (us):   2,   0,   0,   0,   0,   0,   0,   0, 
[455.656s][info ][gc,stats       ]       Unload Classes                119 us, parallelism: 1.27x
[455.656s][info ][gc,stats       ]         CU: <total>                 151 us
[455.656s][info ][gc,stats       ]         CU: Unload Code Caches      151 us, workers (us):  51,  46,  38,  14,   0,   0,   0,   0, 
[455.656s][info ][gc,stats       ]       Weak Roots                     95 us, parallelism: 0.26x
[455.656s][info ][gc,stats       ]         WR: <total>                  25 us
[455.656s][info ][gc,stats       ]         WR: VM Weak Roots            25 us, workers (us):  17,   2,   1,   1,   1,   0,   1,   1, 
[455.656s][info ][gc,stats       ]       CLDG                            1 us
[455.656s][info ][gc,stats       ]   Calculate Addresses               435 us
[455.656s][info ][gc,stats       ]     Regular Objects                 315 us
[455.656s][info ][gc,stats       ]     Humongous Objects                83 us
[455.656s][info ][gc,stats       ]   Adjust Pointers                  1010 us
[455.656s][info ][gc,stats       ]     FA: <total>                     187 us
[455.656s][info ][gc,stats       ]     FA: Thread Roots                 35 us, workers (us):  17,   1,  15,   0,   0,   0,   1,   1, 
[455.656s][info ][gc,stats       ]     FA: Code Cache Roots            124 us, workers (us):   0, 123,   0,   0,   0,   0,   0,   0, 
[455.656s][info ][gc,stats       ]     FA: VM Strong Roots               3 us, workers (us):   2,   0,   0,   0,   0,   0,   0,   0, 
[455.656s][info ][gc,stats       ]     FA: VM Weak Roots                17 us, workers (us):  14,   1,   0,   0,   0,   0,   0,   1, 
[455.656s][info ][gc,stats       ]     FA: CLDG Roots                    8 us, workers (us):   7,   1,   0,   0,   0,   0,   0,   0, 
[455.656s][info ][gc,stats       ]   Copy Objects                     1768 us
[455.656s][info ][gc,stats       ]     Regular Objects                 325 us
[455.656s][info ][gc,stats       ]     Humongous Objects                32 us
[455.656s][info ][gc,stats       ]     Reset Complete Bitmap          1317 us
[455.656s][info ][gc,stats       ]     Rebuild Region Sets              92 us
[455.656s][info ][gc,stats       ]   Post Heap Dump                      1 us
[455.656s][info ][gc,stats       ] 
[455.656s][info ][gc,stats       ] Allocation pacing accrued:
[455.656s][info ][gc,stats       ]       0 of    12 ms (  0.0%): <total>
[455.656s][info ][gc,stats       ]       0 of    12 ms (  0.0%): <average total>
[455.656s][info ][gc,stats       ] 
[455.656s][info ][gc,metaspace   ] Metaspace: 253K(448K)->253K(448K) NonClass: 247K(320K)->247K(320K) Class: 5K(128K)->5K(128K)
[455.656s][info ][gc,ergo        ] Pacer for Idle. Initial: 41943K, Alloc Tax Rate: 1.0x
[455.657s][info ][gc             ] Trigger: Handle Allocation Failure
[455.657s][info ][gc,ergo        ] Free: 1520K, Max: 1024K regular, 1024K humongous, Frag: 0% external, 25% internal; Reserve: 103M, Max: 1024K
[455.657s][info ][gc,start       ] GC(28385) Pause Degenerated GC (Outside of Cycle)
[455.657s][info ][gc,task        ] GC(28385) Using 8 of 8 workers for stw degenerated gc
[455.657s][info ][gc,ref         ] GC(28385) Clearing All SoftReferences
[455.658s][info ][gc,ref         ] GC(28385) Encountered references: Soft: 7, Weak: 34, Final: 0, Phantom: 1
[455.658s][info ][gc,ref         ] GC(28385) Discovered  references: Soft: 4, Weak: 9, Final: 0, Phantom: 1
[455.658s][info ][gc,ref         ] GC(28385) Enqueued    references: Soft: 0, Weak: 0, Final: 0, Phantom: 0
[455.658s][debug][gc,phases,start] GC(28385) ClassLoaderData
[455.658s][debug][gc,phases      ] GC(28385) ClassLoaderData 0.014ms
[455.658s][debug][gc,phases,start] GC(28385) Trigger cleanups
[455.658s][debug][gc,phases      ] GC(28385) Trigger cleanups 0.005ms
[455.659s][info ][gc,ergo        ] GC(28385) Adaptive CSet Selection. Target Free: 290M, Actual Free: 104M, Max CSet: 87381K, Min Garbage: 186M
[455.659s][info ][gc,ergo        ] GC(28385) Collectable Garbage: 0B (0%), Immediate: 0B (0%), CSet: 0B (0%)
[455.661s][info ][gc,ergo        ] GC(28385) Bad progress for free space: 1024K, need 20971K
[455.661s][info ][gc             ] GC(28385) Cancelling GC: Upgrade To Full GC
[455.662s][info ][gc,phases,start] GC(28385) Phase 1: Mark live objects
[455.662s][info ][gc,ref         ] GC(28385) Clearing All SoftReferences
[455.662s][info ][gc,ref         ] GC(28385) Clearing All SoftReferences
[455.663s][info ][gc,ref         ] GC(28385) Encountered references: Soft: 7, Weak: 34, Final: 0, Phantom: 1
[455.663s][info ][gc,ref         ] GC(28385) Discovered  references: Soft: 4, Weak: 4, Final: 0, Phantom: 1
[455.663s][info ][gc,ref         ] GC(28385) Enqueued    references: Soft: 0, Weak: 0, Final: 0, Phantom: 0
[455.663s][debug][gc,phases,start] GC(28385) ClassLoaderData
[455.663s][debug][gc,phases      ] GC(28385) ClassLoaderData 0.012ms
[455.663s][debug][gc,phases,start] GC(28385) Trigger cleanups
[455.663s][debug][gc,phases      ] GC(28385) Trigger cleanups 0.005ms
[455.663s][info ][gc,phases      ] GC(28385) Phase 1: Mark live objects 0.912ms
[455.663s][info ][gc,phases,start] GC(28385) Phase 2: Compute new object addresses
[455.663s][info ][gc,phases      ] GC(28385) Phase 2: Compute new object addresses 0.440ms
[455.663s][info ][gc,phases,start] GC(28385) Phase 3: Adjust pointers
[455.664s][info ][gc,phases      ] GC(28385) Phase 3: Adjust pointers 0.947ms
[455.664s][info ][gc,phases,start] GC(28385) Phase 4: Move objects
[455.666s][info ][gc,phases      ] GC(28385) Phase 4: Move objects 1.634ms
[455.666s][info ][gc,ergo        ] GC(28385) Bad progress for free space: 1520K, need 20971K
[455.666s][info ][gc             ] GC(28385) Pause Degenerated GC (Outside of Cycle) 1120M->1120M(2048M) 8.824ms
[455.666s][debug][gc,ergo        ] GC(28385) Margin of error now 3.29
[455.666s][debug][gc,ergo        ] GC(28385) Spike threshold now: 0.32
[455.666s][info ][gc,ergo        ] Free: 1520K, Max: 1024K regular, 1024K humongous, Frag: 0% external, 25% internal; Reserve: 103M, Max: 1024K
[455.666s][info ][gc,stats       ] 
[455.666s][info ][gc,stats       ] All times are wall-clock times, except per-root-class counters, that are sum over
[455.666s][info ][gc,stats       ] all workers. Dividing the <total> over the root stage time estimates parallelism.
[455.666s][info ][gc             ] Failed to allocate Shared, 100M
[455.666s][info ][gc             ] Cancelling GC: Allocation Failure
[455.666s][info ][gc,stats       ] 
[455.666s][info ][gc,stats       ] Pause Degenerated GC (G)           8915 us
[455.666s][info ][gc,stats       ] Pause Degenerated GC (N)           8831 us
[455.666s][info ][gc,stats       ]   Degen STW Mark                    535 us, parallelism: 5.62x
[455.666s][info ][gc,stats       ]     DSM: <total>                   3008 us
[455.666s][info ][gc,stats       ]     DSM: Thread Roots                64 us, workers (us):  28,  25,   7,   1,   1,   1,   1,   1, 
[455.666s][info ][gc,stats       ]     DSM: VM Strong Roots              3 us, workers (us):   0,   0,   2,   0,   0,   0,   0,   0, 
[455.666s][info ][gc,stats       ]     DSM: CLDG Roots                  19 us, workers (us):  16,   0,   1,   0,   1,   0,   0,   0, 
[455.666s][info ][gc,stats       ]     DSM: Parallel Mark             2922 us, workers (us): 328, 432, 379, 400, 327, 379, 370, 308, 
[455.666s][info ][gc,stats       ]     System Purge                    517 us
[455.666s][info ][gc,stats       ]       Weak References               175 us, parallelism: 0.01x
[455.666s][info ][gc,stats       ]         WRP: <total>                  2 us
[455.667s][info ][gc,stats       ]         WRP: Weak References          2 us, workers (us):   2,   0,   0,   0,   0,   0,   0,   0, 
[455.667s][info ][gc,stats       ]       Unload Classes                178 us, parallelism: 1.01x
[455.667s][info ][gc,stats       ]         DCU: <total>                179 us
[455.667s][info ][gc,stats       ]         DCU: Unload Code Caches      179 us, workers (us):  86,  34,  18,  19,  22,   0,   0,   0, 
[455.667s][info ][gc,stats       ]       Weak Roots                    163 us, parallelism: 0.13x
[455.667s][info ][gc,stats       ]         DWR: <total>                 21 us
[455.667s][info ][gc,stats       ]         DWR: VM Weak Roots           21 us, workers (us):  13,   4,   1,   1,   1,   1,   1,   1, 
[455.667s][info ][gc,stats       ]       CLDG                            1 us
[455.667s][info ][gc,stats       ]   Update Region States              172 us
[455.667s][info ][gc,stats       ]   Manage GC/TLABs                     3 us
[455.667s][info ][gc,stats       ]   Choose Collection Set              41 us
[455.667s][info ][gc,stats       ]   Rebuild Free Set                   10 us
[455.667s][info ][gc,stats       ]   Evacuation                        461 us
[455.667s][info ][gc,stats       ]   Manage GCLABs                       2 us
[455.667s][info ][gc,stats       ]   Update References                1155 us
[455.667s][info ][gc,stats       ]   Update Region States               96 us
[455.667s][info ][gc,stats       ]   Trash Collection Set                2 us
[455.667s][info ][gc,stats       ]   Rebuild Free Set                   13 us
[455.667s][info ][gc,stats       ]   Degen Update Roots                229 us, parallelism: 1.19x
[455.667s][info ][gc,stats       ]     DU: <total>                     274 us
[455.667s][info ][gc,stats       ]     DU: Thread Roots                 86 us, workers (us):  21,   0,  34,  21,   9,   0,   0,   1, 
[455.667s][info ][gc,stats       ]     DU: Code Cache Roots            136 us, workers (us):   0, 134,   0,   0,   0,   0,   0,   0, 
[455.667s][info ][gc,stats       ]     DU: VM Strong Roots               5 us, workers (us):   4,   0,   0,   0,   0,   0,   0,   0, 
[455.667s][info ][gc,stats       ]     DU: VM Weak Roots                28 us, workers (us):  16,  10,   0,   0,   0,   0,   0,   1, 
[455.667s][info ][gc,stats       ]     DU: CLDG Roots                   19 us, workers (us):  15,   2,   0,   0,   0,   0,   0,   1, 
[455.667s][info ][gc,stats       ]   Cleanup                            84 us
[455.667s][info ][gc,stats       ]   Pre Heap Dump                       1 us
[455.667s][info ][gc,stats       ]   Prepare                           885 us
[455.667s][info ][gc,stats       ]   Mark                              870 us, parallelism: 2.97x
[455.667s][info ][gc,stats       ]     FM: <total>                    2581 us
[455.667s][info ][gc,stats       ]     FM: Thread Roots                 73 us, workers (us):  34,  26,   9,   1,   1,   1,   1,   1, 
[455.667s][info ][gc,stats       ]     FM: VM Strong Roots               3 us, workers (us):   2,   1,   0,   0,   0,   0,   0,   0, 
[455.667s][info ][gc,stats       ]     FM: CLDG Roots                   20 us, workers (us):   1,   0,  17,   0,   0,   0,   0,   0, 
[455.667s][info ][gc,stats       ]     FM: Parallel Mark              2485 us, workers (us): 335, 345, 302, 331, 339, 316, 262, 255, 
[455.667s][info ][gc,stats       ]     System Purge                    381 us
[455.667s][info ][gc,stats       ]       Weak References               135 us, parallelism: 0.02x
[455.667s][info ][gc,stats       ]         WRP: <total>                  2 us
[455.667s][info ][gc,stats       ]         WRP: Weak References          2 us, workers (us):   2,   0,   0,   0,   0,   0,   0,   0, 
[455.667s][info ][gc,stats       ]       Unload Classes                130 us, parallelism: 1.14x
[455.667s][info ][gc,stats       ]         CU: <total>                 149 us
[455.667s][info ][gc,stats       ]         CU: Unload Code Caches      149 us, workers (us):  57,  53,  39,   0,   0,   0,   0,   0, 
[455.667s][info ][gc,stats       ]       Weak Roots                    112 us, parallelism: 0.20x
[455.667s][info ][gc,stats       ]         WR: <total>                  23 us
[455.667s][info ][gc,stats       ]         WR: VM Weak Roots            23 us, workers (us):  14,   4,   1,   0,   1,   1,   1,   1, 
[455.667s][info ][gc,stats       ]       CLDG                            1 us
[455.667s][info ][gc,stats       ]   Calculate Addresses               434 us
[455.667s][info ][gc,stats       ]     Regular Objects                 308 us
[455.667s][info ][gc,stats       ]     Humongous Objects                76 us
[455.667s][info ][gc,stats       ]   Adjust Pointers                   941 us
[455.667s][info ][gc,stats       ]     FA: <total>                     177 us
[455.667s][info ][gc,stats       ]     FA: Thread Roots                 54 us, workers (us):  26,   0,  21,   6,   0,   0,   0,   0, 
[455.667s][info ][gc,stats       ]     FA: Code Cache Roots             94 us, workers (us):   0,  93,   0,   0,   0,   0,   0,   0, 
[455.667s][info ][gc,stats       ]     FA: VM Strong Roots               3 us, workers (us):   1,   1,   0,   0,   0,   0,   0,   0, 
[455.667s][info ][gc,stats       ]     FA: VM Weak Roots                17 us, workers (us):   8,   7,   1,   0,   0,   1,   0,   0, 
[455.667s][info ][gc,stats       ]     FA: CLDG Roots                   10 us, workers (us):   8,   1,   1,   0,   0,   0,   0,   0, 
[455.667s][info ][gc,stats       ]   Copy Objects                     1628 us
[455.667s][info ][gc,stats       ]     Regular Objects                 346 us
[455.667s][info ][gc,stats       ]     Humongous Objects                40 us
[455.667s][info ][gc,stats       ]     Reset Complete Bitmap          1203 us
[455.667s][info ][gc,stats       ]     Rebuild Region Sets              38 us
[455.667s][info ][gc,stats       ]   Post Heap Dump                      1 us
[455.667s][info ][gc,stats       ] 
[455.667s][info ][gc,stats       ] Allocation pacing accrued:
[455.667s][info ][gc,stats       ]       0 of    11 ms (  0.0%): <total>
[455.667s][info ][gc,stats       ]       0 of    11 ms (  0.0%): <average total>
[455.667s][info ][gc,stats       ] 
[455.667s][info ][gc,metaspace   ] Metaspace: 253K(448K)->253K(448K) NonClass: 247K(320K)->247K(320K) Class: 5K(128K)->5K(128K)
[455.667s][info ][gc,ergo        ] Pacer for Idle. Initial: 41943K, Alloc Tax Rate: 1.0x
[455.668s][info ][gc             ] Trigger: Handle Allocation Failure
[455.668s][info ][gc,ergo        ] Free: 1520K, Max: 1024K regular, 1024K humongous, Frag: 0% external, 25% internal; Reserve: 103M, Max: 1024K
[455.668s][info ][gc,start       ] GC(28386) Pause Full
[455.668s][info ][gc,task        ] GC(28386) Using 8 of 8 workers for full gc
[455.668s][info ][gc,phases,start] GC(28386) Phase 1: Mark live objects
[455.668s][info ][gc,ref         ] GC(28386) Clearing All SoftReferences
[455.668s][info ][gc,ref         ] GC(28386) Clearing All SoftReferences
[455.669s][info ][gc,ref         ] GC(28386) Encountered references: Soft: 7, Weak: 34, Final: 0, Phantom: 1
[455.669s][info ][gc,ref         ] GC(28386) Discovered  references: Soft: 4, Weak: 9, Final: 0, Phantom: 1
[455.669s][info ][gc,ref         ] GC(28386) Enqueued    references: Soft: 0, Weak: 0, Final: 0, Phantom: 0
[455.669s][debug][gc,phases,start] GC(28386) ClassLoaderData
[455.669s][debug][gc,phases      ] GC(28386) ClassLoaderData 0.011ms
[455.669s][debug][gc,phases,start] GC(28386) Trigger cleanups
[455.669s][debug][gc,phases      ] GC(28386) Trigger cleanups 0.005ms
[455.669s][info ][gc,phases      ] GC(28386) Phase 1: Mark live objects 0.900ms
[455.669s][info ][gc,phases,start] GC(28386) Phase 2: Compute new object addresses
[455.670s][info ][gc,phases      ] GC(28386) Phase 2: Compute new object addresses 0.368ms
[455.670s][info ][gc,phases,start] GC(28386) Phase 3: Adjust pointers
[455.670s][info ][gc,phases      ] GC(28386) Phase 3: Adjust pointers 0.962ms
[455.671s][info ][gc,phases,start] GC(28386) Phase 4: Move objects
[455.672s][info ][gc,phases      ] GC(28386) Phase 4: Move objects 1.975ms
[455.673s][info ][gc,ergo        ] GC(28386) Bad progress for free space: 1520K, need 20971K
[455.673s][info ][gc             ] GC(28386) Pause Full 1120M->1120M(2048M) 4.593ms
[455.673s][debug][gc,ergo        ] GC(28386) Margin of error now 3.29
[455.673s][debug][gc,ergo        ] GC(28386) Spike threshold now: 0.32
[455.673s][info ][gc,ergo        ] Free: 1520K, Max: 1024K regular, 1024K humongous, Frag: 0% external, 25% internal; Reserve: 103M, Max: 1024K
[455.673s][info ][gc,stats       ] 
[455.673s][info ][gc,stats       ] All times are wall-clock times, except per-root-class counters, that are sum over
[455.673s][info ][gc,stats       ] all workers. Dividing the <total> over the root stage time estimates parallelism.
[455.673s][info ][gc,stats       ] 
[455.673s][info ][gc,stats       ] Pause Full GC (G)                  4688 us
[455.673s][info ][gc,stats       ] Pause Full GC (N)                  4603 us
[455.673s][info ][gc,stats       ]   Pre Heap Dump                       0 us
[455.673s][info ][gc,stats       ]   Prepare                           134 us
[455.673s][info ][gc,stats       ]   Mark                              890 us, parallelism: 2.90x
[455.673s][info ][gc,stats       ]     FM: <total>                    2576 us
[455.673s][info ][gc,stats       ]     FM: Thread Roots                 55 us, workers (us):  28,  18,   5,   1,   1,   1,   1,   0, 
[455.673s][info ][gc             ] Failed to allocate Shared, 1024K
[455.673s][info ][gc             ] Cancelling GC: Allocation Failure
[455.673s][info ][gc,stats       ]     FM: VM Strong Roots               3 us, workers (us):   1,   0,   1,   0,   0,   0,   0,   0, 
[455.673s][info ][gc,stats       ]     FM: CLDG Roots                   14 us, workers (us):   0,  11,   0,   0,   0,   1,   0,   0, 
[455.673s][info ][gc,stats       ]     FM: Parallel Mark              2503 us, workers (us): 396, 286, 347, 312, 347, 238, 256, 320, 
[455.673s][info ][gc,stats       ]     System Purge                    380 us
[455.673s][info ][gc,stats       ]       Weak References               130 us, parallelism: 0.02x
[455.673s][info ][gc,stats       ]         WRP: <total>                  2 us
[455.673s][info ][gc,stats       ]         WRP: Weak References          2 us, workers (us):   1,   0,   0,   0,   0,   0,   0,   0, 
[455.673s][info ][gc,stats       ]       Unload Classes                138 us, parallelism: 0.99x
[455.673s][info ][gc,stats       ]         CU: <total>                 137 us
[455.673s][info ][gc,stats       ]         CU: Unload Code Caches      137 us, workers (us):  61,  44,  32,   0,   0,   0,   0,   0, 
[455.673s][info ][gc,stats       ]       Weak Roots                    111 us, parallelism: 0.16x
[455.673s][info ][gc,stats       ]         WR: <total>                  18 us
[455.673s][info ][gc,stats       ]         WR: VM Weak Roots            18 us, workers (us):  12,   2,   1,   1,   1,   1,   1,   1, 
[455.673s][info ][gc,stats       ]       CLDG                            0 us
[455.673s][info ][gc,stats       ]   Calculate Addresses               362 us
[455.673s][info ][gc,stats       ]     Regular Objects                 269 us
[455.673s][info ][gc,stats       ]     Humongous Objects                49 us
[455.673s][info ][gc,stats       ]   Adjust Pointers                   956 us
[455.673s][info ][gc,stats       ]     FA: <total>                     199 us
[455.673s][info ][gc,stats       ]     FA: Thread Roots                 39 us, workers (us):  22,   0,  15,   0,   0,   0,   0,   0, 
[455.673s][info ][gc,stats       ]     FA: Code Cache Roots            136 us, workers (us):   0, 135,   0,   0,   0,   0,   0,   0, 
[455.673s][info ][gc,stats       ]     FA: VM Strong Roots               2 us, workers (us):   2,   0,   0,   0,   0,   0,   0,   0, 
[455.673s][info ][gc,stats       ]     FA: VM Weak Roots                12 us, workers (us):  10,   0,   0,   0,   0,   0,   0,   0, 
[455.673s][info ][gc,stats       ]     FA: CLDG Roots                   11 us, workers (us):   9,   0,   0,   0,   0,   0,   0,   0, 
[455.673s][info ][gc,stats       ]   Copy Objects                     1969 us
[455.673s][info ][gc,stats       ]     Regular Objects                 308 us
[455.673s][info ][gc,stats       ]     Humongous Objects                31 us
[455.673s][info ][gc,stats       ]     Reset Complete Bitmap          1588 us
[455.673s][info ][gc,stats       ]     Rebuild Region Sets              42 us
[455.673s][info ][gc,stats       ]   Post Heap Dump                      0 us
[455.673s][info ][gc,stats       ] 
[455.673s][info ][gc,stats       ] Allocation pacing accrued:
[455.673s][info ][gc,stats       ]       0 of     6 ms (  0.0%): <total>
[455.673s][info ][gc,stats       ]       0 of     6 ms (  0.0%): <average total>
[455.673s][info ][gc,stats       ] 
[455.673s][info ][gc,metaspace   ] Metaspace: 253K(448K)->253K(448K) NonClass: 247K(320K)->247K(320K) Class: 5K(128K)->5K(128K)
[455.673s][info ][gc,ergo        ] Pacer for Idle. Initial: 41943K, Alloc Tax Rate: 1.0x
[455.674s][info ][gc             ] Trigger: Handle Allocation Failure
[455.674s][info ][gc,ergo        ] Free: 1520K, Max: 1024K regular, 1024K humongous, Frag: 0% external, 25% internal; Reserve: 103M, Max: 1024K
[455.674s][info ][gc,start       ] GC(28387) Pause Degenerated GC (Outside of Cycle)
[455.674s][info ][gc,task        ] GC(28387) Using 8 of 8 workers for stw degenerated gc
[455.675s][info ][gc,ref         ] GC(28387) Clearing All SoftReferences
[455.675s][info ][gc,ref         ] GC(28387) Encountered references: Soft: 7, Weak: 34, Final: 0, Phantom: 1
[455.675s][info ][gc,ref         ] GC(28387) Discovered  references: Soft: 4, Weak: 17, Final: 0, Phantom: 1
[455.675s][info ][gc,ref         ] GC(28387) Enqueued    references: Soft: 0, Weak: 0, Final: 0, Phantom: 0
[455.675s][debug][gc,phases,start] GC(28387) ClassLoaderData
[455.675s][debug][gc,phases      ] GC(28387) ClassLoaderData 0.012ms
[455.675s][debug][gc,phases,start] GC(28387) Trigger cleanups
[455.675s][debug][gc,phases      ] GC(28387) Trigger cleanups 0.005ms
[455.676s][info ][gc,ergo        ] GC(28387) Adaptive CSet Selection. Target Free: 290M, Actual Free: 104M, Max CSet: 87381K, Min Garbage: 186M
[455.676s][info ][gc,ergo        ] GC(28387) Collectable Garbage: 0B (0%), Immediate: 0B (0%), CSet: 0B (0%)
[455.678s][info ][gc,ergo        ] GC(28387) Bad progress for free space: 1024K, need 20971K
[455.678s][info ][gc             ] GC(28387) Cancelling GC: Upgrade To Full GC
[455.679s][info ][gc,phases,start] GC(28387) Phase 1: Mark live objects
[455.679s][info ][gc,ref         ] GC(28387) Clearing All SoftReferences
[455.679s][info ][gc,ref         ] GC(28387) Clearing All SoftReferences
[455.680s][info ][gc,ref         ] GC(28387) Encountered references: Soft: 7, Weak: 34, Final: 0, Phantom: 1
[455.680s][info ][gc,ref         ] GC(28387) Discovered  references: Soft: 4, Weak: 1, Final: 0, Phantom: 0
[455.680s][info ][gc,ref         ] GC(28387) Enqueued    references: Soft: 0, Weak: 0, Final: 0, Phantom: 0
[455.680s][debug][gc,phases,start] GC(28387) ClassLoaderData
[455.680s][debug][gc,phases      ] GC(28387) ClassLoaderData 0.013ms
[455.680s][debug][gc,phases,start] GC(28387) Trigger cleanups
[455.680s][debug][gc,phases      ] GC(28387) Trigger cleanups 0.005ms
[455.680s][info ][gc,phases      ] GC(28387) Phase 1: Mark live objects 1.037ms
[455.680s][info ][gc,phases,start] GC(28387) Phase 2: Compute new object addresses
[455.680s][info ][gc,phases      ] GC(28387) Phase 2: Compute new object addresses 0.444ms
[455.680s][info ][gc,phases,start] GC(28387) Phase 3: Adjust pointers
[455.681s][info ][gc,phases      ] GC(28387) Phase 3: Adjust pointers 0.976ms
[455.681s][info ][gc,phases,start] GC(28387) Phase 4: Move objects
[455.683s][info ][gc,phases      ] GC(28387) Phase 4: Move objects 1.670ms
[455.683s][info ][gc,ergo        ] GC(28387) Bad progress for free space: 1520K, need 20971K
[455.683s][info ][gc             ] GC(28387) Pause Degenerated GC (Outside of Cycle) 1120M->1120M(2048M) 8.836ms
[455.683s][debug][gc,ergo        ] GC(28387) Margin of error now 3.29
[455.683s][debug][gc,ergo        ] GC(28387) Spike threshold now: 0.32
[455.683s][info ][gc,ergo        ] Free: 1520K, Max: 1024K regular, 1024K humongous, Frag: 0% external, 25% internal; Reserve: 103M, Max: 1024K
[455.684s][info ][gc,stats       ] 
[455.684s][info ][gc,stats       ] All times are wall-clock times, except per-root-class counters, that are sum over
[455.684s][info ][gc,stats       ] all workers. Dividing the <total> over the root stage time estimates parallelism.
[455.684s][info ][gc,stats       ] 
[455.684s][info ][gc             ] Failed to allocate Shared, 1024K
[455.684s][info ][gc             ] Cancelling GC: Allocation Failure
[455.684s][info ][gc,stats       ] Pause Degenerated GC (G)           8936 us
[455.684s][info ][gc,stats       ] Pause Degenerated GC (N)           8843 us
[455.684s][info ][gc,stats       ]   Degen STW Mark                    473 us, parallelism: 5.03x
[455.684s][info ][gc,stats       ]     DSM: <total>                   2378 us
[455.684s][info ][gc,stats       ]     DSM: Thread Roots                68 us, workers (us):  40,  23,   1,   1,   1,   1,   0,   1, 
[455.684s][info ][gc,stats       ]     DSM: VM Strong Roots              3 us, workers (us):   0,   1,   1,   0,   0,   0,   0,   0, 
[455.684s][info ][gc,stats       ]     DSM: CLDG Roots                  31 us, workers (us):  28,   0,   1,   0,   0,   0,   0,   0, 
[455.684s][info ][gc,stats       ]     DSM: Parallel Mark             2277 us, workers (us): 279, 330, 341, 290, 281, 281, 234, 241, 
[455.684s][info ][gc,stats       ]     System Purge                    439 us
[455.684s][info ][gc,stats       ]       Weak References               152 us, parallelism: 0.02x
[455.684s][info ][gc,stats       ]         WRP: <total>                  3 us
[455.684s][info ][gc,stats       ]         WRP: Weak References          3 us, workers (us):   3,   0,   0,   0,   0,   0,   0,   0, 
[455.684s][info ][gc,stats       ]       Unload Classes                163 us, parallelism: 1.81x
[455.684s][info ][gc,stats       ]         DCU: <total>                296 us
[455.684s][info ][gc,stats       ]         DCU: Unload Code Caches      296 us, workers (us):  89,  85,  73,  48,   1,   0,   0,   0, 
[455.684s][info ][gc,stats       ]       Weak Roots                    121 us, parallelism: 0.19x
[455.684s][info ][gc,stats       ]         DWR: <total>                 23 us
[455.684s][info ][gc,stats       ]         DWR: VM Weak Roots           23 us, workers (us):  16,   2,   1,   1,   1,   1,   1,   1, 
[455.684s][info ][gc,stats       ]       CLDG                            1 us
[455.684s][info ][gc,stats       ]   Update Region States              111 us
[455.684s][info ][gc,stats       ]   Manage GC/TLABs                     3 us
[455.684s][info ][gc,stats       ]   Choose Collection Set              35 us
[455.684s][info ][gc,stats       ]   Rebuild Free Set                   12 us
[455.684s][info ][gc,stats       ]   Evacuation                        462 us
[455.684s][info ][gc,stats       ]   Manage GCLABs                       3 us
[455.684s][info ][gc,stats       ]   Update References                1120 us
[455.684s][info ][gc,stats       ]   Update Region States              113 us
[455.684s][info ][gc,stats       ]   Trash Collection Set                3 us
[455.684s][info ][gc,stats       ]   Rebuild Free Set                   20 us
[455.684s][info ][gc,stats       ]   Degen Update Roots                305 us, parallelism: 1.13x
[455.684s][info ][gc,stats       ]     DU: <total>                     345 us
[455.684s][info ][gc,stats       ]     DU: Thread Roots                 88 us, workers (us):  33,   1,  20,  21,  12,   1,   0,   0, 
[455.684s][info ][gc,stats       ]     DU: Code Cache Roots            202 us, workers (us):   0, 201,   0,   0,   0,   0,   0,   0, 
[455.684s][info ][gc,stats       ]     DU: VM Strong Roots               6 us, workers (us):   4,   0,   0,   0,   0,   0,   0,   0, 
[455.684s][info ][gc,stats       ]     DU: VM Weak Roots                29 us, workers (us):  14,  10,   3,   1,   0,   0,   0,   0, 
[455.684s][info ][gc,stats       ]     DU: CLDG Roots                   20 us, workers (us):   2,   2,  15,   1,   0,   0,   0,   0, 
[455.684s][info ][gc,stats       ]   Cleanup                            90 us
[455.684s][info ][gc,stats       ]   Pre Heap Dump                       1 us
[455.684s][info ][gc,stats       ]   Prepare                           771 us
[455.684s][info ][gc,stats       ]   Mark                             1005 us, parallelism: 3.24x
[455.684s][info ][gc,stats       ]     FM: <total>                    3259 us
[455.684s][info ][gc,stats       ]     FM: Thread Roots                 80 us, workers (us):  40,  22,  11,   2,   1,   1,   2,   1, 
[455.684s][info ][gc,stats       ]     FM: VM Strong Roots               4 us, workers (us):   2,   1,   0,   0,   0,   0,   0,   0, 
[455.684s][info ][gc,stats       ]     FM: CLDG Roots                   29 us, workers (us):   0,   0,  26,   1,   1,   1,   0,   1, 
[455.684s][info ][gc,stats       ]     FM: Parallel Mark              3146 us, workers (us): 436, 401, 395, 423, 413, 374, 386, 317, 
[455.684s][info ][gc,stats       ]     System Purge                    441 us
[455.684s][info ][gc,stats       ]       Weak References               170 us, parallelism: 0.01x
[455.684s][info ][gc,stats       ]         WRP: <total>                  2 us
[455.684s][info ][gc,stats       ]         WRP: Weak References          2 us, workers (us):   1,   0,   0,   0,   0,   0,   0,   0, 
[455.684s][info ][gc,stats       ]       Unload Classes                149 us, parallelism: 1.64x
[455.684s][info ][gc,stats       ]         CU: <total>                 244 us
[455.684s][info ][gc,stats       ]         CU: Unload Code Caches      244 us, workers (us):  75,  70,  49,  35,  16,   0,   0,   0, 
[455.684s][info ][gc,stats       ]       Weak Roots                    119 us, parallelism: 0.23x
[455.684s][info ][gc,stats       ]         WR: <total>                  27 us
[455.684s][info ][gc,stats       ]         WR: VM Weak Roots            27 us, workers (us):  19,   3,   1,   1,   1,   1,   1,   1, 
[455.684s][info ][gc,stats       ]       CLDG                            1 us
[455.684s][info ][gc,stats       ]   Calculate Addresses               439 us
[455.684s][info ][gc,stats       ]     Regular Objects                 320 us
[455.684s][info ][gc,stats       ]     Humongous Objects                76 us
[455.684s][info ][gc,stats       ]   Adjust Pointers                   969 us
[455.684s][info ][gc,stats       ]     FA: <total>                     191 us
[455.684s][info ][gc,stats       ]     FA: Thread Roots                 40 us, workers (us):   1,  20,  18,   0,   0,   0,   1,   0, 
[455.684s][info ][gc,stats       ]     FA: Code Cache Roots            123 us, workers (us): 122,   0,   0,   0,   0,   0,   0,   0, 
[455.684s][info ][gc,stats       ]     FA: VM Strong Roots               3 us, workers (us):   2,   0,   0,   0,   0,   0,   0,   0, 
[455.684s][info ][gc,stats       ]     FA: VM Weak Roots                16 us, workers (us):  15,   0,   0,   0,   0,   0,   1,   0, 
[455.684s][info ][gc,stats       ]     FA: CLDG Roots                    9 us, workers (us):   7,   0,   0,   0,   0,   0,   1,   0, 
[455.684s][info ][gc,stats       ]   Copy Objects                     1662 us
[455.684s][info ][gc,stats       ]     Regular Objects                 344 us
[455.684s][info ][gc,stats       ]     Humongous Objects                31 us
[455.684s][info ][gc,stats       ]     Reset Complete Bitmap          1245 us
[455.684s][info ][gc,stats       ]     Rebuild Region Sets              41 us
[455.684s][info ][gc,stats       ]   Post Heap Dump                      0 us
[455.684s][info ][gc,stats       ] 
[455.684s][info ][gc,stats       ] Allocation pacing accrued:
[455.684s][info ][gc,stats       ]       0 of    11 ms (  0.0%): <total>
[455.684s][info ][gc,stats       ]       0 of    11 ms (  0.0%): <average total>
[455.684s][info ][gc,stats       ] 
[455.684s][info ][gc,metaspace   ] Metaspace: 253K(448K)->253K(448K) NonClass: 247K(320K)->247K(320K) Class: 5K(128K)->5K(128K)
[455.684s][info ][gc,ergo        ] Pacer for Idle. Initial: 41943K, Alloc Tax Rate: 1.0x
[455.685s][info ][gc             ] Trigger: Handle Allocation Failure
[455.685s][info ][gc,ergo        ] Free: 1520K, Max: 1024K regular, 1024K humongous, Frag: 0% external, 25% internal; Reserve: 103M, Max: 1024K
[455.685s][info ][gc,start       ] GC(28388) Pause Degenerated GC (Outside of Cycle)
[455.685s][info ][gc,task        ] GC(28388) Using 8 of 8 workers for stw degenerated gc
[455.685s][info ][gc,ref         ] GC(28388) Clearing All SoftReferences
[455.686s][info ][gc,ref         ] GC(28388) Encountered references: Soft: 7, Weak: 34, Final: 0, Phantom: 1
[455.686s][info ][gc,ref         ] GC(28388) Discovered  references: Soft: 4, Weak: 4, Final: 0, Phantom: 0
[455.686s][info ][gc,ref         ] GC(28388) Enqueued    references: Soft: 0, Weak: 0, Final: 0, Phantom: 0
[455.686s][debug][gc,phases,start] GC(28388) ClassLoaderData
[455.686s][debug][gc,phases      ] GC(28388) ClassLoaderData 0.011ms
[455.686s][debug][gc,phases,start] GC(28388) Trigger cleanups
[455.686s][debug][gc,phases      ] GC(28388) Trigger cleanups 0.005ms
[455.686s][info ][gc,ergo        ] GC(28388) Adaptive CSet Selection. Target Free: 290M, Actual Free: 104M, Max CSet: 87381K, Min Garbage: 186M
[455.686s][info ][gc,ergo        ] GC(28388) Collectable Garbage: 0B (0%), Immediate: 0B (0%), CSet: 0B (0%)
[455.689s][info ][gc,ergo        ] GC(28388) Bad progress for free space: 1024K, need 20971K
[455.689s][info ][gc             ] GC(28388) Cancelling GC: Upgrade To Full GC
[455.690s][info ][gc,phases,start] GC(28388) Phase 1: Mark live objects
[455.690s][info ][gc,ref         ] GC(28388) Clearing All SoftReferences
[455.690s][info ][gc,ref         ] GC(28388) Clearing All SoftReferences
[455.691s][info ][gc,ref         ] GC(28388) Encountered references: Soft: 7, Weak: 34, Final: 0, Phantom: 1
[455.691s][info ][gc,ref         ] GC(28388) Discovered  references: Soft: 4, Weak: 1, Final: 0, Phantom: 0
[455.691s][info ][gc,ref         ] GC(28388) Enqueued    references: Soft: 0, Weak: 0, Final: 0, Phantom: 0
[455.691s][debug][gc,phases,start] GC(28388) ClassLoaderData
[455.691s][debug][gc,phases      ] GC(28388) ClassLoaderData 0.012ms
[455.691s][debug][gc,phases,start] GC(28388) Trigger cleanups
[455.691s][debug][gc,phases      ] GC(28388) Trigger cleanups 0.004ms
[455.691s][info ][gc,phases      ] GC(28388) Phase 1: Mark live objects 1.074ms
[455.691s][info ][gc,phases,start] GC(28388) Phase 2: Compute new object addresses
[455.692s][info ][gc,phases      ] GC(28388) Phase 2: Compute new object addresses 0.415ms
[455.692s][info ][gc,phases,start] GC(28388) Phase 3: Adjust pointers
[455.693s][info ][gc,phases      ] GC(28388) Phase 3: Adjust pointers 1.090ms
[455.693s][info ][gc,phases,start] GC(28388) Phase 4: Move objects
[455.695s][info ][gc,phases      ] GC(28388) Phase 4: Move objects 1.662ms
[455.695s][info ][gc,ergo        ] GC(28388) Bad progress for free space: 1520K, need 20971K
[455.695s][info ][gc             ] GC(28388) Pause Degenerated GC (Outside of Cycle) 1120M->1120M(2048M) 9.628ms
[455.695s][debug][gc,ergo        ] GC(28388) Margin of error now 3.29
[455.695s][debug][gc,ergo        ] GC(28388) Spike threshold now: 0.32
[455.695s][info ][gc,ergo        ] Free: 1520K, Max: 1024K regular, 1024K humongous, Frag: 0% external, 25% internal; Reserve: 103M, Max: 1024K
[455.695s][info ][gc,stats       ] 
[455.695s][info ][gc,stats       ] All times are wall-clock times, except per-root-class counters, that are sum over
[455.695s][info ][gc,stats       ] all workers. Dividing the <total> over the root stage time estimates parallelism.
[455.695s][info ][gc,stats       ] 
[455.695s][info ][gc,stats       ] Pause Degenerated GC (G)           9721 us
[455.695s][info ][gc,stats       ] Pause Degenerated GC (N)           9633 us
[455.695s][info ][gc,stats       ]   Degen STW Mark                    464 us, parallelism: 5.26x
[455.695s][info ][gc,stats       ]     DSM: <total>                   2442 us
[455.695s][info ][gc,stats       ]     DSM: Thread Roots                58 us, workers (us):  32,  17,   6,   1,   1,   1,   1,   0, 
[455.695s][info ][gc,stats       ]     DSM: VM Strong Roots              3 us, workers (us):   1,   1,   0,   0,   0,   0,   0,   0, 
[455.695s][info ][gc,stats       ]     DSM: CLDG Roots                  16 us, workers (us):   0,   0,  13,   1,   1,   0,   1,   0, 
[455.695s][info ][gc,stats       ]     DSM: Parallel Mark             2364 us, workers (us): 295, 320, 346, 295, 314, 289, 292, 213, 
[455.695s][info ][gc,stats       ]     System Purge                    402 us
[455.695s][info ][gc,stats       ]       Weak References               143 us, parallelism: 0.02x
[455.695s][info ][gc,stats       ]         WRP: <total>                  2 us
[455.695s][info ][gc,stats       ]         WRP: Weak References          2 us, workers (us):   2,   0,   0,   0,   0,   0,   0,   0, 
[455.695s][info ][gc,stats       ]       Unload Classes                143 us, parallelism: 1.14x
[455.695s][info ][gc,stats       ]         DCU: <total>                163 us
[455.695s][info ][gc,stats       ]         DCU: Unload Code Caches      163 us, workers (us):  63,  49,  34,  16,   0,   0,   0,   0, 
[455.695s][info ][gc,stats       ]       Weak Roots                    114 us, parallelism: 0.17x
[455.695s][info ][gc,stats       ]         DWR: <total>                 20 us
[455.695s][info ][gc,stats       ]         DWR: VM Weak Roots           20 us, workers (us):  14,   0,   0,   1,   1,   1,   1,   1, 
[455.695s][info ][gc,stats       ]       CLDG                            1 us
[455.695s][info ][gc,stats       ]   Update Region States              112 us
[455.695s][info ][gc,stats       ]   Manage GC/TLABs                     2 us
[455.695s][info ][gc,stats       ]   Choose Collection Set              30 us
[455.695s][info ][gc,stats       ]   Rebuild Free Set                   13 us
[455.695s][info ][gc,stats       ]   Evacuation                        479 us
[455.695s][info ][gc,stats       ]   Manage GCLABs                       4 us
[455.695s][info ][gc,stats       ]   Update References                1295 us
[455.695s][info ][gc,stats       ]   Update Region States              121 us
[455.695s][info ][gc,stats       ]   Trash Collection Set                2 us
[455.695s][info ][gc,stats       ]   Rebuild Free Set                   17 us
[455.695s][info ][gc             ] Failed to allocate Shared, 1024K
[455.695s][info ][gc             ] Cancelling GC: Allocation Failure
[455.695s][info ][gc,stats       ]   Degen Update Roots                250 us, parallelism: 1.16x
[455.695s][info ][gc,stats       ]     DU: <total>                     291 us
[455.695s][info ][gc,stats       ]     DU: Thread Roots                 87 us, workers (us):   1,  21,  33,  25,   7,   0,   0,   0, 
[455.695s][info ][gc,stats       ]     DU: Code Cache Roots            150 us, workers (us): 149,   0,   0,   0,   0,   0,   0,   0, 
[455.695s][info ][gc,stats       ]     DU: VM Strong Roots               6 us, workers (us):   4,   0,   0,   0,   0,   0,   0,   0, 
[455.695s][info ][gc,stats       ]     DU: VM Weak Roots                27 us, workers (us):  15,  10,   1,   0,   1,   0,   0,   0, 
[455.695s][info ][gc,stats       ]     DU: CLDG Roots                   21 us, workers (us):   2,  17,   1,   0,   1,   0,   0,   0, 
[455.695s][info ][gc,stats       ]   Cleanup                            90 us
[455.695s][info ][gc,stats       ]   Pre Heap Dump                       1 us
[455.695s][info ][gc,stats       ]   Prepare                          1351 us
[455.695s][info ][gc,stats       ]   Mark                              979 us, parallelism: 3.19x
[455.695s][info ][gc,stats       ]     FM: <total>                    3121 us
[455.695s][info ][gc,stats       ]     FM: Thread Roots                 75 us, workers (us):  39,  21,   9,   1,   1,   1,   1,   1, 
[455.695s][info ][gc,stats       ]     FM: VM Strong Roots               4 us, workers (us):   2,   1,   0,   0,   0,   0,   0,   0, 
[455.695s][info ][gc,stats       ]     FM: CLDG Roots                   19 us, workers (us):   0,   0,  15,   1,   1,   1,   1,   1, 
[455.695s][info ][gc,stats       ]     FM: Parallel Mark              3024 us, workers (us): 338, 425, 412, 415, 337, 388, 358, 351, 
[455.695s][info ][gc,stats       ]     System Purge                    407 us
[455.695s][info ][gc,stats       ]       Weak References               131 us, parallelism: 0.01x
[455.695s][info ][gc,stats       ]         WRP: <total>                  2 us
[455.695s][info ][gc,stats       ]         WRP: Weak References          2 us, workers (us):   1,   0,   0,   0,   0,   0,   0,   0, 
[455.695s][info ][gc,stats       ]       Unload Classes                156 us, parallelism: 1.07x
[455.695s][info ][gc,stats       ]         CU: <total>                 167 us
[455.695s][info ][gc,stats       ]         CU: Unload Code Caches      167 us, workers (us):  69,  52,  40,   6,   0,   0,   0,   0, 
[455.695s][info ][gc,stats       ]       Weak Roots                    118 us, parallelism: 0.16x
[455.695s][info ][gc,stats       ]         WR: <total>                  19 us
[455.695s][info ][gc,stats       ]         WR: VM Weak Roots            19 us, workers (us):  14,   1,   0,   1,   0,   0,   1,   1, 
[455.695s][info ][gc,stats       ]       CLDG                            1 us
[455.695s][info ][gc,stats       ]   Calculate Addresses               409 us
[455.695s][info ][gc,stats       ]     Regular Objects                 296 us
[455.695s][info ][gc,stats       ]     Humongous Objects                51 us
[455.696s][info ][gc,stats       ]   Adjust Pointers                  1085 us
[455.696s][info ][gc,stats       ]     FA: <total>                     181 us
[455.696s][info ][gc,stats       ]     FA: Thread Roots                 38 us, workers (us):   1,  15,  18,   3,   0,   0,   0,   0, 
[455.696s][info ][gc,stats       ]     FA: Code Cache Roots            117 us, workers (us): 117,   0,   0,   0,   0,   0,   0,   0, 
[455.696s][info ][gc,stats       ]     FA: VM Strong Roots               2 us, workers (us):   1,   0,   0,   0,   0,   0,   0,   0, 
[455.696s][info ][gc,stats       ]     FA: VM Weak Roots                16 us, workers (us):  10,   4,   0,   0,   0,   0,   0,   0, 
[455.696s][info ][gc,stats       ]     FA: CLDG Roots                    8 us, workers (us):   0,   6,   0,   0,   0,   0,   0,   0, 
[455.696s][info ][gc,stats       ]   Copy Objects                     1658 us
[455.696s][info ][gc,stats       ]     Regular Objects                 435 us
[455.696s][info ][gc,stats       ]     Humongous Objects                27 us
[455.696s][info ][gc,stats       ]     Reset Complete Bitmap          1160 us
[455.696s][info ][gc,stats       ]     Rebuild Region Sets              36 us
[455.696s][info ][gc,stats       ]   Post Heap Dump                      0 us
[455.696s][info ][gc,stats       ] 
[455.696s][info ][gc,stats       ] Allocation pacing accrued:
[455.696s][info ][gc,stats       ]       0 of    12 ms (  0.0%): <total>
[455.696s][info ][gc,stats       ]       0 of    12 ms (  0.0%): <average total>
[455.696s][info ][gc,stats       ] 
[455.696s][info ][gc,metaspace   ] Metaspace: 253K(448K)->253K(448K) NonClass: 247K(320K)->247K(320K) Class: 5K(128K)->5K(128K)
[455.696s][info ][gc,ergo        ] Pacer for Idle. Initial: 41943K, Alloc Tax Rate: 1.0x
[455.697s][info ][gc             ] Trigger: Handle Allocation Failure
[455.697s][info ][gc,ergo        ] Free: 1517K, Max: 1021K regular, 0B humongous, Frag: 0% external, 25% internal; Reserve: 103M, Max: 1024K
[455.697s][info ][gc,start       ] GC(28389) Pause Degenerated GC (Outside of Cycle)
[455.697s][info ][gc,task        ] GC(28389) Using 8 of 8 workers for stw degenerated gc
[455.697s][info ][gc,ref         ] GC(28389) Clearing All SoftReferences
[455.698s][info ][gc,ref         ] GC(28389) Encountered references: Soft: 7, Weak: 34, Final: 0, Phantom: 1
[455.698s][info ][gc,ref         ] GC(28389) Discovered  references: Soft: 4, Weak: 1, Final: 0, Phantom: 0
[455.698s][info ][gc,ref         ] GC(28389) Enqueued    references: Soft: 0, Weak: 0, Final: 0, Phantom: 0
[455.698s][debug][gc,phases,start] GC(28389) ClassLoaderData
[455.698s][debug][gc,phases      ] GC(28389) ClassLoaderData 0.010ms
[455.698s][debug][gc,phases,start] GC(28389) Trigger cleanups
[455.698s][debug][gc,phases      ] GC(28389) Trigger cleanups 0.003ms
[455.698s][info ][gc,ergo        ] GC(28389) Collectable Garbage: 25602K (100%), Immediate: 25602K (100%), CSet: 0B (0%)
[455.698s][debug][gc,tlab        ] GC(28389) TLAB totals: thrds: 1  refills: 1 max: 1 slow allocs: 0 max 0 waste: 97.9% gc: 2624B max: 2624B slow: 0B max: 0B
[455.698s][info ][gc,ergo        ] GC(28389) Good progress for free space: 43504K, need 20971K
[455.698s][info ][gc,ergo        ] GC(28389) Good progress for used space: 25602K, need 1024K
[455.698s][info ][gc             ] GC(28389) Pause Degenerated GC (Outside of Cycle) 1120M->1095M(2048M) 1.471ms
[455.698s][debug][gc,ergo        ] GC(28389) Margin of error now 3.29
[455.698s][debug][gc,ergo        ] GC(28389) Spike threshold now: 0.32
[455.699s][info ][gc,ergo        ] Free: 43504K, Max: 1024K regular, 35840K humongous, Frag: 17% external, 1% internal; Reserve: 103M, Max: 1024K
[455.699s][info ][gc,stats       ] 
[455.699s][info ][gc,stats       ] All times are wall-clock times, except per-root-class counters, that are sum over
[455.699s][info ][gc,stats       ] all workers. Dividing the <total> over the root stage time estimates parallelism.
[455.699s][info ][gc,stats       ] 
[455.699s][info ][gc,stats       ] Pause Degenerated GC (G)           1639 us
[455.699s][info ][gc,stats       ] Pause Degenerated GC (N)           1476 us
[455.699s][info ][gc,stats       ]   Degen STW Mark                    506 us, parallelism: 5.49x
[455.699s][info ][gc,stats       ]     DSM: <total>                   2778 us
[455.699s][info ][gc,stats       ]     DSM: Thread Roots                52 us, workers (us):  24,  20,   5,   1,   1,   1,   1,   0, 
[455.699s][info ][gc,stats       ]     DSM: VM Strong Roots              3 us, workers (us):   1,   2,   0,   0,   0,   0,   0,   0, 
[455.699s][info ][gc,stats       ]     DSM: CLDG Roots                  16 us, workers (us):   1,   0,  13,   0,   0,   0,   1,   0, 
[455.699s][info ][gc,stats       ]     DSM: Parallel Mark             2707 us, workers (us): 341, 382, 345, 375, 347, 312, 334, 271, 
[455.699s][info ][gc,stats       ]     System Purge                    346 us
[455.699s][info ][gc,stats       ]       Weak References               119 us, parallelism: 0.02x
[455.699s][info ][gc,stats       ]         WRP: <total>                  2 us
[455.699s][info ][gc,stats       ]         WRP: Weak References          2 us, workers (us):   1,   0,   0,   0,   0,   0,   0,   0, 
[455.699s][info ][gc,stats       ]       Unload Classes                131 us, parallelism: 1.05x
[455.699s][info ][gc,stats       ]         DCU: <total>                138 us
[455.699s][info ][gc,stats       ]         DCU: Unload Code Caches      138 us, workers (us):  50,  39,  28,  20,   0,   0,   0,   0, 
[455.699s][info ][gc,stats       ]       Weak Roots                     95 us, parallelism: 0.17x
[455.699s][info ][gc,stats       ]         DWR: <total>                 17 us
[455.699s][info ][gc,stats       ]         DWR: VM Weak Roots           17 us, workers (us):  12,   1,   0,   1,   1,   0,   1,   0, 
[455.699s][info ][gc,stats       ]       CLDG                            0 us
[455.699s][info ][gc,stats       ]   Update Region States               93 us
[455.699s][info ][gc,stats       ]   Manage GC/TLABs                     8 us
[455.699s][info ][gc,stats       ]   Choose Collection Set              21 us
[455.699s][info ][gc,stats       ]   Rebuild Free Set                    7 us
[455.699s][info ][gc,stats       ]   Cleanup                            84 us
[455.699s][info ][gc,stats       ] 
[455.699s][info ][gc,stats       ] Allocation pacing accrued:
[455.699s][info ][gc,stats       ]       0 of     3 ms (  0.0%): <total>
[455.699s][info ][gc,stats       ]       0 of     3 ms (  0.0%): <average total>
[455.699s][info ][gc,stats       ] 
[455.699s][info ][gc,metaspace   ] Metaspace: 253K(448K)->253K(448K) NonClass: 247K(320K)->247K(320K) Class: 5K(128K)->5K(128K)
[455.699s][info ][gc,ergo        ] Pacer for Idle. Initial: 41943K, Alloc Tax Rate: 1.0x
[455.700s][info ][gc             ] Trigger: Free (14832K) is below minimum threshold (204M)
[455.700s][info ][gc,ergo        ] Free: 10736K, Max: 1024K regular, 9216K humongous, Frag: 10% external, 4% internal; Reserve: 103M, Max: 1024K
[455.700s][info ][gc,start       ] GC(28390) Concurrent reset
[455.700s][info ][gc,task        ] GC(28390) Using 4 of 8 workers for concurrent reset
[455.700s][info ][gc,ergo        ] GC(28390) Pacer for Reset. Non-Taxable: 2048M
[455.701s][info ][gc             ] Failed to allocate Shared, 1024K
[455.701s][info ][gc             ] Cancelling GC: Allocation Failure
[455.702s][info ][gc             ] GC(28390) Concurrent reset 2.382ms
[455.702s][info ][gc,start       ] GC(28390) Pause Init Mark (unload classes)
[455.702s][info ][gc,task        ] GC(28390) Using 8 of 8 workers for init marking
[455.703s][info ][gc,ergo        ] GC(28390) Pacer for Mark. Expected Live: 5769M, Free: 2544K, Non-Taxable: 254K, Alloc Tax Rate: 2838.2x
[455.703s][info ][gc             ] GC(28390) Pause Init Mark (unload classes) 0.165ms
[455.703s][info ][gc,start       ] GC(28390) Concurrent marking roots
[455.703s][info ][gc,task        ] GC(28390) Using 4 of 8 workers for concurrent marking roots
[455.703s][info ][gc             ] GC(28390) Concurrent marking roots 0.187ms
[455.703s][info ][gc,ergo        ] Free: 2544K, Max: 1024K regular, 1024K humongous, Frag: 50% external, 17% internal; Reserve: 103M, Max: 1024K
[455.703s][info ][gc,stats       ] 
[455.703s][info ][gc,stats       ] All times are wall-clock times, except per-root-class counters, that are sum over
[455.703s][info ][gc,stats       ] all workers. Dividing the <total> over the root stage time estimates parallelism.
[455.703s][info ][gc,stats       ] 
[455.703s][info ][gc,stats       ] Concurrent Reset                   2402 us
[455.703s][info ][gc,stats       ] Pause Init Mark (G)                 262 us
[455.703s][info ][gc,stats       ] Pause Init Mark (N)                 181 us
[455.703s][info ][gc,stats       ]   Update Region States              103 us
[455.703s][info ][gc,stats       ] Concurrent Mark Roots               205 us, parallelism: 1.30x
[455.703s][info ][gc,stats       ]   CMR: <total>                      266 us
[455.703s][info ][gc,stats       ]   CMR: Thread Roots                 249 us, workers (us):  70,  74,  67,  37, ---, ---, ---, ---, 
[455.703s][info ][gc,stats       ]   CMR: VM Strong Roots                3 us, workers (us):   3,   0,   0,   0, ---, ---, ---, ---, 
[455.703s][info ][gc,stats       ]   CMR: CLDG Roots                    14 us, workers (us):  14,   1, ---, ---, ---, ---, ---, ---, 
[455.703s][info ][gc,stats       ] 
[455.703s][info ][gc,stats       ] Allocation pacing accrued:
[455.703s][info ][gc,stats       ]       0 of     4 ms (  0.0%): <total>
[455.703s][info ][gc,stats       ]       0 of     4 ms (  0.0%): <average total>
[455.703s][info ][gc,stats       ] 
[455.703s][info ][gc,metaspace   ] Metaspace: 253K(448K)->253K(448K) NonClass: 247K(320K)->247K(320K) Class: 5K(128K)->5K(128K)
[455.703s][info ][gc,ergo        ] Pacer for Idle. Initial: 41943K, Alloc Tax Rate: 1.0x
[455.704s][info ][gc             ] Trigger: Handle Allocation Failure
[455.704s][info ][gc,ergo        ] Free: 2544K, Max: 1024K regular, 1024K humongous, Frag: 50% external, 17% internal; Reserve: 103M, Max: 1024K
[455.704s][info ][gc,start       ] GC(28391) Pause Degenerated GC (Outside of Cycle)
[455.704s][info ][gc,task        ] GC(28391) Using 8 of 8 workers for stw degenerated gc
[455.706s][info ][gc,ref         ] GC(28391) Clearing All SoftReferences
[455.707s][info ][gc,ref         ] GC(28391) Encountered references: Soft: 7, Weak: 34, Final: 0, Phantom: 1
[455.707s][info ][gc,ref         ] GC(28391) Discovered  references: Soft: 4, Weak: 1, Final: 0, Phantom: 1
[455.707s][info ][gc,ref         ] GC(28391) Enqueued    references: Soft: 0, Weak: 0, Final: 0, Phantom: 0
[455.707s][debug][gc,phases,start] GC(28391) ClassLoaderData
[455.707s][debug][gc,phases      ] GC(28391) ClassLoaderData 0.009ms
[455.707s][debug][gc,phases,start] GC(28391) Trigger cleanups
[455.707s][debug][gc,phases      ] GC(28391) Trigger cleanups 0.003ms
[455.707s][info ][gc,ergo        ] GC(28391) Collectable Garbage: 154M (100%), Immediate: 154M (100%), CSet: 0B (0%)
[455.708s][info ][gc,ergo        ] GC(28391) Good progress for free space: 202M, need 20971K
[455.708s][info ][gc,ergo        ] GC(28391) Good progress for used space: 154M, need 1024K
[455.708s][info ][gc             ] GC(28391) Pause Degenerated GC (Outside of Cycle) 1115M->961M(2048M) 3.534ms
[455.708s][debug][gc,ergo        ] GC(28391) Margin of error now 3.29
[455.708s][debug][gc,ergo        ] GC(28391) Spike threshold now: 0.32
[455.708s][info ][gc,ergo        ] Free: 202M, Max: 1024K regular, 101M humongous, Frag: 50% external, 0% internal; Reserve: 103M, Max: 1024K
[455.708s][info ][gc,stats       ] 
[455.708s][info ][gc,stats       ] All times are wall-clock times, except per-root-class counters, that are sum over
[455.708s][info ][gc,stats       ] all workers. Dividing the <total> over the root stage time estimates parallelism.
[455.708s][info ][gc,stats       ] 
[455.708s][info ][gc,stats       ] Pause Degenerated GC (G)           3626 us
[455.708s][info ][gc,stats       ] Pause Degenerated GC (N)           3541 us
[455.708s][info ][gc,stats       ]   Degen STW Mark                    481 us, parallelism: 5.48x
[455.708s][info ][gc,stats       ]     DSM: <total>                   2638 us
[455.708s][info ][gc,stats       ]     DSM: Thread Roots                70 us, workers (us):  23,  22,  11,  12,   1,   0,   1,   0, 
[455.708s][info ][gc,stats       ]     DSM: VM Strong Roots              4 us, workers (us):   1,   0,   2,   0,   0,   0,   0,   0, 
[455.708s][info ][gc,stats       ]     DSM: CLDG Roots                  18 us, workers (us):   1,  15,   0,   0,   0,   0,   0,   0, 
[455.708s][info ][gc,stats       ]     DSM: Parallel Mark             2547 us, workers (us): 345, 325, 309, 340, 319, 295, 323, 292, 
[455.708s][info ][gc,stats       ]     System Purge                    439 us
[455.708s][info ][gc,stats       ]       Weak References               133 us, parallelism: 0.02x
[455.708s][info ][gc,stats       ]         WRP: <total>                  2 us
[455.708s][info ][gc,stats       ]         WRP: Weak References          2 us, workers (us):   2,   0,   0,   0,   0,   0,   0,   0, 
[455.708s][info ][gc,stats       ]       Unload Classes                220 us, parallelism: 1.38x
[455.708s][info ][gc,stats       ]         DCU: <total>                304 us
[455.708s][info ][gc,stats       ]         DCU: Unload Code Caches      304 us, workers (us):  92,  77,  69,  65,   0,   0,   0,   0, 
[455.708s][info ][gc,stats       ]       Weak Roots                     85 us, parallelism: 0.28x
[455.708s][info ][gc,stats       ]         DWR: <total>                 23 us
[455.708s][info ][gc,stats       ]         DWR: VM Weak Roots           23 us, workers (us):  12,   5,   1,   1,   2,   1,   1,   1, 
[455.708s][info ][gc,stats       ]       CLDG                            1 us
[455.708s][info ][gc,stats       ]   Update Region States              109 us
[455.708s][info ][gc,stats       ]   Manage GC/TLABs                     2 us
[455.708s][info ][gc,stats       ]   Choose Collection Set              65 us
[455.708s][info ][gc,stats       ]   Rebuild Free Set                   11 us
[455.708s][info ][gc,stats       ]   Cleanup                            96 us
[455.708s][info ][gc,stats       ] 
[455.708s][info ][gc,stats       ] Allocation pacing accrued:
[455.708s][info ][gc,stats       ]       0 of     5 ms (  0.0%): <total>
[455.708s][info ][gc,stats       ]       0 of     5 ms (  0.0%): <average total>
[455.708s][info ][gc,stats       ] 
[455.708s][info ][gc,metaspace   ] Metaspace: 253K(448K)->253K(448K) NonClass: 247K(320K)->247K(320K) Class: 5K(128K)->5K(128K)
[455.708s][info ][gc,ergo        ] Pacer for Idle. Initial: 41943K, Alloc Tax Rate: 1.0x
[455.709s][info ][gc             ] Trigger: Free (172M) is below minimum threshold (204M)
[455.709s][info ][gc,ergo        ] Free: 172M, Max: 1024K regular, 101M humongous, Frag: 42% external, 0% internal; Reserve: 103M, Max: 1024K
[455.709s][info ][gc,start       ] GC(28392) Concurrent reset
[455.709s][info ][gc,task        ] GC(28392) Using 4 of 8 workers for concurrent reset
[455.709s][info ][gc,ergo        ] GC(28392) Pacer for Reset. Non-Taxable: 2048M
[455.713s][info ][gc             ] GC(28392) Concurrent reset 3.525ms
[455.713s][info ][gc,start       ] GC(28392) Pause Init Mark (unload classes)
[455.713s][info ][gc,task        ] GC(28392) Using 8 of 8 workers for init marking
[455.713s][info ][gc,ergo        ] GC(28392) Pacer for Mark. Expected Live: 5742M, Free: 111M, Non-Taxable: 11416K, Alloc Tax Rate: 63.0x
[455.713s][info ][gc             ] GC(28392) Pause Init Mark (unload classes) 0.148ms
[455.713s][info ][gc,start       ] GC(28392) Concurrent marking roots
[455.713s][info ][gc,task        ] GC(28392) Using 4 of 8 workers for concurrent marking roots
[455.714s][info ][gc             ] GC(28392) Concurrent marking roots 0.230ms
[455.714s][info ][gc,start       ] GC(28392) Concurrent marking (unload classes)
[455.714s][info ][gc,task        ] GC(28392) Using 4 of 8 workers for concurrent marking
[455.714s][info ][gc             ] GC(28392) Concurrent marking (unload classes) 0.619ms
[455.714s][info ][gc,start       ] GC(28392) Pause Final Mark (unload classes)
[455.714s][info ][gc,task        ] GC(28392) Using 8 of 8 workers for final marking
[455.715s][info ][gc,ergo        ] GC(28392) Collectable Garbage: 14336K (100%), Immediate: 14336K (100%), CSet: 0B (0%)
[455.715s][info ][gc             ] GC(28392) Pause Final Mark (unload classes) 0.628ms
[455.715s][info ][gc,start       ] GC(28392) Concurrent weak references
[455.715s][info ][gc,task        ] GC(28392) Using 4 of 8 workers for concurrent weak references
[455.715s][info ][gc,ref         ] GC(28392) Encountered references: Soft: 7, Weak: 34, Final: 0, Phantom: 1
[455.715s][info ][gc,ref         ] GC(28392) Discovered  references: Soft: 0, Weak: 0, Final: 0, Phantom: 1
[455.715s][info ][gc,ref         ] GC(28392) Enqueued    references: Soft: 0, Weak: 0, Final: 0, Phantom: 0
[455.715s][info ][gc             ] GC(28392) Concurrent weak references 0.119ms
[455.715s][info ][gc,start       ] GC(28392) Concurrent weak roots
[455.715s][info ][gc,task        ] GC(28392) Using 4 of 8 workers for concurrent weak root
[455.716s][info ][gc             ] GC(28392) Concurrent weak roots 0.200ms
[455.716s][info ][gc,start       ] GC(28392) Concurrent cleanup
[455.716s][info ][gc             ] GC(28392) Concurrent cleanup 1024M->1010M(2048M) 0.098ms
[455.716s][info ][gc,ergo        ] GC(28392) Free: 113M, Max: 1024K regular, 74752K humongous, Frag: 36% external, 0% internal; Reserve: 103M, Max: 1024K
[455.716s][info ][gc,start       ] GC(28392) Concurrent class unloading
[455.716s][info ][gc,task        ] GC(28392) Using 4 of 8 workers for concurrent class unloading
[455.716s][debug][gc,phases,start] GC(28392) ClassLoaderData
[455.716s][debug][gc,phases      ] GC(28392) ClassLoaderData 0.007ms
[455.716s][debug][gc,phases,start] GC(28392) Trigger cleanups
[455.716s][debug][gc,phases      ] GC(28392) Trigger cleanups 0.005ms
[455.716s][info ][gc             ] GC(28392) Concurrent class unloading 0.395ms
[455.716s][info ][gc,start       ] GC(28392) Pause Final Roots
[455.716s][info ][gc             ] GC(28392) Pause Final Roots 0.015ms
[455.716s][debug][gc,ergo        ] GC(28392) Available: 113 MB, z-score=0.206. Average available: 106.6 MB +/- 34271.4 KB.
[455.716s][info ][gc,ergo        ] Free: 113M, Max: 1024K regular, 74752K humongous, Frag: 36% external, 0% internal; Reserve: 103M, Max: 1024K
[455.716s][info ][gc,stats       ] 
[455.716s][info ][gc,stats       ] All times are wall-clock times, except per-root-class counters, that are sum over
[455.716s][info ][gc,stats       ] all workers. Dividing the <total> over the root stage time estimates parallelism.
[455.716s][info ][gc,stats       ] 
[455.716s][info ][gc,stats       ] Concurrent Reset                   3581 us
[455.716s][info ][gc,stats       ] Pause Init Mark (G)                 535 us
[455.716s][info ][gc,stats       ] Pause Init Mark (N)                 154 us
[455.716s][info ][gc,stats       ]   Update Region States              102 us
[455.716s][info ][gc,stats       ] Concurrent Mark Roots               248 us, parallelism: 1.66x
[455.716s][info ][gc,stats       ]   CMR: <total>                      411 us
[455.716s][info ][gc,stats       ]   CMR: Thread Roots                 382 us, workers (us): 109, 110, 103,  60, ---, ---, ---, ---, 
[455.716s][info ][gc,stats       ]   CMR: VM Strong Roots                5 us, workers (us):   4,   0,   0,   0, ---, ---, ---, ---, 
[455.716s][info ][gc,stats       ]   CMR: CLDG Roots                    24 us, workers (us):  23,   1, ---, ---, ---, ---, ---, ---, 
[455.716s][info ][gc,stats       ] Concurrent Marking                  633 us
[455.716s][info ][gc,stats       ] Pause Final Mark (G)                846 us
[455.716s][info ][gc,stats       ] Pause Final Mark (N)                637 us
[455.716s][info ][gc,stats       ]   Finish Mark                       392 us
[455.716s][info ][gc,stats       ]   Update Region States              161 us
[455.716s][info ][gc,stats       ]   Choose Collection Set              36 us
[455.716s][info ][gc,stats       ]   Rebuild Free Set                   15 us
[455.716s][info ][gc,stats       ] Concurrent Weak References          125 us, parallelism: 0.01x
[455.716s][info ][gc,stats       ]   CWRF: <total>                       1 us
[455.716s][info ][gc,stats       ]   CWRF: Weak References               1 us, workers (us):   1,   0,   0,   0, ---, ---, ---, ---, 
[455.716s][info ][gc,stats       ] Concurrent Weak Roots               212 us
[455.716s][info ][gc,stats       ]   Roots                             120 us, parallelism: 0.58x
[455.716s][info ][gc,stats       ]     CWR: <total>                     69 us
[455.716s][info ][gc,stats       ]     CWR: Code Cache Roots            44 us, workers (us):  44,   0,   0,   0, ---, ---, ---, ---, 
[455.716s][info ][gc,stats       ]     CWR: VM Weak Roots               24 us, workers (us):  17,   7,   0,   0, ---, ---, ---, ---, 
[455.716s][info ][gc,stats       ]     CWR: CLDG Roots                   1 us, workers (us): ---,   1, ---, ---, ---, ---, ---, ---, 
[455.716s][info ][gc,stats       ]   Rendezvous                         67 us
[455.716s][info ][gc,stats       ] Concurrent Cleanup                  104 us
[455.716s][info ][gc,stats       ] Concurrent Class Unloading          409 us
[455.716s][info ][gc,stats       ]   Unlink Stale                      259 us
[455.716s][info ][gc,stats       ]     System Dictionary                33 us
[455.716s][info ][gc,stats       ]     Weak Class Links                  0 us
[455.716s][info ][gc,stats       ]     Code Roots                      224 us
[455.716s][info ][gc,stats       ]   Rendezvous                         63 us
[455.716s][info ][gc,stats       ]   Purge Unlinked                     60 us
[455.716s][info ][gc,stats       ]     Code Roots                       44 us
[455.716s][info ][gc,stats       ]     CLDG                             16 us
[455.716s][info ][gc,stats       ]     Exception Caches                  0 us
[455.716s][info ][gc,stats       ] Pause Final Roots (G)                97 us
[455.716s][info ][gc,stats       ] Pause Final Roots (N)                19 us
[455.716s][info ][gc,stats       ] 
[455.716s][info ][gc,stats       ] Allocation pacing accrued:
[455.716s][info ][gc,stats       ]       0 of     8 ms (  0.0%): <total>
[455.716s][info ][gc,stats       ]       0 of     8 ms (  0.0%): <average total>
[455.716s][info ][gc,stats       ] 
[455.716s][info ][gc,metaspace   ] Metaspace: 253K(448K)->253K(448K) NonClass: 247K(320K)->247K(320K) Class: 5K(128K)->5K(128K)
[455.716s][info ][gc,ergo        ] Pacer for Idle. Initial: 41943K, Alloc Tax Rate: 1.0x
[455.717s][info ][gc             ] Trigger: Free (113M) is below minimum threshold (204M)
[455.718s][info ][gc,ergo        ] Free: 113M, Max: 1024K regular, 74752K humongous, Frag: 36% external, 0% internal; Reserve: 103M, Max: 1024K
[455.718s][info ][gc,start       ] GC(28393) Concurrent reset
[455.718s][info ][gc,task        ] GC(28393) Using 4 of 8 workers for concurrent reset
[455.718s][info ][gc,ergo        ] GC(28393) Pacer for Reset. Non-Taxable: 2048M
[455.719s][info ][gc             ] GC(28393) Concurrent reset 1.600ms
[455.719s][info ][gc,start       ] GC(28393) Pause Init Mark (unload classes)
[455.719s][info ][gc,task        ] GC(28393) Using 8 of 8 workers for init marking
[455.719s][info ][gc,ergo        ] GC(28393) Pacer for Mark. Expected Live: 5727M, Free: 113M, Non-Taxable: 11620K, Alloc Tax Rate: 61.7x
[455.719s][info ][gc             ] GC(28393) Pause Init Mark (unload classes) 0.143ms
[455.719s][info ][gc,start       ] GC(28393) Concurrent marking roots
[455.719s][info ][gc,task        ] GC(28393) Using 4 of 8 workers for concurrent marking roots
[455.720s][info ][gc             ] GC(28393) Concurrent marking roots 0.172ms
[455.720s][info ][gc,start       ] GC(28393) Concurrent marking (unload classes)
[455.720s][info ][gc,task        ] GC(28393) Using 4 of 8 workers for concurrent marking
[455.720s][info ][gc             ] GC(28393) Concurrent marking (unload classes) 0.585ms
[455.720s][info ][gc,start       ] GC(28393) Pause Final Mark (unload classes)
[455.720s][info ][gc,task        ] GC(28393) Using 8 of 8 workers for final marking
[455.721s][info ][gc,ergo        ] GC(28393) Collectable Garbage: 38912K (100%), Immediate: 38912K (100%), CSet: 0B (0%)
[455.721s][info ][gc             ] GC(28393) Pause Final Mark (unload classes) 0.641ms
[455.721s][info ][gc,start       ] GC(28393) Concurrent weak references
[455.721s][info ][gc,task        ] GC(28393) Using 4 of 8 workers for concurrent weak references
[455.721s][info ][gc,ref         ] GC(28393) Encountered references: Soft: 7, Weak: 34, Final: 0, Phantom: 1
[455.721s][info ][gc,ref         ] GC(28393) Discovered  references: Soft: 0, Weak: 0, Final: 0, Phantom: 1
[455.721s][info ][gc,ref         ] GC(28393) Enqueued    references: Soft: 0, Weak: 0, Final: 0, Phantom: 0
[455.721s][info ][gc             ] GC(28393) Concurrent weak references 0.139ms
[455.721s][info ][gc,start       ] GC(28393) Concurrent weak roots
[455.721s][info ][gc,task        ] GC(28393) Using 4 of 8 workers for concurrent weak root
[455.722s][info ][gc             ] GC(28393) Concurrent weak roots 0.679ms
[455.722s][info ][gc,start       ] GC(28393) Concurrent cleanup
[455.722s][info ][gc             ] GC(28393) Concurrent cleanup 1020M->982M(2048M) 0.097ms
[455.722s][info ][gc,ergo        ] GC(28393) Free: 169M, Max: 1024K regular, 56320K humongous, Frag: 68% external, 0% internal; Reserve: 103M, Max: 1024K
[455.722s][info ][gc,start       ] GC(28393) Concurrent class unloading
[455.722s][info ][gc,task        ] GC(28393) Using 4 of 8 workers for concurrent class unloading
[455.722s][debug][gc,phases,start] GC(28393) ClassLoaderData
[455.722s][debug][gc,phases      ] GC(28393) ClassLoaderData 0.005ms
[455.722s][debug][gc,phases,start] GC(28393) Trigger cleanups
[455.722s][debug][gc,phases      ] GC(28393) Trigger cleanups 0.003ms
[455.722s][info ][gc             ] GC(28393) Concurrent class unloading 0.361ms
[455.722s][info ][gc,start       ] GC(28393) Pause Final Roots
[455.722s][info ][gc             ] GC(28393) Pause Final Roots 0.018ms
[455.722s][debug][gc,ergo        ] GC(28393) Available: 169 MB, z-score=1.489. Average available: 112.2 MB +/- 39387.3 KB.
[455.722s][info ][gc,ergo        ] Free: 169M, Max: 1024K regular, 56320K humongous, Frag: 68% external, 0% internal; Reserve: 103M, Max: 1024K
[455.722s][info ][gc,stats       ] 
[455.722s][info ][gc,stats       ] All times are wall-clock times, except per-root-class counters, that are sum over
[455.722s][info ][gc,stats       ] all workers. Dividing the <total> over the root stage time estimates parallelism.
[455.722s][info ][gc,stats       ] 
[455.722s][info ][gc,stats       ] Concurrent Reset                   1629 us
[455.722s][info ][gc,stats       ] Pause Init Mark (G)                 211 us
[455.722s][info ][gc,stats       ] Pause Init Mark (N)                 149 us
[455.722s][info ][gc,stats       ]   Update Region States              108 us
[455.722s][info ][gc,stats       ] Concurrent Mark Roots               180 us, parallelism: 1.44x
[455.722s][info ][gc,stats       ]   CMR: <total>                      259 us
[455.722s][info ][gc,stats       ]   CMR: Thread Roots                 240 us, workers (us):  76,  60,  52,  51, ---, ---, ---, ---, 
[455.722s][info ][gc,stats       ]   CMR: VM Strong Roots                3 us, workers (us):   3,   0,   0,   0, ---, ---, ---, ---, 
[455.722s][info ][gc,stats       ]   CMR: CLDG Roots                    16 us, workers (us):  16, ---, ---, ---, ---, ---, ---, ---, 
[455.722s][info ][gc,stats       ] Concurrent Marking                  601 us
[455.722s][info ][gc,stats       ] Pause Final Mark (G)                705 us
[455.722s][info ][gc,stats       ] Pause Final Mark (N)                648 us
[455.722s][info ][gc,stats       ]   Finish Mark                       424 us
[455.722s][info ][gc,stats       ]   Update Region States              132 us
[455.722s][info ][gc,stats       ]   Choose Collection Set              50 us
[455.722s][info ][gc,stats       ]   Rebuild Free Set                   11 us
[455.722s][info ][gc,stats       ] Concurrent Weak References          145 us, parallelism: 0.01x
[455.722s][info ][gc,stats       ]   CWRF: <total>                       1 us
[455.722s][info ][gc,stats       ]   CWRF: Weak References               1 us, workers (us):   1,   0,   0,   0, ---, ---, ---, ---, 
[455.722s][info ][gc,stats       ] Concurrent Weak Roots               706 us
[455.722s][info ][gc,stats       ]   Roots                             124 us, parallelism: 0.58x
[455.722s][info ][gc,stats       ]     CWR: <total>                     72 us
[455.722s][info ][gc,stats       ]     CWR: Code Cache Roots            35 us, workers (us):  34,   0,   0,   0, ---, ---, ---, ---, 
[455.723s][info ][gc,stats       ]     CWR: VM Weak Roots               37 us, workers (us):  34,   2,   1,   0, ---, ---, ---, ---, 
[455.723s][info ][gc,stats       ]     CWR: CLDG Roots                   1 us, workers (us): ---, ---,   1, ---, ---, ---, ---, ---, 
[455.723s][info ][gc,stats       ]   Rendezvous                        538 us
[455.723s][info ][gc,stats       ] Concurrent Cleanup                  102 us
[455.723s][info ][gc,stats       ] Concurrent Class Unloading          376 us
[455.723s][info ][gc,stats       ]   Unlink Stale                      210 us
[455.723s][info ][gc,stats       ]     System Dictionary                15 us
[455.723s][info ][gc,stats       ]     Weak Class Links                  0 us
[455.723s][info ][gc,stats       ]     Code Roots                      194 us
[455.723s][info ][gc,stats       ]   Rendezvous                         73 us
[455.723s][info ][gc,stats       ]   Purge Unlinked                     68 us
[455.723s][info ][gc,stats       ]     Code Roots                       54 us
[455.723s][info ][gc,stats       ]     CLDG                             14 us
[455.723s][info ][gc,stats       ]     Exception Caches                  0 us
[455.723s][info ][gc,stats       ] Pause Final Roots (G)                88 us
[455.723s][info ][gc,stats       ] Pause Final Roots (N)                25 us
[455.723s][info ][gc,stats       ] Pacing                            55799 us
[455.723s][info ][gc,stats       ] 
[455.723s][info ][gc,stats       ] Allocation pacing accrued:
[455.723s][info ][gc,stats       ]       5 of     6 ms ( 83.4%): Thread-0
[455.723s][info ][gc,stats       ]       6 of     6 ms ( 97.5%): Thread-1
[455.723s][info ][gc,stats       ]       5 of     6 ms ( 82.5%): Thread-2
[455.723s][info ][gc,stats       ]       5 of     6 ms ( 78.3%): Thread-3
[455.723s][info ][gc,stats       ]       6 of     6 ms ( 98.2%): Thread-4
[455.723s][info ][gc,stats       ]       6 of     6 ms ( 97.8%): Thread-5
[455.723s][info ][gc,stats       ]       6 of     6 ms ( 97.6%): Thread-6
[455.723s][info ][gc,stats       ]       6 of     6 ms ( 98.2%): Thread-7
[455.723s][info ][gc,stats       ]       5 of     6 ms ( 82.9%): Thread-8
[455.723s][info ][gc,stats       ]       5 of     6 ms ( 83.4%): Thread-9
[455.723s][info ][gc,stats       ]      56 of     6 ms (899.8%): <total>
[455.723s][info ][gc,stats       ]       3 of     6 ms ( 42.8%): <average total>
[455.723s][info ][gc,stats       ]       6 of     6 ms ( 90.0%): <average non-zero>
[455.723s][info ][gc,stats       ] 
[455.723s][info ][gc,metaspace   ] Metaspace: 253K(448K)->253K(448K) NonClass: 247K(320K)->247K(320K) Class: 5K(128K)->5K(128K)
[455.723s][info ][gc,ergo        ] Pacer for Idle. Initial: 41943K, Alloc Tax Rate: 1.0x
[455.724s][info ][gc             ] Trigger: Free (137M) is below minimum threshold (204M)
[455.724s][info ][gc,ergo        ] Free: 137M, Max: 1024K regular, 46080K humongous, Frag: 68% external, 0% internal; Reserve: 103M, Max: 1024K
[455.724s][info ][gc,start       ] GC(28394) Concurrent reset
[455.724s][info ][gc,task        ] GC(28394) Using 4 of 8 workers for concurrent reset
[455.724s][info ][gc,ergo        ] GC(28394) Pacer for Reset. Non-Taxable: 2048M
[455.728s][info ][gc             ] GC(28394) Concurrent reset 4.185ms
[455.729s][info ][gc,start       ] GC(28394) Pause Init Mark (unload classes)
[455.729s][info ][gc,task        ] GC(28394) Using 8 of 8 workers for init marking
[455.729s][info ][gc,ergo        ] GC(28394) Pacer for Mark. Expected Live: 5703M, Free: 68080K, Non-Taxable: 6808K, Alloc Tax Rate: 104.8x
[455.729s][info ][gc             ] GC(28394) Pause Init Mark (unload classes) 0.176ms
[455.729s][info ][gc,start       ] GC(28394) Concurrent marking roots
[455.729s][info ][gc,task        ] GC(28394) Using 4 of 8 workers for concurrent marking roots
[455.729s][info ][gc             ] GC(28394) Concurrent marking roots 0.197ms
[455.729s][info ][gc,start       ] GC(28394) Concurrent marking (unload classes)
[455.729s][info ][gc,task        ] GC(28394) Using 4 of 8 workers for concurrent marking
[455.730s][info ][gc             ] GC(28394) Concurrent marking (unload classes) 0.581ms
[455.730s][info ][gc,start       ] GC(28394) Pause Final Mark (unload classes)
[455.730s][info ][gc,task        ] GC(28394) Using 8 of 8 workers for final marking
[455.730s][info ][gc,ergo        ] GC(28394) Collectable Garbage: 35840K (100%), Immediate: 35840K (100%), CSet: 0B (0%)
[455.730s][info ][gc             ] GC(28394) Pause Final Mark (unload classes) 0.462ms
[455.730s][info ][gc,start       ] GC(28394) Concurrent weak references
[455.730s][info ][gc,task        ] GC(28394) Using 4 of 8 workers for concurrent weak references
[455.730s][info ][gc,ref         ] GC(28394) Encountered references: Soft: 7, Weak: 34, Final: 0, Phantom: 1
[455.730s][info ][gc,ref         ] GC(28394) Discovered  references: Soft: 0, Weak: 0, Final: 0, Phantom: 0
[455.730s][info ][gc,ref         ] GC(28394) Enqueued    references: Soft: 0, Weak: 0, Final: 0, Phantom: 0
[455.730s][info ][gc             ] GC(28394) Concurrent weak references 0.113ms
[455.730s][info ][gc,start       ] GC(28394) Concurrent weak roots
[455.730s][info ][gc,task        ] GC(28394) Using 4 of 8 workers for concurrent weak root
[455.731s][info ][gc             ] GC(28394) Concurrent weak roots 0.206ms
[455.731s][info ][gc,start       ] GC(28394) Concurrent cleanup
[455.731s][info ][gc             ] GC(28394) Concurrent cleanup 1044M->1009M(2048M) 0.111ms
[455.731s][info ][gc,ergo        ] GC(28394) Free: 124M, Max: 1024K regular, 4096K humongous, Frag: 97% external, 0% internal; Reserve: 103M, Max: 1024K
[455.731s][info ][gc,start       ] GC(28394) Concurrent class unloading
[455.731s][info ][gc,task        ] GC(28394) Using 4 of 8 workers for concurrent class unloading
[455.731s][debug][gc,phases,start] GC(28394) ClassLoaderData
[455.731s][debug][gc,phases      ] GC(28394) ClassLoaderData 0.007ms
[455.731s][debug][gc,phases,start] GC(28394) Trigger cleanups
[455.731s][debug][gc,phases      ] GC(28394) Trigger cleanups 0.018ms
[455.731s][info ][gc             ] GC(28394) Concurrent class unloading 0.387ms
[455.731s][info ][gc,start       ] GC(28394) Pause Final Roots
[455.731s][info ][gc             ] GC(28394) Pause Final Roots 0.017ms
[455.731s][debug][gc,ergo        ] GC(28394) Available: 124 MB, z-score=0.287. Average available: 113.4 MB +/- 39568.6 KB.
[455.731s][info ][gc,ergo        ] Free: 124M, Max: 1024K regular, 4096K humongous, Frag: 97% external, 0% internal; Reserve: 103M, Max: 1024K
[455.731s][info ][gc,stats       ] 
[455.731s][info ][gc,stats       ] All times are wall-clock times, except per-root-class counters, that are sum over
[455.731s][info ][gc,stats       ] all workers. Dividing the <total> over the root stage time estimates parallelism.
[455.731s][info ][gc,stats       ] 
[455.731s][info ][gc,stats       ] Concurrent Reset                   4218 us
[455.731s][info ][gc,stats       ] Pause Init Mark (G)                 818 us
[455.731s][info ][gc,stats       ] Pause Init Mark (N)                 182 us
[455.731s][info ][gc,stats       ]   Update Region States              134 us
[455.731s][info ][gc,stats       ] Concurrent Mark Roots               216 us, parallelism: 0.85x
[455.731s][info ][gc,stats       ]   CMR: <total>                      184 us
[455.731s][info ][gc,stats       ]   CMR: Thread Roots                 158 us, workers (us):  71,  43,  29,  15, ---, ---, ---, ---, 
[455.731s][info ][gc,stats       ]   CMR: VM Strong Roots                6 us, workers (us):   4,   1,   0,   0, ---, ---, ---, ---, 
[455.731s][info ][gc,stats       ]   CMR: CLDG Roots                    21 us, workers (us):  21, ---, ---, ---, ---, ---, ---, ---, 
[455.731s][info ][gc,stats       ] Concurrent Marking                  601 us
[455.731s][info ][gc,stats       ] Pause Final Mark (G)                606 us
[455.731s][info ][gc,stats       ] Pause Final Mark (N)                469 us
[455.731s][info ][gc,stats       ]   Finish Mark                       271 us
[455.731s][info ][gc,stats       ]   Update Region States              111 us
[455.731s][info ][gc,stats       ]   Choose Collection Set              45 us
[455.731s][info ][gc,stats       ]   Rebuild Free Set                   10 us
[455.731s][info ][gc,stats       ] Concurrent Weak References          119 us, parallelism: 0.01x
[455.731s][info ][gc,stats       ]   CWRF: <total>                       1 us
[455.731s][info ][gc,stats       ]   CWRF: Weak References               1 us, workers (us):   0,   0,   0,   0, ---, ---, ---, ---, 
[455.731s][info ][gc,stats       ] Concurrent Weak Roots               222 us
[455.731s][info ][gc,stats       ]   Roots                             126 us, parallelism: 0.60x
[455.731s][info ][gc,stats       ]     CWR: <total>                     75 us
[455.731s][info ][gc,stats       ]     CWR: Code Cache Roots            49 us, workers (us):  49,   0,   0,   0, ---, ---, ---, ---, 
[455.731s][info ][gc,stats       ]     CWR: VM Weak Roots               26 us, workers (us):  19,   6,   0,   0, ---, ---, ---, ---, 
[455.731s][info ][gc,stats       ]     CWR: CLDG Roots                   1 us, workers (us): ---,   1, ---, ---, ---, ---, ---, ---, 
[455.731s][info ][gc,stats       ]   Rendezvous                         67 us
[455.731s][info ][gc,stats       ] Concurrent Cleanup                  119 us
[455.731s][info ][gc,stats       ] Concurrent Class Unloading          398 us
[455.731s][info ][gc,stats       ]   Unlink Stale                      242 us
[455.731s][info ][gc,stats       ]     System Dictionary                36 us
[455.731s][info ][gc,stats       ]     Weak Class Links                  0 us
[455.731s][info ][gc,stats       ]     Code Roots                      205 us
[455.731s][info ][gc,stats       ]   Rendezvous                         64 us
[455.731s][info ][gc,stats       ]   Purge Unlinked                     68 us
[455.732s][info ][gc,stats       ]     Code Roots                       52 us
[455.732s][info ][gc,stats       ]     CLDG                             15 us
[455.732s][info ][gc,stats       ]     Exception Caches                  0 us
[455.732s][info ][gc,stats       ] Pause Final Roots (G)                82 us
[455.732s][info ][gc,stats       ] Pause Final Roots (N)                23 us
[455.732s][info ][gc,stats       ] 
[455.732s][info ][gc,stats       ] Allocation pacing accrued:
[455.732s][info ][gc,stats       ]       0 of     9 ms (  0.0%): <total>
[455.732s][info ][gc,stats       ]       0 of     9 ms (  0.0%): <average total>
[455.732s][info ][gc,stats       ] 
[455.732s][info ][gc,metaspace   ] Metaspace: 253K(448K)->253K(448K) NonClass: 247K(320K)->247K(320K) Class: 5K(128K)->5K(128K)
[455.732s][info ][gc,ergo        ] Pacer for Idle. Initial: 41943K, Alloc Tax Rate: 1.0x
[455.733s][info ][gc             ] Trigger: Free (122M) is below minimum threshold (204M)
[455.733s][info ][gc,ergo        ] Free: 122M, Max: 1024K regular, 4096K humongous, Frag: 97% external, 0% internal; Reserve: 103M, Max: 1024K
[455.733s][info ][gc,start       ] GC(28395) Concurrent reset
[455.733s][info ][gc,task        ] GC(28395) Using 4 of 8 workers for concurrent reset
[455.733s][info ][gc,ergo        ] GC(28395) Pacer for Reset. Non-Taxable: 2048M
[455.735s][info ][gc             ] GC(28395) Concurrent reset 2.200ms
[455.735s][info ][gc,start       ] GC(28395) Pause Init Mark (unload classes)
[455.735s][info ][gc,task        ] GC(28395) Using 8 of 8 workers for init marking
[455.735s][info ][gc,ergo        ] GC(28395) Pacer for Mark. Expected Live: 5693M, Free: 118M, Non-Taxable: 12132K, Alloc Tax Rate: 58.7x
[455.735s][info ][gc             ] GC(28395) Pause Init Mark (unload classes) 0.208ms
[455.735s][info ][gc,start       ] GC(28395) Concurrent marking roots
[455.735s][info ][gc,task        ] GC(28395) Using 4 of 8 workers for concurrent marking roots
[455.735s][info ][gc             ] GC(28395) Concurrent marking roots 0.190ms
[455.735s][info ][gc,start       ] GC(28395) Concurrent marking (unload classes)
[455.735s][info ][gc,task        ] GC(28395) Using 4 of 8 workers for concurrent marking
[455.736s][info ][gc             ] GC(28395) Concurrent marking (unload classes) 0.713ms
[455.736s][info ][gc,start       ] GC(28395) Pause Final Mark (unload classes)
[455.736s][info ][gc,task        ] GC(28395) Using 8 of 8 workers for final marking
[455.737s][info ][gc,ergo        ] GC(28395) Collectable Garbage: 45056K (100%), Immediate: 45056K (100%), CSet: 0B (0%)
[455.737s][info ][gc             ] GC(28395) Pause Final Mark (unload classes) 0.482ms
[455.737s][info ][gc,start       ] GC(28395) Concurrent weak references
[455.737s][info ][gc,task        ] GC(28395) Using 4 of 8 workers for concurrent weak references
[455.737s][info ][gc,ref         ] GC(28395) Encountered references: Soft: 7, Weak: 34, Final: 0, Phantom: 1
[455.737s][info ][gc,ref         ] GC(28395) Discovered  references: Soft: 0, Weak: 0, Final: 0, Phantom: 1
[455.737s][info ][gc,ref         ] GC(28395) Enqueued    references: Soft: 0, Weak: 0, Final: 0, Phantom: 0
[455.737s][info ][gc             ] GC(28395) Concurrent weak references 0.160ms
[455.737s][info ][gc,start       ] GC(28395) Concurrent weak roots
[455.737s][info ][gc,task        ] GC(28395) Using 4 of 8 workers for concurrent weak root
[455.737s][info ][gc             ] GC(28395) Concurrent weak roots 0.270ms
[455.737s][info ][gc,start       ] GC(28395) Concurrent cleanup
[455.737s][info ][gc             ] GC(28395) Concurrent cleanup 1014M->970M(2048M) 0.098ms
[455.737s][info ][gc,ergo        ] GC(28395) Free: 202M, Max: 1024K regular, 6144K humongous, Frag: 98% external, 0% internal; Reserve: 103M, Max: 1024K
[455.737s][info ][gc,start       ] GC(28395) Concurrent class unloading
[455.737s][info ][gc,task        ] GC(28395) Using 4 of 8 workers for concurrent class unloading
[455.737s][debug][gc,phases,start] GC(28395) ClassLoaderData
[455.737s][debug][gc,phases      ] GC(28395) ClassLoaderData 0.005ms
[455.737s][debug][gc,phases,start] GC(28395) Trigger cleanups
[455.737s][debug][gc,phases      ] GC(28395) Trigger cleanups 0.003ms
[455.738s][info ][gc             ] GC(28395) Concurrent class unloading 0.403ms
[455.738s][info ][gc,start       ] GC(28395) Pause Final Roots
[455.738s][info ][gc             ] GC(28395) Pause Final Roots 0.024ms
[455.738s][debug][gc,ergo        ] GC(28395) Available: 202 MB, z-score=1.834. Average available: 128.9 MB +/- 41078.2 KB.
[455.738s][info ][gc,ergo        ] Free: 200M, Max: 1024K regular, 6144K humongous, Frag: 97% external, 0% internal; Reserve: 103M, Max: 1024K
[455.738s][info ][gc,stats       ] 
[455.738s][info ][gc,stats       ] All times are wall-clock times, except per-root-class counters, that are sum over
[455.738s][info ][gc,stats       ] all workers. Dividing the <total> over the root stage time estimates parallelism.
[455.738s][info ][gc,stats       ] 
[455.738s][info ][gc,stats       ] Concurrent Reset                   2235 us
[455.738s][info ][gc,stats       ] Pause Init Mark (G)                 310 us
[455.738s][info ][gc,stats       ] Pause Init Mark (N)                 218 us
[455.738s][info ][gc,stats       ]   Update Region States              146 us
[455.738s][info ][gc,stats       ] Concurrent Mark Roots               203 us, parallelism: 1.55x
[455.738s][info ][gc,stats       ]   CMR: <total>                      316 us
[455.738s][info ][gc,stats       ]   CMR: Thread Roots                 293 us, workers (us):  77,  80,  70,  66, ---, ---, ---, ---, 
[455.738s][info ][gc,stats       ]   CMR: VM Strong Roots                4 us, workers (us):   3,   0,   1,   0, ---, ---, ---, ---, 
[455.738s][info ][gc,stats       ]   CMR: CLDG Roots                    19 us, workers (us):  19, ---, ---, ---, ---, ---, ---, ---, 
[455.738s][info ][gc,stats       ] Concurrent Marking                  729 us
[455.738s][info ][gc,stats       ] Pause Final Mark (G)                587 us
[455.738s][info ][gc,stats       ] Pause Final Mark (N)                490 us
[455.738s][info ][gc,stats       ]   Finish Mark                       268 us
[455.738s][info ][gc,stats       ]   Update Region States              113 us
[455.738s][info ][gc,stats       ]   Choose Collection Set              65 us
[455.738s][info ][gc,stats       ]   Rebuild Free Set                   11 us
[455.738s][info ][gc,stats       ] Concurrent Weak References          169 us, parallelism: 0.01x
[455.738s][info ][gc,stats       ]   CWRF: <total>                       2 us
[455.738s][info ][gc,stats       ]   CWRF: Weak References               2 us, workers (us):   2,   0,   0,   0, ---, ---, ---, ---, 
[455.738s][info ][gc,stats       ] Concurrent Weak Roots               290 us
[455.738s][info ][gc,stats       ]   Roots                             168 us, parallelism: 0.57x
[455.738s][info ][gc,stats       ]     CWR: <total>                     96 us
[455.738s][info ][gc,stats       ]     CWR: Code Cache Roots            67 us, workers (us):  67,   0,   0,   0, ---, ---, ---, ---, 
[455.738s][info ][gc,stats       ]     CWR: VM Weak Roots               27 us, workers (us):  23,   3,   0,   1, ---, ---, ---, ---, 
[455.738s][info ][gc,stats       ]     CWR: CLDG Roots                   1 us, workers (us): ---,   1, ---, ---, ---, ---, ---, ---, 
[455.738s][info ][gc,stats       ]   Rendezvous                         83 us
[455.738s][info ][gc,stats       ] Concurrent Cleanup                  104 us
[455.738s][info ][gc,stats       ] Concurrent Class Unloading          416 us
[455.738s][info ][gc,stats       ]   Unlink Stale                      214 us
[455.738s][info ][gc,stats       ]     System Dictionary                28 us
[455.738s][info ][gc,stats       ]     Weak Class Links                  0 us
[455.738s][info ][gc,stats       ]     Code Roots                      185 us
[455.738s][info ][gc,stats       ]   Rendezvous                        116 us
[455.738s][info ][gc,stats       ]   Purge Unlinked                     64 us
[455.738s][info ][gc,stats       ]     Code Roots                       49 us
[455.738s][info ][gc,stats       ]     CLDG                             14 us
[455.738s][info ][gc,stats       ]     Exception Caches                  0 us
[455.738s][info ][gc,stats       ] Pause Final Roots (G)               239 us
[455.738s][info ][gc,stats       ] Pause Final Roots (N)                31 us
[455.738s][info ][gc,stats       ] Pacing                             2562 us
[455.738s][info ][gc,stats       ] 
[455.738s][info ][gc,stats       ] Allocation pacing accrued:
[455.738s][info ][gc,stats       ]       3 of     7 ms ( 37.8%): Thread-6
[455.738s][info ][gc,stats       ]       3 of     7 ms ( 37.8%): <total>
[455.738s][info ][gc,stats       ]       0 of     7 ms (  1.8%): <average total>
[455.738s][info ][gc,stats       ]       3 of     7 ms ( 37.8%): <average non-zero>
[455.738s][info ][gc,stats       ] 
[455.738s][info ][gc,metaspace   ] Metaspace: 253K(448K)->253K(448K) NonClass: 247K(320K)->247K(320K) Class: 5K(128K)->5K(128K)
[455.738s][info ][gc,ergo        ] Pacer for Idle. Initial: 41943K, Alloc Tax Rate: 1.0x
[455.739s][info ][gc             ] Trigger: Free (198M) is below minimum threshold (204M)
[455.739s][info ][gc,ergo        ] Free: 198M, Max: 1024K regular, 6144K humongous, Frag: 97% external, 0% internal; Reserve: 103M, Max: 1024K
[455.740s][info ][gc,start       ] GC(28396) Concurrent reset
[455.740s][info ][gc,task        ] GC(28396) Using 4 of 8 workers for concurrent reset
[455.740s][info ][gc,ergo        ] GC(28396) Pacer for Reset. Non-Taxable: 2048M
[455.740s][info ][gc             ] Failed to allocate Shared, 10240K
[455.740s][info ][gc             ] Cancelling GC: Allocation Failure
[455.741s][info ][gc             ] GC(28396) Concurrent reset 1.962ms
[455.742s][info ][gc,start       ] GC(28396) Pause Init Mark (unload classes)
[455.742s][info ][gc,task        ] GC(28396) Using 8 of 8 workers for init marking
[455.742s][info ][gc,ergo        ] GC(28396) Pacer for Mark. Expected Live: 980M, Free: 176M, Non-Taxable: 18072K, Alloc Tax Rate: 6.8x
[455.742s][info ][gc             ] GC(28396) Pause Init Mark (unload classes) 0.134ms
[455.742s][info ][gc,start       ] GC(28396) Concurrent marking roots
[455.742s][info ][gc,task        ] GC(28396) Using 4 of 8 workers for concurrent marking roots
[455.742s][info ][gc             ] GC(28396) Concurrent marking roots 0.233ms
[455.742s][info ][gc,ergo        ] Free: 162M, Max: 1024K regular, 6144K humongous, Frag: 97% external, 0% internal; Reserve: 103M, Max: 1024K
[455.742s][info ][gc,stats       ] 
[455.742s][info ][gc,stats       ] All times are wall-clock times, except per-root-class counters, that are sum over
[455.742s][info ][gc,stats       ] all workers. Dividing the <total> over the root stage time estimates parallelism.
[455.742s][info ][gc,stats       ] 
[455.742s][info ][gc,stats       ] Concurrent Reset                   1982 us
[455.742s][info ][gc,stats       ] Pause Init Mark (G)                 400 us
[455.742s][info ][gc,stats       ] Pause Init Mark (N)                 138 us
[455.742s][info ][gc,stats       ]   Update Region States               99 us
[455.742s][info ][gc,stats       ] Concurrent Mark Roots               262 us, parallelism: 1.46x
[455.742s][info ][gc,stats       ]   CMR: <total>                      381 us
[455.742s][info ][gc,stats       ]   CMR: Thread Roots                 347 us, workers (us):  97,  92,  95,  63, ---, ---, ---, ---, 
[455.742s][info ][gc,stats       ]   CMR: VM Strong Roots                6 us, workers (us):   3,   2,   0,   0, ---, ---, ---, ---, 
[455.742s][info ][gc,stats       ]   CMR: CLDG Roots                    29 us, workers (us):   1,  28, ---, ---, ---, ---, ---, ---, 
[455.742s][info ][gc,stats       ] Pacing                            94088 us
[455.742s][info ][gc,stats       ] 
[455.742s][info ][gc,stats       ] Allocation pacing accrued:
[455.742s][info ][gc,stats       ]      10 of     4 ms (261.2%): Thread-0
[455.742s][info ][gc,stats       ]      11 of     4 ms (264.9%): Thread-1
[455.742s][info ][gc,stats       ]      10 of     4 ms (262.7%): Thread-2
[455.742s][info ][gc,stats       ]      10 of     4 ms (253.4%): Thread-3
[455.742s][info ][gc,stats       ]      10 of     4 ms (260.0%): Thread-4
[455.742s][info ][gc,stats       ]      11 of     4 ms (270.2%): Thread-5
[455.742s][info ][gc,stats       ]      10 of     4 ms (263.3%): Thread-7
[455.742s][info ][gc,stats       ]      11 of     4 ms (264.9%): Thread-8
[455.742s][info ][gc,stats       ]      10 of     4 ms (262.7%): Thread-9
[455.742s][info ][gc,stats       ]      94 of     4 ms (2363.4%): <total>
[455.742s][info ][gc,stats       ]       4 of     4 ms (112.5%): <average total>
[455.742s][info ][gc,stats       ]      10 of     4 ms (262.6%): <average non-zero>
[455.742s][info ][gc,stats       ] 
[455.742s][info ][gc,metaspace   ] Metaspace: 253K(448K)->253K(448K) NonClass: 247K(320K)->247K(320K) Class: 5K(128K)->5K(128K)
[455.742s][info ][gc,ergo        ] Pacer for Idle. Initial: 41943K, Alloc Tax Rate: 1.0x
[455.743s][info ][gc             ] Trigger: Handle Allocation Failure
[455.744s][info ][gc,ergo        ] Free: 142M, Max: 1024K regular, 6144K humongous, Frag: 96% external, 0% internal; Reserve: 103M, Max: 1024K
[455.744s][info ][gc,start       ] GC(28397) Pause Degenerated GC (Outside of Cycle)
[455.744s][info ][gc,task        ] GC(28397) Using 8 of 8 workers for stw degenerated gc
[455.746s][info ][gc,ref         ] GC(28397) Clearing All SoftReferences
[455.746s][info ][gc,ref         ] GC(28397) Encountered references: Soft: 7, Weak: 34, Final: 0, Phantom: 1
[455.746s][info ][gc,ref         ] GC(28397) Discovered  references: Soft: 4, Weak: 9, Final: 0, Phantom: 1
[455.746s][info ][gc,ref         ] GC(28397) Enqueued    references: Soft: 0, Weak: 0, Final: 0, Phantom: 0
[455.746s][debug][gc,phases,start] GC(28397) ClassLoaderData
[455.746s][debug][gc,phases      ] GC(28397) ClassLoaderData 0.011ms
[455.746s][debug][gc,phases,start] GC(28397) Trigger cleanups
[455.746s][debug][gc,phases      ] GC(28397) Trigger cleanups 0.005ms
[455.747s][info ][gc,ergo        ] GC(28397) Collectable Garbage: 28672K (100%), Immediate: 28672K (100%), CSet: 0B (0%)
[455.747s][info ][gc,ergo        ] GC(28397) Good progress for free space: 194M, need 20971K
[455.747s][info ][gc,ergo        ] GC(28397) Good progress for used space: 28672K, need 1024K
[455.747s][info ][gc             ] GC(28397) Pause Degenerated GC (Outside of Cycle) 1002M->974M(2048M) 3.153ms
[455.747s][debug][gc,ergo        ] GC(28397) Margin of error now 3.29
[455.747s][debug][gc,ergo        ] GC(28397) Spike threshold now: 0.32
[455.747s][info ][gc,ergo        ] Free: 178M, Max: 1024K regular, 10240K humongous, Frag: 95% external, 0% internal; Reserve: 103M, Max: 1024K
[455.747s][info ][gc,stats       ] 
[455.747s][info ][gc             ] Failed to allocate Shared, 10240K
[455.747s][info ][gc             ] Cancelling GC: Allocation Failure
[455.747s][info ][gc,stats       ] All times are wall-clock times, except per-root-class counters, that are sum over
[455.747s][info ][gc,stats       ] all workers. Dividing the <total> over the root stage time estimates parallelism.
[455.747s][info ][gc,stats       ] 
[455.747s][info ][gc,stats       ] Pause Degenerated GC (G)           3518 us
[455.747s][info ][gc,stats       ] Pause Degenerated GC (N)           3160 us
[455.747s][info ][gc,stats       ]   Degen STW Mark                    563 us, parallelism: 5.39x
[455.747s][info ][gc,stats       ]     DSM: <total>                   3036 us
[455.747s][info ][gc,stats       ]     DSM: Thread Roots                90 us, workers (us):  48,  23,   9,   8,   0,   1,   1,   0, 
[455.747s][info ][gc,stats       ]     DSM: VM Strong Roots              5 us, workers (us):   0,   3,   0,   0,   0,   0,   0,   0, 
[455.747s][info ][gc,stats       ]     DSM: CLDG Roots                  20 us, workers (us):  18,   1,   0,   0,   0,   0,   0,   0, 
[455.747s][info ][gc,stats       ]     DSM: Parallel Mark             2921 us, workers (us): 393, 397, 410, 430, 421, 403, 370,  96, 
[455.747s][info ][gc,stats       ]     System Purge                    378 us
[455.747s][info ][gc,stats       ]       Weak References               122 us, parallelism: 0.02x
[455.747s][info ][gc,stats       ]         WRP: <total>                  2 us
[455.748s][info ][gc,stats       ]         WRP: Weak References          2 us, workers (us):   2,   0,   0,   0,   0,   0,   0,   0, 
[455.748s][info ][gc,stats       ]       Unload Classes                159 us, parallelism: 1.29x
[455.748s][info ][gc,stats       ]         DCU: <total>                206 us
[455.748s][info ][gc,stats       ]         DCU: Unload Code Caches      206 us, workers (us):  74,  47,  39,  24,  22,   0,   0,   0, 
[455.748s][info ][gc,stats       ]       Weak Roots                     95 us, parallelism: 0.32x
[455.748s][info ][gc,stats       ]         DWR: <total>                 30 us
[455.748s][info ][gc,stats       ]         DWR: VM Weak Roots           30 us, workers (us):  18,   6,   1,   1,   1,   1,   2,   1, 
[455.748s][info ][gc,stats       ]       CLDG                            1 us
[455.748s][info ][gc,stats       ]   Update Region States               93 us
[455.748s][info ][gc,stats       ]   Manage GC/TLABs                     2 us
[455.748s][info ][gc,stats       ]   Choose Collection Set              36 us
[455.748s][info ][gc,stats       ]   Rebuild Free Set                   11 us
[455.748s][info ][gc,stats       ]   Cleanup                            88 us
[455.748s][info ][gc,stats       ] 
[455.748s][info ][gc,stats       ] Allocation pacing accrued:
[455.748s][info ][gc,stats       ]       0 of     5 ms (  0.0%): <total>
[455.748s][info ][gc,stats       ]       0 of     5 ms (  0.0%): <average total>
[455.748s][info ][gc,stats       ] 
[455.748s][info ][gc,metaspace   ] Metaspace: 253K(448K)->253K(448K) NonClass: 247K(320K)->247K(320K) Class: 5K(128K)->5K(128K)
[455.748s][info ][gc,ergo        ] Pacer for Idle. Initial: 41943K, Alloc Tax Rate: 1.0x
[455.749s][info ][gc             ] Trigger: Handle Allocation Failure
[455.749s][info ][gc,ergo        ] Free: 158M, Max: 1024K regular, 10240K humongous, Frag: 94% external, 0% internal; Reserve: 103M, Max: 1024K
[455.749s][info ][gc,start       ] GC(28398) Pause Degenerated GC (Outside of Cycle)
[455.749s][info ][gc,task        ] GC(28398) Using 8 of 8 workers for stw degenerated gc
[455.751s][info ][gc,ref         ] GC(28398) Clearing All SoftReferences
[455.751s][info ][gc,ref         ] GC(28398) Encountered references: Soft: 7, Weak: 34, Final: 0, Phantom: 1
[455.751s][info ][gc,ref         ] GC(28398) Discovered  references: Soft: 4, Weak: 9, Final: 0, Phantom: 1
[455.751s][info ][gc,ref         ] GC(28398) Enqueued    references: Soft: 0, Weak: 0, Final: 0, Phantom: 0
[455.751s][debug][gc,phases,start] GC(28398) ClassLoaderData
[455.751s][debug][gc,phases      ] GC(28398) ClassLoaderData 0.012ms
[455.751s][debug][gc,phases,start] GC(28398) Trigger cleanups
[455.751s][debug][gc,phases      ] GC(28398) Trigger cleanups 0.005ms
[455.752s][info ][gc,ergo        ] GC(28398) Adaptive CSet Selection. Target Free: 290M, Actual Free: 261M, Max CSet: 87381K, Min Garbage: 29832K
[455.752s][info ][gc,ergo        ] GC(28398) Collectable Garbage: 0B (0%), Immediate: 0B (0%), CSet: 0B (0%)
[455.754s][info ][gc,ergo        ] GC(28398) Good progress for free space: 158M, need 20971K
[455.754s][info ][gc,ergo        ] GC(28398) Bad progress for used space: 0B, need 1024K
[455.754s][info ][gc,ergo        ] GC(28398) Bad progress for internal fragmentation: -nan%, need 1.0%
[455.754s][info ][gc,ergo        ] GC(28398) Bad progress for external fragmentation: 0.0%, need 1.0%
[455.754s][info ][gc             ] GC(28398) Cancelling GC: Upgrade To Full GC
[455.755s][info ][gc,phases,start] GC(28398) Phase 1: Mark live objects
[455.755s][info ][gc,ref         ] GC(28398) Clearing All SoftReferences
[455.755s][info ][gc,ref         ] GC(28398) Clearing All SoftReferences
[455.756s][info ][gc,ref         ] GC(28398) Encountered references: Soft: 7, Weak: 34, Final: 0, Phantom: 1
[455.756s][info ][gc,ref         ] GC(28398) Discovered  references: Soft: 4, Weak: 1, Final: 0, Phantom: 0
[455.756s][info ][gc,ref         ] GC(28398) Enqueued    references: Soft: 0, Weak: 0, Final: 0, Phantom: 0
[455.756s][debug][gc,phases,start] GC(28398) ClassLoaderData
[455.756s][debug][gc,phases      ] GC(28398) ClassLoaderData 0.027ms
[455.756s][debug][gc,phases,start] GC(28398) Trigger cleanups
[455.756s][debug][gc,phases      ] GC(28398) Trigger cleanups 0.005ms
[455.756s][info ][gc,phases      ] GC(28398) Phase 1: Mark live objects 1.040ms
[455.756s][info ][gc,phases,start] GC(28398) Phase 2: Compute new object addresses
[455.757s][info ][gc,phases      ] GC(28398) Phase 2: Compute new object addresses 0.419ms
[455.757s][info ][gc,phases,start] GC(28398) Phase 3: Adjust pointers
[455.758s][info ][gc,phases      ] GC(28398) Phase 3: Adjust pointers 1.288ms
[455.758s][info ][gc,phases,start] GC(28398) Phase 4: Move objects
[455.884s][info ][gc,phases      ] GC(28398) Phase 4: Move objects 125.353ms
[455.884s][info ][gc,ergo        ] GC(28398) Good progress for free space: 158M, need 20971K
[455.884s][info ][gc,ergo        ] GC(28398) Bad progress for used space: 496K, need 1024K
[455.884s][info ][gc,ergo        ] GC(28398) Bad progress for internal fragmentation: -nan%, need 1.0%
[455.884s][info ][gc,ergo        ] GC(28398) Good progress for external fragmentation: 91.1%, need 1.0%
[455.884s][info ][gc             ] GC(28398) Pause Degenerated GC (Outside of Cycle) 992M->992M(2048M) 135.038ms
[455.884s][debug][gc,ergo        ] GC(28398) Margin of error now 3.29
[455.884s][debug][gc,ergo        ] GC(28398) Spike threshold now: 0.32
[455.884s][info ][gc,ergo        ] Free: 138M, Max: 1024K regular, 138M humongous, Frag: 0% external, 0% internal; Reserve: 103M, Max: 1024K
[455.884s][info ][gc,stats       ] 
[455.884s][info ][gc,stats       ] All times are wall-clock times, except per-root-class counters, that are sum over
[455.884s][info ][gc,stats       ] all workers. Dividing the <total> over the root stage time estimates parallelism.
[455.884s][info ][gc,stats       ] 
[455.884s][info ][gc,stats       ] Pause Degenerated GC (G)         135382 us
[455.884s][info ][gc,stats       ] Pause Degenerated GC (N)         135044 us
[455.884s][info ][gc,stats       ]   Degen STW Mark                    609 us, parallelism: 5.25x
[455.884s][info ][gc,stats       ]     DSM: <total>                   3195 us
[455.884s][info ][gc,stats       ]     DSM: Thread Roots               161 us, workers (us):  62,  53,  18,  17,   9,   0,   1,   0, 
[455.884s][info ][gc,stats       ]     DSM: VM Strong Roots              6 us, workers (us):   0,   1,   2,   2,   0,   0,   0,   0, 
[455.884s][info ][gc,stats       ]     DSM: CLDG Roots                  29 us, workers (us):  26,   0,   1,   1,   0,   0,   0,   0, 
[455.884s][info ][gc,stats       ]     DSM: Parallel Mark             2999 us, workers (us): 347, 443, 450, 431, 391, 449, 377, 110, 
[455.884s][info ][gc,stats       ]     System Purge                    378 us
[455.884s][info ][gc,stats       ]       Weak References               138 us, parallelism: 0.01x
[455.884s][info ][gc,stats       ]         WRP: <total>                  2 us
[455.884s][info ][gc,stats       ]         WRP: Weak References          2 us, workers (us):   1,   0,   0,   0,   0,   0,   0,   0, 
[455.884s][info ][gc,stats       ]       Unload Classes                128 us, parallelism: 1.26x
[455.884s][info ][gc,stats       ]         DCU: <total>                161 us
[455.884s][info ][gc,stats       ]         DCU: Unload Code Caches      161 us, workers (us):  55,  53,  34,  18,   0,   0,   0,   0, 
[455.884s][info ][gc,stats       ]       Weak Roots                    110 us, parallelism: 0.22x
[455.884s][info ][gc,stats       ]         DWR: <total>                 24 us
[455.884s][info ][gc,stats       ]         DWR: VM Weak Roots           24 us, workers (us):  14,   6,   1,   1,   1,   1,   1,   1, 
[455.884s][info ][gc,stats       ]       CLDG                            1 us
[455.884s][info ][gc,stats       ]   Update Region States              109 us
[455.884s][info ][gc,stats       ]   Manage GC/TLABs                     2 us
[455.884s][info ][gc,stats       ]   Choose Collection Set              35 us
[455.885s][info ][gc,stats       ]   Rebuild Free Set                   10 us
[455.885s][info ][gc,stats       ]   Evacuation                        338 us
[455.885s][info ][gc,stats       ]   Manage GCLABs                       3 us
[455.885s][info ][gc,stats       ]   Update References                1509 us
[455.885s][info ][gc,stats       ]   Update Region States              100 us
[455.885s][info ][gc,stats       ]   Trash Collection Set                3 us
[455.885s][info ][gc,stats       ]   Rebuild Free Set                   16 us
[455.885s][info ][gc,stats       ]   Degen Update Roots                224 us, parallelism: 1.20x
[455.885s][info ][gc,stats       ]     DU: <total>                     269 us
[455.885s][info ][gc,stats       ]     DU: Thread Roots                 92 us, workers (us):   0,  27,  34,  21,   8,   0,   0,   1, 
[455.885s][info ][gc,stats       ]     DU: Code Cache Roots            130 us, workers (us): 129,   0,   0,   0,   0,   0,   0,   0, 
[455.885s][info ][gc,stats       ]     DU: VM Strong Roots               4 us, workers (us):   3,   0,   0,   0,   0,   0,   0,   0, 
[455.885s][info ][gc,stats       ]     DU: VM Weak Roots                24 us, workers (us):  20,   2,   1,   0,   0,   0,   0,   0, 
[455.885s][info ][gc,stats       ]     DU: CLDG Roots                   19 us, workers (us):   2,  15,   1,   0,   0,   0,   0,   0, 
[455.885s][info ][gc,stats       ]   Cleanup                            90 us
[455.885s][info ][gc,stats       ]   Pre Heap Dump                       1 us
[455.885s][info ][gc,stats       ]   Prepare                          1079 us
[455.885s][info ][gc,stats       ]   Mark                              989 us, parallelism: 2.97x
[455.885s][info ][gc,stats       ]     FM: <total>                    2941 us
[455.885s][info ][gc,stats       ]     FM: Thread Roots                120 us, workers (us):  58,  37,  20,   1,   1,   1,   1,   0, 
[455.885s][info ][gc,stats       ]     FM: VM Strong Roots               5 us, workers (us):   1,   2,   0,   0,   1,   1,   0,   0, 
[455.885s][info ][gc,stats       ]     FM: CLDG Roots                   30 us, workers (us):   1,   0,  26,   0,   1,   0,   1,   0, 
[455.885s][info ][gc,stats       ]     FM: Parallel Mark              2786 us, workers (us): 407, 417, 394, 378, 390, 361, 347,  91, 
[455.885s][info ][gc,stats       ]     System Purge                    410 us
[455.885s][info ][gc,stats       ]       Weak References               150 us, parallelism: 0.02x
[455.885s][info ][gc,stats       ]         WRP: <total>                  2 us
[455.885s][info ][gc,stats       ]         WRP: Weak References          2 us, workers (us):   2,   0,   0,   0,   0,   0,   0,   0, 
[455.885s][info ][gc,stats       ]       Unload Classes                144 us, parallelism: 0.90x
[455.885s][info ][gc,stats       ]         CU: <total>                 129 us
[455.885s][info ][gc,stats       ]         CU: Unload Code Caches      129 us, workers (us):  53,  36,  21,  19,   0,   0,   0,   0, 
[455.885s][info ][gc,stats       ]       Weak Roots                    113 us, parallelism: 0.20x
[455.885s][info ][gc,stats       ]         WR: <total>                  22 us
[455.885s][info ][gc,stats       ]         WR: VM Weak Roots            22 us, workers (us):  13,   4,   1,   1,   1,   1,   1,   1, 
[455.885s][info ][gc,stats       ]       CLDG                            1 us
[455.885s][info ][gc,stats       ]   Calculate Addresses               412 us
[455.885s][info ][gc,stats       ]     Regular Objects                 272 us
[455.885s][info ][gc,stats       ]     Humongous Objects                93 us
[455.885s][info ][gc,stats       ]   Adjust Pointers                  1281 us
[455.885s][info ][gc,stats       ]     FA: <total>                     167 us
[455.885s][info ][gc,stats       ]     FA: Thread Roots                 33 us, workers (us):  25,   1,   7,   0,   0,   0,   0,   0, 
[455.885s][info ][gc,stats       ]     FA: Code Cache Roots            110 us, workers (us):   0, 110,   0,   0,   0,   0,   0,   0, 
[455.885s][info ][gc,stats       ]     FA: VM Strong Roots               2 us, workers (us):   1,   0,   0,   0,   0,   0,   0,   0, 
[455.885s][info ][gc,stats       ]     FA: VM Weak Roots                14 us, workers (us):   9,   3,   0,   0,   0,   0,   0,   1, 
[455.885s][info ][gc,stats       ]     FA: CLDG Roots                    7 us, workers (us):   6,   1,   0,   0,   0,   0,   0,   0, 
[455.885s][info ][gc,stats       ]   Copy Objects                   125347 us
[455.885s][info ][gc,stats       ]     Regular Objects                 276 us
[455.885s][info ][gc,stats       ]     Humongous Objects            123640 us
[455.885s][info ][gc,stats       ]     Reset Complete Bitmap          1380 us
[455.885s][info ][gc,stats       ]     Rebuild Region Sets              49 us
[455.885s][info ][gc,stats       ]   Post Heap Dump                      3 us
[455.885s][info ][gc,stats       ] 
[455.885s][info ][gc,stats       ] Allocation pacing accrued:
[455.885s][info ][gc,stats       ]       0 of   137 ms (  0.0%): <total>
[455.885s][info ][gc,stats       ]       0 of   137 ms (  0.0%): <average total>
[455.885s][info ][gc,stats       ] 
[455.885s][info ][gc,metaspace   ] Metaspace: 253K(448K)->253K(448K) NonClass: 247K(320K)->247K(320K) Class: 5K(128K)->5K(128K)
[455.885s][info ][gc,ergo        ] Pacer for Idle. Initial: 41943K, Alloc Tax Rate: 1.0x
[455.886s][info ][gc             ] Trigger: Free (107M) is below minimum threshold (204M)
[455.886s][info ][gc,ergo        ] Free: 107M, Max: 1024K regular, 107M humongous, Frag: 0% external, 0% internal; Reserve: 103M, Max: 1024K
[455.886s][info ][gc,start       ] GC(28399) Concurrent reset
[455.886s][info ][gc,task        ] GC(28399) Using 4 of 8 workers for concurrent reset
[455.886s][info ][gc,ergo        ] GC(28399) Pacer for Reset. Non-Taxable: 2048M
[455.886s][info ][gc             ] GC(28399) Concurrent reset 0.177ms
[455.886s][info ][gc,start       ] GC(28399) Pause Init Mark (unload classes)
[455.886s][info ][gc,task        ] GC(28399) Using 8 of 8 workers for init marking
[455.886s][info ][gc,ergo        ] GC(28399) Pacer for Mark. Expected Live: 1380M, Free: 107M, Non-Taxable: 11006K, Alloc Tax Rate: 15.7x
[455.886s][info ][gc             ] GC(28399) Pause Init Mark (unload classes) 0.147ms
[455.886s][info ][gc,start       ] GC(28399) Concurrent marking roots
[455.886s][info ][gc,task        ] GC(28399) Using 4 of 8 workers for concurrent marking roots
[455.887s][info ][gc             ] GC(28399) Concurrent marking roots 0.239ms
[455.887s][info ][gc,start       ] GC(28399) Concurrent marking (unload classes)
[455.887s][info ][gc,task        ] GC(28399) Using 4 of 8 workers for concurrent marking
[455.887s][info ][gc             ] GC(28399) Concurrent marking (unload classes) 0.859ms
[455.888s][info ][gc,start       ] GC(28399) Pause Final Mark (unload classes)
[455.888s][info ][gc,task        ] GC(28399) Using 8 of 8 workers for final marking
[455.888s][info ][gc,ergo        ] GC(28399) Collectable Garbage: 25600K (100%), Immediate: 25600K (100%), CSet: 0B (0%)
[455.889s][info ][gc             ] GC(28399) Pause Final Mark (unload classes) 0.905ms
[455.889s][info ][gc,start       ] GC(28399) Concurrent weak references
[455.889s][info ][gc,task        ] GC(28399) Using 4 of 8 workers for concurrent weak references
[455.889s][info ][gc,ref         ] GC(28399) Encountered references: Soft: 7, Weak: 34, Final: 0, Phantom: 1
[455.889s][info ][gc,ref         ] GC(28399) Discovered  references: Soft: 0, Weak: 1, Final: 0, Phantom: 1
[455.889s][info ][gc,ref         ] GC(28399) Enqueued    references: Soft: 0, Weak: 0, Final: 0, Phantom: 0
[455.889s][info ][gc             ] GC(28399) Concurrent weak references 0.080ms
[455.889s][info ][gc,start       ] GC(28399) Concurrent weak roots
[455.889s][info ][gc,task        ] GC(28399) Using 4 of 8 workers for concurrent weak root
[455.889s][info ][gc             ] GC(28399) Concurrent weak roots 0.390ms
[455.889s][info ][gc,start       ] GC(28399) Concurrent cleanup
[455.889s][info ][gc             ] GC(28399) Concurrent cleanup 1032M->1007M(2048M) 0.105ms
[455.889s][info ][gc,ergo        ] GC(28399) Free: 128M, Max: 1024K regular, 112M humongous, Frag: 13% external, 0% internal; Reserve: 103M, Max: 1024K
[455.889s][info ][gc,start       ] GC(28399) Concurrent class unloading
[455.889s][info ][gc,task        ] GC(28399) Using 4 of 8 workers for concurrent class unloading
[455.889s][debug][gc,phases,start] GC(28399) ClassLoaderData
[455.889s][debug][gc,phases      ] GC(28399) ClassLoaderData 0.005ms
[455.889s][debug][gc,phases,start] GC(28399) Trigger cleanups
[455.889s][debug][gc,phases      ] GC(28399) Trigger cleanups 0.003ms
[455.890s][info ][gc             ] GC(28399) Concurrent class unloading 0.701ms
[455.890s][info ][gc,start       ] GC(28399) Pause Final Roots
[455.890s][info ][gc             ] GC(28399) Pause Final Roots 0.014ms
[455.890s][debug][gc,ergo        ] GC(28399) Available: 122 MB, z-score=-0.116. Average available: 127.1 MB +/- 40924.4 KB.
[455.890s][info ][gc,ergo        ] Free: 122M, Max: 1024K regular, 112M humongous, Frag: 9% external, 0% internal; Reserve: 103M, Max: 1024K
[455.890s][info ][gc,stats       ] 
[455.890s][info ][gc,stats       ] All times are wall-clock times, except per-root-class counters, that are sum over
[455.890s][info ][gc,stats       ] all workers. Dividing the <total> over the root stage time estimates parallelism.
[455.890s][info ][gc,stats       ] 
[455.890s][info ][gc,stats       ] Concurrent Reset                    198 us
[455.890s][info ][gc,stats       ] Pause Init Mark (G)                 239 us
[455.890s][info ][gc,stats       ] Pause Init Mark (N)                 154 us
[455.890s][info ][gc,stats       ]   Update Region States               95 us
[455.890s][info ][gc,stats       ] Concurrent Mark Roots               256 us, parallelism: 1.34x
[455.890s][info ][gc,stats       ]   CMR: <total>                      343 us
[455.890s][info ][gc,stats       ]   CMR: Thread Roots                 322 us, workers (us): 118, 135,  40,  28, ---, ---, ---, ---, 
[455.890s][info ][gc,stats       ]   CMR: VM Strong Roots                4 us, workers (us):   3,   0,   0,   0, ---, ---, ---, ---, 
[455.890s][info ][gc,stats       ]   CMR: CLDG Roots                    17 us, workers (us):  16,   0, ---, ---, ---, ---, ---, ---, 
[455.890s][info ][gc,stats       ] Concurrent Marking                  876 us
[455.890s][info ][gc,stats       ] Pause Final Mark (G)               1162 us
[455.890s][info ][gc,stats       ] Pause Final Mark (N)                912 us
[455.890s][info ][gc,stats       ]   Finish Mark                       624 us
[455.890s][info ][gc,stats       ]   Update Region States              129 us
[455.890s][info ][gc,stats       ]   Choose Collection Set              34 us
[455.890s][info ][gc,stats       ]   Rebuild Free Set                    9 us
[455.890s][info ][gc,stats       ] Concurrent Weak References           84 us, parallelism: 0.02x
[455.890s][info ][gc,stats       ]   CWRF: <total>                       2 us
[455.890s][info ][gc,stats       ]   CWRF: Weak References               2 us, workers (us):   2,   0,   0,   0, ---, ---, ---, ---, 
[455.890s][info ][gc,stats       ] Concurrent Weak Roots               406 us
[455.890s][info ][gc,stats       ]   Roots                             110 us, parallelism: 0.58x
[455.890s][info ][gc,stats       ]     CWR: <total>                     64 us
[455.890s][info ][gc,stats       ]     CWR: Code Cache Roots            40 us, workers (us):   0,  40,   0,   0, ---, ---, ---, ---, 
[455.890s][info ][gc,stats       ]     CWR: VM Weak Roots               23 us, workers (us):  15,   7,   0,   0, ---, ---, ---, ---, 
[455.890s][info ][gc,stats       ]     CWR: CLDG Roots                   1 us, workers (us):   1, ---, ---, ---, ---, ---, ---, ---, 
[455.890s][info ][gc,stats       ]   Rendezvous                        271 us
[455.890s][info ][gc,stats       ] Concurrent Cleanup                  122 us
[455.890s][info ][gc,stats       ] Concurrent Class Unloading          717 us
[455.890s][info ][gc,stats       ]   Unlink Stale                      312 us
[455.890s][info ][gc,stats       ]     System Dictionary                16 us
[455.890s][info ][gc,stats       ]     Weak Class Links                  0 us
[455.890s][info ][gc,stats       ]     Code Roots                      294 us
[455.890s][info ][gc,stats       ]   Rendezvous                        306 us
[455.890s][info ][gc,stats       ]   Purge Unlinked                     72 us
[455.890s][info ][gc,stats       ]     Code Roots                       57 us
[455.890s][info ][gc,stats       ]     CLDG                             15 us
[455.890s][info ][gc,stats       ]     Exception Caches                  0 us
[455.890s][info ][gc,stats       ] Pause Final Roots (G)                90 us
[455.890s][info ][gc,stats       ] Pause Final Roots (N)                19 us
[455.890s][info ][gc,stats       ] 
[455.890s][info ][gc,stats       ] Allocation pacing accrued:
[455.890s][info ][gc,stats       ]       0 of     6 ms (  0.0%): <total>
[455.890s][info ][gc,stats       ]       0 of     6 ms (  0.0%): <average total>
[455.890s][info ][gc,stats       ] 
[455.890s][info ][gc,metaspace   ] Metaspace: 253K(448K)->253K(448K) NonClass: 247K(320K)->247K(320K) Class: 5K(128K)->5K(128K)
[455.890s][info ][gc,ergo        ] Pacer for Idle. Initial: 41943K, Alloc Tax Rate: 1.0x
[455.892s][info ][gc             ] Trigger: Free (110M) is below minimum threshold (204M)
[455.892s][info ][gc,ergo        ] Free: 108M, Max: 1024K regular, 108M humongous, Frag: 0% external, 0% internal; Reserve: 103M, Max: 1024K
[455.892s][info ][gc,start       ] GC(28400) Concurrent reset
[455.892s][info ][gc,task        ] GC(28400) Using 4 of 8 workers for concurrent reset
[455.892s][info ][gc,ergo        ] GC(28400) Pacer for Reset. Non-Taxable: 2048M
[455.893s][info ][gc             ] GC(28400) Concurrent reset 1.865ms
[455.894s][info ][gc,start       ] GC(28400) Pause Init Mark (unload classes)
[455.894s][info ][gc,task        ] GC(28400) Using 8 of 8 workers for init marking
[455.894s][info ][gc,ergo        ] GC(28400) Pacer for Mark. Expected Live: 1380M, Free: 94704K, Non-Taxable: 9470K, Alloc Tax Rate: 18.2x
[455.894s][info ][gc             ] GC(28400) Pause Init Mark (unload classes) 0.172ms
[455.894s][info ][gc,start       ] GC(28400) Concurrent marking roots
[455.894s][info ][gc,task        ] GC(28400) Using 4 of 8 workers for concurrent marking roots
[455.894s][info ][gc             ] GC(28400) Concurrent marking roots 0.296ms
[455.894s][info ][gc,start       ] GC(28400) Concurrent marking (unload classes)
[455.894s][info ][gc,task        ] GC(28400) Using 4 of 8 workers for concurrent marking
[455.895s][info ][gc             ] GC(28400) Concurrent marking (unload classes) 0.530ms
[455.895s][info ][gc,start       ] GC(28400) Pause Final Mark (unload classes)
[455.895s][info ][gc,task        ] GC(28400) Using 8 of 8 workers for final marking
[455.895s][info ][gc,ergo        ] GC(28400) Collectable Garbage: 53248K (100%), Immediate: 53248K (100%), CSet: 0B (0%)
[455.895s][info ][gc             ] GC(28400) Pause Final Mark (unload classes) 0.459ms
[455.896s][info ][gc,start       ] GC(28400) Concurrent weak references
[455.896s][info ][gc,task        ] GC(28400) Using 4 of 8 workers for concurrent weak references
[455.896s][info ][gc,ref         ] GC(28400) Encountered references: Soft: 7, Weak: 34, Final: 0, Phantom: 1
[455.896s][info ][gc,ref         ] GC(28400) Discovered  references: Soft: 0, Weak: 1, Final: 0, Phantom: 1
[455.896s][info ][gc,ref         ] GC(28400) Enqueued    references: Soft: 0, Weak: 0, Final: 0, Phantom: 0
[455.896s][info ][gc             ] GC(28400) Concurrent weak references 0.204ms
[455.896s][info ][gc,start       ] GC(28400) Concurrent weak roots
[455.896s][info ][gc,task        ] GC(28400) Using 4 of 8 workers for concurrent weak root
[455.896s][info ][gc             ] GC(28400) Concurrent weak roots 0.177ms
[455.896s][info ][gc,start       ] GC(28400) Concurrent cleanup
[455.896s][info ][gc             ] GC(28400) Concurrent cleanup 1043M->991M(2048M) 0.092ms
[455.896s][info ][gc,ergo        ] GC(28400) Free: 151M, Max: 1024K regular, 104M humongous, Frag: 32% external, 0% internal; Reserve: 103M, Max: 1024K
[455.896s][info ][gc,start       ] GC(28400) Concurrent class unloading
[455.896s][info ][gc,task        ] GC(28400) Using 4 of 8 workers for concurrent class unloading
[455.896s][debug][gc,phases,start] GC(28400) ClassLoaderData
[455.896s][debug][gc,phases      ] GC(28400) ClassLoaderData 0.005ms
[455.896s][debug][gc,phases,start] GC(28400) Trigger cleanups
[455.896s][debug][gc,phases      ] GC(28400) Trigger cleanups 0.003ms
[455.896s][info ][gc             ] GC(28400) Concurrent class unloading 0.387ms
[455.897s][info ][gc,start       ] GC(28400) Pause Final Roots
[455.897s][info ][gc             ] GC(28400) Pause Final Roots 0.011ms
[455.897s][debug][gc,ergo        ] GC(28400) Available: 151 MB, z-score=0.619. Average available: 126.8 MB +/- 40736.4 KB.
[455.897s][info ][gc,ergo        ] Free: 151M, Max: 1024K regular, 104M humongous, Frag: 32% external, 0% internal; Reserve: 103M, Max: 1024K
[455.897s][info ][gc,stats       ] 
[455.897s][info ][gc,stats       ] All times are wall-clock times, except per-root-class counters, that are sum over
[455.897s][info ][gc,stats       ] all workers. Dividing the <total> over the root stage time estimates parallelism.
[455.897s][info ][gc,stats       ] 
[455.897s][info ][gc,stats       ] Concurrent Reset                   1886 us
[455.897s][info ][gc,stats       ] Pause Init Mark (G)                 516 us
[455.897s][info ][gc,stats       ] Pause Init Mark (N)                 179 us
[455.897s][info ][gc,stats       ]   Update Region States              117 us
[455.897s][info ][gc,stats       ] Concurrent Mark Roots               317 us, parallelism: 0.83x
[455.897s][info ][gc,stats       ]   CMR: <total>                      263 us
[455.897s][info ][gc,stats       ]   CMR: Thread Roots                 228 us, workers (us): 108, 110,  11,   0, ---, ---, ---, ---, 
[455.897s][info ][gc,stats       ]   CMR: VM Strong Roots                5 us, workers (us):   4,   0,   1,   0, ---, ---, ---, ---, 
[455.897s][info ][gc,stats       ]   CMR: CLDG Roots                    29 us, workers (us):  29,   0, ---, ---, ---, ---, ---, ---, 
[455.897s][info ][gc,stats       ] Concurrent Marking                  546 us
[455.897s][info ][gc,stats       ] Pause Final Mark (G)                702 us
[455.897s][info ][gc,stats       ] Pause Final Mark (N)                464 us
[455.897s][info ][gc,stats       ]   Finish Mark                       281 us
[455.897s][info ][gc,stats       ]   Update Region States              103 us
[455.897s][info ][gc,stats       ]   Choose Collection Set              44 us
[455.897s][info ][gc,stats       ]   Rebuild Free Set                    7 us
[455.897s][info ][gc,stats       ] Concurrent Weak References          208 us, parallelism: 0.01x
[455.897s][info ][gc,stats       ]   CWRF: <total>                       2 us
[455.897s][info ][gc,stats       ]   CWRF: Weak References               2 us, workers (us):   1,   0,   0,   0, ---, ---, ---, ---, 
[455.897s][info ][gc,stats       ] Concurrent Weak Roots               187 us
[455.897s][info ][gc,stats       ]   Roots                             108 us, parallelism: 0.66x
[455.897s][info ][gc,stats       ]     CWR: <total>                     71 us
[455.897s][info ][gc,stats       ]     CWR: Code Cache Roots            47 us, workers (us):  47,   0,   0,   0, ---, ---, ---, ---, 
[455.897s][info ][gc,stats       ]     CWR: VM Weak Roots               23 us, workers (us):  12,  10,   0,   0, ---, ---, ---, ---, 
[455.897s][info ][gc,stats       ]     CWR: CLDG Roots                   1 us, workers (us): ---,   1, ---, ---, ---, ---, ---, ---, 
[455.897s][info ][gc,stats       ]   Rendezvous                         58 us
[455.897s][info ][gc,stats       ] Concurrent Cleanup                   96 us
[455.897s][info ][gc,stats       ] Concurrent Class Unloading          406 us
[455.897s][info ][gc,stats       ]   Unlink Stale                      225 us
[455.897s][info ][gc,stats       ]     System Dictionary                15 us
[455.897s][info ][gc,stats       ]     Weak Class Links                  0 us
[455.897s][info ][gc,stats       ]     Code Roots                      210 us
[455.897s][info ][gc,stats       ]   Rendezvous                         80 us
[455.897s][info ][gc,stats       ]   Purge Unlinked                     71 us
[455.897s][info ][gc,stats       ]     Code Roots                       56 us
[455.897s][info ][gc,stats       ]     CLDG                             14 us
[455.897s][info ][gc,stats       ]     Exception Caches                  0 us
[455.897s][info ][gc,stats       ] Pause Final Roots (G)                77 us
[455.897s][info ][gc,stats       ] Pause Final Roots (N)                16 us
[455.897s][info ][gc,stats       ] Pacing                            36500 us
[455.897s][info ][gc,stats       ] 
[455.897s][info ][gc,stats       ] Allocation pacing accrued:
[455.897s][info ][gc,stats       ]       7 of     7 ms (112.5%): Thread-2
[455.897s][info ][gc,stats       ]       7 of     7 ms (112.8%): Thread-3
[455.897s][info ][gc,stats       ]       7 of     7 ms (110.6%): Thread-4
[455.897s][info ][gc,stats       ]       7 of     7 ms (109.3%): Thread-6
[455.897s][info ][gc,stats       ]       7 of     7 ms (110.4%): Thread-8
[455.897s][info ][gc,stats       ]      37 of     7 ms (555.5%): <total>
[455.897s][info ][gc,stats       ]       2 of     7 ms ( 26.5%): <average total>
[455.897s][info ][gc,stats       ]       7 of     7 ms (111.1%): <average non-zero>
[455.897s][info ][gc,stats       ] 
[455.897s][info ][gc,metaspace   ] Metaspace: 253K(448K)->253K(448K) NonClass: 247K(320K)->247K(320K) Class: 5K(128K)->5K(128K)
[455.897s][info ][gc,ergo        ] Pacer for Idle. Initial: 41943K, Alloc Tax Rate: 1.0x
[455.898s][info ][gc             ] Trigger: Free (110M) is below minimum threshold (204M)
[455.898s][info ][gc,ergo        ] Free: 108M, Max: 1024K regular, 104M humongous, Frag: 4% external, 0% internal; Reserve: 103M, Max: 1024K
[455.898s][info ][gc,start       ] GC(28401) Concurrent reset
[455.898s][info ][gc,task        ] GC(28401) Using 4 of 8 workers for concurrent reset
[455.898s][info ][gc,ergo        ] GC(28401) Pacer for Reset. Non-Taxable: 2048M
[455.900s][info ][gc             ] GC(28401) Concurrent reset 2.176ms
[455.901s][info ][gc,start       ] GC(28401) Pause Init Mark (unload classes)
[455.901s][info ][gc,task        ] GC(28401) Using 8 of 8 workers for init marking
[455.901s][info ][gc,ergo        ] GC(28401) Pacer for Mark. Expected Live: 1380M, Free: 80368K, Non-Taxable: 8036K, Alloc Tax Rate: 21.5x
[455.901s][info ][gc             ] GC(28401) Pause Init Mark (unload classes) 0.155ms
[455.901s][info ][gc,start       ] GC(28401) Concurrent marking roots
[455.901s][info ][gc,task        ] GC(28401) Using 4 of 8 workers for concurrent marking roots
[455.901s][info ][gc             ] GC(28401) Concurrent marking roots 0.223ms
[455.901s][info ][gc,start       ] GC(28401) Concurrent marking (unload classes)
[455.901s][info ][gc,task        ] GC(28401) Using 4 of 8 workers for concurrent marking
[455.902s][info ][gc             ] GC(28401) Concurrent marking (unload classes) 0.525ms
[455.902s][info ][gc,start       ] GC(28401) Pause Final Mark (unload classes)
[455.902s][info ][gc,task        ] GC(28401) Using 8 of 8 workers for final marking
[455.902s][info ][gc,ergo        ] GC(28401) Collectable Garbage: 36864K (100%), Immediate: 36864K (100%), CSet: 0B (0%)
[455.902s][info ][gc             ] GC(28401) Pause Final Mark (unload classes) 0.526ms
[455.902s][info ][gc,start       ] GC(28401) Concurrent weak references
[455.902s][info ][gc,task        ] GC(28401) Using 4 of 8 workers for concurrent weak references
[455.902s][info ][gc,ref         ] GC(28401) Encountered references: Soft: 7, Weak: 34, Final: 0, Phantom: 1
[455.902s][info ][gc,ref         ] GC(28401) Discovered  references: Soft: 0, Weak: 1, Final: 0, Phantom: 1
[455.902s][info ][gc,ref         ] GC(28401) Enqueued    references: Soft: 0, Weak: 0, Final: 0, Phantom: 0
[455.902s][info ][gc             ] GC(28401) Concurrent weak references 0.100ms
[455.902s][info ][gc,start       ] GC(28401) Concurrent weak roots
[455.902s][info ][gc,task        ] GC(28401) Using 4 of 8 workers for concurrent weak root
[455.903s][info ][gc             ] GC(28401) Concurrent weak roots 0.203ms
[455.903s][info ][gc,start       ] GC(28401) Concurrent cleanup
[455.903s][info ][gc             ] GC(28401) Concurrent cleanup 1041M->1005M(2048M) 0.099ms
[455.903s][info ][gc,ergo        ] GC(28401) Free: 132M, Max: 1024K regular, 81920K humongous, Frag: 40% external, 0% internal; Reserve: 103M, Max: 1024K
[455.903s][info ][gc,start       ] GC(28401) Concurrent class unloading
[455.903s][info ][gc,task        ] GC(28401) Using 4 of 8 workers for concurrent class unloading
[455.903s][debug][gc,phases,start] GC(28401) ClassLoaderData
[455.903s][debug][gc,phases      ] GC(28401) ClassLoaderData 0.006ms
[455.903s][debug][gc,phases,start] GC(28401) Trigger cleanups
[455.903s][debug][gc,phases      ] GC(28401) Trigger cleanups 0.005ms
[455.903s][info ][gc             ] GC(28401) Concurrent class unloading 0.306ms
[455.903s][info ][gc,start       ] GC(28401) Pause Final Roots
[455.903s][info ][gc             ] GC(28401) Pause Final Roots 0.016ms
[455.903s][debug][gc,ergo        ] GC(28401) Available: 132 MB, z-score=-0.002. Average available: 132.6 MB +/- 36742.0 KB.
[455.903s][info ][gc,ergo        ] Free: 132M, Max: 1024K regular, 81920K humongous, Frag: 40% external, 0% internal; Reserve: 103M, Max: 1024K
[455.903s][info ][gc,stats       ] 
[455.903s][info ][gc,stats       ] All times are wall-clock times, except per-root-class counters, that are sum over
[455.903s][info ][gc,stats       ] all workers. Dividing the <total> over the root stage time estimates parallelism.
[455.903s][info ][gc,stats       ] 
[455.903s][info ][gc,stats       ] Concurrent Reset                   2201 us
[455.903s][info ][gc,stats       ] Pause Init Mark (G)                 429 us
[455.903s][info ][gc,stats       ] Pause Init Mark (N)                 161 us
[455.903s][info ][gc,stats       ]   Update Region States              121 us
[455.903s][info ][gc,stats       ] Concurrent Mark Roots               240 us, parallelism: 1.31x
[455.903s][info ][gc,stats       ]   CMR: <total>                      315 us
[455.903s][info ][gc,stats       ]   CMR: Thread Roots                 285 us, workers (us):  84,  92,  87,  21, ---, ---, ---, ---, 
[455.903s][info ][gc,stats       ]   CMR: VM Strong Roots                4 us, workers (us):   3,   0,   0,   0, ---, ---, ---, ---, 
[455.903s][info ][gc,stats       ]   CMR: CLDG Roots                    26 us, workers (us):  25,   1, ---, ---, ---, ---, ---, ---, 
[455.903s][info ][gc,stats       ] Concurrent Marking                  541 us
[455.903s][info ][gc,stats       ] Pause Final Mark (G)                692 us
[455.903s][info ][gc,stats       ] Pause Final Mark (N)                533 us
[455.903s][info ][gc,stats       ]   Finish Mark                       305 us
[455.903s][info ][gc,stats       ]   Update Region States              129 us
[455.903s][info ][gc,stats       ]   Choose Collection Set              45 us
[455.903s][info ][gc,stats       ]   Rebuild Free Set                   11 us
[455.903s][info ][gc,stats       ] Concurrent Weak References          115 us, parallelism: 0.01x
[455.903s][info ][gc,stats       ]   CWRF: <total>                       1 us
[455.903s][info ][gc,stats       ]   CWRF: Weak References               1 us, workers (us):   1,   0,   0,   0, ---, ---, ---, ---, 
[455.903s][info ][gc,stats       ] Concurrent Weak Roots               218 us
[455.903s][info ][gc,stats       ]   Roots                             100 us, parallelism: 0.52x
[455.903s][info ][gc,stats       ]     CWR: <total>                     52 us
[455.903s][info ][gc,stats       ]     CWR: Code Cache Roots            31 us, workers (us):   0,  31,   0,   0, ---, ---, ---, ---, 
[455.903s][info ][gc,stats       ]     CWR: VM Weak Roots               20 us, workers (us):  15,   5,   0,   0, ---, ---, ---, ---, 
[455.903s][info ][gc,stats       ]     CWR: CLDG Roots                   1 us, workers (us):   1, ---, ---, ---, ---, ---, ---, ---, 
[455.903s][info ][gc,stats       ]   Rendezvous                         62 us
[455.903s][info ][gc,stats       ] Concurrent Cleanup                  105 us
[455.903s][info ][gc,stats       ] Concurrent Class Unloading          317 us
[455.903s][info ][gc,stats       ]   Unlink Stale                      164 us
[455.903s][info ][gc,stats       ]     System Dictionary                22 us
[455.903s][info ][gc,stats       ]     Weak Class Links                  0 us
[455.903s][info ][gc,stats       ]     Code Roots                      142 us
[455.903s][info ][gc,stats       ]   Rendezvous                         62 us
[455.903s][info ][gc,stats       ]   Purge Unlinked                     68 us
[455.903s][info ][gc,stats       ]     Code Roots                       54 us
[455.903s][info ][gc,stats       ]     CLDG                             13 us
[455.903s][info ][gc,stats       ]     Exception Caches                  0 us
[455.903s][info ][gc,stats       ] Pause Final Roots (G)                82 us
[455.903s][info ][gc,stats       ] Pause Final Roots (N)                22 us
[455.903s][info ][gc,stats       ] 
[455.903s][info ][gc,stats       ] Allocation pacing accrued:
[455.903s][info ][gc,stats       ]       0 of     7 ms (  0.0%): <total>
[455.903s][info ][gc,stats       ]       0 of     7 ms (  0.0%): <average total>
[455.903s][info ][gc,stats       ] 
[455.903s][info ][gc,metaspace   ] Metaspace: 253K(448K)->253K(448K) NonClass: 247K(320K)->247K(320K) Class: 5K(128K)->5K(128K)
[455.903s][info ][gc,ergo        ] Pacer for Idle. Initial: 41943K, Alloc Tax Rate: 1.0x
[455.905s][info ][gc             ] Trigger: Free (108M) is below minimum threshold (204M)
[455.905s][info ][gc,ergo        ] Free: 106M, Max: 1024K regular, 81920K humongous, Frag: 25% external, 0% internal; Reserve: 103M, Max: 1024K
[455.905s][info ][gc,start       ] GC(28402) Concurrent reset
[455.905s][info ][gc,task        ] GC(28402) Using 4 of 8 workers for concurrent reset
[455.905s][info ][gc,ergo        ] GC(28402) Pacer for Reset. Non-Taxable: 2048M
[455.907s][info ][gc             ] GC(28402) Concurrent reset 2.557ms
[455.907s][info ][gc,start       ] GC(28402) Pause Init Mark (unload classes)
[455.907s][info ][gc,task        ] GC(28402) Using 8 of 8 workers for init marking
[455.908s][info ][gc,ergo        ] GC(28402) Pacer for Mark. Expected Live: 1379M, Free: 70128K, Non-Taxable: 7012K, Alloc Tax Rate: 24.6x
[455.908s][info ][gc             ] GC(28402) Pause Init Mark (unload classes) 0.159ms
[455.908s][info ][gc,start       ] GC(28402) Concurrent marking roots
[455.908s][info ][gc,task        ] GC(28402) Using 4 of 8 workers for concurrent marking roots
[455.908s][info ][gc             ] GC(28402) Concurrent marking roots 0.188ms
[455.908s][info ][gc,start       ] GC(28402) Concurrent marking (unload classes)
[455.908s][info ][gc,task        ] GC(28402) Using 4 of 8 workers for concurrent marking
[455.908s][info ][gc             ] GC(28402) Concurrent marking (unload classes) 0.581ms
[455.908s][info ][gc,start       ] GC(28402) Pause Final Mark (unload classes)
[455.908s][info ][gc,task        ] GC(28402) Using 8 of 8 workers for final marking
[455.909s][info ][gc,ergo        ] GC(28402) Collectable Garbage: 43008K (100%), Immediate: 43008K (100%), CSet: 0B (0%)
[455.909s][info ][gc             ] GC(28402) Pause Final Mark (unload classes) 0.447ms
[455.909s][info ][gc,start       ] GC(28402) Concurrent weak references
[455.909s][info ][gc,task        ] GC(28402) Using 4 of 8 workers for concurrent weak references
[455.909s][info ][gc,ref         ] GC(28402) Encountered references: Soft: 7, Weak: 34, Final: 0, Phantom: 1
[455.909s][info ][gc,ref         ] GC(28402) Discovered  references: Soft: 0, Weak: 1, Final: 0, Phantom: 1
[455.909s][info ][gc,ref         ] GC(28402) Enqueued    references: Soft: 0, Weak: 0, Final: 0, Phantom: 0
[455.909s][info ][gc             ] GC(28402) Concurrent weak references 0.131ms
[455.909s][info ][gc,start       ] GC(28402) Concurrent weak roots
[455.909s][info ][gc,task        ] GC(28402) Using 4 of 8 workers for concurrent weak root
[455.910s][info ][gc             ] GC(28402) Concurrent weak roots 0.780ms
[455.910s][info ][gc,start       ] GC(28402) Concurrent cleanup
[455.910s][info ][gc             ] GC(28402) Concurrent cleanup 1060M->1018M(2048M) 0.103ms
[455.910s][info ][gc,ergo        ] GC(28402) Free: 115M, Max: 1024K regular, 44032K humongous, Frag: 63% external, 0% internal; Reserve: 103M, Max: 1024K
[455.910s][info ][gc,start       ] GC(28402) Concurrent class unloading
[455.910s][info ][gc,task        ] GC(28402) Using 4 of 8 workers for concurrent class unloading
[455.910s][debug][gc,phases,start] GC(28402) ClassLoaderData
[455.910s][debug][gc,phases      ] GC(28402) ClassLoaderData 0.007ms
[455.910s][debug][gc,phases,start] GC(28402) Trigger cleanups
[455.910s][debug][gc,phases      ] GC(28402) Trigger cleanups 0.005ms
[455.910s][info ][gc             ] GC(28402) Concurrent class unloading 0.377ms
[455.910s][info ][gc,start       ] GC(28402) Pause Final Roots
[455.911s][info ][gc             ] GC(28402) Pause Final Roots 0.011ms
[455.911s][debug][gc,ergo        ] GC(28402) Available: 107 MB, z-score=-0.708. Average available: 132.8 MB +/- 36578.6 KB.
[455.911s][info ][gc,ergo        ] Free: 107M, Max: 1024K regular, 44032K humongous, Frag: 60% external, 0% internal; Reserve: 103M, Max: 1024K
[455.911s][info ][gc,stats       ] 
[455.911s][info ][gc,stats       ] All times are wall-clock times, except per-root-class counters, that are sum over
[455.911s][info ][gc,stats       ] all workers. Dividing the <total> over the root stage time estimates parallelism.
[455.911s][info ][gc,stats       ] 
[455.911s][info ][gc,stats       ] Concurrent Reset                   2577 us
[455.911s][info ][gc,stats       ] Pause Init Mark (G)                 439 us
[455.911s][info ][gc,stats       ] Pause Init Mark (N)                 165 us
[455.911s][info ][gc,stats       ]   Update Region States              124 us
[455.911s][info ][gc,stats       ] Concurrent Mark Roots               203 us, parallelism: 1.54x
[455.911s][info ][gc,stats       ]   CMR: <total>                      313 us
[455.911s][info ][gc,stats       ]   CMR: Thread Roots                 291 us, workers (us):  86,  89,  58,  58, ---, ---, ---, ---, 
[455.911s][info ][gc,stats       ]   CMR: VM Strong Roots                4 us, workers (us):   2,   0,   1,   0, ---, ---, ---, ---, 
[455.911s][info ][gc,stats       ]   CMR: CLDG Roots                    18 us, workers (us):  17,   1, ---, ---, ---, ---, ---, ---, 
[455.911s][info ][gc,stats       ] Concurrent Marking                  596 us
[455.911s][info ][gc,stats       ] Pause Final Mark (G)                576 us
[455.911s][info ][gc,stats       ] Pause Final Mark (N)                454 us
[455.911s][info ][gc,stats       ]   Finish Mark                       262 us
[455.911s][info ][gc,stats       ]   Update Region States              106 us
[455.911s][info ][gc,stats       ]   Choose Collection Set              44 us
[455.911s][info ][gc,stats       ]   Rebuild Free Set                   10 us
[455.911s][info ][gc,stats       ] Concurrent Weak References          138 us, parallelism: 0.02x
[455.911s][info ][gc,stats       ]   CWRF: <total>                       2 us
[455.911s][info ][gc,stats       ]   CWRF: Weak References               2 us, workers (us):   2,   0,   0,   0, ---, ---, ---, ---, 
[455.911s][info ][gc,stats       ] Concurrent Weak Roots               797 us
[455.911s][info ][gc,stats       ]   Roots                             194 us, parallelism: 0.57x
[455.911s][info ][gc,stats       ]     CWR: <total>                    110 us
[455.911s][info ][gc,stats       ]     CWR: Code Cache Roots            76 us, workers (us):  75,   0,   0,   0, ---, ---, ---, ---, 
[455.911s][info ][gc,stats       ]     CWR: VM Weak Roots               33 us, workers (us):  29,   2,   2,   0, ---, ---, ---, ---, 
[455.911s][info ][gc,stats       ]     CWR: CLDG Roots                   1 us, workers (us): ---,   1, ---, ---, ---, ---, ---, ---, 
[455.911s][info ][gc,stats       ]   Rendezvous                        559 us
[455.911s][info ][gc,stats       ] Concurrent Cleanup                  109 us
[455.911s][info ][gc,stats       ] Concurrent Class Unloading          392 us
[455.911s][info ][gc,stats       ]   Unlink Stale                      217 us
[455.911s][info ][gc,stats       ]     System Dictionary                22 us
[455.911s][info ][gc,stats       ]     Weak Class Links                  0 us
[455.911s][info ][gc,stats       ]     Code Roots                      194 us
[455.911s][info ][gc,stats       ]   Rendezvous                         95 us
[455.911s][info ][gc,stats       ]   Purge Unlinked                     52 us
[455.911s][info ][gc,stats       ]     Code Roots                       48 us
[455.911s][info ][gc,stats       ]     CLDG                              3 us
[455.911s][info ][gc,stats       ]     Exception Caches                  0 us
[455.911s][info ][gc,stats       ] Pause Final Roots (G)                67 us
[455.911s][info ][gc,stats       ] Pause Final Roots (N)                15 us
[455.911s][info ][gc,stats       ] Pacing                            14769 us
[455.911s][info ][gc,stats       ] 
[455.911s][info ][gc,stats       ] Allocation pacing accrued:
[455.911s][info ][gc,stats       ]       3 of     7 ms ( 39.9%): Thread-0
[455.911s][info ][gc,stats       ]       3 of     7 ms ( 39.8%): Thread-4
[455.911s][info ][gc,stats       ]       3 of     7 ms ( 39.9%): Thread-5
[455.911s][info ][gc,stats       ]       3 of     7 ms ( 40.6%): Thread-6
[455.911s][info ][gc,stats       ]       3 of     7 ms ( 41.3%): Thread-7
[455.911s][info ][gc,stats       ]      15 of     7 ms (201.5%): <total>
[455.911s][info ][gc,stats       ]       1 of     7 ms (  9.6%): <average total>
[455.911s][info ][gc,stats       ]       3 of     7 ms ( 40.3%): <average non-zero>
[455.911s][info ][gc,stats       ] 
[455.911s][info ][gc,metaspace   ] Metaspace: 253K(448K)->253K(448K) NonClass: 247K(320K)->247K(320K) Class: 5K(128K)->5K(128K)
[455.911s][info ][gc,ergo        ] Pacer for Idle. Initial: 41943K, Alloc Tax Rate: 1.0x
[455.912s][info ][gc             ] Trigger: Free (101872K) is below minimum threshold (204M)
[455.912s][info ][gc,ergo        ] Free: 101872K, Max: 1024K regular, 44032K humongous, Frag: 57% external, 0% internal; Reserve: 103M, Max: 1024K
[455.912s][info ][gc,start       ] GC(28403) Concurrent reset
[455.912s][info ][gc,task        ] GC(28403) Using 4 of 8 workers for concurrent reset
[455.912s][info ][gc,ergo        ] GC(28403) Pacer for Reset. Non-Taxable: 2048M
[455.914s][info ][gc             ] GC(28403) Concurrent reset 1.814ms
[455.914s][info ][gc,start       ] GC(28403) Pause Init Mark (unload classes)
[455.914s][info ][gc,task        ] GC(28403) Using 8 of 8 workers for init marking
[455.914s][info ][gc,ergo        ] GC(28403) Pacer for Mark. Expected Live: 1384M, Free: 91632K, Non-Taxable: 9163K, Alloc Tax Rate: 18.9x
[455.914s][info ][gc             ] GC(28403) Pause Init Mark (unload classes) 0.123ms
[455.914s][info ][gc,start       ] GC(28403) Concurrent marking roots
[455.914s][info ][gc,task        ] GC(28403) Using 4 of 8 workers for concurrent marking roots
[455.914s][info ][gc             ] GC(28403) Concurrent marking roots 0.196ms
[455.914s][info ][gc,start       ] GC(28403) Concurrent marking (unload classes)
[455.914s][info ][gc,task        ] GC(28403) Using 4 of 8 workers for concurrent marking
[455.915s][info ][gc             ] GC(28403) Concurrent marking (unload classes) 0.436ms
[455.915s][info ][gc,start       ] GC(28403) Pause Final Mark (unload classes)
[455.915s][info ][gc,task        ] GC(28403) Using 8 of 8 workers for final marking
[455.915s][info ][gc,ergo        ] GC(28403) Collectable Garbage: 37888K (100%), Immediate: 37888K (100%), CSet: 0B (0%)
[455.915s][info ][gc             ] GC(28403) Pause Final Mark (unload classes) 0.472ms
[455.915s][info ][gc,start       ] GC(28403) Concurrent weak references
[455.915s][info ][gc,task        ] GC(28403) Using 4 of 8 workers for concurrent weak references
[455.915s][info ][gc,ref         ] GC(28403) Encountered references: Soft: 7, Weak: 34, Final: 0, Phantom: 1
[455.916s][info ][gc,ref         ] GC(28403) Discovered  references: Soft: 0, Weak: 9, Final: 0, Phantom: 1
[455.916s][info ][gc,ref         ] GC(28403) Enqueued    references: Soft: 0, Weak: 0, Final: 0, Phantom: 0
[455.916s][info ][gc             ] GC(28403) Concurrent weak references 0.198ms
[455.916s][info ][gc,start       ] GC(28403) Concurrent weak roots
[455.916s][info ][gc,task        ] GC(28403) Using 4 of 8 workers for concurrent weak root
[455.916s][info ][gc             ] GC(28403) Concurrent weak roots 0.179ms
[455.916s][info ][gc,start       ] GC(28403) Concurrent cleanup
[455.916s][info ][gc             ] GC(28403) Concurrent cleanup 1044M->1007M(2048M) 0.091ms
[455.916s][info ][gc,ergo        ] GC(28403) Free: 137M, Max: 1024K regular, 44032K humongous, Frag: 69% external, 0% internal; Reserve: 103M, Max: 1024K
[455.916s][info ][gc,start       ] GC(28403) Concurrent class unloading
[455.916s][info ][gc,task        ] GC(28403) Using 4 of 8 workers for concurrent class unloading
[455.916s][debug][gc,phases,start] GC(28403) ClassLoaderData
[455.916s][debug][gc,phases      ] GC(28403) ClassLoaderData 0.005ms
[455.916s][debug][gc,phases,start] GC(28403) Trigger cleanups
[455.916s][debug][gc,phases      ] GC(28403) Trigger cleanups 0.003ms
[455.916s][info ][gc             ] GC(28403) Concurrent class unloading 0.281ms
[455.916s][info ][gc,start       ] GC(28403) Pause Final Roots
[455.916s][info ][gc             ] GC(28403) Pause Final Roots 0.016ms
[455.916s][debug][gc,ergo        ] GC(28403) Available: 137 MB, z-score=-0.104. Average available: 140.3 MB +/- 27624.5 KB.
[455.916s][info ][gc,ergo        ] Free: 137M, Max: 1024K regular, 44032K humongous, Frag: 69% external, 0% internal; Reserve: 103M, Max: 1024K
[455.916s][info ][gc,stats       ] 
[455.916s][info ][gc,stats       ] All times are wall-clock times, except per-root-class counters, that are sum over
[455.916s][info ][gc,stats       ] all workers. Dividing the <total> over the root stage time estimates parallelism.
[455.916s][info ][gc,stats       ] 
[455.916s][info ][gc,stats       ] Concurrent Reset                   1833 us
[455.916s][info ][gc,stats       ] Pause Init Mark (G)                 349 us
[455.916s][info ][gc,stats       ] Pause Init Mark (N)                 129 us
[455.916s][info ][gc,stats       ]   Update Region States               92 us
[455.916s][info ][gc,stats       ] Concurrent Mark Roots               216 us, parallelism: 1.02x
[455.916s][info ][gc,stats       ]   CMR: <total>                      220 us
[455.916s][info ][gc,stats       ]   CMR: Thread Roots                 191 us, workers (us):  64,  67,  45,  15, ---, ---, ---, ---, 
[455.916s][info ][gc,stats       ]   CMR: VM Strong Roots                4 us, workers (us):   3,   0,   0,   0, ---, ---, ---, ---, 
[455.916s][info ][gc,stats       ]   CMR: CLDG Roots                    25 us, workers (us):  24,   1, ---, ---, ---, ---, ---, ---, 
[455.916s][info ][gc,stats       ] Concurrent Marking                  451 us
[455.916s][info ][gc,stats       ] Pause Final Mark (G)                569 us
[455.916s][info ][gc,stats       ] Pause Final Mark (N)                478 us
[455.916s][info ][gc,stats       ]   Finish Mark                       284 us
[455.916s][info ][gc,stats       ]   Update Region States              104 us
[455.916s][info ][gc,stats       ]   Choose Collection Set              49 us
[455.916s][info ][gc,stats       ]   Rebuild Free Set                   10 us
[455.916s][info ][gc,stats       ] Concurrent Weak References          203 us, parallelism: 0.09x
[455.916s][info ][gc,stats       ]   CWRF: <total>                      18 us
[455.916s][info ][gc,stats       ]   CWRF: Weak References              18 us, workers (us):  18,   0,   0,   0, ---, ---, ---, ---, 
[455.916s][info ][gc,stats       ] Concurrent Weak Roots               186 us
[455.916s][info ][gc,stats       ]   Roots                             117 us, parallelism: 0.51x
[455.916s][info ][gc,stats       ]     CWR: <total>                     60 us
[455.916s][info ][gc,stats       ]     CWR: Code Cache Roots            35 us, workers (us):  35,   0,   0,   0, ---, ---, ---, ---, 
[455.916s][info ][gc,stats       ]     CWR: VM Weak Roots               24 us, workers (us):  21,   3,   0,   0, ---, ---, ---, ---, 
[455.916s][info ][gc,stats       ]     CWR: CLDG Roots                   1 us, workers (us): ---,   1, ---, ---, ---, ---, ---, ---, 
[455.916s][info ][gc,stats       ]   Rendezvous                         53 us
[455.916s][info ][gc,stats       ] Concurrent Cleanup                   95 us
[455.916s][info ][gc,stats       ] Concurrent Class Unloading          292 us
[455.916s][info ][gc,stats       ]   Unlink Stale                      161 us
[455.916s][info ][gc,stats       ]     System Dictionary                15 us
[455.916s][info ][gc,stats       ]     Weak Class Links                  0 us
[455.916s][info ][gc,stats       ]     Code Roots                      145 us
[455.916s][info ][gc,stats       ]   Rendezvous                         53 us
[455.916s][info ][gc,stats       ]   Purge Unlinked                     59 us
[455.916s][info ][gc,stats       ]     Code Roots                       46 us
[455.916s][info ][gc,stats       ]     CLDG                             12 us
[455.916s][info ][gc,stats       ]     Exception Caches                  0 us
[455.916s][info ][gc,stats       ] Pause Final Roots (G)                74 us
[455.916s][info ][gc,stats       ] Pause Final Roots (N)                21 us
[455.916s][info ][gc,stats       ] Pacing                            13283 us
[455.916s][info ][gc,stats       ] 
[455.916s][info ][gc,stats       ] Allocation pacing accrued:
[455.916s][info ][gc,stats       ]       3 of     6 ms ( 61.8%): Thread-1
[455.916s][info ][gc,stats       ]       6 of     6 ms (111.2%): Thread-5
[455.916s][info ][gc,stats       ]       4 of     6 ms ( 62.1%): Thread-6
[455.916s][info ][gc,stats       ]      13 of     6 ms (235.1%): <total>
[455.916s][info ][gc,stats       ]       1 of     6 ms ( 11.2%): <average total>
[455.916s][info ][gc,stats       ]       4 of     6 ms ( 78.4%): <average non-zero>
[455.916s][info ][gc,stats       ] 
[455.916s][info ][gc,metaspace   ] Metaspace: 253K(448K)->253K(448K) NonClass: 247K(320K)->247K(320K) Class: 5K(128K)->5K(128K)
[455.916s][info ][gc,ergo        ] Pacer for Idle. Initial: 41943K, Alloc Tax Rate: 1.0x
[455.918s][info ][gc             ] Trigger: Free (123M) is below minimum threshold (204M)
[455.918s][info ][gc,ergo        ] Free: 123M, Max: 1024K regular, 44032K humongous, Frag: 66% external, 0% internal; Reserve: 103M, Max: 1024K
[455.918s][info ][gc,start       ] GC(28404) Concurrent reset
[455.918s][info ][gc,task        ] GC(28404) Using 4 of 8 workers for concurrent reset
[455.918s][info ][gc,ergo        ] GC(28404) Pacer for Reset. Non-Taxable: 2048M
[455.920s][info ][gc             ] GC(28404) Concurrent reset 2.072ms
[455.920s][info ][gc,start       ] GC(28404) Pause Init Mark (unload classes)
[455.920s][info ][gc,task        ] GC(28404) Using 8 of 8 workers for init marking
[455.920s][info ][gc,ergo        ] GC(28404) Pacer for Mark. Expected Live: 991M, Free: 91632K, Non-Taxable: 9163K, Alloc Tax Rate: 13.5x
[455.920s][info ][gc             ] GC(28404) Pause Init Mark (unload classes) 0.157ms
[455.920s][info ][gc,start       ] GC(28404) Concurrent marking roots
[455.920s][info ][gc,task        ] GC(28404) Using 4 of 8 workers for concurrent marking roots
[455.920s][info ][gc             ] GC(28404) Concurrent marking roots 0.157ms
[455.920s][info ][gc,start       ] GC(28404) Concurrent marking (unload classes)
[455.920s][info ][gc,task        ] GC(28404) Using 4 of 8 workers for concurrent marking
[455.921s][info ][gc             ] GC(28404) Concurrent marking (unload classes) 0.553ms
[455.921s][info ][gc,start       ] GC(28404) Pause Final Mark (unload classes)
[455.921s][info ][gc,task        ] GC(28404) Using 8 of 8 workers for final marking
[455.921s][info ][gc,ergo        ] GC(28404) Collectable Garbage: 54272K (100%), Immediate: 54272K (100%), CSet: 0B (0%)
[455.921s][info ][gc             ] GC(28404) Pause Final Mark (unload classes) 0.476ms
[455.921s][info ][gc,start       ] GC(28404) Concurrent weak references
[455.921s][info ][gc,task        ] GC(28404) Using 4 of 8 workers for concurrent weak references
[455.922s][info ][gc,ref         ] GC(28404) Encountered references: Soft: 7, Weak: 34, Final: 0, Phantom: 1
[455.922s][info ][gc,ref         ] GC(28404) Discovered  references: Soft: 0, Weak: 1, Final: 0, Phantom: 1
[455.922s][info ][gc,ref         ] GC(28404) Enqueued    references: Soft: 0, Weak: 0, Final: 0, Phantom: 0
[455.922s][info ][gc             ] GC(28404) Concurrent weak references 0.246ms
[455.922s][info ][gc,start       ] GC(28404) Concurrent weak roots
[455.922s][info ][gc,task        ] GC(28404) Using 4 of 8 workers for concurrent weak root
[455.922s][info ][gc             ] GC(28404) Concurrent weak roots 0.651ms
[455.922s][info ][gc,start       ] GC(28404) Concurrent cleanup
[455.922s][info ][gc             ] GC(28404) Concurrent cleanup 1059M->1006M(2048M) 0.129ms
[455.922s][info ][gc,ergo        ] GC(28404) Free: 130M, Max: 1024K regular, 11264K humongous, Frag: 92% external, 0% internal; Reserve: 103M, Max: 1024K
[455.922s][info ][gc,start       ] GC(28404) Concurrent class unloading
[455.922s][info ][gc,task        ] GC(28404) Using 4 of 8 workers for concurrent class unloading
[455.923s][debug][gc,phases,start] GC(28404) ClassLoaderData
[455.923s][debug][gc,phases      ] GC(28404) ClassLoaderData 0.007ms
[455.923s][debug][gc,phases,start] GC(28404) Trigger cleanups
[455.923s][debug][gc,phases      ] GC(28404) Trigger cleanups 0.005ms
[455.923s][info ][gc             ] GC(28404) Concurrent class unloading 0.394ms
[455.923s][info ][gc,start       ] GC(28404) Pause Final Roots
[455.923s][info ][gc             ] GC(28404) Pause Final Roots 0.014ms
[455.923s][debug][gc,ergo        ] GC(28404) Available: 114 MB, z-score=-0.823. Average available: 137.6 MB +/- 28724.8 KB.
[455.923s][info ][gc,ergo        ] Free: 114M, Max: 1024K regular, 11264K humongous, Frag: 91% external, 0% internal; Reserve: 103M, Max: 1024K
[455.923s][info ][gc,stats       ] 
[455.923s][info ][gc,stats       ] All times are wall-clock times, except per-root-class counters, that are sum over
[455.923s][info ][gc,stats       ] all workers. Dividing the <total> over the root stage time estimates parallelism.
[455.923s][info ][gc,stats       ] 
[455.923s][info ][gc,stats       ] Concurrent Reset                   2117 us
[455.923s][info ][gc,stats       ] Pause Init Mark (G)                 398 us
[455.923s][info ][gc,stats       ] Pause Init Mark (N)                 163 us
[455.923s][info ][gc,stats       ]   Update Region States              120 us
[455.923s][info ][gc,stats       ] Concurrent Mark Roots               168 us, parallelism: 1.24x
[455.923s][info ][gc,stats       ]   CMR: <total>                      208 us
[455.923s][info ][gc,stats       ]   CMR: Thread Roots                 190 us, workers (us):  46,  55,  55,  34, ---, ---, ---, ---, 
[455.923s][info ][gc,stats       ]   CMR: VM Strong Roots                3 us, workers (us):   3,   0,   0,   0, ---, ---, ---, ---, 
[455.923s][info ][gc,stats       ]   CMR: CLDG Roots                    15 us, workers (us):  15,   0, ---, ---, ---, ---, ---, ---, 
[455.923s][info ][gc,stats       ] Concurrent Marking                  569 us
[455.923s][info ][gc,stats       ] Pause Final Mark (G)                617 us
[455.923s][info ][gc,stats       ] Pause Final Mark (N)                483 us
[455.923s][info ][gc,stats       ]   Finish Mark                       244 us
[455.923s][info ][gc,stats       ]   Update Region States              133 us
[455.923s][info ][gc,stats       ]   Choose Collection Set              64 us
[455.923s][info ][gc,stats       ]   Rebuild Free Set                   10 us
[455.923s][info ][gc,stats       ] Concurrent Weak References          260 us, parallelism: 0.01x
[455.923s][info ][gc,stats       ]   CWRF: <total>                       2 us
[455.923s][info ][gc,stats       ]   CWRF: Weak References               2 us, workers (us):   2,   0,   0,   0, ---, ---, ---, ---, 
[455.923s][info ][gc,stats       ] Concurrent Weak Roots               669 us
[455.923s][info ][gc,stats       ]   Roots                             229 us, parallelism: 0.54x
[455.923s][info ][gc,stats       ]     CWR: <total>                    123 us
[455.923s][info ][gc,stats       ]     CWR: Code Cache Roots            87 us, workers (us):  87,   0,   0,   0, ---, ---, ---, ---, 
[455.923s][info ][gc,stats       ]     CWR: VM Weak Roots               34 us, workers (us):  25,   9,   0,   0, ---, ---, ---, ---, 
[455.923s][info ][gc,stats       ]     CWR: CLDG Roots                   2 us, workers (us): ---,   2, ---, ---, ---, ---, ---, ---, 
[455.923s][info ][gc,stats       ]   Rendezvous                        400 us
[455.923s][info ][gc,stats       ] Concurrent Cleanup                  136 us
[455.923s][info ][gc,stats       ] Concurrent Class Unloading          409 us
[455.923s][info ][gc,stats       ]   Unlink Stale                      247 us
[455.923s][info ][gc,stats       ]     System Dictionary                23 us
[455.923s][info ][gc,stats       ]     Weak Class Links                  0 us
[455.923s][info ][gc,stats       ]     Code Roots                      224 us
[455.923s][info ][gc,stats       ]   Rendezvous                         60 us
[455.923s][info ][gc,stats       ]   Purge Unlinked                     73 us
[455.923s][info ][gc,stats       ]     Code Roots                       54 us
[455.923s][info ][gc,stats       ]     CLDG                             19 us
[455.923s][info ][gc,stats       ]     Exception Caches                  0 us
[455.923s][info ][gc,stats       ] Pause Final Roots (G)                84 us
[455.923s][info ][gc,stats       ] Pause Final Roots (N)                18 us
[455.923s][info ][gc,stats       ] Pacing                            32040 us
[455.923s][info ][gc,stats       ] 
[455.923s][info ][gc,stats       ] Allocation pacing accrued:
[455.923s][info ][gc,stats       ]      11 of     7 ms (160.7%): Thread-0
[455.923s][info ][gc,stats       ]      11 of     7 ms (154.4%): Thread-4
[455.923s][info ][gc,stats       ]      11 of     7 ms (154.9%): Thread-7
[455.923s][info ][gc,stats       ]      32 of     7 ms (470.0%): <total>
[455.923s][info ][gc,stats       ]       2 of     7 ms ( 22.4%): <average total>
[455.923s][info ][gc,stats       ]      11 of     7 ms (156.7%): <average non-zero>
[455.923s][info ][gc,stats       ] 
[455.923s][info ][gc,metaspace   ] Metaspace: 253K(448K)->253K(448K) NonClass: 247K(320K)->247K(320K) Class: 5K(128K)->5K(128K)
[455.923s][info ][gc,ergo        ] Pacer for Idle. Initial: 41943K, Alloc Tax Rate: 1.0x
[455.924s][info ][gc             ] Trigger: Free (94704K) is below minimum threshold (204M)
[455.924s][info ][gc,ergo        ] Free: 94704K, Max: 1024K regular, 11264K humongous, Frag: 89% external, 0% internal; Reserve: 103M, Max: 1024K
[455.924s][info ][gc,start       ] GC(28405) Concurrent reset
[455.924s][info ][gc,task        ] GC(28405) Using 4 of 8 workers for concurrent reset
[455.924s][info ][gc,ergo        ] GC(28405) Pacer for Reset. Non-Taxable: 2048M
[455.927s][info ][gc             ] GC(28405) Concurrent reset 2.757ms
[455.927s][info ][gc,start       ] GC(28405) Pause Init Mark (unload classes)
[455.927s][info ][gc,task        ] GC(28405) Using 8 of 8 workers for init marking
[455.928s][info ][gc,ergo        ] GC(28405) Pacer for Mark. Expected Live: 987M, Free: 53744K, Non-Taxable: 5374K, Alloc Tax Rate: 23.0x
[455.928s][info ][gc             ] GC(28405) Pause Init Mark (unload classes) 0.157ms
[455.928s][info ][gc,start       ] GC(28405) Concurrent marking roots
[455.928s][info ][gc,task        ] GC(28405) Using 4 of 8 workers for concurrent marking roots
[455.928s][info ][gc             ] GC(28405) Concurrent marking roots 0.202ms
[455.928s][info ][gc,start       ] GC(28405) Concurrent marking (unload classes)
[455.928s][info ][gc,task        ] GC(28405) Using 4 of 8 workers for concurrent marking
[455.929s][info ][gc             ] GC(28405) Concurrent marking (unload classes) 0.642ms
[455.929s][info ][gc,start       ] GC(28405) Pause Final Mark (unload classes)
[455.929s][info ][gc,task        ] GC(28405) Using 8 of 8 workers for final marking
[455.929s][info ][gc,ergo        ] GC(28405) Collectable Garbage: 48128K (100%), Immediate: 48128K (100%), CSet: 0B (0%)
[455.929s][info ][gc             ] GC(28405) Pause Final Mark (unload classes) 0.565ms
[455.929s][info ][gc,start       ] GC(28405) Concurrent weak references
[455.929s][info ][gc,task        ] GC(28405) Using 4 of 8 workers for concurrent weak references
[455.929s][info ][gc,ref         ] GC(28405) Encountered references: Soft: 7, Weak: 34, Final: 0, Phantom: 1
[455.929s][info ][gc,ref         ] GC(28405) Discovered  references: Soft: 0, Weak: 1, Final: 0, Phantom: 1
[455.929s][info ][gc,ref         ] GC(28405) Enqueued    references: Soft: 0, Weak: 0, Final: 0, Phantom: 0
[455.929s][info ][gc             ] GC(28405) Concurrent weak references 0.164ms
[455.929s][info ][gc,start       ] GC(28405) Concurrent weak roots
[455.929s][info ][gc,task        ] GC(28405) Using 4 of 8 workers for concurrent weak root
[455.930s][info ][gc             ] GC(28405) Concurrent weak roots 0.382ms
[455.930s][info ][gc,start       ] GC(28405) Concurrent cleanup
[455.930s][info ][gc             ] GC(28405) Concurrent cleanup 1063M->1016M(2048M) 0.112ms
[455.930s][info ][gc,ergo        ] GC(28405) Free: 110M, Max: 1024K regular, 6144K humongous, Frag: 95% external, 0% internal; Reserve: 103M, Max: 1024K
[455.930s][info ][gc,start       ] GC(28405) Concurrent class unloading
[455.930s][info ][gc,task        ] GC(28405) Using 4 of 8 workers for concurrent class unloading
[455.930s][debug][gc,phases,start] GC(28405) ClassLoaderData
[455.930s][debug][gc,phases      ] GC(28405) ClassLoaderData 0.006ms
[455.930s][debug][gc,phases,start] GC(28405) Trigger cleanups
[455.930s][debug][gc,phases      ] GC(28405) Trigger cleanups 0.005ms
[455.930s][info ][gc             ] GC(28405) Concurrent class unloading 0.414ms
[455.931s][info ][gc,start       ] GC(28405) Pause Final Roots
[455.931s][info ][gc             ] GC(28405) Pause Final Roots 0.017ms
[455.931s][debug][gc,ergo        ] GC(28405) Available: 100 MB, z-score=-1.217. Average available: 136.3 MB +/- 30112.6 KB.
[455.931s][info ][gc,ergo        ] Free: 100848K, Max: 1024K regular, 6144K humongous, Frag: 94% external, 0% internal; Reserve: 103M, Max: 1024K
[455.931s][info ][gc,stats       ] 
[455.931s][info ][gc,stats       ] All times are wall-clock times, except per-root-class counters, that are sum over
[455.931s][info ][gc,stats       ] all workers. Dividing the <total> over the root stage time estimates parallelism.
[455.931s][info ][gc,stats       ] 
[455.931s][info ][gc,stats       ] Concurrent Reset                   2816 us
[455.931s][info ][gc,stats       ] Pause Init Mark (G)                 462 us
[455.931s][info ][gc,stats       ] Pause Init Mark (N)                 163 us
[455.931s][info ][gc,stats       ]   Update Region States              117 us
[455.931s][info ][gc,stats       ] Concurrent Mark Roots               217 us, parallelism: 1.70x
[455.931s][info ][gc,stats       ]   CMR: <total>                      369 us
[455.931s][info ][gc,stats       ]   CMR: Thread Roots                 347 us, workers (us):  92, 100,  82,  73, ---, ---, ---, ---, 
[455.931s][info ][gc,stats       ]   CMR: VM Strong Roots                3 us, workers (us):   3,   0,   0,   0, ---, ---, ---, ---, 
[455.931s][info ][gc,stats       ]   CMR: CLDG Roots                    18 us, workers (us):  17,   1, ---, ---, ---, ---, ---, ---, 
[455.931s][info ][gc,stats       ] Concurrent Marking                  668 us
[455.931s][info ][gc,stats       ] Pause Final Mark (G)                744 us
[455.931s][info ][gc,stats       ] Pause Final Mark (N)                571 us
[455.931s][info ][gc,stats       ]   Finish Mark                       363 us
[455.931s][info ][gc,stats       ]   Update Region States              113 us
[455.931s][info ][gc,stats       ]   Choose Collection Set              54 us
[455.931s][info ][gc,stats       ]   Rebuild Free Set                   10 us
[455.931s][info ][gc,stats       ] Concurrent Weak References          170 us, parallelism: 0.01x
[455.931s][info ][gc,stats       ]   CWRF: <total>                       2 us
[455.931s][info ][gc,stats       ]   CWRF: Weak References               2 us, workers (us):   2,   0,   0,   0, ---, ---, ---, ---, 
[455.931s][info ][gc,stats       ] Concurrent Weak Roots               399 us
[455.931s][info ][gc,stats       ]   Roots                             290 us, parallelism: 0.71x
[455.931s][info ][gc,stats       ]     CWR: <total>                    205 us
[455.931s][info ][gc,stats       ]     CWR: Code Cache Roots           153 us, workers (us):   0, 152,   0,   0, ---, ---, ---, ---, 
[455.931s][info ][gc,stats       ]     CWR: VM Weak Roots               49 us, workers (us):  44,   5,   0,   0, ---, ---, ---, ---, 
[455.931s][info ][gc,stats       ]     CWR: CLDG Roots                   4 us, workers (us):   4, ---, ---, ---, ---, ---, ---, ---, 
[455.931s][info ][gc,stats       ]   Rendezvous                         73 us
[455.931s][info ][gc,stats       ] Concurrent Cleanup                  121 us
[455.931s][info ][gc,stats       ] Concurrent Class Unloading          441 us
[455.931s][info ][gc,stats       ]   Unlink Stale                      271 us
[455.931s][info ][gc,stats       ]     System Dictionary                32 us
[455.931s][info ][gc,stats       ]     Weak Class Links                  0 us
[455.931s][info ][gc,stats       ]     Code Roots                      239 us
[455.931s][info ][gc,stats       ]   Rendezvous                         73 us
[455.931s][info ][gc,stats       ]   Purge Unlinked                     56 us
[455.931s][info ][gc,stats       ]     Code Roots                       42 us
[455.931s][info ][gc,stats       ]     CLDG                             14 us
[455.931s][info ][gc,stats       ]     Exception Caches                  0 us
[455.931s][info ][gc,stats       ] Pause Final Roots (G)               292 us
[455.931s][info ][gc,stats       ] Pause Final Roots (N)                23 us
[455.931s][info ][gc,stats       ] 
[455.931s][info ][gc,stats       ] Allocation pacing accrued:
[455.931s][info ][gc,stats       ]       0 of     8 ms (  0.0%): <total>
[455.931s][info ][gc,stats       ]       0 of     8 ms (  0.0%): <average total>
[455.931s][info ][gc,stats       ] 
[455.931s][info ][gc,metaspace   ] Metaspace: 253K(448K)->253K(448K) NonClass: 247K(320K)->247K(320K) Class: 5K(128K)->5K(128K)
[455.931s][info ][gc,ergo        ] Pacer for Idle. Initial: 41943K, Alloc Tax Rate: 1.0x
[455.932s][info ][gc             ] Trigger: Free (88560K) is below minimum threshold (204M)
[455.932s][info ][gc,ergo        ] Free: 88560K, Max: 1024K regular, 6144K humongous, Frag: 94% external, 0% internal; Reserve: 103M, Max: 1024K
[455.932s][info ][gc,start       ] GC(28406) Concurrent reset
[455.932s][info ][gc,task        ] GC(28406) Using 4 of 8 workers for concurrent reset
[455.932s][info ][gc,ergo        ] GC(28406) Pacer for Reset. Non-Taxable: 2048M
[455.934s][info ][gc             ] GC(28406) Concurrent reset 1.622ms
[455.934s][info ][gc,start       ] GC(28406) Pause Init Mark (unload classes)
[455.934s][info ][gc,task        ] GC(28406) Using 8 of 8 workers for init marking
[455.934s][info ][gc,ergo        ] GC(28406) Pacer for Mark. Expected Live: 992M, Free: 76272K, Non-Taxable: 7627K, Alloc Tax Rate: 16.3x
[455.934s][info ][gc             ] GC(28406) Pause Init Mark (unload classes) 0.164ms
[455.934s][info ][gc,start       ] GC(28406) Concurrent marking roots
[455.934s][info ][gc,task        ] GC(28406) Using 4 of 8 workers for concurrent marking roots
[455.934s][info ][gc             ] GC(28406) Concurrent marking roots 0.187ms
[455.934s][info ][gc,start       ] GC(28406) Concurrent marking (unload classes)
[455.934s][info ][gc,task        ] GC(28406) Using 4 of 8 workers for concurrent marking
[455.935s][info ][gc             ] Failed to allocate Shared, 10240K
[455.935s][info ][gc             ] Cancelling GC: Allocation Failure
[455.935s][info ][gc             ] GC(28406) Concurrent marking (unload classes) 0.439ms
[455.935s][info ][gc,ergo        ] Free: 55792K, Max: 1024K regular, 6144K humongous, Frag: 89% external, 0% internal; Reserve: 103M, Max: 1024K
[455.935s][info ][gc,stats       ] 
[455.935s][info ][gc,stats       ] All times are wall-clock times, except per-root-class counters, that are sum over
[455.935s][info ][gc,stats       ] all workers. Dividing the <total> over the root stage time estimates parallelism.
[455.935s][info ][gc,stats       ] 
[455.935s][info ][gc,stats       ] Concurrent Reset                   1652 us
[455.935s][info ][gc,stats       ] Pause Init Mark (G)                 260 us
[455.935s][info ][gc,stats       ] Pause Init Mark (N)                 170 us
[455.935s][info ][gc,stats       ]   Update Region States              119 us
[455.935s][info ][gc,stats       ] Concurrent Mark Roots               197 us, parallelism: 1.53x
[455.935s][info ][gc,stats       ]   CMR: <total>                      302 us
[455.935s][info ][gc,stats       ]   CMR: Thread Roots                 284 us, workers (us):  75,  74,  81,  54, ---, ---, ---, ---, 
[455.935s][info ][gc,stats       ]   CMR: VM Strong Roots                3 us, workers (us):   2,   0,   0,   0, ---, ---, ---, ---, 
[455.935s][info ][gc,stats       ]   CMR: CLDG Roots                    15 us, workers (us):  15,   0, ---, ---, ---, ---, ---, ---, 
[455.935s][info ][gc,stats       ] Concurrent Marking                  458 us
[455.935s][info ][gc,stats       ] Pacing                            15815 us
[455.935s][info ][gc,stats       ] 
[455.935s][info ][gc,stats       ] Allocation pacing accrued:
[455.935s][info ][gc,stats       ]       0 of     4 ms ( 11.7%): main
[455.935s][info ][gc,stats       ]       0 of     4 ms (  2.5%): Thread-0
[455.935s][info ][gc,stats       ]       4 of     4 ms ( 98.4%): Thread-1
[455.935s][info ][gc,stats       ]       4 of     4 ms ( 98.2%): Thread-2
[455.935s][info ][gc,stats       ]       0 of     4 ms (  5.2%): Thread-4
[455.935s][info ][gc,stats       ]       4 of     4 ms ( 98.0%): Thread-7
[455.935s][info ][gc,stats       ]       4 of     4 ms ( 97.1%): Thread-9
[455.935s][info ][gc,stats       ]      16 of     4 ms (411.1%): <total>
[455.935s][info ][gc,stats       ]       1 of     4 ms ( 19.6%): <average total>
[455.935s][info ][gc,stats       ]       2 of     4 ms ( 58.7%): <average non-zero>
[455.935s][info ][gc,stats       ] 
[455.935s][info ][gc,metaspace   ] Metaspace: 253K(448K)->253K(448K) NonClass: 247K(320K)->247K(320K) Class: 5K(128K)->5K(128K)
[455.935s][info ][gc,ergo        ] Pacer for Idle. Initial: 41943K, Alloc Tax Rate: 1.0x
[455.936s][info ][gc             ] Trigger: Handle Allocation Failure
[455.936s][info ][gc,ergo        ] Free: 35312K, Max: 1024K regular, 6144K humongous, Frag: 83% external, 1% internal; Reserve: 103M, Max: 1024K
[455.936s][info ][gc,start       ] GC(28407) Pause Degenerated GC (Mark)
[455.936s][info ][gc,task        ] GC(28407) Using 8 of 8 workers for stw degenerated gc
[455.937s][info ][gc,ref         ] GC(28407) Encountered references: Soft: 7, Weak: 34, Final: 0, Phantom: 1
[455.937s][info ][gc,ref         ] GC(28407) Discovered  references: Soft: 0, Weak: 2, Final: 0, Phantom: 1
[455.937s][info ][gc,ref         ] GC(28407) Enqueued    references: Soft: 0, Weak: 0, Final: 0, Phantom: 0
[455.937s][debug][gc,phases,start] GC(28407) ClassLoaderData
[455.937s][debug][gc,phases      ] GC(28407) ClassLoaderData 0.011ms
[455.937s][debug][gc,phases,start] GC(28407) Trigger cleanups
[455.937s][debug][gc,phases      ] GC(28407) Trigger cleanups 0.005ms
[455.937s][info ][gc,ergo        ] GC(28407) Collectable Garbage: 58368K (100%), Immediate: 58368K (100%), CSet: 0B (0%)
[455.937s][info ][gc,ergo        ] GC(28407) Good progress for free space: 130M, need 20971K
[455.937s][info ][gc,ergo        ] GC(28407) Good progress for used space: 58368K, need 1024K
[455.937s][info ][gc             ] GC(28407) Pause Degenerated GC (Mark) 1054M->997M(2048M) 1.260ms
[455.938s][debug][gc,ergo        ] GC(28407) Margin of error now 3.29
[455.938s][debug][gc,ergo        ] GC(28407) Spike threshold now: 0.32
[455.938s][info ][gc,ergo        ] Free: 112M, Max: 1024K regular, 6144K humongous, Frag: 95% external, 0% internal; Reserve: 103M, Max: 1024K
[455.938s][info ][gc,stats       ] 
[455.938s][info ][gc,stats       ] All times are wall-clock times, except per-root-class counters, that are sum over
[455.938s][info ][gc,stats       ] all workers. Dividing the <total> over the root stage time estimates parallelism.
[455.938s][info ][gc             ] Failed to allocate Shared, 10240K
[455.938s][info ][gc             ] Cancelling GC: Allocation Failure
[455.938s][info ][gc,stats       ] 
[455.938s][info ][gc,stats       ]   Finish Mark                       293 us
[455.938s][info ][gc,stats       ] Pause Degenerated GC (G)           1464 us
[455.938s][info ][gc,stats       ] Pause Degenerated GC (N)           1276 us
[455.938s][info ][gc,stats       ]     System Purge                    449 us
[455.938s][info ][gc,stats       ]       Weak References               170 us, parallelism: 0.01x
[455.938s][info ][gc,stats       ]         WRP: <total>                  2 us
[455.938s][info ][gc,stats       ]         WRP: Weak References          2 us, workers (us):   1,   0,   0,   0,   0,   0,   0,   0, 
[455.938s][info ][gc,stats       ]       Unload Classes                171 us, parallelism: 1.11x
[455.938s][info ][gc,stats       ]         DCU: <total>                190 us
[455.938s][info ][gc,stats       ]         DCU: Unload Code Caches      190 us, workers (us):  86,  69,  35,   0,   0,   0,   0,   0, 
[455.938s][info ][gc,stats       ]       Weak Roots                    106 us, parallelism: 0.21x
[455.938s][info ][gc,stats       ]         DWR: <total>                 22 us
[455.938s][info ][gc,stats       ]         DWR: VM Weak Roots           22 us, workers (us):  14,   4,   1,   1,   1,   1,   1,   1, 
[455.938s][info ][gc,stats       ]       CLDG                            1 us
[455.938s][info ][gc,stats       ]   Update Region States              119 us
[455.938s][info ][gc,stats       ]   Manage GC/TLABs                     2 us
[455.938s][info ][gc,stats       ]   Choose Collection Set              40 us
[455.938s][info ][gc,stats       ]   Rebuild Free Set                   10 us
[455.938s][info ][gc,stats       ]   Cleanup                            89 us
[455.938s][info ][gc,stats       ] 
[455.938s][info ][gc,stats       ] Allocation pacing accrued:
[455.938s][info ][gc,stats       ]       0 of     3 ms (  0.0%): <total>
[455.938s][info ][gc,stats       ]       0 of     3 ms (  0.0%): <average total>
[455.938s][info ][gc,stats       ] 
[455.938s][info ][gc,metaspace   ] Metaspace: 253K(448K)->253K(448K) NonClass: 247K(320K)->247K(320K) Class: 5K(128K)->5K(128K)
[455.938s][info ][gc,ergo        ] Pacer for Idle. Initial: 41943K, Alloc Tax Rate: 1.0x
[455.939s][info ][gc             ] Trigger: Handle Allocation Failure
[455.939s][info ][gc,ergo        ] Free: 92656K, Max: 1024K regular, 6144K humongous, Frag: 94% external, 0% internal; Reserve: 103M, Max: 1024K
[455.939s][info ][gc,start       ] GC(28408) Pause Degenerated GC (Outside of Cycle)
[455.939s][info ][gc,task        ] GC(28408) Using 8 of 8 workers for stw degenerated gc
[455.941s][info ][gc,ref         ] GC(28408) Clearing All SoftReferences
[455.941s][info ][gc,ref         ] GC(28408) Encountered references: Soft: 7, Weak: 34, Final: 0, Phantom: 1
[455.941s][info ][gc,ref         ] GC(28408) Discovered  references: Soft: 4, Weak: 1, Final: 0, Phantom: 1
[455.941s][info ][gc,ref         ] GC(28408) Enqueued    references: Soft: 0, Weak: 0, Final: 0, Phantom: 0
[455.941s][debug][gc,phases,start] GC(28408) ClassLoaderData
[455.941s][debug][gc,phases      ] GC(28408) ClassLoaderData 0.010ms
[455.941s][debug][gc,phases,start] GC(28408) Trigger cleanups
[455.941s][debug][gc,phases      ] GC(28408) Trigger cleanups 0.003ms
[455.941s][info ][gc,ergo        ] GC(28408) Adaptive CSet Selection. Target Free: 290M, Actual Free: 193M, Max CSet: 87381K, Min Garbage: 99464K
[455.942s][info ][gc,ergo        ] GC(28408) Collectable Garbage: 0B (0%), Immediate: 0B (0%), CSet: 0B (0%)
[455.944s][info ][gc,ergo        ] GC(28408) Good progress for free space: 92160K, need 20971K
[455.944s][info ][gc,ergo        ] GC(28408) Bad progress for used space: 0B, need 1024K
[455.944s][info ][gc,ergo        ] GC(28408) Bad progress for internal fragmentation: -nan%, need 1.0%
[455.944s][info ][gc,ergo        ] GC(28408) Bad progress for external fragmentation: 0.0%, need 1.0%
[455.944s][info ][gc             ] GC(28408) Cancelling GC: Upgrade To Full GC
[455.945s][info ][gc,phases,start] GC(28408) Phase 1: Mark live objects
[455.946s][info ][gc,ref         ] GC(28408) Clearing All SoftReferences
[455.946s][info ][gc,ref         ] GC(28408) Clearing All SoftReferences
[455.946s][info ][gc,ref         ] GC(28408) Encountered references: Soft: 7, Weak: 34, Final: 0, Phantom: 1
[455.946s][info ][gc,ref         ] GC(28408) Discovered  references: Soft: 4, Weak: 9, Final: 0, Phantom: 1
[455.946s][info ][gc,ref         ] GC(28408) Enqueued    references: Soft: 0, Weak: 0, Final: 0, Phantom: 0
[455.947s][debug][gc,phases,start] GC(28408) ClassLoaderData
[455.947s][debug][gc,phases      ] GC(28408) ClassLoaderData 0.012ms
[455.947s][debug][gc,phases,start] GC(28408) Trigger cleanups
[455.947s][debug][gc,phases      ] GC(28408) Trigger cleanups 0.005ms
[455.947s][info ][gc,phases      ] GC(28408) Phase 1: Mark live objects 1.231ms
[455.947s][info ][gc,phases,start] GC(28408) Phase 2: Compute new object addresses
[455.947s][info ][gc,phases      ] GC(28408) Phase 2: Compute new object addresses 0.510ms
[455.947s][info ][gc,phases,start] GC(28408) Phase 3: Adjust pointers
[455.949s][info ][gc,phases      ] GC(28408) Phase 3: Adjust pointers 1.317ms
[455.949s][info ][gc,phases,start] GC(28408) Phase 4: Move objects
[456.056s][info ][gc,phases      ] GC(28408) Phase 4: Move objects 107.381ms
[456.056s][info ][gc,ergo        ] GC(28408) Good progress for free space: 92656K, need 20971K
[456.056s][info ][gc,ergo        ] GC(28408) Bad progress for used space: 496K, need 1024K
[456.056s][info ][gc,ergo        ] GC(28408) Bad progress for internal fragmentation: -nan%, need 1.0%
[456.056s][info ][gc,ergo        ] GC(28408) Good progress for external fragmentation: 93.3%, need 1.0%
[456.056s][info ][gc             ] GC(28408) Pause Degenerated GC (Outside of Cycle) 1017M->1017M(2048M) 117.115ms
[456.057s][debug][gc,ergo        ] GC(28408) Margin of error now 3.29
[456.057s][debug][gc,ergo        ] GC(28408) Spike threshold now: 0.32
[456.057s][info ][gc,ergo        ] Free: 72176K, Max: 1024K regular, 71680K humongous, Frag: 0% external, 0% internal; Reserve: 103M, Max: 1024K
[456.057s][info ][gc,stats       ] 
[456.057s][info ][gc,stats       ] All times are wall-clock times, except per-root-class counters, that are sum over
[456.057s][info ][gc,stats       ] all workers. Dividing the <total> over the root stage time estimates parallelism.
[456.057s][info ][gc,stats       ] 
[456.057s][info ][gc,stats       ] Pause Degenerated GC (G)         117617 us
[456.057s][info ][gc,stats       ] Pause Degenerated GC (N)         117121 us
[456.057s][info ][gc,stats       ]   Degen STW Mark                    525 us, parallelism: 5.01x
[456.057s][info ][gc,stats       ]     DSM: <total>                   2632 us
[456.057s][info ][gc,stats       ]     DSM: Thread Roots               127 us, workers (us):  47,  40,  23,  14,   0,   1,   1,   1, 
[456.057s][info ][gc,stats       ]     DSM: VM Strong Roots              6 us, workers (us):   2,   2,   2,   0,   0,   0,   0,   0, 
[456.057s][info ][gc,stats       ]     DSM: CLDG Roots                  23 us, workers (us):   0,   1,   1,  20,   0,   1,   0,   0, 
[456.057s][info ][gc,stats       ]     DSM: Parallel Mark             2475 us, workers (us): 320, 339, 339, 334, 347, 292, 246, 258, 
[456.057s][info ][gc,stats       ]     System Purge                    332 us
[456.057s][info ][gc,stats       ]       Weak References               120 us, parallelism: 0.02x
[456.057s][info ][gc,stats       ]         WRP: <total>                  2 us
[456.057s][info ][gc,stats       ]         WRP: Weak References          2 us, workers (us):   1,   0,   0,   0,   0,   0,   0,   0, 
[456.057s][info ][gc,stats       ]       Unload Classes                116 us, parallelism: 1.21x
[456.057s][info ][gc,stats       ]         DCU: <total>                141 us
[456.057s][info ][gc,stats       ]         DCU: Unload Code Caches      141 us, workers (us):  46,  46,  29,  15,   5,   0,   0,   0, 
[456.057s][info ][gc,stats       ]       Weak Roots                     94 us, parallelism: 0.22x
[456.057s][info ][gc,stats       ]         DWR: <total>                 21 us
[456.057s][info ][gc,stats       ]         DWR: VM Weak Roots           21 us, workers (us):  12,   5,   1,   0,   1,   0,   1,   1, 
[456.057s][info ][gc,stats       ]       CLDG                            0 us
[456.057s][info ][gc,stats       ]   Update Region States               92 us
[456.057s][info ][gc,stats       ]   Manage GC/TLABs                     1 us
[456.057s][info ][gc,stats       ]   Choose Collection Set              33 us
[456.057s][info ][gc,stats       ]   Rebuild Free Set                    6 us
[456.057s][info ][gc,stats       ]   Evacuation                        502 us
[456.057s][info ][gc,stats       ]   Manage GCLABs                       4 us
[456.057s][info ][gc,stats       ]   Update References                1643 us
[456.057s][info ][gc,stats       ]   Update Region States              109 us
[456.057s][info ][gc,stats       ]   Trash Collection Set                2 us
[456.057s][info ][gc,stats       ]   Rebuild Free Set                   11 us
[456.057s][info ][gc,stats       ]   Degen Update Roots                267 us, parallelism: 1.13x
[456.057s][info ][gc,stats       ]     DU: <total>                     303 us
[456.057s][info ][gc,stats       ]     DU: Thread Roots                 80 us, workers (us):  31,   1,  25,  22,   0,   0,   0,   0, 
[456.057s][info ][gc,stats       ]     DU: Code Cache Roots            177 us, workers (us):   0, 176,   0,   0,   0,   0,   0,   0, 
[456.057s][info ][gc,stats       ]     DU: VM Strong Roots               4 us, workers (us):   3,   0,   0,   0,   0,   0,   0,   0, 
[456.057s][info ][gc,stats       ]     DU: VM Weak Roots                27 us, workers (us):  17,   8,   0,   0,   0,   0,   0,   0, 
[456.057s][info ][gc,stats       ]     DU: CLDG Roots                   16 us, workers (us):  13,   2,   1,   0,   0,   0,   0,   0, 
[456.057s][info ][gc,stats       ]   Cleanup                            81 us
[456.057s][info ][gc,stats       ]   Pre Heap Dump                       1 us
[456.057s][info ][gc,stats       ]   Prepare                          1038 us
[456.057s][info ][gc,stats       ]   Mark                             1181 us, parallelism: 3.13x
[456.057s][info ][gc,stats       ]     FM: <total>                    3695 us
[456.057s][info ][gc,stats       ]     FM: Thread Roots                 99 us, workers (us):  53,  23,  11,   0,   9,   1,   0,   1, 
[456.057s][info ][gc,stats       ]     FM: VM Strong Roots               3 us, workers (us):   0,   2,   1,   0,   0,   0,   0,   0, 
[456.057s][info ][gc,stats       ]     FM: CLDG Roots                   18 us, workers (us):  15,   0,   0,   0,   1,   1,   1,   1, 
[456.057s][info ][gc,stats       ]     FM: Parallel Mark              3574 us, workers (us): 547, 459, 569, 577, 451, 393, 311, 269, 
[456.057s][info ][gc,stats       ]     System Purge                    450 us
[456.057s][info ][gc,stats       ]       Weak References               174 us, parallelism: 0.02x
[456.057s][info ][gc,stats       ]         WRP: <total>                  3 us
[456.057s][info ][gc,stats       ]         WRP: Weak References          3 us, workers (us):   2,   0,   0,   0,   0,   0,   0,   0, 
[456.057s][info ][gc,stats       ]       Unload Classes                151 us, parallelism: 1.31x
[456.057s][info ][gc,stats       ]         CU: <total>                 199 us
[456.057s][info ][gc,stats       ]         CU: Unload Code Caches      199 us, workers (us):  72,  64,  47,  15,   0,   0,   0,   0, 
[456.057s][info ][gc,stats       ]       Weak Roots                    121 us, parallelism: 0.21x
[456.057s][info ][gc,stats       ]         WR: <total>                  25 us
[456.057s][info ][gc,stats       ]         WR: VM Weak Roots            25 us, workers (us):  16,   4,   1,   1,   1,   1,   1,   1, 
[456.057s][info ][gc,stats       ]       CLDG                            1 us
[456.057s][info ][gc,stats       ]   Calculate Addresses               504 us
[456.057s][info ][gc,stats       ]     Regular Objects                 304 us
[456.057s][info ][gc,stats       ]     Humongous Objects               140 us
[456.057s][info ][gc,stats       ]   Adjust Pointers                  1310 us
[456.057s][info ][gc,stats       ]     FA: <total>                     154 us
[456.057s][info ][gc,stats       ]     FA: Thread Roots                 45 us, workers (us):  22,   0,  21,   0,   0,   1,   0,   1, 
[456.057s][info ][gc,stats       ]     FA: Code Cache Roots             84 us, workers (us):   0,  83,   0,   0,   0,   0,   0,   0, 
[456.057s][info ][gc,stats       ]     FA: VM Strong Roots               3 us, workers (us):   2,   0,   0,   0,   0,   0,   0,   0, 
[456.057s][info ][gc,stats       ]     FA: VM Weak Roots                13 us, workers (us):   6,   5,   1,   0,   0,   1,   0,   0, 
[456.057s][info ][gc,stats       ]     FA: CLDG Roots                    9 us, workers (us):   7,   1,   1,   0,   0,   0,   0,   0, 
[456.057s][info ][gc,stats       ]   Copy Objects                   107375 us
[456.057s][info ][gc,stats       ]     Regular Objects                 312 us
[456.057s][info ][gc,stats       ]     Humongous Objects            105307 us
[456.057s][info ][gc,stats       ]     Reset Complete Bitmap          1705 us
[456.057s][info ][gc,stats       ]     Rebuild Region Sets              48 us
[456.057s][info ][gc,stats       ]   Post Heap Dump                      1 us
[456.057s][info ][gc,stats       ] 
[456.057s][info ][gc,stats       ] Allocation pacing accrued:
[456.057s][info ][gc,stats       ]       0 of   119 ms (  0.0%): <total>
[456.057s][info ][gc,stats       ]       0 of   119 ms (  0.0%): <average total>
[456.057s][info ][gc,stats       ] 
[456.057s][info ][gc,metaspace   ] Metaspace: 253K(448K)->253K(448K) NonClass: 247K(320K)->247K(320K) Class: 5K(128K)->5K(128K)
[456.057s][info ][gc,ergo        ] Pacer for Idle. Initial: 41943K, Alloc Tax Rate: 1.0x
[456.058s][info ][gc             ] Trigger: Free (40432K) is below minimum threshold (204M)
[456.058s][info ][gc,ergo        ] Free: 40432K, Max: 1024K regular, 39936K humongous, Frag: 0% external, 1% internal; Reserve: 103M, Max: 1024K
[456.058s][info ][gc,start       ] GC(28409) Concurrent reset
[456.058s][info ][gc,task        ] GC(28409) Using 4 of 8 workers for concurrent reset
[456.058s][info ][gc,ergo        ] GC(28409) Pacer for Reset. Non-Taxable: 2048M
[456.059s][info ][gc             ] GC(28409) Concurrent reset 0.182ms
[456.059s][info ][gc,start       ] GC(28409) Pause Init Mark (unload classes)
[456.059s][info ][gc,task        ] GC(28409) Using 8 of 8 workers for init marking
[456.059s][info ][gc,ergo        ] GC(28409) Pacer for Mark. Expected Live: 1395M, Free: 40432K, Non-Taxable: 4043K, Alloc Tax Rate: 43.2x
[456.059s][info ][gc             ] GC(28409) Pause Init Mark (unload classes) 0.161ms
[456.059s][info ][gc,start       ] GC(28409) Concurrent marking roots
[456.059s][info ][gc,task        ] GC(28409) Using 4 of 8 workers for concurrent marking roots
[456.059s][info ][gc             ] GC(28409) Concurrent marking roots 0.260ms
[456.059s][info ][gc,start       ] GC(28409) Concurrent marking (unload classes)
[456.059s][info ][gc,task        ] GC(28409) Using 4 of 8 workers for concurrent marking
[456.060s][info ][gc             ] GC(28409) Concurrent marking (unload classes) 0.573ms
[456.060s][info ][gc,start       ] GC(28409) Pause Final Mark (unload classes)
[456.060s][info ][gc,task        ] GC(28409) Using 8 of 8 workers for final marking
[456.060s][info ][gc,ergo        ] GC(28409) Collectable Garbage: 16384K (100%), Immediate: 16384K (100%), CSet: 0B (0%)
[456.060s][info ][gc             ] GC(28409) Pause Final Mark (unload classes) 0.628ms
[456.060s][info ][gc,start       ] GC(28409) Concurrent weak references
[456.061s][info ][gc,task        ] GC(28409) Using 4 of 8 workers for concurrent weak references
[456.061s][info ][gc,ref         ] GC(28409) Encountered references: Soft: 7, Weak: 34, Final: 0, Phantom: 1
[456.061s][info ][gc,ref         ] GC(28409) Discovered  references: Soft: 0, Weak: 1, Final: 0, Phantom: 1
[456.061s][info ][gc,ref         ] GC(28409) Enqueued    references: Soft: 0, Weak: 0, Final: 0, Phantom: 0
[456.061s][info ][gc             ] GC(28409) Concurrent weak references 0.134ms
[456.061s][info ][gc,start       ] GC(28409) Concurrent weak roots
[456.061s][info ][gc,task        ] GC(28409) Using 4 of 8 workers for concurrent weak root
[456.061s][info ][gc             ] GC(28409) Concurrent weak roots 0.233ms
[456.061s][info ][gc,start       ] GC(28409) Concurrent cleanup
[456.061s][info ][gc             ] GC(28409) Concurrent cleanup 1051M->1035M(2048M) 0.096ms
[456.061s][info ][gc,ergo        ] GC(28409) Free: 65008K, Max: 1024K regular, 62464K humongous, Frag: 4% external, 0% internal; Reserve: 103M, Max: 1024K
[456.061s][info ][gc,start       ] GC(28409) Concurrent class unloading
[456.061s][info ][gc,task        ] GC(28409) Using 4 of 8 workers for concurrent class unloading
[456.061s][debug][gc,phases,start] GC(28409) ClassLoaderData
[456.061s][debug][gc,phases      ] GC(28409) ClassLoaderData 0.007ms
[456.061s][debug][gc,phases,start] GC(28409) Trigger cleanups
[456.061s][debug][gc,phases      ] GC(28409) Trigger cleanups 0.005ms
[456.061s][info ][gc             ] GC(28409) Concurrent class unloading 0.393ms
[456.061s][info ][gc,start       ] GC(28409) Pause Final Roots
[456.061s][info ][gc             ] GC(28409) Pause Final Roots 0.017ms
[456.061s][debug][gc,ergo        ] GC(28409) Available: 65008 KB, z-score=-1.817. Average available: 125.7 MB +/- 35058.5 KB.
[456.062s][info ][gc,ergo        ] Free: 65008K, Max: 1024K regular, 62464K humongous, Frag: 4% external, 0% internal; Reserve: 103M, Max: 1024K
[456.062s][info ][gc,stats       ] 
[456.062s][info ][gc,stats       ] All times are wall-clock times, except per-root-class counters, that are sum over
[456.062s][info ][gc,stats       ] all workers. Dividing the <total> over the root stage time estimates parallelism.
[456.062s][info ][gc,stats       ] 
[456.062s][info ][gc,stats       ] Concurrent Reset                    192 us
[456.062s][info ][gc,stats       ] Pause Init Mark (G)                 361 us
[456.062s][info ][gc,stats       ] Pause Init Mark (N)                 168 us
[456.062s][info ][gc,stats       ]   Update Region States              116 us
[456.062s][info ][gc,stats       ] Concurrent Mark Roots               275 us, parallelism: 0.82x
[456.062s][info ][gc,stats       ]   CMR: <total>                      226 us
[456.062s][info ][gc,stats       ]   CMR: Thread Roots                 198 us, workers (us):  73,  70,  55,   0, ---, ---, ---, ---, 
[456.062s][info ][gc,stats       ]   CMR: VM Strong Roots               13 us, workers (us):  13,   0,   0,   0, ---, ---, ---, ---, 
[456.062s][info ][gc,stats       ]   CMR: CLDG Roots                    16 us, workers (us):  15,   1, ---, ---, ---, ---, ---, ---, 
[456.062s][info ][gc,stats       ] Concurrent Marking                  583 us
[456.062s][info ][gc,stats       ] Pause Final Mark (G)                732 us
[456.062s][info ][gc,stats       ] Pause Final Mark (N)                637 us
[456.062s][info ][gc,stats       ]   Finish Mark                       374 us
[456.062s][info ][gc,stats       ]   Update Region States              159 us
[456.062s][info ][gc,stats       ]   Choose Collection Set              47 us
[456.062s][info ][gc,stats       ]   Rebuild Free Set                   12 us
[456.062s][info ][gc,stats       ] Concurrent Weak References          141 us, parallelism: 0.01x
[456.062s][info ][gc,stats       ]   CWRF: <total>                       2 us
[456.062s][info ][gc,stats       ]   CWRF: Weak References               2 us, workers (us):   2,   0,   0,   0, ---, ---, ---, ---, 
[456.062s][info ][gc,stats       ] Concurrent Weak Roots               247 us
[456.062s][info ][gc,stats       ]   Roots                             151 us, parallelism: 0.52x
[456.062s][info ][gc,stats       ]     CWR: <total>                     78 us
[456.062s][info ][gc,stats       ]     CWR: Code Cache Roots            54 us, workers (us):  54,   0,   0,   0, ---, ---, ---, ---, 
[456.062s][info ][gc,stats       ]     CWR: VM Weak Roots               23 us, workers (us):  22,   1,   0,   0, ---, ---, ---, ---, 
[456.062s][info ][gc,stats       ]     CWR: CLDG Roots                   1 us, workers (us):   1, ---, ---, ---, ---, ---, ---, ---, 
[456.062s][info ][gc,stats       ]   Rendezvous                         67 us
[456.062s][info ][gc,stats       ] Concurrent Cleanup                  113 us
[456.062s][info ][gc,stats       ] Concurrent Class Unloading          404 us
[456.062s][info ][gc,stats       ]   Unlink Stale                      255 us
[456.062s][info ][gc,stats       ]     System Dictionary                22 us
[456.062s][info ][gc,stats       ]     Weak Class Links                  0 us
[456.062s][info ][gc,stats       ]     Code Roots                      233 us
[456.062s][info ][gc,stats       ]   Rendezvous                         61 us
[456.062s][info ][gc,stats       ]   Purge Unlinked                     65 us
[456.062s][info ][gc,stats       ]     Code Roots                       50 us
[456.062s][info ][gc,stats       ]     CLDG                             14 us
[456.062s][info ][gc,stats       ]     Exception Caches                  0 us
[456.062s][info ][gc,stats       ] Pause Final Roots (G)                83 us
[456.062s][info ][gc,stats       ] Pause Final Roots (N)                23 us
[456.062s][info ][gc,stats       ] 
[456.062s][info ][gc,stats       ] Allocation pacing accrued:
[456.062s][info ][gc,stats       ]       0 of     5 ms (  0.0%): <total>
[456.062s][info ][gc,stats       ]       0 of     5 ms (  0.0%): <average total>
[456.062s][info ][gc,stats       ] 
[456.062s][info ][gc,metaspace   ] Metaspace: 253K(448K)->253K(448K) NonClass: 247K(320K)->247K(320K) Class: 5K(128K)->5K(128K)
[456.062s][info ][gc,ergo        ] Pacer for Idle. Initial: 41943K, Alloc Tax Rate: 1.0x
[456.063s][info ][gc             ] Trigger: Free (56816K) is below minimum threshold (204M)
[456.063s][info ][gc,ergo        ] Free: 56816K, Max: 1024K regular, 56320K humongous, Frag: 0% external, 0% internal; Reserve: 103M, Max: 1024K
[456.063s][info ][gc,start       ] GC(28410) Concurrent reset
[456.063s][info ][gc,task        ] GC(28410) Using 4 of 8 workers for concurrent reset
[456.063s][info ][gc,ergo        ] GC(28410) Pacer for Reset. Non-Taxable: 2048M
[456.064s][info ][gc             ] GC(28410) Concurrent reset 1.520ms
[456.065s][info ][gc,start       ] GC(28410) Pause Init Mark (unload classes)
[456.065s][info ][gc,task        ] GC(28410) Using 8 of 8 workers for init marking
[456.065s][info ][gc,ergo        ] GC(28410) Pacer for Mark. Expected Live: 1403M, Free: 52720K, Non-Taxable: 5272K, Alloc Tax Rate: 33.3x
[456.065s][info ][gc             ] GC(28410) Pause Init Mark (unload classes) 0.272ms
[456.065s][info ][gc,start       ] GC(28410) Concurrent marking roots
[456.065s][info ][gc,task        ] GC(28410) Using 4 of 8 workers for concurrent marking roots
[456.065s][info ][gc             ] GC(28410) Concurrent marking roots 0.304ms
[456.065s][info ][gc,start       ] GC(28410) Concurrent marking (unload classes)
[456.065s][info ][gc,task        ] GC(28410) Using 4 of 8 workers for concurrent marking
[456.066s][info ][gc             ] GC(28410) Concurrent marking (unload classes) 0.518ms
[456.066s][info ][gc,start       ] GC(28410) Pause Final Mark (unload classes)
[456.066s][info ][gc,task        ] GC(28410) Using 8 of 8 workers for final marking
[456.066s][info ][gc,ergo        ] GC(28410) Collectable Garbage: 40960K (100%), Immediate: 40960K (100%), CSet: 0B (0%)
[456.066s][info ][gc             ] GC(28410) Pause Final Mark (unload classes) 0.530ms
[456.066s][info ][gc,start       ] GC(28410) Concurrent weak references
[456.066s][info ][gc,task        ] GC(28410) Using 4 of 8 workers for concurrent weak references
[456.066s][info ][gc,ref         ] GC(28410) Encountered references: Soft: 7, Weak: 34, Final: 0, Phantom: 1
[456.066s][info ][gc,ref         ] GC(28410) Discovered  references: Soft: 0, Weak: 1, Final: 0, Phantom: 1
[456.066s][info ][gc,ref         ] GC(28410) Enqueued    references: Soft: 0, Weak: 0, Final: 0, Phantom: 0
[456.066s][info ][gc             ] GC(28410) Concurrent weak references 0.083ms
[456.066s][info ][gc,start       ] GC(28410) Concurrent weak roots
[456.066s][info ][gc,task        ] GC(28410) Using 4 of 8 workers for concurrent weak root
[456.067s][info ][gc             ] GC(28410) Concurrent weak roots 0.275ms
[456.067s][info ][gc,start       ] GC(28410) Concurrent cleanup
[456.067s][info ][gc             ] GC(28410) Concurrent cleanup 1049M->1012M(2048M) 0.111ms
[456.067s][info ][gc,ergo        ] GC(28410) Free: 109M, Max: 1024K regular, 105M humongous, Frag: 4% external, 0% internal; Reserve: 103M, Max: 1024K
[456.067s][info ][gc,start       ] GC(28410) Concurrent class unloading
[456.067s][info ][gc,task        ] GC(28410) Using 4 of 8 workers for concurrent class unloading
[456.067s][debug][gc,phases,start] GC(28410) ClassLoaderData
[456.067s][debug][gc,phases      ] GC(28410) ClassLoaderData 0.005ms
[456.067s][debug][gc,phases,start] GC(28410) Trigger cleanups
[456.067s][debug][gc,phases      ] GC(28410) Trigger cleanups 0.003ms
[456.067s][info ][gc             ] GC(28410) Concurrent class unloading 0.423ms
[456.067s][info ][gc,start       ] GC(28410) Pause Final Roots
[456.067s][info ][gc             ] GC(28410) Pause Final Roots 0.017ms
[456.067s][debug][gc,ergo        ] GC(28410) Available: 107 MB, z-score=-0.476. Average available: 124.0 MB +/- 35505.6 KB.
[456.067s][info ][gc,ergo        ] Free: 107M, Max: 1024K regular, 105M humongous, Frag: 2% external, 0% internal; Reserve: 103M, Max: 1024K
[456.067s][info ][gc,stats       ] 
[456.067s][info ][gc,stats       ] All times are wall-clock times, except per-root-class counters, that are sum over
[456.068s][info ][gc,stats       ] all workers. Dividing the <total> over the root stage time estimates parallelism.
[456.068s][info ][gc,stats       ] 
[456.068s][info ][gc,stats       ] Concurrent Reset                   1534 us
[456.068s][info ][gc,stats       ] Pause Init Mark (G)                 359 us
[456.068s][info ][gc,stats       ] Pause Init Mark (N)                 281 us
[456.068s][info ][gc,stats       ]   Update Region States              197 us
[456.068s][info ][gc,stats       ] Concurrent Mark Roots               322 us, parallelism: 1.23x
[456.068s][info ][gc,stats       ]   CMR: <total>                      397 us
[456.068s][info ][gc,stats       ]   CMR: Thread Roots                 379 us, workers (us):  87, 155,  86,  52, ---, ---, ---, ---, 
[456.068s][info ][gc,stats       ]   CMR: VM Strong Roots                3 us, workers (us):   2,   0,   0,   0, ---, ---, ---, ---, 
[456.068s][info ][gc,stats       ]   CMR: CLDG Roots                    16 us, workers (us):  15,   1, ---, ---, ---, ---, ---, ---, 
[456.068s][info ][gc,stats       ] Concurrent Marking                  534 us
[456.068s][info ][gc,stats       ] Pause Final Mark (G)                640 us
[456.068s][info ][gc,stats       ] Pause Final Mark (N)                537 us
[456.068s][info ][gc,stats       ]   Finish Mark                       307 us
[456.068s][info ][gc,stats       ]   Update Region States              129 us
[456.068s][info ][gc,stats       ]   Choose Collection Set              56 us
[456.068s][info ][gc,stats       ]   Rebuild Free Set                   12 us
[456.068s][info ][gc,stats       ] Concurrent Weak References           87 us, parallelism: 0.02x
[456.068s][info ][gc,stats       ]   CWRF: <total>                       1 us
[456.068s][info ][gc,stats       ]   CWRF: Weak References               1 us, workers (us):   1,   0,   0,   0, ---, ---, ---, ---, 
[456.068s][info ][gc,stats       ] Concurrent Weak Roots               291 us
[456.068s][info ][gc,stats       ]   Roots                             131 us, parallelism: 0.47x
[456.068s][info ][gc,stats       ]     CWR: <total>                     62 us
[456.068s][info ][gc,stats       ]     CWR: Code Cache Roots            44 us, workers (us):  44,   0,   0,   0, ---, ---, ---, ---, 
[456.068s][info ][gc,stats       ]     CWR: VM Weak Roots               16 us, workers (us):  15,   1,   0,   0, ---, ---, ---, ---, 
[456.068s][info ][gc,stats       ]     CWR: CLDG Roots                   1 us, workers (us):   1, ---, ---, ---, ---, ---, ---, ---, 
[456.068s][info ][gc,stats       ]   Rendezvous                        132 us
[456.068s][info ][gc,stats       ] Concurrent Cleanup                  121 us
[456.068s][info ][gc,stats       ] Concurrent Class Unloading          440 us
[456.068s][info ][gc,stats       ]   Unlink Stale                      278 us
[456.068s][info ][gc,stats       ]     System Dictionary                16 us
[456.068s][info ][gc,stats       ]     Weak Class Links                  0 us
[456.068s][info ][gc,stats       ]     Code Roots                      261 us
[456.068s][info ][gc,stats       ]   Rendezvous                         69 us
[456.068s][info ][gc,stats       ]   Purge Unlinked                     66 us
[456.068s][info ][gc,stats       ]     Code Roots                       52 us
[456.068s][info ][gc,stats       ]     CLDG                             14 us
[456.068s][info ][gc,stats       ]     Exception Caches                  0 us
[456.068s][info ][gc,stats       ] Pause Final Roots (G)                93 us
[456.068s][info ][gc,stats       ] Pause Final Roots (N)                22 us
[456.068s][info ][gc,stats       ] Pacing                            62442 us
[456.068s][info ][gc,stats       ] 
[456.068s][info ][gc,stats       ] Allocation pacing accrued:
[456.068s][info ][gc,stats       ]       8 of     6 ms (135.2%): Thread-0
[456.068s][info ][gc,stats       ]       8 of     6 ms (129.3%): Thread-1
[456.068s][info ][gc,stats       ]       8 of     6 ms (133.1%): Thread-3
[456.068s][info ][gc,stats       ]       8 of     6 ms (137.2%): Thread-4
[456.068s][info ][gc,stats       ]       8 of     6 ms (133.1%): Thread-6
[456.068s][info ][gc,stats       ]       8 of     6 ms (134.0%): Thread-7
[456.068s][info ][gc,stats       ]       8 of     6 ms (132.9%): Thread-8
[456.068s][info ][gc,stats       ]       8 of     6 ms (132.4%): Thread-9
[456.068s][info ][gc,stats       ]      62 of     6 ms (1067.1%): <total>
[456.068s][info ][gc,stats       ]       3 of     6 ms ( 50.8%): <average total>
[456.068s][info ][gc,stats       ]       8 of     6 ms (133.4%): <average non-zero>
[456.068s][info ][gc,stats       ] 
[456.068s][info ][gc,metaspace   ] Metaspace: 253K(448K)->253K(448K) NonClass: 247K(320K)->247K(320K) Class: 5K(128K)->5K(128K)
[456.068s][info ][gc,ergo        ] Pacer for Idle. Initial: 41943K, Alloc Tax Rate: 1.0x
[456.069s][info ][gc             ] Trigger: Free (74224K) is below minimum threshold (204M)
[456.069s][info ][gc,ergo        ] Free: 74224K, Max: 1024K regular, 73728K humongous, Frag: 0% external, 0% internal; Reserve: 103M, Max: 1024K
[456.069s][info ][gc,start       ] GC(28411) Concurrent reset
[456.069s][info ][gc,task        ] GC(28411) Using 4 of 8 workers for concurrent reset
[456.069s][info ][gc,ergo        ] GC(28411) Pacer for Reset. Non-Taxable: 2048M
[456.072s][info ][gc             ] GC(28411) Concurrent reset 2.777ms
[456.072s][info ][gc,start       ] GC(28411) Pause Init Mark (unload classes)
[456.072s][info ][gc,task        ] GC(28411) Using 8 of 8 workers for init marking
[456.072s][info ][gc,ergo        ] GC(28411) Pacer for Mark. Expected Live: 1404M, Free: 29168K, Non-Taxable: 2916K, Alloc Tax Rate: 60.3x
[456.072s][info ][gc             ] GC(28411) Pause Init Mark (unload classes) 0.172ms
[456.072s][info ][gc,start       ] GC(28411) Concurrent marking roots
[456.072s][info ][gc,task        ] GC(28411) Using 4 of 8 workers for concurrent marking roots
[456.072s][info ][gc             ] GC(28411) Concurrent marking roots 0.211ms
[456.072s][info ][gc,start       ] GC(28411) Concurrent marking (unload classes)
[456.072s][info ][gc,task        ] GC(28411) Using 4 of 8 workers for concurrent marking
[456.073s][info ][gc             ] GC(28411) Concurrent marking (unload classes) 0.560ms
[456.073s][info ][gc,start       ] GC(28411) Pause Final Mark (unload classes)
[456.073s][info ][gc,task        ] GC(28411) Using 8 of 8 workers for final marking
[456.074s][info ][gc,ergo        ] GC(28411) Collectable Garbage: 58368K (100%), Immediate: 58368K (100%), CSet: 0B (0%)
[456.074s][info ][gc             ] GC(28411) Pause Final Mark (unload classes) 0.593ms
[456.074s][info ][gc,start       ] GC(28411) Concurrent weak references
[456.074s][info ][gc,task        ] GC(28411) Using 4 of 8 workers for concurrent weak references
[456.074s][info ][gc,ref         ] GC(28411) Encountered references: Soft: 7, Weak: 34, Final: 0, Phantom: 1
[456.074s][info ][gc,ref         ] GC(28411) Discovered  references: Soft: 0, Weak: 1, Final: 0, Phantom: 1
[456.074s][info ][gc,ref         ] GC(28411) Enqueued    references: Soft: 0, Weak: 0, Final: 0, Phantom: 0
[456.074s][info ][gc             ] GC(28411) Concurrent weak references 0.120ms
[456.074s][info ][gc,start       ] GC(28411) Concurrent weak roots
[456.074s][info ][gc,task        ] GC(28411) Using 4 of 8 workers for concurrent weak root
[456.074s][info ][gc             ] GC(28411) Concurrent weak roots 0.192ms
[456.074s][info ][gc,start       ] GC(28411) Concurrent cleanup
[456.074s][info ][gc             ] GC(28411) Concurrent cleanup 1061M->1006M(2048M) 0.117ms
[456.074s][info ][gc,ergo        ] GC(28411) Free: 121M, Max: 1024K regular, 23552K humongous, Frag: 81% external, 0% internal; Reserve: 103M, Max: 1024K
[456.074s][info ][gc,start       ] GC(28411) Concurrent class unloading
[456.074s][info ][gc,task        ] GC(28411) Using 4 of 8 workers for concurrent class unloading
[456.074s][debug][gc,phases,start] GC(28411) ClassLoaderData
[456.074s][debug][gc,phases      ] GC(28411) ClassLoaderData 0.005ms
[456.074s][debug][gc,phases,start] GC(28411) Trigger cleanups
[456.074s][debug][gc,phases      ] GC(28411) Trigger cleanups 0.003ms
[456.074s][info ][gc             ] GC(28411) Concurrent class unloading 0.389ms
[456.075s][info ][gc,start       ] GC(28411) Pause Final Roots
[456.075s][info ][gc             ] GC(28411) Pause Final Roots 0.014ms
[456.075s][debug][gc,ergo        ] GC(28411) Available: 121 MB, z-score=0.245. Average available: 115.9 MB +/- 23374.1 KB.
[456.075s][info ][gc,ergo        ] Free: 121M, Max: 1024K regular, 23552K humongous, Frag: 81% external, 0% internal; Reserve: 103M, Max: 1024K
[456.075s][info ][gc,stats       ] 
[456.075s][info ][gc,stats       ] All times are wall-clock times, except per-root-class counters, that are sum over
[456.075s][info ][gc,stats       ] all workers. Dividing the <total> over the root stage time estimates parallelism.
[456.075s][info ][gc,stats       ] 
[456.075s][info ][gc,stats       ] Concurrent Reset                   2813 us
[456.075s][info ][gc,stats       ] Pause Init Mark (G)                 347 us
[456.075s][info ][gc,stats       ] Pause Init Mark (N)                 190 us
[456.075s][info ][gc,stats       ]   Update Region States              104 us
[456.075s][info ][gc,stats       ] Concurrent Mark Roots               225 us, parallelism: 1.12x
[456.075s][info ][gc,stats       ]   CMR: <total>                      251 us
[456.075s][info ][gc,stats       ]   CMR: Thread Roots                 211 us, workers (us):  61,  71,  36,  43, ---, ---, ---, ---, 
[456.075s][info ][gc,stats       ]   CMR: VM Strong Roots                4 us, workers (us):   3,   0,   0,   0, ---, ---, ---, ---, 
[456.075s][info ][gc,stats       ]   CMR: CLDG Roots                    36 us, workers (us):  36,   1, ---, ---, ---, ---, ---, ---, 
[456.075s][info ][gc,stats       ] Concurrent Marking                  575 us
[456.075s][info ][gc,stats       ] Pause Final Mark (G)                688 us
[456.075s][info ][gc,stats       ] Pause Final Mark (N)                599 us
[456.075s][info ][gc,stats       ]   Finish Mark                       397 us
[456.075s][info ][gc,stats       ]   Update Region States              112 us
[456.075s][info ][gc,stats       ]   Choose Collection Set              42 us
[456.075s][info ][gc,stats       ]   Rebuild Free Set                   11 us
[456.075s][info ][gc,stats       ] Concurrent Weak References          124 us, parallelism: 0.04x
[456.075s][info ][gc,stats       ]   CWRF: <total>                       6 us
[456.075s][info ][gc,stats       ]   CWRF: Weak References               6 us, workers (us):   1,   0,   4,   0, ---, ---, ---, ---, 
[456.075s][info ][gc,stats       ] Concurrent Weak Roots               208 us
[456.075s][info ][gc,stats       ]   Roots                             134 us, parallelism: 0.52x
[456.075s][info ][gc,stats       ]     CWR: <total>                     69 us
[456.075s][info ][gc,stats       ]     CWR: Code Cache Roots            44 us, workers (us):   0,  43,   0,   0, ---, ---, ---, ---, 
[456.075s][info ][gc,stats       ]     CWR: VM Weak Roots               24 us, workers (us):  14,   4,   3,   2, ---, ---, ---, ---, 
[456.075s][info ][gc,stats       ]     CWR: CLDG Roots                   1 us, workers (us):   1, ---, ---, ---, ---, ---, ---, ---, 
[456.075s][info ][gc,stats       ]   Rendezvous                         49 us
[456.075s][info ][gc,stats       ] Concurrent Cleanup                  127 us
[456.075s][info ][gc,stats       ] Concurrent Class Unloading          406 us
[456.075s][info ][gc,stats       ]   Unlink Stale                      188 us
[456.075s][info ][gc,stats       ]     System Dictionary                16 us
[456.075s][info ][gc,stats       ]     Weak Class Links                  0 us
[456.075s][info ][gc,stats       ]     Code Roots                      171 us
[456.075s][info ][gc,stats       ]   Rendezvous                         62 us
[456.075s][info ][gc,stats       ]   Purge Unlinked                    130 us
[456.075s][info ][gc,stats       ]     Code Roots                       96 us
[456.075s][info ][gc,stats       ]     CLDG                             33 us
[456.075s][info ][gc,stats       ]     Exception Caches                  0 us
[456.075s][info ][gc,stats       ] Pause Final Roots (G)               104 us
[456.075s][info ][gc,stats       ] Pause Final Roots (N)                20 us
[456.075s][info ][gc,stats       ] 
[456.075s][info ][gc,stats       ] Allocation pacing accrued:
[456.075s][info ][gc,stats       ]       0 of     7 ms (  0.0%): <total>
[456.075s][info ][gc,stats       ]       0 of     7 ms (  0.0%): <average total>
[456.075s][info ][gc,stats       ] 
[456.075s][info ][gc,metaspace   ] Metaspace: 253K(448K)->253K(448K) NonClass: 247K(320K)->247K(320K) Class: 5K(128K)->5K(128K)
[456.075s][info ][gc,ergo        ] Pacer for Idle. Initial: 41943K, Alloc Tax Rate: 1.0x
[456.076s][info ][gc             ] Trigger: Free (117M) is below minimum threshold (204M)
[456.076s][info ][gc,ergo        ] Free: 117M, Max: 1024K regular, 19456K humongous, Frag: 84% external, 0% internal; Reserve: 103M, Max: 1024K
[456.076s][info ][gc,start       ] GC(28412) Concurrent reset
[456.076s][info ][gc,task        ] GC(28412) Using 4 of 8 workers for concurrent reset
[456.076s][info ][gc,ergo        ] GC(28412) Pacer for Reset. Non-Taxable: 2048M
[456.078s][info ][gc             ] GC(28412) Concurrent reset 1.632ms
[456.078s][info ][gc,start       ] GC(28412) Pause Init Mark (unload classes)
[456.078s][info ][gc,task        ] GC(28412) Using 8 of 8 workers for init marking
[456.078s][info ][gc,ergo        ] GC(28412) Pacer for Mark. Expected Live: 1408M, Free: 95728K, Non-Taxable: 9572K, Alloc Tax Rate: 18.4x
[456.078s][info ][gc             ] GC(28412) Pause Init Mark (unload classes) 0.219ms
[456.078s][info ][gc,start       ] GC(28412) Concurrent marking roots
[456.078s][info ][gc,task        ] GC(28412) Using 4 of 8 workers for concurrent marking roots
[456.079s][info ][gc             ] GC(28412) Concurrent marking roots 0.164ms
[456.079s][info ][gc,start       ] GC(28412) Concurrent marking (unload classes)
[456.079s][info ][gc,task        ] GC(28412) Using 4 of 8 workers for concurrent marking
[456.079s][info ][gc             ] GC(28412) Concurrent marking (unload classes) 0.495ms
[456.079s][info ][gc,start       ] GC(28412) Pause Final Mark (unload classes)
[456.079s][info ][gc,task        ] GC(28412) Using 8 of 8 workers for final marking
[456.079s][info ][gc,ergo        ] GC(28412) Collectable Garbage: 38912K (100%), Immediate: 38912K (100%), CSet: 0B (0%)
[456.080s][info ][gc             ] GC(28412) Pause Final Mark (unload classes) 0.423ms
[456.080s][info ][gc,start       ] GC(28412) Concurrent weak references
[456.080s][info ][gc,task        ] GC(28412) Using 4 of 8 workers for concurrent weak references
[456.080s][info ][gc,ref         ] GC(28412) Encountered references: Soft: 7, Weak: 34, Final: 0, Phantom: 1
[456.080s][info ][gc,ref         ] GC(28412) Discovered  references: Soft: 0, Weak: 1, Final: 0, Phantom: 1
[456.080s][info ][gc,ref         ] GC(28412) Enqueued    references: Soft: 0, Weak: 0, Final: 0, Phantom: 0
[456.080s][info ][gc             ] GC(28412) Concurrent weak references 0.131ms
[456.080s][info ][gc,start       ] GC(28412) Concurrent weak roots
[456.080s][info ][gc,task        ] GC(28412) Using 4 of 8 workers for concurrent weak root
[456.080s][info ][gc             ] GC(28412) Concurrent weak roots 0.297ms
[456.080s][info ][gc,start       ] GC(28412) Concurrent cleanup
[456.080s][info ][gc             ] GC(28412) Concurrent cleanup 1036M->998M(2048M) 0.096ms
[456.080s][info ][gc,ergo        ] GC(28412) Free: 137M, Max: 1024K regular, 8192K humongous, Frag: 95% external, 0% internal; Reserve: 103M, Max: 1024K
[456.080s][info ][gc,start       ] GC(28412) Concurrent class unloading
[456.080s][info ][gc,task        ] GC(28412) Using 4 of 8 workers for concurrent class unloading
[456.080s][debug][gc,phases,start] GC(28412) ClassLoaderData
[456.080s][debug][gc,phases      ] GC(28412) ClassLoaderData 0.005ms
[456.080s][debug][gc,phases,start] GC(28412) Trigger cleanups
[456.080s][debug][gc,phases      ] GC(28412) Trigger cleanups 0.003ms
[456.081s][info ][gc             ] GC(28412) Concurrent class unloading 0.327ms
[456.081s][info ][gc,start       ] GC(28412) Pause Final Roots
[456.081s][info ][gc             ] GC(28412) Pause Final Roots 0.010ms
[456.081s][debug][gc,ergo        ] GC(28412) Available: 137 MB, z-score=0.849. Average available: 117.4 MB +/- 24255.8 KB.
[456.081s][info ][gc,ergo        ] Free: 137M, Max: 1024K regular, 8192K humongous, Frag: 95% external, 0% internal; Reserve: 103M, Max: 1024K
[456.081s][info ][gc,stats       ] 
[456.081s][info ][gc,stats       ] All times are wall-clock times, except per-root-class counters, that are sum over
[456.081s][info ][gc,stats       ] all workers. Dividing the <total> over the root stage time estimates parallelism.
[456.081s][info ][gc,stats       ] 
[456.081s][info ][gc,stats       ] Concurrent Reset                   1677 us
[456.081s][info ][gc,stats       ] Pause Init Mark (G)                 660 us
[456.081s][info ][gc,stats       ] Pause Init Mark (N)                 224 us
[456.081s][info ][gc,stats       ]   Update Region States              178 us
[456.081s][info ][gc,stats       ] Concurrent Mark Roots               177 us, parallelism: 1.16x
[456.081s][info ][gc,stats       ]   CMR: <total>                      204 us
[456.081s][info ][gc,stats       ]   CMR: Thread Roots                 185 us, workers (us):  48,  69,  47,  22, ---, ---, ---, ---, 
[456.081s][info ][gc,stats       ]   CMR: VM Strong Roots                3 us, workers (us):   2,   0,   0,   0, ---, ---, ---, ---, 
[456.081s][info ][gc,stats       ]   CMR: CLDG Roots                    16 us, workers (us):  16,   1, ---, ---, ---, ---, ---, ---, 
[456.081s][info ][gc,stats       ] Concurrent Marking                  512 us
[456.081s][info ][gc,stats       ] Pause Final Mark (G)                623 us
[456.081s][info ][gc,stats       ] Pause Final Mark (N)                429 us
[456.081s][info ][gc,stats       ]   Finish Mark                       257 us
[456.081s][info ][gc,stats       ]   Update Region States               99 us
[456.081s][info ][gc,stats       ]   Choose Collection Set              40 us
[456.081s][info ][gc,stats       ]   Rebuild Free Set                    9 us
[456.081s][info ][gc,stats       ] Concurrent Weak References          137 us, parallelism: 0.01x
[456.081s][info ][gc,stats       ]   CWRF: <total>                       2 us
[456.081s][info ][gc,stats       ]   CWRF: Weak References               2 us, workers (us):   1,   0,   1,   0, ---, ---, ---, ---, 
[456.081s][info ][gc,stats       ] Concurrent Weak Roots               315 us
[456.081s][info ][gc,stats       ]   Roots                             109 us, parallelism: 0.55x
[456.081s][info ][gc,stats       ]     CWR: <total>                     61 us
[456.081s][info ][gc,stats       ]     CWR: Code Cache Roots            34 us, workers (us):  34,   0,   0,   0, ---, ---, ---, ---, 
[456.081s][info ][gc,stats       ]     CWR: VM Weak Roots               26 us, workers (us):  19,   6,   0,   0, ---, ---, ---, ---, 
[456.081s][info ][gc,stats       ]     CWR: CLDG Roots                   1 us, workers (us): ---,   1, ---, ---, ---, ---, ---, ---, 
[456.081s][info ][gc,stats       ]   Rendezvous                        163 us
[456.081s][info ][gc,stats       ] Concurrent Cleanup                  101 us
[456.081s][info ][gc,stats       ] Concurrent Class Unloading          343 us
[456.081s][info ][gc,stats       ]   Unlink Stale                      195 us
[456.081s][info ][gc,stats       ]     System Dictionary                15 us
[456.081s][info ][gc,stats       ]     Weak Class Links                  0 us
[456.081s][info ][gc,stats       ]     Code Roots                      179 us
[456.081s][info ][gc,stats       ]   Rendezvous                         54 us
[456.081s][info ][gc,stats       ]   Purge Unlinked                     69 us
[456.081s][info ][gc,stats       ]     Code Roots                       55 us
[456.081s][info ][gc,stats       ]     CLDG                             13 us
[456.081s][info ][gc,stats       ]     Exception Caches                  0 us
[456.081s][info ][gc,stats       ] Pause Final Roots (G)                61 us
[456.081s][info ][gc,stats       ] Pause Final Roots (N)                14 us
[456.081s][info ][gc             ] Failed to allocate Shared, 10240K
[456.081s][info ][gc             ] Cancelling GC: Allocation Failure
[456.081s][info ][gc,stats       ] Pacing                            38647 us
[456.081s][info ][gc,stats       ] 
[456.081s][info ][gc,stats       ] Allocation pacing accrued:
[456.081s][info ][gc,stats       ]       6 of     6 ms ( 90.5%): Thread-0
[456.081s][info ][gc,stats       ]       5 of     6 ms ( 84.5%): Thread-2
[456.081s][info ][gc,stats       ]       3 of     6 ms ( 44.6%): Thread-3
[456.081s][info ][gc,stats       ]       5 of     6 ms ( 75.8%): Thread-4
[456.081s][info ][gc,stats       ]       5 of     6 ms ( 81.8%): Thread-5
[456.081s][info ][gc,stats       ]       5 of     6 ms ( 85.3%): Thread-6
[456.081s][info ][gc,stats       ]       5 of     6 ms ( 84.0%): Thread-7
[456.081s][info ][gc,stats       ]       5 of     6 ms ( 78.5%): Thread-9
[456.081s][info ][gc,stats       ]      39 of     6 ms (625.1%): <total>
[456.081s][info ][gc,stats       ]       2 of     6 ms ( 29.8%): <average total>
[456.081s][info ][gc,stats       ]       5 of     6 ms ( 78.1%): <average non-zero>
[456.081s][info ][gc,stats       ] 
[456.081s][info ][gc,metaspace   ] Metaspace: 253K(448K)->253K(448K) NonClass: 247K(320K)->247K(320K) Class: 5K(128K)->5K(128K)
[456.081s][info ][gc,ergo        ] Pacer for Idle. Initial: 41943K, Alloc Tax Rate: 1.0x
[456.082s][info ][gc             ] Trigger: Handle Allocation Failure
[456.082s][info ][gc,ergo        ] Free: 101M, Max: 1024K regular, 8192K humongous, Frag: 93% external, 0% internal; Reserve: 103M, Max: 1024K
[456.082s][info ][gc,start       ] GC(28413) Pause Degenerated GC (Outside of Cycle)
[456.082s][info ][gc,task        ] GC(28413) Using 8 of 8 workers for stw degenerated gc
[456.084s][info ][gc,ref         ] GC(28413) Clearing All SoftReferences
[456.085s][info ][gc,ref         ] GC(28413) Encountered references: Soft: 7, Weak: 34, Final: 0, Phantom: 1
[456.085s][info ][gc,ref         ] GC(28413) Discovered  references: Soft: 3, Weak: 9, Final: 0, Phantom: 1
[456.085s][info ][gc,ref         ] GC(28413) Enqueued    references: Soft: 0, Weak: 0, Final: 0, Phantom: 0
[456.085s][debug][gc,phases,start] GC(28413) ClassLoaderData
[456.085s][debug][gc,phases      ] GC(28413) ClassLoaderData 0.011ms
[456.085s][debug][gc,phases,start] GC(28413) Trigger cleanups
[456.085s][debug][gc,phases      ] GC(28413) Trigger cleanups 0.005ms
[456.086s][info ][gc,ergo        ] GC(28413) Collectable Garbage: 14336K (100%), Immediate: 14336K (100%), CSet: 0B (0%)
[456.086s][info ][gc,ergo        ] GC(28413) Good progress for free space: 127M, need 20971K
[456.086s][info ][gc,ergo        ] GC(28413) Good progress for used space: 14336K, need 1024K
[456.086s][info ][gc             ] GC(28413) Pause Degenerated GC (Outside of Cycle) 1017M->1003M(2048M) 3.438ms
[456.086s][debug][gc,ergo        ] GC(28413) Margin of error now 3.29
[456.086s][debug][gc,ergo        ] GC(28413) Spike threshold now: 0.32
[456.086s][info ][gc,ergo        ] Free: 109M, Max: 1024K regular, 8192K humongous, Frag: 93% external, 0% internal; Reserve: 103M, Max: 1024K
[456.086s][info ][gc,stats       ] 
[456.086s][info ][gc,stats       ] All times are wall-clock times, except per-root-class counters, that are sum over
[456.086s][info ][gc,stats       ] all workers. Dividing the <total> over the root stage time estimates parallelism.
[456.086s][info ][gc,stats       ] 
[456.086s][info ][gc,stats       ] Pause Degenerated GC (G)           3831 us
[456.086s][info ][gc,stats       ] Pause Degenerated GC (N)           3445 us
[456.086s][info ][gc,stats       ]   Degen STW Mark                    715 us, parallelism: 4.81x
[456.086s][info ][gc,stats       ]     DSM: <total>                   3441 us
[456.086s][info ][gc,stats       ]     DSM: Thread Roots                83 us, workers (us):  39,  28,  11,   1,   0,   1,   2,   1, 
[456.086s][info ][gc,stats       ]     DSM: VM Strong Roots             20 us, workers (us):   0,  10,   9,   0,   0,   0,   0,   0, 
[456.086s][info ][gc,stats       ]     DSM: CLDG Roots                  30 us, workers (us):  27,   0,   0,   1,   0,   1,   1,   0, 
[456.086s][info ][gc,stats       ]     DSM: Parallel Mark             3307 us, workers (us): 414, 452, 410, 406, 415, 414, 319, 477, 
[456.086s][info ][gc,stats       ]     System Purge                    407 us
[456.086s][info ][gc,stats       ]       Weak References               137 us, parallelism: 0.04x
[456.086s][info ][gc,stats       ]         WRP: <total>                  6 us
[456.086s][info ][gc             ] Failed to allocate Shared, 10240K
[456.086s][info ][gc             ] Cancelling GC: Allocation Failure
[456.086s][info ][gc,stats       ]         WRP: Weak References          6 us, workers (us):   2,   0,   0,   0,   4,   0,   0,   0, 
[456.086s][info ][gc,stats       ]       Unload Classes                152 us, parallelism: 1.04x
[456.086s][info ][gc,stats       ]         DCU: <total>                159 us
[456.086s][info ][gc,stats       ]         DCU: Unload Code Caches      159 us, workers (us):  66,  47,  45,   0,   0,   0,   0,   0, 
[456.086s][info ][gc,stats       ]       Weak Roots                    116 us, parallelism: 0.18x
[456.086s][info ][gc,stats       ]         DWR: <total>                 21 us
[456.086s][info ][gc,stats       ]         DWR: VM Weak Roots           21 us, workers (us):  16,   1,   0,   0,   1,   1,   1,   0, 
[456.086s][info ][gc,stats       ]       CLDG                            0 us
[456.086s][info ][gc,stats       ]   Update Region States              103 us
[456.086s][info ][gc,stats       ]   Manage GC/TLABs                     2 us
[456.086s][info ][gc,stats       ]   Choose Collection Set              37 us
[456.086s][info ][gc,stats       ]   Rebuild Free Set                   10 us
[456.086s][info ][gc,stats       ]   Cleanup                            89 us
[456.087s][info ][gc,stats       ] 
[456.087s][info ][gc,stats       ] Allocation pacing accrued:
[456.087s][info ][gc,stats       ]       0 of     5 ms (  0.0%): <total>
[456.087s][info ][gc,stats       ]       0 of     5 ms (  0.0%): <average total>
[456.087s][info ][gc,stats       ] 
[456.087s][info ][gc,metaspace   ] Metaspace: 253K(448K)->253K(448K) NonClass: 247K(320K)->247K(320K) Class: 5K(128K)->5K(128K)
[456.087s][info ][gc,ergo        ] Pacer for Idle. Initial: 41943K, Alloc Tax Rate: 1.0x
[456.088s][info ][gc             ] Trigger: Handle Allocation Failure
[456.088s][info ][gc,ergo        ] Free: 91632K, Max: 1024K regular, 4096K humongous, Frag: 96% external, 0% internal; Reserve: 103M, Max: 1024K
[456.088s][info ][gc,start       ] GC(28414) Pause Degenerated GC (Outside of Cycle)
[456.088s][info ][gc,task        ] GC(28414) Using 8 of 8 workers for stw degenerated gc
[456.090s][info ][gc,ref         ] GC(28414) Clearing All SoftReferences
[456.090s][info ][gc,ref         ] GC(28414) Encountered references: Soft: 7, Weak: 34, Final: 0, Phantom: 1
[456.090s][info ][gc,ref         ] GC(28414) Discovered  references: Soft: 4, Weak: 1, Final: 0, Phantom: 0
[456.090s][info ][gc,ref         ] GC(28414) Enqueued    references: Soft: 0, Weak: 0, Final: 0, Phantom: 0
[456.090s][debug][gc,phases,start] GC(28414) ClassLoaderData
[456.090s][debug][gc,phases      ] GC(28414) ClassLoaderData 0.011ms
[456.090s][debug][gc,phases,start] GC(28414) Trigger cleanups
[456.090s][debug][gc,phases      ] GC(28414) Trigger cleanups 0.005ms
[456.091s][info ][gc,ergo        ] GC(28414) Adaptive CSet Selection. Target Free: 290M, Actual Free: 192M, Max CSet: 87381K, Min Garbage: 100488K
[456.091s][info ][gc,ergo        ] GC(28414) Collectable Garbage: 0B (0%), Immediate: 0B (0%), CSet: 0B (0%)
[456.094s][info ][gc,ergo        ] GC(28414) Good progress for free space: 91136K, need 20971K
[456.094s][info ][gc,ergo        ] GC(28414) Bad progress for used space: 0B, need 1024K
[456.094s][info ][gc,ergo        ] GC(28414) Bad progress for internal fragmentation: -nan%, need 1.0%
[456.094s][info ][gc,ergo        ] GC(28414) Bad progress for external fragmentation: 0.0%, need 1.0%
[456.094s][info ][gc             ] GC(28414) Cancelling GC: Upgrade To Full GC
[456.095s][info ][gc,phases,start] GC(28414) Phase 1: Mark live objects
[456.095s][info ][gc,ref         ] GC(28414) Clearing All SoftReferences
[456.095s][info ][gc,ref         ] GC(28414) Clearing All SoftReferences
[456.096s][info ][gc,ref         ] GC(28414) Encountered references: Soft: 7, Weak: 34, Final: 0, Phantom: 1
[456.096s][info ][gc,ref         ] GC(28414) Discovered  references: Soft: 4, Weak: 9, Final: 0, Phantom: 0
[456.096s][info ][gc,ref         ] GC(28414) Enqueued    references: Soft: 0, Weak: 0, Final: 0, Phantom: 0
[456.096s][debug][gc,phases,start] GC(28414) ClassLoaderData
[456.096s][debug][gc,phases      ] GC(28414) ClassLoaderData 0.014ms
[456.096s][debug][gc,phases,start] GC(28414) Trigger cleanups
[456.096s][debug][gc,phases      ] GC(28414) Trigger cleanups 0.003ms
[456.096s][info ][gc,phases      ] GC(28414) Phase 1: Mark live objects 1.158ms
[456.096s][info ][gc,phases,start] GC(28414) Phase 2: Compute new object addresses
[456.097s][info ][gc,phases      ] GC(28414) Phase 2: Compute new object addresses 0.547ms
[456.097s][info ][gc,phases,start] GC(28414) Phase 3: Adjust pointers
[456.099s][info ][gc,phases      ] GC(28414) Phase 3: Adjust pointers 1.681ms
[456.099s][info ][gc,phases,start] GC(28414) Phase 4: Move objects
[456.215s][info ][gc,phases      ] GC(28414) Phase 4: Move objects 116.640ms
[456.216s][info ][gc,ergo        ] GC(28414) Good progress for free space: 91632K, need 20971K
[456.216s][info ][gc,ergo        ] GC(28414) Bad progress for used space: 496K, need 1024K
[456.216s][info ][gc,ergo        ] GC(28414) Bad progress for internal fragmentation: -nan%, need 1.0%
[456.216s][info ][gc,ergo        ] GC(28414) Good progress for external fragmentation: 87.6%, need 1.0%
[456.216s][info ][gc             ] GC(28414) Pause Degenerated GC (Outside of Cycle) 1022M->1022M(2048M) 127.964ms
[456.216s][debug][gc,ergo        ] GC(28414) Margin of error now 3.29
[456.216s][debug][gc,ergo        ] GC(28414) Spike threshold now: 0.32
[456.216s][info ][gc,ergo        ] Free: 71152K, Max: 1024K regular, 69632K humongous, Frag: 2% external, 0% internal; Reserve: 103M, Max: 1024K
[456.216s][info ][gc,stats       ] 
[456.216s][info ][gc,stats       ] All times are wall-clock times, except per-root-class counters, that are sum over
[456.216s][info ][gc,stats       ] all workers. Dividing the <total> over the root stage time estimates parallelism.
[456.216s][info ][gc,stats       ] 
[456.216s][info ][gc,stats       ] Pause Degenerated GC (G)         128383 us
[456.216s][info ][gc,stats       ] Pause Degenerated GC (N)         127974 us
[456.216s][info ][gc,stats       ]   Degen STW Mark                    464 us, parallelism: 5.51x
[456.216s][info ][gc,stats       ]     DSM: <total>                   2555 us
[456.216s][info ][gc,stats       ]     DSM: Thread Roots                99 us, workers (us):  31,  23,  20,   8,  15,   1,   1,   1, 
[456.216s][info ][gc,stats       ]     DSM: VM Strong Roots             21 us, workers (us):  10,   1,  10,   0,   0,   0,   0,   0, 
[456.216s][info ][gc,stats       ]     DSM: CLDG Roots                  32 us, workers (us):   1,   0,   0,  28,   1,   1,   0,   1, 
[456.216s][info ][gc,stats       ]     DSM: Parallel Mark             2403 us, workers (us): 316, 323, 327, 297, 285, 281, 308, 266, 
[456.216s][info ][gc,stats       ]     System Purge                    388 us
[456.216s][info ][gc,stats       ]       Weak References               140 us, parallelism: 0.01x
[456.216s][info ][gc,stats       ]         WRP: <total>                  2 us
[456.216s][info ][gc,stats       ]         WRP: Weak References          2 us, workers (us):   1,   0,   0,   0,   0,   0,   0,   0, 
[456.216s][info ][gc,stats       ]       Unload Classes                137 us, parallelism: 1.04x
[456.216s][info ][gc,stats       ]         DCU: <total>                143 us
[456.216s][info ][gc,stats       ]         DCU: Unload Code Caches      143 us, workers (us):  61,  45,  37,   0,   0,   0,   0,   0, 
[456.216s][info ][gc,stats       ]       Weak Roots                    110 us, parallelism: 0.19x
[456.216s][info ][gc,stats       ]         DWR: <total>                 21 us
[456.216s][info ][gc,stats       ]         DWR: VM Weak Roots           21 us, workers (us):  13,   3,   1,   1,   1,   1,   1,   1, 
[456.216s][info ][gc,stats       ]       CLDG                            0 us
[456.216s][info ][gc,stats       ]   Update Region States              105 us
[456.216s][info ][gc,stats       ]   Manage GC/TLABs                     2 us
[456.216s][info ][gc,stats       ]   Choose Collection Set              33 us
[456.216s][info ][gc,stats       ]   Rebuild Free Set                   11 us
[456.216s][info ][gc,stats       ]   Evacuation                        406 us
[456.216s][info ][gc,stats       ]   Manage GCLABs                       3 us
[456.216s][info ][gc,stats       ]   Update References                1851 us
[456.216s][info ][gc,stats       ]   Update Region States              241 us
[456.216s][info ][gc,stats       ]   Trash Collection Set                5 us
[456.216s][info ][gc,stats       ]   Rebuild Free Set                   31 us
[456.216s][info ][gc,stats       ]   Degen Update Roots                350 us, parallelism: 0.82x
[456.216s][info ][gc,stats       ]     DU: <total>                     287 us
[456.216s][info ][gc,stats       ]     DU: Thread Roots                102 us, workers (us):  23,   1,  36,  35,   6,   0,   0,   0, 
[456.216s][info ][gc,stats       ]     DU: Code Cache Roots            122 us, workers (us):   0, 120,   1,   0,   0,   0,   0,   0, 
[456.216s][info ][gc,stats       ]     DU: VM Strong Roots               6 us, workers (us):   3,   3,   0,   0,   0,   0,   0,   0, 
[456.216s][info ][gc,stats       ]     DU: VM Weak Roots                32 us, workers (us):  10,   9,   6,   6,   1,   0,   0,   0, 
[456.216s][info ][gc,stats       ]     DU: CLDG Roots                   25 us, workers (us):  18,   2,   2,   2,   0,   0,   0,   0, 
[456.216s][info ][gc,stats       ]   Cleanup                           229 us
[456.216s][info ][gc,stats       ]   Pre Heap Dump                       1 us
[456.216s][info ][gc,stats       ]   Prepare                          1029 us
[456.216s][info ][gc,stats       ]   Mark                             1121 us, parallelism: 3.25x
[456.216s][info ][gc,stats       ]     FM: <total>                    3643 us
[456.216s][info ][gc,stats       ]     FM: Thread Roots                 80 us, workers (us):  41,  27,   5,   1,   1,   1,   1,   1, 
[456.216s][info ][gc,stats       ]     FM: VM Strong Roots               3 us, workers (us):   0,   2,   0,   0,   0,   0,   0,   0, 
[456.216s][info ][gc,stats       ]     FM: CLDG Roots                   18 us, workers (us):   0,   0,  14,   1,   1,   1,   1,   1, 
[456.216s][info ][gc,stats       ]     FM: Parallel Mark              3543 us, workers (us): 439, 507, 521, 464, 412, 397, 392, 410, 
[456.216s][info ][gc,stats       ]     System Purge                    416 us
[456.216s][info ][gc,stats       ]       Weak References               155 us, parallelism: 0.01x
[456.216s][info ][gc,stats       ]         WRP: <total>                  2 us
[456.217s][info ][gc,stats       ]         WRP: Weak References          2 us, workers (us):   1,   0,   0,   0,   0,   0,   0,   0, 
[456.217s][info ][gc,stats       ]       Unload Classes                152 us, parallelism: 1.25x
[456.217s][info ][gc,stats       ]         CU: <total>                 191 us
[456.217s][info ][gc,stats       ]         CU: Unload Code Caches      191 us, workers (us):  93,  79,  18,   0,   0,   0,   0,   0, 
[456.217s][info ][gc,stats       ]       Weak Roots                    106 us, parallelism: 0.30x
[456.217s][info ][gc,stats       ]         WR: <total>                  32 us
[456.217s][info ][gc,stats       ]         WR: VM Weak Roots            32 us, workers (us):  18,   6,   1,   2,   1,   1,   2,   1, 
[456.217s][info ][gc,stats       ]       CLDG                            1 us
[456.217s][info ][gc,stats       ]   Calculate Addresses               542 us
[456.217s][info ][gc,stats       ]     Regular Objects                 342 us
[456.217s][info ][gc,stats       ]     Humongous Objects               137 us
[456.217s][info ][gc,stats       ]   Adjust Pointers                  1669 us
[456.217s][info ][gc,stats       ]     FA: <total>                     147 us
[456.217s][info ][gc,stats       ]     FA: Thread Roots                 28 us, workers (us):   1,  25,   0,   0,   0,   1,   0,   1, 
[456.217s][info ][gc,stats       ]     FA: Code Cache Roots             98 us, workers (us):  97,   0,   0,   0,   0,   0,   0,   0, 
[456.217s][info ][gc,stats       ]     FA: VM Strong Roots               3 us, workers (us):   1,   0,   0,   0,   0,   0,   0,   0, 
[456.217s][info ][gc,stats       ]     FA: VM Weak Roots                10 us, workers (us):   8,   0,   0,   0,   0,   1,   0,   1, 
[456.217s][info ][gc,stats       ]     FA: CLDG Roots                    8 us, workers (us):   6,   0,   0,   0,   0,   1,   0,   1, 
[456.217s][info ][gc,stats       ]   Copy Objects                   116636 us
[456.217s][info ][gc,stats       ]     Regular Objects                 300 us
[456.217s][info ][gc,stats       ]     Humongous Objects            114674 us
[456.217s][info ][gc,stats       ]     Reset Complete Bitmap          1601 us
[456.217s][info ][gc,stats       ]     Rebuild Region Sets              52 us
[456.217s][info ][gc,stats       ]   Post Heap Dump                      1 us
[456.217s][info ][gc,stats       ] 
[456.217s][info ][gc,stats       ] Allocation pacing accrued:
[456.217s][info ][gc,stats       ]       0 of   130 ms (  0.0%): <total>
[456.217s][info ][gc,stats       ]       0 of   130 ms (  0.0%): <average total>
[456.217s][info ][gc,stats       ] 
[456.217s][info ][gc,metaspace   ] Metaspace: 253K(448K)->253K(448K) NonClass: 247K(320K)->247K(320K) Class: 5K(128K)->5K(128K)
[456.217s][info ][gc,ergo        ] Pacer for Idle. Initial: 41943K, Alloc Tax Rate: 1.0x
[456.218s][info ][gc             ] Trigger: Free (39408K) is below minimum threshold (204M)
[456.218s][info ][gc,ergo        ] Free: 39408K, Max: 1024K regular, 37888K humongous, Frag: 3% external, 1% internal; Reserve: 103M, Max: 1024K
[456.218s][info ][gc,start       ] GC(28415) Concurrent reset
[456.218s][info ][gc,task        ] GC(28415) Using 4 of 8 workers for concurrent reset
[456.218s][info ][gc,ergo        ] GC(28415) Pacer for Reset. Non-Taxable: 2048M
[456.218s][info ][gc             ] GC(28415) Concurrent reset 0.286ms
[456.218s][info ][gc,start       ] GC(28415) Pause Init Mark (unload classes)
[456.218s][info ][gc,task        ] GC(28415) Using 8 of 8 workers for init marking
[456.219s][info ][gc,ergo        ] GC(28415) Pacer for Mark. Expected Live: 2015M, Free: 39408K, Non-Taxable: 3940K, Alloc Tax Rate: 64.0x
[456.219s][info ][gc             ] GC(28415) Pause Init Mark (unload classes) 0.751ms
[456.220s][info ][gc,start       ] GC(28415) Concurrent marking roots
[456.220s][info ][gc,task        ] GC(28415) Using 4 of 8 workers for concurrent marking roots
[456.220s][info ][gc             ] GC(28415) Concurrent marking roots 0.337ms
[456.220s][info ][gc,start       ] GC(28415) Concurrent marking (unload classes)
[456.220s][info ][gc,task        ] GC(28415) Using 4 of 8 workers for concurrent marking
[456.221s][info ][gc             ] GC(28415) Concurrent marking (unload classes) 1.051ms
[456.221s][info ][gc,start       ] GC(28415) Pause Final Mark (unload classes)
[456.221s][info ][gc,task        ] GC(28415) Using 8 of 8 workers for final marking
[456.222s][info ][gc,ergo        ] GC(28415) Collectable Garbage: 25600K (100%), Immediate: 25600K (100%), CSet: 0B (0%)
[456.222s][info ][gc             ] GC(28415) Pause Final Mark (unload classes) 1.002ms
[456.222s][info ][gc,start       ] GC(28415) Concurrent weak references
[456.222s][info ][gc,task        ] GC(28415) Using 4 of 8 workers for concurrent weak references
[456.222s][info ][gc,ref         ] GC(28415) Encountered references: Soft: 7, Weak: 34, Final: 0, Phantom: 1
[456.222s][info ][gc,ref         ] GC(28415) Discovered  references: Soft: 0, Weak: 1, Final: 0, Phantom: 1
[456.222s][info ][gc,ref         ] GC(28415) Enqueued    references: Soft: 0, Weak: 0, Final: 0, Phantom: 0
[456.222s][info ][gc             ] GC(28415) Concurrent weak references 0.132ms
[456.222s][info ][gc,start       ] GC(28415) Concurrent weak roots
[456.222s][info ][gc,task        ] GC(28415) Using 4 of 8 workers for concurrent weak root
[456.222s][info ][gc             ] GC(28415) Concurrent weak roots 0.176ms
[456.223s][info ][gc,start       ] GC(28415) Concurrent cleanup
[456.223s][info ][gc             ] GC(28415) Concurrent cleanup 1058M->1033M(2048M) 0.098ms
[456.223s][info ][gc,ergo        ] GC(28415) Free: 69104K, Max: 1024K regular, 43008K humongous, Frag: 38% external, 0% internal; Reserve: 103M, Max: 1024K
[456.223s][info ][gc,start       ] GC(28415) Concurrent class unloading
[456.223s][info ][gc,task        ] GC(28415) Using 4 of 8 workers for concurrent class unloading
[456.223s][debug][gc,phases,start] GC(28415) ClassLoaderData
[456.223s][debug][gc,phases      ] GC(28415) ClassLoaderData 0.005ms
[456.223s][debug][gc,phases,start] GC(28415) Trigger cleanups
[456.223s][debug][gc,phases      ] GC(28415) Trigger cleanups 0.003ms
[456.223s][info ][gc             ] GC(28415) Concurrent class unloading 0.308ms
[456.223s][info ][gc,start       ] GC(28415) Pause Final Roots
[456.223s][info ][gc             ] GC(28415) Pause Final Roots 0.012ms
[456.223s][debug][gc,ergo        ] GC(28415) Available: 69104 KB, z-score=-1.662. Average available: 109.0 MB +/- 25564.1 KB.
[456.223s][info ][gc,ergo        ] Free: 69104K, Max: 1024K regular, 43008K humongous, Frag: 38% external, 0% internal; Reserve: 103M, Max: 1024K
[456.223s][info ][gc,stats       ] 
[456.223s][info ][gc,stats       ] All times are wall-clock times, except per-root-class counters, that are sum over
[456.223s][info ][gc,stats       ] all workers. Dividing the <total> over the root stage time estimates parallelism.
[456.223s][info ][gc,stats       ] 
[456.223s][info ][gc,stats       ] Concurrent Reset                    324 us
[456.223s][info ][gc,stats       ] Pause Init Mark (G)                1582 us
[456.223s][info ][gc,stats       ] Pause Init Mark (N)                 782 us
[456.223s][info ][gc,stats       ]   Update Region States              594 us
[456.223s][info ][gc,stats       ] Concurrent Mark Roots               345 us, parallelism: 0.76x
[456.223s][info ][gc,stats       ]   CMR: <total>                      263 us
[456.223s][info ][gc,stats       ]   CMR: Thread Roots                 243 us, workers (us):  55,  21, 167,   0, ---, ---, ---, ---, 
[456.223s][info ][gc,stats       ]   CMR: VM Strong Roots                5 us, workers (us):   3,   0,   1,   1, ---, ---, ---, ---, 
[456.223s][info ][gc,stats       ]   CMR: CLDG Roots                    15 us, workers (us):  15, ---, ---, ---, ---, ---, ---, ---, 
[456.223s][info ][gc,stats       ] Concurrent Marking                 1065 us
[456.223s][info ][gc,stats       ] Pause Final Mark (G)               1113 us
[456.223s][info ][gc,stats       ] Pause Final Mark (N)               1007 us
[456.223s][info ][gc,stats       ]   Finish Mark                       776 us
[456.223s][info ][gc,stats       ]   Update Region States              102 us
[456.223s][info ][gc,stats       ]   Choose Collection Set              31 us
[456.223s][info ][gc,stats       ]   Rebuild Free Set                    6 us
[456.223s][info ][gc,stats       ] Concurrent Weak References          137 us, parallelism: 0.02x
[456.223s][info ][gc,stats       ]   CWRF: <total>                       2 us
[456.223s][info ][gc,stats       ]   CWRF: Weak References               2 us, workers (us):   1,   1,   0,   0, ---, ---, ---, ---, 
[456.223s][info ][gc,stats       ] Concurrent Weak Roots               186 us
[456.223s][info ][gc,stats       ]   Roots                             109 us, parallelism: 0.58x
[456.223s][info ][gc,stats       ]     CWR: <total>                     64 us
[456.223s][info ][gc,stats       ]     CWR: Code Cache Roots            42 us, workers (us):  42,   0,   0,   0, ---, ---, ---, ---, 
[456.223s][info ][gc,stats       ]     CWR: VM Weak Roots               21 us, workers (us):  15,   6,   0,   0, ---, ---, ---, ---, 
[456.223s][info ][gc,stats       ]     CWR: CLDG Roots                   1 us, workers (us): ---,   1, ---, ---, ---, ---, ---, ---, 
[456.223s][info ][gc,stats       ]   Rendezvous                         56 us
[456.223s][info ][gc,stats       ] Concurrent Cleanup                  102 us
[456.223s][info ][gc,stats       ] Concurrent Class Unloading          322 us
[456.223s][info ][gc,stats       ]   Unlink Stale                      179 us
[456.223s][info ][gc,stats       ]     System Dictionary                17 us
[456.223s][info ][gc,stats       ]     Weak Class Links                  0 us
[456.223s][info ][gc,stats       ]     Code Roots                      162 us
[456.223s][info ][gc,stats       ]   Rendezvous                         52 us
[456.223s][info ][gc,stats       ]   Purge Unlinked                     68 us
[456.223s][info ][gc,stats       ]     Code Roots                       53 us
[456.223s][info ][gc,stats       ]     CLDG                             14 us
[456.223s][info ][gc,stats       ]     Exception Caches                  0 us
[456.223s][info ][gc,stats       ] Pause Final Roots (G)               162 us
[456.223s][info ][gc,stats       ] Pause Final Roots (N)                17 us
[456.223s][info ][gc,stats       ] 
[456.223s][info ][gc,stats       ] Allocation pacing accrued:
[456.223s][info ][gc,stats       ]       0 of     7 ms (  0.0%): <total>
[456.223s][info ][gc,stats       ]       0 of     7 ms (  0.0%): <average total>
[456.223s][info ][gc,stats       ] 
[456.223s][info ][gc,metaspace   ] Metaspace: 253K(448K)->253K(448K) NonClass: 247K(320K)->247K(320K) Class: 5K(128K)->5K(128K)
[456.223s][info ][gc,ergo        ] Pacer for Idle. Initial: 41943K, Alloc Tax Rate: 1.0x
[456.224s][info ][gc             ] Trigger: Free (69104K) is below minimum threshold (204M)
[456.225s][info ][gc,ergo        ] Free: 69104K, Max: 1024K regular, 43008K humongous, Frag: 38% external, 0% internal; Reserve: 103M, Max: 1024K
[456.225s][info ][gc,start       ] GC(28416) Concurrent reset
[456.225s][info ][gc,task        ] GC(28416) Using 4 of 8 workers for concurrent reset
[456.225s][info ][gc,ergo        ] GC(28416) Pacer for Reset. Non-Taxable: 2048M
[456.226s][info ][gc             ] GC(28416) Concurrent reset 1.733ms
[456.226s][info ][gc,start       ] GC(28416) Pause Init Mark (unload classes)
[456.226s][info ][gc,task        ] GC(28416) Using 8 of 8 workers for init marking
[456.226s][info ][gc,ergo        ] GC(28416) Pacer for Mark. Expected Live: 1618M, Free: 69104K, Non-Taxable: 6910K, Alloc Tax Rate: 29.3x
[456.226s][info ][gc             ] GC(28416) Pause Init Mark (unload classes) 0.120ms
[456.226s][info ][gc,start       ] GC(28416) Concurrent marking roots
[456.226s][info ][gc,task        ] GC(28416) Using 4 of 8 workers for concurrent marking roots
[456.227s][info ][gc             ] GC(28416) Concurrent marking roots 0.157ms
[456.227s][info ][gc,start       ] GC(28416) Concurrent marking (unload classes)
[456.227s][info ][gc,task        ] GC(28416) Using 4 of 8 workers for concurrent marking
[456.227s][info ][gc             ] GC(28416) Concurrent marking (unload classes) 0.440ms
[456.227s][info ][gc,start       ] GC(28416) Pause Final Mark (unload classes)
[456.227s][info ][gc,task        ] GC(28416) Using 8 of 8 workers for final marking
[456.228s][info ][gc,ergo        ] GC(28416) Collectable Garbage: 58368K (100%), Immediate: 58368K (100%), CSet: 0B (0%)
[456.228s][info ][gc             ] GC(28416) Pause Final Mark (unload classes) 0.555ms
[456.228s][info ][gc,start       ] GC(28416) Concurrent weak references
[456.228s][info ][gc,task        ] GC(28416) Using 4 of 8 workers for concurrent weak references
[456.228s][info ][gc,ref         ] GC(28416) Encountered references: Soft: 7, Weak: 34, Final: 0, Phantom: 1
[456.228s][info ][gc,ref         ] GC(28416) Discovered  references: Soft: 0, Weak: 1, Final: 0, Phantom: 1
[456.228s][info ][gc,ref         ] GC(28416) Enqueued    references: Soft: 0, Weak: 0, Final: 0, Phantom: 0
[456.228s][info ][gc             ] GC(28416) Concurrent weak references 0.076ms
[456.228s][info ][gc,start       ] GC(28416) Concurrent weak roots
[456.228s][info ][gc,task        ] GC(28416) Using 4 of 8 workers for concurrent weak root
[456.228s][info ][gc             ] GC(28416) Concurrent weak roots 0.155ms
[456.228s][info ][gc,start       ] GC(28416) Concurrent cleanup
[456.228s][info ][gc             ] GC(28416) Concurrent cleanup 1033M->976M(2048M) 0.098ms
[456.228s][info ][gc,ergo        ] GC(28416) Free: 172M, Max: 1024K regular, 77824K humongous, Frag: 56% external, 0% internal; Reserve: 103M, Max: 1024K
[456.228s][info ][gc,start       ] GC(28416) Concurrent class unloading
[456.228s][info ][gc,task        ] GC(28416) Using 4 of 8 workers for concurrent class unloading
[456.228s][debug][gc,phases,start] GC(28416) ClassLoaderData
[456.228s][debug][gc,phases      ] GC(28416) ClassLoaderData 0.005ms
[456.228s][debug][gc,phases,start] GC(28416) Trigger cleanups
[456.228s][debug][gc,phases      ] GC(28416) Trigger cleanups 0.003ms
[456.228s][info ][gc             ] GC(28416) Concurrent class unloading 0.325ms
[456.229s][info ][gc,start       ] GC(28416) Pause Final Roots
[456.229s][info ][gc             ] GC(28416) Pause Final Roots 0.017ms
[456.229s][debug][gc,ergo        ] GC(28416) Available: 172 MB, z-score=1.925. Average available: 113.0 MB +/- 31648.9 KB.
[456.229s][info ][gc,ergo        ] Free: 172M, Max: 1024K regular, 77824K humongous, Frag: 56% external, 0% internal; Reserve: 103M, Max: 1024K
[456.229s][info ][gc,stats       ] 
[456.229s][info ][gc,stats       ] All times are wall-clock times, except per-root-class counters, that are sum over
[456.229s][info ][gc,stats       ] all workers. Dividing the <total> over the root stage time estimates parallelism.
[456.229s][info ][gc,stats       ] 
[456.229s][info ][gc,stats       ] Concurrent Reset                   1760 us
[456.229s][info ][gc,stats       ] Pause Init Mark (G)                 182 us
[456.229s][info ][gc,stats       ] Pause Init Mark (N)                 124 us
[456.229s][info ][gc,stats       ]   Update Region States               94 us
[456.229s][info ][gc,stats       ] Concurrent Mark Roots               172 us, parallelism: 1.55x
[456.229s][info ][gc,stats       ]   CMR: <total>                      268 us
[456.229s][info ][gc,stats       ]   CMR: Thread Roots                 251 us, workers (us):  68,  81,  63,  39, ---, ---, ---, ---, 
[456.229s][info ][gc,stats       ]   CMR: VM Strong Roots                2 us, workers (us):   2,   0,   0,   0, ---, ---, ---, ---, 
[456.229s][info ][gc,stats       ]   CMR: CLDG Roots                    15 us, workers (us):  14,   1, ---, ---, ---, ---, ---, ---, 
[456.229s][info ][gc,stats       ] Concurrent Marking                  453 us
[456.229s][info ][gc,stats       ] Pause Final Mark (G)                610 us
[456.229s][info ][gc,stats       ] Pause Final Mark (N)                560 us
[456.229s][info ][gc,stats       ]   Finish Mark                       401 us
[456.229s][info ][gc,stats       ]   Update Region States               90 us
[456.229s][info ][gc,stats       ]   Choose Collection Set              41 us
[456.229s][info ][gc,stats       ]   Rebuild Free Set                    7 us
[456.229s][info ][gc,stats       ] Concurrent Weak References           80 us, parallelism: 0.01x
[456.229s][info ][gc,stats       ]   CWRF: <total>                       1 us
[456.229s][info ][gc,stats       ]   CWRF: Weak References               1 us, workers (us):   1,   0,   0,   0, ---, ---, ---, ---, 
[456.229s][info ][gc,stats       ] Concurrent Weak Roots               168 us
[456.229s][info ][gc,stats       ]   Roots                              86 us, parallelism: 0.54x
[456.229s][info ][gc,stats       ]     CWR: <total>                     46 us
[456.229s][info ][gc,stats       ]     CWR: Code Cache Roots            27 us, workers (us):  27,   0,   0,   0, ---, ---, ---, ---, 
[456.229s][info ][gc,stats       ]     CWR: VM Weak Roots               18 us, workers (us):  12,   6,   0,   0, ---, ---, ---, ---, 
[456.229s][info ][gc,stats       ]     CWR: CLDG Roots                   1 us, workers (us): ---,   1, ---, ---, ---, ---, ---, ---, 
[456.229s][info ][gc,stats       ]   Rendezvous                         60 us
[456.229s][info ][gc,stats       ] Concurrent Cleanup                  102 us
[456.229s][info ][gc,stats       ] Concurrent Class Unloading          338 us
[456.229s][info ][gc,stats       ]   Unlink Stale                      161 us
[456.229s][info ][gc,stats       ]     System Dictionary                15 us
[456.229s][info ][gc,stats       ]     Weak Class Links                  0 us
[456.229s][info ][gc,stats       ]     Code Roots                      146 us
[456.229s][info ][gc,stats       ]   Rendezvous                         54 us
[456.229s][info ][gc,stats       ]   Purge Unlinked                    102 us
[456.229s][info ][gc,stats       ]     Code Roots                       89 us
[456.229s][info ][gc,stats       ]     CLDG                             13 us
[456.229s][info ][gc,stats       ]     Exception Caches                  0 us
[456.229s][info ][gc,stats       ] Pause Final Roots (G)               179 us
[456.229s][info ][gc,stats       ] Pause Final Roots (N)                21 us
[456.229s][info ][gc,stats       ] 
[456.229s][info ][gc,stats       ] Allocation pacing accrued:
[456.229s][info ][gc,stats       ]       0 of     5 ms (  0.0%): <total>
[456.229s][info ][gc,stats       ]       0 of     5 ms (  0.0%): <average total>
[456.229s][info ][gc,stats       ] 
[456.229s][info ][gc,metaspace   ] Metaspace: 253K(448K)->253K(448K) NonClass: 247K(320K)->247K(320K) Class: 5K(128K)->5K(128K)
[456.229s][info ][gc,ergo        ] Pacer for Idle. Initial: 41943K, Alloc Tax Rate: 1.0x
[456.231s][info ][gc             ] Trigger: Free (166M) is below minimum threshold (204M)
[456.231s][info ][gc,ergo        ] Free: 164M, Max: 1024K regular, 77824K humongous, Frag: 54% external, 0% internal; Reserve: 103M, Max: 1024K
[456.231s][info ][gc,start       ] GC(28417) Concurrent reset
[456.231s][info ][gc,task        ] GC(28417) Using 4 of 8 workers for concurrent reset
[456.231s][info ][gc,ergo        ] GC(28417) Pacer for Reset. Non-Taxable: 2048M
[456.233s][info ][gc             ] GC(28417) Concurrent reset 2.020ms
[456.233s][info ][gc,start       ] GC(28417) Pause Init Mark (unload classes)
[456.233s][info ][gc,task        ] GC(28417) Using 8 of 8 workers for init marking
[456.233s][info ][gc,ergo        ] GC(28417) Pacer for Mark. Expected Live: 1607M, Free: 142M, Non-Taxable: 14590K, Alloc Tax Rate: 13.8x
[456.233s][info ][gc             ] GC(28417) Pause Init Mark (unload classes) 0.124ms
[456.233s][info ][gc,start       ] GC(28417) Concurrent marking roots
[456.233s][info ][gc,task        ] GC(28417) Using 4 of 8 workers for concurrent marking roots
[456.233s][info ][gc             ] GC(28417) Concurrent marking roots 0.186ms
[456.233s][info ][gc,start       ] GC(28417) Concurrent marking (unload classes)
[456.233s][info ][gc,task        ] GC(28417) Using 4 of 8 workers for concurrent marking
[456.234s][info ][gc             ] GC(28417) Concurrent marking (unload classes) 0.699ms
[456.234s][info ][gc,start       ] GC(28417) Pause Final Mark (unload classes)
[456.234s][info ][gc,task        ] GC(28417) Using 8 of 8 workers for final marking
[456.235s][info ][gc,ergo        ] GC(28417) Collectable Garbage: 14336K (100%), Immediate: 14336K (100%), CSet: 0B (0%)
[456.235s][info ][gc             ] GC(28417) Pause Final Mark (unload classes) 0.506ms
[456.235s][info ][gc,start       ] GC(28417) Concurrent weak references
[456.235s][info ][gc,task        ] GC(28417) Using 4 of 8 workers for concurrent weak references
[456.235s][info ][gc,ref         ] GC(28417) Encountered references: Soft: 7, Weak: 34, Final: 0, Phantom: 1
[456.235s][info ][gc,ref         ] GC(28417) Discovered  references: Soft: 0, Weak: 1, Final: 0, Phantom: 1
[456.235s][info ][gc,ref         ] GC(28417) Enqueued    references: Soft: 0, Weak: 0, Final: 0, Phantom: 0
[456.235s][info ][gc             ] GC(28417) Concurrent weak references 0.161ms
[456.235s][info ][gc,start       ] GC(28417) Concurrent weak roots
[456.235s][info ][gc,task        ] GC(28417) Using 4 of 8 workers for concurrent weak root
[456.235s][info ][gc             ] GC(28417) Concurrent weak roots 0.173ms
[456.235s][info ][gc,start       ] GC(28417) Concurrent cleanup
[456.235s][info ][gc             ] GC(28417) Concurrent cleanup 1009M->996M(2048M) 0.103ms
[456.235s][info ][gc,ergo        ] GC(28417) Free: 132M, Max: 1024K regular, 90112K humongous, Frag: 34% external, 0% internal; Reserve: 103M, Max: 1024K
[456.235s][info ][gc,start       ] GC(28417) Concurrent class unloading
[456.235s][info ][gc,task        ] GC(28417) Using 4 of 8 workers for concurrent class unloading
[456.235s][debug][gc,phases,start] GC(28417) ClassLoaderData
[456.235s][debug][gc,phases      ] GC(28417) ClassLoaderData 0.005ms
[456.235s][debug][gc,phases,start] GC(28417) Trigger cleanups
[456.235s][debug][gc,phases      ] GC(28417) Trigger cleanups 0.003ms
[456.236s][info ][gc             ] GC(28417) Concurrent class unloading 0.309ms
[456.236s][info ][gc,start       ] GC(28417) Pause Final Roots
[456.236s][info ][gc             ] GC(28417) Pause Final Roots 0.018ms
[456.236s][debug][gc,ergo        ] GC(28417) Available: 132 MB, z-score=0.542. Average available: 115.5 MB +/- 32121.6 KB.
[456.236s][info ][gc,ergo        ] Free: 132M, Max: 1024K regular, 90112K humongous, Frag: 34% external, 0% internal; Reserve: 103M, Max: 1024K
[456.236s][info ][gc,stats       ] 
[456.236s][info ][gc,stats       ] All times are wall-clock times, except per-root-class counters, that are sum over
[456.236s][info ][gc,stats       ] all workers. Dividing the <total> over the root stage time estimates parallelism.
[456.236s][info ][gc,stats       ] 
[456.236s][info ][gc,stats       ] Concurrent Reset                   2038 us
[456.236s][info ][gc,stats       ] Pause Init Mark (G)                 187 us
[456.236s][info ][gc,stats       ] Pause Init Mark (N)                 129 us
[456.236s][info ][gc,stats       ]   Update Region States               96 us
[456.236s][info ][gc,stats       ] Concurrent Mark Roots               205 us, parallelism: 1.33x
[456.236s][info ][gc,stats       ]   CMR: <total>                      273 us
[456.236s][info ][gc,stats       ]   CMR: Thread Roots                 257 us, workers (us):  62,  89,  58,  47, ---, ---, ---, ---, 
[456.236s][info ][gc,stats       ]   CMR: VM Strong Roots                2 us, workers (us):   2,   0,   0,   0, ---, ---, ---, ---, 
[456.236s][info ][gc,stats       ]   CMR: CLDG Roots                    14 us, workers (us):  13,   1, ---, ---, ---, ---, ---, ---, 
[456.236s][info ][gc,stats       ] Concurrent Marking                  728 us
[456.236s][info ][gc,stats       ] Pause Final Mark (G)                670 us
[456.236s][info ][gc,stats       ] Pause Final Mark (N)                511 us
[456.236s][info ][gc,stats       ]   Finish Mark                       347 us
[456.236s][info ][gc,stats       ]   Update Region States               95 us
[456.236s][info ][gc,stats       ]   Choose Collection Set              33 us
[456.236s][info ][gc,stats       ]   Rebuild Free Set                    7 us
[456.236s][info ][gc,stats       ] Concurrent Weak References          166 us, parallelism: 0.01x
[456.236s][info ][gc,stats       ]   CWRF: <total>                       2 us
[456.236s][info ][gc,stats       ]   CWRF: Weak References               2 us, workers (us):   1,   0,   0,   0, ---, ---, ---, ---, 
[456.236s][info ][gc,stats       ] Concurrent Weak Roots               192 us
[456.236s][info ][gc,stats       ]   Roots                              91 us, parallelism: 0.77x
[456.236s][info ][gc,stats       ]     CWR: <total>                     70 us
[456.236s][info ][gc,stats       ]     CWR: Code Cache Roots            50 us, workers (us):   0,  50,   0,   0, ---, ---, ---, ---, 
[456.236s][info ][gc,stats       ]     CWR: VM Weak Roots               19 us, workers (us):  16,   2,   0,   0, ---, ---, ---, ---, 
[456.236s][info ][gc,stats       ]     CWR: CLDG Roots                   1 us, workers (us):   1, ---, ---, ---, ---, ---, ---, ---, 
[456.236s][info ][gc,stats       ]   Rendezvous                         72 us
[456.236s][info ][gc,stats       ] Concurrent Cleanup                  107 us
[456.236s][info ][gc,stats       ] Concurrent Class Unloading          325 us
[456.236s][info ][gc,stats       ]   Unlink Stale                      197 us
[456.236s][info ][gc,stats       ]     System Dictionary                15 us
[456.236s][info ][gc,stats       ]     Weak Class Links                  0 us
[456.236s][info ][gc,stats       ]     Code Roots                      182 us
[456.236s][info ][gc,stats       ]   Rendezvous                         45 us
[456.236s][info ][gc,stats       ]   Purge Unlinked                     57 us
[456.236s][info ][gc,stats       ]     Code Roots                       45 us
[456.236s][info ][gc,stats       ]     CLDG                             12 us
[456.236s][info ][gc,stats       ]     Exception Caches                  0 us
[456.236s][info ][gc,stats       ] Pause Final Roots (G)                80 us
[456.236s][info ][gc,stats       ] Pause Final Roots (N)                25 us
[456.236s][info ][gc,stats       ] Pacing                           115519 us
[456.236s][info ][gc,stats       ] 
[456.236s][info ][gc,stats       ] Allocation pacing accrued:
[456.236s][info ][gc,stats       ]      12 of     7 ms (156.5%): Thread-0
[456.236s][info ][gc,stats       ]      11 of     7 ms (152.2%): Thread-1
[456.236s][info ][gc,stats       ]      12 of     7 ms (154.6%): Thread-2
[456.236s][info ][gc,stats       ]      12 of     7 ms (158.0%): Thread-3
[456.236s][info ][gc,stats       ]      11 of     7 ms (151.1%): Thread-4
[456.236s][info ][gc,stats       ]      12 of     7 ms (154.9%): Thread-5
[456.236s][info ][gc,stats       ]      11 of     7 ms (153.1%): Thread-6
[456.236s][info ][gc,stats       ]      13 of     7 ms (175.4%): Thread-7
[456.237s][info ][gc,stats       ]      10 of     7 ms (140.5%): Thread-8
[456.237s][info ][gc,stats       ]      11 of     7 ms (153.2%): Thread-9
[456.237s][info ][gc,stats       ]     116 of     7 ms (1549.5%): <total>
[456.237s][info ][gc,stats       ]       6 of     7 ms ( 73.8%): <average total>
[456.237s][info ][gc,stats       ]      12 of     7 ms (154.9%): <average non-zero>
[456.237s][info ][gc,stats       ] 
[456.237s][info ][gc,metaspace   ] Metaspace: 253K(448K)->253K(448K) NonClass: 247K(320K)->247K(320K) Class: 5K(128K)->5K(128K)
[456.237s][info ][gc,ergo        ] Pacer for Idle. Initial: 41943K, Alloc Tax Rate: 1.0x
[456.238s][info ][gc             ] Trigger: Free (110M) is below minimum threshold (204M)
[456.238s][info ][gc,ergo        ] Free: 106M, Max: 1024K regular, 90112K humongous, Frag: 17% external, 0% internal; Reserve: 103M, Max: 1024K
[456.238s][info ][gc,start       ] GC(28418) Concurrent reset
[456.238s][info ][gc,task        ] GC(28418) Using 4 of 8 workers for concurrent reset
[456.238s][info ][gc,ergo        ] GC(28418) Pacer for Reset. Non-Taxable: 2048M
[456.240s][info ][gc             ] Failed to allocate Shared, 100M
[456.240s][info ][gc             ] Cancelling GC: Allocation Failure
[456.241s][info ][gc             ] GC(28418) Concurrent reset 3.054ms
[456.241s][info ][gc,start       ] GC(28418) Pause Init Mark (unload classes)
[456.241s][info ][gc,task        ] GC(28418) Using 8 of 8 workers for init marking
[456.241s][info ][gc,ergo        ] GC(28418) Pacer for Mark. Expected Live: 1602M, Free: 68080K, Non-Taxable: 6808K, Alloc Tax Rate: 29.5x
[456.241s][info ][gc             ] GC(28418) Pause Init Mark (unload classes) 0.331ms
[456.242s][info ][gc,start       ] GC(28418) Concurrent marking roots
[456.242s][info ][gc,task        ] GC(28418) Using 4 of 8 workers for concurrent marking roots
[456.242s][info ][gc             ] GC(28418) Concurrent marking roots 0.264ms
[456.242s][info ][gc,ergo        ] Free: 61936K, Max: 1024K regular, 59392K humongous, Frag: 4% external, 0% internal; Reserve: 103M, Max: 1024K
[456.242s][info ][gc,stats       ] 
[456.242s][info ][gc,stats       ] All times are wall-clock times, except per-root-class counters, that are sum over
[456.242s][info ][gc,stats       ] all workers. Dividing the <total> over the root stage time estimates parallelism.
[456.242s][info ][gc,stats       ] 
[456.242s][info ][gc,stats       ] Concurrent Reset                   3129 us
[456.242s][info ][gc,stats       ] Pause Init Mark (G)                 673 us
[456.242s][info ][gc,stats       ] Pause Init Mark (N)                 341 us
[456.242s][info ][gc,stats       ]   Update Region States              257 us
[456.242s][info ][gc,stats       ] Concurrent Mark Roots               280 us, parallelism: 1.00x
[456.242s][info ][gc,stats       ]   CMR: <total>                      280 us
[456.242s][info ][gc,stats       ]   CMR: Thread Roots                 259 us, workers (us):  39,  75,  44, 100, ---, ---, ---, ---, 
[456.242s][info ][gc,stats       ]   CMR: VM Strong Roots                4 us, workers (us):   3,   0,   0,   1, ---, ---, ---, ---, 
[456.242s][info ][gc,stats       ]   CMR: CLDG Roots                    17 us, workers (us):  16,   1, ---, ---, ---, ---, ---, ---, 
[456.242s][info ][gc,stats       ] Pacing                            10692 us
[456.242s][info ][gc,stats       ] 
[456.242s][info ][gc,stats       ] Allocation pacing accrued:
[456.242s][info ][gc,stats       ]      11 of     6 ms (181.3%): main
[456.242s][info ][gc,stats       ]      11 of     6 ms (181.3%): <total>
[456.242s][info ][gc,stats       ]       1 of     6 ms (  8.6%): <average total>
[456.242s][info ][gc,stats       ]      11 of     6 ms (181.3%): <average non-zero>
[456.242s][info ][gc,stats       ] 
[456.242s][info ][gc,metaspace   ] Metaspace: 253K(448K)->253K(448K) NonClass: 247K(320K)->247K(320K) Class: 5K(128K)->5K(128K)
[456.242s][info ][gc,ergo        ] Pacer for Idle. Initial: 41943K, Alloc Tax Rate: 1.0x
[456.243s][info ][gc             ] Trigger: Handle Allocation Failure
[456.243s][info ][gc,ergo        ] Free: 51696K, Max: 1024K regular, 49152K humongous, Frag: 4% external, 1% internal; Reserve: 103M, Max: 1024K
[456.243s][info ][gc,start       ] GC(28419) Pause Degenerated GC (Outside of Cycle)
[456.243s][info ][gc,task        ] GC(28419) Using 8 of 8 workers for stw degenerated gc
[456.245s][info ][gc,ref         ] GC(28419) Clearing All SoftReferences
[456.246s][info ][gc,ref         ] GC(28419) Encountered references: Soft: 7, Weak: 34, Final: 0, Phantom: 1
[456.246s][info ][gc,ref         ] GC(28419) Discovered  references: Soft: 4, Weak: 9, Final: 0, Phantom: 1
[456.246s][info ][gc,ref         ] GC(28419) Enqueued    references: Soft: 0, Weak: 0, Final: 0, Phantom: 0
[456.246s][debug][gc,phases,start] GC(28419) ClassLoaderData
[456.246s][debug][gc,phases      ] GC(28419) ClassLoaderData 0.011ms
[456.246s][debug][gc,phases,start] GC(28419) Trigger cleanups
[456.246s][debug][gc,phases      ] GC(28419) Trigger cleanups 0.005ms
[456.246s][info ][gc,ergo        ] GC(28419) Adaptive CSet Selection. Target Free: 290M, Actual Free: 153M, Max CSet: 87381K, Min Garbage: 137M
[456.246s][info ][gc,ergo        ] GC(28419) Collectable Garbage: 0B (0%), Immediate: 0B (0%), CSet: 0B (0%)
[456.249s][info ][gc,ergo        ] GC(28419) Good progress for free space: 51200K, need 20971K
[456.249s][info ][gc,ergo        ] GC(28419) Bad progress for used space: 0B, need 1024K
[456.249s][info ][gc,ergo        ] GC(28419) Bad progress for internal fragmentation: -nan%, need 1.0%
[456.249s][info ][gc,ergo        ] GC(28419) Bad progress for external fragmentation: -2.0%, need 1.0%
[456.249s][info ][gc             ] GC(28419) Cancelling GC: Upgrade To Full GC
[456.250s][info ][gc,phases,start] GC(28419) Phase 1: Mark live objects
[456.250s][info ][gc,ref         ] GC(28419) Clearing All SoftReferences
[456.250s][info ][gc,ref         ] GC(28419) Clearing All SoftReferences
[456.251s][info ][gc,ref         ] GC(28419) Encountered references: Soft: 7, Weak: 34, Final: 0, Phantom: 1
[456.251s][info ][gc,ref         ] GC(28419) Discovered  references: Soft: 4, Weak: 9, Final: 0, Phantom: 1
[456.251s][info ][gc,ref         ] GC(28419) Enqueued    references: Soft: 0, Weak: 0, Final: 0, Phantom: 0
[456.251s][debug][gc,phases,start] GC(28419) ClassLoaderData
[456.251s][debug][gc,phases      ] GC(28419) ClassLoaderData 0.013ms
[456.251s][debug][gc,phases,start] GC(28419) Trigger cleanups
[456.251s][debug][gc,phases      ] GC(28419) Trigger cleanups 0.005ms
[456.251s][info ][gc,phases      ] GC(28419) Phase 1: Mark live objects 1.075ms
[456.251s][info ][gc,phases,start] GC(28419) Phase 2: Compute new object addresses
[456.252s][info ][gc,phases      ] GC(28419) Phase 2: Compute new object addresses 0.456ms
[456.252s][info ][gc,phases,start] GC(28419) Phase 3: Adjust pointers
[456.253s][info ][gc,phases      ] GC(28419) Phase 3: Adjust pointers 1.504ms
[456.253s][info ][gc,phases,start] GC(28419) Phase 4: Move objects
[456.368s][info ][gc,phases      ] GC(28419) Phase 4: Move objects 114.946ms
[456.368s][info ][gc,ergo        ] GC(28419) Good progress for free space: 51696K, need 20971K
[456.368s][info ][gc,ergo        ] GC(28419) Bad progress for used space: 496K, need 1024K
[456.368s][info ][gc,ergo        ] GC(28419) Bad progress for internal fragmentation: -nan%, need 1.0%
[456.368s][info ][gc,ergo        ] GC(28419) Good progress for external fragmentation: 6.0%, need 1.0%
[456.368s][info ][gc             ] GC(28419) Pause Degenerated GC (Outside of Cycle) 1037M->1037M(2048M) 124.858ms
[456.369s][debug][gc,ergo        ] GC(28419) Margin of error now 3.29
[456.369s][debug][gc,ergo        ] GC(28419) Spike threshold now: 0.32
[456.369s][info ][gc,ergo        ] Free: 31216K, Max: 1024K regular, 30720K humongous, Frag: 0% external, 1% internal; Reserve: 103M, Max: 1024K
[456.369s][info ][gc             ] Failed to allocate Shared, 100M
[456.369s][info ][gc             ] Cancelling GC: Allocation Failure
[456.369s][info ][gc,stats       ] 
[456.369s][info ][gc,stats       ] All times are wall-clock times, except per-root-class counters, that are sum over
[456.369s][info ][gc,stats       ] all workers. Dividing the <total> over the root stage time estimates parallelism.
[456.369s][info ][gc,stats       ] 
[456.369s][info ][gc,stats       ] Pause Degenerated GC (G)         125166 us
[456.369s][info ][gc,stats       ] Pause Degenerated GC (N)         124864 us
[456.369s][info ][gc,stats       ]   Degen STW Mark                    498 us, parallelism: 5.46x
[456.369s][info ][gc,stats       ]     DSM: <total>                   2720 us
[456.369s][info ][gc,stats       ]     DSM: Thread Roots                71 us, workers (us):  30,  25,  11,   1,   0,   1,   1,   1, 
[456.369s][info ][gc,stats       ]     DSM: VM Strong Roots              3 us, workers (us):   1,   0,   1,   0,   0,   0,   0,   0, 
[456.369s][info ][gc,stats       ]     DSM: CLDG Roots                  19 us, workers (us):   0,  15,   1,   1,   0,   1,   1,   1, 
[456.369s][info ][gc,stats       ]     DSM: Parallel Mark             2627 us, workers (us): 382, 341, 335, 310, 357, 291, 307, 302, 
[456.369s][info ][gc,stats       ]     System Purge                    370 us
[456.369s][info ][gc,stats       ]       Weak References               118 us, parallelism: 0.02x
[456.369s][info ][gc,stats       ]         WRP: <total>                  2 us
[456.369s][info ][gc,stats       ]         WRP: Weak References          2 us, workers (us):   2,   0,   0,   0,   0,   0,   0,   0, 
[456.369s][info ][gc,stats       ]       Unload Classes                135 us, parallelism: 1.26x
[456.369s][info ][gc,stats       ]         DCU: <total>                170 us
[456.369s][info ][gc,stats       ]         DCU: Unload Code Caches      170 us, workers (us):  62,  51,  33,  18,   6,   0,   0,   0, 
[456.369s][info ][gc,stats       ]       Weak Roots                    114 us, parallelism: 0.21x
[456.369s][info ][gc,stats       ]         DWR: <total>                 24 us
[456.369s][info ][gc,stats       ]         DWR: VM Weak Roots           24 us, workers (us):  14,   5,   1,   1,   1,   1,   1,   1, 
[456.369s][info ][gc,stats       ]       CLDG                            0 us
[456.369s][info ][gc,stats       ]   Update Region States              101 us
[456.369s][info ][gc,stats       ]   Manage GC/TLABs                     2 us
[456.369s][info ][gc,stats       ]   Choose Collection Set              28 us
[456.369s][info ][gc,stats       ]   Rebuild Free Set                    9 us
[456.369s][info ][gc,stats       ]   Evacuation                        446 us
[456.369s][info ][gc,stats       ]   Manage GCLABs                       3 us
[456.369s][info ][gc,stats       ]   Update References                1492 us
[456.369s][info ][gc,stats       ]   Update Region States              105 us
[456.369s][info ][gc,stats       ]   Trash Collection Set                3 us
[456.369s][info ][gc,stats       ]   Rebuild Free Set                   13 us
[456.369s][info ][gc,stats       ]   Degen Update Roots                239 us, parallelism: 1.14x
[456.369s][info ][gc,stats       ]     DU: <total>                     273 us
[456.369s][info ][gc,stats       ]     DU: Thread Roots                 94 us, workers (us):  28,  38,   0,  15,  12,   0,   0,   0, 
[456.369s][info ][gc,stats       ]     DU: Code Cache Roots            132 us, workers (us):   0,   1, 131,   0,   0,   0,   0,   0, 
[456.369s][info ][gc,stats       ]     DU: VM Strong Roots               4 us, workers (us):   3,   0,   0,   0,   0,   0,   0,   0, 
[456.369s][info ][gc,stats       ]     DU: VM Weak Roots                25 us, workers (us):  22,   1,   1,   0,   0,   0,   0,   0, 
[456.369s][info ][gc,stats       ]     DU: CLDG Roots                   18 us, workers (us):  15,   1,   1,   0,   1,   0,   0,   0, 
[456.369s][info ][gc,stats       ]   Cleanup                            89 us
[456.369s][info ][gc,stats       ]   Pre Heap Dump                       1 us
[456.369s][info ][gc,stats       ]   Prepare                          1169 us
[456.369s][info ][gc,stats       ]   Mark                             1028 us, parallelism: 3.27x
[456.369s][info ][gc,stats       ]     FM: <total>                    3358 us
[456.369s][info ][gc,stats       ]     FM: Thread Roots                107 us, workers (us):  46,  32,  18,   8,   1,   1,   1,   0, 
[456.369s][info ][gc,stats       ]     FM: VM Strong Roots               4 us, workers (us):   0,   0,   3,   0,   0,   0,   0,   0, 
[456.369s][info ][gc,stats       ]     FM: CLDG Roots                   28 us, workers (us):  24,   0,   1,   0,   1,   1,   1,   0, 
[456.369s][info ][gc,stats       ]     FM: Parallel Mark              3220 us, workers (us): 419, 383, 442, 406, 387, 398, 398, 385, 
[456.369s][info ][gc,stats       ]     System Purge                    413 us
[456.369s][info ][gc,stats       ]       Weak References               143 us, parallelism: 0.02x
[456.369s][info ][gc,stats       ]         WRP: <total>                  3 us
[456.369s][info ][gc,stats       ]         WRP: Weak References          3 us, workers (us):   2,   0,   0,   0,   0,   0,   0,   0, 
[456.369s][info ][gc,stats       ]       Unload Classes                155 us, parallelism: 1.18x
[456.369s][info ][gc,stats       ]         CU: <total>                 183 us
[456.369s][info ][gc,stats       ]         CU: Unload Code Caches      183 us, workers (us):  76,  62,  44,   0,   0,   0,   0,   0, 
[456.369s][info ][gc,stats       ]       Weak Roots                    112 us, parallelism: 0.22x
[456.369s][info ][gc,stats       ]         WR: <total>                  25 us
[456.369s][info ][gc,stats       ]         WR: VM Weak Roots            25 us, workers (us):  17,   3,   1,   1,   1,   0,   1,   1, 
[456.369s][info ][gc,stats       ]       CLDG                            1 us
[456.369s][info ][gc,stats       ]   Calculate Addresses               450 us
[456.369s][info ][gc,stats       ]     Regular Objects                 314 us
[456.369s][info ][gc,stats       ]     Humongous Objects                83 us
[456.369s][info ][gc,stats       ]   Adjust Pointers                  1500 us
[456.369s][info ][gc,stats       ]     FA: <total>                     239 us
[456.369s][info ][gc,stats       ]     FA: Thread Roots                 43 us, workers (us):   1,  13,  19,   9,   0,   0,   0,   1, 
[456.369s][info ][gc,stats       ]     FA: Code Cache Roots            138 us, workers (us): 137,   0,   0,   0,   0,   0,   0,   0, 
[456.369s][info ][gc,stats       ]     FA: VM Strong Roots               4 us, workers (us):   3,   0,   0,   0,   0,   0,   0,   0, 
[456.369s][info ][gc,stats       ]     FA: VM Weak Roots                43 us, workers (us):  25,  16,   0,   0,   0,   0,   0,   0, 
[456.369s][info ][gc,stats       ]     FA: CLDG Roots                   11 us, workers (us):   1,   9,   0,   0,   0,   0,   0,   0, 
[456.369s][info ][gc,stats       ]   Copy Objects                   114941 us
[456.369s][info ][gc,stats       ]     Regular Objects                 338 us
[456.369s][info ][gc,stats       ]     Humongous Objects            112690 us
[456.369s][info ][gc,stats       ]     Reset Complete Bitmap          1842 us
[456.369s][info ][gc,stats       ]     Rebuild Region Sets              69 us
[456.369s][info ][gc,stats       ]   Post Heap Dump                      1 us
[456.369s][info ][gc,stats       ] Pacing                           760220 us
[456.369s][info ][gc,stats       ] 
[456.369s][info ][gc,stats       ] Allocation pacing accrued:
[456.369s][info ][gc,stats       ]     127 of   127 ms ( 99.7%): Thread-2
[456.369s][info ][gc,stats       ]     127 of   127 ms ( 99.7%): Thread-3
[456.369s][info ][gc,stats       ]     127 of   127 ms ( 99.4%): Thread-4
[456.369s][info ][gc,stats       ]     126 of   127 ms ( 99.2%): Thread-5
[456.369s][info ][gc,stats       ]     127 of   127 ms ( 99.7%): Thread-7
[456.369s][info ][gc,stats       ]     127 of   127 ms ( 99.7%): Thread-9
[456.369s][info ][gc,stats       ]     760 of   127 ms (597.6%): <total>
[456.369s][info ][gc,stats       ]      36 of   127 ms ( 28.5%): <average total>
[456.369s][info ][gc,stats       ]     127 of   127 ms ( 99.6%): <average non-zero>
[456.369s][info ][gc,stats       ] 
[456.369s][info ][gc,metaspace   ] Metaspace: 253K(448K)->253K(448K) NonClass: 247K(320K)->247K(320K) Class: 5K(128K)->5K(128K)
[456.369s][info ][gc,ergo        ] Pacer for Idle. Initial: 41943K, Alloc Tax Rate: 1.0x
[456.370s][info ][gc             ] Trigger: Handle Allocation Failure
[456.371s][info ][gc,ergo        ] Free: 10736K, Max: 1024K regular, 10240K humongous, Frag: 0% external, 4% internal; Reserve: 103M, Max: 1024K
[456.371s][info ][gc,start       ] GC(28420) Pause Degenerated GC (Outside of Cycle)
[456.371s][info ][gc,task        ] GC(28420) Using 8 of 8 workers for stw degenerated gc
[456.371s][info ][gc,ref         ] GC(28420) Clearing All SoftReferences
[456.372s][info ][gc,ref         ] GC(28420) Encountered references: Soft: 7, Weak: 34, Final: 0, Phantom: 1
[456.372s][info ][gc,ref         ] GC(28420) Discovered  references: Soft: 4, Weak: 1, Final: 0, Phantom: 1
[456.372s][info ][gc,ref         ] GC(28420) Enqueued    references: Soft: 0, Weak: 0, Final: 0, Phantom: 0
[456.372s][debug][gc,phases,start] GC(28420) ClassLoaderData
[456.372s][debug][gc,phases      ] GC(28420) ClassLoaderData 0.011ms
[456.372s][debug][gc,phases,start] GC(28420) Trigger cleanups
[456.372s][debug][gc,phases      ] GC(28420) Trigger cleanups 0.003ms
[456.372s][info ][gc,ergo        ] GC(28420) Adaptive CSet Selection. Target Free: 290M, Actual Free: 113M, Max CSet: 87381K, Min Garbage: 177M
[456.372s][info ][gc,ergo        ] GC(28420) Collectable Garbage: 0B (0%), Immediate: 0B (0%), CSet: 0B (0%)
[456.374s][info ][gc,ergo        ] GC(28420) Bad progress for free space: 10240K, need 20971K
[456.374s][info ][gc             ] GC(28420) Cancelling GC: Upgrade To Full GC
[456.375s][info ][gc,phases,start] GC(28420) Phase 1: Mark live objects
[456.375s][info ][gc,ref         ] GC(28420) Clearing All SoftReferences
[456.375s][info ][gc,ref         ] GC(28420) Clearing All SoftReferences
[456.376s][info ][gc,ref         ] GC(28420) Encountered references: Soft: 7, Weak: 34, Final: 0, Phantom: 1
[456.376s][info ][gc,ref         ] GC(28420) Discovered  references: Soft: 4, Weak: 4, Final: 0, Phantom: 1
[456.376s][info ][gc,ref         ] GC(28420) Enqueued    references: Soft: 0, Weak: 0, Final: 0, Phantom: 0
[456.376s][debug][gc,phases,start] GC(28420) ClassLoaderData
[456.376s][debug][gc,phases      ] GC(28420) ClassLoaderData 0.012ms
[456.376s][debug][gc,phases,start] GC(28420) Trigger cleanups
[456.376s][debug][gc,phases      ] GC(28420) Trigger cleanups 0.003ms
[456.376s][info ][gc,phases      ] GC(28420) Phase 1: Mark live objects 1.007ms
[456.376s][info ][gc,phases,start] GC(28420) Phase 2: Compute new object addresses
[456.377s][info ][gc,phases      ] GC(28420) Phase 2: Compute new object addresses 0.325ms
[456.377s][info ][gc,phases,start] GC(28420) Phase 3: Adjust pointers
[456.378s][info ][gc,phases      ] GC(28420) Phase 3: Adjust pointers 0.941ms
[456.378s][info ][gc,phases,start] GC(28420) Phase 4: Move objects
[456.381s][info ][gc,phases      ] GC(28420) Phase 4: Move objects 3.872ms
[456.382s][info ][gc,ergo        ] GC(28420) Bad progress for free space: 10736K, need 20971K
[456.382s][info ][gc             ] GC(28420) Pause Degenerated GC (Outside of Cycle) 1057M->1057M(2048M) 11.014ms
[456.382s][debug][gc,ergo        ] GC(28420) Margin of error now 3.29
[456.382s][debug][gc,ergo        ] GC(28420) Spike threshold now: 0.32
[456.382s][info ][gc,ergo        ] Free: 496K, Max: 496K regular, 0B humongous, Frag: 0% external, 51% internal; Reserve: 103M, Max: 1024K
[456.382s][info ][gc             ] Failed to allocate Shared, 1024K
[456.382s][info ][gc             ] Cancelling GC: Allocation Failure
[456.382s][info ][gc,stats       ] 
[456.382s][info ][gc,stats       ] All times are wall-clock times, except per-root-class counters, that are sum over
[456.382s][info ][gc,stats       ] all workers. Dividing the <total> over the root stage time estimates parallelism.
[456.382s][info ][gc,stats       ] 
[456.382s][info ][gc,stats       ] Pause Degenerated GC (G)          11418 us
[456.382s][info ][gc,stats       ] Pause Degenerated GC (N)          11022 us
[456.382s][info ][gc,stats       ]   Degen STW Mark                    631 us, parallelism: 5.13x
[456.382s][info ][gc,stats       ]     DSM: <total>                   3238 us
[456.382s][info ][gc,stats       ]     DSM: Thread Roots               169 us, workers (us):  60,  53,  22,  30,   1,   0,   1,   1, 
[456.382s][info ][gc,stats       ]     DSM: VM Strong Roots              3 us, workers (us):   2,   0,   0,   0,   0,   0,   0,   0, 
[456.382s][info ][gc,stats       ]     DSM: CLDG Roots                  24 us, workers (us):   0,   0,  21,   0,   1,   0,   1,   1, 
[456.382s][info ][gc,stats       ]     DSM: Parallel Mark             3041 us, workers (us): 412, 388, 363, 336, 367, 407, 440, 327, 
[456.382s][info ][gc,stats       ]     System Purge                    363 us
[456.382s][info ][gc,stats       ]       Weak References               129 us, parallelism: 0.02x
[456.382s][info ][gc,stats       ]         WRP: <total>                  2 us
[456.382s][info ][gc,stats       ]         WRP: Weak References          2 us, workers (us):   1,   0,   0,   0,   0,   0,   0,   0, 
[456.382s][info ][gc,stats       ]       Unload Classes                121 us, parallelism: 1.57x
[456.382s][info ][gc,stats       ]         DCU: <total>                190 us
[456.382s][info ][gc,stats       ]         DCU: Unload Code Caches      190 us, workers (us):  53,  56,  38,  24,  19,   0,   0,   0, 
[456.382s][info ][gc,stats       ]       Weak Roots                    111 us, parallelism: 0.22x
[456.382s][info ][gc,stats       ]         DWR: <total>                 25 us
[456.382s][info ][gc,stats       ]         DWR: VM Weak Roots           25 us, workers (us):  15,   5,   1,   1,   1,   0,   1,   1, 
[456.382s][info ][gc,stats       ]       CLDG                            0 us
[456.382s][info ][gc,stats       ]   Update Region States               95 us
[456.382s][info ][gc,stats       ]   Manage GC/TLABs                     2 us
[456.382s][info ][gc,stats       ]   Choose Collection Set              42 us
[456.382s][info ][gc,stats       ]   Rebuild Free Set                    8 us
[456.382s][info ][gc,stats       ]   Evacuation                        341 us
[456.382s][info ][gc,stats       ]   Manage GCLABs                       4 us
[456.382s][info ][gc,stats       ]   Update References                1258 us
[456.382s][info ][gc,stats       ]   Update Region States              132 us
[456.382s][info ][gc,stats       ]   Trash Collection Set                2 us
[456.382s][info ][gc,stats       ]   Rebuild Free Set                   12 us
[456.382s][info ][gc,stats       ]   Degen Update Roots                277 us, parallelism: 1.29x
[456.382s][info ][gc,stats       ]     DU: <total>                     358 us
[456.382s][info ][gc,stats       ]     DU: Thread Roots                127 us, workers (us):  47,   1,  19,  23,  22,  15,   0,   0, 
[456.382s][info ][gc,stats       ]     DU: Code Cache Roots            158 us, workers (us):   1, 156,   0,   0,   0,   0,   0,   0, 
[456.382s][info ][gc,stats       ]     DU: VM Strong Roots               6 us, workers (us):   2,   2,   2,   0,   0,   0,   0,   0, 
[456.382s][info ][gc,stats       ]     DU: VM Weak Roots                29 us, workers (us):   9,   9,   9,   1,   0,   0,   0,   0, 
[456.382s][info ][gc,stats       ]     DU: CLDG Roots                   39 us, workers (us):   2,   2,  32,   1,   0,   0,   0,   0, 
[456.382s][info ][gc,stats       ]   Cleanup                            84 us
[456.382s][info ][gc,stats       ]   Pre Heap Dump                       1 us
[456.382s][info ][gc,stats       ]   Prepare                           924 us
[456.382s][info ][gc,stats       ]   Mark                              973 us, parallelism: 3.51x
[456.382s][info ][gc,stats       ]     FM: <total>                    3417 us
[456.383s][info ][gc,stats       ]     FM: Thread Roots                106 us, workers (us):  50,  32,  20,   1,   0,   1,   1,   1, 
[456.383s][info ][gc,stats       ]     FM: VM Strong Roots               7 us, workers (us):   0,   3,   3,   0,   0,   0,   0,   0, 
[456.383s][info ][gc,stats       ]     FM: CLDG Roots                   30 us, workers (us):  27,   0,   0,   1,   0,   1,   0,   0, 
[456.383s][info ][gc,stats       ]     FM: Parallel Mark              3274 us, workers (us): 441, 440, 452, 424, 393, 421, 340, 362, 
[456.383s][info ][gc,stats       ]     System Purge                    376 us
[456.383s][info ][gc,stats       ]       Weak References               150 us, parallelism: 0.01x
[456.383s][info ][gc,stats       ]         WRP: <total>                  2 us
[456.383s][info ][gc,stats       ]         WRP: Weak References          2 us, workers (us):   1,   0,   0,   0,   0,   0,   0,   0, 
[456.383s][info ][gc,stats       ]       Unload Classes                123 us, parallelism: 1.32x
[456.383s][info ][gc,stats       ]         CU: <total>                 162 us
[456.383s][info ][gc,stats       ]         CU: Unload Code Caches      162 us, workers (us):  55,  51,  33,  18,   5,   0,   0,   0, 
[456.383s][info ][gc,stats       ]       Weak Roots                    100 us, parallelism: 0.27x
[456.383s][info ][gc,stats       ]         WR: <total>                  27 us
[456.383s][info ][gc,stats       ]         WR: VM Weak Roots            27 us, workers (us):  17,   5,   1,   1,   1,   1,   1,   1, 
[456.383s][info ][gc,stats       ]       CLDG                            0 us
[456.383s][info ][gc,stats       ]   Calculate Addresses               321 us
[456.383s][info ][gc,stats       ]     Regular Objects                 216 us
[456.383s][info ][gc,stats       ]     Humongous Objects                65 us
[456.383s][info ][gc,stats       ]   Adjust Pointers                   937 us
[456.383s][info ][gc,stats       ]     FA: <total>                     166 us
[456.383s][info ][gc,stats       ]     FA: Thread Roots                 40 us, workers (us):   0,  17,  16,   6,   0,   0,   0,   0, 
[456.383s][info ][gc,stats       ]     FA: Code Cache Roots             98 us, workers (us):  98,   0,   0,   0,   0,   0,   0,   0, 
[456.383s][info ][gc,stats       ]     FA: VM Strong Roots               2 us, workers (us):   2,   0,   0,   0,   0,   0,   0,   0, 
[456.383s][info ][gc,stats       ]     FA: VM Weak Roots                16 us, workers (us):  12,   3,   0,   0,   0,   0,   0,   0, 
[456.383s][info ][gc,stats       ]     FA: CLDG Roots                    9 us, workers (us):   1,   6,   0,   0,   0,   0,   0,   0, 
[456.383s][info ][gc,stats       ]   Copy Objects                     3867 us
[456.383s][info ][gc,stats       ]     Regular Objects                 262 us
[456.383s][info ][gc,stats       ]     Humongous Objects              1927 us
[456.383s][info ][gc,stats       ]     Reset Complete Bitmap          1633 us
[456.383s][info ][gc,stats       ]     Rebuild Region Sets              45 us
[456.383s][info ][gc,stats       ]   Post Heap Dump                      1 us
[456.383s][info ][gc,stats       ] 
[456.383s][info ][gc,stats       ] Allocation pacing accrued:
[456.383s][info ][gc,stats       ]       0 of    13 ms (  0.0%): <total>
[456.383s][info ][gc,stats       ]       0 of    13 ms (  0.0%): <average total>
[456.383s][info ][gc,stats       ] 
[456.383s][info ][gc,metaspace   ] Metaspace: 253K(448K)->253K(448K) NonClass: 247K(320K)->247K(320K) Class: 5K(128K)->5K(128K)
[456.383s][info ][gc,ergo        ] Pacer for Idle. Initial: 41943K, Alloc Tax Rate: 1.0x
[456.384s][info ][gc             ] Trigger: Handle Allocation Failure
[456.384s][info ][gc,ergo        ] Free: 496K, Max: 496K regular, 0B humongous, Frag: 0% external, 51% internal; Reserve: 103M, Max: 1024K
[456.384s][info ][gc,start       ] GC(28421) Pause Degenerated GC (Outside of Cycle)
[456.384s][info ][gc,task        ] GC(28421) Using 8 of 8 workers for stw degenerated gc
[456.384s][info ][gc,ref         ] GC(28421) Clearing All SoftReferences
[456.385s][info ][gc,ref         ] GC(28421) Encountered references: Soft: 7, Weak: 34, Final: 0, Phantom: 1
[456.385s][info ][gc,ref         ] GC(28421) Discovered  references: Soft: 4, Weak: 9, Final: 0, Phantom: 1
[456.385s][info ][gc,ref         ] GC(28421) Enqueued    references: Soft: 0, Weak: 0, Final: 0, Phantom: 0
[456.385s][debug][gc,phases,start] GC(28421) ClassLoaderData
[456.385s][debug][gc,phases      ] GC(28421) ClassLoaderData 0.010ms
[456.385s][debug][gc,phases,start] GC(28421) Trigger cleanups
[456.385s][debug][gc,phases      ] GC(28421) Trigger cleanups 0.005ms
[456.385s][info ][gc,ergo        ] GC(28421) Adaptive CSet Selection. Target Free: 290M, Actual Free: 103M, Max CSet: 87381K, Min Garbage: 187M
[456.385s][info ][gc,ergo        ] GC(28421) Collectable Garbage: 0B (0%), Immediate: 0B (0%), CSet: 0B (0%)
[456.388s][info ][gc,ergo        ] GC(28421) Bad progress for free space: 0B, need 20971K
[456.388s][info ][gc             ] GC(28421) Cancelling GC: Upgrade To Full GC
[456.389s][info ][gc,phases,start] GC(28421) Phase 1: Mark live objects
[456.389s][info ][gc,ref         ] GC(28421) Clearing All SoftReferences
[456.389s][info ][gc,ref         ] GC(28421) Clearing All SoftReferences
[456.390s][info ][gc,ref         ] GC(28421) Encountered references: Soft: 7, Weak: 34, Final: 0, Phantom: 1
[456.390s][info ][gc,ref         ] GC(28421) Discovered  references: Soft: 4, Weak: 4, Final: 0, Phantom: 1
[456.390s][info ][gc,ref         ] GC(28421) Enqueued    references: Soft: 0, Weak: 0, Final: 0, Phantom: 0
[456.390s][debug][gc,phases,start] GC(28421) ClassLoaderData
[456.390s][debug][gc,phases      ] GC(28421) ClassLoaderData 0.012ms
[456.390s][debug][gc,phases,start] GC(28421) Trigger cleanups
[456.390s][debug][gc,phases      ] GC(28421) Trigger cleanups 0.005ms
[456.390s][info ][gc,phases      ] GC(28421) Phase 1: Mark live objects 1.087ms
[456.390s][info ][gc,phases,start] GC(28421) Phase 2: Compute new object addresses
[456.390s][info ][gc,phases      ] GC(28421) Phase 2: Compute new object addresses 0.438ms
[456.390s][info ][gc,phases,start] GC(28421) Phase 3: Adjust pointers
[456.391s][info ][gc,phases      ] GC(28421) Phase 3: Adjust pointers 1.003ms
[456.391s][info ][gc,phases,start] GC(28421) Phase 4: Move objects
[456.394s][info ][gc,phases      ] GC(28421) Phase 4: Move objects 2.857ms
[456.394s][info ][gc,ergo        ] GC(28421) Bad progress for free space: 1520K, need 20971K
[456.394s][info ][gc             ] GC(28421) Pause Degenerated GC (Outside of Cycle) 1062M->1062M(2048M) 10.516ms
[456.394s][debug][gc,ergo        ] GC(28421) Margin of error now 3.29
[456.394s][debug][gc,ergo        ] GC(28421) Spike threshold now: 0.32
[456.395s][info ][gc,ergo        ] Free: 1520K, Max: 1024K regular, 1024K humongous, Frag: 0% external, 25% internal; Reserve: 102M, Max: 1024K
[456.395s][info ][gc,stats       ] 
[456.395s][info ][gc,stats       ] All times are wall-clock times, except per-root-class counters, that are sum over
[456.395s][info ][gc,stats       ] all workers. Dividing the <total> over the root stage time estimates parallelism.
[456.395s][info ][gc,stats       ] 
[456.395s][info ][gc             ] Failed to allocate Shared, 1024K
[456.395s][info ][gc             ] Cancelling GC: Allocation Failure
[456.395s][info ][gc,stats       ] Pause Degenerated GC (G)          10614 us
[456.395s][info ][gc,stats       ] Pause Degenerated GC (N)          10523 us
[456.395s][info ][gc,stats       ]   Degen STW Mark                    453 us, parallelism: 5.39x
[456.395s][info ][gc,stats       ]     DSM: <total>                   2440 us
[456.395s][info ][gc,stats       ]     DSM: Thread Roots                70 us, workers (us):  35,  21,  11,   1,   0,   1,   0,   0, 
[456.395s][info ][gc,stats       ]     DSM: VM Strong Roots              3 us, workers (us):   0,   1,   1,   0,   0,   0,   0,   0, 
[456.395s][info ][gc,stats       ]     DSM: CLDG Roots                  18 us, workers (us):  16,   1,   1,   0,   0,   1,   0,   0, 
[456.395s][info ][gc,stats       ]     DSM: Parallel Mark             2348 us, workers (us): 261, 308, 332, 325, 286, 313, 295, 228, 
[456.395s][info ][gc,stats       ]     System Purge                    377 us
[456.395s][info ][gc,stats       ]       Weak References               131 us, parallelism: 0.02x
[456.395s][info ][gc,stats       ]         WRP: <total>                  3 us
[456.395s][info ][gc,stats       ]         WRP: Weak References          3 us, workers (us):   2,   0,   0,   0,   0,   0,   0,   0, 
[456.395s][info ][gc,stats       ]       Unload Classes                138 us, parallelism: 1.27x
[456.395s][info ][gc,stats       ]         DCU: <total>                175 us
[456.395s][info ][gc,stats       ]         DCU: Unload Code Caches      175 us, workers (us):  58,  58,  21,  17,  21,   0,   0,   0, 
[456.395s][info ][gc,stats       ]       Weak Roots                    106 us, parallelism: 0.22x
[456.395s][info ][gc,stats       ]         DWR: <total>                 23 us
[456.395s][info ][gc,stats       ]         DWR: VM Weak Roots           23 us, workers (us):  16,   3,   1,   0,   1,   1,   1,   1, 
[456.395s][info ][gc,stats       ]       CLDG                            0 us
[456.395s][info ][gc,stats       ]   Update Region States              102 us
[456.395s][info ][gc,stats       ]   Manage GC/TLABs                     2 us
[456.395s][info ][gc,stats       ]   Choose Collection Set              27 us
[456.395s][info ][gc,stats       ]   Rebuild Free Set                   15 us
[456.395s][info ][gc,stats       ]   Evacuation                        383 us
[456.395s][info ][gc,stats       ]   Manage GCLABs                       3 us
[456.395s][info ][gc,stats       ]   Update References                1314 us
[456.395s][info ][gc,stats       ]   Update Region States              112 us
[456.395s][info ][gc,stats       ]   Trash Collection Set                2 us
[456.395s][info ][gc,stats       ]   Rebuild Free Set                   18 us
[456.395s][info ][gc,stats       ]   Degen Update Roots                263 us, parallelism: 1.08x
[456.395s][info ][gc,stats       ]     DU: <total>                     283 us
[456.395s][info ][gc,stats       ]     DU: Thread Roots                 81 us, workers (us):   1,  32,  20,  20,   7,   0,   0,   1, 
[456.395s][info ][gc,stats       ]     DU: Code Cache Roots            148 us, workers (us): 146,   0,   0,   0,   0,   0,   0,   0, 
[456.395s][info ][gc,stats       ]     DU: VM Strong Roots               5 us, workers (us):   4,   0,   0,   0,   0,   0,   0,   0, 
[456.395s][info ][gc,stats       ]     DU: VM Weak Roots                28 us, workers (us):  14,   9,   3,   1,   0,   0,   0,   1, 
[456.395s][info ][gc,stats       ]     DU: CLDG Roots                   20 us, workers (us):   2,   2,  15,   1,   0,   0,   0,   1, 
[456.395s][info ][gc,stats       ]   Cleanup                            98 us
[456.395s][info ][gc,stats       ]   Pre Heap Dump                       1 us
[456.395s][info ][gc,stats       ]   Prepare                          1215 us
[456.395s][info ][gc,stats       ]   Mark                             1048 us, parallelism: 3.22x
[456.395s][info ][gc,stats       ]     FM: <total>                    3378 us
[456.395s][info ][gc,stats       ]     FM: Thread Roots                192 us, workers (us):  75,  59,  40,  12,   0,   2,   1,   2, 
[456.395s][info ][gc,stats       ]     FM: VM Strong Roots               5 us, workers (us):   2,   0,   1,   1,   0,   0,   0,   0, 
[456.395s][info ][gc,stats       ]     FM: CLDG Roots                   33 us, workers (us):   0,  29,   0,   1,   1,   1,   1,   0, 
[456.395s][info ][gc,stats       ]     FM: Parallel Mark              3148 us, workers (us): 431, 427, 446, 408, 388, 383, 301, 364, 
[456.395s][info ][gc,stats       ]     System Purge                    411 us
[456.395s][info ][gc,stats       ]       Weak References               160 us, parallelism: 0.01x
[456.395s][info ][gc,stats       ]         WRP: <total>                  2 us
[456.395s][info ][gc,stats       ]         WRP: Weak References          2 us, workers (us):   1,   0,   0,   0,   0,   0,   0,   0, 
[456.395s][info ][gc,stats       ]       Unload Classes                140 us, parallelism: 1.28x
[456.395s][info ][gc,stats       ]         CU: <total>                 180 us
[456.395s][info ][gc,stats       ]         CU: Unload Code Caches      180 us, workers (us):  61,  52,  41,  20,   6,   0,   0,   0, 
[456.395s][info ][gc,stats       ]       Weak Roots                    108 us, parallelism: 0.22x
[456.395s][info ][gc,stats       ]         WR: <total>                  23 us
[456.395s][info ][gc,stats       ]         WR: VM Weak Roots            23 us, workers (us):  13,   6,   1,   1,   1,   1,   1,   1, 
[456.395s][info ][gc,stats       ]       CLDG                            1 us
[456.395s][info ][gc,stats       ]   Calculate Addresses               432 us
[456.395s][info ][gc,stats       ]     Regular Objects                 279 us
[456.395s][info ][gc,stats       ]     Humongous Objects                87 us
[456.395s][info ][gc,stats       ]   Adjust Pointers                   997 us
[456.395s][info ][gc,stats       ]     FA: <total>                     178 us
[456.395s][info ][gc,stats       ]     FA: Thread Roots                 40 us, workers (us):   1,  21,  17,   0,   0,   0,   1,   0, 
[456.395s][info ][gc,stats       ]     FA: Code Cache Roots            112 us, workers (us): 111,   0,   0,   0,   0,   0,   0,   0, 
[456.395s][info ][gc,stats       ]     FA: VM Strong Roots               3 us, workers (us):   2,   0,   0,   0,   0,   0,   0,   0, 
[456.395s][info ][gc,stats       ]     FA: VM Weak Roots                14 us, workers (us):  12,   1,   0,   0,   0,   0,   0,   0, 
[456.395s][info ][gc,stats       ]     FA: CLDG Roots                    9 us, workers (us):   1,   8,   0,   0,   0,   0,   0,   0, 
[456.395s][info ][gc,stats       ]   Copy Objects                     2849 us
[456.395s][info ][gc,stats       ]     Regular Objects                 303 us
[456.395s][info ][gc,stats       ]     Humongous Objects              1130 us
[456.395s][info ][gc,stats       ]     Reset Complete Bitmap          1376 us
[456.395s][info ][gc,stats       ]     Rebuild Region Sets              39 us
[456.395s][info ][gc,stats       ]   Post Heap Dump                      1 us
[456.395s][info ][gc,stats       ] 
[456.395s][info ][gc,stats       ] Allocation pacing accrued:
[456.395s][info ][gc,stats       ]       0 of    12 ms (  0.0%): <total>
[456.395s][info ][gc,stats       ]       0 of    12 ms (  0.0%): <average total>
[456.395s][info ][gc,stats       ] 
[456.395s][info ][gc,metaspace   ] Metaspace: 253K(448K)->253K(448K) NonClass: 247K(320K)->247K(320K) Class: 5K(128K)->5K(128K)
[456.395s][info ][gc,ergo        ] Pacer for Idle. Initial: 41943K, Alloc Tax Rate: 1.0x
[456.396s][info ][gc             ] Trigger: Handle Allocation Failure
[456.396s][info ][gc,ergo        ] Free: 1520K, Max: 1024K regular, 1024K humongous, Frag: 0% external, 25% internal; Reserve: 102M, Max: 1024K
[456.396s][info ][gc,start       ] GC(28422) Pause Degenerated GC (Outside of Cycle)
[456.396s][info ][gc,task        ] GC(28422) Using 8 of 8 workers for stw degenerated gc
[456.397s][info ][gc,ref         ] GC(28422) Clearing All SoftReferences
[456.397s][info ][gc,ref         ] GC(28422) Encountered references: Soft: 7, Weak: 34, Final: 0, Phantom: 1
[456.397s][info ][gc,ref         ] GC(28422) Discovered  references: Soft: 4, Weak: 9, Final: 0, Phantom: 1
[456.397s][info ][gc,ref         ] GC(28422) Enqueued    references: Soft: 0, Weak: 0, Final: 0, Phantom: 0
[456.397s][debug][gc,phases,start] GC(28422) ClassLoaderData
[456.397s][debug][gc,phases      ] GC(28422) ClassLoaderData 0.011ms
[456.397s][debug][gc,phases,start] GC(28422) Trigger cleanups
[456.397s][debug][gc,phases      ] GC(28422) Trigger cleanups 0.021ms
[456.398s][info ][gc,ergo        ] GC(28422) Adaptive CSet Selection. Target Free: 290M, Actual Free: 103M, Max CSet: 87381K, Min Garbage: 187M
[456.398s][info ][gc,ergo        ] GC(28422) Collectable Garbage: 0B (0%), Immediate: 0B (0%), CSet: 0B (0%)
[456.400s][info ][gc,ergo        ] GC(28422) Bad progress for free space: 1024K, need 20971K
[456.400s][info ][gc             ] GC(28422) Cancelling GC: Upgrade To Full GC
[456.401s][info ][gc,phases,start] GC(28422) Phase 1: Mark live objects
[456.401s][info ][gc,ref         ] GC(28422) Clearing All SoftReferences
[456.401s][info ][gc,ref         ] GC(28422) Clearing All SoftReferences
[456.402s][info ][gc,ref         ] GC(28422) Encountered references: Soft: 7, Weak: 34, Final: 0, Phantom: 1
[456.402s][info ][gc,ref         ] GC(28422) Discovered  references: Soft: 4, Weak: 1, Final: 0, Phantom: 0
[456.402s][info ][gc,ref         ] GC(28422) Enqueued    references: Soft: 0, Weak: 0, Final: 0, Phantom: 0
[456.402s][debug][gc,phases,start] GC(28422) ClassLoaderData
[456.402s][debug][gc,phases      ] GC(28422) ClassLoaderData 0.012ms
[456.402s][debug][gc,phases,start] GC(28422) Trigger cleanups
[456.402s][debug][gc,phases      ] GC(28422) Trigger cleanups 0.005ms
[456.402s][info ][gc,phases      ] GC(28422) Phase 1: Mark live objects 1.076ms
[456.402s][info ][gc,phases,start] GC(28422) Phase 2: Compute new object addresses
[456.403s][info ][gc,phases      ] GC(28422) Phase 2: Compute new object addresses 0.420ms
[456.403s][info ][gc,phases,start] GC(28422) Phase 3: Adjust pointers
[456.404s][info ][gc,phases      ] GC(28422) Phase 3: Adjust pointers 0.976ms
[456.404s][info ][gc,phases,start] GC(28422) Phase 4: Move objects
[456.405s][info ][gc,phases      ] GC(28422) Phase 4: Move objects 1.647ms
[456.405s][info ][gc,ergo        ] GC(28422) Bad progress for free space: 1520K, need 20971K
[456.406s][info ][gc             ] GC(28422) Pause Degenerated GC (Outside of Cycle) 1062M->1062M(2048M) 9.184ms
[456.406s][debug][gc,ergo        ] GC(28422) Margin of error now 3.29
[456.406s][debug][gc,ergo        ] GC(28422) Spike threshold now: 0.32
[456.406s][info ][gc,ergo        ] Free: 1520K, Max: 1024K regular, 1024K humongous, Frag: 0% external, 25% internal; Reserve: 102M, Max: 1024K
[456.406s][info ][gc,stats       ] 
[456.406s][info ][gc,stats       ] All times are wall-clock times, except per-root-class counters, that are sum over
[456.406s][info ][gc,stats       ] all workers. Dividing the <total> over the root stage time estimates parallelism.
[456.406s][info ][gc,stats       ] 
[456.406s][info ][gc,stats       ] Pause Degenerated GC (G)           9279 us
[456.406s][info ][gc,stats       ] Pause Degenerated GC (N)           9193 us
[456.406s][info ][gc             ] Failed to allocate Shared, 100M
[456.406s][info ][gc             ] Cancelling GC: Allocation Failure
[456.406s][info ][gc,stats       ]   Degen STW Mark                    447 us, parallelism: 5.52x
[456.406s][info ][gc,stats       ]     DSM: <total>                   2467 us
[456.406s][info ][gc,stats       ]     DSM: Thread Roots                72 us, workers (us):  33,  22,  14,   0,   1,   0,   1,   1, 
[456.406s][info ][gc,stats       ]     DSM: VM Strong Roots              4 us, workers (us):   0,   1,   1,   1,   0,   0,   0,   0, 
[456.406s][info ][gc,stats       ]     DSM: CLDG Roots                  18 us, workers (us):  15,   1,   1,   0,   1,   0,   0,   1, 
[456.406s][info ][gc,stats       ]     DSM: Parallel Mark             2373 us, workers (us): 324, 312, 275, 339, 315, 269, 258, 282, 
[456.406s][info ][gc,stats       ]     System Purge                    412 us
[456.406s][info ][gc,stats       ]       Weak References               141 us, parallelism: 0.02x
[456.406s][info ][gc,stats       ]         WRP: <total>                  2 us
[456.406s][info ][gc,stats       ]         WRP: Weak References          2 us, workers (us):   2,   0,   0,   0,   0,   0,   0,   0, 
[456.406s][info ][gc,stats       ]       Unload Classes                163 us, parallelism: 1.14x
[456.406s][info ][gc,stats       ]         DCU: <total>                186 us
[456.406s][info ][gc,stats       ]         DCU: Unload Code Caches      186 us, workers (us):  72,  66,  48,   0,   0,   0,   0,   0, 
[456.406s][info ][gc,stats       ]       Weak Roots                    107 us, parallelism: 0.21x
[456.406s][info ][gc,stats       ]         DWR: <total>                 23 us
[456.406s][info ][gc,stats       ]         DWR: VM Weak Roots           23 us, workers (us):  15,   2,   1,   1,   1,   1,   1,   1, 
[456.406s][info ][gc,stats       ]       CLDG                            1 us
[456.406s][info ][gc,stats       ]   Update Region States              132 us
[456.406s][info ][gc,stats       ]   Manage GC/TLABs                     2 us
[456.406s][info ][gc,stats       ]   Choose Collection Set              44 us
[456.406s][info ][gc,stats       ]   Rebuild Free Set                   11 us
[456.406s][info ][gc,stats       ]   Evacuation                        603 us
[456.406s][info ][gc,stats       ]   Manage GCLABs                       3 us
[456.406s][info ][gc,stats       ]   Update References                1271 us
[456.406s][info ][gc,stats       ]   Update Region States              110 us
[456.406s][info ][gc,stats       ]   Trash Collection Set                3 us
[456.406s][info ][gc,stats       ]   Rebuild Free Set                   18 us
[456.406s][info ][gc,stats       ]   Degen Update Roots                230 us, parallelism: 1.17x
[456.406s][info ][gc,stats       ]     DU: <total>                     268 us
[456.406s][info ][gc,stats       ]     DU: Thread Roots                 84 us, workers (us):  22,   0,  34,  21,   6,   0,   0,   1, 
[456.406s][info ][gc,stats       ]     DU: Code Cache Roots            129 us, workers (us):   0, 128,   1,   0,   0,   0,   0,   0, 
[456.406s][info ][gc,stats       ]     DU: VM Strong Roots               7 us, workers (us):   4,   2,   0,   0,   0,   0,   0,   0, 
[456.406s][info ][gc,stats       ]     DU: VM Weak Roots                29 us, workers (us):  14,  13,   0,   0,   0,   0,   0,   0, 
[456.406s][info ][gc,stats       ]     DU: CLDG Roots                   19 us, workers (us):  15,   2,   0,   0,   0,   0,   0,   0, 
[456.406s][info ][gc,stats       ]   Cleanup                            89 us
[456.406s][info ][gc,stats       ]   Pre Heap Dump                       1 us
[456.406s][info ][gc,stats       ]   Prepare                           907 us
[456.406s][info ][gc,stats       ]   Mark                             1026 us, parallelism: 3.40x
[456.406s][info ][gc,stats       ]     FM: <total>                    3485 us
[456.406s][info ][gc,stats       ]     FM: Thread Roots                125 us, workers (us):  48,  36,  25,   9,   1,   3,   1,   1, 
[456.406s][info ][gc,stats       ]     FM: VM Strong Roots               4 us, workers (us):   2,   0,   0,   1,   0,   0,   0,   0, 
[456.406s][info ][gc,stats       ]     FM: CLDG Roots                   34 us, workers (us):   1,  30,   0,   0,   1,   1,   1,   0, 
[456.406s][info ][gc,stats       ]     FM: Parallel Mark              3322 us, workers (us): 435, 434, 444, 453, 405, 421, 361, 369, 
[456.406s][info ][gc,stats       ]     System Purge                    406 us
[456.406s][info ][gc,stats       ]       Weak References               148 us, parallelism: 0.01x
[456.406s][info ][gc,stats       ]         WRP: <total>                  2 us
[456.406s][info ][gc,stats       ]         WRP: Weak References          2 us, workers (us):   1,   0,   0,   0,   0,   0,   0,   0, 
[456.406s][info ][gc,stats       ]       Unload Classes                141 us, parallelism: 1.07x
[456.406s][info ][gc,stats       ]         CU: <total>                 151 us
[456.406s][info ][gc,stats       ]         CU: Unload Code Caches      151 us, workers (us):  55,  49,  29,  18,   0,   0,   0,   0, 
[456.406s][info ][gc,stats       ]       Weak Roots                    114 us, parallelism: 0.19x
[456.406s][info ][gc,stats       ]         WR: <total>                  22 us
[456.406s][info ][gc,stats       ]         WR: VM Weak Roots            22 us, workers (us):  13,   4,   1,   1,   1,   1,   1,   1, 
[456.406s][info ][gc,stats       ]       CLDG                            1 us
[456.406s][info ][gc,stats       ]   Calculate Addresses               414 us
[456.406s][info ][gc,stats       ]     Regular Objects                 280 us
[456.406s][info ][gc,stats       ]     Humongous Objects                82 us
[456.406s][info ][gc,stats       ]   Adjust Pointers                   970 us
[456.406s][info ][gc,stats       ]     FA: <total>                     172 us
[456.406s][info ][gc,stats       ]     FA: Thread Roots                 41 us, workers (us):   1,  16,  14,   9,   0,   0,   1,   0, 
[456.406s][info ][gc,stats       ]     FA: Code Cache Roots            107 us, workers (us): 106,   0,   0,   0,   0,   0,   0,   0, 
[456.406s][info ][gc,stats       ]     FA: VM Strong Roots               2 us, workers (us):   1,   0,   0,   0,   0,   0,   0,   0, 
[456.406s][info ][gc,stats       ]     FA: VM Weak Roots                13 us, workers (us):  10,   1,   0,   0,   0,   0,   0,   0, 
[456.406s][info ][gc,stats       ]     FA: CLDG Roots                    9 us, workers (us):   8,   0,   0,   0,   0,   0,   0,   0, 
[456.406s][info ][gc,stats       ]   Copy Objects                     1641 us
[456.406s][info ][gc,stats       ]     Regular Objects                 309 us
[456.406s][info ][gc,stats       ]     Humongous Objects                44 us
[456.406s][info ][gc,stats       ]     Reset Complete Bitmap          1244 us
[456.406s][info ][gc,stats       ]     Rebuild Region Sets              44 us
[456.406s][info ][gc,stats       ]   Post Heap Dump                      0 us
[456.406s][info ][gc,stats       ] 
[456.406s][info ][gc,stats       ] Allocation pacing accrued:
[456.406s][info ][gc,stats       ]       0 of    11 ms (  0.0%): <total>
[456.406s][info ][gc,stats       ]       0 of    11 ms (  0.0%): <average total>
[456.406s][info ][gc,stats       ] 
[456.406s][info ][gc,metaspace   ] Metaspace: 253K(448K)->253K(448K) NonClass: 247K(320K)->247K(320K) Class: 5K(128K)->5K(128K)
[456.406s][info ][gc,ergo        ] Pacer for Idle. Initial: 41943K, Alloc Tax Rate: 1.0x
[456.407s][info ][gc             ] Trigger: Handle Allocation Failure
[456.407s][info ][gc,ergo        ] Free: 1520K, Max: 1024K regular, 1024K humongous, Frag: 0% external, 25% internal; Reserve: 102M, Max: 1024K
[456.408s][info ][gc,start       ] GC(28423) Pause Full
[456.408s][info ][gc,task        ] GC(28423) Using 8 of 8 workers for full gc
[456.408s][info ][gc,phases,start] GC(28423) Phase 1: Mark live objects
[456.408s][info ][gc,ref         ] GC(28423) Clearing All SoftReferences
[456.408s][info ][gc,ref         ] GC(28423) Clearing All SoftReferences
[456.408s][info ][gc,ref         ] GC(28423) Encountered references: Soft: 7, Weak: 34, Final: 0, Phantom: 1
[456.408s][info ][gc,ref         ] GC(28423) Discovered  references: Soft: 4, Weak: 4, Final: 0, Phantom: 1
[456.408s][info ][gc,ref         ] GC(28423) Enqueued    references: Soft: 0, Weak: 0, Final: 0, Phantom: 0
[456.408s][debug][gc,phases,start] GC(28423) ClassLoaderData
[456.408s][debug][gc,phases      ] GC(28423) ClassLoaderData 0.010ms
[456.408s][debug][gc,phases,start] GC(28423) Trigger cleanups
[456.408s][debug][gc,phases      ] GC(28423) Trigger cleanups 0.005ms
[456.408s][info ][gc,phases      ] GC(28423) Phase 1: Mark live objects 0.804ms
[456.408s][info ][gc,phases,start] GC(28423) Phase 2: Compute new object addresses
[456.409s][info ][gc,phases      ] GC(28423) Phase 2: Compute new object addresses 0.405ms
[456.409s][info ][gc,phases,start] GC(28423) Phase 3: Adjust pointers
[456.410s][info ][gc,phases      ] GC(28423) Phase 3: Adjust pointers 1.077ms
[456.410s][info ][gc,phases,start] GC(28423) Phase 4: Move objects
[456.413s][info ][gc,phases      ] GC(28423) Phase 4: Move objects 3.038ms
[456.413s][info ][gc,ergo        ] GC(28423) Bad progress for free space: 1520K, need 20971K
[456.413s][info ][gc             ] GC(28423) Pause Full 1062M->1062M(2048M) 5.658ms
[456.413s][debug][gc,ergo        ] GC(28423) Margin of error now 3.29
[456.413s][debug][gc,ergo        ] GC(28423) Spike threshold now: 0.32
[456.413s][info ][gc,ergo        ] Free: 1520K, Max: 1024K regular, 1024K humongous, Frag: 0% external, 25% internal; Reserve: 102M, Max: 1024K
[456.413s][info ][gc,stats       ] 
[456.413s][info ][gc,stats       ] All times are wall-clock times, except per-root-class counters, that are sum over
[456.413s][info ][gc,stats       ] all workers. Dividing the <total> over the root stage time estimates parallelism.
[456.413s][info ][gc             ] Failed to allocate Shared, 1024K
[456.414s][info ][gc             ] Cancelling GC: Allocation Failure
[456.413s][info ][gc,stats       ] 
[456.414s][info ][gc,stats       ] Pause Full GC (G)                  5764 us
[456.414s][info ][gc,stats       ] Pause Full GC (N)                  5663 us
[456.414s][info ][gc,stats       ]   Pre Heap Dump                       0 us
[456.414s][info ][gc,stats       ]   Prepare                           105 us
[456.414s][info ][gc,stats       ]   Mark                              796 us, parallelism: 2.75x
[456.414s][info ][gc,stats       ]     FM: <total>                    2189 us
[456.414s][info ][gc,stats       ]     FM: Thread Roots                 66 us, workers (us):  23,  20,   7,   1,   1,   1,   0,  13, 
[456.414s][info ][gc,stats       ]     FM: VM Strong Roots               2 us, workers (us):   1,   1,   0,   0,   0,   0,   0,   0, 
[456.414s][info ][gc,stats       ]     FM: CLDG Roots                   13 us, workers (us):   0,   0,  11,   0,   0,   0,   0,   0, 
[456.414s][info ][gc,stats       ]     FM: Parallel Mark              2107 us, workers (us): 284, 280, 291, 284, 282, 233, 259, 196, 
[456.414s][info ][gc,stats       ]     System Purge                    390 us
[456.414s][info ][gc,stats       ]       Weak References               139 us, parallelism: 0.01x
[456.414s][info ][gc,stats       ]         WRP: <total>                  2 us
[456.414s][info ][gc,stats       ]         WRP: Weak References          2 us, workers (us):   1,   0,   0,   0,   0,   0,   0,   0, 
[456.414s][info ][gc,stats       ]       Unload Classes                138 us, parallelism: 0.93x
[456.414s][info ][gc,stats       ]         CU: <total>                 128 us
[456.414s][info ][gc,stats       ]         CU: Unload Code Caches      128 us, workers (us):  63,  39,  21,   6,   0,   0,   0,   0, 
[456.414s][info ][gc,stats       ]       Weak Roots                    111 us, parallelism: 0.15x
[456.414s][info ][gc,stats       ]         WR: <total>                  17 us
[456.414s][info ][gc,stats       ]         WR: VM Weak Roots            17 us, workers (us):  13,   0,   1,   1,   0,   1,   1,   1, 
[456.414s][info ][gc,stats       ]       CLDG                            0 us
[456.414s][info ][gc,stats       ]   Calculate Addresses               399 us
[456.414s][info ][gc,stats       ]     Regular Objects                 287 us
[456.414s][info ][gc,stats       ]     Humongous Objects                51 us
[456.414s][info ][gc,stats       ]   Adjust Pointers                  1071 us
[456.414s][info ][gc,stats       ]     FA: <total>                     173 us
[456.414s][info ][gc,stats       ]     FA: Thread Roots                 45 us, workers (us):  27,   0,  10,   6,   0,   0,   0,   0, 
[456.414s][info ][gc,stats       ]     FA: Code Cache Roots            101 us, workers (us):   0, 100,   1,   0,   0,   0,   0,   0, 
[456.414s][info ][gc,stats       ]     FA: VM Strong Roots               2 us, workers (us):   1,   0,   1,   0,   0,   0,   0,   0, 
[456.414s][info ][gc,stats       ]     FA: VM Weak Roots                16 us, workers (us):  13,   0,   1,   0,   0,   0,   0,   0, 
[456.414s][info ][gc,stats       ]     FA: CLDG Roots                    9 us, workers (us):   7,   0,   1,   0,   0,   0,   0,   0, 
[456.414s][info ][gc,stats       ]   Copy Objects                     3032 us
[456.414s][info ][gc,stats       ]     Regular Objects                 323 us
[456.414s][info ][gc,stats       ]     Humongous Objects              1238 us
[456.414s][info ][gc,stats       ]     Reset Complete Bitmap          1426 us
[456.414s][info ][gc,stats       ]     Rebuild Region Sets              44 us
[456.414s][info ][gc,stats       ]   Post Heap Dump                      0 us
[456.414s][info ][gc,stats       ] 
[456.414s][info ][gc,stats       ] Allocation pacing accrued:
[456.414s][info ][gc,stats       ]       0 of     7 ms (  0.0%): <total>
[456.414s][info ][gc,stats       ]       0 of     7 ms (  0.0%): <average total>
[456.414s][info ][gc,stats       ] 
[456.414s][info ][gc,metaspace   ] Metaspace: 253K(448K)->253K(448K) NonClass: 247K(320K)->247K(320K) Class: 5K(128K)->5K(128K)
[456.414s][info ][gc,ergo        ] Pacer for Idle. Initial: 41943K, Alloc Tax Rate: 1.0x
[456.415s][info ][gc             ] Trigger: Handle Allocation Failure
[456.415s][info ][gc,ergo        ] Free: 1520K, Max: 1024K regular, 1024K humongous, Frag: 0% external, 25% internal; Reserve: 102M, Max: 1024K
[456.415s][info ][gc,start       ] GC(28424) Pause Degenerated GC (Outside of Cycle)
[456.415s][info ][gc,task        ] GC(28424) Using 8 of 8 workers for stw degenerated gc
[456.415s][info ][gc,ref         ] GC(28424) Clearing All SoftReferences
[456.416s][info ][gc,ref         ] GC(28424) Encountered references: Soft: 7, Weak: 34, Final: 0, Phantom: 1
[456.416s][info ][gc,ref         ] GC(28424) Discovered  references: Soft: 4, Weak: 2, Final: 0, Phantom: 0
[456.416s][info ][gc,ref         ] GC(28424) Enqueued    references: Soft: 0, Weak: 0, Final: 0, Phantom: 0
[456.416s][debug][gc,phases,start] GC(28424) ClassLoaderData
[456.416s][debug][gc,phases      ] GC(28424) ClassLoaderData 0.010ms
[456.416s][debug][gc,phases,start] GC(28424) Trigger cleanups
[456.416s][debug][gc,phases      ] GC(28424) Trigger cleanups 0.005ms
[456.416s][info ][gc,ergo        ] GC(28424) Adaptive CSet Selection. Target Free: 290M, Actual Free: 103M, Max CSet: 87381K, Min Garbage: 187M
[456.416s][info ][gc,ergo        ] GC(28424) Collectable Garbage: 0B (0%), Immediate: 0B (0%), CSet: 0B (0%)
[456.419s][info ][gc,ergo        ] GC(28424) Bad progress for free space: 1024K, need 20971K
[456.419s][info ][gc             ] GC(28424) Cancelling GC: Upgrade To Full GC
[456.420s][info ][gc,phases,start] GC(28424) Phase 1: Mark live objects
[456.420s][info ][gc,ref         ] GC(28424) Clearing All SoftReferences
[456.420s][info ][gc,ref         ] GC(28424) Clearing All SoftReferences
[456.420s][info ][gc,ref         ] GC(28424) Encountered references: Soft: 7, Weak: 34, Final: 0, Phantom: 1
[456.420s][info ][gc,ref         ] GC(28424) Discovered  references: Soft: 4, Weak: 4, Final: 0, Phantom: 1
[456.420s][info ][gc,ref         ] GC(28424) Enqueued    references: Soft: 0, Weak: 0, Final: 0, Phantom: 0
[456.421s][debug][gc,phases,start] GC(28424) ClassLoaderData
[456.421s][debug][gc,phases      ] GC(28424) ClassLoaderData 0.025ms
[456.421s][debug][gc,phases,start] GC(28424) Trigger cleanups
[456.421s][debug][gc,phases      ] GC(28424) Trigger cleanups 0.005ms
[456.421s][info ][gc,phases      ] GC(28424) Phase 1: Mark live objects 0.973ms
[456.421s][info ][gc,phases,start] GC(28424) Phase 2: Compute new object addresses
[456.421s][info ][gc,phases      ] GC(28424) Phase 2: Compute new object addresses 0.468ms
[456.421s][info ][gc,phases,start] GC(28424) Phase 3: Adjust pointers
[456.422s][info ][gc,phases      ] GC(28424) Phase 3: Adjust pointers 1.093ms
[456.422s][info ][gc,phases,start] GC(28424) Phase 4: Move objects
[456.424s][info ][gc,phases      ] GC(28424) Phase 4: Move objects 1.519ms
[456.424s][info ][gc,ergo        ] GC(28424) Bad progress for free space: 1520K, need 20971K
[456.424s][info ][gc             ] GC(28424) Pause Degenerated GC (Outside of Cycle) 1062M->1062M(2048M) 9.064ms
[456.424s][debug][gc,ergo        ] GC(28424) Margin of error now 3.29
[456.424s][debug][gc,ergo        ] GC(28424) Spike threshold now: 0.32
[456.424s][info ][gc,ergo        ] Free: 1520K, Max: 1024K regular, 1024K humongous, Frag: 0% external, 25% internal; Reserve: 102M, Max: 1024K
[456.424s][info ][gc,stats       ] 
[456.424s][info ][gc,stats       ] All times are wall-clock times, except per-root-class counters, that are sum over
[456.424s][info ][gc,stats       ] all workers. Dividing the <total> over the root stage time estimates parallelism.
[456.424s][info ][gc,stats       ] 
[456.424s][info ][gc,stats       ] Pause Degenerated GC (G)           9170 us
[456.424s][info ][gc,stats       ] Pause Degenerated GC (N)           9072 us
[456.424s][info ][gc,stats       ]   Degen STW Mark                    473 us, parallelism: 5.57x
[456.424s][info ][gc,stats       ]     DSM: <total>                   2639 us
[456.424s][info ][gc,stats       ]     DSM: Thread Roots                62 us, workers (us):  29,  23,   7,   1,   0,   1,   0,   1, 
[456.425s][info ][gc,stats       ]     DSM: VM Strong Roots              3 us, workers (us):   1,   0,   2,   0,   0,   0,   0,   0, 
[456.424s][info ][gc             ] Failed to allocate Shared, 100M
[456.425s][info ][gc             ] Cancelling GC: Allocation Failure
[456.425s][info ][gc,stats       ]     DSM: CLDG Roots                  18 us, workers (us):   1,  15,   0,   1,   0,   1,   0,   1, 
[456.425s][info ][gc,stats       ]     DSM: Parallel Mark             2556 us, workers (us): 368, 299, 337, 292, 354, 331, 288, 286, 
[456.425s][info ][gc,stats       ]     System Purge                    362 us
[456.425s][info ][gc,stats       ]       Weak References               125 us, parallelism: 0.02x
[456.425s][info ][gc,stats       ]         WRP: <total>                  2 us
[456.425s][info ][gc,stats       ]         WRP: Weak References          2 us, workers (us):   1,   0,   0,   0,   0,   0,   0,   0, 
[456.425s][info ][gc,stats       ]       Unload Classes                131 us, parallelism: 1.25x
[456.425s][info ][gc,stats       ]         DCU: <total>                164 us
[456.425s][info ][gc,stats       ]         DCU: Unload Code Caches      164 us, workers (us):  56,  51,  34,  15,   7,   0,   0,   0, 
[456.425s][info ][gc,stats       ]       Weak Roots                    105 us, parallelism: 0.21x
[456.425s][info ][gc,stats       ]         DWR: <total>                 23 us
[456.425s][info ][gc,stats       ]         DWR: VM Weak Roots           23 us, workers (us):  15,   3,   1,   1,   1,   1,   1,   1, 
[456.425s][info ][gc,stats       ]       CLDG                            1 us
[456.425s][info ][gc,stats       ]   Update Region States              102 us
[456.425s][info ][gc,stats       ]   Manage GC/TLABs                     3 us
[456.425s][info ][gc,stats       ]   Choose Collection Set              27 us
[456.425s][info ][gc,stats       ]   Rebuild Free Set                   13 us
[456.425s][info ][gc,stats       ]   Evacuation                        473 us
[456.425s][info ][gc,stats       ]   Manage GCLABs                       3 us
[456.425s][info ][gc,stats       ]   Update References                1423 us
[456.425s][info ][gc,stats       ]   Update Region States              113 us
[456.425s][info ][gc,stats       ]   Trash Collection Set                3 us
[456.425s][info ][gc,stats       ]   Rebuild Free Set                   19 us
[456.425s][info ][gc,stats       ]   Degen Update Roots                232 us, parallelism: 1.22x
[456.425s][info ][gc,stats       ]     DU: <total>                     283 us
[456.425s][info ][gc,stats       ]     DU: Thread Roots                 92 us, workers (us):  35,  21,   0,  25,  10,   0,   0,   0, 
[456.425s][info ][gc,stats       ]     DU: Code Cache Roots            133 us, workers (us):   1,   0, 132,   0,   0,   0,   0,   0, 
[456.425s][info ][gc,stats       ]     DU: VM Strong Roots               6 us, workers (us):   5,   0,   0,   0,   0,   0,   0,   0, 
[456.425s][info ][gc,stats       ]     DU: VM Weak Roots                31 us, workers (us):  20,   7,   2,   0,   1,   0,   0,   0, 
[456.425s][info ][gc,stats       ]     DU: CLDG Roots                   21 us, workers (us):   2,  16,   2,   0,   1,   0,   0,   0, 
[456.425s][info ][gc,stats       ]   Cleanup                            89 us
[456.425s][info ][gc,stats       ]   Pre Heap Dump                       1 us
[456.425s][info ][gc,stats       ]   Prepare                           879 us
[456.425s][info ][gc,stats       ]   Mark                              949 us, parallelism: 3.33x
[456.425s][info ][gc,stats       ]     FM: <total>                    3161 us
[456.425s][info ][gc,stats       ]     FM: Thread Roots                 73 us, workers (us):  36,  20,  13,   0,   1,   0,   1,   1, 
[456.425s][info ][gc,stats       ]     FM: VM Strong Roots               4 us, workers (us):   0,   1,   1,   1,   0,   0,   0,   0, 
[456.425s][info ][gc,stats       ]     FM: CLDG Roots                   21 us, workers (us):  18,   0,   1,   1,   1,   0,   0,   1, 
[456.425s][info ][gc,stats       ]     FM: Parallel Mark              3062 us, workers (us): 409, 363, 416, 432, 362, 364, 382, 334, 
[456.425s][info ][gc,stats       ]     System Purge                    388 us
[456.425s][info ][gc,stats       ]       Weak References               137 us, parallelism: 0.02x
[456.425s][info ][gc,stats       ]         WRP: <total>                  2 us
[456.425s][info ][gc,stats       ]         WRP: Weak References          2 us, workers (us):   2,   0,   0,   0,   0,   0,   0,   0, 
[456.425s][info ][gc,stats       ]       Unload Classes                155 us, parallelism: 0.92x
[456.425s][info ][gc,stats       ]         CU: <total>                 142 us
[456.425s][info ][gc,stats       ]         CU: Unload Code Caches      142 us, workers (us):  51,  41,  35,  15,   0,   0,   0,   0, 
[456.425s][info ][gc,stats       ]       Weak Roots                     92 us, parallelism: 0.34x
[456.425s][info ][gc,stats       ]         WR: <total>                  32 us
[456.425s][info ][gc,stats       ]         WR: VM Weak Roots            32 us, workers (us):  25,   3,   1,   1,   1,   1,   1,   0, 
[456.425s][info ][gc,stats       ]       CLDG                            1 us
[456.425s][info ][gc,stats       ]   Calculate Addresses               461 us
[456.425s][info ][gc,stats       ]     Regular Objects                 314 us
[456.425s][info ][gc,stats       ]     Humongous Objects                95 us
[456.425s][info ][gc,stats       ]   Adjust Pointers                  1087 us
[456.425s][info ][gc,stats       ]     FA: <total>                     187 us
[456.425s][info ][gc,stats       ]     FA: Thread Roots                 46 us, workers (us):   1,  18,  21,   6,   0,   0,   1,   0, 
[456.425s][info ][gc,stats       ]     FA: Code Cache Roots            108 us, workers (us): 107,   0,   0,   0,   0,   0,   0,   0, 
[456.425s][info ][gc,stats       ]     FA: VM Strong Roots               3 us, workers (us):   2,   0,   0,   0,   0,   0,   0,   0, 
[456.425s][info ][gc,stats       ]     FA: VM Weak Roots                19 us, workers (us):  10,   7,   0,   0,   0,   0,   1,   0, 
[456.425s][info ][gc,stats       ]     FA: CLDG Roots                   11 us, workers (us):   1,   9,   0,   0,   0,   0,   1,   0, 
[456.425s][info ][gc,stats       ]   Copy Objects                     1513 us
[456.425s][info ][gc,stats       ]     Regular Objects                 336 us
[456.425s][info ][gc,stats       ]     Humongous Objects                35 us
[456.425s][info ][gc,stats       ]     Reset Complete Bitmap          1075 us
[456.425s][info ][gc,stats       ]     Rebuild Region Sets              66 us
[456.425s][info ][gc,stats       ]   Post Heap Dump                      0 us
[456.425s][info ][gc,stats       ] 
[456.425s][info ][gc,stats       ] Allocation pacing accrued:
[456.425s][info ][gc,stats       ]       0 of    11 ms (  0.0%): <total>
[456.425s][info ][gc,stats       ]       0 of    11 ms (  0.0%): <average total>
[456.425s][info ][gc,stats       ] 
[456.425s][info ][gc,metaspace   ] Metaspace: 253K(448K)->253K(448K) NonClass: 247K(320K)->247K(320K) Class: 5K(128K)->5K(128K)
[456.425s][info ][gc,ergo        ] Pacer for Idle. Initial: 41943K, Alloc Tax Rate: 1.0x
[456.426s][info ][gc             ] Trigger: Handle Allocation Failure
[456.426s][info ][gc,ergo        ] Free: 1520K, Max: 1024K regular, 1024K humongous, Frag: 0% external, 25% internal; Reserve: 102M, Max: 1024K
[456.426s][info ][gc,start       ] GC(28425) Pause Degenerated GC (Outside of Cycle)
[456.426s][info ][gc,task        ] GC(28425) Using 8 of 8 workers for stw degenerated gc
[456.427s][info ][gc,ref         ] GC(28425) Clearing All SoftReferences
[456.427s][info ][gc,ref         ] GC(28425) Encountered references: Soft: 7, Weak: 34, Final: 0, Phantom: 1
[456.427s][info ][gc,ref         ] GC(28425) Discovered  references: Soft: 4, Weak: 9, Final: 0, Phantom: 1
[456.427s][info ][gc,ref         ] GC(28425) Enqueued    references: Soft: 0, Weak: 0, Final: 0, Phantom: 0
[456.427s][debug][gc,phases,start] GC(28425) ClassLoaderData
[456.427s][debug][gc,phases      ] GC(28425) ClassLoaderData 0.011ms
[456.427s][debug][gc,phases,start] GC(28425) Trigger cleanups
[456.427s][debug][gc,phases      ] GC(28425) Trigger cleanups 0.005ms
[456.428s][info ][gc,ergo        ] GC(28425) Adaptive CSet Selection. Target Free: 290M, Actual Free: 103M, Max CSet: 87381K, Min Garbage: 187M
[456.428s][info ][gc,ergo        ] GC(28425) Collectable Garbage: 0B (0%), Immediate: 0B (0%), CSet: 0B (0%)
[456.430s][info ][gc,ergo        ] GC(28425) Bad progress for free space: 1024K, need 20971K
[456.430s][info ][gc             ] GC(28425) Cancelling GC: Upgrade To Full GC
[456.431s][info ][gc,phases,start] GC(28425) Phase 1: Mark live objects
[456.431s][info ][gc,ref         ] GC(28425) Clearing All SoftReferences
[456.431s][info ][gc,ref         ] GC(28425) Clearing All SoftReferences
[456.432s][info ][gc,ref         ] GC(28425) Encountered references: Soft: 7, Weak: 34, Final: 0, Phantom: 1
[456.432s][info ][gc,ref         ] GC(28425) Discovered  references: Soft: 4, Weak: 9, Final: 0, Phantom: 1
[456.432s][info ][gc,ref         ] GC(28425) Enqueued    references: Soft: 0, Weak: 0, Final: 0, Phantom: 0
[456.432s][debug][gc,phases,start] GC(28425) ClassLoaderData
[456.432s][debug][gc,phases      ] GC(28425) ClassLoaderData 0.012ms
[456.432s][debug][gc,phases,start] GC(28425) Trigger cleanups
[456.432s][debug][gc,phases      ] GC(28425) Trigger cleanups 0.005ms
[456.432s][info ][gc,phases      ] GC(28425) Phase 1: Mark live objects 0.978ms
[456.432s][info ][gc,phases,start] GC(28425) Phase 2: Compute new object addresses
[456.433s][info ][gc,phases      ] GC(28425) Phase 2: Compute new object addresses 0.394ms
[456.433s][info ][gc,phases,start] GC(28425) Phase 3: Adjust pointers
[456.434s][info ][gc,phases      ] GC(28425) Phase 3: Adjust pointers 0.982ms
[456.434s][info ][gc,phases,start] GC(28425) Phase 4: Move objects
[456.435s][info ][gc,phases      ] GC(28425) Phase 4: Move objects 1.736ms
[456.435s][info ][gc,ergo        ] GC(28425) Bad progress for free space: 1520K, need 20971K
[456.435s][info ][gc             ] GC(28425) Pause Degenerated GC (Outside of Cycle) 1062M->1062M(2048M) 9.283ms
[456.436s][debug][gc,ergo        ] GC(28425) Margin of error now 3.29
[456.436s][debug][gc,ergo        ] GC(28425) Spike threshold now: 0.32
[456.436s][info ][gc,ergo        ] Free: 1520K, Max: 1024K regular, 1024K humongous, Frag: 0% external, 25% internal; Reserve: 102M, Max: 1024K
[456.436s][info ][gc,stats       ] 
[456.436s][info ][gc,stats       ] All times are wall-clock times, except per-root-class counters, that are sum over
[456.436s][info ][gc,stats       ] all workers. Dividing the <total> over the root stage time estimates parallelism.
[456.436s][info ][gc,stats       ] 
[456.436s][info ][gc,stats       ] Pause Degenerated GC (G)           9375 us
[456.436s][info ][gc,stats       ] Pause Degenerated GC (N)           9288 us
[456.436s][info ][gc             ] Failed to allocate Shared, 1024K
[456.436s][info ][gc             ] Cancelling GC: Allocation Failure
[456.436s][info ][gc,stats       ]   Degen STW Mark                    568 us, parallelism: 5.17x
[456.436s][info ][gc,stats       ]     DSM: <total>                   2939 us
[456.436s][info ][gc,stats       ]     DSM: Thread Roots               102 us, workers (us):  53,  22,  14,   8,   2,   1,   1,   0, 
[456.436s][info ][gc,stats       ]     DSM: VM Strong Roots              4 us, workers (us):   1,   0,   1,   0,   1,   0,   0,   0, 
[456.436s][info ][gc,stats       ]     DSM: CLDG Roots                  20 us, workers (us):   0,  17,   1,   0,   1,   1,   1,   0, 
[456.436s][info ][gc,stats       ]     DSM: Parallel Mark             2813 us, workers (us): 358, 371, 395, 375, 385, 356, 289, 284, 
[456.436s][info ][gc,stats       ]     System Purge                    426 us
[456.436s][info ][gc,stats       ]       Weak References               137 us, parallelism: 0.02x
[456.436s][info ][gc,stats       ]         WRP: <total>                  2 us
[456.436s][info ][gc,stats       ]         WRP: Weak References          2 us, workers (us):   2,   0,   0,   0,   0,   0,   0,   0, 
[456.436s][info ][gc,stats       ]       Unload Classes                164 us, parallelism: 0.86x
[456.436s][info ][gc,stats       ]         DCU: <total>                141 us
[456.436s][info ][gc,stats       ]         DCU: Unload Code Caches      141 us, workers (us):  62,  47,  32,   0,   0,   0,   0,   0, 
[456.436s][info ][gc,stats       ]       Weak Roots                    123 us, parallelism: 0.26x
[456.436s][info ][gc,stats       ]         DWR: <total>                 32 us
[456.436s][info ][gc,stats       ]         DWR: VM Weak Roots           32 us, workers (us):  27,   0,   0,   1,   1,   1,   1,   1, 
[456.436s][info ][gc,stats       ]       CLDG                            1 us
[456.436s][info ][gc,stats       ]   Update Region States              115 us
[456.436s][info ][gc,stats       ]   Manage GC/TLABs                     3 us
[456.436s][info ][gc,stats       ]   Choose Collection Set              32 us
[456.436s][info ][gc,stats       ]   Rebuild Free Set                   12 us
[456.436s][info ][gc,stats       ]   Evacuation                        450 us
[456.436s][info ][gc,stats       ]   Manage GCLABs                       3 us
[456.436s][info ][gc,stats       ]   Update References                1281 us
[456.436s][info ][gc,stats       ]   Update Region States              103 us
[456.436s][info ][gc,stats       ]   Trash Collection Set                3 us
[456.436s][info ][gc,stats       ]   Rebuild Free Set                   11 us
[456.436s][info ][gc,stats       ]   Degen Update Roots                237 us, parallelism: 1.42x
[456.436s][info ][gc,stats       ]     DU: <total>                     337 us
[456.436s][info ][gc,stats       ]     DU: Thread Roots                109 us, workers (us):  19,  35,   1,  34,  11,   8,   0,   0, 
[456.436s][info ][gc,stats       ]     DU: Code Cache Roots            153 us, workers (us):   0,   0, 152,   0,   0,   0,   0,   0, 
[456.436s][info ][gc,stats       ]     DU: VM Strong Roots               8 us, workers (us):   7,   0,   0,   0,   0,   0,   0,   0, 
[456.436s][info ][gc,stats       ]     DU: VM Weak Roots                39 us, workers (us):  19,  13,   5,   0,   1,   0,   0,   0, 
[456.436s][info ][gc,stats       ]     DU: CLDG Roots                   28 us, workers (us):  21,   3,   3,   1,   1,   0,   0,   0, 
[456.436s][info ][gc,stats       ]   Cleanup                            95 us
[456.436s][info ][gc,stats       ]   Pre Heap Dump                       1 us
[456.436s][info ][gc,stats       ]   Prepare                          1070 us
[456.436s][info ][gc,stats       ]   Mark                              924 us, parallelism: 3.16x
[456.436s][info ][gc,stats       ]     FM: <total>                    2921 us
[456.436s][info ][gc,stats       ]     FM: Thread Roots                 80 us, workers (us):  38,  21,  16,   1,   1,   0,   1,   1, 
[456.436s][info ][gc,stats       ]     FM: VM Strong Roots               4 us, workers (us):   0,   1,   1,   0,   0,   0,   0,   0, 
[456.436s][info ][gc,stats       ]     FM: CLDG Roots                   22 us, workers (us):  19,   0,   1,   0,   0,   0,   0,   1, 
[456.436s][info ][gc,stats       ]     FM: Parallel Mark              2815 us, workers (us): 357, 374, 367, 380, 357, 353, 337, 290, 
[456.436s][info ][gc,stats       ]     System Purge                    390 us
[456.436s][info ][gc,stats       ]       Weak References               142 us, parallelism: 0.01x
[456.436s][info ][gc,stats       ]         WRP: <total>                  2 us
[456.436s][info ][gc,stats       ]         WRP: Weak References          2 us, workers (us):   1,   0,   0,   0,   0,   0,   0,   0, 
[456.436s][info ][gc,stats       ]       Unload Classes                131 us, parallelism: 1.07x
[456.436s][info ][gc,stats       ]         CU: <total>                 140 us
[456.436s][info ][gc,stats       ]         CU: Unload Code Caches      140 us, workers (us):  63,  38,  16,  15,   7,   0,   0,   0, 
[456.436s][info ][gc,stats       ]       Weak Roots                    113 us, parallelism: 0.19x
[456.436s][info ][gc,stats       ]         WR: <total>                  21 us
[456.436s][info ][gc,stats       ]         WR: VM Weak Roots            21 us, workers (us):  16,   1,   0,   1,   1,   1,   1,   1, 
[456.436s][info ][gc,stats       ]       CLDG                            1 us
[456.436s][info ][gc,stats       ]   Calculate Addresses               389 us
[456.436s][info ][gc,stats       ]     Regular Objects                 262 us
[456.436s][info ][gc,stats       ]     Humongous Objects                80 us
[456.436s][info ][gc,stats       ]   Adjust Pointers                   977 us
[456.436s][info ][gc,stats       ]     FA: <total>                     176 us
[456.436s][info ][gc,stats       ]     FA: Thread Roots                 37 us, workers (us):  22,   0,   9,   5,   0,   0,   0,   0, 
[456.436s][info ][gc,stats       ]     FA: Code Cache Roots            104 us, workers (us):   0, 103,   0,   0,   0,   0,   0,   0, 
[456.436s][info ][gc,stats       ]     FA: VM Strong Roots               3 us, workers (us):   2,   0,   0,   0,   0,   0,   0,   0, 
[456.436s][info ][gc,stats       ]     FA: VM Weak Roots                22 us, workers (us):  14,   6,   0,   0,   0,   0,   0,   1, 
[456.436s][info ][gc,stats       ]     FA: CLDG Roots                    9 us, workers (us):   7,   1,   0,   0,   0,   0,   0,   0, 
[456.436s][info ][gc,stats       ]   Copy Objects                     1731 us
[456.436s][info ][gc,stats       ]     Regular Objects                 331 us
[456.436s][info ][gc,stats       ]     Humongous Objects                33 us
[456.436s][info ][gc,stats       ]     Reset Complete Bitmap          1321 us
[456.436s][info ][gc,stats       ]     Rebuild Region Sets              44 us
[456.436s][info ][gc,stats       ]   Post Heap Dump                      1 us
[456.436s][info ][gc,stats       ] 
[456.436s][info ][gc,stats       ] Allocation pacing accrued:
[456.436s][info ][gc,stats       ]       0 of    11 ms (  0.0%): <total>
[456.436s][info ][gc,stats       ]       0 of    11 ms (  0.0%): <average total>
[456.436s][info ][gc,stats       ] 
[456.436s][info ][gc,metaspace   ] Metaspace: 253K(448K)->253K(448K) NonClass: 247K(320K)->247K(320K) Class: 5K(128K)->5K(128K)
[456.436s][info ][gc,ergo        ] Pacer for Idle. Initial: 41943K, Alloc Tax Rate: 1.0x
[456.437s][info ][gc             ] Trigger: Handle Allocation Failure
[456.437s][info ][gc,ergo        ] Free: 1520K, Max: 1024K regular, 1024K humongous, Frag: 0% external, 25% internal; Reserve: 102M, Max: 1024K
[456.437s][info ][gc,start       ] GC(28426) Pause Degenerated GC (Outside of Cycle)
[456.437s][info ][gc,task        ] GC(28426) Using 8 of 8 workers for stw degenerated gc
[456.438s][info ][gc,ref         ] GC(28426) Clearing All SoftReferences
[456.438s][info ][gc,ref         ] GC(28426) Encountered references: Soft: 7, Weak: 34, Final: 0, Phantom: 1
[456.438s][info ][gc,ref         ] GC(28426) Discovered  references: Soft: 4, Weak: 1, Final: 0, Phantom: 0
[456.438s][info ][gc,ref         ] GC(28426) Enqueued    references: Soft: 0, Weak: 0, Final: 0, Phantom: 0
[456.438s][debug][gc,phases,start] GC(28426) ClassLoaderData
[456.438s][debug][gc,phases      ] GC(28426) ClassLoaderData 0.034ms
[456.438s][debug][gc,phases,start] GC(28426) Trigger cleanups
[456.438s][debug][gc,phases      ] GC(28426) Trigger cleanups 0.006ms
[456.439s][info ][gc,ergo        ] GC(28426) Adaptive CSet Selection. Target Free: 290M, Actual Free: 103M, Max CSet: 87381K, Min Garbage: 187M
[456.439s][info ][gc,ergo        ] GC(28426) Collectable Garbage: 0B (0%), Immediate: 0B (0%), CSet: 0B (0%)
[456.441s][info ][gc,ergo        ] GC(28426) Bad progress for free space: 1024K, need 20971K
[456.441s][info ][gc             ] GC(28426) Cancelling GC: Upgrade To Full GC
[456.443s][info ][gc,phases,start] GC(28426) Phase 1: Mark live objects
[456.443s][info ][gc,ref         ] GC(28426) Clearing All SoftReferences
[456.443s][info ][gc,ref         ] GC(28426) Clearing All SoftReferences
[456.444s][info ][gc,ref         ] GC(28426) Encountered references: Soft: 7, Weak: 34, Final: 0, Phantom: 1
[456.444s][info ][gc,ref         ] GC(28426) Discovered  references: Soft: 4, Weak: 3, Final: 0, Phantom: 1
[456.444s][info ][gc,ref         ] GC(28426) Enqueued    references: Soft: 0, Weak: 0, Final: 0, Phantom: 0
[456.444s][debug][gc,phases,start] GC(28426) ClassLoaderData
[456.444s][debug][gc,phases      ] GC(28426) ClassLoaderData 0.012ms
[456.444s][debug][gc,phases,start] GC(28426) Trigger cleanups
[456.444s][debug][gc,phases      ] GC(28426) Trigger cleanups 0.003ms
[456.444s][info ][gc,phases      ] GC(28426) Phase 1: Mark live objects 0.988ms
[456.444s][info ][gc,phases,start] GC(28426) Phase 2: Compute new object addresses
[456.444s][info ][gc,phases      ] GC(28426) Phase 2: Compute new object addresses 0.437ms
[456.444s][info ][gc,phases,start] GC(28426) Phase 3: Adjust pointers
[456.445s][info ][gc,phases      ] GC(28426) Phase 3: Adjust pointers 1.142ms
[456.445s][info ][gc,phases,start] GC(28426) Phase 4: Move objects
[456.447s][info ][gc,phases      ] GC(28426) Phase 4: Move objects 1.927ms
[456.448s][info ][gc,ergo        ] GC(28426) Bad progress for free space: 1520K, need 20971K
[456.448s][info ][gc             ] GC(28426) Pause Degenerated GC (Outside of Cycle) 1062M->1062M(2048M) 10.231ms
[456.448s][debug][gc,ergo        ] GC(28426) Margin of error now 3.29
[456.448s][debug][gc,ergo        ] GC(28426) Spike threshold now: 0.32
[456.448s][info ][gc,ergo        ] Free: 1520K, Max: 1024K regular, 1024K humongous, Frag: 0% external, 25% internal; Reserve: 102M, Max: 1024K
[456.448s][info ][gc,stats       ] 
[456.448s][info ][gc,stats       ] All times are wall-clock times, except per-root-class counters, that are sum over
[456.448s][info ][gc,stats       ] all workers. Dividing the <total> over the root stage time estimates parallelism.
[456.448s][info ][gc,stats       ] 
[456.448s][info ][gc,stats       ] Pause Degenerated GC (G)          10314 us
[456.448s][info ][gc,stats       ] Pause Degenerated GC (N)          10237 us
[456.448s][info ][gc             ] Failed to allocate Shared, 1024K
[456.448s][info ][gc             ] Cancelling GC: Allocation Failure
[456.448s][info ][gc,stats       ]   Degen STW Mark                    492 us, parallelism: 5.92x
[456.448s][info ][gc,stats       ]     DSM: <total>                   2911 us
[456.448s][info ][gc,stats       ]     DSM: Thread Roots                54 us, workers (us):  32,  15,   3,   1,   0,   1,   1,   1, 
[456.448s][info ][gc,stats       ]     DSM: VM Strong Roots              3 us, workers (us):   1,   0,   1,   0,   0,   0,   0,   0, 
[456.448s][info ][gc,stats       ]     DSM: CLDG Roots                  27 us, workers (us):   0,  24,   0,   1,   0,   0,   1,   0, 
[456.448s][info ][gc,stats       ]     DSM: Parallel Mark             2828 us, workers (us): 385, 332, 375, 381, 369, 352, 358, 276, 
[456.448s][info ][gc,stats       ]     System Purge                    486 us
[456.448s][info ][gc,stats       ]       Weak References               133 us, parallelism: 0.01x
[456.448s][info ][gc,stats       ]         WRP: <total>                  2 us
[456.448s][info ][gc,stats       ]         WRP: Weak References          2 us, workers (us):   1,   0,   0,   0,   0,   0,   0,   0, 
[456.448s][info ][gc,stats       ]       Unload Classes                203 us, parallelism: 0.63x
[456.448s][info ][gc,stats       ]         DCU: <total>                128 us
[456.448s][info ][gc,stats       ]         DCU: Unload Code Caches      128 us, workers (us):  50,  26,  17,  20,  15,   0,   0,   0, 
[456.448s][info ][gc,stats       ]       Weak Roots                    148 us, parallelism: 0.14x
[456.448s][info ][gc,stats       ]         DWR: <total>                 21 us
[456.448s][info ][gc,stats       ]         DWR: VM Weak Roots           21 us, workers (us):  12,   3,   1,   1,   1,   1,   1,   1, 
[456.448s][info ][gc,stats       ]       CLDG                            1 us
[456.448s][info ][gc,stats       ]   Update Region States              129 us
[456.448s][info ][gc,stats       ]   Manage GC/TLABs                     3 us
[456.448s][info ][gc,stats       ]   Choose Collection Set              56 us
[456.448s][info ][gc,stats       ]   Rebuild Free Set                   14 us
[456.448s][info ][gc,stats       ]   Evacuation                        415 us
[456.448s][info ][gc,stats       ]   Manage GCLABs                       3 us
[456.448s][info ][gc,stats       ]   Update References                1393 us
[456.448s][info ][gc,stats       ]   Update Region States              154 us
[456.448s][info ][gc,stats       ]   Trash Collection Set                3 us
[456.448s][info ][gc,stats       ]   Rebuild Free Set                   16 us
[456.448s][info ][gc,stats       ]   Degen Update Roots                252 us, parallelism: 1.13x
[456.448s][info ][gc,stats       ]     DU: <total>                     283 us
[456.448s][info ][gc,stats       ]     DU: Thread Roots                 85 us, workers (us):  29,   0,  33,  18,   4,   0,   0,   0, 
[456.448s][info ][gc,stats       ]     DU: Code Cache Roots            146 us, workers (us):   0, 145,   1,   0,   0,   0,   0,   0, 
[456.448s][info ][gc,stats       ]     DU: VM Strong Roots               6 us, workers (us):   5,   0,   0,   0,   0,   0,   0,   0, 
[456.448s][info ][gc,stats       ]     DU: VM Weak Roots                29 us, workers (us):  17,  10,   0,   1,   0,   0,   0,   0, 
[456.448s][info ][gc,stats       ]     DU: CLDG Roots                   16 us, workers (us):  13,   1,   0,   1,   0,   0,   0,   0, 
[456.448s][info ][gc,stats       ]   Cleanup                           101 us
[456.448s][info ][gc,stats       ]   Pre Heap Dump                       1 us
[456.448s][info ][gc,stats       ]   Prepare                          1349 us
[456.448s][info ][gc,stats       ]   Mark                              901 us, parallelism: 3.26x
[456.448s][info ][gc,stats       ]     FM: <total>                    2935 us
[456.448s][info ][gc,stats       ]     FM: Thread Roots                 93 us, workers (us):  46,  31,  12,   1,   1,   1,   0,   0, 
[456.448s][info ][gc,stats       ]     FM: VM Strong Roots               4 us, workers (us):   1,   0,   2,   0,   0,   0,   0,   0, 
[456.448s][info ][gc,stats       ]     FM: CLDG Roots                   19 us, workers (us):   0,  16,   0,   1,   0,   1,   0,   0, 
[456.448s][info ][gc,stats       ]     FM: Parallel Mark              2819 us, workers (us): 373, 364, 368, 348, 360, 345, 335, 326, 
[456.448s][info ][gc,stats       ]     System Purge                    370 us
[456.448s][info ][gc,stats       ]       Weak References               147 us, parallelism: 0.01x
[456.448s][info ][gc,stats       ]         WRP: <total>                  2 us
[456.448s][info ][gc,stats       ]         WRP: Weak References          2 us, workers (us):   1,   0,   0,   0,   0,   0,   0,   0, 
[456.448s][info ][gc,stats       ]       Unload Classes                120 us, parallelism: 1.54x
[456.448s][info ][gc,stats       ]         CU: <total>                 184 us
[456.448s][info ][gc,stats       ]         CU: Unload Code Caches      184 us, workers (us):  57,  44,  33,  33,  17,   0,   0,   0, 
[456.448s][info ][gc,stats       ]       Weak Roots                    102 us, parallelism: 0.22x
[456.448s][info ][gc,stats       ]         WR: <total>                  22 us
[456.448s][info ][gc,stats       ]         WR: VM Weak Roots            22 us, workers (us):  15,   1,   1,   1,   1,   1,   1,   1, 
[456.448s][info ][gc,stats       ]       CLDG                            0 us
[456.448s][info ][gc,stats       ]   Calculate Addresses               431 us
[456.448s][info ][gc,stats       ]     Regular Objects                 307 us
[456.448s][info ][gc,stats       ]     Humongous Objects                82 us
[456.448s][info ][gc,stats       ]   Adjust Pointers                  1136 us
[456.448s][info ][gc,stats       ]     FA: <total>                     205 us
[456.448s][info ][gc,stats       ]     FA: Thread Roots                 30 us, workers (us):   1,  19,   8,   1,   0,   0,   0,   0, 
[456.448s][info ][gc,stats       ]     FA: Code Cache Roots            131 us, workers (us): 131,   0,   0,   0,   0,   0,   0,   0, 
[456.448s][info ][gc,stats       ]     FA: VM Strong Roots               3 us, workers (us):   2,   0,   0,   0,   0,   0,   0,   0, 
[456.448s][info ][gc,stats       ]     FA: VM Weak Roots                17 us, workers (us):  14,   0,   0,   0,   1,   0,   0,   0, 
[456.448s][info ][gc,stats       ]     FA: CLDG Roots                   25 us, workers (us):  23,   0,   0,   0,   0,   0,   0,   0, 
[456.448s][info ][gc,stats       ]   Copy Objects                     1912 us
[456.448s][info ][gc,stats       ]     Regular Objects                 371 us
[456.448s][info ][gc,stats       ]     Humongous Objects                30 us
[456.448s][info ][gc,stats       ]     Reset Complete Bitmap          1464 us
[456.448s][info ][gc,stats       ]     Rebuild Region Sets              47 us
[456.448s][info ][gc,stats       ]   Post Heap Dump                      1 us
[456.448s][info ][gc,stats       ] 
[456.448s][info ][gc,stats       ] Allocation pacing accrued:
[456.448s][info ][gc,stats       ]       0 of    12 ms (  0.0%): <total>
[456.448s][info ][gc,stats       ]       0 of    12 ms (  0.0%): <average total>
[456.448s][info ][gc,stats       ] 
[456.448s][info ][gc,metaspace   ] Metaspace: 253K(448K)->253K(448K) NonClass: 247K(320K)->247K(320K) Class: 5K(128K)->5K(128K)
[456.448s][info ][gc,ergo        ] Pacer for Idle. Initial: 41943K, Alloc Tax Rate: 1.0x
[456.450s][info ][gc             ] Trigger: Handle Allocation Failure
[456.450s][info ][gc,ergo        ] Free: 1520K, Max: 1024K regular, 1024K humongous, Frag: 0% external, 25% internal; Reserve: 102M, Max: 1024K
[456.450s][info ][gc,start       ] GC(28427) Pause Degenerated GC (Outside of Cycle)
[456.450s][info ][gc,task        ] GC(28427) Using 8 of 8 workers for stw degenerated gc
[456.450s][info ][gc,ref         ] GC(28427) Clearing All SoftReferences
[456.451s][info ][gc,ref         ] GC(28427) Encountered references: Soft: 7, Weak: 34, Final: 0, Phantom: 1
[456.451s][info ][gc,ref         ] GC(28427) Discovered  references: Soft: 4, Weak: 9, Final: 0, Phantom: 1
[456.451s][info ][gc,ref         ] GC(28427) Enqueued    references: Soft: 0, Weak: 0, Final: 0, Phantom: 0
[456.451s][debug][gc,phases,start] GC(28427) ClassLoaderData
[456.451s][debug][gc,phases      ] GC(28427) ClassLoaderData 0.010ms
[456.451s][debug][gc,phases,start] GC(28427) Trigger cleanups
[456.451s][debug][gc,phases      ] GC(28427) Trigger cleanups 0.005ms
[456.451s][info ][gc,ergo        ] GC(28427) Adaptive CSet Selection. Target Free: 290M, Actual Free: 103M, Max CSet: 87381K, Min Garbage: 187M
[456.451s][info ][gc,ergo        ] GC(28427) Collectable Garbage: 0B (0%), Immediate: 0B (0%), CSet: 0B (0%)
[456.454s][info ][gc,ergo        ] GC(28427) Bad progress for free space: 1024K, need 20971K
[456.454s][info ][gc             ] GC(28427) Cancelling GC: Upgrade To Full GC
[456.455s][info ][gc,phases,start] GC(28427) Phase 1: Mark live objects
[456.455s][info ][gc,ref         ] GC(28427) Clearing All SoftReferences
[456.455s][info ][gc,ref         ] GC(28427) Clearing All SoftReferences
[456.455s][info ][gc,ref         ] GC(28427) Encountered references: Soft: 7, Weak: 34, Final: 0, Phantom: 1
[456.455s][info ][gc,ref         ] GC(28427) Discovered  references: Soft: 4, Weak: 4, Final: 0, Phantom: 1
[456.455s][info ][gc,ref         ] GC(28427) Enqueued    references: Soft: 0, Weak: 0, Final: 0, Phantom: 0
[456.455s][debug][gc,phases,start] GC(28427) ClassLoaderData
[456.455s][debug][gc,phases      ] GC(28427) ClassLoaderData 0.012ms
[456.456s][debug][gc,phases,start] GC(28427) Trigger cleanups
[456.456s][debug][gc,phases      ] GC(28427) Trigger cleanups 0.003ms
[456.456s][info ][gc,phases      ] GC(28427) Phase 1: Mark live objects 1.078ms
[456.456s][info ][gc,phases,start] GC(28427) Phase 2: Compute new object addresses
[456.456s][info ][gc,phases      ] GC(28427) Phase 2: Compute new object addresses 0.494ms
[456.456s][info ][gc,phases,start] GC(28427) Phase 3: Adjust pointers
[456.457s][info ][gc,phases      ] GC(28427) Phase 3: Adjust pointers 1.069ms
[456.457s][info ][gc,phases,start] GC(28427) Phase 4: Move objects
[456.460s][info ][gc,phases      ] GC(28427) Phase 4: Move objects 3.235ms
[456.461s][info ][gc,ergo        ] GC(28427) Bad progress for free space: 1520K, need 20971K
[456.461s][info ][gc             ] GC(28427) Pause Degenerated GC (Outside of Cycle) 1062M->1062M(2048M) 10.955ms
[456.461s][debug][gc,ergo        ] GC(28427) Margin of error now 3.29
[456.461s][debug][gc,ergo        ] GC(28427) Spike threshold now: 0.32
[456.461s][info ][gc,ergo        ] Free: 1520K, Max: 1024K regular, 1024K humongous, Frag: 0% external, 25% internal; Reserve: 102M, Max: 1024K
[456.461s][info ][gc,stats       ] 
[456.461s][info ][gc,stats       ] All times are wall-clock times, except per-root-class counters, that are sum over
[456.461s][info ][gc,stats       ] all workers. Dividing the <total> over the root stage time estimates parallelism.
[456.461s][info ][gc,stats       ] 
[456.461s][info ][gc             ] Failed to allocate Shared, 1024K
[456.461s][info ][gc             ] Cancelling GC: Allocation Failure
[456.461s][info ][gc,stats       ] Pause Degenerated GC (G)          11081 us
[456.461s][info ][gc,stats       ] Pause Degenerated GC (N)          10960 us
[456.461s][info ][gc,stats       ]   Degen STW Mark                    538 us, parallelism: 4.86x
[456.461s][info ][gc,stats       ]     DSM: <total>                   2612 us
[456.461s][info ][gc,stats       ]     DSM: Thread Roots                52 us, workers (us):  25,  20,   3,   1,   1,   1,   1,   1, 
[456.461s][info ][gc,stats       ]     DSM: VM Strong Roots              3 us, workers (us):   0,   1,   1,   0,   0,   0,   0,   0, 
[456.461s][info ][gc,stats       ]     DSM: CLDG Roots                  17 us, workers (us):  14,   0,   1,   0,   0,   1,   0,   0, 
[456.461s][info ][gc,stats       ]     DSM: Parallel Mark             2540 us, workers (us): 361, 384, 336, 342, 362, 270, 298, 187, 
[456.461s][info ][gc,stats       ]     System Purge                    403 us
[456.461s][info ][gc,stats       ]       Weak References               151 us, parallelism: 0.02x
[456.461s][info ][gc,stats       ]         WRP: <total>                  2 us
[456.461s][info ][gc,stats       ]         WRP: Weak References          2 us, workers (us):   2,   0,   0,   0,   0,   0,   0,   0, 
[456.461s][info ][gc,stats       ]       Unload Classes                131 us, parallelism: 1.13x
[456.461s][info ][gc,stats       ]         DCU: <total>                148 us
[456.461s][info ][gc,stats       ]         DCU: Unload Code Caches      148 us, workers (us):  44,  39,  39,  25,   0,   0,   0,   0, 
[456.461s][info ][gc,stats       ]       Weak Roots                    120 us, parallelism: 0.18x
[456.461s][info ][gc,stats       ]         DWR: <total>                 22 us
[456.461s][info ][gc,stats       ]         DWR: VM Weak Roots           22 us, workers (us):  15,   3,   1,   1,   1,   1,   0,   1, 
[456.461s][info ][gc,stats       ]       CLDG                            1 us
[456.461s][info ][gc,stats       ]   Update Region States              135 us
[456.461s][info ][gc,stats       ]   Manage GC/TLABs                     8 us
[456.461s][info ][gc,stats       ]   Choose Collection Set              28 us
[456.461s][info ][gc,stats       ]   Rebuild Free Set                   13 us
[456.461s][info ][gc,stats       ]   Evacuation                        443 us
[456.461s][info ][gc,stats       ]   Manage GCLABs                       3 us
[456.461s][info ][gc,stats       ]   Update References                1383 us
[456.461s][info ][gc,stats       ]   Update Region States              106 us
[456.461s][info ][gc,stats       ]   Trash Collection Set                2 us
[456.461s][info ][gc,stats       ]   Rebuild Free Set                   17 us
[456.461s][info ][gc,stats       ]   Degen Update Roots                287 us, parallelism: 1.12x
[456.461s][info ][gc,stats       ]     DU: <total>                     320 us
[456.461s][info ][gc,stats       ]     DU: Thread Roots                 85 us, workers (us):   1,  22,  32,  23,   8,   1,   0,   0, 
[456.461s][info ][gc,stats       ]     DU: Code Cache Roots            184 us, workers (us): 184,   0,   0,   0,   0,   0,   0,   0, 
[456.461s][info ][gc,stats       ]     DU: VM Strong Roots               5 us, workers (us):   4,   0,   0,   0,   0,   0,   0,   0, 
[456.461s][info ][gc,stats       ]     DU: VM Weak Roots                27 us, workers (us):  13,  12,   1,   1,   0,   0,   0,   0, 
[456.461s][info ][gc,stats       ]     DU: CLDG Roots                   18 us, workers (us):   2,  14,   0,   1,   0,   0,   0,   0, 
[456.461s][info ][gc,stats       ]   Cleanup                            87 us
[456.461s][info ][gc,stats       ]   Pre Heap Dump                       1 us
[456.461s][info ][gc,stats       ]   Prepare                           856 us
[456.461s][info ][gc,stats       ]   Mark                             1030 us, parallelism: 3.48x
[456.461s][info ][gc,stats       ]     FM: <total>                    3584 us
[456.461s][info ][gc,stats       ]     FM: Thread Roots                117 us, workers (us):  60,  36,  13,   1,   1,   3,   1,   1, 
[456.461s][info ][gc,stats       ]     FM: VM Strong Roots               5 us, workers (us):   1,   0,   1,   2,   0,   0,   0,   0, 
[456.461s][info ][gc,stats       ]     FM: CLDG Roots                   28 us, workers (us):   1,  24,   1,   1,   1,   1,   0,   1, 
[456.461s][info ][gc,stats       ]     FM: Parallel Mark              3433 us, workers (us): 481, 451, 484, 465, 435, 398, 396, 322, 
[456.461s][info ][gc,stats       ]     System Purge                    355 us
[456.461s][info ][gc,stats       ]       Weak References               138 us, parallelism: 0.02x
[456.461s][info ][gc,stats       ]         WRP: <total>                  2 us
[456.461s][info ][gc,stats       ]         WRP: Weak References          2 us, workers (us):   2,   0,   0,   0,   0,   0,   0,   0, 
[456.461s][info ][gc,stats       ]       Unload Classes                119 us, parallelism: 1.62x
[456.461s][info ][gc,stats       ]         CU: <total>                 192 us
[456.461s][info ][gc,stats       ]         CU: Unload Code Caches      192 us, workers (us):  49,  53,  47,  27,  16,   0,   0,   0, 
[456.461s][info ][gc,stats       ]       Weak Roots                     94 us, parallelism: 0.27x
[456.461s][info ][gc,stats       ]         WR: <total>                  25 us
[456.461s][info ][gc,stats       ]         WR: VM Weak Roots            25 us, workers (us):  15,   5,   1,   1,   1,   1,   0,   1, 
[456.461s][info ][gc,stats       ]       CLDG                            1 us
[456.461s][info ][gc,stats       ]   Calculate Addresses               489 us
[456.461s][info ][gc,stats       ]     Regular Objects                 330 us
[456.461s][info ][gc,stats       ]     Humongous Objects                87 us
[456.461s][info ][gc,stats       ]   Adjust Pointers                  1063 us
[456.461s][info ][gc,stats       ]     FA: <total>                     202 us
[456.461s][info ][gc,stats       ]     FA: Thread Roots                 42 us, workers (us):   1,  39,   1,   0,   0,   0,   1,   0, 
[456.461s][info ][gc,stats       ]     FA: Code Cache Roots            134 us, workers (us): 133,   0,   1,   0,   0,   0,   0,   0, 
[456.461s][info ][gc,stats       ]     FA: VM Strong Roots               3 us, workers (us):   2,   0,   1,   0,   0,   0,   0,   0, 
[456.461s][info ][gc,stats       ]     FA: VM Weak Roots                14 us, workers (us):  11,   0,   2,   0,   0,   0,   0,   0, 
[456.461s][info ][gc,stats       ]     FA: CLDG Roots                    9 us, workers (us):   6,   0,   1,   0,   0,   0,   1,   0, 
[456.461s][info ][gc,stats       ]   Copy Objects                     3229 us
[456.461s][info ][gc,stats       ]     Regular Objects                 348 us
[456.461s][info ][gc,stats       ]     Humongous Objects                68 us
[456.461s][info ][gc,stats       ]     Reset Complete Bitmap          2775 us
[456.461s][info ][gc,stats       ]     Rebuild Region Sets              37 us
[456.461s][info ][gc,stats       ]   Post Heap Dump                      0 us
[456.461s][info ][gc,stats       ] 
[456.461s][info ][gc,stats       ] Allocation pacing accrued:
[456.461s][info ][gc,stats       ]       0 of    13 ms (  0.0%): <total>
[456.461s][info ][gc,stats       ]       0 of    13 ms (  0.0%): <average total>
[456.461s][info ][gc,stats       ] 
[456.461s][info ][gc,metaspace   ] Metaspace: 253K(448K)->253K(448K) NonClass: 247K(320K)->247K(320K) Class: 5K(128K)->5K(128K)
[456.461s][info ][gc,ergo        ] Pacer for Idle. Initial: 41943K, Alloc Tax Rate: 1.0x
[456.462s][info ][gc             ] Trigger: Handle Allocation Failure
[456.462s][info ][gc,ergo        ] Free: 1520K, Max: 1024K regular, 1024K humongous, Frag: 0% external, 25% internal; Reserve: 102M, Max: 1024K
[456.462s][info ][gc,start       ] GC(28428) Pause Full
[456.462s][info ][gc,task        ] GC(28428) Using 8 of 8 workers for full gc
[456.463s][info ][gc,phases,start] GC(28428) Phase 1: Mark live objects
[456.463s][info ][gc,ref         ] GC(28428) Clearing All SoftReferences
[456.463s][info ][gc,ref         ] GC(28428) Clearing All SoftReferences
[456.463s][info ][gc,ref         ] GC(28428) Encountered references: Soft: 7, Weak: 34, Final: 0, Phantom: 1
[456.463s][info ][gc,ref         ] GC(28428) Discovered  references: Soft: 3, Weak: 2, Final: 0, Phantom: 1
[456.463s][info ][gc,ref         ] GC(28428) Enqueued    references: Soft: 0, Weak: 0, Final: 0, Phantom: 0
[456.463s][debug][gc,phases,start] GC(28428) ClassLoaderData
[456.463s][debug][gc,phases      ] GC(28428) ClassLoaderData 0.012ms
[456.463s][debug][gc,phases,start] GC(28428) Trigger cleanups
[456.463s][debug][gc,phases      ] GC(28428) Trigger cleanups 0.005ms
[456.464s][info ][gc,phases      ] GC(28428) Phase 1: Mark live objects 0.913ms
[456.464s][info ][gc,phases,start] GC(28428) Phase 2: Compute new object addresses
[456.464s][info ][gc,phases      ] GC(28428) Phase 2: Compute new object addresses 0.453ms
[456.464s][info ][gc,phases,start] GC(28428) Phase 3: Adjust pointers
[456.465s][info ][gc,phases      ] GC(28428) Phase 3: Adjust pointers 1.221ms
[456.465s][info ][gc,phases,start] GC(28428) Phase 4: Move objects
[456.468s][info ][gc,phases      ] GC(28428) Phase 4: Move objects 2.347ms
[456.468s][info ][gc,ergo        ] GC(28428) Bad progress for free space: 1520K, need 20971K
[456.468s][info ][gc             ] GC(28428) Pause Full 1062M->1062M(2048M) 5.404ms
[456.468s][debug][gc,ergo        ] GC(28428) Margin of error now 3.29
[456.468s][debug][gc,ergo        ] GC(28428) Spike threshold now: 0.32
[456.468s][info ][gc,ergo        ] Free: 1520K, Max: 1024K regular, 1024K humongous, Frag: 0% external, 25% internal; Reserve: 102M, Max: 1024K
[456.468s][info ][gc,stats       ] 
[456.468s][info ][gc,stats       ] All times are wall-clock times, except per-root-class counters, that are sum over
[456.468s][info ][gc,stats       ] all workers. Dividing the <total> over the root stage time estimates parallelism.
[456.468s][info ][gc,stats       ] 
[456.468s][info ][gc,stats       ] Pause Full GC (G)                  5779 us
[456.468s][info ][gc,stats       ] Pause Full GC (N)                  5411 us
[456.468s][info ][gc,stats       ]   Pre Heap Dump                       0 us
[456.468s][info ][gc,stats       ]   Prepare                           123 us
[456.468s][info ][gc,stats       ]   Mark                              900 us, parallelism: 3.08x
[456.468s][info ][gc,stats       ]     FM: <total>                    2773 us
[456.469s][info ][gc,stats       ]     FM: Thread Roots                 66 us, workers (us):  33,  23,   7,   1,   1,   1,   1,   0, 
[456.469s][info ][gc,stats       ]     FM: VM Strong Roots               3 us, workers (us):   2,   0,   1,   0,   0,   0,   0,   0, 
[456.469s][info ][gc,stats       ]     FM: CLDG Roots                   17 us, workers (us):   1,  14,   0,   0,   0,   0,   1,   0, 
[456.469s][info ][gc,stats       ]     FM: Parallel Mark              2687 us, workers (us): 336, 316, 350, 310, 381, 338, 338, 319, 
[456.469s][info ][gc,stats       ]     System Purge                    381 us
[456.469s][info ][gc,stats       ]       Weak References               137 us, parallelism: 0.02x
[456.469s][info ][gc,stats       ]         WRP: <total>                  2 us
[456.468s][info ][gc             ] Failed to allocate Shared, 1024K
[456.469s][info ][gc             ] Cancelling GC: Allocation Failure
[456.469s][info ][gc,stats       ]         WRP: Weak References          2 us, workers (us):   1,   0,   0,   0,   0,   0,   0,   0, 
[456.469s][info ][gc,stats       ]       Unload Classes                135 us, parallelism: 1.18x
[456.469s][info ][gc,stats       ]         CU: <total>                 159 us
[456.469s][info ][gc,stats       ]         CU: Unload Code Caches      159 us, workers (us):  59,  39,  29,  25,   7,   0,   0,   0, 
[456.469s][info ][gc,stats       ]       Weak Roots                    107 us, parallelism: 0.20x
[456.469s][info ][gc,stats       ]         WR: <total>                  22 us
[456.469s][info ][gc,stats       ]         WR: VM Weak Roots            22 us, workers (us):  14,   4,   1,   1,   1,   1,   0,   1, 
[456.469s][info ][gc,stats       ]       CLDG                            1 us
[456.469s][info ][gc,stats       ]   Calculate Addresses               448 us
[456.469s][info ][gc,stats       ]     Regular Objects                 293 us
[456.469s][info ][gc,stats       ]     Humongous Objects                90 us
[456.469s][info ][gc,stats       ]   Adjust Pointers                  1215 us
[456.469s][info ][gc,stats       ]     FA: <total>                     167 us
[456.469s][info ][gc,stats       ]     FA: Thread Roots                 26 us, workers (us):   1,  24,   0,   0,   0,   0,   1,   0, 
[456.469s][info ][gc,stats       ]     FA: Code Cache Roots            118 us, workers (us): 118,   0,   0,   0,   0,   0,   0,   0, 
[456.469s][info ][gc,stats       ]     FA: VM Strong Roots               2 us, workers (us):   1,   0,   0,   0,   0,   0,   0,   0, 
[456.469s][info ][gc,stats       ]     FA: VM Weak Roots                13 us, workers (us):  11,   0,   0,   0,   0,   0,   0,   0, 
[456.469s][info ][gc,stats       ]     FA: CLDG Roots                    8 us, workers (us):   7,   0,   0,   0,   0,   0,   0,   0, 
[456.469s][info ][gc,stats       ]   Copy Objects                     2342 us
[456.469s][info ][gc,stats       ]     Regular Objects                 458 us
[456.469s][info ][gc,stats       ]     Humongous Objects                36 us
[456.469s][info ][gc,stats       ]     Reset Complete Bitmap          1785 us
[456.469s][info ][gc,stats       ]     Rebuild Region Sets              61 us
[456.469s][info ][gc,stats       ]   Post Heap Dump                      1 us
[456.469s][info ][gc,stats       ] 
[456.469s][info ][gc,stats       ] Allocation pacing accrued:
[456.469s][info ][gc,stats       ]       0 of     8 ms (  0.0%): <total>
[456.469s][info ][gc,stats       ]       0 of     8 ms (  0.0%): <average total>
[456.469s][info ][gc,stats       ] 
[456.469s][info ][gc,metaspace   ] Metaspace: 253K(448K)->253K(448K) NonClass: 247K(320K)->247K(320K) Class: 5K(128K)->5K(128K)
[456.469s][info ][gc,ergo        ] Pacer for Idle. Initial: 41943K, Alloc Tax Rate: 1.0x
[456.470s][info ][gc             ] Trigger: Handle Allocation Failure
[456.470s][info ][gc,ergo        ] Free: 1520K, Max: 1024K regular, 1024K humongous, Frag: 0% external, 25% internal; Reserve: 102M, Max: 1024K
[456.470s][info ][gc,start       ] GC(28429) Pause Degenerated GC (Outside of Cycle)
[456.470s][info ][gc,task        ] GC(28429) Using 8 of 8 workers for stw degenerated gc
[456.470s][info ][gc,ref         ] GC(28429) Clearing All SoftReferences
[456.471s][info ][gc,ref         ] GC(28429) Encountered references: Soft: 7, Weak: 34, Final: 0, Phantom: 1
[456.471s][info ][gc,ref         ] GC(28429) Discovered  references: Soft: 4, Weak: 9, Final: 0, Phantom: 1
[456.471s][info ][gc,ref         ] GC(28429) Enqueued    references: Soft: 0, Weak: 0, Final: 0, Phantom: 0
[456.471s][debug][gc,phases,start] GC(28429) ClassLoaderData
[456.471s][debug][gc,phases      ] GC(28429) ClassLoaderData 0.011ms
[456.471s][debug][gc,phases,start] GC(28429) Trigger cleanups
[456.471s][debug][gc,phases      ] GC(28429) Trigger cleanups 0.005ms
[456.471s][info ][gc,ergo        ] GC(28429) Adaptive CSet Selection. Target Free: 290M, Actual Free: 103M, Max CSet: 87381K, Min Garbage: 187M
[456.471s][info ][gc,ergo        ] GC(28429) Collectable Garbage: 0B (0%), Immediate: 0B (0%), CSet: 0B (0%)
[456.474s][info ][gc,ergo        ] GC(28429) Bad progress for free space: 1024K, need 20971K
[456.474s][info ][gc             ] GC(28429) Cancelling GC: Upgrade To Full GC
[456.476s][info ][gc,phases,start] GC(28429) Phase 1: Mark live objects
[456.476s][info ][gc,ref         ] GC(28429) Clearing All SoftReferences
[456.476s][info ][gc,ref         ] GC(28429) Clearing All SoftReferences
[456.476s][info ][gc,ref         ] GC(28429) Encountered references: Soft: 7, Weak: 34, Final: 0, Phantom: 1
[456.476s][info ][gc,ref         ] GC(28429) Discovered  references: Soft: 4, Weak: 4, Final: 0, Phantom: 1
[456.476s][info ][gc,ref         ] GC(28429) Enqueued    references: Soft: 0, Weak: 0, Final: 0, Phantom: 0
[456.477s][debug][gc,phases,start] GC(28429) ClassLoaderData
[456.477s][debug][gc,phases      ] GC(28429) ClassLoaderData 0.010ms
[456.477s][debug][gc,phases,start] GC(28429) Trigger cleanups
[456.477s][debug][gc,phases      ] GC(28429) Trigger cleanups 0.003ms
[456.477s][info ][gc,phases      ] GC(28429) Phase 1: Mark live objects 1.159ms
[456.477s][info ][gc,phases,start] GC(28429) Phase 2: Compute new object addresses
[456.477s][info ][gc,phases      ] GC(28429) Phase 2: Compute new object addresses 0.475ms
[456.477s][info ][gc,phases,start] GC(28429) Phase 3: Adjust pointers
[456.478s][info ][gc,phases      ] GC(28429) Phase 3: Adjust pointers 1.103ms
[456.478s][info ][gc,phases,start] GC(28429) Phase 4: Move objects
[456.480s][info ][gc,phases      ] GC(28429) Phase 4: Move objects 1.899ms
[456.480s][info ][gc,ergo        ] GC(28429) Bad progress for free space: 1520K, need 20971K
[456.480s][info ][gc             ] GC(28429) Pause Degenerated GC (Outside of Cycle) 1062M->1062M(2048M) 10.403ms
[456.480s][debug][gc,ergo        ] GC(28429) Margin of error now 3.29
[456.480s][debug][gc,ergo        ] GC(28429) Spike threshold now: 0.32
[456.481s][info ][gc,ergo        ] Free: 1520K, Max: 1024K regular, 1024K humongous, Frag: 0% external, 25% internal; Reserve: 102M, Max: 1024K
[456.481s][info ][gc,stats       ] 
[456.481s][info ][gc,stats       ] All times are wall-clock times, except per-root-class counters, that are sum over
[456.481s][info ][gc,stats       ] all workers. Dividing the <total> over the root stage time estimates parallelism.
[456.481s][info ][gc,stats       ] 
[456.481s][info ][gc,stats       ] Pause Degenerated GC (G)          10495 us
[456.481s][info ][gc,stats       ] Pause Degenerated GC (N)          10411 us
[456.481s][info ][gc,stats       ]   Degen STW Mark                    486 us, parallelism: 4.48x
[456.481s][info ][gc             ] Failed to allocate Shared, 1024K
[456.481s][info ][gc             ] Cancelling GC: Allocation Failure
[456.481s][info ][gc,stats       ]     DSM: <total>                   2175 us
[456.481s][info ][gc,stats       ]     DSM: Thread Roots               134 us, workers (us):  83,  24,  21,   1,   1,   1,   1,   0, 
[456.481s][info ][gc,stats       ]     DSM: VM Strong Roots              4 us, workers (us):   0,   1,   2,   0,   0,   0,   0,   0, 
[456.481s][info ][gc,stats       ]     DSM: CLDG Roots                  36 us, workers (us):  33,   0,   0,   0,   0,   0,   0,   0, 
[456.481s][info ][gc,stats       ]     DSM: Parallel Mark             2001 us, workers (us): 292, 295, 298, 275, 240, 262, 246,  93, 
[456.481s][info ][gc,stats       ]     System Purge                    475 us
[456.481s][info ][gc,stats       ]       Weak References               162 us, parallelism: 0.01x
[456.481s][info ][gc,stats       ]         WRP: <total>                  2 us
[456.481s][info ][gc,stats       ]         WRP: Weak References          2 us, workers (us):   1,   0,   0,   0,   0,   0,   0,   0, 
[456.481s][info ][gc,stats       ]       Unload Classes                191 us, parallelism: 1.29x
[456.481s][info ][gc,stats       ]         DCU: <total>                247 us
[456.481s][info ][gc,stats       ]         DCU: Unload Code Caches      247 us, workers (us): 115,  47,  37,  35,  13,   0,   0,   0, 
[456.481s][info ][gc,stats       ]       Weak Roots                    120 us, parallelism: 0.17x
[456.481s][info ][gc,stats       ]         DWR: <total>                 21 us
[456.481s][info ][gc,stats       ]         DWR: VM Weak Roots           21 us, workers (us):  14,   1,   1,   1,   1,   1,   1,   0, 
[456.481s][info ][gc,stats       ]       CLDG                            1 us
[456.481s][info ][gc,stats       ]   Update Region States              102 us
[456.481s][info ][gc,stats       ]   Manage GC/TLABs                     3 us
[456.481s][info ][gc,stats       ]   Choose Collection Set              59 us
[456.481s][info ][gc,stats       ]   Rebuild Free Set                   13 us
[456.481s][info ][gc,stats       ]   Evacuation                        538 us
[456.481s][info ][gc,stats       ]   Manage GCLABs                       4 us
[456.481s][info ][gc,stats       ]   Update References                1637 us
[456.481s][info ][gc,stats       ]   Update Region States              137 us
[456.481s][info ][gc,stats       ]   Trash Collection Set                3 us
[456.481s][info ][gc,stats       ]   Rebuild Free Set                   19 us
[456.481s][info ][gc,stats       ]   Degen Update Roots                268 us, parallelism: 1.32x
[456.481s][info ][gc,stats       ]     DU: <total>                     354 us
[456.481s][info ][gc,stats       ]     DU: Thread Roots                109 us, workers (us):  32,   0,  61,   8,   7,   1,   0,   0, 
[456.481s][info ][gc,stats       ]     DU: Code Cache Roots            168 us, workers (us):   0, 167,   0,   0,   0,   0,   0,   0, 
[456.481s][info ][gc,stats       ]     DU: VM Strong Roots               7 us, workers (us):   5,   0,   0,   0,   0,   0,   0,   0, 
[456.481s][info ][gc,stats       ]     DU: VM Weak Roots                29 us, workers (us):  16,  10,   0,   1,   0,   1,   0,   0, 
[456.481s][info ][gc,stats       ]     DU: CLDG Roots                   41 us, workers (us):  36,   3,   0,   1,   1,   1,   0,   0, 
[456.481s][info ][gc,stats       ]   Cleanup                            90 us
[456.481s][info ][gc,stats       ]   Pre Heap Dump                       1 us
[456.481s][info ][gc,stats       ]   Prepare                          1110 us
[456.481s][info ][gc,stats       ]   Mark                             1088 us, parallelism: 3.33x
[456.481s][info ][gc,stats       ]     FM: <total>                    3621 us
[456.481s][info ][gc,stats       ]     FM: Thread Roots                134 us, workers (us):  60,  43,  13,  15,   1,   0,   1,   0, 
[456.481s][info ][gc,stats       ]     FM: VM Strong Roots               6 us, workers (us):   0,   2,   4,   0,   0,   0,   0,   0, 
[456.481s][info ][gc,stats       ]     FM: CLDG Roots                   36 us, workers (us):  32,   1,   0,   0,   1,   1,   0,   0, 
[456.481s][info ][gc,stats       ]     FM: Parallel Mark              3445 us, workers (us): 458, 481, 450, 432, 483, 380, 409, 351, 
[456.481s][info ][gc,stats       ]     System Purge                    415 us
[456.481s][info ][gc,stats       ]       Weak References               124 us, parallelism: 0.02x
[456.481s][info ][gc,stats       ]         WRP: <total>                  2 us
[456.481s][info ][gc,stats       ]         WRP: Weak References          2 us, workers (us):   2,   0,   0,   0,   0,   0,   0,   0, 
[456.481s][info ][gc,stats       ]       Unload Classes                155 us, parallelism: 1.38x
[456.481s][info ][gc,stats       ]         CU: <total>                 213 us
[456.481s][info ][gc,stats       ]         CU: Unload Code Caches      213 us, workers (us):  65,  68,  38,  27,  15,   0,   0,   0, 
[456.481s][info ][gc,stats       ]       Weak Roots                    132 us, parallelism: 0.24x
[456.481s][info ][gc,stats       ]         WR: <total>                  32 us
[456.481s][info ][gc,stats       ]         WR: VM Weak Roots            32 us, workers (us):  12,   6,   1,   1,   1,   1,   0,  10, 
[456.481s][info ][gc,stats       ]       CLDG                            1 us
[456.481s][info ][gc,stats       ]   Calculate Addresses               468 us
[456.481s][info ][gc,stats       ]     Regular Objects                 314 us
[456.481s][info ][gc,stats       ]     Humongous Objects               100 us
[456.481s][info ][gc,stats       ]   Adjust Pointers                  1097 us
[456.481s][info ][gc,stats       ]     FA: <total>                     187 us
[456.481s][info ][gc,stats       ]     FA: Thread Roots                 38 us, workers (us):   1,  20,  17,   0,   0,   1,   0,   0, 
[456.481s][info ][gc,stats       ]     FA: Code Cache Roots            117 us, workers (us): 116,   0,   0,   0,   0,   0,   0,   0, 
[456.481s][info ][gc,stats       ]     FA: VM Strong Roots               3 us, workers (us):   2,   0,   0,   0,   0,   0,   0,   0, 
[456.481s][info ][gc,stats       ]     FA: VM Weak Roots                20 us, workers (us):  14,   4,   0,   0,   0,   0,   0,   0, 
[456.481s][info ][gc,stats       ]     FA: CLDG Roots                    9 us, workers (us):   1,   7,   0,   0,   0,   0,   0,   0, 
[456.481s][info ][gc,stats       ]   Copy Objects                     1893 us
[456.481s][info ][gc,stats       ]     Regular Objects                 315 us
[456.481s][info ][gc,stats       ]     Humongous Objects                32 us
[456.481s][info ][gc,stats       ]     Reset Complete Bitmap          1510 us
[456.481s][info ][gc,stats       ]     Rebuild Region Sets              35 us
[456.481s][info ][gc,stats       ]   Post Heap Dump                      0 us
[456.481s][info ][gc,stats       ] 
[456.481s][info ][gc,stats       ] Allocation pacing accrued:
[456.481s][info ][gc,stats       ]       0 of    12 ms (  0.0%): <total>
[456.481s][info ][gc,stats       ]       0 of    12 ms (  0.0%): <average total>
[456.481s][info ][gc,stats       ] 
[456.481s][info ][gc,metaspace   ] Metaspace: 253K(448K)->253K(448K) NonClass: 247K(320K)->247K(320K) Class: 5K(128K)->5K(128K)
[456.481s][info ][gc,ergo        ] Pacer for Idle. Initial: 41943K, Alloc Tax Rate: 1.0x
[456.482s][info ][gc             ] Trigger: Handle Allocation Failure
[456.482s][info ][gc,ergo        ] Free: 1520K, Max: 1024K regular, 1024K humongous, Frag: 0% external, 25% internal; Reserve: 102M, Max: 1024K
[456.482s][info ][gc,start       ] GC(28430) Pause Degenerated GC (Outside of Cycle)
[456.482s][info ][gc,task        ] GC(28430) Using 8 of 8 workers for stw degenerated gc
[456.483s][info ][gc,ref         ] GC(28430) Clearing All SoftReferences
[456.483s][info ][gc,ref         ] GC(28430) Encountered references: Soft: 7, Weak: 34, Final: 0, Phantom: 1
[456.483s][info ][gc,ref         ] GC(28430) Discovered  references: Soft: 4, Weak: 1, Final: 0, Phantom: 0
[456.483s][info ][gc,ref         ] GC(28430) Enqueued    references: Soft: 0, Weak: 0, Final: 0, Phantom: 0
[456.483s][debug][gc,phases,start] GC(28430) ClassLoaderData
[456.483s][debug][gc,phases      ] GC(28430) ClassLoaderData 0.010ms
[456.483s][debug][gc,phases,start] GC(28430) Trigger cleanups
[456.483s][debug][gc,phases      ] GC(28430) Trigger cleanups 0.005ms
[456.483s][info ][gc,ergo        ] GC(28430) Adaptive CSet Selection. Target Free: 290M, Actual Free: 103M, Max CSet: 87381K, Min Garbage: 187M
[456.484s][info ][gc,ergo        ] GC(28430) Collectable Garbage: 0B (0%), Immediate: 0B (0%), CSet: 0B (0%)
[456.486s][info ][gc,ergo        ] GC(28430) Bad progress for free space: 1024K, need 20971K
[456.486s][info ][gc             ] GC(28430) Cancelling GC: Upgrade To Full GC
[456.487s][info ][gc,phases,start] GC(28430) Phase 1: Mark live objects
[456.487s][info ][gc,ref         ] GC(28430) Clearing All SoftReferences
[456.487s][info ][gc,ref         ] GC(28430) Clearing All SoftReferences
[456.487s][info ][gc,ref         ] GC(28430) Encountered references: Soft: 7, Weak: 34, Final: 0, Phantom: 1
[456.487s][info ][gc,ref         ] GC(28430) Discovered  references: Soft: 4, Weak: 9, Final: 0, Phantom: 1
[456.487s][info ][gc,ref         ] GC(28430) Enqueued    references: Soft: 0, Weak: 0, Final: 0, Phantom: 0
[456.488s][debug][gc,phases,start] GC(28430) ClassLoaderData
[456.488s][debug][gc,phases      ] GC(28430) ClassLoaderData 0.010ms
[456.488s][debug][gc,phases,start] GC(28430) Trigger cleanups
[456.488s][debug][gc,phases      ] GC(28430) Trigger cleanups 0.003ms
[456.488s][info ][gc,phases      ] GC(28430) Phase 1: Mark live objects 0.864ms
[456.488s][info ][gc,phases,start] GC(28430) Phase 2: Compute new object addresses
[456.488s][info ][gc,phases      ] GC(28430) Phase 2: Compute new object addresses 0.433ms
[456.488s][info ][gc,phases,start] GC(28430) Phase 3: Adjust pointers
[456.489s][info ][gc,phases      ] GC(28430) Phase 3: Adjust pointers 1.093ms
[456.489s][info ][gc,phases,start] GC(28430) Phase 4: Move objects
[456.491s][info ][gc,phases      ] GC(28430) Phase 4: Move objects 1.789ms
[456.491s][info ][gc,ergo        ] GC(28430) Bad progress for free space: 1520K, need 20971K
[456.491s][info ][gc             ] GC(28430) Pause Degenerated GC (Outside of Cycle) 1062M->1062M(2048M) 8.903ms
[456.491s][debug][gc,ergo        ] GC(28430) Margin of error now 3.29
[456.491s][debug][gc,ergo        ] GC(28430) Spike threshold now: 0.32
[456.492s][info ][gc,ergo        ] Free: 1520K, Max: 1024K regular, 1024K humongous, Frag: 0% external, 25% internal; Reserve: 102M, Max: 1024K
[456.492s][info ][gc,stats       ] 
[456.492s][info ][gc,stats       ] All times are wall-clock times, except per-root-class counters, that are sum over
[456.492s][info ][gc,stats       ] all workers. Dividing the <total> over the root stage time estimates parallelism.
[456.492s][info ][gc,stats       ] 
[456.492s][info ][gc             ] Failed to allocate Shared, 1024K
[456.492s][info ][gc             ] Cancelling GC: Allocation Failure
[456.492s][info ][gc,stats       ] Pause Degenerated GC (G)           8981 us
[456.492s][info ][gc,stats       ] Pause Degenerated GC (N)           8908 us
[456.492s][info ][gc,stats       ]   Degen STW Mark                    424 us, parallelism: 5.67x
[456.492s][info ][gc,stats       ]     DSM: <total>                   2405 us
[456.492s][info ][gc,stats       ]     DSM: Thread Roots                62 us, workers (us):  30,  18,  11,   1,   1,   1,   1,   0, 
[456.492s][info ][gc,stats       ]     DSM: VM Strong Roots              3 us, workers (us):   1,   0,   1,   0,   0,   0,   0,   0, 
[456.492s][info ][gc,stats       ]     DSM: CLDG Roots                  22 us, workers (us):   0,  19,   0,   0,   0,   1,   0,   0, 
[456.492s][info ][gc,stats       ]     DSM: Parallel Mark             2318 us, workers (us): 328, 276, 286, 310, 306, 281, 264, 267, 
[456.492s][info ][gc,stats       ]     System Purge                    373 us
[456.492s][info ][gc,stats       ]       Weak References               132 us, parallelism: 0.01x
[456.492s][info ][gc,stats       ]         WRP: <total>                  2 us
[456.492s][info ][gc,stats       ]         WRP: Weak References          2 us, workers (us):   1,   0,   0,   0,   0,   0,   0,   0, 
[456.492s][info ][gc,stats       ]       Unload Classes                133 us, parallelism: 0.99x
[456.492s][info ][gc,stats       ]         DCU: <total>                133 us
[456.492s][info ][gc,stats       ]         DCU: Unload Code Caches      133 us, workers (us):  50,  41,  27,  14,   0,   0,   0,   0, 
[456.492s][info ][gc,stats       ]       Weak Roots                    106 us, parallelism: 0.16x
[456.492s][info ][gc,stats       ]         DWR: <total>                 17 us
[456.492s][info ][gc,stats       ]         DWR: VM Weak Roots           17 us, workers (us):  11,   0,   0,   1,   1,   1,   1,   1, 
[456.492s][info ][gc,stats       ]       CLDG                            1 us
[456.492s][info ][gc,stats       ]   Update Region States              114 us
[456.492s][info ][gc,stats       ]   Manage GC/TLABs                     2 us
[456.492s][info ][gc,stats       ]   Choose Collection Set              38 us
[456.492s][info ][gc,stats       ]   Rebuild Free Set                   13 us
[456.492s][info ][gc,stats       ]   Evacuation                        356 us
[456.492s][info ][gc,stats       ]   Manage GCLABs                       4 us
[456.492s][info ][gc,stats       ]   Update References                1314 us
[456.492s][info ][gc,stats       ]   Update Region States              117 us
[456.492s][info ][gc,stats       ]   Trash Collection Set                3 us
[456.492s][info ][gc,stats       ]   Rebuild Free Set                   19 us
[456.492s][info ][gc,stats       ]   Degen Update Roots                233 us, parallelism: 1.22x
[456.492s][info ][gc,stats       ]     DU: <total>                     283 us
[456.492s][info ][gc,stats       ]     DU: Thread Roots                 89 us, workers (us):  23,   0,  33,  23,   9,   0,   0,   1, 
[456.492s][info ][gc,stats       ]     DU: Code Cache Roots            138 us, workers (us):   0, 136,   0,   0,   0,   0,   0,   0, 
[456.492s][info ][gc,stats       ]     DU: VM Strong Roots               7 us, workers (us):   5,   0,   0,   0,   0,   0,   0,   0, 
[456.492s][info ][gc,stats       ]     DU: VM Weak Roots                29 us, workers (us):  15,  12,   0,   0,   1,   0,   0,   0, 
[456.492s][info ][gc,stats       ]     DU: CLDG Roots                   21 us, workers (us):  15,   3,   2,   0,   0,   0,   0,   0, 
[456.492s][info ][gc,stats       ]   Cleanup                            89 us
[456.492s][info ][gc,stats       ]   Pre Heap Dump                       1 us
[456.492s][info ][gc,stats       ]   Prepare                           904 us
[456.492s][info ][gc,stats       ]   Mark                              831 us, parallelism: 3.39x
[456.492s][info ][gc,stats       ]     FM: <total>                    2820 us
[456.492s][info ][gc,stats       ]     FM: Thread Roots                 68 us, workers (us):  35,  19,   9,   1,   1,   1,   2,   0, 
[456.492s][info ][gc,stats       ]     FM: VM Strong Roots               3 us, workers (us):   0,   2,   1,   0,   0,   0,   0,   0, 
[456.492s][info ][gc,stats       ]     FM: CLDG Roots                   24 us, workers (us):  21,   0,   0,   1,   1,   1,   1,   0, 
[456.492s][info ][gc,stats       ]     FM: Parallel Mark              2724 us, workers (us): 353, 344, 359, 346, 365, 328, 315, 314, 
[456.492s][info ][gc,stats       ]     System Purge                    327 us
[456.492s][info ][gc,stats       ]       Weak References               109 us, parallelism: 0.02x
[456.492s][info ][gc,stats       ]         WRP: <total>                  2 us
[456.492s][info ][gc,stats       ]         WRP: Weak References          2 us, workers (us):   1,   0,   0,   0,   0,   0,   0,   0, 
[456.492s][info ][gc,stats       ]       Unload Classes                119 us, parallelism: 1.24x
[456.492s][info ][gc,stats       ]         CU: <total>                 147 us
[456.492s][info ][gc,stats       ]         CU: Unload Code Caches      147 us, workers (us):  54,  47,  26,  20,   1,   0,   0,   0, 
[456.492s][info ][gc,stats       ]       Weak Roots                     97 us, parallelism: 0.22x
[456.492s][info ][gc,stats       ]         WR: <total>                  21 us
[456.492s][info ][gc,stats       ]         WR: VM Weak Roots            21 us, workers (us):  12,   4,   1,   1,   1,   1,   1,   1, 
[456.492s][info ][gc,stats       ]       CLDG                            1 us
[456.492s][info ][gc,stats       ]   Calculate Addresses               429 us
[456.492s][info ][gc,stats       ]     Regular Objects                 286 us
[456.492s][info ][gc,stats       ]     Humongous Objects               100 us
[456.492s][info ][gc,stats       ]   Adjust Pointers                  1086 us
[456.492s][info ][gc,stats       ]     FA: <total>                     160 us
[456.492s][info ][gc,stats       ]     FA: Thread Roots                 33 us, workers (us):   0,  20,  10,   1,   0,   0,   1,   1, 
[456.492s][info ][gc,stats       ]     FA: Code Cache Roots             92 us, workers (us):  91,   0,   0,   0,   0,   0,   0,   0, 
[456.492s][info ][gc,stats       ]     FA: VM Strong Roots              10 us, workers (us):   9,   0,   0,   0,   0,   0,   0,   0, 
[456.492s][info ][gc,stats       ]     FA: VM Weak Roots                15 us, workers (us):  12,   0,   0,   0,   0,   0,   1,   0, 
[456.492s][info ][gc,stats       ]     FA: CLDG Roots                   10 us, workers (us):   7,   0,   0,   0,   0,   0,   1,   0, 
[456.492s][info ][gc,stats       ]   Copy Objects                     1784 us
[456.492s][info ][gc,stats       ]     Regular Objects                 312 us
[456.492s][info ][gc,stats       ]     Humongous Objects                43 us
[456.492s][info ][gc,stats       ]     Reset Complete Bitmap          1359 us
[456.492s][info ][gc,stats       ]     Rebuild Region Sets              69 us
[456.492s][info ][gc,stats       ]   Post Heap Dump                      1 us
[456.492s][info ][gc,stats       ] 
[456.492s][info ][gc,stats       ] Allocation pacing accrued:
[456.492s][info ][gc,stats       ]       0 of    11 ms (  0.0%): <total>
[456.492s][info ][gc,stats       ]       0 of    11 ms (  0.0%): <average total>
[456.492s][info ][gc,stats       ] 
[456.492s][info ][gc,metaspace   ] Metaspace: 253K(448K)->253K(448K) NonClass: 247K(320K)->247K(320K) Class: 5K(128K)->5K(128K)
[456.492s][info ][gc,ergo        ] Pacer for Idle. Initial: 41943K, Alloc Tax Rate: 1.0x
[456.493s][info ][gc             ] Trigger: Handle Allocation Failure
[456.493s][info ][gc,ergo        ] Free: 1520K, Max: 1024K regular, 1024K humongous, Frag: 0% external, 25% internal; Reserve: 102M, Max: 1024K
[456.493s][info ][gc,start       ] GC(28431) Pause Degenerated GC (Outside of Cycle)
[456.493s][info ][gc,task        ] GC(28431) Using 8 of 8 workers for stw degenerated gc
[456.494s][info ][gc,ref         ] GC(28431) Clearing All SoftReferences
[456.494s][info ][gc,ref         ] GC(28431) Encountered references: Soft: 7, Weak: 34, Final: 0, Phantom: 1
[456.494s][info ][gc,ref         ] GC(28431) Discovered  references: Soft: 4, Weak: 4, Final: 0, Phantom: 0
[456.494s][info ][gc,ref         ] GC(28431) Enqueued    references: Soft: 0, Weak: 0, Final: 0, Phantom: 0
[456.494s][debug][gc,phases,start] GC(28431) ClassLoaderData
[456.494s][debug][gc,phases      ] GC(28431) ClassLoaderData 0.009ms
[456.494s][debug][gc,phases,start] GC(28431) Trigger cleanups
[456.494s][debug][gc,phases      ] GC(28431) Trigger cleanups 0.003ms
[456.495s][info ][gc,ergo        ] GC(28431) Adaptive CSet Selection. Target Free: 290M, Actual Free: 103M, Max CSet: 87381K, Min Garbage: 187M
[456.495s][info ][gc,ergo        ] GC(28431) Collectable Garbage: 0B (0%), Immediate: 0B (0%), CSet: 0B (0%)
[456.497s][info ][gc,ergo        ] GC(28431) Bad progress for free space: 1024K, need 20971K
[456.497s][info ][gc             ] GC(28431) Cancelling GC: Upgrade To Full GC
[456.498s][info ][gc,phases,start] GC(28431) Phase 1: Mark live objects
[456.498s][info ][gc,ref         ] GC(28431) Clearing All SoftReferences
[456.498s][info ][gc,ref         ] GC(28431) Clearing All SoftReferences
[456.499s][info ][gc,ref         ] GC(28431) Encountered references: Soft: 7, Weak: 34, Final: 0, Phantom: 1
[456.499s][info ][gc,ref         ] GC(28431) Discovered  references: Soft: 4, Weak: 9, Final: 0, Phantom: 1
[456.499s][info ][gc,ref         ] GC(28431) Enqueued    references: Soft: 0, Weak: 0, Final: 0, Phantom: 0
[456.499s][debug][gc,phases,start] GC(28431) ClassLoaderData
[456.499s][debug][gc,phases      ] GC(28431) ClassLoaderData 0.010ms
[456.499s][debug][gc,phases,start] GC(28431) Trigger cleanups
[456.499s][debug][gc,phases      ] GC(28431) Trigger cleanups 0.003ms
[456.499s][info ][gc,phases      ] GC(28431) Phase 1: Mark live objects 0.962ms
[456.499s][info ][gc,phases,start] GC(28431) Phase 2: Compute new object addresses
[456.500s][info ][gc,phases      ] GC(28431) Phase 2: Compute new object addresses 0.361ms
[456.500s][info ][gc,phases,start] GC(28431) Phase 3: Adjust pointers
[456.501s][info ][gc,phases      ] GC(28431) Phase 3: Adjust pointers 1.070ms
[456.501s][info ][gc,phases,start] GC(28431) Phase 4: Move objects
[456.502s][info ][gc,phases      ] GC(28431) Phase 4: Move objects 1.646ms
[456.502s][info ][gc,ergo        ] GC(28431) Bad progress for free space: 1520K, need 20971K
[456.502s][info ][gc             ] GC(28431) Pause Degenerated GC (Outside of Cycle) 1062M->1062M(2048M) 8.967ms
[456.502s][debug][gc,ergo        ] GC(28431) Margin of error now 3.29
[456.502s][debug][gc,ergo        ] GC(28431) Spike threshold now: 0.32
[456.503s][info ][gc,ergo        ] Free: 1520K, Max: 1024K regular, 1024K humongous, Frag: 0% external, 25% internal; Reserve: 102M, Max: 1024K
[456.503s][info ][gc,stats       ] 
[456.503s][info ][gc,stats       ] All times are wall-clock times, except per-root-class counters, that are sum over
[456.503s][info ][gc,stats       ] all workers. Dividing the <total> over the root stage time estimates parallelism.
[456.503s][info ][gc,stats       ] 
[456.503s][info ][gc,stats       ] Pause Degenerated GC (G)           9049 us
[456.503s][info ][gc,stats       ] Pause Degenerated GC (N)           8973 us
[456.503s][info ][gc,stats       ]   Degen STW Mark                    456 us, parallelism: 5.16x
[456.503s][info ][gc,stats       ]     DSM: <total>                   2350 us
[456.503s][info ][gc,stats       ]     DSM: Thread Roots                67 us, workers (us):  36,  19,   9,   1,   1,   1,   1,   0, 
[456.503s][info ][gc,stats       ]     DSM: VM Strong Roots              4 us, workers (us):   1,   2,   0,   0,   0,   0,   0,   0, 
[456.503s][info ][gc             ] Failed to allocate Shared, 1024K
[456.503s][info ][gc             ] Cancelling GC: Allocation Failure
[456.503s][info ][gc,stats       ]     DSM: CLDG Roots                  18 us, workers (us):   0,   0,  15,   0,   1,   1,   1,   0, 
[456.503s][info ][gc,stats       ]     DSM: Parallel Mark             2261 us, workers (us): 336, 285, 289, 279, 285, 281, 259, 247, 
[456.503s][info ][gc,stats       ]     System Purge                    374 us
[456.503s][info ][gc,stats       ]       Weak References               109 us, parallelism: 0.02x
[456.503s][info ][gc,stats       ]         WRP: <total>                  2 us
[456.503s][info ][gc,stats       ]         WRP: Weak References          2 us, workers (us):   1,   0,   0,   0,   0,   0,   0,   0, 
[456.503s][info ][gc,stats       ]       Unload Classes                139 us, parallelism: 1.52x
[456.503s][info ][gc,stats       ]         DCU: <total>                211 us
[456.503s][info ][gc,stats       ]         DCU: Unload Code Caches      211 us, workers (us):  82,  53,  53,  23,   0,   0,   0,   0, 
[456.503s][info ][gc,stats       ]       Weak Roots                    124 us, parallelism: 0.19x
[456.503s][info ][gc,stats       ]         DWR: <total>                 23 us
[456.503s][info ][gc,stats       ]         DWR: VM Weak Roots           23 us, workers (us):  13,   6,   1,   1,   1,   1,   1,   1, 
[456.503s][info ][gc,stats       ]       CLDG                            1 us
[456.503s][info ][gc,stats       ]   Update Region States              123 us
[456.503s][info ][gc,stats       ]   Manage GC/TLABs                     2 us
[456.503s][info ][gc,stats       ]   Choose Collection Set              24 us
[456.503s][info ][gc,stats       ]   Rebuild Free Set                    8 us
[456.503s][info ][gc,stats       ]   Evacuation                        387 us
[456.503s][info ][gc,stats       ]   Manage GCLABs                       2 us
[456.503s][info ][gc,stats       ]   Update References                1354 us
[456.503s][info ][gc,stats       ]   Update Region States               91 us
[456.503s][info ][gc,stats       ]   Trash Collection Set                2 us
[456.503s][info ][gc,stats       ]   Rebuild Free Set                   14 us
[456.503s][info ][gc,stats       ]   Degen Update Roots                263 us, parallelism: 1.25x
[456.503s][info ][gc,stats       ]     DU: <total>                     330 us
[456.503s][info ][gc,stats       ]     DU: Thread Roots                103 us, workers (us):   1,  25,  38,  26,  13,   1,   0,   0, 
[456.503s][info ][gc,stats       ]     DU: Code Cache Roots            167 us, workers (us): 165,   0,   0,   0,   0,   0,   0,   0, 
[456.503s][info ][gc,stats       ]     DU: VM Strong Roots               6 us, workers (us):   5,   0,   0,   0,   0,   0,   0,   0, 
[456.503s][info ][gc,stats       ]     DU: VM Weak Roots                31 us, workers (us):  16,  10,   3,   0,   0,   1,   0,   0, 
[456.503s][info ][gc,stats       ]     DU: CLDG Roots                   22 us, workers (us):   2,  17,   2,   0,   0,   1,   0,   0, 
[456.503s][info ][gc,stats       ]   Cleanup                            85 us
[456.503s][info ][gc,stats       ]   Pre Heap Dump                       1 us
[456.503s][info ][gc,stats       ]   Prepare                          1073 us
[456.503s][info ][gc,stats       ]   Mark                              929 us, parallelism: 3.49x
[456.503s][info ][gc,stats       ]     FM: <total>                    3239 us
[456.503s][info ][gc,stats       ]     FM: Thread Roots                 97 us, workers (us):  45,  28,  14,   4,   1,   2,   2,   1, 
[456.503s][info ][gc,stats       ]     FM: VM Strong Roots               4 us, workers (us):   0,   1,   2,   0,   0,   0,   0,   0, 
[456.503s][info ][gc,stats       ]     FM: CLDG Roots                   26 us, workers (us):  22,   0,   0,   0,   1,   1,   1,   1, 
[456.503s][info ][gc,stats       ]     FM: Parallel Mark              3112 us, workers (us): 381, 381, 388, 430, 425, 395, 350, 363, 
[456.503s][info ][gc,stats       ]     System Purge                    351 us
[456.503s][info ][gc,stats       ]       Weak References               144 us, parallelism: 0.02x
[456.503s][info ][gc,stats       ]         WRP: <total>                  2 us
[456.503s][info ][gc,stats       ]         WRP: Weak References          2 us, workers (us):   1,   0,   0,   0,   0,   0,   0,   0, 
[456.503s][info ][gc,stats       ]       Unload Classes                108 us, parallelism: 1.21x
[456.503s][info ][gc,stats       ]         CU: <total>                 131 us
[456.503s][info ][gc,stats       ]         CU: Unload Code Caches      131 us, workers (us):  46,  35,  27,  23,   0,   0,   0,   0, 
[456.503s][info ][gc,stats       ]       Weak Roots                     96 us, parallelism: 0.23x
[456.503s][info ][gc,stats       ]         WR: <total>                  22 us
[456.503s][info ][gc,stats       ]         WR: VM Weak Roots            22 us, workers (us):  14,   3,   0,   1,   1,   1,   1,   1, 
[456.503s][info ][gc,stats       ]       CLDG                            1 us
[456.503s][info ][gc,stats       ]   Calculate Addresses               357 us
[456.503s][info ][gc,stats       ]     Regular Objects                 256 us
[456.503s][info ][gc,stats       ]     Humongous Objects                60 us
[456.503s][info ][gc,stats       ]   Adjust Pointers                  1066 us
[456.503s][info ][gc,stats       ]     FA: <total>                     167 us
[456.503s][info ][gc,stats       ]     FA: Thread Roots                 39 us, workers (us):  19,   1,  13,   5,   0,   0,   1,   0, 
[456.503s][info ][gc,stats       ]     FA: Code Cache Roots            106 us, workers (us):   0, 105,   0,   0,   0,   0,   0,   0, 
[456.503s][info ][gc,stats       ]     FA: VM Strong Roots               2 us, workers (us):   1,   0,   0,   0,   0,   0,   0,   0, 
[456.503s][info ][gc,stats       ]     FA: VM Weak Roots                12 us, workers (us):   9,   0,   0,   0,   0,   0,   0,   0, 
[456.503s][info ][gc,stats       ]     FA: CLDG Roots                    8 us, workers (us):   6,   0,   0,   0,   0,   0,   0,   0, 
[456.503s][info ][gc,stats       ]   Copy Objects                     1641 us
[456.503s][info ][gc,stats       ]     Regular Objects                 277 us
[456.503s][info ][gc,stats       ]     Humongous Objects                29 us
[456.503s][info ][gc,stats       ]     Reset Complete Bitmap          1305 us
[456.503s][info ][gc,stats       ]     Rebuild Region Sets              30 us
[456.503s][info ][gc,stats       ]   Post Heap Dump                      0 us
[456.503s][info ][gc,stats       ] 
[456.503s][info ][gc,stats       ] Allocation pacing accrued:
[456.503s][info ][gc,stats       ]       0 of    11 ms (  0.0%): <total>
[456.503s][info ][gc,stats       ]       0 of    11 ms (  0.0%): <average total>
[456.503s][info ][gc,stats       ] 
[456.503s][info ][gc,metaspace   ] Metaspace: 253K(448K)->253K(448K) NonClass: 247K(320K)->247K(320K) Class: 5K(128K)->5K(128K)
[456.503s][info ][gc,ergo        ] Pacer for Idle. Initial: 41943K, Alloc Tax Rate: 1.0x
[456.504s][info ][gc             ] Trigger: Handle Allocation Failure
[456.504s][info ][gc,ergo        ] Free: 1520K, Max: 1024K regular, 1024K humongous, Frag: 0% external, 25% internal; Reserve: 102M, Max: 1024K
[456.504s][info ][gc,start       ] GC(28432) Pause Degenerated GC (Outside of Cycle)
[456.504s][info ][gc,task        ] GC(28432) Using 8 of 8 workers for stw degenerated gc
[456.504s][info ][gc,ref         ] GC(28432) Clearing All SoftReferences
[456.505s][info ][gc,ref         ] GC(28432) Encountered references: Soft: 7, Weak: 34, Final: 0, Phantom: 1
[456.505s][info ][gc,ref         ] GC(28432) Discovered  references: Soft: 4, Weak: 2, Final: 0, Phantom: 0
[456.505s][info ][gc,ref         ] GC(28432) Enqueued    references: Soft: 0, Weak: 0, Final: 0, Phantom: 0
[456.505s][debug][gc,phases,start] GC(28432) ClassLoaderData
[456.505s][debug][gc,phases      ] GC(28432) ClassLoaderData 0.008ms
[456.505s][debug][gc,phases,start] GC(28432) Trigger cleanups
[456.505s][debug][gc,phases      ] GC(28432) Trigger cleanups 0.003ms
[456.505s][info ][gc,ergo        ] GC(28432) Adaptive CSet Selection. Target Free: 290M, Actual Free: 103M, Max CSet: 87381K, Min Garbage: 187M
[456.505s][info ][gc,ergo        ] GC(28432) Collectable Garbage: 0B (0%), Immediate: 0B (0%), CSet: 0B (0%)
[456.508s][info ][gc,ergo        ] GC(28432) Bad progress for free space: 1024K, need 20971K
[456.508s][info ][gc             ] GC(28432) Cancelling GC: Upgrade To Full GC
[456.509s][info ][gc,phases,start] GC(28432) Phase 1: Mark live objects
[456.509s][info ][gc,ref         ] GC(28432) Clearing All SoftReferences
[456.509s][info ][gc,ref         ] GC(28432) Clearing All SoftReferences
[456.509s][info ][gc,ref         ] GC(28432) Encountered references: Soft: 7, Weak: 34, Final: 0, Phantom: 1
[456.509s][info ][gc,ref         ] GC(28432) Discovered  references: Soft: 4, Weak: 1, Final: 0, Phantom: 0
[456.509s][info ][gc,ref         ] GC(28432) Enqueued    references: Soft: 0, Weak: 0, Final: 0, Phantom: 0
[456.510s][debug][gc,phases,start] GC(28432) ClassLoaderData
[456.510s][debug][gc,phases      ] GC(28432) ClassLoaderData 0.009ms
[456.510s][debug][gc,phases,start] GC(28432) Trigger cleanups
[456.510s][debug][gc,phases      ] GC(28432) Trigger cleanups 0.003ms
[456.510s][info ][gc,phases      ] GC(28432) Phase 1: Mark live objects 0.996ms
[456.510s][info ][gc,phases,start] GC(28432) Phase 2: Compute new object addresses
[456.510s][info ][gc,phases      ] GC(28432) Phase 2: Compute new object addresses 0.360ms
[456.510s][info ][gc,phases,start] GC(28432) Phase 3: Adjust pointers
[456.511s][info ][gc,phases      ] GC(28432) Phase 3: Adjust pointers 0.992ms
[456.511s][info ][gc,phases,start] GC(28432) Phase 4: Move objects
[456.513s][info ][gc,phases      ] GC(28432) Phase 4: Move objects 1.588ms
[456.513s][info ][gc,ergo        ] GC(28432) Bad progress for free space: 1520K, need 20971K
[456.513s][info ][gc             ] GC(28432) Pause Degenerated GC (Outside of Cycle) 1062M->1062M(2048M) 8.776ms
[456.513s][debug][gc,ergo        ] GC(28432) Margin of error now 3.29
[456.513s][debug][gc,ergo        ] GC(28432) Spike threshold now: 0.32
[456.513s][info ][gc,ergo        ] Free: 1520K, Max: 1024K regular, 1024K humongous, Frag: 0% external, 25% internal; Reserve: 102M, Max: 1024K
[456.513s][info ][gc,stats       ] 
[456.513s][info ][gc,stats       ] All times are wall-clock times, except per-root-class counters, that are sum over
[456.513s][info ][gc,stats       ] all workers. Dividing the <total> over the root stage time estimates parallelism.
[456.513s][info ][gc             ] Failed to allocate Shared, 1024K
[456.513s][info ][gc             ] Cancelling GC: Allocation Failure
[456.513s][info ][gc,stats       ] 
[456.513s][info ][gc,stats       ] Pause Degenerated GC (G)           8910 us
[456.513s][info ][gc,stats       ] Pause Degenerated GC (N)           8782 us
[456.513s][info ][gc,stats       ]   Degen STW Mark                    564 us, parallelism: 6.16x
[456.513s][info ][gc,stats       ]     DSM: <total>                   3476 us
[456.513s][info ][gc,stats       ]     DSM: Thread Roots                54 us, workers (us):  28,  15,   7,   1,   1,   1,   1,   1, 
[456.513s][info ][gc,stats       ]     DSM: VM Strong Roots              3 us, workers (us):   2,   0,   0,   0,   0,   0,   0,   0, 
[456.513s][info ][gc,stats       ]     DSM: CLDG Roots                  19 us, workers (us):   0,  16,   0,   1,   1,   1,   0,   0, 
[456.513s][info ][gc,stats       ]     DSM: Parallel Mark             3400 us, workers (us): 430, 455, 443, 473, 398, 420, 426, 356, 
[456.513s][info ][gc,stats       ]     System Purge                    308 us
[456.513s][info ][gc,stats       ]       Weak References               109 us, parallelism: 0.02x
[456.513s][info ][gc,stats       ]         WRP: <total>                  2 us
[456.513s][info ][gc,stats       ]         WRP: Weak References          2 us, workers (us):   1,   0,   0,   0,   0,   0,   0,   0, 
[456.513s][info ][gc,stats       ]       Unload Classes                107 us, parallelism: 1.28x
[456.513s][info ][gc,stats       ]         DCU: <total>                137 us
[456.513s][info ][gc,stats       ]         DCU: Unload Code Caches      137 us, workers (us):  51,  36,  31,  19,   0,   0,   0,   0, 
[456.513s][info ][gc,stats       ]       Weak Roots                     90 us, parallelism: 0.28x
[456.513s][info ][gc,stats       ]         DWR: <total>                 26 us
[456.513s][info ][gc,stats       ]         DWR: VM Weak Roots           26 us, workers (us):  19,   2,   1,   1,   1,   1,   1,   0, 
[456.513s][info ][gc,stats       ]       CLDG                            0 us
[456.513s][info ][gc,stats       ]   Update Region States               95 us
[456.513s][info ][gc,stats       ]   Manage GC/TLABs                     2 us
[456.513s][info ][gc,stats       ]   Choose Collection Set              22 us
[456.513s][info ][gc,stats       ]   Rebuild Free Set                    8 us
[456.513s][info ][gc,stats       ]   Evacuation                        366 us
[456.513s][info ][gc,stats       ]   Manage GCLABs                       4 us
[456.513s][info ][gc,stats       ]   Update References                1254 us
[456.513s][info ][gc,stats       ]   Update Region States               97 us
[456.513s][info ][gc,stats       ]   Trash Collection Set                2 us
[456.513s][info ][gc,stats       ]   Rebuild Free Set                   11 us
[456.513s][info ][gc,stats       ]   Degen Update Roots                244 us, parallelism: 1.12x
[456.513s][info ][gc,stats       ]     DU: <total>                     274 us
[456.513s][info ][gc,stats       ]     DU: Thread Roots                 79 us, workers (us):   1,  23,  31,  19,   5,   0,   0,   1, 
[456.514s][info ][gc,stats       ]     DU: Code Cache Roots            142 us, workers (us): 141,   0,   0,   0,   0,   0,   0,   0, 
[456.514s][info ][gc,stats       ]     DU: VM Strong Roots               5 us, workers (us):   4,   0,   0,   0,   0,   0,   0,   0, 
[456.514s][info ][gc,stats       ]     DU: VM Weak Roots                28 us, workers (us):  15,  11,   0,   1,   0,   0,   0,   0, 
[456.514s][info ][gc,stats       ]     DU: CLDG Roots                   19 us, workers (us):   3,  15,   0,   1,   0,   0,   0,   0, 
[456.514s][info ][gc,stats       ]   Cleanup                            84 us
[456.514s][info ][gc,stats       ]   Pre Heap Dump                       0 us
[456.514s][info ][gc,stats       ]   Prepare                          1049 us
[456.514s][info ][gc,stats       ]   Mark                              930 us, parallelism: 3.34x
[456.514s][info ][gc,stats       ]     FM: <total>                    3104 us
[456.514s][info ][gc,stats       ]     FM: Thread Roots                112 us, workers (us):  49,  40,  18,   1,   1,   0,   2,   1, 
[456.514s][info ][gc,stats       ]     FM: VM Strong Roots               6 us, workers (us):   3,   3,   0,   0,   0,   0,   0,   0, 
[456.514s][info ][gc,stats       ]     FM: CLDG Roots                   28 us, workers (us):   1,   1,  23,   1,   1,   1,   1,   1, 
[456.514s][info ][gc,stats       ]     FM: Parallel Mark              2957 us, workers (us): 423, 436, 362, 411, 357, 368, 339, 262, 
[456.514s][info ][gc,stats       ]     System Purge                    342 us
[456.514s][info ][gc,stats       ]       Weak References               122 us, parallelism: 0.01x
[456.514s][info ][gc,stats       ]         WRP: <total>                  2 us
[456.514s][info ][gc,stats       ]         WRP: Weak References          2 us, workers (us):   1,   0,   0,   0,   0,   0,   0,   0, 
[456.514s][info ][gc,stats       ]       Unload Classes                128 us, parallelism: 1.29x
[456.514s][info ][gc,stats       ]         CU: <total>                 165 us
[456.514s][info ][gc,stats       ]         CU: Unload Code Caches      165 us, workers (us):  46,  38,  26,  31,  24,   0,   0,   0, 
[456.514s][info ][gc,stats       ]       Weak Roots                     90 us, parallelism: 0.19x
[456.514s][info ][gc,stats       ]         WR: <total>                  17 us
[456.514s][info ][gc,stats       ]         WR: VM Weak Roots            17 us, workers (us):  12,   0,   1,   0,   1,   1,   1,   0, 
[456.514s][info ][gc,stats       ]       CLDG                            1 us
[456.514s][info ][gc,stats       ]   Calculate Addresses               356 us
[456.514s][info ][gc,stats       ]     Regular Objects                 259 us
[456.514s][info ][gc,stats       ]     Humongous Objects                59 us
[456.514s][info ][gc,stats       ]   Adjust Pointers                   988 us
[456.514s][info ][gc,stats       ]     FA: <total>                     160 us
[456.514s][info ][gc,stats       ]     FA: Thread Roots                 41 us, workers (us):  20,   1,  14,   5,   0,   0,   1,   0, 
[456.514s][info ][gc,stats       ]     FA: Code Cache Roots             94 us, workers (us):   0,  93,   0,   0,   0,   0,   0,   0, 
[456.514s][info ][gc,stats       ]     FA: VM Strong Roots               2 us, workers (us):   1,   0,   0,   0,   0,   0,   0,   0, 
[456.514s][info ][gc,stats       ]     FA: VM Weak Roots                15 us, workers (us):  13,   1,   0,   0,   0,   0,   0,   0, 
[456.514s][info ][gc,stats       ]     FA: CLDG Roots                    8 us, workers (us):   6,   0,   0,   0,   0,   0,   0,   0, 
[456.514s][info ][gc,stats       ]   Copy Objects                     1583 us
[456.514s][info ][gc,stats       ]     Regular Objects                 286 us
[456.514s][info ][gc,stats       ]     Humongous Objects                32 us
[456.514s][info ][gc,stats       ]     Reset Complete Bitmap          1232 us
[456.514s][info ][gc,stats       ]     Rebuild Region Sets              32 us
[456.514s][info ][gc,stats       ]   Post Heap Dump                      1 us
[456.514s][info ][gc,stats       ] 
[456.514s][info ][gc,stats       ] Allocation pacing accrued:
[456.514s][info ][gc,stats       ]       0 of    11 ms (  0.0%): <total>
[456.514s][info ][gc,stats       ]       0 of    11 ms (  0.0%): <average total>
[456.514s][info ][gc,stats       ] 
[456.514s][info ][gc,metaspace   ] Metaspace: 253K(448K)->253K(448K) NonClass: 247K(320K)->247K(320K) Class: 5K(128K)->5K(128K)
[456.514s][info ][gc,ergo        ] Pacer for Idle. Initial: 41943K, Alloc Tax Rate: 1.0x
[456.515s][info ][gc             ] Trigger: Handle Allocation Failure
[456.515s][info ][gc,ergo        ] Free: 1520K, Max: 1024K regular, 1024K humongous, Frag: 0% external, 25% internal; Reserve: 102M, Max: 1024K
[456.515s][info ][gc,start       ] GC(28433) Pause Full
[456.515s][info ][gc,task        ] GC(28433) Using 8 of 8 workers for full gc
[456.515s][info ][gc,phases,start] GC(28433) Phase 1: Mark live objects
[456.515s][info ][gc,ref         ] GC(28433) Clearing All SoftReferences
[456.515s][info ][gc,ref         ] GC(28433) Clearing All SoftReferences
[456.516s][info ][gc,ref         ] GC(28433) Encountered references: Soft: 7, Weak: 34, Final: 0, Phantom: 1
[456.516s][info ][gc,ref         ] GC(28433) Discovered  references: Soft: 4, Weak: 6, Final: 0, Phantom: 1
[456.516s][info ][gc,ref         ] GC(28433) Enqueued    references: Soft: 0, Weak: 0, Final: 0, Phantom: 0
[456.516s][debug][gc,phases,start] GC(28433) ClassLoaderData
[456.516s][debug][gc,phases      ] GC(28433) ClassLoaderData 0.010ms
[456.516s][debug][gc,phases,start] GC(28433) Trigger cleanups
[456.516s][debug][gc,phases      ] GC(28433) Trigger cleanups 0.005ms
[456.516s][info ][gc,phases      ] GC(28433) Phase 1: Mark live objects 0.794ms
[456.516s][info ][gc,phases,start] GC(28433) Phase 2: Compute new object addresses
[456.516s][info ][gc,phases      ] GC(28433) Phase 2: Compute new object addresses 0.354ms
[456.516s][info ][gc,phases,start] GC(28433) Phase 3: Adjust pointers
[456.517s][info ][gc,phases      ] GC(28433) Phase 3: Adjust pointers 1.159ms
[456.517s][info ][gc,phases,start] GC(28433) Phase 4: Move objects
[456.519s][info ][gc,phases      ] GC(28433) Phase 4: Move objects 1.920ms
[456.519s][info ][gc,ergo        ] GC(28433) Bad progress for free space: 1520K, need 20971K
[456.519s][info ][gc             ] GC(28433) Pause Full 1062M->1062M(2048M) 4.581ms
[456.520s][debug][gc,ergo        ] GC(28433) Margin of error now 3.29
[456.520s][debug][gc,ergo        ] GC(28433) Spike threshold now: 0.32
[456.520s][info ][gc,ergo        ] Free: 1520K, Max: 1024K regular, 1024K humongous, Frag: 0% external, 25% internal; Reserve: 102M, Max: 1024K
[456.520s][info ][gc,stats       ] 
[456.520s][info ][gc             ] Failed to allocate Shared, 1024K
[456.520s][info ][gc             ] Cancelling GC: Allocation Failure
[456.520s][info ][gc,stats       ] All times are wall-clock times, except per-root-class counters, that are sum over
[456.520s][info ][gc,stats       ] all workers. Dividing the <total> over the root stage time estimates parallelism.
[456.520s][info ][gc,stats       ] 
[456.520s][info ][gc,stats       ] Pause Full GC (G)                  4696 us
[456.520s][info ][gc,stats       ] Pause Full GC (N)                  4587 us
[456.520s][info ][gc,stats       ]   Pre Heap Dump                       0 us
[456.520s][info ][gc,stats       ]   Prepare                           127 us
[456.520s][info ][gc,stats       ]   Mark                              780 us, parallelism: 3.08x
[456.520s][info ][gc,stats       ]     FM: <total>                    2400 us
[456.520s][info ][gc,stats       ]     FM: Thread Roots                 49 us, workers (us):  24,  15,   6,   0,   1,   1,   1,   0, 
[456.520s][info ][gc,stats       ]     FM: VM Strong Roots               3 us, workers (us):   2,   0,   0,   0,   0,   0,   0,   0, 
[456.520s][info ][gc,stats       ]     FM: CLDG Roots                   16 us, workers (us):   1,  13,   1,   0,   1,   1,   1,   0, 
[456.520s][info ][gc,stats       ]     FM: Parallel Mark              2332 us, workers (us): 332, 277, 331, 272, 324, 294, 256, 247, 
[456.520s][info ][gc,stats       ]     System Purge                    340 us
[456.520s][info ][gc,stats       ]       Weak References               118 us, parallelism: 0.02x
[456.520s][info ][gc,stats       ]         WRP: <total>                  2 us
[456.520s][info ][gc,stats       ]         WRP: Weak References          2 us, workers (us):   1,   0,   0,   0,   0,   0,   0,   0, 
[456.520s][info ][gc,stats       ]       Unload Classes                121 us, parallelism: 1.04x
[456.520s][info ][gc,stats       ]         CU: <total>                 126 us
[456.520s][info ][gc,stats       ]         CU: Unload Code Caches      126 us, workers (us):  50,  33,  29,  13,   0,   0,   0,   0, 
[456.520s][info ][gc,stats       ]       Weak Roots                     99 us, parallelism: 0.19x
[456.520s][info ][gc,stats       ]         WR: <total>                  19 us
[456.520s][info ][gc,stats       ]         WR: VM Weak Roots            19 us, workers (us):  12,   1,   1,   1,   1,   0,   1,   1, 
[456.520s][info ][gc,stats       ]       CLDG                            0 us
[456.520s][info ][gc,stats       ]   Calculate Addresses               350 us
[456.520s][info ][gc,stats       ]     Regular Objects                 272 us
[456.520s][info ][gc,stats       ]     Humongous Objects                38 us
[456.520s][info ][gc,stats       ]   Adjust Pointers                  1154 us
[456.520s][info ][gc,stats       ]     FA: <total>                     175 us
[456.520s][info ][gc,stats       ]     FA: Thread Roots                 38 us, workers (us):   1,  16,  16,   5,   0,   0,   0,   0, 
[456.520s][info ][gc,stats       ]     FA: Code Cache Roots            110 us, workers (us): 109,   0,   0,   0,   0,   0,   0,   0, 
[456.520s][info ][gc,stats       ]     FA: VM Strong Roots               2 us, workers (us):   1,   0,   0,   0,   0,   0,   0,   0, 
[456.520s][info ][gc,stats       ]     FA: VM Weak Roots                16 us, workers (us):  11,   3,   0,   0,   0,   0,   0,   0, 
[456.520s][info ][gc,stats       ]     FA: CLDG Roots                    9 us, workers (us):   1,   7,   0,   0,   0,   0,   0,   0, 
[456.520s][info ][gc,stats       ]   Copy Objects                     1916 us
[456.520s][info ][gc,stats       ]     Regular Objects                 392 us
[456.520s][info ][gc,stats       ]     Humongous Objects                40 us
[456.520s][info ][gc,stats       ]     Reset Complete Bitmap          1428 us
[456.520s][info ][gc,stats       ]     Rebuild Region Sets              54 us
[456.520s][info ][gc,stats       ]   Post Heap Dump                      0 us
[456.520s][info ][gc,stats       ] 
[456.520s][info ][gc,stats       ] Allocation pacing accrued:
[456.520s][info ][gc,stats       ]       0 of     6 ms (  0.0%): <total>
[456.520s][info ][gc,stats       ]       0 of     6 ms (  0.0%): <average total>
[456.520s][info ][gc,stats       ] 
[456.520s][info ][gc,metaspace   ] Metaspace: 253K(448K)->253K(448K) NonClass: 247K(320K)->247K(320K) Class: 5K(128K)->5K(128K)
[456.520s][info ][gc,ergo        ] Pacer for Idle. Initial: 41943K, Alloc Tax Rate: 1.0x
[456.521s][info ][gc             ] Trigger: Handle Allocation Failure
[456.521s][info ][gc,ergo        ] Free: 1520K, Max: 1024K regular, 1024K humongous, Frag: 0% external, 25% internal; Reserve: 102M, Max: 1024K
[456.521s][info ][gc,start       ] GC(28434) Pause Degenerated GC (Outside of Cycle)
[456.521s][info ][gc,task        ] GC(28434) Using 8 of 8 workers for stw degenerated gc
[456.522s][info ][gc,ref         ] GC(28434) Clearing All SoftReferences
[456.522s][info ][gc,ref         ] GC(28434) Encountered references: Soft: 7, Weak: 34, Final: 0, Phantom: 1
[456.522s][info ][gc,ref         ] GC(28434) Discovered  references: Soft: 4, Weak: 11, Final: 0, Phantom: 1
[456.522s][info ][gc,ref         ] GC(28434) Enqueued    references: Soft: 0, Weak: 0, Final: 0, Phantom: 0
[456.522s][debug][gc,phases,start] GC(28434) ClassLoaderData
[456.522s][debug][gc,phases      ] GC(28434) ClassLoaderData 0.010ms
[456.522s][debug][gc,phases,start] GC(28434) Trigger cleanups
[456.522s][debug][gc,phases      ] GC(28434) Trigger cleanups 0.004ms
[456.523s][info ][gc,ergo        ] GC(28434) Adaptive CSet Selection. Target Free: 290M, Actual Free: 103M, Max CSet: 87381K, Min Garbage: 187M
[456.523s][info ][gc,ergo        ] GC(28434) Collectable Garbage: 0B (0%), Immediate: 0B (0%), CSet: 0B (0%)
[456.525s][info ][gc,ergo        ] GC(28434) Bad progress for free space: 1024K, need 20971K
[456.525s][info ][gc             ] GC(28434) Cancelling GC: Upgrade To Full GC
[456.526s][info ][gc,phases,start] GC(28434) Phase 1: Mark live objects
[456.526s][info ][gc,ref         ] GC(28434) Clearing All SoftReferences
[456.526s][info ][gc,ref         ] GC(28434) Clearing All SoftReferences
[456.527s][info ][gc,ref         ] GC(28434) Encountered references: Soft: 7, Weak: 34, Final: 0, Phantom: 1
[456.527s][info ][gc,ref         ] GC(28434) Discovered  references: Soft: 4, Weak: 9, Final: 0, Phantom: 1
[456.527s][info ][gc,ref         ] GC(28434) Enqueued    references: Soft: 0, Weak: 0, Final: 0, Phantom: 0
[456.527s][debug][gc,phases,start] GC(28434) ClassLoaderData
[456.527s][debug][gc,phases      ] GC(28434) ClassLoaderData 0.010ms
[456.527s][debug][gc,phases,start] GC(28434) Trigger cleanups
[456.527s][debug][gc,phases      ] GC(28434) Trigger cleanups 0.003ms
[456.527s][info ][gc,phases      ] GC(28434) Phase 1: Mark live objects 1.075ms
[456.527s][info ][gc,phases,start] GC(28434) Phase 2: Compute new object addresses
[456.528s][info ][gc,phases      ] GC(28434) Phase 2: Compute new object addresses 0.354ms
[456.528s][info ][gc,phases,start] GC(28434) Phase 3: Adjust pointers
[456.529s][info ][gc,phases      ] GC(28434) Phase 3: Adjust pointers 1.013ms
[456.529s][info ][gc,phases,start] GC(28434) Phase 4: Move objects
[456.530s][info ][gc,phases      ] GC(28434) Phase 4: Move objects 1.714ms
[456.531s][info ][gc,ergo        ] GC(28434) Bad progress for free space: 1520K, need 20971K
[456.531s][info ][gc             ] GC(28434) Pause Degenerated GC (Outside of Cycle) 1062M->1062M(2048M) 9.152ms
[456.531s][debug][gc,ergo        ] GC(28434) Margin of error now 3.29
[456.531s][debug][gc,ergo        ] GC(28434) Spike threshold now: 0.32
[456.531s][info ][gc,ergo        ] Free: 1520K, Max: 1024K regular, 1024K humongous, Frag: 0% external, 25% internal; Reserve: 102M, Max: 1024K
[456.531s][info ][gc,stats       ] 
[456.531s][info ][gc,stats       ] All times are wall-clock times, except per-root-class counters, that are sum over
[456.531s][info ][gc,stats       ] all workers. Dividing the <total> over the root stage time estimates parallelism.
[456.531s][info ][gc,stats       ] 
[456.531s][info ][gc             ] Failed to allocate Shared, 1024K
[456.531s][info ][gc             ] Cancelling GC: Allocation Failure
[456.531s][info ][gc,stats       ] Pause Degenerated GC (G)           9233 us
[456.531s][info ][gc,stats       ] Pause Degenerated GC (N)           9157 us
[456.531s][info ][gc,stats       ]   Degen STW Mark                    486 us, parallelism: 5.20x
[456.531s][info ][gc,stats       ]     DSM: <total>                   2527 us
[456.531s][info ][gc,stats       ]     DSM: Thread Roots                76 us, workers (us):  55,   1,   1,   1,  17,   0,   1,   1, 
[456.531s][info ][gc,stats       ]     DSM: VM Strong Roots              4 us, workers (us):   0,   3,   0,   0,   0,   0,   0,   0, 
[456.531s][info ][gc,stats       ]     DSM: CLDG Roots                  18 us, workers (us):  14,   1,   1,   0,   1,   0,   1,   0, 
[456.531s][info ][gc,stats       ]     DSM: Parallel Mark             2429 us, workers (us): 329, 351, 317, 316, 300, 267, 260, 289, 
[456.531s][info ][gc,stats       ]     System Purge                    372 us
[456.531s][info ][gc,stats       ]       Weak References               136 us, parallelism: 0.02x
[456.531s][info ][gc,stats       ]         WRP: <total>                  3 us
[456.531s][info ][gc,stats       ]         WRP: Weak References          3 us, workers (us):   2,   0,   0,   0,   0,   0,   0,   0, 
[456.531s][info ][gc,stats       ]       Unload Classes                148 us, parallelism: 1.48x
[456.531s][info ][gc,stats       ]         DCU: <total>                219 us
[456.531s][info ][gc,stats       ]         DCU: Unload Code Caches      219 us, workers (us):  71,  69,  50,  29,   0,   0,   0,   0, 
[456.531s][info ][gc,stats       ]       Weak Roots                     86 us, parallelism: 0.24x
[456.531s][info ][gc,stats       ]         DWR: <total>                 20 us
[456.531s][info ][gc,stats       ]         DWR: VM Weak Roots           20 us, workers (us):  14,   3,   1,   0,   1,   1,   1,   1, 
[456.531s][info ][gc,stats       ]       CLDG                            1 us
[456.531s][info ][gc,stats       ]   Update Region States              100 us
[456.531s][info ][gc,stats       ]   Manage GC/TLABs                     2 us
[456.531s][info ][gc,stats       ]   Choose Collection Set              28 us
[456.531s][info ][gc,stats       ]   Rebuild Free Set                    8 us
[456.531s][info ][gc,stats       ]   Evacuation                        371 us
[456.531s][info ][gc,stats       ]   Manage GCLABs                       3 us
[456.531s][info ][gc,stats       ]   Update References                1243 us
[456.531s][info ][gc,stats       ]   Update Region States              116 us
[456.531s][info ][gc,stats       ]   Trash Collection Set                2 us
[456.531s][info ][gc,stats       ]   Rebuild Free Set                   11 us
[456.531s][info ][gc,stats       ]   Degen Update Roots                229 us, parallelism: 1.22x
[456.531s][info ][gc,stats       ]     DU: <total>                     280 us
[456.531s][info ][gc,stats       ]     DU: Thread Roots                 83 us, workers (us):  21,   0,  31,  20,   9,   0,   0,   1, 
[456.531s][info ][gc,stats       ]     DU: Code Cache Roots            144 us, workers (us):   0, 143,   0,   0,   0,   0,   0,   0, 
[456.531s][info ][gc,stats       ]     DU: VM Strong Roots               5 us, workers (us):   4,   0,   0,   0,   0,   0,   0,   0, 
[456.531s][info ][gc,stats       ]     DU: VM Weak Roots                27 us, workers (us):  19,   6,   0,   0,   0,   0,   0,   1, 
[456.531s][info ][gc,stats       ]     DU: CLDG Roots                   20 us, workers (us):  16,   2,   0,   1,   0,   0,   0,   1, 
[456.531s][info ][gc,stats       ]   Cleanup                            92 us
[456.531s][info ][gc,stats       ]   Pre Heap Dump                       1 us
[456.531s][info ][gc,stats       ]   Prepare                          1172 us
[456.531s][info ][gc,stats       ]   Mark                             1019 us, parallelism: 3.08x
[456.531s][info ][gc,stats       ]     FM: <total>                    3140 us
[456.531s][info ][gc,stats       ]     FM: Thread Roots                 88 us, workers (us):  41,  28,  14,   1,   1,   1,   1,   1, 
[456.531s][info ][gc,stats       ]     FM: VM Strong Roots               4 us, workers (us):   0,   0,   1,   2,   0,   0,   0,   0, 
[456.531s][info ][gc,stats       ]     FM: CLDG Roots                   18 us, workers (us):  14,   1,   1,   1,   1,   1,   0,   0, 
[456.531s][info ][gc,stats       ]     FM: Parallel Mark              3030 us, workers (us): 434, 436, 443, 421, 396, 314, 282, 305, 
[456.531s][info ][gc,stats       ]     System Purge                    428 us
[456.531s][info ][gc,stats       ]       Weak References               127 us, parallelism: 0.02x
[456.531s][info ][gc,stats       ]         WRP: <total>                  2 us
[456.531s][info ][gc,stats       ]         WRP: Weak References          2 us, workers (us):   1,   0,   0,   0,   0,   0,   0,   0, 
[456.531s][info ][gc,stats       ]       Unload Classes                182 us, parallelism: 1.29x
[456.531s][info ][gc,stats       ]         CU: <total>                 235 us
[456.531s][info ][gc,stats       ]         CU: Unload Code Caches      235 us, workers (us): 102,  76,  57,   0,   0,   0,   0,   0, 
[456.531s][info ][gc,stats       ]       Weak Roots                    115 us, parallelism: 0.25x
[456.531s][info ][gc,stats       ]         WR: <total>                  28 us
[456.531s][info ][gc,stats       ]         WR: VM Weak Roots            28 us, workers (us):  19,   0,   0,   0,   1,   1,   5,   1, 
[456.531s][info ][gc,stats       ]       CLDG                            1 us
[456.531s][info ][gc,stats       ]   Calculate Addresses               350 us
[456.531s][info ][gc,stats       ]     Regular Objects                 249 us
[456.531s][info ][gc,stats       ]     Humongous Objects                53 us
[456.531s][info ][gc,stats       ]   Adjust Pointers                  1009 us
[456.531s][info ][gc,stats       ]     FA: <total>                     309 us
[456.531s][info ][gc,stats       ]     FA: Thread Roots                140 us, workers (us):   0,  40,  43,  56,   0,   0,   0,   0, 
[456.531s][info ][gc,stats       ]     FA: Code Cache Roots            128 us, workers (us): 128,   0,   0,   0,   0,   0,   0,   0, 
[456.531s][info ][gc,stats       ]     FA: VM Strong Roots               2 us, workers (us):   1,   0,   0,   0,   0,   0,   0,   0, 
[456.531s][info ][gc,stats       ]     FA: VM Weak Roots                29 us, workers (us):  18,   9,   0,   0,   0,   0,   0,   0, 
[456.531s][info ][gc,stats       ]     FA: CLDG Roots                    9 us, workers (us):   0,   8,   0,   0,   0,   0,   0,   0, 
[456.531s][info ][gc,stats       ]   Copy Objects                     1709 us
[456.531s][info ][gc,stats       ]     Regular Objects                 319 us
[456.531s][info ][gc,stats       ]     Humongous Objects                29 us
[456.531s][info ][gc,stats       ]     Reset Complete Bitmap          1328 us
[456.531s][info ][gc,stats       ]     Rebuild Region Sets              32 us
[456.531s][info ][gc,stats       ]   Post Heap Dump                      1 us
[456.531s][info ][gc,stats       ] 
[456.531s][info ][gc,stats       ] Allocation pacing accrued:
[456.531s][info ][gc,stats       ]       0 of    11 ms (  0.0%): <total>
[456.531s][info ][gc,stats       ]       0 of    11 ms (  0.0%): <average total>
[456.531s][info ][gc,stats       ] 
[456.531s][info ][gc,metaspace   ] Metaspace: 253K(448K)->253K(448K) NonClass: 247K(320K)->247K(320K) Class: 5K(128K)->5K(128K)
[456.531s][info ][gc,ergo        ] Pacer for Idle. Initial: 41943K, Alloc Tax Rate: 1.0x
[456.532s][info ][gc             ] Trigger: Handle Allocation Failure
[456.532s][info ][gc,ergo        ] Free: 1520K, Max: 1024K regular, 1024K humongous, Frag: 0% external, 25% internal; Reserve: 102M, Max: 1024K
[456.532s][info ][gc,start       ] GC(28435) Pause Degenerated GC (Outside of Cycle)
[456.533s][info ][gc,task        ] GC(28435) Using 8 of 8 workers for stw degenerated gc
[456.533s][info ][gc,ref         ] GC(28435) Clearing All SoftReferences
[456.533s][info ][gc,ref         ] GC(28435) Encountered references: Soft: 7, Weak: 34, Final: 0, Phantom: 1
[456.533s][info ][gc,ref         ] GC(28435) Discovered  references: Soft: 4, Weak: 9, Final: 0, Phantom: 1
[456.533s][info ][gc,ref         ] GC(28435) Enqueued    references: Soft: 0, Weak: 0, Final: 0, Phantom: 0
[456.533s][debug][gc,phases,start] GC(28435) ClassLoaderData
[456.533s][debug][gc,phases      ] GC(28435) ClassLoaderData 0.008ms
[456.533s][debug][gc,phases,start] GC(28435) Trigger cleanups
[456.533s][debug][gc,phases      ] GC(28435) Trigger cleanups 0.003ms
[456.534s][info ][gc,ergo        ] GC(28435) Adaptive CSet Selection. Target Free: 290M, Actual Free: 103M, Max CSet: 87381K, Min Garbage: 187M
[456.534s][info ][gc,ergo        ] GC(28435) Collectable Garbage: 0B (0%), Immediate: 0B (0%), CSet: 0B (0%)
[456.536s][info ][gc,ergo        ] GC(28435) Bad progress for free space: 1024K, need 20971K
[456.536s][info ][gc             ] GC(28435) Cancelling GC: Upgrade To Full GC
[456.537s][info ][gc,phases,start] GC(28435) Phase 1: Mark live objects
[456.537s][info ][gc,ref         ] GC(28435) Clearing All SoftReferences
[456.537s][info ][gc,ref         ] GC(28435) Clearing All SoftReferences
[456.537s][info ][gc,ref         ] GC(28435) Encountered references: Soft: 7, Weak: 34, Final: 0, Phantom: 1
[456.537s][info ][gc,ref         ] GC(28435) Discovered  references: Soft: 4, Weak: 1, Final: 0, Phantom: 0
[456.537s][info ][gc,ref         ] GC(28435) Enqueued    references: Soft: 0, Weak: 0, Final: 0, Phantom: 0
[456.538s][debug][gc,phases,start] GC(28435) ClassLoaderData
[456.538s][debug][gc,phases      ] GC(28435) ClassLoaderData 0.011ms
[456.538s][debug][gc,phases,start] GC(28435) Trigger cleanups
[456.538s][debug][gc,phases      ] GC(28435) Trigger cleanups 0.003ms
[456.538s][info ][gc,phases      ] GC(28435) Phase 1: Mark live objects 0.952ms
[456.538s][info ][gc,phases,start] GC(28435) Phase 2: Compute new object addresses
[456.538s][info ][gc,phases      ] GC(28435) Phase 2: Compute new object addresses 0.361ms
[456.538s][info ][gc,phases,start] GC(28435) Phase 3: Adjust pointers
[456.539s][info ][gc,phases      ] GC(28435) Phase 3: Adjust pointers 1.112ms
[456.539s][info ][gc,phases,start] GC(28435) Phase 4: Move objects
[456.541s][info ][gc,phases      ] GC(28435) Phase 4: Move objects 1.505ms
[456.541s][info ][gc,ergo        ] GC(28435) Bad progress for free space: 1520K, need 20971K
[456.541s][info ][gc             ] GC(28435) Pause Degenerated GC (Outside of Cycle) 1062M->1062M(2048M) 8.395ms
[456.541s][debug][gc,ergo        ] GC(28435) Margin of error now 3.29
[456.541s][debug][gc,ergo        ] GC(28435) Spike threshold now: 0.32
[456.541s][info ][gc,ergo        ] Free: 1520K, Max: 1024K regular, 1024K humongous, Frag: 0% external, 25% internal; Reserve: 102M, Max: 1024K
[456.541s][info ][gc,stats       ] 
[456.541s][info ][gc,stats       ] All times are wall-clock times, except per-root-class counters, that are sum over
[456.541s][info ][gc,stats       ] all workers. Dividing the <total> over the root stage time estimates parallelism.
[456.541s][info ][gc,stats       ] 
[456.541s][info ][gc,stats       ] Pause Degenerated GC (G)           8497 us
[456.541s][info ][gc,stats       ] Pause Degenerated GC (N)           8402 us
[456.541s][info ][gc,stats       ]   Degen STW Mark                    397 us, parallelism: 5.50x
[456.541s][info ][gc,stats       ]     DSM: <total>                   2183 us
[456.541s][info ][gc,stats       ]     DSM: Thread Roots                51 us, workers (us):  26,  16,   5,   1,   1,   1,   1,   0, 
[456.541s][info ][gc,stats       ]     DSM: VM Strong Roots              3 us, workers (us):   1,   0,   1,   0,   0,   0,   0,   0, 
[456.541s][info ][gc             ] Failed to allocate Shared, 1024K
[456.541s][info ][gc             ] Cancelling GC: Allocation Failure
[456.541s][info ][gc,stats       ]     DSM: CLDG Roots                  16 us, workers (us):   0,  13,   0,   0,   0,   1,   1,   0, 
[456.541s][info ][gc,stats       ]     DSM: Parallel Mark             2113 us, workers (us): 261, 290, 312, 303, 263, 267, 226, 192, 
[456.541s][info ][gc,stats       ]     System Purge                    312 us
[456.541s][info ][gc,stats       ]       Weak References               108 us, parallelism: 0.02x
[456.541s][info ][gc,stats       ]         WRP: <total>                  2 us
[456.541s][info ][gc,stats       ]         WRP: Weak References          2 us, workers (us):   1,   0,   0,   0,   0,   0,   0,   0, 
[456.541s][info ][gc,stats       ]       Unload Classes                114 us, parallelism: 1.25x
[456.541s][info ][gc,stats       ]         DCU: <total>                142 us
[456.541s][info ][gc,stats       ]         DCU: Unload Code Caches      142 us, workers (us):  51,  41,  35,  15,   0,   0,   0,   0, 
[456.541s][info ][gc,stats       ]       Weak Roots                     89 us, parallelism: 0.22x
[456.541s][info ][gc,stats       ]         DWR: <total>                 19 us
[456.541s][info ][gc,stats       ]         DWR: VM Weak Roots           19 us, workers (us):  12,   3,   1,   0,   1,   1,   1,   0, 
[456.541s][info ][gc,stats       ]       CLDG                            0 us
[456.541s][info ][gc,stats       ]   Update Region States               95 us
[456.541s][info ][gc,stats       ]   Manage GC/TLABs                     2 us
[456.541s][info ][gc,stats       ]   Choose Collection Set              23 us
[456.541s][info ][gc,stats       ]   Rebuild Free Set                    8 us
[456.541s][info ][gc,stats       ]   Evacuation                        354 us
[456.541s][info ][gc,stats       ]   Manage GCLABs                       3 us
[456.541s][info ][gc,stats       ]   Update References                1300 us
[456.541s][info ][gc,stats       ]   Update Region States               98 us
[456.541s][info ][gc,stats       ]   Trash Collection Set                3 us
[456.541s][info ][gc,stats       ]   Rebuild Free Set                   14 us
[456.541s][info ][gc,stats       ]   Degen Update Roots                225 us, parallelism: 1.16x
[456.541s][info ][gc,stats       ]     DU: <total>                     261 us
[456.541s][info ][gc,stats       ]     DU: Thread Roots                 79 us, workers (us):  22,   0,  33,  22,   1,   0,   0,   1, 
[456.541s][info ][gc,stats       ]     DU: Code Cache Roots            130 us, workers (us):   0, 129,   0,   0,   0,   0,   0,   0, 
[456.541s][info ][gc,stats       ]     DU: VM Strong Roots               6 us, workers (us):   5,   0,   0,   0,   0,   0,   0,   0, 
[456.541s][info ][gc,stats       ]     DU: VM Weak Roots                27 us, workers (us):  15,  10,   1,   0,   1,   0,   0,   0, 
[456.541s][info ][gc,stats       ]     DU: CLDG Roots                   18 us, workers (us):  14,   2,   1,   0,   1,   0,   0,   0, 
[456.541s][info ][gc,stats       ]   Cleanup                            87 us
[456.541s][info ][gc,stats       ]   Pre Heap Dump                       1 us
[456.541s][info ][gc,stats       ]   Prepare                           838 us
[456.541s][info ][gc,stats       ]   Mark                              913 us, parallelism: 3.31x
[456.541s][info ][gc,stats       ]     FM: <total>                    3024 us
[456.541s][info ][gc,stats       ]     FM: Thread Roots                 68 us, workers (us):  35,  19,   9,   1,   1,   1,   1,   1, 
[456.541s][info ][gc,stats       ]     FM: VM Strong Roots               4 us, workers (us):   2,   0,   1,   0,   0,   0,   0,   0, 
[456.541s][info ][gc,stats       ]     FM: CLDG Roots                   22 us, workers (us):   0,  19,   0,   1,   0,   1,   1,   0, 
[456.541s][info ][gc,stats       ]     FM: Parallel Mark              2930 us, workers (us): 396, 361, 368, 352, 388, 379, 337, 349, 
[456.541s][info ][gc,stats       ]     System Purge                    378 us
[456.541s][info ][gc,stats       ]       Weak References               131 us, parallelism: 0.02x
[456.541s][info ][gc,stats       ]         WRP: <total>                  2 us
[456.541s][info ][gc,stats       ]         WRP: Weak References          2 us, workers (us):   1,   0,   0,   0,   0,   0,   0,   0, 
[456.541s][info ][gc,stats       ]       Unload Classes                148 us, parallelism: 1.59x
[456.541s][info ][gc,stats       ]         CU: <total>                 236 us
[456.541s][info ][gc,stats       ]         CU: Unload Code Caches      236 us, workers (us):  68,  66,  43,  36,  22,   0,   0,   0, 
[456.541s][info ][gc,stats       ]       Weak Roots                     95 us, parallelism: 0.25x
[456.542s][info ][gc,stats       ]         WR: <total>                  23 us
[456.542s][info ][gc,stats       ]         WR: VM Weak Roots            23 us, workers (us):  14,   4,   1,   1,   1,   1,   1,   1, 
[456.542s][info ][gc,stats       ]       CLDG                            1 us
[456.542s][info ][gc,stats       ]   Calculate Addresses               356 us
[456.542s][info ][gc,stats       ]     Regular Objects                 261 us
[456.542s][info ][gc,stats       ]     Humongous Objects                56 us
[456.542s][info ][gc,stats       ]   Adjust Pointers                  1108 us
[456.542s][info ][gc,stats       ]     FA: <total>                     195 us
[456.542s][info ][gc,stats       ]     FA: Thread Roots                 47 us, workers (us):   1,  14,  22,   9,   0,   0,   0,   0, 
[456.542s][info ][gc,stats       ]     FA: Code Cache Roots            111 us, workers (us): 110,   0,   0,   0,   0,   0,   0,   0, 
[456.542s][info ][gc,stats       ]     FA: VM Strong Roots               3 us, workers (us):   2,   0,   0,   0,   0,   0,   0,   0, 
[456.542s][info ][gc,stats       ]     FA: VM Weak Roots                21 us, workers (us):  14,   5,   0,   0,   0,   0,   0,   0, 
[456.542s][info ][gc,stats       ]     FA: CLDG Roots                   13 us, workers (us):   1,  11,   0,   0,   0,   0,   0,   0, 
[456.542s][info ][gc,stats       ]   Copy Objects                     1501 us
[456.542s][info ][gc,stats       ]     Regular Objects                 282 us
[456.542s][info ][gc,stats       ]     Humongous Objects                30 us
[456.542s][info ][gc,stats       ]     Reset Complete Bitmap          1149 us
[456.542s][info ][gc,stats       ]     Rebuild Region Sets              39 us
[456.542s][info ][gc,stats       ]   Post Heap Dump                      0 us
[456.542s][info ][gc,stats       ] 
[456.542s][info ][gc,stats       ] Allocation pacing accrued:
[456.542s][info ][gc,stats       ]       0 of    10 ms (  0.0%): <total>
[456.542s][info ][gc,stats       ]       0 of    10 ms (  0.0%): <average total>
[456.542s][info ][gc,stats       ] 
[456.542s][info ][gc,metaspace   ] Metaspace: 253K(448K)->253K(448K) NonClass: 247K(320K)->247K(320K) Class: 5K(128K)->5K(128K)
[456.542s][info ][gc,ergo        ] Pacer for Idle. Initial: 41943K, Alloc Tax Rate: 1.0x
[456.543s][info ][gc             ] Trigger: Handle Allocation Failure
[456.543s][info ][gc,ergo        ] Free: 1520K, Max: 1024K regular, 1024K humongous, Frag: 0% external, 25% internal; Reserve: 102M, Max: 1024K
[456.543s][info ][gc,start       ] GC(28436) Pause Degenerated GC (Outside of Cycle)
[456.543s][info ][gc,task        ] GC(28436) Using 8 of 8 workers for stw degenerated gc
[456.543s][info ][gc,ref         ] GC(28436) Clearing All SoftReferences
[456.544s][info ][gc,ref         ] GC(28436) Encountered references: Soft: 7, Weak: 34, Final: 0, Phantom: 1
[456.544s][info ][gc,ref         ] GC(28436) Discovered  references: Soft: 4, Weak: 2, Final: 0, Phantom: 1
[456.544s][info ][gc,ref         ] GC(28436) Enqueued    references: Soft: 0, Weak: 0, Final: 0, Phantom: 0
[456.544s][debug][gc,phases,start] GC(28436) ClassLoaderData
[456.544s][debug][gc,phases      ] GC(28436) ClassLoaderData 0.011ms
[456.544s][debug][gc,phases,start] GC(28436) Trigger cleanups
[456.544s][debug][gc,phases      ] GC(28436) Trigger cleanups 0.005ms
[456.544s][info ][gc,ergo        ] GC(28436) Adaptive CSet Selection. Target Free: 290M, Actual Free: 103M, Max CSet: 87381K, Min Garbage: 187M
[456.544s][info ][gc,ergo        ] GC(28436) Collectable Garbage: 0B (0%), Immediate: 0B (0%), CSet: 0B (0%)
[456.546s][info ][gc,ergo        ] GC(28436) Bad progress for free space: 1024K, need 20971K
[456.546s][info ][gc             ] GC(28436) Cancelling GC: Upgrade To Full GC
[456.548s][info ][gc,phases,start] GC(28436) Phase 1: Mark live objects
[456.548s][info ][gc,ref         ] GC(28436) Clearing All SoftReferences
[456.548s][info ][gc,ref         ] GC(28436) Clearing All SoftReferences
[456.548s][info ][gc,ref         ] GC(28436) Encountered references: Soft: 7, Weak: 34, Final: 0, Phantom: 1
[456.548s][info ][gc,ref         ] GC(28436) Discovered  references: Soft: 4, Weak: 1, Final: 0, Phantom: 0
[456.548s][info ][gc,ref         ] GC(28436) Enqueued    references: Soft: 0, Weak: 0, Final: 0, Phantom: 0
[456.548s][debug][gc,phases,start] GC(28436) ClassLoaderData
[456.548s][debug][gc,phases      ] GC(28436) ClassLoaderData 0.009ms
[456.548s][debug][gc,phases,start] GC(28436) Trigger cleanups
[456.548s][debug][gc,phases      ] GC(28436) Trigger cleanups 0.003ms
[456.549s][info ][gc,phases      ] GC(28436) Phase 1: Mark live objects 0.958ms
[456.549s][info ][gc,phases,start] GC(28436) Phase 2: Compute new object addresses
[456.549s][info ][gc,phases      ] GC(28436) Phase 2: Compute new object addresses 0.390ms
[456.549s][info ][gc,phases,start] GC(28436) Phase 3: Adjust pointers
[456.550s][info ][gc,phases      ] GC(28436) Phase 3: Adjust pointers 1.041ms
[456.550s][info ][gc,phases,start] GC(28436) Phase 4: Move objects
[456.552s][info ][gc,phases      ] GC(28436) Phase 4: Move objects 1.948ms
[456.552s][info ][gc,ergo        ] GC(28436) Bad progress for free space: 1520K, need 20971K
[456.552s][info ][gc             ] GC(28436) Pause Degenerated GC (Outside of Cycle) 1062M->1062M(2048M) 9.361ms
[456.552s][debug][gc,ergo        ] GC(28436) Margin of error now 3.29
[456.552s][debug][gc,ergo        ] GC(28436) Spike threshold now: 0.32
[456.552s][info ][gc,ergo        ] Free: 1520K, Max: 1024K regular, 1024K humongous, Frag: 0% external, 25% internal; Reserve: 102M, Max: 1024K
[456.552s][info ][gc,stats       ] 
[456.552s][info ][gc,stats       ] All times are wall-clock times, except per-root-class counters, that are sum over
[456.552s][info ][gc,stats       ] all workers. Dividing the <total> over the root stage time estimates parallelism.
[456.552s][info ][gc,stats       ] 
[456.552s][info ][gc,stats       ] Pause Degenerated GC (G)           9448 us
[456.552s][info ][gc,stats       ] Pause Degenerated GC (N)           9367 us
[456.552s][info ][gc,stats       ]   Degen STW Mark                    401 us, parallelism: 5.41x
[456.553s][info ][gc,stats       ]     DSM: <total>                   2169 us
[456.553s][info ][gc,stats       ]     DSM: Thread Roots                51 us, workers (us):  26,  18,   3,   1,   1,   1,   0,   1, 
[456.553s][info ][gc,stats       ]     DSM: VM Strong Roots              3 us, workers (us):   1,   0,   1,   0,   0,   0,   0,   0, 
[456.553s][info ][gc,stats       ]     DSM: CLDG Roots                  16 us, workers (us):   0,  14,   0,   1,   0,   1,   0,   0, 
[456.553s][info ][gc,stats       ]     DSM: Parallel Mark             2099 us, workers (us): 272, 289, 290, 270, 246, 269, 226, 237, 
[456.553s][info ][gc,stats       ]     System Purge                    396 us
[456.553s][info ][gc,stats       ]       Weak References               156 us, parallelism: 0.01x
[456.553s][info ][gc,stats       ]         WRP: <total>                  2 us
[456.552s][info ][gc             ] Failed to allocate Shared, 1024K
[456.553s][info ][gc             ] Cancelling GC: Allocation Failure
[456.553s][info ][gc,stats       ]         WRP: Weak References          2 us, workers (us):   1,   0,   0,   0,   0,   0,   0,   0, 
[456.553s][info ][gc,stats       ]       Unload Classes                137 us, parallelism: 1.10x
[456.553s][info ][gc,stats       ]         DCU: <total>                150 us
[456.553s][info ][gc,stats       ]         DCU: Unload Code Caches      150 us, workers (us):  52,  44,  36,  15,   3,   0,   0,   0, 
[456.553s][info ][gc,stats       ]       Weak Roots                    101 us, parallelism: 0.16x
[456.553s][info ][gc,stats       ]         DWR: <total>                 16 us
[456.553s][info ][gc,stats       ]         DWR: VM Weak Roots           16 us, workers (us):  12,   0,   0,   0,   1,   1,   1,   1, 
[456.553s][info ][gc,stats       ]       CLDG                            1 us
[456.553s][info ][gc,stats       ]   Update Region States              107 us
[456.553s][info ][gc,stats       ]   Manage GC/TLABs                     2 us
[456.553s][info ][gc,stats       ]   Choose Collection Set              32 us
[456.553s][info ][gc,stats       ]   Rebuild Free Set                   12 us
[456.553s][info ][gc,stats       ]   Evacuation                        483 us
[456.553s][info ][gc,stats       ]   Manage GCLABs                       3 us
[456.553s][info ][gc,stats       ]   Update References                1316 us
[456.553s][info ][gc,stats       ]   Update Region States               99 us
[456.553s][info ][gc,stats       ]   Trash Collection Set                2 us
[456.553s][info ][gc,stats       ]   Rebuild Free Set                   11 us
[456.553s][info ][gc,stats       ]   Degen Update Roots                235 us, parallelism: 1.22x
[456.553s][info ][gc,stats       ]     DU: <total>                     286 us
[456.553s][info ][gc,stats       ]     DU: Thread Roots                 84 us, workers (us):  33,   1,  20,  21,   9,   0,   0,   1, 
[456.553s][info ][gc,stats       ]     DU: Code Cache Roots            147 us, workers (us):   0, 145,   0,   0,   0,   0,   0,   0, 
[456.553s][info ][gc,stats       ]     DU: VM Strong Roots               5 us, workers (us):   4,   0,   0,   0,   0,   0,   0,   0, 
[456.553s][info ][gc,stats       ]     DU: VM Weak Roots                30 us, workers (us):  16,  10,   1,   1,   0,   0,   0,   1, 
[456.553s][info ][gc,stats       ]     DU: CLDG Roots                   21 us, workers (us):   2,   2,  15,   1,   0,   0,   0,   1, 
[456.553s][info ][gc,stats       ]   Cleanup                            85 us
[456.553s][info ][gc,stats       ]   Pre Heap Dump                       1 us
[456.553s][info ][gc,stats       ]   Prepare                          1132 us
[456.553s][info ][gc,stats       ]   Mark                              919 us, parallelism: 3.33x
[456.553s][info ][gc,stats       ]     FM: <total>                    3064 us
[456.553s][info ][gc,stats       ]     FM: Thread Roots                 77 us, workers (us):  37,  26,  11,   1,   0,   1,   0,   1, 
[456.553s][info ][gc,stats       ]     FM: VM Strong Roots               7 us, workers (us):   3,   0,   2,   0,   0,   0,   0,   0, 
[456.553s][info ][gc,stats       ]     FM: CLDG Roots                   23 us, workers (us):   1,  20,   0,   1,   0,   1,   0,   1, 
[456.553s][info ][gc,stats       ]     FM: Parallel Mark              2958 us, workers (us): 356, 388, 411, 380, 378, 380, 321, 343, 
[456.553s][info ][gc,stats       ]     System Purge                    342 us
[456.553s][info ][gc,stats       ]       Weak References               126 us, parallelism: 0.02x
[456.553s][info ][gc,stats       ]         WRP: <total>                  2 us
[456.553s][info ][gc,stats       ]         WRP: Weak References          2 us, workers (us):   1,   0,   0,   0,   0,   0,   0,   0, 
[456.553s][info ][gc,stats       ]       Unload Classes                118 us, parallelism: 1.42x
[456.553s][info ][gc,stats       ]         CU: <total>                 168 us
[456.553s][info ][gc,stats       ]         CU: Unload Code Caches      168 us, workers (us):  60,  54,  30,  18,   6,   0,   0,   0, 
[456.553s][info ][gc,stats       ]       Weak Roots                     95 us, parallelism: 0.26x
[456.553s][info ][gc,stats       ]         WR: <total>                  25 us
[456.553s][info ][gc,stats       ]         WR: VM Weak Roots            25 us, workers (us):  14,   5,   1,   1,   1,   1,   1,   1, 
[456.553s][info ][gc,stats       ]       CLDG                            1 us
[456.553s][info ][gc,stats       ]   Calculate Addresses               385 us
[456.553s][info ][gc,stats       ]     Regular Objects                 290 us
[456.553s][info ][gc,stats       ]     Humongous Objects                53 us
[456.553s][info ][gc,stats       ]   Adjust Pointers                  1036 us
[456.553s][info ][gc,stats       ]     FA: <total>                     224 us
[456.553s][info ][gc,stats       ]     FA: Thread Roots                 46 us, workers (us):  30,   1,   6,   0,   0,   0,   1,   8, 
[456.553s][info ][gc,stats       ]     FA: Code Cache Roots            151 us, workers (us):   0, 150,   0,   0,   0,   0,   0,   0, 
[456.553s][info ][gc,stats       ]     FA: VM Strong Roots               3 us, workers (us):   2,   0,   0,   0,   0,   0,   0,   0, 
[456.553s][info ][gc,stats       ]     FA: VM Weak Roots                15 us, workers (us):  13,   1,   0,   0,   0,   0,   0,   0, 
[456.553s][info ][gc,stats       ]     FA: CLDG Roots                    9 us, workers (us):   7,   0,   0,   0,   0,   0,   0,   0, 
[456.553s][info ][gc,stats       ]   Copy Objects                     1943 us
[456.553s][info ][gc,stats       ]     Regular Objects                 353 us
[456.553s][info ][gc,stats       ]     Humongous Objects                39 us
[456.553s][info ][gc,stats       ]     Reset Complete Bitmap          1511 us
[456.553s][info ][gc,stats       ]     Rebuild Region Sets              39 us
[456.553s][info ][gc,stats       ]   Post Heap Dump                      1 us
[456.553s][info ][gc,stats       ] 
[456.553s][info ][gc,stats       ] Allocation pacing accrued:
[456.553s][info ][gc,stats       ]       0 of    11 ms (  0.0%): <total>
[456.553s][info ][gc,stats       ]       0 of    11 ms (  0.0%): <average total>
[456.553s][info ][gc,stats       ] 
[456.553s][info ][gc,metaspace   ] Metaspace: 253K(448K)->253K(448K) NonClass: 247K(320K)->247K(320K) Class: 5K(128K)->5K(128K)
[456.553s][info ][gc,ergo        ] Pacer for Idle. Initial: 41943K, Alloc Tax Rate: 1.0x
[456.554s][info ][gc             ] Trigger: Handle Allocation Failure
[456.554s][info ][gc,ergo        ] Free: 1520K, Max: 1024K regular, 1024K humongous, Frag: 0% external, 25% internal; Reserve: 102M, Max: 1024K
[456.554s][info ][gc,start       ] GC(28437) Pause Degenerated GC (Outside of Cycle)
[456.554s][info ][gc,task        ] GC(28437) Using 8 of 8 workers for stw degenerated gc
[456.554s][info ][gc,ref         ] GC(28437) Clearing All SoftReferences
[456.555s][info ][gc,ref         ] GC(28437) Encountered references: Soft: 7, Weak: 34, Final: 0, Phantom: 1
[456.555s][info ][gc,ref         ] GC(28437) Discovered  references: Soft: 4, Weak: 4, Final: 0, Phantom: 1
[456.555s][info ][gc,ref         ] GC(28437) Enqueued    references: Soft: 0, Weak: 0, Final: 0, Phantom: 0
[456.555s][debug][gc,phases,start] GC(28437) ClassLoaderData
[456.555s][debug][gc,phases      ] GC(28437) ClassLoaderData 0.010ms
[456.555s][debug][gc,phases,start] GC(28437) Trigger cleanups
[456.555s][debug][gc,phases      ] GC(28437) Trigger cleanups 0.005ms
[456.555s][info ][gc,ergo        ] GC(28437) Adaptive CSet Selection. Target Free: 290M, Actual Free: 103M, Max CSet: 87381K, Min Garbage: 187M
[456.555s][info ][gc,ergo        ] GC(28437) Collectable Garbage: 0B (0%), Immediate: 0B (0%), CSet: 0B (0%)
[456.558s][info ][gc,ergo        ] GC(28437) Bad progress for free space: 1024K, need 20971K
[456.558s][info ][gc             ] GC(28437) Cancelling GC: Upgrade To Full GC
[456.559s][info ][gc,phases,start] GC(28437) Phase 1: Mark live objects
[456.559s][info ][gc,ref         ] GC(28437) Clearing All SoftReferences
[456.559s][info ][gc,ref         ] GC(28437) Clearing All SoftReferences
[456.560s][info ][gc,ref         ] GC(28437) Encountered references: Soft: 7, Weak: 34, Final: 0, Phantom: 1
[456.560s][info ][gc,ref         ] GC(28437) Discovered  references: Soft: 4, Weak: 9, Final: 0, Phantom: 1
[456.560s][info ][gc,ref         ] GC(28437) Enqueued    references: Soft: 0, Weak: 0, Final: 0, Phantom: 0
[456.560s][debug][gc,phases,start] GC(28437) ClassLoaderData
[456.560s][debug][gc,phases      ] GC(28437) ClassLoaderData 0.012ms
[456.560s][debug][gc,phases,start] GC(28437) Trigger cleanups
[456.560s][debug][gc,phases      ] GC(28437) Trigger cleanups 0.005ms
[456.560s][info ][gc,phases      ] GC(28437) Phase 1: Mark live objects 1.110ms
[456.560s][info ][gc,phases,start] GC(28437) Phase 2: Compute new object addresses
[456.560s][info ][gc,phases      ] GC(28437) Phase 2: Compute new object addresses 0.400ms
[456.560s][info ][gc,phases,start] GC(28437) Phase 3: Adjust pointers
[456.561s][info ][gc,phases      ] GC(28437) Phase 3: Adjust pointers 1.018ms
[456.561s][info ][gc,phases,start] GC(28437) Phase 4: Move objects
[456.563s][info ][gc,phases      ] GC(28437) Phase 4: Move objects 1.755ms
[456.563s][info ][gc,ergo        ] GC(28437) Bad progress for free space: 1520K, need 20971K
[456.563s][info ][gc             ] GC(28437) Pause Degenerated GC (Outside of Cycle) 1062M->1062M(2048M) 9.021ms
[456.563s][debug][gc,ergo        ] GC(28437) Margin of error now 3.29
[456.563s][debug][gc,ergo        ] GC(28437) Spike threshold now: 0.32
[456.563s][info ][gc,ergo        ] Free: 1520K, Max: 1024K regular, 1024K humongous, Frag: 0% external, 25% internal; Reserve: 102M, Max: 1024K
[456.563s][info ][gc,stats       ] 
[456.563s][info ][gc,stats       ] All times are wall-clock times, except per-root-class counters, that are sum over
[456.563s][info ][gc,stats       ] all workers. Dividing the <total> over the root stage time estimates parallelism.
[456.563s][info ][gc,stats       ] 
[456.563s][info ][gc,stats       ] Pause Degenerated GC (G)           9107 us
[456.563s][info ][gc,stats       ] Pause Degenerated GC (N)           9029 us
[456.564s][info ][gc,stats       ]   Degen STW Mark                    429 us, parallelism: 5.63x
[456.564s][info ][gc,stats       ]     DSM: <total>                   2413 us
[456.564s][info ][gc             ] Failed to allocate Shared, 1024K
[456.564s][info ][gc             ] Cancelling GC: Allocation Failure
[456.564s][info ][gc,stats       ]     DSM: Thread Roots                58 us, workers (us):  30,  18,   6,   1,   1,   1,   1,   1, 
[456.564s][info ][gc,stats       ]     DSM: VM Strong Roots              4 us, workers (us):   2,   0,   1,   0,   0,   0,   0,   0, 
[456.564s][info ][gc,stats       ]     DSM: CLDG Roots                  21 us, workers (us):   0,  18,   1,   1,   0,   1,   1,   1, 
[456.564s][info ][gc,stats       ]     DSM: Parallel Mark             2329 us, workers (us): 332, 290, 320, 313, 300, 261, 270, 243, 
[456.564s][info ][gc,stats       ]     System Purge                    385 us
[456.564s][info ][gc,stats       ]       Weak References               135 us, parallelism: 0.02x
[456.564s][info ][gc,stats       ]         WRP: <total>                  2 us
[456.564s][info ][gc,stats       ]         WRP: Weak References          2 us, workers (us):   2,   0,   0,   0,   0,   0,   0,   0, 
[456.564s][info ][gc,stats       ]       Unload Classes                130 us, parallelism: 1.21x
[456.564s][info ][gc,stats       ]         DCU: <total>                158 us
[456.564s][info ][gc,stats       ]         DCU: Unload Code Caches      158 us, workers (us):  55,  48,  36,  18,   0,   0,   0,   0, 
[456.564s][info ][gc,stats       ]       Weak Roots                    118 us, parallelism: 0.16x
[456.564s][info ][gc,stats       ]         DWR: <total>                 20 us
[456.564s][info ][gc,stats       ]         DWR: VM Weak Roots           20 us, workers (us):  15,   1,   1,   1,   1,   1,   1,   1, 
[456.564s][info ][gc,stats       ]       CLDG                            0 us
[456.564s][info ][gc,stats       ]   Update Region States              102 us
[456.564s][info ][gc,stats       ]   Manage GC/TLABs                     3 us
[456.564s][info ][gc,stats       ]   Choose Collection Set              28 us
[456.564s][info ][gc,stats       ]   Rebuild Free Set                   12 us
[456.564s][info ][gc,stats       ]   Evacuation                        485 us
[456.564s][info ][gc,stats       ]   Manage GCLABs                       3 us
[456.564s][info ][gc,stats       ]   Update References                1255 us
[456.564s][info ][gc,stats       ]   Update Region States              115 us
[456.564s][info ][gc,stats       ]   Trash Collection Set                3 us
[456.564s][info ][gc,stats       ]   Rebuild Free Set                   18 us
[456.564s][info ][gc,stats       ]   Degen Update Roots                251 us, parallelism: 1.14x
[456.564s][info ][gc,stats       ]     DU: <total>                     287 us
[456.564s][info ][gc,stats       ]     DU: Thread Roots                 84 us, workers (us):   1,  20,  31,  22,   9,   0,   0,   0, 
[456.564s][info ][gc,stats       ]     DU: Code Cache Roots            152 us, workers (us): 151,   0,   0,   0,   0,   0,   0,   0, 
[456.564s][info ][gc,stats       ]     DU: VM Strong Roots               5 us, workers (us):   4,   0,   0,   0,   0,   0,   0,   0, 
[456.564s][info ][gc,stats       ]     DU: VM Weak Roots                29 us, workers (us):  19,   8,   1,   0,   1,   0,   0,   0, 
[456.564s][info ][gc,stats       ]     DU: CLDG Roots                   18 us, workers (us):   2,  14,   1,   0,   1,   0,   0,   0, 
[456.564s][info ][gc,stats       ]   Cleanup                            90 us
[456.564s][info ][gc,stats       ]   Pre Heap Dump                       1 us
[456.564s][info ][gc,stats       ]   Prepare                           832 us
[456.564s][info ][gc,stats       ]   Mark                             1048 us, parallelism: 3.47x
[456.564s][info ][gc,stats       ]     FM: <total>                    3639 us
[456.564s][info ][gc,stats       ]     FM: Thread Roots                145 us, workers (us):  62,  40,  24,  14,   0,   2,   1,   2, 
[456.564s][info ][gc,stats       ]     FM: VM Strong Roots               8 us, workers (us):   0,   5,   2,   0,   0,   0,   0,   0, 
[456.564s][info ][gc,stats       ]     FM: CLDG Roots                   41 us, workers (us):  36,   1,   1,   1,   0,   1,   1,   0, 
[456.564s][info ][gc,stats       ]     FM: Parallel Mark              3446 us, workers (us): 408, 411, 495, 460, 462, 388, 440, 382, 
[456.564s][info ][gc,stats       ]     System Purge                    373 us
[456.564s][info ][gc,stats       ]       Weak References               133 us, parallelism: 0.02x
[456.564s][info ][gc,stats       ]         WRP: <total>                  3 us
[456.564s][info ][gc,stats       ]         WRP: Weak References          3 us, workers (us):   2,   0,   0,   0,   0,   0,   0,   0, 
[456.564s][info ][gc,stats       ]       Unload Classes                131 us, parallelism: 1.54x
[456.564s][info ][gc,stats       ]         CU: <total>                 202 us
[456.564s][info ][gc,stats       ]         CU: Unload Code Caches      202 us, workers (us):  71,  46,  40,  34,  11,   0,   0,   0, 
[456.564s][info ][gc,stats       ]       Weak Roots                    106 us, parallelism: 0.24x
[456.564s][info ][gc,stats       ]         WR: <total>                  26 us
[456.564s][info ][gc,stats       ]         WR: VM Weak Roots            26 us, workers (us):  17,   4,   1,   1,   1,   1,   1,   1, 
[456.564s][info ][gc,stats       ]       CLDG                            1 us
[456.564s][info ][gc,stats       ]   Calculate Addresses               395 us
[456.564s][info ][gc,stats       ]     Regular Objects                 283 us
[456.564s][info ][gc,stats       ]     Humongous Objects                58 us
[456.564s][info ][gc,stats       ]   Adjust Pointers                  1014 us
[456.564s][info ][gc,stats       ]     FA: <total>                     201 us
[456.564s][info ][gc,stats       ]     FA: Thread Roots                 46 us, workers (us):  19,   1,  18,   8,   0,   0,   1,   0, 
[456.564s][info ][gc,stats       ]     FA: Code Cache Roots            125 us, workers (us):   0, 124,   0,   0,   0,   0,   0,   0, 
[456.564s][info ][gc,stats       ]     FA: VM Strong Roots               2 us, workers (us):   2,   0,   0,   0,   0,   0,   0,   0, 
[456.564s][info ][gc,stats       ]     FA: VM Weak Roots                18 us, workers (us):  14,   2,   0,   0,   0,   0,   0,   0, 
[456.564s][info ][gc,stats       ]     FA: CLDG Roots                    9 us, workers (us):   7,   1,   0,   0,   0,   0,   0,   0, 
[456.564s][info ][gc,stats       ]   Copy Objects                     1751 us
[456.564s][info ][gc,stats       ]     Regular Objects                 331 us
[456.564s][info ][gc,stats       ]     Humongous Objects                33 us
[456.564s][info ][gc,stats       ]     Reset Complete Bitmap          1306 us
[456.564s][info ][gc,stats       ]     Rebuild Region Sets              81 us
[456.564s][info ][gc,stats       ]   Post Heap Dump                      0 us
[456.564s][info ][gc,stats       ] 
[456.564s][info ][gc,stats       ] Allocation pacing accrued:
[456.564s][info ][gc,stats       ]       0 of    11 ms (  0.0%): <total>
[456.564s][info ][gc,stats       ]       0 of    11 ms (  0.0%): <average total>
[456.564s][info ][gc,stats       ] 
[456.564s][info ][gc,metaspace   ] Metaspace: 253K(448K)->253K(448K) NonClass: 247K(320K)->247K(320K) Class: 5K(128K)->5K(128K)
[456.564s][info ][gc,ergo        ] Pacer for Idle. Initial: 41943K, Alloc Tax Rate: 1.0x
[456.565s][info ][gc             ] Trigger: Handle Allocation Failure
[456.565s][info ][gc,ergo        ] Free: 1520K, Max: 1024K regular, 1024K humongous, Frag: 0% external, 25% internal; Reserve: 102M, Max: 1024K
[456.565s][info ][gc,start       ] GC(28438) Pause Full
[456.565s][info ][gc,task        ] GC(28438) Using 8 of 8 workers for full gc
[456.565s][info ][gc,phases,start] GC(28438) Phase 1: Mark live objects
[456.565s][info ][gc,ref         ] GC(28438) Clearing All SoftReferences
[456.565s][info ][gc,ref         ] GC(28438) Clearing All SoftReferences
[456.566s][info ][gc,ref         ] GC(28438) Encountered references: Soft: 7, Weak: 34, Final: 0, Phantom: 1
[456.566s][info ][gc,ref         ] GC(28438) Discovered  references: Soft: 4, Weak: 9, Final: 0, Phantom: 1
[456.566s][info ][gc,ref         ] GC(28438) Enqueued    references: Soft: 0, Weak: 0, Final: 0, Phantom: 0
[456.566s][debug][gc,phases,start] GC(28438) ClassLoaderData
[456.566s][debug][gc,phases      ] GC(28438) ClassLoaderData 0.010ms
[456.566s][debug][gc,phases,start] GC(28438) Trigger cleanups
[456.566s][debug][gc,phases      ] GC(28438) Trigger cleanups 0.005ms
[456.566s][info ][gc,phases      ] GC(28438) Phase 1: Mark live objects 0.786ms
[456.566s][info ][gc,phases,start] GC(28438) Phase 2: Compute new object addresses
[456.566s][info ][gc,phases      ] GC(28438) Phase 2: Compute new object addresses 0.396ms
[456.566s][info ][gc,phases,start] GC(28438) Phase 3: Adjust pointers
[456.568s][info ][gc,phases      ] GC(28438) Phase 3: Adjust pointers 1.305ms
[456.568s][info ][gc,phases,start] GC(28438) Phase 4: Move objects
[456.570s][info ][gc,phases      ] GC(28438) Phase 4: Move objects 1.866ms
[456.570s][info ][gc,ergo        ] GC(28438) Bad progress for free space: 1520K, need 20971K
[456.570s][info ][gc             ] GC(28438) Pause Full 1062M->1062M(2048M) 4.714ms
[456.570s][debug][gc,ergo        ] GC(28438) Margin of error now 3.29
[456.570s][debug][gc,ergo        ] GC(28438) Spike threshold now: 0.32
[456.570s][info ][gc,ergo        ] Free: 1520K, Max: 1024K regular, 1024K humongous, Frag: 0% external, 25% internal; Reserve: 102M, Max: 1024K
[456.570s][info ][gc,stats       ] 
[456.570s][info ][gc,stats       ] All times are wall-clock times, except per-root-class counters, that are sum over
[456.570s][info ][gc,stats       ] all workers. Dividing the <total> over the root stage time estimates parallelism.
[456.570s][info ][gc,stats       ] 
[456.570s][info ][gc,stats       ] Pause Full GC (G)                  4791 us
[456.570s][info ][gc,stats       ] Pause Full GC (N)                  4720 us
[456.570s][info ][gc,stats       ]   Pre Heap Dump                       0 us
[456.570s][info ][gc,stats       ]   Prepare                            98 us
[456.570s][info ][gc,stats       ]   Mark                              778 us, parallelism: 2.89x
[456.570s][info ][gc,stats       ]     FM: <total>                    2247 us
[456.570s][info ][gc,stats       ]     FM: Thread Roots                 47 us, workers (us):  25,  13,   6,   1,   1,   1,   0,   1, 
[456.570s][info ][gc,stats       ]     FM: VM Strong Roots               3 us, workers (us):   2,   0,   0,   0,   0,   0,   0,   0, 
[456.570s][info ][gc,stats       ]     FM: CLDG Roots                   17 us, workers (us):   0,  14,   0,   1,   1,   1,   0,   1, 
[456.570s][info ][gc,stats       ]     FM: Parallel Mark              2181 us, workers (us): 267, 278, 281, 316, 294, 224, 270, 250, 
[456.570s][info ][gc             ] Failed to allocate Shared, 1024K
[456.570s][info ][gc             ] Cancelling GC: Allocation Failure
[456.570s][info ][gc,stats       ]     System Purge                    355 us
[456.570s][info ][gc,stats       ]       Weak References               127 us, parallelism: 0.01x
[456.570s][info ][gc,stats       ]         WRP: <total>                  2 us
[456.570s][info ][gc,stats       ]         WRP: Weak References          2 us, workers (us):   1,   0,   0,   0,   0,   0,   0,   0, 
[456.570s][info ][gc,stats       ]       Unload Classes                131 us, parallelism: 1.07x
[456.570s][info ][gc,stats       ]         CU: <total>                 140 us
[456.570s][info ][gc,stats       ]         CU: Unload Code Caches      140 us, workers (us):  57,  49,  33,   1,   0,   0,   0,   0, 
[456.570s][info ][gc,stats       ]       Weak Roots                     96 us, parallelism: 0.15x
[456.570s][info ][gc,stats       ]         WR: <total>                  14 us
[456.570s][info ][gc,stats       ]         WR: VM Weak Roots            14 us, workers (us):   9,   0,   0,   1,   1,   1,   1,   1, 
[456.570s][info ][gc,stats       ]       CLDG                            0 us
[456.570s][info ][gc,stats       ]   Calculate Addresses               388 us
[456.570s][info ][gc,stats       ]     Regular Objects                 269 us
[456.570s][info ][gc,stats       ]     Humongous Objects                52 us
[456.570s][info ][gc,stats       ]   Adjust Pointers                  1299 us
[456.570s][info ][gc,stats       ]     FA: <total>                     184 us
[456.570s][info ][gc,stats       ]     FA: Thread Roots                 30 us, workers (us):   1,  17,  12,   0,   0,   0,   0,   0, 
[456.570s][info ][gc,stats       ]     FA: Code Cache Roots            128 us, workers (us): 128,   0,   0,   0,   0,   0,   0,   0, 
[456.570s][info ][gc,stats       ]     FA: VM Strong Roots               2 us, workers (us):   2,   0,   0,   0,   0,   0,   0,   0, 
[456.570s][info ][gc,stats       ]     FA: VM Weak Roots                15 us, workers (us):  10,   4,   0,   0,   0,   0,   0,   0, 
[456.570s][info ][gc,stats       ]     FA: CLDG Roots                    8 us, workers (us):   1,   7,   0,   0,   0,   0,   0,   0, 
[456.570s][info ][gc,stats       ]   Copy Objects                     1860 us
[456.570s][info ][gc,stats       ]     Regular Objects                 295 us
[456.570s][info ][gc,stats       ]     Humongous Objects                30 us
[456.570s][info ][gc,stats       ]     Reset Complete Bitmap          1502 us
[456.570s][info ][gc,stats       ]     Rebuild Region Sets              32 us
[456.570s][info ][gc,stats       ]   Post Heap Dump                      0 us
[456.570s][info ][gc,stats       ] 
[456.570s][info ][gc,stats       ] Allocation pacing accrued:
[456.570s][info ][gc,stats       ]       0 of     7 ms (  0.0%): <total>
[456.570s][info ][gc,stats       ]       0 of     7 ms (  0.0%): <average total>
[456.570s][info ][gc,stats       ] 
[456.570s][info ][gc,metaspace   ] Metaspace: 253K(448K)->253K(448K) NonClass: 247K(320K)->247K(320K) Class: 5K(128K)->5K(128K)
[456.570s][info ][gc,ergo        ] Pacer for Idle. Initial: 41943K, Alloc Tax Rate: 1.0x
[456.571s][info ][gc             ] Trigger: Handle Allocation Failure
[456.572s][info ][gc,ergo        ] Free: 1520K, Max: 1024K regular, 1024K humongous, Frag: 0% external, 25% internal; Reserve: 102M, Max: 1024K
[456.572s][info ][gc,start       ] GC(28439) Pause Degenerated GC (Outside of Cycle)
[456.572s][info ][gc,task        ] GC(28439) Using 8 of 8 workers for stw degenerated gc
[456.572s][info ][gc,ref         ] GC(28439) Clearing All SoftReferences
[456.572s][info ][gc,ref         ] GC(28439) Encountered references: Soft: 7, Weak: 34, Final: 0, Phantom: 1
[456.572s][info ][gc,ref         ] GC(28439) Discovered  references: Soft: 4, Weak: 9, Final: 0, Phantom: 1
[456.572s][info ][gc,ref         ] GC(28439) Enqueued    references: Soft: 0, Weak: 0, Final: 0, Phantom: 0
[456.572s][debug][gc,phases,start] GC(28439) ClassLoaderData
[456.572s][debug][gc,phases      ] GC(28439) ClassLoaderData 0.010ms
[456.572s][debug][gc,phases,start] GC(28439) Trigger cleanups
[456.572s][debug][gc,phases      ] GC(28439) Trigger cleanups 0.003ms
[456.573s][info ][gc,ergo        ] GC(28439) Adaptive CSet Selection. Target Free: 290M, Actual Free: 103M, Max CSet: 87381K, Min Garbage: 187M
[456.573s][info ][gc,ergo        ] GC(28439) Collectable Garbage: 0B (0%), Immediate: 0B (0%), CSet: 0B (0%)
[456.575s][info ][gc,ergo        ] GC(28439) Bad progress for free space: 1024K, need 20971K
[456.575s][info ][gc             ] GC(28439) Cancelling GC: Upgrade To Full GC
[456.576s][info ][gc,phases,start] GC(28439) Phase 1: Mark live objects
[456.576s][info ][gc,ref         ] GC(28439) Clearing All SoftReferences
[456.576s][info ][gc,ref         ] GC(28439) Clearing All SoftReferences
[456.577s][info ][gc,ref         ] GC(28439) Encountered references: Soft: 7, Weak: 34, Final: 0, Phantom: 1
[456.577s][info ][gc,ref         ] GC(28439) Discovered  references: Soft: 4, Weak: 4, Final: 0, Phantom: 1
[456.577s][info ][gc,ref         ] GC(28439) Enqueued    references: Soft: 0, Weak: 0, Final: 0, Phantom: 0
[456.577s][debug][gc,phases,start] GC(28439) ClassLoaderData
[456.577s][debug][gc,phases      ] GC(28439) ClassLoaderData 0.013ms
[456.577s][debug][gc,phases,start] GC(28439) Trigger cleanups
[456.577s][debug][gc,phases      ] GC(28439) Trigger cleanups 0.004ms
[456.577s][info ][gc,phases      ] GC(28439) Phase 1: Mark live objects 1.025ms
[456.577s][info ][gc,phases,start] GC(28439) Phase 2: Compute new object addresses
[456.578s][info ][gc,phases      ] GC(28439) Phase 2: Compute new object addresses 0.475ms
[456.578s][info ][gc,phases,start] GC(28439) Phase 3: Adjust pointers
[456.579s][info ][gc,phases      ] GC(28439) Phase 3: Adjust pointers 1.042ms
[456.579s][info ][gc,phases,start] GC(28439) Phase 4: Move objects
[456.581s][info ][gc,phases      ] GC(28439) Phase 4: Move objects 1.814ms
[456.581s][info ][gc,ergo        ] GC(28439) Bad progress for free space: 1520K, need 20971K
[456.581s][info ][gc             ] GC(28439) Pause Degenerated GC (Outside of Cycle) 1062M->1062M(2048M) 9.278ms
[456.581s][debug][gc,ergo        ] GC(28439) Margin of error now 3.29
[456.581s][debug][gc,ergo        ] GC(28439) Spike threshold now: 0.32
[456.581s][info ][gc,ergo        ] Free: 1520K, Max: 1024K regular, 1024K humongous, Frag: 0% external, 25% internal; Reserve: 102M, Max: 1024K
[456.581s][info ][gc,stats       ] 
[456.581s][info ][gc,stats       ] All times are wall-clock times, except per-root-class counters, that are sum over
[456.581s][info ][gc,stats       ] all workers. Dividing the <total> over the root stage time estimates parallelism.
[456.581s][info ][gc,stats       ] 
[456.581s][info ][gc,stats       ] Pause Degenerated GC (G)           9364 us
[456.581s][info ][gc,stats       ] Pause Degenerated GC (N)           9284 us
[456.581s][info ][gc,stats       ]   Degen STW Mark                    432 us, parallelism: 5.65x
[456.581s][info ][gc             ] Failed to allocate Shared, 1024K
[456.581s][info ][gc             ] Cancelling GC: Allocation Failure
[456.581s][info ][gc,stats       ]     DSM: <total>                   2441 us
[456.581s][info ][gc,stats       ]     DSM: Thread Roots                63 us, workers (us):  32,  20,   7,   1,   1,   1,   1,   1, 
[456.581s][info ][gc,stats       ]     DSM: VM Strong Roots              3 us, workers (us):   0,   2,   0,   0,   0,   0,   0,   0, 
[456.581s][info ][gc,stats       ]     DSM: CLDG Roots                  18 us, workers (us):  15,   0,   0,   0,   1,   1,   1,   1, 
[456.581s][info ][gc,stats       ]     DSM: Parallel Mark             2357 us, workers (us): 319, 295, 300, 316, 308, 278, 272, 270, 
[456.581s][info ][gc,stats       ]     System Purge                    321 us
[456.581s][info ][gc,stats       ]       Weak References               114 us, parallelism: 0.02x
[456.581s][info ][gc,stats       ]         WRP: <total>                  2 us
[456.581s][info ][gc,stats       ]         WRP: Weak References          2 us, workers (us):   1,   0,   0,   0,   0,   0,   0,   0, 
[456.581s][info ][gc,stats       ]       Unload Classes                115 us, parallelism: 1.37x
[456.581s][info ][gc,stats       ]         DCU: <total>                157 us
[456.581s][info ][gc,stats       ]         DCU: Unload Code Caches      157 us, workers (us):  59,  45,  34,  18,   1,   0,   0,   0, 
[456.581s][info ][gc,stats       ]       Weak Roots                     91 us, parallelism: 0.22x
[456.581s][info ][gc,stats       ]         DWR: <total>                 20 us
[456.581s][info ][gc,stats       ]         DWR: VM Weak Roots           20 us, workers (us):  14,   2,   1,   1,   1,   1,   0,   1, 
[456.581s][info ][gc,stats       ]       CLDG                            1 us
[456.581s][info ][gc,stats       ]   Update Region States               93 us
[456.581s][info ][gc,stats       ]   Manage GC/TLABs                     2 us
[456.581s][info ][gc,stats       ]   Choose Collection Set              31 us
[456.581s][info ][gc,stats       ]   Rebuild Free Set                    8 us
[456.581s][info ][gc,stats       ]   Evacuation                        364 us
[456.581s][info ][gc,stats       ]   Manage GCLABs                       3 us
[456.581s][info ][gc,stats       ]   Update References                1321 us
[456.581s][info ][gc,stats       ]   Update Region States              108 us
[456.581s][info ][gc,stats       ]   Trash Collection Set                3 us
[456.581s][info ][gc,stats       ]   Rebuild Free Set                   19 us
[456.581s][info ][gc,stats       ]   Degen Update Roots                270 us, parallelism: 1.14x
[456.581s][info ][gc,stats       ]     DU: <total>                     307 us
[456.581s][info ][gc,stats       ]     DU: Thread Roots                 89 us, workers (us):  31,   1,  16,  28,  13,   1,   0,   0, 
[456.581s][info ][gc,stats       ]     DU: Code Cache Roots            162 us, workers (us):   0, 161,   0,   0,   0,   0,   0,   0, 
[456.581s][info ][gc,stats       ]     DU: VM Strong Roots               5 us, workers (us):   4,   0,   0,   0,   0,   0,   0,   0, 
[456.581s][info ][gc,stats       ]     DU: VM Weak Roots                28 us, workers (us):  22,   3,   1,   1,   1,   0,   0,   0, 
[456.581s][info ][gc,stats       ]     DU: CLDG Roots                   23 us, workers (us):   2,   2,  17,   1,   1,   0,   0,   0, 
[456.581s][info ][gc,stats       ]   Cleanup                            90 us
[456.581s][info ][gc,stats       ]   Pre Heap Dump                       1 us
[456.581s][info ][gc,stats       ]   Prepare                          1115 us
[456.581s][info ][gc,stats       ]   Mark                              985 us, parallelism: 3.46x
[456.581s][info ][gc,stats       ]     FM: <total>                    3405 us
[456.581s][info ][gc,stats       ]     FM: Thread Roots                110 us, workers (us):  46,  35,  15,  10,   1,   1,   1,   1, 
[456.581s][info ][gc,stats       ]     FM: VM Strong Roots               5 us, workers (us):   0,   2,   1,   1,   0,   0,   0,   0, 
[456.581s][info ][gc,stats       ]     FM: CLDG Roots                   29 us, workers (us):  25,   0,   0,   0,   0,   1,   0,   1, 
[456.581s][info ][gc,stats       ]     FM: Parallel Mark              3261 us, workers (us): 413, 445, 409, 425, 399, 409, 408, 351, 
[456.581s][info ][gc,stats       ]     System Purge                    386 us
[456.581s][info ][gc,stats       ]       Weak References               149 us, parallelism: 0.01x
[456.581s][info ][gc,stats       ]         WRP: <total>                  2 us
[456.581s][info ][gc,stats       ]         WRP: Weak References          2 us, workers (us):   1,   0,   0,   0,   0,   0,   0,   0, 
[456.581s][info ][gc,stats       ]       Unload Classes                128 us, parallelism: 1.31x
[456.581s][info ][gc,stats       ]         CU: <total>                 168 us
[456.581s][info ][gc,stats       ]         CU: Unload Code Caches      168 us, workers (us):  56,  52,  37,  17,   6,   0,   0,   0, 
[456.581s][info ][gc,stats       ]       Weak Roots                    104 us, parallelism: 0.21x
[456.581s][info ][gc,stats       ]         WR: <total>                  22 us
[456.581s][info ][gc,stats       ]         WR: VM Weak Roots            22 us, workers (us):  15,   1,   1,   1,   1,   1,   1,   1, 
[456.582s][info ][gc,stats       ]       CLDG                            1 us
[456.582s][info ][gc,stats       ]   Calculate Addresses               470 us
[456.582s][info ][gc,stats       ]     Regular Objects                 331 us
[456.582s][info ][gc,stats       ]     Humongous Objects                85 us
[456.582s][info ][gc,stats       ]   Adjust Pointers                  1035 us
[456.582s][info ][gc,stats       ]     FA: <total>                     180 us
[456.582s][info ][gc,stats       ]     FA: Thread Roots                 44 us, workers (us):   1,  20,  20,   3,   0,   0,   0,   0, 
[456.582s][info ][gc,stats       ]     FA: Code Cache Roots            112 us, workers (us): 111,   0,   0,   0,   0,   0,   0,   0, 
[456.582s][info ][gc,stats       ]     FA: VM Strong Roots               2 us, workers (us):   1,   0,   0,   0,   0,   0,   0,   0, 
[456.582s][info ][gc,stats       ]     FA: VM Weak Roots                12 us, workers (us):  10,   1,   0,   0,   0,   0,   0,   0, 
[456.582s][info ][gc,stats       ]     FA: CLDG Roots                    9 us, workers (us):   7,   1,   0,   0,   0,   0,   0,   0, 
[456.582s][info ][gc,stats       ]   Copy Objects                     1808 us
[456.582s][info ][gc,stats       ]     Regular Objects                 344 us
[456.582s][info ][gc,stats       ]     Humongous Objects                37 us
[456.582s][info ][gc,stats       ]     Reset Complete Bitmap          1395 us
[456.582s][info ][gc,stats       ]     Rebuild Region Sets              32 us
[456.582s][info ][gc,stats       ]   Post Heap Dump                      0 us
[456.582s][info ][gc,stats       ] 
[456.582s][info ][gc,stats       ] Allocation pacing accrued:
[456.582s][info ][gc,stats       ]       0 of    11 ms (  0.0%): <total>
[456.582s][info ][gc,stats       ]       0 of    11 ms (  0.0%): <average total>
[456.582s][info ][gc,stats       ] 
[456.582s][info ][gc,metaspace   ] Metaspace: 253K(448K)->253K(448K) NonClass: 247K(320K)->247K(320K) Class: 5K(128K)->5K(128K)
[456.582s][info ][gc,ergo        ] Pacer for Idle. Initial: 41943K, Alloc Tax Rate: 1.0x
[456.583s][info ][gc             ] Trigger: Handle Allocation Failure
[456.583s][info ][gc,ergo        ] Free: 1520K, Max: 1024K regular, 1024K humongous, Frag: 0% external, 25% internal; Reserve: 102M, Max: 1024K
[456.583s][info ][gc,start       ] GC(28440) Pause Degenerated GC (Outside of Cycle)
[456.583s][info ][gc,task        ] GC(28440) Using 8 of 8 workers for stw degenerated gc
[456.583s][info ][gc,ref         ] GC(28440) Clearing All SoftReferences
[456.584s][info ][gc,ref         ] GC(28440) Encountered references: Soft: 7, Weak: 34, Final: 0, Phantom: 1
[456.584s][info ][gc,ref         ] GC(28440) Discovered  references: Soft: 4, Weak: 4, Final: 0, Phantom: 0
[456.584s][info ][gc,ref         ] GC(28440) Enqueued    references: Soft: 0, Weak: 0, Final: 0, Phantom: 0
[456.584s][debug][gc,phases,start] GC(28440) ClassLoaderData
[456.584s][debug][gc,phases      ] GC(28440) ClassLoaderData 0.021ms
[456.584s][debug][gc,phases,start] GC(28440) Trigger cleanups
[456.584s][debug][gc,phases      ] GC(28440) Trigger cleanups 0.005ms
[456.584s][info ][gc,ergo        ] GC(28440) Adaptive CSet Selection. Target Free: 290M, Actual Free: 103M, Max CSet: 87381K, Min Garbage: 187M
[456.584s][info ][gc,ergo        ] GC(28440) Collectable Garbage: 0B (0%), Immediate: 0B (0%), CSet: 0B (0%)
[456.586s][info ][gc,ergo        ] GC(28440) Bad progress for free space: 1024K, need 20971K
[456.586s][info ][gc             ] GC(28440) Cancelling GC: Upgrade To Full GC
[456.587s][info ][gc,phases,start] GC(28440) Phase 1: Mark live objects
[456.587s][info ][gc,ref         ] GC(28440) Clearing All SoftReferences
[456.587s][info ][gc,ref         ] GC(28440) Clearing All SoftReferences
[456.588s][info ][gc,ref         ] GC(28440) Encountered references: Soft: 7, Weak: 34, Final: 0, Phantom: 1
[456.588s][info ][gc,ref         ] GC(28440) Discovered  references: Soft: 4, Weak: 4, Final: 0, Phantom: 1
[456.588s][info ][gc,ref         ] GC(28440) Enqueued    references: Soft: 0, Weak: 0, Final: 0, Phantom: 0
[456.588s][debug][gc,phases,start] GC(28440) ClassLoaderData
[456.588s][debug][gc,phases      ] GC(28440) ClassLoaderData 0.011ms
[456.588s][debug][gc,phases,start] GC(28440) Trigger cleanups
[456.588s][debug][gc,phases      ] GC(28440) Trigger cleanups 0.003ms
[456.588s][info ][gc,phases      ] GC(28440) Phase 1: Mark live objects 0.951ms
[456.588s][info ][gc,phases,start] GC(28440) Phase 2: Compute new object addresses
[456.589s][info ][gc,phases      ] GC(28440) Phase 2: Compute new object addresses 0.450ms
[456.589s][info ][gc,phases,start] GC(28440) Phase 3: Adjust pointers
[456.590s][info ][gc,phases      ] GC(28440) Phase 3: Adjust pointers 0.965ms
[456.590s][info ][gc,phases,start] GC(28440) Phase 4: Move objects
[456.591s][info ][gc,phases      ] GC(28440) Phase 4: Move objects 1.396ms
[456.591s][info ][gc,ergo        ] GC(28440) Bad progress for free space: 1520K, need 20971K
[456.591s][info ][gc             ] GC(28440) Pause Degenerated GC (Outside of Cycle) 1062M->1062M(2048M) 8.256ms
[456.591s][debug][gc,ergo        ] GC(28440) Margin of error now 3.29
[456.591s][debug][gc,ergo        ] GC(28440) Spike threshold now: 0.32
[456.591s][info ][gc,ergo        ] Free: 1520K, Max: 1024K regular, 1024K humongous, Frag: 0% external, 25% internal; Reserve: 102M, Max: 1024K
[456.591s][info ][gc,stats       ] 
[456.591s][info ][gc,stats       ] All times are wall-clock times, except per-root-class counters, that are sum over
[456.591s][info ][gc,stats       ] all workers. Dividing the <total> over the root stage time estimates parallelism.
[456.591s][info ][gc,stats       ] 
[456.591s][info ][gc,stats       ] Pause Degenerated GC (G)           8344 us
[456.591s][info ][gc             ] Failed to allocate Shared, 1024K
[456.591s][info ][gc             ] Cancelling GC: Allocation Failure
[456.591s][info ][gc,stats       ] Pause Degenerated GC (N)           8262 us
[456.591s][info ][gc,stats       ]   Degen STW Mark                    400 us, parallelism: 5.34x
[456.591s][info ][gc,stats       ]     DSM: <total>                   2138 us
[456.592s][info ][gc,stats       ]     DSM: Thread Roots                65 us, workers (us):  29,  22,  10,   1,   1,   1,   1,   1, 
[456.592s][info ][gc,stats       ]     DSM: VM Strong Roots              3 us, workers (us):   2,   0,   0,   0,   0,   0,   0,   0, 
[456.592s][info ][gc,stats       ]     DSM: CLDG Roots                  17 us, workers (us):   0,   0,  14,   1,   1,   1,   1,   1, 
[456.592s][info ][gc,stats       ]     DSM: Parallel Mark             2053 us, workers (us): 289, 261, 273, 248, 247, 249, 263, 223, 
[456.592s][info ][gc,stats       ]     System Purge                    375 us
[456.592s][info ][gc,stats       ]       Weak References               133 us, parallelism: 0.02x
[456.592s][info ][gc,stats       ]         WRP: <total>                  2 us
[456.592s][info ][gc,stats       ]         WRP: Weak References          2 us, workers (us):   1,   0,   0,   0,   0,   0,   0,   0, 
[456.592s][info ][gc,stats       ]       Unload Classes                135 us, parallelism: 1.28x
[456.592s][info ][gc,stats       ]         DCU: <total>                173 us
[456.592s][info ][gc,stats       ]         DCU: Unload Code Caches      173 us, workers (us):  54,  55,  33,  24,   7,   0,   0,   0, 
[456.592s][info ][gc,stats       ]       Weak Roots                    105 us, parallelism: 0.20x
[456.592s][info ][gc,stats       ]         DWR: <total>                 21 us
[456.592s][info ][gc,stats       ]         DWR: VM Weak Roots           21 us, workers (us):  14,   3,   1,   1,   1,   1,   0,   1, 
[456.592s][info ][gc,stats       ]       CLDG                            1 us
[456.592s][info ][gc,stats       ]   Update Region States              102 us
[456.592s][info ][gc,stats       ]   Manage GC/TLABs                     3 us
[456.592s][info ][gc,stats       ]   Choose Collection Set              28 us
[456.592s][info ][gc,stats       ]   Rebuild Free Set                   12 us
[456.592s][info ][gc,stats       ]   Evacuation                        459 us
[456.592s][info ][gc,stats       ]   Manage GCLABs                       3 us
[456.592s][info ][gc,stats       ]   Update References                1212 us
[456.592s][info ][gc,stats       ]   Update Region States              108 us
[456.592s][info ][gc,stats       ]   Trash Collection Set                3 us
[456.592s][info ][gc,stats       ]   Rebuild Free Set                   19 us
[456.592s][info ][gc,stats       ]   Degen Update Roots                238 us, parallelism: 1.22x
[456.592s][info ][gc,stats       ]     DU: <total>                     290 us
[456.592s][info ][gc,stats       ]     DU: Thread Roots                 94 us, workers (us):  22,   1,  32,  25,  14,   0,   0,   0, 
[456.592s][info ][gc,stats       ]     DU: Code Cache Roots            142 us, workers (us):   0, 141,   0,   0,   0,   0,   0,   0, 
[456.592s][info ][gc,stats       ]     DU: VM Strong Roots               6 us, workers (us):   5,   0,   0,   0,   0,   0,   0,   0, 
[456.592s][info ][gc,stats       ]     DU: VM Weak Roots                28 us, workers (us):  16,  10,   1,   0,   0,   0,   0,   0, 
[456.592s][info ][gc,stats       ]     DU: CLDG Roots                   19 us, workers (us):  15,   2,   1,   0,   1,   0,   0,   0, 
[456.592s][info ][gc,stats       ]   Cleanup                            90 us
[456.592s][info ][gc,stats       ]   Pre Heap Dump                       1 us
[456.592s][info ][gc,stats       ]   Prepare                           764 us
[456.592s][info ][gc,stats       ]   Mark                              918 us, parallelism: 3.28x
[456.592s][info ][gc,stats       ]     FM: <total>                    3013 us
[456.592s][info ][gc,stats       ]     FM: Thread Roots                 74 us, workers (us):  35,  25,  11,   1,   0,   1,   0,   1, 
[456.592s][info ][gc,stats       ]     FM: VM Strong Roots               6 us, workers (us):   2,   0,   2,   2,   0,   0,   0,   0, 
[456.592s][info ][gc,stats       ]     FM: CLDG Roots                   20 us, workers (us):   0,  17,   0,   0,   0,   1,   0,   1, 
[456.592s][info ][gc,stats       ]     FM: Parallel Mark              2913 us, workers (us): 352, 360, 422, 358, 363, 384, 350, 323, 
[456.592s][info ][gc,stats       ]     System Purge                    360 us
[456.592s][info ][gc,stats       ]       Weak References               138 us, parallelism: 0.02x
[456.592s][info ][gc,stats       ]         WRP: <total>                  3 us
[456.592s][info ][gc,stats       ]         WRP: Weak References          3 us, workers (us):   2,   0,   0,   0,   0,   0,   0,   0, 
[456.592s][info ][gc,stats       ]       Unload Classes                121 us, parallelism: 1.55x
[456.592s][info ][gc,stats       ]         CU: <total>                 188 us
[456.592s][info ][gc,stats       ]         CU: Unload Code Caches      188 us, workers (us):  67,  46,  36,  20,  18,   0,   0,   0, 
[456.592s][info ][gc,stats       ]       Weak Roots                     98 us, parallelism: 0.27x
[456.592s][info ][gc,stats       ]         WR: <total>                  26 us
[456.592s][info ][gc,stats       ]         WR: VM Weak Roots            26 us, workers (us):  17,   3,   1,   1,   1,   1,   1,   1, 
[456.592s][info ][gc,stats       ]       CLDG                            1 us
[456.592s][info ][gc,stats       ]   Calculate Addresses               445 us
[456.592s][info ][gc,stats       ]     Regular Objects                 307 us
[456.592s][info ][gc,stats       ]     Humongous Objects                86 us
[456.592s][info ][gc,stats       ]   Adjust Pointers                   958 us
[456.592s][info ][gc,stats       ]     FA: <total>                     225 us
[456.592s][info ][gc,stats       ]     FA: Thread Roots                 79 us, workers (us):   1,  29,  26,  22,   1,   0,   0,   1, 
[456.592s][info ][gc,stats       ]     FA: Code Cache Roots            121 us, workers (us): 120,   0,   0,   0,   0,   0,   0,   0, 
[456.592s][info ][gc,stats       ]     FA: VM Strong Roots               3 us, workers (us):   2,   0,   0,   0,   0,   0,   0,   0, 
[456.592s][info ][gc,stats       ]     FA: VM Weak Roots                13 us, workers (us):  10,   1,   0,   0,   0,   0,   0,   0, 
[456.592s][info ][gc,stats       ]     FA: CLDG Roots                   10 us, workers (us):   8,   0,   0,   0,   0,   0,   0,   0, 
[456.592s][info ][gc,stats       ]   Copy Objects                     1389 us
[456.592s][info ][gc,stats       ]     Regular Objects                 371 us
[456.592s][info ][gc,stats       ]     Humongous Objects                36 us
[456.592s][info ][gc,stats       ]     Reset Complete Bitmap           950 us
[456.592s][info ][gc,stats       ]     Rebuild Region Sets              31 us
[456.592s][info ][gc,stats       ]   Post Heap Dump                      0 us
[456.592s][info ][gc,stats       ] 
[456.592s][info ][gc,stats       ] Allocation pacing accrued:
[456.592s][info ][gc,stats       ]       0 of    10 ms (  0.0%): <total>
[456.592s][info ][gc,stats       ]       0 of    10 ms (  0.0%): <average total>
[456.592s][info ][gc,stats       ] 
[456.592s][info ][gc,metaspace   ] Metaspace: 253K(448K)->253K(448K) NonClass: 247K(320K)->247K(320K) Class: 5K(128K)->5K(128K)
[456.592s][info ][gc,ergo        ] Pacer for Idle. Initial: 41943K, Alloc Tax Rate: 1.0x
[456.593s][info ][gc             ] Trigger: Handle Allocation Failure
[456.593s][info ][gc,ergo        ] Free: 1520K, Max: 1024K regular, 1024K humongous, Frag: 0% external, 25% internal; Reserve: 102M, Max: 1024K
[456.593s][info ][gc,start       ] GC(28441) Pause Degenerated GC (Outside of Cycle)
[456.593s][info ][gc,task        ] GC(28441) Using 8 of 8 workers for stw degenerated gc
[456.593s][info ][gc,ref         ] GC(28441) Clearing All SoftReferences
[456.594s][info ][gc,ref         ] GC(28441) Encountered references: Soft: 7, Weak: 34, Final: 0, Phantom: 1
[456.594s][info ][gc,ref         ] GC(28441) Discovered  references: Soft: 4, Weak: 4, Final: 0, Phantom: 0
[456.594s][info ][gc,ref         ] GC(28441) Enqueued    references: Soft: 0, Weak: 0, Final: 0, Phantom: 0
[456.594s][debug][gc,phases,start] GC(28441) ClassLoaderData
[456.594s][debug][gc,phases      ] GC(28441) ClassLoaderData 0.011ms
[456.594s][debug][gc,phases,start] GC(28441) Trigger cleanups
[456.594s][debug][gc,phases      ] GC(28441) Trigger cleanups 0.005ms
[456.594s][info ][gc,ergo        ] GC(28441) Adaptive CSet Selection. Target Free: 290M, Actual Free: 103M, Max CSet: 87381K, Min Garbage: 187M
[456.594s][info ][gc,ergo        ] GC(28441) Collectable Garbage: 0B (0%), Immediate: 0B (0%), CSet: 0B (0%)
[456.597s][info ][gc,ergo        ] GC(28441) Bad progress for free space: 1024K, need 20971K
[456.597s][info ][gc             ] GC(28441) Cancelling GC: Upgrade To Full GC
[456.598s][info ][gc,phases,start] GC(28441) Phase 1: Mark live objects
[456.598s][info ][gc,ref         ] GC(28441) Clearing All SoftReferences
[456.598s][info ][gc,ref         ] GC(28441) Clearing All SoftReferences
[456.599s][info ][gc,ref         ] GC(28441) Encountered references: Soft: 7, Weak: 34, Final: 0, Phantom: 1
[456.599s][info ][gc,ref         ] GC(28441) Discovered  references: Soft: 4, Weak: 4, Final: 0, Phantom: 1
[456.599s][info ][gc,ref         ] GC(28441) Enqueued    references: Soft: 0, Weak: 0, Final: 0, Phantom: 0
[456.599s][debug][gc,phases,start] GC(28441) ClassLoaderData
[456.599s][debug][gc,phases      ] GC(28441) ClassLoaderData 0.011ms
[456.599s][debug][gc,phases,start] GC(28441) Trigger cleanups
[456.599s][debug][gc,phases      ] GC(28441) Trigger cleanups 0.003ms
[456.599s][info ][gc,phases      ] GC(28441) Phase 1: Mark live objects 1.197ms
[456.599s][info ][gc,phases,start] GC(28441) Phase 2: Compute new object addresses
[456.599s][info ][gc,phases      ] GC(28441) Phase 2: Compute new object addresses 0.376ms
[456.599s][info ][gc,phases,start] GC(28441) Phase 3: Adjust pointers
[456.600s][info ][gc,phases      ] GC(28441) Phase 3: Adjust pointers 0.977ms
[456.600s][info ][gc,phases,start] GC(28441) Phase 4: Move objects
[456.602s][info ][gc,phases      ] GC(28441) Phase 4: Move objects 1.887ms
[456.602s][info ][gc,ergo        ] GC(28441) Bad progress for free space: 1520K, need 20971K
[456.602s][info ][gc             ] GC(28441) Pause Degenerated GC (Outside of Cycle) 1062M->1062M(2048M) 9.042ms
[456.602s][debug][gc,ergo        ] GC(28441) Margin of error now 3.29
[456.602s][debug][gc,ergo        ] GC(28441) Spike threshold now: 0.32
[456.602s][info ][gc,ergo        ] Free: 1520K, Max: 1024K regular, 1024K humongous, Frag: 0% external, 25% internal; Reserve: 102M, Max: 1024K
[456.602s][info ][gc,stats       ] 
[456.602s][info ][gc,stats       ] All times are wall-clock times, except per-root-class counters, that are sum over
[456.603s][info ][gc,stats       ] all workers. Dividing the <total> over the root stage time estimates parallelism.
[456.603s][info ][gc,stats       ] 
[456.603s][info ][gc,stats       ] Pause Degenerated GC (G)           9137 us
[456.603s][info ][gc,stats       ] Pause Degenerated GC (N)           9050 us
[456.603s][info ][gc,stats       ]   Degen STW Mark                    453 us, parallelism: 5.44x
[456.603s][info ][gc,stats       ]     DSM: <total>                   2467 us
[456.603s][info ][gc,stats       ]     DSM: Thread Roots                52 us, workers (us):  27,  17,   4,   1,   1,   1,   1,   1, 
[456.603s][info ][gc,stats       ]     DSM: VM Strong Roots              3 us, workers (us):   1,   0,   1,   0,   0,   0,   0,   0, 
[456.603s][info ][gc,stats       ]     DSM: CLDG Roots                  16 us, workers (us):   0,  13,   0,   1,   0,   1,   1,   0, 
[456.603s][info ][gc,stats       ]     DSM: Parallel Mark             2396 us, workers (us): 293, 335, 328, 335, 282, 294, 288, 241, 
[456.603s][info ][gc,stats       ]     System Purge                    388 us
[456.603s][info ][gc,stats       ]       Weak References               140 us, parallelism: 0.01x
[456.603s][info ][gc,stats       ]         WRP: <total>                  2 us
[456.603s][info ][gc,stats       ]         WRP: Weak References          2 us, workers (us):   1,   0,   0,   0,   0,   0,   0,   0, 
[456.603s][info ][gc,stats       ]       Unload Classes                135 us, parallelism: 1.01x
[456.603s][info ][gc,stats       ]         DCU: <total>                137 us
[456.603s][info ][gc,stats       ]         DCU: Unload Code Caches      137 us, workers (us):  55,  46,  35,   0,   0,   0,   0,   0, 
[456.603s][info ][gc,stats       ]       Weak Roots                    111 us, parallelism: 0.18x
[456.603s][info ][gc,stats       ]         DWR: <total>                 20 us
[456.603s][info ][gc,stats       ]         DWR: VM Weak Roots           20 us, workers (us):  13,   3,   1,   1,   1,   1,   1,   1, 
[456.603s][info ][gc,stats       ]       CLDG                            1 us
[456.603s][info ][gc,stats       ]   Update Region States              106 us
[456.603s][info ][gc,stats       ]   Manage GC/TLABs                     2 us
[456.603s][info ][gc,stats       ]   Choose Collection Set              32 us
[456.603s][info ][gc             ] Failed to allocate Shared, 1024K
[456.603s][info ][gc             ] Cancelling GC: Allocation Failure
[456.603s][info ][gc,stats       ]   Rebuild Free Set                   13 us
[456.603s][info ][gc,stats       ]   Evacuation                        474 us
[456.603s][info ][gc,stats       ]   Manage GCLABs                       3 us
[456.603s][info ][gc,stats       ]   Update References                1164 us
[456.603s][info ][gc,stats       ]   Update Region States              107 us
[456.603s][info ][gc,stats       ]   Trash Collection Set                2 us
[456.603s][info ][gc,stats       ]   Rebuild Free Set                   19 us
[456.603s][info ][gc,stats       ]   Degen Update Roots                247 us, parallelism: 1.16x
[456.603s][info ][gc,stats       ]     DU: <total>                     288 us
[456.603s][info ][gc,stats       ]     DU: Thread Roots                 86 us, workers (us):  34,   0,  19,  21,  10,   0,   0,   0, 
[456.603s][info ][gc,stats       ]     DU: Code Cache Roots            138 us, workers (us):   1, 137,   0,   0,   0,   0,   0,   0, 
[456.603s][info ][gc,stats       ]     DU: VM Strong Roots               7 us, workers (us):   6,   0,   0,   0,   0,   0,   0,   0, 
[456.603s][info ][gc,stats       ]     DU: VM Weak Roots                32 us, workers (us):  16,  13,   2,   1,   0,   0,   0,   0, 
[456.603s][info ][gc,stats       ]     DU: CLDG Roots                   24 us, workers (us):   2,   2,  19,   1,   0,   0,   0,   0, 
[456.603s][info ][gc,stats       ]   Cleanup                            97 us
[456.603s][info ][gc,stats       ]   Pre Heap Dump                       1 us
[456.603s][info ][gc,stats       ]   Prepare                           781 us
[456.603s][info ][gc,stats       ]   Mark                             1182 us, parallelism: 3.73x
[456.603s][info ][gc,stats       ]     FM: <total>                    4411 us
[456.603s][info ][gc,stats       ]     FM: Thread Roots                149 us, workers (us):  37,  38,  32,  22,  18,   0,   1,   1, 
[456.603s][info ][gc,stats       ]     FM: VM Strong Roots               5 us, workers (us):   0,   1,   0,   1,   1,   0,   0,   0, 
[456.603s][info ][gc,stats       ]     FM: CLDG Roots                   68 us, workers (us):  61,   2,   0,   2,   1,   0,   2,   0, 
[456.603s][info ][gc,stats       ]     FM: Parallel Mark              4188 us, workers (us): 594, 463, 641, 472, 597, 528, 521, 374, 
[456.603s][info ][gc,stats       ]     System Purge                    343 us
[456.603s][info ][gc,stats       ]       Weak References               117 us, parallelism: 0.02x
[456.603s][info ][gc,stats       ]         WRP: <total>                  2 us
[456.603s][info ][gc,stats       ]         WRP: Weak References          2 us, workers (us):   2,   0,   0,   0,   0,   0,   0,   0, 
[456.603s][info ][gc,stats       ]       Unload Classes                133 us, parallelism: 1.21x
[456.603s][info ][gc,stats       ]         CU: <total>                 160 us
[456.603s][info ][gc,stats       ]         CU: Unload Code Caches      160 us, workers (us):  56,  42,  37,  15,   9,   0,   0,   0, 
[456.603s][info ][gc,stats       ]       Weak Roots                     90 us, parallelism: 0.22x
[456.603s][info ][gc,stats       ]         WR: <total>                  20 us
[456.603s][info ][gc,stats       ]         WR: VM Weak Roots            20 us, workers (us):  15,   1,   0,   1,   1,   0,   1,   1, 
[456.603s][info ][gc,stats       ]       CLDG                            1 us
[456.603s][info ][gc,stats       ]   Calculate Addresses               372 us
[456.603s][info ][gc,stats       ]     Regular Objects                 270 us
[456.603s][info ][gc,stats       ]     Humongous Objects                52 us
[456.603s][info ][gc,stats       ]   Adjust Pointers                   972 us
[456.603s][info ][gc,stats       ]     FA: <total>                     203 us
[456.603s][info ][gc,stats       ]     FA: Thread Roots                 37 us, workers (us):  26,   1,   7,   3,   0,   0,   0,   0, 
[456.603s][info ][gc,stats       ]     FA: Code Cache Roots            138 us, workers (us):   0, 138,   0,   0,   0,   0,   0,   0, 
[456.603s][info ][gc,stats       ]     FA: VM Strong Roots               3 us, workers (us):   2,   0,   0,   0,   0,   0,   0,   0, 
[456.603s][info ][gc,stats       ]     FA: VM Weak Roots                16 us, workers (us):  13,   1,   0,   0,   0,   0,   0,   0, 
[456.603s][info ][gc,stats       ]     FA: CLDG Roots                    9 us, workers (us):   7,   1,   0,   0,   0,   0,   0,   0, 
[456.603s][info ][gc,stats       ]   Copy Objects                     1883 us
[456.603s][info ][gc,stats       ]     Regular Objects                 473 us
[456.603s][info ][gc,stats       ]     Humongous Objects                32 us
[456.603s][info ][gc,stats       ]     Reset Complete Bitmap          1324 us
[456.603s][info ][gc,stats       ]     Rebuild Region Sets              52 us
[456.603s][info ][gc,stats       ]   Post Heap Dump                      0 us
[456.603s][info ][gc,stats       ] 
[456.603s][info ][gc,stats       ] Allocation pacing accrued:
[456.603s][info ][gc,stats       ]       0 of    11 ms (  0.0%): <total>
[456.603s][info ][gc,stats       ]       0 of    11 ms (  0.0%): <average total>
[456.603s][info ][gc,stats       ] 
[456.603s][info ][gc,metaspace   ] Metaspace: 253K(448K)->253K(448K) NonClass: 247K(320K)->247K(320K) Class: 5K(128K)->5K(128K)
[456.603s][info ][gc,ergo        ] Pacer for Idle. Initial: 41943K, Alloc Tax Rate: 1.0x
[456.604s][info ][gc             ] Trigger: Handle Allocation Failure
[456.604s][info ][gc,ergo        ] Free: 1520K, Max: 1024K regular, 1024K humongous, Frag: 0% external, 25% internal; Reserve: 102M, Max: 1024K
[456.604s][info ][gc,start       ] GC(28442) Pause Degenerated GC (Outside of Cycle)
[456.604s][info ][gc,task        ] GC(28442) Using 8 of 8 workers for stw degenerated gc
[456.605s][info ][gc,ref         ] GC(28442) Clearing All SoftReferences
[456.605s][info ][gc,ref         ] GC(28442) Encountered references: Soft: 7, Weak: 34, Final: 0, Phantom: 1
[456.605s][info ][gc,ref         ] GC(28442) Discovered  references: Soft: 4, Weak: 4, Final: 0, Phantom: 1
[456.605s][info ][gc,ref         ] GC(28442) Enqueued    references: Soft: 0, Weak: 0, Final: 0, Phantom: 0
[456.605s][debug][gc,phases,start] GC(28442) ClassLoaderData
[456.605s][debug][gc,phases      ] GC(28442) ClassLoaderData 0.014ms
[456.605s][debug][gc,phases,start] GC(28442) Trigger cleanups
[456.605s][debug][gc,phases      ] GC(28442) Trigger cleanups 0.006ms
[456.606s][info ][gc,ergo        ] GC(28442) Adaptive CSet Selection. Target Free: 290M, Actual Free: 103M, Max CSet: 87381K, Min Garbage: 187M
[456.606s][info ][gc,ergo        ] GC(28442) Collectable Garbage: 0B (0%), Immediate: 0B (0%), CSet: 0B (0%)
[456.608s][info ][gc,ergo        ] GC(28442) Bad progress for free space: 1024K, need 20971K
[456.608s][info ][gc             ] GC(28442) Cancelling GC: Upgrade To Full GC
[456.609s][info ][gc,phases,start] GC(28442) Phase 1: Mark live objects
[456.609s][info ][gc,ref         ] GC(28442) Clearing All SoftReferences
[456.609s][info ][gc,ref         ] GC(28442) Clearing All SoftReferences
[456.610s][info ][gc,ref         ] GC(28442) Encountered references: Soft: 7, Weak: 34, Final: 0, Phantom: 1
[456.610s][info ][gc,ref         ] GC(28442) Discovered  references: Soft: 4, Weak: 3, Final: 0, Phantom: 0
[456.610s][info ][gc,ref         ] GC(28442) Enqueued    references: Soft: 0, Weak: 0, Final: 0, Phantom: 0
[456.610s][debug][gc,phases,start] GC(28442) ClassLoaderData
[456.610s][debug][gc,phases      ] GC(28442) ClassLoaderData 0.012ms
[456.610s][debug][gc,phases,start] GC(28442) Trigger cleanups
[456.610s][debug][gc,phases      ] GC(28442) Trigger cleanups 0.005ms
[456.610s][info ][gc,phases      ] GC(28442) Phase 1: Mark live objects 0.984ms
[456.610s][info ][gc,phases,start] GC(28442) Phase 2: Compute new object addresses
[456.611s][info ][gc,phases      ] GC(28442) Phase 2: Compute new object addresses 0.391ms
[456.611s][info ][gc,phases,start] GC(28442) Phase 3: Adjust pointers
[456.611s][info ][gc,phases      ] GC(28442) Phase 3: Adjust pointers 0.906ms
[456.611s][info ][gc,phases,start] GC(28442) Phase 4: Move objects
[456.613s][info ][gc,phases      ] GC(28442) Phase 4: Move objects 1.358ms
[456.613s][info ][gc,ergo        ] GC(28442) Bad progress for free space: 1520K, need 20971K
[456.613s][info ][gc             ] GC(28442) Pause Degenerated GC (Outside of Cycle) 1062M->1062M(2048M) 8.706ms
[456.613s][debug][gc,ergo        ] GC(28442) Margin of error now 3.29
[456.613s][debug][gc,ergo        ] GC(28442) Spike threshold now: 0.32
[456.613s][info ][gc,ergo        ] Free: 1520K, Max: 1024K regular, 1024K humongous, Frag: 0% external, 25% internal; Reserve: 102M, Max: 1024K
[456.613s][info ][gc,stats       ] 
[456.613s][info ][gc,stats       ] All times are wall-clock times, except per-root-class counters, that are sum over
[456.613s][info ][gc,stats       ] all workers. Dividing the <total> over the root stage time estimates parallelism.
[456.613s][info ][gc,stats       ] 
[456.613s][info ][gc,stats       ] Pause Degenerated GC (G)           8807 us
[456.613s][info ][gc             ] Failed to allocate Shared, 1024K
[456.613s][info ][gc             ] Cancelling GC: Allocation Failure
[456.613s][info ][gc,stats       ] Pause Degenerated GC (N)           8713 us
[456.613s][info ][gc,stats       ]   Degen STW Mark                    487 us, parallelism: 5.51x
[456.613s][info ][gc,stats       ]     DSM: <total>                   2682 us
[456.613s][info ][gc,stats       ]     DSM: Thread Roots                66 us, workers (us):  33,  23,   7,   1,   1,   0,   1,   0, 
[456.613s][info ][gc,stats       ]     DSM: VM Strong Roots              4 us, workers (us):   1,   0,   2,   0,   0,   0,   0,   0, 
[456.613s][info ][gc,stats       ]     DSM: CLDG Roots                  16 us, workers (us):   0,  13,   1,   0,   0,   0,   1,   0, 
[456.614s][info ][gc,stats       ]     DSM: Parallel Mark             2596 us, workers (us): 303, 359, 377, 332, 299, 314, 310, 302, 
[456.614s][info ][gc,stats       ]     System Purge                    433 us
[456.614s][info ][gc,stats       ]       Weak References               154 us, parallelism: 0.02x
[456.614s][info ][gc,stats       ]         WRP: <total>                  2 us
[456.614s][info ][gc,stats       ]         WRP: Weak References          2 us, workers (us):   2,   0,   0,   0,   0,   0,   0,   0, 
[456.614s][info ][gc,stats       ]       Unload Classes                159 us, parallelism: 0.89x
[456.614s][info ][gc,stats       ]         DCU: <total>                142 us
[456.614s][info ][gc,stats       ]         DCU: Unload Code Caches      142 us, workers (us):  62,  40,  25,  14,   0,   0,   0,   0, 
[456.614s][info ][gc,stats       ]       Weak Roots                    118 us, parallelism: 0.20x
[456.614s][info ][gc,stats       ]         DWR: <total>                 23 us
[456.614s][info ][gc,stats       ]         DWR: VM Weak Roots           23 us, workers (us):  16,   3,   1,   1,   1,   1,   0,   1, 
[456.614s][info ][gc,stats       ]       CLDG                            1 us
[456.614s][info ][gc,stats       ]   Update Region States              125 us
[456.614s][info ][gc,stats       ]   Manage GC/TLABs                     3 us
[456.614s][info ][gc,stats       ]   Choose Collection Set              61 us
[456.614s][info ][gc,stats       ]   Rebuild Free Set                   17 us
[456.614s][info ][gc,stats       ]   Evacuation                        522 us
[456.614s][info ][gc,stats       ]   Manage GCLABs                       3 us
[456.614s][info ][gc,stats       ]   Update References                1240 us
[456.614s][info ][gc,stats       ]   Update Region States              114 us
[456.614s][info ][gc,stats       ]   Trash Collection Set                3 us
[456.614s][info ][gc,stats       ]   Rebuild Free Set                   18 us
[456.614s][info ][gc,stats       ]   Degen Update Roots                226 us, parallelism: 1.19x
[456.614s][info ][gc,stats       ]     DU: <total>                     268 us
[456.614s][info ][gc,stats       ]     DU: Thread Roots                 91 us, workers (us):  20,  31,   0,  24,  14,   1,   0,   0, 
[456.614s][info ][gc,stats       ]     DU: Code Cache Roots            125 us, workers (us):   0,   0, 124,   0,   0,   0,   0,   0, 
[456.614s][info ][gc,stats       ]     DU: VM Strong Roots               6 us, workers (us):   4,   0,   0,   0,   0,   0,   0,   0, 
[456.614s][info ][gc,stats       ]     DU: VM Weak Roots                29 us, workers (us):  17,   5,   6,   0,   1,   0,   0,   0, 
[456.614s][info ][gc,stats       ]     DU: CLDG Roots                   18 us, workers (us):  13,   2,   1,   0,   1,   0,   0,   0, 
[456.614s][info ][gc,stats       ]   Cleanup                            89 us
[456.614s][info ][gc,stats       ]   Pre Heap Dump                       1 us
[456.614s][info ][gc,stats       ]   Prepare                           927 us
[456.614s][info ][gc,stats       ]   Mark                              955 us, parallelism: 3.16x
[456.614s][info ][gc,stats       ]     FM: <total>                    3019 us
[456.614s][info ][gc,stats       ]     FM: Thread Roots                151 us, workers (us):  57,  39,  28,  22,   2,   1,   0,   1, 
[456.614s][info ][gc,stats       ]     FM: VM Strong Roots               5 us, workers (us):   2,   0,   2,   0,   0,   0,   0,   0, 
[456.614s][info ][gc,stats       ]     FM: CLDG Roots                   30 us, workers (us):   0,  26,   1,   0,   0,   1,   0,   1, 
[456.614s][info ][gc,stats       ]     FM: Parallel Mark              2834 us, workers (us): 357, 367, 403, 360, 383, 334, 330, 299, 
[456.614s][info ][gc,stats       ]     System Purge                    400 us
[456.614s][info ][gc,stats       ]       Weak References               147 us, parallelism: 0.01x
[456.614s][info ][gc,stats       ]         WRP: <total>                  2 us
[456.614s][info ][gc,stats       ]         WRP: Weak References          2 us, workers (us):   1,   0,   0,   0,   0,   0,   0,   0, 
[456.614s][info ][gc,stats       ]       Unload Classes                139 us, parallelism: 1.05x
[456.614s][info ][gc,stats       ]         CU: <total>                 146 us
[456.614s][info ][gc,stats       ]         CU: Unload Code Caches      146 us, workers (us):  59,  44,  28,  16,   0,   0,   0,   0, 
[456.614s][info ][gc,stats       ]       Weak Roots                    111 us, parallelism: 0.20x
[456.614s][info ][gc,stats       ]         WR: <total>                  23 us
[456.614s][info ][gc,stats       ]         WR: VM Weak Roots            23 us, workers (us):  14,   4,   1,   1,   1,   1,   1,   1, 
[456.614s][info ][gc,stats       ]       CLDG                            1 us
[456.614s][info ][gc,stats       ]   Calculate Addresses               385 us
[456.614s][info ][gc,stats       ]     Regular Objects                 277 us
[456.614s][info ][gc,stats       ]     Humongous Objects                57 us
[456.614s][info ][gc,stats       ]   Adjust Pointers                   900 us
[456.614s][info ][gc,stats       ]     FA: <total>                     169 us
[456.614s][info ][gc,stats       ]     FA: Thread Roots                 43 us, workers (us):  20,   0,  22,   0,   0,   0,   1,   1, 
[456.614s][info ][gc,stats       ]     FA: Code Cache Roots             94 us, workers (us):   0,  93,   0,   0,   0,   0,   0,   0, 
[456.614s][info ][gc,stats       ]     FA: VM Strong Roots               3 us, workers (us):   2,   0,   0,   0,   0,   0,   0,   0, 
[456.614s][info ][gc,stats       ]     FA: VM Weak Roots                19 us, workers (us):  11,   6,   1,   0,   0,   0,   0,   0, 
[456.614s][info ][gc,stats       ]     FA: CLDG Roots                   10 us, workers (us):   8,   1,   0,   0,   0,   0,   0,   0, 
[456.614s][info ][gc,stats       ]   Copy Objects                     1353 us
[456.614s][info ][gc,stats       ]     Regular Objects                 300 us
[456.614s][info ][gc,stats       ]     Humongous Objects                32 us
[456.614s][info ][gc,stats       ]     Reset Complete Bitmap           984 us
[456.614s][info ][gc,stats       ]     Rebuild Region Sets              37 us
[456.614s][info ][gc,stats       ]   Post Heap Dump                      0 us
[456.614s][info ][gc,stats       ] 
[456.614s][info ][gc,stats       ] Allocation pacing accrued:
[456.614s][info ][gc,stats       ]       0 of    11 ms (  0.0%): <total>
[456.614s][info ][gc,stats       ]       0 of    11 ms (  0.0%): <average total>
[456.614s][info ][gc,stats       ] 
[456.614s][info ][gc,metaspace   ] Metaspace: 253K(448K)->253K(448K) NonClass: 247K(320K)->247K(320K) Class: 5K(128K)->5K(128K)
[456.614s][info ][gc,ergo        ] Pacer for Idle. Initial: 41943K, Alloc Tax Rate: 1.0x
[456.615s][info ][gc             ] Trigger: Handle Allocation Failure
[456.615s][info ][gc,ergo        ] Free: 1520K, Max: 1024K regular, 1024K humongous, Frag: 0% external, 25% internal; Reserve: 102M, Max: 1024K
[456.615s][info ][gc,start       ] GC(28443) Pause Full
[456.615s][info ][gc,task        ] GC(28443) Using 8 of 8 workers for full gc
[456.615s][info ][gc,phases,start] GC(28443) Phase 1: Mark live objects
[456.615s][info ][gc,ref         ] GC(28443) Clearing All SoftReferences
[456.615s][info ][gc,ref         ] GC(28443) Clearing All SoftReferences
[456.616s][info ][gc,ref         ] GC(28443) Encountered references: Soft: 7, Weak: 34, Final: 0, Phantom: 1
[456.616s][info ][gc,ref         ] GC(28443) Discovered  references: Soft: 4, Weak: 9, Final: 0, Phantom: 1
[456.616s][info ][gc,ref         ] GC(28443) Enqueued    references: Soft: 0, Weak: 0, Final: 0, Phantom: 0
[456.616s][debug][gc,phases,start] GC(28443) ClassLoaderData
[456.616s][debug][gc,phases      ] GC(28443) ClassLoaderData 0.011ms
[456.616s][debug][gc,phases,start] GC(28443) Trigger cleanups
[456.616s][debug][gc,phases      ] GC(28443) Trigger cleanups 0.005ms
[456.616s][info ][gc,phases      ] GC(28443) Phase 1: Mark live objects 0.842ms
[456.616s][info ][gc,phases,start] GC(28443) Phase 2: Compute new object addresses
[456.616s][info ][gc,phases      ] GC(28443) Phase 2: Compute new object addresses 0.372ms
[456.616s][info ][gc,phases,start] GC(28443) Phase 3: Adjust pointers
[456.618s][info ][gc,phases      ] GC(28443) Phase 3: Adjust pointers 1.103ms
[456.618s][info ][gc,phases,start] GC(28443) Phase 4: Move objects
[456.619s][info ][gc,phases      ] GC(28443) Phase 4: Move objects 1.602ms
[456.619s][info ][gc,ergo        ] GC(28443) Bad progress for free space: 1520K, need 20971K
[456.619s][info ][gc             ] GC(28443) Pause Full 1062M->1062M(2048M) 4.286ms
[456.619s][debug][gc,ergo        ] GC(28443) Margin of error now 3.29
[456.619s][debug][gc,ergo        ] GC(28443) Spike threshold now: 0.32
[456.620s][info ][gc,ergo        ] Free: 1520K, Max: 1024K regular, 1024K humongous, Frag: 0% external, 25% internal; Reserve: 102M, Max: 1024K
[456.620s][info ][gc,stats       ] 
[456.620s][info ][gc,stats       ] All times are wall-clock times, except per-root-class counters, that are sum over
[456.620s][info ][gc,stats       ] all workers. Dividing the <total> over the root stage time estimates parallelism.
[456.620s][info ][gc,stats       ] 
[456.620s][info ][gc,stats       ] Pause Full GC (G)                  4370 us
[456.620s][info ][gc,stats       ] Pause Full GC (N)                  4292 us
[456.620s][info ][gc,stats       ]   Pre Heap Dump                       0 us
[456.620s][info ][gc,stats       ]   Prepare                           126 us
[456.620s][info ][gc,stats       ]   Mark                              833 us, parallelism: 2.82x
[456.620s][info ][gc,stats       ]     FM: <total>                    2347 us
[456.620s][info ][gc,stats       ]     FM: Thread Roots                 51 us, workers (us):  25,  17,   7,   1,   1,   0,   1,   1, 
[456.620s][info ][gc,stats       ]     FM: VM Strong Roots               3 us, workers (us):   0,   0,   2,   0,   0,   0,   0,   0, 
[456.620s][info ][gc,stats       ]     FM: CLDG Roots                   14 us, workers (us):  11,   0,   0,   0,   1,   0,   0,   1, 
[456.620s][info ][gc             ] Failed to allocate Shared, 1024K
[456.620s][info ][gc             ] Cancelling GC: Allocation Failure
[456.620s][info ][gc,stats       ]     FM: Parallel Mark              2279 us, workers (us): 277, 336, 326, 305, 273, 294, 217, 253, 
[456.620s][info ][gc,stats       ]     System Purge                    388 us
[456.620s][info ][gc,stats       ]       Weak References               133 us, parallelism: 0.02x
[456.620s][info ][gc,stats       ]         WRP: <total>                  2 us
[456.620s][info ][gc,stats       ]         WRP: Weak References          2 us, workers (us):   1,   0,   0,   0,   0,   0,   0,   0, 
[456.620s][info ][gc,stats       ]       Unload Classes                148 us, parallelism: 0.96x
[456.620s][info ][gc,stats       ]         CU: <total>                 142 us
[456.620s][info ][gc,stats       ]         CU: Unload Code Caches      142 us, workers (us):  50,  47,  27,  17,   0,   0,   0,   0, 
[456.620s][info ][gc,stats       ]       Weak Roots                    106 us, parallelism: 0.18x
[456.620s][info ][gc,stats       ]         WR: <total>                  19 us
[456.620s][info ][gc,stats       ]         WR: VM Weak Roots            19 us, workers (us):  13,   2,   1,   1,   1,   1,   1,   1, 
[456.620s][info ][gc,stats       ]       CLDG                            1 us
[456.620s][info ][gc,stats       ]   Calculate Addresses               366 us
[456.620s][info ][gc,stats       ]     Regular Objects                 266 us
[456.620s][info ][gc,stats       ]     Humongous Objects                52 us
[456.620s][info ][gc,stats       ]   Adjust Pointers                  1089 us
[456.620s][info ][gc,stats       ]     FA: <total>                     183 us
[456.620s][info ][gc,stats       ]     FA: Thread Roots                 31 us, workers (us):   1,  16,  13,   1,   0,   0,   0,   0, 
[456.620s][info ][gc,stats       ]     FA: Code Cache Roots            127 us, workers (us): 127,   0,   0,   0,   0,   0,   0,   0, 
[456.620s][info ][gc,stats       ]     FA: VM Strong Roots               2 us, workers (us):   1,   0,   0,   0,   0,   0,   0,   0, 
[456.620s][info ][gc,stats       ]     FA: VM Weak Roots                14 us, workers (us):   8,   4,   0,   1,   0,   0,   0,   0, 
[456.620s][info ][gc,stats       ]     FA: CLDG Roots                    8 us, workers (us):   1,   6,   0,   0,   0,   0,   0,   0, 
[456.620s][info ][gc,stats       ]   Copy Objects                     1596 us
[456.620s][info ][gc,stats       ]     Regular Objects                 362 us
[456.620s][info ][gc,stats       ]     Humongous Objects                29 us
[456.620s][info ][gc,stats       ]     Reset Complete Bitmap          1156 us
[456.620s][info ][gc,stats       ]     Rebuild Region Sets              49 us
[456.620s][info ][gc,stats       ]   Post Heap Dump                      0 us
[456.620s][info ][gc,stats       ] 
[456.620s][info ][gc,stats       ] Allocation pacing accrued:
[456.620s][info ][gc,stats       ]       0 of     6 ms (  0.0%): <total>
[456.620s][info ][gc,stats       ]       0 of     6 ms (  0.0%): <average total>
[456.620s][info ][gc,stats       ] 
[456.620s][info ][gc,metaspace   ] Metaspace: 253K(448K)->253K(448K) NonClass: 247K(320K)->247K(320K) Class: 5K(128K)->5K(128K)
[456.620s][info ][gc,ergo        ] Pacer for Idle. Initial: 41943K, Alloc Tax Rate: 1.0x
[456.621s][info ][gc             ] Trigger: Handle Allocation Failure
[456.621s][info ][gc,ergo        ] Free: 1520K, Max: 1024K regular, 1024K humongous, Frag: 0% external, 25% internal; Reserve: 102M, Max: 1024K
[456.621s][info ][gc,start       ] GC(28444) Pause Degenerated GC (Outside of Cycle)
[456.621s][info ][gc,task        ] GC(28444) Using 8 of 8 workers for stw degenerated gc
[456.622s][info ][gc,ref         ] GC(28444) Clearing All SoftReferences
[456.622s][info ][gc,ref         ] GC(28444) Encountered references: Soft: 7, Weak: 34, Final: 0, Phantom: 1
[456.622s][info ][gc,ref         ] GC(28444) Discovered  references: Soft: 4, Weak: 9, Final: 0, Phantom: 1
[456.622s][info ][gc,ref         ] GC(28444) Enqueued    references: Soft: 0, Weak: 0, Final: 0, Phantom: 0
[456.622s][debug][gc,phases,start] GC(28444) ClassLoaderData
[456.622s][debug][gc,phases      ] GC(28444) ClassLoaderData 0.009ms
[456.622s][debug][gc,phases,start] GC(28444) Trigger cleanups
[456.622s][debug][gc,phases      ] GC(28444) Trigger cleanups 0.005ms
[456.623s][info ][gc,ergo        ] GC(28444) Adaptive CSet Selection. Target Free: 290M, Actual Free: 103M, Max CSet: 87381K, Min Garbage: 187M
[456.623s][info ][gc,ergo        ] GC(28444) Collectable Garbage: 0B (0%), Immediate: 0B (0%), CSet: 0B (0%)
[456.626s][info ][gc,ergo        ] GC(28444) Bad progress for free space: 1024K, need 20971K
[456.626s][info ][gc             ] GC(28444) Cancelling GC: Upgrade To Full GC
[456.627s][info ][gc,phases,start] GC(28444) Phase 1: Mark live objects
[456.627s][info ][gc,ref         ] GC(28444) Clearing All SoftReferences
[456.627s][info ][gc,ref         ] GC(28444) Clearing All SoftReferences
[456.628s][info ][gc,ref         ] GC(28444) Encountered references: Soft: 7, Weak: 34, Final: 0, Phantom: 1
[456.628s][info ][gc,ref         ] GC(28444) Discovered  references: Soft: 4, Weak: 9, Final: 0, Phantom: 1
[456.628s][info ][gc,ref         ] GC(28444) Enqueued    references: Soft: 0, Weak: 0, Final: 0, Phantom: 0
[456.628s][debug][gc,phases,start] GC(28444) ClassLoaderData
[456.628s][debug][gc,phases      ] GC(28444) ClassLoaderData 0.010ms
[456.628s][debug][gc,phases,start] GC(28444) Trigger cleanups
[456.628s][debug][gc,phases      ] GC(28444) Trigger cleanups 0.003ms
[456.628s][info ][gc,phases      ] GC(28444) Phase 1: Mark live objects 0.945ms
[456.628s][info ][gc,phases,start] GC(28444) Phase 2: Compute new object addresses
[456.628s][info ][gc,phases      ] GC(28444) Phase 2: Compute new object addresses 0.452ms
[456.628s][info ][gc,phases,start] GC(28444) Phase 3: Adjust pointers
[456.630s][info ][gc,phases      ] GC(28444) Phase 3: Adjust pointers 1.182ms
[456.630s][info ][gc,phases,start] GC(28444) Phase 4: Move objects
[456.632s][info ][gc,phases      ] GC(28444) Phase 4: Move objects 1.976ms
[456.632s][info ][gc,ergo        ] GC(28444) Bad progress for free space: 1520K, need 20971K
[456.632s][info ][gc             ] GC(28444) Pause Degenerated GC (Outside of Cycle) 1062M->1062M(2048M) 10.404ms
[456.632s][debug][gc,ergo        ] GC(28444) Margin of error now 3.29
[456.632s][debug][gc,ergo        ] GC(28444) Spike threshold now: 0.32
[456.632s][info ][gc,ergo        ] Free: 1520K, Max: 1024K regular, 1024K humongous, Frag: 0% external, 25% internal; Reserve: 102M, Max: 1024K
[456.632s][info ][gc,stats       ] 
[456.632s][info ][gc,stats       ] All times are wall-clock times, except per-root-class counters, that are sum over
[456.632s][info ][gc,stats       ] all workers. Dividing the <total> over the root stage time estimates parallelism.
[456.632s][info ][gc             ] Failed to allocate Shared, 1024K
[456.632s][info ][gc             ] Cancelling GC: Allocation Failure
[456.632s][info ][gc,stats       ] 
[456.632s][info ][gc,stats       ] Pause Degenerated GC (G)          10614 us
[456.632s][info ][gc,stats       ] Pause Degenerated GC (N)          10411 us
[456.632s][info ][gc,stats       ]   Degen STW Mark                    489 us, parallelism: 5.33x
[456.632s][info ][gc,stats       ]     DSM: <total>                   2607 us
[456.632s][info ][gc,stats       ]     DSM: Thread Roots                61 us, workers (us):  36,  17,   4,   1,   1,   1,   1,   1, 
[456.632s][info ][gc,stats       ]     DSM: VM Strong Roots              3 us, workers (us):   0,   2,   0,   0,   0,   0,   0,   0, 
[456.632s][info ][gc,stats       ]     DSM: CLDG Roots                  20 us, workers (us):  16,   0,   0,   0,   1,   0,   1,   1, 
[456.632s][info ][gc,stats       ]     DSM: Parallel Mark             2524 us, workers (us): 316, 343, 365, 294, 382, 303, 289, 230, 
[456.632s][info ][gc,stats       ]     System Purge                    442 us
[456.632s][info ][gc,stats       ]       Weak References               143 us, parallelism: 0.02x
[456.632s][info ][gc,stats       ]         WRP: <total>                  2 us
[456.632s][info ][gc,stats       ]         WRP: Weak References          2 us, workers (us):   1,   0,   0,   0,   0,   0,   0,   0, 
[456.632s][info ][gc,stats       ]       Unload Classes                172 us, parallelism: 0.90x
[456.632s][info ][gc,stats       ]         DCU: <total>                155 us
[456.632s][info ][gc,stats       ]         DCU: Unload Code Caches      155 us, workers (us):  43,  37,  23,  14,  21,  17,   0,   0, 
[456.632s][info ][gc,stats       ]       Weak Roots                    125 us, parallelism: 0.25x
[456.632s][info ][gc,stats       ]         DWR: <total>                 31 us
[456.632s][info ][gc,stats       ]         DWR: VM Weak Roots           31 us, workers (us):  25,   0,   0,   0,   0,   0,   2,   2, 
[456.632s][info ][gc,stats       ]       CLDG                            1 us
[456.632s][info ][gc,stats       ]   Update Region States              109 us
[456.632s][info ][gc,stats       ]   Manage GC/TLABs                     2 us
[456.632s][info ][gc,stats       ]   Choose Collection Set              29 us
[456.632s][info ][gc,stats       ]   Rebuild Free Set                    8 us
[456.632s][info ][gc,stats       ]   Evacuation                        603 us
[456.632s][info ][gc,stats       ]   Manage GCLABs                       5 us
[456.632s][info ][gc,stats       ]   Update References                1349 us
[456.632s][info ][gc,stats       ]   Update Region States              266 us
[456.632s][info ][gc,stats       ]   Trash Collection Set                5 us
[456.632s][info ][gc,stats       ]   Rebuild Free Set                   41 us
[456.632s][info ][gc,stats       ]   Degen Update Roots                398 us, parallelism: 0.86x
[456.632s][info ][gc,stats       ]     DU: <total>                     341 us
[456.632s][info ][gc,stats       ]     DU: Thread Roots                 95 us, workers (us):   1,  27,  24,  24,  13,   6,   0,   0, 
[456.632s][info ][gc,stats       ]     DU: Code Cache Roots            161 us, workers (us): 160,   0,   0,   0,   0,   0,   0,   0, 
[456.632s][info ][gc,stats       ]     DU: VM Strong Roots               5 us, workers (us):   3,   0,   0,   0,   0,   0,   0,   0, 
[456.632s][info ][gc,stats       ]     DU: VM Weak Roots                62 us, workers (us):  58,   1,   1,   1,   0,   0,   0,   0, 
[456.632s][info ][gc,stats       ]     DU: CLDG Roots                   18 us, workers (us):  15,   1,   1,   1,   0,   1,   0,   0, 
[456.632s][info ][gc,stats       ]   Cleanup                           221 us
[456.632s][info ][gc,stats       ]   Pre Heap Dump                       1 us
[456.632s][info ][gc,stats       ]   Prepare                           946 us
[456.632s][info ][gc,stats       ]   Mark                              911 us, parallelism: 3.55x
[456.632s][info ][gc,stats       ]     FM: <total>                    3234 us
[456.632s][info ][gc,stats       ]     FM: Thread Roots                 71 us, workers (us):  36,  13,  12,   5,   1,   2,   2,   1, 
[456.632s][info ][gc,stats       ]     FM: VM Strong Roots               5 us, workers (us):   0,   2,   2,   1,   0,   0,   0,   0, 
[456.632s][info ][gc,stats       ]     FM: CLDG Roots                   23 us, workers (us):  19,   1,   1,   0,   1,   1,   0,   1, 
[456.633s][info ][gc,stats       ]     FM: Parallel Mark              3135 us, workers (us): 391, 393, 420, 442, 370, 388, 382, 348, 
[456.633s][info ][gc,stats       ]     System Purge                    334 us
[456.633s][info ][gc,stats       ]       Weak References               121 us, parallelism: 0.02x
[456.633s][info ][gc,stats       ]         WRP: <total>                  2 us
[456.633s][info ][gc,stats       ]         WRP: Weak References          2 us, workers (us):   2,   0,   0,   0,   0,   0,   0,   0, 
[456.633s][info ][gc,stats       ]       Unload Classes                117 us, parallelism: 1.45x
[456.633s][info ][gc,stats       ]         CU: <total>                 169 us
[456.633s][info ][gc,stats       ]         CU: Unload Code Caches      169 us, workers (us):  54,  38,  42,  21,  14,   0,   0,   0, 
[456.633s][info ][gc,stats       ]       Weak Roots                     94 us, parallelism: 0.26x
[456.633s][info ][gc,stats       ]         WR: <total>                  25 us
[456.633s][info ][gc,stats       ]         WR: VM Weak Roots            25 us, workers (us):  14,   6,   1,   1,   1,   1,   1,   1, 
[456.633s][info ][gc,stats       ]       CLDG                            1 us
[456.633s][info ][gc,stats       ]   Calculate Addresses               448 us
[456.633s][info ][gc,stats       ]     Regular Objects                 294 us
[456.633s][info ][gc,stats       ]     Humongous Objects               105 us
[456.633s][info ][gc,stats       ]   Adjust Pointers                  1175 us
[456.633s][info ][gc,stats       ]     FA: <total>                     208 us
[456.633s][info ][gc,stats       ]     FA: Thread Roots                 31 us, workers (us):   0,  22,   7,   0,   0,   0,   0,   0, 
[456.633s][info ][gc,stats       ]     FA: Code Cache Roots            146 us, workers (us): 135,  11,   0,   0,   0,   0,   0,   0, 
[456.633s][info ][gc,stats       ]     FA: VM Strong Roots               6 us, workers (us):   2,   4,   0,   0,   0,   0,   0,   0, 
[456.633s][info ][gc,stats       ]     FA: VM Weak Roots                17 us, workers (us):  15,   0,   0,   0,   0,   0,   0,   0, 
[456.633s][info ][gc,stats       ]     FA: CLDG Roots                    8 us, workers (us):   7,   0,   0,   0,   0,   0,   0,   0, 
[456.633s][info ][gc,stats       ]   Copy Objects                     1969 us
[456.633s][info ][gc,stats       ]     Regular Objects                 397 us
[456.633s][info ][gc,stats       ]     Humongous Objects                38 us
[456.633s][info ][gc,stats       ]     Reset Complete Bitmap          1476 us
[456.633s][info ][gc,stats       ]     Rebuild Region Sets              57 us
[456.633s][info ][gc,stats       ]   Post Heap Dump                      1 us
[456.633s][info ][gc,stats       ] 
[456.633s][info ][gc,stats       ] Allocation pacing accrued:
[456.633s][info ][gc,stats       ]       0 of    13 ms (  0.0%): <total>
[456.633s][info ][gc,stats       ]       0 of    13 ms (  0.0%): <average total>
[456.633s][info ][gc,stats       ] 
[456.633s][info ][gc,metaspace   ] Metaspace: 253K(448K)->253K(448K) NonClass: 247K(320K)->247K(320K) Class: 5K(128K)->5K(128K)
[456.633s][info ][gc,ergo        ] Pacer for Idle. Initial: 41943K, Alloc Tax Rate: 1.0x
[456.634s][info ][gc             ] Trigger: Handle Allocation Failure
[456.634s][info ][gc,ergo        ] Free: 1520K, Max: 1024K regular, 1024K humongous, Frag: 0% external, 25% internal; Reserve: 102M, Max: 1024K
[456.634s][info ][gc,start       ] GC(28445) Pause Degenerated GC (Outside of Cycle)
[456.634s][info ][gc,task        ] GC(28445) Using 8 of 8 workers for stw degenerated gc
[456.634s][info ][gc,ref         ] GC(28445) Clearing All SoftReferences
[456.635s][info ][gc,ref         ] GC(28445) Encountered references: Soft: 7, Weak: 34, Final: 0, Phantom: 1
[456.635s][info ][gc,ref         ] GC(28445) Discovered  references: Soft: 4, Weak: 4, Final: 0, Phantom: 1
[456.635s][info ][gc,ref         ] GC(28445) Enqueued    references: Soft: 0, Weak: 0, Final: 0, Phantom: 0
[456.636s][debug][gc,phases,start] GC(28445) ClassLoaderData
[456.636s][debug][gc,phases      ] GC(28445) ClassLoaderData 0.026ms
[456.636s][debug][gc,phases,start] GC(28445) Trigger cleanups
[456.636s][debug][gc,phases      ] GC(28445) Trigger cleanups 0.039ms
[456.636s][info ][gc,ergo        ] GC(28445) Adaptive CSet Selection. Target Free: 290M, Actual Free: 103M, Max CSet: 87381K, Min Garbage: 187M
[456.636s][info ][gc,ergo        ] GC(28445) Collectable Garbage: 0B (0%), Immediate: 0B (0%), CSet: 0B (0%)
[456.639s][info ][gc,ergo        ] GC(28445) Bad progress for free space: 1024K, need 20971K
[456.639s][info ][gc             ] GC(28445) Cancelling GC: Upgrade To Full GC
[456.640s][info ][gc,phases,start] GC(28445) Phase 1: Mark live objects
[456.640s][info ][gc,ref         ] GC(28445) Clearing All SoftReferences
[456.640s][info ][gc,ref         ] GC(28445) Clearing All SoftReferences
[456.640s][info ][gc,ref         ] GC(28445) Encountered references: Soft: 7, Weak: 34, Final: 0, Phantom: 1
[456.641s][info ][gc,ref         ] GC(28445) Discovered  references: Soft: 4, Weak: 1, Final: 0, Phantom: 0
[456.641s][info ][gc,ref         ] GC(28445) Enqueued    references: Soft: 0, Weak: 0, Final: 0, Phantom: 0
[456.641s][debug][gc,phases,start] GC(28445) ClassLoaderData
[456.641s][debug][gc,phases      ] GC(28445) ClassLoaderData 0.012ms
[456.641s][debug][gc,phases,start] GC(28445) Trigger cleanups
[456.641s][debug][gc,phases      ] GC(28445) Trigger cleanups 0.005ms
[456.641s][info ][gc,phases      ] GC(28445) Phase 1: Mark live objects 1.019ms
[456.641s][info ][gc,phases,start] GC(28445) Phase 2: Compute new object addresses
[456.641s][info ][gc,phases      ] GC(28445) Phase 2: Compute new object addresses 0.398ms
[456.641s][info ][gc,phases,start] GC(28445) Phase 3: Adjust pointers
[456.642s][info ][gc,phases      ] GC(28445) Phase 3: Adjust pointers 1.058ms
[456.642s][info ][gc,phases,start] GC(28445) Phase 4: Move objects
[456.644s][info ][gc,phases      ] GC(28445) Phase 4: Move objects 1.361ms
[456.644s][info ][gc,ergo        ] GC(28445) Bad progress for free space: 1520K, need 20971K
[456.644s][info ][gc             ] GC(28445) Pause Degenerated GC (Outside of Cycle) 1062M->1062M(2048M) 9.811ms
[456.644s][debug][gc,ergo        ] GC(28445) Margin of error now 3.29
[456.644s][debug][gc,ergo        ] GC(28445) Spike threshold now: 0.32
[456.644s][info ][gc,ergo        ] Free: 1520K, Max: 1024K regular, 1024K humongous, Frag: 0% external, 25% internal; Reserve: 102M, Max: 1024K
[456.644s][info ][gc,stats       ] 
[456.644s][info ][gc,stats       ] All times are wall-clock times, except per-root-class counters, that are sum over
[456.644s][info ][gc,stats       ] all workers. Dividing the <total> over the root stage time estimates parallelism.
[456.644s][info ][gc,stats       ] 
[456.644s][info ][gc,stats       ] Pause Degenerated GC (G)           9908 us
[456.644s][info ][gc,stats       ] Pause Degenerated GC (N)           9816 us
[456.644s][info ][gc,stats       ]   Degen STW Mark                    579 us, parallelism: 4.99x
[456.644s][info ][gc,stats       ]     DSM: <total>                   2889 us
[456.644s][info ][gc,stats       ]     DSM: Thread Roots                72 us, workers (us):  37,  25,   6,   1,   1,   1,   1,   0, 
[456.644s][info ][gc,stats       ]     DSM: VM Strong Roots              4 us, workers (us):   2,   0,   0,   1,   0,   0,   0,   0, 
[456.644s][info ][gc             ] Failed to allocate Shared, 1024K
[456.644s][info ][gc             ] Cancelling GC: Allocation Failure
[456.644s][info ][gc,stats       ]     DSM: CLDG Roots                  16 us, workers (us):   0,   0,  13,   0,   1,   1,   1,   0, 
[456.644s][info ][gc,stats       ]     DSM: Parallel Mark             2797 us, workers (us): 425, 386, 408, 368, 269, 329, 271, 341, 
[456.644s][info ][gc,stats       ]     System Purge                    873 us
[456.644s][info ][gc,stats       ]       Weak References               301 us, parallelism: 0.01x
[456.644s][info ][gc,stats       ]         WRP: <total>                  2 us
[456.644s][info ][gc,stats       ]         WRP: Weak References          2 us, workers (us):   1,   0,   0,   0,   0,   0,   0,   0, 
[456.644s][info ][gc,stats       ]       Unload Classes                330 us, parallelism: 0.48x
[456.644s][info ][gc,stats       ]         DCU: <total>                157 us
[456.644s][info ][gc,stats       ]         DCU: Unload Code Caches      157 us, workers (us):  72,  60,  25,   0,   0,   0,   0,   0, 
[456.644s][info ][gc,stats       ]       Weak Roots                    239 us, parallelism: 0.09x
[456.644s][info ][gc,stats       ]         DWR: <total>                 22 us
[456.644s][info ][gc,stats       ]         DWR: VM Weak Roots           22 us, workers (us):  12,   5,   0,   1,   1,   1,   0,   1, 
[456.644s][info ][gc,stats       ]       CLDG                            1 us
[456.644s][info ][gc,stats       ]   Update Region States              223 us
[456.644s][info ][gc,stats       ]   Manage GC/TLABs                     4 us
[456.644s][info ][gc,stats       ]   Choose Collection Set              64 us
[456.644s][info ][gc,stats       ]   Rebuild Free Set                   25 us
[456.644s][info ][gc,stats       ]   Evacuation                        523 us
[456.644s][info ][gc,stats       ]   Manage GCLABs                       3 us
[456.644s][info ][gc,stats       ]   Update References                1351 us
[456.644s][info ][gc,stats       ]   Update Region States              112 us
[456.644s][info ][gc,stats       ]   Trash Collection Set                3 us
[456.644s][info ][gc,stats       ]   Rebuild Free Set                   13 us
[456.644s][info ][gc,stats       ]   Degen Update Roots                280 us, parallelism: 1.16x
[456.644s][info ][gc,stats       ]     DU: <total>                     325 us
[456.644s][info ][gc,stats       ]     DU: Thread Roots                106 us, workers (us):  46,  31,   1,  11,   0,   0,  16,   0, 
[456.644s][info ][gc,stats       ]     DU: Code Cache Roots            157 us, workers (us):   1,   0, 155,   0,   0,   0,   0,   0, 
[456.644s][info ][gc,stats       ]     DU: VM Strong Roots               6 us, workers (us):   5,   0,   0,   1,   0,   0,   0,   0, 
[456.644s][info ][gc,stats       ]     DU: VM Weak Roots                35 us, workers (us):  18,   9,   1,   1,   0,   0,   0,   4, 
[456.644s][info ][gc,stats       ]     DU: CLDG Roots                   22 us, workers (us):   2,  18,   2,   1,   0,   0,   0,   0, 
[456.644s][info ][gc,stats       ]   Cleanup                            88 us
[456.644s][info ][gc,stats       ]   Pre Heap Dump                       1 us
[456.644s][info ][gc,stats       ]   Prepare                           794 us
[456.644s][info ][gc,stats       ]   Mark                              980 us, parallelism: 3.26x
[456.644s][info ][gc,stats       ]     FM: <total>                    3199 us
[456.644s][info ][gc,stats       ]     FM: Thread Roots                 68 us, workers (us):  33,  23,   7,   1,   1,   1,   2,   1, 
[456.644s][info ][gc,stats       ]     FM: VM Strong Roots               4 us, workers (us):   1,   2,   0,   0,   0,   0,   0,   0, 
[456.644s][info ][gc,stats       ]     FM: CLDG Roots                   20 us, workers (us):   0,   0,  17,   0,   0,   1,   1,   0, 
[456.644s][info ][gc,stats       ]     FM: Parallel Mark              3106 us, workers (us): 391, 441, 429, 412, 400, 338, 334, 362, 
[456.644s][info ][gc,stats       ]     System Purge                    397 us
[456.644s][info ][gc,stats       ]       Weak References               139 us, parallelism: 0.01x
[456.644s][info ][gc,stats       ]         WRP: <total>                  2 us
[456.644s][info ][gc,stats       ]         WRP: Weak References          2 us, workers (us):   1,   0,   0,   0,   0,   0,   0,   0, 
[456.644s][info ][gc,stats       ]       Unload Classes                149 us, parallelism: 1.32x
[456.644s][info ][gc,stats       ]         CU: <total>                 197 us
[456.644s][info ][gc,stats       ]         CU: Unload Code Caches      197 us, workers (us):  79,  64,  53,   0,   0,   0,   0,   0, 
[456.644s][info ][gc,stats       ]       Weak Roots                    107 us, parallelism: 0.20x
[456.644s][info ][gc,stats       ]         WR: <total>                  21 us
[456.644s][info ][gc,stats       ]         WR: VM Weak Roots            21 us, workers (us):  13,   4,   1,   1,   1,   1,   1,   1, 
[456.645s][info ][gc,stats       ]       CLDG                            1 us
[456.645s][info ][gc,stats       ]   Calculate Addresses               392 us
[456.645s][info ][gc,stats       ]     Regular Objects                 298 us
[456.645s][info ][gc,stats       ]     Humongous Objects                51 us
[456.645s][info ][gc,stats       ]   Adjust Pointers                  1053 us
[456.645s][info ][gc,stats       ]     FA: <total>                     228 us
[456.645s][info ][gc,stats       ]     FA: Thread Roots                 58 us, workers (us):  31,   1,  26,   0,   0,   0,   0,   0, 
[456.645s][info ][gc,stats       ]     FA: Code Cache Roots            143 us, workers (us):   0, 141,   0,   0,   0,   1,   0,   0, 
[456.645s][info ][gc,stats       ]     FA: VM Strong Roots               2 us, workers (us):   1,   0,   0,   0,   0,   0,   0,   0, 
[456.645s][info ][gc,stats       ]     FA: VM Weak Roots                15 us, workers (us):  13,   1,   0,   0,   0,   0,   0,   0, 
[456.645s][info ][gc,stats       ]     FA: CLDG Roots                   10 us, workers (us):   7,   0,   0,   2,   0,   0,   0,   0, 
[456.645s][info ][gc,stats       ]   Copy Objects                     1354 us
[456.645s][info ][gc,stats       ]     Regular Objects                 306 us
[456.645s][info ][gc,stats       ]     Humongous Objects                30 us
[456.645s][info ][gc,stats       ]     Reset Complete Bitmap           976 us
[456.645s][info ][gc,stats       ]     Rebuild Region Sets              42 us
[456.645s][info ][gc,stats       ]   Post Heap Dump                      0 us
[456.645s][info ][gc,stats       ] 
[456.645s][info ][gc,stats       ] Allocation pacing accrued:
[456.645s][info ][gc,stats       ]       0 of    12 ms (  0.0%): <total>
[456.645s][info ][gc,stats       ]       0 of    12 ms (  0.0%): <average total>
[456.645s][info ][gc,stats       ] 
[456.645s][info ][gc,metaspace   ] Metaspace: 253K(448K)->253K(448K) NonClass: 247K(320K)->247K(320K) Class: 5K(128K)->5K(128K)
[456.645s][info ][gc,ergo        ] Pacer for Idle. Initial: 41943K, Alloc Tax Rate: 1.0x
[456.646s][info ][gc             ] Trigger: Handle Allocation Failure
[456.646s][info ][gc,ergo        ] Free: 1520K, Max: 1024K regular, 1024K humongous, Frag: 0% external, 25% internal; Reserve: 102M, Max: 1024K
[456.646s][info ][gc,start       ] GC(28446) Pause Degenerated GC (Outside of Cycle)
[456.646s][info ][gc,task        ] GC(28446) Using 8 of 8 workers for stw degenerated gc
[456.646s][info ][gc,ref         ] GC(28446) Clearing All SoftReferences
[456.647s][info ][gc,ref         ] GC(28446) Encountered references: Soft: 7, Weak: 34, Final: 0, Phantom: 1
[456.647s][info ][gc,ref         ] GC(28446) Discovered  references: Soft: 4, Weak: 9, Final: 0, Phantom: 1
[456.647s][info ][gc,ref         ] GC(28446) Enqueued    references: Soft: 0, Weak: 0, Final: 0, Phantom: 0
[456.647s][debug][gc,phases,start] GC(28446) ClassLoaderData
[456.647s][debug][gc,phases      ] GC(28446) ClassLoaderData 0.010ms
[456.647s][debug][gc,phases,start] GC(28446) Trigger cleanups
[456.647s][debug][gc,phases      ] GC(28446) Trigger cleanups 0.003ms
[456.647s][info ][gc,ergo        ] GC(28446) Adaptive CSet Selection. Target Free: 290M, Actual Free: 103M, Max CSet: 87381K, Min Garbage: 187M
[456.647s][info ][gc,ergo        ] GC(28446) Collectable Garbage: 0B (0%), Immediate: 0B (0%), CSet: 0B (0%)
[456.649s][info ][gc,ergo        ] GC(28446) Bad progress for free space: 1024K, need 20971K
[456.649s][info ][gc             ] GC(28446) Cancelling GC: Upgrade To Full GC
[456.650s][info ][gc,phases,start] GC(28446) Phase 1: Mark live objects
[456.650s][info ][gc,ref         ] GC(28446) Clearing All SoftReferences
[456.650s][info ][gc,ref         ] GC(28446) Clearing All SoftReferences
[456.651s][info ][gc,ref         ] GC(28446) Encountered references: Soft: 7, Weak: 34, Final: 0, Phantom: 1
[456.651s][info ][gc,ref         ] GC(28446) Discovered  references: Soft: 4, Weak: 9, Final: 0, Phantom: 1
[456.651s][info ][gc,ref         ] GC(28446) Enqueued    references: Soft: 0, Weak: 0, Final: 0, Phantom: 0
[456.651s][debug][gc,phases,start] GC(28446) ClassLoaderData
[456.651s][debug][gc,phases      ] GC(28446) ClassLoaderData 0.017ms
[456.651s][debug][gc,phases,start] GC(28446) Trigger cleanups
[456.651s][debug][gc,phases      ] GC(28446) Trigger cleanups 0.007ms
[456.651s][info ][gc,phases      ] GC(28446) Phase 1: Mark live objects 1.143ms
[456.651s][info ][gc,phases,start] GC(28446) Phase 2: Compute new object addresses
[456.652s][info ][gc,phases      ] GC(28446) Phase 2: Compute new object addresses 0.354ms
[456.652s][info ][gc,phases,start] GC(28446) Phase 3: Adjust pointers
[456.652s][info ][gc,phases      ] GC(28446) Phase 3: Adjust pointers 0.889ms
[456.653s][info ][gc,phases,start] GC(28446) Phase 4: Move objects
[456.654s][info ][gc,phases      ] GC(28446) Phase 4: Move objects 1.481ms
[456.654s][info ][gc,ergo        ] GC(28446) Bad progress for free space: 1520K, need 20971K
[456.654s][info ][gc             ] GC(28446) Pause Degenerated GC (Outside of Cycle) 1062M->1062M(2048M) 8.312ms
[456.654s][debug][gc,ergo        ] GC(28446) Margin of error now 3.29
[456.654s][debug][gc,ergo        ] GC(28446) Spike threshold now: 0.32
[456.654s][info ][gc,ergo        ] Free: 1520K, Max: 1024K regular, 1024K humongous, Frag: 0% external, 25% internal; Reserve: 102M, Max: 1024K
[456.654s][info ][gc,stats       ] 
[456.654s][info ][gc,stats       ] All times are wall-clock times, except per-root-class counters, that are sum over
[456.654s][info ][gc             ] Failed to allocate Shared, 1024K
[456.654s][info ][gc             ] Cancelling GC: Allocation Failure
[456.654s][info ][gc,stats       ] all workers. Dividing the <total> over the root stage time estimates parallelism.
[456.655s][info ][gc,stats       ] 
[456.655s][info ][gc,stats       ] Pause Degenerated GC (G)           8395 us
[456.655s][info ][gc,stats       ] Pause Degenerated GC (N)           8319 us
[456.655s][info ][gc,stats       ]   Degen STW Mark                    478 us, parallelism: 5.46x
[456.655s][info ][gc,stats       ]     DSM: <total>                   2611 us
[456.655s][info ][gc,stats       ]     DSM: Thread Roots                54 us, workers (us):  30,  20,   1,   1,   0,   0,   1,   1, 
[456.655s][info ][gc,stats       ]     DSM: VM Strong Roots              3 us, workers (us):   0,   1,   1,   0,   0,   0,   0,   0, 
[456.655s][info ][gc,stats       ]     DSM: CLDG Roots                  19 us, workers (us):  16,   0,   1,   1,   0,   0,   0,   0, 
[456.655s][info ][gc,stats       ]     DSM: Parallel Mark             2536 us, workers (us): 309, 301, 312, 330, 324, 344, 315, 302, 
[456.655s][info ][gc,stats       ]     System Purge                    339 us
[456.655s][info ][gc,stats       ]       Weak References               124 us, parallelism: 0.02x
[456.655s][info ][gc,stats       ]         WRP: <total>                  2 us
[456.655s][info ][gc,stats       ]         WRP: Weak References          2 us, workers (us):   1,   0,   0,   0,   0,   0,   0,   0, 
[456.655s][info ][gc,stats       ]       Unload Classes                118 us, parallelism: 1.16x
[456.655s][info ][gc,stats       ]         DCU: <total>                137 us
[456.655s][info ][gc,stats       ]         DCU: Unload Code Caches      137 us, workers (us):  56,  41,  26,  14,   1,   0,   0,   0, 
[456.655s][info ][gc,stats       ]       Weak Roots                     95 us, parallelism: 0.18x
[456.655s][info ][gc,stats       ]         DWR: <total>                 17 us
[456.655s][info ][gc,stats       ]         DWR: VM Weak Roots           17 us, workers (us):  12,   0,   0,   1,   1,   1,   1,   1, 
[456.655s][info ][gc,stats       ]       CLDG                            0 us
[456.655s][info ][gc,stats       ]   Update Region States               97 us
[456.655s][info ][gc,stats       ]   Manage GC/TLABs                     2 us
[456.655s][info ][gc,stats       ]   Choose Collection Set              22 us
[456.655s][info ][gc,stats       ]   Rebuild Free Set                    8 us
[456.655s][info ][gc,stats       ]   Evacuation                        363 us
[456.655s][info ][gc,stats       ]   Manage GCLABs                       2 us
[456.655s][info ][gc,stats       ]   Update References                1173 us
[456.655s][info ][gc,stats       ]   Update Region States              128 us
[456.655s][info ][gc,stats       ]   Trash Collection Set                3 us
[456.655s][info ][gc,stats       ]   Rebuild Free Set                   15 us
[456.655s][info ][gc,stats       ]   Degen Update Roots                245 us, parallelism: 1.15x
[456.655s][info ][gc,stats       ]     DU: <total>                     283 us
[456.655s][info ][gc,stats       ]     DU: Thread Roots                 85 us, workers (us):   1,  31,  34,  17,   0,   0,   1,   0, 
[456.655s][info ][gc,stats       ]     DU: Code Cache Roots            146 us, workers (us): 145,   0,   0,   0,   0,   0,   0,   0, 
[456.655s][info ][gc,stats       ]     DU: VM Strong Roots               6 us, workers (us):   5,   0,   0,   0,   0,   0,   0,   0, 
[456.655s][info ][gc,stats       ]     DU: VM Weak Roots                27 us, workers (us):  19,   7,   0,   0,   0,   0,   0,   0, 
[456.655s][info ][gc,stats       ]     DU: CLDG Roots                   19 us, workers (us):   2,  15,   1,   1,   0,   0,   0,   0, 
[456.655s][info ][gc,stats       ]   Cleanup                            89 us
[456.655s][info ][gc,stats       ]   Pre Heap Dump                       1 us
[456.655s][info ][gc,stats       ]   Prepare                           774 us
[456.655s][info ][gc,stats       ]   Mark                             1105 us, parallelism: 3.28x
[456.655s][info ][gc,stats       ]     FM: <total>                    3628 us
[456.655s][info ][gc,stats       ]     FM: Thread Roots                 82 us, workers (us):  34,  27,  13,   5,   1,   0,   1,   1, 
[456.655s][info ][gc,stats       ]     FM: VM Strong Roots               4 us, workers (us):   0,   0,   2,   1,   0,   0,   0,   0, 
[456.655s][info ][gc,stats       ]     FM: CLDG Roots                   23 us, workers (us):  20,   0,   1,   0,   1,   0,   1,   0, 
[456.655s][info ][gc,stats       ]     FM: Parallel Mark              3519 us, workers (us): 426, 472, 438, 474, 466, 438, 402, 402, 
[456.655s][info ][gc,stats       ]     System Purge                    486 us
[456.655s][info ][gc,stats       ]       Weak References               183 us, parallelism: 0.01x
[456.655s][info ][gc,stats       ]         WRP: <total>                  3 us
[456.655s][info ][gc,stats       ]         WRP: Weak References          3 us, workers (us):   2,   0,   0,   0,   0,   0,   0,   0, 
[456.655s][info ][gc,stats       ]       Unload Classes                165 us, parallelism: 1.10x
[456.655s][info ][gc,stats       ]         CU: <total>                 181 us
[456.655s][info ][gc,stats       ]         CU: Unload Code Caches      181 us, workers (us):  69,  49,  43,  20,   0,   0,   0,   0, 
[456.655s][info ][gc,stats       ]       Weak Roots                    134 us, parallelism: 0.17x
[456.655s][info ][gc,stats       ]         WR: <total>                  22 us
[456.655s][info ][gc,stats       ]         WR: VM Weak Roots            22 us, workers (us):  16,   1,   1,   1,   1,   1,   1,   1, 
[456.655s][info ][gc,stats       ]       CLDG                            1 us
[456.655s][info ][gc,stats       ]   Calculate Addresses               349 us
[456.655s][info ][gc,stats       ]     Regular Objects                 257 us
[456.655s][info ][gc,stats       ]     Humongous Objects                54 us
[456.655s][info ][gc,stats       ]   Adjust Pointers                   885 us
[456.655s][info ][gc,stats       ]     FA: <total>                     170 us
[456.655s][info ][gc,stats       ]     FA: Thread Roots                 40 us, workers (us):   0,  16,  17,   5,   0,   0,   1,   0, 
[456.655s][info ][gc,stats       ]     FA: Code Cache Roots            101 us, workers (us): 101,   0,   0,   0,   0,   0,   0,   0, 
[456.655s][info ][gc,stats       ]     FA: VM Strong Roots               2 us, workers (us):   1,   0,   0,   0,   0,   0,   0,   0, 
[456.655s][info ][gc,stats       ]     FA: VM Weak Roots                15 us, workers (us):  13,   1,   0,   0,   0,   0,   0,   0, 
[456.655s][info ][gc,stats       ]     FA: CLDG Roots                   11 us, workers (us):   1,   9,   0,   0,   0,   0,   0,   0, 
[456.655s][info ][gc,stats       ]   Copy Objects                     1476 us
[456.655s][info ][gc,stats       ]     Regular Objects                 336 us
[456.655s][info ][gc,stats       ]     Humongous Objects                32 us
[456.655s][info ][gc,stats       ]     Reset Complete Bitmap          1069 us
[456.655s][info ][gc,stats       ]     Rebuild Region Sets              38 us
[456.655s][info ][gc,stats       ]   Post Heap Dump                      1 us
[456.655s][info ][gc,stats       ] 
[456.655s][info ][gc,stats       ] Allocation pacing accrued:
[456.655s][info ][gc,stats       ]       0 of    10 ms (  0.0%): <total>
[456.655s][info ][gc,stats       ]       0 of    10 ms (  0.0%): <average total>
[456.655s][info ][gc,stats       ] 
[456.655s][info ][gc,metaspace   ] Metaspace: 253K(448K)->253K(448K) NonClass: 247K(320K)->247K(320K) Class: 5K(128K)->5K(128K)
[456.655s][info ][gc,ergo        ] Pacer for Idle. Initial: 41943K, Alloc Tax Rate: 1.0x
[456.656s][info ][gc             ] Trigger: Handle Allocation Failure
[456.656s][info ][gc,ergo        ] Free: 1520K, Max: 1024K regular, 1024K humongous, Frag: 0% external, 25% internal; Reserve: 102M, Max: 1024K
[456.656s][info ][gc,start       ] GC(28447) Pause Degenerated GC (Outside of Cycle)
[456.656s][info ][gc,task        ] GC(28447) Using 8 of 8 workers for stw degenerated gc
[456.656s][info ][gc,ref         ] GC(28447) Clearing All SoftReferences
[456.657s][info ][gc,ref         ] GC(28447) Encountered references: Soft: 7, Weak: 34, Final: 0, Phantom: 1
[456.657s][info ][gc,ref         ] GC(28447) Discovered  references: Soft: 4, Weak: 17, Final: 0, Phantom: 1
[456.657s][info ][gc,ref         ] GC(28447) Enqueued    references: Soft: 0, Weak: 0, Final: 0, Phantom: 0
[456.657s][debug][gc,phases,start] GC(28447) ClassLoaderData
[456.657s][debug][gc,phases      ] GC(28447) ClassLoaderData 0.009ms
[456.657s][debug][gc,phases,start] GC(28447) Trigger cleanups
[456.657s][debug][gc,phases      ] GC(28447) Trigger cleanups 0.003ms
[456.657s][info ][gc,ergo        ] GC(28447) Adaptive CSet Selection. Target Free: 290M, Actual Free: 103M, Max CSet: 87381K, Min Garbage: 187M
[456.657s][info ][gc,ergo        ] GC(28447) Collectable Garbage: 0B (0%), Immediate: 0B (0%), CSet: 0B (0%)
[456.660s][info ][gc,ergo        ] GC(28447) Bad progress for free space: 1024K, need 20971K
[456.660s][info ][gc             ] GC(28447) Cancelling GC: Upgrade To Full GC
[456.661s][info ][gc,phases,start] GC(28447) Phase 1: Mark live objects
[456.661s][info ][gc,ref         ] GC(28447) Clearing All SoftReferences
[456.661s][info ][gc,ref         ] GC(28447) Clearing All SoftReferences
[456.662s][info ][gc,ref         ] GC(28447) Encountered references: Soft: 7, Weak: 34, Final: 0, Phantom: 1
[456.662s][info ][gc,ref         ] GC(28447) Discovered  references: Soft: 4, Weak: 9, Final: 0, Phantom: 1
[456.662s][info ][gc,ref         ] GC(28447) Enqueued    references: Soft: 0, Weak: 0, Final: 0, Phantom: 0
[456.662s][debug][gc,phases,start] GC(28447) ClassLoaderData
[456.662s][debug][gc,phases      ] GC(28447) ClassLoaderData 0.012ms
[456.662s][debug][gc,phases,start] GC(28447) Trigger cleanups
[456.662s][debug][gc,phases      ] GC(28447) Trigger cleanups 0.005ms
[456.662s][info ][gc,phases      ] GC(28447) Phase 1: Mark live objects 0.949ms
[456.662s][info ][gc,phases,start] GC(28447) Phase 2: Compute new object addresses
[456.662s][info ][gc,phases      ] GC(28447) Phase 2: Compute new object addresses 0.414ms
[456.662s][info ][gc,phases,start] GC(28447) Phase 3: Adjust pointers
[456.664s][info ][gc,phases      ] GC(28447) Phase 3: Adjust pointers 1.128ms
[456.664s][info ][gc,phases,start] GC(28447) Phase 4: Move objects
[456.665s][info ][gc,phases      ] GC(28447) Phase 4: Move objects 1.446ms
[456.665s][info ][gc,ergo        ] GC(28447) Bad progress for free space: 1520K, need 20971K
[456.665s][info ][gc             ] GC(28447) Pause Degenerated GC (Outside of Cycle) 1062M->1062M(2048M) 9.022ms
[456.665s][debug][gc,ergo        ] GC(28447) Margin of error now 3.29
[456.665s][debug][gc,ergo        ] GC(28447) Spike threshold now: 0.32
[456.665s][info ][gc,ergo        ] Free: 1520K, Max: 1024K regular, 1024K humongous, Frag: 0% external, 25% internal; Reserve: 102M, Max: 1024K
[456.665s][info ][gc,stats       ] 
[456.665s][info ][gc,stats       ] All times are wall-clock times, except per-root-class counters, that are sum over
[456.665s][info ][gc,stats       ] all workers. Dividing the <total> over the root stage time estimates parallelism.
[456.665s][info ][gc,stats       ] 
[456.665s][info ][gc,stats       ] Pause Degenerated GC (G)           9113 us
[456.665s][info ][gc,stats       ] Pause Degenerated GC (N)           9030 us
[456.665s][info ][gc,stats       ]   Degen STW Mark                    423 us, parallelism: 5.38x
[456.665s][info ][gc,stats       ]     DSM: <total>                   2277 us
[456.666s][info ][gc,stats       ]     DSM: Thread Roots                44 us, workers (us):  24,  16,   1,   1,   1,   1,   0,   1, 
[456.666s][info ][gc,stats       ]     DSM: VM Strong Roots              4 us, workers (us):   1,   0,   1,   0,   0,   0,   0,   1, 
[456.666s][info ][gc             ] Failed to allocate Shared, 1024K
[456.666s][info ][gc             ] Cancelling GC: Allocation Failure
[456.666s][info ][gc,stats       ]     DSM: CLDG Roots                  14 us, workers (us):   0,  11,   0,   0,   1,   1,   0,   0, 
[456.666s][info ][gc,stats       ]     DSM: Parallel Mark             2214 us, workers (us): 293, 325, 317, 271, 279, 229, 254, 246, 
[456.666s][info ][gc,stats       ]     System Purge                    355 us
[456.666s][info ][gc,stats       ]       Weak References               120 us, parallelism: 0.02x
[456.666s][info ][gc,stats       ]         WRP: <total>                  2 us
[456.666s][info ][gc,stats       ]         WRP: Weak References          2 us, workers (us):   2,   0,   0,   0,   0,   0,   0,   0, 
[456.666s][info ][gc,stats       ]       Unload Classes                142 us, parallelism: 0.98x
[456.666s][info ][gc,stats       ]         DCU: <total>                140 us
[456.666s][info ][gc,stats       ]         DCU: Unload Code Caches      140 us, workers (us):  50,  45,  31,  13,   0,   0,   0,   0, 
[456.666s][info ][gc,stats       ]       Weak Roots                     91 us, parallelism: 0.21x
[456.666s][info ][gc,stats       ]         DWR: <total>                 19 us
[456.666s][info ][gc,stats       ]         DWR: VM Weak Roots           19 us, workers (us):  12,   2,   1,   1,   1,   0,   1,   1, 
[456.666s][info ][gc,stats       ]       CLDG                            1 us
[456.666s][info ][gc,stats       ]   Update Region States              110 us
[456.666s][info ][gc,stats       ]   Manage GC/TLABs                     2 us
[456.666s][info ][gc,stats       ]   Choose Collection Set              36 us
[456.666s][info ][gc,stats       ]   Rebuild Free Set                   13 us
[456.666s][info ][gc,stats       ]   Evacuation                        481 us
[456.666s][info ][gc,stats       ]   Manage GCLABs                       3 us
[456.666s][info ][gc,stats       ]   Update References                1310 us
[456.666s][info ][gc,stats       ]   Update Region States               97 us
[456.666s][info ][gc,stats       ]   Trash Collection Set                2 us
[456.666s][info ][gc,stats       ]   Rebuild Free Set                   14 us
[456.666s][info ][gc,stats       ]   Degen Update Roots                245 us, parallelism: 1.15x
[456.666s][info ][gc,stats       ]     DU: <total>                     282 us
[456.666s][info ][gc,stats       ]     DU: Thread Roots                 86 us, workers (us):  22,  32,   0,  21,  10,   0,   0,   0, 
[456.666s][info ][gc,stats       ]     DU: Code Cache Roots            145 us, workers (us):   0,   0, 144,   0,   0,   0,   0,   0, 
[456.666s][info ][gc,stats       ]     DU: VM Strong Roots               6 us, workers (us):   4,   0,   0,   0,   0,   0,   0,   0, 
[456.666s][info ][gc,stats       ]     DU: VM Weak Roots                27 us, workers (us):  17,   7,   1,   0,   1,   0,   0,   0, 
[456.666s][info ][gc,stats       ]     DU: CLDG Roots                   18 us, workers (us):  14,   2,   2,   0,   1,   0,   0,   0, 
[456.666s][info ][gc,stats       ]   Cleanup                            85 us
[456.666s][info ][gc,stats       ]   Pre Heap Dump                       1 us
[456.666s][info ][gc,stats       ]   Prepare                          1186 us
[456.666s][info ][gc,stats       ]   Mark                              890 us, parallelism: 3.15x
[456.666s][info ][gc,stats       ]     FM: <total>                    2805 us
[456.666s][info ][gc,stats       ]     FM: Thread Roots                 65 us, workers (us):  30,  20,   7,   6,   0,   1,   0,   1, 
[456.666s][info ][gc,stats       ]     FM: VM Strong Roots               4 us, workers (us):   0,   2,   2,   0,   0,   0,   0,   0, 
[456.666s][info ][gc,stats       ]     FM: CLDG Roots                   19 us, workers (us):  17,   0,   0,   0,   0,   1,   0,   0, 
[456.666s][info ][gc,stats       ]     FM: Parallel Mark              2716 us, workers (us): 336, 317, 377, 328, 378, 349, 313, 319, 
[456.666s][info ][gc,stats       ]     System Purge                    374 us
[456.666s][info ][gc,stats       ]       Weak References               123 us, parallelism: 0.02x
[456.666s][info ][gc,stats       ]         WRP: <total>                  2 us
[456.666s][info ][gc,stats       ]         WRP: Weak References          2 us, workers (us):   2,   0,   0,   0,   0,   0,   0,   0, 
[456.666s][info ][gc,stats       ]       Unload Classes                138 us, parallelism: 1.10x
[456.666s][info ][gc,stats       ]         CU: <total>                 152 us
[456.666s][info ][gc,stats       ]         CU: Unload Code Caches      152 us, workers (us):  58,  40,  33,  17,   5,   0,   0,   0, 
[456.666s][info ][gc,stats       ]       Weak Roots                    110 us, parallelism: 0.20x
[456.666s][info ][gc,stats       ]         WR: <total>                  22 us
[456.666s][info ][gc,stats       ]         WR: VM Weak Roots            22 us, workers (us):  12,   5,   1,   1,   1,   1,   1,   1, 
[456.666s][info ][gc,stats       ]       CLDG                            1 us
[456.666s][info ][gc,stats       ]   Calculate Addresses               408 us
[456.666s][info ][gc,stats       ]     Regular Objects                 277 us
[456.666s][info ][gc,stats       ]     Humongous Objects                83 us
[456.666s][info ][gc,stats       ]   Adjust Pointers                  1121 us
[456.666s][info ][gc,stats       ]     FA: <total>                     171 us
[456.666s][info ][gc,stats       ]     FA: Thread Roots                 34 us, workers (us):   1,  20,  12,   0,   0,   0,   1,   1, 
[456.666s][info ][gc,stats       ]     FA: Code Cache Roots            108 us, workers (us): 108,   0,   0,   0,   0,   0,   0,   0, 
[456.666s][info ][gc,stats       ]     FA: VM Strong Roots               3 us, workers (us):   2,   0,   0,   0,   0,   0,   0,   0, 
[456.666s][info ][gc,stats       ]     FA: VM Weak Roots                16 us, workers (us):  10,   4,   0,   0,   0,   0,   0,   0, 
[456.666s][info ][gc,stats       ]     FA: CLDG Roots                   10 us, workers (us):   1,   7,   0,   0,   0,   0,   0,   0, 
[456.666s][info ][gc,stats       ]   Copy Objects                     1442 us
[456.666s][info ][gc,stats       ]     Regular Objects                 340 us
[456.666s][info ][gc,stats       ]     Humongous Objects                36 us
[456.666s][info ][gc,stats       ]     Reset Complete Bitmap          1026 us
[456.666s][info ][gc,stats       ]     Rebuild Region Sets              39 us
[456.666s][info ][gc,stats       ]   Post Heap Dump                      0 us
[456.666s][info ][gc,stats       ] 
[456.666s][info ][gc,stats       ] Allocation pacing accrued:
[456.666s][info ][gc,stats       ]       0 of    11 ms (  0.0%): <total>
[456.666s][info ][gc,stats       ]       0 of    11 ms (  0.0%): <average total>
[456.666s][info ][gc,stats       ] 
[456.666s][info ][gc,metaspace   ] Metaspace: 253K(448K)->253K(448K) NonClass: 247K(320K)->247K(320K) Class: 5K(128K)->5K(128K)
[456.666s][info ][gc,ergo        ] Pacer for Idle. Initial: 41943K, Alloc Tax Rate: 1.0x
[456.667s][info ][gc             ] Trigger: Handle Allocation Failure
[456.667s][info ][gc,ergo        ] Free: 1517K, Max: 1021K regular, 0B humongous, Frag: 0% external, 25% internal; Reserve: 102M, Max: 1024K
[456.667s][info ][gc,start       ] GC(28448) Pause Full
[456.667s][info ][gc,task        ] GC(28448) Using 8 of 8 workers for full gc
[456.667s][debug][gc,tlab        ] GC(28448) TLAB totals: thrds: 1  refills: 1 max: 1 slow allocs: 0 max 0 waste: 97.9% gc: 2624B max: 2624B slow: 0B max: 0B
[456.667s][info ][gc,phases,start] GC(28448) Phase 1: Mark live objects
[456.667s][info ][gc,ref         ] GC(28448) Clearing All SoftReferences
[456.667s][info ][gc,ref         ] GC(28448) Clearing All SoftReferences
[456.668s][info ][gc,ref         ] GC(28448) Encountered references: Soft: 7, Weak: 34, Final: 0, Phantom: 1
[456.668s][info ][gc,ref         ] GC(28448) Discovered  references: Soft: 4, Weak: 9, Final: 0, Phantom: 1
[456.668s][info ][gc,ref         ] GC(28448) Enqueued    references: Soft: 0, Weak: 0, Final: 0, Phantom: 0
[456.668s][debug][gc,phases,start] GC(28448) ClassLoaderData
[456.668s][debug][gc,phases      ] GC(28448) ClassLoaderData 0.009ms
[456.668s][debug][gc,phases,start] GC(28448) Trigger cleanups
[456.668s][debug][gc,phases      ] GC(28448) Trigger cleanups 0.003ms
[456.668s][info ][gc,phases      ] GC(28448) Phase 1: Mark live objects 0.795ms
[456.668s][info ][gc,phases,start] GC(28448) Phase 2: Compute new object addresses
[456.668s][info ][gc,phases      ] GC(28448) Phase 2: Compute new object addresses 0.362ms
[456.668s][info ][gc,phases,start] GC(28448) Phase 3: Adjust pointers
[456.669s][info ][gc,phases      ] GC(28448) Phase 3: Adjust pointers 0.984ms
[456.669s][info ][gc,phases,start] GC(28448) Phase 4: Move objects
[456.768s][info ][gc,phases      ] GC(28448) Phase 4: Move objects 98.543ms
[456.768s][info ][gc,ergo        ] GC(28448) Good progress for free space: 33264K, need 20971K
[456.768s][info ][gc,ergo        ] GC(28448) Good progress for used space: 16386K, need 1024K
[456.768s][info ][gc             ] GC(28448) Pause Full 1062M->1046M(2048M) 101.124ms
[456.768s][debug][gc,ergo        ] GC(28448) Margin of error now 3.29
[456.768s][debug][gc,ergo        ] GC(28448) Spike threshold now: 0.32
[456.769s][info ][gc,ergo        ] Free: 33264K, Max: 1024K regular, 27648K humongous, Frag: 16% external, 1% internal; Reserve: 103M, Max: 1024K
[456.769s][info ][gc,stats       ] 
[456.769s][info ][gc,stats       ] All times are wall-clock times, except per-root-class counters, that are sum over
[456.769s][info ][gc,stats       ] all workers. Dividing the <total> over the root stage time estimates parallelism.
[456.769s][info ][gc,stats       ] 
[456.769s][info ][gc,stats       ] Pause Full GC (G)                101296 us
[456.769s][info ][gc,stats       ] Pause Full GC (N)                101190 us
[456.769s][info ][gc,stats       ]   Pre Heap Dump                       0 us
[456.769s][info ][gc,stats       ]   Prepare                           111 us
[456.769s][info ][gc,stats       ]   Mark                              791 us, parallelism: 3.15x
[456.769s][info ][gc,stats       ]     FM: <total>                    2492 us
[456.769s][info ][gc,stats       ]     FM: Thread Roots                 46 us, workers (us):  27,  10,   6,   0,   1,   0,   1,   0, 
[456.769s][info ][gc,stats       ]     FM: VM Strong Roots               3 us, workers (us):   0,   2,   0,   0,   0,   0,   0,   0, 
[456.769s][info ][gc,stats       ]     FM: CLDG Roots                   17 us, workers (us):  14,   1,   0,   0,   1,   0,   1,   0, 
[456.769s][info ][gc,stats       ]     FM: Parallel Mark              2427 us, workers (us): 312, 350, 349, 305, 333, 262, 237, 278, 
[456.769s][info ][gc,stats       ]     System Purge                    338 us
[456.769s][info ][gc,stats       ]       Weak References               112 us, parallelism: 0.02x
[456.769s][info ][gc,stats       ]         WRP: <total>                  2 us
[456.769s][info ][gc,stats       ]         WRP: Weak References          2 us, workers (us):   1,   0,   0,   0,   0,   0,   0,   0, 
[456.769s][info ][gc,stats       ]       Unload Classes                124 us, parallelism: 1.38x
[456.769s][info ][gc,stats       ]         CU: <total>                 171 us
[456.769s][info ][gc,stats       ]         CU: Unload Code Caches      171 us, workers (us):  65,  44,  36,  26,   0,   0,   0,   0, 
[456.769s][info ][gc,stats       ]       Weak Roots                    100 us, parallelism: 0.18x
[456.769s][info ][gc,stats       ]         WR: <total>                  18 us
[456.769s][info ][gc,stats       ]         WR: VM Weak Roots            18 us, workers (us):  12,   2,   1,   1,   1,   0,   1,   0, 
[456.769s][info ][gc,stats       ]       CLDG                            1 us
[456.769s][info ][gc,stats       ]   Calculate Addresses               357 us
[456.769s][info ][gc,stats       ]     Regular Objects                 274 us
[456.769s][info ][gc,stats       ]     Humongous Objects                42 us
[456.769s][info ][gc,stats       ]   Adjust Pointers                   979 us
[456.769s][info ][gc,stats       ]     FA: <total>                     147 us
[456.769s][info ][gc,stats       ]     FA: Thread Roots                 33 us, workers (us):  13,   1,  13,   5,   0,   0,   1,   0, 
[456.769s][info ][gc,stats       ]     FA: Code Cache Roots             89 us, workers (us):   0,  88,   0,   0,   0,   0,   0,   0, 
[456.769s][info ][gc,stats       ]     FA: VM Strong Roots               3 us, workers (us):   2,   0,   0,   0,   0,   0,   0,   0, 
[456.769s][info ][gc,stats       ]     FA: VM Weak Roots                15 us, workers (us):  12,   0,   0,   0,   0,   0,   1,   0, 
[456.769s][info ][gc,stats       ]     FA: CLDG Roots                    8 us, workers (us):   6,   1,   0,   0,   0,   0,   1,   0, 
[456.769s][info ][gc,stats       ]   Copy Objects                    98536 us
[456.769s][info ][gc,stats       ]     Regular Objects                 318 us
[456.769s][info ][gc,stats       ]     Humongous Objects             96575 us
[456.769s][info ][gc,stats       ]     Reset Complete Bitmap          1603 us
[456.769s][info ][gc,stats       ]     Rebuild Region Sets              38 us
[456.769s][info ][gc,stats       ]   Post Heap Dump                      1 us
[456.769s][info ][gc,stats       ] 
[456.769s][info ][gc,stats       ] Allocation pacing accrued:
[456.769s][info ][gc,stats       ]       0 of   103 ms (  0.0%): <total>
[456.769s][info ][gc,stats       ]       0 of   103 ms (  0.0%): <average total>
[456.769s][info ][gc,stats       ] 
[456.769s][info ][gc,metaspace   ] Metaspace: 253K(448K)->253K(448K) NonClass: 247K(320K)->247K(320K) Class: 5K(128K)->5K(128K)
[456.769s][info ][gc,ergo        ] Pacer for Idle. Initial: 41943K, Alloc Tax Rate: 1.0x
[456.770s][info ][gc             ] Trigger: Free (2544K) is below minimum threshold (204M)
[456.770s][info ][gc,ergo        ] Free: 2544K, Max: 1024K regular, 1024K humongous, Frag: 50% external, 17% internal; Reserve: 103M, Max: 1024K
[456.770s][info ][gc             ] Failed to allocate Shared, 1024K
[456.770s][info ][gc             ] Cancelling GC: Allocation Failure
[456.770s][info ][gc,start       ] GC(28449) Concurrent reset
[456.770s][info ][gc,task        ] GC(28449) Using 4 of 8 workers for concurrent reset
[456.770s][info ][gc,ergo        ] GC(28449) Pacer for Reset. Non-Taxable: 2048M
[456.770s][info ][gc             ] GC(28449) Concurrent reset 0.261ms
[456.770s][info ][gc,start       ] GC(28449) Pause Init Mark (unload classes)
[456.770s][info ][gc,task        ] GC(28449) Using 8 of 8 workers for init marking
[456.770s][info ][gc,ergo        ] GC(28449) Pacer for Mark. Expected Live: 12862M, Free: 2544K, Non-Taxable: 254K, Alloc Tax Rate: 6327.8x
[456.770s][info ][gc             ] GC(28449) Pause Init Mark (unload classes) 0.169ms
[456.770s][info ][gc,start       ] GC(28449) Concurrent marking roots
[456.770s][info ][gc,task        ] GC(28449) Using 4 of 8 workers for concurrent marking roots
[456.771s][info ][gc             ] GC(28449) Concurrent marking roots 0.218ms
[456.771s][info ][gc,ergo        ] Free: 2544K, Max: 1024K regular, 1024K humongous, Frag: 50% external, 17% internal; Reserve: 103M, Max: 1024K
[456.771s][info ][gc,stats       ] 
[456.771s][info ][gc,stats       ] All times are wall-clock times, except per-root-class counters, that are sum over
[456.771s][info ][gc,stats       ] all workers. Dividing the <total> over the root stage time estimates parallelism.
[456.771s][info ][gc,stats       ] 
[456.771s][info ][gc,stats       ] Concurrent Reset                    271 us
[456.771s][info ][gc,stats       ] Pause Init Mark (G)                 275 us
[456.771s][info ][gc,stats       ] Pause Init Mark (N)                 175 us
[456.771s][info ][gc,stats       ]   Update Region States              139 us
[456.771s][info ][gc,stats       ] Concurrent Mark Roots               230 us, parallelism: 2.11x
[456.771s][info ][gc,stats       ]   CMR: <total>                      483 us
[456.771s][info ][gc,stats       ]   CMR: Thread Roots                 416 us, workers (us):  78, 136, 111,  91, ---, ---, ---, ---, 
[456.771s][info ][gc,stats       ]   CMR: VM Strong Roots                3 us, workers (us):   3,   0,   0,   0, ---, ---, ---, ---, 
[456.771s][info ][gc,stats       ]   CMR: CLDG Roots                    64 us, workers (us):  64,   0, ---, ---, ---, ---, ---, ---, 
[456.771s][info ][gc,stats       ] 
[456.771s][info ][gc,stats       ] Allocation pacing accrued:
[456.771s][info ][gc,stats       ]       0 of     2 ms (  0.0%): <total>
[456.771s][info ][gc,stats       ]       0 of     2 ms (  0.0%): <average total>
[456.771s][info ][gc,stats       ] 
[456.771s][info ][gc,metaspace   ] Metaspace: 253K(448K)->253K(448K) NonClass: 247K(320K)->247K(320K) Class: 5K(128K)->5K(128K)
[456.771s][info ][gc,ergo        ] Pacer for Idle. Initial: 41943K, Alloc Tax Rate: 1.0x
[456.772s][info ][gc             ] Trigger: Handle Allocation Failure
[456.772s][info ][gc,ergo        ] Free: 2544K, Max: 1024K regular, 1024K humongous, Frag: 50% external, 17% internal; Reserve: 103M, Max: 1024K
[456.772s][info ][gc,start       ] GC(28450) Pause Degenerated GC (Outside of Cycle)
[456.772s][info ][gc,task        ] GC(28450) Using 8 of 8 workers for stw degenerated gc
[456.774s][info ][gc,ref         ] GC(28450) Clearing All SoftReferences
[456.774s][info ][gc,ref         ] GC(28450) Encountered references: Soft: 7, Weak: 34, Final: 0, Phantom: 1
[456.774s][info ][gc,ref         ] GC(28450) Discovered  references: Soft: 4, Weak: 1, Final: 0, Phantom: 0
[456.774s][info ][gc,ref         ] GC(28450) Enqueued    references: Soft: 0, Weak: 0, Final: 0, Phantom: 0
[456.774s][debug][gc,phases,start] GC(28450) ClassLoaderData
[456.774s][debug][gc,phases      ] GC(28450) ClassLoaderData 0.009ms
[456.774s][debug][gc,phases,start] GC(28450) Trigger cleanups
[456.774s][debug][gc,phases      ] GC(28450) Trigger cleanups 0.003ms
[456.775s][info ][gc,ergo        ] GC(28450) Collectable Garbage: 51200K (100%), Immediate: 51200K (100%), CSet: 0B (0%)
[456.775s][info ][gc,ergo        ] GC(28450) Good progress for free space: 86512K, need 20971K
[456.775s][info ][gc,ergo        ] GC(28450) Good progress for used space: 51200K, need 1024K
[456.775s][info ][gc             ] GC(28450) Pause Degenerated GC (Outside of Cycle) 1061M->1011M(2048M) 3.256ms
[456.775s][debug][gc,ergo        ] GC(28450) Margin of error now 3.29
[456.775s][debug][gc,ergo        ] GC(28450) Spike threshold now: 0.32
[456.776s][info ][gc,ergo        ] Free: 86512K, Max: 1024K regular, 84992K humongous, Frag: 2% external, 0% internal; Reserve: 103M, Max: 1024K
[456.776s][info ][gc,stats       ] 
[456.776s][info ][gc,stats       ] All times are wall-clock times, except per-root-class counters, that are sum over
[456.776s][info ][gc,stats       ] all workers. Dividing the <total> over the root stage time estimates parallelism.
[456.776s][info ][gc,stats       ] 
[456.776s][info ][gc,stats       ] Pause Degenerated GC (G)           3487 us
[456.776s][info ][gc,stats       ] Pause Degenerated GC (N)           3269 us
[456.776s][info ][gc,stats       ]   Degen STW Mark                    560 us, parallelism: 4.55x
[456.776s][info ][gc,stats       ]     DSM: <total>                   2544 us
[456.776s][info ][gc,stats       ]     DSM: Thread Roots                53 us, workers (us):  35,  13,   1,   0,   1,   0,   1,   1, 
[456.776s][info ][gc,stats       ]     DSM: VM Strong Roots              3 us, workers (us):   2,   0,   0,   0,   0,   0,   0,   0, 
[456.776s][info ][gc,stats       ]     DSM: CLDG Roots                  17 us, workers (us):   0,  13,   1,   0,   1,   0,   1,   1, 
[456.776s][info ][gc,stats       ]     DSM: Parallel Mark             2471 us, workers (us): 381, 378, 288, 297, 318, 275, 274, 261, 
[456.776s][info ][gc,stats       ]     System Purge                    398 us
[456.776s][info ][gc,stats       ]       Weak References               137 us, parallelism: 0.07x
[456.776s][info ][gc,stats       ]         WRP: <total>                  9 us
[456.776s][info ][gc,stats       ]         WRP: Weak References          9 us, workers (us):   9,   0,   0,   0,   0,   0,   0,   0, 
[456.776s][info ][gc,stats       ]       Unload Classes                165 us, parallelism: 1.40x
[456.776s][info ][gc,stats       ]         DCU: <total>                230 us
[456.776s][info ][gc,stats       ]         DCU: Unload Code Caches      230 us, workers (us):  82,  61,  45,  42,   0,   0,   0,   0, 
[456.776s][info ][gc,stats       ]       Weak Roots                     94 us, parallelism: 0.26x
[456.776s][info ][gc,stats       ]         DWR: <total>                 25 us
[456.776s][info ][gc,stats       ]         DWR: VM Weak Roots           25 us, workers (us):  18,   1,   0,   0,   2,   2,   1,   0, 
[456.776s][info ][gc,stats       ]       CLDG                            1 us
[456.776s][info ][gc,stats       ]   Update Region States              183 us
[456.776s][info ][gc,stats       ]   Manage GC/TLABs                     3 us
[456.776s][info ][gc,stats       ]   Choose Collection Set              65 us
[456.776s][info ][gc,stats       ]   Rebuild Free Set                   20 us
[456.776s][info ][gc,stats       ]   Cleanup                           168 us
[456.776s][info ][gc,stats       ] 
[456.776s][info ][gc,stats       ] Allocation pacing accrued:
[456.776s][info ][gc,stats       ]       0 of     5 ms (  0.0%): <total>
[456.776s][info ][gc,stats       ]       0 of     5 ms (  0.0%): <average total>
[456.776s][info ][gc,stats       ] 
[456.776s][info ][gc,metaspace   ] Metaspace: 253K(448K)->253K(448K) NonClass: 247K(320K)->247K(320K) Class: 5K(128K)->5K(128K)
[456.776s][info ][gc,ergo        ] Pacer for Idle. Initial: 41943K, Alloc Tax Rate: 1.0x
[456.777s][info ][gc             ] Trigger: Free (59888K) is below minimum threshold (204M)
[456.777s][info ][gc,ergo        ] Free: 57840K, Max: 1024K regular, 56320K humongous, Frag: 2% external, 0% internal; Reserve: 103M, Max: 1024K
[456.777s][info ][gc,start       ] GC(28451) Concurrent reset
[456.777s][info ][gc,task        ] GC(28451) Using 4 of 8 workers for concurrent reset
[456.777s][info ][gc,ergo        ] GC(28451) Pacer for Reset. Non-Taxable: 2048M
[456.779s][info ][gc             ] GC(28451) Concurrent reset 2.161ms
[456.779s][info ][gc,start       ] GC(28451) Pause Init Mark (unload classes)
[456.779s][info ][gc,task        ] GC(28451) Using 8 of 8 workers for init marking
[456.779s][info ][gc,ergo        ] GC(28451) Pacer for Mark. Expected Live: 12258M, Free: 23024K, Non-Taxable: 2302K, Alloc Tax Rate: 666.4x
[456.779s][info ][gc             ] GC(28451) Pause Init Mark (unload classes) 0.149ms
[456.779s][info ][gc,start       ] GC(28451) Concurrent marking roots
[456.780s][info ][gc,task        ] GC(28451) Using 4 of 8 workers for concurrent marking roots
[456.780s][info ][gc             ] GC(28451) Concurrent marking roots 0.186ms
[456.780s][info ][gc,start       ] GC(28451) Concurrent marking (unload classes)
[456.780s][info ][gc,task        ] GC(28451) Using 4 of 8 workers for concurrent marking
[456.780s][info ][gc             ] GC(28451) Concurrent marking (unload classes) 0.555ms
[456.780s][info ][gc,start       ] GC(28451) Pause Final Mark (unload classes)
[456.780s][info ][gc,task        ] GC(28451) Using 8 of 8 workers for final marking
[456.781s][info ][gc,ergo        ] GC(28451) Collectable Garbage: 24576K (100%), Immediate: 24576K (100%), CSet: 0B (0%)
[456.781s][info ][gc             ] GC(28451) Pause Final Mark (unload classes) 0.443ms
[456.781s][info ][gc,start       ] GC(28451) Concurrent weak references
[456.781s][info ][gc,task        ] GC(28451) Using 4 of 8 workers for concurrent weak references
[456.781s][info ][gc,ref         ] GC(28451) Encountered references: Soft: 7, Weak: 34, Final: 0, Phantom: 1
[456.781s][info ][gc,ref         ] GC(28451) Discovered  references: Soft: 0, Weak: 1, Final: 0, Phantom: 1
[456.781s][info ][gc,ref         ] GC(28451) Enqueued    references: Soft: 0, Weak: 0, Final: 0, Phantom: 0
[456.781s][info ][gc             ] GC(28451) Concurrent weak references 0.080ms
[456.781s][info ][gc,start       ] GC(28451) Concurrent weak roots
[456.781s][info ][gc,task        ] GC(28451) Using 4 of 8 workers for concurrent weak root
[456.781s][info ][gc             ] GC(28451) Concurrent weak roots 0.180ms
[456.781s][info ][gc,start       ] GC(28451) Concurrent cleanup
[456.781s][info ][gc             ] GC(28451) Concurrent cleanup 1044M->1020M(2048M) 0.135ms
[456.781s][info ][gc,ergo        ] GC(28451) Free: 68080K, Max: 1024K regular, 38912K humongous, Frag: 43% external, 0% internal; Reserve: 103M, Max: 1024K
[456.781s][info ][gc,start       ] GC(28451) Concurrent class unloading
[456.781s][info ][gc,task        ] GC(28451) Using 4 of 8 workers for concurrent class unloading
[456.781s][debug][gc,phases,start] GC(28451) ClassLoaderData
[456.781s][debug][gc,phases      ] GC(28451) ClassLoaderData 0.008ms
[456.781s][debug][gc,phases,start] GC(28451) Trigger cleanups
[456.781s][debug][gc,phases      ] GC(28451) Trigger cleanups 0.006ms
[456.782s][info ][gc             ] GC(28451) Concurrent class unloading 0.414ms
[456.782s][info ][gc,start       ] GC(28451) Pause Final Roots
[456.782s][info ][gc             ] GC(28451) Pause Final Roots 0.015ms
[456.782s][debug][gc,ergo        ] GC(28451) Available: 68080 KB, z-score=-1.249. Average available: 108.4 MB +/- 34350.4 KB.
[456.782s][info ][gc,ergo        ] Free: 68080K, Max: 1024K regular, 38912K humongous, Frag: 43% external, 0% internal; Reserve: 103M, Max: 1024K
[456.782s][info ][gc,stats       ] 
[456.782s][info ][gc,stats       ] All times are wall-clock times, except per-root-class counters, that are sum over
[456.782s][info ][gc,stats       ] all workers. Dividing the <total> over the root stage time estimates parallelism.
[456.782s][info ][gc,stats       ] 
[456.782s][info ][gc,stats       ] Concurrent Reset                   2193 us
[456.782s][info ][gc,stats       ] Pause Init Mark (G)                 380 us
[456.782s][info ][gc,stats       ] Pause Init Mark (N)                 159 us
[456.782s][info ][gc,stats       ]   Update Region States              112 us
[456.782s][info ][gc,stats       ] Concurrent Mark Roots               203 us, parallelism: 1.26x
[456.782s][info ][gc,stats       ]   CMR: <total>                      256 us
[456.782s][info ][gc,stats       ]   CMR: Thread Roots                 229 us, workers (us):  55,  75,  65,  34, ---, ---, ---, ---, 
[456.782s][info ][gc,stats       ]   CMR: VM Strong Roots                5 us, workers (us):   2,   2,   0,   1, ---, ---, ---, ---, 
[456.782s][info ][gc,stats       ]   CMR: CLDG Roots                    22 us, workers (us):  21,   0, ---, ---, ---, ---, ---, ---, 
[456.782s][info ][gc,stats       ] Concurrent Marking                  569 us
[456.782s][info ][gc,stats       ] Pause Final Mark (G)                548 us
[456.782s][info ][gc,stats       ] Pause Final Mark (N)                450 us
[456.782s][info ][gc,stats       ]   Finish Mark                       261 us
[456.782s][info ][gc,stats       ]   Update Region States              108 us
[456.782s][info ][gc,stats       ]   Choose Collection Set              36 us
[456.782s][info ][gc,stats       ]   Rebuild Free Set                   12 us
[456.782s][info ][gc,stats       ] Concurrent Weak References           84 us, parallelism: 0.02x
[456.782s][info ][gc,stats       ]   CWRF: <total>                       1 us
[456.782s][info ][gc,stats       ]   CWRF: Weak References               1 us, workers (us):   1,   0,   0,   0, ---, ---, ---, ---, 
[456.782s][info ][gc,stats       ] Concurrent Weak Roots               197 us
[456.782s][info ][gc,stats       ]   Roots                             101 us, parallelism: 0.54x
[456.782s][info ][gc,stats       ]     CWR: <total>                     55 us
[456.782s][info ][gc,stats       ]     CWR: Code Cache Roots            31 us, workers (us):   0,  31,   0,   0, ---, ---, ---, ---, 
[456.782s][info ][gc,stats       ]     CWR: VM Weak Roots               23 us, workers (us):  15,   7,   1,   0, ---, ---, ---, ---, 
[456.782s][info ][gc,stats       ]     CWR: CLDG Roots                   1 us, workers (us): ---,   1, ---, ---, ---, ---, ---, ---, 
[456.782s][info ][gc,stats       ]   Rendezvous                         69 us
[456.782s][info ][gc,stats       ] Concurrent Cleanup                  146 us
[456.782s][info ][gc,stats       ] Concurrent Class Unloading          431 us
[456.782s][info ][gc,stats       ]   Unlink Stale                      221 us
[456.782s][info ][gc,stats       ]     System Dictionary                29 us
[456.782s][info ][gc,stats       ]     Weak Class Links                  0 us
[456.782s][info ][gc,stats       ]     Code Roots                      191 us
[456.782s][info ][gc,stats       ]   Rendezvous                         70 us
[456.782s][info ][gc,stats       ]   Purge Unlinked                    106 us
[456.782s][info ][gc,stats       ]     Code Roots                       88 us
[456.782s][info ][gc,stats       ]     CLDG                             19 us
[456.782s][info ][gc,stats       ]     Exception Caches                  0 us
[456.782s][info ][gc,stats       ] Pause Final Roots (G)                79 us
[456.782s][info ][gc,stats       ] Pause Final Roots (N)                19 us
[456.782s][info ][gc,stats       ] 
[456.782s][info ][gc,stats       ] Allocation pacing accrued:
[456.782s][info ][gc,stats       ]       0 of     6 ms (  0.0%): <total>
[456.782s][info ][gc,stats       ]       0 of     6 ms (  0.0%): <average total>
[456.782s][info ][gc,stats       ] 
[456.782s][info ][gc,metaspace   ] Metaspace: 253K(448K)->253K(448K) NonClass: 247K(320K)->247K(320K) Class: 5K(128K)->5K(128K)
[456.782s][info ][gc,ergo        ] Pacer for Idle. Initial: 41943K, Alloc Tax Rate: 1.0x
[456.783s][info ][gc             ] Trigger: Free (68080K) is below minimum threshold (204M)
[456.783s][info ][gc,ergo        ] Free: 68080K, Max: 1024K regular, 38912K humongous, Frag: 43% external, 0% internal; Reserve: 103M, Max: 1024K
[456.783s][info ][gc,start       ] GC(28452) Concurrent reset
[456.783s][info ][gc,task        ] GC(28452) Using 4 of 8 workers for concurrent reset
[456.783s][info ][gc,ergo        ] GC(28452) Pacer for Reset. Non-Taxable: 2048M
[456.785s][info ][gc             ] GC(28452) Concurrent reset 1.508ms
[456.785s][info ][gc,start       ] GC(28452) Pause Init Mark (unload classes)
[456.785s][info ][gc,task        ] GC(28452) Using 8 of 8 workers for init marking
[456.785s][info ][gc,ergo        ] GC(28452) Pacer for Mark. Expected Live: 12256M, Free: 68080K, Non-Taxable: 6808K, Alloc Tax Rate: 225.3x
[456.785s][info ][gc             ] GC(28452) Pause Init Mark (unload classes) 0.172ms
[456.785s][info ][gc,start       ] GC(28452) Concurrent marking roots
[456.785s][info ][gc,task        ] GC(28452) Using 4 of 8 workers for concurrent marking roots
[456.785s][info ][gc             ] GC(28452) Concurrent marking roots 0.185ms
[456.785s][info ][gc,start       ] GC(28452) Concurrent marking (unload classes)
[456.785s][info ][gc,task        ] GC(28452) Using 4 of 8 workers for concurrent marking
[456.786s][info ][gc             ] GC(28452) Concurrent marking (unload classes) 0.447ms
[456.786s][info ][gc,start       ] GC(28452) Pause Final Mark (unload classes)
[456.786s][info ][gc,task        ] GC(28452) Using 8 of 8 workers for final marking
[456.786s][info ][gc,ergo        ] GC(28452) Collectable Garbage: 8192K (100%), Immediate: 8192K (100%), CSet: 0B (0%)
[456.786s][info ][gc             ] GC(28452) Pause Final Mark (unload classes) 0.383ms
[456.786s][info ][gc,start       ] GC(28452) Concurrent weak references
[456.786s][info ][gc,task        ] GC(28452) Using 4 of 8 workers for concurrent weak references
[456.786s][info ][gc,ref         ] GC(28452) Encountered references: Soft: 7, Weak: 34, Final: 0, Phantom: 1
[456.786s][info ][gc,ref         ] GC(28452) Discovered  references: Soft: 0, Weak: 1, Final: 0, Phantom: 1
[456.786s][info ][gc,ref         ] GC(28452) Enqueued    references: Soft: 0, Weak: 0, Final: 0, Phantom: 0
[456.786s][info ][gc             ] GC(28452) Concurrent weak references 0.120ms
[456.786s][info ][gc,start       ] GC(28452) Concurrent weak roots
[456.786s][info ][gc,task        ] GC(28452) Using 4 of 8 workers for concurrent weak root
[456.786s][info ][gc             ] GC(28452) Concurrent weak roots 0.182ms
[456.786s][info ][gc,start       ] GC(28452) Concurrent cleanup
[456.787s][info ][gc             ] GC(28452) Concurrent cleanup 1020M->1012M(2048M) 0.103ms
[456.787s][info ][gc,ergo        ] GC(28452) Free: 84464K, Max: 1024K regular, 38912K humongous, Frag: 54% external, 0% internal; Reserve: 103M, Max: 1024K
[456.787s][info ][gc,start       ] GC(28452) Concurrent class unloading
[456.787s][info ][gc,task        ] GC(28452) Using 4 of 8 workers for concurrent class unloading
[456.787s][debug][gc,phases,start] GC(28452) ClassLoaderData
[456.787s][debug][gc,phases      ] GC(28452) ClassLoaderData 0.007ms
[456.787s][debug][gc,phases,start] GC(28452) Trigger cleanups
[456.787s][debug][gc,phases      ] GC(28452) Trigger cleanups 0.005ms
[456.787s][info ][gc             ] GC(28452) Concurrent class unloading 0.364ms
[456.787s][info ][gc,start       ] GC(28452) Pause Final Roots
[456.787s][info ][gc             ] GC(28452) Pause Final Roots 0.015ms
[456.787s][debug][gc,ergo        ] GC(28452) Available: 84464 KB, z-score=-0.661. Average available: 105.2 MB +/- 35151.8 KB.
[456.787s][info ][gc,ergo        ] Free: 84464K, Max: 1024K regular, 38912K humongous, Frag: 54% external, 0% internal; Reserve: 103M, Max: 1024K
[456.787s][info ][gc,stats       ] 
[456.787s][info ][gc,stats       ] All times are wall-clock times, except per-root-class counters, that are sum over
[456.787s][info ][gc,stats       ] all workers. Dividing the <total> over the root stage time estimates parallelism.
[456.787s][info ][gc,stats       ] 
[456.787s][info ][gc,stats       ] Concurrent Reset                   1525 us
[456.787s][info ][gc,stats       ] Pause Init Mark (G)                 240 us
[456.787s][info ][gc,stats       ] Pause Init Mark (N)                 176 us
[456.787s][info ][gc,stats       ]   Update Region States              131 us
[456.787s][info ][gc,stats       ] Concurrent Mark Roots               196 us, parallelism: 1.38x
[456.787s][info ][gc,stats       ]   CMR: <total>                      271 us
[456.787s][info ][gc,stats       ]   CMR: Thread Roots                 252 us, workers (us):  86,  76,  61,  29, ---, ---, ---, ---, 
[456.787s][info ][gc,stats       ]   CMR: VM Strong Roots                2 us, workers (us):   2,   0,   0,   0, ---, ---, ---, ---, 
[456.787s][info ][gc,stats       ]   CMR: CLDG Roots                    16 us, workers (us):  15,   0, ---, ---, ---, ---, ---, ---, 
[456.787s][info ][gc,stats       ] Concurrent Marking                  460 us
[456.787s][info ][gc,stats       ] Pause Final Mark (G)                452 us
[456.787s][info ][gc,stats       ] Pause Final Mark (N)                388 us
[456.787s][info ][gc,stats       ]   Finish Mark                       243 us
[456.787s][info ][gc,stats       ]   Update Region States               96 us
[456.787s][info ][gc,stats       ]   Choose Collection Set              22 us
[456.787s][info ][gc,stats       ]   Rebuild Free Set                    7 us
[456.787s][info ][gc,stats       ] Concurrent Weak References          126 us, parallelism: 0.01x
[456.787s][info ][gc,stats       ]   CWRF: <total>                       1 us
[456.787s][info ][gc,stats       ]   CWRF: Weak References               1 us, workers (us):   1,   0,   0,   0, ---, ---, ---, ---, 
[456.787s][info ][gc,stats       ] Concurrent Weak Roots               194 us
[456.787s][info ][gc,stats       ]   Roots                             110 us, parallelism: 0.47x
[456.787s][info ][gc,stats       ]     CWR: <total>                     52 us
[456.787s][info ][gc,stats       ]     CWR: Code Cache Roots            29 us, workers (us):   0,  28,   0,   0, ---, ---, ---, ---, 
[456.787s][info ][gc,stats       ]     CWR: VM Weak Roots               22 us, workers (us):  17,   5,   0,   0, ---, ---, ---, ---, 
[456.787s][info ][gc,stats       ]     CWR: CLDG Roots                   1 us, workers (us):   1, ---, ---, ---, ---, ---, ---, ---, 
[456.787s][info ][gc,stats       ]   Rendezvous                         60 us
[456.787s][info ][gc,stats       ] Concurrent Cleanup                  110 us
[456.787s][info ][gc,stats       ] Concurrent Class Unloading          377 us
[456.787s][info ][gc,stats       ]   Unlink Stale                      229 us
[456.787s][info ][gc,stats       ]     System Dictionary                23 us
[456.787s][info ][gc,stats       ]     Weak Class Links                  0 us
[456.787s][info ][gc,stats       ]     Code Roots                      205 us
[456.787s][info ][gc,stats       ]   Rendezvous                         55 us
[456.787s][info ][gc,stats       ]   Purge Unlinked                     68 us
[456.787s][info ][gc,stats       ]     Code Roots                       54 us
[456.787s][info ][gc,stats       ]     CLDG                             14 us
[456.787s][info ][gc,stats       ]     Exception Caches                  0 us
[456.787s][info ][gc,stats       ] Pause Final Roots (G)                76 us
[456.787s][info ][gc,stats       ] Pause Final Roots (N)                20 us
[456.787s][info ][gc,stats       ] 
[456.787s][info ][gc,stats       ] Allocation pacing accrued:
[456.787s][info ][gc,stats       ]       0 of     5 ms (  0.0%): <total>
[456.787s][info ][gc,stats       ]       0 of     5 ms (  0.0%): <average total>
[456.787s][info ][gc,stats       ] 
[456.787s][info ][gc,metaspace   ] Metaspace: 253K(448K)->253K(448K) NonClass: 247K(320K)->247K(320K) Class: 5K(128K)->5K(128K)
[456.787s][info ][gc,ergo        ] Pacer for Idle. Initial: 41943K, Alloc Tax Rate: 1.0x
[456.789s][info ][gc             ] Trigger: Free (52720K) is below minimum threshold (204M)
[456.789s][info ][gc,ergo        ] Free: 52720K, Max: 1024K regular, 9216K humongous, Frag: 83% external, 0% internal; Reserve: 103M, Max: 1024K
[456.789s][info ][gc,start       ] GC(28453) Concurrent reset
[456.789s][info ][gc,task        ] GC(28453) Using 4 of 8 workers for concurrent reset
[456.789s][info ][gc,ergo        ] GC(28453) Pacer for Reset. Non-Taxable: 2048M
[456.791s][info ][gc             ] GC(28453) Concurrent reset 2.835ms
[456.791s][info ][gc,start       ] GC(28453) Pause Init Mark (unload classes)
[456.791s][info ][gc,task        ] GC(28453) Using 8 of 8 workers for init marking
[456.792s][info ][gc,ergo        ] GC(28453) Pacer for Mark. Expected Live: 12264M, Free: 11760K, Non-Taxable: 1176K, Alloc Tax Rate: 1305.2x
[456.792s][info ][gc             ] GC(28453) Pause Init Mark (unload classes) 0.152ms
[456.792s][info ][gc,start       ] GC(28453) Concurrent marking roots
[456.792s][info ][gc,task        ] GC(28453) Using 4 of 8 workers for concurrent marking roots
[456.792s][info ][gc             ] GC(28453) Concurrent marking roots 0.191ms
[456.792s][info ][gc,start       ] GC(28453) Concurrent marking (unload classes)
[456.792s][info ][gc,task        ] GC(28453) Using 4 of 8 workers for concurrent marking
[456.792s][info ][gc             ] GC(28453) Concurrent marking (unload classes) 0.522ms
[456.792s][info ][gc,start       ] GC(28453) Pause Final Mark (unload classes)
[456.792s][info ][gc,task        ] GC(28453) Using 8 of 8 workers for final marking
[456.793s][info ][gc,ergo        ] GC(28453) Collectable Garbage: 24576K (100%), Immediate: 24576K (100%), CSet: 0B (0%)
[456.793s][info ][gc             ] GC(28453) Pause Final Mark (unload classes) 0.496ms
[456.793s][info ][gc,start       ] GC(28453) Concurrent weak references
[456.793s][info ][gc,task        ] GC(28453) Using 4 of 8 workers for concurrent weak references
[456.793s][info ][gc,ref         ] GC(28453) Encountered references: Soft: 7, Weak: 34, Final: 0, Phantom: 1
[456.793s][info ][gc,ref         ] GC(28453) Discovered  references: Soft: 0, Weak: 4, Final: 0, Phantom: 1
[456.793s][info ][gc,ref         ] GC(28453) Enqueued    references: Soft: 0, Weak: 0, Final: 0, Phantom: 0
[456.793s][info ][gc             ] GC(28453) Concurrent weak references 0.097ms
[456.793s][info ][gc,start       ] GC(28453) Concurrent weak roots
[456.793s][info ][gc,task        ] GC(28453) Using 4 of 8 workers for concurrent weak root
[456.793s][info ][gc             ] GC(28453) Concurrent weak roots 0.204ms
[456.793s][info ][gc,start       ] GC(28453) Concurrent cleanup
[456.793s][info ][gc             ] GC(28453) Concurrent cleanup 1053M->1029M(2048M) 0.104ms
[456.793s][info ][gc,ergo        ] GC(28453) Free: 58864K, Max: 1024K regular, 11264K humongous, Frag: 81% external, 0% internal; Reserve: 103M, Max: 1024K
[456.793s][info ][gc,start       ] GC(28453) Concurrent class unloading
[456.793s][info ][gc,task        ] GC(28453) Using 4 of 8 workers for concurrent class unloading
[456.793s][debug][gc,phases,start] GC(28453) ClassLoaderData
[456.793s][debug][gc,phases      ] GC(28453) ClassLoaderData 0.007ms
[456.793s][debug][gc,phases,start] GC(28453) Trigger cleanups
[456.793s][debug][gc,phases      ] GC(28453) Trigger cleanups 0.004ms
[456.794s][info ][gc             ] GC(28453) Concurrent class unloading 0.404ms
[456.794s][info ][gc,start       ] GC(28453) Pause Final Roots
[456.794s][info ][gc             ] GC(28453) Pause Final Roots 0.016ms
[456.794s][debug][gc,ergo        ] GC(28453) Available: 58864 KB, z-score=-1.166. Average available: 100.9 MB +/- 38112.1 KB.
[456.794s][info ][gc,ergo        ] Free: 58864K, Max: 1024K regular, 11264K humongous, Frag: 81% external, 0% internal; Reserve: 103M, Max: 1024K
[456.794s][info ][gc,stats       ] 
[456.794s][info ][gc,stats       ] All times are wall-clock times, except per-root-class counters, that are sum over
[456.794s][info ][gc,stats       ] all workers. Dividing the <total> over the root stage time estimates parallelism.
[456.794s][info ][gc,stats       ] 
[456.794s][info ][gc,stats       ] Concurrent Reset                   2855 us
[456.794s][info ][gc,stats       ] Pause Init Mark (G)                 274 us
[456.794s][info ][gc,stats       ] Pause Init Mark (N)                 158 us
[456.794s][info ][gc,stats       ]   Update Region States              115 us
[456.794s][info ][gc,stats       ] Concurrent Mark Roots               208 us, parallelism: 1.26x
[456.794s][info ][gc,stats       ]   CMR: <total>                      261 us
[456.794s][info ][gc,stats       ]   CMR: Thread Roots                 243 us, workers (us):  81,  85,  77,   0, ---, ---, ---, ---, 
[456.794s][info ][gc,stats       ]   CMR: VM Strong Roots                3 us, workers (us):   2,   0,   0,   0, ---, ---, ---, ---, 
[456.794s][info ][gc,stats       ]   CMR: CLDG Roots                    16 us, workers (us):  15,   1, ---, ---, ---, ---, ---, ---, 
[456.794s][info ][gc,stats       ] Concurrent Marking                  538 us
[456.794s][info ][gc,stats       ] Pause Final Mark (G)                576 us
[456.794s][info ][gc,stats       ] Pause Final Mark (N)                502 us
[456.794s][info ][gc,stats       ]   Finish Mark                       314 us
[456.794s][info ][gc,stats       ]   Update Region States              101 us
[456.794s][info ][gc,stats       ]   Choose Collection Set              36 us
[456.794s][info ][gc,stats       ]   Rebuild Free Set                   10 us
[456.794s][info ][gc,stats       ] Concurrent Weak References          103 us, parallelism: 0.02x
[456.794s][info ][gc,stats       ]   CWRF: <total>                       2 us
[456.794s][info ][gc,stats       ]   CWRF: Weak References               2 us, workers (us):   2,   0,   0,   0, ---, ---, ---, ---, 
[456.794s][info ][gc,stats       ] Concurrent Weak Roots               220 us
[456.794s][info ][gc,stats       ]   Roots                             128 us, parallelism: 0.83x
[456.794s][info ][gc,stats       ]     CWR: <total>                    106 us
[456.794s][info ][gc,stats       ]     CWR: Code Cache Roots            59 us, workers (us):  59,   0,   0,   0, ---, ---, ---, ---, 
[456.794s][info ][gc,stats       ]     CWR: VM Weak Roots               46 us, workers (us):  18,  27,   0,   0, ---, ---, ---, ---, 
[456.794s][info ][gc,stats       ]     CWR: CLDG Roots                   1 us, workers (us):   1, ---, ---, ---, ---, ---, ---, ---, 
[456.794s][info ][gc,stats       ]   Rendezvous                         62 us
[456.794s][info ][gc,stats       ] Concurrent Cleanup                  111 us
[456.794s][info ][gc,stats       ] Concurrent Class Unloading          421 us
[456.794s][info ][gc,stats       ]   Unlink Stale                      267 us
[456.794s][info ][gc,stats       ]     System Dictionary                22 us
[456.794s][info ][gc,stats       ]     Weak Class Links                  0 us
[456.794s][info ][gc,stats       ]     Code Roots                      244 us
[456.794s][info ][gc,stats       ]   Rendezvous                         54 us
[456.794s][info ][gc,stats       ]   Purge Unlinked                     71 us
[456.794s][info ][gc,stats       ]     Code Roots                       53 us
[456.794s][info ][gc,stats       ]     CLDG                             17 us
[456.794s][info ][gc,stats       ]     Exception Caches                  0 us
[456.794s][info ][gc,stats       ] Pause Final Roots (G)                75 us
[456.794s][info ][gc,stats       ] Pause Final Roots (N)                21 us
[456.794s][info ][gc,stats       ] Pacing                            83478 us
[456.794s][info ][gc,stats       ] 
[456.794s][info ][gc,stats       ] Allocation pacing accrued:
[456.794s][info ][gc,stats       ]       7 of     7 ms (100.3%): main
[456.794s][info ][gc,stats       ]       8 of     7 ms (119.3%): Thread-0
[456.794s][info ][gc,stats       ]       8 of     7 ms (119.8%): Thread-1
[456.794s][info ][gc,stats       ]       7 of     7 ms (102.4%): Thread-2
[456.794s][info ][gc,stats       ]       8 of     7 ms (116.1%): Thread-3
[456.794s][info ][gc,stats       ]       8 of     7 ms (112.6%): Thread-4
[456.794s][info ][gc,stats       ]       8 of     7 ms (113.7%): Thread-5
[456.794s][info ][gc,stats       ]       8 of     7 ms (117.2%): Thread-6
[456.794s][info ][gc,stats       ]       7 of     7 ms (104.1%): Thread-7
[456.794s][info ][gc,stats       ]       7 of     7 ms ( 98.4%): Thread-8
[456.794s][info ][gc,stats       ]       8 of     7 ms (111.6%): Thread-9
[456.794s][info ][gc,stats       ]      83 of     7 ms (1215.5%): <total>
[456.794s][info ][gc,stats       ]       4 of     7 ms ( 57.9%): <average total>
[456.794s][info ][gc,stats       ]       8 of     7 ms (110.5%): <average non-zero>
[456.794s][info ][gc,stats       ] 
[456.794s][info ][gc,metaspace   ] Metaspace: 253K(448K)->253K(448K) NonClass: 247K(320K)->247K(320K) Class: 5K(128K)->5K(128K)
[456.794s][info ][gc,ergo        ] Pacer for Idle. Initial: 41943K, Alloc Tax Rate: 1.0x
[456.795s][info ][gc             ] Trigger: Free (58864K) is below minimum threshold (204M)
[456.795s][info ][gc,ergo        ] Free: 58864K, Max: 1024K regular, 11264K humongous, Frag: 81% external, 0% internal; Reserve: 103M, Max: 1024K
[456.795s][info ][gc,start       ] GC(28454) Concurrent reset
[456.795s][info ][gc,task        ] GC(28454) Using 4 of 8 workers for concurrent reset
[456.796s][info ][gc,ergo        ] GC(28454) Pacer for Reset. Non-Taxable: 2048M
[456.797s][info ][gc             ] GC(28454) Concurrent reset 1.556ms
[456.797s][info ][gc,start       ] GC(28454) Pause Init Mark (unload classes)
[456.797s][info ][gc,task        ] GC(28454) Using 8 of 8 workers for init marking
[456.797s][info ][gc,ergo        ] GC(28454) Pacer for Mark. Expected Live: 12274M, Free: 58864K, Non-Taxable: 5886K, Alloc Tax Rate: 261.0x
[456.797s][info ][gc             ] GC(28454) Pause Init Mark (unload classes) 0.169ms
[456.797s][info ][gc,start       ] GC(28454) Concurrent marking roots
[456.797s][info ][gc,task        ] GC(28454) Using 4 of 8 workers for concurrent marking roots
[456.798s][info ][gc             ] GC(28454) Concurrent marking roots 0.186ms
[456.798s][info ][gc,start       ] GC(28454) Concurrent marking (unload classes)
[456.798s][info ][gc,task        ] GC(28454) Using 4 of 8 workers for concurrent marking
[456.798s][info ][gc             ] GC(28454) Concurrent marking (unload classes) 0.558ms
[456.798s][info ][gc,start       ] GC(28454) Pause Final Mark (unload classes)
[456.798s][info ][gc,task        ] GC(28454) Using 8 of 8 workers for final marking
[456.799s][info ][gc,ergo        ] GC(28454) Collectable Garbage: 40960K (100%), Immediate: 40960K (100%), CSet: 0B (0%)
[456.799s][info ][gc             ] GC(28454) Pause Final Mark (unload classes) 0.461ms
[456.799s][info ][gc,start       ] GC(28454) Concurrent weak references
[456.799s][info ][gc,task        ] GC(28454) Using 4 of 8 workers for concurrent weak references
[456.799s][info ][gc,ref         ] GC(28454) Encountered references: Soft: 7, Weak: 34, Final: 0, Phantom: 1
[456.799s][info ][gc,ref         ] GC(28454) Discovered  references: Soft: 0, Weak: 1, Final: 0, Phantom: 0
[456.799s][info ][gc,ref         ] GC(28454) Enqueued    references: Soft: 0, Weak: 0, Final: 0, Phantom: 0
[456.799s][info ][gc             ] GC(28454) Concurrent weak references 0.085ms
[456.799s][info ][gc,start       ] GC(28454) Concurrent weak roots
[456.799s][info ][gc,task        ] GC(28454) Using 4 of 8 workers for concurrent weak root
[456.799s][info ][gc             ] GC(28454) Concurrent weak roots 0.163ms
[456.799s][info ][gc,start       ] GC(28454) Concurrent cleanup
[456.799s][info ][gc             ] GC(28454) Concurrent cleanup 1039M->999M(2048M) 0.113ms
[456.799s][info ][gc,ergo        ] GC(28454) Free: 117M, Max: 1024K regular, 13312K humongous, Frag: 89% external, 0% internal; Reserve: 103M, Max: 1024K
[456.799s][info ][gc,start       ] GC(28454) Concurrent class unloading
[456.799s][info ][gc,task        ] GC(28454) Using 4 of 8 workers for concurrent class unloading
[456.799s][debug][gc,phases,start] GC(28454) ClassLoaderData
[456.799s][debug][gc,phases      ] GC(28454) ClassLoaderData 0.007ms
[456.799s][debug][gc,phases,start] GC(28454) Trigger cleanups
[456.799s][debug][gc,phases      ] GC(28454) Trigger cleanups 0.005ms
[456.800s][info ][gc             ] GC(28454) Concurrent class unloading 0.348ms
[456.800s][info ][gc,start       ] GC(28454) Pause Final Roots
[456.800s][info ][gc             ] GC(28454) Pause Final Roots 0.017ms
[456.800s][debug][gc,ergo        ] GC(28454) Available: 117 MB, z-score=0.318. Average available: 106.3 MB +/- 36113.4 KB.
[456.800s][info ][gc,ergo        ] Free: 117M, Max: 1024K regular, 13312K humongous, Frag: 89% external, 0% internal; Reserve: 103M, Max: 1024K
[456.800s][info ][gc,stats       ] 
[456.800s][info ][gc,stats       ] All times are wall-clock times, except per-root-class counters, that are sum over
[456.800s][info ][gc,stats       ] all workers. Dividing the <total> over the root stage time estimates parallelism.
[456.800s][info ][gc,stats       ] 
[456.800s][info ][gc,stats       ] Concurrent Reset                   1591 us
[456.800s][info ][gc,stats       ] Pause Init Mark (G)                 239 us
[456.800s][info ][gc,stats       ] Pause Init Mark (N)                 174 us
[456.800s][info ][gc,stats       ]   Update Region States              133 us
[456.800s][info ][gc,stats       ] Concurrent Mark Roots               196 us, parallelism: 1.41x
[456.800s][info ][gc,stats       ]   CMR: <total>                      276 us
[456.800s][info ][gc,stats       ]   CMR: Thread Roots                 258 us, workers (us):  93,  90,  75,   0, ---, ---, ---, ---, 
[456.800s][info ][gc,stats       ]   CMR: VM Strong Roots                3 us, workers (us):   2,   0,   0,   0, ---, ---, ---, ---, 
[456.800s][info ][gc,stats       ]   CMR: CLDG Roots                    15 us, workers (us):  15,   1, ---, ---, ---, ---, ---, ---, 
[456.800s][info ][gc,stats       ] Concurrent Marking                  577 us
[456.800s][info ][gc,stats       ] Pause Final Mark (G)                710 us
[456.800s][info ][gc,stats       ] Pause Final Mark (N)                467 us
[456.800s][info ][gc,stats       ]   Finish Mark                       282 us
[456.800s][info ][gc,stats       ]   Update Region States              104 us
[456.800s][info ][gc,stats       ]   Choose Collection Set              38 us
[456.800s][info ][gc,stats       ]   Rebuild Free Set                   10 us
[456.800s][info ][gc,stats       ] Concurrent Weak References           90 us, parallelism: 0.01x
[456.800s][info ][gc,stats       ]   CWRF: <total>                       1 us
[456.800s][info ][gc,stats       ]   CWRF: Weak References               1 us, workers (us):   1,   0,   0,   0, ---, ---, ---, ---, 
[456.800s][info ][gc,stats       ] Concurrent Weak Roots               182 us
[456.800s][info ][gc,stats       ]   Roots                              94 us, parallelism: 0.50x
[456.800s][info ][gc,stats       ]     CWR: <total>                     47 us
[456.800s][info ][gc,stats       ]     CWR: Code Cache Roots            25 us, workers (us):  25,   0,   0,   0, ---, ---, ---, ---, 
[456.800s][info ][gc,stats       ]     CWR: VM Weak Roots               22 us, workers (us):  16,   4,   0,   0, ---, ---, ---, ---, 
[456.800s][info ][gc,stats       ]     CWR: CLDG Roots                   1 us, workers (us): ---,   1, ---, ---, ---, ---, ---, ---, 
[456.800s][info ][gc,stats       ]   Rendezvous                         59 us
[456.800s][info ][gc,stats       ] Concurrent Cleanup                  123 us
[456.800s][info ][gc,stats       ] Concurrent Class Unloading          362 us
[456.800s][info ][gc,stats       ]   Unlink Stale                      198 us
[456.800s][info ][gc,stats       ]     System Dictionary                24 us
[456.800s][info ][gc,stats       ]     Weak Class Links                  0 us
[456.800s][info ][gc,stats       ]     Code Roots                      173 us
[456.800s][info ][gc,stats       ]   Rendezvous                         67 us
[456.800s][info ][gc,stats       ]   Purge Unlinked                     60 us
[456.800s][info ][gc,stats       ]     Code Roots                       45 us
[456.800s][info ][gc,stats       ]     CLDG                             14 us
[456.800s][info ][gc,stats       ]     Exception Caches                  0 us
[456.800s][info ][gc,stats       ] Pause Final Roots (G)                81 us
[456.800s][info ][gc,stats       ] Pause Final Roots (N)                24 us
[456.800s][info ][gc,stats       ] Pacing                            59224 us
[456.800s][info ][gc,stats       ] 
[456.800s][info ][gc,stats       ] Allocation pacing accrued:
[456.800s][info ][gc,stats       ]       6 of     6 ms (103.9%): Thread-0
[456.800s][info ][gc,stats       ]       6 of     6 ms (105.0%): Thread-1
[456.800s][info ][gc,stats       ]       6 of     6 ms (105.3%): Thread-2
[456.800s][info ][gc,stats       ]       6 of     6 ms (108.4%): Thread-3
[456.800s][info ][gc,stats       ]       6 of     6 ms (109.6%): Thread-4
[456.800s][info ][gc,stats       ]       5 of     6 ms ( 83.8%): Thread-5
[456.800s][info ][gc,stats       ]       6 of     6 ms (107.3%): Thread-6
[456.800s][info ][gc,stats       ]       6 of     6 ms (104.1%): Thread-7
[456.800s][info ][gc,stats       ]       6 of     6 ms (107.0%): Thread-8
[456.800s][info ][gc,stats       ]       6 of     6 ms (103.5%): Thread-9
[456.800s][info ][gc,stats       ]      59 of     6 ms (1037.9%): <total>
[456.800s][info ][gc,stats       ]       3 of     6 ms ( 49.4%): <average total>
[456.800s][info ][gc,stats       ]       6 of     6 ms (103.8%): <average non-zero>
[456.800s][info ][gc,stats       ] 
[456.800s][info ][gc,metaspace   ] Metaspace: 253K(448K)->253K(448K) NonClass: 247K(320K)->247K(320K) Class: 5K(128K)->5K(128K)
[456.800s][info ][gc,ergo        ] Pacer for Idle. Initial: 41943K, Alloc Tax Rate: 1.0x
[456.801s][info ][gc             ] Trigger: Free (117M) is below minimum threshold (204M)
[456.801s][info ][gc,ergo        ] Free: 117M, Max: 1024K regular, 13312K humongous, Frag: 89% external, 0% internal; Reserve: 103M, Max: 1024K
[456.801s][info ][gc,start       ] GC(28455) Concurrent reset
[456.801s][info ][gc,task        ] GC(28455) Using 4 of 8 workers for concurrent reset
[456.801s][info ][gc,ergo        ] GC(28455) Pacer for Reset. Non-Taxable: 2048M
[456.803s][info ][gc             ] GC(28455) Concurrent reset 1.372ms
[456.803s][info ][gc,start       ] GC(28455) Pause Init Mark (unload classes)
[456.803s][info ][gc,task        ] GC(28455) Using 8 of 8 workers for init marking
[456.803s][info ][gc,ergo        ] GC(28455) Pacer for Mark. Expected Live: 1012M, Free: 117M, Non-Taxable: 12030K, Alloc Tax Rate: 10.5x
[456.803s][info ][gc             ] GC(28455) Pause Init Mark (unload classes) 0.122ms
[456.803s][info ][gc,start       ] GC(28455) Concurrent marking roots
[456.803s][info ][gc,task        ] GC(28455) Using 4 of 8 workers for concurrent marking roots
[456.803s][info ][gc             ] GC(28455) Concurrent marking roots 0.158ms
[456.803s][info ][gc,start       ] GC(28455) Concurrent marking (unload classes)
[456.803s][info ][gc,task        ] GC(28455) Using 4 of 8 workers for concurrent marking
[456.804s][info ][gc             ] GC(28455) Concurrent marking (unload classes) 0.625ms
[456.804s][info ][gc,start       ] GC(28455) Pause Final Mark (unload classes)
[456.804s][info ][gc,task        ] GC(28455) Using 8 of 8 workers for final marking
[456.804s][info ][gc,ergo        ] GC(28455) Collectable Garbage: 16384K (100%), Immediate: 16384K (100%), CSet: 0B (0%)
[456.804s][info ][gc             ] GC(28455) Pause Final Mark (unload classes) 0.606ms
[456.804s][info ][gc,start       ] GC(28455) Concurrent weak references
[456.804s][info ][gc,task        ] GC(28455) Using 4 of 8 workers for concurrent weak references
[456.805s][info ][gc,ref         ] GC(28455) Encountered references: Soft: 7, Weak: 34, Final: 0, Phantom: 1
[456.805s][info ][gc,ref         ] GC(28455) Discovered  references: Soft: 0, Weak: 1, Final: 0, Phantom: 1
[456.805s][info ][gc,ref         ] GC(28455) Enqueued    references: Soft: 0, Weak: 0, Final: 0, Phantom: 0
[456.805s][info ][gc             ] GC(28455) Concurrent weak references 0.229ms
[456.805s][info ][gc,start       ] GC(28455) Concurrent weak roots
[456.805s][info ][gc,task        ] GC(28455) Using 4 of 8 workers for concurrent weak root
[456.805s][info ][gc             ] GC(28455) Concurrent weak roots 0.188ms
[456.805s][info ][gc,start       ] GC(28455) Concurrent cleanup
[456.805s][info ][gc             ] GC(28455) Concurrent cleanup 999M->983M(2048M) 0.113ms
[456.805s][info ][gc,ergo        ] GC(28455) Free: 149M, Max: 1024K regular, 13312K humongous, Frag: 92% external, 0% internal; Reserve: 103M, Max: 1024K
[456.805s][info ][gc,start       ] GC(28455) Concurrent class unloading
[456.805s][info ][gc,task        ] GC(28455) Using 4 of 8 workers for concurrent class unloading
[456.805s][debug][gc,phases,start] GC(28455) ClassLoaderData
[456.805s][debug][gc,phases      ] GC(28455) ClassLoaderData 0.017ms
[456.805s][debug][gc,phases,start] GC(28455) Trigger cleanups
[456.805s][debug][gc,phases      ] GC(28455) Trigger cleanups 0.004ms
[456.805s][info ][gc             ] GC(28455) Concurrent class unloading 0.332ms
[456.805s][info ][gc,start       ] GC(28455) Pause Final Roots
[456.805s][info ][gc             ] GC(28455) Pause Final Roots 0.017ms
[456.805s][debug][gc,ergo        ] GC(28455) Available: 149 MB, z-score=1.038. Average available: 110.5 MB +/- 38486.6 KB.
[456.805s][info ][gc,ergo        ] Free: 149M, Max: 1024K regular, 13312K humongous, Frag: 92% external, 0% internal; Reserve: 103M, Max: 1024K
[456.805s][info ][gc,stats       ] 
[456.805s][info ][gc,stats       ] All times are wall-clock times, except per-root-class counters, that are sum over
[456.805s][info ][gc,stats       ] all workers. Dividing the <total> over the root stage time estimates parallelism.
[456.805s][info ][gc,stats       ] 
[456.805s][info ][gc,stats       ] Concurrent Reset                   1389 us
[456.805s][info ][gc,stats       ] Pause Init Mark (G)                 181 us
[456.805s][info ][gc,stats       ] Pause Init Mark (N)                 126 us
[456.805s][info ][gc,stats       ]   Update Region States               95 us
[456.805s][info ][gc,stats       ] Concurrent Mark Roots               175 us, parallelism: 1.50x
[456.805s][info ][gc,stats       ]   CMR: <total>                      263 us
[456.805s][info ][gc,stats       ]   CMR: Thread Roots                 245 us, workers (us):  74,  77,  62,  33, ---, ---, ---, ---, 
[456.805s][info ][gc,stats       ]   CMR: VM Strong Roots                3 us, workers (us):   2,   0,   0,   0, ---, ---, ---, ---, 
[456.805s][info ][gc,stats       ]   CMR: CLDG Roots                    14 us, workers (us):  14,   1, ---, ---, ---, ---, ---, ---, 
[456.805s][info ][gc,stats       ] Concurrent Marking                  642 us
[456.805s][info ][gc,stats       ] Pause Final Mark (G)                767 us
[456.805s][info ][gc,stats       ] Pause Final Mark (N)                616 us
[456.805s][info ][gc,stats       ]   Finish Mark                       415 us
[456.805s][info ][gc,stats       ]   Update Region States              113 us
[456.805s][info ][gc,stats       ]   Choose Collection Set              34 us
[456.805s][info ][gc,stats       ]   Rebuild Free Set                   19 us
[456.805s][info ][gc,stats       ] Concurrent Weak References          239 us, parallelism: 0.01x
[456.806s][info ][gc,stats       ]   CWRF: <total>                       2 us
[456.806s][info ][gc,stats       ]   CWRF: Weak References               2 us, workers (us):   1,   0,   0,   0, ---, ---, ---, ---, 
[456.806s][info ][gc,stats       ] Concurrent Weak Roots               204 us
[456.806s][info ][gc,stats       ]   Roots                              97 us, parallelism: 0.43x
[456.806s][info ][gc,stats       ]     CWR: <total>                     42 us
[456.806s][info ][gc,stats       ]     CWR: Code Cache Roots            23 us, workers (us):  23,   0,   0,   0, ---, ---, ---, ---, 
[456.806s][info ][gc,stats       ]     CWR: VM Weak Roots               18 us, workers (us):  17,   1,   0,   0, ---, ---, ---, ---, 
[456.806s][info ][gc,stats       ]     CWR: CLDG Roots                   1 us, workers (us):   1, ---, ---, ---, ---, ---, ---, ---, 
[456.806s][info ][gc,stats       ]   Rendezvous                         73 us
[456.806s][info ][gc,stats       ] Concurrent Cleanup                  121 us
[456.806s][info ][gc,stats       ] Concurrent Class Unloading          347 us
[456.806s][info ][gc,stats       ]   Unlink Stale                      198 us
[456.806s][info ][gc,stats       ]     System Dictionary                32 us
[456.806s][info ][gc,stats       ]     Weak Class Links                  0 us
[456.806s][info ][gc,stats       ]     Code Roots                      165 us
[456.806s][info ][gc,stats       ]   Rendezvous                         62 us
[456.806s][info ][gc,stats       ]   Purge Unlinked                     56 us
[456.806s][info ][gc,stats       ]     Code Roots                       41 us
[456.806s][info ][gc,stats       ]     CLDG                             15 us
[456.806s][info ][gc,stats       ]     Exception Caches                  0 us
[456.806s][info ][gc,stats       ] Pause Final Roots (G)                85 us
[456.806s][info ][gc,stats       ] Pause Final Roots (N)                23 us
[456.806s][info ][gc,stats       ] 
[456.806s][info ][gc,stats       ] Allocation pacing accrued:
[456.806s][info ][gc,stats       ]       0 of     6 ms (  0.0%): <total>
[456.806s][info ][gc,stats       ]       0 of     6 ms (  0.0%): <average total>
[456.806s][info ][gc,stats       ] 
[456.806s][info ][gc,metaspace   ] Metaspace: 253K(448K)->253K(448K) NonClass: 247K(320K)->247K(320K) Class: 5K(128K)->5K(128K)
[456.806s][info ][gc,ergo        ] Pacer for Idle. Initial: 41943K, Alloc Tax Rate: 1.0x
[456.807s][info ][gc             ] Trigger: Free (149M) is below minimum threshold (204M)
[456.807s][info ][gc,ergo        ] Free: 149M, Max: 1024K regular, 13312K humongous, Frag: 92% external, 0% internal; Reserve: 103M, Max: 1024K
[456.807s][info ][gc,start       ] GC(28456) Concurrent reset
[456.807s][info ][gc,task        ] GC(28456) Using 4 of 8 workers for concurrent reset
[456.807s][info ][gc,ergo        ] GC(28456) Pacer for Reset. Non-Taxable: 2048M
[456.808s][info ][gc             ] GC(28456) Concurrent reset 1.288ms
[456.808s][info ][gc,start       ] GC(28456) Pause Init Mark (unload classes)
[456.808s][info ][gc,task        ] GC(28456) Using 8 of 8 workers for init marking
[456.808s][info ][gc,ergo        ] GC(28456) Pacer for Mark. Expected Live: 1006M, Free: 145M, Non-Taxable: 14897K, Alloc Tax Rate: 8.5x
[456.808s][info ][gc             ] GC(28456) Pause Init Mark (unload classes) 0.134ms
[456.809s][info ][gc,start       ] GC(28456) Concurrent marking roots
[456.809s][info ][gc,task        ] GC(28456) Using 4 of 8 workers for concurrent marking roots
[456.809s][info ][gc             ] GC(28456) Concurrent marking roots 0.368ms
[456.809s][info ][gc,start       ] GC(28456) Concurrent marking (unload classes)
[456.809s][info ][gc,task        ] GC(28456) Using 4 of 8 workers for concurrent marking
[456.810s][info ][gc             ] GC(28456) Concurrent marking (unload classes) 0.863ms
[456.810s][info ][gc,start       ] GC(28456) Pause Final Mark (unload classes)
[456.810s][info ][gc,task        ] GC(28456) Using 8 of 8 workers for final marking
[456.810s][info ][gc,ergo        ] GC(28456) Adaptive CSet Selection. Target Free: 290M, Actual Free: 211M, Max CSet: 87381K, Min Garbage: 81032K
[456.810s][info ][gc,ergo        ] GC(28456) Collectable Garbage: 0B (0%), Immediate: 0B (0%), CSet: 0B (0%)
[456.810s][info ][gc,ergo        ] GC(28456) Pacer for Evacuation. Used CSet: 527K, Free: 108M, Non-Taxable: 11059K, Alloc Tax Rate: 1.1x
[456.810s][info ][gc             ] GC(28456) Pause Final Mark (unload classes) 0.476ms
[456.811s][info ][gc,start       ] GC(28456) Concurrent thread roots
[456.811s][info ][gc,task        ] GC(28456) Using 4 of 8 workers for Concurrent thread roots
[456.811s][info ][gc             ] GC(28456) Concurrent thread roots 0.191ms
[456.811s][info ][gc,start       ] GC(28456) Concurrent weak references
[456.811s][info ][gc,task        ] GC(28456) Using 4 of 8 workers for concurrent weak references
[456.811s][info ][gc,ref         ] GC(28456) Encountered references: Soft: 7, Weak: 34, Final: 0, Phantom: 1
[456.811s][info ][gc,ref         ] GC(28456) Discovered  references: Soft: 0, Weak: 4, Final: 0, Phantom: 1
[456.811s][info ][gc,ref         ] GC(28456) Enqueued    references: Soft: 0, Weak: 0, Final: 0, Phantom: 0
[456.811s][info ][gc             ] GC(28456) Concurrent weak references 0.083ms
[456.811s][info ][gc,start       ] GC(28456) Concurrent weak roots
[456.811s][info ][gc,task        ] GC(28456) Using 4 of 8 workers for concurrent weak root
[456.811s][info ][gc             ] GC(28456) Concurrent weak roots 0.192ms
[456.811s][info ][gc,start       ] GC(28456) Concurrent cleanup
[456.811s][info ][gc             ] GC(28456) Concurrent cleanup 1013M->1013M(2048M) 0.093ms
[456.811s][info ][gc,ergo        ] GC(28456) Free: 100352K, Max: 1024K regular, 6144K humongous, Frag: 94% external, 0% internal; Reserve: 102M, Max: 1024K
[456.811s][info ][gc,start       ] GC(28456) Concurrent class unloading
[456.811s][info ][gc,task        ] GC(28456) Using 4 of 8 workers for concurrent class unloading
[456.811s][debug][gc,phases,start] GC(28456) ClassLoaderData
[456.811s][debug][gc,phases      ] GC(28456) ClassLoaderData 0.006ms
[456.811s][debug][gc,phases,start] GC(28456) Trigger cleanups
[456.811s][debug][gc,phases      ] GC(28456) Trigger cleanups 0.005ms
[456.811s][info ][gc             ] GC(28456) Concurrent class unloading 0.338ms
[456.811s][info ][gc,start       ] GC(28456) Concurrent strong roots
[456.811s][info ][gc,task        ] GC(28456) Using 4 of 8 workers for concurrent strong root
[456.812s][info ][gc             ] GC(28456) Concurrent strong roots 0.107ms
[456.812s][info ][gc,start       ] GC(28456) Concurrent evacuation
[456.812s][info ][gc,task        ] GC(28456) Using 4 of 8 workers for concurrent evacuation
[456.812s][info ][gc             ] GC(28456) Concurrent evacuation 0.342ms
[456.812s][info ][gc,start       ] GC(28456) Pause Init Update Refs
[456.812s][info ][gc,ergo        ] GC(28456) Pacer for Update Refs. Used: 1014M, Free: 100352K, Non-Taxable: 10035K, Alloc Tax Rate: 12.6x
[456.812s][info ][gc             ] GC(28456) Pause Init Update Refs 0.026ms
[456.812s][info ][gc,start       ] GC(28456) Concurrent update references
[456.812s][info ][gc,task        ] GC(28456) Using 4 of 8 workers for concurrent reference update
[456.814s][info ][gc             ] GC(28456) Concurrent update references 2.384ms
[456.814s][info ][gc,start       ] GC(28456) Concurrent update thread roots
[456.815s][info ][gc             ] GC(28456) Concurrent update thread roots 0.331ms
[456.815s][info ][gc,start       ] GC(28456) Pause Final Update Refs
[456.815s][info ][gc,task        ] GC(28456) Using 8 of 8 workers for final reference update
[456.815s][info ][gc             ] GC(28456) Pause Final Update Refs 0.151ms
[456.815s][info ][gc,start       ] GC(28456) Concurrent cleanup
[456.815s][info ][gc             ] GC(28456) Concurrent cleanup 1014M->1013M(2048M) 0.104ms
[456.815s][debug][gc,ergo        ] GC(28456) Available: 100637 KB, z-score=-0.263. Average available: 108.2 MB +/- 38451.3 KB.
[456.815s][info ][gc,ergo        ] Free: 100637K, Max: 1024K regular, 6144K humongous, Frag: 94% external, 0% internal; Reserve: 103M, Max: 1024K
[456.815s][info ][gc,stats       ] 
[456.815s][info ][gc,stats       ] All times are wall-clock times, except per-root-class counters, that are sum over
[456.815s][info ][gc,stats       ] all workers. Dividing the <total> over the root stage time estimates parallelism.
[456.815s][info ][gc,stats       ] 
[456.815s][info ][gc,stats       ] Concurrent Reset                   1314 us
[456.815s][info ][gc,stats       ] Pause Init Mark (G)                 479 us
[456.815s][info ][gc,stats       ] Pause Init Mark (N)                 140 us
[456.815s][info ][gc,stats       ]   Update Region States              101 us
[456.815s][info ][gc,stats       ] Concurrent Mark Roots               390 us, parallelism: 0.79x
[456.815s][info ][gc,stats       ]   CMR: <total>                      307 us
[456.815s][info ][gc,stats       ]   CMR: Thread Roots                 259 us, workers (us):  73,  73,  94,  19, ---, ---, ---, ---, 
[456.815s][info ][gc,stats       ]   CMR: VM Strong Roots               11 us, workers (us):   8,   0,   2,   0, ---, ---, ---, ---, 
[456.815s][info ][gc,stats       ]   CMR: CLDG Roots                    38 us, workers (us):  36,   1, ---, ---, ---, ---, ---, ---, 
[456.815s][info ][gc,stats       ] Concurrent Marking                  877 us
[456.815s][info ][gc,stats       ] Pause Final Mark (G)                608 us
[456.815s][info ][gc,stats       ] Pause Final Mark (N)                483 us
[456.815s][info ][gc,stats       ]   Finish Mark                       307 us
[456.815s][info ][gc,stats       ]   Update Region States               94 us
[456.815s][info ][gc,stats       ]   Choose Collection Set              34 us
[456.815s][info ][gc,stats       ]   Rebuild Free Set                   10 us
[456.815s][info ][gc,stats       ] Concurrent Thread Roots             207 us, parallelism: 1.05x
[456.815s][info ][gc,stats       ]   CTR: <total>                      216 us
[456.815s][info ][gc,stats       ]   CTR: Thread Roots                 216 us, workers (us):  85,  64,  42,  26, ---, ---, ---, ---, 
[456.815s][info ][gc,stats       ] Concurrent Weak References           88 us, parallelism: 0.03x
[456.815s][info ][gc,stats       ]   CWRF: <total>                       2 us
[456.815s][info ][gc,stats       ]   CWRF: Weak References               2 us, workers (us):   2,   0,   0,   0, ---, ---, ---, ---, 
[456.815s][info ][gc,stats       ] Concurrent Weak Roots               203 us
[456.815s][info ][gc,stats       ]   Roots                             111 us, parallelism: 0.79x
[456.815s][info ][gc,stats       ]     CWR: <total>                     87 us
[456.815s][info ][gc,stats       ]     CWR: Code Cache Roots            18 us, workers (us):   0,  18,   0,   0, ---, ---, ---, ---, 
[456.815s][info ][gc,stats       ]     CWR: VM Weak Roots               68 us, workers (us):  44,  19,   5,   0, ---, ---, ---, ---, 
[456.815s][info ][gc,stats       ]     CWR: CLDG Roots                   1 us, workers (us):   1, ---, ---, ---, ---, ---, ---, ---, 
[456.815s][info ][gc,stats       ]   Rendezvous                         58 us
[456.815s][info ][gc,stats       ] Concurrent Cleanup                   99 us
[456.815s][info ][gc,stats       ] Concurrent Class Unloading          350 us
[456.815s][info ][gc,stats       ]   Unlink Stale                      201 us
[456.815s][info ][gc,stats       ]     System Dictionary                22 us
[456.815s][info ][gc,stats       ]     Weak Class Links                  0 us
[456.815s][info ][gc,stats       ]     Code Roots                      178 us
[456.815s][info ][gc,stats       ]   Rendezvous                         56 us
[456.815s][info ][gc,stats       ]   Purge Unlinked                     69 us
[456.815s][info ][gc,stats       ]     Code Roots                       56 us
[456.815s][info ][gc,stats       ]     CLDG                             13 us
[456.815s][info ][gc,stats       ]     Exception Caches                  0 us
[456.815s][info ][gc,stats       ] Concurrent Strong Roots             117 us, parallelism: 0.41x
[456.815s][info ][gc,stats       ]   CSR: <total>                       48 us
[456.815s][info ][gc,stats       ]   CSR: VM Strong Roots                6 us, workers (us):   6,   0,   0,   0, ---, ---, ---, ---, 
[456.815s][info ][gc,stats       ]   CSR: CLDG Roots                    41 us, workers (us):  41,   0, ---, ---, ---, ---, ---, ---, 
[456.815s][info ][gc,stats       ] Concurrent Evacuation               355 us
[456.815s][info ][gc,stats       ] Pause Init Update Refs (G)           92 us
[456.815s][info ][gc,stats       ] Pause Init Update Refs (N)           32 us
[456.815s][info ][gc,stats       ]   Manage GCLABs                       3 us
[456.815s][info ][gc,stats       ] Concurrent Update Refs             2434 us
[456.815s][info ][gc,stats       ] Concurrent Update Thread Roots      351 us
[456.816s][info ][gc,stats       ] Pause Final Update Refs (G)         233 us
[456.816s][info ][gc,stats       ] Pause Final Update Refs (N)         161 us
[456.816s][info ][gc,stats       ]   Update Region States              101 us
[456.816s][info ][gc,stats       ]   Trash Collection Set                2 us
[456.816s][info ][gc,stats       ]   Rebuild Free Set                   14 us
[456.816s][info ][gc,stats       ] Concurrent Cleanup                  131 us
[456.816s][info ][gc,stats       ] Pacing                           101580 us
[456.816s][info ][gc,stats       ] 
[456.816s][info ][gc,stats       ] Allocation pacing accrued:
[456.816s][info ][gc,stats       ]       9 of    10 ms ( 88.0%): main
[456.816s][info ][gc,stats       ]       9 of    10 ms ( 92.5%): Thread-0
[456.816s][info ][gc,stats       ]      10 of    10 ms ( 95.7%): Thread-1
[456.816s][info ][gc,stats       ]       9 of    10 ms ( 95.0%): Thread-2
[456.816s][info ][gc,stats       ]       9 of    10 ms ( 95.1%): Thread-3
[456.816s][info ][gc,stats       ]       8 of    10 ms ( 82.9%): Thread-4
[456.816s][info ][gc,stats       ]      10 of    10 ms ( 97.4%): Thread-5
[456.816s][info ][gc,stats       ]      10 of    10 ms ( 95.8%): Thread-6
[456.816s][info ][gc,stats       ]       9 of    10 ms ( 95.1%): Thread-7
[456.816s][info ][gc,stats       ]      10 of    10 ms ( 97.9%): Thread-8
[456.816s][info ][gc,stats       ]       9 of    10 ms ( 88.0%): Thread-9
[456.816s][info ][gc,stats       ]     102 of    10 ms (1023.5%): <total>
[456.816s][info ][gc,stats       ]       5 of    10 ms ( 48.7%): <average total>
[456.816s][info ][gc,stats       ]       9 of    10 ms ( 93.0%): <average non-zero>
[456.816s][info ][gc,stats       ] 
[456.816s][info ][gc,metaspace   ] Metaspace: 253K(448K)->253K(448K) NonClass: 247K(320K)->247K(320K) Class: 5K(128K)->5K(128K)
[456.816s][info ][gc,ergo        ] Pacer for Idle. Initial: 41943K, Alloc Tax Rate: 1.0x
[456.817s][info ][gc             ] Trigger: Free (100637K) is below minimum threshold (204M)
[456.817s][info ][gc,ergo        ] Free: 100637K, Max: 1024K regular, 6144K humongous, Frag: 94% external, 0% internal; Reserve: 103M, Max: 1024K
[456.817s][info ][gc,start       ] GC(28457) Concurrent reset
[456.817s][info ][gc,task        ] GC(28457) Using 4 of 8 workers for concurrent reset
[456.817s][info ][gc,ergo        ] GC(28457) Pacer for Reset. Non-Taxable: 2048M
[456.818s][info ][gc             ] GC(28457) Concurrent reset 1.558ms
[456.819s][info ][gc,start       ] GC(28457) Pause Init Mark (unload classes)
[456.819s][info ][gc,task        ] GC(28457) Using 8 of 8 workers for init marking
[456.819s][info ][gc,ergo        ] GC(28457) Pacer for Mark. Expected Live: 999M, Free: 98589K, Non-Taxable: 9858K, Alloc Tax Rate: 12.7x
[456.819s][info ][gc             ] GC(28457) Pause Init Mark (unload classes) 0.147ms
[456.819s][info ][gc,start       ] GC(28457) Concurrent marking roots
[456.819s][info ][gc,task        ] GC(28457) Using 4 of 8 workers for concurrent marking roots
[456.819s][info ][gc             ] GC(28457) Concurrent marking roots 0.268ms
[456.819s][info ][gc,start       ] GC(28457) Concurrent marking (unload classes)
[456.819s][info ][gc,task        ] GC(28457) Using 4 of 8 workers for concurrent marking
[456.820s][info ][gc             ] GC(28457) Concurrent marking (unload classes) 0.772ms
[456.820s][info ][gc,start       ] GC(28457) Pause Final Mark (unload classes)
[456.820s][info ][gc,task        ] GC(28457) Using 8 of 8 workers for final marking
[456.821s][info ][gc,ergo        ] GC(28457) Collectable Garbage: 71680K (99%), Immediate: 71680K (99%), CSet: 0B (0%)
[456.821s][info ][gc             ] GC(28457) Pause Final Mark (unload classes) 0.623ms
[456.821s][info ][gc,start       ] GC(28457) Concurrent weak references
[456.821s][info ][gc,task        ] GC(28457) Using 4 of 8 workers for concurrent weak references
[456.821s][info ][gc,ref         ] GC(28457) Encountered references: Soft: 7, Weak: 34, Final: 0, Phantom: 1
[456.821s][info ][gc,ref         ] GC(28457) Discovered  references: Soft: 0, Weak: 0, Final: 0, Phantom: 1
[456.821s][info ][gc,ref         ] GC(28457) Enqueued    references: Soft: 0, Weak: 0, Final: 0, Phantom: 0
[456.821s][info ][gc             ] GC(28457) Concurrent weak references 0.203ms
[456.821s][info ][gc,start       ] GC(28457) Concurrent weak roots
[456.821s][info ][gc,task        ] GC(28457) Using 4 of 8 workers for concurrent weak root
[456.822s][info ][gc             ] GC(28457) Concurrent weak roots 0.409ms
[456.822s][info ][gc,start       ] GC(28457) Concurrent cleanup
[456.822s][info ][gc             ] GC(28457) Concurrent cleanup 1034M->964M(2048M) 0.126ms
[456.822s][info ][gc,ergo        ] GC(28457) Free: 187M, Max: 1024K regular, 13312K humongous, Frag: 94% external, 0% internal; Reserve: 103M, Max: 1024K
[456.822s][info ][gc,start       ] GC(28457) Concurrent class unloading
[456.822s][info ][gc,task        ] GC(28457) Using 4 of 8 workers for concurrent class unloading
[456.822s][debug][gc,phases,start] GC(28457) ClassLoaderData
[456.822s][debug][gc,phases      ] GC(28457) ClassLoaderData 0.005ms
[456.822s][debug][gc,phases,start] GC(28457) Trigger cleanups
[456.822s][debug][gc,phases      ] GC(28457) Trigger cleanups 0.003ms
[456.823s][info ][gc             ] GC(28457) Concurrent class unloading 1.070ms
[456.823s][info ][gc,start       ] GC(28457) Pause Final Roots
[456.823s][info ][gc             ] GC(28457) Pause Final Roots 0.015ms
[456.823s][debug][gc,ergo        ] GC(28457) Available: 156 MB, z-score=1.174. Average available: 110.0 MB +/- 40341.1 KB.
[456.823s][info ][gc,ergo        ] Free: 156M, Max: 1024K regular, 8192K humongous, Frag: 95% external, 0% internal; Reserve: 103M, Max: 1024K
[456.823s][info ][gc,stats       ] 
[456.823s][info ][gc,stats       ] All times are wall-clock times, except per-root-class counters, that are sum over
[456.823s][info ][gc,stats       ] all workers. Dividing the <total> over the root stage time estimates parallelism.
[456.823s][info ][gc,stats       ] 
[456.823s][info ][gc,stats       ] Concurrent Reset                   1594 us
[456.823s][info ][gc,stats       ] Pause Init Mark (G)                 559 us
[456.823s][info ][gc,stats       ] Pause Init Mark (N)                 153 us
[456.823s][info ][gc,stats       ]   Update Region States              106 us
[456.823s][info ][gc,stats       ] Concurrent Mark Roots               282 us, parallelism: 0.88x
[456.823s][info ][gc,stats       ]   CMR: <total>                      248 us
[456.823s][info ][gc,stats       ]   CMR: Thread Roots                 199 us, workers (us):  39,  58,  50,  53, ---, ---, ---, ---, 
[456.823s][info ][gc,stats       ]   CMR: VM Strong Roots               13 us, workers (us):  10,   1,   0,   1, ---, ---, ---, ---, 
[456.823s][info ][gc,stats       ]   CMR: CLDG Roots                    36 us, workers (us):  35,   1, ---, ---, ---, ---, ---, ---, 
[456.823s][info ][gc,stats       ] Concurrent Marking                  789 us
[456.823s][info ][gc,stats       ] Pause Final Mark (G)               1081 us
[456.823s][info ][gc,stats       ] Pause Final Mark (N)                630 us
[456.823s][info ][gc,stats       ]   Finish Mark                       410 us
[456.823s][info ][gc,stats       ]   Update Region States              114 us
[456.823s][info ][gc,stats       ]   Choose Collection Set              62 us
[456.823s][info ][gc,stats       ]   Rebuild Free Set                   10 us
[456.823s][info ][gc,stats       ] Concurrent Weak References          209 us, parallelism: 0.01x
[456.823s][info ][gc,stats       ]   CWRF: <total>                       3 us
[456.823s][info ][gc,stats       ]   CWRF: Weak References               3 us, workers (us):   2,   0,   0,   0, ---, ---, ---, ---, 
[456.823s][info ][gc,stats       ] Concurrent Weak Roots               437 us
[456.823s][info ][gc,stats       ]   Roots                             194 us, parallelism: 0.59x
[456.823s][info ][gc,stats       ]     CWR: <total>                    114 us
[456.823s][info ][gc,stats       ]     CWR: Code Cache Roots            75 us, workers (us):  75,   0,   0,   0, ---, ---, ---, ---, 
[456.823s][info ][gc,stats       ]     CWR: VM Weak Roots               38 us, workers (us):  31,   6,   0,   0, ---, ---, ---, ---, 
[456.823s][info ][gc,stats       ]     CWR: CLDG Roots                   1 us, workers (us): ---,   1, ---, ---, ---, ---, ---, ---, 
[456.823s][info ][gc,stats       ]   Rendezvous                        201 us
[456.823s][info ][gc,stats       ] Concurrent Cleanup                  133 us
[456.823s][info ][gc,stats       ] Concurrent Class Unloading         1087 us
[456.823s][info ][gc,stats       ]   Unlink Stale                      328 us
[456.823s][info ][gc,stats       ]     System Dictionary                16 us
[456.823s][info ][gc,stats       ]     Weak Class Links                  1 us
[456.823s][info ][gc,stats       ]     Code Roots                      311 us
[456.823s][info ][gc,stats       ]   Rendezvous                        662 us
[456.823s][info ][gc,stats       ]   Purge Unlinked                     70 us
[456.823s][info ][gc,stats       ]     Code Roots                       55 us
[456.823s][info ][gc,stats       ]     CLDG                             15 us
[456.823s][info ][gc,stats       ]     Exception Caches                  0 us
[456.823s][info ][gc,stats       ] Pause Final Roots (G)                79 us
[456.823s][info ][gc,stats       ] Pause Final Roots (N)                20 us
[456.823s][info ][gc,stats       ] Pacing                            75370 us
[456.823s][info ][gc,stats       ] 
[456.823s][info ][gc,stats       ] Allocation pacing accrued:
[456.823s][info ][gc,stats       ]       8 of     8 ms (101.6%): Thread-0
[456.823s][info ][gc,stats       ]       7 of     8 ms ( 92.9%): Thread-1
[456.823s][info ][gc,stats       ]       8 of     8 ms ( 99.8%): Thread-2
[456.823s][info ][gc,stats       ]       8 of     8 ms (101.5%): Thread-3
[456.823s][info ][gc,stats       ]       8 of     8 ms (101.6%): Thread-4
[456.823s][info ][gc,stats       ]       7 of     8 ms ( 86.4%): Thread-5
[456.823s][info ][gc,stats       ]       8 of     8 ms (101.2%): Thread-6
[456.823s][info ][gc,stats       ]       7 of     8 ms ( 93.1%): Thread-7
[456.823s][info ][gc,stats       ]       7 of     8 ms ( 92.1%): Thread-8
[456.823s][info ][gc,stats       ]       7 of     8 ms ( 94.1%): Thread-9
[456.823s][info ][gc,stats       ]      75 of     8 ms (964.4%): <total>
[456.823s][info ][gc,stats       ]       4 of     8 ms ( 45.9%): <average total>
[456.823s][info ][gc,stats       ]       8 of     8 ms ( 96.4%): <average non-zero>
[456.823s][info ][gc,stats       ] 
[456.823s][info ][gc,metaspace   ] Metaspace: 253K(448K)->253K(448K) NonClass: 247K(320K)->247K(320K) Class: 5K(128K)->5K(128K)
[456.823s][info ][gc,ergo        ] Pacer for Idle. Initial: 41943K, Alloc Tax Rate: 1.0x
[456.825s][info ][gc             ] Trigger: Free (126M) is below minimum threshold (204M)
[456.825s][info ][gc,ergo        ] Free: 126M, Max: 1024K regular, 8192K humongous, Frag: 94% external, 0% internal; Reserve: 103M, Max: 1024K
[456.825s][info ][gc,start       ] GC(28458) Concurrent reset
[456.825s][info ][gc,task        ] GC(28458) Using 4 of 8 workers for concurrent reset
[456.825s][info ][gc,ergo        ] GC(28458) Pacer for Reset. Non-Taxable: 2048M
[456.827s][info ][gc             ] GC(28458) Concurrent reset 2.647ms
[456.827s][info ][gc,start       ] GC(28458) Pause Init Mark (unload classes)
[456.827s][info ][gc,task        ] GC(28458) Using 8 of 8 workers for init marking
[456.827s][info ][gc,ergo        ] GC(28458) Pacer for Mark. Expected Live: 986M, Free: 88349K, Non-Taxable: 8834K, Alloc Tax Rate: 14.0x
[456.827s][info ][gc             ] GC(28458) Pause Init Mark (unload classes) 0.149ms
[456.828s][info ][gc,start       ] GC(28458) Concurrent marking roots
[456.828s][info ][gc,task        ] GC(28458) Using 4 of 8 workers for concurrent marking roots
[456.828s][info ][gc             ] GC(28458) Concurrent marking roots 0.164ms
[456.828s][info ][gc,start       ] GC(28458) Concurrent marking (unload classes)
[456.828s][info ][gc,task        ] GC(28458) Using 4 of 8 workers for concurrent marking
[456.828s][info ][gc             ] GC(28458) Concurrent marking (unload classes) 0.623ms
[456.828s][info ][gc,start       ] GC(28458) Pause Final Mark (unload classes)
[456.828s][info ][gc,task        ] GC(28458) Using 8 of 8 workers for final marking
[456.829s][info ][gc,ergo        ] GC(28458) Collectable Garbage: 43008K (99%), Immediate: 43008K (99%), CSet: 0B (0%)
[456.829s][info ][gc             ] GC(28458) Pause Final Mark (unload classes) 0.500ms
[456.829s][info ][gc,start       ] GC(28458) Concurrent weak references
[456.829s][info ][gc,task        ] GC(28458) Using 4 of 8 workers for concurrent weak references
[456.829s][info ][gc,ref         ] GC(28458) Encountered references: Soft: 7, Weak: 34, Final: 0, Phantom: 1
[456.829s][info ][gc,ref         ] GC(28458) Discovered  references: Soft: 0, Weak: 1, Final: 0, Phantom: 1
[456.829s][info ][gc,ref         ] GC(28458) Enqueued    references: Soft: 0, Weak: 0, Final: 0, Phantom: 0
[456.829s][info ][gc             ] GC(28458) Concurrent weak references 0.108ms
[456.829s][info ][gc,start       ] GC(28458) Concurrent weak roots
[456.829s][info ][gc,task        ] GC(28458) Using 4 of 8 workers for concurrent weak root
[456.829s][info ][gc             ] GC(28458) Concurrent weak roots 0.188ms
[456.829s][info ][gc,start       ] GC(28458) Concurrent cleanup
[456.830s][info ][gc             ] GC(28458) Concurrent cleanup 1035M->993M(2048M) 0.105ms
[456.830s][info ][gc,ergo        ] GC(28458) Free: 138M, Max: 1024K regular, 11264K humongous, Frag: 93% external, 0% internal; Reserve: 103M, Max: 1024K
[456.830s][info ][gc,start       ] GC(28458) Concurrent class unloading
[456.830s][info ][gc,task        ] GC(28458) Using 4 of 8 workers for concurrent class unloading
[456.830s][debug][gc,phases,start] GC(28458) ClassLoaderData
[456.830s][debug][gc,phases      ] GC(28458) ClassLoaderData 0.005ms
[456.830s][debug][gc,phases,start] GC(28458) Trigger cleanups
[456.830s][debug][gc,phases      ] GC(28458) Trigger cleanups 0.005ms
[456.830s][info ][gc             ] GC(28458) Concurrent class unloading 0.389ms
[456.830s][info ][gc,start       ] GC(28458) Pause Final Roots
[456.830s][info ][gc             ] GC(28458) Pause Final Roots 0.016ms
[456.830s][debug][gc,ergo        ] GC(28458) Available: 138 MB, z-score=0.565. Average available: 117.1 MB +/- 38321.3 KB.
[456.830s][info ][gc,ergo        ] Free: 138M, Max: 1024K regular, 11264K humongous, Frag: 93% external, 0% internal; Reserve: 103M, Max: 1024K
[456.830s][info ][gc,stats       ] 
[456.830s][info ][gc,stats       ] All times are wall-clock times, except per-root-class counters, that are sum over
[456.830s][info ][gc,stats       ] all workers. Dividing the <total> over the root stage time estimates parallelism.
[456.830s][info ][gc,stats       ] 
[456.830s][info ][gc,stats       ] Concurrent Reset                   2671 us
[456.830s][info ][gc,stats       ] Pause Init Mark (G)                 239 us
[456.830s][info ][gc,stats       ] Pause Init Mark (N)                 155 us
[456.830s][info ][gc,stats       ]   Update Region States              110 us
[456.830s][info ][gc,stats       ] Concurrent Mark Roots               177 us, parallelism: 1.37x
[456.830s][info ][gc,stats       ]   CMR: <total>                      243 us
[456.830s][info ][gc,stats       ]   CMR: Thread Roots                 227 us, workers (us):  59,  67,  57,  43, ---, ---, ---, ---, 
[456.830s][info ][gc,stats       ]   CMR: VM Strong Roots                3 us, workers (us):   2,   0,   0,   0, ---, ---, ---, ---, 
[456.830s][info ][gc,stats       ]   CMR: CLDG Roots                    13 us, workers (us):  13, ---, ---, ---, ---, ---, ---, ---, 
[456.830s][info ][gc,stats       ] Concurrent Marking                  639 us
[456.830s][info ][gc,stats       ] Pause Final Mark (G)                795 us
[456.830s][info ][gc,stats       ] Pause Final Mark (N)                507 us
[456.830s][info ][gc,stats       ]   Finish Mark                       266 us
[456.830s][info ][gc,stats       ]   Update Region States              152 us
[456.830s][info ][gc,stats       ]   Choose Collection Set              45 us
[456.830s][info ][gc,stats       ]   Rebuild Free Set                    9 us
[456.830s][info ][gc,stats       ] Concurrent Weak References          113 us, parallelism: 0.01x
[456.830s][info ][gc,stats       ]   CWRF: <total>                       2 us
[456.830s][info ][gc,stats       ]   CWRF: Weak References               2 us, workers (us):   1,   0,   0,   0, ---, ---, ---, ---, 
[456.830s][info ][gc,stats       ] Concurrent Weak Roots               207 us
[456.830s][info ][gc,stats       ]   Roots                             110 us, parallelism: 0.62x
[456.830s][info ][gc,stats       ]     CWR: <total>                     68 us
[456.830s][info ][gc,stats       ]     CWR: Code Cache Roots            47 us, workers (us):  47,   0,   0,   0, ---, ---, ---, ---, 
[456.830s][info ][gc,stats       ]     CWR: VM Weak Roots               20 us, workers (us):  13,   7,   0,   0, ---, ---, ---, ---, 
[456.830s][info ][gc,stats       ]     CWR: CLDG Roots                   1 us, workers (us): ---,   1, ---, ---, ---, ---, ---, ---, 
[456.830s][info ][gc,stats       ]   Rendezvous                         69 us
[456.830s][info ][gc,stats       ] Concurrent Cleanup                  112 us
[456.830s][info ][gc,stats       ] Concurrent Class Unloading          405 us
[456.830s][info ][gc,stats       ]   Unlink Stale                      236 us
[456.830s][info ][gc,stats       ]     System Dictionary                20 us
[456.830s][info ][gc,stats       ]     Weak Class Links                  0 us
[456.830s][info ][gc,stats       ]     Code Roots                      215 us
[456.830s][info ][gc,stats       ]   Rendezvous                         72 us
[456.830s][info ][gc,stats       ]   Purge Unlinked                     71 us
[456.830s][info ][gc,stats       ]     Code Roots                       56 us
[456.830s][info ][gc,stats       ]     CLDG                             14 us
[456.830s][info ][gc,stats       ]     Exception Caches                  0 us
[456.830s][info ][gc,stats       ] Pause Final Roots (G)                81 us
[456.830s][info ][gc,stats       ] Pause Final Roots (N)                22 us
[456.830s][info ][gc,stats       ] 
[456.830s][info ][gc,stats       ] Allocation pacing accrued:
[456.830s][info ][gc,stats       ]       0 of     7 ms (  0.0%): <total>
[456.830s][info ][gc,stats       ]       0 of     7 ms (  0.0%): <average total>
[456.830s][info ][gc,stats       ] 
[456.830s][info ][gc,metaspace   ] Metaspace: 253K(448K)->253K(448K) NonClass: 247K(320K)->247K(320K) Class: 5K(128K)->5K(128K)
[456.830s][info ][gc,ergo        ] Pacer for Idle. Initial: 41943K, Alloc Tax Rate: 1.0x
[456.831s][info ][gc             ] Trigger: Free (104M) is below minimum threshold (204M)
[456.832s][info ][gc,ergo        ] Free: 102M, Max: 1024K regular, 11264K humongous, Frag: 90% external, 0% internal; Reserve: 103M, Max: 1024K
[456.832s][info ][gc,start       ] GC(28459) Concurrent reset
[456.832s][info ][gc,task        ] GC(28459) Using 4 of 8 workers for concurrent reset
[456.832s][info ][gc,ergo        ] GC(28459) Pacer for Reset. Non-Taxable: 2048M
[456.834s][info ][gc             ] GC(28459) Concurrent reset 2.269ms
[456.834s][info ][gc,start       ] GC(28459) Pause Init Mark (unload classes)
[456.834s][info ][gc,task        ] GC(28459) Using 8 of 8 workers for init marking
[456.834s][info ][gc,ergo        ] GC(28459) Pacer for Mark. Expected Live: 976M, Free: 78109K, Non-Taxable: 7810K, Alloc Tax Rate: 15.6x
[456.834s][info ][gc             ] GC(28459) Pause Init Mark (unload classes) 0.163ms
[456.834s][info ][gc,start       ] GC(28459) Concurrent marking roots
[456.834s][info ][gc,task        ] GC(28459) Using 4 of 8 workers for concurrent marking roots
[456.834s][info ][gc             ] GC(28459) Concurrent marking roots 0.238ms
[456.834s][info ][gc,start       ] GC(28459) Concurrent marking (unload classes)
[456.834s][info ][gc,task        ] GC(28459) Using 4 of 8 workers for concurrent marking
[456.835s][info ][gc             ] GC(28459) Concurrent marking (unload classes) 0.818ms
[456.835s][info ][gc,start       ] GC(28459) Pause Final Mark (unload classes)
[456.835s][info ][gc,task        ] GC(28459) Using 8 of 8 workers for final marking
[456.836s][info ][gc,ergo        ] GC(28459) Collectable Garbage: 65536K (99%), Immediate: 65536K (99%), CSet: 0B (0%)
[456.836s][info ][gc             ] GC(28459) Pause Final Mark (unload classes) 0.516ms
[456.836s][info ][gc,start       ] GC(28459) Concurrent weak references
[456.836s][info ][gc,task        ] GC(28459) Using 4 of 8 workers for concurrent weak references
[456.836s][info ][gc,ref         ] GC(28459) Encountered references: Soft: 7, Weak: 34, Final: 0, Phantom: 1
[456.836s][info ][gc,ref         ] GC(28459) Discovered  references: Soft: 0, Weak: 1, Final: 0, Phantom: 1
[456.836s][info ][gc,ref         ] GC(28459) Enqueued    references: Soft: 0, Weak: 0, Final: 0, Phantom: 0
[456.836s][info ][gc             ] GC(28459) Concurrent weak references 0.080ms
[456.836s][info ][gc,start       ] GC(28459) Concurrent weak roots
[456.836s][info ][gc,task        ] GC(28459) Using 4 of 8 workers for concurrent weak root
[456.836s][info ][gc             ] GC(28459) Concurrent weak roots 0.177ms
[456.836s][info ][gc,start       ] GC(28459) Concurrent cleanup
[456.836s][info ][gc             ] GC(28459) Concurrent cleanup 1044M->980M(2048M) 0.111ms
[456.836s][info ][gc,ergo        ] GC(28459) Free: 155M, Max: 1024K regular, 13312K humongous, Frag: 92% external, 0% internal; Reserve: 103M, Max: 1024K
[456.836s][info ][gc,start       ] GC(28459) Concurrent class unloading
[456.836s][info ][gc,task        ] GC(28459) Using 4 of 8 workers for concurrent class unloading
[456.836s][debug][gc,phases,start] GC(28459) ClassLoaderData
[456.836s][debug][gc,phases      ] GC(28459) ClassLoaderData 0.006ms
[456.836s][debug][gc,phases,start] GC(28459) Trigger cleanups
[456.836s][debug][gc,phases      ] GC(28459) Trigger cleanups 0.005ms
[456.837s][info ][gc             ] GC(28459) Concurrent class unloading 0.345ms
[456.837s][info ][gc,start       ] GC(28459) Pause Final Roots
[456.837s][info ][gc             ] GC(28459) Pause Final Roots 0.019ms
[456.837s][debug][gc,ergo        ] GC(28459) Available: 155 MB, z-score=1.134. Average available: 115.4 MB +/- 36009.7 KB.
[456.837s][info ][gc,ergo        ] Free: 155M, Max: 1024K regular, 13312K humongous, Frag: 92% external, 0% internal; Reserve: 103M, Max: 1024K
[456.837s][info ][gc,stats       ] 
[456.837s][info ][gc,stats       ] All times are wall-clock times, except per-root-class counters, that are sum over
[456.837s][info ][gc,stats       ] all workers. Dividing the <total> over the root stage time estimates parallelism.
[456.837s][info ][gc,stats       ] 
[456.837s][info ][gc,stats       ] Concurrent Reset                   2289 us
[456.837s][info ][gc,stats       ] Pause Init Mark (G)                 260 us
[456.837s][info ][gc,stats       ] Pause Init Mark (N)                 168 us
[456.837s][info ][gc,stats       ]   Update Region States              126 us
[456.837s][info ][gc,stats       ] Concurrent Mark Roots               260 us, parallelism: 1.01x
[456.837s][info ][gc,stats       ]   CMR: <total>                      261 us
[456.837s][info ][gc,stats       ]   CMR: Thread Roots                 235 us, workers (us): 116,  74,  24,  21, ---, ---, ---, ---, 
[456.837s][info ][gc,stats       ]   CMR: VM Strong Roots                4 us, workers (us):   4,   0,   0,   0, ---, ---, ---, ---, 
[456.837s][info ][gc,stats       ]   CMR: CLDG Roots                    22 us, workers (us):  22, ---, ---, ---, ---, ---, ---, ---, 
[456.837s][info ][gc,stats       ] Concurrent Marking                  834 us
[456.837s][info ][gc,stats       ] Pause Final Mark (G)                677 us
[456.837s][info ][gc,stats       ] Pause Final Mark (N)                523 us
[456.837s][info ][gc,stats       ]   Finish Mark                       309 us
[456.837s][info ][gc,stats       ]   Update Region States              113 us
[456.837s][info ][gc,stats       ]   Choose Collection Set              42 us
[456.837s][info ][gc,stats       ]   Rebuild Free Set                    9 us
[456.837s][info ][gc,stats       ] Concurrent Weak References           84 us, parallelism: 0.02x
[456.837s][info ][gc,stats       ]   CWRF: <total>                       1 us
[456.837s][info ][gc,stats       ]   CWRF: Weak References               1 us, workers (us):   1,   0,   0,   0, ---, ---, ---, ---, 
[456.837s][info ][gc,stats       ] Concurrent Weak Roots               192 us
[456.837s][info ][gc,stats       ]   Roots                             115 us, parallelism: 0.60x
[456.837s][info ][gc,stats       ]     CWR: <total>                     69 us
[456.837s][info ][gc,stats       ]     CWR: Code Cache Roots            39 us, workers (us):   0,  38,   0,   0, ---, ---, ---, ---, 
[456.837s][info ][gc,stats       ]     CWR: VM Weak Roots               29 us, workers (us):  24,   4,   1,   0, ---, ---, ---, ---, 
[456.837s][info ][gc,stats       ]     CWR: CLDG Roots                   1 us, workers (us):   1, ---, ---, ---, ---, ---, ---, ---, 
[456.837s][info ][gc,stats       ]   Rendezvous                         52 us
[456.837s][info ][gc,stats       ] Concurrent Cleanup                  120 us
[456.837s][info ][gc,stats       ] Concurrent Class Unloading          354 us
[456.837s][info ][gc,stats       ]   Unlink Stale                      208 us
[456.837s][info ][gc,stats       ]     System Dictionary                22 us
[456.837s][info ][gc,stats       ]     Weak Class Links                  0 us
[456.837s][info ][gc,stats       ]     Code Roots                      185 us
[456.837s][info ][gc,stats       ]   Rendezvous                         60 us
[456.837s][info ][gc,stats       ]   Purge Unlinked                     64 us
[456.837s][info ][gc,stats       ]     Code Roots                       50 us
[456.837s][info ][gc,stats       ]     CLDG                             14 us
[456.837s][info ][gc,stats       ]     Exception Caches                  0 us
[456.837s][info ][gc,stats       ] Pause Final Roots (G)                80 us
[456.837s][info ][gc,stats       ] Pause Final Roots (N)                24 us
[456.837s][info ][gc,stats       ] 
[456.837s][info ][gc,stats       ] Allocation pacing accrued:
[456.837s][info ][gc,stats       ]       0 of     7 ms (  0.0%): <total>
[456.837s][info ][gc,stats       ]       0 of     7 ms (  0.0%): <average total>
[456.837s][info ][gc,stats       ] 
[456.837s][info ][gc,metaspace   ] Metaspace: 253K(448K)->253K(448K) NonClass: 247K(320K)->247K(320K) Class: 5K(128K)->5K(128K)
[456.837s][info ][gc,ergo        ] Pacer for Idle. Initial: 41943K, Alloc Tax Rate: 1.0x
[456.838s][info ][gc             ] Trigger: Free (143M) is below minimum threshold (204M)
[456.838s][info ][gc,ergo        ] Free: 143M, Max: 1024K regular, 13312K humongous, Frag: 91% external, 0% internal; Reserve: 103M, Max: 1024K
[456.838s][info ][gc,start       ] GC(28460) Concurrent reset
[456.838s][info ][gc,task        ] GC(28460) Using 4 of 8 workers for concurrent reset
[456.838s][info ][gc,ergo        ] GC(28460) Pacer for Reset. Non-Taxable: 2048M
[456.840s][info ][gc             ] GC(28460) Concurrent reset 1.915ms
[456.840s][info ][gc,start       ] GC(28460) Pause Init Mark (unload classes)
[456.840s][info ][gc,task        ] GC(28460) Using 8 of 8 workers for init marking
[456.840s][info ][gc,ergo        ] GC(28460) Pacer for Mark. Expected Live: 970M, Free: 115M, Non-Taxable: 11804K, Alloc Tax Rate: 10.3x
[456.840s][info ][gc             ] GC(28460) Pause Init Mark (unload classes) 0.175ms
[456.840s][info ][gc,start       ] GC(28460) Concurrent marking roots
[456.840s][info ][gc,task        ] GC(28460) Using 4 of 8 workers for concurrent marking roots
[456.841s][info ][gc             ] GC(28460) Concurrent marking roots 0.197ms
[456.841s][info ][gc,start       ] GC(28460) Concurrent marking (unload classes)
[456.841s][info ][gc,task        ] GC(28460) Using 4 of 8 workers for concurrent marking
[456.841s][info ][gc             ] GC(28460) Concurrent marking (unload classes) 0.700ms
[456.841s][info ][gc,start       ] GC(28460) Pause Final Mark (unload classes)
[456.841s][info ][gc,task        ] GC(28460) Using 8 of 8 workers for final marking
[456.842s][info ][gc,ergo        ] GC(28460) Collectable Garbage: 37888K (99%), Immediate: 37888K (99%), CSet: 0B (0%)
[456.842s][info ][gc             ] GC(28460) Pause Final Mark (unload classes) 0.505ms
[456.842s][info ][gc,start       ] GC(28460) Concurrent weak references
[456.842s][info ][gc,task        ] GC(28460) Using 4 of 8 workers for concurrent weak references
[456.842s][info ][gc,ref         ] GC(28460) Encountered references: Soft: 7, Weak: 34, Final: 0, Phantom: 1
[456.842s][info ][gc,ref         ] GC(28460) Discovered  references: Soft: 0, Weak: 0, Final: 0, Phantom: 0
[456.842s][info ][gc,ref         ] GC(28460) Enqueued    references: Soft: 0, Weak: 0, Final: 0, Phantom: 0
[456.842s][info ][gc             ] GC(28460) Concurrent weak references 0.254ms
[456.842s][info ][gc,start       ] GC(28460) Concurrent weak roots
[456.842s][info ][gc,task        ] GC(28460) Using 4 of 8 workers for concurrent weak root
[456.843s][info ][gc             ] GC(28460) Concurrent weak roots 0.267ms
[456.843s][info ][gc,start       ] GC(28460) Concurrent cleanup
[456.843s][info ][gc             ] GC(28460) Concurrent cleanup 1020M->983M(2048M) 0.101ms
[456.843s][info ][gc,ergo        ] GC(28460) Free: 149M, Max: 1024K regular, 10240K humongous, Frag: 94% external, 0% internal; Reserve: 103M, Max: 1024K
[456.843s][info ][gc,start       ] GC(28460) Concurrent class unloading
[456.843s][info ][gc,task        ] GC(28460) Using 4 of 8 workers for concurrent class unloading
[456.843s][debug][gc,phases,start] GC(28460) ClassLoaderData
[456.843s][debug][gc,phases      ] GC(28460) ClassLoaderData 0.007ms
[456.843s][debug][gc,phases,start] GC(28460) Trigger cleanups
[456.843s][debug][gc,phases      ] GC(28460) Trigger cleanups 0.005ms
[456.843s][info ][gc             ] GC(28460) Concurrent class unloading 0.381ms
[456.843s][info ][gc,start       ] GC(28460) Pause Final Roots
[456.843s][info ][gc             ] GC(28460) Pause Final Roots 0.034ms
[456.843s][debug][gc,ergo        ] GC(28460) Available: 137 MB, z-score=0.604. Average available: 115.9 MB +/- 36277.3 KB.
[456.843s][info ][gc,ergo        ] Free: 137M, Max: 1024K regular, 10240K humongous, Frag: 93% external, 0% internal; Reserve: 103M, Max: 1024K
[456.843s][info ][gc,stats       ] 
[456.843s][info ][gc,stats       ] All times are wall-clock times, except per-root-class counters, that are sum over
[456.843s][info ][gc,stats       ] all workers. Dividing the <total> over the root stage time estimates parallelism.
[456.843s][info ][gc,stats       ] 
[456.843s][info ][gc,stats       ] Concurrent Reset                   1933 us
[456.843s][info ][gc,stats       ] Pause Init Mark (G)                 272 us
[456.843s][info ][gc,stats       ] Pause Init Mark (N)                 181 us
[456.843s][info ][gc,stats       ]   Update Region States              136 us
[456.843s][info ][gc,stats       ] Concurrent Mark Roots               212 us, parallelism: 1.23x
[456.843s][info ][gc,stats       ]   CMR: <total>                      260 us
[456.843s][info ][gc,stats       ]   CMR: Thread Roots                 227 us, workers (us):  74,  79,  46,  27, ---, ---, ---, ---, 
[456.843s][info ][gc,stats       ]   CMR: VM Strong Roots                5 us, workers (us):   4,   0,   0,   0, ---, ---, ---, ---, 
[456.844s][info ][gc,stats       ]   CMR: CLDG Roots                    28 us, workers (us):  27,   1, ---, ---, ---, ---, ---, ---, 
[456.844s][info ][gc,stats       ] Concurrent Marking                  716 us
[456.844s][info ][gc,stats       ] Pause Final Mark (G)                660 us
[456.844s][info ][gc,stats       ] Pause Final Mark (N)                511 us
[456.844s][info ][gc,stats       ]   Finish Mark                       325 us
[456.844s][info ][gc,stats       ]   Update Region States               98 us
[456.844s][info ][gc,stats       ]   Choose Collection Set              42 us
[456.844s][info ][gc,stats       ]   Rebuild Free Set                    7 us
[456.844s][info ][gc,stats       ] Concurrent Weak References          261 us, parallelism: 0.00x
[456.844s][info ][gc,stats       ]   CWRF: <total>                       1 us
[456.844s][info ][gc,stats       ]   CWRF: Weak References               1 us, workers (us):   0,   0,   0,   0, ---, ---, ---, ---, 
[456.844s][info ][gc,stats       ] Concurrent Weak Roots               277 us
[456.844s][info ][gc,stats       ]   Roots                             181 us, parallelism: 0.60x
[456.844s][info ][gc,stats       ]     CWR: <total>                    108 us
[456.844s][info ][gc,stats       ]     CWR: Code Cache Roots            71 us, workers (us):  71,   0,   0,   0, ---, ---, ---, ---, 
[456.844s][info ][gc,stats       ]     CWR: VM Weak Roots               34 us, workers (us):  27,   7,   0,   0, ---, ---, ---, ---, 
[456.844s][info ][gc,stats       ]     CWR: CLDG Roots                   2 us, workers (us): ---,   2, ---, ---, ---, ---, ---, ---, 
[456.844s][info ][gc,stats       ]   Rendezvous                         72 us
[456.844s][info ][gc,stats       ] Concurrent Cleanup                  108 us
[456.844s][info ][gc,stats       ] Concurrent Class Unloading          394 us
[456.844s][info ][gc,stats       ]   Unlink Stale                      225 us
[456.844s][info ][gc,stats       ]     System Dictionary                24 us
[456.844s][info ][gc,stats       ]     Weak Class Links                  0 us
[456.844s][info ][gc,stats       ]     Code Roots                      200 us
[456.844s][info ][gc,stats       ]   Rendezvous                         55 us
[456.844s][info ][gc,stats       ]   Purge Unlinked                     88 us
[456.844s][info ][gc,stats       ]     Code Roots                       73 us
[456.844s][info ][gc,stats       ]     CLDG                             15 us
[456.844s][info ][gc,stats       ]     Exception Caches                  0 us
[456.844s][info ][gc,stats       ] Pause Final Roots (G)               305 us
[456.844s][info ][gc,stats       ] Pause Final Roots (N)                41 us
[456.844s][info ][gc,stats       ] Pacing                            24231 us
[456.844s][info ][gc,stats       ] 
[456.844s][info ][gc,stats       ] Allocation pacing accrued:
[456.844s][info ][gc,stats       ]       5 of     7 ms ( 72.7%): Thread-0
[456.844s][info ][gc,stats       ]       5 of     7 ms ( 73.4%): Thread-4
[456.844s][info ][gc,stats       ]       5 of     7 ms ( 73.2%): Thread-5
[456.844s][info ][gc,stats       ]       5 of     7 ms ( 69.3%): Thread-6
[456.844s][info ][gc,stats       ]       5 of     7 ms ( 73.7%): Thread-8
[456.844s][info ][gc,stats       ]      24 of     7 ms (362.4%): <total>
[456.844s][info ][gc,stats       ]       1 of     7 ms ( 17.3%): <average total>
[456.844s][info ][gc,stats       ]       5 of     7 ms ( 72.5%): <average non-zero>
[456.844s][info ][gc,stats       ] 
[456.844s][info ][gc,metaspace   ] Metaspace: 253K(448K)->253K(448K) NonClass: 247K(320K)->247K(320K) Class: 5K(128K)->5K(128K)
[456.844s][info ][gc,ergo        ] Pacer for Idle. Initial: 41943K, Alloc Tax Rate: 1.0x
[456.845s][info ][gc             ] Trigger: Free (109M) is below minimum threshold (204M)
[456.845s][info ][gc,ergo        ] Free: 109M, Max: 1024K regular, 10240K humongous, Frag: 91% external, 0% internal; Reserve: 103M, Max: 1024K
[456.845s][info ][gc,start       ] GC(28461) Concurrent reset
[456.845s][info ][gc,task        ] GC(28461) Using 4 of 8 workers for concurrent reset
[456.845s][info ][gc,ergo        ] GC(28461) Pacer for Reset. Non-Taxable: 2048M
[456.847s][info ][gc             ] Failed to allocate Shared, 10240K
[456.847s][info ][gc             ] Cancelling GC: Allocation Failure
[456.847s][info ][gc             ] GC(28461) Concurrent reset 2.331ms
[456.847s][info ][gc,start       ] GC(28461) Pause Init Mark (unload classes)
[456.847s][info ][gc,task        ] GC(28461) Using 8 of 8 workers for init marking
[456.848s][info ][gc,ergo        ] GC(28461) Pacer for Mark. Expected Live: 966M, Free: 87325K, Non-Taxable: 8732K, Alloc Tax Rate: 13.8x
[456.848s][info ][gc             ] GC(28461) Pause Init Mark (unload classes) 0.189ms
[456.848s][info ][gc,start       ] GC(28461) Concurrent marking roots
[456.848s][info ][gc,task        ] GC(28461) Using 4 of 8 workers for concurrent marking roots
[456.848s][info ][gc             ] GC(28461) Concurrent marking roots 0.264ms
[456.848s][info ][gc,ergo        ] Free: 79133K, Max: 1024K regular, 10240K humongous, Frag: 88% external, 0% internal; Reserve: 103M, Max: 1024K
[456.848s][info ][gc,stats       ] 
[456.848s][info ][gc,stats       ] All times are wall-clock times, except per-root-class counters, that are sum over
[456.848s][info ][gc,stats       ] all workers. Dividing the <total> over the root stage time estimates parallelism.
[456.848s][info ][gc,stats       ] 
[456.848s][info ][gc,stats       ] Concurrent Reset                   2354 us
[456.848s][info ][gc,stats       ] Pause Init Mark (G)                 298 us
[456.848s][info ][gc,stats       ] Pause Init Mark (N)                 194 us
[456.848s][info ][gc,stats       ]   Update Region States              119 us
[456.848s][info ][gc,stats       ] Concurrent Mark Roots               280 us, parallelism: 1.19x
[456.848s][info ][gc,stats       ]   CMR: <total>                      333 us
[456.848s][info ][gc,stats       ]   CMR: Thread Roots                 279 us, workers (us):  89, 107,  82,   0, ---, ---, ---, ---, 
[456.848s][info ][gc,stats       ]   CMR: VM Strong Roots                5 us, workers (us):   3,   1,   0,   0, ---, ---, ---, ---, 
[456.848s][info ][gc,stats       ]   CMR: CLDG Roots                    49 us, workers (us):  49,   0, ---, ---, ---, ---, ---, ---, 
[456.848s][info ][gc,stats       ] 
[456.848s][info ][gc,stats       ] Allocation pacing accrued:
[456.848s][info ][gc,stats       ]       0 of     4 ms (  0.0%): <total>
[456.848s][info ][gc,stats       ]       0 of     4 ms (  0.0%): <average total>
[456.848s][info ][gc,stats       ] 
[456.848s][info ][gc,metaspace   ] Metaspace: 253K(448K)->253K(448K) NonClass: 247K(320K)->247K(320K) Class: 5K(128K)->5K(128K)
[456.848s][info ][gc,ergo        ] Pacer for Idle. Initial: 41943K, Alloc Tax Rate: 1.0x
[456.849s][info ][gc             ] Trigger: Handle Allocation Failure
[456.849s][info ][gc,ergo        ] Free: 58653K, Max: 1024K regular, 10240K humongous, Frag: 83% external, 1% internal; Reserve: 103M, Max: 1024K
[456.849s][info ][gc,start       ] GC(28462) Pause Degenerated GC (Outside of Cycle)
[456.849s][info ][gc,task        ] GC(28462) Using 8 of 8 workers for stw degenerated gc
[456.851s][info ][gc,ref         ] GC(28462) Clearing All SoftReferences
[456.852s][info ][gc,ref         ] GC(28462) Encountered references: Soft: 7, Weak: 34, Final: 0, Phantom: 1
[456.852s][info ][gc,ref         ] GC(28462) Discovered  references: Soft: 4, Weak: 1, Final: 0, Phantom: 0
[456.852s][info ][gc,ref         ] GC(28462) Enqueued    references: Soft: 0, Weak: 0, Final: 0, Phantom: 0
[456.852s][debug][gc,phases,start] GC(28462) ClassLoaderData
[456.852s][debug][gc,phases      ] GC(28462) ClassLoaderData 0.019ms
[456.852s][debug][gc,phases,start] GC(28462) Trigger cleanups
[456.852s][debug][gc,phases      ] GC(28462) Trigger cleanups 0.003ms
[456.852s][info ][gc,ergo        ] GC(28462) Collectable Garbage: 37888K (99%), Immediate: 37888K (99%), CSet: 0B (0%)
[456.852s][info ][gc,ergo        ] GC(28462) Good progress for free space: 131M, need 20971K
[456.852s][info ][gc,ergo        ] GC(28462) Good progress for used space: 37888K, need 1024K
[456.852s][info ][gc             ] GC(28462) Pause Degenerated GC (Outside of Cycle) 1029M->992M(2048M) 3.113ms
[456.853s][debug][gc,ergo        ] GC(28462) Margin of error now 3.29
[456.853s][debug][gc,ergo        ] GC(28462) Spike threshold now: 0.32
[456.853s][info ][gc,ergo        ] Free: 117M, Max: 1024K regular, 10240K humongous, Frag: 92% external, 0% internal; Reserve: 103M, Max: 1024K
[456.853s][info ][gc,stats       ] 
[456.853s][info ][gc,stats       ] All times are wall-clock times, except per-root-class counters, that are sum over
[456.853s][info ][gc             ] Failed to allocate Shared, 10240K
[456.853s][info ][gc             ] Cancelling GC: Allocation Failure
[456.853s][info ][gc,stats       ] all workers. Dividing the <total> over the root stage time estimates parallelism.
[456.853s][info ][gc,stats       ] 
[456.853s][info ][gc,stats       ] Pause Degenerated GC (G)           3472 us
[456.853s][info ][gc,stats       ] Pause Degenerated GC (N)           3120 us
[456.853s][info ][gc,stats       ]   Degen STW Mark                    500 us, parallelism: 5.52x
[456.853s][info ][gc,stats       ]     DSM: <total>                   2760 us
[456.853s][info ][gc,stats       ]     DSM: Thread Roots               107 us, workers (us):  48,  35,  20,   1,   1,   0,   0,   2, 
[456.853s][info ][gc,stats       ]     DSM: VM Strong Roots              6 us, workers (us):   2,   0,   1,   2,   0,   0,   0,   0, 
[456.853s][info ][gc,stats       ]     DSM: CLDG Roots                  23 us, workers (us):   0,  19,   0,   1,   2,   0,   0,   1, 
[456.853s][info ][gc,stats       ]     DSM: Parallel Mark             2625 us, workers (us): 338, 357, 321, 361, 347, 282, 335, 283, 
[456.853s][info ][gc,stats       ]     System Purge                    359 us
[456.853s][info ][gc,stats       ]       Weak References               147 us, parallelism: 0.01x
[456.853s][info ][gc,stats       ]         WRP: <total>                  2 us
[456.853s][info ][gc,stats       ]         WRP: Weak References          2 us, workers (us):   1,   0,   0,   0,   0,   0,   0,   0, 
[456.853s][info ][gc,stats       ]       Unload Classes                126 us, parallelism: 1.36x
[456.853s][info ][gc,stats       ]         DCU: <total>                171 us
[456.853s][info ][gc,stats       ]         DCU: Unload Code Caches      171 us, workers (us):  64,  57,  29,  16,   6,   0,   0,   0, 
[456.853s][info ][gc,stats       ]       Weak Roots                     85 us, parallelism: 0.24x
[456.853s][info ][gc,stats       ]         DWR: <total>                 20 us
[456.853s][info ][gc,stats       ]         DWR: VM Weak Roots           20 us, workers (us):  15,   1,   1,   1,   1,   0,   1,   1, 
[456.853s][info ][gc,stats       ]       CLDG                            0 us
[456.853s][info ][gc,stats       ]   Update Region States              125 us
[456.853s][info ][gc,stats       ]   Manage GC/TLABs                     1 us
[456.853s][info ][gc,stats       ]   Choose Collection Set              45 us
[456.853s][info ][gc,stats       ]   Rebuild Free Set                    7 us
[456.853s][info ][gc,stats       ]   Cleanup                            82 us
[456.853s][info ][gc,stats       ] Pacing                             5421 us
[456.853s][info ][gc,stats       ] 
[456.853s][info ][gc,stats       ] Allocation pacing accrued:
[456.853s][info ][gc,stats       ]       1 of     5 ms ( 28.7%): Thread-1
[456.853s][info ][gc,stats       ]       1 of     5 ms ( 26.1%): Thread-2
[456.853s][info ][gc,stats       ]       1 of     5 ms ( 27.2%): Thread-6
[456.853s][info ][gc,stats       ]       1 of     5 ms ( 26.9%): Thread-9
[456.853s][info ][gc,stats       ]       5 of     5 ms (108.9%): <total>
[456.853s][info ][gc,stats       ]       0 of     5 ms (  5.2%): <average total>
[456.853s][info ][gc,stats       ]       1 of     5 ms ( 27.2%): <average non-zero>
[456.853s][info ][gc,stats       ] 
[456.853s][info ][gc,metaspace   ] Metaspace: 253K(448K)->253K(448K) NonClass: 247K(320K)->247K(320K) Class: 5K(128K)->5K(128K)
[456.853s][info ][gc,ergo        ] Pacer for Idle. Initial: 41943K, Alloc Tax Rate: 1.0x
[456.854s][info ][gc             ] Trigger: Handle Allocation Failure
[456.854s][info ][gc,ergo        ] Free: 99613K, Max: 1024K regular, 10240K humongous, Frag: 90% external, 0% internal; Reserve: 103M, Max: 1024K
[456.854s][info ][gc,start       ] GC(28463) Pause Degenerated GC (Outside of Cycle)
[456.854s][info ][gc,task        ] GC(28463) Using 8 of 8 workers for stw degenerated gc
[456.856s][info ][gc,ref         ] GC(28463) Clearing All SoftReferences
[456.857s][info ][gc,ref         ] GC(28463) Encountered references: Soft: 7, Weak: 34, Final: 0, Phantom: 1
[456.857s][info ][gc,ref         ] GC(28463) Discovered  references: Soft: 4, Weak: 9, Final: 0, Phantom: 1
[456.857s][info ][gc,ref         ] GC(28463) Enqueued    references: Soft: 0, Weak: 0, Final: 0, Phantom: 0
[456.857s][debug][gc,phases,start] GC(28463) ClassLoaderData
[456.857s][debug][gc,phases      ] GC(28463) ClassLoaderData 0.010ms
[456.857s][debug][gc,phases,start] GC(28463) Trigger cleanups
[456.857s][debug][gc,phases      ] GC(28463) Trigger cleanups 0.003ms
[456.857s][info ][gc,ergo        ] GC(28463) Adaptive CSet Selection. Target Free: 290M, Actual Free: 200M, Max CSet: 87381K, Min Garbage: 92296K
[456.857s][info ][gc,ergo        ] GC(28463) Collectable Garbage: 210K (100%), Immediate: 0B (0%), CSet: 210K (100%)
[456.860s][info ][gc,ergo        ] GC(28463) Good progress for free space: 99328K, need 20971K
[456.860s][info ][gc,ergo        ] GC(28463) Bad progress for used space: 0B, need 1024K
[456.860s][info ][gc,ergo        ] GC(28463) Bad progress for internal fragmentation: -nan%, need 1.0%
[456.860s][info ][gc,ergo        ] GC(28463) Bad progress for external fragmentation: 0.0%, need 1.0%
[456.860s][info ][gc             ] GC(28463) Cancelling GC: Upgrade To Full GC
[456.861s][info ][gc,phases,start] GC(28463) Phase 1: Mark live objects
[456.861s][info ][gc,ref         ] GC(28463) Clearing All SoftReferences
[456.861s][info ][gc,ref         ] GC(28463) Clearing All SoftReferences
[456.862s][info ][gc,ref         ] GC(28463) Encountered references: Soft: 7, Weak: 34, Final: 0, Phantom: 1
[456.862s][info ][gc,ref         ] GC(28463) Discovered  references: Soft: 4, Weak: 4, Final: 0, Phantom: 1
[456.862s][info ][gc,ref         ] GC(28463) Enqueued    references: Soft: 0, Weak: 0, Final: 0, Phantom: 0
[456.862s][debug][gc,phases,start] GC(28463) ClassLoaderData
[456.862s][debug][gc,phases      ] GC(28463) ClassLoaderData 0.011ms
[456.862s][debug][gc,phases,start] GC(28463) Trigger cleanups
[456.862s][debug][gc,phases      ] GC(28463) Trigger cleanups 0.005ms
[456.862s][info ][gc,phases      ] GC(28463) Phase 1: Mark live objects 1.063ms
[456.862s][info ][gc,phases,start] GC(28463) Phase 2: Compute new object addresses
[456.862s][info ][gc,phases      ] GC(28463) Phase 2: Compute new object addresses 0.465ms
[456.863s][info ][gc,phases,start] GC(28463) Phase 3: Adjust pointers
[456.864s][info ][gc,phases      ] GC(28463) Phase 3: Adjust pointers 1.542ms
[456.864s][info ][gc,phases,start] GC(28463) Phase 4: Move objects
[456.975s][info ][gc,phases      ] GC(28463) Phase 4: Move objects 110.678ms
[456.975s][info ][gc,ergo        ] GC(28463) Good progress for free space: 99824K, need 20971K
[456.975s][info ][gc,ergo        ] GC(28463) Bad progress for used space: 496K, need 1024K
[456.975s][info ][gc,ergo        ] GC(28463) Bad progress for internal fragmentation: -nan%, need 1.0%
[456.975s][info ][gc,ergo        ] GC(28463) Good progress for external fragmentation: 83.5%, need 1.0%
[456.975s][info ][gc             ] GC(28463) Pause Degenerated GC (Outside of Cycle) 1009M->1009M(2048M) 121.290ms
[456.976s][debug][gc,ergo        ] GC(28463) Margin of error now 3.29
[456.976s][debug][gc,ergo        ] GC(28463) Spike threshold now: 0.32
[456.976s][info ][gc,ergo        ] Free: 81392K, Max: 1024K regular, 80896K humongous, Frag: 0% external, 0% internal; Reserve: 103M, Max: 1024K
[456.976s][info ][gc,stats       ] 
[456.976s][info ][gc,stats       ] All times are wall-clock times, except per-root-class counters, that are sum over
[456.976s][info ][gc,stats       ] all workers. Dividing the <total> over the root stage time estimates parallelism.
[456.976s][info ][gc,stats       ] 
[456.976s][info ][gc,stats       ] Pause Degenerated GC (G)         121566 us
[456.976s][info ][gc,stats       ] Pause Degenerated GC (N)         121296 us
[456.976s][info ][gc,stats       ]   Degen STW Mark                    490 us, parallelism: 5.60x
[456.976s][info ][gc,stats       ]     DSM: <total>                   2746 us
[456.976s][info ][gc,stats       ]     DSM: Thread Roots                61 us, workers (us):  32,  17,   8,   1,   1,   1,   1,   0, 
[456.976s][info ][gc,stats       ]     DSM: VM Strong Roots              4 us, workers (us):   0,   1,   1,   1,   0,   0,   0,   0, 
[456.976s][info ][gc,stats       ]     DSM: CLDG Roots                  17 us, workers (us):  14,   1,   0,   1,   0,   1,   1,   0, 
[456.976s][info ][gc,stats       ]     DSM: Parallel Mark             2664 us, workers (us): 320, 326, 309, 379, 357, 324, 333, 317, 
[456.976s][info ][gc,stats       ]     System Purge                    335 us
[456.976s][info ][gc,stats       ]       Weak References               127 us, parallelism: 0.02x
[456.976s][info ][gc,stats       ]         WRP: <total>                  2 us
[456.976s][info ][gc,stats       ]         WRP: Weak References          2 us, workers (us):   1,   0,   0,   0,   0,   0,   0,   0, 
[456.976s][info ][gc,stats       ]       Unload Classes                115 us, parallelism: 1.37x
[456.976s][info ][gc,stats       ]         DCU: <total>                157 us
[456.976s][info ][gc,stats       ]         DCU: Unload Code Caches      157 us, workers (us):  52,  45,  39,  21,   0,   0,   0,   0, 
[456.976s][info ][gc,stats       ]       Weak Roots                     91 us, parallelism: 0.23x
[456.976s][info ][gc,stats       ]         DWR: <total>                 21 us
[456.976s][info ][gc,stats       ]         DWR: VM Weak Roots           21 us, workers (us):  16,   1,   1,   1,   1,   0,   1,   1, 
[456.976s][info ][gc,stats       ]       CLDG                            1 us
[456.976s][info ][gc,stats       ]   Update Region States              113 us
[456.976s][info ][gc,stats       ]   Manage GC/TLABs                     1 us
[456.976s][info ][gc,stats       ]   Choose Collection Set              35 us
[456.976s][info ][gc,stats       ]   Rebuild Free Set                    7 us
[456.976s][info ][gc,stats       ]   Evacuation                        408 us
[456.976s][info ][gc,stats       ]   Manage GCLABs                       3 us
[456.976s][info ][gc,stats       ]   Update References                1658 us
[456.976s][info ][gc,stats       ]   Update Region States               93 us
[456.976s][info ][gc,stats       ]   Trash Collection Set                2 us
[456.976s][info ][gc,stats       ]   Rebuild Free Set                    8 us
[456.976s][info ][gc,stats       ]   Degen Update Roots                270 us, parallelism: 1.26x
[456.976s][info ][gc,stats       ]     DU: <total>                     341 us
[456.976s][info ][gc,stats       ]     DU: Thread Roots                 98 us, workers (us):   0,  34,  37,  19,   8,   0,   0,   0, 
[456.976s][info ][gc,stats       ]     DU: Code Cache Roots            167 us, workers (us): 166,   1,   0,   0,   0,   0,   0,   0, 
[456.976s][info ][gc,stats       ]     DU: VM Strong Roots               4 us, workers (us):   3,   0,   0,   0,   0,   0,   0,   0, 
[456.976s][info ][gc,stats       ]     DU: VM Weak Roots                29 us, workers (us):  23,   3,   0,   1,   0,   0,   0,   0, 
[456.976s][info ][gc,stats       ]     DU: CLDG Roots                   42 us, workers (us):   2,  39,   0,   1,   0,   0,   0,   0, 
[456.976s][info ][gc,stats       ]   Cleanup                            83 us
[456.976s][info ][gc,stats       ]   Pre Heap Dump                       1 us
[456.976s][info ][gc,stats       ]   Prepare                           920 us
[456.976s][info ][gc,stats       ]   Mark                             1021 us, parallelism: 3.14x
[456.976s][info ][gc,stats       ]     FM: <total>                    3206 us
[456.976s][info ][gc,stats       ]     FM: Thread Roots                 90 us, workers (us):  36,  27,  12,  12,   0,   1,   1,   1, 
[456.976s][info ][gc,stats       ]     FM: VM Strong Roots               4 us, workers (us):   3,   0,   0,   0,   0,   0,   0,   0, 
[456.976s][info ][gc,stats       ]     FM: CLDG Roots                   24 us, workers (us):   1,  21,   0,   0,   0,   1,   0,   0, 
[456.976s][info ][gc,stats       ]     FM: Parallel Mark              3088 us, workers (us): 443, 381, 380, 434, 406, 408, 364, 272, 
[456.976s][info ][gc,stats       ]     System Purge                    430 us
[456.976s][info ][gc,stats       ]       Weak References               175 us, parallelism: 0.01x
[456.976s][info ][gc,stats       ]         WRP: <total>                  2 us
[456.976s][info ][gc,stats       ]         WRP: Weak References          2 us, workers (us):   2,   0,   0,   0,   0,   0,   0,   0, 
[456.976s][info ][gc,stats       ]       Unload Classes                132 us, parallelism: 1.30x
[456.976s][info ][gc,stats       ]         CU: <total>                 171 us
[456.976s][info ][gc,stats       ]         CU: Unload Code Caches      171 us, workers (us):  57,  48,  42,  17,   7,   0,   0,   0, 
[456.976s][info ][gc,stats       ]       Weak Roots                    120 us, parallelism: 0.21x
[456.976s][info ][gc,stats       ]         WR: <total>                  25 us
[456.976s][info ][gc,stats       ]         WR: VM Weak Roots            25 us, workers (us):  15,   4,   1,   1,   1,   1,   1,   1, 
[456.976s][info ][gc,stats       ]       CLDG                            1 us
[456.976s][info ][gc,stats       ]   Calculate Addresses               459 us
[456.976s][info ][gc,stats       ]     Regular Objects                 325 us
[456.976s][info ][gc,stats       ]     Humongous Objects                85 us
[456.976s][info ][gc,stats       ]   Adjust Pointers                  1536 us
[456.976s][info ][gc,stats       ]     FA: <total>                     190 us
[456.976s][info ][gc,stats       ]     FA: Thread Roots                 35 us, workers (us):  33,   1,   1,   0,   0,   0,   0,   0, 
[456.976s][info ][gc,stats       ]     FA: Code Cache Roots            125 us, workers (us):   0, 124,   0,   0,   0,   0,   0,   0, 
[456.976s][info ][gc,stats       ]     FA: VM Strong Roots               2 us, workers (us):   2,   0,   0,   0,   0,   0,   0,   0, 
[456.976s][info ][gc,stats       ]     FA: VM Weak Roots                18 us, workers (us):  14,   3,   1,   0,   0,   0,   0,   0, 
[456.976s][info ][gc,stats       ]     FA: CLDG Roots                    9 us, workers (us):   7,   1,   0,   0,   0,   0,   0,   0, 
[456.976s][info ][gc,stats       ]   Copy Objects                   110672 us
[456.976s][info ][gc,stats       ]     Regular Objects                 356 us
[456.976s][info ][gc,stats       ]     Humongous Objects            108558 us
[456.976s][info ][gc,stats       ]     Reset Complete Bitmap          1650 us
[456.976s][info ][gc,stats       ]     Rebuild Region Sets             105 us
[456.976s][info ][gc,stats       ]   Post Heap Dump                      1 us
[456.976s][info ][gc,stats       ] 
[456.976s][info ][gc,stats       ] Allocation pacing accrued:
[456.976s][info ][gc,stats       ]       0 of   123 ms (  0.0%): <total>
[456.976s][info ][gc,stats       ]       0 of   123 ms (  0.0%): <average total>
[456.976s][info ][gc,stats       ] 
[456.976s][info ][gc,metaspace   ] Metaspace: 253K(448K)->253K(448K) NonClass: 247K(320K)->247K(320K) Class: 5K(128K)->5K(128K)
[456.976s][info ][gc,ergo        ] Pacer for Idle. Initial: 41943K, Alloc Tax Rate: 1.0x
[456.977s][info ][gc             ] Trigger: Free (47600K) is below minimum threshold (204M)
[456.977s][info ][gc,ergo        ] Free: 47600K, Max: 1024K regular, 47104K humongous, Frag: 0% external, 1% internal; Reserve: 103M, Max: 1024K
[456.977s][info ][gc,start       ] GC(28464) Concurrent reset
[456.978s][info ][gc,task        ] GC(28464) Using 4 of 8 workers for concurrent reset
[456.978s][info ][gc,ergo        ] GC(28464) Pacer for Reset. Non-Taxable: 2048M
[456.978s][info ][gc             ] GC(28464) Concurrent reset 0.177ms
[456.978s][info ][gc,start       ] GC(28464) Pause Init Mark (unload classes)
[456.978s][info ][gc,task        ] GC(28464) Using 8 of 8 workers for init marking
[456.978s][info ][gc,ergo        ] GC(28464) Pacer for Mark. Expected Live: 1371M, Free: 47600K, Non-Taxable: 4760K, Alloc Tax Rate: 36.1x
[456.978s][info ][gc             ] GC(28464) Pause Init Mark (unload classes) 0.179ms
[456.978s][info ][gc,start       ] GC(28464) Concurrent marking roots
[456.978s][info ][gc,task        ] GC(28464) Using 4 of 8 workers for concurrent marking roots
[456.978s][info ][gc             ] GC(28464) Concurrent marking roots 0.278ms
[456.978s][info ][gc,start       ] GC(28464) Concurrent marking (unload classes)
[456.978s][info ][gc,task        ] GC(28464) Using 4 of 8 workers for concurrent marking
[456.979s][info ][gc             ] GC(28464) Concurrent marking (unload classes) 0.985ms
[456.980s][info ][gc,start       ] GC(28464) Pause Final Mark (unload classes)
[456.980s][info ][gc,task        ] GC(28464) Using 8 of 8 workers for final marking
[456.980s][info ][gc,ergo        ] GC(28464) Collectable Garbage: 16384K (100%), Immediate: 16384K (100%), CSet: 0B (0%)
[456.980s][info ][gc             ] GC(28464) Pause Final Mark (unload classes) 0.593ms
[456.980s][info ][gc,start       ] GC(28464) Concurrent weak references
[456.980s][info ][gc,task        ] GC(28464) Using 4 of 8 workers for concurrent weak references
[456.980s][info ][gc,ref         ] GC(28464) Encountered references: Soft: 7, Weak: 34, Final: 0, Phantom: 1
[456.980s][info ][gc,ref         ] GC(28464) Discovered  references: Soft: 0, Weak: 0, Final: 0, Phantom: 1
[456.980s][info ][gc,ref         ] GC(28464) Enqueued    references: Soft: 0, Weak: 0, Final: 0, Phantom: 0
[456.980s][info ][gc             ] GC(28464) Concurrent weak references 0.115ms
[456.980s][info ][gc,start       ] GC(28464) Concurrent weak roots
[456.980s][info ][gc,task        ] GC(28464) Using 4 of 8 workers for concurrent weak root
[456.981s][info ][gc             ] GC(28464) Concurrent weak roots 0.183ms
[456.981s][info ][gc,start       ] GC(28464) Concurrent cleanup
[456.981s][info ][gc             ] GC(28464) Concurrent cleanup 1044M->1028M(2048M) 0.094ms
[456.981s][info ][gc,ergo        ] GC(28464) Free: 70128K, Max: 1024K regular, 45056K humongous, Frag: 36% external, 0% internal; Reserve: 103M, Max: 1024K
[456.981s][info ][gc,start       ] GC(28464) Concurrent class unloading
[456.981s][info ][gc,task        ] GC(28464) Using 4 of 8 workers for concurrent class unloading
[456.981s][debug][gc,phases,start] GC(28464) ClassLoaderData
[456.981s][debug][gc,phases      ] GC(28464) ClassLoaderData 0.005ms
[456.981s][debug][gc,phases,start] GC(28464) Trigger cleanups
[456.981s][debug][gc,phases      ] GC(28464) Trigger cleanups 0.003ms
[456.981s][info ][gc             ] GC(28464) Concurrent class unloading 0.387ms
[456.981s][info ][gc,start       ] GC(28464) Pause Final Roots
[456.981s][info ][gc             ] GC(28464) Pause Final Roots 0.020ms
[456.981s][debug][gc,ergo        ] GC(28464) Available: 68080 KB, z-score=-1.394. Average available: 115.9 MB +/- 36277.3 KB.
[456.981s][info ][gc,ergo        ] Free: 66032K, Max: 1024K regular, 45056K humongous, Frag: 32% external, 0% internal; Reserve: 103M, Max: 1024K
[456.981s][info ][gc,stats       ] 
[456.981s][info ][gc,stats       ] All times are wall-clock times, except per-root-class counters, that are sum over
[456.981s][info ][gc,stats       ] all workers. Dividing the <total> over the root stage time estimates parallelism.
[456.981s][info ][gc,stats       ] 
[456.981s][info ][gc,stats       ] Concurrent Reset                    224 us
[456.981s][info ][gc,stats       ] Pause Init Mark (G)                 341 us
[456.981s][info ][gc,stats       ] Pause Init Mark (N)                 187 us
[456.981s][info ][gc,stats       ]   Update Region States              127 us
[456.981s][info ][gc,stats       ] Concurrent Mark Roots               292 us, parallelism: 1.52x
[456.981s][info ][gc,stats       ]   CMR: <total>                      444 us
[456.981s][info ][gc,stats       ]   CMR: Thread Roots                 424 us, workers (us): 144, 126,  96,  59, ---, ---, ---, ---, 
[456.981s][info ][gc,stats       ]   CMR: VM Strong Roots                5 us, workers (us):   4,   0,   1,   0, ---, ---, ---, ---, 
[456.981s][info ][gc,stats       ]   CMR: CLDG Roots                    15 us, workers (us):  15, ---, ---, ---, ---, ---, ---, ---, 
[456.981s][info ][gc,stats       ] Concurrent Marking                 1000 us
[456.981s][info ][gc,stats       ] Pause Final Mark (G)                838 us
[456.981s][info ][gc,stats       ] Pause Final Mark (N)                600 us
[456.981s][info ][gc,stats       ]   Finish Mark                       407 us
[456.981s][info ][gc,stats       ]   Update Region States              122 us
[456.981s][info ][gc,stats       ]   Choose Collection Set              33 us
[456.981s][info ][gc,stats       ]   Rebuild Free Set                    8 us
[456.981s][info ][gc,stats       ] Concurrent Weak References          119 us, parallelism: 0.01x
[456.982s][info ][gc,stats       ]   CWRF: <total>                       1 us
[456.982s][info ][gc,stats       ]   CWRF: Weak References               1 us, workers (us):   1,   0,   0,   0, ---, ---, ---, ---, 
[456.982s][info ][gc,stats       ] Concurrent Weak Roots               193 us
[456.982s][info ][gc,stats       ]   Roots                             115 us, parallelism: 0.64x
[456.982s][info ][gc,stats       ]     CWR: <total>                     74 us
[456.982s][info ][gc,stats       ]     CWR: Code Cache Roots            53 us, workers (us):   0,  52,   0,   0, ---, ---, ---, ---, 
[456.982s][info ][gc,stats       ]     CWR: VM Weak Roots               20 us, workers (us):  14,   6,   0,   0, ---, ---, ---, ---, 
[456.982s][info ][gc,stats       ]     CWR: CLDG Roots                   1 us, workers (us):   1, ---, ---, ---, ---, ---, ---, ---, 
[456.982s][info ][gc,stats       ]   Rendezvous                         52 us
[456.982s][info ][gc,stats       ] Concurrent Cleanup                   98 us
[456.982s][info ][gc,stats       ] Concurrent Class Unloading          403 us
[456.982s][info ][gc,stats       ]   Unlink Stale                      216 us
[456.982s][info ][gc,stats       ]     System Dictionary                15 us
[456.982s][info ][gc,stats       ]     Weak Class Links                  0 us
[456.982s][info ][gc,stats       ]     Code Roots                      201 us
[456.982s][info ][gc,stats       ]   Rendezvous                         59 us
[456.982s][info ][gc,stats       ]   Purge Unlinked                    103 us
[456.982s][info ][gc,stats       ]     Code Roots                       88 us
[456.982s][info ][gc,stats       ]     CLDG                             14 us
[456.982s][info ][gc,stats       ]     Exception Caches                  0 us
[456.982s][info ][gc,stats       ] Pause Final Roots (G)               289 us
[456.982s][info ][gc,stats       ] Pause Final Roots (N)                26 us
[456.982s][info ][gc,stats       ] Pacing                             8759 us
[456.982s][info ][gc,stats       ] 
[456.982s][info ][gc,stats       ] Allocation pacing accrued:
[456.982s][info ][gc,stats       ]       3 of     5 ms ( 53.6%): Thread-0
[456.982s][info ][gc,stats       ]       3 of     5 ms ( 61.8%): Thread-1
[456.982s][info ][gc,stats       ]       3 of     5 ms ( 56.6%): Thread-2
[456.982s][info ][gc,stats       ]       3 of     5 ms ( 55.1%): Thread-3
[456.982s][info ][gc,stats       ]       3 of     5 ms ( 56.0%): Thread-6
[456.982s][info ][gc,stats       ]       3 of     5 ms ( 54.0%): Thread-8
[456.982s][info ][gc,stats       ]       3 of     5 ms ( 57.2%): Thread-9
[456.982s][info ][gc,stats       ]      21 of     5 ms (394.1%): <total>
[456.982s][info ][gc,stats       ]       1 of     5 ms ( 18.8%): <average total>
[456.982s][info ][gc,stats       ]       3 of     5 ms ( 56.3%): <average non-zero>
[456.982s][info ][gc,stats       ] 
[456.982s][info ][gc,metaspace   ] Metaspace: 253K(448K)->253K(448K) NonClass: 247K(320K)->247K(320K) Class: 5K(128K)->5K(128K)
[456.982s][info ][gc,ergo        ] Pacer for Idle. Initial: 41943K, Alloc Tax Rate: 1.0x
[456.983s][info ][gc             ] Trigger: Free (35312K) is below minimum threshold (204M)
[456.983s][info ][gc,ergo        ] Free: 33264K, Max: 1024K regular, 32768K humongous, Frag: 0% external, 1% internal; Reserve: 103M, Max: 1024K
[456.983s][info ][gc,start       ] GC(28465) Concurrent reset
[456.983s][info ][gc,task        ] GC(28465) Using 4 of 8 workers for concurrent reset
[456.983s][info ][gc,ergo        ] GC(28465) Pacer for Reset. Non-Taxable: 2048M
[456.985s][info ][gc             ] GC(28465) Concurrent reset 2.312ms
[456.985s][info ][gc,start       ] GC(28465) Pause Init Mark (unload classes)
[456.985s][info ][gc,task        ] GC(28465) Using 8 of 8 workers for init marking
[456.986s][info ][gc,ergo        ] GC(28465) Pacer for Mark. Expected Live: 1387M, Free: 2544K, Non-Taxable: 254K, Alloc Tax Rate: 682.5x
[456.986s][info ][gc             ] GC(28465) Pause Init Mark (unload classes) 0.192ms
[456.986s][info ][gc,start       ] GC(28465) Concurrent marking roots
[456.986s][info ][gc,task        ] GC(28465) Using 4 of 8 workers for concurrent marking roots
[456.986s][info ][gc             ] GC(28465) Concurrent marking roots 0.152ms
[456.986s][info ][gc,start       ] GC(28465) Concurrent marking (unload classes)
[456.986s][info ][gc,task        ] GC(28465) Using 4 of 8 workers for concurrent marking
[456.986s][info ][gc             ] GC(28465) Concurrent marking (unload classes) 0.495ms
[456.987s][info ][gc,start       ] GC(28465) Pause Final Mark (unload classes)
[456.987s][info ][gc,task        ] GC(28465) Using 8 of 8 workers for final marking
[456.987s][info ][gc,ergo        ] GC(28465) Collectable Garbage: 147M (100%), Immediate: 147M (100%), CSet: 0B (0%)
[456.987s][info ][gc             ] GC(28465) Pause Final Mark (unload classes) 0.483ms
[456.987s][info ][gc,start       ] GC(28465) Concurrent weak references
[456.987s][info ][gc,task        ] GC(28465) Using 4 of 8 workers for concurrent weak references
[456.987s][info ][gc,ref         ] GC(28465) Encountered references: Soft: 7, Weak: 34, Final: 0, Phantom: 1
[456.987s][info ][gc,ref         ] GC(28465) Discovered  references: Soft: 0, Weak: 1, Final: 0, Phantom: 1
[456.987s][info ][gc,ref         ] GC(28465) Enqueued    references: Soft: 0, Weak: 0, Final: 0, Phantom: 0
[456.987s][info ][gc             ] GC(28465) Concurrent weak references 0.082ms
[456.987s][info ][gc,start       ] GC(28465) Concurrent weak roots
[456.987s][info ][gc,task        ] GC(28465) Using 4 of 8 workers for concurrent weak root
[456.987s][info ][gc             ] GC(28465) Concurrent weak roots 0.146ms
[456.987s][info ][gc,start       ] GC(28465) Concurrent cleanup
[456.988s][info ][gc             ] GC(28465) Concurrent cleanup 1061M->914M(2048M) 0.096ms
[456.988s][info ][gc,ergo        ] GC(28465) Free: 197M, Max: 1024K regular, 99328K humongous, Frag: 51% external, 0% internal; Reserve: 103M, Max: 1024K
[456.988s][info ][gc,start       ] GC(28465) Concurrent class unloading
[456.988s][info ][gc,task        ] GC(28465) Using 4 of 8 workers for concurrent class unloading
[456.988s][debug][gc,phases,start] GC(28465) ClassLoaderData
[456.988s][debug][gc,phases      ] GC(28465) ClassLoaderData 0.004ms
[456.988s][debug][gc,phases,start] GC(28465) Trigger cleanups
[456.988s][debug][gc,phases      ] GC(28465) Trigger cleanups 0.003ms
[456.988s][info ][gc             ] GC(28465) Concurrent class unloading 0.325ms
[456.988s][info ][gc,start       ] GC(28465) Pause Final Roots
[456.988s][info ][gc             ] GC(28465) Pause Final Roots 0.016ms
[456.988s][debug][gc,ergo        ] GC(28465) Available: 197 MB, z-score=1.712. Average available: 127.4 MB +/- 41936.4 KB.
[456.988s][info ][gc,ergo        ] Free: 197M, Max: 1024K regular, 99328K humongous, Frag: 51% external, 0% internal; Reserve: 103M, Max: 1024K
[456.988s][info ][gc,stats       ] 
[456.988s][info ][gc,stats       ] All times are wall-clock times, except per-root-class counters, that are sum over
[456.988s][info ][gc,stats       ] all workers. Dividing the <total> over the root stage time estimates parallelism.
[456.988s][info ][gc,stats       ] 
[456.988s][info ][gc,stats       ] Concurrent Reset                   2348 us
[456.988s][info ][gc,stats       ] Pause Init Mark (G)                 516 us
[456.988s][info ][gc,stats       ] Pause Init Mark (N)                 198 us
[456.988s][info ][gc,stats       ]   Update Region States              149 us
[456.988s][info ][gc,stats       ] Concurrent Mark Roots               166 us, parallelism: 1.13x
[456.988s][info ][gc,stats       ]   CMR: <total>                      188 us
[456.988s][info ][gc,stats       ]   CMR: Thread Roots                 170 us, workers (us):  46,  58,  33,  34, ---, ---, ---, ---, 
[456.988s][info ][gc,stats       ]   CMR: VM Strong Roots                2 us, workers (us):   2,   0,   0,   0, ---, ---, ---, ---, 
[456.988s][info ][gc,stats       ]   CMR: CLDG Roots                    15 us, workers (us):  15,   1, ---, ---, ---, ---, ---, ---, 
[456.988s][info ][gc,stats       ] Concurrent Marking                  510 us
[456.988s][info ][gc,stats       ] Pause Final Mark (G)                761 us
[456.988s][info ][gc,stats       ] Pause Final Mark (N)                490 us
[456.988s][info ][gc,stats       ]   Finish Mark                       290 us
[456.988s][info ][gc,stats       ]   Update Region States              119 us
[456.988s][info ][gc,stats       ]   Choose Collection Set              42 us
[456.988s][info ][gc,stats       ]   Rebuild Free Set                    8 us
[456.988s][info ][gc,stats       ] Concurrent Weak References           86 us, parallelism: 0.02x
[456.988s][info ][gc,stats       ]   CWRF: <total>                       1 us
[456.988s][info ][gc,stats       ]   CWRF: Weak References               1 us, workers (us):   1,   0,   0,   0, ---, ---, ---, ---, 
[456.988s][info ][gc,stats       ] Concurrent Weak Roots               153 us
[456.988s][info ][gc,stats       ]   Roots                              90 us, parallelism: 0.59x
[456.988s][info ][gc,stats       ]     CWR: <total>                     53 us
[456.988s][info ][gc,stats       ]     CWR: Code Cache Roots            32 us, workers (us):   0,  32,   0,   0, ---, ---, ---, ---, 
[456.988s][info ][gc,stats       ]     CWR: VM Weak Roots               20 us, workers (us):  15,   5,   0,   0, ---, ---, ---, ---, 
[456.988s][info ][gc,stats       ]     CWR: CLDG Roots                   1 us, workers (us):   1, ---, ---, ---, ---, ---, ---, ---, 
[456.988s][info ][gc,stats       ]   Rendezvous                         49 us
[456.988s][info ][gc,stats       ] Concurrent Cleanup                  100 us
[456.988s][info ][gc,stats       ] Concurrent Class Unloading          334 us
[456.988s][info ][gc,stats       ]   Unlink Stale                      193 us
[456.988s][info ][gc,stats       ]     System Dictionary                15 us
[456.988s][info ][gc,stats       ]     Weak Class Links                  0 us
[456.988s][info ][gc,stats       ]     Code Roots                      178 us
[456.988s][info ][gc,stats       ]   Rendezvous                         49 us
[456.988s][info ][gc,stats       ]   Purge Unlinked                     75 us
[456.988s][info ][gc,stats       ]     Code Roots                       51 us
[456.988s][info ][gc,stats       ]     CLDG                             24 us
[456.988s][info ][gc,stats       ]     Exception Caches                  0 us
[456.988s][info ][gc,stats       ] Pause Final Roots (G)                79 us
[456.988s][info ][gc,stats       ] Pause Final Roots (N)                22 us
[456.988s][info ][gc,stats       ] Pacing                             3103 us
[456.988s][info ][gc,stats       ] 
[456.988s][info ][gc,stats       ] Allocation pacing accrued:
[456.988s][info ][gc,stats       ]       3 of     7 ms ( 47.6%): Thread-4
[456.988s][info ][gc,stats       ]       3 of     7 ms ( 47.6%): <total>
[456.988s][info ][gc,stats       ]       0 of     7 ms (  2.3%): <average total>
[456.988s][info ][gc,stats       ]       3 of     7 ms ( 47.6%): <average non-zero>
[456.988s][info ][gc,stats       ] 
[456.988s][info ][gc,metaspace   ] Metaspace: 253K(448K)->253K(448K) NonClass: 247K(320K)->247K(320K) Class: 5K(128K)->5K(128K)
[456.988s][info ][gc,ergo        ] Pacer for Idle. Initial: 41943K, Alloc Tax Rate: 1.0x
[456.989s][info ][gc             ] Trigger: Free (186M) is below minimum threshold (204M)
[456.989s][info ][gc,ergo        ] Free: 186M, Max: 1024K regular, 88064K humongous, Frag: 54% external, 0% internal; Reserve: 103M, Max: 1024K
[456.989s][info ][gc,start       ] GC(28466) Concurrent reset
[456.989s][info ][gc,task        ] GC(28466) Using 4 of 8 workers for concurrent reset
[456.989s][info ][gc,ergo        ] GC(28466) Pacer for Reset. Non-Taxable: 2048M
[456.991s][info ][gc             ] GC(28466) Concurrent reset 1.397ms
[456.991s][info ][gc,start       ] GC(28466) Pause Init Mark (unload classes)
[456.991s][info ][gc,task        ] GC(28466) Using 8 of 8 workers for init marking
[456.991s][info ][gc,ergo        ] GC(28466) Pacer for Mark. Expected Live: 1374M, Free: 186M, Non-Taxable: 19096K, Alloc Tax Rate: 9.0x
[456.991s][info ][gc             ] GC(28466) Pause Init Mark (unload classes) 0.172ms
[456.991s][info ][gc,start       ] GC(28466) Concurrent marking roots
[456.991s][info ][gc,task        ] GC(28466) Using 4 of 8 workers for concurrent marking roots
[456.991s][info ][gc             ] GC(28466) Concurrent marking roots 0.186ms
[456.991s][info ][gc,start       ] GC(28466) Concurrent marking (unload classes)
[456.991s][info ][gc,task        ] GC(28466) Using 4 of 8 workers for concurrent marking
[456.992s][info ][gc             ] GC(28466) Concurrent marking (unload classes) 0.833ms
[456.992s][info ][gc,start       ] GC(28466) Pause Final Mark (unload classes)
[456.992s][info ][gc,task        ] GC(28466) Using 8 of 8 workers for final marking
[456.993s][info ][gc,ergo        ] GC(28466) Collectable Garbage: 32768K (100%), Immediate: 32768K (100%), CSet: 0B (0%)
[456.993s][info ][gc             ] GC(28466) Pause Final Mark (unload classes) 0.472ms
[456.993s][info ][gc,start       ] GC(28466) Concurrent weak references
[456.993s][info ][gc,task        ] GC(28466) Using 4 of 8 workers for concurrent weak references
[456.993s][info ][gc,ref         ] GC(28466) Encountered references: Soft: 7, Weak: 34, Final: 0, Phantom: 1
[456.993s][info ][gc,ref         ] GC(28466) Discovered  references: Soft: 0, Weak: 1, Final: 0, Phantom: 0
[456.993s][info ][gc,ref         ] GC(28466) Enqueued    references: Soft: 0, Weak: 0, Final: 0, Phantom: 0
[456.993s][info ][gc             ] GC(28466) Concurrent weak references 0.124ms
[456.993s][info ][gc,start       ] GC(28466) Concurrent weak roots
[456.993s][info ][gc,task        ] GC(28466) Using 4 of 8 workers for concurrent weak root
[456.993s][info ][gc             ] GC(28466) Concurrent weak roots 0.297ms
[456.993s][info ][gc,start       ] GC(28466) Concurrent cleanup
[456.993s][info ][gc             ] GC(28466) Concurrent cleanup 944M->912M(2048M) 0.111ms
[456.993s][info ][gc,ergo        ] GC(28466) Free: 210M, Max: 1024K regular, 88064K humongous, Frag: 60% external, 0% internal; Reserve: 103M, Max: 1024K
[456.993s][info ][gc,start       ] GC(28466) Concurrent class unloading
[456.993s][info ][gc,task        ] GC(28466) Using 4 of 8 workers for concurrent class unloading
[456.993s][debug][gc,phases,start] GC(28466) ClassLoaderData
[456.993s][debug][gc,phases      ] GC(28466) ClassLoaderData 0.006ms
[456.993s][debug][gc,phases,start] GC(28466) Trigger cleanups
[456.993s][debug][gc,phases      ] GC(28466) Trigger cleanups 0.005ms
[456.994s][info ][gc             ] GC(28466) Concurrent class unloading 0.391ms
[456.994s][info ][gc,start       ] GC(28466) Pause Final Roots
[456.994s][info ][gc             ] GC(28466) Pause Final Roots 0.027ms
[456.994s][debug][gc,ergo        ] GC(28466) Available: 202 MB, z-score=1.543. Average available: 141.9 MB +/- 40216.3 KB.
[456.994s][info ][gc,ergo        ] Free: 202M, Max: 1024K regular, 88064K humongous, Frag: 58% external, 0% internal; Reserve: 103M, Max: 1024K
[456.994s][info ][gc,stats       ] 
[456.994s][info ][gc,stats       ] All times are wall-clock times, except per-root-class counters, that are sum over
[456.994s][info ][gc,stats       ] all workers. Dividing the <total> over the root stage time estimates parallelism.
[456.994s][info ][gc,stats       ] 
[456.994s][info ][gc,stats       ] Concurrent Reset                   1413 us
[456.994s][info ][gc,stats       ] Pause Init Mark (G)                 262 us
[456.994s][info ][gc,stats       ] Pause Init Mark (N)                 178 us
[456.994s][info ][gc,stats       ]   Update Region States              134 us
[456.994s][info ][gc,stats       ] Concurrent Mark Roots               193 us, parallelism: 1.51x
[456.994s][info ][gc,stats       ]   CMR: <total>                      290 us
[456.994s][info ][gc,stats       ]   CMR: Thread Roots                 273 us, workers (us):  97,  98,  78,   0, ---, ---, ---, ---, 
[456.994s][info ][gc,stats       ]   CMR: VM Strong Roots                2 us, workers (us):   2,   0,   0,   0, ---, ---, ---, ---, 
[456.994s][info ][gc,stats       ]   CMR: CLDG Roots                    15 us, workers (us):  15,   1, ---, ---, ---, ---, ---, ---, 
[456.994s][info ][gc,stats       ] Concurrent Marking                  851 us
[456.994s][info ][gc,stats       ] Pause Final Mark (G)                633 us
[456.994s][info ][gc,stats       ] Pause Final Mark (N)                479 us
[456.994s][info ][gc,stats       ]   Finish Mark                       273 us
[456.994s][info ][gc,stats       ]   Update Region States              127 us
[456.994s][info ][gc,stats       ]   Choose Collection Set              36 us
[456.994s][info ][gc,stats       ]   Rebuild Free Set                    8 us
[456.994s][info ][gc,stats       ] Concurrent Weak References          129 us, parallelism: 0.01x
[456.994s][info ][gc,stats       ]   CWRF: <total>                       1 us
[456.994s][info ][gc,stats       ]   CWRF: Weak References               1 us, workers (us):   1,   0,   0,   0, ---, ---, ---, ---, 
[456.994s][info ][gc,stats       ] Concurrent Weak Roots               312 us
[456.994s][info ][gc,stats       ]   Roots                             211 us, parallelism: 0.77x
[456.994s][info ][gc,stats       ]     CWR: <total>                    162 us
[456.994s][info ][gc,stats       ]     CWR: Code Cache Roots           137 us, workers (us): 137,   0,   0,   0, ---, ---, ---, ---, 
[456.994s][info ][gc,stats       ]     CWR: VM Weak Roots               23 us, workers (us):  16,   7,   0,   0, ---, ---, ---, ---, 
[456.994s][info ][gc,stats       ]     CWR: CLDG Roots                   1 us, workers (us): ---,   1, ---, ---, ---, ---, ---, ---, 
[456.994s][info ][gc,stats       ]   Rendezvous                         77 us
[456.994s][info ][gc,stats       ] Concurrent Cleanup                  116 us
[456.994s][info ][gc,stats       ] Concurrent Class Unloading          414 us
[456.994s][info ][gc,stats       ]   Unlink Stale                      238 us
[456.994s][info ][gc,stats       ]     System Dictionary                22 us
[456.994s][info ][gc,stats       ]     Weak Class Links                  0 us
[456.994s][info ][gc,stats       ]     Code Roots                      216 us
[456.994s][info ][gc,stats       ]   Rendezvous                         58 us
[456.994s][info ][gc,stats       ]   Purge Unlinked                     82 us
[456.994s][info ][gc,stats       ]     Code Roots                       78 us
[456.994s][info ][gc,stats       ]     CLDG                              4 us
[456.994s][info ][gc,stats       ]     Exception Caches                  0 us
[456.994s][info ][gc,stats       ] Pause Final Roots (G)               271 us
[456.994s][info ][gc,stats       ] Pause Final Roots (N)                35 us
[456.994s][info ][gc,stats       ] Pacing                            55959 us
[456.994s][info ][gc,stats       ] 
[456.994s][info ][gc,stats       ] Allocation pacing accrued:
[456.994s][info ][gc,stats       ]       5 of     6 ms ( 75.4%): Thread-0
[456.994s][info ][gc,stats       ]       6 of     6 ms ( 95.8%): Thread-1
[456.994s][info ][gc,stats       ]       5 of     6 ms ( 84.0%): Thread-2
[456.994s][info ][gc,stats       ]       6 of     6 ms ( 95.1%): Thread-3
[456.994s][info ][gc,stats       ]       6 of     6 ms ( 97.5%): Thread-4
[456.994s][info ][gc,stats       ]       6 of     6 ms ( 96.6%): Thread-5
[456.994s][info ][gc,stats       ]       5 of     6 ms ( 76.4%): Thread-6
[456.994s][info ][gc,stats       ]       6 of     6 ms ( 96.4%): Thread-7
[456.994s][info ][gc,stats       ]       6 of     6 ms (101.2%): Thread-8
[456.994s][info ][gc,stats       ]       6 of     6 ms ( 97.8%): Thread-9
[456.994s][info ][gc,stats       ]      56 of     6 ms (916.3%): <total>
[456.994s][info ][gc,stats       ]       3 of     6 ms ( 43.6%): <average total>
[456.994s][info ][gc,stats       ]       6 of     6 ms ( 91.6%): <average non-zero>
[456.994s][info ][gc,stats       ] 
[456.994s][info ][gc,metaspace   ] Metaspace: 253K(448K)->253K(448K) NonClass: 247K(320K)->247K(320K) Class: 5K(128K)->5K(128K)
[456.994s][info ][gc,ergo        ] Pacer for Idle. Initial: 41943K, Alloc Tax Rate: 1.0x
[456.995s][info ][gc             ] Trigger: Free (170M) is below minimum threshold (204M)
[456.995s][info ][gc,ergo        ] Free: 170M, Max: 1024K regular, 88064K humongous, Frag: 50% external, 0% internal; Reserve: 103M, Max: 1024K
[456.995s][info ][gc,start       ] GC(28467) Concurrent reset
[456.995s][info ][gc,task        ] GC(28467) Using 4 of 8 workers for concurrent reset
[456.996s][info ][gc,ergo        ] GC(28467) Pacer for Reset. Non-Taxable: 2048M
[456.997s][info ][gc             ] GC(28467) Concurrent reset 1.981ms
[456.998s][info ][gc,start       ] GC(28467) Pause Init Mark (unload classes)
[456.998s][info ][gc,task        ] GC(28467) Using 8 of 8 workers for init marking
[456.998s][info ][gc,ergo        ] GC(28467) Pacer for Mark. Expected Live: 1361M, Free: 150M, Non-Taxable: 15409K, Alloc Tax Rate: 11.1x
[456.998s][info ][gc             ] GC(28467) Pause Init Mark (unload classes) 0.141ms
[456.998s][info ][gc,start       ] GC(28467) Concurrent marking roots
[456.998s][info ][gc,task        ] GC(28467) Using 4 of 8 workers for concurrent marking roots
[456.998s][info ][gc             ] GC(28467) Concurrent marking roots 0.185ms
[456.998s][info ][gc,start       ] GC(28467) Concurrent marking (unload classes)
[456.998s][info ][gc,task        ] GC(28467) Using 4 of 8 workers for concurrent marking
[456.999s][info ][gc             ] GC(28467) Concurrent marking (unload classes) 0.688ms
[456.999s][info ][gc,start       ] GC(28467) Pause Final Mark (unload classes)
[456.999s][info ][gc,task        ] GC(28467) Using 8 of 8 workers for final marking
[456.999s][info ][gc,ergo        ] GC(28467) Collectable Garbage: 57344K (100%), Immediate: 57344K (100%), CSet: 0B (0%)
[456.999s][info ][gc             ] GC(28467) Pause Final Mark (unload classes) 0.463ms
[456.999s][info ][gc,start       ] GC(28467) Concurrent weak references
[456.999s][info ][gc,task        ] GC(28467) Using 4 of 8 workers for concurrent weak references
[456.999s][info ][gc,ref         ] GC(28467) Encountered references: Soft: 7, Weak: 34, Final: 0, Phantom: 1
[456.999s][info ][gc,ref         ] GC(28467) Discovered  references: Soft: 0, Weak: 1, Final: 0, Phantom: 1
[456.999s][info ][gc,ref         ] GC(28467) Enqueued    references: Soft: 0, Weak: 0, Final: 0, Phantom: 0
[456.999s][info ][gc             ] GC(28467) Concurrent weak references 0.165ms
[456.999s][info ][gc,start       ] GC(28467) Concurrent weak roots
[457.000s][info ][gc,task        ] GC(28467) Using 4 of 8 workers for concurrent weak root
[457.000s][info ][gc             ] GC(28467) Concurrent weak roots 0.246ms
[457.000s][info ][gc,start       ] GC(28467) Concurrent cleanup
[457.000s][info ][gc             ] GC(28467) Concurrent cleanup 962M->906M(2048M) 0.096ms
[457.000s][info ][gc,ergo        ] GC(28467) Free: 213M, Max: 1024K regular, 51200K humongous, Frag: 77% external, 0% internal; Reserve: 103M, Max: 1024K
[457.000s][info ][gc,start       ] GC(28467) Concurrent class unloading
[457.000s][info ][gc,task        ] GC(28467) Using 4 of 8 workers for concurrent class unloading
[457.000s][debug][gc,phases,start] GC(28467) ClassLoaderData
[457.000s][debug][gc,phases      ] GC(28467) ClassLoaderData 0.005ms
[457.000s][debug][gc,phases,start] GC(28467) Trigger cleanups
[457.000s][debug][gc,phases      ] GC(28467) Trigger cleanups 0.003ms
[457.000s][info ][gc             ] GC(28467) Concurrent class unloading 0.298ms
[457.000s][info ][gc,start       ] GC(28467) Pause Final Roots
[457.000s][info ][gc             ] GC(28467) Pause Final Roots 0.017ms
[457.000s][debug][gc,ergo        ] GC(28467) Available: 213 MB, z-score=1.421. Average available: 151.5 MB +/- 44675.5 KB.
[457.000s][info ][gc,ergo        ] Free: 213M, Max: 1024K regular, 51200K humongous, Frag: 77% external, 0% internal; Reserve: 103M, Max: 1024K
[457.000s][info ][gc,stats       ] 
[457.000s][info ][gc,stats       ] All times are wall-clock times, except per-root-class counters, that are sum over
[457.000s][info ][gc,stats       ] all workers. Dividing the <total> over the root stage time estimates parallelism.
[457.000s][info ][gc,stats       ] 
[457.000s][info ][gc,stats       ] Concurrent Reset                   1999 us
[457.000s][info ][gc,stats       ] Pause Init Mark (G)                 238 us
[457.000s][info ][gc,stats       ] Pause Init Mark (N)                 145 us
[457.000s][info ][gc,stats       ]   Update Region States              111 us
[457.000s][info ][gc,stats       ] Concurrent Mark Roots               201 us, parallelism: 1.34x
[457.000s][info ][gc,stats       ]   CMR: <total>                      270 us
[457.000s][info ][gc,stats       ]   CMR: Thread Roots                 250 us, workers (us):  81,  69,  54,  45, ---, ---, ---, ---, 
[457.000s][info ][gc,stats       ]   CMR: VM Strong Roots                3 us, workers (us):   3,   0,   0,   0, ---, ---, ---, ---, 
[457.000s][info ][gc,stats       ]   CMR: CLDG Roots                    17 us, workers (us):  16,   0, ---, ---, ---, ---, ---, ---, 
[457.000s][info ][gc,stats       ] Concurrent Marking                  703 us
[457.000s][info ][gc,stats       ] Pause Final Mark (G)                693 us
[457.000s][info ][gc,stats       ] Pause Final Mark (N)                469 us
[457.000s][info ][gc,stats       ]   Finish Mark                       285 us
[457.000s][info ][gc,stats       ]   Update Region States              104 us
[457.000s][info ][gc,stats       ]   Choose Collection Set              44 us
[457.000s][info ][gc,stats       ]   Rebuild Free Set                    8 us
[457.000s][info ][gc,stats       ] Concurrent Weak References          170 us, parallelism: 0.01x
[457.000s][info ][gc,stats       ]   CWRF: <total>                       1 us
[457.000s][info ][gc,stats       ]   CWRF: Weak References               1 us, workers (us):   1,   0,   0,   0, ---, ---, ---, ---, 
[457.000s][info ][gc,stats       ] Concurrent Weak Roots               262 us
[457.000s][info ][gc,stats       ]   Roots                             105 us, parallelism: 0.56x
[457.000s][info ][gc,stats       ]     CWR: <total>                     58 us
[457.000s][info ][gc,stats       ]     CWR: Code Cache Roots            36 us, workers (us):  36,   0,   0,   0, ---, ---, ---, ---, 
[457.001s][info ][gc,stats       ]     CWR: VM Weak Roots               21 us, workers (us):  13,   8,   0,   0, ---, ---, ---, ---, 
[457.001s][info ][gc,stats       ]     CWR: CLDG Roots                   1 us, workers (us): ---,   1, ---, ---, ---, ---, ---, ---, 
[457.001s][info ][gc,stats       ]   Rendezvous                        129 us
[457.001s][info ][gc,stats       ] Concurrent Cleanup                  100 us
[457.001s][info ][gc,stats       ] Concurrent Class Unloading          309 us
[457.001s][info ][gc,stats       ]   Unlink Stale                      175 us
[457.001s][info ][gc,stats       ]     System Dictionary                22 us
[457.001s][info ][gc,stats       ]     Weak Class Links                  0 us
[457.001s][info ][gc,stats       ]     Code Roots                      152 us
[457.001s][info ][gc,stats       ]   Rendezvous                         52 us
[457.001s][info ][gc,stats       ]   Purge Unlinked                     62 us
[457.001s][info ][gc,stats       ]     Code Roots                       48 us
[457.001s][info ][gc,stats       ]     CLDG                             14 us
[457.001s][info ][gc,stats       ]     Exception Caches                  0 us
[457.001s][info ][gc,stats       ] Pause Final Roots (G)                79 us
[457.001s][info ][gc,stats       ] Pause Final Roots (N)                23 us
[457.001s][info ][gc,stats       ] 
[457.001s][info ][gc,stats       ] Allocation pacing accrued:
[457.001s][info ][gc,stats       ]       0 of     6 ms (  0.0%): <total>
[457.001s][info ][gc,stats       ]       0 of     6 ms (  0.0%): <average total>
[457.001s][info ][gc,stats       ] 
[457.001s][info ][gc,metaspace   ] Metaspace: 253K(448K)->253K(448K) NonClass: 247K(320K)->247K(320K) Class: 5K(128K)->5K(128K)
[457.001s][info ][gc,ergo        ] Pacer for Idle. Initial: 41943K, Alloc Tax Rate: 1.0x
[457.002s][info ][gc             ] Trigger: Free (168M) is below minimum threshold (204M)
[457.002s][info ][gc,ergo        ] Free: 168M, Max: 1024K regular, 51200K humongous, Frag: 71% external, 0% internal; Reserve: 103M, Max: 1024K
[457.002s][info ][gc,start       ] GC(28468) Concurrent reset
[457.002s][info ][gc,task        ] GC(28468) Using 4 of 8 workers for concurrent reset
[457.002s][info ][gc,ergo        ] GC(28468) Pacer for Reset. Non-Taxable: 2048M
[457.004s][info ][gc             ] GC(28468) Concurrent reset 1.703ms
[457.004s][info ][gc,start       ] GC(28468) Pause Init Mark (unload classes)
[457.004s][info ][gc,task        ] GC(28468) Using 8 of 8 workers for init marking
[457.004s][info ][gc,ergo        ] GC(28468) Pacer for Mark. Expected Live: 1345M, Free: 142M, Non-Taxable: 14590K, Alloc Tax Rate: 11.5x
[457.004s][info ][gc             ] GC(28468) Pause Init Mark (unload classes) 0.130ms
[457.004s][info ][gc,start       ] GC(28468) Concurrent marking roots
[457.004s][info ][gc,task        ] GC(28468) Using 4 of 8 workers for concurrent marking roots
[457.004s][info ][gc             ] GC(28468) Concurrent marking roots 0.149ms
[457.004s][info ][gc,start       ] GC(28468) Concurrent marking (unload classes)
[457.004s][info ][gc,task        ] GC(28468) Using 4 of 8 workers for concurrent marking
[457.004s][info ][gc             ] GC(28468) Concurrent marking (unload classes) 0.545ms
[457.005s][info ][gc,start       ] GC(28468) Pause Final Mark (unload classes)
[457.005s][info ][gc,task        ] GC(28468) Using 8 of 8 workers for final marking
[457.005s][info ][gc,ergo        ] GC(28468) Collectable Garbage: 41984K (100%), Immediate: 41984K (100%), CSet: 0B (0%)
[457.005s][info ][gc             ] GC(28468) Pause Final Mark (unload classes) 0.444ms
[457.005s][info ][gc,start       ] GC(28468) Concurrent weak references
[457.005s][info ][gc,task        ] GC(28468) Using 4 of 8 workers for concurrent weak references
[457.005s][info ][gc,ref         ] GC(28468) Encountered references: Soft: 7, Weak: 34, Final: 0, Phantom: 1
[457.005s][info ][gc,ref         ] GC(28468) Discovered  references: Soft: 0, Weak: 1, Final: 0, Phantom: 1
[457.005s][info ][gc,ref         ] GC(28468) Enqueued    references: Soft: 0, Weak: 0, Final: 0, Phantom: 0
[457.005s][info ][gc             ] GC(28468) Concurrent weak references 0.087ms
[457.005s][info ][gc,start       ] GC(28468) Concurrent weak roots
[457.005s][info ][gc,task        ] GC(28468) Using 4 of 8 workers for concurrent weak root
[457.005s][info ][gc             ] GC(28468) Concurrent weak roots 0.180ms
[457.005s][info ][gc,start       ] GC(28468) Concurrent cleanup
[457.006s][info ][gc             ] GC(28468) Concurrent cleanup 961M->922M(2048M) 0.104ms
[457.006s][info ][gc,ergo        ] GC(28468) Free: 190M, Max: 1024K regular, 14336K humongous, Frag: 93% external, 0% internal; Reserve: 103M, Max: 1024K
[457.006s][info ][gc,start       ] GC(28468) Concurrent class unloading
[457.006s][info ][gc,task        ] GC(28468) Using 4 of 8 workers for concurrent class unloading
[457.006s][debug][gc,phases,start] GC(28468) ClassLoaderData
[457.006s][debug][gc,phases      ] GC(28468) ClassLoaderData 0.005ms
[457.006s][debug][gc,phases,start] GC(28468) Trigger cleanups
[457.006s][debug][gc,phases      ] GC(28468) Trigger cleanups 0.019ms
[457.006s][info ][gc             ] GC(28468) Concurrent class unloading 0.330ms
[457.006s][info ][gc,start       ] GC(28468) Pause Final Roots
[457.006s][info ][gc             ] GC(28468) Pause Final Roots 0.015ms
[457.006s][debug][gc,ergo        ] GC(28468) Available: 190 MB, z-score=0.773. Average available: 155.6 MB +/- 46231.7 KB.
[457.006s][info ][gc,ergo        ] Free: 190M, Max: 1024K regular, 14336K humongous, Frag: 93% external, 0% internal; Reserve: 103M, Max: 1024K
[457.006s][info ][gc,stats       ] 
[457.006s][info ][gc,stats       ] All times are wall-clock times, except per-root-class counters, that are sum over
[457.006s][info ][gc,stats       ] all workers. Dividing the <total> over the root stage time estimates parallelism.
[457.006s][info ][gc,stats       ] 
[457.006s][info ][gc,stats       ] Concurrent Reset                   1720 us
[457.006s][info ][gc,stats       ] Pause Init Mark (G)                 193 us
[457.006s][info ][gc,stats       ] Pause Init Mark (N)                 134 us
[457.006s][info ][gc,stats       ]   Update Region States               98 us
[457.006s][info ][gc,stats       ] Concurrent Mark Roots               164 us, parallelism: 1.46x
[457.006s][info ][gc,stats       ]   CMR: <total>                      240 us
[457.006s][info ][gc,stats       ]   CMR: Thread Roots                 223 us, workers (us):  63,  62,  60,  38, ---, ---, ---, ---, 
[457.006s][info ][gc,stats       ]   CMR: VM Strong Roots                2 us, workers (us):   2,   0,   0,   0, ---, ---, ---, ---, 
[457.006s][info ][gc,stats       ]   CMR: CLDG Roots                    14 us, workers (us):  14,   1, ---, ---, ---, ---, ---, ---, 
[457.006s][info ][gc,stats       ] Concurrent Marking                  568 us
[457.006s][info ][gc,stats       ] Pause Final Mark (G)                713 us
[457.006s][info ][gc,stats       ] Pause Final Mark (N)                449 us
[457.006s][info ][gc,stats       ]   Finish Mark                       291 us
[457.006s][info ][gc,stats       ]   Update Region States               95 us
[457.006s][info ][gc,stats       ]   Choose Collection Set              30 us
[457.006s][info ][gc,stats       ]   Rebuild Free Set                    6 us
[457.006s][info ][gc,stats       ] Concurrent Weak References           95 us, parallelism: 0.01x
[457.006s][info ][gc,stats       ]   CWRF: <total>                       1 us
[457.006s][info ][gc,stats       ]   CWRF: Weak References               1 us, workers (us):   1,   0,   0,   0, ---, ---, ---, ---, 
[457.006s][info ][gc,stats       ] Concurrent Weak Roots               193 us
[457.006s][info ][gc,stats       ]   Roots                             105 us, parallelism: 0.47x
[457.006s][info ][gc,stats       ]     CWR: <total>                     49 us
[457.006s][info ][gc,stats       ]     CWR: Code Cache Roots            25 us, workers (us):   0,  25,   0,   0, ---, ---, ---, ---, 
[457.006s][info ][gc,stats       ]     CWR: VM Weak Roots               23 us, workers (us):  19,   4,   0,   0, ---, ---, ---, ---, 
[457.006s][info ][gc,stats       ]     CWR: CLDG Roots                   1 us, workers (us):   1, ---, ---, ---, ---, ---, ---, ---, 
[457.006s][info ][gc,stats       ]   Rendezvous                         61 us
[457.006s][info ][gc,stats       ] Concurrent Cleanup                  112 us
[457.006s][info ][gc,stats       ] Concurrent Class Unloading          353 us
[457.006s][info ][gc,stats       ]   Unlink Stale                      204 us
[457.006s][info ][gc,stats       ]     System Dictionary                33 us
[457.006s][info ][gc,stats       ]     Weak Class Links                  0 us
[457.006s][info ][gc,stats       ]     Code Roots                      170 us
[457.006s][info ][gc,stats       ]   Rendezvous                         55 us
[457.006s][info ][gc,stats       ]   Purge Unlinked                     61 us
[457.006s][info ][gc,stats       ]     Code Roots                       48 us
[457.006s][info ][gc,stats       ]     CLDG                             13 us
[457.006s][info ][gc,stats       ]     Exception Caches                  0 us
[457.006s][info ][gc,stats       ] Pause Final Roots (G)                94 us
[457.006s][info ][gc,stats       ] Pause Final Roots (N)                31 us
[457.006s][info ][gc,stats       ] 
[457.006s][info ][gc,stats       ] Allocation pacing accrued:
[457.006s][info ][gc,stats       ]       0 of     6 ms (  0.0%): <total>
[457.006s][info ][gc,stats       ]       0 of     6 ms (  0.0%): <average total>
[457.006s][info ][gc,stats       ] 
[457.006s][info ][gc,metaspace   ] Metaspace: 253K(448K)->253K(448K) NonClass: 247K(320K)->247K(320K) Class: 5K(128K)->5K(128K)
[457.006s][info ][gc,ergo        ] Pacer for Idle. Initial: 41943K, Alloc Tax Rate: 1.0x
[457.007s][info ][gc             ] Trigger: Free (164M) is below minimum threshold (204M)
[457.007s][info ][gc,ergo        ] Free: 162M, Max: 1024K regular, 14336K humongous, Frag: 92% external, 0% internal; Reserve: 103M, Max: 1024K
[457.008s][info ][gc,start       ] GC(28469) Concurrent reset
[457.008s][info ][gc,task        ] GC(28469) Using 4 of 8 workers for concurrent reset
[457.008s][info ][gc,ergo        ] GC(28469) Pacer for Reset. Non-Taxable: 2048M
[457.010s][info ][gc             ] GC(28469) Concurrent reset 2.441ms
[457.010s][info ][gc,start       ] GC(28469) Pause Init Mark (unload classes)
[457.010s][info ][gc,task        ] GC(28469) Using 8 of 8 workers for init marking
[457.010s][info ][gc,ergo        ] GC(28469) Pacer for Mark. Expected Live: 924M, Free: 130M, Non-Taxable: 13361K, Alloc Tax Rate: 8.7x
[457.010s][info ][gc             ] GC(28469) Pause Init Mark (unload classes) 0.142ms
[457.010s][info ][gc,start       ] GC(28469) Concurrent marking roots
[457.010s][info ][gc,task        ] GC(28469) Using 4 of 8 workers for concurrent marking roots
[457.010s][info ][gc             ] GC(28469) Concurrent marking roots 0.201ms
[457.010s][info ][gc,start       ] GC(28469) Concurrent marking (unload classes)
[457.010s][info ][gc,task        ] GC(28469) Using 4 of 8 workers for concurrent marking
[457.011s][info ][gc             ] GC(28469) Concurrent marking (unload classes) 0.459ms
[457.011s][info ][gc,start       ] GC(28469) Pause Final Mark (unload classes)
[457.011s][info ][gc,task        ] GC(28469) Using 8 of 8 workers for final marking
[457.011s][info ][gc,ergo        ] GC(28469) Collectable Garbage: 50176K (100%), Immediate: 50176K (100%), CSet: 0B (0%)
[457.011s][info ][gc             ] GC(28469) Pause Final Mark (unload classes) 0.467ms
[457.011s][info ][gc,start       ] GC(28469) Concurrent weak references
[457.012s][info ][gc,task        ] GC(28469) Using 4 of 8 workers for concurrent weak references
[457.012s][info ][gc,ref         ] GC(28469) Encountered references: Soft: 7, Weak: 34, Final: 0, Phantom: 1
[457.012s][info ][gc,ref         ] GC(28469) Discovered  references: Soft: 0, Weak: 1, Final: 0, Phantom: 1
[457.012s][info ][gc,ref         ] GC(28469) Enqueued    references: Soft: 0, Weak: 0, Final: 0, Phantom: 0
[457.012s][info ][gc             ] GC(28469) Concurrent weak references 0.101ms
[457.012s][info ][gc,start       ] GC(28469) Concurrent weak roots
[457.012s][info ][gc,task        ] GC(28469) Using 4 of 8 workers for concurrent weak root
[457.012s][info ][gc             ] GC(28469) Concurrent weak roots 0.223ms
[457.012s][info ][gc,start       ] GC(28469) Concurrent cleanup
[457.012s][info ][gc             ] GC(28469) Concurrent cleanup 970M->923M(2048M) 0.106ms
[457.012s][info ][gc,ergo        ] GC(28469) Free: 179M, Max: 1024K regular, 12288K humongous, Frag: 94% external, 0% internal; Reserve: 103M, Max: 1024K
[457.012s][info ][gc,start       ] GC(28469) Concurrent class unloading
[457.012s][info ][gc,task        ] GC(28469) Using 4 of 8 workers for concurrent class unloading
[457.012s][debug][gc,phases,start] GC(28469) ClassLoaderData
[457.012s][debug][gc,phases      ] GC(28469) ClassLoaderData 0.005ms
[457.012s][debug][gc,phases,start] GC(28469) Trigger cleanups
[457.012s][debug][gc,phases      ] GC(28469) Trigger cleanups 0.003ms
[457.012s][info ][gc             ] GC(28469) Concurrent class unloading 0.352ms
[457.012s][info ][gc,start       ] GC(28469) Pause Final Roots
[457.012s][info ][gc             ] GC(28469) Pause Final Roots 0.029ms
[457.012s][debug][gc,ergo        ] GC(28469) Available: 179 MB, z-score=0.383. Average available: 163.7 MB +/- 42235.3 KB.
[457.012s][info ][gc,ergo        ] Free: 179M, Max: 1024K regular, 12288K humongous, Frag: 94% external, 0% internal; Reserve: 103M, Max: 1024K
[457.012s][info ][gc,stats       ] 
[457.012s][info ][gc,stats       ] All times are wall-clock times, except per-root-class counters, that are sum over
[457.012s][info ][gc,stats       ] all workers. Dividing the <total> over the root stage time estimates parallelism.
[457.012s][info ][gc,stats       ] 
[457.012s][info ][gc,stats       ] Concurrent Reset                   2463 us
[457.012s][info ][gc,stats       ] Pause Init Mark (G)                 248 us
[457.012s][info ][gc,stats       ] Pause Init Mark (N)                 148 us
[457.012s][info ][gc,stats       ]   Update Region States              106 us
[457.012s][info ][gc,stats       ] Concurrent Mark Roots               222 us, parallelism: 1.48x
[457.012s][info ][gc,stats       ]   CMR: <total>                      328 us
[457.012s][info ][gc,stats       ]   CMR: Thread Roots                 302 us, workers (us):  70,  92,  85,  55, ---, ---, ---, ---, 
[457.012s][info ][gc,stats       ]   CMR: VM Strong Roots                3 us, workers (us):   3,   0,   0,   0, ---, ---, ---, ---, 
[457.012s][info ][gc,stats       ]   CMR: CLDG Roots                    23 us, workers (us):  23,   1, ---, ---, ---, ---, ---, ---, 
[457.012s][info ][gc,stats       ] Concurrent Marking                  474 us
[457.012s][info ][gc,stats       ] Pause Final Mark (G)                572 us
[457.012s][info ][gc,stats       ] Pause Final Mark (N)                473 us
[457.012s][info ][gc,stats       ]   Finish Mark                       298 us
[457.013s][info ][gc,stats       ]   Update Region States               96 us
[457.013s][info ][gc,stats       ]   Choose Collection Set              42 us
[457.013s][info ][gc,stats       ]   Rebuild Free Set                    6 us
[457.013s][info ][gc,stats       ] Concurrent Weak References          106 us, parallelism: 0.02x
[457.013s][info ][gc,stats       ]   CWRF: <total>                       2 us
[457.013s][info ][gc,stats       ]   CWRF: Weak References               2 us, workers (us):   2,   0,   0,   0, ---, ---, ---, ---, 
[457.013s][info ][gc,stats       ] Concurrent Weak Roots               236 us
[457.013s][info ][gc,stats       ]   Roots                             128 us, parallelism: 0.56x
[457.013s][info ][gc,stats       ]     CWR: <total>                     72 us
[457.013s][info ][gc,stats       ]     CWR: Code Cache Roots            44 us, workers (us):  43,   1,   0,   0, ---, ---, ---, ---, 
[457.013s][info ][gc,stats       ]     CWR: VM Weak Roots               27 us, workers (us):  24,   2,   0,   0, ---, ---, ---, ---, 
[457.013s][info ][gc,stats       ]     CWR: CLDG Roots                   1 us, workers (us):   1, ---, ---, ---, ---, ---, ---, ---, 
[457.013s][info ][gc,stats       ]   Rendezvous                         82 us
[457.013s][info ][gc,stats       ] Concurrent Cleanup                  114 us
[457.013s][info ][gc,stats       ] Concurrent Class Unloading          367 us
[457.013s][info ][gc,stats       ]   Unlink Stale                      223 us
[457.013s][info ][gc,stats       ]     System Dictionary                24 us
[457.013s][info ][gc,stats       ]     Weak Class Links                  0 us
[457.013s][info ][gc,stats       ]     Code Roots                      198 us
[457.013s][info ][gc,stats       ]   Rendezvous                         57 us
[457.013s][info ][gc,stats       ]   Purge Unlinked                     61 us
[457.013s][info ][gc,stats       ]     Code Roots                       49 us
[457.013s][info ][gc,stats       ]     CLDG                             11 us
[457.013s][info ][gc,stats       ]     Exception Caches                  0 us
[457.013s][info ][gc,stats       ] Pause Final Roots (G)                89 us
[457.013s][info ][gc,stats       ] Pause Final Roots (N)                36 us
[457.013s][info ][gc,stats       ] 
[457.013s][info ][gc,stats       ] Allocation pacing accrued:
[457.013s][info ][gc,stats       ]       0 of     6 ms (  0.0%): <total>
[457.013s][info ][gc,stats       ]       0 of     6 ms (  0.0%): <average total>
[457.013s][info ][gc,stats       ] 
[457.013s][info ][gc,metaspace   ] Metaspace: 253K(448K)->253K(448K) NonClass: 247K(320K)->247K(320K) Class: 5K(128K)->5K(128K)
[457.013s][info ][gc,ergo        ] Pacer for Idle. Initial: 41943K, Alloc Tax Rate: 1.0x
[457.014s][info ][gc             ] Trigger: Free (148M) is below minimum threshold (204M)
[457.014s][info ][gc,ergo        ] Free: 146M, Max: 1024K regular, 6144K humongous, Frag: 96% external, 0% internal; Reserve: 103M, Max: 1024K
[457.014s][info ][gc,start       ] GC(28470) Concurrent reset
[457.014s][info ][gc,task        ] GC(28470) Using 4 of 8 workers for concurrent reset
[457.014s][info ][gc,ergo        ] GC(28470) Pacer for Reset. Non-Taxable: 2048M
[457.015s][info ][gc             ] GC(28470) Concurrent reset 1.701ms
[457.016s][info ][gc,start       ] GC(28470) Pause Init Mark (unload classes)
[457.016s][info ][gc,task        ] GC(28470) Using 8 of 8 workers for init marking
[457.016s][info ][gc,ergo        ] GC(28470) Pacer for Mark. Expected Live: 900M, Free: 120M, Non-Taxable: 12337K, Alloc Tax Rate: 9.1x
[457.016s][info ][gc             ] GC(28470) Pause Init Mark (unload classes) 0.124ms
[457.016s][info ][gc,start       ] GC(28470) Concurrent marking roots
[457.016s][info ][gc,task        ] GC(28470) Using 4 of 8 workers for concurrent marking roots
[457.016s][info ][gc             ] GC(28470) Concurrent marking roots 0.189ms
[457.016s][info ][gc,start       ] GC(28470) Concurrent marking (unload classes)
[457.016s][info ][gc,task        ] GC(28470) Using 4 of 8 workers for concurrent marking
[457.017s][info ][gc             ] GC(28470) Concurrent marking (unload classes) 0.463ms
[457.017s][info ][gc,start       ] GC(28470) Pause Final Mark (unload classes)
[457.017s][info ][gc,task        ] GC(28470) Using 8 of 8 workers for final marking
[457.017s][info ][gc,ergo        ] GC(28470) Collectable Garbage: 51200K (100%), Immediate: 51200K (100%), CSet: 0B (0%)
[457.017s][info ][gc             ] GC(28470) Pause Final Mark (unload classes) 0.462ms
[457.017s][info ][gc,start       ] GC(28470) Concurrent weak references
[457.017s][info ][gc,task        ] GC(28470) Using 4 of 8 workers for concurrent weak references
[457.017s][info ][gc,ref         ] GC(28470) Encountered references: Soft: 7, Weak: 34, Final: 0, Phantom: 1
[457.017s][info ][gc,ref         ] GC(28470) Discovered  references: Soft: 0, Weak: 0, Final: 0, Phantom: 1
[457.017s][info ][gc,ref         ] GC(28470) Enqueued    references: Soft: 0, Weak: 0, Final: 0, Phantom: 0
[457.017s][info ][gc             ] GC(28470) Concurrent weak references 0.162ms
[457.017s][info ][gc,start       ] GC(28470) Concurrent weak roots
[457.017s][info ][gc,task        ] GC(28470) Using 4 of 8 workers for concurrent weak root
[457.018s][info ][gc             ] GC(28470) Concurrent weak roots 0.182ms
[457.018s][info ][gc,start       ] GC(28470) Concurrent cleanup
[457.018s][info ][gc             ] GC(28470) Concurrent cleanup 973M->923M(2048M) 0.102ms
[457.018s][info ][gc,ergo        ] GC(28470) Free: 170M, Max: 1024K regular, 12288K humongous, Frag: 93% external, 0% internal; Reserve: 103M, Max: 1024K
[457.018s][info ][gc,start       ] GC(28470) Concurrent class unloading
[457.018s][info ][gc,task        ] GC(28470) Using 4 of 8 workers for concurrent class unloading
[457.018s][debug][gc,phases,start] GC(28470) ClassLoaderData
[457.018s][debug][gc,phases      ] GC(28470) ClassLoaderData 0.006ms
[457.018s][debug][gc,phases,start] GC(28470) Trigger cleanups
[457.018s][debug][gc,phases      ] GC(28470) Trigger cleanups 0.004ms
[457.018s][info ][gc             ] GC(28470) Concurrent class unloading 0.309ms
[457.018s][info ][gc,start       ] GC(28470) Pause Final Roots
[457.018s][info ][gc             ] GC(28470) Pause Final Roots 0.011ms
[457.018s][debug][gc,ergo        ] GC(28470) Available: 170 MB, z-score=0.130. Average available: 165.1 MB +/- 42198.9 KB.
[457.018s][info ][gc,ergo        ] Free: 170M, Max: 1024K regular, 12288K humongous, Frag: 93% external, 0% internal; Reserve: 103M, Max: 1024K
[457.018s][info ][gc,stats       ] 
[457.018s][info ][gc,stats       ] All times are wall-clock times, except per-root-class counters, that are sum over
[457.018s][info ][gc,stats       ] all workers. Dividing the <total> over the root stage time estimates parallelism.
[457.018s][info ][gc,stats       ] 
[457.018s][info ][gc,stats       ] Concurrent Reset                   1717 us
[457.018s][info ][gc,stats       ] Pause Init Mark (G)                 537 us
[457.018s][info ][gc,stats       ] Pause Init Mark (N)                 128 us
[457.018s][info ][gc,stats       ]   Update Region States               95 us
[457.018s][info ][gc,stats       ] Concurrent Mark Roots               200 us, parallelism: 0.87x
[457.018s][info ][gc,stats       ]   CMR: <total>                      175 us
[457.018s][info ][gc,stats       ]   CMR: Thread Roots                 148 us, workers (us):  36,  45,  46,  20, ---, ---, ---, ---, 
[457.018s][info ][gc,stats       ]   CMR: VM Strong Roots                4 us, workers (us):   3,   0,   0,   0, ---, ---, ---, ---, 
[457.018s][info ][gc,stats       ]   CMR: CLDG Roots                    24 us, workers (us):  23,   1, ---, ---, ---, ---, ---, ---, 
[457.018s][info ][gc,stats       ] Concurrent Marking                  479 us
[457.018s][info ][gc,stats       ] Pause Final Mark (G)                653 us
[457.018s][info ][gc,stats       ] Pause Final Mark (N)                469 us
[457.018s][info ][gc,stats       ]   Finish Mark                       272 us
[457.018s][info ][gc,stats       ]   Update Region States              107 us
[457.018s][info ][gc,stats       ]   Choose Collection Set              54 us
[457.018s][info ][gc,stats       ]   Rebuild Free Set                    9 us
[457.018s][info ][gc,stats       ] Concurrent Weak References          167 us, parallelism: 0.01x
[457.018s][info ][gc,stats       ]   CWRF: <total>                       2 us
[457.018s][info ][gc,stats       ]   CWRF: Weak References               2 us, workers (us):   2,   0,   0,   0, ---, ---, ---, ---, 
[457.018s][info ][gc,stats       ] Concurrent Weak Roots               198 us
[457.018s][info ][gc,stats       ]   Roots                              84 us, parallelism: 0.63x
[457.018s][info ][gc,stats       ]     CWR: <total>                     53 us
[457.018s][info ][gc,stats       ]     CWR: Code Cache Roots            26 us, workers (us):   0,  26,   0,   0, ---, ---, ---, ---, 
[457.018s][info ][gc,stats       ]     CWR: VM Weak Roots               26 us, workers (us):  16,  10,   1,   0, ---, ---, ---, ---, 
[457.018s][info ][gc,stats       ]     CWR: CLDG Roots                   1 us, workers (us):   1, ---, ---, ---, ---, ---, ---, ---, 
[457.018s][info ][gc,stats       ]   Rendezvous                         59 us
[457.018s][info ][gc,stats       ] Concurrent Cleanup                  109 us
[457.018s][info ][gc,stats       ] Concurrent Class Unloading          333 us
[457.018s][info ][gc,stats       ]   Unlink Stale                      175 us
[457.018s][info ][gc,stats       ]     System Dictionary                19 us
[457.018s][info ][gc,stats       ]     Weak Class Links                  0 us
[457.018s][info ][gc,stats       ]     Code Roots                      155 us
[457.018s][info ][gc,stats       ]   Rendezvous                         54 us
[457.018s][info ][gc,stats       ]   Purge Unlinked                     68 us
[457.018s][info ][gc,stats       ]     Code Roots                       54 us
[457.018s][info ][gc,stats       ]     CLDG                             13 us
[457.018s][info ][gc,stats       ]     Exception Caches                  0 us
[457.018s][info ][gc,stats       ] Pause Final Roots (G)                65 us
[457.018s][info ][gc,stats       ] Pause Final Roots (N)                15 us
[457.018s][info ][gc,stats       ] 
[457.018s][info ][gc,stats       ] Allocation pacing accrued:
[457.019s][info ][gc,stats       ]       0 of     6 ms (  0.0%): <total>
[457.019s][info ][gc,stats       ]       0 of     6 ms (  0.0%): <average total>
[457.019s][info ][gc,stats       ] 
[457.019s][info ][gc,metaspace   ] Metaspace: 253K(448K)->253K(448K) NonClass: 247K(320K)->247K(320K) Class: 5K(128K)->5K(128K)
[457.019s][info ][gc,ergo        ] Pacer for Idle. Initial: 41943K, Alloc Tax Rate: 1.0x
[457.020s][info ][gc             ] Trigger: Free (144M) is below minimum threshold (204M)
[457.020s][info ][gc,ergo        ] Free: 144M, Max: 1024K regular, 12288K humongous, Frag: 92% external, 0% internal; Reserve: 103M, Max: 1024K
[457.020s][info ][gc,start       ] GC(28471) Concurrent reset
[457.020s][info ][gc,task        ] GC(28471) Using 4 of 8 workers for concurrent reset
[457.020s][info ][gc,ergo        ] GC(28471) Pacer for Reset. Non-Taxable: 2048M
[457.022s][info ][gc             ] GC(28471) Concurrent reset 2.298ms
[457.022s][info ][gc,start       ] GC(28471) Pause Init Mark (unload classes)
[457.022s][info ][gc,task        ] GC(28471) Using 8 of 8 workers for init marking
[457.022s][info ][gc,ergo        ] GC(28471) Pacer for Mark. Expected Live: 899M, Free: 112M, Non-Taxable: 11518K, Alloc Tax Rate: 9.8x
[457.022s][info ][gc             ] GC(28471) Pause Init Mark (unload classes) 0.158ms
[457.022s][info ][gc,start       ] GC(28471) Concurrent marking roots
[457.022s][info ][gc,task        ] GC(28471) Using 4 of 8 workers for concurrent marking roots
[457.023s][info ][gc             ] GC(28471) Concurrent marking roots 0.171ms
[457.023s][info ][gc,start       ] GC(28471) Concurrent marking (unload classes)
[457.023s][info ][gc,task        ] GC(28471) Using 4 of 8 workers for concurrent marking
[457.023s][info ][gc             ] GC(28471) Concurrent marking (unload classes) 0.525ms
[457.023s][info ][gc,start       ] GC(28471) Pause Final Mark (unload classes)
[457.023s][info ][gc,task        ] GC(28471) Using 8 of 8 workers for final marking
[457.024s][info ][gc,ergo        ] GC(28471) Collectable Garbage: 49152K (100%), Immediate: 49152K (100%), CSet: 0B (0%)
[457.024s][info ][gc             ] GC(28471) Pause Final Mark (unload classes) 0.461ms
[457.024s][info ][gc,start       ] GC(28471) Concurrent weak references
[457.024s][info ][gc,task        ] GC(28471) Using 4 of 8 workers for concurrent weak references
[457.024s][info ][gc,ref         ] GC(28471) Encountered references: Soft: 7, Weak: 34, Final: 0, Phantom: 1
[457.024s][info ][gc,ref         ] GC(28471) Discovered  references: Soft: 0, Weak: 1, Final: 0, Phantom: 1
[457.024s][info ][gc,ref         ] GC(28471) Enqueued    references: Soft: 0, Weak: 0, Final: 0, Phantom: 0
[457.024s][info ][gc             ] GC(28471) Concurrent weak references 0.127ms
[457.024s][info ][gc,start       ] GC(28471) Concurrent weak roots
[457.024s][info ][gc,task        ] GC(28471) Using 4 of 8 workers for concurrent weak root
[457.024s][info ][gc             ] GC(28471) Concurrent weak roots 0.214ms
[457.024s][info ][gc,start       ] GC(28471) Concurrent cleanup
[457.024s][info ][gc             ] GC(28471) Concurrent cleanup 970M->922M(2048M) 0.096ms
[457.024s][info ][gc,ergo        ] GC(28471) Free: 172M, Max: 1024K regular, 16384K humongous, Frag: 91% external, 0% internal; Reserve: 103M, Max: 1024K
[457.024s][info ][gc,start       ] GC(28471) Concurrent class unloading
[457.024s][info ][gc,task        ] GC(28471) Using 4 of 8 workers for concurrent class unloading
[457.024s][debug][gc,phases,start] GC(28471) ClassLoaderData
[457.024s][debug][gc,phases      ] GC(28471) ClassLoaderData 0.006ms
[457.024s][debug][gc,phases,start] GC(28471) Trigger cleanups
[457.024s][debug][gc,phases      ] GC(28471) Trigger cleanups 0.004ms
[457.025s][info ][gc             ] GC(28471) Concurrent class unloading 0.347ms
[457.025s][info ][gc,start       ] GC(28471) Pause Final Roots
[457.025s][info ][gc             ] GC(28471) Pause Final Roots 0.018ms
[457.025s][debug][gc,ergo        ] GC(28471) Available: 170 MB, z-score=0.053. Average available: 168.3 MB +/- 41198.7 KB.
[457.025s][info ][gc,ergo        ] Free: 170M, Max: 1024K regular, 16384K humongous, Frag: 91% external, 0% internal; Reserve: 103M, Max: 1024K
[457.025s][info ][gc,stats       ] 
[457.025s][info ][gc,stats       ] All times are wall-clock times, except per-root-class counters, that are sum over
[457.025s][info ][gc,stats       ] all workers. Dividing the <total> over the root stage time estimates parallelism.
[457.025s][info ][gc,stats       ] 
[457.025s][info ][gc,stats       ] Concurrent Reset                   2317 us
[457.025s][info ][gc,stats       ] Pause Init Mark (G)                 412 us
[457.025s][info ][gc,stats       ] Pause Init Mark (N)                 164 us
[457.025s][info ][gc,stats       ]   Update Region States               99 us
[457.025s][info ][gc,stats       ] Concurrent Mark Roots               185 us, parallelism: 1.06x
[457.025s][info ][gc,stats       ]   CMR: <total>                      196 us
[457.025s][info ][gc,stats       ]   CMR: Thread Roots                 177 us, workers (us):  45,  55,  41,  36, ---, ---, ---, ---, 
[457.025s][info ][gc,stats       ]   CMR: VM Strong Roots                4 us, workers (us):   3,   0,   0,   0, ---, ---, ---, ---, 
[457.025s][info ][gc,stats       ]   CMR: CLDG Roots                    15 us, workers (us):  15,   0, ---, ---, ---, ---, ---, ---, 
[457.025s][info ][gc,stats       ] Concurrent Marking                  545 us
[457.025s][info ][gc,stats       ] Pause Final Mark (G)                585 us
[457.025s][info ][gc,stats       ] Pause Final Mark (N)                468 us
[457.025s][info ][gc,stats       ]   Finish Mark                       268 us
[457.025s][info ][gc,stats       ]   Update Region States              115 us
[457.025s][info ][gc,stats       ]   Choose Collection Set              45 us
[457.025s][info ][gc,stats       ]   Rebuild Free Set                    9 us
[457.025s][info ][gc,stats       ] Concurrent Weak References          133 us, parallelism: 0.02x
[457.025s][info ][gc,stats       ]   CWRF: <total>                       2 us
[457.025s][info ][gc,stats       ]   CWRF: Weak References               2 us, workers (us):   2,   0,   0,   0, ---, ---, ---, ---, 
[457.025s][info ][gc,stats       ] Concurrent Weak Roots               228 us
[457.025s][info ][gc,stats       ]   Roots                             108 us, parallelism: 0.42x
[457.025s][info ][gc,stats       ]     CWR: <total>                     45 us
[457.025s][info ][gc,stats       ]     CWR: Code Cache Roots            28 us, workers (us):  28,   0,   0,   0, ---, ---, ---, ---, 
[457.025s][info ][gc,stats       ]     CWR: VM Weak Roots               16 us, workers (us):  15,   1,   0,   0, ---, ---, ---, ---, 
[457.025s][info ][gc,stats       ]     CWR: CLDG Roots                   1 us, workers (us):   1, ---, ---, ---, ---, ---, ---, ---, 
[457.025s][info ][gc,stats       ]   Rendezvous                         93 us
[457.025s][info ][gc,stats       ] Concurrent Cleanup                  100 us
[457.025s][info ][gc,stats       ] Concurrent Class Unloading          361 us
[457.025s][info ][gc,stats       ]   Unlink Stale                      217 us
[457.025s][info ][gc,stats       ]     System Dictionary                21 us
[457.025s][info ][gc,stats       ]     Weak Class Links                  0 us
[457.025s][info ][gc,stats       ]     Code Roots                      195 us
[457.025s][info ][gc,stats       ]   Rendezvous                         58 us
[457.025s][info ][gc,stats       ]   Purge Unlinked                     60 us
[457.025s][info ][gc,stats       ]     Code Roots                       46 us
[457.025s][info ][gc,stats       ]     CLDG                             14 us
[457.025s][info ][gc,stats       ]     Exception Caches                  0 us
[457.025s][info ][gc,stats       ] Pause Final Roots (G)                75 us
[457.025s][info ][gc,stats       ] Pause Final Roots (N)                22 us
[457.025s][info ][gc,stats       ] Pacing                             5773 us
[457.025s][info ][gc,stats       ] 
[457.025s][info ][gc,stats       ] Allocation pacing accrued:
[457.025s][info ][gc,stats       ]       6 of     6 ms ( 89.6%): Thread-5
[457.025s][info ][gc,stats       ]       6 of     6 ms ( 89.6%): <total>
[457.025s][info ][gc,stats       ]       0 of     6 ms (  4.3%): <average total>
[457.025s][info ][gc,stats       ]       6 of     6 ms ( 89.6%): <average non-zero>
[457.025s][info ][gc,stats       ] 
[457.025s][info ][gc,metaspace   ] Metaspace: 253K(448K)->253K(448K) NonClass: 247K(320K)->247K(320K) Class: 5K(128K)->5K(128K)
[457.025s][info ][gc,ergo        ] Pacer for Idle. Initial: 41943K, Alloc Tax Rate: 1.0x
[457.026s][info ][gc             ] Trigger: Free (133M) is below minimum threshold (204M)
[457.026s][info ][gc,ergo        ] Free: 129M, Max: 1024K regular, 6144K humongous, Frag: 96% external, 0% internal; Reserve: 103M, Max: 1024K
[457.026s][info ][gc,start       ] GC(28472) Concurrent reset
[457.026s][info ][gc,task        ] GC(28472) Using 4 of 8 workers for concurrent reset
[457.026s][info ][gc,ergo        ] GC(28472) Pacer for Reset. Non-Taxable: 2048M
[457.028s][info ][gc             ] GC(28472) Concurrent reset 1.882ms
[457.028s][info ][gc,start       ] GC(28472) Pause Init Mark (unload classes)
[457.028s][info ][gc,task        ] GC(28472) Using 8 of 8 workers for init marking
[457.028s][info ][gc,ergo        ] GC(28472) Pacer for Mark. Expected Live: 901M, Free: 101872K, Non-Taxable: 10187K, Alloc Tax Rate: 11.1x
[457.028s][info ][gc             ] GC(28472) Pause Init Mark (unload classes) 0.155ms
[457.028s][info ][gc,start       ] GC(28472) Concurrent marking roots
[457.028s][info ][gc,task        ] GC(28472) Using 4 of 8 workers for concurrent marking roots
[457.028s][info ][gc             ] GC(28472) Concurrent marking roots 0.174ms
[457.028s][info ][gc,start       ] GC(28472) Concurrent marking (unload classes)
[457.028s][info ][gc,task        ] GC(28472) Using 4 of 8 workers for concurrent marking
[457.029s][info ][gc             ] GC(28472) Concurrent marking (unload classes) 0.519ms
[457.029s][info ][gc,start       ] GC(28472) Pause Final Mark (unload classes)
[457.029s][info ][gc,task        ] GC(28472) Using 8 of 8 workers for final marking
[457.030s][info ][gc,ergo        ] GC(28472) Collectable Garbage: 41984K (100%), Immediate: 41984K (100%), CSet: 0B (0%)
[457.030s][info ][gc             ] GC(28472) Pause Final Mark (unload classes) 0.541ms
[457.030s][info ][gc,start       ] GC(28472) Concurrent weak references
[457.030s][info ][gc,task        ] GC(28472) Using 4 of 8 workers for concurrent weak references
[457.030s][info ][gc,ref         ] GC(28472) Encountered references: Soft: 7, Weak: 34, Final: 0, Phantom: 1
[457.030s][info ][gc,ref         ] GC(28472) Discovered  references: Soft: 0, Weak: 1, Final: 0, Phantom: 1
[457.030s][info ][gc,ref         ] GC(28472) Enqueued    references: Soft: 0, Weak: 0, Final: 0, Phantom: 0
[457.030s][info ][gc             ] GC(28472) Concurrent weak references 0.184ms
[457.030s][info ][gc,start       ] GC(28472) Concurrent weak roots
[457.030s][info ][gc,task        ] GC(28472) Using 4 of 8 workers for concurrent weak root
[457.030s][info ][gc             ] GC(28472) Concurrent weak roots 0.193ms
[457.030s][info ][gc,start       ] GC(28472) Concurrent cleanup
[457.030s][info ][gc             ] GC(28472) Concurrent cleanup 981M->940M(2048M) 0.112ms
[457.030s][info ][gc,ergo        ] GC(28472) Free: 136M, Max: 1024K regular, 11264K humongous, Frag: 92% external, 0% internal; Reserve: 103M, Max: 1024K
[457.030s][info ][gc,start       ] GC(28472) Concurrent class unloading
[457.030s][info ][gc,task        ] GC(28472) Using 4 of 8 workers for concurrent class unloading
[457.030s][debug][gc,phases,start] GC(28472) ClassLoaderData
[457.030s][debug][gc,phases      ] GC(28472) ClassLoaderData 0.007ms
[457.030s][debug][gc,phases,start] GC(28472) Trigger cleanups
[457.030s][debug][gc,phases      ] GC(28472) Trigger cleanups 0.005ms
[457.031s][info ][gc             ] GC(28472) Concurrent class unloading 0.356ms
[457.031s][info ][gc,start       ] GC(28472) Pause Final Roots
[457.031s][info ][gc             ] GC(28472) Pause Final Roots 0.016ms
[457.031s][debug][gc,ergo        ] GC(28472) Available: 136 MB, z-score=-0.727. Average available: 166.5 MB +/- 42215.6 KB.
[457.031s][info ][gc,ergo        ] Free: 136M, Max: 1024K regular, 11264K humongous, Frag: 92% external, 0% internal; Reserve: 103M, Max: 1024K
[457.031s][info ][gc,stats       ] 
[457.031s][info ][gc,stats       ] All times are wall-clock times, except per-root-class counters, that are sum over
[457.031s][info ][gc,stats       ] all workers. Dividing the <total> over the root stage time estimates parallelism.
[457.031s][info ][gc,stats       ] 
[457.031s][info ][gc,stats       ] Concurrent Reset                   1897 us
[457.031s][info ][gc,stats       ] Pause Init Mark (G)                 234 us
[457.031s][info ][gc,stats       ] Pause Init Mark (N)                 161 us
[457.031s][info ][gc,stats       ]   Update Region States              117 us
[457.031s][info ][gc,stats       ] Concurrent Mark Roots               189 us, parallelism: 1.56x
[457.031s][info ][gc,stats       ]   CMR: <total>                      294 us
[457.031s][info ][gc,stats       ]   CMR: Thread Roots                 273 us, workers (us):  67,  83,  71,  52, ---, ---, ---, ---, 
[457.031s][info ][gc,stats       ]   CMR: VM Strong Roots                3 us, workers (us):   3,   0,   0,   0, ---, ---, ---, ---, 
[457.031s][info ][gc,stats       ]   CMR: CLDG Roots                    18 us, workers (us):  17,   1, ---, ---, ---, ---, ---, ---, 
[457.031s][info ][gc,stats       ] Concurrent Marking                  535 us
[457.031s][info ][gc,stats       ] Pause Final Mark (G)                870 us
[457.031s][info ][gc,stats       ] Pause Final Mark (N)                548 us
[457.031s][info ][gc,stats       ]   Finish Mark                       318 us
[457.031s][info ][gc,stats       ]   Update Region States              147 us
[457.031s][info ][gc,stats       ]   Choose Collection Set              43 us
[457.031s][info ][gc,stats       ]   Rebuild Free Set                    8 us
[457.031s][info ][gc,stats       ] Concurrent Weak References          189 us, parallelism: 0.02x
[457.031s][info ][gc,stats       ]   CWRF: <total>                       3 us
[457.031s][info ][gc,stats       ]   CWRF: Weak References               3 us, workers (us):   3,   0,   0,   0, ---, ---, ---, ---, 
[457.031s][info ][gc,stats       ] Concurrent Weak Roots               208 us
[457.031s][info ][gc,stats       ]   Roots                             122 us, parallelism: 0.61x
[457.031s][info ][gc,stats       ]     CWR: <total>                     74 us
[457.031s][info ][gc,stats       ]     CWR: Code Cache Roots            42 us, workers (us):   0,  42,   0,   0, ---, ---, ---, ---, 
[457.031s][info ][gc,stats       ]     CWR: VM Weak Roots               30 us, workers (us):  18,  12,   0,   0, ---, ---, ---, ---, 
[457.031s][info ][gc,stats       ]     CWR: CLDG Roots                   1 us, workers (us):   1, ---, ---, ---, ---, ---, ---, ---, 
[457.031s][info ][gc,stats       ]   Rendezvous                         60 us
[457.031s][info ][gc,stats       ] Concurrent Cleanup                  121 us
[457.031s][info ][gc,stats       ] Concurrent Class Unloading          368 us
[457.031s][info ][gc,stats       ]   Unlink Stale                      218 us
[457.031s][info ][gc,stats       ]     System Dictionary                32 us
[457.031s][info ][gc,stats       ]     Weak Class Links                  0 us
[457.031s][info ][gc,stats       ]     Code Roots                      186 us
[457.031s][info ][gc,stats       ]   Rendezvous                         54 us
[457.031s][info ][gc,stats       ]   Purge Unlinked                     71 us
[457.031s][info ][gc,stats       ]     Code Roots                       56 us
[457.031s][info ][gc,stats       ]     CLDG                             15 us
[457.031s][info ][gc,stats       ]     Exception Caches                  0 us
[457.031s][info ][gc,stats       ] Pause Final Roots (G)                76 us
[457.031s][info ][gc,stats       ] Pause Final Roots (N)                22 us
[457.031s][info ][gc,stats       ] 
[457.031s][info ][gc,stats       ] Allocation pacing accrued:
[457.031s][info ][gc,stats       ]       0 of     6 ms (  0.0%): <total>
[457.031s][info ][gc,stats       ]       0 of     6 ms (  0.0%): <average total>
[457.031s][info ][gc,stats       ] 
[457.031s][info ][gc,metaspace   ] Metaspace: 253K(448K)->253K(448K) NonClass: 247K(320K)->247K(320K) Class: 5K(128K)->5K(128K)
[457.031s][info ][gc,ergo        ] Pacer for Idle. Initial: 41943K, Alloc Tax Rate: 1.0x
[457.032s][info ][gc             ] Trigger: Free (106M) is below minimum threshold (204M)
[457.032s][info ][gc,ergo        ] Free: 106M, Max: 1024K regular, 11264K humongous, Frag: 90% external, 0% internal; Reserve: 103M, Max: 1024K
[457.032s][info ][gc,start       ] GC(28473) Concurrent reset
[457.032s][info ][gc,task        ] GC(28473) Using 4 of 8 workers for concurrent reset
[457.032s][info ][gc,ergo        ] GC(28473) Pacer for Reset. Non-Taxable: 2048M
[457.035s][info ][gc             ] GC(28473) Concurrent reset 2.203ms
[457.035s][info ][gc,start       ] GC(28473) Pause Init Mark (unload classes)
[457.035s][info ][gc,task        ] GC(28473) Using 8 of 8 workers for init marking
[457.035s][info ][gc,ergo        ] GC(28473) Pacer for Mark. Expected Live: 908M, Free: 76272K, Non-Taxable: 7627K, Alloc Tax Rate: 14.9x
[457.035s][info ][gc             ] GC(28473) Pause Init Mark (unload classes) 0.145ms
[457.035s][info ][gc,start       ] GC(28473) Concurrent marking roots
[457.035s][info ][gc,task        ] GC(28473) Using 4 of 8 workers for concurrent marking roots
[457.035s][info ][gc             ] GC(28473) Concurrent marking roots 0.165ms
[457.035s][info ][gc,start       ] GC(28473) Concurrent marking (unload classes)
[457.035s][info ][gc,task        ] GC(28473) Using 4 of 8 workers for concurrent marking
[457.035s][info ][gc             ] GC(28473) Concurrent marking (unload classes) 0.481ms
[457.035s][info ][gc,start       ] GC(28473) Pause Final Mark (unload classes)
[457.036s][info ][gc,task        ] GC(28473) Using 8 of 8 workers for final marking
[457.036s][info ][gc,ergo        ] GC(28473) Collectable Garbage: 49152K (100%), Immediate: 49152K (100%), CSet: 0B (0%)
[457.036s][info ][gc             ] GC(28473) Pause Final Mark (unload classes) 0.477ms
[457.036s][info ][gc,start       ] GC(28473) Concurrent weak references
[457.036s][info ][gc,task        ] GC(28473) Using 4 of 8 workers for concurrent weak references
[457.036s][info ][gc,ref         ] GC(28473) Encountered references: Soft: 7, Weak: 34, Final: 0, Phantom: 1
[457.036s][info ][gc,ref         ] GC(28473) Discovered  references: Soft: 0, Weak: 1, Final: 0, Phantom: 1
[457.036s][info ][gc,ref         ] GC(28473) Enqueued    references: Soft: 0, Weak: 0, Final: 0, Phantom: 0
[457.036s][info ][gc             ] GC(28473) Concurrent weak references 0.075ms
[457.036s][info ][gc,start       ] GC(28473) Concurrent weak roots
[457.036s][info ][gc,task        ] GC(28473) Using 4 of 8 workers for concurrent weak root
[457.036s][info ][gc             ] GC(28473) Concurrent weak roots 0.206ms
[457.036s][info ][gc,start       ] GC(28473) Concurrent cleanup
[457.036s][info ][gc             ] GC(28473) Concurrent cleanup 985M->937M(2048M) 0.112ms
[457.036s][info ][gc,ergo        ] GC(28473) Free: 142M, Max: 1024K regular, 7168K humongous, Frag: 96% external, 0% internal; Reserve: 103M, Max: 1024K
[457.036s][info ][gc,start       ] GC(28473) Concurrent class unloading
[457.036s][info ][gc,task        ] GC(28473) Using 4 of 8 workers for concurrent class unloading
[457.036s][debug][gc,phases,start] GC(28473) ClassLoaderData
[457.036s][debug][gc,phases      ] GC(28473) ClassLoaderData 0.006ms
[457.036s][debug][gc,phases,start] GC(28473) Trigger cleanups
[457.036s][debug][gc,phases      ] GC(28473) Trigger cleanups 0.005ms
[457.037s][info ][gc             ] GC(28473) Concurrent class unloading 0.363ms
[457.037s][info ][gc,start       ] GC(28473) Pause Final Roots
[457.037s][info ][gc             ] GC(28473) Pause Final Roots 0.019ms
[457.037s][debug][gc,ergo        ] GC(28473) Available: 134 MB, z-score=-0.765. Average available: 166.2 MB +/- 42426.4 KB.
[457.037s][info ][gc,ergo        ] Free: 134M, Max: 1024K regular, 7168K humongous, Frag: 95% external, 0% internal; Reserve: 103M, Max: 1024K
[457.037s][info ][gc,stats       ] 
[457.037s][info ][gc,stats       ] All times are wall-clock times, except per-root-class counters, that are sum over
[457.037s][info ][gc,stats       ] all workers. Dividing the <total> over the root stage time estimates parallelism.
[457.037s][info ][gc,stats       ] 
[457.037s][info ][gc,stats       ] Concurrent Reset                   2221 us
[457.037s][info ][gc,stats       ] Pause Init Mark (G)                 216 us
[457.037s][info ][gc,stats       ] Pause Init Mark (N)                 151 us
[457.037s][info ][gc,stats       ]   Update Region States              111 us
[457.037s][info ][gc,stats       ] Concurrent Mark Roots               183 us, parallelism: 1.48x
[457.037s][info ][gc,stats       ]   CMR: <total>                      271 us
[457.037s][info ][gc,stats       ]   CMR: Thread Roots                 253 us, workers (us):  72,  73,  59,  49, ---, ---, ---, ---, 
[457.037s][info ][gc,stats       ]   CMR: VM Strong Roots                3 us, workers (us):   2,   0,   0,   0, ---, ---, ---, ---, 
[457.037s][info ][gc,stats       ]   CMR: CLDG Roots                    15 us, workers (us):  14,   0, ---, ---, ---, ---, ---, ---, 
[457.037s][info ][gc,stats       ] Concurrent Marking                  495 us
[457.037s][info ][gc,stats       ] Pause Final Mark (G)                562 us
[457.037s][info ][gc,stats       ] Pause Final Mark (N)                483 us
[457.037s][info ][gc,stats       ]   Finish Mark                       303 us
[457.037s][info ][gc,stats       ]   Update Region States              105 us
[457.037s][info ][gc,stats       ]   Choose Collection Set              38 us
[457.037s][info ][gc,stats       ]   Rebuild Free Set                    8 us
[457.037s][info ][gc,stats       ] Concurrent Weak References           79 us, parallelism: 0.02x
[457.037s][info ][gc,stats       ]   CWRF: <total>                       1 us
[457.037s][info ][gc,stats       ]   CWRF: Weak References               1 us, workers (us):   1,   0,   0,   0, ---, ---, ---, ---, 
[457.037s][info ][gc,stats       ] Concurrent Weak Roots               222 us
[457.037s][info ][gc,stats       ]   Roots                             104 us, parallelism: 0.50x
[457.037s][info ][gc,stats       ]     CWR: <total>                     53 us
[457.037s][info ][gc,stats       ]     CWR: Code Cache Roots            27 us, workers (us):   0,  26,   0,   0, ---, ---, ---, ---, 
[457.037s][info ][gc,stats       ]     CWR: VM Weak Roots               25 us, workers (us):  19,   5,   1,   0, ---, ---, ---, ---, 
[457.037s][info ][gc,stats       ]     CWR: CLDG Roots                   1 us, workers (us):   1, ---, ---, ---, ---, ---, ---, ---, 
[457.037s][info ][gc,stats       ]   Rendezvous                         91 us
[457.037s][info ][gc,stats       ] Concurrent Cleanup                  122 us
[457.037s][info ][gc,stats       ] Concurrent Class Unloading          384 us
[457.037s][info ][gc,stats       ]   Unlink Stale                      217 us
[457.037s][info ][gc,stats       ]     System Dictionary                40 us
[457.037s][info ][gc,stats       ]     Weak Class Links                  0 us
[457.037s][info ][gc,stats       ]     Code Roots                      176 us
[457.037s][info ][gc,stats       ]   Rendezvous                         65 us
[457.037s][info ][gc,stats       ]   Purge Unlinked                     67 us
[457.037s][info ][gc,stats       ]     Code Roots                       53 us
[457.037s][info ][gc,stats       ]     CLDG                             14 us
[457.037s][info ][gc,stats       ]     Exception Caches                  0 us
[457.037s][info ][gc,stats       ] Pause Final Roots (G)                83 us
[457.037s][info ][gc,stats       ] Pause Final Roots (N)                25 us
[457.037s][info ][gc,stats       ] 
[457.037s][info ][gc,stats       ] Allocation pacing accrued:
[457.037s][info ][gc,stats       ]       0 of     6 ms (  0.0%): <total>
[457.037s][info ][gc,stats       ]       0 of     6 ms (  0.0%): <average total>
[457.037s][info ][gc,stats       ] 
[457.037s][info ][gc,metaspace   ] Metaspace: 253K(448K)->253K(448K) NonClass: 247K(320K)->247K(320K) Class: 5K(128K)->5K(128K)
[457.037s][info ][gc,ergo        ] Pacer for Idle. Initial: 41943K, Alloc Tax Rate: 1.0x
[457.038s][info ][gc             ] Trigger: Free (122M) is below minimum threshold (204M)
[457.038s][info ][gc,ergo        ] Free: 122M, Max: 1024K regular, 7168K humongous, Frag: 95% external, 0% internal; Reserve: 103M, Max: 1024K
[457.038s][info ][gc,start       ] GC(28474) Concurrent reset
[457.038s][info ][gc,task        ] GC(28474) Using 4 of 8 workers for concurrent reset
[457.038s][info ][gc,ergo        ] GC(28474) Pacer for Reset. Non-Taxable: 2048M
[457.040s][info ][gc             ] GC(28474) Concurrent reset 1.379ms
[457.040s][info ][gc,start       ] GC(28474) Pause Init Mark (unload classes)
[457.040s][info ][gc,task        ] GC(28474) Using 8 of 8 workers for init marking
[457.040s][info ][gc,ergo        ] GC(28474) Pacer for Mark. Expected Live: 912M, Free: 118M, Non-Taxable: 12132K, Alloc Tax Rate: 9.4x
[457.040s][info ][gc             ] GC(28474) Pause Init Mark (unload classes) 0.148ms
[457.040s][info ][gc,start       ] GC(28474) Concurrent marking roots
[457.040s][info ][gc,task        ] GC(28474) Using 4 of 8 workers for concurrent marking roots
[457.040s][info ][gc             ] GC(28474) Concurrent marking roots 0.176ms
[457.040s][info ][gc,start       ] GC(28474) Concurrent marking (unload classes)
[457.040s][info ][gc,task        ] GC(28474) Using 4 of 8 workers for concurrent marking
[457.041s][info ][gc             ] GC(28474) Concurrent marking (unload classes) 0.451ms
[457.041s][info ][gc,start       ] GC(28474) Pause Final Mark (unload classes)
[457.041s][info ][gc,task        ] GC(28474) Using 8 of 8 workers for final marking
[457.041s][info ][gc,ergo        ] GC(28474) Collectable Garbage: 25600K (100%), Immediate: 25600K (100%), CSet: 0B (0%)
[457.041s][info ][gc             ] GC(28474) Pause Final Mark (unload classes) 0.455ms
[457.041s][info ][gc,start       ] GC(28474) Concurrent weak references
[457.041s][info ][gc,task        ] GC(28474) Using 4 of 8 workers for concurrent weak references
[457.041s][info ][gc,ref         ] GC(28474) Encountered references: Soft: 7, Weak: 34, Final: 0, Phantom: 1
[457.041s][info ][gc,ref         ] GC(28474) Discovered  references: Soft: 0, Weak: 1, Final: 0, Phantom: 1
[457.041s][info ][gc,ref         ] GC(28474) Enqueued    references: Soft: 0, Weak: 0, Final: 0, Phantom: 0
[457.041s][info ][gc             ] GC(28474) Concurrent weak references 0.096ms
[457.041s][info ][gc,start       ] GC(28474) Concurrent weak roots
[457.041s][info ][gc,task        ] GC(28474) Using 4 of 8 workers for concurrent weak root
[457.042s][info ][gc             ] GC(28474) Concurrent weak roots 0.177ms
[457.042s][info ][gc,start       ] GC(28474) Concurrent cleanup
[457.042s][info ][gc             ] GC(28474) Concurrent cleanup 953M->928M(2048M) 0.120ms
[457.042s][info ][gc,ergo        ] GC(28474) Free: 151M, Max: 1024K regular, 13312K humongous, Frag: 92% external, 0% internal; Reserve: 103M, Max: 1024K
[457.042s][info ][gc,start       ] GC(28474) Concurrent class unloading
[457.042s][info ][gc,task        ] GC(28474) Using 4 of 8 workers for concurrent class unloading
[457.042s][debug][gc,phases,start] GC(28474) ClassLoaderData
[457.042s][debug][gc,phases      ] GC(28474) ClassLoaderData 0.006ms
[457.042s][debug][gc,phases,start] GC(28474) Trigger cleanups
[457.042s][debug][gc,phases      ] GC(28474) Trigger cleanups 0.005ms
[457.042s][info ][gc             ] GC(28474) Concurrent class unloading 0.333ms
[457.042s][info ][gc,start       ] GC(28474) Pause Final Roots
[457.042s][info ][gc             ] GC(28474) Pause Final Roots 0.017ms
[457.042s][debug][gc,ergo        ] GC(28474) Available: 151 MB, z-score=-0.895. Average available: 174.7 MB +/- 26544.3 KB.
[457.042s][info ][gc,ergo        ] Free: 151M, Max: 1024K regular, 13312K humongous, Frag: 92% external, 0% internal; Reserve: 103M, Max: 1024K
[457.042s][info ][gc,stats       ] 
[457.042s][info ][gc,stats       ] All times are wall-clock times, except per-root-class counters, that are sum over
[457.042s][info ][gc,stats       ] all workers. Dividing the <total> over the root stage time estimates parallelism.
[457.042s][info ][gc,stats       ] 
[457.042s][info ][gc,stats       ] Concurrent Reset                   1396 us
[457.042s][info ][gc,stats       ] Pause Init Mark (G)                 243 us
[457.042s][info ][gc,stats       ] Pause Init Mark (N)                 154 us
[457.042s][info ][gc,stats       ]   Update Region States              110 us
[457.042s][info ][gc,stats       ] Concurrent Mark Roots               191 us, parallelism: 1.20x
[457.042s][info ][gc,stats       ]   CMR: <total>                      229 us
[457.042s][info ][gc,stats       ]   CMR: Thread Roots                 209 us, workers (us):  65,  60,  50,  34, ---, ---, ---, ---, 
[457.042s][info ][gc,stats       ]   CMR: VM Strong Roots                3 us, workers (us):   2,   0,   0,   1, ---, ---, ---, ---, 
[457.042s][info ][gc,stats       ]   CMR: CLDG Roots                    17 us, workers (us):  16,   1, ---, ---, ---, ---, ---, ---, 
[457.042s][info ][gc,stats       ] Concurrent Marking                  466 us
[457.042s][info ][gc,stats       ] Pause Final Mark (G)                539 us
[457.042s][info ][gc,stats       ] Pause Final Mark (N)                465 us
[457.042s][info ][gc,stats       ]   Finish Mark                       270 us
[457.042s][info ][gc,stats       ]   Update Region States              103 us
[457.042s][info ][gc,stats       ]   Choose Collection Set              33 us
[457.042s][info ][gc,stats       ]   Rebuild Free Set                   21 us
[457.042s][info ][gc,stats       ] Concurrent Weak References          101 us, parallelism: 0.01x
[457.042s][info ][gc,stats       ]   CWRF: <total>                       2 us
[457.042s][info ][gc,stats       ]   CWRF: Weak References               2 us, workers (us):   1,   0,   0,   0, ---, ---, ---, ---, 
[457.042s][info ][gc,stats       ] Concurrent Weak Roots               191 us
[457.042s][info ][gc,stats       ]   Roots                              95 us, parallelism: 0.48x
[457.042s][info ][gc,stats       ]     CWR: <total>                     46 us
[457.042s][info ][gc,stats       ]     CWR: Code Cache Roots            25 us, workers (us):  25,   0,   0,   0, ---, ---, ---, ---, 
[457.042s][info ][gc,stats       ]     CWR: VM Weak Roots               20 us, workers (us):  17,   3,   0,   0, ---, ---, ---, ---, 
[457.042s][info ][gc,stats       ]     CWR: CLDG Roots                   1 us, workers (us): ---,   1, ---, ---, ---, ---, ---, ---, 
[457.042s][info ][gc,stats       ]   Rendezvous                         61 us
[457.042s][info ][gc,stats       ] Concurrent Cleanup                  131 us
[457.042s][info ][gc,stats       ] Concurrent Class Unloading          358 us
[457.042s][info ][gc,stats       ]   Unlink Stale                      190 us
[457.042s][info ][gc,stats       ]     System Dictionary                23 us
[457.042s][info ][gc,stats       ]     Weak Class Links                  0 us
[457.042s][info ][gc,stats       ]     Code Roots                      166 us
[457.042s][info ][gc,stats       ]   Rendezvous                         63 us
[457.042s][info ][gc,stats       ]   Purge Unlinked                     66 us
[457.042s][info ][gc,stats       ]     Code Roots                       51 us
[457.042s][info ][gc,stats       ]     CLDG                             14 us
[457.042s][info ][gc,stats       ]     Exception Caches                  0 us
[457.042s][info ][gc,stats       ] Pause Final Roots (G)                85 us
[457.042s][info ][gc,stats       ] Pause Final Roots (N)                24 us
[457.042s][info ][gc,stats       ] 
[457.042s][info ][gc,stats       ] Allocation pacing accrued:
[457.042s][info ][gc,stats       ]       5 of     5 ms ( 88.4%): Thread-2
[457.042s][info ][gc,stats       ]       4 of     5 ms ( 74.1%): Thread-3
[457.042s][info ][gc,stats       ]       5 of     5 ms ( 89.1%): Thread-5
[457.042s][info ][gc,stats       ]       5 of     5 ms ( 90.3%): Thread-8
[457.042s][info ][gc,stats       ]       5 of     5 ms ( 90.0%): Thread-9
[457.042s][info ][gc,stats       ]      22 of     5 ms (431.8%): <total>
[457.042s][info ][gc,stats       ]       1 of     5 ms ( 20.6%): <average total>
[457.042s][info ][gc,stats       ]       4 of     5 ms ( 86.4%): <average non-zero>
[457.042s][info ][gc,stats       ] 
[457.043s][info ][gc,metaspace   ] Metaspace: 253K(448K)->253K(448K) NonClass: 247K(320K)->247K(320K) Class: 5K(128K)->5K(128K)
[457.043s][info ][gc,ergo        ] Pacer for Idle. Initial: 41943K, Alloc Tax Rate: 1.0x
[457.043s][info ][gc             ] Failed to allocate Shared, 100M
[457.043s][info ][gc             ] Cancelling GC: Allocation Failure
[457.044s][info ][gc             ] Trigger: Handle Allocation Failure
[457.044s][info ][gc,ergo        ] Free: 117M, Max: 1024K regular, 13312K humongous, Frag: 89% external, 0% internal; Reserve: 103M, Max: 1024K
[457.044s][info ][gc,start       ] GC(28475) Pause Degenerated GC (Outside of Cycle)
[457.044s][info ][gc,task        ] GC(28475) Using 8 of 8 workers for stw degenerated gc
[457.045s][info ][gc,ref         ] GC(28475) Clearing All SoftReferences
[457.046s][info ][gc,ref         ] GC(28475) Encountered references: Soft: 7, Weak: 34, Final: 0, Phantom: 1
[457.046s][info ][gc,ref         ] GC(28475) Discovered  references: Soft: 4, Weak: 9, Final: 0, Phantom: 1
[457.046s][info ][gc,ref         ] GC(28475) Enqueued    references: Soft: 0, Weak: 0, Final: 0, Phantom: 0
[457.046s][debug][gc,phases,start] GC(28475) ClassLoaderData
[457.046s][debug][gc,phases      ] GC(28475) ClassLoaderData 0.010ms
[457.046s][debug][gc,phases,start] GC(28475) Trigger cleanups
[457.046s][debug][gc,phases      ] GC(28475) Trigger cleanups 0.005ms
[457.046s][info ][gc,ergo        ] GC(28475) Adaptive CSet Selection. Target Free: 290M, Actual Free: 216M, Max CSet: 87381K, Min Garbage: 75912K
[457.046s][info ][gc,ergo        ] GC(28475) Collectable Garbage: 0B (0%), Immediate: 0B (0%), CSet: 0B (0%)
[457.049s][info ][gc,ergo        ] GC(28475) Good progress for free space: 113M, need 20971K
[457.049s][info ][gc,ergo        ] GC(28475) Bad progress for used space: 0B, need 1024K
[457.049s][info ][gc,ergo        ] GC(28475) Bad progress for internal fragmentation: -nan%, need 1.0%
[457.049s][info ][gc,ergo        ] GC(28475) Bad progress for external fragmentation: 0.0%, need 1.0%
[457.049s][info ][gc             ] GC(28475) Cancelling GC: Upgrade To Full GC
[457.049s][info ][gc,phases,start] GC(28475) Phase 1: Mark live objects
[457.050s][info ][gc,ref         ] GC(28475) Clearing All SoftReferences
[457.050s][info ][gc,ref         ] GC(28475) Clearing All SoftReferences
[457.050s][info ][gc,ref         ] GC(28475) Encountered references: Soft: 7, Weak: 34, Final: 0, Phantom: 1
[457.050s][info ][gc,ref         ] GC(28475) Discovered  references: Soft: 4, Weak: 4, Final: 0, Phantom: 0
[457.050s][info ][gc,ref         ] GC(28475) Enqueued    references: Soft: 0, Weak: 0, Final: 0, Phantom: 0
[457.050s][debug][gc,phases,start] GC(28475) ClassLoaderData
[457.050s][debug][gc,phases      ] GC(28475) ClassLoaderData 0.012ms
[457.050s][debug][gc,phases,start] GC(28475) Trigger cleanups
[457.050s][debug][gc,phases      ] GC(28475) Trigger cleanups 0.005ms
[457.050s][info ][gc,phases      ] GC(28475) Phase 1: Mark live objects 0.951ms
[457.050s][info ][gc,phases,start] GC(28475) Phase 2: Compute new object addresses
[457.051s][info ][gc,phases      ] GC(28475) Phase 2: Compute new object addresses 0.426ms
[457.051s][info ][gc,phases,start] GC(28475) Phase 3: Adjust pointers
[457.052s][info ][gc,phases      ] GC(28475) Phase 3: Adjust pointers 1.355ms
[457.052s][info ][gc,phases,start] GC(28475) Phase 4: Move objects
[457.155s][info ][gc,phases      ] GC(28475) Phase 4: Move objects 102.591ms
[457.155s][info ][gc,ergo        ] GC(28475) Good progress for free space: 113M, need 20971K
[457.155s][info ][gc,ergo        ] GC(28475) Bad progress for used space: 496K, need 1024K
[457.155s][info ][gc,ergo        ] GC(28475) Bad progress for internal fragmentation: -nan%, need 1.0%
[457.155s][info ][gc,ergo        ] GC(28475) Good progress for external fragmentation: 82.3%, need 1.0%
[457.155s][info ][gc             ] GC(28475) Pause Degenerated GC (Outside of Cycle) 947M->947M(2048M) 111.296ms
[457.155s][debug][gc,ergo        ] GC(28475) Margin of error now 3.29
[457.155s][debug][gc,ergo        ] GC(28475) Spike threshold now: 0.32
[457.156s][info ][gc,ergo        ] Free: 101M, Max: 1024K regular, 100M humongous, Frag: 1% external, 0% internal; Reserve: 103M, Max: 1024K
[457.156s][info ][gc,stats       ] 
[457.156s][info ][gc,stats       ] All times are wall-clock times, except per-root-class counters, that are sum over
[457.156s][info ][gc,stats       ] all workers. Dividing the <total> over the root stage time estimates parallelism.
[457.156s][info ][gc,stats       ] 
[457.156s][info ][gc,stats       ] Pause Degenerated GC (G)         111740 us
[457.156s][info ][gc,stats       ] Pause Degenerated GC (N)         111303 us
[457.156s][info ][gc,stats       ]   Degen STW Mark                    437 us, parallelism: 5.32x
[457.156s][info ][gc,stats       ]     DSM: <total>                   2324 us
[457.156s][info ][gc,stats       ]     DSM: Thread Roots                67 us, workers (us):  30,  21,  13,   0,   1,   0,   1,   1, 
[457.156s][info ][gc,stats       ]     DSM: VM Strong Roots              3 us, workers (us):   0,   1,   1,   0,   0,   0,   0,   0, 
[457.156s][info ][gc,stats       ]     DSM: CLDG Roots                  17 us, workers (us):  14,   0,   0,   0,   1,   0,   1,   1, 
[457.156s][info ][gc,stats       ]     DSM: Parallel Mark             2237 us, workers (us): 300, 307, 298, 289, 297, 297, 223, 225, 
[457.156s][info ][gc             ] Failed to allocate Shared, 100M
[457.156s][info ][gc             ] Cancelling GC: Allocation Failure
[457.156s][info ][gc,stats       ]     System Purge                    379 us
[457.156s][info ][gc,stats       ]       Weak References               134 us, parallelism: 0.02x
[457.156s][info ][gc,stats       ]         WRP: <total>                  2 us
[457.156s][info ][gc,stats       ]         WRP: Weak References          2 us, workers (us):   2,   0,   0,   0,   0,   0,   0,   0, 
[457.156s][info ][gc,stats       ]       Unload Classes                134 us, parallelism: 1.04x
[457.156s][info ][gc,stats       ]         DCU: <total>                140 us
[457.156s][info ][gc,stats       ]         DCU: Unload Code Caches      140 us, workers (us):  55,  39,  30,  15,   0,   0,   0,   0, 
[457.156s][info ][gc,stats       ]       Weak Roots                    109 us, parallelism: 0.19x
[457.156s][info ][gc,stats       ]         DWR: <total>                 21 us
[457.156s][info ][gc,stats       ]         DWR: VM Weak Roots           21 us, workers (us):  15,   1,   1,   1,   1,   1,   1,   1, 
[457.156s][info ][gc,stats       ]       CLDG                            0 us
[457.156s][info ][gc,stats       ]   Update Region States              105 us
[457.156s][info ][gc,stats       ]   Manage GC/TLABs                     2 us
[457.156s][info ][gc,stats       ]   Choose Collection Set              30 us
[457.156s][info ][gc,stats       ]   Rebuild Free Set                    7 us
[457.156s][info ][gc,stats       ]   Evacuation                        491 us
[457.156s][info ][gc,stats       ]   Manage GCLABs                       3 us
[457.156s][info ][gc,stats       ]   Update References                1519 us
[457.156s][info ][gc,stats       ]   Update Region States              107 us
[457.156s][info ][gc,stats       ]   Trash Collection Set                3 us
[457.156s][info ][gc,stats       ]   Rebuild Free Set                   13 us
[457.156s][info ][gc,stats       ]   Degen Update Roots                267 us, parallelism: 1.13x
[457.156s][info ][gc,stats       ]     DU: <total>                     303 us
[457.156s][info ][gc,stats       ]     DU: Thread Roots                 93 us, workers (us):   1,  38,  26,  22,   6,   0,   0,   0, 
[457.156s][info ][gc,stats       ]     DU: Code Cache Roots            157 us, workers (us): 156,   0,   0,   0,   0,   0,   0,   0, 
[457.156s][info ][gc,stats       ]     DU: VM Strong Roots               5 us, workers (us):   4,   0,   0,   0,   0,   0,   0,   0, 
[457.156s][info ][gc,stats       ]     DU: VM Weak Roots                30 us, workers (us):  20,   8,   1,   0,   0,   0,   0,   0, 
[457.156s][info ][gc,stats       ]     DU: CLDG Roots                   18 us, workers (us):   2,  15,   1,   0,   0,   0,   0,   0, 
[457.156s][info ][gc,stats       ]   Cleanup                            89 us
[457.156s][info ][gc,stats       ]   Pre Heap Dump                       1 us
[457.156s][info ][gc,stats       ]   Prepare                           544 us
[457.156s][info ][gc,stats       ]   Mark                              923 us, parallelism: 2.88x
[457.156s][info ][gc,stats       ]     FM: <total>                    2659 us
[457.156s][info ][gc,stats       ]     FM: Thread Roots                 69 us, workers (us):  32,  22,  10,   1,   1,   1,   2,   1, 
[457.156s][info ][gc,stats       ]     FM: VM Strong Roots               3 us, workers (us):   2,   0,   0,   0,   0,   0,   0,   0, 
[457.156s][info ][gc,stats       ]     FM: CLDG Roots                   21 us, workers (us):   0,  16,   0,   1,   1,   1,   1,   1, 
[457.156s][info ][gc,stats       ]     FM: Parallel Mark              2566 us, workers (us): 355, 337, 348, 357, 320, 279, 286, 283, 
[457.156s][info ][gc,stats       ]     System Purge                    435 us
[457.156s][info ][gc,stats       ]       Weak References               143 us, parallelism: 0.01x
[457.156s][info ][gc,stats       ]         WRP: <total>                  2 us
[457.156s][info ][gc,stats       ]         WRP: Weak References          2 us, workers (us):   1,   0,   0,   0,   0,   0,   0,   0, 
[457.156s][info ][gc,stats       ]       Unload Classes                181 us, parallelism: 1.23x
[457.156s][info ][gc,stats       ]         CU: <total>                 223 us
[457.156s][info ][gc,stats       ]         CU: Unload Code Caches      223 us, workers (us):  63,  74,  58,  20,   8,   0,   0,   0, 
[457.156s][info ][gc,stats       ]       Weak Roots                    108 us, parallelism: 0.25x
[457.156s][info ][gc,stats       ]         WR: <total>                  27 us
[457.156s][info ][gc,stats       ]         WR: VM Weak Roots            27 us, workers (us):  14,   8,   1,   1,   1,   1,   1,   1, 
[457.156s][info ][gc,stats       ]       CLDG                            1 us
[457.156s][info ][gc,stats       ]   Calculate Addresses               420 us
[457.156s][info ][gc,stats       ]     Regular Objects                 286 us
[457.156s][info ][gc,stats       ]     Humongous Objects                89 us
[457.156s][info ][gc,stats       ]   Adjust Pointers                  1334 us
[457.156s][info ][gc,stats       ]     FA: <total>                     210 us
[457.156s][info ][gc,stats       ]     FA: Thread Roots                 48 us, workers (us):  26,   1,  10,  10,   0,   0,   0,   0, 
[457.156s][info ][gc,stats       ]     FA: Code Cache Roots            131 us, workers (us):   0, 130,   0,   0,   0,   0,   0,   0, 
[457.156s][info ][gc,stats       ]     FA: VM Strong Roots               3 us, workers (us):   2,   0,   0,   0,   0,   0,   0,   0, 
[457.156s][info ][gc,stats       ]     FA: VM Weak Roots                18 us, workers (us):  12,   4,   0,   1,   0,   0,   0,   0, 
[457.156s][info ][gc,stats       ]     FA: CLDG Roots                   10 us, workers (us):   8,   1,   0,   0,   0,   0,   0,   0, 
[457.156s][info ][gc,stats       ]   Copy Objects                   102583 us
[457.156s][info ][gc,stats       ]     Regular Objects                 367 us
[457.156s][info ][gc,stats       ]     Humongous Objects            100713 us
[457.156s][info ][gc,stats       ]     Reset Complete Bitmap          1451 us
[457.156s][info ][gc,stats       ]     Rebuild Region Sets              50 us
[457.156s][info ][gc,stats       ]   Post Heap Dump                      1 us
[457.156s][info ][gc,stats       ] Pacing                            17410 us
[457.156s][info ][gc,stats       ] 
[457.156s][info ][gc,stats       ] Allocation pacing accrued:
[457.156s][info ][gc,stats       ]       5 of   114 ms (  4.3%): main
[457.156s][info ][gc,stats       ]       4 of   114 ms (  3.6%): Thread-0
[457.156s][info ][gc,stats       ]       4 of   114 ms (  3.7%): Thread-1
[457.156s][info ][gc,stats       ]       4 of   114 ms (  3.7%): Thread-7
[457.156s][info ][gc,stats       ]      17 of   114 ms ( 15.3%): <total>
[457.156s][info ][gc,stats       ]       1 of   114 ms (  0.7%): <average total>
[457.156s][info ][gc,stats       ]       4 of   114 ms (  3.8%): <average non-zero>
[457.156s][info ][gc,stats       ] 
[457.156s][info ][gc,metaspace   ] Metaspace: 253K(448K)->253K(448K) NonClass: 247K(320K)->247K(320K) Class: 5K(128K)->5K(128K)
[457.156s][info ][gc,ergo        ] Pacer for Idle. Initial: 41943K, Alloc Tax Rate: 1.0x
[457.157s][info ][gc             ] Trigger: Handle Allocation Failure
[457.157s][info ][gc,ergo        ] Free: 83440K, Max: 1024K regular, 81920K humongous, Frag: 2% external, 0% internal; Reserve: 103M, Max: 1024K
[457.157s][info ][gc,start       ] GC(28476) Pause Degenerated GC (Outside of Cycle)
[457.157s][info ][gc,task        ] GC(28476) Using 8 of 8 workers for stw degenerated gc
[457.158s][info ][gc,ref         ] GC(28476) Clearing All SoftReferences
[457.159s][info ][gc,ref         ] GC(28476) Encountered references: Soft: 7, Weak: 34, Final: 0, Phantom: 1
[457.159s][info ][gc,ref         ] GC(28476) Discovered  references: Soft: 4, Weak: 9, Final: 0, Phantom: 1
[457.159s][info ][gc,ref         ] GC(28476) Enqueued    references: Soft: 0, Weak: 0, Final: 0, Phantom: 0
[457.159s][debug][gc,phases,start] GC(28476) ClassLoaderData
[457.159s][debug][gc,phases      ] GC(28476) ClassLoaderData 0.019ms
[457.159s][debug][gc,phases,start] GC(28476) Trigger cleanups
[457.159s][debug][gc,phases      ] GC(28476) Trigger cleanups 0.005ms
[457.159s][info ][gc,ergo        ] GC(28476) Adaptive CSet Selection. Target Free: 290M, Actual Free: 184M, Max CSet: 87381K, Min Garbage: 106M
[457.159s][info ][gc,ergo        ] GC(28476) Collectable Garbage: 0B (0%), Immediate: 0B (0%), CSet: 0B (0%)
[457.163s][info ][gc,ergo        ] GC(28476) Good progress for free space: 82944K, need 20971K
[457.163s][info ][gc,ergo        ] GC(28476) Bad progress for used space: 0B, need 1024K
[457.163s][info ][gc,ergo        ] GC(28476) Bad progress for internal fragmentation: -nan%, need 1.0%
[457.163s][info ][gc,ergo        ] GC(28476) Bad progress for external fragmentation: -1.2%, need 1.0%
[457.163s][info ][gc             ] GC(28476) Cancelling GC: Upgrade To Full GC
[457.164s][info ][gc,phases,start] GC(28476) Phase 1: Mark live objects
[457.164s][info ][gc,ref         ] GC(28476) Clearing All SoftReferences
[457.164s][info ][gc,ref         ] GC(28476) Clearing All SoftReferences
[457.165s][info ][gc,ref         ] GC(28476) Encountered references: Soft: 7, Weak: 34, Final: 0, Phantom: 1
[457.165s][info ][gc,ref         ] GC(28476) Discovered  references: Soft: 4, Weak: 1, Final: 0, Phantom: 0
[457.165s][info ][gc,ref         ] GC(28476) Enqueued    references: Soft: 0, Weak: 0, Final: 0, Phantom: 0
[457.165s][debug][gc,phases,start] GC(28476) ClassLoaderData
[457.165s][debug][gc,phases      ] GC(28476) ClassLoaderData 0.011ms
[457.165s][debug][gc,phases,start] GC(28476) Trigger cleanups
[457.165s][debug][gc,phases      ] GC(28476) Trigger cleanups 0.005ms
[457.166s][info ][gc,phases      ] GC(28476) Phase 1: Mark live objects 1.380ms
[457.166s][info ][gc,phases,start] GC(28476) Phase 2: Compute new object addresses
[457.166s][info ][gc,phases      ] GC(28476) Phase 2: Compute new object addresses 0.662ms
[457.166s][info ][gc,phases,start] GC(28476) Phase 3: Adjust pointers
[457.168s][info ][gc,phases      ] GC(28476) Phase 3: Adjust pointers 1.363ms
[457.168s][info ][gc,phases,start] GC(28476) Phase 4: Move objects
[457.228s][info ][gc,phases      ] GC(28476) Phase 4: Move objects 60.495ms
[457.228s][info ][gc,ergo        ] GC(28476) Good progress for free space: 83440K, need 20971K
[457.228s][info ][gc,ergo        ] GC(28476) Bad progress for used space: 496K, need 1024K
[457.228s][info ][gc,ergo        ] GC(28476) Bad progress for internal fragmentation: -nan%, need 1.0%
[457.228s][info ][gc,ergo        ] GC(28476) Bad progress for external fragmentation: -6.2%, need 1.0%
[457.228s][info ][gc             ] GC(28476) Pause Degenerated GC (Outside of Cycle) 963M->963M(2048M) 71.102ms
[457.229s][debug][gc,ergo        ] GC(28476) Margin of error now 3.29
[457.229s][debug][gc,ergo        ] GC(28476) Spike threshold now: 0.32
[457.229s][info ][gc,ergo        ] Free: 62960K, Max: 1024K regular, 61440K humongous, Frag: 2% external, 0% internal; Reserve: 103M, Max: 1024K
[457.229s][info ][gc,stats       ] 
[457.229s][info ][gc,stats       ] All times are wall-clock times, except per-root-class counters, that are sum over
[457.229s][info ][gc,stats       ] all workers. Dividing the <total> over the root stage time estimates parallelism.
[457.229s][info ][gc,stats       ] 
[457.229s][info ][gc,stats       ] Pause Degenerated GC (G)          71357 us
[457.229s][info ][gc,stats       ] Pause Degenerated GC (N)          71108 us
[457.229s][info ][gc             ] Failed to allocate Shared, 100M
[457.229s][info ][gc             ] Cancelling GC: Allocation Failure
[457.229s][info ][gc,stats       ]   Degen STW Mark                   1002 us, parallelism: 5.73x
[457.229s][info ][gc,stats       ]     DSM: <total>                   5737 us
[457.229s][info ][gc,stats       ]     DSM: Thread Roots                80 us, workers (us):  41,  23,  10,   1,   3,   0,   1,   2, 
[457.229s][info ][gc,stats       ]     DSM: VM Strong Roots              4 us, workers (us):   0,   1,   2,   0,   1,   0,   0,   0, 
[457.229s][info ][gc,stats       ]     DSM: CLDG Roots                  28 us, workers (us):  23,   1,   1,   0,   1,   0,   0,   1, 
[457.229s][info ][gc,stats       ]     DSM: Parallel Mark             5625 us, workers (us): 634, 693, 679, 807, 849, 690, 737, 537, 
[457.229s][info ][gc,stats       ]     System Purge                    597 us
[457.229s][info ][gc,stats       ]       Weak References               151 us, parallelism: 0.02x
[457.229s][info ][gc,stats       ]         WRP: <total>                  2 us
[457.229s][info ][gc,stats       ]         WRP: Weak References          2 us, workers (us):   2,   0,   0,   0,   0,   0,   0,   0, 
[457.229s][info ][gc,stats       ]       Unload Classes                248 us, parallelism: 1.24x
[457.229s][info ][gc,stats       ]         DCU: <total>                307 us
[457.229s][info ][gc,stats       ]         DCU: Unload Code Caches      307 us, workers (us): 106,  90,  25,  48,  38,   0,   0,   0, 
[457.229s][info ][gc,stats       ]       Weak Roots                    196 us, parallelism: 0.28x
[457.229s][info ][gc,stats       ]         DWR: <total>                 56 us
[457.229s][info ][gc,stats       ]         DWR: VM Weak Roots           56 us, workers (us):  47,   4,   0,   1,   1,   1,   1,   1, 
[457.229s][info ][gc,stats       ]       CLDG                            1 us
[457.229s][info ][gc,stats       ]   Update Region States              162 us
[457.229s][info ][gc,stats       ]   Manage GC/TLABs                     2 us
[457.229s][info ][gc,stats       ]   Choose Collection Set              33 us
[457.229s][info ][gc,stats       ]   Rebuild Free Set                    9 us
[457.229s][info ][gc,stats       ]   Evacuation                        465 us
[457.229s][info ][gc,stats       ]   Manage GCLABs                       3 us
[457.229s][info ][gc,stats       ]   Update References                2304 us
[457.229s][info ][gc,stats       ]   Update Region States               96 us
[457.229s][info ][gc,stats       ]   Trash Collection Set                3 us
[457.229s][info ][gc,stats       ]   Rebuild Free Set                   37 us
[457.229s][info ][gc,stats       ]   Degen Update Roots                336 us, parallelism: 1.44x
[457.229s][info ][gc,stats       ]     DU: <total>                     484 us
[457.229s][info ][gc,stats       ]     DU: Thread Roots                200 us, workers (us):   0,  90,  24,  30,  31,  17,   7,   0, 
[457.229s][info ][gc,stats       ]     DU: Code Cache Roots            228 us, workers (us): 225,   1,   1,   0,   0,   0,   0,   0, 
[457.229s][info ][gc,stats       ]     DU: VM Strong Roots               6 us, workers (us):   3,   1,   1,   0,   0,   0,   0,   0, 
[457.229s][info ][gc,stats       ]     DU: VM Weak Roots                32 us, workers (us):  22,   6,   1,   1,   0,   0,   0,   0, 
[457.229s][info ][gc,stats       ]     DU: CLDG Roots                   19 us, workers (us):  14,   2,   1,   1,   0,   0,   0,   0, 
[457.229s][info ][gc,stats       ]   Cleanup                           112 us
[457.229s][info ][gc,stats       ]   Pre Heap Dump                       1 us
[457.229s][info ][gc,stats       ]   Prepare                          1068 us
[457.229s][info ][gc,stats       ]   Mark                             1337 us, parallelism: 2.68x
[457.229s][info ][gc,stats       ]     FM: <total>                    3587 us
[457.229s][info ][gc,stats       ]     FM: Thread Roots                 89 us, workers (us):  44,  20,  12,   9,   1,   1,   0,   1, 
[457.229s][info ][gc,stats       ]     FM: VM Strong Roots              21 us, workers (us):   2,   0,  18,   0,   0,   0,   0,   0, 
[457.229s][info ][gc,stats       ]     FM: CLDG Roots                   32 us, workers (us):   0,  29,   1,   0,   0,   1,   0,   1, 
[457.229s][info ][gc,stats       ]     FM: Parallel Mark              3446 us, workers (us): 474, 388, 455, 459, 404, 408, 460, 398, 
[457.229s][info ][gc,stats       ]     System Purge                    594 us
[457.229s][info ][gc,stats       ]       Weak References               178 us, parallelism: 0.01x
[457.229s][info ][gc,stats       ]         WRP: <total>                  2 us
[457.229s][info ][gc,stats       ]         WRP: Weak References          2 us, workers (us):   1,   0,   0,   0,   0,   0,   0,   0, 
[457.229s][info ][gc,stats       ]       Unload Classes                284 us, parallelism: 1.08x
[457.229s][info ][gc,stats       ]         CU: <total>                 306 us
[457.229s][info ][gc,stats       ]         CU: Unload Code Caches      306 us, workers (us): 168,  71,  67,   0,   0,   0,   0,   0, 
[457.229s][info ][gc,stats       ]       Weak Roots                    127 us, parallelism: 0.27x
[457.229s][info ][gc,stats       ]         WR: <total>                  34 us
[457.229s][info ][gc,stats       ]         WR: VM Weak Roots            34 us, workers (us):  27,   0,   0,   0,   2,   2,   1,   1, 
[457.229s][info ][gc,stats       ]       CLDG                            1 us
[457.229s][info ][gc,stats       ]   Calculate Addresses               640 us
[457.229s][info ][gc,stats       ]     Regular Objects                 442 us
[457.229s][info ][gc,stats       ]     Humongous Objects               122 us
[457.229s][info ][gc,stats       ]   Adjust Pointers                  1357 us
[457.229s][info ][gc,stats       ]     FA: <total>                     188 us
[457.229s][info ][gc,stats       ]     FA: Thread Roots                 33 us, workers (us):   1,  25,   7,   0,   0,   0,   0,   0, 
[457.229s][info ][gc,stats       ]     FA: Code Cache Roots            128 us, workers (us): 127,   0,   0,   0,   0,   0,   0,   0, 
[457.229s][info ][gc,stats       ]     FA: VM Strong Roots               3 us, workers (us):   2,   0,   0,   0,   0,   0,   0,   0, 
[457.229s][info ][gc,stats       ]     FA: VM Weak Roots                16 us, workers (us):  14,   1,   0,   0,   0,   0,   0,   0, 
[457.229s][info ][gc,stats       ]     FA: CLDG Roots                    8 us, workers (us):   1,   6,   0,   0,   0,   0,   0,   0, 
[457.229s][info ][gc,stats       ]   Copy Objects                    60489 us
[457.229s][info ][gc,stats       ]     Regular Objects                 414 us
[457.229s][info ][gc,stats       ]     Humongous Objects             58725 us
[457.229s][info ][gc,stats       ]     Reset Complete Bitmap          1271 us
[457.229s][info ][gc,stats       ]     Rebuild Region Sets              77 us
[457.230s][info ][gc,stats       ]   Post Heap Dump                      1 us
[457.230s][info ][gc,stats       ] 
[457.230s][info ][gc,stats       ] Allocation pacing accrued:
[457.230s][info ][gc,stats       ]       0 of    73 ms (  0.0%): <total>
[457.230s][info ][gc,stats       ]       0 of    73 ms (  0.0%): <average total>
[457.230s][info ][gc,stats       ] 
[457.230s][info ][gc,metaspace   ] Metaspace: 253K(448K)->253K(448K) NonClass: 247K(320K)->247K(320K) Class: 5K(128K)->5K(128K)
[457.230s][info ][gc,ergo        ] Pacer for Idle. Initial: 41943K, Alloc Tax Rate: 1.0x
[457.231s][info ][gc             ] Trigger: Handle Allocation Failure
[457.231s][info ][gc,ergo        ] Free: 42480K, Max: 1024K regular, 40960K humongous, Frag: 3% external, 1% internal; Reserve: 103M, Max: 1024K
[457.231s][info ][gc,start       ] GC(28477) Pause Degenerated GC (Outside of Cycle)
[457.231s][info ][gc,task        ] GC(28477) Using 8 of 8 workers for stw degenerated gc
[457.231s][info ][gc,ref         ] GC(28477) Clearing All SoftReferences
[457.232s][info ][gc,ref         ] GC(28477) Encountered references: Soft: 7, Weak: 34, Final: 0, Phantom: 1
[457.232s][info ][gc,ref         ] GC(28477) Discovered  references: Soft: 4, Weak: 9, Final: 0, Phantom: 1
[457.232s][info ][gc,ref         ] GC(28477) Enqueued    references: Soft: 0, Weak: 0, Final: 0, Phantom: 0
[457.232s][debug][gc,phases,start] GC(28477) ClassLoaderData
[457.232s][debug][gc,phases      ] GC(28477) ClassLoaderData 0.010ms
[457.232s][debug][gc,phases,start] GC(28477) Trigger cleanups
[457.232s][debug][gc,phases      ] GC(28477) Trigger cleanups 0.005ms
[457.232s][info ][gc,ergo        ] GC(28477) Adaptive CSet Selection. Target Free: 290M, Actual Free: 144M, Max CSet: 87381K, Min Garbage: 146M
[457.232s][info ][gc,ergo        ] GC(28477) Collectable Garbage: 0B (0%), Immediate: 0B (0%), CSet: 0B (0%)
[457.235s][info ][gc,ergo        ] GC(28477) Good progress for free space: 41984K, need 20971K
[457.235s][info ][gc,ergo        ] GC(28477) Bad progress for used space: 0B, need 1024K
[457.235s][info ][gc,ergo        ] GC(28477) Bad progress for internal fragmentation: -nan%, need 1.0%
[457.235s][info ][gc,ergo        ] GC(28477) Bad progress for external fragmentation: -2.4%, need 1.0%
[457.235s][info ][gc             ] GC(28477) Cancelling GC: Upgrade To Full GC
[457.236s][info ][gc,phases,start] GC(28477) Phase 1: Mark live objects
[457.236s][info ][gc,ref         ] GC(28477) Clearing All SoftReferences
[457.236s][info ][gc,ref         ] GC(28477) Clearing All SoftReferences
[457.237s][info ][gc,ref         ] GC(28477) Encountered references: Soft: 7, Weak: 34, Final: 0, Phantom: 1
[457.237s][info ][gc,ref         ] GC(28477) Discovered  references: Soft: 4, Weak: 4, Final: 0, Phantom: 1
[457.237s][info ][gc,ref         ] GC(28477) Enqueued    references: Soft: 0, Weak: 0, Final: 0, Phantom: 0
[457.237s][debug][gc,phases,start] GC(28477) ClassLoaderData
[457.237s][debug][gc,phases      ] GC(28477) ClassLoaderData 0.012ms
[457.237s][debug][gc,phases,start] GC(28477) Trigger cleanups
[457.237s][debug][gc,phases      ] GC(28477) Trigger cleanups 0.005ms
[457.237s][info ][gc,phases      ] GC(28477) Phase 1: Mark live objects 1.037ms
[457.237s][info ][gc,phases,start] GC(28477) Phase 2: Compute new object addresses
[457.238s][info ][gc,phases      ] GC(28477) Phase 2: Compute new object addresses 0.453ms
[457.238s][info ][gc,phases,start] GC(28477) Phase 3: Adjust pointers
[457.239s][info ][gc,phases      ] GC(28477) Phase 3: Adjust pointers 1.365ms
[457.239s][info ][gc,phases,start] GC(28477) Phase 4: Move objects
[457.299s][info ][gc,phases      ] GC(28477) Phase 4: Move objects 60.233ms
[457.300s][info ][gc,ergo        ] GC(28477) Good progress for free space: 42480K, need 20971K
[457.300s][info ][gc,ergo        ] GC(28477) Bad progress for used space: 496K, need 1024K
[457.300s][info ][gc,ergo        ] GC(28477) Bad progress for internal fragmentation: -nan%, need 1.0%
[457.300s][info ][gc,ergo        ] GC(28477) Bad progress for external fragmentation: -12.2%, need 1.0%
[457.300s][info ][gc             ] GC(28477) Pause Degenerated GC (Outside of Cycle) 983M->983M(2048M) 68.745ms
[457.300s][debug][gc,ergo        ] GC(28477) Margin of error now 3.29
[457.300s][debug][gc,ergo        ] GC(28477) Spike threshold now: 0.32
[457.300s][info ][gc,ergo        ] Free: 22000K, Max: 1024K regular, 20480K humongous, Frag: 5% external, 2% internal; Reserve: 103M, Max: 1024K
[457.300s][info ][gc,stats       ] 
[457.300s][info ][gc,stats       ] All times are wall-clock times, except per-root-class counters, that are sum over
[457.300s][info ][gc,stats       ] all workers. Dividing the <total> over the root stage time estimates parallelism.
[457.300s][info ][gc,stats       ] 
[457.300s][info ][gc,stats       ] Pause Degenerated GC (G)          69063 us
[457.300s][info ][gc,stats       ] Pause Degenerated GC (N)          68754 us
[457.300s][info ][gc,stats       ]   Degen STW Mark                    577 us, parallelism: 5.04x
[457.300s][info ][gc,stats       ]     DSM: <total>                   2909 us
[457.300s][info ][gc,stats       ]     DSM: Thread Roots                95 us, workers (us):  65,  19,   6,   1,   1,   1,   1,   0, 
[457.300s][info ][gc,stats       ]     DSM: VM Strong Roots              4 us, workers (us):   0,   1,   1,   0,   0,   0,   0,   0, 
[457.300s][info ][gc,stats       ]     DSM: CLDG Roots                  19 us, workers (us):  16,   0,   0,   0,   1,   1,   1,   0, 
[457.300s][info ][gc,stats       ]     DSM: Parallel Mark             2791 us, workers (us): 434, 361, 382, 365, 267, 359, 309, 314, 
[457.300s][info ][gc,stats       ]     System Purge                    426 us
[457.300s][info ][gc             ] Failed to allocate Shared, 100M
[457.300s][info ][gc             ] Cancelling GC: Allocation Failure
[457.300s][info ][gc,stats       ]       Weak References               148 us, parallelism: 0.01x
[457.300s][info ][gc,stats       ]         WRP: <total>                  2 us
[457.300s][info ][gc,stats       ]         WRP: Weak References          2 us, workers (us):   2,   0,   0,   0,   0,   0,   0,   0, 
[457.300s][info ][gc,stats       ]       Unload Classes                153 us, parallelism: 1.20x
[457.300s][info ][gc,stats       ]         DCU: <total>                184 us
[457.300s][info ][gc,stats       ]         DCU: Unload Code Caches      184 us, workers (us):  58,  36,  45,  24,  21,   0,   0,   0, 
[457.300s][info ][gc,stats       ]       Weak Roots                    123 us, parallelism: 0.21x
[457.300s][info ][gc,stats       ]         DWR: <total>                 26 us
[457.301s][info ][gc,stats       ]         DWR: VM Weak Roots           26 us, workers (us):  15,   5,   1,   1,   1,   0,   1,   1, 
[457.301s][info ][gc,stats       ]       CLDG                            1 us
[457.301s][info ][gc,stats       ]   Update Region States              139 us
[457.301s][info ][gc,stats       ]   Manage GC/TLABs                     2 us
[457.301s][info ][gc,stats       ]   Choose Collection Set              26 us
[457.301s][info ][gc,stats       ]   Rebuild Free Set                    8 us
[457.301s][info ][gc,stats       ]   Evacuation                        338 us
[457.301s][info ][gc,stats       ]   Manage GCLABs                       3 us
[457.301s][info ][gc,stats       ]   Update References                1546 us
[457.301s][info ][gc,stats       ]   Update Region States              160 us
[457.301s][info ][gc,stats       ]   Trash Collection Set                3 us
[457.301s][info ][gc,stats       ]   Rebuild Free Set                   42 us
[457.301s][info ][gc,stats       ]   Degen Update Roots                386 us, parallelism: 1.11x
[457.301s][info ][gc,stats       ]     DU: <total>                     429 us
[457.301s][info ][gc,stats       ]     DU: Thread Roots                115 us, workers (us):  56,   1,  57,   0,   0,   0,   0,   0, 
[457.301s][info ][gc,stats       ]     DU: Code Cache Roots            254 us, workers (us):   0, 253,   0,   1,   0,   0,   0,   0, 
[457.301s][info ][gc,stats       ]     DU: VM Strong Roots               4 us, workers (us):   4,   0,   0,   0,   0,   0,   0,   0, 
[457.301s][info ][gc,stats       ]     DU: VM Weak Roots                38 us, workers (us):  20,   4,   1,   0,   2,   0,   0,  12, 
[457.301s][info ][gc,stats       ]     DU: CLDG Roots                   17 us, workers (us):  14,   3,   0,   0,   0,   0,   0,   0, 
[457.301s][info ][gc,stats       ]   Cleanup                            92 us
[457.301s][info ][gc,stats       ]   Pre Heap Dump                       1 us
[457.301s][info ][gc,stats       ]   Prepare                           792 us
[457.301s][info ][gc,stats       ]   Mark                             1000 us, parallelism: 2.85x
[457.301s][info ][gc,stats       ]     FM: <total>                    2851 us
[457.301s][info ][gc,stats       ]     FM: Thread Roots                 68 us, workers (us):  33,  20,   9,   1,   1,   1,   1,   1, 
[457.301s][info ][gc,stats       ]     FM: VM Strong Roots               5 us, workers (us):   2,   0,   2,   0,   0,   0,   0,   0, 
[457.301s][info ][gc,stats       ]     FM: CLDG Roots                   19 us, workers (us):   0,  16,   0,   1,   0,   0,   1,   1, 
[457.301s][info ][gc,stats       ]     FM: Parallel Mark              2759 us, workers (us): 414, 350, 372, 378, 395, 353, 282, 215, 
[457.301s][info ][gc,stats       ]     System Purge                    422 us
[457.301s][info ][gc,stats       ]       Weak References               141 us, parallelism: 0.02x
[457.301s][info ][gc,stats       ]         WRP: <total>                  2 us
[457.301s][info ][gc,stats       ]         WRP: Weak References          2 us, workers (us):   2,   0,   0,   0,   0,   0,   0,   0, 
[457.301s][info ][gc,stats       ]       Unload Classes                145 us, parallelism: 1.25x
[457.301s][info ][gc,stats       ]         CU: <total>                 182 us
[457.301s][info ][gc,stats       ]         CU: Unload Code Caches      182 us, workers (us):  72,  59,  51,   0,   0,   0,   0,   0, 
[457.301s][info ][gc,stats       ]       Weak Roots                    133 us, parallelism: 0.16x
[457.301s][info ][gc,stats       ]         WR: <total>                  21 us
[457.301s][info ][gc,stats       ]         WR: VM Weak Roots            21 us, workers (us):  13,   4,   1,   0,   1,   1,   1,   1, 
[457.301s][info ][gc,stats       ]       CLDG                            1 us
[457.301s][info ][gc,stats       ]   Calculate Addresses               448 us
[457.301s][info ][gc,stats       ]     Regular Objects                 285 us
[457.301s][info ][gc,stats       ]     Humongous Objects               118 us
[457.301s][info ][gc,stats       ]   Adjust Pointers                  1354 us
[457.301s][info ][gc,stats       ]     FA: <total>                     177 us
[457.301s][info ][gc,stats       ]     FA: Thread Roots                 41 us, workers (us):  19,   0,  21,   0,   0,   0,   1,   0, 
[457.301s][info ][gc,stats       ]     FA: Code Cache Roots            105 us, workers (us):   0, 104,   0,   0,   0,   0,   0,   0, 
[457.301s][info ][gc,stats       ]     FA: VM Strong Roots               3 us, workers (us):   2,   0,   0,   0,   0,   0,   0,   0, 
[457.301s][info ][gc,stats       ]     FA: VM Weak Roots                17 us, workers (us):   9,   6,   0,   0,   0,   0,   0,   0, 
[457.301s][info ][gc,stats       ]     FA: CLDG Roots                   10 us, workers (us):   8,   1,   0,   0,   0,   0,   0,   0, 
[457.301s][info ][gc,stats       ]   Copy Objects                    60194 us
[457.301s][info ][gc,stats       ]     Regular Objects                 381 us
[457.301s][info ][gc,stats       ]     Humongous Objects             58286 us
[457.301s][info ][gc,stats       ]     Reset Complete Bitmap          1465 us
[457.301s][info ][gc,stats       ]     Rebuild Region Sets              60 us
[457.301s][info ][gc,stats       ]   Post Heap Dump                      1 us
[457.301s][info ][gc,stats       ] 
[457.301s][info ][gc,stats       ] Allocation pacing accrued:
[457.301s][info ][gc,stats       ]       0 of    71 ms (  0.0%): <total>
[457.301s][info ][gc,stats       ]       0 of    71 ms (  0.0%): <average total>
[457.301s][info ][gc,stats       ] 
[457.301s][info ][gc,metaspace   ] Metaspace: 253K(448K)->253K(448K) NonClass: 247K(320K)->247K(320K) Class: 5K(128K)->5K(128K)
[457.301s][info ][gc,ergo        ] Pacer for Idle. Initial: 41943K, Alloc Tax Rate: 1.0x
[457.302s][info ][gc             ] Trigger: Handle Allocation Failure
[457.302s][info ][gc,ergo        ] Free: 1520K, Max: 1024K regular, 1024K humongous, Frag: 0% external, 25% internal; Reserve: 103M, Max: 1024K
[457.302s][info ][gc,start       ] GC(28478) Pause Degenerated GC (Outside of Cycle)
[457.302s][info ][gc,task        ] GC(28478) Using 8 of 8 workers for stw degenerated gc
[457.303s][info ][gc,ref         ] GC(28478) Clearing All SoftReferences
[457.303s][info ][gc,ref         ] GC(28478) Encountered references: Soft: 7, Weak: 34, Final: 0, Phantom: 1
[457.303s][info ][gc,ref         ] GC(28478) Discovered  references: Soft: 4, Weak: 9, Final: 0, Phantom: 1
[457.303s][info ][gc,ref         ] GC(28478) Enqueued    references: Soft: 0, Weak: 0, Final: 0, Phantom: 0
[457.303s][debug][gc,phases,start] GC(28478) ClassLoaderData
[457.303s][debug][gc,phases      ] GC(28478) ClassLoaderData 0.009ms
[457.303s][debug][gc,phases,start] GC(28478) Trigger cleanups
[457.303s][debug][gc,phases      ] GC(28478) Trigger cleanups 0.003ms
[457.304s][info ][gc,ergo        ] GC(28478) Adaptive CSet Selection. Target Free: 290M, Actual Free: 104M, Max CSet: 87381K, Min Garbage: 186M
[457.304s][info ][gc,ergo        ] GC(28478) Collectable Garbage: 0B (0%), Immediate: 0B (0%), CSet: 0B (0%)
[457.306s][info ][gc,ergo        ] GC(28478) Bad progress for free space: 1024K, need 20971K
[457.306s][info ][gc             ] GC(28478) Cancelling GC: Upgrade To Full GC
[457.307s][info ][gc,phases,start] GC(28478) Phase 1: Mark live objects
[457.307s][info ][gc,ref         ] GC(28478) Clearing All SoftReferences
[457.307s][info ][gc,ref         ] GC(28478) Clearing All SoftReferences
[457.308s][info ][gc,ref         ] GC(28478) Encountered references: Soft: 7, Weak: 34, Final: 0, Phantom: 1
[457.308s][info ][gc,ref         ] GC(28478) Discovered  references: Soft: 4, Weak: 1, Final: 0, Phantom: 1
[457.308s][info ][gc,ref         ] GC(28478) Enqueued    references: Soft: 0, Weak: 0, Final: 0, Phantom: 0
[457.308s][debug][gc,phases,start] GC(28478) ClassLoaderData
[457.308s][debug][gc,phases      ] GC(28478) ClassLoaderData 0.022ms
[457.308s][debug][gc,phases,start] GC(28478) Trigger cleanups
[457.308s][debug][gc,phases      ] GC(28478) Trigger cleanups 0.005ms
[457.308s][info ][gc,phases      ] GC(28478) Phase 1: Mark live objects 1.230ms
[457.308s][info ][gc,phases,start] GC(28478) Phase 2: Compute new object addresses
[457.309s][info ][gc,phases      ] GC(28478) Phase 2: Compute new object addresses 0.493ms
[457.309s][info ][gc,phases,start] GC(28478) Phase 3: Adjust pointers
[457.310s][info ][gc,phases      ] GC(28478) Phase 3: Adjust pointers 1.261ms
[457.310s][info ][gc,phases,start] GC(28478) Phase 4: Move objects
[457.377s][info ][gc,phases      ] GC(28478) Phase 4: Move objects 66.418ms
[457.377s][info ][gc,ergo        ] GC(28478) Bad progress for free space: 1520K, need 20971K
[457.377s][info ][gc             ] GC(28478) Pause Degenerated GC (Outside of Cycle) 1003M->1003M(2048M) 74.743ms
[457.377s][debug][gc,ergo        ] GC(28478) Margin of error now 3.29
[457.377s][debug][gc,ergo        ] GC(28478) Spike threshold now: 0.32
[457.377s][info ][gc             ] Failed to allocate Shared, 1024K
[457.377s][info ][gc             ] Cancelling GC: Allocation Failure
[457.377s][info ][gc,ergo        ] Free: 1520K, Max: 1024K regular, 1024K humongous, Frag: 0% external, 25% internal; Reserve: 103M, Max: 1024K
[457.378s][info ][gc,stats       ] 
[457.378s][info ][gc,stats       ] All times are wall-clock times, except per-root-class counters, that are sum over
[457.378s][info ][gc,stats       ] all workers. Dividing the <total> over the root stage time estimates parallelism.
[457.378s][info ][gc,stats       ] 
[457.378s][info ][gc,stats       ] Pause Degenerated GC (G)          75137 us
[457.378s][info ][gc,stats       ] Pause Degenerated GC (N)          74754 us
[457.378s][info ][gc,stats       ]   Degen STW Mark                    490 us, parallelism: 5.50x
[457.378s][info ][gc,stats       ]     DSM: <total>                   2698 us
[457.378s][info ][gc,stats       ]     DSM: Thread Roots                80 us, workers (us):  39,  24,  13,   0,   1,   0,   1,   1, 
[457.378s][info ][gc,stats       ]     DSM: VM Strong Roots              4 us, workers (us):   0,   1,   1,   1,   0,   0,   0,   0, 
[457.378s][info ][gc,stats       ]     DSM: CLDG Roots                  18 us, workers (us):  14,   1,   1,   1,   1,   0,   0,   0, 
[457.378s][info ][gc,stats       ]     DSM: Parallel Mark             2596 us, workers (us): 358, 357, 384, 349, 299, 334, 267, 248, 
[457.378s][info ][gc,stats       ]     System Purge                    305 us
[457.378s][info ][gc,stats       ]       Weak References               109 us, parallelism: 0.02x
[457.378s][info ][gc,stats       ]         WRP: <total>                  2 us
[457.378s][info ][gc,stats       ]         WRP: Weak References          2 us, workers (us):   1,   0,   0,   0,   0,   0,   0,   0, 
[457.378s][info ][gc,stats       ]       Unload Classes                109 us, parallelism: 1.58x
[457.378s][info ][gc,stats       ]         DCU: <total>                172 us
[457.378s][info ][gc,stats       ]         DCU: Unload Code Caches      172 us, workers (us):  65,  43,  34,  29,   0,   0,   0,   0, 
[457.378s][info ][gc,stats       ]       Weak Roots                     86 us, parallelism: 0.26x
[457.378s][info ][gc,stats       ]         DWR: <total>                 22 us
[457.378s][info ][gc,stats       ]         DWR: VM Weak Roots           22 us, workers (us):  17,   1,   1,   1,   1,   0,   0,   1, 
[457.378s][info ][gc,stats       ]       CLDG                            1 us
[457.378s][info ][gc,stats       ]   Update Region States              115 us
[457.378s][info ][gc,stats       ]   Manage GC/TLABs                     1 us
[457.378s][info ][gc,stats       ]   Choose Collection Set              29 us
[457.378s][info ][gc,stats       ]   Rebuild Free Set                   11 us
[457.378s][info ][gc,stats       ]   Evacuation                        422 us
[457.378s][info ][gc,stats       ]   Manage GCLABs                       2 us
[457.378s][info ][gc,stats       ]   Update References                1611 us
[457.378s][info ][gc,stats       ]   Update Region States              115 us
[457.378s][info ][gc,stats       ]   Trash Collection Set                3 us
[457.378s][info ][gc,stats       ]   Rebuild Free Set                   16 us
[457.378s][info ][gc,stats       ]   Degen Update Roots                254 us, parallelism: 1.36x
[457.378s][info ][gc,stats       ]     DU: <total>                     345 us
[457.378s][info ][gc,stats       ]     DU: Thread Roots                137 us, workers (us):  68,   0,  67,   0,   0,   0,   1,   0, 
[457.378s][info ][gc,stats       ]     DU: Code Cache Roots            152 us, workers (us):   0, 151,   0,   0,   0,   0,   0,   0, 
[457.378s][info ][gc,stats       ]     DU: VM Strong Roots               5 us, workers (us):   4,   0,   0,   0,   0,   0,   0,   0, 
[457.378s][info ][gc,stats       ]     DU: VM Weak Roots                35 us, workers (us):  26,   7,   0,   0,   0,   0,   1,   0, 
[457.378s][info ][gc,stats       ]     DU: CLDG Roots                   17 us, workers (us):  14,   2,   0,   0,   0,   0,   0,   0, 
[457.378s][info ][gc,stats       ]   Cleanup                            86 us
[457.378s][info ][gc,stats       ]   Pre Heap Dump                       1 us
[457.378s][info ][gc,stats       ]   Prepare                           819 us
[457.378s][info ][gc,stats       ]   Mark                             1198 us, parallelism: 2.44x
[457.378s][info ][gc,stats       ]     FM: <total>                    2924 us
[457.378s][info ][gc,stats       ]     FM: Thread Roots                 85 us, workers (us):  31,  26,  19,   7,   1,   0,   1,   0, 
[457.378s][info ][gc,stats       ]     FM: VM Strong Roots               4 us, workers (us):   1,   2,   0,   0,   0,   0,   0,   0, 
[457.378s][info ][gc,stats       ]     FM: CLDG Roots                   21 us, workers (us):   0,   0,   1,  18,   1,   0,   1,   0, 
[457.378s][info ][gc,stats       ]     FM: Parallel Mark              2815 us, workers (us): 378, 331, 364, 355, 347, 380, 362, 297, 
[457.378s][info ][gc,stats       ]     System Purge                    631 us
[457.378s][info ][gc,stats       ]       Weak References               146 us, parallelism: 0.02x
[457.378s][info ][gc,stats       ]         WRP: <total>                  3 us
[457.378s][info ][gc,stats       ]         WRP: Weak References          3 us, workers (us):   2,   0,   0,   0,   0,   0,   0,   0, 
[457.378s][info ][gc,stats       ]       Unload Classes                278 us, parallelism: 1.10x
[457.378s][info ][gc,stats       ]         CU: <total>                 307 us
[457.378s][info ][gc,stats       ]         CU: Unload Code Caches      307 us, workers (us): 129,  90,  68,  19,   0,   0,   0,   0, 
[457.378s][info ][gc,stats       ]       Weak Roots                    204 us, parallelism: 0.11x
[457.378s][info ][gc,stats       ]         WR: <total>                  22 us
[457.378s][info ][gc,stats       ]         WR: VM Weak Roots            22 us, workers (us):  13,   4,   1,   1,   1,   0,   1,   0, 
[457.378s][info ][gc,stats       ]       CLDG                            1 us
[457.378s][info ][gc,stats       ]   Calculate Addresses               487 us
[457.378s][info ][gc,stats       ]     Regular Objects                 317 us
[457.378s][info ][gc,stats       ]     Humongous Objects               111 us
[457.378s][info ][gc,stats       ]   Adjust Pointers                  1254 us
[457.378s][info ][gc,stats       ]     FA: <total>                     230 us
[457.378s][info ][gc,stats       ]     FA: Thread Roots                 53 us, workers (us):   0,  28,  16,   7,   1,   0,   0,   0, 
[457.378s][info ][gc,stats       ]     FA: Code Cache Roots            123 us, workers (us): 121,   0,   0,   0,   0,   0,   0,   0, 
[457.378s][info ][gc,stats       ]     FA: VM Strong Roots               4 us, workers (us):   2,   0,   0,   0,   0,   0,   0,   0, 
[457.378s][info ][gc,stats       ]     FA: VM Weak Roots                41 us, workers (us):  37,   1,   1,   1,   1,   0,   0,   0, 
[457.378s][info ][gc,stats       ]     FA: CLDG Roots                   11 us, workers (us):   9,   0,   0,   0,   1,   0,   0,   0, 
[457.378s][info ][gc,stats       ]   Copy Objects                    66413 us
[457.378s][info ][gc,stats       ]     Regular Objects                 349 us
[457.378s][info ][gc,stats       ]     Humongous Objects             64341 us
[457.378s][info ][gc,stats       ]     Reset Complete Bitmap          1640 us
[457.378s][info ][gc,stats       ]     Rebuild Region Sets              80 us
[457.378s][info ][gc,stats       ]   Post Heap Dump                      1 us
[457.378s][info ][gc,stats       ] 
[457.378s][info ][gc,stats       ] Allocation pacing accrued:
[457.378s][info ][gc,stats       ]       0 of    77 ms (  0.0%): <total>
[457.378s][info ][gc,stats       ]       0 of    77 ms (  0.0%): <average total>
[457.378s][info ][gc,stats       ] 
[457.378s][info ][gc,metaspace   ] Metaspace: 253K(448K)->253K(448K) NonClass: 247K(320K)->247K(320K) Class: 5K(128K)->5K(128K)
[457.378s][info ][gc,ergo        ] Pacer for Idle. Initial: 41943K, Alloc Tax Rate: 1.0x
[457.379s][info ][gc             ] Trigger: Handle Allocation Failure
[457.379s][info ][gc,ergo        ] Free: 1520K, Max: 1024K regular, 1024K humongous, Frag: 0% external, 25% internal; Reserve: 103M, Max: 1024K
[457.379s][info ][gc,start       ] GC(28479) Pause Full
[457.379s][info ][gc,task        ] GC(28479) Using 8 of 8 workers for full gc
[457.379s][info ][gc,phases,start] GC(28479) Phase 1: Mark live objects
[457.379s][info ][gc,ref         ] GC(28479) Clearing All SoftReferences
[457.379s][info ][gc,ref         ] GC(28479) Clearing All SoftReferences
[457.381s][info ][gc,ref         ] GC(28479) Encountered references: Soft: 7, Weak: 34, Final: 0, Phantom: 1
[457.381s][info ][gc,ref         ] GC(28479) Discovered  references: Soft: 3, Weak: 10, Final: 0, Phantom: 1
[457.381s][info ][gc,ref         ] GC(28479) Enqueued    references: Soft: 0, Weak: 0, Final: 0, Phantom: 0
[457.381s][debug][gc,phases,start] GC(28479) ClassLoaderData
[457.381s][debug][gc,phases      ] GC(28479) ClassLoaderData 0.012ms
[457.381s][debug][gc,phases,start] GC(28479) Trigger cleanups
[457.381s][debug][gc,phases      ] GC(28479) Trigger cleanups 0.005ms
[457.381s][info ][gc,phases      ] GC(28479) Phase 1: Mark live objects 1.884ms
[457.381s][info ][gc,phases,start] GC(28479) Phase 2: Compute new object addresses
[457.382s][info ][gc,phases      ] GC(28479) Phase 2: Compute new object addresses 0.524ms
[457.382s][info ][gc,phases,start] GC(28479) Phase 3: Adjust pointers
[457.383s][info ][gc,phases      ] GC(28479) Phase 3: Adjust pointers 1.269ms
[457.383s][info ][gc,phases,start] GC(28479) Phase 4: Move objects
[457.442s][info ][gc,phases      ] GC(28479) Phase 4: Move objects 59.357ms
[457.443s][info ][gc,ergo        ] GC(28479) Bad progress for free space: 1520K, need 20971K
[457.443s][info ][gc             ] GC(28479) Pause Full 1003M->1003M(2048M) 63.490ms
[457.443s][debug][gc,ergo        ] GC(28479) Margin of error now 3.29
[457.443s][debug][gc,ergo        ] GC(28479) Spike threshold now: 0.32
[457.443s][info ][gc,ergo        ] Free: 1520K, Max: 1024K regular, 1024K humongous, Frag: 0% external, 25% internal; Reserve: 103M, Max: 1024K
[457.443s][info ][gc,stats       ] 
[457.443s][info ][gc             ] Failed to allocate Shared, 1024K
[457.443s][info ][gc             ] Cancelling GC: Allocation Failure
[457.443s][info ][gc,stats       ] All times are wall-clock times, except per-root-class counters, that are sum over
[457.443s][info ][gc,stats       ] all workers. Dividing the <total> over the root stage time estimates parallelism.
[457.443s][info ][gc,stats       ] 
[457.443s][info ][gc,stats       ] Pause Full GC (G)                 63622 us
[457.443s][info ][gc,stats       ] Pause Full GC (N)                 63512 us
[457.443s][info ][gc,stats       ]   Pre Heap Dump                       0 us
[457.443s][info ][gc,stats       ]   Prepare                           140 us
[457.443s][info ][gc,stats       ]   Mark                             1875 us, parallelism: 4.11x
[457.443s][info ][gc,stats       ]     FM: <total>                    7704 us
[457.443s][info ][gc,stats       ]     FM: Thread Roots                154 us, workers (us):  39,  36,  31,  28,  18,   0,   1,   1, 
[457.443s][info ][gc,stats       ]     FM: VM Strong Roots               5 us, workers (us):   0,   1,   1,   2,   1,   0,   0,   0, 
[457.443s][info ][gc,stats       ]     FM: CLDG Roots                   22 us, workers (us):  17,   1,   2,   0,   0,   0,   1,   1, 
[457.443s][info ][gc,stats       ]     FM: Parallel Mark              7523 us, workers (us): 857, 865, 972, 949, 901, 1109, 1067, 804, 
[457.443s][info ][gc,stats       ]     System Purge                    598 us
[457.443s][info ][gc,stats       ]       Weak References               168 us, parallelism: 0.04x
[457.443s][info ][gc,stats       ]         WRP: <total>                  7 us
[457.443s][info ][gc,stats       ]         WRP: Weak References          7 us, workers (us):   6,   0,   0,   0,   0,   0,   0,   0, 
[457.443s][info ][gc,stats       ]       Unload Classes                251 us, parallelism: 1.09x
[457.443s][info ][gc,stats       ]         CU: <total>                 274 us
[457.443s][info ][gc,stats       ]         CU: Unload Code Caches      274 us, workers (us):  88,  89,  50,  46,   0,   0,   0,   0, 
[457.443s][info ][gc,stats       ]       Weak Roots                    177 us, parallelism: 0.27x
[457.443s][info ][gc,stats       ]         WR: <total>                  47 us
[457.443s][info ][gc,stats       ]         WR: VM Weak Roots            47 us, workers (us):  28,  12,   1,   3,   1,   1,   1,   1, 
[457.443s][info ][gc,stats       ]       CLDG                            1 us
[457.443s][info ][gc,stats       ]   Calculate Addresses               519 us
[457.443s][info ][gc,stats       ]     Regular Objects                 292 us
[457.443s][info ][gc,stats       ]     Humongous Objects               162 us
[457.443s][info ][gc,stats       ]   Adjust Pointers                  1263 us
[457.443s][info ][gc,stats       ]     FA: <total>                     245 us
[457.443s][info ][gc,stats       ]     FA: Thread Roots                 48 us, workers (us):   1,  19,  19,   5,   4,   0,   0,   0, 
[457.443s][info ][gc,stats       ]     FA: Code Cache Roots            151 us, workers (us): 150,   0,   0,   0,   0,   0,   0,   0, 
[457.443s][info ][gc,stats       ]     FA: VM Strong Roots               3 us, workers (us):   2,   0,   0,   0,   0,   0,   0,   0, 
[457.443s][info ][gc,stats       ]     FA: VM Weak Roots                32 us, workers (us):  30,   1,   1,   0,   0,   0,   0,   0, 
[457.443s][info ][gc,stats       ]     FA: CLDG Roots                   11 us, workers (us):   9,   0,   1,   0,   0,   0,   0,   0, 
[457.443s][info ][gc,stats       ]   Copy Objects                    59352 us
[457.443s][info ][gc,stats       ]     Regular Objects                 292 us
[457.443s][info ][gc,stats       ]     Humongous Objects             57372 us
[457.443s][info ][gc,stats       ]     Reset Complete Bitmap          1586 us
[457.443s][info ][gc,stats       ]     Rebuild Region Sets              91 us
[457.443s][info ][gc,stats       ]   Post Heap Dump                      1 us
[457.443s][info ][gc,stats       ] 
[457.443s][info ][gc,stats       ] Allocation pacing accrued:
[457.443s][info ][gc,stats       ]       0 of    65 ms (  0.0%): <total>
[457.443s][info ][gc,stats       ]       0 of    65 ms (  0.0%): <average total>
[457.443s][info ][gc,stats       ] 
[457.443s][info ][gc,metaspace   ] Metaspace: 253K(448K)->253K(448K) NonClass: 247K(320K)->247K(320K) Class: 5K(128K)->5K(128K)
[457.443s][info ][gc,ergo        ] Pacer for Idle. Initial: 41943K, Alloc Tax Rate: 1.0x
[457.446s][info ][gc             ] Trigger: Handle Allocation Failure
[457.446s][info ][gc,ergo        ] Free: 1520K, Max: 1024K regular, 1024K humongous, Frag: 0% external, 25% internal; Reserve: 103M, Max: 1024K
[457.446s][info ][gc,start       ] GC(28480) Pause Degenerated GC (Outside of Cycle)
[457.446s][info ][gc,task        ] GC(28480) Using 8 of 8 workers for stw degenerated gc
[457.446s][info ][gc,ref         ] GC(28480) Clearing All SoftReferences
[457.447s][info ][gc,ref         ] GC(28480) Encountered references: Soft: 7, Weak: 34, Final: 0, Phantom: 1
[457.447s][info ][gc,ref         ] GC(28480) Discovered  references: Soft: 4, Weak: 4, Final: 0, Phantom: 1
[457.447s][info ][gc,ref         ] GC(28480) Enqueued    references: Soft: 0, Weak: 0, Final: 0, Phantom: 0
[457.447s][debug][gc,phases,start] GC(28480) ClassLoaderData
[457.447s][debug][gc,phases      ] GC(28480) ClassLoaderData 0.010ms
[457.447s][debug][gc,phases,start] GC(28480) Trigger cleanups
[457.447s][debug][gc,phases      ] GC(28480) Trigger cleanups 0.005ms
[457.447s][info ][gc,ergo        ] GC(28480) Adaptive CSet Selection. Target Free: 290M, Actual Free: 104M, Max CSet: 87381K, Min Garbage: 186M
[457.447s][info ][gc,ergo        ] GC(28480) Collectable Garbage: 0B (0%), Immediate: 0B (0%), CSet: 0B (0%)
[457.450s][info ][gc,ergo        ] GC(28480) Bad progress for free space: 1024K, need 20971K
[457.450s][info ][gc             ] GC(28480) Cancelling GC: Upgrade To Full GC
[457.451s][info ][gc,phases,start] GC(28480) Phase 1: Mark live objects
[457.451s][info ][gc,ref         ] GC(28480) Clearing All SoftReferences
[457.451s][info ][gc,ref         ] GC(28480) Clearing All SoftReferences
[457.452s][info ][gc,ref         ] GC(28480) Encountered references: Soft: 7, Weak: 34, Final: 0, Phantom: 1
[457.452s][info ][gc,ref         ] GC(28480) Discovered  references: Soft: 4, Weak: 1, Final: 0, Phantom: 1
[457.452s][info ][gc,ref         ] GC(28480) Enqueued    references: Soft: 0, Weak: 0, Final: 0, Phantom: 0
[457.452s][debug][gc,phases,start] GC(28480) ClassLoaderData
[457.452s][debug][gc,phases      ] GC(28480) ClassLoaderData 0.013ms
[457.452s][debug][gc,phases,start] GC(28480) Trigger cleanups
[457.452s][debug][gc,phases      ] GC(28480) Trigger cleanups 0.005ms
[457.452s][info ][gc,phases      ] GC(28480) Phase 1: Mark live objects 1.364ms
[457.452s][info ][gc,phases,start] GC(28480) Phase 2: Compute new object addresses
[457.453s][info ][gc,phases      ] GC(28480) Phase 2: Compute new object addresses 0.410ms
[457.453s][info ][gc,phases,start] GC(28480) Phase 3: Adjust pointers
[457.454s][info ][gc,phases      ] GC(28480) Phase 3: Adjust pointers 1.018ms
[457.454s][info ][gc,phases,start] GC(28480) Phase 4: Move objects
[457.455s][info ][gc,phases      ] GC(28480) Phase 4: Move objects 1.685ms
[457.456s][info ][gc,ergo        ] GC(28480) Bad progress for free space: 1520K, need 20971K
[457.456s][info ][gc             ] GC(28480) Pause Degenerated GC (Outside of Cycle) 1003M->1003M(2048M) 9.959ms
[457.456s][debug][gc,ergo        ] GC(28480) Margin of error now 3.29
[457.456s][debug][gc,ergo        ] GC(28480) Spike threshold now: 0.32
[457.456s][info ][gc,ergo        ] Free: 1520K, Max: 1024K regular, 1024K humongous, Frag: 0% external, 25% internal; Reserve: 103M, Max: 1024K
[457.456s][info ][gc,stats       ] 
[457.456s][info ][gc,stats       ] All times are wall-clock times, except per-root-class counters, that are sum over
[457.456s][info ][gc,stats       ] all workers. Dividing the <total> over the root stage time estimates parallelism.
[457.456s][info ][gc,stats       ] 
[457.456s][info ][gc             ] Failed to allocate Shared, 1024K
[457.456s][info ][gc             ] Cancelling GC: Allocation Failure
[457.456s][info ][gc,stats       ] Pause Degenerated GC (G)          10054 us
[457.456s][info ][gc,stats       ] Pause Degenerated GC (N)           9964 us
[457.456s][info ][gc,stats       ]   Degen STW Mark                    622 us, parallelism: 5.21x
[457.456s][info ][gc,stats       ]     DSM: <total>                   3241 us
[457.456s][info ][gc,stats       ]     DSM: Thread Roots               135 us, workers (us):  59,  48,  17,   8,   1,   0,   0,   1, 
[457.456s][info ][gc,stats       ]     DSM: VM Strong Roots              4 us, workers (us):   1,   0,   2,   0,   0,   0,   0,   0, 
[457.456s][info ][gc,stats       ]     DSM: CLDG Roots                  19 us, workers (us):   0,  16,   0,   0,   0,   0,   0,   0, 
[457.456s][info ][gc,stats       ]     DSM: Parallel Mark             3084 us, workers (us): 439, 348, 367, 411, 398, 417, 341, 363, 
[457.456s][info ][gc,stats       ]     System Purge                    373 us
[457.456s][info ][gc,stats       ]       Weak References               129 us, parallelism: 0.02x
[457.456s][info ][gc,stats       ]         WRP: <total>                  2 us
[457.456s][info ][gc,stats       ]         WRP: Weak References          2 us, workers (us):   1,   0,   0,   0,   0,   0,   0,   0, 
[457.456s][info ][gc,stats       ]       Unload Classes                141 us, parallelism: 1.69x
[457.456s][info ][gc,stats       ]         DCU: <total>                238 us
[457.456s][info ][gc,stats       ]         DCU: Unload Code Caches      238 us, workers (us):  75,  62,  54,  47,   0,   0,   0,   0, 
[457.456s][info ][gc,stats       ]       Weak Roots                    100 us, parallelism: 0.24x
[457.456s][info ][gc,stats       ]         DWR: <total>                 24 us
[457.456s][info ][gc,stats       ]         DWR: VM Weak Roots           24 us, workers (us):  14,   6,   1,   1,   1,   1,   0,   1, 
[457.456s][info ][gc,stats       ]       CLDG                            1 us
[457.456s][info ][gc,stats       ]   Update Region States              131 us
[457.456s][info ][gc,stats       ]   Manage GC/TLABs                     3 us
[457.456s][info ][gc,stats       ]   Choose Collection Set              34 us
[457.456s][info ][gc,stats       ]   Rebuild Free Set                   12 us
[457.456s][info ][gc,stats       ]   Evacuation                        476 us
[457.456s][info ][gc,stats       ]   Manage GCLABs                       3 us
[457.456s][info ][gc,stats       ]   Update References                1265 us
[457.456s][info ][gc,stats       ]   Update Region States              104 us
[457.456s][info ][gc,stats       ]   Trash Collection Set                3 us
[457.456s][info ][gc,stats       ]   Rebuild Free Set                   13 us
[457.456s][info ][gc,stats       ]   Degen Update Roots                341 us, parallelism: 1.26x
[457.456s][info ][gc,stats       ]     DU: <total>                     430 us
[457.456s][info ][gc,stats       ]     DU: Thread Roots                157 us, workers (us):  67,   0,  56,  34,   0,   0,   0,   0, 
[457.456s][info ][gc,stats       ]     DU: Code Cache Roots            211 us, workers (us):   0, 210,   0,   0,   0,   0,   0,   0, 
[457.456s][info ][gc,stats       ]     DU: VM Strong Roots               6 us, workers (us):   5,   0,   0,   0,   0,   0,   0,   0, 
[457.456s][info ][gc,stats       ]     DU: VM Weak Roots                31 us, workers (us):  15,  10,   5,   1,   0,   0,   0,   0, 
[457.456s][info ][gc,stats       ]     DU: CLDG Roots                   25 us, workers (us):  22,   2,   1,   0,   0,   0,   0,   0, 
[457.456s][info ][gc,stats       ]   Cleanup                           133 us
[457.456s][info ][gc,stats       ]   Pre Heap Dump                       1 us
[457.456s][info ][gc,stats       ]   Prepare                          1106 us
[457.456s][info ][gc,stats       ]   Mark                             1240 us, parallelism: 2.74x
[457.456s][info ][gc,stats       ]     FM: <total>                    3405 us
[457.456s][info ][gc,stats       ]     FM: Thread Roots                157 us, workers (us):  81,  61,  11,   1,   1,   1,   1,   0, 
[457.456s][info ][gc,stats       ]     FM: VM Strong Roots               4 us, workers (us):   3,   0,   0,   0,   0,   0,   0,   0, 
[457.456s][info ][gc,stats       ]     FM: CLDG Roots                   27 us, workers (us):   1,  24,   0,   1,   1,   0,   0,   0, 
[457.456s][info ][gc,stats       ]     FM: Parallel Mark              3217 us, workers (us): 407, 393, 425, 412, 415, 373, 351, 440, 
[457.456s][info ][gc,stats       ]     System Purge                    553 us
[457.456s][info ][gc,stats       ]       Weak References               202 us, parallelism: 0.01x
[457.456s][info ][gc,stats       ]         WRP: <total>                  2 us
[457.456s][info ][gc,stats       ]         WRP: Weak References          2 us, workers (us):   1,   0,   0,   0,   0,   0,   0,   0, 
[457.456s][info ][gc,stats       ]       Unload Classes                199 us, parallelism: 1.11x
[457.456s][info ][gc,stats       ]         CU: <total>                 220 us
[457.456s][info ][gc,stats       ]         CU: Unload Code Caches      220 us, workers (us):  96,  88,  36,   0,   0,   0,   0,   0, 
[457.456s][info ][gc,stats       ]       Weak Roots                    149 us, parallelism: 0.37x
[457.456s][info ][gc,stats       ]         WR: <total>                  56 us
[457.456s][info ][gc,stats       ]         WR: VM Weak Roots            56 us, workers (us):  32,  19,   1,   1,   0,   1,   0,   1, 
[457.456s][info ][gc,stats       ]       CLDG                            1 us
[457.456s][info ][gc,stats       ]   Calculate Addresses               404 us
[457.456s][info ][gc,stats       ]     Regular Objects                 284 us
[457.456s][info ][gc,stats       ]     Humongous Objects                57 us
[457.456s][info ][gc,stats       ]   Adjust Pointers                  1013 us
[457.456s][info ][gc,stats       ]     FA: <total>                     236 us
[457.456s][info ][gc,stats       ]     FA: Thread Roots                 51 us, workers (us):   0,  27,  13,   6,   3,   0,   0,   0, 
[457.456s][info ][gc,stats       ]     FA: Code Cache Roots            160 us, workers (us): 128,  31,   0,   0,   0,   0,   0,   0, 
[457.456s][info ][gc,stats       ]     FA: VM Strong Roots               3 us, workers (us):   2,   0,   0,   0,   0,   0,   0,   0, 
[457.456s][info ][gc,stats       ]     FA: VM Weak Roots                14 us, workers (us):  11,   1,   1,   0,   0,   0,   0,   0, 
[457.456s][info ][gc,stats       ]     FA: CLDG Roots                    9 us, workers (us):   7,   0,   0,   0,   0,   0,   0,   0, 
[457.456s][info ][gc,stats       ]   Copy Objects                     1677 us
[457.456s][info ][gc,stats       ]     Regular Objects                 353 us
[457.456s][info ][gc,stats       ]     Humongous Objects                34 us
[457.456s][info ][gc,stats       ]     Reset Complete Bitmap          1217 us
[457.456s][info ][gc,stats       ]     Rebuild Region Sets              72 us
[457.456s][info ][gc,stats       ]   Post Heap Dump                      1 us
[457.456s][info ][gc,stats       ] 
[457.456s][info ][gc,stats       ] Allocation pacing accrued:
[457.456s][info ][gc,stats       ]       0 of    13 ms (  0.0%): <total>
[457.456s][info ][gc,stats       ]       0 of    13 ms (  0.0%): <average total>
[457.456s][info ][gc,stats       ] 
[457.456s][info ][gc,metaspace   ] Metaspace: 253K(448K)->253K(448K) NonClass: 247K(320K)->247K(320K) Class: 5K(128K)->5K(128K)
[457.456s][info ][gc,ergo        ] Pacer for Idle. Initial: 41943K, Alloc Tax Rate: 1.0x
[457.458s][info ][gc             ] Trigger: Handle Allocation Failure
[457.458s][info ][gc,ergo        ] Free: 1520K, Max: 1024K regular, 1024K humongous, Frag: 0% external, 25% internal; Reserve: 103M, Max: 1024K
[457.458s][info ][gc,start       ] GC(28481) Pause Degenerated GC (Outside of Cycle)
[457.458s][info ][gc,task        ] GC(28481) Using 8 of 8 workers for stw degenerated gc
[457.458s][info ][gc,ref         ] GC(28481) Clearing All SoftReferences
[457.459s][info ][gc,ref         ] GC(28481) Encountered references: Soft: 7, Weak: 34, Final: 0, Phantom: 1
[457.459s][info ][gc,ref         ] GC(28481) Discovered  references: Soft: 4, Weak: 9, Final: 0, Phantom: 1
[457.459s][info ][gc,ref         ] GC(28481) Enqueued    references: Soft: 0, Weak: 0, Final: 0, Phantom: 0
[457.459s][debug][gc,phases,start] GC(28481) ClassLoaderData
[457.459s][debug][gc,phases      ] GC(28481) ClassLoaderData 0.011ms
[457.459s][debug][gc,phases,start] GC(28481) Trigger cleanups
[457.459s][debug][gc,phases      ] GC(28481) Trigger cleanups 0.005ms
[457.459s][info ][gc,ergo        ] GC(28481) Adaptive CSet Selection. Target Free: 290M, Actual Free: 104M, Max CSet: 87381K, Min Garbage: 186M
[457.459s][info ][gc,ergo        ] GC(28481) Collectable Garbage: 0B (0%), Immediate: 0B (0%), CSet: 0B (0%)
[457.462s][info ][gc,ergo        ] GC(28481) Bad progress for free space: 1024K, need 20971K
[457.462s][info ][gc             ] GC(28481) Cancelling GC: Upgrade To Full GC
[457.462s][info ][gc,phases,start] GC(28481) Phase 1: Mark live objects
[457.462s][info ][gc,ref         ] GC(28481) Clearing All SoftReferences
[457.462s][info ][gc,ref         ] GC(28481) Clearing All SoftReferences
[457.463s][info ][gc,ref         ] GC(28481) Encountered references: Soft: 7, Weak: 34, Final: 0, Phantom: 1
[457.463s][info ][gc,ref         ] GC(28481) Discovered  references: Soft: 4, Weak: 9, Final: 0, Phantom: 1
[457.463s][info ][gc,ref         ] GC(28481) Enqueued    references: Soft: 0, Weak: 0, Final: 0, Phantom: 0
[457.463s][debug][gc,phases,start] GC(28481) ClassLoaderData
[457.463s][debug][gc,phases      ] GC(28481) ClassLoaderData 0.012ms
[457.463s][debug][gc,phases,start] GC(28481) Trigger cleanups
[457.463s][debug][gc,phases      ] GC(28481) Trigger cleanups 0.006ms
[457.463s][info ][gc,phases      ] GC(28481) Phase 1: Mark live objects 1.070ms
[457.463s][info ][gc,phases,start] GC(28481) Phase 2: Compute new object addresses
[457.464s][info ][gc,phases      ] GC(28481) Phase 2: Compute new object addresses 0.526ms
[457.464s][info ][gc,phases,start] GC(28481) Phase 3: Adjust pointers
[457.465s][info ][gc,phases      ] GC(28481) Phase 3: Adjust pointers 1.062ms
[457.465s][info ][gc,phases,start] GC(28481) Phase 4: Move objects
[457.467s][info ][gc,phases      ] GC(28481) Phase 4: Move objects 1.495ms
[457.467s][info ][gc,ergo        ] GC(28481) Bad progress for free space: 1520K, need 20971K
[457.467s][info ][gc             ] GC(28481) Pause Degenerated GC (Outside of Cycle) 1003M->1003M(2048M) 9.166ms
[457.467s][debug][gc,ergo        ] GC(28481) Margin of error now 3.29
[457.467s][debug][gc,ergo        ] GC(28481) Spike threshold now: 0.32
[457.467s][info ][gc,ergo        ] Free: 1520K, Max: 1024K regular, 1024K humongous, Frag: 0% external, 25% internal; Reserve: 103M, Max: 1024K
[457.467s][info ][gc,stats       ] 
[457.467s][info ][gc,stats       ] All times are wall-clock times, except per-root-class counters, that are sum over
[457.467s][info ][gc,stats       ] all workers. Dividing the <total> over the root stage time estimates parallelism.
[457.467s][info ][gc,stats       ] 
[457.467s][info ][gc,stats       ] Pause Degenerated GC (G)           9259 us
[457.467s][info ][gc,stats       ] Pause Degenerated GC (N)           9177 us
[457.467s][info ][gc,stats       ]   Degen STW Mark                    561 us, parallelism: 4.36x
[457.467s][info ][gc,stats       ]     DSM: <total>                   2448 us
[457.467s][info ][gc,stats       ]     DSM: Thread Roots                61 us, workers (us):  22,  15,  16,   5,   1,   1,   0,   1, 
[457.467s][info ][gc,stats       ]     DSM: VM Strong Roots             20 us, workers (us):   0,   9,   9,   0,   0,   0,   0,   0, 
[457.467s][info ][gc,stats       ]     DSM: CLDG Roots                  36 us, workers (us):  21,   1,   0,  12,   0,   0,   0,   0, 
[457.467s][info ][gc,stats       ]     DSM: Parallel Mark             2332 us, workers (us): 335, 316, 331, 295, 372, 257, 249, 177, 
[457.467s][info ][gc,stats       ]     System Purge                    509 us
[457.467s][info ][gc,stats       ]       Weak References               186 us, parallelism: 0.01x
[457.467s][info ][gc,stats       ]         WRP: <total>                  2 us
[457.467s][info ][gc             ] Failed to allocate Shared, 1024K
[457.467s][info ][gc             ] Cancelling GC: Allocation Failure
[457.467s][info ][gc,stats       ]         WRP: Weak References          2 us, workers (us):   1,   0,   0,   0,   0,   0,   0,   0, 
[457.467s][info ][gc,stats       ]       Unload Classes                175 us, parallelism: 0.91x
[457.467s][info ][gc,stats       ]         DCU: <total>                160 us
[457.467s][info ][gc,stats       ]         DCU: Unload Code Caches      160 us, workers (us):  66,  46,  24,  18,   6,   0,   0,   0, 
[457.467s][info ][gc,stats       ]       Weak Roots                    146 us, parallelism: 0.13x
[457.467s][info ][gc,stats       ]         DWR: <total>                 19 us
[457.467s][info ][gc,stats       ]         DWR: VM Weak Roots           19 us, workers (us):  14,   0,   1,   0,   1,   0,   1,   1, 
[457.467s][info ][gc,stats       ]       CLDG                            1 us
[457.467s][info ][gc,stats       ]   Update Region States              119 us
[457.467s][info ][gc,stats       ]   Manage GC/TLABs                    13 us
[457.467s][info ][gc,stats       ]   Choose Collection Set              49 us
[457.467s][info ][gc,stats       ]   Rebuild Free Set                   12 us
[457.467s][info ][gc,stats       ]   Evacuation                        364 us
[457.467s][info ][gc,stats       ]   Manage GCLABs                       3 us
[457.467s][info ][gc,stats       ]   Update References                1329 us
[457.467s][info ][gc,stats       ]   Update Region States              110 us
[457.467s][info ][gc,stats       ]   Trash Collection Set                3 us
[457.467s][info ][gc,stats       ]   Rebuild Free Set                   11 us
[457.467s][info ][gc,stats       ]   Degen Update Roots                289 us, parallelism: 1.06x
[457.467s][info ][gc,stats       ]     DU: <total>                     305 us
[457.467s][info ][gc,stats       ]     DU: Thread Roots                 91 us, workers (us):  17,   0,  22,  16,  18,  16,   2,   0, 
[457.467s][info ][gc,stats       ]     DU: Code Cache Roots            148 us, workers (us):   0, 147,   0,   0,   0,   0,   0,   0, 
[457.467s][info ][gc,stats       ]     DU: VM Strong Roots               5 us, workers (us):   3,   0,   0,   0,   0,   0,   0,   0, 
[457.467s][info ][gc,stats       ]     DU: VM Weak Roots                44 us, workers (us):  41,   1,   0,   1,   1,   1,   0,   0, 
[457.467s][info ][gc,stats       ]     DU: CLDG Roots                   18 us, workers (us):  15,   1,   0,   0,   0,   0,   0,   0, 
[457.467s][info ][gc,stats       ]   Cleanup                            82 us
[457.467s][info ][gc,stats       ]   Pre Heap Dump                       1 us
[457.467s][info ][gc,stats       ]   Prepare                           690 us
[457.467s][info ][gc,stats       ]   Mark                             1029 us, parallelism: 3.17x
[457.467s][info ][gc,stats       ]     FM: <total>                    3268 us
[457.467s][info ][gc,stats       ]     FM: Thread Roots                 63 us, workers (us):  32,  17,   9,   0,   1,   1,   1,   1, 
[457.467s][info ][gc,stats       ]     FM: VM Strong Roots               4 us, workers (us):   0,   2,   1,   0,   0,   0,   0,   0, 
[457.467s][info ][gc,stats       ]     FM: CLDG Roots                   22 us, workers (us):  19,   0,   0,   0,   1,   1,   0,   0, 
[457.468s][info ][gc,stats       ]     FM: Parallel Mark              3179 us, workers (us): 400, 414, 457, 408, 447, 421, 341, 292, 
[457.468s][info ][gc,stats       ]     System Purge                    421 us
[457.468s][info ][gc,stats       ]       Weak References               146 us, parallelism: 0.01x
[457.468s][info ][gc,stats       ]         WRP: <total>                  2 us
[457.468s][info ][gc,stats       ]         WRP: Weak References          2 us, workers (us):   1,   0,   0,   0,   0,   0,   0,   0, 
[457.468s][info ][gc,stats       ]       Unload Classes                164 us, parallelism: 1.34x
[457.468s][info ][gc,stats       ]         CU: <total>                 219 us
[457.468s][info ][gc,stats       ]         CU: Unload Code Caches      219 us, workers (us):  81,  74,  17,  20,  20,   7,   0,   0, 
[457.468s][info ][gc,stats       ]       Weak Roots                    108 us, parallelism: 0.24x
[457.468s][info ][gc,stats       ]         WR: <total>                  26 us
[457.468s][info ][gc,stats       ]         WR: VM Weak Roots            26 us, workers (us):  14,   7,   1,   1,   1,   1,   1,   1, 
[457.468s][info ][gc,stats       ]       CLDG                            1 us
[457.468s][info ][gc,stats       ]   Calculate Addresses               504 us
[457.468s][info ][gc,stats       ]     Regular Objects                 328 us
[457.468s][info ][gc,stats       ]     Humongous Objects               124 us
[457.468s][info ][gc,stats       ]   Adjust Pointers                  1056 us
[457.468s][info ][gc,stats       ]     FA: <total>                     194 us
[457.468s][info ][gc,stats       ]     FA: Thread Roots                 42 us, workers (us):   1,  27,   7,   6,   0,   0,   0,   1, 
[457.468s][info ][gc,stats       ]     FA: Code Cache Roots            126 us, workers (us): 125,   0,   0,   0,   0,   0,   0,   0, 
[457.468s][info ][gc,stats       ]     FA: VM Strong Roots               3 us, workers (us):   2,   0,   0,   0,   0,   0,   0,   0, 
[457.468s][info ][gc,stats       ]     FA: VM Weak Roots                13 us, workers (us):  11,   1,   0,   0,   0,   0,   0,   0, 
[457.468s][info ][gc,stats       ]     FA: CLDG Roots                   10 us, workers (us):   8,   0,   0,   0,   0,   0,   0,   0, 
[457.468s][info ][gc,stats       ]   Copy Objects                     1488 us
[457.468s][info ][gc,stats       ]     Regular Objects                 318 us
[457.468s][info ][gc,stats       ]     Humongous Objects                36 us
[457.468s][info ][gc,stats       ]     Reset Complete Bitmap          1091 us
[457.468s][info ][gc,stats       ]     Rebuild Region Sets              42 us
[457.468s][info ][gc,stats       ]   Post Heap Dump                      0 us
[457.468s][info ][gc,stats       ] 
[457.468s][info ][gc,stats       ] Allocation pacing accrued:
[457.468s][info ][gc,stats       ]       0 of    11 ms (  0.0%): <total>
[457.468s][info ][gc,stats       ]       0 of    11 ms (  0.0%): <average total>
[457.468s][info ][gc,stats       ] 
[457.468s][info ][gc,metaspace   ] Metaspace: 253K(448K)->253K(448K) NonClass: 247K(320K)->247K(320K) Class: 5K(128K)->5K(128K)
[457.468s][info ][gc,ergo        ] Pacer for Idle. Initial: 41943K, Alloc Tax Rate: 1.0x
[457.469s][info ][gc             ] Trigger: Handle Allocation Failure
[457.469s][info ][gc,ergo        ] Free: 1520K, Max: 1024K regular, 1024K humongous, Frag: 0% external, 25% internal; Reserve: 103M, Max: 1024K
[457.469s][info ][gc,start       ] GC(28482) Pause Degenerated GC (Outside of Cycle)
[457.469s][info ][gc,task        ] GC(28482) Using 8 of 8 workers for stw degenerated gc
[457.469s][info ][gc,ref         ] GC(28482) Clearing All SoftReferences
[457.470s][info ][gc,ref         ] GC(28482) Encountered references: Soft: 7, Weak: 34, Final: 0, Phantom: 1
[457.470s][info ][gc,ref         ] GC(28482) Discovered  references: Soft: 4, Weak: 9, Final: 0, Phantom: 1
[457.470s][info ][gc,ref         ] GC(28482) Enqueued    references: Soft: 0, Weak: 0, Final: 0, Phantom: 0
[457.470s][debug][gc,phases,start] GC(28482) ClassLoaderData
[457.470s][debug][gc,phases      ] GC(28482) ClassLoaderData 0.010ms
[457.470s][debug][gc,phases,start] GC(28482) Trigger cleanups
[457.470s][debug][gc,phases      ] GC(28482) Trigger cleanups 0.005ms
[457.470s][info ][gc,ergo        ] GC(28482) Adaptive CSet Selection. Target Free: 290M, Actual Free: 104M, Max CSet: 87381K, Min Garbage: 186M
[457.470s][info ][gc,ergo        ] GC(28482) Collectable Garbage: 0B (0%), Immediate: 0B (0%), CSet: 0B (0%)
[457.473s][info ][gc,ergo        ] GC(28482) Bad progress for free space: 1024K, need 20971K
[457.473s][info ][gc             ] GC(28482) Cancelling GC: Upgrade To Full GC
[457.474s][info ][gc,phases,start] GC(28482) Phase 1: Mark live objects
[457.474s][info ][gc,ref         ] GC(28482) Clearing All SoftReferences
[457.474s][info ][gc,ref         ] GC(28482) Clearing All SoftReferences
[457.474s][info ][gc,ref         ] GC(28482) Encountered references: Soft: 7, Weak: 34, Final: 0, Phantom: 1
[457.474s][info ][gc,ref         ] GC(28482) Discovered  references: Soft: 4, Weak: 4, Final: 0, Phantom: 1
[457.474s][info ][gc,ref         ] GC(28482) Enqueued    references: Soft: 0, Weak: 0, Final: 0, Phantom: 0
[457.475s][debug][gc,phases,start] GC(28482) ClassLoaderData
[457.475s][debug][gc,phases      ] GC(28482) ClassLoaderData 0.012ms
[457.475s][debug][gc,phases,start] GC(28482) Trigger cleanups
[457.475s][debug][gc,phases      ] GC(28482) Trigger cleanups 0.005ms
[457.475s][info ][gc,phases      ] GC(28482) Phase 1: Mark live objects 1.118ms
[457.475s][info ][gc,phases,start] GC(28482) Phase 2: Compute new object addresses
[457.475s][info ][gc,phases      ] GC(28482) Phase 2: Compute new object addresses 0.487ms
[457.475s][info ][gc,phases,start] GC(28482) Phase 3: Adjust pointers
[457.476s][info ][gc,phases      ] GC(28482) Phase 3: Adjust pointers 1.044ms
[457.476s][info ][gc,phases,start] GC(28482) Phase 4: Move objects
[457.478s][info ][gc,phases      ] GC(28482) Phase 4: Move objects 1.391ms
[457.478s][info ][gc,ergo        ] GC(28482) Bad progress for free space: 1520K, need 20971K
[457.478s][info ][gc             ] GC(28482) Pause Degenerated GC (Outside of Cycle) 1003M->1003M(2048M) 8.978ms
[457.478s][debug][gc,ergo        ] GC(28482) Margin of error now 3.29
[457.478s][debug][gc,ergo        ] GC(28482) Spike threshold now: 0.32
[457.478s][info ][gc,ergo        ] Free: 1520K, Max: 1024K regular, 1024K humongous, Frag: 0% external, 25% internal; Reserve: 103M, Max: 1024K
[457.478s][info ][gc             ] Failed to allocate Shared, 1024K
[457.478s][info ][gc             ] Cancelling GC: Allocation Failure
[457.478s][info ][gc,stats       ] 
[457.478s][info ][gc,stats       ] All times are wall-clock times, except per-root-class counters, that are sum over
[457.478s][info ][gc,stats       ] all workers. Dividing the <total> over the root stage time estimates parallelism.
[457.478s][info ][gc,stats       ] 
[457.478s][info ][gc,stats       ] Pause Degenerated GC (G)           9069 us
[457.478s][info ][gc,stats       ] Pause Degenerated GC (N)           8986 us
[457.478s][info ][gc,stats       ]   Degen STW Mark                    405 us, parallelism: 5.58x
[457.478s][info ][gc,stats       ]     DSM: <total>                   2260 us
[457.478s][info ][gc,stats       ]     DSM: Thread Roots                58 us, workers (us):  30,  17,   7,   0,   1,   1,   1,   1, 
[457.478s][info ][gc,stats       ]     DSM: VM Strong Roots              3 us, workers (us):   0,   1,   1,   0,   0,   0,   0,   0, 
[457.478s][info ][gc,stats       ]     DSM: CLDG Roots                  17 us, workers (us):  14,   0,   0,   0,   0,   0,   1,   0, 
[457.478s][info ][gc,stats       ]     DSM: Parallel Mark             2182 us, workers (us): 268, 303, 299, 284, 292, 243, 256, 237, 
[457.478s][info ][gc,stats       ]     System Purge                    458 us
[457.478s][info ][gc,stats       ]       Weak References               158 us, parallelism: 0.02x
[457.478s][info ][gc,stats       ]         WRP: <total>                  2 us
[457.478s][info ][gc,stats       ]         WRP: Weak References          2 us, workers (us):   2,   0,   0,   0,   0,   0,   0,   0, 
[457.478s][info ][gc,stats       ]       Unload Classes                161 us, parallelism: 1.17x
[457.478s][info ][gc,stats       ]         DCU: <total>                188 us
[457.478s][info ][gc,stats       ]         DCU: Unload Code Caches      188 us, workers (us):  98,  73,  16,   1,   0,   0,   0,   0, 
[457.478s][info ][gc,stats       ]       Weak Roots                    137 us, parallelism: 0.14x
[457.478s][info ][gc,stats       ]         DWR: <total>                 19 us
[457.478s][info ][gc,stats       ]         DWR: VM Weak Roots           19 us, workers (us):  14,   1,   0,   0,   1,   1,   1,   1, 
[457.478s][info ][gc,stats       ]       CLDG                            1 us
[457.478s][info ][gc,stats       ]   Update Region States              129 us
[457.478s][info ][gc,stats       ]   Manage GC/TLABs                     3 us
[457.478s][info ][gc,stats       ]   Choose Collection Set              31 us
[457.478s][info ][gc,stats       ]   Rebuild Free Set                   13 us
[457.478s][info ][gc,stats       ]   Evacuation                        528 us
[457.478s][info ][gc,stats       ]   Manage GCLABs                       3 us
[457.478s][info ][gc,stats       ]   Update References                1411 us
[457.478s][info ][gc,stats       ]   Update Region States              124 us
[457.478s][info ][gc,stats       ]   Trash Collection Set                3 us
[457.478s][info ][gc,stats       ]   Rebuild Free Set                   21 us
[457.478s][info ][gc,stats       ]   Degen Update Roots                293 us, parallelism: 1.13x
[457.478s][info ][gc,stats       ]     DU: <total>                     332 us
[457.478s][info ][gc,stats       ]     DU: Thread Roots                 93 us, workers (us):  23,   1,  31,  22,  16,   0,   0,   0, 
[457.478s][info ][gc,stats       ]     DU: Code Cache Roots            186 us, workers (us):   0, 186,   0,   0,   0,   0,   0,   0, 
[457.478s][info ][gc,stats       ]     DU: VM Strong Roots               5 us, workers (us):   4,   0,   0,   0,   0,   0,   0,   0, 
[457.478s][info ][gc,stats       ]     DU: VM Weak Roots                29 us, workers (us):  14,  12,   1,   1,   0,   1,   0,   0, 
[457.478s][info ][gc,stats       ]     DU: CLDG Roots                   19 us, workers (us):  15,   2,   1,   1,   0,   1,   0,   0, 
[457.478s][info ][gc,stats       ]   Cleanup                           101 us
[457.478s][info ][gc,stats       ]   Pre Heap Dump                       1 us
[457.478s][info ][gc,stats       ]   Prepare                           695 us
[457.478s][info ][gc,stats       ]   Mark                             1103 us, parallelism: 2.53x
[457.478s][info ][gc,stats       ]     FM: <total>                    2793 us
[457.478s][info ][gc,stats       ]     FM: Thread Roots                115 us, workers (us):  77,  32,   0,   1,   1,   1,   1,   1, 
[457.478s][info ][gc,stats       ]     FM: VM Strong Roots               4 us, workers (us):   2,   1,   0,   0,   0,   0,   0,   0, 
[457.478s][info ][gc,stats       ]     FM: CLDG Roots                   19 us, workers (us):   0,   0,  15,   0,   1,   1,   1,   1, 
[457.478s][info ][gc,stats       ]     FM: Parallel Mark              2655 us, workers (us): 374, 363, 338, 322, 336, 324, 320, 278, 
[457.478s][info ][gc,stats       ]     System Purge                    491 us
[457.478s][info ][gc,stats       ]       Weak References               203 us, parallelism: 0.01x
[457.478s][info ][gc,stats       ]         WRP: <total>                  3 us
[457.479s][info ][gc,stats       ]         WRP: Weak References          3 us, workers (us):   2,   0,   0,   0,   0,   0,   0,   0, 
[457.479s][info ][gc,stats       ]       Unload Classes                155 us, parallelism: 1.41x
[457.479s][info ][gc,stats       ]         CU: <total>                 219 us
[457.479s][info ][gc,stats       ]         CU: Unload Code Caches      219 us, workers (us):  85,  76,  58,   0,   0,   0,   0,   0, 
[457.479s][info ][gc,stats       ]       Weak Roots                    129 us, parallelism: 0.25x
[457.479s][info ][gc,stats       ]         WR: <total>                  33 us
[457.479s][info ][gc,stats       ]         WR: VM Weak Roots            33 us, workers (us):  24,   5,   1,   1,   1,   0,   1,   1, 
[457.479s][info ][gc,stats       ]       CLDG                            0 us
[457.479s][info ][gc,stats       ]   Calculate Addresses               482 us
[457.479s][info ][gc,stats       ]     Regular Objects                 323 us
[457.479s][info ][gc,stats       ]     Humongous Objects               105 us
[457.479s][info ][gc,stats       ]   Adjust Pointers                  1038 us
[457.479s][info ][gc,stats       ]     FA: <total>                     174 us
[457.479s][info ][gc,stats       ]     FA: Thread Roots                 46 us, workers (us):  28,   0,  16,   1,   0,   0,   1,   0, 
[457.479s][info ][gc,stats       ]     FA: Code Cache Roots            100 us, workers (us):   0,  99,   0,   0,   0,   0,   0,   0, 
[457.479s][info ][gc,stats       ]     FA: VM Strong Roots               4 us, workers (us):   2,   0,   0,   0,   0,   0,   0,   0, 
[457.479s][info ][gc,stats       ]     FA: VM Weak Roots                14 us, workers (us):  12,   0,   1,   1,   0,   0,   1,   0, 
[457.479s][info ][gc,stats       ]     FA: CLDG Roots                   10 us, workers (us):   8,   1,   0,   0,   0,   0,   0,   0, 
[457.479s][info ][gc,stats       ]   Copy Objects                     1385 us
[457.479s][info ][gc,stats       ]     Regular Objects                 359 us
[457.479s][info ][gc,stats       ]     Humongous Objects                34 us
[457.479s][info ][gc,stats       ]     Reset Complete Bitmap           938 us
[457.479s][info ][gc,stats       ]     Rebuild Region Sets              54 us
[457.479s][info ][gc,stats       ]   Post Heap Dump                      1 us
[457.479s][info ][gc,stats       ] 
[457.479s][info ][gc,stats       ] Allocation pacing accrued:
[457.479s][info ][gc,stats       ]       0 of    11 ms (  0.0%): <total>
[457.479s][info ][gc,stats       ]       0 of    11 ms (  0.0%): <average total>
[457.479s][info ][gc,stats       ] 
[457.479s][info ][gc,metaspace   ] Metaspace: 253K(448K)->253K(448K) NonClass: 247K(320K)->247K(320K) Class: 5K(128K)->5K(128K)
[457.479s][info ][gc,ergo        ] Pacer for Idle. Initial: 41943K, Alloc Tax Rate: 1.0x
[457.480s][info ][gc             ] Trigger: Handle Allocation Failure
[457.480s][info ][gc,ergo        ] Free: 1520K, Max: 1024K regular, 1024K humongous, Frag: 0% external, 25% internal; Reserve: 103M, Max: 1024K
[457.480s][info ][gc,start       ] GC(28483) Pause Degenerated GC (Outside of Cycle)
[457.480s][info ][gc,task        ] GC(28483) Using 8 of 8 workers for stw degenerated gc
[457.480s][info ][gc,ref         ] GC(28483) Clearing All SoftReferences
[457.481s][info ][gc,ref         ] GC(28483) Encountered references: Soft: 7, Weak: 34, Final: 0, Phantom: 1
[457.481s][info ][gc,ref         ] GC(28483) Discovered  references: Soft: 4, Weak: 4, Final: 0, Phantom: 0
[457.481s][info ][gc,ref         ] GC(28483) Enqueued    references: Soft: 0, Weak: 0, Final: 0, Phantom: 0
[457.481s][debug][gc,phases,start] GC(28483) ClassLoaderData
[457.481s][debug][gc,phases      ] GC(28483) ClassLoaderData 0.010ms
[457.481s][debug][gc,phases,start] GC(28483) Trigger cleanups
[457.481s][debug][gc,phases      ] GC(28483) Trigger cleanups 0.005ms
[457.481s][info ][gc,ergo        ] GC(28483) Adaptive CSet Selection. Target Free: 290M, Actual Free: 104M, Max CSet: 87381K, Min Garbage: 186M
[457.481s][info ][gc,ergo        ] GC(28483) Collectable Garbage: 0B (0%), Immediate: 0B (0%), CSet: 0B (0%)
[457.484s][info ][gc,ergo        ] GC(28483) Bad progress for free space: 1024K, need 20971K
[457.484s][info ][gc             ] GC(28483) Cancelling GC: Upgrade To Full GC
[457.485s][info ][gc,phases,start] GC(28483) Phase 1: Mark live objects
[457.485s][info ][gc,ref         ] GC(28483) Clearing All SoftReferences
[457.485s][info ][gc,ref         ] GC(28483) Clearing All SoftReferences
[457.485s][info ][gc,ref         ] GC(28483) Encountered references: Soft: 7, Weak: 34, Final: 0, Phantom: 1
[457.485s][info ][gc,ref         ] GC(28483) Discovered  references: Soft: 4, Weak: 1, Final: 0, Phantom: 1
[457.485s][info ][gc,ref         ] GC(28483) Enqueued    references: Soft: 0, Weak: 0, Final: 0, Phantom: 0
[457.486s][debug][gc,phases,start] GC(28483) ClassLoaderData
[457.486s][debug][gc,phases      ] GC(28483) ClassLoaderData 0.013ms
[457.486s][debug][gc,phases,start] GC(28483) Trigger cleanups
[457.486s][debug][gc,phases      ] GC(28483) Trigger cleanups 0.005ms
[457.486s][info ][gc,phases      ] GC(28483) Phase 1: Mark live objects 1.088ms
[457.486s][info ][gc,phases,start] GC(28483) Phase 2: Compute new object addresses
[457.486s][info ][gc,phases      ] GC(28483) Phase 2: Compute new object addresses 0.447ms
[457.486s][info ][gc,phases,start] GC(28483) Phase 3: Adjust pointers
[457.487s][info ][gc,phases      ] GC(28483) Phase 3: Adjust pointers 1.069ms
[457.487s][info ][gc,phases,start] GC(28483) Phase 4: Move objects
[457.489s][info ][gc,phases      ] GC(28483) Phase 4: Move objects 1.708ms
[457.489s][info ][gc,ergo        ] GC(28483) Bad progress for free space: 1520K, need 20971K
[457.489s][info ][gc             ] GC(28483) Pause Degenerated GC (Outside of Cycle) 1003M->1003M(2048M) 9.305ms
[457.489s][debug][gc,ergo        ] GC(28483) Margin of error now 3.29
[457.489s][debug][gc,ergo        ] GC(28483) Spike threshold now: 0.32
[457.489s][info ][gc,ergo        ] Free: 1520K, Max: 1024K regular, 1024K humongous, Frag: 0% external, 25% internal; Reserve: 103M, Max: 1024K
[457.489s][info ][gc,stats       ] 
[457.489s][info ][gc,stats       ] All times are wall-clock times, except per-root-class counters, that are sum over
[457.490s][info ][gc,stats       ] all workers. Dividing the <total> over the root stage time estimates parallelism.
[457.490s][info ][gc,stats       ] 
[457.490s][info ][gc,stats       ] Pause Degenerated GC (G)           9405 us
[457.490s][info ][gc,stats       ] Pause Degenerated GC (N)           9313 us
[457.490s][info ][gc,stats       ]   Degen STW Mark                    479 us, parallelism: 5.62x
[457.490s][info ][gc,stats       ]     DSM: <total>                   2693 us
[457.490s][info ][gc,stats       ]     DSM: Thread Roots                56 us, workers (us):  28,  17,   7,   0,   1,   1,   1,   1, 
[457.490s][info ][gc,stats       ]     DSM: VM Strong Roots              4 us, workers (us):   2,   0,   1,   0,   0,   0,   0,   0, 
[457.490s][info ][gc,stats       ]     DSM: CLDG Roots                  17 us, workers (us):   0,  14,   0,   0,   0,   0,   0,   1, 
[457.490s][info ][gc,stats       ]     DSM: Parallel Mark             2616 us, workers (us): 346, 359, 359, 376, 352, 279, 295, 249, 
[457.490s][info ][gc             ] Failed to allocate Shared, 1024K
[457.490s][info ][gc             ] Cancelling GC: Allocation Failure
[457.490s][info ][gc,stats       ]     System Purge                    383 us
[457.490s][info ][gc,stats       ]       Weak References               136 us, parallelism: 0.01x
[457.490s][info ][gc,stats       ]         WRP: <total>                  2 us
[457.490s][info ][gc,stats       ]         WRP: Weak References          2 us, workers (us):   1,   0,   0,   0,   0,   0,   0,   0, 
[457.490s][info ][gc,stats       ]       Unload Classes                135 us, parallelism: 1.09x
[457.490s][info ][gc,stats       ]         DCU: <total>                147 us
[457.490s][info ][gc,stats       ]         DCU: Unload Code Caches      147 us, workers (us):  50,  42,  37,  18,   0,   0,   0,   0, 
[457.490s][info ][gc,stats       ]       Weak Roots                    111 us, parallelism: 0.31x
[457.490s][info ][gc,stats       ]         DWR: <total>                 35 us
[457.490s][info ][gc,stats       ]         DWR: VM Weak Roots           35 us, workers (us):  28,   2,   1,   1,   2,   1,   1,   1, 
[457.490s][info ][gc,stats       ]       CLDG                            1 us
[457.490s][info ][gc,stats       ]   Update Region States              110 us
[457.490s][info ][gc,stats       ]   Manage GC/TLABs                     2 us
[457.490s][info ][gc,stats       ]   Choose Collection Set              31 us
[457.490s][info ][gc,stats       ]   Rebuild Free Set                   13 us
[457.490s][info ][gc,stats       ]   Evacuation                        539 us
[457.490s][info ][gc,stats       ]   Manage GCLABs                       3 us
[457.490s][info ][gc,stats       ]   Update References                1319 us
[457.490s][info ][gc,stats       ]   Update Region States              116 us
[457.490s][info ][gc,stats       ]   Trash Collection Set                3 us
[457.490s][info ][gc,stats       ]   Rebuild Free Set                   20 us
[457.490s][info ][gc,stats       ]   Degen Update Roots                252 us, parallelism: 1.17x
[457.490s][info ][gc,stats       ]     DU: <total>                     295 us
[457.490s][info ][gc,stats       ]     DU: Thread Roots                 94 us, workers (us):   1,  18,  31,  23,  14,   7,   0,   0, 
[457.490s][info ][gc,stats       ]     DU: Code Cache Roots            149 us, workers (us): 148,   0,   0,   0,   0,   0,   0,   0, 
[457.490s][info ][gc,stats       ]     DU: VM Strong Roots               5 us, workers (us):   4,   0,   0,   0,   0,   0,   0,   0, 
[457.490s][info ][gc,stats       ]     DU: VM Weak Roots                29 us, workers (us):  15,  10,   2,   1,   0,   0,   0,   0, 
[457.490s][info ][gc,stats       ]     DU: CLDG Roots                   18 us, workers (us):   2,  14,   1,   1,   0,   0,   0,   0, 
[457.490s][info ][gc,stats       ]   Cleanup                            90 us
[457.490s][info ][gc,stats       ]   Pre Heap Dump                       1 us
[457.490s][info ][gc,stats       ]   Prepare                           887 us
[457.490s][info ][gc,stats       ]   Mark                             1057 us, parallelism: 3.28x
[457.490s][info ][gc,stats       ]     FM: <total>                    3461 us
[457.490s][info ][gc,stats       ]     FM: Thread Roots                116 us, workers (us):  48,  29,  21,  14,   1,   1,   2,   1, 
[457.490s][info ][gc,stats       ]     FM: VM Strong Roots              19 us, workers (us):   2,   0,   4,   0,   0,   0,  11,   0, 
[457.490s][info ][gc,stats       ]     FM: CLDG Roots                   37 us, workers (us):   1,  31,   1,   1,   0,   1,   1,   0, 
[457.490s][info ][gc,stats       ]     FM: Parallel Mark              3290 us, workers (us): 466, 377, 414, 421, 446, 435, 369, 362, 
[457.490s][info ][gc,stats       ]     System Purge                    439 us
[457.490s][info ][gc,stats       ]       Weak References               142 us, parallelism: 0.02x
[457.490s][info ][gc,stats       ]         WRP: <total>                  2 us
[457.490s][info ][gc,stats       ]         WRP: Weak References          2 us, workers (us):   1,   0,   0,   0,   0,   0,   0,   0, 
[457.490s][info ][gc,stats       ]       Unload Classes                188 us, parallelism: 1.45x
[457.490s][info ][gc,stats       ]         CU: <total>                 273 us
[457.490s][info ][gc,stats       ]         CU: Unload Code Caches      273 us, workers (us):  78,  91,  52,  45,   6,   0,   0,   0, 
[457.490s][info ][gc,stats       ]       Weak Roots                    105 us, parallelism: 0.20x
[457.490s][info ][gc,stats       ]         WR: <total>                  21 us
[457.490s][info ][gc,stats       ]         WR: VM Weak Roots            21 us, workers (us):  14,   3,   1,   1,   1,   1,   0,   1, 
[457.490s][info ][gc,stats       ]       CLDG                            1 us
[457.490s][info ][gc,stats       ]   Calculate Addresses               442 us
[457.490s][info ][gc,stats       ]     Regular Objects                 321 us
[457.490s][info ][gc,stats       ]     Humongous Objects                70 us
[457.490s][info ][gc,stats       ]   Adjust Pointers                  1063 us
[457.490s][info ][gc,stats       ]     FA: <total>                     183 us
[457.490s][info ][gc,stats       ]     FA: Thread Roots                 42 us, workers (us):   0,  26,   9,   6,   0,   0,   0,   1, 
[457.490s][info ][gc,stats       ]     FA: Code Cache Roots            116 us, workers (us): 115,   0,   0,   0,   0,   0,   0,   0, 
[457.490s][info ][gc,stats       ]     FA: VM Strong Roots               3 us, workers (us):   2,   0,   0,   0,   0,   0,   0,   0, 
[457.490s][info ][gc,stats       ]     FA: VM Weak Roots                13 us, workers (us):  11,   1,   1,   0,   0,   0,   0,   0, 
[457.490s][info ][gc,stats       ]     FA: CLDG Roots                    9 us, workers (us):   8,   0,   0,   0,   0,   0,   0,   0, 
[457.490s][info ][gc,stats       ]   Copy Objects                     1703 us
[457.490s][info ][gc,stats       ]     Regular Objects                 308 us
[457.490s][info ][gc,stats       ]     Humongous Objects                31 us
[457.490s][info ][gc,stats       ]     Reset Complete Bitmap          1307 us
[457.490s][info ][gc,stats       ]     Rebuild Region Sets              55 us
[457.490s][info ][gc,stats       ]   Post Heap Dump                      1 us
[457.490s][info ][gc,stats       ] 
[457.490s][info ][gc,stats       ] Allocation pacing accrued:
[457.490s][info ][gc,stats       ]       0 of    11 ms (  0.0%): <total>
[457.490s][info ][gc,stats       ]       0 of    11 ms (  0.0%): <average total>
[457.490s][info ][gc,stats       ] 
[457.490s][info ][gc,metaspace   ] Metaspace: 253K(448K)->253K(448K) NonClass: 247K(320K)->247K(320K) Class: 5K(128K)->5K(128K)
[457.490s][info ][gc,ergo        ] Pacer for Idle. Initial: 41943K, Alloc Tax Rate: 1.0x
[457.491s][info ][gc             ] Trigger: Handle Allocation Failure
[457.491s][info ][gc,ergo        ] Free: 1517K, Max: 1021K regular, 0B humongous, Frag: 0% external, 25% internal; Reserve: 103M, Max: 1024K
[457.491s][info ][gc,start       ] GC(28484) Pause Full
[457.491s][info ][gc,task        ] GC(28484) Using 8 of 8 workers for full gc
[457.491s][debug][gc,tlab        ] GC(28484) TLAB totals: thrds: 1  refills: 1 max: 1 slow allocs: 0 max 0 waste: 97.9% gc: 2624B max: 2624B slow: 0B max: 0B
[457.491s][info ][gc,phases,start] GC(28484) Phase 1: Mark live objects
[457.491s][info ][gc,ref         ] GC(28484) Clearing All SoftReferences
[457.492s][info ][gc,ref         ] GC(28484) Clearing All SoftReferences
[457.492s][info ][gc,ref         ] GC(28484) Encountered references: Soft: 7, Weak: 34, Final: 0, Phantom: 1
[457.492s][info ][gc,ref         ] GC(28484) Discovered  references: Soft: 4, Weak: 9, Final: 0, Phantom: 1
[457.492s][info ][gc,ref         ] GC(28484) Enqueued    references: Soft: 0, Weak: 0, Final: 0, Phantom: 0
[457.492s][debug][gc,phases,start] GC(28484) ClassLoaderData
[457.492s][debug][gc,phases      ] GC(28484) ClassLoaderData 0.009ms
[457.492s][debug][gc,phases,start] GC(28484) Trigger cleanups
[457.492s][debug][gc,phases      ] GC(28484) Trigger cleanups 0.003ms
[457.492s][info ][gc,phases      ] GC(28484) Phase 1: Mark live objects 0.901ms
[457.492s][info ][gc,phases,start] GC(28484) Phase 2: Compute new object addresses
[457.493s][info ][gc,phases      ] GC(28484) Phase 2: Compute new object addresses 0.388ms
[457.493s][info ][gc,phases,start] GC(28484) Phase 3: Adjust pointers
[457.494s][info ][gc,phases      ] GC(28484) Phase 3: Adjust pointers 1.049ms
[457.494s][info ][gc,phases,start] GC(28484) Phase 4: Move objects
[457.495s][info ][gc,phases      ] GC(28484) Phase 4: Move objects 1.486ms
[457.495s][info ][gc,ergo        ] GC(28484) Bad progress for free space: 1520K, need 20971K
[457.495s][info ][gc             ] GC(28484) Pause Full 1003M->1003M(2048M) 4.217ms
[457.496s][debug][gc,ergo        ] GC(28484) Margin of error now 3.29
[457.496s][debug][gc,ergo        ] GC(28484) Spike threshold now: 0.32
[457.496s][info ][gc,ergo        ] Free: 1520K, Max: 1024K regular, 1024K humongous, Frag: 0% external, 25% internal; Reserve: 103M, Max: 1024K
[457.496s][info ][gc,stats       ] 
[457.496s][info ][gc,stats       ] All times are wall-clock times, except per-root-class counters, that are sum over
[457.496s][info ][gc,stats       ] all workers. Dividing the <total> over the root stage time estimates parallelism.
[457.496s][info ][gc,stats       ] 
[457.496s][info ][gc,stats       ] Pause Full GC (G)                  4299 us
[457.496s][info ][gc,stats       ] Pause Full GC (N)                  4221 us
[457.496s][info ][gc,stats       ]   Pre Heap Dump                       0 us
[457.496s][info ][gc             ] Failed to allocate Shared, 1024K
[457.496s][info ][gc             ] Cancelling GC: Allocation Failure
[457.496s][info ][gc,stats       ]   Prepare                           152 us
[457.496s][info ][gc,stats       ]   Mark                              894 us, parallelism: 3.00x
[457.496s][info ][gc,stats       ]     FM: <total>                    2680 us
[457.496s][info ][gc,stats       ]     FM: Thread Roots                 52 us, workers (us):  28,  14,   7,   0,   1,   0,   1,   1, 
[457.496s][info ][gc,stats       ]     FM: VM Strong Roots               3 us, workers (us):   0,   2,   0,   0,   0,   0,   0,   0, 
[457.496s][info ][gc,stats       ]     FM: CLDG Roots                   16 us, workers (us):  14,   0,   0,   0,   1,   0,   0,   1, 
[457.496s][info ][gc,stats       ]     FM: Parallel Mark              2609 us, workers (us): 353, 381, 372, 349, 369, 314, 242, 229, 
[457.496s][info ][gc,stats       ]     System Purge                    388 us
[457.496s][info ][gc,stats       ]       Weak References               147 us, parallelism: 0.02x
[457.496s][info ][gc,stats       ]         WRP: <total>                  2 us
[457.496s][info ][gc,stats       ]         WRP: Weak References          2 us, workers (us):   2,   0,   0,   0,   0,   0,   0,   0, 
[457.496s][info ][gc,stats       ]       Unload Classes                127 us, parallelism: 1.47x
[457.496s][info ][gc,stats       ]         CU: <total>                 187 us
[457.496s][info ][gc,stats       ]         CU: Unload Code Caches      187 us, workers (us):  45,  65,  35,  42,   0,   0,   0,   0, 
[457.496s][info ][gc,stats       ]       Weak Roots                    112 us, parallelism: 0.19x
[457.496s][info ][gc,stats       ]         WR: <total>                  22 us
[457.496s][info ][gc,stats       ]         WR: VM Weak Roots            22 us, workers (us):   9,   7,   1,   1,   1,   1,   0,   1, 
[457.496s][info ][gc,stats       ]       CLDG                            0 us
[457.496s][info ][gc,stats       ]   Calculate Addresses               384 us
[457.496s][info ][gc,stats       ]     Regular Objects                 303 us
[457.496s][info ][gc,stats       ]     Humongous Objects                39 us
[457.496s][info ][gc,stats       ]   Adjust Pointers                  1046 us
[457.496s][info ][gc,stats       ]     FA: <total>                     236 us
[457.496s][info ][gc,stats       ]     FA: Thread Roots                 48 us, workers (us):  45,   1,   1,   0,   0,   0,   1,   0, 
[457.496s][info ][gc,stats       ]     FA: Code Cache Roots            163 us, workers (us):   0, 163,   0,   0,   0,   0,   0,   0, 
[457.496s][info ][gc,stats       ]     FA: VM Strong Roots               2 us, workers (us):   2,   0,   0,   0,   0,   0,   0,   0, 
[457.496s][info ][gc,stats       ]     FA: VM Weak Roots                12 us, workers (us):  10,   0,   0,   0,   0,   0,   0,   0, 
[457.496s][info ][gc,stats       ]     FA: CLDG Roots                   10 us, workers (us):   8,   0,   1,   0,   0,   0,   0,   0, 
[457.496s][info ][gc,stats       ]   Copy Objects                     1482 us
[457.496s][info ][gc,stats       ]     Regular Objects                 388 us
[457.496s][info ][gc,stats       ]     Humongous Objects                28 us
[457.496s][info ][gc,stats       ]     Reset Complete Bitmap          1032 us
[457.496s][info ][gc,stats       ]     Rebuild Region Sets              33 us
[457.496s][info ][gc,stats       ]   Post Heap Dump                      0 us
[457.496s][info ][gc,stats       ] 
[457.496s][info ][gc,stats       ] Allocation pacing accrued:
[457.496s][info ][gc,stats       ]       0 of     6 ms (  0.0%): <total>
[457.496s][info ][gc,stats       ]       0 of     6 ms (  0.0%): <average total>
[457.496s][info ][gc,stats       ] 
[457.496s][info ][gc,metaspace   ] Metaspace: 253K(448K)->253K(448K) NonClass: 247K(320K)->247K(320K) Class: 5K(128K)->5K(128K)
[457.496s][info ][gc,ergo        ] Pacer for Idle. Initial: 41943K, Alloc Tax Rate: 1.0x
[457.496s][info ][gc,start       ] Concurrent uncommit
[457.503s][info ][gc             ] Concurrent uncommit 1003M->1003M(1944M) 7.222ms
[457.505s][info ][gc             ] Trigger: Handle Allocation Failure
[457.505s][info ][gc,ergo        ] Free: 1520K, Max: 1024K regular, 1024K humongous, Frag: 0% external, 25% internal; Reserve: 103M, Max: 1024K
[457.505s][info ][gc,start       ] GC(28485) Pause Degenerated GC (Outside of Cycle)
[457.505s][info ][gc,task        ] GC(28485) Using 8 of 8 workers for stw degenerated gc
[457.505s][info ][gc,ref         ] GC(28485) Clearing All SoftReferences
[457.505s][info ][gc,ref         ] GC(28485) Encountered references: Soft: 7, Weak: 34, Final: 0, Phantom: 1
[457.505s][info ][gc,ref         ] GC(28485) Discovered  references: Soft: 4, Weak: 1, Final: 0, Phantom: 1
[457.505s][info ][gc,ref         ] GC(28485) Enqueued    references: Soft: 0, Weak: 0, Final: 0, Phantom: 0
[457.506s][debug][gc,phases,start] GC(28485) ClassLoaderData
[457.506s][debug][gc,phases      ] GC(28485) ClassLoaderData 0.032ms
[457.506s][debug][gc,phases,start] GC(28485) Trigger cleanups
[457.506s][debug][gc,phases      ] GC(28485) Trigger cleanups 0.005ms
[457.506s][info ][gc,ergo        ] GC(28485) Collectable Garbage: 78849K (100%), Immediate: 78849K (100%), CSet: 0B (0%)
[457.506s][info ][gc,ergo        ] GC(28485) Good progress for free space: 155M, need 20971K
[457.506s][info ][gc,ergo        ] GC(28485) Good progress for used space: 78849K, need 1024K
[457.506s][info ][gc             ] GC(28485) Pause Degenerated GC (Outside of Cycle) 1003M->926M(1944M) 1.589ms
[457.506s][debug][gc,ergo        ] GC(28485) Margin of error now 3.29
[457.506s][debug][gc,ergo        ] GC(28485) Spike threshold now: 0.32
[457.506s][info ][gc,ergo        ] Free: 155M, Max: 1024K regular, 100352K humongous, Frag: 37% external, 0% internal; Reserve: 103M, Max: 1024K
[457.507s][info ][gc,stats       ] 
[457.507s][info ][gc,stats       ] All times are wall-clock times, except per-root-class counters, that are sum over
[457.507s][info ][gc,stats       ] all workers. Dividing the <total> over the root stage time estimates parallelism.
[457.507s][info ][gc,stats       ] 
[457.507s][info ][gc,stats       ] Pause Degenerated GC (G)           1697 us
[457.507s][info ][gc,stats       ] Pause Degenerated GC (N)           1596 us
[457.507s][info ][gc,stats       ]   Degen STW Mark                    486 us, parallelism: 5.89x
[457.507s][info ][gc,stats       ]     DSM: <total>                   2861 us
[457.507s][info ][gc,stats       ]     DSM: Thread Roots                87 us, workers (us):  38,  25,  17,   5,   1,   0,   1,   0, 
[457.507s][info ][gc,stats       ]     DSM: VM Strong Roots              5 us, workers (us):   1,   1,   0,   1,   0,   0,   0,   0, 
[457.507s][info ][gc,stats       ]     DSM: CLDG Roots                  20 us, workers (us):   1,   1,  16,   1,   1,   0,   1,   0, 
[457.507s][info ][gc,stats       ]     DSM: Parallel Mark             2749 us, workers (us): 332, 364, 360, 352, 340, 327, 335, 338, 
[457.507s][info ][gc,stats       ]     System Purge                    409 us
[457.507s][info ][gc,stats       ]       Weak References               142 us, parallelism: 0.01x
[457.507s][info ][gc,stats       ]         WRP: <total>                  2 us
[457.507s][info ][gc,stats       ]         WRP: Weak References          2 us, workers (us):   1,   0,   0,   0,   0,   0,   0,   0, 
[457.507s][info ][gc,stats       ]       Unload Classes                158 us, parallelism: 1.13x
[457.507s][info ][gc,stats       ]         DCU: <total>                179 us
[457.507s][info ][gc,stats       ]         DCU: Unload Code Caches      179 us, workers (us):  67,  45,  23,  20,  23,   0,   0,   0, 
[457.507s][info ][gc,stats       ]       Weak Roots                    107 us, parallelism: 0.20x
[457.507s][info ][gc,stats       ]         DWR: <total>                 22 us
[457.507s][info ][gc,stats       ]         DWR: VM Weak Roots           22 us, workers (us):  15,   2,   0,   1,   1,   1,   1,   1, 
[457.507s][info ][gc,stats       ]       CLDG                            1 us
[457.507s][info ][gc,stats       ]   Update Region States              103 us
[457.507s][info ][gc,stats       ]   Manage GC/TLABs                     3 us
[457.507s][info ][gc,stats       ]   Choose Collection Set              48 us
[457.507s][info ][gc,stats       ]   Rebuild Free Set                   11 us
[457.507s][info ][gc,stats       ]   Cleanup                            88 us
[457.507s][info ][gc,stats       ] 
[457.507s][info ][gc,stats       ] Allocation pacing accrued:
[457.507s][info ][gc,stats       ]       0 of    11 ms (  0.0%): <total>
[457.507s][info ][gc,stats       ]       0 of    11 ms (  0.0%): <average total>
[457.507s][info ][gc,stats       ] 
[457.507s][info ][gc,metaspace   ] Metaspace: 253K(448K)->253K(448K) NonClass: 247K(320K)->247K(320K) Class: 5K(128K)->5K(128K)
[457.507s][info ][gc,ergo        ] Pacer for Idle. Initial: 41943K, Alloc Tax Rate: 1.0x
[457.508s][info ][gc             ] Trigger: Free (141M) is below minimum threshold (204M)
[457.508s][info ][gc,ergo        ] Free: 139M, Max: 1024K regular, 90112K humongous, Frag: 37% external, 0% internal; Reserve: 103M, Max: 1024K
[457.508s][info ][gc,start       ] GC(28486) Concurrent reset
[457.508s][info ][gc,task        ] GC(28486) Using 4 of 8 workers for concurrent reset
[457.508s][info ][gc,ergo        ] GC(28486) Pacer for Reset. Non-Taxable: 2048M
[457.510s][info ][gc             ] GC(28486) Concurrent reset 1.505ms
[457.516s][info ][gc,start       ] GC(28486) Pause Init Mark (unload classes)
[457.516s][info ][gc,task        ] GC(28486) Using 8 of 8 workers for init marking
[457.516s][info ][gc,ergo        ] GC(28486) Pacer for Mark. Expected Live: 4668M, Free: 122M, Non-Taxable: 12542K, Alloc Tax Rate: 46.6x
[457.516s][info ][gc             ] GC(28486) Pause Init Mark (unload classes) 0.181ms
[457.516s][info ][gc,start       ] GC(28486) Concurrent marking roots
[457.516s][info ][gc,task        ] GC(28486) Using 4 of 8 workers for concurrent marking roots
[457.517s][info ][gc             ] GC(28486) Concurrent marking roots 0.175ms
[457.517s][info ][gc,start       ] GC(28486) Concurrent marking (unload classes)
[457.517s][info ][gc,task        ] GC(28486) Using 4 of 8 workers for concurrent marking
[457.517s][info ][gc             ] GC(28486) Concurrent marking (unload classes) 0.711ms
[457.517s][info ][gc,start       ] GC(28486) Pause Final Mark (unload classes)
[457.517s][info ][gc,task        ] GC(28486) Using 8 of 8 workers for final marking
[457.518s][info ][gc,ergo        ] GC(28486) Collectable Garbage: 8192K (100%), Immediate: 8192K (100%), CSet: 0B (0%)
[457.518s][info ][gc             ] GC(28486) Pause Final Mark (unload classes) 0.519ms
[457.518s][info ][gc,start       ] GC(28486) Concurrent weak references
[457.518s][info ][gc,task        ] GC(28486) Using 4 of 8 workers for concurrent weak references
[457.518s][info ][gc,ref         ] GC(28486) Encountered references: Soft: 7, Weak: 34, Final: 0, Phantom: 1
[457.518s][info ][gc,ref         ] GC(28486) Discovered  references: Soft: 0, Weak: 0, Final: 0, Phantom: 0
[457.518s][info ][gc,ref         ] GC(28486) Enqueued    references: Soft: 0, Weak: 0, Final: 0, Phantom: 0
[457.518s][info ][gc             ] GC(28486) Concurrent weak references 0.082ms
[457.518s][info ][gc,start       ] GC(28486) Concurrent weak roots
[457.518s][info ][gc,task        ] GC(28486) Using 4 of 8 workers for concurrent weak root
[457.523s][info ][gc             ] GC(28486) Concurrent weak roots 4.783ms
[457.523s][info ][gc,start       ] GC(28486) Concurrent cleanup
[457.523s][info ][gc             ] GC(28486) Concurrent cleanup 962M->956M(2011M) 0.177ms
[457.523s][info ][gc,ergo        ] GC(28486) Free: 104M, Max: 1024K regular, 37888K humongous, Frag: 65% external, 0% internal; Reserve: 103M, Max: 1024K
[457.523s][info ][gc,start       ] GC(28486) Concurrent class unloading
[457.523s][info ][gc,task        ] GC(28486) Using 4 of 8 workers for concurrent class unloading
[457.523s][debug][gc,phases,start] GC(28486) ClassLoaderData
[457.523s][debug][gc,phases      ] GC(28486) ClassLoaderData 0.009ms
[457.523s][debug][gc,phases,start] GC(28486) Trigger cleanups
[457.523s][debug][gc,phases      ] GC(28486) Trigger cleanups 0.004ms
[457.524s][info ][gc             ] GC(28486) Concurrent class unloading 0.697ms
[457.524s][info ][gc,start       ] GC(28486) Pause Final Roots
[457.524s][info ][gc             ] GC(28486) Pause Final Roots 0.022ms
[457.524s][debug][gc,ergo        ] GC(28486) Available: 104 MB, z-score=-1.901. Average available: 165.4 MB +/- 32804.6 KB.
[457.524s][info ][gc,ergo        ] Free: 104M, Max: 1024K regular, 37888K humongous, Frag: 65% external, 0% internal; Reserve: 103M, Max: 1024K
[457.524s][info ][gc,stats       ] 
[457.524s][info ][gc,stats       ] All times are wall-clock times, except per-root-class counters, that are sum over
[457.524s][info ][gc,stats       ] all workers. Dividing the <total> over the root stage time estimates parallelism.
[457.524s][info ][gc,stats       ] 
[457.524s][info ][gc,stats       ] Concurrent Reset                   1521 us
[457.524s][info ][gc,stats       ] Pause Init Mark (G)                6862 us
[457.524s][info ][gc,stats       ] Pause Init Mark (N)                 187 us
[457.524s][info ][gc,stats       ]   Update Region States              105 us
[457.524s][info ][gc,stats       ] Concurrent Mark Roots               195 us, parallelism: 0.81x
[457.524s][info ][gc,stats       ]   CMR: <total>                      158 us
[457.524s][info ][gc,stats       ]   CMR: Thread Roots                 136 us, workers (us):  48,  37,  37,  14, ---, ---, ---, ---, 
[457.524s][info ][gc,stats       ]   CMR: VM Strong Roots                4 us, workers (us):   3,   0,   0,   0, ---, ---, ---, ---, 
[457.524s][info ][gc,stats       ]   CMR: CLDG Roots                    18 us, workers (us):  17,   1, ---, ---, ---, ---, ---, ---, 
[457.524s][info ][gc,stats       ] Concurrent Marking                  727 us
[457.524s][info ][gc,stats       ] Pause Final Mark (G)                728 us
[457.524s][info ][gc,stats       ] Pause Final Mark (N)                526 us
[457.524s][info ][gc,stats       ]   Finish Mark                       317 us
[457.524s][info ][gc,stats       ]   Update Region States              108 us
[457.524s][info ][gc,stats       ]   Choose Collection Set              37 us
[457.524s][info ][gc,stats       ]   Rebuild Free Set                   10 us
[457.524s][info ][gc,stats       ] Concurrent Weak References           87 us, parallelism: 0.01x
[457.524s][info ][gc,stats       ]   CWRF: <total>                       1 us
[457.524s][info ][gc,stats       ]   CWRF: Weak References               1 us, workers (us):   0,   0,   0,   0, ---, ---, ---, ---, 
[457.524s][info ][gc,stats       ] Concurrent Weak Roots              4839 us
[457.524s][info ][gc,stats       ]   Roots                             125 us, parallelism: 0.56x
[457.524s][info ][gc,stats       ]     CWR: <total>                     70 us
[457.524s][info ][gc,stats       ]     CWR: Code Cache Roots            49 us, workers (us):  49,   0,   0,   0, ---, ---, ---, ---, 
[457.524s][info ][gc,stats       ]     CWR: VM Weak Roots               20 us, workers (us):  19,   1,   1,   0, ---, ---, ---, ---, 
[457.524s][info ][gc,stats       ]     CWR: CLDG Roots                   1 us, workers (us):   1, ---, ---, ---, ---, ---, ---, ---, 
[457.524s][info ][gc,stats       ]   Rendezvous                       4644 us
[457.524s][info ][gc,stats       ] Concurrent Cleanup                  188 us
[457.524s][info ][gc,stats       ] Concurrent Class Unloading          723 us
[457.524s][info ][gc,stats       ]   Unlink Stale                      325 us
[457.524s][info ][gc,stats       ]     System Dictionary                25 us
[457.524s][info ][gc,stats       ]     Weak Class Links                  0 us
[457.524s][info ][gc,stats       ]     Code Roots                      299 us
[457.524s][info ][gc,stats       ]   Rendezvous                        280 us
[457.524s][info ][gc,stats       ]   Purge Unlinked                     75 us
[457.524s][info ][gc,stats       ]     Code Roots                       59 us
[457.524s][info ][gc,stats       ]     CLDG                             16 us
[457.524s][info ][gc,stats       ]     Exception Caches                  0 us
[457.524s][info ][gc,stats       ] Pause Final Roots (G)                97 us
[457.524s][info ][gc,stats       ] Pause Final Roots (N)                26 us
[457.524s][info ][gc,stats       ] 
[457.524s][info ][gc,stats       ] Allocation pacing accrued:
[457.524s][info ][gc,stats       ]       0 of    18 ms (  0.0%): <total>
[457.524s][info ][gc,stats       ]       0 of    18 ms (  0.0%): <average total>
[457.524s][info ][gc,stats       ] 
[457.524s][info ][gc,metaspace   ] Metaspace: 253K(448K)->253K(448K) NonClass: 247K(320K)->247K(320K) Class: 5K(128K)->5K(128K)
[457.524s][info ][gc,ergo        ] Pacer for Idle. Initial: 41943K, Alloc Tax Rate: 1.0x
[457.525s][info ][gc             ] Trigger: Free (100M) is below minimum threshold (204M)
[457.525s][info ][gc,ergo        ] Free: 100M, Max: 1024K regular, 33792K humongous, Frag: 67% external, 0% internal; Reserve: 103M, Max: 1024K
[457.525s][info ][gc,start       ] GC(28487) Concurrent reset
[457.525s][info ][gc,task        ] GC(28487) Using 4 of 8 workers for concurrent reset
[457.525s][info ][gc,ergo        ] GC(28487) Pacer for Reset. Non-Taxable: 2048M
[457.528s][info ][gc             ] GC(28487) Concurrent reset 2.182ms
[457.528s][info ][gc,start       ] GC(28487) Pause Init Mark (unload classes)
[457.528s][info ][gc,task        ] GC(28487) Using 8 of 8 workers for init marking
[457.528s][info ][gc,ergo        ] GC(28487) Pacer for Mark. Expected Live: 4674M, Free: 98800K, Non-Taxable: 9880K, Alloc Tax Rate: 59.2x
[457.528s][info ][gc             ] GC(28487) Pause Init Mark (unload classes) 0.256ms
[457.528s][info ][gc,start       ] GC(28487) Concurrent marking roots
[457.529s][info ][gc,task        ] GC(28487) Using 4 of 8 workers for concurrent marking roots
[457.529s][info ][gc             ] GC(28487) Concurrent marking roots 0.164ms
[457.529s][info ][gc,start       ] GC(28487) Concurrent marking (unload classes)
[457.529s][info ][gc,task        ] GC(28487) Using 4 of 8 workers for concurrent marking
[457.532s][info ][gc             ] GC(28487) Concurrent marking (unload classes) 3.187ms
[457.537s][info ][gc,start       ] GC(28487) Pause Final Mark (unload classes)
[457.537s][info ][gc,task        ] GC(28487) Using 8 of 8 workers for final marking
[457.538s][info ][gc,ergo        ] GC(28487) Collectable Garbage: 81921K (100%), Immediate: 81921K (100%), CSet: 0B (0%)
[457.538s][info ][gc             ] GC(28487) Pause Final Mark (unload classes) 0.574ms
[457.538s][info ][gc,start       ] GC(28487) Concurrent weak references
[457.538s][info ][gc,task        ] GC(28487) Using 4 of 8 workers for concurrent weak references
[457.538s][info ][gc,ref         ] GC(28487) Encountered references: Soft: 7, Weak: 34, Final: 0, Phantom: 1
[457.538s][info ][gc,ref         ] GC(28487) Discovered  references: Soft: 0, Weak: 0, Final: 0, Phantom: 1
[457.538s][info ][gc,ref         ] GC(28487) Enqueued    references: Soft: 0, Weak: 0, Final: 0, Phantom: 0
[457.538s][info ][gc             ] GC(28487) Concurrent weak references 0.096ms
[457.538s][info ][gc,start       ] GC(28487) Concurrent weak roots
[457.538s][info ][gc,task        ] GC(28487) Using 4 of 8 workers for concurrent weak root
[457.539s][info ][gc             ] GC(28487) Concurrent weak roots 0.282ms
[457.539s][info ][gc,start       ] GC(28487) Concurrent cleanup
[457.539s][info ][gc             ] GC(28487) Concurrent cleanup 982M->902M(2048M) 0.096ms
[457.539s][info ][gc,ergo        ] GC(28487) Free: 221M, Max: 1024K regular, 4096K humongous, Frag: 99% external, 0% internal; Reserve: 103M, Max: 1024K
[457.539s][info ][gc,start       ] GC(28487) Concurrent class unloading
[457.539s][info ][gc,task        ] GC(28487) Using 4 of 8 workers for concurrent class unloading
[457.539s][debug][gc,phases,start] GC(28487) ClassLoaderData
[457.539s][debug][gc,phases      ] GC(28487) ClassLoaderData 0.005ms
[457.539s][debug][gc,phases,start] GC(28487) Trigger cleanups
[457.539s][debug][gc,phases      ] GC(28487) Trigger cleanups 0.003ms
[457.539s][info ][gc             ] GC(28487) Concurrent class unloading 0.295ms
[457.539s][info ][gc,start       ] GC(28487) Pause Final Roots
[457.539s][info ][gc             ] GC(28487) Pause Final Roots 0.017ms
[457.539s][debug][gc,ergo        ] GC(28487) Available: 221 MB, z-score=1.565. Average available: 167.3 MB +/- 35468.9 KB.
[457.539s][info ][gc,ergo        ] Free: 221M, Max: 1024K regular, 4096K humongous, Frag: 99% external, 0% internal; Reserve: 103M, Max: 1024K
[457.539s][info ][gc,stats       ] 
[457.539s][info ][gc,stats       ] All times are wall-clock times, except per-root-class counters, that are sum over
[457.539s][info ][gc,stats       ] all workers. Dividing the <total> over the root stage time estimates parallelism.
[457.539s][info ][gc,stats       ] 
[457.539s][info ][gc,stats       ] Concurrent Reset                   2206 us
[457.539s][info ][gc,stats       ] Pause Init Mark (G)                 875 us
[457.539s][info ][gc,stats       ] Pause Init Mark (N)                 266 us
[457.539s][info ][gc,stats       ]   Update Region States              188 us
[457.539s][info ][gc,stats       ] Concurrent Mark Roots               181 us, parallelism: 1.33x
[457.539s][info ][gc,stats       ]   CMR: <total>                      240 us
[457.539s][info ][gc,stats       ]   CMR: Thread Roots                 214 us, workers (us):  46,  60,  63,  46, ---, ---, ---, ---, 
[457.539s][info ][gc,stats       ]   CMR: VM Strong Roots                5 us, workers (us):   2,   2,   0,   0, ---, ---, ---, ---, 
[457.539s][info ][gc,stats       ]   CMR: CLDG Roots                    21 us, workers (us):  20,   1, ---, ---, ---, ---, ---, ---, 
[457.539s][info ][gc,stats       ] Concurrent Marking                 3228 us
[457.539s][info ][gc,stats       ] Pause Final Mark (G)               6212 us
[457.539s][info ][gc,stats       ] Pause Final Mark (N)                579 us
[457.539s][info ][gc,stats       ]   Finish Mark                       334 us
[457.539s][info ][gc,stats       ]   Update Region States              108 us
[457.539s][info ][gc,stats       ]   Choose Collection Set              68 us
[457.539s][info ][gc,stats       ]   Rebuild Free Set                    9 us
[457.539s][info ][gc,stats       ] Concurrent Weak References          100 us, parallelism: 0.02x
[457.539s][info ][gc,stats       ]   CWRF: <total>                       2 us
[457.539s][info ][gc,stats       ]   CWRF: Weak References               2 us, workers (us):   2,   0,   0,   0, ---, ---, ---, ---, 
[457.539s][info ][gc,stats       ] Concurrent Weak Roots               295 us
[457.539s][info ][gc,stats       ]   Roots                             128 us, parallelism: 0.66x
[457.539s][info ][gc,stats       ]     CWR: <total>                     84 us
[457.539s][info ][gc,stats       ]     CWR: Code Cache Roots            50 us, workers (us):  50,   0,   0,   0, ---, ---, ---, ---, 
[457.539s][info ][gc,stats       ]     CWR: VM Weak Roots               33 us, workers (us):  25,   7,   1,   0, ---, ---, ---, ---, 
[457.539s][info ][gc,stats       ]     CWR: CLDG Roots                   1 us, workers (us): ---,   1, ---, ---, ---, ---, ---, ---, 
[457.539s][info ][gc,stats       ]   Rendezvous                        145 us
[457.539s][info ][gc,stats       ] Concurrent Cleanup                  100 us
[457.539s][info ][gc,stats       ] Concurrent Class Unloading          305 us
[457.539s][info ][gc,stats       ]   Unlink Stale                      179 us
[457.539s][info ][gc,stats       ]     System Dictionary                16 us
[457.539s][info ][gc,stats       ]     Weak Class Links                  0 us
[457.539s][info ][gc,stats       ]     Code Roots                      163 us
[457.539s][info ][gc,stats       ]   Rendezvous                         47 us
[457.539s][info ][gc,stats       ]   Purge Unlinked                     60 us
[457.539s][info ][gc,stats       ]     Code Roots                       48 us
[457.539s][info ][gc,stats       ]     CLDG                             12 us
[457.539s][info ][gc,stats       ]     Exception Caches                  0 us
[457.539s][info ][gc,stats       ] Pause Final Roots (G)                79 us
[457.539s][info ][gc,stats       ] Pause Final Roots (N)                23 us
[457.539s][info ][gc,stats       ] Pacing                            57052 us
[457.539s][info ][gc,stats       ] 
[457.539s][info ][gc,stats       ] Allocation pacing accrued:
[457.539s][info ][gc,stats       ]       1 of    15 ms (  9.9%): main
[457.539s][info ][gc,stats       ]       7 of    15 ms ( 43.4%): Thread-1
[457.539s][info ][gc,stats       ]       7 of    15 ms ( 48.8%): Thread-2
[457.539s][info ][gc,stats       ]       7 of    15 ms ( 49.0%): Thread-3
[457.539s][info ][gc,stats       ]       7 of    15 ms ( 45.1%): Thread-4
[457.539s][info ][gc,stats       ]       7 of    15 ms ( 46.1%): Thread-5
[457.539s][info ][gc,stats       ]       7 of    15 ms ( 45.4%): Thread-6
[457.539s][info ][gc,stats       ]       7 of    15 ms ( 45.1%): Thread-7
[457.539s][info ][gc,stats       ]       7 of    15 ms ( 45.6%): Thread-9
[457.539s][info ][gc,stats       ]      57 of    15 ms (378.4%): <total>
[457.539s][info ][gc,stats       ]       3 of    15 ms ( 18.0%): <average total>
[457.539s][info ][gc,stats       ]       6 of    15 ms ( 42.0%): <average non-zero>
[457.539s][info ][gc,stats       ] 
[457.539s][info ][gc,metaspace   ] Metaspace: 253K(448K)->253K(448K) NonClass: 247K(320K)->247K(320K) Class: 5K(128K)->5K(128K)
[457.539s][info ][gc,ergo        ] Pacer for Idle. Initial: 41943K, Alloc Tax Rate: 1.0x
[457.541s][info ][gc             ] Trigger: Average GC time (26.77 ms) is above the time for average allocation rate (380 MB/s) to deplete free headroom (0B) (margin of error = 3.29)
[457.541s][info ][gc,ergo        ] Free headroom: 205M (free) - 102M (spike) - 2007M (penalties) = 0B
[457.541s][info ][gc,ergo        ] Free: 203M, Max: 1024K regular, 4096K humongous, Frag: 99% external, 0% internal; Reserve: 103M, Max: 1024K
[457.541s][info ][gc,start       ] GC(28488) Concurrent reset
[457.541s][info ][gc,task        ] GC(28488) Using 4 of 8 workers for concurrent reset
[457.541s][info ][gc,ergo        ] GC(28488) Pacer for Reset. Non-Taxable: 2048M
[457.543s][info ][gc             ] GC(28488) Concurrent reset 2.358ms
[457.543s][info ][gc,start       ] GC(28488) Pause Init Mark (unload classes)
[457.543s][info ][gc,task        ] GC(28488) Using 8 of 8 workers for init marking
[457.543s][info ][gc,ergo        ] GC(28488) Pacer for Mark. Expected Live: 4669M, Free: 179M, Non-Taxable: 18379K, Alloc Tax Rate: 31.8x
[457.543s][info ][gc             ] GC(28488) Pause Init Mark (unload classes) 0.187ms
[457.543s][info ][gc,start       ] GC(28488) Concurrent marking roots
[457.543s][info ][gc,task        ] GC(28488) Using 4 of 8 workers for concurrent marking roots
[457.544s][info ][gc             ] GC(28488) Concurrent marking roots 0.290ms
[457.544s][info ][gc,start       ] GC(28488) Concurrent marking (unload classes)
[457.544s][info ][gc,task        ] GC(28488) Using 4 of 8 workers for concurrent marking
[457.545s][info ][gc             ] GC(28488) Concurrent marking (unload classes) 0.877ms
[457.545s][info ][gc,start       ] GC(28488) Pause Final Mark (unload classes)
[457.545s][info ][gc,task        ] GC(28488) Using 8 of 8 workers for final marking
[457.545s][info ][gc,ergo        ] GC(28488) Collectable Garbage: 40960K (100%), Immediate: 40960K (100%), CSet: 0B (0%)
[457.545s][info ][gc             ] GC(28488) Pause Final Mark (unload classes) 0.451ms
[457.545s][info ][gc,start       ] GC(28488) Concurrent weak references
[457.545s][info ][gc,task        ] GC(28488) Using 4 of 8 workers for concurrent weak references
[457.546s][info ][gc,ref         ] GC(28488) Encountered references: Soft: 7, Weak: 34, Final: 0, Phantom: 1
[457.546s][info ][gc,ref         ] GC(28488) Discovered  references: Soft: 0, Weak: 1, Final: 0, Phantom: 1
[457.546s][info ][gc,ref         ] GC(28488) Enqueued    references: Soft: 0, Weak: 0, Final: 0, Phantom: 0
[457.546s][info ][gc             ] GC(28488) Concurrent weak references 0.174ms
[457.546s][info ][gc,start       ] GC(28488) Concurrent weak roots
[457.546s][info ][gc,task        ] GC(28488) Using 4 of 8 workers for concurrent weak root
[457.546s][info ][gc             ] GC(28488) Concurrent weak roots 0.296ms
[457.546s][info ][gc,start       ] GC(28488) Concurrent cleanup
[457.546s][info ][gc             ] GC(28488) Concurrent cleanup 943M->903M(2048M) 0.101ms
[457.546s][info ][gc,ergo        ] GC(28488) Free: 219M, Max: 1024K regular, 6144K humongous, Frag: 98% external, 0% internal; Reserve: 103M, Max: 1024K
[457.546s][info ][gc,start       ] GC(28488) Concurrent class unloading
[457.546s][info ][gc,task        ] GC(28488) Using 4 of 8 workers for concurrent class unloading
[457.546s][debug][gc,phases,start] GC(28488) ClassLoaderData
[457.546s][debug][gc,phases      ] GC(28488) ClassLoaderData 0.008ms
[457.546s][debug][gc,phases,start] GC(28488) Trigger cleanups
[457.546s][debug][gc,phases      ] GC(28488) Trigger cleanups 0.005ms
[457.546s][info ][gc             ] GC(28488) Concurrent class unloading 0.421ms
[457.547s][info ][gc,start       ] GC(28488) Pause Final Roots
[457.547s][info ][gc             ] GC(28488) Pause Final Roots 0.028ms
[457.547s][debug][gc,ergo        ] GC(28488) Available: 213 MB, z-score=1.334. Average available: 167.3 MB +/- 35468.9 KB.
[457.547s][debug][gc,ergo        ] GC(28488) Margin of error now 3.28
[457.547s][info ][gc,ergo        ] Free: 213M, Max: 1024K regular, 6144K humongous, Frag: 98% external, 0% internal; Reserve: 103M, Max: 1024K
[457.547s][info ][gc,stats       ] 
[457.547s][info ][gc,stats       ] All times are wall-clock times, except per-root-class counters, that are sum over
[457.547s][info ][gc,stats       ] all workers. Dividing the <total> over the root stage time estimates parallelism.
[457.547s][info ][gc,stats       ] 
[457.547s][info ][gc,stats       ] Concurrent Reset                   2395 us
[457.547s][info ][gc,stats       ] Pause Init Mark (G)                 340 us
[457.547s][info ][gc,stats       ] Pause Init Mark (N)                 194 us
[457.547s][info ][gc,stats       ]   Update Region States              135 us
[457.547s][info ][gc,stats       ] Concurrent Mark Roots               314 us, parallelism: 1.02x
[457.547s][info ][gc,stats       ]   CMR: <total>                      321 us
[457.547s][info ][gc,stats       ]   CMR: Thread Roots                 283 us, workers (us):  87, 109,  86,   0, ---, ---, ---, ---, 
[457.547s][info ][gc,stats       ]   CMR: VM Strong Roots                8 us, workers (us):   6,   1,   2,   0, ---, ---, ---, ---, 
[457.547s][info ][gc,stats       ]   CMR: CLDG Roots                    30 us, workers (us):  29,   1, ---, ---, ---, ---, ---, ---, 
[457.547s][info ][gc,stats       ] Concurrent Marking                  892 us
[457.547s][info ][gc,stats       ] Pause Final Mark (G)                872 us
[457.547s][info ][gc,stats       ] Pause Final Mark (N)                458 us
[457.547s][info ][gc,stats       ]   Finish Mark                       265 us
[457.547s][info ][gc,stats       ]   Update Region States               97 us
[457.547s][info ][gc,stats       ]   Choose Collection Set              54 us
[457.547s][info ][gc,stats       ]   Rebuild Free Set                    9 us
[457.547s][info ][gc,stats       ] Concurrent Weak References          183 us, parallelism: 0.02x
[457.547s][info ][gc,stats       ]   CWRF: <total>                       4 us
[457.547s][info ][gc,stats       ]   CWRF: Weak References               4 us, workers (us):   3,   0,   0,   1, ---, ---, ---, ---, 
[457.547s][info ][gc,stats       ] Concurrent Weak Roots               312 us
[457.547s][info ][gc,stats       ]   Roots                             216 us, parallelism: 0.33x
[457.547s][info ][gc,stats       ]     CWR: <total>                     72 us
[457.547s][info ][gc,stats       ]     CWR: Code Cache Roots            44 us, workers (us):   0,   0,  44,   0, ---, ---, ---, ---, 
[457.547s][info ][gc,stats       ]     CWR: VM Weak Roots               26 us, workers (us):  12,   8,   7,   0, ---, ---, ---, ---, 
[457.547s][info ][gc,stats       ]     CWR: CLDG Roots                   1 us, workers (us): ---,   1, ---, ---, ---, ---, ---, ---, 
[457.547s][info ][gc,stats       ]   Rendezvous                         65 us
[457.547s][info ][gc,stats       ] Concurrent Cleanup                  124 us
[457.547s][info ][gc,stats       ] Concurrent Class Unloading          439 us
[457.547s][info ][gc,stats       ]   Unlink Stale                      254 us
[457.547s][info ][gc,stats       ]     System Dictionary                26 us
[457.547s][info ][gc,stats       ]     Weak Class Links                  0 us
[457.547s][info ][gc,stats       ]     Code Roots                      227 us
[457.547s][info ][gc,stats       ]   Rendezvous                         68 us
[457.547s][info ][gc,stats       ]   Purge Unlinked                     84 us
[457.547s][info ][gc,stats       ]     Code Roots                       69 us
[457.547s][info ][gc,stats       ]     CLDG                             14 us
[457.547s][info ][gc,stats       ]     Exception Caches                  0 us
[457.547s][info ][gc,stats       ] Pause Final Roots (G)               287 us
[457.547s][info ][gc,stats       ] Pause Final Roots (N)                35 us
[457.547s][info ][gc,stats       ] Pacing                            12928 us
[457.547s][info ][gc,stats       ] 
[457.547s][info ][gc,stats       ] Allocation pacing accrued:
[457.547s][info ][gc,stats       ]       1 of     8 ms ( 15.8%): Thread-0
[457.547s][info ][gc,stats       ]       1 of     8 ms ( 16.3%): Thread-1
[457.547s][info ][gc,stats       ]       1 of     8 ms ( 16.6%): Thread-2
[457.547s][info ][gc,stats       ]       1 of     8 ms ( 16.5%): Thread-3
[457.547s][info ][gc,stats       ]       1 of     8 ms ( 15.9%): Thread-4
[457.547s][info ][gc,stats       ]       1 of     8 ms ( 17.1%): Thread-5
[457.547s][info ][gc,stats       ]       1 of     8 ms ( 13.7%): Thread-6
[457.547s][info ][gc,stats       ]       1 of     8 ms ( 16.9%): Thread-7
[457.547s][info ][gc,stats       ]       2 of     8 ms ( 20.0%): Thread-8
[457.547s][info ][gc,stats       ]       1 of     8 ms ( 17.1%): Thread-9
[457.547s][info ][gc,stats       ]      13 of     8 ms (166.0%): <total>
[457.547s][info ][gc,stats       ]       1 of     8 ms (  7.9%): <average total>
[457.547s][info ][gc,stats       ]       1 of     8 ms ( 16.6%): <average non-zero>
[457.547s][info ][gc,stats       ] 
[457.547s][info ][gc,metaspace   ] Metaspace: 253K(448K)->253K(448K) NonClass: 247K(320K)->247K(320K) Class: 5K(128K)->5K(128K)
[457.547s][info ][gc,ergo        ] Pacer for Idle. Initial: 41943K, Alloc Tax Rate: 1.0x
[457.548s][info ][gc             ] Trigger: Average GC time (23.03 ms) is above the time for average allocation rate (380 MB/s) to deplete free headroom (0B) (margin of error = 3.28)
[457.548s][info ][gc,ergo        ] Free headroom: 207M (free) - 102M (spike) - 1986M (penalties) = 0B
[457.548s][info ][gc,ergo        ] Free: 207M, Max: 1024K regular, 6144K humongous, Frag: 98% external, 0% internal; Reserve: 103M, Max: 1024K
[457.548s][info ][gc,start       ] GC(28489) Concurrent reset
[457.548s][info ][gc,task        ] GC(28489) Using 4 of 8 workers for concurrent reset
[457.548s][info ][gc,ergo        ] GC(28489) Pacer for Reset. Non-Taxable: 2048M
[457.550s][info ][gc             ] GC(28489) Concurrent reset 1.436ms
[457.550s][info ][gc,start       ] GC(28489) Pause Init Mark (unload classes)
[457.550s][info ][gc,task        ] GC(28489) Using 8 of 8 workers for init marking
[457.550s][info ][gc,ergo        ] GC(28489) Pacer for Mark. Expected Live: 4661M, Free: 201M, Non-Taxable: 20632K, Alloc Tax Rate: 28.3x
[457.550s][info ][gc             ] GC(28489) Pause Init Mark (unload classes) 0.205ms
[457.550s][info ][gc,start       ] GC(28489) Concurrent marking roots
[457.550s][info ][gc,task        ] GC(28489) Using 4 of 8 workers for concurrent marking roots
[457.550s][info ][gc             ] Failed to allocate Shared, 10240K
[457.550s][info ][gc             ] Cancelling GC: Allocation Failure
[457.550s][info ][gc             ] GC(28489) Concurrent marking roots 0.204ms
[457.550s][info ][gc,ergo        ] Free: 195M, Max: 1024K regular, 6144K humongous, Frag: 97% external, 0% internal; Reserve: 103M, Max: 1024K
[457.550s][info ][gc,stats       ] 
[457.550s][info ][gc,stats       ] All times are wall-clock times, except per-root-class counters, that are sum over
[457.550s][info ][gc,stats       ] all workers. Dividing the <total> over the root stage time estimates parallelism.
[457.550s][info ][gc,stats       ] 
[457.550s][info ][gc,stats       ] Concurrent Reset                   1454 us
[457.550s][info ][gc,stats       ] Pause Init Mark (G)                 319 us
[457.550s][info ][gc,stats       ] Pause Init Mark (N)                 211 us
[457.550s][info ][gc,stats       ]   Update Region States              164 us
[457.550s][info ][gc,stats       ] Concurrent Mark Roots               217 us, parallelism: 1.37x
[457.550s][info ][gc,stats       ]   CMR: <total>                      297 us
[457.550s][info ][gc,stats       ]   CMR: Thread Roots                 238 us, workers (us):  45,  77,  67,  49, ---, ---, ---, ---, 
[457.550s][info ][gc,stats       ]   CMR: VM Strong Roots                5 us, workers (us):   4,   1,   0,   0, ---, ---, ---, ---, 
[457.550s][info ][gc,stats       ]   CMR: CLDG Roots                    54 us, workers (us):  53,   1, ---, ---, ---, ---, ---, ---, 
[457.550s][info ][gc,stats       ] 
[457.550s][info ][gc,stats       ] Allocation pacing accrued:
[457.550s][info ][gc,stats       ]       0 of     3 ms (  0.0%): <total>
[457.550s][info ][gc,stats       ]       0 of     3 ms (  0.0%): <average total>
[457.550s][info ][gc,stats       ] 
[457.550s][info ][gc,metaspace   ] Metaspace: 253K(448K)->253K(448K) NonClass: 247K(320K)->247K(320K) Class: 5K(128K)->5K(128K)
[457.550s][info ][gc,ergo        ] Pacer for Idle. Initial: 41943K, Alloc Tax Rate: 1.0x
[457.552s][info ][gc             ] Trigger: Handle Allocation Failure
[457.552s][info ][gc,ergo        ] Free: 175M, Max: 1024K regular, 6144K humongous, Frag: 97% external, 0% internal; Reserve: 103M, Max: 1024K
[457.552s][info ][gc,start       ] GC(28490) Pause Degenerated GC (Outside of Cycle)
[457.552s][info ][gc,task        ] GC(28490) Using 8 of 8 workers for stw degenerated gc
[457.553s][info ][gc,ref         ] GC(28490) Clearing All SoftReferences
[457.554s][info ][gc,ref         ] GC(28490) Encountered references: Soft: 7, Weak: 34, Final: 0, Phantom: 1
[457.554s][info ][gc,ref         ] GC(28490) Discovered  references: Soft: 4, Weak: 9, Final: 0, Phantom: 1
[457.554s][info ][gc,ref         ] GC(28490) Enqueued    references: Soft: 0, Weak: 0, Final: 0, Phantom: 0
[457.554s][debug][gc,phases,start] GC(28490) ClassLoaderData
[457.554s][debug][gc,phases      ] GC(28490) ClassLoaderData 0.012ms
[457.554s][debug][gc,phases,start] GC(28490) Trigger cleanups
[457.554s][debug][gc,phases      ] GC(28490) Trigger cleanups 0.005ms
[457.554s][info ][gc,ergo        ] GC(28490) Collectable Garbage: 39936K (100%), Immediate: 39936K (100%), CSet: 0B (0%)
[457.554s][info ][gc,ergo        ] GC(28490) Good progress for free space: 253M, need 20971K
[457.554s][info ][gc,ergo        ] GC(28490) Good progress for used space: 39936K, need 1024K
[457.554s][info ][gc             ] GC(28490) Pause Degenerated GC (Outside of Cycle) 925M->886M(2048M) 2.870ms
[457.555s][debug][gc,ergo        ] GC(28490) Margin of error now 3.29
[457.555s][debug][gc,ergo        ] GC(28490) Spike threshold now: 0.32
[457.555s][info ][gc,ergo        ] Free: 233M, Max: 1024K regular, 12288K humongous, Frag: 95% external, 0% internal; Reserve: 103M, Max: 1024K
[457.555s][info ][gc,stats       ] 
[457.555s][info ][gc,stats       ] All times are wall-clock times, except per-root-class counters, that are sum over
[457.555s][info ][gc,stats       ] all workers. Dividing the <total> over the root stage time estimates parallelism.
[457.555s][info ][gc,stats       ] 
[457.555s][info ][gc,stats       ] Pause Degenerated GC (G)           3153 us
[457.555s][info ][gc,stats       ] Pause Degenerated GC (N)           2877 us
[457.555s][info ][gc,stats       ]   Degen STW Mark                    483 us, parallelism: 5.64x
[457.555s][info ][gc,stats       ]     DSM: <total>                   2723 us
[457.555s][info ][gc,stats       ]     DSM: Thread Roots                64 us, workers (us):  34,  18,   8,   1,   0,   1,   0,   1, 
[457.555s][info ][gc,stats       ]     DSM: VM Strong Roots              4 us, workers (us):   0,   2,   1,   0,   0,   0,   0,   0, 
[457.555s][info ][gc,stats       ]     DSM: CLDG Roots                  18 us, workers (us):  15,   0,   0,   1,   0,   1,   0,   1, 
[457.555s][info ][gc,stats       ]     DSM: Parallel Mark             2637 us, workers (us): 343, 316, 380, 310, 357, 316, 327, 287, 
[457.555s][info ][gc,stats       ]     System Purge                    428 us
[457.555s][info ][gc,stats       ]       Weak References               164 us, parallelism: 0.01x
[457.555s][info ][gc,stats       ]         WRP: <total>                  2 us
[457.555s][info ][gc,stats       ]         WRP: Weak References          2 us, workers (us):   2,   0,   0,   0,   0,   0,   0,   0, 
[457.555s][info ][gc,stats       ]       Unload Classes                132 us, parallelism: 1.23x
[457.555s][info ][gc,stats       ]         DCU: <total>                163 us
[457.555s][info ][gc,stats       ]         DCU: Unload Code Caches      163 us, workers (us):  62,  48,  30,  18,   5,   0,   0,   0, 
[457.555s][info ][gc,stats       ]       Weak Roots                    130 us, parallelism: 0.18x
[457.555s][info ][gc,stats       ]         DWR: <total>                 23 us
[457.555s][info ][gc,stats       ]         DWR: VM Weak Roots           23 us, workers (us):  13,   5,   1,   1,   1,   1,   0,   1, 
[457.555s][info ][gc,stats       ]       CLDG                            1 us
[457.555s][info ][gc,stats       ]   Update Region States              100 us
[457.555s][info ][gc,stats       ]   Manage GC/TLABs                     2 us
[457.555s][info ][gc,stats       ]   Choose Collection Set              34 us
[457.555s][info ][gc,stats       ]   Rebuild Free Set                   11 us
[457.555s][info ][gc,stats       ]   Cleanup                            98 us
[457.555s][info ][gc,stats       ] Pacing                            27286 us
[457.555s][info ][gc,stats       ] 
[457.555s][info ][gc,stats       ] Allocation pacing accrued:
[457.555s][info ][gc,stats       ]       4 of     5 ms ( 83.0%): Thread-1
[457.555s][info ][gc,stats       ]       4 of     5 ms ( 81.5%): Thread-2
[457.555s][info ][gc,stats       ]       4 of     5 ms ( 88.3%): Thread-3
[457.555s][info ][gc,stats       ]       4 of     5 ms ( 83.4%): Thread-6
[457.555s][info ][gc,stats       ]       4 of     5 ms ( 81.4%): Thread-7
[457.555s][info ][gc,stats       ]       4 of     5 ms ( 85.2%): Thread-8
[457.555s][info ][gc,stats       ]       4 of     5 ms ( 90.9%): Thread-9
[457.555s][info ][gc,stats       ]      27 of     5 ms (593.7%): <total>
[457.555s][info ][gc,stats       ]       1 of     5 ms ( 28.3%): <average total>
[457.555s][info ][gc,stats       ]       4 of     5 ms ( 84.8%): <average non-zero>
[457.555s][info ][gc,stats       ] 
[457.555s][info ][gc,metaspace   ] Metaspace: 253K(448K)->253K(448K) NonClass: 247K(320K)->247K(320K) Class: 5K(128K)->5K(128K)
[457.555s][info ][gc,ergo        ] Pacer for Idle. Initial: 41943K, Alloc Tax Rate: 1.0x
[457.556s][info ][gc             ] Trigger: Free (202M) is below minimum threshold (204M)
[457.556s][info ][gc,ergo        ] Free: 202M, Max: 1024K regular, 6144K humongous, Frag: 98% external, 0% internal; Reserve: 103M, Max: 1024K
[457.556s][info ][gc,start       ] GC(28491) Concurrent reset
[457.556s][info ][gc,task        ] GC(28491) Using 4 of 8 workers for concurrent reset
[457.556s][info ][gc,ergo        ] GC(28491) Pacer for Reset. Non-Taxable: 2048M
[457.558s][info ][gc             ] GC(28491) Concurrent reset 1.919ms
[457.558s][info ][gc,start       ] GC(28491) Pause Init Mark (unload classes)
[457.558s][info ][gc,task        ] GC(28491) Using 8 of 8 workers for init marking
[457.558s][info ][gc,ergo        ] GC(28491) Pacer for Mark. Expected Live: 4654M, Free: 180M, Non-Taxable: 18481K, Alloc Tax Rate: 31.5x
[457.558s][info ][gc             ] GC(28491) Pause Init Mark (unload classes) 0.126ms
[457.558s][info ][gc,start       ] GC(28491) Concurrent marking roots
[457.558s][info ][gc,task        ] GC(28491) Using 4 of 8 workers for concurrent marking roots
[457.558s][info ][gc             ] GC(28491) Concurrent marking roots 0.185ms
[457.559s][info ][gc,start       ] GC(28491) Concurrent marking (unload classes)
[457.559s][info ][gc,task        ] GC(28491) Using 4 of 8 workers for concurrent marking
[457.559s][info ][gc             ] GC(28491) Concurrent marking (unload classes) 0.640ms
[457.559s][info ][gc,start       ] GC(28491) Pause Final Mark (unload classes)
[457.559s][info ][gc,task        ] GC(28491) Using 8 of 8 workers for final marking
[457.560s][info ][gc,ergo        ] GC(28491) Collectable Garbage: 33792K (100%), Immediate: 33792K (100%), CSet: 0B (0%)
[457.560s][info ][gc             ] GC(28491) Pause Final Mark (unload classes) 0.443ms
[457.560s][info ][gc,start       ] GC(28491) Concurrent weak references
[457.560s][info ][gc,task        ] GC(28491) Using 4 of 8 workers for concurrent weak references
[457.560s][info ][gc,ref         ] GC(28491) Encountered references: Soft: 7, Weak: 34, Final: 0, Phantom: 1
[457.560s][info ][gc,ref         ] GC(28491) Discovered  references: Soft: 0, Weak: 1, Final: 0, Phantom: 1
[457.560s][info ][gc,ref         ] GC(28491) Enqueued    references: Soft: 0, Weak: 0, Final: 0, Phantom: 0
[457.560s][info ][gc             ] GC(28491) Concurrent weak references 0.109ms
[457.560s][info ][gc,start       ] GC(28491) Concurrent weak roots
[457.560s][info ][gc,task        ] GC(28491) Using 4 of 8 workers for concurrent weak root
[457.560s][info ][gc             ] GC(28491) Concurrent weak roots 0.204ms
[457.560s][info ][gc,start       ] GC(28491) Concurrent cleanup
[457.560s][info ][gc             ] GC(28491) Concurrent cleanup 945M->913M(2048M) 0.110ms
[457.560s][info ][gc,ergo        ] GC(28491) Free: 199M, Max: 1024K regular, 11264K humongous, Frag: 95% external, 0% internal; Reserve: 103M, Max: 1024K
[457.560s][info ][gc,start       ] GC(28491) Concurrent class unloading
[457.560s][info ][gc,task        ] GC(28491) Using 4 of 8 workers for concurrent class unloading
[457.560s][debug][gc,phases,start] GC(28491) ClassLoaderData
[457.560s][debug][gc,phases      ] GC(28491) ClassLoaderData 0.007ms
[457.560s][debug][gc,phases,start] GC(28491) Trigger cleanups
[457.560s][debug][gc,phases      ] GC(28491) Trigger cleanups 0.005ms
[457.561s][info ][gc             ] GC(28491) Concurrent class unloading 0.420ms
[457.561s][info ][gc,start       ] GC(28491) Pause Final Roots
[457.561s][info ][gc             ] GC(28491) Pause Final Roots 0.015ms
[457.561s][debug][gc,ergo        ] GC(28491) Available: 199 MB, z-score=0.886. Average available: 168.2 MB +/- 36186.6 KB.
[457.561s][info ][gc,ergo        ] Free: 199M, Max: 1024K regular, 11264K humongous, Frag: 95% external, 0% internal; Reserve: 103M, Max: 1024K
[457.561s][info ][gc,stats       ] 
[457.561s][info ][gc,stats       ] All times are wall-clock times, except per-root-class counters, that are sum over
[457.561s][info ][gc,stats       ] all workers. Dividing the <total> over the root stage time estimates parallelism.
[457.561s][info ][gc,stats       ] 
[457.561s][info ][gc,stats       ] Concurrent Reset                   1936 us
[457.561s][info ][gc,stats       ] Pause Init Mark (G)                 183 us
[457.561s][info ][gc,stats       ] Pause Init Mark (N)                 130 us
[457.561s][info ][gc,stats       ]   Update Region States              102 us
[457.561s][info ][gc,stats       ] Concurrent Mark Roots               212 us, parallelism: 1.32x
[457.561s][info ][gc,stats       ]   CMR: <total>                      278 us
[457.561s][info ][gc,stats       ]   CMR: Thread Roots                 253 us, workers (us):  75,  81,  67,  30, ---, ---, ---, ---, 
[457.561s][info ][gc,stats       ]   CMR: VM Strong Roots               11 us, workers (us):  11,   0,   0,   0, ---, ---, ---, ---, 
[457.561s][info ][gc,stats       ]   CMR: CLDG Roots                    14 us, workers (us):  13,   1, ---, ---, ---, ---, ---, ---, 
[457.561s][info ][gc,stats       ] Concurrent Marking                  663 us
[457.561s][info ][gc,stats       ] Pause Final Mark (G)                663 us
[457.561s][info ][gc,stats       ] Pause Final Mark (N)                449 us
[457.561s][info ][gc,stats       ]   Finish Mark                       272 us
[457.561s][info ][gc,stats       ]   Update Region States              101 us
[457.561s][info ][gc,stats       ]   Choose Collection Set              33 us
[457.561s][info ][gc,stats       ]   Rebuild Free Set                   10 us
[457.561s][info ][gc,stats       ] Concurrent Weak References          117 us, parallelism: 0.01x
[457.561s][info ][gc,stats       ]   CWRF: <total>                       1 us
[457.561s][info ][gc,stats       ]   CWRF: Weak References               1 us, workers (us):   1,   0,   0,   0, ---, ---, ---, ---, 
[457.561s][info ][gc,stats       ] Concurrent Weak Roots               219 us
[457.561s][info ][gc,stats       ]   Roots                             119 us, parallelism: 0.50x
[457.561s][info ][gc,stats       ]     CWR: <total>                     60 us
[457.561s][info ][gc,stats       ]     CWR: Code Cache Roots            37 us, workers (us):   0,  36,   0,   0, ---, ---, ---, ---, 
[457.561s][info ][gc,stats       ]     CWR: VM Weak Roots               22 us, workers (us):  16,   6,   0,   0, ---, ---, ---, ---, 
[457.561s][info ][gc,stats       ]     CWR: CLDG Roots                   1 us, workers (us):   1, ---, ---, ---, ---, ---, ---, ---, 
[457.561s][info ][gc,stats       ]   Rendezvous                         74 us
[457.561s][info ][gc,stats       ] Concurrent Cleanup                  119 us
[457.561s][info ][gc,stats       ] Concurrent Class Unloading          438 us
[457.561s][info ][gc,stats       ]   Unlink Stale                      252 us
[457.561s][info ][gc,stats       ]     System Dictionary                23 us
[457.561s][info ][gc,stats       ]     Weak Class Links                  0 us
[457.561s][info ][gc,stats       ]     Code Roots                      228 us
[457.561s][info ][gc,stats       ]   Rendezvous                         76 us
[457.561s][info ][gc,stats       ]   Purge Unlinked                     70 us
[457.561s][info ][gc,stats       ]     Code Roots                       55 us
[457.561s][info ][gc,stats       ]     CLDG                             15 us
[457.561s][info ][gc,stats       ]     Exception Caches                  0 us
[457.561s][info ][gc,stats       ] Pause Final Roots (G)                79 us
[457.561s][info ][gc,stats       ] Pause Final Roots (N)                20 us
[457.561s][info ][gc,stats       ] 
[457.561s][info ][gc,stats       ] Allocation pacing accrued:
[457.561s][info ][gc,stats       ]       0 of     6 ms (  0.0%): <total>
[457.561s][info ][gc,stats       ]       0 of     6 ms (  0.0%): <average total>
[457.561s][info ][gc,stats       ] 
[457.561s][info ][gc,metaspace   ] Metaspace: 253K(448K)->253K(448K) NonClass: 247K(320K)->247K(320K) Class: 5K(128K)->5K(128K)
[457.561s][info ][gc,ergo        ] Pacer for Idle. Initial: 41943K, Alloc Tax Rate: 1.0x
[457.562s][info ][gc             ] Trigger: Free (175M) is below minimum threshold (204M)
[457.562s][info ][gc,ergo        ] Free: 173M, Max: 1024K regular, 11264K humongous, Frag: 94% external, 0% internal; Reserve: 103M, Max: 1024K
[457.562s][info ][gc,start       ] GC(28492) Concurrent reset
[457.562s][info ][gc,task        ] GC(28492) Using 4 of 8 workers for concurrent reset
[457.562s][info ][gc,ergo        ] GC(28492) Pacer for Reset. Non-Taxable: 2048M
[457.565s][info ][gc             ] GC(28492) Concurrent reset 3.004ms
[457.565s][info ][gc,start       ] GC(28492) Pause Init Mark (unload classes)
[457.565s][info ][gc,task        ] GC(28492) Using 8 of 8 workers for init marking
[457.566s][info ][gc,ergo        ] GC(28492) Pacer for Mark. Expected Live: 896M, Free: 127M, Non-Taxable: 13054K, Alloc Tax Rate: 8.6x
[457.566s][info ][gc             ] GC(28492) Pause Init Mark (unload classes) 0.162ms
[457.566s][info ][gc,start       ] GC(28492) Concurrent marking roots
[457.566s][info ][gc,task        ] GC(28492) Using 4 of 8 workers for concurrent marking roots
[457.566s][info ][gc             ] GC(28492) Concurrent marking roots 0.236ms
[457.566s][info ][gc,start       ] GC(28492) Concurrent marking (unload classes)
[457.566s][info ][gc,task        ] GC(28492) Using 4 of 8 workers for concurrent marking
[457.566s][info ][gc             ] GC(28492) Concurrent marking (unload classes) 0.562ms
[457.567s][info ][gc,start       ] GC(28492) Pause Final Mark (unload classes)
[457.567s][info ][gc,task        ] GC(28492) Using 8 of 8 workers for final marking
[457.567s][info ][gc,ergo        ] GC(28492) Collectable Garbage: 58368K (100%), Immediate: 58368K (100%), CSet: 0B (0%)
[457.567s][info ][gc             ] GC(28492) Pause Final Mark (unload classes) 0.514ms
[457.567s][info ][gc             ] Failed to allocate Shared, 10240K
[457.567s][info ][gc             ] Cancelling GC: Allocation Failure
[457.567s][info ][gc,start       ] GC(28492) Concurrent weak references
[457.567s][info ][gc,task        ] GC(28492) Using 4 of 8 workers for concurrent weak references
[457.567s][info ][gc,ref         ] GC(28492) Encountered references: Soft: 7, Weak: 34, Final: 0, Phantom: 1
[457.567s][info ][gc,ref         ] GC(28492) Discovered  references: Soft: 0, Weak: 1, Final: 0, Phantom: 1
[457.567s][info ][gc,ref         ] GC(28492) Enqueued    references: Soft: 0, Weak: 0, Final: 0, Phantom: 0
[457.567s][info ][gc             ] GC(28492) Concurrent weak references 0.230ms
[457.567s][info ][gc,start       ] GC(28492) Concurrent weak roots
[457.567s][info ][gc,task        ] GC(28492) Using 4 of 8 workers for concurrent weak root
[457.568s][info ][gc             ] GC(28492) Concurrent weak roots 0.290ms
[457.568s][info ][gc,start       ] GC(28492) Concurrent cleanup
[457.568s][info ][gc             ] GC(28492) Concurrent cleanup 967M->910M(2048M) 0.097ms
[457.568s][info ][gc,ergo        ] GC(28492) Free: 196M, Max: 1024K regular, 8192K humongous, Frag: 96% external, 0% internal; Reserve: 103M, Max: 1024K
[457.568s][info ][gc,start       ] GC(28492) Concurrent class unloading
[457.568s][info ][gc,task        ] GC(28492) Using 4 of 8 workers for concurrent class unloading
[457.568s][debug][gc,phases,start] GC(28492) ClassLoaderData
[457.568s][debug][gc,phases      ] GC(28492) ClassLoaderData 0.005ms
[457.568s][debug][gc,phases,start] GC(28492) Trigger cleanups
[457.568s][debug][gc,phases      ] GC(28492) Trigger cleanups 0.003ms
[457.568s][info ][gc             ] GC(28492) Concurrent class unloading 0.308ms
[457.568s][info ][gc,start       ] GC(28492) Pause Final Roots
[457.568s][info ][gc             ] GC(28492) Pause Final Roots 0.015ms
[457.568s][debug][gc,ergo        ] GC(28492) Available: 190 MB, z-score=0.592. Average available: 169.3 MB +/- 36700.9 KB.
[457.568s][info ][gc,ergo        ] Free: 190M, Max: 1024K regular, 8192K humongous, Frag: 96% external, 0% internal; Reserve: 103M, Max: 1024K
[457.568s][info ][gc,stats       ] 
[457.568s][info ][gc,stats       ] All times are wall-clock times, except per-root-class counters, that are sum over
[457.568s][info ][gc,stats       ] all workers. Dividing the <total> over the root stage time estimates parallelism.
[457.568s][info ][gc,stats       ] 
[457.568s][info ][gc,stats       ] Concurrent Reset                   3034 us
[457.568s][info ][gc,stats       ] Pause Init Mark (G)                 451 us
[457.568s][info ][gc,stats       ] Pause Init Mark (N)                 169 us
[457.568s][info ][gc,stats       ]   Update Region States              115 us
[457.568s][info ][gc,stats       ] Concurrent Mark Roots               255 us, parallelism: 1.28x
[457.568s][info ][gc,stats       ]   CMR: <total>                      327 us
[457.568s][info ][gc,stats       ]   CMR: Thread Roots                 277 us, workers (us):  80,  66,  77,  54, ---, ---, ---, ---, 
[457.568s][info ][gc,stats       ]   CMR: VM Strong Roots               27 us, workers (us):   4,  23,   0,   1, ---, ---, ---, ---, 
[457.568s][info ][gc,stats       ]   CMR: CLDG Roots                    22 us, workers (us):  22, ---,   0, ---, ---, ---, ---, ---, 
[457.568s][info ][gc,stats       ] Concurrent Marking                  577 us
[457.568s][info ][gc,stats       ] Pause Final Mark (G)                695 us
[457.568s][info ][gc,stats       ] Pause Final Mark (N)                521 us
[457.569s][info ][gc,stats       ]   Finish Mark                       298 us
[457.569s][info ][gc,stats       ]   Update Region States              115 us
[457.569s][info ][gc,stats       ]   Choose Collection Set              60 us
[457.569s][info ][gc,stats       ]   Rebuild Free Set                   12 us
[457.569s][info ][gc,stats       ] Concurrent Weak References          238 us, parallelism: 0.02x
[457.569s][info ][gc,stats       ]   CWRF: <total>                       5 us
[457.569s][info ][gc,stats       ]   CWRF: Weak References               5 us, workers (us):   5,   0,   0,   0, ---, ---, ---, ---, 
[457.569s][info ][gc,stats       ] Concurrent Weak Roots               306 us
[457.569s][info ][gc,stats       ]   Roots                             226 us, parallelism: 0.77x
[457.569s][info ][gc,stats       ]     CWR: <total>                    175 us
[457.569s][info ][gc,stats       ]     CWR: Code Cache Roots           117 us, workers (us): 116,   0,   0,   0, ---, ---, ---, ---, 
[457.569s][info ][gc,stats       ]     CWR: VM Weak Roots               55 us, workers (us):  24,  22,   8,   1, ---, ---, ---, ---, 
[457.569s][info ][gc,stats       ]     CWR: CLDG Roots                   3 us, workers (us): ---, ---,   3, ---, ---, ---, ---, ---, 
[457.569s][info ][gc,stats       ]   Rendezvous                         51 us
[457.569s][info ][gc,stats       ] Concurrent Cleanup                  104 us
[457.569s][info ][gc,stats       ] Concurrent Class Unloading          319 us
[457.569s][info ][gc,stats       ]   Unlink Stale                      171 us
[457.569s][info ][gc,stats       ]     System Dictionary                15 us
[457.569s][info ][gc,stats       ]     Weak Class Links                  0 us
[457.569s][info ][gc,stats       ]     Code Roots                      155 us
[457.569s][info ][gc,stats       ]   Rendezvous                         44 us
[457.569s][info ][gc,stats       ]   Purge Unlinked                     84 us
[457.569s][info ][gc,stats       ]     Code Roots                       71 us
[457.569s][info ][gc,stats       ]     CLDG                             13 us
[457.569s][info ][gc,stats       ]     Exception Caches                  0 us
[457.569s][info ][gc,stats       ] Pause Final Roots (G)               226 us
[457.569s][info ][gc,stats       ] Pause Final Roots (N)                22 us
[457.569s][info ][gc,stats       ] 
[457.569s][info ][gc,stats       ] Allocation pacing accrued:
[457.569s][info ][gc,stats       ]       0 of     8 ms (  0.0%): <total>
[457.569s][info ][gc,stats       ]       0 of     8 ms (  0.0%): <average total>
[457.569s][info ][gc,stats       ] 
[457.569s][info ][gc,metaspace   ] Metaspace: 253K(448K)->253K(448K) NonClass: 247K(320K)->247K(320K) Class: 5K(128K)->5K(128K)
[457.569s][info ][gc,ergo        ] Pacer for Idle. Initial: 41943K, Alloc Tax Rate: 1.0x
[457.570s][info ][gc             ] Trigger: Handle Allocation Failure
[457.570s][info ][gc,ergo        ] Free: 164M, Max: 1024K regular, 8192K humongous, Frag: 96% external, 0% internal; Reserve: 103M, Max: 1024K
[457.570s][info ][gc,start       ] GC(28493) Pause Degenerated GC (Outside of Cycle)
[457.570s][info ][gc,task        ] GC(28493) Using 8 of 8 workers for stw degenerated gc
[457.571s][info ][gc,ref         ] GC(28493) Clearing All SoftReferences
[457.572s][info ][gc,ref         ] GC(28493) Encountered references: Soft: 7, Weak: 34, Final: 0, Phantom: 1
[457.572s][info ][gc,ref         ] GC(28493) Discovered  references: Soft: 4, Weak: 7, Final: 0, Phantom: 1
[457.572s][info ][gc,ref         ] GC(28493) Enqueued    references: Soft: 0, Weak: 0, Final: 0, Phantom: 0
[457.572s][debug][gc,phases,start] GC(28493) ClassLoaderData
[457.572s][debug][gc,phases      ] GC(28493) ClassLoaderData 0.011ms
[457.572s][debug][gc,phases,start] GC(28493) Trigger cleanups
[457.572s][debug][gc,phases      ] GC(28493) Trigger cleanups 0.005ms
[457.572s][info ][gc,ergo        ] GC(28493) Collectable Garbage: 8192K (100%), Immediate: 8192K (100%), CSet: 0B (0%)
[457.573s][info ][gc,ergo        ] GC(28493) Good progress for free space: 178M, need 20971K
[457.573s][info ][gc,ergo        ] GC(28493) Good progress for used space: 8192K, need 1024K
[457.573s][info ][gc             ] GC(28493) Pause Degenerated GC (Outside of Cycle) 927M->919M(2048M) 2.816ms
[457.573s][debug][gc,ergo        ] GC(28493) Margin of error now 3.29
[457.573s][debug][gc,ergo        ] GC(28493) Spike threshold now: 0.32
[457.573s][info ][gc,ergo        ] Free: 162M, Max: 1024K regular, 8192K humongous, Frag: 96% external, 0% internal; Reserve: 103M, Max: 1024K
[457.573s][info ][gc,stats       ] 
[457.573s][info ][gc,stats       ] All times are wall-clock times, except per-root-class counters, that are sum over
[457.573s][info ][gc,stats       ] all workers. Dividing the <total> over the root stage time estimates parallelism.
[457.573s][info ][gc,stats       ] 
[457.573s][info ][gc,stats       ] Pause Degenerated GC (G)           3132 us
[457.573s][info ][gc,stats       ] Pause Degenerated GC (N)           2823 us
[457.573s][info ][gc             ] Failed to allocate Shared, 10240K
[457.573s][info ][gc             ] Cancelling GC: Allocation Failure
[457.573s][info ][gc,stats       ]   Degen STW Mark                    493 us, parallelism: 5.49x
[457.573s][info ][gc,stats       ]     DSM: <total>                   2705 us
[457.573s][info ][gc,stats       ]     DSM: Thread Roots                86 us, workers (us):  36,  25,  13,   9,   0,   0,   1,   1, 
[457.573s][info ][gc,stats       ]     DSM: VM Strong Roots              5 us, workers (us):   0,   2,   2,   0,   0,   0,   0,   0, 
[457.573s][info ][gc,stats       ]     DSM: CLDG Roots                  23 us, workers (us):  20,   1,   1,   1,   0,   0,   1,   0, 
[457.573s][info ][gc,stats       ]     DSM: Parallel Mark             2591 us, workers (us): 348, 313, 361, 308, 317, 351, 294, 299, 
[457.573s][info ][gc,stats       ]     System Purge                    380 us
[457.573s][info ][gc,stats       ]       Weak References               135 us, parallelism: 0.02x
[457.573s][info ][gc,stats       ]         WRP: <total>                  2 us
[457.573s][info ][gc,stats       ]         WRP: Weak References          2 us, workers (us):   1,   0,   0,   0,   0,   0,   0,   0, 
[457.573s][info ][gc,stats       ]       Unload Classes                135 us, parallelism: 1.07x
[457.573s][info ][gc,stats       ]         DCU: <total>                144 us
[457.573s][info ][gc,stats       ]         DCU: Unload Code Caches      144 us, workers (us):  53,  47,  30,  14,   0,   0,   0,   0, 
[457.573s][info ][gc,stats       ]       Weak Roots                    108 us, parallelism: 0.21x
[457.573s][info ][gc,stats       ]         DWR: <total>                 22 us
[457.573s][info ][gc,stats       ]         DWR: VM Weak Roots           22 us, workers (us):  15,   3,   1,   1,   1,   1,   1,   1, 
[457.573s][info ][gc,stats       ]       CLDG                            0 us
[457.573s][info ][gc,stats       ]   Update Region States              113 us
[457.573s][info ][gc,stats       ]   Manage GC/TLABs                     2 us
[457.573s][info ][gc,stats       ]   Choose Collection Set              28 us
[457.573s][info ][gc,stats       ]   Rebuild Free Set                    9 us
[457.573s][info ][gc,stats       ]   Cleanup                            87 us
[457.573s][info ][gc,stats       ] 
[457.573s][info ][gc,stats       ] Allocation pacing accrued:
[457.573s][info ][gc,stats       ]       0 of     5 ms (  0.0%): <total>
[457.573s][info ][gc,stats       ]       0 of     5 ms (  0.0%): <average total>
[457.573s][info ][gc,stats       ] 
[457.573s][info ][gc,metaspace   ] Metaspace: 253K(448K)->253K(448K) NonClass: 247K(320K)->247K(320K) Class: 5K(128K)->5K(128K)
[457.573s][info ][gc,ergo        ] Pacer for Idle. Initial: 41943K, Alloc Tax Rate: 1.0x
[457.574s][info ][gc             ] Trigger: Handle Allocation Failure
[457.574s][info ][gc,ergo        ] Free: 140M, Max: 1024K regular, 8192K humongous, Frag: 95% external, 0% internal; Reserve: 103M, Max: 1024K
[457.574s][info ][gc,start       ] GC(28494) Pause Degenerated GC (Outside of Cycle)
[457.574s][info ][gc,task        ] GC(28494) Using 8 of 8 workers for stw degenerated gc
[457.576s][info ][gc,ref         ] GC(28494) Clearing All SoftReferences
[457.577s][info ][gc,ref         ] GC(28494) Encountered references: Soft: 7, Weak: 34, Final: 0, Phantom: 1
[457.577s][info ][gc,ref         ] GC(28494) Discovered  references: Soft: 4, Weak: 9, Final: 0, Phantom: 1
[457.577s][info ][gc,ref         ] GC(28494) Enqueued    references: Soft: 0, Weak: 0, Final: 0, Phantom: 0
[457.577s][debug][gc,phases,start] GC(28494) ClassLoaderData
[457.577s][debug][gc,phases      ] GC(28494) ClassLoaderData 0.010ms
[457.577s][debug][gc,phases,start] GC(28494) Trigger cleanups
[457.577s][debug][gc,phases      ] GC(28494) Trigger cleanups 0.003ms
[457.577s][info ][gc,ergo        ] GC(28494) Adaptive CSet Selection. Target Free: 290M, Actual Free: 243M, Max CSet: 87381K, Min Garbage: 48264K
[457.577s][info ][gc,ergo        ] GC(28494) Collectable Garbage: 0B (0%), Immediate: 0B (0%), CSet: 0B (0%)
[457.580s][info ][gc,ergo        ] GC(28494) Good progress for free space: 140M, need 20971K
[457.580s][info ][gc,ergo        ] GC(28494) Bad progress for used space: 0B, need 1024K
[457.580s][info ][gc,ergo        ] GC(28494) Bad progress for internal fragmentation: -nan%, need 1.0%
[457.580s][info ][gc,ergo        ] GC(28494) Bad progress for external fragmentation: 0.0%, need 1.0%
[457.580s][info ][gc             ] GC(28494) Cancelling GC: Upgrade To Full GC
[457.581s][info ][gc,phases,start] GC(28494) Phase 1: Mark live objects
[457.581s][info ][gc,ref         ] GC(28494) Clearing All SoftReferences
[457.581s][info ][gc,ref         ] GC(28494) Clearing All SoftReferences
[457.581s][info ][gc,ref         ] GC(28494) Encountered references: Soft: 7, Weak: 34, Final: 0, Phantom: 1
[457.581s][info ][gc,ref         ] GC(28494) Discovered  references: Soft: 4, Weak: 9, Final: 0, Phantom: 1
[457.581s][info ][gc,ref         ] GC(28494) Enqueued    references: Soft: 0, Weak: 0, Final: 0, Phantom: 0
[457.581s][debug][gc,phases,start] GC(28494) ClassLoaderData
[457.581s][debug][gc,phases      ] GC(28494) ClassLoaderData 0.013ms
[457.581s][debug][gc,phases,start] GC(28494) Trigger cleanups
[457.581s][debug][gc,phases      ] GC(28494) Trigger cleanups 0.005ms
[457.582s][info ][gc,phases      ] GC(28494) Phase 1: Mark live objects 1.056ms
[457.582s][info ][gc,phases,start] GC(28494) Phase 2: Compute new object addresses
[457.582s][info ][gc,phases      ] GC(28494) Phase 2: Compute new object addresses 0.466ms
[457.582s][info ][gc,phases,start] GC(28494) Phase 3: Adjust pointers
[457.584s][info ][gc,phases      ] GC(28494) Phase 3: Adjust pointers 1.473ms
[457.584s][info ][gc,phases,start] GC(28494) Phase 4: Move objects
[457.695s][info ][gc,phases      ] GC(28494) Phase 4: Move objects 111.048ms
[457.695s][info ][gc,ergo        ] GC(28494) Good progress for free space: 140M, need 20971K
[457.695s][info ][gc,ergo        ] GC(28494) Bad progress for used space: 496K, need 1024K
[457.695s][info ][gc,ergo        ] GC(28494) Bad progress for internal fragmentation: -nan%, need 1.0%
[457.695s][info ][gc,ergo        ] GC(28494) Good progress for external fragmentation: 92.9%, need 1.0%
[457.695s][info ][gc             ] GC(28494) Pause Degenerated GC (Outside of Cycle) 938M->938M(2048M) 120.476ms
[457.695s][debug][gc,ergo        ] GC(28494) Margin of error now 3.29
[457.695s][debug][gc,ergo        ] GC(28494) Spike threshold now: 0.32
[457.695s][info ][gc,ergo        ] Free: 120M, Max: 1024K regular, 120M humongous, Frag: 0% external, 0% internal; Reserve: 103M, Max: 1024K
[457.695s][info ][gc,stats       ] 
[457.695s][info ][gc,stats       ] All times are wall-clock times, except per-root-class counters, that are sum over
[457.695s][info ][gc,stats       ] all workers. Dividing the <total> over the root stage time estimates parallelism.
[457.695s][info ][gc,stats       ] 
[457.695s][info ][gc,stats       ] Pause Degenerated GC (G)         120812 us
[457.695s][info ][gc,stats       ] Pause Degenerated GC (N)         120484 us
[457.695s][info ][gc,stats       ]   Degen STW Mark                    438 us, parallelism: 5.61x
[457.695s][info ][gc,stats       ]     DSM: <total>                   2458 us
[457.695s][info ][gc,stats       ]     DSM: Thread Roots                63 us, workers (us):  29,  22,   8,   1,   0,   1,   0,   1, 
[457.695s][info ][gc,stats       ]     DSM: VM Strong Roots              3 us, workers (us):   2,   0,   0,   0,   0,   0,   0,   0, 
[457.695s][info ][gc,stats       ]     DSM: CLDG Roots                  17 us, workers (us):   0,  14,   0,   0,   0,   0,   0,   0, 
[457.695s][info ][gc,stats       ]     DSM: Parallel Mark             2375 us, workers (us): 331, 312, 332, 299, 287, 285, 261, 268, 
[457.695s][info ][gc,stats       ]     System Purge                    336 us
[457.695s][info ][gc,stats       ]       Weak References               120 us, parallelism: 0.02x
[457.696s][info ][gc,stats       ]         WRP: <total>                  2 us
[457.696s][info ][gc,stats       ]         WRP: Weak References          2 us, workers (us):   1,   0,   0,   0,   0,   0,   0,   0, 
[457.696s][info ][gc,stats       ]       Unload Classes                121 us, parallelism: 1.13x
[457.696s][info ][gc,stats       ]         DCU: <total>                136 us
[457.696s][info ][gc,stats       ]         DCU: Unload Code Caches      136 us, workers (us):  50,  43,  29,  14,   0,   0,   0,   0, 
[457.696s][info ][gc,stats       ]       Weak Roots                     94 us, parallelism: 0.22x
[457.696s][info ][gc,stats       ]         DWR: <total>                 20 us
[457.696s][info ][gc,stats       ]         DWR: VM Weak Roots           20 us, workers (us):  14,   1,   1,   1,   1,   1,   1,   1, 
[457.696s][info ][gc,stats       ]       CLDG                            0 us
[457.696s][info ][gc,stats       ]   Update Region States               93 us
[457.696s][info ][gc,stats       ]   Manage GC/TLABs                     2 us
[457.696s][info ][gc,stats       ]   Choose Collection Set              28 us
[457.696s][info ][gc,stats       ]   Rebuild Free Set                    7 us
[457.696s][info ][gc,stats       ]   Evacuation                        389 us
[457.696s][info ][gc,stats       ]   Manage GCLABs                       3 us
[457.696s][info ][gc,stats       ]   Update References                1505 us
[457.696s][info ][gc,stats       ]   Update Region States              108 us
[457.696s][info ][gc,stats       ]   Trash Collection Set                4 us
[457.696s][info ][gc,stats       ]   Rebuild Free Set                   16 us
[457.696s][info ][gc,stats       ]   Degen Update Roots                263 us, parallelism: 1.10x
[457.696s][info ][gc,stats       ]     DU: <total>                     289 us
[457.696s][info ][gc,stats       ]     DU: Thread Roots                 88 us, workers (us):  34,   1,  28,  25,   0,   0,   0,   0, 
[457.696s][info ][gc,stats       ]     DU: Code Cache Roots            152 us, workers (us):   0, 151,   0,   0,   0,   0,   0,   0, 
[457.696s][info ][gc,stats       ]     DU: VM Strong Roots               4 us, workers (us):   3,   0,   0,   0,   0,   0,   0,   0, 
[457.696s][info ][gc,stats       ]     DU: VM Weak Roots                27 us, workers (us):  21,   4,   1,   0,   0,   0,   0,   0, 
[457.696s][info ][gc,stats       ]     DU: CLDG Roots                   17 us, workers (us):  14,   2,   1,   0,   0,   0,   0,   0, 
[457.696s][info ][gc,stats       ]   Cleanup                            99 us
[457.696s][info ][gc,stats       ]   Pre Heap Dump                       1 us
[457.696s][info ][gc,stats       ]   Prepare                           932 us
[457.696s][info ][gc,stats       ]   Mark                             1009 us, parallelism: 3.02x
[457.696s][info ][gc,stats       ]     FM: <total>                    3047 us
[457.696s][info ][gc,stats       ]     FM: Thread Roots                 78 us, workers (us):  35,  27,  12,   1,   0,   1,   1,   1, 
[457.696s][info ][gc,stats       ]     FM: VM Strong Roots               5 us, workers (us):   0,   1,   1,   2,   0,   0,   0,   0, 
[457.696s][info ][gc,stats       ]     FM: CLDG Roots                   24 us, workers (us):  21,   0,   1,   1,   0,   1,   1,   0, 
[457.696s][info ][gc,stats       ]     FM: Parallel Mark              2940 us, workers (us): 403, 397, 413, 431, 361, 360, 288, 287, 
[457.696s][info ][gc,stats       ]     System Purge                    435 us
[457.696s][info ][gc,stats       ]       Weak References               136 us, parallelism: 0.02x
[457.696s][info ][gc,stats       ]         WRP: <total>                  3 us
[457.696s][info ][gc,stats       ]         WRP: Weak References          3 us, workers (us):   2,   0,   0,   0,   0,   0,   0,   0, 
[457.696s][info ][gc,stats       ]       Unload Classes                147 us, parallelism: 1.05x
[457.696s][info ][gc,stats       ]         CU: <total>                 154 us
[457.696s][info ][gc,stats       ]         CU: Unload Code Caches      154 us, workers (us):  51,  26,  27,  35,  14,   0,   0,   0, 
[457.696s][info ][gc,stats       ]       Weak Roots                    149 us, parallelism: 0.15x
[457.696s][info ][gc,stats       ]         WR: <total>                  23 us
[457.696s][info ][gc,stats       ]         WR: VM Weak Roots            23 us, workers (us):  13,   5,   1,   1,   1,   1,   1,   1, 
[457.696s][info ][gc,stats       ]       CLDG                            1 us
[457.696s][info ][gc,stats       ]   Calculate Addresses               461 us
[457.696s][info ][gc,stats       ]     Regular Objects                 291 us
[457.696s][info ][gc,stats       ]     Humongous Objects                85 us
[457.696s][info ][gc,stats       ]   Adjust Pointers                  1467 us
[457.696s][info ][gc,stats       ]     FA: <total>                     187 us
[457.696s][info ][gc,stats       ]     FA: Thread Roots                 35 us, workers (us):   1,  18,  16,   0,   0,   0,   0,   1, 
[457.696s][info ][gc,stats       ]     FA: Code Cache Roots            126 us, workers (us): 125,   0,   0,   0,   0,   0,   0,   0, 
[457.696s][info ][gc,stats       ]     FA: VM Strong Roots               3 us, workers (us):   2,   0,   0,   0,   0,   0,   0,   0, 
[457.696s][info ][gc,stats       ]     FA: VM Weak Roots                14 us, workers (us):  13,   0,   0,   0,   0,   0,   0,   0, 
[457.696s][info ][gc,stats       ]     FA: CLDG Roots                    9 us, workers (us):   8,   0,   0,   0,   0,   0,   0,   0, 
[457.696s][info ][gc,stats       ]   Copy Objects                   111043 us
[457.696s][info ][gc,stats       ]     Regular Objects                 313 us
[457.696s][info ][gc,stats       ]     Humongous Objects            109207 us
[457.696s][info ][gc,stats       ]     Reset Complete Bitmap          1464 us
[457.696s][info ][gc,stats       ]     Rebuild Region Sets              57 us
[457.696s][info ][gc,stats       ]   Post Heap Dump                      1 us
[457.696s][info ][gc,stats       ] 
[457.696s][info ][gc,stats       ] Allocation pacing accrued:
[457.696s][info ][gc,stats       ]       0 of   123 ms (  0.0%): <total>
[457.696s][info ][gc,stats       ]       0 of   123 ms (  0.0%): <average total>
[457.696s][info ][gc,stats       ] 
[457.696s][info ][gc,metaspace   ] Metaspace: 253K(448K)->253K(448K) NonClass: 247K(320K)->247K(320K) Class: 5K(128K)->5K(128K)
[457.696s][info ][gc,ergo        ] Pacer for Idle. Initial: 41943K, Alloc Tax Rate: 1.0x
[457.697s][info ][gc             ] Trigger: Free (91632K) is below minimum threshold (204M)
[457.697s][info ][gc,ergo        ] Free: 91632K, Max: 1024K regular, 91136K humongous, Frag: 0% external, 0% internal; Reserve: 103M, Max: 1024K
[457.697s][info ][gc,start       ] GC(28495) Concurrent reset
[457.697s][info ][gc,task        ] GC(28495) Using 4 of 8 workers for concurrent reset
[457.697s][info ][gc,ergo        ] GC(28495) Pacer for Reset. Non-Taxable: 2048M
[457.697s][info ][gc             ] GC(28495) Concurrent reset 0.185ms
[457.697s][info ][gc,start       ] GC(28495) Pause Init Mark (unload classes)
[457.697s][info ][gc,task        ] GC(28495) Using 8 of 8 workers for init marking
[457.697s][info ][gc,ergo        ] GC(28495) Pacer for Mark. Expected Live: 1446M, Free: 91632K, Non-Taxable: 9163K, Alloc Tax Rate: 19.8x
[457.697s][info ][gc             ] GC(28495) Pause Init Mark (unload classes) 0.128ms
[457.697s][info ][gc,start       ] GC(28495) Concurrent marking roots
[457.697s][info ][gc,task        ] GC(28495) Using 4 of 8 workers for concurrent marking roots
[457.698s][info ][gc             ] GC(28495) Concurrent marking roots 0.436ms
[457.698s][info ][gc,start       ] GC(28495) Concurrent marking (unload classes)
[457.698s][info ][gc,task        ] GC(28495) Using 4 of 8 workers for concurrent marking
[457.699s][info ][gc             ] GC(28495) Concurrent marking (unload classes) 0.684ms
[457.699s][info ][gc,start       ] GC(28495) Pause Final Mark (unload classes)
[457.699s][info ][gc,task        ] GC(28495) Using 8 of 8 workers for final marking
[457.699s][info ][gc,ergo        ] GC(28495) Collectable Garbage: 16384K (100%), Immediate: 16384K (100%), CSet: 0B (0%)
[457.699s][info ][gc             ] GC(28495) Pause Final Mark (unload classes) 0.492ms
[457.699s][info ][gc,start       ] GC(28495) Concurrent weak references
[457.699s][info ][gc,task        ] GC(28495) Using 4 of 8 workers for concurrent weak references
[457.699s][info ][gc,ref         ] GC(28495) Encountered references: Soft: 7, Weak: 34, Final: 0, Phantom: 1
[457.699s][info ][gc,ref         ] GC(28495) Discovered  references: Soft: 0, Weak: 4, Final: 0, Phantom: 1
[457.699s][info ][gc,ref         ] GC(28495) Enqueued    references: Soft: 0, Weak: 0, Final: 0, Phantom: 0
[457.699s][info ][gc             ] GC(28495) Concurrent weak references 0.080ms
[457.699s][info ][gc,start       ] GC(28495) Concurrent weak roots
[457.699s][info ][gc,task        ] GC(28495) Using 4 of 8 workers for concurrent weak root
[457.699s][info ][gc             ] GC(28495) Concurrent weak roots 0.226ms
[457.699s][info ][gc,start       ] GC(28495) Concurrent cleanup
[457.700s][info ][gc             ] GC(28495) Concurrent cleanup 976M->960M(2048M) 0.084ms
[457.700s][info ][gc,ergo        ] GC(28495) Free: 105M, Max: 1024K regular, 84992K humongous, Frag: 21% external, 0% internal; Reserve: 103M, Max: 1024K
[457.700s][info ][gc,start       ] GC(28495) Concurrent class unloading
[457.700s][info ][gc,task        ] GC(28495) Using 4 of 8 workers for concurrent class unloading
[457.700s][debug][gc,phases,start] GC(28495) ClassLoaderData
[457.700s][debug][gc,phases      ] GC(28495) ClassLoaderData 0.005ms
[457.700s][debug][gc,phases,start] GC(28495) Trigger cleanups
[457.700s][debug][gc,phases      ] GC(28495) Trigger cleanups 0.003ms
[457.700s][info ][gc             ] GC(28495) Concurrent class unloading 0.333ms
[457.700s][info ][gc,start       ] GC(28495) Pause Final Roots
[457.700s][info ][gc             ] GC(28495) Pause Final Roots 0.010ms
[457.700s][debug][gc,ergo        ] GC(28495) Available: 105 MB, z-score=-1.411. Average available: 162.8 MB +/- 41585.1 KB.
[457.700s][info ][gc,ergo        ] Free: 105M, Max: 1024K regular, 84992K humongous, Frag: 21% external, 0% internal; Reserve: 103M, Max: 1024K
[457.700s][info ][gc,stats       ] 
[457.700s][info ][gc,stats       ] All times are wall-clock times, except per-root-class counters, that are sum over
[457.700s][info ][gc,stats       ] all workers. Dividing the <total> over the root stage time estimates parallelism.
[457.700s][info ][gc,stats       ] 
[457.700s][info ][gc,stats       ] Concurrent Reset                    194 us
[457.700s][info ][gc,stats       ] Pause Init Mark (G)                 208 us
[457.700s][info ][gc,stats       ] Pause Init Mark (N)                 134 us
[457.700s][info ][gc,stats       ]   Update Region States               91 us
[457.700s][info ][gc,stats       ] Concurrent Mark Roots               459 us, parallelism: 1.05x
[457.700s][info ][gc,stats       ]   CMR: <total>                      483 us
[457.700s][info ][gc,stats       ]   CMR: Thread Roots                 464 us, workers (us): 128, 124, 212,   0, ---, ---, ---, ---, 
[457.700s][info ][gc,stats       ]   CMR: VM Strong Roots                4 us, workers (us):   3,   0,   1,   0, ---, ---, ---, ---, 
[457.700s][info ][gc,stats       ]   CMR: CLDG Roots                    16 us, workers (us):  16,   0, ---, ---, ---, ---, ---, ---, 
[457.700s][info ][gc,stats       ] Concurrent Marking                  696 us
[457.700s][info ][gc,stats       ] Pause Final Mark (G)                599 us
[457.700s][info ][gc,stats       ] Pause Final Mark (N)                497 us
[457.700s][info ][gc,stats       ]   Finish Mark                       304 us
[457.700s][info ][gc,stats       ]   Update Region States              132 us
[457.700s][info ][gc,stats       ]   Choose Collection Set              24 us
[457.700s][info ][gc,stats       ]   Rebuild Free Set                    5 us
[457.700s][info ][gc,stats       ] Concurrent Weak References           85 us, parallelism: 0.02x
[457.700s][info ][gc,stats       ]   CWRF: <total>                       2 us
[457.700s][info ][gc,stats       ]   CWRF: Weak References               2 us, workers (us):   2,   0,   0,   0, ---, ---, ---, ---, 
[457.700s][info ][gc,stats       ] Concurrent Weak Roots               233 us
[457.700s][info ][gc,stats       ]   Roots                             138 us, parallelism: 0.68x
[457.700s][info ][gc,stats       ]     CWR: <total>                     95 us
[457.700s][info ][gc,stats       ]     CWR: Code Cache Roots            70 us, workers (us):   0,  69,   0,   0, ---, ---, ---, ---, 
[457.700s][info ][gc,stats       ]     CWR: VM Weak Roots               23 us, workers (us):  19,   3,   1,   0, ---, ---, ---, ---, 
[457.700s][info ][gc,stats       ]     CWR: CLDG Roots                   2 us, workers (us):   2, ---, ---, ---, ---, ---, ---, ---, 
[457.700s][info ][gc,stats       ]   Rendezvous                         68 us
[457.700s][info ][gc,stats       ] Concurrent Cleanup                   88 us
[457.700s][info ][gc,stats       ] Concurrent Class Unloading          342 us
[457.700s][info ][gc,stats       ]   Unlink Stale                      204 us
[457.700s][info ][gc,stats       ]     System Dictionary                15 us
[457.700s][info ][gc,stats       ]     Weak Class Links                  0 us
[457.700s][info ][gc,stats       ]     Code Roots                      188 us
[457.700s][info ][gc,stats       ]   Rendezvous                         66 us
[457.700s][info ][gc,stats       ]   Purge Unlinked                     56 us
[457.700s][info ][gc,stats       ]     Code Roots                       43 us
[457.700s][info ][gc,stats       ]     CLDG                             12 us
[457.700s][info ][gc,stats       ]     Exception Caches                  0 us
[457.700s][info ][gc,stats       ] Pause Final Roots (G)                60 us
[457.700s][info ][gc,stats       ] Pause Final Roots (N)                14 us
[457.700s][info ][gc,stats       ] 
[457.700s][info ][gc,stats       ] Allocation pacing accrued:
[457.700s][info ][gc,stats       ]       0 of     4 ms (  0.0%): <total>
[457.700s][info ][gc,stats       ]       0 of     4 ms (  0.0%): <average total>
[457.700s][info ][gc,stats       ] 
[457.700s][info ][gc,metaspace   ] Metaspace: 253K(448K)->253K(448K) NonClass: 247K(320K)->247K(320K) Class: 5K(128K)->5K(128K)
[457.700s][info ][gc,ergo        ] Pacer for Idle. Initial: 41943K, Alloc Tax Rate: 1.0x
[457.701s][info ][gc             ] Trigger: Free (99824K) is below minimum threshold (204M)
[457.701s][info ][gc,ergo        ] Free: 99824K, Max: 1024K regular, 84992K humongous, Frag: 15% external, 0% internal; Reserve: 103M, Max: 1024K
[457.701s][info ][gc,start       ] GC(28496) Concurrent reset
[457.701s][info ][gc,task        ] GC(28496) Using 4 of 8 workers for concurrent reset
[457.701s][info ][gc,ergo        ] GC(28496) Pacer for Reset. Non-Taxable: 2048M
[457.703s][info ][gc             ] GC(28496) Concurrent reset 1.800ms
[457.703s][info ][gc,start       ] GC(28496) Pause Init Mark (unload classes)
[457.703s][info ][gc,task        ] GC(28496) Using 8 of 8 workers for init marking
[457.703s][info ][gc,ergo        ] GC(28496) Pacer for Mark. Expected Live: 1461M, Free: 83440K, Non-Taxable: 8344K, Alloc Tax Rate: 21.9x
[457.703s][info ][gc             ] GC(28496) Pause Init Mark (unload classes) 0.193ms
[457.704s][info ][gc,start       ] GC(28496) Concurrent marking roots
[457.704s][info ][gc,task        ] GC(28496) Using 4 of 8 workers for concurrent marking roots
[457.704s][info ][gc             ] GC(28496) Concurrent marking roots 0.315ms
[457.704s][info ][gc,start       ] GC(28496) Concurrent marking (unload classes)
[457.704s][info ][gc,task        ] GC(28496) Using 4 of 8 workers for concurrent marking
[457.705s][info ][gc             ] GC(28496) Concurrent marking (unload classes) 0.696ms
[457.705s][info ][gc,start       ] GC(28496) Pause Final Mark (unload classes)
[457.705s][info ][gc,task        ] GC(28496) Using 8 of 8 workers for final marking
[457.705s][info ][gc,ergo        ] GC(28496) Collectable Garbage: 40960K (100%), Immediate: 40960K (100%), CSet: 0B (0%)
[457.705s][info ][gc             ] GC(28496) Pause Final Mark (unload classes) 0.560ms
[457.705s][info ][gc,start       ] GC(28496) Concurrent weak references
[457.705s][info ][gc,task        ] GC(28496) Using 4 of 8 workers for concurrent weak references
[457.705s][info ][gc,ref         ] GC(28496) Encountered references: Soft: 7, Weak: 34, Final: 0, Phantom: 1
[457.705s][info ][gc,ref         ] GC(28496) Discovered  references: Soft: 0, Weak: 1, Final: 0, Phantom: 1
[457.705s][info ][gc,ref         ] GC(28496) Enqueued    references: Soft: 0, Weak: 0, Final: 0, Phantom: 0
[457.705s][info ][gc             ] GC(28496) Concurrent weak references 0.190ms
[457.705s][info ][gc,start       ] GC(28496) Concurrent weak roots
[457.705s][info ][gc,task        ] GC(28496) Using 4 of 8 workers for concurrent weak root
[457.706s][info ][gc             ] GC(28496) Concurrent weak roots 0.329ms
[457.706s][info ][gc,start       ] GC(28496) Concurrent cleanup
[457.706s][info ][gc             ] GC(28496) Concurrent cleanup 992M->952M(2048M) 0.089ms
[457.706s][info ][gc,ergo        ] GC(28496) Free: 121M, Max: 1024K regular, 66560K humongous, Frag: 47% external, 0% internal; Reserve: 103M, Max: 1024K
[457.706s][info ][gc,start       ] GC(28496) Concurrent class unloading
[457.706s][info ][gc,task        ] GC(28496) Using 4 of 8 workers for concurrent class unloading
[457.706s][debug][gc,phases,start] GC(28496) ClassLoaderData
[457.706s][debug][gc,phases      ] GC(28496) ClassLoaderData 0.005ms
[457.706s][debug][gc,phases,start] GC(28496) Trigger cleanups
[457.706s][debug][gc,phases      ] GC(28496) Trigger cleanups 0.003ms
[457.706s][info ][gc             ] GC(28496) Concurrent class unloading 0.269ms
[457.706s][info ][gc,start       ] GC(28496) Pause Final Roots
[457.706s][info ][gc             ] GC(28496) Pause Final Roots 0.010ms
[457.706s][debug][gc,ergo        ] GC(28496) Available: 121 MB, z-score=-0.860. Average available: 157.9 MB +/- 43321.9 KB.
[457.706s][info ][gc,ergo        ] Free: 121M, Max: 1024K regular, 66560K humongous, Frag: 47% external, 0% internal; Reserve: 103M, Max: 1024K
[457.706s][info ][gc,stats       ] 
[457.706s][info ][gc,stats       ] All times are wall-clock times, except per-root-class counters, that are sum over
[457.706s][info ][gc,stats       ] all workers. Dividing the <total> over the root stage time estimates parallelism.
[457.706s][info ][gc,stats       ] 
[457.706s][info ][gc,stats       ] Concurrent Reset                   1819 us
[457.706s][info ][gc,stats       ] Pause Init Mark (G)                 395 us
[457.706s][info ][gc,stats       ] Pause Init Mark (N)                 199 us
[457.706s][info ][gc,stats       ]   Update Region States              156 us
[457.706s][info ][gc,stats       ] Concurrent Mark Roots               331 us, parallelism: 1.37x
[457.706s][info ][gc,stats       ]   CMR: <total>                      453 us
[457.706s][info ][gc,stats       ]   CMR: Thread Roots                 429 us, workers (us): 179, 103,  98,  48, ---, ---, ---, ---, 
[457.706s][info ][gc,stats       ]   CMR: VM Strong Roots                4 us, workers (us):   3,   0,   0,   1, ---, ---, ---, ---, 
[457.706s][info ][gc,stats       ]   CMR: CLDG Roots                    21 us, workers (us):  21, ---, ---, ---, ---, ---, ---, ---, 
[457.706s][info ][gc,stats       ] Concurrent Marking                  710 us
[457.706s][info ][gc,stats       ] Pause Final Mark (G)                706 us
[457.706s][info ][gc,stats       ] Pause Final Mark (N)                565 us
[457.706s][info ][gc,stats       ]   Finish Mark                       375 us
[457.706s][info ][gc,stats       ]   Update Region States              111 us
[457.706s][info ][gc,stats       ]   Choose Collection Set              41 us
[457.706s][info ][gc,stats       ]   Rebuild Free Set                    6 us
[457.706s][info ][gc,stats       ] Concurrent Weak References          197 us, parallelism: 0.02x
[457.706s][info ][gc,stats       ]   CWRF: <total>                       4 us
[457.706s][info ][gc,stats       ]   CWRF: Weak References               4 us, workers (us):   4,   0,   0,   0, ---, ---, ---, ---, 
[457.706s][info ][gc,stats       ] Concurrent Weak Roots               346 us
[457.706s][info ][gc,stats       ]   Roots                             247 us, parallelism: 0.74x
[457.706s][info ][gc,stats       ]     CWR: <total>                    182 us
[457.706s][info ][gc,stats       ]     CWR: Code Cache Roots           140 us, workers (us):   0,   0, 139,   0, ---, ---, ---, ---, 
[457.706s][info ][gc,stats       ]     CWR: VM Weak Roots               40 us, workers (us):  21,  16,   4,   0, ---, ---, ---, ---, 
[457.706s][info ][gc,stats       ]     CWR: CLDG Roots                   2 us, workers (us): ---,   2, ---, ---, ---, ---, ---, ---, 
[457.706s][info ][gc,stats       ]   Rendezvous                         58 us
[457.706s][info ][gc,stats       ] Concurrent Cleanup                   93 us
[457.706s][info ][gc,stats       ] Concurrent Class Unloading          278 us
[457.706s][info ][gc,stats       ]   Unlink Stale                      159 us
[457.706s][info ][gc,stats       ]     System Dictionary                15 us
[457.706s][info ][gc,stats       ]     Weak Class Links                  0 us
[457.706s][info ][gc,stats       ]     Code Roots                      144 us
[457.706s][info ][gc,stats       ]   Rendezvous                         42 us
[457.706s][info ][gc,stats       ]   Purge Unlinked                     59 us
[457.706s][info ][gc,stats       ]     Code Roots                       45 us
[457.706s][info ][gc,stats       ]     CLDG                             13 us
[457.706s][info ][gc,stats       ]     Exception Caches                  0 us
[457.706s][info ][gc,stats       ] Pause Final Roots (G)                71 us
[457.706s][info ][gc,stats       ] Pause Final Roots (N)                14 us
[457.706s][info ][gc,stats       ] Pacing                            34496 us
[457.706s][info ][gc,stats       ] 
[457.706s][info ][gc,stats       ] Allocation pacing accrued:
[457.706s][info ][gc,stats       ]       6 of     6 ms ( 94.9%): Thread-0
[457.707s][info ][gc,stats       ]       6 of     6 ms ( 89.1%): Thread-1
[457.707s][info ][gc,stats       ]       6 of     6 ms ( 89.6%): Thread-2
[457.707s][info ][gc,stats       ]       6 of     6 ms ( 89.8%): Thread-4
[457.707s][info ][gc,stats       ]       6 of     6 ms ( 91.0%): Thread-5
[457.707s][info ][gc,stats       ]       6 of     6 ms ( 89.5%): Thread-7
[457.707s][info ][gc,stats       ]      34 of     6 ms (543.9%): <total>
[457.707s][info ][gc,stats       ]       2 of     6 ms ( 25.9%): <average total>
[457.707s][info ][gc,stats       ]       6 of     6 ms ( 90.7%): <average non-zero>
[457.707s][info ][gc,stats       ] 
[457.707s][info ][gc,metaspace   ] Metaspace: 253K(448K)->253K(448K) NonClass: 247K(320K)->247K(320K) Class: 5K(128K)->5K(128K)
[457.707s][info ][gc,ergo        ] Pacer for Idle. Initial: 41943K, Alloc Tax Rate: 1.0x
[457.708s][info ][gc             ] Trigger: Free (99824K) is below minimum threshold (204M)
[457.708s][info ][gc,ergo        ] Free: 84464K, Max: 1024K regular, 55296K humongous, Frag: 35% external, 0% internal; Reserve: 103M, Max: 1024K
[457.708s][info ][gc,start       ] GC(28497) Concurrent reset
[457.708s][info ][gc,task        ] GC(28497) Using 4 of 8 workers for concurrent reset
[457.708s][info ][gc,ergo        ] GC(28497) Pacer for Reset. Non-Taxable: 2048M
[457.711s][info ][gc             ] GC(28497) Concurrent reset 3.092ms
[457.711s][info ][gc,start       ] GC(28497) Pause Init Mark (unload classes)
[457.711s][info ][gc,task        ] GC(28497) Using 8 of 8 workers for init marking
[457.711s][info ][gc,ergo        ] GC(28497) Pacer for Mark. Expected Live: 1471M, Free: 41456K, Non-Taxable: 4145K, Alloc Tax Rate: 44.4x
[457.711s][info ][gc             ] GC(28497) Pause Init Mark (unload classes) 0.158ms
[457.711s][info ][gc,start       ] GC(28497) Concurrent marking roots
[457.711s][info ][gc,task        ] GC(28497) Using 4 of 8 workers for concurrent marking roots
[457.711s][info ][gc             ] GC(28497) Concurrent marking roots 0.176ms
[457.711s][info ][gc,start       ] GC(28497) Concurrent marking (unload classes)
[457.711s][info ][gc,task        ] GC(28497) Using 4 of 8 workers for concurrent marking
[457.712s][info ][gc             ] GC(28497) Concurrent marking (unload classes) 0.549ms
[457.712s][info ][gc,start       ] GC(28497) Pause Final Mark (unload classes)
[457.712s][info ][gc,task        ] GC(28497) Using 8 of 8 workers for final marking
[457.712s][info ][gc,ergo        ] GC(28497) Collectable Garbage: 32768K (100%), Immediate: 32768K (100%), CSet: 0B (0%)
[457.713s][info ][gc             ] GC(28497) Pause Final Mark (unload classes) 0.432ms
[457.713s][info ][gc,start       ] GC(28497) Concurrent weak references
[457.713s][info ][gc,task        ] GC(28497) Using 4 of 8 workers for concurrent weak references
[457.713s][info ][gc,ref         ] GC(28497) Encountered references: Soft: 7, Weak: 34, Final: 0, Phantom: 1
[457.713s][info ][gc,ref         ] GC(28497) Discovered  references: Soft: 0, Weak: 1, Final: 0, Phantom: 1
[457.713s][info ][gc,ref         ] GC(28497) Enqueued    references: Soft: 0, Weak: 0, Final: 0, Phantom: 0
[457.713s][info ][gc             ] GC(28497) Concurrent weak references 0.147ms
[457.713s][info ][gc,start       ] GC(28497) Concurrent weak roots
[457.713s][info ][gc,task        ] GC(28497) Using 4 of 8 workers for concurrent weak root
[457.713s][info ][gc             ] GC(28497) Concurrent weak roots 0.240ms
[457.713s][info ][gc,start       ] GC(28497) Concurrent cleanup
[457.713s][info ][gc             ] GC(28497) Concurrent cleanup 1009M->977M(2048M) 0.118ms
[457.713s][info ][gc,ergo        ] GC(28497) Free: 82416K, Max: 1024K regular, 38912K humongous, Frag: 53% external, 0% internal; Reserve: 103M, Max: 1024K
[457.713s][info ][gc,start       ] GC(28497) Concurrent class unloading
[457.713s][info ][gc,task        ] GC(28497) Using 4 of 8 workers for concurrent class unloading
[457.713s][debug][gc,phases,start] GC(28497) ClassLoaderData
[457.713s][debug][gc,phases      ] GC(28497) ClassLoaderData 0.005ms
[457.713s][debug][gc,phases,start] GC(28497) Trigger cleanups
[457.713s][debug][gc,phases      ] GC(28497) Trigger cleanups 0.003ms
[457.714s][info ][gc             ] GC(28497) Concurrent class unloading 0.470ms
[457.714s][info ][gc,start       ] GC(28497) Pause Final Roots
[457.714s][info ][gc             ] GC(28497) Pause Final Roots 0.017ms
[457.714s][debug][gc,ergo        ] GC(28497) Available: 82416 KB, z-score=-1.493. Average available: 152.3 MB +/- 49234.7 KB.
[457.714s][info ][gc,ergo        ] Free: 82416K, Max: 1024K regular, 38912K humongous, Frag: 53% external, 0% internal; Reserve: 103M, Max: 1024K
[457.714s][info ][gc,stats       ] 
[457.714s][info ][gc,stats       ] All times are wall-clock times, except per-root-class counters, that are sum over
[457.714s][info ][gc,stats       ] all workers. Dividing the <total> over the root stage time estimates parallelism.
[457.714s][info ][gc,stats       ] 
[457.714s][info ][gc,stats       ] Concurrent Reset                   3135 us
[457.714s][info ][gc,stats       ] Pause Init Mark (G)                 446 us
[457.714s][info ][gc,stats       ] Pause Init Mark (N)                 167 us
[457.714s][info ][gc,stats       ]   Update Region States              108 us
[457.714s][info ][gc,stats       ] Concurrent Mark Roots               188 us, parallelism: 1.45x
[457.714s][info ][gc,stats       ]   CMR: <total>                      272 us
[457.714s][info ][gc,stats       ]   CMR: Thread Roots                 243 us, workers (us):  65,  79,  62,  36, ---, ---, ---, ---, 
[457.714s][info ][gc,stats       ]   CMR: VM Strong Roots                4 us, workers (us):   3,   0,   0,   0, ---, ---, ---, ---, 
[457.714s][info ][gc,stats       ]   CMR: CLDG Roots                    25 us, workers (us):  25,   0, ---, ---, ---, ---, ---, ---, 
[457.714s][info ][gc,stats       ] Concurrent Marking                  562 us
[457.714s][info ][gc,stats       ] Pause Final Mark (G)                647 us
[457.714s][info ][gc,stats       ] Pause Final Mark (N)                438 us
[457.714s][info ][gc,stats       ]   Finish Mark                       265 us
[457.714s][info ][gc,stats       ]   Update Region States              116 us
[457.714s][info ][gc,stats       ]   Choose Collection Set              29 us
[457.714s][info ][gc,stats       ]   Rebuild Free Set                    6 us
[457.714s][info ][gc,stats       ] Concurrent Weak References          151 us, parallelism: 0.01x
[457.714s][info ][gc,stats       ]   CWRF: <total>                       2 us
[457.714s][info ][gc,stats       ]   CWRF: Weak References               2 us, workers (us):   2,   0,   0,   0, ---, ---, ---, ---, 
[457.714s][info ][gc,stats       ] Concurrent Weak Roots               254 us
[457.714s][info ][gc,stats       ]   Roots                             145 us, parallelism: 0.70x
[457.714s][info ][gc,stats       ]     CWR: <total>                    101 us
[457.714s][info ][gc,stats       ]     CWR: Code Cache Roots            79 us, workers (us):  79,   0,   0,   0, ---, ---, ---, ---, 
[457.714s][info ][gc,stats       ]     CWR: VM Weak Roots               21 us, workers (us):  16,   5,   0,   0, ---, ---, ---, ---, 
[457.714s][info ][gc,stats       ]     CWR: CLDG Roots                   1 us, workers (us): ---,   1, ---, ---, ---, ---, ---, ---, 
[457.714s][info ][gc,stats       ]   Rendezvous                         87 us
[457.714s][info ][gc,stats       ] Concurrent Cleanup                  122 us
[457.714s][info ][gc,stats       ] Concurrent Class Unloading          483 us
[457.714s][info ][gc,stats       ]   Unlink Stale                      246 us
[457.714s][info ][gc,stats       ]     System Dictionary                15 us
[457.714s][info ][gc,stats       ]     Weak Class Links                  0 us
[457.714s][info ][gc,stats       ]     Code Roots                      230 us
[457.714s][info ][gc,stats       ]   Rendezvous                         84 us
[457.714s][info ][gc,stats       ]   Purge Unlinked                    123 us
[457.714s][info ][gc,stats       ]     Code Roots                       92 us
[457.714s][info ][gc,stats       ]     CLDG                             31 us
[457.714s][info ][gc,stats       ]     Exception Caches                  0 us
[457.714s][info ][gc,stats       ] Pause Final Roots (G)                73 us
[457.714s][info ][gc,stats       ] Pause Final Roots (N)                22 us
[457.714s][info ][gc,stats       ] 
[457.714s][info ][gc,stats       ] Allocation pacing accrued:
[457.714s][info ][gc,stats       ]       0 of     8 ms (  0.0%): <total>
[457.714s][info ][gc,stats       ]       0 of     8 ms (  0.0%): <average total>
[457.714s][info ][gc,stats       ] 
[457.714s][info ][gc,metaspace   ] Metaspace: 253K(448K)->253K(448K) NonClass: 247K(320K)->247K(320K) Class: 5K(128K)->5K(128K)
[457.714s][info ][gc,ergo        ] Pacer for Idle. Initial: 41943K, Alloc Tax Rate: 1.0x
[457.715s][info ][gc             ] Trigger: Free (82416K) is below minimum threshold (204M)
[457.715s][info ][gc,ergo        ] Free: 82416K, Max: 1024K regular, 38912K humongous, Frag: 53% external, 0% internal; Reserve: 103M, Max: 1024K
[457.715s][info ][gc,start       ] GC(28498) Concurrent reset
[457.715s][info ][gc,task        ] GC(28498) Using 4 of 8 workers for concurrent reset
[457.715s][info ][gc,ergo        ] GC(28498) Pacer for Reset. Non-Taxable: 2048M
[457.717s][info ][gc             ] GC(28498) Concurrent reset 1.375ms
[457.717s][info ][gc,start       ] GC(28498) Pause Init Mark (unload classes)
[457.717s][info ][gc,task        ] GC(28498) Using 8 of 8 workers for init marking
[457.717s][info ][gc,ergo        ] GC(28498) Pacer for Mark. Expected Live: 1486M, Free: 82416K, Non-Taxable: 8241K, Alloc Tax Rate: 22.6x
[457.717s][info ][gc             ] GC(28498) Pause Init Mark (unload classes) 0.170ms
[457.717s][info ][gc,start       ] GC(28498) Concurrent marking roots
[457.717s][info ][gc,task        ] GC(28498) Using 4 of 8 workers for concurrent marking roots
[457.717s][info ][gc             ] GC(28498) Concurrent marking roots 0.211ms
[457.717s][info ][gc,start       ] GC(28498) Concurrent marking (unload classes)
[457.717s][info ][gc,task        ] GC(28498) Using 4 of 8 workers for concurrent marking
[457.718s][info ][gc             ] GC(28498) Concurrent marking (unload classes) 0.489ms
[457.718s][info ][gc,start       ] GC(28498) Pause Final Mark (unload classes)
[457.718s][info ][gc,task        ] GC(28498) Using 8 of 8 workers for final marking
[457.718s][info ][gc,ergo        ] GC(28498) Collectable Garbage: 50176K (100%), Immediate: 50176K (100%), CSet: 0B (0%)
[457.718s][info ][gc             ] GC(28498) Pause Final Mark (unload classes) 0.542ms
[457.718s][info ][gc,start       ] GC(28498) Concurrent weak references
[457.718s][info ][gc,task        ] GC(28498) Using 4 of 8 workers for concurrent weak references
[457.718s][info ][gc,ref         ] GC(28498) Encountered references: Soft: 7, Weak: 34, Final: 0, Phantom: 1
[457.718s][info ][gc,ref         ] GC(28498) Discovered  references: Soft: 0, Weak: 1, Final: 0, Phantom: 1
[457.718s][info ][gc,ref         ] GC(28498) Enqueued    references: Soft: 0, Weak: 0, Final: 0, Phantom: 0
[457.718s][info ][gc             ] GC(28498) Concurrent weak references 0.108ms
[457.718s][info ][gc,start       ] GC(28498) Concurrent weak roots
[457.718s][info ][gc,task        ] GC(28498) Using 4 of 8 workers for concurrent weak root
[457.718s][info ][gc             ] GC(28498) Concurrent weak roots 0.161ms
[457.718s][info ][gc,start       ] GC(28498) Concurrent cleanup
[457.719s][info ][gc             ] GC(28498) Concurrent cleanup 977M->928M(2048M) 0.100ms
[457.719s][info ][gc,ergo        ] GC(28498) Free: 169M, Max: 1024K regular, 57344K humongous, Frag: 67% external, 0% internal; Reserve: 103M, Max: 1024K
[457.719s][info ][gc,start       ] GC(28498) Concurrent class unloading
[457.719s][info ][gc,task        ] GC(28498) Using 4 of 8 workers for concurrent class unloading
[457.719s][debug][gc,phases,start] GC(28498) ClassLoaderData
[457.719s][debug][gc,phases      ] GC(28498) ClassLoaderData 0.006ms
[457.719s][debug][gc,phases,start] GC(28498) Trigger cleanups
[457.719s][debug][gc,phases      ] GC(28498) Trigger cleanups 0.005ms
[457.719s][info ][gc             ] GC(28498) Concurrent class unloading 0.503ms
[457.719s][info ][gc,start       ] GC(28498) Pause Final Roots
[457.719s][info ][gc             ] GC(28498) Pause Final Roots 0.012ms
[457.719s][debug][gc,ergo        ] GC(28498) Available: 169 MB, z-score=0.286. Average available: 155.8 MB +/- 49081.7 KB.
[457.719s][info ][gc,ergo        ] Free: 169M, Max: 1024K regular, 57344K humongous, Frag: 67% external, 0% internal; Reserve: 103M, Max: 1024K
[457.719s][info ][gc,stats       ] 
[457.719s][info ][gc,stats       ] All times are wall-clock times, except per-root-class counters, that are sum over
[457.719s][info ][gc,stats       ] all workers. Dividing the <total> over the root stage time estimates parallelism.
[457.719s][info ][gc,stats       ] 
[457.719s][info ][gc,stats       ] Concurrent Reset                   1395 us
[457.719s][info ][gc,stats       ] Pause Init Mark (G)                 247 us
[457.719s][info ][gc,stats       ] Pause Init Mark (N)                 185 us
[457.719s][info ][gc,stats       ]   Update Region States              135 us
[457.719s][info ][gc,stats       ] Concurrent Mark Roots               227 us, parallelism: 1.15x
[457.719s][info ][gc,stats       ]   CMR: <total>                      260 us
[457.719s][info ][gc,stats       ]   CMR: Thread Roots                 236 us, workers (us):  66,  75,  56,  39, ---, ---, ---, ---, 
[457.719s][info ][gc,stats       ]   CMR: VM Strong Roots                4 us, workers (us):   3,   0,   0,   0, ---, ---, ---, ---, 
[457.719s][info ][gc,stats       ]   CMR: CLDG Roots                    20 us, workers (us):  20,   1, ---, ---, ---, ---, ---, ---, 
[457.719s][info ][gc,stats       ] Concurrent Marking                  502 us
[457.719s][info ][gc,stats       ] Pause Final Mark (G)                606 us
[457.719s][info ][gc,stats       ] Pause Final Mark (N)                549 us
[457.719s][info ][gc,stats       ]   Finish Mark                       356 us
[457.719s][info ][gc,stats       ]   Update Region States              111 us
[457.719s][info ][gc,stats       ]   Choose Collection Set              41 us
[457.719s][info ][gc,stats       ]   Rebuild Free Set                   10 us
[457.719s][info ][gc,stats       ] Concurrent Weak References          114 us, parallelism: 0.01x
[457.719s][info ][gc,stats       ]   CWRF: <total>                       1 us
[457.719s][info ][gc,stats       ]   CWRF: Weak References               1 us, workers (us):   1,   0,   0,   0, ---, ---, ---, ---, 
[457.719s][info ][gc,stats       ] Concurrent Weak Roots               175 us
[457.719s][info ][gc,stats       ]   Roots                              91 us, parallelism: 0.53x
[457.719s][info ][gc,stats       ]     CWR: <total>                     48 us
[457.719s][info ][gc,stats       ]     CWR: Code Cache Roots            27 us, workers (us):   0,  27,   0,   0, ---, ---, ---, ---, 
[457.719s][info ][gc,stats       ]     CWR: VM Weak Roots               21 us, workers (us):  15,   5,   0,   0, ---, ---, ---, ---, 
[457.719s][info ][gc,stats       ]     CWR: CLDG Roots                   1 us, workers (us):   1, ---, ---, ---, ---, ---, ---, ---, 
[457.719s][info ][gc,stats       ]   Rendezvous                         58 us
[457.719s][info ][gc,stats       ] Concurrent Cleanup                  107 us
[457.719s][info ][gc,stats       ] Concurrent Class Unloading          517 us
[457.719s][info ][gc,stats       ]   Unlink Stale                      242 us
[457.719s][info ][gc,stats       ]     System Dictionary                23 us
[457.719s][info ][gc,stats       ]     Weak Class Links                  0 us
[457.719s][info ][gc,stats       ]     Code Roots                      218 us
[457.719s][info ][gc,stats       ]   Rendezvous                        123 us
[457.719s][info ][gc,stats       ]   Purge Unlinked                    125 us
[457.719s][info ][gc,stats       ]     Code Roots                      109 us
[457.719s][info ][gc,stats       ]     CLDG                             16 us
[457.719s][info ][gc,stats       ]     Exception Caches                  0 us
[457.719s][info ][gc,stats       ] Pause Final Roots (G)                73 us
[457.719s][info ][gc,stats       ] Pause Final Roots (N)                16 us
[457.719s][info ][gc,stats       ] 
[457.719s][info ][gc,stats       ] Allocation pacing accrued:
[457.719s][info ][gc,stats       ]       0 of     5 ms (  0.0%): <total>
[457.719s][info ][gc,stats       ]       0 of     5 ms (  0.0%): <average total>
[457.719s][info ][gc,stats       ] 
[457.719s][info ][gc,metaspace   ] Metaspace: 253K(448K)->253K(448K) NonClass: 247K(320K)->247K(320K) Class: 5K(128K)->5K(128K)
[457.719s][info ][gc,ergo        ] Pacer for Idle. Initial: 41943K, Alloc Tax Rate: 1.0x
[457.721s][info ][gc             ] Trigger: Free (169M) is below minimum threshold (204M)
[457.721s][info ][gc,ergo        ] Free: 169M, Max: 1024K regular, 57344K humongous, Frag: 67% external, 0% internal; Reserve: 103M, Max: 1024K
[457.721s][info ][gc,start       ] GC(28499) Concurrent reset
[457.721s][info ][gc,task        ] GC(28499) Using 4 of 8 workers for concurrent reset
[457.721s][info ][gc,ergo        ] GC(28499) Pacer for Reset. Non-Taxable: 2048M
[457.722s][info ][gc             ] GC(28499) Concurrent reset 1.550ms
[457.723s][info ][gc,start       ] GC(28499) Pause Init Mark (unload classes)
[457.723s][info ][gc,task        ] GC(28499) Using 8 of 8 workers for init marking
[457.723s][info ][gc,ergo        ] GC(28499) Pacer for Mark. Expected Live: 1493M, Free: 156M, Non-Taxable: 16024K, Alloc Tax Rate: 11.7x
[457.723s][info ][gc             ] GC(28499) Pause Init Mark (unload classes) 0.195ms
[457.723s][info ][gc,start       ] GC(28499) Concurrent marking roots
[457.723s][info ][gc,task        ] GC(28499) Using 4 of 8 workers for concurrent marking roots
[457.723s][info ][gc             ] GC(28499) Concurrent marking roots 0.158ms
[457.723s][info ][gc,start       ] GC(28499) Concurrent marking (unload classes)
[457.723s][info ][gc,task        ] GC(28499) Using 4 of 8 workers for concurrent marking
[457.723s][info ][gc             ] GC(28499) Concurrent marking (unload classes) 0.510ms
[457.724s][info ][gc,start       ] GC(28499) Pause Final Mark (unload classes)
[457.724s][info ][gc,task        ] GC(28499) Using 8 of 8 workers for final marking
[457.724s][info ][gc,ergo        ] GC(28499) Collectable Garbage: 32768K (100%), Immediate: 32768K (100%), CSet: 0B (0%)
[457.724s][info ][gc             ] GC(28499) Pause Final Mark (unload classes) 0.449ms
[457.724s][info ][gc,start       ] GC(28499) Concurrent weak references
[457.724s][info ][gc,task        ] GC(28499) Using 4 of 8 workers for concurrent weak references
[457.724s][info ][gc,ref         ] GC(28499) Encountered references: Soft: 7, Weak: 34, Final: 0, Phantom: 1
[457.724s][info ][gc,ref         ] GC(28499) Discovered  references: Soft: 0, Weak: 0, Final: 0, Phantom: 1
[457.724s][info ][gc,ref         ] GC(28499) Enqueued    references: Soft: 0, Weak: 0, Final: 0, Phantom: 0
[457.724s][info ][gc             ] GC(28499) Concurrent weak references 0.171ms
[457.724s][info ][gc,start       ] GC(28499) Concurrent weak roots
[457.724s][info ][gc,task        ] GC(28499) Using 4 of 8 workers for concurrent weak root
[457.724s][info ][gc             ] GC(28499) Concurrent weak roots 0.190ms
[457.724s][info ][gc,start       ] GC(28499) Concurrent cleanup
[457.725s][info ][gc             ] GC(28499) Concurrent cleanup 950M->918M(2048M) 0.098ms
[457.725s][info ][gc,ergo        ] GC(28499) Free: 198M, Max: 1024K regular, 75776K humongous, Frag: 63% external, 0% internal; Reserve: 103M, Max: 1024K
[457.725s][info ][gc,start       ] GC(28499) Concurrent class unloading
[457.725s][info ][gc,task        ] GC(28499) Using 4 of 8 workers for concurrent class unloading
[457.725s][debug][gc,phases,start] GC(28499) ClassLoaderData
[457.725s][debug][gc,phases      ] GC(28499) ClassLoaderData 0.007ms
[457.725s][debug][gc,phases,start] GC(28499) Trigger cleanups
[457.725s][debug][gc,phases      ] GC(28499) Trigger cleanups 0.005ms
[457.725s][info ][gc             ] GC(28499) Concurrent class unloading 0.399ms
[457.725s][info ][gc,start       ] GC(28499) Pause Final Roots
[457.725s][info ][gc             ] GC(28499) Pause Final Roots 0.014ms
[457.725s][debug][gc,ergo        ] GC(28499) Available: 198 MB, z-score=0.767. Average available: 160.5 MB +/- 50745.4 KB.
[457.725s][info ][gc,ergo        ] Free: 198M, Max: 1024K regular, 75776K humongous, Frag: 63% external, 0% internal; Reserve: 103M, Max: 1024K
[457.725s][info ][gc,stats       ] 
[457.725s][info ][gc,stats       ] All times are wall-clock times, except per-root-class counters, that are sum over
[457.725s][info ][gc,stats       ] all workers. Dividing the <total> over the root stage time estimates parallelism.
[457.725s][info ][gc,stats       ] 
[457.725s][info ][gc,stats       ] Concurrent Reset                   1571 us
[457.725s][info ][gc,stats       ] Pause Init Mark (G)                 650 us
[457.725s][info ][gc,stats       ] Pause Init Mark (N)                 201 us
[457.725s][info ][gc,stats       ]   Update Region States              155 us
[457.725s][info ][gc,stats       ] Concurrent Mark Roots               171 us, parallelism: 1.44x
[457.725s][info ][gc,stats       ]   CMR: <total>                      247 us
[457.725s][info ][gc,stats       ]   CMR: Thread Roots                 226 us, workers (us):  51,  69,  61,  45, ---, ---, ---, ---, 
[457.725s][info ][gc,stats       ]   CMR: VM Strong Roots                3 us, workers (us):   3,   0,   0,   0, ---, ---, ---, ---, 
[457.725s][info ][gc,stats       ]   CMR: CLDG Roots                    17 us, workers (us):  17,   0, ---, ---, ---, ---, ---, ---, 
[457.725s][info ][gc,stats       ] Concurrent Marking                  525 us
[457.725s][info ][gc,stats       ] Pause Final Mark (G)                618 us
[457.725s][info ][gc,stats       ] Pause Final Mark (N)                455 us
[457.725s][info ][gc,stats       ]   Finish Mark                       263 us
[457.725s][info ][gc,stats       ]   Update Region States              114 us
[457.725s][info ][gc,stats       ]   Choose Collection Set              39 us
[457.725s][info ][gc,stats       ]   Rebuild Free Set                   10 us
[457.725s][info ][gc,stats       ] Concurrent Weak References          177 us, parallelism: 0.01x
[457.725s][info ][gc,stats       ]   CWRF: <total>                       2 us
[457.725s][info ][gc,stats       ]   CWRF: Weak References               2 us, workers (us):   2,   0,   0,   0, ---, ---, ---, ---, 
[457.725s][info ][gc,stats       ] Concurrent Weak Roots               201 us
[457.725s][info ][gc,stats       ]   Roots                             106 us, parallelism: 0.56x
[457.725s][info ][gc,stats       ]     CWR: <total>                     59 us
[457.725s][info ][gc,stats       ]     CWR: Code Cache Roots            31 us, workers (us):  31,   0,   0,   0, ---, ---, ---, ---, 
[457.725s][info ][gc,stats       ]     CWR: VM Weak Roots               27 us, workers (us):  15,  12,   1,   0, ---, ---, ---, ---, 
[457.725s][info ][gc,stats       ]     CWR: CLDG Roots                   1 us, workers (us): ---,   1, ---, ---, ---, ---, ---, ---, 
[457.725s][info ][gc,stats       ]   Rendezvous                         71 us
[457.725s][info ][gc,stats       ] Concurrent Cleanup                  105 us
[457.725s][info ][gc,stats       ] Concurrent Class Unloading          412 us
[457.725s][info ][gc,stats       ]   Unlink Stale                      217 us
[457.725s][info ][gc,stats       ]     System Dictionary                23 us
[457.725s][info ][gc,stats       ]     Weak Class Links                  0 us
[457.725s][info ][gc,stats       ]     Code Roots                      193 us
[457.725s][info ][gc,stats       ]   Rendezvous                         66 us
[457.725s][info ][gc,stats       ]   Purge Unlinked                    103 us
[457.725s][info ][gc,stats       ]     Code Roots                       86 us
[457.725s][info ][gc,stats       ]     CLDG                             16 us
[457.725s][info ][gc,stats       ]     Exception Caches                  0 us
[457.725s][info ][gc,stats       ] Pause Final Roots (G)                75 us
[457.725s][info ][gc,stats       ] Pause Final Roots (N)                18 us
[457.725s][info ][gc,stats       ] Pacing                           106875 us
[457.725s][info ][gc,stats       ] 
[457.725s][info ][gc,stats       ] Allocation pacing accrued:
[457.725s][info ][gc,stats       ]      10 of     6 ms (172.1%): Thread-0
[457.725s][info ][gc,stats       ]      10 of     6 ms (169.2%): Thread-1
[457.725s][info ][gc,stats       ]      11 of     6 ms (180.9%): Thread-2
[457.725s][info ][gc,stats       ]      10 of     6 ms (171.4%): Thread-3
[457.725s][info ][gc,stats       ]      11 of     6 ms (188.1%): Thread-4
[457.725s][info ][gc,stats       ]      11 of     6 ms (186.8%): Thread-5
[457.725s][info ][gc,stats       ]      11 of     6 ms (185.6%): Thread-6
[457.725s][info ][gc,stats       ]      11 of     6 ms (184.6%): Thread-7
[457.725s][info ][gc,stats       ]      10 of     6 ms (173.8%): Thread-8
[457.725s][info ][gc,stats       ]      10 of     6 ms (173.2%): Thread-9
[457.725s][info ][gc,stats       ]     107 of     6 ms (1785.8%): <total>
[457.725s][info ][gc,stats       ]       5 of     6 ms ( 85.0%): <average total>
[457.725s][info ][gc,stats       ]      11 of     6 ms (178.6%): <average non-zero>
[457.725s][info ][gc,stats       ] 
[457.726s][info ][gc,metaspace   ] Metaspace: 253K(448K)->253K(448K) NonClass: 247K(320K)->247K(320K) Class: 5K(128K)->5K(128K)
[457.726s][info ][gc,ergo        ] Pacer for Idle. Initial: 41943K, Alloc Tax Rate: 1.0x
[457.727s][info ][gc             ] Trigger: Free (164M) is below minimum threshold (204M)
[457.727s][info ][gc,ergo        ] Free: 158M, Max: 1024K regular, 75776K humongous, Frag: 54% external, 0% internal; Reserve: 103M, Max: 1024K
[457.727s][info ][gc,start       ] GC(28500) Concurrent reset
[457.727s][info ][gc,task        ] GC(28500) Using 4 of 8 workers for concurrent reset
[457.727s][info ][gc,ergo        ] GC(28500) Pacer for Reset. Non-Taxable: 2048M
[457.729s][info ][gc             ] GC(28500) Concurrent reset 1.881ms
[457.729s][info ][gc,start       ] GC(28500) Pause Init Mark (unload classes)
[457.729s][info ][gc,task        ] GC(28500) Using 8 of 8 workers for init marking
[457.729s][info ][gc,ergo        ] GC(28500) Pacer for Mark. Expected Live: 937M, Free: 138M, Non-Taxable: 14180K, Alloc Tax Rate: 8.3x
[457.729s][info ][gc             ] GC(28500) Pause Init Mark (unload classes) 0.118ms
[457.729s][info ][gc,start       ] GC(28500) Concurrent marking roots
[457.729s][info ][gc,task        ] GC(28500) Using 4 of 8 workers for concurrent marking roots
[457.729s][info ][gc             ] GC(28500) Concurrent marking roots 0.148ms
[457.729s][info ][gc,start       ] GC(28500) Concurrent marking (unload classes)
[457.729s][info ][gc,task        ] GC(28500) Using 4 of 8 workers for concurrent marking
[457.730s][info ][gc             ] GC(28500) Concurrent marking (unload classes) 0.870ms
[457.730s][info ][gc,start       ] GC(28500) Pause Final Mark (unload classes)
[457.730s][info ][gc,task        ] GC(28500) Using 8 of 8 workers for final marking
[457.730s][info ][gc,ergo        ] GC(28500) Collectable Garbage: 49152K (100%), Immediate: 49152K (100%), CSet: 0B (0%)
[457.730s][info ][gc             ] GC(28500) Pause Final Mark (unload classes) 0.455ms
[457.731s][info ][gc,start       ] GC(28500) Concurrent weak references
[457.731s][info ][gc,task        ] GC(28500) Using 4 of 8 workers for concurrent weak references
[457.731s][info ][gc,ref         ] GC(28500) Encountered references: Soft: 7, Weak: 34, Final: 0, Phantom: 1
[457.731s][info ][gc,ref         ] GC(28500) Discovered  references: Soft: 0, Weak: 1, Final: 0, Phantom: 1
[457.731s][info ][gc,ref         ] GC(28500) Enqueued    references: Soft: 0, Weak: 0, Final: 0, Phantom: 0
[457.731s][info ][gc             ] GC(28500) Concurrent weak references 0.090ms
[457.731s][info ][gc,start       ] GC(28500) Concurrent weak roots
[457.731s][info ][gc,task        ] GC(28500) Using 4 of 8 workers for concurrent weak root
[457.731s][info ][gc             ] GC(28500) Concurrent weak roots 0.292ms
[457.731s][info ][gc,start       ] GC(28500) Concurrent cleanup
[457.731s][info ][gc             ] GC(28500) Concurrent cleanup 966M->919M(2048M) 0.089ms
[457.731s][info ][gc,ergo        ] GC(28500) Free: 196M, Max: 1024K regular, 91136K humongous, Frag: 55% external, 0% internal; Reserve: 103M, Max: 1024K
[457.731s][info ][gc,start       ] GC(28500) Concurrent class unloading
[457.731s][info ][gc,task        ] GC(28500) Using 4 of 8 workers for concurrent class unloading
[457.731s][debug][gc,phases,start] GC(28500) ClassLoaderData
[457.731s][debug][gc,phases      ] GC(28500) ClassLoaderData 0.005ms
[457.731s][debug][gc,phases,start] GC(28500) Trigger cleanups
[457.731s][debug][gc,phases      ] GC(28500) Trigger cleanups 0.003ms
[457.731s][info ][gc             ] GC(28500) Concurrent class unloading 0.306ms
[457.731s][info ][gc,start       ] GC(28500) Pause Final Roots
[457.731s][info ][gc             ] GC(28500) Pause Final Roots 0.010ms
[457.731s][debug][gc,ergo        ] GC(28500) Available: 196 MB, z-score=0.573. Average available: 169.7 MB +/- 47889.5 KB.
[457.731s][info ][gc,ergo        ] Free: 196M, Max: 1024K regular, 91136K humongous, Frag: 55% external, 0% internal; Reserve: 103M, Max: 1024K
[457.731s][info ][gc,stats       ] 
[457.732s][info ][gc,stats       ] All times are wall-clock times, except per-root-class counters, that are sum over
[457.732s][info ][gc,stats       ] all workers. Dividing the <total> over the root stage time estimates parallelism.
[457.732s][info ][gc,stats       ] 
[457.732s][info ][gc,stats       ] Concurrent Reset                   1907 us
[457.732s][info ][gc,stats       ] Pause Init Mark (G)                 183 us
[457.732s][info ][gc,stats       ] Pause Init Mark (N)                 123 us
[457.732s][info ][gc,stats       ]   Update Region States               93 us
[457.732s][info ][gc,stats       ] Concurrent Mark Roots               162 us, parallelism: 1.62x
[457.732s][info ][gc,stats       ]   CMR: <total>                      262 us
[457.732s][info ][gc,stats       ]   CMR: Thread Roots                 246 us, workers (us):  67,  69,  62,  48, ---, ---, ---, ---, 
[457.732s][info ][gc,stats       ]   CMR: VM Strong Roots                2 us, workers (us):   2,   0,   0,   0, ---, ---, ---, ---, 
[457.732s][info ][gc,stats       ]   CMR: CLDG Roots                    14 us, workers (us):  14,   1, ---, ---, ---, ---, ---, ---, 
[457.732s][info ][gc,stats       ] Concurrent Marking                  906 us
[457.732s][info ][gc,stats       ] Pause Final Mark (G)                642 us
[457.732s][info ][gc,stats       ] Pause Final Mark (N)                460 us
[457.732s][info ][gc,stats       ]   Finish Mark                       271 us
[457.732s][info ][gc,stats       ]   Update Region States              106 us
[457.732s][info ][gc,stats       ]   Choose Collection Set              54 us
[457.732s][info ][gc,stats       ]   Rebuild Free Set                    8 us
[457.732s][info ][gc,stats       ] Concurrent Weak References          107 us, parallelism: 0.04x
[457.732s][info ][gc,stats       ]   CWRF: <total>                       5 us
[457.732s][info ][gc,stats       ]   CWRF: Weak References               5 us, workers (us):   4,   0,   0,   1, ---, ---, ---, ---, 
[457.732s][info ][gc,stats       ] Concurrent Weak Roots               306 us
[457.732s][info ][gc,stats       ]   Roots                             202 us, parallelism: 0.65x
[457.732s][info ][gc,stats       ]     CWR: <total>                    130 us
[457.732s][info ][gc,stats       ]     CWR: Code Cache Roots            94 us, workers (us):  94,   0,   0,   0, ---, ---, ---, ---, 
[457.732s][info ][gc,stats       ]     CWR: VM Weak Roots               25 us, workers (us):  16,   9,   0,   0, ---, ---, ---, ---, 
[457.732s][info ][gc,stats       ]     CWR: CLDG Roots                  12 us, workers (us): ---,  12, ---, ---, ---, ---, ---, ---, 
[457.732s][info ][gc,stats       ]   Rendezvous                         71 us
[457.732s][info ][gc,stats       ] Concurrent Cleanup                   93 us
[457.732s][info ][gc,stats       ] Concurrent Class Unloading          320 us
[457.732s][info ][gc,stats       ]   Unlink Stale                      189 us
[457.732s][info ][gc,stats       ]     System Dictionary                14 us
[457.732s][info ][gc,stats       ]     Weak Class Links                  0 us
[457.732s][info ][gc,stats       ]     Code Roots                      174 us
[457.732s][info ][gc,stats       ]   Rendezvous                         52 us
[457.732s][info ][gc,stats       ]   Purge Unlinked                     56 us
[457.732s][info ][gc,stats       ]     Code Roots                       44 us
[457.732s][info ][gc,stats       ]     CLDG                             12 us
[457.732s][info ][gc,stats       ]     Exception Caches                  0 us
[457.732s][info ][gc,stats       ] Pause Final Roots (G)                71 us
[457.732s][info ][gc,stats       ] Pause Final Roots (N)                14 us
[457.732s][info ][gc,stats       ] 
[457.732s][info ][gc,stats       ] Allocation pacing accrued:
[457.732s][info ][gc,stats       ]       0 of     6 ms (  0.0%): <total>
[457.732s][info ][gc,stats       ]       0 of     6 ms (  0.0%): <average total>
[457.732s][info ][gc,stats       ] 
[457.732s][info ][gc,metaspace   ] Metaspace: 253K(448K)->253K(448K) NonClass: 247K(320K)->247K(320K) Class: 5K(128K)->5K(128K)
[457.732s][info ][gc,ergo        ] Pacer for Idle. Initial: 41943K, Alloc Tax Rate: 1.0x
[457.733s][info ][gc             ] Trigger: Free (170M) is below minimum threshold (204M)
[457.733s][info ][gc,ergo        ] Free: 168M, Max: 1024K regular, 91136K humongous, Frag: 48% external, 0% internal; Reserve: 103M, Max: 1024K
[457.733s][info ][gc,start       ] GC(28501) Concurrent reset
[457.733s][info ][gc,task        ] GC(28501) Using 4 of 8 workers for concurrent reset
[457.733s][info ][gc,ergo        ] GC(28501) Pacer for Reset. Non-Taxable: 2048M
[457.735s][info ][gc             ] GC(28501) Concurrent reset 2.497ms
[457.736s][info ][gc,start       ] GC(28501) Pause Init Mark (unload classes)
[457.736s][info ][gc,task        ] GC(28501) Using 8 of 8 workers for init marking
[457.736s][info ][gc,ergo        ] GC(28501) Pacer for Mark. Expected Live: 926M, Free: 123M, Non-Taxable: 12644K, Alloc Tax Rate: 9.2x
[457.736s][info ][gc             ] GC(28501) Pause Init Mark (unload classes) 0.174ms
[457.736s][info ][gc,start       ] GC(28501) Concurrent marking roots
[457.736s][info ][gc,task        ] GC(28501) Using 4 of 8 workers for concurrent marking roots
[457.737s][info ][gc             ] GC(28501) Concurrent marking roots 0.234ms
[457.737s][info ][gc,start       ] GC(28501) Concurrent marking (unload classes)
[457.737s][info ][gc,task        ] GC(28501) Using 4 of 8 workers for concurrent marking
[457.737s][info ][gc             ] GC(28501) Concurrent marking (unload classes) 0.562ms
[457.737s][info ][gc,start       ] GC(28501) Pause Final Mark (unload classes)
[457.737s][info ][gc,task        ] GC(28501) Using 8 of 8 workers for final marking
[457.738s][info ][gc,ergo        ] GC(28501) Collectable Garbage: 32768K (100%), Immediate: 32768K (100%), CSet: 0B (0%)
[457.738s][info ][gc             ] GC(28501) Pause Final Mark (unload classes) 0.621ms
[457.738s][info ][gc,start       ] GC(28501) Concurrent weak references
[457.738s][info ][gc,task        ] GC(28501) Using 4 of 8 workers for concurrent weak references
[457.738s][info ][gc,ref         ] GC(28501) Encountered references: Soft: 7, Weak: 34, Final: 0, Phantom: 1
[457.738s][info ][gc,ref         ] GC(28501) Discovered  references: Soft: 0, Weak: 0, Final: 0, Phantom: 1
[457.738s][info ][gc,ref         ] GC(28501) Enqueued    references: Soft: 0, Weak: 0, Final: 0, Phantom: 0
[457.738s][info ][gc             ] GC(28501) Concurrent weak references 0.123ms
[457.738s][info ][gc,start       ] GC(28501) Concurrent weak roots
[457.738s][info ][gc,task        ] GC(28501) Using 4 of 8 workers for concurrent weak root
[457.738s][info ][gc             ] GC(28501) Concurrent weak roots 0.237ms
[457.738s][info ][gc,start       ] GC(28501) Concurrent cleanup
[457.739s][info ][gc             ] GC(28501) Concurrent cleanup 972M->940M(2048M) 0.112ms
[457.739s][info ][gc,ergo        ] GC(28501) Free: 163M, Max: 1024K regular, 79872K humongous, Frag: 53% external, 0% internal; Reserve: 103M, Max: 1024K
[457.739s][info ][gc,start       ] GC(28501) Concurrent class unloading
[457.739s][info ][gc,task        ] GC(28501) Using 4 of 8 workers for concurrent class unloading
[457.739s][debug][gc,phases,start] GC(28501) ClassLoaderData
[457.739s][debug][gc,phases      ] GC(28501) ClassLoaderData 0.007ms
[457.739s][debug][gc,phases,start] GC(28501) Trigger cleanups
[457.739s][debug][gc,phases      ] GC(28501) Trigger cleanups 0.005ms
[457.739s][info ][gc             ] GC(28501) Concurrent class unloading 0.376ms
[457.739s][info ][gc,start       ] GC(28501) Pause Final Roots
[457.739s][info ][gc             ] GC(28501) Pause Final Roots 0.016ms
[457.739s][debug][gc,ergo        ] GC(28501) Available: 163 MB, z-score=-0.009. Average available: 163.9 MB +/- 44506.2 KB.
[457.739s][info ][gc,ergo        ] Free: 163M, Max: 1024K regular, 79872K humongous, Frag: 53% external, 0% internal; Reserve: 103M, Max: 1024K
[457.739s][info ][gc,stats       ] 
[457.739s][info ][gc,stats       ] All times are wall-clock times, except per-root-class counters, that are sum over
[457.739s][info ][gc,stats       ] all workers. Dividing the <total> over the root stage time estimates parallelism.
[457.739s][info ][gc,stats       ] 
[457.739s][info ][gc,stats       ] Concurrent Reset                   2532 us
[457.739s][info ][gc,stats       ] Pause Init Mark (G)                 971 us
[457.739s][info ][gc,stats       ] Pause Init Mark (N)                 181 us
[457.739s][info ][gc,stats       ]   Update Region States              135 us
[457.739s][info ][gc,stats       ] Concurrent Mark Roots               246 us, parallelism: 0.77x
[457.739s][info ][gc,stats       ]   CMR: <total>                      189 us
[457.739s][info ][gc,stats       ]   CMR: Thread Roots                 159 us, workers (us):  54,  53,  53,   0, ---, ---, ---, ---, 
[457.739s][info ][gc,stats       ]   CMR: VM Strong Roots                4 us, workers (us):   4,   1,   0,   0, ---, ---, ---, ---, 
[457.739s][info ][gc,stats       ]   CMR: CLDG Roots                    26 us, workers (us):  25,   1, ---, ---, ---, ---, ---, ---, 
[457.739s][info ][gc,stats       ] Concurrent Marking                  576 us
[457.739s][info ][gc,stats       ] Pause Final Mark (G)                824 us
[457.739s][info ][gc,stats       ] Pause Final Mark (N)                628 us
[457.739s][info ][gc,stats       ]   Finish Mark                       400 us
[457.739s][info ][gc,stats       ]   Update Region States              145 us
[457.739s][info ][gc,stats       ]   Choose Collection Set              50 us
[457.739s][info ][gc,stats       ]   Rebuild Free Set                    9 us
[457.739s][info ][gc,stats       ] Concurrent Weak References          127 us, parallelism: 0.01x
[457.739s][info ][gc,stats       ]   CWRF: <total>                       1 us
[457.739s][info ][gc,stats       ]   CWRF: Weak References               1 us, workers (us):   1,   0,   0,   0, ---, ---, ---, ---, 
[457.739s][info ][gc,stats       ] Concurrent Weak Roots               254 us
[457.739s][info ][gc,stats       ]   Roots                             147 us, parallelism: 0.61x
[457.739s][info ][gc,stats       ]     CWR: <total>                     90 us
[457.739s][info ][gc,stats       ]     CWR: Code Cache Roots            66 us, workers (us):  66,   0,   0,   0, ---, ---, ---, ---, 
[457.739s][info ][gc,stats       ]     CWR: VM Weak Roots               22 us, workers (us):  17,   5,   0,   0, ---, ---, ---, ---, 
[457.739s][info ][gc,stats       ]     CWR: CLDG Roots                   1 us, workers (us): ---,   1, ---, ---, ---, ---, ---, ---, 
[457.739s][info ][gc,stats       ]   Rendezvous                         80 us
[457.739s][info ][gc,stats       ] Concurrent Cleanup                  125 us
[457.739s][info ][gc,stats       ] Concurrent Class Unloading          391 us
[457.739s][info ][gc,stats       ]   Unlink Stale                      222 us
[457.739s][info ][gc,stats       ]     System Dictionary                22 us
[457.739s][info ][gc,stats       ]     Weak Class Links                  0 us
[457.739s][info ][gc,stats       ]     Code Roots                      198 us
[457.739s][info ][gc,stats       ]   Rendezvous                         65 us
[457.739s][info ][gc,stats       ]   Purge Unlinked                     76 us
[457.739s][info ][gc,stats       ]     Code Roots                       47 us
[457.739s][info ][gc,stats       ]     CLDG                             28 us
[457.739s][info ][gc,stats       ]     Exception Caches                  0 us
[457.739s][info ][gc,stats       ] Pause Final Roots (G)                91 us
[457.739s][info ][gc,stats       ] Pause Final Roots (N)                22 us
[457.739s][info ][gc,stats       ] 
[457.739s][info ][gc,stats       ] Allocation pacing accrued:
[457.739s][info ][gc,stats       ]       0 of     8 ms (  0.0%): <total>
[457.739s][info ][gc,stats       ]       0 of     8 ms (  0.0%): <average total>
[457.739s][info ][gc,stats       ] 
[457.739s][info ][gc,metaspace   ] Metaspace: 253K(448K)->253K(448K) NonClass: 247K(320K)->247K(320K) Class: 5K(128K)->5K(128K)
[457.739s][info ][gc,ergo        ] Pacer for Idle. Initial: 41943K, Alloc Tax Rate: 1.0x
[457.741s][info ][gc             ] Trigger: Free (141M) is below minimum threshold (204M)
[457.741s][info ][gc,ergo        ] Free: 139M, Max: 1024K regular, 79872K humongous, Frag: 44% external, 0% internal; Reserve: 103M, Max: 1024K
[457.741s][info ][gc,start       ] GC(28502) Concurrent reset
[457.741s][info ][gc,task        ] GC(28502) Using 4 of 8 workers for concurrent reset
[457.741s][info ][gc,ergo        ] GC(28502) Pacer for Reset. Non-Taxable: 2048M
[457.742s][info ][gc             ] GC(28502) Concurrent reset 1.670ms
[457.742s][info ][gc,start       ] GC(28502) Pause Init Mark (unload classes)
[457.742s][info ][gc,task        ] GC(28502) Using 8 of 8 workers for init marking
[457.743s][info ][gc,ergo        ] GC(28502) Pacer for Mark. Expected Live: 926M, Free: 127M, Non-Taxable: 13054K, Alloc Tax Rate: 8.9x
[457.743s][info ][gc             ] GC(28502) Pause Init Mark (unload classes) 0.166ms
[457.743s][info ][gc,start       ] GC(28502) Concurrent marking roots
[457.743s][info ][gc,task        ] GC(28502) Using 4 of 8 workers for concurrent marking roots
[457.743s][info ][gc             ] GC(28502) Concurrent marking roots 0.235ms
[457.743s][info ][gc,start       ] GC(28502) Concurrent marking (unload classes)
[457.743s][info ][gc,task        ] GC(28502) Using 4 of 8 workers for concurrent marking
[457.744s][info ][gc             ] GC(28502) Concurrent marking (unload classes) 0.806ms
[457.744s][info ][gc,start       ] GC(28502) Pause Final Mark (unload classes)
[457.744s][info ][gc,task        ] GC(28502) Using 8 of 8 workers for final marking
[457.744s][info ][gc,ergo        ] GC(28502) Collectable Garbage: 40960K (100%), Immediate: 40960K (100%), CSet: 0B (0%)
[457.744s][info ][gc             ] GC(28502) Pause Final Mark (unload classes) 0.403ms
[457.744s][info ][gc,start       ] GC(28502) Concurrent weak references
[457.744s][info ][gc,task        ] GC(28502) Using 4 of 8 workers for concurrent weak references
[457.744s][info ][gc,ref         ] GC(28502) Encountered references: Soft: 7, Weak: 34, Final: 0, Phantom: 1
[457.744s][info ][gc,ref         ] GC(28502) Discovered  references: Soft: 0, Weak: 1, Final: 0, Phantom: 1
[457.744s][info ][gc,ref         ] GC(28502) Enqueued    references: Soft: 0, Weak: 0, Final: 0, Phantom: 0
[457.744s][info ][gc             ] GC(28502) Concurrent weak references 0.117ms
[457.744s][info ][gc,start       ] GC(28502) Concurrent weak roots
[457.744s][info ][gc,task        ] GC(28502) Using 4 of 8 workers for concurrent weak root
[457.745s][info ][gc             ] GC(28502) Concurrent weak roots 0.236ms
[457.745s][info ][gc,start       ] GC(28502) Concurrent cleanup
[457.745s][info ][gc             ] GC(28502) Concurrent cleanup 974M->934M(2048M) 0.099ms
[457.745s][info ][gc,ergo        ] GC(28502) Free: 175M, Max: 1024K regular, 55296K humongous, Frag: 70% external, 0% internal; Reserve: 103M, Max: 1024K
[457.745s][info ][gc,start       ] GC(28502) Concurrent class unloading
[457.745s][info ][gc,task        ] GC(28502) Using 4 of 8 workers for concurrent class unloading
[457.745s][debug][gc,phases,start] GC(28502) ClassLoaderData
[457.745s][debug][gc,phases      ] GC(28502) ClassLoaderData 0.005ms
[457.745s][debug][gc,phases,start] GC(28502) Trigger cleanups
[457.745s][debug][gc,phases      ] GC(28502) Trigger cleanups 0.003ms
[457.745s][info ][gc             ] GC(28502) Concurrent class unloading 0.336ms
[457.745s][info ][gc,start       ] GC(28502) Pause Final Roots
[457.745s][info ][gc             ] GC(28502) Pause Final Roots 0.011ms
[457.745s][debug][gc,ergo        ] GC(28502) Available: 175 MB, z-score=0.380. Average available: 160.1 MB +/- 41494.6 KB.
[457.745s][info ][gc,ergo        ] Free: 175M, Max: 1024K regular, 55296K humongous, Frag: 70% external, 0% internal; Reserve: 103M, Max: 1024K
[457.745s][info ][gc,stats       ] 
[457.745s][info ][gc,stats       ] All times are wall-clock times, except per-root-class counters, that are sum over
[457.745s][info ][gc,stats       ] all workers. Dividing the <total> over the root stage time estimates parallelism.
[457.745s][info ][gc,stats       ] 
[457.745s][info ][gc,stats       ] Concurrent Reset                   1695 us
[457.745s][info ][gc,stats       ] Pause Init Mark (G)                 266 us
[457.745s][info ][gc,stats       ] Pause Init Mark (N)                 171 us
[457.745s][info ][gc,stats       ]   Update Region States              117 us
[457.745s][info ][gc,stats       ] Concurrent Mark Roots               256 us, parallelism: 1.26x
[457.745s][info ][gc,stats       ]   CMR: <total>                      323 us
[457.745s][info ][gc,stats       ]   CMR: Thread Roots                 306 us, workers (us): 116, 118,  42,  30, ---, ---, ---, ---, 
[457.745s][info ][gc,stats       ]   CMR: VM Strong Roots                3 us, workers (us):   2,   0,   0,   0, ---, ---, ---, ---, 
[457.745s][info ][gc,stats       ]   CMR: CLDG Roots                    14 us, workers (us):  14, ---, ---, ---, ---, ---, ---, ---, 
[457.745s][info ][gc,stats       ] Concurrent Marking                  824 us
[457.745s][info ][gc,stats       ] Pause Final Mark (G)                596 us
[457.745s][info ][gc,stats       ] Pause Final Mark (N)                408 us
[457.745s][info ][gc,stats       ]   Finish Mark                       243 us
[457.745s][info ][gc,stats       ]   Update Region States               97 us
[457.745s][info ][gc,stats       ]   Choose Collection Set              39 us
[457.745s][info ][gc,stats       ]   Rebuild Free Set                    7 us
[457.745s][info ][gc,stats       ] Concurrent Weak References          121 us, parallelism: 0.01x
[457.745s][info ][gc,stats       ]   CWRF: <total>                       1 us
[457.745s][info ][gc,stats       ]   CWRF: Weak References               1 us, workers (us):   1,   0,   0,   0, ---, ---, ---, ---, 
[457.745s][info ][gc,stats       ] Concurrent Weak Roots               249 us
[457.745s][info ][gc,stats       ]   Roots                             173 us, parallelism: 0.67x
[457.745s][info ][gc,stats       ]     CWR: <total>                    116 us
[457.745s][info ][gc,stats       ]     CWR: Code Cache Roots            94 us, workers (us):  94,   0,   0,   0, ---, ---, ---, ---, 
[457.745s][info ][gc,stats       ]     CWR: VM Weak Roots               22 us, workers (us):  21,   1,   0,   0, ---, ---, ---, ---, 
[457.745s][info ][gc,stats       ]     CWR: CLDG Roots                   1 us, workers (us):   1, ---, ---, ---, ---, ---, ---, ---, 
[457.745s][info ][gc,stats       ]   Rendezvous                         53 us
[457.745s][info ][gc,stats       ] Concurrent Cleanup                  106 us
[457.745s][info ][gc,stats       ] Concurrent Class Unloading          353 us
[457.745s][info ][gc,stats       ]   Unlink Stale                      196 us
[457.745s][info ][gc,stats       ]     System Dictionary                15 us
[457.745s][info ][gc,stats       ]     Weak Class Links                  0 us
[457.745s][info ][gc,stats       ]     Code Roots                      181 us
[457.745s][info ][gc,stats       ]   Rendezvous                         64 us
[457.745s][info ][gc,stats       ]   Purge Unlinked                     66 us
[457.745s][info ][gc,stats       ]     Code Roots                       53 us
[457.745s][info ][gc,stats       ]     CLDG                             13 us
[457.745s][info ][gc,stats       ]     Exception Caches                  0 us
[457.745s][info ][gc,stats       ] Pause Final Roots (G)                66 us
[457.745s][info ][gc,stats       ] Pause Final Roots (N)                15 us
[457.745s][info ][gc,stats       ] Pacing                            30688 us
[457.745s][info ][gc,stats       ] 
[457.745s][info ][gc,stats       ] Allocation pacing accrued:
[457.745s][info ][gc,stats       ]       8 of     6 ms (125.7%): Thread-0
[457.745s][info ][gc,stats       ]       8 of     6 ms (126.2%): Thread-2
[457.745s][info ][gc,stats       ]       8 of     6 ms (126.4%): Thread-3
[457.745s][info ][gc,stats       ]       8 of     6 ms (126.9%): Thread-4
[457.745s][info ][gc,stats       ]      31 of     6 ms (505.3%): <total>
[457.745s][info ][gc,stats       ]       1 of     6 ms ( 24.1%): <average total>
[457.745s][info ][gc,stats       ]       8 of     6 ms (126.3%): <average non-zero>
[457.745s][info ][gc,stats       ] 
[457.745s][info ][gc,metaspace   ] Metaspace: 253K(448K)->253K(448K) NonClass: 247K(320K)->247K(320K) Class: 5K(128K)->5K(128K)
[457.745s][info ][gc,ergo        ] Pacer for Idle. Initial: 41943K, Alloc Tax Rate: 1.0x
[457.747s][info ][gc             ] Trigger: Free (145M) is below minimum threshold (204M)
[457.747s][info ][gc,ergo        ] Free: 143M, Max: 1024K regular, 55296K humongous, Frag: 63% external, 0% internal; Reserve: 103M, Max: 1024K
[457.747s][info ][gc,start       ] GC(28503) Concurrent reset
[457.747s][info ][gc,task        ] GC(28503) Using 4 of 8 workers for concurrent reset
[457.747s][info ][gc,ergo        ] GC(28503) Pacer for Reset. Non-Taxable: 2048M
[457.749s][info ][gc             ] GC(28503) Concurrent reset 1.880ms
[457.749s][info ][gc,start       ] GC(28503) Pause Init Mark (unload classes)
[457.749s][info ][gc,task        ] GC(28503) Using 8 of 8 workers for init marking
[457.749s][info ][gc,ergo        ] GC(28503) Pacer for Mark. Expected Live: 916M, Free: 104M, Non-Taxable: 10699K, Alloc Tax Rate: 10.7x
[457.749s][info ][gc             ] GC(28503) Pause Init Mark (unload classes) 0.152ms
[457.749s][info ][gc,start       ] GC(28503) Concurrent marking roots
[457.749s][info ][gc,task        ] GC(28503) Using 4 of 8 workers for concurrent marking roots
[457.749s][info ][gc             ] GC(28503) Concurrent marking roots 0.241ms
[457.749s][info ][gc,start       ] GC(28503) Concurrent marking (unload classes)
[457.749s][info ][gc,task        ] GC(28503) Using 4 of 8 workers for concurrent marking
[457.750s][info ][gc             ] GC(28503) Concurrent marking (unload classes) 0.501ms
[457.750s][info ][gc,start       ] GC(28503) Pause Final Mark (unload classes)
[457.750s][info ][gc,task        ] GC(28503) Using 8 of 8 workers for final marking
[457.750s][info ][gc,ergo        ] GC(28503) Collectable Garbage: 40960K (100%), Immediate: 40960K (100%), CSet: 0B (0%)
[457.750s][info ][gc             ] GC(28503) Pause Final Mark (unload classes) 0.465ms
[457.750s][info ][gc,start       ] GC(28503) Concurrent weak references
[457.750s][info ][gc,task        ] GC(28503) Using 4 of 8 workers for concurrent weak references
[457.751s][info ][gc,ref         ] GC(28503) Encountered references: Soft: 7, Weak: 34, Final: 0, Phantom: 1
[457.751s][info ][gc,ref         ] GC(28503) Discovered  references: Soft: 0, Weak: 0, Final: 0, Phantom: 0
[457.751s][info ][gc,ref         ] GC(28503) Enqueued    references: Soft: 0, Weak: 0, Final: 0, Phantom: 0
[457.751s][info ][gc             ] GC(28503) Concurrent weak references 0.107ms
[457.751s][info ][gc,start       ] GC(28503) Concurrent weak roots
[457.751s][info ][gc,task        ] GC(28503) Using 4 of 8 workers for concurrent weak root
[457.751s][info ][gc             ] GC(28503) Concurrent weak roots 0.254ms
[457.751s][info ][gc,start       ] GC(28503) Concurrent cleanup
[457.751s][info ][gc             ] GC(28503) Concurrent cleanup 988M->948M(2048M) 0.100ms
[457.751s][info ][gc,ergo        ] GC(28503) Free: 156M, Max: 1024K regular, 6144K humongous, Frag: 97% external, 0% internal; Reserve: 103M, Max: 1024K
[457.751s][info ][gc,start       ] GC(28503) Concurrent class unloading
[457.751s][info ][gc,task        ] GC(28503) Using 4 of 8 workers for concurrent class unloading
[457.751s][debug][gc,phases,start] GC(28503) ClassLoaderData
[457.751s][debug][gc,phases      ] GC(28503) ClassLoaderData 0.006ms
[457.751s][debug][gc,phases,start] GC(28503) Trigger cleanups
[457.751s][debug][gc,phases      ] GC(28503) Trigger cleanups 0.005ms
[457.751s][info ][gc             ] GC(28503) Concurrent class unloading 0.314ms
[457.751s][info ][gc,start       ] GC(28503) Pause Final Roots
[457.751s][info ][gc             ] GC(28503) Pause Final Roots 0.013ms
[457.751s][debug][gc,ergo        ] GC(28503) Available: 156 MB, z-score=0.018. Average available: 155.8 MB +/- 39255.5 KB.
[457.751s][info ][gc,ergo        ] Free: 156M, Max: 1024K regular, 6144K humongous, Frag: 97% external, 0% internal; Reserve: 103M, Max: 1024K
[457.751s][info ][gc,stats       ] 
[457.751s][info ][gc,stats       ] All times are wall-clock times, except per-root-class counters, that are sum over
[457.751s][info ][gc,stats       ] all workers. Dividing the <total> over the root stage time estimates parallelism.
[457.751s][info ][gc,stats       ] 
[457.751s][info ][gc,stats       ] Concurrent Reset                   1897 us
[457.751s][info ][gc,stats       ] Pause Init Mark (G)                 616 us
[457.751s][info ][gc,stats       ] Pause Init Mark (N)                 158 us
[457.751s][info ][gc,stats       ]   Update Region States              115 us
[457.751s][info ][gc,stats       ] Concurrent Mark Roots               257 us, parallelism: 0.73x
[457.751s][info ][gc,stats       ]   CMR: <total>                      189 us
[457.751s][info ][gc,stats       ]   CMR: Thread Roots                 170 us, workers (us):  71,  69,  30,   0, ---, ---, ---, ---, 
[457.751s][info ][gc,stats       ]   CMR: VM Strong Roots                4 us, workers (us):   3,   0,   0,   0, ---, ---, ---, ---, 
[457.751s][info ][gc,stats       ]   CMR: CLDG Roots                    15 us, workers (us):  15, ---, ---, ---, ---, ---, ---, ---, 
[457.751s][info ][gc,stats       ] Concurrent Marking                  519 us
[457.751s][info ][gc,stats       ] Pause Final Mark (G)                544 us
[457.752s][info ][gc,stats       ] Pause Final Mark (N)                472 us
[457.752s][info ][gc,stats       ]   Finish Mark                       277 us
[457.752s][info ][gc,stats       ]   Update Region States              109 us
[457.752s][info ][gc,stats       ]   Choose Collection Set              43 us
[457.752s][info ][gc,stats       ]   Rebuild Free Set                   10 us
[457.752s][info ][gc,stats       ] Concurrent Weak References          113 us, parallelism: 0.01x
[457.752s][info ][gc,stats       ]   CWRF: <total>                       1 us
[457.752s][info ][gc,stats       ]   CWRF: Weak References               1 us, workers (us):   1,   0,   0,   0, ---, ---, ---, ---, 
[457.752s][info ][gc,stats       ] Concurrent Weak Roots               269 us
[457.752s][info ][gc,stats       ]   Roots                             155 us, parallelism: 0.55x
[457.752s][info ][gc,stats       ]     CWR: <total>                     85 us
[457.752s][info ][gc,stats       ]     CWR: Code Cache Roots            61 us, workers (us):   0,  61,   0,   0, ---, ---, ---, ---, 
[457.752s][info ][gc,stats       ]     CWR: VM Weak Roots               23 us, workers (us):  19,   4,   0,   0, ---, ---, ---, ---, 
[457.752s][info ][gc,stats       ]     CWR: CLDG Roots                   1 us, workers (us):   1, ---, ---, ---, ---, ---, ---, ---, 
[457.752s][info ][gc,stats       ]   Rendezvous                         87 us
[457.752s][info ][gc,stats       ] Concurrent Cleanup                  106 us
[457.752s][info ][gc,stats       ] Concurrent Class Unloading          324 us
[457.752s][info ][gc,stats       ]   Unlink Stale                      179 us
[457.752s][info ][gc,stats       ]     System Dictionary                22 us
[457.752s][info ][gc,stats       ]     Weak Class Links                  0 us
[457.752s][info ][gc,stats       ]     Code Roots                      156 us
[457.752s][info ][gc,stats       ]   Rendezvous                         56 us
[457.752s][info ][gc,stats       ]   Purge Unlinked                     66 us
[457.752s][info ][gc,stats       ]     Code Roots                       52 us
[457.752s][info ][gc,stats       ]     CLDG                             13 us
[457.752s][info ][gc,stats       ]     Exception Caches                  0 us
[457.752s][info ][gc,stats       ] Pause Final Roots (G)                73 us
[457.752s][info ][gc,stats       ] Pause Final Roots (N)                18 us
[457.752s][info ][gc,stats       ] 
[457.752s][info ][gc,stats       ] Allocation pacing accrued:
[457.752s][info ][gc,stats       ]       0 of     6 ms (  0.0%): <total>
[457.752s][info ][gc,stats       ]       0 of     6 ms (  0.0%): <average total>
[457.752s][info ][gc,stats       ] 
[457.752s][info ][gc,metaspace   ] Metaspace: 253K(448K)->253K(448K) NonClass: 247K(320K)->247K(320K) Class: 5K(128K)->5K(128K)
[457.752s][info ][gc,ergo        ] Pacer for Idle. Initial: 41943K, Alloc Tax Rate: 1.0x
[457.753s][info ][gc             ] Trigger: Free (134M) is below minimum threshold (204M)
[457.753s][info ][gc,ergo        ] Free: 134M, Max: 1024K regular, 6144K humongous, Frag: 96% external, 0% internal; Reserve: 103M, Max: 1024K
[457.753s][info ][gc,start       ] GC(28504) Concurrent reset
[457.753s][info ][gc,task        ] GC(28504) Using 4 of 8 workers for concurrent reset
[457.753s][info ][gc,ergo        ] GC(28504) Pacer for Reset. Non-Taxable: 2048M
[457.755s][info ][gc             ] GC(28504) Concurrent reset 2.196ms
[457.755s][info ][gc,start       ] GC(28504) Pause Init Mark (unload classes)
[457.755s][info ][gc,task        ] GC(28504) Using 8 of 8 workers for init marking
[457.755s][info ][gc,ergo        ] GC(28504) Pacer for Mark. Expected Live: 917M, Free: 108M, Non-Taxable: 11108K, Alloc Tax Rate: 10.3x
[457.755s][info ][gc             ] GC(28504) Pause Init Mark (unload classes) 0.154ms
[457.755s][info ][gc,start       ] GC(28504) Concurrent marking roots
[457.755s][info ][gc,task        ] GC(28504) Using 4 of 8 workers for concurrent marking roots
[457.756s][info ][gc             ] GC(28504) Concurrent marking roots 0.193ms
[457.756s][info ][gc,start       ] GC(28504) Concurrent marking (unload classes)
[457.756s][info ][gc,task        ] GC(28504) Using 4 of 8 workers for concurrent marking
[457.756s][info ][gc             ] GC(28504) Concurrent marking (unload classes) 0.516ms
[457.756s][info ][gc,start       ] GC(28504) Pause Final Mark (unload classes)
[457.756s][info ][gc,task        ] GC(28504) Using 8 of 8 workers for final marking
[457.757s][info ][gc,ergo        ] GC(28504) Collectable Garbage: 67584K (100%), Immediate: 67584K (100%), CSet: 0B (0%)
[457.757s][info ][gc             ] GC(28504) Pause Final Mark (unload classes) 0.721ms
[457.757s][info ][gc,start       ] GC(28504) Concurrent weak references
[457.757s][info ][gc,task        ] GC(28504) Using 4 of 8 workers for concurrent weak references
[457.757s][info ][gc,ref         ] GC(28504) Encountered references: Soft: 7, Weak: 34, Final: 0, Phantom: 1
[457.757s][info ][gc,ref         ] GC(28504) Discovered  references: Soft: 0, Weak: 0, Final: 0, Phantom: 1
[457.757s][info ][gc,ref         ] GC(28504) Enqueued    references: Soft: 0, Weak: 0, Final: 0, Phantom: 0
[457.757s][info ][gc             ] GC(28504) Concurrent weak references 0.136ms
[457.757s][info ][gc,start       ] GC(28504) Concurrent weak roots
[457.757s][info ][gc,task        ] GC(28504) Using 4 of 8 workers for concurrent weak root
[457.758s][info ][gc             ] GC(28504) Concurrent weak roots 0.228ms
[457.758s][info ][gc,start       ] GC(28504) Concurrent cleanup
[457.758s][info ][gc             ] GC(28504) Concurrent cleanup 990M->924M(2048M) 0.126ms
[457.758s][info ][gc,ergo        ] GC(28504) Free: 186M, Max: 1024K regular, 11264K humongous, Frag: 95% external, 0% internal; Reserve: 103M, Max: 1024K
[457.758s][info ][gc,start       ] GC(28504) Concurrent class unloading
[457.758s][info ][gc,task        ] GC(28504) Using 4 of 8 workers for concurrent class unloading
[457.758s][debug][gc,phases,start] GC(28504) ClassLoaderData
[457.758s][debug][gc,phases      ] GC(28504) ClassLoaderData 0.007ms
[457.758s][debug][gc,phases,start] GC(28504) Trigger cleanups
[457.758s][debug][gc,phases      ] GC(28504) Trigger cleanups 0.005ms
[457.758s][info ][gc             ] GC(28504) Concurrent class unloading 0.515ms
[457.759s][info ][gc,start       ] GC(28504) Pause Final Roots
[457.759s][info ][gc             ] GC(28504) Pause Final Roots 0.026ms
[457.759s][debug][gc,ergo        ] GC(28504) Available: 168 MB, z-score=0.404. Average available: 153.6 MB +/- 37770.1 KB.
[457.759s][info ][gc,ergo        ] Free: 166M, Max: 1024K regular, 11264K humongous, Frag: 94% external, 0% internal; Reserve: 103M, Max: 1024K
[457.759s][info ][gc,stats       ] 
[457.759s][info ][gc,stats       ] All times are wall-clock times, except per-root-class counters, that are sum over
[457.759s][info ][gc,stats       ] all workers. Dividing the <total> over the root stage time estimates parallelism.
[457.759s][info ][gc,stats       ] 
[457.759s][info ][gc,stats       ] Concurrent Reset                   2221 us
[457.759s][info ][gc,stats       ] Pause Init Mark (G)                 245 us
[457.759s][info ][gc,stats       ] Pause Init Mark (N)                 160 us
[457.759s][info ][gc,stats       ]   Update Region States              119 us
[457.759s][info ][gc,stats       ] Concurrent Mark Roots               216 us, parallelism: 1.19x
[457.759s][info ][gc,stats       ]   CMR: <total>                      257 us
[457.759s][info ][gc,stats       ]   CMR: Thread Roots                 239 us, workers (us):  65,  75,  58,  41, ---, ---, ---, ---, 
[457.759s][info ][gc,stats       ]   CMR: VM Strong Roots                3 us, workers (us):   2,   0,   0,   0, ---, ---, ---, ---, 
[457.759s][info ][gc,stats       ]   CMR: CLDG Roots                    15 us, workers (us):  15, ---, ---, ---, ---, ---, ---, ---, 
[457.759s][info ][gc,stats       ] Concurrent Marking                  533 us
[457.759s][info ][gc,stats       ] Pause Final Mark (G)               1084 us
[457.759s][info ][gc,stats       ] Pause Final Mark (N)                728 us
[457.759s][info ][gc,stats       ]   Finish Mark                       498 us
[457.759s][info ][gc,stats       ]   Update Region States              127 us
[457.759s][info ][gc,stats       ]   Choose Collection Set              52 us
[457.759s][info ][gc,stats       ]   Rebuild Free Set                    7 us
[457.759s][info ][gc,stats       ] Concurrent Weak References          142 us, parallelism: 0.01x
[457.759s][info ][gc,stats       ]   CWRF: <total>                       2 us
[457.759s][info ][gc,stats       ]   CWRF: Weak References               2 us, workers (us):   1,   0,   0,   0, ---, ---, ---, ---, 
[457.759s][info ][gc,stats       ] Concurrent Weak Roots               246 us
[457.759s][info ][gc,stats       ]   Roots                             133 us, parallelism: 0.54x
[457.759s][info ][gc,stats       ]     CWR: <total>                     72 us
[457.759s][info ][gc,stats       ]     CWR: Code Cache Roots            49 us, workers (us):   0,  49,   0,   0, ---, ---, ---, ---, 
[457.759s][info ][gc,stats       ]     CWR: VM Weak Roots               21 us, workers (us):  14,   7,   0,   0, ---, ---, ---, ---, 
[457.759s][info ][gc,stats       ]     CWR: CLDG Roots                   1 us, workers (us):   1, ---, ---, ---, ---, ---, ---, ---, 
[457.759s][info ][gc,stats       ]   Rendezvous                         86 us
[457.759s][info ][gc,stats       ] Concurrent Cleanup                  141 us
[457.759s][info ][gc,stats       ] Concurrent Class Unloading          534 us
[457.759s][info ][gc,stats       ]   Unlink Stale                      263 us
[457.759s][info ][gc,stats       ]     System Dictionary                22 us
[457.759s][info ][gc,stats       ]     Weak Class Links                  0 us
[457.759s][info ][gc,stats       ]     Code Roots                      240 us
[457.759s][info ][gc,stats       ]   Rendezvous                         63 us
[457.759s][info ][gc,stats       ]   Purge Unlinked                    175 us
[457.759s][info ][gc,stats       ]     Code Roots                      165 us
[457.759s][info ][gc,stats       ]     CLDG                              9 us
[457.759s][info ][gc,stats       ]     Exception Caches                  0 us
[457.759s][info ][gc,stats       ] Pause Final Roots (G)               436 us
[457.759s][info ][gc,stats       ] Pause Final Roots (N)                31 us
[457.759s][info ][gc,stats       ] Pacing                            15491 us
[457.759s][info ][gc,stats       ] 
[457.759s][info ][gc,stats       ] Allocation pacing accrued:
[457.759s][info ][gc,stats       ]       5 of     7 ms ( 69.8%): Thread-1
[457.759s][info ][gc,stats       ]       5 of     7 ms ( 67.5%): Thread-4
[457.759s][info ][gc,stats       ]       5 of     7 ms ( 74.4%): Thread-7
[457.759s][info ][gc,stats       ]      15 of     7 ms (211.6%): <total>
[457.759s][info ][gc,stats       ]       1 of     7 ms ( 10.1%): <average total>
[457.759s][info ][gc,stats       ]       5 of     7 ms ( 70.5%): <average non-zero>
[457.759s][info ][gc,stats       ] 
[457.759s][info ][gc,metaspace   ] Metaspace: 253K(448K)->253K(448K) NonClass: 247K(320K)->247K(320K) Class: 5K(128K)->5K(128K)
[457.759s][info ][gc,ergo        ] Pacer for Idle. Initial: 41943K, Alloc Tax Rate: 1.0x
[457.760s][info ][gc             ] Trigger: Free (146M) is below minimum threshold (204M)
[457.760s][info ][gc,ergo        ] Free: 146M, Max: 1024K regular, 11264K humongous, Frag: 93% external, 0% internal; Reserve: 103M, Max: 1024K
[457.760s][info ][gc,start       ] GC(28505) Concurrent reset
[457.760s][info ][gc,task        ] GC(28505) Using 4 of 8 workers for concurrent reset
[457.760s][info ][gc,ergo        ] GC(28505) Pacer for Reset. Non-Taxable: 2048M
[457.763s][info ][gc             ] GC(28505) Concurrent reset 2.242ms
[457.763s][info ][gc,start       ] GC(28505) Pause Init Mark (unload classes)
[457.763s][info ][gc,task        ] GC(28505) Using 8 of 8 workers for init marking
[457.763s][info ][gc,ergo        ] GC(28505) Pacer for Mark. Expected Live: 917M, Free: 97776K, Non-Taxable: 9777K, Alloc Tax Rate: 11.7x
[457.763s][info ][gc             ] GC(28505) Pause Init Mark (unload classes) 0.173ms
[457.763s][info ][gc,start       ] GC(28505) Concurrent marking roots
[457.763s][info ][gc,task        ] GC(28505) Using 4 of 8 workers for concurrent marking roots
[457.764s][info ][gc             ] GC(28505) Concurrent marking roots 0.216ms
[457.764s][info ][gc,start       ] GC(28505) Concurrent marking (unload classes)
[457.764s][info ][gc,task        ] GC(28505) Using 4 of 8 workers for concurrent marking
[457.764s][info ][gc             ] GC(28505) Concurrent marking (unload classes) 0.624ms
[457.764s][info ][gc,start       ] GC(28505) Pause Final Mark (unload classes)
[457.764s][info ][gc,task        ] GC(28505) Using 8 of 8 workers for final marking
[457.765s][info ][gc,ergo        ] GC(28505) Collectable Garbage: 32768K (100%), Immediate: 32768K (100%), CSet: 0B (0%)
[457.765s][info ][gc             ] GC(28505) Pause Final Mark (unload classes) 0.667ms
[457.765s][info ][gc,start       ] GC(28505) Concurrent weak references
[457.765s][info ][gc,task        ] GC(28505) Using 4 of 8 workers for concurrent weak references
[457.765s][info ][gc,ref         ] GC(28505) Encountered references: Soft: 7, Weak: 34, Final: 0, Phantom: 1
[457.765s][info ][gc,ref         ] GC(28505) Discovered  references: Soft: 0, Weak: 0, Final: 0, Phantom: 0
[457.765s][info ][gc,ref         ] GC(28505) Enqueued    references: Soft: 0, Weak: 0, Final: 0, Phantom: 0
[457.765s][info ][gc             ] GC(28505) Concurrent weak references 0.149ms
[457.765s][info ][gc,start       ] GC(28505) Concurrent weak roots
[457.765s][info ][gc,task        ] GC(28505) Using 4 of 8 workers for concurrent weak root
[457.765s][info ][gc             ] GC(28505) Concurrent weak roots 0.222ms
[457.765s][info ][gc,start       ] GC(28505) Concurrent cleanup
[457.766s][info ][gc             ] GC(28505) Concurrent cleanup 990M->958M(2048M) 0.094ms
[457.766s][info ][gc,ergo        ] GC(28505) Free: 127M, Max: 1024K regular, 10240K humongous, Frag: 93% external, 0% internal; Reserve: 103M, Max: 1024K
[457.766s][info ][gc,start       ] GC(28505) Concurrent class unloading
[457.766s][info ][gc,task        ] GC(28505) Using 4 of 8 workers for concurrent class unloading
[457.766s][debug][gc,phases,start] GC(28505) ClassLoaderData
[457.766s][debug][gc,phases      ] GC(28505) ClassLoaderData 0.007ms
[457.766s][debug][gc,phases,start] GC(28505) Trigger cleanups
[457.766s][debug][gc,phases      ] GC(28505) Trigger cleanups 0.005ms
[457.766s][info ][gc             ] GC(28505) Concurrent class unloading 0.392ms
[457.766s][info ][gc,start       ] GC(28505) Pause Final Roots
[457.766s][info ][gc             ] GC(28505) Pause Final Roots 0.017ms
[457.766s][debug][gc,ergo        ] GC(28505) Available: 127 MB, z-score=-0.820. Average available: 155.8 MB +/- 35360.0 KB.
[457.766s][info ][gc,ergo        ] Free: 127M, Max: 1024K regular, 10240K humongous, Frag: 93% external, 0% internal; Reserve: 103M, Max: 1024K
[457.766s][info ][gc,stats       ] 
[457.766s][info ][gc,stats       ] All times are wall-clock times, except per-root-class counters, that are sum over
[457.766s][info ][gc,stats       ] all workers. Dividing the <total> over the root stage time estimates parallelism.
[457.766s][info ][gc,stats       ] 
[457.766s][info ][gc,stats       ] Concurrent Reset                   2283 us
[457.766s][info ][gc,stats       ] Pause Init Mark (G)                 750 us
[457.766s][info ][gc,stats       ] Pause Init Mark (N)                 177 us
[457.766s][info ][gc,stats       ]   Update Region States              124 us
[457.766s][info ][gc,stats       ] Concurrent Mark Roots               241 us, parallelism: 0.77x
[457.766s][info ][gc,stats       ]   CMR: <total>                      187 us
[457.766s][info ][gc,stats       ]   CMR: Thread Roots                 151 us, workers (us):  61,  53,  36,   0, ---, ---, ---, ---, 
[457.766s][info ][gc,stats       ]   CMR: VM Strong Roots                3 us, workers (us):   3,   0,   0,   0, ---, ---, ---, ---, 
[457.766s][info ][gc,stats       ]   CMR: CLDG Roots                    33 us, workers (us):  33, ---, ---, ---, ---, ---, ---, ---, 
[457.766s][info ][gc,stats       ] Concurrent Marking                  638 us
[457.766s][info ][gc,stats       ] Pause Final Mark (G)                868 us
[457.766s][info ][gc,stats       ] Pause Final Mark (N)                676 us
[457.766s][info ][gc,stats       ]   Finish Mark                       387 us
[457.766s][info ][gc,stats       ]   Update Region States              202 us
[457.766s][info ][gc,stats       ]   Choose Collection Set              44 us
[457.766s][info ][gc,stats       ]   Rebuild Free Set                   10 us
[457.766s][info ][gc,stats       ] Concurrent Weak References          155 us, parallelism: 0.01x
[457.766s][info ][gc,stats       ]   CWRF: <total>                       1 us
[457.766s][info ][gc,stats       ]   CWRF: Weak References               1 us, workers (us):   1,   0,   0,   0, ---, ---, ---, ---, 
[457.766s][info ][gc,stats       ] Concurrent Weak Roots               230 us
[457.766s][info ][gc,stats       ]   Roots                             145 us, parallelism: 0.63x
[457.766s][info ][gc,stats       ]     CWR: <total>                     91 us
[457.766s][info ][gc,stats       ]     CWR: Code Cache Roots            61 us, workers (us):   0,  61,   0,   0, ---, ---, ---, ---, 
[457.766s][info ][gc,stats       ]     CWR: VM Weak Roots               29 us, workers (us):  23,   5,   0,   0, ---, ---, ---, ---, 
[457.766s][info ][gc,stats       ]     CWR: CLDG Roots                   1 us, workers (us):   1, ---, ---, ---, ---, ---, ---, ---, 
[457.766s][info ][gc,stats       ]   Rendezvous                         65 us
[457.766s][info ][gc,stats       ] Concurrent Cleanup                  100 us
[457.766s][info ][gc,stats       ] Concurrent Class Unloading          405 us
[457.766s][info ][gc,stats       ]   Unlink Stale                      242 us
[457.766s][info ][gc,stats       ]     System Dictionary                23 us
[457.766s][info ][gc,stats       ]     Weak Class Links                  0 us
[457.766s][info ][gc,stats       ]     Code Roots                      218 us
[457.766s][info ][gc,stats       ]   Rendezvous                         68 us
[457.766s][info ][gc,stats       ]   Purge Unlinked                     68 us
[457.766s][info ][gc,stats       ]     Code Roots                       53 us
[457.766s][info ][gc,stats       ]     CLDG                             15 us
[457.766s][info ][gc,stats       ]     Exception Caches                  0 us
[457.766s][info ][gc,stats       ] Pause Final Roots (G)                81 us
[457.766s][info ][gc,stats       ] Pause Final Roots (N)                23 us
[457.766s][info ][gc,stats       ] 
[457.766s][info ][gc,stats       ] Allocation pacing accrued:
[457.766s][info ][gc,stats       ]       0 of     7 ms (  0.0%): <total>
[457.766s][info ][gc,stats       ]       0 of     7 ms (  0.0%): <average total>
[457.766s][info ][gc,stats       ] 
[457.766s][info ][gc,metaspace   ] Metaspace: 253K(448K)->253K(448K) NonClass: 247K(320K)->247K(320K) Class: 5K(128K)->5K(128K)
[457.766s][info ][gc,ergo        ] Pacer for Idle. Initial: 41943K, Alloc Tax Rate: 1.0x
[457.768s][info ][gc             ] Trigger: Free (99824K) is below minimum threshold (204M)
[457.768s][info ][gc,ergo        ] Free: 97776K, Max: 1024K regular, 10240K humongous, Frag: 90% external, 0% internal; Reserve: 103M, Max: 1024K
[457.768s][info ][gc,start       ] GC(28506) Concurrent reset
[457.768s][info ][gc,task        ] GC(28506) Using 4 of 8 workers for concurrent reset
[457.768s][info ][gc,ergo        ] GC(28506) Pacer for Reset. Non-Taxable: 2048M
[457.770s][info ][gc             ] GC(28506) Concurrent reset 2.345ms
[457.770s][info ][gc,start       ] GC(28506) Pause Init Mark (unload classes)
[457.770s][info ][gc,task        ] GC(28506) Using 8 of 8 workers for init marking
[457.770s][info ][gc,ergo        ] GC(28506) Pacer for Mark. Expected Live: 926M, Free: 60912K, Non-Taxable: 6091K, Alloc Tax Rate: 19.0x
[457.770s][info ][gc             ] GC(28506) Pause Init Mark (unload classes) 0.154ms
[457.770s][info ][gc,start       ] GC(28506) Concurrent marking roots
[457.770s][info ][gc,task        ] GC(28506) Using 4 of 8 workers for concurrent marking roots
[457.771s][info ][gc             ] GC(28506) Concurrent marking roots 0.248ms
[457.771s][info ][gc,start       ] GC(28506) Concurrent marking (unload classes)
[457.771s][info ][gc,task        ] GC(28506) Using 4 of 8 workers for concurrent marking
[457.771s][info ][gc             ] GC(28506) Concurrent marking (unload classes) 0.566ms
[457.771s][info ][gc,start       ] GC(28506) Pause Final Mark (unload classes)
[457.771s][info ][gc,task        ] GC(28506) Using 8 of 8 workers for final marking
[457.772s][info ][gc,ergo        ] GC(28506) Collectable Garbage: 58368K (100%), Immediate: 58368K (100%), CSet: 0B (0%)
[457.772s][info ][gc             ] GC(28506) Pause Final Mark (unload classes) 0.497ms
[457.772s][info ][gc,start       ] GC(28506) Concurrent weak references
[457.772s][info ][gc,task        ] GC(28506) Using 4 of 8 workers for concurrent weak references
[457.772s][info ][gc,ref         ] GC(28506) Encountered references: Soft: 7, Weak: 34, Final: 0, Phantom: 1
[457.772s][info ][gc,ref         ] GC(28506) Discovered  references: Soft: 0, Weak: 0, Final: 0, Phantom: 1
[457.772s][info ][gc,ref         ] GC(28506) Enqueued    references: Soft: 0, Weak: 0, Final: 0, Phantom: 0
[457.772s][info ][gc             ] GC(28506) Concurrent weak references 0.086ms
[457.772s][info ][gc,start       ] GC(28506) Concurrent weak roots
[457.772s][info ][gc,task        ] GC(28506) Using 4 of 8 workers for concurrent weak root
[457.772s][info ][gc             ] GC(28506) Concurrent weak roots 0.253ms
[457.772s][info ][gc,start       ] GC(28506) Concurrent cleanup
[457.772s][info ][gc             ] GC(28506) Concurrent cleanup 1004M->947M(2048M) 0.096ms
[457.772s][info ][gc,ergo        ] GC(28506) Free: 140M, Max: 1024K regular, 11264K humongous, Frag: 93% external, 0% internal; Reserve: 103M, Max: 1024K
[457.772s][info ][gc,start       ] GC(28506) Concurrent class unloading
[457.772s][info ][gc,task        ] GC(28506) Using 4 of 8 workers for concurrent class unloading
[457.772s][debug][gc,phases,start] GC(28506) ClassLoaderData
[457.772s][debug][gc,phases      ] GC(28506) ClassLoaderData 0.005ms
[457.772s][debug][gc,phases,start] GC(28506) Trigger cleanups
[457.772s][debug][gc,phases      ] GC(28506) Trigger cleanups 0.003ms
[457.773s][info ][gc             ] GC(28506) Concurrent class unloading 0.316ms
[457.773s][info ][gc,start       ] GC(28506) Pause Final Roots
[457.773s][info ][gc             ] GC(28506) Pause Final Roots 0.010ms
[457.773s][debug][gc,ergo        ] GC(28506) Available: 140 MB, z-score=-0.520. Average available: 157.7 MB +/- 33878.2 KB.
[457.773s][info ][gc,ergo        ] Free: 140M, Max: 1024K regular, 11264K humongous, Frag: 93% external, 0% internal; Reserve: 103M, Max: 1024K
[457.773s][info ][gc,stats       ] 
[457.773s][info ][gc,stats       ] All times are wall-clock times, except per-root-class counters, that are sum over
[457.773s][info ][gc,stats       ] all workers. Dividing the <total> over the root stage time estimates parallelism.
[457.773s][info ][gc,stats       ] 
[457.773s][info ][gc,stats       ] Concurrent Reset                   2385 us
[457.773s][info ][gc,stats       ] Pause Init Mark (G)                 441 us
[457.773s][info ][gc,stats       ] Pause Init Mark (N)                 161 us
[457.773s][info ][gc,stats       ]   Update Region States              106 us
[457.773s][info ][gc,stats       ] Concurrent Mark Roots               266 us, parallelism: 1.17x
[457.773s][info ][gc,stats       ]   CMR: <total>                      311 us
[457.773s][info ][gc,stats       ]   CMR: Thread Roots                 276 us, workers (us):  96,  89,  61,  30, ---, ---, ---, ---, 
[457.773s][info ][gc,stats       ]   CMR: VM Strong Roots                4 us, workers (us):   3,   0,   0,   0, ---, ---, ---, ---, 
[457.773s][info ][gc,stats       ]   CMR: CLDG Roots                    31 us, workers (us):  31, ---, ---, ---, ---, ---, ---, ---, 
[457.773s][info ][gc,stats       ] Concurrent Marking                  580 us
[457.773s][info ][gc,stats       ] Pause Final Mark (G)                630 us
[457.773s][info ][gc,stats       ] Pause Final Mark (N)                504 us
[457.773s][info ][gc,stats       ]   Finish Mark                       321 us
[457.773s][info ][gc,stats       ]   Update Region States               94 us
[457.773s][info ][gc,stats       ]   Choose Collection Set              48 us
[457.773s][info ][gc,stats       ]   Rebuild Free Set                    7 us
[457.773s][info ][gc,stats       ] Concurrent Weak References           91 us, parallelism: 0.02x
[457.773s][info ][gc,stats       ]   CWRF: <total>                       2 us
[457.773s][info ][gc,stats       ]   CWRF: Weak References               2 us, workers (us):   1,   0,   0,   0, ---, ---, ---, ---, 
[457.773s][info ][gc,stats       ] Concurrent Weak Roots               266 us
[457.773s][info ][gc,stats       ]   Roots                             125 us, parallelism: 0.63x
[457.773s][info ][gc,stats       ]     CWR: <total>                     79 us
[457.773s][info ][gc,stats       ]     CWR: Code Cache Roots            55 us, workers (us):   0,  55,   0,   0, ---, ---, ---, ---, 
[457.773s][info ][gc,stats       ]     CWR: VM Weak Roots               23 us, workers (us):  16,   7,   0,   0, ---, ---, ---, ---, 
[457.773s][info ][gc,stats       ]     CWR: CLDG Roots                   2 us, workers (us):   2, ---, ---, ---, ---, ---, ---, ---, 
[457.773s][info ][gc,stats       ]   Rendezvous                        118 us
[457.773s][info ][gc,stats       ] Concurrent Cleanup                  100 us
[457.773s][info ][gc,stats       ] Concurrent Class Unloading          342 us
[457.773s][info ][gc,stats       ]   Unlink Stale                      205 us
[457.773s][info ][gc,stats       ]     System Dictionary                16 us
[457.773s][info ][gc,stats       ]     Weak Class Links                  0 us
[457.773s][info ][gc,stats       ]     Code Roots                      189 us
[457.773s][info ][gc,stats       ]   Rendezvous                         44 us
[457.773s][info ][gc,stats       ]   Purge Unlinked                     58 us
[457.773s][info ][gc,stats       ]     Code Roots                       46 us
[457.773s][info ][gc,stats       ]     CLDG                             12 us
[457.773s][info ][gc,stats       ]     Exception Caches                  0 us
[457.773s][info ][gc,stats       ] Pause Final Roots (G)                58 us
[457.773s][info ][gc,stats       ] Pause Final Roots (N)                14 us
[457.773s][info ][gc,stats       ] 
[457.773s][info ][gc,stats       ] Allocation pacing accrued:
[457.773s][info ][gc,stats       ]       0 of     7 ms (  0.0%): <total>
[457.773s][info ][gc,stats       ]       0 of     7 ms (  0.0%): <average total>
[457.773s][info ][gc,stats       ] 
[457.773s][info ][gc,metaspace   ] Metaspace: 253K(448K)->253K(448K) NonClass: 247K(320K)->247K(320K) Class: 5K(128K)->5K(128K)
[457.773s][info ][gc,ergo        ] Pacer for Idle. Initial: 41943K, Alloc Tax Rate: 1.0x
[457.774s][info ][gc             ] Trigger: Free (126M) is below minimum threshold (204M)
[457.774s][info ][gc,ergo        ] Free: 126M, Max: 1024K regular, 10240K humongous, Frag: 93% external, 0% internal; Reserve: 103M, Max: 1024K
[457.774s][info ][gc,start       ] GC(28507) Concurrent reset
[457.774s][info ][gc,task        ] GC(28507) Using 4 of 8 workers for concurrent reset
[457.774s][info ][gc,ergo        ] GC(28507) Pacer for Reset. Non-Taxable: 2048M
[457.775s][info ][gc             ] Failed to allocate Shared, 100M
[457.775s][info ][gc             ] Cancelling GC: Allocation Failure
[457.776s][info ][gc             ] GC(28507) Concurrent reset 2.279ms
[457.776s][info ][gc,start       ] GC(28507) Pause Init Mark (unload classes)
[457.776s][info ][gc,task        ] GC(28507) Using 8 of 8 workers for init marking
[457.777s][info ][gc,ergo        ] GC(28507) Pacer for Mark. Expected Live: 927M, Free: 88560K, Non-Taxable: 8856K, Alloc Tax Rate: 13.1x
[457.777s][info ][gc             ] GC(28507) Pause Init Mark (unload classes) 0.145ms
[457.777s][info ][gc,start       ] GC(28507) Concurrent marking roots
[457.777s][info ][gc,task        ] GC(28507) Using 4 of 8 workers for concurrent marking roots
[457.777s][info ][gc             ] GC(28507) Concurrent marking roots 0.276ms
[457.777s][info ][gc,ergo        ] Free: 80368K, Max: 1024K regular, 10240K humongous, Frag: 88% external, 0% internal; Reserve: 103M, Max: 1024K
[457.777s][info ][gc,stats       ] 
[457.777s][info ][gc,stats       ] All times are wall-clock times, except per-root-class counters, that are sum over
[457.777s][info ][gc,stats       ] all workers. Dividing the <total> over the root stage time estimates parallelism.
[457.777s][info ][gc,stats       ] 
[457.777s][info ][gc,stats       ] Concurrent Reset                   2293 us
[457.777s][info ][gc,stats       ] Pause Init Mark (G)                 200 us
[457.777s][info ][gc,stats       ] Pause Init Mark (N)                 150 us
[457.777s][info ][gc,stats       ]   Update Region States              113 us
[457.777s][info ][gc,stats       ] Concurrent Mark Roots               291 us, parallelism: 1.06x
[457.777s][info ][gc,stats       ]   CMR: <total>                      310 us
[457.777s][info ][gc,stats       ]   CMR: Thread Roots                 293 us, workers (us):  64, 115,  70,  45, ---, ---, ---, ---, 
[457.777s][info ][gc,stats       ]   CMR: VM Strong Roots                3 us, workers (us):   2,   0,   0,   0, ---, ---, ---, ---, 
[457.777s][info ][gc,stats       ]   CMR: CLDG Roots                    14 us, workers (us):  13,   1, ---, ---, ---, ---, ---, ---, 
[457.777s][info ][gc,stats       ] Pacing                            12402 us
[457.777s][info ][gc,stats       ] 
[457.777s][info ][gc,stats       ] Allocation pacing accrued:
[457.777s][info ][gc,stats       ]       4 of     4 ms ( 98.2%): Thread-2
[457.777s][info ][gc,stats       ]       4 of     4 ms ( 99.8%): Thread-5
[457.777s][info ][gc,stats       ]       4 of     4 ms (104.3%): Thread-7
[457.777s][info ][gc,stats       ]      12 of     4 ms (302.3%): <total>
[457.777s][info ][gc,stats       ]       1 of     4 ms ( 14.4%): <average total>
[457.777s][info ][gc,stats       ]       4 of     4 ms (100.8%): <average non-zero>
[457.777s][info ][gc,stats       ] 
[457.777s][info ][gc,metaspace   ] Metaspace: 253K(448K)->253K(448K) NonClass: 247K(320K)->247K(320K) Class: 5K(128K)->5K(128K)
[457.777s][info ][gc,ergo        ] Pacer for Idle. Initial: 41943K, Alloc Tax Rate: 1.0x
[457.778s][info ][gc             ] Trigger: Handle Allocation Failure
[457.778s][info ][gc,ergo        ] Free: 61936K, Max: 1024K regular, 10240K humongous, Frag: 84% external, 0% internal; Reserve: 103M, Max: 1024K
[457.778s][info ][gc,start       ] GC(28508) Pause Degenerated GC (Outside of Cycle)
[457.778s][info ][gc,task        ] GC(28508) Using 8 of 8 workers for stw degenerated gc
[457.780s][info ][gc,ref         ] GC(28508) Clearing All SoftReferences
[457.781s][info ][gc,ref         ] GC(28508) Encountered references: Soft: 7, Weak: 34, Final: 0, Phantom: 1
[457.781s][info ][gc,ref         ] GC(28508) Discovered  references: Soft: 4, Weak: 9, Final: 0, Phantom: 1
[457.781s][info ][gc,ref         ] GC(28508) Enqueued    references: Soft: 0, Weak: 0, Final: 0, Phantom: 0
[457.781s][debug][gc,phases,start] GC(28508) ClassLoaderData
[457.781s][debug][gc,phases      ] GC(28508) ClassLoaderData 0.011ms
[457.781s][debug][gc,phases,start] GC(28508) Trigger cleanups
[457.781s][debug][gc,phases      ] GC(28508) Trigger cleanups 0.005ms
[457.781s][info ][gc,ergo        ] GC(28508) Collectable Garbage: 41984K (100%), Immediate: 41984K (100%), CSet: 0B (0%)
[457.782s][info ][gc,ergo        ] GC(28508) Good progress for free space: 131M, need 20971K
[457.782s][info ][gc,ergo        ] GC(28508) Good progress for used space: 41984K, need 1024K
[457.782s][info ][gc             ] GC(28508) Pause Degenerated GC (Outside of Cycle) 988M->947M(2048M) 3.355ms
[457.782s][debug][gc,ergo        ] GC(28508) Margin of error now 3.29
[457.782s][debug][gc,ergo        ] GC(28508) Spike threshold now: 0.32
[457.782s][info ][gc,ergo        ] Free: 115M, Max: 1024K regular, 18432K humongous, Frag: 85% external, 0% internal; Reserve: 103M, Max: 1024K
[457.782s][info ][gc,stats       ] 
[457.782s][info ][gc             ] Failed to allocate Shared, 100M
[457.782s][info ][gc             ] Cancelling GC: Allocation Failure
[457.782s][info ][gc,stats       ] All times are wall-clock times, except per-root-class counters, that are sum over
[457.782s][info ][gc,stats       ] all workers. Dividing the <total> over the root stage time estimates parallelism.
[457.782s][info ][gc,stats       ] 
[457.782s][info ][gc,stats       ] Pause Degenerated GC (G)           3735 us
[457.782s][info ][gc,stats       ] Pause Degenerated GC (N)           3370 us
[457.782s][info ][gc,stats       ]   Degen STW Mark                    834 us, parallelism: 5.66x
[457.782s][info ][gc,stats       ]     DSM: <total>                   4717 us
[457.782s][info ][gc,stats       ]     DSM: Thread Roots                85 us, workers (us):  43,  26,  11,   0,   1,   1,   1,   0, 
[457.782s][info ][gc,stats       ]     DSM: VM Strong Roots              4 us, workers (us):   0,   1,   2,   0,   0,   0,   0,   0, 
[457.782s][info ][gc,stats       ]     DSM: CLDG Roots                  17 us, workers (us):  14,   0,   0,   0,   1,   1,   1,   0, 
[457.782s][info ][gc,stats       ]     DSM: Parallel Mark             4611 us, workers (us): 705, 683, 648, 659, 617, 595, 609,  95, 
[457.782s][info ][gc,stats       ]     System Purge                    375 us
[457.782s][info ][gc,stats       ]       Weak References               131 us, parallelism: 0.02x
[457.782s][info ][gc,stats       ]         WRP: <total>                  3 us
[457.782s][info ][gc,stats       ]         WRP: Weak References          3 us, workers (us):   2,   0,   0,   0,   0,   0,   0,   0, 
[457.782s][info ][gc,stats       ]       Unload Classes                127 us, parallelism: 1.34x
[457.782s][info ][gc,stats       ]         DCU: <total>                169 us
[457.782s][info ][gc,stats       ]         DCU: Unload Code Caches      169 us, workers (us):  56,  48,  42,  17,   7,   0,   0,   0, 
[457.782s][info ][gc,stats       ]       Weak Roots                    115 us, parallelism: 0.18x
[457.782s][info ][gc,stats       ]         DWR: <total>                 21 us
[457.782s][info ][gc,stats       ]         DWR: VM Weak Roots           21 us, workers (us):  16,   1,   1,   1,   1,   1,   1,   1, 
[457.782s][info ][gc,stats       ]       CLDG                            1 us
[457.782s][info ][gc,stats       ]   Update Region States              155 us
[457.782s][info ][gc,stats       ]   Manage GC/TLABs                     2 us
[457.782s][info ][gc,stats       ]   Choose Collection Set              41 us
[457.782s][info ][gc,stats       ]   Rebuild Free Set                    9 us
[457.782s][info ][gc,stats       ]   Cleanup                           101 us
[457.782s][info ][gc,stats       ] 
[457.782s][info ][gc,stats       ] Allocation pacing accrued:
[457.782s][info ][gc,stats       ]       0 of     5 ms (  0.0%): <total>
[457.782s][info ][gc,stats       ]       0 of     5 ms (  0.0%): <average total>
[457.782s][info ][gc,stats       ] 
[457.782s][info ][gc,metaspace   ] Metaspace: 253K(448K)->253K(448K) NonClass: 247K(320K)->247K(320K) Class: 5K(128K)->5K(128K)
[457.782s][info ][gc,ergo        ] Pacer for Idle. Initial: 41943K, Alloc Tax Rate: 1.0x
[457.783s][info ][gc             ] Trigger: Handle Allocation Failure
[457.784s][info ][gc,ergo        ] Free: 99824K, Max: 1024K regular, 18432K humongous, Frag: 82% external, 0% internal; Reserve: 103M, Max: 1024K
[457.784s][info ][gc,start       ] GC(28509) Pause Degenerated GC (Outside of Cycle)
[457.784s][info ][gc,task        ] GC(28509) Using 8 of 8 workers for stw degenerated gc
[457.785s][info ][gc,ref         ] GC(28509) Clearing All SoftReferences
[457.786s][info ][gc,ref         ] GC(28509) Encountered references: Soft: 7, Weak: 34, Final: 0, Phantom: 1
[457.786s][info ][gc,ref         ] GC(28509) Discovered  references: Soft: 4, Weak: 6, Final: 0, Phantom: 0
[457.786s][info ][gc,ref         ] GC(28509) Enqueued    references: Soft: 0, Weak: 0, Final: 0, Phantom: 0
[457.786s][debug][gc,phases,start] GC(28509) ClassLoaderData
[457.786s][debug][gc,phases      ] GC(28509) ClassLoaderData 0.009ms
[457.786s][debug][gc,phases,start] GC(28509) Trigger cleanups
[457.786s][debug][gc,phases      ] GC(28509) Trigger cleanups 0.005ms
[457.786s][info ][gc,ergo        ] GC(28509) Adaptive CSet Selection. Target Free: 290M, Actual Free: 200M, Max CSet: 87381K, Min Garbage: 92296K
[457.786s][info ][gc,ergo        ] GC(28509) Collectable Garbage: 0B (0%), Immediate: 0B (0%), CSet: 0B (0%)
[457.789s][info ][gc,ergo        ] GC(28509) Good progress for free space: 99328K, need 20971K
[457.789s][info ][gc,ergo        ] GC(28509) Bad progress for used space: 0B, need 1024K
[457.789s][info ][gc,ergo        ] GC(28509) Bad progress for internal fragmentation: -nan%, need 1.0%
[457.789s][info ][gc,ergo        ] GC(28509) Bad progress for external fragmentation: 0.0%, need 1.0%
[457.789s][info ][gc             ] GC(28509) Cancelling GC: Upgrade To Full GC
[457.790s][info ][gc,phases,start] GC(28509) Phase 1: Mark live objects
[457.790s][info ][gc,ref         ] GC(28509) Clearing All SoftReferences
[457.790s][info ][gc,ref         ] GC(28509) Clearing All SoftReferences
[457.791s][info ][gc,ref         ] GC(28509) Encountered references: Soft: 7, Weak: 34, Final: 0, Phantom: 1
[457.791s][info ][gc,ref         ] GC(28509) Discovered  references: Soft: 4, Weak: 4, Final: 0, Phantom: 1
[457.791s][info ][gc,ref         ] GC(28509) Enqueued    references: Soft: 0, Weak: 0, Final: 0, Phantom: 0
[457.791s][debug][gc,phases,start] GC(28509) ClassLoaderData
[457.791s][debug][gc,phases      ] GC(28509) ClassLoaderData 0.011ms
[457.791s][debug][gc,phases,start] GC(28509) Trigger cleanups
[457.791s][debug][gc,phases      ] GC(28509) Trigger cleanups 0.003ms
[457.791s][info ][gc,phases      ] GC(28509) Phase 1: Mark live objects 0.915ms
[457.791s][info ][gc,phases,start] GC(28509) Phase 2: Compute new object addresses
[457.791s][info ][gc,phases      ] GC(28509) Phase 2: Compute new object addresses 0.472ms
[457.791s][info ][gc,phases,start] GC(28509) Phase 3: Adjust pointers
[457.793s][info ][gc,phases      ] GC(28509) Phase 3: Adjust pointers 1.338ms
[457.793s][info ][gc,phases,start] GC(28509) Phase 4: Move objects
[457.896s][info ][gc,phases      ] GC(28509) Phase 4: Move objects 103.118ms
[457.896s][info ][gc,ergo        ] GC(28509) Good progress for free space: 99824K, need 20971K
[457.896s][info ][gc,ergo        ] GC(28509) Bad progress for used space: 496K, need 1024K
[457.896s][info ][gc,ergo        ] GC(28509) Bad progress for internal fragmentation: -nan%, need 1.0%
[457.896s][info ][gc,ergo        ] GC(28509) Good progress for external fragmentation: 74.2%, need 1.0%
[457.896s][info ][gc             ] GC(28509) Pause Degenerated GC (Outside of Cycle) 964M->964M(2048M) 112.392ms
[457.896s][debug][gc,ergo        ] GC(28509) Margin of error now 3.29
[457.896s][debug][gc,ergo        ] GC(28509) Spike threshold now: 0.32
[457.896s][info ][gc,ergo        ] Free: 87536K, Max: 1024K regular, 86016K humongous, Frag: 2% external, 0% internal; Reserve: 103M, Max: 1024K
[457.896s][info ][gc,stats       ] 
[457.896s][info ][gc,stats       ] All times are wall-clock times, except per-root-class counters, that are sum over
[457.896s][info ][gc,stats       ] all workers. Dividing the <total> over the root stage time estimates parallelism.
[457.896s][info ][gc,stats       ] 
[457.896s][info ][gc,stats       ] Pause Degenerated GC (G)         112664 us
[457.896s][info ][gc,stats       ] Pause Degenerated GC (N)         112398 us
[457.896s][info ][gc,stats       ]   Degen STW Mark                    440 us, parallelism: 4.98x
[457.896s][info ][gc             ] Failed to allocate Shared, 100M
[457.896s][info ][gc             ] Cancelling GC: Allocation Failure
[457.896s][info ][gc,stats       ]     DSM: <total>                   2193 us
[457.897s][info ][gc,stats       ]     DSM: Thread Roots                63 us, workers (us):  29,  23,   8,   1,   1,   0,   1,   0, 
[457.897s][info ][gc,stats       ]     DSM: VM Strong Roots              3 us, workers (us):   2,   0,   0,   0,   0,   0,   0,   0, 
[457.897s][info ][gc,stats       ]     DSM: CLDG Roots                  18 us, workers (us):   0,  15,   0,   0,   1,   0,   1,   0, 
[457.897s][info ][gc,stats       ]     DSM: Parallel Mark             2109 us, workers (us): 304, 297, 314, 322, 281, 258, 266,  68, 
[457.897s][info ][gc,stats       ]     System Purge                    360 us
[457.897s][info ][gc,stats       ]       Weak References               134 us, parallelism: 0.02x
[457.897s][info ][gc,stats       ]         WRP: <total>                  2 us
[457.897s][info ][gc,stats       ]         WRP: Weak References          2 us, workers (us):   1,   0,   0,   0,   0,   0,   0,   0, 
[457.897s][info ][gc,stats       ]       Unload Classes                119 us, parallelism: 1.28x
[457.897s][info ][gc,stats       ]         DCU: <total>                153 us
[457.897s][info ][gc,stats       ]         DCU: Unload Code Caches      153 us, workers (us):  49,  36,  31,  31,   6,   0,   0,   0, 
[457.897s][info ][gc,stats       ]       Weak Roots                    105 us, parallelism: 0.22x
[457.897s][info ][gc,stats       ]         DWR: <total>                 23 us
[457.897s][info ][gc,stats       ]         DWR: VM Weak Roots           23 us, workers (us):  15,   1,   1,   1,   1,   1,   1,   1, 
[457.897s][info ][gc,stats       ]       CLDG                            0 us
[457.897s][info ][gc,stats       ]   Update Region States               96 us
[457.897s][info ][gc,stats       ]   Manage GC/TLABs                     2 us
[457.897s][info ][gc,stats       ]   Choose Collection Set              28 us
[457.897s][info ][gc,stats       ]   Rebuild Free Set                    9 us
[457.897s][info ][gc,stats       ]   Evacuation                        526 us
[457.897s][info ][gc,stats       ]   Manage GCLABs                       3 us
[457.897s][info ][gc,stats       ]   Update References                1658 us
[457.897s][info ][gc,stats       ]   Update Region States               96 us
[457.897s][info ][gc,stats       ]   Trash Collection Set                3 us
[457.897s][info ][gc,stats       ]   Rebuild Free Set                   14 us
[457.897s][info ][gc,stats       ]   Degen Update Roots                259 us, parallelism: 1.14x
[457.897s][info ][gc,stats       ]     DU: <total>                     295 us
[457.897s][info ][gc,stats       ]     DU: Thread Roots                 90 us, workers (us):  30,   1,  30,  21,   9,   0,   0,   0, 
[457.897s][info ][gc,stats       ]     DU: Code Cache Roots            161 us, workers (us):   0, 160,   0,   0,   0,   0,   0,   0, 
[457.897s][info ][gc,stats       ]     DU: VM Strong Roots               4 us, workers (us):   2,   0,   0,   0,   0,   0,   0,   0, 
[457.897s][info ][gc,stats       ]     DU: VM Weak Roots                24 us, workers (us):  21,   1,   1,   0,   0,   0,   0,   0, 
[457.897s][info ][gc,stats       ]     DU: CLDG Roots                   16 us, workers (us):  14,   1,   1,   0,   0,   0,   0,   0, 
[457.897s][info ][gc,stats       ]   Cleanup                            98 us
[457.897s][info ][gc,stats       ]   Pre Heap Dump                       1 us
[457.897s][info ][gc,stats       ]   Prepare                           693 us
[457.897s][info ][gc,stats       ]   Mark                              884 us, parallelism: 3.35x
[457.897s][info ][gc,stats       ]     FM: <total>                    2962 us
[457.897s][info ][gc,stats       ]     FM: Thread Roots                 82 us, workers (us):  36,  22,  16,   5,   1,   1,   1,   0, 
[457.897s][info ][gc,stats       ]     FM: VM Strong Roots               5 us, workers (us):   1,   2,   0,   2,   0,   0,   0,   0, 
[457.897s][info ][gc,stats       ]     FM: CLDG Roots                   26 us, workers (us):   0,   0,  22,   0,   1,   1,   1,   0, 
[457.897s][info ][gc,stats       ]     FM: Parallel Mark              2849 us, workers (us): 419, 382, 395, 403, 393, 412, 321, 125, 
[457.897s][info ][gc,stats       ]     System Purge                    335 us
[457.897s][info ][gc,stats       ]       Weak References               114 us, parallelism: 0.02x
[457.897s][info ][gc,stats       ]         WRP: <total>                  2 us
[457.897s][info ][gc,stats       ]         WRP: Weak References          2 us, workers (us):   1,   0,   0,   0,   0,   0,   0,   0, 
[457.897s][info ][gc,stats       ]       Unload Classes                115 us, parallelism: 1.52x
[457.897s][info ][gc,stats       ]         CU: <total>                 175 us
[457.897s][info ][gc,stats       ]         CU: Unload Code Caches      175 us, workers (us):  60,  45,  39,  30,   0,   0,   0,   0, 
[457.897s][info ][gc,stats       ]       Weak Roots                    103 us, parallelism: 0.21x
[457.897s][info ][gc,stats       ]         WR: <total>                  21 us
[457.897s][info ][gc,stats       ]         WR: VM Weak Roots            21 us, workers (us):  15,   1,   1,   1,   1,   1,   1,   1, 
[457.897s][info ][gc,stats       ]       CLDG                            1 us
[457.897s][info ][gc,stats       ]   Calculate Addresses               469 us
[457.897s][info ][gc,stats       ]     Regular Objects                 324 us
[457.897s][info ][gc,stats       ]     Humongous Objects               102 us
[457.897s][info ][gc,stats       ]   Adjust Pointers                  1331 us
[457.897s][info ][gc,stats       ]     FA: <total>                     174 us
[457.897s][info ][gc,stats       ]     FA: Thread Roots                 39 us, workers (us):  20,   0,  17,   0,   0,   0,   0,   1, 
[457.897s][info ][gc,stats       ]     FA: Code Cache Roots            105 us, workers (us):   0, 104,   0,   0,   0,   0,   0,   0, 
[457.897s][info ][gc,stats       ]     FA: VM Strong Roots               2 us, workers (us):   1,   0,   0,   0,   0,   0,   0,   0, 
[457.897s][info ][gc,stats       ]     FA: VM Weak Roots                19 us, workers (us):  11,   6,   0,   0,   0,   0,   0,   0, 
[457.897s][info ][gc,stats       ]     FA: CLDG Roots                    9 us, workers (us):   7,   1,   0,   0,   0,   0,   0,   1, 
[457.897s][info ][gc,stats       ]   Copy Objects                   103112 us
[457.897s][info ][gc,stats       ]     Regular Objects                 362 us
[457.897s][info ][gc,stats       ]     Humongous Objects            101150 us
[457.897s][info ][gc,stats       ]     Reset Complete Bitmap          1554 us
[457.897s][info ][gc,stats       ]     Rebuild Region Sets              43 us
[457.897s][info ][gc,stats       ]   Post Heap Dump                      2 us
[457.897s][info ][gc,stats       ] 
[457.897s][info ][gc,stats       ] Allocation pacing accrued:
[457.897s][info ][gc,stats       ]     120 of   115 ms (104.3%): Thread-0
[457.897s][info ][gc,stats       ]     120 of   115 ms (104.3%): <total>
[457.897s][info ][gc,stats       ]       6 of   115 ms (  5.0%): <average total>
[457.897s][info ][gc,stats       ]     120 of   115 ms (104.3%): <average non-zero>
[457.897s][info ][gc,stats       ] 
[457.897s][info ][gc,metaspace   ] Metaspace: 253K(448K)->253K(448K) NonClass: 247K(320K)->247K(320K) Class: 5K(128K)->5K(128K)
[457.897s][info ][gc,ergo        ] Pacer for Idle. Initial: 41943K, Alloc Tax Rate: 1.0x
[457.898s][info ][gc             ] Trigger: Handle Allocation Failure
[457.898s][info ][gc,ergo        ] Free: 58864K, Max: 1024K regular, 57344K humongous, Frag: 2% external, 0% internal; Reserve: 103M, Max: 1024K
[457.898s][info ][gc,start       ] GC(28510) Pause Degenerated GC (Outside of Cycle)
[457.898s][info ][gc,task        ] GC(28510) Using 8 of 8 workers for stw degenerated gc
[457.899s][info ][gc,ref         ] GC(28510) Clearing All SoftReferences
[457.900s][info ][gc,ref         ] GC(28510) Encountered references: Soft: 7, Weak: 34, Final: 0, Phantom: 1
[457.900s][info ][gc,ref         ] GC(28510) Discovered  references: Soft: 4, Weak: 9, Final: 0, Phantom: 1
[457.900s][info ][gc,ref         ] GC(28510) Enqueued    references: Soft: 0, Weak: 0, Final: 0, Phantom: 0
[457.900s][debug][gc,phases,start] GC(28510) ClassLoaderData
[457.900s][debug][gc,phases      ] GC(28510) ClassLoaderData 0.010ms
[457.900s][debug][gc,phases,start] GC(28510) Trigger cleanups
[457.900s][debug][gc,phases      ] GC(28510) Trigger cleanups 0.005ms
[457.900s][info ][gc,ergo        ] GC(28510) Adaptive CSet Selection. Target Free: 290M, Actual Free: 160M, Max CSet: 87381K, Min Garbage: 130M
[457.900s][info ][gc,ergo        ] GC(28510) Collectable Garbage: 0B (0%), Immediate: 0B (0%), CSet: 0B (0%)
[457.903s][info ][gc,ergo        ] GC(28510) Good progress for free space: 58368K, need 20971K
[457.903s][info ][gc,ergo        ] GC(28510) Bad progress for used space: 0B, need 1024K
[457.903s][info ][gc,ergo        ] GC(28510) Bad progress for internal fragmentation: -nan%, need 1.0%
[457.903s][info ][gc,ergo        ] GC(28510) Bad progress for external fragmentation: -1.8%, need 1.0%
[457.903s][info ][gc             ] GC(28510) Cancelling GC: Upgrade To Full GC
[457.903s][info ][gc,phases,start] GC(28510) Phase 1: Mark live objects
[457.903s][info ][gc,ref         ] GC(28510) Clearing All SoftReferences
[457.903s][info ][gc,ref         ] GC(28510) Clearing All SoftReferences
[457.904s][info ][gc,ref         ] GC(28510) Encountered references: Soft: 7, Weak: 34, Final: 0, Phantom: 1
[457.904s][info ][gc,ref         ] GC(28510) Discovered  references: Soft: 4, Weak: 1, Final: 0, Phantom: 0
[457.904s][info ][gc,ref         ] GC(28510) Enqueued    references: Soft: 0, Weak: 0, Final: 0, Phantom: 0
[457.904s][debug][gc,phases,start] GC(28510) ClassLoaderData
[457.904s][debug][gc,phases      ] GC(28510) ClassLoaderData 0.011ms
[457.904s][debug][gc,phases,start] GC(28510) Trigger cleanups
[457.904s][debug][gc,phases      ] GC(28510) Trigger cleanups 0.005ms
[457.904s][info ][gc,phases      ] GC(28510) Phase 1: Mark live objects 1.011ms
[457.904s][info ][gc,phases,start] GC(28510) Phase 2: Compute new object addresses
[457.905s][info ][gc,phases      ] GC(28510) Phase 2: Compute new object addresses 0.497ms
[457.905s][info ][gc,phases,start] GC(28510) Phase 3: Adjust pointers
[457.906s][info ][gc,phases      ] GC(28510) Phase 3: Adjust pointers 1.058ms
[457.906s][info ][gc,phases,start] GC(28510) Phase 4: Move objects
[457.967s][info ][gc,phases      ] GC(28510) Phase 4: Move objects 61.102ms
[457.967s][info ][gc,ergo        ] GC(28510) Good progress for free space: 58864K, need 20971K
[457.967s][info ][gc,ergo        ] GC(28510) Bad progress for used space: 496K, need 1024K
[457.967s][info ][gc,ergo        ] GC(28510) Bad progress for internal fragmentation: -nan%, need 1.0%
[457.967s][info ][gc,ergo        ] GC(28510) Bad progress for external fragmentation: -8.8%, need 1.0%
[457.967s][info ][gc             ] GC(28510) Pause Degenerated GC (Outside of Cycle) 984M->984M(2048M) 69.025ms
[457.968s][debug][gc,ergo        ] GC(28510) Margin of error now 3.29
[457.968s][debug][gc,ergo        ] GC(28510) Spike threshold now: 0.32
[457.968s][info ][gc,ergo        ] Free: 44528K, Max: 1024K regular, 43008K humongous, Frag: 3% external, 1% internal; Reserve: 103M, Max: 1024K
[457.968s][info ][gc,stats       ] 
[457.968s][info ][gc,stats       ] All times are wall-clock times, except per-root-class counters, that are sum over
[457.968s][info ][gc,stats       ] all workers. Dividing the <total> over the root stage time estimates parallelism.
[457.968s][info ][gc,stats       ] 
[457.968s][info ][gc,stats       ] Pause Degenerated GC (G)          69354 us
[457.968s][info ][gc,stats       ] Pause Degenerated GC (N)          69049 us
[457.968s][info ][gc,stats       ]   Degen STW Mark                    722 us, parallelism: 5.07x
[457.968s][info ][gc,stats       ]     DSM: <total>                   3663 us
[457.968s][info ][gc,stats       ]     DSM: Thread Roots               111 us, workers (us):  45,  34,  27,   1,   0,   2,   1,   0, 
[457.968s][info ][gc,stats       ]     DSM: VM Strong Roots              3 us, workers (us):   0,   2,   0,   0,   0,   0,   0,   0, 
[457.968s][info ][gc,stats       ]     DSM: CLDG Roots                  41 us, workers (us):  38,   1,   0,   1,   0,   0,   1,   0, 
[457.968s][info ][gc,stats       ]     DSM: Parallel Mark             3508 us, workers (us): 475, 481, 483, 475, 513, 400, 436, 245, 
[457.968s][info ][gc,stats       ]     System Purge                    426 us
[457.968s][info ][gc,stats       ]       Weak References               124 us, parallelism: 0.03x
[457.968s][info ][gc,stats       ]         WRP: <total>                  4 us
[457.968s][info ][gc,stats       ]         WRP: Weak References          4 us, workers (us):   3,   0,   0,   0,   0,   0,   0,   0, 
[457.968s][info ][gc,stats       ]       Unload Classes                196 us, parallelism: 1.25x
[457.968s][info ][gc,stats       ]         DCU: <total>                244 us
[457.968s][info ][gc             ] Failed to allocate Shared, 100M
[457.968s][info ][gc             ] Cancelling GC: Allocation Failure
[457.968s][info ][gc,stats       ]         DCU: Unload Code Caches      244 us, workers (us):  76,  70,  54,  34,  11,   0,   0,   0, 
[457.968s][info ][gc,stats       ]       Weak Roots                    105 us, parallelism: 0.21x
[457.968s][info ][gc,stats       ]         DWR: <total>                 22 us
[457.968s][info ][gc,stats       ]         DWR: VM Weak Roots           22 us, workers (us):  15,   0,   0,   1,   0,   3,   1,   1, 
[457.968s][info ][gc,stats       ]       CLDG                            1 us
[457.968s][info ][gc,stats       ]   Update Region States               83 us
[457.968s][info ][gc,stats       ]   Manage GC/TLABs                     1 us
[457.968s][info ][gc,stats       ]   Choose Collection Set              35 us
[457.968s][info ][gc,stats       ]   Rebuild Free Set                    5 us
[457.968s][info ][gc,stats       ]   Evacuation                        534 us
[457.968s][info ][gc,stats       ]   Manage GCLABs                       3 us
[457.968s][info ][gc,stats       ]   Update References                1339 us
[457.968s][info ][gc,stats       ]   Update Region States               96 us
[457.968s][info ][gc,stats       ]   Trash Collection Set                3 us
[457.968s][info ][gc,stats       ]   Rebuild Free Set                   14 us
[457.968s][info ][gc,stats       ]   Degen Update Roots                330 us, parallelism: 1.09x
[457.968s][info ][gc,stats       ]     DU: <total>                     360 us
[457.968s][info ][gc,stats       ]     DU: Thread Roots                139 us, workers (us):   1,  47,  49,  41,   0,   0,   0,   0, 
[457.968s][info ][gc,stats       ]     DU: Code Cache Roots            167 us, workers (us): 167,   0,   0,   0,   0,   0,   0,   0, 
[457.968s][info ][gc,stats       ]     DU: VM Strong Roots               4 us, workers (us):   3,   0,   0,   0,   0,   0,   0,   0, 
[457.968s][info ][gc,stats       ]     DU: VM Weak Roots                33 us, workers (us):  24,   7,   1,   0,   0,   0,   0,   0, 
[457.968s][info ][gc,stats       ]     DU: CLDG Roots                   16 us, workers (us):   2,  13,   1,   0,   0,   0,   0,   0, 
[457.968s][info ][gc,stats       ]   Cleanup                            82 us
[457.968s][info ][gc,stats       ]   Pre Heap Dump                       1 us
[457.968s][info ][gc,stats       ]   Prepare                           771 us
[457.968s][info ][gc,stats       ]   Mark                              981 us, parallelism: 2.82x
[457.968s][info ][gc,stats       ]     FM: <total>                    2766 us
[457.968s][info ][gc,stats       ]     FM: Thread Roots                 75 us, workers (us):  33,  25,  11,   5,   1,   0,   1,   0, 
[457.968s][info ][gc,stats       ]     FM: VM Strong Roots               3 us, workers (us):   2,   1,   0,   0,   0,   0,   0,   0, 
[457.968s][info ][gc,stats       ]     FM: CLDG Roots                   18 us, workers (us):   1,   0,  16,   0,   1,   0,   0,   0, 
[457.968s][info ][gc,stats       ]     FM: Parallel Mark              2670 us, workers (us): 421, 421, 335, 391, 390, 330, 238, 144, 
[457.968s][info ][gc,stats       ]     System Purge                    438 us
[457.968s][info ][gc,stats       ]       Weak References               158 us, parallelism: 0.01x
[457.968s][info ][gc,stats       ]         WRP: <total>                  1 us
[457.968s][info ][gc,stats       ]         WRP: Weak References          1 us, workers (us):   1,   0,   0,   0,   0,   0,   0,   0, 
[457.968s][info ][gc,stats       ]       Unload Classes                140 us, parallelism: 1.17x
[457.968s][info ][gc,stats       ]         CU: <total>                 164 us
[457.968s][info ][gc,stats       ]         CU: Unload Code Caches      164 us, workers (us):  59,  55,  31,  19,   0,   0,   0,   0, 
[457.968s][info ][gc,stats       ]       Weak Roots                    136 us, parallelism: 0.14x
[457.968s][info ][gc,stats       ]         WR: <total>                  19 us
[457.968s][info ][gc,stats       ]         WR: VM Weak Roots            19 us, workers (us):  13,   1,   0,   1,   1,   1,   1,   0, 
[457.968s][info ][gc,stats       ]       CLDG                            1 us
[457.968s][info ][gc,stats       ]   Calculate Addresses               491 us
[457.968s][info ][gc,stats       ]     Regular Objects                 355 us
[457.968s][info ][gc,stats       ]     Humongous Objects                77 us
[457.968s][info ][gc,stats       ]   Adjust Pointers                  1053 us
[457.968s][info ][gc,stats       ]     FA: <total>                     181 us
[457.968s][info ][gc,stats       ]     FA: Thread Roots                 45 us, workers (us):  13,   1,  19,  12,   0,   0,   0,   0, 
[457.968s][info ][gc,stats       ]     FA: Code Cache Roots            106 us, workers (us):   0, 105,   0,   0,   0,   0,   0,   0, 
[457.968s][info ][gc,stats       ]     FA: VM Strong Roots               3 us, workers (us):   2,   0,   0,   0,   0,   0,   0,   0, 
[457.968s][info ][gc,stats       ]     FA: VM Weak Roots                18 us, workers (us):  15,   1,   0,   0,   0,   0,   0,   0, 
[457.968s][info ][gc,stats       ]     FA: CLDG Roots                    9 us, workers (us):   7,   1,   0,   0,   0,   0,   0,   0, 
[457.968s][info ][gc,stats       ]   Copy Objects                    61095 us
[457.968s][info ][gc,stats       ]     Regular Objects                 368 us
[457.968s][info ][gc,stats       ]     Humongous Objects             59122 us
[457.968s][info ][gc,stats       ]     Reset Complete Bitmap          1459 us
[457.968s][info ][gc,stats       ]     Rebuild Region Sets             141 us
[457.968s][info ][gc,stats       ]   Post Heap Dump                     18 us
[457.968s][info ][gc,stats       ] 
[457.968s][info ][gc,stats       ] Allocation pacing accrued:
[457.968s][info ][gc,stats       ]       0 of    71 ms (  0.0%): <total>
[457.968s][info ][gc,stats       ]       0 of    71 ms (  0.0%): <average total>
[457.968s][info ][gc,stats       ] 
[457.968s][info ][gc,metaspace   ] Metaspace: 253K(448K)->253K(448K) NonClass: 247K(320K)->247K(320K) Class: 5K(128K)->5K(128K)
[457.968s][info ][gc,ergo        ] Pacer for Idle. Initial: 41943K, Alloc Tax Rate: 1.0x
[457.970s][info ][gc             ] Trigger: Handle Allocation Failure
[457.970s][info ][gc,ergo        ] Free: 17904K, Max: 1024K regular, 16384K humongous, Frag: 6% external, 2% internal; Reserve: 103M, Max: 1024K
[457.970s][info ][gc,start       ] GC(28511) Pause Degenerated GC (Outside of Cycle)
[457.970s][info ][gc,task        ] GC(28511) Using 8 of 8 workers for stw degenerated gc
[457.971s][info ][gc,ref         ] GC(28511) Clearing All SoftReferences
[457.973s][info ][gc,ref         ] GC(28511) Encountered references: Soft: 7, Weak: 34, Final: 0, Phantom: 1
[457.973s][info ][gc,ref         ] GC(28511) Discovered  references: Soft: 3, Weak: 14, Final: 0, Phantom: 1
[457.973s][info ][gc,ref         ] GC(28511) Enqueued    references: Soft: 0, Weak: 0, Final: 0, Phantom: 0
[457.973s][debug][gc,phases,start] GC(28511) ClassLoaderData
[457.973s][debug][gc,phases      ] GC(28511) ClassLoaderData 0.030ms
[457.973s][debug][gc,phases,start] GC(28511) Trigger cleanups
[457.973s][debug][gc,phases      ] GC(28511) Trigger cleanups 0.012ms
[457.974s][info ][gc,ergo        ] GC(28511) Adaptive CSet Selection. Target Free: 290M, Actual Free: 120M, Max CSet: 87381K, Min Garbage: 170M
[457.974s][info ][gc,ergo        ] GC(28511) Collectable Garbage: 0B (0%), Immediate: 0B (0%), CSet: 0B (0%)
[457.977s][info ][gc,ergo        ] GC(28511) Bad progress for free space: 17408K, need 20971K
[457.977s][info ][gc             ] GC(28511) Cancelling GC: Upgrade To Full GC
[457.978s][info ][gc,phases,start] GC(28511) Phase 1: Mark live objects
[457.978s][info ][gc,ref         ] GC(28511) Clearing All SoftReferences
[457.978s][info ][gc,ref         ] GC(28511) Clearing All SoftReferences
[457.978s][info ][gc,ref         ] GC(28511) Encountered references: Soft: 7, Weak: 34, Final: 0, Phantom: 1
[457.978s][info ][gc,ref         ] GC(28511) Discovered  references: Soft: 4, Weak: 9, Final: 0, Phantom: 1
[457.978s][info ][gc,ref         ] GC(28511) Enqueued    references: Soft: 0, Weak: 0, Final: 0, Phantom: 0
[457.978s][debug][gc,phases,start] GC(28511) ClassLoaderData
[457.978s][debug][gc,phases      ] GC(28511) ClassLoaderData 0.010ms
[457.978s][debug][gc,phases,start] GC(28511) Trigger cleanups
[457.978s][debug][gc,phases      ] GC(28511) Trigger cleanups 0.003ms
[457.979s][info ][gc,phases      ] GC(28511) Phase 1: Mark live objects 0.872ms
[457.979s][info ][gc,phases,start] GC(28511) Phase 2: Compute new object addresses
[457.979s][info ][gc,phases      ] GC(28511) Phase 2: Compute new object addresses 0.364ms
[457.979s][info ][gc,phases,start] GC(28511) Phase 3: Adjust pointers
[457.980s][info ][gc,phases      ] GC(28511) Phase 3: Adjust pointers 1.320ms
[457.980s][info ][gc,phases,start] GC(28511) Phase 4: Move objects
[458.043s][info ][gc,phases      ] GC(28511) Phase 4: Move objects 62.489ms
[458.043s][info ][gc,ergo        ] GC(28511) Bad progress for free space: 17904K, need 20971K
[458.043s][info ][gc             ] GC(28511) Pause Degenerated GC (Outside of Cycle) 1004M->1004M(2048M) 73.195ms
[458.043s][debug][gc,ergo        ] GC(28511) Margin of error now 3.29
[458.043s][debug][gc,ergo        ] GC(28511) Spike threshold now: 0.32
[458.043s][info ][gc,ergo        ] Free: 1520K, Max: 1024K regular, 1024K humongous, Frag: 0% external, 25% internal; Reserve: 103M, Max: 1024K
[458.043s][info ][gc             ] Failed to allocate Shared, 1024K
[458.043s][info ][gc             ] Cancelling GC: Allocation Failure
[458.043s][info ][gc,stats       ] 
[458.044s][info ][gc,stats       ] All times are wall-clock times, except per-root-class counters, that are sum over
[458.044s][info ][gc,stats       ] all workers. Dividing the <total> over the root stage time estimates parallelism.
[458.044s][info ][gc,stats       ] 
[458.044s][info ][gc,stats       ] Pause Degenerated GC (G)          73596 us
[458.044s][info ][gc,stats       ] Pause Degenerated GC (N)          73204 us
[458.044s][info ][gc,stats       ]   Degen STW Mark                   1239 us, parallelism: 4.36x
[458.044s][info ][gc,stats       ]     DSM: <total>                   5403 us
[458.044s][info ][gc,stats       ]     DSM: Thread Roots               132 us, workers (us):  64,  23,  24,  17,   1,   2,   1,   0, 
[458.044s][info ][gc,stats       ]     DSM: VM Strong Roots              7 us, workers (us):   0,   1,   3,   2,   0,   1,   0,   0, 
[458.044s][info ][gc,stats       ]     DSM: CLDG Roots                  22 us, workers (us):  16,   1,   1,   1,   0,   1,   1,   0, 
[458.044s][info ][gc,stats       ]     DSM: Parallel Mark             5241 us, workers (us): 860, 867, 583, 632, 775, 753, 384, 387, 
[458.044s][info ][gc,stats       ]     System Purge                   1214 us
[458.044s][info ][gc,stats       ]       Weak References               411 us, parallelism: 0.01x
[458.044s][info ][gc,stats       ]         WRP: <total>                  3 us
[458.044s][info ][gc,stats       ]         WRP: Weak References          3 us, workers (us):   1,   0,   0,   0,   0,   0,   0,   0, 
[458.044s][info ][gc,stats       ]       Unload Classes                470 us, parallelism: 1.12x
[458.044s][info ][gc,stats       ]         DCU: <total>                525 us
[458.044s][info ][gc,stats       ]         DCU: Unload Code Caches      525 us, workers (us): 179, 127, 117,  60,  42,   0,   0,   0, 
[458.044s][info ][gc,stats       ]       Weak Roots                    329 us, parallelism: 0.15x
[458.044s][info ][gc,stats       ]         DWR: <total>                 49 us
[458.044s][info ][gc,stats       ]         DWR: VM Weak Roots           49 us, workers (us):  32,   1,   3,   2,   3,   2,   3,   3, 
[458.044s][info ][gc,stats       ]       CLDG                            1 us
[458.044s][info ][gc,stats       ]   Update Region States              443 us
[458.044s][info ][gc,stats       ]   Manage GC/TLABs                     3 us
[458.044s][info ][gc,stats       ]   Choose Collection Set              82 us
[458.044s][info ][gc,stats       ]   Rebuild Free Set                   20 us
[458.044s][info ][gc,stats       ]   Evacuation                        367 us
[458.044s][info ][gc,stats       ]   Manage GCLABs                       5 us
[458.044s][info ][gc,stats       ]   Update References                1518 us
[458.044s][info ][gc,stats       ]   Update Region States              129 us
[458.044s][info ][gc,stats       ]   Trash Collection Set                2 us
[458.044s][info ][gc,stats       ]   Rebuild Free Set                   12 us
[458.044s][info ][gc,stats       ]   Degen Update Roots                371 us, parallelism: 1.02x
[458.044s][info ][gc,stats       ]     DU: <total>                     378 us
[458.044s][info ][gc,stats       ]     DU: Thread Roots                137 us, workers (us):   1,  41,  52,  41,   1,   0,   0,   0, 
[458.044s][info ][gc,stats       ]     DU: Code Cache Roots            192 us, workers (us): 191,   0,   0,   0,   0,   0,   0,   0, 
[458.044s][info ][gc,stats       ]     DU: VM Strong Roots               5 us, workers (us):   0,   3,   0,   0,   0,   0,   0,   0, 
[458.044s][info ][gc,stats       ]     DU: VM Weak Roots                27 us, workers (us):  12,  12,   1,   0,   1,   0,   0,   0, 
[458.044s][info ][gc,stats       ]     DU: CLDG Roots                   18 us, workers (us):   2,  13,   2,   0,   0,   0,   0,   0, 
[458.044s][info ][gc,stats       ]   Cleanup                            81 us
[458.044s][info ][gc,stats       ]   Pre Heap Dump                       1 us
[458.044s][info ][gc,stats       ]   Prepare                           743 us
[458.044s][info ][gc,stats       ]   Mark                              807 us, parallelism: 3.08x
[458.044s][info ][gc,stats       ]     FM: <total>                    2484 us
[458.044s][info ][gc,stats       ]     FM: Thread Roots                 65 us, workers (us):  41,  13,   9,   0,   1,   0,   1,   0, 
[458.044s][info ][gc,stats       ]     FM: VM Strong Roots               4 us, workers (us):   0,   2,   0,   2,   0,   0,   0,   0, 
[458.044s][info ][gc,stats       ]     FM: CLDG Roots                   13 us, workers (us):  11,   0,   0,   0,   1,   0,   0,   0, 
[458.044s][info ][gc,stats       ]     FM: Parallel Mark              2401 us, workers (us): 353, 355, 329, 322, 331, 348, 251, 111, 
[458.044s][info ][gc,stats       ]     System Purge                    335 us
[458.044s][info ][gc,stats       ]       Weak References               113 us, parallelism: 0.02x
[458.044s][info ][gc,stats       ]         WRP: <total>                  2 us
[458.044s][info ][gc,stats       ]         WRP: Weak References          2 us, workers (us):   1,   0,   0,   0,   0,   0,   0,   0, 
[458.044s][info ][gc,stats       ]       Unload Classes                130 us, parallelism: 1.16x
[458.044s][info ][gc,stats       ]         CU: <total>                 150 us
[458.044s][info ][gc,stats       ]         CU: Unload Code Caches      150 us, workers (us):  50,  49,  36,  16,   0,   0,   0,   0, 
[458.044s][info ][gc,stats       ]       Weak Roots                     90 us, parallelism: 0.18x
[458.044s][info ][gc,stats       ]         WR: <total>                  16 us
[458.044s][info ][gc,stats       ]         WR: VM Weak Roots            16 us, workers (us):  11,   1,   0,   0,   1,   1,   1,   1, 
[458.044s][info ][gc,stats       ]       CLDG                            1 us
[458.044s][info ][gc,stats       ]   Calculate Addresses               361 us
[458.044s][info ][gc,stats       ]     Regular Objects                 259 us
[458.044s][info ][gc,stats       ]     Humongous Objects                61 us
[458.044s][info ][gc,stats       ]   Adjust Pointers                  1315 us
[458.044s][info ][gc,stats       ]     FA: <total>                     209 us
[458.044s][info ][gc,stats       ]     FA: Thread Roots                 50 us, workers (us):  49,   1,   0,   0,   0,   0,   0,   0, 
[458.044s][info ][gc,stats       ]     FA: Code Cache Roots            138 us, workers (us):   0, 138,   0,   0,   0,   0,   0,   0, 
[458.044s][info ][gc,stats       ]     FA: VM Strong Roots               2 us, workers (us):   1,   0,   0,   0,   0,   0,   0,   0, 
[458.044s][info ][gc,stats       ]     FA: VM Weak Roots                10 us, workers (us):   9,   1,   0,   0,   0,   0,   0,   0, 
[458.044s][info ][gc,stats       ]     FA: CLDG Roots                    9 us, workers (us):   8,   0,   0,   0,   0,   0,   0,   0, 
[458.044s][info ][gc,stats       ]   Copy Objects                    62485 us
[458.044s][info ][gc,stats       ]     Regular Objects                 363 us
[458.044s][info ][gc,stats       ]     Humongous Objects             60280 us
[458.044s][info ][gc,stats       ]     Reset Complete Bitmap          1726 us
[458.044s][info ][gc,stats       ]     Rebuild Region Sets             113 us
[458.044s][info ][gc,stats       ]   Post Heap Dump                      1 us
[458.044s][info ][gc,stats       ] 
[458.044s][info ][gc,stats       ] Allocation pacing accrued:
[458.044s][info ][gc,stats       ]       0 of    75 ms (  0.0%): <total>
[458.044s][info ][gc,stats       ]       0 of    75 ms (  0.0%): <average total>
[458.044s][info ][gc,stats       ] 
[458.044s][info ][gc,metaspace   ] Metaspace: 253K(448K)->253K(448K) NonClass: 247K(320K)->247K(320K) Class: 5K(128K)->5K(128K)
[458.044s][info ][gc,ergo        ] Pacer for Idle. Initial: 41943K, Alloc Tax Rate: 1.0x
[458.045s][info ][gc             ] Trigger: Handle Allocation Failure
[458.045s][info ][gc,ergo        ] Free: 1520K, Max: 1024K regular, 1024K humongous, Frag: 0% external, 25% internal; Reserve: 103M, Max: 1024K
[458.045s][info ][gc,start       ] GC(28512) Pause Full
[458.045s][info ][gc,task        ] GC(28512) Using 8 of 8 workers for full gc
[458.045s][info ][gc,phases,start] GC(28512) Phase 1: Mark live objects
[458.045s][info ][gc,ref         ] GC(28512) Clearing All SoftReferences
[458.045s][info ][gc,ref         ] GC(28512) Clearing All SoftReferences
[458.047s][info ][gc,ref         ] GC(28512) Encountered references: Soft: 7, Weak: 34, Final: 0, Phantom: 1
[458.047s][info ][gc,ref         ] GC(28512) Discovered  references: Soft: 4, Weak: 10, Final: 0, Phantom: 1
[458.047s][info ][gc,ref         ] GC(28512) Enqueued    references: Soft: 0, Weak: 0, Final: 0, Phantom: 0
[458.047s][debug][gc,phases,start] GC(28512) ClassLoaderData
[458.047s][debug][gc,phases      ] GC(28512) ClassLoaderData 0.010ms
[458.047s][debug][gc,phases,start] GC(28512) Trigger cleanups
[458.047s][debug][gc,phases      ] GC(28512) Trigger cleanups 0.004ms
[458.047s][info ][gc,phases      ] GC(28512) Phase 1: Mark live objects 2.124ms
[458.048s][info ][gc,phases,start] GC(28512) Phase 2: Compute new object addresses
[458.048s][info ][gc,phases      ] GC(28512) Phase 2: Compute new object addresses 0.344ms
[458.048s][info ][gc,phases,start] GC(28512) Phase 3: Adjust pointers
[458.049s][info ][gc,phases      ] GC(28512) Phase 3: Adjust pointers 1.253ms
[458.049s][info ][gc,phases,start] GC(28512) Phase 4: Move objects
[458.114s][info ][gc,phases      ] GC(28512) Phase 4: Move objects 65.063ms
[458.114s][info ][gc,ergo        ] GC(28512) Bad progress for free space: 1520K, need 20971K
[458.114s][info ][gc             ] GC(28512) Pause Full 1012M->1012M(2048M) 69.230ms
[458.114s][debug][gc,ergo        ] GC(28512) Margin of error now 3.29
[458.114s][debug][gc,ergo        ] GC(28512) Spike threshold now: 0.32
[458.115s][info ][gc,ergo        ] Free: 1520K, Max: 1024K regular, 1024K humongous, Frag: 0% external, 25% internal; Reserve: 103M, Max: 1024K
[458.115s][info ][gc,stats       ] 
[458.115s][info ][gc,stats       ] All times are wall-clock times, except per-root-class counters, that are sum over
[458.115s][info ][gc,stats       ] all workers. Dividing the <total> over the root stage time estimates parallelism.
[458.115s][info ][gc,stats       ] 
[458.115s][info ][gc             ] Failed to allocate Shared, 1024K
[458.115s][info ][gc             ] Cancelling GC: Allocation Failure
[458.115s][info ][gc,stats       ] Pause Full GC (G)                 69329 us
[458.115s][info ][gc,stats       ] Pause Full GC (N)                 69236 us
[458.115s][info ][gc,stats       ]   Pre Heap Dump                       0 us
[458.115s][info ][gc,stats       ]   Prepare                           162 us
[458.115s][info ][gc,stats       ]   Mark                             2112 us, parallelism: 5.01x
[458.115s][info ][gc,stats       ]     FM: <total>                   10588 us
[458.115s][info ][gc,stats       ]     FM: Thread Roots                106 us, workers (us):  57,  27,   1,   0,  17,   1,   1,   1, 
[458.115s][info ][gc,stats       ]     FM: VM Strong Roots              22 us, workers (us):   0,  21,   0,   0,   0,   0,   0,   0, 
[458.115s][info ][gc,stats       ]     FM: CLDG Roots                   38 us, workers (us):  35,   1,   0,   0,   0,   0,   0,   0, 
[458.115s][info ][gc,stats       ]     FM: Parallel Mark             10422 us, workers (us): 1457, 1500, 1524, 1496, 1424, 1481, 1472,  67, 
[458.115s][info ][gc,stats       ]     System Purge                    378 us
[458.115s][info ][gc,stats       ]       Weak References               115 us, parallelism: 0.02x
[458.115s][info ][gc,stats       ]         WRP: <total>                  2 us
[458.115s][info ][gc,stats       ]         WRP: Weak References          2 us, workers (us):   2,   0,   0,   0,   0,   0,   0,   0, 
[458.115s][info ][gc,stats       ]       Unload Classes                163 us, parallelism: 1.71x
[458.115s][info ][gc,stats       ]         CU: <total>                 279 us
[458.115s][info ][gc,stats       ]         CU: Unload Code Caches      279 us, workers (us):  87,  46,  37,  30,  44,  34,   0,   0, 
[458.115s][info ][gc,stats       ]       Weak Roots                     99 us, parallelism: 0.22x
[458.115s][info ][gc,stats       ]         WR: <total>                  22 us
[458.115s][info ][gc,stats       ]         WR: VM Weak Roots            22 us, workers (us):  14,   4,   1,   1,   1,   1,   0,   0, 
[458.115s][info ][gc,stats       ]       CLDG                            0 us
[458.115s][info ][gc,stats       ]   Calculate Addresses               339 us
[458.115s][info ][gc,stats       ]     Regular Objects                 222 us
[458.115s][info ][gc,stats       ]     Humongous Objects                66 us
[458.115s][info ][gc,stats       ]   Adjust Pointers                  1250 us
[458.115s][info ][gc,stats       ]     FA: <total>                     193 us
[458.115s][info ][gc,stats       ]     FA: Thread Roots                 54 us, workers (us):   0,  52,   0,   0,   0,   0,   1,   0, 
[458.115s][info ][gc,stats       ]     FA: Code Cache Roots            118 us, workers (us): 118,   0,   0,   0,   0,   0,   0,   0, 
[458.115s][info ][gc,stats       ]     FA: VM Strong Roots               2 us, workers (us):   1,   0,   0,   0,   0,   0,   0,   0, 
[458.115s][info ][gc,stats       ]     FA: VM Weak Roots                11 us, workers (us):  10,   1,   0,   0,   0,   0,   0,   0, 
[458.115s][info ][gc,stats       ]     FA: CLDG Roots                    7 us, workers (us):   6,   1,   0,   0,   0,   0,   1,   0, 
[458.115s][info ][gc,stats       ]   Copy Objects                    65059 us
[458.115s][info ][gc,stats       ]     Regular Objects                 351 us
[458.115s][info ][gc,stats       ]     Humongous Objects             63101 us
[458.115s][info ][gc,stats       ]     Reset Complete Bitmap          1564 us
[458.115s][info ][gc,stats       ]     Rebuild Region Sets              42 us
[458.115s][info ][gc,stats       ]   Post Heap Dump                      1 us
[458.115s][info ][gc,stats       ] 
[458.115s][info ][gc,stats       ] Allocation pacing accrued:
[458.115s][info ][gc,stats       ]       0 of    71 ms (  0.0%): <total>
[458.115s][info ][gc,stats       ]       0 of    71 ms (  0.0%): <average total>
[458.115s][info ][gc,stats       ] 
[458.115s][info ][gc,metaspace   ] Metaspace: 253K(448K)->253K(448K) NonClass: 247K(320K)->247K(320K) Class: 5K(128K)->5K(128K)
[458.115s][info ][gc,ergo        ] Pacer for Idle. Initial: 41943K, Alloc Tax Rate: 1.0x
[458.116s][info ][gc             ] Trigger: Handle Allocation Failure
[458.116s][info ][gc,ergo        ] Free: 1520K, Max: 1024K regular, 1024K humongous, Frag: 0% external, 25% internal; Reserve: 103M, Max: 1024K
[458.116s][info ][gc,start       ] GC(28513) Pause Degenerated GC (Outside of Cycle)
[458.116s][info ][gc,task        ] GC(28513) Using 8 of 8 workers for stw degenerated gc
[458.117s][info ][gc,ref         ] GC(28513) Clearing All SoftReferences
[458.117s][info ][gc,ref         ] GC(28513) Encountered references: Soft: 7, Weak: 34, Final: 0, Phantom: 1
[458.117s][info ][gc,ref         ] GC(28513) Discovered  references: Soft: 4, Weak: 9, Final: 0, Phantom: 1
[458.117s][info ][gc,ref         ] GC(28513) Enqueued    references: Soft: 0, Weak: 0, Final: 0, Phantom: 0
[458.117s][debug][gc,phases,start] GC(28513) ClassLoaderData
[458.117s][debug][gc,phases      ] GC(28513) ClassLoaderData 0.012ms
[458.117s][debug][gc,phases,start] GC(28513) Trigger cleanups
[458.117s][debug][gc,phases      ] GC(28513) Trigger cleanups 0.005ms
[458.118s][info ][gc,ergo        ] GC(28513) Adaptive CSet Selection. Target Free: 290M, Actual Free: 104M, Max CSet: 87381K, Min Garbage: 186M
[458.118s][info ][gc,ergo        ] GC(28513) Collectable Garbage: 0B (0%), Immediate: 0B (0%), CSet: 0B (0%)
[458.120s][info ][gc,ergo        ] GC(28513) Bad progress for free space: 1024K, need 20971K
[458.120s][info ][gc             ] GC(28513) Cancelling GC: Upgrade To Full GC
[458.122s][info ][gc,phases,start] GC(28513) Phase 1: Mark live objects
[458.122s][info ][gc,ref         ] GC(28513) Clearing All SoftReferences
[458.122s][info ][gc,ref         ] GC(28513) Clearing All SoftReferences
[458.122s][info ][gc,ref         ] GC(28513) Encountered references: Soft: 7, Weak: 34, Final: 0, Phantom: 1
[458.123s][info ][gc,ref         ] GC(28513) Discovered  references: Soft: 4, Weak: 9, Final: 0, Phantom: 1
[458.123s][info ][gc,ref         ] GC(28513) Enqueued    references: Soft: 0, Weak: 0, Final: 0, Phantom: 0
[458.123s][debug][gc,phases,start] GC(28513) ClassLoaderData
[458.123s][debug][gc,phases      ] GC(28513) ClassLoaderData 0.011ms
[458.123s][debug][gc,phases,start] GC(28513) Trigger cleanups
[458.123s][debug][gc,phases      ] GC(28513) Trigger cleanups 0.005ms
[458.123s][info ][gc,phases      ] GC(28513) Phase 1: Mark live objects 1.151ms
[458.123s][info ][gc,phases,start] GC(28513) Phase 2: Compute new object addresses
[458.123s][info ][gc,phases      ] GC(28513) Phase 2: Compute new object addresses 0.482ms
[458.123s][info ][gc,phases,start] GC(28513) Phase 3: Adjust pointers
[458.125s][info ][gc,phases      ] GC(28513) Phase 3: Adjust pointers 1.397ms
[458.125s][info ][gc,phases,start] GC(28513) Phase 4: Move objects
[458.127s][info ][gc,phases      ] GC(28513) Phase 4: Move objects 2.568ms
[458.127s][info ][gc,ergo        ] GC(28513) Bad progress for free space: 1520K, need 20971K
[458.127s][info ][gc             ] GC(28513) Pause Degenerated GC (Outside of Cycle) 1012M->1012M(2048M) 11.202ms
[458.128s][debug][gc,ergo        ] GC(28513) Margin of error now 3.29
[458.128s][debug][gc,ergo        ] GC(28513) Spike threshold now: 0.32
[458.128s][info ][gc,ergo        ] Free: 1520K, Max: 1024K regular, 1024K humongous, Frag: 0% external, 25% internal; Reserve: 103M, Max: 1024K
[458.128s][info ][gc,stats       ] 
[458.128s][info ][gc,stats       ] All times are wall-clock times, except per-root-class counters, that are sum over
[458.128s][info ][gc,stats       ] all workers. Dividing the <total> over the root stage time estimates parallelism.
[458.128s][info ][gc             ] Failed to allocate Shared, 1024K
[458.128s][info ][gc             ] Cancelling GC: Allocation Failure
[458.128s][info ][gc,stats       ] 
[458.128s][info ][gc,stats       ] Pause Degenerated GC (G)          11405 us
[458.128s][info ][gc,stats       ] Pause Degenerated GC (N)          11208 us
[458.128s][info ][gc,stats       ]   Degen STW Mark                    640 us, parallelism: 5.73x
[458.128s][info ][gc,stats       ]     DSM: <total>                   3666 us
[458.128s][info ][gc,stats       ]     DSM: Thread Roots               105 us, workers (us):  42,  30,  20,  10,   0,   1,   1,   1, 
[458.128s][info ][gc,stats       ]     DSM: VM Strong Roots             77 us, workers (us):   0,   1,   0,   2,   0,   0,  73,   0, 
[458.128s][info ][gc,stats       ]     DSM: CLDG Roots                  19 us, workers (us):  16,   0,   0,   1,   0,   1,   1,   0, 
[458.128s][info ][gc,stats       ]     DSM: Parallel Mark             3465 us, workers (us): 492, 467, 478, 482, 487, 378, 343, 338, 
[458.128s][info ][gc,stats       ]     System Purge                    452 us
[458.128s][info ][gc,stats       ]       Weak References               163 us, parallelism: 0.02x
[458.128s][info ][gc,stats       ]         WRP: <total>                  3 us
[458.128s][info ][gc,stats       ]         WRP: Weak References          3 us, workers (us):   2,   0,   0,   0,   0,   0,   0,   0, 
[458.128s][info ][gc,stats       ]       Unload Classes                178 us, parallelism: 1.34x
[458.128s][info ][gc,stats       ]         DCU: <total>                238 us
[458.128s][info ][gc,stats       ]         DCU: Unload Code Caches      238 us, workers (us):  89,  43,  27,  50,  27,   2,   0,   0, 
[458.128s][info ][gc,stats       ]       Weak Roots                    109 us, parallelism: 0.25x
[458.128s][info ][gc,stats       ]         DWR: <total>                 27 us
[458.128s][info ][gc,stats       ]         DWR: VM Weak Roots           27 us, workers (us):  17,   6,   1,   1,   1,   1,   0,   1, 
[458.128s][info ][gc,stats       ]       CLDG                            1 us
[458.128s][info ][gc,stats       ]   Update Region States              102 us
[458.128s][info ][gc,stats       ]   Manage GC/TLABs                     3 us
[458.128s][info ][gc,stats       ]   Choose Collection Set              30 us
[458.128s][info ][gc,stats       ]   Rebuild Free Set                   13 us
[458.128s][info ][gc,stats       ]   Evacuation                        386 us
[458.128s][info ][gc,stats       ]   Manage GCLABs                      17 us
[458.128s][info ][gc,stats       ]   Update References                1382 us
[458.128s][info ][gc,stats       ]   Update Region States              108 us
[458.128s][info ][gc,stats       ]   Trash Collection Set                3 us
[458.128s][info ][gc,stats       ]   Rebuild Free Set                   11 us
[458.128s][info ][gc,stats       ]   Degen Update Roots                309 us, parallelism: 1.23x
[458.128s][info ][gc,stats       ]     DU: <total>                     381 us
[458.128s][info ][gc,stats       ]     DU: Thread Roots                139 us, workers (us):   1,  55,  42,  41,   0,   0,   0,   0, 
[458.128s][info ][gc,stats       ]     DU: Code Cache Roots            189 us, workers (us): 188,   0,   0,   0,   0,   0,   0,   0, 
[458.128s][info ][gc,stats       ]     DU: VM Strong Roots               6 us, workers (us):   5,   0,   0,   0,   0,   0,   0,   0, 
[458.128s][info ][gc,stats       ]     DU: VM Weak Roots                28 us, workers (us):  16,  10,   1,   0,   0,   0,   0,   0, 
[458.128s][info ][gc,stats       ]     DU: CLDG Roots                   18 us, workers (us):   2,   2,  13,   0,   0,   0,   0,   0, 
[458.128s][info ][gc,stats       ]   Cleanup                            97 us
[458.128s][info ][gc,stats       ]   Pre Heap Dump                       1 us
[458.128s][info ][gc,stats       ]   Prepare                          1241 us
[458.128s][info ][gc,stats       ]   Mark                             1089 us, parallelism: 2.93x
[458.128s][info ][gc,stats       ]     FM: <total>                    3192 us
[458.128s][info ][gc,stats       ]     FM: Thread Roots                 98 us, workers (us):  44,  32,  18,   0,   1,   0,   1,   0, 
[458.128s][info ][gc,stats       ]     FM: VM Strong Roots               3 us, workers (us):   0,   0,   2,   0,   0,   0,   0,   0, 
[458.128s][info ][gc,stats       ]     FM: CLDG Roots                   36 us, workers (us):  34,   0,   0,   0,   0,   0,   1,   0, 
[458.128s][info ][gc,stats       ]     FM: Parallel Mark              3055 us, workers (us): 353, 445, 437, 340, 390, 336, 376, 379, 
[458.128s][info ][gc,stats       ]     System Purge                    474 us
[458.128s][info ][gc,stats       ]       Weak References               197 us, parallelism: 0.01x
[458.128s][info ][gc,stats       ]         WRP: <total>                  2 us
[458.128s][info ][gc,stats       ]         WRP: Weak References          2 us, workers (us):   1,   0,   0,   0,   0,   0,   0,   0, 
[458.128s][info ][gc,stats       ]       Unload Classes                131 us, parallelism: 1.21x
[458.128s][info ][gc,stats       ]         CU: <total>                 159 us
[458.128s][info ][gc,stats       ]         CU: Unload Code Caches      159 us, workers (us):  56,  50,  34,  19,   0,   0,   0,   0, 
[458.128s][info ][gc,stats       ]       Weak Roots                    142 us, parallelism: 0.26x
[458.128s][info ][gc,stats       ]         WR: <total>                  37 us
[458.128s][info ][gc,stats       ]         WR: VM Weak Roots            37 us, workers (us):  23,  10,   0,   1,   0,   1,   1,   1, 
[458.128s][info ][gc,stats       ]       CLDG                            1 us
[458.128s][info ][gc,stats       ]   Calculate Addresses               476 us
[458.128s][info ][gc,stats       ]     Regular Objects                 285 us
[458.128s][info ][gc,stats       ]     Humongous Objects               122 us
[458.128s][info ][gc,stats       ]   Adjust Pointers                  1391 us
[458.128s][info ][gc,stats       ]     FA: <total>                     187 us
[458.128s][info ][gc,stats       ]     FA: Thread Roots                 56 us, workers (us):   0,  26,  25,   5,   0,   0,   0,   0, 
[458.128s][info ][gc,stats       ]     FA: Code Cache Roots            107 us, workers (us): 106,   0,   0,   0,   0,   0,   0,   0, 
[458.128s][info ][gc,stats       ]     FA: VM Strong Roots               2 us, workers (us):   2,   0,   0,   0,   0,   0,   0,   0, 
[458.128s][info ][gc,stats       ]     FA: VM Weak Roots                13 us, workers (us):  11,   1,   1,   0,   0,   0,   0,   0, 
[458.128s][info ][gc,stats       ]     FA: CLDG Roots                    8 us, workers (us):   6,   1,   0,   0,   0,   0,   0,   0, 
[458.128s][info ][gc,stats       ]   Copy Objects                     2561 us
[458.128s][info ][gc,stats       ]     Regular Objects                 337 us
[458.128s][info ][gc,stats       ]     Humongous Objects               601 us
[458.128s][info ][gc,stats       ]     Reset Complete Bitmap          1566 us
[458.128s][info ][gc,stats       ]     Rebuild Region Sets              58 us
[458.128s][info ][gc,stats       ]   Post Heap Dump                      1 us
[458.128s][info ][gc,stats       ] 
[458.128s][info ][gc,stats       ] Allocation pacing accrued:
[458.128s][info ][gc,stats       ]       0 of    13 ms (  0.0%): <total>
[458.128s][info ][gc,stats       ]       0 of    13 ms (  0.0%): <average total>
[458.128s][info ][gc,stats       ] 
[458.128s][info ][gc,metaspace   ] Metaspace: 253K(448K)->253K(448K) NonClass: 247K(320K)->247K(320K) Class: 5K(128K)->5K(128K)
[458.128s][info ][gc,ergo        ] Pacer for Idle. Initial: 41943K, Alloc Tax Rate: 1.0x
[458.129s][info ][gc             ] Trigger: Handle Allocation Failure
[458.129s][info ][gc,ergo        ] Free: 1520K, Max: 1024K regular, 1024K humongous, Frag: 0% external, 25% internal; Reserve: 103M, Max: 1024K
[458.129s][info ][gc,start       ] GC(28514) Pause Degenerated GC (Outside of Cycle)
[458.129s][info ][gc,task        ] GC(28514) Using 8 of 8 workers for stw degenerated gc
[458.130s][info ][gc,ref         ] GC(28514) Clearing All SoftReferences
[458.130s][info ][gc,ref         ] GC(28514) Encountered references: Soft: 7, Weak: 34, Final: 0, Phantom: 1
[458.130s][info ][gc,ref         ] GC(28514) Discovered  references: Soft: 4, Weak: 9, Final: 0, Phantom: 0
[458.130s][info ][gc,ref         ] GC(28514) Enqueued    references: Soft: 0, Weak: 0, Final: 0, Phantom: 0
[458.131s][debug][gc,phases,start] GC(28514) ClassLoaderData
[458.131s][debug][gc,phases      ] GC(28514) ClassLoaderData 0.026ms
[458.131s][debug][gc,phases,start] GC(28514) Trigger cleanups
[458.131s][debug][gc,phases      ] GC(28514) Trigger cleanups 0.005ms
[458.131s][info ][gc,ergo        ] GC(28514) Adaptive CSet Selection. Target Free: 290M, Actual Free: 104M, Max CSet: 87381K, Min Garbage: 186M
[458.131s][info ][gc,ergo        ] GC(28514) Collectable Garbage: 0B (0%), Immediate: 0B (0%), CSet: 0B (0%)
[458.134s][info ][gc,ergo        ] GC(28514) Bad progress for free space: 1024K, need 20971K
[458.134s][info ][gc             ] GC(28514) Cancelling GC: Upgrade To Full GC
[458.135s][info ][gc,phases,start] GC(28514) Phase 1: Mark live objects
[458.135s][info ][gc,ref         ] GC(28514) Clearing All SoftReferences
[458.135s][info ][gc,ref         ] GC(28514) Clearing All SoftReferences
[458.136s][info ][gc,ref         ] GC(28514) Encountered references: Soft: 7, Weak: 34, Final: 0, Phantom: 1
[458.136s][info ][gc,ref         ] GC(28514) Discovered  references: Soft: 4, Weak: 9, Final: 0, Phantom: 1
[458.136s][info ][gc,ref         ] GC(28514) Enqueued    references: Soft: 0, Weak: 0, Final: 0, Phantom: 0
[458.136s][debug][gc,phases,start] GC(28514) ClassLoaderData
[458.136s][debug][gc,phases      ] GC(28514) ClassLoaderData 0.023ms
[458.136s][debug][gc,phases,start] GC(28514) Trigger cleanups
[458.136s][debug][gc,phases      ] GC(28514) Trigger cleanups 0.004ms
[458.136s][info ][gc,phases      ] GC(28514) Phase 1: Mark live objects 1.025ms
[458.136s][info ][gc,phases,start] GC(28514) Phase 2: Compute new object addresses
[458.136s][info ][gc,phases      ] GC(28514) Phase 2: Compute new object addresses 0.441ms
[458.136s][info ][gc,phases,start] GC(28514) Phase 3: Adjust pointers
[458.137s][info ][gc,phases      ] GC(28514) Phase 3: Adjust pointers 0.981ms
[458.137s][info ][gc,phases,start] GC(28514) Phase 4: Move objects
[458.139s][info ][gc,phases      ] GC(28514) Phase 4: Move objects 1.659ms
[458.139s][info ][gc,ergo        ] GC(28514) Bad progress for free space: 1520K, need 20971K
[458.139s][info ][gc             ] GC(28514) Pause Degenerated GC (Outside of Cycle) 1012M->1012M(2048M) 9.689ms
[458.139s][debug][gc,ergo        ] GC(28514) Margin of error now 3.29
[458.139s][debug][gc,ergo        ] GC(28514) Spike threshold now: 0.32
[458.139s][info ][gc,ergo        ] Free: 1520K, Max: 1024K regular, 1024K humongous, Frag: 0% external, 25% internal; Reserve: 103M, Max: 1024K
[458.139s][info ][gc,stats       ] 
[458.139s][info ][gc,stats       ] All times are wall-clock times, except per-root-class counters, that are sum over
[458.139s][info ][gc,stats       ] all workers. Dividing the <total> over the root stage time estimates parallelism.
[458.139s][info ][gc,stats       ] 
[458.139s][info ][gc,stats       ] Pause Degenerated GC (G)           9762 us
[458.139s][info ][gc,stats       ] Pause Degenerated GC (N)           9695 us
[458.139s][info ][gc,stats       ]   Degen STW Mark                    499 us, parallelism: 5.61x
[458.139s][info ][gc,stats       ]     DSM: <total>                   2796 us
[458.139s][info ][gc,stats       ]     DSM: Thread Roots                79 us, workers (us):  33,  24,  16,   3,   1,   1,   1,   0, 
[458.139s][info ][gc,stats       ]     DSM: VM Strong Roots              4 us, workers (us):   1,   0,   1,   1,   0,   0,   0,   0, 
[458.139s][info ][gc             ] Failed to allocate Shared, 1024K
[458.139s][info ][gc             ] Cancelling GC: Allocation Failure
[458.139s][info ][gc,stats       ]     DSM: CLDG Roots                  18 us, workers (us):   1,  15,   0,   1,   0,   0,   0,   0, 
[458.139s][info ][gc,stats       ]     DSM: Parallel Mark             2695 us, workers (us): 317, 336, 371, 339, 361, 305, 344, 321, 
[458.139s][info ][gc,stats       ]     System Purge                    526 us
[458.139s][info ][gc,stats       ]       Weak References               164 us, parallelism: 0.01x
[458.139s][info ][gc,stats       ]         WRP: <total>                  2 us
[458.139s][info ][gc,stats       ]         WRP: Weak References          2 us, workers (us):   1,   0,   0,   0,   0,   0,   0,   0, 
[458.139s][info ][gc,stats       ]       Unload Classes                228 us, parallelism: 1.13x
[458.139s][info ][gc,stats       ]         DCU: <total>                258 us
[458.139s][info ][gc,stats       ]         DCU: Unload Code Caches      258 us, workers (us):  82,  55,  50,  71,   0,   0,   0,   0, 
[458.139s][info ][gc,stats       ]       Weak Roots                    132 us, parallelism: 0.17x
[458.139s][info ][gc,stats       ]         DWR: <total>                 22 us
[458.139s][info ][gc,stats       ]         DWR: VM Weak Roots           22 us, workers (us):  13,   5,   0,   0,   1,   1,   1,   1, 
[458.139s][info ][gc,stats       ]       CLDG                            1 us
[458.139s][info ][gc,stats       ]   Update Region States              110 us
[458.139s][info ][gc,stats       ]   Manage GC/TLABs                     2 us
[458.139s][info ][gc,stats       ]   Choose Collection Set              29 us
[458.139s][info ][gc,stats       ]   Rebuild Free Set                    8 us
[458.140s][info ][gc,stats       ]   Evacuation                        488 us
[458.140s][info ][gc,stats       ]   Manage GCLABs                       3 us
[458.140s][info ][gc,stats       ]   Update References                1299 us
[458.140s][info ][gc,stats       ]   Update Region States              118 us
[458.140s][info ][gc,stats       ]   Trash Collection Set                3 us
[458.140s][info ][gc,stats       ]   Rebuild Free Set                   18 us
[458.140s][info ][gc,stats       ]   Degen Update Roots                314 us, parallelism: 1.13x
[458.140s][info ][gc,stats       ]     DU: <total>                     354 us
[458.140s][info ][gc,stats       ]     DU: Thread Roots                 90 us, workers (us):  32,  21,   0,  24,  12,   1,   0,   0, 
[458.140s][info ][gc,stats       ]     DU: Code Cache Roots            211 us, workers (us):   0,   0, 210,   0,   0,   0,   0,   0, 
[458.140s][info ][gc,stats       ]     DU: VM Strong Roots               6 us, workers (us):   3,   2,   0,   0,   0,   0,   0,   0, 
[458.140s][info ][gc,stats       ]     DU: VM Weak Roots                28 us, workers (us):  13,  13,   0,   1,   0,   0,   0,   0, 
[458.140s][info ][gc,stats       ]     DU: CLDG Roots                   19 us, workers (us):   2,  15,   0,   0,   0,   0,   0,   0, 
[458.140s][info ][gc,stats       ]   Cleanup                            85 us
[458.140s][info ][gc,stats       ]   Pre Heap Dump                       1 us
[458.140s][info ][gc,stats       ]   Prepare                          1170 us
[458.140s][info ][gc,stats       ]   Mark                              977 us, parallelism: 3.46x
[458.140s][info ][gc,stats       ]     FM: <total>                    3377 us
[458.140s][info ][gc,stats       ]     FM: Thread Roots                185 us, workers (us):  55,  42,  30,  27,  27,   1,   1,   1, 
[458.140s][info ][gc,stats       ]     FM: VM Strong Roots               5 us, workers (us):   0,   4,   0,   0,   0,   0,   0,   0, 
[458.140s][info ][gc,stats       ]     FM: CLDG Roots                   35 us, workers (us):  32,   0,   0,   0,   0,   0,   1,   1, 
[458.140s][info ][gc,stats       ]     FM: Parallel Mark              3153 us, workers (us): 368, 432, 441, 400, 425, 400, 368, 319, 
[458.140s][info ][gc,stats       ]     System Purge                    380 us
[458.140s][info ][gc,stats       ]       Weak References               117 us, parallelism: 0.02x
[458.140s][info ][gc,stats       ]         WRP: <total>                  2 us
[458.140s][info ][gc,stats       ]         WRP: Weak References          2 us, workers (us):   2,   0,   0,   0,   0,   0,   0,   0, 
[458.140s][info ][gc,stats       ]       Unload Classes                136 us, parallelism: 1.21x
[458.140s][info ][gc,stats       ]         CU: <total>                 165 us
[458.140s][info ][gc,stats       ]         CU: Unload Code Caches      165 us, workers (us):  55,  51,  34,  19,   6,   0,   0,   0, 
[458.140s][info ][gc,stats       ]       Weak Roots                    124 us, parallelism: 0.16x
[458.140s][info ][gc,stats       ]         WR: <total>                  20 us
[458.140s][info ][gc,stats       ]         WR: VM Weak Roots            20 us, workers (us):  13,   2,   1,   1,   1,   1,   0,   1, 
[458.140s][info ][gc,stats       ]       CLDG                            1 us
[458.140s][info ][gc,stats       ]   Calculate Addresses               436 us
[458.140s][info ][gc,stats       ]     Regular Objects                 330 us
[458.140s][info ][gc,stats       ]     Humongous Objects                54 us
[458.140s][info ][gc,stats       ]   Adjust Pointers                   977 us
[458.140s][info ][gc,stats       ]     FA: <total>                     188 us
[458.140s][info ][gc,stats       ]     FA: Thread Roots                 33 us, workers (us):   1,  16,  14,   0,   0,   0,   1,   2, 
[458.140s][info ][gc,stats       ]     FA: Code Cache Roots            131 us, workers (us): 130,   0,   0,   0,   0,   0,   0,   0, 
[458.140s][info ][gc,stats       ]     FA: VM Strong Roots               2 us, workers (us):   1,   0,   0,   0,   0,   0,   0,   0, 
[458.140s][info ][gc,stats       ]     FA: VM Weak Roots                15 us, workers (us):  13,   1,   0,   0,   0,   0,   0,   0, 
[458.140s][info ][gc,stats       ]     FA: CLDG Roots                    7 us, workers (us):   6,   0,   0,   0,   0,   0,   0,   0, 
[458.140s][info ][gc,stats       ]   Copy Objects                     1647 us
[458.140s][info ][gc,stats       ]     Regular Objects                 406 us
[458.140s][info ][gc,stats       ]     Humongous Objects                35 us
[458.140s][info ][gc,stats       ]     Reset Complete Bitmap          1152 us
[458.140s][info ][gc,stats       ]     Rebuild Region Sets              52 us
[458.140s][info ][gc,stats       ]   Post Heap Dump                      0 us
[458.140s][info ][gc,stats       ] 
[458.140s][info ][gc,stats       ] Allocation pacing accrued:
[458.140s][info ][gc,stats       ]       0 of    11 ms (  0.0%): <total>
[458.140s][info ][gc,stats       ]       0 of    11 ms (  0.0%): <average total>
[458.140s][info ][gc,stats       ] 
[458.140s][info ][gc,metaspace   ] Metaspace: 253K(448K)->253K(448K) NonClass: 247K(320K)->247K(320K) Class: 5K(128K)->5K(128K)
[458.140s][info ][gc,ergo        ] Pacer for Idle. Initial: 41943K, Alloc Tax Rate: 1.0x
[458.141s][info ][gc             ] Trigger: Handle Allocation Failure
[458.141s][info ][gc,ergo        ] Free: 1520K, Max: 1024K regular, 1024K humongous, Frag: 0% external, 25% internal; Reserve: 103M, Max: 1024K
[458.141s][info ][gc,start       ] GC(28515) Pause Degenerated GC (Outside of Cycle)
[458.141s][info ][gc,task        ] GC(28515) Using 8 of 8 workers for stw degenerated gc
[458.141s][info ][gc,ref         ] GC(28515) Clearing All SoftReferences
[458.142s][info ][gc,ref         ] GC(28515) Encountered references: Soft: 7, Weak: 34, Final: 0, Phantom: 1
[458.142s][info ][gc,ref         ] GC(28515) Discovered  references: Soft: 3, Weak: 9, Final: 0, Phantom: 1
[458.142s][info ][gc,ref         ] GC(28515) Enqueued    references: Soft: 0, Weak: 0, Final: 0, Phantom: 0
[458.142s][debug][gc,phases,start] GC(28515) ClassLoaderData
[458.142s][debug][gc,phases      ] GC(28515) ClassLoaderData 0.017ms
[458.142s][debug][gc,phases,start] GC(28515) Trigger cleanups
[458.142s][debug][gc,phases      ] GC(28515) Trigger cleanups 0.005ms
[458.142s][info ][gc,ergo        ] GC(28515) Adaptive CSet Selection. Target Free: 290M, Actual Free: 104M, Max CSet: 87381K, Min Garbage: 186M
[458.142s][info ][gc,ergo        ] GC(28515) Collectable Garbage: 0B (0%), Immediate: 0B (0%), CSet: 0B (0%)
[458.145s][info ][gc,ergo        ] GC(28515) Bad progress for free space: 1024K, need 20971K
[458.145s][info ][gc             ] GC(28515) Cancelling GC: Upgrade To Full GC
[458.145s][info ][gc,phases,start] GC(28515) Phase 1: Mark live objects
[458.145s][info ][gc,ref         ] GC(28515) Clearing All SoftReferences
[458.145s][info ][gc,ref         ] GC(28515) Clearing All SoftReferences
[458.146s][info ][gc,ref         ] GC(28515) Encountered references: Soft: 7, Weak: 34, Final: 0, Phantom: 1
[458.146s][info ][gc,ref         ] GC(28515) Discovered  references: Soft: 4, Weak: 4, Final: 0, Phantom: 1
[458.146s][info ][gc,ref         ] GC(28515) Enqueued    references: Soft: 0, Weak: 0, Final: 0, Phantom: 0
[458.146s][debug][gc,phases,start] GC(28515) ClassLoaderData
[458.146s][debug][gc,phases      ] GC(28515) ClassLoaderData 0.010ms
[458.146s][debug][gc,phases,start] GC(28515) Trigger cleanups
[458.146s][debug][gc,phases      ] GC(28515) Trigger cleanups 0.003ms
[458.147s][info ][gc,phases      ] GC(28515) Phase 1: Mark live objects 1.148ms
[458.147s][info ][gc,phases,start] GC(28515) Phase 2: Compute new object addresses
[458.147s][info ][gc,phases      ] GC(28515) Phase 2: Compute new object addresses 0.464ms
[458.147s][info ][gc,phases,start] GC(28515) Phase 3: Adjust pointers
[458.148s][info ][gc,phases      ] GC(28515) Phase 3: Adjust pointers 1.095ms
[458.148s][info ][gc,phases,start] GC(28515) Phase 4: Move objects
[458.150s][info ][gc,phases      ] GC(28515) Phase 4: Move objects 1.578ms
[458.150s][info ][gc,ergo        ] GC(28515) Bad progress for free space: 1520K, need 20971K
[458.150s][info ][gc             ] GC(28515) Pause Degenerated GC (Outside of Cycle) 1012M->1012M(2048M) 9.012ms
[458.150s][debug][gc,ergo        ] GC(28515) Margin of error now 3.29
[458.150s][debug][gc,ergo        ] GC(28515) Spike threshold now: 0.32
[458.150s][info ][gc,ergo        ] Free: 1520K, Max: 1024K regular, 1024K humongous, Frag: 0% external, 25% internal; Reserve: 103M, Max: 1024K
[458.150s][info ][gc,stats       ] 
[458.150s][info ][gc,stats       ] All times are wall-clock times, except per-root-class counters, that are sum over
[458.150s][info ][gc,stats       ] all workers. Dividing the <total> over the root stage time estimates parallelism.
[458.150s][info ][gc,stats       ] 
[458.150s][info ][gc,stats       ] Pause Degenerated GC (G)           9107 us
[458.150s][info ][gc,stats       ] Pause Degenerated GC (N)           9019 us
[458.150s][info ][gc,stats       ]   Degen STW Mark                    423 us, parallelism: 5.33x
[458.150s][info ][gc,stats       ]     DSM: <total>                   2254 us
[458.150s][info ][gc,stats       ]     DSM: Thread Roots                51 us, workers (us):  27,  12,   8,   0,   1,   1,   1,   1, 
[458.150s][info ][gc,stats       ]     DSM: VM Strong Roots              3 us, workers (us):   0,   1,   1,   0,   0,   0,   0,   0, 
[458.150s][info ][gc             ] Failed to allocate Shared, 1024K
[458.150s][info ][gc             ] Cancelling GC: Allocation Failure
[458.150s][info ][gc,stats       ]     DSM: CLDG Roots                  14 us, workers (us):  12,   0,   0,   0,   0,   0,   0,   0, 
[458.150s][info ][gc,stats       ]     DSM: Parallel Mark             2186 us, workers (us): 321, 314, 301, 299, 299, 295, 213, 142, 
[458.150s][info ][gc,stats       ]     System Purge                    451 us
[458.150s][info ][gc,stats       ]       Weak References               150 us, parallelism: 0.01x
[458.150s][info ][gc,stats       ]         WRP: <total>                  2 us
[458.150s][info ][gc,stats       ]         WRP: Weak References          2 us, workers (us):   2,   0,   0,   0,   0,   0,   0,   0, 
[458.150s][info ][gc,stats       ]       Unload Classes                168 us, parallelism: 1.06x
[458.150s][info ][gc,stats       ]         DCU: <total>                178 us
[458.150s][info ][gc,stats       ]         DCU: Unload Code Caches      178 us, workers (us):  58,  53,  37,  25,   4,   0,   0,   0, 
[458.150s][info ][gc,stats       ]       Weak Roots                    132 us, parallelism: 0.17x
[458.150s][info ][gc,stats       ]         DWR: <total>                 22 us
[458.150s][info ][gc,stats       ]         DWR: VM Weak Roots           22 us, workers (us):  13,   4,   1,   1,   1,   1,   1,   1, 
[458.150s][info ][gc,stats       ]       CLDG                            1 us
[458.150s][info ][gc,stats       ]   Update Region States              114 us
[458.150s][info ][gc,stats       ]   Manage GC/TLABs                     2 us
[458.150s][info ][gc,stats       ]   Choose Collection Set              25 us
[458.151s][info ][gc,stats       ]   Rebuild Free Set                    8 us
[458.151s][info ][gc,stats       ]   Evacuation                        533 us
[458.151s][info ][gc,stats       ]   Manage GCLABs                       3 us
[458.151s][info ][gc,stats       ]   Update References                1320 us
[458.151s][info ][gc,stats       ]   Update Region States               89 us
[458.151s][info ][gc,stats       ]   Trash Collection Set                3 us
[458.151s][info ][gc,stats       ]   Rebuild Free Set                   13 us
[458.151s][info ][gc,stats       ]   Degen Update Roots                223 us, parallelism: 1.16x
[458.151s][info ][gc,stats       ]     DU: <total>                     257 us
[458.151s][info ][gc,stats       ]     DU: Thread Roots                 83 us, workers (us):  21,  34,   0,  21,   7,   0,   0,   1, 
[458.151s][info ][gc,stats       ]     DU: Code Cache Roots            122 us, workers (us):   0,   1, 121,   0,   0,   0,   0,   0, 
[458.151s][info ][gc,stats       ]     DU: VM Strong Roots               6 us, workers (us):   5,   0,   0,   0,   0,   0,   0,   0, 
[458.151s][info ][gc,stats       ]     DU: VM Weak Roots                27 us, workers (us):  16,   9,   1,   0,   0,   0,   0,   0, 
[458.151s][info ][gc,stats       ]     DU: CLDG Roots                   19 us, workers (us):  14,   2,   1,   0,   0,   0,   0,   0, 
[458.151s][info ][gc,stats       ]   Cleanup                            81 us
[458.151s][info ][gc,stats       ]   Pre Heap Dump                       0 us
[458.151s][info ][gc,stats       ]   Prepare                           700 us
[458.151s][info ][gc,stats       ]   Mark                             1108 us, parallelism: 3.50x
[458.151s][info ][gc,stats       ]     FM: <total>                    3883 us
[458.151s][info ][gc,stats       ]     FM: Thread Roots                 69 us, workers (us):  31,  18,  16,   1,   1,   0,   1,   1, 
[458.151s][info ][gc,stats       ]     FM: VM Strong Roots               4 us, workers (us):   2,   0,   1,   0,   0,   0,   0,   0, 
[458.151s][info ][gc,stats       ]     FM: CLDG Roots                   21 us, workers (us):   0,  18,   0,   0,   1,   0,   1,   0, 
[458.151s][info ][gc,stats       ]     FM: Parallel Mark              3789 us, workers (us): 493, 522, 539, 444, 540, 476, 439, 336, 
[458.151s][info ][gc,stats       ]     System Purge                    434 us
[458.151s][info ][gc,stats       ]       Weak References               142 us, parallelism: 0.02x
[458.151s][info ][gc,stats       ]         WRP: <total>                  2 us
[458.151s][info ][gc,stats       ]         WRP: Weak References          2 us, workers (us):   2,   0,   0,   0,   0,   0,   0,   0, 
[458.151s][info ][gc,stats       ]       Unload Classes                182 us, parallelism: 1.19x
[458.151s][info ][gc,stats       ]         CU: <total>                 216 us
[458.151s][info ][gc,stats       ]         CU: Unload Code Caches      216 us, workers (us):  97,  66,  24,  11,  19,   0,   0,   0, 
[458.151s][info ][gc,stats       ]       Weak Roots                    107 us, parallelism: 0.20x
[458.151s][info ][gc,stats       ]         WR: <total>                  21 us
[458.151s][info ][gc,stats       ]         WR: VM Weak Roots            21 us, workers (us):  15,   2,   1,   1,   1,   0,   1,   1, 
[458.151s][info ][gc,stats       ]       CLDG                            1 us
[458.151s][info ][gc,stats       ]   Calculate Addresses               459 us
[458.151s][info ][gc,stats       ]     Regular Objects                 314 us
[458.151s][info ][gc,stats       ]     Humongous Objects                98 us
[458.151s][info ][gc,stats       ]   Adjust Pointers                  1088 us
[458.151s][info ][gc,stats       ]     FA: <total>                     212 us
[458.151s][info ][gc,stats       ]     FA: Thread Roots                 56 us, workers (us):   0,  26,  20,   8,   0,   0,   0,   1, 
[458.151s][info ][gc,stats       ]     FA: Code Cache Roots            113 us, workers (us): 113,   0,   0,   0,   0,   0,   0,   0, 
[458.151s][info ][gc,stats       ]     FA: VM Strong Roots               3 us, workers (us):   2,   0,   0,   0,   0,   0,   0,   0, 
[458.151s][info ][gc,stats       ]     FA: VM Weak Roots                27 us, workers (us):  19,   6,   0,   1,   0,   0,   0,   1, 
[458.151s][info ][gc,stats       ]     FA: CLDG Roots                   12 us, workers (us):   1,  10,   0,   1,   0,   0,   0,   0, 
[458.151s][info ][gc,stats       ]   Copy Objects                     1571 us
[458.151s][info ][gc,stats       ]     Regular Objects                 342 us
[458.151s][info ][gc,stats       ]     Humongous Objects                34 us
[458.151s][info ][gc,stats       ]     Reset Complete Bitmap          1142 us
[458.151s][info ][gc,stats       ]     Rebuild Region Sets              52 us
[458.151s][info ][gc,stats       ]   Post Heap Dump                      1 us
[458.151s][info ][gc,stats       ] 
[458.151s][info ][gc,stats       ] Allocation pacing accrued:
[458.151s][info ][gc,stats       ]       0 of    11 ms (  0.0%): <total>
[458.151s][info ][gc,stats       ]       0 of    11 ms (  0.0%): <average total>
[458.151s][info ][gc,stats       ] 
[458.151s][info ][gc,metaspace   ] Metaspace: 253K(448K)->253K(448K) NonClass: 247K(320K)->247K(320K) Class: 5K(128K)->5K(128K)
[458.151s][info ][gc,ergo        ] Pacer for Idle. Initial: 41943K, Alloc Tax Rate: 1.0x
[458.152s][info ][gc             ] Trigger: Handle Allocation Failure
[458.152s][info ][gc,ergo        ] Free: 1520K, Max: 1024K regular, 1024K humongous, Frag: 0% external, 25% internal; Reserve: 103M, Max: 1024K
[458.152s][info ][gc,start       ] GC(28516) Pause Degenerated GC (Outside of Cycle)
[458.152s][info ][gc,task        ] GC(28516) Using 8 of 8 workers for stw degenerated gc
[458.152s][info ][gc,ref         ] GC(28516) Clearing All SoftReferences
[458.153s][info ][gc,ref         ] GC(28516) Encountered references: Soft: 7, Weak: 34, Final: 0, Phantom: 1
[458.153s][info ][gc,ref         ] GC(28516) Discovered  references: Soft: 4, Weak: 9, Final: 0, Phantom: 1
[458.153s][info ][gc,ref         ] GC(28516) Enqueued    references: Soft: 0, Weak: 0, Final: 0, Phantom: 0
[458.153s][debug][gc,phases,start] GC(28516) ClassLoaderData
[458.153s][debug][gc,phases      ] GC(28516) ClassLoaderData 0.010ms
[458.153s][debug][gc,phases,start] GC(28516) Trigger cleanups
[458.153s][debug][gc,phases      ] GC(28516) Trigger cleanups 0.005ms
[458.153s][info ][gc,ergo        ] GC(28516) Adaptive CSet Selection. Target Free: 290M, Actual Free: 104M, Max CSet: 87381K, Min Garbage: 186M
[458.153s][info ][gc,ergo        ] GC(28516) Collectable Garbage: 0B (0%), Immediate: 0B (0%), CSet: 0B (0%)
[458.156s][info ][gc,ergo        ] GC(28516) Bad progress for free space: 1024K, need 20971K
[458.156s][info ][gc             ] GC(28516) Cancelling GC: Upgrade To Full GC
[458.157s][info ][gc,phases,start] GC(28516) Phase 1: Mark live objects
[458.157s][info ][gc,ref         ] GC(28516) Clearing All SoftReferences
[458.157s][info ][gc,ref         ] GC(28516) Clearing All SoftReferences
[458.158s][info ][gc,ref         ] GC(28516) Encountered references: Soft: 7, Weak: 34, Final: 0, Phantom: 1
[458.158s][info ][gc,ref         ] GC(28516) Discovered  references: Soft: 3, Weak: 4, Final: 0, Phantom: 0
[458.158s][info ][gc,ref         ] GC(28516) Enqueued    references: Soft: 0, Weak: 0, Final: 0, Phantom: 0
[458.158s][debug][gc,phases,start] GC(28516) ClassLoaderData
[458.158s][debug][gc,phases      ] GC(28516) ClassLoaderData 0.012ms
[458.158s][debug][gc,phases,start] GC(28516) Trigger cleanups
[458.158s][debug][gc,phases      ] GC(28516) Trigger cleanups 0.004ms
[458.158s][info ][gc,phases      ] GC(28516) Phase 1: Mark live objects 1.157ms
[458.158s][info ][gc,phases,start] GC(28516) Phase 2: Compute new object addresses
[458.158s][info ][gc,phases      ] GC(28516) Phase 2: Compute new object addresses 0.468ms
[458.159s][info ][gc,phases,start] GC(28516) Phase 3: Adjust pointers
[458.160s][info ][gc,phases      ] GC(28516) Phase 3: Adjust pointers 1.081ms
[458.160s][info ][gc,phases,start] GC(28516) Phase 4: Move objects
[458.161s][info ][gc,phases      ] GC(28516) Phase 4: Move objects 1.376ms
[458.161s][info ][gc,ergo        ] GC(28516) Bad progress for free space: 1520K, need 20971K
[458.161s][info ][gc             ] GC(28516) Pause Degenerated GC (Outside of Cycle) 1012M->1012M(2048M) 9.205ms
[458.161s][debug][gc,ergo        ] GC(28516) Margin of error now 3.29
[458.161s][debug][gc,ergo        ] GC(28516) Spike threshold now: 0.32
[458.161s][info ][gc,ergo        ] Free: 1520K, Max: 1024K regular, 1024K humongous, Frag: 0% external, 25% internal; Reserve: 103M, Max: 1024K
[458.161s][info ][gc,stats       ] 
[458.161s][info ][gc,stats       ] All times are wall-clock times, except per-root-class counters, that are sum over
[458.161s][info ][gc,stats       ] all workers. Dividing the <total> over the root stage time estimates parallelism.
[458.161s][info ][gc             ] Failed to allocate Shared, 1024K
[458.161s][info ][gc             ] Cancelling GC: Allocation Failure
[458.161s][info ][gc,stats       ] 
[458.161s][info ][gc,stats       ] Pause Degenerated GC (G)           9301 us
[458.161s][info ][gc,stats       ] Pause Degenerated GC (N)           9212 us
[458.161s][info ][gc,stats       ]   Degen STW Mark                    486 us, parallelism: 5.04x
[458.162s][info ][gc,stats       ]     DSM: <total>                   2447 us
[458.162s][info ][gc,stats       ]     DSM: Thread Roots                64 us, workers (us):  36,  23,   1,   1,   1,   0,   1,   1, 
[458.162s][info ][gc,stats       ]     DSM: VM Strong Roots              4 us, workers (us):   0,   1,   1,   0,   0,   0,   0,   0, 
[458.162s][info ][gc,stats       ]     DSM: CLDG Roots                  18 us, workers (us):  15,   1,   1,   1,   0,   0,   0,   0, 
[458.162s][info ][gc,stats       ]     DSM: Parallel Mark             2361 us, workers (us): 296, 373, 300, 321, 287, 267, 246, 270, 
[458.162s][info ][gc,stats       ]     System Purge                    476 us
[458.162s][info ][gc,stats       ]       Weak References               191 us, parallelism: 0.01x
[458.162s][info ][gc,stats       ]         WRP: <total>                  3 us
[458.162s][info ][gc,stats       ]         WRP: Weak References          3 us, workers (us):   2,   0,   0,   0,   0,   0,   0,   0, 
[458.162s][info ][gc,stats       ]       Unload Classes                169 us, parallelism: 1.20x
[458.162s][info ][gc,stats       ]         DCU: <total>                203 us
[458.162s][info ][gc,stats       ]         DCU: Unload Code Caches      203 us, workers (us):  86,  68,  28,  21,   0,   0,   0,   0, 
[458.162s][info ][gc,stats       ]       Weak Roots                    114 us, parallelism: 0.18x
[458.162s][info ][gc,stats       ]         DWR: <total>                 20 us
[458.162s][info ][gc,stats       ]         DWR: VM Weak Roots           20 us, workers (us):  15,   1,   1,   1,   1,   0,   1,   1, 
[458.162s][info ][gc,stats       ]       CLDG                            1 us
[458.162s][info ][gc,stats       ]   Update Region States              120 us
[458.162s][info ][gc,stats       ]   Manage GC/TLABs                     2 us
[458.162s][info ][gc,stats       ]   Choose Collection Set              28 us
[458.162s][info ][gc,stats       ]   Rebuild Free Set                   12 us
[458.162s][info ][gc,stats       ]   Evacuation                        433 us
[458.162s][info ][gc,stats       ]   Manage GCLABs                       3 us
[458.162s][info ][gc,stats       ]   Update References                1458 us
[458.162s][info ][gc,stats       ]   Update Region States               92 us
[458.162s][info ][gc,stats       ]   Trash Collection Set                2 us
[458.162s][info ][gc,stats       ]   Rebuild Free Set                   17 us
[458.162s][info ][gc,stats       ]   Degen Update Roots                282 us, parallelism: 1.39x
[458.162s][info ][gc,stats       ]     DU: <total>                     393 us
[458.162s][info ][gc,stats       ]     DU: Thread Roots                144 us, workers (us):  42,  53,   0,  48,   0,   0,   0,   0, 
[458.162s][info ][gc,stats       ]     DU: Code Cache Roots            177 us, workers (us):   0,   1, 176,   0,   0,   0,   0,   0, 
[458.162s][info ][gc,stats       ]     DU: VM Strong Roots               6 us, workers (us):   4,   0,   0,   0,   0,   0,   0,   0, 
[458.162s][info ][gc,stats       ]     DU: VM Weak Roots                46 us, workers (us):  23,  18,   4,   1,   0,   0,   0,   0, 
[458.162s][info ][gc,stats       ]     DU: CLDG Roots                   21 us, workers (us):  15,   2,   2,   0,   0,   0,   0,   0, 
[458.162s][info ][gc,stats       ]   Cleanup                            84 us
[458.162s][info ][gc,stats       ]   Pre Heap Dump                       1 us
[458.162s][info ][gc,stats       ]   Prepare                           846 us
[458.162s][info ][gc,stats       ]   Mark                             1117 us, parallelism: 3.07x
[458.162s][info ][gc,stats       ]     FM: <total>                    3427 us
[458.162s][info ][gc,stats       ]     FM: Thread Roots                 98 us, workers (us):  54,  38,   1,   1,   1,   1,   1,   1, 
[458.162s][info ][gc,stats       ]     FM: VM Strong Roots               3 us, workers (us):   2,   0,   0,   0,   0,   0,   0,   0, 
[458.162s][info ][gc,stats       ]     FM: CLDG Roots                   19 us, workers (us):   0,  16,   0,   1,   1,   0,   0,   0, 
[458.162s][info ][gc,stats       ]     FM: Parallel Mark              3306 us, workers (us): 391, 480, 473, 461, 432, 396, 436, 236, 
[458.162s][info ][gc,stats       ]     System Purge                    474 us
[458.162s][info ][gc,stats       ]       Weak References               213 us, parallelism: 0.01x
[458.162s][info ][gc,stats       ]         WRP: <total>                  2 us
[458.162s][info ][gc,stats       ]         WRP: Weak References          2 us, workers (us):   1,   0,   0,   0,   0,   0,   0,   0, 
[458.162s][info ][gc,stats       ]       Unload Classes                148 us, parallelism: 1.16x
[458.162s][info ][gc,stats       ]         CU: <total>                 171 us
[458.162s][info ][gc,stats       ]         CU: Unload Code Caches      171 us, workers (us):  55,  43,  55,  18,   0,   0,   0,   0, 
[458.162s][info ][gc,stats       ]       Weak Roots                    111 us, parallelism: 0.20x
[458.162s][info ][gc,stats       ]         WR: <total>                  22 us
[458.162s][info ][gc,stats       ]         WR: VM Weak Roots            22 us, workers (us):  16,   1,   1,   1,   1,   0,   1,   1, 
[458.162s][info ][gc,stats       ]       CLDG                            1 us
[458.162s][info ][gc,stats       ]   Calculate Addresses               463 us
[458.162s][info ][gc,stats       ]     Regular Objects                 308 us
[458.162s][info ][gc,stats       ]     Humongous Objects               102 us
[458.162s][info ][gc,stats       ]   Adjust Pointers                  1075 us
[458.162s][info ][gc,stats       ]     FA: <total>                     195 us
[458.162s][info ][gc,stats       ]     FA: Thread Roots                 43 us, workers (us):   1,  19,  21,   1,   0,   0,   0,   0, 
[458.162s][info ][gc,stats       ]     FA: Code Cache Roots            121 us, workers (us): 120,   0,   0,   0,   0,   0,   0,   0, 
[458.162s][info ][gc,stats       ]     FA: VM Strong Roots               3 us, workers (us):   2,   0,   0,   0,   0,   0,   0,   0, 
[458.162s][info ][gc,stats       ]     FA: VM Weak Roots                16 us, workers (us):  13,   1,   0,   1,   0,   0,   0,   0, 
[458.162s][info ][gc,stats       ]     FA: CLDG Roots                   12 us, workers (us):   1,  10,   0,   0,   0,   0,   0,   0, 
[458.162s][info ][gc,stats       ]   Copy Objects                     1370 us
[458.162s][info ][gc,stats       ]     Regular Objects                 350 us
[458.162s][info ][gc,stats       ]     Humongous Objects                33 us
[458.162s][info ][gc,stats       ]     Reset Complete Bitmap           946 us
[458.162s][info ][gc,stats       ]     Rebuild Region Sets              41 us
[458.162s][info ][gc,stats       ]   Post Heap Dump                      0 us
[458.162s][info ][gc,stats       ] 
[458.162s][info ][gc,stats       ] Allocation pacing accrued:
[458.162s][info ][gc,stats       ]       0 of    11 ms (  0.0%): <total>
[458.162s][info ][gc,stats       ]       0 of    11 ms (  0.0%): <average total>
[458.162s][info ][gc,stats       ] 
[458.162s][info ][gc,metaspace   ] Metaspace: 253K(448K)->253K(448K) NonClass: 247K(320K)->247K(320K) Class: 5K(128K)->5K(128K)
[458.162s][info ][gc,ergo        ] Pacer for Idle. Initial: 41943K, Alloc Tax Rate: 1.0x
[458.163s][info ][gc             ] Trigger: Handle Allocation Failure
[458.163s][info ][gc,ergo        ] Free: 1520K, Max: 1024K regular, 1024K humongous, Frag: 0% external, 25% internal; Reserve: 103M, Max: 1024K
[458.163s][info ][gc,start       ] GC(28517) Pause Full
[458.163s][info ][gc,task        ] GC(28517) Using 8 of 8 workers for full gc
[458.163s][info ][gc,phases,start] GC(28517) Phase 1: Mark live objects
[458.163s][info ][gc,ref         ] GC(28517) Clearing All SoftReferences
[458.163s][info ][gc,ref         ] GC(28517) Clearing All SoftReferences
[458.164s][info ][gc,ref         ] GC(28517) Encountered references: Soft: 7, Weak: 34, Final: 0, Phantom: 1
[458.164s][info ][gc,ref         ] GC(28517) Discovered  references: Soft: 4, Weak: 4, Final: 0, Phantom: 1
[458.164s][info ][gc,ref         ] GC(28517) Enqueued    references: Soft: 0, Weak: 0, Final: 0, Phantom: 0
[458.164s][debug][gc,phases,start] GC(28517) ClassLoaderData
[458.164s][debug][gc,phases      ] GC(28517) ClassLoaderData 0.010ms
[458.164s][debug][gc,phases,start] GC(28517) Trigger cleanups
[458.164s][debug][gc,phases      ] GC(28517) Trigger cleanups 0.005ms
[458.164s][info ][gc,phases      ] GC(28517) Phase 1: Mark live objects 0.868ms
[458.164s][info ][gc,phases,start] GC(28517) Phase 2: Compute new object addresses
[458.165s][info ][gc,phases      ] GC(28517) Phase 2: Compute new object addresses 0.442ms
[458.165s][info ][gc,phases,start] GC(28517) Phase 3: Adjust pointers
[458.166s][info ][gc,phases      ] GC(28517) Phase 3: Adjust pointers 1.031ms
[458.166s][info ][gc,phases,start] GC(28517) Phase 4: Move objects
[458.168s][info ][gc,phases      ] GC(28517) Phase 4: Move objects 2.114ms
[458.168s][info ][gc,ergo        ] GC(28517) Bad progress for free space: 1520K, need 20971K
[458.168s][info ][gc             ] GC(28517) Pause Full 1012M->1012M(2048M) 4.820ms
[458.168s][debug][gc,ergo        ] GC(28517) Margin of error now 3.29
[458.168s][debug][gc,ergo        ] GC(28517) Spike threshold now: 0.32
[458.168s][info ][gc,ergo        ] Free: 1520K, Max: 1024K regular, 1024K humongous, Frag: 0% external, 25% internal; Reserve: 103M, Max: 1024K
[458.168s][info ][gc,stats       ] 
[458.168s][info ][gc,stats       ] All times are wall-clock times, except per-root-class counters, that are sum over
[458.168s][info ][gc,stats       ] all workers. Dividing the <total> over the root stage time estimates parallelism.
[458.168s][info ][gc,stats       ] 
[458.168s][info ][gc,stats       ] Pause Full GC (G)                  4924 us
[458.168s][info ][gc,stats       ] Pause Full GC (N)                  4825 us
[458.168s][info ][gc,stats       ]   Pre Heap Dump                       0 us
[458.168s][info ][gc,stats       ]   Prepare                           149 us
[458.168s][info ][gc,stats       ]   Mark                              857 us, parallelism: 2.90x
[458.168s][info ][gc,stats       ]     FM: <total>                    2487 us
[458.168s][info ][gc,stats       ]     FM: Thread Roots                 62 us, workers (us):  27,  21,  10,   0,   1,   1,   1,   1, 
[458.168s][info ][gc,stats       ]     FM: VM Strong Roots               4 us, workers (us):   2,   0,   1,   0,   0,   0,   0,   0, 
[458.168s][info ][gc,stats       ]     FM: CLDG Roots                   19 us, workers (us):   0,  16,   0,   0,   1,   0,   0,   1, 
[458.168s][info ][gc,stats       ]     FM: Parallel Mark              2402 us, workers (us): 359, 316, 321, 292, 326, 315, 257, 217, 
[458.168s][info ][gc,stats       ]     System Purge                    377 us
[458.168s][info ][gc             ] Failed to allocate Shared, 1024K
[458.168s][info ][gc             ] Cancelling GC: Allocation Failure
[458.168s][info ][gc,stats       ]       Weak References               131 us, parallelism: 0.02x
[458.168s][info ][gc,stats       ]         WRP: <total>                  2 us
[458.168s][info ][gc,stats       ]         WRP: Weak References          2 us, workers (us):   2,   0,   0,   0,   0,   0,   0,   0, 
[458.168s][info ][gc,stats       ]       Unload Classes                135 us, parallelism: 1.14x
[458.168s][info ][gc,stats       ]         CU: <total>                 154 us
[458.168s][info ][gc,stats       ]         CU: Unload Code Caches      154 us, workers (us):  55,  44,  37,  18,   0,   0,   0,   0, 
[458.168s][info ][gc,stats       ]       Weak Roots                    109 us, parallelism: 0.20x
[458.169s][info ][gc,stats       ]         WR: <total>                  22 us
[458.169s][info ][gc,stats       ]         WR: VM Weak Roots            22 us, workers (us):  16,   2,   1,   1,   1,   1,   1,   1, 
[458.169s][info ][gc,stats       ]       CLDG                            1 us
[458.169s][info ][gc,stats       ]   Calculate Addresses               436 us
[458.169s][info ][gc,stats       ]     Regular Objects                 318 us
[458.169s][info ][gc,stats       ]     Humongous Objects                61 us
[458.169s][info ][gc,stats       ]   Adjust Pointers                  1024 us
[458.169s][info ][gc,stats       ]     FA: <total>                     166 us
[458.169s][info ][gc,stats       ]     FA: Thread Roots                 32 us, workers (us):   1,  26,   5,   0,   0,   0,   0,   0, 
[458.169s][info ][gc,stats       ]     FA: Code Cache Roots            106 us, workers (us): 105,   0,   0,   0,   0,   0,   0,   0, 
[458.169s][info ][gc,stats       ]     FA: VM Strong Roots               2 us, workers (us):   2,   0,   0,   0,   0,   0,   0,   0, 
[458.169s][info ][gc,stats       ]     FA: VM Weak Roots                16 us, workers (us):  11,   3,   0,   0,   0,   0,   0,   0, 
[458.169s][info ][gc,stats       ]     FA: CLDG Roots                    9 us, workers (us):   1,   7,   0,   0,   0,   0,   0,   0, 
[458.169s][info ][gc,stats       ]   Copy Objects                     2109 us
[458.169s][info ][gc,stats       ]     Regular Objects                 345 us
[458.169s][info ][gc,stats       ]     Humongous Objects               382 us
[458.169s][info ][gc,stats       ]     Reset Complete Bitmap          1351 us
[458.169s][info ][gc,stats       ]     Rebuild Region Sets              30 us
[458.169s][info ][gc,stats       ]   Post Heap Dump                      0 us
[458.169s][info ][gc,stats       ] 
[458.169s][info ][gc,stats       ] Allocation pacing accrued:
[458.169s][info ][gc,stats       ]       0 of     7 ms (  0.0%): <total>
[458.169s][info ][gc,stats       ]       0 of     7 ms (  0.0%): <average total>
[458.169s][info ][gc,stats       ] 
[458.169s][info ][gc,metaspace   ] Metaspace: 253K(448K)->253K(448K) NonClass: 247K(320K)->247K(320K) Class: 5K(128K)->5K(128K)
[458.169s][info ][gc,ergo        ] Pacer for Idle. Initial: 41943K, Alloc Tax Rate: 1.0x
[458.170s][info ][gc             ] Trigger: Handle Allocation Failure
[458.170s][info ][gc,ergo        ] Free: 1520K, Max: 1024K regular, 1024K humongous, Frag: 0% external, 25% internal; Reserve: 103M, Max: 1024K
[458.170s][info ][gc,start       ] GC(28518) Pause Degenerated GC (Outside of Cycle)
[458.170s][info ][gc,task        ] GC(28518) Using 8 of 8 workers for stw degenerated gc
[458.170s][info ][gc,ref         ] GC(28518) Clearing All SoftReferences
[458.171s][info ][gc,ref         ] GC(28518) Encountered references: Soft: 7, Weak: 34, Final: 0, Phantom: 1
[458.171s][info ][gc,ref         ] GC(28518) Discovered  references: Soft: 4, Weak: 9, Final: 0, Phantom: 1
[458.171s][info ][gc,ref         ] GC(28518) Enqueued    references: Soft: 0, Weak: 0, Final: 0, Phantom: 0
[458.171s][debug][gc,phases,start] GC(28518) ClassLoaderData
[458.171s][debug][gc,phases      ] GC(28518) ClassLoaderData 0.010ms
[458.171s][debug][gc,phases,start] GC(28518) Trigger cleanups
[458.171s][debug][gc,phases      ] GC(28518) Trigger cleanups 0.005ms
[458.171s][info ][gc,ergo        ] GC(28518) Adaptive CSet Selection. Target Free: 290M, Actual Free: 104M, Max CSet: 87381K, Min Garbage: 186M
[458.171s][info ][gc,ergo        ] GC(28518) Collectable Garbage: 0B (0%), Immediate: 0B (0%), CSet: 0B (0%)
[458.174s][info ][gc,ergo        ] GC(28518) Bad progress for free space: 1024K, need 20971K
[458.174s][info ][gc             ] GC(28518) Cancelling GC: Upgrade To Full GC
[458.174s][info ][gc,phases,start] GC(28518) Phase 1: Mark live objects
[458.174s][info ][gc,ref         ] GC(28518) Clearing All SoftReferences
[458.174s][info ][gc,ref         ] GC(28518) Clearing All SoftReferences
[458.175s][info ][gc,ref         ] GC(28518) Encountered references: Soft: 7, Weak: 34, Final: 0, Phantom: 1
[458.175s][info ][gc,ref         ] GC(28518) Discovered  references: Soft: 4, Weak: 9, Final: 0, Phantom: 1
[458.175s][info ][gc,ref         ] GC(28518) Enqueued    references: Soft: 0, Weak: 0, Final: 0, Phantom: 0
[458.175s][debug][gc,phases,start] GC(28518) ClassLoaderData
[458.175s][debug][gc,phases      ] GC(28518) ClassLoaderData 0.012ms
[458.175s][debug][gc,phases,start] GC(28518) Trigger cleanups
[458.175s][debug][gc,phases      ] GC(28518) Trigger cleanups 0.003ms
[458.175s][info ][gc,phases      ] GC(28518) Phase 1: Mark live objects 0.960ms
[458.175s][info ][gc,phases,start] GC(28518) Phase 2: Compute new object addresses
[458.176s][info ][gc,phases      ] GC(28518) Phase 2: Compute new object addresses 0.494ms
[458.176s][info ][gc,phases,start] GC(28518) Phase 3: Adjust pointers
[458.177s][info ][gc,phases      ] GC(28518) Phase 3: Adjust pointers 1.009ms
[458.177s][info ][gc,phases,start] GC(28518) Phase 4: Move objects
[458.178s][info ][gc,phases      ] GC(28518) Phase 4: Move objects 1.293ms
[458.178s][info ][gc,ergo        ] GC(28518) Bad progress for free space: 1520K, need 20971K
[458.178s][info ][gc             ] GC(28518) Pause Degenerated GC (Outside of Cycle) 1012M->1012M(2048M) 8.535ms
[458.179s][debug][gc,ergo        ] GC(28518) Margin of error now 3.29
[458.179s][debug][gc,ergo        ] GC(28518) Spike threshold now: 0.32
[458.179s][info ][gc,ergo        ] Free: 1520K, Max: 1024K regular, 1024K humongous, Frag: 0% external, 25% internal; Reserve: 103M, Max: 1024K
[458.179s][info ][gc,stats       ] 
[458.179s][info ][gc,stats       ] All times are wall-clock times, except per-root-class counters, that are sum over
[458.179s][info ][gc,stats       ] all workers. Dividing the <total> over the root stage time estimates parallelism.
[458.179s][info ][gc,stats       ] 
[458.179s][info ][gc,stats       ] Pause Degenerated GC (G)           8717 us
[458.179s][info ][gc,stats       ] Pause Degenerated GC (N)           8547 us
[458.179s][info ][gc,stats       ]   Degen STW Mark                    452 us, parallelism: 5.26x
[458.179s][info ][gc,stats       ]     DSM: <total>                   2378 us
[458.179s][info ][gc,stats       ]     DSM: Thread Roots                53 us, workers (us):  28,  15,   6,   0,   1,   1,   1,   1, 
[458.179s][info ][gc,stats       ]     DSM: VM Strong Roots              4 us, workers (us):   0,   2,   2,   0,   0,   0,   0,   0, 
[458.179s][info ][gc,stats       ]     DSM: CLDG Roots                  17 us, workers (us):  15,   1,   0,   0,   0,   0,   0,   1, 
[458.179s][info ][gc,stats       ]     DSM: Parallel Mark             2303 us, workers (us): 340, 340, 316, 332, 232, 264, 246, 233, 
[458.179s][info ][gc,stats       ]     System Purge                    376 us
[458.179s][info ][gc,stats       ]       Weak References               127 us, parallelism: 0.02x
[458.179s][info ][gc             ] Failed to allocate Shared, 1024K
[458.179s][info ][gc             ] Cancelling GC: Allocation Failure
[458.179s][info ][gc,stats       ]         WRP: <total>                  2 us
[458.179s][info ][gc,stats       ]         WRP: Weak References          2 us, workers (us):   1,   0,   0,   0,   0,   0,   0,   0, 
[458.179s][info ][gc,stats       ]       Unload Classes                146 us, parallelism: 1.29x
[458.179s][info ][gc,stats       ]         DCU: <total>                187 us
[458.179s][info ][gc,stats       ]         DCU: Unload Code Caches      187 us, workers (us):  79,  58,  50,   0,   0,   0,   0,   0, 
[458.179s][info ][gc,stats       ]       Weak Roots                    102 us, parallelism: 0.18x
[458.179s][info ][gc,stats       ]         DWR: <total>                 19 us
[458.179s][info ][gc,stats       ]         DWR: VM Weak Roots           19 us, workers (us):  14,   1,   1,   1,   1,   1,   1,   1, 
[458.179s][info ][gc,stats       ]       CLDG                            0 us
[458.179s][info ][gc,stats       ]   Update Region States              100 us
[458.179s][info ][gc,stats       ]   Manage GC/TLABs                     2 us
[458.179s][info ][gc,stats       ]   Choose Collection Set              32 us
[458.179s][info ][gc,stats       ]   Rebuild Free Set                   13 us
[458.179s][info ][gc,stats       ]   Evacuation                        492 us
[458.179s][info ][gc,stats       ]   Manage GCLABs                       3 us
[458.179s][info ][gc,stats       ]   Update References                1276 us
[458.179s][info ][gc,stats       ]   Update Region States              127 us
[458.179s][info ][gc,stats       ]   Trash Collection Set                3 us
[458.179s][info ][gc,stats       ]   Rebuild Free Set                   20 us
[458.179s][info ][gc,stats       ]   Degen Update Roots                297 us, parallelism: 1.10x
[458.179s][info ][gc,stats       ]     DU: <total>                     327 us
[458.179s][info ][gc,stats       ]     DU: Thread Roots                 89 us, workers (us):   1,  33,  22,  21,  11,   0,   0,   1, 
[458.179s][info ][gc,stats       ]     DU: Code Cache Roots            182 us, workers (us): 180,   1,   0,   0,   0,   0,   0,   0, 
[458.179s][info ][gc,stats       ]     DU: VM Strong Roots               5 us, workers (us):   4,   0,   0,   0,   0,   0,   0,   0, 
[458.179s][info ][gc,stats       ]     DU: VM Weak Roots                31 us, workers (us):  18,  10,   2,   0,   0,   0,   0,   0, 
[458.179s][info ][gc,stats       ]     DU: CLDG Roots                   19 us, workers (us):   2,   2,  15,   0,   0,   0,   0,   0, 
[458.179s][info ][gc,stats       ]   Cleanup                            87 us
[458.179s][info ][gc,stats       ]   Pre Heap Dump                       1 us
[458.179s][info ][gc,stats       ]   Prepare                           661 us
[458.179s][info ][gc,stats       ]   Mark                              921 us, parallelism: 3.30x
[458.179s][info ][gc,stats       ]     FM: <total>                    3034 us
[458.179s][info ][gc,stats       ]     FM: Thread Roots                 68 us, workers (us):  31,  23,   9,   1,   1,   1,   1,   0, 
[458.179s][info ][gc,stats       ]     FM: VM Strong Roots               3 us, workers (us):   0,   1,   1,   0,   0,   0,   0,   0, 
[458.179s][info ][gc,stats       ]     FM: CLDG Roots                   36 us, workers (us):  34,   0,   0,   1,   1,   0,   0,   0, 
[458.179s][info ][gc,stats       ]     FM: Parallel Mark              2927 us, workers (us): 385, 405, 362, 434, 365, 385, 315, 276, 
[458.179s][info ][gc,stats       ]     System Purge                    366 us
[458.179s][info ][gc,stats       ]       Weak References               126 us, parallelism: 0.02x
[458.179s][info ][gc,stats       ]         WRP: <total>                  2 us
[458.179s][info ][gc,stats       ]         WRP: Weak References          2 us, workers (us):   1,   0,   0,   0,   0,   0,   0,   0, 
[458.179s][info ][gc,stats       ]       Unload Classes                123 us, parallelism: 1.61x
[458.179s][info ][gc,stats       ]         CU: <total>                 198 us
[458.179s][info ][gc,stats       ]         CU: Unload Code Caches      198 us, workers (us):  56,  78,  40,  24,   0,   0,   0,   0, 
[458.179s][info ][gc,stats       ]       Weak Roots                    113 us, parallelism: 0.33x
[458.179s][info ][gc,stats       ]         WR: <total>                  38 us
[458.179s][info ][gc,stats       ]         WR: VM Weak Roots            38 us, workers (us):  19,  10,   1,   1,   5,   1,   1,   0, 
[458.179s][info ][gc,stats       ]       CLDG                            1 us
[458.179s][info ][gc,stats       ]   Calculate Addresses               490 us
[458.179s][info ][gc,stats       ]     Regular Objects                 343 us
[458.179s][info ][gc,stats       ]     Humongous Objects               104 us
[458.179s][info ][gc,stats       ]   Adjust Pointers                  1002 us
[458.179s][info ][gc,stats       ]     FA: <total>                     195 us
[458.179s][info ][gc,stats       ]     FA: Thread Roots                 49 us, workers (us):  12,   1,  17,  16,   3,   0,   0,   1, 
[458.179s][info ][gc,stats       ]     FA: Code Cache Roots            116 us, workers (us):   0, 115,   0,   0,   0,   0,   0,   0, 
[458.179s][info ][gc,stats       ]     FA: VM Strong Roots               3 us, workers (us):   2,   0,   0,   0,   0,   0,   0,   0, 
[458.179s][info ][gc,stats       ]     FA: VM Weak Roots                17 us, workers (us):  12,   3,   1,   0,   0,   0,   0,   0, 
[458.179s][info ][gc,stats       ]     FA: CLDG Roots                   10 us, workers (us):   8,   1,   1,   0,   0,   0,   0,   0, 
[458.179s][info ][gc,stats       ]   Copy Objects                     1286 us
[458.179s][info ][gc,stats       ]     Regular Objects                 321 us
[458.179s][info ][gc,stats       ]     Humongous Objects                42 us
[458.179s][info ][gc,stats       ]     Reset Complete Bitmap           886 us
[458.179s][info ][gc,stats       ]     Rebuild Region Sets              36 us
[458.179s][info ][gc,stats       ]   Post Heap Dump                      1 us
[458.179s][info ][gc,stats       ] 
[458.179s][info ][gc,stats       ] Allocation pacing accrued:
[458.179s][info ][gc,stats       ]       0 of    11 ms (  0.0%): <total>
[458.179s][info ][gc,stats       ]       0 of    11 ms (  0.0%): <average total>
[458.179s][info ][gc,stats       ] 
[458.179s][info ][gc,metaspace   ] Metaspace: 253K(448K)->253K(448K) NonClass: 247K(320K)->247K(320K) Class: 5K(128K)->5K(128K)
[458.179s][info ][gc,ergo        ] Pacer for Idle. Initial: 41943K, Alloc Tax Rate: 1.0x
[458.181s][info ][gc             ] Trigger: Handle Allocation Failure
[458.181s][info ][gc,ergo        ] Free: 1517K, Max: 1021K regular, 0B humongous, Frag: 0% external, 25% internal; Reserve: 103M, Max: 1024K
[458.181s][info ][gc,start       ] GC(28519) Pause Degenerated GC (Outside of Cycle)
[458.181s][info ][gc,task        ] GC(28519) Using 8 of 8 workers for stw degenerated gc
[458.181s][info ][gc,ref         ] GC(28519) Clearing All SoftReferences
[458.181s][info ][gc,ref         ] GC(28519) Encountered references: Soft: 7, Weak: 34, Final: 0, Phantom: 1
[458.181s][info ][gc,ref         ] GC(28519) Discovered  references: Soft: 4, Weak: 1, Final: 0, Phantom: 1
[458.181s][info ][gc,ref         ] GC(28519) Enqueued    references: Soft: 0, Weak: 0, Final: 0, Phantom: 0
[458.182s][debug][gc,phases,start] GC(28519) ClassLoaderData
[458.182s][debug][gc,phases      ] GC(28519) ClassLoaderData 0.010ms
[458.182s][debug][gc,phases,start] GC(28519) Trigger cleanups
[458.182s][debug][gc,phases      ] GC(28519) Trigger cleanups 0.003ms
[458.182s][info ][gc,ergo        ] GC(28519) Collectable Garbage: 18434K (100%), Immediate: 18434K (100%), CSet: 0B (0%)
[458.182s][debug][gc,tlab        ] GC(28519) TLAB totals: thrds: 1  refills: 1 max: 1 slow allocs: 0 max 0 waste: 97.9% gc: 2624B max: 2624B slow: 0B max: 0B
[458.182s][info ][gc,ergo        ] GC(28519) Good progress for free space: 38384K, need 20971K
[458.182s][info ][gc,ergo        ] GC(28519) Good progress for used space: 18434K, need 1024K
[458.182s][info ][gc             ] GC(28519) Pause Degenerated GC (Outside of Cycle) 1012M->994M(2048M) 1.630ms
[458.182s][debug][gc,ergo        ] GC(28519) Margin of error now 3.29
[458.182s][debug][gc,ergo        ] GC(28519) Spike threshold now: 0.32
[458.183s][info ][gc,ergo        ] Free: 38384K, Max: 1024K regular, 30720K humongous, Frag: 19% external, 1% internal; Reserve: 103M, Max: 1024K
[458.183s][info ][gc,stats       ] 
[458.183s][info ][gc,stats       ] All times are wall-clock times, except per-root-class counters, that are sum over
[458.183s][info ][gc,stats       ] all workers. Dividing the <total> over the root stage time estimates parallelism.
[458.183s][info ][gc,stats       ] 
[458.183s][info ][gc,stats       ] Pause Degenerated GC (G)           1726 us
[458.183s][info ][gc,stats       ] Pause Degenerated GC (N)           1635 us
[458.183s][info ][gc,stats       ]   Degen STW Mark                    441 us, parallelism: 5.61x
[458.183s][info ][gc,stats       ]     DSM: <total>                   2475 us
[458.183s][info ][gc,stats       ]     DSM: Thread Roots                59 us, workers (us):  31,   9,   8,   7,   1,   1,   1,   1, 
[458.183s][info ][gc,stats       ]     DSM: VM Strong Roots              3 us, workers (us):   0,   1,   1,   0,   0,   0,   0,   0, 
[458.183s][info ][gc,stats       ]     DSM: CLDG Roots                  16 us, workers (us):  13,   0,   0,   0,   1,   0,   0,   0, 
[458.183s][info ][gc,stats       ]     DSM: Parallel Mark             2398 us, workers (us): 329, 277, 334, 333, 285, 300, 265, 274, 
[458.183s][info ][gc,stats       ]     System Purge                    469 us
[458.183s][info ][gc,stats       ]       Weak References               150 us, parallelism: 0.01x
[458.183s][info ][gc,stats       ]         WRP: <total>                  2 us
[458.183s][info ][gc,stats       ]         WRP: Weak References          2 us, workers (us):   1,   0,   0,   0,   0,   0,   0,   0, 
[458.183s][info ][gc,stats       ]       Unload Classes                212 us, parallelism: 1.10x
[458.183s][info ][gc,stats       ]         DCU: <total>                234 us
[458.183s][info ][gc,stats       ]         DCU: Unload Code Caches      234 us, workers (us): 112,  60,  39,  14,   9,   0,   0,   0, 
[458.183s][info ][gc,stats       ]       Weak Roots                    106 us, parallelism: 0.18x
[458.183s][info ][gc,stats       ]         DWR: <total>                 20 us
[458.183s][info ][gc,stats       ]         DWR: VM Weak Roots           20 us, workers (us):  11,   4,   1,   1,   1,   0,   0,   1, 
[458.183s][info ][gc,stats       ]       CLDG                            1 us
[458.183s][info ][gc,stats       ]   Update Region States              108 us
[458.183s][info ][gc,stats       ]   Manage GC/TLABs                     8 us
[458.183s][info ][gc,stats       ]   Choose Collection Set              25 us
[458.183s][info ][gc,stats       ]   Rebuild Free Set                    7 us
[458.183s][info ][gc,stats       ]   Cleanup                            88 us
[458.183s][info ][gc,stats       ] 
[458.183s][info ][gc,stats       ] Allocation pacing accrued:
[458.183s][info ][gc,stats       ]       0 of     3 ms (  0.0%): <total>
[458.183s][info ][gc,stats       ]       0 of     3 ms (  0.0%): <average total>
[458.183s][info ][gc,stats       ] 
[458.183s][info ][gc,metaspace   ] Metaspace: 253K(448K)->253K(448K) NonClass: 247K(320K)->247K(320K) Class: 5K(128K)->5K(128K)
[458.183s][info ][gc,ergo        ] Pacer for Idle. Initial: 41943K, Alloc Tax Rate: 1.0x
[458.184s][info ][gc             ] Trigger: Free (7664K) is below minimum threshold (204M)
[458.184s][info ][gc,ergo        ] Free: 7664K, Max: 1024K regular, 6144K humongous, Frag: 15% external, 6% internal; Reserve: 103M, Max: 1024K
[458.184s][info ][gc,start       ] GC(28520) Concurrent reset
[458.184s][info ][gc,task        ] GC(28520) Using 4 of 8 workers for concurrent reset
[458.184s][info ][gc,ergo        ] GC(28520) Pacer for Reset. Non-Taxable: 2048M
[458.184s][info ][gc             ] Failed to allocate Shared, 1024K
[458.184s][info ][gc             ] Cancelling GC: Allocation Failure
[458.185s][info ][gc             ] GC(28520) Concurrent reset 1.418ms
[458.185s][info ][gc,start       ] GC(28520) Pause Init Mark (unload classes)
[458.185s][info ][gc,task        ] GC(28520) Using 8 of 8 workers for init marking
[458.185s][info ][gc,ergo        ] GC(28520) Pacer for Mark. Expected Live: 4743M, Free: 1520K, Non-Taxable: 152K, Alloc Tax Rate: 3905.8x
[458.185s][info ][gc             ] GC(28520) Pause Init Mark (unload classes) 0.122ms
[458.186s][info ][gc,start       ] GC(28520) Concurrent marking roots
[458.186s][info ][gc,task        ] GC(28520) Using 4 of 8 workers for concurrent marking roots
[458.186s][info ][gc             ] GC(28520) Concurrent marking roots 0.191ms
[458.186s][info ][gc,ergo        ] Free: 1520K, Max: 1024K regular, 1024K humongous, Frag: 0% external, 25% internal; Reserve: 103M, Max: 1024K
[458.186s][info ][gc,stats       ] 
[458.186s][info ][gc,stats       ] All times are wall-clock times, except per-root-class counters, that are sum over
[458.186s][info ][gc,stats       ] all workers. Dividing the <total> over the root stage time estimates parallelism.
[458.186s][info ][gc,stats       ] 
[458.186s][info ][gc,stats       ] Concurrent Reset                   1443 us
[458.186s][info ][gc,stats       ] Pause Init Mark (G)                 179 us
[458.186s][info ][gc,stats       ] Pause Init Mark (N)                 126 us
[458.186s][info ][gc,stats       ]   Update Region States               93 us
[458.186s][info ][gc,stats       ] Concurrent Mark Roots               205 us, parallelism: 1.84x
[458.186s][info ][gc,stats       ]   CMR: <total>                      378 us
[458.186s][info ][gc,stats       ]   CMR: Thread Roots                 361 us, workers (us):  94, 115,  81,  71, ---, ---, ---, ---, 
[458.186s][info ][gc,stats       ]   CMR: VM Strong Roots                3 us, workers (us):   2,   0,   0,   0, ---, ---, ---, ---, 
[458.186s][info ][gc,stats       ]   CMR: CLDG Roots                    14 us, workers (us):  14,   1, ---, ---, ---, ---, ---, ---, 
[458.186s][info ][gc,stats       ] 
[458.186s][info ][gc,stats       ] Allocation pacing accrued:
[458.186s][info ][gc,stats       ]       0 of     3 ms (  0.0%): <total>
[458.186s][info ][gc,stats       ]       0 of     3 ms (  0.0%): <average total>
[458.186s][info ][gc,stats       ] 
[458.186s][info ][gc,metaspace   ] Metaspace: 253K(448K)->253K(448K) NonClass: 247K(320K)->247K(320K) Class: 5K(128K)->5K(128K)
[458.186s][info ][gc,ergo        ] Pacer for Idle. Initial: 41943K, Alloc Tax Rate: 1.0x
[458.187s][info ][gc             ] Trigger: Handle Allocation Failure
[458.187s][info ][gc,ergo        ] Free: 1520K, Max: 1024K regular, 1024K humongous, Frag: 0% external, 25% internal; Reserve: 103M, Max: 1024K
[458.187s][info ][gc,start       ] GC(28521) Pause Degenerated GC (Outside of Cycle)
[458.187s][info ][gc,task        ] GC(28521) Using 8 of 8 workers for stw degenerated gc
[458.189s][info ][gc,ref         ] GC(28521) Clearing All SoftReferences
[458.189s][info ][gc,ref         ] GC(28521) Encountered references: Soft: 7, Weak: 34, Final: 0, Phantom: 1
[458.189s][info ][gc,ref         ] GC(28521) Discovered  references: Soft: 3, Weak: 9, Final: 0, Phantom: 1
[458.189s][info ][gc,ref         ] GC(28521) Enqueued    references: Soft: 0, Weak: 0, Final: 0, Phantom: 0
[458.189s][debug][gc,phases,start] GC(28521) ClassLoaderData
[458.189s][debug][gc,phases      ] GC(28521) ClassLoaderData 0.019ms
[458.189s][debug][gc,phases,start] GC(28521) Trigger cleanups
[458.189s][debug][gc,phases      ] GC(28521) Trigger cleanups 0.003ms
[458.189s][info ][gc,ergo        ] GC(28521) Collectable Garbage: 63488K (100%), Immediate: 63488K (100%), CSet: 0B (0%)
[458.190s][info ][gc,ergo        ] GC(28521) Good progress for free space: 107M, need 20971K
[458.190s][info ][gc,ergo        ] GC(28521) Good progress for used space: 63488K, need 1024K
[458.190s][info ][gc             ] GC(28521) Pause Degenerated GC (Outside of Cycle) 1012M->950M(2048M) 2.886ms
[458.190s][debug][gc,ergo        ] GC(28521) Margin of error now 3.29
[458.190s][debug][gc,ergo        ] GC(28521) Spike threshold now: 0.32
[458.190s][info ][gc,ergo        ] Free: 107M, Max: 1024K regular, 70656K humongous, Frag: 36% external, 0% internal; Reserve: 103M, Max: 1024K
[458.190s][info ][gc,stats       ] 
[458.190s][info ][gc,stats       ] All times are wall-clock times, except per-root-class counters, that are sum over
[458.190s][info ][gc,stats       ] all workers. Dividing the <total> over the root stage time estimates parallelism.
[458.190s][info ][gc,stats       ] 
[458.190s][info ][gc,stats       ] Pause Degenerated GC (G)           2962 us
[458.190s][info ][gc,stats       ] Pause Degenerated GC (N)           2893 us
[458.190s][info ][gc,stats       ]   Degen STW Mark                    456 us, parallelism: 5.44x
[458.190s][info ][gc,stats       ]     DSM: <total>                   2480 us
[458.190s][info ][gc,stats       ]     DSM: Thread Roots                40 us, workers (us):  27,  10,   1,   0,   1,   0,   1,   0, 
[458.190s][info ][gc,stats       ]     DSM: VM Strong Roots              2 us, workers (us):   0,   2,   0,   0,   0,   0,   0,   0, 
[458.190s][info ][gc,stats       ]     DSM: CLDG Roots                  15 us, workers (us):  13,   0,   0,   0,   0,   0,   1,   0, 
[458.190s][info ][gc,stats       ]     DSM: Parallel Mark             2422 us, workers (us): 316, 318, 290, 291, 315, 306, 299, 288, 
[458.190s][info ][gc,stats       ]     System Purge                    368 us
[458.190s][info ][gc,stats       ]       Weak References               118 us, parallelism: 0.02x
[458.190s][info ][gc,stats       ]         WRP: <total>                  2 us
[458.190s][info ][gc,stats       ]         WRP: Weak References          2 us, workers (us):   1,   0,   0,   0,   0,   0,   0,   0, 
[458.190s][info ][gc,stats       ]       Unload Classes                154 us, parallelism: 0.92x
[458.190s][info ][gc,stats       ]         DCU: <total>                142 us
[458.190s][info ][gc,stats       ]         DCU: Unload Code Caches      142 us, workers (us):  44,  42,  35,  15,   6,   0,   0,   0, 
[458.190s][info ][gc,stats       ]       Weak Roots                     94 us, parallelism: 0.19x
[458.190s][info ][gc,stats       ]         DWR: <total>                 18 us
[458.190s][info ][gc,stats       ]         DWR: VM Weak Roots           18 us, workers (us):  13,   0,   0,   0,   1,   0,   1,   1, 
[458.190s][info ][gc,stats       ]       CLDG                            1 us
[458.190s][info ][gc,stats       ]   Update Region States              117 us
[458.190s][info ][gc,stats       ]   Manage GC/TLABs                     2 us
[458.190s][info ][gc,stats       ]   Choose Collection Set              37 us
[458.190s][info ][gc,stats       ]   Rebuild Free Set                   12 us
[458.190s][info ][gc,stats       ]   Cleanup                            89 us
[458.190s][info ][gc,stats       ] 
[458.190s][info ][gc,stats       ] Allocation pacing accrued:
[458.190s][info ][gc,stats       ]       0 of     4 ms (  0.0%): <total>
[458.190s][info ][gc,stats       ]       0 of     4 ms (  0.0%): <average total>
[458.190s][info ][gc,stats       ] 
[458.190s][info ][gc,metaspace   ] Metaspace: 253K(448K)->253K(448K) NonClass: 247K(320K)->247K(320K) Class: 5K(128K)->5K(128K)
[458.190s][info ][gc,ergo        ] Pacer for Idle. Initial: 41943K, Alloc Tax Rate: 1.0x
[458.191s][info ][gc             ] Trigger: Free (85488K) is below minimum threshold (204M)
[458.191s][info ][gc,ergo        ] Free: 83440K, Max: 1024K regular, 44032K humongous, Frag: 47% external, 0% internal; Reserve: 103M, Max: 1024K
[458.191s][info ][gc,start       ] GC(28522) Concurrent reset
[458.191s][info ][gc,task        ] GC(28522) Using 4 of 8 workers for concurrent reset
[458.191s][info ][gc,ergo        ] GC(28522) Pacer for Reset. Non-Taxable: 2048M
[458.193s][info ][gc             ] Failed to allocate Shared, 10240K
[458.193s][info ][gc             ] Cancelling GC: Allocation Failure
[458.194s][info ][gc             ] GC(28522) Concurrent reset 2.995ms
[458.195s][info ][gc,start       ] GC(28522) Pause Init Mark (unload classes)
[458.195s][info ][gc,task        ] GC(28522) Using 8 of 8 workers for init marking
[458.195s][info ][gc,ergo        ] GC(28522) Pacer for Mark. Expected Live: 4746M, Free: 34288K, Non-Taxable: 3428K, Alloc Tax Rate: 173.3x
[458.195s][info ][gc             ] GC(28522) Pause Init Mark (unload classes) 0.169ms
[458.195s][info ][gc,start       ] GC(28522) Concurrent marking roots
[458.195s][info ][gc,task        ] GC(28522) Using 4 of 8 workers for concurrent marking roots
[458.195s][info ][gc             ] GC(28522) Concurrent marking roots 0.193ms
[458.195s][info ][gc,ergo        ] Free: 30192K, Max: 1024K regular, 2048K humongous, Frag: 94% external, 1% internal; Reserve: 103M, Max: 1024K
[458.195s][info ][gc,stats       ] 
[458.195s][info ][gc,stats       ] All times are wall-clock times, except per-root-class counters, that are sum over
[458.195s][info ][gc,stats       ] all workers. Dividing the <total> over the root stage time estimates parallelism.
[458.195s][info ][gc,stats       ] 
[458.195s][info ][gc,stats       ] Concurrent Reset                   3034 us
[458.195s][info ][gc,stats       ] Pause Init Mark (G)                 489 us
[458.195s][info ][gc,stats       ] Pause Init Mark (N)                 176 us
[458.195s][info ][gc,stats       ]   Update Region States              121 us
[458.195s][info ][gc,stats       ] Concurrent Mark Roots               202 us, parallelism: 1.28x
[458.195s][info ][gc,stats       ]   CMR: <total>                      258 us
[458.195s][info ][gc,stats       ]   CMR: Thread Roots                 236 us, workers (us):  48,  58,  55,  75, ---, ---, ---, ---, 
[458.195s][info ][gc,stats       ]   CMR: VM Strong Roots                4 us, workers (us):   4,   0,   0,   0, ---, ---, ---, ---, 
[458.195s][info ][gc,stats       ]   CMR: CLDG Roots                    18 us, workers (us):  17,   0, ---, ---, ---, ---, ---, ---, 
[458.195s][info ][gc,stats       ] 
[458.195s][info ][gc,stats       ] Allocation pacing accrued:
[458.195s][info ][gc,stats       ]       0 of     5 ms (  0.0%): <total>
[458.195s][info ][gc,stats       ]       0 of     5 ms (  0.0%): <average total>
[458.195s][info ][gc,stats       ] 
[458.195s][info ][gc,metaspace   ] Metaspace: 253K(448K)->253K(448K) NonClass: 247K(320K)->247K(320K) Class: 5K(128K)->5K(128K)
[458.195s][info ][gc,ergo        ] Pacer for Idle. Initial: 41943K, Alloc Tax Rate: 1.0x
[458.196s][info ][gc             ] Trigger: Handle Allocation Failure
[458.196s][info ][gc,ergo        ] Free: 11760K, Max: 1024K regular, 2048K humongous, Frag: 82% external, 4% internal; Reserve: 103M, Max: 1024K
[458.196s][info ][gc,start       ] GC(28523) Pause Degenerated GC (Outside of Cycle)
[458.196s][info ][gc,task        ] GC(28523) Using 8 of 8 workers for stw degenerated gc
[458.198s][info ][gc,ref         ] GC(28523) Clearing All SoftReferences
[458.199s][info ][gc,ref         ] GC(28523) Encountered references: Soft: 7, Weak: 34, Final: 0, Phantom: 1
[458.199s][info ][gc,ref         ] GC(28523) Discovered  references: Soft: 4, Weak: 9, Final: 0, Phantom: 1
[458.199s][info ][gc,ref         ] GC(28523) Enqueued    references: Soft: 0, Weak: 0, Final: 0, Phantom: 0
[458.199s][debug][gc,phases,start] GC(28523) ClassLoaderData
[458.199s][debug][gc,phases      ] GC(28523) ClassLoaderData 0.011ms
[458.199s][debug][gc,phases,start] GC(28523) Trigger cleanups
[458.199s][debug][gc,phases      ] GC(28523) Trigger cleanups 0.016ms
[458.199s][info ][gc,ergo        ] GC(28523) Collectable Garbage: 24576K (100%), Immediate: 24576K (100%), CSet: 0B (0%)
[458.200s][info ][gc,ergo        ] GC(28523) Good progress for free space: 60912K, need 20971K
[458.200s][info ][gc,ergo        ] GC(28523) Good progress for used space: 24576K, need 1024K
[458.200s][info ][gc             ] GC(28523) Pause Degenerated GC (Outside of Cycle) 998M->974M(2048M) 3.270ms
[458.200s][debug][gc,ergo        ] GC(28523) Margin of error now 3.29
[458.200s][debug][gc,ergo        ] GC(28523) Spike threshold now: 0.32
[458.200s][info ][gc,ergo        ] Free: 42480K, Max: 1024K regular, 4096K humongous, Frag: 91% external, 1% internal; Reserve: 103M, Max: 1024K
[458.200s][info ][gc,stats       ] 
[458.200s][info ][gc             ] Failed to allocate Shared, 10240K
[458.200s][info ][gc             ] Cancelling GC: Allocation Failure
[458.200s][info ][gc,stats       ] All times are wall-clock times, except per-root-class counters, that are sum over
[458.200s][info ][gc,stats       ] all workers. Dividing the <total> over the root stage time estimates parallelism.
[458.200s][info ][gc,stats       ] 
[458.200s][info ][gc,stats       ] Pause Degenerated GC (G)           3470 us
[458.200s][info ][gc,stats       ] Pause Degenerated GC (N)           3277 us
[458.200s][info ][gc,stats       ]   Degen STW Mark                    586 us, parallelism: 4.62x
[458.200s][info ][gc,stats       ]     DSM: <total>                   2712 us
[458.200s][info ][gc,stats       ]     DSM: Thread Roots                83 us, workers (us):  35,  27,  15,   1,   1,   1,   1,   1, 
[458.200s][info ][gc,stats       ]     DSM: VM Strong Roots              4 us, workers (us):   1,   1,   0,   1,   0,   0,   0,   0, 
[458.200s][info ][gc,stats       ]     DSM: CLDG Roots                  19 us, workers (us):   0,   1,  16,   1,   1,   1,   0,   0, 
[458.200s][info ][gc,stats       ]     DSM: Parallel Mark             2605 us, workers (us): 377, 336, 329, 352, 286, 372, 279, 273, 
[458.200s][info ][gc,stats       ]     System Purge                    412 us
[458.200s][info ][gc,stats       ]       Weak References               120 us, parallelism: 0.02x
[458.200s][info ][gc,stats       ]         WRP: <total>                  2 us
[458.200s][info ][gc,stats       ]         WRP: Weak References          2 us, workers (us):   1,   0,   0,   0,   0,   0,   0,   0, 
[458.200s][info ][gc,stats       ]       Unload Classes                162 us, parallelism: 1.58x
[458.200s][info ][gc,stats       ]         DCU: <total>                256 us
[458.200s][info ][gc,stats       ]         DCU: Unload Code Caches      256 us, workers (us):  83,  76,  55,  42,   0,   0,   0,   0, 
[458.200s][info ][gc,stats       ]       Weak Roots                    129 us, parallelism: 0.46x
[458.200s][info ][gc,stats       ]         DWR: <total>                 59 us
[458.200s][info ][gc,stats       ]         DWR: VM Weak Roots           59 us, workers (us):  32,  22,   1,   1,   1,   1,   1,   0, 
[458.200s][info ][gc,stats       ]       CLDG                            1 us
[458.200s][info ][gc,stats       ]   Update Region States              107 us
[458.200s][info ][gc,stats       ]   Manage GC/TLABs                     2 us
[458.200s][info ][gc,stats       ]   Choose Collection Set              33 us
[458.200s][info ][gc,stats       ]   Rebuild Free Set                   11 us
[458.200s][info ][gc,stats       ]   Cleanup                            87 us
[458.200s][info ][gc,stats       ] 
[458.200s][info ][gc,stats       ] Allocation pacing accrued:
[458.200s][info ][gc,stats       ]       0 of     5 ms (  0.0%): <total>
[458.200s][info ][gc,stats       ]       0 of     5 ms (  0.0%): <average total>
[458.200s][info ][gc,stats       ] 
[458.200s][info ][gc,metaspace   ] Metaspace: 253K(448K)->253K(448K) NonClass: 247K(320K)->247K(320K) Class: 5K(128K)->5K(128K)
[458.200s][info ][gc,ergo        ] Pacer for Idle. Initial: 41943K, Alloc Tax Rate: 1.0x
[458.201s][info ][gc             ] Trigger: Handle Allocation Failure
[458.201s][info ][gc,ergo        ] Free: 22000K, Max: 1024K regular, 4096K humongous, Frag: 81% external, 2% internal; Reserve: 103M, Max: 1024K
[458.201s][info ][gc,start       ] GC(28524) Pause Full
[458.201s][info ][gc,task        ] GC(28524) Using 8 of 8 workers for full gc
[458.203s][info ][gc,phases,start] GC(28524) Phase 1: Mark live objects
[458.203s][info ][gc,ref         ] GC(28524) Clearing All SoftReferences
[458.203s][info ][gc,ref         ] GC(28524) Clearing All SoftReferences
[458.203s][info ][gc,ref         ] GC(28524) Encountered references: Soft: 7, Weak: 34, Final: 0, Phantom: 1
[458.203s][info ][gc,ref         ] GC(28524) Discovered  references: Soft: 4, Weak: 4, Final: 0, Phantom: 1
[458.203s][info ][gc,ref         ] GC(28524) Enqueued    references: Soft: 0, Weak: 0, Final: 0, Phantom: 0
[458.203s][debug][gc,phases,start] GC(28524) ClassLoaderData
[458.204s][debug][gc,phases      ] GC(28524) ClassLoaderData 0.011ms
[458.204s][debug][gc,phases,start] GC(28524) Trigger cleanups
[458.204s][debug][gc,phases      ] GC(28524) Trigger cleanups 0.005ms
[458.204s][info ][gc,phases      ] GC(28524) Phase 1: Mark live objects 0.906ms
[458.204s][info ][gc,phases,start] GC(28524) Phase 2: Compute new object addresses
[458.204s][info ][gc,phases      ] GC(28524) Phase 2: Compute new object addresses 0.419ms
[458.204s][info ][gc,phases,start] GC(28524) Phase 3: Adjust pointers
[458.205s][info ][gc,phases      ] GC(28524) Phase 3: Adjust pointers 1.199ms
[458.205s][info ][gc,phases,start] GC(28524) Phase 4: Move objects
[458.312s][info ][gc,phases      ] GC(28524) Phase 4: Move objects 107.020ms
[458.313s][info ][gc,ergo        ] GC(28524) Good progress for free space: 22000K, need 20971K
[458.313s][info ][gc,ergo        ] GC(28524) Bad progress for used space: 0B, need 1024K
[458.313s][info ][gc,ergo        ] GC(28524) Bad progress for internal fragmentation: 0.0%, need 1.0%
[458.313s][info ][gc,ergo        ] GC(28524) Good progress for external fragmentation: 81.0%, need 1.0%
[458.313s][info ][gc             ] GC(28524) Pause Full 993M->993M(2048M) 111.681ms
[458.314s][debug][gc,ergo        ] GC(28524) Margin of error now 3.29
[458.314s][debug][gc,ergo        ] GC(28524) Spike threshold now: 0.32
[458.314s][info ][gc,ergo        ] Free: 1520K, Max: 1024K regular, 1024K humongous, Frag: 0% external, 25% internal; Reserve: 103M, Max: 1024K
[458.314s][info ][gc,stats       ] 
[458.314s][info ][gc,stats       ] All times are wall-clock times, except per-root-class counters, that are sum over
[458.314s][info ][gc,stats       ] all workers. Dividing the <total> over the root stage time estimates parallelism.
[458.314s][info ][gc,stats       ] 
[458.314s][info ][gc,stats       ] Pause Full GC (G)                112296 us
[458.314s][info ][gc,stats       ] Pause Full GC (N)                111717 us
[458.314s][info ][gc,stats       ]   Pre Heap Dump                       1 us
[458.314s][info ][gc,stats       ]   Prepare                          1363 us
[458.314s][info ][gc,stats       ]   Mark                              881 us, parallelism: 3.40x
[458.314s][info ][gc,stats       ]     FM: <total>                    2994 us
[458.314s][info ][gc,stats       ]     FM: Thread Roots                 61 us, workers (us):  26,  18,  13,   1,   1,   1,   1,   0, 
[458.314s][info ][gc,stats       ]     FM: VM Strong Roots               4 us, workers (us):   1,   1,   0,   2,   0,   0,   0,   0, 
[458.314s][info ][gc,stats       ]     FM: CLDG Roots                   19 us, workers (us):   0,   0,  16,   0,   0,   0,   1,   0, 
[458.314s][info ][gc,stats       ]     FM: Parallel Mark              2910 us, workers (us): 348, 399, 393, 412, 390, 339, 331, 298, 
[458.314s][info ][gc,stats       ]     System Purge                    358 us
[458.314s][info ][gc,stats       ]       Weak References               127 us, parallelism: 0.01x
[458.314s][info ][gc,stats       ]         WRP: <total>                  2 us
[458.314s][info ][gc,stats       ]         WRP: Weak References          2 us, workers (us):   1,   0,   0,   0,   0,   0,   0,   0, 
[458.314s][info ][gc,stats       ]       Unload Classes                127 us, parallelism: 1.12x
[458.314s][info ][gc,stats       ]         CU: <total>                 143 us
[458.314s][info ][gc,stats       ]         CU: Unload Code Caches      143 us, workers (us):  51,  45,  32,  15,   0,   0,   0,   0, 
[458.314s][info ][gc,stats       ]       Weak Roots                    102 us, parallelism: 0.19x
[458.314s][info ][gc,stats       ]         WR: <total>                  20 us
[458.314s][info ][gc,stats       ]         WR: VM Weak Roots            20 us, workers (us):  13,   2,   1,   0,   1,   1,   1,   1, 
[458.314s][info ][gc,stats       ]       CLDG                            1 us
[458.314s][info ][gc,stats       ]   Calculate Addresses               414 us
[458.314s][info ][gc,stats       ]     Regular Objects                 256 us
[458.314s][info ][gc,stats       ]     Humongous Objects               106 us
[458.314s][info ][gc,stats       ]   Adjust Pointers                  1192 us
[458.314s][info ][gc             ] Failed to allocate Shared, 10240K
[458.314s][info ][gc             ] Cancelling GC: Allocation Failure
[458.314s][info ][gc,stats       ]     FA: <total>                     170 us
[458.314s][info ][gc,stats       ]     FA: Thread Roots                 38 us, workers (us):   0,  25,   6,   6,   0,   0,   0,   0, 
[458.314s][info ][gc,stats       ]     FA: Code Cache Roots            110 us, workers (us): 109,   0,   0,   0,   0,   0,   0,   0, 
[458.314s][info ][gc,stats       ]     FA: VM Strong Roots               2 us, workers (us):   1,   0,   0,   0,   0,   0,   0,   0, 
[458.314s][info ][gc,stats       ]     FA: VM Weak Roots                13 us, workers (us):  10,   0,   0,   0,   0,   0,   1,   0, 
[458.314s][info ][gc,stats       ]     FA: CLDG Roots                    7 us, workers (us):   5,   0,   0,   0,   0,   0,   0,   0, 
[458.314s][info ][gc,stats       ]   Copy Objects                   107009 us
[458.314s][info ][gc,stats       ]     Regular Objects                 315 us
[458.314s][info ][gc,stats       ]     Humongous Objects            105244 us
[458.314s][info ][gc,stats       ]     Reset Complete Bitmap          1386 us
[458.314s][info ][gc,stats       ]     Rebuild Region Sets              61 us
[458.314s][info ][gc,stats       ]   Post Heap Dump                      2 us
[458.314s][info ][gc,stats       ] Pacing                             6350 us
[458.314s][info ][gc,stats       ] 
[458.314s][info ][gc,stats       ] Allocation pacing accrued:
[458.314s][info ][gc,stats       ]       6 of   114 ms (  5.6%): Thread-9
[458.314s][info ][gc,stats       ]       6 of   114 ms (  5.6%): <total>
[458.314s][info ][gc,stats       ]       0 of   114 ms (  0.3%): <average total>
[458.314s][info ][gc,stats       ]       6 of   114 ms (  5.6%): <average non-zero>
[458.314s][info ][gc,stats       ] 
[458.315s][info ][gc,metaspace   ] Metaspace: 253K(448K)->253K(448K) NonClass: 247K(320K)->247K(320K) Class: 5K(128K)->5K(128K)
[458.315s][info ][gc,ergo        ] Pacer for Idle. Initial: 41943K, Alloc Tax Rate: 1.0x
[458.316s][info ][gc             ] Trigger: Handle Allocation Failure
[458.316s][info ][gc,ergo        ] Free: 1520K, Max: 1024K regular, 1024K humongous, Frag: 0% external, 25% internal; Reserve: 103M, Max: 1024K
[458.316s][info ][gc,start       ] GC(28525) Pause Degenerated GC (Outside of Cycle)
[458.316s][info ][gc,task        ] GC(28525) Using 8 of 8 workers for stw degenerated gc
[458.316s][info ][gc,ref         ] GC(28525) Clearing All SoftReferences
[458.318s][info ][gc,ref         ] GC(28525) Encountered references: Soft: 7, Weak: 34, Final: 0, Phantom: 1
[458.318s][info ][gc,ref         ] GC(28525) Discovered  references: Soft: 4, Weak: 9, Final: 0, Phantom: 1
[458.318s][info ][gc,ref         ] GC(28525) Enqueued    references: Soft: 0, Weak: 0, Final: 0, Phantom: 0
[458.318s][debug][gc,phases,start] GC(28525) ClassLoaderData
[458.318s][debug][gc,phases      ] GC(28525) ClassLoaderData 0.026ms
[458.318s][debug][gc,phases,start] GC(28525) Trigger cleanups
[458.318s][debug][gc,phases      ] GC(28525) Trigger cleanups 0.010ms
[458.318s][info ][gc,ergo        ] GC(28525) Adaptive CSet Selection. Target Free: 290M, Actual Free: 104M, Max CSet: 87381K, Min Garbage: 186M
[458.318s][info ][gc,ergo        ] GC(28525) Collectable Garbage: 0B (0%), Immediate: 0B (0%), CSet: 0B (0%)
[458.321s][info ][gc,ergo        ] GC(28525) Bad progress for free space: 1024K, need 20971K
[458.321s][info ][gc             ] GC(28525) Cancelling GC: Upgrade To Full GC
[458.322s][info ][gc,phases,start] GC(28525) Phase 1: Mark live objects
[458.322s][info ][gc,ref         ] GC(28525) Clearing All SoftReferences
[458.322s][info ][gc,ref         ] GC(28525) Clearing All SoftReferences
[458.323s][info ][gc,ref         ] GC(28525) Encountered references: Soft: 7, Weak: 34, Final: 0, Phantom: 1
[458.323s][info ][gc,ref         ] GC(28525) Discovered  references: Soft: 4, Weak: 9, Final: 0, Phantom: 1
[458.323s][info ][gc,ref         ] GC(28525) Enqueued    references: Soft: 0, Weak: 0, Final: 0, Phantom: 0
[458.324s][debug][gc,phases,start] GC(28525) ClassLoaderData
[458.324s][debug][gc,phases      ] GC(28525) ClassLoaderData 0.043ms
[458.324s][debug][gc,phases,start] GC(28525) Trigger cleanups
[458.324s][debug][gc,phases      ] GC(28525) Trigger cleanups 0.009ms
[458.324s][info ][gc,phases      ] GC(28525) Phase 1: Mark live objects 1.914ms
[458.324s][info ][gc,phases,start] GC(28525) Phase 2: Compute new object addresses
[458.325s][info ][gc,phases      ] GC(28525) Phase 2: Compute new object addresses 1.074ms
[458.325s][info ][gc,phases,start] GC(28525) Phase 3: Adjust pointers
[458.327s][info ][gc,phases      ] GC(28525) Phase 3: Adjust pointers 1.267ms
[458.327s][info ][gc,phases,start] GC(28525) Phase 4: Move objects
[458.330s][info ][gc,phases      ] GC(28525) Phase 4: Move objects 3.250ms
[458.330s][info ][gc,ergo        ] GC(28525) Bad progress for free space: 1520K, need 20971K
[458.330s][info ][gc             ] GC(28525) Pause Degenerated GC (Outside of Cycle) 1003M->1003M(2048M) 14.235ms
[458.330s][debug][gc,ergo        ] GC(28525) Margin of error now 3.29
[458.330s][debug][gc,ergo        ] GC(28525) Spike threshold now: 0.32
[458.331s][info ][gc,ergo        ] Free: 1520K, Max: 1024K regular, 1024K humongous, Frag: 0% external, 25% internal; Reserve: 103M, Max: 1024K
[458.331s][info ][gc,stats       ] 
[458.331s][info ][gc,stats       ] All times are wall-clock times, except per-root-class counters, that are sum over
[458.331s][info ][gc,stats       ] all workers. Dividing the <total> over the root stage time estimates parallelism.
[458.331s][info ][gc,stats       ] 
[458.331s][info ][gc,stats       ] Pause Degenerated GC (G)          14402 us
[458.331s][info ][gc,stats       ] Pause Degenerated GC (N)          14250 us
[458.331s][info ][gc             ] Failed to allocate Shared, 10240K
[458.331s][info ][gc             ] Cancelling GC: Allocation Failure
[458.331s][info ][gc,stats       ]   Degen STW Mark                   1055 us, parallelism: 5.88x
[458.331s][info ][gc,stats       ]     DSM: <total>                   6202 us
[458.331s][info ][gc,stats       ]     DSM: Thread Roots               126 us, workers (us):  44,  32,  30,   1,   8,   8,   1,   1, 
[458.331s][info ][gc,stats       ]     DSM: VM Strong Roots              5 us, workers (us):   0,   2,   1,   0,   1,   1,   0,   0, 
[458.331s][info ][gc,stats       ]     DSM: CLDG Roots                  20 us, workers (us):  14,   1,   0,   0,   2,   2,   1,   1, 
[458.331s][info ][gc,stats       ]     DSM: Parallel Mark             6050 us, workers (us): 782, 794, 727, 779, 712, 740, 745, 771, 
[458.331s][info ][gc,stats       ]     System Purge                   1058 us
[458.331s][info ][gc,stats       ]       Weak References               609 us, parallelism: 0.01x
[458.331s][info ][gc,stats       ]         WRP: <total>                  3 us
[458.331s][info ][gc,stats       ]         WRP: Weak References          3 us, workers (us):   1,   0,   0,   1,   0,   1,   0,   0, 
[458.331s][info ][gc,stats       ]       Unload Classes                179 us, parallelism: 1.32x
[458.331s][info ][gc,stats       ]         DCU: <total>                236 us
[458.331s][info ][gc,stats       ]         DCU: Unload Code Caches      236 us, workers (us):  72,  78,  63,  18,   6,   0,   0,   0, 
[458.331s][info ][gc,stats       ]       Weak Roots                    267 us, parallelism: 0.19x
[458.331s][info ][gc,stats       ]         DWR: <total>                 52 us
[458.331s][info ][gc,stats       ]         DWR: VM Weak Roots           52 us, workers (us):  41,   7,   1,   1,   1,   0,   0,   0, 
[458.331s][info ][gc,stats       ]       CLDG                            1 us
[458.331s][info ][gc,stats       ]   Update Region States              105 us
[458.331s][info ][gc,stats       ]   Manage GC/TLABs                     1 us
[458.331s][info ][gc,stats       ]   Choose Collection Set              35 us
[458.331s][info ][gc,stats       ]   Rebuild Free Set                    7 us
[458.331s][info ][gc,stats       ]   Evacuation                        379 us
[458.331s][info ][gc,stats       ]   Manage GCLABs                       4 us
[458.331s][info ][gc,stats       ]   Update References                1311 us
[458.331s][info ][gc,stats       ]   Update Region States              110 us
[458.331s][info ][gc,stats       ]   Trash Collection Set                3 us
[458.331s][info ][gc,stats       ]   Rebuild Free Set                   33 us
[458.331s][info ][gc,stats       ]   Degen Update Roots                290 us, parallelism: 1.41x
[458.331s][info ][gc,stats       ]     DU: <total>                     409 us
[458.331s][info ][gc,stats       ]     DU: Thread Roots                155 us, workers (us):  61,   0,  38,  55,   0,   0,   0,   0, 
[458.331s][info ][gc,stats       ]     DU: Code Cache Roots            185 us, workers (us):   0, 184,   0,   0,   0,   0,   0,   0, 
[458.331s][info ][gc,stats       ]     DU: VM Strong Roots               6 us, workers (us):   5,   0,   0,   0,   0,   0,   0,   0, 
[458.331s][info ][gc,stats       ]     DU: VM Weak Roots                31 us, workers (us):  15,  12,   3,   0,   0,   0,   0,   0, 
[458.331s][info ][gc,stats       ]     DU: CLDG Roots                   31 us, workers (us):   3,   3,  25,   0,   0,   0,   0,   0, 
[458.331s][info ][gc,stats       ]   Cleanup                            87 us
[458.331s][info ][gc,stats       ]   Pre Heap Dump                       1 us
[458.331s][info ][gc,stats       ]   Prepare                          1332 us
[458.331s][info ][gc,stats       ]   Mark                             1837 us, parallelism: 2.61x
[458.331s][info ][gc,stats       ]     FM: <total>                    4788 us
[458.331s][info ][gc,stats       ]     FM: Thread Roots                160 us, workers (us):  58,  40,  33,  24,   1,   0,   2,   1, 
[458.331s][info ][gc,stats       ]     FM: VM Strong Roots               4 us, workers (us):   0,   1,   2,   0,   0,   0,   0,   0, 
[458.331s][info ][gc,stats       ]     FM: CLDG Roots                   21 us, workers (us):  18,   1,   0,   0,   1,   0,   1,   0, 
[458.331s][info ][gc,stats       ]     FM: Parallel Mark              4602 us, workers (us): 626, 651, 592, 659, 496, 549, 473, 557, 
[458.331s][info ][gc,stats       ]     System Purge                    929 us
[458.331s][info ][gc,stats       ]       Weak References               320 us, parallelism: 0.01x
[458.331s][info ][gc,stats       ]         WRP: <total>                  3 us
[458.331s][info ][gc,stats       ]         WRP: Weak References          3 us, workers (us):   2,   0,   0,   0,   0,   0,   0,   0, 
[458.331s][info ][gc,stats       ]       Unload Classes                354 us, parallelism: 0.56x
[458.331s][info ][gc,stats       ]         CU: <total>                 197 us
[458.331s][info ][gc,stats       ]         CU: Unload Code Caches      197 us, workers (us):  97,  66,  34,   0,   0,   0,   0,   0, 
[458.331s][info ][gc,stats       ]       Weak Roots                    250 us, parallelism: 0.10x
[458.331s][info ][gc,stats       ]         WR: <total>                  25 us
[458.331s][info ][gc,stats       ]         WR: VM Weak Roots            25 us, workers (us):  16,   0,   0,   1,   3,   2,   1,   2, 
[458.331s][info ][gc,stats       ]       CLDG                            1 us
[458.331s][info ][gc,stats       ]   Calculate Addresses              1032 us
[458.331s][info ][gc,stats       ]     Regular Objects                 791 us
[458.331s][info ][gc,stats       ]     Humongous Objects               174 us
[458.331s][info ][gc,stats       ]   Adjust Pointers                  1251 us
[458.331s][info ][gc,stats       ]     FA: <total>                     264 us
[458.331s][info ][gc,stats       ]     FA: Thread Roots                 58 us, workers (us):   1,  56,   1,   0,   0,   0,   0,   0, 
[458.331s][info ][gc,stats       ]     FA: Code Cache Roots            161 us, workers (us): 160,   0,   0,   0,   0,   0,   0,   0, 
[458.331s][info ][gc,stats       ]     FA: VM Strong Roots               3 us, workers (us):   2,   0,   0,   0,   0,   0,   0,   0, 
[458.331s][info ][gc,stats       ]     FA: VM Weak Roots                17 us, workers (us):  14,   1,   1,   0,   0,   0,   0,   0, 
[458.331s][info ][gc,stats       ]     FA: CLDG Roots                   25 us, workers (us):  24,   0,   0,   0,   0,   0,   0,   0, 
[458.331s][info ][gc,stats       ]   Copy Objects                     3244 us
[458.331s][info ][gc,stats       ]     Regular Objects                 384 us
[458.331s][info ][gc,stats       ]     Humongous Objects              1394 us
[458.331s][info ][gc,stats       ]     Reset Complete Bitmap          1366 us
[458.331s][info ][gc,stats       ]     Rebuild Region Sets              99 us
[458.331s][info ][gc,stats       ]   Post Heap Dump                     16 us
[458.331s][info ][gc,stats       ] 
[458.331s][info ][gc,stats       ] Allocation pacing accrued:
[458.331s][info ][gc,stats       ]       0 of    17 ms (  0.0%): <total>
[458.331s][info ][gc,stats       ]       0 of    17 ms (  0.0%): <average total>
[458.331s][info ][gc,stats       ] 
[458.331s][info ][gc,metaspace   ] Metaspace: 253K(448K)->253K(448K) NonClass: 247K(320K)->247K(320K) Class: 5K(128K)->5K(128K)
[458.331s][info ][gc,ergo        ] Pacer for Idle. Initial: 41943K, Alloc Tax Rate: 1.0x
[458.332s][info ][gc             ] Trigger: Handle Allocation Failure
[458.332s][info ][gc,ergo        ] Free: 1520K, Max: 1024K regular, 1024K humongous, Frag: 0% external, 25% internal; Reserve: 103M, Max: 1024K
[458.332s][info ][gc,start       ] GC(28526) Pause Degenerated GC (Outside of Cycle)
[458.332s][info ][gc,task        ] GC(28526) Using 8 of 8 workers for stw degenerated gc
[458.333s][info ][gc,ref         ] GC(28526) Clearing All SoftReferences
[458.333s][info ][gc,ref         ] GC(28526) Encountered references: Soft: 7, Weak: 34, Final: 0, Phantom: 1
[458.333s][info ][gc,ref         ] GC(28526) Discovered  references: Soft: 4, Weak: 9, Final: 0, Phantom: 1
[458.333s][info ][gc,ref         ] GC(28526) Enqueued    references: Soft: 0, Weak: 0, Final: 0, Phantom: 0
[458.334s][debug][gc,phases,start] GC(28526) ClassLoaderData
[458.334s][debug][gc,phases      ] GC(28526) ClassLoaderData 0.037ms
[458.334s][debug][gc,phases,start] GC(28526) Trigger cleanups
[458.334s][debug][gc,phases      ] GC(28526) Trigger cleanups 0.005ms
[458.334s][info ][gc,ergo        ] GC(28526) Adaptive CSet Selection. Target Free: 290M, Actual Free: 104M, Max CSet: 87381K, Min Garbage: 186M
[458.334s][info ][gc,ergo        ] GC(28526) Collectable Garbage: 0B (0%), Immediate: 0B (0%), CSet: 0B (0%)
[458.337s][info ][gc,ergo        ] GC(28526) Bad progress for free space: 1024K, need 20971K
[458.337s][info ][gc             ] GC(28526) Cancelling GC: Upgrade To Full GC
[458.338s][info ][gc,phases,start] GC(28526) Phase 1: Mark live objects
[458.338s][info ][gc,ref         ] GC(28526) Clearing All SoftReferences
[458.338s][info ][gc,ref         ] GC(28526) Clearing All SoftReferences
[458.339s][info ][gc,ref         ] GC(28526) Encountered references: Soft: 7, Weak: 34, Final: 0, Phantom: 1
[458.339s][info ][gc,ref         ] GC(28526) Discovered  references: Soft: 4, Weak: 4, Final: 0, Phantom: 0
[458.339s][info ][gc,ref         ] GC(28526) Enqueued    references: Soft: 0, Weak: 0, Final: 0, Phantom: 0
[458.339s][debug][gc,phases,start] GC(28526) ClassLoaderData
[458.339s][debug][gc,phases      ] GC(28526) ClassLoaderData 0.011ms
[458.339s][debug][gc,phases,start] GC(28526) Trigger cleanups
[458.339s][debug][gc,phases      ] GC(28526) Trigger cleanups 0.005ms
[458.339s][info ][gc,phases      ] GC(28526) Phase 1: Mark live objects 1.147ms
[458.339s][info ][gc,phases,start] GC(28526) Phase 2: Compute new object addresses
[458.340s][info ][gc,phases      ] GC(28526) Phase 2: Compute new object addresses 0.512ms
[458.340s][info ][gc,phases,start] GC(28526) Phase 3: Adjust pointers
[458.341s][info ][gc,phases      ] GC(28526) Phase 3: Adjust pointers 1.058ms
[458.341s][info ][gc,phases,start] GC(28526) Phase 4: Move objects
[458.343s][info ][gc,phases      ] GC(28526) Phase 4: Move objects 1.671ms
[458.343s][info ][gc,ergo        ] GC(28526) Bad progress for free space: 1520K, need 20971K
[458.343s][info ][gc             ] GC(28526) Pause Degenerated GC (Outside of Cycle) 1003M->1003M(2048M) 10.387ms
[458.343s][debug][gc,ergo        ] GC(28526) Margin of error now 3.29
[458.343s][debug][gc,ergo        ] GC(28526) Spike threshold now: 0.32
[458.343s][info ][gc,ergo        ] Free: 1520K, Max: 1024K regular, 1024K humongous, Frag: 0% external, 25% internal; Reserve: 103M, Max: 1024K
[458.343s][info ][gc,stats       ] 
[458.343s][info ][gc,stats       ] All times are wall-clock times, except per-root-class counters, that are sum over
[458.343s][info ][gc,stats       ] all workers. Dividing the <total> over the root stage time estimates parallelism.
[458.343s][info ][gc,stats       ] 
[458.343s][info ][gc             ] Failed to allocate Shared, 1024K
[458.343s][info ][gc             ] Cancelling GC: Allocation Failure
[458.343s][info ][gc,stats       ] Pause Degenerated GC (G)          10536 us
[458.343s][info ][gc,stats       ] Pause Degenerated GC (N)          10395 us
[458.343s][info ][gc,stats       ]   Degen STW Mark                    576 us, parallelism: 4.70x
[458.343s][info ][gc,stats       ]     DSM: <total>                   2709 us
[458.343s][info ][gc,stats       ]     DSM: Thread Roots                99 us, workers (us):  38,  30,  14,  12,   1,   1,   1,   1, 
[458.343s][info ][gc,stats       ]     DSM: VM Strong Roots              4 us, workers (us):   1,   0,   1,   0,   0,   0,   0,   0, 
[458.343s][info ][gc,stats       ]     DSM: CLDG Roots                  35 us, workers (us):   0,  32,   1,   1,   0,   0,   1,   1, 
[458.343s][info ][gc,stats       ]     DSM: Parallel Mark             2571 us, workers (us): 370, 361, 356, 351, 399, 276, 252, 206, 
[458.343s][info ][gc,stats       ]     System Purge                    578 us
[458.343s][info ][gc,stats       ]       Weak References               159 us, parallelism: 0.01x
[458.343s][info ][gc,stats       ]         WRP: <total>                  2 us
[458.343s][info ][gc,stats       ]         WRP: Weak References          2 us, workers (us):   2,   0,   0,   0,   0,   0,   0,   0, 
[458.343s][info ][gc,stats       ]       Unload Classes                227 us, parallelism: 1.08x
[458.343s][info ][gc,stats       ]         DCU: <total>                244 us
[458.343s][info ][gc,stats       ]         DCU: Unload Code Caches      244 us, workers (us):  73,  68,  67,  35,   0,   0,   0,   0, 
[458.343s][info ][gc,stats       ]       Weak Roots                    191 us, parallelism: 0.18x
[458.343s][info ][gc,stats       ]         DWR: <total>                 33 us
[458.343s][info ][gc,stats       ]         DWR: VM Weak Roots           33 us, workers (us):  10,   9,  10,   1,   1,   1,   1,   1, 
[458.343s][info ][gc,stats       ]       CLDG                            0 us
[458.343s][info ][gc,stats       ]   Update Region States              135 us
[458.343s][info ][gc,stats       ]   Manage GC/TLABs                     3 us
[458.343s][info ][gc,stats       ]   Choose Collection Set              29 us
[458.343s][info ][gc,stats       ]   Rebuild Free Set                   26 us
[458.343s][info ][gc,stats       ]   Evacuation                        463 us
[458.343s][info ][gc,stats       ]   Manage GCLABs                       4 us
[458.343s][info ][gc,stats       ]   Update References                1394 us
[458.343s][info ][gc,stats       ]   Update Region States              230 us
[458.343s][info ][gc,stats       ]   Trash Collection Set                4 us
[458.343s][info ][gc,stats       ]   Rebuild Free Set                   39 us
[458.343s][info ][gc,stats       ]   Degen Update Roots                350 us, parallelism: 1.41x
[458.343s][info ][gc,stats       ]     DU: <total>                     494 us
[458.343s][info ][gc,stats       ]     DU: Thread Roots                189 us, workers (us):  55,   0,  37,  32,  35,  31,   0,   0, 
[458.343s][info ][gc,stats       ]     DU: Code Cache Roots            194 us, workers (us):   0, 193,   0,   0,   0,   0,   0,   0, 
[458.343s][info ][gc,stats       ]     DU: VM Strong Roots               7 us, workers (us):   4,   1,   0,   0,   0,   0,   0,   0, 
[458.343s][info ][gc,stats       ]     DU: VM Weak Roots                64 us, workers (us):  31,  31,   1,   1,   0,   0,   0,   0, 
[458.343s][info ][gc,stats       ]     DU: CLDG Roots                   40 us, workers (us):  36,   2,   1,   1,   0,   0,   0,   0, 
[458.343s][info ][gc,stats       ]   Cleanup                           164 us
[458.343s][info ][gc,stats       ]   Pre Heap Dump                       1 us
[458.343s][info ][gc,stats       ]   Prepare                          1082 us
[458.343s][info ][gc,stats       ]   Mark                             1090 us, parallelism: 3.33x
[458.343s][info ][gc,stats       ]     FM: <total>                    3637 us
[458.343s][info ][gc,stats       ]     FM: Thread Roots                 99 us, workers (us):  48,  45,   1,   1,   1,   1,   0,   1, 
[458.343s][info ][gc,stats       ]     FM: VM Strong Roots               4 us, workers (us):   0,   3,   0,   0,   0,   0,   0,   0, 
[458.343s][info ][gc,stats       ]     FM: CLDG Roots                   23 us, workers (us):  20,   1,   1,   0,   0,   0,   0,   1, 
[458.343s][info ][gc,stats       ]     FM: Parallel Mark              3510 us, workers (us): 418, 431, 481, 473, 459, 469, 383, 396, 
[458.343s][info ][gc,stats       ]     System Purge                    450 us
[458.343s][info ][gc,stats       ]       Weak References               192 us, parallelism: 0.02x
[458.343s][info ][gc,stats       ]         WRP: <total>                  3 us
[458.343s][info ][gc,stats       ]         WRP: Weak References          3 us, workers (us):   2,   0,   0,   0,   0,   0,   0,   0, 
[458.343s][info ][gc,stats       ]       Unload Classes                131 us, parallelism: 1.19x
[458.343s][info ][gc,stats       ]         CU: <total>                 156 us
[458.343s][info ][gc,stats       ]         CU: Unload Code Caches      156 us, workers (us):  58,  32,  31,  21,  14,   0,   0,   0, 
[458.343s][info ][gc,stats       ]       Weak Roots                    125 us, parallelism: 0.20x
[458.343s][info ][gc,stats       ]         WR: <total>                  25 us
[458.343s][info ][gc,stats       ]         WR: VM Weak Roots            25 us, workers (us):  10,   9,   1,   1,   1,   1,   1,   1, 
[458.343s][info ][gc,stats       ]       CLDG                            1 us
[458.343s][info ][gc,stats       ]   Calculate Addresses               506 us
[458.343s][info ][gc,stats       ]     Regular Objects                 304 us
[458.343s][info ][gc,stats       ]     Humongous Objects               148 us
[458.343s][info ][gc,stats       ]   Adjust Pointers                  1049 us
[458.343s][info ][gc,stats       ]     FA: <total>                     161 us
[458.344s][info ][gc,stats       ]     FA: Thread Roots                 33 us, workers (us):  23,   0,   9,   0,   0,   0,   0,   0, 
[458.344s][info ][gc,stats       ]     FA: Code Cache Roots            102 us, workers (us):   0, 102,   0,   0,   0,   0,   0,   0, 
[458.344s][info ][gc,stats       ]     FA: VM Strong Roots               2 us, workers (us):   2,   0,   0,   0,   0,   0,   0,   0, 
[458.344s][info ][gc,stats       ]     FA: VM Weak Roots                15 us, workers (us):  13,   0,   0,   0,   0,   0,   0,   0, 
[458.344s][info ][gc,stats       ]     FA: CLDG Roots                    9 us, workers (us):   7,   0,   0,   0,   0,   0,   0,   0, 
[458.344s][info ][gc,stats       ]   Copy Objects                     1665 us
[458.344s][info ][gc,stats       ]     Regular Objects                 314 us
[458.344s][info ][gc,stats       ]     Humongous Objects                34 us
[458.344s][info ][gc,stats       ]     Reset Complete Bitmap          1265 us
[458.344s][info ][gc,stats       ]     Rebuild Region Sets              50 us
[458.344s][info ][gc,stats       ]   Post Heap Dump                      1 us
[458.344s][info ][gc,stats       ] 
[458.344s][info ][gc,stats       ] Allocation pacing accrued:
[458.344s][info ][gc,stats       ]       0 of    12 ms (  0.0%): <total>
[458.344s][info ][gc,stats       ]       0 of    12 ms (  0.0%): <average total>
[458.344s][info ][gc,stats       ] 
[458.344s][info ][gc,metaspace   ] Metaspace: 253K(448K)->253K(448K) NonClass: 247K(320K)->247K(320K) Class: 5K(128K)->5K(128K)
[458.344s][info ][gc,ergo        ] Pacer for Idle. Initial: 41943K, Alloc Tax Rate: 1.0x
[458.345s][info ][gc             ] Trigger: Handle Allocation Failure
[458.345s][info ][gc,ergo        ] Free: 1520K, Max: 1024K regular, 1024K humongous, Frag: 0% external, 25% internal; Reserve: 103M, Max: 1024K
[458.345s][info ][gc,start       ] GC(28527) Pause Degenerated GC (Outside of Cycle)
[458.345s][info ][gc,task        ] GC(28527) Using 8 of 8 workers for stw degenerated gc
[458.345s][info ][gc,ref         ] GC(28527) Clearing All SoftReferences
[458.346s][info ][gc,ref         ] GC(28527) Encountered references: Soft: 7, Weak: 34, Final: 0, Phantom: 1
[458.346s][info ][gc,ref         ] GC(28527) Discovered  references: Soft: 4, Weak: 9, Final: 0, Phantom: 1
[458.346s][info ][gc,ref         ] GC(28527) Enqueued    references: Soft: 0, Weak: 0, Final: 0, Phantom: 0
[458.346s][debug][gc,phases,start] GC(28527) ClassLoaderData
[458.346s][debug][gc,phases      ] GC(28527) ClassLoaderData 0.011ms
[458.346s][debug][gc,phases,start] GC(28527) Trigger cleanups
[458.346s][debug][gc,phases      ] GC(28527) Trigger cleanups 0.005ms
[458.346s][info ][gc,ergo        ] GC(28527) Adaptive CSet Selection. Target Free: 290M, Actual Free: 104M, Max CSet: 87381K, Min Garbage: 186M
[458.346s][info ][gc,ergo        ] GC(28527) Collectable Garbage: 0B (0%), Immediate: 0B (0%), CSet: 0B (0%)
[458.349s][info ][gc,ergo        ] GC(28527) Bad progress for free space: 1024K, need 20971K
[458.349s][info ][gc             ] GC(28527) Cancelling GC: Upgrade To Full GC
[458.349s][info ][gc,phases,start] GC(28527) Phase 1: Mark live objects
[458.349s][info ][gc,ref         ] GC(28527) Clearing All SoftReferences
[458.349s][info ][gc,ref         ] GC(28527) Clearing All SoftReferences
[458.350s][info ][gc,ref         ] GC(28527) Encountered references: Soft: 7, Weak: 34, Final: 0, Phantom: 1
[458.350s][info ][gc,ref         ] GC(28527) Discovered  references: Soft: 3, Weak: 9, Final: 0, Phantom: 1
[458.350s][info ][gc,ref         ] GC(28527) Enqueued    references: Soft: 0, Weak: 0, Final: 0, Phantom: 0
[458.350s][debug][gc,phases,start] GC(28527) ClassLoaderData
[458.350s][debug][gc,phases      ] GC(28527) ClassLoaderData 0.010ms
[458.350s][debug][gc,phases,start] GC(28527) Trigger cleanups
[458.350s][debug][gc,phases      ] GC(28527) Trigger cleanups 0.005ms
[458.350s][info ][gc,phases      ] GC(28527) Phase 1: Mark live objects 1.019ms
[458.350s][info ][gc,phases,start] GC(28527) Phase 2: Compute new object addresses
[458.351s][info ][gc,phases      ] GC(28527) Phase 2: Compute new object addresses 0.545ms
[458.351s][info ][gc,phases,start] GC(28527) Phase 3: Adjust pointers
[458.352s][info ][gc,phases      ] GC(28527) Phase 3: Adjust pointers 1.140ms
[458.352s][info ][gc,phases,start] GC(28527) Phase 4: Move objects
[458.354s][info ][gc,phases      ] GC(28527) Phase 4: Move objects 1.499ms
[458.354s][info ][gc,ergo        ] GC(28527) Bad progress for free space: 1520K, need 20971K
[458.354s][info ][gc             ] GC(28527) Pause Degenerated GC (Outside of Cycle) 1003M->1003M(2048M) 9.016ms
[458.354s][debug][gc,ergo        ] GC(28527) Margin of error now 3.29
[458.354s][debug][gc,ergo        ] GC(28527) Spike threshold now: 0.32
[458.354s][info ][gc,ergo        ] Free: 1520K, Max: 1024K regular, 1024K humongous, Frag: 0% external, 25% internal; Reserve: 103M, Max: 1024K
[458.354s][info ][gc,stats       ] 
[458.354s][info ][gc,stats       ] All times are wall-clock times, except per-root-class counters, that are sum over
[458.354s][info ][gc,stats       ] all workers. Dividing the <total> over the root stage time estimates parallelism.
[458.354s][info ][gc,stats       ] 
[458.354s][info ][gc,stats       ] Pause Degenerated GC (G)           9103 us
[458.354s][info ][gc,stats       ] Pause Degenerated GC (N)           9021 us
[458.354s][info ][gc,stats       ]   Degen STW Mark                    477 us, parallelism: 4.83x
[458.354s][info ][gc,stats       ]     DSM: <total>                   2304 us
[458.354s][info ][gc,stats       ]     DSM: Thread Roots                52 us, workers (us):  27,  14,   6,   1,   1,   1,   1,   1, 
[458.354s][info ][gc,stats       ]     DSM: VM Strong Roots              3 us, workers (us):   0,   2,   0,   0,   0,   0,   0,   0, 
[458.354s][info ][gc,stats       ]     DSM: CLDG Roots                  17 us, workers (us):  13,   1,   0,   0,   1,   1,   0,   1, 
[458.354s][info ][gc             ] Failed to allocate Shared, 1024K
[458.354s][info ][gc             ] Cancelling GC: Allocation Failure
[458.354s][info ][gc,stats       ]     DSM: Parallel Mark             2233 us, workers (us): 288, 307, 340, 309, 336, 223, 220, 210, 
[458.354s][info ][gc,stats       ]     System Purge                    485 us
[458.354s][info ][gc,stats       ]       Weak References               205 us, parallelism: 0.01x
[458.354s][info ][gc,stats       ]         WRP: <total>                  2 us
[458.354s][info ][gc,stats       ]         WRP: Weak References          2 us, workers (us):   2,   0,   0,   0,   0,   0,   0,   0, 
[458.354s][info ][gc,stats       ]       Unload Classes                132 us, parallelism: 1.28x
[458.354s][info ][gc,stats       ]         DCU: <total>                169 us
[458.354s][info ][gc,stats       ]         DCU: Unload Code Caches      169 us, workers (us):  57,  50,  41,  21,   0,   0,   0,   0, 
[458.354s][info ][gc,stats       ]       Weak Roots                    129 us, parallelism: 0.15x
[458.354s][info ][gc,stats       ]         DWR: <total>                 19 us
[458.354s][info ][gc,stats       ]         DWR: VM Weak Roots           19 us, workers (us):   7,   8,   1,   1,   1,   1,   1,   1, 
[458.354s][info ][gc,stats       ]       CLDG                            0 us
[458.354s][info ][gc,stats       ]   Update Region States              106 us
[458.354s][info ][gc,stats       ]   Manage GC/TLABs                     2 us
[458.354s][info ][gc,stats       ]   Choose Collection Set              32 us
[458.354s][info ][gc,stats       ]   Rebuild Free Set                   13 us
[458.354s][info ][gc,stats       ]   Evacuation                        466 us
[458.354s][info ][gc,stats       ]   Manage GCLABs                       3 us
[458.354s][info ][gc,stats       ]   Update References                1275 us
[458.354s][info ][gc,stats       ]   Update Region States              108 us
[458.354s][info ][gc,stats       ]   Trash Collection Set                3 us
[458.354s][info ][gc,stats       ]   Rebuild Free Set                   18 us
[458.354s][info ][gc,stats       ]   Degen Update Roots                277 us, parallelism: 1.10x
[458.354s][info ][gc,stats       ]     DU: <total>                     304 us
[458.354s][info ][gc,stats       ]     DU: Thread Roots                 84 us, workers (us):   1,  17,  30,  23,  14,   1,   0,   0, 
[458.354s][info ][gc,stats       ]     DU: Code Cache Roots            166 us, workers (us): 165,   0,   0,   0,   0,   0,   0,   0, 
[458.354s][info ][gc,stats       ]     DU: VM Strong Roots               4 us, workers (us):   3,   0,   0,   0,   0,   0,   0,   0, 
[458.354s][info ][gc,stats       ]     DU: VM Weak Roots                28 us, workers (us):  16,   9,   1,   0,   1,   0,   0,   0, 
[458.354s][info ][gc,stats       ]     DU: CLDG Roots                   21 us, workers (us):   2,  15,   2,   0,   1,   0,   0,   0, 
[458.354s][info ][gc,stats       ]   Cleanup                            88 us
[458.354s][info ][gc,stats       ]   Pre Heap Dump                       1 us
[458.354s][info ][gc,stats       ]   Prepare                           733 us
[458.354s][info ][gc,stats       ]   Mark                              980 us, parallelism: 3.18x
[458.354s][info ][gc,stats       ]     FM: <total>                    3112 us
[458.354s][info ][gc,stats       ]     FM: Thread Roots                 61 us, workers (us):  33,  18,   6,   1,   0,   1,   1,   1, 
[458.354s][info ][gc,stats       ]     FM: VM Strong Roots               4 us, workers (us):   2,   0,   1,   0,   0,   0,   0,   0, 
[458.354s][info ][gc,stats       ]     FM: CLDG Roots                   16 us, workers (us):   0,  13,   0,   0,   0,   1,   0,   1, 
[458.354s][info ][gc,stats       ]     FM: Parallel Mark              3031 us, workers (us): 431, 411, 386, 423, 425, 340, 333, 281, 
[458.354s][info ][gc,stats       ]     System Purge                    411 us
[458.354s][info ][gc,stats       ]       Weak References               150 us, parallelism: 0.01x
[458.354s][info ][gc,stats       ]         WRP: <total>                  2 us
[458.354s][info ][gc,stats       ]         WRP: Weak References          2 us, workers (us):   1,   0,   0,   0,   0,   0,   0,   0, 
[458.354s][info ][gc,stats       ]       Unload Classes                149 us, parallelism: 1.27x
[458.354s][info ][gc,stats       ]         CU: <total>                 189 us
[458.354s][info ][gc,stats       ]         CU: Unload Code Caches      189 us, workers (us):  66,  52,  33,  37,   0,   0,   0,   0, 
[458.354s][info ][gc,stats       ]       Weak Roots                    109 us, parallelism: 0.24x
[458.354s][info ][gc,stats       ]         WR: <total>                  26 us
[458.354s][info ][gc,stats       ]         WR: VM Weak Roots            26 us, workers (us):  17,   3,   1,   1,   1,   1,   1,   1, 
[458.354s][info ][gc,stats       ]       CLDG                            1 us
[458.354s][info ][gc,stats       ]   Calculate Addresses               539 us
[458.354s][info ][gc,stats       ]     Regular Objects                 349 us
[458.354s][info ][gc,stats       ]     Humongous Objects               138 us
[458.354s][info ][gc,stats       ]   Adjust Pointers                  1134 us
[458.354s][info ][gc,stats       ]     FA: <total>                     260 us
[458.354s][info ][gc,stats       ]     FA: Thread Roots                 68 us, workers (us):  31,   1,  28,   8,   1,   0,   0,   0, 
[458.354s][info ][gc,stats       ]     FA: Code Cache Roots            132 us, workers (us):   0, 131,   0,   0,   0,   0,   0,   0, 
[458.354s][info ][gc,stats       ]     FA: VM Strong Roots               4 us, workers (us):   3,   0,   0,   0,   0,   0,   0,   0, 
[458.354s][info ][gc,stats       ]     FA: VM Weak Roots                19 us, workers (us):  17,   0,   0,   1,   0,   0,   0,   0, 
[458.354s][info ][gc,stats       ]     FA: CLDG Roots                   38 us, workers (us):  28,   0,   0,   8,   0,   0,   0,   0, 
[458.354s][info ][gc,stats       ]   Copy Objects                     1477 us
[458.355s][info ][gc,stats       ]     Regular Objects                 315 us
[458.355s][info ][gc,stats       ]     Humongous Objects                34 us
[458.355s][info ][gc,stats       ]     Reset Complete Bitmap          1059 us
[458.355s][info ][gc,stats       ]     Rebuild Region Sets              66 us
[458.355s][info ][gc,stats       ]   Post Heap Dump                      1 us
[458.355s][info ][gc,stats       ] 
[458.355s][info ][gc,stats       ] Allocation pacing accrued:
[458.355s][info ][gc,stats       ]       0 of    11 ms (  0.0%): <total>
[458.355s][info ][gc,stats       ]       0 of    11 ms (  0.0%): <average total>
[458.355s][info ][gc,stats       ] 
[458.355s][info ][gc,metaspace   ] Metaspace: 253K(448K)->253K(448K) NonClass: 247K(320K)->247K(320K) Class: 5K(128K)->5K(128K)
[458.355s][info ][gc,ergo        ] Pacer for Idle. Initial: 41943K, Alloc Tax Rate: 1.0x
[458.356s][info ][gc             ] Trigger: Handle Allocation Failure
[458.356s][info ][gc,ergo        ] Free: 1520K, Max: 1024K regular, 1024K humongous, Frag: 0% external, 25% internal; Reserve: 103M, Max: 1024K
[458.356s][info ][gc,start       ] GC(28528) Pause Degenerated GC (Outside of Cycle)
[458.356s][info ][gc,task        ] GC(28528) Using 8 of 8 workers for stw degenerated gc
[458.356s][info ][gc,ref         ] GC(28528) Clearing All SoftReferences
[458.356s][info ][gc,ref         ] GC(28528) Encountered references: Soft: 7, Weak: 34, Final: 0, Phantom: 1
[458.356s][info ][gc,ref         ] GC(28528) Discovered  references: Soft: 3, Weak: 3, Final: 0, Phantom: 0
[458.356s][info ][gc,ref         ] GC(28528) Enqueued    references: Soft: 0, Weak: 0, Final: 0, Phantom: 0
[458.357s][debug][gc,phases,start] GC(28528) ClassLoaderData
[458.357s][debug][gc,phases      ] GC(28528) ClassLoaderData 0.009ms
[458.357s][debug][gc,phases,start] GC(28528) Trigger cleanups
[458.357s][debug][gc,phases      ] GC(28528) Trigger cleanups 0.003ms
[458.357s][info ][gc,ergo        ] GC(28528) Adaptive CSet Selection. Target Free: 290M, Actual Free: 104M, Max CSet: 87381K, Min Garbage: 186M
[458.357s][info ][gc,ergo        ] GC(28528) Collectable Garbage: 0B (0%), Immediate: 0B (0%), CSet: 0B (0%)
[458.359s][info ][gc,ergo        ] GC(28528) Bad progress for free space: 1024K, need 20971K
[458.359s][info ][gc             ] GC(28528) Cancelling GC: Upgrade To Full GC
[458.360s][info ][gc,phases,start] GC(28528) Phase 1: Mark live objects
[458.360s][info ][gc,ref         ] GC(28528) Clearing All SoftReferences
[458.360s][info ][gc,ref         ] GC(28528) Clearing All SoftReferences
[458.361s][info ][gc,ref         ] GC(28528) Encountered references: Soft: 7, Weak: 34, Final: 0, Phantom: 1
[458.361s][info ][gc,ref         ] GC(28528) Discovered  references: Soft: 4, Weak: 9, Final: 0, Phantom: 1
[458.361s][info ][gc,ref         ] GC(28528) Enqueued    references: Soft: 0, Weak: 0, Final: 0, Phantom: 0
[458.361s][debug][gc,phases,start] GC(28528) ClassLoaderData
[458.361s][debug][gc,phases      ] GC(28528) ClassLoaderData 0.018ms
[458.361s][debug][gc,phases,start] GC(28528) Trigger cleanups
[458.361s][debug][gc,phases      ] GC(28528) Trigger cleanups 0.005ms
[458.361s][info ][gc,phases      ] GC(28528) Phase 1: Mark live objects 0.982ms
[458.361s][info ][gc,phases,start] GC(28528) Phase 2: Compute new object addresses
[458.362s][info ][gc,phases      ] GC(28528) Phase 2: Compute new object addresses 0.430ms
[458.362s][info ][gc,phases,start] GC(28528) Phase 3: Adjust pointers
[458.363s][info ][gc,phases      ] GC(28528) Phase 3: Adjust pointers 1.122ms
[458.363s][info ][gc,phases,start] GC(28528) Phase 4: Move objects
[458.364s][info ][gc,phases      ] GC(28528) Phase 4: Move objects 1.450ms
[458.365s][info ][gc,ergo        ] GC(28528) Bad progress for free space: 1520K, need 20971K
[458.365s][info ][gc             ] GC(28528) Pause Degenerated GC (Outside of Cycle) 1003M->1003M(2048M) 8.802ms
[458.365s][debug][gc,ergo        ] GC(28528) Margin of error now 3.29
[458.365s][debug][gc,ergo        ] GC(28528) Spike threshold now: 0.32
[458.365s][info ][gc,ergo        ] Free: 1520K, Max: 1024K regular, 1024K humongous, Frag: 0% external, 25% internal; Reserve: 103M, Max: 1024K
[458.365s][info ][gc,stats       ] 
[458.365s][info ][gc,stats       ] All times are wall-clock times, except per-root-class counters, that are sum over
[458.365s][info ][gc,stats       ] all workers. Dividing the <total> over the root stage time estimates parallelism.
[458.365s][info ][gc,stats       ] 
[458.365s][info ][gc,stats       ] Pause Degenerated GC (G)           8887 us
[458.365s][info ][gc,stats       ] Pause Degenerated GC (N)           8808 us
[458.365s][info ][gc,stats       ]   Degen STW Mark                    382 us, parallelism: 5.27x
[458.365s][info ][gc,stats       ]     DSM: <total>                   2014 us
[458.365s][info ][gc,stats       ]     DSM: Thread Roots                56 us, workers (us):  29,  19,   4,   1,   1,   1,   0,   1, 
[458.365s][info ][gc,stats       ]     DSM: VM Strong Roots              3 us, workers (us):   1,   0,   1,   0,   0,   0,   0,   0, 
[458.365s][info ][gc             ] Failed to allocate Shared, 1024K
[458.365s][info ][gc             ] Cancelling GC: Allocation Failure
[458.365s][info ][gc,stats       ]     DSM: CLDG Roots                  18 us, workers (us):   0,  15,   0,   1,   1,   1,   0,   0, 
[458.365s][info ][gc,stats       ]     DSM: Parallel Mark             1937 us, workers (us): 233, 282, 287, 237, 268, 218, 215, 197, 
[458.365s][info ][gc,stats       ]     System Purge                    327 us
[458.365s][info ][gc,stats       ]       Weak References               114 us, parallelism: 0.02x
[458.365s][info ][gc,stats       ]         WRP: <total>                  2 us
[458.365s][info ][gc,stats       ]         WRP: Weak References          2 us, workers (us):   1,   0,   0,   0,   0,   0,   0,   0, 
[458.365s][info ][gc,stats       ]       Unload Classes                117 us, parallelism: 1.33x
[458.365s][info ][gc,stats       ]         DCU: <total>                155 us
[458.365s][info ][gc,stats       ]         DCU: Unload Code Caches      155 us, workers (us):  58,  42,  33,  17,   6,   0,   0,   0, 
[458.365s][info ][gc,stats       ]       Weak Roots                     94 us, parallelism: 0.22x
[458.365s][info ][gc,stats       ]         DWR: <total>                 21 us
[458.365s][info ][gc,stats       ]         DWR: VM Weak Roots           21 us, workers (us):  13,   3,   1,   0,   1,   1,   1,   1, 
[458.365s][info ][gc,stats       ]       CLDG                            1 us
[458.365s][info ][gc,stats       ]   Update Region States               96 us
[458.365s][info ][gc,stats       ]   Manage GC/TLABs                     2 us
[458.365s][info ][gc,stats       ]   Choose Collection Set              28 us
[458.365s][info ][gc,stats       ]   Rebuild Free Set                    8 us
[458.365s][info ][gc,stats       ]   Evacuation                        369 us
[458.365s][info ][gc,stats       ]   Manage GCLABs                       3 us
[458.365s][info ][gc,stats       ]   Update References                1455 us
[458.365s][info ][gc,stats       ]   Update Region States              101 us
[458.365s][info ][gc,stats       ]   Trash Collection Set                3 us
[458.365s][info ][gc,stats       ]   Rebuild Free Set                   14 us
[458.365s][info ][gc,stats       ]   Degen Update Roots                260 us, parallelism: 1.22x
[458.365s][info ][gc,stats       ]     DU: <total>                     317 us
[458.365s][info ][gc,stats       ]     DU: Thread Roots                106 us, workers (us):  22,  38,   0,  27,  14,   5,   0,   0, 
[458.365s][info ][gc,stats       ]     DU: Code Cache Roots            150 us, workers (us):   0,   1, 149,   0,   0,   0,   0,   0, 
[458.365s][info ][gc,stats       ]     DU: VM Strong Roots               6 us, workers (us):   5,   0,   0,   0,   0,   0,   0,   0, 
[458.365s][info ][gc,stats       ]     DU: VM Weak Roots                30 us, workers (us):  19,   9,   1,   0,   1,   0,   0,   0, 
[458.365s][info ][gc,stats       ]     DU: CLDG Roots                   24 us, workers (us):  19,   2,   2,   0,   1,   0,   0,   0, 
[458.365s][info ][gc,stats       ]   Cleanup                            86 us
[458.365s][info ][gc,stats       ]   Pre Heap Dump                       1 us
[458.365s][info ][gc,stats       ]   Prepare                          1038 us
[458.365s][info ][gc,stats       ]   Mark                              946 us, parallelism: 3.13x
[458.365s][info ][gc,stats       ]     FM: <total>                    2963 us
[458.365s][info ][gc,stats       ]     FM: Thread Roots                 77 us, workers (us):  41,  22,   9,   1,   0,   1,   1,   1, 
[458.365s][info ][gc,stats       ]     FM: VM Strong Roots               5 us, workers (us):   0,   2,   0,   2,   0,   0,   0,   0, 
[458.365s][info ][gc,stats       ]     FM: CLDG Roots                   24 us, workers (us):  20,   1,   0,   1,   0,   1,   1,   1, 
[458.365s][info ][gc,stats       ]     FM: Parallel Mark              2858 us, workers (us): 367, 377, 397, 364, 366, 363, 333, 291, 
[458.365s][info ][gc,stats       ]     System Purge                    412 us
[458.365s][info ][gc,stats       ]       Weak References               150 us, parallelism: 0.01x
[458.365s][info ][gc,stats       ]         WRP: <total>                  2 us
[458.365s][info ][gc,stats       ]         WRP: Weak References          2 us, workers (us):   1,   0,   0,   0,   0,   0,   0,   0, 
[458.365s][info ][gc,stats       ]       Unload Classes                148 us, parallelism: 1.16x
[458.365s][info ][gc,stats       ]         CU: <total>                 172 us
[458.365s][info ][gc,stats       ]         CU: Unload Code Caches      172 us, workers (us):  52,  41,  43,  27,   9,   0,   0,   0, 
[458.365s][info ][gc,stats       ]       Weak Roots                    111 us, parallelism: 0.22x
[458.365s][info ][gc,stats       ]         WR: <total>                  24 us
[458.365s][info ][gc,stats       ]         WR: VM Weak Roots            24 us, workers (us):  15,   5,   1,   1,   1,   1,   1,   1, 
[458.365s][info ][gc,stats       ]       CLDG                            0 us
[458.365s][info ][gc,stats       ]   Calculate Addresses               424 us
[458.365s][info ][gc,stats       ]     Regular Objects                 309 us
[458.365s][info ][gc,stats       ]     Humongous Objects                56 us
[458.365s][info ][gc,stats       ]   Adjust Pointers                  1118 us
[458.365s][info ][gc,stats       ]     FA: <total>                     182 us
[458.365s][info ][gc,stats       ]     FA: Thread Roots                 41 us, workers (us):   1,  21,  14,   5,   0,   0,   0,   0, 
[458.365s][info ][gc,stats       ]     FA: Code Cache Roots            113 us, workers (us): 112,   0,   0,   0,   0,   0,   0,   0, 
[458.365s][info ][gc,stats       ]     FA: VM Strong Roots               3 us, workers (us):   2,   0,   0,   0,   0,   0,   0,   0, 
[458.365s][info ][gc,stats       ]     FA: VM Weak Roots                15 us, workers (us):  11,   2,   1,   0,   0,   0,   0,   0, 
[458.365s][info ][gc,stats       ]     FA: CLDG Roots                   10 us, workers (us):   1,   8,   1,   0,   0,   0,   0,   0, 
[458.365s][info ][gc,stats       ]   Copy Objects                     1445 us
[458.365s][info ][gc,stats       ]     Regular Objects                 360 us
[458.365s][info ][gc,stats       ]     Humongous Objects                47 us
[458.365s][info ][gc,stats       ]     Reset Complete Bitmap          1006 us
[458.365s][info ][gc,stats       ]     Rebuild Region Sets              31 us
[458.365s][info ][gc,stats       ]   Post Heap Dump                      0 us
[458.365s][info ][gc,stats       ] 
[458.365s][info ][gc,stats       ] Allocation pacing accrued:
[458.365s][info ][gc,stats       ]       0 of    11 ms (  0.0%): <total>
[458.365s][info ][gc,stats       ]       0 of    11 ms (  0.0%): <average total>
[458.365s][info ][gc,stats       ] 
[458.365s][info ][gc,metaspace   ] Metaspace: 253K(448K)->253K(448K) NonClass: 247K(320K)->247K(320K) Class: 5K(128K)->5K(128K)
[458.365s][info ][gc,ergo        ] Pacer for Idle. Initial: 41943K, Alloc Tax Rate: 1.0x
[458.367s][info ][gc             ] Trigger: Handle Allocation Failure
[458.367s][info ][gc,ergo        ] Free: 1520K, Max: 1024K regular, 1024K humongous, Frag: 0% external, 25% internal; Reserve: 103M, Max: 1024K
[458.367s][info ][gc,start       ] GC(28529) Pause Full
[458.367s][info ][gc,task        ] GC(28529) Using 8 of 8 workers for full gc
[458.367s][info ][gc,phases,start] GC(28529) Phase 1: Mark live objects
[458.367s][info ][gc,ref         ] GC(28529) Clearing All SoftReferences
[458.367s][info ][gc,ref         ] GC(28529) Clearing All SoftReferences
[458.367s][info ][gc,ref         ] GC(28529) Encountered references: Soft: 7, Weak: 34, Final: 0, Phantom: 1
[458.367s][info ][gc,ref         ] GC(28529) Discovered  references: Soft: 4, Weak: 4, Final: 0, Phantom: 1
[458.367s][info ][gc,ref         ] GC(28529) Enqueued    references: Soft: 0, Weak: 0, Final: 0, Phantom: 0
[458.368s][debug][gc,phases,start] GC(28529) ClassLoaderData
[458.368s][debug][gc,phases      ] GC(28529) ClassLoaderData 0.010ms
[458.368s][debug][gc,phases,start] GC(28529) Trigger cleanups
[458.368s][debug][gc,phases      ] GC(28529) Trigger cleanups 0.003ms
[458.368s][info ][gc,phases      ] GC(28529) Phase 1: Mark live objects 0.926ms
[458.368s][info ][gc,phases,start] GC(28529) Phase 2: Compute new object addresses
[458.368s][info ][gc,phases      ] GC(28529) Phase 2: Compute new object addresses 0.414ms
[458.368s][info ][gc,phases,start] GC(28529) Phase 3: Adjust pointers
[458.369s][info ][gc,phases      ] GC(28529) Phase 3: Adjust pointers 1.121ms
[458.369s][info ][gc,phases,start] GC(28529) Phase 4: Move objects
[458.373s][info ][gc,phases      ] GC(28529) Phase 4: Move objects 3.267ms
[458.373s][info ][gc,ergo        ] GC(28529) Bad progress for free space: 1520K, need 20971K
[458.373s][info ][gc             ] GC(28529) Pause Full 1003M->1003M(2048M) 6.082ms
[458.373s][debug][gc,ergo        ] GC(28529) Margin of error now 3.29
[458.373s][debug][gc,ergo        ] GC(28529) Spike threshold now: 0.32
[458.373s][info ][gc,ergo        ] Free: 1520K, Max: 1024K regular, 1024K humongous, Frag: 0% external, 25% internal; Reserve: 103M, Max: 1024K
[458.373s][info ][gc,stats       ] 
[458.373s][info ][gc,stats       ] All times are wall-clock times, except per-root-class counters, that are sum over
[458.373s][info ][gc,stats       ] all workers. Dividing the <total> over the root stage time estimates parallelism.
[458.373s][info ][gc,stats       ] 
[458.373s][info ][gc,stats       ] Pause Full GC (G)                  6164 us
[458.373s][info ][gc,stats       ] Pause Full GC (N)                  6087 us
[458.373s][info ][gc,stats       ]   Pre Heap Dump                       1 us
[458.373s][info ][gc             ] Failed to allocate Shared, 1024K
[458.373s][info ][gc             ] Cancelling GC: Allocation Failure
[458.373s][info ][gc,stats       ]   Prepare                           131 us
[458.373s][info ][gc,stats       ]   Mark                              910 us, parallelism: 2.85x
[458.373s][info ][gc,stats       ]     FM: <total>                    2594 us
[458.373s][info ][gc,stats       ]     FM: Thread Roots                 58 us, workers (us):  26,  21,   8,   1,   0,   1,   1,   0, 
[458.373s][info ][gc,stats       ]     FM: VM Strong Roots               4 us, workers (us):   2,   1,   0,   0,   0,   0,   0,   0, 
[458.373s][info ][gc,stats       ]     FM: CLDG Roots                   17 us, workers (us):   0,   0,  15,   0,   0,   0,   1,   0, 
[458.373s][info ][gc,stats       ]     FM: Parallel Mark              2514 us, workers (us): 353, 365, 358, 328, 336, 285, 218, 271, 
[458.373s][info ][gc,stats       ]     System Purge                    415 us
[458.373s][info ][gc,stats       ]       Weak References               139 us, parallelism: 0.01x
[458.373s][info ][gc,stats       ]         WRP: <total>                  2 us
[458.373s][info ][gc,stats       ]         WRP: Weak References          2 us, workers (us):   1,   0,   0,   0,   0,   0,   0,   0, 
[458.373s][info ][gc,stats       ]       Unload Classes                148 us, parallelism: 1.32x
[458.373s][info ][gc,stats       ]         CU: <total>                 194 us
[458.373s][info ][gc,stats       ]         CU: Unload Code Caches      194 us, workers (us):  86,  64,  30,  15,   0,   0,   0,   0, 
[458.373s][info ][gc,stats       ]       Weak Roots                    127 us, parallelism: 0.16x
[458.373s][info ][gc,stats       ]         WR: <total>                  20 us
[458.373s][info ][gc,stats       ]         WR: VM Weak Roots            20 us, workers (us):  15,   1,   1,   0,   1,   1,   1,   0, 
[458.373s][info ][gc,stats       ]       CLDG                            1 us
[458.373s][info ][gc,stats       ]   Calculate Addresses               408 us
[458.373s][info ][gc,stats       ]     Regular Objects                 288 us
[458.373s][info ][gc,stats       ]     Humongous Objects                65 us
[458.373s][info ][gc,stats       ]   Adjust Pointers                  1114 us
[458.373s][info ][gc,stats       ]     FA: <total>                     201 us
[458.373s][info ][gc,stats       ]     FA: Thread Roots                 35 us, workers (us):   0,  17,  10,   6,   0,   0,   0,   1, 
[458.373s][info ][gc,stats       ]     FA: Code Cache Roots            129 us, workers (us): 128,   0,   0,   0,   0,   0,   0,   0, 
[458.373s][info ][gc,stats       ]     FA: VM Strong Roots               3 us, workers (us):   2,   1,   0,   0,   0,   0,   0,   0, 
[458.373s][info ][gc,stats       ]     FA: VM Weak Roots                24 us, workers (us):  19,   3,   0,   1,   0,   0,   0,   0, 
[458.373s][info ][gc,stats       ]     FA: CLDG Roots                   10 us, workers (us):   8,   0,   0,   0,   0,   0,   0,   0, 
[458.373s][info ][gc,stats       ]   Copy Objects                     3262 us
[458.373s][info ][gc,stats       ]     Regular Objects                 324 us
[458.373s][info ][gc,stats       ]     Humongous Objects              1593 us
[458.373s][info ][gc,stats       ]     Reset Complete Bitmap          1305 us
[458.373s][info ][gc,stats       ]     Rebuild Region Sets              39 us
[458.373s][info ][gc,stats       ]   Post Heap Dump                      0 us
[458.373s][info ][gc,stats       ] 
[458.373s][info ][gc,stats       ] Allocation pacing accrued:
[458.373s][info ][gc,stats       ]       0 of     8 ms (  0.0%): <total>
[458.373s][info ][gc,stats       ]       0 of     8 ms (  0.0%): <average total>
[458.373s][info ][gc,stats       ] 
[458.373s][info ][gc,metaspace   ] Metaspace: 253K(448K)->253K(448K) NonClass: 247K(320K)->247K(320K) Class: 5K(128K)->5K(128K)
[458.373s][info ][gc,ergo        ] Pacer for Idle. Initial: 41943K, Alloc Tax Rate: 1.0x
[458.374s][info ][gc             ] Trigger: Handle Allocation Failure
[458.374s][info ][gc,ergo        ] Free: 1520K, Max: 1024K regular, 1024K humongous, Frag: 0% external, 25% internal; Reserve: 103M, Max: 1024K
[458.374s][info ][gc,start       ] GC(28530) Pause Degenerated GC (Outside of Cycle)
[458.374s][info ][gc,task        ] GC(28530) Using 8 of 8 workers for stw degenerated gc
[458.375s][info ][gc,ref         ] GC(28530) Clearing All SoftReferences
[458.375s][info ][gc,ref         ] GC(28530) Encountered references: Soft: 7, Weak: 34, Final: 0, Phantom: 1
[458.375s][info ][gc,ref         ] GC(28530) Discovered  references: Soft: 4, Weak: 9, Final: 0, Phantom: 1
[458.375s][info ][gc,ref         ] GC(28530) Enqueued    references: Soft: 0, Weak: 0, Final: 0, Phantom: 0
[458.375s][debug][gc,phases,start] GC(28530) ClassLoaderData
[458.375s][debug][gc,phases      ] GC(28530) ClassLoaderData 0.012ms
[458.375s][debug][gc,phases,start] GC(28530) Trigger cleanups
[458.375s][debug][gc,phases      ] GC(28530) Trigger cleanups 0.005ms
[458.376s][info ][gc,ergo        ] GC(28530) Adaptive CSet Selection. Target Free: 290M, Actual Free: 104M, Max CSet: 87381K, Min Garbage: 186M
[458.376s][info ][gc,ergo        ] GC(28530) Collectable Garbage: 0B (0%), Immediate: 0B (0%), CSet: 0B (0%)
[458.378s][info ][gc,ergo        ] GC(28530) Bad progress for free space: 1024K, need 20971K
[458.378s][info ][gc             ] GC(28530) Cancelling GC: Upgrade To Full GC
[458.379s][info ][gc,phases,start] GC(28530) Phase 1: Mark live objects
[458.379s][info ][gc,ref         ] GC(28530) Clearing All SoftReferences
[458.379s][info ][gc,ref         ] GC(28530) Clearing All SoftReferences
[458.379s][info ][gc,ref         ] GC(28530) Encountered references: Soft: 7, Weak: 34, Final: 0, Phantom: 1
[458.379s][info ][gc,ref         ] GC(28530) Discovered  references: Soft: 4, Weak: 9, Final: 0, Phantom: 1
[458.379s][info ][gc,ref         ] GC(28530) Enqueued    references: Soft: 0, Weak: 0, Final: 0, Phantom: 0
[458.380s][debug][gc,phases,start] GC(28530) ClassLoaderData
[458.380s][debug][gc,phases      ] GC(28530) ClassLoaderData 0.011ms
[458.380s][debug][gc,phases,start] GC(28530) Trigger cleanups
[458.380s][debug][gc,phases      ] GC(28530) Trigger cleanups 0.003ms
[458.380s][info ][gc,phases      ] GC(28530) Phase 1: Mark live objects 0.981ms
[458.380s][info ][gc,phases,start] GC(28530) Phase 2: Compute new object addresses
[458.380s][info ][gc,phases      ] GC(28530) Phase 2: Compute new object addresses 0.481ms
[458.380s][info ][gc,phases,start] GC(28530) Phase 3: Adjust pointers
[458.381s][info ][gc,phases      ] GC(28530) Phase 3: Adjust pointers 0.981ms
[458.381s][info ][gc,phases,start] GC(28530) Phase 4: Move objects
[458.383s][info ][gc,phases      ] GC(28530) Phase 4: Move objects 1.516ms
[458.383s][info ][gc,ergo        ] GC(28530) Bad progress for free space: 1520K, need 20971K
[458.383s][info ][gc             ] GC(28530) Pause Degenerated GC (Outside of Cycle) 1003M->1003M(2048M) 8.523ms
[458.383s][debug][gc,ergo        ] GC(28530) Margin of error now 3.29
[458.383s][debug][gc,ergo        ] GC(28530) Spike threshold now: 0.32
[458.383s][info ][gc,ergo        ] Free: 1520K, Max: 1024K regular, 1024K humongous, Frag: 0% external, 25% internal; Reserve: 103M, Max: 1024K
[458.383s][info ][gc,stats       ] 
[458.383s][info ][gc,stats       ] All times are wall-clock times, except per-root-class counters, that are sum over
[458.383s][info ][gc,stats       ] all workers. Dividing the <total> over the root stage time estimates parallelism.
[458.383s][info ][gc,stats       ] 
[458.383s][info ][gc,stats       ] Pause Degenerated GC (G)           8619 us
[458.383s][info ][gc,stats       ] Pause Degenerated GC (N)           8530 us
[458.383s][info ][gc,stats       ]   Degen STW Mark                    457 us, parallelism: 5.59x
[458.383s][info ][gc,stats       ]     DSM: <total>                   2553 us
[458.383s][info ][gc,stats       ]     DSM: Thread Roots                56 us, workers (us):  24,  20,   8,   0,   1,   0,   1,   1, 
[458.383s][info ][gc             ] Failed to allocate Shared, 1024K
[458.383s][info ][gc             ] Cancelling GC: Allocation Failure
[458.383s][info ][gc,stats       ]     DSM: VM Strong Roots              3 us, workers (us):   1,   0,   1,   0,   0,   0,   0,   0, 
[458.383s][info ][gc,stats       ]     DSM: CLDG Roots                  17 us, workers (us):   0,  14,   0,   0,   1,   0,   1,   1, 
[458.383s][info ][gc,stats       ]     DSM: Parallel Mark             2476 us, workers (us): 304, 322, 361, 308, 341, 341, 283, 215, 
[458.383s][info ][gc,stats       ]     System Purge                    377 us
[458.383s][info ][gc,stats       ]       Weak References               119 us, parallelism: 0.02x
[458.383s][info ][gc,stats       ]         WRP: <total>                  2 us
[458.383s][info ][gc,stats       ]         WRP: Weak References          2 us, workers (us):   1,   0,   0,   0,   0,   0,   0,   0, 
[458.383s][info ][gc,stats       ]       Unload Classes                157 us, parallelism: 0.98x
[458.383s][info ][gc,stats       ]         DCU: <total>                154 us
[458.383s][info ][gc,stats       ]         DCU: Unload Code Caches      154 us, workers (us):  51,  48,  34,  15,   7,   0,   0,   0, 
[458.383s][info ][gc,stats       ]       Weak Roots                     99 us, parallelism: 0.20x
[458.383s][info ][gc,stats       ]         DWR: <total>                 19 us
[458.383s][info ][gc,stats       ]         DWR: VM Weak Roots           19 us, workers (us):  13,   2,   0,   1,   1,   1,   1,   1, 
[458.383s][info ][gc,stats       ]       CLDG                            1 us
[458.383s][info ][gc,stats       ]   Update Region States               95 us
[458.383s][info ][gc,stats       ]   Manage GC/TLABs                     2 us
[458.383s][info ][gc,stats       ]   Choose Collection Set              24 us
[458.383s][info ][gc,stats       ]   Rebuild Free Set                    8 us
[458.383s][info ][gc,stats       ]   Evacuation                        506 us
[458.383s][info ][gc,stats       ]   Manage GCLABs                       2 us
[458.383s][info ][gc,stats       ]   Update References                1249 us
[458.383s][info ][gc,stats       ]   Update Region States               96 us
[458.383s][info ][gc,stats       ]   Trash Collection Set                3 us
[458.383s][info ][gc,stats       ]   Rebuild Free Set                   21 us
[458.383s][info ][gc,stats       ]   Degen Update Roots                231 us, parallelism: 1.17x
[458.383s][info ][gc,stats       ]     DU: <total>                     271 us
[458.383s][info ][gc,stats       ]     DU: Thread Roots                 87 us, workers (us):   0,  23,  32,  21,   9,   0,   0,   0, 
[458.383s][info ][gc,stats       ]     DU: Code Cache Roots            131 us, workers (us): 130,   0,   0,   0,   0,   0,   0,   0, 
[458.383s][info ][gc,stats       ]     DU: VM Strong Roots               6 us, workers (us):   4,   0,   0,   0,   0,   0,   0,   0, 
[458.383s][info ][gc,stats       ]     DU: VM Weak Roots                28 us, workers (us):  19,   7,   0,   0,   1,   0,   0,   0, 
[458.383s][info ][gc,stats       ]     DU: CLDG Roots                   19 us, workers (us):   2,  15,   1,   0,   1,   0,   0,   0, 
[458.383s][info ][gc,stats       ]   Cleanup                            83 us
[458.383s][info ][gc,stats       ]   Pre Heap Dump                       1 us
[458.383s][info ][gc,stats       ]   Prepare                           736 us
[458.383s][info ][gc,stats       ]   Mark                              932 us, parallelism: 3.24x
[458.383s][info ][gc,stats       ]     FM: <total>                    3018 us
[458.383s][info ][gc,stats       ]     FM: Thread Roots                 69 us, workers (us):  36,  21,   9,   0,   1,   1,   1,   1, 
[458.383s][info ][gc,stats       ]     FM: VM Strong Roots               4 us, workers (us):   0,   2,   0,   0,   1,   0,   0,   0, 
[458.383s][info ][gc,stats       ]     FM: CLDG Roots                   17 us, workers (us):  15,   0,   0,   0,   0,   0,   1,   1, 
[458.383s][info ][gc,stats       ]     FM: Parallel Mark              2927 us, workers (us): 406, 403, 399, 397, 364, 406, 317, 236, 
[458.383s][info ][gc,stats       ]     System Purge                    369 us
[458.383s][info ][gc,stats       ]       Weak References               145 us, parallelism: 0.02x
[458.383s][info ][gc,stats       ]         WRP: <total>                  3 us
[458.383s][info ][gc,stats       ]         WRP: Weak References          3 us, workers (us):   2,   0,   0,   0,   0,   0,   0,   0, 
[458.383s][info ][gc,stats       ]       Unload Classes                122 us, parallelism: 1.61x
[458.383s][info ][gc,stats       ]         CU: <total>                 197 us
[458.383s][info ][gc,stats       ]         CU: Unload Code Caches      197 us, workers (us):  60,  53,  48,  36,   0,   0,   0,   0, 
[458.383s][info ][gc,stats       ]       Weak Roots                     98 us, parallelism: 0.23x
[458.383s][info ][gc,stats       ]         WR: <total>                  23 us
[458.383s][info ][gc,stats       ]         WR: VM Weak Roots            23 us, workers (us):  15,   3,   1,   0,   1,   1,   1,   1, 
[458.383s][info ][gc,stats       ]       CLDG                            1 us
[458.383s][info ][gc,stats       ]   Calculate Addresses               465 us
[458.383s][info ][gc,stats       ]     Regular Objects                 358 us
[458.383s][info ][gc,stats       ]     Humongous Objects                57 us
[458.383s][info ][gc,stats       ]   Adjust Pointers                   965 us
[458.383s][info ][gc,stats       ]     FA: <total>                     209 us
[458.383s][info ][gc,stats       ]     FA: Thread Roots                 44 us, workers (us):  19,   1,  19,   4,   0,   0,   1,   0, 
[458.383s][info ][gc,stats       ]     FA: Code Cache Roots            139 us, workers (us):   0, 138,   0,   0,   0,   0,   0,   0, 
[458.383s][info ][gc,stats       ]     FA: VM Strong Roots               2 us, workers (us):   1,   0,   0,   0,   0,   0,   0,   0, 
[458.383s][info ][gc,stats       ]     FA: VM Weak Roots                15 us, workers (us):  12,   1,   0,   0,   0,   0,   0,   0, 
[458.384s][info ][gc,stats       ]     FA: CLDG Roots                    9 us, workers (us):   8,   1,   0,   0,   0,   0,   0,   0, 
[458.384s][info ][gc,stats       ]   Copy Objects                     1511 us
[458.384s][info ][gc,stats       ]     Regular Objects                 347 us
[458.384s][info ][gc,stats       ]     Humongous Objects                41 us
[458.384s][info ][gc,stats       ]     Reset Complete Bitmap          1078 us
[458.384s][info ][gc,stats       ]     Rebuild Region Sets              44 us
[458.384s][info ][gc,stats       ]   Post Heap Dump                      1 us
[458.384s][info ][gc,stats       ] 
[458.384s][info ][gc,stats       ] Allocation pacing accrued:
[458.384s][info ][gc,stats       ]       0 of    10 ms (  0.0%): <total>
[458.384s][info ][gc,stats       ]       0 of    10 ms (  0.0%): <average total>
[458.384s][info ][gc,stats       ] 
[458.384s][info ][gc,metaspace   ] Metaspace: 253K(448K)->253K(448K) NonClass: 247K(320K)->247K(320K) Class: 5K(128K)->5K(128K)
[458.384s][info ][gc,ergo        ] Pacer for Idle. Initial: 41943K, Alloc Tax Rate: 1.0x
[458.385s][info ][gc             ] Trigger: Handle Allocation Failure
[458.385s][info ][gc,ergo        ] Free: 1520K, Max: 1024K regular, 1024K humongous, Frag: 0% external, 25% internal; Reserve: 103M, Max: 1024K
[458.385s][info ][gc,start       ] GC(28531) Pause Degenerated GC (Outside of Cycle)
[458.385s][info ][gc,task        ] GC(28531) Using 8 of 8 workers for stw degenerated gc
[458.385s][info ][gc,ref         ] GC(28531) Clearing All SoftReferences
[458.385s][info ][gc,ref         ] GC(28531) Encountered references: Soft: 7, Weak: 34, Final: 0, Phantom: 1
[458.385s][info ][gc,ref         ] GC(28531) Discovered  references: Soft: 4, Weak: 9, Final: 0, Phantom: 1
[458.385s][info ][gc,ref         ] GC(28531) Enqueued    references: Soft: 0, Weak: 0, Final: 0, Phantom: 0
[458.386s][debug][gc,phases,start] GC(28531) ClassLoaderData
[458.386s][debug][gc,phases      ] GC(28531) ClassLoaderData 0.010ms
[458.386s][debug][gc,phases,start] GC(28531) Trigger cleanups
[458.386s][debug][gc,phases      ] GC(28531) Trigger cleanups 0.003ms
[458.386s][info ][gc,ergo        ] GC(28531) Adaptive CSet Selection. Target Free: 290M, Actual Free: 104M, Max CSet: 87381K, Min Garbage: 186M
[458.386s][info ][gc,ergo        ] GC(28531) Collectable Garbage: 0B (0%), Immediate: 0B (0%), CSet: 0B (0%)
[458.388s][info ][gc,ergo        ] GC(28531) Bad progress for free space: 1024K, need 20971K
[458.388s][info ][gc             ] GC(28531) Cancelling GC: Upgrade To Full GC
[458.389s][info ][gc,phases,start] GC(28531) Phase 1: Mark live objects
[458.389s][info ][gc,ref         ] GC(28531) Clearing All SoftReferences
[458.389s][info ][gc,ref         ] GC(28531) Clearing All SoftReferences
[458.390s][info ][gc,ref         ] GC(28531) Encountered references: Soft: 7, Weak: 34, Final: 0, Phantom: 1
[458.390s][info ][gc,ref         ] GC(28531) Discovered  references: Soft: 4, Weak: 4, Final: 0, Phantom: 1
[458.390s][info ][gc,ref         ] GC(28531) Enqueued    references: Soft: 0, Weak: 0, Final: 0, Phantom: 0
[458.390s][debug][gc,phases,start] GC(28531) ClassLoaderData
[458.390s][debug][gc,phases      ] GC(28531) ClassLoaderData 0.011ms
[458.390s][debug][gc,phases,start] GC(28531) Trigger cleanups
[458.390s][debug][gc,phases      ] GC(28531) Trigger cleanups 0.004ms
[458.390s][info ][gc,phases      ] GC(28531) Phase 1: Mark live objects 0.937ms
[458.390s][info ][gc,phases,start] GC(28531) Phase 2: Compute new object addresses
[458.391s][info ][gc,phases      ] GC(28531) Phase 2: Compute new object addresses 0.462ms
[458.391s][info ][gc,phases,start] GC(28531) Phase 3: Adjust pointers
[458.392s][info ][gc,phases      ] GC(28531) Phase 3: Adjust pointers 1.062ms
[458.392s][info ][gc,phases,start] GC(28531) Phase 4: Move objects
[458.393s][info ][gc,phases      ] GC(28531) Phase 4: Move objects 1.611ms
[458.393s][info ][gc,ergo        ] GC(28531) Bad progress for free space: 1520K, need 20971K
[458.393s][info ][gc             ] GC(28531) Pause Degenerated GC (Outside of Cycle) 1003M->1003M(2048M) 8.644ms
[458.393s][debug][gc,ergo        ] GC(28531) Margin of error now 3.29
[458.393s][debug][gc,ergo        ] GC(28531) Spike threshold now: 0.32
[458.394s][info ][gc,ergo        ] Free: 1520K, Max: 1024K regular, 1024K humongous, Frag: 0% external, 25% internal; Reserve: 103M, Max: 1024K
[458.394s][info ][gc,stats       ] 
[458.394s][info ][gc,stats       ] All times are wall-clock times, except per-root-class counters, that are sum over
[458.394s][info ][gc,stats       ] all workers. Dividing the <total> over the root stage time estimates parallelism.
[458.394s][info ][gc,stats       ] 
[458.394s][info ][gc,stats       ] Pause Degenerated GC (G)           8743 us
[458.394s][info ][gc,stats       ] Pause Degenerated GC (N)           8652 us
[458.394s][info ][gc,stats       ]   Degen STW Mark                    421 us, parallelism: 5.68x
[458.394s][info ][gc,stats       ]     DSM: <total>                   2392 us
[458.394s][info ][gc             ] Failed to allocate Shared, 1024K
[458.394s][info ][gc             ] Cancelling GC: Allocation Failure
[458.394s][info ][gc,stats       ]     DSM: Thread Roots                52 us, workers (us):  26,  16,   7,   0,   1,   1,   1,   1, 
[458.394s][info ][gc,stats       ]     DSM: VM Strong Roots              2 us, workers (us):   0,   1,   0,   0,   0,   0,   0,   0, 
[458.394s][info ][gc,stats       ]     DSM: CLDG Roots                  18 us, workers (us):  15,   0,   0,   0,   0,   0,   1,   0, 
[458.394s][info ][gc,stats       ]     DSM: Parallel Mark             2320 us, workers (us): 324, 325, 280, 329, 309, 275, 265, 213, 
[458.394s][info ][gc,stats       ]     System Purge                    339 us
[458.394s][info ][gc,stats       ]       Weak References               114 us, parallelism: 0.02x
[458.394s][info ][gc,stats       ]         WRP: <total>                  2 us
[458.394s][info ][gc,stats       ]         WRP: Weak References          2 us, workers (us):   1,   0,   0,   0,   0,   0,   0,   0, 
[458.394s][info ][gc,stats       ]       Unload Classes                130 us, parallelism: 1.11x
[458.394s][info ][gc,stats       ]         DCU: <total>                144 us
[458.394s][info ][gc,stats       ]         DCU: Unload Code Caches      144 us, workers (us):  50,  44,  29,  15,   5,   0,   0,   0, 
[458.394s][info ][gc,stats       ]       Weak Roots                     94 us, parallelism: 0.19x
[458.394s][info ][gc,stats       ]         DWR: <total>                 18 us
[458.394s][info ][gc,stats       ]         DWR: VM Weak Roots           18 us, workers (us):  12,   0,   0,   1,   1,   1,   1,   1, 
[458.394s][info ][gc,stats       ]       CLDG                            0 us
[458.394s][info ][gc,stats       ]   Update Region States               88 us
[458.394s][info ][gc,stats       ]   Manage GC/TLABs                     2 us
[458.394s][info ][gc,stats       ]   Choose Collection Set              26 us
[458.394s][info ][gc,stats       ]   Rebuild Free Set                    8 us
[458.394s][info ][gc,stats       ]   Evacuation                        520 us
[458.394s][info ][gc,stats       ]   Manage GCLABs                       2 us
[458.394s][info ][gc,stats       ]   Update References                1305 us
[458.394s][info ][gc,stats       ]   Update Region States              102 us
[458.394s][info ][gc,stats       ]   Trash Collection Set                3 us
[458.394s][info ][gc,stats       ]   Rebuild Free Set                   17 us
[458.394s][info ][gc,stats       ]   Degen Update Roots                240 us, parallelism: 1.24x
[458.394s][info ][gc,stats       ]     DU: <total>                     296 us
[458.394s][info ][gc,stats       ]     DU: Thread Roots                 98 us, workers (us):  24,   0,  35,  23,  15,   0,   1,   0, 
[458.394s][info ][gc,stats       ]     DU: Code Cache Roots            142 us, workers (us):   0, 141,   0,   0,   0,   0,   0,   0, 
[458.394s][info ][gc,stats       ]     DU: VM Strong Roots               6 us, workers (us):   5,   0,   0,   0,   0,   0,   0,   0, 
[458.394s][info ][gc,stats       ]     DU: VM Weak Roots                28 us, workers (us):  19,   7,   0,   1,   0,   0,   1,   0, 
[458.394s][info ][gc,stats       ]     DU: CLDG Roots                   21 us, workers (us):  17,   2,   0,   1,   0,   0,   1,   0, 
[458.394s][info ][gc,stats       ]   Cleanup                            85 us
[458.394s][info ][gc,stats       ]   Pre Heap Dump                       1 us
[458.394s][info ][gc,stats       ]   Prepare                           736 us
[458.394s][info ][gc,stats       ]   Mark                              892 us, parallelism: 3.45x
[458.394s][info ][gc,stats       ]     FM: <total>                    3077 us
[458.394s][info ][gc,stats       ]     FM: Thread Roots                 64 us, workers (us):  35,  18,   7,   0,   1,   1,   1,   1, 
[458.394s][info ][gc,stats       ]     FM: VM Strong Roots               3 us, workers (us):   1,   1,   0,   0,   0,   0,   0,   0, 
[458.394s][info ][gc,stats       ]     FM: CLDG Roots                   19 us, workers (us):   0,   0,  16,   0,   1,   1,   0,   1, 
[458.394s][info ][gc,stats       ]     FM: Parallel Mark              2991 us, workers (us): 408, 370, 401, 417, 363, 390, 324, 318, 
[458.394s][info ][gc,stats       ]     System Purge                    334 us
[458.394s][info ][gc,stats       ]       Weak References               119 us, parallelism: 0.02x
[458.394s][info ][gc,stats       ]         WRP: <total>                  2 us
[458.394s][info ][gc,stats       ]         WRP: Weak References          2 us, workers (us):   1,   0,   0,   0,   0,   0,   0,   0, 
[458.394s][info ][gc,stats       ]       Unload Classes                122 us, parallelism: 1.35x
[458.394s][info ][gc,stats       ]         CU: <total>                 165 us
[458.394s][info ][gc,stats       ]         CU: Unload Code Caches      165 us, workers (us):  56,  52,  36,  20,   0,   0,   0,   0, 
[458.394s][info ][gc,stats       ]       Weak Roots                     90 us, parallelism: 0.22x
[458.394s][info ][gc,stats       ]         WR: <total>                  20 us
[458.394s][info ][gc,stats       ]         WR: VM Weak Roots            20 us, workers (us):  14,   1,   1,   1,   1,   0,   1,   1, 
[458.394s][info ][gc,stats       ]       CLDG                            0 us
[458.394s][info ][gc,stats       ]   Calculate Addresses               457 us
[458.394s][info ][gc,stats       ]     Regular Objects                 325 us
[458.394s][info ][gc,stats       ]     Humongous Objects                86 us
[458.394s][info ][gc,stats       ]   Adjust Pointers                  1055 us
[458.394s][info ][gc,stats       ]     FA: <total>                     191 us
[458.394s][info ][gc,stats       ]     FA: Thread Roots                 42 us, workers (us):   1,  25,   9,   6,   0,   0,   0,   0, 
[458.394s][info ][gc,stats       ]     FA: Code Cache Roots            118 us, workers (us): 117,   0,   0,   0,   0,   0,   0,   0, 
[458.394s][info ][gc,stats       ]     FA: VM Strong Roots               2 us, workers (us):   2,   0,   0,   0,   0,   0,   0,   0, 
[458.394s][info ][gc,stats       ]     FA: VM Weak Roots                18 us, workers (us):  14,   1,   1,   0,   0,   0,   0,   0, 
[458.394s][info ][gc,stats       ]     FA: CLDG Roots                   11 us, workers (us):   1,   9,   0,   0,   0,   0,   0,   0, 
[458.394s][info ][gc,stats       ]   Copy Objects                     1587 us
[458.394s][info ][gc,stats       ]     Regular Objects                 368 us
[458.394s][info ][gc,stats       ]     Humongous Objects                31 us
[458.394s][info ][gc,stats       ]     Reset Complete Bitmap          1146 us
[458.394s][info ][gc,stats       ]     Rebuild Region Sets              41 us
[458.394s][info ][gc,stats       ]   Post Heap Dump                      0 us
[458.394s][info ][gc,stats       ] 
[458.394s][info ][gc,stats       ] Allocation pacing accrued:
[458.394s][info ][gc,stats       ]       0 of    11 ms (  0.0%): <total>
[458.394s][info ][gc,stats       ]       0 of    11 ms (  0.0%): <average total>
[458.394s][info ][gc,stats       ] 
[458.394s][info ][gc,metaspace   ] Metaspace: 253K(448K)->253K(448K) NonClass: 247K(320K)->247K(320K) Class: 5K(128K)->5K(128K)
[458.394s][info ][gc,ergo        ] Pacer for Idle. Initial: 41943K, Alloc Tax Rate: 1.0x
[458.395s][info ][gc             ] Trigger: Handle Allocation Failure
[458.395s][info ][gc,ergo        ] Free: 1520K, Max: 1024K regular, 1024K humongous, Frag: 0% external, 25% internal; Reserve: 103M, Max: 1024K
[458.395s][info ][gc,start       ] GC(28532) Pause Degenerated GC (Outside of Cycle)
[458.395s][info ][gc,task        ] GC(28532) Using 8 of 8 workers for stw degenerated gc
[458.396s][info ][gc,ref         ] GC(28532) Clearing All SoftReferences
[458.396s][info ][gc,ref         ] GC(28532) Encountered references: Soft: 7, Weak: 34, Final: 0, Phantom: 1
[458.396s][info ][gc,ref         ] GC(28532) Discovered  references: Soft: 4, Weak: 4, Final: 0, Phantom: 0
[458.396s][info ][gc,ref         ] GC(28532) Enqueued    references: Soft: 0, Weak: 0, Final: 0, Phantom: 0
[458.396s][debug][gc,phases,start] GC(28532) ClassLoaderData
[458.396s][debug][gc,phases      ] GC(28532) ClassLoaderData 0.010ms
[458.396s][debug][gc,phases,start] GC(28532) Trigger cleanups
[458.396s][debug][gc,phases      ] GC(28532) Trigger cleanups 0.005ms
[458.397s][info ][gc,ergo        ] GC(28532) Adaptive CSet Selection. Target Free: 290M, Actual Free: 104M, Max CSet: 87381K, Min Garbage: 186M
[458.397s][info ][gc,ergo        ] GC(28532) Collectable Garbage: 0B (0%), Immediate: 0B (0%), CSet: 0B (0%)
[458.399s][info ][gc,ergo        ] GC(28532) Bad progress for free space: 1024K, need 20971K
[458.399s][info ][gc             ] GC(28532) Cancelling GC: Upgrade To Full GC
[458.400s][info ][gc,phases,start] GC(28532) Phase 1: Mark live objects
[458.400s][info ][gc,ref         ] GC(28532) Clearing All SoftReferences
[458.400s][info ][gc,ref         ] GC(28532) Clearing All SoftReferences
[458.401s][info ][gc,ref         ] GC(28532) Encountered references: Soft: 7, Weak: 34, Final: 0, Phantom: 1
[458.401s][info ][gc,ref         ] GC(28532) Discovered  references: Soft: 4, Weak: 9, Final: 0, Phantom: 1
[458.401s][info ][gc,ref         ] GC(28532) Enqueued    references: Soft: 0, Weak: 0, Final: 0, Phantom: 0
[458.401s][debug][gc,phases,start] GC(28532) ClassLoaderData
[458.401s][debug][gc,phases      ] GC(28532) ClassLoaderData 0.009ms
[458.401s][debug][gc,phases,start] GC(28532) Trigger cleanups
[458.401s][debug][gc,phases      ] GC(28532) Trigger cleanups 0.004ms
[458.401s][info ][gc,phases      ] GC(28532) Phase 1: Mark live objects 1.022ms
[458.401s][info ][gc,phases,start] GC(28532) Phase 2: Compute new object addresses
[458.401s][info ][gc,phases      ] GC(28532) Phase 2: Compute new object addresses 0.447ms
[458.402s][info ][gc,phases,start] GC(28532) Phase 3: Adjust pointers
[458.403s][info ][gc,phases      ] GC(28532) Phase 3: Adjust pointers 1.064ms
[458.403s][info ][gc,phases,start] GC(28532) Phase 4: Move objects
[458.404s][info ][gc,phases      ] GC(28532) Phase 4: Move objects 1.519ms
[458.404s][info ][gc,ergo        ] GC(28532) Bad progress for free space: 1520K, need 20971K
[458.404s][info ][gc             ] GC(28532) Pause Degenerated GC (Outside of Cycle) 1003M->1003M(2048M) 8.803ms
[458.404s][debug][gc,ergo        ] GC(28532) Margin of error now 3.29
[458.404s][debug][gc,ergo        ] GC(28532) Spike threshold now: 0.32
[458.405s][info ][gc,ergo        ] Free: 1520K, Max: 1024K regular, 1024K humongous, Frag: 0% external, 25% internal; Reserve: 103M, Max: 1024K
[458.405s][info ][gc,stats       ] 
[458.405s][info ][gc,stats       ] All times are wall-clock times, except per-root-class counters, that are sum over
[458.405s][info ][gc,stats       ] all workers. Dividing the <total> over the root stage time estimates parallelism.
[458.405s][info ][gc,stats       ] 
[458.405s][info ][gc,stats       ] Pause Degenerated GC (G)           8917 us
[458.405s][info ][gc,stats       ] Pause Degenerated GC (N)           8813 us
[458.405s][info ][gc             ] Failed to allocate Shared, 1024K
[458.405s][info ][gc             ] Cancelling GC: Allocation Failure
[458.405s][info ][gc,stats       ]   Degen STW Mark                    462 us, parallelism: 5.49x
[458.405s][info ][gc,stats       ]     DSM: <total>                   2535 us
[458.405s][info ][gc,stats       ]     DSM: Thread Roots                58 us, workers (us):  28,  21,   6,   1,   0,   1,   0,   1, 
[458.405s][info ][gc,stats       ]     DSM: VM Strong Roots              3 us, workers (us):   0,   2,   0,   0,   0,   0,   0,   0, 
[458.405s][info ][gc,stats       ]     DSM: CLDG Roots                  16 us, workers (us):   0,   0,  13,   1,   0,   1,   0,   1, 
[458.405s][info ][gc,stats       ]     DSM: Parallel Mark             2458 us, workers (us): 325, 331, 348, 315, 312, 276, 285, 266, 
[458.405s][info ][gc,stats       ]     System Purge                    377 us
[458.405s][info ][gc,stats       ]       Weak References               142 us, parallelism: 0.02x
[458.405s][info ][gc,stats       ]         WRP: <total>                  3 us
[458.405s][info ][gc,stats       ]         WRP: Weak References          3 us, workers (us):   2,   0,   0,   0,   0,   0,   0,   0, 
[458.405s][info ][gc,stats       ]       Unload Classes                130 us, parallelism: 1.11x
[458.405s][info ][gc,stats       ]         DCU: <total>                144 us
[458.405s][info ][gc,stats       ]         DCU: Unload Code Caches      144 us, workers (us):  59,  46,  15,  17,   7,   0,   0,   0, 
[458.405s][info ][gc,stats       ]       Weak Roots                    103 us, parallelism: 0.22x
[458.405s][info ][gc,stats       ]         DWR: <total>                 23 us
[458.405s][info ][gc,stats       ]         DWR: VM Weak Roots           23 us, workers (us):  14,   3,   1,   1,   1,   1,   1,   1, 
[458.405s][info ][gc,stats       ]       CLDG                            1 us
[458.405s][info ][gc,stats       ]   Update Region States              105 us
[458.405s][info ][gc,stats       ]   Manage GC/TLABs                     3 us
[458.405s][info ][gc,stats       ]   Choose Collection Set              32 us
[458.405s][info ][gc,stats       ]   Rebuild Free Set                   12 us
[458.405s][info ][gc,stats       ]   Evacuation                        471 us
[458.405s][info ][gc,stats       ]   Manage GCLABs                       2 us
[458.405s][info ][gc,stats       ]   Update References                1324 us
[458.405s][info ][gc,stats       ]   Update Region States              110 us
[458.405s][info ][gc,stats       ]   Trash Collection Set                3 us
[458.405s][info ][gc,stats       ]   Rebuild Free Set                   19 us
[458.405s][info ][gc,stats       ]   Degen Update Roots                227 us, parallelism: 1.21x
[458.405s][info ][gc,stats       ]     DU: <total>                     275 us
[458.405s][info ][gc,stats       ]     DU: Thread Roots                 88 us, workers (us):  22,   1,  34,  22,  10,   0,   0,   0, 
[458.405s][info ][gc,stats       ]     DU: Code Cache Roots            132 us, workers (us):   0, 131,   0,   0,   0,   0,   0,   0, 
[458.405s][info ][gc,stats       ]     DU: VM Strong Roots               6 us, workers (us):   5,   0,   0,   0,   0,   0,   0,   0, 
[458.405s][info ][gc,stats       ]     DU: VM Weak Roots                29 us, workers (us):  14,  13,   1,   0,   1,   0,   0,   0, 
[458.405s][info ][gc,stats       ]     DU: CLDG Roots                   20 us, workers (us):  15,   2,   1,   0,   1,   0,   0,   0, 
[458.405s][info ][gc,stats       ]   Cleanup                            89 us
[458.405s][info ][gc,stats       ]   Pre Heap Dump                       1 us
[458.405s][info ][gc,stats       ]   Prepare                           757 us
[458.405s][info ][gc,stats       ]   Mark                              988 us, parallelism: 3.69x
[458.405s][info ][gc,stats       ]     FM: <total>                    3651 us
[458.405s][info ][gc,stats       ]     FM: Thread Roots                155 us, workers (us):  60,  49,  30,  13,   1,   1,   1,   1, 
[458.405s][info ][gc,stats       ]     FM: VM Strong Roots               6 us, workers (us):   0,   4,   2,   0,   0,   0,   0,   0, 
[458.405s][info ][gc,stats       ]     FM: CLDG Roots                   43 us, workers (us):  38,   2,   0,   1,   1,   0,   0,   1, 
[458.405s][info ][gc,stats       ]     FM: Parallel Mark              3446 us, workers (us): 383, 453, 441, 485, 460, 460, 423, 340, 
[458.405s][info ][gc,stats       ]     System Purge                    339 us
[458.405s][info ][gc,stats       ]       Weak References               119 us, parallelism: 0.02x
[458.405s][info ][gc,stats       ]         WRP: <total>                  2 us
[458.405s][info ][gc,stats       ]         WRP: Weak References          2 us, workers (us):   1,   0,   0,   0,   0,   0,   0,   0, 
[458.405s][info ][gc,stats       ]       Unload Classes                121 us, parallelism: 1.32x
[458.405s][info ][gc,stats       ]         CU: <total>                 159 us
[458.405s][info ][gc,stats       ]         CU: Unload Code Caches      159 us, workers (us):  51,  47,  37,  17,   7,   0,   0,   0, 
[458.405s][info ][gc,stats       ]       Weak Roots                     97 us, parallelism: 0.24x
[458.405s][info ][gc,stats       ]         WR: <total>                  23 us
[458.405s][info ][gc,stats       ]         WR: VM Weak Roots            23 us, workers (us):  15,   3,   1,   1,   1,   1,   1,   1, 
[458.405s][info ][gc,stats       ]       CLDG                            1 us
[458.405s][info ][gc,stats       ]   Calculate Addresses               443 us
[458.405s][info ][gc,stats       ]     Regular Objects                 273 us
[458.405s][info ][gc,stats       ]     Humongous Objects               102 us
[458.405s][info ][gc,stats       ]   Adjust Pointers                  1057 us
[458.405s][info ][gc,stats       ]     FA: <total>                     193 us
[458.405s][info ][gc,stats       ]     FA: Thread Roots                 34 us, workers (us):  31,   0,   1,   0,   0,   0,   1,   0, 
[458.405s][info ][gc,stats       ]     FA: Code Cache Roots            132 us, workers (us):   0, 132,   0,   0,   0,   0,   0,   0, 
[458.405s][info ][gc,stats       ]     FA: VM Strong Roots               2 us, workers (us):   1,   0,   0,   0,   0,   0,   0,   0, 
[458.405s][info ][gc,stats       ]     FA: VM Weak Roots                14 us, workers (us):  12,   0,   0,   0,   0,   0,   1,   0, 
[458.405s][info ][gc,stats       ]     FA: CLDG Roots                   10 us, workers (us):   8,   0,   0,   0,   0,   0,   1,   0, 
[458.405s][info ][gc,stats       ]   Copy Objects                     1515 us
[458.405s][info ][gc,stats       ]     Regular Objects                 346 us
[458.405s][info ][gc,stats       ]     Humongous Objects                36 us
[458.405s][info ][gc,stats       ]     Reset Complete Bitmap          1097 us
[458.405s][info ][gc,stats       ]     Rebuild Region Sets              35 us
[458.405s][info ][gc,stats       ]   Post Heap Dump                      1 us
[458.405s][info ][gc,stats       ] 
[458.405s][info ][gc,stats       ] Allocation pacing accrued:
[458.405s][info ][gc,stats       ]       0 of    11 ms (  0.0%): <total>
[458.405s][info ][gc,stats       ]       0 of    11 ms (  0.0%): <average total>
[458.405s][info ][gc,stats       ] 
[458.405s][info ][gc,metaspace   ] Metaspace: 253K(448K)->253K(448K) NonClass: 247K(320K)->247K(320K) Class: 5K(128K)->5K(128K)
[458.405s][info ][gc,ergo        ] Pacer for Idle. Initial: 41943K, Alloc Tax Rate: 1.0x
[458.406s][info ][gc             ] Trigger: Handle Allocation Failure
[458.406s][info ][gc,ergo        ] Free: 1520K, Max: 1024K regular, 1024K humongous, Frag: 0% external, 25% internal; Reserve: 103M, Max: 1024K
[458.406s][info ][gc,start       ] GC(28533) Pause Degenerated GC (Outside of Cycle)
[458.406s][info ][gc,task        ] GC(28533) Using 8 of 8 workers for stw degenerated gc
[458.407s][info ][gc,ref         ] GC(28533) Clearing All SoftReferences
[458.407s][info ][gc,ref         ] GC(28533) Encountered references: Soft: 7, Weak: 34, Final: 0, Phantom: 1
[458.407s][info ][gc,ref         ] GC(28533) Discovered  references: Soft: 4, Weak: 9, Final: 0, Phantom: 1
[458.407s][info ][gc,ref         ] GC(28533) Enqueued    references: Soft: 0, Weak: 0, Final: 0, Phantom: 0
[458.407s][debug][gc,phases,start] GC(28533) ClassLoaderData
[458.407s][debug][gc,phases      ] GC(28533) ClassLoaderData 0.009ms
[458.407s][debug][gc,phases,start] GC(28533) Trigger cleanups
[458.407s][debug][gc,phases      ] GC(28533) Trigger cleanups 0.005ms
[458.407s][info ][gc,ergo        ] GC(28533) Adaptive CSet Selection. Target Free: 290M, Actual Free: 104M, Max CSet: 87381K, Min Garbage: 186M
[458.407s][info ][gc,ergo        ] GC(28533) Collectable Garbage: 0B (0%), Immediate: 0B (0%), CSet: 0B (0%)
[458.410s][info ][gc,ergo        ] GC(28533) Bad progress for free space: 1024K, need 20971K
[458.410s][info ][gc             ] GC(28533) Cancelling GC: Upgrade To Full GC
[458.411s][info ][gc,phases,start] GC(28533) Phase 1: Mark live objects
[458.411s][info ][gc,ref         ] GC(28533) Clearing All SoftReferences
[458.411s][info ][gc,ref         ] GC(28533) Clearing All SoftReferences
[458.411s][info ][gc,ref         ] GC(28533) Encountered references: Soft: 7, Weak: 34, Final: 0, Phantom: 1
[458.411s][info ][gc,ref         ] GC(28533) Discovered  references: Soft: 4, Weak: 9, Final: 0, Phantom: 1
[458.411s][info ][gc,ref         ] GC(28533) Enqueued    references: Soft: 0, Weak: 0, Final: 0, Phantom: 0
[458.411s][debug][gc,phases,start] GC(28533) ClassLoaderData
[458.411s][debug][gc,phases      ] GC(28533) ClassLoaderData 0.011ms
[458.411s][debug][gc,phases,start] GC(28533) Trigger cleanups
[458.411s][debug][gc,phases      ] GC(28533) Trigger cleanups 0.003ms
[458.412s][info ][gc,phases      ] GC(28533) Phase 1: Mark live objects 0.866ms
[458.412s][info ][gc,phases,start] GC(28533) Phase 2: Compute new object addresses
[458.412s][info ][gc,phases      ] GC(28533) Phase 2: Compute new object addresses 0.448ms
[458.412s][info ][gc,phases,start] GC(28533) Phase 3: Adjust pointers
[458.413s][info ][gc,phases      ] GC(28533) Phase 3: Adjust pointers 1.251ms
[458.413s][info ][gc,phases,start] GC(28533) Phase 4: Move objects
[458.415s][info ][gc,phases      ] GC(28533) Phase 4: Move objects 1.628ms
[458.415s][info ][gc,ergo        ] GC(28533) Bad progress for free space: 1520K, need 20971K
[458.415s][info ][gc             ] GC(28533) Pause Degenerated GC (Outside of Cycle) 1003M->1003M(2048M) 8.847ms
[458.415s][debug][gc,ergo        ] GC(28533) Margin of error now 3.29
[458.415s][debug][gc,ergo        ] GC(28533) Spike threshold now: 0.32
[458.415s][info ][gc,ergo        ] Free: 1520K, Max: 1024K regular, 1024K humongous, Frag: 0% external, 25% internal; Reserve: 103M, Max: 1024K
[458.415s][info ][gc,stats       ] 
[458.415s][info ][gc,stats       ] All times are wall-clock times, except per-root-class counters, that are sum over
[458.415s][info ][gc,stats       ] all workers. Dividing the <total> over the root stage time estimates parallelism.
[458.415s][info ][gc,stats       ] 
[458.415s][info ][gc,stats       ] Pause Degenerated GC (G)           8939 us
[458.415s][info ][gc,stats       ] Pause Degenerated GC (N)           8854 us
[458.415s][info ][gc,stats       ]   Degen STW Mark                    432 us, parallelism: 5.41x
[458.415s][info ][gc,stats       ]     DSM: <total>                   2339 us
[458.415s][info ][gc             ] Failed to allocate Shared, 1024K
[458.416s][info ][gc             ] Cancelling GC: Allocation Failure
[458.415s][info ][gc,stats       ]     DSM: Thread Roots                55 us, workers (us):  26,  20,   6,   1,   1,   1,   1,   1, 
[458.416s][info ][gc,stats       ]     DSM: VM Strong Roots              3 us, workers (us):   0,   1,   1,   0,   0,   0,   0,   0, 
[458.416s][info ][gc,stats       ]     DSM: CLDG Roots                  19 us, workers (us):  16,   0,   0,   0,   1,   1,   0,   1, 
[458.416s][info ][gc,stats       ]     DSM: Parallel Mark             2261 us, workers (us): 309, 304, 301, 308, 303, 226, 269, 242, 
[458.416s][info ][gc,stats       ]     System Purge                    361 us
[458.416s][info ][gc,stats       ]       Weak References               124 us, parallelism: 0.02x
[458.416s][info ][gc,stats       ]         WRP: <total>                  2 us
[458.416s][info ][gc,stats       ]         WRP: Weak References          2 us, workers (us):   2,   0,   0,   0,   0,   0,   0,   0, 
[458.416s][info ][gc,stats       ]       Unload Classes                131 us, parallelism: 1.00x
[458.416s][info ][gc,stats       ]         DCU: <total>                131 us
[458.416s][info ][gc,stats       ]         DCU: Unload Code Caches      131 us, workers (us):  64,  49,  18,   0,   0,   0,   0,   0, 
[458.416s][info ][gc,stats       ]       Weak Roots                    104 us, parallelism: 0.19x
[458.416s][info ][gc,stats       ]         DWR: <total>                 19 us
[458.416s][info ][gc,stats       ]         DWR: VM Weak Roots           19 us, workers (us):  10,   5,   1,   1,   1,   1,   1,   1, 
[458.416s][info ][gc,stats       ]       CLDG                            0 us
[458.416s][info ][gc,stats       ]   Update Region States              103 us
[458.416s][info ][gc,stats       ]   Manage GC/TLABs                     2 us
[458.416s][info ][gc,stats       ]   Choose Collection Set              28 us
[458.416s][info ][gc,stats       ]   Rebuild Free Set                   12 us
[458.416s][info ][gc,stats       ]   Evacuation                        369 us
[458.416s][info ][gc,stats       ]   Manage GCLABs                       3 us
[458.416s][info ][gc,stats       ]   Update References                1373 us
[458.416s][info ][gc,stats       ]   Update Region States              132 us
[458.416s][info ][gc,stats       ]   Trash Collection Set                3 us
[458.416s][info ][gc,stats       ]   Rebuild Free Set                   12 us
[458.416s][info ][gc,stats       ]   Degen Update Roots                250 us, parallelism: 1.19x
[458.416s][info ][gc,stats       ]     DU: <total>                     298 us
[458.416s][info ][gc,stats       ]     DU: Thread Roots                 91 us, workers (us):  26,   1,  33,  19,  11,   0,   0,   1, 
[458.416s][info ][gc,stats       ]     DU: Code Cache Roots            157 us, workers (us):   0, 156,   0,   0,   0,   0,   0,   0, 
[458.416s][info ][gc,stats       ]     DU: VM Strong Roots               5 us, workers (us):   4,   0,   0,   0,   0,   0,   0,   0, 
[458.416s][info ][gc,stats       ]     DU: VM Weak Roots                26 us, workers (us):  18,   6,   1,   0,   0,   1,   0,   0, 
[458.416s][info ][gc,stats       ]     DU: CLDG Roots                   18 us, workers (us):  14,   2,   1,   0,   1,   0,   0,   0, 
[458.416s][info ][gc,stats       ]   Cleanup                            85 us
[458.416s][info ][gc,stats       ]   Pre Heap Dump                       1 us
[458.416s][info ][gc,stats       ]   Prepare                           774 us
[458.416s][info ][gc,stats       ]   Mark                              826 us, parallelism: 3.15x
[458.416s][info ][gc,stats       ]     FM: <total>                    2599 us
[458.416s][info ][gc,stats       ]     FM: Thread Roots                 63 us, workers (us):  33,  17,   8,   1,   1,   1,   1,   1, 
[458.416s][info ][gc,stats       ]     FM: VM Strong Roots               3 us, workers (us):   0,   2,   0,   0,   0,   0,   0,   0, 
[458.416s][info ][gc,stats       ]     FM: CLDG Roots                   19 us, workers (us):  15,   0,   0,   0,   0,   1,   0,   1, 
[458.416s][info ][gc,stats       ]     FM: Parallel Mark              2515 us, workers (us): 312, 332, 318, 338, 345, 307, 273, 290, 
[458.416s][info ][gc,stats       ]     System Purge                    336 us
[458.416s][info ][gc,stats       ]       Weak References               123 us, parallelism: 0.02x
[458.416s][info ][gc,stats       ]         WRP: <total>                  2 us
[458.416s][info ][gc,stats       ]         WRP: Weak References          2 us, workers (us):   2,   0,   0,   0,   0,   0,   0,   0, 
[458.416s][info ][gc,stats       ]       Unload Classes                119 us, parallelism: 1.49x
[458.416s][info ][gc,stats       ]         CU: <total>                 177 us
[458.416s][info ][gc,stats       ]         CU: Unload Code Caches      177 us, workers (us):  55,  46,  43,  33,   0,   0,   0,   0, 
[458.416s][info ][gc,stats       ]       Weak Roots                     92 us, parallelism: 0.26x
[458.416s][info ][gc,stats       ]         WR: <total>                  23 us
[458.416s][info ][gc,stats       ]         WR: VM Weak Roots            23 us, workers (us):  14,   4,   1,   1,   1,   1,   0,   1, 
[458.416s][info ][gc,stats       ]       CLDG                            0 us
[458.416s][info ][gc,stats       ]   Calculate Addresses               444 us
[458.416s][info ][gc,stats       ]     Regular Objects                 312 us
[458.416s][info ][gc,stats       ]     Humongous Objects                88 us
[458.416s][info ][gc,stats       ]   Adjust Pointers                  1244 us
[458.416s][info ][gc,stats       ]     FA: <total>                     193 us
[458.416s][info ][gc,stats       ]     FA: Thread Roots                 42 us, workers (us):   1,  30,   7,   3,   0,   0,   0,   0, 
[458.416s][info ][gc,stats       ]     FA: Code Cache Roots            123 us, workers (us): 122,   0,   0,   0,   0,   0,   0,   0, 
[458.416s][info ][gc,stats       ]     FA: VM Strong Roots               3 us, workers (us):   2,   0,   0,   0,   0,   0,   0,   0, 
[458.416s][info ][gc,stats       ]     FA: VM Weak Roots                15 us, workers (us):  12,   1,   1,   0,   0,   0,   0,   0, 
[458.416s][info ][gc,stats       ]     FA: CLDG Roots                   10 us, workers (us):   8,   1,   0,   0,   0,   0,   0,   0, 
[458.416s][info ][gc,stats       ]   Copy Objects                     1624 us
[458.416s][info ][gc,stats       ]     Regular Objects                 405 us
[458.416s][info ][gc,stats       ]     Humongous Objects                38 us
[458.416s][info ][gc,stats       ]     Reset Complete Bitmap          1134 us
[458.416s][info ][gc,stats       ]     Rebuild Region Sets              46 us
[458.416s][info ][gc,stats       ]   Post Heap Dump                      1 us
[458.416s][info ][gc,stats       ] 
[458.416s][info ][gc,stats       ] Allocation pacing accrued:
[458.416s][info ][gc,stats       ]       0 of    11 ms (  0.0%): <total>
[458.416s][info ][gc,stats       ]       0 of    11 ms (  0.0%): <average total>
[458.416s][info ][gc,stats       ] 
[458.416s][info ][gc,metaspace   ] Metaspace: 253K(448K)->253K(448K) NonClass: 247K(320K)->247K(320K) Class: 5K(128K)->5K(128K)
[458.416s][info ][gc,ergo        ] Pacer for Idle. Initial: 41943K, Alloc Tax Rate: 1.0x
[458.417s][info ][gc             ] Trigger: Handle Allocation Failure
[458.417s][info ][gc,ergo        ] Free: 1520K, Max: 1024K regular, 1024K humongous, Frag: 0% external, 25% internal; Reserve: 103M, Max: 1024K
[458.417s][info ][gc,start       ] GC(28534) Pause Full
[458.417s][info ][gc,task        ] GC(28534) Using 8 of 8 workers for full gc
[458.417s][info ][gc,phases,start] GC(28534) Phase 1: Mark live objects
[458.417s][info ][gc,ref         ] GC(28534) Clearing All SoftReferences
[458.417s][info ][gc,ref         ] GC(28534) Clearing All SoftReferences
[458.418s][info ][gc,ref         ] GC(28534) Encountered references: Soft: 7, Weak: 34, Final: 0, Phantom: 1
[458.418s][info ][gc,ref         ] GC(28534) Discovered  references: Soft: 4, Weak: 9, Final: 0, Phantom: 1
[458.418s][info ][gc,ref         ] GC(28534) Enqueued    references: Soft: 0, Weak: 0, Final: 0, Phantom: 0
[458.418s][debug][gc,phases,start] GC(28534) ClassLoaderData
[458.418s][debug][gc,phases      ] GC(28534) ClassLoaderData 0.011ms
[458.418s][debug][gc,phases,start] GC(28534) Trigger cleanups
[458.418s][debug][gc,phases      ] GC(28534) Trigger cleanups 0.005ms
[458.418s][info ][gc,phases      ] GC(28534) Phase 1: Mark live objects 0.775ms
[458.418s][info ][gc,phases,start] GC(28534) Phase 2: Compute new object addresses
[458.419s][info ][gc,phases      ] GC(28534) Phase 2: Compute new object addresses 0.464ms
[458.419s][info ][gc,phases,start] GC(28534) Phase 3: Adjust pointers
[458.420s][info ][gc,phases      ] GC(28534) Phase 3: Adjust pointers 1.076ms
[458.420s][info ][gc,phases,start] GC(28534) Phase 4: Move objects
[458.421s][info ][gc,phases      ] GC(28534) Phase 4: Move objects 1.544ms
[458.421s][info ][gc,ergo        ] GC(28534) Bad progress for free space: 1520K, need 20971K
[458.421s][info ][gc             ] GC(28534) Pause Full 1003M->1003M(2048M) 4.197ms
[458.421s][debug][gc,ergo        ] GC(28534) Margin of error now 3.29
[458.421s][debug][gc,ergo        ] GC(28534) Spike threshold now: 0.32
[458.422s][info ][gc,ergo        ] Free: 1520K, Max: 1024K regular, 1024K humongous, Frag: 0% external, 25% internal; Reserve: 103M, Max: 1024K
[458.422s][info ][gc,stats       ] 
[458.422s][info ][gc,stats       ] All times are wall-clock times, except per-root-class counters, that are sum over
[458.422s][info ][gc,stats       ] all workers. Dividing the <total> over the root stage time estimates parallelism.
[458.422s][info ][gc,stats       ] 
[458.422s][info ][gc,stats       ] Pause Full GC (G)                  4285 us
[458.422s][info ][gc,stats       ] Pause Full GC (N)                  4204 us
[458.422s][info ][gc,stats       ]   Pre Heap Dump                       0 us
[458.422s][info ][gc,stats       ]   Prepare                           108 us
[458.422s][info ][gc,stats       ]   Mark                              766 us, parallelism: 2.61x
[458.422s][info ][gc,stats       ]     FM: <total>                    2002 us
[458.422s][info ][gc,stats       ]     FM: Thread Roots                 70 us, workers (us):  34,  21,  11,   0,   1,   1,   1,   1, 
[458.422s][info ][gc             ] Failed to allocate Shared, 1024K
[458.422s][info ][gc             ] Cancelling GC: Allocation Failure
[458.422s][info ][gc,stats       ]     FM: VM Strong Roots               4 us, workers (us):   0,   1,   2,   0,   0,   0,   0,   0, 
[458.422s][info ][gc,stats       ]     FM: CLDG Roots                   17 us, workers (us):  13,   0,   1,   0,   1,   1,   1,   0, 
[458.422s][info ][gc,stats       ]     FM: Parallel Mark              1911 us, workers (us): 248, 258, 261, 255, 255, 226, 223, 186, 
[458.422s][info ][gc,stats       ]     System Purge                    377 us
[458.422s][info ][gc,stats       ]       Weak References               124 us, parallelism: 0.01x
[458.422s][info ][gc,stats       ]         WRP: <total>                  2 us
[458.422s][info ][gc,stats       ]         WRP: Weak References          2 us, workers (us):   1,   0,   0,   0,   0,   0,   0,   0, 
[458.422s][info ][gc,stats       ]       Unload Classes                138 us, parallelism: 1.15x
[458.422s][info ][gc,stats       ]         CU: <total>                 159 us
[458.422s][info ][gc,stats       ]         CU: Unload Code Caches      159 us, workers (us):  64,  44,  30,  21,   0,   0,   0,   0, 
[458.422s][info ][gc,stats       ]       Weak Roots                    113 us, parallelism: 0.17x
[458.422s][info ][gc,stats       ]         WR: <total>                  19 us
[458.422s][info ][gc,stats       ]         WR: VM Weak Roots            19 us, workers (us):  15,   1,   0,   1,   1,   1,   1,   1, 
[458.422s][info ][gc,stats       ]       CLDG                            1 us
[458.422s][info ][gc,stats       ]   Calculate Addresses               446 us
[458.422s][info ][gc,stats       ]     Regular Objects                 278 us
[458.422s][info ][gc,stats       ]     Humongous Objects               100 us
[458.422s][info ][gc,stats       ]   Adjust Pointers                  1070 us
[458.422s][info ][gc,stats       ]     FA: <total>                     170 us
[458.422s][info ][gc,stats       ]     FA: Thread Roots                 37 us, workers (us):  22,   0,  14,   0,   0,   0,   0,   0, 
[458.422s][info ][gc,stats       ]     FA: Code Cache Roots            106 us, workers (us):   0, 106,   0,   0,   0,   0,   0,   0, 
[458.422s][info ][gc,stats       ]     FA: VM Strong Roots               3 us, workers (us):   2,   0,   0,   0,   0,   0,   0,   0, 
[458.422s][info ][gc,stats       ]     FA: VM Weak Roots                15 us, workers (us):  12,   1,   1,   0,   0,   0,   0,   0, 
[458.422s][info ][gc,stats       ]     FA: CLDG Roots                    8 us, workers (us):   6,   1,   0,   0,   0,   0,   0,   0, 
[458.422s][info ][gc,stats       ]   Copy Objects                     1538 us
[458.422s][info ][gc,stats       ]     Regular Objects                 301 us
[458.422s][info ][gc,stats       ]     Humongous Objects                35 us
[458.422s][info ][gc,stats       ]     Reset Complete Bitmap          1154 us
[458.422s][info ][gc,stats       ]     Rebuild Region Sets              47 us
[458.422s][info ][gc,stats       ]   Post Heap Dump                      1 us
[458.422s][info ][gc,stats       ] 
[458.422s][info ][gc,stats       ] Allocation pacing accrued:
[458.422s][info ][gc,stats       ]       0 of     6 ms (  0.0%): <total>
[458.422s][info ][gc,stats       ]       0 of     6 ms (  0.0%): <average total>
[458.422s][info ][gc,stats       ] 
[458.422s][info ][gc,metaspace   ] Metaspace: 253K(448K)->253K(448K) NonClass: 247K(320K)->247K(320K) Class: 5K(128K)->5K(128K)
[458.422s][info ][gc,ergo        ] Pacer for Idle. Initial: 41943K, Alloc Tax Rate: 1.0x
[458.423s][info ][gc             ] Trigger: Handle Allocation Failure
[458.423s][info ][gc,ergo        ] Free: 1520K, Max: 1024K regular, 1024K humongous, Frag: 0% external, 25% internal; Reserve: 103M, Max: 1024K
[458.423s][info ][gc,start       ] GC(28535) Pause Degenerated GC (Outside of Cycle)
[458.423s][info ][gc,task        ] GC(28535) Using 8 of 8 workers for stw degenerated gc
[458.423s][info ][gc,ref         ] GC(28535) Clearing All SoftReferences
[458.424s][info ][gc,ref         ] GC(28535) Encountered references: Soft: 7, Weak: 34, Final: 0, Phantom: 1
[458.424s][info ][gc,ref         ] GC(28535) Discovered  references: Soft: 4, Weak: 9, Final: 0, Phantom: 1
[458.424s][info ][gc,ref         ] GC(28535) Enqueued    references: Soft: 0, Weak: 0, Final: 0, Phantom: 0
[458.424s][debug][gc,phases,start] GC(28535) ClassLoaderData
[458.424s][debug][gc,phases      ] GC(28535) ClassLoaderData 0.010ms
[458.424s][debug][gc,phases,start] GC(28535) Trigger cleanups
[458.424s][debug][gc,phases      ] GC(28535) Trigger cleanups 0.003ms
[458.424s][info ][gc,ergo        ] GC(28535) Adaptive CSet Selection. Target Free: 290M, Actual Free: 104M, Max CSet: 87381K, Min Garbage: 186M
[458.424s][info ][gc,ergo        ] GC(28535) Collectable Garbage: 0B (0%), Immediate: 0B (0%), CSet: 0B (0%)
[458.427s][info ][gc,ergo        ] GC(28535) Bad progress for free space: 1024K, need 20971K
[458.427s][info ][gc             ] GC(28535) Cancelling GC: Upgrade To Full GC
[458.428s][info ][gc,phases,start] GC(28535) Phase 1: Mark live objects
[458.428s][info ][gc,ref         ] GC(28535) Clearing All SoftReferences
[458.428s][info ][gc,ref         ] GC(28535) Clearing All SoftReferences
[458.428s][info ][gc,ref         ] GC(28535) Encountered references: Soft: 7, Weak: 34, Final: 0, Phantom: 1
[458.428s][info ][gc,ref         ] GC(28535) Discovered  references: Soft: 4, Weak: 9, Final: 0, Phantom: 0
[458.428s][info ][gc,ref         ] GC(28535) Enqueued    references: Soft: 0, Weak: 0, Final: 0, Phantom: 0
[458.428s][debug][gc,phases,start] GC(28535) ClassLoaderData
[458.428s][debug][gc,phases      ] GC(28535) ClassLoaderData 0.012ms
[458.428s][debug][gc,phases,start] GC(28535) Trigger cleanups
[458.428s][debug][gc,phases      ] GC(28535) Trigger cleanups 0.005ms
[458.428s][info ][gc,phases      ] GC(28535) Phase 1: Mark live objects 0.947ms
[458.429s][info ][gc,phases,start] GC(28535) Phase 2: Compute new object addresses
[458.429s][info ][gc,phases      ] GC(28535) Phase 2: Compute new object addresses 0.407ms
[458.429s][info ][gc,phases,start] GC(28535) Phase 3: Adjust pointers
[458.430s][info ][gc,phases      ] GC(28535) Phase 3: Adjust pointers 1.255ms
[458.430s][info ][gc,phases,start] GC(28535) Phase 4: Move objects
[458.432s][info ][gc,phases      ] GC(28535) Phase 4: Move objects 1.420ms
[458.432s][info ][gc,ergo        ] GC(28535) Bad progress for free space: 1520K, need 20971K
[458.432s][info ][gc             ] GC(28535) Pause Degenerated GC (Outside of Cycle) 1003M->1003M(2048M) 8.623ms
[458.432s][debug][gc,ergo        ] GC(28535) Margin of error now 3.29
[458.432s][debug][gc,ergo        ] GC(28535) Spike threshold now: 0.32
[458.432s][info ][gc,ergo        ] Free: 1520K, Max: 1024K regular, 1024K humongous, Frag: 0% external, 25% internal; Reserve: 103M, Max: 1024K
[458.432s][info ][gc,stats       ] 
[458.432s][info ][gc,stats       ] All times are wall-clock times, except per-root-class counters, that are sum over
[458.432s][info ][gc,stats       ] all workers. Dividing the <total> over the root stage time estimates parallelism.
[458.432s][info ][gc,stats       ] 
[458.432s][info ][gc,stats       ] Pause Degenerated GC (G)           8727 us
[458.432s][info ][gc,stats       ] Pause Degenerated GC (N)           8630 us
[458.432s][info ][gc             ] Failed to allocate Shared, 1024K
[458.432s][info ][gc             ] Cancelling GC: Allocation Failure
[458.432s][info ][gc,stats       ]   Degen STW Mark                    431 us, parallelism: 5.34x
[458.432s][info ][gc,stats       ]     DSM: <total>                   2299 us
[458.432s][info ][gc,stats       ]     DSM: Thread Roots                46 us, workers (us):  26,  11,   6,   1,   1,   1,   1,   0, 
[458.432s][info ][gc,stats       ]     DSM: VM Strong Roots              3 us, workers (us):   0,   2,   0,   0,   0,   0,   0,   0, 
[458.432s][info ][gc,stats       ]     DSM: CLDG Roots                  16 us, workers (us):  13,   1,   0,   0,   0,   1,   0,   0, 
[458.432s][info ][gc,stats       ]     DSM: Parallel Mark             2234 us, workers (us): 308, 337, 296, 266, 273, 288, 269, 199, 
[458.432s][info ][gc,stats       ]     System Purge                    331 us
[458.432s][info ][gc,stats       ]       Weak References               116 us, parallelism: 0.02x
[458.432s][info ][gc,stats       ]         WRP: <total>                  2 us
[458.432s][info ][gc,stats       ]         WRP: Weak References          2 us, workers (us):   1,   0,   0,   0,   0,   0,   0,   0, 
[458.432s][info ][gc,stats       ]       Unload Classes                118 us, parallelism: 1.23x
[458.432s][info ][gc,stats       ]         DCU: <total>                144 us
[458.432s][info ][gc,stats       ]         DCU: Unload Code Caches      144 us, workers (us):  56,  41,  31,  15,   0,   0,   0,   0, 
[458.432s][info ][gc,stats       ]       Weak Roots                     96 us, parallelism: 0.18x
[458.432s][info ][gc,stats       ]         DWR: <total>                 17 us
[458.432s][info ][gc,stats       ]         DWR: VM Weak Roots           17 us, workers (us):  11,   1,   0,   1,   1,   1,   1,   1, 
[458.432s][info ][gc,stats       ]       CLDG                            1 us
[458.432s][info ][gc,stats       ]   Update Region States               92 us
[458.432s][info ][gc,stats       ]   Manage GC/TLABs                     2 us
[458.432s][info ][gc,stats       ]   Choose Collection Set              25 us
[458.432s][info ][gc,stats       ]   Rebuild Free Set                    8 us
[458.432s][info ][gc,stats       ]   Evacuation                        382 us
[458.432s][info ][gc,stats       ]   Manage GCLABs                       3 us
[458.432s][info ][gc,stats       ]   Update References                1428 us
[458.432s][info ][gc,stats       ]   Update Region States              111 us
[458.432s][info ][gc,stats       ]   Trash Collection Set                3 us
[458.432s][info ][gc,stats       ]   Rebuild Free Set                   17 us
[458.432s][info ][gc,stats       ]   Degen Update Roots                225 us, parallelism: 1.22x
[458.432s][info ][gc,stats       ]     DU: <total>                     274 us
[458.432s][info ][gc,stats       ]     DU: Thread Roots                 94 us, workers (us):  23,  33,   0,  25,  12,   1,   0,   0, 
[458.432s][info ][gc,stats       ]     DU: Code Cache Roots            126 us, workers (us):   0,   0, 125,   0,   0,   0,   0,   0, 
[458.432s][info ][gc,stats       ]     DU: VM Strong Roots               6 us, workers (us):   4,   0,   0,   0,   0,   0,   0,   0, 
[458.432s][info ][gc,stats       ]     DU: VM Weak Roots                29 us, workers (us):  14,  11,   2,   1,   0,   1,   0,   0, 
[458.432s][info ][gc,stats       ]     DU: CLDG Roots                   20 us, workers (us):  14,   2,   2,   1,   1,   1,   0,   0, 
[458.432s][info ][gc,stats       ]   Cleanup                            90 us
[458.432s][info ][gc,stats       ]   Pre Heap Dump                       1 us
[458.432s][info ][gc,stats       ]   Prepare                           688 us
[458.432s][info ][gc,stats       ]   Mark                              913 us, parallelism: 2.90x
[458.432s][info ][gc,stats       ]     FM: <total>                    2650 us
[458.432s][info ][gc,stats       ]     FM: Thread Roots                 64 us, workers (us):  36,  16,   8,   0,   1,   0,   1,   2, 
[458.432s][info ][gc,stats       ]     FM: VM Strong Roots               3 us, workers (us):   2,   0,   0,   0,   0,   0,   0,   0, 
[458.432s][info ][gc,stats       ]     FM: CLDG Roots                   18 us, workers (us):   0,  15,   0,   0,   1,   0,   0,   1, 
[458.432s][info ][gc,stats       ]     FM: Parallel Mark              2564 us, workers (us): 333, 310, 353, 354, 323, 331, 280, 281, 
[458.432s][info ][gc,stats       ]     System Purge                    423 us
[458.432s][info ][gc,stats       ]       Weak References               144 us, parallelism: 0.01x
[458.432s][info ][gc,stats       ]         WRP: <total>                  2 us
[458.432s][info ][gc,stats       ]         WRP: Weak References          2 us, workers (us):   1,   0,   0,   0,   0,   0,   0,   0, 
[458.432s][info ][gc,stats       ]       Unload Classes                163 us, parallelism: 1.43x
[458.432s][info ][gc,stats       ]         CU: <total>                 233 us
[458.432s][info ][gc,stats       ]         CU: Unload Code Caches      233 us, workers (us):  59,  52,  58,  34,  30,   0,   0,   0, 
[458.432s][info ][gc,stats       ]       Weak Roots                    112 us, parallelism: 0.18x
[458.432s][info ][gc,stats       ]         WR: <total>                  20 us
[458.432s][info ][gc,stats       ]         WR: VM Weak Roots            20 us, workers (us):  15,   1,   0,   1,   1,   1,   1,   1, 
[458.432s][info ][gc,stats       ]       CLDG                            1 us
[458.432s][info ][gc,stats       ]   Calculate Addresses               399 us
[458.432s][info ][gc,stats       ]     Regular Objects                 287 us
[458.432s][info ][gc,stats       ]     Humongous Objects                56 us
[458.432s][info ][gc,stats       ]   Adjust Pointers                  1250 us
[458.432s][info ][gc,stats       ]     FA: <total>                     220 us
[458.432s][info ][gc,stats       ]     FA: Thread Roots                 52 us, workers (us):   1,  51,   0,   0,   0,   0,   0,   0, 
[458.432s][info ][gc,stats       ]     FA: Code Cache Roots            138 us, workers (us): 138,   0,   0,   0,   0,   0,   0,   0, 
[458.432s][info ][gc,stats       ]     FA: VM Strong Roots               3 us, workers (us):   2,   0,   0,   0,   0,   0,   0,   0, 
[458.432s][info ][gc,stats       ]     FA: VM Weak Roots                18 us, workers (us):  10,   8,   0,   0,   0,   0,   0,   0, 
[458.432s][info ][gc,stats       ]     FA: CLDG Roots                   10 us, workers (us):   1,   9,   0,   0,   0,   0,   0,   0, 
[458.432s][info ][gc,stats       ]   Copy Objects                     1390 us
[458.432s][info ][gc,stats       ]     Regular Objects                 358 us
[458.432s][info ][gc,stats       ]     Humongous Objects                45 us
[458.432s][info ][gc,stats       ]     Reset Complete Bitmap           930 us
[458.432s][info ][gc,stats       ]     Rebuild Region Sets              47 us
[458.432s][info ][gc,stats       ]   Post Heap Dump                      1 us
[458.432s][info ][gc,stats       ] 
[458.432s][info ][gc,stats       ] Allocation pacing accrued:
[458.432s][info ][gc,stats       ]       0 of    11 ms (  0.0%): <total>
[458.432s][info ][gc,stats       ]       0 of    11 ms (  0.0%): <average total>
[458.433s][info ][gc,stats       ] 
[458.433s][info ][gc,metaspace   ] Metaspace: 253K(448K)->253K(448K) NonClass: 247K(320K)->247K(320K) Class: 5K(128K)->5K(128K)
[458.433s][info ][gc,ergo        ] Pacer for Idle. Initial: 41943K, Alloc Tax Rate: 1.0x
[458.434s][info ][gc             ] Trigger: Handle Allocation Failure
[458.434s][info ][gc,ergo        ] Free: 1520K, Max: 1024K regular, 1024K humongous, Frag: 0% external, 25% internal; Reserve: 103M, Max: 1024K
[458.434s][info ][gc,start       ] GC(28536) Pause Degenerated GC (Outside of Cycle)
[458.434s][info ][gc,task        ] GC(28536) Using 8 of 8 workers for stw degenerated gc
[458.434s][info ][gc,ref         ] GC(28536) Clearing All SoftReferences
[458.435s][info ][gc,ref         ] GC(28536) Encountered references: Soft: 7, Weak: 34, Final: 0, Phantom: 1
[458.435s][info ][gc,ref         ] GC(28536) Discovered  references: Soft: 4, Weak: 9, Final: 0, Phantom: 1
[458.435s][info ][gc,ref         ] GC(28536) Enqueued    references: Soft: 0, Weak: 0, Final: 0, Phantom: 0
[458.435s][debug][gc,phases,start] GC(28536) ClassLoaderData
[458.435s][debug][gc,phases      ] GC(28536) ClassLoaderData 0.011ms
[458.435s][debug][gc,phases,start] GC(28536) Trigger cleanups
[458.435s][debug][gc,phases      ] GC(28536) Trigger cleanups 0.005ms
[458.435s][info ][gc,ergo        ] GC(28536) Adaptive CSet Selection. Target Free: 290M, Actual Free: 104M, Max CSet: 87381K, Min Garbage: 186M
[458.435s][info ][gc,ergo        ] GC(28536) Collectable Garbage: 0B (0%), Immediate: 0B (0%), CSet: 0B (0%)
[458.437s][info ][gc,ergo        ] GC(28536) Bad progress for free space: 1024K, need 20971K
[458.437s][info ][gc             ] GC(28536) Cancelling GC: Upgrade To Full GC
[458.438s][info ][gc,phases,start] GC(28536) Phase 1: Mark live objects
[458.438s][info ][gc,ref         ] GC(28536) Clearing All SoftReferences
[458.439s][info ][gc,ref         ] GC(28536) Clearing All SoftReferences
[458.439s][info ][gc,ref         ] GC(28536) Encountered references: Soft: 7, Weak: 34, Final: 0, Phantom: 1
[458.439s][info ][gc,ref         ] GC(28536) Discovered  references: Soft: 4, Weak: 9, Final: 0, Phantom: 1
[458.439s][info ][gc,ref         ] GC(28536) Enqueued    references: Soft: 0, Weak: 0, Final: 0, Phantom: 0
[458.439s][debug][gc,phases,start] GC(28536) ClassLoaderData
[458.439s][debug][gc,phases      ] GC(28536) ClassLoaderData 0.012ms
[458.439s][debug][gc,phases,start] GC(28536) Trigger cleanups
[458.439s][debug][gc,phases      ] GC(28536) Trigger cleanups 0.003ms
[458.439s][info ][gc,phases      ] GC(28536) Phase 1: Mark live objects 0.968ms
[458.439s][info ][gc,phases,start] GC(28536) Phase 2: Compute new object addresses
[458.440s][info ][gc,phases      ] GC(28536) Phase 2: Compute new object addresses 0.481ms
[458.440s][info ][gc,phases,start] GC(28536) Phase 3: Adjust pointers
[458.441s][info ][gc,phases      ] GC(28536) Phase 3: Adjust pointers 1.037ms
[458.441s][info ][gc,phases,start] GC(28536) Phase 4: Move objects
[458.443s][info ][gc,phases      ] GC(28536) Phase 4: Move objects 1.651ms
[458.443s][info ][gc,ergo        ] GC(28536) Bad progress for free space: 1520K, need 20971K
[458.443s][info ][gc             ] GC(28536) Pause Degenerated GC (Outside of Cycle) 1003M->1003M(2048M) 9.068ms
[458.443s][debug][gc,ergo        ] GC(28536) Margin of error now 3.29
[458.443s][debug][gc,ergo        ] GC(28536) Spike threshold now: 0.32
[458.443s][info ][gc,ergo        ] Free: 1520K, Max: 1024K regular, 1024K humongous, Frag: 0% external, 25% internal; Reserve: 103M, Max: 1024K
[458.443s][info ][gc,stats       ] 
[458.443s][info ][gc,stats       ] All times are wall-clock times, except per-root-class counters, that are sum over
[458.443s][info ][gc,stats       ] all workers. Dividing the <total> over the root stage time estimates parallelism.
[458.443s][info ][gc,stats       ] 
[458.443s][info ][gc,stats       ] Pause Degenerated GC (G)           9185 us
[458.443s][info ][gc,stats       ] Pause Degenerated GC (N)           9075 us
[458.443s][info ][gc,stats       ]   Degen STW Mark                    456 us, parallelism: 4.69x
[458.443s][info ][gc,stats       ]     DSM: <total>                   2141 us
[458.443s][info ][gc,stats       ]     DSM: Thread Roots                72 us, workers (us):  60,   7,   1,   1,   1,   1,   1,   0, 
[458.443s][info ][gc,stats       ]     DSM: VM Strong Roots              4 us, workers (us):   0,   1,   1,   0,   0,   0,   0,   0, 
[458.443s][info ][gc,stats       ]     DSM: CLDG Roots                  17 us, workers (us):  14,   0,   0,   1,   1,   1,   0,   0, 
[458.443s][info ][gc,stats       ]     DSM: Parallel Mark             2047 us, workers (us): 287, 270, 241, 262, 272, 241, 252, 224, 
[458.443s][info ][gc,stats       ]     System Purge                    422 us
[458.443s][info ][gc,stats       ]       Weak References               153 us, parallelism: 0.01x
[458.443s][info ][gc,stats       ]         WRP: <total>                  2 us
[458.443s][info ][gc,stats       ]         WRP: Weak References          2 us, workers (us):   1,   0,   0,   0,   0,   0,   0,   0, 
[458.443s][info ][gc             ] Failed to allocate Shared, 1024K
[458.443s][info ][gc             ] Cancelling GC: Allocation Failure
[458.443s][info ][gc,stats       ]       Unload Classes                152 us, parallelism: 0.98x
[458.443s][info ][gc,stats       ]         DCU: <total>                150 us
[458.443s][info ][gc,stats       ]         DCU: Unload Code Caches      150 us, workers (us):  47,  33,  35,  35,   0,   0,   0,   0, 
[458.443s][info ][gc,stats       ]       Weak Roots                    115 us, parallelism: 0.18x
[458.443s][info ][gc,stats       ]         DWR: <total>                 21 us
[458.443s][info ][gc,stats       ]         DWR: VM Weak Roots           21 us, workers (us):  10,   7,   1,   1,   1,   1,   1,   1, 
[458.443s][info ][gc,stats       ]       CLDG                            1 us
[458.443s][info ][gc,stats       ]   Update Region States              127 us
[458.443s][info ][gc,stats       ]   Manage GC/TLABs                     2 us
[458.443s][info ][gc,stats       ]   Choose Collection Set              31 us
[458.443s][info ][gc,stats       ]   Rebuild Free Set                   12 us
[458.443s][info ][gc,stats       ]   Evacuation                        413 us
[458.443s][info ][gc,stats       ]   Manage GCLABs                       3 us
[458.443s][info ][gc,stats       ]   Update References                1236 us
[458.443s][info ][gc,stats       ]   Update Region States              102 us
[458.443s][info ][gc,stats       ]   Trash Collection Set                3 us
[458.443s][info ][gc,stats       ]   Rebuild Free Set                   12 us
[458.443s][info ][gc,stats       ]   Degen Update Roots                237 us, parallelism: 1.16x
[458.443s][info ][gc,stats       ]     DU: <total>                     275 us
[458.443s][info ][gc,stats       ]     DU: Thread Roots                 80 us, workers (us):   1,  19,  30,  20,   9,   1,   0,   0, 
[458.443s][info ][gc,stats       ]     DU: Code Cache Roots            145 us, workers (us): 143,   0,   0,   0,   0,   0,   0,   0, 
[458.443s][info ][gc,stats       ]     DU: VM Strong Roots               6 us, workers (us):   4,   0,   0,   0,   0,   0,   0,   0, 
[458.443s][info ][gc,stats       ]     DU: VM Weak Roots                27 us, workers (us):  14,   9,   2,   1,   0,   0,   0,   0, 
[458.443s][info ][gc,stats       ]     DU: CLDG Roots                   18 us, workers (us):   2,  13,   2,   1,   0,   0,   0,   0, 
[458.443s][info ][gc,stats       ]   Cleanup                            84 us
[458.443s][info ][gc,stats       ]   Pre Heap Dump                       1 us
[458.443s][info ][gc,stats       ]   Prepare                           935 us
[458.443s][info ][gc,stats       ]   Mark                              919 us, parallelism: 3.18x
[458.443s][info ][gc,stats       ]     FM: <total>                    2921 us
[458.443s][info ][gc,stats       ]     FM: Thread Roots                 93 us, workers (us):  35,  33,  19,   1,   1,   1,   1,   0, 
[458.443s][info ][gc,stats       ]     FM: VM Strong Roots               4 us, workers (us):   0,   2,   1,   0,   1,   0,   0,   0, 
[458.443s][info ][gc,stats       ]     FM: CLDG Roots                   21 us, workers (us):  17,   0,   0,   1,   1,   0,   0,   0, 
[458.443s][info ][gc,stats       ]     FM: Parallel Mark              2803 us, workers (us): 369, 355, 376, 389, 336, 363, 348, 266, 
[458.443s][info ][gc,stats       ]     System Purge                    370 us
[458.443s][info ][gc,stats       ]       Weak References               141 us, parallelism: 0.02x
[458.443s][info ][gc,stats       ]         WRP: <total>                  2 us
[458.443s][info ][gc,stats       ]         WRP: Weak References          2 us, workers (us):   2,   0,   0,   0,   0,   0,   0,   0, 
[458.443s][info ][gc,stats       ]       Unload Classes                123 us, parallelism: 1.33x
[458.443s][info ][gc,stats       ]         CU: <total>                 164 us
[458.443s][info ][gc,stats       ]         CU: Unload Code Caches      164 us, workers (us):  52,  56,  36,  20,   0,   0,   0,   0, 
[458.443s][info ][gc,stats       ]       Weak Roots                    104 us, parallelism: 0.19x
[458.443s][info ][gc,stats       ]         WR: <total>                  20 us
[458.443s][info ][gc,stats       ]         WR: VM Weak Roots            20 us, workers (us):  14,   1,   0,   1,   0,   1,   1,   1, 
[458.443s][info ][gc,stats       ]       CLDG                            1 us
[458.443s][info ][gc,stats       ]   Calculate Addresses               477 us
[458.443s][info ][gc,stats       ]     Regular Objects                 372 us
[458.443s][info ][gc,stats       ]     Humongous Objects                64 us
[458.443s][info ][gc,stats       ]   Adjust Pointers                  1032 us
[458.443s][info ][gc,stats       ]     FA: <total>                     168 us
[458.443s][info ][gc,stats       ]     FA: Thread Roots                 35 us, workers (us):   1,  13,  16,   5,   0,   0,   1,   1, 
[458.443s][info ][gc,stats       ]     FA: Code Cache Roots            106 us, workers (us): 106,   0,   0,   0,   0,   0,   0,   0, 
[458.443s][info ][gc,stats       ]     FA: VM Strong Roots               3 us, workers (us):   2,   0,   0,   0,   0,   0,   0,   0, 
[458.443s][info ][gc,stats       ]     FA: VM Weak Roots                14 us, workers (us):  10,   2,   0,   0,   0,   0,   0,   1, 
[458.443s][info ][gc,stats       ]     FA: CLDG Roots                   10 us, workers (us):   1,   7,   0,   0,   0,   0,   0,   1, 
[458.443s][info ][gc,stats       ]   Copy Objects                     1647 us
[458.443s][info ][gc,stats       ]     Regular Objects                 328 us
[458.443s][info ][gc,stats       ]     Humongous Objects                31 us
[458.443s][info ][gc,stats       ]     Reset Complete Bitmap          1245 us
[458.443s][info ][gc,stats       ]     Rebuild Region Sets              42 us
[458.443s][info ][gc,stats       ]   Post Heap Dump                      1 us
[458.443s][info ][gc,stats       ] 
[458.443s][info ][gc,stats       ] Allocation pacing accrued:
[458.443s][info ][gc,stats       ]       0 of    11 ms (  0.0%): <total>
[458.443s][info ][gc,stats       ]       0 of    11 ms (  0.0%): <average total>
[458.443s][info ][gc,stats       ] 
[458.443s][info ][gc,metaspace   ] Metaspace: 253K(448K)->253K(448K) NonClass: 247K(320K)->247K(320K) Class: 5K(128K)->5K(128K)
[458.443s][info ][gc,ergo        ] Pacer for Idle. Initial: 41943K, Alloc Tax Rate: 1.0x
[458.445s][info ][gc             ] Trigger: Handle Allocation Failure
[458.445s][info ][gc,ergo        ] Free: 1517K, Max: 1021K regular, 0B humongous, Frag: 0% external, 25% internal; Reserve: 103M, Max: 1024K
[458.445s][info ][gc,start       ] GC(28537) Pause Degenerated GC (Outside of Cycle)
[458.445s][info ][gc,task        ] GC(28537) Using 8 of 8 workers for stw degenerated gc
[458.445s][info ][gc,ref         ] GC(28537) Clearing All SoftReferences
[458.446s][info ][gc,ref         ] GC(28537) Encountered references: Soft: 7, Weak: 34, Final: 0, Phantom: 1
[458.446s][info ][gc,ref         ] GC(28537) Discovered  references: Soft: 4, Weak: 1, Final: 0, Phantom: 1
[458.446s][info ][gc,ref         ] GC(28537) Enqueued    references: Soft: 0, Weak: 0, Final: 0, Phantom: 0
[458.446s][debug][gc,phases,start] GC(28537) ClassLoaderData
[458.446s][debug][gc,phases      ] GC(28537) ClassLoaderData 0.010ms
[458.446s][debug][gc,phases,start] GC(28537) Trigger cleanups
[458.446s][debug][gc,phases      ] GC(28537) Trigger cleanups 0.003ms
[458.446s][info ][gc,ergo        ] GC(28537) Collectable Garbage: 18434K (100%), Immediate: 18434K (100%), CSet: 0B (0%)
[458.446s][debug][gc,tlab        ] GC(28537) TLAB totals: thrds: 1  refills: 1 max: 1 slow allocs: 0 max 0 waste: 97.9% gc: 2624B max: 2624B slow: 0B max: 0B
[458.446s][info ][gc,ergo        ] GC(28537) Good progress for free space: 38384K, need 20971K
[458.446s][info ][gc,ergo        ] GC(28537) Good progress for used space: 18434K, need 1024K
[458.446s][info ][gc             ] GC(28537) Pause Degenerated GC (Outside of Cycle) 1003M->985M(2048M) 1.669ms
[458.446s][debug][gc,ergo        ] GC(28537) Margin of error now 3.29
[458.446s][debug][gc,ergo        ] GC(28537) Spike threshold now: 0.32
[458.447s][info ][gc,ergo        ] Free: 38384K, Max: 1024K regular, 30720K humongous, Frag: 19% external, 1% internal; Reserve: 103M, Max: 1024K
[458.447s][info ][gc,stats       ] 
[458.447s][info ][gc,stats       ] All times are wall-clock times, except per-root-class counters, that are sum over
[458.447s][info ][gc,stats       ] all workers. Dividing the <total> over the root stage time estimates parallelism.
[458.447s][info ][gc,stats       ] 
[458.447s][info ][gc,stats       ] Pause Degenerated GC (G)           1760 us
[458.447s][info ][gc,stats       ] Pause Degenerated GC (N)           1673 us
[458.447s][info ][gc,stats       ]   Degen STW Mark                    561 us, parallelism: 4.62x
[458.447s][info ][gc,stats       ]     DSM: <total>                   2590 us
[458.447s][info ][gc,stats       ]     DSM: Thread Roots                85 us, workers (us):  43,  30,   7,   0,   1,   1,   1,   1, 
[458.447s][info ][gc,stats       ]     DSM: VM Strong Roots              3 us, workers (us):   0,   2,   0,   0,   0,   0,   0,   0, 
[458.447s][info ][gc,stats       ]     DSM: CLDG Roots                  16 us, workers (us):  12,   1,   0,   0,   1,   1,   1,   1, 
[458.447s][info ][gc,stats       ]     DSM: Parallel Mark             2487 us, workers (us): 305, 402, 265, 391, 255, 321, 268, 280, 
[458.447s][info ][gc,stats       ]     System Purge                    435 us
[458.447s][info ][gc,stats       ]       Weak References               195 us, parallelism: 0.01x
[458.447s][info ][gc,stats       ]         WRP: <total>                  2 us
[458.447s][info ][gc,stats       ]         WRP: Weak References          2 us, workers (us):   1,   0,   0,   0,   0,   0,   0,   0, 
[458.447s][info ][gc,stats       ]       Unload Classes                132 us, parallelism: 1.77x
[458.447s][info ][gc,stats       ]         DCU: <total>                234 us
[458.447s][info ][gc,stats       ]         DCU: Unload Code Caches      234 us, workers (us):  77,  69,  50,  30,   8,   0,   0,   0, 
[458.447s][info ][gc,stats       ]       Weak Roots                    106 us, parallelism: 0.17x
[458.447s][info ][gc,stats       ]         DWR: <total>                 19 us
[458.447s][info ][gc,stats       ]         DWR: VM Weak Roots           19 us, workers (us):  13,   0,   0,   1,   1,   1,   1,   1, 
[458.447s][info ][gc,stats       ]       CLDG                            0 us
[458.447s][info ][gc,stats       ]   Update Region States               99 us
[458.447s][info ][gc,stats       ]   Manage GC/TLABs                     8 us
[458.447s][info ][gc,stats       ]   Choose Collection Set              25 us
[458.447s][info ][gc,stats       ]   Rebuild Free Set                    7 us
[458.447s][info ][gc,stats       ]   Cleanup                            86 us
[458.447s][info ][gc,stats       ] 
[458.447s][info ][gc,stats       ] Allocation pacing accrued:
[458.447s][info ][gc,stats       ]       0 of     3 ms (  0.0%): <total>
[458.447s][info ][gc,stats       ]       0 of     3 ms (  0.0%): <average total>
[458.447s][info ][gc,stats       ] 
[458.447s][info ][gc,metaspace   ] Metaspace: 253K(448K)->253K(448K) NonClass: 247K(320K)->247K(320K) Class: 5K(128K)->5K(128K)
[458.447s][info ][gc,ergo        ] Pacer for Idle. Initial: 41943K, Alloc Tax Rate: 1.0x
[458.448s][info ][gc             ] Trigger: Free (9712K) is below minimum threshold (204M)
[458.448s][info ][gc,ergo        ] Free: 7664K, Max: 1024K regular, 6144K humongous, Frag: 15% external, 6% internal; Reserve: 103M, Max: 1024K
[458.448s][info ][gc,start       ] GC(28538) Concurrent reset
[458.448s][info ][gc,task        ] GC(28538) Using 4 of 8 workers for concurrent reset
[458.448s][info ][gc,ergo        ] GC(28538) Pacer for Reset. Non-Taxable: 2048M
[458.448s][info ][gc             ] Failed to allocate Shared, 1024K
[458.448s][info ][gc             ] Cancelling GC: Allocation Failure
[458.449s][info ][gc             ] GC(28538) Concurrent reset 1.367ms
[458.449s][info ][gc,start       ] GC(28538) Pause Init Mark (unload classes)
[458.449s][info ][gc,task        ] GC(28538) Using 8 of 8 workers for init marking
[458.450s][info ][gc,ergo        ] GC(28538) Pacer for Mark. Expected Live: 9571M, Free: 1520K, Non-Taxable: 152K, Alloc Tax Rate: 7881.1x
[458.450s][info ][gc             ] GC(28538) Pause Init Mark (unload classes) 0.155ms
[458.450s][info ][gc,start       ] GC(28538) Concurrent marking roots
[458.450s][info ][gc,task        ] GC(28538) Using 4 of 8 workers for concurrent marking roots
[458.450s][info ][gc             ] GC(28538) Concurrent marking roots 0.185ms
[458.450s][info ][gc,ergo        ] Free: 1520K, Max: 1024K regular, 1024K humongous, Frag: 0% external, 25% internal; Reserve: 103M, Max: 1024K
[458.450s][info ][gc,stats       ] 
[458.450s][info ][gc,stats       ] All times are wall-clock times, except per-root-class counters, that are sum over
[458.450s][info ][gc,stats       ] all workers. Dividing the <total> over the root stage time estimates parallelism.
[458.450s][info ][gc,stats       ] 
[458.450s][info ][gc,stats       ] Concurrent Reset                   1415 us
[458.450s][info ][gc,stats       ] Pause Init Mark (G)                 225 us
[458.450s][info ][gc,stats       ] Pause Init Mark (N)                 162 us
[458.450s][info ][gc,stats       ]   Update Region States              110 us
[458.450s][info ][gc,stats       ] Concurrent Mark Roots               203 us, parallelism: 1.72x
[458.450s][info ][gc,stats       ]   CMR: <total>                      348 us
[458.450s][info ][gc,stats       ]   CMR: Thread Roots                 331 us, workers (us):  88,  87,  82,  74, ---, ---, ---, ---, 
[458.450s][info ][gc,stats       ]   CMR: VM Strong Roots                3 us, workers (us):   3,   0,   0,   0, ---, ---, ---, ---, 
[458.450s][info ][gc,stats       ]   CMR: CLDG Roots                    14 us, workers (us):  13,   0, ---, ---, ---, ---, ---, ---, 
[458.450s][info ][gc,stats       ] 
[458.450s][info ][gc,stats       ] Allocation pacing accrued:
[458.450s][info ][gc,stats       ]       0 of     3 ms (  0.0%): <total>
[458.450s][info ][gc,stats       ]       0 of     3 ms (  0.0%): <average total>
[458.450s][info ][gc,stats       ] 
[458.450s][info ][gc,metaspace   ] Metaspace: 253K(448K)->253K(448K) NonClass: 247K(320K)->247K(320K) Class: 5K(128K)->5K(128K)
[458.450s][info ][gc,ergo        ] Pacer for Idle. Initial: 41943K, Alloc Tax Rate: 1.0x
[458.451s][info ][gc             ] Trigger: Handle Allocation Failure
[458.451s][info ][gc,ergo        ] Free: 1520K, Max: 1024K regular, 1024K humongous, Frag: 0% external, 25% internal; Reserve: 103M, Max: 1024K
[458.451s][info ][gc,start       ] GC(28539) Pause Degenerated GC (Outside of Cycle)
[458.451s][info ][gc,task        ] GC(28539) Using 8 of 8 workers for stw degenerated gc
[458.452s][info ][gc,ref         ] GC(28539) Clearing All SoftReferences
[458.453s][info ][gc,ref         ] GC(28539) Encountered references: Soft: 7, Weak: 34, Final: 0, Phantom: 1
[458.453s][info ][gc,ref         ] GC(28539) Discovered  references: Soft: 4, Weak: 1, Final: 0, Phantom: 1
[458.453s][info ][gc,ref         ] GC(28539) Enqueued    references: Soft: 0, Weak: 0, Final: 0, Phantom: 0
[458.453s][debug][gc,phases,start] GC(28539) ClassLoaderData
[458.453s][debug][gc,phases      ] GC(28539) ClassLoaderData 0.009ms
[458.453s][debug][gc,phases,start] GC(28539) Trigger cleanups
[458.453s][debug][gc,phases      ] GC(28539) Trigger cleanups 0.003ms
[458.453s][info ][gc,ergo        ] GC(28539) Collectable Garbage: 46080K (100%), Immediate: 46080K (100%), CSet: 0B (0%)
[458.454s][info ][gc,ergo        ] GC(28539) Good progress for free space: 93680K, need 20971K
[458.454s][info ][gc,ergo        ] GC(28539) Good progress for used space: 46080K, need 1024K
[458.454s][info ][gc             ] GC(28539) Pause Degenerated GC (Outside of Cycle) 1003M->958M(2048M) 2.560ms
[458.454s][debug][gc,ergo        ] GC(28539) Margin of error now 3.29
[458.454s][debug][gc,ergo        ] GC(28539) Spike threshold now: 0.32
[458.454s][info ][gc,ergo        ] Free: 93680K, Max: 1024K regular, 68608K humongous, Frag: 27% external, 0% internal; Reserve: 103M, Max: 1024K
[458.454s][info ][gc,stats       ] 
[458.454s][info ][gc,stats       ] All times are wall-clock times, except per-root-class counters, that are sum over
[458.454s][info ][gc,stats       ] all workers. Dividing the <total> over the root stage time estimates parallelism.
[458.454s][info ][gc,stats       ] 
[458.454s][info ][gc,stats       ] Pause Degenerated GC (G)           2760 us
[458.454s][info ][gc,stats       ] Pause Degenerated GC (N)           2565 us
[458.454s][info ][gc,stats       ]   Degen STW Mark                    494 us, parallelism: 5.46x
[458.454s][info ][gc,stats       ]     DSM: <total>                   2697 us
[458.454s][info ][gc,stats       ]     DSM: Thread Roots                53 us, workers (us):  28,  13,   7,   0,   1,   1,   1,   1, 
[458.454s][info ][gc,stats       ]     DSM: VM Strong Roots              2 us, workers (us):   2,   0,   0,   0,   0,   0,   0,   0, 
[458.454s][info ][gc,stats       ]     DSM: CLDG Roots                  17 us, workers (us):   0,  14,   0,   0,   0,   1,   1,   1, 
[458.454s][info ][gc,stats       ]     DSM: Parallel Mark             2624 us, workers (us): 371, 381, 343, 399, 289, 302, 289, 250, 
[458.454s][info ][gc,stats       ]     System Purge                    331 us
[458.454s][info ][gc,stats       ]       Weak References               110 us, parallelism: 0.02x
[458.454s][info ][gc,stats       ]         WRP: <total>                  2 us
[458.454s][info ][gc,stats       ]         WRP: Weak References          2 us, workers (us):   1,   0,   0,   0,   0,   0,   0,   0, 
[458.454s][info ][gc,stats       ]       Unload Classes                129 us, parallelism: 1.06x
[458.454s][info ][gc,stats       ]         DCU: <total>                136 us
[458.454s][info ][gc,stats       ]         DCU: Unload Code Caches      136 us, workers (us):  49,  37,  34,  16,   0,   0,   0,   0, 
[458.454s][info ][gc,stats       ]       Weak Roots                     91 us, parallelism: 0.19x
[458.454s][info ][gc,stats       ]         DWR: <total>                 17 us
[458.454s][info ][gc,stats       ]         DWR: VM Weak Roots           17 us, workers (us):  12,   0,   0,   1,   1,   0,   1,   0, 
[458.454s][info ][gc,stats       ]       CLDG                            0 us
[458.454s][info ][gc,stats       ]   Update Region States               94 us
[458.454s][info ][gc,stats       ]   Manage GC/TLABs                     1 us
[458.454s][info ][gc,stats       ]   Choose Collection Set              36 us
[458.454s][info ][gc,stats       ]   Rebuild Free Set                    8 us
[458.454s][info ][gc,stats       ]   Cleanup                           105 us
[458.454s][info ][gc,stats       ] 
[458.454s][info ][gc,stats       ] Allocation pacing accrued:
[458.454s][info ][gc,stats       ]       0 of     4 ms (  0.0%): <total>
[458.454s][info ][gc,stats       ]       0 of     4 ms (  0.0%): <average total>
[458.454s][info ][gc,stats       ] 
[458.454s][info ][gc,metaspace   ] Metaspace: 253K(448K)->253K(448K) NonClass: 247K(320K)->247K(320K) Class: 5K(128K)->5K(128K)
[458.454s][info ][gc,ergo        ] Pacer for Idle. Initial: 41943K, Alloc Tax Rate: 1.0x
[458.455s][info ][gc             ] Trigger: Free (62960K) is below minimum threshold (204M)
[458.455s][info ][gc,ergo        ] Free: 60912K, Max: 1024K regular, 37888K humongous, Frag: 38% external, 0% internal; Reserve: 103M, Max: 1024K
[458.455s][info ][gc,start       ] GC(28540) Concurrent reset
[458.455s][info ][gc,task        ] GC(28540) Using 4 of 8 workers for concurrent reset
[458.455s][info ][gc,ergo        ] GC(28540) Pacer for Reset. Non-Taxable: 2048M
[458.457s][info ][gc             ] GC(28540) Concurrent reset 2.090ms
[458.457s][info ][gc,start       ] GC(28540) Pause Init Mark (unload classes)
[458.457s][info ][gc,task        ] GC(28540) Using 8 of 8 workers for init marking
[458.458s][info ][gc,ergo        ] GC(28540) Pacer for Mark. Expected Live: 9575M, Free: 32240K, Non-Taxable: 3224K, Alloc Tax Rate: 371.7x
[458.458s][info ][gc             ] GC(28540) Pause Init Mark (unload classes) 0.136ms
[458.458s][info ][gc,start       ] GC(28540) Concurrent marking roots
[458.458s][info ][gc,task        ] GC(28540) Using 4 of 8 workers for concurrent marking roots
[458.458s][info ][gc             ] GC(28540) Concurrent marking roots 0.212ms
[458.458s][info ][gc,start       ] GC(28540) Concurrent marking (unload classes)
[458.458s][info ][gc,task        ] GC(28540) Using 4 of 8 workers for concurrent marking
[458.458s][info ][gc             ] GC(28540) Concurrent marking (unload classes) 0.516ms
[458.458s][info ][gc,start       ] GC(28540) Pause Final Mark (unload classes)
[458.458s][info ][gc,task        ] GC(28540) Using 8 of 8 workers for final marking
[458.459s][info ][gc,ergo        ] GC(28540) Collectable Garbage: 27648K (100%), Immediate: 27648K (100%), CSet: 0B (0%)
[458.459s][info ][gc             ] GC(28540) Pause Final Mark (unload classes) 0.430ms
[458.459s][info ][gc,start       ] GC(28540) Concurrent weak references
[458.459s][info ][gc,task        ] GC(28540) Using 4 of 8 workers for concurrent weak references
[458.459s][info ][gc,ref         ] GC(28540) Encountered references: Soft: 7, Weak: 34, Final: 0, Phantom: 1
[458.459s][info ][gc,ref         ] GC(28540) Discovered  references: Soft: 0, Weak: 1, Final: 0, Phantom: 1
[458.459s][info ][gc,ref         ] GC(28540) Enqueued    references: Soft: 0, Weak: 0, Final: 0, Phantom: 0
[458.459s][info ][gc             ] GC(28540) Concurrent weak references 0.081ms
[458.459s][info ][gc,start       ] GC(28540) Concurrent weak roots
[458.459s][info ][gc,task        ] GC(28540) Using 4 of 8 workers for concurrent weak root
[458.459s][info ][gc             ] GC(28540) Concurrent weak roots 0.130ms
[458.459s][info ][gc,start       ] GC(28540) Concurrent cleanup
[458.459s][info ][gc             ] GC(28540) Concurrent cleanup 990M->963M(2048M) 0.092ms
[458.459s][info ][gc,ergo        ] GC(28540) Free: 83440K, Max: 1024K regular, 5120K humongous, Frag: 94% external, 0% internal; Reserve: 103M, Max: 1024K
[458.459s][info ][gc,start       ] GC(28540) Concurrent class unloading
[458.459s][info ][gc,task        ] GC(28540) Using 4 of 8 workers for concurrent class unloading
[458.459s][debug][gc,phases,start] GC(28540) ClassLoaderData
[458.459s][debug][gc,phases      ] GC(28540) ClassLoaderData 0.005ms
[458.459s][debug][gc,phases,start] GC(28540) Trigger cleanups
[458.459s][debug][gc,phases      ] GC(28540) Trigger cleanups 0.003ms
[458.459s][info ][gc             ] GC(28540) Concurrent class unloading 0.276ms
[458.460s][info ][gc,start       ] GC(28540) Pause Final Roots
[458.460s][info ][gc             ] GC(28540) Pause Final Roots 0.027ms
[458.460s][debug][gc,ergo        ] GC(28540) Available: 83440 KB, z-score=-2.323. Average available: 157.8 MB +/- 33639.8 KB.
[458.460s][info ][gc,ergo        ] Free: 83440K, Max: 1024K regular, 5120K humongous, Frag: 94% external, 0% internal; Reserve: 103M, Max: 1024K
[458.460s][info ][gc,stats       ] 
[458.460s][info ][gc,stats       ] All times are wall-clock times, except per-root-class counters, that are sum over
[458.460s][info ][gc,stats       ] all workers. Dividing the <total> over the root stage time estimates parallelism.
[458.460s][info ][gc,stats       ] 
[458.460s][info ][gc,stats       ] Concurrent Reset                   2111 us
[458.460s][info ][gc,stats       ] Pause Init Mark (G)                 206 us
[458.460s][info ][gc,stats       ] Pause Init Mark (N)                 141 us
[458.460s][info ][gc,stats       ]   Update Region States              101 us
[458.460s][info ][gc,stats       ] Concurrent Mark Roots               228 us, parallelism: 1.29x
[458.460s][info ][gc,stats       ]   CMR: <total>                      294 us
[458.460s][info ][gc,stats       ]   CMR: Thread Roots                 269 us, workers (us):  71,  82,  67,  48, ---, ---, ---, ---, 
[458.460s][info ][gc,stats       ]   CMR: VM Strong Roots                3 us, workers (us):   3,   0,   0,   0, ---, ---, ---, ---, 
[458.460s][info ][gc,stats       ]   CMR: CLDG Roots                    22 us, workers (us):  21,   1, ---, ---, ---, ---, ---, ---, 
[458.460s][info ][gc,stats       ] Concurrent Marking                  535 us
[458.460s][info ][gc,stats       ] Pause Final Mark (G)                510 us
[458.460s][info ][gc,stats       ] Pause Final Mark (N)                436 us
[458.460s][info ][gc,stats       ]   Finish Mark                       266 us
[458.460s][info ][gc,stats       ]   Update Region States               97 us
[458.460s][info ][gc,stats       ]   Choose Collection Set              35 us
[458.460s][info ][gc,stats       ]   Rebuild Free Set                    7 us
[458.460s][info ][gc,stats       ] Concurrent Weak References           85 us, parallelism: 0.02x
[458.460s][info ][gc,stats       ]   CWRF: <total>                       2 us
[458.460s][info ][gc,stats       ]   CWRF: Weak References               2 us, workers (us):   1,   0,   0,   0, ---, ---, ---, ---, 
[458.460s][info ][gc,stats       ] Concurrent Weak Roots               139 us
[458.460s][info ][gc,stats       ]   Roots                              76 us, parallelism: 0.55x
[458.460s][info ][gc,stats       ]     CWR: <total>                     42 us
[458.460s][info ][gc,stats       ]     CWR: Code Cache Roots            24 us, workers (us):  24,   0,   0,   0, ---, ---, ---, ---, 
[458.460s][info ][gc,stats       ]     CWR: VM Weak Roots               17 us, workers (us):   9,   7,   0,   1, ---, ---, ---, ---, 
[458.460s][info ][gc,stats       ]     CWR: CLDG Roots                   1 us, workers (us): ---,   1, ---, ---, ---, ---, ---, ---, 
[458.460s][info ][gc,stats       ]   Rendezvous                         46 us
[458.460s][info ][gc,stats       ] Concurrent Cleanup                   96 us
[458.460s][info ][gc,stats       ] Concurrent Class Unloading          288 us
[458.460s][info ][gc,stats       ]   Unlink Stale                      159 us
[458.460s][info ][gc,stats       ]     System Dictionary                15 us
[458.460s][info ][gc,stats       ]     Weak Class Links                  0 us
[458.460s][info ][gc,stats       ]     Code Roots                      143 us
[458.460s][info ][gc,stats       ]   Rendezvous                         44 us
[458.460s][info ][gc,stats       ]   Purge Unlinked                     65 us
[458.460s][info ][gc,stats       ]     Code Roots                       52 us
[458.460s][info ][gc,stats       ]     CLDG                             12 us
[458.460s][info ][gc,stats       ]     Exception Caches                  0 us
[458.460s][info ][gc,stats       ] Pause Final Roots (G)                93 us
[458.460s][info ][gc,stats       ] Pause Final Roots (N)                34 us
[458.460s][info ][gc,stats       ] 
[458.460s][info ][gc,stats       ] Allocation pacing accrued:
[458.460s][info ][gc,stats       ]       0 of     6 ms (  0.0%): <total>
[458.460s][info ][gc,stats       ]       0 of     6 ms (  0.0%): <average total>
[458.460s][info ][gc,stats       ] 
[458.460s][info ][gc,metaspace   ] Metaspace: 253K(448K)->253K(448K) NonClass: 247K(320K)->247K(320K) Class: 5K(128K)->5K(128K)
[458.460s][info ][gc,ergo        ] Pacer for Idle. Initial: 41943K, Alloc Tax Rate: 1.0x
[458.461s][info ][gc             ] Trigger: Free (83440K) is below minimum threshold (204M)
[458.461s][info ][gc,ergo        ] Free: 83440K, Max: 1024K regular, 5120K humongous, Frag: 94% external, 0% internal; Reserve: 103M, Max: 1024K
[458.461s][info ][gc,start       ] GC(28541) Concurrent reset
[458.461s][info ][gc,task        ] GC(28541) Using 4 of 8 workers for concurrent reset
[458.461s][info ][gc,ergo        ] GC(28541) Pacer for Reset. Non-Taxable: 2048M
[458.462s][info ][gc             ] GC(28541) Concurrent reset 1.192ms
[458.462s][info ][gc,start       ] GC(28541) Pause Init Mark (unload classes)
[458.462s][info ][gc,task        ] GC(28541) Using 8 of 8 workers for init marking
[458.462s][info ][gc,ergo        ] GC(28541) Pacer for Mark. Expected Live: 9580M, Free: 83440K, Non-Taxable: 8344K, Alloc Tax Rate: 143.7x
[458.462s][info ][gc             ] GC(28541) Pause Init Mark (unload classes) 0.129ms
[458.462s][info ][gc,start       ] GC(28541) Concurrent marking roots
[458.462s][info ][gc,task        ] GC(28541) Using 4 of 8 workers for concurrent marking roots
[458.463s][info ][gc             ] GC(28541) Concurrent marking roots 0.193ms
[458.463s][info ][gc,start       ] GC(28541) Concurrent marking (unload classes)
[458.463s][info ][gc,task        ] GC(28541) Using 4 of 8 workers for concurrent marking
[458.463s][info ][gc             ] GC(28541) Concurrent marking (unload classes) 0.397ms
[458.463s][info ][gc,start       ] GC(28541) Pause Final Mark (unload classes)
[458.463s][info ][gc,task        ] GC(28541) Using 8 of 8 workers for final marking
[458.463s][info ][gc,ergo        ] GC(28541) Adaptive CSet Selection. Target Free: 290M, Actual Free: 184M, Max CSet: 87381K, Min Garbage: 106M
[458.463s][info ][gc,ergo        ] GC(28541) Collectable Garbage: 0B (0%), Immediate: 0B (0%), CSet: 0B (0%)
[458.463s][info ][gc,ergo        ] GC(28541) Pacer for Evacuation. Used CSet: 527K, Free: 82944K, Non-Taxable: 8294K, Alloc Tax Rate: 1.1x
[458.463s][info ][gc             ] GC(28541) Pause Final Mark (unload classes) 0.413ms
[458.463s][info ][gc,start       ] GC(28541) Concurrent thread roots
[458.463s][info ][gc,task        ] GC(28541) Using 4 of 8 workers for Concurrent thread roots
[458.464s][info ][gc             ] GC(28541) Concurrent thread roots 0.154ms
[458.464s][info ][gc,start       ] GC(28541) Concurrent weak references
[458.464s][info ][gc,task        ] GC(28541) Using 4 of 8 workers for concurrent weak references
[458.464s][info ][gc,ref         ] GC(28541) Encountered references: Soft: 7, Weak: 34, Final: 0, Phantom: 1
[458.464s][info ][gc,ref         ] GC(28541) Discovered  references: Soft: 0, Weak: 0, Final: 0, Phantom: 1
[458.464s][info ][gc,ref         ] GC(28541) Enqueued    references: Soft: 0, Weak: 0, Final: 0, Phantom: 0
[458.464s][info ][gc             ] GC(28541) Concurrent weak references 0.083ms
[458.464s][info ][gc,start       ] GC(28541) Concurrent weak roots
[458.464s][info ][gc,task        ] GC(28541) Using 4 of 8 workers for concurrent weak root
[458.464s][info ][gc             ] GC(28541) Concurrent weak roots 0.157ms
[458.464s][info ][gc,start       ] GC(28541) Concurrent cleanup
[458.464s][info ][gc             ] GC(28541) Concurrent cleanup 963M->963M(2048M) 0.088ms
[458.464s][info ][gc,ergo        ] GC(28541) Free: 82944K, Max: 1024K regular, 5120K humongous, Frag: 94% external, 0% internal; Reserve: 102M, Max: 1024K
[458.464s][info ][gc,start       ] GC(28541) Concurrent class unloading
[458.464s][info ][gc,task        ] GC(28541) Using 4 of 8 workers for concurrent class unloading
[458.464s][debug][gc,phases,start] GC(28541) ClassLoaderData
[458.464s][debug][gc,phases      ] GC(28541) ClassLoaderData 0.005ms
[458.464s][debug][gc,phases,start] GC(28541) Trigger cleanups
[458.464s][debug][gc,phases      ] GC(28541) Trigger cleanups 0.003ms
[458.464s][info ][gc             ] GC(28541) Concurrent class unloading 0.267ms
[458.464s][info ][gc,start       ] GC(28541) Concurrent strong roots
[458.464s][info ][gc,task        ] GC(28541) Using 4 of 8 workers for concurrent strong root
[458.464s][info ][gc             ] GC(28541) Concurrent strong roots 0.114ms
[458.464s][info ][gc,start       ] GC(28541) Concurrent evacuation
[458.464s][info ][gc,task        ] GC(28541) Using 4 of 8 workers for concurrent evacuation
[458.465s][info ][gc             ] GC(28541) Concurrent evacuation 0.316ms
[458.465s][info ][gc,start       ] GC(28541) Pause Init Update Refs
[458.465s][info ][gc,ergo        ] GC(28541) Pacer for Update Refs. Used: 964M, Free: 82944K, Non-Taxable: 8294K, Alloc Tax Rate: 14.5x
[458.465s][info ][gc             ] GC(28541) Pause Init Update Refs 0.017ms
[458.465s][info ][gc,start       ] GC(28541) Concurrent update references
[458.465s][info ][gc,task        ] GC(28541) Using 4 of 8 workers for concurrent reference update
[458.465s][info ][gc             ] Failed to allocate Shared, 10240K
[458.465s][info ][gc             ] Cancelling GC: Allocation Failure
[458.465s][info ][gc             ] GC(28541) Concurrent update references 0.624ms
[458.465s][info ][gc,ergo        ] Free: 78848K, Max: 1024K regular, 4096K humongous, Frag: 95% external, 0% internal; Reserve: 102M, Max: 1024K
[458.465s][info ][gc,stats       ] 
[458.465s][info ][gc,stats       ] All times are wall-clock times, except per-root-class counters, that are sum over
[458.465s][info ][gc,stats       ] all workers. Dividing the <total> over the root stage time estimates parallelism.
[458.465s][info ][gc,stats       ] 
[458.465s][info ][gc,stats       ] Concurrent Reset                   1210 us
[458.465s][info ][gc,stats       ] Pause Init Mark (G)                 192 us
[458.465s][info ][gc,stats       ] Pause Init Mark (N)                 135 us
[458.465s][info ][gc,stats       ]   Update Region States              100 us
[458.465s][info ][gc,stats       ] Concurrent Mark Roots               220 us, parallelism: 1.24x
[458.465s][info ][gc,stats       ]   CMR: <total>                      272 us
[458.465s][info ][gc,stats       ]   CMR: Thread Roots                 258 us, workers (us):  65,  92,  57,  44, ---, ---, ---, ---, 
[458.465s][info ][gc,stats       ]   CMR: VM Strong Roots                2 us, workers (us):   2,   0,   0,   0, ---, ---, ---, ---, 
[458.466s][info ][gc,stats       ]   CMR: CLDG Roots                    12 us, workers (us):  12, ---, ---, ---, ---, ---, ---, ---, 
[458.466s][info ][gc,stats       ] Concurrent Marking                  410 us
[458.466s][info ][gc,stats       ] Pause Final Mark (G)                464 us
[458.466s][info ][gc,stats       ] Pause Final Mark (N)                417 us
[458.466s][info ][gc,stats       ]   Finish Mark                       267 us
[458.466s][info ][gc,stats       ]   Update Region States               94 us
[458.466s][info ][gc,stats       ]   Choose Collection Set              24 us
[458.466s][info ][gc,stats       ]   Rebuild Free Set                    7 us
[458.466s][info ][gc,stats       ] Concurrent Thread Roots             170 us, parallelism: 1.68x
[458.466s][info ][gc,stats       ]   CTR: <total>                      285 us
[458.466s][info ][gc,stats       ]   CTR: Thread Roots                 285 us, workers (us):  89,  67,  73,  56, ---, ---, ---, ---, 
[458.466s][info ][gc,stats       ] Concurrent Weak References           89 us, parallelism: 0.02x
[458.466s][info ][gc,stats       ]   CWRF: <total>                       2 us
[458.466s][info ][gc,stats       ]   CWRF: Weak References               2 us, workers (us):   1,   0,   0,   0, ---, ---, ---, ---, 
[458.466s][info ][gc,stats       ] Concurrent Weak Roots               170 us
[458.466s][info ][gc,stats       ]   Roots                             100 us, parallelism: 0.96x
[458.466s][info ][gc,stats       ]     CWR: <total>                     97 us
[458.466s][info ][gc,stats       ]     CWR: Code Cache Roots            16 us, workers (us):  16,   0,   0,   0, ---, ---, ---, ---, 
[458.466s][info ][gc,stats       ]     CWR: VM Weak Roots               80 us, workers (us):  38,  27,  14,   0, ---, ---, ---, ---, 
[458.466s][info ][gc,stats       ]     CWR: CLDG Roots                   1 us, workers (us): ---, ---,   1, ---, ---, ---, ---, ---, 
[458.466s][info ][gc,stats       ]   Rendezvous                         45 us
[458.466s][info ][gc,stats       ] Concurrent Cleanup                   92 us
[458.466s][info ][gc,stats       ] Concurrent Class Unloading          278 us
[458.466s][info ][gc,stats       ]   Unlink Stale                      154 us
[458.466s][info ][gc,stats       ]     System Dictionary                20 us
[458.466s][info ][gc,stats       ]     Weak Class Links                  0 us
[458.466s][info ][gc,stats       ]     Code Roots                      133 us
[458.466s][info ][gc,stats       ]   Rendezvous                         43 us
[458.466s][info ][gc,stats       ]   Purge Unlinked                     61 us
[458.466s][info ][gc,stats       ]     Code Roots                       48 us
[458.466s][info ][gc,stats       ]     CLDG                             13 us
[458.466s][info ][gc,stats       ]     Exception Caches                  0 us
[458.466s][info ][gc,stats       ] Concurrent Strong Roots             122 us, parallelism: 0.47x
[458.466s][info ][gc,stats       ]   CSR: <total>                       57 us
[458.466s][info ][gc,stats       ]   CSR: VM Strong Roots                6 us, workers (us):   6,   0,   0,   0, ---, ---, ---, ---, 
[458.466s][info ][gc,stats       ]   CSR: CLDG Roots                    51 us, workers (us):  51,   0, ---, ---, ---, ---, ---, ---, 
[458.466s][info ][gc,stats       ] Concurrent Evacuation               327 us
[458.466s][info ][gc,stats       ] Pause Init Update Refs (G)           68 us
[458.466s][info ][gc,stats       ] Pause Init Update Refs (N)           20 us
[458.466s][info ][gc,stats       ]   Manage GCLABs                       2 us
[458.466s][info ][gc,stats       ] Concurrent Update Refs              640 us
[458.466s][info ][gc,stats       ] Pacing                            21844 us
[458.466s][info ][gc,stats       ] 
[458.466s][info ][gc,stats       ] Allocation pacing accrued:
[458.466s][info ][gc,stats       ]       7 of     6 ms (120.0%): main
[458.466s][info ][gc,stats       ]       7 of     6 ms (126.1%): Thread-0
[458.466s][info ][gc,stats       ]       8 of     6 ms (127.4%): Thread-1
[458.466s][info ][gc,stats       ]       7 of     6 ms (111.5%): Thread-2
[458.466s][info ][gc,stats       ]       8 of     6 ms (133.2%): Thread-3
[458.466s][info ][gc,stats       ]       7 of     6 ms (125.1%): Thread-4
[458.466s][info ][gc,stats       ]       7 of     6 ms (120.7%): Thread-5
[458.466s][info ][gc,stats       ]       8 of     6 ms (129.4%): Thread-6
[458.466s][info ][gc,stats       ]       8 of     6 ms (129.3%): Thread-7
[458.466s][info ][gc,stats       ]       7 of     6 ms (126.3%): Thread-8
[458.466s][info ][gc,stats       ]       7 of     6 ms (116.0%): Thread-9
[458.466s][info ][gc,stats       ]      81 of     6 ms (1365.0%): <total>
[458.466s][info ][gc,stats       ]       4 of     6 ms ( 65.0%): <average total>
[458.466s][info ][gc,stats       ]       7 of     6 ms (124.1%): <average non-zero>
[458.466s][info ][gc,stats       ] 
[458.466s][info ][gc,metaspace   ] Metaspace: 253K(448K)->253K(448K) NonClass: 247K(320K)->247K(320K) Class: 5K(128K)->5K(128K)
[458.466s][info ][gc,ergo        ] Pacer for Idle. Initial: 41943K, Alloc Tax Rate: 1.0x
[458.467s][info ][gc             ] Trigger: Handle Allocation Failure
[458.467s][info ][gc,ergo        ] Free: 41984K, Max: 1024K regular, 4096K humongous, Frag: 91% external, 0% internal; Reserve: 102M, Max: 1024K
[458.467s][info ][gc,start       ] GC(28542) Pause Degenerated GC (Update Refs)
[458.467s][info ][gc,task        ] GC(28542) Using 8 of 8 workers for stw degenerated gc
[458.469s][info ][gc,ergo        ] GC(28542) Good progress for free space: 42318K, need 20971K
[458.469s][info ][gc,ergo        ] GC(28542) Bad progress for used space: 527K, need 1024K
[458.469s][info ][gc,ergo        ] GC(28542) Bad progress for internal fragmentation: -nan%, need 1.0%
[458.469s][info ][gc,ergo        ] GC(28542) Bad progress for external fragmentation: 0.0%, need 1.0%
[458.469s][info ][gc             ] GC(28542) Cancelling GC: Upgrade To Full GC
[458.470s][info ][gc,phases,start] GC(28542) Phase 1: Mark live objects
[458.470s][info ][gc,ref         ] GC(28542) Clearing All SoftReferences
[458.470s][info ][gc,ref         ] GC(28542) Clearing All SoftReferences
[458.471s][info ][gc,ref         ] GC(28542) Encountered references: Soft: 7, Weak: 34, Final: 0, Phantom: 1
[458.471s][info ][gc,ref         ] GC(28542) Discovered  references: Soft: 4, Weak: 9, Final: 0, Phantom: 1
[458.471s][info ][gc,ref         ] GC(28542) Enqueued    references: Soft: 0, Weak: 0, Final: 0, Phantom: 0
[458.471s][debug][gc,phases,start] GC(28542) ClassLoaderData
[458.471s][debug][gc,phases      ] GC(28542) ClassLoaderData 0.012ms
[458.471s][debug][gc,phases,start] GC(28542) Trigger cleanups
[458.471s][debug][gc,phases      ] GC(28542) Trigger cleanups 0.005ms
[458.471s][info ][gc,phases      ] GC(28542) Phase 1: Mark live objects 0.969ms
[458.471s][info ][gc,phases,start] GC(28542) Phase 2: Compute new object addresses
[458.471s][info ][gc,phases      ] GC(28542) Phase 2: Compute new object addresses 0.476ms
[458.471s][info ][gc,phases,start] GC(28542) Phase 3: Adjust pointers
[458.473s][info ][gc,phases      ] GC(28542) Phase 3: Adjust pointers 1.663ms
[458.473s][info ][gc,phases,start] GC(28542) Phase 4: Move objects
[458.581s][info ][gc,phases      ] GC(28542) Phase 4: Move objects 108.011ms
[458.581s][info ][gc,ergo        ] GC(28542) Good progress for free space: 42480K, need 20971K
[458.581s][info ][gc,ergo        ] GC(28542) Bad progress for used space: 161K, need 1024K
[458.581s][info ][gc,ergo        ] GC(28542) Bad progress for internal fragmentation: -15.8%, need 1.0%
[458.581s][info ][gc,ergo        ] GC(28542) Good progress for external fragmentation: 73.2%, need 1.0%
[458.581s][info ][gc             ] GC(28542) Pause Degenerated GC (Update Refs) 984M->983M(2048M) 114.175ms
[458.582s][debug][gc,ergo        ] GC(28542) Margin of error now 3.29
[458.582s][debug][gc,ergo        ] GC(28542) Spike threshold now: 0.32
[458.582s][info ][gc,ergo        ] Free: 30192K, Max: 1024K regular, 28672K humongous, Frag: 4% external, 1% internal; Reserve: 103M, Max: 1024K
[458.582s][info ][gc,stats       ] 
[458.582s][info ][gc,stats       ] All times are wall-clock times, except per-root-class counters, that are sum over
[458.582s][info ][gc,stats       ] all workers. Dividing the <total> over the root stage time estimates parallelism.
[458.582s][info ][gc,stats       ] 
[458.582s][info ][gc,stats       ] Pause Degenerated GC (G)         114624 us
[458.582s][info ][gc,stats       ] Pause Degenerated GC (N)         114182 us
[458.582s][info ][gc,stats       ]   Update References                1181 us
[458.582s][info ][gc,stats       ]   Update Region States              112 us
[458.582s][info ][gc,stats       ]   Trash Collection Set                3 us
[458.582s][info ][gc,stats       ]   Rebuild Free Set                   15 us
[458.582s][info ][gc,stats       ]   Degen Update Roots                256 us, parallelism: 1.08x
[458.582s][info ][gc,stats       ]     DU: <total>                     275 us
[458.582s][info ][gc,stats       ]     DU: Thread Roots                 83 us, workers (us):  32,   0,  35,   8,   8,   0,   0,   1, 
[458.582s][info ][gc,stats       ]     DU: Code Cache Roots            154 us, workers (us):   0, 153,   0,   0,   0,   0,   0,   0, 
[458.582s][info ][gc,stats       ]     DU: VM Strong Roots               3 us, workers (us):   2,   0,   0,   0,   0,   0,   0,   0, 
[458.582s][info ][gc,stats       ]     DU: VM Weak Roots                25 us, workers (us):  22,   1,   1,   1,   0,   0,   0,   1, 
[458.582s][info ][gc,stats       ]     DU: CLDG Roots                   10 us, workers (us):   7,   1,   1,   1,   0,   0,   0,   1, 
[458.582s][info ][gc,stats       ]   Cleanup                            90 us
[458.582s][info ][gc,stats       ]   Pre Heap Dump                       1 us
[458.582s][info ][gc,stats       ]   Prepare                           860 us
[458.582s][info ][gc,stats       ]   Mark                              944 us, parallelism: 3.08x
[458.582s][info ][gc,stats       ]     FM: <total>                    2905 us
[458.582s][info ][gc,stats       ]     FM: Thread Roots                 72 us, workers (us):  36,  22,   9,   0,   1,   0,   1,   1, 
[458.582s][info ][gc,stats       ]     FM: VM Strong Roots               3 us, workers (us):   0,   2,   0,   0,   0,   0,   0,   0, 
[458.582s][info ][gc,stats       ]     FM: CLDG Roots                   19 us, workers (us):  16,   0,   0,   0,   1,   0,   1,   1, 
[458.582s][info ][gc,stats       ]     FM: Parallel Mark              2811 us, workers (us): 387, 374, 382, 354, 357, 331, 287, 338, 
[458.582s][info ][gc,stats       ]     System Purge                    413 us
[458.582s][info ][gc,stats       ]       Weak References               147 us, parallelism: 0.02x
[458.582s][info ][gc,stats       ]         WRP: <total>                  2 us
[458.582s][info ][gc,stats       ]         WRP: Weak References          2 us, workers (us):   2,   0,   0,   0,   0,   0,   0,   0, 
[458.582s][info ][gc,stats       ]       Unload Classes                152 us, parallelism: 1.23x
[458.582s][info ][gc,stats       ]         CU: <total>                 187 us
[458.582s][info ][gc,stats       ]         CU: Unload Code Caches      187 us, workers (us):  66,  57,  45,  19,   0,   0,   0,   0, 
[458.582s][info ][gc,stats       ]       Weak Roots                    111 us, parallelism: 0.18x
[458.582s][info ][gc,stats       ]         WR: <total>                  20 us
[458.582s][info ][gc,stats       ]         WR: VM Weak Roots            20 us, workers (us):  15,   1,   0,   1,   0,   1,   1,   1, 
[458.582s][info ][gc,stats       ]       CLDG                            1 us
[458.582s][info ][gc,stats       ]   Calculate Addresses               469 us
[458.582s][info ][gc,stats       ]     Regular Objects                 295 us
[458.582s][info ][gc,stats       ]     Humongous Objects               104 us
[458.582s][info ][gc,stats       ]   Adjust Pointers                  1659 us
[458.582s][info ][gc,stats       ]     FA: <total>                     206 us
[458.582s][info ][gc,stats       ]     FA: Thread Roots                 52 us, workers (us):  15,  25,   0,  10,   1,   0,   0,   0, 
[458.582s][info ][gc,stats       ]     FA: Code Cache Roots            115 us, workers (us):   0,   0, 114,   0,   0,   0,   0,   0, 
[458.582s][info ][gc,stats       ]     FA: VM Strong Roots               3 us, workers (us):   2,   0,   0,   0,   0,   0,   0,   0, 
[458.582s][info ][gc,stats       ]     FA: VM Weak Roots                20 us, workers (us):  12,   7,   0,   0,   0,   0,   0,   0, 
[458.582s][info ][gc,stats       ]     FA: CLDG Roots                   17 us, workers (us):  13,   1,   1,   0,   0,   0,   0,   0, 
[458.582s][info ][gc,stats       ]   Copy Objects                   108004 us
[458.582s][info ][gc,stats       ]     Regular Objects                 341 us
[458.582s][info ][gc,stats       ]     Humongous Objects            106315 us
[458.582s][info ][gc,stats       ]     Reset Complete Bitmap          1287 us
[458.582s][info ][gc,stats       ]     Rebuild Region Sets              58 us
[458.582s][info ][gc,stats       ]   Post Heap Dump                      1 us
[458.582s][info ][gc,stats       ] 
[458.582s][info ][gc,stats       ] Allocation pacing accrued:
[458.582s][info ][gc,stats       ]       0 of   116 ms (  0.0%): <total>
[458.582s][info ][gc,stats       ]       0 of   116 ms (  0.0%): <average total>
[458.582s][info ][gc,stats       ] 
[458.582s][info ][gc,metaspace   ] Metaspace: 253K(448K)->253K(448K) NonClass: 247K(320K)->247K(320K) Class: 5K(128K)->5K(128K)
[458.582s][info ][gc,ergo        ] Pacer for Idle. Initial: 41943K, Alloc Tax Rate: 1.0x
[458.583s][info ][gc             ] Failed to allocate Shared, 1024K
[458.583s][info ][gc             ] Cancelling GC: Allocation Failure
[458.583s][info ][gc             ] Trigger: Handle Allocation Failure
[458.583s][info ][gc,ergo        ] Free: 2544K, Max: 1024K regular, 1024K humongous, Frag: 50% external, 17% internal; Reserve: 103M, Max: 1024K
[458.583s][info ][gc,start       ] GC(28543) Pause Degenerated GC (Outside of Cycle)
[458.583s][info ][gc,task        ] GC(28543) Using 8 of 8 workers for stw degenerated gc
[458.584s][info ][gc,ref         ] GC(28543) Clearing All SoftReferences
[458.584s][info ][gc,ref         ] GC(28543) Encountered references: Soft: 7, Weak: 34, Final: 0, Phantom: 1
[458.584s][info ][gc,ref         ] GC(28543) Discovered  references: Soft: 4, Weak: 1, Final: 0, Phantom: 1
[458.584s][info ][gc,ref         ] GC(28543) Enqueued    references: Soft: 0, Weak: 0, Final: 0, Phantom: 0
[458.584s][debug][gc,phases,start] GC(28543) ClassLoaderData
[458.584s][debug][gc,phases      ] GC(28543) ClassLoaderData 0.011ms
[458.584s][debug][gc,phases,start] GC(28543) Trigger cleanups
[458.585s][debug][gc,phases      ] GC(28543) Trigger cleanups 0.011ms
[458.585s][info ][gc,ergo        ] GC(28543) Collectable Garbage: 9216K (100%), Immediate: 9216K (100%), CSet: 0B (0%)
[458.585s][info ][gc,ergo        ] GC(28543) Good progress for free space: 20976K, need 20971K
[458.585s][info ][gc,ergo        ] GC(28543) Good progress for used space: 9216K, need 1024K
[458.585s][info ][gc             ] GC(28543) Pause Degenerated GC (Outside of Cycle) 1007M->998M(2048M) 1.669ms
[458.585s][debug][gc,ergo        ] GC(28543) Margin of error now 3.29
[458.585s][debug][gc,ergo        ] GC(28543) Spike threshold now: 0.32
[458.585s][info ][gc,ergo        ] Free: 8688K, Max: 1024K regular, 7168K humongous, Frag: 13% external, 5% internal; Reserve: 103M, Max: 1024K
[458.585s][info ][gc,stats       ] 
[458.585s][info ][gc,stats       ] All times are wall-clock times, except per-root-class counters, that are sum over
[458.585s][info ][gc,stats       ] all workers. Dividing the <total> over the root stage time estimates parallelism.
[458.585s][info ][gc,stats       ] 
[458.585s][info ][gc,stats       ] Pause Degenerated GC (G)           1859 us
[458.585s][info ][gc,stats       ] Pause Degenerated GC (N)           1674 us
[458.585s][info ][gc,stats       ]   Degen STW Mark                    637 us, parallelism: 4.98x
[458.585s][info ][gc,stats       ]     DSM: <total>                   3168 us
[458.585s][info ][gc,stats       ]     DSM: Thread Roots               100 us, workers (us):  50,  25,  21,   1,   1,   1,   1,   0, 
[458.585s][info ][gc,stats       ]     DSM: VM Strong Roots             21 us, workers (us):  19,   1,   0,   0,   0,   0,   0,   0, 
[458.585s][info ][gc,stats       ]     DSM: CLDG Roots                  56 us, workers (us):   1,   0,  34,  19,   0,   1,   1,   0, 
[458.585s][info ][gc,stats       ]     DSM: Parallel Mark             2991 us, workers (us): 352, 385, 413, 425, 432, 338, 279, 367, 
[458.585s][info ][gc,stats       ]     System Purge                    359 us
[458.585s][info ][gc             ] Failed to allocate Shared, 1024K
[458.585s][info ][gc             ] Cancelling GC: Allocation Failure
[458.585s][info ][gc,stats       ]       Weak References               120 us, parallelism: 0.02x
[458.585s][info ][gc,stats       ]         WRP: <total>                  2 us
[458.585s][info ][gc,stats       ]         WRP: Weak References          2 us, workers (us):   1,   0,   0,   0,   0,   0,   0,   0, 
[458.585s][info ][gc,stats       ]       Unload Classes                142 us, parallelism: 1.52x
[458.585s][info ][gc,stats       ]         DCU: <total>                215 us
[458.585s][info ][gc,stats       ]         DCU: Unload Code Caches      215 us, workers (us):  55,  67,  40,  52,   0,   0,   0,   0, 
[458.585s][info ][gc,stats       ]       Weak Roots                     96 us, parallelism: 0.25x
[458.585s][info ][gc,stats       ]         DWR: <total>                 24 us
[458.585s][info ][gc,stats       ]         DWR: VM Weak Roots           24 us, workers (us):  16,   3,   1,   1,   1,   1,   1,   1, 
[458.585s][info ][gc,stats       ]       CLDG                            1 us
[458.585s][info ][gc,stats       ]   Update Region States               93 us
[458.585s][info ][gc,stats       ]   Manage GC/TLABs                     1 us
[458.585s][info ][gc,stats       ]   Choose Collection Set              18 us
[458.585s][info ][gc,stats       ]   Rebuild Free Set                    6 us
[458.585s][info ][gc,stats       ]   Cleanup                            84 us
[458.586s][info ][gc,stats       ] 
[458.586s][info ][gc,stats       ] Allocation pacing accrued:
[458.586s][info ][gc,stats       ]       0 of     3 ms (  0.0%): <total>
[458.586s][info ][gc,stats       ]       0 of     3 ms (  0.0%): <average total>
[458.586s][info ][gc,stats       ] 
[458.586s][info ][gc,metaspace   ] Metaspace: 253K(448K)->253K(448K) NonClass: 247K(320K)->247K(320K) Class: 5K(128K)->5K(128K)
[458.586s][info ][gc,ergo        ] Pacer for Idle. Initial: 41943K, Alloc Tax Rate: 1.0x
[458.587s][info ][gc             ] Trigger: Handle Allocation Failure
[458.587s][info ][gc,ergo        ] Free: 2544K, Max: 1024K regular, 1024K humongous, Frag: 50% external, 17% internal; Reserve: 103M, Max: 1024K
[458.587s][info ][gc,start       ] GC(28544) Pause Degenerated GC (Outside of Cycle)
[458.587s][info ][gc,task        ] GC(28544) Using 8 of 8 workers for stw degenerated gc
[458.589s][info ][gc,ref         ] GC(28544) Clearing All SoftReferences
[458.589s][info ][gc,ref         ] GC(28544) Encountered references: Soft: 7, Weak: 34, Final: 0, Phantom: 1
[458.589s][info ][gc,ref         ] GC(28544) Discovered  references: Soft: 4, Weak: 9, Final: 0, Phantom: 1
[458.589s][info ][gc,ref         ] GC(28544) Enqueued    references: Soft: 0, Weak: 0, Final: 0, Phantom: 0
[458.589s][debug][gc,phases,start] GC(28544) ClassLoaderData
[458.589s][debug][gc,phases      ] GC(28544) ClassLoaderData 0.011ms
[458.589s][debug][gc,phases,start] GC(28544) Trigger cleanups
[458.589s][debug][gc,phases      ] GC(28544) Trigger cleanups 0.005ms
[458.590s][info ][gc,ergo        ] GC(28544) Collectable Garbage: 18432K (100%), Immediate: 18432K (100%), CSet: 0B (0%)
[458.590s][info ][gc,ergo        ] GC(28544) Good progress for free space: 39408K, need 20971K
[458.590s][info ][gc,ergo        ] GC(28544) Good progress for used space: 18432K, need 1024K
[458.590s][info ][gc             ] GC(28544) Pause Degenerated GC (Outside of Cycle) 1007M->989M(2048M) 3.335ms
[458.590s][debug][gc,ergo        ] GC(28544) Margin of error now 3.29
[458.590s][debug][gc,ergo        ] GC(28544) Spike threshold now: 0.32
[458.590s][info ][gc,ergo        ] Free: 39408K, Max: 1024K regular, 35840K humongous, Frag: 8% external, 1% internal; Reserve: 103M, Max: 1024K
[458.590s][info ][gc,stats       ] 
[458.590s][info ][gc,stats       ] All times are wall-clock times, except per-root-class counters, that are sum over
[458.590s][info ][gc,stats       ] all workers. Dividing the <total> over the root stage time estimates parallelism.
[458.590s][info ][gc,stats       ] 
[458.590s][info ][gc,stats       ] Pause Degenerated GC (G)           3474 us
[458.590s][info ][gc,stats       ] Pause Degenerated GC (N)           3340 us
[458.590s][info ][gc,stats       ]   Degen STW Mark                    505 us, parallelism: 5.49x
[458.590s][info ][gc,stats       ]     DSM: <total>                   2774 us
[458.590s][info ][gc,stats       ]     DSM: Thread Roots                62 us, workers (us):  29,  20,   8,   1,   1,   1,   1,   1, 
[458.590s][info ][gc,stats       ]     DSM: VM Strong Roots              4 us, workers (us):   0,   1,   1,   0,   0,   0,   0,   0, 
[458.590s][info ][gc,stats       ]     DSM: CLDG Roots                  20 us, workers (us):  17,   0,   0,   1,   1,   1,   1,   1, 
[458.591s][info ][gc,stats       ]     DSM: Parallel Mark             2688 us, workers (us): 341, 386, 344, 391, 360, 301, 246, 318, 
[458.591s][info ][gc,stats       ]     System Purge                    476 us
[458.591s][info ][gc,stats       ]       Weak References               178 us, parallelism: 0.01x
[458.591s][info ][gc,stats       ]         WRP: <total>                  2 us
[458.591s][info ][gc,stats       ]         WRP: Weak References          2 us, workers (us):   2,   0,   0,   0,   0,   0,   0,   0, 
[458.591s][info ][gc,stats       ]       Unload Classes                171 us, parallelism: 1.27x
[458.591s][info ][gc,stats       ]         DCU: <total>                217 us
[458.591s][info ][gc,stats       ]         DCU: Unload Code Caches      217 us, workers (us):  73,  66,  42,  35,   0,   0,   0,   0, 
[458.591s][info ][gc,stats       ]       Weak Roots                    126 us, parallelism: 0.17x
[458.591s][info ][gc,stats       ]         DWR: <total>                 21 us
[458.591s][info ][gc,stats       ]         DWR: VM Weak Roots           21 us, workers (us):  15,   1,   1,   1,   1,   1,   1,   1, 
[458.591s][info ][gc,stats       ]       CLDG                            0 us
[458.591s][info ][gc,stats       ]   Update Region States              221 us
[458.591s][info ][gc,stats       ]   Manage GC/TLABs                     1 us
[458.591s][info ][gc,stats       ]   Choose Collection Set              30 us
[458.591s][info ][gc,stats       ]   Rebuild Free Set                    7 us
[458.591s][info ][gc,stats       ]   Cleanup                            82 us
[458.591s][info ][gc,stats       ] 
[458.591s][info ][gc,stats       ] Allocation pacing accrued:
[458.591s][info ][gc,stats       ]       0 of     5 ms (  0.0%): <total>
[458.591s][info ][gc,stats       ]       0 of     5 ms (  0.0%): <average total>
[458.591s][info ][gc,stats       ] 
[458.591s][info ][gc,metaspace   ] Metaspace: 253K(448K)->253K(448K) NonClass: 247K(320K)->247K(320K) Class: 5K(128K)->5K(128K)
[458.591s][info ][gc,ergo        ] Pacer for Idle. Initial: 41943K, Alloc Tax Rate: 1.0x
[458.592s][info ][gc             ] Trigger: Free (2544K) is below minimum threshold (204M)
[458.592s][info ][gc             ] Failed to allocate Shared, 1024K
[458.592s][info ][gc             ] Cancelling GC: Allocation Failure
[458.592s][info ][gc,ergo        ] Free: 2544K, Max: 1024K regular, 1024K humongous, Frag: 50% external, 17% internal; Reserve: 103M, Max: 1024K
[458.592s][info ][gc,ergo        ] Free: 2544K, Max: 1024K regular, 1024K humongous, Frag: 50% external, 17% internal; Reserve: 103M, Max: 1024K
[458.592s][info ][gc,stats       ] 
[458.592s][info ][gc,stats       ] All times are wall-clock times, except per-root-class counters, that are sum over
[458.592s][info ][gc,stats       ] all workers. Dividing the <total> over the root stage time estimates parallelism.
[458.592s][info ][gc,stats       ] 
[458.592s][info ][gc,stats       ] 
[458.592s][info ][gc,stats       ] Allocation pacing accrued:
[458.592s][info ][gc,stats       ]       0 of     1 ms (  0.0%): <total>
[458.592s][info ][gc,stats       ]       0 of     1 ms (  0.0%): <average total>
[458.592s][info ][gc,stats       ] 
[458.592s][info ][gc,metaspace   ] Metaspace: 253K(448K)->253K(448K) NonClass: 247K(320K)->247K(320K) Class: 5K(128K)->5K(128K)
[458.592s][info ][gc,ergo        ] Pacer for Idle. Initial: 41943K, Alloc Tax Rate: 1.0x
[458.593s][info ][gc             ] Trigger: Handle Allocation Failure
[458.593s][info ][gc,ergo        ] Free: 2544K, Max: 1024K regular, 1024K humongous, Frag: 50% external, 17% internal; Reserve: 103M, Max: 1024K
[458.593s][info ][gc,start       ] GC(28545) Pause Degenerated GC (Outside of Cycle)
[458.593s][info ][gc,task        ] GC(28545) Using 8 of 8 workers for stw degenerated gc
[458.595s][info ][gc,ref         ] GC(28545) Clearing All SoftReferences
[458.596s][info ][gc,ref         ] GC(28545) Encountered references: Soft: 7, Weak: 34, Final: 0, Phantom: 1
[458.596s][info ][gc,ref         ] GC(28545) Discovered  references: Soft: 4, Weak: 10, Final: 0, Phantom: 0
[458.596s][info ][gc,ref         ] GC(28545) Enqueued    references: Soft: 0, Weak: 0, Final: 0, Phantom: 0
[458.596s][debug][gc,phases,start] GC(28545) ClassLoaderData
[458.596s][debug][gc,phases      ] GC(28545) ClassLoaderData 0.033ms
[458.596s][debug][gc,phases,start] GC(28545) Trigger cleanups
[458.596s][debug][gc,phases      ] GC(28545) Trigger cleanups 0.011ms
[458.596s][info ][gc,ergo        ] GC(28545) Collectable Garbage: 36864K (100%), Immediate: 36864K (100%), CSet: 0B (0%)
[458.597s][info ][gc,ergo        ] GC(28545) Good progress for free space: 67056K, need 20971K
[458.597s][info ][gc,ergo        ] GC(28545) Good progress for used space: 36864K, need 1024K
[458.597s][info ][gc             ] GC(28545) Pause Degenerated GC (Outside of Cycle) 1007M->971M(2048M) 3.935ms
[458.597s][debug][gc,ergo        ] GC(28545) Margin of error now 3.29
[458.597s][debug][gc,ergo        ] GC(28545) Spike threshold now: 0.32
[458.597s][info ][gc,ergo        ] Free: 67056K, Max: 1024K regular, 47104K humongous, Frag: 30% external, 0% internal; Reserve: 103M, Max: 1024K
[458.597s][info ][gc,stats       ] 
[458.597s][info ][gc,stats       ] All times are wall-clock times, except per-root-class counters, that are sum over
[458.597s][info ][gc,stats       ] all workers. Dividing the <total> over the root stage time estimates parallelism.
[458.597s][info ][gc,stats       ] 
[458.597s][info ][gc,stats       ] Pause Degenerated GC (G)           4052 us
[458.597s][info ][gc,stats       ] Pause Degenerated GC (N)           3948 us
[458.597s][info ][gc,stats       ]   Degen STW Mark                    650 us, parallelism: 4.02x
[458.597s][info ][gc,stats       ]     DSM: <total>                   2616 us
[458.597s][info ][gc,stats       ]     DSM: Thread Roots                58 us, workers (us):  39,  14,   1,   0,   1,   1,   1,   1, 
[458.597s][info ][gc,stats       ]     DSM: VM Strong Roots              3 us, workers (us):   2,   0,   0,   0,   0,   0,   0,   0, 
[458.598s][info ][gc,stats       ]     DSM: CLDG Roots                  17 us, workers (us):   0,  14,   1,   0,   0,   0,   1,   0, 
[458.598s][info ][gc,stats       ]     DSM: Parallel Mark             2538 us, workers (us): 398, 377, 381, 442, 225, 263, 251, 202, 
[458.598s][info ][gc,stats       ]     System Purge                    802 us
[458.598s][info ][gc,stats       ]       Weak References               297 us, parallelism: 0.01x
[458.598s][info ][gc,stats       ]         WRP: <total>                  2 us
[458.598s][info ][gc,stats       ]         WRP: Weak References          2 us, workers (us):   1,   0,   0,   0,   0,   0,   0,   0, 
[458.598s][info ][gc,stats       ]       Unload Classes                288 us, parallelism: 0.64x
[458.598s][info ][gc,stats       ]         DCU: <total>                183 us
[458.598s][info ][gc,stats       ]         DCU: Unload Code Caches      183 us, workers (us): 102,  75,   6,   0,   0,   0,   0,   0, 
[458.598s][info ][gc,stats       ]       Weak Roots                    215 us, parallelism: 0.10x
[458.598s][info ][gc,stats       ]         DWR: <total>                 21 us
[458.598s][info ][gc,stats       ]         DWR: VM Weak Roots           21 us, workers (us):  16,   1,   1,   1,   1,   1,   0,   0, 
[458.598s][info ][gc,stats       ]       CLDG                            1 us
[458.598s][info ][gc,stats       ]   Update Region States              215 us
[458.598s][info ][gc,stats       ]   Manage GC/TLABs                     3 us
[458.598s][info ][gc,stats       ]   Choose Collection Set              73 us
[458.598s][info ][gc,stats       ]   Rebuild Free Set                   37 us
[458.598s][info ][gc,stats       ]   Cleanup                           179 us
[458.598s][info ][gc,stats       ] 
[458.598s][info ][gc,stats       ] Allocation pacing accrued:
[458.598s][info ][gc,stats       ]       0 of     6 ms (  0.0%): <total>
[458.598s][info ][gc,stats       ]       0 of     6 ms (  0.0%): <average total>
[458.598s][info ][gc,stats       ] 
[458.598s][info ][gc,metaspace   ] Metaspace: 253K(448K)->253K(448K) NonClass: 247K(320K)->247K(320K) Class: 5K(128K)->5K(128K)
[458.598s][info ][gc,ergo        ] Pacer for Idle. Initial: 41943K, Alloc Tax Rate: 1.0x
[458.599s][info ][gc             ] Trigger: Free (36336K) is below minimum threshold (204M)
[458.599s][info ][gc,ergo        ] Free: 36336K, Max: 1024K regular, 34816K humongous, Frag: 3% external, 1% internal; Reserve: 103M, Max: 1024K
[458.599s][info ][gc,start       ] GC(28546) Concurrent reset
[458.599s][info ][gc,task        ] GC(28546) Using 4 of 8 workers for concurrent reset
[458.599s][info ][gc,ergo        ] GC(28546) Pacer for Reset. Non-Taxable: 2048M
[458.601s][info ][gc             ] GC(28546) Concurrent reset 2.276ms
[458.601s][info ][gc,start       ] GC(28546) Pause Init Mark (unload classes)
[458.601s][info ][gc,task        ] GC(28546) Using 8 of 8 workers for init marking
[458.601s][info ][gc,ergo        ] GC(28546) Pacer for Mark. Expected Live: 6561M, Free: 3568K, Non-Taxable: 356K, Alloc Tax Rate: 2301.6x
[458.601s][info ][gc             ] GC(28546) Pause Init Mark (unload classes) 0.136ms
[458.601s][info ][gc,start       ] GC(28546) Concurrent marking roots
[458.601s][info ][gc,task        ] GC(28546) Using 4 of 8 workers for concurrent marking roots
[458.602s][info ][gc             ] GC(28546) Concurrent marking roots 0.220ms
[458.602s][info ][gc,start       ] GC(28546) Concurrent marking (unload classes)
[458.602s][info ][gc,task        ] GC(28546) Using 4 of 8 workers for concurrent marking
[458.602s][info ][gc             ] GC(28546) Concurrent marking (unload classes) 0.548ms
[458.602s][info ][gc,start       ] GC(28546) Pause Final Mark (unload classes)
[458.602s][info ][gc,task        ] GC(28546) Using 8 of 8 workers for final marking
[458.603s][info ][gc,ergo        ] GC(28546) Collectable Garbage: 46080K (100%), Immediate: 46080K (100%), CSet: 0B (0%)
[458.603s][info ][gc             ] GC(28546) Pause Final Mark (unload classes) 0.549ms
[458.603s][info ][gc,start       ] GC(28546) Concurrent weak references
[458.603s][info ][gc,task        ] GC(28546) Using 4 of 8 workers for concurrent weak references
[458.603s][info ][gc,ref         ] GC(28546) Encountered references: Soft: 7, Weak: 34, Final: 0, Phantom: 1
[458.603s][info ][gc,ref         ] GC(28546) Discovered  references: Soft: 0, Weak: 1, Final: 0, Phantom: 1
[458.603s][info ][gc,ref         ] GC(28546) Enqueued    references: Soft: 0, Weak: 0, Final: 0, Phantom: 0
[458.603s][info ][gc             ] GC(28546) Concurrent weak references 0.159ms
[458.603s][info ][gc,start       ] GC(28546) Concurrent weak roots
[458.603s][info ][gc,task        ] GC(28546) Using 4 of 8 workers for concurrent weak root
[458.603s][info ][gc             ] GC(28546) Concurrent weak roots 0.173ms
[458.603s][info ][gc,start       ] GC(28546) Concurrent cleanup
[458.603s][info ][gc             ] GC(28546) Concurrent cleanup 1002M->957M(2048M) 0.097ms
[458.603s][info ][gc,ergo        ] GC(28546) Free: 86512K, Max: 1024K regular, 10240K humongous, Frag: 89% external, 0% internal; Reserve: 103M, Max: 1024K
[458.603s][info ][gc,start       ] GC(28546) Concurrent class unloading
[458.603s][info ][gc,task        ] GC(28546) Using 4 of 8 workers for concurrent class unloading
[458.603s][debug][gc,phases,start] GC(28546) ClassLoaderData
[458.603s][debug][gc,phases      ] GC(28546) ClassLoaderData 0.007ms
[458.603s][debug][gc,phases,start] GC(28546) Trigger cleanups
[458.603s][debug][gc,phases      ] GC(28546) Trigger cleanups 0.005ms
[458.604s][info ][gc             ] GC(28546) Concurrent class unloading 0.420ms
[458.604s][info ][gc,start       ] GC(28546) Pause Final Roots
[458.604s][info ][gc             ] GC(28546) Pause Final Roots 0.017ms
[458.604s][debug][gc,ergo        ] GC(28546) Available: 86512 KB, z-score=-1.656. Average available: 149.3 MB +/- 40061.3 KB.
[458.604s][info ][gc,ergo        ] Free: 86512K, Max: 1024K regular, 10240K humongous, Frag: 89% external, 0% internal; Reserve: 103M, Max: 1024K
[458.604s][info ][gc,stats       ] 
[458.604s][info ][gc,stats       ] All times are wall-clock times, except per-root-class counters, that are sum over
[458.604s][info ][gc,stats       ] all workers. Dividing the <total> over the root stage time estimates parallelism.
[458.604s][info ][gc,stats       ] 
[458.604s][info ][gc,stats       ] Concurrent Reset                   2296 us
[458.604s][info ][gc,stats       ] Pause Init Mark (G)                 244 us
[458.604s][info ][gc,stats       ] Pause Init Mark (N)                 141 us
[458.604s][info ][gc,stats       ]   Update Region States              108 us
[458.604s][info ][gc,stats       ] Concurrent Mark Roots               230 us, parallelism: 1.32x
[458.604s][info ][gc,stats       ]   CMR: <total>                      304 us
[458.604s][info ][gc,stats       ]   CMR: Thread Roots                 268 us, workers (us): 100,  85,  47,  37, ---, ---, ---, ---, 
[458.604s][info ][gc,stats       ]   CMR: VM Strong Roots                3 us, workers (us):   3,   0,   0,   0, ---, ---, ---, ---, 
[458.604s][info ][gc,stats       ]   CMR: CLDG Roots                    33 us, workers (us):  32,   0, ---, ---, ---, ---, ---, ---, 
[458.604s][info ][gc,stats       ] Concurrent Marking                  566 us
[458.604s][info ][gc,stats       ] Pause Final Mark (G)                635 us
[458.604s][info ][gc,stats       ] Pause Final Mark (N)                556 us
[458.604s][info ][gc,stats       ]   Finish Mark                       343 us
[458.604s][info ][gc,stats       ]   Update Region States              119 us
[458.604s][info ][gc,stats       ]   Choose Collection Set              40 us
[458.604s][info ][gc,stats       ]   Rebuild Free Set                   11 us
[458.604s][info ][gc,stats       ] Concurrent Weak References          164 us, parallelism: 0.01x
[458.604s][info ][gc,stats       ]   CWRF: <total>                       1 us
[458.604s][info ][gc,stats       ]   CWRF: Weak References               1 us, workers (us):   1,   0,   0,   0, ---, ---, ---, ---, 
[458.604s][info ][gc,stats       ] Concurrent Weak Roots               187 us
[458.604s][info ][gc,stats       ]   Roots                              98 us, parallelism: 0.50x
[458.604s][info ][gc,stats       ]     CWR: <total>                     49 us
[458.604s][info ][gc,stats       ]     CWR: Code Cache Roots            27 us, workers (us):   0,  27,   0,   0, ---, ---, ---, ---, 
[458.604s][info ][gc,stats       ]     CWR: VM Weak Roots               21 us, workers (us):  15,   6,   0,   0, ---, ---, ---, ---, 
[458.604s][info ][gc,stats       ]     CWR: CLDG Roots                   1 us, workers (us):   1, ---, ---, ---, ---, ---, ---, ---, 
[458.604s][info ][gc,stats       ]   Rendezvous                         65 us
[458.604s][info ][gc,stats       ] Concurrent Cleanup                  104 us
[458.604s][info ][gc,stats       ] Concurrent Class Unloading          434 us
[458.604s][info ][gc,stats       ]   Unlink Stale                      250 us
[458.604s][info ][gc,stats       ]     System Dictionary                23 us
[458.604s][info ][gc,stats       ]     Weak Class Links                  0 us
[458.604s][info ][gc,stats       ]     Code Roots                      225 us
[458.604s][info ][gc,stats       ]   Rendezvous                         80 us
[458.604s][info ][gc,stats       ]   Purge Unlinked                     76 us
[458.604s][info ][gc,stats       ]     Code Roots                       62 us
[458.604s][info ][gc,stats       ]     CLDG                             13 us
[458.604s][info ][gc,stats       ]     Exception Caches                  0 us
[458.604s][info ][gc,stats       ] Pause Final Roots (G)                81 us
[458.604s][info ][gc,stats       ] Pause Final Roots (N)                23 us
[458.604s][info ][gc,stats       ] 
[458.604s][info ][gc,stats       ] Allocation pacing accrued:
[458.604s][info ][gc,stats       ]       0 of     6 ms (  0.0%): <total>
[458.604s][info ][gc,stats       ]       0 of     6 ms (  0.0%): <average total>
[458.604s][info ][gc,stats       ] 
[458.604s][info ][gc,metaspace   ] Metaspace: 253K(448K)->253K(448K) NonClass: 247K(320K)->247K(320K) Class: 5K(128K)->5K(128K)
[458.604s][info ][gc,ergo        ] Pacer for Idle. Initial: 41943K, Alloc Tax Rate: 1.0x
[458.605s][info ][gc             ] Trigger: Free (86512K) is below minimum threshold (204M)
[458.605s][info ][gc,ergo        ] Free: 86512K, Max: 1024K regular, 10240K humongous, Frag: 89% external, 0% internal; Reserve: 103M, Max: 1024K
[458.605s][info ][gc,start       ] GC(28547) Concurrent reset
[458.605s][info ][gc,task        ] GC(28547) Using 4 of 8 workers for concurrent reset
[458.605s][info ][gc,ergo        ] GC(28547) Pacer for Reset. Non-Taxable: 2048M
[458.607s][info ][gc             ] GC(28547) Concurrent reset 1.286ms
[458.607s][info ][gc,start       ] GC(28547) Pause Init Mark (unload classes)
[458.607s][info ][gc,task        ] GC(28547) Using 8 of 8 workers for init marking
[458.607s][info ][gc,ergo        ] GC(28547) Pacer for Mark. Expected Live: 6563M, Free: 86512K, Non-Taxable: 8651K, Alloc Tax Rate: 94.9x
[458.607s][info ][gc             ] GC(28547) Pause Init Mark (unload classes) 0.159ms
[458.607s][info ][gc,start       ] GC(28547) Concurrent marking roots
[458.607s][info ][gc,task        ] GC(28547) Using 4 of 8 workers for concurrent marking roots
[458.607s][info ][gc             ] GC(28547) Concurrent marking roots 0.164ms
[458.607s][info ][gc,start       ] GC(28547) Concurrent marking (unload classes)
[458.607s][info ][gc,task        ] GC(28547) Using 4 of 8 workers for concurrent marking
[458.607s][info ][gc             ] GC(28547) Concurrent marking (unload classes) 0.460ms
[458.607s][info ][gc,start       ] GC(28547) Pause Final Mark (unload classes)
[458.607s][info ][gc,task        ] GC(28547) Using 8 of 8 workers for final marking
[458.608s][info ][gc,ergo        ] GC(28547) Adaptive CSet Selection. Target Free: 290M, Actual Free: 187M, Max CSet: 87381K, Min Garbage: 103M
[458.608s][info ][gc,ergo        ] GC(28547) Collectable Garbage: 0B (0%), Immediate: 0B (0%), CSet: 0B (0%)
[458.608s][info ][gc,ergo        ] GC(28547) Pacer for Evacuation. Used CSet: 527K, Free: 86016K, Non-Taxable: 8601K, Alloc Tax Rate: 1.1x
[458.608s][info ][gc             ] GC(28547) Pause Final Mark (unload classes) 0.508ms
[458.608s][info ][gc,start       ] GC(28547) Concurrent thread roots
[458.608s][info ][gc,task        ] GC(28547) Using 4 of 8 workers for Concurrent thread roots
[458.608s][info ][gc             ] Failed to allocate Shared, 10240K
[458.608s][info ][gc             ] Cancelling GC: Allocation Failure
[458.608s][info ][gc             ] GC(28547) Concurrent thread roots 0.303ms
[458.608s][info ][gc,start       ] GC(28547) Concurrent weak references
[458.608s][info ][gc,task        ] GC(28547) Using 4 of 8 workers for concurrent weak references
[458.608s][info ][gc,ref         ] GC(28547) Encountered references: Soft: 7, Weak: 34, Final: 0, Phantom: 1
[458.608s][info ][gc,ref         ] GC(28547) Discovered  references: Soft: 0, Weak: 1, Final: 0, Phantom: 1
[458.608s][info ][gc,ref         ] GC(28547) Enqueued    references: Soft: 0, Weak: 0, Final: 0, Phantom: 0
[458.608s][info ][gc             ] GC(28547) Concurrent weak references 0.113ms
[458.608s][info ][gc,start       ] GC(28547) Concurrent weak roots
[458.608s][info ][gc,task        ] GC(28547) Using 4 of 8 workers for concurrent weak root
[458.609s][info ][gc             ] GC(28547) Concurrent weak roots 0.212ms
[458.609s][info ][gc,start       ] GC(28547) Concurrent cleanup
[458.609s][info ][gc             ] GC(28547) Concurrent cleanup 966M->966M(2048M) 0.100ms
[458.609s][info ][gc,ergo        ] GC(28547) Free: 67584K, Max: 1024K regular, 10240K humongous, Frag: 85% external, 0% internal; Reserve: 102M, Max: 1024K
[458.609s][info ][gc,start       ] GC(28547) Concurrent class unloading
[458.609s][info ][gc,task        ] GC(28547) Using 4 of 8 workers for concurrent class unloading
[458.609s][debug][gc,phases,start] GC(28547) ClassLoaderData
[458.609s][debug][gc,phases      ] GC(28547) ClassLoaderData 0.006ms
[458.609s][debug][gc,phases,start] GC(28547) Trigger cleanups
[458.609s][debug][gc,phases      ] GC(28547) Trigger cleanups 0.005ms
[458.609s][info ][gc             ] GC(28547) Concurrent class unloading 0.329ms
[458.609s][info ][gc,start       ] GC(28547) Concurrent strong roots
[458.609s][info ][gc,task        ] GC(28547) Using 4 of 8 workers for concurrent strong root
[458.609s][info ][gc             ] GC(28547) Concurrent strong roots 0.129ms
[458.609s][info ][gc,start       ] GC(28547) Concurrent evacuation
[458.609s][info ][gc,task        ] GC(28547) Using 4 of 8 workers for concurrent evacuation
[458.610s][info ][gc             ] GC(28547) Concurrent evacuation 0.419ms
[458.610s][info ][gc,ergo        ] Free: 67584K, Max: 1024K regular, 10240K humongous, Frag: 85% external, 0% internal; Reserve: 102M, Max: 1024K
[458.610s][info ][gc,stats       ] 
[458.610s][info ][gc,stats       ] All times are wall-clock times, except per-root-class counters, that are sum over
[458.610s][info ][gc,stats       ] all workers. Dividing the <total> over the root stage time estimates parallelism.
[458.610s][info ][gc,stats       ] 
[458.610s][info ][gc,stats       ] Concurrent Reset                   1299 us
[458.610s][info ][gc,stats       ] Pause Init Mark (G)                 228 us
[458.610s][info ][gc,stats       ] Pause Init Mark (N)                 165 us
[458.610s][info ][gc,stats       ]   Update Region States              107 us
[458.610s][info ][gc,stats       ] Concurrent Mark Roots               172 us, parallelism: 1.58x
[458.610s][info ][gc,stats       ]   CMR: <total>                      272 us
[458.610s][info ][gc,stats       ]   CMR: Thread Roots                 255 us, workers (us):  65,  72,  62,  56, ---, ---, ---, ---, 
[458.610s][info ][gc,stats       ]   CMR: VM Strong Roots                3 us, workers (us):   2,   0,   0,   0, ---, ---, ---, ---, 
[458.610s][info ][gc,stats       ]   CMR: CLDG Roots                    14 us, workers (us):  14,   1, ---, ---, ---, ---, ---, ---, 
[458.610s][info ][gc,stats       ] Concurrent Marking                  474 us
[458.610s][info ][gc,stats       ] Pause Final Mark (G)                655 us
[458.610s][info ][gc,stats       ] Pause Final Mark (N)                514 us
[458.610s][info ][gc,stats       ]   Finish Mark                       316 us
[458.610s][info ][gc,stats       ]   Update Region States              100 us
[458.610s][info ][gc,stats       ]   Choose Collection Set              29 us
[458.610s][info ][gc,stats       ]   Rebuild Free Set                   21 us
[458.610s][info ][gc,stats       ] Concurrent Thread Roots             315 us, parallelism: 0.97x
[458.610s][info ][gc,stats       ]   CTR: <total>                      307 us
[458.610s][info ][gc,stats       ]   CTR: Thread Roots                 307 us, workers (us): 102,  90, 114,   0, ---, ---, ---, ---, 
[458.610s][info ][gc,stats       ] Concurrent Weak References          119 us, parallelism: 0.03x
[458.610s][info ][gc,stats       ]   CWRF: <total>                       3 us
[458.610s][info ][gc,stats       ]   CWRF: Weak References               3 us, workers (us):   3,   0,   0,   0, ---, ---, ---, ---, 
[458.610s][info ][gc,stats       ] Concurrent Weak Roots               221 us
[458.610s][info ][gc,stats       ]   Roots                             133 us, parallelism: 0.98x
[458.610s][info ][gc,stats       ]     CWR: <total>                    131 us
[458.610s][info ][gc,stats       ]     CWR: Code Cache Roots            46 us, workers (us):  45,   0,   0,   0, ---, ---, ---, ---, 
[458.610s][info ][gc,stats       ]     CWR: VM Weak Roots               84 us, workers (us):  50,  26,   8,   0, ---, ---, ---, ---, 
[458.610s][info ][gc,stats       ]     CWR: CLDG Roots                   1 us, workers (us): ---, ---,   1, ---, ---, ---, ---, ---, 
[458.610s][info ][gc,stats       ]   Rendezvous                         68 us
[458.610s][info ][gc,stats       ] Concurrent Cleanup                  105 us
[458.610s][info ][gc,stats       ] Concurrent Class Unloading          337 us
[458.610s][info ][gc,stats       ]   Unlink Stale                      201 us
[458.610s][info ][gc,stats       ]     System Dictionary                22 us
[458.610s][info ][gc,stats       ]     Weak Class Links                  0 us
[458.610s][info ][gc,stats       ]     Code Roots                      178 us
[458.610s][info ][gc,stats       ]   Rendezvous                         57 us
[458.610s][info ][gc,stats       ]   Purge Unlinked                     60 us
[458.610s][info ][gc,stats       ]     Code Roots                       47 us
[458.610s][info ][gc,stats       ]     CLDG                             13 us
[458.610s][info ][gc,stats       ]     Exception Caches                  0 us
[458.610s][info ][gc,stats       ] Concurrent Strong Roots             137 us, parallelism: 0.31x
[458.610s][info ][gc,stats       ]   CSR: <total>                       43 us
[458.610s][info ][gc,stats       ]   CSR: VM Strong Roots                7 us, workers (us):   6,   0,   0,   0, ---, ---, ---, ---, 
[458.610s][info ][gc,stats       ]   CSR: CLDG Roots                    36 us, workers (us):  35,   0, ---, ---, ---, ---, ---, ---, 
[458.610s][info ][gc,stats       ] Concurrent Evacuation               438 us
[458.610s][info ][gc,stats       ] Pacing                            63028 us
[458.610s][info ][gc,stats       ] 
[458.610s][info ][gc,stats       ] Allocation pacing accrued:
[458.610s][info ][gc,stats       ]       6 of     6 ms (107.8%): main
[458.610s][info ][gc,stats       ]       6 of     6 ms (106.7%): Thread-0
[458.610s][info ][gc,stats       ]       6 of     6 ms (103.6%): Thread-1
[458.610s][info ][gc,stats       ]       7 of     6 ms (112.8%): Thread-2
[458.610s][info ][gc,stats       ]       6 of     6 ms (105.6%): Thread-3
[458.610s][info ][gc,stats       ]       6 of     6 ms (108.8%): Thread-4
[458.610s][info ][gc,stats       ]       7 of     6 ms (111.9%): Thread-5
[458.610s][info ][gc,stats       ]       5 of     6 ms ( 89.1%): Thread-6
[458.610s][info ][gc,stats       ]       7 of     6 ms (113.2%): Thread-7
[458.610s][info ][gc,stats       ]       7 of     6 ms (113.2%): Thread-9
[458.610s][info ][gc,stats       ]      63 of     6 ms (1072.6%): <total>
[458.610s][info ][gc,stats       ]       3 of     6 ms ( 51.1%): <average total>
[458.610s][info ][gc,stats       ]       6 of     6 ms (107.3%): <average non-zero>
[458.610s][info ][gc,stats       ] 
[458.610s][info ][gc,metaspace   ] Metaspace: 253K(448K)->253K(448K) NonClass: 247K(320K)->247K(320K) Class: 5K(128K)->5K(128K)
[458.610s][info ][gc,ergo        ] Pacer for Idle. Initial: 41943K, Alloc Tax Rate: 1.0x
[458.611s][info ][gc             ] Trigger: Handle Allocation Failure
[458.611s][info ][gc,ergo        ] Free: 67584K, Max: 1024K regular, 10240K humongous, Frag: 85% external, 0% internal; Reserve: 102M, Max: 1024K
[458.611s][info ][gc,start       ] GC(28548) Pause Degenerated GC (Evacuation)
[458.611s][info ][gc,task        ] GC(28548) Using 8 of 8 workers for stw degenerated gc
[458.614s][info ][gc,ergo        ] GC(28548) Good progress for free space: 67877K, need 20971K
[458.614s][info ][gc,ergo        ] GC(28548) Bad progress for used space: 527K, need 1024K
[458.614s][info ][gc,ergo        ] GC(28548) Bad progress for internal fragmentation: -nan%, need 1.0%
[458.614s][info ][gc,ergo        ] GC(28548) Bad progress for external fragmentation: 0.0%, need 1.0%
[458.614s][info ][gc             ] GC(28548) Cancelling GC: Upgrade To Full GC
[458.615s][info ][gc,phases,start] GC(28548) Phase 1: Mark live objects
[458.615s][info ][gc,ref         ] GC(28548) Clearing All SoftReferences
[458.615s][info ][gc,ref         ] GC(28548) Clearing All SoftReferences
[458.615s][info ][gc,ref         ] GC(28548) Encountered references: Soft: 7, Weak: 34, Final: 0, Phantom: 1
[458.615s][info ][gc,ref         ] GC(28548) Discovered  references: Soft: 4, Weak: 4, Final: 0, Phantom: 0
[458.616s][info ][gc,ref         ] GC(28548) Enqueued    references: Soft: 0, Weak: 0, Final: 0, Phantom: 0
[458.616s][debug][gc,phases,start] GC(28548) ClassLoaderData
[458.616s][debug][gc,phases      ] GC(28548) ClassLoaderData 0.031ms
[458.616s][debug][gc,phases,start] GC(28548) Trigger cleanups
[458.616s][debug][gc,phases      ] GC(28548) Trigger cleanups 0.005ms
[458.616s][info ][gc,phases      ] GC(28548) Phase 1: Mark live objects 1.224ms
[458.616s][info ][gc,phases,start] GC(28548) Phase 2: Compute new object addresses
[458.616s][info ][gc,phases      ] GC(28548) Phase 2: Compute new object addresses 0.435ms
[458.616s][info ][gc,phases,start] GC(28548) Phase 3: Adjust pointers
[458.618s][info ][gc,phases      ] GC(28548) Phase 3: Adjust pointers 1.492ms
[458.618s][info ][gc,phases,start] GC(28548) Phase 4: Move objects
[458.719s][info ][gc,phases      ] GC(28548) Phase 4: Move objects 101.321ms
[458.719s][info ][gc,ergo        ] GC(28548) Good progress for free space: 68080K, need 20971K
[458.719s][info ][gc,ergo        ] GC(28548) Bad progress for used space: 202K, need 1024K
[458.719s][info ][gc,ergo        ] GC(28548) Bad progress for internal fragmentation: -19.8%, need 1.0%
[458.719s][info ][gc,ergo        ] GC(28548) Good progress for external fragmentation: 84.8%, need 1.0%
[458.719s][info ][gc             ] GC(28548) Pause Degenerated GC (Evacuation) 967M->966M(2048M) 108.152ms
[458.720s][debug][gc,ergo        ] GC(28548) Margin of error now 3.29
[458.720s][debug][gc,ergo        ] GC(28548) Spike threshold now: 0.32
[458.720s][info ][gc,ergo        ] Free: 47600K, Max: 1024K regular, 47104K humongous, Frag: 0% external, 1% internal; Reserve: 103M, Max: 1024K
[458.720s][info ][gc,stats       ] 
[458.720s][info ][gc,stats       ] All times are wall-clock times, except per-root-class counters, that are sum over
[458.720s][info ][gc,stats       ] all workers. Dividing the <total> over the root stage time estimates parallelism.
[458.720s][info ][gc,stats       ] 
[458.720s][info ][gc,stats       ] Pause Degenerated GC (G)         108422 us
[458.720s][info ][gc,stats       ] Pause Degenerated GC (N)         108157 us
[458.720s][info ][gc,stats       ]   Evacuation                        170 us
[458.720s][info ][gc,stats       ]   Manage GCLABs                       2 us
[458.720s][info ][gc,stats       ]   Update References                1623 us
[458.720s][info ][gc,stats       ]   Update Region States              128 us
[458.720s][info ][gc,stats       ]   Trash Collection Set                3 us
[458.720s][info ][gc,stats       ]   Rebuild Free Set                   13 us
[458.720s][info ][gc,stats       ]   Degen Update Roots                287 us, parallelism: 1.04x
[458.720s][info ][gc,stats       ]     DU: <total>                     298 us
[458.720s][info ][gc,stats       ]     DU: Thread Roots                 85 us, workers (us):   1,  32,  28,  24,   0,   0,   0,   0, 
[458.720s][info ][gc,stats       ]     DU: Code Cache Roots            171 us, workers (us): 171,   0,   0,   0,   0,   0,   0,   0, 
[458.720s][info ][gc,stats       ]     DU: VM Strong Roots               3 us, workers (us):   2,   0,   0,   0,   0,   0,   0,   0, 
[458.720s][info ][gc,stats       ]     DU: VM Weak Roots                27 us, workers (us):  13,  13,   1,   1,   0,   0,   0,   0, 
[458.720s][info ][gc,stats       ]     DU: CLDG Roots                   11 us, workers (us):   2,   8,   1,   1,   0,   0,   0,   0, 
[458.720s][info ][gc,stats       ]   Cleanup                           106 us
[458.720s][info ][gc,stats       ]   Pre Heap Dump                       1 us
[458.720s][info ][gc,stats       ]   Prepare                           780 us
[458.720s][info ][gc,stats       ]   Mark                             1191 us, parallelism: 2.84x
[458.720s][info ][gc,stats       ]     FM: <total>                    3388 us
[458.720s][info ][gc,stats       ]     FM: Thread Roots                104 us, workers (us):  56,  42,   1,   1,   1,   1,   1,   1, 
[458.720s][info ][gc,stats       ]     FM: VM Strong Roots               3 us, workers (us):   2,   0,   0,   0,   0,   0,   0,   0, 
[458.720s][info ][gc,stats       ]     FM: CLDG Roots                   20 us, workers (us):   0,  17,   0,   0,   0,   0,   0,   0, 
[458.720s][info ][gc,stats       ]     FM: Parallel Mark              3260 us, workers (us): 367, 523, 502, 519, 365, 340, 317, 326, 
[458.720s][info ][gc,stats       ]     System Purge                    511 us
[458.720s][info ][gc,stats       ]       Weak References               146 us, parallelism: 0.02x
[458.720s][info ][gc,stats       ]         WRP: <total>                  2 us
[458.720s][info ][gc,stats       ]         WRP: Weak References          2 us, workers (us):   1,   0,   0,   0,   0,   0,   0,   0, 
[458.720s][info ][gc,stats       ]       Unload Classes                196 us, parallelism: 0.97x
[458.720s][info ][gc,stats       ]         CU: <total>                 191 us
[458.720s][info ][gc,stats       ]         CU: Unload Code Caches      191 us, workers (us):  74,  54,  44,  19,   0,   0,   0,   0, 
[458.720s][info ][gc,stats       ]       Weak Roots                    167 us, parallelism: 0.15x
[458.720s][info ][gc,stats       ]         WR: <total>                  24 us
[458.720s][info ][gc,stats       ]         WR: VM Weak Roots            24 us, workers (us):  15,   4,   1,   1,   1,   1,   1,   2, 
[458.720s][info ][gc,stats       ]       CLDG                            1 us
[458.720s][info ][gc,stats       ]   Calculate Addresses               417 us
[458.720s][info ][gc,stats       ]     Regular Objects                 264 us
[458.720s][info ][gc,stats       ]     Humongous Objects               105 us
[458.720s][info ][gc,stats       ]   Adjust Pointers                  1485 us
[458.720s][info ][gc,stats       ]     FA: <total>                     209 us
[458.720s][info ][gc,stats       ]     FA: Thread Roots                 55 us, workers (us):   1,  43,   9,   1,   0,   0,   0,   0, 
[458.720s][info ][gc,stats       ]     FA: Code Cache Roots            124 us, workers (us): 123,   0,   0,   0,   0,   0,   0,   0, 
[458.720s][info ][gc,stats       ]     FA: VM Strong Roots               3 us, workers (us):   2,   0,   0,   0,   0,   0,   0,   0, 
[458.720s][info ][gc,stats       ]     FA: VM Weak Roots                18 us, workers (us):  12,   3,   1,   0,   0,   0,   0,   0, 
[458.720s][info ][gc,stats       ]     FA: CLDG Roots                    9 us, workers (us):   1,   7,   1,   0,   0,   0,   0,   0, 
[458.720s][info ][gc,stats       ]   Copy Objects                   101315 us
[458.720s][info ][gc,stats       ]     Regular Objects                 307 us
[458.720s][info ][gc,stats       ]     Humongous Objects             99501 us
[458.720s][info ][gc,stats       ]     Reset Complete Bitmap          1427 us
[458.720s][info ][gc,stats       ]     Rebuild Region Sets              77 us
[458.720s][info ][gc,stats       ]   Post Heap Dump                      1 us
[458.720s][info ][gc,stats       ] Pacing                          1109734 us
[458.720s][info ][gc,stats       ] 
[458.720s][info ][gc,stats       ] Allocation pacing accrued:
[458.720s][info ][gc,stats       ]     110 of   110 ms ( 99.8%): Thread-0
[458.720s][info ][gc,stats       ]     110 of   110 ms (100.1%): Thread-1
[458.720s][info ][gc,stats       ]     110 of   110 ms ( 99.9%): Thread-2
[458.720s][info ][gc,stats       ]     110 of   110 ms (100.2%): Thread-3
[458.720s][info ][gc,stats       ]     110 of   110 ms ( 99.8%): Thread-4
[458.720s][info ][gc,stats       ]     110 of   110 ms (100.0%): Thread-5
[458.720s][info ][gc,stats       ]     110 of   110 ms (100.1%): Thread-6
[458.720s][info ][gc,stats       ]     110 of   110 ms ( 99.9%): Thread-7
[458.720s][info ][gc,stats       ]     118 of   110 ms (106.6%): Thread-8
[458.720s][info ][gc,stats       ]     110 of   110 ms (100.0%): Thread-9
[458.720s][info ][gc,stats       ]    1110 of   110 ms (1006.4%): <total>
[458.720s][info ][gc,stats       ]      53 of   110 ms ( 47.9%): <average total>
[458.720s][info ][gc,stats       ]     111 of   110 ms (100.6%): <average non-zero>
[458.720s][info ][gc,stats       ] 
[458.720s][info ][gc,metaspace   ] Metaspace: 253K(448K)->253K(448K) NonClass: 247K(320K)->247K(320K) Class: 5K(128K)->5K(128K)
[458.720s][info ][gc,ergo        ] Pacer for Idle. Initial: 41943K, Alloc Tax Rate: 1.0x
[458.721s][info ][gc             ] Trigger: Free (15856K) is below minimum threshold (204M)
[458.721s][info ][gc,ergo        ] Free: 15856K, Max: 1024K regular, 15360K humongous, Frag: 0% external, 3% internal; Reserve: 103M, Max: 1024K
[458.722s][info ][gc,start       ] GC(28549) Concurrent reset
[458.722s][info ][gc,task        ] GC(28549) Using 4 of 8 workers for concurrent reset
[458.722s][info ][gc,ergo        ] GC(28549) Pacer for Reset. Non-Taxable: 2048M
[458.722s][info ][gc             ] GC(28549) Concurrent reset 0.204ms
[458.722s][info ][gc,start       ] GC(28549) Pause Init Mark (unload classes)
[458.722s][info ][gc,task        ] GC(28549) Using 8 of 8 workers for init marking
[458.722s][info ][gc,ergo        ] GC(28549) Pacer for Mark. Expected Live: 1941M, Free: 15856K, Non-Taxable: 1585K, Alloc Tax Rate: 153.3x
[458.722s][info ][gc             ] GC(28549) Pause Init Mark (unload classes) 0.190ms
[458.722s][info ][gc,start       ] GC(28549) Concurrent marking roots
[458.722s][info ][gc,task        ] GC(28549) Using 4 of 8 workers for concurrent marking roots
[458.722s][info ][gc             ] GC(28549) Concurrent marking roots 0.213ms
[458.722s][info ][gc,start       ] GC(28549) Concurrent marking (unload classes)
[458.722s][info ][gc,task        ] GC(28549) Using 4 of 8 workers for concurrent marking
[458.723s][info ][gc             ] GC(28549) Concurrent marking (unload classes) 0.643ms
[458.723s][info ][gc,start       ] GC(28549) Pause Final Mark (unload classes)
[458.723s][info ][gc,task        ] GC(28549) Using 8 of 8 workers for final marking
[458.724s][info ][gc,ergo        ] GC(28549) Collectable Garbage: 36864K (100%), Immediate: 36864K (100%), CSet: 0B (0%)
[458.724s][info ][gc             ] GC(28549) Pause Final Mark (unload classes) 0.598ms
[458.724s][info ][gc,start       ] GC(28549) Concurrent weak references
[458.724s][info ][gc,task        ] GC(28549) Using 4 of 8 workers for concurrent weak references
[458.724s][info ][gc,ref         ] GC(28549) Encountered references: Soft: 7, Weak: 34, Final: 0, Phantom: 1
[458.724s][info ][gc,ref         ] GC(28549) Discovered  references: Soft: 0, Weak: 1, Final: 0, Phantom: 1
[458.724s][info ][gc,ref         ] GC(28549) Enqueued    references: Soft: 0, Weak: 0, Final: 0, Phantom: 0
[458.724s][info ][gc             ] GC(28549) Concurrent weak references 0.105ms
[458.724s][info ][gc,start       ] GC(28549) Concurrent weak roots
[458.724s][info ][gc,task        ] GC(28549) Using 4 of 8 workers for concurrent weak root
[458.724s][info ][gc             ] GC(28549) Concurrent weak roots 0.168ms
[458.724s][info ][gc,start       ] GC(28549) Concurrent cleanup
[458.724s][info ][gc             ] GC(28549) Concurrent cleanup 997M->961M(2048M) 0.085ms
[458.724s][info ][gc,ergo        ] GC(28549) Free: 69104K, Max: 1024K regular, 68608K humongous, Frag: 0% external, 0% internal; Reserve: 103M, Max: 1024K
[458.724s][info ][gc,start       ] GC(28549) Concurrent class unloading
[458.724s][info ][gc,task        ] GC(28549) Using 4 of 8 workers for concurrent class unloading
[458.724s][debug][gc,phases,start] GC(28549) ClassLoaderData
[458.724s][debug][gc,phases      ] GC(28549) ClassLoaderData 0.005ms
[458.724s][debug][gc,phases,start] GC(28549) Trigger cleanups
[458.724s][debug][gc,phases      ] GC(28549) Trigger cleanups 0.003ms
[458.724s][info ][gc             ] GC(28549) Concurrent class unloading 0.346ms
[458.724s][info ][gc,start       ] GC(28549) Pause Final Roots
[458.724s][info ][gc             ] GC(28549) Pause Final Roots 0.016ms
[458.725s][debug][gc,ergo        ] GC(28549) Available: 69104 KB, z-score=-1.626. Average available: 136.2 MB +/- 43275.5 KB.
[458.725s][info ][gc,ergo        ] Free: 69104K, Max: 1024K regular, 68608K humongous, Frag: 0% external, 0% internal; Reserve: 103M, Max: 1024K
[458.725s][info ][gc,stats       ] 
[458.725s][info ][gc,stats       ] All times are wall-clock times, except per-root-class counters, that are sum over
[458.725s][info ][gc,stats       ] all workers. Dividing the <total> over the root stage time estimates parallelism.
[458.725s][info ][gc,stats       ] 
[458.725s][info ][gc,stats       ] Concurrent Reset                    228 us
[458.725s][info ][gc,stats       ] Pause Init Mark (G)                 343 us
[458.725s][info ][gc,stats       ] Pause Init Mark (N)                 196 us
[458.725s][info ][gc,stats       ]   Update Region States              146 us
[458.725s][info ][gc,stats       ] Concurrent Mark Roots               226 us, parallelism: 1.28x
[458.725s][info ][gc,stats       ]   CMR: <total>                      288 us
[458.725s][info ][gc,stats       ]   CMR: Thread Roots                 270 us, workers (us):  68,  58,  62,  83, ---, ---, ---, ---, 
[458.725s][info ][gc,stats       ]   CMR: VM Strong Roots                4 us, workers (us):   3,   0,   0,   0, ---, ---, ---, ---, 
[458.725s][info ][gc,stats       ]   CMR: CLDG Roots                    14 us, workers (us):  14,   1, ---, ---, ---, ---, ---, ---, 
[458.725s][info ][gc,stats       ] Concurrent Marking                  655 us
[458.725s][info ][gc,stats       ] Pause Final Mark (G)                668 us
[458.725s][info ][gc,stats       ] Pause Final Mark (N)                603 us
[458.725s][info ][gc,stats       ]   Finish Mark                       430 us
[458.725s][info ][gc,stats       ]   Update Region States              118 us
[458.725s][info ][gc,stats       ]   Choose Collection Set              27 us
[458.725s][info ][gc,stats       ]   Rebuild Free Set                    7 us
[458.725s][info ][gc,stats       ] Concurrent Weak References          109 us, parallelism: 0.01x
[458.725s][info ][gc,stats       ]   CWRF: <total>                       1 us
[458.725s][info ][gc,stats       ]   CWRF: Weak References               1 us, workers (us):   1,   0,   0,   0, ---, ---, ---, ---, 
[458.725s][info ][gc,stats       ] Concurrent Weak Roots               180 us
[458.725s][info ][gc,stats       ]   Roots                             104 us, parallelism: 0.60x
[458.725s][info ][gc,stats       ]     CWR: <total>                     63 us
[458.725s][info ][gc,stats       ]     CWR: Code Cache Roots            41 us, workers (us):   0,  40,   0,   0, ---, ---, ---, ---, 
[458.725s][info ][gc,stats       ]     CWR: VM Weak Roots               22 us, workers (us):  14,   7,   0,   0, ---, ---, ---, ---, 
[458.725s][info ][gc,stats       ]     CWR: CLDG Roots                   1 us, workers (us):   1, ---, ---, ---, ---, ---, ---, ---, 
[458.725s][info ][gc,stats       ]   Rendezvous                         55 us
[458.725s][info ][gc,stats       ] Concurrent Cleanup                   89 us
[458.725s][info ][gc,stats       ] Concurrent Class Unloading          358 us
[458.725s][info ][gc,stats       ]   Unlink Stale                      190 us
[458.725s][info ][gc,stats       ]     System Dictionary                15 us
[458.725s][info ][gc,stats       ]     Weak Class Links                  0 us
[458.725s][info ][gc,stats       ]     Code Roots                      175 us
[458.725s][info ][gc,stats       ]   Rendezvous                         51 us
[458.725s][info ][gc,stats       ]   Purge Unlinked                     98 us
[458.725s][info ][gc,stats       ]     Code Roots                       84 us
[458.725s][info ][gc,stats       ]     CLDG                             13 us
[458.725s][info ][gc,stats       ]     Exception Caches                  0 us
[458.725s][info ][gc,stats       ] Pause Final Roots (G)               154 us
[458.725s][info ][gc,stats       ] Pause Final Roots (N)                20 us
[458.725s][info ][gc,stats       ] 
[458.725s][info ][gc,stats       ] Allocation pacing accrued:
[458.725s][info ][gc,stats       ]       0 of     5 ms (  0.0%): <total>
[458.725s][info ][gc,stats       ]       0 of     5 ms (  0.0%): <average total>
[458.725s][info ][gc,stats       ] 
[458.725s][info ][gc,metaspace   ] Metaspace: 253K(448K)->253K(448K) NonClass: 247K(320K)->247K(320K) Class: 5K(128K)->5K(128K)
[458.725s][info ][gc,ergo        ] Pacer for Idle. Initial: 41943K, Alloc Tax Rate: 1.0x
[458.726s][info ][gc             ] Trigger: Free (69104K) is below minimum threshold (204M)
[458.726s][info ][gc,ergo        ] Free: 69104K, Max: 1024K regular, 68608K humongous, Frag: 0% external, 0% internal; Reserve: 103M, Max: 1024K
[458.726s][info ][gc,start       ] GC(28550) Concurrent reset
[458.726s][info ][gc,task        ] GC(28550) Using 4 of 8 workers for concurrent reset
[458.726s][info ][gc,ergo        ] GC(28550) Pacer for Reset. Non-Taxable: 2048M
[458.728s][info ][gc             ] GC(28550) Concurrent reset 1.685ms
[458.728s][info ][gc,start       ] GC(28550) Pause Init Mark (unload classes)
[458.728s][info ][gc,task        ] GC(28550) Using 8 of 8 workers for init marking
[458.728s][info ][gc,ergo        ] GC(28550) Pacer for Mark. Expected Live: 1942M, Free: 69104K, Non-Taxable: 6910K, Alloc Tax Rate: 35.2x
[458.728s][info ][gc             ] GC(28550) Pause Init Mark (unload classes) 0.149ms
[458.728s][info ][gc,start       ] GC(28550) Concurrent marking roots
[458.728s][info ][gc,task        ] GC(28550) Using 4 of 8 workers for concurrent marking roots
[458.728s][info ][gc             ] GC(28550) Concurrent marking roots 0.158ms
[458.728s][info ][gc,start       ] GC(28550) Concurrent marking (unload classes)
[458.728s][info ][gc,task        ] GC(28550) Using 4 of 8 workers for concurrent marking
[458.728s][info ][gc             ] GC(28550) Concurrent marking (unload classes) 0.384ms
[458.728s][info ][gc,start       ] GC(28550) Pause Final Mark (unload classes)
[458.728s][info ][gc,task        ] GC(28550) Using 8 of 8 workers for final marking
[458.729s][info ][gc,ergo        ] GC(28550) Collectable Garbage: 43008K (100%), Immediate: 43008K (100%), CSet: 0B (0%)
[458.729s][info ][gc             ] GC(28550) Pause Final Mark (unload classes) 0.474ms
[458.729s][info ][gc,start       ] GC(28550) Concurrent weak references
[458.729s][info ][gc,task        ] GC(28550) Using 4 of 8 workers for concurrent weak references
[458.729s][info ][gc,ref         ] GC(28550) Encountered references: Soft: 7, Weak: 34, Final: 0, Phantom: 1
[458.729s][info ][gc,ref         ] GC(28550) Discovered  references: Soft: 0, Weak: 1, Final: 0, Phantom: 1
[458.729s][info ][gc,ref         ] GC(28550) Enqueued    references: Soft: 0, Weak: 0, Final: 0, Phantom: 0
[458.729s][info ][gc             ] GC(28550) Concurrent weak references 0.092ms
[458.729s][info ][gc,start       ] GC(28550) Concurrent weak roots
[458.729s][info ][gc,task        ] GC(28550) Using 4 of 8 workers for concurrent weak root
[458.729s][info ][gc             ] GC(28550) Concurrent weak roots 0.228ms
[458.729s][info ][gc,start       ] GC(28550) Concurrent cleanup
[458.729s][info ][gc             ] GC(28550) Concurrent cleanup 961M->919M(2048M) 0.100ms
[458.729s][info ][gc,ergo        ] GC(28550) Free: 151M, Max: 1024K regular, 116M humongous, Frag: 24% external, 0% internal; Reserve: 103M, Max: 1024K
[458.729s][info ][gc,start       ] GC(28550) Concurrent class unloading
[458.729s][info ][gc,task        ] GC(28550) Using 4 of 8 workers for concurrent class unloading
[458.729s][debug][gc,phases,start] GC(28550) ClassLoaderData
[458.729s][debug][gc,phases      ] GC(28550) ClassLoaderData 0.015ms
[458.729s][debug][gc,phases,start] GC(28550) Trigger cleanups
[458.729s][debug][gc,phases      ] GC(28550) Trigger cleanups 0.004ms
[458.730s][info ][gc             ] GC(28550) Concurrent class unloading 0.424ms
[458.730s][info ][gc,start       ] GC(28550) Pause Final Roots
[458.730s][info ][gc             ] GC(28550) Pause Final Roots 0.014ms
[458.730s][debug][gc,ergo        ] GC(28550) Available: 151 MB, z-score=0.524. Average available: 131.7 MB +/- 38662.7 KB.
[458.730s][info ][gc,ergo        ] Free: 151M, Max: 1024K regular, 116M humongous, Frag: 24% external, 0% internal; Reserve: 103M, Max: 1024K
[458.730s][info ][gc,stats       ] 
[458.730s][info ][gc,stats       ] All times are wall-clock times, except per-root-class counters, that are sum over
[458.730s][info ][gc,stats       ] all workers. Dividing the <total> over the root stage time estimates parallelism.
[458.730s][info ][gc,stats       ] 
[458.730s][info ][gc,stats       ] Concurrent Reset                   1708 us
[458.730s][info ][gc,stats       ] Pause Init Mark (G)                 214 us
[458.730s][info ][gc,stats       ] Pause Init Mark (N)                 155 us
[458.730s][info ][gc,stats       ]   Update Region States              118 us
[458.730s][info ][gc,stats       ] Concurrent Mark Roots               166 us, parallelism: 1.58x
[458.730s][info ][gc,stats       ]   CMR: <total>                      261 us
[458.730s][info ][gc,stats       ]   CMR: Thread Roots                 244 us, workers (us):  75,  81,  65,  23, ---, ---, ---, ---, 
[458.730s][info ][gc,stats       ]   CMR: VM Strong Roots                3 us, workers (us):   3,   0,   0,   0, ---, ---, ---, ---, 
[458.730s][info ][gc,stats       ]   CMR: CLDG Roots                    14 us, workers (us):  14,   1, ---, ---, ---, ---, ---, ---, 
[458.730s][info ][gc,stats       ] Concurrent Marking                  396 us
[458.730s][info ][gc,stats       ] Pause Final Mark (G)                594 us
[458.730s][info ][gc,stats       ] Pause Final Mark (N)                479 us
[458.730s][info ][gc,stats       ]   Finish Mark                       316 us
[458.730s][info ][gc,stats       ]   Update Region States              102 us
[458.730s][info ][gc,stats       ]   Choose Collection Set              33 us
[458.730s][info ][gc,stats       ]   Rebuild Free Set                    7 us
[458.730s][info ][gc,stats       ] Concurrent Weak References           96 us, parallelism: 0.01x
[458.730s][info ][gc,stats       ]   CWRF: <total>                       1 us
[458.730s][info ][gc,stats       ]   CWRF: Weak References               1 us, workers (us):   1,   0,   0,   0, ---, ---, ---, ---, 
[458.730s][info ][gc,stats       ] Concurrent Weak Roots               243 us
[458.730s][info ][gc,stats       ]   Roots                              94 us, parallelism: 0.56x
[458.730s][info ][gc,stats       ]     CWR: <total>                     52 us
[458.730s][info ][gc,stats       ]     CWR: Code Cache Roots            32 us, workers (us):  32,   0,   0,   0, ---, ---, ---, ---, 
[458.730s][info ][gc,stats       ]     CWR: VM Weak Roots               19 us, workers (us):  16,   3,   0,   0, ---, ---, ---, ---, 
[458.730s][info ][gc,stats       ]     CWR: CLDG Roots                   1 us, workers (us): ---,   1, ---, ---, ---, ---, ---, ---, 
[458.730s][info ][gc,stats       ]   Rendezvous                        125 us
[458.730s][info ][gc,stats       ] Concurrent Cleanup                  105 us
[458.730s][info ][gc,stats       ] Concurrent Class Unloading          444 us
[458.730s][info ][gc,stats       ]   Unlink Stale                      217 us
[458.730s][info ][gc,stats       ]     System Dictionary                29 us
[458.730s][info ][gc,stats       ]     Weak Class Links                  0 us
[458.730s][info ][gc,stats       ]     Code Roots                      187 us
[458.730s][info ][gc,stats       ]   Rendezvous                         93 us
[458.730s][info ][gc,stats       ]   Purge Unlinked                     88 us
[458.730s][info ][gc,stats       ]     Code Roots                       69 us
[458.730s][info ][gc,stats       ]     CLDG                             18 us
[458.730s][info ][gc,stats       ]     Exception Caches                  0 us
[458.730s][info ][gc,stats       ] Pause Final Roots (G)                71 us
[458.730s][info ][gc,stats       ] Pause Final Roots (N)                18 us
[458.730s][info ][gc,stats       ] 
[458.730s][info ][gc,stats       ] Allocation pacing accrued:
[458.730s][info ][gc,stats       ]       0 of     5 ms (  0.0%): <total>
[458.730s][info ][gc,stats       ]       0 of     5 ms (  0.0%): <average total>
[458.730s][info ][gc,stats       ] 
[458.730s][info ][gc,metaspace   ] Metaspace: 253K(448K)->253K(448K) NonClass: 247K(320K)->247K(320K) Class: 5K(128K)->5K(128K)
[458.730s][info ][gc,ergo        ] Pacer for Idle. Initial: 41943K, Alloc Tax Rate: 1.0x
[458.732s][info ][gc             ] Trigger: Free (100M) is below minimum threshold (204M)
[458.733s][info ][gc,ergo        ] Free: 100M, Max: 1024K regular, 72704K humongous, Frag: 29% external, 0% internal; Reserve: 103M, Max: 1024K
[458.733s][info ][gc,start       ] GC(28551) Concurrent reset
[458.733s][info ][gc,task        ] GC(28551) Using 4 of 8 workers for concurrent reset
[458.733s][info ][gc,ergo        ] GC(28551) Pacer for Reset. Non-Taxable: 2048M
[458.735s][info ][gc             ] GC(28551) Concurrent reset 2.889ms
[458.736s][info ][gc,start       ] GC(28551) Pause Init Mark (unload classes)
[458.736s][info ][gc,task        ] GC(28551) Using 8 of 8 workers for init marking
[458.736s][info ][gc,ergo        ] GC(28551) Pacer for Mark. Expected Live: 1933M, Free: 63984K, Non-Taxable: 6398K, Alloc Tax Rate: 37.8x
[458.736s][info ][gc             ] GC(28551) Pause Init Mark (unload classes) 0.139ms
[458.736s][info ][gc,start       ] GC(28551) Concurrent marking roots
[458.736s][info ][gc,task        ] GC(28551) Using 4 of 8 workers for concurrent marking roots
[458.736s][info ][gc             ] GC(28551) Concurrent marking roots 0.355ms
[458.736s][info ][gc,start       ] GC(28551) Concurrent marking (unload classes)
[458.736s][info ][gc,task        ] GC(28551) Using 4 of 8 workers for concurrent marking
[458.737s][info ][gc             ] GC(28551) Concurrent marking (unload classes) 0.886ms
[458.737s][info ][gc,start       ] GC(28551) Pause Final Mark (unload classes)
[458.738s][info ][gc,task        ] GC(28551) Using 8 of 8 workers for final marking
[458.738s][info ][gc,ergo        ] GC(28551) Collectable Garbage: 49152K (100%), Immediate: 49152K (100%), CSet: 0B (0%)
[458.738s][info ][gc             ] GC(28551) Pause Final Mark (unload classes) 0.909ms
[458.739s][info ][gc,start       ] GC(28551) Concurrent weak references
[458.739s][info ][gc,task        ] GC(28551) Using 4 of 8 workers for concurrent weak references
[458.739s][info ][gc,ref         ] GC(28551) Encountered references: Soft: 7, Weak: 34, Final: 0, Phantom: 1
[458.739s][info ][gc,ref         ] GC(28551) Discovered  references: Soft: 0, Weak: 0, Final: 0, Phantom: 1
[458.739s][info ][gc,ref         ] GC(28551) Enqueued    references: Soft: 0, Weak: 0, Final: 0, Phantom: 0
[458.739s][info ][gc             ] GC(28551) Concurrent weak references 0.095ms
[458.739s][info ][gc,start       ] GC(28551) Concurrent weak roots
[458.739s][info ][gc,task        ] GC(28551) Using 4 of 8 workers for concurrent weak root
[458.739s][info ][gc             ] GC(28551) Concurrent weak roots 0.229ms
[458.739s][info ][gc,start       ] GC(28551) Concurrent cleanup
[458.739s][info ][gc             ] GC(28551) Concurrent cleanup 980M->932M(2048M) 0.099ms
[458.739s][info ][gc,ergo        ] GC(28551) Free: 134M, Max: 1024K regular, 9216K humongous, Frag: 94% external, 0% internal; Reserve: 103M, Max: 1024K
[458.739s][info ][gc,start       ] GC(28551) Concurrent class unloading
[458.739s][info ][gc,task        ] GC(28551) Using 4 of 8 workers for concurrent class unloading
[458.739s][debug][gc,phases,start] GC(28551) ClassLoaderData
[458.739s][debug][gc,phases      ] GC(28551) ClassLoaderData 0.007ms
[458.739s][debug][gc,phases,start] GC(28551) Trigger cleanups
[458.739s][debug][gc,phases      ] GC(28551) Trigger cleanups 0.005ms
[458.739s][info ][gc             ] GC(28551) Concurrent class unloading 0.455ms
[458.740s][info ][gc,start       ] GC(28551) Pause Final Roots
[458.740s][info ][gc             ] GC(28551) Pause Final Roots 0.024ms
[458.740s][debug][gc,ergo        ] GC(28551) Available: 128 MB, z-score=0.008. Average available: 128.2 MB +/- 37108.0 KB.
[458.740s][info ][gc,ergo        ] Free: 128M, Max: 1024K regular, 9216K humongous, Frag: 93% external, 0% internal; Reserve: 103M, Max: 1024K
[458.740s][info ][gc,stats       ] 
[458.740s][info ][gc,stats       ] All times are wall-clock times, except per-root-class counters, that are sum over
[458.740s][info ][gc,stats       ] all workers. Dividing the <total> over the root stage time estimates parallelism.
[458.740s][info ][gc,stats       ] 
[458.740s][info ][gc,stats       ] Concurrent Reset                   2962 us
[458.740s][info ][gc,stats       ] Pause Init Mark (G)                 315 us
[458.740s][info ][gc,stats       ] Pause Init Mark (N)                 145 us
[458.740s][info ][gc,stats       ]   Update Region States              101 us
[458.740s][info ][gc,stats       ] Concurrent Mark Roots               368 us, parallelism: 1.04x
[458.740s][info ][gc,stats       ]   CMR: <total>                      383 us
[458.740s][info ][gc,stats       ]   CMR: Thread Roots                 348 us, workers (us): 123,  91, 133,   0, ---, ---, ---, ---, 
[458.740s][info ][gc,stats       ]   CMR: VM Strong Roots                4 us, workers (us):   3,   0,   1,   0, ---, ---, ---, ---, 
[458.740s][info ][gc,stats       ]   CMR: CLDG Roots                    32 us, workers (us):  32, ---, ---, ---, ---, ---, ---, ---, 
[458.740s][info ][gc,stats       ] Concurrent Marking                  900 us
[458.740s][info ][gc,stats       ] Pause Final Mark (G)               1370 us
[458.740s][info ][gc,stats       ] Pause Final Mark (N)                917 us
[458.740s][info ][gc,stats       ]   Finish Mark                       539 us
[458.740s][info ][gc,stats       ]   Update Region States              137 us
[458.740s][info ][gc,stats       ]   Choose Collection Set              79 us
[458.740s][info ][gc,stats       ]   Rebuild Free Set                   11 us
[458.740s][info ][gc,stats       ] Concurrent Weak References          100 us, parallelism: 0.02x
[458.740s][info ][gc,stats       ]   CWRF: <total>                       2 us
[458.740s][info ][gc,stats       ]   CWRF: Weak References               2 us, workers (us):   2,   0,   0,   0, ---, ---, ---, ---, 
[458.740s][info ][gc,stats       ] Concurrent Weak Roots               243 us
[458.740s][info ][gc,stats       ]   Roots                             149 us, parallelism: 0.62x
[458.740s][info ][gc,stats       ]     CWR: <total>                     93 us
[458.740s][info ][gc,stats       ]     CWR: Code Cache Roots            59 us, workers (us):  59,   0,   0,   0, ---, ---, ---, ---, 
[458.740s][info ][gc,stats       ]     CWR: VM Weak Roots               32 us, workers (us):  28,   4,   0,   0, ---, ---, ---, ---, 
[458.740s][info ][gc,stats       ]     CWR: CLDG Roots                   1 us, workers (us): ---,   1, ---, ---, ---, ---, ---, ---, 
[458.740s][info ][gc,stats       ]   Rendezvous                         70 us
[458.740s][info ][gc,stats       ] Concurrent Cleanup                  106 us
[458.740s][info ][gc,stats       ] Concurrent Class Unloading          488 us
[458.740s][info ][gc,stats       ]   Unlink Stale                      254 us
[458.740s][info ][gc,stats       ]     System Dictionary                22 us
[458.740s][info ][gc,stats       ]     Weak Class Links                  0 us
[458.740s][info ][gc,stats       ]     Code Roots                      231 us
[458.740s][info ][gc,stats       ]   Rendezvous                        114 us
[458.740s][info ][gc,stats       ]   Purge Unlinked                     74 us
[458.740s][info ][gc,stats       ]     Code Roots                       60 us
[458.740s][info ][gc,stats       ]     CLDG                             14 us
[458.740s][info ][gc,stats       ]     Exception Caches                  0 us
[458.740s][info ][gc,stats       ] Pause Final Roots (G)               391 us
[458.740s][info ][gc,stats       ] Pause Final Roots (N)                30 us
[458.740s][info ][gc,stats       ] Pacing                            81235 us
[458.740s][info ][gc,stats       ] 
[458.740s][info ][gc,stats       ] Allocation pacing accrued:
[458.740s][info ][gc,stats       ]       7 of    10 ms ( 66.8%): Thread-0
[458.740s][info ][gc,stats       ]       8 of    10 ms ( 81.2%): Thread-1
[458.740s][info ][gc,stats       ]       8 of    10 ms ( 81.8%): Thread-2
[458.740s][info ][gc,stats       ]       8 of    10 ms ( 81.5%): Thread-3
[458.740s][info ][gc,stats       ]       9 of    10 ms ( 87.1%): Thread-4
[458.740s][info ][gc,stats       ]       8 of    10 ms ( 84.4%): Thread-5
[458.740s][info ][gc,stats       ]       8 of    10 ms ( 81.8%): Thread-6
[458.740s][info ][gc,stats       ]       8 of    10 ms ( 81.0%): Thread-7
[458.740s][info ][gc,stats       ]       8 of    10 ms ( 83.0%): Thread-8
[458.740s][info ][gc,stats       ]       8 of    10 ms ( 85.1%): Thread-9
[458.740s][info ][gc,stats       ]      81 of    10 ms (813.6%): <total>
[458.740s][info ][gc,stats       ]       4 of    10 ms ( 38.7%): <average total>
[458.740s][info ][gc,stats       ]       8 of    10 ms ( 81.4%): <average non-zero>
[458.740s][info ][gc,stats       ] 
[458.740s][info ][gc,metaspace   ] Metaspace: 253K(448K)->253K(448K) NonClass: 247K(320K)->247K(320K) Class: 5K(128K)->5K(128K)
[458.740s][info ][gc,ergo        ] Pacer for Idle. Initial: 41943K, Alloc Tax Rate: 1.0x
[458.741s][info ][gc             ] Trigger: Free (108M) is below minimum threshold (204M)
[458.741s][info ][gc,ergo        ] Free: 108M, Max: 1024K regular, 4096K humongous, Frag: 97% external, 0% internal; Reserve: 103M, Max: 1024K
[458.741s][info ][gc,start       ] GC(28552) Concurrent reset
[458.741s][info ][gc,task        ] GC(28552) Using 4 of 8 workers for concurrent reset
[458.741s][info ][gc,ergo        ] GC(28552) Pacer for Reset. Non-Taxable: 2048M
[458.744s][info ][gc             ] GC(28552) Concurrent reset 2.488ms
[458.744s][info ][gc,start       ] GC(28552) Pause Init Mark (unload classes)
[458.744s][info ][gc,task        ] GC(28552) Using 8 of 8 workers for init marking
[458.744s][info ][gc,ergo        ] GC(28552) Pacer for Mark. Expected Live: 1136M, Free: 70128K, Non-Taxable: 7012K, Alloc Tax Rate: 20.3x
[458.744s][info ][gc             ] GC(28552) Pause Init Mark (unload classes) 0.181ms
[458.744s][info ][gc,start       ] GC(28552) Concurrent marking roots
[458.744s][info ][gc,task        ] GC(28552) Using 4 of 8 workers for concurrent marking roots
[458.745s][info ][gc             ] GC(28552) Concurrent marking roots 0.156ms
[458.745s][info ][gc,start       ] GC(28552) Concurrent marking (unload classes)
[458.745s][info ][gc,task        ] GC(28552) Using 4 of 8 workers for concurrent marking
[458.745s][info ][gc             ] GC(28552) Concurrent marking (unload classes) 0.680ms
[458.745s][info ][gc,start       ] GC(28552) Pause Final Mark (unload classes)
[458.745s][info ][gc,task        ] GC(28552) Using 8 of 8 workers for final marking
[458.746s][info ][gc,ergo        ] GC(28552) Collectable Garbage: 49152K (100%), Immediate: 49152K (100%), CSet: 0B (0%)
[458.746s][info ][gc             ] GC(28552) Pause Final Mark (unload classes) 0.555ms
[458.746s][info ][gc             ] Failed to allocate Shared, 10240K
[458.746s][info ][gc             ] Cancelling GC: Allocation Failure
[458.746s][info ][gc,start       ] GC(28552) Concurrent weak references
[458.746s][info ][gc,task        ] GC(28552) Using 4 of 8 workers for concurrent weak references
[458.746s][info ][gc,ref         ] GC(28552) Encountered references: Soft: 7, Weak: 34, Final: 0, Phantom: 1
[458.746s][info ][gc,ref         ] GC(28552) Discovered  references: Soft: 0, Weak: 0, Final: 0, Phantom: 1
[458.746s][info ][gc,ref         ] GC(28552) Enqueued    references: Soft: 0, Weak: 0, Final: 0, Phantom: 0
[458.746s][info ][gc             ] GC(28552) Concurrent weak references 0.154ms
[458.746s][info ][gc,start       ] GC(28552) Concurrent weak roots
[458.746s][info ][gc,task        ] GC(28552) Using 4 of 8 workers for concurrent weak root
[458.746s][info ][gc             ] GC(28552) Concurrent weak roots 0.274ms
[458.746s][info ][gc,start       ] GC(28552) Concurrent cleanup
[458.747s][info ][gc             ] GC(28552) Concurrent cleanup 980M->932M(2048M) 0.119ms
[458.747s][info ][gc,ergo        ] GC(28552) Free: 134M, Max: 1024K regular, 4096K humongous, Frag: 98% external, 0% internal; Reserve: 103M, Max: 1024K
[458.747s][info ][gc,start       ] GC(28552) Concurrent class unloading
[458.747s][info ][gc,task        ] GC(28552) Using 4 of 8 workers for concurrent class unloading
[458.747s][debug][gc,phases,start] GC(28552) ClassLoaderData
[458.747s][debug][gc,phases      ] GC(28552) ClassLoaderData 0.007ms
[458.747s][debug][gc,phases,start] GC(28552) Trigger cleanups
[458.747s][debug][gc,phases      ] GC(28552) Trigger cleanups 0.005ms
[458.747s][info ][gc             ] GC(28552) Concurrent class unloading 0.427ms
[458.747s][info ][gc,start       ] GC(28552) Pause Final Roots
[458.747s][info ][gc             ] GC(28552) Pause Final Roots 0.026ms
[458.747s][debug][gc,ergo        ] GC(28552) Available: 130 MB, z-score=0.208. Average available: 123.7 MB +/- 33492.2 KB.
[458.747s][info ][gc,ergo        ] Free: 128M, Max: 1024K regular, 4096K humongous, Frag: 97% external, 0% internal; Reserve: 103M, Max: 1024K
[458.747s][info ][gc,stats       ] 
[458.747s][info ][gc,stats       ] All times are wall-clock times, except per-root-class counters, that are sum over
[458.747s][info ][gc,stats       ] all workers. Dividing the <total> over the root stage time estimates parallelism.
[458.747s][info ][gc,stats       ] 
[458.747s][info ][gc,stats       ] Concurrent Reset                   2536 us
[458.747s][info ][gc,stats       ] Pause Init Mark (G)                 479 us
[458.747s][info ][gc,stats       ] Pause Init Mark (N)                 187 us
[458.747s][info ][gc,stats       ]   Update Region States              128 us
[458.747s][info ][gc,stats       ] Concurrent Mark Roots               170 us, parallelism: 1.35x
[458.747s][info ][gc,stats       ]   CMR: <total>                      230 us
[458.747s][info ][gc,stats       ]   CMR: Thread Roots                 211 us, workers (us):  58,  60,  52,  40, ---, ---, ---, ---, 
[458.747s][info ][gc,stats       ]   CMR: VM Strong Roots                3 us, workers (us):   2,   0,   0,   0, ---, ---, ---, ---, 
[458.747s][info ][gc,stats       ]   CMR: CLDG Roots                    16 us, workers (us):  15,   0, ---, ---, ---, ---, ---, ---, 
[458.747s][info ][gc,stats       ] Concurrent Marking                  710 us
[458.747s][info ][gc,stats       ] Pause Final Mark (G)                684 us
[458.747s][info ][gc,stats       ] Pause Final Mark (N)                566 us
[458.747s][info ][gc,stats       ]   Finish Mark                       352 us
[458.747s][info ][gc,stats       ]   Update Region States               97 us
[458.747s][info ][gc,stats       ]   Choose Collection Set              54 us
[458.747s][info ][gc,stats       ]   Rebuild Free Set                    9 us
[458.747s][info ][gc,stats       ] Concurrent Weak References          163 us, parallelism: 0.01x
[458.747s][info ][gc,stats       ]   CWRF: <total>                       1 us
[458.747s][info ][gc,stats       ]   CWRF: Weak References               1 us, workers (us):   1,   0,   0,   0, ---, ---, ---, ---, 
[458.747s][info ][gc,stats       ] Concurrent Weak Roots               300 us
[458.747s][info ][gc,stats       ]   Roots                             175 us, parallelism: 0.56x
[458.747s][info ][gc,stats       ]     CWR: <total>                     98 us
[458.747s][info ][gc,stats       ]     CWR: Code Cache Roots            60 us, workers (us):  59,   0,   0,   0, ---, ---, ---, ---, 
[458.747s][info ][gc,stats       ]     CWR: VM Weak Roots               36 us, workers (us):  22,  13,   1,   0, ---, ---, ---, ---, 
[458.747s][info ][gc,stats       ]     CWR: CLDG Roots                   3 us, workers (us): ---,   3, ---, ---, ---, ---, ---, ---, 
[458.747s][info ][gc,stats       ]   Rendezvous                         84 us
[458.747s][info ][gc,stats       ] Concurrent Cleanup                  125 us
[458.747s][info ][gc,stats       ] Concurrent Class Unloading          442 us
[458.747s][info ][gc,stats       ]   Unlink Stale                      240 us
[458.747s][info ][gc,stats       ]     System Dictionary                24 us
[458.747s][info ][gc,stats       ]     Weak Class Links                  0 us
[458.747s][info ][gc,stats       ]     Code Roots                      216 us
[458.747s][info ][gc,stats       ]   Rendezvous                         66 us
[458.747s][info ][gc,stats       ]   Purge Unlinked                    108 us
[458.747s][info ][gc,stats       ]     Code Roots                       92 us
[458.747s][info ][gc,stats       ]     CLDG                             15 us
[458.747s][info ][gc,stats       ]     Exception Caches                  0 us
[458.747s][info ][gc,stats       ] Pause Final Roots (G)               128 us
[458.747s][info ][gc,stats       ] Pause Final Roots (N)                32 us
[458.747s][info ][gc,stats       ] Pacing                            27091 us
[458.747s][info ][gc,stats       ] 
[458.747s][info ][gc,stats       ] Allocation pacing accrued:
[458.747s][info ][gc,stats       ]       8 of     7 ms (108.7%): Thread-0
[458.747s][info ][gc,stats       ]       4 of     7 ms ( 60.2%): Thread-2
[458.747s][info ][gc,stats       ]       4 of     7 ms ( 60.1%): Thread-3
[458.747s][info ][gc,stats       ]       1 of     7 ms ( 10.5%): Thread-4
[458.747s][info ][gc,stats       ]       1 of     7 ms ( 12.4%): Thread-5
[458.747s][info ][gc,stats       ]       8 of     7 ms (110.1%): Thread-7
[458.747s][info ][gc,stats       ]       1 of     7 ms (  9.7%): Thread-8
[458.747s][info ][gc,stats       ]      27 of     7 ms (371.7%): <total>
[458.747s][info ][gc,stats       ]       1 of     7 ms ( 17.7%): <average total>
[458.747s][info ][gc,stats       ]       4 of     7 ms ( 53.1%): <average non-zero>
[458.747s][info ][gc,stats       ] 
[458.748s][info ][gc,metaspace   ] Metaspace: 253K(448K)->253K(448K) NonClass: 247K(320K)->247K(320K) Class: 5K(128K)->5K(128K)
[458.748s][info ][gc,ergo        ] Pacer for Idle. Initial: 41943K, Alloc Tax Rate: 1.0x
[458.749s][info ][gc             ] Trigger: Handle Allocation Failure
[458.749s][info ][gc,ergo        ] Free: 110M, Max: 1024K regular, 4096K humongous, Frag: 97% external, 0% internal; Reserve: 103M, Max: 1024K
[458.749s][info ][gc,start       ] GC(28553) Pause Degenerated GC (Outside of Cycle)
[458.749s][info ][gc,task        ] GC(28553) Using 8 of 8 workers for stw degenerated gc
[458.750s][info ][gc,ref         ] GC(28553) Clearing All SoftReferences
[458.751s][info ][gc,ref         ] GC(28553) Encountered references: Soft: 7, Weak: 34, Final: 0, Phantom: 1
[458.751s][info ][gc,ref         ] GC(28553) Discovered  references: Soft: 4, Weak: 7, Final: 0, Phantom: 1
[458.751s][info ][gc,ref         ] GC(28553) Enqueued    references: Soft: 0, Weak: 0, Final: 0, Phantom: 0
[458.751s][debug][gc,phases,start] GC(28553) ClassLoaderData
[458.751s][debug][gc,phases      ] GC(28553) ClassLoaderData 0.010ms
[458.751s][debug][gc,phases,start] GC(28553) Trigger cleanups
[458.751s][debug][gc,phases      ] GC(28553) Trigger cleanups 0.005ms
[458.751s][info ][gc,ergo        ] GC(28553) Collectable Garbage: 8192K (100%), Immediate: 8192K (100%), CSet: 0B (0%)
[458.751s][info ][gc,ergo        ] GC(28553) Good progress for free space: 126M, need 20971K
[458.751s][info ][gc,ergo        ] GC(28553) Good progress for used space: 8192K, need 1024K
[458.751s][info ][gc             ] GC(28553) Pause Degenerated GC (Outside of Cycle) 944M->936M(2048M) 2.724ms
[458.752s][debug][gc,ergo        ] GC(28553) Margin of error now 3.29
[458.752s][debug][gc,ergo        ] GC(28553) Spike threshold now: 0.32
[458.752s][info ][gc,ergo        ] Free: 106M, Max: 1024K regular, 7168K humongous, Frag: 94% external, 0% internal; Reserve: 103M, Max: 1024K
[458.752s][info ][gc,stats       ] 
[458.752s][info ][gc,stats       ] All times are wall-clock times, except per-root-class counters, that are sum over
[458.752s][info ][gc,stats       ] all workers. Dividing the <total> over the root stage time estimates parallelism.
[458.752s][info ][gc,stats       ] 
[458.752s][info ][gc             ] Failed to allocate Shared, 10240K
[458.752s][info ][gc             ] Cancelling GC: Allocation Failure
[458.752s][info ][gc,stats       ] Pause Degenerated GC (G)           3111 us
[458.752s][info ][gc,stats       ] Pause Degenerated GC (N)           2730 us
[458.752s][info ][gc,stats       ]   Degen STW Mark                    504 us, parallelism: 5.17x
[458.752s][info ][gc,stats       ]     DSM: <total>                   2605 us
[458.752s][info ][gc,stats       ]     DSM: Thread Roots                88 us, workers (us):  41,  32,  11,   1,   1,   1,   0,   1, 
[458.752s][info ][gc,stats       ]     DSM: VM Strong Roots              3 us, workers (us):   1,   0,   1,   0,   0,   0,   0,   0, 
[458.752s][info ][gc,stats       ]     DSM: CLDG Roots                  19 us, workers (us):   0,  17,   0,   1,   0,   1,   0,   0, 
[458.752s][info ][gc,stats       ]     DSM: Parallel Mark             2495 us, workers (us): 330, 347, 355, 343, 342, 302, 256, 219, 
[458.752s][info ][gc,stats       ]     System Purge                    382 us
[458.752s][info ][gc,stats       ]       Weak References               143 us, parallelism: 0.02x
[458.752s][info ][gc,stats       ]         WRP: <total>                  2 us
[458.752s][info ][gc,stats       ]         WRP: Weak References          2 us, workers (us):   2,   0,   0,   0,   0,   0,   0,   0, 
[458.752s][info ][gc,stats       ]       Unload Classes                127 us, parallelism: 1.16x
[458.752s][info ][gc,stats       ]         DCU: <total>                148 us
[458.752s][info ][gc,stats       ]         DCU: Unload Code Caches      148 us, workers (us):  51,  48,  34,  15,   1,   0,   0,   0, 
[458.752s][info ][gc,stats       ]       Weak Roots                    109 us, parallelism: 0.22x
[458.752s][info ][gc,stats       ]         DWR: <total>                 24 us
[458.752s][info ][gc,stats       ]         DWR: VM Weak Roots           24 us, workers (us):  17,   3,   1,   1,   1,   1,   0,   1, 
[458.752s][info ][gc,stats       ]       CLDG                            1 us
[458.752s][info ][gc,stats       ]   Update Region States               99 us
[458.752s][info ][gc,stats       ]   Manage GC/TLABs                     2 us
[458.752s][info ][gc,stats       ]   Choose Collection Set              24 us
[458.752s][info ][gc,stats       ]   Rebuild Free Set                    9 us
[458.752s][info ][gc,stats       ]   Cleanup                            86 us
[458.752s][info ][gc,stats       ] Pacing                            19067 us
[458.752s][info ][gc,stats       ] 
[458.752s][info ][gc,stats       ] Allocation pacing accrued:
[458.752s][info ][gc,stats       ]       4 of     5 ms ( 86.0%): Thread-4
[458.752s][info ][gc,stats       ]       4 of     5 ms ( 88.8%): Thread-5
[458.752s][info ][gc,stats       ]       7 of     5 ms (144.9%): Thread-6
[458.752s][info ][gc,stats       ]       4 of     5 ms ( 87.8%): Thread-7
[458.752s][info ][gc,stats       ]      19 of     5 ms (407.5%): <total>
[458.752s][info ][gc,stats       ]       1 of     5 ms ( 19.4%): <average total>
[458.752s][info ][gc,stats       ]       5 of     5 ms (101.9%): <average non-zero>
[458.752s][info ][gc,stats       ] 
[458.752s][info ][gc,metaspace   ] Metaspace: 253K(448K)->253K(448K) NonClass: 247K(320K)->247K(320K) Class: 5K(128K)->5K(128K)
[458.752s][info ][gc,ergo        ] Pacer for Idle. Initial: 41943K, Alloc Tax Rate: 1.0x
[458.753s][info ][gc             ] Trigger: Handle Allocation Failure
[458.753s][info ][gc,ergo        ] Free: 88560K, Max: 1024K regular, 7168K humongous, Frag: 92% external, 0% internal; Reserve: 103M, Max: 1024K
[458.753s][info ][gc,start       ] GC(28554) Pause Degenerated GC (Outside of Cycle)
[458.753s][info ][gc,task        ] GC(28554) Using 8 of 8 workers for stw degenerated gc
[458.755s][info ][gc,ref         ] GC(28554) Clearing All SoftReferences
[458.755s][info ][gc,ref         ] GC(28554) Encountered references: Soft: 7, Weak: 34, Final: 0, Phantom: 1
[458.755s][info ][gc,ref         ] GC(28554) Discovered  references: Soft: 4, Weak: 4, Final: 0, Phantom: 1
[458.755s][info ][gc,ref         ] GC(28554) Enqueued    references: Soft: 0, Weak: 0, Final: 0, Phantom: 0
[458.756s][debug][gc,phases,start] GC(28554) ClassLoaderData
[458.756s][debug][gc,phases      ] GC(28554) ClassLoaderData 0.009ms
[458.756s][debug][gc,phases,start] GC(28554) Trigger cleanups
[458.756s][debug][gc,phases      ] GC(28554) Trigger cleanups 0.005ms
[458.756s][info ][gc,ergo        ] GC(28554) Adaptive CSet Selection. Target Free: 290M, Actual Free: 189M, Max CSet: 87381K, Min Garbage: 101M
[458.756s][info ][gc,ergo        ] GC(28554) Collectable Garbage: 0B (0%), Immediate: 0B (0%), CSet: 0B (0%)
[458.759s][info ][gc,ergo        ] GC(28554) Good progress for free space: 88064K, need 20971K
[458.759s][info ][gc,ergo        ] GC(28554) Bad progress for used space: 0B, need 1024K
[458.759s][info ][gc,ergo        ] GC(28554) Bad progress for internal fragmentation: -nan%, need 1.0%
[458.759s][info ][gc,ergo        ] GC(28554) Bad progress for external fragmentation: -1.2%, need 1.0%
[458.759s][info ][gc             ] GC(28554) Cancelling GC: Upgrade To Full GC
[458.760s][info ][gc,phases,start] GC(28554) Phase 1: Mark live objects
[458.760s][info ][gc,ref         ] GC(28554) Clearing All SoftReferences
[458.760s][info ][gc,ref         ] GC(28554) Clearing All SoftReferences
[458.760s][info ][gc,ref         ] GC(28554) Encountered references: Soft: 7, Weak: 34, Final: 0, Phantom: 1
[458.760s][info ][gc,ref         ] GC(28554) Discovered  references: Soft: 4, Weak: 4, Final: 0, Phantom: 1
[458.760s][info ][gc,ref         ] GC(28554) Enqueued    references: Soft: 0, Weak: 0, Final: 0, Phantom: 0
[458.760s][debug][gc,phases,start] GC(28554) ClassLoaderData
[458.760s][debug][gc,phases      ] GC(28554) ClassLoaderData 0.013ms
[458.760s][debug][gc,phases,start] GC(28554) Trigger cleanups
[458.760s][debug][gc,phases      ] GC(28554) Trigger cleanups 0.004ms
[458.761s][info ][gc,phases      ] GC(28554) Phase 1: Mark live objects 1.003ms
[458.761s][info ][gc,phases,start] GC(28554) Phase 2: Compute new object addresses
[458.761s][info ][gc,phases      ] GC(28554) Phase 2: Compute new object addresses 0.396ms
[458.761s][info ][gc,phases,start] GC(28554) Phase 3: Adjust pointers
[458.762s][info ][gc,phases      ] GC(28554) Phase 3: Adjust pointers 1.285ms
[458.762s][info ][gc,phases,start] GC(28554) Phase 4: Move objects
[458.865s][info ][gc,phases      ] GC(28554) Phase 4: Move objects 102.217ms
[458.865s][info ][gc,ergo        ] GC(28554) Good progress for free space: 88560K, need 20971K
[458.865s][info ][gc,ergo        ] GC(28554) Bad progress for used space: 496K, need 1024K
[458.865s][info ][gc,ergo        ] GC(28554) Bad progress for internal fragmentation: -nan%, need 1.0%
[458.865s][info ][gc,ergo        ] GC(28554) Good progress for external fragmentation: 88.4%, need 1.0%
[458.865s][info ][gc             ] GC(28554) Pause Degenerated GC (Outside of Cycle) 956M->956M(2048M) 111.559ms
[458.865s][debug][gc,ergo        ] GC(28554) Margin of error now 3.29
[458.865s][debug][gc,ergo        ] GC(28554) Spike threshold now: 0.32
[458.865s][info ][gc,ergo        ] Free: 68080K, Max: 1024K regular, 67584K humongous, Frag: 0% external, 0% internal; Reserve: 103M, Max: 1024K
[458.866s][info ][gc,stats       ] 
[458.866s][info ][gc,stats       ] All times are wall-clock times, except per-root-class counters, that are sum over
[458.866s][info ][gc,stats       ] all workers. Dividing the <total> over the root stage time estimates parallelism.
[458.866s][info ][gc,stats       ] 
[458.866s][info ][gc,stats       ] Pause Degenerated GC (G)         112167 us
[458.866s][info ][gc,stats       ] Pause Degenerated GC (N)         111565 us
[458.866s][info ][gc,stats       ]   Degen STW Mark                    467 us, parallelism: 5.63x
[458.866s][info ][gc,stats       ]     DSM: <total>                   2629 us
[458.866s][info ][gc,stats       ]     DSM: Thread Roots                60 us, workers (us):  27,  21,   8,   1,   0,   1,   1,   0, 
[458.866s][info ][gc,stats       ]     DSM: VM Strong Roots              3 us, workers (us):   1,   0,   1,   0,   0,   0,   0,   0, 
[458.866s][info ][gc,stats       ]     DSM: CLDG Roots                  20 us, workers (us):   0,  17,   0,   1,   0,   1,   1,   0, 
[458.866s][info ][gc,stats       ]     DSM: Parallel Mark             2546 us, workers (us): 352, 326, 313, 342, 329, 298, 290, 296, 
[458.866s][info ][gc,stats       ]     System Purge                    394 us
[458.866s][info ][gc,stats       ]       Weak References               163 us, parallelism: 0.01x
[458.866s][info ][gc,stats       ]         WRP: <total>                  2 us
[458.866s][info ][gc,stats       ]         WRP: Weak References          2 us, workers (us):   2,   0,   0,   0,   0,   0,   0,   0, 
[458.866s][info ][gc,stats       ]       Unload Classes                127 us, parallelism: 1.12x
[458.866s][info ][gc,stats       ]         DCU: <total>                143 us
[458.866s][info ][gc,stats       ]         DCU: Unload Code Caches      143 us, workers (us):  48,  44,  34,  18,   0,   0,   0,   0, 
[458.866s][info ][gc,stats       ]       Weak Roots                    102 us, parallelism: 0.23x
[458.866s][info ][gc,stats       ]         DWR: <total>                 23 us
[458.866s][info ][gc,stats       ]         DWR: VM Weak Roots           23 us, workers (us):  17,   2,   1,   1,   1,   0,   1,   1, 
[458.866s][info ][gc,stats       ]       CLDG                            1 us
[458.866s][info ][gc,stats       ]   Update Region States              102 us
[458.866s][info ][gc,stats       ]   Manage GC/TLABs                     2 us
[458.866s][info ][gc,stats       ]   Choose Collection Set              27 us
[458.866s][info ][gc,stats       ]   Rebuild Free Set                    9 us
[458.866s][info ][gc,stats       ]   Evacuation                        530 us
[458.866s][info ][gc,stats       ]   Manage GCLABs                       3 us
[458.866s][info ][gc,stats       ]   Update References                1503 us
[458.866s][info ][gc,stats       ]   Update Region States              105 us
[458.866s][info ][gc,stats       ]   Trash Collection Set                3 us
[458.866s][info ][gc,stats       ]   Rebuild Free Set                   15 us
[458.866s][info ][gc,stats       ]   Degen Update Roots                253 us, parallelism: 1.11x
[458.866s][info ][gc,stats       ]     DU: <total>                     281 us
[458.866s][info ][gc,stats       ]     DU: Thread Roots                 84 us, workers (us):  27,   1,  34,  21,   0,   0,   0,   1, 
[458.866s][info ][gc,stats       ]     DU: Code Cache Roots            151 us, workers (us):   0, 150,   0,   0,   0,   0,   0,   0, 
[458.866s][info ][gc,stats       ]     DU: VM Strong Roots               4 us, workers (us):   3,   0,   0,   0,   0,   0,   0,   0, 
[458.866s][info ][gc,stats       ]     DU: VM Weak Roots                26 us, workers (us):  21,   3,   1,   0,   0,   0,   0,   1, 
[458.866s][info ][gc,stats       ]     DU: CLDG Roots                   16 us, workers (us):  13,   2,   1,   0,   0,   0,   0,   1, 
[458.866s][info ][gc,stats       ]   Cleanup                            90 us
[458.866s][info ][gc,stats       ]   Pre Heap Dump                       1 us
[458.866s][info ][gc,stats       ]   Prepare                           947 us
[458.866s][info ][gc,stats       ]   Mark                              973 us, parallelism: 3.12x
[458.866s][info ][gc,stats       ]     FM: <total>                    3035 us
[458.866s][info ][gc,stats       ]     FM: Thread Roots                 73 us, workers (us):  38,  19,  12,   0,   1,   1,   2,   0, 
[458.866s][info ][gc,stats       ]     FM: VM Strong Roots               4 us, workers (us):   1,   0,   1,   1,   0,   0,   0,   0, 
[458.866s][info ][gc,stats       ]     FM: CLDG Roots                   22 us, workers (us):   0,  19,   0,   0,   1,   1,   1,   1, 
[458.866s][info ][gc,stats       ]     FM: Parallel Mark              2936 us, workers (us): 411, 334, 402, 395, 405, 348, 315, 326, 
[458.866s][info ][gc,stats       ]     System Purge                    436 us
[458.866s][info ][gc,stats       ]       Weak References               126 us, parallelism: 0.02x
[458.866s][info ][gc,stats       ]         WRP: <total>                  2 us
[458.866s][info ][gc,stats       ]         WRP: Weak References          2 us, workers (us):   1,   0,   0,   0,   0,   0,   0,   0, 
[458.866s][info ][gc,stats       ]       Unload Classes                141 us, parallelism: 1.07x
[458.866s][info ][gc,stats       ]         CU: <total>                 150 us
[458.866s][info ][gc,stats       ]         CU: Unload Code Caches      150 us, workers (us):  51,  46,  33,  15,   5,   0,   0,   0, 
[458.866s][info ][gc,stats       ]       Weak Roots                    165 us, parallelism: 0.12x
[458.866s][info ][gc,stats       ]         WR: <total>                  21 us
[458.866s][info ][gc,stats       ]         WR: VM Weak Roots            21 us, workers (us):  15,   1,   0,   1,   1,   1,   1,   1, 
[458.866s][info ][gc,stats       ]       CLDG                            1 us
[458.866s][info ][gc,stats       ]   Calculate Addresses               390 us
[458.866s][info ][gc,stats       ]     Regular Objects                 242 us
[458.866s][info ][gc,stats       ]     Humongous Objects                96 us
[458.866s][info ][gc,stats       ]   Adjust Pointers                  1279 us
[458.866s][info ][gc,stats       ]     FA: <total>                     154 us
[458.866s][info ][gc,stats       ]     FA: Thread Roots                 41 us, workers (us):  25,   0,  14,   0,   0,   0,   0,   0, 
[458.866s][info ][gc,stats       ]     FA: Code Cache Roots             90 us, workers (us):   0,  90,   0,   0,   0,   0,   0,   0, 
[458.866s][info ][gc,stats       ]     FA: VM Strong Roots               2 us, workers (us):   1,   0,   0,   0,   0,   0,   0,   0, 
[458.866s][info ][gc,stats       ]     FA: VM Weak Roots                13 us, workers (us):  11,   0,   0,   0,   0,   0,   0,   0, 
[458.866s][info ][gc,stats       ]     FA: CLDG Roots                    8 us, workers (us):   7,   0,   0,   0,   0,   0,   0,   0, 
[458.866s][info ][gc,stats       ]   Copy Objects                   102213 us
[458.866s][info ][gc,stats       ]     Regular Objects                 405 us
[458.866s][info ][gc,stats       ]     Humongous Objects            100272 us
[458.866s][info ][gc,stats       ]     Reset Complete Bitmap          1476 us
[458.866s][info ][gc,stats       ]     Rebuild Region Sets              57 us
[458.866s][info ][gc,stats       ]   Post Heap Dump                      1 us
[458.866s][info ][gc,stats       ] 
[458.866s][info ][gc,stats       ] Allocation pacing accrued:
[458.866s][info ][gc,stats       ]       0 of   114 ms (  0.0%): <total>
[458.866s][info ][gc,stats       ]       0 of   114 ms (  0.0%): <average total>
[458.866s][info ][gc,stats       ] 
[458.866s][info ][gc,metaspace   ] Metaspace: 253K(448K)->253K(448K) NonClass: 247K(320K)->247K(320K) Class: 5K(128K)->5K(128K)
[458.866s][info ][gc,ergo        ] Pacer for Idle. Initial: 41943K, Alloc Tax Rate: 1.0x
[458.867s][info ][gc             ] Trigger: Free (36336K) is below minimum threshold (204M)
[458.867s][info ][gc,ergo        ] Free: 36336K, Max: 1024K regular, 35840K humongous, Frag: 0% external, 1% internal; Reserve: 103M, Max: 1024K
[458.867s][info ][gc,start       ] GC(28555) Concurrent reset
[458.867s][info ][gc,task        ] GC(28555) Using 4 of 8 workers for concurrent reset
[458.867s][info ][gc,ergo        ] GC(28555) Pacer for Reset. Non-Taxable: 2048M
[458.868s][info ][gc             ] GC(28555) Concurrent reset 0.681ms
[458.868s][info ][gc,start       ] GC(28555) Pause Init Mark (unload classes)
[458.868s][info ][gc,task        ] GC(28555) Using 8 of 8 workers for init marking
[458.868s][info ][gc,ergo        ] GC(28555) Pacer for Mark. Expected Live: 1698M, Free: 15856K, Non-Taxable: 1585K, Alloc Tax Rate: 134.1x
[458.868s][info ][gc             ] GC(28555) Pause Init Mark (unload classes) 0.167ms
[458.868s][info ][gc,start       ] GC(28555) Concurrent marking roots
[458.868s][info ][gc,task        ] GC(28555) Using 4 of 8 workers for concurrent marking roots
[458.868s][info ][gc             ] GC(28555) Concurrent marking roots 0.201ms
[458.868s][info ][gc,start       ] GC(28555) Concurrent marking (unload classes)
[458.868s][info ][gc,task        ] GC(28555) Using 4 of 8 workers for concurrent marking
[458.869s][info ][gc             ] GC(28555) Concurrent marking (unload classes) 0.752ms
[458.869s][info ][gc,start       ] GC(28555) Pause Final Mark (unload classes)
[458.869s][info ][gc,task        ] GC(28555) Using 8 of 8 workers for final marking
[458.870s][info ][gc,ergo        ] GC(28555) Collectable Garbage: 27648K (100%), Immediate: 27648K (100%), CSet: 0B (0%)
[458.870s][info ][gc             ] GC(28555) Pause Final Mark (unload classes) 0.469ms
[458.870s][info ][gc,start       ] GC(28555) Concurrent weak references
[458.870s][info ][gc,task        ] GC(28555) Using 4 of 8 workers for concurrent weak references
[458.870s][info ][gc,ref         ] GC(28555) Encountered references: Soft: 7, Weak: 34, Final: 0, Phantom: 1
[458.870s][info ][gc,ref         ] GC(28555) Discovered  references: Soft: 0, Weak: 0, Final: 0, Phantom: 1
[458.870s][info ][gc,ref         ] GC(28555) Enqueued    references: Soft: 0, Weak: 0, Final: 0, Phantom: 0
[458.870s][info ][gc             ] GC(28555) Concurrent weak references 0.130ms
[458.870s][info ][gc,start       ] GC(28555) Concurrent weak roots
[458.870s][info ][gc,task        ] GC(28555) Using 4 of 8 workers for concurrent weak root
[458.870s][info ][gc             ] GC(28555) Concurrent weak roots 0.233ms
[458.870s][info ][gc,start       ] GC(28555) Concurrent cleanup
[458.870s][info ][gc             ] GC(28555) Concurrent cleanup 999M->972M(2048M) 0.092ms
[458.870s][info ][gc,ergo        ] GC(28555) Free: 55792K, Max: 1024K regular, 21504K humongous, Frag: 62% external, 0% internal; Reserve: 103M, Max: 1024K
[458.870s][info ][gc,start       ] GC(28555) Concurrent class unloading
[458.870s][info ][gc,task        ] GC(28555) Using 4 of 8 workers for concurrent class unloading
[458.870s][debug][gc,phases,start] GC(28555) ClassLoaderData
[458.870s][debug][gc,phases      ] GC(28555) ClassLoaderData 0.006ms
[458.870s][debug][gc,phases,start] GC(28555) Trigger cleanups
[458.870s][debug][gc,phases      ] GC(28555) Trigger cleanups 0.004ms
[458.871s][info ][gc             ] GC(28555) Concurrent class unloading 0.369ms
[458.871s][info ][gc,start       ] GC(28555) Pause Final Roots
[458.871s][info ][gc             ] GC(28555) Pause Final Roots 0.015ms
[458.871s][debug][gc,ergo        ] GC(28555) Available: 55792 KB, z-score=-1.614. Average available: 113.5 MB +/- 37442.6 KB.
[458.871s][info ][gc,ergo        ] Free: 55792K, Max: 1024K regular, 21504K humongous, Frag: 62% external, 0% internal; Reserve: 103M, Max: 1024K
[458.871s][info ][gc,stats       ] 
[458.871s][info ][gc,stats       ] All times are wall-clock times, except per-root-class counters, that are sum over
[458.871s][info ][gc,stats       ] all workers. Dividing the <total> over the root stage time estimates parallelism.
[458.871s][info ][gc,stats       ] 
[458.871s][info ][gc,stats       ] Concurrent Reset                    720 us
[458.871s][info ][gc,stats       ] Pause Init Mark (G)                 256 us
[458.871s][info ][gc,stats       ] Pause Init Mark (N)                 173 us
[458.871s][info ][gc,stats       ]   Update Region States              118 us
[458.871s][info ][gc,stats       ] Concurrent Mark Roots               212 us, parallelism: 1.29x
[458.871s][info ][gc,stats       ]   CMR: <total>                      273 us
[458.871s][info ][gc,stats       ]   CMR: Thread Roots                 253 us, workers (us):  80,  93,  80,   0, ---, ---, ---, ---, 
[458.871s][info ][gc,stats       ]   CMR: VM Strong Roots                4 us, workers (us):   3,   0,   0,   0, ---, ---, ---, ---, 
[458.871s][info ][gc,stats       ]   CMR: CLDG Roots                    16 us, workers (us):  15,   1, ---, ---, ---, ---, ---, ---, 
[458.871s][info ][gc,stats       ] Concurrent Marking                  767 us
[458.871s][info ][gc,stats       ] Pause Final Mark (G)                558 us
[458.871s][info ][gc,stats       ] Pause Final Mark (N)                476 us
[458.871s][info ][gc,stats       ]   Finish Mark                       264 us
[458.871s][info ][gc,stats       ]   Update Region States              133 us
[458.871s][info ][gc,stats       ]   Choose Collection Set              37 us
[458.871s][info ][gc,stats       ]   Rebuild Free Set                    9 us
[458.871s][info ][gc,stats       ] Concurrent Weak References          134 us, parallelism: 0.01x
[458.871s][info ][gc,stats       ]   CWRF: <total>                       1 us
[458.871s][info ][gc,stats       ]   CWRF: Weak References               1 us, workers (us):   1,   0,   0,   0, ---, ---, ---, ---, 
[458.871s][info ][gc,stats       ] Concurrent Weak Roots               245 us
[458.871s][info ][gc,stats       ]   Roots                             153 us, parallelism: 0.69x
[458.871s][info ][gc,stats       ]     CWR: <total>                    105 us
[458.871s][info ][gc,stats       ]     CWR: Code Cache Roots            71 us, workers (us):   0,  71,   0,   0, ---, ---, ---, ---, 
[458.871s][info ][gc,stats       ]     CWR: VM Weak Roots               33 us, workers (us):  25,   7,   1,   0, ---, ---, ---, ---, 
[458.871s][info ][gc,stats       ]     CWR: CLDG Roots                   1 us, workers (us):   1, ---, ---, ---, ---, ---, ---, ---, 
[458.871s][info ][gc,stats       ]   Rendezvous                         70 us
[458.871s][info ][gc,stats       ] Concurrent Cleanup                   98 us
[458.871s][info ][gc,stats       ] Concurrent Class Unloading          380 us
[458.871s][info ][gc,stats       ]   Unlink Stale                      241 us
[458.871s][info ][gc,stats       ]     System Dictionary                21 us
[458.871s][info ][gc,stats       ]     Weak Class Links                  0 us
[458.871s][info ][gc,stats       ]     Code Roots                      219 us
[458.871s][info ][gc,stats       ]   Rendezvous                         55 us
[458.871s][info ][gc,stats       ]   Purge Unlinked                     61 us
[458.871s][info ][gc,stats       ]     Code Roots                       48 us
[458.871s][info ][gc,stats       ]     CLDG                             13 us
[458.871s][info ][gc,stats       ]     Exception Caches                  0 us
[458.871s][info ][gc,stats       ] Pause Final Roots (G)                76 us
[458.871s][info ][gc,stats       ] Pause Final Roots (N)                21 us
[458.871s][info ][gc,stats       ] 
[458.871s][info ][gc,stats       ] Allocation pacing accrued:
[458.871s][info ][gc,stats       ]       0 of     5 ms (  0.0%): <total>
[458.871s][info ][gc,stats       ]       0 of     5 ms (  0.0%): <average total>
[458.871s][info ][gc,stats       ] 
[458.871s][info ][gc,metaspace   ] Metaspace: 253K(448K)->253K(448K) NonClass: 247K(320K)->247K(320K) Class: 5K(128K)->5K(128K)
[458.871s][info ][gc,ergo        ] Pacer for Idle. Initial: 41943K, Alloc Tax Rate: 1.0x
[458.872s][info ][gc             ] Trigger: Free (55792K) is below minimum threshold (204M)
[458.872s][info ][gc,ergo        ] Free: 55792K, Max: 1024K regular, 21504K humongous, Frag: 62% external, 0% internal; Reserve: 103M, Max: 1024K
[458.872s][info ][gc,start       ] GC(28556) Concurrent reset
[458.872s][info ][gc,task        ] GC(28556) Using 4 of 8 workers for concurrent reset
[458.872s][info ][gc,ergo        ] GC(28556) Pacer for Reset. Non-Taxable: 2048M
[458.874s][info ][gc             ] GC(28556) Concurrent reset 2.237ms
[458.875s][info ][gc,start       ] GC(28556) Pause Init Mark (unload classes)
[458.875s][info ][gc,task        ] GC(28556) Using 8 of 8 workers for init marking
[458.875s][info ][gc,ergo        ] GC(28556) Pacer for Mark. Expected Live: 1507M, Free: 35312K, Non-Taxable: 3531K, Alloc Tax Rate: 53.4x
[458.875s][info ][gc             ] GC(28556) Pause Init Mark (unload classes) 0.238ms
[458.875s][info ][gc,start       ] GC(28556) Concurrent marking roots
[458.875s][info ][gc,task        ] GC(28556) Using 4 of 8 workers for concurrent marking roots
[458.875s][info ][gc             ] GC(28556) Concurrent marking roots 0.229ms
[458.875s][info ][gc,start       ] GC(28556) Concurrent marking (unload classes)
[458.875s][info ][gc,task        ] GC(28556) Using 4 of 8 workers for concurrent marking
[458.876s][info ][gc             ] GC(28556) Concurrent marking (unload classes) 0.621ms
[458.876s][info ][gc,start       ] GC(28556) Pause Final Mark (unload classes)
[458.876s][info ][gc,task        ] GC(28556) Using 8 of 8 workers for final marking
[458.876s][info ][gc,ergo        ] GC(28556) Collectable Garbage: 61440K (100%), Immediate: 61440K (100%), CSet: 0B (0%)
[458.876s][info ][gc             ] GC(28556) Pause Final Mark (unload classes) 0.689ms
[458.877s][info ][gc,start       ] GC(28556) Concurrent weak references
[458.877s][info ][gc,task        ] GC(28556) Using 4 of 8 workers for concurrent weak references
[458.877s][info ][gc,ref         ] GC(28556) Encountered references: Soft: 7, Weak: 34, Final: 0, Phantom: 1
[458.877s][info ][gc,ref         ] GC(28556) Discovered  references: Soft: 0, Weak: 1, Final: 0, Phantom: 1
[458.877s][info ][gc,ref         ] GC(28556) Enqueued    references: Soft: 0, Weak: 0, Final: 0, Phantom: 0
[458.877s][info ][gc             ] GC(28556) Concurrent weak references 0.116ms
[458.877s][info ][gc,start       ] GC(28556) Concurrent weak roots
[458.877s][info ][gc,task        ] GC(28556) Using 4 of 8 workers for concurrent weak root
[458.877s][info ][gc             ] GC(28556) Concurrent weak roots 0.196ms
[458.877s][info ][gc,start       ] GC(28556) Concurrent cleanup
[458.877s][info ][gc             ] GC(28556) Concurrent cleanup 989M->929M(2048M) 0.120ms
[458.877s][info ][gc,ergo        ] GC(28556) Free: 131M, Max: 1024K regular, 81920K humongous, Frag: 39% external, 0% internal; Reserve: 103M, Max: 1024K
[458.877s][info ][gc,start       ] GC(28556) Concurrent class unloading
[458.877s][info ][gc,task        ] GC(28556) Using 4 of 8 workers for concurrent class unloading
[458.877s][debug][gc,phases,start] GC(28556) ClassLoaderData
[458.877s][debug][gc,phases      ] GC(28556) ClassLoaderData 0.007ms
[458.877s][debug][gc,phases,start] GC(28556) Trigger cleanups
[458.877s][debug][gc,phases      ] GC(28556) Trigger cleanups 0.005ms
[458.877s][info ][gc             ] GC(28556) Concurrent class unloading 0.341ms
[458.877s][info ][gc,start       ] GC(28556) Pause Final Roots
[458.878s][info ][gc             ] GC(28556) Pause Final Roots 0.024ms
[458.878s][debug][gc,ergo        ] GC(28556) Available: 131 MB, z-score=0.669. Average available: 109.8 MB +/- 33232.1 KB.
[458.878s][info ][gc,ergo        ] Free: 131M, Max: 1024K regular, 81920K humongous, Frag: 39% external, 0% internal; Reserve: 103M, Max: 1024K
[458.878s][info ][gc,stats       ] 
[458.878s][info ][gc,stats       ] All times are wall-clock times, except per-root-class counters, that are sum over
[458.878s][info ][gc,stats       ] all workers. Dividing the <total> over the root stage time estimates parallelism.
[458.878s][info ][gc,stats       ] 
[458.878s][info ][gc,stats       ] Concurrent Reset                   2269 us
[458.878s][info ][gc,stats       ] Pause Init Mark (G)                 379 us
[458.878s][info ][gc,stats       ] Pause Init Mark (N)                 244 us
[458.878s][info ][gc,stats       ]   Update Region States              182 us
[458.878s][info ][gc,stats       ] Concurrent Mark Roots               249 us, parallelism: 1.55x
[458.878s][info ][gc,stats       ]   CMR: <total>                      387 us
[458.878s][info ][gc,stats       ]   CMR: Thread Roots                 334 us, workers (us):  80,  94,  92,  68, ---, ---, ---, ---, 
[458.878s][info ][gc,stats       ]   CMR: VM Strong Roots               22 us, workers (us):  21,   1,   0,   0, ---, ---, ---, ---, 
[458.878s][info ][gc,stats       ]   CMR: CLDG Roots                    30 us, workers (us):  30,   0, ---, ---, ---, ---, ---, ---, 
[458.878s][info ][gc,stats       ] Concurrent Marking                  639 us
[458.878s][info ][gc,stats       ] Pause Final Mark (G)                861 us
[458.878s][info ][gc,stats       ] Pause Final Mark (N)                696 us
[458.878s][info ][gc,stats       ]   Finish Mark                       425 us
[458.878s][info ][gc,stats       ]   Update Region States              151 us
[458.878s][info ][gc,stats       ]   Choose Collection Set              77 us
[458.878s][info ][gc,stats       ]   Rebuild Free Set                   10 us
[458.878s][info ][gc,stats       ] Concurrent Weak References          121 us, parallelism: 0.01x
[458.878s][info ][gc,stats       ]   CWRF: <total>                       2 us
[458.878s][info ][gc,stats       ]   CWRF: Weak References               2 us, workers (us):   1,   0,   0,   0, ---, ---, ---, ---, 
[458.878s][info ][gc,stats       ] Concurrent Weak Roots               212 us
[458.878s][info ][gc,stats       ]   Roots                             112 us, parallelism: 0.50x
[458.878s][info ][gc,stats       ]     CWR: <total>                     56 us
[458.878s][info ][gc,stats       ]     CWR: Code Cache Roots            31 us, workers (us):   0,  31,   0,   0, ---, ---, ---, ---, 
[458.878s][info ][gc,stats       ]     CWR: VM Weak Roots               24 us, workers (us):  16,   7,   1,   0, ---, ---, ---, ---, 
[458.878s][info ][gc,stats       ]     CWR: CLDG Roots                   1 us, workers (us):   1, ---, ---, ---, ---, ---, ---, ---, 
[458.878s][info ][gc,stats       ]   Rendezvous                         74 us
[458.878s][info ][gc,stats       ] Concurrent Cleanup                  129 us
[458.878s][info ][gc,stats       ] Concurrent Class Unloading          354 us
[458.878s][info ][gc,stats       ]   Unlink Stale                      194 us
[458.878s][info ][gc,stats       ]     System Dictionary                23 us
[458.878s][info ][gc,stats       ]     Weak Class Links                  0 us
[458.878s][info ][gc,stats       ]     Code Roots                      170 us
[458.878s][info ][gc,stats       ]   Rendezvous                         48 us
[458.878s][info ][gc,stats       ]   Purge Unlinked                     86 us
[458.878s][info ][gc,stats       ]     Code Roots                       69 us
[458.878s][info ][gc,stats       ]     CLDG                             16 us
[458.878s][info ][gc,stats       ]     Exception Caches                  0 us
[458.878s][info ][gc,stats       ] Pause Final Roots (G)                81 us
[458.878s][info ][gc,stats       ] Pause Final Roots (N)                29 us
[458.878s][info ][gc,stats       ] Pacing                            44647 us
[458.878s][info ][gc,stats       ] 
[458.878s][info ][gc,stats       ] Allocation pacing accrued:
[458.878s][info ][gc,stats       ]       4 of     7 ms ( 65.6%): Thread-0
[458.878s][info ][gc,stats       ]       4 of     7 ms ( 63.5%): Thread-1
[458.878s][info ][gc,stats       ]       4 of     7 ms ( 61.0%): Thread-2
[458.878s][info ][gc,stats       ]       4 of     7 ms ( 62.7%): Thread-3
[458.878s][info ][gc,stats       ]       4 of     7 ms ( 62.8%): Thread-4
[458.878s][info ][gc,stats       ]       3 of     7 ms ( 50.7%): Thread-5
[458.878s][info ][gc,stats       ]       5 of     7 ms ( 70.7%): Thread-6
[458.878s][info ][gc,stats       ]       5 of     7 ms ( 74.6%): Thread-7
[458.878s][info ][gc,stats       ]       5 of     7 ms ( 67.8%): Thread-8
[458.878s][info ][gc,stats       ]       5 of     7 ms ( 73.4%): Thread-9
[458.878s][info ][gc,stats       ]      45 of     7 ms (652.8%): <total>
[458.878s][info ][gc,stats       ]       2 of     7 ms ( 31.1%): <average total>
[458.878s][info ][gc,stats       ]       4 of     7 ms ( 65.3%): <average non-zero>
[458.878s][info ][gc,stats       ] 
[458.878s][info ][gc,metaspace   ] Metaspace: 253K(448K)->253K(448K) NonClass: 247K(320K)->247K(320K) Class: 5K(128K)->5K(128K)
[458.878s][info ][gc,ergo        ] Pacer for Idle. Initial: 41943K, Alloc Tax Rate: 1.0x
[458.879s][info ][gc             ] Trigger: Free (131M) is below minimum threshold (204M)
[458.879s][info ][gc,ergo        ] Free: 131M, Max: 1024K regular, 81920K humongous, Frag: 39% external, 0% internal; Reserve: 103M, Max: 1024K
[458.879s][info ][gc,start       ] GC(28557) Concurrent reset
[458.879s][info ][gc,task        ] GC(28557) Using 4 of 8 workers for concurrent reset
[458.879s][info ][gc,ergo        ] GC(28557) Pacer for Reset. Non-Taxable: 2048M
[458.881s][info ][gc             ] GC(28557) Concurrent reset 1.634ms
[458.881s][info ][gc,start       ] GC(28557) Pause Init Mark (unload classes)
[458.881s][info ][gc,task        ] GC(28557) Using 8 of 8 workers for init marking
[458.881s][info ][gc,ergo        ] GC(28557) Pacer for Mark. Expected Live: 1499M, Free: 131M, Non-Taxable: 13464K, Alloc Tax Rate: 13.9x
[458.881s][info ][gc             ] GC(28557) Pause Init Mark (unload classes) 0.215ms
[458.881s][info ][gc,start       ] GC(28557) Concurrent marking roots
[458.881s][info ][gc,task        ] GC(28557) Using 4 of 8 workers for concurrent marking roots
[458.881s][info ][gc             ] GC(28557) Concurrent marking roots 0.235ms
[458.881s][info ][gc,start       ] GC(28557) Concurrent marking (unload classes)
[458.881s][info ][gc,task        ] GC(28557) Using 4 of 8 workers for concurrent marking
[458.882s][info ][gc             ] GC(28557) Concurrent marking (unload classes) 0.502ms
[458.882s][info ][gc,start       ] GC(28557) Pause Final Mark (unload classes)
[458.882s][info ][gc,task        ] GC(28557) Using 8 of 8 workers for final marking
[458.882s][info ][gc,ergo        ] GC(28557) Collectable Garbage: 16384K (100%), Immediate: 16384K (100%), CSet: 0B (0%)
[458.882s][info ][gc             ] GC(28557) Pause Final Mark (unload classes) 0.509ms
[458.882s][info ][gc,start       ] GC(28557) Concurrent weak references
[458.882s][info ][gc,task        ] GC(28557) Using 4 of 8 workers for concurrent weak references
[458.882s][info ][gc,ref         ] GC(28557) Encountered references: Soft: 7, Weak: 34, Final: 0, Phantom: 1
[458.883s][info ][gc,ref         ] GC(28557) Discovered  references: Soft: 0, Weak: 1, Final: 0, Phantom: 1
[458.883s][info ][gc,ref         ] GC(28557) Enqueued    references: Soft: 0, Weak: 0, Final: 0, Phantom: 0
[458.883s][info ][gc             ] GC(28557) Concurrent weak references 0.097ms
[458.883s][info ][gc,start       ] GC(28557) Concurrent weak roots
[458.883s][info ][gc,task        ] GC(28557) Using 4 of 8 workers for concurrent weak root
[458.883s][info ][gc             ] GC(28557) Concurrent weak roots 0.178ms
[458.883s][info ][gc,start       ] GC(28557) Concurrent cleanup
[458.883s][info ][gc             ] GC(28557) Concurrent cleanup 929M->913M(2048M) 0.097ms
[458.883s][info ][gc,ergo        ] GC(28557) Free: 163M, Max: 1024K regular, 98304K humongous, Frag: 42% external, 0% internal; Reserve: 103M, Max: 1024K
[458.883s][info ][gc,start       ] GC(28557) Concurrent class unloading
[458.883s][info ][gc,task        ] GC(28557) Using 4 of 8 workers for concurrent class unloading
[458.883s][debug][gc,phases,start] GC(28557) ClassLoaderData
[458.883s][debug][gc,phases      ] GC(28557) ClassLoaderData 0.007ms
[458.883s][debug][gc,phases,start] GC(28557) Trigger cleanups
[458.883s][debug][gc,phases      ] GC(28557) Trigger cleanups 0.005ms
[458.883s][info ][gc             ] GC(28557) Concurrent class unloading 0.328ms
[458.883s][info ][gc,start       ] GC(28557) Pause Final Roots
[458.883s][info ][gc             ] GC(28557) Pause Final Roots 0.019ms
[458.883s][debug][gc,ergo        ] GC(28557) Available: 163 MB, z-score=1.391. Average available: 113.4 MB +/- 36882.3 KB.
[458.883s][info ][gc,ergo        ] Free: 163M, Max: 1024K regular, 98304K humongous, Frag: 42% external, 0% internal; Reserve: 103M, Max: 1024K
[458.883s][info ][gc,stats       ] 
[458.883s][info ][gc,stats       ] All times are wall-clock times, except per-root-class counters, that are sum over
[458.883s][info ][gc,stats       ] all workers. Dividing the <total> over the root stage time estimates parallelism.
[458.883s][info ][gc,stats       ] 
[458.883s][info ][gc,stats       ] Concurrent Reset                   1656 us
[458.883s][info ][gc,stats       ] Pause Init Mark (G)                 301 us
[458.883s][info ][gc,stats       ] Pause Init Mark (N)                 221 us
[458.883s][info ][gc,stats       ]   Update Region States              177 us
[458.883s][info ][gc,stats       ] Concurrent Mark Roots               251 us, parallelism: 1.43x
[458.883s][info ][gc,stats       ]   CMR: <total>                      358 us
[458.883s][info ][gc,stats       ]   CMR: Thread Roots                 338 us, workers (us): 105, 119,  58,  56, ---, ---, ---, ---, 
[458.883s][info ][gc,stats       ]   CMR: VM Strong Roots                3 us, workers (us):   3,   0,   0,   0, ---, ---, ---, ---, 
[458.883s][info ][gc,stats       ]   CMR: CLDG Roots                    17 us, workers (us):  16,   1, ---, ---, ---, ---, ---, ---, 
[458.883s][info ][gc,stats       ] Concurrent Marking                  519 us
[458.883s][info ][gc,stats       ] Pause Final Mark (G)                573 us
[458.883s][info ][gc,stats       ] Pause Final Mark (N)                516 us
[458.883s][info ][gc,stats       ]   Finish Mark                       337 us
[458.883s][info ][gc,stats       ]   Update Region States              103 us
[458.883s][info ][gc,stats       ]   Choose Collection Set              34 us
[458.883s][info ][gc,stats       ]   Rebuild Free Set                   10 us
[458.883s][info ][gc,stats       ] Concurrent Weak References          103 us, parallelism: 0.01x
[458.883s][info ][gc,stats       ]   CWRF: <total>                       1 us
[458.883s][info ][gc,stats       ]   CWRF: Weak References               1 us, workers (us):   1,   0,   0,   0, ---, ---, ---, ---, 
[458.883s][info ][gc,stats       ] Concurrent Weak Roots               188 us
[458.883s][info ][gc,stats       ]   Roots                             108 us, parallelism: 0.56x
[458.883s][info ][gc,stats       ]     CWR: <total>                     61 us
[458.883s][info ][gc,stats       ]     CWR: Code Cache Roots            39 us, workers (us):  38,   0,   0,   0, ---, ---, ---, ---, 
[458.883s][info ][gc,stats       ]     CWR: VM Weak Roots               21 us, workers (us):  16,   5,   0,   0, ---, ---, ---, ---, 
[458.883s][info ][gc,stats       ]     CWR: CLDG Roots                   1 us, workers (us): ---,   1, ---, ---, ---, ---, ---, ---, 
[458.883s][info ][gc,stats       ]   Rendezvous                         58 us
[458.883s][info ][gc,stats       ] Concurrent Cleanup                  103 us
[458.883s][info ][gc,stats       ] Concurrent Class Unloading          340 us
[458.883s][info ][gc,stats       ]   Unlink Stale                      192 us
[458.884s][info ][gc,stats       ]     System Dictionary                23 us
[458.884s][info ][gc,stats       ]     Weak Class Links                  0 us
[458.884s][info ][gc,stats       ]     Code Roots                      168 us
[458.884s][info ][gc,stats       ]   Rendezvous                         56 us
[458.884s][info ][gc,stats       ]   Purge Unlinked                     68 us
[458.884s][info ][gc,stats       ]     Code Roots                       53 us
[458.884s][info ][gc,stats       ]     CLDG                             15 us
[458.884s][info ][gc,stats       ]     Exception Caches                  0 us
[458.884s][info ][gc,stats       ] Pause Final Roots (G)                85 us
[458.884s][info ][gc,stats       ] Pause Final Roots (N)                25 us
[458.884s][info ][gc,stats       ] 
[458.884s][info ][gc,stats       ] Allocation pacing accrued:
[458.884s][info ][gc,stats       ]       6 of     6 ms (100.6%): Thread-3
[458.884s][info ][gc,stats       ]       8 of     6 ms (148.9%): Thread-8
[458.884s][info ][gc,stats       ]      14 of     6 ms (249.5%): <total>
[458.884s][info ][gc,stats       ]       1 of     6 ms ( 11.9%): <average total>
[458.884s][info ][gc,stats       ]       7 of     6 ms (124.7%): <average non-zero>
[458.884s][info ][gc,stats       ] 
[458.884s][info ][gc,metaspace   ] Metaspace: 253K(448K)->253K(448K) NonClass: 247K(320K)->247K(320K) Class: 5K(128K)->5K(128K)
[458.884s][info ][gc,ergo        ] Pacer for Idle. Initial: 41943K, Alloc Tax Rate: 1.0x
[458.885s][info ][gc             ] Trigger: Free (124M) is below minimum threshold (204M)
[458.885s][info ][gc,ergo        ] Free: 124M, Max: 1024K regular, 87040K humongous, Frag: 32% external, 0% internal; Reserve: 103M, Max: 1024K
[458.885s][info ][gc,start       ] GC(28558) Concurrent reset
[458.885s][info ][gc,task        ] GC(28558) Using 4 of 8 workers for concurrent reset
[458.885s][info ][gc,ergo        ] GC(28558) Pacer for Reset. Non-Taxable: 2048M
[458.887s][info ][gc             ] GC(28558) Concurrent reset 2.152ms
[458.887s][info ][gc,start       ] GC(28558) Pause Init Mark (unload classes)
[458.887s][info ][gc,task        ] GC(28558) Using 8 of 8 workers for init marking
[458.887s][info ][gc,ergo        ] GC(28558) Pacer for Mark. Expected Live: 1498M, Free: 94704K, Non-Taxable: 9470K, Alloc Tax Rate: 19.8x
[458.887s][info ][gc             ] GC(28558) Pause Init Mark (unload classes) 0.138ms
[458.887s][info ][gc,start       ] GC(28558) Concurrent marking roots
[458.887s][info ][gc,task        ] GC(28558) Using 4 of 8 workers for concurrent marking roots
[458.888s][info ][gc             ] GC(28558) Concurrent marking roots 0.297ms
[458.888s][info ][gc,start       ] GC(28558) Concurrent marking (unload classes)
[458.888s][info ][gc,task        ] GC(28558) Using 4 of 8 workers for concurrent marking
[458.888s][info ][gc             ] GC(28558) Concurrent marking (unload classes) 0.610ms
[458.888s][info ][gc,start       ] GC(28558) Pause Final Mark (unload classes)
[458.888s][info ][gc,task        ] GC(28558) Using 8 of 8 workers for final marking
[458.889s][info ][gc,ergo        ] GC(28558) Collectable Garbage: 24576K (100%), Immediate: 24576K (100%), CSet: 0B (0%)
[458.889s][info ][gc             ] GC(28558) Pause Final Mark (unload classes) 0.558ms
[458.889s][info ][gc,start       ] GC(28558) Concurrent weak references
[458.889s][info ][gc,task        ] GC(28558) Using 4 of 8 workers for concurrent weak references
[458.889s][info ][gc,ref         ] GC(28558) Encountered references: Soft: 7, Weak: 34, Final: 0, Phantom: 1
[458.889s][info ][gc,ref         ] GC(28558) Discovered  references: Soft: 0, Weak: 1, Final: 0, Phantom: 1
[458.889s][info ][gc,ref         ] GC(28558) Enqueued    references: Soft: 0, Weak: 0, Final: 0, Phantom: 0
[458.889s][info ][gc             ] GC(28558) Concurrent weak references 0.105ms
[458.889s][info ][gc,start       ] GC(28558) Concurrent weak roots
[458.889s][info ][gc,task        ] GC(28558) Using 4 of 8 workers for concurrent weak root
[458.890s][info ][gc             ] GC(28558) Concurrent weak roots 0.315ms
[458.890s][info ][gc,start       ] GC(28558) Concurrent cleanup
[458.890s][info ][gc             ] GC(28558) Concurrent cleanup 969M->945M(2048M) 0.091ms
[458.890s][info ][gc,ergo        ] GC(28558) Free: 108M, Max: 1024K regular, 74752K humongous, Frag: 33% external, 0% internal; Reserve: 103M, Max: 1024K
[458.890s][info ][gc,start       ] GC(28558) Concurrent class unloading
[458.890s][info ][gc,task        ] GC(28558) Using 4 of 8 workers for concurrent class unloading
[458.890s][debug][gc,phases,start] GC(28558) ClassLoaderData
[458.890s][debug][gc,phases      ] GC(28558) ClassLoaderData 0.005ms
[458.890s][debug][gc,phases,start] GC(28558) Trigger cleanups
[458.890s][debug][gc,phases      ] GC(28558) Trigger cleanups 0.003ms
[458.890s][info ][gc             ] GC(28558) Concurrent class unloading 0.331ms
[458.890s][info ][gc,start       ] GC(28558) Pause Final Roots
[458.890s][info ][gc             ] GC(28558) Pause Final Roots 0.049ms
[458.890s][debug][gc,ergo        ] GC(28558) Available: 108 MB, z-score=-0.049. Average available: 110.2 MB +/- 35708.2 KB.
[458.890s][info ][gc,ergo        ] Free: 108M, Max: 1024K regular, 74752K humongous, Frag: 33% external, 0% internal; Reserve: 103M, Max: 1024K
[458.890s][info ][gc,stats       ] 
[458.890s][info ][gc,stats       ] All times are wall-clock times, except per-root-class counters, that are sum over
[458.890s][info ][gc,stats       ] all workers. Dividing the <total> over the root stage time estimates parallelism.
[458.890s][info ][gc,stats       ] 
[458.890s][info ][gc,stats       ] Concurrent Reset                   2187 us
[458.890s][info ][gc,stats       ] Pause Init Mark (G)                 287 us
[458.890s][info ][gc,stats       ] Pause Init Mark (N)                 151 us
[458.890s][info ][gc,stats       ]   Update Region States              103 us
[458.890s][info ][gc,stats       ] Concurrent Mark Roots               326 us, parallelism: 1.16x
[458.890s][info ][gc,stats       ]   CMR: <total>                      378 us
[458.890s][info ][gc,stats       ]   CMR: Thread Roots                 337 us, workers (us): 119, 140,  38,  39, ---, ---, ---, ---, 
[458.890s][info ][gc,stats       ]   CMR: VM Strong Roots                4 us, workers (us):   3,   0,   1,   1, ---, ---, ---, ---, 
[458.890s][info ][gc,stats       ]   CMR: CLDG Roots                    37 us, workers (us):  37,   1, ---, ---, ---, ---, ---, ---, 
[458.890s][info ][gc,stats       ] Concurrent Marking                  629 us
[458.890s][info ][gc,stats       ] Pause Final Mark (G)                821 us
[458.890s][info ][gc,stats       ] Pause Final Mark (N)                565 us
[458.890s][info ][gc,stats       ]   Finish Mark                       364 us
[458.890s][info ][gc,stats       ]   Update Region States              122 us
[458.890s][info ][gc,stats       ]   Choose Collection Set              38 us
[458.890s][info ][gc,stats       ]   Rebuild Free Set                    9 us
[458.890s][info ][gc,stats       ] Concurrent Weak References          110 us, parallelism: 0.01x
[458.890s][info ][gc,stats       ]   CWRF: <total>                       1 us
[458.890s][info ][gc,stats       ]   CWRF: Weak References               1 us, workers (us):   1,   0,   0,   0, ---, ---, ---, ---, 
[458.890s][info ][gc,stats       ] Concurrent Weak Roots               330 us
[458.890s][info ][gc,stats       ]   Roots                             152 us, parallelism: 0.60x
[458.890s][info ][gc,stats       ]     CWR: <total>                     92 us
[458.890s][info ][gc,stats       ]     CWR: Code Cache Roots            56 us, workers (us):   0,  55,   0,   0, ---, ---, ---, ---, 
[458.890s][info ][gc,stats       ]     CWR: VM Weak Roots               35 us, workers (us):  26,   8,   0,   0, ---, ---, ---, ---, 
[458.890s][info ][gc,stats       ]     CWR: CLDG Roots                   2 us, workers (us):   2, ---, ---, ---, ---, ---, ---, ---, 
[458.890s][info ][gc,stats       ]   Rendezvous                        153 us
[458.890s][info ][gc,stats       ] Concurrent Cleanup                   96 us
[458.890s][info ][gc,stats       ] Concurrent Class Unloading          345 us
[458.890s][info ][gc,stats       ]   Unlink Stale                      198 us
[458.890s][info ][gc,stats       ]     System Dictionary                31 us
[458.890s][info ][gc,stats       ]     Weak Class Links                  0 us
[458.890s][info ][gc,stats       ]     Code Roots                      166 us
[458.890s][info ][gc,stats       ]   Rendezvous                         48 us
[458.890s][info ][gc,stats       ]   Purge Unlinked                     73 us
[458.890s][info ][gc,stats       ]     Code Roots                       51 us
[458.890s][info ][gc,stats       ]     CLDG                             22 us
[458.890s][info ][gc,stats       ]     Exception Caches                  0 us
[458.890s][info ][gc,stats       ] Pause Final Roots (G)               122 us
[458.890s][info ][gc,stats       ] Pause Final Roots (N)                54 us
[458.891s][info ][gc,stats       ] Pacing                            68405 us
[458.891s][info ][gc,stats       ] 
[458.891s][info ][gc,stats       ] Allocation pacing accrued:
[458.891s][info ][gc,stats       ]       6 of     7 ms ( 87.9%): main
[458.891s][info ][gc,stats       ]       9 of     7 ms (127.7%): Thread-0
[458.891s][info ][gc,stats       ]       7 of     7 ms (100.8%): Thread-1
[458.891s][info ][gc,stats       ]       6 of     7 ms ( 87.5%): Thread-2
[458.891s][info ][gc,stats       ]       6 of     7 ms ( 85.6%): Thread-4
[458.891s][info ][gc,stats       ]       9 of     7 ms (127.5%): Thread-5
[458.891s][info ][gc,stats       ]       8 of     7 ms (119.0%): Thread-6
[458.891s][info ][gc,stats       ]       9 of     7 ms (127.6%): Thread-7
[458.891s][info ][gc,stats       ]       8 of     7 ms (119.1%): Thread-9
[458.891s][info ][gc,stats       ]      68 of     7 ms (982.7%): <total>
[458.891s][info ][gc,stats       ]       3 of     7 ms ( 46.8%): <average total>
[458.891s][info ][gc,stats       ]       8 of     7 ms (109.2%): <average non-zero>
[458.891s][info ][gc,stats       ] 
[458.891s][info ][gc,metaspace   ] Metaspace: 253K(448K)->253K(448K) NonClass: 247K(320K)->247K(320K) Class: 5K(128K)->5K(128K)
[458.891s][info ][gc,ergo        ] Pacer for Idle. Initial: 41943K, Alloc Tax Rate: 1.0x
[458.892s][info ][gc             ] Trigger: Free (80368K) is below minimum threshold (204M)
[458.892s][info ][gc,ergo        ] Free: 78320K, Max: 1024K regular, 68608K humongous, Frag: 12% external, 0% internal; Reserve: 103M, Max: 1024K
[458.892s][info ][gc,start       ] GC(28559) Concurrent reset
[458.892s][info ][gc,task        ] GC(28559) Using 4 of 8 workers for concurrent reset
[458.892s][info ][gc,ergo        ] GC(28559) Pacer for Reset. Non-Taxable: 2048M
[458.894s][info ][gc             ] GC(28559) Concurrent reset 2.057ms
[458.894s][info ][gc,start       ] GC(28559) Pause Init Mark (unload classes)
[458.894s][info ][gc,task        ] GC(28559) Using 8 of 8 workers for init marking
[458.894s][info ][gc,ergo        ] GC(28559) Pacer for Mark. Expected Live: 1500M, Free: 55792K, Non-Taxable: 5579K, Alloc Tax Rate: 33.7x
[458.894s][info ][gc             ] GC(28559) Pause Init Mark (unload classes) 0.179ms
[458.894s][info ][gc,start       ] GC(28559) Concurrent marking roots
[458.894s][info ][gc,task        ] GC(28559) Using 4 of 8 workers for concurrent marking roots
[458.894s][info ][gc             ] GC(28559) Concurrent marking roots 0.201ms
[458.894s][info ][gc,start       ] GC(28559) Concurrent marking (unload classes)
[458.894s][info ][gc,task        ] GC(28559) Using 4 of 8 workers for concurrent marking
[458.895s][info ][gc             ] GC(28559) Concurrent marking (unload classes) 0.525ms
[458.895s][info ][gc,start       ] GC(28559) Pause Final Mark (unload classes)
[458.895s][info ][gc,task        ] GC(28559) Using 8 of 8 workers for final marking
[458.896s][info ][gc,ergo        ] GC(28559) Collectable Garbage: 49152K (100%), Immediate: 49152K (100%), CSet: 0B (0%)
[458.896s][info ][gc             ] GC(28559) Pause Final Mark (unload classes) 0.597ms
[458.896s][info ][gc,start       ] GC(28559) Concurrent weak references
[458.896s][info ][gc,task        ] GC(28559) Using 4 of 8 workers for concurrent weak references
[458.896s][info ][gc,ref         ] GC(28559) Encountered references: Soft: 7, Weak: 34, Final: 0, Phantom: 1
[458.896s][info ][gc,ref         ] GC(28559) Discovered  references: Soft: 0, Weak: 0, Final: 0, Phantom: 1
[458.896s][info ][gc,ref         ] GC(28559) Enqueued    references: Soft: 0, Weak: 0, Final: 0, Phantom: 0
[458.896s][info ][gc             ] GC(28559) Concurrent weak references 0.088ms
[458.896s][info ][gc,start       ] GC(28559) Concurrent weak roots
[458.896s][info ][gc,task        ] GC(28559) Using 4 of 8 workers for concurrent weak root
[458.896s][info ][gc             ] GC(28559) Concurrent weak roots 0.211ms
[458.896s][info ][gc,start       ] GC(28559) Concurrent cleanup
[458.896s][info ][gc             ] GC(28559) Concurrent cleanup 981M->943M(2048M) 0.112ms
[458.896s][info ][gc,ergo        ] GC(28559) Free: 121M, Max: 1024K regular, 16384K humongous, Frag: 87% external, 0% internal; Reserve: 103M, Max: 1024K
[458.896s][info ][gc,start       ] GC(28559) Concurrent class unloading
[458.896s][info ][gc,task        ] GC(28559) Using 4 of 8 workers for concurrent class unloading
[458.896s][debug][gc,phases,start] GC(28559) ClassLoaderData
[458.896s][debug][gc,phases      ] GC(28559) ClassLoaderData 0.008ms
[458.896s][debug][gc,phases,start] GC(28559) Trigger cleanups
[458.896s][debug][gc,phases      ] GC(28559) Trigger cleanups 0.005ms
[458.897s][info ][gc             ] GC(28559) Concurrent class unloading 0.501ms
[458.897s][info ][gc,start       ] GC(28559) Pause Final Roots
[458.897s][info ][gc             ] GC(28559) Pause Final Roots 0.010ms
[458.897s][debug][gc,ergo        ] GC(28559) Available: 121 MB, z-score=0.217. Average available: 114.2 MB +/- 34428.5 KB.
[458.897s][info ][gc,ergo        ] Free: 121M, Max: 1024K regular, 16384K humongous, Frag: 87% external, 0% internal; Reserve: 103M, Max: 1024K
[458.897s][info ][gc,stats       ] 
[458.897s][info ][gc,stats       ] All times are wall-clock times, except per-root-class counters, that are sum over
[458.897s][info ][gc,stats       ] all workers. Dividing the <total> over the root stage time estimates parallelism.
[458.897s][info ][gc,stats       ] 
[458.897s][info ][gc,stats       ] Concurrent Reset                   2086 us
[458.897s][info ][gc,stats       ] Pause Init Mark (G)                 274 us
[458.897s][info ][gc,stats       ] Pause Init Mark (N)                 185 us
[458.897s][info ][gc,stats       ]   Update Region States              142 us
[458.897s][info ][gc,stats       ] Concurrent Mark Roots               219 us, parallelism: 1.29x
[458.897s][info ][gc,stats       ]   CMR: <total>                      283 us
[458.897s][info ][gc,stats       ]   CMR: Thread Roots                 264 us, workers (us):  68,  72,  90,  34, ---, ---, ---, ---, 
[458.897s][info ][gc,stats       ]   CMR: VM Strong Roots                3 us, workers (us):   3,   0,   0,   0, ---, ---, ---, ---, 
[458.897s][info ][gc,stats       ]   CMR: CLDG Roots                    15 us, workers (us):  15, ---, ---, ---, ---, ---, ---, ---, 
[458.897s][info ][gc,stats       ] Concurrent Marking                  536 us
[458.897s][info ][gc,stats       ] Pause Final Mark (G)                729 us
[458.897s][info ][gc,stats       ] Pause Final Mark (N)                603 us
[458.897s][info ][gc,stats       ]   Finish Mark                       412 us
[458.897s][info ][gc,stats       ]   Update Region States               87 us
[458.897s][info ][gc,stats       ]   Choose Collection Set              64 us
[458.897s][info ][gc,stats       ]   Rebuild Free Set                   10 us
[458.897s][info ][gc,stats       ] Concurrent Weak References           92 us, parallelism: 0.02x
[458.897s][info ][gc,stats       ]   CWRF: <total>                       2 us
[458.897s][info ][gc,stats       ]   CWRF: Weak References               2 us, workers (us):   2,   0,   0,   0, ---, ---, ---, ---, 
[458.897s][info ][gc,stats       ] Concurrent Weak Roots               225 us
[458.897s][info ][gc,stats       ]   Roots                             146 us, parallelism: 0.91x
[458.897s][info ][gc,stats       ]     CWR: <total>                    133 us
[458.897s][info ][gc,stats       ]     CWR: Code Cache Roots            35 us, workers (us):   0,   0,  35,   0, ---, ---, ---, ---, 
[458.897s][info ][gc,stats       ]     CWR: VM Weak Roots               96 us, workers (us):  43,  27,  25,   0, ---, ---, ---, ---, 
[458.897s][info ][gc,stats       ]     CWR: CLDG Roots                   2 us, workers (us): ---,   2, ---, ---, ---, ---, ---, ---, 
[458.897s][info ][gc,stats       ]   Rendezvous                         55 us
[458.897s][info ][gc,stats       ] Concurrent Cleanup                  121 us
[458.897s][info ][gc,stats       ] Concurrent Class Unloading          517 us
[458.897s][info ][gc,stats       ]   Unlink Stale                      265 us
[458.897s][info ][gc,stats       ]     System Dictionary                24 us
[458.897s][info ][gc,stats       ]     Weak Class Links                  0 us
[458.897s][info ][gc,stats       ]     Code Roots                      239 us
[458.897s][info ][gc,stats       ]   Rendezvous                        137 us
[458.897s][info ][gc,stats       ]   Purge Unlinked                     84 us
[458.897s][info ][gc,stats       ]     Code Roots                       69 us
[458.897s][info ][gc,stats       ]     CLDG                             15 us
[458.897s][info ][gc,stats       ]     Exception Caches                  0 us
[458.897s][info ][gc,stats       ] Pause Final Roots (G)                76 us
[458.897s][info ][gc,stats       ] Pause Final Roots (N)                14 us
[458.897s][info ][gc,stats       ] Pacing                            12325 us
[458.897s][info ][gc,stats       ] 
[458.897s][info ][gc,stats       ] Allocation pacing accrued:
[458.897s][info ][gc,stats       ]       6 of     6 ms ( 95.7%): Thread-0
[458.897s][info ][gc,stats       ]       6 of     6 ms ( 96.0%): Thread-1
[458.897s][info ][gc,stats       ]      12 of     6 ms (191.7%): <total>
[458.897s][info ][gc,stats       ]       1 of     6 ms (  9.1%): <average total>
[458.897s][info ][gc,stats       ]       6 of     6 ms ( 95.8%): <average non-zero>
[458.897s][info ][gc,stats       ] 
[458.897s][info ][gc,metaspace   ] Metaspace: 253K(448K)->253K(448K) NonClass: 247K(320K)->247K(320K) Class: 5K(128K)->5K(128K)
[458.897s][info ][gc,ergo        ] Pacer for Idle. Initial: 41943K, Alloc Tax Rate: 1.0x
[458.898s][info ][gc             ] Trigger: Free (121M) is below minimum threshold (204M)
[458.898s][info ][gc,ergo        ] Free: 121M, Max: 1024K regular, 16384K humongous, Frag: 87% external, 0% internal; Reserve: 103M, Max: 1024K
[458.898s][info ][gc,start       ] GC(28560) Concurrent reset
[458.898s][info ][gc,task        ] GC(28560) Using 4 of 8 workers for concurrent reset
[458.898s][info ][gc,ergo        ] GC(28560) Pacer for Reset. Non-Taxable: 2048M
[458.899s][info ][gc             ] GC(28560) Concurrent reset 1.195ms
[458.899s][info ][gc,start       ] GC(28560) Pause Init Mark (unload classes)
[458.899s][info ][gc,task        ] GC(28560) Using 8 of 8 workers for init marking
[458.900s][info ][gc,ergo        ] GC(28560) Pacer for Mark. Expected Live: 931M, Free: 121M, Non-Taxable: 12440K, Alloc Tax Rate: 9.4x
[458.900s][info ][gc             ] GC(28560) Pause Init Mark (unload classes) 0.143ms
[458.900s][info ][gc,start       ] GC(28560) Concurrent marking roots
[458.900s][info ][gc,task        ] GC(28560) Using 4 of 8 workers for concurrent marking roots
[458.900s][info ][gc             ] GC(28560) Concurrent marking roots 0.174ms
[458.900s][info ][gc,start       ] GC(28560) Concurrent marking (unload classes)
[458.900s][info ][gc,task        ] GC(28560) Using 4 of 8 workers for concurrent marking
[458.900s][info ][gc             ] GC(28560) Concurrent marking (unload classes) 0.738ms
[458.901s][info ][gc,start       ] GC(28560) Pause Final Mark (unload classes)
[458.901s][info ][gc,task        ] GC(28560) Using 8 of 8 workers for final marking
[458.901s][info ][gc,ergo        ] GC(28560) Collectable Garbage: 32768K (100%), Immediate: 32768K (100%), CSet: 0B (0%)
[458.901s][info ][gc             ] GC(28560) Pause Final Mark (unload classes) 0.458ms
[458.901s][info ][gc,start       ] GC(28560) Concurrent weak references
[458.901s][info ][gc,task        ] GC(28560) Using 4 of 8 workers for concurrent weak references
[458.901s][info ][gc,ref         ] GC(28560) Encountered references: Soft: 7, Weak: 34, Final: 0, Phantom: 1
[458.901s][info ][gc,ref         ] GC(28560) Discovered  references: Soft: 0, Weak: 1, Final: 0, Phantom: 1
[458.901s][info ][gc,ref         ] GC(28560) Enqueued    references: Soft: 0, Weak: 0, Final: 0, Phantom: 0
[458.901s][info ][gc             ] GC(28560) Concurrent weak references 0.081ms
[458.901s][info ][gc,start       ] GC(28560) Concurrent weak roots
[458.901s][info ][gc,task        ] GC(28560) Using 4 of 8 workers for concurrent weak root
[458.901s][info ][gc             ] GC(28560) Concurrent weak roots 0.145ms
[458.901s][info ][gc,start       ] GC(28560) Concurrent cleanup
[458.901s][info ][gc             ] GC(28560) Concurrent cleanup 943M->911M(2048M) 0.092ms
[458.901s][info ][gc,ergo        ] GC(28560) Free: 185M, Max: 1024K regular, 16384K humongous, Frag: 92% external, 0% internal; Reserve: 103M, Max: 1024K
[458.901s][info ][gc,start       ] GC(28560) Concurrent class unloading
[458.901s][info ][gc,task        ] GC(28560) Using 4 of 8 workers for concurrent class unloading
[458.901s][debug][gc,phases,start] GC(28560) ClassLoaderData
[458.901s][debug][gc,phases      ] GC(28560) ClassLoaderData 0.005ms
[458.901s][debug][gc,phases,start] GC(28560) Trigger cleanups
[458.901s][debug][gc,phases      ] GC(28560) Trigger cleanups 0.003ms
[458.902s][info ][gc             ] GC(28560) Concurrent class unloading 0.358ms
[458.902s][info ][gc,start       ] GC(28560) Pause Final Roots
[458.902s][info ][gc             ] GC(28560) Pause Final Roots 0.018ms
[458.902s][debug][gc,ergo        ] GC(28560) Available: 185 MB, z-score=1.608. Average available: 124.3 MB +/- 38973.4 KB.
[458.902s][info ][gc,ergo        ] Free: 185M, Max: 1024K regular, 16384K humongous, Frag: 92% external, 0% internal; Reserve: 103M, Max: 1024K
[458.902s][info ][gc,stats       ] 
[458.902s][info ][gc,stats       ] All times are wall-clock times, except per-root-class counters, that are sum over
[458.902s][info ][gc,stats       ] all workers. Dividing the <total> over the root stage time estimates parallelism.
[458.902s][info ][gc,stats       ] 
[458.902s][info ][gc,stats       ] Concurrent Reset                   1206 us
[458.902s][info ][gc,stats       ] Pause Init Mark (G)                 215 us
[458.902s][info ][gc,stats       ] Pause Init Mark (N)                 147 us
[458.902s][info ][gc,stats       ]   Update Region States              114 us
[458.902s][info ][gc,stats       ] Concurrent Mark Roots               190 us, parallelism: 1.38x
[458.902s][info ][gc,stats       ]   CMR: <total>                      263 us
[458.902s][info ][gc,stats       ]   CMR: Thread Roots                 246 us, workers (us):  79,  77,  75,  16, ---, ---, ---, ---, 
[458.902s][info ][gc,stats       ]   CMR: VM Strong Roots                3 us, workers (us):   2,   0,   0,   0, ---, ---, ---, ---, 
[458.902s][info ][gc,stats       ]   CMR: CLDG Roots                    14 us, workers (us):  13,   1, ---, ---, ---, ---, ---, ---, 
[458.902s][info ][gc,stats       ] Concurrent Marking                  754 us
[458.902s][info ][gc,stats       ] Pause Final Mark (G)                531 us
[458.902s][info ][gc,stats       ] Pause Final Mark (N)                463 us
[458.902s][info ][gc,stats       ]   Finish Mark                       302 us
[458.902s][info ][gc,stats       ]   Update Region States               97 us
[458.902s][info ][gc,stats       ]   Choose Collection Set              33 us
[458.902s][info ][gc,stats       ]   Rebuild Free Set                    8 us
[458.902s][info ][gc,stats       ] Concurrent Weak References           85 us, parallelism: 0.01x
[458.902s][info ][gc,stats       ]   CWRF: <total>                       1 us
[458.902s][info ][gc,stats       ]   CWRF: Weak References               1 us, workers (us):   1,   0,   0,   0, ---, ---, ---, ---, 
[458.902s][info ][gc,stats       ] Concurrent Weak Roots               155 us
[458.902s][info ][gc,stats       ]   Roots                              86 us, parallelism: 0.51x
[458.902s][info ][gc,stats       ]     CWR: <total>                     43 us
[458.902s][info ][gc,stats       ]     CWR: Code Cache Roots            25 us, workers (us):  25,   0,   0,   0, ---, ---, ---, ---, 
[458.902s][info ][gc,stats       ]     CWR: VM Weak Roots               17 us, workers (us):  15,   2,   0,   0, ---, ---, ---, ---, 
[458.902s][info ][gc,stats       ]     CWR: CLDG Roots                   1 us, workers (us): ---,   1, ---, ---, ---, ---, ---, ---, 
[458.902s][info ][gc,stats       ]   Rendezvous                         50 us
[458.902s][info ][gc,stats       ] Concurrent Cleanup                   96 us
[458.902s][info ][gc,stats       ] Concurrent Class Unloading          374 us
[458.902s][info ][gc,stats       ]   Unlink Stale                      180 us
[458.902s][info ][gc,stats       ]     System Dictionary                15 us
[458.902s][info ][gc,stats       ]     Weak Class Links                  0 us
[458.902s][info ][gc,stats       ]     Code Roots                      164 us
[458.902s][info ][gc,stats       ]   Rendezvous                         52 us
[458.902s][info ][gc,stats       ]   Purge Unlinked                    118 us
[458.902s][info ][gc,stats       ]     Code Roots                      102 us
[458.902s][info ][gc,stats       ]     CLDG                             15 us
[458.902s][info ][gc,stats       ]     Exception Caches                  0 us
[458.902s][info ][gc,stats       ] Pause Final Roots (G)                84 us
[458.902s][info ][gc,stats       ] Pause Final Roots (N)                24 us
[458.902s][info ][gc,stats       ] 
[458.902s][info ][gc,stats       ] Allocation pacing accrued:
[458.902s][info ][gc,stats       ]       0 of     5 ms (  0.0%): <total>
[458.902s][info ][gc,stats       ]       0 of     5 ms (  0.0%): <average total>
[458.902s][info ][gc,stats       ] 
[458.902s][info ][gc,metaspace   ] Metaspace: 253K(448K)->253K(448K) NonClass: 247K(320K)->247K(320K) Class: 5K(128K)->5K(128K)
[458.902s][info ][gc,ergo        ] Pacer for Idle. Initial: 41943K, Alloc Tax Rate: 1.0x
[458.903s][info ][gc             ] Trigger: Free (185M) is below minimum threshold (204M)
[458.903s][info ][gc,ergo        ] Free: 185M, Max: 1024K regular, 16384K humongous, Frag: 92% external, 0% internal; Reserve: 103M, Max: 1024K
[458.903s][info ][gc,start       ] GC(28561) Concurrent reset
[458.903s][info ][gc,task        ] GC(28561) Using 4 of 8 workers for concurrent reset
[458.903s][info ][gc,ergo        ] GC(28561) Pacer for Reset. Non-Taxable: 2048M
[458.905s][info ][gc             ] GC(28561) Concurrent reset 1.581ms
[458.905s][info ][gc,start       ] GC(28561) Pause Init Mark (unload classes)
[458.905s][info ][gc,task        ] GC(28561) Using 8 of 8 workers for init marking
[458.905s][info ][gc,ergo        ] GC(28561) Pacer for Mark. Expected Live: 920M, Free: 165M, Non-Taxable: 16945K, Alloc Tax Rate: 6.8x
[458.905s][info ][gc             ] GC(28561) Pause Init Mark (unload classes) 0.158ms
[458.905s][info ][gc,start       ] GC(28561) Concurrent marking roots
[458.905s][info ][gc,task        ] GC(28561) Using 4 of 8 workers for concurrent marking roots
[458.905s][info ][gc             ] GC(28561) Concurrent marking roots 0.171ms
[458.905s][info ][gc,start       ] GC(28561) Concurrent marking (unload classes)
[458.905s][info ][gc,task        ] GC(28561) Using 4 of 8 workers for concurrent marking
[458.906s][info ][gc             ] GC(28561) Concurrent marking (unload classes) 0.468ms
[458.906s][info ][gc,start       ] GC(28561) Pause Final Mark (unload classes)
[458.906s][info ][gc,task        ] GC(28561) Using 8 of 8 workers for final marking
[458.907s][info ][gc,ergo        ] GC(28561) Collectable Garbage: 40960K (100%), Immediate: 40960K (100%), CSet: 0B (0%)
[458.907s][info ][gc             ] GC(28561) Pause Final Mark (unload classes) 0.409ms
[458.907s][info ][gc,start       ] GC(28561) Concurrent weak references
[458.907s][info ][gc,task        ] GC(28561) Using 4 of 8 workers for concurrent weak references
[458.907s][info ][gc,ref         ] GC(28561) Encountered references: Soft: 7, Weak: 34, Final: 0, Phantom: 1
[458.907s][info ][gc,ref         ] GC(28561) Discovered  references: Soft: 0, Weak: 1, Final: 0, Phantom: 1
[458.907s][info ][gc,ref         ] GC(28561) Enqueued    references: Soft: 0, Weak: 0, Final: 0, Phantom: 0
[458.907s][info ][gc             ] GC(28561) Concurrent weak references 0.122ms
[458.907s][info ][gc,start       ] GC(28561) Concurrent weak roots
[458.907s][info ][gc,task        ] GC(28561) Using 4 of 8 workers for concurrent weak root
[458.907s][info ][gc             ] GC(28561) Concurrent weak roots 0.195ms
[458.907s][info ][gc,start       ] GC(28561) Concurrent cleanup
[458.907s][info ][gc             ] GC(28561) Concurrent cleanup 936M->898M(2048M) 0.120ms
[458.907s][info ][gc,ergo        ] GC(28561) Free: 211M, Max: 1024K regular, 16384K humongous, Frag: 93% external, 0% internal; Reserve: 103M, Max: 1024K
[458.907s][info ][gc,start       ] GC(28561) Concurrent class unloading
[458.907s][info ][gc,task        ] GC(28561) Using 4 of 8 workers for concurrent class unloading
[458.907s][debug][gc,phases,start] GC(28561) ClassLoaderData
[458.907s][debug][gc,phases      ] GC(28561) ClassLoaderData 0.005ms
[458.907s][debug][gc,phases,start] GC(28561) Trigger cleanups
[458.907s][debug][gc,phases      ] GC(28561) Trigger cleanups 0.003ms
[458.908s][info ][gc             ] GC(28561) Concurrent class unloading 0.447ms
[458.908s][info ][gc,start       ] GC(28561) Pause Final Roots
[458.908s][info ][gc             ] GC(28561) Pause Final Roots 0.012ms
[458.908s][debug][gc,ergo        ] GC(28561) Available: 211 MB, z-score=1.777. Average available: 138.7 MB +/- 41958.5 KB.
[458.908s][info ][gc,ergo        ] Free: 211M, Max: 1024K regular, 16384K humongous, Frag: 93% external, 0% internal; Reserve: 103M, Max: 1024K
[458.908s][info ][gc,stats       ] 
[458.908s][info ][gc,stats       ] All times are wall-clock times, except per-root-class counters, that are sum over
[458.908s][info ][gc,stats       ] all workers. Dividing the <total> over the root stage time estimates parallelism.
[458.908s][info ][gc,stats       ] 
[458.908s][info ][gc,stats       ] Concurrent Reset                   1635 us
[458.908s][info ][gc,stats       ] Pause Init Mark (G)                 405 us
[458.908s][info ][gc,stats       ] Pause Init Mark (N)                 164 us
[458.908s][info ][gc,stats       ]   Update Region States              123 us
[458.908s][info ][gc,stats       ] Concurrent Mark Roots               182 us, parallelism: 1.31x
[458.908s][info ][gc,stats       ]   CMR: <total>                      238 us
[458.908s][info ][gc,stats       ]   CMR: Thread Roots                 212 us, workers (us):  59,  60,  48,  45, ---, ---, ---, ---, 
[458.908s][info ][gc,stats       ]   CMR: VM Strong Roots               10 us, workers (us):  10,   0,   0,   0, ---, ---, ---, ---, 
[458.908s][info ][gc,stats       ]   CMR: CLDG Roots                    15 us, workers (us):  15,   0, ---, ---, ---, ---, ---, ---, 
[458.908s][info ][gc,stats       ] Concurrent Marking                  480 us
[458.908s][info ][gc,stats       ] Pause Final Mark (G)                665 us
[458.908s][info ][gc,stats       ] Pause Final Mark (N)                414 us
[458.908s][info ][gc,stats       ]   Finish Mark                       234 us
[458.908s][info ][gc,stats       ]   Update Region States              114 us
[458.908s][info ][gc,stats       ]   Choose Collection Set              33 us
[458.908s][info ][gc,stats       ]   Rebuild Free Set                    8 us
[458.908s][info ][gc,stats       ] Concurrent Weak References          128 us, parallelism: 0.01x
[458.908s][info ][gc,stats       ]   CWRF: <total>                       1 us
[458.908s][info ][gc,stats       ]   CWRF: Weak References               1 us, workers (us):   1,   0,   0,   0, ---, ---, ---, ---, 
[458.908s][info ][gc,stats       ] Concurrent Weak Roots               214 us
[458.908s][info ][gc,stats       ]   Roots                              90 us, parallelism: 0.58x
[458.908s][info ][gc,stats       ]     CWR: <total>                     52 us
[458.908s][info ][gc,stats       ]     CWR: Code Cache Roots            34 us, workers (us):  34,   0,   0,   0, ---, ---, ---, ---, 
[458.908s][info ][gc,stats       ]     CWR: VM Weak Roots               17 us, workers (us):  17,   0,   0,   0, ---, ---, ---, ---, 
[458.908s][info ][gc,stats       ]     CWR: CLDG Roots                   1 us, workers (us):   1, ---, ---, ---, ---, ---, ---, ---, 
[458.908s][info ][gc,stats       ]   Rendezvous                         94 us
[458.908s][info ][gc,stats       ] Concurrent Cleanup                  129 us
[458.908s][info ][gc,stats       ] Concurrent Class Unloading          462 us
[458.908s][info ][gc,stats       ]   Unlink Stale                      202 us
[458.908s][info ][gc,stats       ]     System Dictionary                18 us
[458.908s][info ][gc,stats       ]     Weak Class Links                  0 us
[458.908s][info ][gc,stats       ]     Code Roots                      183 us
[458.908s][info ][gc,stats       ]   Rendezvous                        115 us
[458.908s][info ][gc,stats       ]   Purge Unlinked                    117 us
[458.908s][info ][gc,stats       ]     Code Roots                      103 us
[458.908s][info ][gc,stats       ]     CLDG                             14 us
[458.908s][info ][gc,stats       ]     Exception Caches                  0 us
[458.908s][info ][gc,stats       ] Pause Final Roots (G)                73 us
[458.908s][info ][gc,stats       ] Pause Final Roots (N)                24 us
[458.908s][info ][gc,stats       ] Pacing                            85513 us
[458.908s][info ][gc,stats       ] 
[458.908s][info ][gc,stats       ] Allocation pacing accrued:
[458.908s][info ][gc,stats       ]       8 of     6 ms (129.0%): Thread-0
[458.908s][info ][gc,stats       ]       7 of     6 ms (123.1%): Thread-1
[458.908s][info ][gc,stats       ]      10 of     6 ms (170.4%): Thread-2
[458.908s][info ][gc,stats       ]       8 of     6 ms (130.2%): Thread-3
[458.908s][info ][gc,stats       ]      10 of     6 ms (178.5%): Thread-4
[458.908s][info ][gc,stats       ]      10 of     6 ms (166.5%): Thread-5
[458.908s][info ][gc,stats       ]       7 of     6 ms (124.6%): Thread-6
[458.908s][info ][gc,stats       ]       8 of     6 ms (133.9%): Thread-7
[458.908s][info ][gc,stats       ]       7 of     6 ms (127.4%): Thread-8
[458.908s][info ][gc,stats       ]      10 of     6 ms (179.6%): Thread-9
[458.908s][info ][gc,stats       ]      86 of     6 ms (1463.1%): <total>
[458.908s][info ][gc,stats       ]       4 of     6 ms ( 69.7%): <average total>
[458.908s][info ][gc,stats       ]       9 of     6 ms (146.3%): <average non-zero>
[458.908s][info ][gc,stats       ] 
[458.908s][info ][gc,metaspace   ] Metaspace: 253K(448K)->253K(448K) NonClass: 247K(320K)->247K(320K) Class: 5K(128K)->5K(128K)
[458.908s][info ][gc,ergo        ] Pacer for Idle. Initial: 41943K, Alloc Tax Rate: 1.0x
[458.909s][info ][gc             ] Trigger: Free (166M) is below minimum threshold (204M)
[458.909s][info ][gc,ergo        ] Free: 166M, Max: 1024K regular, 6144K humongous, Frag: 97% external, 0% internal; Reserve: 103M, Max: 1024K
[458.909s][info ][gc,start       ] GC(28562) Concurrent reset
[458.909s][info ][gc,task        ] GC(28562) Using 4 of 8 workers for concurrent reset
[458.909s][info ][gc,ergo        ] GC(28562) Pacer for Reset. Non-Taxable: 2048M
[458.911s][info ][gc             ] GC(28562) Concurrent reset 1.725ms
[458.911s][info ][gc,start       ] GC(28562) Pause Init Mark (unload classes)
[458.911s][info ][gc,task        ] GC(28562) Using 8 of 8 workers for init marking
[458.911s][info ][gc,ergo        ] GC(28562) Pacer for Mark. Expected Live: 912M, Free: 140M, Non-Taxable: 14385K, Alloc Tax Rate: 7.9x
[458.911s][info ][gc             ] GC(28562) Pause Init Mark (unload classes) 0.144ms
[458.911s][info ][gc,start       ] GC(28562) Concurrent marking roots
[458.911s][info ][gc,task        ] GC(28562) Using 4 of 8 workers for concurrent marking roots
[458.911s][info ][gc             ] GC(28562) Concurrent marking roots 0.206ms
[458.911s][info ][gc,start       ] GC(28562) Concurrent marking (unload classes)
[458.911s][info ][gc,task        ] GC(28562) Using 4 of 8 workers for concurrent marking
[458.912s][info ][gc             ] GC(28562) Concurrent marking (unload classes) 0.677ms
[458.912s][info ][gc,start       ] GC(28562) Pause Final Mark (unload classes)
[458.912s][info ][gc,task        ] GC(28562) Using 8 of 8 workers for final marking
[458.913s][info ][gc,ergo        ] GC(28562) Collectable Garbage: 50176K (100%), Immediate: 50176K (100%), CSet: 0B (0%)
[458.913s][info ][gc             ] GC(28562) Pause Final Mark (unload classes) 0.585ms
[458.913s][info ][gc,start       ] GC(28562) Concurrent weak references
[458.913s][info ][gc,task        ] GC(28562) Using 4 of 8 workers for concurrent weak references
[458.913s][info ][gc,ref         ] GC(28562) Encountered references: Soft: 7, Weak: 34, Final: 0, Phantom: 1
[458.913s][info ][gc,ref         ] GC(28562) Discovered  references: Soft: 0, Weak: 1, Final: 0, Phantom: 1
[458.913s][info ][gc,ref         ] GC(28562) Enqueued    references: Soft: 0, Weak: 0, Final: 0, Phantom: 0
[458.913s][info ][gc             ] GC(28562) Concurrent weak references 0.165ms
[458.913s][info ][gc,start       ] GC(28562) Concurrent weak roots
[458.913s][info ][gc,task        ] GC(28562) Using 4 of 8 workers for concurrent weak root
[458.913s][info ][gc             ] GC(28562) Concurrent weak roots 0.242ms
[458.913s][info ][gc,start       ] GC(28562) Concurrent cleanup
[458.913s][info ][gc             ] GC(28562) Concurrent cleanup 957M->908M(2048M) 0.091ms
[458.913s][info ][gc,ergo        ] GC(28562) Free: 191M, Max: 1024K regular, 13312K humongous, Frag: 94% external, 0% internal; Reserve: 103M, Max: 1024K
[458.913s][info ][gc,start       ] GC(28562) Concurrent class unloading
[458.913s][info ][gc,task        ] GC(28562) Using 4 of 8 workers for concurrent class unloading
[458.913s][debug][gc,phases,start] GC(28562) ClassLoaderData
[458.913s][debug][gc,phases      ] GC(28562) ClassLoaderData 0.005ms
[458.914s][debug][gc,phases,start] GC(28562) Trigger cleanups
[458.914s][debug][gc,phases      ] GC(28562) Trigger cleanups 0.011ms
[458.914s][info ][gc             ] GC(28562) Concurrent class unloading 0.413ms
[458.914s][info ][gc,start       ] GC(28562) Pause Final Roots
[458.914s][info ][gc             ] GC(28562) Pause Final Roots 0.016ms
[458.914s][debug][gc,ergo        ] GC(28562) Available: 189 MB, z-score=1.076. Average available: 142.5 MB +/- 44707.9 KB.
[458.914s][info ][gc,ergo        ] Free: 187M, Max: 1024K regular, 13312K humongous, Frag: 94% external, 0% internal; Reserve: 103M, Max: 1024K
[458.914s][info ][gc,stats       ] 
[458.914s][info ][gc,stats       ] All times are wall-clock times, except per-root-class counters, that are sum over
[458.914s][info ][gc,stats       ] all workers. Dividing the <total> over the root stage time estimates parallelism.
[458.914s][info ][gc,stats       ] 
[458.914s][info ][gc,stats       ] Concurrent Reset                   1752 us
[458.914s][info ][gc,stats       ] Pause Init Mark (G)                 212 us
[458.914s][info ][gc,stats       ] Pause Init Mark (N)                 148 us
[458.914s][info ][gc,stats       ]   Update Region States              113 us
[458.914s][info ][gc,stats       ] Concurrent Mark Roots               218 us, parallelism: 1.43x
[458.914s][info ][gc,stats       ]   CMR: <total>                      313 us
[458.914s][info ][gc,stats       ]   CMR: Thread Roots                 297 us, workers (us): 106, 110,  39,  41, ---, ---, ---, ---, 
[458.914s][info ][gc,stats       ]   CMR: VM Strong Roots                3 us, workers (us):   2,   0,   0,   0, ---, ---, ---, ---, 
[458.914s][info ][gc,stats       ]   CMR: CLDG Roots                    13 us, workers (us):  12,   1, ---, ---, ---, ---, ---, ---, 
[458.914s][info ][gc,stats       ] Concurrent Marking                  693 us
[458.914s][info ][gc,stats       ] Pause Final Mark (G)                869 us
[458.914s][info ][gc,stats       ] Pause Final Mark (N)                591 us
[458.914s][info ][gc,stats       ]   Finish Mark                       404 us
[458.914s][info ][gc,stats       ]   Update Region States              106 us
[458.914s][info ][gc,stats       ]   Choose Collection Set              42 us
[458.914s][info ][gc,stats       ]   Rebuild Free Set                   11 us
[458.914s][info ][gc,stats       ] Concurrent Weak References          172 us, parallelism: 0.02x
[458.914s][info ][gc,stats       ]   CWRF: <total>                       3 us
[458.914s][info ][gc,stats       ]   CWRF: Weak References               3 us, workers (us):   3,   0,   0,   0, ---, ---, ---, ---, 
[458.914s][info ][gc,stats       ] Concurrent Weak Roots               253 us
[458.914s][info ][gc,stats       ]   Roots                             156 us, parallelism: 0.57x
[458.914s][info ][gc,stats       ]     CWR: <total>                     89 us
[458.914s][info ][gc,stats       ]     CWR: Code Cache Roots            51 us, workers (us):  51,   0,   0,   0, ---, ---, ---, ---, 
[458.914s][info ][gc,stats       ]     CWR: VM Weak Roots               37 us, workers (us):  35,   1,   0,   1, ---, ---, ---, ---, 
[458.914s][info ][gc,stats       ]     CWR: CLDG Roots                   1 us, workers (us): ---,   1, ---, ---, ---, ---, ---, ---, 
[458.914s][info ][gc,stats       ]   Rendezvous                         50 us
[458.914s][info ][gc,stats       ] Concurrent Cleanup                   95 us
[458.914s][info ][gc,stats       ] Concurrent Class Unloading          432 us
[458.914s][info ][gc,stats       ]   Unlink Stale                      252 us
[458.914s][info ][gc,stats       ]     System Dictionary                23 us
[458.914s][info ][gc,stats       ]     Weak Class Links                  0 us
[458.914s][info ][gc,stats       ]     Code Roots                      228 us
[458.914s][info ][gc,stats       ]   Rendezvous                         83 us
[458.914s][info ][gc,stats       ]   Purge Unlinked                     68 us
[458.914s][info ][gc,stats       ]     Code Roots                       57 us
[458.914s][info ][gc,stats       ]     CLDG                             12 us
[458.914s][info ][gc,stats       ]     Exception Caches                  0 us
[458.914s][info ][gc,stats       ] Pause Final Roots (G)               107 us
[458.914s][info ][gc,stats       ] Pause Final Roots (N)                22 us
[458.914s][info ][gc,stats       ] 
[458.914s][info ][gc,stats       ] Allocation pacing accrued:
[458.914s][info ][gc,stats       ]       0 of     6 ms (  0.0%): <total>
[458.914s][info ][gc,stats       ]       0 of     6 ms (  0.0%): <average total>
[458.914s][info ][gc,stats       ] 
[458.914s][info ][gc,metaspace   ] Metaspace: 253K(448K)->253K(448K) NonClass: 247K(320K)->247K(320K) Class: 5K(128K)->5K(128K)
[458.914s][info ][gc,ergo        ] Pacer for Idle. Initial: 41943K, Alloc Tax Rate: 1.0x
[458.916s][info ][gc             ] Trigger: Free (163M) is below minimum threshold (204M)
[458.916s][info ][gc,ergo        ] Free: 159M, Max: 1024K regular, 11264K humongous, Frag: 94% external, 0% internal; Reserve: 103M, Max: 1024K
[458.916s][info ][gc,start       ] GC(28563) Concurrent reset
[458.916s][info ][gc,task        ] GC(28563) Using 4 of 8 workers for concurrent reset
[458.916s][info ][gc,ergo        ] GC(28563) Pacer for Reset. Non-Taxable: 2048M
[458.918s][info ][gc             ] GC(28563) Concurrent reset 2.378ms
[458.918s][info ][gc,start       ] GC(28563) Pause Init Mark (unload classes)
[458.918s][info ][gc,task        ] GC(28563) Using 8 of 8 workers for init marking
[458.918s][info ][gc,ergo        ] GC(28563) Pacer for Mark. Expected Live: 907M, Free: 127M, Non-Taxable: 13054K, Alloc Tax Rate: 8.7x
[458.918s][info ][gc             ] GC(28563) Pause Init Mark (unload classes) 0.194ms
[458.918s][info ][gc,start       ] GC(28563) Concurrent marking roots
[458.918s][info ][gc,task        ] GC(28563) Using 4 of 8 workers for concurrent marking roots
[458.919s][info ][gc             ] GC(28563) Concurrent marking roots 0.193ms
[458.919s][info ][gc,start       ] GC(28563) Concurrent marking (unload classes)
[458.919s][info ][gc,task        ] GC(28563) Using 4 of 8 workers for concurrent marking
[458.919s][info ][gc             ] GC(28563) Concurrent marking (unload classes) 0.779ms
[458.919s][info ][gc,start       ] GC(28563) Pause Final Mark (unload classes)
[458.920s][info ][gc,task        ] GC(28563) Using 8 of 8 workers for final marking
[458.920s][info ][gc,ergo        ] GC(28563) Collectable Garbage: 49152K (100%), Immediate: 49152K (100%), CSet: 0B (0%)
[458.920s][info ][gc             ] GC(28563) Pause Final Mark (unload classes) 0.498ms
[458.920s][info ][gc,start       ] GC(28563) Concurrent weak references
[458.920s][info ][gc,task        ] GC(28563) Using 4 of 8 workers for concurrent weak references
[458.920s][info ][gc,ref         ] GC(28563) Encountered references: Soft: 7, Weak: 34, Final: 0, Phantom: 1
[458.920s][info ][gc,ref         ] GC(28563) Discovered  references: Soft: 0, Weak: 1, Final: 0, Phantom: 1
[458.920s][info ][gc,ref         ] GC(28563) Enqueued    references: Soft: 0, Weak: 0, Final: 0, Phantom: 0
[458.920s][info ][gc             ] GC(28563) Concurrent weak references 0.118ms
[458.920s][info ][gc,start       ] GC(28563) Concurrent weak roots
[458.920s][info ][gc,task        ] GC(28563) Using 4 of 8 workers for concurrent weak root
[458.921s][info ][gc             ] GC(28563) Concurrent weak roots 0.445ms
[458.921s][info ][gc,start       ] GC(28563) Concurrent cleanup
[458.921s][info ][gc             ] GC(28563) Concurrent cleanup 965M->917M(2048M) 0.103ms
[458.921s][info ][gc,ergo        ] GC(28563) Free: 182M, Max: 1024K regular, 8192K humongous, Frag: 96% external, 0% internal; Reserve: 103M, Max: 1024K
[458.921s][info ][gc,start       ] GC(28563) Concurrent class unloading
[458.921s][info ][gc,task        ] GC(28563) Using 4 of 8 workers for concurrent class unloading
[458.921s][debug][gc,phases,start] GC(28563) ClassLoaderData
[458.921s][debug][gc,phases      ] GC(28563) ClassLoaderData 0.007ms
[458.921s][debug][gc,phases,start] GC(28563) Trigger cleanups
[458.921s][debug][gc,phases      ] GC(28563) Trigger cleanups 0.005ms
[458.921s][info ][gc             ] GC(28563) Concurrent class unloading 0.352ms
[458.921s][info ][gc,start       ] GC(28563) Pause Final Roots
[458.921s][info ][gc             ] GC(28563) Pause Final Roots 0.025ms
[458.922s][debug][gc,ergo        ] GC(28563) Available: 168 MB, z-score=0.500. Average available: 146.5 MB +/- 45081.6 KB.
[458.922s][info ][gc,ergo        ] Free: 166M, Max: 1024K regular, 8192K humongous, Frag: 96% external, 0% internal; Reserve: 103M, Max: 1024K
[458.922s][info ][gc,stats       ] 
[458.922s][info ][gc,stats       ] All times are wall-clock times, except per-root-class counters, that are sum over
[458.922s][info ][gc,stats       ] all workers. Dividing the <total> over the root stage time estimates parallelism.
[458.922s][info ][gc,stats       ] 
[458.922s][info ][gc,stats       ] Concurrent Reset                   2398 us
[458.922s][info ][gc,stats       ] Pause Init Mark (G)                 511 us
[458.922s][info ][gc,stats       ] Pause Init Mark (N)                 200 us
[458.922s][info ][gc,stats       ]   Update Region States              111 us
[458.922s][info ][gc,stats       ] Concurrent Mark Roots               207 us, parallelism: 1.33x
[458.922s][info ][gc,stats       ]   CMR: <total>                      276 us
[458.922s][info ][gc,stats       ]   CMR: Thread Roots                 230 us, workers (us):  76,  44,  72,  38, ---, ---, ---, ---, 
[458.922s][info ][gc,stats       ]   CMR: VM Strong Roots               10 us, workers (us):   7,   3,   0,   0, ---, ---, ---, ---, 
[458.922s][info ][gc,stats       ]   CMR: CLDG Roots                    35 us, workers (us):   2,  33, ---, ---, ---, ---, ---, ---, 
[458.922s][info ][gc,stats       ] Concurrent Marking                  794 us
[458.922s][info ][gc,stats       ] Pause Final Mark (G)                666 us
[458.922s][info ][gc,stats       ] Pause Final Mark (N)                504 us
[458.922s][info ][gc,stats       ]   Finish Mark                       318 us
[458.922s][info ][gc,stats       ]   Update Region States              106 us
[458.922s][info ][gc,stats       ]   Choose Collection Set              47 us
[458.922s][info ][gc,stats       ]   Rebuild Free Set                   10 us
[458.922s][info ][gc,stats       ] Concurrent Weak References          126 us, parallelism: 0.02x
[458.922s][info ][gc,stats       ]   CWRF: <total>                       2 us
[458.922s][info ][gc,stats       ]   CWRF: Weak References               2 us, workers (us):   2,   0,   0,   0, ---, ---, ---, ---, 
[458.922s][info ][gc,stats       ] Concurrent Weak Roots               462 us
[458.922s][info ][gc,stats       ]   Roots                             155 us, parallelism: 0.67x
[458.922s][info ][gc,stats       ]     CWR: <total>                    104 us
[458.922s][info ][gc,stats       ]     CWR: Code Cache Roots            76 us, workers (us):   0,  76,   0,   0, ---, ---, ---, ---, 
[458.922s][info ][gc,stats       ]     CWR: VM Weak Roots               27 us, workers (us):  19,   8,   0,   0, ---, ---, ---, ---, 
[458.922s][info ][gc,stats       ]     CWR: CLDG Roots                   1 us, workers (us):   1, ---, ---, ---, ---, ---, ---, ---, 
[458.922s][info ][gc,stats       ]   Rendezvous                        276 us
[458.922s][info ][gc,stats       ] Concurrent Cleanup                  109 us
[458.922s][info ][gc,stats       ] Concurrent Class Unloading          368 us
[458.922s][info ][gc,stats       ]   Unlink Stale                      197 us
[458.922s][info ][gc,stats       ]     System Dictionary                35 us
[458.922s][info ][gc,stats       ]     Weak Class Links                  1 us
[458.922s][info ][gc,stats       ]     Code Roots                      160 us
[458.922s][info ][gc,stats       ]   Rendezvous                         67 us
[458.922s][info ][gc,stats       ]   Purge Unlinked                     75 us
[458.922s][info ][gc,stats       ]     Code Roots                       61 us
[458.922s][info ][gc,stats       ]     CLDG                             14 us
[458.922s][info ][gc,stats       ]     Exception Caches                  0 us
[458.922s][info ][gc,stats       ] Pause Final Roots (G)               374 us
[458.922s][info ][gc,stats       ] Pause Final Roots (N)                33 us
[458.922s][info ][gc,stats       ] 
[458.922s][info ][gc,stats       ] Allocation pacing accrued:
[458.922s][info ][gc,stats       ]       0 of     7 ms (  0.0%): <total>
[458.922s][info ][gc,stats       ]       0 of     7 ms (  0.0%): <average total>
[458.922s][info ][gc,stats       ] 
[458.922s][info ][gc,metaspace   ] Metaspace: 253K(448K)->253K(448K) NonClass: 247K(320K)->247K(320K) Class: 5K(128K)->5K(128K)
[458.922s][info ][gc,ergo        ] Pacer for Idle. Initial: 41943K, Alloc Tax Rate: 1.0x
[458.923s][info ][gc             ] Trigger: Free (150M) is below minimum threshold (204M)
[458.923s][info ][gc,ergo        ] Free: 150M, Max: 1024K regular, 8192K humongous, Frag: 95% external, 0% internal; Reserve: 103M, Max: 1024K
[458.923s][info ][gc,start       ] GC(28564) Concurrent reset
[458.923s][info ][gc,task        ] GC(28564) Using 4 of 8 workers for concurrent reset
[458.923s][info ][gc,ergo        ] GC(28564) Pacer for Reset. Non-Taxable: 2048M
[458.925s][info ][gc             ] GC(28564) Concurrent reset 1.718ms
[458.925s][info ][gc,start       ] GC(28564) Pause Init Mark (unload classes)
[458.925s][info ][gc,task        ] GC(28564) Using 8 of 8 workers for init marking
[458.925s][info ][gc,ergo        ] GC(28564) Pacer for Mark. Expected Live: 899M, Free: 130M, Non-Taxable: 13361K, Alloc Tax Rate: 8.4x
[458.925s][info ][gc             ] GC(28564) Pause Init Mark (unload classes) 0.181ms
[458.925s][info ][gc,start       ] GC(28564) Concurrent marking roots
[458.925s][info ][gc,task        ] GC(28564) Using 4 of 8 workers for concurrent marking roots
[458.925s][info ][gc             ] GC(28564) Concurrent marking roots 0.177ms
[458.925s][info ][gc,start       ] GC(28564) Concurrent marking (unload classes)
[458.925s][info ][gc,task        ] GC(28564) Using 4 of 8 workers for concurrent marking
[458.926s][info ][gc             ] GC(28564) Concurrent marking (unload classes) 0.559ms
[458.926s][info ][gc,start       ] GC(28564) Pause Final Mark (unload classes)
[458.926s][info ][gc,task        ] GC(28564) Using 8 of 8 workers for final marking
[458.926s][info ][gc,ergo        ] GC(28564) Collectable Garbage: 40960K (100%), Immediate: 40960K (100%), CSet: 0B (0%)
[458.926s][info ][gc             ] GC(28564) Pause Final Mark (unload classes) 0.473ms
[458.927s][info ][gc,start       ] GC(28564) Concurrent weak references
[458.927s][info ][gc,task        ] GC(28564) Using 4 of 8 workers for concurrent weak references
[458.927s][info ][gc,ref         ] GC(28564) Encountered references: Soft: 7, Weak: 34, Final: 0, Phantom: 1
[458.927s][info ][gc,ref         ] GC(28564) Discovered  references: Soft: 0, Weak: 0, Final: 0, Phantom: 1
[458.927s][info ][gc,ref         ] GC(28564) Enqueued    references: Soft: 0, Weak: 0, Final: 0, Phantom: 0
[458.927s][info ][gc             ] GC(28564) Concurrent weak references 0.089ms
[458.927s][info ][gc,start       ] GC(28564) Concurrent weak roots
[458.927s][info ][gc,task        ] GC(28564) Using 4 of 8 workers for concurrent weak root
[458.927s][info ][gc             ] GC(28564) Concurrent weak roots 0.225ms
[458.927s][info ][gc,start       ] GC(28564) Concurrent cleanup
[458.927s][info ][gc             ] GC(28564) Concurrent cleanup 961M->921M(2048M) 0.094ms
[458.927s][info ][gc,ergo        ] GC(28564) Free: 174M, Max: 1024K regular, 8192K humongous, Frag: 96% external, 0% internal; Reserve: 103M, Max: 1024K
[458.927s][info ][gc,start       ] GC(28564) Concurrent class unloading
[458.927s][info ][gc,task        ] GC(28564) Using 4 of 8 workers for concurrent class unloading
[458.927s][debug][gc,phases,start] GC(28564) ClassLoaderData
[458.927s][debug][gc,phases      ] GC(28564) ClassLoaderData 0.005ms
[458.927s][debug][gc,phases,start] GC(28564) Trigger cleanups
[458.927s][debug][gc,phases      ] GC(28564) Trigger cleanups 0.003ms
[458.927s][info ][gc             ] GC(28564) Concurrent class unloading 0.285ms
[458.927s][info ][gc,start       ] GC(28564) Pause Final Roots
[458.927s][info ][gc             ] GC(28564) Pause Final Roots 0.010ms
[458.927s][debug][gc,ergo        ] GC(28564) Available: 174 MB, z-score=0.531. Average available: 150.9 MB +/- 45468.8 KB.
[458.927s][info ][gc,ergo        ] Free: 174M, Max: 1024K regular, 8192K humongous, Frag: 96% external, 0% internal; Reserve: 103M, Max: 1024K
[458.927s][info ][gc,stats       ] 
[458.927s][info ][gc,stats       ] All times are wall-clock times, except per-root-class counters, that are sum over
[458.927s][info ][gc,stats       ] all workers. Dividing the <total> over the root stage time estimates parallelism.
[458.927s][info ][gc,stats       ] 
[458.927s][info ][gc,stats       ] Concurrent Reset                   1734 us
[458.927s][info ][gc,stats       ] Pause Init Mark (G)                 257 us
[458.927s][info ][gc,stats       ] Pause Init Mark (N)                 187 us
[458.927s][info ][gc,stats       ]   Update Region States              145 us
[458.927s][info ][gc,stats       ] Concurrent Mark Roots               188 us, parallelism: 1.45x
[458.927s][info ][gc,stats       ]   CMR: <total>                      273 us
[458.927s][info ][gc,stats       ]   CMR: Thread Roots                 254 us, workers (us):  66,  70,  65,  52, ---, ---, ---, ---, 
[458.927s][info ][gc,stats       ]   CMR: VM Strong Roots                4 us, workers (us):   3,   0,   0,   0, ---, ---, ---, ---, 
[458.927s][info ][gc,stats       ]   CMR: CLDG Roots                    16 us, workers (us):  16, ---, ---, ---, ---, ---, ---, ---, 
[458.927s][info ][gc,stats       ] Concurrent Marking                  577 us
[458.927s][info ][gc,stats       ] Pause Final Mark (G)                771 us
[458.927s][info ][gc,stats       ] Pause Final Mark (N)                483 us
[458.927s][info ][gc,stats       ]   Finish Mark                       279 us
[458.927s][info ][gc,stats       ]   Update Region States              101 us
[458.927s][info ][gc,stats       ]   Choose Collection Set              45 us
[458.927s][info ][gc,stats       ]   Rebuild Free Set                   20 us
[458.927s][info ][gc,stats       ] Concurrent Weak References           93 us, parallelism: 0.01x
[458.927s][info ][gc,stats       ]   CWRF: <total>                       1 us
[458.927s][info ][gc,stats       ]   CWRF: Weak References               1 us, workers (us):   1,   0,   0,   0, ---, ---, ---, ---, 
[458.927s][info ][gc,stats       ] Concurrent Weak Roots               239 us
[458.927s][info ][gc,stats       ]   Roots                             120 us, parallelism: 0.49x
[458.927s][info ][gc,stats       ]     CWR: <total>                     59 us
[458.927s][info ][gc,stats       ]     CWR: Code Cache Roots            34 us, workers (us):  34,   0,   0,   0, ---, ---, ---, ---, 
[458.927s][info ][gc,stats       ]     CWR: VM Weak Roots               25 us, workers (us):  14,  10,   0,   0, ---, ---, ---, ---, 
[458.927s][info ][gc,stats       ]     CWR: CLDG Roots                   1 us, workers (us): ---,   1, ---, ---, ---, ---, ---, ---, 
[458.927s][info ][gc,stats       ]   Rendezvous                         95 us
[458.927s][info ][gc,stats       ] Concurrent Cleanup                   98 us
[458.927s][info ][gc,stats       ] Concurrent Class Unloading          302 us
[458.927s][info ][gc,stats       ]   Unlink Stale                      160 us
[458.927s][info ][gc,stats       ]     System Dictionary                15 us
[458.928s][info ][gc,stats       ]     Weak Class Links                  0 us
[458.928s][info ][gc,stats       ]     Code Roots                      145 us
[458.928s][info ][gc,stats       ]   Rendezvous                         46 us
[458.928s][info ][gc,stats       ]   Purge Unlinked                     70 us
[458.928s][info ][gc,stats       ]     Code Roots                       57 us
[458.928s][info ][gc,stats       ]     CLDG                             13 us
[458.928s][info ][gc,stats       ]     Exception Caches                  0 us
[458.928s][info ][gc,stats       ] Pause Final Roots (G)                61 us
[458.928s][info ][gc,stats       ] Pause Final Roots (N)                14 us
[458.928s][info ][gc,stats       ] Pacing                            11761 us
[458.928s][info ][gc,stats       ] 
[458.928s][info ][gc,stats       ] Allocation pacing accrued:
[458.928s][info ][gc,stats       ]       6 of     6 ms (104.5%): Thread-1
[458.928s][info ][gc,stats       ]       6 of     6 ms (101.7%): Thread-2
[458.928s][info ][gc,stats       ]      12 of     6 ms (206.2%): <total>
[458.928s][info ][gc,stats       ]       1 of     6 ms (  9.8%): <average total>
[458.928s][info ][gc,stats       ]       6 of     6 ms (103.1%): <average non-zero>
[458.928s][info ][gc,stats       ] 
[458.928s][info ][gc,metaspace   ] Metaspace: 253K(448K)->253K(448K) NonClass: 247K(320K)->247K(320K) Class: 5K(128K)->5K(128K)
[458.928s][info ][gc,ergo        ] Pacer for Idle. Initial: 41943K, Alloc Tax Rate: 1.0x
[458.929s][info ][gc             ] Trigger: Free (150M) is below minimum threshold (204M)
[458.929s][info ][gc,ergo        ] Free: 150M, Max: 1024K regular, 8192K humongous, Frag: 95% external, 0% internal; Reserve: 103M, Max: 1024K
[458.929s][info ][gc,start       ] GC(28565) Concurrent reset
[458.929s][info ][gc,task        ] GC(28565) Using 4 of 8 workers for concurrent reset
[458.929s][info ][gc,ergo        ] GC(28565) Pacer for Reset. Non-Taxable: 2048M
[458.931s][info ][gc             ] GC(28565) Concurrent reset 2.386ms
[458.931s][info ][gc,start       ] GC(28565) Pause Init Mark (unload classes)
[458.931s][info ][gc,task        ] GC(28565) Using 8 of 8 workers for init marking
[458.931s][info ][gc,ergo        ] GC(28565) Pacer for Mark. Expected Live: 895M, Free: 114M, Non-Taxable: 11723K, Alloc Tax Rate: 9.6x
[458.931s][info ][gc             ] GC(28565) Pause Init Mark (unload classes) 0.134ms
[458.931s][info ][gc,start       ] GC(28565) Concurrent marking roots
[458.931s][info ][gc,task        ] GC(28565) Using 4 of 8 workers for concurrent marking roots
[458.932s][info ][gc             ] GC(28565) Concurrent marking roots 0.186ms
[458.932s][info ][gc,start       ] GC(28565) Concurrent marking (unload classes)
[458.932s][info ][gc,task        ] GC(28565) Using 4 of 8 workers for concurrent marking
[458.932s][info ][gc             ] GC(28565) Concurrent marking (unload classes) 0.509ms
[458.932s][info ][gc,start       ] GC(28565) Pause Final Mark (unload classes)
[458.932s][info ][gc,task        ] GC(28565) Using 8 of 8 workers for final marking
[458.933s][info ][gc,ergo        ] GC(28565) Collectable Garbage: 58368K (100%), Immediate: 58368K (100%), CSet: 0B (0%)
[458.933s][info ][gc             ] GC(28565) Pause Final Mark (unload classes) 0.461ms
[458.933s][info ][gc,start       ] GC(28565) Concurrent weak references
[458.933s][info ][gc,task        ] GC(28565) Using 4 of 8 workers for concurrent weak references
[458.933s][info ][gc,ref         ] GC(28565) Encountered references: Soft: 7, Weak: 34, Final: 0, Phantom: 1
[458.933s][info ][gc,ref         ] GC(28565) Discovered  references: Soft: 0, Weak: 1, Final: 0, Phantom: 1
[458.933s][info ][gc,ref         ] GC(28565) Enqueued    references: Soft: 0, Weak: 0, Final: 0, Phantom: 0
[458.933s][info ][gc             ] GC(28565) Concurrent weak references 0.079ms
[458.933s][info ][gc,start       ] GC(28565) Concurrent weak roots
[458.933s][info ][gc,task        ] GC(28565) Using 4 of 8 workers for concurrent weak root
[458.933s][info ][gc             ] GC(28565) Concurrent weak roots 0.202ms
[458.933s][info ][gc,start       ] GC(28565) Concurrent cleanup
[458.933s][info ][gc             ] GC(28565) Concurrent cleanup 961M->904M(2048M) 0.097ms
[458.933s][info ][gc,ergo        ] GC(28565) Free: 199M, Max: 1024K regular, 11264K humongous, Frag: 95% external, 0% internal; Reserve: 103M, Max: 1024K
[458.933s][info ][gc,start       ] GC(28565) Concurrent class unloading
[458.933s][info ][gc,task        ] GC(28565) Using 4 of 8 workers for concurrent class unloading
[458.933s][debug][gc,phases,start] GC(28565) ClassLoaderData
[458.933s][debug][gc,phases      ] GC(28565) ClassLoaderData 0.005ms
[458.933s][debug][gc,phases,start] GC(28565) Trigger cleanups
[458.933s][debug][gc,phases      ] GC(28565) Trigger cleanups 0.006ms
[458.933s][info ][gc             ] GC(28565) Concurrent class unloading 0.320ms
[458.933s][info ][gc,start       ] GC(28565) Pause Final Roots
[458.933s][info ][gc             ] GC(28565) Pause Final Roots 0.010ms
[458.933s][debug][gc,ergo        ] GC(28565) Available: 199 MB, z-score=1.043. Average available: 165.4 MB +/- 33469.1 KB.
[458.933s][info ][gc,ergo        ] Free: 199M, Max: 1024K regular, 11264K humongous, Frag: 95% external, 0% internal; Reserve: 103M, Max: 1024K
[458.933s][info ][gc,stats       ] 
[458.933s][info ][gc,stats       ] All times are wall-clock times, except per-root-class counters, that are sum over
[458.933s][info ][gc,stats       ] all workers. Dividing the <total> over the root stage time estimates parallelism.
[458.933s][info ][gc,stats       ] 
[458.934s][info ][gc,stats       ] Concurrent Reset                   2406 us
[458.934s][info ][gc,stats       ] Pause Init Mark (G)                 218 us
[458.934s][info ][gc,stats       ] Pause Init Mark (N)                 139 us
[458.934s][info ][gc,stats       ]   Update Region States              105 us
[458.934s][info ][gc,stats       ] Concurrent Mark Roots               199 us, parallelism: 1.25x
[458.934s][info ][gc,stats       ]   CMR: <total>                      249 us
[458.934s][info ][gc,stats       ]   CMR: Thread Roots                 222 us, workers (us):  79,  91,  52,   0, ---, ---, ---, ---, 
[458.934s][info ][gc,stats       ]   CMR: VM Strong Roots                3 us, workers (us):   3,   0,   0,   0, ---, ---, ---, ---, 
[458.934s][info ][gc,stats       ]   CMR: CLDG Roots                    23 us, workers (us):  23,   0, ---, ---, ---, ---, ---, ---, 
[458.934s][info ][gc,stats       ] Concurrent Marking                  524 us
[458.934s][info ][gc,stats       ] Pause Final Mark (G)                541 us
[458.934s][info ][gc,stats       ] Pause Final Mark (N)                466 us
[458.934s][info ][gc,stats       ]   Finish Mark                       303 us
[458.934s][info ][gc,stats       ]   Update Region States               98 us
[458.934s][info ][gc,stats       ]   Choose Collection Set              35 us
[458.934s][info ][gc,stats       ]   Rebuild Free Set                    7 us
[458.934s][info ][gc,stats       ] Concurrent Weak References           83 us, parallelism: 0.01x
[458.934s][info ][gc,stats       ]   CWRF: <total>                       1 us
[458.934s][info ][gc,stats       ]   CWRF: Weak References               1 us, workers (us):   1,   0,   0,   0, ---, ---, ---, ---, 
[458.934s][info ][gc,stats       ] Concurrent Weak Roots               211 us
[458.934s][info ][gc,stats       ]   Roots                              81 us, parallelism: 0.53x
[458.934s][info ][gc,stats       ]     CWR: <total>                     43 us
[458.934s][info ][gc,stats       ]     CWR: Code Cache Roots            25 us, workers (us):   0,  25,   0,   0, ---, ---, ---, ---, 
[458.934s][info ][gc,stats       ]     CWR: VM Weak Roots               17 us, workers (us):  12,   5,   0,   0, ---, ---, ---, ---, 
[458.934s][info ][gc,stats       ]     CWR: CLDG Roots                   1 us, workers (us):   1, ---, ---, ---, ---, ---, ---, ---, 
[458.934s][info ][gc,stats       ]   Rendezvous                        112 us
[458.934s][info ][gc,stats       ] Concurrent Cleanup                  104 us
[458.934s][info ][gc,stats       ] Concurrent Class Unloading          332 us
[458.934s][info ][gc,stats       ]   Unlink Stale                      188 us
[458.934s][info ][gc,stats       ]     System Dictionary                45 us
[458.934s][info ][gc,stats       ]     Weak Class Links                  0 us
[458.934s][info ][gc,stats       ]     Code Roots                      142 us
[458.934s][info ][gc,stats       ]   Rendezvous                         63 us
[458.934s][info ][gc,stats       ]   Purge Unlinked                     59 us
[458.934s][info ][gc,stats       ]     Code Roots                       48 us
[458.934s][info ][gc,stats       ]     CLDG                             11 us
[458.934s][info ][gc,stats       ]     Exception Caches                  0 us
[458.934s][info ][gc,stats       ] Pause Final Roots (G)                72 us
[458.934s][info ][gc,stats       ] Pause Final Roots (N)                15 us
[458.934s][info ][gc,stats       ] 
[458.934s][info ][gc,stats       ] Allocation pacing accrued:
[458.934s][info ][gc,stats       ]       0 of     6 ms (  0.0%): <total>
[458.934s][info ][gc,stats       ]       0 of     6 ms (  0.0%): <average total>
[458.934s][info ][gc,stats       ] 
[458.934s][info ][gc,metaspace   ] Metaspace: 253K(448K)->253K(448K) NonClass: 247K(320K)->247K(320K) Class: 5K(128K)->5K(128K)
[458.934s][info ][gc,ergo        ] Pacer for Idle. Initial: 41943K, Alloc Tax Rate: 1.0x
[458.935s][info ][gc             ] Trigger: Free (195M) is below minimum threshold (204M)
[458.935s][info ][gc,ergo        ] Free: 193M, Max: 1024K regular, 11264K humongous, Frag: 95% external, 0% internal; Reserve: 103M, Max: 1024K
[458.935s][info ][gc,start       ] GC(28566) Concurrent reset
[458.935s][info ][gc,task        ] GC(28566) Using 4 of 8 workers for concurrent reset
[458.935s][info ][gc,ergo        ] GC(28566) Pacer for Reset. Non-Taxable: 2048M
[458.935s][info ][gc             ] Failed to allocate Shared, 100M
[458.935s][info ][gc             ] Cancelling GC: Allocation Failure
[458.937s][info ][gc             ] GC(28566) Concurrent reset 1.845ms
[458.937s][info ][gc,start       ] GC(28566) Pause Init Mark (unload classes)
[458.937s][info ][gc,task        ] GC(28566) Using 8 of 8 workers for init marking
[458.937s][info ][gc,ergo        ] GC(28566) Pacer for Mark. Expected Live: 892M, Free: 159M, Non-Taxable: 16331K, Alloc Tax Rate: 6.8x
[458.937s][info ][gc             ] GC(28566) Pause Init Mark (unload classes) 0.139ms
[458.937s][info ][gc,start       ] GC(28566) Concurrent marking roots
[458.937s][info ][gc,task        ] GC(28566) Using 4 of 8 workers for concurrent marking roots
[458.937s][info ][gc             ] GC(28566) Concurrent marking roots 0.173ms
[458.937s][info ][gc,ergo        ] Free: 155M, Max: 1024K regular, 8192K humongous, Frag: 95% external, 0% internal; Reserve: 103M, Max: 1024K
[458.937s][info ][gc,stats       ] 
[458.937s][info ][gc,stats       ] All times are wall-clock times, except per-root-class counters, that are sum over
[458.937s][info ][gc,stats       ] all workers. Dividing the <total> over the root stage time estimates parallelism.
[458.937s][info ][gc,stats       ] 
[458.937s][info ][gc,stats       ] Concurrent Reset                   1868 us
[458.937s][info ][gc,stats       ] Pause Init Mark (G)                 355 us
[458.937s][info ][gc,stats       ] Pause Init Mark (N)                 145 us
[458.937s][info ][gc,stats       ]   Update Region States              109 us
[458.937s][info ][gc,stats       ] Concurrent Mark Roots               189 us, parallelism: 1.17x
[458.937s][info ][gc,stats       ]   CMR: <total>                      221 us
[458.937s][info ][gc,stats       ]   CMR: Thread Roots                 201 us, workers (us):  55,  70,  38,  38, ---, ---, ---, ---, 
[458.937s][info ][gc,stats       ]   CMR: VM Strong Roots                5 us, workers (us):   2,   2,   0,   0, ---, ---, ---, ---, 
[458.937s][info ][gc,stats       ]   CMR: CLDG Roots                    15 us, workers (us):  15,   1, ---, ---, ---, ---, ---, ---, 
[458.937s][info ][gc,stats       ] Pacing                            23931 us
[458.937s][info ][gc,stats       ] 
[458.937s][info ][gc,stats       ] Allocation pacing accrued:
[458.937s][info ][gc,stats       ]       3 of     4 ms ( 92.5%): main
[458.937s][info ][gc,stats       ]       2 of     4 ms ( 58.3%): Thread-0
[458.937s][info ][gc,stats       ]       2 of     4 ms ( 60.5%): Thread-1
[458.937s][info ][gc,stats       ]       2 of     4 ms ( 61.4%): Thread-2
[458.937s][info ][gc,stats       ]       2 of     4 ms ( 42.6%): Thread-3
[458.937s][info ][gc,stats       ]       2 of     4 ms ( 59.4%): Thread-4
[458.937s][info ][gc,stats       ]       2 of     4 ms ( 55.0%): Thread-5
[458.937s][info ][gc,stats       ]       2 of     4 ms ( 58.1%): Thread-6
[458.937s][info ][gc,stats       ]       2 of     4 ms ( 51.8%): Thread-7
[458.937s][info ][gc,stats       ]       2 of     4 ms ( 60.7%): Thread-8
[458.937s][info ][gc,stats       ]       2 of     4 ms ( 58.9%): Thread-9
[458.937s][info ][gc,stats       ]      24 of     4 ms (659.1%): <total>
[458.937s][info ][gc,stats       ]       1 of     4 ms ( 31.4%): <average total>
[458.937s][info ][gc,stats       ]       2 of     4 ms ( 59.9%): <average non-zero>
[458.937s][info ][gc,stats       ] 
[458.937s][info ][gc,metaspace   ] Metaspace: 253K(448K)->253K(448K) NonClass: 247K(320K)->247K(320K) Class: 5K(128K)->5K(128K)
[458.937s][info ][gc,ergo        ] Pacer for Idle. Initial: 41943K, Alloc Tax Rate: 1.0x
[458.938s][info ][gc             ] Trigger: Handle Allocation Failure
[458.938s][info ][gc,ergo        ] Free: 133M, Max: 1024K regular, 8192K humongous, Frag: 94% external, 0% internal; Reserve: 103M, Max: 1024K
[458.939s][info ][gc,start       ] GC(28567) Pause Degenerated GC (Outside of Cycle)
[458.939s][info ][gc,task        ] GC(28567) Using 8 of 8 workers for stw degenerated gc
[458.940s][info ][gc,ref         ] GC(28567) Clearing All SoftReferences
[458.941s][info ][gc,ref         ] GC(28567) Encountered references: Soft: 7, Weak: 34, Final: 0, Phantom: 1
[458.941s][info ][gc,ref         ] GC(28567) Discovered  references: Soft: 4, Weak: 9, Final: 0, Phantom: 1
[458.941s][info ][gc,ref         ] GC(28567) Enqueued    references: Soft: 0, Weak: 0, Final: 0, Phantom: 0
[458.941s][debug][gc,phases,start] GC(28567) ClassLoaderData
[458.941s][debug][gc,phases      ] GC(28567) ClassLoaderData 0.010ms
[458.941s][debug][gc,phases,start] GC(28567) Trigger cleanups
[458.941s][debug][gc,phases      ] GC(28567) Trigger cleanups 0.005ms
[458.941s][info ][gc,ergo        ] GC(28567) Adaptive CSet Selection. Target Free: 290M, Actual Free: 236M, Max CSet: 87381K, Min Garbage: 55432K
[458.941s][info ][gc,ergo        ] GC(28567) Collectable Garbage: 0B (0%), Immediate: 0B (0%), CSet: 0B (0%)
[458.944s][info ][gc,ergo        ] GC(28567) Good progress for free space: 133M, need 20971K
[458.944s][info ][gc,ergo        ] GC(28567) Bad progress for used space: 0B, need 1024K
[458.944s][info ][gc,ergo        ] GC(28567) Bad progress for internal fragmentation: -nan%, need 1.0%
[458.944s][info ][gc,ergo        ] GC(28567) Bad progress for external fragmentation: 0.0%, need 1.0%
[458.944s][info ][gc             ] GC(28567) Cancelling GC: Upgrade To Full GC
[458.945s][info ][gc,phases,start] GC(28567) Phase 1: Mark live objects
[458.945s][info ][gc,ref         ] GC(28567) Clearing All SoftReferences
[458.945s][info ][gc,ref         ] GC(28567) Clearing All SoftReferences
[458.945s][info ][gc,ref         ] GC(28567) Encountered references: Soft: 7, Weak: 34, Final: 0, Phantom: 1
[458.945s][info ][gc,ref         ] GC(28567) Discovered  references: Soft: 4, Weak: 1, Final: 0, Phantom: 1
[458.945s][info ][gc,ref         ] GC(28567) Enqueued    references: Soft: 0, Weak: 0, Final: 0, Phantom: 0
[458.945s][debug][gc,phases,start] GC(28567) ClassLoaderData
[458.945s][debug][gc,phases      ] GC(28567) ClassLoaderData 0.010ms
[458.945s][debug][gc,phases,start] GC(28567) Trigger cleanups
[458.945s][debug][gc,phases      ] GC(28567) Trigger cleanups 0.003ms
[458.945s][info ][gc,phases      ] GC(28567) Phase 1: Mark live objects 0.834ms
[458.945s][info ][gc,phases,start] GC(28567) Phase 2: Compute new object addresses
[458.946s][info ][gc,phases      ] GC(28567) Phase 2: Compute new object addresses 0.425ms
[458.946s][info ][gc,phases,start] GC(28567) Phase 3: Adjust pointers
[458.947s][info ][gc,phases      ] GC(28567) Phase 3: Adjust pointers 1.292ms
[458.947s][info ][gc,phases,start] GC(28567) Phase 4: Move objects
[459.047s][info ][gc,phases      ] GC(28567) Phase 4: Move objects 99.283ms
[459.047s][info ][gc,ergo        ] GC(28567) Good progress for free space: 133M, need 20971K
[459.047s][info ][gc,ergo        ] GC(28567) Bad progress for used space: 496K, need 1024K
[459.047s][info ][gc,ergo        ] GC(28567) Bad progress for internal fragmentation: -nan%, need 1.0%
[459.047s][info ][gc,ergo        ] GC(28567) Good progress for external fragmentation: 91.7%, need 1.0%
[459.047s][info ][gc             ] GC(28567) Pause Degenerated GC (Outside of Cycle) 937M->937M(2048M) 108.413ms
[459.047s][debug][gc,ergo        ] GC(28567) Margin of error now 3.29
[459.048s][debug][gc,ergo        ] GC(28567) Spike threshold now: 0.32
[459.048s][info ][gc,ergo        ] Free: 113M, Max: 1024K regular, 112M humongous, Frag: 1% external, 0% internal; Reserve: 103M, Max: 1024K
[459.048s][info ][gc,stats       ] 
[459.048s][info ][gc,stats       ] All times are wall-clock times, except per-root-class counters, that are sum over
[459.048s][info ][gc,stats       ] all workers. Dividing the <total> over the root stage time estimates parallelism.
[459.048s][info ][gc,stats       ] 
[459.048s][info ][gc,stats       ] Pause Degenerated GC (G)         109009 us
[459.048s][info ][gc,stats       ] Pause Degenerated GC (N)         108421 us
[459.048s][info ][gc,stats       ]   Degen STW Mark                    487 us, parallelism: 5.60x
[459.048s][info ][gc,stats       ]     DSM: <total>                   2729 us
[459.048s][info ][gc,stats       ]     DSM: Thread Roots                64 us, workers (us):  30,  19,  12,   1,   1,   0,   1,   0, 
[459.048s][info ][gc,stats       ]     DSM: VM Strong Roots              3 us, workers (us):   0,   1,   1,   0,   0,   0,   0,   0, 
[459.048s][info ][gc,stats       ]     DSM: CLDG Roots                  17 us, workers (us):  15,   0,   0,   0,   1,   0,   1,   0, 
[459.048s][info ][gc,stats       ]     DSM: Parallel Mark             2645 us, workers (us): 323, 311, 368, 362, 361, 316, 280, 325, 
[459.048s][info ][gc,stats       ]     System Purge                    387 us
[459.048s][info ][gc,stats       ]       Weak References               125 us, parallelism: 0.02x
[459.048s][info ][gc,stats       ]         WRP: <total>                  2 us
[459.048s][info ][gc,stats       ]         WRP: Weak References          2 us, workers (us):   2,   0,   0,   0,   0,   0,   0,   0, 
[459.048s][info ][gc,stats       ]       Unload Classes                131 us, parallelism: 1.24x
[459.048s][info ][gc,stats       ]         DCU: <total>                163 us
[459.048s][info ][gc,stats       ]         DCU: Unload Code Caches      163 us, workers (us):  55,  45,  41,  15,   7,   0,   0,   0, 
[459.048s][info ][gc,stats       ]       Weak Roots                    129 us, parallelism: 0.16x
[459.048s][info ][gc,stats       ]         DWR: <total>                 20 us
[459.048s][info ][gc,stats       ]         DWR: VM Weak Roots           20 us, workers (us):  14,   1,   1,   1,   1,   1,   0,   1, 
[459.048s][info ][gc,stats       ]       CLDG                            0 us
[459.048s][info ][gc,stats       ]   Update Region States              104 us
[459.048s][info ][gc,stats       ]   Manage GC/TLABs                     2 us
[459.048s][info ][gc,stats       ]   Choose Collection Set              29 us
[459.048s][info ][gc,stats       ]   Rebuild Free Set                    9 us
[459.048s][info ][gc,stats       ]   Evacuation                        531 us
[459.048s][info ][gc,stats       ]   Manage GCLABs                       2 us
[459.048s][info ][gc,stats       ]   Update References                1686 us
[459.048s][info ][gc,stats       ]   Update Region States              107 us
[459.048s][info ][gc,stats       ]   Trash Collection Set                2 us
[459.048s][info ][gc,stats       ]   Rebuild Free Set                   11 us
[459.048s][info ][gc,stats       ]   Degen Update Roots                270 us, parallelism: 1.32x
[459.048s][info ][gc,stats       ]     DU: <total>                     355 us
[459.048s][info ][gc,stats       ]     DU: Thread Roots                154 us, workers (us):   0,  32,  39,  37,  30,  17,   0,   0, 
[459.048s][info ][gc,stats       ]     DU: Code Cache Roots            152 us, workers (us): 151,   0,   0,   0,   0,   0,   0,   0, 
[459.048s][info ][gc,stats       ]     DU: VM Strong Roots               5 us, workers (us):   3,   0,   0,   0,   0,   0,   0,   0, 
[459.048s][info ][gc,stats       ]     DU: VM Weak Roots                26 us, workers (us):  11,  11,   1,   1,   1,   0,   0,   0, 
[459.048s][info ][gc,stats       ]     DU: CLDG Roots                   19 us, workers (us):   2,  14,   1,   1,   1,   0,   0,   0, 
[459.048s][info ][gc,stats       ]   Cleanup                            83 us
[459.048s][info ][gc,stats       ]   Pre Heap Dump                       1 us
[459.048s][info ][gc,stats       ]   Prepare                           734 us
[459.048s][info ][gc,stats       ]   Mark                              797 us, parallelism: 3.21x
[459.048s][info ][gc,stats       ]     FM: <total>                    2561 us
[459.048s][info ][gc,stats       ]     FM: Thread Roots                 65 us, workers (us):  29,  21,  12,   1,   1,   1,   2,   0, 
[459.048s][info ][gc,stats       ]     FM: VM Strong Roots               4 us, workers (us):   2,   0,   1,   0,   0,   0,   0,   0, 
[459.048s][info ][gc,stats       ]     FM: CLDG Roots                   20 us, workers (us):   0,  17,   0,   1,   0,   0,   1,   0, 
[459.048s][info ][gc,stats       ]     FM: Parallel Mark              2471 us, workers (us): 335, 291, 319, 342, 292, 307, 300, 285, 
[459.048s][info ][gc,stats       ]     System Purge                    337 us
[459.048s][info ][gc,stats       ]       Weak References               121 us, parallelism: 0.02x
[459.048s][info ][gc,stats       ]         WRP: <total>                  2 us
[459.048s][info ][gc,stats       ]         WRP: Weak References          2 us, workers (us):   1,   0,   0,   0,   0,   0,   0,   0, 
[459.048s][info ][gc,stats       ]       Unload Classes                122 us, parallelism: 1.17x
[459.048s][info ][gc,stats       ]         CU: <total>                 142 us
[459.048s][info ][gc,stats       ]         CU: Unload Code Caches      142 us, workers (us):  48,  41,  33,  14,   6,   0,   0,   0, 
[459.048s][info ][gc,stats       ]       Weak Roots                     91 us, parallelism: 0.23x
[459.048s][info ][gc,stats       ]         WR: <total>                  21 us
[459.048s][info ][gc,stats       ]         WR: VM Weak Roots            21 us, workers (us):  15,   1,   0,   1,   1,   1,   0,   1, 
[459.048s][info ][gc,stats       ]       CLDG                            1 us
[459.048s][info ][gc,stats       ]   Calculate Addresses               421 us
[459.048s][info ][gc,stats       ]     Regular Objects                 291 us
[459.048s][info ][gc,stats       ]     Humongous Objects                92 us
[459.048s][info ][gc,stats       ]   Adjust Pointers                  1286 us
[459.048s][info ][gc,stats       ]     FA: <total>                     162 us
[459.048s][info ][gc,stats       ]     FA: Thread Roots                 39 us, workers (us):  15,   0,  22,   0,   0,   0,   0,   0, 
[459.048s][info ][gc,stats       ]     FA: Code Cache Roots             88 us, workers (us):   0,  87,   0,   0,   0,   0,   0,   0, 
[459.048s][info ][gc,stats       ]     FA: VM Strong Roots               3 us, workers (us):   2,   0,   0,   0,   0,   0,   0,   0, 
[459.048s][info ][gc,stats       ]     FA: VM Weak Roots                21 us, workers (us):  10,  10,   0,   0,   0,   0,   0,   0, 
[459.048s][info ][gc,stats       ]     FA: CLDG Roots                   11 us, workers (us):   9,   1,   0,   0,   0,   0,   0,   0, 
[459.048s][info ][gc,stats       ]   Copy Objects                    99277 us
[459.048s][info ][gc,stats       ]     Regular Objects                 270 us
[459.048s][info ][gc,stats       ]     Humongous Objects             97341 us
[459.048s][info ][gc,stats       ]     Reset Complete Bitmap          1556 us
[459.049s][info ][gc,stats       ]     Rebuild Region Sets             108 us
[459.049s][info ][gc,stats       ]   Post Heap Dump                      1 us
[459.049s][info ][gc,stats       ] 
[459.049s][info ][gc             ] Failed to allocate Shared, 1024K
[459.049s][info ][gc             ] Cancelling GC: Allocation Failure
[459.049s][info ][gc,stats       ] Allocation pacing accrued:
[459.049s][info ][gc,stats       ]       0 of   111 ms (  0.0%): <total>
[459.049s][info ][gc,stats       ]       0 of   111 ms (  0.0%): <average total>
[459.049s][info ][gc,stats       ] 
[459.049s][info ][gc,metaspace   ] Metaspace: 253K(448K)->253K(448K) NonClass: 247K(320K)->247K(320K) Class: 5K(128K)->5K(128K)
[459.049s][info ][gc,ergo        ] Pacer for Idle. Initial: 41943K, Alloc Tax Rate: 1.0x
[459.050s][info ][gc             ] Trigger: Handle Allocation Failure
[459.050s][info ][gc,ergo        ] Free: 2544K, Max: 1024K regular, 1024K humongous, Frag: 50% external, 17% internal; Reserve: 103M, Max: 1024K
[459.053s][info ][gc,start       ] GC(28568) Pause Degenerated GC (Outside of Cycle)
[459.053s][info ][gc,task        ] GC(28568) Using 8 of 8 workers for stw degenerated gc
[459.054s][info ][gc,ref         ] GC(28568) Clearing All SoftReferences
[459.055s][info ][gc,ref         ] GC(28568) Encountered references: Soft: 7, Weak: 34, Final: 0, Phantom: 1
[459.055s][info ][gc,ref         ] GC(28568) Discovered  references: Soft: 4, Weak: 17, Final: 0, Phantom: 1
[459.055s][info ][gc,ref         ] GC(28568) Enqueued    references: Soft: 0, Weak: 0, Final: 0, Phantom: 0
[459.056s][debug][gc,phases,start] GC(28568) ClassLoaderData
[459.056s][debug][gc,phases      ] GC(28568) ClassLoaderData 0.051ms
[459.056s][debug][gc,phases,start] GC(28568) Trigger cleanups
[459.056s][debug][gc,phases      ] GC(28568) Trigger cleanups 0.017ms
[459.056s][info ][gc,ergo        ] GC(28568) Adaptive CSet Selection. Target Free: 290M, Actual Free: 105M, Max CSet: 87381K, Min Garbage: 185M
[459.056s][info ][gc,ergo        ] GC(28568) Collectable Garbage: 0B (0%), Immediate: 0B (0%), CSet: 0B (0%)
[459.059s][info ][gc,ergo        ] GC(28568) Bad progress for free space: 2048K, need 20971K
[459.059s][info ][gc             ] GC(28568) Cancelling GC: Upgrade To Full GC
[459.060s][info ][gc,phases,start] GC(28568) Phase 1: Mark live objects
[459.061s][info ][gc,ref         ] GC(28568) Clearing All SoftReferences
[459.061s][info ][gc,ref         ] GC(28568) Clearing All SoftReferences
[459.061s][info ][gc,ref         ] GC(28568) Encountered references: Soft: 7, Weak: 34, Final: 0, Phantom: 1
[459.061s][info ][gc,ref         ] GC(28568) Discovered  references: Soft: 4, Weak: 4, Final: 0, Phantom: 0
[459.061s][info ][gc,ref         ] GC(28568) Enqueued    references: Soft: 0, Weak: 0, Final: 0, Phantom: 0
[459.062s][debug][gc,phases,start] GC(28568) ClassLoaderData
[459.062s][debug][gc,phases      ] GC(28568) ClassLoaderData 0.017ms
[459.062s][debug][gc,phases,start] GC(28568) Trigger cleanups
[459.062s][debug][gc,phases      ] GC(28568) Trigger cleanups 0.008ms
[459.062s][info ][gc,phases      ] GC(28568) Phase 1: Mark live objects 1.278ms
[459.062s][info ][gc,phases,start] GC(28568) Phase 2: Compute new object addresses
[459.062s][info ][gc,phases      ] GC(28568) Phase 2: Compute new object addresses 0.504ms
[459.062s][info ][gc,phases,start] GC(28568) Phase 3: Adjust pointers
[459.064s][info ][gc,phases      ] GC(28568) Phase 3: Adjust pointers 1.357ms
[459.064s][info ][gc,phases,start] GC(28568) Phase 4: Move objects
[459.123s][info ][gc,phases      ] GC(28568) Phase 4: Move objects 58.840ms
[459.123s][info ][gc,ergo        ] GC(28568) Bad progress for free space: 2544K, need 20971K
[459.123s][info ][gc             ] GC(28568) Pause Degenerated GC (Outside of Cycle) 1052M->1052M(2048M) 69.928ms
[459.123s][debug][gc,ergo        ] GC(28568) Margin of error now 3.29
[459.123s][debug][gc,ergo        ] GC(28568) Spike threshold now: 0.32
[459.123s][info ][gc,ergo        ] Free: 2544K, Max: 1024K regular, 2048K humongous, Frag: 0% external, 17% internal; Reserve: 103M, Max: 1024K
[459.123s][info ][gc,stats       ] 
[459.123s][info ][gc,stats       ] All times are wall-clock times, except per-root-class counters, that are sum over
[459.123s][info ][gc,stats       ] all workers. Dividing the <total> over the root stage time estimates parallelism.
[459.123s][info ][gc,stats       ] 
[459.123s][info ][gc,stats       ] Pause Degenerated GC (G)          72444 us
[459.123s][info ][gc             ] Failed to allocate Shared, 1024K
[459.123s][info ][gc             ] Cancelling GC: Allocation Failure
[459.123s][info ][gc,stats       ] Pause Degenerated GC (N)          69936 us
[459.123s][info ][gc,stats       ]   Degen STW Mark                    862 us, parallelism: 3.67x
[459.123s][info ][gc,stats       ]     DSM: <total>                   3162 us
[459.123s][info ][gc,stats       ]     DSM: Thread Roots                88 us, workers (us):  62,  21,   0,   1,   1,   1,   1,   1, 
[459.123s][info ][gc,stats       ]     DSM: VM Strong Roots              3 us, workers (us):   0,   2,   0,   0,   0,   0,   0,   0, 
[459.123s][info ][gc,stats       ]     DSM: CLDG Roots                  19 us, workers (us):  16,   1,   0,   0,   0,   0,   0,   1, 
[459.123s][info ][gc,stats       ]     DSM: Parallel Mark             3051 us, workers (us): 522, 538, 501, 383, 355, 342, 239, 171, 
[459.123s][info ][gc,stats       ]     System Purge                   1536 us
[459.123s][info ][gc,stats       ]       Weak References               501 us, parallelism: 0.01x
[459.123s][info ][gc,stats       ]         WRP: <total>                  3 us
[459.123s][info ][gc,stats       ]         WRP: Weak References          3 us, workers (us):   2,   0,   0,   0,   0,   0,   0,   0, 
[459.123s][info ][gc,stats       ]       Unload Classes                510 us, parallelism: 0.32x
[459.123s][info ][gc,stats       ]         DCU: <total>                165 us
[459.123s][info ][gc,stats       ]         DCU: Unload Code Caches      165 us, workers (us): 128,  36,   0,   0,   0,   0,   0,   0, 
[459.123s][info ][gc,stats       ]       Weak Roots                    520 us, parallelism: 0.04x
[459.123s][info ][gc,stats       ]         DWR: <total>                 19 us
[459.123s][info ][gc,stats       ]         DWR: VM Weak Roots           19 us, workers (us):  15,   0,   0,   1,   0,   0,   1,   1, 
[459.123s][info ][gc,stats       ]       CLDG                            2 us
[459.123s][info ][gc,stats       ]   Update Region States              386 us
[459.123s][info ][gc,stats       ]   Manage GC/TLABs                     5 us
[459.123s][info ][gc,stats       ]   Choose Collection Set             122 us
[459.123s][info ][gc,stats       ]   Rebuild Free Set                   37 us
[459.123s][info ][gc,stats       ]   Evacuation                        437 us
[459.123s][info ][gc,stats       ]   Manage GCLABs                       4 us
[459.123s][info ][gc,stats       ]   Update References                1415 us
[459.123s][info ][gc,stats       ]   Update Region States              151 us
[459.123s][info ][gc,stats       ]   Trash Collection Set                3 us
[459.123s][info ][gc,stats       ]   Rebuild Free Set                   12 us
[459.123s][info ][gc,stats       ]   Degen Update Roots                308 us, parallelism: 1.24x
[459.123s][info ][gc,stats       ]     DU: <total>                     383 us
[459.123s][info ][gc,stats       ]     DU: Thread Roots                143 us, workers (us):  43,   0,  58,  41,   0,   0,   0,   0, 
[459.123s][info ][gc,stats       ]     DU: Code Cache Roots            190 us, workers (us):   0, 189,   0,   0,   0,   0,   0,   0, 
[459.123s][info ][gc,stats       ]     DU: VM Strong Roots               5 us, workers (us):   4,   0,   0,   0,   0,   0,   0,   0, 
[459.123s][info ][gc,stats       ]     DU: VM Weak Roots                24 us, workers (us):  13,  10,   0,   0,   0,   0,   0,   0, 
[459.123s][info ][gc,stats       ]     DU: CLDG Roots                   20 us, workers (us):  16,   2,   2,   0,   0,   0,   0,   0, 
[459.123s][info ][gc,stats       ]   Cleanup                            87 us
[459.123s][info ][gc,stats       ]   Pre Heap Dump                       1 us
[459.123s][info ][gc,stats       ]   Prepare                          1233 us
[459.123s][info ][gc,stats       ]   Mark                             1231 us, parallelism: 2.42x
[459.123s][info ][gc,stats       ]     FM: <total>                    2975 us
[459.123s][info ][gc,stats       ]     FM: Thread Roots                 57 us, workers (us):  26,  16,  11,   0,   1,   0,   1,   1, 
[459.123s][info ][gc,stats       ]     FM: VM Strong Roots               3 us, workers (us):   1,   0,   1,   0,   0,   0,   0,   0, 
[459.123s][info ][gc,stats       ]     FM: CLDG Roots                   14 us, workers (us):   0,  11,   0,   0,   1,   0,   0,   1, 
[459.123s][info ][gc,stats       ]     FM: Parallel Mark              2901 us, workers (us): 414, 439, 433, 457, 327, 299, 258, 272, 
[459.123s][info ][gc,stats       ]     System Purge                    606 us
[459.123s][info ][gc,stats       ]       Weak References               196 us, parallelism: 0.01x
[459.123s][info ][gc,stats       ]         WRP: <total>                  2 us
[459.123s][info ][gc,stats       ]         WRP: Weak References          2 us, workers (us):   1,   0,   0,   0,   0,   0,   0,   0, 
[459.123s][info ][gc,stats       ]       Unload Classes                243 us, parallelism: 0.55x
[459.123s][info ][gc,stats       ]         CU: <total>                 134 us
[459.123s][info ][gc,stats       ]         CU: Unload Code Caches      134 us, workers (us):  68,  58,   8,   0,   0,   0,   0,   0, 
[459.123s][info ][gc,stats       ]       Weak Roots                    156 us, parallelism: 0.10x
[459.123s][info ][gc,stats       ]         WR: <total>                  16 us
[459.123s][info ][gc,stats       ]         WR: VM Weak Roots            16 us, workers (us):  11,   0,   1,   1,   1,   1,   1,   1, 
[459.123s][info ][gc,stats       ]       CLDG                            9 us
[459.123s][info ][gc,stats       ]   Calculate Addresses               495 us
[459.123s][info ][gc,stats       ]     Regular Objects                 309 us
[459.123s][info ][gc,stats       ]     Humongous Objects               113 us
[459.123s][info ][gc,stats       ]   Adjust Pointers                  1351 us
[459.123s][info ][gc,stats       ]     FA: <total>                     216 us
[459.123s][info ][gc,stats       ]     FA: Thread Roots                 39 us, workers (us):   1,  19,  19,   0,   1,   0,   0,   0, 
[459.123s][info ][gc,stats       ]     FA: Code Cache Roots            152 us, workers (us): 151,   0,   0,   0,   0,   0,   0,   0, 
[459.123s][info ][gc,stats       ]     FA: VM Strong Roots               2 us, workers (us):   1,   0,   0,   0,   0,   0,   0,   0, 
[459.123s][info ][gc,stats       ]     FA: VM Weak Roots                15 us, workers (us):  11,   2,   0,   0,   0,   0,   0,   0, 
[459.123s][info ][gc,stats       ]     FA: CLDG Roots                    7 us, workers (us):   1,   6,   0,   0,   0,   0,   0,   0, 
[459.123s][info ][gc,stats       ]   Copy Objects                    58833 us
[459.123s][info ][gc,stats       ]     Regular Objects                 314 us
[459.123s][info ][gc,stats       ]     Humongous Objects             56939 us
[459.123s][info ][gc,stats       ]     Reset Complete Bitmap          1522 us
[459.123s][info ][gc,stats       ]     Rebuild Region Sets              56 us
[459.123s][info ][gc,stats       ]   Post Heap Dump                      1 us
[459.123s][info ][gc,stats       ] 
[459.123s][info ][gc,stats       ] Allocation pacing accrued:
[459.123s][info ][gc,stats       ]       0 of    75 ms (  0.0%): <total>
[459.123s][info ][gc,stats       ]       0 of    75 ms (  0.0%): <average total>
[459.123s][info ][gc,stats       ] 
[459.123s][info ][gc,metaspace   ] Metaspace: 253K(448K)->253K(448K) NonClass: 247K(320K)->247K(320K) Class: 5K(128K)->5K(128K)
[459.123s][info ][gc,ergo        ] Pacer for Idle. Initial: 41943K, Alloc Tax Rate: 1.0x
[459.125s][info ][gc             ] Trigger: Handle Allocation Failure
[459.125s][info ][gc,ergo        ] Free: 496K, Max: 496K regular, 0B humongous, Frag: 0% external, 51% internal; Reserve: 103M, Max: 1024K
[459.125s][info ][gc,start       ] GC(28569) Pause Degenerated GC (Outside of Cycle)
[459.125s][info ][gc,task        ] GC(28569) Using 8 of 8 workers for stw degenerated gc
[459.125s][info ][gc,ref         ] GC(28569) Clearing All SoftReferences
[459.126s][info ][gc,ref         ] GC(28569) Encountered references: Soft: 7, Weak: 34, Final: 0, Phantom: 1
[459.126s][info ][gc,ref         ] GC(28569) Discovered  references: Soft: 4, Weak: 4, Final: 0, Phantom: 1
[459.126s][info ][gc,ref         ] GC(28569) Enqueued    references: Soft: 0, Weak: 0, Final: 0, Phantom: 0
[459.126s][debug][gc,phases,start] GC(28569) ClassLoaderData
[459.126s][debug][gc,phases      ] GC(28569) ClassLoaderData 0.011ms
[459.126s][debug][gc,phases,start] GC(28569) Trigger cleanups
[459.126s][debug][gc,phases      ] GC(28569) Trigger cleanups 0.005ms
[459.126s][info ][gc,ergo        ] GC(28569) Collectable Garbage: 16384K (100%), Immediate: 16384K (100%), CSet: 0B (0%)
[459.126s][info ][gc,ergo        ] GC(28569) Good progress for free space: 33264K, need 20971K
[459.126s][info ][gc,ergo        ] GC(28569) Good progress for used space: 16384K, need 1024K
[459.126s][info ][gc             ] GC(28569) Pause Degenerated GC (Outside of Cycle) 1053M->1037M(2048M) 1.807ms
[459.127s][debug][gc,ergo        ] GC(28569) Margin of error now 3.29
[459.127s][debug][gc,ergo        ] GC(28569) Spike threshold now: 0.32
[459.127s][info ][gc,ergo        ] Free: 33264K, Max: 1024K regular, 32768K humongous, Frag: 0% external, 1% internal; Reserve: 103M, Max: 1024K
[459.127s][info ][gc,stats       ] 
[459.127s][info ][gc,stats       ] All times are wall-clock times, except per-root-class counters, that are sum over
[459.127s][info ][gc,stats       ] all workers. Dividing the <total> over the root stage time estimates parallelism.
[459.127s][info ][gc,stats       ] 
[459.127s][info ][gc,stats       ] Pause Degenerated GC (G)           1989 us
[459.127s][info ][gc,stats       ] Pause Degenerated GC (N)           1814 us
[459.127s][info ][gc,stats       ]   Degen STW Mark                    627 us, parallelism: 5.58x
[459.127s][info ][gc,stats       ]     DSM: <total>                   3502 us
[459.127s][info ][gc,stats       ]     DSM: Thread Roots               111 us, workers (us):  44,  29,  25,   8,   1,   1,   1,   0, 
[459.127s][info ][gc,stats       ]     DSM: VM Strong Roots             39 us, workers (us):  19,   0,  18,   1,   0,   0,   0,   0, 
[459.127s][info ][gc,stats       ]     DSM: CLDG Roots                 107 us, workers (us):   2,   1,   1, 102,   0,   1,   0,   0, 
[459.127s][info ][gc,stats       ]     DSM: Parallel Mark             3244 us, workers (us): 419, 433, 475, 357, 438, 404, 306, 413, 
[459.127s][info ][gc,stats       ]     System Purge                    416 us
[459.127s][info ][gc,stats       ]       Weak References               167 us, parallelism: 0.01x
[459.127s][info ][gc,stats       ]         WRP: <total>                  2 us
[459.127s][info ][gc,stats       ]         WRP: Weak References          2 us, workers (us):   2,   0,   0,   0,   0,   0,   0,   0, 
[459.127s][info ][gc,stats       ]       Unload Classes                140 us, parallelism: 1.39x
[459.127s][info ][gc,stats       ]         DCU: <total>                193 us
[459.127s][info ][gc,stats       ]         DCU: Unload Code Caches      193 us, workers (us):  65,  54,  50,  25,   0,   0,   0,   0, 
[459.127s][info ][gc,stats       ]       Weak Roots                    108 us, parallelism: 0.23x
[459.127s][info ][gc,stats       ]         DWR: <total>                 25 us
[459.127s][info ][gc,stats       ]         DWR: VM Weak Roots           25 us, workers (us):  19,   1,   0,   0,   1,   1,   1,   0, 
[459.127s][info ][gc,stats       ]       CLDG                            1 us
[459.127s][info ][gc,stats       ]   Update Region States              102 us
[459.127s][info ][gc,stats       ]   Manage GC/TLABs                     3 us
[459.127s][info ][gc,stats       ]   Choose Collection Set              28 us
[459.127s][info ][gc,stats       ]   Rebuild Free Set                   11 us
[459.127s][info ][gc,stats       ]   Cleanup                            92 us
[459.127s][info ][gc,stats       ] 
[459.127s][info ][gc,stats       ] Allocation pacing accrued:
[459.127s][info ][gc,stats       ]       0 of     4 ms (  0.0%): <total>
[459.127s][info ][gc,stats       ]       0 of     4 ms (  0.0%): <average total>
[459.127s][info ][gc,stats       ] 
[459.127s][info ][gc,metaspace   ] Metaspace: 253K(448K)->253K(448K) NonClass: 247K(320K)->247K(320K) Class: 5K(128K)->5K(128K)
[459.127s][info ][gc,ergo        ] Pacer for Idle. Initial: 41943K, Alloc Tax Rate: 1.0x
[459.128s][info ][gc             ] Trigger: Free (6640K) is below minimum threshold (204M)
[459.128s][info ][gc,ergo        ] Free: 6640K, Max: 1024K regular, 6144K humongous, Frag: 0% external, 7% internal; Reserve: 103M, Max: 1024K
[459.128s][info ][gc,start       ] GC(28570) Concurrent reset
[459.128s][info ][gc,task        ] GC(28570) Using 4 of 8 workers for concurrent reset
[459.128s][info ][gc,ergo        ] GC(28570) Pacer for Reset. Non-Taxable: 2048M
[459.128s][info ][gc             ] Failed to allocate Shared, 1024K
[459.128s][info ][gc             ] Cancelling GC: Allocation Failure
[459.130s][info ][gc             ] GC(28570) Concurrent reset 2.142ms
[459.130s][info ][gc,start       ] GC(28570) Pause Init Mark (unload classes)
[459.130s][info ][gc,task        ] GC(28570) Using 8 of 8 workers for init marking
[459.130s][info ][gc,ergo        ] GC(28570) Pacer for Mark. Expected Live: 1719M, Free: 496K, Non-Taxable: 50796B, Alloc Tax Rate: 4338.5x
[459.131s][info ][gc             ] GC(28570) Pause Init Mark (unload classes) 0.159ms
[459.131s][info ][gc,start       ] GC(28570) Concurrent marking roots
[459.131s][info ][gc,task        ] GC(28570) Using 4 of 8 workers for concurrent marking roots
[459.131s][info ][gc             ] GC(28570) Concurrent marking roots 0.285ms
[459.131s][info ][gc,ergo        ] Free: 496K, Max: 496K regular, 0B humongous, Frag: 0% external, 51% internal; Reserve: 103M, Max: 1024K
[459.131s][info ][gc,stats       ] 
[459.131s][info ][gc,stats       ] All times are wall-clock times, except per-root-class counters, that are sum over
[459.131s][info ][gc,stats       ] all workers. Dividing the <total> over the root stage time estimates parallelism.
[459.131s][info ][gc,stats       ] 
[459.131s][info ][gc,stats       ] Concurrent Reset                   2167 us
[459.131s][info ][gc,stats       ] Pause Init Mark (G)                 253 us
[459.131s][info ][gc,stats       ] Pause Init Mark (N)                 165 us
[459.131s][info ][gc,stats       ]   Update Region States              107 us
[459.131s][info ][gc,stats       ] Concurrent Mark Roots               298 us, parallelism: 1.65x
[459.131s][info ][gc,stats       ]   CMR: <total>                      492 us
[459.131s][info ][gc,stats       ]   CMR: Thread Roots                 471 us, workers (us): 142, 156, 133,  40, ---, ---, ---, ---, 
[459.131s][info ][gc,stats       ]   CMR: VM Strong Roots                4 us, workers (us):   3,   0,   0,   0, ---, ---, ---, ---, 
[459.131s][info ][gc,stats       ]   CMR: CLDG Roots                    18 us, workers (us):  17,   1, ---, ---, ---, ---, ---, ---, 
[459.131s][info ][gc,stats       ] 
[459.131s][info ][gc,stats       ] Allocation pacing accrued:
[459.131s][info ][gc,stats       ]       0 of     4 ms (  0.0%): <total>
[459.131s][info ][gc,stats       ]       0 of     4 ms (  0.0%): <average total>
[459.131s][info ][gc,stats       ] 
[459.131s][info ][gc,metaspace   ] Metaspace: 253K(448K)->253K(448K) NonClass: 247K(320K)->247K(320K) Class: 5K(128K)->5K(128K)
[459.131s][info ][gc,ergo        ] Pacer for Idle. Initial: 41943K, Alloc Tax Rate: 1.0x
[459.132s][info ][gc             ] Trigger: Handle Allocation Failure
[459.132s][info ][gc,ergo        ] Free: 496K, Max: 496K regular, 0B humongous, Frag: 0% external, 51% internal; Reserve: 103M, Max: 1024K
[459.132s][info ][gc,start       ] GC(28571) Pause Degenerated GC (Outside of Cycle)
[459.132s][info ][gc,task        ] GC(28571) Using 8 of 8 workers for stw degenerated gc
[459.134s][info ][gc,ref         ] GC(28571) Clearing All SoftReferences
[459.135s][info ][gc,ref         ] GC(28571) Encountered references: Soft: 7, Weak: 34, Final: 0, Phantom: 1
[459.135s][info ][gc,ref         ] GC(28571) Discovered  references: Soft: 4, Weak: 9, Final: 0, Phantom: 1
[459.135s][info ][gc,ref         ] GC(28571) Enqueued    references: Soft: 0, Weak: 0, Final: 0, Phantom: 0
[459.135s][debug][gc,phases,start] GC(28571) ClassLoaderData
[459.135s][debug][gc,phases      ] GC(28571) ClassLoaderData 0.012ms
[459.135s][debug][gc,phases,start] GC(28571) Trigger cleanups
[459.135s][debug][gc,phases      ] GC(28571) Trigger cleanups 0.005ms
[459.135s][info ][gc,ergo        ] GC(28571) Collectable Garbage: 49152K (100%), Immediate: 49152K (100%), CSet: 0B (0%)
[459.136s][info ][gc,ergo        ] GC(28571) Good progress for free space: 98800K, need 20971K
[459.136s][info ][gc,ergo        ] GC(28571) Good progress for used space: 49152K, need 1024K
[459.136s][info ][gc             ] GC(28571) Pause Degenerated GC (Outside of Cycle) 1053M->1005M(2048M) 3.503ms
[459.136s][debug][gc,ergo        ] GC(28571) Margin of error now 3.29
[459.136s][debug][gc,ergo        ] GC(28571) Spike threshold now: 0.32
[459.136s][info ][gc,ergo        ] Free: 98800K, Max: 1024K regular, 74752K humongous, Frag: 24% external, 0% internal; Reserve: 103M, Max: 1024K
[459.136s][info ][gc,stats       ] 
[459.136s][info ][gc,stats       ] All times are wall-clock times, except per-root-class counters, that are sum over
[459.136s][info ][gc,stats       ] all workers. Dividing the <total> over the root stage time estimates parallelism.
[459.136s][info ][gc,stats       ] 
[459.136s][info ][gc,stats       ] Pause Degenerated GC (G)           3622 us
[459.136s][info ][gc,stats       ] Pause Degenerated GC (N)           3509 us
[459.136s][info ][gc,stats       ]   Degen STW Mark                    744 us, parallelism: 4.46x
[459.136s][info ][gc,stats       ]     DSM: <total>                   3316 us
[459.136s][info ][gc,stats       ]     DSM: Thread Roots                66 us, workers (us):  33,  18,   8,   2,   1,   1,   1,   1, 
[459.136s][info ][gc,stats       ]     DSM: VM Strong Roots              3 us, workers (us):   0,   1,   1,   0,   0,   0,   0,   0, 
[459.136s][info ][gc,stats       ]     DSM: CLDG Roots                  36 us, workers (us):  32,   0,   1,   0,   1,   1,   1,   1, 
[459.136s][info ][gc,stats       ]     DSM: Parallel Mark             3210 us, workers (us): 495, 483, 441, 316, 421, 482, 245, 328, 
[459.136s][info ][gc,stats       ]     System Purge                    575 us
[459.136s][info ][gc,stats       ]       Weak References               153 us, parallelism: 0.01x
[459.136s][info ][gc,stats       ]         WRP: <total>                  2 us
[459.136s][info ][gc,stats       ]         WRP: Weak References          2 us, workers (us):   2,   0,   0,   0,   0,   0,   0,   0, 
[459.136s][info ][gc,stats       ]       Unload Classes                229 us, parallelism: 1.36x
[459.136s][info ][gc,stats       ]         DCU: <total>                311 us
[459.136s][info ][gc,stats       ]         DCU: Unload Code Caches      311 us, workers (us): 106,  78,  70,  42,  15,   0,   0,   0, 
[459.136s][info ][gc,stats       ]       Weak Roots                    192 us, parallelism: 0.11x
[459.136s][info ][gc,stats       ]         DWR: <total>                 22 us
[459.136s][info ][gc,stats       ]         DWR: VM Weak Roots           22 us, workers (us):  18,   0,   0,   0,   1,   1,   1,   1, 
[459.136s][info ][gc,stats       ]       CLDG                            1 us
[459.136s][info ][gc,stats       ]   Update Region States              126 us
[459.136s][info ][gc,stats       ]   Manage GC/TLABs                     2 us
[459.136s][info ][gc,stats       ]   Choose Collection Set              75 us
[459.136s][info ][gc,stats       ]   Rebuild Free Set                   16 us
[459.136s][info ][gc,stats       ]   Cleanup                            92 us
[459.136s][info ][gc,stats       ] 
[459.136s][info ][gc,stats       ] Allocation pacing accrued:
[459.136s][info ][gc,stats       ]       0 of     5 ms (  0.0%): <total>
[459.136s][info ][gc,stats       ]       0 of     5 ms (  0.0%): <average total>
[459.136s][info ][gc,stats       ] 
[459.136s][info ][gc,metaspace   ] Metaspace: 253K(448K)->253K(448K) NonClass: 247K(320K)->247K(320K) Class: 5K(128K)->5K(128K)
[459.136s][info ][gc,ergo        ] Pacer for Idle. Initial: 41943K, Alloc Tax Rate: 1.0x
[459.137s][info ][gc             ] Trigger: Free (70128K) is below minimum threshold (204M)
[459.137s][info ][gc,ergo        ] Free: 70128K, Max: 1024K regular, 46080K humongous, Frag: 34% external, 0% internal; Reserve: 103M, Max: 1024K
[459.137s][info ][gc,start       ] GC(28572) Concurrent reset
[459.137s][info ][gc,task        ] GC(28572) Using 4 of 8 workers for concurrent reset
[459.137s][info ][gc,ergo        ] GC(28572) Pacer for Reset. Non-Taxable: 2048M
[459.140s][info ][gc             ] GC(28572) Concurrent reset 3.087ms
[459.141s][info ][gc,start       ] GC(28572) Pause Init Mark (unload classes)
[459.141s][info ][gc,task        ] GC(28572) Using 8 of 8 workers for init marking
[459.141s][info ][gc,ergo        ] GC(28572) Pacer for Mark. Expected Live: 1742M, Free: 13808K, Non-Taxable: 1380K, Alloc Tax Rate: 158.0x
[459.141s][info ][gc             ] GC(28572) Pause Init Mark (unload classes) 0.178ms
[459.141s][info ][gc,start       ] GC(28572) Concurrent marking roots
[459.141s][info ][gc,task        ] GC(28572) Using 4 of 8 workers for concurrent marking roots
[459.141s][info ][gc             ] GC(28572) Concurrent marking roots 0.185ms
[459.141s][info ][gc,start       ] GC(28572) Concurrent marking (unload classes)
[459.141s][info ][gc,task        ] GC(28572) Using 4 of 8 workers for concurrent marking
[459.142s][info ][gc             ] GC(28572) Concurrent marking (unload classes) 0.748ms
[459.142s][info ][gc,start       ] GC(28572) Pause Final Mark (unload classes)
[459.142s][info ][gc,task        ] GC(28572) Using 8 of 8 workers for final marking
[459.143s][info ][gc,ergo        ] GC(28572) Collectable Garbage: 115M (100%), Immediate: 115M (100%), CSet: 0B (0%)
[459.143s][info ][gc             ] GC(28572) Pause Final Mark (unload classes) 0.713ms
[459.143s][info ][gc,start       ] GC(28572) Concurrent weak references
[459.143s][info ][gc,task        ] GC(28572) Using 4 of 8 workers for concurrent weak references
[459.143s][info ][gc,ref         ] GC(28572) Encountered references: Soft: 7, Weak: 34, Final: 0, Phantom: 1
[459.143s][info ][gc,ref         ] GC(28572) Discovered  references: Soft: 0, Weak: 1, Final: 0, Phantom: 1
[459.143s][info ][gc,ref         ] GC(28572) Enqueued    references: Soft: 0, Weak: 0, Final: 0, Phantom: 0
[459.143s][info ][gc             ] GC(28572) Concurrent weak references 0.106ms
[459.143s][info ][gc,start       ] GC(28572) Concurrent weak roots
[459.143s][info ][gc,task        ] GC(28572) Using 4 of 8 workers for concurrent weak root
[459.143s][info ][gc             ] GC(28572) Concurrent weak roots 0.193ms
[459.143s][info ][gc,start       ] GC(28572) Concurrent cleanup
[459.144s][info ][gc             ] GC(28572) Concurrent cleanup 1052M->937M(2048M) 0.098ms
[459.144s][info ][gc,ergo        ] GC(28572) Free: 142M, Max: 1024K regular, 69632K humongous, Frag: 53% external, 0% internal; Reserve: 103M, Max: 1024K
[459.144s][info ][gc,start       ] GC(28572) Concurrent class unloading
[459.144s][info ][gc,task        ] GC(28572) Using 4 of 8 workers for concurrent class unloading
[459.144s][debug][gc,phases,start] GC(28572) ClassLoaderData
[459.144s][debug][gc,phases      ] GC(28572) ClassLoaderData 0.006ms
[459.144s][debug][gc,phases,start] GC(28572) Trigger cleanups
[459.144s][debug][gc,phases      ] GC(28572) Trigger cleanups 0.005ms
[459.144s][info ][gc             ] GC(28572) Concurrent class unloading 0.442ms
[459.144s][info ][gc,start       ] GC(28572) Pause Final Roots
[459.144s][info ][gc             ] GC(28572) Pause Final Roots 0.019ms
[459.144s][debug][gc,ergo        ] GC(28572) Available: 142 MB, z-score=-0.757. Average available: 166.5 MB +/- 32456.1 KB.
[459.144s][info ][gc,ergo        ] Free: 142M, Max: 1024K regular, 69632K humongous, Frag: 53% external, 0% internal; Reserve: 103M, Max: 1024K
[459.144s][info ][gc,stats       ] 
[459.144s][info ][gc,stats       ] All times are wall-clock times, except per-root-class counters, that are sum over
[459.144s][info ][gc,stats       ] all workers. Dividing the <total> over the root stage time estimates parallelism.
[459.144s][info ][gc,stats       ] 
[459.144s][info ][gc,stats       ] Concurrent Reset                   3123 us
[459.144s][info ][gc,stats       ] Pause Init Mark (G)                 721 us
[459.144s][info ][gc,stats       ] Pause Init Mark (N)                 184 us
[459.144s][info ][gc,stats       ]   Update Region States              122 us
[459.144s][info ][gc,stats       ] Concurrent Mark Roots               199 us, parallelism: 1.22x
[459.144s][info ][gc,stats       ]   CMR: <total>                      243 us
[459.144s][info ][gc,stats       ]   CMR: Thread Roots                 220 us, workers (us):  56,  66,  58,  40, ---, ---, ---, ---, 
[459.144s][info ][gc,stats       ]   CMR: VM Strong Roots                4 us, workers (us):   3,   1,   0,   0, ---, ---, ---, ---, 
[459.144s][info ][gc,stats       ]   CMR: CLDG Roots                    19 us, workers (us):  19,   1, ---, ---, ---, ---, ---, ---, 
[459.144s][info ][gc,stats       ] Concurrent Marking                  762 us
[459.144s][info ][gc,stats       ] Pause Final Mark (G)               1063 us
[459.144s][info ][gc,stats       ] Pause Final Mark (N)                721 us
[459.144s][info ][gc,stats       ]   Finish Mark                       482 us
[459.144s][info ][gc,stats       ]   Update Region States              143 us
[459.144s][info ][gc,stats       ]   Choose Collection Set              52 us
[459.144s][info ][gc,stats       ]   Rebuild Free Set                    9 us
[459.144s][info ][gc,stats       ] Concurrent Weak References          110 us, parallelism: 0.01x
[459.144s][info ][gc,stats       ]   CWRF: <total>                       1 us
[459.144s][info ][gc,stats       ]   CWRF: Weak References               1 us, workers (us):   1,   0,   0,   0, ---, ---, ---, ---, 
[459.144s][info ][gc,stats       ] Concurrent Weak Roots               205 us
[459.144s][info ][gc,stats       ]   Roots                             111 us, parallelism: 0.55x
[459.144s][info ][gc,stats       ]     CWR: <total>                     61 us
[459.144s][info ][gc,stats       ]     CWR: Code Cache Roots            41 us, workers (us):   0,  41,   0,   0, ---, ---, ---, ---, 
[459.144s][info ][gc,stats       ]     CWR: VM Weak Roots               19 us, workers (us):  12,   6,   0,   1, ---, ---, ---, ---, 
[459.144s][info ][gc,stats       ]     CWR: CLDG Roots                   1 us, workers (us):   1, ---, ---, ---, ---, ---, ---, ---, 
[459.144s][info ][gc,stats       ]   Rendezvous                         73 us
[459.144s][info ][gc,stats       ] Concurrent Cleanup                  104 us
[459.144s][info ][gc,stats       ] Concurrent Class Unloading          453 us
[459.144s][info ][gc,stats       ]   Unlink Stale                      255 us
[459.144s][info ][gc,stats       ]     System Dictionary                22 us
[459.144s][info ][gc,stats       ]     Weak Class Links                  0 us
[459.144s][info ][gc,stats       ]     Code Roots                      232 us
[459.144s][info ][gc,stats       ]   Rendezvous                         63 us
[459.144s][info ][gc,stats       ]   Purge Unlinked                    113 us
[459.144s][info ][gc,stats       ]     Code Roots                       98 us
[459.144s][info ][gc,stats       ]     CLDG                             14 us
[459.144s][info ][gc,stats       ]     Exception Caches                  0 us
[459.144s][info ][gc,stats       ] Pause Final Roots (G)                90 us
[459.144s][info ][gc,stats       ] Pause Final Roots (N)                25 us
[459.144s][info ][gc,stats       ] 
[459.144s][info ][gc,stats       ] Allocation pacing accrued:
[459.144s][info ][gc,stats       ]       0 of     8 ms (  0.0%): <total>
[459.144s][info ][gc,stats       ]       0 of     8 ms (  0.0%): <average total>
[459.144s][info ][gc,stats       ] 
[459.144s][info ][gc,metaspace   ] Metaspace: 253K(448K)->253K(448K) NonClass: 247K(320K)->247K(320K) Class: 5K(128K)->5K(128K)
[459.144s][info ][gc,ergo        ] Pacer for Idle. Initial: 41943K, Alloc Tax Rate: 1.0x
[459.146s][info ][gc             ] Trigger: Free (142M) is below minimum threshold (204M)
[459.146s][info ][gc,ergo        ] Free: 142M, Max: 1024K regular, 69632K humongous, Frag: 53% external, 0% internal; Reserve: 103M, Max: 1024K
[459.146s][info ][gc,start       ] GC(28573) Concurrent reset
[459.146s][info ][gc,task        ] GC(28573) Using 4 of 8 workers for concurrent reset
[459.146s][info ][gc,ergo        ] GC(28573) Pacer for Reset. Non-Taxable: 2048M
[459.147s][info ][gc             ] GC(28573) Concurrent reset 1.581ms
[459.147s][info ][gc,start       ] GC(28573) Pause Init Mark (unload classes)
[459.147s][info ][gc,task        ] GC(28573) Using 8 of 8 workers for init marking
[459.147s][info ][gc,ergo        ] GC(28573) Pacer for Mark. Expected Live: 1751M, Free: 142M, Non-Taxable: 14590K, Alloc Tax Rate: 15.0x
[459.147s][info ][gc             ] GC(28573) Pause Init Mark (unload classes) 0.139ms
[459.147s][info ][gc,start       ] GC(28573) Concurrent marking roots
[459.147s][info ][gc,task        ] GC(28573) Using 4 of 8 workers for concurrent marking roots
[459.148s][info ][gc             ] GC(28573) Concurrent marking roots 0.172ms
[459.148s][info ][gc,start       ] GC(28573) Concurrent marking (unload classes)
[459.148s][info ][gc,task        ] GC(28573) Using 4 of 8 workers for concurrent marking
[459.148s][info ][gc             ] GC(28573) Concurrent marking (unload classes) 0.432ms
[459.148s][info ][gc,start       ] GC(28573) Pause Final Mark (unload classes)
[459.148s][info ][gc,task        ] GC(28573) Using 8 of 8 workers for final marking
[459.149s][info ][gc,ergo        ] GC(28573) Collectable Garbage: 40960K (100%), Immediate: 40960K (100%), CSet: 0B (0%)
[459.149s][info ][gc             ] GC(28573) Pause Final Mark (unload classes) 0.568ms
[459.149s][info ][gc,start       ] GC(28573) Concurrent weak references
[459.149s][info ][gc,task        ] GC(28573) Using 4 of 8 workers for concurrent weak references
[459.149s][info ][gc,ref         ] GC(28573) Encountered references: Soft: 7, Weak: 34, Final: 0, Phantom: 1
[459.149s][info ][gc,ref         ] GC(28573) Discovered  references: Soft: 0, Weak: 1, Final: 0, Phantom: 1
[459.149s][info ][gc,ref         ] GC(28573) Enqueued    references: Soft: 0, Weak: 0, Final: 0, Phantom: 0
[459.149s][info ][gc             ] GC(28573) Concurrent weak references 0.130ms
[459.149s][info ][gc,start       ] GC(28573) Concurrent weak roots
[459.149s][info ][gc,task        ] GC(28573) Using 4 of 8 workers for concurrent weak root
[459.149s][info ][gc             ] GC(28573) Concurrent weak roots 0.222ms
[459.149s][info ][gc,start       ] GC(28573) Concurrent cleanup
[459.149s][info ][gc             ] GC(28573) Concurrent cleanup 947M->907M(2048M) 0.099ms
[459.149s][info ][gc,ergo        ] GC(28573) Free: 202M, Max: 1024K regular, 100352K humongous, Frag: 52% external, 0% internal; Reserve: 103M, Max: 1024K
[459.149s][info ][gc,start       ] GC(28573) Concurrent class unloading
[459.149s][info ][gc,task        ] GC(28573) Using 4 of 8 workers for concurrent class unloading
[459.149s][debug][gc,phases,start] GC(28573) ClassLoaderData
[459.149s][debug][gc,phases      ] GC(28573) ClassLoaderData 0.006ms
[459.149s][debug][gc,phases,start] GC(28573) Trigger cleanups
[459.149s][debug][gc,phases      ] GC(28573) Trigger cleanups 0.005ms
[459.150s][info ][gc             ] GC(28573) Concurrent class unloading 0.339ms
[459.150s][info ][gc,start       ] GC(28573) Pause Final Roots
[459.150s][info ][gc             ] GC(28573) Pause Final Roots 0.017ms
[459.150s][debug][gc,ergo        ] GC(28573) Available: 200 MB, z-score=0.911. Average available: 170.2 MB +/- 34048.7 KB.
[459.150s][info ][gc,ergo        ] Free: 198M, Max: 1024K regular, 100352K humongous, Frag: 51% external, 0% internal; Reserve: 103M, Max: 1024K
[459.150s][info ][gc,stats       ] 
[459.150s][info ][gc,stats       ] All times are wall-clock times, except per-root-class counters, that are sum over
[459.150s][info ][gc,stats       ] all workers. Dividing the <total> over the root stage time estimates parallelism.
[459.150s][info ][gc,stats       ] 
[459.150s][info ][gc,stats       ] Concurrent Reset                   1600 us
[459.150s][info ][gc,stats       ] Pause Init Mark (G)                 208 us
[459.150s][info ][gc,stats       ] Pause Init Mark (N)                 144 us
[459.150s][info ][gc,stats       ]   Update Region States              105 us
[459.150s][info ][gc,stats       ] Concurrent Mark Roots               184 us, parallelism: 1.61x
[459.150s][info ][gc,stats       ]   CMR: <total>                      296 us
[459.150s][info ][gc,stats       ]   CMR: Thread Roots                 277 us, workers (us):  74,  84,  71,  48, ---, ---, ---, ---, 
[459.150s][info ][gc,stats       ]   CMR: VM Strong Roots                3 us, workers (us):   3,   0,   0,   0, ---, ---, ---, ---, 
[459.150s][info ][gc,stats       ]   CMR: CLDG Roots                    16 us, workers (us):  15,   1, ---, ---, ---, ---, ---, ---, 
[459.150s][info ][gc,stats       ] Concurrent Marking                  447 us
[459.150s][info ][gc,stats       ] Pause Final Mark (G)                765 us
[459.150s][info ][gc,stats       ] Pause Final Mark (N)                574 us
[459.150s][info ][gc,stats       ]   Finish Mark                       396 us
[459.150s][info ][gc,stats       ]   Update Region States              102 us
[459.150s][info ][gc,stats       ]   Choose Collection Set              38 us
[459.150s][info ][gc,stats       ]   Rebuild Free Set                   10 us
[459.150s][info ][gc,stats       ] Concurrent Weak References          138 us, parallelism: 0.01x
[459.150s][info ][gc,stats       ]   CWRF: <total>                       2 us
[459.150s][info ][gc,stats       ]   CWRF: Weak References               2 us, workers (us):   2,   0,   0,   0, ---, ---, ---, ---, 
[459.150s][info ][gc,stats       ] Concurrent Weak Roots               234 us
[459.150s][info ][gc,stats       ]   Roots                             149 us, parallelism: 0.68x
[459.150s][info ][gc,stats       ]     CWR: <total>                    102 us
[459.150s][info ][gc,stats       ]     CWR: Code Cache Roots            69 us, workers (us):   0,  68,   0,   0, ---, ---, ---, ---, 
[459.150s][info ][gc,stats       ]     CWR: VM Weak Roots               31 us, workers (us):  22,   8,   0,   0, ---, ---, ---, ---, 
[459.150s][info ][gc,stats       ]     CWR: CLDG Roots                   2 us, workers (us):   2, ---, ---, ---, ---, ---, ---, ---, 
[459.150s][info ][gc,stats       ]   Rendezvous                         61 us
[459.150s][info ][gc,stats       ] Concurrent Cleanup                  105 us
[459.150s][info ][gc,stats       ] Concurrent Class Unloading          349 us
[459.150s][info ][gc,stats       ]   Unlink Stale                      202 us
[459.150s][info ][gc,stats       ]     System Dictionary                21 us
[459.150s][info ][gc,stats       ]     Weak Class Links                  0 us
[459.150s][info ][gc,stats       ]     Code Roots                      180 us
[459.150s][info ][gc,stats       ]   Rendezvous                         61 us
[459.150s][info ][gc,stats       ]   Purge Unlinked                     65 us
[459.150s][info ][gc,stats       ]     Code Roots                       51 us
[459.150s][info ][gc,stats       ]     CLDG                             14 us
[459.150s][info ][gc,stats       ]     Exception Caches                  0 us
[459.150s][info ][gc,stats       ] Pause Final Roots (G)               186 us
[459.150s][info ][gc,stats       ] Pause Final Roots (N)                24 us
[459.150s][info ][gc,stats       ] Pacing                            72515 us
[459.150s][info ][gc,stats       ] 
[459.150s][info ][gc,stats       ] Allocation pacing accrued:
[459.150s][info ][gc,stats       ]       8 of     6 ms (133.1%): Thread-0
[459.150s][info ][gc,stats       ]       7 of     6 ms (117.4%): Thread-1
[459.150s][info ][gc,stats       ]       7 of     6 ms (125.3%): Thread-2
[459.150s][info ][gc,stats       ]       8 of     6 ms (131.9%): Thread-3
[459.150s][info ][gc,stats       ]       7 of     6 ms (127.3%): Thread-4
[459.150s][info ][gc,stats       ]       8 of     6 ms (134.6%): Thread-5
[459.150s][info ][gc,stats       ]       7 of     6 ms (129.0%): Thread-6
[459.150s][info ][gc,stats       ]       7 of     6 ms (127.4%): Thread-7
[459.150s][info ][gc,stats       ]       8 of     6 ms (133.3%): Thread-8
[459.150s][info ][gc,stats       ]       6 of     6 ms ( 96.4%): Thread-9
[459.150s][info ][gc,stats       ]      73 of     6 ms (1255.7%): <total>
[459.150s][info ][gc,stats       ]       3 of     6 ms ( 59.8%): <average total>
[459.150s][info ][gc,stats       ]       7 of     6 ms (125.6%): <average non-zero>
[459.150s][info ][gc,stats       ] 
[459.150s][info ][gc,metaspace   ] Metaspace: 253K(448K)->253K(448K) NonClass: 247K(320K)->247K(320K) Class: 5K(128K)->5K(128K)
[459.150s][info ][gc,ergo        ] Pacer for Idle. Initial: 41943K, Alloc Tax Rate: 1.0x
[459.151s][info ][gc             ] Trigger: Free (162M) is below minimum threshold (204M)
[459.151s][info ][gc,ergo        ] Free: 162M, Max: 1024K regular, 100352K humongous, Frag: 40% external, 0% internal; Reserve: 103M, Max: 1024K
[459.151s][info ][gc,start       ] GC(28574) Concurrent reset
[459.151s][info ][gc,task        ] GC(28574) Using 4 of 8 workers for concurrent reset
[459.152s][info ][gc,ergo        ] GC(28574) Pacer for Reset. Non-Taxable: 2048M
[459.153s][info ][gc             ] GC(28574) Concurrent reset 1.892ms
[459.154s][info ][gc,start       ] GC(28574) Pause Init Mark (unload classes)
[459.154s][info ][gc,task        ] GC(28574) Using 8 of 8 workers for init marking
[459.154s][info ][gc,ergo        ] GC(28574) Pacer for Mark. Expected Live: 1750M, Free: 129M, Non-Taxable: 13259K, Alloc Tax Rate: 16.5x
[459.154s][info ][gc             ] GC(28574) Pause Init Mark (unload classes) 0.149ms
[459.154s][info ][gc,start       ] GC(28574) Concurrent marking roots
[459.154s][info ][gc,task        ] GC(28574) Using 4 of 8 workers for concurrent marking roots
[459.154s][info ][gc             ] GC(28574) Concurrent marking roots 0.234ms
[459.155s][info ][gc,start       ] GC(28574) Concurrent marking (unload classes)
[459.155s][info ][gc,task        ] GC(28574) Using 4 of 8 workers for concurrent marking
[459.155s][info ][gc             ] GC(28574) Concurrent marking (unload classes) 0.753ms
[459.155s][info ][gc,start       ] GC(28574) Pause Final Mark (unload classes)
[459.155s][info ][gc,task        ] GC(28574) Using 8 of 8 workers for final marking
[459.156s][info ][gc,ergo        ] GC(28574) Collectable Garbage: 40960K (100%), Immediate: 40960K (100%), CSet: 0B (0%)
[459.156s][info ][gc             ] GC(28574) Pause Final Mark (unload classes) 0.560ms
[459.156s][info ][gc,start       ] GC(28574) Concurrent weak references
[459.156s][info ][gc,task        ] GC(28574) Using 4 of 8 workers for concurrent weak references
[459.156s][info ][gc,ref         ] GC(28574) Encountered references: Soft: 7, Weak: 34, Final: 0, Phantom: 1
[459.156s][info ][gc,ref         ] GC(28574) Discovered  references: Soft: 0, Weak: 0, Final: 0, Phantom: 1
[459.156s][info ][gc,ref         ] GC(28574) Enqueued    references: Soft: 0, Weak: 0, Final: 0, Phantom: 0
[459.156s][info ][gc             ] GC(28574) Concurrent weak references 0.100ms
[459.156s][info ][gc,start       ] GC(28574) Concurrent weak roots
[459.156s][info ][gc,task        ] GC(28574) Using 4 of 8 workers for concurrent weak root
[459.156s][info ][gc             ] GC(28574) Concurrent weak roots 0.312ms
[459.156s][info ][gc,start       ] GC(28574) Concurrent cleanup
[459.157s][info ][gc             ] GC(28574) Concurrent cleanup 962M->922M(2048M) 0.101ms
[459.157s][info ][gc,ergo        ] GC(28574) Free: 181M, Max: 1024K regular, 92160K humongous, Frag: 51% external, 0% internal; Reserve: 103M, Max: 1024K
[459.157s][info ][gc,start       ] GC(28574) Concurrent class unloading
[459.157s][info ][gc,task        ] GC(28574) Using 4 of 8 workers for concurrent class unloading
[459.157s][debug][gc,phases,start] GC(28574) ClassLoaderData
[459.157s][debug][gc,phases      ] GC(28574) ClassLoaderData 0.005ms
[459.157s][debug][gc,phases,start] GC(28574) Trigger cleanups
[459.157s][debug][gc,phases      ] GC(28574) Trigger cleanups 0.003ms
[459.157s][info ][gc             ] GC(28574) Concurrent class unloading 0.461ms
[459.157s][info ][gc,start       ] GC(28574) Pause Final Roots
[459.157s][info ][gc             ] GC(28574) Pause Final Roots 0.020ms
[459.157s][debug][gc,ergo        ] GC(28574) Available: 173 MB, z-score=-0.122. Average available: 176.7 MB +/- 26776.4 KB.
[459.157s][info ][gc,ergo        ] Free: 173M, Max: 1024K regular, 92160K humongous, Frag: 48% external, 0% internal; Reserve: 103M, Max: 1024K
[459.157s][info ][gc,stats       ] 
[459.157s][info ][gc,stats       ] All times are wall-clock times, except per-root-class counters, that are sum over
[459.157s][info ][gc,stats       ] all workers. Dividing the <total> over the root stage time estimates parallelism.
[459.157s][info ][gc,stats       ] 
[459.157s][info ][gc,stats       ] Concurrent Reset                   1918 us
[459.157s][info ][gc,stats       ] Pause Init Mark (G)                 852 us
[459.157s][info ][gc,stats       ] Pause Init Mark (N)                 154 us
[459.157s][info ][gc,stats       ]   Update Region States              111 us
[459.157s][info ][gc,stats       ] Concurrent Mark Roots               248 us, parallelism: 0.78x
[459.157s][info ][gc,stats       ]   CMR: <total>                      193 us
[459.157s][info ][gc,stats       ]   CMR: Thread Roots                 164 us, workers (us):  41,  47,  25,  51, ---, ---, ---, ---, 
[459.157s][info ][gc,stats       ]   CMR: VM Strong Roots                5 us, workers (us):   4,   0,   0,   1, ---, ---, ---, ---, 
[459.158s][info ][gc,stats       ]   CMR: CLDG Roots                    24 us, workers (us):  23,   1, ---, ---, ---, ---, ---, ---, 
[459.158s][info ][gc,stats       ] Concurrent Marking                  772 us
[459.158s][info ][gc,stats       ] Pause Final Mark (G)                758 us
[459.158s][info ][gc,stats       ] Pause Final Mark (N)                567 us
[459.158s][info ][gc,stats       ]   Finish Mark                       374 us
[459.158s][info ][gc,stats       ]   Update Region States              106 us
[459.158s][info ][gc,stats       ]   Choose Collection Set              43 us
[459.158s][info ][gc,stats       ]   Rebuild Free Set                   10 us
[459.158s][info ][gc,stats       ] Concurrent Weak References          107 us, parallelism: 0.02x
[459.158s][info ][gc,stats       ]   CWRF: <total>                       2 us
[459.158s][info ][gc,stats       ]   CWRF: Weak References               2 us, workers (us):   2,   0,   0,   0, ---, ---, ---, ---, 
[459.158s][info ][gc,stats       ] Concurrent Weak Roots               330 us
[459.158s][info ][gc,stats       ]   Roots                             195 us, parallelism: 0.77x
[459.158s][info ][gc,stats       ]     CWR: <total>                    150 us
[459.158s][info ][gc,stats       ]     CWR: Code Cache Roots            78 us, workers (us):   0,   0,  77,   0, ---, ---, ---, ---, 
[459.158s][info ][gc,stats       ]     CWR: VM Weak Roots               69 us, workers (us):  36,  31,   2,   0, ---, ---, ---, ---, 
[459.158s][info ][gc,stats       ]     CWR: CLDG Roots                   2 us, workers (us):   2, ---, ---, ---, ---, ---, ---, ---, 
[459.158s][info ][gc,stats       ]   Rendezvous                        101 us
[459.158s][info ][gc,stats       ] Concurrent Cleanup                  107 us
[459.158s][info ][gc,stats       ] Concurrent Class Unloading          476 us
[459.158s][info ][gc,stats       ]   Unlink Stale                      251 us
[459.158s][info ][gc,stats       ]     System Dictionary                15 us
[459.158s][info ][gc,stats       ]     Weak Class Links                  0 us
[459.158s][info ][gc,stats       ]     Code Roots                      234 us
[459.158s][info ][gc,stats       ]   Rendezvous                         71 us
[459.158s][info ][gc,stats       ]   Purge Unlinked                    119 us
[459.158s][info ][gc,stats       ]     Code Roots                      103 us
[459.158s][info ][gc,stats       ]     CLDG                             15 us
[459.158s][info ][gc,stats       ]     Exception Caches                  0 us
[459.158s][info ][gc,stats       ] Pause Final Roots (G)               275 us
[459.158s][info ][gc,stats       ] Pause Final Roots (N)                26 us
[459.158s][info ][gc,stats       ] 
[459.158s][info ][gc,stats       ] Allocation pacing accrued:
[459.158s][info ][gc,stats       ]       0 of     7 ms (  0.0%): <total>
[459.158s][info ][gc,stats       ]       0 of     7 ms (  0.0%): <average total>
[459.158s][info ][gc,stats       ] 
[459.158s][info ][gc,metaspace   ] Metaspace: 253K(448K)->253K(448K) NonClass: 247K(320K)->247K(320K) Class: 5K(128K)->5K(128K)
[459.158s][info ][gc,ergo        ] Pacer for Idle. Initial: 41943K, Alloc Tax Rate: 1.0x
[459.159s][info ][gc             ] Trigger: Free (147M) is below minimum threshold (204M)
[459.159s][info ][gc,ergo        ] Free: 147M, Max: 1024K regular, 92160K humongous, Frag: 39% external, 0% internal; Reserve: 103M, Max: 1024K
[459.159s][info ][gc,start       ] GC(28575) Concurrent reset
[459.159s][info ][gc,task        ] GC(28575) Using 4 of 8 workers for concurrent reset
[459.159s][info ][gc,ergo        ] GC(28575) Pacer for Reset. Non-Taxable: 2048M
[459.161s][info ][gc             ] GC(28575) Concurrent reset 2.107ms
[459.161s][info ][gc,start       ] GC(28575) Pause Init Mark (unload classes)
[459.161s][info ][gc,task        ] GC(28575) Using 8 of 8 workers for init marking
[459.161s][info ][gc,ergo        ] GC(28575) Pacer for Mark. Expected Live: 1753M, Free: 123M, Non-Taxable: 12644K, Alloc Tax Rate: 17.4x
[459.161s][info ][gc             ] GC(28575) Pause Init Mark (unload classes) 0.159ms
[459.161s][info ][gc,start       ] GC(28575) Concurrent marking roots
[459.161s][info ][gc,task        ] GC(28575) Using 4 of 8 workers for concurrent marking roots
[459.162s][info ][gc             ] GC(28575) Concurrent marking roots 0.210ms
[459.162s][info ][gc,start       ] GC(28575) Concurrent marking (unload classes)
[459.162s][info ][gc,task        ] GC(28575) Using 4 of 8 workers for concurrent marking
[459.162s][info ][gc             ] GC(28575) Concurrent marking (unload classes) 0.567ms
[459.162s][info ][gc,start       ] GC(28575) Pause Final Mark (unload classes)
[459.162s][info ][gc,task        ] GC(28575) Using 8 of 8 workers for final marking
[459.163s][info ][gc,ergo        ] GC(28575) Collectable Garbage: 49152K (100%), Immediate: 49152K (100%), CSet: 0B (0%)
[459.163s][info ][gc             ] GC(28575) Pause Final Mark (unload classes) 0.532ms
[459.163s][info ][gc,start       ] GC(28575) Concurrent weak references
[459.163s][info ][gc,task        ] GC(28575) Using 4 of 8 workers for concurrent weak references
[459.163s][info ][gc,ref         ] GC(28575) Encountered references: Soft: 7, Weak: 34, Final: 0, Phantom: 1
[459.163s][info ][gc,ref         ] GC(28575) Discovered  references: Soft: 0, Weak: 1, Final: 0, Phantom: 1
[459.163s][info ][gc,ref         ] GC(28575) Enqueued    references: Soft: 0, Weak: 0, Final: 0, Phantom: 0
[459.163s][info ][gc             ] GC(28575) Concurrent weak references 0.158ms
[459.163s][info ][gc,start       ] GC(28575) Concurrent weak roots
[459.163s][info ][gc,task        ] GC(28575) Using 4 of 8 workers for concurrent weak root
[459.163s][info ][gc             ] GC(28575) Concurrent weak roots 0.216ms
[459.163s][info ][gc,start       ] GC(28575) Concurrent cleanup
[459.164s][info ][gc             ] GC(28575) Concurrent cleanup 965M->917M(2048M) 0.099ms
[459.164s][info ][gc,ergo        ] GC(28575) Free: 191M, Max: 1024K regular, 61440K humongous, Frag: 69% external, 0% internal; Reserve: 103M, Max: 1024K
[459.164s][info ][gc,start       ] GC(28575) Concurrent class unloading
[459.164s][info ][gc,task        ] GC(28575) Using 4 of 8 workers for concurrent class unloading
[459.164s][debug][gc,phases,start] GC(28575) ClassLoaderData
[459.164s][debug][gc,phases      ] GC(28575) ClassLoaderData 0.009ms
[459.164s][debug][gc,phases,start] GC(28575) Trigger cleanups
[459.164s][debug][gc,phases      ] GC(28575) Trigger cleanups 0.005ms
[459.164s][info ][gc             ] GC(28575) Concurrent class unloading 0.377ms
[459.164s][info ][gc,start       ] GC(28575) Pause Final Roots
[459.164s][info ][gc             ] GC(28575) Pause Final Roots 0.016ms
[459.164s][debug][gc,ergo        ] GC(28575) Available: 191 MB, z-score=0.416. Average available: 183.7 MB +/- 19210.9 KB.
[459.164s][info ][gc,ergo        ] Free: 189M, Max: 1024K regular, 61440K humongous, Frag: 69% external, 0% internal; Reserve: 103M, Max: 1024K
[459.164s][info ][gc,stats       ] 
[459.164s][info ][gc,stats       ] All times are wall-clock times, except per-root-class counters, that are sum over
[459.164s][info ][gc,stats       ] all workers. Dividing the <total> over the root stage time estimates parallelism.
[459.164s][info ][gc,stats       ] 
[459.164s][info ][gc,stats       ] Concurrent Reset                   2132 us
[459.164s][info ][gc,stats       ] Pause Init Mark (G)                 408 us
[459.164s][info ][gc,stats       ] Pause Init Mark (N)                 167 us
[459.164s][info ][gc,stats       ]   Update Region States               98 us
[459.164s][info ][gc,stats       ] Concurrent Mark Roots               263 us, parallelism: 0.84x
[459.164s][info ][gc,stats       ]   CMR: <total>                      222 us
[459.164s][info ][gc,stats       ]   CMR: Thread Roots                 201 us, workers (us):  59,  51,  52,  39, ---, ---, ---, ---, 
[459.164s][info ][gc,stats       ]   CMR: VM Strong Roots                4 us, workers (us):   4,   0,   0,   0, ---, ---, ---, ---, 
[459.164s][info ][gc,stats       ]   CMR: CLDG Roots                    16 us, workers (us):  16,   1, ---, ---, ---, ---, ---, ---, 
[459.164s][info ][gc,stats       ] Concurrent Marking                  585 us
[459.164s][info ][gc,stats       ] Pause Final Mark (G)                757 us
[459.164s][info ][gc,stats       ] Pause Final Mark (N)                539 us
[459.164s][info ][gc,stats       ]   Finish Mark                       324 us
[459.164s][info ][gc,stats       ]   Update Region States              127 us
[459.164s][info ][gc,stats       ]   Choose Collection Set              47 us
[459.164s][info ][gc,stats       ]   Rebuild Free Set                   10 us
[459.164s][info ][gc,stats       ] Concurrent Weak References          165 us, parallelism: 0.02x
[459.164s][info ][gc,stats       ]   CWRF: <total>                       3 us
[459.164s][info ][gc,stats       ]   CWRF: Weak References               3 us, workers (us):   3,   0,   0,   0, ---, ---, ---, ---, 
[459.164s][info ][gc,stats       ] Concurrent Weak Roots               231 us
[459.164s][info ][gc,stats       ]   Roots                             111 us, parallelism: 0.56x
[459.164s][info ][gc,stats       ]     CWR: <total>                     63 us
[459.164s][info ][gc,stats       ]     CWR: Code Cache Roots            36 us, workers (us):  36,   0,   0,   0, ---, ---, ---, ---, 
[459.164s][info ][gc,stats       ]     CWR: VM Weak Roots               26 us, workers (us):  20,   6,   0,   0, ---, ---, ---, ---, 
[459.164s][info ][gc,stats       ]     CWR: CLDG Roots                   1 us, workers (us): ---,   1, ---, ---, ---, ---, ---, ---, 
[459.164s][info ][gc,stats       ]   Rendezvous                         90 us
[459.164s][info ][gc,stats       ] Concurrent Cleanup                  122 us
[459.164s][info ][gc,stats       ] Concurrent Class Unloading          391 us
[459.164s][info ][gc,stats       ]   Unlink Stale                      204 us
[459.164s][info ][gc,stats       ]     System Dictionary                26 us
[459.164s][info ][gc,stats       ]     Weak Class Links                  0 us
[459.164s][info ][gc,stats       ]     Code Roots                      178 us
[459.164s][info ][gc,stats       ]   Rendezvous                         55 us
[459.164s][info ][gc,stats       ]   Purge Unlinked                     82 us
[459.164s][info ][gc,stats       ]     Code Roots                       68 us
[459.164s][info ][gc,stats       ]     CLDG                             14 us
[459.164s][info ][gc,stats       ]     Exception Caches                  0 us
[459.164s][info ][gc,stats       ] Pause Final Roots (G)                85 us
[459.164s][info ][gc,stats       ] Pause Final Roots (N)                21 us
[459.164s][info ][gc,stats       ] Pacing                            12387 us
[459.164s][info ][gc,stats       ] 
[459.164s][info ][gc,stats       ] Allocation pacing accrued:
[459.164s][info ][gc,stats       ]       4 of     7 ms ( 60.9%): Thread-1
[459.164s][info ][gc,stats       ]       4 of     7 ms ( 61.8%): Thread-4
[459.164s][info ][gc,stats       ]       4 of     7 ms ( 60.9%): Thread-5
[459.164s][info ][gc,stats       ]      12 of     7 ms (183.7%): <total>
[459.164s][info ][gc,stats       ]       1 of     7 ms (  8.7%): <average total>
[459.164s][info ][gc,stats       ]       4 of     7 ms ( 61.2%): <average non-zero>
[459.164s][info ][gc,stats       ] 
[459.164s][info ][gc,metaspace   ] Metaspace: 253K(448K)->253K(448K) NonClass: 247K(320K)->247K(320K) Class: 5K(128K)->5K(128K)
[459.164s][info ][gc,ergo        ] Pacer for Idle. Initial: 41943K, Alloc Tax Rate: 1.0x
[459.166s][info ][gc             ] Trigger: Free (159M) is below minimum threshold (204M)
[459.166s][info ][gc,ergo        ] Free: 159M, Max: 1024K regular, 61440K humongous, Frag: 63% external, 0% internal; Reserve: 103M, Max: 1024K
[459.166s][info ][gc,start       ] GC(28576) Concurrent reset
[459.166s][info ][gc,task        ] GC(28576) Using 4 of 8 workers for concurrent reset
[459.166s][info ][gc,ergo        ] GC(28576) Pacer for Reset. Non-Taxable: 2048M
[459.168s][info ][gc             ] GC(28576) Concurrent reset 2.283ms
[459.169s][info ][gc,start       ] GC(28576) Pause Init Mark (unload classes)
[459.169s][info ][gc,task        ] GC(28576) Using 8 of 8 workers for init marking
[459.169s][info ][gc,ergo        ] GC(28576) Pacer for Mark. Expected Live: 930M, Free: 128M, Non-Taxable: 13156K, Alloc Tax Rate: 8.8x
[459.169s][info ][gc             ] GC(28576) Pause Init Mark (unload classes) 0.202ms
[459.169s][info ][gc,start       ] GC(28576) Concurrent marking roots
[459.169s][info ][gc,task        ] GC(28576) Using 4 of 8 workers for concurrent marking roots
[459.169s][info ][gc             ] GC(28576) Concurrent marking roots 0.197ms
[459.169s][info ][gc,start       ] GC(28576) Concurrent marking (unload classes)
[459.169s][info ][gc,task        ] GC(28576) Using 4 of 8 workers for concurrent marking
[459.170s][info ][gc             ] GC(28576) Concurrent marking (unload classes) 0.455ms
[459.170s][info ][gc,start       ] GC(28576) Pause Final Mark (unload classes)
[459.170s][info ][gc,task        ] GC(28576) Using 8 of 8 workers for final marking
[459.170s][info ][gc,ergo        ] GC(28576) Collectable Garbage: 41984K (100%), Immediate: 41984K (100%), CSet: 0B (0%)
[459.170s][info ][gc             ] GC(28576) Pause Final Mark (unload classes) 0.600ms
[459.170s][info ][gc,start       ] GC(28576) Concurrent weak references
[459.170s][info ][gc,task        ] GC(28576) Using 4 of 8 workers for concurrent weak references
[459.170s][info ][gc,ref         ] GC(28576) Encountered references: Soft: 7, Weak: 34, Final: 0, Phantom: 1
[459.171s][info ][gc,ref         ] GC(28576) Discovered  references: Soft: 0, Weak: 1, Final: 0, Phantom: 1
[459.171s][info ][gc,ref         ] GC(28576) Enqueued    references: Soft: 0, Weak: 0, Final: 0, Phantom: 0
[459.171s][info ][gc             ] GC(28576) Concurrent weak references 0.106ms
[459.171s][info ][gc,start       ] GC(28576) Concurrent weak roots
[459.171s][info ][gc,task        ] GC(28576) Using 4 of 8 workers for concurrent weak root
[459.171s][info ][gc             ] GC(28576) Concurrent weak roots 0.227ms
[459.171s][info ][gc,start       ] GC(28576) Concurrent cleanup
[459.171s][info ][gc             ] GC(28576) Concurrent cleanup 968M->927M(2048M) 0.107ms
[459.171s][info ][gc,ergo        ] GC(28576) Free: 171M, Max: 1024K regular, 13312K humongous, Frag: 93% external, 0% internal; Reserve: 103M, Max: 1024K
[459.171s][info ][gc,start       ] GC(28576) Concurrent class unloading
[459.171s][info ][gc,task        ] GC(28576) Using 4 of 8 workers for concurrent class unloading
[459.171s][debug][gc,phases,start] GC(28576) ClassLoaderData
[459.171s][debug][gc,phases      ] GC(28576) ClassLoaderData 0.006ms
[459.171s][debug][gc,phases,start] GC(28576) Trigger cleanups
[459.171s][debug][gc,phases      ] GC(28576) Trigger cleanups 0.004ms
[459.171s][info ][gc             ] GC(28576) Concurrent class unloading 0.441ms
[459.172s][info ][gc,start       ] GC(28576) Pause Final Roots
[459.172s][info ][gc             ] GC(28576) Pause Final Roots 0.052ms
[459.172s][debug][gc,ergo        ] GC(28576) Available: 157 MB, z-score=-1.152. Average available: 180.9 MB +/- 20796.0 KB.
[459.172s][info ][gc,ergo        ] Free: 155M, Max: 1024K regular, 13312K humongous, Frag: 92% external, 0% internal; Reserve: 103M, Max: 1024K
[459.172s][info ][gc,stats       ] 
[459.172s][info ][gc,stats       ] All times are wall-clock times, except per-root-class counters, that are sum over
[459.172s][info ][gc,stats       ] all workers. Dividing the <total> over the root stage time estimates parallelism.
[459.172s][info ][gc,stats       ] 
[459.172s][info ][gc,stats       ] Concurrent Reset                   2311 us
[459.172s][info ][gc,stats       ] Pause Init Mark (G)                1034 us
[459.172s][info ][gc,stats       ] Pause Init Mark (N)                 208 us
[459.172s][info ][gc,stats       ]   Update Region States              153 us
[459.172s][info ][gc,stats       ] Concurrent Mark Roots               222 us, parallelism: 0.82x
[459.172s][info ][gc,stats       ]   CMR: <total>                      181 us
[459.172s][info ][gc,stats       ]   CMR: Thread Roots                 151 us, workers (us):  51,  52,  48,   0, ---, ---, ---, ---, 
[459.172s][info ][gc,stats       ]   CMR: VM Strong Roots                4 us, workers (us):   3,   0,   0,   0, ---, ---, ---, ---, 
[459.172s][info ][gc,stats       ]   CMR: CLDG Roots                    26 us, workers (us):  25,   1, ---, ---, ---, ---, ---, ---, 
[459.172s][info ][gc,stats       ] Concurrent Marking                  471 us
[459.172s][info ][gc,stats       ] Pause Final Mark (G)                754 us
[459.172s][info ][gc,stats       ] Pause Final Mark (N)                605 us
[459.172s][info ][gc,stats       ]   Finish Mark                       415 us
[459.172s][info ][gc,stats       ]   Update Region States              102 us
[459.172s][info ][gc,stats       ]   Choose Collection Set              37 us
[459.172s][info ][gc,stats       ]   Rebuild Free Set                    8 us
[459.172s][info ][gc,stats       ] Concurrent Weak References          111 us, parallelism: 0.01x
[459.172s][info ][gc,stats       ]   CWRF: <total>                       2 us
[459.172s][info ][gc,stats       ]   CWRF: Weak References               2 us, workers (us):   1,   0,   0,   0, ---, ---, ---, ---, 
[459.172s][info ][gc,stats       ] Concurrent Weak Roots               244 us
[459.172s][info ][gc,stats       ]   Roots                             157 us, parallelism: 0.56x
[459.172s][info ][gc,stats       ]     CWR: <total>                     87 us
[459.172s][info ][gc,stats       ]     CWR: Code Cache Roots            59 us, workers (us):  59,   0,   0,   0, ---, ---, ---, ---, 
[459.172s][info ][gc,stats       ]     CWR: VM Weak Roots               27 us, workers (us):  18,   9,   0,   0, ---, ---, ---, ---, 
[459.172s][info ][gc,stats       ]     CWR: CLDG Roots                   1 us, workers (us): ---,   1, ---, ---, ---, ---, ---, ---, 
[459.172s][info ][gc,stats       ]   Rendezvous                         62 us
[459.172s][info ][gc,stats       ] Concurrent Cleanup                  123 us
[459.172s][info ][gc,stats       ] Concurrent Class Unloading          457 us
[459.172s][info ][gc,stats       ]   Unlink Stale                      235 us
[459.172s][info ][gc,stats       ]     System Dictionary                20 us
[459.172s][info ][gc,stats       ]     Weak Class Links                  0 us
[459.172s][info ][gc,stats       ]     Code Roots                      214 us
[459.172s][info ][gc,stats       ]   Rendezvous                         55 us
[459.172s][info ][gc,stats       ]   Purge Unlinked                    113 us
[459.172s][info ][gc,stats       ]     Code Roots                       95 us
[459.172s][info ][gc,stats       ]     CLDG                             18 us
[459.172s][info ][gc,stats       ]     Exception Caches                  0 us
[459.172s][info ][gc,stats       ] Pause Final Roots (G)               429 us
[459.172s][info ][gc,stats       ] Pause Final Roots (N)                59 us
[459.172s][info ][gc,stats       ] Pacing                             7260 us
[459.172s][info ][gc,stats       ] 
[459.172s][info ][gc,stats       ] Allocation pacing accrued:
[459.172s][info ][gc,stats       ]       7 of     8 ms ( 94.3%): Thread-9
[459.172s][info ][gc,stats       ]       7 of     8 ms ( 94.3%): <total>
[459.172s][info ][gc,stats       ]       0 of     8 ms (  4.5%): <average total>
[459.172s][info ][gc,stats       ]       7 of     8 ms ( 94.3%): <average non-zero>
[459.172s][info ][gc,stats       ] 
[459.172s][info ][gc,metaspace   ] Metaspace: 253K(448K)->253K(448K) NonClass: 247K(320K)->247K(320K) Class: 5K(128K)->5K(128K)
[459.172s][info ][gc,ergo        ] Pacer for Idle. Initial: 41943K, Alloc Tax Rate: 1.0x
[459.173s][info ][gc             ] Trigger: Free (139M) is below minimum threshold (204M)
[459.173s][info ][gc,ergo        ] Free: 139M, Max: 1024K regular, 13312K humongous, Frag: 91% external, 0% internal; Reserve: 103M, Max: 1024K
[459.173s][info ][gc,start       ] GC(28577) Concurrent reset
[459.173s][info ][gc,task        ] GC(28577) Using 4 of 8 workers for concurrent reset
[459.173s][info ][gc,ergo        ] GC(28577) Pacer for Reset. Non-Taxable: 2048M
[459.175s][info ][gc             ] GC(28577) Concurrent reset 2.011ms
[459.175s][info ][gc,start       ] GC(28577) Pause Init Mark (unload classes)
[459.175s][info ][gc,task        ] GC(28577) Using 8 of 8 workers for init marking
[459.176s][info ][gc,ergo        ] GC(28577) Pacer for Mark. Expected Live: 911M, Free: 115M, Non-Taxable: 11825K, Alloc Tax Rate: 9.6x
[459.176s][info ][gc             ] GC(28577) Pause Init Mark (unload classes) 0.148ms
[459.176s][info ][gc,start       ] GC(28577) Concurrent marking roots
[459.176s][info ][gc,task        ] GC(28577) Using 4 of 8 workers for concurrent marking roots
[459.176s][info ][gc             ] GC(28577) Concurrent marking roots 0.235ms
[459.176s][info ][gc,start       ] GC(28577) Concurrent marking (unload classes)
[459.176s][info ][gc,task        ] GC(28577) Using 4 of 8 workers for concurrent marking
[459.176s][info ][gc             ] GC(28577) Concurrent marking (unload classes) 0.494ms
[459.176s][info ][gc,start       ] GC(28577) Pause Final Mark (unload classes)
[459.176s][info ][gc,task        ] GC(28577) Using 8 of 8 workers for final marking
[459.177s][info ][gc,ergo        ] GC(28577) Collectable Garbage: 58368K (100%), Immediate: 58368K (100%), CSet: 0B (0%)
[459.177s][info ][gc             ] GC(28577) Pause Final Mark (unload classes) 0.453ms
[459.177s][info ][gc,start       ] GC(28577) Concurrent weak references
[459.177s][info ][gc,task        ] GC(28577) Using 4 of 8 workers for concurrent weak references
[459.177s][info ][gc,ref         ] GC(28577) Encountered references: Soft: 7, Weak: 34, Final: 0, Phantom: 1
[459.177s][info ][gc,ref         ] GC(28577) Discovered  references: Soft: 0, Weak: 1, Final: 0, Phantom: 1
[459.177s][info ][gc,ref         ] GC(28577) Enqueued    references: Soft: 0, Weak: 0, Final: 0, Phantom: 0
[459.177s][info ][gc             ] GC(28577) Concurrent weak references 0.185ms
[459.177s][info ][gc,start       ] GC(28577) Concurrent weak roots
[459.177s][info ][gc,task        ] GC(28577) Using 4 of 8 workers for concurrent weak root
[459.177s][info ][gc             ] GC(28577) Concurrent weak roots 0.207ms
[459.177s][info ][gc,start       ] GC(28577) Concurrent cleanup
[459.178s][info ][gc             ] GC(28577) Concurrent cleanup 968M->911M(2048M) 0.098ms
[459.178s][info ][gc,ergo        ] GC(28577) Free: 194M, Max: 1024K regular, 13312K humongous, Frag: 94% external, 0% internal; Reserve: 103M, Max: 1024K
[459.178s][info ][gc,start       ] GC(28577) Concurrent class unloading
[459.178s][info ][gc,task        ] GC(28577) Using 4 of 8 workers for concurrent class unloading
[459.178s][debug][gc,phases,start] GC(28577) ClassLoaderData
[459.178s][debug][gc,phases      ] GC(28577) ClassLoaderData 0.007ms
[459.178s][debug][gc,phases,start] GC(28577) Trigger cleanups
[459.178s][debug][gc,phases      ] GC(28577) Trigger cleanups 0.005ms
[459.178s][info ][gc             ] GC(28577) Concurrent class unloading 0.377ms
[459.178s][info ][gc,start       ] GC(28577) Pause Final Roots
[459.178s][info ][gc             ] GC(28577) Pause Final Roots 0.013ms
[459.178s][debug][gc,ergo        ] GC(28577) Available: 194 MB, z-score=0.837. Average available: 179.2 MB +/- 18725.8 KB.
[459.178s][info ][gc,ergo        ] Free: 194M, Max: 1024K regular, 13312K humongous, Frag: 94% external, 0% internal; Reserve: 103M, Max: 1024K
[459.178s][info ][gc,stats       ] 
[459.178s][info ][gc,stats       ] All times are wall-clock times, except per-root-class counters, that are sum over
[459.178s][info ][gc,stats       ] all workers. Dividing the <total> over the root stage time estimates parallelism.
[459.178s][info ][gc,stats       ] 
[459.178s][info ][gc,stats       ] Concurrent Reset                   2032 us
[459.178s][info ][gc,stats       ] Pause Init Mark (G)                 361 us
[459.178s][info ][gc,stats       ] Pause Init Mark (N)                 154 us
[459.178s][info ][gc,stats       ]   Update Region States              113 us
[459.178s][info ][gc,stats       ] Concurrent Mark Roots               256 us, parallelism: 1.05x
[459.178s][info ][gc,stats       ]   CMR: <total>                      269 us
[459.178s][info ][gc,stats       ]   CMR: Thread Roots                 245 us, workers (us):  61,  64,  60,  61, ---, ---, ---, ---, 
[459.178s][info ][gc,stats       ]   CMR: VM Strong Roots                4 us, workers (us):   3,   0,   1,   0, ---, ---, ---, ---, 
[459.178s][info ][gc,stats       ]   CMR: CLDG Roots                    19 us, workers (us):  18,   1, ---, ---, ---, ---, ---, ---, 
[459.178s][info ][gc,stats       ] Concurrent Marking                  508 us
[459.178s][info ][gc,stats       ] Pause Final Mark (G)                580 us
[459.178s][info ][gc,stats       ] Pause Final Mark (N)                458 us
[459.178s][info ][gc,stats       ]   Finish Mark                       251 us
[459.178s][info ][gc,stats       ]   Update Region States              132 us
[459.178s][info ][gc,stats       ]   Choose Collection Set              39 us
[459.178s][info ][gc,stats       ]   Rebuild Free Set                    7 us
[459.178s][info ][gc,stats       ] Concurrent Weak References          209 us, parallelism: 0.01x
[459.178s][info ][gc,stats       ]   CWRF: <total>                       2 us
[459.178s][info ][gc,stats       ]   CWRF: Weak References               2 us, workers (us):   2,   0,   0,   0, ---, ---, ---, ---, 
[459.178s][info ][gc,stats       ] Concurrent Weak Roots               219 us
[459.178s][info ][gc,stats       ]   Roots                             120 us, parallelism: 0.59x
[459.178s][info ][gc,stats       ]     CWR: <total>                     70 us
[459.178s][info ][gc,stats       ]     CWR: Code Cache Roots            39 us, workers (us):   0,  39,   0,   0, ---, ---, ---, ---, 
[459.178s][info ][gc,stats       ]     CWR: VM Weak Roots               30 us, workers (us):  26,   4,   0,   0, ---, ---, ---, ---, 
[459.178s][info ][gc,stats       ]     CWR: CLDG Roots                   1 us, workers (us):   1, ---, ---, ---, ---, ---, ---, ---, 
[459.178s][info ][gc,stats       ]   Rendezvous                         59 us
[459.178s][info ][gc,stats       ] Concurrent Cleanup                  104 us
[459.178s][info ][gc,stats       ] Concurrent Class Unloading          392 us
[459.178s][info ][gc,stats       ]   Unlink Stale                      238 us
[459.178s][info ][gc,stats       ]     System Dictionary                22 us
[459.178s][info ][gc,stats       ]     Weak Class Links                  0 us
[459.178s][info ][gc,stats       ]     Code Roots                      215 us
[459.178s][info ][gc,stats       ]   Rendezvous                         72 us
[459.178s][info ][gc,stats       ]   Purge Unlinked                     54 us
[459.178s][info ][gc,stats       ]     Code Roots                       51 us
[459.178s][info ][gc,stats       ]     CLDG                              3 us
[459.178s][info ][gc,stats       ]     Exception Caches                  0 us
[459.178s][info ][gc,stats       ] Pause Final Roots (G)                74 us
[459.178s][info ][gc,stats       ] Pause Final Roots (N)                18 us
[459.178s][info ][gc,stats       ] Pacing                            10569 us
[459.178s][info ][gc,stats       ] 
[459.178s][info ][gc,stats       ] Allocation pacing accrued:
[459.178s][info ][gc,stats       ]      11 of     6 ms (168.6%): Thread-0
[459.178s][info ][gc,stats       ]      11 of     6 ms (168.6%): <total>
[459.178s][info ][gc,stats       ]       1 of     6 ms (  8.0%): <average total>
[459.178s][info ][gc,stats       ]      11 of     6 ms (168.6%): <average non-zero>
[459.178s][info ][gc,stats       ] 
[459.178s][info ][gc,metaspace   ] Metaspace: 253K(448K)->253K(448K) NonClass: 247K(320K)->247K(320K) Class: 5K(128K)->5K(128K)
[459.178s][info ][gc,ergo        ] Pacer for Idle. Initial: 41943K, Alloc Tax Rate: 1.0x
[459.180s][info ][gc             ] Trigger: Free (164M) is below minimum threshold (204M)
[459.180s][info ][gc,ergo        ] Free: 160M, Max: 1024K regular, 13312K humongous, Frag: 92% external, 0% internal; Reserve: 103M, Max: 1024K
[459.180s][info ][gc,start       ] GC(28578) Concurrent reset
[459.180s][info ][gc,task        ] GC(28578) Using 4 of 8 workers for concurrent reset
[459.180s][info ][gc,ergo        ] GC(28578) Pacer for Reset. Non-Taxable: 2048M
[459.182s][info ][gc             ] GC(28578) Concurrent reset 1.917ms
[459.182s][info ][gc,start       ] GC(28578) Pause Init Mark (unload classes)
[459.182s][info ][gc,task        ] GC(28578) Using 8 of 8 workers for init marking
[459.182s][info ][gc,ergo        ] GC(28578) Pacer for Mark. Expected Live: 904M, Free: 125M, Non-Taxable: 12849K, Alloc Tax Rate: 8.8x
[459.182s][info ][gc             ] GC(28578) Pause Init Mark (unload classes) 0.145ms
[459.182s][info ][gc,start       ] GC(28578) Concurrent marking roots
[459.182s][info ][gc,task        ] GC(28578) Using 4 of 8 workers for concurrent marking roots
[459.182s][info ][gc             ] GC(28578) Concurrent marking roots 0.270ms
[459.183s][info ][gc,start       ] GC(28578) Concurrent marking (unload classes)
[459.183s][info ][gc,task        ] GC(28578) Using 4 of 8 workers for concurrent marking
[459.183s][info ][gc             ] GC(28578) Concurrent marking (unload classes) 0.575ms
[459.183s][info ][gc,start       ] GC(28578) Pause Final Mark (unload classes)
[459.183s][info ][gc,task        ] GC(28578) Using 8 of 8 workers for final marking
[459.184s][info ][gc,ergo        ] GC(28578) Collectable Garbage: 32768K (100%), Immediate: 32768K (100%), CSet: 0B (0%)
[459.184s][info ][gc             ] GC(28578) Pause Final Mark (unload classes) 0.538ms
[459.184s][info ][gc,start       ] GC(28578) Concurrent weak references
[459.184s][info ][gc,task        ] GC(28578) Using 4 of 8 workers for concurrent weak references
[459.184s][info ][gc,ref         ] GC(28578) Encountered references: Soft: 7, Weak: 34, Final: 0, Phantom: 1
[459.184s][info ][gc,ref         ] GC(28578) Discovered  references: Soft: 0, Weak: 1, Final: 0, Phantom: 1
[459.184s][info ][gc,ref         ] GC(28578) Enqueued    references: Soft: 0, Weak: 0, Final: 0, Phantom: 0
[459.184s][info ][gc             ] GC(28578) Concurrent weak references 0.109ms
[459.184s][info ][gc,start       ] GC(28578) Concurrent weak roots
[459.184s][info ][gc,task        ] GC(28578) Using 4 of 8 workers for concurrent weak root
[459.184s][info ][gc             ] GC(28578) Concurrent weak roots 0.190ms
[459.184s][info ][gc,start       ] GC(28578) Concurrent cleanup
[459.184s][info ][gc             ] GC(28578) Concurrent cleanup 964M->932M(2048M) 0.091ms
[459.184s][info ][gc,ergo        ] GC(28578) Free: 161M, Max: 1024K regular, 10240K humongous, Frag: 94% external, 0% internal; Reserve: 103M, Max: 1024K
[459.184s][info ][gc,start       ] GC(28578) Concurrent class unloading
[459.184s][info ][gc,task        ] GC(28578) Using 4 of 8 workers for concurrent class unloading
[459.184s][debug][gc,phases,start] GC(28578) ClassLoaderData
[459.184s][debug][gc,phases      ] GC(28578) ClassLoaderData 0.005ms
[459.184s][debug][gc,phases,start] GC(28578) Trigger cleanups
[459.184s][debug][gc,phases      ] GC(28578) Trigger cleanups 0.003ms
[459.185s][info ][gc             ] GC(28578) Concurrent class unloading 0.425ms
[459.185s][info ][gc,start       ] GC(28578) Pause Final Roots
[459.185s][info ][gc             ] GC(28578) Pause Final Roots 0.016ms
[459.185s][debug][gc,ergo        ] GC(28578) Available: 161 MB, z-score=-0.800. Average available: 176.4 MB +/- 19083.0 KB.
[459.185s][info ][gc,ergo        ] Free: 161M, Max: 1024K regular, 10240K humongous, Frag: 94% external, 0% internal; Reserve: 103M, Max: 1024K
[459.185s][info ][gc,stats       ] 
[459.185s][info ][gc,stats       ] All times are wall-clock times, except per-root-class counters, that are sum over
[459.185s][info ][gc,stats       ] all workers. Dividing the <total> over the root stage time estimates parallelism.
[459.185s][info ][gc,stats       ] 
[459.185s][info ][gc,stats       ] Concurrent Reset                   1935 us
[459.185s][info ][gc,stats       ] Pause Init Mark (G)                 677 us
[459.185s][info ][gc,stats       ] Pause Init Mark (N)                 151 us
[459.185s][info ][gc,stats       ]   Update Region States              105 us
[459.185s][info ][gc,stats       ] Concurrent Mark Roots               301 us, parallelism: 1.35x
[459.185s][info ][gc,stats       ]   CMR: <total>                      405 us
[459.185s][info ][gc,stats       ]   CMR: Thread Roots                 370 us, workers (us): 115, 103,  69,  82, ---, ---, ---, ---, 
[459.185s][info ][gc,stats       ]   CMR: VM Strong Roots                6 us, workers (us):   5,   0,   0,   1, ---, ---, ---, ---, 
[459.185s][info ][gc,stats       ]   CMR: CLDG Roots                    29 us, workers (us):  29,   1, ---, ---, ---, ---, ---, ---, 
[459.185s][info ][gc,stats       ] Concurrent Marking                  590 us
[459.185s][info ][gc,stats       ] Pause Final Mark (G)                705 us
[459.185s][info ][gc,stats       ] Pause Final Mark (N)                545 us
[459.185s][info ][gc,stats       ]   Finish Mark                       340 us
[459.185s][info ][gc,stats       ]   Update Region States              120 us
[459.185s][info ][gc,stats       ]   Choose Collection Set              42 us
[459.185s][info ][gc,stats       ]   Rebuild Free Set                   11 us
[459.185s][info ][gc,stats       ] Concurrent Weak References          132 us, parallelism: 0.02x
[459.185s][info ][gc,stats       ]   CWRF: <total>                       3 us
[459.185s][info ][gc,stats       ]   CWRF: Weak References               3 us, workers (us):   3,   0,   0,   0, ---, ---, ---, ---, 
[459.185s][info ][gc,stats       ] Concurrent Weak Roots               205 us
[459.185s][info ][gc,stats       ]   Roots                              96 us, parallelism: 0.61x
[459.185s][info ][gc,stats       ]     CWR: <total>                     58 us
[459.185s][info ][gc,stats       ]     CWR: Code Cache Roots            39 us, workers (us):  39,   0,   0,   0, ---, ---, ---, ---, 
[459.185s][info ][gc,stats       ]     CWR: VM Weak Roots               18 us, workers (us):  17,   1,   0,   1, ---, ---, ---, ---, 
[459.185s][info ][gc,stats       ]     CWR: CLDG Roots                   1 us, workers (us):   1, ---, ---, ---, ---, ---, ---, ---, 
[459.185s][info ][gc,stats       ]   Rendezvous                         84 us
[459.185s][info ][gc,stats       ] Concurrent Cleanup                   95 us
[459.185s][info ][gc,stats       ] Concurrent Class Unloading          441 us
[459.185s][info ][gc,stats       ]   Unlink Stale                      243 us
[459.185s][info ][gc,stats       ]     System Dictionary                15 us
[459.185s][info ][gc,stats       ]     Weak Class Links                  0 us
[459.185s][info ][gc,stats       ]     Code Roots                      228 us
[459.185s][info ][gc,stats       ]   Rendezvous                         63 us
[459.185s][info ][gc,stats       ]   Purge Unlinked                    109 us
[459.185s][info ][gc,stats       ]     Code Roots                       93 us
[459.185s][info ][gc,stats       ]     CLDG                             16 us
[459.185s][info ][gc,stats       ]     Exception Caches                  0 us
[459.185s][info ][gc,stats       ] Pause Final Roots (G)                79 us
[459.185s][info ][gc,stats       ] Pause Final Roots (N)                22 us
[459.185s][info ][gc,stats       ] Pacing                            15582 us
[459.185s][info ][gc,stats       ] 
[459.185s][info ][gc,stats       ] Allocation pacing accrued:
[459.185s][info ][gc,stats       ]       3 of     7 ms ( 42.4%): Thread-0
[459.185s][info ][gc,stats       ]      10 of     7 ms (144.9%): Thread-4
[459.185s][info ][gc,stats       ]       3 of     7 ms ( 43.3%): Thread-6
[459.185s][info ][gc,stats       ]      16 of     7 ms (230.6%): <total>
[459.185s][info ][gc,stats       ]       1 of     7 ms ( 11.0%): <average total>
[459.185s][info ][gc,stats       ]       5 of     7 ms ( 76.9%): <average non-zero>
[459.185s][info ][gc,stats       ] 
[459.185s][info ][gc,metaspace   ] Metaspace: 253K(448K)->253K(448K) NonClass: 247K(320K)->247K(320K) Class: 5K(128K)->5K(128K)
[459.185s][info ][gc,ergo        ] Pacer for Idle. Initial: 41943K, Alloc Tax Rate: 1.0x
[459.186s][info ][gc             ] Trigger: Free (137M) is below minimum threshold (204M)
[459.186s][info ][gc,ergo        ] Free: 135M, Max: 1024K regular, 10240K humongous, Frag: 93% external, 0% internal; Reserve: 103M, Max: 1024K
[459.186s][info ][gc,start       ] GC(28579) Concurrent reset
[459.186s][info ][gc,task        ] GC(28579) Using 4 of 8 workers for concurrent reset
[459.186s][info ][gc,ergo        ] GC(28579) Pacer for Reset. Non-Taxable: 2048M
[459.188s][info ][gc             ] GC(28579) Concurrent reset 2.022ms
[459.188s][info ][gc,start       ] GC(28579) Pause Init Mark (unload classes)
[459.188s][info ][gc,task        ] GC(28579) Using 8 of 8 workers for init marking
[459.189s][info ][gc,ergo        ] GC(28579) Pacer for Mark. Expected Live: 908M, Free: 119M, Non-Taxable: 12235K, Alloc Tax Rate: 9.3x
[459.189s][info ][gc             ] GC(28579) Pause Init Mark (unload classes) 0.150ms
[459.189s][info ][gc,start       ] GC(28579) Concurrent marking roots
[459.189s][info ][gc,task        ] GC(28579) Using 4 of 8 workers for concurrent marking roots
[459.189s][info ][gc             ] GC(28579) Concurrent marking roots 0.267ms
[459.189s][info ][gc,start       ] GC(28579) Concurrent marking (unload classes)
[459.189s][info ][gc,task        ] GC(28579) Using 4 of 8 workers for concurrent marking
[459.190s][info ][gc             ] GC(28579) Concurrent marking (unload classes) 0.552ms
[459.190s][info ][gc,start       ] GC(28579) Pause Final Mark (unload classes)
[459.190s][info ][gc,task        ] GC(28579) Using 8 of 8 workers for final marking
[459.190s][info ][gc,ergo        ] GC(28579) Collectable Garbage: 58368K (100%), Immediate: 58368K (100%), CSet: 0B (0%)
[459.190s][info ][gc             ] GC(28579) Pause Final Mark (unload classes) 0.592ms
[459.190s][info ][gc,start       ] GC(28579) Concurrent weak references
[459.190s][info ][gc,task        ] GC(28579) Using 4 of 8 workers for concurrent weak references
[459.191s][info ][gc,ref         ] GC(28579) Encountered references: Soft: 7, Weak: 34, Final: 0, Phantom: 1
[459.191s][info ][gc,ref         ] GC(28579) Discovered  references: Soft: 0, Weak: 1, Final: 0, Phantom: 1
[459.191s][info ][gc,ref         ] GC(28579) Enqueued    references: Soft: 0, Weak: 0, Final: 0, Phantom: 0
[459.191s][info ][gc             ] GC(28579) Concurrent weak references 0.163ms
[459.191s][info ][gc,start       ] GC(28579) Concurrent weak roots
[459.191s][info ][gc,task        ] GC(28579) Using 4 of 8 workers for concurrent weak root
[459.191s][info ][gc             ] GC(28579) Concurrent weak roots 0.162ms
[459.191s][info ][gc,start       ] GC(28579) Concurrent cleanup
[459.191s][info ][gc             ] GC(28579) Concurrent cleanup 971M->914M(2048M) 0.099ms
[459.191s][info ][gc,ergo        ] GC(28579) Free: 188M, Max: 1024K regular, 11264K humongous, Frag: 95% external, 0% internal; Reserve: 103M, Max: 1024K
[459.191s][info ][gc,start       ] GC(28579) Concurrent class unloading
[459.191s][info ][gc,task        ] GC(28579) Using 4 of 8 workers for concurrent class unloading
[459.191s][debug][gc,phases,start] GC(28579) ClassLoaderData
[459.191s][debug][gc,phases      ] GC(28579) ClassLoaderData 0.006ms
[459.191s][debug][gc,phases,start] GC(28579) Trigger cleanups
[459.191s][debug][gc,phases      ] GC(28579) Trigger cleanups 0.005ms
[459.191s][info ][gc             ] GC(28579) Concurrent class unloading 0.304ms
[459.191s][info ][gc,start       ] GC(28579) Pause Final Roots
[459.191s][info ][gc             ] GC(28579) Pause Final Roots 0.013ms
[459.191s][debug][gc,ergo        ] GC(28579) Available: 188 MB, z-score=0.539. Average available: 178.4 MB +/- 19203.5 KB.
[459.191s][info ][gc,ergo        ] Free: 188M, Max: 1024K regular, 11264K humongous, Frag: 95% external, 0% internal; Reserve: 103M, Max: 1024K
[459.191s][info ][gc,stats       ] 
[459.191s][info ][gc,stats       ] All times are wall-clock times, except per-root-class counters, that are sum over
[459.191s][info ][gc,stats       ] all workers. Dividing the <total> over the root stage time estimates parallelism.
[459.191s][info ][gc,stats       ] 
[459.191s][info ][gc,stats       ] Concurrent Reset                   2039 us
[459.191s][info ][gc,stats       ] Pause Init Mark (G)                 289 us
[459.191s][info ][gc,stats       ] Pause Init Mark (N)                 156 us
[459.191s][info ][gc,stats       ]   Update Region States              111 us
[459.191s][info ][gc,stats       ] Concurrent Mark Roots               312 us, parallelism: 0.80x
[459.191s][info ][gc,stats       ]   CMR: <total>                      249 us
[459.191s][info ][gc,stats       ]   CMR: Thread Roots                 230 us, workers (us):  67,  62,  52,  47, ---, ---, ---, ---, 
[459.191s][info ][gc,stats       ]   CMR: VM Strong Roots                3 us, workers (us):   2,   0,   0,   0, ---, ---, ---, ---, 
[459.191s][info ][gc,stats       ]   CMR: CLDG Roots                    16 us, workers (us):  15,   1, ---, ---, ---, ---, ---, ---, 
[459.191s][info ][gc,stats       ] Concurrent Marking                  567 us
[459.191s][info ][gc,stats       ] Pause Final Mark (G)                832 us
[459.191s][info ][gc,stats       ] Pause Final Mark (N)                598 us
[459.191s][info ][gc,stats       ]   Finish Mark                       376 us
[459.191s][info ][gc,stats       ]   Update Region States              126 us
[459.191s][info ][gc,stats       ]   Choose Collection Set              56 us
[459.191s][info ][gc,stats       ]   Rebuild Free Set                   10 us
[459.191s][info ][gc,stats       ] Concurrent Weak References          168 us, parallelism: 0.06x
[459.191s][info ][gc,stats       ]   CWRF: <total>                      10 us
[459.191s][info ][gc,stats       ]   CWRF: Weak References              10 us, workers (us):   1,   0,   0,   9, ---, ---, ---, ---, 
[459.191s][info ][gc,stats       ] Concurrent Weak Roots               176 us
[459.191s][info ][gc,stats       ]   Roots                              94 us, parallelism: 0.51x
[459.191s][info ][gc,stats       ]     CWR: <total>                     48 us
[459.191s][info ][gc,stats       ]     CWR: Code Cache Roots            27 us, workers (us):   0,  27,   0,   0, ---, ---, ---, ---, 
[459.191s][info ][gc,stats       ]     CWR: VM Weak Roots               20 us, workers (us):  14,   6,   0,   0, ---, ---, ---, ---, 
[459.191s][info ][gc,stats       ]     CWR: CLDG Roots                   1 us, workers (us):   1, ---, ---, ---, ---, ---, ---, ---, 
[459.191s][info ][gc,stats       ]   Rendezvous                         58 us
[459.191s][info ][gc,stats       ] Concurrent Cleanup                  105 us
[459.191s][info ][gc,stats       ] Concurrent Class Unloading          313 us
[459.191s][info ][gc,stats       ]   Unlink Stale                      179 us
[459.191s][info ][gc,stats       ]     System Dictionary                21 us
[459.191s][info ][gc,stats       ]     Weak Class Links                  0 us
[459.191s][info ][gc,stats       ]     Code Roots                      157 us
[459.191s][info ][gc,stats       ]   Rendezvous                         53 us
[459.191s][info ][gc,stats       ]   Purge Unlinked                     61 us
[459.191s][info ][gc,stats       ]     Code Roots                       47 us
[459.191s][info ][gc,stats       ]     CLDG                             13 us
[459.191s][info ][gc,stats       ]     Exception Caches                  0 us
[459.192s][info ][gc,stats       ] Pause Final Roots (G)                65 us
[459.192s][info ][gc,stats       ] Pause Final Roots (N)                17 us
[459.192s][info ][gc,stats       ] Pacing                            19678 us
[459.192s][info ][gc,stats       ] 
[459.192s][info ][gc,stats       ] Allocation pacing accrued:
[459.192s][info ][gc,stats       ]       6 of     6 ms ( 99.9%): Thread-0
[459.192s][info ][gc,stats       ]       7 of     6 ms (103.9%): Thread-8
[459.192s][info ][gc,stats       ]       7 of     6 ms (101.3%): Thread-9
[459.192s][info ][gc,stats       ]      20 of     6 ms (305.0%): <total>
[459.192s][info ][gc,stats       ]       1 of     6 ms ( 14.5%): <average total>
[459.192s][info ][gc,stats       ]       7 of     6 ms (101.7%): <average non-zero>
[459.192s][info ][gc,stats       ] 
[459.192s][info ][gc,metaspace   ] Metaspace: 253K(448K)->253K(448K) NonClass: 247K(320K)->247K(320K) Class: 5K(128K)->5K(128K)
[459.192s][info ][gc,ergo        ] Pacer for Idle. Initial: 41943K, Alloc Tax Rate: 1.0x
[459.193s][info ][gc             ] Trigger: Free (164M) is below minimum threshold (204M)
[459.193s][info ][gc,ergo        ] Free: 162M, Max: 1024K regular, 11264K humongous, Frag: 94% external, 0% internal; Reserve: 103M, Max: 1024K
[459.193s][info ][gc,start       ] GC(28580) Concurrent reset
[459.193s][info ][gc,task        ] GC(28580) Using 4 of 8 workers for concurrent reset
[459.193s][info ][gc,ergo        ] GC(28580) Pacer for Reset. Non-Taxable: 2048M
[459.195s][info ][gc             ] GC(28580) Concurrent reset 2.084ms
[459.195s][info ][gc,start       ] GC(28580) Pause Init Mark (unload classes)
[459.195s][info ][gc,task        ] GC(28580) Using 8 of 8 workers for init marking
[459.195s][info ][gc,ergo        ] GC(28580) Pacer for Mark. Expected Live: 905M, Free: 123M, Non-Taxable: 12644K, Alloc Tax Rate: 9.0x
[459.195s][info ][gc             ] GC(28580) Pause Init Mark (unload classes) 0.133ms
[459.195s][info ][gc,start       ] GC(28580) Concurrent marking roots
[459.195s][info ][gc,task        ] GC(28580) Using 4 of 8 workers for concurrent marking roots
[459.196s][info ][gc             ] GC(28580) Concurrent marking roots 0.182ms
[459.196s][info ][gc,start       ] GC(28580) Concurrent marking (unload classes)
[459.196s][info ][gc,task        ] GC(28580) Using 4 of 8 workers for concurrent marking
[459.196s][info ][gc             ] GC(28580) Concurrent marking (unload classes) 0.524ms
[459.196s][info ][gc,start       ] GC(28580) Pause Final Mark (unload classes)
[459.196s][info ][gc,task        ] GC(28580) Using 8 of 8 workers for final marking
[459.197s][info ][gc,ergo        ] GC(28580) Collectable Garbage: 41984K (100%), Immediate: 41984K (100%), CSet: 0B (0%)
[459.197s][info ][gc             ] GC(28580) Pause Final Mark (unload classes) 0.479ms
[459.197s][info ][gc,start       ] GC(28580) Concurrent weak references
[459.197s][info ][gc,task        ] GC(28580) Using 4 of 8 workers for concurrent weak references
[459.197s][info ][gc,ref         ] GC(28580) Encountered references: Soft: 7, Weak: 34, Final: 0, Phantom: 1
[459.197s][info ][gc,ref         ] GC(28580) Discovered  references: Soft: 0, Weak: 1, Final: 0, Phantom: 1
[459.197s][info ][gc,ref         ] GC(28580) Enqueued    references: Soft: 0, Weak: 0, Final: 0, Phantom: 0
[459.197s][info ][gc             ] GC(28580) Concurrent weak references 0.149ms
[459.197s][info ][gc,start       ] GC(28580) Concurrent weak roots
[459.197s][info ][gc,task        ] GC(28580) Using 4 of 8 workers for concurrent weak root
[459.197s][info ][gc             ] GC(28580) Concurrent weak roots 0.212ms
[459.197s][info ][gc,start       ] GC(28580) Concurrent cleanup
[459.197s][info ][gc             ] GC(28580) Concurrent cleanup 965M->924M(2048M) 0.093ms
[459.197s][info ][gc,ergo        ] GC(28580) Free: 168M, Max: 1024K regular, 16384K humongous, Frag: 91% external, 0% internal; Reserve: 103M, Max: 1024K
[459.197s][info ][gc,start       ] GC(28580) Concurrent class unloading
[459.197s][info ][gc,task        ] GC(28580) Using 4 of 8 workers for concurrent class unloading
[459.197s][debug][gc,phases,start] GC(28580) ClassLoaderData
[459.197s][debug][gc,phases      ] GC(28580) ClassLoaderData 0.006ms
[459.197s][debug][gc,phases,start] GC(28580) Trigger cleanups
[459.197s][debug][gc,phases      ] GC(28580) Trigger cleanups 0.004ms
[459.198s][info ][gc             ] GC(28580) Concurrent class unloading 0.311ms
[459.198s][info ][gc,start       ] GC(28580) Pause Final Roots
[459.198s][info ][gc             ] GC(28580) Pause Final Roots 0.034ms
[459.198s][debug][gc,ergo        ] GC(28580) Available: 168 MB, z-score=-0.490. Average available: 177.8 MB +/- 19418.5 KB.
[459.198s][info ][gc,ergo        ] Free: 168M, Max: 1024K regular, 16384K humongous, Frag: 91% external, 0% internal; Reserve: 103M, Max: 1024K
[459.198s][info ][gc,stats       ] 
[459.198s][info ][gc,stats       ] All times are wall-clock times, except per-root-class counters, that are sum over
[459.198s][info ][gc,stats       ] all workers. Dividing the <total> over the root stage time estimates parallelism.
[459.198s][info ][gc,stats       ] 
[459.198s][info ][gc,stats       ] Concurrent Reset                   2104 us
[459.198s][info ][gc,stats       ] Pause Init Mark (G)                 600 us
[459.198s][info ][gc,stats       ] Pause Init Mark (N)                 139 us
[459.198s][info ][gc,stats       ]   Update Region States               99 us
[459.198s][info ][gc,stats       ] Concurrent Mark Roots               190 us, parallelism: 1.20x
[459.198s][info ][gc,stats       ]   CMR: <total>                      229 us
[459.198s][info ][gc,stats       ]   CMR: Thread Roots                 204 us, workers (us):  66,  76,  63,   0, ---, ---, ---, ---, 
[459.198s][info ][gc,stats       ]   CMR: VM Strong Roots                3 us, workers (us):   3,   0,   0,   0, ---, ---, ---, ---, 
[459.198s][info ][gc,stats       ]   CMR: CLDG Roots                    22 us, workers (us):  21,   1, ---, ---, ---, ---, ---, ---, 
[459.198s][info ][gc,stats       ] Concurrent Marking                  539 us
[459.198s][info ][gc,stats       ] Pause Final Mark (G)                581 us
[459.198s][info ][gc,stats       ] Pause Final Mark (N)                493 us
[459.198s][info ][gc,stats       ]   Finish Mark                       306 us
[459.198s][info ][gc,stats       ]   Update Region States              107 us
[459.198s][info ][gc,stats       ]   Choose Collection Set              38 us
[459.198s][info ][gc,stats       ]   Rebuild Free Set                    8 us
[459.198s][info ][gc,stats       ] Concurrent Weak References          166 us, parallelism: 0.02x
[459.198s][info ][gc,stats       ]   CWRF: <total>                       3 us
[459.198s][info ][gc,stats       ]   CWRF: Weak References               3 us, workers (us):   2,   0,   0,   0, ---, ---, ---, ---, 
[459.198s][info ][gc,stats       ] Concurrent Weak Roots               226 us
[459.198s][info ][gc,stats       ]   Roots                             130 us, parallelism: 0.63x
[459.198s][info ][gc,stats       ]     CWR: <total>                     82 us
[459.198s][info ][gc,stats       ]     CWR: Code Cache Roots            57 us, workers (us):  56,   0,   0,   0, ---, ---, ---, ---, 
[459.198s][info ][gc,stats       ]     CWR: VM Weak Roots               24 us, workers (us):  16,   8,   0,   0, ---, ---, ---, ---, 
[459.198s][info ][gc,stats       ]     CWR: CLDG Roots                   2 us, workers (us): ---,   2, ---, ---, ---, ---, ---, ---, 
[459.198s][info ][gc,stats       ]   Rendezvous                         73 us
[459.198s][info ][gc,stats       ] Concurrent Cleanup                   98 us
[459.198s][info ][gc,stats       ] Concurrent Class Unloading          324 us
[459.198s][info ][gc,stats       ]   Unlink Stale                      174 us
[459.198s][info ][gc,stats       ]     System Dictionary                20 us
[459.198s][info ][gc,stats       ]     Weak Class Links                  0 us
[459.198s][info ][gc,stats       ]     Code Roots                      153 us
[459.198s][info ][gc,stats       ]   Rendezvous                         46 us
[459.198s][info ][gc,stats       ]   Purge Unlinked                     80 us
[459.198s][info ][gc,stats       ]     Code Roots                       65 us
[459.198s][info ][gc,stats       ]     CLDG                             14 us
[459.198s][info ][gc,stats       ]     Exception Caches                  0 us
[459.198s][info ][gc,stats       ] Pause Final Roots (G)               149 us
[459.198s][info ][gc,stats       ] Pause Final Roots (N)                40 us
[459.198s][info ][gc,stats       ] 
[459.198s][info ][gc,stats       ] Allocation pacing accrued:
[459.198s][info ][gc,stats       ]       0 of     7 ms (  0.0%): <total>
[459.198s][info ][gc,stats       ]       0 of     7 ms (  0.0%): <average total>
[459.198s][info ][gc,stats       ] 
[459.198s][info ][gc,metaspace   ] Metaspace: 253K(448K)->253K(448K) NonClass: 247K(320K)->247K(320K) Class: 5K(128K)->5K(128K)
[459.198s][info ][gc,ergo        ] Pacer for Idle. Initial: 41943K, Alloc Tax Rate: 1.0x
[459.199s][info ][gc             ] Trigger: Free (146M) is below minimum threshold (204M)
[459.199s][info ][gc,ergo        ] Free: 144M, Max: 1024K regular, 16384K humongous, Frag: 89% external, 0% internal; Reserve: 103M, Max: 1024K
[459.199s][info ][gc,start       ] GC(28581) Concurrent reset
[459.199s][info ][gc,task        ] GC(28581) Using 4 of 8 workers for concurrent reset
[459.199s][info ][gc,ergo        ] GC(28581) Pacer for Reset. Non-Taxable: 2048M
[459.202s][info ][gc             ] GC(28581) Concurrent reset 2.372ms
[459.202s][info ][gc,start       ] GC(28581) Pause Init Mark (unload classes)
[459.202s][info ][gc,task        ] GC(28581) Using 8 of 8 workers for init marking
[459.202s][info ][gc,ergo        ] GC(28581) Pacer for Mark. Expected Live: 907M, Free: 112M, Non-Taxable: 11518K, Alloc Tax Rate: 9.9x
[459.202s][info ][gc             ] GC(28581) Pause Init Mark (unload classes) 0.268ms
[459.202s][info ][gc,start       ] GC(28581) Concurrent marking roots
[459.202s][info ][gc,task        ] GC(28581) Using 4 of 8 workers for concurrent marking roots
[459.202s][info ][gc             ] GC(28581) Concurrent marking roots 0.250ms
[459.202s][info ][gc,start       ] GC(28581) Concurrent marking (unload classes)
[459.202s][info ][gc,task        ] GC(28581) Using 4 of 8 workers for concurrent marking
[459.203s][info ][gc             ] GC(28581) Concurrent marking (unload classes) 0.456ms
[459.203s][info ][gc,start       ] GC(28581) Pause Final Mark (unload classes)
[459.203s][info ][gc,task        ] GC(28581) Using 8 of 8 workers for final marking
[459.203s][info ][gc,ergo        ] GC(28581) Collectable Garbage: 49152K (100%), Immediate: 49152K (100%), CSet: 0B (0%)
[459.203s][info ][gc             ] GC(28581) Pause Final Mark (unload classes) 0.462ms
[459.203s][info ][gc,start       ] GC(28581) Concurrent weak references
[459.203s][info ][gc,task        ] GC(28581) Using 4 of 8 workers for concurrent weak references
[459.203s][info ][gc,ref         ] GC(28581) Encountered references: Soft: 7, Weak: 34, Final: 0, Phantom: 1
[459.203s][info ][gc,ref         ] GC(28581) Discovered  references: Soft: 0, Weak: 0, Final: 0, Phantom: 1
[459.203s][info ][gc,ref         ] GC(28581) Enqueued    references: Soft: 0, Weak: 0, Final: 0, Phantom: 0
[459.203s][info ][gc             ] GC(28581) Concurrent weak references 0.095ms
[459.203s][info ][gc,start       ] GC(28581) Concurrent weak roots
[459.203s][info ][gc,task        ] GC(28581) Using 4 of 8 workers for concurrent weak root
[459.204s][info ][gc             ] GC(28581) Concurrent weak roots 0.284ms
[459.204s][info ][gc,start       ] GC(28581) Concurrent cleanup
[459.204s][info ][gc             ] GC(28581) Concurrent cleanup 965M->917M(2048M) 0.095ms
[459.204s][info ][gc,ergo        ] GC(28581) Free: 182M, Max: 1024K regular, 16384K humongous, Frag: 92% external, 0% internal; Reserve: 103M, Max: 1024K
